159.53.110.142 - - [17/Mar/2012:18:28:54 -0700] "GET /r/oat HTTP/1.1" 301 255 "http://ta.wikipedia.org/wiki/%E0%AE%A8%E0%AF%87%E0%AE%B0%E0%AE%BF%E0%AE%AF%E0%AE%B2%E0%AF%8D_%E0%AE%87%E0%AE%AF%E0%AE%B1%E0%AF%8D%E0%AE%95%E0%AE%A3%E0%AE%BF%E0%AE%A4%E0%AE%AE%E0%AF%8D" "Mozilla/4.0 (compatible; MSIE 8.0; Windows NT 5.1; Trident/4.0; InfoPath.2; .NET CLR 1.0.3705; .NET CLR 2.0.50727; .NET CLR 3.0.4506.2152; .NET CLR 3.5.30729; .NET CLR 1.1.4322; .NET4.0C; .NET4.0E; MS-RTC LM 8; NET_mmhpset)"
8.28.16.254 - - [17/Mar/2012:18:28:55 -0700] "GET /s/ta/oat HTTP/1.1" 301 255 "-" "Mozilla/4.0 (compatible; MSIE 7.0; Windows NT 5.1; InfoPath.1; .NET CLR 2.0.50727; .NET CLR 1.1.4322; MS-RTC LM 8; .NET CLR 3.0.4506.2152; .NET CLR 3.5.30729)"
8.28.16.254 - - [17/Mar/2012:18:28:55 -0700] "GET /s/ta/oat/ HTTP/1.1" 302 473 "-" "Mozilla/4.0 (compatible; MSIE 7.0; Windows NT 5.1; InfoPath.1; .NET CLR 2.0.50727; .NET CLR 1.1.4322; MS-RTC LM 8; .NET CLR 3.0.4506.2152; .NET CLR 3.5.30729)"
159.53.110.142 - - [17/Mar/2012:18:28:55 -0700] "GET /s/ta/oat/ HTTP/1.1" 302 473 "http://ta.wikipedia.org/wiki/%E0%AE%A8%E0%AF%87%E0%AE%B0%E0%AE%BF%E0%AE%AF%E0%AE%B2%E0%AF%8D_%E0%AE%87%E0%AE%AF%E0%AE%B1%E0%AF%8D%E0%AE%95%E0%AE%A3%E0%AE%BF%E0%AE%A4%E0%AE%AE%E0%AF%8D" "Mozilla/4.0 (compatible; MSIE 8.0; Windows NT 5.1; Trident/4.0; InfoPath.2; .NET CLR 1.0.3705; .NET CLR 2.0.50727; .NET CLR 3.0.4506.2152; .NET CLR 3.5.30729; .NET CLR 1.1.4322; .NET4.0C; .NET4.0E; MS-RTC LM 8; NET_mmhpset)"
89.182.72.209 - - [17/Mar/2012:18:30:56 -0700] "GET /blog/cheese-gsoc-report-week-2.html HTTP/1.1" 200 7085 "-" "findlinks/2.0.2 (+http://wortschatz.uni-leipzig.de/findlinks/)"
117.213.88.177 - - [17/Mar/2012:18:34:08 -0700] "-" 400 0 "-" "-"
85.17.88.169 - - [17/Mar/2012:18:36:46 -0700] "POST /blog/wp-cron.php?doing_wp_cron=1332034471 HTTP/1.0" 499 0 "-" "WordPress/3.3.1; http://yuvi.in/blog"
209.85.224.95 - - [17/Mar/2012:18:36:46 -0700] "GET /blog/feed HTTP/1.1" 304 0 "-" "FeedBurner/1.0 (http://www.FeedBurner.com)"
117.213.88.177 - - [17/Mar/2012:18:36:58 -0700] "-" 400 0 "-" "-"
180.76.5.143 - - [17/Mar/2012:18:38:59 -0700] "GET /blog/tag/music.html HTTP/1.1" 200 2005 "-" "Mozilla/5.0 (compatible; Baiduspider/2.0; +http://www.baidu.com/search/spider.html)"
59.92.122.251 - - [17/Mar/2012:18:39:48 -0700] "-" 400 0 "-" "-"
59.92.122.251 - - [17/Mar/2012:18:39:48 -0700] "-" 400 0 "-" "-"
117.213.88.177 - - [17/Mar/2012:18:39:58 -0700] "-" 400 0 "-" "-"
66.249.68.52 - - [17/Mar/2012:18:40:24 -0700] "GET /r/14yw HTTP/1.1" 301 257 "-" "Mozilla/5.0 (compatible; Googlebot/2.1; +http://www.google.com/bot.html)"
66.249.68.52 - - [17/Mar/2012:18:40:25 -0700] "GET /s/ta/14yw/ HTTP/1.1" 302 729 "-" "Mozilla/5.0 (compatible; Googlebot/2.1; +http://www.google.com/bot.html)"
85.17.88.169 - - [17/Mar/2012:18:41:43 -0700] "POST /blog/wp-cron.php?doing_wp_cron=1332034769 HTTP/1.0" 499 0 "-" "WordPress/3.3.1; http://yuvi.in/blog"
183.178.85.181 - - [17/Mar/2012:18:41:44 -0700] "GET /blog/why-i-moved-off-arch-on-my-netbook/feed HTTP/1.1" 301 0 "-" "Mozilla/4.0 (compatible; MSIE 5.5; Windows NT)"
85.17.88.169 - - [17/Mar/2012:18:41:46 -0700] "POST /blog/wp-cron.php?doing_wp_cron=1332034771 HTTP/1.0" 499 0 "-" "WordPress/3.3.1; http://yuvi.in/blog"
183.178.85.181 - - [17/Mar/2012:18:41:47 -0700] "GET /blog/why-i-moved-off-arch-on-my-netbook/feed/ HTTP/1.1" 200 917 "-" "Mozilla/4.0 (compatible; MSIE 5.5; Windows NT)"
207.46.12.71 - - [17/Mar/2012:18:43:27 -0700] "-" 400 0 "-" "-"
207.46.12.71 - - [17/Mar/2012:18:43:28 -0700] "-" 400 0 "-" "-"
207.46.12.71 - - [17/Mar/2012:18:43:29 -0700] "-" 400 0 "-" "-"
207.46.12.71 - - [17/Mar/2012:18:43:30 -0700] "-" 400 0 "-" "-"
207.46.12.71 - - [17/Mar/2012:18:43:30 -0700] "-" 400 0 "-" "-"
207.46.12.71 - - [17/Mar/2012:18:43:30 -0700] "-" 400 0 "-" "-"
207.46.12.71 - - [17/Mar/2012:18:43:30 -0700] "-" 400 0 "-" "-"
207.46.12.71 - - [17/Mar/2012:18:43:30 -0700] "-" 400 0 "-" "-"
122.174.12.133 - - [17/Mar/2012:18:43:47 -0700] "-" 400 0 "-" "-"
207.46.12.71 - - [17/Mar/2012:18:44:08 -0700] "-" 400 0 "-" "-"
207.46.12.71 - - [17/Mar/2012:18:44:14 -0700] "-" 400 0 "-" "-"
207.46.12.71 - - [17/Mar/2012:18:44:15 -0700] "-" 400 0 "-" "-"
85.17.88.169 - - [17/Mar/2012:18:47:03 -0700] "POST /blog/wp-cron.php?doing_wp_cron=1332035088 HTTP/1.0" 499 0 "-" "WordPress/3.3.1; http://yuvi.in/blog"
187.115.33.189 - - [17/Mar/2012:18:47:07 -0700] "GET /blog/tag/code/ HTTP/1.1" 200 29776 "-" "Mozilla/5.0 (compatible; Googlebot/2.1; +http://www.google.com/bot.html)"
59.92.125.49 - - [17/Mar/2012:18:52:06 -0700] "GET /r/1db5 HTTP/1.1" 301 257 "http://ta.wikipedia.org/wiki/%E0%AE%AA%E0%AE%A4%E0%AF%8D%E0%AE%A4%E0%AE%BF%E0%AE%B0%E0%AE%95%E0%AE%BF%E0%AE%B0%E0%AE%BF%E0%AE%AF%E0%AE%BE%E0%AE%B0%E0%AF%8D" "Mozilla/4.0 (compatible; MSIE 8.0; Windows NT 5.1; Trident/4.0; .NET CLR 2.0.50727; .NET CLR 1.1.4322; Creative AutoUpdate v1.10.10; yie8)"
59.92.125.49 - - [17/Mar/2012:18:52:07 -0700] "GET /s/ta/1db5/ HTTP/1.1" 302 433 "http://ta.wikipedia.org/wiki/%E0%AE%AA%E0%AE%A4%E0%AF%8D%E0%AE%A4%E0%AE%BF%E0%AE%B0%E0%AE%95%E0%AE%BF%E0%AE%B0%E0%AE%BF%E0%AE%AF%E0%AE%BE%E0%AE%B0%E0%AF%8D" "Mozilla/4.0 (compatible; MSIE 8.0; Windows NT 5.1; Trident/4.0; .NET CLR 2.0.50727; .NET CLR 1.1.4322; Creative AutoUpdate v1.10.10; yie8)"
157.55.18.53 - - [17/Mar/2012:18:56:22 -0700] "-" 400 0 "-" "-"
157.55.18.53 - - [17/Mar/2012:18:56:23 -0700] "-" 400 0 "-" "-"
157.55.18.53 - - [17/Mar/2012:18:56:24 -0700] "-" 400 0 "-" "-"
157.55.18.53 - - [17/Mar/2012:18:56:24 -0700] "-" 400 0 "-" "-"
157.55.18.53 - - [17/Mar/2012:18:56:25 -0700] "-" 400 0 "-" "-"
157.55.18.53 - - [17/Mar/2012:18:56:25 -0700] "-" 400 0 "-" "-"
157.55.18.53 - - [17/Mar/2012:18:56:25 -0700] "-" 400 0 "-" "-"
157.55.18.53 - - [17/Mar/2012:18:56:26 -0700] "-" 400 0 "-" "-"
157.55.18.53 - - [17/Mar/2012:18:56:26 -0700] "-" 400 0 "-" "-"
157.55.18.53 - - [17/Mar/2012:18:56:26 -0700] "-" 400 0 "-" "-"
157.55.18.53 - - [17/Mar/2012:18:56:26 -0700] "-" 400 0 "-" "-"
117.206.91.247 - - [17/Mar/2012:18:57:01 -0700] "GET /r/2ldf HTTP/1.1" 301 257 "http://ta.wikipedia.org/wiki/%E0%AE%AA%E0%AF%81%E0%AE%A4%E0%AE%BF%E0%AE%AF_%E0%AE%A4%E0%AE%B2%E0%AF%88%E0%AE%AE%E0%AF%81%E0%AE%B1%E0%AF%88_(%E0%AE%A4%E0%AF%8A%E0%AE%B2%E0%AF%88%E0%AE%95%E0%AF%8D%E0%AE%95%E0%AE%BE%E0%AE%9F%E0%AF%8D%E0%AE%9A%E0%AE%BF)" "Mozilla/5.0 (Windows NT 5.1) AppleWebKit/535.11 (KHTML, like Gecko) Chrome/17.0.963.79 Safari/535.11"
117.206.91.247 - - [17/Mar/2012:18:57:02 -0700] "GET /s/ta/2ldf/ HTTP/1.1" 302 569 "http://ta.wikipedia.org/wiki/%E0%AE%AA%E0%AF%81%E0%AE%A4%E0%AE%BF%E0%AE%AF_%E0%AE%A4%E0%AE%B2%E0%AF%88%E0%AE%AE%E0%AF%81%E0%AE%B1%E0%AF%88_(%E0%AE%A4%E0%AF%8A%E0%AE%B2%E0%AF%88%E0%AE%95%E0%AF%8D%E0%AE%95%E0%AE%BE%E0%AE%9F%E0%AF%8D%E0%AE%9A%E0%AE%BF)" "Mozilla/5.0 (Windows NT 5.1) AppleWebKit/535.11 (KHTML, like Gecko) Chrome/17.0.963.79 Safari/535.11"
117.206.91.247 - - [17/Mar/2012:18:57:15 -0700] "-" 400 0 "-" "-"
208.115.113.84 - - [17/Mar/2012:18:59:39 -0700] "GET /robots.txt HTTP/1.1" 404 169 "-" "Mozilla/5.0 (compatible; Ezooms/1.0; ezooms.bot@gmail.com)"
141.0.10.17 - - [17/Mar/2012:19:02:33 -0700] "-" 400 0 "-" "-"
66.249.67.123 - - [17/Mar/2012:19:03:02 -0700] "GET /robots.txt HTTP/1.1" 404 142 "-" "Mozilla/5.0 (compatible; Googlebot/2.1; +http://www.google.com/bot.html)"
85.17.88.169 - - [17/Mar/2012:19:03:06 -0700] "POST /blog/wp-cron.php?doing_wp_cron=1332036051 HTTP/1.0" 499 0 "-" "WordPress/3.3.1; http://yuvi.in/blog"
66.249.67.123 - - [17/Mar/2012:19:03:06 -0700] "GET /blog/sicp-and-brainfuck/trackback/ HTTP/1.1" 302 0 "-" "Mozilla/5.0 (compatible; Googlebot/2.1; +http://www.google.com/bot.html)"
85.17.88.169 - - [17/Mar/2012:19:03:08 -0700] "POST /blog/wp-cron.php?doing_wp_cron=1332036054 HTTP/1.0" 499 0 "-" "WordPress/3.3.1; http://yuvi.in/blog"
66.249.67.123 - - [17/Mar/2012:19:03:09 -0700] "GET /blog/sicp-and-brainfuck/ HTTP/1.1" 200 4736 "-" "Mozilla/5.0 (compatible; Googlebot/2.1; +http://www.google.com/bot.html)"
207.46.204.219 - - [17/Mar/2012:19:03:33 -0700] "-" 400 0 "-" "-"
207.46.204.219 - - [17/Mar/2012:19:03:35 -0700] "-" 400 0 "-" "-"
207.46.204.219 - - [17/Mar/2012:19:03:35 -0700] "-" 400 0 "-" "-"
207.46.204.219 - - [17/Mar/2012:19:03:36 -0700] "-" 400 0 "-" "-"
207.46.204.219 - - [17/Mar/2012:19:03:36 -0700] "-" 400 0 "-" "-"
207.46.204.219 - - [17/Mar/2012:19:03:36 -0700] "-" 400 0 "-" "-"
207.46.204.219 - - [17/Mar/2012:19:03:37 -0700] "-" 400 0 "-" "-"
207.46.204.219 - - [17/Mar/2012:19:03:37 -0700] "-" 400 0 "-" "-"
207.46.204.219 - - [17/Mar/2012:19:03:38 -0700] "-" 400 0 "-" "-"
207.46.204.219 - - [17/Mar/2012:19:03:38 -0700] "-" 400 0 "-" "-"
85.17.88.169 - - [17/Mar/2012:19:04:34 -0700] "POST /blog/wp-cron.php?doing_wp_cron=1332036139 HTTP/1.0" 499 0 "-" "WordPress/3.3.1; http://yuvi.in/blog"
209.85.238.115 - - [17/Mar/2012:19:04:34 -0700] "GET /blog/feed HTTP/1.1" 301 0 "-" "Feedfetcher-Google; (+http://www.google.com/feedfetcher.html; 3 subscribers; feed-id=17684830852112633560)"
85.17.88.169 - - [17/Mar/2012:19:04:36 -0700] "POST /blog/wp-cron.php?doing_wp_cron=1332036142 HTTP/1.0" 499 0 "-" "WordPress/3.3.1; http://yuvi.in/blog"
209.85.238.115 - - [17/Mar/2012:19:04:37 -0700] "GET /blog/feed/ HTTP/1.1" 304 0 "-" "Feedfetcher-Google; (+http://www.google.com/feedfetcher.html; 3 subscribers; feed-id=17684830852112633560)"
180.76.5.148 - - [17/Mar/2012:19:05:22 -0700] "GET / HTTP/1.1" 304 0 "-" "Mozilla/5.0 (compatible; Baiduspider/2.0; +http://www.baidu.com/search/spider.html)"
117.193.34.249 - - [17/Mar/2012:19:05:53 -0700] "-" 400 0 "-" "-"
117.193.34.249 - - [17/Mar/2012:19:05:53 -0700] "-" 400 0 "-" "-"
117.193.34.249 - - [17/Mar/2012:19:05:53 -0700] "-" 400 0 "-" "-"
117.193.34.249 - - [17/Mar/2012:19:05:53 -0700] "-" 400 0 "-" "-"
85.17.88.169 - - [17/Mar/2012:19:06:55 -0700] "POST /blog/wp-cron.php?doing_wp_cron=1332036281 HTTP/1.0" 499 0 "-" "WordPress/3.3.1; http://yuvi.in/blog"
209.85.224.98 - - [17/Mar/2012:19:06:56 -0700] "GET /blog/feed HTTP/1.1" 304 0 "-" "FeedBurner/1.0 (http://www.FeedBurner.com)"
141.0.10.17 - - [17/Mar/2012:19:08:14 -0700] "-" 400 0 "-" "-"
141.0.10.17 - - [17/Mar/2012:19:08:14 -0700] "-" 400 0 "-" "-"
85.17.88.169 - - [17/Mar/2012:19:09:14 -0700] "POST /blog/wp-cron.php?doing_wp_cron=1332036419 HTTP/1.0" 499 0 "-" "WordPress/3.3.1; http://yuvi.in/blog"
180.76.6.29 - - [17/Mar/2012:19:09:15 -0700] "GET /blog/page/2/ HTTP/1.1" 200 26316 "-" "Mozilla/5.0 (compatible; Baiduspider/2.0; +http://www.baidu.com/search/spider.html)"
209.85.224.88 - - [17/Mar/2012:19:13:37 -0700] "GET /stories/feed HTTP/1.1" 200 13653 "-" "FeedBurner/1.0 (http://www.FeedBurner.com)"
66.249.68.52 - - [17/Mar/2012:19:14:21 -0700] "GET /s/ta/7ma/ HTTP/1.1" 302 349 "-" "Mozilla/5.0 (compatible; Googlebot/2.1; +http://www.google.com/bot.html)"
117.193.237.73 - - [17/Mar/2012:19:14:32 -0700] "-" 400 0 "-" "-"
117.193.237.73 - - [17/Mar/2012:19:14:32 -0700] "-" 400 0 "-" "-"
117.193.237.73 - - [17/Mar/2012:19:14:32 -0700] "-" 400 0 "-" "-"
117.193.174.91 - - [17/Mar/2012:19:15:35 -0700] "-" 400 0 "-" "-"
117.193.237.73 - - [17/Mar/2012:19:16:22 -0700] "-" 400 0 "-" "-"
85.17.88.169 - - [17/Mar/2012:19:18:56 -0700] "POST /blog/wp-cron.php?doing_wp_cron=1332037001 HTTP/1.0" 499 0 "-" "WordPress/3.3.1; http://yuvi.in/blog"
101.226.33.190 - - [17/Mar/2012:19:18:56 -0700] "GET /blog/feed HTTP/1.0" 304 0 "-" "Mozilla/4.0 (compatible; Windows;)"
69.171.229.247 - - [17/Mar/2012:19:20:42 -0700] "GET /r/ts0 HTTP/1.1" 301 255 "-" "facebookexternalhit/1.1 (+http://www.facebook.com/externalhit_uatext.php)"
69.171.229.244 - - [17/Mar/2012:19:20:43 -0700] "GET /s/ta/ts0/ HTTP/1.1" 302 425 "-" "facebookexternalhit/1.1 (+http://www.facebook.com/externalhit_uatext.php)"
69.171.229.249 - - [17/Mar/2012:19:20:44 -0700] "GET /r/1lk1 HTTP/1.1" 301 257 "-" "facebookexternalhit/1.1 (+http://www.facebook.com/externalhit_uatext.php)"
69.171.229.251 - - [17/Mar/2012:19:20:44 -0700] "GET /s/ta/1lk1/ HTTP/1.1" 302 425 "-" "facebookexternalhit/1.1 (+http://www.facebook.com/externalhit_uatext.php)"
66.249.68.52 - - [17/Mar/2012:19:21:52 -0700] "GET /r/22q2 HTTP/1.1" 301 257 "-" "Mozilla/5.0 (compatible; Googlebot/2.1; +http://www.google.com/bot.html)"
66.249.68.52 - - [17/Mar/2012:19:21:52 -0700] "GET /s/ta/22q2/ HTTP/1.1" 302 685 "-" "Mozilla/5.0 (compatible; Googlebot/2.1; +http://www.google.com/bot.html)"
115.241.74.48 - - [17/Mar/2012:19:22:20 -0700] "-" 400 0 "-" "-"
85.17.88.169 - - [17/Mar/2012:19:22:54 -0700] "POST /blog/wp-cron.php?doing_wp_cron=1332037240 HTTP/1.0" 499 0 "-" "WordPress/3.3.1; http://yuvi.in/blog"
46.51.130.109 - - [17/Mar/2012:19:22:54 -0700] "GET /blog/college-drop/ HTTP/1.1" 200 4510 "-" "Mozilla/5.0 (Windows; U; Windows NT 5.1; rv:1.7.3) Gecko/20041001 Firefox/0.10.1"
46.137.131.104 - - [17/Mar/2012:19:22:55 -0700] "GET /where.html HTTP/1.1" 200 96 "-" "Mozilla/5.0 (Windows; U; Windows NT 5.1; rv:1.7.3) Gecko/20041001 Firefox/0.10.1"
85.17.88.169 - - [17/Mar/2012:19:22:59 -0700] "POST /blog/wp-cron.php?doing_wp_cron=1332037244 HTTP/1.0" 499 0 "-" "WordPress/3.3.1; http://yuvi.in/blog"
46.51.130.109 - - [17/Mar/2012:19:22:59 -0700] "GET /blog/college-drop HTTP/1.1" 301 0 "-" "Java/1.6.0_20"
46.51.130.109 - - [17/Mar/2012:19:23:00 -0700] "GET /blog/college-drop/ HTTP/1.1" 200 18451 "-" "Java/1.6.0_20"
85.17.88.169 - - [17/Mar/2012:19:23:03 -0700] "POST /blog/wp-cron.php?doing_wp_cron=1332037248 HTTP/1.0" 499 0 "-" "WordPress/3.3.1; http://yuvi.in/blog"
46.51.130.109 - - [17/Mar/2012:19:23:03 -0700] "GET /blog/college-drop HTTP/1.1" 301 0 "-" "Java/1.6.0_20"
119.63.196.95 - - [17/Mar/2012:19:23:04 -0700] "GET /blog/-room-full-of-people-like-me.html HTTP/1.1" 200 2482 "-" "Mozilla/5.0 (compatible; Baiduspider/2.0; +http://www.baidu.com/search/spider.html)"
46.51.130.109 - - [17/Mar/2012:19:23:04 -0700] "GET /blog/college-drop/ HTTP/1.1" 200 18451 "-" "Java/1.6.0_20"
115.241.74.48 - - [17/Mar/2012:19:24:30 -0700] "-" 400 0 "-" "-"
115.241.79.69 - - [17/Mar/2012:19:27:08 -0700] "-" 400 0 "-" "-"
85.17.88.169 - - [17/Mar/2012:19:27:42 -0700] "POST /blog/wp-cron.php?doing_wp_cron=1332037528 HTTP/1.0" 499 0 "-" "WordPress/3.3.1; http://yuvi.in/blog"
180.76.5.59 - - [17/Mar/2012:19:27:43 -0700] "GET /blog/2009/07/01/ HTTP/1.1" 200 4880 "-" "Mozilla/5.0 (compatible; Baiduspider/2.0; +http://www.baidu.com/search/spider.html)"
85.17.88.169 - - [17/Mar/2012:19:27:57 -0700] "POST /blog/wp-cron.php?doing_wp_cron=1332037542 HTTP/1.0" 499 0 "-" "WordPress/3.3.1; http://yuvi.in/blog"
97.117.96.3 - - [17/Mar/2012:19:27:57 -0700] "GET /blog/favicon.ico HTTP/1.1" 404 3016 "-" "Mozilla/5.0 (Windows NT 5.1; rv:11.0) Gecko/20100101 Firefox/11.0"
85.17.88.169 - - [17/Mar/2012:19:30:24 -0700] "POST /blog/wp-cron.php?doing_wp_cron=1332037689 HTTP/1.0" 499 0 "-" "WordPress/3.3.1; http://yuvi.in/blog"
193.164.138.85 - - [17/Mar/2012:19:30:24 -0700] "GET /blog/my-new-canon-550d-from-flipkart/ HTTP/1.1" 200 18012 "-" "Zemanta Aggregator/0.7 +http://www.zemanta.com"
85.17.88.169 - - [17/Mar/2012:19:32:49 -0700] "POST /blog/wp-cron.php?doing_wp_cron=1332037834 HTTP/1.0" 499 0 "-" "WordPress/3.3.1; http://yuvi.in/blog"
82.114.94.2 - - [17/Mar/2012:19:32:50 -0700] "GET /blog/ HTTP/1.1" 200 33071 "-" "Mozilla/5.0 (compatible; Googlebot/2.1; +http://www.google.com/bot.html)"
117.201.35.254 - - [17/Mar/2012:19:33:17 -0700] "GET /r/3362 HTTP/1.1" 301 257 "http://ta.wikipedia.org/wiki/%E0%AE%AA%E0%AF%87%E0%AE%9A%E0%AF%8D%E0%AE%9A%E0%AF%81:%E0%AE%A4%E0%AF%8A%E0%AE%B4%E0%AE%BF%E0%AE%B1%E0%AF%8D%E0%AE%AA%E0%AE%AF%E0%AE%BF%E0%AE%B1%E0%AF%8D%E0%AE%9A%E0%AE%BF_%E0%AE%A8%E0%AE%BF%E0%AE%B2%E0%AF%88%E0%AE%AF%E0%AE%99%E0%AF%8D%E0%AE%95%E0%AE%B3%E0%AF%8D" "Mozilla/5.0 (Windows NT 5.1) AppleWebKit/535.11 (KHTML, like Gecko) Chrome/17.0.963.79 Safari/535.11"
117.201.35.254 - - [17/Mar/2012:19:33:17 -0700] "GET /s/ta/3362/ HTTP/1.1" 302 619 "http://ta.wikipedia.org/wiki/%E0%AE%AA%E0%AF%87%E0%AE%9A%E0%AF%8D%E0%AE%9A%E0%AF%81:%E0%AE%A4%E0%AF%8A%E0%AE%B4%E0%AE%BF%E0%AE%B1%E0%AF%8D%E0%AE%AA%E0%AE%AF%E0%AE%BF%E0%AE%B1%E0%AF%8D%E0%AE%9A%E0%AE%BF_%E0%AE%A8%E0%AE%BF%E0%AE%B2%E0%AF%88%E0%AE%AF%E0%AE%99%E0%AF%8D%E0%AE%95%E0%AE%B3%E0%AF%8D" "Mozilla/5.0 (Windows NT 5.1) AppleWebKit/535.11 (KHTML, like Gecko) Chrome/17.0.963.79 Safari/535.11"
141.0.11.9 - - [17/Mar/2012:19:33:25 -0700] "-" 400 0 "-" "-"
141.0.11.9 - - [17/Mar/2012:19:33:25 -0700] "-" 400 0 "-" "-"
117.201.35.254 - - [17/Mar/2012:19:33:35 -0700] "-" 400 0 "-" "-"
220.181.108.112 - - [17/Mar/2012:19:33:48 -0700] "GET / HTTP/1.1" 304 0 "-" "Mozilla/5.0 (compatible; Baiduspider/2.0; +http://www.baidu.com/search/spider.html)"
207.46.12.73 - - [17/Mar/2012:19:34:41 -0700] "-" 400 0 "-" "-"
207.46.12.73 - - [17/Mar/2012:19:34:43 -0700] "-" 400 0 "-" "-"
207.46.12.73 - - [17/Mar/2012:19:34:44 -0700] "-" 400 0 "-" "-"
207.46.12.73 - - [17/Mar/2012:19:34:44 -0700] "-" 400 0 "-" "-"
207.46.12.73 - - [17/Mar/2012:19:34:45 -0700] "-" 400 0 "-" "-"
207.46.12.73 - - [17/Mar/2012:19:34:46 -0700] "-" 400 0 "-" "-"
207.46.12.73 - - [17/Mar/2012:19:34:47 -0700] "-" 400 0 "-" "-"
207.46.12.73 - - [17/Mar/2012:19:34:47 -0700] "-" 400 0 "-" "-"
207.46.12.73 - - [17/Mar/2012:19:34:47 -0700] "-" 400 0 "-" "-"
207.46.12.73 - - [17/Mar/2012:19:34:47 -0700] "-" 400 0 "-" "-"
207.46.12.73 - - [17/Mar/2012:19:35:13 -0700] "-" 400 0 "-" "-"
157.55.112.209 - - [17/Mar/2012:19:36:21 -0700] "-" 400 0 "-" "-"
157.55.112.209 - - [17/Mar/2012:19:36:25 -0700] "-" 400 0 "-" "-"
157.55.112.209 - - [17/Mar/2012:19:36:27 -0700] "-" 400 0 "-" "-"
157.55.112.209 - - [17/Mar/2012:19:36:28 -0700] "-" 400 0 "-" "-"
157.55.112.209 - - [17/Mar/2012:19:36:29 -0700] "-" 400 0 "-" "-"
157.55.112.209 - - [17/Mar/2012:19:36:29 -0700] "-" 400 0 "-" "-"
157.55.112.209 - - [17/Mar/2012:19:36:29 -0700] "-" 400 0 "-" "-"
157.55.112.209 - - [17/Mar/2012:19:36:29 -0700] "-" 400 0 "-" "-"
157.55.112.209 - - [17/Mar/2012:19:36:30 -0700] "-" 400 0 "-" "-"
157.55.112.209 - - [17/Mar/2012:19:36:30 -0700] "-" 400 0 "-" "-"
157.55.112.209 - - [17/Mar/2012:19:36:47 -0700] "-" 400 0 "-" "-"
85.17.88.169 - - [17/Mar/2012:19:37:02 -0700] "POST /blog/wp-cron.php?doing_wp_cron=1332038087 HTTP/1.0" 499 0 "-" "WordPress/3.3.1; http://yuvi.in/blog"
209.85.224.96 - - [17/Mar/2012:19:37:02 -0700] "GET /blog/feed HTTP/1.1" 304 0 "-" "FeedBurner/1.0 (http://www.FeedBurner.com)"
14.99.53.208 - - [17/Mar/2012:19:39:35 -0700] "-" 400 0 "-" "-"
113.210.253.197 - - [17/Mar/2012:19:40:19 -0700] "GET /r/1va HTTP/1.1" 301 255 "-" "Mozilla/5.0 (iPhone; CPU iPhone OS 5_1 like Mac OS X) AppleWebKit/534.46 (KHTML, like Gecko) Mobile/9B179"
113.210.253.197 - - [17/Mar/2012:19:40:19 -0700] "GET /s/ta/1va/ HTTP/1.1" 302 409 "-" "Mozilla/5.0 (iPhone; CPU iPhone OS 5_1 like Mac OS X) AppleWebKit/534.46 (KHTML, like Gecko) Mobile/9B179"
14.99.53.208 - - [17/Mar/2012:19:40:25 -0700] "-" 400 0 "-" "-"
113.210.253.197 - - [17/Mar/2012:19:40:26 -0700] "GET /r/1va HTTP/1.1" 301 255 "-" "Mozilla/5.0 (iPhone; CPU iPhone OS 5_1 like Mac OS X) AppleWebKit/534.46 (KHTML, like Gecko) Mobile/9B179"
113.210.253.197 - - [17/Mar/2012:19:40:27 -0700] "GET /s/ta/1va/ HTTP/1.1" 302 409 "-" "Mozilla/5.0 (iPhone; CPU iPhone OS 5_1 like Mac OS X) AppleWebKit/534.46 (KHTML, like Gecko) Mobile/9B179"
66.249.68.52 - - [17/Mar/2012:19:40:44 -0700] "GET /s/ta/1cua/ HTTP/1.1" 302 637 "-" "Mozilla/5.0 (compatible; Googlebot/2.1; +http://www.google.com/bot.html)"
180.76.5.136 - - [17/Mar/2012:19:42:13 -0700] "GET / HTTP/1.1" 200 3439 "-" "Mozilla/5.0 (compatible; Baiduspider/2.0; +http://www.baidu.com/search/spider.html)"
113.210.253.197 - - [17/Mar/2012:19:42:56 -0700] "GET /s/ta/1va/ HTTP/1.1" 302 409 "-" "Mozilla/5.0 (iPhone; CPU iPhone OS 5_1 like Mac OS X) AppleWebKit/534.46 (KHTML, like Gecko) Mobile/9B179"
65.52.110.147 - - [17/Mar/2012:19:46:12 -0700] "GET /robots.txt HTTP/1.1" 404 169 "-" "Mozilla/5.0 (compatible; bingbot/2.0; +http://www.bing.com/bingbot.htm)"
69.171.234.2 - - [17/Mar/2012:19:47:37 -0700] "GET /r/1x7m HTTP/1.1" 301 257 "-" "facebookexternalhit/1.1 (+http://www.facebook.com/externalhit_uatext.php)"
69.171.234.2 - - [17/Mar/2012:19:47:38 -0700] "GET /s/ta/1x7m/ HTTP/1.1" 302 513 "-" "facebookexternalhit/1.1 (+http://www.facebook.com/externalhit_uatext.php)"
113.210.253.197 - - [17/Mar/2012:19:47:39 -0700] "GET /s/ta/23z/ HTTP/1.1" 302 397 "-" "Mozilla/5.0 (iPhone; CPU iPhone OS 5_1 like Mac OS X) AppleWebKit/534.46 (KHTML, like Gecko) Mobile/9B179"
115.250.223.164 - - [17/Mar/2012:19:47:47 -0700] "-" 400 0 "-" "-"
59.161.180.96 - - [17/Mar/2012:19:48:28 -0700] "GET /r/1e1k HTTP/1.1" 301 257 "http://ta.wikipedia.org/wiki/%E0%AE%AE%E0%AF%81%E0%AE%AE%E0%AF%8D%E0%AE%AE%E0%AF%82%E0%AE%B0%E0%AF%8D%E0%AE%A4%E0%AF%8D%E0%AE%A4%E0%AE%BF%E0%AE%95%E0%AE%B3%E0%AF%8D" "Mozilla/5.0 (Windows NT 6.1; rv:7.0.1) Gecko/20100101 Firefox/7.0.1"
59.161.180.96 - - [17/Mar/2012:19:48:29 -0700] "GET /s/ta/1e1k/ HTTP/1.1" 302 445 "http://ta.wikipedia.org/wiki/%E0%AE%AE%E0%AF%81%E0%AE%AE%E0%AF%8D%E0%AE%AE%E0%AF%82%E0%AE%B0%E0%AF%8D%E0%AE%A4%E0%AF%8D%E0%AE%A4%E0%AE%BF%E0%AE%95%E0%AE%B3%E0%AF%8D" "Mozilla/5.0 (Windows NT 6.1; rv:7.0.1) Gecko/20100101 Firefox/7.0.1"
66.249.68.52 - - [17/Mar/2012:19:48:33 -0700] "GET /r/2v42 HTTP/1.1" 301 257 "-" "Mozilla/5.0 (compatible; Googlebot/2.1; +http://www.google.com/bot.html)"
66.249.68.52 - - [17/Mar/2012:19:48:34 -0700] "GET /s/ta/2v42/ HTTP/1.1" 302 519 "-" "Mozilla/5.0 (compatible; Googlebot/2.1; +http://www.google.com/bot.html)"
113.210.253.197 - - [17/Mar/2012:19:50:50 -0700] "GET /s/ta/23z/ HTTP/1.1" 302 397 "-" "Mozilla/5.0 (iPhone; CPU iPhone OS 5_1 like Mac OS X) AppleWebKit/534.46 (KHTML, like Gecko) Mobile/9B179"
85.17.88.169 - - [17/Mar/2012:19:50:51 -0700] "POST /blog/wp-cron.php?doing_wp_cron=1332038916 HTTP/1.0" 499 0 "-" "WordPress/3.3.1; http://yuvi.in/blog"
180.76.5.52 - - [17/Mar/2012:19:50:51 -0700] "GET /blog/2010/01/18/ HTTP/1.1" 200 4365 "-" "Mozilla/5.0 (compatible; Baiduspider/2.0; +http://www.baidu.com/search/spider.html)"
66.249.68.52 - - [17/Mar/2012:19:52:01 -0700] "GET /r/1sqc HTTP/1.1" 301 257 "-" "Mozilla/5.0 (compatible; Googlebot/2.1; +http://www.google.com/bot.html)"
110.225.167.165 - - [17/Mar/2012:19:52:42 -0700] "-" 400 0 "-" "-"
115.184.94.254 - - [17/Mar/2012:19:52:47 -0700] "-" 400 0 "-" "-"
65.52.110.147 - - [17/Mar/2012:19:55:22 -0700] "GET /blog/more-effects-for-cheese.html HTTP/1.1" 304 0 "-" "Mozilla/5.0 (compatible; bingbot/2.0; +http://www.bing.com/bingbot.htm)"
115.184.94.254 - - [17/Mar/2012:19:55:39 -0700] "-" 400 0 "-" "-"
115.184.94.254 - - [17/Mar/2012:19:55:39 -0700] "-" 400 0 "-" "-"
115.184.94.254 - - [17/Mar/2012:19:55:58 -0700] "-" 400 0 "-" "-"
115.184.94.254 - - [17/Mar/2012:19:56:48 -0700] "-" 400 0 "-" "-"
85.17.88.169 - - [17/Mar/2012:19:58:18 -0700] "POST /blog/wp-cron.php?doing_wp_cron=1332039363 HTTP/1.0" 499 0 "-" "WordPress/3.3.1; http://yuvi.in/blog"
66.249.67.123 - - [17/Mar/2012:19:58:18 -0700] "GET /blog/tag/link/ HTTP/1.1" 200 7132 "-" "Mozilla/5.0 (compatible; Googlebot/2.1; +http://www.google.com/bot.html)"
66.249.68.52 - - [17/Mar/2012:19:59:34 -0700] "GET /r/19kp HTTP/1.1" 301 257 "-" "Mozilla/5.0 (compatible; Googlebot/2.1; +http://www.google.com/bot.html)"
66.249.68.52 - - [17/Mar/2012:19:59:35 -0700] "GET /s/ta/19kp/ HTTP/1.1" 302 473 "-" "Mozilla/5.0 (compatible; Googlebot/2.1; +http://www.google.com/bot.html)"
117.206.67.82 - - [17/Mar/2012:20:00:18 -0700] "-" 400 0 "-" "-"
69.171.230.247 - - [17/Mar/2012:20:00:41 -0700] "GET /r/1x7m HTTP/1.1" 301 257 "-" "facebookexternalhit/1.1 (+http://www.facebook.com/externalhit_uatext.php)"
69.171.230.248 - - [17/Mar/2012:20:00:41 -0700] "GET /s/ta/1x7m/ HTTP/1.1" 302 513 "-" "facebookexternalhit/1.1 (+http://www.facebook.com/externalhit_uatext.php)"
117.207.112.27 - - [17/Mar/2012:20:01:23 -0700] "GET /r/3a2 HTTP/1.1" 301 255 "http://ta.wikipedia.org/wiki/%E0%AE%86._%E0%AE%AA._%E0%AE%9C%E0%AF%86._%E0%AE%85%E0%AE%AA%E0%AF%8D%E0%AE%A4%E0%AF%81%E0%AE%B2%E0%AF%8D_%E0%AE%95%E0%AE%B2%E0%AE%BE%E0%AE%AE%E0%AF%8D" "Mozilla/4.0 (compatible; MSIE 8.0; Windows NT 6.1; Trident/4.0; EasyBits GO v1.0; SLCC2; .NET CLR 2.0.50727; .NET CLR 3.5.30729; .NET CLR 3.0.30729; Media Center PC 6.0; InfoPath.2; .NET4.0C)"
117.207.112.27 - - [17/Mar/2012:20:01:24 -0700] "GET /s/ta/3a2/ HTTP/1.1" 302 479 "http://ta.wikipedia.org/wiki/%E0%AE%86._%E0%AE%AA._%E0%AE%9C%E0%AF%86._%E0%AE%85%E0%AE%AA%E0%AF%8D%E0%AE%A4%E0%AF%81%E0%AE%B2%E0%AF%8D_%E0%AE%95%E0%AE%B2%E0%AE%BE%E0%AE%AE%E0%AF%8D" "Mozilla/4.0 (compatible; MSIE 8.0; Windows NT 6.1; Trident/4.0; EasyBits GO v1.0; SLCC2; .NET CLR 2.0.50727; .NET CLR 3.5.30729; .NET CLR 3.0.30729; Media Center PC 6.0; InfoPath.2; .NET4.0C)"
117.207.112.27 - - [17/Mar/2012:20:01:39 -0700] "GET /r/3a2 HTTP/1.1" 301 255 "http://ta.wikipedia.org/wiki/%E0%AE%86._%E0%AE%AA._%E0%AE%9C%E0%AF%86._%E0%AE%85%E0%AE%AA%E0%AF%8D%E0%AE%A4%E0%AF%81%E0%AE%B2%E0%AF%8D_%E0%AE%95%E0%AE%B2%E0%AE%BE%E0%AE%AE%E0%AF%8D" "Mozilla/4.0 (compatible; MSIE 8.0; Windows NT 6.1; Trident/4.0; EasyBits GO v1.0; SLCC2; .NET CLR 2.0.50727; .NET CLR 3.5.30729; .NET CLR 3.0.30729; Media Center PC 6.0; InfoPath.2; .NET4.0C)"
117.207.112.27 - - [17/Mar/2012:20:01:39 -0700] "GET /s/ta/3a2/ HTTP/1.1" 302 479 "http://ta.wikipedia.org/wiki/%E0%AE%86._%E0%AE%AA._%E0%AE%9C%E0%AF%86._%E0%AE%85%E0%AE%AA%E0%AF%8D%E0%AE%A4%E0%AF%81%E0%AE%B2%E0%AF%8D_%E0%AE%95%E0%AE%B2%E0%AE%BE%E0%AE%AE%E0%AF%8D" "Mozilla/4.0 (compatible; MSIE 8.0; Windows NT 6.1; Trident/4.0; EasyBits GO v1.0; SLCC2; .NET CLR 2.0.50727; .NET CLR 3.5.30729; .NET CLR 3.0.30729; Media Center PC 6.0; InfoPath.2; .NET4.0C)"
223.190.232.108 - - [17/Mar/2012:20:03:06 -0700] "-" 400 0 "-" "-"
223.190.232.108 - - [17/Mar/2012:20:03:26 -0700] "-" 400 0 "-" "-"
223.190.232.108 - - [17/Mar/2012:20:03:26 -0700] "-" 400 0 "-" "-"
223.190.232.108 - - [17/Mar/2012:20:03:26 -0700] "-" 400 0 "-" "-"
223.190.232.108 - - [17/Mar/2012:20:03:26 -0700] "-" 400 0 "-" "-"
117.197.184.36 - - [17/Mar/2012:20:04:14 -0700] "GET /r/72p HTTP/1.1" 301 255 "http://ta.wikipedia.org/wiki/%E0%AE%AF%E0%AE%BE%E0%AE%95%E0%AF%82!_%E0%AE%AE%E0%AE%BF%E0%AE%A9%E0%AF%8D%E0%AE%A9%E0%AE%9E%E0%AF%8D%E0%AE%9A%E0%AE%B2%E0%AF%8D" "Mozilla/5.0 (Windows NT 5.1) AppleWebKit/535.11 (KHTML, like Gecko) Chrome/17.0.963.79 Safari/535.11"
117.197.184.36 - - [17/Mar/2012:20:04:15 -0700] "GET /s/ta/72p/ HTTP/1.1" 302 441 "http://ta.wikipedia.org/wiki/%E0%AE%AF%E0%AE%BE%E0%AE%95%E0%AF%82!_%E0%AE%AE%E0%AE%BF%E0%AE%A9%E0%AF%8D%E0%AE%A9%E0%AE%9E%E0%AF%8D%E0%AE%9A%E0%AE%B2%E0%AF%8D" "Mozilla/5.0 (Windows NT 5.1) AppleWebKit/535.11 (KHTML, like Gecko) Chrome/17.0.963.79 Safari/535.11"
117.197.184.36 - - [17/Mar/2012:20:04:29 -0700] "-" 400 0 "-" "-"
69.171.234.2 - - [17/Mar/2012:20:04:31 -0700] "GET /r/1573 HTTP/1.1" 301 257 "-" "facebookexternalhit/1.1 (+http://www.facebook.com/externalhit_uatext.php)"
69.171.234.0 - - [17/Mar/2012:20:04:31 -0700] "GET /s/ta/1573/ HTTP/1.1" 302 489 "-" "facebookexternalhit/1.1 (+http://www.facebook.com/externalhit_uatext.php)"
66.249.68.52 - - [17/Mar/2012:20:07:05 -0700] "GET /r/gt1 HTTP/1.1" 301 255 "-" "Mozilla/5.0 (compatible; Googlebot/2.1; +http://www.google.com/bot.html)"
85.17.88.169 - - [17/Mar/2012:20:07:06 -0700] "POST /blog/wp-cron.php?doing_wp_cron=1332039891 HTTP/1.0" 499 0 "-" "WordPress/3.3.1; http://yuvi.in/blog"
66.249.68.52 - - [17/Mar/2012:20:07:06 -0700] "GET /s/ta/gt1/ HTTP/1.1" 302 693 "-" "Mozilla/5.0 (compatible; Googlebot/2.1; +http://www.google.com/bot.html)"
209.85.224.90 - - [17/Mar/2012:20:07:07 -0700] "GET /blog/feed HTTP/1.1" 304 0 "-" "FeedBurner/1.0 (http://www.FeedBurner.com)"
207.46.204.165 - - [17/Mar/2012:20:07:49 -0700] "-" 400 0 "-" "-"
207.46.204.165 - - [17/Mar/2012:20:07:51 -0700] "-" 400 0 "-" "-"
207.46.204.165 - - [17/Mar/2012:20:07:51 -0700] "-" 400 0 "-" "-"
207.46.204.165 - - [17/Mar/2012:20:07:52 -0700] "-" 400 0 "-" "-"
207.46.204.165 - - [17/Mar/2012:20:07:52 -0700] "-" 400 0 "-" "-"
207.46.204.165 - - [17/Mar/2012:20:07:52 -0700] "-" 400 0 "-" "-"
207.46.204.165 - - [17/Mar/2012:20:07:53 -0700] "-" 400 0 "-" "-"
207.46.204.165 - - [17/Mar/2012:20:07:54 -0700] "-" 400 0 "-" "-"
207.46.204.165 - - [17/Mar/2012:20:07:54 -0700] "-" 400 0 "-" "-"
207.46.204.165 - - [17/Mar/2012:20:07:54 -0700] "-" 400 0 "-" "-"
85.17.88.169 - - [17/Mar/2012:20:07:55 -0700] "POST /blog/wp-cron.php?doing_wp_cron=1332039940 HTTP/1.0" 499 0 "-" "WordPress/3.3.1; http://yuvi.in/blog"
46.105.151.66 - - [17/Mar/2012:20:07:56 -0700] "GET /blog/ HTTP/1.0" 200 33142 "http://yuvi.in/blog/" "Mozilla/5.0 (Windows NT 5.1; U; en) Opera 8.01"
59.92.59.236 - - [17/Mar/2012:20:08:15 -0700] "-" 400 0 "-" "-"
199.59.149.166 - - [17/Mar/2012:20:08:17 -0700] "GET /robots.txt HTTP/1.1" 404 211 "-" "Twitterbot/1.0"
199.59.149.166 - - [17/Mar/2012:20:08:17 -0700] "GET /r/2e1 HTTP/1.1" 301 255 "-" "Twitterbot/1.0"
50.18.29.224 - - [17/Mar/2012:20:08:17 -0700] "HEAD /r/2e1 HTTP/1.1" 301 0 "-" "UnwindFetchor/1.0 (+http://www.gnip.com/)"
199.59.149.166 - - [17/Mar/2012:20:08:17 -0700] "GET /s/ta/2e1/ HTTP/1.1" 302 631 "-" "Twitterbot/1.0"
204.236.143.144 - - [17/Mar/2012:20:08:17 -0700] "HEAD /r/2e1 HTTP/1.1" 301 0 "-" "UnwindFetchor/1.0 (+http://www.gnip.com/)"
204.236.143.144 - - [17/Mar/2012:20:08:17 -0700] "HEAD /s/ta/2e1/ HTTP/1.1" 302 0 "-" "UnwindFetchor/1.0 (+http://www.gnip.com/)"
50.18.29.224 - - [17/Mar/2012:20:08:18 -0700] "HEAD /s/ta/2e1/ HTTP/1.1" 302 0 "-" "UnwindFetchor/1.0 (+http://www.gnip.com/)"
89.151.116.56 - - [17/Mar/2012:20:08:18 -0700] "GET /r/2e1 HTTP/1.1" 301 255 "-" "Mozilla/5.0 (compatible; TweetmemeBot/2.11; +http://tweetmeme.com/)"
46.20.47.43 - - [17/Mar/2012:20:08:18 -0700] "GET /r/2e1 HTTP/1.1" 301 255 "-" "Mozilla/5.0 (compatible"
89.151.116.56 - - [17/Mar/2012:20:08:18 -0700] "GET /s/ta/2e1/ HTTP/1.1" 302 631 "-" "Mozilla/5.0 (compatible; TweetmemeBot/2.11; +http://tweetmeme.com/)"
46.20.47.43 - - [17/Mar/2012:20:08:18 -0700] "GET /s/ta/2e1/ HTTP/1.1" 302 631 "-" "Mozilla/5.0 (compatible"
207.46.204.165 - - [17/Mar/2012:20:08:20 -0700] "-" 400 0 "-" "-"
49.137.214.114 - - [17/Mar/2012:20:08:27 -0700] "GET /r/1kb3 HTTP/1.1" 301 257 "-" "Mozilla/4.0 (compatible; MSIE 7.0; Windows NT 5.1; Trident/4.0; InfoPath.2; yie8)"
49.137.214.114 - - [17/Mar/2012:20:08:31 -0700] "GET /s/ta/1kb3/ HTTP/1.1" 302 585 "-" "Mozilla/4.0 (compatible; MSIE 7.0; Windows NT 5.1; Trident/4.0; InfoPath.2; yie8)"
223.190.232.108 - - [17/Mar/2012:20:09:06 -0700] "-" 400 0 "-" "-"
223.190.232.108 - - [17/Mar/2012:20:09:06 -0700] "-" 400 0 "-" "-"
223.190.232.108 - - [17/Mar/2012:20:09:06 -0700] "-" 400 0 "-" "-"
223.190.232.108 - - [17/Mar/2012:20:09:06 -0700] "-" 400 0 "-" "-"
74.112.131.126 - - [17/Mar/2012:20:09:09 -0700] "GET /robots.txt HTTP/1.0" 404 238 "-" "Mozilla/5.0 (compatible; Butterfly/1.0; +http://labs.topsy.com/butterfly/) Gecko/2009032608 Firefox/3.0.8"
74.112.131.131 - - [17/Mar/2012:20:09:09 -0700] "GET /r/2e1 HTTP/1.0" 301 255 "-" "Mozilla/5.0 (compatible; Butterfly/1.0; +http://labs.topsy.com/butterfly/) Gecko/2009032608 Firefox/3.0.8"
74.112.131.131 - - [17/Mar/2012:20:09:09 -0700] "GET /s/ta/2e1/ HTTP/1.0" 302 631 "-" "Mozilla/5.0 (compatible; Butterfly/1.0; +http://labs.topsy.com/butterfly/) Gecko/2009032608 Firefox/3.0.8"
74.112.131.133 - - [17/Mar/2012:20:09:10 -0700] "GET /s/ta/2e1/ HTTP/1.0" 302 631 "-" "Mozilla/5.0 (compatible; Butterfly/1.0; +http://labs.topsy.com/butterfly/) Gecko/2009032608 Firefox/3.0.8"
74.112.131.133 - - [17/Mar/2012:20:09:11 -0700] "GET /s/ta/2e1/ HTTP/1.0" 302 631 "-" "Mozilla/5.0 (compatible; Butterfly/1.0; +http://labs.topsy.com/butterfly/) Gecko/2009032608 Firefox/3.0.8"
115.242.141.218 - - [17/Mar/2012:20:10:06 -0700] "-" 400 0 "-" "-"
157.55.112.199 - - [17/Mar/2012:20:10:30 -0700] "-" 400 0 "-" "-"
157.55.112.199 - - [17/Mar/2012:20:10:31 -0700] "-" 400 0 "-" "-"
157.55.112.199 - - [17/Mar/2012:20:10:31 -0700] "-" 400 0 "-" "-"
157.55.112.199 - - [17/Mar/2012:20:10:31 -0700] "-" 400 0 "-" "-"
157.55.112.199 - - [17/Mar/2012:20:10:31 -0700] "-" 400 0 "-" "-"
157.55.112.199 - - [17/Mar/2012:20:10:31 -0700] "-" 400 0 "-" "-"
157.55.112.199 - - [17/Mar/2012:20:10:33 -0700] "-" 400 0 "-" "-"
184.73.52.85 - - [17/Mar/2012:20:10:46 -0700] "HEAD /r/2e1 HTTP/1.1" 301 0 "-" "Mozilla/5.0 (Windows; U; Windows NT 5.1; de; rv:1.9) Gecko/2008052906 Firefox/3.0"
184.73.52.85 - - [17/Mar/2012:20:10:48 -0700] "HEAD /s/ta/2e1/ HTTP/1.1" 302 0 "-" "Mozilla/5.0 (Windows; U; Windows NT 5.1; de; rv:1.9) Gecko/2008052906 Firefox/3.0"
157.55.112.199 - - [17/Mar/2012:20:10:56 -0700] "-" 400 0 "-" "-"
157.55.112.199 - - [17/Mar/2012:20:10:57 -0700] "-" 400 0 "-" "-"
157.55.112.199 - - [17/Mar/2012:20:10:58 -0700] "-" 400 0 "-" "-"
157.55.112.199 - - [17/Mar/2012:20:11:05 -0700] "-" 400 0 "-" "-"
67.215.230.27 - - [17/Mar/2012:20:11:06 -0700] "GET /robots.txt HTTP/1.0" 404 169 "-" "Setooz/Nutch-1.2 (http://www.setooz.com)"
67.215.230.27 - - [17/Mar/2012:20:11:06 -0700] "GET /stories HTTP/1.0" 301 185 "-" "Setooz/Nutch-1.2 (http://www.setooz.com)"
67.215.230.26 - - [17/Mar/2012:20:11:12 -0700] "GET /robots.txt HTTP/1.0" 404 169 "-" "Setooz/Nutch-1.2 (http://www.setooz.com)"
67.215.230.26 - - [17/Mar/2012:20:11:12 -0700] "GET / HTTP/1.0" 200 3439 "-" "Setooz/Nutch-1.2 (http://www.setooz.com)"
69.171.228.251 - - [17/Mar/2012:20:11:39 -0700] "GET /r/1x7m HTTP/1.1" 301 257 "-" "facebookexternalhit/1.1 (+http://www.facebook.com/externalhit_uatext.php)"
69.171.228.248 - - [17/Mar/2012:20:11:42 -0700] "GET /s/ta/1x7m/ HTTP/1.1" 302 513 "-" "facebookexternalhit/1.1 (+http://www.facebook.com/externalhit_uatext.php)"
85.17.88.169 - - [17/Mar/2012:20:12:24 -0700] "POST /blog/wp-cron.php?doing_wp_cron=1332040210 HTTP/1.0" 499 0 "-" "WordPress/3.3.1; http://yuvi.in/blog"
209.85.238.115 - - [17/Mar/2012:20:12:25 -0700] "GET /blog/feed HTTP/1.1" 301 0 "-" "Feedfetcher-Google; (+http://www.google.com/feedfetcher.html; 3 subscribers; feed-id=17684830852112633560)"
85.17.88.169 - - [17/Mar/2012:20:12:27 -0700] "POST /blog/wp-cron.php?doing_wp_cron=1332040212 HTTP/1.0" 499 0 "-" "WordPress/3.3.1; http://yuvi.in/blog"
209.85.238.115 - - [17/Mar/2012:20:12:27 -0700] "GET /blog/feed/ HTTP/1.1" 304 0 "-" "Feedfetcher-Google; (+http://www.google.com/feedfetcher.html; 3 subscribers; feed-id=17684830852112633560)"
85.17.88.169 - - [17/Mar/2012:20:13:13 -0700] "POST /blog/wp-cron.php?doing_wp_cron=1332040258 HTTP/1.0" 499 0 "-" "WordPress/3.3.1; http://yuvi.in/blog"
180.76.6.230 - - [17/Mar/2012:20:13:13 -0700] "GET /blog/?p=154 HTTP/1.1" 301 0 "-" "Mozilla/5.0 (compatible; Baiduspider/2.0; +http://www.baidu.com/search/spider.html)"
85.17.88.169 - - [17/Mar/2012:20:13:15 -0700] "POST /blog/wp-cron.php?doing_wp_cron=1332040260 HTTP/1.0" 499 0 "-" "WordPress/3.3.1; http://yuvi.in/blog"
180.76.5.155 - - [17/Mar/2012:20:13:16 -0700] "GET /blog/sleepsort-4chan/ HTTP/1.1" 200 4805 "-" "Mozilla/5.0 (compatible; Baiduspider/2.0; +http://www.baidu.com/search/spider.html)"
209.85.224.96 - - [17/Mar/2012:20:13:40 -0700] "GET /stories/feed HTTP/1.1" 200 13653 "-" "FeedBurner/1.0 (http://www.FeedBurner.com)"
117.213.88.177 - - [17/Mar/2012:20:15:56 -0700] "-" 400 0 "-" "-"
115.184.94.254 - - [17/Mar/2012:20:16:04 -0700] "-" 400 0 "-" "-"
85.17.88.169 - - [17/Mar/2012:20:16:53 -0700] "POST /blog/wp-cron.php?doing_wp_cron=1332040478 HTTP/1.0" 499 0 "-" "WordPress/3.3.1; http://yuvi.in/blog"
208.115.113.84 - - [17/Mar/2012:20:16:53 -0700] "GET /blog/category/uncategorized/ HTTP/1.1" 200 69145 "-" "Mozilla/5.0 (compatible; Ezooms/1.0; ezooms.bot@gmail.com)"
85.17.88.169 - - [17/Mar/2012:20:17:02 -0700] "POST /blog/wp-cron.php?doing_wp_cron=1332040487 HTTP/1.0" 499 0 "-" "WordPress/3.3.1; http://yuvi.in/blog"
208.115.113.84 - - [17/Mar/2012:20:17:02 -0700] "GET /blog/gsoc-milestones-vala-build-using-autotools/feed/ HTTP/1.1" 200 824 "-" "Mozilla/5.0 (compatible; Ezooms/1.0; ezooms.bot@gmail.com)"
117.213.88.177 - - [17/Mar/2012:20:17:26 -0700] "-" 400 0 "-" "-"
69.171.224.249 - - [17/Mar/2012:20:18:48 -0700] "GET /r/3g7 HTTP/1.1" 301 255 "-" "facebookexternalhit/1.1 (+http://www.facebook.com/externalhit_uatext.php)"
69.171.224.250 - - [17/Mar/2012:20:18:49 -0700] "GET /s/ta/3g7/ HTTP/1.1" 302 465 "-" "facebookexternalhit/1.1 (+http://www.facebook.com/externalhit_uatext.php)"
69.171.224.251 - - [17/Mar/2012:20:20:02 -0700] "GET /r/3g7 HTTP/1.1" 301 255 "-" "facebookexternalhit/1.1 (+http://www.facebook.com/externalhit_uatext.php)"
69.171.224.245 - - [17/Mar/2012:20:20:02 -0700] "GET /s/ta/3g7/ HTTP/1.1" 302 465 "-" "facebookexternalhit/1.1 (+http://www.facebook.com/externalhit_uatext.php)"
124.115.4.202 - - [17/Mar/2012:20:21:49 -0700] "GET / HTTP/1.1" 304 0 "-" "Sosospider+(+http://help.soso.com/webspider.htm)"
122.164.228.5 - - [17/Mar/2012:20:22:42 -0700] "-" 400 0 "-" "-"
122.164.228.5 - - [17/Mar/2012:20:22:42 -0700] "-" 400 0 "-" "-"
122.164.228.5 - - [17/Mar/2012:20:22:42 -0700] "-" 400 0 "-" "-"
122.164.228.5 - - [17/Mar/2012:20:22:42 -0700] "-" 400 0 "-" "-"
122.164.228.5 - - [17/Mar/2012:20:22:42 -0700] "-" 400 0 "-" "-"
69.171.234.7 - - [17/Mar/2012:20:23:50 -0700] "GET /r/3g7 HTTP/1.1" 301 255 "-" "facebookexternalhit/1.1 (+http://www.facebook.com/externalhit_uatext.php)"
69.171.234.3 - - [17/Mar/2012:20:23:50 -0700] "GET /s/ta/3g7/ HTTP/1.1" 302 465 "-" "facebookexternalhit/1.1 (+http://www.facebook.com/externalhit_uatext.php)"
69.171.228.245 - - [17/Mar/2012:20:23:53 -0700] "GET /r/252 HTTP/1.1" 301 255 "-" "facebookexternalhit/1.1 (+http://www.facebook.com/externalhit_uatext.php)"
69.171.228.248 - - [17/Mar/2012:20:23:53 -0700] "GET /s/ta/252/ HTTP/1.1" 302 461 "-" "facebookexternalhit/1.1 (+http://www.facebook.com/externalhit_uatext.php)"
69.171.228.248 - - [17/Mar/2012:20:23:54 -0700] "GET /r/iki HTTP/1.1" 301 255 "-" "facebookexternalhit/1.1 (+http://www.facebook.com/externalhit_uatext.php)"
69.171.228.246 - - [17/Mar/2012:20:23:55 -0700] "GET /s/ta/iki/ HTTP/1.1" 302 589 "-" "facebookexternalhit/1.1 (+http://www.facebook.com/externalhit_uatext.php)"
117.193.160.39 - - [17/Mar/2012:20:24:58 -0700] "-" 400 0 "-" "-"
117.193.160.39 - - [17/Mar/2012:20:24:58 -0700] "-" 400 0 "-" "-"
117.193.160.39 - - [17/Mar/2012:20:24:58 -0700] "-" 400 0 "-" "-"
117.193.160.39 - - [17/Mar/2012:20:24:58 -0700] "-" 400 0 "-" "-"
117.193.160.39 - - [17/Mar/2012:20:24:58 -0700] "-" 400 0 "-" "-"
117.193.160.39 - - [17/Mar/2012:20:24:58 -0700] "-" 400 0 "-" "-"
66.249.68.52 - - [17/Mar/2012:20:25:56 -0700] "GET /s/ta/ry2/ HTTP/1.1" 302 377 "-" "Mozilla/5.0 (compatible; Googlebot/2.1; +http://www.google.com/bot.html)"
66.249.68.52 - - [17/Mar/2012:20:29:42 -0700] "GET /r/2yti HTTP/1.1" 301 257 "-" "Mozilla/5.0 (compatible; Googlebot/2.1; +http://www.google.com/bot.html)"
66.249.68.52 - - [17/Mar/2012:20:29:43 -0700] "GET /s/ta/2yti/ HTTP/1.1" 302 361 "-" "Mozilla/5.0 (compatible; Googlebot/2.1; +http://www.google.com/bot.html)"
122.164.228.5 - - [17/Mar/2012:20:29:52 -0700] "-" 400 0 "-" "-"
122.164.228.5 - - [17/Mar/2012:20:29:52 -0700] "-" 400 0 "-" "-"
122.164.228.5 - - [17/Mar/2012:20:29:52 -0700] "-" 400 0 "-" "-"
122.164.228.5 - - [17/Mar/2012:20:29:52 -0700] "-" 400 0 "-" "-"
122.164.228.5 - - [17/Mar/2012:20:29:52 -0700] "-" 400 0 "-" "-"
117.193.57.216 - - [17/Mar/2012:20:30:00 -0700] "-" 400 0 "-" "-"
117.193.57.216 - - [17/Mar/2012:20:30:00 -0700] "-" 400 0 "-" "-"
85.17.88.169 - - [17/Mar/2012:20:31:28 -0700] "POST /blog/wp-cron.php?doing_wp_cron=1332041353 HTTP/1.0" 499 0 "-" "WordPress/3.3.1; http://yuvi.in/blog"
213.186.127.13 - - [17/Mar/2012:20:31:28 -0700] "GET /blog/2012/02/ HTTP/1.1" 200 4410 "-" "Mozilla/5.0 (compatible; AhrefsBot/2.0; +http://ahrefs.com/robot/)"
85.17.88.169 - - [17/Mar/2012:20:33:51 -0700] "POST /blog/wp-cron.php?doing_wp_cron=1332041496 HTTP/1.0" 499 0 "-" "WordPress/3.3.1; http://yuvi.in/blog"
66.135.57.47 - - [17/Mar/2012:20:33:51 -0700] "GET /blog/my-vimrc/ HTTP/1.0" 200 16009 "-" "Mozilla/5.0 (Windows; U; Windows NT 5.1; rv:1.7.3) Gecko/20041001 Firefox/0.10.1"
85.17.88.169 - - [17/Mar/2012:20:33:54 -0700] "POST /blog/wp-cron.php?doing_wp_cron=1332041499 HTTP/1.0" 499 0 "-" "WordPress/3.3.1; http://yuvi.in/blog"
66.135.57.47 - - [17/Mar/2012:20:33:54 -0700] "GET /blog/college-drop/ HTTP/1.0" 200 18395 "-" "Mozilla/5.0 (Windows; U; Windows NT 5.1; rv:1.7.3) Gecko/20041001 Firefox/0.10.1"
85.17.88.169 - - [17/Mar/2012:20:33:57 -0700] "POST /blog/wp-cron.php?doing_wp_cron=1332041502 HTTP/1.0" 499 0 "-" "WordPress/3.3.1; http://yuvi.in/blog"
66.135.57.47 - - [17/Mar/2012:20:33:57 -0700] "GET /blog/passing-headers-proxying-nginx/ HTTP/1.0" 200 16690 "-" "Mozilla/5.0 (Windows; U; Windows NT 5.1; rv:1.7.3) Gecko/20041001 Firefox/0.10.1"
85.17.88.169 - - [17/Mar/2012:20:34:00 -0700] "POST /blog/wp-cron.php?doing_wp_cron=1332041505 HTTP/1.0" 499 0 "-" "WordPress/3.3.1; http://yuvi.in/blog"
66.135.57.47 - - [17/Mar/2012:20:34:00 -0700] "GET /blog/program/ HTTP/1.0" 200 27214 "-" "Mozilla/5.0 (Windows; U; Windows NT 5.1; rv:1.7.3) Gecko/20041001 Firefox/0.10.1"
85.17.88.169 - - [17/Mar/2012:20:34:03 -0700] "POST /blog/wp-cron.php?doing_wp_cron=1332041508 HTTP/1.0" 499 0 "-" "WordPress/3.3.1; http://yuvi.in/blog"
66.135.57.47 - - [17/Mar/2012:20:34:04 -0700] "GET /blog/devlog-december-26-2011/ HTTP/1.0" 200 16694 "-" "Mozilla/5.0 (Windows; U; Windows NT 5.1; rv:1.7.3) Gecko/20041001 Firefox/0.10.1"
85.17.88.169 - - [17/Mar/2012:20:34:06 -0700] "POST /blog/wp-cron.php?doing_wp_cron=1332041512 HTTP/1.0" 499 0 "-" "WordPress/3.3.1; http://yuvi.in/blog"
66.135.57.47 - - [17/Mar/2012:20:34:07 -0700] "GET /blog/devlog-december-23-2011/ HTTP/1.0" 200 16517 "-" "Mozilla/5.0 (Windows; U; Windows NT 5.1; rv:1.7.3) Gecko/20041001 Firefox/0.10.1"
85.17.88.169 - - [17/Mar/2012:20:34:10 -0700] "POST /blog/wp-cron.php?doing_wp_cron=1332041515 HTTP/1.0" 499 0 "-" "WordPress/3.3.1; http://yuvi.in/blog"
66.135.57.47 - - [17/Mar/2012:20:34:10 -0700] "GET /blog/devlog-december-21-2011/ HTTP/1.0" 200 17121 "-" "Mozilla/5.0 (Windows; U; Windows NT 5.1; rv:1.7.3) Gecko/20041001 Firefox/0.10.1"
66.135.57.47 - - [17/Mar/2012:20:34:12 -0700] "GET /blog/devlog-december-11-2011/ HTTP/1.0" 200 16592 "-" "Mozilla/5.0 (Windows; U; Windows NT 5.1; rv:1.7.3) Gecko/20041001 Firefox/0.10.1"
66.135.57.47 - - [17/Mar/2012:20:34:14 -0700] "GET /blog/devlog-december-10-2011/ HTTP/1.0" 200 16387 "-" "Mozilla/5.0 (Windows; U; Windows NT 5.1; rv:1.7.3) Gecko/20041001 Firefox/0.10.1"
66.135.57.47 - - [17/Mar/2012:20:34:16 -0700] "GET /blog/devlog-december-7-2011/ HTTP/1.0" 200 16833 "-" "Mozilla/5.0 (Windows; U; Windows NT 5.1; rv:1.7.3) Gecko/20041001 Firefox/0.10.1"
180.76.5.103 - - [17/Mar/2012:20:34:46 -0700] "GET /blog/2010/05/30/ HTTP/1.1" 200 5462 "-" "Mozilla/5.0 (compatible; Baiduspider/2.0; +http://www.baidu.com/search/spider.html)"
85.17.88.169 - - [17/Mar/2012:20:37:13 -0700] "POST /blog/wp-cron.php?doing_wp_cron=1332041698 HTTP/1.0" 499 0 "-" "WordPress/3.3.1; http://yuvi.in/blog"
209.85.224.86 - - [17/Mar/2012:20:37:14 -0700] "GET /blog/feed HTTP/1.1" 304 0 "-" "FeedBurner/1.0 (http://www.FeedBurner.com)"
85.17.88.169 - - [17/Mar/2012:20:37:18 -0700] "POST /blog/wp-cron.php?doing_wp_cron=1332041703 HTTP/1.0" 499 0 "-" "WordPress/3.3.1; http://yuvi.in/blog"
66.249.67.123 - - [17/Mar/2012:20:37:18 -0700] "GET /blog/2012/02/ HTTP/1.1" 200 4410 "-" "Mozilla/5.0 (compatible; Googlebot/2.1; +http://www.google.com/bot.html)"
69.171.228.244 - - [17/Mar/2012:20:38:02 -0700] "GET /r/252 HTTP/1.1" 301 255 "-" "facebookexternalhit/1.1 (+http://www.facebook.com/externalhit_uatext.php)"
69.171.228.248 - - [17/Mar/2012:20:38:02 -0700] "GET /s/ta/252/ HTTP/1.1" 302 461 "-" "facebookexternalhit/1.1 (+http://www.facebook.com/externalhit_uatext.php)"
117.193.62.212 - - [17/Mar/2012:20:38:26 -0700] "-" 400 0 "-" "-"
69.171.229.248 - - [17/Mar/2012:20:42:59 -0700] "GET /r/1x7m HTTP/1.1" 301 257 "-" "facebookexternalhit/1.1 (+http://www.facebook.com/externalhit_uatext.php)"
69.171.229.249 - - [17/Mar/2012:20:42:59 -0700] "GET /s/ta/1x7m/ HTTP/1.1" 302 513 "-" "facebookexternalhit/1.1 (+http://www.facebook.com/externalhit_uatext.php)"
65.255.37.182 - - [17/Mar/2012:20:47:18 -0700] "GET /r/1z64 HTTP/1.1" 301 257 "http://www.muthukamalam.com/dailysites/main.html" "Nokia5130c-2/2.0 (07.95) Profile/MIDP-2.1 Configuration/CLDC-1.1 Mozilla/5.0 (Java; U; en-us; nokia5130c-2) UCBrowser8.2.0.132/70/352/UCWEB Mobile"
65.255.37.182 - - [17/Mar/2012:20:47:18 -0700] "GET /s/ta/1z64/ HTTP/1.1" 302 557 "http://www.muthukamalam.com/dailysites/main.html" "Nokia5130c-2/2.0 (07.95) Profile/MIDP-2.1 Configuration/CLDC-1.1 Mozilla/5.0 (Java; U; en-us; nokia5130c-2) UCBrowser8.2.0.132/70/352/UCWEB Mobile"
85.17.88.169 - - [17/Mar/2012:20:48:28 -0700] "POST /blog/wp-cron.php?doing_wp_cron=1332042373 HTTP/1.0" 499 0 "-" "WordPress/3.3.1; http://yuvi.in/blog"
66.249.67.123 - - [17/Mar/2012:20:48:29 -0700] "GET /blog/feed/atom/ HTTP/1.1" 304 0 "-" "Mozilla/5.0 (compatible; Googlebot/2.1; +http://www.google.com/bot.html)"
69.171.229.244 - - [17/Mar/2012:20:48:29 -0700] "GET /r/252 HTTP/1.1" 301 255 "-" "facebookexternalhit/1.1 (+http://www.facebook.com/externalhit_uatext.php)"
69.171.229.247 - - [17/Mar/2012:20:48:29 -0700] "GET /s/ta/252/ HTTP/1.1" 302 461 "-" "facebookexternalhit/1.1 (+http://www.facebook.com/externalhit_uatext.php)"
50.17.164.160 - - [17/Mar/2012:20:49:31 -0700] "GET / HTTP/1.0" 200 3439 "-" "linkdex.com/v2.0"
66.220.146.244 - - [17/Mar/2012:20:49:35 -0700] "GET /r/44u HTTP/1.1" 301 255 "-" "facebookexternalhit/1.1 (+http://www.facebook.com/externalhit_uatext.php)"
66.220.146.245 - - [17/Mar/2012:20:49:35 -0700] "GET /s/ta/44u/ HTTP/1.1" 302 349 "-" "facebookexternalhit/1.1 (+http://www.facebook.com/externalhit_uatext.php)"
89.151.99.94 - - [17/Mar/2012:20:51:26 -0700] "GET /r/2e1 HTTP/1.1" 301 255 "-" "Mozilla/5.0 (compatible; TweetmemeBot/2.11; +http://tweetmeme.com/)"
89.151.99.94 - - [17/Mar/2012:20:51:27 -0700] "GET /s/ta/2e1/ HTTP/1.1" 302 631 "-" "Mozilla/5.0 (compatible; TweetmemeBot/2.11; +http://tweetmeme.com/)"
85.17.88.169 - - [17/Mar/2012:20:54:13 -0700] "POST /blog/wp-cron.php?doing_wp_cron=1332042718 HTTP/1.0" 499 0 "-" "WordPress/3.3.1; http://yuvi.in/blog"
180.76.5.142 - - [17/Mar/2012:20:54:14 -0700] "GET /blog/2011/06/14/ HTTP/1.1" 200 6595 "-" "Mozilla/5.0 (compatible; Baiduspider/2.0; +http://www.baidu.com/search/spider.html)"
85.17.88.169 - - [17/Mar/2012:20:55:46 -0700] "POST /blog/wp-cron.php?doing_wp_cron=1332042811 HTTP/1.0" 499 0 "-" "WordPress/3.3.1; http://yuvi.in/blog"
173.213.114.69 - - [17/Mar/2012:20:55:48 -0700] "GET /blog/category/personal/ HTTP/1.0" 200 46081 "http://www.linklegends.com/free-trial" "Mozilla/5.0 (Windows; U; Windows NT 5.1; en-US; rv:1.9.0.14) Gecko/2009082707 Firefox/3.0.14 (.NET CLR 3.5.30729)"
69.171.229.251 - - [17/Mar/2012:20:59:10 -0700] "GET /r/1x7m HTTP/1.1" 301 257 "-" "facebookexternalhit/1.1 (+http://www.facebook.com/externalhit_uatext.php)"
203.189.186.113 - - [17/Mar/2012:20:59:10 -0700] "GET /r/1hwf HTTP/1.1" 301 257 "http://ta.wikipedia.org/wiki/%E0%AE%B5%E0%AF%87%E0%AE%B3%E0%AE%BE%E0%AE%A3%E0%AF%8D%E0%AE%AE%E0%AF%88" "Mozilla/5.0 (Windows NT 5.1; rv:10.0.2) Gecko/20100101 Firefox/10.0.2"
69.171.229.250 - - [17/Mar/2012:20:59:10 -0700] "GET /s/ta/1x7m/ HTTP/1.1" 302 513 "-" "facebookexternalhit/1.1 (+http://www.facebook.com/externalhit_uatext.php)"
203.189.186.113 - - [17/Mar/2012:20:59:12 -0700] "GET /s/ta/1hwf/ HTTP/1.1" 302 361 "http://ta.wikipedia.org/wiki/%E0%AE%B5%E0%AF%87%E0%AE%B3%E0%AE%BE%E0%AE%A3%E0%AF%8D%E0%AE%AE%E0%AF%88" "Mozilla/5.0 (Windows NT 5.1; rv:10.0.2) Gecko/20100101 Firefox/10.0.2"
69.171.234.0 - - [17/Mar/2012:21:00:09 -0700] "GET /r/2tx HTTP/1.1" 301 255 "-" "facebookexternalhit/1.1 (+http://www.facebook.com/externalhit_uatext.php)"
69.171.234.3 - - [17/Mar/2012:21:00:09 -0700] "GET /s/ta/2tx/ HTTP/1.1" 302 387 "-" "facebookexternalhit/1.1 (+http://www.facebook.com/externalhit_uatext.php)"
66.220.149.246 - - [17/Mar/2012:21:01:16 -0700] "GET /r/1eg5 HTTP/1.1" 301 257 "-" "facebookexternalhit/1.1 (+http://www.facebook.com/externalhit_uatext.php)"
66.220.149.246 - - [17/Mar/2012:21:01:17 -0700] "GET /s/ta/1eg5/ HTTP/1.1" 302 337 "-" "facebookexternalhit/1.1 (+http://www.facebook.com/externalhit_uatext.php)"
69.171.224.248 - - [17/Mar/2012:21:02:01 -0700] "GET /r/19ax HTTP/1.1" 301 257 "-" "facebookexternalhit/1.1 (+http://www.facebook.com/externalhit_uatext.php)"
69.171.224.249 - - [17/Mar/2012:21:02:02 -0700] "GET /s/ta/19ax/ HTTP/1.1" 302 465 "-" "facebookexternalhit/1.1 (+http://www.facebook.com/externalhit_uatext.php)"
69.171.234.1 - - [17/Mar/2012:21:02:14 -0700] "GET /r/2tx HTTP/1.1" 301 255 "-" "facebookexternalhit/1.1 (+http://www.facebook.com/externalhit_uatext.php)"
69.171.234.5 - - [17/Mar/2012:21:02:14 -0700] "GET /s/ta/2tx/ HTTP/1.1" 302 387 "-" "facebookexternalhit/1.1 (+http://www.facebook.com/externalhit_uatext.php)"
85.17.88.169 - - [17/Mar/2012:21:02:27 -0700] "POST /blog/wp-cron.php?doing_wp_cron=1332043211 HTTP/1.0" 499 0 "-" "WordPress/3.3.1; http://yuvi.in/blog"
183.82.78.91 - - [17/Mar/2012:21:02:27 -0700] "GET /blog/feed/ HTTP/1.0" 304 0 "-" "FeedDemon/4.0 (http://www.feeddemon.com/; Microsoft Windows)"
122.172.6.112 - - [17/Mar/2012:21:04:37 -0700] "GET / HTTP/1.1" 200 1430 "-" "Reeder/1.5.5 CFNetwork/548.1.4 Darwin/11.0.0"
122.172.6.112 - - [17/Mar/2012:21:04:37 -0700] "GET /favicon.ico HTTP/1.1" 404 142 "-" "Reeder/1.5.5 CFNetwork/548.1.4 Darwin/11.0.0"
122.172.6.112 - - [17/Mar/2012:21:04:37 -0700] "GET /apple-touch-icon.png HTTP/1.1" 404 142 "-" "Reeder/1.5.5 CFNetwork/548.1.4 Darwin/11.0.0"
122.172.6.112 - - [17/Mar/2012:21:04:38 -0700] "GET /apple-touch-icon-precomposed.png HTTP/1.1" 404 142 "-" "Reeder/1.5.5 CFNetwork/548.1.4 Darwin/11.0.0"
117.193.172.203 - - [17/Mar/2012:21:05:15 -0700] "-" 400 0 "-" "-"
85.17.88.169 - - [17/Mar/2012:21:05:45 -0700] "POST /blog/wp-cron.php?doing_wp_cron=1332043410 HTTP/1.0" 499 0 "-" "WordPress/3.3.1; http://yuvi.in/blog"
209.85.238.115 - - [17/Mar/2012:21:05:45 -0700] "GET /blog/feed HTTP/1.1" 301 0 "-" "Feedfetcher-Google; (+http://www.google.com/feedfetcher.html; 3 subscribers; feed-id=17684830852112633560)"
