220.181.108.90 - - [15/Apr/2012:10:48:40 -0700] "GET / HTTP/1.1" 200 3439 "-" "Mozilla/5.0 (compatible; Baiduspider/2.0; +http://www.baidu.com/search/spider.html)"
117.193.3.151 - - [15/Apr/2012:10:50:32 -0700] "-" 400 0 "-" "-"
207.46.199.20 - - [15/Apr/2012:10:51:54 -0700] "-" 400 0 "-" "-"
207.46.199.20 - - [15/Apr/2012:10:51:54 -0700] "-" 400 0 "-" "-"
207.46.199.20 - - [15/Apr/2012:10:51:55 -0700] "-" 400 0 "-" "-"
207.46.199.20 - - [15/Apr/2012:10:51:55 -0700] "-" 400 0 "-" "-"
207.46.199.20 - - [15/Apr/2012:10:51:56 -0700] "-" 400 0 "-" "-"
207.46.199.20 - - [15/Apr/2012:10:51:56 -0700] "-" 400 0 "-" "-"
207.46.199.20 - - [15/Apr/2012:10:51:56 -0700] "-" 400 0 "-" "-"
207.46.199.20 - - [15/Apr/2012:10:51:56 -0700] "-" 400 0 "-" "-"
207.46.199.20 - - [15/Apr/2012:10:51:56 -0700] "-" 400 0 "-" "-"
207.46.199.20 - - [15/Apr/2012:10:52:20 -0700] "-" 400 0 "-" "-"
207.46.199.20 - - [15/Apr/2012:10:52:21 -0700] "-" 400 0 "-" "-"
66.249.73.90 - - [15/Apr/2012:10:52:28 -0700] "GET /chennai/stage/2418 HTTP/1.1" 404 142 "-" "Mozilla/5.0 (compatible; Googlebot/2.1; +http://www.google.com/bot.html)"
59.163.27.11 - - [15/Apr/2012:10:53:39 -0700] "GET /AssessmentBar/r/Unassessed_India_articles/ HTTP/1.1" 302 283 "http://en.wikipedia.org/wiki/Raju_Shetti" "Mozilla/5.0 (Windows NT 5.1) AppleWebKit/535.11 (KHTML, like Gecko) Chrome/17.0.963.83 Safari/535.11"
59.163.27.11 - - [15/Apr/2012:10:54:04 -0700] "GET /AssessmentBar/r/Unassessed_India_articles/ HTTP/1.1" 302 295 "http://en.wikipedia.org/wiki/Shekhar_Gurera" "Mozilla/5.0 (Windows NT 5.1) AppleWebKit/535.11 (KHTML, like Gecko) Chrome/17.0.963.83 Safari/535.11"
59.163.27.11 - - [15/Apr/2012:10:54:11 -0700] "GET /AssessmentBar/r/Unassessed_India_articles/ HTTP/1.1" 302 307 "http://en.wikipedia.org/wiki/Telugu_films_of_1941" "Mozilla/5.0 (Windows NT 5.1) AppleWebKit/535.11 (KHTML, like Gecko) Chrome/17.0.963.83 Safari/535.11"
59.163.27.11 - - [15/Apr/2012:10:54:17 -0700] "GET /AssessmentBar/r/Unassessed_India_articles/ HTTP/1.1" 302 267 "http://en.wikipedia.org/wiki/Asian_Educational_Services" "Mozilla/5.0 (Windows NT 5.1) AppleWebKit/535.11 (KHTML, like Gecko) Chrome/17.0.963.83 Safari/535.11"
85.17.88.169 - - [15/Apr/2012:10:55:11 -0700] "POST /blog/wp-cron.php?doing_wp_cron=1334512148 HTTP/1.0" 499 0 "-" "WordPress/3.3.1; http://yuvi.in/blog"
209.85.224.92 - - [15/Apr/2012:10:55:12 -0700] "GET /blog/feed HTTP/1.1" 304 0 "-" "FeedBurner/1.0 (http://www.FeedBurner.com)"
85.17.88.169 - - [15/Apr/2012:10:59:17 -0700] "POST /blog/wp-cron.php?doing_wp_cron=1334512394 HTTP/1.0" 499 0 "-" "WordPress/3.3.1; http://yuvi.in/blog"
209.85.238.182 - - [15/Apr/2012:10:59:18 -0700] "GET /blog/feed/ HTTP/1.1" 304 0 "-" "Feedfetcher-Google; (+http://www.google.com/feedfetcher.html; 19 subscribers; feed-id=15064232456473204253)"
184.73.23.198 - - [15/Apr/2012:11:00:02 -0700] "GET /blog/story-average-indian-techie/ HTTP/1.1" 200 14155 "-" "Apache-HttpClient/4.1 (java 1.5)"
67.215.230.28 - - [15/Apr/2012:11:01:41 -0700] "GET /robots.txt HTTP/1.0" 404 169 "-" "Setooz/Nutch-1.2 (http://www.setooz.com)"
67.215.230.28 - - [15/Apr/2012:11:01:41 -0700] "GET /stories HTTP/1.0" 301 185 "-" "Setooz/Nutch-1.2 (http://www.setooz.com)"
67.215.230.26 - - [15/Apr/2012:11:01:43 -0700] "GET /robots.txt HTTP/1.0" 404 169 "-" "Setooz/Nutch-1.2 (http://www.setooz.com)"
67.215.230.26 - - [15/Apr/2012:11:01:43 -0700] "GET / HTTP/1.0" 200 3439 "-" "Setooz/Nutch-1.2 (http://www.setooz.com)"
59.163.27.11 - - [15/Apr/2012:11:04:02 -0700] "GET /AssessmentBar/r/Unassessed_India_articles/ HTTP/1.1" 302 341 "http://en.wikipedia.org/wiki/Vartak" "Mozilla/5.0 (Windows NT 5.1) AppleWebKit/535.11 (KHTML, like Gecko) Chrome/17.0.963.83 Safari/535.11"
59.163.27.11 - - [15/Apr/2012:11:04:15 -0700] "GET /AssessmentBar/r/Unassessed_India_articles/ HTTP/1.1" 302 269 "http://en.wikipedia.org/wiki/Indira_Gandhi_Institute_of_Medical_Sciences" "Mozilla/5.0 (Windows NT 5.1) AppleWebKit/535.11 (KHTML, like Gecko) Chrome/17.0.963.83 Safari/535.11"
59.163.27.11 - - [15/Apr/2012:11:04:24 -0700] "GET /AssessmentBar/r/Unassessed_India_articles/ HTTP/1.1" 302 291 "http://en.wikipedia.org/wiki/Attukal" "Mozilla/5.0 (Windows NT 5.1) AppleWebKit/535.11 (KHTML, like Gecko) Chrome/17.0.963.83 Safari/535.11"
59.163.27.11 - - [15/Apr/2012:11:04:44 -0700] "GET /AssessmentBar/r/Unassessed_India_articles/ HTTP/1.1" 302 269 "http://en.wikipedia.org/wiki/Pramathanath_Mitra" "Mozilla/5.0 (Windows NT 5.1) AppleWebKit/535.11 (KHTML, like Gecko) Chrome/17.0.963.83 Safari/535.11"
59.163.27.11 - - [15/Apr/2012:11:05:12 -0700] "GET /AssessmentBar/r/Unassessed_India_articles/ HTTP/1.1" 302 281 "http://en.wikipedia.org/wiki/Nadigan" "Mozilla/5.0 (Windows NT 5.1) AppleWebKit/535.11 (KHTML, like Gecko) Chrome/17.0.963.83 Safari/535.11"
59.163.27.11 - - [15/Apr/2012:11:05:18 -0700] "GET /AssessmentBar/r/Unassessed_India_articles/ HTTP/1.1" 302 267 "http://en.wikipedia.org/wiki/Kam_Ya_Zyaada" "Mozilla/5.0 (Windows NT 5.1) AppleWebKit/535.11 (KHTML, like Gecko) Chrome/17.0.963.83 Safari/535.11"
59.163.27.11 - - [15/Apr/2012:11:05:49 -0700] "GET /AssessmentBar/r/Unassessed_India_articles/ HTTP/1.1" 302 305 "http://en.wikipedia.org/wiki/Chhina" "Mozilla/5.0 (Windows NT 5.1) AppleWebKit/535.11 (KHTML, like Gecko) Chrome/17.0.963.83 Safari/535.11"
59.163.27.11 - - [15/Apr/2012:11:05:55 -0700] "GET /AssessmentBar/r/Unassessed_India_articles/ HTTP/1.1" 302 295 "http://en.wikipedia.org/wiki/Janamanchi_Seshadri_Sarma" "Mozilla/5.0 (Windows NT 5.1) AppleWebKit/535.11 (KHTML, like Gecko) Chrome/17.0.963.83 Safari/535.11"
122.174.51.191 - - [15/Apr/2012:11:05:56 -0700] "GET / HTTP/1.1" 200 1430 "http://www.google.co.in/url?sa=t&rct=j&q=yuvi%20panda&source=web&cd=1&sqi=2&ved=0CC0QFjAA&url=http%3A%2F%2Fyuvi.in%2F&ei=lQyLT76PBJHQrQfKov3ZCw&usg=AFQjCNGCp_KinRzG9gFsQqxb60Cy8lsxnA" "Mozilla/5.0 (Windows NT 5.1) AppleWebKit/535.19 (KHTML, like Gecko) Chrome/18.0.1025.162 Safari/535.19"
122.174.51.191 - - [15/Apr/2012:11:05:56 -0700] "GET /blueprint/screen.css HTTP/1.1" 200 12058 "http://yuvi.in/" "Mozilla/5.0 (Windows NT 5.1) AppleWebKit/535.19 (KHTML, like Gecko) Chrome/18.0.1025.162 Safari/535.19"
122.174.51.191 - - [15/Apr/2012:11:05:57 -0700] "GET /blueprint/print.css HTTP/1.1" 200 1284 "http://yuvi.in/" "Mozilla/5.0 (Windows NT 5.1) AppleWebKit/535.19 (KHTML, like Gecko) Chrome/18.0.1025.162 Safari/535.19"
122.174.51.191 - - [15/Apr/2012:11:05:57 -0700] "GET /header.png HTTP/1.1" 200 14249 "http://yuvi.in/" "Mozilla/5.0 (Windows NT 5.1) AppleWebKit/535.19 (KHTML, like Gecko) Chrome/18.0.1025.162 Safari/535.19"
122.174.51.191 - - [15/Apr/2012:11:05:58 -0700] "GET /favicon.ico HTTP/1.1" 404 199 "-" "Mozilla/5.0 (Windows NT 5.1) AppleWebKit/535.19 (KHTML, like Gecko) Chrome/18.0.1025.162 Safari/535.19"
122.174.51.191 - - [15/Apr/2012:11:06:03 -0700] "GET /blog HTTP/1.1" 301 178 "http://yuvi.in/" "Mozilla/5.0 (Windows NT 5.1) AppleWebKit/535.19 (KHTML, like Gecko) Chrome/18.0.1025.162 Safari/535.19"
85.17.88.169 - - [15/Apr/2012:11:06:05 -0700] "POST /blog/wp-cron.php?doing_wp_cron=1334512802 HTTP/1.0" 499 0 "-" "WordPress/3.3.1; http://yuvi.in/blog"
122.174.51.191 - - [15/Apr/2012:11:06:05 -0700] "GET /blog/ HTTP/1.1" 200 9194 "http://yuvi.in/" "Mozilla/5.0 (Windows NT 5.1) AppleWebKit/535.19 (KHTML, like Gecko) Chrome/18.0.1025.162 Safari/535.19"
122.174.51.191 - - [15/Apr/2012:11:06:06 -0700] "GET /blog/wp-content/themes/cleanr/style.css HTTP/1.1" 200 10508 "http://yuvi.in/blog/" "Mozilla/5.0 (Windows NT 5.1) AppleWebKit/535.19 (KHTML, like Gecko) Chrome/18.0.1025.162 Safari/535.19"
122.174.51.191 - - [15/Apr/2012:11:06:07 -0700] "GET /blog/wp-content/themes/cleanr/js/jquery.dropdown.js?ver=3.3.1 HTTP/1.1" 200 535 "http://yuvi.in/blog/" "Mozilla/5.0 (Windows NT 5.1) AppleWebKit/535.19 (KHTML, like Gecko) Chrome/18.0.1025.162 Safari/535.19"
122.174.51.191 - - [15/Apr/2012:11:06:07 -0700] "GET /blog/wp-content/themes/cleanr/css/text.css HTTP/1.1" 200 420 "http://yuvi.in/blog/" "Mozilla/5.0 (Windows NT 5.1) AppleWebKit/535.19 (KHTML, like Gecko) Chrome/18.0.1025.162 Safari/535.19"
122.174.51.191 - - [15/Apr/2012:11:06:07 -0700] "GET /blog/wp-content/themes/cleanr/css/reset.css HTTP/1.1" 200 648 "http://yuvi.in/blog/" "Mozilla/5.0 (Windows NT 5.1) AppleWebKit/535.19 (KHTML, like Gecko) Chrome/18.0.1025.162 Safari/535.19"
122.174.51.191 - - [15/Apr/2012:11:06:07 -0700] "GET /blog/wp-content/themes/cleanr/css/960.css HTTP/1.1" 200 3628 "http://yuvi.in/blog/" "Mozilla/5.0 (Windows NT 5.1) AppleWebKit/535.19 (KHTML, like Gecko) Chrome/18.0.1025.162 Safari/535.19"
122.174.51.191 - - [15/Apr/2012:11:06:08 -0700] "GET /blog/wp-includes/js/jquery/jquery.js?ver=1.7.1 HTTP/1.1" 200 93889 "http://yuvi.in/blog/" "Mozilla/5.0 (Windows NT 5.1) AppleWebKit/535.19 (KHTML, like Gecko) Chrome/18.0.1025.162 Safari/535.19"
122.174.51.191 - - [15/Apr/2012:11:06:09 -0700] "GET /blog/wp-content/themes/cleanr/images/search_magnifier.gif HTTP/1.1" 200 394 "http://yuvi.in/blog/" "Mozilla/5.0 (Windows NT 5.1) AppleWebKit/535.19 (KHTML, like Gecko) Chrome/18.0.1025.162 Safari/535.19"
122.174.51.191 - - [15/Apr/2012:11:06:10 -0700] "GET /favicon.ico HTTP/1.1" 404 199 "-" "Mozilla/5.0 (Windows NT 5.1) AppleWebKit/535.19 (KHTML, like Gecko) Chrome/18.0.1025.162 Safari/535.19"
122.174.51.191 - - [15/Apr/2012:11:06:29 -0700] "GET /blog/ HTTP/1.1" 200 9194 "http://yuvi.in/blog/" "Mozilla/5.0 (Windows NT 5.1) AppleWebKit/535.19 (KHTML, like Gecko) Chrome/18.0.1025.162 Safari/535.19"
122.174.51.191 - - [15/Apr/2012:11:06:29 -0700] "GET /favicon.ico HTTP/1.1" 404 199 "-" "Mozilla/5.0 (Windows NT 5.1) AppleWebKit/535.19 (KHTML, like Gecko) Chrome/18.0.1025.162 Safari/535.19"
59.163.27.11 - - [15/Apr/2012:11:06:31 -0700] "GET /AssessmentBar/r/Unassessed_India_articles/ HTTP/1.1" 302 277 "http://en.wikipedia.org/wiki/Joshua_Mar_Ignathios" "Mozilla/5.0 (Windows NT 5.1) AppleWebKit/535.11 (KHTML, like Gecko) Chrome/17.0.963.83 Safari/535.11"
122.174.51.191 - - [15/Apr/2012:11:06:32 -0700] "GET /favicon.ico HTTP/1.1" 404 199 "-" "Mozilla/5.0 (Windows NT 5.1) AppleWebKit/535.19 (KHTML, like Gecko) Chrome/18.0.1025.162 Safari/535.19"
59.163.27.11 - - [15/Apr/2012:11:06:38 -0700] "GET /AssessmentBar/r/Unassessed_India_articles/ HTTP/1.1" 302 275 "http://en.wikipedia.org/wiki/Hariharganj" "Mozilla/5.0 (Windows NT 5.1) AppleWebKit/535.11 (KHTML, like Gecko) Chrome/17.0.963.83 Safari/535.11"
122.174.51.191 - - [15/Apr/2012:11:06:42 -0700] "GET /favicon.ico HTTP/1.1" 404 199 "-" "Mozilla/5.0 (Windows NT 5.1) AppleWebKit/535.19 (KHTML, like Gecko) Chrome/18.0.1025.162 Safari/535.19"
85.17.88.169 - - [15/Apr/2012:11:08:55 -0700] "POST /blog/wp-cron.php?doing_wp_cron=1334512971 HTTP/1.0" 499 0 "-" "WordPress/3.3.1; http://yuvi.in/blog"
100.43.83.144 - - [15/Apr/2012:11:08:55 -0700] "GET /blog/learnt-reading-javascript-good-parts/ HTTP/1.1" 200 5598 "-" "Mozilla/5.0 (compatible; YandexBot/3.0; +http://yandex.com/bots)"
180.76.5.190 - - [15/Apr/2012:11:10:52 -0700] "GET /robots.txt HTTP/1.1" 404 142 "-" "Mozilla/5.0 (Windows NT 5.1; rv:6.0.2) Gecko/20100101 Firefox/6.0.2"
85.17.88.169 - - [15/Apr/2012:11:13:38 -0700] "POST /blog/wp-cron.php?doing_wp_cron=1334513254 HTTP/1.0" 499 0 "-" "WordPress/3.3.1; http://yuvi.in/blog"
101.226.33.189 - - [15/Apr/2012:11:13:38 -0700] "GET /blog/feed HTTP/1.0" 304 0 "-" "Mozilla/4.0 (compatible; Windows;)"
117.193.135.135 - - [15/Apr/2012:11:15:17 -0700] "-" 400 0 "-" "-"
117.193.135.135 - - [15/Apr/2012:11:15:17 -0700] "-" 400 0 "-" "-"
117.193.135.135 - - [15/Apr/2012:11:15:17 -0700] "-" 400 0 "-" "-"
117.193.135.135 - - [15/Apr/2012:11:15:17 -0700] "-" 400 0 "-" "-"
117.193.135.135 - - [15/Apr/2012:11:16:17 -0700] "-" 400 0 "-" "-"
117.193.135.135 - - [15/Apr/2012:11:16:17 -0700] "-" 400 0 "-" "-"
117.193.135.135 - - [15/Apr/2012:11:16:17 -0700] "-" 400 0 "-" "-"
117.193.135.135 - - [15/Apr/2012:11:16:17 -0700] "-" 400 0 "-" "-"
117.193.135.135 - - [15/Apr/2012:11:16:17 -0700] "-" 400 0 "-" "-"
199.5.47.1 - - [15/Apr/2012:11:16:18 -0700] "GET /r/1hcr HTTP/1.1" 301 257 "http://ta.wikipedia.org/wiki/%E0%AE%9A%E0%AE%BF%E0%AE%A4%E0%AF%8D%E0%AE%A4_%E0%AE%B0%E0%AE%95%E0%AE%9A%E0%AE%BF%E0%AE%AF%E0%AE%AE%E0%AF%8D_(%E0%AE%A8%E0%AF%82%E0%AE%B2%E0%AF%8D)" "Mozilla/5.0 (Windows NT 5.1; rv:10.0.2) Gecko/20100101 Firefox/10.0.2"
199.5.47.1 - - [15/Apr/2012:11:16:19 -0700] "GET /s/ta/1hcr/ HTTP/1.1" 302 473 "http://ta.wikipedia.org/wiki/%E0%AE%9A%E0%AE%BF%E0%AE%A4%E0%AF%8D%E0%AE%A4_%E0%AE%B0%E0%AE%95%E0%AE%9A%E0%AE%BF%E0%AE%AF%E0%AE%AE%E0%AF%8D_(%E0%AE%A8%E0%AF%82%E0%AE%B2%E0%AF%8D)" "Mozilla/5.0 (Windows NT 5.1; rv:10.0.2) Gecko/20100101 Firefox/10.0.2"
199.5.47.1 - - [15/Apr/2012:11:16:23 -0700] "-" 400 0 "-" "-"
117.193.135.135 - - [15/Apr/2012:11:16:57 -0700] "-" 400 0 "-" "-"
117.193.135.135 - - [15/Apr/2012:11:16:57 -0700] "-" 400 0 "-" "-"
117.193.135.135 - - [15/Apr/2012:11:16:57 -0700] "-" 400 0 "-" "-"
117.193.135.135 - - [15/Apr/2012:11:16:57 -0700] "-" 400 0 "-" "-"
117.193.135.135 - - [15/Apr/2012:11:16:57 -0700] "-" 400 0 "-" "-"
212.22.54.253 - - [15/Apr/2012:11:17:01 -0700] "GET /r/fsn HTTP/1.1" 301 255 "http://www.tuenti.com/" "Mozilla/5.0 (Windows NT 6.1; WOW64) AppleWebKit/535.19 (KHTML, like Gecko) Chrome/18.0.1025.151 Safari/535.19"
212.22.54.253 - - [15/Apr/2012:11:17:01 -0700] "GET /s/ta/fsn/ HTTP/1.1" 302 437 "http://www.tuenti.com/" "Mozilla/5.0 (Windows NT 6.1; WOW64) AppleWebKit/535.19 (KHTML, like Gecko) Chrome/18.0.1025.151 Safari/535.19"
117.193.135.135 - - [15/Apr/2012:11:17:17 -0700] "-" 400 0 "-" "-"
117.193.135.135 - - [15/Apr/2012:11:17:17 -0700] "-" 400 0 "-" "-"
117.193.135.135 - - [15/Apr/2012:11:17:17 -0700] "-" 400 0 "-" "-"
117.193.135.135 - - [15/Apr/2012:11:17:17 -0700] "-" 400 0 "-" "-"
117.193.135.135 - - [15/Apr/2012:11:17:17 -0700] "-" 400 0 "-" "-"
14.96.74.97 - - [15/Apr/2012:11:17:46 -0700] "-" 400 0 "-" "-"
117.193.135.135 - - [15/Apr/2012:11:18:47 -0700] "-" 400 0 "-" "-"
117.193.135.135 - - [15/Apr/2012:11:18:47 -0700] "-" 400 0 "-" "-"
117.193.135.135 - - [15/Apr/2012:11:18:47 -0700] "-" 400 0 "-" "-"
117.193.135.135 - - [15/Apr/2012:11:18:47 -0700] "-" 400 0 "-" "-"
117.193.135.135 - - [15/Apr/2012:11:18:47 -0700] "-" 400 0 "-" "-"
117.193.135.135 - - [15/Apr/2012:11:18:47 -0700] "-" 400 0 "-" "-"
207.46.204.169 - - [15/Apr/2012:11:20:54 -0700] "-" 400 0 "-" "-"
207.46.204.169 - - [15/Apr/2012:11:20:54 -0700] "-" 400 0 "-" "-"
207.46.204.169 - - [15/Apr/2012:11:20:54 -0700] "-" 400 0 "-" "-"
207.46.204.169 - - [15/Apr/2012:11:20:58 -0700] "-" 400 0 "-" "-"
207.46.204.169 - - [15/Apr/2012:11:20:58 -0700] "-" 400 0 "-" "-"
207.46.204.169 - - [15/Apr/2012:11:20:58 -0700] "-" 400 0 "-" "-"
207.46.204.169 - - [15/Apr/2012:11:21:00 -0700] "-" 400 0 "-" "-"
207.46.204.169 - - [15/Apr/2012:11:21:00 -0700] "-" 400 0 "-" "-"
207.46.204.169 - - [15/Apr/2012:11:21:00 -0700] "-" 400 0 "-" "-"
207.46.204.169 - - [15/Apr/2012:11:21:01 -0700] "-" 400 0 "-" "-"
207.46.204.169 - - [15/Apr/2012:11:21:01 -0700] "-" 400 0 "-" "-"
207.46.204.169 - - [15/Apr/2012:11:21:01 -0700] "-" 400 0 "-" "-"
207.46.204.169 - - [15/Apr/2012:11:21:55 -0700] "-" 400 0 "-" "-"
219.64.67.128 - - [15/Apr/2012:11:22:21 -0700] "-" 400 0 "-" "-"
117.193.121.238 - - [15/Apr/2012:11:24:07 -0700] "-" 400 0 "-" "-"
117.193.121.238 - - [15/Apr/2012:11:24:37 -0700] "-" 400 0 "-" "-"
117.193.121.238 - - [15/Apr/2012:11:24:37 -0700] "-" 400 0 "-" "-"
117.193.121.238 - - [15/Apr/2012:11:24:37 -0700] "-" 400 0 "-" "-"
117.193.121.238 - - [15/Apr/2012:11:24:37 -0700] "-" 400 0 "-" "-"
85.17.88.169 - - [15/Apr/2012:11:25:18 -0700] "POST /blog/wp-cron.php?doing_wp_cron=1334513955 HTTP/1.0" 499 0 "-" "WordPress/3.3.1; http://yuvi.in/blog"
209.85.224.83 - - [15/Apr/2012:11:25:19 -0700] "GET /blog/feed HTTP/1.1" 304 0 "-" "FeedBurner/1.0 (http://www.FeedBurner.com)"
219.64.67.128 - - [15/Apr/2012:11:25:21 -0700] "-" 400 0 "-" "-"
106.76.248.75 - - [15/Apr/2012:11:25:21 -0700] "-" 400 0 "-" "-"
23.20.216.64 - - [15/Apr/2012:11:25:31 -0700] "GET /robots.txt HTTP/1.0" 404 169 "-" "linkdex.com/v2.0"
85.17.88.169 - - [15/Apr/2012:11:25:32 -0700] "POST /blog/wp-cron.php?doing_wp_cron=1334513969 HTTP/1.0" 499 0 "-" "WordPress/3.3.1; http://yuvi.in/blog"
23.21.38.42 - - [15/Apr/2012:11:25:33 -0700] "GET /blog/sleepsort-4chan HTTP/1.0" 301 0 "-" "linkdex.com/v2.0"
85.17.88.169 - - [15/Apr/2012:11:25:35 -0700] "POST /blog/wp-cron.php?doing_wp_cron=1334513971 HTTP/1.0" 499 0 "-" "WordPress/3.3.1; http://yuvi.in/blog"
23.21.38.42 - - [15/Apr/2012:11:25:35 -0700] "GET /blog/sleepsort-4chan/ HTTP/1.0" 200 4447 "-" "linkdex.com/v2.0"
117.193.121.238 - - [15/Apr/2012:11:25:37 -0700] "-" 400 0 "-" "-"
117.193.121.238 - - [15/Apr/2012:11:25:37 -0700] "-" 400 0 "-" "-"
117.193.121.238 - - [15/Apr/2012:11:25:37 -0700] "-" 400 0 "-" "-"
117.193.121.238 - - [15/Apr/2012:11:25:37 -0700] "-" 400 0 "-" "-"
117.193.121.238 - - [15/Apr/2012:11:26:17 -0700] "-" 400 0 "-" "-"
117.193.121.238 - - [15/Apr/2012:11:26:17 -0700] "-" 400 0 "-" "-"
117.193.121.238 - - [15/Apr/2012:11:26:17 -0700] "-" 400 0 "-" "-"
117.193.121.238 - - [15/Apr/2012:11:26:17 -0700] "-" 400 0 "-" "-"
184.106.233.51 - - [15/Apr/2012:11:26:18 -0700] "HEAD / HTTP/1.0" 200 0 "-" "-"
219.64.67.128 - - [15/Apr/2012:11:28:21 -0700] "-" 400 0 "-" "-"
85.17.88.169 - - [15/Apr/2012:11:31:16 -0700] "POST /blog/wp-cron.php?doing_wp_cron=1334514312 HTTP/1.0" 499 0 "-" "WordPress/3.3.1; http://yuvi.in/blog"
209.85.238.182 - - [15/Apr/2012:11:31:16 -0700] "GET /blog/feed HTTP/1.1" 301 0 "-" "Feedfetcher-Google; (+http://www.google.com/feedfetcher.html; 3 subscribers; feed-id=17684830852112633560)"
85.17.88.169 - - [15/Apr/2012:11:31:18 -0700] "POST /blog/wp-cron.php?doing_wp_cron=1334514315 HTTP/1.0" 499 0 "-" "WordPress/3.3.1; http://yuvi.in/blog"
209.85.238.182 - - [15/Apr/2012:11:31:18 -0700] "GET /blog/feed/ HTTP/1.1" 304 0 "-" "Feedfetcher-Google; (+http://www.google.com/feedfetcher.html; 3 subscribers; feed-id=17684830852112633560)"
117.193.121.238 - - [15/Apr/2012:11:31:20 -0700] "-" 400 0 "-" "-"
117.193.121.238 - - [15/Apr/2012:11:31:20 -0700] "-" 400 0 "-" "-"
117.193.121.238 - - [15/Apr/2012:11:33:50 -0700] "-" 400 0 "-" "-"
117.193.121.238 - - [15/Apr/2012:11:33:50 -0700] "-" 400 0 "-" "-"
117.193.121.238 - - [15/Apr/2012:11:33:50 -0700] "-" 400 0 "-" "-"
117.193.121.238 - - [15/Apr/2012:11:33:50 -0700] "-" 400 0 "-" "-"
209.85.224.81 - - [15/Apr/2012:11:34:50 -0700] "GET /stories/feed HTTP/1.1" 200 13653 "-" "FeedBurner/1.0 (http://www.FeedBurner.com)"
141.0.10.31 - - [15/Apr/2012:11:35:39 -0700] "GET /r/3w5 HTTP/1.1" 301 255 "-" "Opera/9.80 (J2ME/MIDP; Opera Mini/4.1.15082/27.1486; U; en) Presto/2.8.119 Version/11.10"
141.0.10.31 - - [15/Apr/2012:11:35:39 -0700] "GET /s/ta/3w5/ HTTP/1.1" 302 625 "-" "Opera/9.80 (J2ME/MIDP; Opera Mini/4.1.15082/27.1486; U; en) Presto/2.8.119 Version/11.10"
117.193.121.238 - - [15/Apr/2012:11:35:50 -0700] "-" 400 0 "-" "-"
117.193.121.238 - - [15/Apr/2012:11:35:50 -0700] "-" 400 0 "-" "-"
117.193.121.238 - - [15/Apr/2012:11:35:50 -0700] "-" 400 0 "-" "-"
117.193.121.238 - - [15/Apr/2012:11:35:50 -0700] "-" 400 0 "-" "-"
117.193.121.238 - - [15/Apr/2012:11:36:29 -0700] "-" 400 0 "-" "-"
117.193.121.238 - - [15/Apr/2012:11:36:29 -0700] "-" 400 0 "-" "-"
117.193.121.238 - - [15/Apr/2012:11:36:29 -0700] "-" 400 0 "-" "-"
117.193.121.238 - - [15/Apr/2012:11:36:30 -0700] "-" 400 0 "-" "-"
117.193.121.238 - - [15/Apr/2012:11:36:30 -0700] "-" 400 0 "-" "-"
98.180.220.78 - - [15/Apr/2012:11:41:36 -0700] "GET / HTTP/1.1" 200 1430 "-" "Caffeinated/1.1.2 CFNetwork/520.3.2 Darwin/11.3.0 (x86_64) (MacBookPro8%2C1)"
98.180.220.78 - - [15/Apr/2012:11:41:36 -0700] "GET /favicon.ico HTTP/1.1" 404 142 "-" "Caffeinated/1.1.2 CFNetwork/520.3.2 Darwin/11.3.0 (x86_64) (MacBookPro8%2C1)"
98.180.220.78 - - [15/Apr/2012:11:42:34 -0700] "GET / HTTP/1.1" 200 1430 "-" "Caffeinated/1.1.2 CFNetwork/520.3.2 Darwin/11.3.0 (x86_64) (MacBookPro8%2C1)"
98.180.220.78 - - [15/Apr/2012:11:42:34 -0700] "GET /favicon.ico HTTP/1.1" 404 142 "-" "Caffeinated/1.1.2 CFNetwork/520.3.2 Darwin/11.3.0 (x86_64) (MacBookPro8%2C1)"
207.46.204.218 - - [15/Apr/2012:11:45:02 -0700] "-" 400 0 "-" "-"
207.46.204.218 - - [15/Apr/2012:11:45:02 -0700] "-" 400 0 "-" "-"
207.46.204.218 - - [15/Apr/2012:11:45:03 -0700] "-" 400 0 "-" "-"
207.46.204.218 - - [15/Apr/2012:11:45:04 -0700] "-" 400 0 "-" "-"
207.46.204.218 - - [15/Apr/2012:11:45:05 -0700] "-" 400 0 "-" "-"
207.46.204.218 - - [15/Apr/2012:11:45:05 -0700] "-" 400 0 "-" "-"
207.46.204.218 - - [15/Apr/2012:11:45:05 -0700] "-" 400 0 "-" "-"
207.46.204.218 - - [15/Apr/2012:11:45:05 -0700] "-" 400 0 "-" "-"
207.46.204.218 - - [15/Apr/2012:11:45:06 -0700] "-" 400 0 "-" "-"
207.46.204.218 - - [15/Apr/2012:11:45:06 -0700] "-" 400 0 "-" "-"
207.46.204.218 - - [15/Apr/2012:11:45:07 -0700] "-" 400 0 "-" "-"
89.185.228.8 - - [15/Apr/2012:11:48:05 -0700] "-" 400 0 "-" "-"
202.3.77.11 - - [15/Apr/2012:11:49:01 -0700] "GET /favicon.ico HTTP/1.0" 404 169 "http://prashanth-kamle.blogspot.in/2008/08/life-at-iit-bombay.html" "Mozilla/5.0 (Windows NT 6.1; WOW64; rv:11.0) Gecko/20100101 Firefox/11.0"
85.17.88.169 - - [15/Apr/2012:11:49:50 -0700] "POST /blog/wp-cron.php?doing_wp_cron=1334515427 HTTP/1.0" 499 0 "-" "WordPress/3.3.1; http://yuvi.in/blog"
208.115.111.68 - - [15/Apr/2012:11:49:51 -0700] "GET /blog/devlog-december-26-2011/ HTTP/1.1" 200 16614 "-" "Mozilla/5.0 (compatible; Ezooms/1.0; ezooms.bot@gmail.com)"
85.17.88.169 - - [15/Apr/2012:11:50:56 -0700] "POST /blog/wp-cron.php?doing_wp_cron=1334515492 HTTP/1.0" 499 0 "-" "WordPress/3.3.1; http://yuvi.in/blog"
50.102.78.25 - - [15/Apr/2012:11:50:56 -0700] "GET /blog/what-stop-child-athiest/ HTTP/1.1" 200 5574 "http://www.google.com/url?sa=t&rct=j&q=&esrc=s&frm=1&source=web&cd=8&sqi=2&ved=0CGMQFjAH&url=http%3A%2F%2Fyuvi.in%2Fblog%2Fwhat-stop-child-athiest%2F&ei=qBaLT7GXMpOE8ATo8MTzCQ&usg=AFQjCNH0laCMT3G-44NOmClbMVSTLbsLbw&sig2=j3GL276Btcrw63CP8jG6qQ" "Mozilla/5.0 (compatible; MSIE 9.0; Windows NT 6.1; WOW64; Trident/5.0)"
50.102.78.25 - - [15/Apr/2012:11:50:56 -0700] "GET /blog/wp-content/themes/cleanr/style.css HTTP/1.1" 200 10508 "http://yuvi.in/blog/what-stop-child-athiest/" "Mozilla/5.0 (compatible; MSIE 9.0; Windows NT 6.1; WOW64; Trident/5.0)"
50.102.78.25 - - [15/Apr/2012:11:50:57 -0700] "GET /blog/wp-content/themes/cleanr/css/reset.css HTTP/1.1" 200 648 "http://yuvi.in/blog/what-stop-child-athiest/" "Mozilla/5.0 (compatible; MSIE 9.0; Windows NT 6.1; WOW64; Trident/5.0)"
50.102.78.25 - - [15/Apr/2012:11:50:57 -0700] "GET /blog/wp-content/themes/cleanr/css/text.css HTTP/1.1" 200 420 "http://yuvi.in/blog/what-stop-child-athiest/" "Mozilla/5.0 (compatible; MSIE 9.0; Windows NT 6.1; WOW64; Trident/5.0)"
50.102.78.25 - - [15/Apr/2012:11:50:57 -0700] "GET /blog/wp-content/themes/cleanr/css/960.css HTTP/1.1" 200 3628 "http://yuvi.in/blog/what-stop-child-athiest/" "Mozilla/5.0 (compatible; MSIE 9.0; Windows NT 6.1; WOW64; Trident/5.0)"
50.102.78.25 - - [15/Apr/2012:11:50:58 -0700] "GET /blog/wp-content/themes/cleanr/css/ie.css HTTP/1.1" 200 390 "http://yuvi.in/blog/what-stop-child-athiest/" "Mozilla/5.0 (compatible; MSIE 9.0; Windows NT 6.1; WOW64; Trident/5.0)"
50.102.78.25 - - [15/Apr/2012:11:50:58 -0700] "GET /blog/wp-content/themes/cleanr/js/jquery.dropdown.js?ver=3.3.1 HTTP/1.1" 200 535 "http://yuvi.in/blog/what-stop-child-athiest/" "Mozilla/5.0 (compatible; MSIE 9.0; Windows NT 6.1; WOW64; Trident/5.0)"
50.102.78.25 - - [15/Apr/2012:11:50:58 -0700] "GET /blog/wp-includes/js/jquery/jquery.js?ver=1.7.1 HTTP/1.1" 200 93889 "http://yuvi.in/blog/what-stop-child-athiest/" "Mozilla/5.0 (compatible; MSIE 9.0; Windows NT 6.1; WOW64; Trident/5.0)"
50.102.78.25 - - [15/Apr/2012:11:50:59 -0700] "GET /blog/wp-content/themes/cleanr/images/search_magnifier.gif HTTP/1.1" 200 394 "http://yuvi.in/blog/what-stop-child-athiest/" "Mozilla/5.0 (compatible; MSIE 9.0; Windows NT 6.1; WOW64; Trident/5.0)"
50.102.78.25 - - [15/Apr/2012:11:50:59 -0700] "GET /favicon.ico HTTP/1.1" 404 199 "-" "Mozilla/5.0 (compatible; MSIE 9.0; Windows NT 6.1; WOW64; Trident/5.0)"
85.17.88.169 - - [15/Apr/2012:11:51:02 -0700] "POST /blog/wp-cron.php?doing_wp_cron=1334515499 HTTP/1.0" 499 0 "-" "WordPress/3.3.1; http://yuvi.in/blog"
50.102.78.25 - - [15/Apr/2012:11:51:02 -0700] "GET /blog/what-stop-child-athiest/?cf_action=sync_comments&post_id=157 HTTP/1.1" 200 48 "http://yuvi.in/blog/what-stop-child-athiest/" "Mozilla/5.0 (compatible; MSIE 9.0; Windows NT 6.1; WOW64; Trident/5.0)"
207.46.204.168 - - [15/Apr/2012:11:51:53 -0700] "-" 400 0 "-" "-"
207.46.204.168 - - [15/Apr/2012:11:51:53 -0700] "-" 400 0 "-" "-"
207.46.204.168 - - [15/Apr/2012:11:51:53 -0700] "-" 400 0 "-" "-"
207.46.204.168 - - [15/Apr/2012:11:51:55 -0700] "-" 400 0 "-" "-"
207.46.204.168 - - [15/Apr/2012:11:51:55 -0700] "-" 400 0 "-" "-"
207.46.204.168 - - [15/Apr/2012:11:51:56 -0700] "-" 400 0 "-" "-"
207.46.204.168 - - [15/Apr/2012:11:51:57 -0700] "-" 400 0 "-" "-"
207.46.204.168 - - [15/Apr/2012:11:51:57 -0700] "-" 400 0 "-" "-"
207.46.204.168 - - [15/Apr/2012:11:51:57 -0700] "-" 400 0 "-" "-"
207.46.204.168 - - [15/Apr/2012:11:51:58 -0700] "-" 400 0 "-" "-"
207.46.204.168 - - [15/Apr/2012:11:51:59 -0700] "-" 400 0 "-" "-"
207.46.204.168 - - [15/Apr/2012:11:51:59 -0700] "-" 400 0 "-" "-"
85.17.88.169 - - [15/Apr/2012:11:55:23 -0700] "POST /blog/wp-cron.php?doing_wp_cron=1334515759 HTTP/1.0" 499 0 "-" "WordPress/3.3.1; http://yuvi.in/blog"
209.85.224.81 - - [15/Apr/2012:11:55:23 -0700] "GET /blog/feed HTTP/1.1" 304 0 "-" "FeedBurner/1.0 (http://www.FeedBurner.com)"
85.17.88.169 - - [15/Apr/2012:11:56:28 -0700] "POST /blog/wp-cron.php?doing_wp_cron=1334515824 HTTP/1.0" 499 0 "-" "WordPress/3.3.1; http://yuvi.in/blog"
209.85.238.182 - - [15/Apr/2012:11:56:28 -0700] "GET /blog/feed/ HTTP/1.1" 304 0 "-" "Feedfetcher-Google; (+http://www.google.com/feedfetcher.html; 19 subscribers; feed-id=15064232456473204253)"
23.21.38.42 - - [15/Apr/2012:11:57:58 -0700] "GET /robots.txt HTTP/1.0" 404 169 "-" "linkdex.com/v2.0"
23.22.36.249 - - [15/Apr/2012:11:58:00 -0700] "GET /blog/tag/personal.html HTTP/1.0" 200 21665 "-" "linkdex.com/v2.0"
85.17.88.169 - - [15/Apr/2012:11:58:25 -0700] "POST /blog/wp-cron.php?doing_wp_cron=1334515942 HTTP/1.0" 499 0 "-" "WordPress/3.3.1; http://yuvi.in/blog"
100.43.83.144 - - [15/Apr/2012:11:58:26 -0700] "GET /blog/passing-headers-proxying-nginx/ HTTP/1.1" 200 4633 "-" "Mozilla/5.0 (compatible; YandexBot/3.0; +http://yandex.com/bots)"
85.17.88.169 - - [15/Apr/2012:11:59:21 -0700] "POST /blog/wp-cron.php?doing_wp_cron=1334515997 HTTP/1.0" 499 0 "-" "WordPress/3.3.1; http://yuvi.in/blog"
23.22.47.176 - - [15/Apr/2012:11:59:21 -0700] "GET /blog/programmer-run-code-head HTTP/1.0" 301 0 "-" "linkdex.com/v2.0"
85.17.88.169 - - [15/Apr/2012:11:59:23 -0700] "POST /blog/wp-cron.php?doing_wp_cron=1334515999 HTTP/1.0" 499 0 "-" "WordPress/3.3.1; http://yuvi.in/blog"
23.22.47.176 - - [15/Apr/2012:11:59:23 -0700] "GET /blog/programmer-run-code-head/ HTTP/1.0" 200 4822 "-" "linkdex.com/v2.0"
66.249.73.23 - - [15/Apr/2012:12:02:36 -0700] "GET /s/ta/2gav%3E/ HTTP/1.1" 502 173 "-" "Mozilla/5.0 (compatible; Googlebot/2.1; +http://www.google.com/bot.html)"
85.17.88.169 - - [15/Apr/2012:12:03:08 -0700] "POST /blog/wp-cron.php?doing_wp_cron=1334516225 HTTP/1.0" 499 0 "-" "WordPress/3.3.1; http://yuvi.in/blog"
69.171.234.4 - - [15/Apr/2012:12:03:09 -0700] "GET /blog/story-average-indian-techie/ HTTP/1.1" 200 14155 "-" "facebookexternalhit/1.1 (+http://www.facebook.com/externalhit_uatext.php)"
157.56.92.141 - - [15/Apr/2012:12:08:47 -0700] "-" 400 0 "-" "-"
157.56.92.141 - - [15/Apr/2012:12:08:50 -0700] "-" 400 0 "-" "-"
157.56.92.141 - - [15/Apr/2012:12:08:51 -0700] "-" 400 0 "-" "-"
157.56.92.141 - - [15/Apr/2012:12:08:51 -0700] "-" 400 0 "-" "-"
157.56.92.141 - - [15/Apr/2012:12:08:51 -0700] "-" 400 0 "-" "-"
157.56.92.141 - - [15/Apr/2012:12:08:51 -0700] "-" 400 0 "-" "-"
157.56.92.141 - - [15/Apr/2012:12:08:52 -0700] "-" 400 0 "-" "-"
157.56.92.141 - - [15/Apr/2012:12:08:52 -0700] "-" 400 0 "-" "-"
157.56.92.141 - - [15/Apr/2012:12:08:52 -0700] "-" 400 0 "-" "-"
157.56.92.141 - - [15/Apr/2012:12:08:52 -0700] "-" 400 0 "-" "-"
65.52.104.20 - - [15/Apr/2012:12:09:38 -0700] "GET /robots.txt HTTP/1.1" 404 169 "-" "Mozilla/5.0 (compatible; bingbot/2.0; +http://www.bing.com/bingbot.htm)"
65.52.104.20 - - [15/Apr/2012:12:10:18 -0700] "GET /blog/tag/cheese.html HTTP/1.1" 304 0 "-" "Mozilla/5.0 (compatible; bingbot/2.0; +http://www.bing.com/bingbot.htm)"
66.220.149.246 - - [15/Apr/2012:12:10:30 -0700] "GET /r/2pay HTTP/1.1" 301 257 "-" "facebookexternalhit/1.1 (+http://www.facebook.com/externalhit_uatext.php)"
66.220.149.247 - - [15/Apr/2012:12:10:31 -0700] "GET /s/ta/2pay/ HTTP/1.1" 302 465 "-" "facebookexternalhit/1.1 (+http://www.facebook.com/externalhit_uatext.php)"
98.180.220.78 - - [15/Apr/2012:12:11:32 -0700] "GET / HTTP/1.1" 200 1430 "-" "Caffeinated/1.1.2 CFNetwork/520.3.2 Darwin/11.3.0 (x86_64) (MacBookPro8%2C1)"
98.180.220.78 - - [15/Apr/2012:12:11:32 -0700] "GET /favicon.ico HTTP/1.1" 404 142 "-" "Caffeinated/1.1.2 CFNetwork/520.3.2 Darwin/11.3.0 (x86_64) (MacBookPro8%2C1)"
98.180.220.78 - - [15/Apr/2012:12:12:53 -0700] "GET / HTTP/1.1" 200 1430 "-" "Caffeinated/1.1.2 CFNetwork/520.3.2 Darwin/11.3.0 (x86_64) (MacBookPro8%2C1)"
98.180.220.78 - - [15/Apr/2012:12:12:53 -0700] "GET /favicon.ico HTTP/1.1" 404 142 "-" "Caffeinated/1.1.2 CFNetwork/520.3.2 Darwin/11.3.0 (x86_64) (MacBookPro8%2C1)"
129.252.131.222 - - [15/Apr/2012:12:18:50 -0700] "GET /favicon.ico HTTP/1.1" 404 142 "http://prashanth-kamle.blogspot.com/2009/03/viterbi-algorithm-for-second-order.html" "Mozilla/5.0 (X11; Ubuntu; Linux x86_64; rv:10.0.2) Gecko/20100101 Firefox/10.0.2"
78.154.235.31 - - [15/Apr/2012:12:20:11 -0700] "GET /r/0 HTTP/1.1" 301 251 "http://ta.wikipedia.org/wiki/%E0%AE%AA%E0%AE%9F%E0%AE%BF%E0%AE%AE%E0%AE%AE%E0%AF%8D:Rekla_Race,_Avaniyapuram,_Madurai.jpg" "Mozilla/4.0 (compatible; MSIE 8.0; Windows NT 5.1; Trident/4.0; BTRS127583; GTB7.3; lib/5.05571; .NET CLR 2.0.50727; .NET CLR 3.0.4506.2152; .NET CLR 3.5.30729)"
78.154.235.31 - - [15/Apr/2012:12:20:12 -0700] "GET /s/ta/0/ HTTP/1.1" 502 575 "http://ta.wikipedia.org/wiki/%E0%AE%AA%E0%AE%9F%E0%AE%BF%E0%AE%AE%E0%AE%AE%E0%AF%8D:Rekla_Race,_Avaniyapuram,_Madurai.jpg" "Mozilla/4.0 (compatible; MSIE 8.0; Windows NT 5.1; Trident/4.0; BTRS127583; GTB7.3; lib/5.05571; .NET CLR 2.0.50727; .NET CLR 3.0.4506.2152; .NET CLR 3.5.30729)"
78.154.235.31 - - [15/Apr/2012:12:20:13 -0700] "GET /favicon.ico HTTP/1.1" 404 211 "-" "Mozilla/4.0 (compatible; MSIE 8.0; Windows NT 5.1; Trident/4.0; BTRS127583; GTB7.3; lib/5.05571; .NET CLR 2.0.50727; .NET CLR 3.0.4506.2152; .NET CLR 3.5.30729)"
88.70.228.129 - - [15/Apr/2012:12:20:37 -0700] "GET /r/11hd HTTP/1.1" 301 257 "http://ta.wikipedia.org/wiki/%E0%AE%B0%E0%AE%AE%E0%AE%A3%E0%AE%BF_%E0%AE%9A%E0%AE%A8%E0%AF%8D%E0%AE%A4%E0%AE%BF%E0%AE%B0%E0%AE%A9%E0%AF%8D" "Mozilla/5.0 (Windows NT 6.1; rv:10.0.2) Gecko/20100101 Firefox/10.0.2"
88.70.228.129 - - [15/Apr/2012:12:20:37 -0700] "GET /s/ta/11hd/ HTTP/1.1" 302 413 "http://ta.wikipedia.org/wiki/%E0%AE%B0%E0%AE%AE%E0%AE%A3%E0%AE%BF_%E0%AE%9A%E0%AE%A8%E0%AF%8D%E0%AE%A4%E0%AE%BF%E0%AE%B0%E0%AE%A9%E0%AF%8D" "Mozilla/5.0 (Windows NT 6.1; rv:10.0.2) Gecko/20100101 Firefox/10.0.2"
88.70.228.129 - - [15/Apr/2012:12:20:40 -0700] "GET /s/ta/11hd/ HTTP/1.1" 302 413 "http://ta.wikipedia.org/wiki/%E0%AE%B0%E0%AE%AE%E0%AE%A3%E0%AE%BF_%E0%AE%9A%E0%AE%A8%E0%AF%8D%E0%AE%A4%E0%AE%BF%E0%AE%B0%E0%AE%A9%E0%AF%8D" "Mozilla/5.0 (Windows NT 6.1; rv:10.0.2) Gecko/20100101 Firefox/10.0.2"
88.70.228.129 - - [15/Apr/2012:12:20:42 -0700] "GET /s/ta/11hd/ HTTP/1.1" 302 413 "http://ta.wikipedia.org/wiki/%E0%AE%B0%E0%AE%AE%E0%AE%A3%E0%AE%BF_%E0%AE%9A%E0%AE%A8%E0%AF%8D%E0%AE%A4%E0%AE%BF%E0%AE%B0%E0%AE%A9%E0%AF%8D" "Mozilla/5.0 (Windows NT 6.1; rv:10.0.2) Gecko/20100101 Firefox/10.0.2"
85.17.88.169 - - [15/Apr/2012:12:21:42 -0700] "POST /blog/wp-cron.php?doing_wp_cron=1334517339 HTTP/1.0" 499 0 "-" "WordPress/3.3.1; http://yuvi.in/blog"
100.43.83.144 - - [15/Apr/2012:12:21:43 -0700] "GET /blog/what-i-learnt-from-the-hackfest-at-iitm/ HTTP/1.1" 200 6073 "-" "Mozilla/5.0 (compatible; YandexBot/3.0; +http://yandex.com/bots)"
85.17.88.169 - - [15/Apr/2012:12:22:06 -0700] "POST /blog/wp-cron.php?doing_wp_cron=1334517362 HTTP/1.0" 499 0 "-" "WordPress/3.3.1; http://yuvi.in/blog"
85.17.147.193 - - [15/Apr/2012:12:22:07 -0700] "GET /blog/2011/05/ HTTP/1.1" 200 26897 "-" "Mozilla/4.0 (compatible; MSIE 5.0; Windows 98; DigExt\x5C)"
85.17.147.193 - - [15/Apr/2012:12:22:08 -0700] "GET /blog/2011/05/ HTTP/1.1" 200 26917 "-" "Mozilla/4.0 (compatible; MSIE 6.0; Windows NT 5.1; SV1)"
85.17.88.169 - - [15/Apr/2012:12:29:31 -0700] "POST /blog/wp-cron.php?doing_wp_cron=1334517807 HTTP/1.0" 499 0 "-" "WordPress/3.3.1; http://yuvi.in/blog"
101.226.33.180 - - [15/Apr/2012:12:29:31 -0700] "GET /blog/feed HTTP/1.0" 304 0 "-" "Mozilla/4.0 (compatible; Windows;)"
119.82.120.57 - - [15/Apr/2012:12:31:35 -0700] "-" 400 0 "-" "-"
98.180.220.78 - - [15/Apr/2012:12:31:37 -0700] "GET / HTTP/1.1" 200 1430 "-" "Caffeinated/1.1.2 CFNetwork/520.3.2 Darwin/11.3.0 (x86_64) (MacBookPro8%2C1)"
98.180.220.78 - - [15/Apr/2012:12:31:37 -0700] "GET /favicon.ico HTTP/1.1" 404 142 "-" "Caffeinated/1.1.2 CFNetwork/520.3.2 Darwin/11.3.0 (x86_64) (MacBookPro8%2C1)"
98.180.220.78 - - [15/Apr/2012:12:32:34 -0700] "GET / HTTP/1.1" 200 1430 "-" "Caffeinated/1.1.2 CFNetwork/520.3.2 Darwin/11.3.0 (x86_64) (MacBookPro8%2C1)"
98.180.220.78 - - [15/Apr/2012:12:32:34 -0700] "GET /favicon.ico HTTP/1.1" 404 142 "-" "Caffeinated/1.1.2 CFNetwork/520.3.2 Darwin/11.3.0 (x86_64) (MacBookPro8%2C1)"
85.17.88.169 - - [15/Apr/2012:12:32:36 -0700] "POST /blog/wp-cron.php?doing_wp_cron=1334517992 HTTP/1.0" 499 0 "-" "WordPress/3.3.1; http://yuvi.in/blog"
218.213.137.21 - - [15/Apr/2012:12:32:37 -0700] "GET /blog/tag/algorithm/ HTTP/1.1" 200 15418 "-" "DoCoMo/2.0 P900i(c100;TB;W24H11) (compatible; ichiro/mobile goo; +http://search.goo.ne.jp/option/use/sub4/sub4-1/)"
208.115.113.84 - - [15/Apr/2012:12:33:10 -0700] "GET /robots.txt HTTP/1.1" 404 169 "-" "Mozilla/5.0 (compatible; Ezooms/1.0; ezooms.bot@gmail.com)"
85.17.88.169 - - [15/Apr/2012:12:33:51 -0700] "POST /blog/wp-cron.php?doing_wp_cron=1334518067 HTTP/1.0" 499 0 "-" "WordPress/3.3.1; http://yuvi.in/blog"
209.85.224.87 - - [15/Apr/2012:12:33:51 -0700] "GET /blog/feed HTTP/1.1" 304 0 "-" "FeedBurner/1.0 (http://www.FeedBurner.com)"
85.17.88.169 - - [15/Apr/2012:12:34:12 -0700] "POST /blog/wp-cron.php?doing_wp_cron=1334518088 HTTP/1.0" 499 0 "-" "WordPress/3.3.1; http://yuvi.in/blog"
189.11.238.154 - - [15/Apr/2012:12:34:12 -0700] "GET /blog/ HTTP/1.1" 200 33094 "-" "Mozilla/5.0 (compatible; Googlebot/2.1; +http://www.google.com/bot.html)"
209.85.144.89 - - [15/Apr/2012:12:34:53 -0700] "GET /stories/feed HTTP/1.1" 200 13653 "-" "FeedBurner/1.0 (http://www.FeedBurner.com)"
85.17.88.169 - - [15/Apr/2012:12:36:13 -0700] "POST /blog/wp-cron.php?doing_wp_cron=1334518210 HTTP/1.0" 499 0 "-" "WordPress/3.3.1; http://yuvi.in/blog"
66.135.57.47 - - [15/Apr/2012:12:36:14 -0700] "GET /blog/my-vimrc/ HTTP/1.0" 200 16009 "-" "Mozilla/5.0 (Windows; U; Windows NT 5.1; rv:1.7.3) Gecko/20041001 Firefox/0.10.1"
66.220.146.245 - - [15/Apr/2012:12:36:16 -0700] "GET /r/2pay HTTP/1.1" 301 257 "-" "facebookexternalhit/1.1 (+http://www.facebook.com/externalhit_uatext.php)"
66.220.146.251 - - [15/Apr/2012:12:36:17 -0700] "GET /s/ta/2pay/ HTTP/1.1" 302 465 "-" "facebookexternalhit/1.1 (+http://www.facebook.com/externalhit_uatext.php)"
85.17.88.169 - - [15/Apr/2012:12:36:17 -0700] "POST /blog/wp-cron.php?doing_wp_cron=1334518213 HTTP/1.0" 499 0 "-" "WordPress/3.3.1; http://yuvi.in/blog"
66.135.57.47 - - [15/Apr/2012:12:36:17 -0700] "GET /blog/college-drop/ HTTP/1.0" 200 18395 "-" "Mozilla/5.0 (Windows; U; Windows NT 5.1; rv:1.7.3) Gecko/20041001 Firefox/0.10.1"
85.17.88.169 - - [15/Apr/2012:12:36:20 -0700] "POST /blog/wp-cron.php?doing_wp_cron=1334518216 HTTP/1.0" 499 0 "-" "WordPress/3.3.1; http://yuvi.in/blog"
66.135.57.47 - - [15/Apr/2012:12:36:20 -0700] "GET /blog/passing-headers-proxying-nginx/ HTTP/1.0" 200 16690 "-" "Mozilla/5.0 (Windows; U; Windows NT 5.1; rv:1.7.3) Gecko/20041001 Firefox/0.10.1"
85.17.88.169 - - [15/Apr/2012:12:36:23 -0700] "POST /blog/wp-cron.php?doing_wp_cron=1334518219 HTTP/1.0" 499 0 "-" "WordPress/3.3.1; http://yuvi.in/blog"
66.135.57.47 - - [15/Apr/2012:12:36:24 -0700] "GET /blog/program/ HTTP/1.0" 200 27214 "-" "Mozilla/5.0 (Windows; U; Windows NT 5.1; rv:1.7.3) Gecko/20041001 Firefox/0.10.1"
85.17.88.169 - - [15/Apr/2012:12:36:26 -0700] "POST /blog/wp-cron.php?doing_wp_cron=1334518223 HTTP/1.0" 499 0 "-" "WordPress/3.3.1; http://yuvi.in/blog"
66.135.57.47 - - [15/Apr/2012:12:36:27 -0700] "GET /blog/devlog-december-26-2011/ HTTP/1.0" 200 16694 "-" "Mozilla/5.0 (Windows; U; Windows NT 5.1; rv:1.7.3) Gecko/20041001 Firefox/0.10.1"
85.17.88.169 - - [15/Apr/2012:12:36:30 -0700] "POST /blog/wp-cron.php?doing_wp_cron=1334518226 HTTP/1.0" 499 0 "-" "WordPress/3.3.1; http://yuvi.in/blog"
66.135.57.47 - - [15/Apr/2012:12:36:30 -0700] "GET /blog/devlog-december-23-2011/ HTTP/1.0" 200 16517 "-" "Mozilla/5.0 (Windows; U; Windows NT 5.1; rv:1.7.3) Gecko/20041001 Firefox/0.10.1"
85.17.88.169 - - [15/Apr/2012:12:36:33 -0700] "POST /blog/wp-cron.php?doing_wp_cron=1334518229 HTTP/1.0" 499 0 "-" "WordPress/3.3.1; http://yuvi.in/blog"
66.135.57.47 - - [15/Apr/2012:12:36:34 -0700] "GET /blog/devlog-december-21-2011/ HTTP/1.0" 200 17121 "-" "Mozilla/5.0 (Windows; U; Windows NT 5.1; rv:1.7.3) Gecko/20041001 Firefox/0.10.1"
85.17.88.169 - - [15/Apr/2012:12:36:36 -0700] "POST /blog/wp-cron.php?doing_wp_cron=1334518233 HTTP/1.0" 499 0 "-" "WordPress/3.3.1; http://yuvi.in/blog"
66.135.57.47 - - [15/Apr/2012:12:36:37 -0700] "GET /blog/devlog-december-11-2011/ HTTP/1.0" 200 16592 "-" "Mozilla/5.0 (Windows; U; Windows NT 5.1; rv:1.7.3) Gecko/20041001 Firefox/0.10.1"
85.17.88.169 - - [15/Apr/2012:12:36:40 -0700] "POST /blog/wp-cron.php?doing_wp_cron=1334518236 HTTP/1.0" 499 0 "-" "WordPress/3.3.1; http://yuvi.in/blog"
66.135.57.47 - - [15/Apr/2012:12:36:40 -0700] "GET /blog/devlog-december-10-2011/ HTTP/1.0" 200 16387 "-" "Mozilla/5.0 (Windows; U; Windows NT 5.1; rv:1.7.3) Gecko/20041001 Firefox/0.10.1"
85.17.88.169 - - [15/Apr/2012:12:36:43 -0700] "POST /blog/wp-cron.php?doing_wp_cron=1334518239 HTTP/1.0" 499 0 "-" "WordPress/3.3.1; http://yuvi.in/blog"
66.135.57.47 - - [15/Apr/2012:12:36:44 -0700] "GET /blog/devlog-december-7-2011/ HTTP/1.0" 200 16833 "-" "Mozilla/5.0 (Windows; U; Windows NT 5.1; rv:1.7.3) Gecko/20041001 Firefox/0.10.1"
184.175.31.227 - - [15/Apr/2012:12:38:59 -0700] "GET /header.png HTTP/1.1" 200 14249 "http://www.updowner.com/27/the+jumbo+jet+in+the+whirlwind.php" "Mozilla/5.0 (Windows NT 6.1; WOW64) AppleWebKit/535.19 (KHTML, like Gecko) Chrome/18.0.1025.162 Safari/535.19"
85.17.88.169 - - [15/Apr/2012:12:41:16 -0700] "POST /blog/wp-cron.php?doing_wp_cron=1334518512 HTTP/1.0" 499 0 "-" "WordPress/3.3.1; http://yuvi.in/blog"
209.85.238.182 - - [15/Apr/2012:12:41:16 -0700] "GET /blog/feed HTTP/1.1" 301 0 "-" "Feedfetcher-Google; (+http://www.google.com/feedfetcher.html; 3 subscribers; feed-id=17684830852112633560)"
85.17.88.169 - - [15/Apr/2012:12:41:18 -0700] "POST /blog/wp-cron.php?doing_wp_cron=1334518514 HTTP/1.0" 499 0 "-" "WordPress/3.3.1; http://yuvi.in/blog"
209.85.238.182 - - [15/Apr/2012:12:41:19 -0700] "GET /blog/feed/ HTTP/1.1" 304 0 "-" "Feedfetcher-Google; (+http://www.google.com/feedfetcher.html; 3 subscribers; feed-id=17684830852112633560)"
24.239.172.9 - - [15/Apr/2012:12:42:30 -0700] "GET /blog/what-stop-child-athiest/ HTTP/1.1" 200 5574 "http://www.google.com/url?sa=t&rct=j&q=&esrc=s&source=web&cd=9&ved=0CIcBEBYwCA&url=http%3A%2F%2Fyuvi.in%2Fblog%2Fwhat-stop-child-athiest%2F&ei=NSOLT8_FEobo0QHspanmCQ&usg=AFQjCNH0laCMT3G-44NOmClbMVSTLbsLbw" "Mozilla/5.0 (Windows NT 6.1; WOW64) AppleWebKit/535.7 (KHTML, like Gecko) Chrome/16.0.912.77 Safari/535.7"
24.239.172.9 - - [15/Apr/2012:12:42:30 -0700] "GET /blog/wp-content/themes/cleanr/js/jquery.dropdown.js?ver=3.3.1 HTTP/1.1" 200 535 "http://yuvi.in/blog/what-stop-child-athiest/" "Mozilla/5.0 (Windows NT 6.1; WOW64) AppleWebKit/535.7 (KHTML, like Gecko) Chrome/16.0.912.77 Safari/535.7"
24.239.172.9 - - [15/Apr/2012:12:42:30 -0700] "GET /blog/wp-content/themes/cleanr/style.css HTTP/1.1" 200 10508 "http://yuvi.in/blog/what-stop-child-athiest/" "Mozilla/5.0 (Windows NT 6.1; WOW64) AppleWebKit/535.7 (KHTML, like Gecko) Chrome/16.0.912.77 Safari/535.7"
24.239.172.9 - - [15/Apr/2012:12:42:31 -0700] "GET /blog/wp-includes/js/jquery/jquery.js?ver=1.7.1 HTTP/1.1" 200 93889 "http://yuvi.in/blog/what-stop-child-athiest/" "Mozilla/5.0 (Windows NT 6.1; WOW64) AppleWebKit/535.7 (KHTML, like Gecko) Chrome/16.0.912.77 Safari/535.7"
24.239.172.9 - - [15/Apr/2012:12:42:31 -0700] "GET /blog/wp-content/themes/cleanr/css/reset.css HTTP/1.1" 200 648 "http://yuvi.in/blog/what-stop-child-athiest/" "Mozilla/5.0 (Windows NT 6.1; WOW64) AppleWebKit/535.7 (KHTML, like Gecko) Chrome/16.0.912.77 Safari/535.7"
24.239.172.9 - - [15/Apr/2012:12:42:31 -0700] "GET /blog/wp-content/themes/cleanr/css/text.css HTTP/1.1" 200 420 "http://yuvi.in/blog/what-stop-child-athiest/" "Mozilla/5.0 (Windows NT 6.1; WOW64) AppleWebKit/535.7 (KHTML, like Gecko) Chrome/16.0.912.77 Safari/535.7"
24.239.172.9 - - [15/Apr/2012:12:42:31 -0700] "GET /blog/wp-content/themes/cleanr/css/960.css HTTP/1.1" 200 3628 "http://yuvi.in/blog/what-stop-child-athiest/" "Mozilla/5.0 (Windows NT 6.1; WOW64) AppleWebKit/535.7 (KHTML, like Gecko) Chrome/16.0.912.77 Safari/535.7"
24.239.172.9 - - [15/Apr/2012:12:42:31 -0700] "GET /blog/wp-content/themes/cleanr/images/search_magnifier.gif HTTP/1.1" 200 394 "http://yuvi.in/blog/what-stop-child-athiest/" "Mozilla/5.0 (Windows NT 6.1; WOW64) AppleWebKit/535.7 (KHTML, like Gecko) Chrome/16.0.912.77 Safari/535.7"
24.239.172.9 - - [15/Apr/2012:12:42:32 -0700] "GET /favicon.ico HTTP/1.1" 404 199 "-" "Mozilla/5.0 (Windows NT 6.1; WOW64) AppleWebKit/535.7 (KHTML, like Gecko) Chrome/16.0.912.77 Safari/535.7"
85.17.88.169 - - [15/Apr/2012:12:42:35 -0700] "POST /blog/wp-cron.php?doing_wp_cron=1334518591 HTTP/1.0" 499 0 "-" "WordPress/3.3.1; http://yuvi.in/blog"
24.239.172.9 - - [15/Apr/2012:12:42:35 -0700] "GET /blog/what-stop-child-athiest/?cf_action=sync_comments&post_id=157 HTTP/1.1" 200 48 "http://yuvi.in/blog/what-stop-child-athiest/" "Mozilla/5.0 (Windows NT 6.1; WOW64) AppleWebKit/535.7 (KHTML, like Gecko) Chrome/16.0.912.77 Safari/535.7"
85.17.88.169 - - [15/Apr/2012:12:42:40 -0700] "POST /blog/wp-cron.php?doing_wp_cron=1334518597 HTTP/1.0" 499 0 "-" "WordPress/3.3.1; http://yuvi.in/blog"
24.239.172.9 - - [15/Apr/2012:12:42:40 -0700] "GET /blog/what-stop-child-athiest/?cf_action=sync_comments&post_id=157 HTTP/1.1" 200 48 "http://yuvi.in/blog/what-stop-child-athiest/" "Mozilla/5.0 (Windows NT 6.1; WOW64) AppleWebKit/535.7 (KHTML, like Gecko) Chrome/16.0.912.77 Safari/535.7"
24.239.172.9 - - [15/Apr/2012:12:42:52 -0700] "-" 400 0 "-" "-"
24.239.172.9 - - [15/Apr/2012:12:42:52 -0700] "-" 400 0 "-" "-"
24.239.172.9 - - [15/Apr/2012:12:42:52 -0700] "-" 400 0 "-" "-"
65.52.111.245 - - [15/Apr/2012:12:44:02 -0700] "-" 400 0 "-" "-"
65.52.111.245 - - [15/Apr/2012:12:44:04 -0700] "-" 400 0 "-" "-"
65.52.111.245 - - [15/Apr/2012:12:44:05 -0700] "-" 400 0 "-" "-"
65.52.111.245 - - [15/Apr/2012:12:44:05 -0700] "-" 400 0 "-" "-"
65.52.111.245 - - [15/Apr/2012:12:44:05 -0700] "-" 400 0 "-" "-"
65.52.111.245 - - [15/Apr/2012:12:44:06 -0700] "-" 400 0 "-" "-"
65.52.111.245 - - [15/Apr/2012:12:44:07 -0700] "-" 400 0 "-" "-"
65.52.111.245 - - [15/Apr/2012:12:44:07 -0700] "-" 400 0 "-" "-"
65.52.111.245 - - [15/Apr/2012:12:44:07 -0700] "-" 400 0 "-" "-"
65.52.111.245 - - [15/Apr/2012:12:44:07 -0700] "-" 400 0 "-" "-"
23.22.47.176 - - [15/Apr/2012:12:52:31 -0700] "GET /robots.txt HTTP/1.0" 404 169 "-" "linkdex.com/v2.0"
107.20.5.203 - - [15/Apr/2012:12:52:32 -0700] "GET /blog/how-i-spent-the-day-today.html HTTP/1.0" 200 7203 "-" "linkdex.com/v2.0"
85.17.88.169 - - [15/Apr/2012:12:53:52 -0700] "POST /blog/wp-cron.php?doing_wp_cron=1334519268 HTTP/1.0" 499 0 "-" "WordPress/3.3.1; http://yuvi.in/blog"
66.220.146.250 - - [15/Apr/2012:12:53:52 -0700] "GET /blog/my-vim-setup/ HTTP/1.1" 200 6473 "-" "facebookexternalhit/1.1 (+http://www.facebook.com/externalhit_uatext.php)"
207.46.199.53 - - [15/Apr/2012:12:54:51 -0700] "GET /robots.txt HTTP/1.1" 404 238 "-" "Mozilla/5.0 (compatible; bingbot/2.0; +http://www.bing.com/bingbot.htm)"
207.46.199.53 - - [15/Apr/2012:12:55:49 -0700] "GET /s/ta/2rbo/ HTTP/1.1" 302 499 "-" "Mozilla/5.0 (compatible; bingbot/2.0; +http://www.bing.com/bingbot.htm)"
85.17.88.169 - - [15/Apr/2012:12:56:59 -0700] "POST /blog/wp-cron.php?doing_wp_cron=1334519455 HTTP/1.0" 499 0 "-" "WordPress/3.3.1; http://yuvi.in/blog"
77.20.4.67 - - [15/Apr/2012:12:56:59 -0700] "GET /blog/college-drop/trackback/ HTTP/1.1" 302 0 "-" "findlinks/2.0.2 (+http://wortschatz.uni-leipzig.de/findlinks/)"
77.20.4.67 - - [15/Apr/2012:12:57:02 -0700] "GET /blog/college-drop/ HTTP/1.1" 200 18451 "-" "findlinks/2.0.2 (+http://wortschatz.uni-leipzig.de/findlinks/)"
85.17.88.169 - - [15/Apr/2012:13:01:58 -0700] "POST /blog/wp-cron.php?doing_wp_cron=1334519754 HTTP/1.0" 499 0 "-" "WordPress/3.3.1; http://yuvi.in/blog"
209.85.238.182 - - [15/Apr/2012:13:01:59 -0700] "GET /blog/feed/ HTTP/1.1" 304 0 "-" "Feedfetcher-Google; (+http://www.google.com/feedfetcher.html; 19 subscribers; feed-id=15064232456473204253)"
207.46.204.219 - - [15/Apr/2012:13:03:03 -0700] "-" 400 0 "-" "-"
207.46.204.219 - - [15/Apr/2012:13:03:03 -0700] "-" 400 0 "-" "-"
207.46.204.219 - - [15/Apr/2012:13:03:03 -0700] "-" 400 0 "-" "-"
207.46.204.219 - - [15/Apr/2012:13:03:07 -0700] "-" 400 0 "-" "-"
207.46.204.219 - - [15/Apr/2012:13:03:09 -0700] "-" 400 0 "-" "-"
207.46.204.219 - - [15/Apr/2012:13:03:12 -0700] "-" 400 0 "-" "-"
207.46.204.219 - - [15/Apr/2012:13:03:12 -0700] "-" 400 0 "-" "-"
207.46.204.219 - - [15/Apr/2012:13:03:15 -0700] "-" 400 0 "-" "-"
207.46.204.219 - - [15/Apr/2012:13:03:16 -0700] "-" 400 0 "-" "-"
207.46.204.219 - - [15/Apr/2012:13:03:16 -0700] "-" 400 0 "-" "-"
207.46.204.219 - - [15/Apr/2012:13:03:17 -0700] "-" 400 0 "-" "-"
207.46.204.219 - - [15/Apr/2012:13:03:17 -0700] "-" 400 0 "-" "-"
85.17.88.169 - - [15/Apr/2012:13:04:07 -0700] "POST /blog/wp-cron.php?doing_wp_cron=1334519883 HTTP/1.0" 499 0 "-" "WordPress/3.3.1; http://yuvi.in/blog"
209.85.224.87 - - [15/Apr/2012:13:04:07 -0700] "GET /blog/feed HTTP/1.1" 304 0 "-" "FeedBurner/1.0 (http://www.FeedBurner.com)"
100.43.83.144 - - [15/Apr/2012:13:04:54 -0700] "GET /blog/serendipity.html HTTP/1.1" 200 2419 "-" "Mozilla/5.0 (compatible; YandexBot/3.0; +http://yandex.com/bots)"
85.17.88.169 - - [15/Apr/2012:13:13:02 -0700] "POST /blog/wp-cron.php?doing_wp_cron=1334520418 HTTP/1.0" 499 0 "-" "WordPress/3.3.1; http://yuvi.in/blog"
23.21.38.42 - - [15/Apr/2012:13:13:02 -0700] "GET /blog/2010/04 HTTP/1.0" 301 0 "-" "linkdex.com/v2.0"
85.17.88.169 - - [15/Apr/2012:13:13:04 -0700] "POST /blog/wp-cron.php?doing_wp_cron=1334520420 HTTP/1.0" 499 0 "-" "WordPress/3.3.1; http://yuvi.in/blog"
23.21.38.42 - - [15/Apr/2012:13:13:05 -0700] "GET /blog/2010/04/ HTTP/1.0" 200 7049 "-" "linkdex.com/v2.0"
85.17.88.169 - - [15/Apr/2012:13:14:02 -0700] "POST /blog/wp-cron.php?doing_wp_cron=1334520478 HTTP/1.0" 499 0 "-" "WordPress/3.3.1; http://yuvi.in/blog"
107.20.5.203 - - [15/Apr/2012:13:14:02 -0700] "GET /blog/2011/08 HTTP/1.0" 301 0 "-" "linkdex.com/v2.0"
85.17.88.169 - - [15/Apr/2012:13:14:04 -0700] "POST /blog/wp-cron.php?doing_wp_cron=1334520480 HTTP/1.0" 499 0 "-" "WordPress/3.3.1; http://yuvi.in/blog"
107.20.5.203 - - [15/Apr/2012:13:14:04 -0700] "GET /blog/2011/08/ HTTP/1.0" 200 15969 "-" "linkdex.com/v2.0"
207.241.237.237 - - [15/Apr/2012:13:25:46 -0700] "GET /s/ta/2wz/ HTTP/1.0" 302 421 "-" "Mozilla/5.0 (compatible; archive.org_bot +http://www.archive.org/details/archive.org_bot)"
207.46.204.215 - - [15/Apr/2012:13:25:56 -0700] "-" 400 0 "-" "-"
207.46.204.215 - - [15/Apr/2012:13:25:56 -0700] "-" 400 0 "-" "-"
207.46.204.215 - - [15/Apr/2012:13:25:56 -0700] "-" 400 0 "-" "-"
207.46.204.215 - - [15/Apr/2012:13:26:00 -0700] "-" 400 0 "-" "-"
207.46.204.215 - - [15/Apr/2012:13:26:00 -0700] "-" 400 0 "-" "-"
207.46.204.215 - - [15/Apr/2012:13:26:03 -0700] "-" 400 0 "-" "-"
207.46.204.215 - - [15/Apr/2012:13:26:03 -0700] "-" 400 0 "-" "-"
207.46.204.215 - - [15/Apr/2012:13:26:03 -0700] "-" 400 0 "-" "-"
207.46.204.215 - - [15/Apr/2012:13:26:03 -0700] "-" 400 0 "-" "-"
207.46.204.215 - - [15/Apr/2012:13:26:04 -0700] "-" 400 0 "-" "-"
207.46.204.215 - - [15/Apr/2012:13:26:04 -0700] "-" 400 0 "-" "-"
207.46.204.215 - - [15/Apr/2012:13:26:05 -0700] "-" 400 0 "-" "-"
67.215.230.27 - - [15/Apr/2012:13:30:00 -0700] "GET /robots.txt HTTP/1.0" 404 169 "-" "Setooz/Nutch-1.2 (http://www.setooz.com)"
67.215.230.27 - - [15/Apr/2012:13:30:00 -0700] "GET /stories HTTP/1.0" 301 185 "-" "Setooz/Nutch-1.2 (http://www.setooz.com)"
67.215.230.28 - - [15/Apr/2012:13:30:08 -0700] "GET /robots.txt HTTP/1.0" 404 169 "-" "Setooz/Nutch-1.2 (http://www.setooz.com)"
67.215.230.28 - - [15/Apr/2012:13:30:08 -0700] "GET / HTTP/1.0" 200 3439 "-" "Setooz/Nutch-1.2 (http://www.setooz.com)"
85.17.88.169 - - [15/Apr/2012:13:34:18 -0700] "POST /blog/wp-cron.php?doing_wp_cron=1334521694 HTTP/1.0" 499 0 "-" "WordPress/3.3.1; http://yuvi.in/blog"
209.85.224.99 - - [15/Apr/2012:13:34:18 -0700] "GET /blog/feed HTTP/1.1" 304 0 "-" "FeedBurner/1.0 (http://www.FeedBurner.com)"
209.85.144.91 - - [15/Apr/2012:13:34:57 -0700] "GET /stories/feed HTTP/1.1" 200 13653 "-" "FeedBurner/1.0 (http://www.FeedBurner.com)"
85.17.88.169 - - [15/Apr/2012:13:38:56 -0700] "POST /blog/wp-cron.php?doing_wp_cron=1334521971 HTTP/1.0" 499 0 "-" "WordPress/3.3.1; http://yuvi.in/blog"
100.43.83.144 - - [15/Apr/2012:13:38:56 -0700] "GET /blog/sleepsort-4chan/ HTTP/1.1" 200 4805 "-" "Mozilla/5.0 (compatible; YandexBot/3.0; +http://yandex.com/bots)"
