188.143.232.128 - - [21/Mar/2012:06:36:45 -0700] "POST /blog/wp-login.php HTTP/1.1" 200 1460 "-" "Mozilla/5.0 (Macintosh; U; Intel Mac OS X 10_6_6; es-es) AppleWebKit/533.20.25 (KHTML, like Gecko) Version/5.0.4 Safari/533.20.27"
85.17.88.169 - - [21/Mar/2012:06:36:47 -0700] "POST /blog/wp-cron.php?doing_wp_cron=1332336845 HTTP/1.0" 499 0 "-" "WordPress/3.3.1; http://yuvi.in/blog"
188.143.232.128 - - [21/Mar/2012:06:36:47 -0700] "POST /blog/wp-login.php HTTP/1.1" 200 1460 "-" "Mozilla/5.0 (Windows NT 6.1; Win64; x64; rv:5.0) Gecko/20110619 Firefox/5.0"
85.17.88.169 - - [21/Mar/2012:06:36:49 -0700] "POST /blog/wp-cron.php?doing_wp_cron=1332336847 HTTP/1.0" 499 0 "-" "WordPress/3.3.1; http://yuvi.in/blog"
188.143.232.128 - - [21/Mar/2012:06:36:50 -0700] "POST /blog/wp-login.php HTTP/1.1" 200 1460 "-" "Opera/9.80 (X11; Linux x86_64; U; bg) Presto/2.8.131 Version/11.10"
85.17.88.169 - - [21/Mar/2012:06:36:52 -0700] "POST /blog/wp-cron.php?doing_wp_cron=1332336850 HTTP/1.0" 499 0 "-" "WordPress/3.3.1; http://yuvi.in/blog"
188.143.232.128 - - [21/Mar/2012:06:36:52 -0700] "POST /blog/wp-login.php HTTP/1.1" 200 1460 "-" "Mozilla/5.0 (Windows NT 5.1; rv:6.0) Gecko/20100101 Firefox/6.0 FirePHP/0.6"
85.17.88.169 - - [21/Mar/2012:06:36:54 -0700] "POST /blog/wp-cron.php?doing_wp_cron=1332336852 HTTP/1.0" 499 0 "-" "WordPress/3.3.1; http://yuvi.in/blog"
188.143.232.128 - - [21/Mar/2012:06:36:55 -0700] "POST /blog/wp-login.php HTTP/1.1" 200 1460 "-" "Opera/9.80 (X11; Linux x86_64; U; bg) Presto/2.8.131 Version/11.10"
85.17.88.169 - - [21/Mar/2012:06:36:57 -0700] "POST /blog/wp-cron.php?doing_wp_cron=1332336855 HTTP/1.0" 499 0 "-" "WordPress/3.3.1; http://yuvi.in/blog"
188.143.232.128 - - [21/Mar/2012:06:36:57 -0700] "POST /blog/wp-login.php HTTP/1.1" 200 1460 "-" "Mozilla/5.0 (compatible; MSIE 9.0; Windows NT 6.1; Trident/5.0; FunWebProducts)"
85.17.88.169 - - [21/Mar/2012:06:37:00 -0700] "POST /blog/wp-cron.php?doing_wp_cron=1332336857 HTTP/1.0" 499 0 "-" "WordPress/3.3.1; http://yuvi.in/blog"
188.143.232.128 - - [21/Mar/2012:06:37:00 -0700] "POST /blog/wp-login.php HTTP/1.1" 200 1460 "-" "Mozilla/5.0 (compatible; MSIE 9.0; Windows NT 6.0; Trident/5.0; chromeframe/11.0.696.57)"
85.17.88.169 - - [21/Mar/2012:06:37:02 -0700] "POST /blog/wp-cron.php?doing_wp_cron=1332336860 HTTP/1.0" 499 0 "-" "WordPress/3.3.1; http://yuvi.in/blog"
188.143.232.128 - - [21/Mar/2012:06:37:03 -0700] "POST /blog/wp-login.php HTTP/1.1" 200 1460 "-" "Mozilla/4.0 (compatible; MSIE 9.0; Windows NT 6.1; Trident/4.0; FDM; MSIECrawler; Media Center PC 5.0)"
85.17.88.169 - - [21/Mar/2012:06:37:05 -0700] "POST /blog/wp-cron.php?doing_wp_cron=1332336863 HTTP/1.0" 499 0 "-" "WordPress/3.3.1; http://yuvi.in/blog"
188.143.232.128 - - [21/Mar/2012:06:37:05 -0700] "POST /blog/wp-login.php HTTP/1.1" 200 1460 "-" "Mozilla/5.0 (Windows NT 6.1; rv:6.0) Gecko/20110814 Firefox/6.0"
85.17.88.169 - - [21/Mar/2012:06:37:08 -0700] "POST /blog/wp-cron.php?doing_wp_cron=1332336865 HTTP/1.0" 499 0 "-" "WordPress/3.3.1; http://yuvi.in/blog"
188.143.232.128 - - [21/Mar/2012:06:37:08 -0700] "POST /blog/wp-login.php HTTP/1.1" 200 1460 "-" "Mozilla/5.0 (Windows NT 5.0; WOW64; rv:6.0) Gecko/20100101 Firefox/6.0"
85.17.88.169 - - [21/Mar/2012:06:37:10 -0700] "POST /blog/wp-cron.php?doing_wp_cron=1332336868 HTTP/1.0" 499 0 "-" "WordPress/3.3.1; http://yuvi.in/blog"
188.143.232.128 - - [21/Mar/2012:06:37:11 -0700] "POST /blog/wp-login.php HTTP/1.1" 200 1460 "-" "Mozilla/4.0 (compatible; MSIE 8.0; Windows NT 6.1; de) Opera 11.01"
85.17.88.169 - - [21/Mar/2012:06:37:13 -0700] "POST /blog/wp-cron.php?doing_wp_cron=1332336871 HTTP/1.0" 499 0 "-" "WordPress/3.3.1; http://yuvi.in/blog"
188.143.232.128 - - [21/Mar/2012:06:37:13 -0700] "POST /blog/wp-login.php HTTP/1.1" 200 1460 "-" "Mozilla/5.0 (X11; Linux i686; rv:6.0) Gecko/20100101 Firefox/6.0"
85.17.88.169 - - [21/Mar/2012:06:37:15 -0700] "POST /blog/wp-cron.php?doing_wp_cron=1332336873 HTTP/1.0" 499 0 "-" "WordPress/3.3.1; http://yuvi.in/blog"
188.143.232.128 - - [21/Mar/2012:06:37:16 -0700] "POST /blog/wp-login.php HTTP/1.1" 200 1460 "-" "Mozilla/5.0 (Macintosh; U; Intel Mac OS X 10_6_6; ja-jp) AppleWebKit/533.20.25 (KHTML, like Gecko) Version/5.0.4 Safari/533.20.27"
85.17.88.169 - - [21/Mar/2012:06:37:18 -0700] "POST /blog/wp-cron.php?doing_wp_cron=1332336876 HTTP/1.0" 499 0 "-" "WordPress/3.3.1; http://yuvi.in/blog"
188.143.232.128 - - [21/Mar/2012:06:37:19 -0700] "POST /blog/wp-login.php HTTP/1.1" 200 1460 "-" "Opera/9.80 (X11; Linux i686; U; ja) Presto/2.7.62 Version/11.01"
85.17.88.169 - - [21/Mar/2012:06:37:21 -0700] "POST /blog/wp-cron.php?doing_wp_cron=1332336879 HTTP/1.0" 499 0 "-" "WordPress/3.3.1; http://yuvi.in/blog"
188.143.232.128 - - [21/Mar/2012:06:37:21 -0700] "POST /blog/wp-login.php HTTP/1.1" 200 1460 "-" "Mozilla/4.0 (compatible; MSIE 9.0; Windows NT 6.1; Trident/4.0; FDM; MSIECrawler; Media Center PC 5.0)"
85.17.88.169 - - [21/Mar/2012:06:37:23 -0700] "POST /blog/wp-cron.php?doing_wp_cron=1332336881 HTTP/1.0" 499 0 "-" "WordPress/3.3.1; http://yuvi.in/blog"
188.143.232.128 - - [21/Mar/2012:06:37:24 -0700] "POST /blog/wp-login.php HTTP/1.1" 200 1460 "-" "Mozilla/5.0 (Windows NT 5.1) AppleWebKit/535.1 (KHTML, like Gecko) Chrome/14.0.813.0 Safari/535.1"
85.17.88.169 - - [21/Mar/2012:06:37:26 -0700] "POST /blog/wp-cron.php?doing_wp_cron=1332336884 HTTP/1.0" 499 0 "-" "WordPress/3.3.1; http://yuvi.in/blog"
188.143.232.128 - - [21/Mar/2012:06:37:26 -0700] "POST /blog/wp-login.php HTTP/1.1" 200 1460 "-" "Mozilla/5.0 (Windows NT 6.1; Win64; x64; rv:5.0) Gecko/20100101 Firefox/5.0"
85.17.88.169 - - [21/Mar/2012:06:37:28 -0700] "POST /blog/wp-cron.php?doing_wp_cron=1332336886 HTTP/1.0" 499 0 "-" "WordPress/3.3.1; http://yuvi.in/blog"
188.143.232.128 - - [21/Mar/2012:06:37:29 -0700] "POST /blog/wp-login.php HTTP/1.1" 200 1460 "-" "Mozilla/5.0 (X11; Linux x86_64) AppleWebKit/535.1 (KHTML, like Gecko) Chrome/14.0.824.0 Safari/535.1"
85.17.88.169 - - [21/Mar/2012:06:37:31 -0700] "POST /blog/wp-cron.php?doing_wp_cron=1332336889 HTTP/1.0" 499 0 "-" "WordPress/3.3.1; http://yuvi.in/blog"
188.143.232.128 - - [21/Mar/2012:06:37:31 -0700] "POST /blog/wp-login.php HTTP/1.1" 200 1460 "-" "Mozilla/4.0 (compatible; MSIE 8.0; Windows NT 6.1; WOW64; Trident/4.0; SLCC2; .NET CLR 2.0.50727; .NET CLR 3.5.30729; .NET CLR 3.0.30729; Media Center PC 6.0; MS-RTC LM 8)"
85.17.88.169 - - [21/Mar/2012:06:37:34 -0700] "POST /blog/wp-cron.php?doing_wp_cron=1332336891 HTTP/1.0" 499 0 "-" "WordPress/3.3.1; http://yuvi.in/blog"
188.143.232.128 - - [21/Mar/2012:06:37:34 -0700] "POST /blog/wp-login.php HTTP/1.1" 200 1460 "-" "Mozilla/5.0 (Windows NT 6.1; WOW64) AppleWebKit/535.1 (KHTML, like Gecko) Chrome/14.0.814.0 Safari/535.1"
85.17.88.169 - - [21/Mar/2012:06:37:36 -0700] "POST /blog/wp-cron.php?doing_wp_cron=1332336894 HTTP/1.0" 499 0 "-" "WordPress/3.3.1; http://yuvi.in/blog"
188.143.232.128 - - [21/Mar/2012:06:37:37 -0700] "POST /blog/wp-login.php HTTP/1.1" 200 1460 "-" "Mozilla/5.0 (Windows; U; Windows NT 6.1; en-US; rv:1.9.2.13) Gecko/20101213 Opera/9.80 (Windows NT 6.1; U; zh-tw) Presto/2.7.62 Version/11.01"
85.17.88.169 - - [21/Mar/2012:06:37:39 -0700] "POST /blog/wp-cron.php?doing_wp_cron=1332336897 HTTP/1.0" 499 0 "-" "WordPress/3.3.1; http://yuvi.in/blog"
188.143.232.128 - - [21/Mar/2012:06:37:39 -0700] "POST /blog/wp-login.php HTTP/1.1" 200 1460 "-" "Mozilla/5.0 (compatible; MSIE 8.0; Windows NT 5.2; Trident/4.0; Media Center PC 4.0; SLCC1; .NET CLR 3.0.04320)"
85.17.88.169 - - [21/Mar/2012:06:37:41 -0700] "POST /blog/wp-cron.php?doing_wp_cron=1332336899 HTTP/1.0" 499 0 "-" "WordPress/3.3.1; http://yuvi.in/blog"
188.143.232.128 - - [21/Mar/2012:06:37:42 -0700] "POST /blog/wp-login.php HTTP/1.1" 200 1460 "-" "Mozilla/5.0 (Macintosh; U; Intel Mac OS X 10_6_6; en-us) AppleWebKit/533.20.25 (KHTML, like Gecko) Version/5.0.4 Safari/533.20.27"
85.17.88.169 - - [21/Mar/2012:06:37:44 -0700] "POST /blog/wp-cron.php?doing_wp_cron=1332336902 HTTP/1.0" 499 0 "-" "WordPress/3.3.1; http://yuvi.in/blog"
188.143.232.128 - - [21/Mar/2012:06:37:44 -0700] "POST /blog/wp-login.php HTTP/1.1" 200 1460 "-" "Opera/9.80 (Windows NT 5.1; U;) Presto/2.7.62 Version/11.01"
85.17.88.169 - - [21/Mar/2012:06:37:47 -0700] "POST /blog/wp-cron.php?doing_wp_cron=1332336904 HTTP/1.0" 499 0 "-" "WordPress/3.3.1; http://yuvi.in/blog"
188.143.232.128 - - [21/Mar/2012:06:37:47 -0700] "POST /blog/wp-login.php HTTP/1.1" 200 1460 "-" "Mozilla/5.0 (Macintosh; U; Intel Mac OS X 10_6_6; ja-jp) AppleWebKit/533.20.25 (KHTML, like Gecko) Version/5.0.4 Safari/533.20.27"
85.17.88.169 - - [21/Mar/2012:06:37:49 -0700] "POST /blog/wp-cron.php?doing_wp_cron=1332336907 HTTP/1.0" 499 0 "-" "WordPress/3.3.1; http://yuvi.in/blog"
188.143.232.128 - - [21/Mar/2012:06:37:50 -0700] "POST /blog/wp-login.php HTTP/1.1" 200 1460 "-" "Opera/9.80 (Windows NT 5.1; U; zh-tw) Presto/2.8.131 Version/11.10"
85.17.88.169 - - [21/Mar/2012:06:37:52 -0700] "POST /blog/wp-cron.php?doing_wp_cron=1332336910 HTTP/1.0" 499 0 "-" "WordPress/3.3.1; http://yuvi.in/blog"
188.143.232.128 - - [21/Mar/2012:06:37:52 -0700] "POST /blog/wp-login.php HTTP/1.1" 200 1460 "-" "Mozilla/5.0 (Macintosh; Intel Mac OS X 10_6_8) AppleWebKit/535.2 (KHTML, like Gecko) Chrome/15.0.861.0 Safari/535.2"
85.17.88.169 - - [21/Mar/2012:06:37:55 -0700] "POST /blog/wp-cron.php?doing_wp_cron=1332336912 HTTP/1.0" 499 0 "-" "WordPress/3.3.1; http://yuvi.in/blog"
188.143.232.128 - - [21/Mar/2012:06:37:55 -0700] "POST /blog/wp-login.php HTTP/1.1" 200 1460 "-" "Opera/9.80 (Windows NT 6.0; U; pl) Presto/2.7.62 Version/11.01"
85.17.88.169 - - [21/Mar/2012:06:37:57 -0700] "POST /blog/wp-cron.php?doing_wp_cron=1332336915 HTTP/1.0" 499 0 "-" "WordPress/3.3.1; http://yuvi.in/blog"
188.143.232.128 - - [21/Mar/2012:06:37:58 -0700] "POST /blog/wp-login.php HTTP/1.1" 200 1460 "-" "Mozilla/5.0 (Macintosh; U; Intel Mac OS X 10_6_6; zh-cn) AppleWebKit/533.20.25 (KHTML, like Gecko) Version/5.0.4 Safari/533.20.27"
85.17.88.169 - - [21/Mar/2012:06:38:00 -0700] "POST /blog/wp-cron.php?doing_wp_cron=1332336918 HTTP/1.0" 499 0 "-" "WordPress/3.3.1; http://yuvi.in/blog"
188.143.232.128 - - [21/Mar/2012:06:38:00 -0700] "POST /blog/wp-login.php HTTP/1.1" 200 1460 "-" "Mozilla/4.0 (compatible; MSIE 8.0; Windows NT 6.1; WOW64; Trident/4.0; SLCC2; .NET CLR 2.0.50727; .NET CLR 3.5.30729; .NET CLR 3.0.30729; Media Center PC 6.0; MS-RTC LM 8; .NET4.0C; .NET4.0E; Zune 4.7)"
85.17.88.169 - - [21/Mar/2012:06:38:03 -0700] "POST /blog/wp-cron.php?doing_wp_cron=1332336920 HTTP/1.0" 499 0 "-" "WordPress/3.3.1; http://yuvi.in/blog"
188.143.232.128 - - [21/Mar/2012:06:38:03 -0700] "POST /blog/wp-login.php HTTP/1.1" 200 1460 "-" "Mozilla/5.0 (Macintosh; Intel Mac OS X 10_6_7) AppleWebKit/535.1 (KHTML, like Gecko) Chrome/14.0.813.0 Safari/535.1"
85.17.88.169 - - [21/Mar/2012:06:38:05 -0700] "POST /blog/wp-cron.php?doing_wp_cron=1332336923 HTTP/1.0" 499 0 "-" "WordPress/3.3.1; http://yuvi.in/blog"
188.143.232.128 - - [21/Mar/2012:06:38:06 -0700] "POST /blog/wp-login.php HTTP/1.1" 200 1460 "-" "Mozilla/5.0 (Macintosh; U; Intel Mac OS X 10_6_7; da-dk) AppleWebKit/533.21.1 (KHTML, like Gecko) Version/5.0.5 Safari/533.21.1"
85.17.88.169 - - [21/Mar/2012:06:38:08 -0700] "POST /blog/wp-cron.php?doing_wp_cron=1332336926 HTTP/1.0" 499 0 "-" "WordPress/3.3.1; http://yuvi.in/blog"
188.143.232.128 - - [21/Mar/2012:06:38:08 -0700] "POST /blog/wp-login.php HTTP/1.1" 200 1460 "-" "Mozilla/5.0 (Windows NT 5.0; WOW64; rv:5.0) Gecko/20100101 Firefox/5.0"
85.17.88.169 - - [21/Mar/2012:06:38:10 -0700] "POST /blog/wp-cron.php?doing_wp_cron=1332336928 HTTP/1.0" 499 0 "-" "WordPress/3.3.1; http://yuvi.in/blog"
188.143.232.128 - - [21/Mar/2012:06:38:11 -0700] "POST /blog/wp-login.php HTTP/1.1" 200 1460 "-" "Mozilla/5.0 (X11; Linux x86_64) Gecko Firefox/5.0"
85.17.88.169 - - [21/Mar/2012:06:38:13 -0700] "POST /blog/wp-cron.php?doing_wp_cron=1332336931 HTTP/1.0" 499 0 "-" "WordPress/3.3.1; http://yuvi.in/blog"
188.143.232.128 - - [21/Mar/2012:06:38:13 -0700] "POST /blog/wp-login.php HTTP/1.1" 200 1460 "-" "Mozilla/5.0 (Windows NT 5.1; U; en; rv:1.8.1) Gecko/20061208 Firefox/5.0 Opera 11.11"
66.220.149.245 - - [21/Mar/2012:06:38:14 -0700] "GET /r/eya HTTP/1.1" 301 255 "-" "facebookexternalhit/1.1 (+http://www.facebook.com/externalhit_uatext.php)"
66.220.149.244 - - [21/Mar/2012:06:38:14 -0700] "GET /s/ta/eya/ HTTP/1.1" 302 401 "-" "facebookexternalhit/1.1 (+http://www.facebook.com/externalhit_uatext.php)"
85.17.88.169 - - [21/Mar/2012:06:38:16 -0700] "POST /blog/wp-cron.php?doing_wp_cron=1332336934 HTTP/1.0" 499 0 "-" "WordPress/3.3.1; http://yuvi.in/blog"
188.143.232.128 - - [21/Mar/2012:06:38:16 -0700] "POST /blog/wp-login.php HTTP/1.1" 200 1460 "-" "Mozilla/5.0 (compatible; MSIE 9.0; Windows NT 6.1; de) Opera 11.51"
85.17.88.169 - - [21/Mar/2012:06:38:18 -0700] "POST /blog/wp-cron.php?doing_wp_cron=1332336936 HTTP/1.0" 499 0 "-" "WordPress/3.3.1; http://yuvi.in/blog"
188.143.232.128 - - [21/Mar/2012:06:38:19 -0700] "POST /blog/wp-login.php HTTP/1.1" 200 1460 "-" "Mozilla/5.0 (compatible; MSIE 9.0; Windows NT 6.1; WOW64; Trident/5.0; SLCC2; Media Center PC 6.0; InfoPath.3; MS-RTC LM 8; Zune 4.7"
85.17.88.169 - - [21/Mar/2012:06:38:21 -0700] "POST /blog/wp-cron.php?doing_wp_cron=1332336939 HTTP/1.0" 499 0 "-" "WordPress/3.3.1; http://yuvi.in/blog"
188.143.232.128 - - [21/Mar/2012:06:38:21 -0700] "POST /blog/wp-login.php HTTP/1.1" 200 1460 "-" "mozilla/3.0 (Windows NT 6.1; rv:2.0.1) Gecko/20100101 Firefox/5.0.1"
85.17.88.169 - - [21/Mar/2012:06:38:23 -0700] "POST /blog/wp-cron.php?doing_wp_cron=1332336941 HTTP/1.0" 499 0 "-" "WordPress/3.3.1; http://yuvi.in/blog"
188.143.232.128 - - [21/Mar/2012:06:38:24 -0700] "POST /blog/wp-login.php HTTP/1.1" 200 1460 "-" "Mozilla/4.0 (compatible; MSIE 8.0; Windows NT 6.1; WOW64; Trident/4.0; SLCC2; .NET CLR 2.0.50727; InfoPath.3; .NET4.0C; .NET4.0E; .NET CLR 3.5.30729; .NET CLR 3.0.30729; MS-RTC LM 8)"
85.17.88.169 - - [21/Mar/2012:06:38:26 -0700] "POST /blog/wp-cron.php?doing_wp_cron=1332336944 HTTP/1.0" 499 0 "-" "WordPress/3.3.1; http://yuvi.in/blog"
188.143.232.128 - - [21/Mar/2012:06:38:26 -0700] "POST /blog/wp-login.php HTTP/1.1" 200 1460 "-" "Mozilla/4.0 (compatible; MSIE 8.0; Windows NT 6.1; WOW64; Trident/4.0; SLCC2; .NET CLR 2.0.50727; .NET CLR 3.5.30729; .NET CLR 3.0.30729; Media Center PC 6.0; msn OptimizedIE8;ZHCN)"
85.17.88.169 - - [21/Mar/2012:06:38:28 -0700] "POST /blog/wp-cron.php?doing_wp_cron=1332336946 HTTP/1.0" 499 0 "-" "WordPress/3.3.1; http://yuvi.in/blog"
188.143.232.128 - - [21/Mar/2012:06:38:29 -0700] "POST /blog/wp-login.php HTTP/1.1" 200 1460 "-" "Mozilla/5.0 (Windows NT 6.2; WOW64; rv:5.0) Gecko/20100101 Firefox/5.0"
85.17.88.169 - - [21/Mar/2012:06:38:31 -0700] "POST /blog/wp-cron.php?doing_wp_cron=1332336949 HTTP/1.0" 499 0 "-" "WordPress/3.3.1; http://yuvi.in/blog"
188.143.232.128 - - [21/Mar/2012:06:38:31 -0700] "POST /blog/wp-login.php HTTP/1.1" 200 1460 "-" "Mozilla/5.0 (compatible; MSIE 9.0; Windows NT 6.0; Trident/5.0; chromeframe/11.0.696.57)"
85.17.88.169 - - [21/Mar/2012:06:38:34 -0700] "POST /blog/wp-cron.php?doing_wp_cron=1332336951 HTTP/1.0" 499 0 "-" "WordPress/3.3.1; http://yuvi.in/blog"
188.143.232.128 - - [21/Mar/2012:06:38:34 -0700] "POST /blog/wp-login.php HTTP/1.1" 200 1460 "-" "Mozilla/5.0 (compatible; MSIE 9.0; Windows NT 6.1; WOW64; Trident/5.0; SLCC2; Media Center PC 6.0; InfoPath.3; MS-RTC LM 8; Zune 4.7"
85.17.88.169 - - [21/Mar/2012:06:38:36 -0700] "POST /blog/wp-cron.php?doing_wp_cron=1332336954 HTTP/1.0" 499 0 "-" "WordPress/3.3.1; http://yuvi.in/blog"
188.143.232.128 - - [21/Mar/2012:06:38:37 -0700] "POST /blog/wp-login.php HTTP/1.1" 200 1460 "-" "Mozilla/5.0 (compatible; MSIE 9.0; Windows NT 6.1; WOW64; Trident/5.0; chromeframe/12.0.742.112)"
85.17.88.169 - - [21/Mar/2012:06:38:39 -0700] "POST /blog/wp-cron.php?doing_wp_cron=1332336957 HTTP/1.0" 499 0 "-" "WordPress/3.3.1; http://yuvi.in/blog"
188.143.232.128 - - [21/Mar/2012:06:38:39 -0700] "POST /blog/wp-login.php HTTP/1.1" 200 1460 "-" "Mozilla/5.0 (Windows; U; Windows NT 6.1; tr-TR) AppleWebKit/533.20.25 (KHTML, like Gecko) Version/5.0.4 Safari/533.20.27"
85.17.88.169 - - [21/Mar/2012:06:38:42 -0700] "POST /blog/wp-cron.php?doing_wp_cron=1332336959 HTTP/1.0" 499 0 "-" "WordPress/3.3.1; http://yuvi.in/blog"
188.143.232.128 - - [21/Mar/2012:06:38:42 -0700] "POST /blog/wp-login.php HTTP/1.1" 200 1460 "-" "Mozilla/5.0 (Macintosh; Intel Mac OS X 10_6_8) AppleWebKit/535.2 (KHTML, like Gecko) Chrome/15.0.861.0 Safari/535.2"
85.17.88.169 - - [21/Mar/2012:06:38:44 -0700] "POST /blog/wp-cron.php?doing_wp_cron=1332336962 HTTP/1.0" 200 0 "-" "WordPress/3.3.1; http://yuvi.in/blog"
188.143.232.128 - - [21/Mar/2012:06:38:45 -0700] "POST /blog/wp-login.php HTTP/1.1" 200 1460 "-" "Opera/9.80 (Windows NT 6.1; U; zh-cn) Presto/2.7.62 Version/11.01"
85.17.88.169 - - [21/Mar/2012:06:38:47 -0700] "POST /blog/wp-cron.php?doing_wp_cron=1332336965 HTTP/1.0" 499 0 "-" "WordPress/3.3.1; http://yuvi.in/blog"
188.143.232.128 - - [21/Mar/2012:06:38:47 -0700] "POST /blog/wp-login.php HTTP/1.1" 200 1460 "-" "Mozilla/5.0 (Windows NT 6.1; Win64; x64; rv:5.0) Gecko/20100101 Firefox/5.0"
85.17.88.169 - - [21/Mar/2012:06:38:49 -0700] "POST /blog/wp-cron.php?doing_wp_cron=1332336967 HTTP/1.0" 499 0 "-" "WordPress/3.3.1; http://yuvi.in/blog"
188.143.232.128 - - [21/Mar/2012:06:38:50 -0700] "POST /blog/wp-login.php HTTP/1.1" 200 1460 "-" "Opera/9.80 (Windows NT 6.1; U; es-ES) Presto/2.9.181 Version/12.00"
85.17.88.169 - - [21/Mar/2012:06:38:52 -0700] "POST /blog/wp-cron.php?doing_wp_cron=1332336970 HTTP/1.0" 499 0 "-" "WordPress/3.3.1; http://yuvi.in/blog"
188.143.232.128 - - [21/Mar/2012:06:38:52 -0700] "POST /blog/wp-login.php HTTP/1.1" 200 1460 "-" "Mozilla/5.0 (Windows NT 6.1; U; nl; rv:1.9.1.6) Gecko/20091201 Firefox/3.5.6 Opera 11.01"
85.17.88.169 - - [21/Mar/2012:06:38:54 -0700] "POST /blog/wp-cron.php?doing_wp_cron=1332336972 HTTP/1.0" 499 0 "-" "WordPress/3.3.1; http://yuvi.in/blog"
188.143.232.128 - - [21/Mar/2012:06:38:55 -0700] "POST /blog/wp-login.php HTTP/1.1" 200 1460 "-" "mozilla/3.0 (Windows NT 6.1; rv:2.0.1) Gecko/20100101 Firefox/5.0.1"
85.17.88.169 - - [21/Mar/2012:06:38:57 -0700] "POST /blog/wp-cron.php?doing_wp_cron=1332336975 HTTP/1.0" 499 0 "-" "WordPress/3.3.1; http://yuvi.in/blog"
188.143.232.128 - - [21/Mar/2012:06:38:57 -0700] "POST /blog/wp-login.php HTTP/1.1" 200 1460 "-" "Mozilla/5.0 (X11; Linux x86_64) Gecko Firefox/5.0"
85.17.88.169 - - [21/Mar/2012:06:39:00 -0700] "POST /blog/wp-cron.php?doing_wp_cron=1332336978 HTTP/1.0" 499 0 "-" "WordPress/3.3.1; http://yuvi.in/blog"
188.143.232.128 - - [21/Mar/2012:06:39:00 -0700] "POST /blog/wp-login.php HTTP/1.1" 200 1460 "-" "Mozilla/5.0 (Windows NT 5.1; rv:2.0.1) Gecko/20100101 Firefox/5.0"
85.17.88.169 - - [21/Mar/2012:06:39:02 -0700] "POST /blog/wp-cron.php?doing_wp_cron=1332336980 HTTP/1.0" 499 0 "-" "WordPress/3.3.1; http://yuvi.in/blog"
188.143.232.128 - - [21/Mar/2012:06:39:03 -0700] "POST /blog/wp-login.php HTTP/1.1" 200 1460 "-" "Opera/9.80 (Windows NT 6.1; U; es-ES) Presto/2.9.181 Version/12.00"
85.17.88.169 - - [21/Mar/2012:06:39:05 -0700] "POST /blog/wp-cron.php?doing_wp_cron=1332336983 HTTP/1.0" 499 0 "-" "WordPress/3.3.1; http://yuvi.in/blog"
188.143.232.128 - - [21/Mar/2012:06:39:05 -0700] "POST /blog/wp-login.php HTTP/1.1" 200 1460 "-" "Opera/9.80 (X11; Linux x86_64; U; fr) Presto/2.9.168 Version/11.50"
85.17.88.169 - - [21/Mar/2012:06:39:07 -0700] "POST /blog/wp-cron.php?doing_wp_cron=1332336985 HTTP/1.0" 499 0 "-" "WordPress/3.3.1; http://yuvi.in/blog"
188.143.232.128 - - [21/Mar/2012:06:39:08 -0700] "POST /blog/wp-login.php HTTP/1.1" 200 1460 "-" "Opera/9.80 (X11; Linux i686; U; ja) Presto/2.7.62 Version/11.01"
85.17.88.169 - - [21/Mar/2012:06:39:10 -0700] "POST /blog/wp-cron.php?doing_wp_cron=1332336988 HTTP/1.0" 499 0 "-" "WordPress/3.3.1; http://yuvi.in/blog"
188.143.232.128 - - [21/Mar/2012:06:39:10 -0700] "POST /blog/wp-login.php HTTP/1.1" 200 1460 "-" "Mozilla/4.0 (compatible; MSIE 8.0; Windows NT 6.1; WOW64; Trident/4.0; SLCC2; .NET CLR 2.0.50727; InfoPath.3; .NET4.0C; .NET4.0E; .NET CLR 3.5.30729; .NET CLR 3.0.30729; MS-RTC LM 8)"
85.17.88.169 - - [21/Mar/2012:06:39:12 -0700] "POST /blog/wp-cron.php?doing_wp_cron=1332336990 HTTP/1.0" 499 0 "-" "WordPress/3.3.1; http://yuvi.in/blog"
188.143.232.128 - - [21/Mar/2012:06:39:13 -0700] "POST /blog/wp-login.php HTTP/1.1" 200 1460 "-" "Mozilla/5.0 (X11; Linux x86_64) Gecko Firefox/5.0"
85.17.88.169 - - [21/Mar/2012:06:39:15 -0700] "POST /blog/wp-cron.php?doing_wp_cron=1332336993 HTTP/1.0" 499 0 "-" "WordPress/3.3.1; http://yuvi.in/blog"
188.143.232.128 - - [21/Mar/2012:06:39:15 -0700] "POST /blog/wp-login.php HTTP/1.1" 200 1460 "-" "Mozilla/5.0 (Windows NT 5.1; rv:2.0.1) Gecko/20100101 Firefox/5.0"
85.17.88.169 - - [21/Mar/2012:06:39:18 -0700] "POST /blog/wp-cron.php?doing_wp_cron=1332336995 HTTP/1.0" 499 0 "-" "WordPress/3.3.1; http://yuvi.in/blog"
188.143.232.128 - - [21/Mar/2012:06:39:18 -0700] "POST /blog/wp-login.php HTTP/1.1" 200 1460 "-" "Mozilla/5.0 (X11; Linux AMD64) Gecko Firefox/5.0"
85.17.88.169 - - [21/Mar/2012:06:39:20 -0700] "POST /blog/wp-cron.php?doing_wp_cron=1332336998 HTTP/1.0" 499 0 "-" "WordPress/3.3.1; http://yuvi.in/blog"
188.143.232.128 - - [21/Mar/2012:06:39:21 -0700] "POST /blog/wp-login.php HTTP/1.1" 200 1460 "-" "Opera/9.80 (X11; Linux i686; U; ru) Presto/2.8.131 Version/11.11"
85.17.88.169 - - [21/Mar/2012:06:39:23 -0700] "POST /blog/wp-cron.php?doing_wp_cron=1332337001 HTTP/1.0" 499 0 "-" "WordPress/3.3.1; http://yuvi.in/blog"
188.143.232.128 - - [21/Mar/2012:06:39:23 -0700] "POST /blog/wp-login.php HTTP/1.1" 200 1460 "-" "Mozilla/5.0 (Windows NT 6.1; WOW64) AppleWebKit/535.1 (KHTML, like Gecko) Chrome/14.0.814.0 Safari/535.1"
85.17.88.169 - - [21/Mar/2012:06:39:25 -0700] "POST /blog/wp-cron.php?doing_wp_cron=1332337003 HTTP/1.0" 499 0 "-" "WordPress/3.3.1; http://yuvi.in/blog"
188.143.232.128 - - [21/Mar/2012:06:39:26 -0700] "POST /blog/wp-login.php HTTP/1.1" 200 1460 "-" "Mozilla/4.0 (compatible; MSIE 8.0; Windows NT 6.1; de) Opera 11.01"
85.17.88.169 - - [21/Mar/2012:06:39:28 -0700] "POST /blog/wp-cron.php?doing_wp_cron=1332337006 HTTP/1.0" 499 0 "-" "WordPress/3.3.1; http://yuvi.in/blog"
188.143.232.128 - - [21/Mar/2012:06:39:28 -0700] "POST /blog/wp-login.php HTTP/1.1" 200 1460 "-" "Mozilla/5.0 (Windows NT 5.1) AppleWebKit/535.2 (KHTML, like Gecko) Chrome/15.0.860.0 Safari/535.2"
85.17.88.169 - - [21/Mar/2012:06:39:30 -0700] "POST /blog/wp-cron.php?doing_wp_cron=1332337008 HTTP/1.0" 499 0 "-" "WordPress/3.3.1; http://yuvi.in/blog"
188.143.232.128 - - [21/Mar/2012:06:39:31 -0700] "POST /blog/wp-login.php HTTP/1.1" 200 1460 "-" "Mozilla/5.0 (X11; Linux x86_64) AppleWebKit/535.1 (KHTML, like Gecko) Chrome/14.0.824.0 Safari/535.1"
85.17.88.169 - - [21/Mar/2012:06:39:33 -0700] "POST /blog/wp-cron.php?doing_wp_cron=1332337011 HTTP/1.0" 499 0 "-" "WordPress/3.3.1; http://yuvi.in/blog"
188.143.232.128 - - [21/Mar/2012:06:39:33 -0700] "POST /blog/wp-login.php HTTP/1.1" 200 1460 "-" "Opera/9.80 (Windows NT 5.1; U;) Presto/2.7.62 Version/11.01"
85.17.88.169 - - [21/Mar/2012:06:39:36 -0700] "POST /blog/wp-cron.php?doing_wp_cron=1332337013 HTTP/1.0" 499 0 "-" "WordPress/3.3.1; http://yuvi.in/blog"
188.143.232.128 - - [21/Mar/2012:06:39:36 -0700] "POST /blog/wp-login.php HTTP/1.1" 200 1460 "-" "Mozilla/5.0 (Macintosh; Intel Mac OS X 10_6_8) AppleWebKit/535.2 (KHTML, like Gecko) Chrome/15.0.861.0 Safari/535.2"
85.17.88.169 - - [21/Mar/2012:06:39:38 -0700] "POST /blog/wp-cron.php?doing_wp_cron=1332337016 HTTP/1.0" 499 0 "-" "WordPress/3.3.1; http://yuvi.in/blog"
188.143.232.128 - - [21/Mar/2012:06:39:39 -0700] "POST /blog/wp-login.php HTTP/1.1" 200 1460 "-" "Mozilla/5.0 (X11; Linux x86_64) AppleWebKit/535.2 (KHTML, like Gecko) Ubuntu/11.04 Chromium/15.0.871.0 Chrome/15.0.871.0 Safari/535.2"
85.17.88.169 - - [21/Mar/2012:06:39:41 -0700] "POST /blog/wp-cron.php?doing_wp_cron=1332337019 HTTP/1.0" 499 0 "-" "WordPress/3.3.1; http://yuvi.in/blog"
188.143.232.128 - - [21/Mar/2012:06:39:41 -0700] "POST /blog/wp-login.php HTTP/1.1" 200 1460 "-" "Mozilla/5.0 (compatible; MSIE 7.0; Windows NT 5.0; Trident/4.0; FBSMTWB; .NET CLR 2.0.34861; .NET CLR 3.0.3746.3218; .NET CLR 3.5.33652; msn OptimizedIE8;ENUS)"
85.17.88.169 - - [21/Mar/2012:06:39:43 -0700] "POST /blog/wp-cron.php?doing_wp_cron=1332337021 HTTP/1.0" 499 0 "-" "WordPress/3.3.1; http://yuvi.in/blog"
188.143.232.128 - - [21/Mar/2012:06:39:44 -0700] "POST /blog/wp-login.php HTTP/1.1" 200 1460 "-" "Mozilla/5.0 (Windows NT 6.1; U; nl; rv:1.9.1.6) Gecko/20091201 Firefox/3.5.6 Opera 11.01"
85.17.88.169 - - [21/Mar/2012:06:39:46 -0700] "POST /blog/wp-cron.php?doing_wp_cron=1332337024 HTTP/1.0" 499 0 "-" "WordPress/3.3.1; http://yuvi.in/blog"
188.143.232.128 - - [21/Mar/2012:06:39:46 -0700] "POST /blog/wp-login.php HTTP/1.1" 200 1460 "-" "Mozilla/5.0 (Macintosh; U; Intel Mac OS X 10_6_6; en-us) AppleWebKit/533.20.25 (KHTML, like Gecko) Version/5.0.4 Safari/533.20.27"
85.17.88.169 - - [21/Mar/2012:06:39:49 -0700] "POST /blog/wp-cron.php?doing_wp_cron=1332337027 HTTP/1.0" 499 0 "-" "WordPress/3.3.1; http://yuvi.in/blog"
188.143.232.128 - - [21/Mar/2012:06:39:49 -0700] "POST /blog/wp-login.php HTTP/1.1" 200 1460 "-" "Mozilla/4.0 (compatible; MSIE 8.0; Windows NT 6.1; WOW64; Trident/4.0; SLCC2; .NET CLR 2.0.50727; Media Center PC 6.0; .NET CLR 3.5.30729; .NET CLR 3.0.30729; .NET4.0C)"
85.17.88.169 - - [21/Mar/2012:06:39:51 -0700] "POST /blog/wp-cron.php?doing_wp_cron=1332337029 HTTP/1.0" 499 0 "-" "WordPress/3.3.1; http://yuvi.in/blog"
188.143.232.128 - - [21/Mar/2012:06:39:52 -0700] "POST /blog/wp-login.php HTTP/1.1" 200 1460 "-" "Opera/9.80 (Windows NT 5.1; U;) Presto/2.7.62 Version/11.01"
85.17.88.169 - - [21/Mar/2012:06:39:54 -0700] "POST /blog/wp-cron.php?doing_wp_cron=1332337032 HTTP/1.0" 499 0 "-" "WordPress/3.3.1; http://yuvi.in/blog"
188.143.232.128 - - [21/Mar/2012:06:39:54 -0700] "POST /blog/wp-login.php HTTP/1.1" 200 1460 "-" "Mozilla/5.0 (X11; U; Linux amd64; rv:5.0) Gecko/20100101 Firefox/5.0 (Debian)"
85.17.88.169 - - [21/Mar/2012:06:39:56 -0700] "POST /blog/wp-cron.php?doing_wp_cron=1332337034 HTTP/1.0" 499 0 "-" "WordPress/3.3.1; http://yuvi.in/blog"
188.143.232.128 - - [21/Mar/2012:06:39:57 -0700] "POST /blog/wp-login.php HTTP/1.1" 200 1460 "-" "Mozilla/5.0 ( ; MSIE 9.0; Windows NT 6.1; WOW64; Trident/5.0)"
85.17.88.169 - - [21/Mar/2012:06:39:59 -0700] "POST /blog/wp-cron.php?doing_wp_cron=1332337037 HTTP/1.0" 499 0 "-" "WordPress/3.3.1; http://yuvi.in/blog"
188.143.232.128 - - [21/Mar/2012:06:39:59 -0700] "POST /blog/wp-login.php HTTP/1.1" 200 1460 "-" "Opera/9.80 (X11; Linux i686; U; es-ES) Presto/2.8.131 Version/11.11"
85.17.88.169 - - [21/Mar/2012:06:40:02 -0700] "POST /blog/wp-cron.php?doing_wp_cron=1332337039 HTTP/1.0" 499 0 "-" "WordPress/3.3.1; http://yuvi.in/blog"
188.143.232.128 - - [21/Mar/2012:06:40:02 -0700] "POST /blog/wp-login.php HTTP/1.1" 200 1460 "-" "Mozilla/5.0 (Macintosh; Intel Mac OS X 10_6_8) AppleWebKit/535.2 (KHTML, like Gecko) Chrome/15.0.861.0 Safari/535.2"
85.17.88.169 - - [21/Mar/2012:06:40:04 -0700] "POST /blog/wp-cron.php?doing_wp_cron=1332337042 HTTP/1.0" 499 0 "-" "WordPress/3.3.1; http://yuvi.in/blog"
188.143.232.128 - - [21/Mar/2012:06:40:04 -0700] "POST /blog/wp-login.php HTTP/1.1" 200 1460 "-" "Mozilla/5.0 (compatible; MSIE 9.0; Windows NT 6.1; WOW64; Trident/5.0; SLCC2; Media Center PC 6.0; InfoPath.3; MS-RTC LM 8; Zune 4.7"
85.17.88.169 - - [21/Mar/2012:06:40:07 -0700] "POST /blog/wp-cron.php?doing_wp_cron=1332337045 HTTP/1.0" 499 0 "-" "WordPress/3.3.1; http://yuvi.in/blog"
188.143.232.128 - - [21/Mar/2012:06:40:07 -0700] "POST /blog/wp-login.php HTTP/1.1" 200 1460 "-" "Mozilla/5.0 (Macintosh; U; Intel Mac OS X 10_6_6; ko-kr) AppleWebKit/533.20.25 (KHTML, like Gecko) Version/5.0.4 Safari/533.20.27"
85.17.88.169 - - [21/Mar/2012:06:40:09 -0700] "POST /blog/wp-cron.php?doing_wp_cron=1332337047 HTTP/1.0" 499 0 "-" "WordPress/3.3.1; http://yuvi.in/blog"
188.143.232.128 - - [21/Mar/2012:06:40:10 -0700] "POST /blog/wp-login.php HTTP/1.1" 200 1460 "-" "Mozilla/5.0 (compatible; MSIE 9.0; Windows NT 6.0; Trident/5.0; chromeframe/11.0.696.57)"
85.17.88.169 - - [21/Mar/2012:06:40:12 -0700] "POST /blog/wp-cron.php?doing_wp_cron=1332337050 HTTP/1.0" 499 0 "-" "WordPress/3.3.1; http://yuvi.in/blog"
188.143.232.128 - - [21/Mar/2012:06:40:13 -0700] "POST /blog/wp-login.php HTTP/1.1" 200 1460 "-" "Mozilla/5.0 (Windows NT 6.1; WOW64; rv:6.0a2) Gecko/20110612 Firefox/6.0a2"
85.17.88.169 - - [21/Mar/2012:06:40:15 -0700] "POST /blog/wp-cron.php?doing_wp_cron=1332337053 HTTP/1.0" 499 0 "-" "WordPress/3.3.1; http://yuvi.in/blog"
188.143.232.128 - - [21/Mar/2012:06:40:15 -0700] "POST /blog/wp-login.php HTTP/1.1" 200 1460 "-" "Mozilla/5.0 (X11; Linux i686) AppleWebKit/535.1 (KHTML, like Gecko) Ubuntu/11.04 Chromium/14.0.825.0 Chrome/14.0.825.0 Safari/535.1"
85.17.88.169 - - [21/Mar/2012:06:40:17 -0700] "POST /blog/wp-cron.php?doing_wp_cron=1332337055 HTTP/1.0" 499 0 "-" "WordPress/3.3.1; http://yuvi.in/blog"
188.143.232.128 - - [21/Mar/2012:06:40:18 -0700] "POST /blog/wp-login.php HTTP/1.1" 200 1460 "-" "Mozilla/5.0 (X11; U; Linux amd64; en-US; rv:5.0) Gecko/20110619 Firefox/5.0"
85.17.88.169 - - [21/Mar/2012:06:40:20 -0700] "POST /blog/wp-cron.php?doing_wp_cron=1332337058 HTTP/1.0" 499 0 "-" "WordPress/3.3.1; http://yuvi.in/blog"
188.143.232.128 - - [21/Mar/2012:06:40:20 -0700] "POST /blog/wp-login.php HTTP/1.1" 200 1460 "-" "Mozilla/5.0 (X11; Linux x86_64) AppleWebKit/535.2 (KHTML, like Gecko) Ubuntu/11.04 Chromium/15.0.871.0 Chrome/15.0.871.0 Safari/535.2"
85.17.88.169 - - [21/Mar/2012:06:40:22 -0700] "POST /blog/wp-cron.php?doing_wp_cron=1332337060 HTTP/1.0" 499 0 "-" "WordPress/3.3.1; http://yuvi.in/blog"
188.143.232.128 - - [21/Mar/2012:06:40:23 -0700] "POST /blog/wp-login.php HTTP/1.1" 200 1460 "-" "Mozilla/5.0 (Windows NT 6.1) AppleWebKit/535.1 (KHTML, like Gecko) Chrome/14.0.815.10913 Safari/535.1"
85.17.88.169 - - [21/Mar/2012:06:40:25 -0700] "POST /blog/wp-cron.php?doing_wp_cron=1332337063 HTTP/1.0" 499 0 "-" "WordPress/3.3.1; http://yuvi.in/blog"
188.143.232.128 - - [21/Mar/2012:06:40:25 -0700] "POST /blog/wp-login.php HTTP/1.1" 200 1460 "-" "Mozilla/4.0 (compatible; MSIE 8.0; Windows NT 6.1; WOW64; Trident/4.0; SLCC2; .NET CLR 2.0.50727; .NET CLR 3.5.30729; .NET CLR 3.0.30729; Media Center PC 6.0; InfoPath.3; Zune 4.0)"
85.17.88.169 - - [21/Mar/2012:06:40:28 -0700] "POST /blog/wp-cron.php?doing_wp_cron=1332337066 HTTP/1.0" 499 0 "-" "WordPress/3.3.1; http://yuvi.in/blog"
188.143.232.128 - - [21/Mar/2012:06:40:28 -0700] "POST /blog/wp-login.php HTTP/1.1" 200 1460 "-" "Opera/9.80 (X11; Linux i686; U; hu) Presto/2.9.168 Version/11.50"
85.17.88.169 - - [21/Mar/2012:06:40:30 -0700] "POST /blog/wp-cron.php?doing_wp_cron=1332337068 HTTP/1.0" 499 0 "-" "WordPress/3.3.1; http://yuvi.in/blog"
188.143.232.128 - - [21/Mar/2012:06:40:31 -0700] "POST /blog/wp-login.php HTTP/1.1" 200 1460 "-" "Mozilla/5.0 (Windows NT 5.1) AppleWebKit/535.1 (KHTML, like Gecko) Chrome/14.0.815.0 Safari/535.1"
85.17.88.169 - - [21/Mar/2012:06:40:33 -0700] "POST /blog/wp-cron.php?doing_wp_cron=1332337071 HTTP/1.0" 499 0 "-" "WordPress/3.3.1; http://yuvi.in/blog"
188.143.232.128 - - [21/Mar/2012:06:40:33 -0700] "POST /blog/wp-login.php HTTP/1.1" 200 1460 "-" "Opera/9.80 (X11; Linux x86_64; U; bg) Presto/2.8.131 Version/11.10"
85.17.88.169 - - [21/Mar/2012:06:40:35 -0700] "POST /blog/wp-cron.php?doing_wp_cron=1332337073 HTTP/1.0" 499 0 "-" "WordPress/3.3.1; http://yuvi.in/blog"
188.143.232.128 - - [21/Mar/2012:06:40:36 -0700] "POST /blog/wp-login.php HTTP/1.1" 200 1460 "-" "Mozilla/5.0 (compatible; MSIE 9.0; Windows NT 7.1; Trident/5.0)"
85.17.88.169 - - [21/Mar/2012:06:40:38 -0700] "POST /blog/wp-cron.php?doing_wp_cron=1332337076 HTTP/1.0" 499 0 "-" "WordPress/3.3.1; http://yuvi.in/blog"
188.143.232.128 - - [21/Mar/2012:06:40:38 -0700] "POST /blog/wp-login.php HTTP/1.1" 200 1460 "-" "Mozilla/5.0 (compatible; MSIE 8.0; Windows NT 5.0; Trident/4.0; InfoPath.1; SV1; .NET CLR 3.0.4506.2152; .NET CLR 3.5.30729; .NET CLR 3.0.04506.30)"
85.17.88.169 - - [21/Mar/2012:06:40:40 -0700] "POST /blog/wp-cron.php?doing_wp_cron=1332337078 HTTP/1.0" 499 0 "-" "WordPress/3.3.1; http://yuvi.in/blog"
188.143.232.128 - - [21/Mar/2012:06:40:41 -0700] "POST /blog/wp-login.php HTTP/1.1" 200 1460 "-" "Mozilla/5.0 (Windows NT 5.1; rv:2.0.1) Gecko/20100101 Firefox/5.0"
85.17.88.169 - - [21/Mar/2012:06:40:43 -0700] "POST /blog/wp-cron.php?doing_wp_cron=1332337081 HTTP/1.0" 499 0 "-" "WordPress/3.3.1; http://yuvi.in/blog"
188.143.232.128 - - [21/Mar/2012:06:40:43 -0700] "POST /blog/wp-login.php HTTP/1.1" 200 1460 "-" "Mozilla/5.0 (Windows NT 6.1; WOW64) AppleWebKit/535.1 (KHTML, like Gecko) Chrome/14.0.814.0 Safari/535.1"
85.17.88.169 - - [21/Mar/2012:06:40:46 -0700] "POST /blog/wp-cron.php?doing_wp_cron=1332337083 HTTP/1.0" 499 0 "-" "WordPress/3.3.1; http://yuvi.in/blog"
188.143.232.128 - - [21/Mar/2012:06:40:46 -0700] "POST /blog/wp-login.php HTTP/1.1" 200 1460 "-" "Mozilla/5.0 (Macintosh; U; Intel Mac OS X 10_6_8; de-at) AppleWebKit/533.21.1 (KHTML, like Gecko) Version/5.0.5 Safari/533.21.1"
85.17.88.169 - - [21/Mar/2012:06:40:48 -0700] "POST /blog/wp-cron.php?doing_wp_cron=1332337086 HTTP/1.0" 499 0 "-" "WordPress/3.3.1; http://yuvi.in/blog"
188.143.232.128 - - [21/Mar/2012:06:40:49 -0700] "POST /blog/wp-login.php HTTP/1.1" 200 1460 "-" "Mozilla/5.0 (Windows NT 6.1; rv:6.0) Gecko/20110814 Firefox/6.0"
101.226.33.172 - - [21/Mar/2012:06:40:51 -0700] "GET /blog/feed HTTP/1.0" 304 0 "-" "Mozilla/4.0 (compatible; Windows;)"
85.17.88.169 - - [21/Mar/2012:06:40:51 -0700] "POST /blog/wp-cron.php?doing_wp_cron=1332337089 HTTP/1.0" 200 0 "-" "WordPress/3.3.1; http://yuvi.in/blog"
188.143.232.128 - - [21/Mar/2012:06:40:51 -0700] "POST /blog/wp-login.php HTTP/1.1" 200 1460 "-" "Mozilla/4.0 (compatible; MSIE 8.0; Windows NT 6.1; WOW64; Trident/4.0; SLCC2; .NET CLR 2.0.50727; .NET CLR 3.5.30729; .NET CLR 3.0.30729; Media Center PC 6.0; Zune 3.0)"
85.17.88.169 - - [21/Mar/2012:06:40:53 -0700] "POST /blog/wp-cron.php?doing_wp_cron=1332337091 HTTP/1.0" 499 0 "-" "WordPress/3.3.1; http://yuvi.in/blog"
188.143.232.128 - - [21/Mar/2012:06:40:54 -0700] "POST /blog/wp-login.php HTTP/1.1" 200 1460 "-" "Mozilla/5.0 (compatible; MSIE 7.0; Windows NT 5.0; Trident/4.0; FBSMTWB; .NET CLR 2.0.34861; .NET CLR 3.0.3746.3218; .NET CLR 3.5.33652; msn OptimizedIE8;ENUS)"
85.17.88.169 - - [21/Mar/2012:06:40:56 -0700] "POST /blog/wp-cron.php?doing_wp_cron=1332337094 HTTP/1.0" 499 0 "-" "WordPress/3.3.1; http://yuvi.in/blog"
188.143.232.128 - - [21/Mar/2012:06:40:56 -0700] "POST /blog/wp-login.php HTTP/1.1" 200 1460 "-" "Mozilla/5.0 (X11; Linux x86_64; rv:5.0) Gecko/20100101 Firefox/5.0 FirePHP/0.5"
66.220.147.246 - - [21/Mar/2012:06:40:57 -0700] "GET /r/1uj HTTP/1.1" 301 255 "-" "facebookexternalhit/1.1 (+http://www.facebook.com/externalhit_uatext.php)"
66.220.147.244 - - [21/Mar/2012:06:40:57 -0700] "GET /s/ta/1uj/ HTTP/1.1" 302 501 "-" "facebookexternalhit/1.1 (+http://www.facebook.com/externalhit_uatext.php)"
85.17.88.169 - - [21/Mar/2012:06:40:58 -0700] "POST /blog/wp-cron.php?doing_wp_cron=1332337096 HTTP/1.0" 499 0 "-" "WordPress/3.3.1; http://yuvi.in/blog"
188.143.232.128 - - [21/Mar/2012:06:40:59 -0700] "POST /blog/wp-login.php HTTP/1.1" 200 1460 "-" "Mozilla/5.0 (compatible; MSIE 9.0; Windows NT 6.1; Trident/5.0; chromeframe/13.0.782.215)"
85.17.88.169 - - [21/Mar/2012:06:41:01 -0700] "POST /blog/wp-cron.php?doing_wp_cron=1332337099 HTTP/1.0" 499 0 "-" "WordPress/3.3.1; http://yuvi.in/blog"
188.143.232.128 - - [21/Mar/2012:06:41:02 -0700] "POST /blog/wp-login.php HTTP/1.1" 200 1460 "-" "Mozilla/5.0 (Windows; U; Windows NT 6.1; ko-KR) AppleWebKit/533.20.25 (KHTML, like Gecko) Version/5.0.4 Safari/533.20.27"
85.17.88.169 - - [21/Mar/2012:06:41:04 -0700] "POST /blog/wp-cron.php?doing_wp_cron=1332337102 HTTP/1.0" 499 0 "-" "WordPress/3.3.1; http://yuvi.in/blog"
188.143.232.128 - - [21/Mar/2012:06:41:04 -0700] "POST /blog/wp-login.php HTTP/1.1" 200 1460 "-" "Mozilla/5.0 (compatible; MSIE 9.0; Windows NT 6.1; WOW64; Trident/5.0; SLCC2; Media Center PC 6.0; InfoPath.3; MS-RTC LM 8; Zune 4.7)"
85.17.88.169 - - [21/Mar/2012:06:41:06 -0700] "POST /blog/wp-cron.php?doing_wp_cron=1332337104 HTTP/1.0" 499 0 "-" "WordPress/3.3.1; http://yuvi.in/blog"
188.143.232.128 - - [21/Mar/2012:06:41:07 -0700] "POST /blog/wp-login.php HTTP/1.1" 200 1460 "-" "Mozilla/5.0 (compatible; MSIE 7.0; Windows NT 5.0; Trident/4.0; FBSMTWB; .NET CLR 2.0.34861; .NET CLR 3.0.3746.3218; .NET CLR 3.5.33652; msn OptimizedIE8;ENUS)"
85.17.88.169 - - [21/Mar/2012:06:41:09 -0700] "POST /blog/wp-cron.php?doing_wp_cron=1332337107 HTTP/1.0" 499 0 "-" "WordPress/3.3.1; http://yuvi.in/blog"
188.143.232.128 - - [21/Mar/2012:06:41:09 -0700] "POST /blog/wp-login.php HTTP/1.1" 200 1460 "-" "Mozilla/5.0 (compatible; MSIE 9.0; Windows NT 6.1; WOW64; Trident/5.0; chromeframe/12.0.742.112)"
85.17.88.169 - - [21/Mar/2012:06:41:11 -0700] "POST /blog/wp-cron.php?doing_wp_cron=1332337109 HTTP/1.0" 499 0 "-" "WordPress/3.3.1; http://yuvi.in/blog"
188.143.232.128 - - [21/Mar/2012:06:41:12 -0700] "POST /blog/wp-login.php HTTP/1.1" 200 1460 "-" "Mozilla/4.0 (compatible; MSIE 8.0; Windows NT 6.1; WOW64; Trident/4.0; SLCC2; .NET CLR 2.0.50727; InfoPath.2)"
85.17.88.169 - - [21/Mar/2012:06:41:14 -0700] "POST /blog/wp-cron.php?doing_wp_cron=1332337112 HTTP/1.0" 499 0 "-" "WordPress/3.3.1; http://yuvi.in/blog"
188.143.232.128 - - [21/Mar/2012:06:41:14 -0700] "POST /blog/wp-login.php HTTP/1.1" 200 1460 "-" "Mozilla/5.0 (U; Windows NT 5.1; rv:5.0) Gecko/20100101 Firefox/5.0"
85.17.88.169 - - [21/Mar/2012:06:41:17 -0700] "POST /blog/wp-cron.php?doing_wp_cron=1332337114 HTTP/1.0" 499 0 "-" "WordPress/3.3.1; http://yuvi.in/blog"
188.143.232.128 - - [21/Mar/2012:06:41:17 -0700] "POST /blog/wp-login.php HTTP/1.1" 200 1460 "-" "Mozilla/5.0 (X11; Linux x86_64) AppleWebKit/535.1 (KHTML, like Gecko) Chrome/14.0.824.0 Safari/535.1"
85.17.88.169 - - [21/Mar/2012:06:41:19 -0700] "POST /blog/wp-cron.php?doing_wp_cron=1332337117 HTTP/1.0" 499 0 "-" "WordPress/3.3.1; http://yuvi.in/blog"
188.143.232.128 - - [21/Mar/2012:06:41:20 -0700] "POST /blog/wp-login.php HTTP/1.1" 200 1460 "-" "Mozilla/5.0 (Macintosh; Intel Mac OS X 10_6_8) AppleWebKit/535.2 (KHTML, like Gecko) Chrome/15.0.861.0 Safari/535.2"
85.17.88.169 - - [21/Mar/2012:06:41:22 -0700] "POST /blog/wp-cron.php?doing_wp_cron=1332337120 HTTP/1.0" 499 0 "-" "WordPress/3.3.1; http://yuvi.in/blog"
188.143.232.128 - - [21/Mar/2012:06:41:22 -0700] "POST /blog/wp-login.php HTTP/1.1" 200 1460 "-" "Mozilla/5.0 (compatible; MSIE 9.0; Windows NT 6.1; WOW64; Trident/5.0; chromeframe/12.0.742.112)"
85.17.88.169 - - [21/Mar/2012:06:41:24 -0700] "POST /blog/wp-cron.php?doing_wp_cron=1332337122 HTTP/1.0" 499 0 "-" "WordPress/3.3.1; http://yuvi.in/blog"
188.143.232.128 - - [21/Mar/2012:06:41:25 -0700] "POST /blog/wp-login.php HTTP/1.1" 200 1460 "-" "Opera/9.80 (Windows NT 5.1; U; zh-tw) Presto/2.8.131 Version/11.10"
66.249.68.52 - - [21/Mar/2012:06:41:25 -0700] "GET /s/ta/hvu/ HTTP/1.1" 302 437 "-" "Mozilla/5.0 (compatible; Googlebot/2.1; +http://www.google.com/bot.html)"
85.17.88.169 - - [21/Mar/2012:06:41:27 -0700] "POST /blog/wp-cron.php?doing_wp_cron=1332337125 HTTP/1.0" 200 0 "-" "WordPress/3.3.1; http://yuvi.in/blog"
188.143.232.128 - - [21/Mar/2012:06:41:27 -0700] "POST /blog/wp-login.php HTTP/1.1" 200 1460 "-" "Mozilla/5.0 (X11; U; Linux i586; de; rv:5.0) Gecko/20100101 Firefox/5.0"
85.17.88.169 - - [21/Mar/2012:06:41:29 -0700] "POST /blog/wp-cron.php?doing_wp_cron=1332337127 HTTP/1.0" 499 0 "-" "WordPress/3.3.1; http://yuvi.in/blog"
188.143.232.128 - - [21/Mar/2012:06:41:30 -0700] "POST /blog/wp-login.php HTTP/1.1" 200 1460 "-" "Mozilla/5.0 (Macintosh; U; Intel Mac OS X 10_6_6; it-it) AppleWebKit/533.20.25 (KHTML, like Gecko) Version/5.0.4 Safari/533.20.27"
69.171.224.250 - - [21/Mar/2012:06:41:31 -0700] "GET /r/1x7m HTTP/1.1" 301 257 "-" "facebookexternalhit/1.1 (+http://www.facebook.com/externalhit_uatext.php)"
69.171.224.251 - - [21/Mar/2012:06:41:31 -0700] "GET /s/ta/1x7m/ HTTP/1.1" 302 513 "-" "facebookexternalhit/1.1 (+http://www.facebook.com/externalhit_uatext.php)"
85.17.88.169 - - [21/Mar/2012:06:41:32 -0700] "POST /blog/wp-cron.php?doing_wp_cron=1332337130 HTTP/1.0" 499 0 "-" "WordPress/3.3.1; http://yuvi.in/blog"
188.143.232.128 - - [21/Mar/2012:06:41:33 -0700] "POST /blog/wp-login.php HTTP/1.1" 200 1460 "-" "Mozilla/5.0 (Windows NT 5.1) AppleWebKit/535.2 (KHTML, like Gecko) Chrome/15.0.860.0 Safari/535.2"
85.17.88.169 - - [21/Mar/2012:06:41:35 -0700] "POST /blog/wp-cron.php?doing_wp_cron=1332337133 HTTP/1.0" 499 0 "-" "WordPress/3.3.1; http://yuvi.in/blog"
188.143.232.128 - - [21/Mar/2012:06:41:35 -0700] "POST /blog/wp-login.php HTTP/1.1" 200 1460 "-" "Mozilla/5.0 (Windows; U; Windows NT 6.1; tr-TR) AppleWebKit/533.20.25 (KHTML, like Gecko) Version/5.0.4 Safari/533.20.27"
85.17.88.169 - - [21/Mar/2012:06:41:37 -0700] "POST /blog/wp-cron.php?doing_wp_cron=1332337135 HTTP/1.0" 499 0 "-" "WordPress/3.3.1; http://yuvi.in/blog"
188.143.232.128 - - [21/Mar/2012:06:41:38 -0700] "POST /blog/wp-login.php HTTP/1.1" 200 1460 "-" "Opera/9.80 (X11; Linux i686; U; ru) Presto/2.8.131 Version/11.11"
85.17.88.169 - - [21/Mar/2012:06:41:40 -0700] "POST /blog/wp-cron.php?doing_wp_cron=1332337138 HTTP/1.0" 499 0 "-" "WordPress/3.3.1; http://yuvi.in/blog"
188.143.232.128 - - [21/Mar/2012:06:41:41 -0700] "POST /blog/wp-login.php HTTP/1.1" 200 1460 "-" "Mozilla/5.0 (compatible; MSIE 9.0; Windows NT 6.1; Trident/5.0; chromeframe/13.0.782.215)"
85.17.88.169 - - [21/Mar/2012:06:41:43 -0700] "POST /blog/wp-cron.php?doing_wp_cron=1332337141 HTTP/1.0" 499 0 "-" "WordPress/3.3.1; http://yuvi.in/blog"
188.143.232.128 - - [21/Mar/2012:06:41:43 -0700] "POST /blog/wp-login.php HTTP/1.1" 200 1460 "-" "Mozilla/5.0 (X11; Linux i686 on x86_64; rv:5.0a2) Gecko/20110524 Firefox/5.0a2"
85.17.88.169 - - [21/Mar/2012:06:41:45 -0700] "POST /blog/wp-cron.php?doing_wp_cron=1332337143 HTTP/1.0" 499 0 "-" "WordPress/3.3.1; http://yuvi.in/blog"
188.143.232.128 - - [21/Mar/2012:06:41:46 -0700] "POST /blog/wp-login.php HTTP/1.1" 200 1460 "-" "Mozilla/5.0 (Windows NT 5.1; rv:2.0.1) Gecko/20100101 Firefox/5.0"
85.17.88.169 - - [21/Mar/2012:06:41:49 -0700] "POST /blog/wp-cron.php?doing_wp_cron=1332337147 HTTP/1.0" 499 0 "-" "WordPress/3.3.1; http://yuvi.in/blog"
188.143.232.128 - - [21/Mar/2012:06:41:49 -0700] "POST /blog/wp-login.php HTTP/1.1" 200 1460 "-" "Mozilla/5.0 (Macintosh; U; Intel Mac OS X 10_6_6; it-it) AppleWebKit/533.20.25 (KHTML, like Gecko) Version/5.0.4 Safari/533.20.27"
85.17.88.169 - - [21/Mar/2012:06:41:51 -0700] "POST /blog/wp-cron.php?doing_wp_cron=1332337149 HTTP/1.0" 499 0 "-" "WordPress/3.3.1; http://yuvi.in/blog"
188.143.232.128 - - [21/Mar/2012:06:41:52 -0700] "POST /blog/wp-login.php HTTP/1.1" 200 1460 "-" "Mozilla/5.0 (compatible; MSIE 9.0; Windows NT 6.1; Win64; x64; Trident/5.0"
85.17.88.169 - - [21/Mar/2012:06:41:54 -0700] "POST /blog/wp-cron.php?doing_wp_cron=1332337152 HTTP/1.0" 499 0 "-" "WordPress/3.3.1; http://yuvi.in/blog"
188.143.232.128 - - [21/Mar/2012:06:41:54 -0700] "POST /blog/wp-login.php HTTP/1.1" 200 1460 "-" "Mozilla/4.0 (compatible; MSIE 8.0; Windows NT 6.1; WOW64; Trident/4.0; SLCC2; .NET CLR 2.0.50727; InfoPath.3; .NET4.0C; .NET4.0E; .NET CLR 3.5.30729; .NET CLR 3.0.30729; MS-RTC LM 8)"
85.17.88.169 - - [21/Mar/2012:06:41:57 -0700] "POST /blog/wp-cron.php?doing_wp_cron=1332337155 HTTP/1.0" 499 0 "-" "WordPress/3.3.1; http://yuvi.in/blog"
188.143.232.128 - - [21/Mar/2012:06:41:57 -0700] "POST /blog/wp-login.php HTTP/1.1" 200 1460 "-" "Opera/9.80 (Windows NT 6.0; U; en) Presto/2.8.99 Version/11.10"
98.172.15.254 - - [21/Mar/2012:06:41:58 -0700] "GET / HTTP/1.1" 304 0 "-" "Caffeinated/1.1 CFNetwork/520.3.2 Darwin/11.3.0 (x86_64) (MacBookPro8%2C1)"
98.172.15.254 - - [21/Mar/2012:06:41:58 -0700] "GET /favicon.ico HTTP/1.1" 404 169 "-" "Caffeinated/1.1 CFNetwork/520.3.2 Darwin/11.3.0 (x86_64) (MacBookPro8%2C1)"
188.143.232.128 - - [21/Mar/2012:06:42:00 -0700] "POST /blog/wp-login.php HTTP/1.1" 200 1460 "-" "Mozilla/5.0 (compatible; MSIE 8.0; Windows NT 6.0; Trident/4.0; WOW64; Trident/4.0; SLCC2; .NET CLR 2.0.50727; .NET CLR 3.5.30729; .NET CLR 3.0.30729; .NET CLR 1.0.3705; .NET CLR 1.1.4322)"
188.143.232.128 - - [21/Mar/2012:06:42:01 -0700] "POST /blog/wp-login.php HTTP/1.1" 200 1460 "-" "Mozilla/5.0 (compatible; MSIE 9.0; Windows NT 6.1; Trident/5.0; FunWebProducts)"
188.143.232.128 - - [21/Mar/2012:06:42:02 -0700] "POST /blog/wp-login.php HTTP/1.1" 200 1460 "-" "Opera/9.80 (X11; Linux x86_64; U; Ubuntu/10.10 (maverick); pl) Presto/2.7.62 Version/11.01"
188.143.232.128 - - [21/Mar/2012:06:42:04 -0700] "POST /blog/wp-login.php HTTP/1.1" 200 1460 "-" "Mozilla/5.0 (Macintosh; U; Intel Mac OS X 10_6_6; zh-cn) AppleWebKit/533.20.25 (KHTML, like Gecko) Version/5.0.4 Safari/533.20.27"
188.143.232.128 - - [21/Mar/2012:06:42:06 -0700] "POST /blog/wp-login.php HTTP/1.1" 200 1460 "-" "Mozilla/5.0 (X11; U; Linux amd64; rv:5.0) Gecko/20100101 Firefox/5.0 (Debian)"
98.172.15.254 - - [21/Mar/2012:06:42:06 -0700] "GET /favicon.ico HTTP/1.1" 404 169 "-" "Caffeinated/1.1 CFNetwork/520.3.2 Darwin/11.3.0 (x86_64) (MacBookPro8%2C1)"
188.143.232.128 - - [21/Mar/2012:06:42:07 -0700] "POST /blog/wp-login.php HTTP/1.1" 200 1460 "-" "Mozilla/5.0 (Macintosh; U; Intel Mac OS X 10_6_6; fr-fr) AppleWebKit/533.20.25 (KHTML, like Gecko) Version/5.0.4 Safari/533.20.27"
188.143.232.128 - - [21/Mar/2012:06:42:09 -0700] "POST /blog/wp-login.php HTTP/1.1" 200 1460 "-" "Mozilla/5.0 (Macintosh; U; Intel Mac OS X 10_6_6; fr-fr) AppleWebKit/533.20.25 (KHTML, like Gecko) Version/5.0.4 Safari/533.20.27"
66.220.147.249 - - [21/Mar/2012:06:42:10 -0700] "GET /r/1uj HTTP/1.1" 301 255 "-" "facebookexternalhit/1.1 (+http://www.facebook.com/externalhit_uatext.php)"
66.220.147.244 - - [21/Mar/2012:06:42:10 -0700] "GET /s/ta/1uj/ HTTP/1.1" 302 501 "-" "facebookexternalhit/1.1 (+http://www.facebook.com/externalhit_uatext.php)"
188.143.232.128 - - [21/Mar/2012:06:42:10 -0700] "POST /blog/wp-login.php HTTP/1.1" 200 1460 "-" "Mozilla/5.0 (Windows NT 6.1.1; rv:5.0) Gecko/20100101 Firefox/5.0"
188.143.232.128 - - [21/Mar/2012:06:42:12 -0700] "POST /blog/wp-login.php HTTP/1.1" 200 1460 "-" "Mozilla/5.0 (compatible; MSIE 9.0; Windows NT 6.1; Trident/5.0; FunWebProducts)"
188.143.232.128 - - [21/Mar/2012:06:42:13 -0700] "POST /blog/wp-login.php HTTP/1.1" 200 1460 "-" "Mozilla/4.0 (compatible; MSIE 8.0; Windows NT 6.1; WOW64; Trident/4.0; SLCC2; .NET CLR 2.0.50727; .NET CLR 3.5.30729; .NET CLR 3.0.30729; Media Center PC 6.0; InfoPath.3; Zune 4.0)"
188.143.232.128 - - [21/Mar/2012:06:42:15 -0700] "POST /blog/wp-login.php HTTP/1.1" 200 1460 "-" "Mozilla/5.0 (Windows; U; Windows NT 6.1; cs-CZ) AppleWebKit/533.20.25 (KHTML, like Gecko) Version/5.0.4 Safari/533.20.27"
188.143.232.128 - - [21/Mar/2012:06:42:16 -0700] "POST /blog/wp-login.php HTTP/1.1" 200 1460 "-" "Mozilla/4.0 (compatible; MSIE 8.0; Windows NT 6.1; WOW64; Trident/4.0; SLCC2; .NET CLR 2.0.50727; .NET CLR 3.5.30729; .NET CLR 3.0.30729; Media Center PC 6.0; Zune 3.0)"
188.143.232.128 - - [21/Mar/2012:06:42:18 -0700] "POST /blog/wp-login.php HTTP/1.1" 200 1460 "-" "Mozilla/5.0 (Macintosh; U; Intel Mac OS X 10_6_6; de-de) AppleWebKit/533.20.25 (KHTML, like Gecko) Version/5.0.4 Safari/533.20.27"
188.143.232.128 - - [21/Mar/2012:06:42:19 -0700] "POST /blog/wp-login.php HTTP/1.1" 200 1460 "-" "Mozilla/5.0 (Windows NT 6.1; rv:6.0) Gecko/20110814 Firefox/6.0"
188.143.232.128 - - [21/Mar/2012:06:42:21 -0700] "POST /blog/wp-login.php HTTP/1.1" 200 1460 "-" "Mozilla/4.0 (compatible; MSIE 8.0; Windows NT 6.1; WOW64; Trident/4.0; SLCC2; Media Center PC 6.0; InfoPath.2; MS-RTC LM 8)"
188.143.232.128 - - [21/Mar/2012:06:42:22 -0700] "POST /blog/wp-login.php HTTP/1.1" 200 1460 "-" "Mozilla/5.0 (Windows NT 6.2; WOW64; rv:5.0) Gecko/20100101 Firefox/5.0"
188.143.232.128 - - [21/Mar/2012:06:42:24 -0700] "POST /blog/wp-login.php HTTP/1.1" 200 1460 "-" "Opera/9.80 (X11; Linux x86_64; U; bg) Presto/2.8.131 Version/11.10"
188.143.232.128 - - [21/Mar/2012:06:42:25 -0700] "POST /blog/wp-login.php HTTP/1.1" 200 1460 "-" "Opera/9.80 (Windows NT 5.1; U; en) Presto/2.9.168 Version/11.51"
188.143.232.128 - - [21/Mar/2012:06:42:26 -0700] "POST /blog/wp-login.php HTTP/1.1" 200 1460 "-" "Mozilla/4.0 (compatible; MSIE 8.0; Windows NT 6.1; WOW64; Trident/4.0; SLCC2; .NET CLR 2.0.50727; InfoPath.2)"
188.143.232.128 - - [21/Mar/2012:06:42:28 -0700] "POST /blog/wp-login.php HTTP/1.1" 200 1460 "-" "Mozilla/5.0 (X11; Linux x86_64) AppleWebKit/535.1 (KHTML, like Gecko) Chrome/14.0.824.0 Safari/535.1"
188.143.232.128 - - [21/Mar/2012:06:42:29 -0700] "POST /blog/wp-login.php HTTP/1.1" 200 1460 "-" "Mozilla/5.0 (compatible; MSIE 9.0; Windows NT 6.1; WOW64; Trident/5.0; SLCC2; Media Center PC 6.0; InfoPath.3; MS-RTC LM 8; Zune 4.7"
188.143.232.128 - - [21/Mar/2012:06:42:31 -0700] "POST /blog/wp-login.php HTTP/1.1" 200 1460 "-" "Mozilla/5.0 (compatible; MSIE 9.0; Windows NT 6.1; Win64; x64; Trident/5.0; .NET CLR 3.5.30729; .NET CLR 3.0.30729; .NET CLR 2.0.50727; Media Center PC 6.0)"
188.143.232.128 - - [21/Mar/2012:06:42:32 -0700] "POST /blog/wp-login.php HTTP/1.1" 200 1460 "-" "Mozilla/5.0 (compatible; MSIE 9.0; Windows NT 6.1; Win64; x64; Trident/5.0; .NET CLR 2.0.50727; SLCC2; .NET CLR 3.5.30729; .NET CLR 3.0.30729; Media Center PC 6.0; Zune 4.0; Tablet PC 2.0; InfoPath.3; .NET4.0C; .NET4.0E)"
188.143.232.128 - - [21/Mar/2012:06:42:34 -0700] "POST /blog/wp-login.php HTTP/1.1" 200 1460 "-" "Mozilla/5.0 (X11; Linux x86_64) Gecko Firefox/5.0"
188.143.232.128 - - [21/Mar/2012:06:42:35 -0700] "POST /blog/wp-login.php HTTP/1.1" 200 1460 "-" "Mozilla/5.0 (Windows; U; Windows NT 6.1; en-US; rv:1.9.2.13) Gecko/20101213 Opera/9.80 (Windows NT 6.1; U; zh-tw) Presto/2.7.62 Version/11.01"
