88.108.100.26 - - [12/Mar/2012:11:41:38 -0700] "GET /favicon.ico HTTP/1.1" 404 199 "-" "Mozilla/5.0 (Windows NT 6.1; WOW64) AppleWebKit/535.11 (KHTML, like Gecko) Chrome/17.0.963.56 Safari/535.11"
85.17.88.169 - - [12/Mar/2012:11:41:44 -0700] "POST /blog/wp-cron.php?doing_wp_cron=1331577612 HTTP/1.0" 499 0 "-" "WordPress/3.3.1; http://yuvi.in/blog"
88.108.100.26 - - [12/Mar/2012:11:41:45 -0700] "GET /blog/infosys-tcs-or-wipro-none/?cf_action=sync_comments&post_id=124 HTTP/1.1" 200 48 "http://yuvi.in/blog/infosys-tcs-or-wipro-none/" "Mozilla/5.0 (Windows NT 6.1; WOW64) AppleWebKit/535.11 (KHTML, like Gecko) Chrome/17.0.963.56 Safari/535.11"
85.17.88.169 - - [12/Mar/2012:11:43:56 -0700] "POST /blog/wp-cron.php?doing_wp_cron=1331577744 HTTP/1.0" 499 0 "-" "WordPress/3.3.1; http://yuvi.in/blog"
209.85.224.84 - - [12/Mar/2012:11:43:57 -0700] "GET /blog/feed HTTP/1.1" 304 0 "-" "FeedBurner/1.0 (http://www.FeedBurner.com)"
112.79.40.46 - - [12/Mar/2012:11:44:38 -0700] "GET /r/23z HTTP/1.1" 301 255 "-" "Mozilla/5.0 (iPhone; U; CPU iPhone OS 4_2_1 like Mac OS X; en-us) AppleWebKit/533.17.9 (KHTML, like Gecko) Mobile/8C148"
112.79.40.46 - - [12/Mar/2012:11:44:39 -0700] "GET /s/ta/23z/ HTTP/1.1" 302 397 "-" "Mozilla/5.0 (iPhone; U; CPU iPhone OS 4_2_1 like Mac OS X; en-us) AppleWebKit/533.17.9 (KHTML, like Gecko) Mobile/8C148"
101.63.130.183 - - [12/Mar/2012:11:45:17 -0700] "-" 400 0 "-" "-"
101.63.130.183 - - [12/Mar/2012:11:45:17 -0700] "-" 400 0 "-" "-"
101.63.130.183 - - [12/Mar/2012:11:45:17 -0700] "-" 400 0 "-" "-"
101.63.130.183 - - [12/Mar/2012:11:45:17 -0700] "-" 400 0 "-" "-"
122.172.6.112 - - [12/Mar/2012:11:45:20 -0700] "GET / HTTP/1.1" 200 1430 "-" "Reeder/1.5.4 CFNetwork/548.1.4 Darwin/11.0.0"
122.172.6.112 - - [12/Mar/2012:11:45:20 -0700] "GET /favicon.ico HTTP/1.1" 404 142 "-" "Reeder/1.5.4 CFNetwork/548.1.4 Darwin/11.0.0"
122.172.6.112 - - [12/Mar/2012:11:45:20 -0700] "GET / HTTP/1.1" 200 1430 "-" "Reeder/1.5.4 CFNetwork/548.1.4 Darwin/11.0.0"
122.172.6.112 - - [12/Mar/2012:11:45:21 -0700] "GET /apple-touch-icon.png HTTP/1.1" 404 142 "-" "Reeder/1.5.4 CFNetwork/548.1.4 Darwin/11.0.0"
122.172.6.112 - - [12/Mar/2012:11:45:21 -0700] "GET /apple-touch-icon-precomposed.png HTTP/1.1" 404 142 "-" "Reeder/1.5.4 CFNetwork/548.1.4 Darwin/11.0.0"
158.144.44.212 - - [12/Mar/2012:11:47:21 -0700] "GET / HTTP/1.1" 200 1430 "-" "Mozilla/5.0 (X11; Ubuntu; Linux i686; rv:10.0.2) Gecko/20100101 Firefox/10.0.2"
158.144.44.212 - - [12/Mar/2012:11:47:21 -0700] "GET /blueprint/screen.css HTTP/1.1" 200 12058 "http://yuvi.in/" "Mozilla/5.0 (X11; Ubuntu; Linux i686; rv:10.0.2) Gecko/20100101 Firefox/10.0.2"
158.144.44.212 - - [12/Mar/2012:11:47:21 -0700] "GET /blueprint/print.css HTTP/1.1" 200 1284 "http://yuvi.in/" "Mozilla/5.0 (X11; Ubuntu; Linux i686; rv:10.0.2) Gecko/20100101 Firefox/10.0.2"
158.144.44.212 - - [12/Mar/2012:11:47:21 -0700] "GET /header.png HTTP/1.1" 200 14249 "http://yuvi.in/" "Mozilla/5.0 (X11; Ubuntu; Linux i686; rv:10.0.2) Gecko/20100101 Firefox/10.0.2"
158.144.44.212 - - [12/Mar/2012:11:47:22 -0700] "GET /favicon.ico HTTP/1.1" 404 142 "-" "Mozilla/5.0 (X11; Ubuntu; Linux i686; rv:10.0.2) Gecko/20100101 Firefox/10.0.2"
158.144.44.212 - - [12/Mar/2012:11:47:23 -0700] "GET /favicon.ico HTTP/1.1" 404 142 "-" "Mozilla/5.0 (X11; Ubuntu; Linux i686; rv:10.0.2) Gecko/20100101 Firefox/10.0.2"
158.144.44.212 - - [12/Mar/2012:11:47:27 -0700] "-" 400 0 "-" "-"
101.63.130.183 - - [12/Mar/2012:11:48:07 -0700] "-" 400 0 "-" "-"
101.63.130.183 - - [12/Mar/2012:11:48:07 -0700] "-" 400 0 "-" "-"
101.63.130.183 - - [12/Mar/2012:11:48:07 -0700] "-" 400 0 "-" "-"
101.63.130.183 - - [12/Mar/2012:11:48:37 -0700] "-" 400 0 "-" "-"
101.63.130.183 - - [12/Mar/2012:11:50:57 -0700] "-" 400 0 "-" "-"
101.63.130.183 - - [12/Mar/2012:11:50:57 -0700] "-" 400 0 "-" "-"
101.63.130.183 - - [12/Mar/2012:11:50:57 -0700] "-" 400 0 "-" "-"
101.63.130.183 - - [12/Mar/2012:11:50:57 -0700] "-" 400 0 "-" "-"
85.17.88.169 - - [12/Mar/2012:11:58:08 -0700] "POST /blog/wp-cron.php?doing_wp_cron=1331578596 HTTP/1.0" 499 0 "-" "WordPress/3.3.1; http://yuvi.in/blog"
209.85.238.115 - - [12/Mar/2012:11:58:09 -0700] "GET /blog/feed/ HTTP/1.1" 304 0 "-" "Feedfetcher-Google; (+http://www.google.com/feedfetcher.html; 19 subscribers; feed-id=15064232456473204253)"
207.46.204.167 - - [12/Mar/2012:11:58:17 -0700] "-" 400 0 "-" "-"
207.46.204.167 - - [12/Mar/2012:11:58:18 -0700] "-" 400 0 "-" "-"
207.46.204.167 - - [12/Mar/2012:11:58:18 -0700] "-" 400 0 "-" "-"
207.46.204.167 - - [12/Mar/2012:11:58:18 -0700] "-" 400 0 "-" "-"
207.46.204.167 - - [12/Mar/2012:11:58:18 -0700] "-" 400 0 "-" "-"
207.46.204.167 - - [12/Mar/2012:11:58:18 -0700] "-" 400 0 "-" "-"
207.46.204.167 - - [12/Mar/2012:11:58:19 -0700] "-" 400 0 "-" "-"
207.46.204.167 - - [12/Mar/2012:11:58:19 -0700] "-" 400 0 "-" "-"
207.46.204.167 - - [12/Mar/2012:11:58:19 -0700] "-" 400 0 "-" "-"
207.46.204.167 - - [12/Mar/2012:11:59:06 -0700] "-" 400 0 "-" "-"
207.46.204.167 - - [12/Mar/2012:11:59:06 -0700] "-" 400 0 "-" "-"
209.85.224.88 - - [12/Mar/2012:11:59:32 -0700] "GET /stories/feed HTTP/1.1" 200 13653 "-" "FeedBurner/1.0 (http://www.FeedBurner.com)"
85.17.88.169 - - [12/Mar/2012:11:59:49 -0700] "POST /blog/wp-cron.php?doing_wp_cron=1331578697 HTTP/1.0" 499 0 "-" "WordPress/3.3.1; http://yuvi.in/blog"
66.249.67.123 - - [12/Mar/2012:11:59:49 -0700] "GET /blog/sicp-and-brainfuck/?cf_action=sync_comments&post_id=44 HTTP/1.1" 200 48 "-" "Mozilla/5.0 (compatible; Googlebot/2.1; +http://www.google.com/bot.html)"
69.171.229.245 - - [12/Mar/2012:12:01:46 -0700] "GET /r/2x9l HTTP/1.1" 301 257 "-" "facebookexternalhit/1.1 (+http://www.facebook.com/externalhit_uatext.php)"
69.171.229.250 - - [12/Mar/2012:12:01:46 -0700] "GET /s/ta/2x9l/ HTTP/1.1" 302 583 "-" "facebookexternalhit/1.1 (+http://www.facebook.com/externalhit_uatext.php)"
85.17.88.169 - - [12/Mar/2012:12:07:50 -0700] "POST /blog/wp-cron.php?doing_wp_cron=1331579178 HTTP/1.0" 499 0 "-" "WordPress/3.3.1; http://yuvi.in/blog"
200.209.207.148 - - [12/Mar/2012:12:07:51 -0700] "GET /blog/ HTTP/1.1" 200 33079 "-" "Mozilla/5.0 (compatible; Googlebot/2.1; +http://www.google.com/bot.html)"
85.17.88.169 - - [12/Mar/2012:12:09:22 -0700] "POST /blog/wp-cron.php?doing_wp_cron=1331579269 HTTP/1.0" 499 0 "-" "WordPress/3.3.1; http://yuvi.in/blog"
66.249.67.123 - - [12/Mar/2012:12:09:22 -0700] "GET /blog/theMarianStar/Darius.pdf HTTP/1.1" 404 3016 "-" "Googlebot/2.1 (+http://www.google.com/bot.html)"
85.17.88.169 - - [12/Mar/2012:12:10:57 -0700] "POST /blog/wp-cron.php?doing_wp_cron=1331579365 HTTP/1.0" 499 0 "-" "WordPress/3.3.1; http://yuvi.in/blog"
201.94.183.161 - - [12/Mar/2012:12:10:57 -0700] "GET /blog/tag/code/ HTTP/1.1" 200 29776 "-" "Mozilla/5.0 (compatible; Googlebot/2.1; +http://www.google.com/bot.html)"
208.80.194.34 - - [12/Mar/2012:12:10:58 -0700] "GET /blog/story-average-indian-techie/ HTTP/1.0" 200 54292 "-" "Mozilla/4.0 (compatible; MSIE 6.0; Windows NT 5.1; SV1; MRA 4.6 (build 01425); InfoPath.1)"
180.76.5.100 - - [12/Mar/2012:12:13:50 -0700] "GET /s/ta/2rbh/ HTTP/1.1" 302 645 "-" "Mozilla/5.0 (compatible; Baiduspider/2.0; +http://www.baidu.com/search/spider.html)"
85.17.88.169 - - [12/Mar/2012:12:14:04 -0700] "POST /blog/wp-cron.php?doing_wp_cron=1331579552 HTTP/1.0" 499 0 "-" "WordPress/3.3.1; http://yuvi.in/blog"
209.85.224.88 - - [12/Mar/2012:12:14:05 -0700] "GET /blog/feed HTTP/1.1" 304 0 "-" "FeedBurner/1.0 (http://www.FeedBurner.com)"
85.17.88.169 - - [12/Mar/2012:12:17:36 -0700] "POST /blog/wp-cron.php?doing_wp_cron=1331579764 HTTP/1.0" 499 0 "-" "WordPress/3.3.1; http://yuvi.in/blog"
209.85.238.115 - - [12/Mar/2012:12:17:36 -0700] "GET /blog/feed HTTP/1.1" 301 0 "-" "Feedfetcher-Google; (+http://www.google.com/feedfetcher.html; 3 subscribers; feed-id=17684830852112633560)"
85.17.88.169 - - [12/Mar/2012:12:17:38 -0700] "POST /blog/wp-cron.php?doing_wp_cron=1331579766 HTTP/1.0" 499 0 "-" "WordPress/3.3.1; http://yuvi.in/blog"
209.85.238.115 - - [12/Mar/2012:12:17:38 -0700] "GET /blog/feed/ HTTP/1.1" 304 0 "-" "Feedfetcher-Google; (+http://www.google.com/feedfetcher.html; 3 subscribers; feed-id=17684830852112633560)"
66.249.68.52 - - [12/Mar/2012:12:18:26 -0700] "GET /s/ta/pag%E0%AE%95%E0%AE%9F%E0%AF%8D%E0%AE%9F%E0%AE%B1%E0%AF%8D%E0%AE%B1/ HTTP/1.1" 502 173 "-" "Mozilla/5.0 (compatible; Googlebot/2.1; +http://www.google.com/bot.html)"
208.80.194.27 - - [12/Mar/2012:12:19:04 -0700] "GET /blog/wp-includes/js/jquery/jquery.js HTTP/1.0" 200 93889 "-" "Mozilla/4.0 (compatible; MSIE 6.0; Windows NT 5.1; SV1; COSCDV15.0; .NET CLR 1.0.3705)"
85.17.88.169 - - [12/Mar/2012:12:19:13 -0700] "POST /blog/wp-cron.php?doing_wp_cron=1331579861 HTTP/1.0" 499 0 "-" "WordPress/3.3.1; http://yuvi.in/blog"
66.249.67.123 - - [12/Mar/2012:12:19:13 -0700] "GET /blog/author/yuvipanda/ HTTP/1.1" 200 10153 "-" "Mozilla/5.0 (compatible; Googlebot/2.1; +http://www.google.com/bot.html)"
85.17.88.169 - - [12/Mar/2012:12:20:27 -0700] "POST /blog/wp-cron.php?doing_wp_cron=1331579934 HTTP/1.0" 499 0 "-" "WordPress/3.3.1; http://yuvi.in/blog"
209.85.228.98 - - [12/Mar/2012:12:20:27 -0700] "GET /blog/2011/05/ HTTP/1.1" 200 8195 "http://www.google.com/search" "Mozilla/5.0 (X11; Linux x86_64) AppleWebKit/534.51 (KHTML, like Gecko; Google Web Preview) Chrome/12.0.742 Safari/534.51"
209.85.228.81 - - [12/Mar/2012:12:20:28 -0700] "GET /blog/wp-content/themes/cleanr/style.css HTTP/1.1" 200 10508 "http://yuvi.in/blog/2011/05/" "Mozilla/5.0 (X11; Linux x86_64) AppleWebKit/534.51 (KHTML, like Gecko; Google Web Preview) Chrome/12.0.742 Safari/534.51"
209.85.228.92 - - [12/Mar/2012:12:20:28 -0700] "GET /blog/wp-content/themes/cleanr/css/reset.css HTTP/1.1" 200 648 "http://yuvi.in/blog/2011/05/" "Mozilla/5.0 (X11; Linux x86_64) AppleWebKit/534.51 (KHTML, like Gecko; Google Web Preview) Chrome/12.0.742 Safari/534.51"
209.85.228.80 - - [12/Mar/2012:12:20:29 -0700] "GET /blog/wp-content/themes/cleanr/images/search_magnifier.gif HTTP/1.1" 200 394 "http://yuvi.in/blog/2011/05/" "Mozilla/5.0 (X11; Linux x86_64) AppleWebKit/534.51 (KHTML, like Gecko; Google Web Preview) Chrome/12.0.742 Safari/534.51"
180.76.5.87 - - [12/Mar/2012:12:26:53 -0700] "GET /blog/progress-on-hislain-1.html HTTP/1.1" 200 2208 "-" "Mozilla/5.0 (compatible; Baiduspider/2.0; +http://www.baidu.com/search/spider.html)"
208.80.194.34 - - [12/Mar/2012:12:26:58 -0700] "GET /blog/story-average-indian-techie/ HTTP/1.0" 200 54312 "-" "Mozilla/4.0 (compatible; MSIE 5.5; Windows 98; Win 9x 4.90; AT&T WNS5.0 IE5.0.01; AT&T WNS5.2; FunWebProducts)"
208.80.194.28 - - [12/Mar/2012:12:30:03 -0700] "GET /r/2rvb HTTP/1.0" 301 257 "-" "Mozilla/4.0 (compatible; MSIE 6.0; Windows NT 5.1; SV1; InfoPath.1; GIGASIZE={--CDF19F0989DC4240B965451957D380C2--})"
208.80.194.28 - - [12/Mar/2012:12:30:04 -0700] "GET /s/ta/2rvb/ HTTP/1.0" 302 505 "-" "Mozilla/4.0 (compatible; MSIE 6.0; Windows NT 5.1; Supplied by blueyonder; SV1; .NET CLR 1.1.4322)"
41.95.113.218 - - [12/Mar/2012:12:36:01 -0700] "GET /r/5m3 HTTP/1.1" 301 255 "http://ta.wikipedia.org/wiki/%E0%AE%B5%E0%AF%87%E0%AE%B2%E0%AF%81%E0%AE%AA%E0%AF%8D%E0%AE%AA%E0%AE%BF%E0%AE%B3%E0%AF%8D%E0%AE%B3%E0%AF%88_%E0%AE%AA%E0%AE%BF%E0%AE%B0%E0%AE%AA%E0%AE%BE%E0%AE%95%E0%AE%B0%E0%AE%A9%E0%AF%8D" "Mozilla/5.0 (Windows NT 6.1; rv:10.0.2) Gecko/20100101 Firefox/10.0.2"
41.95.113.218 - - [12/Mar/2012:12:36:06 -0700] "GET /s/ta/5m3/ HTTP/1.1" 302 521 "http://ta.wikipedia.org/wiki/%E0%AE%B5%E0%AF%87%E0%AE%B2%E0%AF%81%E0%AE%AA%E0%AF%8D%E0%AE%AA%E0%AE%BF%E0%AE%B3%E0%AF%8D%E0%AE%B3%E0%AF%88_%E0%AE%AA%E0%AE%BF%E0%AE%B0%E0%AE%AA%E0%AE%BE%E0%AE%95%E0%AE%B0%E0%AE%A9%E0%AF%8D" "Mozilla/5.0 (Windows NT 6.1; rv:10.0.2) Gecko/20100101 Firefox/10.0.2"
85.17.88.169 - - [12/Mar/2012:12:41:09 -0700] "POST /blog/wp-cron.php?doing_wp_cron=1331581176 HTTP/1.0" 499 0 "-" "WordPress/3.3.1; http://yuvi.in/blog"
66.135.57.47 - - [12/Mar/2012:12:41:09 -0700] "GET /blog/my-vimrc/ HTTP/1.0" 200 16009 "-" "Mozilla/5.0 (Windows; U; Windows NT 5.1; rv:1.7.3) Gecko/20041001 Firefox/0.10.1"
85.17.88.169 - - [12/Mar/2012:12:41:12 -0700] "POST /blog/wp-cron.php?doing_wp_cron=1331581179 HTTP/1.0" 499 0 "-" "WordPress/3.3.1; http://yuvi.in/blog"
66.135.57.47 - - [12/Mar/2012:12:41:12 -0700] "GET /blog/college-drop/ HTTP/1.0" 200 18395 "-" "Mozilla/5.0 (Windows; U; Windows NT 5.1; rv:1.7.3) Gecko/20041001 Firefox/0.10.1"
85.17.88.169 - - [12/Mar/2012:12:41:15 -0700] "POST /blog/wp-cron.php?doing_wp_cron=1331581182 HTTP/1.0" 499 0 "-" "WordPress/3.3.1; http://yuvi.in/blog"
66.135.57.47 - - [12/Mar/2012:12:41:15 -0700] "GET /blog/passing-headers-proxying-nginx/ HTTP/1.0" 200 16690 "-" "Mozilla/5.0 (Windows; U; Windows NT 5.1; rv:1.7.3) Gecko/20041001 Firefox/0.10.1"
85.17.88.169 - - [12/Mar/2012:12:41:18 -0700] "POST /blog/wp-cron.php?doing_wp_cron=1331581186 HTTP/1.0" 499 0 "-" "WordPress/3.3.1; http://yuvi.in/blog"
85.17.88.169 - - [12/Mar/2012:12:41:18 -0700] "POST /blog/wp-cron.php?doing_wp_cron=1331581186 HTTP/1.0" 499 0 "-" "WordPress/3.3.1; http://yuvi.in/blog"
208.80.194.30 - - [12/Mar/2012:12:41:19 -0700] "GET /blog/infosys-tcs-or-wipro-none/ HTTP/1.0" 200 24492 "-" "Mozilla/4.0 (compatible; MSIE 7.0; Windows NT 5.1; .NET CLR 1.0.3705; .NET CLR 1.1.4322; Media Center PC 4.0; InfoPath.1; MSN 9.0;MSN 9.1; MSNbVZ02; MSNmen-us; MSNcOTH)"
66.135.57.47 - - [12/Mar/2012:12:41:19 -0700] "GET /blog/program/ HTTP/1.0" 200 27214 "-" "Mozilla/5.0 (Windows; U; Windows NT 5.1; rv:1.7.3) Gecko/20041001 Firefox/0.10.1"
85.17.88.169 - - [12/Mar/2012:12:41:22 -0700] "POST /blog/wp-cron.php?doing_wp_cron=1331581189 HTTP/1.0" 499 0 "-" "WordPress/3.3.1; http://yuvi.in/blog"
66.135.57.47 - - [12/Mar/2012:12:41:23 -0700] "GET /blog/devlog-december-26-2011/ HTTP/1.0" 200 16694 "-" "Mozilla/5.0 (Windows; U; Windows NT 5.1; rv:1.7.3) Gecko/20041001 Firefox/0.10.1"
85.17.88.169 - - [12/Mar/2012:12:41:25 -0700] "POST /blog/wp-cron.php?doing_wp_cron=1331581193 HTTP/1.0" 499 0 "-" "WordPress/3.3.1; http://yuvi.in/blog"
66.135.57.47 - - [12/Mar/2012:12:41:26 -0700] "GET /blog/devlog-december-23-2011/ HTTP/1.0" 200 16517 "-" "Mozilla/5.0 (Windows; U; Windows NT 5.1; rv:1.7.3) Gecko/20041001 Firefox/0.10.1"
85.17.88.169 - - [12/Mar/2012:12:41:28 -0700] "POST /blog/wp-cron.php?doing_wp_cron=1331581196 HTTP/1.0" 499 0 "-" "WordPress/3.3.1; http://yuvi.in/blog"
66.135.57.47 - - [12/Mar/2012:12:41:29 -0700] "GET /blog/devlog-december-21-2011/ HTTP/1.0" 200 17121 "-" "Mozilla/5.0 (Windows; U; Windows NT 5.1; rv:1.7.3) Gecko/20041001 Firefox/0.10.1"
85.17.88.169 - - [12/Mar/2012:12:41:31 -0700] "POST /blog/wp-cron.php?doing_wp_cron=1331581199 HTTP/1.0" 499 0 "-" "WordPress/3.3.1; http://yuvi.in/blog"
66.135.57.47 - - [12/Mar/2012:12:41:32 -0700] "GET /blog/devlog-december-11-2011/ HTTP/1.0" 200 16592 "-" "Mozilla/5.0 (Windows; U; Windows NT 5.1; rv:1.7.3) Gecko/20041001 Firefox/0.10.1"
85.17.88.169 - - [12/Mar/2012:12:41:34 -0700] "POST /blog/wp-cron.php?doing_wp_cron=1331581202 HTTP/1.0" 499 0 "-" "WordPress/3.3.1; http://yuvi.in/blog"
66.135.57.47 - - [12/Mar/2012:12:41:35 -0700] "GET /blog/devlog-december-10-2011/ HTTP/1.0" 200 16387 "-" "Mozilla/5.0 (Windows; U; Windows NT 5.1; rv:1.7.3) Gecko/20041001 Firefox/0.10.1"
85.17.88.169 - - [12/Mar/2012:12:41:38 -0700] "POST /blog/wp-cron.php?doing_wp_cron=1331581205 HTTP/1.0" 499 0 "-" "WordPress/3.3.1; http://yuvi.in/blog"
66.135.57.47 - - [12/Mar/2012:12:41:38 -0700] "GET /blog/devlog-december-7-2011/ HTTP/1.0" 200 16833 "-" "Mozilla/5.0 (Windows; U; Windows NT 5.1; rv:1.7.3) Gecko/20041001 Firefox/0.10.1"
85.108.93.81 - - [12/Mar/2012:12:41:57 -0700] "GET /r/8n1 HTTP/1.1" 301 255 "http://www.facebook.com/l.php?u=http%3A%2F%2Ftawp.in%2Fr%2F8n1&h=0AQF2hGHYAQGx85IbBTsVAaG5ueI5bQw9E-g7tG5tIdQuXA" "Mozilla/5.0 (Windows NT 5.1; rv:10.0.2) Gecko/20100101 Firefox/10.0.2"
85.108.93.81 - - [12/Mar/2012:12:41:58 -0700] "GET /s/ta/8n1/ HTTP/1.1" 302 377 "http://www.facebook.com/l.php?u=http%3A%2F%2Ftawp.in%2Fr%2F8n1&h=0AQF2hGHYAQGx85IbBTsVAaG5ueI5bQw9E-g7tG5tIdQuXA" "Mozilla/5.0 (Windows NT 5.1; rv:10.0.2) Gecko/20100101 Firefox/10.0.2"
99.21.237.34 - - [12/Mar/2012:12:44:11 -0700] "GET /r/103v HTTP/1.1" 301 257 "http://ta.wikipedia.org/wiki/%E0%AE%8E%E0%AE%B8%E0%AF%8D._%E0%AE%AA%E0%AE%BF._%E0%AE%AA%E0%AE%BE%E0%AE%B2%E0%AE%9A%E0%AF%81%E0%AE%AA%E0%AF%8D%E0%AE%AA%E0%AE%BF%E0%AE%B0%E0%AE%AE%E0%AE%A3%E0%AE%BF%E0%AE%AF%E0%AE%AE%E0%AF%8D" "Mozilla/5.0 (Macintosh; Intel Mac OS X 10_7_3) AppleWebKit/535.11 (KHTML, like Gecko) Chrome/17.0.963.78 Safari/535.11"
99.21.237.34 - - [12/Mar/2012:12:44:11 -0700] "GET /s/ta/103v/ HTTP/1.1" 302 529 "http://ta.wikipedia.org/wiki/%E0%AE%8E%E0%AE%B8%E0%AF%8D._%E0%AE%AA%E0%AE%BF._%E0%AE%AA%E0%AE%BE%E0%AE%B2%E0%AE%9A%E0%AF%81%E0%AE%AA%E0%AF%8D%E0%AE%AA%E0%AE%BF%E0%AE%B0%E0%AE%AE%E0%AE%A3%E0%AE%BF%E0%AE%AF%E0%AE%AE%E0%AF%8D" "Mozilla/5.0 (Macintosh; Intel Mac OS X 10_7_3) AppleWebKit/535.11 (KHTML, like Gecko) Chrome/17.0.963.78 Safari/535.11"
85.17.88.169 - - [12/Mar/2012:12:44:12 -0700] "POST /blog/wp-cron.php?doing_wp_cron=1331581359 HTTP/1.0" 499 0 "-" "WordPress/3.3.1; http://yuvi.in/blog"
209.85.224.95 - - [12/Mar/2012:12:44:12 -0700] "GET /blog/feed HTTP/1.1" 304 0 "-" "FeedBurner/1.0 (http://www.FeedBurner.com)"
78.149.247.84 - - [12/Mar/2012:12:47:47 -0700] "GET /r/13u0 HTTP/1.1" 301 257 "http://ta.wikipedia.org/wiki/%E0%AE%95%E0%AF%80%E0%AE%B0%E0%AE%BF" "Mozilla/5.0 (compatible; MSIE 9.0; Windows NT 6.1; WOW64; Trident/5.0)"
78.149.247.84 - - [12/Mar/2012:12:47:52 -0700] "GET /s/ta/13u0/ HTTP/1.1" 499 0 "http://ta.wikipedia.org/wiki/%E0%AE%95%E0%AF%80%E0%AE%B0%E0%AE%BF" "Mozilla/5.0 (compatible; MSIE 9.0; Windows NT 6.1; WOW64; Trident/5.0)"
62.24.252.133 - - [12/Mar/2012:12:48:19 -0700] "GET /robots.txt HTTP/1.0" 404 238 "http://tawp.in/robots.txt" "Mozilla/4.0 (compatible; MSIE 8.0; Windows NT 5.1; Trident/4.0; .NET CLR 2.0.50727; .NET CLR 3.0.04506.648; .NET CLR 3.5.21022; .NET CLR 3.0.4506.2152; .NET CLR 3.5.30729; InfoPath.2)"
62.24.252.133 - - [12/Mar/2012:12:48:20 -0700] "GET /r/13u0 HTTP/1.0" 301 257 "http://tawp.in/r/13u0" "Mozilla/4.0 (compatible; MSIE 8.0; Windows NT 5.1; Trident/4.0; .NET CLR 2.0.50727; .NET CLR 3.0.04506.648; .NET CLR 3.5.21022; .NET CLR 3.0.4506.2152; .NET CLR 3.5.30729; InfoPath.2)"
62.24.252.133 - - [12/Mar/2012:12:48:20 -0700] "GET /s/ta/13u0/ HTTP/1.0" 302 313 "http://tawp.in/s/ta/13u0/" "Mozilla/4.0 (compatible; MSIE 8.0; Windows NT 5.1; Trident/4.0; .NET CLR 2.0.50727; .NET CLR 3.0.04506.648; .NET CLR 3.5.21022; .NET CLR 3.0.4506.2152; .NET CLR 3.5.30729; InfoPath.2)"
62.24.252.133 - - [12/Mar/2012:12:48:25 -0700] "GET /s/ta/13u0/ HTTP/1.0" 302 313 "http://tawp.in/s/ta/13u0/" "Mozilla/4.0 (compatible; MSIE 8.0; Windows NT 5.1; Trident/4.0; .NET CLR 2.0.50727; .NET CLR 3.0.04506.648; .NET CLR 3.5.21022; .NET CLR 3.0.4506.2152; .NET CLR 3.5.30729; InfoPath.2)"
183.83.17.150 - - [12/Mar/2012:12:48:31 -0700] "GET /POIOSM/ HTTP/1.1" 404 199 "-" "Mozilla/5.0 (X11; Linux i686) AppleWebKit/535.11 (KHTML, like Gecko) Chrome/17.0.963.78 Safari/535.11"
183.83.17.150 - - [12/Mar/2012:12:48:32 -0700] "GET /favicon.ico HTTP/1.1" 404 199 "-" "Mozilla/5.0 (X11; Linux i686) AppleWebKit/535.11 (KHTML, like Gecko) Chrome/17.0.963.78 Safari/535.11"
183.83.17.150 - - [12/Mar/2012:12:48:48 -0700] "-" 400 0 "-" "-"
85.17.88.169 - - [12/Mar/2012:12:49:25 -0700] "POST /blog/wp-cron.php?doing_wp_cron=1331581672 HTTP/1.0" 499 0 "-" "WordPress/3.3.1; http://yuvi.in/blog"
101.226.33.189 - - [12/Mar/2012:12:49:25 -0700] "GET /blog/feed HTTP/1.0" 304 0 "-" "Mozilla/4.0 (compatible; Windows;)"
85.17.88.169 - - [12/Mar/2012:12:52:26 -0700] "POST /blog/wp-cron.php?doing_wp_cron=1331581854 HTTP/1.0" 499 0 "-" "WordPress/3.3.1; http://yuvi.in/blog"
208.80.194.30 - - [12/Mar/2012:12:52:27 -0700] "GET /blog/category/so-called-it/ HTTP/1.0" 200 36439 "-" "Mozilla/4.0 (compatible; MSIE 7.0; Windows NT 5.1; .NET CLR 1.0.3705; MSN 6.1; MSNbMSFT; MSNmen-us; MSNc11; v5m)"
141.0.9.138 - - [12/Mar/2012:12:56:04 -0700] "-" 400 0 "-" "-"
67.215.230.28 - - [12/Mar/2012:12:58:43 -0700] "GET /robots.txt HTTP/1.0" 404 169 "-" "Setooz/Nutch-1.2 (http://www.setooz.com)"
67.215.230.28 - - [12/Mar/2012:12:58:43 -0700] "GET /stories HTTP/1.0" 301 185 "-" "Setooz/Nutch-1.2 (http://www.setooz.com)"
67.215.230.26 - - [12/Mar/2012:12:58:57 -0700] "GET /robots.txt HTTP/1.0" 404 169 "-" "Setooz/Nutch-1.2 (http://www.setooz.com)"
67.215.230.26 - - [12/Mar/2012:12:59:00 -0700] "GET / HTTP/1.0" 200 3439 "-" "Setooz/Nutch-1.2 (http://www.setooz.com)"
209.85.224.88 - - [12/Mar/2012:12:59:35 -0700] "GET /stories/feed HTTP/1.1" 200 13653 "-" "FeedBurner/1.0 (http://www.FeedBurner.com)"
85.17.88.169 - - [12/Mar/2012:13:00:48 -0700] "POST /blog/wp-cron.php?doing_wp_cron=1331582356 HTTP/1.0" 499 0 "-" "WordPress/3.3.1; http://yuvi.in/blog"
209.85.238.115 - - [12/Mar/2012:13:00:49 -0700] "GET /blog/feed/ HTTP/1.1" 304 0 "-" "Feedfetcher-Google; (+http://www.google.com/feedfetcher.html; 19 subscribers; feed-id=15064232456473204253)"
59.92.8.144 - - [12/Mar/2012:13:01:36 -0700] "GET / HTTP/1.1" 200 1430 "http://twitter.com/" "Mozilla/5.0 (Ubuntu; X11; Linux i686; rv:9.0.1) Gecko/20100101 Firefox/9.0.1"
59.92.8.144 - - [12/Mar/2012:13:01:36 -0700] "GET /blueprint/screen.css HTTP/1.1" 200 12058 "http://yuvi.in/" "Mozilla/5.0 (Ubuntu; X11; Linux i686; rv:9.0.1) Gecko/20100101 Firefox/9.0.1"
59.92.8.144 - - [12/Mar/2012:13:01:37 -0700] "GET /header.png HTTP/1.1" 200 14249 "http://yuvi.in/" "Mozilla/5.0 (Ubuntu; X11; Linux i686; rv:9.0.1) Gecko/20100101 Firefox/9.0.1"
59.92.8.144 - - [12/Mar/2012:13:01:37 -0700] "GET /blueprint/print.css HTTP/1.1" 200 1284 "http://yuvi.in/" "Mozilla/5.0 (Ubuntu; X11; Linux i686; rv:9.0.1) Gecko/20100101 Firefox/9.0.1"
59.92.8.144 - - [12/Mar/2012:13:01:38 -0700] "GET /favicon.ico HTTP/1.1" 404 142 "-" "Mozilla/5.0 (Ubuntu; X11; Linux i686; rv:9.0.1) Gecko/20100101 Firefox/9.0.1"
59.92.8.144 - - [12/Mar/2012:13:01:41 -0700] "GET /favicon.ico HTTP/1.1" 404 142 "-" "Mozilla/5.0 (Ubuntu; X11; Linux i686; rv:9.0.1) Gecko/20100101 Firefox/9.0.1"
59.92.8.144 - - [12/Mar/2012:13:01:45 -0700] "-" 400 0 "-" "-"
59.92.8.144 - - [12/Mar/2012:13:01:57 -0700] "GET /blog HTTP/1.1" 301 178 "http://yuvi.in/" "Mozilla/5.0 (Ubuntu; X11; Linux i686; rv:9.0.1) Gecko/20100101 Firefox/9.0.1"
85.17.88.169 - - [12/Mar/2012:13:01:59 -0700] "POST /blog/wp-cron.php?doing_wp_cron=1331582427 HTTP/1.0" 499 0 "-" "WordPress/3.3.1; http://yuvi.in/blog"
59.92.8.144 - - [12/Mar/2012:13:01:59 -0700] "GET /blog/ HTTP/1.1" 200 9193 "http://yuvi.in/" "Mozilla/5.0 (Ubuntu; X11; Linux i686; rv:9.0.1) Gecko/20100101 Firefox/9.0.1"
59.92.8.144 - - [12/Mar/2012:13:02:00 -0700] "GET /blog/wp-content/themes/cleanr/js/jquery.dropdown.js?ver=3.3.1 HTTP/1.1" 200 535 "http://yuvi.in/blog/" "Mozilla/5.0 (Ubuntu; X11; Linux i686; rv:9.0.1) Gecko/20100101 Firefox/9.0.1"
59.92.8.144 - - [12/Mar/2012:13:02:01 -0700] "GET /blog/wp-content/themes/cleanr/style.css HTTP/1.1" 200 10508 "http://yuvi.in/blog/" "Mozilla/5.0 (Ubuntu; X11; Linux i686; rv:9.0.1) Gecko/20100101 Firefox/9.0.1"
59.92.8.144 - - [12/Mar/2012:13:02:02 -0700] "GET /blog/wp-content/themes/cleanr/css/reset.css HTTP/1.1" 200 648 "http://yuvi.in/blog/wp-content/themes/cleanr/style.css" "Mozilla/5.0 (Ubuntu; X11; Linux i686; rv:9.0.1) Gecko/20100101 Firefox/9.0.1"
59.92.8.144 - - [12/Mar/2012:13:02:02 -0700] "GET /blog/wp-content/themes/cleanr/css/text.css HTTP/1.1" 200 420 "http://yuvi.in/blog/wp-content/themes/cleanr/style.css" "Mozilla/5.0 (Ubuntu; X11; Linux i686; rv:9.0.1) Gecko/20100101 Firefox/9.0.1"
59.92.8.144 - - [12/Mar/2012:13:02:02 -0700] "GET /blog/wp-content/themes/cleanr/css/960.css HTTP/1.1" 200 3628 "http://yuvi.in/blog/wp-content/themes/cleanr/style.css" "Mozilla/5.0 (Ubuntu; X11; Linux i686; rv:9.0.1) Gecko/20100101 Firefox/9.0.1"
59.92.8.144 - - [12/Mar/2012:13:02:03 -0700] "GET /blog/wp-includes/js/jquery/jquery.js?ver=1.7.1 HTTP/1.1" 200 93889 "http://yuvi.in/blog/" "Mozilla/5.0 (Ubuntu; X11; Linux i686; rv:9.0.1) Gecko/20100101 Firefox/9.0.1"
59.92.8.144 - - [12/Mar/2012:13:02:05 -0700] "GET /blog/wp-content/themes/cleanr/images/search_magnifier.gif HTTP/1.1" 200 394 "http://yuvi.in/blog/" "Mozilla/5.0 (Ubuntu; X11; Linux i686; rv:9.0.1) Gecko/20100101 Firefox/9.0.1"
59.92.8.144 - - [12/Mar/2012:13:02:07 -0700] "-" 400 0 "-" "-"
208.80.194.30 - - [12/Mar/2012:13:04:58 -0700] "GET /blog/infosys-tcs-or-wipro-none/ HTTP/1.0" 200 24512 "-" "Mozilla/4.0 (compatible; MSIE 6.0; Windows NT 5.1; SV1; DFAIT; .NET CLR 1.1.4322)"
66.249.67.123 - - [12/Mar/2012:13:06:24 -0700] "GET /robots.txt HTTP/1.1" 404 142 "-" "Mozilla/5.0 (compatible; Googlebot/2.1; +http://www.google.com/bot.html)"
66.249.67.123 - - [12/Mar/2012:13:06:24 -0700] "GET /stories/ HTTP/1.1" 200 1271 "-" "Mozilla/5.0 (compatible; Googlebot/2.1; +http://www.google.com/bot.html)"
14.99.208.170 - - [12/Mar/2012:13:08:23 -0700] "GET /POSM/ HTTP/1.1" 200 1914 "-" "Mozilla/5.0 (iPhone Simulator; CPU iPhone OS 5_0 like Mac OS X) AppleWebKit/534.46 (KHTML, like Gecko) Mobile/9A334"
14.99.208.170 - - [12/Mar/2012:13:08:26 -0700] "GET /POSM/lib/phonegap.js HTTP/1.1" 304 0 "http://yuvi.in/POSM/" "Mozilla/5.0 (iPhone Simulator; CPU iPhone OS 5_0 like Mac OS X) AppleWebKit/534.46 (KHTML, like Gecko) Mobile/9A334"
14.99.208.170 - - [12/Mar/2012:13:08:26 -0700] "GET /POSM/style.css HTTP/1.1" 200 1499 "http://yuvi.in/POSM/" "Mozilla/5.0 (iPhone Simulator; CPU iPhone OS 5_0 like Mac OS X) AppleWebKit/534.46 (KHTML, like Gecko) Mobile/9A334"
14.99.208.170 - - [12/Mar/2012:13:08:27 -0700] "GET /POSM/lib/leaflet/leaflet.css HTTP/1.1" 200 6437 "http://yuvi.in/POSM/" "Mozilla/5.0 (iPhone Simulator; CPU iPhone OS 5_0 like Mac OS X) AppleWebKit/534.46 (KHTML, like Gecko) Mobile/9A334"
14.99.208.170 - - [12/Mar/2012:13:08:27 -0700] "GET /POSM/lib/jquery.mobile.structure-1.0.1.css HTTP/1.1" 200 32452 "http://yuvi.in/POSM/" "Mozilla/5.0 (iPhone Simulator; CPU iPhone OS 5_0 like Mac OS X) AppleWebKit/534.46 (KHTML, like Gecko) Mobile/9A334"
14.99.208.170 - - [12/Mar/2012:13:08:28 -0700] "GET /POSM/lib/jquery.mobile-1.0.1.css HTTP/1.1" 200 83437 "http://yuvi.in/POSM/" "Mozilla/5.0 (iPhone Simulator; CPU iPhone OS 5_0 like Mac OS X) AppleWebKit/534.46 (KHTML, like Gecko) Mobile/9A334"
14.99.208.170 - - [12/Mar/2012:13:08:29 -0700] "GET /POSM/lib/jquery-1.7.1.min.js HTTP/1.1" 200 93868 "http://yuvi.in/POSM/" "Mozilla/5.0 (iPhone Simulator; CPU iPhone OS 5_0 like Mac OS X) AppleWebKit/534.46 (KHTML, like Gecko) Mobile/9A334"
14.99.208.170 - - [12/Mar/2012:13:08:29 -0700] "GET /POSM/lib/underscore.js HTTP/1.1" 200 35168 "http://yuvi.in/POSM/" "Mozilla/5.0 (iPhone Simulator; CPU iPhone OS 5_0 like Mac OS X) AppleWebKit/534.46 (KHTML, like Gecko) Mobile/9A334"
14.99.208.170 - - [12/Mar/2012:13:08:29 -0700] "GET /POSM/lib/jquery.timeago.js HTTP/1.1" 200 4491 "http://yuvi.in/POSM/" "Mozilla/5.0 (iPhone Simulator; CPU iPhone OS 5_0 like Mac OS X) AppleWebKit/534.46 (KHTML, like Gecko) Mobile/9A334"
14.99.208.170 - - [12/Mar/2012:13:08:30 -0700] "GET /POSM/lib/templates.js HTTP/1.1" 200 426 "http://yuvi.in/POSM/" "Mozilla/5.0 (iPhone Simulator; CPU iPhone OS 5_0 like Mac OS X) AppleWebKit/534.46 (KHTML, like Gecko) Mobile/9A334"
14.99.208.170 - - [12/Mar/2012:13:08:30 -0700] "GET /POSM/js/tapbar.js HTTP/1.1" 200 881 "http://yuvi.in/POSM/" "Mozilla/5.0 (iPhone Simulator; CPU iPhone OS 5_0 like Mac OS X) AppleWebKit/534.46 (KHTML, like Gecko) Mobile/9A334"
14.99.208.170 - - [12/Mar/2012:13:08:30 -0700] "GET /POSM/js/poimanager.js HTTP/1.1" 200 9309 "http://yuvi.in/POSM/" "Mozilla/5.0 (iPhone Simulator; CPU iPhone OS 5_0 like Mac OS X) AppleWebKit/534.46 (KHTML, like Gecko) Mobile/9A334"
14.99.208.170 - - [12/Mar/2012:13:08:30 -0700] "GET /POSM/js/curpos.js HTTP/1.1" 200 1793 "http://yuvi.in/POSM/" "Mozilla/5.0 (iPhone Simulator; CPU iPhone OS 5_0 like Mac OS X) AppleWebKit/534.46 (KHTML, like Gecko) Mobile/9A334"
14.99.208.170 - - [12/Mar/2012:13:08:31 -0700] "GET /POSM/zoomData.js HTTP/1.1" 200 1573 "http://yuvi.in/POSM/" "Mozilla/5.0 (iPhone Simulator; CPU iPhone OS 5_0 like Mac OS X) AppleWebKit/534.46 (KHTML, like Gecko) Mobile/9A334"
14.99.208.170 - - [12/Mar/2012:13:08:31 -0700] "GET /POSM/js/changesets.js HTTP/1.1" 200 1226 "http://yuvi.in/POSM/" "Mozilla/5.0 (iPhone Simulator; CPU iPhone OS 5_0 like Mac OS X) AppleWebKit/534.46 (KHTML, like Gecko) Mobile/9A334"
14.99.208.170 - - [12/Mar/2012:13:08:31 -0700] "GET /POSM/js/main.js HTTP/1.1" 200 8592 "http://yuvi.in/POSM/" "Mozilla/5.0 (iPhone Simulator; CPU iPhone OS 5_0 like Mac OS X) AppleWebKit/534.46 (KHTML, like Gecko) Mobile/9A334"
14.99.208.170 - - [12/Mar/2012:13:08:31 -0700] "GET /POSM/lib/jquery.mobile-1.0.1.js HTTP/1.1" 200 221124 "http://yuvi.in/POSM/" "Mozilla/5.0 (iPhone Simulator; CPU iPhone OS 5_0 like Mac OS X) AppleWebKit/534.46 (KHTML, like Gecko) Mobile/9A334"
14.99.208.170 - - [12/Mar/2012:13:08:31 -0700] "GET /POSM/js/poi.js HTTP/1.1" 200 2031 "http://yuvi.in/POSM/" "Mozilla/5.0 (iPhone Simulator; CPU iPhone OS 5_0 like Mac OS X) AppleWebKit/534.46 (KHTML, like Gecko) Mobile/9A334"
14.99.208.170 - - [12/Mar/2012:13:08:33 -0700] "GET /POSM/lib/leaflet/leaflet-src.js HTTP/1.1" 200 133300 "http://yuvi.in/POSM/" "Mozilla/5.0 (iPhone Simulator; CPU iPhone OS 5_0 like Mac OS X) AppleWebKit/534.46 (KHTML, like Gecko) Mobile/9A334"
14.99.208.170 - - [12/Mar/2012:13:08:34 -0700] "GET /POSM/img/preferences.png HTTP/1.1" 200 748 "http://yuvi.in/POSM/" "Mozilla/5.0 (iPhone Simulator; CPU iPhone OS 5_0 like Mac OS X) AppleWebKit/534.46 (KHTML, like Gecko) Mobile/9A334"
14.99.208.170 - - [12/Mar/2012:13:08:34 -0700] "GET /POSM/img/mylocation.png HTTP/1.1" 200 803 "http://yuvi.in/POSM/" "Mozilla/5.0 (iPhone Simulator; CPU iPhone OS 5_0 like Mac OS X) AppleWebKit/534.46 (KHTML, like Gecko) Mobile/9A334"
14.99.208.170 - - [12/Mar/2012:13:08:34 -0700] "GET /POSM/img/refresh.png HTTP/1.1" 200 868 "http://yuvi.in/POSM/" "Mozilla/5.0 (iPhone Simulator; CPU iPhone OS 5_0 like Mac OS X) AppleWebKit/534.46 (KHTML, like Gecko) Mobile/9A334"
14.99.208.170 - - [12/Mar/2012:13:08:34 -0700] "GET /POSM/img/back.png HTTP/1.1" 200 420 "http://yuvi.in/POSM/" "Mozilla/5.0 (iPhone Simulator; CPU iPhone OS 5_0 like Mac OS X) AppleWebKit/534.46 (KHTML, like Gecko) Mobile/9A334"
14.99.208.170 - - [12/Mar/2012:13:08:34 -0700] "GET /POSM/img/save.png HTTP/1.1" 404 142 "http://yuvi.in/POSM/" "Mozilla/5.0 (iPhone Simulator; CPU iPhone OS 5_0 like Mac OS X) AppleWebKit/534.46 (KHTML, like Gecko) Mobile/9A334"
14.99.208.170 - - [12/Mar/2012:13:08:34 -0700] "GET /POSM/lib/images/ajax-loader.png HTTP/1.1" 304 0 "http://yuvi.in/POSM/" "Mozilla/5.0 (iPhone Simulator; CPU iPhone OS 5_0 like Mac OS X) AppleWebKit/534.46 (KHTML, like Gecko) Mobile/9A334"
85.17.88.169 - - [12/Mar/2012:13:08:35 -0700] "POST /blog/wp-cron.php?doing_wp_cron=1331582822 HTTP/1.0" 499 0 "-" "WordPress/3.3.1; http://yuvi.in/blog"
14.99.208.170 - - [12/Mar/2012:13:08:35 -0700] "GET /POSM/lib/leaflet/images/zoom-in.png HTTP/1.1" 304 0 "http://yuvi.in/POSM/" "Mozilla/5.0 (iPhone Simulator; CPU iPhone OS 5_0 like Mac OS X) AppleWebKit/534.46 (KHTML, like Gecko) Mobile/9A334"
14.99.208.170 - - [12/Mar/2012:13:08:35 -0700] "GET /POSM/lib/leaflet/images/zoom-out.png HTTP/1.1" 304 0 "http://yuvi.in/POSM/" "Mozilla/5.0 (iPhone Simulator; CPU iPhone OS 5_0 like Mac OS X) AppleWebKit/534.46 (KHTML, like Gecko) Mobile/9A334"
14.99.208.170 - - [12/Mar/2012:13:08:36 -0700] "GET /apple-touch-icon-57x57-precomposed.png HTTP/1.1" 404 142 "-" "Web/1.0 CFNetwork/548.0.3 Darwin/11.3.0"
180.76.5.146 - - [12/Mar/2012:13:08:36 -0700] "GET /blog/category/code/page/2/ HTTP/1.1" 200 15527 "-" "Mozilla/5.0 (compatible; Baiduspider/2.0; +http://www.baidu.com/search/spider.html)"
14.99.208.170 - - [12/Mar/2012:13:08:36 -0700] "GET /apple-touch-icon-57x57.png HTTP/1.1" 404 142 "-" "Web/1.0 CFNetwork/548.0.3 Darwin/11.3.0"
14.99.208.170 - - [12/Mar/2012:13:08:36 -0700] "GET /apple-touch-icon-precomposed.png HTTP/1.1" 404 142 "-" "Web/1.0 CFNetwork/548.0.3 Darwin/11.3.0"
14.99.208.170 - - [12/Mar/2012:13:08:37 -0700] "GET /apple-touch-icon.png HTTP/1.1" 404 142 "-" "Web/1.0 CFNetwork/548.0.3 Darwin/11.3.0"
14.99.208.170 - - [12/Mar/2012:13:08:38 -0700] "GET /POSM/img/curpos.png HTTP/1.1" 304 0 "http://yuvi.in/POSM/" "Mozilla/5.0 (iPhone Simulator; CPU iPhone OS 5_0 like Mac OS X) AppleWebKit/534.46 (KHTML, like Gecko) Mobile/9A334"
14.99.208.170 - - [12/Mar/2012:13:08:39 -0700] "GET /overpass?data=%0A++++%0A++++++++node(37.78502894901505%2C+-122.40727543830872%2C+37.78663997214301%2C+-122.40555882453917)%3B%0A++++%0A++++out+meta%3B%0A HTTP/1.1" 200 21050 "http://yuvi.in/POSM/" "Mozilla/5.0 (iPhone Simulator; CPU iPhone OS 5_0 like Mac OS X) AppleWebKit/534.46 (KHTML, like Gecko) Mobile/9A334"
14.99.208.170 - - [12/Mar/2012:13:08:40 -0700] "GET /overpass?data=%0A++++%0A++++++++node(37.78502894901505%2C+-122.40727543830872%2C+37.78663997214301%2C+-122.40555882453917)%3B%0A++++%0A++++out+meta%3B%0A HTTP/1.1" 200 21058 "http://yuvi.in/POSM/" "Mozilla/5.0 (iPhone Simulator; CPU iPhone OS 5_0 like Mac OS X) AppleWebKit/534.46 (KHTML, like Gecko) Mobile/9A334"
14.99.208.170 - - [12/Mar/2012:13:08:41 -0700] "GET /POSM/lib/leaflet/images/marker.png HTTP/1.1" 304 0 "http://yuvi.in/POSM/" "Mozilla/5.0 (iPhone Simulator; CPU iPhone OS 5_0 like Mac OS X) AppleWebKit/534.46 (KHTML, like Gecko) Mobile/9A334"
14.99.208.170 - - [12/Mar/2012:13:08:41 -0700] "GET /POSM/lib/leaflet/images/marker-shadow.png HTTP/1.1" 304 0 "http://yuvi.in/POSM/" "Mozilla/5.0 (iPhone Simulator; CPU iPhone OS 5_0 like Mac OS X) AppleWebKit/534.46 (KHTML, like Gecko) Mobile/9A334"
174.129.240.65 - - [12/Mar/2012:13:09:57 -0700] "GET /r/2z65 HTTP/1.1" 301 257 "-" "Mozilla/5.0 (compatible; MSIE 8.0; Windows NT 6.0)"
174.129.240.65 - - [12/Mar/2012:13:09:57 -0700] "GET /s/ta/2z65/ HTTP/1.1" 302 733 "-" "Mozilla/5.0 (compatible; MSIE 8.0; Windows NT 6.0)"
14.99.208.170 - - [12/Mar/2012:13:12:12 -0700] "GET /POSM/lib/jquery.mobile.structure-1.0.1.css HTTP/1.1" 200 32452 "http://yuvi.in/POSM/" "Mozilla/5.0 (iPhone Simulator; CPU iPhone OS 5_0 like Mac OS X) AppleWebKit/534.46 (KHTML, like Gecko) Mobile/9A334"
14.99.208.170 - - [12/Mar/2012:13:12:12 -0700] "GET /POSM/style.css HTTP/1.1" 200 1499 "http://yuvi.in/POSM/" "Mozilla/5.0 (iPhone Simulator; CPU iPhone OS 5_0 like Mac OS X) AppleWebKit/534.46 (KHTML, like Gecko) Mobile/9A334"
14.99.208.170 - - [12/Mar/2012:13:12:12 -0700] "GET /POSM/lib/leaflet/leaflet.css HTTP/1.1" 200 6437 "http://yuvi.in/POSM/" "Mozilla/5.0 (iPhone Simulator; CPU iPhone OS 5_0 like Mac OS X) AppleWebKit/534.46 (KHTML, like Gecko) Mobile/9A334"
14.99.208.170 - - [12/Mar/2012:13:12:13 -0700] "GET /POSM/lib/jquery.mobile-1.0.1.css HTTP/1.1" 200 83437 "http://yuvi.in/POSM/" "Mozilla/5.0 (iPhone Simulator; CPU iPhone OS 5_0 like Mac OS X) AppleWebKit/534.46 (KHTML, like Gecko) Mobile/9A334"
14.99.208.170 - - [12/Mar/2012:13:12:14 -0700] "GET /POSM/lib/underscore.js HTTP/1.1" 200 35168 "http://yuvi.in/POSM/" "Mozilla/5.0 (iPhone Simulator; CPU iPhone OS 5_0 like Mac OS X) AppleWebKit/534.46 (KHTML, like Gecko) Mobile/9A334"
14.99.208.170 - - [12/Mar/2012:13:12:14 -0700] "GET /POSM/lib/jquery.timeago.js HTTP/1.1" 200 4491 "http://yuvi.in/POSM/" "Mozilla/5.0 (iPhone Simulator; CPU iPhone OS 5_0 like Mac OS X) AppleWebKit/534.46 (KHTML, like Gecko) Mobile/9A334"
14.99.208.170 - - [12/Mar/2012:13:12:14 -0700] "GET /POSM/lib/jquery-1.7.1.min.js HTTP/1.1" 200 93868 "http://yuvi.in/POSM/" "Mozilla/5.0 (iPhone Simulator; CPU iPhone OS 5_0 like Mac OS X) AppleWebKit/534.46 (KHTML, like Gecko) Mobile/9A334"
14.99.208.170 - - [12/Mar/2012:13:12:15 -0700] "GET /POSM/js/tapbar.js HTTP/1.1" 200 881 "http://yuvi.in/POSM/" "Mozilla/5.0 (iPhone Simulator; CPU iPhone OS 5_0 like Mac OS X) AppleWebKit/534.46 (KHTML, like Gecko) Mobile/9A334"
14.99.208.170 - - [12/Mar/2012:13:12:15 -0700] "GET /POSM/lib/templates.js HTTP/1.1" 200 426 "http://yuvi.in/POSM/" "Mozilla/5.0 (iPhone Simulator; CPU iPhone OS 5_0 like Mac OS X) AppleWebKit/534.46 (KHTML, like Gecko) Mobile/9A334"
14.99.208.170 - - [12/Mar/2012:13:12:15 -0700] "GET /POSM/js/curpos.js HTTP/1.1" 200 1793 "http://yuvi.in/POSM/" "Mozilla/5.0 (iPhone Simulator; CPU iPhone OS 5_0 like Mac OS X) AppleWebKit/534.46 (KHTML, like Gecko) Mobile/9A334"
14.99.208.170 - - [12/Mar/2012:13:12:15 -0700] "GET /POSM/js/poimanager.js HTTP/1.1" 200 9309 "http://yuvi.in/POSM/" "Mozilla/5.0 (iPhone Simulator; CPU iPhone OS 5_0 like Mac OS X) AppleWebKit/534.46 (KHTML, like Gecko) Mobile/9A334"
14.99.208.170 - - [12/Mar/2012:13:12:15 -0700] "GET /POSM/js/changesets.js HTTP/1.1" 200 1226 "http://yuvi.in/POSM/" "Mozilla/5.0 (iPhone Simulator; CPU iPhone OS 5_0 like Mac OS X) AppleWebKit/534.46 (KHTML, like Gecko) Mobile/9A334"
14.99.208.170 - - [12/Mar/2012:13:12:16 -0700] "GET /POSM/zoomData.js HTTP/1.1" 200 1573 "http://yuvi.in/POSM/" "Mozilla/5.0 (iPhone Simulator; CPU iPhone OS 5_0 like Mac OS X) AppleWebKit/534.46 (KHTML, like Gecko) Mobile/9A334"
14.99.208.170 - - [12/Mar/2012:13:12:16 -0700] "GET /POSM/js/main.js HTTP/1.1" 200 8592 "http://yuvi.in/POSM/" "Mozilla/5.0 (iPhone Simulator; CPU iPhone OS 5_0 like Mac OS X) AppleWebKit/534.46 (KHTML, like Gecko) Mobile/9A334"
14.99.208.170 - - [12/Mar/2012:13:12:16 -0700] "GET /POSM/js/poi.js HTTP/1.1" 200 2031 "http://yuvi.in/POSM/" "Mozilla/5.0 (iPhone Simulator; CPU iPhone OS 5_0 like Mac OS X) AppleWebKit/534.46 (KHTML, like Gecko) Mobile/9A334"
14.99.208.170 - - [12/Mar/2012:13:12:17 -0700] "GET /POSM/lib/jquery.mobile-1.0.1.js HTTP/1.1" 200 221124 "http://yuvi.in/POSM/" "Mozilla/5.0 (iPhone Simulator; CPU iPhone OS 5_0 like Mac OS X) AppleWebKit/534.46 (KHTML, like Gecko) Mobile/9A334"
14.99.208.170 - - [12/Mar/2012:13:12:22 -0700] "GET /POSM/lib/leaflet/leaflet-src.js HTTP/1.1" 200 133300 "http://yuvi.in/POSM/" "Mozilla/5.0 (iPhone Simulator; CPU iPhone OS 5_0 like Mac OS X) AppleWebKit/534.46 (KHTML, like Gecko) Mobile/9A334"
14.99.208.170 - - [12/Mar/2012:13:12:24 -0700] "GET /POSM/img/preferences.png HTTP/1.1" 200 748 "http://yuvi.in/POSM/" "Mozilla/5.0 (iPhone Simulator; CPU iPhone OS 5_0 like Mac OS X) AppleWebKit/534.46 (KHTML, like Gecko) Mobile/9A334"
14.99.208.170 - - [12/Mar/2012:13:12:24 -0700] "GET /POSM/img/refresh.png HTTP/1.1" 200 868 "http://yuvi.in/POSM/" "Mozilla/5.0 (iPhone Simulator; CPU iPhone OS 5_0 like Mac OS X) AppleWebKit/534.46 (KHTML, like Gecko) Mobile/9A334"
14.99.208.170 - - [12/Mar/2012:13:12:24 -0700] "GET /POSM/img/save.png HTTP/1.1" 404 142 "http://yuvi.in/POSM/" "Mozilla/5.0 (iPhone Simulator; CPU iPhone OS 5_0 like Mac OS X) AppleWebKit/534.46 (KHTML, like Gecko) Mobile/9A334"
14.99.208.170 - - [12/Mar/2012:13:12:24 -0700] "GET /POSM/img/back.png HTTP/1.1" 200 420 "http://yuvi.in/POSM/" "Mozilla/5.0 (iPhone Simulator; CPU iPhone OS 5_0 like Mac OS X) AppleWebKit/534.46 (KHTML, like Gecko) Mobile/9A334"
14.99.208.170 - - [12/Mar/2012:13:12:24 -0700] "GET /POSM/img/mylocation.png HTTP/1.1" 304 0 "http://yuvi.in/POSM/" "Mozilla/5.0 (iPhone Simulator; CPU iPhone OS 5_0 like Mac OS X) AppleWebKit/534.46 (KHTML, like Gecko) Mobile/9A334"
14.99.208.170 - - [12/Mar/2012:13:12:24 -0700] "GET /POSM/lib/images/ajax-loader.png HTTP/1.1" 304 0 "http://yuvi.in/POSM/" "Mozilla/5.0 (iPhone Simulator; CPU iPhone OS 5_0 like Mac OS X) AppleWebKit/534.46 (KHTML, like Gecko) Mobile/9A334"
14.99.208.170 - - [12/Mar/2012:13:12:25 -0700] "GET /POSM/lib/leaflet/images/zoom-in.png HTTP/1.1" 200 963 "http://yuvi.in/POSM/" "Mozilla/5.0 (iPhone Simulator; CPU iPhone OS 5_0 like Mac OS X) AppleWebKit/534.46 (KHTML, like Gecko) Mobile/9A334"
14.99.208.170 - - [12/Mar/2012:13:12:25 -0700] "GET /POSM/lib/leaflet/images/zoom-out.png HTTP/1.1" 304 0 "http://yuvi.in/POSM/" "Mozilla/5.0 (iPhone Simulator; CPU iPhone OS 5_0 like Mac OS X) AppleWebKit/534.46 (KHTML, like Gecko) Mobile/9A334"
14.99.208.170 - - [12/Mar/2012:13:12:26 -0700] "GET /POSM/img/curpos.png HTTP/1.1" 304 0 "http://yuvi.in/POSM/" "Mozilla/5.0 (iPhone Simulator; CPU iPhone OS 5_0 like Mac OS X) AppleWebKit/534.46 (KHTML, like Gecko) Mobile/9A334"
14.99.208.170 - - [12/Mar/2012:13:12:29 -0700] "GET /overpass?data=%0A++++%0A++++++++node(37.78502894901505%2C+-122.40727543830872%2C+37.78663997214301%2C+-122.40555882453917)%3B%0A++++%0A++++out+meta%3B%0A HTTP/1.1" 200 21058 "http://yuvi.in/POSM/" "Mozilla/5.0 (iPhone Simulator; CPU iPhone OS 5_0 like Mac OS X) AppleWebKit/534.46 (KHTML, like Gecko) Mobile/9A334"
14.99.208.170 - - [12/Mar/2012:13:12:29 -0700] "GET /overpass?data=%0A++++%0A++++++++node(37.78502894901505%2C+-122.40727543830872%2C+37.78663997214301%2C+-122.40555882453917)%3B%0A++++%0A++++out+meta%3B%0A HTTP/1.1" 200 21058 "http://yuvi.in/POSM/" "Mozilla/5.0 (iPhone Simulator; CPU iPhone OS 5_0 like Mac OS X) AppleWebKit/534.46 (KHTML, like Gecko) Mobile/9A334"
14.99.208.170 - - [12/Mar/2012:13:12:30 -0700] "GET /POSM/lib/leaflet/images/marker.png HTTP/1.1" 304 0 "http://yuvi.in/POSM/" "Mozilla/5.0 (iPhone Simulator; CPU iPhone OS 5_0 like Mac OS X) AppleWebKit/534.46 (KHTML, like Gecko) Mobile/9A334"
14.99.208.170 - - [12/Mar/2012:13:12:30 -0700] "GET /POSM/lib/leaflet/images/marker-shadow.png HTTP/1.1" 304 0 "http://yuvi.in/POSM/" "Mozilla/5.0 (iPhone Simulator; CPU iPhone OS 5_0 like Mac OS X) AppleWebKit/534.46 (KHTML, like Gecko) Mobile/9A334"
14.99.208.170 - - [12/Mar/2012:13:12:31 -0700] "GET /apple-touch-icon-57x57-precomposed.png HTTP/1.1" 404 142 "-" "Web/1.0 CFNetwork/548.0.3 Darwin/11.3.0"
14.99.208.170 - - [12/Mar/2012:13:12:31 -0700] "GET /apple-touch-icon-57x57.png HTTP/1.1" 404 142 "-" "Web/1.0 CFNetwork/548.0.3 Darwin/11.3.0"
14.99.208.170 - - [12/Mar/2012:13:12:32 -0700] "GET /apple-touch-icon-precomposed.png HTTP/1.1" 404 142 "-" "Web/1.0 CFNetwork/548.0.3 Darwin/11.3.0"
14.99.208.170 - - [12/Mar/2012:13:12:32 -0700] "GET /apple-touch-icon.png HTTP/1.1" 404 142 "-" "Web/1.0 CFNetwork/548.0.3 Darwin/11.3.0"
85.17.88.169 - - [12/Mar/2012:13:12:46 -0700] "POST /blog/wp-cron.php?doing_wp_cron=1331583074 HTTP/1.0" 499 0 "-" "WordPress/3.3.1; http://yuvi.in/blog"
209.85.238.115 - - [12/Mar/2012:13:12:47 -0700] "GET /blog/feed HTTP/1.1" 301 0 "-" "Feedfetcher-Google; (+http://www.google.com/feedfetcher.html; 3 subscribers; feed-id=17684830852112633560)"
85.17.88.169 - - [12/Mar/2012:13:12:48 -0700] "POST /blog/wp-cron.php?doing_wp_cron=1331583076 HTTP/1.0" 499 0 "-" "WordPress/3.3.1; http://yuvi.in/blog"
209.85.238.115 - - [12/Mar/2012:13:12:49 -0700] "GET /blog/feed/ HTTP/1.1" 304 0 "-" "Feedfetcher-Google; (+http://www.google.com/feedfetcher.html; 3 subscribers; feed-id=17684830852112633560)"
85.17.88.169 - - [12/Mar/2012:13:14:56 -0700] "POST /blog/wp-cron.php?doing_wp_cron=1331583203 HTTP/1.0" 499 0 "-" "WordPress/3.3.1; http://yuvi.in/blog"
209.85.224.94 - - [12/Mar/2012:13:14:57 -0700] "GET /blog/feed HTTP/1.1" 304 0 "-" "FeedBurner/1.0 (http://www.FeedBurner.com)"
88.74.94.201 - - [12/Mar/2012:13:15:00 -0700] "GET /robots.txt HTTP/1.0" 404 169 "-" "Mozilla/5.0 (compatible; MJ12bot/v1.4.2; http://www.majestic12.co.uk/bot.php?+)"
85.17.88.169 - - [12/Mar/2012:13:15:04 -0700] "POST /blog/wp-cron.php?doing_wp_cron=1331583212 HTTP/1.0" 499 0 "-" "WordPress/3.3.1; http://yuvi.in/blog"
88.74.94.201 - - [12/Mar/2012:13:15:05 -0700] "GET /blog/devlog-mar-2011.htmlhttp://yuvi.in/blog HTTP/1.1" 404 12307 "-" "Mozilla/5.0 (compatible; MJ12bot/v1.4.2; http://www.majestic12.co.uk/bot.php?+)"
88.74.94.201 - - [12/Mar/2012:13:15:13 -0700] "GET /blog/tag/gstreamer.html HTTP/1.1" 200 2232 "-" "Mozilla/5.0 (compatible; MJ12bot/v1.4.2; http://www.majestic12.co.uk/bot.php?+)"
69.171.234.1 - - [12/Mar/2012:13:23:47 -0700] "GET /r/3g7 HTTP/1.1" 301 255 "-" "facebookexternalhit/1.1 (+http://www.facebook.com/externalhit_uatext.php)"
69.171.234.5 - - [12/Mar/2012:13:23:47 -0700] "GET /s/ta/3g7/ HTTP/1.1" 302 465 "-" "facebookexternalhit/1.1 (+http://www.facebook.com/externalhit_uatext.php)"
139.18.2.209 - - [12/Mar/2012:13:24:41 -0700] "GET /stories/tag/senses.html HTTP/1.1" 200 1994 "-" "findlinks/2.0.1 (+http://wortschatz.uni-leipzig.de/findlinks/)"
180.76.5.91 - - [12/Mar/2012:13:24:58 -0700] "GET / HTTP/1.1" 200 3439 "-" "Mozilla/5.0 (compatible; Baiduspider/2.0; +http://www.baidu.com/search/spider.html)"
207.46.12.75 - - [12/Mar/2012:13:31:30 -0700] "-" 400 0 "-" "-"
207.46.12.75 - - [12/Mar/2012:13:31:30 -0700] "-" 400 0 "-" "-"
207.46.12.75 - - [12/Mar/2012:13:31:30 -0700] "-" 400 0 "-" "-"
207.46.12.75 - - [12/Mar/2012:13:31:30 -0700] "-" 400 0 "-" "-"
207.46.12.75 - - [12/Mar/2012:13:31:30 -0700] "-" 400 0 "-" "-"
207.46.12.75 - - [12/Mar/2012:13:31:30 -0700] "-" 400 0 "-" "-"
207.46.12.75 - - [12/Mar/2012:13:31:31 -0700] "-" 400 0 "-" "-"
207.46.12.75 - - [12/Mar/2012:13:31:31 -0700] "-" 400 0 "-" "-"
207.46.12.75 - - [12/Mar/2012:13:31:31 -0700] "-" 400 0 "-" "-"
207.46.12.75 - - [12/Mar/2012:13:32:08 -0700] "-" 400 0 "-" "-"
207.46.12.75 - - [12/Mar/2012:13:32:09 -0700] "-" 400 0 "-" "-"
208.115.113.84 - - [12/Mar/2012:13:34:18 -0700] "GET /robots.txt HTTP/1.1" 404 169 "-" "Mozilla/5.0 (compatible; Ezooms/1.0; ezooms.bot@gmail.com)"
85.17.88.169 - - [12/Mar/2012:13:34:39 -0700] "POST /blog/wp-cron.php?doing_wp_cron=1331584386 HTTP/1.0" 499 0 "-" "WordPress/3.3.1; http://yuvi.in/blog"
97.117.105.100 - - [12/Mar/2012:13:34:40 -0700] "GET /blog/favicon.ico HTTP/1.1" 404 3016 "-" "Mozilla/5.0 (Windows NT 5.1; rv:10.0.2) Gecko/20100101 Firefox/10.0.2"
201.47.163.23 - - [12/Mar/2012:13:36:30 -0700] "GET /blog/ HTTP/1.1" 200 33230 "-" "Mozilla/5.0 (compatible; Googlebot/2.1; +http://www.google.com/bot.html)"
220.181.108.76 - - [12/Mar/2012:13:41:34 -0700] "GET / HTTP/1.1" 304 0 "-" "Mozilla/5.0 (compatible; Baiduspider/2.0; +http://www.baidu.com/search/spider.html)"
85.17.88.169 - - [12/Mar/2012:13:45:09 -0700] "POST /blog/wp-cron.php?doing_wp_cron=1331585016 HTTP/1.0" 499 0 "-" "WordPress/3.3.1; http://yuvi.in/blog"
209.85.224.81 - - [12/Mar/2012:13:45:09 -0700] "GET /blog/feed HTTP/1.1" 304 0 "-" "FeedBurner/1.0 (http://www.FeedBurner.com)"
85.17.88.169 - - [12/Mar/2012:13:45:14 -0700] "POST /blog/wp-cron.php?doing_wp_cron=1331585022 HTTP/1.0" 499 0 "-" "WordPress/3.3.1; http://yuvi.in/blog"
180.76.5.139 - - [12/Mar/2012:13:45:15 -0700] "GET /blog/running-archlinux/ HTTP/1.1" 200 5175 "-" "Mozilla/5.0 (compatible; Baiduspider/2.0; +http://www.baidu.com/search/spider.html)"
139.18.2.17 - - [12/Mar/2012:13:48:22 -0700] "GET /blog/tag/devlog.html HTTP/1.1" 200 23470 "-" "findlinks/2.1.5 (+http://wortschatz.uni-leipzig.de/findlinks/)"
208.80.194.30 - - [12/Mar/2012:13:51:22 -0700] "GET /blog/ HTTP/1.0" 200 33162 "-" "Mozilla/4.0 (compatible; MSIE 6.0; Windows NT 5.1; Avant Browser; SIMBAR=0; Avant Browser; .NET CLR 1.1.4322)"
85.17.88.169 - - [12/Mar/2012:13:52:15 -0700] "POST /blog/wp-cron.php?doing_wp_cron=1331585442 HTTP/1.0" 499 0 "-" "WordPress/3.3.1; http://yuvi.in/blog"
208.80.194.30 - - [12/Mar/2012:13:52:15 -0700] "GET /blog/program HTTP/1.0" 301 0 "-" "Mozilla/4.0 (compatible; MSIE 6.0; Windows NT 5.1; DigExt; YPC 3.2.0; .NET CLR 1.1.4322; yplus 5.1.04b)"
85.17.88.169 - - [12/Mar/2012:13:52:17 -0700] "POST /blog/wp-cron.php?doing_wp_cron=1331585444 HTTP/1.0" 499 0 "-" "WordPress/3.3.1; http://yuvi.in/blog"
208.80.194.30 - - [12/Mar/2012:13:52:18 -0700] "GET /blog/program/ HTTP/1.0" 200 27214 "-" "Mozilla/4.0 (compatible; MSIE 7.0; Windows NT 5.1; .NET CLR 1.1.4322; .NET CLR 2.0.50727; Comcast; InfoPath.1; Comcast)"
208.80.194.30 - - [12/Mar/2012:13:58:14 -0700] "GET /blog/program/ HTTP/1.0" 200 27234 "-" "Mozilla/4.0 (compatible; MSIE 7.0; Windows NT 5.1; YPC 3.0.0; .NET CLR 1.0.3705; .NET CLR 1.1.4322; .NET CLR 2.0.50727)"
208.80.194.30 - - [12/Mar/2012:13:58:37 -0700] "GET /blog/program/ HTTP/1.0" 200 27234 "-" "Mozilla/4.0 (compatible; MSIE 6.0; Windows NT 5.1; MyIE2; SV1; .NET CLR 2.0.50727)"
85.17.88.169 - - [12/Mar/2012:13:58:49 -0700] "POST /blog/wp-cron.php?doing_wp_cron=1331585836 HTTP/1.0" 499 0 "-" "WordPress/3.3.1; http://yuvi.in/blog"
100.43.83.144 - - [12/Mar/2012:13:58:49 -0700] "GET /blog/tag/travel/feed/ HTTP/1.1" 200 2814 "-" "Mozilla/5.0 (compatible; YandexBot/3.0; +http://yandex.com/bots)"
209.85.224.93 - - [12/Mar/2012:13:59:37 -0700] "GET /stories/feed HTTP/1.1" 200 13653 "-" "FeedBurner/1.0 (http://www.FeedBurner.com)"
65.52.110.151 - - [12/Mar/2012:14:01:48 -0700] "GET /robots.txt HTTP/1.1" 404 169 "-" "Mozilla/5.0 (compatible; bingbot/2.0; +http://www.bing.com/bingbot.htm)"
65.52.110.151 - - [12/Mar/2012:14:02:11 -0700] "GET / HTTP/1.1" 304 0 "-" "Mozilla/5.0 (compatible; bingbot/2.0; +http://www.bing.com/bingbot.htm)"
85.17.88.169 - - [12/Mar/2012:14:03:36 -0700] "POST /blog/wp-cron.php?doing_wp_cron=1331586123 HTTP/1.0" 499 0 "-" "WordPress/3.3.1; http://yuvi.in/blog"
101.226.33.171 - - [12/Mar/2012:14:03:37 -0700] "GET /blog/feed HTTP/1.0" 304 0 "-" "Mozilla/4.0 (compatible; Windows;)"
85.17.88.169 - - [12/Mar/2012:14:05:16 -0700] "POST /blog/wp-cron.php?doing_wp_cron=1331586223 HTTP/1.0" 499 0 "-" "WordPress/3.3.1; http://yuvi.in/blog"
100.43.83.144 - - [12/Mar/2012:14:05:16 -0700] "GET /blog/cheese-gsoc-report-week-4/ HTTP/1.1" 200 4612 "-" "Mozilla/5.0 (compatible; YandexBot/3.0; +http://yandex.com/bots)"
85.17.88.169 - - [12/Mar/2012:14:06:06 -0700] "POST /blog/wp-cron.php?doing_wp_cron=1331586273 HTTP/1.0" 499 0 "-" "WordPress/3.3.1; http://yuvi.in/blog"
85.17.88.169 - - [12/Mar/2012:14:06:19 -0700] "POST /blog/wp-cron.php?doing_wp_cron=1331586286 HTTP/1.0" 499 0 "-" "WordPress/3.3.1; http://yuvi.in/blog"
209.85.238.115 - - [12/Mar/2012:14:06:19 -0700] "GET /blog/feed/ HTTP/1.1" 304 0 "-" "Feedfetcher-Google; (+http://www.google.com/feedfetcher.html; 19 subscribers; feed-id=15064232456473204253)"
85.17.88.169 - - [12/Mar/2012:14:06:37 -0700] "POST /blog/wp-cron.php?doing_wp_cron=1331586304 HTTP/1.0" 499 0 "-" "WordPress/3.3.1; http://yuvi.in/blog"
90.60.33.131 - - [12/Mar/2012:14:06:37 -0700] "GET /blog/broke-nonexistent-law/ HTTP/1.1" 200 28514 "-" "Mozilla/5.0 (compatible; Googlebot/2.1; +http://www.google.com/bot.html)"
