183.83.17.150 - - [08/Mar/2012:10:57:15 -0800] "GET /favicon.ico HTTP/1.1" 404 199 "-" "Mozilla/5.0 (X11; Linux i686) AppleWebKit/535.11 (KHTML, like Gecko) Chrome/17.0.963.66 Safari/535.11"
183.83.17.150 - - [08/Mar/2012:10:57:15 -0800] "GET /favicon.ico HTTP/1.1" 404 199 "-" "Mozilla/5.0 (X11; Linux i686) AppleWebKit/535.11 (KHTML, like Gecko) Chrome/17.0.963.66 Safari/535.11"
183.83.17.150 - - [08/Mar/2012:10:57:16 -0800] "GET /favicon.ico HTTP/1.1" 404 199 "-" "Mozilla/5.0 (X11; Linux i686) AppleWebKit/535.11 (KHTML, like Gecko) Chrome/17.0.963.66 Safari/535.11"
85.17.88.169 - - [08/Mar/2012:10:57:18 -0800] "POST /blog/wp-cron.php?doing_wp_cron=1331232978 HTTP/1.0" 200 0 "-" "WordPress/3.3.1; http://yuvi.in/blog"
183.83.17.150 - - [08/Mar/2012:10:57:18 -0800] "GET /blog/college-drop/?cf_action=sync_comments&post_id=393 HTTP/1.1" 200 48 "http://yuvi.in/blog/college-drop/" "Mozilla/5.0 (X11; Linux i686) AppleWebKit/535.11 (KHTML, like Gecko) Chrome/17.0.963.66 Safari/535.11"
183.83.17.150 - - [08/Mar/2012:10:57:31 -0800] "-" 400 0 "-" "-"
183.83.17.150 - - [08/Mar/2012:10:57:42 -0800] "GET /favicon.ico HTTP/1.1" 404 199 "-" "Mozilla/5.0 (X11; Linux i686) AppleWebKit/535.11 (KHTML, like Gecko) Chrome/17.0.963.66 Safari/535.11"
183.83.17.150 - - [08/Mar/2012:10:58:01 -0800] "-" 400 0 "-" "-"
183.83.17.150 - - [08/Mar/2012:10:58:01 -0800] "-" 400 0 "-" "-"
183.83.17.150 - - [08/Mar/2012:10:58:01 -0800] "-" 400 0 "-" "-"
183.83.17.150 - - [08/Mar/2012:10:58:01 -0800] "-" 400 0 "-" "-"
183.83.17.150 - - [08/Mar/2012:10:58:01 -0800] "-" 400 0 "-" "-"
85.17.88.169 - - [08/Mar/2012:10:58:10 -0800] "POST /blog/wp-cron.php?doing_wp_cron=1331233030 HTTP/1.0" 499 0 "-" "WordPress/3.3.1; http://yuvi.in/blog"
78.174.227.137 - - [08/Mar/2012:10:58:11 -0800] "GET /blog/my-vimrc/ HTTP/1.1" 200 15921 "-" "Mozilla/5.0 (compatible; Googlebot/2.1; +http://www.google.com/bot.html)"
123.125.71.98 - - [08/Mar/2012:10:58:38 -0800] "GET /robots.txt HTTP/1.1" 404 211 "-" "Baiduspider+(+http://www.baidu.com/search/spider.htm)"
123.125.71.107 - - [08/Mar/2012:10:58:41 -0800] "GET /robots.txt HTTP/1.1" 404 142 "-" "Baiduspider+(+http://www.baidu.com/search/spider.htm)"
85.17.88.169 - - [08/Mar/2012:11:00:37 -0800] "POST /blog/wp-cron.php?doing_wp_cron=1331233176 HTTP/1.0" 499 0 "-" "WordPress/3.3.1; http://yuvi.in/blog"
209.85.224.99 - - [08/Mar/2012:11:00:37 -0800] "GET /blog/feed HTTP/1.1" 304 0 "-" "FeedBurner/1.0 (http://www.FeedBurner.com)"
157.55.112.201 - - [08/Mar/2012:11:02:42 -0800] "-" 400 0 "-" "-"
157.55.112.201 - - [08/Mar/2012:11:02:44 -0800] "-" 400 0 "-" "-"
157.55.112.201 - - [08/Mar/2012:11:02:44 -0800] "-" 400 0 "-" "-"
157.55.112.201 - - [08/Mar/2012:11:02:48 -0800] "-" 400 0 "-" "-"
157.55.112.201 - - [08/Mar/2012:11:02:48 -0800] "-" 400 0 "-" "-"
157.55.112.201 - - [08/Mar/2012:11:02:54 -0800] "-" 400 0 "-" "-"
157.55.112.201 - - [08/Mar/2012:11:02:55 -0800] "-" 400 0 "-" "-"
157.55.112.201 - - [08/Mar/2012:11:02:56 -0800] "-" 400 0 "-" "-"
157.55.112.201 - - [08/Mar/2012:11:02:59 -0800] "-" 400 0 "-" "-"
157.55.112.201 - - [08/Mar/2012:11:03:00 -0800] "-" 400 0 "-" "-"
157.55.112.201 - - [08/Mar/2012:11:04:00 -0800] "-" 400 0 "-" "-"
85.17.88.169 - - [08/Mar/2012:11:04:15 -0800] "POST /blog/wp-cron.php?doing_wp_cron=1331233395 HTTP/1.0" 499 0 "-" "WordPress/3.3.1; http://yuvi.in/blog"
66.135.57.47 - - [08/Mar/2012:11:04:16 -0800] "GET /blog/my-vimrc/ HTTP/1.0" 200 16009 "-" "Mozilla/5.0 (Windows; U; Windows NT 5.1; rv:1.7.3) Gecko/20041001 Firefox/0.10.1"
66.135.57.47 - - [08/Mar/2012:11:04:18 -0800] "GET /blog/college-drop/ HTTP/1.0" 200 18415 "-" "Mozilla/5.0 (Windows; U; Windows NT 5.1; rv:1.7.3) Gecko/20041001 Firefox/0.10.1"
85.17.88.169 - - [08/Mar/2012:11:04:22 -0800] "POST /blog/wp-cron.php?doing_wp_cron=1331233401 HTTP/1.0" 499 0 "-" "WordPress/3.3.1; http://yuvi.in/blog"
66.135.57.47 - - [08/Mar/2012:11:04:22 -0800] "GET /blog/passing-headers-proxying-nginx/ HTTP/1.0" 200 16690 "-" "Mozilla/5.0 (Windows; U; Windows NT 5.1; rv:1.7.3) Gecko/20041001 Firefox/0.10.1"
66.135.57.47 - - [08/Mar/2012:11:04:25 -0800] "GET /blog/program/ HTTP/1.0" 200 27214 "-" "Mozilla/5.0 (Windows; U; Windows NT 5.1; rv:1.7.3) Gecko/20041001 Firefox/0.10.1"
66.135.57.47 - - [08/Mar/2012:11:04:30 -0800] "GET /blog/devlog-december-26-2011/ HTTP/1.0" 200 16694 "-" "Mozilla/5.0 (Windows; U; Windows NT 5.1; rv:1.7.3) Gecko/20041001 Firefox/0.10.1"
66.135.57.47 - - [08/Mar/2012:11:04:32 -0800] "GET /blog/devlog-december-23-2011/ HTTP/1.0" 200 16517 "-" "Mozilla/5.0 (Windows; U; Windows NT 5.1; rv:1.7.3) Gecko/20041001 Firefox/0.10.1"
66.135.57.47 - - [08/Mar/2012:11:04:35 -0800] "GET /blog/devlog-december-21-2011/ HTTP/1.0" 200 17121 "-" "Mozilla/5.0 (Windows; U; Windows NT 5.1; rv:1.7.3) Gecko/20041001 Firefox/0.10.1"
66.135.57.47 - - [08/Mar/2012:11:04:37 -0800] "GET /blog/devlog-december-11-2011/ HTTP/1.0" 200 16592 "-" "Mozilla/5.0 (Windows; U; Windows NT 5.1; rv:1.7.3) Gecko/20041001 Firefox/0.10.1"
66.135.57.47 - - [08/Mar/2012:11:04:41 -0800] "GET /blog/devlog-december-10-2011/ HTTP/1.0" 200 16387 "-" "Mozilla/5.0 (Windows; U; Windows NT 5.1; rv:1.7.3) Gecko/20041001 Firefox/0.10.1"
66.249.71.97 - - [08/Mar/2012:11:04:42 -0800] "GET /blog/ HTTP/1.1" 200 10128 "-" "Mozilla/5.0 (compatible; Googlebot/2.1; +http://www.google.com/bot.html)"
66.135.57.47 - - [08/Mar/2012:11:04:44 -0800] "GET /blog/devlog-december-7-2011/ HTTP/1.0" 200 16833 "-" "Mozilla/5.0 (Windows; U; Windows NT 5.1; rv:1.7.3) Gecko/20041001 Firefox/0.10.1"
66.249.71.116 - - [08/Mar/2012:11:05:34 -0800] "GET /r/1z5n HTTP/1.1" 301 257 "-" "Mozilla/5.0 (compatible; Googlebot/2.1; +http://www.google.com/bot.html)"
66.249.71.116 - - [08/Mar/2012:11:05:34 -0800] "GET /s/ta/1z5n/ HTTP/1.1" 302 609 "-" "Mozilla/5.0 (compatible; Googlebot/2.1; +http://www.google.com/bot.html)"
85.17.88.169 - - [08/Mar/2012:11:05:59 -0800] "POST /blog/wp-cron.php?doing_wp_cron=1331233498 HTTP/1.0" 499 0 "-" "WordPress/3.3.1; http://yuvi.in/blog"
208.115.113.84 - - [08/Mar/2012:11:05:59 -0800] "GET /blog/tag/photo/ HTTP/1.1" 200 16288 "-" "Mozilla/5.0 (compatible; Ezooms/1.0; ezooms.bot@gmail.com)"
208.115.113.84 - - [08/Mar/2012:11:06:03 -0800] "GET /stories/ HTTP/1.1" 200 3515 "-" "Mozilla/5.0 (compatible; Ezooms/1.0; ezooms.bot@gmail.com)"
85.17.88.169 - - [08/Mar/2012:11:07:36 -0800] "POST /blog/wp-cron.php?doing_wp_cron=1331233596 HTTP/1.0" 499 0 "-" "WordPress/3.3.1; http://yuvi.in/blog"
72.14.199.121 - - [08/Mar/2012:11:07:36 -0800] "GET /blog/feed/ HTTP/1.1" 304 0 "-" "Feedfetcher-Google; (+http://www.google.com/feedfetcher.html; 18 subscribers; feed-id=15064232456473204253)"
223.234.50.209 - - [08/Mar/2012:11:07:39 -0800] "-" 400 0 "-" "-"
223.234.50.209 - - [08/Mar/2012:11:08:00 -0800] "-" 400 0 "-" "-"
85.17.88.169 - - [08/Mar/2012:11:08:06 -0800] "POST /blog/wp-cron.php?doing_wp_cron=1331233626 HTTP/1.0" 499 0 "-" "WordPress/3.3.1; http://yuvi.in/blog"
207.46.13.96 - - [08/Mar/2012:11:08:07 -0800] "GET /blog/ HTTP/1.1" 200 10128 "-" "Mozilla/5.0 (compatible; bingbot/2.0; +http://www.bing.com/bingbot.htm)"
122.172.9.119 - - [08/Mar/2012:11:08:41 -0800] "GET / HTTP/1.1" 200 1430 "-" "Reeder/1.5.4 CFNetwork/548.1.4 Darwin/11.0.0"
223.234.50.209 - - [08/Mar/2012:11:08:41 -0800] "-" 400 0 "-" "-"
122.172.9.119 - - [08/Mar/2012:11:08:41 -0800] "GET /favicon.ico HTTP/1.1" 404 142 "-" "Reeder/1.5.4 CFNetwork/548.1.4 Darwin/11.0.0"
122.172.9.119 - - [08/Mar/2012:11:08:41 -0800] "GET / HTTP/1.1" 200 1430 "-" "Reeder/1.5.4 CFNetwork/548.1.4 Darwin/11.0.0"
122.172.9.119 - - [08/Mar/2012:11:08:42 -0800] "GET /apple-touch-icon.png HTTP/1.1" 404 142 "-" "Reeder/1.5.4 CFNetwork/548.1.4 Darwin/11.0.0"
122.172.9.119 - - [08/Mar/2012:11:08:42 -0800] "GET /apple-touch-icon-precomposed.png HTTP/1.1" 404 142 "-" "Reeder/1.5.4 CFNetwork/548.1.4 Darwin/11.0.0"
223.234.50.209 - - [08/Mar/2012:11:09:02 -0800] "-" 400 0 "-" "-"
223.234.50.209 - - [08/Mar/2012:11:09:23 -0800] "-" 400 0 "-" "-"
112.79.44.96 - - [08/Mar/2012:11:11:01 -0800] "GET /r/3oc HTTP/1.1" 301 255 "http://ta.wikipedia.org/wiki/%E0%AE%86%E0%AE%B5%E0%AE%BE%E0%AE%B0%E0%AF%88" "Mozilla/5.0 (Windows NT 6.1) AppleWebKit/535.11 (KHTML, like Gecko) Chrome/17.0.963.66 Safari/535.11"
112.79.44.96 - - [08/Mar/2012:11:11:02 -0800] "GET /s/ta/3oc/ HTTP/1.1" 302 325 "http://ta.wikipedia.org/wiki/%E0%AE%86%E0%AE%B5%E0%AE%BE%E0%AE%B0%E0%AF%88" "Mozilla/5.0 (Windows NT 6.1) AppleWebKit/535.11 (KHTML, like Gecko) Chrome/17.0.963.66 Safari/535.11"
112.79.44.96 - - [08/Mar/2012:11:11:11 -0800] "-" 400 0 "-" "-"
85.17.88.169 - - [08/Mar/2012:11:11:12 -0800] "POST /blog/wp-cron.php?doing_wp_cron=1331233811 HTTP/1.0" 499 0 "-" "WordPress/3.3.1; http://yuvi.in/blog"
115.242.153.254 - - [08/Mar/2012:11:11:12 -0800] "GET /blog/webfaction-review/ HTTP/1.1" 200 4103 "-" "Mozilla/5.0 (X11; Ubuntu; Linux i686; rv:10.0.2) Gecko/20100101 Firefox/10.0.2"
115.242.153.254 - - [08/Mar/2012:11:11:13 -0800] "GET /blog/wp-content/themes/cleanr/style.css HTTP/1.1" 200 10508 "http://yuvi.in/blog/webfaction-review/" "Mozilla/5.0 (X11; Ubuntu; Linux i686; rv:10.0.2) Gecko/20100101 Firefox/10.0.2"
115.242.153.254 - - [08/Mar/2012:11:11:14 -0800] "GET /blog/wp-content/themes/cleanr/js/jquery.dropdown.js?ver=3.3.1 HTTP/1.1" 200 535 "http://yuvi.in/blog/webfaction-review/" "Mozilla/5.0 (X11; Ubuntu; Linux i686; rv:10.0.2) Gecko/20100101 Firefox/10.0.2"
115.242.153.254 - - [08/Mar/2012:11:11:15 -0800] "GET /blog/wp-content/themes/cleanr/css/reset.css HTTP/1.1" 200 648 "http://yuvi.in/blog/wp-content/themes/cleanr/style.css" "Mozilla/5.0 (X11; Ubuntu; Linux i686; rv:10.0.2) Gecko/20100101 Firefox/10.0.2"
115.242.153.254 - - [08/Mar/2012:11:11:15 -0800] "GET /blog/wp-content/themes/cleanr/css/text.css HTTP/1.1" 200 420 "http://yuvi.in/blog/wp-content/themes/cleanr/style.css" "Mozilla/5.0 (X11; Ubuntu; Linux i686; rv:10.0.2) Gecko/20100101 Firefox/10.0.2"
115.242.153.254 - - [08/Mar/2012:11:11:15 -0800] "GET /blog/wp-content/themes/cleanr/css/960.css HTTP/1.1" 200 3628 "http://yuvi.in/blog/wp-content/themes/cleanr/style.css" "Mozilla/5.0 (X11; Ubuntu; Linux i686; rv:10.0.2) Gecko/20100101 Firefox/10.0.2"
115.242.153.254 - - [08/Mar/2012:11:11:15 -0800] "GET /blog/wp-includes/js/jquery/jquery.js?ver=1.7.1 HTTP/1.1" 200 93889 "http://yuvi.in/blog/webfaction-review/" "Mozilla/5.0 (X11; Ubuntu; Linux i686; rv:10.0.2) Gecko/20100101 Firefox/10.0.2"
115.242.153.254 - - [08/Mar/2012:11:11:18 -0800] "-" 400 0 "-" "-"
115.242.153.254 - - [08/Mar/2012:11:11:18 -0800] "-" 400 0 "-" "-"
115.242.153.254 - - [08/Mar/2012:11:11:20 -0800] "GET /blog/wp-content/themes/cleanr/images/search_magnifier.gif HTTP/1.1" 200 394 "http://yuvi.in/blog/webfaction-review/" "Mozilla/5.0 (X11; Ubuntu; Linux i686; rv:10.0.2) Gecko/20100101 Firefox/10.0.2"
112.79.44.96 - - [08/Mar/2012:11:11:21 -0800] "-" 400 0 "-" "-"
115.242.153.254 - - [08/Mar/2012:11:11:23 -0800] "GET /favicon.ico HTTP/1.1" 404 142 "-" "Mozilla/5.0 (X11; Ubuntu; Linux i686; rv:10.0.2) Gecko/20100101 Firefox/10.0.2"
115.242.153.254 - - [08/Mar/2012:11:11:24 -0800] "GET /blog/pycon-india-2009/ HTTP/1.1" 499 0 "http://yuvi.in/blog/webfaction-review/" "Mozilla/5.0 (X11; Ubuntu; Linux i686; rv:10.0.2) Gecko/20100101 Firefox/10.0.2"
85.17.88.169 - - [08/Mar/2012:11:11:25 -0800] "POST /blog/wp-cron.php?doing_wp_cron=1331233825 HTTP/1.0" 499 0 "-" "WordPress/3.3.1; http://yuvi.in/blog"
85.17.88.169 - - [08/Mar/2012:11:11:27 -0800] "POST /blog/wp-cron.php?doing_wp_cron=1331233827 HTTP/1.0" 499 0 "-" "WordPress/3.3.1; http://yuvi.in/blog"
115.242.153.254 - - [08/Mar/2012:11:11:27 -0800] "GET /blog/webfaction-review/?cf_action=sync_comments&post_id=30 HTTP/1.1" 200 48 "http://yuvi.in/blog/webfaction-review/" "Mozilla/5.0 (X11; Ubuntu; Linux i686; rv:10.0.2) Gecko/20100101 Firefox/10.0.2"
115.241.79.123 - - [08/Mar/2012:11:13:53 -0800] "-" 400 0 "-" "-"
66.249.71.116 - - [08/Mar/2012:11:13:54 -0800] "GET /s/ta/glm/ HTTP/1.1" 302 481 "-" "Mozilla/5.0 (compatible; Googlebot/2.1; +http://www.google.com/bot.html)"
180.76.5.194 - - [08/Mar/2012:11:17:22 -0800] "GET /robots.txt HTTP/1.1" 404 142 "-" "Baiduspider+(+http://www.baidu.com/search/spider.htm)"
122.174.25.247 - - [08/Mar/2012:11:18:42 -0800] "-" 400 0 "-" "-"
122.174.10.206 - - [08/Mar/2012:11:18:56 -0800] "-" 400 0 "-" "-"
85.17.88.169 - - [08/Mar/2012:11:19:44 -0800] "POST /blog/wp-cron.php?doing_wp_cron=1331234323 HTTP/1.0" 499 0 "-" "WordPress/3.3.1; http://yuvi.in/blog"
190.49.57.84 - - [08/Mar/2012:11:19:44 -0800] "GET /blog/gsoc-milestones-vala-build-using-autotools/ HTTP/1.1" 200 5852 "http://www.google.com/url?sa=t&rct=j&q=&esrc=s&source=web&cd=4&cts=1331234321789&ved=0CD4QFjAD&url=http%3A%2F%2Fyuvi.in%2Fblog%2Fgsoc-milestones-vala-build-using-autotools%2F&ei=_AVZT-XLENOftweGz9iFDA&usg=AFQjCNFHM8wm8Xfx-EPDqYPGxrOgaN9REg&sig2=TlOJU5o6ZhdWbMecID5g7Q" "Mozilla/5.0 (X11; Linux i686; rv:10.0) Gecko/20100101 Firefox/10.0 Iceweasel/10.0"
190.49.57.84 - - [08/Mar/2012:11:19:49 -0800] "GET /blog/wp-content/themes/cleanr/style.css HTTP/1.1" 200 10508 "http://yuvi.in/blog/gsoc-milestones-vala-build-using-autotools/" "Mozilla/5.0 (X11; Linux i686; rv:10.0) Gecko/20100101 Firefox/10.0 Iceweasel/10.0"
190.49.57.84 - - [08/Mar/2012:11:19:49 -0800] "GET /blog/wp-content/themes/cleanr/js/jquery.dropdown.js?ver=3.3.1 HTTP/1.1" 200 535 "http://yuvi.in/blog/gsoc-milestones-vala-build-using-autotools/" "Mozilla/5.0 (X11; Linux i686; rv:10.0) Gecko/20100101 Firefox/10.0 Iceweasel/10.0"
190.49.57.84 - - [08/Mar/2012:11:19:49 -0800] "GET /blog/wp-content/themes/cleanr/css/reset.css HTTP/1.1" 200 648 "http://yuvi.in/blog/wp-content/themes/cleanr/style.css" "Mozilla/5.0 (X11; Linux i686; rv:10.0) Gecko/20100101 Firefox/10.0 Iceweasel/10.0"
190.49.57.84 - - [08/Mar/2012:11:19:49 -0800] "GET /blog/wp-content/themes/cleanr/css/text.css HTTP/1.1" 200 420 "http://yuvi.in/blog/wp-content/themes/cleanr/style.css" "Mozilla/5.0 (X11; Linux i686; rv:10.0) Gecko/20100101 Firefox/10.0 Iceweasel/10.0"
190.49.57.84 - - [08/Mar/2012:11:19:49 -0800] "GET /blog/wp-content/themes/cleanr/css/960.css HTTP/1.1" 200 3628 "http://yuvi.in/blog/wp-content/themes/cleanr/style.css" "Mozilla/5.0 (X11; Linux i686; rv:10.0) Gecko/20100101 Firefox/10.0 Iceweasel/10.0"
190.49.57.84 - - [08/Mar/2012:11:19:50 -0800] "GET /blog/wp-includes/js/jquery/jquery.js?ver=1.7.1 HTTP/1.1" 200 93889 "http://yuvi.in/blog/gsoc-milestones-vala-build-using-autotools/" "Mozilla/5.0 (X11; Linux i686; rv:10.0) Gecko/20100101 Firefox/10.0 Iceweasel/10.0"
190.49.57.84 - - [08/Mar/2012:11:19:51 -0800] "GET /blog/wp-content/themes/cleanr/images/search_magnifier.gif HTTP/1.1" 200 394 "http://yuvi.in/blog/gsoc-milestones-vala-build-using-autotools/" "Mozilla/5.0 (X11; Linux i686; rv:10.0) Gecko/20100101 Firefox/10.0 Iceweasel/10.0"
190.49.57.84 - - [08/Mar/2012:11:19:54 -0800] "-" 400 0 "-" "-"
190.49.57.84 - - [08/Mar/2012:11:19:56 -0800] "GET /favicon.ico HTTP/1.1" 404 142 "-" "Mozilla/5.0 (X11; Linux i686; rv:10.0) Gecko/20100101 Firefox/10.0 Iceweasel/10.0"
85.17.88.169 - - [08/Mar/2012:11:20:01 -0800] "POST /blog/wp-cron.php?doing_wp_cron=1331234341 HTTP/1.0" 499 0 "-" "WordPress/3.3.1; http://yuvi.in/blog"
190.49.57.84 - - [08/Mar/2012:11:20:01 -0800] "GET /blog/gsoc-milestones-vala-build-using-autotools/?cf_action=sync_comments&post_id=11 HTTP/1.1" 200 48 "http://yuvi.in/blog/gsoc-milestones-vala-build-using-autotools/" "Mozilla/5.0 (X11; Linux i686; rv:10.0) Gecko/20100101 Firefox/10.0 Iceweasel/10.0"
122.174.10.206 - - [08/Mar/2012:11:21:26 -0800] "-" 400 0 "-" "-"
122.174.10.206 - - [08/Mar/2012:11:21:26 -0800] "-" 400 0 "-" "-"
122.174.10.206 - - [08/Mar/2012:11:21:26 -0800] "-" 400 0 "-" "-"
122.174.10.206 - - [08/Mar/2012:11:21:26 -0800] "-" 400 0 "-" "-"
122.174.10.206 - - [08/Mar/2012:11:21:26 -0800] "-" 400 0 "-" "-"
122.174.10.206 - - [08/Mar/2012:11:22:06 -0800] "-" 400 0 "-" "-"
122.174.10.206 - - [08/Mar/2012:11:23:16 -0800] "-" 400 0 "-" "-"
122.174.10.206 - - [08/Mar/2012:11:23:36 -0800] "-" 400 0 "-" "-"
122.174.10.206 - - [08/Mar/2012:11:23:36 -0800] "-" 400 0 "-" "-"
122.174.10.206 - - [08/Mar/2012:11:23:36 -0800] "-" 400 0 "-" "-"
122.174.10.206 - - [08/Mar/2012:11:23:36 -0800] "-" 400 0 "-" "-"
122.174.10.206 - - [08/Mar/2012:11:23:36 -0800] "-" 400 0 "-" "-"
122.174.10.206 - - [08/Mar/2012:11:23:56 -0800] "-" 400 0 "-" "-"
122.174.10.206 - - [08/Mar/2012:11:23:56 -0800] "-" 400 0 "-" "-"
122.174.10.206 - - [08/Mar/2012:11:23:56 -0800] "-" 400 0 "-" "-"
122.174.10.206 - - [08/Mar/2012:11:23:57 -0800] "-" 400 0 "-" "-"
122.174.10.206 - - [08/Mar/2012:11:24:16 -0800] "-" 400 0 "-" "-"
122.174.10.206 - - [08/Mar/2012:11:24:16 -0800] "-" 400 0 "-" "-"
122.174.10.206 - - [08/Mar/2012:11:24:16 -0800] "-" 400 0 "-" "-"
122.174.10.206 - - [08/Mar/2012:11:24:36 -0800] "-" 400 0 "-" "-"
122.174.10.206 - - [08/Mar/2012:11:24:46 -0800] "-" 400 0 "-" "-"
85.17.88.169 - - [08/Mar/2012:11:24:54 -0800] "POST /blog/wp-cron.php?doing_wp_cron=1331234634 HTTP/1.0" 499 0 "-" "WordPress/3.3.1; http://yuvi.in/blog"
72.14.199.121 - - [08/Mar/2012:11:24:54 -0800] "GET /blog/feed HTTP/1.1" 301 0 "-" "Feedfetcher-Google; (+http://www.google.com/feedfetcher.html; 3 subscribers; feed-id=17684830852112633560)"
85.17.88.169 - - [08/Mar/2012:11:24:56 -0800] "POST /blog/wp-cron.php?doing_wp_cron=1331234636 HTTP/1.0" 499 0 "-" "WordPress/3.3.1; http://yuvi.in/blog"
72.14.199.121 - - [08/Mar/2012:11:24:57 -0800] "GET /blog/feed/ HTTP/1.1" 304 0 "-" "Feedfetcher-Google; (+http://www.google.com/feedfetcher.html; 3 subscribers; feed-id=17684830852112633560)"
222.186.26.41 - - [08/Mar/2012:11:26:45 -0800] "GET /blog HTTP/1.1" 301 178 "-" "Mozilla/4.0 (compatible; MSIE 6.0; Windows NT 5.1; en)"
85.17.88.169 - - [08/Mar/2012:11:26:47 -0800] "POST /blog/wp-cron.php?doing_wp_cron=1331234747 HTTP/1.0" 499 0 "-" "WordPress/3.3.1; http://yuvi.in/blog"
222.186.26.41 - - [08/Mar/2012:11:26:48 -0800] "GET /blog/ HTTP/1.1" 200 33210 "-" "Mozilla/4.0 (compatible; MSIE 6.0; Windows NT 5.1; en)"
207.46.13.100 - - [08/Mar/2012:11:28:33 -0800] "GET /robots.txt HTTP/1.1" 404 169 "-" "Mozilla/5.0 (compatible; bingbot/2.0; +http://www.bing.com/bingbot.htm)"
66.249.71.116 - - [08/Mar/2012:11:30:24 -0800] "GET /r/2h0c HTTP/1.1" 301 257 "-" "Mozilla/5.0 (compatible; Googlebot/2.1; +http://www.google.com/bot.html)"
66.249.71.116 - - [08/Mar/2012:11:30:25 -0800] "GET /s/ta/2h0c/ HTTP/1.1" 302 485 "-" "Mozilla/5.0 (compatible; Googlebot/2.1; +http://www.google.com/bot.html)"
85.17.88.169 - - [08/Mar/2012:11:30:47 -0800] "POST /blog/wp-cron.php?doing_wp_cron=1331234986 HTTP/1.0" 499 0 "-" "WordPress/3.3.1; http://yuvi.in/blog"
209.85.224.99 - - [08/Mar/2012:11:30:47 -0800] "GET /blog/feed HTTP/1.1" 304 0 "-" "FeedBurner/1.0 (http://www.FeedBurner.com)"
123.125.71.35 - - [08/Mar/2012:11:32:10 -0800] "GET / HTTP/1.1" 200 3439 "-" "Mozilla/5.0 (compatible; Baiduspider/2.0; +http://www.baidu.com/search/spider.html)"
220.181.108.90 - - [08/Mar/2012:11:32:47 -0800] "GET / HTTP/1.1" 200 3439 "-" "Mozilla/5.0 (compatible; Baiduspider/2.0; +http://www.baidu.com/search/spider.html)"
207.46.13.100 - - [08/Mar/2012:11:35:19 -0800] "GET /blog/archives.html HTTP/1.1" 200 4832 "-" "Mozilla/5.0 (compatible; bingbot/2.0; +http://www.bing.com/bingbot.htm)"
178.83.164.60 - - [08/Mar/2012:11:35:25 -0800] "GET /r/p0f HTTP/1.1" 301 255 "http://www.facebook.com/l.php?u=http%3A%2F%2Ftawp.in%2Fr%2Fp0f&h=yAQEZuyOAAQF3883DShLcMP5t8Cao05EefLDFWMVIOX7d_Q&enc=AZNAuczIYnaxKInwxqiGNlg1dwTIzj3sqI6Km9MrRc0bAX9ceGRkWL80I6oRSeWGngX8xO-iYklyTjBN62fe46w1" "Mozilla/5.0 (Windows NT 5.1; rv:10.0.2) Gecko/20100101 Firefox/10.0.2"
178.83.164.60 - - [08/Mar/2012:11:35:26 -0800] "GET /s/ta/p0f/ HTTP/1.1" 302 433 "http://www.facebook.com/l.php?u=http%3A%2F%2Ftawp.in%2Fr%2Fp0f&h=yAQEZuyOAAQF3883DShLcMP5t8Cao05EefLDFWMVIOX7d_Q&enc=AZNAuczIYnaxKInwxqiGNlg1dwTIzj3sqI6Km9MrRc0bAX9ceGRkWL80I6oRSeWGngX8xO-iYklyTjBN62fe46w1" "Mozilla/5.0 (Windows NT 5.1; rv:10.0.2) Gecko/20100101 Firefox/10.0.2"
178.83.164.60 - - [08/Mar/2012:11:35:30 -0800] "-" 400 0 "-" "-"
65.52.0.210 - - [08/Mar/2012:11:38:04 -0800] "GET /r/p0f HTTP/1.1" 404 199 "-" "Mozilla/4.0 (compatible; MSIE 7.0; Windows NT 6.0)"
66.249.71.116 - - [08/Mar/2012:11:38:39 -0800] "GET /r/2rvk HTTP/1.1" 301 257 "-" "Mozilla/5.0 (compatible; Googlebot/2.1; +http://www.google.com/bot.html)"
66.249.71.116 - - [08/Mar/2012:11:38:39 -0800] "GET /s/ta/2rvk/ HTTP/1.1" 302 603 "-" "Mozilla/5.0 (compatible; Googlebot/2.1; +http://www.google.com/bot.html)"
209.85.224.84 - - [08/Mar/2012:11:39:54 -0800] "GET /stories/feed HTTP/1.1" 200 13653 "-" "FeedBurner/1.0 (http://www.FeedBurner.com)"
178.83.164.60 - - [08/Mar/2012:11:39:58 -0800] "GET /s/ta/p0f/ HTTP/1.1" 302 433 "http://www.facebook.com/l.php?u=http%3A%2F%2Ftawp.in%2Fr%2Fp0f&h=0AQGzZPodAQH8cCjEzmqCARA9HaOH4O8KHY2OcotxWIbuZA&enc=AZNzNo1ySjtRwWEWfsZNSjeKPLtk7e8-ND4Y_GQTyQUL_SG_ZuJ9STRz7-cYH_V97rqMgtWvornMbUAC80rviDOy" "Mozilla/5.0 (Windows NT 5.1; rv:10.0.2) Gecko/20100101 Firefox/10.0.2"
157.55.112.199 - - [08/Mar/2012:11:40:28 -0800] "-" 400 0 "-" "-"
157.55.112.199 - - [08/Mar/2012:11:40:30 -0800] "-" 400 0 "-" "-"
157.55.112.199 - - [08/Mar/2012:11:40:32 -0800] "-" 400 0 "-" "-"
157.55.112.199 - - [08/Mar/2012:11:40:32 -0800] "-" 400 0 "-" "-"
157.55.112.199 - - [08/Mar/2012:11:40:32 -0800] "-" 400 0 "-" "-"
157.55.112.199 - - [08/Mar/2012:11:40:34 -0800] "-" 400 0 "-" "-"
157.55.112.199 - - [08/Mar/2012:11:40:36 -0800] "-" 400 0 "-" "-"
157.55.112.199 - - [08/Mar/2012:11:40:36 -0800] "-" 400 0 "-" "-"
157.55.112.199 - - [08/Mar/2012:11:40:36 -0800] "-" 400 0 "-" "-"
157.55.112.199 - - [08/Mar/2012:11:40:37 -0800] "-" 400 0 "-" "-"
208.115.113.84 - - [08/Mar/2012:11:43:09 -0800] "GET /robots.txt HTTP/1.1" 404 169 "-" "Mozilla/5.0 (compatible; Ezooms/1.0; ezooms.bot@gmail.com)"
142.166.3.122 - - [08/Mar/2012:11:44:31 -0800] "GET /blog/my-vimrc/ HTTP/1.1" 200 4114 "-" "R6_CommentReader(www.radian6.com/crawler)"
66.249.71.116 - - [08/Mar/2012:11:46:54 -0800] "GET /r/glm HTTP/1.1" 301 255 "-" "Mozilla/5.0 (compatible; Googlebot/2.1; +http://www.google.com/bot.html)"
85.17.88.169 - - [08/Mar/2012:11:49:00 -0800] "POST /blog/wp-cron.php?doing_wp_cron=1331236080 HTTP/1.0" 499 0 "-" "WordPress/3.3.1; http://yuvi.in/blog"
208.115.111.68 - - [08/Mar/2012:11:49:01 -0800] "GET /blog/2010/07/01/ HTTP/1.1" 200 15480 "-" "Mozilla/5.0 (compatible; Ezooms/1.0; ezooms.bot@gmail.com)"
208.115.111.68 - - [08/Mar/2012:11:49:07 -0800] "GET /blog/optimizing-life.html HTTP/1.1" 200 6991 "-" "Mozilla/5.0 (compatible; Ezooms/1.0; ezooms.bot@gmail.com)"
85.17.88.169 - - [08/Mar/2012:11:49:11 -0800] "POST /blog/wp-cron.php?doing_wp_cron=1331236090 HTTP/1.0" 499 0 "-" "WordPress/3.3.1; http://yuvi.in/blog"
75.101.185.50 - - [08/Mar/2012:11:49:11 -0800] "GET /blog/feed/ HTTP/1.0" 200 21686 "-" "R6_FeedFetcher(www.radian6.com/crawler)"
85.17.88.169 - - [08/Mar/2012:11:50:23 -0800] "POST /blog/wp-cron.php?doing_wp_cron=1331236162 HTTP/1.0" 499 0 "-" "WordPress/3.3.1; http://yuvi.in/blog"
201.94.217.186 - - [08/Mar/2012:11:50:23 -0800] "GET /blog/category/code/ HTTP/1.1" 200 38704 "-" "Mozilla/5.0 (compatible; Googlebot/2.1; +http://www.google.com/bot.html)"
200.171.6.102 - - [08/Mar/2012:11:51:44 -0800] "GET /blog/my-vimrc/ HTTP/1.1" 200 16064 "-" "Mozilla/5.0 (compatible; Googlebot/2.1; +http://www.google.com/bot.html)"
66.249.71.116 - - [08/Mar/2012:11:55:14 -0800] "GET /r/19kp HTTP/1.1" 301 257 "-" "Mozilla/5.0 (compatible; Googlebot/2.1; +http://www.google.com/bot.html)"
66.249.71.116 - - [08/Mar/2012:11:55:14 -0800] "GET /s/ta/19kp/ HTTP/1.1" 302 473 "-" "Mozilla/5.0 (compatible; Googlebot/2.1; +http://www.google.com/bot.html)"
38.121.237.2 - - [08/Mar/2012:11:57:02 -0800] "GET / HTTP/1.1" 200 1430 "http://www.google.com/url?sa=t&rct=j&q=&esrc=s&source=web&cd=1&cts=1331236562327&ved=0CCYQFjAA&url=http%3A%2F%2Fyuvi.in%2F&ei=0A5ZT5bwJKLG0QHErtHdDw&usg=AFQjCNGCp_KinRzG9gFsQqxb60Cy8lsxnA" "Mozilla/5.0 (Macintosh; Intel Mac OS X 10_6_8) AppleWebKit/535.11 (KHTML, like Gecko) Chrome/17.0.963.65 Safari/535.11"
38.121.237.2 - - [08/Mar/2012:11:57:02 -0800] "GET /blueprint/screen.css HTTP/1.1" 200 12058 "http://yuvi.in/" "Mozilla/5.0 (Macintosh; Intel Mac OS X 10_6_8) AppleWebKit/535.11 (KHTML, like Gecko) Chrome/17.0.963.65 Safari/535.11"
38.121.237.2 - - [08/Mar/2012:11:57:02 -0800] "GET /blueprint/print.css HTTP/1.1" 200 1284 "http://yuvi.in/" "Mozilla/5.0 (Macintosh; Intel Mac OS X 10_6_8) AppleWebKit/535.11 (KHTML, like Gecko) Chrome/17.0.963.65 Safari/535.11"
38.121.237.2 - - [08/Mar/2012:11:57:02 -0800] "GET /header.png HTTP/1.1" 200 14249 "http://yuvi.in/" "Mozilla/5.0 (Macintosh; Intel Mac OS X 10_6_8) AppleWebKit/535.11 (KHTML, like Gecko) Chrome/17.0.963.65 Safari/535.11"
38.121.237.2 - - [08/Mar/2012:11:57:03 -0800] "GET /favicon.ico HTTP/1.1" 404 199 "-" "Mozilla/5.0 (Macintosh; Intel Mac OS X 10_6_8) AppleWebKit/535.11 (KHTML, like Gecko) Chrome/17.0.963.65 Safari/535.11"
85.17.88.169 - - [08/Mar/2012:11:57:47 -0800] "POST /blog/wp-cron.php?doing_wp_cron=1331236606 HTTP/1.0" 499 0 "-" "WordPress/3.3.1; http://yuvi.in/blog"
71.213.37.171 - - [08/Mar/2012:11:57:47 -0800] "GET /blog/favicon.ico HTTP/1.1" 404 3016 "-" "Mozilla/5.0 (Windows NT 5.1; rv:10.0.2) Gecko/20100101 Firefox/10.0.2"
85.17.88.169 - - [08/Mar/2012:12:00:53 -0800] "POST /blog/wp-cron.php?doing_wp_cron=1331236792 HTTP/1.0" 499 0 "-" "WordPress/3.3.1; http://yuvi.in/blog"
209.85.224.95 - - [08/Mar/2012:12:00:53 -0800] "GET /blog/feed HTTP/1.1" 304 0 "-" "FeedBurner/1.0 (http://www.FeedBurner.com)"
85.17.88.169 - - [08/Mar/2012:12:01:05 -0800] "POST /blog/wp-cron.php?doing_wp_cron=1331236805 HTTP/1.0" 499 0 "-" "WordPress/3.3.1; http://yuvi.in/blog"
180.76.5.182 - - [08/Mar/2012:12:01:06 -0800] "GET /blog/2009/08/ HTTP/1.1" 200 6295 "-" "Mozilla/5.0 (compatible; Baiduspider/2.0; +http://www.baidu.com/search/spider.html)"
188.222.88.64 - - [08/Mar/2012:12:01:39 -0800] "GET /r/d89 HTTP/1.1" 301 255 "http://ta.wikipedia.org/wiki/%E0%AE%9A%E0%AF%86%E0%AE%99%E0%AF%8D%E0%AE%95%E0%AE%BF%E0%AE%B8%E0%AF%8D_%E0%AE%95%E0%AE%BE%E0%AE%A9%E0%AF%8D" "Mozilla/5.0 (Windows NT 6.0; rv:10.0.2) Gecko/20100101 Firefox/10.0.2"
188.222.88.64 - - [08/Mar/2012:12:01:39 -0800] "GET /s/ta/d89/ HTTP/1.1" 302 413 "http://ta.wikipedia.org/wiki/%E0%AE%9A%E0%AF%86%E0%AE%99%E0%AF%8D%E0%AE%95%E0%AE%BF%E0%AE%B8%E0%AF%8D_%E0%AE%95%E0%AE%BE%E0%AE%A9%E0%AF%8D" "Mozilla/5.0 (Windows NT 6.0; rv:10.0.2) Gecko/20100101 Firefox/10.0.2"
174.119.30.231 - - [08/Mar/2012:12:01:41 -0800] "GET /favicon.ico HTTP/1.1" 404 142 "-" "FeedDemon/4.0 (http://www.feeddemon.com/; Microsoft Windows)"
66.249.71.116 - - [08/Mar/2012:12:03:26 -0800] "GET /r/2tz3 HTTP/1.1" 301 257 "-" "Mozilla/5.0 (compatible; Googlebot/2.1; +http://www.google.com/bot.html)"
66.249.71.116 - - [08/Mar/2012:12:03:27 -0800] "GET /s/ta/2tz3/ HTTP/1.1" 302 337 "-" "Mozilla/5.0 (compatible; Googlebot/2.1; +http://www.google.com/bot.html)"
156.63.39.150 - - [08/Mar/2012:12:10:58 -0800] "-" 400 0 "-" "-"
66.249.71.116 - - [08/Mar/2012:12:11:43 -0800] "GET /robots.txt HTTP/1.1" 404 211 "-" "Mozilla/5.0 (compatible; Googlebot/2.1; +http://www.google.com/bot.html)"
66.249.71.116 - - [08/Mar/2012:12:11:43 -0800] "GET /r/d7k HTTP/1.1" 301 255 "-" "Mozilla/5.0 (compatible; Googlebot/2.1; +http://www.google.com/bot.html)"
66.249.71.116 - - [08/Mar/2012:12:11:44 -0800] "GET /s/ta/d7k/ HTTP/1.1" 302 349 "-" "Mozilla/5.0 (compatible; Googlebot/2.1; +http://www.google.com/bot.html)"
85.17.88.169 - - [08/Mar/2012:12:12:27 -0800] "POST /blog/wp-cron.php?doing_wp_cron=1331237486 HTTP/1.0" 499 0 "-" "WordPress/3.3.1; http://yuvi.in/blog"
72.14.199.121 - - [08/Mar/2012:12:12:28 -0800] "GET /blog/feed/ HTTP/1.1" 304 0 "-" "Feedfetcher-Google; (+http://www.google.com/feedfetcher.html; 18 subscribers; feed-id=15064232456473204253)"
67.215.230.27 - - [08/Mar/2012:12:16:03 -0800] "GET /robots.txt HTTP/1.0" 404 169 "-" "Setooz/Nutch-1.2 (http://www.setooz.com)"
67.215.230.27 - - [08/Mar/2012:12:16:03 -0800] "GET /stories HTTP/1.0" 301 185 "-" "Setooz/Nutch-1.2 (http://www.setooz.com)"
67.215.230.28 - - [08/Mar/2012:12:16:15 -0800] "GET /robots.txt HTTP/1.0" 404 169 "-" "Setooz/Nutch-1.2 (http://www.setooz.com)"
67.215.230.28 - - [08/Mar/2012:12:16:15 -0800] "GET / HTTP/1.0" 200 3439 "-" "Setooz/Nutch-1.2 (http://www.setooz.com)"
85.17.88.169 - - [08/Mar/2012:12:17:24 -0800] "POST /blog/wp-cron.php?doing_wp_cron=1331237783 HTTP/1.0" 499 0 "-" "WordPress/3.3.1; http://yuvi.in/blog"
72.14.199.121 - - [08/Mar/2012:12:17:25 -0800] "GET /blog/feed HTTP/1.1" 301 0 "-" "Feedfetcher-Google; (+http://www.google.com/feedfetcher.html; 3 subscribers; feed-id=17684830852112633560)"
85.17.88.169 - - [08/Mar/2012:12:17:27 -0800] "POST /blog/wp-cron.php?doing_wp_cron=1331237786 HTTP/1.0" 499 0 "-" "WordPress/3.3.1; http://yuvi.in/blog"
72.14.199.121 - - [08/Mar/2012:12:17:27 -0800] "GET /blog/feed/ HTTP/1.1" 304 0 "-" "Feedfetcher-Google; (+http://www.google.com/feedfetcher.html; 3 subscribers; feed-id=17684830852112633560)"
157.55.112.208 - - [08/Mar/2012:12:19:47 -0800] "-" 400 0 "-" "-"
157.55.112.208 - - [08/Mar/2012:12:19:48 -0800] "-" 400 0 "-" "-"
157.55.112.208 - - [08/Mar/2012:12:19:49 -0800] "-" 400 0 "-" "-"
157.55.112.208 - - [08/Mar/2012:12:19:49 -0800] "-" 400 0 "-" "-"
157.55.112.208 - - [08/Mar/2012:12:19:49 -0800] "-" 400 0 "-" "-"
157.55.112.208 - - [08/Mar/2012:12:19:50 -0800] "-" 400 0 "-" "-"
157.55.112.208 - - [08/Mar/2012:12:19:50 -0800] "-" 400 0 "-" "-"
157.55.112.208 - - [08/Mar/2012:12:19:51 -0800] "-" 400 0 "-" "-"
66.249.71.116 - - [08/Mar/2012:12:19:59 -0800] "GET /r/27zw HTTP/1.1" 301 257 "-" "Mozilla/5.0 (compatible; Googlebot/2.1; +http://www.google.com/bot.html)"
66.249.71.116 - - [08/Mar/2012:12:19:59 -0800] "GET /s/ta/27zw/ HTTP/1.1" 302 533 "-" "Mozilla/5.0 (compatible; Googlebot/2.1; +http://www.google.com/bot.html)"
157.55.112.208 - - [08/Mar/2012:12:20:48 -0800] "-" 400 0 "-" "-"
157.55.112.208 - - [08/Mar/2012:12:20:49 -0800] "-" 400 0 "-" "-"
157.55.112.208 - - [08/Mar/2012:12:20:49 -0800] "-" 400 0 "-" "-"
180.76.5.56 - - [08/Mar/2012:12:25:27 -0800] "GET / HTTP/1.1" 200 3439 "-" "Mozilla/5.0 (compatible; Baiduspider/2.0; +http://www.baidu.com/search/spider.html)"
180.153.227.65 - - [08/Mar/2012:12:26:16 -0800] "GET /blueprint/screen.css HTTP/1.1" 200 12058 "http://yuvi.in/" "Mozilla/4.0 (compatible; MSIE 6.0; Windows NT 5.1; SV1)"
207.46.204.217 - - [08/Mar/2012:12:26:17 -0800] "-" 400 0 "-" "-"
207.46.204.217 - - [08/Mar/2012:12:26:18 -0800] "-" 400 0 "-" "-"
207.46.204.217 - - [08/Mar/2012:12:26:18 -0800] "-" 400 0 "-" "-"
207.46.204.217 - - [08/Mar/2012:12:26:18 -0800] "-" 400 0 "-" "-"
207.46.204.217 - - [08/Mar/2012:12:26:18 -0800] "-" 400 0 "-" "-"
207.46.204.217 - - [08/Mar/2012:12:26:18 -0800] "-" 400 0 "-" "-"
207.46.204.217 - - [08/Mar/2012:12:26:18 -0800] "-" 400 0 "-" "-"
207.46.204.217 - - [08/Mar/2012:12:26:18 -0800] "-" 400 0 "-" "-"
207.46.204.217 - - [08/Mar/2012:12:26:18 -0800] "-" 400 0 "-" "-"
207.46.204.217 - - [08/Mar/2012:12:26:48 -0800] "-" 400 0 "-" "-"
207.46.204.217 - - [08/Mar/2012:12:26:49 -0800] "-" 400 0 "-" "-"
66.249.71.116 - - [08/Mar/2012:12:28:16 -0800] "GET /r/2bgy HTTP/1.1" 301 257 "-" "Mozilla/5.0 (compatible; Googlebot/2.1; +http://www.google.com/bot.html)"
66.249.71.116 - - [08/Mar/2012:12:28:17 -0800] "GET /s/ta/2bgy/ HTTP/1.1" 302 383 "-" "Mozilla/5.0 (compatible; Googlebot/2.1; +http://www.google.com/bot.html)"
85.17.88.169 - - [08/Mar/2012:12:31:05 -0800] "POST /blog/wp-cron.php?doing_wp_cron=1331238604 HTTP/1.0" 499 0 "-" "WordPress/3.3.1; http://yuvi.in/blog"
209.85.224.99 - - [08/Mar/2012:12:31:05 -0800] "GET /blog/feed HTTP/1.1" 304 0 "-" "FeedBurner/1.0 (http://www.FeedBurner.com)"
123.125.71.13 - - [08/Mar/2012:12:31:14 -0800] "GET / HTTP/1.1" 200 3439 "-" "Mozilla/5.0 (compatible; Baiduspider/2.0; +http://www.baidu.com/search/spider.html)"
85.17.88.169 - - [08/Mar/2012:12:31:26 -0800] "POST /blog/wp-cron.php?doing_wp_cron=1331238625 HTTP/1.0" 499 0 "-" "WordPress/3.3.1; http://yuvi.in/blog"
46.162.144.184 - - [08/Mar/2012:12:31:27 -0800] "GET /blog/my-vimrc/ HTTP/1.1" 200 15921 "-" "Mozilla/5.0 (compatible; Googlebot/2.1; +http://www.google.com/bot.html)"
220.181.108.86 - - [08/Mar/2012:12:31:49 -0800] "GET / HTTP/1.1" 200 3439 "-" "Mozilla/5.0 (compatible; Baiduspider/2.0; +http://www.baidu.com/search/spider.html)"
157.55.112.200 - - [08/Mar/2012:12:32:54 -0800] "-" 400 0 "-" "-"
157.55.112.200 - - [08/Mar/2012:12:32:59 -0800] "-" 400 0 "-" "-"
157.55.112.200 - - [08/Mar/2012:12:33:01 -0800] "-" 400 0 "-" "-"
157.55.112.200 - - [08/Mar/2012:12:33:01 -0800] "-" 400 0 "-" "-"
157.55.112.200 - - [08/Mar/2012:12:33:02 -0800] "-" 400 0 "-" "-"
157.55.112.200 - - [08/Mar/2012:12:33:05 -0800] "-" 400 0 "-" "-"
157.55.112.200 - - [08/Mar/2012:12:33:06 -0800] "-" 400 0 "-" "-"
157.55.112.200 - - [08/Mar/2012:12:33:07 -0800] "-" 400 0 "-" "-"
157.55.112.200 - - [08/Mar/2012:12:33:08 -0800] "-" 400 0 "-" "-"
157.55.112.200 - - [08/Mar/2012:12:33:08 -0800] "-" 400 0 "-" "-"
157.55.112.200 - - [08/Mar/2012:12:33:36 -0800] "-" 400 0 "-" "-"
84.72.173.220 - - [08/Mar/2012:12:39:19 -0800] "GET /s/ta/23z/ HTTP/1.1" 302 397 "-" "Mozilla/5.0 (iPhone; CPU iPhone OS 5_0_1 like Mac OS X) AppleWebKit/534.46 (KHTML, like Gecko) Mobile/9A405"
84.72.173.220 - - [08/Mar/2012:12:39:21 -0800] "GET /s/ta/1va/ HTTP/1.1" 302 409 "-" "Mozilla/5.0 (iPhone; CPU iPhone OS 5_0_1 like Mac OS X) AppleWebKit/534.46 (KHTML, like Gecko) Mobile/9A405"
209.85.224.97 - - [08/Mar/2012:12:39:57 -0800] "GET /stories/feed HTTP/1.1" 200 13653 "-" "FeedBurner/1.0 (http://www.FeedBurner.com)"
98.203.148.133 - - [08/Mar/2012:12:41:43 -0800] "GET /r/2re HTTP/1.1" 301 255 "http://www.mayyam.com/talk/showthread.php?3862-Rahul-Dravid-The-Wall/page64" "Mozilla/5.0 (Windows NT 6.1) AppleWebKit/535.11 (KHTML, like Gecko) Chrome/17.0.963.78 Safari/535.11"
98.203.148.133 - - [08/Mar/2012:12:41:44 -0800] "GET /s/ta/2re/ HTTP/1.1" 302 361 "http://www.mayyam.com/talk/showthread.php?3862-Rahul-Dravid-The-Wall/page64" "Mozilla/5.0 (Windows NT 6.1) AppleWebKit/535.11 (KHTML, like Gecko) Chrome/17.0.963.78 Safari/535.11"
66.249.71.116 - - [08/Mar/2012:12:44:46 -0800] "GET /r/2fpl HTTP/1.1" 301 257 "-" "Mozilla/5.0 (compatible; Googlebot/2.1; +http://www.google.com/bot.html)"
66.249.71.116 - - [08/Mar/2012:12:44:47 -0800] "GET /s/ta/2fpl/ HTTP/1.1" 302 357 "-" "Mozilla/5.0 (compatible; Googlebot/2.1; +http://www.google.com/bot.html)"
85.17.88.169 - - [08/Mar/2012:12:50:07 -0800] "POST /blog/wp-cron.php?doing_wp_cron=1331239746 HTTP/1.0" 499 0 "-" "WordPress/3.3.1; http://yuvi.in/blog"
91.210.104.31 - - [08/Mar/2012:12:50:08 -0800] "GET /blog/ HTTP/1.0" 200 33142 "http://yuvi.in/blog/" "Mozilla/6.0 (compatible; MSIE 7.0a1; Windows NT 5.2; SV1)"
85.17.88.169 - - [08/Mar/2012:12:50:42 -0800] "POST /blog/wp-cron.php?doing_wp_cron=1331239781 HTTP/1.0" 499 0 "-" "WordPress/3.3.1; http://yuvi.in/blog"
101.226.33.188 - - [08/Mar/2012:12:50:43 -0800] "GET /blog/feed HTTP/1.0" 304 0 "-" "Mozilla/4.0 (compatible; Windows;)"
208.124.199.35 - - [08/Mar/2012:12:51:55 -0800] "GET /r/hp1 HTTP/1.1" 301 255 "http://ta.wikipedia.org/wiki/%E0%AE%AE%E0%AE%BE%E0%AE%A4%E0%AF%8D%E0%AE%A4%E0%AE%B3%E0%AF%88_%E0%AE%AE%E0%AF%81%E0%AE%A4%E0%AF%8D%E0%AE%A4%E0%AF%81%E0%AE%AE%E0%AE%BE%E0%AE%B0%E0%AE%BF%E0%AE%AF%E0%AE%AE%E0%AF%8D%E0%AE%AE%E0%AE%A9%E0%AF%8D_%E0%AE%95%E0%AF%8B%E0%AE%AF%E0%AE%BF%E0%AE%B2%E0%AF%8D" "Mozilla/5.0 (Windows NT 6.1; rv:10.0.2) Gecko/20100101 Firefox/10.0.2"
208.124.199.35 - - [08/Mar/2012:12:51:55 -0800] "GET /s/ta/hp1/ HTTP/1.1" 302 621 "http://ta.wikipedia.org/wiki/%E0%AE%AE%E0%AE%BE%E0%AE%A4%E0%AF%8D%E0%AE%A4%E0%AE%B3%E0%AF%88_%E0%AE%AE%E0%AF%81%E0%AE%A4%E0%AF%8D%E0%AE%A4%E0%AF%81%E0%AE%AE%E0%AE%BE%E0%AE%B0%E0%AE%BF%E0%AE%AF%E0%AE%AE%E0%AF%8D%E0%AE%AE%E0%AE%A9%E0%AF%8D_%E0%AE%95%E0%AF%8B%E0%AE%AF%E0%AE%BF%E0%AE%B2%E0%AF%8D" "Mozilla/5.0 (Windows NT 6.1; rv:10.0.2) Gecko/20100101 Firefox/10.0.2"
66.249.71.116 - - [08/Mar/2012:12:53:03 -0800] "GET /r/h2a HTTP/1.1" 301 255 "-" "Mozilla/5.0 (compatible; Googlebot/2.1; +http://www.google.com/bot.html)"
66.249.71.116 - - [08/Mar/2012:12:53:04 -0800] "GET /s/ta/h2a/ HTTP/1.1" 302 461 "-" "Mozilla/5.0 (compatible; Googlebot/2.1; +http://www.google.com/bot.html)"
85.17.88.169 - - [08/Mar/2012:12:53:18 -0800] "POST /blog/wp-cron.php?doing_wp_cron=1331239937 HTTP/1.0" 499 0 "-" "WordPress/3.3.1; http://yuvi.in/blog"
208.115.113.84 - - [08/Mar/2012:12:53:19 -0800] "GET /blog/author/admin/page/4/ HTTP/1.1" 200 40981 "-" "Mozilla/5.0 (compatible; Ezooms/1.0; ezooms.bot@gmail.com)"
208.115.113.84 - - [08/Mar/2012:12:53:33 -0800] "GET /blog/tag/review.html HTTP/1.1" 200 5302 "-" "Mozilla/5.0 (compatible; Ezooms/1.0; ezooms.bot@gmail.com)"
207.46.13.48 - - [08/Mar/2012:12:56:47 -0800] "GET / HTTP/1.1" 304 0 "-" "Mozilla/5.0 (compatible; bingbot/2.0; +http://www.bing.com/bingbot.htm)"
200.101.10.61 - - [08/Mar/2012:12:58:02 -0800] "GET /blog/ HTTP/1.1" 200 33230 "-" "Mozilla/5.0 (compatible; Googlebot/2.1; +http://www.google.com/bot.html)"
85.17.88.169 - - [08/Mar/2012:13:01:12 -0800] "POST /blog/wp-cron.php?doing_wp_cron=1331240411 HTTP/1.0" 499 0 "-" "WordPress/3.3.1; http://yuvi.in/blog"
209.85.224.82 - - [08/Mar/2012:13:01:13 -0800] "GET /blog/feed HTTP/1.1" 304 0 "-" "FeedBurner/1.0 (http://www.FeedBurner.com)"
66.249.71.116 - - [08/Mar/2012:13:01:18 -0800] "GET /r/hxd HTTP/1.1" 301 255 "-" "Mozilla/5.0 (compatible; Googlebot/2.1; +http://www.google.com/bot.html)"
66.249.71.116 - - [08/Mar/2012:13:01:19 -0800] "GET /s/ta/hxd/ HTTP/1.1" 302 605 "-" "Mozilla/5.0 (compatible; Googlebot/2.1; +http://www.google.com/bot.html)"
142.166.3.122 - - [08/Mar/2012:13:08:10 -0800] "GET /robots.txt HTTP/1.1" 404 142 "-" "R6_CommentReader(www.radian6.com/crawler)"
85.17.88.169 - - [08/Mar/2012:13:08:13 -0800] "POST /blog/wp-cron.php?doing_wp_cron=1331240832 HTTP/1.0" 499 0 "-" "WordPress/3.3.1; http://yuvi.in/blog"
173.192.235.11 - - [08/Mar/2012:13:08:13 -0800] "GET /blog/feed/ HTTP/1.0" 200 21686 "-" "R6_FeedFetcher(www.radian6.com/crawler)"
85.17.88.169 - - [08/Mar/2012:13:10:55 -0800] "POST /blog/wp-cron.php?doing_wp_cron=1331240994 HTTP/1.0" 499 0 "-" "WordPress/3.3.1; http://yuvi.in/blog"
72.14.199.121 - - [08/Mar/2012:13:10:55 -0800] "GET /blog/feed HTTP/1.1" 301 0 "-" "Feedfetcher-Google; (+http://www.google.com/feedfetcher.html; 3 subscribers; feed-id=17684830852112633560)"
85.17.88.169 - - [08/Mar/2012:13:10:57 -0800] "POST /blog/wp-cron.php?doing_wp_cron=1331240996 HTTP/1.0" 499 0 "-" "WordPress/3.3.1; http://yuvi.in/blog"
72.14.199.121 - - [08/Mar/2012:13:10:57 -0800] "GET /blog/feed/ HTTP/1.1" 304 0 "-" "Feedfetcher-Google; (+http://www.google.com/feedfetcher.html; 3 subscribers; feed-id=17684830852112633560)"
207.46.204.216 - - [08/Mar/2012:13:12:00 -0800] "-" 400 0 "-" "-"
207.46.204.216 - - [08/Mar/2012:13:12:02 -0800] "-" 400 0 "-" "-"
207.46.204.216 - - [08/Mar/2012:13:12:03 -0800] "-" 400 0 "-" "-"
207.46.204.216 - - [08/Mar/2012:13:12:03 -0800] "-" 400 0 "-" "-"
207.46.204.216 - - [08/Mar/2012:13:12:03 -0800] "-" 400 0 "-" "-"
207.46.204.216 - - [08/Mar/2012:13:12:03 -0800] "-" 400 0 "-" "-"
207.46.204.216 - - [08/Mar/2012:13:12:04 -0800] "-" 400 0 "-" "-"
207.46.204.216 - - [08/Mar/2012:13:12:04 -0800] "-" 400 0 "-" "-"
207.46.204.220 - - [08/Mar/2012:13:12:04 -0800] "-" 400 0 "-" "-"
207.46.204.216 - - [08/Mar/2012:13:12:04 -0800] "-" 400 0 "-" "-"
207.46.204.216 - - [08/Mar/2012:13:12:04 -0800] "-" 400 0 "-" "-"
207.46.204.220 - - [08/Mar/2012:13:12:05 -0800] "-" 400 0 "-" "-"
207.46.204.220 - - [08/Mar/2012:13:12:06 -0800] "-" 400 0 "-" "-"
207.46.204.220 - - [08/Mar/2012:13:12:06 -0800] "-" 400 0 "-" "-"
207.46.204.220 - - [08/Mar/2012:13:12:09 -0800] "-" 400 0 "-" "-"
207.46.204.220 - - [08/Mar/2012:13:12:10 -0800] "-" 400 0 "-" "-"
207.46.204.220 - - [08/Mar/2012:13:12:10 -0800] "-" 400 0 "-" "-"
207.46.204.220 - - [08/Mar/2012:13:12:11 -0800] "-" 400 0 "-" "-"
207.46.204.220 - - [08/Mar/2012:13:12:11 -0800] "-" 400 0 "-" "-"
207.46.204.220 - - [08/Mar/2012:13:12:11 -0800] "-" 400 0 "-" "-"
207.46.204.220 - - [08/Mar/2012:13:12:55 -0800] "-" 400 0 "-" "-"
207.46.204.216 - - [08/Mar/2012:13:13:01 -0800] "-" 400 0 "-" "-"
66.249.71.116 - - [08/Mar/2012:13:17:53 -0800] "GET /s/ta/20ls/ HTTP/1.1" 302 537 "-" "Mozilla/5.0 (compatible; Googlebot/2.1; +http://www.google.com/bot.html)"
85.17.88.169 - - [08/Mar/2012:13:18:57 -0800] "POST /blog/wp-cron.php?doing_wp_cron=1331241476 HTTP/1.0" 499 0 "-" "WordPress/3.3.1; http://yuvi.in/blog"
72.14.199.121 - - [08/Mar/2012:13:18:57 -0800] "GET /blog/feed/ HTTP/1.1" 304 0 "-" "Feedfetcher-Google; (+http://www.google.com/feedfetcher.html; 18 subscribers; feed-id=15064232456473204253)"
74.125.19.21 - - [08/Mar/2012:13:19:39 -0800] "GET /favicon.ico HTTP/1.1" 404 142 "-" "-"
193.47.80.36 - - [08/Mar/2012:13:19:41 -0800] "GET /robots.txt HTTP/1.1" 404 211 "-" "Mozilla/5.0 (compatible; Exabot/3.0; +http://www.exabot.com/go/robot)"
193.47.80.36 - - [08/Mar/2012:13:19:41 -0800] "GET /r/h8s HTTP/1.1" 301 255 "-" "Mozilla/5.0 (compatible; Exabot/3.0; +http://www.exabot.com/go/robot)"
193.47.80.36 - - [08/Mar/2012:13:19:43 -0800] "GET /s/ta/h8s/ HTTP/1.1" 302 421 "-" "Mozilla/5.0 (compatible; Exabot/3.0; +http://www.exabot.com/go/robot)"
157.55.112.204 - - [08/Mar/2012:13:20:07 -0800] "-" 400 0 "-" "-"
157.55.112.204 - - [08/Mar/2012:13:20:08 -0800] "-" 400 0 "-" "-"
157.55.112.204 - - [08/Mar/2012:13:20:08 -0800] "-" 400 0 "-" "-"
157.55.112.204 - - [08/Mar/2012:13:20:08 -0800] "-" 400 0 "-" "-"
157.55.112.204 - - [08/Mar/2012:13:20:08 -0800] "-" 400 0 "-" "-"
157.55.112.204 - - [08/Mar/2012:13:20:08 -0800] "-" 400 0 "-" "-"
157.55.112.204 - - [08/Mar/2012:13:20:08 -0800] "-" 400 0 "-" "-"
157.55.112.204 - - [08/Mar/2012:13:20:08 -0800] "-" 400 0 "-" "-"
157.55.112.204 - - [08/Mar/2012:13:20:08 -0800] "-" 400 0 "-" "-"
207.46.204.209 - - [08/Mar/2012:13:20:59 -0800] "-" 400 0 "-" "-"
207.46.204.209 - - [08/Mar/2012:13:21:02 -0800] "-" 400 0 "-" "-"
207.46.204.209 - - [08/Mar/2012:13:21:04 -0800] "-" 400 0 "-" "-"
207.46.204.209 - - [08/Mar/2012:13:21:04 -0800] "-" 400 0 "-" "-"
207.46.204.209 - - [08/Mar/2012:13:21:06 -0800] "-" 400 0 "-" "-"
207.46.204.209 - - [08/Mar/2012:13:21:07 -0800] "-" 400 0 "-" "-"
207.46.204.209 - - [08/Mar/2012:13:21:08 -0800] "-" 400 0 "-" "-"
207.46.204.209 - - [08/Mar/2012:13:21:08 -0800] "-" 400 0 "-" "-"
207.46.204.209 - - [08/Mar/2012:13:21:08 -0800] "-" 400 0 "-" "-"
207.46.204.209 - - [08/Mar/2012:13:21:08 -0800] "-" 400 0 "-" "-"
207.46.204.209 - - [08/Mar/2012:13:21:27 -0800] "-" 400 0 "-" "-"
85.17.88.169 - - [08/Mar/2012:13:23:26 -0800] "POST /blog/wp-cron.php?doing_wp_cron=1331241745 HTTP/1.0" 499 0 "-" "WordPress/3.3.1; http://yuvi.in/blog"
2.83.139.179 - - [08/Mar/2012:13:23:27 -0800] "GET /blog/my-vimrc/ HTTP/1.1" 200 15921 "-" "Mozilla/5.0 (compatible; Googlebot/2.1; +http://www.google.com/bot.html)"
67.188.133.158 - - [08/Mar/2012:13:24:24 -0800] "GET / HTTP/1.1" 200 1430 "-" "Reeder/1.5.4 CFNetwork/548.0.4 Darwin/11.0.0"
67.188.133.158 - - [08/Mar/2012:13:24:24 -0800] "GET /favicon.ico HTTP/1.1" 404 142 "-" "Reeder/1.5.4 CFNetwork/548.0.4 Darwin/11.0.0"
67.188.133.158 - - [08/Mar/2012:13:24:24 -0800] "GET / HTTP/1.1" 200 1430 "-" "Reeder/1.5.4 CFNetwork/548.0.4 Darwin/11.0.0"
67.188.133.158 - - [08/Mar/2012:13:24:24 -0800] "GET /apple-touch-icon.png HTTP/1.1" 404 142 "-" "Reeder/1.5.4 CFNetwork/548.0.4 Darwin/11.0.0"
67.188.133.158 - - [08/Mar/2012:13:24:24 -0800] "GET /apple-touch-icon-precomposed.png HTTP/1.1" 404 142 "-" "Reeder/1.5.4 CFNetwork/548.0.4 Darwin/11.0.0"
189.79.32.84 - - [08/Mar/2012:13:27:20 -0800] "GET /blog/ HTTP/1.1" 200 33230 "-" "Mozilla/5.0 (compatible; Googlebot/2.1; +http://www.google.com/bot.html)"
85.17.88.169 - - [08/Mar/2012:13:29:02 -0800] "POST /blog/wp-cron.php?doing_wp_cron=1331242081 HTTP/1.0" 499 0 "-" "WordPress/3.3.1; http://yuvi.in/blog"
177.64.128.244 - - [08/Mar/2012:13:29:03 -0800] "GET /blog/what-stop-child-athiest/ HTTP/1.1" 200 21013 "-" "Mozilla/5.0 (compatible; Googlebot/2.1; +http://www.google.com/bot.html)"
85.17.88.169 - - [08/Mar/2012:13:31:22 -0800] "POST /blog/wp-cron.php?doing_wp_cron=1331242221 HTTP/1.0" 200 0 "-" "WordPress/3.3.1; http://yuvi.in/blog"
209.85.224.88 - - [08/Mar/2012:13:31:22 -0800] "GET /blog/feed HTTP/1.1" 304 0 "-" "FeedBurner/1.0 (http://www.FeedBurner.com)"
14.97.226.238 - - [08/Mar/2012:13:32:15 -0800] "-" 400 0 "-" "-"
14.97.226.238 - - [08/Mar/2012:13:32:15 -0800] "-" 400 0 "-" "-"
85.17.88.169 - - [08/Mar/2012:13:35:15 -0800] "POST /blog/wp-cron.php?doing_wp_cron=1331242454 HTTP/1.0" 499 0 "-" "WordPress/3.3.1; http://yuvi.in/blog"
208.79.212.82 - - [08/Mar/2012:13:35:15 -0800] "GET /blog/my-vimrc/feed/ HTTP/1.1" 304 0 "-" "BoardReader/1.0 (http://boardreader.com/info/robots.htm)-CommentCrawler5"
157.55.112.206 - - [08/Mar/2012:13:37:09 -0800] "-" 400 0 "-" "-"
157.55.112.206 - - [08/Mar/2012:13:37:11 -0800] "-" 400 0 "-" "-"
157.55.112.206 - - [08/Mar/2012:13:37:11 -0800] "-" 400 0 "-" "-"
157.55.112.206 - - [08/Mar/2012:13:37:11 -0800] "-" 400 0 "-" "-"
157.55.112.206 - - [08/Mar/2012:13:37:15 -0800] "-" 400 0 "-" "-"
157.55.112.206 - - [08/Mar/2012:13:37:15 -0800] "-" 400 0 "-" "-"
157.55.112.206 - - [08/Mar/2012:13:37:15 -0800] "-" 400 0 "-" "-"
157.55.112.206 - - [08/Mar/2012:13:37:15 -0800] "-" 400 0 "-" "-"
157.55.112.206 - - [08/Mar/2012:13:37:16 -0800] "-" 400 0 "-" "-"
157.55.112.206 - - [08/Mar/2012:13:37:20 -0800] "-" 400 0 "-" "-"
157.55.112.206 - - [08/Mar/2012:13:37:56 -0800] "-" 400 0 "-" "-"
209.85.228.93 - - [08/Mar/2012:13:38:12 -0800] "GET /favicon.ico HTTP/1.1" 404 142 "-" "-"
157.55.112.206 - - [08/Mar/2012:13:38:41 -0800] "-" 400 0 "-" "-"
157.55.112.206 - - [08/Mar/2012:13:38:46 -0800] "-" 400 0 "-" "-"
157.55.112.206 - - [08/Mar/2012:13:38:47 -0800] "-" 400 0 "-" "-"
157.55.112.206 - - [08/Mar/2012:13:38:48 -0800] "-" 400 0 "-" "-"
157.55.112.206 - - [08/Mar/2012:13:38:48 -0800] "-" 400 0 "-" "-"
157.55.112.206 - - [08/Mar/2012:13:38:51 -0800] "-" 400 0 "-" "-"
157.55.112.206 - - [08/Mar/2012:13:38:52 -0800] "-" 400 0 "-" "-"
157.55.112.206 - - [08/Mar/2012:13:38:54 -0800] "-" 400 0 "-" "-"
157.55.112.206 - - [08/Mar/2012:13:38:56 -0800] "-" 400 0 "-" "-"
157.55.112.206 - - [08/Mar/2012:13:38:56 -0800] "-" 400 0 "-" "-"
157.55.112.206 - - [08/Mar/2012:13:39:17 -0800] "-" 400 0 "-" "-"
209.85.224.80 - - [08/Mar/2012:13:39:59 -0800] "GET /stories/feed HTTP/1.1" 200 13653 "-" "FeedBurner/1.0 (http://www.FeedBurner.com)"
207.46.12.76 - - [08/Mar/2012:13:40:03 -0800] "-" 400 0 "-" "-"
207.46.12.76 - - [08/Mar/2012:13:40:06 -0800] "-" 400 0 "-" "-"
207.46.12.76 - - [08/Mar/2012:13:40:09 -0800] "-" 400 0 "-" "-"
207.46.12.76 - - [08/Mar/2012:13:40:09 -0800] "-" 400 0 "-" "-"
207.46.12.76 - - [08/Mar/2012:13:40:10 -0800] "-" 400 0 "-" "-"
207.46.12.76 - - [08/Mar/2012:13:40:10 -0800] "-" 400 0 "-" "-"
207.46.12.76 - - [08/Mar/2012:13:40:12 -0800] "-" 400 0 "-" "-"
207.46.12.76 - - [08/Mar/2012:13:40:12 -0800] "-" 400 0 "-" "-"
207.46.12.76 - - [08/Mar/2012:13:40:12 -0800] "-" 400 0 "-" "-"
207.46.12.76 - - [08/Mar/2012:13:40:13 -0800] "-" 400 0 "-" "-"
85.17.88.169 - - [08/Mar/2012:13:42:10 -0800] "POST /blog/wp-cron.php?doing_wp_cron=1331242868 HTTP/1.0" 499 0 "-" "WordPress/3.3.1; http://yuvi.in/blog"
81.44.205.135 - - [08/Mar/2012:13:42:10 -0800] "GET /blog/my-vimrc/ HTTP/1.1" 200 15921 "-" "Mozilla/5.0 (compatible; Googlebot/2.1; +http://www.google.com/bot.html)"
66.249.71.116 - - [08/Mar/2012:13:44:53 -0800] "GET /r/2tl6 HTTP/1.1" 301 257 "-" "Mozilla/5.0 (compatible; Googlebot/2.1; +http://www.google.com/bot.html)"
66.249.71.116 - - [08/Mar/2012:13:44:54 -0800] "GET /s/ta/2tl6/ HTTP/1.1" 302 509 "-" "Mozilla/5.0 (compatible; Googlebot/2.1; +http://www.google.com/bot.html)"
85.17.88.169 - - [08/Mar/2012:13:46:27 -0800] "POST /blog/wp-cron.php?doing_wp_cron=1331243125 HTTP/1.0" 499 0 "-" "WordPress/3.3.1; http://yuvi.in/blog"
100.43.83.144 - - [08/Mar/2012:13:46:27 -0800] "GET /blog/samsung-n210-review/ HTTP/1.1" 200 5594 "-" "Mozilla/5.0 (compatible; YandexBot/3.0; +http://yandex.com/bots)"
180.153.227.47 - - [08/Mar/2012:13:47:31 -0800] "GET /blueprint/print.css HTTP/1.1" 200 1284 "http://yuvi.in/" "Mozilla/4.0 (compatible; MSIE 6.0; Windows NT 5.1; SV1)"
82.33.181.60 - - [08/Mar/2012:13:50:09 -0800] "GET /robots.txt HTTP/1.0" 404 169 "-" "Mozilla/5.0 (compatible; MJ12bot/v1.4.2; http://www.majestic12.co.uk/bot.php?+)"
85.17.88.169 - - [08/Mar/2012:13:50:12 -0800] "POST /blog/wp-cron.php?doing_wp_cron=1331243351 HTTP/1.0" 499 0 "-" "WordPress/3.3.1; http://yuvi.in/blog"
82.33.181.60 - - [08/Mar/2012:13:50:13 -0800] "GET /blog/non-ascii-characters-http-headers HTTP/1.0" 301 0 "-" "Mozilla/5.0 (compatible; MJ12bot/v1.4.2; http://www.majestic12.co.uk/bot.php?+)"
85.17.88.169 - - [08/Mar/2012:13:50:16 -0800] "POST /blog/wp-cron.php?doing_wp_cron=1331243355 HTTP/1.0" 499 0 "-" "WordPress/3.3.1; http://yuvi.in/blog"
82.33.181.60 - - [08/Mar/2012:13:50:17 -0800] "GET /blog/non-ascii-characters-http-headers/ HTTP/1.0" 200 18342 "-" "Mozilla/5.0 (compatible; MJ12bot/v1.4.2; http://www.majestic12.co.uk/bot.php?+)"
85.17.88.169 - - [08/Mar/2012:13:50:20 -0800] "POST /blog/wp-cron.php?doing_wp_cron=1331243359 HTTP/1.0" 499 0 "-" "WordPress/3.3.1; http://yuvi.in/blog"
82.33.181.60 - - [08/Mar/2012:13:50:21 -0800] "GET /blog/programmer-run-code-head HTTP/1.0" 301 0 "-" "Mozilla/5.0 (compatible; MJ12bot/v1.4.2; http://www.majestic12.co.uk/bot.php?+)"
85.17.88.169 - - [08/Mar/2012:13:50:24 -0800] "POST /blog/wp-cron.php?doing_wp_cron=1331243363 HTTP/1.0" 499 0 "-" "WordPress/3.3.1; http://yuvi.in/blog"
82.33.181.60 - - [08/Mar/2012:13:50:25 -0800] "GET /blog/programmer-run-code-head/ HTTP/1.0" 200 17985 "-" "Mozilla/5.0 (compatible; MJ12bot/v1.4.2; http://www.majestic12.co.uk/bot.php?+)"
85.17.88.169 - - [08/Mar/2012:13:50:55 -0800] "POST /blog/wp-cron.php?doing_wp_cron=1331243394 HTTP/1.0" 499 0 "-" "WordPress/3.3.1; http://yuvi.in/blog"
