67.215.230.27 - - [25/Mar/2012:22:46:28 -0700] "GET /robots.txt HTTP/1.0" 404 169 "-" "Setooz/Nutch-1.2 (http://www.setooz.com)"
67.215.230.27 - - [25/Mar/2012:22:46:28 -0700] "GET / HTTP/1.0" 200 3439 "-" "Setooz/Nutch-1.2 (http://www.setooz.com)"
67.215.230.27 - - [25/Mar/2012:22:46:32 -0700] "GET /robots.txt HTTP/1.0" 404 169 "-" "Setooz/Nutch-1.2 (http://www.setooz.com)"
67.215.230.27 - - [25/Mar/2012:22:46:32 -0700] "GET /stories HTTP/1.0" 301 185 "-" "Setooz/Nutch-1.2 (http://www.setooz.com)"
85.17.88.169 - - [25/Mar/2012:22:47:00 -0700] "POST /blog/wp-cron.php?doing_wp_cron=1332740620 HTTP/1.0" 499 0 "-" "WordPress/3.3.1; http://yuvi.in/blog"
209.85.224.86 - - [25/Mar/2012:22:47:00 -0700] "GET /blog/feed HTTP/1.1" 304 0 "-" "FeedBurner/1.0 (http://www.FeedBurner.com)"
122.165.70.195 - - [25/Mar/2012:22:47:30 -0700] "-" 400 0 "-" "-"
69.171.224.245 - - [25/Mar/2012:22:49:02 -0700] "GET /r/1eg5 HTTP/1.1" 301 257 "-" "facebookexternalhit/1.1 (+http://www.facebook.com/externalhit_uatext.php)"
69.171.224.250 - - [25/Mar/2012:22:49:02 -0700] "GET /s/ta/1eg5/ HTTP/1.1" 302 337 "-" "facebookexternalhit/1.1 (+http://www.facebook.com/externalhit_uatext.php)"
207.46.12.249 - - [25/Mar/2012:22:49:13 -0700] "-" 400 0 "-" "-"
207.46.12.249 - - [25/Mar/2012:22:49:13 -0700] "-" 400 0 "-" "-"
207.46.12.249 - - [25/Mar/2012:22:49:14 -0700] "-" 400 0 "-" "-"
207.46.12.249 - - [25/Mar/2012:22:49:16 -0700] "-" 400 0 "-" "-"
207.46.12.249 - - [25/Mar/2012:22:49:16 -0700] "-" 400 0 "-" "-"
207.46.12.249 - - [25/Mar/2012:22:49:16 -0700] "-" 400 0 "-" "-"
207.46.12.249 - - [25/Mar/2012:22:49:16 -0700] "-" 400 0 "-" "-"
207.46.12.249 - - [25/Mar/2012:22:49:17 -0700] "-" 400 0 "-" "-"
207.46.12.249 - - [25/Mar/2012:22:49:17 -0700] "-" 400 0 "-" "-"
207.46.12.249 - - [25/Mar/2012:22:49:18 -0700] "-" 400 0 "-" "-"
207.46.12.249 - - [25/Mar/2012:22:49:18 -0700] "-" 400 0 "-" "-"
207.46.12.249 - - [25/Mar/2012:22:49:19 -0700] "-" 400 0 "-" "-"
141.0.10.137 - - [25/Mar/2012:22:49:41 -0700] "-" 400 0 "-" "-"
141.0.10.137 - - [25/Mar/2012:22:49:41 -0700] "-" 400 0 "-" "-"
141.0.10.137 - - [25/Mar/2012:22:49:41 -0700] "-" 400 0 "-" "-"
207.46.12.249 - - [25/Mar/2012:22:50:01 -0700] "-" 400 0 "-" "-"
115.248.76.137 - - [25/Mar/2012:22:50:10 -0700] "GET /r/16sx HTTP/1.1" 301 257 "http://ta.wikipedia.org/wiki/%E0%AE%AA%E0%AF%86%E0%AE%B0%E0%AF%8D%E0%AE%AE%E0%AF%81%E0%AE%9F%E0%AE%BE_%E0%AE%AE%E0%AF%81%E0%AE%95%E0%AF%8D%E0%AE%95%E0%AF%8B%E0%AE%A3%E0%AE%AE%E0%AF%8D" "Mozilla/5.0 (Windows NT 6.1) AppleWebKit/535.11 (KHTML, like Gecko) Chrome/17.0.963.79 Safari/535.11"
115.248.76.137 - - [25/Mar/2012:22:50:12 -0700] "GET /s/ta/16sx/ HTTP/1.1" 302 473 "http://ta.wikipedia.org/wiki/%E0%AE%AA%E0%AF%86%E0%AE%B0%E0%AF%8D%E0%AE%AE%E0%AF%81%E0%AE%9F%E0%AE%BE_%E0%AE%AE%E0%AF%81%E0%AE%95%E0%AF%8D%E0%AE%95%E0%AF%8B%E0%AE%A3%E0%AE%AE%E0%AF%8D" "Mozilla/5.0 (Windows NT 6.1) AppleWebKit/535.11 (KHTML, like Gecko) Chrome/17.0.963.79 Safari/535.11"
223.236.116.89 - - [25/Mar/2012:22:50:33 -0700] "-" 400 0 "-" "-"
223.236.116.89 - - [25/Mar/2012:22:50:49 -0700] "-" 400 0 "-" "-"
65.52.104.20 - - [25/Mar/2012:22:51:56 -0700] "GET /blog/block-cursor-vs-post-cursor-gvim-vs-emacs.html HTTP/1.1" 304 0 "-" "Mozilla/5.0 (compatible; bingbot/2.0; +http://www.bing.com/bingbot.htm)"
85.17.88.169 - - [25/Mar/2012:22:52:46 -0700] "POST /blog/wp-cron.php?doing_wp_cron=1332740966 HTTP/1.0" 499 0 "-" "WordPress/3.3.1; http://yuvi.in/blog"
180.76.5.141 - - [25/Mar/2012:22:52:46 -0700] "GET /blog/more-effects-for-cheese/ HTTP/1.1" 200 4511 "-" "Mozilla/5.0 (compatible; Baiduspider/2.0; +http://www.baidu.com/search/spider.html)"
207.46.12.245 - - [25/Mar/2012:22:53:05 -0700] "-" 400 0 "-" "-"
207.46.12.245 - - [25/Mar/2012:22:53:05 -0700] "-" 400 0 "-" "-"
207.46.12.245 - - [25/Mar/2012:22:53:05 -0700] "-" 400 0 "-" "-"
207.46.12.245 - - [25/Mar/2012:22:53:11 -0700] "-" 400 0 "-" "-"
207.46.12.245 - - [25/Mar/2012:22:53:12 -0700] "-" 400 0 "-" "-"
207.46.12.245 - - [25/Mar/2012:22:53:12 -0700] "-" 400 0 "-" "-"
207.46.12.245 - - [25/Mar/2012:22:53:12 -0700] "-" 400 0 "-" "-"
207.46.12.245 - - [25/Mar/2012:22:53:13 -0700] "-" 400 0 "-" "-"
207.46.12.245 - - [25/Mar/2012:22:53:14 -0700] "-" 400 0 "-" "-"
207.46.12.245 - - [25/Mar/2012:22:53:14 -0700] "-" 400 0 "-" "-"
207.46.12.245 - - [25/Mar/2012:22:53:15 -0700] "-" 400 0 "-" "-"
207.46.12.245 - - [25/Mar/2012:22:53:16 -0700] "-" 400 0 "-" "-"
71.204.170.75 - - [25/Mar/2012:22:53:27 -0700] "GET /favicon.ico HTTP/1.1" 404 199 "-" "Mozilla/5.0 (Macintosh; Intel Mac OS X 10_6_8) AppleWebKit/535.11 (KHTML, like Gecko) Chrome/17.0.963.83 Safari/535.11"
71.204.170.75 - - [25/Mar/2012:22:53:29 -0700] "GET /blog HTTP/1.1" 301 178 "http://yuvi.in/" "Mozilla/5.0 (Macintosh; Intel Mac OS X 10_6_8) AppleWebKit/535.11 (KHTML, like Gecko) Chrome/17.0.963.83 Safari/535.11"
85.17.88.169 - - [25/Mar/2012:22:53:30 -0700] "POST /blog/wp-cron.php?doing_wp_cron=1332741011 HTTP/1.0" 499 0 "-" "WordPress/3.3.1; http://yuvi.in/blog"
71.204.170.75 - - [25/Mar/2012:22:53:31 -0700] "GET /blog/ HTTP/1.1" 200 9194 "http://yuvi.in/" "Mozilla/5.0 (Macintosh; Intel Mac OS X 10_6_8) AppleWebKit/535.11 (KHTML, like Gecko) Chrome/17.0.963.83 Safari/535.11"
71.204.170.75 - - [25/Mar/2012:22:53:31 -0700] "GET /blog/wp-content/themes/cleanr/js/jquery.dropdown.js?ver=3.3.1 HTTP/1.1" 200 535 "http://yuvi.in/blog/" "Mozilla/5.0 (Macintosh; Intel Mac OS X 10_6_8) AppleWebKit/535.11 (KHTML, like Gecko) Chrome/17.0.963.83 Safari/535.11"
71.204.170.75 - - [25/Mar/2012:22:53:31 -0700] "GET /blog/wp-content/themes/cleanr/style.css HTTP/1.1" 200 10508 "http://yuvi.in/blog/" "Mozilla/5.0 (Macintosh; Intel Mac OS X 10_6_8) AppleWebKit/535.11 (KHTML, like Gecko) Chrome/17.0.963.83 Safari/535.11"
71.204.170.75 - - [25/Mar/2012:22:53:31 -0700] "GET /blog/wp-content/themes/cleanr/css/reset.css HTTP/1.1" 200 648 "http://yuvi.in/blog/" "Mozilla/5.0 (Macintosh; Intel Mac OS X 10_6_8) AppleWebKit/535.11 (KHTML, like Gecko) Chrome/17.0.963.83 Safari/535.11"
71.204.170.75 - - [25/Mar/2012:22:53:31 -0700] "GET /blog/wp-content/themes/cleanr/css/text.css HTTP/1.1" 200 420 "http://yuvi.in/blog/" "Mozilla/5.0 (Macintosh; Intel Mac OS X 10_6_8) AppleWebKit/535.11 (KHTML, like Gecko) Chrome/17.0.963.83 Safari/535.11"
71.204.170.75 - - [25/Mar/2012:22:53:31 -0700] "GET /blog/wp-content/themes/cleanr/css/960.css HTTP/1.1" 200 3628 "http://yuvi.in/blog/" "Mozilla/5.0 (Macintosh; Intel Mac OS X 10_6_8) AppleWebKit/535.11 (KHTML, like Gecko) Chrome/17.0.963.83 Safari/535.11"
71.204.170.75 - - [25/Mar/2012:22:53:32 -0700] "GET /blog/wp-includes/js/jquery/jquery.js?ver=1.7.1 HTTP/1.1" 200 93889 "http://yuvi.in/blog/" "Mozilla/5.0 (Macintosh; Intel Mac OS X 10_6_8) AppleWebKit/535.11 (KHTML, like Gecko) Chrome/17.0.963.83 Safari/535.11"
71.204.170.75 - - [25/Mar/2012:22:53:32 -0700] "GET /blog/wp-content/themes/cleanr/images/search_magnifier.gif HTTP/1.1" 200 394 "http://yuvi.in/blog/" "Mozilla/5.0 (Macintosh; Intel Mac OS X 10_6_8) AppleWebKit/535.11 (KHTML, like Gecko) Chrome/17.0.963.83 Safari/535.11"
71.204.170.75 - - [25/Mar/2012:22:53:32 -0700] "GET /favicon.ico HTTP/1.1" 404 199 "-" "Mozilla/5.0 (Macintosh; Intel Mac OS X 10_6_8) AppleWebKit/535.11 (KHTML, like Gecko) Chrome/17.0.963.83 Safari/535.11"
71.204.170.75 - - [25/Mar/2012:22:53:38 -0700] "GET /favicon.ico HTTP/1.1" 404 199 "-" "Mozilla/5.0 (Macintosh; Intel Mac OS X 10_6_8) AppleWebKit/535.11 (KHTML, like Gecko) Chrome/17.0.963.83 Safari/535.11"
71.204.170.75 - - [25/Mar/2012:22:53:56 -0700] "-" 400 0 "-" "-"
71.204.170.75 - - [25/Mar/2012:22:53:56 -0700] "-" 400 0 "-" "-"
207.46.12.245 - - [25/Mar/2012:22:53:59 -0700] "-" 400 0 "-" "-"
66.249.68.52 - - [25/Mar/2012:22:54:26 -0700] "GET /r/160t HTTP/1.1" 301 257 "-" "Mozilla/5.0 (compatible; Googlebot/2.1; +http://www.google.com/bot.html)"
66.249.68.52 - - [25/Mar/2012:22:54:28 -0700] "GET /s/ta/160t/ HTTP/1.1" 302 337 "-" "Mozilla/5.0 (compatible; Googlebot/2.1; +http://www.google.com/bot.html)"
66.249.68.52 - - [25/Mar/2012:22:55:05 -0700] "GET /r/v66 HTTP/1.1" 301 255 "-" "Mozilla/5.0 (compatible; Googlebot/2.1; +http://www.google.com/bot.html)"
66.249.68.52 - - [25/Mar/2012:22:55:05 -0700] "GET /s/ta/v66/ HTTP/1.1" 302 437 "-" "Mozilla/5.0 (compatible; Googlebot/2.1; +http://www.google.com/bot.html)"
66.249.68.52 - - [25/Mar/2012:22:57:49 -0700] "GET /robots.txt HTTP/1.1" 404 211 "-" "Mozilla/5.0 (compatible; Googlebot/2.1; +http://www.google.com/bot.html)"
66.249.68.52 - - [25/Mar/2012:22:57:49 -0700] "GET /r/2rep HTTP/1.1" 301 257 "-" "Mozilla/5.0 (compatible; Googlebot/2.1; +http://www.google.com/bot.html)"
66.249.68.52 - - [25/Mar/2012:22:57:50 -0700] "GET /s/ta/2rep/ HTTP/1.1" 302 683 "-" "Mozilla/5.0 (compatible; Googlebot/2.1; +http://www.google.com/bot.html)"
74.125.126.99 - - [25/Mar/2012:22:58:07 -0700] "GET /favicon.ico HTTP/1.1" 404 142 "-" "-"
66.249.68.52 - - [25/Mar/2012:23:00:34 -0700] "GET /r/30kb HTTP/1.1" 301 257 "-" "Mozilla/5.0 (compatible; Googlebot/2.1; +http://www.google.com/bot.html)"
66.249.68.52 - - [25/Mar/2012:23:00:35 -0700] "GET /s/ta/30kb/ HTTP/1.1" 302 713 "-" "Mozilla/5.0 (compatible; Googlebot/2.1; +http://www.google.com/bot.html)"
74.125.126.88 - - [25/Mar/2012:23:00:48 -0700] "GET /favicon.ico HTTP/1.1" 404 211 "-" "-"
207.46.204.170 - - [25/Mar/2012:23:02:06 -0700] "-" 400 0 "-" "-"
207.46.204.170 - - [25/Mar/2012:23:02:06 -0700] "-" 400 0 "-" "-"
207.46.204.170 - - [25/Mar/2012:23:02:06 -0700] "-" 400 0 "-" "-"
207.46.204.170 - - [25/Mar/2012:23:02:07 -0700] "-" 400 0 "-" "-"
207.46.204.170 - - [25/Mar/2012:23:02:07 -0700] "-" 400 0 "-" "-"
207.46.204.170 - - [25/Mar/2012:23:02:07 -0700] "-" 400 0 "-" "-"
207.46.204.170 - - [25/Mar/2012:23:02:07 -0700] "-" 400 0 "-" "-"
207.46.204.170 - - [25/Mar/2012:23:02:07 -0700] "-" 400 0 "-" "-"
207.46.204.170 - - [25/Mar/2012:23:02:42 -0700] "-" 400 0 "-" "-"
207.46.204.170 - - [25/Mar/2012:23:02:42 -0700] "-" 400 0 "-" "-"
207.46.204.170 - - [25/Mar/2012:23:02:42 -0700] "-" 400 0 "-" "-"
14.96.0.219 - - [25/Mar/2012:23:02:59 -0700] "-" 400 0 "-" "-"
66.249.68.52 - - [25/Mar/2012:23:03:18 -0700] "GET /r/2wxx HTTP/1.1" 301 257 "-" "Mozilla/5.0 (compatible; Googlebot/2.1; +http://www.google.com/bot.html)"
66.249.68.52 - - [25/Mar/2012:23:03:19 -0700] "GET /s/ta/2wxx/ HTTP/1.1" 302 477 "-" "Mozilla/5.0 (compatible; Googlebot/2.1; +http://www.google.com/bot.html)"
85.17.88.169 - - [25/Mar/2012:23:05:07 -0700] "POST /blog/wp-cron.php?doing_wp_cron=1332741707 HTTP/1.0" 499 0 "-" "WordPress/3.3.1; http://yuvi.in/blog"
208.115.113.84 - - [25/Mar/2012:23:05:07 -0700] "GET /blog/2010-the-beginning-the-bicycle-ride-and-external-dependencies/ HTTP/1.1" 200 17420 "-" "Mozilla/5.0 (compatible; Ezooms/1.0; ezooms.bot@gmail.com)"
85.17.88.169 - - [25/Mar/2012:23:05:17 -0700] "POST /blog/wp-cron.php?doing_wp_cron=1332741717 HTTP/1.0" 499 0 "-" "WordPress/3.3.1; http://yuvi.in/blog"
208.115.113.84 - - [25/Mar/2012:23:05:17 -0700] "GET /blog/enthusiastic-teachers-and-naive-implementation-of-gauss-seidel-approximations/trackback/ HTTP/1.1" 302 0 "-" "Mozilla/5.0 (compatible; Ezooms/1.0; ezooms.bot@gmail.com)"
85.17.88.169 - - [25/Mar/2012:23:05:22 -0700] "POST /blog/wp-cron.php?doing_wp_cron=1332741723 HTTP/1.0" 499 0 "-" "WordPress/3.3.1; http://yuvi.in/blog"
208.115.113.84 - - [25/Mar/2012:23:05:23 -0700] "GET /blog/tag/answers/ HTTP/1.1" 200 17022 "-" "Mozilla/5.0 (compatible; Ezooms/1.0; ezooms.bot@gmail.com)"
208.115.113.84 - - [25/Mar/2012:23:05:27 -0700] "GET /blog/tag/gstreamer.html HTTP/1.1" 200 5454 "-" "Mozilla/5.0 (compatible; Ezooms/1.0; ezooms.bot@gmail.com)"
85.17.88.169 - - [25/Mar/2012:23:05:31 -0700] "POST /blog/wp-cron.php?doing_wp_cron=1332741731 HTTP/1.0" 499 0 "-" "WordPress/3.3.1; http://yuvi.in/blog"
208.115.113.84 - - [25/Mar/2012:23:05:31 -0700] "GET /blog/what-i-lack/ HTTP/1.1" 200 16290 "-" "Mozilla/5.0 (compatible; Ezooms/1.0; ezooms.bot@gmail.com)"
66.249.68.52 - - [25/Mar/2012:23:06:02 -0700] "GET /s/ta/1g76/ HTTP/1.1" 302 625 "-" "Mozilla/5.0 (compatible; Googlebot/2.1; +http://www.google.com/bot.html)"
218.86.51.249 - - [25/Mar/2012:23:06:23 -0700] "GET /blog/ HTTP/1.0" 200 33162 "http://yuvi.in/blog/" "Mozilla/4.0 (compatible; MSIE 6.0; Windows NT 5.0; KTXN)"
59.92.6.230 - - [25/Mar/2012:23:06:25 -0700] "-" 400 0 "-" "-"
85.17.88.169 - - [25/Mar/2012:23:08:00 -0700] "POST /blog/wp-cron.php?doing_wp_cron=1332741881 HTTP/1.0" 499 0 "-" "WordPress/3.3.1; http://yuvi.in/blog"
209.85.238.115 - - [25/Mar/2012:23:08:01 -0700] "GET /blog/feed/ HTTP/1.1" 304 0 "-" "Feedfetcher-Google; (+http://www.google.com/feedfetcher.html; 18 subscribers; feed-id=15064232456473204253)"
66.249.68.52 - - [25/Mar/2012:23:08:46 -0700] "GET /s/ta/14ns/ HTTP/1.1" 302 385 "-" "Mozilla/5.0 (compatible; Googlebot/2.1; +http://www.google.com/bot.html)"
122.174.40.174 - - [25/Mar/2012:23:08:50 -0700] "-" 400 0 "-" "-"
117.213.78.167 - - [25/Mar/2012:23:09:21 -0700] "GET /r/32od HTTP/1.1" 301 257 "http://ta.wikipedia.org/wiki/%E0%AE%A8%E0%AF%80%E0%AE%B0%E0%AE%BF%E0%AE%B4%E0%AE%BF%E0%AE%B5%E0%AF%81_%E0%AE%A8%E0%AF%8B%E0%AE%AF%E0%AF%8D_(%E0%AE%87%E0%AE%B0%E0%AE%A3%E0%AF%8D%E0%AE%9F%E0%AE%BE%E0%AE%B5%E0%AE%A4%E0%AF%81_%E0%AE%B5%E0%AE%95%E0%AF%88)" "Mozilla/5.0 (Windows NT 5.1) AppleWebKit/535.11 (KHTML, like Gecko) Chrome/17.0.963.83 Safari/535.11"
117.213.78.167 - - [25/Mar/2012:23:09:21 -0700] "GET /s/ta/32od/ HTTP/1.1" 302 573 "http://ta.wikipedia.org/wiki/%E0%AE%A8%E0%AF%80%E0%AE%B0%E0%AE%BF%E0%AE%B4%E0%AE%BF%E0%AE%B5%E0%AF%81_%E0%AE%A8%E0%AF%8B%E0%AE%AF%E0%AF%8D_(%E0%AE%87%E0%AE%B0%E0%AE%A3%E0%AF%8D%E0%AE%9F%E0%AE%BE%E0%AE%B5%E0%AE%A4%E0%AF%81_%E0%AE%B5%E0%AE%95%E0%AF%88)" "Mozilla/5.0 (Windows NT 5.1) AppleWebKit/535.11 (KHTML, like Gecko) Chrome/17.0.963.83 Safari/535.11"
122.174.40.174 - - [25/Mar/2012:23:09:31 -0700] "-" 400 0 "-" "-"
117.213.78.167 - - [25/Mar/2012:23:09:31 -0700] "-" 400 0 "-" "-"
122.174.100.234 - - [25/Mar/2012:23:09:53 -0700] "-" 400 0 "-" "-"
122.164.32.248 - - [25/Mar/2012:23:10:57 -0700] "-" 400 0 "-" "-"
122.164.32.248 - - [25/Mar/2012:23:10:57 -0700] "-" 400 0 "-" "-"
122.164.32.248 - - [25/Mar/2012:23:10:57 -0700] "-" 400 0 "-" "-"
122.164.32.248 - - [25/Mar/2012:23:10:57 -0700] "-" 400 0 "-" "-"
122.164.32.248 - - [25/Mar/2012:23:10:57 -0700] "-" 400 0 "-" "-"
59.92.79.22 - - [25/Mar/2012:23:11:26 -0700] "-" 400 0 "-" "-"
66.249.68.52 - - [25/Mar/2012:23:11:31 -0700] "GET /r/2e47 HTTP/1.1" 301 257 "-" "Mozilla/5.0 (compatible; Googlebot/2.1; +http://www.google.com/bot.html)"
209.85.224.93 - - [25/Mar/2012:23:14:07 -0700] "GET /stories/feed HTTP/1.1" 200 13653 "-" "FeedBurner/1.0 (http://www.FeedBurner.com)"
85.17.88.169 - - [25/Mar/2012:23:14:12 -0700] "POST /blog/wp-cron.php?doing_wp_cron=1332742252 HTTP/1.0" 499 0 "-" "WordPress/3.3.1; http://yuvi.in/blog"
209.85.238.115 - - [25/Mar/2012:23:14:12 -0700] "GET /blog/feed HTTP/1.1" 301 0 "-" "Feedfetcher-Google; (+http://www.google.com/feedfetcher.html; 3 subscribers; feed-id=17684830852112633560)"
85.17.88.169 - - [25/Mar/2012:23:14:14 -0700] "POST /blog/wp-cron.php?doing_wp_cron=1332742255 HTTP/1.0" 499 0 "-" "WordPress/3.3.1; http://yuvi.in/blog"
209.85.238.115 - - [25/Mar/2012:23:14:14 -0700] "GET /blog/feed/ HTTP/1.1" 304 0 "-" "Feedfetcher-Google; (+http://www.google.com/feedfetcher.html; 3 subscribers; feed-id=17684830852112633560)"
66.249.68.52 - - [25/Mar/2012:23:14:15 -0700] "GET /s/ta/14yw/ HTTP/1.1" 302 729 "-" "Mozilla/5.0 (compatible; Googlebot/2.1; +http://www.google.com/bot.html)"
85.17.88.169 - - [25/Mar/2012:23:15:29 -0700] "POST /blog/wp-cron.php?doing_wp_cron=1332742330 HTTP/1.0" 499 0 "-" "WordPress/3.3.1; http://yuvi.in/blog"
101.226.33.180 - - [25/Mar/2012:23:15:30 -0700] "GET /blog/feed HTTP/1.0" 304 0 "-" "Mozilla/4.0 (compatible; Windows;)"
122.174.40.174 - - [25/Mar/2012:23:15:54 -0700] "-" 400 0 "-" "-"
66.249.68.52 - - [25/Mar/2012:23:17:00 -0700] "GET /r/2l7d HTTP/1.1" 301 257 "-" "Mozilla/5.0 (compatible; Googlebot/2.1; +http://www.google.com/bot.html)"
66.249.68.52 - - [25/Mar/2012:23:17:01 -0700] "GET /s/ta/2l7d/ HTTP/1.1" 302 425 "-" "Mozilla/5.0 (compatible; Googlebot/2.1; +http://www.google.com/bot.html)"
85.17.88.169 - - [25/Mar/2012:23:17:02 -0700] "POST /blog/wp-cron.php?doing_wp_cron=1332742423 HTTP/1.0" 499 0 "-" "WordPress/3.3.1; http://yuvi.in/blog"
209.85.224.99 - - [25/Mar/2012:23:17:03 -0700] "GET /blog/feed HTTP/1.1" 304 0 "-" "FeedBurner/1.0 (http://www.FeedBurner.com)"
59.92.6.230 - - [25/Mar/2012:23:17:39 -0700] "-" 400 0 "-" "-"
59.92.6.230 - - [25/Mar/2012:23:17:39 -0700] "-" 400 0 "-" "-"
59.92.6.230 - - [25/Mar/2012:23:17:39 -0700] "-" 400 0 "-" "-"
59.92.6.230 - - [25/Mar/2012:23:17:39 -0700] "-" 400 0 "-" "-"
59.92.6.230 - - [25/Mar/2012:23:17:39 -0700] "-" 400 0 "-" "-"
59.92.6.230 - - [25/Mar/2012:23:17:39 -0700] "-" 400 0 "-" "-"
85.17.88.169 - - [25/Mar/2012:23:17:41 -0700] "POST /blog/wp-cron.php?doing_wp_cron=1332742461 HTTP/1.0" 499 0 "-" "WordPress/3.3.1; http://yuvi.in/blog"
183.82.79.141 - - [25/Mar/2012:23:17:41 -0700] "GET /blog/feed/ HTTP/1.0" 304 0 "-" "FeedDemon/4.0 (http://www.feeddemon.com/; Microsoft Windows)"
122.164.246.174 - - [25/Mar/2012:23:18:37 -0700] "-" 400 0 "-" "-"
66.249.68.52 - - [25/Mar/2012:23:19:44 -0700] "GET /r/qmi HTTP/1.1" 301 255 "-" "Mozilla/5.0 (compatible; Googlebot/2.1; +http://www.google.com/bot.html)"
66.249.68.52 - - [25/Mar/2012:23:19:45 -0700] "GET /s/ta/qmi/ HTTP/1.1" 302 313 "-" "Mozilla/5.0 (compatible; Googlebot/2.1; +http://www.google.com/bot.html)"
100.43.83.144 - - [25/Mar/2012:23:20:38 -0700] "GET /blog/tag/devlog.html HTTP/1.1" 200 9944 "-" "Mozilla/5.0 (compatible; YandexBot/3.0; +http://yandex.com/bots)"
207.46.12.251 - - [25/Mar/2012:23:20:47 -0700] "-" 400 0 "-" "-"
207.46.12.251 - - [25/Mar/2012:23:20:47 -0700] "-" 400 0 "-" "-"
207.46.12.251 - - [25/Mar/2012:23:20:48 -0700] "-" 400 0 "-" "-"
207.46.12.251 - - [25/Mar/2012:23:20:48 -0700] "-" 400 0 "-" "-"
207.46.12.251 - - [25/Mar/2012:23:20:48 -0700] "-" 400 0 "-" "-"
207.46.12.251 - - [25/Mar/2012:23:20:48 -0700] "-" 400 0 "-" "-"
207.46.12.251 - - [25/Mar/2012:23:20:48 -0700] "-" 400 0 "-" "-"
207.46.12.251 - - [25/Mar/2012:23:20:48 -0700] "-" 400 0 "-" "-"
207.46.12.251 - - [25/Mar/2012:23:20:48 -0700] "-" 400 0 "-" "-"
117.193.79.175 - - [25/Mar/2012:23:22:21 -0700] "-" 400 0 "-" "-"
99.235.124.128 - - [25/Mar/2012:23:24:30 -0700] "GET / HTTP/1.1" 200 1430 "http://ha.ckers.in/" "Mozilla/5.0 (Macintosh; Intel Mac OS X 10_7_2) AppleWebKit/535.11 (KHTML, like Gecko) Chrome/17.0.963.83 Safari/535.11"
99.235.124.128 - - [25/Mar/2012:23:24:30 -0700] "GET /blueprint/screen.css HTTP/1.1" 200 12058 "http://yuvi.in/" "Mozilla/5.0 (Macintosh; Intel Mac OS X 10_7_2) AppleWebKit/535.11 (KHTML, like Gecko) Chrome/17.0.963.83 Safari/535.11"
99.235.124.128 - - [25/Mar/2012:23:24:30 -0700] "GET /blueprint/print.css HTTP/1.1" 200 1284 "http://yuvi.in/" "Mozilla/5.0 (Macintosh; Intel Mac OS X 10_7_2) AppleWebKit/535.11 (KHTML, like Gecko) Chrome/17.0.963.83 Safari/535.11"
99.235.124.128 - - [25/Mar/2012:23:24:30 -0700] "GET /header.png HTTP/1.1" 200 14249 "http://yuvi.in/" "Mozilla/5.0 (Macintosh; Intel Mac OS X 10_7_2) AppleWebKit/535.11 (KHTML, like Gecko) Chrome/17.0.963.83 Safari/535.11"
99.235.124.128 - - [25/Mar/2012:23:24:30 -0700] "GET /favicon.ico HTTP/1.1" 404 199 "-" "Mozilla/5.0 (Macintosh; Intel Mac OS X 10_7_2) AppleWebKit/535.11 (KHTML, like Gecko) Chrome/17.0.963.83 Safari/535.11"
99.235.124.128 - - [25/Mar/2012:23:24:36 -0700] "GET /stories HTTP/1.1" 301 185 "http://yuvi.in/" "Mozilla/5.0 (Macintosh; Intel Mac OS X 10_7_2) AppleWebKit/535.11 (KHTML, like Gecko) Chrome/17.0.963.83 Safari/535.11"
99.235.124.128 - - [25/Mar/2012:23:24:36 -0700] "GET /stories/ HTTP/1.1" 200 1271 "http://yuvi.in/" "Mozilla/5.0 (Macintosh; Intel Mac OS X 10_7_2) AppleWebKit/535.11 (KHTML, like Gecko) Chrome/17.0.963.83 Safari/535.11"
99.235.124.128 - - [25/Mar/2012:23:24:36 -0700] "GET /stories/static/style.css HTTP/1.1" 200 1274 "http://yuvi.in/stories/" "Mozilla/5.0 (Macintosh; Intel Mac OS X 10_7_2) AppleWebKit/535.11 (KHTML, like Gecko) Chrome/17.0.963.83 Safari/535.11"
99.235.124.128 - - [25/Mar/2012:23:24:36 -0700] "GET /stories/static/codehilite.css HTTP/1.1" 200 4012 "http://yuvi.in/stories/" "Mozilla/5.0 (Macintosh; Intel Mac OS X 10_7_2) AppleWebKit/535.11 (KHTML, like Gecko) Chrome/17.0.963.83 Safari/535.11"
99.235.124.128 - - [25/Mar/2012:23:24:36 -0700] "GET /favicon.ico HTTP/1.1" 404 199 "-" "Mozilla/5.0 (Macintosh; Intel Mac OS X 10_7_2) AppleWebKit/535.11 (KHTML, like Gecko) Chrome/17.0.963.83 Safari/535.11"
99.235.124.128 - - [25/Mar/2012:23:24:41 -0700] "GET /favicon.ico HTTP/1.1" 404 199 "-" "Mozilla/5.0 (Macintosh; Intel Mac OS X 10_7_2) AppleWebKit/535.11 (KHTML, like Gecko) Chrome/17.0.963.83 Safari/535.11"
99.235.124.128 - - [25/Mar/2012:23:24:48 -0700] "GET /blog HTTP/1.1" 301 178 "http://yuvi.in/" "Mozilla/5.0 (Macintosh; Intel Mac OS X 10_7_2) AppleWebKit/535.11 (KHTML, like Gecko) Chrome/17.0.963.83 Safari/535.11"
99.235.124.128 - - [25/Mar/2012:23:24:48 -0700] "GET /blog/ HTTP/1.1" 200 9194 "http://yuvi.in/" "Mozilla/5.0 (Macintosh; Intel Mac OS X 10_7_2) AppleWebKit/535.11 (KHTML, like Gecko) Chrome/17.0.963.83 Safari/535.11"
99.235.124.128 - - [25/Mar/2012:23:24:49 -0700] "GET /blog/wp-content/themes/cleanr/js/jquery.dropdown.js?ver=3.3.1 HTTP/1.1" 200 535 "http://yuvi.in/blog/" "Mozilla/5.0 (Macintosh; Intel Mac OS X 10_7_2) AppleWebKit/535.11 (KHTML, like Gecko) Chrome/17.0.963.83 Safari/535.11"
99.235.124.128 - - [25/Mar/2012:23:24:49 -0700] "GET /blog/wp-content/themes/cleanr/style.css HTTP/1.1" 200 10508 "http://yuvi.in/blog/" "Mozilla/5.0 (Macintosh; Intel Mac OS X 10_7_2) AppleWebKit/535.11 (KHTML, like Gecko) Chrome/17.0.963.83 Safari/535.11"
99.235.124.128 - - [25/Mar/2012:23:24:49 -0700] "GET /blog/wp-content/themes/cleanr/css/text.css HTTP/1.1" 200 420 "http://yuvi.in/blog/" "Mozilla/5.0 (Macintosh; Intel Mac OS X 10_7_2) AppleWebKit/535.11 (KHTML, like Gecko) Chrome/17.0.963.83 Safari/535.11"
99.235.124.128 - - [25/Mar/2012:23:24:49 -0700] "GET /blog/wp-content/themes/cleanr/css/960.css HTTP/1.1" 200 3628 "http://yuvi.in/blog/" "Mozilla/5.0 (Macintosh; Intel Mac OS X 10_7_2) AppleWebKit/535.11 (KHTML, like Gecko) Chrome/17.0.963.83 Safari/535.11"
99.235.124.128 - - [25/Mar/2012:23:24:49 -0700] "GET /blog/wp-content/themes/cleanr/css/reset.css HTTP/1.1" 200 648 "http://yuvi.in/blog/" "Mozilla/5.0 (Macintosh; Intel Mac OS X 10_7_2) AppleWebKit/535.11 (KHTML, like Gecko) Chrome/17.0.963.83 Safari/535.11"
99.235.124.128 - - [25/Mar/2012:23:24:49 -0700] "GET /blog/wp-includes/js/jquery/jquery.js?ver=1.7.1 HTTP/1.1" 200 93889 "http://yuvi.in/blog/" "Mozilla/5.0 (Macintosh; Intel Mac OS X 10_7_2) AppleWebKit/535.11 (KHTML, like Gecko) Chrome/17.0.963.83 Safari/535.11"
99.235.124.128 - - [25/Mar/2012:23:24:50 -0700] "GET /blog/wp-content/themes/cleanr/images/search_magnifier.gif HTTP/1.1" 200 394 "http://yuvi.in/blog/" "Mozilla/5.0 (Macintosh; Intel Mac OS X 10_7_2) AppleWebKit/535.11 (KHTML, like Gecko) Chrome/17.0.963.83 Safari/535.11"
99.235.124.128 - - [25/Mar/2012:23:24:50 -0700] "GET /favicon.ico HTTP/1.1" 404 199 "-" "Mozilla/5.0 (Macintosh; Intel Mac OS X 10_7_2) AppleWebKit/535.11 (KHTML, like Gecko) Chrome/17.0.963.83 Safari/535.11"
99.235.124.128 - - [25/Mar/2012:23:24:55 -0700] "-" 400 0 "-" "-"
99.235.124.128 - - [25/Mar/2012:23:25:10 -0700] "GET /favicon.ico HTTP/1.1" 404 199 "-" "Mozilla/5.0 (Macintosh; Intel Mac OS X 10_7_2) AppleWebKit/535.11 (KHTML, like Gecko) Chrome/17.0.963.83 Safari/535.11"
66.249.68.52 - - [25/Mar/2012:23:25:13 -0700] "GET /s/ta/2r8k/ HTTP/1.1" 302 373 "-" "Mozilla/5.0 (compatible; Googlebot/2.1; +http://www.google.com/bot.html)"
99.235.124.128 - - [25/Mar/2012:23:25:25 -0700] "-" 400 0 "-" "-"
99.235.124.128 - - [25/Mar/2012:23:25:25 -0700] "-" 400 0 "-" "-"
117.193.75.108 - - [25/Mar/2012:23:26:26 -0700] "-" 400 0 "-" "-"
59.92.40.62 - - [25/Mar/2012:23:26:41 -0700] "-" 400 0 "-" "-"
59.92.40.62 - - [25/Mar/2012:23:26:41 -0700] "-" 400 0 "-" "-"
59.92.40.62 - - [25/Mar/2012:23:26:41 -0700] "-" 400 0 "-" "-"
59.92.40.62 - - [25/Mar/2012:23:26:41 -0700] "-" 400 0 "-" "-"
50.19.25.234 - - [25/Mar/2012:23:27:27 -0700] "GET /blog/infosys-tcs-or-wipro-none/ HTTP/1.1" 200 7089 "-" "Mozilla/5.0 (Macintosh; U; Intel Mac OS X 10.6; en-US; rv:1.9.2) Gecko/20100115 Firefox/3.6 (FlipboardProxy/1.1; +http://flipboard.com/browserproxy)"
85.17.88.169 - - [25/Mar/2012:23:27:27 -0700] "POST /blog/wp-cron.php?doing_wp_cron=1332743048 HTTP/1.0" 499 0 "-" "WordPress/3.3.1; http://yuvi.in/blog"
85.17.88.169 - - [25/Mar/2012:23:27:27 -0700] "POST /blog/wp-cron.php?doing_wp_cron=1332743048 HTTP/1.0" 499 0 "-" "WordPress/3.3.1; http://yuvi.in/blog"
50.17.118.169 - - [25/Mar/2012:23:27:27 -0700] "GET /blog/3-reasons-people-join-it-companies/ HTTP/1.1" 200 5065 "-" "Mozilla/5.0 (Macintosh; U; Intel Mac OS X 10.6; en-US; rv:1.9.2) Gecko/20100115 Firefox/3.6 (FlipboardProxy/1.1; +http://flipboard.com/browserproxy)"
184.73.121.22 - - [25/Mar/2012:23:27:28 -0700] "GET /blog/belated-samsung-galaxy-3-review/ HTTP/1.1" 200 6120 "-" "Mozilla/5.0 (Macintosh; U; Intel Mac OS X 10.6; en-US; rv:1.9.2) Gecko/20100115 Firefox/3.6 (FlipboardProxy/1.1; +http://flipboard.com/browserproxy)"
66.249.68.52 - - [25/Mar/2012:23:27:57 -0700] "GET /s/ta/2g6x/ HTTP/1.1" 302 757 "-" "Mozilla/5.0 (compatible; Googlebot/2.1; +http://www.google.com/bot.html)"
59.92.40.62 - - [25/Mar/2012:23:28:01 -0700] "-" 400 0 "-" "-"
207.46.204.218 - - [25/Mar/2012:23:30:06 -0700] "-" 400 0 "-" "-"
207.46.204.218 - - [25/Mar/2012:23:30:07 -0700] "-" 400 0 "-" "-"
207.46.204.218 - - [25/Mar/2012:23:30:07 -0700] "-" 400 0 "-" "-"
207.46.204.218 - - [25/Mar/2012:23:30:07 -0700] "-" 400 0 "-" "-"
207.46.204.218 - - [25/Mar/2012:23:30:09 -0700] "-" 400 0 "-" "-"
207.46.204.218 - - [25/Mar/2012:23:30:10 -0700] "-" 400 0 "-" "-"
207.46.204.218 - - [25/Mar/2012:23:30:10 -0700] "-" 400 0 "-" "-"
207.46.204.218 - - [25/Mar/2012:23:30:10 -0700] "-" 400 0 "-" "-"
207.46.204.218 - - [25/Mar/2012:23:30:10 -0700] "-" 400 0 "-" "-"
207.46.204.218 - - [25/Mar/2012:23:30:10 -0700] "-" 400 0 "-" "-"
207.46.204.218 - - [25/Mar/2012:23:31:01 -0700] "-" 400 0 "-" "-"
59.90.2.84 - - [25/Mar/2012:23:31:29 -0700] "-" 400 0 "-" "-"
66.249.68.52 - - [25/Mar/2012:23:33:26 -0700] "GET /s/ta/2xjj/ HTTP/1.1" 302 385 "-" "Mozilla/5.0 (compatible; Googlebot/2.1; +http://www.google.com/bot.html)"
69.171.230.249 - - [25/Mar/2012:23:35:20 -0700] "GET /r/fmf HTTP/1.1" 301 255 "-" "facebookexternalhit/1.1 (+http://www.facebook.com/externalhit_uatext.php)"
69.171.230.245 - - [25/Mar/2012:23:35:21 -0700] "GET /s/ta/fmf/ HTTP/1.1" 302 349 "-" "facebookexternalhit/1.1 (+http://www.facebook.com/externalhit_uatext.php)"
207.46.12.252 - - [25/Mar/2012:23:35:49 -0700] "-" 400 0 "-" "-"
207.46.12.252 - - [25/Mar/2012:23:35:49 -0700] "-" 400 0 "-" "-"
207.46.12.252 - - [25/Mar/2012:23:35:49 -0700] "-" 400 0 "-" "-"
207.46.12.252 - - [25/Mar/2012:23:35:53 -0700] "-" 400 0 "-" "-"
207.46.12.252 - - [25/Mar/2012:23:35:54 -0700] "-" 400 0 "-" "-"
207.46.12.252 - - [25/Mar/2012:23:35:55 -0700] "-" 400 0 "-" "-"
207.46.12.252 - - [25/Mar/2012:23:35:55 -0700] "-" 400 0 "-" "-"
207.46.12.252 - - [25/Mar/2012:23:35:55 -0700] "-" 400 0 "-" "-"
207.46.12.252 - - [25/Mar/2012:23:35:56 -0700] "-" 400 0 "-" "-"
207.46.12.252 - - [25/Mar/2012:23:35:56 -0700] "-" 400 0 "-" "-"
207.46.12.252 - - [25/Mar/2012:23:35:56 -0700] "-" 400 0 "-" "-"
207.46.12.252 - - [25/Mar/2012:23:35:56 -0700] "-" 400 0 "-" "-"
207.46.12.252 - - [25/Mar/2012:23:36:54 -0700] "-" 400 0 "-" "-"
59.92.40.62 - - [25/Mar/2012:23:37:50 -0700] "-" 400 0 "-" "-"
59.92.40.62 - - [25/Mar/2012:23:37:50 -0700] "-" 400 0 "-" "-"
59.92.40.62 - - [25/Mar/2012:23:37:50 -0700] "-" 400 0 "-" "-"
59.92.40.62 - - [25/Mar/2012:23:37:50 -0700] "-" 400 0 "-" "-"
59.90.247.164 - - [25/Mar/2012:23:37:50 -0700] "-" 400 0 "-" "-"
59.90.247.164 - - [25/Mar/2012:23:38:11 -0700] "-" 400 0 "-" "-"
59.92.40.62 - - [25/Mar/2012:23:38:20 -0700] "-" 400 0 "-" "-"
59.92.40.62 - - [25/Mar/2012:23:38:20 -0700] "-" 400 0 "-" "-"
59.92.40.62 - - [25/Mar/2012:23:38:20 -0700] "-" 400 0 "-" "-"
59.90.247.164 - - [25/Mar/2012:23:38:30 -0700] "-" 400 0 "-" "-"
59.90.247.164 - - [25/Mar/2012:23:38:30 -0700] "-" 400 0 "-" "-"
59.90.247.164 - - [25/Mar/2012:23:38:30 -0700] "-" 400 0 "-" "-"
59.90.247.164 - - [25/Mar/2012:23:38:30 -0700] "-" 400 0 "-" "-"
59.90.247.164 - - [25/Mar/2012:23:38:30 -0700] "-" 400 0 "-" "-"
59.92.40.62 - - [25/Mar/2012:23:38:40 -0700] "-" 400 0 "-" "-"
59.92.40.62 - - [25/Mar/2012:23:38:40 -0700] "-" 400 0 "-" "-"
59.90.247.164 - - [25/Mar/2012:23:39:40 -0700] "-" 400 0 "-" "-"
59.90.2.84 - - [25/Mar/2012:23:39:43 -0700] "-" 400 0 "-" "-"
59.90.2.84 - - [25/Mar/2012:23:39:43 -0700] "-" 400 0 "-" "-"
69.171.224.251 - - [25/Mar/2012:23:40:22 -0700] "GET /r/1eg5 HTTP/1.1" 301 257 "-" "facebookexternalhit/1.1 (+http://www.facebook.com/externalhit_uatext.php)"
69.171.224.249 - - [25/Mar/2012:23:40:23 -0700] "GET /s/ta/1eg5/ HTTP/1.1" 302 337 "-" "facebookexternalhit/1.1 (+http://www.facebook.com/externalhit_uatext.php)"
59.92.40.62 - - [25/Mar/2012:23:42:09 -0700] "-" 400 0 "-" "-"
59.90.2.84 - - [25/Mar/2012:23:42:48 -0700] "-" 400 0 "-" "-"
59.92.40.62 - - [25/Mar/2012:23:42:59 -0700] "-" 400 0 "-" "-"
207.46.204.171 - - [25/Mar/2012:23:42:59 -0700] "-" 400 0 "-" "-"
207.46.204.171 - - [25/Mar/2012:23:43:01 -0700] "-" 400 0 "-" "-"
207.46.204.171 - - [25/Mar/2012:23:43:01 -0700] "-" 400 0 "-" "-"
207.46.204.171 - - [25/Mar/2012:23:43:02 -0700] "-" 400 0 "-" "-"
207.46.204.171 - - [25/Mar/2012:23:43:03 -0700] "-" 400 0 "-" "-"
207.46.204.171 - - [25/Mar/2012:23:43:03 -0700] "-" 400 0 "-" "-"
207.46.204.171 - - [25/Mar/2012:23:43:03 -0700] "-" 400 0 "-" "-"
207.46.204.171 - - [25/Mar/2012:23:43:03 -0700] "-" 400 0 "-" "-"
207.46.204.171 - - [25/Mar/2012:23:43:03 -0700] "-" 400 0 "-" "-"
207.46.204.171 - - [25/Mar/2012:23:43:04 -0700] "-" 400 0 "-" "-"
207.46.204.171 - - [25/Mar/2012:23:43:44 -0700] "-" 400 0 "-" "-"
66.249.68.52 - - [25/Mar/2012:23:44:24 -0700] "GET /s/ta/2xm8/ HTTP/1.1" 302 415 "-" "Mozilla/5.0 (compatible; Googlebot/2.1; +http://www.google.com/bot.html)"
59.92.40.62 - - [25/Mar/2012:23:44:49 -0700] "-" 400 0 "-" "-"
220.225.219.233 - - [25/Mar/2012:23:45:56 -0700] "-" 400 0 "-" "-"
220.225.219.233 - - [25/Mar/2012:23:46:19 -0700] "-" 400 0 "-" "-"
220.225.219.233 - - [25/Mar/2012:23:46:19 -0700] "-" 400 0 "-" "-"
180.76.5.103 - - [25/Mar/2012:23:46:25 -0700] "GET / HTTP/1.1" 200 3439 "-" "Mozilla/5.0 (compatible; Baiduspider/2.0; +http://www.baidu.com/search/spider.html)"
125.22.42.170 - - [25/Mar/2012:23:46:47 -0700] "-" 400 0 "-" "-"
59.92.40.62 - - [25/Mar/2012:23:46:48 -0700] "-" 400 0 "-" "-"
85.17.88.169 - - [25/Mar/2012:23:47:14 -0700] "POST /blog/wp-cron.php?doing_wp_cron=1332744234 HTTP/1.0" 499 0 "-" "WordPress/3.3.1; http://yuvi.in/blog"
209.85.224.97 - - [25/Mar/2012:23:47:14 -0700] "GET /blog/feed HTTP/1.1" 304 0 "-" "FeedBurner/1.0 (http://www.FeedBurner.com)"
59.92.40.62 - - [25/Mar/2012:23:47:18 -0700] "-" 400 0 "-" "-"
59.92.40.62 - - [25/Mar/2012:23:47:58 -0700] "-" 400 0 "-" "-"
59.92.40.62 - - [25/Mar/2012:23:47:58 -0700] "-" 400 0 "-" "-"
59.92.40.62 - - [25/Mar/2012:23:48:18 -0700] "-" 400 0 "-" "-"
141.0.11.70 - - [25/Mar/2012:23:50:08 -0700] "-" 400 0 "-" "-"
59.92.40.62 - - [25/Mar/2012:23:50:28 -0700] "-" 400 0 "-" "-"
59.92.40.62 - - [25/Mar/2012:23:50:47 -0700] "-" 400 0 "-" "-"
144.36.228.245 - - [25/Mar/2012:23:52:03 -0700] "-" 400 0 "-" "-"
144.36.228.245 - - [25/Mar/2012:23:52:35 -0700] "-" 400 0 "-" "-"
144.36.228.245 - - [25/Mar/2012:23:52:35 -0700] "-" 400 0 "-" "-"
117.193.24.174 - - [25/Mar/2012:23:53:09 -0700] "-" 400 0 "-" "-"
117.193.24.174 - - [25/Mar/2012:23:53:09 -0700] "-" 400 0 "-" "-"
117.193.24.174 - - [25/Mar/2012:23:53:09 -0700] "-" 400 0 "-" "-"
117.193.24.174 - - [25/Mar/2012:23:53:09 -0700] "-" 400 0 "-" "-"
117.193.24.174 - - [25/Mar/2012:23:53:09 -0700] "-" 400 0 "-" "-"
117.193.24.174 - - [25/Mar/2012:23:53:09 -0700] "-" 400 0 "-" "-"
59.92.40.62 - - [25/Mar/2012:23:53:10 -0700] "-" 400 0 "-" "-"
219.64.72.137 - - [25/Mar/2012:23:53:26 -0700] "GET /r/29tu HTTP/1.1" 301 257 "http://ta.wikipedia.org/wiki/%E0%AE%A4%E0%AF%8A%E0%AE%B2%E0%AF%8D%E0%AE%95%E0%AE%BE%E0%AE%AA%E0%AF%8D%E0%AE%AA%E0%AE%BF%E0%AE%AF%E0%AE%AE%E0%AF%8D" "Mozilla/5.0 (Windows NT 5.1; rv:11.0) Gecko/20100101 Firefox/11.0"
219.64.72.137 - - [25/Mar/2012:23:53:28 -0700] "GET /s/ta/29tu/ HTTP/1.1" 302 353 "http://ta.wikipedia.org/wiki/%E0%AE%A4%E0%AF%8A%E0%AE%B2%E0%AF%8D%E0%AE%95%E0%AE%BE%E0%AE%AA%E0%AF%8D%E0%AE%AA%E0%AE%BF%E0%AE%AF%E0%AE%AE%E0%AF%8D" "Mozilla/5.0 (Windows NT 5.1; rv:11.0) Gecko/20100101 Firefox/11.0"
219.64.72.137 - - [25/Mar/2012:23:53:31 -0700] "-" 400 0 "-" "-"
85.17.88.169 - - [25/Mar/2012:23:53:57 -0700] "POST /blog/wp-cron.php?doing_wp_cron=1332744637 HTTP/1.0" 499 0 "-" "WordPress/3.3.1; http://yuvi.in/blog"
183.82.79.141 - - [25/Mar/2012:23:53:58 -0700] "GET /blog/feed/ HTTP/1.0" 304 0 "-" "FeedDemon/4.0 (http://www.feeddemon.com/; Microsoft Windows)"
117.193.24.174 - - [25/Mar/2012:23:53:59 -0700] "-" 400 0 "-" "-"
117.193.24.174 - - [25/Mar/2012:23:53:59 -0700] "-" 400 0 "-" "-"
117.193.24.174 - - [25/Mar/2012:23:53:59 -0700] "-" 400 0 "-" "-"
117.193.24.174 - - [25/Mar/2012:23:54:29 -0700] "-" 400 0 "-" "-"
157.55.112.205 - - [25/Mar/2012:23:54:32 -0700] "-" 400 0 "-" "-"
157.55.112.205 - - [25/Mar/2012:23:54:34 -0700] "-" 400 0 "-" "-"
157.55.112.205 - - [25/Mar/2012:23:54:34 -0700] "-" 400 0 "-" "-"
157.55.112.205 - - [25/Mar/2012:23:54:34 -0700] "-" 400 0 "-" "-"
157.55.112.205 - - [25/Mar/2012:23:54:34 -0700] "-" 400 0 "-" "-"
157.55.112.205 - - [25/Mar/2012:23:54:35 -0700] "-" 400 0 "-" "-"
157.55.112.205 - - [25/Mar/2012:23:54:35 -0700] "-" 400 0 "-" "-"
157.55.112.205 - - [25/Mar/2012:23:54:35 -0700] "-" 400 0 "-" "-"
157.55.112.205 - - [25/Mar/2012:23:54:35 -0700] "-" 400 0 "-" "-"
157.55.112.205 - - [25/Mar/2012:23:55:07 -0700] "-" 400 0 "-" "-"
157.55.112.205 - - [25/Mar/2012:23:55:07 -0700] "-" 400 0 "-" "-"
122.164.28.249 - - [25/Mar/2012:23:55:57 -0700] "-" 400 0 "-" "-"
219.64.72.137 - - [25/Mar/2012:23:55:58 -0700] "GET /r/29i5 HTTP/1.1" 301 257 "http://ta.wikipedia.org/wiki/%E0%AE%A4%E0%AF%8A%E0%AE%B2%E0%AF%8D%E0%AE%95%E0%AE%BE%E0%AE%AA%E0%AF%8D%E0%AE%AA%E0%AE%BF%E0%AE%AF%E0%AE%AE%E0%AF%8D" "Mozilla/5.0 (Windows NT 5.1; rv:11.0) Gecko/20100101 Firefox/11.0"
219.64.72.137 - - [25/Mar/2012:23:55:59 -0700] "GET /s/ta/29i5/ HTTP/1.1" 302 353 "http://ta.wikipedia.org/wiki/%E0%AE%A4%E0%AF%8A%E0%AE%B2%E0%AF%8D%E0%AE%95%E0%AE%BE%E0%AE%AA%E0%AF%8D%E0%AE%AA%E0%AE%BF%E0%AE%AF%E0%AE%AE%E0%AF%8D" "Mozilla/5.0 (Windows NT 5.1; rv:11.0) Gecko/20100101 Firefox/11.0"
219.64.72.137 - - [25/Mar/2012:23:56:02 -0700] "GET /s/ta/29i5/ HTTP/1.1" 302 353 "http://ta.wikipedia.org/wiki/%E0%AE%A4%E0%AF%8A%E0%AE%B2%E0%AF%8D%E0%AE%95%E0%AE%BE%E0%AE%AA%E0%AF%8D%E0%AE%AA%E0%AE%BF%E0%AE%AF%E0%AE%AE%E0%AF%8D" "Mozilla/5.0 (Windows NT 5.1; rv:11.0) Gecko/20100101 Firefox/11.0"
219.64.72.137 - - [25/Mar/2012:23:56:02 -0700] "GET /s/ta/29i5/ HTTP/1.1" 302 353 "http://ta.wikipedia.org/wiki/%E0%AE%A4%E0%AF%8A%E0%AE%B2%E0%AF%8D%E0%AE%95%E0%AE%BE%E0%AE%AA%E0%AF%8D%E0%AE%AA%E0%AE%BF%E0%AE%AF%E0%AE%AE%E0%AF%8D" "Mozilla/5.0 (Windows NT 5.1; rv:11.0) Gecko/20100101 Firefox/11.0"
207.46.204.164 - - [25/Mar/2012:23:57:35 -0700] "-" 400 0 "-" "-"
207.46.204.164 - - [25/Mar/2012:23:57:36 -0700] "-" 400 0 "-" "-"
207.46.204.164 - - [25/Mar/2012:23:57:37 -0700] "-" 400 0 "-" "-"
207.46.204.164 - - [25/Mar/2012:23:57:37 -0700] "-" 400 0 "-" "-"
207.46.204.164 - - [25/Mar/2012:23:57:38 -0700] "-" 400 0 "-" "-"
207.46.204.164 - - [25/Mar/2012:23:57:38 -0700] "-" 400 0 "-" "-"
207.46.204.164 - - [25/Mar/2012:23:57:39 -0700] "-" 400 0 "-" "-"
207.46.204.164 - - [25/Mar/2012:23:57:39 -0700] "-" 400 0 "-" "-"
207.46.204.164 - - [25/Mar/2012:23:57:39 -0700] "-" 400 0 "-" "-"
144.36.228.245 - - [25/Mar/2012:23:57:58 -0700] "-" 400 0 "-" "-"
85.17.88.169 - - [25/Mar/2012:23:58:21 -0700] "POST /blog/wp-cron.php?doing_wp_cron=1332744901 HTTP/1.0" 499 0 "-" "WordPress/3.3.1; http://yuvi.in/blog"
204.93.60.238 - - [25/Mar/2012:23:58:24 -0700] "GET /blog/2011/08/ HTTP/1.0" 200 55503 "-" "Mozilla/5.0 (compatible; Googlebot/2.1; +http://www.google.com/bot.html)"
23.20.102.174 - - [25/Mar/2012:23:58:30 -0700] "GET /r/1txa HTTP/1.1" 301 257 "-" "Mozilla/5.0 (Macintosh; U; Intel Mac OS X 10.6; en-US; rv:1.9.2) Gecko/20100115 Firefox/3.6 (FlipboardProxy/1.1; +http://flipboard.com/browserproxy)"
23.20.102.174 - - [25/Mar/2012:23:58:30 -0700] "GET /s/ta/1txa/ HTTP/1.1" 302 413 "-" "Mozilla/5.0 (Macintosh; U; Intel Mac OS X 10.6; en-US; rv:1.9.2) Gecko/20100115 Firefox/3.6 (FlipboardProxy/1.1; +http://flipboard.com/browserproxy)"
207.46.204.164 - - [25/Mar/2012:23:58:31 -0700] "-" 400 0 "-" "-"
207.46.204.164 - - [25/Mar/2012:23:58:33 -0700] "-" 400 0 "-" "-"
207.46.12.245 - - [25/Mar/2012:23:59:00 -0700] "-" 400 0 "-" "-"
207.46.12.245 - - [25/Mar/2012:23:59:00 -0700] "-" 400 0 "-" "-"
207.46.12.245 - - [25/Mar/2012:23:59:02 -0700] "-" 400 0 "-" "-"
207.46.12.245 - - [25/Mar/2012:23:59:04 -0700] "-" 400 0 "-" "-"
207.46.12.245 - - [25/Mar/2012:23:59:05 -0700] "-" 400 0 "-" "-"
207.46.12.245 - - [25/Mar/2012:23:59:06 -0700] "-" 400 0 "-" "-"
207.46.12.245 - - [25/Mar/2012:23:59:07 -0700] "-" 400 0 "-" "-"
207.46.12.245 - - [25/Mar/2012:23:59:08 -0700] "-" 400 0 "-" "-"
207.46.12.245 - - [25/Mar/2012:23:59:08 -0700] "-" 400 0 "-" "-"
207.46.12.245 - - [25/Mar/2012:23:59:08 -0700] "-" 400 0 "-" "-"
207.46.12.245 - - [25/Mar/2012:23:59:08 -0700] "-" 400 0 "-" "-"
207.46.12.245 - - [25/Mar/2012:23:59:08 -0700] "-" 400 0 "-" "-"
66.220.147.244 - - [25/Mar/2012:23:59:41 -0700] "GET /r/252 HTTP/1.1" 301 255 "-" "facebookexternalhit/1.1 (+http://www.facebook.com/externalhit_uatext.php)"
66.220.147.250 - - [25/Mar/2012:23:59:41 -0700] "GET /s/ta/252/ HTTP/1.1" 302 461 "-" "facebookexternalhit/1.1 (+http://www.facebook.com/externalhit_uatext.php)"
144.36.228.245 - - [26/Mar/2012:00:01:22 -0700] "-" 400 0 "-" "-"
50.18.232.47 - - [26/Mar/2012:00:01:44 -0700] "GET /blog HTTP/1.1" 301 178 "-" "Jakarta Commons-HttpClient/3.0.1"
85.17.88.169 - - [26/Mar/2012:00:01:57 -0700] "POST /blog/wp-cron.php?doing_wp_cron=1332745117 HTTP/1.0" 499 0 "-" "WordPress/3.3.1; http://yuvi.in/blog"
85.17.88.169 - - [26/Mar/2012:00:02:31 -0700] "POST /blog/wp-cron.php?doing_wp_cron=1332745151 HTTP/1.0" 499 0 "-" "WordPress/3.3.1; http://yuvi.in/blog"
209.85.238.115 - - [26/Mar/2012:00:02:31 -0700] "GET /blog/feed/ HTTP/1.1" 304 0 "-" "Feedfetcher-Google; (+http://www.google.com/feedfetcher.html; 18 subscribers; feed-id=15064232456473204253)"
113.193.114.21 - - [26/Mar/2012:00:03:33 -0700] "-" 400 0 "-" "-"
113.193.114.21 - - [26/Mar/2012:00:03:33 -0700] "-" 400 0 "-" "-"
113.193.114.21 - - [26/Mar/2012:00:03:33 -0700] "-" 400 0 "-" "-"
113.193.114.21 - - [26/Mar/2012:00:03:33 -0700] "-" 400 0 "-" "-"
113.193.114.21 - - [26/Mar/2012:00:03:33 -0700] "-" 400 0 "-" "-"
113.193.114.21 - - [26/Mar/2012:00:03:33 -0700] "-" 400 0 "-" "-"
207.46.12.74 - - [26/Mar/2012:00:03:52 -0700] "-" 400 0 "-" "-"
207.46.12.74 - - [26/Mar/2012:00:03:52 -0700] "-" 400 0 "-" "-"
207.46.12.74 - - [26/Mar/2012:00:03:53 -0700] "-" 400 0 "-" "-"
207.46.12.74 - - [26/Mar/2012:00:03:53 -0700] "-" 400 0 "-" "-"
207.46.12.74 - - [26/Mar/2012:00:03:54 -0700] "-" 400 0 "-" "-"
207.46.12.74 - - [26/Mar/2012:00:03:54 -0700] "-" 400 0 "-" "-"
207.46.12.74 - - [26/Mar/2012:00:03:54 -0700] "-" 400 0 "-" "-"
207.46.12.74 - - [26/Mar/2012:00:03:55 -0700] "-" 400 0 "-" "-"
207.46.194.245 - - [26/Mar/2012:00:04:50 -0700] "-" 400 0 "-" "-"
207.46.194.245 - - [26/Mar/2012:00:04:50 -0700] "-" 400 0 "-" "-"
207.46.194.245 - - [26/Mar/2012:00:04:50 -0700] "-" 400 0 "-" "-"
207.46.194.245 - - [26/Mar/2012:00:04:53 -0700] "-" 400 0 "-" "-"
207.46.194.245 - - [26/Mar/2012:00:04:53 -0700] "-" 400 0 "-" "-"
207.46.194.245 - - [26/Mar/2012:00:04:53 -0700] "-" 400 0 "-" "-"
207.46.194.245 - - [26/Mar/2012:00:04:53 -0700] "-" 400 0 "-" "-"
207.46.194.245 - - [26/Mar/2012:00:05:05 -0700] "-" 400 0 "-" "-"
207.46.194.245 - - [26/Mar/2012:00:05:05 -0700] "-" 400 0 "-" "-"
207.46.194.245 - - [26/Mar/2012:00:05:05 -0700] "-" 400 0 "-" "-"
207.46.194.245 - - [26/Mar/2012:00:05:05 -0700] "-" 400 0 "-" "-"
207.46.194.245 - - [26/Mar/2012:00:05:06 -0700] "-" 400 0 "-" "-"
207.46.194.245 - - [26/Mar/2012:00:05:33 -0700] "-" 400 0 "-" "-"
66.249.68.52 - - [26/Mar/2012:00:06:18 -0700] "GET /s/ta/2ygy/ HTTP/1.1" 302 469 "-" "Mozilla/5.0 (compatible; Googlebot/2.1; +http://www.google.com/bot.html)"
122.174.75.66 - - [26/Mar/2012:00:07:17 -0700] "-" 400 0 "-" "-"
209.85.224.86 - - [26/Mar/2012:00:14:10 -0700] "GET /stories/feed HTTP/1.1" 200 13653 "-" "FeedBurner/1.0 (http://www.FeedBurner.com)"
87.238.84.65 - - [26/Mar/2012:00:14:33 -0700] "GET / HTTP/1.1" 200 1430 "-" "Mozilla/5.0 (Windows NT 6.1; WOW64) AppleWebKit/535.11 (KHTML, like Gecko) Chrome/17.0.963.83 Safari/535.11"
87.238.84.65 - - [26/Mar/2012:00:14:34 -0700] "GET /blueprint/screen.css HTTP/1.1" 200 12058 "http://yuvi.in/" "Mozilla/5.0 (Windows NT 6.1; WOW64) AppleWebKit/535.11 (KHTML, like Gecko) Chrome/17.0.963.83 Safari/535.11"
87.238.84.65 - - [26/Mar/2012:00:14:35 -0700] "GET /blueprint/print.css HTTP/1.1" 200 1284 "http://yuvi.in/" "Mozilla/5.0 (Windows NT 6.1; WOW64) AppleWebKit/535.11 (KHTML, like Gecko) Chrome/17.0.963.83 Safari/535.11"
87.238.84.65 - - [26/Mar/2012:00:14:35 -0700] "GET /header.png HTTP/1.1" 200 14249 "http://yuvi.in/" "Mozilla/5.0 (Windows NT 6.1; WOW64) AppleWebKit/535.11 (KHTML, like Gecko) Chrome/17.0.963.83 Safari/535.11"
14.96.24.243 - - [26/Mar/2012:00:14:38 -0700] "-" 400 0 "-" "-"
87.238.84.65 - - [26/Mar/2012:00:14:42 -0700] "GET /favicon.ico HTTP/1.1" 404 199 "-" "Mozilla/5.0 (Windows NT 6.1; WOW64) AppleWebKit/535.11 (KHTML, like Gecko) Chrome/17.0.963.83 Safari/535.11"
14.96.24.243 - - [26/Mar/2012:00:14:46 -0700] "-" 400 0 "-" "-"
14.96.24.243 - - [26/Mar/2012:00:14:46 -0700] "-" 400 0 "-" "-"
14.96.24.243 - - [26/Mar/2012:00:14:48 -0700] "-" 400 0 "-" "-"
14.96.24.243 - - [26/Mar/2012:00:14:48 -0700] "-" 400 0 "-" "-"
207.46.204.163 - - [26/Mar/2012:00:16:10 -0700] "-" 400 0 "-" "-"
207.46.204.163 - - [26/Mar/2012:00:16:11 -0700] "-" 400 0 "-" "-"
207.46.204.163 - - [26/Mar/2012:00:16:12 -0700] "-" 400 0 "-" "-"
207.46.204.163 - - [26/Mar/2012:00:16:12 -0700] "-" 400 0 "-" "-"
207.46.204.163 - - [26/Mar/2012:00:16:13 -0700] "-" 400 0 "-" "-"
207.46.204.163 - - [26/Mar/2012:00:16:13 -0700] "-" 400 0 "-" "-"
207.46.204.163 - - [26/Mar/2012:00:16:13 -0700] "-" 400 0 "-" "-"
207.46.204.163 - - [26/Mar/2012:00:16:13 -0700] "-" 400 0 "-" "-"
207.46.204.163 - - [26/Mar/2012:00:16:13 -0700] "-" 400 0 "-" "-"
207.46.204.163 - - [26/Mar/2012:00:16:15 -0700] "-" 400 0 "-" "-"
87.238.84.65 - - [26/Mar/2012:00:16:25 -0700] "GET /favicon.ico HTTP/1.1" 404 199 "-" "Mozilla/5.0 (Windows NT 6.1; WOW64) AppleWebKit/535.11 (KHTML, like Gecko) Chrome/17.0.963.83 Safari/535.11"
87.238.84.65 - - [26/Mar/2012:00:16:30 -0700] "GET /blog HTTP/1.1" 301 178 "http://yuvi.in/" "Mozilla/5.0 (Windows NT 6.1; WOW64) AppleWebKit/535.11 (KHTML, like Gecko) Chrome/17.0.963.83 Safari/535.11"
85.17.88.169 - - [26/Mar/2012:00:16:32 -0700] "POST /blog/wp-cron.php?doing_wp_cron=1332745992 HTTP/1.0" 499 0 "-" "WordPress/3.3.1; http://yuvi.in/blog"
87.238.84.65 - - [26/Mar/2012:00:16:33 -0700] "GET /blog/ HTTP/1.1" 200 9194 "http://yuvi.in/" "Mozilla/5.0 (Windows NT 6.1; WOW64) AppleWebKit/535.11 (KHTML, like Gecko) Chrome/17.0.963.83 Safari/535.11"
87.238.84.65 - - [26/Mar/2012:00:16:34 -0700] "GET /blog/wp-content/themes/cleanr/js/jquery.dropdown.js?ver=3.3.1 HTTP/1.1" 200 535 "http://yuvi.in/blog/" "Mozilla/5.0 (Windows NT 6.1; WOW64) AppleWebKit/535.11 (KHTML, like Gecko) Chrome/17.0.963.83 Safari/535.11"
87.238.84.65 - - [26/Mar/2012:00:16:34 -0700] "GET /blog/wp-content/themes/cleanr/style.css HTTP/1.1" 200 10508 "http://yuvi.in/blog/" "Mozilla/5.0 (Windows NT 6.1; WOW64) AppleWebKit/535.11 (KHTML, like Gecko) Chrome/17.0.963.83 Safari/535.11"
87.238.84.65 - - [26/Mar/2012:00:16:35 -0700] "GET /blog/wp-content/themes/cleanr/css/text.css HTTP/1.1" 200 420 "http://yuvi.in/blog/" "Mozilla/5.0 (Windows NT 6.1; WOW64) AppleWebKit/535.11 (KHTML, like Gecko) Chrome/17.0.963.83 Safari/535.11"
87.238.84.65 - - [26/Mar/2012:00:16:35 -0700] "GET /blog/wp-content/themes/cleanr/css/960.css HTTP/1.1" 200 3628 "http://yuvi.in/blog/" "Mozilla/5.0 (Windows NT 6.1; WOW64) AppleWebKit/535.11 (KHTML, like Gecko) Chrome/17.0.963.83 Safari/535.11"
87.238.84.65 - - [26/Mar/2012:00:16:35 -0700] "GET /blog/wp-content/themes/cleanr/css/reset.css HTTP/1.1" 200 648 "http://yuvi.in/blog/" "Mozilla/5.0 (Windows NT 6.1; WOW64) AppleWebKit/535.11 (KHTML, like Gecko) Chrome/17.0.963.83 Safari/535.11"
87.238.84.65 - - [26/Mar/2012:00:16:35 -0700] "GET /blog/wp-includes/js/jquery/jquery.js?ver=1.7.1 HTTP/1.1" 200 93889 "http://yuvi.in/blog/" "Mozilla/5.0 (Windows NT 6.1; WOW64) AppleWebKit/535.11 (KHTML, like Gecko) Chrome/17.0.963.83 Safari/535.11"
87.238.84.65 - - [26/Mar/2012:00:16:37 -0700] "GET /blog/wp-content/themes/cleanr/images/search_magnifier.gif HTTP/1.1" 200 394 "http://yuvi.in/blog/" "Mozilla/5.0 (Windows NT 6.1; WOW64) AppleWebKit/535.11 (KHTML, like Gecko) Chrome/17.0.963.83 Safari/535.11"
87.238.84.65 - - [26/Mar/2012:00:16:38 -0700] "GET /favicon.ico HTTP/1.1" 404 199 "-" "Mozilla/5.0 (Windows NT 6.1; WOW64) AppleWebKit/535.11 (KHTML, like Gecko) Chrome/17.0.963.83 Safari/535.11"
207.46.204.163 - - [26/Mar/2012:00:16:57 -0700] "-" 400 0 "-" "-"
85.17.88.169 - - [26/Mar/2012:00:17:19 -0700] "POST /blog/wp-cron.php?doing_wp_cron=1332746039 HTTP/1.0" 499 0 "-" "WordPress/3.3.1; http://yuvi.in/blog"
209.85.224.86 - - [26/Mar/2012:00:17:19 -0700] "GET /blog/feed HTTP/1.1" 304 0 "-" "FeedBurner/1.0 (http://www.FeedBurner.com)"
182.72.36.177 - - [26/Mar/2012:00:18:31 -0700] "-" 400 0 "-" "-"
85.17.88.169 - - [26/Mar/2012:00:19:18 -0700] "POST /blog/wp-cron.php?doing_wp_cron=1332746158 HTTP/1.0" 499 0 "-" "WordPress/3.3.1; http://yuvi.in/blog"
180.76.5.48 - - [26/Mar/2012:00:19:18 -0700] "GET /robots.txt HTTP/1.1" 404 142 "-" "Baiduspider+(+http://www.baidu.com/search/spider.htm)"
220.181.108.76 - - [26/Mar/2012:00:19:19 -0700] "GET /blog/tag/reprint/ HTTP/1.1" 200 14345 "-" "Mozilla/5.0 (compatible; Baiduspider/2.0; +http://www.baidu.com/search/spider.html)"
204.153.84.10 - - [26/Mar/2012:00:20:30 -0700] "-" 400 0 "-" "-"
85.17.88.169 - - [26/Mar/2012:00:22:22 -0700] "POST /blog/wp-cron.php?doing_wp_cron=1332746342 HTTP/1.0" 499 0 "-" "WordPress/3.3.1; http://yuvi.in/blog"
209.85.238.115 - - [26/Mar/2012:00:22:22 -0700] "GET /blog/feed HTTP/1.1" 301 0 "-" "Feedfetcher-Google; (+http://www.google.com/feedfetcher.html; 3 subscribers; feed-id=17684830852112633560)"
85.17.88.169 - - [26/Mar/2012:00:22:24 -0700] "POST /blog/wp-cron.php?doing_wp_cron=1332746344 HTTP/1.0" 499 0 "-" "WordPress/3.3.1; http://yuvi.in/blog"
209.85.238.115 - - [26/Mar/2012:00:22:25 -0700] "GET /blog/feed/ HTTP/1.1" 304 0 "-" "Feedfetcher-Google; (+http://www.google.com/feedfetcher.html; 3 subscribers; feed-id=17684830852112633560)"
141.0.10.37 - - [26/Mar/2012:00:24:36 -0700] "GET /r/2w4j HTTP/1.1" 301 257 "-" "Opera/9.80 (J2ME/MIDP; Opera Mini/4.4.28684/27.1366; U; en) Presto/2.8.119 Version/11.10"
141.0.10.37 - - [26/Mar/2012:00:24:36 -0700] "GET /s/ta/2w4j/ HTTP/1.1" 302 743 "-" "Opera/9.80 (J2ME/MIDP; Opera Mini/4.4.28684/27.1366; U; en) Presto/2.8.119 Version/11.10"
85.17.88.169 - - [26/Mar/2012:00:29:55 -0700] "POST /blog/wp-cron.php?doing_wp_cron=1332746795 HTTP/1.0" 499 0 "-" "WordPress/3.3.1; http://yuvi.in/blog"
183.82.79.141 - - [26/Mar/2012:00:29:55 -0700] "GET /blog/feed/ HTTP/1.0" 304 0 "-" "FeedDemon/4.0 (http://www.feeddemon.com/; Microsoft Windows)"
66.249.68.52 - - [26/Mar/2012:00:30:58 -0700] "GET /s/ta/2gk8/ HTTP/1.1" 302 829 "-" "Mozilla/5.0 (compatible; Googlebot/2.1; +http://www.google.com/bot.html)"
207.46.193.59 - - [26/Mar/2012:00:31:15 -0700] "-" 400 0 "-" "-"
207.46.193.59 - - [26/Mar/2012:00:31:16 -0700] "-" 400 0 "-" "-"
207.46.193.59 - - [26/Mar/2012:00:31:16 -0700] "-" 400 0 "-" "-"
207.46.193.59 - - [26/Mar/2012:00:31:16 -0700] "-" 400 0 "-" "-"
207.46.193.59 - - [26/Mar/2012:00:31:16 -0700] "-" 400 0 "-" "-"
207.46.193.59 - - [26/Mar/2012:00:31:16 -0700] "-" 400 0 "-" "-"
210.212.225.2 - - [26/Mar/2012:00:31:16 -0700] "GET /blog/ HTTP/1.1" 200 9194 "http://www.google.co.in/url?sa=t&rct=j&q=yuvipanda+online&source=web&cd=2&ved=0CCoQFjAB&url=http%3A%2F%2Fyuvi.in%2Fblog%2F&ei=bBpwT7rSHYisrAfiiMWhDg&usg=AFQjCNGjULU63rz2XQySjIp-B7_MMBejew&cad=rja" "Mozilla/5.0 (Windows NT 6.1; rv:7.0.1) Gecko/20100101 Firefox/7.0.1"
207.46.193.59 - - [26/Mar/2012:00:31:16 -0700] "-" 400 0 "-" "-"
207.46.193.59 - - [26/Mar/2012:00:31:16 -0700] "-" 400 0 "-" "-"
210.212.225.2 - - [26/Mar/2012:00:31:18 -0700] "GET /blog/wp-content/themes/cleanr/js/jquery.dropdown.js?ver=3.3.1 HTTP/1.1" 200 535 "http://yuvi.in/blog/" "Mozilla/5.0 (Windows NT 6.1; rv:7.0.1) Gecko/20100101 Firefox/7.0.1"
210.212.225.2 - - [26/Mar/2012:00:31:18 -0700] "GET /blog/wp-content/themes/cleanr/style.css HTTP/1.1" 200 10508 "http://yuvi.in/blog/" "Mozilla/5.0 (Windows NT 6.1; rv:7.0.1) Gecko/20100101 Firefox/7.0.1"
210.212.225.2 - - [26/Mar/2012:00:31:19 -0700] "GET /blog/wp-content/themes/cleanr/css/text.css HTTP/1.1" 200 420 "http://yuvi.in/blog/wp-content/themes/cleanr/style.css" "Mozilla/5.0 (Windows NT 6.1; rv:7.0.1) Gecko/20100101 Firefox/7.0.1"
210.212.225.2 - - [26/Mar/2012:00:31:19 -0700] "GET /blog/wp-content/themes/cleanr/css/reset.css HTTP/1.1" 200 648 "http://yuvi.in/blog/wp-content/themes/cleanr/style.css" "Mozilla/5.0 (Windows NT 6.1; rv:7.0.1) Gecko/20100101 Firefox/7.0.1"
