202.156.8.247 - - [11/Mar/2012:09:24:18 -0700] "GET /r/npm HTTP/1.1" 301 255 "http://ta.wikipedia.org/wiki/%E0%AE%A4%E0%AE%BF%E0%AE%B0%E0%AF%81%E0%AE%95%E0%AF%8D%E0%AE%95%E0%AF%81%E0%AE%B1%E0%AE%BF%E0%AE%AA%E0%AF%8D%E0%AE%AA%E0%AF%81%E0%AE%A4%E0%AF%8D_%E0%AE%A4%E0%AF%8A%E0%AE%A3%E0%AF%8D%E0%AE%9F_%E0%AE%A8%E0%AE%BE%E0%AE%AF%E0%AE%A9%E0%AE%BE%E0%AE%B0%E0%AF%8D" "Mozilla/4.0 (compatible; MSIE 8.0; Windows NT 5.1; Trident/4.0; GTB7.3; .NET CLR 2.0.50727; .NET CLR 3.0.4506.2152; .NET CLR 3.5.30729)"
202.156.8.247 - - [11/Mar/2012:09:24:18 -0700] "GET /s/ta/npm/ HTTP/1.1" 302 609 "http://ta.wikipedia.org/wiki/%E0%AE%A4%E0%AE%BF%E0%AE%B0%E0%AF%81%E0%AE%95%E0%AF%8D%E0%AE%95%E0%AF%81%E0%AE%B1%E0%AE%BF%E0%AE%AA%E0%AF%8D%E0%AE%AA%E0%AF%81%E0%AE%A4%E0%AF%8D_%E0%AE%A4%E0%AF%8A%E0%AE%A3%E0%AF%8D%E0%AE%9F_%E0%AE%A8%E0%AE%BE%E0%AE%AF%E0%AE%A9%E0%AE%BE%E0%AE%B0%E0%AF%8D" "Mozilla/4.0 (compatible; MSIE 8.0; Windows NT 5.1; Trident/4.0; GTB7.3; .NET CLR 2.0.50727; .NET CLR 3.0.4506.2152; .NET CLR 3.5.30729)"
81.34.118.122 - - [11/Mar/2012:09:24:32 -0700] "GET / HTTP/1.1" 200 1430 "-" "Caffeinated/1.0.2 CFNetwork/454.12.4 Darwin/10.8.0 (x86_64) (MacBookPro8%2C1)"
81.34.118.122 - - [11/Mar/2012:09:24:32 -0700] "GET /favicon.ico HTTP/1.1" 404 142 "-" "Caffeinated/1.0.2 CFNetwork/454.12.4 Darwin/10.8.0 (x86_64) (MacBookPro8%2C1)"
81.34.118.122 - - [11/Mar/2012:09:24:49 -0700] "GET / HTTP/1.1" 200 1430 "-" "Caffeinated/1.0.2 CFNetwork/454.12.4 Darwin/10.8.0 (x86_64) (MacBookPro8%2C1)"
81.34.118.122 - - [11/Mar/2012:09:24:49 -0700] "GET /favicon.ico HTTP/1.1" 404 142 "-" "Caffeinated/1.0.2 CFNetwork/454.12.4 Darwin/10.8.0 (x86_64) (MacBookPro8%2C1)"
117.202.185.48 - - [11/Mar/2012:09:24:55 -0700] "-" 400 0 "-" "-"
81.34.118.122 - - [11/Mar/2012:09:25:36 -0700] "GET / HTTP/1.1" 200 1430 "-" "Caffeinated/1.0.2 CFNetwork/454.12.4 Darwin/10.8.0 (x86_64) (MacBookPro8%2C1)"
81.34.118.122 - - [11/Mar/2012:09:25:37 -0700] "GET /favicon.ico HTTP/1.1" 404 142 "-" "Caffeinated/1.0.2 CFNetwork/454.12.4 Darwin/10.8.0 (x86_64) (MacBookPro8%2C1)"
81.34.118.122 - - [11/Mar/2012:09:25:54 -0700] "GET / HTTP/1.1" 200 1430 "-" "Caffeinated/1.0.2 CFNetwork/454.12.4 Darwin/10.8.0 (x86_64) (MacBookPro8%2C1)"
81.34.118.122 - - [11/Mar/2012:09:25:54 -0700] "GET /favicon.ico HTTP/1.1" 404 142 "-" "Caffeinated/1.0.2 CFNetwork/454.12.4 Darwin/10.8.0 (x86_64) (MacBookPro8%2C1)"
81.34.118.122 - - [11/Mar/2012:09:26:34 -0700] "GET / HTTP/1.1" 200 1430 "-" "Caffeinated/1.0.2 CFNetwork/454.12.4 Darwin/10.8.0 (x86_64) (MacBookPro8%2C1)"
81.34.118.122 - - [11/Mar/2012:09:26:34 -0700] "GET /favicon.ico HTTP/1.1" 404 142 "-" "Caffeinated/1.0.2 CFNetwork/454.12.4 Darwin/10.8.0 (x86_64) (MacBookPro8%2C1)"
81.34.118.122 - - [11/Mar/2012:09:26:52 -0700] "GET / HTTP/1.1" 200 1430 "-" "Caffeinated/1.0.2 CFNetwork/454.12.4 Darwin/10.8.0 (x86_64) (MacBookPro8%2C1)"
81.34.118.122 - - [11/Mar/2012:09:26:52 -0700] "GET /favicon.ico HTTP/1.1" 404 142 "-" "Caffeinated/1.0.2 CFNetwork/454.12.4 Darwin/10.8.0 (x86_64) (MacBookPro8%2C1)"
117.193.146.228 - - [11/Mar/2012:09:27:14 -0700] "-" 400 0 "-" "-"
117.193.146.228 - - [11/Mar/2012:09:27:14 -0700] "-" 400 0 "-" "-"
117.193.146.228 - - [11/Mar/2012:09:27:14 -0700] "-" 400 0 "-" "-"
117.193.146.228 - - [11/Mar/2012:09:27:14 -0700] "-" 400 0 "-" "-"
117.193.146.228 - - [11/Mar/2012:09:27:14 -0700] "-" 400 0 "-" "-"
81.34.118.122 - - [11/Mar/2012:09:27:36 -0700] "GET / HTTP/1.1" 200 1430 "-" "Caffeinated/1.0.2 CFNetwork/454.12.4 Darwin/10.8.0 (x86_64) (MacBookPro8%2C1)"
81.34.118.122 - - [11/Mar/2012:09:27:36 -0700] "GET /favicon.ico HTTP/1.1" 404 142 "-" "Caffeinated/1.0.2 CFNetwork/454.12.4 Darwin/10.8.0 (x86_64) (MacBookPro8%2C1)"
81.34.118.122 - - [11/Mar/2012:09:27:53 -0700] "GET / HTTP/1.1" 200 1430 "-" "Caffeinated/1.0.2 CFNetwork/454.12.4 Darwin/10.8.0 (x86_64) (MacBookPro8%2C1)"
81.34.118.122 - - [11/Mar/2012:09:27:53 -0700] "GET /favicon.ico HTTP/1.1" 404 142 "-" "Caffeinated/1.0.2 CFNetwork/454.12.4 Darwin/10.8.0 (x86_64) (MacBookPro8%2C1)"
117.193.146.228 - - [11/Mar/2012:09:28:27 -0700] "-" 400 0 "-" "-"
117.193.146.228 - - [11/Mar/2012:09:28:27 -0700] "-" 400 0 "-" "-"
117.193.146.228 - - [11/Mar/2012:09:28:34 -0700] "-" 400 0 "-" "-"
81.34.118.122 - - [11/Mar/2012:09:28:40 -0700] "GET / HTTP/1.1" 200 1430 "-" "Caffeinated/1.0.2 CFNetwork/454.12.4 Darwin/10.8.0 (x86_64) (MacBookPro8%2C1)"
81.34.118.122 - - [11/Mar/2012:09:28:40 -0700] "GET /favicon.ico HTTP/1.1" 404 142 "-" "Caffeinated/1.0.2 CFNetwork/454.12.4 Darwin/10.8.0 (x86_64) (MacBookPro8%2C1)"
81.34.118.122 - - [11/Mar/2012:09:28:56 -0700] "GET / HTTP/1.1" 200 1430 "-" "Caffeinated/1.0.2 CFNetwork/454.12.4 Darwin/10.8.0 (x86_64) (MacBookPro8%2C1)"
81.34.118.122 - - [11/Mar/2012:09:28:57 -0700] "GET /favicon.ico HTTP/1.1" 404 142 "-" "Caffeinated/1.0.2 CFNetwork/454.12.4 Darwin/10.8.0 (x86_64) (MacBookPro8%2C1)"
141.0.10.54 - - [11/Mar/2012:09:28:59 -0700] "-" 400 0 "-" "-"
65.52.110.151 - - [11/Mar/2012:09:29:22 -0700] "GET /robots.txt HTTP/1.1" 404 169 "-" "Mozilla/5.0 (compatible; bingbot/2.0; +http://www.bing.com/bingbot.htm)"
81.34.118.122 - - [11/Mar/2012:09:29:42 -0700] "GET / HTTP/1.1" 200 1430 "-" "Caffeinated/1.0.2 CFNetwork/454.12.4 Darwin/10.8.0 (x86_64) (MacBookPro8%2C1)"
81.34.118.122 - - [11/Mar/2012:09:29:43 -0700] "GET /favicon.ico HTTP/1.1" 404 142 "-" "Caffeinated/1.0.2 CFNetwork/454.12.4 Darwin/10.8.0 (x86_64) (MacBookPro8%2C1)"
81.34.118.122 - - [11/Mar/2012:09:30:00 -0700] "GET / HTTP/1.1" 200 1430 "-" "Caffeinated/1.0.2 CFNetwork/454.12.4 Darwin/10.8.0 (x86_64) (MacBookPro8%2C1)"
81.34.118.122 - - [11/Mar/2012:09:30:00 -0700] "GET /favicon.ico HTTP/1.1" 404 142 "-" "Caffeinated/1.0.2 CFNetwork/454.12.4 Darwin/10.8.0 (x86_64) (MacBookPro8%2C1)"
117.193.146.228 - - [11/Mar/2012:09:30:05 -0700] "-" 400 0 "-" "-"
117.193.146.228 - - [11/Mar/2012:09:30:23 -0700] "-" 400 0 "-" "-"
117.193.146.228 - - [11/Mar/2012:09:30:24 -0700] "-" 400 0 "-" "-"
117.193.146.228 - - [11/Mar/2012:09:30:43 -0700] "-" 400 0 "-" "-"
117.193.146.228 - - [11/Mar/2012:09:30:43 -0700] "-" 400 0 "-" "-"
81.34.118.122 - - [11/Mar/2012:09:30:44 -0700] "GET / HTTP/1.1" 200 1430 "-" "Caffeinated/1.0.2 CFNetwork/454.12.4 Darwin/10.8.0 (x86_64) (MacBookPro8%2C1)"
81.34.118.122 - - [11/Mar/2012:09:30:45 -0700] "GET /favicon.ico HTTP/1.1" 404 142 "-" "Caffeinated/1.0.2 CFNetwork/454.12.4 Darwin/10.8.0 (x86_64) (MacBookPro8%2C1)"
81.34.118.122 - - [11/Mar/2012:09:31:02 -0700] "GET / HTTP/1.1" 200 1430 "-" "Caffeinated/1.0.2 CFNetwork/454.12.4 Darwin/10.8.0 (x86_64) (MacBookPro8%2C1)"
81.34.118.122 - - [11/Mar/2012:09:31:02 -0700] "GET /favicon.ico HTTP/1.1" 404 142 "-" "Caffeinated/1.0.2 CFNetwork/454.12.4 Darwin/10.8.0 (x86_64) (MacBookPro8%2C1)"
81.34.118.122 - - [11/Mar/2012:09:31:46 -0700] "GET / HTTP/1.1" 200 1430 "-" "Caffeinated/1.0.2 CFNetwork/454.12.4 Darwin/10.8.0 (x86_64) (MacBookPro8%2C1)"
81.34.118.122 - - [11/Mar/2012:09:31:47 -0700] "GET /favicon.ico HTTP/1.1" 404 142 "-" "Caffeinated/1.0.2 CFNetwork/454.12.4 Darwin/10.8.0 (x86_64) (MacBookPro8%2C1)"
81.34.118.122 - - [11/Mar/2012:09:32:04 -0700] "GET / HTTP/1.1" 200 1430 "-" "Caffeinated/1.0.2 CFNetwork/454.12.4 Darwin/10.8.0 (x86_64) (MacBookPro8%2C1)"
81.34.118.122 - - [11/Mar/2012:09:32:05 -0700] "GET /favicon.ico HTTP/1.1" 404 142 "-" "Caffeinated/1.0.2 CFNetwork/454.12.4 Darwin/10.8.0 (x86_64) (MacBookPro8%2C1)"
85.17.88.169 - - [11/Mar/2012:09:32:30 -0700] "POST /blog/wp-cron.php?doing_wp_cron=1331483466 HTTP/1.0" 200 0 "-" "WordPress/3.3.1; http://yuvi.in/blog"
72.14.199.121 - - [11/Mar/2012:09:32:30 -0700] "GET /blog/feed/ HTTP/1.1" 304 0 "-" "Feedfetcher-Google; (+http://www.google.com/feedfetcher.html; 19 subscribers; feed-id=15064232456473204253)"
207.46.204.162 - - [11/Mar/2012:09:32:32 -0700] "-" 400 0 "-" "-"
207.46.204.162 - - [11/Mar/2012:09:32:32 -0700] "-" 400 0 "-" "-"
207.46.204.162 - - [11/Mar/2012:09:32:32 -0700] "-" 400 0 "-" "-"
207.46.204.162 - - [11/Mar/2012:09:32:32 -0700] "-" 400 0 "-" "-"
115.241.23.65 - - [11/Mar/2012:09:32:32 -0700] "GET /r/3i7 HTTP/1.1" 301 255 "http://ta.wikipedia.org/wiki/%E0%AE%A4%E0%AE%BF%E0%AE%B0%E0%AF%81%E0%AE%AA%E0%AF%8D%E0%AE%AA%E0%AF%82%E0%AE%B0%E0%AF%8D_%E0%AE%95%E0%AF%81%E0%AE%AE%E0%AE%B0%E0%AE%A9%E0%AF%8D" "Mozilla/4.0 (compatible; MSIE 6.0; Windows NT 5.1; SV1; InfoPath.2)"
207.46.204.162 - - [11/Mar/2012:09:32:33 -0700] "-" 400 0 "-" "-"
207.46.204.162 - - [11/Mar/2012:09:32:33 -0700] "-" 400 0 "-" "-"
115.241.23.65 - - [11/Mar/2012:09:32:33 -0700] "GET /r/3i7 HTTP/1.1" 301 255 "http://ta.wikipedia.org/wiki/%E0%AE%A4%E0%AE%BF%E0%AE%B0%E0%AF%81%E0%AE%AA%E0%AF%8D%E0%AE%AA%E0%AF%82%E0%AE%B0%E0%AF%8D_%E0%AE%95%E0%AF%81%E0%AE%AE%E0%AE%B0%E0%AE%A9%E0%AF%8D" "Mozilla/4.0 (compatible; MSIE 6.0; Windows NT 5.1; SV1; InfoPath.2)"
207.46.204.162 - - [11/Mar/2012:09:32:34 -0700] "-" 400 0 "-" "-"
207.46.204.162 - - [11/Mar/2012:09:32:34 -0700] "-" 400 0 "-" "-"
207.46.204.162 - - [11/Mar/2012:09:32:34 -0700] "-" 400 0 "-" "-"
115.241.23.65 - - [11/Mar/2012:09:32:34 -0700] "GET /s/ta/3i7/ HTTP/1.1" 302 461 "http://ta.wikipedia.org/wiki/%E0%AE%A4%E0%AE%BF%E0%AE%B0%E0%AF%81%E0%AE%AA%E0%AF%8D%E0%AE%AA%E0%AF%82%E0%AE%B0%E0%AF%8D_%E0%AE%95%E0%AF%81%E0%AE%AE%E0%AE%B0%E0%AE%A9%E0%AF%8D" "Mozilla/4.0 (compatible; MSIE 6.0; Windows NT 5.1; SV1; InfoPath.2)"
85.17.88.169 - - [11/Mar/2012:09:32:42 -0700] "POST /blog/wp-cron.php?doing_wp_cron=1331483478 HTTP/1.0" 499 0 "-" "WordPress/3.3.1; http://yuvi.in/blog"
66.249.71.13 - - [11/Mar/2012:09:32:42 -0700] "GET /blog/college-drop/ HTTP/1.1" 200 4914 "-" "Mozilla/5.0 (compatible; Googlebot/2.1; +http://www.google.com/bot.html)"
81.34.118.122 - - [11/Mar/2012:09:32:50 -0700] "GET / HTTP/1.1" 200 1430 "-" "Caffeinated/1.0.2 CFNetwork/454.12.4 Darwin/10.8.0 (x86_64) (MacBookPro8%2C1)"
81.34.118.122 - - [11/Mar/2012:09:32:50 -0700] "GET /favicon.ico HTTP/1.1" 404 142 "-" "Caffeinated/1.0.2 CFNetwork/454.12.4 Darwin/10.8.0 (x86_64) (MacBookPro8%2C1)"
81.34.118.122 - - [11/Mar/2012:09:33:07 -0700] "GET / HTTP/1.1" 200 1430 "-" "Caffeinated/1.0.2 CFNetwork/454.12.4 Darwin/10.8.0 (x86_64) (MacBookPro8%2C1)"
81.34.118.122 - - [11/Mar/2012:09:33:08 -0700] "GET /favicon.ico HTTP/1.1" 404 142 "-" "Caffeinated/1.0.2 CFNetwork/454.12.4 Darwin/10.8.0 (x86_64) (MacBookPro8%2C1)"
207.46.204.162 - - [11/Mar/2012:09:33:28 -0700] "-" 400 0 "-" "-"
207.46.204.162 - - [11/Mar/2012:09:33:28 -0700] "-" 400 0 "-" "-"
81.34.118.122 - - [11/Mar/2012:09:33:51 -0700] "GET / HTTP/1.1" 200 1430 "-" "Caffeinated/1.0.2 CFNetwork/454.12.4 Darwin/10.8.0 (x86_64) (MacBookPro8%2C1)"
81.34.118.122 - - [11/Mar/2012:09:33:51 -0700] "GET /favicon.ico HTTP/1.1" 404 142 "-" "Caffeinated/1.0.2 CFNetwork/454.12.4 Darwin/10.8.0 (x86_64) (MacBookPro8%2C1)"
81.34.118.122 - - [11/Mar/2012:09:34:08 -0700] "GET / HTTP/1.1" 200 1430 "-" "Caffeinated/1.0.2 CFNetwork/454.12.4 Darwin/10.8.0 (x86_64) (MacBookPro8%2C1)"
81.34.118.122 - - [11/Mar/2012:09:34:08 -0700] "GET /favicon.ico HTTP/1.1" 404 142 "-" "Caffeinated/1.0.2 CFNetwork/454.12.4 Darwin/10.8.0 (x86_64) (MacBookPro8%2C1)"
81.34.118.122 - - [11/Mar/2012:09:34:53 -0700] "GET / HTTP/1.1" 200 1430 "-" "Caffeinated/1.0.2 CFNetwork/454.12.4 Darwin/10.8.0 (x86_64) (MacBookPro8%2C1)"
81.34.118.122 - - [11/Mar/2012:09:34:53 -0700] "GET /favicon.ico HTTP/1.1" 404 142 "-" "Caffeinated/1.0.2 CFNetwork/454.12.4 Darwin/10.8.0 (x86_64) (MacBookPro8%2C1)"
81.34.118.122 - - [11/Mar/2012:09:35:10 -0700] "GET / HTTP/1.1" 200 1430 "-" "Caffeinated/1.0.2 CFNetwork/454.12.4 Darwin/10.8.0 (x86_64) (MacBookPro8%2C1)"
81.34.118.122 - - [11/Mar/2012:09:35:10 -0700] "GET /favicon.ico HTTP/1.1" 404 142 "-" "Caffeinated/1.0.2 CFNetwork/454.12.4 Darwin/10.8.0 (x86_64) (MacBookPro8%2C1)"
81.34.118.122 - - [11/Mar/2012:09:35:55 -0700] "GET / HTTP/1.1" 200 1430 "-" "Caffeinated/1.0.2 CFNetwork/454.12.4 Darwin/10.8.0 (x86_64) (MacBookPro8%2C1)"
81.34.118.122 - - [11/Mar/2012:09:35:55 -0700] "GET /favicon.ico HTTP/1.1" 404 142 "-" "Caffeinated/1.0.2 CFNetwork/454.12.4 Darwin/10.8.0 (x86_64) (MacBookPro8%2C1)"
223.231.141.78 - - [11/Mar/2012:09:35:57 -0700] "-" 400 0 "-" "-"
81.34.118.122 - - [11/Mar/2012:09:36:13 -0700] "GET / HTTP/1.1" 200 1430 "-" "Caffeinated/1.0.2 CFNetwork/454.12.4 Darwin/10.8.0 (x86_64) (MacBookPro8%2C1)"
81.34.118.122 - - [11/Mar/2012:09:36:13 -0700] "GET /favicon.ico HTTP/1.1" 404 142 "-" "Caffeinated/1.0.2 CFNetwork/454.12.4 Darwin/10.8.0 (x86_64) (MacBookPro8%2C1)"
85.17.88.169 - - [11/Mar/2012:09:36:40 -0700] "POST /blog/wp-cron.php?doing_wp_cron=1331483716 HTTP/1.0" 499 0 "-" "WordPress/3.3.1; http://yuvi.in/blog"
209.85.224.86 - - [11/Mar/2012:09:36:41 -0700] "GET /blog/feed HTTP/1.1" 304 0 "-" "FeedBurner/1.0 (http://www.FeedBurner.com)"
81.34.118.122 - - [11/Mar/2012:09:36:55 -0700] "GET / HTTP/1.1" 200 1430 "-" "Caffeinated/1.0.2 CFNetwork/454.12.4 Darwin/10.8.0 (x86_64) (MacBookPro8%2C1)"
81.34.118.122 - - [11/Mar/2012:09:36:56 -0700] "GET /favicon.ico HTTP/1.1" 404 142 "-" "Caffeinated/1.0.2 CFNetwork/454.12.4 Darwin/10.8.0 (x86_64) (MacBookPro8%2C1)"
81.34.118.122 - - [11/Mar/2012:09:37:12 -0700] "GET / HTTP/1.1" 200 1430 "-" "Caffeinated/1.0.2 CFNetwork/454.12.4 Darwin/10.8.0 (x86_64) (MacBookPro8%2C1)"
81.34.118.122 - - [11/Mar/2012:09:37:12 -0700] "GET /favicon.ico HTTP/1.1" 404 142 "-" "Caffeinated/1.0.2 CFNetwork/454.12.4 Darwin/10.8.0 (x86_64) (MacBookPro8%2C1)"
223.231.141.78 - - [11/Mar/2012:09:37:23 -0700] "-" 400 0 "-" "-"
81.34.118.122 - - [11/Mar/2012:09:37:32 -0700] "GET / HTTP/1.1" 200 1430 "-" "Caffeinated/1.0.2 CFNetwork/454.12.4 Darwin/10.8.0 (x86_64) (MacBookPro8%2C1)"
81.34.118.122 - - [11/Mar/2012:09:37:32 -0700] "GET /favicon.ico HTTP/1.1" 404 142 "-" "Caffeinated/1.0.2 CFNetwork/454.12.4 Darwin/10.8.0 (x86_64) (MacBookPro8%2C1)"
81.34.118.122 - - [11/Mar/2012:09:37:52 -0700] "GET / HTTP/1.1" 200 1430 "-" "Caffeinated/1.0.2 CFNetwork/454.12.4 Darwin/10.8.0 (x86_64) (MacBookPro8%2C1)"
81.34.118.122 - - [11/Mar/2012:09:37:52 -0700] "GET /favicon.ico HTTP/1.1" 404 142 "-" "Caffeinated/1.0.2 CFNetwork/454.12.4 Darwin/10.8.0 (x86_64) (MacBookPro8%2C1)"
81.34.118.122 - - [11/Mar/2012:09:38:12 -0700] "GET / HTTP/1.1" 200 1430 "-" "Caffeinated/1.0.2 CFNetwork/454.12.4 Darwin/10.8.0 (x86_64) (MacBookPro8%2C1)"
81.34.118.122 - - [11/Mar/2012:09:38:12 -0700] "GET /favicon.ico HTTP/1.1" 404 142 "-" "Caffeinated/1.0.2 CFNetwork/454.12.4 Darwin/10.8.0 (x86_64) (MacBookPro8%2C1)"
81.34.118.122 - - [11/Mar/2012:09:38:31 -0700] "GET / HTTP/1.1" 200 1430 "-" "Caffeinated/1.0.2 CFNetwork/454.12.4 Darwin/10.8.0 (x86_64) (MacBookPro8%2C1)"
81.34.118.122 - - [11/Mar/2012:09:38:32 -0700] "GET /favicon.ico HTTP/1.1" 404 142 "-" "Caffeinated/1.0.2 CFNetwork/454.12.4 Darwin/10.8.0 (x86_64) (MacBookPro8%2C1)"
81.34.118.122 - - [11/Mar/2012:09:39:03 -0700] "GET / HTTP/1.1" 200 1430 "-" "Caffeinated/1.0.2 CFNetwork/454.12.4 Darwin/10.8.0 (x86_64) (MacBookPro8%2C1)"
81.34.118.122 - - [11/Mar/2012:09:39:04 -0700] "GET /favicon.ico HTTP/1.1" 404 142 "-" "Caffeinated/1.0.2 CFNetwork/454.12.4 Darwin/10.8.0 (x86_64) (MacBookPro8%2C1)"
81.34.118.122 - - [11/Mar/2012:09:39:22 -0700] "GET / HTTP/1.1" 200 1430 "-" "Caffeinated/1.0.2 CFNetwork/454.12.4 Darwin/10.8.0 (x86_64) (MacBookPro8%2C1)"
81.34.118.122 - - [11/Mar/2012:09:39:22 -0700] "GET /favicon.ico HTTP/1.1" 404 142 "-" "Caffeinated/1.0.2 CFNetwork/454.12.4 Darwin/10.8.0 (x86_64) (MacBookPro8%2C1)"
85.17.88.169 - - [11/Mar/2012:09:39:55 -0700] "POST /blog/wp-cron.php?doing_wp_cron=1331483912 HTTP/1.0" 499 0 "-" "WordPress/3.3.1; http://yuvi.in/blog"
208.115.113.84 - - [11/Mar/2012:09:39:56 -0700] "GET /blog/category/events/ HTTP/1.1" 200 42461 "-" "Mozilla/5.0 (compatible; Ezooms/1.0; ezooms.bot@gmail.com)"
81.34.118.122 - - [11/Mar/2012:09:40:04 -0700] "GET / HTTP/1.1" 200 1430 "-" "Caffeinated/1.0.2 CFNetwork/454.12.4 Darwin/10.8.0 (x86_64) (MacBookPro8%2C1)"
81.34.118.122 - - [11/Mar/2012:09:40:04 -0700] "GET /favicon.ico HTTP/1.1" 404 142 "-" "Caffeinated/1.0.2 CFNetwork/454.12.4 Darwin/10.8.0 (x86_64) (MacBookPro8%2C1)"
85.17.88.169 - - [11/Mar/2012:09:40:07 -0700] "POST /blog/wp-cron.php?doing_wp_cron=1331483923 HTTP/1.0" 499 0 "-" "WordPress/3.3.1; http://yuvi.in/blog"
208.115.113.84 - - [11/Mar/2012:09:40:07 -0700] "GET /blog/code-highligting-plugin-for-hislain/ HTTP/1.1" 200 16483 "-" "Mozilla/5.0 (compatible; Ezooms/1.0; ezooms.bot@gmail.com)"
85.17.88.169 - - [11/Mar/2012:09:40:14 -0700] "POST /blog/wp-cron.php?doing_wp_cron=1331483930 HTTP/1.0" 499 0 "-" "WordPress/3.3.1; http://yuvi.in/blog"
208.115.113.84 - - [11/Mar/2012:09:40:14 -0700] "GET /blog/tag/rights/feed/ HTTP/1.1" 200 11081 "-" "Mozilla/5.0 (compatible; Ezooms/1.0; ezooms.bot@gmail.com)"
223.231.141.78 - - [11/Mar/2012:09:40:19 -0700] "-" 400 0 "-" "-"
81.34.118.122 - - [11/Mar/2012:09:40:21 -0700] "GET / HTTP/1.1" 200 1430 "-" "Caffeinated/1.0.2 CFNetwork/454.12.4 Darwin/10.8.0 (x86_64) (MacBookPro8%2C1)"
81.34.118.122 - - [11/Mar/2012:09:40:21 -0700] "GET /favicon.ico HTTP/1.1" 404 142 "-" "Caffeinated/1.0.2 CFNetwork/454.12.4 Darwin/10.8.0 (x86_64) (MacBookPro8%2C1)"
223.231.141.78 - - [11/Mar/2012:09:41:03 -0700] "-" 400 0 "-" "-"
59.164.51.24 - - [11/Mar/2012:09:41:03 -0700] "GET /r/1prk HTTP/1.1" 301 257 "http://ta.wikipedia.org/wiki/%E0%AE%AA%E0%AE%95%E0%AF%81%E0%AE%AA%E0%AF%8D%E0%AE%AA%E0%AF%81:%E0%AE%9A%E0%AF%86%E0%AE%B3%E0%AE%B0%E0%AE%BE%E0%AE%9F%E0%AF%8D%E0%AE%9F%E0%AE%BF%E0%AE%B0%E0%AE%B0%E0%AF%8D" "Mozilla/5.0 (Windows NT 6.0; rv:10.0) Gecko/20100101 Firefox/10.0"
59.164.51.24 - - [11/Mar/2012:09:41:04 -0700] "GET /s/ta/1prk/ HTTP/1.1" 302 495 "http://ta.wikipedia.org/wiki/%E0%AE%AA%E0%AE%95%E0%AF%81%E0%AE%AA%E0%AF%8D%E0%AE%AA%E0%AF%81:%E0%AE%9A%E0%AF%86%E0%AE%B3%E0%AE%B0%E0%AE%BE%E0%AE%9F%E0%AF%8D%E0%AE%9F%E0%AE%BF%E0%AE%B0%E0%AE%B0%E0%AF%8D" "Mozilla/5.0 (Windows NT 6.0; rv:10.0) Gecko/20100101 Firefox/10.0"
81.34.118.122 - - [11/Mar/2012:09:41:07 -0700] "GET / HTTP/1.1" 200 1430 "-" "Caffeinated/1.0.2 CFNetwork/454.12.4 Darwin/10.8.0 (x86_64) (MacBookPro8%2C1)"
81.34.118.122 - - [11/Mar/2012:09:41:07 -0700] "GET /favicon.ico HTTP/1.1" 404 142 "-" "Caffeinated/1.0.2 CFNetwork/454.12.4 Darwin/10.8.0 (x86_64) (MacBookPro8%2C1)"
59.164.51.24 - - [11/Mar/2012:09:41:09 -0700] "-" 400 0 "-" "-"
122.174.69.231 - - [11/Mar/2012:09:41:24 -0700] "-" 400 0 "-" "-"
122.174.69.231 - - [11/Mar/2012:09:41:24 -0700] "-" 400 0 "-" "-"
122.174.69.231 - - [11/Mar/2012:09:41:24 -0700] "-" 400 0 "-" "-"
122.174.69.231 - - [11/Mar/2012:09:41:24 -0700] "-" 400 0 "-" "-"
122.174.69.231 - - [11/Mar/2012:09:41:25 -0700] "-" 400 0 "-" "-"
81.34.118.122 - - [11/Mar/2012:09:41:25 -0700] "GET / HTTP/1.1" 200 1430 "-" "Caffeinated/1.0.2 CFNetwork/454.12.4 Darwin/10.8.0 (x86_64) (MacBookPro8%2C1)"
81.34.118.122 - - [11/Mar/2012:09:41:25 -0700] "GET /favicon.ico HTTP/1.1" 404 142 "-" "Caffeinated/1.0.2 CFNetwork/454.12.4 Darwin/10.8.0 (x86_64) (MacBookPro8%2C1)"
122.174.69.231 - - [11/Mar/2012:09:41:54 -0700] "-" 400 0 "-" "-"
122.174.69.231 - - [11/Mar/2012:09:41:54 -0700] "-" 400 0 "-" "-"
122.174.69.231 - - [11/Mar/2012:09:41:54 -0700] "-" 400 0 "-" "-"
122.164.242.215 - - [11/Mar/2012:09:42:00 -0700] "-" 400 0 "-" "-"
122.164.242.215 - - [11/Mar/2012:09:42:00 -0700] "-" 400 0 "-" "-"
81.34.118.122 - - [11/Mar/2012:09:42:11 -0700] "GET / HTTP/1.1" 200 1430 "-" "Caffeinated/1.0.2 CFNetwork/454.12.4 Darwin/10.8.0 (x86_64) (MacBookPro8%2C1)"
81.34.118.122 - - [11/Mar/2012:09:42:12 -0700] "GET /favicon.ico HTTP/1.1" 404 142 "-" "Caffeinated/1.0.2 CFNetwork/454.12.4 Darwin/10.8.0 (x86_64) (MacBookPro8%2C1)"
81.34.118.122 - - [11/Mar/2012:09:42:28 -0700] "GET / HTTP/1.1" 200 1430 "-" "Caffeinated/1.0.2 CFNetwork/454.12.4 Darwin/10.8.0 (x86_64) (MacBookPro8%2C1)"
81.34.118.122 - - [11/Mar/2012:09:42:28 -0700] "GET /favicon.ico HTTP/1.1" 404 142 "-" "Caffeinated/1.0.2 CFNetwork/454.12.4 Darwin/10.8.0 (x86_64) (MacBookPro8%2C1)"
122.164.242.215 - - [11/Mar/2012:09:42:42 -0700] "-" 400 0 "-" "-"
122.164.242.215 - - [11/Mar/2012:09:42:42 -0700] "-" 400 0 "-" "-"
122.164.242.215 - - [11/Mar/2012:09:42:42 -0700] "-" 400 0 "-" "-"
122.164.242.215 - - [11/Mar/2012:09:42:42 -0700] "-" 400 0 "-" "-"
122.164.242.215 - - [11/Mar/2012:09:42:42 -0700] "-" 400 0 "-" "-"
122.164.242.215 - - [11/Mar/2012:09:42:42 -0700] "-" 400 0 "-" "-"
81.34.118.122 - - [11/Mar/2012:09:43:10 -0700] "GET / HTTP/1.1" 200 1430 "-" "Caffeinated/1.0.2 CFNetwork/454.12.4 Darwin/10.8.0 (x86_64) (MacBookPro8%2C1)"
81.34.118.122 - - [11/Mar/2012:09:43:10 -0700] "GET /favicon.ico HTTP/1.1" 404 142 "-" "Caffeinated/1.0.2 CFNetwork/454.12.4 Darwin/10.8.0 (x86_64) (MacBookPro8%2C1)"
81.34.118.122 - - [11/Mar/2012:09:43:29 -0700] "GET / HTTP/1.1" 200 1430 "-" "Caffeinated/1.0.2 CFNetwork/454.12.4 Darwin/10.8.0 (x86_64) (MacBookPro8%2C1)"
81.34.118.122 - - [11/Mar/2012:09:43:29 -0700] "GET /favicon.ico HTTP/1.1" 404 142 "-" "Caffeinated/1.0.2 CFNetwork/454.12.4 Darwin/10.8.0 (x86_64) (MacBookPro8%2C1)"
122.164.242.215 - - [11/Mar/2012:09:44:31 -0700] "-" 400 0 "-" "-"
122.164.242.215 - - [11/Mar/2012:09:44:31 -0700] "-" 400 0 "-" "-"
122.164.242.215 - - [11/Mar/2012:09:44:31 -0700] "-" 400 0 "-" "-"
122.164.242.215 - - [11/Mar/2012:09:44:31 -0700] "-" 400 0 "-" "-"
122.164.242.215 - - [11/Mar/2012:09:44:31 -0700] "-" 400 0 "-" "-"
122.164.242.215 - - [11/Mar/2012:09:44:31 -0700] "-" 400 0 "-" "-"
122.164.242.215 - - [11/Mar/2012:09:44:31 -0700] "-" 400 0 "-" "-"
122.164.242.215 - - [11/Mar/2012:09:44:31 -0700] "-" 400 0 "-" "-"
81.34.118.122 - - [11/Mar/2012:09:44:34 -0700] "GET / HTTP/1.1" 200 1430 "-" "Caffeinated/1.0.2 CFNetwork/454.12.4 Darwin/10.8.0 (x86_64) (MacBookPro8%2C1)"
81.34.118.122 - - [11/Mar/2012:09:44:35 -0700] "GET /favicon.ico HTTP/1.1" 404 142 "-" "Caffeinated/1.0.2 CFNetwork/454.12.4 Darwin/10.8.0 (x86_64) (MacBookPro8%2C1)"
81.34.118.122 - - [11/Mar/2012:09:44:57 -0700] "GET / HTTP/1.1" 200 1430 "-" "Caffeinated/1.0.2 CFNetwork/454.12.4 Darwin/10.8.0 (x86_64) (MacBookPro8%2C1)"
81.34.118.122 - - [11/Mar/2012:09:44:57 -0700] "GET /favicon.ico HTTP/1.1" 404 142 "-" "Caffeinated/1.0.2 CFNetwork/454.12.4 Darwin/10.8.0 (x86_64) (MacBookPro8%2C1)"
117.207.133.11 - - [11/Mar/2012:09:45:07 -0700] "GET /r/g0h HTTP/1.1" 301 255 "http://wikimapia.org/1708930/Sri-Ranganathaswamy-Temple-Srirangam-%E0%AE%A4%E0%AE%BF%E0%AE%B0%E0%AF%81%E0%AE%B5%E0%AE%B0%E0%AE%99%E0%AF%8D%E0%AE%95%E0%AE%AE%E0%AF%8D-%E0%AE%85%E0%AE%B0%E0%AE%99%E0%AF%8D%E0%AE%95%E0%AE%A8%E0%AE%BE%E0%AE%A4-%E0%AE%9A%E0%AF%81%E0%AE%B5%E0%AE%BE%E0%AE%AE%E0%AE%BF-%E0%AE%95%E0%AF%8B%E0%AE%AF%E0%AE%BF%E0%AE%B2%E0%AF%8D-CNDD001-DD001" "Mozilla/4.0 (compatible; MSIE 8.0; Windows NT 5.1; Trident/4.0; GTB7.3; .NET CLR 1.1.4322; .NET CLR 2.0.50727; .NET CLR 3.0.4506.2152; .NET CLR 3.5.30729)"
117.207.133.11 - - [11/Mar/2012:09:45:07 -0700] "GET /s/ta/g0h/ HTTP/1.1" 302 649 "http://wikimapia.org/1708930/Sri-Ranganathaswamy-Temple-Srirangam-%E0%AE%A4%E0%AE%BF%E0%AE%B0%E0%AF%81%E0%AE%B5%E0%AE%B0%E0%AE%99%E0%AF%8D%E0%AE%95%E0%AE%AE%E0%AF%8D-%E0%AE%85%E0%AE%B0%E0%AE%99%E0%AF%8D%E0%AE%95%E0%AE%A8%E0%AE%BE%E0%AE%A4-%E0%AE%9A%E0%AF%81%E0%AE%B5%E0%AE%BE%E0%AE%AE%E0%AE%BF-%E0%AE%95%E0%AF%8B%E0%AE%AF%E0%AE%BF%E0%AE%B2%E0%AF%8D-CNDD001-DD001" "Mozilla/4.0 (compatible; MSIE 8.0; Windows NT 5.1; Trident/4.0; GTB7.3; .NET CLR 1.1.4322; .NET CLR 2.0.50727; .NET CLR 3.0.4506.2152; .NET CLR 3.5.30729)"
81.34.118.122 - - [11/Mar/2012:09:45:27 -0700] "GET / HTTP/1.1" 200 1430 "-" "Caffeinated/1.0.2 CFNetwork/454.12.4 Darwin/10.8.0 (x86_64) (MacBookPro8%2C1)"
81.34.118.122 - - [11/Mar/2012:09:45:27 -0700] "GET /favicon.ico HTTP/1.1" 404 142 "-" "Caffeinated/1.0.2 CFNetwork/454.12.4 Darwin/10.8.0 (x86_64) (MacBookPro8%2C1)"
81.34.118.122 - - [11/Mar/2012:09:45:46 -0700] "GET / HTTP/1.1" 200 1430 "-" "Caffeinated/1.0.2 CFNetwork/454.12.4 Darwin/10.8.0 (x86_64) (MacBookPro8%2C1)"
81.34.118.122 - - [11/Mar/2012:09:45:47 -0700] "GET /favicon.ico HTTP/1.1" 404 142 "-" "Caffeinated/1.0.2 CFNetwork/454.12.4 Darwin/10.8.0 (x86_64) (MacBookPro8%2C1)"
141.0.8.133 - - [11/Mar/2012:09:46:30 -0700] "GET / HTTP/1.1" 200 1430 "http://www.google.com/xhtml?q=Yuvi&client=ms-opera_mb_no&channel=bh" "Opera/9.80 (J2ME/MIDP; Opera Mini/4.1.15082/27.1324; U; en) Presto/2.8.119 Version/11.10"
141.0.8.133 - - [11/Mar/2012:09:46:31 -0700] "GET /blueprint/screen.css HTTP/1.1" 200 12058 "http://yuvi.in/" "Opera/9.80 (J2ME/MIDP; Opera Mini/4.1.15082/27.1324; U; en) Presto/2.8.119 Version/11.10"
141.0.8.133 - - [11/Mar/2012:09:46:31 -0700] "GET /blueprint/print.css HTTP/1.1" 200 1284 "http://yuvi.in/" "Opera/9.80 (J2ME/MIDP; Opera Mini/4.1.15082/27.1324; U; en) Presto/2.8.119 Version/11.10"
141.0.8.133 - - [11/Mar/2012:09:46:31 -0700] "GET /header.png HTTP/1.1" 200 14249 "http://yuvi.in/" "Opera/9.80 (J2ME/MIDP; Opera Mini/4.1.15082/27.1324; U; en) Presto/2.8.119 Version/11.10"
141.0.8.133 - - [11/Mar/2012:09:46:31 -0700] "GET /favicon.ico HTTP/1.1" 404 142 "http://yuvi.in/" "Opera/9.80 (J2ME/MIDP; Opera Mini/4.1.15082/27.1324; U; en) Presto/2.8.119 Version/11.10"
101.63.177.147 - - [11/Mar/2012:09:46:32 -0700] "-" 400 0 "-" "-"
122.164.242.215 - - [11/Mar/2012:09:46:34 -0700] "-" 400 0 "-" "-"
122.164.242.215 - - [11/Mar/2012:09:46:34 -0700] "-" 400 0 "-" "-"
81.34.118.122 - - [11/Mar/2012:09:46:52 -0700] "GET / HTTP/1.1" 200 1430 "-" "Caffeinated/1.0.2 CFNetwork/454.12.4 Darwin/10.8.0 (x86_64) (MacBookPro8%2C1)"
81.34.118.122 - - [11/Mar/2012:09:46:52 -0700] "GET /favicon.ico HTTP/1.1" 404 142 "-" "Caffeinated/1.0.2 CFNetwork/454.12.4 Darwin/10.8.0 (x86_64) (MacBookPro8%2C1)"
122.164.242.215 - - [11/Mar/2012:09:47:03 -0700] "-" 400 0 "-" "-"
122.164.242.215 - - [11/Mar/2012:09:47:03 -0700] "-" 400 0 "-" "-"
81.34.118.122 - - [11/Mar/2012:09:47:17 -0700] "GET / HTTP/1.1" 200 1430 "-" "Caffeinated/1.0.2 CFNetwork/454.12.4 Darwin/10.8.0 (x86_64) (MacBookPro8%2C1)"
81.34.118.122 - - [11/Mar/2012:09:47:19 -0700] "GET /favicon.ico HTTP/1.1" 404 142 "-" "Caffeinated/1.0.2 CFNetwork/454.12.4 Darwin/10.8.0 (x86_64) (MacBookPro8%2C1)"
81.34.118.122 - - [11/Mar/2012:09:47:45 -0700] "GET / HTTP/1.1" 200 1430 "-" "Caffeinated/1.0.2 CFNetwork/454.12.4 Darwin/10.8.0 (x86_64) (MacBookPro8%2C1)"
81.34.118.122 - - [11/Mar/2012:09:47:46 -0700] "GET /favicon.ico HTTP/1.1" 404 142 "-" "Caffeinated/1.0.2 CFNetwork/454.12.4 Darwin/10.8.0 (x86_64) (MacBookPro8%2C1)"
101.63.177.147 - - [11/Mar/2012:09:47:48 -0700] "-" 400 0 "-" "-"
101.63.177.147 - - [11/Mar/2012:09:47:48 -0700] "-" 400 0 "-" "-"
101.63.177.147 - - [11/Mar/2012:09:47:48 -0700] "-" 400 0 "-" "-"
101.63.177.147 - - [11/Mar/2012:09:47:48 -0700] "-" 400 0 "-" "-"
101.63.177.147 - - [11/Mar/2012:09:48:08 -0700] "-" 400 0 "-" "-"
101.63.177.147 - - [11/Mar/2012:09:48:08 -0700] "-" 400 0 "-" "-"
81.34.118.122 - - [11/Mar/2012:09:48:15 -0700] "GET / HTTP/1.1" 200 1430 "-" "Caffeinated/1.0.2 CFNetwork/454.12.4 Darwin/10.8.0 (x86_64) (MacBookPro8%2C1)"
81.34.118.122 - - [11/Mar/2012:09:48:15 -0700] "GET /favicon.ico HTTP/1.1" 404 142 "-" "Caffeinated/1.0.2 CFNetwork/454.12.4 Darwin/10.8.0 (x86_64) (MacBookPro8%2C1)"
101.63.177.147 - - [11/Mar/2012:09:48:28 -0700] "-" 400 0 "-" "-"
101.63.177.147 - - [11/Mar/2012:09:48:28 -0700] "-" 400 0 "-" "-"
81.34.118.122 - - [11/Mar/2012:09:48:43 -0700] "GET / HTTP/1.1" 200 1430 "-" "Caffeinated/1.0.2 CFNetwork/454.12.4 Darwin/10.8.0 (x86_64) (MacBookPro8%2C1)"
81.34.118.122 - - [11/Mar/2012:09:48:44 -0700] "GET /favicon.ico HTTP/1.1" 404 142 "-" "Caffeinated/1.0.2 CFNetwork/454.12.4 Darwin/10.8.0 (x86_64) (MacBookPro8%2C1)"
81.34.118.122 - - [11/Mar/2012:09:49:04 -0700] "GET / HTTP/1.1" 200 1430 "-" "Caffeinated/1.0.2 CFNetwork/454.12.4 Darwin/10.8.0 (x86_64) (MacBookPro8%2C1)"
81.34.118.122 - - [11/Mar/2012:09:49:04 -0700] "GET /favicon.ico HTTP/1.1" 404 142 "-" "Caffeinated/1.0.2 CFNetwork/454.12.4 Darwin/10.8.0 (x86_64) (MacBookPro8%2C1)"
81.34.118.122 - - [11/Mar/2012:09:49:58 -0700] "GET / HTTP/1.1" 200 1430 "-" "Caffeinated/1.0.2 CFNetwork/454.12.4 Darwin/10.8.0 (x86_64) (MacBookPro8%2C1)"
81.34.118.122 - - [11/Mar/2012:09:49:59 -0700] "GET /favicon.ico HTTP/1.1" 404 142 "-" "Caffeinated/1.0.2 CFNetwork/454.12.4 Darwin/10.8.0 (x86_64) (MacBookPro8%2C1)"
14.99.240.5 - - [11/Mar/2012:09:50:06 -0700] "-" 400 0 "-" "-"
81.34.118.122 - - [11/Mar/2012:09:50:30 -0700] "GET / HTTP/1.1" 200 1430 "-" "Caffeinated/1.0.2 CFNetwork/454.12.4 Darwin/10.8.0 (x86_64) (MacBookPro8%2C1)"
81.34.118.122 - - [11/Mar/2012:09:50:30 -0700] "GET /favicon.ico HTTP/1.1" 404 142 "-" "Caffeinated/1.0.2 CFNetwork/454.12.4 Darwin/10.8.0 (x86_64) (MacBookPro8%2C1)"
117.193.73.38 - - [11/Mar/2012:09:50:53 -0700] "GET /favicon.ico HTTP/1.1" 404 199 "-" "Mozilla/5.0 (Windows NT 6.1; WOW64) AppleWebKit/535.11 (KHTML, like Gecko) Chrome/17.0.963.78 Safari/535.11"
117.193.208.49 - - [11/Mar/2012:09:50:59 -0700] "-" 400 0 "-" "-"
117.193.73.38 - - [11/Mar/2012:09:51:04 -0700] "-" 400 0 "-" "-"
81.34.118.122 - - [11/Mar/2012:09:51:05 -0700] "GET / HTTP/1.1" 200 1430 "-" "Caffeinated/1.0.2 CFNetwork/454.12.4 Darwin/10.8.0 (x86_64) (MacBookPro8%2C1)"
81.34.118.122 - - [11/Mar/2012:09:51:05 -0700] "GET /favicon.ico HTTP/1.1" 404 142 "-" "Caffeinated/1.0.2 CFNetwork/454.12.4 Darwin/10.8.0 (x86_64) (MacBookPro8%2C1)"
81.34.118.122 - - [11/Mar/2012:09:51:39 -0700] "GET / HTTP/1.1" 200 1430 "-" "Caffeinated/1.0.2 CFNetwork/454.12.4 Darwin/10.8.0 (x86_64) (MacBookPro8%2C1)"
81.34.118.122 - - [11/Mar/2012:09:51:40 -0700] "GET /favicon.ico HTTP/1.1" 404 142 "-" "Caffeinated/1.0.2 CFNetwork/454.12.4 Darwin/10.8.0 (x86_64) (MacBookPro8%2C1)"
81.34.118.122 - - [11/Mar/2012:09:52:11 -0700] "GET / HTTP/1.1" 200 1430 "-" "Caffeinated/1.0.2 CFNetwork/454.12.4 Darwin/10.8.0 (x86_64) (MacBookPro8%2C1)"
81.34.118.122 - - [11/Mar/2012:09:52:11 -0700] "GET /favicon.ico HTTP/1.1" 404 142 "-" "Caffeinated/1.0.2 CFNetwork/454.12.4 Darwin/10.8.0 (x86_64) (MacBookPro8%2C1)"
109.86.192.200 - - [11/Mar/2012:09:52:13 -0700] "GET /robots.txt HTTP/1.0" 404 169 "-" "Mozilla/5.0 (compatible; MJ12bot/v1.4.2; http://www.majestic12.co.uk/bot.php?+)"
109.86.192.200 - - [11/Mar/2012:09:52:14 -0700] "GET / HTTP/1.0" 200 3439 "-" "Mozilla/5.0 (compatible; MJ12bot/v1.4.2; http://www.majestic12.co.uk/bot.php?+)"
81.34.118.122 - - [11/Mar/2012:09:52:34 -0700] "GET / HTTP/1.1" 200 1430 "-" "Caffeinated/1.0.2 CFNetwork/454.12.4 Darwin/10.8.0 (x86_64) (MacBookPro8%2C1)"
81.34.118.122 - - [11/Mar/2012:09:52:34 -0700] "GET /favicon.ico HTTP/1.1" 404 142 "-" "Caffeinated/1.0.2 CFNetwork/454.12.4 Darwin/10.8.0 (x86_64) (MacBookPro8%2C1)"
81.34.118.122 - - [11/Mar/2012:09:53:03 -0700] "GET / HTTP/1.1" 200 1430 "-" "Caffeinated/1.0.2 CFNetwork/454.12.4 Darwin/10.8.0 (x86_64) (MacBookPro8%2C1)"
81.34.118.122 - - [11/Mar/2012:09:53:03 -0700] "GET /favicon.ico HTTP/1.1" 404 142 "-" "Caffeinated/1.0.2 CFNetwork/454.12.4 Darwin/10.8.0 (x86_64) (MacBookPro8%2C1)"
81.34.118.122 - - [11/Mar/2012:09:53:23 -0700] "GET / HTTP/1.1" 200 1430 "-" "Caffeinated/1.0.2 CFNetwork/454.12.4 Darwin/10.8.0 (x86_64) (MacBookPro8%2C1)"
81.34.118.122 - - [11/Mar/2012:09:53:23 -0700] "GET /favicon.ico HTTP/1.1" 404 142 "-" "Caffeinated/1.0.2 CFNetwork/454.12.4 Darwin/10.8.0 (x86_64) (MacBookPro8%2C1)"
109.86.192.200 - - [11/Mar/2012:09:53:51 -0700] "GET /robots.txt HTTP/1.0" 404 169 "-" "Mozilla/5.0 (compatible; MJ12bot/v1.4.2; http://www.majestic12.co.uk/bot.php?+)"
109.86.192.200 - - [11/Mar/2012:09:53:54 -0700] "GET /blog/devlog-april-2011.html HTTP/1.0" 200 12560 "-" "Mozilla/5.0 (compatible; MJ12bot/v1.4.2; http://www.majestic12.co.uk/bot.php?+)"
81.34.118.122 - - [11/Mar/2012:09:54:21 -0700] "GET / HTTP/1.1" 200 1430 "-" "Caffeinated/1.0.2 CFNetwork/454.12.4 Darwin/10.8.0 (x86_64) (MacBookPro8%2C1)"
81.34.118.122 - - [11/Mar/2012:09:54:21 -0700] "GET /favicon.ico HTTP/1.1" 404 142 "-" "Caffeinated/1.0.2 CFNetwork/454.12.4 Darwin/10.8.0 (x86_64) (MacBookPro8%2C1)"
180.76.5.139 - - [11/Mar/2012:09:54:23 -0700] "GET /blog/carrier-error.html HTTP/1.1" 200 2292 "-" "Mozilla/5.0 (compatible; Baiduspider/2.0; +http://www.baidu.com/search/spider.html)"
81.34.118.122 - - [11/Mar/2012:09:54:45 -0700] "GET / HTTP/1.1" 200 1430 "-" "Caffeinated/1.0.2 CFNetwork/454.12.4 Darwin/10.8.0 (x86_64) (MacBookPro8%2C1)"
81.34.118.122 - - [11/Mar/2012:09:54:45 -0700] "GET /favicon.ico HTTP/1.1" 404 142 "-" "Caffeinated/1.0.2 CFNetwork/454.12.4 Darwin/10.8.0 (x86_64) (MacBookPro8%2C1)"
85.17.88.169 - - [11/Mar/2012:09:55:31 -0700] "POST /blog/wp-cron.php?doing_wp_cron=1331484848 HTTP/1.0" 499 0 "-" "WordPress/3.3.1; http://yuvi.in/blog"
183.178.85.181 - - [11/Mar/2012:09:55:32 -0700] "GET /blog/note-present-future-self-pre-book-travel-tickets/trackback HTTP/1.1" 302 0 "-" "Mozilla/4.0 (compatible; MSIE 5.5; Windows NT)"
85.17.88.169 - - [11/Mar/2012:09:55:34 -0700] "POST /blog/wp-cron.php?doing_wp_cron=1331484851 HTTP/1.0" 499 0 "-" "WordPress/3.3.1; http://yuvi.in/blog"
183.178.85.181 - - [11/Mar/2012:09:55:35 -0700] "GET /blog/note-present-future-self-pre-book-travel-tickets/ HTTP/1.1" 200 20876 "-" "Mozilla/4.0 (compatible; MSIE 5.5; Windows NT)"
81.34.118.122 - - [11/Mar/2012:09:55:50 -0700] "GET / HTTP/1.1" 200 1430 "-" "Caffeinated/1.0.2 CFNetwork/454.12.4 Darwin/10.8.0 (x86_64) (MacBookPro8%2C1)"
81.34.118.122 - - [11/Mar/2012:09:55:53 -0700] "GET /favicon.ico HTTP/1.1" 404 142 "-" "Caffeinated/1.0.2 CFNetwork/454.12.4 Darwin/10.8.0 (x86_64) (MacBookPro8%2C1)"
81.34.118.122 - - [11/Mar/2012:09:56:34 -0700] "GET / HTTP/1.1" 200 1430 "-" "Caffeinated/1.0.2 CFNetwork/454.12.4 Darwin/10.8.0 (x86_64) (MacBookPro8%2C1)"
81.34.118.122 - - [11/Mar/2012:09:56:34 -0700] "GET /favicon.ico HTTP/1.1" 404 142 "-" "Caffeinated/1.0.2 CFNetwork/454.12.4 Darwin/10.8.0 (x86_64) (MacBookPro8%2C1)"
85.17.88.169 - - [11/Mar/2012:09:57:07 -0700] "POST /blog/wp-cron.php?doing_wp_cron=1331484944 HTTP/1.0" 499 0 "-" "WordPress/3.3.1; http://yuvi.in/blog"
72.14.199.121 - - [11/Mar/2012:09:57:08 -0700] "GET /blog/feed HTTP/1.1" 301 0 "-" "Feedfetcher-Google; (+http://www.google.com/feedfetcher.html; 3 subscribers; feed-id=17684830852112633560)"
85.17.88.169 - - [11/Mar/2012:09:57:10 -0700] "POST /blog/wp-cron.php?doing_wp_cron=1331484946 HTTP/1.0" 499 0 "-" "WordPress/3.3.1; http://yuvi.in/blog"
72.14.199.121 - - [11/Mar/2012:09:57:10 -0700] "GET /blog/feed/ HTTP/1.1" 304 0 "-" "Feedfetcher-Google; (+http://www.google.com/feedfetcher.html; 3 subscribers; feed-id=17684830852112633560)"
81.34.118.122 - - [11/Mar/2012:09:57:14 -0700] "GET / HTTP/1.1" 200 1430 "-" "Caffeinated/1.0.2 CFNetwork/454.12.4 Darwin/10.8.0 (x86_64) (MacBookPro8%2C1)"
81.34.118.122 - - [11/Mar/2012:09:57:15 -0700] "GET /favicon.ico HTTP/1.1" 404 142 "-" "Caffeinated/1.0.2 CFNetwork/454.12.4 Darwin/10.8.0 (x86_64) (MacBookPro8%2C1)"
81.34.118.122 - - [11/Mar/2012:09:57:50 -0700] "GET / HTTP/1.1" 200 1430 "-" "Caffeinated/1.0.2 CFNetwork/454.12.4 Darwin/10.8.0 (x86_64) (MacBookPro8%2C1)"
81.34.118.122 - - [11/Mar/2012:09:57:50 -0700] "GET /favicon.ico HTTP/1.1" 404 142 "-" "Caffeinated/1.0.2 CFNetwork/454.12.4 Darwin/10.8.0 (x86_64) (MacBookPro8%2C1)"
81.34.118.122 - - [11/Mar/2012:09:58:07 -0700] "GET / HTTP/1.1" 200 1430 "-" "Caffeinated/1.0.2 CFNetwork/454.12.4 Darwin/10.8.0 (x86_64) (MacBookPro8%2C1)"
81.34.118.122 - - [11/Mar/2012:09:58:08 -0700] "GET /favicon.ico HTTP/1.1" 404 142 "-" "Caffeinated/1.0.2 CFNetwork/454.12.4 Darwin/10.8.0 (x86_64) (MacBookPro8%2C1)"
117.193.110.153 - - [11/Mar/2012:09:58:23 -0700] "-" 400 0 "-" "-"
14.99.240.5 - - [11/Mar/2012:09:58:31 -0700] "-" 400 0 "-" "-"
81.34.118.122 - - [11/Mar/2012:09:58:33 -0700] "GET / HTTP/1.1" 200 1430 "-" "Caffeinated/1.0.2 CFNetwork/454.12.4 Darwin/10.8.0 (x86_64) (MacBookPro8%2C1)"
81.34.118.122 - - [11/Mar/2012:09:58:35 -0700] "GET /favicon.ico HTTP/1.1" 404 142 "-" "Caffeinated/1.0.2 CFNetwork/454.12.4 Darwin/10.8.0 (x86_64) (MacBookPro8%2C1)"
122.164.197.38 - - [11/Mar/2012:09:59:02 -0700] "-" 400 0 "-" "-"
122.164.197.38 - - [11/Mar/2012:09:59:08 -0700] "-" 400 0 "-" "-"
122.164.197.38 - - [11/Mar/2012:09:59:08 -0700] "-" 400 0 "-" "-"
14.99.240.5 - - [11/Mar/2012:09:59:11 -0700] "-" 400 0 "-" "-"
81.34.118.122 - - [11/Mar/2012:09:59:11 -0700] "GET / HTTP/1.1" 200 1430 "-" "Caffeinated/1.0.2 CFNetwork/454.12.4 Darwin/10.8.0 (x86_64) (MacBookPro8%2C1)"
69.171.234.5 - - [11/Mar/2012:09:59:11 -0700] "GET /r/nv0 HTTP/1.1" 301 255 "-" "facebookexternalhit/1.1 (+http://www.facebook.com/externalhit_uatext.php)"
69.171.234.6 - - [11/Mar/2012:09:59:11 -0700] "GET /s/ta/nv0/ HTTP/1.1" 302 437 "-" "facebookexternalhit/1.1 (+http://www.facebook.com/externalhit_uatext.php)"
81.34.118.122 - - [11/Mar/2012:09:59:12 -0700] "GET /favicon.ico HTTP/1.1" 404 142 "-" "Caffeinated/1.0.2 CFNetwork/454.12.4 Darwin/10.8.0 (x86_64) (MacBookPro8%2C1)"
208.115.111.68 - - [11/Mar/2012:09:59:42 -0700] "GET /robots.txt HTTP/1.1" 404 169 "-" "Mozilla/5.0 (compatible; Ezooms/1.0; ezooms.bot@gmail.com)"
81.34.118.122 - - [11/Mar/2012:09:59:45 -0700] "GET / HTTP/1.1" 200 1430 "-" "Caffeinated/1.0.2 CFNetwork/454.12.4 Darwin/10.8.0 (x86_64) (MacBookPro8%2C1)"
81.34.118.122 - - [11/Mar/2012:09:59:45 -0700] "GET /favicon.ico HTTP/1.1" 404 142 "-" "Caffeinated/1.0.2 CFNetwork/454.12.4 Darwin/10.8.0 (x86_64) (MacBookPro8%2C1)"
122.164.197.38 - - [11/Mar/2012:09:59:50 -0700] "-" 400 0 "-" "-"
122.164.197.38 - - [11/Mar/2012:09:59:50 -0700] "-" 400 0 "-" "-"
81.34.118.122 - - [11/Mar/2012:10:00:21 -0700] "GET / HTTP/1.1" 200 1430 "-" "Caffeinated/1.0.2 CFNetwork/454.12.4 Darwin/10.8.0 (x86_64) (MacBookPro8%2C1)"
81.34.118.122 - - [11/Mar/2012:10:00:22 -0700] "GET /favicon.ico HTTP/1.1" 404 142 "-" "Caffeinated/1.0.2 CFNetwork/454.12.4 Darwin/10.8.0 (x86_64) (MacBookPro8%2C1)"
81.34.118.122 - - [11/Mar/2012:10:00:57 -0700] "GET / HTTP/1.1" 200 1430 "-" "Caffeinated/1.0.2 CFNetwork/454.12.4 Darwin/10.8.0 (x86_64) (MacBookPro8%2C1)"
81.34.118.122 - - [11/Mar/2012:10:00:57 -0700] "GET /favicon.ico HTTP/1.1" 404 142 "-" "Caffeinated/1.0.2 CFNetwork/454.12.4 Darwin/10.8.0 (x86_64) (MacBookPro8%2C1)"
81.34.118.122 - - [11/Mar/2012:10:01:24 -0700] "GET / HTTP/1.1" 200 1430 "-" "Caffeinated/1.0.2 CFNetwork/454.12.4 Darwin/10.8.0 (x86_64) (MacBookPro8%2C1)"
81.34.118.122 - - [11/Mar/2012:10:01:24 -0700] "GET /favicon.ico HTTP/1.1" 404 142 "-" "Caffeinated/1.0.2 CFNetwork/454.12.4 Darwin/10.8.0 (x86_64) (MacBookPro8%2C1)"
81.34.118.122 - - [11/Mar/2012:10:01:50 -0700] "GET / HTTP/1.1" 200 1430 "-" "Caffeinated/1.0.2 CFNetwork/454.12.4 Darwin/10.8.0 (x86_64) (MacBookPro8%2C1)"
81.34.118.122 - - [11/Mar/2012:10:01:50 -0700] "GET /favicon.ico HTTP/1.1" 404 142 "-" "Caffeinated/1.0.2 CFNetwork/454.12.4 Darwin/10.8.0 (x86_64) (MacBookPro8%2C1)"
81.34.118.122 - - [11/Mar/2012:10:02:19 -0700] "GET / HTTP/1.1" 200 1430 "-" "Caffeinated/1.0.2 CFNetwork/454.12.4 Darwin/10.8.0 (x86_64) (MacBookPro8%2C1)"
81.34.118.122 - - [11/Mar/2012:10:02:19 -0700] "GET /favicon.ico HTTP/1.1" 404 142 "-" "Caffeinated/1.0.2 CFNetwork/454.12.4 Darwin/10.8.0 (x86_64) (MacBookPro8%2C1)"
81.34.118.122 - - [11/Mar/2012:10:02:42 -0700] "GET / HTTP/1.1" 200 1430 "-" "Caffeinated/1.0.2 CFNetwork/454.12.4 Darwin/10.8.0 (x86_64) (MacBookPro8%2C1)"
81.34.118.122 - - [11/Mar/2012:10:02:43 -0700] "GET /favicon.ico HTTP/1.1" 404 142 "-" "Caffeinated/1.0.2 CFNetwork/454.12.4 Darwin/10.8.0 (x86_64) (MacBookPro8%2C1)"
81.34.118.122 - - [11/Mar/2012:10:03:11 -0700] "GET / HTTP/1.1" 200 1430 "-" "Caffeinated/1.0.2 CFNetwork/454.12.4 Darwin/10.8.0 (x86_64) (MacBookPro8%2C1)"
81.34.118.122 - - [11/Mar/2012:10:03:11 -0700] "GET /favicon.ico HTTP/1.1" 404 142 "-" "Caffeinated/1.0.2 CFNetwork/454.12.4 Darwin/10.8.0 (x86_64) (MacBookPro8%2C1)"
81.34.118.122 - - [11/Mar/2012:10:03:35 -0700] "GET / HTTP/1.1" 200 1430 "-" "Caffeinated/1.0.2 CFNetwork/454.12.4 Darwin/10.8.0 (x86_64) (MacBookPro8%2C1)"
81.34.118.122 - - [11/Mar/2012:10:03:35 -0700] "GET /favicon.ico HTTP/1.1" 404 142 "-" "Caffeinated/1.0.2 CFNetwork/454.12.4 Darwin/10.8.0 (x86_64) (MacBookPro8%2C1)"
81.34.118.122 - - [11/Mar/2012:10:03:57 -0700] "GET / HTTP/1.1" 200 1430 "-" "Caffeinated/1.0.2 CFNetwork/454.12.4 Darwin/10.8.0 (x86_64) (MacBookPro8%2C1)"
81.34.118.122 - - [11/Mar/2012:10:03:57 -0700] "GET /favicon.ico HTTP/1.1" 404 142 "-" "Caffeinated/1.0.2 CFNetwork/454.12.4 Darwin/10.8.0 (x86_64) (MacBookPro8%2C1)"
81.34.118.122 - - [11/Mar/2012:10:04:16 -0700] "GET / HTTP/1.1" 200 1430 "-" "Caffeinated/1.0.2 CFNetwork/454.12.4 Darwin/10.8.0 (x86_64) (MacBookPro8%2C1)"
81.34.118.122 - - [11/Mar/2012:10:04:17 -0700] "GET /favicon.ico HTTP/1.1" 404 142 "-" "Caffeinated/1.0.2 CFNetwork/454.12.4 Darwin/10.8.0 (x86_64) (MacBookPro8%2C1)"
81.34.118.122 - - [11/Mar/2012:10:04:58 -0700] "GET / HTTP/1.1" 200 1430 "-" "Caffeinated/1.0.2 CFNetwork/454.12.4 Darwin/10.8.0 (x86_64) (MacBookPro8%2C1)"
81.34.118.122 - - [11/Mar/2012:10:04:58 -0700] "GET /favicon.ico HTTP/1.1" 404 142 "-" "Caffeinated/1.0.2 CFNetwork/454.12.4 Darwin/10.8.0 (x86_64) (MacBookPro8%2C1)"
81.34.118.122 - - [11/Mar/2012:10:05:21 -0700] "GET / HTTP/1.1" 200 1430 "-" "Caffeinated/1.0.2 CFNetwork/454.12.4 Darwin/10.8.0 (x86_64) (MacBookPro8%2C1)"
81.34.118.122 - - [11/Mar/2012:10:05:21 -0700] "GET /favicon.ico HTTP/1.1" 404 142 "-" "Caffeinated/1.0.2 CFNetwork/454.12.4 Darwin/10.8.0 (x86_64) (MacBookPro8%2C1)"
122.164.33.172 - - [11/Mar/2012:10:06:30 -0700] "GET /where.html HTTP/1.1" 200 96 "-" "Mozilla/5.0 (Windows NT 6.1) AppleWebKit/535.11 (KHTML, like Gecko) Chrome/17.0.963.78 Safari/535.11"
122.164.33.172 - - [11/Mar/2012:10:06:31 -0700] "GET /favicon.ico HTTP/1.1" 404 199 "-" "Mozilla/5.0 (Windows NT 6.1) AppleWebKit/535.11 (KHTML, like Gecko) Chrome/17.0.963.78 Safari/535.11"
119.63.196.62 - - [11/Mar/2012:10:06:39 -0700] "GET / HTTP/1.1" 304 0 "-" "Mozilla/5.0 (compatible; Baiduspider/2.0; +http://www.baidu.com/search/spider.html)"
71.168.105.197 - - [11/Mar/2012:10:06:45 -0700] "GET /robots.txt HTTP/1.0" 404 169 "-" "Mozilla/5.0 (compatible; MJ12bot/v1.4.2; http://www.majestic12.co.uk/bot.php?+)"
71.168.105.197 - - [11/Mar/2012:10:06:47 -0700] "GET /blog/orwell-and-huxley.html HTTP/1.1" 200 5580 "-" "Mozilla/5.0 (compatible; MJ12bot/v1.4.2; http://www.majestic12.co.uk/bot.php?+)"
122.164.33.172 - - [11/Mar/2012:10:06:47 -0700] "-" 400 0 "-" "-"
85.17.88.169 - - [11/Mar/2012:10:06:48 -0700] "POST /blog/wp-cron.php?doing_wp_cron=1331485524 HTTP/1.0" 499 0 "-" "WordPress/3.3.1; http://yuvi.in/blog"
209.85.224.87 - - [11/Mar/2012:10:06:48 -0700] "GET /blog/feed HTTP/1.1" 304 0 "-" "FeedBurner/1.0 (http://www.FeedBurner.com)"
85.17.88.169 - - [11/Mar/2012:10:07:27 -0700] "POST /blog/wp-cron.php?doing_wp_cron=1331485563 HTTP/1.0" 499 0 "-" "WordPress/3.3.1; http://yuvi.in/blog"
122.164.33.172 - - [11/Mar/2012:10:07:27 -0700] "GET /blog/college-drop/ HTTP/1.1" 200 4510 "http://www.facebook.com/l.php?u=http%3A%2F%2Fyuvi.in%2Fblog%2Fcollege-drop%2F&h=QAQFymbiEAQHxRSORv2umUfW87_Qqd0J2Ef2es02AJkwiRg&enc=AZNMwePYuFl_2XUqCtO71yZy8ajHRcXwJ_hjKfke1vvVFkeBXDqRZQ4jJJRAE8WG4szMQPz8ZuLIy9WW0bwJib3c" "Mozilla/5.0 (Windows NT 6.1) AppleWebKit/535.11 (KHTML, like Gecko) Chrome/17.0.963.78 Safari/535.11"
122.164.33.172 - - [11/Mar/2012:10:07:28 -0700] "GET /blog/wp-content/themes/cleanr/js/jquery.dropdown.js?ver=3.3.1 HTTP/1.1" 200 535 "http://yuvi.in/blog/college-drop/" "Mozilla/5.0 (Windows NT 6.1) AppleWebKit/535.11 (KHTML, like Gecko) Chrome/17.0.963.78 Safari/535.11"
122.164.33.172 - - [11/Mar/2012:10:07:28 -0700] "GET /blog/wp-content/themes/cleanr/style.css HTTP/1.1" 200 10508 "http://yuvi.in/blog/college-drop/" "Mozilla/5.0 (Windows NT 6.1) AppleWebKit/535.11 (KHTML, like Gecko) Chrome/17.0.963.78 Safari/535.11"
122.164.33.172 - - [11/Mar/2012:10:07:29 -0700] "GET /blog/wp-content/themes/cleanr/css/960.css HTTP/1.1" 200 3628 "http://yuvi.in/blog/college-drop/" "Mozilla/5.0 (Windows NT 6.1) AppleWebKit/535.11 (KHTML, like Gecko) Chrome/17.0.963.78 Safari/535.11"
122.164.33.172 - - [11/Mar/2012:10:07:29 -0700] "GET /blog/wp-content/themes/cleanr/css/text.css HTTP/1.1" 200 420 "http://yuvi.in/blog/college-drop/" "Mozilla/5.0 (Windows NT 6.1) AppleWebKit/535.11 (KHTML, like Gecko) Chrome/17.0.963.78 Safari/535.11"
122.164.33.172 - - [11/Mar/2012:10:07:29 -0700] "GET /blog/wp-content/themes/cleanr/css/reset.css HTTP/1.1" 200 648 "http://yuvi.in/blog/college-drop/" "Mozilla/5.0 (Windows NT 6.1) AppleWebKit/535.11 (KHTML, like Gecko) Chrome/17.0.963.78 Safari/535.11"
122.164.33.172 - - [11/Mar/2012:10:07:30 -0700] "GET /blog/wp-includes/js/jquery/jquery.js?ver=1.7.1 HTTP/1.1" 200 93889 "http://yuvi.in/blog/college-drop/" "Mozilla/5.0 (Windows NT 6.1) AppleWebKit/535.11 (KHTML, like Gecko) Chrome/17.0.963.78 Safari/535.11"
122.164.33.172 - - [11/Mar/2012:10:07:31 -0700] "GET /blog/wp-content/themes/cleanr/images/search_magnifier.gif HTTP/1.1" 200 394 "http://yuvi.in/blog/college-drop/" "Mozilla/5.0 (Windows NT 6.1) AppleWebKit/535.11 (KHTML, like Gecko) Chrome/17.0.963.78 Safari/535.11"
122.164.33.172 - - [11/Mar/2012:10:07:32 -0700] "GET /favicon.ico HTTP/1.1" 404 199 "-" "Mozilla/5.0 (Windows NT 6.1) AppleWebKit/535.11 (KHTML, like Gecko) Chrome/17.0.963.78 Safari/535.11"
85.17.88.169 - - [11/Mar/2012:10:07:35 -0700] "POST /blog/wp-cron.php?doing_wp_cron=1331485572 HTTP/1.0" 499 0 "-" "WordPress/3.3.1; http://yuvi.in/blog"
122.164.33.172 - - [11/Mar/2012:10:07:35 -0700] "GET /blog/college-drop/?cf_action=sync_comments&post_id=393 HTTP/1.1" 200 48 "http://yuvi.in/blog/college-drop/" "Mozilla/5.0 (Windows NT 6.1) AppleWebKit/535.11 (KHTML, like Gecko) Chrome/17.0.963.78 Safari/535.11"
115.249.153.109 - - [11/Mar/2012:10:09:22 -0700] "GET /r/2jm HTTP/1.0" 301 255 "http://ta.wikipedia.org/w/index.php?title=%E0%AE%AA%E0%AE%95%E0%AF%81%E0%AE%AA%E0%AF%8D%E0%AE%AA%E0%AF%81:%E0%AE%8E%E0%AE%B4%E0%AF%81%E0%AE%A4%E0%AF%8D%E0%AE%A4%E0%AE%BE%E0%AE%B3%E0%AE%B0%E0%AF%8D%E0%AE%95%E0%AE%B3%E0%AF%8D_%E0%AE%AA%E0%AE%B1%E0%AF%8D%E0%AE%B1%E0%AE%BF%E0%AE%AF_%E0%AE%95%E0%AF%81%E0%AE%B1%E0%AF%81%E0%AE%99%E0%AF%8D%E0%AE%95%E0%AE%9F%E0%AF%8D%E0%AE%9F%E0%AF%81%E0%AE%B0%E0%AF%88%E0%AE%95%E0%AE%B3%E0%AF%8D&pageuntil=%E0%AE%B5%E0%AE%BE%E0%AE%A9%E0%AF%8D+%E0%AE%B0%E0%AE%AE%E0%AF%8B%E0%AE%A9%E0%AF%8D+%E0%AE%B9%E0%AE%BF%E0%AE%AE%E0%AF%86%E0%AE%A9%E0%AF%86%E0%AE%B8%E0%AF%8D" "Mozilla/5.0 (Windows NT 5.1) AppleWebKit/535.11 (KHTML, like Gecko) Chrome/17.0.963.56 Safari/535.11"
115.249.153.109 - - [11/Mar/2012:10:09:22 -0700] "GET /s/ta/2jm/ HTTP/1.0" 302 779 "http://ta.wikipedia.org/w/index.php?title=%E0%AE%AA%E0%AE%95%E0%AF%81%E0%AE%AA%E0%AF%8D%E0%AE%AA%E0%AF%81:%E0%AE%8E%E0%AE%B4%E0%AF%81%E0%AE%A4%E0%AF%8D%E0%AE%A4%E0%AE%BE%E0%AE%B3%E0%AE%B0%E0%AF%8D%E0%AE%95%E0%AE%B3%E0%AF%8D_%E0%AE%AA%E0%AE%B1%E0%AF%8D%E0%AE%B1%E0%AE%BF%E0%AE%AF_%E0%AE%95%E0%AF%81%E0%AE%B1%E0%AF%81%E0%AE%99%E0%AF%8D%E0%AE%95%E0%AE%9F%E0%AF%8D%E0%AE%9F%E0%AF%81%E0%AE%B0%E0%AF%88%E0%AE%95%E0%AE%B3%E0%AF%8D&pageuntil=%E0%AE%B5%E0%AE%BE%E0%AE%A9%E0%AF%8D+%E0%AE%B0%E0%AE%AE%E0%AF%8B%E0%AE%A9%E0%AF%8D+%E0%AE%B9%E0%AE%BF%E0%AE%AE%E0%AF%86%E0%AE%A9%E0%AF%86%E0%AE%B8%E0%AF%8D" "Mozilla/5.0 (Windows NT 5.1) AppleWebKit/535.11 (KHTML, like Gecko) Chrome/17.0.963.56 Safari/535.11"
122.172.6.112 - - [11/Mar/2012:10:09:38 -0700] "GET / HTTP/1.1" 200 1430 "-" "Reeder/1.5.4 CFNetwork/548.1.4 Darwin/11.0.0"
122.172.6.112 - - [11/Mar/2012:10:09:38 -0700] "GET /favicon.ico HTTP/1.1" 404 142 "-" "Reeder/1.5.4 CFNetwork/548.1.4 Darwin/11.0.0"
122.172.6.112 - - [11/Mar/2012:10:09:38 -0700] "GET / HTTP/1.1" 200 1430 "-" "Reeder/1.5.4 CFNetwork/548.1.4 Darwin/11.0.0"
122.172.6.112 - - [11/Mar/2012:10:09:39 -0700] "GET /apple-touch-icon.png HTTP/1.1" 404 142 "-" "Reeder/1.5.4 CFNetwork/548.1.4 Darwin/11.0.0"
122.172.6.112 - - [11/Mar/2012:10:09:39 -0700] "GET /apple-touch-icon-precomposed.png HTTP/1.1" 404 142 "-" "Reeder/1.5.4 CFNetwork/548.1.4 Darwin/11.0.0"
122.164.31.184 - - [11/Mar/2012:10:09:59 -0700] "-" 400 0 "-" "-"
117.204.19.206 - - [11/Mar/2012:10:10:07 -0700] "-" 400 0 "-" "-"
122.164.31.184 - - [11/Mar/2012:10:10:48 -0700] "-" 400 0 "-" "-"
141.0.9.10 - - [11/Mar/2012:10:11:33 -0700] "-" 400 0 "-" "-"
78.101.60.142 - - [11/Mar/2012:10:12:16 -0700] "GET /favicon.ico HTTP/1.1" 404 142 "-" "Mozilla/5.0 (Windows; U; Windows NT 6.1; en-US; rv:1.9.1) Gecko/20090624 Firefox/3.5"
117.204.19.206 - - [11/Mar/2012:10:12:27 -0700] "-" 400 0 "-" "-"
117.204.19.206 - - [11/Mar/2012:10:12:27 -0700] "-" 400 0 "-" "-"
117.204.19.206 - - [11/Mar/2012:10:12:27 -0700] "-" 400 0 "-" "-"
117.204.19.206 - - [11/Mar/2012:10:12:27 -0700] "-" 400 0 "-" "-"
117.204.19.206 - - [11/Mar/2012:10:12:27 -0700] "-" 400 0 "-" "-"
122.164.31.184 - - [11/Mar/2012:10:13:03 -0700] "-" 400 0 "-" "-"
59.92.39.53 - - [11/Mar/2012:10:17:47 -0700] "-" 400 0 "-" "-"
59.92.39.53 - - [11/Mar/2012:10:17:47 -0700] "-" 400 0 "-" "-"
59.92.39.53 - - [11/Mar/2012:10:17:47 -0700] "-" 400 0 "-" "-"
14.96.106.21 - - [11/Mar/2012:10:18:23 -0700] "GET /r/1xul HTTP/1.1" 301 257 "http://ta.wikipedia.org/wiki/%E0%AE%A8%E0%AF%8B%E0%AE%AF%E0%AF%8D%E0%AE%95%E0%AE%B3%E0%AE%BF%E0%AE%A9%E0%AF%8D_%E0%AE%A4%E0%AE%B0%E0%AE%B5%E0%AF%81%E0%AE%A4%E0%AF%8D%E0%AE%A4%E0%AE%B3%E0%AE%AE%E0%AF%8D" "Mozilla/5.0 (Windows NT 6.0) AppleWebKit/535.11 (KHTML, like Gecko) Chrome/17.0.963.78 Safari/535.11"
14.96.106.21 - - [11/Mar/2012:10:18:24 -0700] "GET /s/ta/1xul/ HTTP/1.1" 302 497 "http://ta.wikipedia.org/wiki/%E0%AE%A8%E0%AF%8B%E0%AE%AF%E0%AF%8D%E0%AE%95%E0%AE%B3%E0%AE%BF%E0%AE%A9%E0%AF%8D_%E0%AE%A4%E0%AE%B0%E0%AE%B5%E0%AF%81%E0%AE%A4%E0%AF%8D%E0%AE%A4%E0%AE%B3%E0%AE%AE%E0%AF%8D" "Mozilla/5.0 (Windows NT 6.0) AppleWebKit/535.11 (KHTML, like Gecko) Chrome/17.0.963.78 Safari/535.11"
14.96.106.21 - - [11/Mar/2012:10:18:39 -0700] "-" 400 0 "-" "-"
207.46.204.163 - - [11/Mar/2012:10:19:23 -0700] "-" 400 0 "-" "-"
207.46.204.163 - - [11/Mar/2012:10:19:27 -0700] "-" 400 0 "-" "-"
207.46.204.163 - - [11/Mar/2012:10:19:29 -0700] "-" 400 0 "-" "-"
207.46.204.163 - - [11/Mar/2012:10:19:29 -0700] "-" 400 0 "-" "-"
207.46.204.163 - - [11/Mar/2012:10:19:29 -0700] "-" 400 0 "-" "-"
207.46.204.163 - - [11/Mar/2012:10:19:29 -0700] "-" 400 0 "-" "-"
207.46.204.163 - - [11/Mar/2012:10:19:30 -0700] "-" 400 0 "-" "-"
207.46.204.163 - - [11/Mar/2012:10:19:31 -0700] "-" 400 0 "-" "-"
207.46.204.163 - - [11/Mar/2012:10:19:31 -0700] "-" 400 0 "-" "-"
