207.46.204.170 - - [16/Mar/2012:13:27:14 -0700] "-" 400 0 "-" "-"
132.205.23.104 - - [16/Mar/2012:13:27:31 -0700] "GET / HTTP/1.1" 200 1430 "http://www.facebook.com/l.php?u=http%3A%2F%2Fyuvi.in%2F&h=5AQFE3dTJ" "Mozilla/5.0 (Windows NT 6.1; rv:10.0.2) Gecko/20100101 Firefox/10.0.2"
132.205.23.104 - - [16/Mar/2012:13:27:31 -0700] "GET /blueprint/screen.css HTTP/1.1" 200 12058 "http://yuvi.in/" "Mozilla/5.0 (Windows NT 6.1; rv:10.0.2) Gecko/20100101 Firefox/10.0.2"
132.205.23.104 - - [16/Mar/2012:13:27:31 -0700] "GET /header.png HTTP/1.1" 200 14249 "http://yuvi.in/" "Mozilla/5.0 (Windows NT 6.1; rv:10.0.2) Gecko/20100101 Firefox/10.0.2"
132.205.23.104 - - [16/Mar/2012:13:27:31 -0700] "GET /blueprint/print.css HTTP/1.1" 200 1284 "http://yuvi.in/" "Mozilla/5.0 (Windows NT 6.1; rv:10.0.2) Gecko/20100101 Firefox/10.0.2"
132.205.23.104 - - [16/Mar/2012:13:27:32 -0700] "GET /favicon.ico HTTP/1.1" 404 142 "-" "Mozilla/5.0 (Windows NT 6.1; rv:10.0.2) Gecko/20100101 Firefox/10.0.2"
132.205.23.104 - - [16/Mar/2012:13:27:32 -0700] "GET /favicon.ico HTTP/1.1" 404 142 "-" "Mozilla/5.0 (Windows NT 6.1; rv:10.0.2) Gecko/20100101 Firefox/10.0.2"
132.205.23.104 - - [16/Mar/2012:13:27:32 -0700] "GET /favicon.ico HTTP/1.1" 404 142 "-" "Mozilla/5.0 (Windows NT 6.1; rv:10.0.2) Gecko/20100101 Firefox/10.0.2"
132.205.23.104 - - [16/Mar/2012:13:27:37 -0700] "GET /blog HTTP/1.1" 301 178 "http://yuvi.in/" "Mozilla/5.0 (Windows NT 6.1; rv:10.0.2) Gecko/20100101 Firefox/10.0.2"
132.205.23.104 - - [16/Mar/2012:13:27:38 -0700] "GET /blog/ HTTP/1.1" 200 9195 "http://yuvi.in/" "Mozilla/5.0 (Windows NT 6.1; rv:10.0.2) Gecko/20100101 Firefox/10.0.2"
132.205.23.104 - - [16/Mar/2012:13:27:39 -0700] "GET /blog/wp-content/themes/cleanr/js/jquery.dropdown.js?ver=3.3.1 HTTP/1.1" 200 535 "http://yuvi.in/blog/" "Mozilla/5.0 (Windows NT 6.1; rv:10.0.2) Gecko/20100101 Firefox/10.0.2"
132.205.23.104 - - [16/Mar/2012:13:27:39 -0700] "GET /blog/wp-content/themes/cleanr/style.css HTTP/1.1" 200 10508 "http://yuvi.in/blog/" "Mozilla/5.0 (Windows NT 6.1; rv:10.0.2) Gecko/20100101 Firefox/10.0.2"
132.205.23.104 - - [16/Mar/2012:13:27:39 -0700] "GET /blog/wp-includes/js/jquery/jquery.js?ver=1.7.1 HTTP/1.1" 200 93889 "http://yuvi.in/blog/" "Mozilla/5.0 (Windows NT 6.1; rv:10.0.2) Gecko/20100101 Firefox/10.0.2"
132.205.23.104 - - [16/Mar/2012:13:27:39 -0700] "GET /blog/wp-content/themes/cleanr/css/text.css HTTP/1.1" 200 420 "http://yuvi.in/blog/wp-content/themes/cleanr/style.css" "Mozilla/5.0 (Windows NT 6.1; rv:10.0.2) Gecko/20100101 Firefox/10.0.2"
132.205.23.104 - - [16/Mar/2012:13:27:39 -0700] "GET /blog/wp-content/themes/cleanr/css/reset.css HTTP/1.1" 200 648 "http://yuvi.in/blog/wp-content/themes/cleanr/style.css" "Mozilla/5.0 (Windows NT 6.1; rv:10.0.2) Gecko/20100101 Firefox/10.0.2"
132.205.23.104 - - [16/Mar/2012:13:27:39 -0700] "GET /blog/wp-content/themes/cleanr/css/960.css HTTP/1.1" 200 3628 "http://yuvi.in/blog/wp-content/themes/cleanr/style.css" "Mozilla/5.0 (Windows NT 6.1; rv:10.0.2) Gecko/20100101 Firefox/10.0.2"
132.205.23.104 - - [16/Mar/2012:13:27:40 -0700] "GET /blog/wp-content/themes/cleanr/images/search_magnifier.gif HTTP/1.1" 200 394 "http://yuvi.in/blog/" "Mozilla/5.0 (Windows NT 6.1; rv:10.0.2) Gecko/20100101 Firefox/10.0.2"
98.172.15.254 - - [16/Mar/2012:13:27:43 -0700] "GET /favicon.ico HTTP/1.1" 404 169 "-" "Caffeinated/1.1 CFNetwork/520.3.2 Darwin/11.3.0 (x86_64) (MacBookPro8%2C1)"
98.172.15.254 - - [16/Mar/2012:13:27:46 -0700] "GET /favicon.ico HTTP/1.1" 404 169 "-" "Caffeinated/1.1 CFNetwork/520.3.2 Darwin/11.3.0 (x86_64) (MacBookPro8%2C1)"
85.17.88.169 - - [16/Mar/2012:13:28:28 -0700] "POST /blog/wp-cron.php?doing_wp_cron=1331929583 HTTP/1.0" 499 0 "-" "WordPress/3.3.1; http://yuvi.in/blog"
209.85.224.91 - - [16/Mar/2012:13:28:28 -0700] "GET /blog/feed HTTP/1.1" 304 0 "-" "FeedBurner/1.0 (http://www.FeedBurner.com)"
98.172.15.254 - - [16/Mar/2012:13:28:43 -0700] "GET /favicon.ico HTTP/1.1" 404 169 "-" "Caffeinated/1.1 CFNetwork/520.3.2 Darwin/11.3.0 (x86_64) (MacBookPro8%2C1)"
98.172.15.254 - - [16/Mar/2012:13:28:46 -0700] "GET /favicon.ico HTTP/1.1" 404 169 "-" "Caffeinated/1.1 CFNetwork/520.3.2 Darwin/11.3.0 (x86_64) (MacBookPro8%2C1)"
98.172.15.254 - - [16/Mar/2012:13:29:43 -0700] "GET / HTTP/1.1" 304 0 "-" "Caffeinated/1.1 CFNetwork/520.3.2 Darwin/11.3.0 (x86_64) (MacBookPro8%2C1)"
98.172.15.254 - - [16/Mar/2012:13:29:43 -0700] "GET /favicon.ico HTTP/1.1" 404 169 "-" "Caffeinated/1.1 CFNetwork/520.3.2 Darwin/11.3.0 (x86_64) (MacBookPro8%2C1)"
98.172.15.254 - - [16/Mar/2012:13:29:46 -0700] "GET /favicon.ico HTTP/1.1" 404 169 "-" "Caffeinated/1.1 CFNetwork/520.3.2 Darwin/11.3.0 (x86_64) (MacBookPro8%2C1)"
208.115.111.68 - - [16/Mar/2012:13:29:54 -0700] "GET /blog/what-i-learnt-from-the-hackfest-at-iitm.html HTTP/1.1" 200 8807 "-" "Mozilla/5.0 (compatible; Ezooms/1.0; ezooms.bot@gmail.com)"
98.172.15.254 - - [16/Mar/2012:13:31:32 -0700] "GET /favicon.ico HTTP/1.1" 404 169 "-" "Caffeinated/1.1 CFNetwork/520.3.2 Darwin/11.3.0 (x86_64) (MacBookPro8%2C1)"
98.172.15.254 - - [16/Mar/2012:13:31:37 -0700] "GET /favicon.ico HTTP/1.1" 404 169 "-" "Caffeinated/1.1 CFNetwork/520.3.2 Darwin/11.3.0 (x86_64) (MacBookPro8%2C1)"
98.172.15.254 - - [16/Mar/2012:13:33:23 -0700] "GET /favicon.ico HTTP/1.1" 404 169 "-" "Caffeinated/1.1 CFNetwork/520.3.2 Darwin/11.3.0 (x86_64) (MacBookPro8%2C1)"
98.172.15.254 - - [16/Mar/2012:13:33:27 -0700] "GET /favicon.ico HTTP/1.1" 404 169 "-" "Caffeinated/1.1 CFNetwork/520.3.2 Darwin/11.3.0 (x86_64) (MacBookPro8%2C1)"
123.125.71.13 - - [16/Mar/2012:13:33:55 -0700] "GET / HTTP/1.1" 200 3439 "-" "Mozilla/5.0 (compatible; Baiduspider/2.0; +http://www.baidu.com/search/spider.html)"
220.181.108.86 - - [16/Mar/2012:13:34:30 -0700] "GET / HTTP/1.1" 200 3439 "-" "Mozilla/5.0 (compatible; Baiduspider/2.0; +http://www.baidu.com/search/spider.html)"
85.17.88.169 - - [16/Mar/2012:13:34:43 -0700] "POST /blog/wp-cron.php?doing_wp_cron=1331929958 HTTP/1.0" 499 0 "-" "WordPress/3.3.1; http://yuvi.in/blog"
209.85.238.115 - - [16/Mar/2012:13:34:43 -0700] "GET /blog/feed/ HTTP/1.1" 304 0 "-" "Feedfetcher-Google; (+http://www.google.com/feedfetcher.html; 19 subscribers; feed-id=15064232456473204253)"
98.172.15.254 - - [16/Mar/2012:13:35:11 -0700] "GET / HTTP/1.1" 304 0 "-" "Caffeinated/1.1 CFNetwork/520.3.2 Darwin/11.3.0 (x86_64) (MacBookPro8%2C1)"
98.172.15.254 - - [16/Mar/2012:13:35:11 -0700] "GET /favicon.ico HTTP/1.1" 404 169 "-" "Caffeinated/1.1 CFNetwork/520.3.2 Darwin/11.3.0 (x86_64) (MacBookPro8%2C1)"
98.172.15.254 - - [16/Mar/2012:13:35:14 -0700] "GET /favicon.ico HTTP/1.1" 404 169 "-" "Caffeinated/1.1 CFNetwork/520.3.2 Darwin/11.3.0 (x86_64) (MacBookPro8%2C1)"
98.172.15.254 - - [16/Mar/2012:13:37:17 -0700] "GET /favicon.ico HTTP/1.1" 404 169 "-" "Caffeinated/1.1 CFNetwork/520.3.2 Darwin/11.3.0 (x86_64) (MacBookPro8%2C1)"
98.172.15.254 - - [16/Mar/2012:13:37:19 -0700] "GET /favicon.ico HTTP/1.1" 404 169 "-" "Caffeinated/1.1 CFNetwork/520.3.2 Darwin/11.3.0 (x86_64) (MacBookPro8%2C1)"
98.172.15.254 - - [16/Mar/2012:13:39:08 -0700] "GET /favicon.ico HTTP/1.1" 404 169 "-" "Caffeinated/1.1 CFNetwork/520.3.2 Darwin/11.3.0 (x86_64) (MacBookPro8%2C1)"
98.172.15.254 - - [16/Mar/2012:13:39:11 -0700] "GET /favicon.ico HTTP/1.1" 404 169 "-" "Caffeinated/1.1 CFNetwork/520.3.2 Darwin/11.3.0 (x86_64) (MacBookPro8%2C1)"
207.46.204.217 - - [16/Mar/2012:13:39:32 -0700] "-" 400 0 "-" "-"
207.46.204.217 - - [16/Mar/2012:13:39:33 -0700] "-" 400 0 "-" "-"
207.46.204.217 - - [16/Mar/2012:13:39:33 -0700] "-" 400 0 "-" "-"
207.46.204.217 - - [16/Mar/2012:13:39:33 -0700] "-" 400 0 "-" "-"
207.46.204.217 - - [16/Mar/2012:13:39:34 -0700] "-" 400 0 "-" "-"
207.46.204.217 - - [16/Mar/2012:13:39:34 -0700] "-" 400 0 "-" "-"
207.46.204.217 - - [16/Mar/2012:13:39:34 -0700] "-" 400 0 "-" "-"
207.46.204.217 - - [16/Mar/2012:13:39:34 -0700] "-" 400 0 "-" "-"
207.46.204.217 - - [16/Mar/2012:13:39:34 -0700] "-" 400 0 "-" "-"
207.46.204.217 - - [16/Mar/2012:13:39:34 -0700] "-" 400 0 "-" "-"
207.46.204.217 - - [16/Mar/2012:13:40:07 -0700] "-" 400 0 "-" "-"
98.172.15.254 - - [16/Mar/2012:13:40:59 -0700] "GET / HTTP/1.1" 304 0 "-" "Caffeinated/1.1 CFNetwork/520.3.2 Darwin/11.3.0 (x86_64) (MacBookPro8%2C1)"
98.172.15.254 - - [16/Mar/2012:13:40:59 -0700] "GET /favicon.ico HTTP/1.1" 404 169 "-" "Caffeinated/1.1 CFNetwork/520.3.2 Darwin/11.3.0 (x86_64) (MacBookPro8%2C1)"
98.172.15.254 - - [16/Mar/2012:13:41:02 -0700] "GET /favicon.ico HTTP/1.1" 404 169 "-" "Caffeinated/1.1 CFNetwork/520.3.2 Darwin/11.3.0 (x86_64) (MacBookPro8%2C1)"
98.172.15.254 - - [16/Mar/2012:13:43:08 -0700] "GET /favicon.ico HTTP/1.1" 404 169 "-" "Caffeinated/1.1 CFNetwork/520.3.2 Darwin/11.3.0 (x86_64) (MacBookPro8%2C1)"
98.172.15.254 - - [16/Mar/2012:13:43:11 -0700] "GET /favicon.ico HTTP/1.1" 404 169 "-" "Caffeinated/1.1 CFNetwork/520.3.2 Darwin/11.3.0 (x86_64) (MacBookPro8%2C1)"
85.17.88.169 - - [16/Mar/2012:13:43:39 -0700] "POST /blog/wp-cron.php?doing_wp_cron=1331930494 HTTP/1.0" 499 0 "-" "WordPress/3.3.1; http://yuvi.in/blog"
180.76.5.147 - - [16/Mar/2012:13:43:39 -0700] "GET /blog/?p=58 HTTP/1.1" 301 0 "-" "Mozilla/5.0 (compatible; Baiduspider/2.0; +http://www.baidu.com/search/spider.html)"
85.17.88.169 - - [16/Mar/2012:13:43:41 -0700] "POST /blog/wp-cron.php?doing_wp_cron=1331930497 HTTP/1.0" 499 0 "-" "WordPress/3.3.1; http://yuvi.in/blog"
180.76.6.222 - - [16/Mar/2012:13:43:42 -0700] "GET /blog/code-highligting-plugin-for-hislain/ HTTP/1.1" 200 4559 "-" "Mozilla/5.0 (compatible; Baiduspider/2.0; +http://www.baidu.com/search/spider.html)"
98.172.15.254 - - [16/Mar/2012:13:45:15 -0700] "GET /favicon.ico HTTP/1.1" 404 169 "-" "Caffeinated/1.1 CFNetwork/520.3.2 Darwin/11.3.0 (x86_64) (MacBookPro8%2C1)"
98.172.15.254 - - [16/Mar/2012:13:45:18 -0700] "GET /favicon.ico HTTP/1.1" 404 169 "-" "Caffeinated/1.1 CFNetwork/520.3.2 Darwin/11.3.0 (x86_64) (MacBookPro8%2C1)"
98.172.15.254 - - [16/Mar/2012:13:47:26 -0700] "GET / HTTP/1.1" 304 0 "-" "Caffeinated/1.1 CFNetwork/520.3.2 Darwin/11.3.0 (x86_64) (MacBookPro8%2C1)"
98.172.15.254 - - [16/Mar/2012:13:47:26 -0700] "GET /favicon.ico HTTP/1.1" 404 169 "-" "Caffeinated/1.1 CFNetwork/520.3.2 Darwin/11.3.0 (x86_64) (MacBookPro8%2C1)"
98.172.15.254 - - [16/Mar/2012:13:47:29 -0700] "GET /favicon.ico HTTP/1.1" 404 169 "-" "Caffeinated/1.1 CFNetwork/520.3.2 Darwin/11.3.0 (x86_64) (MacBookPro8%2C1)"
65.52.109.152 - - [16/Mar/2012:13:48:32 -0700] "GET /robots.txt HTTP/1.1" 404 169 "-" "Mozilla/5.0 (compatible; bingbot/2.0; +http://www.bing.com/bingbot.htm)"
207.46.204.167 - - [16/Mar/2012:13:48:57 -0700] "-" 400 0 "-" "-"
207.46.204.167 - - [16/Mar/2012:13:48:59 -0700] "-" 400 0 "-" "-"
207.46.204.167 - - [16/Mar/2012:13:49:00 -0700] "-" 400 0 "-" "-"
207.46.204.167 - - [16/Mar/2012:13:49:00 -0700] "-" 400 0 "-" "-"
207.46.204.167 - - [16/Mar/2012:13:49:01 -0700] "-" 400 0 "-" "-"
207.46.204.167 - - [16/Mar/2012:13:49:01 -0700] "-" 400 0 "-" "-"
207.46.204.167 - - [16/Mar/2012:13:49:01 -0700] "-" 400 0 "-" "-"
207.46.204.167 - - [16/Mar/2012:13:49:01 -0700] "-" 400 0 "-" "-"
207.46.204.167 - - [16/Mar/2012:13:49:03 -0700] "-" 400 0 "-" "-"
207.46.204.167 - - [16/Mar/2012:13:49:03 -0700] "-" 400 0 "-" "-"
98.172.15.254 - - [16/Mar/2012:13:49:32 -0700] "GET /favicon.ico HTTP/1.1" 404 169 "-" "Caffeinated/1.1 CFNetwork/520.3.2 Darwin/11.3.0 (x86_64) (MacBookPro8%2C1)"
98.172.15.254 - - [16/Mar/2012:13:49:35 -0700] "GET /favicon.ico HTTP/1.1" 404 169 "-" "Caffeinated/1.1 CFNetwork/520.3.2 Darwin/11.3.0 (x86_64) (MacBookPro8%2C1)"
220.181.108.179 - - [16/Mar/2012:13:50:20 -0700] "GET /r/1z5n HTTP/1.1" 301 257 "-" "Mozilla/5.0 (compatible; Baiduspider/2.0; +http://www.baidu.com/search/spider.html)"
220.181.108.179 - - [16/Mar/2012:13:50:20 -0700] "GET /s/ta/1z5n/ HTTP/1.1" 302 609 "-" "Mozilla/5.0 (compatible; Baiduspider/2.0; +http://www.baidu.com/search/spider.html)"
98.172.15.254 - - [16/Mar/2012:13:51:14 -0700] "GET /favicon.ico HTTP/1.1" 404 169 "-" "Caffeinated/1.1 CFNetwork/520.3.2 Darwin/11.3.0 (x86_64) (MacBookPro8%2C1)"
98.172.15.254 - - [16/Mar/2012:13:51:17 -0700] "GET /favicon.ico HTTP/1.1" 404 169 "-" "Caffeinated/1.1 CFNetwork/520.3.2 Darwin/11.3.0 (x86_64) (MacBookPro8%2C1)"
98.172.15.254 - - [16/Mar/2012:13:53:16 -0700] "GET / HTTP/1.1" 304 0 "-" "Caffeinated/1.1 CFNetwork/520.3.2 Darwin/11.3.0 (x86_64) (MacBookPro8%2C1)"
98.172.15.254 - - [16/Mar/2012:13:53:16 -0700] "GET /favicon.ico HTTP/1.1" 404 169 "-" "Caffeinated/1.1 CFNetwork/520.3.2 Darwin/11.3.0 (x86_64) (MacBookPro8%2C1)"
98.172.15.254 - - [16/Mar/2012:13:53:20 -0700] "GET /favicon.ico HTTP/1.1" 404 169 "-" "Caffeinated/1.1 CFNetwork/520.3.2 Darwin/11.3.0 (x86_64) (MacBookPro8%2C1)"
91.212.12.60 - - [16/Mar/2012:13:54:42 -0700] "GET /robots.txt HTTP/1.1" 404 238 "-" "Comodo-Certificates-Spider"
98.172.15.254 - - [16/Mar/2012:13:55:10 -0700] "GET /favicon.ico HTTP/1.1" 404 169 "-" "Caffeinated/1.1 CFNetwork/520.3.2 Darwin/11.3.0 (x86_64) (MacBookPro8%2C1)"
98.172.15.254 - - [16/Mar/2012:13:55:15 -0700] "GET /favicon.ico HTTP/1.1" 404 169 "-" "Caffeinated/1.1 CFNetwork/520.3.2 Darwin/11.3.0 (x86_64) (MacBookPro8%2C1)"
98.172.15.254 - - [16/Mar/2012:13:57:02 -0700] "GET /favicon.ico HTTP/1.1" 404 169 "-" "Caffeinated/1.1 CFNetwork/520.3.2 Darwin/11.3.0 (x86_64) (MacBookPro8%2C1)"
98.172.15.254 - - [16/Mar/2012:13:57:12 -0700] "GET /favicon.ico HTTP/1.1" 404 169 "-" "Caffeinated/1.1 CFNetwork/520.3.2 Darwin/11.3.0 (x86_64) (MacBookPro8%2C1)"
85.17.88.169 - - [16/Mar/2012:13:58:36 -0700] "POST /blog/wp-cron.php?doing_wp_cron=1331931391 HTTP/1.0" 499 0 "-" "WordPress/3.3.1; http://yuvi.in/blog"
209.85.224.97 - - [16/Mar/2012:13:58:36 -0700] "GET /blog/feed HTTP/1.1" 304 0 "-" "FeedBurner/1.0 (http://www.FeedBurner.com)"
98.172.15.254 - - [16/Mar/2012:13:58:55 -0700] "GET / HTTP/1.1" 304 0 "-" "Caffeinated/1.1 CFNetwork/520.3.2 Darwin/11.3.0 (x86_64) (MacBookPro8%2C1)"
98.172.15.254 - - [16/Mar/2012:13:58:55 -0700] "GET /favicon.ico HTTP/1.1" 404 169 "-" "Caffeinated/1.1 CFNetwork/520.3.2 Darwin/11.3.0 (x86_64) (MacBookPro8%2C1)"
98.172.15.254 - - [16/Mar/2012:13:58:58 -0700] "GET /favicon.ico HTTP/1.1" 404 169 "-" "Caffeinated/1.1 CFNetwork/520.3.2 Darwin/11.3.0 (x86_64) (MacBookPro8%2C1)"
85.17.88.169 - - [16/Mar/2012:14:00:43 -0700] "POST /blog/wp-cron.php?doing_wp_cron=1331931519 HTTP/1.0" 499 0 "-" "WordPress/3.3.1; http://yuvi.in/blog"
189.236.58.123 - - [16/Mar/2012:14:00:44 -0700] "GET /blog/category/devlog/ HTTP/1.1" 200 43214 "-" "Mozilla/5.0 (compatible; Googlebot/2.1; +http://www.google.com/bot.html)"
98.172.15.254 - - [16/Mar/2012:14:00:49 -0700] "GET /favicon.ico HTTP/1.1" 404 169 "-" "Caffeinated/1.1 CFNetwork/520.3.2 Darwin/11.3.0 (x86_64) (MacBookPro8%2C1)"
98.172.15.254 - - [16/Mar/2012:14:00:52 -0700] "GET /favicon.ico HTTP/1.1" 404 169 "-" "Caffeinated/1.1 CFNetwork/520.3.2 Darwin/11.3.0 (x86_64) (MacBookPro8%2C1)"
85.17.88.169 - - [16/Mar/2012:14:01:15 -0700] "POST /blog/wp-cron.php?doing_wp_cron=1331931550 HTTP/1.0" 499 0 "-" "WordPress/3.3.1; http://yuvi.in/blog"
78.144.20.185 - - [16/Mar/2012:14:01:15 -0700] "GET /blog/my-vimrc/ HTTP/1.1" 200 15921 "-" "Mozilla/5.0 (compatible; Googlebot/2.1; +http://www.google.com/bot.html)"
62.24.222.132 - - [16/Mar/2012:14:01:44 -0700] "GET /robots.txt HTTP/1.0" 404 571 "http://yuvi.in/robots.txt" "Mozilla/4.0 (compatible; MSIE 8.0; Windows NT 5.1; Trident/4.0; .NET CLR 2.0.50727; .NET CLR 3.0.04506.648; .NET CLR 3.5.21022; .NET CLR 3.0.4506.2152; .NET CLR 3.5.30729; InfoPath.2)"
85.17.88.169 - - [16/Mar/2012:14:01:46 -0700] "POST /blog/wp-cron.php?doing_wp_cron=1331931581 HTTP/1.0" 499 0 "-" "WordPress/3.3.1; http://yuvi.in/blog"
62.24.222.132 - - [16/Mar/2012:14:01:46 -0700] "GET /blog/my-vimrc/ HTTP/1.0" 200 16009 "http://yuvi.in/blog/my-vimrc/" "Mozilla/4.0 (compatible; MSIE 8.0; Windows NT 5.1; Trident/4.0; .NET CLR 2.0.50727; .NET CLR 3.0.04506.648; .NET CLR 3.5.21022; .NET CLR 3.0.4506.2152; .NET CLR 3.5.30729; InfoPath.2)"
89.134.199.53 - - [16/Mar/2012:14:02:20 -0700] "GET / HTTP/1.1" 200 1430 "-" "Reeder/1.5.4 CFNetwork/548.1.4 Darwin/11.0.0"
89.134.199.53 - - [16/Mar/2012:14:02:21 -0700] "GET /favicon.ico HTTP/1.1" 404 142 "-" "Reeder/1.5.4 CFNetwork/548.1.4 Darwin/11.0.0"
89.134.199.53 - - [16/Mar/2012:14:02:21 -0700] "GET / HTTP/1.1" 200 1430 "-" "Reeder/1.5.4 CFNetwork/548.1.4 Darwin/11.0.0"
89.134.199.53 - - [16/Mar/2012:14:02:21 -0700] "GET /apple-touch-icon.png HTTP/1.1" 404 142 "-" "Reeder/1.5.4 CFNetwork/548.1.4 Darwin/11.0.0"
89.134.199.53 - - [16/Mar/2012:14:02:21 -0700] "GET /apple-touch-icon-precomposed.png HTTP/1.1" 404 142 "-" "Reeder/1.5.4 CFNetwork/548.1.4 Darwin/11.0.0"
98.172.15.254 - - [16/Mar/2012:14:02:27 -0700] "GET /favicon.ico HTTP/1.1" 404 169 "-" "Caffeinated/1.1 CFNetwork/520.3.2 Darwin/11.3.0 (x86_64) (MacBookPro8%2C1)"
98.172.15.254 - - [16/Mar/2012:14:02:30 -0700] "GET /favicon.ico HTTP/1.1" 404 169 "-" "Caffeinated/1.1 CFNetwork/520.3.2 Darwin/11.3.0 (x86_64) (MacBookPro8%2C1)"
98.172.15.254 - - [16/Mar/2012:14:04:21 -0700] "GET / HTTP/1.1" 304 0 "-" "Caffeinated/1.1 CFNetwork/520.3.2 Darwin/11.3.0 (x86_64) (MacBookPro8%2C1)"
98.172.15.254 - - [16/Mar/2012:14:04:21 -0700] "GET /favicon.ico HTTP/1.1" 404 169 "-" "Caffeinated/1.1 CFNetwork/520.3.2 Darwin/11.3.0 (x86_64) (MacBookPro8%2C1)"
98.172.15.254 - - [16/Mar/2012:14:04:24 -0700] "GET /favicon.ico HTTP/1.1" 404 169 "-" "Caffeinated/1.1 CFNetwork/520.3.2 Darwin/11.3.0 (x86_64) (MacBookPro8%2C1)"
98.172.15.254 - - [16/Mar/2012:14:06:22 -0700] "GET /favicon.ico HTTP/1.1" 404 169 "-" "Caffeinated/1.1 CFNetwork/520.3.2 Darwin/11.3.0 (x86_64) (MacBookPro8%2C1)"
98.172.15.254 - - [16/Mar/2012:14:06:25 -0700] "GET /favicon.ico HTTP/1.1" 404 169 "-" "Caffeinated/1.1 CFNetwork/520.3.2 Darwin/11.3.0 (x86_64) (MacBookPro8%2C1)"
98.172.15.254 - - [16/Mar/2012:14:08:14 -0700] "GET /favicon.ico HTTP/1.1" 404 169 "-" "Caffeinated/1.1 CFNetwork/520.3.2 Darwin/11.3.0 (x86_64) (MacBookPro8%2C1)"
98.172.15.254 - - [16/Mar/2012:14:08:17 -0700] "GET /favicon.ico HTTP/1.1" 404 169 "-" "Caffeinated/1.1 CFNetwork/520.3.2 Darwin/11.3.0 (x86_64) (MacBookPro8%2C1)"
98.172.15.254 - - [16/Mar/2012:14:10:06 -0700] "GET / HTTP/1.1" 304 0 "-" "Caffeinated/1.1 CFNetwork/520.3.2 Darwin/11.3.0 (x86_64) (MacBookPro8%2C1)"
98.172.15.254 - - [16/Mar/2012:14:10:06 -0700] "GET /favicon.ico HTTP/1.1" 404 169 "-" "Caffeinated/1.1 CFNetwork/520.3.2 Darwin/11.3.0 (x86_64) (MacBookPro8%2C1)"
98.172.15.254 - - [16/Mar/2012:14:10:10 -0700] "GET /favicon.ico HTTP/1.1" 404 169 "-" "Caffeinated/1.1 CFNetwork/520.3.2 Darwin/11.3.0 (x86_64) (MacBookPro8%2C1)"
85.17.88.169 - - [16/Mar/2012:14:10:37 -0700] "POST /blog/wp-cron.php?doing_wp_cron=1331932113 HTTP/1.0" 499 0 "-" "WordPress/3.3.1; http://yuvi.in/blog"
151.25.227.115 - - [16/Mar/2012:14:10:38 -0700] "GET /blog/tag/code/ HTTP/1.1" 200 29760 "-" "Mozilla/5.0 (compatible; Googlebot/2.1; +http://www.google.com/bot.html)"
65.52.109.146 - - [16/Mar/2012:14:11:32 -0700] "GET /robots.txt HTTP/1.1" 404 169 "-" "Mozilla/5.0 (compatible; bingbot/2.0; +http://www.bing.com/bingbot.htm)"
85.17.88.169 - - [16/Mar/2012:14:11:34 -0700] "POST /blog/wp-cron.php?doing_wp_cron=1331932169 HTTP/1.0" 499 0 "-" "WordPress/3.3.1; http://yuvi.in/blog"
65.52.109.146 - - [16/Mar/2012:14:11:35 -0700] "GET /blog/gsoc-milestones-vala-build-using-autotools/ HTTP/1.1" 200 6322 "-" "Mozilla/5.0 (compatible; bingbot/2.0; +http://www.bing.com/bingbot.htm)"
209.85.224.98 - - [16/Mar/2012:14:11:51 -0700] "GET /stories/feed HTTP/1.1" 200 13653 "-" "FeedBurner/1.0 (http://www.FeedBurner.com)"
98.172.15.254 - - [16/Mar/2012:14:12:09 -0700] "GET /favicon.ico HTTP/1.1" 404 169 "-" "Caffeinated/1.1 CFNetwork/520.3.2 Darwin/11.3.0 (x86_64) (MacBookPro8%2C1)"
98.172.15.254 - - [16/Mar/2012:14:12:12 -0700] "GET /favicon.ico HTTP/1.1" 404 169 "-" "Caffeinated/1.1 CFNetwork/520.3.2 Darwin/11.3.0 (x86_64) (MacBookPro8%2C1)"
85.17.88.169 - - [16/Mar/2012:14:13:22 -0700] "POST /blog/wp-cron.php?doing_wp_cron=1331932277 HTTP/1.0" 499 0 "-" "WordPress/3.3.1; http://yuvi.in/blog"
180.76.5.58 - - [16/Mar/2012:14:13:23 -0700] "GET /blog/2011/04/ HTTP/1.1" 200 6200 "-" "Mozilla/5.0 (compatible; Baiduspider/2.0; +http://www.baidu.com/search/spider.html)"
98.172.15.254 - - [16/Mar/2012:14:14:15 -0700] "GET /favicon.ico HTTP/1.1" 404 169 "-" "Caffeinated/1.1 CFNetwork/520.3.2 Darwin/11.3.0 (x86_64) (MacBookPro8%2C1)"
98.172.15.254 - - [16/Mar/2012:14:14:18 -0700] "GET /favicon.ico HTTP/1.1" 404 169 "-" "Caffeinated/1.1 CFNetwork/520.3.2 Darwin/11.3.0 (x86_64) (MacBookPro8%2C1)"
98.172.15.254 - - [16/Mar/2012:14:16:20 -0700] "GET / HTTP/1.1" 304 0 "-" "Caffeinated/1.1 CFNetwork/520.3.2 Darwin/11.3.0 (x86_64) (MacBookPro8%2C1)"
98.172.15.254 - - [16/Mar/2012:14:16:20 -0700] "GET /favicon.ico HTTP/1.1" 404 169 "-" "Caffeinated/1.1 CFNetwork/520.3.2 Darwin/11.3.0 (x86_64) (MacBookPro8%2C1)"
98.172.15.254 - - [16/Mar/2012:14:16:23 -0700] "GET /favicon.ico HTTP/1.1" 404 169 "-" "Caffeinated/1.1 CFNetwork/520.3.2 Darwin/11.3.0 (x86_64) (MacBookPro8%2C1)"
98.172.15.254 - - [16/Mar/2012:14:18:51 -0700] "GET /favicon.ico HTTP/1.1" 404 169 "-" "Caffeinated/1.1 CFNetwork/520.3.2 Darwin/11.3.0 (x86_64) (MacBookPro8%2C1)"
98.172.15.254 - - [16/Mar/2012:14:18:55 -0700] "GET /favicon.ico HTTP/1.1" 404 169 "-" "Caffeinated/1.1 CFNetwork/520.3.2 Darwin/11.3.0 (x86_64) (MacBookPro8%2C1)"
98.172.15.254 - - [16/Mar/2012:14:20:53 -0700] "GET /favicon.ico HTTP/1.1" 404 169 "-" "Caffeinated/1.1 CFNetwork/520.3.2 Darwin/11.3.0 (x86_64) (MacBookPro8%2C1)"
98.172.15.254 - - [16/Mar/2012:14:20:56 -0700] "GET /favicon.ico HTTP/1.1" 404 169 "-" "Caffeinated/1.1 CFNetwork/520.3.2 Darwin/11.3.0 (x86_64) (MacBookPro8%2C1)"
85.17.88.169 - - [16/Mar/2012:14:21:07 -0700] "POST /blog/wp-cron.php?doing_wp_cron=1331932742 HTTP/1.0" 499 0 "-" "WordPress/3.3.1; http://yuvi.in/blog"
65.52.109.152 - - [16/Mar/2012:14:21:08 -0700] "GET /blog/devlog-december-11-2011/ HTTP/1.1" 200 4638 "-" "Mozilla/5.0 (compatible; bingbot/2.0; +http://www.bing.com/bingbot.htm)"
85.17.88.169 - - [16/Mar/2012:14:21:34 -0700] "POST /blog/wp-cron.php?doing_wp_cron=1331932770 HTTP/1.0" 499 0 "-" "WordPress/3.3.1; http://yuvi.in/blog"
209.85.238.115 - - [16/Mar/2012:14:21:35 -0700] "GET /blog/feed HTTP/1.1" 301 0 "-" "Feedfetcher-Google; (+http://www.google.com/feedfetcher.html; 3 subscribers; feed-id=17684830852112633560)"
85.17.88.169 - - [16/Mar/2012:14:21:37 -0700] "POST /blog/wp-cron.php?doing_wp_cron=1331932772 HTTP/1.0" 499 0 "-" "WordPress/3.3.1; http://yuvi.in/blog"
209.85.238.115 - - [16/Mar/2012:14:21:37 -0700] "GET /blog/feed/ HTTP/1.1" 304 0 "-" "Feedfetcher-Google; (+http://www.google.com/feedfetcher.html; 3 subscribers; feed-id=17684830852112633560)"
98.172.15.254 - - [16/Mar/2012:14:22:46 -0700] "GET / HTTP/1.1" 304 0 "-" "Caffeinated/1.1 CFNetwork/520.3.2 Darwin/11.3.0 (x86_64) (MacBookPro8%2C1)"
98.172.15.254 - - [16/Mar/2012:14:22:46 -0700] "GET /favicon.ico HTTP/1.1" 404 169 "-" "Caffeinated/1.1 CFNetwork/520.3.2 Darwin/11.3.0 (x86_64) (MacBookPro8%2C1)"
98.172.15.254 - - [16/Mar/2012:14:22:49 -0700] "GET /favicon.ico HTTP/1.1" 404 169 "-" "Caffeinated/1.1 CFNetwork/520.3.2 Darwin/11.3.0 (x86_64) (MacBookPro8%2C1)"
98.172.15.254 - - [16/Mar/2012:14:25:21 -0700] "GET /favicon.ico HTTP/1.1" 404 169 "-" "Caffeinated/1.1 CFNetwork/520.3.2 Darwin/11.3.0 (x86_64) (MacBookPro8%2C1)"
98.172.15.254 - - [16/Mar/2012:14:25:24 -0700] "GET /favicon.ico HTTP/1.1" 404 169 "-" "Caffeinated/1.1 CFNetwork/520.3.2 Darwin/11.3.0 (x86_64) (MacBookPro8%2C1)"
67.215.230.26 - - [16/Mar/2012:14:26:53 -0700] "GET /robots.txt HTTP/1.0" 404 169 "-" "Setooz/Nutch-1.2 (http://www.setooz.com)"
67.215.230.26 - - [16/Mar/2012:14:26:54 -0700] "GET /stories/ HTTP/1.0" 200 3515 "-" "Setooz/Nutch-1.2 (http://www.setooz.com)"
85.17.88.169 - - [16/Mar/2012:14:28:42 -0700] "POST /blog/wp-cron.php?doing_wp_cron=1331933197 HTTP/1.0" 499 0 "-" "WordPress/3.3.1; http://yuvi.in/blog"
209.85.224.94 - - [16/Mar/2012:14:28:42 -0700] "GET /blog/feed HTTP/1.1" 304 0 "-" "FeedBurner/1.0 (http://www.FeedBurner.com)"
157.55.112.206 - - [16/Mar/2012:14:28:49 -0700] "-" 400 0 "-" "-"
157.55.112.206 - - [16/Mar/2012:14:28:49 -0700] "-" 400 0 "-" "-"
157.55.112.206 - - [16/Mar/2012:14:28:49 -0700] "-" 400 0 "-" "-"
157.55.112.206 - - [16/Mar/2012:14:28:49 -0700] "-" 400 0 "-" "-"
157.55.112.206 - - [16/Mar/2012:14:28:49 -0700] "-" 400 0 "-" "-"
157.55.112.206 - - [16/Mar/2012:14:28:49 -0700] "-" 400 0 "-" "-"
157.55.112.206 - - [16/Mar/2012:14:28:49 -0700] "-" 400 0 "-" "-"
157.55.112.206 - - [16/Mar/2012:14:28:49 -0700] "-" 400 0 "-" "-"
157.55.112.206 - - [16/Mar/2012:14:28:49 -0700] "-" 400 0 "-" "-"
157.55.112.206 - - [16/Mar/2012:14:28:49 -0700] "-" 400 0 "-" "-"
67.215.230.26 - - [16/Mar/2012:14:29:24 -0700] "GET /blog HTTP/1.0" 301 178 "-" "Setooz/Nutch-1.2 (http://www.setooz.com)"
157.55.112.206 - - [16/Mar/2012:14:29:34 -0700] "-" 400 0 "-" "-"
85.17.88.169 - - [16/Mar/2012:14:29:36 -0700] "POST /blog/wp-cron.php?doing_wp_cron=1331933251 HTTP/1.0" 499 0 "-" "WordPress/3.3.1; http://yuvi.in/blog"
109.215.200.133 - - [16/Mar/2012:14:29:37 -0700] "GET /blog/story-average-indian-techie/ HTTP/1.1" 200 54229 "-" "Mozilla/5.0 (compatible; Googlebot/2.1; +http://www.google.com/bot.html)"
207.46.204.171 - - [16/Mar/2012:14:29:49 -0700] "-" 400 0 "-" "-"
207.46.204.171 - - [16/Mar/2012:14:29:53 -0700] "-" 400 0 "-" "-"
207.46.204.171 - - [16/Mar/2012:14:29:54 -0700] "-" 400 0 "-" "-"
207.46.204.171 - - [16/Mar/2012:14:29:55 -0700] "-" 400 0 "-" "-"
207.46.204.171 - - [16/Mar/2012:14:29:55 -0700] "-" 400 0 "-" "-"
207.46.204.171 - - [16/Mar/2012:14:29:57 -0700] "-" 400 0 "-" "-"
207.46.204.171 - - [16/Mar/2012:14:29:59 -0700] "-" 400 0 "-" "-"
207.46.204.171 - - [16/Mar/2012:14:29:59 -0700] "-" 400 0 "-" "-"
207.46.204.171 - - [16/Mar/2012:14:29:59 -0700] "-" 400 0 "-" "-"
207.46.204.171 - - [16/Mar/2012:14:30:28 -0700] "-" 400 0 "-" "-"
207.46.204.171 - - [16/Mar/2012:14:30:28 -0700] "-" 400 0 "-" "-"
85.17.88.169 - - [16/Mar/2012:14:31:45 -0700] "POST /blog/wp-cron.php?doing_wp_cron=1331933380 HTTP/1.0" 499 0 "-" "WordPress/3.3.1; http://yuvi.in/blog"
208.115.111.68 - - [16/Mar/2012:14:31:46 -0700] "GET /blog/2011/01/25/ HTTP/1.1" 200 18780 "-" "Mozilla/5.0 (compatible; Ezooms/1.0; ezooms.bot@gmail.com)"
85.17.88.169 - - [16/Mar/2012:14:31:52 -0700] "POST /blog/wp-cron.php?doing_wp_cron=1331933387 HTTP/1.0" 499 0 "-" "WordPress/3.3.1; http://yuvi.in/blog"
208.115.111.68 - - [16/Mar/2012:14:31:53 -0700] "GET /blog/premature-greying/feed/ HTTP/1.1" 200 741 "-" "Mozilla/5.0 (compatible; Ezooms/1.0; ezooms.bot@gmail.com)"
85.17.88.169 - - [16/Mar/2012:14:32:03 -0700] "POST /blog/wp-cron.php?doing_wp_cron=1331933398 HTTP/1.0" 499 0 "-" "WordPress/3.3.1; http://yuvi.in/blog"
208.115.111.68 - - [16/Mar/2012:14:32:04 -0700] "GET /blog/progress-on-hislain-1/ HTTP/1.1" 200 16062 "-" "Mozilla/5.0 (compatible; Ezooms/1.0; ezooms.bot@gmail.com)"
93.3.148.192 - - [16/Mar/2012:14:34:18 -0700] "GET /r/1ie4 HTTP/1.1" 301 257 "-" "Mozilla/5.0 (iPhone; CPU iPhone OS 5_1 like Mac OS X) AppleWebKit/534.46 (KHTML, like Gecko) Mobile/9B176"
93.3.148.192 - - [16/Mar/2012:14:34:18 -0700] "GET /s/ta/1ie4/ HTTP/1.1" 302 509 "-" "Mozilla/5.0 (iPhone; CPU iPhone OS 5_1 like Mac OS X) AppleWebKit/534.46 (KHTML, like Gecko) Mobile/9B176"
85.17.88.169 - - [16/Mar/2012:14:34:58 -0700] "POST /blog/wp-cron.php?doing_wp_cron=1331933573 HTTP/1.0" 499 0 "-" "WordPress/3.3.1; http://yuvi.in/blog"
199.19.145.140 - - [16/Mar/2012:14:34:58 -0700] "GET /blog/passing-headers-proxying-nginx/ HTTP/1.1" 200 4281 "http://www.bing.com/search?setmkt=en-US&q=nginx+passing+headers" "Mozilla/5.0 (Macintosh; Intel Mac OS X 10_6_8) AppleWebKit/535.11 (KHTML, like Gecko) Chrome/17.0.963.79 Safari/535.11"
199.19.145.140 - - [16/Mar/2012:14:34:59 -0700] "GET /blog/wp-content/themes/cleanr/js/jquery.dropdown.js?ver=3.3.1 HTTP/1.1" 200 535 "http://yuvi.in/blog/passing-headers-proxying-nginx/" "Mozilla/5.0 (Macintosh; Intel Mac OS X 10_6_8) AppleWebKit/535.11 (KHTML, like Gecko) Chrome/17.0.963.79 Safari/535.11"
199.19.145.140 - - [16/Mar/2012:14:34:59 -0700] "GET /blog/wp-content/themes/cleanr/style.css HTTP/1.1" 200 10508 "http://yuvi.in/blog/passing-headers-proxying-nginx/" "Mozilla/5.0 (Macintosh; Intel Mac OS X 10_6_8) AppleWebKit/535.11 (KHTML, like Gecko) Chrome/17.0.963.79 Safari/535.11"
199.19.145.140 - - [16/Mar/2012:14:34:59 -0700] "GET /blog/wp-content/themes/cleanr/css/960.css HTTP/1.1" 200 3628 "http://yuvi.in/blog/passing-headers-proxying-nginx/" "Mozilla/5.0 (Macintosh; Intel Mac OS X 10_6_8) AppleWebKit/535.11 (KHTML, like Gecko) Chrome/17.0.963.79 Safari/535.11"
199.19.145.140 - - [16/Mar/2012:14:34:59 -0700] "GET /blog/wp-content/themes/cleanr/css/text.css HTTP/1.1" 200 420 "http://yuvi.in/blog/passing-headers-proxying-nginx/" "Mozilla/5.0 (Macintosh; Intel Mac OS X 10_6_8) AppleWebKit/535.11 (KHTML, like Gecko) Chrome/17.0.963.79 Safari/535.11"
199.19.145.140 - - [16/Mar/2012:14:34:59 -0700] "GET /blog/wp-content/themes/cleanr/css/reset.css HTTP/1.1" 200 648 "http://yuvi.in/blog/passing-headers-proxying-nginx/" "Mozilla/5.0 (Macintosh; Intel Mac OS X 10_6_8) AppleWebKit/535.11 (KHTML, like Gecko) Chrome/17.0.963.79 Safari/535.11"
199.19.145.140 - - [16/Mar/2012:14:34:59 -0700] "GET /blog/wp-includes/js/jquery/jquery.js?ver=1.7.1 HTTP/1.1" 200 93889 "http://yuvi.in/blog/passing-headers-proxying-nginx/" "Mozilla/5.0 (Macintosh; Intel Mac OS X 10_6_8) AppleWebKit/535.11 (KHTML, like Gecko) Chrome/17.0.963.79 Safari/535.11"
199.19.145.140 - - [16/Mar/2012:14:35:00 -0700] "GET /blog/wp-content/themes/cleanr/images/search_magnifier.gif HTTP/1.1" 200 394 "http://yuvi.in/blog/passing-headers-proxying-nginx/" "Mozilla/5.0 (Macintosh; Intel Mac OS X 10_6_8) AppleWebKit/535.11 (KHTML, like Gecko) Chrome/17.0.963.79 Safari/535.11"
199.19.145.140 - - [16/Mar/2012:14:35:00 -0700] "GET /favicon.ico HTTP/1.1" 404 199 "-" "Mozilla/5.0 (Macintosh; Intel Mac OS X 10_6_8) AppleWebKit/535.11 (KHTML, like Gecko) Chrome/17.0.963.79 Safari/535.11"
199.19.145.140 - - [16/Mar/2012:14:35:00 -0700] "GET /favicon.ico HTTP/1.1" 404 199 "-" "Mozilla/5.0 (Macintosh; Intel Mac OS X 10_6_8) AppleWebKit/535.11 (KHTML, like Gecko) Chrome/17.0.963.79 Safari/535.11"
199.19.145.140 - - [16/Mar/2012:14:35:00 -0700] "GET /favicon.ico HTTP/1.1" 404 199 "-" "Mozilla/5.0 (Macintosh; Intel Mac OS X 10_6_8) AppleWebKit/535.11 (KHTML, like Gecko) Chrome/17.0.963.79 Safari/535.11"
199.19.145.140 - - [16/Mar/2012:14:35:00 -0700] "GET /favicon.ico HTTP/1.1" 404 199 "-" "Mozilla/5.0 (Macintosh; Intel Mac OS X 10_6_8) AppleWebKit/535.11 (KHTML, like Gecko) Chrome/17.0.963.79 Safari/535.11"
85.17.88.169 - - [16/Mar/2012:14:35:02 -0700] "POST /blog/wp-cron.php?doing_wp_cron=1331933578 HTTP/1.0" 499 0 "-" "WordPress/3.3.1; http://yuvi.in/blog"
199.19.145.140 - - [16/Mar/2012:14:35:03 -0700] "GET /blog/passing-headers-proxying-nginx/?cf_action=sync_comments&post_id=389 HTTP/1.1" 200 48 "http://yuvi.in/blog/passing-headers-proxying-nginx/" "Mozilla/5.0 (Macintosh; Intel Mac OS X 10_6_8) AppleWebKit/535.11 (KHTML, like Gecko) Chrome/17.0.963.79 Safari/535.11"
207.46.204.163 - - [16/Mar/2012:14:36:17 -0700] "-" 400 0 "-" "-"
207.46.204.163 - - [16/Mar/2012:14:36:26 -0700] "-" 400 0 "-" "-"
207.46.204.163 - - [16/Mar/2012:14:36:27 -0700] "-" 400 0 "-" "-"
207.46.204.163 - - [16/Mar/2012:14:36:27 -0700] "-" 400 0 "-" "-"
207.46.204.163 - - [16/Mar/2012:14:36:32 -0700] "-" 400 0 "-" "-"
207.46.204.163 - - [16/Mar/2012:14:36:32 -0700] "-" 400 0 "-" "-"
207.46.204.163 - - [16/Mar/2012:14:36:33 -0700] "-" 400 0 "-" "-"
207.46.204.163 - - [16/Mar/2012:14:36:33 -0700] "-" 400 0 "-" "-"
207.46.204.163 - - [16/Mar/2012:14:36:36 -0700] "-" 400 0 "-" "-"
207.46.204.163 - - [16/Mar/2012:14:36:36 -0700] "-" 400 0 "-" "-"
207.46.204.163 - - [16/Mar/2012:14:37:04 -0700] "-" 400 0 "-" "-"
85.17.88.169 - - [16/Mar/2012:14:37:13 -0700] "POST /blog/wp-cron.php?doing_wp_cron=1331933708 HTTP/1.0" 499 0 "-" "WordPress/3.3.1; http://yuvi.in/blog"
209.85.238.115 - - [16/Mar/2012:14:37:13 -0700] "GET /blog/feed/ HTTP/1.1" 304 0 "-" "Feedfetcher-Google; (+http://www.google.com/feedfetcher.html; 19 subscribers; feed-id=15064232456473204253)"
85.17.88.169 - - [16/Mar/2012:14:43:38 -0700] "POST /blog/wp-cron.php?doing_wp_cron=1331934093 HTTP/1.0" 499 0 "-" "WordPress/3.3.1; http://yuvi.in/blog"
213.186.127.13 - - [16/Mar/2012:14:43:38 -0700] "GET /blog/tag/flipkart/ HTTP/1.1" 200 4691 "-" "Mozilla/5.0 (compatible; AhrefsBot/2.0; +http://ahrefs.com/robot/)"
69.171.224.245 - - [16/Mar/2012:14:44:07 -0700] "GET /r/tpn HTTP/1.1" 301 255 "-" "facebookexternalhit/1.1 (+http://www.facebook.com/externalhit_uatext.php)"
69.171.224.248 - - [16/Mar/2012:14:44:07 -0700] "GET /s/ta/tpn/ HTTP/1.1" 302 313 "-" "facebookexternalhit/1.1 (+http://www.facebook.com/externalhit_uatext.php)"
85.17.88.169 - - [16/Mar/2012:14:49:28 -0700] "POST /blog/wp-cron.php?doing_wp_cron=1331934443 HTTP/1.0" 499 0 "-" "WordPress/3.3.1; http://yuvi.in/blog"
180.76.6.224 - - [16/Mar/2012:14:49:29 -0700] "GET /blog/2011/07/ HTTP/1.1" 200 3882 "-" "Mozilla/5.0 (compatible; Baiduspider/2.0; +http://www.baidu.com/search/spider.html)"
100.43.83.144 - - [16/Mar/2012:14:52:35 -0700] "GET /r/n8o HTTP/1.1" 301 255 "-" "Mozilla/5.0 (compatible; YandexBot/3.0; +http://yandex.com/bots)"
85.17.88.169 - - [16/Mar/2012:14:52:35 -0700] "POST /blog/wp-cron.php?doing_wp_cron=1331934630 HTTP/1.0" 499 0 "-" "WordPress/3.3.1; http://yuvi.in/blog"
100.43.83.144 - - [16/Mar/2012:14:52:35 -0700] "GET /blog/cheese-gsoc-report-week-3/ HTTP/1.1" 200 5072 "-" "Mozilla/5.0 (compatible; YandexBot/3.0; +http://yandex.com/bots)"
85.17.88.169 - - [16/Mar/2012:14:58:53 -0700] "POST /blog/wp-cron.php?doing_wp_cron=1331935008 HTTP/1.0" 499 0 "-" "WordPress/3.3.1; http://yuvi.in/blog"
209.85.224.84 - - [16/Mar/2012:14:58:53 -0700] "GET /blog/feed HTTP/1.1" 304 0 "-" "FeedBurner/1.0 (http://www.FeedBurner.com)"
69.171.234.4 - - [16/Mar/2012:15:00:54 -0700] "GET /r/p3f HTTP/1.1" 301 255 "-" "facebookexternalhit/1.1 (+http://www.facebook.com/externalhit_uatext.php)"
69.171.234.4 - - [16/Mar/2012:15:00:54 -0700] "GET /s/ta/p3f/ HTTP/1.1" 302 425 "-" "facebookexternalhit/1.1 (+http://www.facebook.com/externalhit_uatext.php)"
85.17.88.169 - - [16/Mar/2012:15:02:39 -0700] "POST /blog/wp-cron.php?doing_wp_cron=1331935234 HTTP/1.0" 499 0 "-" "WordPress/3.3.1; http://yuvi.in/blog"
129.34.20.23 - - [16/Mar/2012:15:02:40 -0700] "GET /blog/feed/ HTTP/1.1" 200 21853 "-" "Mozilla/5.0 (Windows; U; Windows NT 5.1; en-US; rv:1.9.0.3) Gecko/2008092417 Firefox/3.0.3"
66.220.149.244 - - [16/Mar/2012:15:05:34 -0700] "GET /r/p0f HTTP/1.1" 301 255 "-" "facebookexternalhit/1.1 (+http://www.facebook.com/externalhit_uatext.php)"
66.220.149.245 - - [16/Mar/2012:15:05:34 -0700] "GET /s/ta/p0f/ HTTP/1.1" 302 433 "-" "facebookexternalhit/1.1 (+http://www.facebook.com/externalhit_uatext.php)"
66.220.149.247 - - [16/Mar/2012:15:06:39 -0700] "GET /r/p0f HTTP/1.1" 301 255 "-" "facebookexternalhit/1.1 (+http://www.facebook.com/externalhit_uatext.php)"
66.220.149.246 - - [16/Mar/2012:15:06:39 -0700] "GET /s/ta/p0f/ HTTP/1.1" 302 433 "-" "facebookexternalhit/1.1 (+http://www.facebook.com/externalhit_uatext.php)"
178.154.182.65 - - [16/Mar/2012:15:11:49 -0700] "GET /robots.txt HTTP/1.1" 404 169 "-" "Mozilla/5.0 (compatible; YandexBot/3.0; +http://yandex.com/bots)"
209.85.224.85 - - [16/Mar/2012:15:11:55 -0700] "GET /stories/feed HTTP/1.1" 200 13653 "-" "FeedBurner/1.0 (http://www.FeedBurner.com)"
180.76.5.111 - - [16/Mar/2012:15:16:36 -0700] "GET /blog/tag/tech.html HTTP/1.1" 200 3473 "-" "Mozilla/5.0 (compatible; Baiduspider/2.0; +http://www.baidu.com/search/spider.html)"
85.17.88.169 - - [16/Mar/2012:15:18:35 -0700] "POST /blog/wp-cron.php?doing_wp_cron=1331936190 HTTP/1.0" 499 0 "-" "WordPress/3.3.1; http://yuvi.in/blog"
209.85.238.115 - - [16/Mar/2012:15:18:35 -0700] "GET /blog/feed HTTP/1.1" 301 0 "-" "Feedfetcher-Google; (+http://www.google.com/feedfetcher.html; 3 subscribers; feed-id=17684830852112633560)"
85.17.88.169 - - [16/Mar/2012:15:18:37 -0700] "POST /blog/wp-cron.php?doing_wp_cron=1331936192 HTTP/1.0" 499 0 "-" "WordPress/3.3.1; http://yuvi.in/blog"
209.85.238.115 - - [16/Mar/2012:15:18:38 -0700] "GET /blog/feed/ HTTP/1.1" 304 0 "-" "Feedfetcher-Google; (+http://www.google.com/feedfetcher.html; 3 subscribers; feed-id=17684830852112633560)"
115.252.133.208 - - [16/Mar/2012:15:22:43 -0700] "-" 400 0 "-" "-"
85.17.88.169 - - [16/Mar/2012:15:24:10 -0700] "POST /blog/wp-cron.php?doing_wp_cron=1331936525 HTTP/1.0" 499 0 "-" "WordPress/3.3.1; http://yuvi.in/blog"
222.236.24.41 - - [16/Mar/2012:15:24:11 -0700] "GET /blog/category/devlog/ HTTP/1.1" 200 43330 "-" "Mozilla/4.0 (compatible; MSIE 6.0; Windows NT 5.1; SV1)"
85.17.88.169 - - [16/Mar/2012:15:24:18 -0700] "POST /blog/wp-cron.php?doing_wp_cron=1331936533 HTTP/1.0" 499 0 "-" "WordPress/3.3.1; http://yuvi.in/blog"
222.236.24.41 - - [16/Mar/2012:15:24:19 -0700] "GET /blog/ HTTP/1.1" 200 33217 "-" "Mozilla/4.0 (compatible; MSIE 6.0; Windows NT 5.1; SV1)"
85.17.88.169 - - [16/Mar/2012:15:24:35 -0700] "POST /blog/wp-cron.php?doing_wp_cron=1331936550 HTTP/1.0" 499 0 "-" "WordPress/3.3.1; http://yuvi.in/blog"
222.236.24.41 - - [16/Mar/2012:15:24:36 -0700] "GET /blog/index.html HTTP/1.1" 404 12307 "-" "Mozilla/4.0 (compatible; MSIE 6.0; Windows NT 5.1; SV1)"
85.17.88.169 - - [16/Mar/2012:15:24:41 -0700] "POST /blog/wp-cron.php?doing_wp_cron=1331936556 HTTP/1.0" 499 0 "-" "WordPress/3.3.1; http://yuvi.in/blog"
202.67.226.96 - - [16/Mar/2012:15:24:42 -0700] "GET /blog/index.html HTTP/1.1" 404 12307 "-" "Mozilla/4.0 (compatible; MSIE 6.0; Windows NT 5.1; SV1)"
85.17.88.169 - - [16/Mar/2012:15:24:49 -0700] "POST /blog/wp-cron.php?doing_wp_cron=1331936564 HTTP/1.0" 499 0 "-" "WordPress/3.3.1; http://yuvi.in/blog"
182.50.8.213 - - [16/Mar/2012:15:24:50 -0700] "GET /blog/index.html HTTP/1.1" 404 12299 "-" "Mozilla/4.0 (compatible; MSIE 6.0; Windows NT 5.1; SV1)"
94.228.34.248 - - [16/Mar/2012:15:25:07 -0700] "GET /blog/ HTTP/1.1" 200 9193 "-" "magpie-crawler/1.1 (U; Linux amd64; en-GB; +http://www.brandwatch.net)"
85.17.88.169 - - [16/Mar/2012:15:25:19 -0700] "POST /blog/wp-cron.php?doing_wp_cron=1331936594 HTTP/1.0" 499 0 "-" "WordPress/3.3.1; http://yuvi.in/blog"
182.50.8.213 - - [16/Mar/2012:15:25:20 -0700] "GET /blog/devlog-december-26-2011/ HTTP/1.1" 200 16737 "-" "Mozilla/4.0 (compatible; MSIE 6.0; Windows NT 5.1; SV1)"
85.17.88.169 - - [16/Mar/2012:15:25:26 -0700] "POST /blog/wp-cron.php?doing_wp_cron=1331936601 HTTP/1.0" 499 0 "-" "WordPress/3.3.1; http://yuvi.in/blog"
182.50.8.213 - - [16/Mar/2012:15:25:27 -0700] "GET /blog/devlog-december-23-2011/ HTTP/1.1" 200 16560 "-" "Mozilla/4.0 (compatible; MSIE 6.0; Windows NT 5.1; SV1)"
65.52.104.20 - - [16/Mar/2012:15:25:35 -0700] "GET /robots.txt HTTP/1.1" 404 169 "-" "Mozilla/5.0 (compatible; bingbot/2.0; +http://www.bing.com/bingbot.htm)"
85.17.88.169 - - [16/Mar/2012:15:25:38 -0700] "POST /blog/wp-cron.php?doing_wp_cron=1331936613 HTTP/1.0" 499 0 "-" "WordPress/3.3.1; http://yuvi.in/blog"
65.52.104.20 - - [16/Mar/2012:15:25:38 -0700] "GET /blog/tag/bigotry/ HTTP/1.1" 200 4981 "-" "Mozilla/5.0 (compatible; bingbot/2.0; +http://www.bing.com/bingbot.htm)"
85.17.88.169 - - [16/Mar/2012:15:25:40 -0700] "POST /blog/wp-cron.php?doing_wp_cron=1331936615 HTTP/1.0" 499 0 "-" "WordPress/3.3.1; http://yuvi.in/blog"
182.50.8.213 - - [16/Mar/2012:15:25:41 -0700] "GET /blog/devlog-december-21-2011/ HTTP/1.1" 200 17164 "-" "Mozilla/4.0 (compatible; MSIE 6.0; Windows NT 5.1; SV1)"
85.17.88.169 - - [16/Mar/2012:15:25:45 -0700] "POST /blog/wp-cron.php?doing_wp_cron=1331936620 HTTP/1.0" 499 0 "-" "WordPress/3.3.1; http://yuvi.in/blog"
182.50.8.213 - - [16/Mar/2012:15:25:46 -0700] "GET /blog/devlog-december-11-2011/ HTTP/1.1" 200 16635 "-" "Mozilla/4.0 (compatible; MSIE 6.0; Windows NT 5.1; SV1)"
85.17.88.169 - - [16/Mar/2012:15:25:58 -0700] "POST /blog/wp-cron.php?doing_wp_cron=1331936633 HTTP/1.0" 499 0 "-" "WordPress/3.3.1; http://yuvi.in/blog"
182.50.8.213 - - [16/Mar/2012:15:25:59 -0700] "GET /blog/devlog-december-10-2011/ HTTP/1.1" 200 16429 "-" "Mozilla/4.0 (compatible; MSIE 6.0; Windows NT 5.1; SV1)"
209.118.181.20 - - [16/Mar/2012:15:26:06 -0700] "GET /blog/devlog-december-10-2011/ HTTP/1.1" 200 16443 "-" "Mozilla/4.0 (compatible; MSIE 6.0; Windows NT 5.1; SV1)"
85.17.88.169 - - [16/Mar/2012:15:26:16 -0700] "POST /blog/wp-cron.php?doing_wp_cron=1331936651 HTTP/1.0" 499 0 "-" "WordPress/3.3.1; http://yuvi.in/blog"
209.118.181.20 - - [16/Mar/2012:15:26:16 -0700] "GET /blog/devlog-december-7-2011/ HTTP/1.1" 200 16876 "-" "Mozilla/4.0 (compatible; MSIE 6.0; Windows NT 5.1; SV1)"
85.17.88.169 - - [16/Mar/2012:15:26:23 -0700] "POST /blog/wp-cron.php?doing_wp_cron=1331936657 HTTP/1.0" 499 0 "-" "WordPress/3.3.1; http://yuvi.in/blog"
209.118.181.20 - - [16/Mar/2012:15:26:23 -0700] "GET /blog/devlog-december-5-2011/ HTTP/1.1" 200 18013 "-" "Mozilla/4.0 (compatible; MSIE 6.0; Windows NT 5.1; SV1)"
209.118.181.20 - - [16/Mar/2012:15:26:33 -0700] "GET /blog/devlog-december-2011/ HTTP/1.1" 200 17280 "-" "Mozilla/4.0 (compatible; MSIE 6.0; Windows NT 5.1; SV1)"
209.118.181.20 - - [16/Mar/2012:15:26:36 -0700] "GET /blog/2010/05/ HTTP/1.1" 200 30623 "-" "Mozilla/4.0 (compatible; MSIE 6.0; Windows NT 5.1; SV1)"
209.118.181.20 - - [16/Mar/2012:15:26:48 -0700] "GET /blog/2010/04/ HTTP/1.1" 200 24384 "-" "Mozilla/4.0 (compatible; MSIE 6.0; Windows NT 5.1; SV1)"
209.118.181.20 - - [16/Mar/2012:15:26:54 -0700] "GET /blog/2010/03/ HTTP/1.1" 200 22943 "-" "Mozilla/4.0 (compatible; MSIE 6.0; Windows NT 5.1; SV1)"
209.118.181.20 - - [16/Mar/2012:15:27:12 -0700] "GET /blog/2010/01/ HTTP/1.1" 200 19841 "-" "Mozilla/4.0 (compatible; MSIE 6.0; Windows NT 5.1; SV1)"
209.118.181.20 - - [16/Mar/2012:15:27:15 -0700] "GET /blog/2009/12/ HTTP/1.1" 200 17965 "-" "Mozilla/4.0 (compatible; MSIE 6.0; Windows NT 5.1; SV1)"
209.118.181.20 - - [16/Mar/2012:15:27:19 -0700] "GET /blog/2009/11/ HTTP/1.1" 200 15075 "-" "Mozilla/4.0 (compatible; MSIE 6.0; Windows NT 5.1; SV1)"
209.118.181.20 - - [16/Mar/2012:15:27:28 -0700] "GET /blog/2009/10/ HTTP/1.1" 200 33008 "-" "Mozilla/4.0 (compatible; MSIE 6.0; Windows NT 5.1; SV1)"
85.17.88.169 - - [16/Mar/2012:15:27:32 -0700] "POST /blog/wp-cron.php?doing_wp_cron=1331936727 HTTP/1.0" 499 0 "-" "WordPress/3.3.1; http://yuvi.in/blog"
209.118.181.20 - - [16/Mar/2012:15:27:32 -0700] "GET /blog/2009/09/ HTTP/1.1" 200 16701 "-" "Mozilla/4.0 (compatible; MSIE 6.0; Windows NT 5.1; SV1)"
115.252.133.208 - - [16/Mar/2012:15:27:35 -0700] "-" 400 0 "-" "-"
85.17.88.169 - - [16/Mar/2012:15:27:38 -0700] "POST /blog/wp-cron.php?doing_wp_cron=1331936733 HTTP/1.0" 499 0 "-" "WordPress/3.3.1; http://yuvi.in/blog"
209.118.181.20 - - [16/Mar/2012:15:27:39 -0700] "GET /blog/2009/08/ HTTP/1.1" 200 24711 "-" "Mozilla/4.0 (compatible; MSIE 6.0; Windows NT 5.1; SV1)"
115.252.133.208 - - [16/Mar/2012:15:28:24 -0700] "-" 400 0 "-" "-"
85.17.88.169 - - [16/Mar/2012:15:28:58 -0700] "POST /blog/wp-cron.php?doing_wp_cron=1331936813 HTTP/1.0" 499 0 "-" "WordPress/3.3.1; http://yuvi.in/blog"
209.85.224.96 - - [16/Mar/2012:15:28:58 -0700] "GET /blog/feed HTTP/1.1" 304 0 "-" "FeedBurner/1.0 (http://www.FeedBurner.com)"
115.252.133.208 - - [16/Mar/2012:15:29:24 -0700] "-" 400 0 "-" "-"
115.252.133.208 - - [16/Mar/2012:15:29:54 -0700] "-" 400 0 "-" "-"
115.252.133.208 - - [16/Mar/2012:15:30:24 -0700] "-" 400 0 "-" "-"
178.154.182.65 - - [16/Mar/2012:15:30:41 -0700] "GET / HTTP/1.1" 200 1430 "-" "Mozilla/5.0 (compatible; YandexBot/3.0; +http://yandex.com/bots)"
115.252.133.208 - - [16/Mar/2012:15:31:25 -0700] "-" 400 0 "-" "-"
115.252.133.208 - - [16/Mar/2012:15:32:04 -0700] "-" 400 0 "-" "-"
115.252.133.208 - - [16/Mar/2012:15:33:45 -0700] "-" 400 0 "-" "-"
115.252.133.208 - - [16/Mar/2012:15:34:04 -0700] "-" 400 0 "-" "-"
115.252.133.208 - - [16/Mar/2012:15:35:25 -0700] "-" 400 0 "-" "-"
115.252.133.208 - - [16/Mar/2012:15:36:15 -0700] "-" 400 0 "-" "-"
85.17.88.169 - - [16/Mar/2012:15:36:43 -0700] "POST /blog/wp-cron.php?doing_wp_cron=1331937278 HTTP/1.0" 499 0 "-" "WordPress/3.3.1; http://yuvi.in/blog"
209.85.238.115 - - [16/Mar/2012:15:36:44 -0700] "GET /blog/feed/ HTTP/1.1" 304 0 "-" "Feedfetcher-Google; (+http://www.google.com/feedfetcher.html; 19 subscribers; feed-id=15064232456473204253)"
180.76.5.161 - - [16/Mar/2012:15:43:57 -0700] "GET / HTTP/1.1" 200 3439 "-" "Mozilla/5.0 (compatible; Baiduspider/2.0; +http://www.baidu.com/search/spider.html)"
150.70.172.201 - - [16/Mar/2012:15:46:05 -0700] "GET /blog/ HTTP/1.0" 200 33162 "-" "Mozilla/4.0 (compatible; MSIE 6.0; Windows NT 5.1)"
150.70.172.201 - - [16/Mar/2012:15:46:36 -0700] "GET /blog/ HTTP/1.0" 200 33162 "-" "Mozilla/4.0 (compatible; MSIE 6.0; Windows NT 5.1)"
150.70.172.201 - - [16/Mar/2012:15:46:38 -0700] "GET /blog/category/devlog/ HTTP/1.0" 200 43274 "-" "Mozilla/4.0 (compatible; MSIE 6.0; Windows NT 5.1)"
85.17.88.169 - - [16/Mar/2012:15:46:50 -0700] "POST /blog/wp-cron.php?doing_wp_cron=1331937884 HTTP/1.0" 499 0 "-" "WordPress/3.3.1; http://yuvi.in/blog"
180.76.5.138 - - [16/Mar/2012:15:46:50 -0700] "GET /blog/tag/wordpress/ HTTP/1.1" 200 4160 "-" "Mozilla/5.0 (compatible; Baiduspider/2.0; +http://www.baidu.com/search/spider.html)"
94.228.34.209 - - [16/Mar/2012:15:52:58 -0700] "GET /robots.txt HTTP/1.1" 404 142 "-" "magpie-crawler/1.1 (U; Linux amd64; en-GB; +http://www.brandwatch.net)"
94.228.34.209 - - [16/Mar/2012:15:52:58 -0700] "GET /blog/serendipity.html HTTP/1.1" 304 0 "-" "magpie-crawler/1.1 (U; Linux amd64; en-GB; +http://www.brandwatch.net)"
208.115.113.84 - - [16/Mar/2012:15:55:02 -0700] "GET /robots.txt HTTP/1.1" 404 169 "-" "Mozilla/5.0 (compatible; Ezooms/1.0; ezooms.bot@gmail.com)"
85.17.88.169 - - [16/Mar/2012:15:59:15 -0700] "POST /blog/wp-cron.php?doing_wp_cron=1331938629 HTTP/1.0" 499 0 "-" "WordPress/3.3.1; http://yuvi.in/blog"
209.85.224.85 - - [16/Mar/2012:15:59:15 -0700] "GET /blog/feed HTTP/1.1" 304 0 "-" "FeedBurner/1.0 (http://www.FeedBurner.com)"
94.102.150.50 - - [16/Mar/2012:16:06:07 -0700] "GET /blog/feed/atom/ HTTP/1.1" 304 0 "-" "SocialSearcher/0.1  Mozilla/5.0"
69.171.229.247 - - [16/Mar/2012:16:07:52 -0700] "GET /r/1uj HTTP/1.1" 301 255 "-" "facebookexternalhit/1.1 (+http://www.facebook.com/externalhit_uatext.php)"
69.171.229.247 - - [16/Mar/2012:16:07:52 -0700] "GET /s/ta/1uj/ HTTP/1.1" 302 501 "-" "facebookexternalhit/1.1 (+http://www.facebook.com/externalhit_uatext.php)"
85.17.88.169 - - [16/Mar/2012:16:09:25 -0700] "POST /blog/wp-cron.php?doing_wp_cron=1331939240 HTTP/1.0" 499 0 "-" "WordPress/3.3.1; http://yuvi.in/blog"
209.85.238.115 - - [16/Mar/2012:16:09:26 -0700] "GET /blog/feed HTTP/1.1" 301 0 "-" "Feedfetcher-Google; (+http://www.google.com/feedfetcher.html; 3 subscribers; feed-id=17684830852112633560)"
85.17.88.169 - - [16/Mar/2012:16:09:28 -0700] "POST /blog/wp-cron.php?doing_wp_cron=1331939242 HTTP/1.0" 499 0 "-" "WordPress/3.3.1; http://yuvi.in/blog"
209.85.238.115 - - [16/Mar/2012:16:09:28 -0700] "GET /blog/feed/ HTTP/1.1" 304 0 "-" "Feedfetcher-Google; (+http://www.google.com/feedfetcher.html; 3 subscribers; feed-id=17684830852112633560)"
209.85.224.89 - - [16/Mar/2012:16:11:58 -0700] "GET /stories/feed HTTP/1.1" 200 13653 "-" "FeedBurner/1.0 (http://www.FeedBurner.com)"
85.17.88.169 - - [16/Mar/2012:16:15:49 -0700] "POST /blog/wp-cron.php?doing_wp_cron=1331939624 HTTP/1.0" 499 0 "-" "WordPress/3.3.1; http://yuvi.in/blog"
100.43.83.144 - - [16/Mar/2012:16:15:50 -0700] "GET /blog/blogging-from-under-the-table-during-class/ HTTP/1.1" 200 4935 "-" "Mozilla/5.0 (compatible; YandexBot/3.0; +http://yandex.com/bots)"
85.17.88.169 - - [16/Mar/2012:16:22:12 -0700] "POST /blog/wp-cron.php?doing_wp_cron=1331940007 HTTP/1.0" 499 0 "-" "WordPress/3.3.1; http://yuvi.in/blog"
180.76.5.88 - - [16/Mar/2012:16:22:13 -0700] "GET /blog/2011/11/ HTTP/1.1" 200 4533 "-" "Mozilla/5.0 (compatible; Baiduspider/2.0; +http://www.baidu.com/search/spider.html)"
65.52.104.19 - - [16/Mar/2012:16:25:30 -0700] "GET /robots.txt HTTP/1.1" 404 238 "-" "Mozilla/5.0 (compatible; bingbot/2.0; +http://www.bing.com/bingbot.htm)"
157.55.112.209 - - [16/Mar/2012:16:25:34 -0700] "-" 400 0 "-" "-"
157.55.112.209 - - [16/Mar/2012:16:25:35 -0700] "-" 400 0 "-" "-"
157.55.112.209 - - [16/Mar/2012:16:25:35 -0700] "-" 400 0 "-" "-"
157.55.112.209 - - [16/Mar/2012:16:25:35 -0700] "-" 400 0 "-" "-"
157.55.112.209 - - [16/Mar/2012:16:25:35 -0700] "-" 400 0 "-" "-"
157.55.112.209 - - [16/Mar/2012:16:25:35 -0700] "-" 400 0 "-" "-"
157.55.112.209 - - [16/Mar/2012:16:25:35 -0700] "-" 400 0 "-" "-"
157.55.112.209 - - [16/Mar/2012:16:25:36 -0700] "-" 400 0 "-" "-"
157.55.112.209 - - [16/Mar/2012:16:25:36 -0700] "-" 400 0 "-" "-"
157.55.112.209 - - [16/Mar/2012:16:25:36 -0700] "-" 400 0 "-" "-"
112.79.40.21 - - [16/Mar/2012:16:26:00 -0700] "-" 400 0 "-" "-"
112.79.40.21 - - [16/Mar/2012:16:26:00 -0700] "-" 400 0 "-" "-"
112.79.40.21 - - [16/Mar/2012:16:26:00 -0700] "-" 400 0 "-" "-"
112.79.40.21 - - [16/Mar/2012:16:26:00 -0700] "-" 400 0 "-" "-"
157.55.112.209 - - [16/Mar/2012:16:26:33 -0700] "-" 400 0 "-" "-"
85.17.88.169 - - [16/Mar/2012:16:29:24 -0700] "POST /blog/wp-cron.php?doing_wp_cron=1331940438 HTTP/1.0" 499 0 "-" "WordPress/3.3.1; http://yuvi.in/blog"
209.85.224.90 - - [16/Mar/2012:16:29:24 -0700] "GET /blog/feed HTTP/1.1" 304 0 "-" "FeedBurner/1.0 (http://www.FeedBurner.com)"
85.17.88.169 - - [16/Mar/2012:16:29:51 -0700] "POST /blog/wp-cron.php?doing_wp_cron=1331940465 HTTP/1.0" 499 0 "-" "WordPress/3.3.1; http://yuvi.in/blog"
78.184.137.69 - - [16/Mar/2012:16:29:51 -0700] "GET /blog/ HTTP/1.1" 200 33086 "-" "Mozilla/5.0 (compatible; Googlebot/2.1; +http://www.google.com/bot.html)"
180.76.5.87 - - [16/Mar/2012:16:32:59 -0700] "GET /robots.txt HTTP/1.1" 404 142 "-" "Baiduspider+(+http://www.baidu.com/search/spider.htm)"
85.17.88.169 - - [16/Mar/2012:16:33:05 -0700] "POST /blog/wp-cron.php?doing_wp_cron=1331940660 HTTP/1.0" 499 0 "-" "WordPress/3.3.1; http://yuvi.in/blog"
