66.249.71.101 - - [06/Mar/2012:21:24:39 -0800] "GET /chennai/route/m89t/ HTTP/1.1" 404 142 "-" "Mozilla/5.0 (compatible; Googlebot/2.1; +http://www.google.com/bot.html)"
66.249.71.101 - - [06/Mar/2012:21:25:47 -0800] "GET /chennai/route/m88r/ HTTP/1.1" 404 142 "-" "Mozilla/5.0 (compatible; Googlebot/2.1; +http://www.google.com/bot.html)"
122.166.232.107 - - [06/Mar/2012:21:26:29 -0800] "-" 400 0 "-" "-"
66.249.71.101 - - [06/Mar/2012:21:26:55 -0800] "GET /chennai/route/mh70/ HTTP/1.1" 404 142 "-" "Mozilla/5.0 (compatible; Googlebot/2.1; +http://www.google.com/bot.html)"
218.248.19.51 - - [06/Mar/2012:21:27:27 -0800] "-" 400 0 "-" "-"
218.248.19.51 - - [06/Mar/2012:21:27:27 -0800] "-" 400 0 "-" "-"
66.249.71.101 - - [06/Mar/2012:21:28:03 -0800] "GET /chennai/route/m9mext/ HTTP/1.1" 404 142 "-" "Mozilla/5.0 (compatible; Googlebot/2.1; +http://www.google.com/bot.html)"
59.92.37.17 - - [06/Mar/2012:21:28:52 -0800] "-" 400 0 "-" "-"
66.249.71.101 - - [06/Mar/2012:21:29:10 -0800] "GET /chennai/route/pp19e/ HTTP/1.1" 404 142 "-" "Mozilla/5.0 (compatible; Googlebot/2.1; +http://www.google.com/bot.html)"
37.112.27.213 - - [06/Mar/2012:21:29:14 -0800] "GET / HTTP/1.1" 200 1430 "-" "Reeder/1010.59.00 CFNetwork/520.3.2 Darwin/11.3.0 (x86_64) (MacBookPro8%2C1)"
37.112.27.213 - - [06/Mar/2012:21:29:14 -0800] "GET /favicon.ico HTTP/1.1" 404 142 "-" "Reeder/1010.59.00 CFNetwork/520.3.2 Darwin/11.3.0 (x86_64) (MacBookPro8%2C1)"
37.112.27.213 - - [06/Mar/2012:21:29:14 -0800] "GET / HTTP/1.1" 200 1430 "-" "Reeder/1010.59.00 CFNetwork/520.3.2 Darwin/11.3.0 (x86_64) (MacBookPro8%2C1)"
37.112.27.213 - - [06/Mar/2012:21:29:14 -0800] "GET /apple-touch-icon.png HTTP/1.1" 404 142 "-" "Reeder/1010.59.00 CFNetwork/520.3.2 Darwin/11.3.0 (x86_64) (MacBookPro8%2C1)"
37.112.27.213 - - [06/Mar/2012:21:29:15 -0800] "GET /apple-touch-icon-precomposed.png HTTP/1.1" 404 142 "-" "Reeder/1010.59.00 CFNetwork/520.3.2 Darwin/11.3.0 (x86_64) (MacBookPro8%2C1)"
66.249.71.101 - - [06/Mar/2012:21:30:18 -0800] "GET /chennai/route/m9m/ HTTP/1.1" 404 142 "-" "Mozilla/5.0 (compatible; Googlebot/2.1; +http://www.google.com/bot.html)"
122.164.161.134 - - [06/Mar/2012:21:31:05 -0800] "-" 400 0 "-" "-"
117.239.65.17 - - [06/Mar/2012:21:31:22 -0800] "GET /r/1u2p HTTP/1.1" 301 257 "http://ta.wikipedia.org/wiki/%E0%AE%85%E0%AE%A3%E0%AF%8D%E0%AE%A3%E0%AE%BE_%E0%AE%A8%E0%AF%82%E0%AE%B1%E0%AF%8D%E0%AE%B1%E0%AE%BE%E0%AE%A3%E0%AF%8D%E0%AE%9F%E0%AF%81_%E0%AE%A8%E0%AF%82%E0%AE%B2%E0%AE%95%E0%AE%AE%E0%AF%8D" "Mozilla/5.0 (compatible; MSIE 9.0; Windows NT 6.1; WOW64; Trident/5.0)"
117.239.65.17 - - [06/Mar/2012:21:31:23 -0800] "GET /s/ta/1u2p/ HTTP/1.1" 302 525 "http://ta.wikipedia.org/wiki/%E0%AE%85%E0%AE%A3%E0%AF%8D%E0%AE%A3%E0%AE%BE_%E0%AE%A8%E0%AF%82%E0%AE%B1%E0%AF%8D%E0%AE%B1%E0%AE%BE%E0%AE%A3%E0%AF%8D%E0%AE%9F%E0%AF%81_%E0%AE%A8%E0%AF%82%E0%AE%B2%E0%AE%95%E0%AE%AE%E0%AF%8D" "Mozilla/5.0 (compatible; MSIE 9.0; Windows NT 6.1; WOW64; Trident/5.0)"
66.249.71.101 - - [06/Mar/2012:21:31:26 -0800] "GET /chennai/route/md170/ HTTP/1.1" 404 142 "-" "Mozilla/5.0 (compatible; Googlebot/2.1; +http://www.google.com/bot.html)"
207.46.204.210 - - [06/Mar/2012:21:31:58 -0800] "-" 400 0 "-" "-"
207.46.204.210 - - [06/Mar/2012:21:31:59 -0800] "-" 400 0 "-" "-"
207.46.204.210 - - [06/Mar/2012:21:32:00 -0800] "-" 400 0 "-" "-"
207.46.204.210 - - [06/Mar/2012:21:32:00 -0800] "-" 400 0 "-" "-"
207.46.204.210 - - [06/Mar/2012:21:32:00 -0800] "-" 400 0 "-" "-"
207.46.204.210 - - [06/Mar/2012:21:32:01 -0800] "-" 400 0 "-" "-"
207.46.204.210 - - [06/Mar/2012:21:32:02 -0800] "-" 400 0 "-" "-"
207.46.204.210 - - [06/Mar/2012:21:32:02 -0800] "-" 400 0 "-" "-"
207.46.204.210 - - [06/Mar/2012:21:32:02 -0800] "-" 400 0 "-" "-"
207.46.204.210 - - [06/Mar/2012:21:32:02 -0800] "-" 400 0 "-" "-"
66.249.71.101 - - [06/Mar/2012:21:32:34 -0800] "GET /chennai/route/s11/ HTTP/1.1" 404 142 "-" "Mozilla/5.0 (compatible; Googlebot/2.1; +http://www.google.com/bot.html)"
66.249.71.101 - - [06/Mar/2012:21:33:42 -0800] "GET /chennai/route/s114/ HTTP/1.1" 404 142 "-" "Mozilla/5.0 (compatible; Googlebot/2.1; +http://www.google.com/bot.html)"
209.85.224.84 - - [06/Mar/2012:21:34:23 -0800] "GET /stories/feed HTTP/1.1" 200 13653 "-" "FeedBurner/1.0 (http://www.FeedBurner.com)"
123.125.71.13 - - [06/Mar/2012:21:34:25 -0800] "GET / HTTP/1.1" 200 3439 "-" "Mozilla/5.0 (compatible; Baiduspider/2.0; +http://www.baidu.com/search/spider.html)"
66.249.71.101 - - [06/Mar/2012:21:34:49 -0800] "GET /chennai/route/s11a/ HTTP/1.1" 404 142 "-" "Mozilla/5.0 (compatible; Googlebot/2.1; +http://www.google.com/bot.html)"
220.181.108.88 - - [06/Mar/2012:21:35:05 -0800] "GET / HTTP/1.1" 200 3439 "-" "Mozilla/5.0 (compatible; Baiduspider/2.0; +http://www.baidu.com/search/spider.html)"
66.249.71.101 - - [06/Mar/2012:21:37:05 -0800] "GET /chennai/route/pp51/ HTTP/1.1" 404 142 "-" "Mozilla/5.0 (compatible; Googlebot/2.1; +http://www.google.com/bot.html)"
66.249.71.101 - - [06/Mar/2012:21:38:13 -0800] "GET /chennai/route/pp21/ HTTP/1.1" 404 142 "-" "Mozilla/5.0 (compatible; Googlebot/2.1; +http://www.google.com/bot.html)"
122.174.165.191 - - [06/Mar/2012:21:38:15 -0800] "-" 400 0 "-" "-"
66.249.71.101 - - [06/Mar/2012:21:39:20 -0800] "GET /chennai/route/s11g/ HTTP/1.1" 404 142 "-" "Mozilla/5.0 (compatible; Googlebot/2.1; +http://www.google.com/bot.html)"
66.249.71.101 - - [06/Mar/2012:21:40:26 -0800] "GET /chennai/route/s120/ HTTP/1.1" 404 142 "-" "Mozilla/5.0 (compatible; Googlebot/2.1; +http://www.google.com/bot.html)"
66.249.71.101 - - [06/Mar/2012:21:41:33 -0800] "GET /chennai/route/s11h/ HTTP/1.1" 404 142 "-" "Mozilla/5.0 (compatible; Googlebot/2.1; +http://www.google.com/bot.html)"
59.92.127.100 - - [06/Mar/2012:21:42:01 -0800] "-" 400 0 "-" "-"
122.174.165.191 - - [06/Mar/2012:21:42:15 -0800] "-" 400 0 "-" "-"
27.251.21.86 - - [06/Mar/2012:21:42:38 -0800] "-" 400 0 "-" "-"
27.251.21.86 - - [06/Mar/2012:21:42:38 -0800] "-" 400 0 "-" "-"
66.249.71.101 - - [06/Mar/2012:21:42:42 -0800] "GET /chennai/route/s13/ HTTP/1.1" 404 142 "-" "Mozilla/5.0 (compatible; Googlebot/2.1; +http://www.google.com/bot.html)"
66.249.71.101 - - [06/Mar/2012:21:43:46 -0800] "GET /chennai/route/s12g/ HTTP/1.1" 404 142 "-" "Mozilla/5.0 (compatible; Googlebot/2.1; +http://www.google.com/bot.html)"
157.55.112.201 - - [06/Mar/2012:21:44:22 -0800] "-" 400 0 "-" "-"
157.55.112.201 - - [06/Mar/2012:21:44:32 -0800] "-" 400 0 "-" "-"
157.55.112.201 - - [06/Mar/2012:21:44:35 -0800] "-" 400 0 "-" "-"
157.55.112.201 - - [06/Mar/2012:21:44:36 -0800] "-" 400 0 "-" "-"
157.55.112.201 - - [06/Mar/2012:21:44:38 -0800] "-" 400 0 "-" "-"
157.55.112.201 - - [06/Mar/2012:21:44:38 -0800] "-" 400 0 "-" "-"
157.55.112.201 - - [06/Mar/2012:21:44:40 -0800] "-" 400 0 "-" "-"
157.55.112.201 - - [06/Mar/2012:21:44:40 -0800] "-" 400 0 "-" "-"
157.55.112.201 - - [06/Mar/2012:21:44:41 -0800] "-" 400 0 "-" "-"
157.55.112.201 - - [06/Mar/2012:21:44:42 -0800] "-" 400 0 "-" "-"
66.249.71.101 - - [06/Mar/2012:21:44:53 -0800] "GET /chennai/route/s12b/ HTTP/1.1" 404 142 "-" "Mozilla/5.0 (compatible; Googlebot/2.1; +http://www.google.com/bot.html)"
122.174.165.191 - - [06/Mar/2012:21:44:55 -0800] "-" 400 0 "-" "-"
157.55.112.201 - - [06/Mar/2012:21:44:56 -0800] "-" 400 0 "-" "-"
66.249.71.101 - - [06/Mar/2012:21:45:59 -0800] "GET /chennai/route/s152l/ HTTP/1.1" 404 142 "-" "Mozilla/5.0 (compatible; Googlebot/2.1; +http://www.google.com/bot.html)"
122.174.165.191 - - [06/Mar/2012:21:46:25 -0800] "-" 400 0 "-" "-"
66.249.71.101 - - [06/Mar/2012:21:47:06 -0800] "GET /chennai/route/s147c/ HTTP/1.1" 404 142 "-" "Mozilla/5.0 (compatible; Googlebot/2.1; +http://www.google.com/bot.html)"
122.174.165.191 - - [06/Mar/2012:21:47:35 -0800] "-" 400 0 "-" "-"
207.46.204.163 - - [06/Mar/2012:21:48:07 -0800] "-" 400 0 "-" "-"
207.46.204.163 - - [06/Mar/2012:21:48:08 -0800] "-" 400 0 "-" "-"
207.46.204.163 - - [06/Mar/2012:21:48:08 -0800] "-" 400 0 "-" "-"
207.46.204.163 - - [06/Mar/2012:21:48:08 -0800] "-" 400 0 "-" "-"
207.46.204.163 - - [06/Mar/2012:21:48:08 -0800] "-" 400 0 "-" "-"
207.46.204.163 - - [06/Mar/2012:21:48:08 -0800] "-" 400 0 "-" "-"
207.46.204.163 - - [06/Mar/2012:21:48:08 -0800] "-" 400 0 "-" "-"
207.46.204.163 - - [06/Mar/2012:21:48:08 -0800] "-" 400 0 "-" "-"
207.46.204.163 - - [06/Mar/2012:21:48:08 -0800] "-" 400 0 "-" "-"
66.249.71.101 - - [06/Mar/2012:21:48:12 -0800] "GET /chennai/route/s153/ HTTP/1.1" 404 142 "-" "Mozilla/5.0 (compatible; Googlebot/2.1; +http://www.google.com/bot.html)"
207.46.204.163 - - [06/Mar/2012:21:48:30 -0800] "-" 400 0 "-" "-"
66.249.71.101 - - [06/Mar/2012:21:50:26 -0800] "GET /chennai/route/s154a/ HTTP/1.1" 404 142 "-" "Mozilla/5.0 (compatible; Googlebot/2.1; +http://www.google.com/bot.html)"
66.249.71.116 - - [06/Mar/2012:21:50:31 -0800] "GET /s/ta/240../ HTTP/1.1" 502 173 "-" "Mozilla/5.0 (compatible; Googlebot/2.1; +http://www.google.com/bot.html)"
59.92.167.44 - - [06/Mar/2012:21:51:06 -0800] "GET /r/2rbo HTTP/1.1" 301 257 "http://www.muthukamalam.com/homepage.htm" "Mozilla/5.0 (Windows NT 5.1) AppleWebKit/535.11 (KHTML, like Gecko) Chrome/17.0.963.56 Safari/535.11"
59.92.167.44 - - [06/Mar/2012:21:51:07 -0800] "GET /s/ta/2rbo/ HTTP/1.1" 302 499 "http://www.muthukamalam.com/homepage.htm" "Mozilla/5.0 (Windows NT 5.1) AppleWebKit/535.11 (KHTML, like Gecko) Chrome/17.0.963.56 Safari/535.11"
85.17.88.169 - - [06/Mar/2012:21:51:07 -0800] "POST /blog/wp-cron.php?doing_wp_cron=1331099419 HTTP/1.0" 499 0 "-" "WordPress/3.3.1; http://yuvi.in/blog"
209.85.224.81 - - [06/Mar/2012:21:51:08 -0800] "GET /blog/feed HTTP/1.1" 304 0 "-" "FeedBurner/1.0 (http://www.FeedBurner.com)"
59.92.167.44 - - [06/Mar/2012:21:51:20 -0800] "-" 400 0 "-" "-"
208.115.111.68 - - [06/Mar/2012:21:51:28 -0800] "GET /robots.txt HTTP/1.1" 404 169 "-" "Mozilla/5.0 (compatible; Ezooms/1.0; ezooms.bot@gmail.com)"
66.249.71.101 - - [06/Mar/2012:21:51:33 -0800] "GET /chennai/route/s159a/ HTTP/1.1" 404 142 "-" "Mozilla/5.0 (compatible; Googlebot/2.1; +http://www.google.com/bot.html)"
24.83.209.131 - - [06/Mar/2012:21:51:37 -0800] "GET /r/5qb HTTP/1.1" 301 255 "http://ta.wikipedia.org/wiki/%E0%AE%87%E0%AE%AE%E0%AE%AF%E0%AE%AE%E0%AE%B2%E0%AF%88" "Mozilla/5.0 (Windows NT 6.0) AppleWebKit/535.11 (KHTML, like Gecko) Chrome/17.0.963.56 Safari/535.11"
24.83.209.131 - - [06/Mar/2012:21:51:38 -0800] "GET /s/ta/5qb/ HTTP/1.1" 302 337 "http://ta.wikipedia.org/wiki/%E0%AE%87%E0%AE%AE%E0%AE%AF%E0%AE%AE%E0%AE%B2%E0%AF%88" "Mozilla/5.0 (Windows NT 6.0) AppleWebKit/535.11 (KHTML, like Gecko) Chrome/17.0.963.56 Safari/535.11"
66.249.71.101 - - [06/Mar/2012:21:52:39 -0800] "GET /chennai/route/s170a/ HTTP/1.1" 404 142 "-" "Mozilla/5.0 (compatible; Googlebot/2.1; +http://www.google.com/bot.html)"
117.193.181.23 - - [06/Mar/2012:21:53:19 -0800] "-" 400 0 "-" "-"
66.249.71.101 - - [06/Mar/2012:21:53:45 -0800] "GET /chennai/route/s15b/ HTTP/1.1" 404 142 "-" "Mozilla/5.0 (compatible; Googlebot/2.1; +http://www.google.com/bot.html)"
117.213.116.36 - - [06/Mar/2012:21:53:49 -0800] "GET /r/1ay HTTP/1.1" 301 255 "http://ta.wikipedia.org/wiki/%E0%AE%95%E0%AF%8C%E0%AE%A4%E0%AE%AE_%E0%AE%AA%E0%AF%81%E0%AE%A4%E0%AF%8D%E0%AE%A4%E0%AE%B0%E0%AF%8D" "Mozilla/5.0 (Windows NT 5.1) AppleWebKit/535.2 (KHTML, like Gecko) Chrome/15.0.874.120 Safari/535.2"
117.213.116.36 - - [06/Mar/2012:21:53:50 -0800] "GET /s/ta/1ay/ HTTP/1.1" 302 401 "http://ta.wikipedia.org/wiki/%E0%AE%95%E0%AF%8C%E0%AE%A4%E0%AE%AE_%E0%AE%AA%E0%AF%81%E0%AE%A4%E0%AF%8D%E0%AE%A4%E0%AE%B0%E0%AF%8D" "Mozilla/5.0 (Windows NT 5.1) AppleWebKit/535.2 (KHTML, like Gecko) Chrome/15.0.874.120 Safari/535.2"
117.213.116.36 - - [06/Mar/2012:21:54:04 -0800] "-" 400 0 "-" "-"
117.213.116.36 - - [06/Mar/2012:21:54:04 -0800] "-" 400 0 "-" "-"
221.239.61.183 - - [06/Mar/2012:21:54:24 -0800] "GET /blog/moving-to-vim-from-emacs.html HTTP/1.1" 200 6340 "http://www.google.com/url?sa=t&rct=j&q=from+emacs+to+vim&source=web&cd=6&ved=0CFAQFjAF&url=http%3A%2F%2Fyuvi.in%2Fblog%2Fmoving-to-vim-from-emacs.html&ei=1_dWT8iJLszwmAXGr-CBCg&usg=AFQjCNFDH22f3e_OFiBflaVRz4z_s_6FcA&cad=rja" "Mozilla/5.0 (Windows NT 5.1; rv:10.0.2) Gecko/20100101 Firefox/10.0.2"
221.239.61.183 - - [06/Mar/2012:21:54:25 -0800] "GET /blog/static/codehilite.css HTTP/1.1" 200 4012 "http://yuvi.in/blog/moving-to-vim-from-emacs.html" "Mozilla/5.0 (Windows NT 5.1; rv:10.0.2) Gecko/20100101 Firefox/10.0.2"
221.239.61.183 - - [06/Mar/2012:21:54:25 -0800] "GET /blog/static/style.css HTTP/1.1" 200 4753 "http://yuvi.in/blog/moving-to-vim-from-emacs.html" "Mozilla/5.0 (Windows NT 5.1; rv:10.0.2) Gecko/20100101 Firefox/10.0.2"
85.17.88.169 - - [06/Mar/2012:21:54:31 -0800] "POST /blog/wp-cron.php?doing_wp_cron=1331099623 HTTP/1.0" 499 0 "-" "WordPress/3.3.1; http://yuvi.in/blog"
101.226.33.179 - - [06/Mar/2012:21:54:32 -0800] "GET /blog/feed HTTP/1.0" 304 0 "-" "Mozilla/4.0 (compatible; Windows;)"
66.249.71.101 - - [06/Mar/2012:21:54:52 -0800] "GET /chennai/route/s17e/ HTTP/1.1" 404 142 "-" "Mozilla/5.0 (compatible; Googlebot/2.1; +http://www.google.com/bot.html)"
221.239.61.183 - - [06/Mar/2012:21:55:22 -0800] "GET /favicon.ico HTTP/1.1" 404 169 "-" "Mozilla/5.0 (Windows NT 5.1; rv:10.0.2) Gecko/20100101 Firefox/10.0.2"
221.239.61.183 - - [06/Mar/2012:21:55:23 -0800] "GET /favicon.ico HTTP/1.1" 404 169 "-" "Mozilla/5.0 (Windows NT 5.1; rv:10.0.2) Gecko/20100101 Firefox/10.0.2"
66.249.71.101 - - [06/Mar/2012:21:55:59 -0800] "GET /chennai/route/s15g/ HTTP/1.1" 404 142 "-" "Mozilla/5.0 (compatible; Googlebot/2.1; +http://www.google.com/bot.html)"
66.249.71.101 - - [06/Mar/2012:21:57:05 -0800] "GET /chennai/route/s170t/ HTTP/1.1" 404 142 "-" "Mozilla/5.0 (compatible; Googlebot/2.1; +http://www.google.com/bot.html)"
66.249.71.101 - - [06/Mar/2012:21:58:12 -0800] "GET /chennai/route/s166/ HTTP/1.1" 404 142 "-" "Mozilla/5.0 (compatible; Googlebot/2.1; +http://www.google.com/bot.html)"
66.249.71.101 - - [06/Mar/2012:21:59:18 -0800] "GET /chennai/route/s170/ HTTP/1.1" 404 142 "-" "Mozilla/5.0 (compatible; Googlebot/2.1; +http://www.google.com/bot.html)"
66.112.55.170 - - [06/Mar/2012:21:59:48 -0800] "GET /robots.txt HTTP/1.0" 404 169 "-" "Mozilla/5.0 (compatible; MJ12bot/v1.4.2; http://www.majestic12.co.uk/bot.php?+)"
85.17.88.169 - - [06/Mar/2012:21:59:52 -0800] "POST /blog/wp-cron.php?doing_wp_cron=1331099944 HTTP/1.0" 499 0 "-" "WordPress/3.3.1; http://yuvi.in/blog"
66.112.55.170 - - [06/Mar/2012:21:59:53 -0800] "GET /blog/2009/06 HTTP/1.0" 301 0 "-" "Mozilla/5.0 (compatible; MJ12bot/v1.4.2; http://www.majestic12.co.uk/bot.php?+)"
85.17.88.169 - - [06/Mar/2012:21:59:59 -0800] "POST /blog/wp-cron.php?doing_wp_cron=1331099951 HTTP/1.0" 499 0 "-" "WordPress/3.3.1; http://yuvi.in/blog"
66.112.55.170 - - [06/Mar/2012:22:00:04 -0800] "GET /blog/2009/06/ HTTP/1.0" 200 27787 "-" "Mozilla/5.0 (compatible; MJ12bot/v1.4.2; http://www.majestic12.co.uk/bot.php?+)"
85.17.88.169 - - [06/Mar/2012:22:00:10 -0800] "POST /blog/wp-cron.php?doing_wp_cron=1331099962 HTTP/1.0" 499 0 "-" "WordPress/3.3.1; http://yuvi.in/blog"
66.112.55.170 - - [06/Mar/2012:22:00:11 -0800] "GET /blog/devlog-december-10-2011 HTTP/1.0" 301 0 "-" "Mozilla/5.0 (compatible; MJ12bot/v1.4.2; http://www.majestic12.co.uk/bot.php?+)"
85.17.88.169 - - [06/Mar/2012:22:00:14 -0800] "POST /blog/wp-cron.php?doing_wp_cron=1331099966 HTTP/1.0" 499 0 "-" "WordPress/3.3.1; http://yuvi.in/blog"
66.112.55.170 - - [06/Mar/2012:22:00:15 -0800] "GET /blog/devlog-december-10-2011/ HTTP/1.0" 200 16172 "-" "Mozilla/5.0 (compatible; MJ12bot/v1.4.2; http://www.majestic12.co.uk/bot.php?+)"
207.46.204.211 - - [06/Mar/2012:22:00:54 -0800] "-" 400 0 "-" "-"
207.46.204.211 - - [06/Mar/2012:22:00:54 -0800] "-" 400 0 "-" "-"
207.46.204.211 - - [06/Mar/2012:22:00:54 -0800] "-" 400 0 "-" "-"
207.46.204.211 - - [06/Mar/2012:22:00:54 -0800] "-" 400 0 "-" "-"
207.46.204.211 - - [06/Mar/2012:22:00:54 -0800] "-" 400 0 "-" "-"
207.46.204.211 - - [06/Mar/2012:22:00:54 -0800] "-" 400 0 "-" "-"
207.46.204.211 - - [06/Mar/2012:22:00:55 -0800] "-" 400 0 "-" "-"
207.46.204.211 - - [06/Mar/2012:22:00:55 -0800] "-" 400 0 "-" "-"
207.46.204.211 - - [06/Mar/2012:22:00:55 -0800] "-" 400 0 "-" "-"
207.46.204.167 - - [06/Mar/2012:22:01:05 -0800] "-" 400 0 "-" "-"
207.46.204.167 - - [06/Mar/2012:22:01:12 -0800] "-" 400 0 "-" "-"
207.46.204.167 - - [06/Mar/2012:22:01:14 -0800] "-" 400 0 "-" "-"
207.46.204.167 - - [06/Mar/2012:22:01:14 -0800] "-" 400 0 "-" "-"
207.46.204.167 - - [06/Mar/2012:22:01:14 -0800] "-" 400 0 "-" "-"
207.46.204.167 - - [06/Mar/2012:22:01:19 -0800] "-" 400 0 "-" "-"
207.46.204.167 - - [06/Mar/2012:22:01:21 -0800] "-" 400 0 "-" "-"
207.46.204.167 - - [06/Mar/2012:22:01:22 -0800] "-" 400 0 "-" "-"
207.46.204.167 - - [06/Mar/2012:22:01:24 -0800] "-" 400 0 "-" "-"
207.46.204.167 - - [06/Mar/2012:22:01:24 -0800] "-" 400 0 "-" "-"
66.249.71.101 - - [06/Mar/2012:22:01:32 -0800] "GET /chennai/route/s17m/ HTTP/1.1" 404 142 "-" "Mozilla/5.0 (compatible; Googlebot/2.1; +http://www.google.com/bot.html)"
207.46.204.167 - - [06/Mar/2012:22:02:17 -0800] "-" 400 0 "-" "-"
66.249.71.101 - - [06/Mar/2012:22:02:38 -0800] "GET /chennai/route/s170l/ HTTP/1.1" 404 142 "-" "Mozilla/5.0 (compatible; Googlebot/2.1; +http://www.google.com/bot.html)"
66.249.71.101 - - [06/Mar/2012:22:03:45 -0800] "GET /chennai/route/s17d/ HTTP/1.1" 404 142 "-" "Mozilla/5.0 (compatible; Googlebot/2.1; +http://www.google.com/bot.html)"
27.251.35.250 - - [06/Mar/2012:22:04:42 -0800] "GET /r/cvo HTTP/1.1" 301 255 "http://ta.wikipedia.org/wiki/%E0%AE%95%E0%AE%BE%E0%AE%B5%E0%AE%BF%E0%AE%B0%E0%AE%BF%E0%AE%AA%E0%AF%8D%E0%AE%AA%E0%AF%82%E0%AE%AE%E0%AF%8D%E0%AE%AA%E0%AE%9F%E0%AF%8D%E0%AE%9F%E0%AE%BF%E0%AE%A9%E0%AE%AE%E0%AF%8D" "Mozilla/5.0 (Windows NT 5.1) AppleWebKit/535.11 (KHTML, like Gecko) Chrome/17.0.963.66 Safari/535.11"
27.251.35.250 - - [06/Mar/2012:22:04:42 -0800] "GET /s/ta/cvo/ HTTP/1.1" 302 505 "http://ta.wikipedia.org/wiki/%E0%AE%95%E0%AE%BE%E0%AE%B5%E0%AE%BF%E0%AE%B0%E0%AE%BF%E0%AE%AA%E0%AF%8D%E0%AE%AA%E0%AF%82%E0%AE%AE%E0%AF%8D%E0%AE%AA%E0%AE%9F%E0%AF%8D%E0%AE%9F%E0%AE%BF%E0%AE%A9%E0%AE%AE%E0%AF%8D" "Mozilla/5.0 (Windows NT 5.1) AppleWebKit/535.11 (KHTML, like Gecko) Chrome/17.0.963.66 Safari/535.11"
66.249.71.101 - - [06/Mar/2012:22:04:51 -0800] "GET /chennai/route/s170p/ HTTP/1.1" 404 142 "-" "Mozilla/5.0 (compatible; Googlebot/2.1; +http://www.google.com/bot.html)"
27.251.35.250 - - [06/Mar/2012:22:04:58 -0800] "-" 400 0 "-" "-"
66.249.71.101 - - [06/Mar/2012:22:05:58 -0800] "GET /chennai/route/s170c/ HTTP/1.1" 404 142 "-" "Mozilla/5.0 (compatible; Googlebot/2.1; +http://www.google.com/bot.html)"
117.193.70.97 - - [06/Mar/2012:22:06:32 -0800] "-" 400 0 "-" "-"
66.249.71.101 - - [06/Mar/2012:22:07:05 -0800] "GET /chennai/route/s1a/ HTTP/1.1" 404 142 "-" "Mozilla/5.0 (compatible; Googlebot/2.1; +http://www.google.com/bot.html)"
66.249.71.101 - - [06/Mar/2012:22:08:11 -0800] "GET /chennai/route/s19g/ HTTP/1.1" 404 142 "-" "Mozilla/5.0 (compatible; Googlebot/2.1; +http://www.google.com/bot.html)"
66.249.71.101 - - [06/Mar/2012:22:09:18 -0800] "GET /chennai/route/s24a/ HTTP/1.1" 404 142 "-" "Mozilla/5.0 (compatible; Googlebot/2.1; +http://www.google.com/bot.html)"
157.55.112.209 - - [06/Mar/2012:22:09:59 -0800] "-" 400 0 "-" "-"
157.55.112.209 - - [06/Mar/2012:22:10:02 -0800] "-" 400 0 "-" "-"
157.55.112.209 - - [06/Mar/2012:22:10:03 -0800] "-" 400 0 "-" "-"
157.55.112.209 - - [06/Mar/2012:22:10:03 -0800] "-" 400 0 "-" "-"
157.55.112.209 - - [06/Mar/2012:22:10:03 -0800] "-" 400 0 "-" "-"
157.55.112.209 - - [06/Mar/2012:22:10:04 -0800] "-" 400 0 "-" "-"
157.55.112.209 - - [06/Mar/2012:22:10:05 -0800] "-" 400 0 "-" "-"
157.55.112.209 - - [06/Mar/2012:22:10:05 -0800] "-" 400 0 "-" "-"
157.55.112.209 - - [06/Mar/2012:22:10:05 -0800] "-" 400 0 "-" "-"
157.55.112.209 - - [06/Mar/2012:22:10:05 -0800] "-" 400 0 "-" "-"
66.249.71.101 - - [06/Mar/2012:22:10:24 -0800] "GET /chennai/route/s266/ HTTP/1.1" 404 142 "-" "Mozilla/5.0 (compatible; Googlebot/2.1; +http://www.google.com/bot.html)"
157.55.112.209 - - [06/Mar/2012:22:10:50 -0800] "-" 400 0 "-" "-"
66.249.71.101 - - [06/Mar/2012:22:11:31 -0800] "GET /chennai/route/s21g/ HTTP/1.1" 404 142 "-" "Mozilla/5.0 (compatible; Googlebot/2.1; +http://www.google.com/bot.html)"
59.92.74.60 - - [06/Mar/2012:22:11:59 -0800] "-" 400 0 "-" "-"
66.249.71.101 - - [06/Mar/2012:22:12:38 -0800] "GET /chennai/route/s21l/ HTTP/1.1" 404 142 "-" "Mozilla/5.0 (compatible; Googlebot/2.1; +http://www.google.com/bot.html)"
59.92.74.60 - - [06/Mar/2012:22:12:39 -0800] "-" 400 0 "-" "-"
66.249.71.101 - - [06/Mar/2012:22:13:44 -0800] "GET /chennai/route/s25g/ HTTP/1.1" 404 142 "-" "Mozilla/5.0 (compatible; Googlebot/2.1; +http://www.google.com/bot.html)"
66.249.71.101 - - [06/Mar/2012:22:14:51 -0800] "GET /chennai/route/s21h/ HTTP/1.1" 404 142 "-" "Mozilla/5.0 (compatible; Googlebot/2.1; +http://www.google.com/bot.html)"
85.17.88.169 - - [06/Mar/2012:22:15:46 -0800] "POST /blog/wp-cron.php?doing_wp_cron=1331100898 HTTP/1.0" 499 0 "-" "WordPress/3.3.1; http://yuvi.in/blog"
207.46.13.96 - - [06/Mar/2012:22:15:47 -0800] "GET /blog/learnt-reading-javascript-good-parts/ HTTP/1.1" 200 5588 "-" "Mozilla/5.0 (compatible; bingbot/2.0; +http://www.bing.com/bingbot.htm)"
117.254.149.136 - - [06/Mar/2012:22:16:01 -0800] "-" 400 0 "-" "-"
59.92.51.208 - - [06/Mar/2012:22:16:09 -0800] "-" 400 0 "-" "-"
59.92.51.208 - - [06/Mar/2012:22:16:09 -0800] "-" 400 0 "-" "-"
59.92.51.208 - - [06/Mar/2012:22:16:09 -0800] "-" 400 0 "-" "-"
59.92.51.208 - - [06/Mar/2012:22:16:09 -0800] "-" 400 0 "-" "-"
59.92.51.208 - - [06/Mar/2012:22:16:09 -0800] "-" 400 0 "-" "-"
59.92.51.208 - - [06/Mar/2012:22:16:09 -0800] "-" 400 0 "-" "-"
59.92.51.208 - - [06/Mar/2012:22:16:09 -0800] "-" 400 0 "-" "-"
59.92.51.208 - - [06/Mar/2012:22:16:09 -0800] "-" 400 0 "-" "-"
59.92.51.208 - - [06/Mar/2012:22:16:27 -0800] "-" 400 0 "-" "-"
59.92.51.208 - - [06/Mar/2012:22:16:27 -0800] "-" 400 0 "-" "-"
59.92.51.208 - - [06/Mar/2012:22:16:27 -0800] "-" 400 0 "-" "-"
59.92.51.208 - - [06/Mar/2012:22:16:27 -0800] "-" 400 0 "-" "-"
59.92.51.208 - - [06/Mar/2012:22:16:27 -0800] "-" 400 0 "-" "-"
59.92.51.208 - - [06/Mar/2012:22:16:27 -0800] "-" 400 0 "-" "-"
59.92.51.208 - - [06/Mar/2012:22:16:27 -0800] "-" 400 0 "-" "-"
59.92.51.208 - - [06/Mar/2012:22:16:27 -0800] "-" 400 0 "-" "-"
59.92.51.208 - - [06/Mar/2012:22:16:27 -0800] "-" 400 0 "-" "-"
59.92.51.208 - - [06/Mar/2012:22:16:27 -0800] "-" 400 0 "-" "-"
207.46.204.167 - - [06/Mar/2012:22:16:58 -0800] "-" 400 0 "-" "-"
207.46.204.167 - - [06/Mar/2012:22:17:02 -0800] "-" 400 0 "-" "-"
207.46.204.167 - - [06/Mar/2012:22:17:02 -0800] "-" 400 0 "-" "-"
207.46.204.167 - - [06/Mar/2012:22:17:03 -0800] "-" 400 0 "-" "-"
207.46.204.167 - - [06/Mar/2012:22:17:03 -0800] "-" 400 0 "-" "-"
207.46.204.167 - - [06/Mar/2012:22:17:03 -0800] "-" 400 0 "-" "-"
207.46.204.167 - - [06/Mar/2012:22:17:04 -0800] "-" 400 0 "-" "-"
207.46.204.167 - - [06/Mar/2012:22:17:04 -0800] "-" 400 0 "-" "-"
207.46.204.167 - - [06/Mar/2012:22:17:04 -0800] "-" 400 0 "-" "-"
207.46.204.167 - - [06/Mar/2012:22:17:04 -0800] "-" 400 0 "-" "-"
66.249.71.101 - - [06/Mar/2012:22:17:04 -0800] "GET /chennai/route/s242/ HTTP/1.1" 404 142 "-" "Mozilla/5.0 (compatible; Googlebot/2.1; +http://www.google.com/bot.html)"
59.92.58.95 - - [06/Mar/2012:22:17:53 -0800] "-" 400 0 "-" "-"
66.249.71.101 - - [06/Mar/2012:22:18:11 -0800] "GET /chennai/route/s1b/ HTTP/1.1" 404 142 "-" "Mozilla/5.0 (compatible; Googlebot/2.1; +http://www.google.com/bot.html)"
85.17.88.169 - - [06/Mar/2012:22:18:44 -0800] "POST /blog/wp-cron.php?doing_wp_cron=1331101076 HTTP/1.0" 499 0 "-" "WordPress/3.3.1; http://yuvi.in/blog"
72.14.199.121 - - [06/Mar/2012:22:18:44 -0800] "GET /blog/feed/ HTTP/1.1" 304 0 "-" "Feedfetcher-Google; (+http://www.google.com/feedfetcher.html; 18 subscribers; feed-id=15064232456473204253)"
117.254.149.136 - - [06/Mar/2012:22:19:11 -0800] "-" 400 0 "-" "-"
117.254.149.136 - - [06/Mar/2012:22:19:11 -0800] "-" 400 0 "-" "-"
117.254.149.136 - - [06/Mar/2012:22:19:11 -0800] "-" 400 0 "-" "-"
117.254.149.136 - - [06/Mar/2012:22:19:11 -0800] "-" 400 0 "-" "-"
66.249.71.101 - - [06/Mar/2012:22:19:17 -0800] "GET /chennai/route/s1c/ HTTP/1.1" 404 142 "-" "Mozilla/5.0 (compatible; Googlebot/2.1; +http://www.google.com/bot.html)"
85.17.88.169 - - [06/Mar/2012:22:20:24 -0800] "POST /blog/wp-cron.php?doing_wp_cron=1331101176 HTTP/1.0" 499 0 "-" "WordPress/3.3.1; http://yuvi.in/blog"
123.65.223.216 - - [06/Mar/2012:22:20:26 -0800] "GET /blog/ HTTP/1.0" 200 44206 "http://yuvi.in/blog/" "Mozilla/4.0 (compatible; MSIE 6.0; Windows NT 5.0; Avant Browser [avantbrowser.com]; Hotbar 4.4.5.0)"
66.249.71.101 - - [06/Mar/2012:22:20:28 -0800] "GET /chennai/route/s24c/ HTTP/1.1" 404 142 "-" "Mozilla/5.0 (compatible; Googlebot/2.1; +http://www.google.com/bot.html)"
85.17.88.169 - - [06/Mar/2012:22:21:13 -0800] "POST /blog/wp-cron.php?doing_wp_cron=1331101225 HTTP/1.0" 499 0 "-" "WordPress/3.3.1; http://yuvi.in/blog"
209.85.224.85 - - [06/Mar/2012:22:21:13 -0800] "GET /blog/feed HTTP/1.1" 304 0 "-" "FeedBurner/1.0 (http://www.FeedBurner.com)"
66.249.71.101 - - [06/Mar/2012:22:21:31 -0800] "GET /chennai/route/s1g/ HTTP/1.1" 404 142 "-" "Mozilla/5.0 (compatible; Googlebot/2.1; +http://www.google.com/bot.html)"
117.254.149.136 - - [06/Mar/2012:22:22:01 -0800] "-" 400 0 "-" "-"
117.254.149.136 - - [06/Mar/2012:22:22:01 -0800] "-" 400 0 "-" "-"
117.254.149.136 - - [06/Mar/2012:22:22:01 -0800] "-" 400 0 "-" "-"
67.215.230.28 - - [06/Mar/2012:22:22:12 -0800] "GET /robots.txt HTTP/1.0" 404 169 "-" "Setooz/Nutch-1.2 (http://www.setooz.com)"
67.215.230.28 - - [06/Mar/2012:22:22:12 -0800] "GET /stories HTTP/1.0" 301 185 "-" "Setooz/Nutch-1.2 (http://www.setooz.com)"
67.215.230.28 - - [06/Mar/2012:22:22:13 -0800] "GET /robots.txt HTTP/1.0" 404 169 "-" "Setooz/Nutch-1.2 (http://www.setooz.com)"
67.215.230.28 - - [06/Mar/2012:22:22:13 -0800] "GET / HTTP/1.0" 200 3439 "-" "Setooz/Nutch-1.2 (http://www.setooz.com)"
66.249.71.101 - - [06/Mar/2012:22:22:37 -0800] "GET /chennai/route/s27h/ HTTP/1.1" 404 142 "-" "Mozilla/5.0 (compatible; Googlebot/2.1; +http://www.google.com/bot.html)"
117.254.149.136 - - [06/Mar/2012:22:23:01 -0800] "-" 400 0 "-" "-"
117.254.149.136 - - [06/Mar/2012:22:23:01 -0800] "-" 400 0 "-" "-"
117.254.149.136 - - [06/Mar/2012:22:23:01 -0800] "-" 400 0 "-" "-"
117.254.149.136 - - [06/Mar/2012:22:23:01 -0800] "-" 400 0 "-" "-"
117.254.149.136 - - [06/Mar/2012:22:23:01 -0800] "-" 400 0 "-" "-"
66.249.71.101 - - [06/Mar/2012:22:23:44 -0800] "GET /chennai/route/s28/ HTTP/1.1" 404 142 "-" "Mozilla/5.0 (compatible; Googlebot/2.1; +http://www.google.com/bot.html)"
117.254.149.136 - - [06/Mar/2012:22:23:51 -0800] "-" 400 0 "-" "-"
77.21.147.173 - - [06/Mar/2012:22:24:00 -0800] "GET /blog/tag/gsoc.html HTTP/1.1" 200 41469 "-" "findlinks/2.0.2 (+http://wortschatz.uni-leipzig.de/findlinks/)"
66.249.71.101 - - [06/Mar/2012:22:24:51 -0800] "GET /chennai/route/s27b/ HTTP/1.1" 404 142 "-" "Mozilla/5.0 (compatible; Googlebot/2.1; +http://www.google.com/bot.html)"
66.249.71.101 - - [06/Mar/2012:22:25:57 -0800] "GET /chennai/route/s27c/ HTTP/1.1" 404 142 "-" "Mozilla/5.0 (compatible; Googlebot/2.1; +http://www.google.com/bot.html)"
180.76.5.50 - - [06/Mar/2012:22:25:57 -0800] "GET / HTTP/1.1" 200 3439 "-" "Mozilla/5.0 (compatible; Baiduspider/2.0; +http://www.baidu.com/search/spider.html)"
85.17.88.169 - - [06/Mar/2012:22:26:32 -0800] "POST /blog/wp-cron.php?doing_wp_cron=1331101544 HTTP/1.0" 499 0 "-" "WordPress/3.3.1; http://yuvi.in/blog"
72.14.199.121 - - [06/Mar/2012:22:26:32 -0800] "GET /blog/feed HTTP/1.1" 301 0 "-" "Feedfetcher-Google; (+http://www.google.com/feedfetcher.html; 3 subscribers; feed-id=17684830852112633560)"
85.17.88.169 - - [06/Mar/2012:22:26:34 -0800] "POST /blog/wp-cron.php?doing_wp_cron=1331101546 HTTP/1.0" 499 0 "-" "WordPress/3.3.1; http://yuvi.in/blog"
72.14.199.121 - - [06/Mar/2012:22:26:35 -0800] "GET /blog/feed/ HTTP/1.1" 304 0 "-" "Feedfetcher-Google; (+http://www.google.com/feedfetcher.html; 3 subscribers; feed-id=17684830852112633560)"
66.249.71.101 - - [06/Mar/2012:22:27:04 -0800] "GET /chennai/route/s29c/ HTTP/1.1" 404 142 "-" "Mozilla/5.0 (compatible; Googlebot/2.1; +http://www.google.com/bot.html)"
223.235.151.138 - - [06/Mar/2012:22:27:39 -0800] "-" 400 0 "-" "-"
117.206.98.92 - - [06/Mar/2012:22:27:51 -0800] "GET /r/1pp2 HTTP/1.1" 301 257 "http://ta.wikipedia.org/wiki/%E0%AE%93%E0%AE%B0%E0%AE%BF" "Mozilla/4.0 (compatible; MSIE 7.0; Windows NT 5.1; AskTB5.5)"
117.206.98.92 - - [06/Mar/2012:22:27:53 -0800] "GET /s/ta/1pp2/ HTTP/1.1" 302 301 "http://ta.wikipedia.org/wiki/%E0%AE%93%E0%AE%B0%E0%AE%BF" "Mozilla/4.0 (compatible; MSIE 7.0; Windows NT 5.1; AskTB5.5)"
117.206.98.92 - - [06/Mar/2012:22:27:53 -0800] "GET /r/1pp2 HTTP/1.1" 301 257 "http://ta.wikipedia.org/wiki/%E0%AE%93%E0%AE%B0%E0%AE%BF" "Mozilla/4.0 (compatible; MSIE 7.0; Windows NT 5.1; AskTB5.5)"
117.206.98.92 - - [06/Mar/2012:22:27:54 -0800] "GET /s/ta/1pp2/ HTTP/1.1" 302 301 "http://ta.wikipedia.org/wiki/%E0%AE%93%E0%AE%B0%E0%AE%BF" "Mozilla/4.0 (compatible; MSIE 7.0; Windows NT 5.1; AskTB5.5)"
66.249.71.101 - - [06/Mar/2012:22:28:10 -0800] "GET /chennai/route/s254/ HTTP/1.1" 404 142 "-" "Mozilla/5.0 (compatible; Googlebot/2.1; +http://www.google.com/bot.html)"
66.249.71.101 - - [06/Mar/2012:22:29:17 -0800] "GET /chennai/route/s28a/ HTTP/1.1" 404 142 "-" "Mozilla/5.0 (compatible; Googlebot/2.1; +http://www.google.com/bot.html)"
223.235.151.138 - - [06/Mar/2012:22:29:29 -0800] "-" 400 0 "-" "-"
223.235.151.138 - - [06/Mar/2012:22:29:49 -0800] "-" 400 0 "-" "-"
66.249.71.101 - - [06/Mar/2012:22:30:23 -0800] "GET /chennai/route/s38c/ HTTP/1.1" 404 142 "-" "Mozilla/5.0 (compatible; Googlebot/2.1; +http://www.google.com/bot.html)"
66.249.71.101 - - [06/Mar/2012:22:31:30 -0800] "GET /chennai/route/s41d/ HTTP/1.1" 404 142 "-" "Mozilla/5.0 (compatible; Googlebot/2.1; +http://www.google.com/bot.html)"
223.235.151.138 - - [06/Mar/2012:22:32:10 -0800] "-" 400 0 "-" "-"
223.235.151.138 - - [06/Mar/2012:22:32:30 -0800] "-" 400 0 "-" "-"
223.235.151.138 - - [06/Mar/2012:22:32:30 -0800] "-" 400 0 "-" "-"
223.235.151.138 - - [06/Mar/2012:22:32:30 -0800] "-" 400 0 "-" "-"
223.235.151.138 - - [06/Mar/2012:22:32:30 -0800] "-" 400 0 "-" "-"
223.235.151.138 - - [06/Mar/2012:22:32:30 -0800] "-" 400 0 "-" "-"
66.249.71.101 - - [06/Mar/2012:22:32:37 -0800] "GET /chennai/route/s37d/ HTTP/1.1" 404 142 "-" "Mozilla/5.0 (compatible; Googlebot/2.1; +http://www.google.com/bot.html)"
66.249.71.101 - - [06/Mar/2012:22:33:43 -0800] "GET /chennai/route/s32a/ HTTP/1.1" 404 142 "-" "Mozilla/5.0 (compatible; Googlebot/2.1; +http://www.google.com/bot.html)"
223.235.151.138 - - [06/Mar/2012:22:34:00 -0800] "-" 400 0 "-" "-"
209.85.224.83 - - [06/Mar/2012:22:34:27 -0800] "GET /stories/feed HTTP/1.1" 200 13653 "-" "FeedBurner/1.0 (http://www.FeedBurner.com)"
141.0.10.130 - - [06/Mar/2012:22:34:29 -0800] "GET /r/s9c HTTP/1.1" 301 255 "http://m.facebook.com/l.php?u=http%3A%2F%2Ftawp.in%2Fr%2Fs9c&h=pAQFXsEeV" "Opera/9.80 (J2ME/MIDP; Opera Mini/5.1.24009/27.1316; U; en) Presto/2.8.119 Version/11.10"
141.0.10.130 - - [06/Mar/2012:22:34:29 -0800] "GET /s/ta/s9c/ HTTP/1.1" 302 669 "http://m.facebook.com/l.php?u=http%3A%2F%2Ftawp.in%2Fr%2Fs9c&h=pAQFXsEeV" "Opera/9.80 (J2ME/MIDP; Opera Mini/5.1.24009/27.1316; U; en) Presto/2.8.119 Version/11.10"
24.132.63.154 - - [06/Mar/2012:22:34:39 -0800] "GET /robots.txt HTTP/1.0" 404 169 "-" "Mozilla/5.0 (compatible; MJ12bot/v1.4.2; http://www.majestic12.co.uk/bot.php?+)"
223.235.151.138 - - [06/Mar/2012:22:34:41 -0800] "-" 400 0 "-" "-"
223.235.151.138 - - [06/Mar/2012:22:34:41 -0800] "-" 400 0 "-" "-"
223.235.151.138 - - [06/Mar/2012:22:34:41 -0800] "-" 400 0 "-" "-"
223.235.151.138 - - [06/Mar/2012:22:34:41 -0800] "-" 400 0 "-" "-"
85.17.88.169 - - [06/Mar/2012:22:34:43 -0800] "POST /blog/wp-cron.php?doing_wp_cron=1331102034 HTTP/1.0" 499 0 "-" "WordPress/3.3.1; http://yuvi.in/blog"
24.132.63.154 - - [06/Mar/2012:22:34:43 -0800] "GET /blog/?p=393 HTTP/1.0" 301 0 "-" "Mozilla/5.0 (compatible; MJ12bot/v1.4.2; http://www.majestic12.co.uk/bot.php?+)"
85.17.88.169 - - [06/Mar/2012:22:34:46 -0800] "POST /blog/wp-cron.php?doing_wp_cron=1331102038 HTTP/1.0" 499 0 "-" "WordPress/3.3.1; http://yuvi.in/blog"
24.132.63.154 - - [06/Mar/2012:22:34:47 -0800] "GET /blog/college-drop/ HTTP/1.0" 200 18105 "-" "Mozilla/5.0 (compatible; MJ12bot/v1.4.2; http://www.majestic12.co.uk/bot.php?+)"
66.249.71.101 - - [06/Mar/2012:22:34:50 -0800] "GET /chennai/route/s37g/ HTTP/1.1" 404 142 "-" "Mozilla/5.0 (compatible; Googlebot/2.1; +http://www.google.com/bot.html)"
85.17.88.169 - - [06/Mar/2012:22:34:51 -0800] "POST /blog/wp-cron.php?doing_wp_cron=1331102042 HTTP/1.0" 499 0 "-" "WordPress/3.3.1; http://yuvi.in/blog"
24.132.63.154 - - [06/Mar/2012:22:34:51 -0800] "GET /blog/college-drop/feed HTTP/1.0" 301 0 "-" "Mozilla/5.0 (compatible; MJ12bot/v1.4.2; http://www.majestic12.co.uk/bot.php?+)"
85.17.88.169 - - [06/Mar/2012:22:34:55 -0800] "POST /blog/wp-cron.php?doing_wp_cron=1331102046 HTTP/1.0" 499 0 "-" "WordPress/3.3.1; http://yuvi.in/blog"
24.132.63.154 - - [06/Mar/2012:22:34:55 -0800] "GET /blog/college-drop/feed/ HTTP/1.0" 200 2553 "-" "Mozilla/5.0 (compatible; MJ12bot/v1.4.2; http://www.majestic12.co.uk/bot.php?+)"
223.235.151.138 - - [06/Mar/2012:22:35:00 -0800] "-" 400 0 "-" "-"
66.249.71.101 - - [06/Mar/2012:22:35:57 -0800] "GET /chennai/route/s46g/ HTTP/1.1" 404 142 "-" "Mozilla/5.0 (compatible; Googlebot/2.1; +http://www.google.com/bot.html)"
124.124.203.185 - - [06/Mar/2012:22:35:57 -0800] "-" 400 0 "-" "-"
207.46.204.162 - - [06/Mar/2012:22:36:12 -0800] "-" 400 0 "-" "-"
207.46.204.162 - - [06/Mar/2012:22:36:14 -0800] "-" 400 0 "-" "-"
207.46.204.162 - - [06/Mar/2012:22:36:14 -0800] "-" 400 0 "-" "-"
207.46.204.162 - - [06/Mar/2012:22:36:15 -0800] "-" 400 0 "-" "-"
207.46.204.162 - - [06/Mar/2012:22:36:15 -0800] "-" 400 0 "-" "-"
207.46.204.162 - - [06/Mar/2012:22:36:16 -0800] "-" 400 0 "-" "-"
207.46.204.162 - - [06/Mar/2012:22:36:16 -0800] "-" 400 0 "-" "-"
207.46.204.162 - - [06/Mar/2012:22:36:16 -0800] "-" 400 0 "-" "-"
207.46.204.162 - - [06/Mar/2012:22:36:16 -0800] "-" 400 0 "-" "-"
66.249.71.101 - - [06/Mar/2012:22:37:04 -0800] "GET /chennai/route/s49a/ HTTP/1.1" 404 142 "-" "Mozilla/5.0 (compatible; Googlebot/2.1; +http://www.google.com/bot.html)"
207.46.204.162 - - [06/Mar/2012:22:37:14 -0800] "-" 400 0 "-" "-"
207.46.204.162 - - [06/Mar/2012:22:37:16 -0800] "-" 400 0 "-" "-"
223.235.151.138 - - [06/Mar/2012:22:37:50 -0800] "-" 400 0 "-" "-"
66.249.71.101 - - [06/Mar/2012:22:38:10 -0800] "GET /chennai/route/s500/ HTTP/1.1" 404 142 "-" "Mozilla/5.0 (compatible; Googlebot/2.1; +http://www.google.com/bot.html)"
223.235.151.138 - - [06/Mar/2012:22:38:40 -0800] "-" 400 0 "-" "-"
223.235.151.138 - - [06/Mar/2012:22:38:40 -0800] "-" 400 0 "-" "-"
223.235.151.138 - - [06/Mar/2012:22:38:40 -0800] "-" 400 0 "-" "-"
223.235.151.138 - - [06/Mar/2012:22:38:40 -0800] "-" 400 0 "-" "-"
66.249.71.101 - - [06/Mar/2012:22:39:16 -0800] "GET /chennai/route/s501/ HTTP/1.1" 404 142 "-" "Mozilla/5.0 (compatible; Googlebot/2.1; +http://www.google.com/bot.html)"
207.46.12.69 - - [06/Mar/2012:22:39:37 -0800] "-" 400 0 "-" "-"
207.46.12.69 - - [06/Mar/2012:22:39:39 -0800] "-" 400 0 "-" "-"
207.46.12.69 - - [06/Mar/2012:22:39:40 -0800] "-" 400 0 "-" "-"
207.46.12.69 - - [06/Mar/2012:22:39:40 -0800] "-" 400 0 "-" "-"
207.46.12.69 - - [06/Mar/2012:22:39:40 -0800] "-" 400 0 "-" "-"
207.46.12.69 - - [06/Mar/2012:22:39:40 -0800] "-" 400 0 "-" "-"
207.46.12.69 - - [06/Mar/2012:22:39:41 -0800] "-" 400 0 "-" "-"
207.46.12.69 - - [06/Mar/2012:22:39:41 -0800] "-" 400 0 "-" "-"
207.46.12.69 - - [06/Mar/2012:22:39:41 -0800] "-" 400 0 "-" "-"
207.46.12.69 - - [06/Mar/2012:22:39:41 -0800] "-" 400 0 "-" "-"
66.249.71.101 - - [06/Mar/2012:22:40:28 -0800] "GET /chennai/route/s47/ HTTP/1.1" 404 142 "-" "Mozilla/5.0 (compatible; Googlebot/2.1; +http://www.google.com/bot.html)"
74.125.126.85 - - [06/Mar/2012:22:41:22 -0800] "GET /favicon.ico HTTP/1.1" 404 142 "-" "-"
66.249.71.101 - - [06/Mar/2012:22:41:30 -0800] "GET /chennai/route/s500b/ HTTP/1.1" 404 142 "-" "Mozilla/5.0 (compatible; Googlebot/2.1; +http://www.google.com/bot.html)"
142.166.3.122 - - [06/Mar/2012:22:42:03 -0800] "GET /robots.txt HTTP/1.1" 404 142 "-" "R6_CommentReader(www.radian6.com/crawler)"
85.17.88.169 - - [06/Mar/2012:22:42:05 -0800] "POST /blog/wp-cron.php?doing_wp_cron=1331102477 HTTP/1.0" 499 0 "-" "WordPress/3.3.1; http://yuvi.in/blog"
142.166.3.122 - - [06/Mar/2012:22:42:05 -0800] "GET /blog/college-drop/ HTTP/1.1" 200 4882 "-" "R6_CommentReader(www.radian6.com/crawler)"
66.249.71.101 - - [06/Mar/2012:22:42:36 -0800] "GET /chennai/route/s47a/ HTTP/1.1" 404 142 "-" "Mozilla/5.0 (compatible; Googlebot/2.1; +http://www.google.com/bot.html)"
121.240.156.193 - - [06/Mar/2012:22:43:04 -0800] "-" 400 0 "-" "-"
66.249.71.101 - - [06/Mar/2012:22:43:43 -0800] "GET /chennai/route/s47d/ HTTP/1.1" 404 142 "-" "Mozilla/5.0 (compatible; Googlebot/2.1; +http://www.google.com/bot.html)"
220.225.141.61 - - [06/Mar/2012:22:44:35 -0800] "GET /r/xe HTTP/1.1" 301 253 "http://ta.wikipedia.org/wiki/%E0%AE%B5%E0%AE%BE%E0%AE%B8%E0%AF%8D%E0%AE%A4%E0%AF%81_%E0%AE%9A%E0%AE%BE%E0%AE%B8%E0%AF%8D%E0%AE%A4%E0%AE%BF%E0%AE%B0%E0%AE%AE%E0%AF%8D" "Mozilla/5.0 (Windows NT 5.1; rv:5.0) Gecko/20100101 Firefox/5.0"
220.225.141.61 - - [06/Mar/2012:22:44:35 -0800] "GET /s/ta/xe/ HTTP/1.1" 302 449 "http://ta.wikipedia.org/wiki/%E0%AE%B5%E0%AE%BE%E0%AE%B8%E0%AF%8D%E0%AE%A4%E0%AF%81_%E0%AE%9A%E0%AE%BE%E0%AE%B8%E0%AF%8D%E0%AE%A4%E0%AE%BF%E0%AE%B0%E0%AE%AE%E0%AF%8D" "Mozilla/5.0 (Windows NT 5.1; rv:5.0) Gecko/20100101 Firefox/5.0"
100.43.83.144 - - [06/Mar/2012:22:44:40 -0800] "GET /robots.txt HTTP/1.1" 404 169 "-" "Mozilla/5.0 (compatible; YandexBot/3.0; +http://yandex.com/bots)"
213.186.127.13 - - [06/Mar/2012:22:45:37 -0800] "GET /r/661 HTTP/1.1" 301 255 "-" "Mozilla/5.0 (compatible; AhrefsBot/2.0; +http://ahrefs.com/robot/)"
66.249.71.101 - - [06/Mar/2012:22:45:56 -0800] "GET /chennai/route/s515/ HTTP/1.1" 404 142 "-" "Mozilla/5.0 (compatible; Googlebot/2.1; +http://www.google.com/bot.html)"
66.249.71.101 - - [06/Mar/2012:22:47:03 -0800] "GET /chennai/route/s517/ HTTP/1.1" 404 142 "-" "Mozilla/5.0 (compatible; Googlebot/2.1; +http://www.google.com/bot.html)"
66.249.71.101 - - [06/Mar/2012:22:48:09 -0800] "GET /chennai/route/s510/ HTTP/1.1" 404 142 "-" "Mozilla/5.0 (compatible; Googlebot/2.1; +http://www.google.com/bot.html)"
66.249.71.101 - - [06/Mar/2012:22:49:16 -0800] "GET /chennai/route/s518ex/ HTTP/1.1" 404 142 "-" "Mozilla/5.0 (compatible; Googlebot/2.1; +http://www.google.com/bot.html)"
175.140.198.210 - - [06/Mar/2012:22:49:30 -0800] "GET /r/q4h HTTP/1.1" 301 255 "http://ta.wikipedia.org/wiki/%E0%AE%A4%E0%AF%87%E0%AE%9A%E0%AE%BF%E0%AE%95_%E0%AE%B5%E0%AE%BF%E0%AE%A8%E0%AE%BE%E0%AE%AF%E0%AE%95%E0%AE%AE%E0%AF%8D_%E0%AE%AA%E0%AE%BF%E0%AE%B3%E0%AF%8D%E0%AE%B3%E0%AF%88" "Mozilla/5.0 (Windows NT 6.1) AppleWebKit/535.11 (KHTML, like Gecko) Chrome/17.0.963.65 Safari/535.11"
175.140.198.210 - - [06/Mar/2012:22:49:30 -0800] "GET /s/ta/q4h/ HTTP/1.1" 302 501 "http://ta.wikipedia.org/wiki/%E0%AE%A4%E0%AF%87%E0%AE%9A%E0%AE%BF%E0%AE%95_%E0%AE%B5%E0%AE%BF%E0%AE%A8%E0%AE%BE%E0%AE%AF%E0%AE%95%E0%AE%AE%E0%AF%8D_%E0%AE%AA%E0%AE%BF%E0%AE%B3%E0%AF%8D%E0%AE%B3%E0%AF%88" "Mozilla/5.0 (Windows NT 6.1) AppleWebKit/535.11 (KHTML, like Gecko) Chrome/17.0.963.65 Safari/535.11"
122.174.126.27 - - [06/Mar/2012:22:49:32 -0800] "GET /r/1mrd HTTP/1.1" 301 257 "http://ta.wikipedia.org/wiki/%E0%AE%AE%E0%AE%B2%E0%AF%88%E0%AE%AF%E0%AF%82%E0%AE%B0%E0%AF%8D_%E0%AE%AE%E0%AE%AE%E0%AF%8D%E0%AE%AA%E0%AE%9F%E0%AF%8D%E0%AE%9F%E0%AE%BF%E0%AE%AF%E0%AE%BE%E0%AE%A9%E0%AF%8D" "Mozilla/5.0 (Windows NT 5.1; rv:8.0) Gecko/20100101 Firefox/8.0"
122.174.126.27 - - [06/Mar/2012:22:49:33 -0800] "GET /s/ta/1mrd/ HTTP/1.1" 302 497 "http://ta.wikipedia.org/wiki/%E0%AE%AE%E0%AE%B2%E0%AF%88%E0%AE%AF%E0%AF%82%E0%AE%B0%E0%AF%8D_%E0%AE%AE%E0%AE%AE%E0%AF%8D%E0%AE%AA%E0%AE%9F%E0%AF%8D%E0%AE%9F%E0%AE%BF%E0%AE%AF%E0%AE%BE%E0%AE%A9%E0%AF%8D" "Mozilla/5.0 (Windows NT 5.1; rv:8.0) Gecko/20100101 Firefox/8.0"
122.174.126.27 - - [06/Mar/2012:22:49:38 -0800] "-" 400 0 "-" "-"
175.140.198.210 - - [06/Mar/2012:22:49:44 -0800] "-" 400 0 "-" "-"
66.249.71.101 - - [06/Mar/2012:22:50:22 -0800] "GET /chennai/route/s51l/ HTTP/1.1" 404 142 "-" "Mozilla/5.0 (compatible; Googlebot/2.1; +http://www.google.com/bot.html)"
85.17.88.169 - - [06/Mar/2012:22:51:17 -0800] "POST /blog/wp-cron.php?doing_wp_cron=1331103029 HTTP/1.0" 499 0 "-" "WordPress/3.3.1; http://yuvi.in/blog"
209.85.224.87 - - [06/Mar/2012:22:51:17 -0800] "GET /blog/feed HTTP/1.1" 304 0 "-" "FeedBurner/1.0 (http://www.FeedBurner.com)"
207.46.12.71 - - [06/Mar/2012:22:51:26 -0800] "-" 400 0 "-" "-"
66.249.71.101 - - [06/Mar/2012:22:51:29 -0800] "GET /chennai/route/s525/ HTTP/1.1" 404 142 "-" "Mozilla/5.0 (compatible; Googlebot/2.1; +http://www.google.com/bot.html)"
207.46.12.71 - - [06/Mar/2012:22:51:33 -0800] "-" 400 0 "-" "-"
207.46.12.71 - - [06/Mar/2012:22:51:35 -0800] "-" 400 0 "-" "-"
207.46.12.71 - - [06/Mar/2012:22:51:35 -0800] "-" 400 0 "-" "-"
207.46.12.71 - - [06/Mar/2012:22:51:35 -0800] "-" 400 0 "-" "-"
207.46.12.71 - - [06/Mar/2012:22:51:40 -0800] "-" 400 0 "-" "-"
207.46.12.71 - - [06/Mar/2012:22:51:44 -0800] "-" 400 0 "-" "-"
207.46.12.71 - - [06/Mar/2012:22:51:44 -0800] "-" 400 0 "-" "-"
207.46.12.71 - - [06/Mar/2012:22:51:44 -0800] "-" 400 0 "-" "-"
157.55.112.202 - - [06/Mar/2012:22:51:46 -0800] "-" 400 0 "-" "-"
157.55.112.202 - - [06/Mar/2012:22:51:47 -0800] "-" 400 0 "-" "-"
157.55.112.202 - - [06/Mar/2012:22:51:48 -0800] "-" 400 0 "-" "-"
157.55.112.202 - - [06/Mar/2012:22:51:48 -0800] "-" 400 0 "-" "-"
157.55.112.202 - - [06/Mar/2012:22:51:48 -0800] "-" 400 0 "-" "-"
157.55.112.202 - - [06/Mar/2012:22:51:50 -0800] "-" 400 0 "-" "-"
157.55.112.202 - - [06/Mar/2012:22:51:50 -0800] "-" 400 0 "-" "-"
157.55.112.202 - - [06/Mar/2012:22:51:51 -0800] "-" 400 0 "-" "-"
207.46.12.71 - - [06/Mar/2012:22:51:51 -0800] "-" 400 0 "-" "-"
207.46.12.71 - - [06/Mar/2012:22:52:11 -0800] "-" 400 0 "-" "-"
66.249.71.101 - - [06/Mar/2012:22:52:36 -0800] "GET /chennai/route/s519/ HTTP/1.1" 404 142 "-" "Mozilla/5.0 (compatible; Googlebot/2.1; +http://www.google.com/bot.html)"
66.249.71.101 - - [06/Mar/2012:22:53:42 -0800] "GET /chennai/route/s27l/ HTTP/1.1" 404 142 "-" "Mozilla/5.0 (compatible; Googlebot/2.1; +http://www.google.com/bot.html)"
27.251.21.86 - - [06/Mar/2012:22:53:50 -0800] "-" 400 0 "-" "-"
27.251.21.86 - - [06/Mar/2012:22:53:50 -0800] "-" 400 0 "-" "-"
27.251.21.86 - - [06/Mar/2012:22:53:50 -0800] "-" 400 0 "-" "-"
27.251.21.86 - - [06/Mar/2012:22:53:50 -0800] "-" 400 0 "-" "-"
27.251.21.86 - - [06/Mar/2012:22:53:50 -0800] "-" 400 0 "-" "-"
66.249.71.101 - - [06/Mar/2012:22:54:49 -0800] "GET /chennai/route/s45b/ HTTP/1.1" 404 142 "-" "Mozilla/5.0 (compatible; Googlebot/2.1; +http://www.google.com/bot.html)"
66.249.71.101 - - [06/Mar/2012:22:55:55 -0800] "GET /chennai/route/s518/ HTTP/1.1" 404 142 "-" "Mozilla/5.0 (compatible; Googlebot/2.1; +http://www.google.com/bot.html)"
67.222.109.38 - - [06/Mar/2012:22:57:01 -0800] "GET / HTTP/1.1" 404 211 "" "EdisterBot (http://www.edister.com/bot.html)"
66.249.71.101 - - [06/Mar/2012:22:57:02 -0800] "GET /chennai/route/s521/ HTTP/1.1" 404 142 "-" "Mozilla/5.0 (compatible; Googlebot/2.1; +http://www.google.com/bot.html)"
85.17.88.169 - - [06/Mar/2012:22:57:34 -0800] "POST /blog/wp-cron.php?doing_wp_cron=1331103405 HTTP/1.0" 499 0 "-" "WordPress/3.3.1; http://yuvi.in/blog"
94.102.150.50 - - [06/Mar/2012:22:57:34 -0800] "GET /blog/feed/atom/ HTTP/1.1" 304 0 "-" "SocialSearcher/0.1  Mozilla/5.0"
66.249.71.101 - - [06/Mar/2012:22:58:09 -0800] "GET /chennai/route/s54f/ HTTP/1.1" 404 142 "-" "Mozilla/5.0 (compatible; Googlebot/2.1; +http://www.google.com/bot.html)"
66.249.71.101 - - [06/Mar/2012:22:59:15 -0800] "GET /chennai/route/s553/ HTTP/1.1" 404 142 "-" "Mozilla/5.0 (compatible; Googlebot/2.1; +http://www.google.com/bot.html)"
100.43.83.144 - - [06/Mar/2012:22:59:38 -0800] "GET / HTTP/1.1" 304 0 "-" "Mozilla/5.0 (compatible; YandexBot/3.0; +http://yandex.com/bots)"
66.249.71.101 - - [06/Mar/2012:23:00:28 -0800] "GET /chennai/route/s54/ HTTP/1.1" 404 142 "-" "Mozilla/5.0 (compatible; Googlebot/2.1; +http://www.google.com/bot.html)"
122.183.181.99 - - [06/Mar/2012:23:00:42 -0800] "-" 400 0 "-" "-"
103.246.38.196 - - [06/Mar/2012:23:00:58 -0800] "GET /r/14ux HTTP/1.1" 301 257 "-" "Mozilla/4.0 (compatible; MSIE 7.0; Windows NT 5.1; InfoPath.1; .NET CLR 2.0.50727; .NET CLR 1.1.4322; MS-RTC LM 8; .NET CLR 3.0.4506.2152; .NET CLR 3.5.30729)"
199.19.249.196 - - [06/Mar/2012:23:00:58 -0800] "GET /r/14ux HTTP/1.1" 301 257 "-" "Mozilla/4.0 (compatible; MSIE 7.0; Windows NT 5.1; InfoPath.1; .NET CLR 2.0.50727; .NET CLR 1.1.4322; MS-RTC LM 8; .NET CLR 3.0.4506.2152; .NET CLR 3.5.30729)"
103.246.38.196 - - [06/Mar/2012:23:00:58 -0800] "GET /s/ta/14ux/ HTTP/1.1" 302 669 "-" "Mozilla/4.0 (compatible; MSIE 7.0; Windows NT 5.1; InfoPath.1; .NET CLR 2.0.50727; .NET CLR 1.1.4322; MS-RTC LM 8; .NET CLR 3.0.4506.2152; .NET CLR 3.5.30729)"
199.19.249.196 - - [06/Mar/2012:23:00:58 -0800] "GET /s/ta/14ux/ HTTP/1.1" 302 669 "-" "Mozilla/4.0 (compatible; MSIE 7.0; Windows NT 5.1; InfoPath.1; .NET CLR 2.0.50727; .NET CLR 1.1.4322; MS-RTC LM 8; .NET CLR 3.0.4506.2152; .NET CLR 3.5.30729)"
198.175.68.38 - - [06/Mar/2012:23:00:59 -0800] "GET /r/14ux HTTP/1.1" 301 257 "http://ta.wikipedia.org/wiki/%E0%AE%A4%E0%AE%BF%E0%AE%B0%E0%AF%81%E0%AE%9A%E0%AF%8D%E0%AE%9A%E0%AE%BF%E0%AE%B1%E0%AF%8D%E0%AE%B1%E0%AE%AE%E0%AF%8D%E0%AE%AA%E0%AE%B2%E0%AE%AE%E0%AF%8D_%E0%AE%95%E0%AF%88%E0%AE%B2%E0%AE%BE%E0%AE%9A%E0%AE%A8%E0%AE%BE%E0%AE%A4%E0%AE%B0%E0%AF%8D_%E0%AE%95%E0%AF%8B%E0%AE%AF%E0%AE%BF%E0%AE%B2%E0%AF%8D" "Mozilla/4.0 (compatible; MSIE 8.0; Windows NT 6.1; WOW64; Trident/4.0; SLCC2; .NET CLR 2.0.50727; .NET CLR 3.5.30729; .NET CLR 3.0.30729; .NET CLR 1.1.4322; .NET4.0C; .NET4.0E; InfoPath.2; MS-RTC LM 8)"
103.246.38.196 - - [06/Mar/2012:23:01:00 -0800] "GET /s/ta/14ux HTTP/1.1" 301 257 "-" "Mozilla/4.0 (compatible; MSIE 7.0; Windows NT 5.1; InfoPath.1; .NET CLR 2.0.50727; .NET CLR 1.1.4322; MS-RTC LM 8; .NET CLR 3.0.4506.2152; .NET CLR 3.5.30729)"
199.19.249.196 - - [06/Mar/2012:23:01:00 -0800] "GET /s/ta/14ux HTTP/1.1" 301 257 "-" "Mozilla/4.0 (compatible; MSIE 7.0; Windows NT 5.1; InfoPath.1; .NET CLR 2.0.50727; .NET CLR 1.1.4322; MS-RTC LM 8; .NET CLR 3.0.4506.2152; .NET CLR 3.5.30729)"
103.246.38.196 - - [06/Mar/2012:23:01:00 -0800] "GET /s/ta/14ux/ HTTP/1.1" 302 669 "-" "Mozilla/4.0 (compatible; MSIE 7.0; Windows NT 5.1; InfoPath.1; .NET CLR 2.0.50727; .NET CLR 1.1.4322; MS-RTC LM 8; .NET CLR 3.0.4506.2152; .NET CLR 3.5.30729)"
199.19.249.196 - - [06/Mar/2012:23:01:00 -0800] "GET /s/ta/14ux/ HTTP/1.1" 302 669 "-" "Mozilla/4.0 (compatible; MSIE 7.0; Windows NT 5.1; InfoPath.1; .NET CLR 2.0.50727; .NET CLR 1.1.4322; MS-RTC LM 8; .NET CLR 3.0.4506.2152; .NET CLR 3.5.30729)"
198.175.68.38 - - [06/Mar/2012:23:01:00 -0800] "GET /s/ta/14ux/ HTTP/1.1" 302 669 "http://ta.wikipedia.org/wiki/%E0%AE%A4%E0%AE%BF%E0%AE%B0%E0%AF%81%E0%AE%9A%E0%AF%8D%E0%AE%9A%E0%AE%BF%E0%AE%B1%E0%AF%8D%E0%AE%B1%E0%AE%AE%E0%AF%8D%E0%AE%AA%E0%AE%B2%E0%AE%AE%E0%AF%8D_%E0%AE%95%E0%AF%88%E0%AE%B2%E0%AE%BE%E0%AE%9A%E0%AE%A8%E0%AE%BE%E0%AE%A4%E0%AE%B0%E0%AF%8D_%E0%AE%95%E0%AF%8B%E0%AE%AF%E0%AE%BF%E0%AE%B2%E0%AF%8D" "Mozilla/4.0 (compatible; MSIE 8.0; Windows NT 6.1; WOW64; Trident/4.0; SLCC2; .NET CLR 2.0.50727; .NET CLR 3.5.30729; .NET CLR 3.0.30729; .NET CLR 1.1.4322; .NET4.0C; .NET4.0E; InfoPath.2; MS-RTC LM 8)"
66.249.71.101 - - [06/Mar/2012:23:01:29 -0800] "GET /chennai/route/s538/ HTTP/1.1" 404 142 "-" "Mozilla/5.0 (compatible; Googlebot/2.1; +http://www.google.com/bot.html)"
66.249.71.101 - - [06/Mar/2012:23:02:35 -0800] "GET /chennai/route/s554/ HTTP/1.1" 404 142 "-" "Mozilla/5.0 (compatible; Googlebot/2.1; +http://www.google.com/bot.html)"
216.104.15.142 - - [06/Mar/2012:23:03:26 -0800] "GET / HTTP/1.0" 404 238 "-" "Mozilla/4.0 (compatible; MSIE 6.0; Windows NT 5.1)"
66.249.71.101 - - [06/Mar/2012:23:03:42 -0800] "GET /chennai/route/s536/ HTTP/1.1" 404 142 "-" "Mozilla/5.0 (compatible; Googlebot/2.1; +http://www.google.com/bot.html)"
85.17.88.169 - - [06/Mar/2012:23:03:44 -0800] "POST /blog/wp-cron.php?doing_wp_cron=1331103776 HTTP/1.0" 499 0 "-" "WordPress/3.3.1; http://yuvi.in/blog"
77.65.48.239 - - [06/Mar/2012:23:03:45 -0800] "GET /blog/ HTTP/1.0" 200 44144 "http://yuvi.in/blog/" "Mozilla/4.76 [en] (Windows NT 5.0; U)"
59.92.75.22 - - [06/Mar/2012:23:04:20 -0800] "-" 400 0 "-" "-"
66.249.71.97 - - [06/Mar/2012:23:04:49 -0800] "GET /robots.txt HTTP/1.1" 404 142 "-" "Mozilla/5.0 (compatible; Googlebot/2.1; +http://www.google.com/bot.html)"
85.17.88.169 - - [06/Mar/2012:23:04:51 -0800] "POST /blog/wp-cron.php?doing_wp_cron=1331103842 HTTP/1.0" 499 0 "-" "WordPress/3.3.1; http://yuvi.in/blog"
66.249.71.97 - - [06/Mar/2012:23:04:51 -0800] "GET /blog/devlog-december-23-2011/feed/atom/ HTTP/1.1" 200 673 "-" "Mozilla/5.0 (compatible; Googlebot/2.1; +http://www.google.com/bot.html)"
113.193.125.96 - - [06/Mar/2012:23:04:58 -0800] "-" 400 0 "-" "-"
85.17.88.169 - - [06/Mar/2012:23:05:09 -0800] "POST /blog/wp-cron.php?doing_wp_cron=1331103861 HTTP/1.0" 499 0 "-" "WordPress/3.3.1; http://yuvi.in/blog"
208.115.111.68 - - [06/Mar/2012:23:05:10 -0800] "GET /blog/category/personal/page/3/ HTTP/1.1" 200 31669 "-" "Mozilla/5.0 (compatible; Ezooms/1.0; ezooms.bot@gmail.com)"
208.115.111.68 - - [06/Mar/2012:23:05:15 -0800] "GET /blog/tag/education.html HTTP/1.1" 200 10963 "-" "Mozilla/5.0 (compatible; Ezooms/1.0; ezooms.bot@gmail.com)"
85.17.88.169 - - [06/Mar/2012:23:05:23 -0800] "POST /blog/wp-cron.php?doing_wp_cron=1331103875 HTTP/1.0" 499 0 "-" "WordPress/3.3.1; http://yuvi.in/blog"
208.115.111.68 - - [06/Mar/2012:23:05:23 -0800] "GET /blog/tag/work/ HTTP/1.1" 200 22363 "-" "Mozilla/5.0 (compatible; Ezooms/1.0; ezooms.bot@gmail.com)"
