117.193.193.181 - - [15/Mar/2012:19:18:21 -0700] "-" 400 0 "-" "-"
117.193.193.181 - - [15/Mar/2012:19:18:21 -0700] "-" 400 0 "-" "-"
117.193.193.181 - - [15/Mar/2012:19:18:21 -0700] "-" 400 0 "-" "-"
117.193.193.181 - - [15/Mar/2012:19:18:21 -0700] "-" 400 0 "-" "-"
117.193.193.181 - - [15/Mar/2012:19:18:21 -0700] "-" 400 0 "-" "-"
117.193.193.181 - - [15/Mar/2012:19:18:21 -0700] "-" 400 0 "-" "-"
117.193.193.181 - - [15/Mar/2012:19:18:21 -0700] "-" 400 0 "-" "-"
117.193.193.181 - - [15/Mar/2012:19:18:21 -0700] "-" 400 0 "-" "-"
117.193.193.181 - - [15/Mar/2012:19:18:21 -0700] "-" 400 0 "-" "-"
117.193.193.181 - - [15/Mar/2012:19:18:21 -0700] "-" 400 0 "-" "-"
117.193.193.181 - - [15/Mar/2012:19:18:22 -0700] "-" 400 0 "-" "-"
117.193.193.181 - - [15/Mar/2012:19:18:22 -0700] "-" 400 0 "-" "-"
117.193.193.181 - - [15/Mar/2012:19:18:22 -0700] "-" 400 0 "-" "-"
117.193.193.181 - - [15/Mar/2012:19:18:22 -0700] "-" 400 0 "-" "-"
117.193.193.181 - - [15/Mar/2012:19:18:22 -0700] "-" 400 0 "-" "-"
117.193.193.181 - - [15/Mar/2012:19:18:22 -0700] "-" 400 0 "-" "-"
117.193.193.181 - - [15/Mar/2012:19:18:22 -0700] "-" 400 0 "-" "-"
117.193.193.181 - - [15/Mar/2012:19:18:22 -0700] "-" 400 0 "-" "-"
117.193.193.181 - - [15/Mar/2012:19:18:22 -0700] "-" 400 0 "-" "-"
117.193.193.181 - - [15/Mar/2012:19:18:22 -0700] "-" 400 0 "-" "-"
117.193.193.181 - - [15/Mar/2012:19:18:22 -0700] "-" 400 0 "-" "-"
117.193.193.181 - - [15/Mar/2012:19:18:22 -0700] "-" 400 0 "-" "-"
117.193.193.181 - - [15/Mar/2012:19:18:22 -0700] "-" 400 0 "-" "-"
117.193.193.181 - - [15/Mar/2012:19:18:22 -0700] "-" 400 0 "-" "-"
117.193.193.181 - - [15/Mar/2012:19:18:22 -0700] "-" 400 0 "-" "-"
117.193.193.181 - - [15/Mar/2012:19:18:23 -0700] "-" 400 0 "-" "-"
117.193.193.181 - - [15/Mar/2012:19:18:23 -0700] "-" 400 0 "-" "-"
117.193.193.181 - - [15/Mar/2012:19:18:23 -0700] "-" 400 0 "-" "-"
117.193.193.181 - - [15/Mar/2012:19:18:23 -0700] "-" 400 0 "-" "-"
117.193.193.181 - - [15/Mar/2012:19:18:23 -0700] "-" 400 0 "-" "-"
117.193.193.181 - - [15/Mar/2012:19:18:23 -0700] "-" 400 0 "-" "-"
117.193.193.181 - - [15/Mar/2012:19:18:23 -0700] "-" 400 0 "-" "-"
117.193.193.181 - - [15/Mar/2012:19:18:23 -0700] "-" 400 0 "-" "-"
117.193.193.181 - - [15/Mar/2012:19:18:23 -0700] "-" 400 0 "-" "-"
117.193.193.181 - - [15/Mar/2012:19:18:23 -0700] "-" 400 0 "-" "-"
117.193.193.181 - - [15/Mar/2012:19:18:23 -0700] "-" 400 0 "-" "-"
117.193.193.181 - - [15/Mar/2012:19:18:23 -0700] "-" 400 0 "-" "-"
117.193.193.181 - - [15/Mar/2012:19:18:23 -0700] "-" 400 0 "-" "-"
117.193.193.181 - - [15/Mar/2012:19:18:23 -0700] "-" 400 0 "-" "-"
117.193.193.181 - - [15/Mar/2012:19:18:23 -0700] "-" 400 0 "-" "-"
117.193.96.119 - - [15/Mar/2012:19:18:38 -0700] "-" 400 0 "-" "-"
117.193.176.164 - - [15/Mar/2012:19:18:42 -0700] "-" 400 0 "-" "-"
117.193.176.164 - - [15/Mar/2012:19:18:42 -0700] "-" 400 0 "-" "-"
117.193.176.164 - - [15/Mar/2012:19:18:42 -0700] "-" 400 0 "-" "-"
117.193.176.164 - - [15/Mar/2012:19:18:42 -0700] "-" 400 0 "-" "-"
117.193.176.164 - - [15/Mar/2012:19:18:42 -0700] "-" 400 0 "-" "-"
117.193.176.164 - - [15/Mar/2012:19:18:42 -0700] "-" 400 0 "-" "-"
117.193.176.164 - - [15/Mar/2012:19:18:42 -0700] "-" 400 0 "-" "-"
117.193.176.164 - - [15/Mar/2012:19:18:42 -0700] "-" 400 0 "-" "-"
117.193.176.164 - - [15/Mar/2012:19:18:42 -0700] "-" 400 0 "-" "-"
117.193.176.164 - - [15/Mar/2012:19:18:42 -0700] "-" 400 0 "-" "-"
117.193.176.164 - - [15/Mar/2012:19:18:42 -0700] "-" 400 0 "-" "-"
117.193.176.164 - - [15/Mar/2012:19:18:42 -0700] "-" 400 0 "-" "-"
117.193.176.164 - - [15/Mar/2012:19:18:42 -0700] "-" 400 0 "-" "-"
117.193.176.164 - - [15/Mar/2012:19:18:42 -0700] "-" 400 0 "-" "-"
117.193.176.164 - - [15/Mar/2012:19:18:42 -0700] "-" 400 0 "-" "-"
117.193.176.164 - - [15/Mar/2012:19:18:43 -0700] "-" 400 0 "-" "-"
117.193.176.164 - - [15/Mar/2012:19:18:43 -0700] "-" 400 0 "-" "-"
117.193.176.164 - - [15/Mar/2012:19:18:43 -0700] "-" 400 0 "-" "-"
117.193.176.164 - - [15/Mar/2012:19:18:43 -0700] "-" 400 0 "-" "-"
117.193.176.164 - - [15/Mar/2012:19:18:43 -0700] "-" 400 0 "-" "-"
117.193.176.164 - - [15/Mar/2012:19:18:43 -0700] "-" 400 0 "-" "-"
117.193.176.164 - - [15/Mar/2012:19:18:43 -0700] "-" 400 0 "-" "-"
117.193.176.164 - - [15/Mar/2012:19:18:43 -0700] "-" 400 0 "-" "-"
117.193.176.164 - - [15/Mar/2012:19:18:43 -0700] "-" 400 0 "-" "-"
117.193.176.164 - - [15/Mar/2012:19:18:43 -0700] "-" 400 0 "-" "-"
117.193.176.164 - - [15/Mar/2012:19:18:43 -0700] "-" 400 0 "-" "-"
117.193.176.164 - - [15/Mar/2012:19:18:43 -0700] "-" 400 0 "-" "-"
117.193.176.164 - - [15/Mar/2012:19:18:43 -0700] "-" 400 0 "-" "-"
117.193.176.164 - - [15/Mar/2012:19:18:43 -0700] "-" 400 0 "-" "-"
117.193.176.164 - - [15/Mar/2012:19:18:43 -0700] "-" 400 0 "-" "-"
117.193.176.164 - - [15/Mar/2012:19:18:43 -0700] "-" 400 0 "-" "-"
117.193.176.164 - - [15/Mar/2012:19:18:43 -0700] "-" 400 0 "-" "-"
117.193.176.164 - - [15/Mar/2012:19:18:43 -0700] "-" 400 0 "-" "-"
117.193.176.164 - - [15/Mar/2012:19:18:43 -0700] "-" 400 0 "-" "-"
117.193.176.164 - - [15/Mar/2012:19:18:43 -0700] "-" 400 0 "-" "-"
117.193.176.164 - - [15/Mar/2012:19:18:44 -0700] "-" 400 0 "-" "-"
117.193.176.164 - - [15/Mar/2012:19:18:44 -0700] "-" 400 0 "-" "-"
117.193.176.164 - - [15/Mar/2012:19:18:44 -0700] "-" 400 0 "-" "-"
117.193.176.164 - - [15/Mar/2012:19:18:44 -0700] "-" 400 0 "-" "-"
117.193.176.164 - - [15/Mar/2012:19:18:44 -0700] "-" 400 0 "-" "-"
117.193.176.164 - - [15/Mar/2012:19:18:44 -0700] "-" 400 0 "-" "-"
117.193.176.164 - - [15/Mar/2012:19:18:44 -0700] "-" 400 0 "-" "-"
117.193.176.164 - - [15/Mar/2012:19:18:44 -0700] "-" 400 0 "-" "-"
117.193.176.164 - - [15/Mar/2012:19:18:44 -0700] "-" 400 0 "-" "-"
117.193.176.164 - - [15/Mar/2012:19:18:44 -0700] "-" 400 0 "-" "-"
117.193.176.164 - - [15/Mar/2012:19:18:44 -0700] "-" 400 0 "-" "-"
117.193.176.164 - - [15/Mar/2012:19:18:44 -0700] "-" 400 0 "-" "-"
117.193.176.164 - - [15/Mar/2012:19:18:44 -0700] "-" 400 0 "-" "-"
117.193.176.164 - - [15/Mar/2012:19:18:44 -0700] "-" 400 0 "-" "-"
117.193.176.164 - - [15/Mar/2012:19:18:44 -0700] "-" 400 0 "-" "-"
117.193.176.164 - - [15/Mar/2012:19:18:44 -0700] "-" 400 0 "-" "-"
117.193.176.164 - - [15/Mar/2012:19:18:45 -0700] "-" 400 0 "-" "-"
117.193.176.164 - - [15/Mar/2012:19:18:45 -0700] "-" 400 0 "-" "-"
117.193.176.164 - - [15/Mar/2012:19:18:45 -0700] "-" 400 0 "-" "-"
117.193.176.164 - - [15/Mar/2012:19:18:45 -0700] "-" 400 0 "-" "-"
117.193.176.164 - - [15/Mar/2012:19:18:45 -0700] "-" 400 0 "-" "-"
117.193.176.164 - - [15/Mar/2012:19:18:45 -0700] "-" 400 0 "-" "-"
117.193.176.164 - - [15/Mar/2012:19:18:45 -0700] "-" 400 0 "-" "-"
117.193.176.164 - - [15/Mar/2012:19:18:45 -0700] "-" 400 0 "-" "-"
117.193.176.164 - - [15/Mar/2012:19:18:45 -0700] "-" 400 0 "-" "-"
117.193.176.164 - - [15/Mar/2012:19:18:45 -0700] "-" 400 0 "-" "-"
117.193.176.164 - - [15/Mar/2012:19:18:45 -0700] "-" 400 0 "-" "-"
117.193.176.164 - - [15/Mar/2012:19:18:45 -0700] "-" 400 0 "-" "-"
117.193.176.164 - - [15/Mar/2012:19:18:45 -0700] "-" 400 0 "-" "-"
117.193.176.164 - - [15/Mar/2012:19:18:45 -0700] "-" 400 0 "-" "-"
117.193.176.164 - - [15/Mar/2012:19:18:45 -0700] "-" 400 0 "-" "-"
117.193.176.164 - - [15/Mar/2012:19:18:45 -0700] "-" 400 0 "-" "-"
117.193.176.164 - - [15/Mar/2012:19:18:45 -0700] "-" 400 0 "-" "-"
117.193.176.164 - - [15/Mar/2012:19:18:45 -0700] "-" 400 0 "-" "-"
117.193.176.164 - - [15/Mar/2012:19:18:45 -0700] "-" 400 0 "-" "-"
117.193.176.164 - - [15/Mar/2012:19:18:46 -0700] "-" 400 0 "-" "-"
117.193.176.164 - - [15/Mar/2012:19:18:46 -0700] "-" 400 0 "-" "-"
117.193.176.164 - - [15/Mar/2012:19:18:46 -0700] "-" 400 0 "-" "-"
117.193.176.164 - - [15/Mar/2012:19:18:46 -0700] "-" 400 0 "-" "-"
117.193.176.164 - - [15/Mar/2012:19:18:48 -0700] "-" 400 0 "-" "-"
117.193.176.164 - - [15/Mar/2012:19:18:48 -0700] "-" 400 0 "-" "-"
117.193.176.164 - - [15/Mar/2012:19:18:48 -0700] "-" 400 0 "-" "-"
117.193.176.164 - - [15/Mar/2012:19:18:48 -0700] "-" 400 0 "-" "-"
117.193.176.164 - - [15/Mar/2012:19:18:48 -0700] "-" 400 0 "-" "-"
117.193.176.164 - - [15/Mar/2012:19:18:48 -0700] "-" 400 0 "-" "-"
117.193.176.164 - - [15/Mar/2012:19:18:48 -0700] "-" 400 0 "-" "-"
117.193.176.164 - - [15/Mar/2012:19:18:48 -0700] "-" 400 0 "-" "-"
117.193.176.164 - - [15/Mar/2012:19:18:48 -0700] "-" 400 0 "-" "-"
117.193.176.164 - - [15/Mar/2012:19:18:48 -0700] "-" 400 0 "-" "-"
117.193.176.164 - - [15/Mar/2012:19:18:48 -0700] "-" 400 0 "-" "-"
117.193.176.164 - - [15/Mar/2012:19:18:48 -0700] "-" 400 0 "-" "-"
117.193.176.164 - - [15/Mar/2012:19:18:48 -0700] "-" 400 0 "-" "-"
117.193.176.164 - - [15/Mar/2012:19:18:48 -0700] "-" 400 0 "-" "-"
117.193.176.164 - - [15/Mar/2012:19:18:48 -0700] "-" 400 0 "-" "-"
117.193.176.164 - - [15/Mar/2012:19:18:48 -0700] "-" 400 0 "-" "-"
117.193.176.164 - - [15/Mar/2012:19:18:48 -0700] "-" 400 0 "-" "-"
117.193.176.164 - - [15/Mar/2012:19:18:48 -0700] "-" 400 0 "-" "-"
117.193.176.164 - - [15/Mar/2012:19:18:48 -0700] "-" 400 0 "-" "-"
117.193.176.164 - - [15/Mar/2012:19:18:48 -0700] "-" 400 0 "-" "-"
117.193.176.164 - - [15/Mar/2012:19:18:48 -0700] "-" 400 0 "-" "-"
117.193.176.164 - - [15/Mar/2012:19:18:48 -0700] "-" 400 0 "-" "-"
117.193.176.164 - - [15/Mar/2012:19:18:48 -0700] "-" 400 0 "-" "-"
117.193.176.164 - - [15/Mar/2012:19:18:48 -0700] "-" 400 0 "-" "-"
117.193.176.164 - - [15/Mar/2012:19:18:48 -0700] "-" 400 0 "-" "-"
117.193.176.164 - - [15/Mar/2012:19:18:48 -0700] "-" 400 0 "-" "-"
117.193.176.164 - - [15/Mar/2012:19:18:48 -0700] "-" 400 0 "-" "-"
117.193.176.164 - - [15/Mar/2012:19:18:48 -0700] "-" 400 0 "-" "-"
117.193.176.164 - - [15/Mar/2012:19:18:48 -0700] "-" 400 0 "-" "-"
117.193.176.164 - - [15/Mar/2012:19:18:48 -0700] "-" 400 0 "-" "-"
117.193.176.164 - - [15/Mar/2012:19:18:48 -0700] "-" 400 0 "-" "-"
117.193.176.164 - - [15/Mar/2012:19:18:48 -0700] "-" 400 0 "-" "-"
117.193.176.164 - - [15/Mar/2012:19:18:48 -0700] "-" 400 0 "-" "-"
117.193.176.164 - - [15/Mar/2012:19:18:48 -0700] "-" 400 0 "-" "-"
117.193.176.164 - - [15/Mar/2012:19:18:48 -0700] "-" 400 0 "-" "-"
117.193.176.164 - - [15/Mar/2012:19:18:48 -0700] "-" 400 0 "-" "-"
117.193.176.164 - - [15/Mar/2012:19:18:48 -0700] "-" 400 0 "-" "-"
117.193.176.164 - - [15/Mar/2012:19:18:48 -0700] "-" 400 0 "-" "-"
117.193.176.164 - - [15/Mar/2012:19:18:48 -0700] "-" 400 0 "-" "-"
117.193.176.164 - - [15/Mar/2012:19:18:48 -0700] "-" 400 0 "-" "-"
117.193.176.164 - - [15/Mar/2012:19:18:48 -0700] "-" 400 0 "-" "-"
117.193.176.164 - - [15/Mar/2012:19:18:48 -0700] "-" 400 0 "-" "-"
117.193.176.164 - - [15/Mar/2012:19:18:48 -0700] "-" 400 0 "-" "-"
117.193.176.164 - - [15/Mar/2012:19:18:48 -0700] "-" 400 0 "-" "-"
117.193.176.164 - - [15/Mar/2012:19:18:52 -0700] "-" 400 0 "-" "-"
117.193.176.164 - - [15/Mar/2012:19:18:52 -0700] "-" 400 0 "-" "-"
117.193.176.164 - - [15/Mar/2012:19:18:52 -0700] "-" 400 0 "-" "-"
117.193.176.164 - - [15/Mar/2012:19:18:52 -0700] "-" 400 0 "-" "-"
117.193.176.164 - - [15/Mar/2012:19:18:52 -0700] "-" 400 0 "-" "-"
117.193.176.164 - - [15/Mar/2012:19:18:52 -0700] "-" 400 0 "-" "-"
117.193.176.164 - - [15/Mar/2012:19:18:52 -0700] "-" 400 0 "-" "-"
117.193.176.164 - - [15/Mar/2012:19:18:52 -0700] "-" 400 0 "-" "-"
117.193.176.164 - - [15/Mar/2012:19:18:52 -0700] "-" 400 0 "-" "-"
117.193.176.164 - - [15/Mar/2012:19:18:52 -0700] "-" 400 0 "-" "-"
117.193.176.164 - - [15/Mar/2012:19:18:52 -0700] "-" 400 0 "-" "-"
117.193.176.164 - - [15/Mar/2012:19:18:52 -0700] "-" 400 0 "-" "-"
117.193.176.164 - - [15/Mar/2012:19:18:52 -0700] "-" 400 0 "-" "-"
117.193.176.164 - - [15/Mar/2012:19:18:52 -0700] "-" 400 0 "-" "-"
117.193.176.164 - - [15/Mar/2012:19:18:52 -0700] "-" 400 0 "-" "-"
117.193.176.164 - - [15/Mar/2012:19:18:52 -0700] "-" 400 0 "-" "-"
117.193.176.164 - - [15/Mar/2012:19:18:52 -0700] "-" 400 0 "-" "-"
117.193.176.164 - - [15/Mar/2012:19:18:52 -0700] "-" 400 0 "-" "-"
117.193.176.164 - - [15/Mar/2012:19:18:52 -0700] "-" 400 0 "-" "-"
117.193.176.164 - - [15/Mar/2012:19:18:52 -0700] "-" 400 0 "-" "-"
117.193.176.164 - - [15/Mar/2012:19:18:52 -0700] "-" 400 0 "-" "-"
117.193.176.164 - - [15/Mar/2012:19:18:52 -0700] "-" 400 0 "-" "-"
117.193.176.164 - - [15/Mar/2012:19:18:52 -0700] "-" 400 0 "-" "-"
117.193.176.164 - - [15/Mar/2012:19:18:52 -0700] "-" 400 0 "-" "-"
117.193.176.164 - - [15/Mar/2012:19:18:52 -0700] "-" 400 0 "-" "-"
117.193.176.164 - - [15/Mar/2012:19:18:52 -0700] "-" 400 0 "-" "-"
117.193.176.164 - - [15/Mar/2012:19:18:52 -0700] "-" 400 0 "-" "-"
117.193.176.164 - - [15/Mar/2012:19:18:52 -0700] "-" 400 0 "-" "-"
117.193.176.164 - - [15/Mar/2012:19:18:52 -0700] "-" 400 0 "-" "-"
117.193.176.164 - - [15/Mar/2012:19:18:52 -0700] "-" 400 0 "-" "-"
117.193.176.164 - - [15/Mar/2012:19:18:52 -0700] "-" 400 0 "-" "-"
117.193.176.164 - - [15/Mar/2012:19:18:52 -0700] "-" 400 0 "-" "-"
117.193.176.164 - - [15/Mar/2012:19:18:52 -0700] "-" 400 0 "-" "-"
117.193.176.164 - - [15/Mar/2012:19:18:52 -0700] "-" 400 0 "-" "-"
117.193.176.164 - - [15/Mar/2012:19:18:52 -0700] "-" 400 0 "-" "-"
117.193.176.164 - - [15/Mar/2012:19:18:52 -0700] "-" 400 0 "-" "-"
117.193.176.164 - - [15/Mar/2012:19:18:52 -0700] "-" 400 0 "-" "-"
117.193.176.164 - - [15/Mar/2012:19:18:52 -0700] "-" 400 0 "-" "-"
117.193.176.164 - - [15/Mar/2012:19:18:52 -0700] "-" 400 0 "-" "-"
117.193.176.164 - - [15/Mar/2012:19:18:52 -0700] "-" 400 0 "-" "-"
117.193.176.164 - - [15/Mar/2012:19:18:52 -0700] "-" 400 0 "-" "-"
117.193.176.164 - - [15/Mar/2012:19:18:52 -0700] "-" 400 0 "-" "-"
117.193.176.164 - - [15/Mar/2012:19:18:52 -0700] "-" 400 0 "-" "-"
117.193.176.164 - - [15/Mar/2012:19:18:52 -0700] "-" 400 0 "-" "-"
117.193.176.164 - - [15/Mar/2012:19:18:52 -0700] "-" 400 0 "-" "-"
117.193.176.164 - - [15/Mar/2012:19:18:52 -0700] "-" 400 0 "-" "-"
117.193.176.164 - - [15/Mar/2012:19:18:52 -0700] "-" 400 0 "-" "-"
117.193.176.164 - - [15/Mar/2012:19:18:52 -0700] "-" 400 0 "-" "-"
117.193.176.164 - - [15/Mar/2012:19:18:52 -0700] "-" 400 0 "-" "-"
117.193.176.164 - - [15/Mar/2012:19:18:52 -0700] "-" 400 0 "-" "-"
117.193.176.164 - - [15/Mar/2012:19:18:52 -0700] "-" 400 0 "-" "-"
117.193.176.164 - - [15/Mar/2012:19:18:52 -0700] "-" 400 0 "-" "-"
117.193.176.164 - - [15/Mar/2012:19:18:52 -0700] "-" 400 0 "-" "-"
117.193.176.164 - - [15/Mar/2012:19:18:52 -0700] "-" 400 0 "-" "-"
117.193.176.164 - - [15/Mar/2012:19:18:53 -0700] "-" 400 0 "-" "-"
117.193.176.164 - - [15/Mar/2012:19:18:53 -0700] "-" 400 0 "-" "-"
117.193.176.164 - - [15/Mar/2012:19:18:55 -0700] "-" 400 0 "-" "-"
117.193.176.164 - - [15/Mar/2012:19:18:55 -0700] "-" 400 0 "-" "-"
117.193.176.164 - - [15/Mar/2012:19:18:55 -0700] "-" 400 0 "-" "-"
117.193.176.164 - - [15/Mar/2012:19:18:55 -0700] "-" 400 0 "-" "-"
117.193.176.164 - - [15/Mar/2012:19:18:55 -0700] "-" 400 0 "-" "-"
117.193.176.164 - - [15/Mar/2012:19:18:55 -0700] "-" 400 0 "-" "-"
117.193.176.164 - - [15/Mar/2012:19:18:55 -0700] "-" 400 0 "-" "-"
117.193.176.164 - - [15/Mar/2012:19:18:55 -0700] "-" 400 0 "-" "-"
117.193.176.164 - - [15/Mar/2012:19:18:55 -0700] "-" 400 0 "-" "-"
117.193.176.164 - - [15/Mar/2012:19:18:56 -0700] "-" 400 0 "-" "-"
71.244.36.90 - - [15/Mar/2012:19:19:42 -0700] "GET /blog/why-i-moved-off-arch-on-my-netbook.html HTTP/1.1" 200 2546 "http://arosenfeld.wordpress.com/" "Mozilla/5.0 (X11; Linux x86_64) AppleWebKit/536.3 (KHTML, like Gecko) Chrome/19.0.1068.1 Safari/536.3"
85.17.88.169 - - [15/Mar/2012:19:19:42 -0700] "POST /blog/wp-cron.php?doing_wp_cron=1331864263 HTTP/1.0" 499 0 "-" "WordPress/3.3.1; http://yuvi.in/blog"
66.249.67.123 - - [15/Mar/2012:19:19:42 -0700] "GET /blog/belated-samsung-galaxy-3-review/feed/ HTTP/1.1" 200 3031 "-" "Mozilla/5.0 (compatible; Googlebot/2.1; +http://www.google.com/bot.html)"
71.244.36.90 - - [15/Mar/2012:19:19:42 -0700] "GET /blog/static/codehilite.css HTTP/1.1" 200 4012 "http://yuvi.in/blog/why-i-moved-off-arch-on-my-netbook.html" "Mozilla/5.0 (X11; Linux x86_64) AppleWebKit/536.3 (KHTML, like Gecko) Chrome/19.0.1068.1 Safari/536.3"
71.244.36.90 - - [15/Mar/2012:19:19:42 -0700] "GET /blog/static/style.css HTTP/1.1" 200 4753 "http://yuvi.in/blog/why-i-moved-off-arch-on-my-netbook.html" "Mozilla/5.0 (X11; Linux x86_64) AppleWebKit/536.3 (KHTML, like Gecko) Chrome/19.0.1068.1 Safari/536.3"
71.244.36.90 - - [15/Mar/2012:19:19:44 -0700] "GET /favicon.ico HTTP/1.1" 404 199 "-" "Mozilla/5.0 (X11; Linux x86_64) AppleWebKit/536.3 (KHTML, like Gecko) Chrome/19.0.1068.1 Safari/536.3"
71.244.36.90 - - [15/Mar/2012:19:19:45 -0700] "GET /favicon.ico HTTP/1.1" 404 199 "-" "Mozilla/5.0 (X11; Linux x86_64) AppleWebKit/536.3 (KHTML, like Gecko) Chrome/19.0.1068.1 Safari/536.3"
71.244.36.90 - - [15/Mar/2012:19:19:45 -0700] "GET /favicon.ico HTTP/1.1" 404 199 "-" "Mozilla/5.0 (X11; Linux x86_64) AppleWebKit/536.3 (KHTML, like Gecko) Chrome/19.0.1068.1 Safari/536.3"
71.244.36.90 - - [15/Mar/2012:19:19:45 -0700] "GET /favicon.ico HTTP/1.1" 404 199 "-" "Mozilla/5.0 (X11; Linux x86_64) AppleWebKit/536.3 (KHTML, like Gecko) Chrome/19.0.1068.1 Safari/536.3"
71.244.36.90 - - [15/Mar/2012:19:19:45 -0700] "GET /favicon.ico HTTP/1.1" 404 199 "-" "Mozilla/5.0 (X11; Linux x86_64) AppleWebKit/536.3 (KHTML, like Gecko) Chrome/19.0.1068.1 Safari/536.3"
98.180.220.78 - - [15/Mar/2012:19:21:55 -0700] "GET / HTTP/1.1" 200 1430 "-" "Caffeinated/1.1 CFNetwork/520.3.2 Darwin/11.3.0 (x86_64) (MacBookPro8%2C1)"
98.180.220.78 - - [15/Mar/2012:19:21:55 -0700] "GET /favicon.ico HTTP/1.1" 404 142 "-" "Caffeinated/1.1 CFNetwork/520.3.2 Darwin/11.3.0 (x86_64) (MacBookPro8%2C1)"
98.180.220.78 - - [15/Mar/2012:19:22:39 -0700] "GET / HTTP/1.1" 200 1430 "-" "Caffeinated/1.1 CFNetwork/520.3.2 Darwin/11.3.0 (x86_64) (MacBookPro8%2C1)"
98.180.220.78 - - [15/Mar/2012:19:22:39 -0700] "GET /favicon.ico HTTP/1.1" 404 142 "-" "Caffeinated/1.1 CFNetwork/520.3.2 Darwin/11.3.0 (x86_64) (MacBookPro8%2C1)"
116.12.252.162 - - [15/Mar/2012:19:22:45 -0700] "GET /r/ded HTTP/1.1" 301 255 "http://ta.wikipedia.org/wiki/%E0%AE%B5%E0%AF%8B%E0%AE%B2%E0%AF%8D_%E0%AE%AE%E0%AE%BE%E0%AE%B0%E0%AF%8D%E0%AE%9F%E0%AF%8D" "Mozilla/4.0 (compatible; MSIE 8.0; Windows NT 5.1; Trident/4.0; .NET CLR 1.1.4322; .NET CLR 2.0.50727; .NET CLR 3.0.4506.2152; .NET CLR 3.5.30729; CIBA)"
116.12.252.162 - - [15/Mar/2012:19:22:46 -0700] "GET /s/ta/ded/ HTTP/1.1" 302 389 "http://ta.wikipedia.org/wiki/%E0%AE%B5%E0%AF%8B%E0%AE%B2%E0%AF%8D_%E0%AE%AE%E0%AE%BE%E0%AE%B0%E0%AF%8D%E0%AE%9F%E0%AF%8D" "Mozilla/4.0 (compatible; MSIE 8.0; Windows NT 5.1; Trident/4.0; .NET CLR 1.1.4322; .NET CLR 2.0.50727; .NET CLR 3.0.4506.2152; .NET CLR 3.5.30729; CIBA)"
216.24.131.152 - - [15/Mar/2012:19:22:56 -0700] "GET /blog HTTP/1.1" 301 178 "-" "Lijit Crawler (+http://www.lijit.com/robot/crawler)"
85.17.88.169 - - [15/Mar/2012:19:22:58 -0700] "POST /blog/wp-cron.php?doing_wp_cron=1331864459 HTTP/1.0" 499 0 "-" "WordPress/3.3.1; http://yuvi.in/blog"
216.24.131.152 - - [15/Mar/2012:19:22:58 -0700] "GET /blog/ HTTP/1.1" 200 33087 "-" "Lijit Crawler (+http://www.lijit.com/robot/crawler)"
85.17.88.169 - - [15/Mar/2012:19:23:00 -0700] "POST /blog/wp-cron.php?doing_wp_cron=1331864461 HTTP/1.0" 499 0 "-" "WordPress/3.3.1; http://yuvi.in/blog"
216.24.131.152 - - [15/Mar/2012:19:23:00 -0700] "GET /blog/feed/ HTTP/1.1" 200 21730 "-" "Lijit Crawler (+http://www.lijit.com/robot/crawler)"
208.115.111.68 - - [15/Mar/2012:19:23:13 -0700] "GET /robots.txt HTTP/1.1" 404 169 "-" "Mozilla/5.0 (compatible; Ezooms/1.0; ezooms.bot@gmail.com)"
122.174.101.214 - - [15/Mar/2012:19:24:17 -0700] "-" 400 0 "-" "-"
98.180.220.78 - - [15/Mar/2012:19:24:18 -0700] "GET / HTTP/1.1" 200 1430 "-" "Caffeinated/1.1 CFNetwork/520.3.2 Darwin/11.3.0 (x86_64) (MacBookPro8%2C1)"
98.180.220.78 - - [15/Mar/2012:19:24:18 -0700] "GET /favicon.ico HTTP/1.1" 404 142 "-" "Caffeinated/1.1 CFNetwork/520.3.2 Darwin/11.3.0 (x86_64) (MacBookPro8%2C1)"
98.180.220.78 - - [15/Mar/2012:19:24:21 -0700] "GET / HTTP/1.1" 200 1430 "-" "Caffeinated/1.1 CFNetwork/520.3.2 Darwin/11.3.0 (x86_64) (MacBookPro8%2C1)"
98.180.220.78 - - [15/Mar/2012:19:24:21 -0700] "GET /favicon.ico HTTP/1.1" 404 142 "-" "Caffeinated/1.1 CFNetwork/520.3.2 Darwin/11.3.0 (x86_64) (MacBookPro8%2C1)"
71.244.36.90 - - [15/Mar/2012:19:24:34 -0700] "GET / HTTP/1.1" 200 1430 "http://yuvi.in/blog/why-i-moved-off-arch-on-my-netbook.html" "Mozilla/5.0 (X11; Linux x86_64) AppleWebKit/536.3 (KHTML, like Gecko) Chrome/19.0.1068.1 Safari/536.3"
71.244.36.90 - - [15/Mar/2012:19:24:34 -0700] "GET /blueprint/screen.css HTTP/1.1" 200 12058 "http://yuvi.in/" "Mozilla/5.0 (X11; Linux x86_64) AppleWebKit/536.3 (KHTML, like Gecko) Chrome/19.0.1068.1 Safari/536.3"
71.244.36.90 - - [15/Mar/2012:19:24:34 -0700] "GET /header.png HTTP/1.1" 200 14249 "http://yuvi.in/" "Mozilla/5.0 (X11; Linux x86_64) AppleWebKit/536.3 (KHTML, like Gecko) Chrome/19.0.1068.1 Safari/536.3"
71.244.36.90 - - [15/Mar/2012:19:24:34 -0700] "GET /blueprint/print.css HTTP/1.1" 200 1284 "http://yuvi.in/" "Mozilla/5.0 (X11; Linux x86_64) AppleWebKit/536.3 (KHTML, like Gecko) Chrome/19.0.1068.1 Safari/536.3"
71.244.36.90 - - [15/Mar/2012:19:24:35 -0700] "GET /favicon.ico HTTP/1.1" 404 199 "-" "Mozilla/5.0 (X11; Linux x86_64) AppleWebKit/536.3 (KHTML, like Gecko) Chrome/19.0.1068.1 Safari/536.3"
71.244.36.90 - - [15/Mar/2012:19:24:37 -0700] "GET /blog HTTP/1.1" 301 178 "http://yuvi.in/" "Mozilla/5.0 (X11; Linux x86_64) AppleWebKit/536.3 (KHTML, like Gecko) Chrome/19.0.1068.1 Safari/536.3"
85.17.88.169 - - [15/Mar/2012:19:24:39 -0700] "POST /blog/wp-cron.php?doing_wp_cron=1331864560 HTTP/1.0" 499 0 "-" "WordPress/3.3.1; http://yuvi.in/blog"
71.244.36.90 - - [15/Mar/2012:19:24:39 -0700] "GET /blog/ HTTP/1.1" 200 9193 "http://yuvi.in/" "Mozilla/5.0 (X11; Linux x86_64) AppleWebKit/536.3 (KHTML, like Gecko) Chrome/19.0.1068.1 Safari/536.3"
71.244.36.90 - - [15/Mar/2012:19:24:39 -0700] "GET /blog/wp-content/themes/cleanr/js/jquery.dropdown.js?ver=3.3.1 HTTP/1.1" 200 535 "http://yuvi.in/blog/" "Mozilla/5.0 (X11; Linux x86_64) AppleWebKit/536.3 (KHTML, like Gecko) Chrome/19.0.1068.1 Safari/536.3"
71.244.36.90 - - [15/Mar/2012:19:24:39 -0700] "GET /blog/wp-content/themes/cleanr/style.css HTTP/1.1" 200 10508 "http://yuvi.in/blog/" "Mozilla/5.0 (X11; Linux x86_64) AppleWebKit/536.3 (KHTML, like Gecko) Chrome/19.0.1068.1 Safari/536.3"
71.244.36.90 - - [15/Mar/2012:19:24:40 -0700] "GET /blog/wp-content/themes/cleanr/css/reset.css HTTP/1.1" 200 648 "http://yuvi.in/blog/" "Mozilla/5.0 (X11; Linux x86_64) AppleWebKit/536.3 (KHTML, like Gecko) Chrome/19.0.1068.1 Safari/536.3"
71.244.36.90 - - [15/Mar/2012:19:24:40 -0700] "GET /blog/wp-content/themes/cleanr/css/960.css HTTP/1.1" 200 3628 "http://yuvi.in/blog/" "Mozilla/5.0 (X11; Linux x86_64) AppleWebKit/536.3 (KHTML, like Gecko) Chrome/19.0.1068.1 Safari/536.3"
71.244.36.90 - - [15/Mar/2012:19:24:40 -0700] "GET /blog/wp-content/themes/cleanr/css/text.css HTTP/1.1" 200 420 "http://yuvi.in/blog/" "Mozilla/5.0 (X11; Linux x86_64) AppleWebKit/536.3 (KHTML, like Gecko) Chrome/19.0.1068.1 Safari/536.3"
71.244.36.90 - - [15/Mar/2012:19:24:40 -0700] "GET /blog/wp-includes/js/jquery/jquery.js?ver=1.7.1 HTTP/1.1" 200 93889 "http://yuvi.in/blog/" "Mozilla/5.0 (X11; Linux x86_64) AppleWebKit/536.3 (KHTML, like Gecko) Chrome/19.0.1068.1 Safari/536.3"
71.244.36.90 - - [15/Mar/2012:19:24:41 -0700] "GET /blog/wp-content/themes/cleanr/images/search_magnifier.gif HTTP/1.1" 200 394 "http://yuvi.in/blog/" "Mozilla/5.0 (X11; Linux x86_64) AppleWebKit/536.3 (KHTML, like Gecko) Chrome/19.0.1068.1 Safari/536.3"
71.244.36.90 - - [15/Mar/2012:19:24:41 -0700] "GET /favicon.ico HTTP/1.1" 404 199 "-" "Mozilla/5.0 (X11; Linux x86_64) AppleWebKit/536.3 (KHTML, like Gecko) Chrome/19.0.1068.1 Safari/536.3"
71.244.36.90 - - [15/Mar/2012:19:25:18 -0700] "GET /stories HTTP/1.1" 301 185 "http://yuvi.in/" "Mozilla/5.0 (X11; Linux x86_64) AppleWebKit/536.3 (KHTML, like Gecko) Chrome/19.0.1068.1 Safari/536.3"
71.244.36.90 - - [15/Mar/2012:19:25:18 -0700] "GET /stories/ HTTP/1.1" 200 1271 "http://yuvi.in/" "Mozilla/5.0 (X11; Linux x86_64) AppleWebKit/536.3 (KHTML, like Gecko) Chrome/19.0.1068.1 Safari/536.3"
71.244.36.90 - - [15/Mar/2012:19:25:18 -0700] "GET /stories/static/style.css HTTP/1.1" 200 1274 "http://yuvi.in/stories/" "Mozilla/5.0 (X11; Linux x86_64) AppleWebKit/536.3 (KHTML, like Gecko) Chrome/19.0.1068.1 Safari/536.3"
71.244.36.90 - - [15/Mar/2012:19:25:18 -0700] "GET /stories/static/codehilite.css HTTP/1.1" 200 4012 "http://yuvi.in/stories/" "Mozilla/5.0 (X11; Linux x86_64) AppleWebKit/536.3 (KHTML, like Gecko) Chrome/19.0.1068.1 Safari/536.3"
71.244.36.90 - - [15/Mar/2012:19:25:18 -0700] "GET /favicon.ico HTTP/1.1" 404 199 "-" "Mozilla/5.0 (X11; Linux x86_64) AppleWebKit/536.3 (KHTML, like Gecko) Chrome/19.0.1068.1 Safari/536.3"
71.244.36.90 - - [15/Mar/2012:19:25:25 -0700] "GET /stories/emacs.html HTTP/1.1" 200 2194 "http://yuvi.in/stories/" "Mozilla/5.0 (X11; Linux x86_64) AppleWebKit/536.3 (KHTML, like Gecko) Chrome/19.0.1068.1 Safari/536.3"
71.244.36.90 - - [15/Mar/2012:19:25:26 -0700] "GET /favicon.ico HTTP/1.1" 404 199 "-" "Mozilla/5.0 (X11; Linux x86_64) AppleWebKit/536.3 (KHTML, like Gecko) Chrome/19.0.1068.1 Safari/536.3"
71.244.36.90 - - [15/Mar/2012:19:25:26 -0700] "GET /favicon.ico HTTP/1.1" 404 199 "-" "Mozilla/5.0 (X11; Linux x86_64) AppleWebKit/536.3 (KHTML, like Gecko) Chrome/19.0.1068.1 Safari/536.3"
71.244.36.90 - - [15/Mar/2012:19:25:26 -0700] "GET /favicon.ico HTTP/1.1" 404 199 "-" "Mozilla/5.0 (X11; Linux x86_64) AppleWebKit/536.3 (KHTML, like Gecko) Chrome/19.0.1068.1 Safari/536.3"
71.244.36.90 - - [15/Mar/2012:19:25:26 -0700] "GET /favicon.ico HTTP/1.1" 404 199 "-" "Mozilla/5.0 (X11; Linux x86_64) AppleWebKit/536.3 (KHTML, like Gecko) Chrome/19.0.1068.1 Safari/536.3"
71.244.36.90 - - [15/Mar/2012:19:25:27 -0700] "GET /favicon.ico HTTP/1.1" 404 199 "-" "Mozilla/5.0 (X11; Linux x86_64) AppleWebKit/536.3 (KHTML, like Gecko) Chrome/19.0.1068.1 Safari/536.3"
98.180.220.78 - - [15/Mar/2012:19:26:40 -0700] "GET / HTTP/1.1" 200 1430 "-" "Caffeinated/1.1 CFNetwork/520.3.2 Darwin/11.3.0 (x86_64) (MacBookPro8%2C1)"
98.180.220.78 - - [15/Mar/2012:19:26:40 -0700] "GET /favicon.ico HTTP/1.1" 404 142 "-" "Caffeinated/1.1 CFNetwork/520.3.2 Darwin/11.3.0 (x86_64) (MacBookPro8%2C1)"
98.180.220.78 - - [15/Mar/2012:19:26:43 -0700] "GET / HTTP/1.1" 200 1430 "-" "Caffeinated/1.1 CFNetwork/520.3.2 Darwin/11.3.0 (x86_64) (MacBookPro8%2C1)"
98.180.220.78 - - [15/Mar/2012:19:26:43 -0700] "GET /favicon.ico HTTP/1.1" 404 142 "-" "Caffeinated/1.1 CFNetwork/520.3.2 Darwin/11.3.0 (x86_64) (MacBookPro8%2C1)"
98.180.220.78 - - [15/Mar/2012:19:28:30 -0700] "GET / HTTP/1.1" 200 1430 "-" "Caffeinated/1.1 CFNetwork/520.3.2 Darwin/11.3.0 (x86_64) (MacBookPro8%2C1)"
98.180.220.78 - - [15/Mar/2012:19:28:30 -0700] "GET /favicon.ico HTTP/1.1" 404 142 "-" "Caffeinated/1.1 CFNetwork/520.3.2 Darwin/11.3.0 (x86_64) (MacBookPro8%2C1)"
98.180.220.78 - - [15/Mar/2012:19:28:33 -0700] "GET / HTTP/1.1" 200 1430 "-" "Caffeinated/1.1 CFNetwork/520.3.2 Darwin/11.3.0 (x86_64) (MacBookPro8%2C1)"
98.180.220.78 - - [15/Mar/2012:19:28:33 -0700] "GET /favicon.ico HTTP/1.1" 404 142 "-" "Caffeinated/1.1 CFNetwork/520.3.2 Darwin/11.3.0 (x86_64) (MacBookPro8%2C1)"
98.180.220.78 - - [15/Mar/2012:19:30:02 -0700] "GET / HTTP/1.1" 200 1430 "-" "Caffeinated/1.1 CFNetwork/520.3.2 Darwin/11.3.0 (x86_64) (MacBookPro8%2C1)"
98.180.220.78 - - [15/Mar/2012:19:30:03 -0700] "GET /favicon.ico HTTP/1.1" 404 142 "-" "Caffeinated/1.1 CFNetwork/520.3.2 Darwin/11.3.0 (x86_64) (MacBookPro8%2C1)"
98.180.220.78 - - [15/Mar/2012:19:30:05 -0700] "GET / HTTP/1.1" 200 1430 "-" "Caffeinated/1.1 CFNetwork/520.3.2 Darwin/11.3.0 (x86_64) (MacBookPro8%2C1)"
98.180.220.78 - - [15/Mar/2012:19:30:05 -0700] "GET /favicon.ico HTTP/1.1" 404 142 "-" "Caffeinated/1.1 CFNetwork/520.3.2 Darwin/11.3.0 (x86_64) (MacBookPro8%2C1)"
85.17.88.169 - - [15/Mar/2012:19:30:29 -0700] "POST /blog/wp-cron.php?doing_wp_cron=1331864911 HTTP/1.0" 499 0 "-" "WordPress/3.3.1; http://yuvi.in/blog"
66.249.67.123 - - [15/Mar/2012:19:30:30 -0700] "GET /blog/belated-samsung-galaxy-3-review/trackback/ HTTP/1.1" 302 0 "-" "Mozilla/5.0 (compatible; Googlebot/2.1; +http://www.google.com/bot.html)"
66.249.68.52 - - [15/Mar/2012:19:30:36 -0700] "GET /r/2gav%3E HTTP/1.1" 301 263 "-" "Mozilla/5.0 (compatible; Googlebot/2.1; +http://www.google.com/bot.html)"
66.249.68.52 - - [15/Mar/2012:19:30:37 -0700] "GET /s/ta/2gav%3E/ HTTP/1.1" 502 173 "-" "Mozilla/5.0 (compatible; Googlebot/2.1; +http://www.google.com/bot.html)"
98.180.220.78 - - [15/Mar/2012:19:31:38 -0700] "GET / HTTP/1.1" 200 1430 "-" "Caffeinated/1.1 CFNetwork/520.3.2 Darwin/11.3.0 (x86_64) (MacBookPro8%2C1)"
98.180.220.78 - - [15/Mar/2012:19:31:38 -0700] "GET /favicon.ico HTTP/1.1" 404 142 "-" "Caffeinated/1.1 CFNetwork/520.3.2 Darwin/11.3.0 (x86_64) (MacBookPro8%2C1)"
98.180.220.78 - - [15/Mar/2012:19:31:41 -0700] "GET / HTTP/1.1" 200 1430 "-" "Caffeinated/1.1 CFNetwork/520.3.2 Darwin/11.3.0 (x86_64) (MacBookPro8%2C1)"
98.180.220.78 - - [15/Mar/2012:19:31:41 -0700] "GET /favicon.ico HTTP/1.1" 404 142 "-" "Caffeinated/1.1 CFNetwork/520.3.2 Darwin/11.3.0 (x86_64) (MacBookPro8%2C1)"
141.0.10.146 - - [15/Mar/2012:19:31:44 -0700] "-" 400 0 "-" "-"
123.125.71.25 - - [15/Mar/2012:19:33:20 -0700] "GET / HTTP/1.1" 200 3439 "-" "Mozilla/5.0 (compatible; Baiduspider/2.0; +http://www.baidu.com/search/spider.html)"
220.181.108.93 - - [15/Mar/2012:19:33:55 -0700] "GET / HTTP/1.1" 200 3439 "-" "Mozilla/5.0 (compatible; Baiduspider/2.0; +http://www.baidu.com/search/spider.html)"
122.164.166.109 - - [15/Mar/2012:19:35:44 -0700] "-" 400 0 "-" "-"
85.17.88.169 - - [15/Mar/2012:19:36:52 -0700] "POST /blog/wp-cron.php?doing_wp_cron=1331865293 HTTP/1.0" 499 0 "-" "WordPress/3.3.1; http://yuvi.in/blog"
209.85.224.82 - - [15/Mar/2012:19:36:52 -0700] "GET /blog/feed HTTP/1.1" 304 0 "-" "FeedBurner/1.0 (http://www.FeedBurner.com)"
122.164.166.109 - - [15/Mar/2012:19:37:34 -0700] "-" 400 0 "-" "-"
69.171.230.251 - - [15/Mar/2012:19:39:49 -0700] "GET /r/2bzj HTTP/1.1" 301 257 "-" "facebookexternalhit/1.1 (+http://www.facebook.com/externalhit_uatext.php)"
69.171.230.249 - - [15/Mar/2012:19:39:49 -0700] "GET /s/ta/2bzj/ HTTP/1.1" 302 577 "-" "facebookexternalhit/1.1 (+http://www.facebook.com/externalhit_uatext.php)"
69.171.229.245 - - [15/Mar/2012:19:39:57 -0700] "GET /r/2x9l HTTP/1.1" 301 257 "-" "facebookexternalhit/1.1 (+http://www.facebook.com/externalhit_uatext.php)"
69.171.229.247 - - [15/Mar/2012:19:39:57 -0700] "GET /s/ta/2x9l/ HTTP/1.1" 302 583 "-" "facebookexternalhit/1.1 (+http://www.facebook.com/externalhit_uatext.php)"
208.115.111.68 - - [15/Mar/2012:19:40:05 -0700] "GET /blog/samsung-n210-review.html HTTP/1.1" 200 7540 "-" "Mozilla/5.0 (compatible; Ezooms/1.0; ezooms.bot@gmail.com)"
85.17.88.169 - - [15/Mar/2012:19:40:28 -0700] "POST /blog/wp-cron.php?doing_wp_cron=1331865509 HTTP/1.0" 499 0 "-" "WordPress/3.3.1; http://yuvi.in/blog"
209.85.238.115 - - [15/Mar/2012:19:40:29 -0700] "GET /blog/feed HTTP/1.1" 301 0 "-" "Feedfetcher-Google; (+http://www.google.com/feedfetcher.html; 3 subscribers; feed-id=17684830852112633560)"
66.249.67.123 - - [15/Mar/2012:19:40:29 -0700] "GET /blog/tag/fun.html HTTP/1.1" 200 2041 "-" "Mozilla/5.0 (compatible; Googlebot/2.1; +http://www.google.com/bot.html)"
85.17.88.169 - - [15/Mar/2012:19:40:31 -0700] "POST /blog/wp-cron.php?doing_wp_cron=1331865512 HTTP/1.0" 499 0 "-" "WordPress/3.3.1; http://yuvi.in/blog"
209.85.238.115 - - [15/Mar/2012:19:40:31 -0700] "GET /blog/feed/ HTTP/1.1" 304 0 "-" "Feedfetcher-Google; (+http://www.google.com/feedfetcher.html; 3 subscribers; feed-id=17684830852112633560)"
85.17.88.169 - - [15/Mar/2012:19:40:34 -0700] "POST /blog/wp-cron.php?doing_wp_cron=1331865516 HTTP/1.0" 499 0 "-" "WordPress/3.3.1; http://yuvi.in/blog"
66.249.67.123 - - [15/Mar/2012:19:40:35 -0700] "GET /blog/my-vimrc/ HTTP/1.1" 200 4448 "-" "Mozilla/5.0 (compatible; Googlebot/2.1; +http://www.google.com/bot.html)"
207.46.12.72 - - [15/Mar/2012:19:41:01 -0700] "-" 400 0 "-" "-"
207.46.12.72 - - [15/Mar/2012:19:41:02 -0700] "-" 400 0 "-" "-"
207.46.12.72 - - [15/Mar/2012:19:41:02 -0700] "-" 400 0 "-" "-"
207.46.12.72 - - [15/Mar/2012:19:41:02 -0700] "-" 400 0 "-" "-"
207.46.12.72 - - [15/Mar/2012:19:41:02 -0700] "-" 400 0 "-" "-"
207.46.12.72 - - [15/Mar/2012:19:41:03 -0700] "-" 400 0 "-" "-"
207.46.12.72 - - [15/Mar/2012:19:41:04 -0700] "-" 400 0 "-" "-"
207.46.12.72 - - [15/Mar/2012:19:41:05 -0700] "-" 400 0 "-" "-"
207.46.12.72 - - [15/Mar/2012:19:41:05 -0700] "-" 400 0 "-" "-"
207.46.12.72 - - [15/Mar/2012:19:41:05 -0700] "-" 400 0 "-" "-"
207.46.12.72 - - [15/Mar/2012:19:41:34 -0700] "-" 400 0 "-" "-"
85.17.88.169 - - [15/Mar/2012:19:41:48 -0700] "POST /blog/wp-cron.php?doing_wp_cron=1331865590 HTTP/1.0" 499 0 "-" "WordPress/3.3.1; http://yuvi.in/blog"
109.109.254.138 - - [15/Mar/2012:19:41:49 -0700] "GET /blog/feed/atom/ HTTP/1.1" 304 0 "-" "SocialSearcher/0.1 Mozilla/5.0"
220.255.1.151 - - [15/Mar/2012:19:42:08 -0700] "-" 400 0 "-" "-"
220.255.1.117 - - [15/Mar/2012:19:42:10 -0700] "-" 400 0 "-" "-"
69.171.230.248 - - [15/Mar/2012:19:42:29 -0700] "GET /r/1373 HTTP/1.1" 301 257 "-" "facebookexternalhit/1.1 (+http://www.facebook.com/externalhit_uatext.php)"
69.171.230.251 - - [15/Mar/2012:19:42:29 -0700] "GET /s/ta/1373/ HTTP/1.1" 302 421 "-" "facebookexternalhit/1.1 (+http://www.facebook.com/externalhit_uatext.php)"
69.171.229.244 - - [15/Mar/2012:19:42:35 -0700] "GET /r/2x9l HTTP/1.1" 301 257 "-" "facebookexternalhit/1.1 (+http://www.facebook.com/externalhit_uatext.php)"
69.171.229.245 - - [15/Mar/2012:19:42:35 -0700] "GET /s/ta/2x9l/ HTTP/1.1" 302 583 "-" "facebookexternalhit/1.1 (+http://www.facebook.com/externalhit_uatext.php)"
180.76.5.62 - - [15/Mar/2012:19:42:37 -0700] "GET / HTTP/1.1" 200 3439 "-" "Mozilla/5.0 (compatible; Baiduspider/2.0; +http://www.baidu.com/search/spider.html)"
222.186.26.41 - - [15/Mar/2012:19:42:48 -0700] "GET /blog HTTP/1.1" 301 178 "-" "Mozilla/4.0 (compatible; MSIE 6.0; Windows NT 5.1; en)"
222.186.26.41 - - [15/Mar/2012:19:42:49 -0700] "GET /blog/ HTTP/1.1" 200 33230 "-" "Mozilla/4.0 (compatible; MSIE 6.0; Windows NT 5.1; en)"
85.17.88.169 - - [15/Mar/2012:19:42:53 -0700] "POST /blog/wp-cron.php?doing_wp_cron=1331865654 HTTP/1.0" 499 0 "-" "WordPress/3.3.1; http://yuvi.in/blog"
222.186.26.41 - - [15/Mar/2012:19:42:53 -0700] "GET /blog/devlog-december-11-2011/ HTTP/1.1" 200 16635 "-" "Mozilla/4.0 (compatible; MSIE 6.0; Windows NT 5.1; en)"
222.186.26.41 - - [15/Mar/2012:19:42:53 -0700] "GET /blog/category/education/ HTTP/1.1" 200 48811 "-" "Mozilla/4.0 (compatible; MSIE 6.0; Windows NT 5.1; en)"
222.186.26.41 - - [15/Mar/2012:19:42:53 -0700] "GET /blog/category/events/ HTTP/1.1" 200 42577 "-" "Mozilla/4.0 (compatible; MSIE 6.0; Windows NT 5.1; en)"
222.186.26.41 - - [15/Mar/2012:19:42:53 -0700] "GET /blog/category/personal/ HTTP/1.1" 200 46173 "-" "Mozilla/4.0 (compatible; MSIE 6.0; Windows NT 5.1; en)"
222.186.26.41 - - [15/Mar/2012:19:42:54 -0700] "GET /blog/category/devlog/ HTTP/1.1" 200 43337 "-" "Mozilla/4.0 (compatible; MSIE 6.0; Windows NT 5.1; en)"
85.17.88.169 - - [15/Mar/2012:19:42:54 -0700] "POST /blog/wp-cron.php?doing_wp_cron=1331865655 HTTP/1.0" 200 0 "-" "WordPress/3.3.1; http://yuvi.in/blog"
222.186.26.41 - - [15/Mar/2012:19:42:54 -0700] "GET /blog/category/so-called-it/ HTTP/1.1" 200 36514 "-" "Mozilla/4.0 (compatible; MSIE 6.0; Windows NT 5.1; en)"
85.17.88.169 - - [15/Mar/2012:19:42:56 -0700] "POST /blog/wp-cron.php?doing_wp_cron=1331865657 HTTP/1.0" 499 0 "-" "WordPress/3.3.1; http://yuvi.in/blog"
85.17.88.169 - - [15/Mar/2012:19:42:56 -0700] "POST /blog/wp-cron.php?doing_wp_cron=1331865657 HTTP/1.0" 499 0 "-" "WordPress/3.3.1; http://yuvi.in/blog"
222.186.26.41 - - [15/Mar/2012:19:42:56 -0700] "GET /blog/devlog-december-7-2011/ HTTP/1.1" 200 16876 "-" "Mozilla/4.0 (compatible; MSIE 6.0; Windows NT 5.1; en)"
222.186.26.41 - - [15/Mar/2012:19:42:56 -0700] "GET /blog/devlog-december-26-2011/ HTTP/1.1" 200 16737 "-" "Mozilla/4.0 (compatible; MSIE 6.0; Windows NT 5.1; en)"
85.17.88.169 - - [15/Mar/2012:19:43:00 -0700] "POST /blog/wp-cron.php?doing_wp_cron=1331865662 HTTP/1.0" 499 0 "-" "WordPress/3.3.1; http://yuvi.in/blog"
85.17.88.169 - - [15/Mar/2012:19:43:01 -0700] "POST /blog/wp-cron.php?doing_wp_cron=1331865662 HTTP/1.0" 499 0 "-" "WordPress/3.3.1; http://yuvi.in/blog"
85.17.88.169 - - [15/Mar/2012:19:43:01 -0700] "POST /blog/wp-cron.php?doing_wp_cron=1331865662 HTTP/1.0" 499 0 "-" "WordPress/3.3.1; http://yuvi.in/blog"
222.186.26.41 - - [15/Mar/2012:19:43:01 -0700] "GET /blog/devlog-december-21-2011/ HTTP/1.1" 200 17164 "-" "Mozilla/4.0 (compatible; MSIE 6.0; Windows NT 5.1; en)"
222.186.26.41 - - [15/Mar/2012:19:43:01 -0700] "GET /blog/category/code/ HTTP/1.1" 200 38834 "-" "Mozilla/4.0 (compatible; MSIE 6.0; Windows NT 5.1; en)"
222.186.26.41 - - [15/Mar/2012:19:43:01 -0700] "GET /blog/feed/atom/ HTTP/1.1" 200 24223 "-" "Mozilla/4.0 (compatible; MSIE 6.0; Windows NT 5.1; en)"
85.17.88.169 - - [15/Mar/2012:19:43:02 -0700] "POST /blog/wp-cron.php?doing_wp_cron=1331865663 HTTP/1.0" 200 0 "-" "WordPress/3.3.1; http://yuvi.in/blog"
222.186.26.41 - - [15/Mar/2012:19:43:02 -0700] "GET /blog/devlog-december-23-2011/ HTTP/1.1" 200 16573 "-" "Mozilla/4.0 (compatible; MSIE 6.0; Windows NT 5.1; en)"
222.186.26.41 - - [15/Mar/2012:19:43:02 -0700] "GET /blog/feed/ HTTP/1.1" 200 21853 "-" "Mozilla/4.0 (compatible; MSIE 6.0; Windows NT 5.1; en)"
222.186.26.41 - - [15/Mar/2012:19:43:03 -0700] "GET /blog/category/uncategorized/ HTTP/1.1" 200 69245 "-" "Mozilla/4.0 (compatible; MSIE 6.0; Windows NT 5.1; en)"
85.17.88.169 - - [15/Mar/2012:19:43:04 -0700] "POST /blog/wp-cron.php?doing_wp_cron=1331865665 HTTP/1.0" 499 0 "-" "WordPress/3.3.1; http://yuvi.in/blog"
222.186.26.41 - - [15/Mar/2012:19:43:04 -0700] "GET /blog/ HTTP/1.1" 200 33222 "-" "Mozilla/4.0 (compatible; MSIE 6.0; Windows NT 5.1; en)"
222.186.26.41 - - [15/Mar/2012:19:43:04 -0700] "GET /blog/my-vimrc/ HTTP/1.1" 200 16044 "-" "Mozilla/4.0 (compatible; MSIE 6.0; Windows NT 5.1; en)"
222.186.26.41 - - [15/Mar/2012:19:43:04 -0700] "GET /blog/index.html HTTP/1.1" 404 11959 "-" "Mozilla/4.0 (compatible; MSIE 6.0; Windows NT 5.1; en)"
222.186.26.41 - - [15/Mar/2012:19:43:04 -0700] "GET /blog/college-drop/ HTTP/1.1" 200 18438 "-" "Mozilla/4.0 (compatible; MSIE 6.0; Windows NT 5.1; en)"
85.17.88.169 - - [15/Mar/2012:19:43:08 -0700] "POST /blog/wp-cron.php?doing_wp_cron=1331865669 HTTP/1.0" 499 0 "-" "WordPress/3.3.1; http://yuvi.in/blog"
222.186.26.41 - - [15/Mar/2012:19:43:08 -0700] "GET /blog/devlog-december-10-2011/ HTTP/1.1" 200 16429 "-" "Mozilla/4.0 (compatible; MSIE 6.0; Windows NT 5.1; en)"
178.32.153.60 - - [15/Mar/2012:19:47:00 -0700] "-" 400 0 "-" "-"
212.138.47.15 - - [15/Mar/2012:19:47:12 -0700] "GET /blog/ HTTP/1.1" 200 33214 "http://yuvi.in/blog/" "Opera/7.60 (Windows NT 5.2; U)  [en] (IBM EVV/3.0/EAK01AG9/LE)"
100.43.83.144 - - [15/Mar/2012:19:47:51 -0700] "GET /blog/category/devlog/ HTTP/1.1" 200 13380 "-" "Mozilla/5.0 (compatible; YandexBot/3.0; +http://yandex.com/bots)"
100.43.83.144 - - [15/Mar/2012:19:50:17 -0700] "GET / HTTP/1.1" 304 0 "-" "Mozilla/5.0 (compatible; YandexBot/3.0; +http://yandex.com/bots)"
117.198.32.76 - - [15/Mar/2012:19:50:45 -0700] "GET /r/1eu2 HTTP/1.1" 301 257 "http://ta.wikipedia.org/wiki/%E0%AE%A4%E0%AE%AE%E0%AE%BF%E0%AE%B4%E0%AF%8D_%E0%AE%8E%E0%AE%B4%E0%AF%81%E0%AE%A4%E0%AF%81%E0%AE%AE%E0%AF%8D_%E0%AE%AE%E0%AF%81%E0%AE%B1%E0%AF%88%E0%AE%AE%E0%AF%88" "FDM 3.x"
117.198.32.76 - - [15/Mar/2012:19:50:46 -0700] "GET /s/ta/1eu2/ HTTP/1.1" 302 489 "http://ta.wikipedia.org/wiki/%E0%AE%A4%E0%AE%AE%E0%AE%BF%E0%AE%B4%E0%AF%8D_%E0%AE%8E%E0%AE%B4%E0%AF%81%E0%AE%A4%E0%AF%81%E0%AE%AE%E0%AF%8D_%E0%AE%AE%E0%AF%81%E0%AE%B1%E0%AF%88%E0%AE%AE%E0%AF%88" "FDM 3.x"
66.249.67.123 - - [15/Mar/2012:19:53:00 -0700] "GET /blog/tag/blog.html HTTP/1.1" 200 3347 "-" "Mozilla/5.0 (compatible; Googlebot/2.1; +http://www.google.com/bot.html)"
69.171.234.1 - - [15/Mar/2012:19:56:36 -0700] "GET /r/eya HTTP/1.1" 301 255 "-" "facebookexternalhit/1.1 (+http://www.facebook.com/externalhit_uatext.php)"
69.171.234.6 - - [15/Mar/2012:19:56:36 -0700] "GET /s/ta/eya/ HTTP/1.1" 302 401 "-" "facebookexternalhit/1.1 (+http://www.facebook.com/externalhit_uatext.php)"
65.52.109.152 - - [15/Mar/2012:19:59:58 -0700] "GET /blog/my-vimrc/ HTTP/1.1" 200 4113 "-" "Mozilla/5.0 (compatible; bingbot/2.0; +http://www.bing.com/bingbot.htm)"
65.52.109.152 - - [15/Mar/2012:19:59:59 -0700] "GET /robots.txt HTTP/1.1" 404 169 "-" "Mozilla/5.0 (compatible; bingbot/2.0; +http://www.bing.com/bingbot.htm)"
65.52.109.152 - - [15/Mar/2012:20:00:05 -0700] "GET / HTTP/1.1" 304 0 "-" "Mozilla/5.0 (compatible; bingbot/2.0; +http://www.bing.com/bingbot.htm)"
66.249.67.123 - - [15/Mar/2012:20:03:02 -0700] "GET /blog/tag/misc.html HTTP/1.1" 200 3350 "-" "Mozilla/5.0 (compatible; Googlebot/2.1; +http://www.google.com/bot.html)"
85.17.88.169 - - [15/Mar/2012:20:07:03 -0700] "POST /blog/wp-cron.php?doing_wp_cron=1331867104 HTTP/1.0" 499 0 "-" "WordPress/3.3.1; http://yuvi.in/blog"
209.85.224.97 - - [15/Mar/2012:20:07:03 -0700] "GET /blog/feed HTTP/1.1" 304 0 "-" "FeedBurner/1.0 (http://www.FeedBurner.com)"
117.231.123.115 - - [15/Mar/2012:20:07:36 -0700] "-" 400 0 "-" "-"
41.208.179.98 - - [15/Mar/2012:20:08:12 -0700] "GET /r/8n1 HTTP/1.1" 301 255 "http://www.facebook.com/?ref=tn_tnmn" "Mozilla/4.0 (compatible; MSIE 8.0; Windows NT 5.1; Trident/4.0; .NET CLR 2.0.50727; .NET CLR 3.0.4506.2152; .NET CLR 3.5.30729; CMDTDF; InfoPath.2; OfficeLiveConnector.1.3; OfficeLivePatch.0.0)"
41.208.179.98 - - [15/Mar/2012:20:08:13 -0700] "GET /s/ta/8n1/ HTTP/1.1" 302 377 "http://www.facebook.com/?ref=tn_tnmn" "Mozilla/4.0 (compatible; MSIE 8.0; Windows NT 5.1; Trident/4.0; .NET CLR 2.0.50727; .NET CLR 3.0.4506.2152; .NET CLR 3.5.30729; CMDTDF; InfoPath.2; OfficeLiveConnector.1.3; OfficeLivePatch.0.0)"
85.17.88.169 - - [15/Mar/2012:20:08:57 -0700] "POST /blog/wp-cron.php?doing_wp_cron=1331867218 HTTP/1.0" 499 0 "-" "WordPress/3.3.1; http://yuvi.in/blog"
209.85.238.115 - - [15/Mar/2012:20:08:57 -0700] "GET /blog/feed/ HTTP/1.1" 304 0 "-" "Feedfetcher-Google; (+http://www.google.com/feedfetcher.html; 19 subscribers; feed-id=15064232456473204253)"
209.85.224.92 - - [15/Mar/2012:20:11:04 -0700] "GET /stories/feed HTTP/1.1" 200 13653 "-" "FeedBurner/1.0 (http://www.FeedBurner.com)"
14.194.169.30 - - [15/Mar/2012:20:11:37 -0700] "-" 400 0 "-" "-"
14.194.169.30 - - [15/Mar/2012:20:11:37 -0700] "-" 400 0 "-" "-"
14.194.169.30 - - [15/Mar/2012:20:11:37 -0700] "-" 400 0 "-" "-"
14.194.169.30 - - [15/Mar/2012:20:11:37 -0700] "-" 400 0 "-" "-"
14.194.169.30 - - [15/Mar/2012:20:11:37 -0700] "-" 400 0 "-" "-"
69.171.228.247 - - [15/Mar/2012:20:12:26 -0700] "GET /r/1grd HTTP/1.1" 301 257 "-" "facebookexternalhit/1.1 (+http://www.facebook.com/externalhit_uatext.php)"
69.171.228.251 - - [15/Mar/2012:20:12:26 -0700] "GET /s/ta/1grd/ HTTP/1.1" 302 449 "-" "facebookexternalhit/1.1 (+http://www.facebook.com/externalhit_uatext.php)"
122.164.165.111 - - [15/Mar/2012:20:12:39 -0700] "-" 400 0 "-" "-"
69.171.228.247 - - [15/Mar/2012:20:12:51 -0700] "GET /r/240g HTTP/1.1" 301 257 "-" "facebookexternalhit/1.1 (+http://www.facebook.com/externalhit_uatext.php)"
69.171.228.246 - - [15/Mar/2012:20:12:51 -0700] "GET /s/ta/240g/ HTTP/1.1" 302 397 "-" "facebookexternalhit/1.1 (+http://www.facebook.com/externalhit_uatext.php)"
124.115.0.167 - - [15/Mar/2012:20:12:52 -0700] "GET / HTTP/1.1" 304 0 "-" "Sosospider+(+http://help.soso.com/webspider.htm)"
207.46.204.166 - - [15/Mar/2012:20:13:32 -0700] "-" 400 0 "-" "-"
207.46.204.166 - - [15/Mar/2012:20:13:34 -0700] "-" 400 0 "-" "-"
207.46.204.166 - - [15/Mar/2012:20:13:34 -0700] "-" 400 0 "-" "-"
207.46.204.166 - - [15/Mar/2012:20:13:34 -0700] "-" 400 0 "-" "-"
207.46.204.166 - - [15/Mar/2012:20:13:35 -0700] "-" 400 0 "-" "-"
207.46.204.166 - - [15/Mar/2012:20:13:35 -0700] "-" 400 0 "-" "-"
207.46.204.166 - - [15/Mar/2012:20:13:35 -0700] "-" 400 0 "-" "-"
207.46.204.166 - - [15/Mar/2012:20:13:36 -0700] "-" 400 0 "-" "-"
207.46.204.166 - - [15/Mar/2012:20:13:36 -0700] "-" 400 0 "-" "-"
208.115.113.84 - - [15/Mar/2012:20:13:52 -0700] "GET /robots.txt HTTP/1.1" 404 169 "-" "Mozilla/5.0 (compatible; Ezooms/1.0; ezooms.bot@gmail.com)"
207.46.204.166 - - [15/Mar/2012:20:14:10 -0700] "-" 400 0 "-" "-"
207.46.204.166 - - [15/Mar/2012:20:14:10 -0700] "-" 400 0 "-" "-"
66.249.67.123 - - [15/Mar/2012:20:14:40 -0700] "GET /blog/tag/tech.html HTTP/1.1" 200 3473 "-" "Mozilla/5.0 (compatible; Googlebot/2.1; +http://www.google.com/bot.html)"
65.52.109.152 - - [15/Mar/2012:20:16:33 -0700] "GET / HTTP/1.1" 304 0 "-" "Mozilla/5.0 (compatible; bingbot/2.0; +http://www.bing.com/bingbot.htm)"
207.46.204.219 - - [15/Mar/2012:20:19:59 -0700] "-" 400 0 "-" "-"
207.46.204.219 - - [15/Mar/2012:20:19:59 -0700] "-" 400 0 "-" "-"
207.46.204.219 - - [15/Mar/2012:20:20:00 -0700] "-" 400 0 "-" "-"
207.46.204.219 - - [15/Mar/2012:20:20:00 -0700] "-" 400 0 "-" "-"
207.46.204.219 - - [15/Mar/2012:20:20:00 -0700] "-" 400 0 "-" "-"
207.46.204.219 - - [15/Mar/2012:20:20:02 -0700] "-" 400 0 "-" "-"
207.46.204.219 - - [15/Mar/2012:20:20:02 -0700] "-" 400 0 "-" "-"
207.46.204.219 - - [15/Mar/2012:20:20:02 -0700] "-" 400 0 "-" "-"
207.46.204.219 - - [15/Mar/2012:20:20:22 -0700] "-" 400 0 "-" "-"
207.46.204.219 - - [15/Mar/2012:20:20:23 -0700] "-" 400 0 "-" "-"
207.46.204.219 - - [15/Mar/2012:20:20:23 -0700] "-" 400 0 "-" "-"
59.92.33.205 - - [15/Mar/2012:20:21:03 -0700] "-" 400 0 "-" "-"
59.92.33.205 - - [15/Mar/2012:20:22:23 -0700] "-" 400 0 "-" "-"
117.193.177.174 - - [15/Mar/2012:20:24:41 -0700] "-" 400 0 "-" "-"
117.193.177.174 - - [15/Mar/2012:20:24:41 -0700] "-" 400 0 "-" "-"
117.193.177.174 - - [15/Mar/2012:20:24:41 -0700] "-" 400 0 "-" "-"
117.193.177.174 - - [15/Mar/2012:20:24:41 -0700] "-" 400 0 "-" "-"
117.193.177.174 - - [15/Mar/2012:20:24:41 -0700] "-" 400 0 "-" "-"
117.193.177.174 - - [15/Mar/2012:20:24:41 -0700] "-" 400 0 "-" "-"
59.92.34.151 - - [15/Mar/2012:20:25:50 -0700] "GET /r/1va HTTP/1.1" 301 255 "-" "Mozilla/4.0 (compatible; MSIE 6.0; Windows NT 5.1; SV1; .NET CLR 2.0.50727; .NET CLR 3.0.04506.648; .NET CLR 3.5.21022)"
59.92.34.151 - - [15/Mar/2012:20:25:51 -0700] "GET /s/ta/1va/ HTTP/1.1" 302 409 "-" "Mozilla/4.0 (compatible; MSIE 6.0; Windows NT 5.1; SV1; .NET CLR 2.0.50727; .NET CLR 3.0.04506.648; .NET CLR 3.5.21022)"
66.249.67.123 - - [15/Mar/2012:20:28:30 -0700] "GET /blog/tag/music.html HTTP/1.1" 200 2005 "-" "Mozilla/5.0 (compatible; Googlebot/2.1; +http://www.google.com/bot.html)"
223.190.247.175 - - [15/Mar/2012:20:30:00 -0700] "-" 400 0 "-" "-"
208.115.113.84 - - [15/Mar/2012:20:30:01 -0700] "GET /blog/functional-programming-geekweekend-at-thoughtworks.html HTTP/1.1" 200 9313 "-" "Mozilla/5.0 (compatible; Ezooms/1.0; ezooms.bot@gmail.com)"
203.189.177.135 - - [15/Mar/2012:20:30:21 -0700] "GET /r/2uqf HTTP/1.1" 301 257 "http://ta.wikipedia.org/wiki/%E0%AE%AA%E0%AE%AF%E0%AE%A9%E0%AE%B0%E0%AF%8D:Dineshkumar_Ponnusamy" "Mozilla/5.0 (Windows NT 5.1) AppleWebKit/535.1 (KHTML, like Gecko) Chrome/13.0.782.112 Safari/535.1"
203.189.177.135 - - [15/Mar/2012:20:30:22 -0700] "GET /s/ta/2uqf/ HTTP/1.1" 302 371 "http://ta.wikipedia.org/wiki/%E0%AE%AA%E0%AE%AF%E0%AE%A9%E0%AE%B0%E0%AF%8D:Dineshkumar_Ponnusamy" "Mozilla/5.0 (Windows NT 5.1) AppleWebKit/535.1 (KHTML, like Gecko) Chrome/13.0.782.112 Safari/535.1"
203.189.177.135 - - [15/Mar/2012:20:30:27 -0700] "GET /e/Dineshkumar_Ponnusamy HTTP/1.1" 301 293 "http://ta.wikipedia.org/wiki/%E0%AE%AA%E0%AE%AF%E0%AE%A9%E0%AE%B0%E0%AF%8D:Dineshkumar_Ponnusamy" "Mozilla/5.0 (Windows NT 5.1) AppleWebKit/535.1 (KHTML, like Gecko) Chrome/13.0.782.112 Safari/535.1"
203.189.177.135 - - [15/Mar/2012:20:30:27 -0700] "GET /en/ta/Dineshkumar_Ponnusamy/ HTTP/1.1" 302 265 "http://ta.wikipedia.org/wiki/%E0%AE%AA%E0%AE%AF%E0%AE%A9%E0%AE%B0%E0%AF%8D:Dineshkumar_Ponnusamy" "Mozilla/5.0 (Windows NT 5.1) AppleWebKit/535.1 (KHTML, like Gecko) Chrome/13.0.782.112 Safari/535.1"
65.52.109.152 - - [15/Mar/2012:20:31:59 -0700] "GET /blog/my-vimrc/ HTTP/1.1" 200 4113 "-" "Mozilla/5.0 (compatible; bingbot/2.0; +http://www.bing.com/bingbot.htm)"
122.174.61.82 - - [15/Mar/2012:20:32:40 -0700] "-" 400 0 "-" "-"
66.249.68.52 - - [15/Mar/2012:20:32:51 -0700] "GET /r/2vcm HTTP/1.1" 301 257 "-" "Mozilla/5.0 (compatible; Googlebot/2.1; +http://www.google.com/bot.html)"
66.249.68.52 - - [15/Mar/2012:20:32:52 -0700] "GET /s/ta/2vcm/ HTTP/1.1" 302 497 "-" "Mozilla/5.0 (compatible; Googlebot/2.1; +http://www.google.com/bot.html)"
223.190.247.175 - - [15/Mar/2012:20:33:54 -0700] "-" 400 0 "-" "-"
223.190.247.175 - - [15/Mar/2012:20:34:30 -0700] "-" 400 0 "-" "-"
223.190.247.175 - - [15/Mar/2012:20:36:09 -0700] "-" 400 0 "-" "-"
180.74.130.97 - - [15/Mar/2012:20:36:53 -0700] "GET /r/1va HTTP/1.1" 301 255 "-" "Mozilla/5.0 (iPhone; CPU iPhone OS 5_1 like Mac OS X) AppleWebKit/534.46 (KHTML, like Gecko) Mobile/9B176"
180.74.130.97 - - [15/Mar/2012:20:36:54 -0700] "GET /s/ta/1va/ HTTP/1.1" 302 409 "-" "Mozilla/5.0 (iPhone; CPU iPhone OS 5_1 like Mac OS X) AppleWebKit/534.46 (KHTML, like Gecko) Mobile/9B176"
180.74.130.97 - - [15/Mar/2012:20:37:02 -0700] "GET /r/23z HTTP/1.1" 301 255 "-" "Mozilla/5.0 (iPhone; CPU iPhone OS 5_1 like Mac OS X) AppleWebKit/534.46 (KHTML, like Gecko) Mobile/9B176"
180.74.130.97 - - [15/Mar/2012:20:37:03 -0700] "GET /s/ta/23z/ HTTP/1.1" 302 397 "-" "Mozilla/5.0 (iPhone; CPU iPhone OS 5_1 like Mac OS X) AppleWebKit/534.46 (KHTML, like Gecko) Mobile/9B176"
85.17.88.169 - - [15/Mar/2012:20:37:11 -0700] "POST /blog/wp-cron.php?doing_wp_cron=1331868912 HTTP/1.0" 499 0 "-" "WordPress/3.3.1; http://yuvi.in/blog"
209.85.224.97 - - [15/Mar/2012:20:37:11 -0700] "GET /blog/feed HTTP/1.1" 304 0 "-" "FeedBurner/1.0 (http://www.FeedBurner.com)"
180.74.130.97 - - [15/Mar/2012:20:37:12 -0700] "GET /s/ta/1va/ HTTP/1.1" 302 409 "-" "Mozilla/5.0 (iPhone; CPU iPhone OS 5_1 like Mac OS X) AppleWebKit/534.46 (KHTML, like Gecko) Mobile/9B176"
