66.220.149.247 - - [17/Mar/2012:16:10:56 -0700] "GET /r/1uj HTTP/1.1" 301 255 "-" "facebookexternalhit/1.1 (+http://www.facebook.com/externalhit_uatext.php)"
66.220.149.248 - - [17/Mar/2012:16:10:56 -0700] "GET /s/ta/1uj/ HTTP/1.1" 302 501 "-" "facebookexternalhit/1.1 (+http://www.facebook.com/externalhit_uatext.php)"
85.17.88.169 - - [17/Mar/2012:16:11:10 -0700] "POST /blog/wp-cron.php?doing_wp_cron=1332025737 HTTP/1.0" 499 0 "-" "WordPress/3.3.1; http://yuvi.in/blog"
65.52.109.152 - - [17/Mar/2012:16:11:11 -0700] "GET /blog/2010/05/ HTTP/1.1" 200 9422 "-" "Mozilla/5.0 (compatible; bingbot/2.0; +http://www.bing.com/bingbot.htm)"
86.25.219.216 - - [17/Mar/2012:16:12:58 -0700] "GET /r/1va HTTP/1.1" 301 255 "-" "Mozilla/5.0 (iPhone; CPU iPhone OS 5_1 like Mac OS X) AppleWebKit/534.46 (KHTML, like Gecko) Mobile/9B179"
86.25.219.216 - - [17/Mar/2012:16:12:59 -0700] "GET /s/ta/1va/ HTTP/1.1" 302 409 "-" "Mozilla/5.0 (iPhone; CPU iPhone OS 5_1 like Mac OS X) AppleWebKit/534.46 (KHTML, like Gecko) Mobile/9B179"
209.85.224.82 - - [17/Mar/2012:16:13:10 -0700] "GET /stories/feed HTTP/1.1" 200 13653 "-" "FeedBurner/1.0 (http://www.FeedBurner.com)"
85.17.88.169 - - [17/Mar/2012:16:17:15 -0700] "POST /blog/wp-cron.php?doing_wp_cron=1332026102 HTTP/1.0" 499 0 "-" "WordPress/3.3.1; http://yuvi.in/blog"
91.207.8.46 - - [17/Mar/2012:16:17:16 -0700] "GET /blog/ HTTP/1.0" 200 33142 "http://yuvi.in/blog/" "Opera/8.01 (Windows NT 5.1)"
66.249.68.106 - - [17/Mar/2012:16:21:49 -0700] "GET /chennai/stage/2780/ HTTP/1.1" 404 142 "-" "Mozilla/5.0 (compatible; Googlebot/2.1; +http://www.google.com/bot.html)"
207.46.204.213 - - [17/Mar/2012:16:24:30 -0700] "-" 400 0 "-" "-"
207.46.204.213 - - [17/Mar/2012:16:24:37 -0700] "-" 400 0 "-" "-"
207.46.204.213 - - [17/Mar/2012:16:24:40 -0700] "-" 400 0 "-" "-"
207.46.204.213 - - [17/Mar/2012:16:24:42 -0700] "-" 400 0 "-" "-"
207.46.204.213 - - [17/Mar/2012:16:24:42 -0700] "-" 400 0 "-" "-"
207.46.204.213 - - [17/Mar/2012:16:24:42 -0700] "-" 400 0 "-" "-"
207.46.204.213 - - [17/Mar/2012:16:24:43 -0700] "-" 400 0 "-" "-"
207.46.204.213 - - [17/Mar/2012:16:24:44 -0700] "-" 400 0 "-" "-"
207.46.204.213 - - [17/Mar/2012:16:24:44 -0700] "-" 400 0 "-" "-"
207.46.204.213 - - [17/Mar/2012:16:24:44 -0700] "-" 400 0 "-" "-"
160.39.119.204 - - [17/Mar/2012:16:25:16 -0700] "GET /favicon.ico HTTP/1.1" 404 199 "http://prashanth-kamle.blogspot.com/2009/10/ants-in-my-laptop-ii.html" "Mozilla/5.0 (Macintosh; Intel Mac OS X 10_6_4) AppleWebKit/535.11 (KHTML, like Gecko) Chrome/17.0.963.79 Safari/535.11"
160.39.119.204 - - [17/Mar/2012:16:25:17 -0700] "GET /favicon.ico HTTP/1.1" 404 199 "http://prashanth-kamle.blogspot.com/2009/10/ants-in-my-laptop-ii.html" "Mozilla/5.0 (Macintosh; Intel Mac OS X 10_6_4) AppleWebKit/535.11 (KHTML, like Gecko) Chrome/17.0.963.79 Safari/535.11"
66.249.68.106 - - [17/Mar/2012:16:25:18 -0700] "GET /chennai/stage/2778/ HTTP/1.1" 404 142 "-" "Mozilla/5.0 (compatible; Googlebot/2.1; +http://www.google.com/bot.html)"
207.46.204.213 - - [17/Mar/2012:16:25:20 -0700] "-" 400 0 "-" "-"
157.55.112.204 - - [17/Mar/2012:16:26:46 -0700] "-" 400 0 "-" "-"
157.55.112.204 - - [17/Mar/2012:16:26:46 -0700] "-" 400 0 "-" "-"
157.55.112.204 - - [17/Mar/2012:16:26:46 -0700] "-" 400 0 "-" "-"
157.55.112.204 - - [17/Mar/2012:16:26:46 -0700] "-" 400 0 "-" "-"
157.55.112.204 - - [17/Mar/2012:16:26:46 -0700] "-" 400 0 "-" "-"
157.55.112.204 - - [17/Mar/2012:16:26:46 -0700] "-" 400 0 "-" "-"
157.55.112.204 - - [17/Mar/2012:16:26:47 -0700] "-" 400 0 "-" "-"
157.55.112.204 - - [17/Mar/2012:16:26:47 -0700] "-" 400 0 "-" "-"
157.55.112.204 - - [17/Mar/2012:16:26:47 -0700] "-" 400 0 "-" "-"
157.55.112.204 - - [17/Mar/2012:16:27:23 -0700] "-" 400 0 "-" "-"
157.55.112.204 - - [17/Mar/2012:16:27:23 -0700] "-" 400 0 "-" "-"
207.46.12.76 - - [17/Mar/2012:16:33:15 -0700] "-" 400 0 "-" "-"
207.46.12.76 - - [17/Mar/2012:16:33:15 -0700] "-" 400 0 "-" "-"
207.46.12.76 - - [17/Mar/2012:16:33:15 -0700] "-" 400 0 "-" "-"
207.46.12.76 - - [17/Mar/2012:16:33:15 -0700] "-" 400 0 "-" "-"
207.46.12.76 - - [17/Mar/2012:16:33:15 -0700] "-" 400 0 "-" "-"
207.46.12.76 - - [17/Mar/2012:16:33:15 -0700] "-" 400 0 "-" "-"
207.46.12.76 - - [17/Mar/2012:16:33:15 -0700] "-" 400 0 "-" "-"
207.46.12.76 - - [17/Mar/2012:16:33:15 -0700] "-" 400 0 "-" "-"
207.46.12.76 - - [17/Mar/2012:16:33:15 -0700] "-" 400 0 "-" "-"
207.46.12.76 - - [17/Mar/2012:16:33:15 -0700] "-" 400 0 "-" "-"
207.46.12.76 - - [17/Mar/2012:16:34:13 -0700] "-" 400 0 "-" "-"
85.17.88.169 - - [17/Mar/2012:16:36:11 -0700] "POST /blog/wp-cron.php?doing_wp_cron=1332027237 HTTP/1.0" 499 0 "-" "WordPress/3.3.1; http://yuvi.in/blog"
209.85.224.89 - - [17/Mar/2012:16:36:11 -0700] "GET /blog/feed HTTP/1.1" 304 0 "-" "FeedBurner/1.0 (http://www.FeedBurner.com)"
123.125.71.21 - - [17/Mar/2012:16:37:14 -0700] "GET / HTTP/1.1" 200 3439 "-" "Mozilla/5.0 (compatible; Baiduspider/2.0; +http://www.baidu.com/search/spider.html)"
67.215.230.28 - - [17/Mar/2012:16:37:35 -0700] "GET /robots.txt HTTP/1.0" 404 169 "-" "Setooz/Nutch-1.2 (http://www.setooz.com)"
67.215.230.28 - - [17/Mar/2012:16:37:38 -0700] "GET / HTTP/1.0" 200 3439 "-" "Setooz/Nutch-1.2 (http://www.setooz.com)"
67.215.230.27 - - [17/Mar/2012:16:37:38 -0700] "GET /robots.txt HTTP/1.0" 404 169 "-" "Setooz/Nutch-1.2 (http://www.setooz.com)"
67.215.230.27 - - [17/Mar/2012:16:37:38 -0700] "GET /stories HTTP/1.0" 301 185 "-" "Setooz/Nutch-1.2 (http://www.setooz.com)"
220.181.108.83 - - [17/Mar/2012:16:37:57 -0700] "GET / HTTP/1.1" 200 3439 "-" "Mozilla/5.0 (compatible; Baiduspider/2.0; +http://www.baidu.com/search/spider.html)"
85.17.88.169 - - [17/Mar/2012:16:38:26 -0700] "POST /blog/wp-cron.php?doing_wp_cron=1332027373 HTTP/1.0" 499 0 "-" "WordPress/3.3.1; http://yuvi.in/blog"
177.36.192.46 - - [17/Mar/2012:16:38:27 -0700] "GET /blog/tag/code/ HTTP/1.1" 200 29783 "-" "Mozilla/5.0 (compatible; Googlebot/2.1; +http://www.google.com/bot.html)"
85.17.88.169 - - [17/Mar/2012:16:38:42 -0700] "POST /blog/wp-cron.php?doing_wp_cron=1332027389 HTTP/1.0" 499 0 "-" "WordPress/3.3.1; http://yuvi.in/blog"
180.76.5.52 - - [17/Mar/2012:16:38:43 -0700] "GET /blog/gsoc-2010-the-beginning/ HTTP/1.1" 200 4950 "-" "Mozilla/5.0 (compatible; Baiduspider/2.0; +http://www.baidu.com/search/spider.html)"
207.46.12.74 - - [17/Mar/2012:16:39:22 -0700] "-" 400 0 "-" "-"
207.46.12.74 - - [17/Mar/2012:16:39:25 -0700] "-" 400 0 "-" "-"
207.46.12.74 - - [17/Mar/2012:16:39:25 -0700] "-" 400 0 "-" "-"
207.46.12.74 - - [17/Mar/2012:16:39:25 -0700] "-" 400 0 "-" "-"
207.46.12.74 - - [17/Mar/2012:16:39:25 -0700] "-" 400 0 "-" "-"
207.46.12.74 - - [17/Mar/2012:16:39:26 -0700] "-" 400 0 "-" "-"
207.46.12.74 - - [17/Mar/2012:16:39:26 -0700] "-" 400 0 "-" "-"
207.46.12.74 - - [17/Mar/2012:16:39:26 -0700] "-" 400 0 "-" "-"
207.46.12.74 - - [17/Mar/2012:16:39:26 -0700] "-" 400 0 "-" "-"
207.46.12.74 - - [17/Mar/2012:16:39:27 -0700] "-" 400 0 "-" "-"
207.46.12.74 - - [17/Mar/2012:16:40:08 -0700] "-" 400 0 "-" "-"
85.17.88.169 - - [17/Mar/2012:16:43:43 -0700] "POST /blog/wp-cron.php?doing_wp_cron=1332027689 HTTP/1.0" 499 0 "-" "WordPress/3.3.1; http://yuvi.in/blog"
66.249.67.123 - - [17/Mar/2012:16:43:43 -0700] "GET /blog/tag/devlog-dec-2011/ HTTP/1.1" 200 4460 "-" "Mozilla/5.0 (compatible; Googlebot/2.1; +http://www.google.com/bot.html)"
85.17.88.169 - - [17/Mar/2012:16:45:36 -0700] "POST /blog/wp-cron.php?doing_wp_cron=1332027802 HTTP/1.0" 499 0 "-" "WordPress/3.3.1; http://yuvi.in/blog"
66.249.67.123 - - [17/Mar/2012:16:45:36 -0700] "GET /blog/tag/reprint/ HTTP/1.1" 200 14345 "-" "Mozilla/5.0 (compatible; Googlebot/2.1; +http://www.google.com/bot.html)"
85.17.88.169 - - [17/Mar/2012:16:47:56 -0700] "POST /blog/wp-cron.php?doing_wp_cron=1332027942 HTTP/1.0" 499 0 "-" "WordPress/3.3.1; http://yuvi.in/blog"
208.115.111.68 - - [17/Mar/2012:16:47:56 -0700] "GET /blog/measure-of-learning-epiphanies-per-session/trackback/ HTTP/1.1" 302 0 "-" "Mozilla/5.0 (compatible; Ezooms/1.0; ezooms.bot@gmail.com)"
85.17.88.169 - - [17/Mar/2012:16:48:02 -0700] "POST /blog/wp-cron.php?doing_wp_cron=1332027948 HTTP/1.0" 499 0 "-" "WordPress/3.3.1; http://yuvi.in/blog"
208.115.111.68 - - [17/Mar/2012:16:48:02 -0700] "GET /blog/webfaction-review/ HTTP/1.1" 200 16083 "-" "Mozilla/5.0 (compatible; Ezooms/1.0; ezooms.bot@gmail.com)"
201.0.169.36 - - [17/Mar/2012:16:50:19 -0700] "GET /blog/ HTTP/1.1" 200 33230 "-" "Mozilla/5.0 (compatible; Googlebot/2.1; +http://www.google.com/bot.html)"
85.17.88.169 - - [17/Mar/2012:16:51:08 -0700] "POST /blog/wp-cron.php?doing_wp_cron=1332028134 HTTP/1.0" 499 0 "-" "WordPress/3.3.1; http://yuvi.in/blog"
66.249.67.123 - - [17/Mar/2012:16:51:08 -0700] "GET /blog/2011/12/06/ HTTP/1.1" 200 9206 "-" "Mozilla/5.0 (compatible; Googlebot/2.1; +http://www.google.com/bot.html)"
85.17.88.169 - - [17/Mar/2012:16:52:51 -0700] "POST /blog/wp-cron.php?doing_wp_cron=1332028237 HTTP/1.0" 499 0 "-" "WordPress/3.3.1; http://yuvi.in/blog"
208.115.113.84 - - [17/Mar/2012:16:52:51 -0700] "GET /blog/2010/12/ HTTP/1.1" 200 21423 "-" "Mozilla/5.0 (compatible; Ezooms/1.0; ezooms.bot@gmail.com)"
85.17.88.169 - - [17/Mar/2012:16:53:01 -0700] "POST /blog/wp-cron.php?doing_wp_cron=1332028247 HTTP/1.0" 499 0 "-" "WordPress/3.3.1; http://yuvi.in/blog"
208.115.113.84 - - [17/Mar/2012:16:53:02 -0700] "GET /blog/icc-rules-for-backyard-cricket/ HTTP/1.1" 200 16085 "-" "Mozilla/5.0 (compatible; Ezooms/1.0; ezooms.bot@gmail.com)"
85.17.88.169 - - [17/Mar/2012:16:53:07 -0700] "POST /blog/wp-cron.php?doing_wp_cron=1332028254 HTTP/1.0" 499 0 "-" "WordPress/3.3.1; http://yuvi.in/blog"
208.115.113.84 - - [17/Mar/2012:16:53:08 -0700] "GET /blog/story-average-indian-techie/feed/ HTTP/1.1" 200 10287 "-" "Mozilla/5.0 (compatible; Ezooms/1.0; ezooms.bot@gmail.com)"
85.17.88.169 - - [17/Mar/2012:16:53:13 -0700] "POST /blog/wp-cron.php?doing_wp_cron=1332028260 HTTP/1.0" 499 0 "-" "WordPress/3.3.1; http://yuvi.in/blog"
208.115.113.84 - - [17/Mar/2012:16:53:14 -0700] "GET /blog/2010/08/07/ HTTP/1.1" 200 18948 "-" "Mozilla/5.0 (compatible; Ezooms/1.0; ezooms.bot@gmail.com)"
85.17.88.169 - - [17/Mar/2012:16:54:55 -0700] "POST /blog/wp-cron.php?doing_wp_cron=1332028361 HTTP/1.0" 499 0 "-" "WordPress/3.3.1; http://yuvi.in/blog"
66.249.67.123 - - [17/Mar/2012:16:54:56 -0700] "GET /blog/devlog-december-10-2011/ HTTP/1.1" 200 4530 "-" "Mozilla/5.0 (compatible; Googlebot/2.1; +http://www.google.com/bot.html)"
207.46.204.165 - - [17/Mar/2012:16:57:28 -0700] "-" 400 0 "-" "-"
207.46.204.165 - - [17/Mar/2012:16:57:30 -0700] "-" 400 0 "-" "-"
207.46.204.165 - - [17/Mar/2012:16:57:30 -0700] "-" 400 0 "-" "-"
207.46.204.165 - - [17/Mar/2012:16:57:33 -0700] "-" 400 0 "-" "-"
207.46.204.165 - - [17/Mar/2012:16:57:33 -0700] "-" 400 0 "-" "-"
207.46.204.165 - - [17/Mar/2012:16:57:33 -0700] "-" 400 0 "-" "-"
207.46.204.165 - - [17/Mar/2012:16:57:34 -0700] "-" 400 0 "-" "-"
207.46.204.165 - - [17/Mar/2012:16:57:34 -0700] "-" 400 0 "-" "-"
207.46.204.165 - - [17/Mar/2012:16:57:34 -0700] "-" 400 0 "-" "-"
207.46.204.165 - - [17/Mar/2012:16:58:31 -0700] "-" 400 0 "-" "-"
207.46.204.165 - - [17/Mar/2012:16:58:31 -0700] "-" 400 0 "-" "-"
85.17.88.169 - - [17/Mar/2012:16:58:46 -0700] "POST /blog/wp-cron.php?doing_wp_cron=1332028592 HTTP/1.0" 499 0 "-" "WordPress/3.3.1; http://yuvi.in/blog"
213.186.127.13 - - [17/Mar/2012:16:58:47 -0700] "GET /blog/2010/07/ HTTP/1.1" 200 9215 "-" "Mozilla/5.0 (compatible; AhrefsBot/2.0; +http://ahrefs.com/robot/)"
85.17.88.169 - - [17/Mar/2012:17:01:13 -0700] "POST /blog/wp-cron.php?doing_wp_cron=1332028739 HTTP/1.0" 499 0 "-" "WordPress/3.3.1; http://yuvi.in/blog"
209.85.238.115 - - [17/Mar/2012:17:01:14 -0700] "GET /blog/feed HTTP/1.1" 301 0 "-" "Feedfetcher-Google; (+http://www.google.com/feedfetcher.html; 3 subscribers; feed-id=17684830852112633560)"
85.17.88.169 - - [17/Mar/2012:17:01:16 -0700] "POST /blog/wp-cron.php?doing_wp_cron=1332028742 HTTP/1.0" 499 0 "-" "WordPress/3.3.1; http://yuvi.in/blog"
209.85.238.115 - - [17/Mar/2012:17:01:16 -0700] "GET /blog/feed/ HTTP/1.1" 304 0 "-" "Feedfetcher-Google; (+http://www.google.com/feedfetcher.html; 3 subscribers; feed-id=17684830852112633560)"
66.220.146.248 - - [17/Mar/2012:17:01:16 -0700] "GET /r/1hea HTTP/1.1" 301 257 "-" "facebookexternalhit/1.1 (+http://www.facebook.com/externalhit_uatext.php)"
66.220.146.247 - - [17/Mar/2012:17:01:16 -0700] "GET /s/ta/1hea/ HTTP/1.1" 302 437 "-" "facebookexternalhit/1.1 (+http://www.facebook.com/externalhit_uatext.php)"
85.17.88.169 - - [17/Mar/2012:17:06:18 -0700] "POST /blog/wp-cron.php?doing_wp_cron=1332029044 HTTP/1.0" 499 0 "-" "WordPress/3.3.1; http://yuvi.in/blog"
209.85.224.90 - - [17/Mar/2012:17:06:18 -0700] "GET /blog/feed HTTP/1.1" 304 0 "-" "FeedBurner/1.0 (http://www.FeedBurner.com)"
85.17.88.169 - - [17/Mar/2012:17:06:33 -0700] "POST /blog/wp-cron.php?doing_wp_cron=1332029060 HTTP/1.0" 499 0 "-" "WordPress/3.3.1; http://yuvi.in/blog"
180.76.6.225 - - [17/Mar/2012:17:06:34 -0700] "GET /blog/2009/11/13/ HTTP/1.1" 200 4083 "-" "Mozilla/5.0 (compatible; Baiduspider/2.0; +http://www.baidu.com/search/spider.html)"
75.131.206.131 - - [17/Mar/2012:17:06:59 -0700] "GET / HTTP/1.1" 200 1430 "-" "Reeder/1.5.5 CFNetwork/548.1.4 Darwin/11.0.0"
75.131.206.131 - - [17/Mar/2012:17:06:59 -0700] "GET /favicon.ico HTTP/1.1" 404 142 "-" "Reeder/1.5.5 CFNetwork/548.1.4 Darwin/11.0.0"
75.131.206.131 - - [17/Mar/2012:17:06:59 -0700] "GET /apple-touch-icon.png HTTP/1.1" 404 142 "-" "Reeder/1.5.5 CFNetwork/548.1.4 Darwin/11.0.0"
75.131.206.131 - - [17/Mar/2012:17:06:59 -0700] "GET /apple-touch-icon-precomposed.png HTTP/1.1" 404 142 "-" "Reeder/1.5.5 CFNetwork/548.1.4 Darwin/11.0.0"
177.43.204.114 - - [17/Mar/2012:17:07:15 -0700] "GET /blog/ HTTP/1.1" 200 33214 "-" "Mozilla/5.0 (compatible; Googlebot/2.1; +http://www.google.com/bot.html)"
98.180.220.78 - - [17/Mar/2012:17:09:04 -0700] "GET / HTTP/1.1" 200 1430 "-" "Caffeinated/1.1 CFNetwork/520.3.2 Darwin/11.3.0 (x86_64) (MacBookPro8%2C1)"
98.180.220.78 - - [17/Mar/2012:17:09:04 -0700] "GET /favicon.ico HTTP/1.1" 404 142 "-" "Caffeinated/1.1 CFNetwork/520.3.2 Darwin/11.3.0 (x86_64) (MacBookPro8%2C1)"
98.180.220.78 - - [17/Mar/2012:17:09:06 -0700] "GET / HTTP/1.1" 200 1430 "-" "Caffeinated/1.1 CFNetwork/520.3.2 Darwin/11.3.0 (x86_64) (MacBookPro8%2C1)"
98.180.220.78 - - [17/Mar/2012:17:09:06 -0700] "GET /favicon.ico HTTP/1.1" 404 142 "-" "Caffeinated/1.1 CFNetwork/520.3.2 Darwin/11.3.0 (x86_64) (MacBookPro8%2C1)"
66.249.67.123 - - [17/Mar/2012:17:09:43 -0700] "GET / HTTP/1.1" 200 1430 "-" "Mozilla/5.0 (iPhone; U; CPU iPhone OS 4_1 like Mac OS X; en-us) AppleWebKit/532.9 (KHTML, like Gecko) Version/4.0.5 Mobile/8B117 Safari/6531.22.7 (compatible; Googlebot-Mobile/2.1; +http://www.google.com/bot.html)"
157.55.112.205 - - [17/Mar/2012:17:09:47 -0700] "-" 400 0 "-" "-"
157.55.112.205 - - [17/Mar/2012:17:09:50 -0700] "-" 400 0 "-" "-"
157.55.112.205 - - [17/Mar/2012:17:09:50 -0700] "-" 400 0 "-" "-"
157.55.112.205 - - [17/Mar/2012:17:09:50 -0700] "-" 400 0 "-" "-"
157.55.112.205 - - [17/Mar/2012:17:09:50 -0700] "-" 400 0 "-" "-"
157.55.112.205 - - [17/Mar/2012:17:09:51 -0700] "-" 400 0 "-" "-"
157.55.112.205 - - [17/Mar/2012:17:09:51 -0700] "-" 400 0 "-" "-"
157.55.112.205 - - [17/Mar/2012:17:09:51 -0700] "-" 400 0 "-" "-"
157.55.112.205 - - [17/Mar/2012:17:09:51 -0700] "-" 400 0 "-" "-"
157.55.112.205 - - [17/Mar/2012:17:09:51 -0700] "-" 400 0 "-" "-"
157.55.112.205 - - [17/Mar/2012:17:10:39 -0700] "-" 400 0 "-" "-"
98.180.220.78 - - [17/Mar/2012:17:11:24 -0700] "GET / HTTP/1.1" 200 1430 "-" "Caffeinated/1.1 CFNetwork/520.3.2 Darwin/11.3.0 (x86_64) (MacBookPro8%2C1)"
98.180.220.78 - - [17/Mar/2012:17:11:24 -0700] "GET /favicon.ico HTTP/1.1" 404 142 "-" "Caffeinated/1.1 CFNetwork/520.3.2 Darwin/11.3.0 (x86_64) (MacBookPro8%2C1)"
98.180.220.78 - - [17/Mar/2012:17:11:27 -0700] "GET / HTTP/1.1" 200 1430 "-" "Caffeinated/1.1 CFNetwork/520.3.2 Darwin/11.3.0 (x86_64) (MacBookPro8%2C1)"
98.180.220.78 - - [17/Mar/2012:17:11:27 -0700] "GET /favicon.ico HTTP/1.1" 404 142 "-" "Caffeinated/1.1 CFNetwork/520.3.2 Darwin/11.3.0 (x86_64) (MacBookPro8%2C1)"
98.180.220.78 - - [17/Mar/2012:17:12:12 -0700] "GET / HTTP/1.1" 200 1430 "-" "Caffeinated/1.1 CFNetwork/520.3.2 Darwin/11.3.0 (x86_64) (MacBookPro8%2C1)"
98.180.220.78 - - [17/Mar/2012:17:12:12 -0700] "GET /favicon.ico HTTP/1.1" 404 142 "-" "Caffeinated/1.1 CFNetwork/520.3.2 Darwin/11.3.0 (x86_64) (MacBookPro8%2C1)"
98.180.220.78 - - [17/Mar/2012:17:12:18 -0700] "GET / HTTP/1.1" 200 1430 "-" "Caffeinated/1.1 CFNetwork/520.3.2 Darwin/11.3.0 (x86_64) (MacBookPro8%2C1)"
98.180.220.78 - - [17/Mar/2012:17:12:18 -0700] "GET /favicon.ico HTTP/1.1" 404 142 "-" "Caffeinated/1.1 CFNetwork/520.3.2 Darwin/11.3.0 (x86_64) (MacBookPro8%2C1)"
85.17.88.169 - - [17/Mar/2012:17:12:37 -0700] "POST /blog/wp-cron.php?doing_wp_cron=1332029423 HTTP/1.0" 499 0 "-" "WordPress/3.3.1; http://yuvi.in/blog"
209.85.224.92 - - [17/Mar/2012:17:13:12 -0700] "GET /stories/feed HTTP/1.1" 200 13653 "-" "FeedBurner/1.0 (http://www.FeedBurner.com)"
98.180.220.78 - - [17/Mar/2012:17:14:16 -0700] "GET / HTTP/1.1" 200 1430 "-" "Caffeinated/1.1 CFNetwork/520.3.2 Darwin/11.3.0 (x86_64) (MacBookPro8%2C1)"
98.180.220.78 - - [17/Mar/2012:17:14:16 -0700] "GET /favicon.ico HTTP/1.1" 404 142 "-" "Caffeinated/1.1 CFNetwork/520.3.2 Darwin/11.3.0 (x86_64) (MacBookPro8%2C1)"
98.180.220.78 - - [17/Mar/2012:17:14:19 -0700] "GET / HTTP/1.1" 200 1430 "-" "Caffeinated/1.1 CFNetwork/520.3.2 Darwin/11.3.0 (x86_64) (MacBookPro8%2C1)"
98.180.220.78 - - [17/Mar/2012:17:14:20 -0700] "GET /favicon.ico HTTP/1.1" 404 142 "-" "Caffeinated/1.1 CFNetwork/520.3.2 Darwin/11.3.0 (x86_64) (MacBookPro8%2C1)"
75.131.206.131 - - [17/Mar/2012:17:14:52 -0700] "GET / HTTP/1.1" 200 1430 "-" "Reeder/1.5.5 CFNetwork/548.1.4 Darwin/11.0.0"
75.131.206.131 - - [17/Mar/2012:17:14:52 -0700] "GET /favicon.ico HTTP/1.1" 404 142 "-" "Reeder/1.5.5 CFNetwork/548.1.4 Darwin/11.0.0"
75.131.206.131 - - [17/Mar/2012:17:14:52 -0700] "GET /apple-touch-icon.png HTTP/1.1" 404 142 "-" "Reeder/1.5.5 CFNetwork/548.1.4 Darwin/11.0.0"
75.131.206.131 - - [17/Mar/2012:17:14:52 -0700] "GET /apple-touch-icon-precomposed.png HTTP/1.1" 404 142 "-" "Reeder/1.5.5 CFNetwork/548.1.4 Darwin/11.0.0"
98.180.220.78 - - [17/Mar/2012:17:15:59 -0700] "GET / HTTP/1.1" 200 1430 "-" "Caffeinated/1.1 CFNetwork/520.3.2 Darwin/11.3.0 (x86_64) (MacBookPro8%2C1)"
98.180.220.78 - - [17/Mar/2012:17:16:00 -0700] "GET /favicon.ico HTTP/1.1" 404 142 "-" "Caffeinated/1.1 CFNetwork/520.3.2 Darwin/11.3.0 (x86_64) (MacBookPro8%2C1)"
98.180.220.78 - - [17/Mar/2012:17:16:02 -0700] "GET / HTTP/1.1" 200 1430 "-" "Caffeinated/1.1 CFNetwork/520.3.2 Darwin/11.3.0 (x86_64) (MacBookPro8%2C1)"
98.180.220.78 - - [17/Mar/2012:17:16:02 -0700] "GET /favicon.ico HTTP/1.1" 404 142 "-" "Caffeinated/1.1 CFNetwork/520.3.2 Darwin/11.3.0 (x86_64) (MacBookPro8%2C1)"
98.180.220.78 - - [17/Mar/2012:17:17:29 -0700] "GET / HTTP/1.1" 200 1430 "-" "Caffeinated/1.1 CFNetwork/520.3.2 Darwin/11.3.0 (x86_64) (MacBookPro8%2C1)"
98.180.220.78 - - [17/Mar/2012:17:17:29 -0700] "GET /favicon.ico HTTP/1.1" 404 142 "-" "Caffeinated/1.1 CFNetwork/520.3.2 Darwin/11.3.0 (x86_64) (MacBookPro8%2C1)"
98.180.220.78 - - [17/Mar/2012:17:17:32 -0700] "GET / HTTP/1.1" 200 1430 "-" "Caffeinated/1.1 CFNetwork/520.3.2 Darwin/11.3.0 (x86_64) (MacBookPro8%2C1)"
98.180.220.78 - - [17/Mar/2012:17:17:32 -0700] "GET /favicon.ico HTTP/1.1" 404 142 "-" "Caffeinated/1.1 CFNetwork/520.3.2 Darwin/11.3.0 (x86_64) (MacBookPro8%2C1)"
98.180.220.78 - - [17/Mar/2012:17:19:11 -0700] "GET / HTTP/1.1" 200 1430 "-" "Caffeinated/1.1 CFNetwork/520.3.2 Darwin/11.3.0 (x86_64) (MacBookPro8%2C1)"
98.180.220.78 - - [17/Mar/2012:17:19:11 -0700] "GET /favicon.ico HTTP/1.1" 404 142 "-" "Caffeinated/1.1 CFNetwork/520.3.2 Darwin/11.3.0 (x86_64) (MacBookPro8%2C1)"
98.180.220.78 - - [17/Mar/2012:17:19:13 -0700] "GET / HTTP/1.1" 200 1430 "-" "Caffeinated/1.1 CFNetwork/520.3.2 Darwin/11.3.0 (x86_64) (MacBookPro8%2C1)"
98.180.220.78 - - [17/Mar/2012:17:19:13 -0700] "GET /favicon.ico HTTP/1.1" 404 142 "-" "Caffeinated/1.1 CFNetwork/520.3.2 Darwin/11.3.0 (x86_64) (MacBookPro8%2C1)"
98.180.220.78 - - [17/Mar/2012:17:20:40 -0700] "GET / HTTP/1.1" 200 1430 "-" "Caffeinated/1.1 CFNetwork/520.3.2 Darwin/11.3.0 (x86_64) (MacBookPro8%2C1)"
98.180.220.78 - - [17/Mar/2012:17:20:40 -0700] "GET /favicon.ico HTTP/1.1" 404 142 "-" "Caffeinated/1.1 CFNetwork/520.3.2 Darwin/11.3.0 (x86_64) (MacBookPro8%2C1)"
98.180.220.78 - - [17/Mar/2012:17:20:42 -0700] "GET / HTTP/1.1" 200 1430 "-" "Caffeinated/1.1 CFNetwork/520.3.2 Darwin/11.3.0 (x86_64) (MacBookPro8%2C1)"
98.180.220.78 - - [17/Mar/2012:17:20:42 -0700] "GET /favicon.ico HTTP/1.1" 404 142 "-" "Caffeinated/1.1 CFNetwork/520.3.2 Darwin/11.3.0 (x86_64) (MacBookPro8%2C1)"
98.180.220.78 - - [17/Mar/2012:17:22:25 -0700] "GET / HTTP/1.1" 200 1430 "-" "Caffeinated/1.1 CFNetwork/520.3.2 Darwin/11.3.0 (x86_64) (MacBookPro8%2C1)"
98.180.220.78 - - [17/Mar/2012:17:22:25 -0700] "GET /favicon.ico HTTP/1.1" 404 142 "-" "Caffeinated/1.1 CFNetwork/520.3.2 Darwin/11.3.0 (x86_64) (MacBookPro8%2C1)"
98.180.220.78 - - [17/Mar/2012:17:22:28 -0700] "GET / HTTP/1.1" 200 1430 "-" "Caffeinated/1.1 CFNetwork/520.3.2 Darwin/11.3.0 (x86_64) (MacBookPro8%2C1)"
98.180.220.78 - - [17/Mar/2012:17:22:28 -0700] "GET /favicon.ico HTTP/1.1" 404 142 "-" "Caffeinated/1.1 CFNetwork/520.3.2 Darwin/11.3.0 (x86_64) (MacBookPro8%2C1)"
79.125.88.69 - - [17/Mar/2012:17:22:54 -0700] "GET /r/2z65 HTTP/1.1" 301 257 "-" "Mozilla/5.0 (Windows; U; Windows NT 5.1; rv:1.7.3) Gecko/20041001 Firefox/0.10.1"
79.125.88.69 - - [17/Mar/2012:17:22:54 -0700] "GET /s/ta/2z65/ HTTP/1.1" 302 733 "http://tawp.in/r/2z65" "Mozilla/5.0 (Windows; U; Windows NT 5.1; rv:1.7.3) Gecko/20041001 Firefox/0.10.1"
46.137.131.104 - - [17/Mar/2012:17:22:58 -0700] "GET /r/1hz8 HTTP/1.1" 301 257 "-" "Mozilla/5.0 (Windows; U; Windows NT 5.1; rv:1.7.3) Gecko/20041001 Firefox/0.10.1"
46.137.131.104 - - [17/Mar/2012:17:22:59 -0700] "GET /s/ta/1hz8/ HTTP/1.1" 302 361 "http://tawp.in/r/1hz8" "Mozilla/5.0 (Windows; U; Windows NT 5.1; rv:1.7.3) Gecko/20041001 Firefox/0.10.1"
98.180.220.78 - - [17/Mar/2012:17:24:28 -0700] "GET / HTTP/1.1" 200 1430 "-" "Caffeinated/1.1 CFNetwork/520.3.2 Darwin/11.3.0 (x86_64) (MacBookPro8%2C1)"
98.180.220.78 - - [17/Mar/2012:17:24:28 -0700] "GET /favicon.ico HTTP/1.1" 404 142 "-" "Caffeinated/1.1 CFNetwork/520.3.2 Darwin/11.3.0 (x86_64) (MacBookPro8%2C1)"
98.180.220.78 - - [17/Mar/2012:17:24:31 -0700] "GET / HTTP/1.1" 200 1430 "-" "Caffeinated/1.1 CFNetwork/520.3.2 Darwin/11.3.0 (x86_64) (MacBookPro8%2C1)"
98.180.220.78 - - [17/Mar/2012:17:24:31 -0700] "GET /favicon.ico HTTP/1.1" 404 142 "-" "Caffeinated/1.1 CFNetwork/520.3.2 Darwin/11.3.0 (x86_64) (MacBookPro8%2C1)"
98.180.220.78 - - [17/Mar/2012:17:26:11 -0700] "GET / HTTP/1.1" 200 1430 "-" "Caffeinated/1.1 CFNetwork/520.3.2 Darwin/11.3.0 (x86_64) (MacBookPro8%2C1)"
98.180.220.78 - - [17/Mar/2012:17:26:11 -0700] "GET /favicon.ico HTTP/1.1" 404 142 "-" "Caffeinated/1.1 CFNetwork/520.3.2 Darwin/11.3.0 (x86_64) (MacBookPro8%2C1)"
98.180.220.78 - - [17/Mar/2012:17:26:13 -0700] "GET / HTTP/1.1" 200 1430 "-" "Caffeinated/1.1 CFNetwork/520.3.2 Darwin/11.3.0 (x86_64) (MacBookPro8%2C1)"
98.180.220.78 - - [17/Mar/2012:17:26:13 -0700] "GET /favicon.ico HTTP/1.1" 404 142 "-" "Caffeinated/1.1 CFNetwork/520.3.2 Darwin/11.3.0 (x86_64) (MacBookPro8%2C1)"
98.180.220.78 - - [17/Mar/2012:17:27:41 -0700] "GET / HTTP/1.1" 200 1430 "-" "Caffeinated/1.1 CFNetwork/520.3.2 Darwin/11.3.0 (x86_64) (MacBookPro8%2C1)"
98.180.220.78 - - [17/Mar/2012:17:27:41 -0700] "GET /favicon.ico HTTP/1.1" 404 142 "-" "Caffeinated/1.1 CFNetwork/520.3.2 Darwin/11.3.0 (x86_64) (MacBookPro8%2C1)"
98.180.220.78 - - [17/Mar/2012:17:27:44 -0700] "GET / HTTP/1.1" 200 1430 "-" "Caffeinated/1.1 CFNetwork/520.3.2 Darwin/11.3.0 (x86_64) (MacBookPro8%2C1)"
98.180.220.78 - - [17/Mar/2012:17:27:44 -0700] "GET /favicon.ico HTTP/1.1" 404 142 "-" "Caffeinated/1.1 CFNetwork/520.3.2 Darwin/11.3.0 (x86_64) (MacBookPro8%2C1)"
85.17.88.169 - - [17/Mar/2012:17:28:49 -0700] "POST /blog/wp-cron.php?doing_wp_cron=1332030395 HTTP/1.0" 499 0 "-" "WordPress/3.3.1; http://yuvi.in/blog"
66.249.67.123 - - [17/Mar/2012:17:28:50 -0700] "GET /blog/page/10/ HTTP/1.1" 200 7103 "-" "Mozilla/5.0 (compatible; Googlebot/2.1; +http://www.google.com/bot.html)"
98.180.220.78 - - [17/Mar/2012:17:29:09 -0700] "GET / HTTP/1.1" 200 1430 "-" "Caffeinated/1.1 CFNetwork/520.3.2 Darwin/11.3.0 (x86_64) (MacBookPro8%2C1)"
98.180.220.78 - - [17/Mar/2012:17:29:09 -0700] "GET /favicon.ico HTTP/1.1" 404 142 "-" "Caffeinated/1.1 CFNetwork/520.3.2 Darwin/11.3.0 (x86_64) (MacBookPro8%2C1)"
98.180.220.78 - - [17/Mar/2012:17:29:13 -0700] "GET / HTTP/1.1" 200 1430 "-" "Caffeinated/1.1 CFNetwork/520.3.2 Darwin/11.3.0 (x86_64) (MacBookPro8%2C1)"
98.180.220.78 - - [17/Mar/2012:17:29:13 -0700] "GET /favicon.ico HTTP/1.1" 404 142 "-" "Caffeinated/1.1 CFNetwork/520.3.2 Darwin/11.3.0 (x86_64) (MacBookPro8%2C1)"
69.171.234.4 - - [17/Mar/2012:17:30:19 -0700] "GET /r/1ukb HTTP/1.1" 404 142 "-" "facebookexternalhit/1.1 (+http://www.facebook.com/externalhit_uatext.php)"
98.180.220.78 - - [17/Mar/2012:17:30:38 -0700] "GET / HTTP/1.1" 200 1430 "-" "Caffeinated/1.1 CFNetwork/520.3.2 Darwin/11.3.0 (x86_64) (MacBookPro8%2C1)"
98.180.220.78 - - [17/Mar/2012:17:30:38 -0700] "GET /favicon.ico HTTP/1.1" 404 142 "-" "Caffeinated/1.1 CFNetwork/520.3.2 Darwin/11.3.0 (x86_64) (MacBookPro8%2C1)"
98.180.220.78 - - [17/Mar/2012:17:30:40 -0700] "GET / HTTP/1.1" 200 1430 "-" "Caffeinated/1.1 CFNetwork/520.3.2 Darwin/11.3.0 (x86_64) (MacBookPro8%2C1)"
98.180.220.78 - - [17/Mar/2012:17:30:40 -0700] "GET /favicon.ico HTTP/1.1" 404 142 "-" "Caffeinated/1.1 CFNetwork/520.3.2 Darwin/11.3.0 (x86_64) (MacBookPro8%2C1)"
94.228.34.209 - - [17/Mar/2012:17:30:55 -0700] "GET /blog/serendipity.html HTTP/1.1" 304 0 "-" "magpie-crawler/1.1 (U; Linux amd64; en-GB; +http://www.brandwatch.net)"
98.180.220.78 - - [17/Mar/2012:17:32:30 -0700] "GET / HTTP/1.1" 200 1430 "-" "Caffeinated/1.1 CFNetwork/520.3.2 Darwin/11.3.0 (x86_64) (MacBookPro8%2C1)"
98.180.220.78 - - [17/Mar/2012:17:32:30 -0700] "GET /favicon.ico HTTP/1.1" 404 142 "-" "Caffeinated/1.1 CFNetwork/520.3.2 Darwin/11.3.0 (x86_64) (MacBookPro8%2C1)"
98.180.220.78 - - [17/Mar/2012:17:32:33 -0700] "GET / HTTP/1.1" 200 1430 "-" "Caffeinated/1.1 CFNetwork/520.3.2 Darwin/11.3.0 (x86_64) (MacBookPro8%2C1)"
98.180.220.78 - - [17/Mar/2012:17:32:33 -0700] "GET /favicon.ico HTTP/1.1" 404 142 "-" "Caffeinated/1.1 CFNetwork/520.3.2 Darwin/11.3.0 (x86_64) (MacBookPro8%2C1)"
98.180.220.78 - - [17/Mar/2012:17:34:13 -0700] "GET / HTTP/1.1" 200 1430 "-" "Caffeinated/1.1 CFNetwork/520.3.2 Darwin/11.3.0 (x86_64) (MacBookPro8%2C1)"
98.180.220.78 - - [17/Mar/2012:17:34:13 -0700] "GET /favicon.ico HTTP/1.1" 404 142 "-" "Caffeinated/1.1 CFNetwork/520.3.2 Darwin/11.3.0 (x86_64) (MacBookPro8%2C1)"
98.180.220.78 - - [17/Mar/2012:17:34:15 -0700] "GET / HTTP/1.1" 200 1430 "-" "Caffeinated/1.1 CFNetwork/520.3.2 Darwin/11.3.0 (x86_64) (MacBookPro8%2C1)"
98.180.220.78 - - [17/Mar/2012:17:34:15 -0700] "GET /favicon.ico HTTP/1.1" 404 142 "-" "Caffeinated/1.1 CFNetwork/520.3.2 Darwin/11.3.0 (x86_64) (MacBookPro8%2C1)"
69.171.229.246 - - [17/Mar/2012:17:34:38 -0700] "GET /r/eya HTTP/1.1" 301 255 "-" "facebookexternalhit/1.1 (+http://www.facebook.com/externalhit_uatext.php)"
69.171.229.248 - - [17/Mar/2012:17:34:38 -0700] "GET /s/ta/eya/ HTTP/1.1" 302 401 "-" "facebookexternalhit/1.1 (+http://www.facebook.com/externalhit_uatext.php)"
98.180.220.78 - - [17/Mar/2012:17:36:03 -0700] "GET / HTTP/1.1" 200 1430 "-" "Caffeinated/1.1 CFNetwork/520.3.2 Darwin/11.3.0 (x86_64) (MacBookPro8%2C1)"
98.180.220.78 - - [17/Mar/2012:17:36:03 -0700] "GET /favicon.ico HTTP/1.1" 404 142 "-" "Caffeinated/1.1 CFNetwork/520.3.2 Darwin/11.3.0 (x86_64) (MacBookPro8%2C1)"
98.180.220.78 - - [17/Mar/2012:17:36:07 -0700] "GET / HTTP/1.1" 200 1430 "-" "Caffeinated/1.1 CFNetwork/520.3.2 Darwin/11.3.0 (x86_64) (MacBookPro8%2C1)"
98.180.220.78 - - [17/Mar/2012:17:36:07 -0700] "GET /favicon.ico HTTP/1.1" 404 142 "-" "Caffeinated/1.1 CFNetwork/520.3.2 Darwin/11.3.0 (x86_64) (MacBookPro8%2C1)"
85.17.88.169 - - [17/Mar/2012:17:36:22 -0700] "POST /blog/wp-cron.php?doing_wp_cron=1332030848 HTTP/1.0" 499 0 "-" "WordPress/3.3.1; http://yuvi.in/blog"
66.249.67.123 - - [17/Mar/2012:17:36:22 -0700] "GET /blog/2011/08/11/ HTTP/1.1" 200 4461 "-" "Mozilla/5.0 (compatible; Googlebot/2.1; +http://www.google.com/bot.html)"
85.17.88.169 - - [17/Mar/2012:17:36:28 -0700] "POST /blog/wp-cron.php?doing_wp_cron=1332030854 HTTP/1.0" 499 0 "-" "WordPress/3.3.1; http://yuvi.in/blog"
209.85.224.98 - - [17/Mar/2012:17:36:28 -0700] "GET /blog/feed HTTP/1.1" 304 0 "-" "FeedBurner/1.0 (http://www.FeedBurner.com)"
98.180.220.78 - - [17/Mar/2012:17:38:07 -0700] "GET / HTTP/1.1" 200 1430 "-" "Caffeinated/1.1 CFNetwork/520.3.2 Darwin/11.3.0 (x86_64) (MacBookPro8%2C1)"
98.180.220.78 - - [17/Mar/2012:17:38:07 -0700] "GET /favicon.ico HTTP/1.1" 404 142 "-" "Caffeinated/1.1 CFNetwork/520.3.2 Darwin/11.3.0 (x86_64) (MacBookPro8%2C1)"
98.180.220.78 - - [17/Mar/2012:17:38:10 -0700] "GET / HTTP/1.1" 200 1430 "-" "Caffeinated/1.1 CFNetwork/520.3.2 Darwin/11.3.0 (x86_64) (MacBookPro8%2C1)"
98.180.220.78 - - [17/Mar/2012:17:38:10 -0700] "GET /favicon.ico HTTP/1.1" 404 142 "-" "Caffeinated/1.1 CFNetwork/520.3.2 Darwin/11.3.0 (x86_64) (MacBookPro8%2C1)"
98.180.220.78 - - [17/Mar/2012:17:39:56 -0700] "GET / HTTP/1.1" 200 1430 "-" "Caffeinated/1.1 CFNetwork/520.3.2 Darwin/11.3.0 (x86_64) (MacBookPro8%2C1)"
98.180.220.78 - - [17/Mar/2012:17:39:56 -0700] "GET /favicon.ico HTTP/1.1" 404 142 "-" "Caffeinated/1.1 CFNetwork/520.3.2 Darwin/11.3.0 (x86_64) (MacBookPro8%2C1)"
98.180.220.78 - - [17/Mar/2012:17:39:59 -0700] "GET / HTTP/1.1" 200 1430 "-" "Caffeinated/1.1 CFNetwork/520.3.2 Darwin/11.3.0 (x86_64) (MacBookPro8%2C1)"
98.180.220.78 - - [17/Mar/2012:17:39:59 -0700] "GET /favicon.ico HTTP/1.1" 404 142 "-" "Caffeinated/1.1 CFNetwork/520.3.2 Darwin/11.3.0 (x86_64) (MacBookPro8%2C1)"
98.180.220.78 - - [17/Mar/2012:17:41:28 -0700] "GET / HTTP/1.1" 200 1430 "-" "Caffeinated/1.1 CFNetwork/520.3.2 Darwin/11.3.0 (x86_64) (MacBookPro8%2C1)"
98.180.220.78 - - [17/Mar/2012:17:41:28 -0700] "GET /favicon.ico HTTP/1.1" 404 142 "-" "Caffeinated/1.1 CFNetwork/520.3.2 Darwin/11.3.0 (x86_64) (MacBookPro8%2C1)"
98.180.220.78 - - [17/Mar/2012:17:41:30 -0700] "GET / HTTP/1.1" 200 1430 "-" "Caffeinated/1.1 CFNetwork/520.3.2 Darwin/11.3.0 (x86_64) (MacBookPro8%2C1)"
98.180.220.78 - - [17/Mar/2012:17:41:30 -0700] "GET /favicon.ico HTTP/1.1" 404 142 "-" "Caffeinated/1.1 CFNetwork/520.3.2 Darwin/11.3.0 (x86_64) (MacBookPro8%2C1)"
85.17.88.169 - - [17/Mar/2012:17:43:12 -0700] "POST /blog/wp-cron.php?doing_wp_cron=1332031258 HTTP/1.0" 499 0 "-" "WordPress/3.3.1; http://yuvi.in/blog"
207.46.204.188 - - [17/Mar/2012:17:43:13 -0700] "GET /blog/first-binary-dream/ HTTP/1.1" 200 4845 "-" "Mozilla/5.0 (compatible; bingbot/2.0; +http://www.bing.com/bingbot.htm)"
98.180.220.78 - - [17/Mar/2012:17:43:27 -0700] "GET / HTTP/1.1" 200 1430 "-" "Caffeinated/1.1 CFNetwork/520.3.2 Darwin/11.3.0 (x86_64) (MacBookPro8%2C1)"
98.180.220.78 - - [17/Mar/2012:17:43:27 -0700] "GET /favicon.ico HTTP/1.1" 404 142 "-" "Caffeinated/1.1 CFNetwork/520.3.2 Darwin/11.3.0 (x86_64) (MacBookPro8%2C1)"
98.180.220.78 - - [17/Mar/2012:17:43:31 -0700] "GET / HTTP/1.1" 200 1430 "-" "Caffeinated/1.1 CFNetwork/520.3.2 Darwin/11.3.0 (x86_64) (MacBookPro8%2C1)"
98.180.220.78 - - [17/Mar/2012:17:43:31 -0700] "GET /favicon.ico HTTP/1.1" 404 142 "-" "Caffeinated/1.1 CFNetwork/520.3.2 Darwin/11.3.0 (x86_64) (MacBookPro8%2C1)"
85.17.88.169 - - [17/Mar/2012:17:43:55 -0700] "POST /blog/wp-cron.php?doing_wp_cron=1332031301 HTTP/1.0" 499 0 "-" "WordPress/3.3.1; http://yuvi.in/blog"
66.249.67.123 - - [17/Mar/2012:17:43:55 -0700] "GET /blog/passing-headers-proxying-nginx/ HTTP/1.1" 200 4633 "-" "Mozilla/5.0 (compatible; Googlebot/2.1; +http://www.google.com/bot.html)"
117.193.64.246 - - [17/Mar/2012:17:44:44 -0700] "-" 400 0 "-" "-"
98.180.220.78 - - [17/Mar/2012:17:45:18 -0700] "GET / HTTP/1.1" 200 1430 "-" "Caffeinated/1.1 CFNetwork/520.3.2 Darwin/11.3.0 (x86_64) (MacBookPro8%2C1)"
98.180.220.78 - - [17/Mar/2012:17:45:18 -0700] "GET /favicon.ico HTTP/1.1" 404 142 "-" "Caffeinated/1.1 CFNetwork/520.3.2 Darwin/11.3.0 (x86_64) (MacBookPro8%2C1)"
98.180.220.78 - - [17/Mar/2012:17:45:21 -0700] "GET / HTTP/1.1" 200 1430 "-" "Caffeinated/1.1 CFNetwork/520.3.2 Darwin/11.3.0 (x86_64) (MacBookPro8%2C1)"
98.180.220.78 - - [17/Mar/2012:17:45:21 -0700] "GET /favicon.ico HTTP/1.1" 404 142 "-" "Caffeinated/1.1 CFNetwork/520.3.2 Darwin/11.3.0 (x86_64) (MacBookPro8%2C1)"
184.73.121.22 - - [17/Mar/2012:17:45:24 -0700] "GET /robots.txt HTTP/1.1" 404 142 "-" "Mozilla/5.0 (Macintosh; U; Intel Mac OS X 10.6; en-US; rv:1.9.2) Gecko/20100115 Firefox/3.6 (FlipboardProxy/1.1; +http://flipboard.com/browserproxy)"
85.17.88.169 - - [17/Mar/2012:17:45:27 -0700] "POST /blog/wp-cron.php?doing_wp_cron=1332031393 HTTP/1.0" 499 0 "-" "WordPress/3.3.1; http://yuvi.in/blog"
85.17.88.169 - - [17/Mar/2012:17:45:27 -0700] "POST /blog/wp-cron.php?doing_wp_cron=1332031393 HTTP/1.0" 499 0 "-" "WordPress/3.3.1; http://yuvi.in/blog"
174.129.174.142 - - [17/Mar/2012:17:45:27 -0700] "GET /blog/sleepsort-4chan/ HTTP/1.1" 200 4445 "-" "Mozilla/5.0 (Macintosh; U; Intel Mac OS X 10.6; en-US; rv:1.9.2) Gecko/20100115 Firefox/3.6 (FlipboardProxy/1.1; +http://flipboard.com/browserproxy)"
184.73.121.22 - - [17/Mar/2012:17:45:27 -0700] "GET /blog/what-stop-child-athiest/ HTTP/1.1" 200 5573 "-" "Mozilla/5.0 (Macintosh; U; Intel Mac OS X 10.6; en-US; rv:1.9.2) Gecko/20100115 Firefox/3.6 (FlipboardProxy/1.1; +http://flipboard.com/browserproxy)"
184.72.209.175 - - [17/Mar/2012:17:45:27 -0700] "GET /robots.txt HTTP/1.1" 404 169 "-" "Mozilla/5.0 (Macintosh; U; Intel Mac OS X 10.6; en-US; rv:1.9.2) Gecko/20100115 Firefox/3.6 (FlipboardProxy/0.0.5; +http://flipboard.com/browserproxy)"
50.16.82.212 - - [17/Mar/2012:17:45:27 -0700] "GET /robots.txt HTTP/1.1" 404 169 "-" "Mozilla/5.0 (Macintosh; U; Intel Mac OS X 10.6; en-US; rv:1.9.2) Gecko/20100115 Firefox/3.6 (FlipboardProxy/0.0.5; +http://flipboard.com/browserproxy)"
207.46.12.73 - - [17/Mar/2012:17:47:04 -0700] "-" 400 0 "-" "-"
85.17.88.169 - - [17/Mar/2012:17:47:04 -0700] "POST /blog/wp-cron.php?doing_wp_cron=1332031490 HTTP/1.0" 499 0 "-" "WordPress/3.3.1; http://yuvi.in/blog"
207.46.12.73 - - [17/Mar/2012:17:47:04 -0700] "-" 400 0 "-" "-"
101.226.33.182 - - [17/Mar/2012:17:47:04 -0700] "GET /blog/feed HTTP/1.0" 304 0 "-" "Mozilla/4.0 (compatible; Windows;)"
207.46.12.73 - - [17/Mar/2012:17:47:04 -0700] "-" 400 0 "-" "-"
207.46.12.73 - - [17/Mar/2012:17:47:05 -0700] "-" 400 0 "-" "-"
207.46.12.73 - - [17/Mar/2012:17:47:05 -0700] "-" 400 0 "-" "-"
207.46.12.73 - - [17/Mar/2012:17:47:05 -0700] "-" 400 0 "-" "-"
207.46.12.73 - - [17/Mar/2012:17:47:05 -0700] "-" 400 0 "-" "-"
207.46.12.73 - - [17/Mar/2012:17:47:05 -0700] "-" 400 0 "-" "-"
207.46.12.73 - - [17/Mar/2012:17:47:05 -0700] "-" 400 0 "-" "-"
207.46.12.73 - - [17/Mar/2012:17:47:05 -0700] "-" 400 0 "-" "-"
98.180.220.78 - - [17/Mar/2012:17:47:25 -0700] "GET / HTTP/1.1" 200 1430 "-" "Caffeinated/1.1 CFNetwork/520.3.2 Darwin/11.3.0 (x86_64) (MacBookPro8%2C1)"
98.180.220.78 - - [17/Mar/2012:17:47:25 -0700] "GET /favicon.ico HTTP/1.1" 404 142 "-" "Caffeinated/1.1 CFNetwork/520.3.2 Darwin/11.3.0 (x86_64) (MacBookPro8%2C1)"
98.180.220.78 - - [17/Mar/2012:17:47:29 -0700] "GET / HTTP/1.1" 200 1430 "-" "Caffeinated/1.1 CFNetwork/520.3.2 Darwin/11.3.0 (x86_64) (MacBookPro8%2C1)"
98.180.220.78 - - [17/Mar/2012:17:47:29 -0700] "GET /favicon.ico HTTP/1.1" 404 142 "-" "Caffeinated/1.1 CFNetwork/520.3.2 Darwin/11.3.0 (x86_64) (MacBookPro8%2C1)"
188.223.12.143 - - [17/Mar/2012:17:49:01 -0700] "GET / HTTP/1.1" 200 1430 "-" "Reeder/1.5.5 CFNetwork/548.1.4 Darwin/11.0.0"
188.223.12.143 - - [17/Mar/2012:17:49:02 -0700] "GET /favicon.ico HTTP/1.1" 404 142 "-" "Reeder/1.5.5 CFNetwork/548.1.4 Darwin/11.0.0"
188.223.12.143 - - [17/Mar/2012:17:49:02 -0700] "GET /apple-touch-icon.png HTTP/1.1" 404 142 "-" "Reeder/1.5.5 CFNetwork/548.1.4 Darwin/11.0.0"
188.223.12.143 - - [17/Mar/2012:17:49:02 -0700] "GET /apple-touch-icon-precomposed.png HTTP/1.1" 404 142 "-" "Reeder/1.5.5 CFNetwork/548.1.4 Darwin/11.0.0"
98.180.220.78 - - [17/Mar/2012:17:49:20 -0700] "GET / HTTP/1.1" 200 1430 "-" "Caffeinated/1.1 CFNetwork/520.3.2 Darwin/11.3.0 (x86_64) (MacBookPro8%2C1)"
98.180.220.78 - - [17/Mar/2012:17:49:20 -0700] "GET /favicon.ico HTTP/1.1" 404 142 "-" "Caffeinated/1.1 CFNetwork/520.3.2 Darwin/11.3.0 (x86_64) (MacBookPro8%2C1)"
98.180.220.78 - - [17/Mar/2012:17:49:24 -0700] "GET / HTTP/1.1" 200 1430 "-" "Caffeinated/1.1 CFNetwork/520.3.2 Darwin/11.3.0 (x86_64) (MacBookPro8%2C1)"
98.180.220.78 - - [17/Mar/2012:17:49:24 -0700] "GET /favicon.ico HTTP/1.1" 404 142 "-" "Caffeinated/1.1 CFNetwork/520.3.2 Darwin/11.3.0 (x86_64) (MacBookPro8%2C1)"
85.17.88.169 - - [17/Mar/2012:17:50:40 -0700] "POST /blog/wp-cron.php?doing_wp_cron=1332031706 HTTP/1.0" 499 0 "-" "WordPress/3.3.1; http://yuvi.in/blog"
177.97.71.114 - - [17/Mar/2012:17:50:41 -0700] "GET /blog/category/personal/ HTTP/1.1" 200 46050 "-" "Mozilla/5.0 (compatible; Googlebot/2.1; +http://www.google.com/bot.html)"
98.180.220.78 - - [17/Mar/2012:17:50:58 -0700] "GET / HTTP/1.1" 200 1430 "-" "Caffeinated/1.1 CFNetwork/520.3.2 Darwin/11.3.0 (x86_64) (MacBookPro8%2C1)"
98.180.220.78 - - [17/Mar/2012:17:50:59 -0700] "GET /favicon.ico HTTP/1.1" 404 142 "-" "Caffeinated/1.1 CFNetwork/520.3.2 Darwin/11.3.0 (x86_64) (MacBookPro8%2C1)"
98.180.220.78 - - [17/Mar/2012:17:51:02 -0700] "GET / HTTP/1.1" 200 1430 "-" "Caffeinated/1.1 CFNetwork/520.3.2 Darwin/11.3.0 (x86_64) (MacBookPro8%2C1)"
98.180.220.78 - - [17/Mar/2012:17:51:02 -0700] "GET /favicon.ico HTTP/1.1" 404 142 "-" "Caffeinated/1.1 CFNetwork/520.3.2 Darwin/11.3.0 (x86_64) (MacBookPro8%2C1)"
98.180.220.78 - - [17/Mar/2012:17:52:45 -0700] "GET / HTTP/1.1" 200 1430 "-" "Caffeinated/1.1 CFNetwork/520.3.2 Darwin/11.3.0 (x86_64) (MacBookPro8%2C1)"
98.180.220.78 - - [17/Mar/2012:17:52:46 -0700] "GET /favicon.ico HTTP/1.1" 404 142 "-" "Caffeinated/1.1 CFNetwork/520.3.2 Darwin/11.3.0 (x86_64) (MacBookPro8%2C1)"
98.180.220.78 - - [17/Mar/2012:17:52:48 -0700] "GET / HTTP/1.1" 200 1430 "-" "Caffeinated/1.1 CFNetwork/520.3.2 Darwin/11.3.0 (x86_64) (MacBookPro8%2C1)"
98.180.220.78 - - [17/Mar/2012:17:52:48 -0700] "GET /favicon.ico HTTP/1.1" 404 142 "-" "Caffeinated/1.1 CFNetwork/520.3.2 Darwin/11.3.0 (x86_64) (MacBookPro8%2C1)"
85.17.88.169 - - [17/Mar/2012:17:54:17 -0700] "POST /blog/wp-cron.php?doing_wp_cron=1332031924 HTTP/1.0" 499 0 "-" "WordPress/3.3.1; http://yuvi.in/blog"
177.67.96.245 - - [17/Mar/2012:17:54:18 -0700] "GET /blog/program/ HTTP/1.1" 200 27143 "-" "Mozilla/5.0 (compatible; Googlebot/2.1; +http://www.google.com/bot.html)"
98.180.220.78 - - [17/Mar/2012:17:54:24 -0700] "GET / HTTP/1.1" 200 1430 "-" "Caffeinated/1.1 CFNetwork/520.3.2 Darwin/11.3.0 (x86_64) (MacBookPro8%2C1)"
98.180.220.78 - - [17/Mar/2012:17:54:24 -0700] "GET /favicon.ico HTTP/1.1" 404 142 "-" "Caffeinated/1.1 CFNetwork/520.3.2 Darwin/11.3.0 (x86_64) (MacBookPro8%2C1)"
98.180.220.78 - - [17/Mar/2012:17:54:28 -0700] "GET / HTTP/1.1" 200 1430 "-" "Caffeinated/1.1 CFNetwork/520.3.2 Darwin/11.3.0 (x86_64) (MacBookPro8%2C1)"
98.180.220.78 - - [17/Mar/2012:17:54:28 -0700] "GET /favicon.ico HTTP/1.1" 404 142 "-" "Caffeinated/1.1 CFNetwork/520.3.2 Darwin/11.3.0 (x86_64) (MacBookPro8%2C1)"
98.180.220.78 - - [17/Mar/2012:17:56:02 -0700] "GET / HTTP/1.1" 200 1430 "-" "Caffeinated/1.1 CFNetwork/520.3.2 Darwin/11.3.0 (x86_64) (MacBookPro8%2C1)"
98.180.220.78 - - [17/Mar/2012:17:56:03 -0700] "GET /favicon.ico HTTP/1.1" 404 142 "-" "Caffeinated/1.1 CFNetwork/520.3.2 Darwin/11.3.0 (x86_64) (MacBookPro8%2C1)"
98.180.220.78 - - [17/Mar/2012:17:56:05 -0700] "GET / HTTP/1.1" 200 1430 "-" "Caffeinated/1.1 CFNetwork/520.3.2 Darwin/11.3.0 (x86_64) (MacBookPro8%2C1)"
98.180.220.78 - - [17/Mar/2012:17:56:06 -0700] "GET /favicon.ico HTTP/1.1" 404 142 "-" "Caffeinated/1.1 CFNetwork/520.3.2 Darwin/11.3.0 (x86_64) (MacBookPro8%2C1)"
98.180.220.78 - - [17/Mar/2012:17:57:39 -0700] "GET / HTTP/1.1" 200 1430 "-" "Caffeinated/1.1 CFNetwork/520.3.2 Darwin/11.3.0 (x86_64) (MacBookPro8%2C1)"
98.180.220.78 - - [17/Mar/2012:17:57:39 -0700] "GET /favicon.ico HTTP/1.1" 404 142 "-" "Caffeinated/1.1 CFNetwork/520.3.2 Darwin/11.3.0 (x86_64) (MacBookPro8%2C1)"
98.180.220.78 - - [17/Mar/2012:17:57:42 -0700] "GET / HTTP/1.1" 200 1430 "-" "Caffeinated/1.1 CFNetwork/520.3.2 Darwin/11.3.0 (x86_64) (MacBookPro8%2C1)"
98.180.220.78 - - [17/Mar/2012:17:57:42 -0700] "GET /favicon.ico HTTP/1.1" 404 142 "-" "Caffeinated/1.1 CFNetwork/520.3.2 Darwin/11.3.0 (x86_64) (MacBookPro8%2C1)"
85.17.88.169 - - [17/Mar/2012:17:59:11 -0700] "POST /blog/wp-cron.php?doing_wp_cron=1332032217 HTTP/1.0" 499 0 "-" "WordPress/3.3.1; http://yuvi.in/blog"
66.249.67.123 - - [17/Mar/2012:17:59:11 -0700] "GET /blog/tag/atleast-not-yet/ HTTP/1.1" 200 3888 "-" "Mozilla/5.0 (compatible; Googlebot/2.1; +http://www.google.com/bot.html)"
98.180.220.78 - - [17/Mar/2012:17:59:45 -0700] "GET / HTTP/1.1" 200 1430 "-" "Caffeinated/1.1 CFNetwork/520.3.2 Darwin/11.3.0 (x86_64) (MacBookPro8%2C1)"
98.180.220.78 - - [17/Mar/2012:17:59:45 -0700] "GET /favicon.ico HTTP/1.1" 404 142 "-" "Caffeinated/1.1 CFNetwork/520.3.2 Darwin/11.3.0 (x86_64) (MacBookPro8%2C1)"
98.180.220.78 - - [17/Mar/2012:17:59:49 -0700] "GET / HTTP/1.1" 200 1430 "-" "Caffeinated/1.1 CFNetwork/520.3.2 Darwin/11.3.0 (x86_64) (MacBookPro8%2C1)"
98.180.220.78 - - [17/Mar/2012:17:59:49 -0700] "GET /favicon.ico HTTP/1.1" 404 142 "-" "Caffeinated/1.1 CFNetwork/520.3.2 Darwin/11.3.0 (x86_64) (MacBookPro8%2C1)"
85.17.88.169 - - [17/Mar/2012:18:05:14 -0700] "POST /blog/wp-cron.php?doing_wp_cron=1332032579 HTTP/1.0" 499 0 "-" "WordPress/3.3.1; http://yuvi.in/blog"
209.85.238.115 - - [17/Mar/2012:18:05:14 -0700] "GET /blog/feed HTTP/1.1" 301 0 "-" "Feedfetcher-Google; (+http://www.google.com/feedfetcher.html; 3 subscribers; feed-id=17684830852112633560)"
85.17.88.169 - - [17/Mar/2012:18:05:16 -0700] "POST /blog/wp-cron.php?doing_wp_cron=1332032582 HTTP/1.0" 499 0 "-" "WordPress/3.3.1; http://yuvi.in/blog"
209.85.238.115 - - [17/Mar/2012:18:05:17 -0700] "GET /blog/feed/ HTTP/1.1" 304 0 "-" "Feedfetcher-Google; (+http://www.google.com/feedfetcher.html; 3 subscribers; feed-id=17684830852112633560)"
100.43.83.144 - - [17/Mar/2012:18:05:39 -0700] "GET /robots.txt HTTP/1.1" 404 169 "-" "Mozilla/5.0 (compatible; YandexBot/3.0; +http://yandex.com/bots)"
85.17.88.169 - - [17/Mar/2012:18:05:43 -0700] "POST /blog/wp-cron.php?doing_wp_cron=1332032609 HTTP/1.0" 499 0 "-" "WordPress/3.3.1; http://yuvi.in/blog"
100.43.83.144 - - [17/Mar/2012:18:05:44 -0700] "GET /blog/tag/flipkart/ HTTP/1.1" 200 4691 "-" "Mozilla/5.0 (compatible; YandexBot/3.0; +http://yandex.com/bots)"
85.17.88.169 - - [17/Mar/2012:18:06:36 -0700] "POST /blog/wp-cron.php?doing_wp_cron=1332032662 HTTP/1.0" 499 0 "-" "WordPress/3.3.1; http://yuvi.in/blog"
209.85.224.81 - - [17/Mar/2012:18:06:36 -0700] "GET /blog/feed HTTP/1.1" 304 0 "-" "FeedBurner/1.0 (http://www.FeedBurner.com)"
66.249.68.52 - - [17/Mar/2012:18:09:12 -0700] "GET /robots.txt HTTP/1.1" 404 211 "-" "Mozilla/5.0 (compatible; Googlebot/2.1; +http://www.google.com/bot.html)"
66.249.68.52 - - [17/Mar/2012:18:09:12 -0700] "GET /r/4zr HTTP/1.1" 301 255 "-" "Mozilla/5.0 (compatible; Googlebot/2.1; +http://www.google.com/bot.html)"
66.249.68.52 - - [17/Mar/2012:18:09:13 -0700] "GET /s/ta/4zr/ HTTP/1.1" 302 421 "-" "Mozilla/5.0 (compatible; Googlebot/2.1; +http://www.google.com/bot.html)"
188.223.12.143 - - [17/Mar/2012:18:09:49 -0700] "GET / HTTP/1.1" 200 1430 "-" "Reeder/1.5.5 CFNetwork/548.1.4 Darwin/11.0.0"
188.223.12.143 - - [17/Mar/2012:18:09:49 -0700] "GET /favicon.ico HTTP/1.1" 404 142 "-" "Reeder/1.5.5 CFNetwork/548.1.4 Darwin/11.0.0"
188.223.12.143 - - [17/Mar/2012:18:09:49 -0700] "GET /apple-touch-icon.png HTTP/1.1" 404 142 "-" "Reeder/1.5.5 CFNetwork/548.1.4 Darwin/11.0.0"
188.223.12.143 - - [17/Mar/2012:18:09:50 -0700] "GET /apple-touch-icon-precomposed.png HTTP/1.1" 404 142 "-" "Reeder/1.5.5 CFNetwork/548.1.4 Darwin/11.0.0"
66.249.68.52 - - [17/Mar/2012:18:10:15 -0700] "GET /s/ta/1zhj/ HTTP/1.1" 302 443 "-" "Mozilla/5.0 (compatible; Googlebot/2.1; +http://www.google.com/bot.html)"
41.224.229.144 - - [17/Mar/2012:18:10:43 -0700] "-" 400 0 "-" "-"
41.224.229.144 - - [17/Mar/2012:18:10:43 -0700] "-" 400 0 "-" "-"
117.193.66.5 - - [17/Mar/2012:18:10:49 -0700] "-" 400 0 "-" "-"
85.17.88.169 - - [17/Mar/2012:18:10:51 -0700] "POST /blog/wp-cron.php?doing_wp_cron=1332032917 HTTP/1.0" 499 0 "-" "WordPress/3.3.1; http://yuvi.in/blog"
180.76.5.187 - - [17/Mar/2012:18:10:52 -0700] "GET /blog/?p=18 HTTP/1.1" 301 0 "-" "Mozilla/5.0 (compatible; Baiduspider/2.0; +http://www.baidu.com/search/spider.html)"
85.17.88.169 - - [17/Mar/2012:18:10:54 -0700] "POST /blog/wp-cron.php?doing_wp_cron=1332032920 HTTP/1.0" 499 0 "-" "WordPress/3.3.1; http://yuvi.in/blog"
180.76.5.159 - - [17/Mar/2012:18:10:54 -0700] "GET /blog/block-cursor-vs-post-cursor-gvim-vs-emacs/ HTTP/1.1" 200 4692 "-" "Mozilla/5.0 (compatible; Baiduspider/2.0; +http://www.baidu.com/search/spider.html)"
207.46.204.213 - - [17/Mar/2012:18:13:00 -0700] "-" 400 0 "-" "-"
207.46.204.213 - - [17/Mar/2012:18:13:01 -0700] "-" 400 0 "-" "-"
207.46.204.213 - - [17/Mar/2012:18:13:01 -0700] "-" 400 0 "-" "-"
207.46.204.213 - - [17/Mar/2012:18:13:01 -0700] "-" 400 0 "-" "-"
207.46.204.213 - - [17/Mar/2012:18:13:01 -0700] "-" 400 0 "-" "-"
207.46.204.213 - - [17/Mar/2012:18:13:01 -0700] "-" 400 0 "-" "-"
207.46.204.213 - - [17/Mar/2012:18:13:01 -0700] "-" 400 0 "-" "-"
207.46.204.213 - - [17/Mar/2012:18:13:01 -0700] "-" 400 0 "-" "-"
207.46.204.213 - - [17/Mar/2012:18:13:01 -0700] "-" 400 0 "-" "-"
209.85.224.96 - - [17/Mar/2012:18:13:35 -0700] "GET /stories/feed HTTP/1.1" 200 13653 "-" "FeedBurner/1.0 (http://www.FeedBurner.com)"
207.46.204.213 - - [17/Mar/2012:18:13:42 -0700] "-" 400 0 "-" "-"
207.46.204.213 - - [17/Mar/2012:18:13:42 -0700] "-" 400 0 "-" "-"
117.193.66.5 - - [17/Mar/2012:18:13:58 -0700] "-" 400 0 "-" "-"
119.63.196.94 - - [17/Mar/2012:18:16:11 -0700] "GET /blog/cheese-gsoc-report-week-1.html HTTP/1.1" 200 2800 "-" "Mozilla/5.0 (compatible; Baiduspider/2.0; +http://www.baidu.com/search/spider.html)"
66.249.68.52 - - [17/Mar/2012:18:17:49 -0700] "GET /r/2tz3 HTTP/1.1" 301 257 "-" "Mozilla/5.0 (compatible; Googlebot/2.1; +http://www.google.com/bot.html)"
66.249.68.52 - - [17/Mar/2012:18:17:50 -0700] "GET /s/ta/2tz3/ HTTP/1.1" 302 337 "-" "Mozilla/5.0 (compatible; Googlebot/2.1; +http://www.google.com/bot.html)"
41.224.229.144 - - [17/Mar/2012:18:18:13 -0700] "-" 400 0 "-" "-"
41.224.229.144 - - [17/Mar/2012:18:18:13 -0700] "-" 400 0 "-" "-"
41.224.229.144 - - [17/Mar/2012:18:18:13 -0700] "-" 400 0 "-" "-"
41.224.229.144 - - [17/Mar/2012:18:18:13 -0700] "-" 400 0 "-" "-"
41.224.229.144 - - [17/Mar/2012:18:18:13 -0700] "-" 400 0 "-" "-"
41.224.229.144 - - [17/Mar/2012:18:18:13 -0700] "-" 400 0 "-" "-"
69.171.224.244 - - [17/Mar/2012:18:18:35 -0700] "GET /r/252 HTTP/1.1" 301 255 "-" "facebookexternalhit/1.1 (+http://www.facebook.com/externalhit_uatext.php)"
69.171.224.250 - - [17/Mar/2012:18:18:35 -0700] "GET /s/ta/252/ HTTP/1.1" 302 461 "-" "facebookexternalhit/1.1 (+http://www.facebook.com/externalhit_uatext.php)"
130.83.167.153 - - [17/Mar/2012:18:19:20 -0700] "GET /stories/tag/black.html HTTP/1.1" 200 2280 "-" "findlinks/2.1.5 (+http://wortschatz.uni-leipzig.de/findlinks/)"
85.17.88.169 - - [17/Mar/2012:18:22:43 -0700] "POST /blog/wp-cron.php?doing_wp_cron=1332033629 HTTP/1.0" 499 0 "-" "WordPress/3.3.1; http://yuvi.in/blog"
207.46.204.218 - - [17/Mar/2012:18:24:50 -0700] "-" 400 0 "-" "-"
207.46.204.218 - - [17/Mar/2012:18:24:51 -0700] "-" 400 0 "-" "-"
207.46.204.218 - - [17/Mar/2012:18:24:51 -0700] "-" 400 0 "-" "-"
207.46.204.218 - - [17/Mar/2012:18:24:51 -0700] "-" 400 0 "-" "-"
207.46.204.218 - - [17/Mar/2012:18:24:52 -0700] "-" 400 0 "-" "-"
207.46.204.218 - - [17/Mar/2012:18:24:54 -0700] "-" 400 0 "-" "-"
207.46.204.218 - - [17/Mar/2012:18:24:54 -0700] "-" 400 0 "-" "-"
207.46.204.218 - - [17/Mar/2012:18:24:55 -0700] "-" 400 0 "-" "-"
207.46.204.218 - - [17/Mar/2012:18:24:55 -0700] "-" 400 0 "-" "-"
207.46.204.218 - - [17/Mar/2012:18:24:55 -0700] "-" 400 0 "-" "-"
123.236.74.154 - - [17/Mar/2012:18:25:19 -0700] "-" 400 0 "-" "-"
123.236.74.154 - - [17/Mar/2012:18:25:19 -0700] "-" 400 0 "-" "-"
207.46.204.218 - - [17/Mar/2012:18:25:40 -0700] "-" 400 0 "-" "-"
117.213.88.177 - - [17/Mar/2012:18:26:57 -0700] "-" 400 0 "-" "-"
65.52.109.26 - - [17/Mar/2012:18:27:43 -0700] "GET /robots.txt HTTP/1.1" 404 169 "-" "Mozilla/5.0 (compatible; bingbot/2.0; +http://www.bing.com/bingbot.htm)"
85.17.88.169 - - [17/Mar/2012:18:28:08 -0700] "POST /blog/wp-cron.php?doing_wp_cron=1332033953 HTTP/1.0" 499 0 "-" "WordPress/3.3.1; http://yuvi.in/blog"
65.52.109.26 - - [17/Mar/2012:18:28:08 -0700] "GET /blog/2010/06/ HTTP/1.1" 200 5809 "-" "Mozilla/5.0 (compatible; bingbot/2.0; +http://www.bing.com/bingbot.htm)"
8.28.16.254 - - [17/Mar/2012:18:28:54 -0700] "GET /r/oat HTTP/1.1" 301 255 "-" "Mozilla/4.0 (compatible; MSIE 7.0; Windows NT 5.1; InfoPath.1; .NET CLR 2.0.50727; .NET CLR 1.1.4322; MS-RTC LM 8; .NET CLR 3.0.4506.2152; .NET CLR 3.5.30729)"
8.28.16.254 - - [17/Mar/2012:18:28:54 -0700] "GET /s/ta/oat/ HTTP/1.1" 302 473 "-" "Mozilla/4.0 (compatible; MSIE 7.0; Windows NT 5.1; InfoPath.1; .NET CLR 2.0.50727; .NET CLR 1.1.4322; MS-RTC LM 8; .NET CLR 3.0.4506.2152; .NET CLR 3.5.30729)"
