78.101.98.26 - - [09/Mar/2012:13:10:55 -0800] "GET /r/1uxi HTTP/1.1" 301 257 "-" "Mozilla/5.0 (Windows NT 6.0; rv:10.0.2) Gecko/20100101 Firefox/10.0.2"
78.101.98.26 - - [09/Mar/2012:13:10:56 -0800] "GET /s/ta/1uxi/ HTTP/1.1" 302 425 "-" "Mozilla/5.0 (Windows NT 6.0; rv:10.0.2) Gecko/20100101 Firefox/10.0.2"
78.101.98.26 - - [09/Mar/2012:13:11:00 -0800] "-" 400 0 "-" "-"
85.17.88.169 - - [09/Mar/2012:13:12:02 -0800] "POST /blog/wp-cron.php?doing_wp_cron=1331327453 HTTP/1.0" 499 0 "-" "WordPress/3.3.1; http://yuvi.in/blog"
66.249.72.132 - - [09/Mar/2012:13:12:02 -0800] "GET /blog/devlog-december-21-2011/?cf_action=sync_comments&post_id=372 HTTP/1.1" 200 48 "http://yuvi.in/blog/devlog-december-21-2011/" "Mozilla/5.0 (compatible; Googlebot/2.1; +http://www.google.com/bot.html)"
85.17.88.169 - - [09/Mar/2012:13:12:25 -0800] "POST /blog/wp-cron.php?doing_wp_cron=1331327476 HTTP/1.0" 499 0 "-" "WordPress/3.3.1; http://yuvi.in/blog"
209.85.238.248 - - [09/Mar/2012:13:12:25 -0800] "GET /blog/feed/ HTTP/1.1" 304 0 "-" "Feedfetcher-Google; (+http://www.google.com/feedfetcher.html; 18 subscribers; feed-id=15064232456473204253)"
100.43.83.144 - - [09/Mar/2012:13:14:38 -0800] "GET /blog/ HTTP/1.1" 200 9194 "-" "Mozilla/5.0 (compatible; YandexBot/3.0; +http://yandex.com/bots)"
115.117.204.162 - - [09/Mar/2012:13:15:25 -0800] "GET /blog/why-i-moved-off-arch-on-my-netbook.html HTTP/1.1" 200 2546 "http://www.google.com/search?client=ubuntu&channel=fs&q=mit+scheme+aur&ie=utf-8&oe=utf-8&gbv=1&sei=8XFaT-CCC4-JrAeV_YSMDA" "Mozilla/5.0 (X11; Ubuntu; Linux x86_64; rv:10.0.1) Gecko/20100101 Firefox/10.0.1"
115.117.204.162 - - [09/Mar/2012:13:15:31 -0800] "GET /blog/static/style.css HTTP/1.1" 200 4753 "http://yuvi.in/blog/why-i-moved-off-arch-on-my-netbook.html" "Mozilla/5.0 (X11; Ubuntu; Linux x86_64; rv:10.0.1) Gecko/20100101 Firefox/10.0.1"
115.117.204.162 - - [09/Mar/2012:13:15:35 -0800] "GET /blog/static/codehilite.css HTTP/1.1" 200 4012 "http://yuvi.in/blog/why-i-moved-off-arch-on-my-netbook.html" "Mozilla/5.0 (X11; Ubuntu; Linux x86_64; rv:10.0.1) Gecko/20100101 Firefox/10.0.1"
115.117.204.162 - - [09/Mar/2012:13:15:41 -0800] "-" 400 0 "-" "-"
115.117.204.162 - - [09/Mar/2012:13:15:41 -0800] "-" 400 0 "-" "-"
115.117.204.162 - - [09/Mar/2012:13:15:41 -0800] "-" 400 0 "-" "-"
115.117.204.162 - - [09/Mar/2012:13:15:41 -0800] "-" 400 0 "-" "-"
207.46.204.170 - - [09/Mar/2012:13:16:49 -0800] "-" 400 0 "-" "-"
207.46.204.170 - - [09/Mar/2012:13:16:51 -0800] "-" 400 0 "-" "-"
207.46.204.170 - - [09/Mar/2012:13:16:51 -0800] "-" 400 0 "-" "-"
207.46.204.170 - - [09/Mar/2012:13:16:51 -0800] "-" 400 0 "-" "-"
207.46.204.170 - - [09/Mar/2012:13:16:51 -0800] "-" 400 0 "-" "-"
207.46.204.170 - - [09/Mar/2012:13:16:52 -0800] "-" 400 0 "-" "-"
207.46.204.170 - - [09/Mar/2012:13:16:53 -0800] "-" 400 0 "-" "-"
207.46.204.170 - - [09/Mar/2012:13:16:53 -0800] "-" 400 0 "-" "-"
207.46.204.170 - - [09/Mar/2012:13:16:53 -0800] "-" 400 0 "-" "-"
207.46.204.170 - - [09/Mar/2012:13:16:53 -0800] "-" 400 0 "-" "-"
115.117.204.162 - - [09/Mar/2012:13:17:12 -0800] "GET /favicon.ico HTTP/1.1" 404 142 "-" "Mozilla/5.0 (X11; Ubuntu; Linux x86_64; rv:10.0.1) Gecko/20100101 Firefox/10.0.1"
115.117.204.162 - - [09/Mar/2012:13:17:17 -0800] "-" 400 0 "-" "-"
207.46.204.170 - - [09/Mar/2012:13:17:27 -0800] "-" 400 0 "-" "-"
85.17.88.169 - - [09/Mar/2012:13:17:43 -0800] "POST /blog/wp-cron.php?doing_wp_cron=1331327794 HTTP/1.0" 499 0 "-" "WordPress/3.3.1; http://yuvi.in/blog"
209.85.238.248 - - [09/Mar/2012:13:17:43 -0800] "GET /blog/feed HTTP/1.1" 301 0 "-" "Feedfetcher-Google; (+http://www.google.com/feedfetcher.html; 3 subscribers; feed-id=17684830852112633560)"
85.17.88.169 - - [09/Mar/2012:13:17:45 -0800] "POST /blog/wp-cron.php?doing_wp_cron=1331327796 HTTP/1.0" 499 0 "-" "WordPress/3.3.1; http://yuvi.in/blog"
209.85.238.248 - - [09/Mar/2012:13:17:45 -0800] "GET /blog/feed/ HTTP/1.1" 304 0 "-" "Feedfetcher-Google; (+http://www.google.com/feedfetcher.html; 3 subscribers; feed-id=17684830852112633560)"
115.117.204.162 - - [09/Mar/2012:13:17:55 -0800] "GET / HTTP/1.1" 200 1430 "http://yuvi.in/blog/why-i-moved-off-arch-on-my-netbook.html" "Mozilla/5.0 (X11; Ubuntu; Linux x86_64; rv:10.0.1) Gecko/20100101 Firefox/10.0.1"
85.17.88.169 - - [09/Mar/2012:13:17:57 -0800] "POST /blog/wp-cron.php?doing_wp_cron=1331327808 HTTP/1.0" 499 0 "-" "WordPress/3.3.1; http://yuvi.in/blog"
122.176.131.140 - - [09/Mar/2012:13:17:58 -0800] "GET /blog/college-drop/ HTTP/1.1" 200 4510 "http://yuvi.in/blog/" "Mozilla/5.0 (X11; Linux x86_64; rv:10.0.2) Gecko/20100101 Firefox/10.0.2"
122.176.131.140 - - [09/Mar/2012:13:17:58 -0800] "GET /blog/wp-includes/js/jquery/jquery.js?ver=1.7.1 HTTP/1.1" 304 0 "http://yuvi.in/blog/college-drop/" "Mozilla/5.0 (X11; Linux x86_64; rv:10.0.2) Gecko/20100101 Firefox/10.0.2"
122.176.131.140 - - [09/Mar/2012:13:17:59 -0800] "GET /blog/wp-content/themes/cleanr/js/jquery.dropdown.js?ver=3.3.1 HTTP/1.1" 304 0 "http://yuvi.in/blog/college-drop/" "Mozilla/5.0 (X11; Linux x86_64; rv:10.0.2) Gecko/20100101 Firefox/10.0.2"
122.176.131.140 - - [09/Mar/2012:13:18:01 -0800] "GET /blog/my-vimrc/ HTTP/1.1" 499 0 "http://yuvi.in/blog/college-drop/" "Mozilla/5.0 (X11; Linux x86_64; rv:10.0.2) Gecko/20100101 Firefox/10.0.2"
115.117.204.162 - - [09/Mar/2012:13:18:01 -0800] "GET /blueprint/screen.css HTTP/1.1" 200 12058 "http://yuvi.in/" "Mozilla/5.0 (X11; Ubuntu; Linux x86_64; rv:10.0.1) Gecko/20100101 Firefox/10.0.1"
122.176.131.140 - - [09/Mar/2012:13:18:03 -0800] "-" 400 0 "-" "-"
85.17.88.169 - - [09/Mar/2012:13:18:04 -0800] "POST /blog/wp-cron.php?doing_wp_cron=1331327815 HTTP/1.0" 499 0 "-" "WordPress/3.3.1; http://yuvi.in/blog"
122.176.131.140 - - [09/Mar/2012:13:18:04 -0800] "GET /blog/college-drop/?cf_action=sync_comments&post_id=393 HTTP/1.1" 200 48 "http://yuvi.in/blog/college-drop/" "Mozilla/5.0 (X11; Linux x86_64; rv:10.0.2) Gecko/20100101 Firefox/10.0.2"
115.117.204.162 - - [09/Mar/2012:13:18:07 -0800] "GET /header.png HTTP/1.1" 200 14249 "http://yuvi.in/" "Mozilla/5.0 (X11; Ubuntu; Linux x86_64; rv:10.0.1) Gecko/20100101 Firefox/10.0.1"
115.117.204.162 - - [09/Mar/2012:13:18:07 -0800] "GET /blueprint/print.css HTTP/1.1" 200 1284 "http://yuvi.in/" "Mozilla/5.0 (X11; Ubuntu; Linux x86_64; rv:10.0.1) Gecko/20100101 Firefox/10.0.1"
115.117.204.162 - - [09/Mar/2012:13:18:12 -0800] "-" 400 0 "-" "-"
115.117.204.162 - - [09/Mar/2012:13:18:12 -0800] "-" 400 0 "-" "-"
115.117.204.162 - - [09/Mar/2012:13:18:26 -0800] "GET /blog HTTP/1.1" 301 178 "http://yuvi.in/" "Mozilla/5.0 (X11; Ubuntu; Linux x86_64; rv:10.0.1) Gecko/20100101 Firefox/10.0.1"
115.117.204.162 - - [09/Mar/2012:13:18:33 -0800] "GET /blog/ HTTP/1.1" 200 9194 "http://yuvi.in/" "Mozilla/5.0 (X11; Ubuntu; Linux x86_64; rv:10.0.1) Gecko/20100101 Firefox/10.0.1"
85.17.88.169 - - [09/Mar/2012:13:18:36 -0800] "POST /blog/wp-cron.php?doing_wp_cron=1331327847 HTTP/1.0" 499 0 "-" "WordPress/3.3.1; http://yuvi.in/blog"
201.42.99.91 - - [09/Mar/2012:13:18:37 -0800] "GET /blog/my-vimrc/ HTTP/1.1" 200 15921 "-" "Mozilla/5.0 (compatible; Googlebot/2.1; +http://www.google.com/bot.html)"
115.117.204.162 - - [09/Mar/2012:13:18:39 -0800] "GET /blog/wp-content/themes/cleanr/style.css HTTP/1.1" 200 10508 "http://yuvi.in/blog/" "Mozilla/5.0 (X11; Ubuntu; Linux x86_64; rv:10.0.1) Gecko/20100101 Firefox/10.0.1"
115.117.204.162 - - [09/Mar/2012:13:18:51 -0800] "GET /blog/wp-content/themes/cleanr/css/reset.css HTTP/1.1" 200 648 "http://yuvi.in/blog/wp-content/themes/cleanr/style.css" "Mozilla/5.0 (X11; Ubuntu; Linux x86_64; rv:10.0.1) Gecko/20100101 Firefox/10.0.1"
115.117.204.162 - - [09/Mar/2012:13:18:51 -0800] "GET /blog/wp-content/themes/cleanr/css/text.css HTTP/1.1" 200 420 "http://yuvi.in/blog/wp-content/themes/cleanr/style.css" "Mozilla/5.0 (X11; Ubuntu; Linux x86_64; rv:10.0.1) Gecko/20100101 Firefox/10.0.1"
115.117.204.162 - - [09/Mar/2012:13:18:57 -0800] "GET /blog/wp-content/themes/cleanr/css/960.css HTTP/1.1" 200 3628 "http://yuvi.in/blog/wp-content/themes/cleanr/style.css" "Mozilla/5.0 (X11; Ubuntu; Linux x86_64; rv:10.0.1) Gecko/20100101 Firefox/10.0.1"
115.117.204.162 - - [09/Mar/2012:13:19:01 -0800] "-" 400 0 "-" "-"
115.117.204.162 - - [09/Mar/2012:13:19:02 -0800] "GET /blog/wp-content/themes/cleanr/images/search_magnifier.gif HTTP/1.1" 200 394 "http://yuvi.in/blog/" "Mozilla/5.0 (X11; Ubuntu; Linux x86_64; rv:10.0.1) Gecko/20100101 Firefox/10.0.1"
94.228.34.212 - - [09/Mar/2012:13:19:33 -0800] "GET /blog/ HTTP/1.1" 200 9194 "-" "magpie-crawler/1.1 (U; Linux amd64; en-GB; +http://www.brandwatch.net)"
122.176.131.140 - - [09/Mar/2012:13:19:49 -0800] "GET /blog/ HTTP/1.1" 200 9194 "http://yuvi.in/blog/" "Mozilla/5.0 (X11; Linux x86_64; rv:10.0.2) Gecko/20100101 Firefox/10.0.2"
122.176.131.140 - - [09/Mar/2012:13:19:49 -0800] "GET /blog/wp-includes/js/jquery/jquery.js?ver=1.7.1 HTTP/1.1" 304 0 "http://yuvi.in/blog/" "Mozilla/5.0 (X11; Linux x86_64; rv:10.0.2) Gecko/20100101 Firefox/10.0.2"
122.176.131.140 - - [09/Mar/2012:13:19:49 -0800] "GET /blog/wp-content/themes/cleanr/js/jquery.dropdown.js?ver=3.3.1 HTTP/1.1" 304 0 "http://yuvi.in/blog/" "Mozilla/5.0 (X11; Linux x86_64; rv:10.0.2) Gecko/20100101 Firefox/10.0.2"
122.176.131.140 - - [09/Mar/2012:13:19:54 -0800] "-" 400 0 "-" "-"
122.176.131.140 - - [09/Mar/2012:13:19:54 -0800] "-" 400 0 "-" "-"
66.249.72.238 - - [09/Mar/2012:13:20:54 -0800] "GET /s/ta/2xjj/ HTTP/1.1" 302 385 "-" "Mozilla/5.0 (compatible; Googlebot/2.1; +http://www.google.com/bot.html)"
122.176.131.140 - - [09/Mar/2012:13:28:11 -0800] "GET /stories HTTP/1.1" 301 185 "http://yuvi.in/" "Mozilla/5.0 (X11; Linux x86_64; rv:10.0.2) Gecko/20100101 Firefox/10.0.2"
122.176.131.140 - - [09/Mar/2012:13:28:11 -0800] "GET /stories/ HTTP/1.1" 200 1271 "http://yuvi.in/" "Mozilla/5.0 (X11; Linux x86_64; rv:10.0.2) Gecko/20100101 Firefox/10.0.2"
122.176.131.140 - - [09/Mar/2012:13:28:11 -0800] "GET /stories/static/style.css HTTP/1.1" 200 1274 "http://yuvi.in/stories/" "Mozilla/5.0 (X11; Linux x86_64; rv:10.0.2) Gecko/20100101 Firefox/10.0.2"
122.176.131.140 - - [09/Mar/2012:13:28:11 -0800] "GET /stories/static/codehilite.css HTTP/1.1" 200 4012 "http://yuvi.in/stories/" "Mozilla/5.0 (X11; Linux x86_64; rv:10.0.2) Gecko/20100101 Firefox/10.0.2"
117.193.40.102 - - [09/Mar/2012:13:28:59 -0800] "GET /r/32ky HTTP/1.1" 301 257 "-" "Mozilla/5.0 (Windows NT 6.1) AppleWebKit/535.11 (KHTML, like Gecko) Chrome/17.0.963.78 Safari/535.11"
117.193.40.102 - - [09/Mar/2012:13:28:59 -0800] "GET /s/ta/32ky/ HTTP/1.1" 302 365 "-" "Mozilla/5.0 (Windows NT 6.1) AppleWebKit/535.11 (KHTML, like Gecko) Chrome/17.0.963.78 Safari/535.11"
207.46.13.163 - - [09/Mar/2012:13:31:08 -0800] "GET /robots.txt HTTP/1.1" 404 169 "-" "Mozilla/5.0 (compatible; bingbot/2.0; +http://www.bing.com/bingbot.htm)"
66.249.72.238 - - [09/Mar/2012:13:36:37 -0800] "GET /r/2xr5 HTTP/1.1" 301 257 "-" "Mozilla/5.0 (compatible; Googlebot/2.1; +http://www.google.com/bot.html)"
66.249.72.238 - - [09/Mar/2012:13:36:38 -0800] "GET /s/ta/2xr5/ HTTP/1.1" 302 533 "-" "Mozilla/5.0 (compatible; Googlebot/2.1; +http://www.google.com/bot.html)"
23.19.176.238 - - [09/Mar/2012:13:36:43 -0800] "GET /blog HTTP/1.1" 301 178 "-" "Mozilla/4.0 (compatible; MSIE 7.0; Windows NT 5.1; .NET CLR 1.1.4322; .NET CLR 2.0.50727; .NET CLR 3.0.04506.30)"
23.19.176.238 - - [09/Mar/2012:13:36:44 -0800] "GET /blog/ HTTP/1.1" 200 33222 "-" "Mozilla/4.0 (compatible; MSIE 7.0; Windows NT 5.1; .NET CLR 1.1.4322; .NET CLR 2.0.50727; .NET CLR 3.0.04506.30)"
85.17.88.169 - - [09/Mar/2012:13:38:04 -0800] "POST /blog/wp-cron.php?doing_wp_cron=1331329015 HTTP/1.0" 499 0 "-" "WordPress/3.3.1; http://yuvi.in/blog"
209.85.224.96 - - [09/Mar/2012:13:38:04 -0800] "GET /blog/feed HTTP/1.1" 304 0 "-" "FeedBurner/1.0 (http://www.FeedBurner.com)"
209.85.224.83 - - [09/Mar/2012:13:41:17 -0800] "GET /stories/feed HTTP/1.1" 200 13653 "-" "FeedBurner/1.0 (http://www.FeedBurner.com)"
66.249.72.238 - - [09/Mar/2012:13:44:22 -0800] "GET /s/ta/2yic/ HTTP/1.1" 302 433 "-" "Mozilla/5.0 (compatible; Googlebot/2.1; +http://www.google.com/bot.html)"
208.115.111.68 - - [09/Mar/2012:13:44:23 -0800] "GET /robots.txt HTTP/1.1" 404 169 "-" "Mozilla/5.0 (compatible; Ezooms/1.0; ezooms.bot@gmail.com)"
85.17.88.169 - - [09/Mar/2012:13:44:28 -0800] "POST /blog/wp-cron.php?doing_wp_cron=1331329399 HTTP/1.0" 499 0 "-" "WordPress/3.3.1; http://yuvi.in/blog"
101.226.33.174 - - [09/Mar/2012:13:44:28 -0800] "GET /blog/feed HTTP/1.0" 304 0 "-" "Mozilla/4.0 (compatible; Windows;)"
82.33.181.60 - - [09/Mar/2012:13:48:07 -0800] "GET /robots.txt HTTP/1.0" 404 169 "-" "Mozilla/5.0 (compatible; MJ12bot/v1.4.2; http://www.majestic12.co.uk/bot.php?+)"
82.33.181.60 - - [09/Mar/2012:13:48:09 -0800] "GET /blog/orwell-and-huxley.html HTTP/1.0" 200 5580 "-" "Mozilla/5.0 (compatible; MJ12bot/v1.4.2; http://www.majestic12.co.uk/bot.php?+)"
82.33.181.60 - - [09/Mar/2012:13:48:12 -0800] "GET /blog/tag/reading.html HTTP/1.0" 200 9373 "-" "Mozilla/5.0 (compatible; MJ12bot/v1.4.2; http://www.majestic12.co.uk/bot.php?+)"
85.17.88.169 - - [09/Mar/2012:13:51:46 -0800] "POST /blog/wp-cron.php?doing_wp_cron=1331329836 HTTP/1.0" 499 0 "-" "WordPress/3.3.1; http://yuvi.in/blog"
199.16.186.106 - - [09/Mar/2012:13:51:46 -0800] "GET /blog/my-vimrc/feed/ HTTP/1.1" 304 0 "-" "BoardReader/1.0 (http://boardreader.com/info/robots.htm)-CommentCrawler5"
66.249.72.238 - - [09/Mar/2012:13:52:13 -0800] "GET /r/2n4m HTTP/1.1" 301 257 "-" "Mozilla/5.0 (compatible; Googlebot/2.1; +http://www.google.com/bot.html)"
66.249.72.238 - - [09/Mar/2012:13:52:14 -0800] "GET /s/ta/2n4m/ HTTP/1.1" 302 361 "-" "Mozilla/5.0 (compatible; Googlebot/2.1; +http://www.google.com/bot.html)"
66.249.72.238 - - [09/Mar/2012:14:00:06 -0800] "GET /r/1zcn HTTP/1.1" 301 257 "-" "Mozilla/5.0 (compatible; Googlebot/2.1; +http://www.google.com/bot.html)"
66.249.72.238 - - [09/Mar/2012:14:00:08 -0800] "GET /s/ta/1zcn/ HTTP/1.1" 302 397 "-" "Mozilla/5.0 (compatible; Googlebot/2.1; +http://www.google.com/bot.html)"
207.46.13.98 - - [09/Mar/2012:14:04:26 -0800] "GET /s/ta/1i1g/ HTTP/1.1" 302 427 "-" "Mozilla/5.0 (compatible; bingbot/2.0; +http://www.bing.com/bingbot.htm)"
85.17.88.169 - - [09/Mar/2012:14:05:45 -0800] "POST /blog/wp-cron.php?doing_wp_cron=1331330676 HTTP/1.0" 499 0 "-" "WordPress/3.3.1; http://yuvi.in/blog"
209.85.238.248 - - [09/Mar/2012:14:05:46 -0800] "GET /blog/feed/ HTTP/1.1" 304 0 "-" "Feedfetcher-Google; (+http://www.google.com/feedfetcher.html; 18 subscribers; feed-id=15064232456473204253)"
141.0.10.112 - - [09/Mar/2012:14:06:16 -0800] "GET /r/2x48 HTTP/1.1" 301 257 "http://ta.wikipedia.org/wiki/%E0%AE%9A%E0%AF%81%E0%AE%A9%E0%AE%BF%E0%AE%A4%E0%AE%BF_%E0%AE%9A%E0%AF%8C%E0%AE%B9%E0%AE%BE%E0%AE%A9%E0%AF%8D" "Opera/9.80 (J2ME/MIDP; Opera Mini/6.5.27035/27.1324; U; en) Presto/2.8.119 Version/11.10"
141.0.10.112 - - [09/Mar/2012:14:06:17 -0800] "GET /s/ta/2x48/ HTTP/1.1" 302 413 "http://ta.wikipedia.org/wiki/%E0%AE%9A%E0%AF%81%E0%AE%A9%E0%AE%BF%E0%AE%A4%E0%AE%BF_%E0%AE%9A%E0%AF%8C%E0%AE%B9%E0%AE%BE%E0%AE%A9%E0%AF%8D" "Opera/9.80 (J2ME/MIDP; Opera Mini/6.5.27035/27.1324; U; en) Presto/2.8.119 Version/11.10"
85.17.88.169 - - [09/Mar/2012:14:08:10 -0800] "POST /blog/wp-cron.php?doing_wp_cron=1331330821 HTTP/1.0" 499 0 "-" "WordPress/3.3.1; http://yuvi.in/blog"
209.85.224.95 - - [09/Mar/2012:14:08:11 -0800] "GET /blog/feed HTTP/1.1" 304 0 "-" "FeedBurner/1.0 (http://www.FeedBurner.com)"
129.170.210.113 - - [09/Mar/2012:14:08:52 -0800] "GET /favicon.ico HTTP/1.1" 404 142 "http://prashanth-kamle.blogspot.com/2009/03/viterbi-algorithm-for-second-order.html" "Mozilla/5.0 (Macintosh; Intel Mac OS X 10_7_2) AppleWebKit/534.51.22 (KHTML, like Gecko) Version/5.1.1 Safari/534.51.22"
85.17.88.169 - - [09/Mar/2012:14:13:23 -0800] "POST /blog/wp-cron.php?doing_wp_cron=1331331133 HTTP/1.0" 499 0 "-" "WordPress/3.3.1; http://yuvi.in/blog"
209.85.238.248 - - [09/Mar/2012:14:13:23 -0800] "GET /blog/feed HTTP/1.1" 301 0 "-" "Feedfetcher-Google; (+http://www.google.com/feedfetcher.html; 3 subscribers; feed-id=17684830852112633560)"
85.17.88.169 - - [09/Mar/2012:14:13:25 -0800] "POST /blog/wp-cron.php?doing_wp_cron=1331331136 HTTP/1.0" 499 0 "-" "WordPress/3.3.1; http://yuvi.in/blog"
209.85.238.248 - - [09/Mar/2012:14:13:26 -0800] "GET /blog/feed/ HTTP/1.1" 304 0 "-" "Feedfetcher-Google; (+http://www.google.com/feedfetcher.html; 3 subscribers; feed-id=17684830852112633560)"
85.17.88.169 - - [09/Mar/2012:14:13:56 -0800] "POST /blog/wp-cron.php?doing_wp_cron=1331331167 HTTP/1.0" 499 0 "-" "WordPress/3.3.1; http://yuvi.in/blog"
180.76.5.61 - - [09/Mar/2012:14:13:57 -0800] "GET /blog/2011/04/10/ HTTP/1.1" 200 4024 "-" "Mozilla/5.0 (compatible; Baiduspider/2.0; +http://www.baidu.com/search/spider.html)"
115.242.191.173 - - [09/Mar/2012:14:14:17 -0800] "-" 400 0 "-" "-"
66.249.72.238 - - [09/Mar/2012:14:15:46 -0800] "GET /r/2jl9 HTTP/1.1" 301 257 "-" "Mozilla/5.0 (compatible; Googlebot/2.1; +http://www.google.com/bot.html)"
66.249.72.238 - - [09/Mar/2012:14:15:47 -0800] "GET /s/ta/2jl9/ HTTP/1.1" 302 573 "-" "Mozilla/5.0 (compatible; Googlebot/2.1; +http://www.google.com/bot.html)"
66.249.72.238 - - [09/Mar/2012:14:15:47 -0800] "GET /s/ta/2fd%E0%AE%95%E0%AE%9F%E0%AF%8D%E0%AE%9F%E0%AE%B1%E0%AF%8D%E0%AE%B1/ HTTP/1.1" 502 173 "-" "Mozilla/5.0 (compatible; Googlebot/2.1; +http://www.google.com/bot.html)"
202.131.155.20 - - [09/Mar/2012:14:18:12 -0800] "GET /r/958 HTTP/1.1" 301 255 "http://ta.wikipedia.org/wiki/%E0%AE%AA%E0%AE%95%E0%AF%81%E0%AE%AA%E0%AF%8D%E0%AE%AA%E0%AF%81:%E0%AE%85%E0%AE%B0%E0%AE%9A%E0%AE%B0%E0%AF%8D%E0%AE%95%E0%AE%B3%E0%AF%8D" "Mozilla/5.0 (Windows NT 5.1; rv:10.0.2) Gecko/20100101 Firefox/10.0.2"
202.131.155.20 - - [09/Mar/2012:14:18:13 -0800] "GET /s/ta/958/ HTTP/1.1" 302 447 "http://ta.wikipedia.org/wiki/%E0%AE%AA%E0%AE%95%E0%AF%81%E0%AE%AA%E0%AF%8D%E0%AE%AA%E0%AF%81:%E0%AE%85%E0%AE%B0%E0%AE%9A%E0%AE%B0%E0%AF%8D%E0%AE%95%E0%AE%B3%E0%AF%8D" "Mozilla/5.0 (Windows NT 5.1; rv:10.0.2) Gecko/20100101 Firefox/10.0.2"
115.242.191.173 - - [09/Mar/2012:14:21:04 -0800] "-" 400 0 "-" "-"
150.70.172.102 - - [09/Mar/2012:14:21:07 -0800] "GET /r/958 HTTP/1.0" 301 255 "-" "Mozilla/4.0 (compatible; MSIE 6.0; Windows NT 5.1)"
150.70.172.102 - - [09/Mar/2012:14:21:07 -0800] "GET /s/ta/958/ HTTP/1.0" 302 447 "-" "Mozilla/4.0 (compatible; MSIE 6.0; Windows NT 5.1)"
150.70.172.102 - - [09/Mar/2012:14:21:12 -0800] "GET /r/958 HTTP/1.0" 301 255 "-" "Mozilla/4.0 (compatible; MSIE 6.0; Windows NT 5.1)"
150.70.172.102 - - [09/Mar/2012:14:21:12 -0800] "GET /s/ta/958/ HTTP/1.0" 302 447 "-" "Mozilla/4.0 (compatible; MSIE 6.0; Windows NT 5.1)"
66.249.72.238 - - [09/Mar/2012:14:23:37 -0800] "GET /r/1j96 HTTP/1.1" 301 257 "-" "Mozilla/5.0 (compatible; Googlebot/2.1; +http://www.google.com/bot.html)"
66.249.72.238 - - [09/Mar/2012:14:23:38 -0800] "GET /s/ta/1j96/ HTTP/1.1" 302 349 "-" "Mozilla/5.0 (compatible; Googlebot/2.1; +http://www.google.com/bot.html)"
141.0.10.103 - - [09/Mar/2012:14:26:51 -0800] "-" 400 0 "-" "-"
141.0.10.103 - - [09/Mar/2012:14:26:51 -0800] "-" 400 0 "-" "-"
85.17.88.169 - - [09/Mar/2012:14:29:54 -0800] "POST /blog/wp-cron.php?doing_wp_cron=1331332125 HTTP/1.0" 499 0 "-" "WordPress/3.3.1; http://yuvi.in/blog"
85.108.182.230 - - [09/Mar/2012:14:29:56 -0800] "GET /blog/ HTTP/1.1" 200 33078 "-" "Mozilla/5.0 (compatible; Googlebot/2.1; +http://www.google.com/bot.html)"
85.17.88.169 - - [09/Mar/2012:14:30:07 -0800] "POST /blog/wp-cron.php?doing_wp_cron=1331332137 HTTP/1.0" 499 0 "-" "WordPress/3.3.1; http://yuvi.in/blog"
71.213.37.171 - - [09/Mar/2012:14:30:07 -0800] "GET /blog/favicon.ico HTTP/1.1" 404 3016 "-" "Mozilla/5.0 (Windows NT 5.1; rv:10.0.2) Gecko/20100101 Firefox/10.0.2"
66.249.72.238 - - [09/Mar/2012:14:31:40 -0800] "GET /s/ta/2z02/ HTTP/1.1" 302 457 "-" "Mozilla/5.0 (compatible; Googlebot/2.1; +http://www.google.com/bot.html)"
66.249.72.238 - - [09/Mar/2012:14:33:59 -0800] "GET /s/ta/2n3fregardsBala/ HTTP/1.1" 502 173 "-" "Mozilla/5.0 (compatible; Googlebot/2.1; +http://www.google.com/bot.html)"
180.76.5.189 - - [09/Mar/2012:14:35:18 -0800] "GET /robots.txt HTTP/1.1" 404 142 "-" "Baiduspider+(+http://www.baidu.com/search/spider.htm)"
85.17.88.169 - - [09/Mar/2012:14:38:21 -0800] "POST /blog/wp-cron.php?doing_wp_cron=1331332631 HTTP/1.0" 499 0 "-" "WordPress/3.3.1; http://yuvi.in/blog"
209.85.224.83 - - [09/Mar/2012:14:38:21 -0800] "GET /blog/feed HTTP/1.1" 304 0 "-" "FeedBurner/1.0 (http://www.FeedBurner.com)"
193.47.80.36 - - [09/Mar/2012:14:38:46 -0800] "GET /robots.txt HTTP/1.1" 404 211 "-" "Mozilla/5.0 (compatible; Exabot/3.0; +http://www.exabot.com/go/robot)"
193.47.80.36 - - [09/Mar/2012:14:38:47 -0800] "GET /r/gi9 HTTP/1.1" 301 255 "-" "Mozilla/5.0 (compatible; Exabot/3.0; +http://www.exabot.com/go/robot)"
193.47.80.36 - - [09/Mar/2012:14:38:50 -0800] "GET /s/ta/gi9/ HTTP/1.1" 302 445 "-" "Mozilla/5.0 (compatible; Exabot/3.0; +http://www.exabot.com/go/robot)"
66.249.72.238 - - [09/Mar/2012:14:39:43 -0800] "GET /r/2z3a HTTP/1.1" 301 257 "-" "Mozilla/5.0 (compatible; Googlebot/2.1; +http://www.google.com/bot.html)"
66.249.72.238 - - [09/Mar/2012:14:39:44 -0800] "GET /s/ta/2z3a/ HTTP/1.1" 302 385 "-" "Mozilla/5.0 (compatible; Googlebot/2.1; +http://www.google.com/bot.html)"
66.249.72.238 - - [09/Mar/2012:14:40:02 -0800] "GET /s/ta/pag%E0%AE%95%E0%AE%9F%E0%AF%8D%E0%AE%9F%E0%AE%B1%E0%AF%8D%E0%AE%B1/ HTTP/1.1" 502 173 "-" "Mozilla/5.0 (compatible; Googlebot/2.1; +http://www.google.com/bot.html)"
209.85.224.89 - - [09/Mar/2012:14:41:23 -0800] "GET /stories/feed HTTP/1.1" 200 13653 "-" "FeedBurner/1.0 (http://www.FeedBurner.com)"
66.249.72.238 - - [09/Mar/2012:14:47:48 -0800] "GET /s/ta/2sxy/ HTTP/1.1" 302 445 "-" "Mozilla/5.0 (compatible; Googlebot/2.1; +http://www.google.com/bot.html)"
95.71.192.237 - - [09/Mar/2012:14:49:26 -0800] "GET / HTTP/1.1" 200 1430 "-" "Reeder/1.5.4 CFNetwork/548.1.4 Darwin/11.0.0"
95.71.192.237 - - [09/Mar/2012:14:49:26 -0800] "GET /favicon.ico HTTP/1.1" 404 142 "-" "Reeder/1.5.4 CFNetwork/548.1.4 Darwin/11.0.0"
95.71.192.237 - - [09/Mar/2012:14:49:27 -0800] "GET / HTTP/1.1" 200 1430 "-" "Reeder/1.5.4 CFNetwork/548.1.4 Darwin/11.0.0"
95.71.192.237 - - [09/Mar/2012:14:49:27 -0800] "GET /apple-touch-icon.png HTTP/1.1" 404 142 "-" "Reeder/1.5.4 CFNetwork/548.1.4 Darwin/11.0.0"
95.71.192.237 - - [09/Mar/2012:14:49:27 -0800] "GET /apple-touch-icon-precomposed.png HTTP/1.1" 404 142 "-" "Reeder/1.5.4 CFNetwork/548.1.4 Darwin/11.0.0"
85.17.88.169 - - [09/Mar/2012:14:49:29 -0800] "POST /blog/wp-cron.php?doing_wp_cron=1331333299 HTTP/1.0" 499 0 "-" "WordPress/3.3.1; http://yuvi.in/blog"
208.115.111.68 - - [09/Mar/2012:14:49:29 -0800] "GET /blog/tag/blogging/ HTTP/1.1" 200 15391 "-" "Mozilla/5.0 (compatible; Ezooms/1.0; ezooms.bot@gmail.com)"
67.215.230.28 - - [09/Mar/2012:14:50:38 -0800] "GET /robots.txt HTTP/1.0" 404 169 "-" "Setooz/Nutch-1.2 (http://www.setooz.com)"
67.215.230.28 - - [09/Mar/2012:14:50:38 -0800] "GET / HTTP/1.0" 200 3439 "-" "Setooz/Nutch-1.2 (http://www.setooz.com)"
67.215.230.28 - - [09/Mar/2012:14:50:40 -0800] "GET /robots.txt HTTP/1.0" 404 169 "-" "Setooz/Nutch-1.2 (http://www.setooz.com)"
67.215.230.28 - - [09/Mar/2012:14:50:40 -0800] "GET /stories HTTP/1.0" 301 185 "-" "Setooz/Nutch-1.2 (http://www.setooz.com)"
207.46.13.94 - - [09/Mar/2012:14:52:06 -0800] "GET /robots.txt HTTP/1.1" 404 169 "-" "Mozilla/5.0 (compatible; bingbot/2.0; +http://www.bing.com/bingbot.htm)"
85.17.88.169 - - [09/Mar/2012:14:54:04 -0800] "POST /blog/wp-cron.php?doing_wp_cron=1331333574 HTTP/1.0" 499 0 "-" "WordPress/3.3.1; http://yuvi.in/blog"
207.46.13.94 - - [09/Mar/2012:14:54:04 -0800] "GET /blog/about/ HTTP/1.1" 200 4116 "-" "Mozilla/5.0 (compatible; bingbot/2.0; +http://www.bing.com/bingbot.htm)"
66.249.72.238 - - [09/Mar/2012:14:55:54 -0800] "GET /r/22us HTTP/1.1" 301 257 "-" "Mozilla/5.0 (compatible; Googlebot/2.1; +http://www.google.com/bot.html)"
66.249.72.238 - - [09/Mar/2012:14:55:55 -0800] "GET /s/ta/22us/ HTTP/1.1" 302 333 "-" "Mozilla/5.0 (compatible; Googlebot/2.1; +http://www.google.com/bot.html)"
85.17.88.169 - - [09/Mar/2012:14:58:07 -0800] "POST /blog/wp-cron.php?doing_wp_cron=1331333817 HTTP/1.0" 499 0 "-" "WordPress/3.3.1; http://yuvi.in/blog"
213.186.127.13 - - [09/Mar/2012:14:58:08 -0800] "GET /blog/interview-sriram-krishnan-5-years-old/ HTTP/1.1" 200 16154 "-" "Mozilla/5.0 (compatible; AhrefsBot/2.0; +http://ahrefs.com/robot/)"
207.46.204.173 - - [09/Mar/2012:14:58:31 -0800] "-" 400 0 "-" "-"
207.46.204.173 - - [09/Mar/2012:14:58:31 -0800] "-" 400 0 "-" "-"
207.46.204.173 - - [09/Mar/2012:14:58:31 -0800] "-" 400 0 "-" "-"
207.46.204.173 - - [09/Mar/2012:14:58:31 -0800] "-" 400 0 "-" "-"
207.46.204.173 - - [09/Mar/2012:14:58:31 -0800] "-" 400 0 "-" "-"
207.46.204.173 - - [09/Mar/2012:14:58:31 -0800] "-" 400 0 "-" "-"
207.46.204.173 - - [09/Mar/2012:14:58:31 -0800] "-" 400 0 "-" "-"
207.46.204.173 - - [09/Mar/2012:14:58:31 -0800] "-" 400 0 "-" "-"
207.46.204.173 - - [09/Mar/2012:14:58:31 -0800] "-" 400 0 "-" "-"
207.46.204.173 - - [09/Mar/2012:14:59:04 -0800] "-" 400 0 "-" "-"
207.46.204.173 - - [09/Mar/2012:14:59:05 -0800] "-" 400 0 "-" "-"
85.17.88.169 - - [09/Mar/2012:15:05:48 -0800] "POST /blog/wp-cron.php?doing_wp_cron=1331334278 HTTP/1.0" 499 0 "-" "WordPress/3.3.1; http://yuvi.in/blog"
100.43.83.144 - - [09/Mar/2012:15:05:48 -0800] "GET /blog/icc-rules-for-backyard-cricket/ HTTP/1.1" 200 4388 "-" "Mozilla/5.0 (compatible; YandexBot/3.0; +http://yandex.com/bots)"
85.17.88.169 - - [09/Mar/2012:15:07:56 -0800] "POST /blog/wp-cron.php?doing_wp_cron=1331334406 HTTP/1.0" 499 0 "-" "WordPress/3.3.1; http://yuvi.in/blog"
209.85.238.248 - - [09/Mar/2012:15:07:56 -0800] "GET /blog/feed/ HTTP/1.1" 304 0 "-" "Feedfetcher-Google; (+http://www.google.com/feedfetcher.html; 18 subscribers; feed-id=15064232456473204253)"
209.85.224.99 - - [09/Mar/2012:15:08:37 -0800] "GET /blog/feed HTTP/1.1" 304 0 "-" "FeedBurner/1.0 (http://www.FeedBurner.com)"
85.17.88.169 - - [09/Mar/2012:15:08:37 -0800] "POST /blog/wp-cron.php?doing_wp_cron=1331334447 HTTP/1.0" 499 0 "-" "WordPress/3.3.1; http://yuvi.in/blog"
66.249.72.238 - - [09/Mar/2012:15:11:58 -0800] "GET /r/2sxy HTTP/1.1" 301 257 "-" "Mozilla/5.0 (compatible; Googlebot/2.1; +http://www.google.com/bot.html)"
67.227.159.84 - - [09/Mar/2012:15:14:53 -0800] "HEAD / HTTP/1.1" 200 0 "http://www.sarathlakshman.com" "Mozilla/4.0 (compatible; MSIE 7.0; Windows NT 5.1; .NET CLR 1.1.4322; .NET CLR 2.0.50727; .NET CLR 3.0.04506.30)"
85.17.88.169 - - [09/Mar/2012:15:16:07 -0800] "POST /blog/wp-cron.php?doing_wp_cron=1331334897 HTTP/1.0" 499 0 "-" "WordPress/3.3.1; http://yuvi.in/blog"
209.85.238.248 - - [09/Mar/2012:15:16:07 -0800] "GET /blog/feed HTTP/1.1" 301 0 "-" "Feedfetcher-Google; (+http://www.google.com/feedfetcher.html; 3 subscribers; feed-id=17684830852112633560)"
85.17.88.169 - - [09/Mar/2012:15:16:10 -0800] "POST /blog/wp-cron.php?doing_wp_cron=1331334900 HTTP/1.0" 499 0 "-" "WordPress/3.3.1; http://yuvi.in/blog"
201.214.93.106 - - [09/Mar/2012:15:16:10 -0800] "GET /blog/program/ HTTP/1.1" 200 7453 "-" "Mozilla/5.0 (Macintosh; Intel Mac OS X 10_7_3) AppleWebKit/535.11 (KHTML, like Gecko) Chrome/17.0.963.78 Safari/535.11"
209.85.238.248 - - [09/Mar/2012:15:16:10 -0800] "GET /blog/feed/ HTTP/1.1" 304 0 "-" "Feedfetcher-Google; (+http://www.google.com/feedfetcher.html; 3 subscribers; feed-id=17684830852112633560)"
201.214.93.106 - - [09/Mar/2012:15:16:10 -0800] "GET /blog/wp-content/themes/cleanr/js/jquery.dropdown.js?ver=3.3.1 HTTP/1.1" 200 535 "http://yuvi.in/blog/program/" "Mozilla/5.0 (Macintosh; Intel Mac OS X 10_7_3) AppleWebKit/535.11 (KHTML, like Gecko) Chrome/17.0.963.78 Safari/535.11"
201.214.93.106 - - [09/Mar/2012:15:16:10 -0800] "GET /blog/wp-content/themes/cleanr/style.css HTTP/1.1" 200 10508 "http://yuvi.in/blog/program/" "Mozilla/5.0 (Macintosh; Intel Mac OS X 10_7_3) AppleWebKit/535.11 (KHTML, like Gecko) Chrome/17.0.963.78 Safari/535.11"
201.214.93.106 - - [09/Mar/2012:15:16:11 -0800] "GET /blog/wp-content/themes/cleanr/css/reset.css HTTP/1.1" 200 648 "http://yuvi.in/blog/program/" "Mozilla/5.0 (Macintosh; Intel Mac OS X 10_7_3) AppleWebKit/535.11 (KHTML, like Gecko) Chrome/17.0.963.78 Safari/535.11"
201.214.93.106 - - [09/Mar/2012:15:16:11 -0800] "GET /blog/wp-content/themes/cleanr/css/text.css HTTP/1.1" 200 420 "http://yuvi.in/blog/program/" "Mozilla/5.0 (Macintosh; Intel Mac OS X 10_7_3) AppleWebKit/535.11 (KHTML, like Gecko) Chrome/17.0.963.78 Safari/535.11"
201.214.93.106 - - [09/Mar/2012:15:16:11 -0800] "GET /blog/wp-content/themes/cleanr/css/960.css HTTP/1.1" 200 3628 "http://yuvi.in/blog/program/" "Mozilla/5.0 (Macintosh; Intel Mac OS X 10_7_3) AppleWebKit/535.11 (KHTML, like Gecko) Chrome/17.0.963.78 Safari/535.11"
201.214.93.106 - - [09/Mar/2012:15:16:11 -0800] "GET /blog/wp-includes/js/jquery/jquery.js?ver=1.7.1 HTTP/1.1" 200 93889 "http://yuvi.in/blog/program/" "Mozilla/5.0 (Macintosh; Intel Mac OS X 10_7_3) AppleWebKit/535.11 (KHTML, like Gecko) Chrome/17.0.963.78 Safari/535.11"
201.214.93.106 - - [09/Mar/2012:15:16:12 -0800] "GET /blog/wp-content/themes/cleanr/images/search_magnifier.gif HTTP/1.1" 200 394 "http://yuvi.in/blog/program/" "Mozilla/5.0 (Macintosh; Intel Mac OS X 10_7_3) AppleWebKit/535.11 (KHTML, like Gecko) Chrome/17.0.963.78 Safari/535.11"
201.214.93.106 - - [09/Mar/2012:15:16:13 -0800] "GET /favicon.ico HTTP/1.1" 404 199 "-" "Mozilla/5.0 (Macintosh; Intel Mac OS X 10_7_3) AppleWebKit/535.11 (KHTML, like Gecko) Chrome/17.0.963.78 Safari/535.11"
201.214.93.106 - - [09/Mar/2012:15:16:13 -0800] "GET /favicon.ico HTTP/1.1" 404 199 "-" "Mozilla/5.0 (Macintosh; Intel Mac OS X 10_7_3) AppleWebKit/535.11 (KHTML, like Gecko) Chrome/17.0.963.78 Safari/535.11"
201.214.93.106 - - [09/Mar/2012:15:16:14 -0800] "GET /favicon.ico HTTP/1.1" 404 199 "-" "Mozilla/5.0 (Macintosh; Intel Mac OS X 10_7_3) AppleWebKit/535.11 (KHTML, like Gecko) Chrome/17.0.963.78 Safari/535.11"
201.214.93.106 - - [09/Mar/2012:15:16:14 -0800] "GET /favicon.ico HTTP/1.1" 404 199 "-" "Mozilla/5.0 (Macintosh; Intel Mac OS X 10_7_3) AppleWebKit/535.11 (KHTML, like Gecko) Chrome/17.0.963.78 Safari/535.11"
201.214.93.106 - - [09/Mar/2012:15:16:14 -0800] "GET /blog/program/?cf_action=sync_comments&post_id=381 HTTP/1.1" 499 0 "http://yuvi.in/blog/program/" "Mozilla/5.0 (Macintosh; Intel Mac OS X 10_7_3) AppleWebKit/535.11 (KHTML, like Gecko) Chrome/17.0.963.78 Safari/535.11"
85.17.88.169 - - [09/Mar/2012:15:16:16 -0800] "POST /blog/wp-cron.php?doing_wp_cron=1331334906 HTTP/1.0" 499 0 "-" "WordPress/3.3.1; http://yuvi.in/blog"
66.249.72.238 - - [09/Mar/2012:15:20:06 -0800] "GET /r/ak8 HTTP/1.1" 301 255 "-" "Mozilla/5.0 (compatible; Googlebot/2.1; +http://www.google.com/bot.html)"
66.249.72.238 - - [09/Mar/2012:15:20:06 -0800] "GET /s/ta/ak8/ HTTP/1.1" 302 693 "-" "Mozilla/5.0 (compatible; Googlebot/2.1; +http://www.google.com/bot.html)"
141.0.9.4 - - [09/Mar/2012:15:23:33 -0800] "-" 400 0 "-" "-"
141.0.9.4 - - [09/Mar/2012:15:23:33 -0800] "-" 400 0 "-" "-"
85.17.88.169 - - [09/Mar/2012:15:24:44 -0800] "POST /blog/wp-cron.php?doing_wp_cron=1331335414 HTTP/1.0" 499 0 "-" "WordPress/3.3.1; http://yuvi.in/blog"
85.244.247.224 - - [09/Mar/2012:15:24:45 -0800] "GET /blog/ HTTP/1.1" 200 33071 "-" "Mozilla/5.0 (compatible; Googlebot/2.1; +http://www.google.com/bot.html)"
207.46.204.211 - - [09/Mar/2012:15:26:18 -0800] "-" 400 0 "-" "-"
207.46.204.211 - - [09/Mar/2012:15:26:23 -0800] "-" 400 0 "-" "-"
207.46.204.211 - - [09/Mar/2012:15:26:28 -0800] "-" 400 0 "-" "-"
207.46.204.211 - - [09/Mar/2012:15:26:28 -0800] "-" 400 0 "-" "-"
207.46.204.211 - - [09/Mar/2012:15:26:28 -0800] "-" 400 0 "-" "-"
207.46.204.211 - - [09/Mar/2012:15:26:28 -0800] "-" 400 0 "-" "-"
207.46.204.211 - - [09/Mar/2012:15:26:28 -0800] "-" 400 0 "-" "-"
207.46.204.211 - - [09/Mar/2012:15:26:29 -0800] "-" 400 0 "-" "-"
207.46.204.211 - - [09/Mar/2012:15:26:30 -0800] "-" 400 0 "-" "-"
207.46.204.211 - - [09/Mar/2012:15:26:30 -0800] "-" 400 0 "-" "-"
85.17.88.169 - - [09/Mar/2012:15:27:04 -0800] "POST /blog/wp-cron.php?doing_wp_cron=1331335554 HTTP/1.0" 499 0 "-" "WordPress/3.3.1; http://yuvi.in/blog"
66.249.72.132 - - [09/Mar/2012:15:27:04 -0800] "GET /blog/ HTTP/1.1" 200 10128 "-" "Mozilla/5.0 (iPhone; U; CPU iPhone OS 4_1 like Mac OS X; en-us) AppleWebKit/532.9 (KHTML, like Gecko) Version/4.0.5 Mobile/8B117 Safari/6531.22.7 (compatible; Googlebot-Mobile/2.1; +http://www.google.com/bot.html)"
207.46.204.211 - - [09/Mar/2012:15:27:12 -0800] "-" 400 0 "-" "-"
180.76.6.21 - - [09/Mar/2012:15:29:47 -0800] "GET / HTTP/1.1" 404 211 "-" "Mozilla/5.0 (compatible; Baiduspider/2.0; +http://www.baidu.com/search/spider.html)"
85.17.88.169 - - [09/Mar/2012:15:31:25 -0800] "POST /blog/wp-cron.php?doing_wp_cron=1331335815 HTTP/1.0" 499 0 "-" "WordPress/3.3.1; http://yuvi.in/blog"
220.181.108.88 - - [09/Mar/2012:15:31:26 -0800] "GET /blog/sleepsort-4chan/ HTTP/1.1" 200 4805 "-" "Mozilla/5.0 (compatible; Baiduspider/2.0; +http://www.baidu.com/search/spider.html)"
207.46.13.163 - - [09/Mar/2012:15:33:44 -0800] "GET /blog/block-cursor-vs-post-cursor-gvim-vs-emacs.html HTTP/1.1" 304 0 "-" "Mozilla/5.0 (compatible; bingbot/2.0; +http://www.bing.com/bingbot.htm)"
66.249.72.238 - - [09/Mar/2012:15:36:08 -0800] "GET /r/jrv HTTP/1.1" 301 255 "-" "Mozilla/5.0 (compatible; Googlebot/2.1; +http://www.google.com/bot.html)"
85.17.88.169 - - [09/Mar/2012:15:38:43 -0800] "POST /blog/wp-cron.php?doing_wp_cron=1331336254 HTTP/1.0" 499 0 "-" "WordPress/3.3.1; http://yuvi.in/blog"
209.85.224.89 - - [09/Mar/2012:15:38:44 -0800] "GET /blog/feed HTTP/1.1" 304 0 "-" "FeedBurner/1.0 (http://www.FeedBurner.com)"
209.85.224.96 - - [09/Mar/2012:15:41:27 -0800] "GET /stories/feed HTTP/1.1" 200 13653 "-" "FeedBurner/1.0 (http://www.FeedBurner.com)"
85.17.88.169 - - [09/Mar/2012:15:48:18 -0800] "POST /blog/wp-cron.php?doing_wp_cron=1331336828 HTTP/1.0" 499 0 "-" "WordPress/3.3.1; http://yuvi.in/blog"
100.43.83.144 - - [09/Mar/2012:15:48:19 -0800] "GET /blog/measure-of-learning-epiphanies-per-session/ HTTP/1.1" 200 4912 "-" "Mozilla/5.0 (compatible; YandexBot/3.0; +http://yandex.com/bots)"
85.17.88.169 - - [09/Mar/2012:15:49:25 -0800] "POST /blog/wp-cron.php?doing_wp_cron=1331336895 HTTP/1.0" 499 0 "-" "WordPress/3.3.1; http://yuvi.in/blog"
180.76.5.153 - - [09/Mar/2012:15:49:25 -0800] "GET /blog/index.html HTTP/1.1" 404 3016 "-" "Mozilla/5.0 (compatible; Baiduspider/2.0; +http://www.baidu.com/search/spider.html)"
207.46.199.46 - - [09/Mar/2012:15:52:09 -0800] "GET / HTTP/1.1" 304 0 "-" "Mozilla/5.0 (compatible; bingbot/2.0; +http://www.bing.com/bingbot.htm)"
66.249.72.238 - - [09/Mar/2012:15:52:50 -0800] "GET /s/ta/1i1g/ HTTP/1.1" 302 427 "-" "Mozilla/5.0 (compatible; Googlebot/2.1; +http://www.google.com/bot.html)"
216.145.14.142 - - [09/Mar/2012:15:53:13 -0800] "GET /robots.txt HTTP/1.0" 404 169 "-" "Mozilla/5.0 (Windows; U; Windows NT 5.1; en; rv:1.9.0.13) Gecko/2009073022 Firefox/3.5.2 (.NET CLR 3.5.30729) SurveyBot/2.3 (DomainTools)"
216.145.14.142 - - [09/Mar/2012:15:53:13 -0800] "GET / HTTP/1.1" 200 1430 "http://whois.domaintools.com/tawp.in" "Mozilla/5.0 (Windows; U; Windows NT 5.1; en; rv:1.9.0.13) Gecko/2009073022 Firefox/3.5.2 (.NET CLR 3.5.30729) SurveyBot/2.3 (DomainTools)"
129.170.210.113 - - [09/Mar/2012:15:55:44 -0800] "GET /favicon.ico HTTP/1.1" 404 142 "http://prashanth-kamle.blogspot.com/2009/03/viterbi-algorithm-for-second-order.html" "Mozilla/5.0 (Macintosh; Intel Mac OS X 10_7_2) AppleWebKit/534.51.22 (KHTML, like Gecko) Version/5.1.1 Safari/534.51.22"
85.17.88.169 - - [09/Mar/2012:16:00:44 -0800] "POST /blog/wp-cron.php?doing_wp_cron=1331337574 HTTP/1.0" 499 0 "-" "WordPress/3.3.1; http://yuvi.in/blog"
209.85.238.248 - - [09/Mar/2012:16:00:45 -0800] "GET /blog/feed/ HTTP/1.1" 304 0 "-" "Feedfetcher-Google; (+http://www.google.com/feedfetcher.html; 18 subscribers; feed-id=15064232456473204253)"
208.115.113.84 - - [09/Mar/2012:16:00:56 -0800] "GET /robots.txt HTTP/1.1" 404 169 "-" "Mozilla/5.0 (compatible; Ezooms/1.0; ezooms.bot@gmail.com)"
66.249.72.238 - - [09/Mar/2012:16:01:15 -0800] "GET /s/ta/1y92/ HTTP/1.1" 302 355 "-" "Mozilla/5.0 (compatible; Googlebot/2.1; +http://www.google.com/bot.html)"
59.92.42.144 - - [09/Mar/2012:16:02:40 -0800] "-" 400 0 "-" "-"
59.92.42.144 - - [09/Mar/2012:16:02:41 -0800] "-" 400 0 "-" "-"
59.92.42.144 - - [09/Mar/2012:16:02:50 -0800] "-" 400 0 "-" "-"
59.92.42.144 - - [09/Mar/2012:16:02:50 -0800] "-" 400 0 "-" "-"
59.92.42.144 - - [09/Mar/2012:16:06:50 -0800] "-" 400 0 "-" "-"
59.92.42.144 - - [09/Mar/2012:16:07:21 -0800] "-" 400 0 "-" "-"
59.92.42.144 - - [09/Mar/2012:16:08:01 -0800] "-" 400 0 "-" "-"
59.92.42.144 - - [09/Mar/2012:16:08:01 -0800] "-" 400 0 "-" "-"
59.92.42.144 - - [09/Mar/2012:16:08:01 -0800] "-" 400 0 "-" "-"
85.17.88.169 - - [09/Mar/2012:16:09:00 -0800] "POST /blog/wp-cron.php?doing_wp_cron=1331338070 HTTP/1.0" 499 0 "-" "WordPress/3.3.1; http://yuvi.in/blog"
209.85.224.88 - - [09/Mar/2012:16:09:01 -0800] "GET /blog/feed HTTP/1.1" 304 0 "-" "FeedBurner/1.0 (http://www.FeedBurner.com)"
85.17.88.169 - - [09/Mar/2012:16:09:10 -0800] "POST /blog/wp-cron.php?doing_wp_cron=1331338080 HTTP/1.0" 499 0 "-" "WordPress/3.3.1; http://yuvi.in/blog"
101.226.33.174 - - [09/Mar/2012:16:09:11 -0800] "GET /blog/feed HTTP/1.0" 304 0 "-" "Mozilla/4.0 (compatible; Windows;)"
203.82.92.95 - - [09/Mar/2012:16:09:52 -0800] "GET /r/qge HTTP/1.1" 301 255 "http://ta.wikipedia.org/wiki/%E0%AE%85%E0%AE%B1%E0%AE%AE%E0%AF%8D" "Mozilla/4.0 (compatible; MSIE 8.0; Windows NT 6.1; Trident/4.0; GTB7.3; SLCC2; .NET CLR 2.0.50727; .NET CLR 3.5.30729; .NET CLR 3.0.30729; Media Center PC 6.0; InfoPath.3; Tablet PC 2.0)"
203.82.92.95 - - [09/Mar/2012:16:09:52 -0800] "GET /s/ta/qge/ HTTP/1.1" 302 313 "http://ta.wikipedia.org/wiki/%E0%AE%85%E0%AE%B1%E0%AE%AE%E0%AF%8D" "Mozilla/4.0 (compatible; MSIE 8.0; Windows NT 6.1; Trident/4.0; GTB7.3; SLCC2; .NET CLR 2.0.50727; .NET CLR 3.5.30729; .NET CLR 3.0.30729; Media Center PC 6.0; InfoPath.3; Tablet PC 2.0)"
209.85.238.248 - - [09/Mar/2012:16:10:14 -0800] "GET /blog/feed HTTP/1.1" 301 0 "-" "Feedfetcher-Google; (+http://www.google.com/feedfetcher.html; 3 subscribers; feed-id=17684830852112633560)"
209.85.238.248 - - [09/Mar/2012:16:10:15 -0800] "GET /blog/feed/ HTTP/1.1" 304 0 "-" "Feedfetcher-Google; (+http://www.google.com/feedfetcher.html; 3 subscribers; feed-id=17684830852112633560)"
178.137.167.112 - - [09/Mar/2012:16:11:11 -0800] "POST /blog//wp-content/plugins/allwebmenus-wordpress-menu-plugin/actions.php HTTP/1.1" 404 12307 "wp-admin/options-general.php?page=allwebmenus-wordpress-menu-plugin/allwebmenus-wordpress-menu.php" "Mozilla/5.0 (compatible; Googlebot/2.1; +http://www.google.com/bot.html)"
141.0.11.33 - - [09/Mar/2012:16:15:30 -0800] "-" 400 0 "-" "-"
66.249.72.238 - - [09/Mar/2012:16:17:54 -0800] "GET /s/ta/272/ HTTP/1.1" 302 403 "-" "Mozilla/5.0 (compatible; Googlebot/2.1; +http://www.google.com/bot.html)"
174.253.19.129 - - [09/Mar/2012:16:19:40 -0800] "GET /r/1va HTTP/1.1" 301 255 "-" "Mozilla/5.0 (iPhone; CPU iPhone OS 5_0_1 like Mac OS X) AppleWebKit/534.46 (KHTML, like Gecko) Mobile/9A405"
174.253.19.129 - - [09/Mar/2012:16:19:44 -0800] "GET /r/23z HTTP/1.1" 301 255 "-" "Mozilla/5.0 (iPhone; CPU iPhone OS 5_0_1 like Mac OS X) AppleWebKit/534.46 (KHTML, like Gecko) Mobile/9A405"
174.253.19.129 - - [09/Mar/2012:16:19:44 -0800] "GET /s/ta/23z/ HTTP/1.1" 302 397 "-" "Mozilla/5.0 (iPhone; CPU iPhone OS 5_0_1 like Mac OS X) AppleWebKit/534.46 (KHTML, like Gecko) Mobile/9A405"
115.241.27.82 - - [09/Mar/2012:16:23:35 -0800] "-" 400 0 "-" "-"
115.184.91.211 - - [09/Mar/2012:16:24:22 -0800] "GET /r/2ols HTTP/1.1" 301 257 "http://www.facebook.com/l.php?u=http%3A%2F%2Ftawp.in%2Fr%2F2ols&h=kAQGclUOfAQEdELkn7qQauy-gC--i5J_0YUIK3gd-U1ffAA" "Mozilla/5.0 (Windows NT 5.1; rv:10.0.2) Gecko/20100101 Firefox/10.0.2"
115.184.91.211 - - [09/Mar/2012:16:24:22 -0800] "GET /s/ta/2ols/ HTTP/1.1" 302 469 "http://www.facebook.com/l.php?u=http%3A%2F%2Ftawp.in%2Fr%2F2ols&h=kAQGclUOfAQEdELkn7qQauy-gC--i5J_0YUIK3gd-U1ffAA" "Mozilla/5.0 (Windows NT 5.1; rv:10.0.2) Gecko/20100101 Firefox/10.0.2"
115.184.91.211 - - [09/Mar/2012:16:24:27 -0800] "-" 400 0 "-" "-"
207.46.204.168 - - [09/Mar/2012:16:28:34 -0800] "-" 400 0 "-" "-"
207.46.204.168 - - [09/Mar/2012:16:28:37 -0800] "-" 400 0 "-" "-"
207.46.204.168 - - [09/Mar/2012:16:28:39 -0800] "-" 400 0 "-" "-"
207.46.204.168 - - [09/Mar/2012:16:28:39 -0800] "-" 400 0 "-" "-"
207.46.204.168 - - [09/Mar/2012:16:28:39 -0800] "-" 400 0 "-" "-"
207.46.204.168 - - [09/Mar/2012:16:28:39 -0800] "-" 400 0 "-" "-"
207.46.204.168 - - [09/Mar/2012:16:28:41 -0800] "-" 400 0 "-" "-"
207.46.204.168 - - [09/Mar/2012:16:28:41 -0800] "-" 400 0 "-" "-"
207.46.204.168 - - [09/Mar/2012:16:28:41 -0800] "-" 400 0 "-" "-"
207.46.204.168 - - [09/Mar/2012:16:29:17 -0800] "-" 400 0 "-" "-"
207.46.204.168 - - [09/Mar/2012:16:29:17 -0800] "-" 400 0 "-" "-"
66.249.72.238 - - [09/Mar/2012:16:33:52 -0800] "GET /r/2gav%3E HTTP/1.1" 301 263 "-" "Mozilla/5.0 (compatible; Googlebot/2.1; +http://www.google.com/bot.html)"
66.249.72.238 - - [09/Mar/2012:16:33:53 -0800] "GET /s/ta/2gav%3E/ HTTP/1.1" 502 173 "-" "Mozilla/5.0 (compatible; Googlebot/2.1; +http://www.google.com/bot.html)"
85.17.88.169 - - [09/Mar/2012:16:39:09 -0800] "POST /blog/wp-cron.php?doing_wp_cron=1331339878 HTTP/1.0" 499 0 "-" "WordPress/3.3.1; http://yuvi.in/blog"
209.85.224.87 - - [09/Mar/2012:16:39:09 -0800] "GET /blog/feed HTTP/1.1" 304 0 "-" "FeedBurner/1.0 (http://www.FeedBurner.com)"
209.85.224.86 - - [09/Mar/2012:16:41:29 -0800] "GET /stories/feed HTTP/1.1" 200 13653 "-" "FeedBurner/1.0 (http://www.FeedBurner.com)"
66.249.72.238 - - [09/Mar/2012:16:43:05 -0800] "GET /s/ta/2l7d/ HTTP/1.1" 302 425 "-" "Mozilla/5.0 (compatible; Googlebot/2.1; +http://www.google.com/bot.html)"
180.76.5.100 - - [09/Mar/2012:16:45:33 -0800] "GET / HTTP/1.1" 200 3439 "-" "Mozilla/5.0 (compatible; Baiduspider/2.0; +http://www.baidu.com/search/spider.html)"
207.241.237.206 - - [09/Mar/2012:16:46:30 -0800] "GET /robots.txt HTTP/1.0" 404 169 "-" "Mozilla/5.0 (compatible; archive.org_bot +http://www.archive.org/details/archive.org_bot)"
207.241.237.206 - - [09/Mar/2012:16:46:34 -0800] "GET /header.png HTTP/1.0" 200 14249 "-" "Mozilla/5.0 (compatible; archive.org_bot +http://www.archive.org/details/archive.org_bot)"
207.46.204.162 - - [09/Mar/2012:16:47:52 -0800] "-" 400 0 "-" "-"
207.46.204.162 - - [09/Mar/2012:16:47:53 -0800] "-" 400 0 "-" "-"
207.46.204.162 - - [09/Mar/2012:16:47:54 -0800] "-" 400 0 "-" "-"
207.46.204.162 - - [09/Mar/2012:16:47:54 -0800] "-" 400 0 "-" "-"
207.46.204.162 - - [09/Mar/2012:16:47:54 -0800] "-" 400 0 "-" "-"
207.46.204.162 - - [09/Mar/2012:16:47:55 -0800] "-" 400 0 "-" "-"
207.46.204.162 - - [09/Mar/2012:16:47:55 -0800] "-" 400 0 "-" "-"
207.46.204.162 - - [09/Mar/2012:16:47:56 -0800] "-" 400 0 "-" "-"
207.46.204.162 - - [09/Mar/2012:16:47:56 -0800] "-" 400 0 "-" "-"
207.46.204.162 - - [09/Mar/2012:16:47:56 -0800] "-" 400 0 "-" "-"
207.46.204.162 - - [09/Mar/2012:16:48:41 -0800] "-" 400 0 "-" "-"
207.46.204.170 - - [09/Mar/2012:16:48:57 -0800] "-" 400 0 "-" "-"
207.46.204.170 - - [09/Mar/2012:16:49:00 -0800] "-" 400 0 "-" "-"
207.46.204.170 - - [09/Mar/2012:16:49:01 -0800] "-" 400 0 "-" "-"
207.46.204.170 - - [09/Mar/2012:16:49:01 -0800] "-" 400 0 "-" "-"
207.46.204.170 - - [09/Mar/2012:16:49:01 -0800] "-" 400 0 "-" "-"
207.46.204.170 - - [09/Mar/2012:16:49:02 -0800] "-" 400 0 "-" "-"
207.46.204.170 - - [09/Mar/2012:16:49:02 -0800] "-" 400 0 "-" "-"
207.46.204.170 - - [09/Mar/2012:16:49:02 -0800] "-" 400 0 "-" "-"
207.46.204.170 - - [09/Mar/2012:16:49:02 -0800] "-" 400 0 "-" "-"
207.46.204.170 - - [09/Mar/2012:16:49:03 -0800] "-" 400 0 "-" "-"
207.241.237.206 - - [09/Mar/2012:16:49:57 -0800] "GET /blueprint/screen.css HTTP/1.0" 200 12058 "-" "Mozilla/5.0 (compatible; archive.org_bot +http://www.archive.org/details/archive.org_bot)"
59.92.42.144 - - [09/Mar/2012:16:50:19 -0800] "-" 400 0 "-" "-"
59.92.42.144 - - [09/Mar/2012:16:50:19 -0800] "-" 400 0 "-" "-"
59.92.42.144 - - [09/Mar/2012:16:50:19 -0800] "-" 400 0 "-" "-"
59.92.42.144 - - [09/Mar/2012:16:50:19 -0800] "-" 400 0 "-" "-"
59.92.42.144 - - [09/Mar/2012:16:50:19 -0800] "-" 400 0 "-" "-"
59.92.42.144 - - [09/Mar/2012:16:50:19 -0800] "-" 400 0 "-" "-"
66.249.72.238 - - [09/Mar/2012:16:51:08 -0800] "GET /s/ta/240../ HTTP/1.1" 502 173 "-" "Mozilla/5.0 (compatible; Googlebot/2.1; +http://www.google.com/bot.html)"
67.188.133.158 - - [09/Mar/2012:16:52:18 -0800] "GET / HTTP/1.1" 200 1430 "-" "Reeder/1.5.4 CFNetwork/548.1.4 Darwin/11.0.0"
67.188.133.158 - - [09/Mar/2012:16:52:18 -0800] "GET /favicon.ico HTTP/1.1" 404 142 "-" "Reeder/1.5.4 CFNetwork/548.1.4 Darwin/11.0.0"
67.188.133.158 - - [09/Mar/2012:16:52:18 -0800] "GET / HTTP/1.1" 200 1430 "-" "Reeder/1.5.4 CFNetwork/548.1.4 Darwin/11.0.0"
67.188.133.158 - - [09/Mar/2012:16:52:18 -0800] "GET /apple-touch-icon.png HTTP/1.1" 404 142 "-" "Reeder/1.5.4 CFNetwork/548.1.4 Darwin/11.0.0"
67.188.133.158 - - [09/Mar/2012:16:52:18 -0800] "GET /apple-touch-icon-precomposed.png HTTP/1.1" 404 142 "-" "Reeder/1.5.4 CFNetwork/548.1.4 Darwin/11.0.0"
59.92.42.144 - - [09/Mar/2012:16:55:00 -0800] "-" 400 0 "-" "-"
59.92.42.144 - - [09/Mar/2012:16:55:30 -0800] "-" 400 0 "-" "-"
59.92.42.144 - - [09/Mar/2012:16:55:30 -0800] "-" 400 0 "-" "-"
59.92.42.144 - - [09/Mar/2012:16:55:30 -0800] "-" 400 0 "-" "-"
59.92.42.144 - - [09/Mar/2012:16:55:30 -0800] "-" 400 0 "-" "-"
59.92.42.144 - - [09/Mar/2012:16:55:30 -0800] "-" 400 0 "-" "-"
59.92.42.144 - - [09/Mar/2012:16:55:50 -0800] "-" 400 0 "-" "-"
59.92.42.144 - - [09/Mar/2012:16:55:50 -0800] "-" 400 0 "-" "-"
207.241.237.206 - - [09/Mar/2012:16:56:53 -0800] "GET /blueprint/print.css HTTP/1.0" 200 1284 "-" "Mozilla/5.0 (compatible; archive.org_bot +http://www.archive.org/details/archive.org_bot)"
117.216.41.113 - - [09/Mar/2012:16:58:30 -0800] "-" 400 0 "-" "-"
208.115.111.68 - - [09/Mar/2012:16:59:15 -0800] "GET /robots.txt HTTP/1.1" 404 169 "-" "Mozilla/5.0 (compatible; Ezooms/1.0; ezooms.bot@gmail.com)"
59.92.42.144 - - [09/Mar/2012:17:00:10 -0800] "-" 400 0 "-" "-"
117.216.41.113 - - [09/Mar/2012:17:00:50 -0800] "-" 400 0 "-" "-"
203.116.251.235 - - [09/Mar/2012:17:02:39 -0800] "GET /s/ta/23z/ HTTP/1.1" 302 397 "-" "Mozilla/5.0 (iPhone; CPU iPhone OS 5_0_1 like Mac OS X) AppleWebKit/534.46 (KHTML, like Gecko) Mobile/9A405"
14.99.13.27 - - [09/Mar/2012:17:02:48 -0800] "-" 400 0 "-" "-"
85.17.88.169 - - [09/Mar/2012:17:03:17 -0800] "POST /blog/wp-cron.php?doing_wp_cron=1331341327 HTTP/1.0" 499 0 "-" "WordPress/3.3.1; http://yuvi.in/blog"
209.85.238.248 - - [09/Mar/2012:17:03:17 -0800] "GET /blog/feed/ HTTP/1.1" 304 0 "-" "Feedfetcher-Google; (+http://www.google.com/feedfetcher.html; 18 subscribers; feed-id=15064232456473204253)"
141.0.10.43 - - [09/Mar/2012:17:04:20 -0800] "-" 400 0 "-" "-"
141.0.10.43 - - [09/Mar/2012:17:04:20 -0800] "-" 400 0 "-" "-"
208.115.111.68 - - [09/Mar/2012:17:07:38 -0800] "GET / HTTP/1.1" 200 3439 "-" "Mozilla/5.0 (compatible; Ezooms/1.0; ezooms.bot@gmail.com)"
85.17.88.169 - - [09/Mar/2012:17:09:15 -0800] "POST /blog/wp-cron.php?doing_wp_cron=1331341685 HTTP/1.0" 499 0 "-" "WordPress/3.3.1; http://yuvi.in/blog"
209.85.224.81 - - [09/Mar/2012:17:09:16 -0800] "GET /blog/feed HTTP/1.1" 304 0 "-" "FeedBurner/1.0 (http://www.FeedBurner.com)"
117.203.112.114 - - [09/Mar/2012:17:11:26 -0800] "-" 400 0 "-" "-"
85.17.88.169 - - [09/Mar/2012:17:11:29 -0800] "POST /blog/wp-cron.php?doing_wp_cron=1331341819 HTTP/1.0" 499 0 "-" "WordPress/3.3.1; http://yuvi.in/blog"
208.115.113.84 - - [09/Mar/2012:17:11:31 -0800] "GET /blog/my-first-accepted-patch/ HTTP/1.1" 200 16749 "-" "Mozilla/5.0 (compatible; Ezooms/1.0; ezooms.bot@gmail.com)"
85.17.88.169 - - [09/Mar/2012:17:11:42 -0800] "POST /blog/wp-cron.php?doing_wp_cron=1331341832 HTTP/1.0" 499 0 "-" "WordPress/3.3.1; http://yuvi.in/blog"
208.115.113.84 - - [09/Mar/2012:17:11:42 -0800] "GET /blog/treat-of-a-lifetime/feed/ HTTP/1.1" 200 747 "-" "Mozilla/5.0 (compatible; Ezooms/1.0; ezooms.bot@gmail.com)"
207.46.12.76 - - [09/Mar/2012:17:11:46 -0800] "-" 400 0 "-" "-"
207.46.12.76 - - [09/Mar/2012:17:11:48 -0800] "-" 400 0 "-" "-"
207.46.12.76 - - [09/Mar/2012:17:11:48 -0800] "-" 400 0 "-" "-"
207.46.12.76 - - [09/Mar/2012:17:11:48 -0800] "-" 400 0 "-" "-"
207.46.12.76 - - [09/Mar/2012:17:11:48 -0800] "-" 400 0 "-" "-"
207.46.12.76 - - [09/Mar/2012:17:11:49 -0800] "-" 400 0 "-" "-"
207.46.12.76 - - [09/Mar/2012:17:11:50 -0800] "-" 400 0 "-" "-"
207.46.12.76 - - [09/Mar/2012:17:11:50 -0800] "-" 400 0 "-" "-"
207.46.12.76 - - [09/Mar/2012:17:11:50 -0800] "-" 400 0 "-" "-"
207.46.12.76 - - [09/Mar/2012:17:11:50 -0800] "-" 400 0 "-" "-"
117.193.148.198 - - [09/Mar/2012:17:11:53 -0800] "-" 400 0 "-" "-"
207.46.12.76 - - [09/Mar/2012:17:12:30 -0800] "-" 400 0 "-" "-"
98.180.220.78 - - [09/Mar/2012:17:15:11 -0800] "GET / HTTP/1.1" 200 1430 "-" "Reeder/1010.59.00 CFNetwork/520.3.2 Darwin/11.3.0 (x86_64) (MacBookPro8%2C1)"
98.180.220.78 - - [09/Mar/2012:17:15:11 -0800] "GET /favicon.ico HTTP/1.1" 404 142 "-" "Reeder/1010.59.00 CFNetwork/520.3.2 Darwin/11.3.0 (x86_64) (MacBookPro8%2C1)"
98.180.220.78 - - [09/Mar/2012:17:15:12 -0800] "GET / HTTP/1.1" 200 1430 "-" "Reeder/1010.59.00 CFNetwork/520.3.2 Darwin/11.3.0 (x86_64) (MacBookPro8%2C1)"
98.180.220.78 - - [09/Mar/2012:17:15:12 -0800] "GET /apple-touch-icon.png HTTP/1.1" 404 142 "-" "Reeder/1010.59.00 CFNetwork/520.3.2 Darwin/11.3.0 (x86_64) (MacBookPro8%2C1)"
98.180.220.78 - - [09/Mar/2012:17:15:12 -0800] "GET /apple-touch-icon-precomposed.png HTTP/1.1" 404 142 "-" "Reeder/1010.59.00 CFNetwork/520.3.2 Darwin/11.3.0 (x86_64) (MacBookPro8%2C1)"
180.76.6.26 - - [09/Mar/2012:17:15:56 -0800] "GET /blog/cheese-gsoc-report-week-4.html HTTP/1.1" 200 2433 "-" "Mozilla/5.0 (compatible; Baiduspider/2.0; +http://www.baidu.com/search/spider.html)"
