85.17.88.169 - - [26/Mar/2012:10:20:34 -0700] "POST /blog/wp-cron.php?doing_wp_cron=1332782231 HTTP/1.0" 499 0 "-" "WordPress/3.3.1; http://yuvi.in/blog"
209.85.224.93 - - [26/Mar/2012:10:20:35 -0700] "GET /blog/feed HTTP/1.1" 304 0 "-" "FeedBurner/1.0 (http://www.FeedBurner.com)"
207.46.199.149 - - [26/Mar/2012:10:20:47 -0700] "-" 400 0 "-" "-"
59.92.148.169 - - [26/Mar/2012:10:20:58 -0700] "-" 400 0 "-" "-"
117.206.81.200 - - [26/Mar/2012:10:21:03 -0700] "GET /r/1he7 HTTP/1.1" 301 257 "http://ta.wikipedia.org/wiki/%E0%AE%AF%E0%AF%8B%E0%AE%95%E0%AE%BE" "Mozilla/5.0 (Windows NT 5.1) AppleWebKit/535.11 (KHTML, like Gecko) Chrome/17.0.963.83 Safari/535.11"
117.206.81.200 - - [26/Mar/2012:10:21:04 -0700] "GET /s/ta/1he7/ HTTP/1.1" 302 313 "http://ta.wikipedia.org/wiki/%E0%AE%AF%E0%AF%8B%E0%AE%95%E0%AE%BE" "Mozilla/5.0 (Windows NT 5.1) AppleWebKit/535.11 (KHTML, like Gecko) Chrome/17.0.963.83 Safari/535.11"
98.172.15.254 - - [26/Mar/2012:10:21:04 -0700] "GET /favicon.ico HTTP/1.1" 404 169 "-" "Caffeinated/1.1.1 CFNetwork/520.3.2 Darwin/11.3.0 (x86_64) (MacBookPro8%2C1)"
117.206.81.200 - - [26/Mar/2012:10:21:18 -0700] "-" 400 0 "-" "-"
98.172.15.254 - - [26/Mar/2012:10:21:40 -0700] "GET /favicon.ico HTTP/1.1" 404 169 "-" "Caffeinated/1.1.1 CFNetwork/520.3.2 Darwin/11.3.0 (x86_64) (MacBookPro8%2C1)"
98.172.15.254 - - [26/Mar/2012:10:22:38 -0700] "GET /favicon.ico HTTP/1.1" 404 169 "-" "Caffeinated/1.1.1 CFNetwork/520.3.2 Darwin/11.3.0 (x86_64) (MacBookPro8%2C1)"
117.202.95.215 - - [26/Mar/2012:10:22:52 -0700] "-" 400 0 "-" "-"
223.190.199.229 - - [26/Mar/2012:10:23:05 -0700] "-" 400 0 "-" "-"
98.172.15.254 - - [26/Mar/2012:10:23:09 -0700] "GET / HTTP/1.1" 304 0 "-" "Caffeinated/1.1.1 CFNetwork/520.3.2 Darwin/11.3.0 (x86_64) (MacBookPro8%2C1)"
98.172.15.254 - - [26/Mar/2012:10:23:09 -0700] "GET /favicon.ico HTTP/1.1" 404 169 "-" "Caffeinated/1.1.1 CFNetwork/520.3.2 Darwin/11.3.0 (x86_64) (MacBookPro8%2C1)"
220.225.28.89 - - [26/Mar/2012:10:23:50 -0700] "-" 400 0 "-" "-"
115.184.47.70 - - [26/Mar/2012:10:23:59 -0700] "-" 400 0 "-" "-"
98.172.15.254 - - [26/Mar/2012:10:24:08 -0700] "GET /favicon.ico HTTP/1.1" 404 169 "-" "Caffeinated/1.1.1 CFNetwork/520.3.2 Darwin/11.3.0 (x86_64) (MacBookPro8%2C1)"
98.172.15.254 - - [26/Mar/2012:10:24:40 -0700] "GET /favicon.ico HTTP/1.1" 404 169 "-" "Caffeinated/1.1.1 CFNetwork/520.3.2 Darwin/11.3.0 (x86_64) (MacBookPro8%2C1)"
112.79.43.88 - - [26/Mar/2012:10:25:32 -0700] "-" 400 0 "-" "-"
98.172.15.254 - - [26/Mar/2012:10:25:38 -0700] "GET /favicon.ico HTTP/1.1" 404 169 "-" "Caffeinated/1.1.1 CFNetwork/520.3.2 Darwin/11.3.0 (x86_64) (MacBookPro8%2C1)"
85.17.88.169 - - [26/Mar/2012:10:26:04 -0700] "POST /blog/wp-cron.php?doing_wp_cron=1332782561 HTTP/1.0" 499 0 "-" "WordPress/3.3.1; http://yuvi.in/blog"
209.85.238.115 - - [26/Mar/2012:10:26:05 -0700] "GET /blog/feed/ HTTP/1.1" 304 0 "-" "Feedfetcher-Google; (+http://www.google.com/feedfetcher.html; 18 subscribers; feed-id=15064232456473204253)"
98.172.15.254 - - [26/Mar/2012:10:26:08 -0700] "GET /favicon.ico HTTP/1.1" 404 169 "-" "Caffeinated/1.1.1 CFNetwork/520.3.2 Darwin/11.3.0 (x86_64) (MacBookPro8%2C1)"
98.172.15.254 - - [26/Mar/2012:10:27:07 -0700] "GET /favicon.ico HTTP/1.1" 404 169 "-" "Caffeinated/1.1.1 CFNetwork/520.3.2 Darwin/11.3.0 (x86_64) (MacBookPro8%2C1)"
98.172.15.254 - - [26/Mar/2012:10:27:41 -0700] "GET /favicon.ico HTTP/1.1" 404 169 "-" "Caffeinated/1.1.1 CFNetwork/520.3.2 Darwin/11.3.0 (x86_64) (MacBookPro8%2C1)"
85.17.88.169 - - [26/Mar/2012:10:28:34 -0700] "POST /blog/wp-cron.php?doing_wp_cron=1332782710 HTTP/1.0" 499 0 "-" "WordPress/3.3.1; http://yuvi.in/blog"
188.227.176.154 - - [26/Mar/2012:10:28:34 -0700] "GET /blog/ HTTP/1.0" 200 33142 "http://yuvi.in/blog/" "Mozilla/2.0 (compatible; MSIE 3.02; Windows CE; 240x320)"
98.172.15.254 - - [26/Mar/2012:10:28:40 -0700] "GET / HTTP/1.1" 304 0 "-" "Caffeinated/1.1.1 CFNetwork/520.3.2 Darwin/11.3.0 (x86_64) (MacBookPro8%2C1)"
98.172.15.254 - - [26/Mar/2012:10:28:40 -0700] "GET /favicon.ico HTTP/1.1" 404 169 "-" "Caffeinated/1.1.1 CFNetwork/520.3.2 Darwin/11.3.0 (x86_64) (MacBookPro8%2C1)"
117.202.95.215 - - [26/Mar/2012:10:28:52 -0700] "-" 400 0 "-" "-"
98.172.15.254 - - [26/Mar/2012:10:29:19 -0700] "GET /favicon.ico HTTP/1.1" 404 169 "-" "Caffeinated/1.1.1 CFNetwork/520.3.2 Darwin/11.3.0 (x86_64) (MacBookPro8%2C1)"
117.202.95.215 - - [26/Mar/2012:10:29:32 -0700] "-" 400 0 "-" "-"
207.46.204.166 - - [26/Mar/2012:10:29:33 -0700] "-" 400 0 "-" "-"
207.46.204.166 - - [26/Mar/2012:10:29:34 -0700] "-" 400 0 "-" "-"
207.46.204.166 - - [26/Mar/2012:10:29:35 -0700] "-" 400 0 "-" "-"
207.46.204.166 - - [26/Mar/2012:10:29:35 -0700] "-" 400 0 "-" "-"
207.46.204.166 - - [26/Mar/2012:10:29:35 -0700] "-" 400 0 "-" "-"
207.46.204.166 - - [26/Mar/2012:10:29:35 -0700] "-" 400 0 "-" "-"
207.46.204.166 - - [26/Mar/2012:10:29:36 -0700] "-" 400 0 "-" "-"
207.46.204.166 - - [26/Mar/2012:10:29:36 -0700] "-" 400 0 "-" "-"
207.46.204.166 - - [26/Mar/2012:10:29:36 -0700] "-" 400 0 "-" "-"
207.46.204.166 - - [26/Mar/2012:10:29:38 -0700] "-" 400 0 "-" "-"
117.202.95.215 - - [26/Mar/2012:10:29:42 -0700] "-" 400 0 "-" "-"
117.202.95.215 - - [26/Mar/2012:10:29:42 -0700] "-" 400 0 "-" "-"
117.202.95.215 - - [26/Mar/2012:10:29:42 -0700] "-" 400 0 "-" "-"
117.202.95.215 - - [26/Mar/2012:10:29:42 -0700] "-" 400 0 "-" "-"
207.46.204.166 - - [26/Mar/2012:10:29:48 -0700] "-" 400 0 "-" "-"
98.172.15.254 - - [26/Mar/2012:10:30:19 -0700] "GET /favicon.ico HTTP/1.1" 404 169 "-" "Caffeinated/1.1.1 CFNetwork/520.3.2 Darwin/11.3.0 (x86_64) (MacBookPro8%2C1)"
117.202.95.215 - - [26/Mar/2012:10:30:22 -0700] "-" 400 0 "-" "-"
98.172.15.254 - - [26/Mar/2012:10:30:51 -0700] "GET /favicon.ico HTTP/1.1" 404 169 "-" "Caffeinated/1.1.1 CFNetwork/520.3.2 Darwin/11.3.0 (x86_64) (MacBookPro8%2C1)"
117.202.95.215 - - [26/Mar/2012:10:31:02 -0700] "-" 400 0 "-" "-"
85.17.88.169 - - [26/Mar/2012:10:31:18 -0700] "POST /blog/wp-cron.php?doing_wp_cron=1332782874 HTTP/1.0" 499 0 "-" "WordPress/3.3.1; http://yuvi.in/blog"
100.43.83.144 - - [26/Mar/2012:10:31:18 -0700] "GET /r/3u8 HTTP/1.1" 301 255 "-" "Mozilla/5.0 (compatible; YandexBot/3.0; +http://yandex.com/bots)"
100.43.83.144 - - [26/Mar/2012:10:31:18 -0700] "GET /blog/2011/12/ HTTP/1.1" 200 13429 "-" "Mozilla/5.0 (compatible; YandexBot/3.0; +http://yandex.com/bots)"
220.181.108.162 - - [26/Mar/2012:10:31:37 -0700] "GET /blog/tag/cheese.html HTTP/1.1" 200 7974 "-" "Mozilla/5.0 (compatible; Baiduspider/2.0; +http://www.baidu.com/search/spider.html)"
98.172.15.254 - - [26/Mar/2012:10:31:48 -0700] "GET /favicon.ico HTTP/1.1" 404 169 "-" "Caffeinated/1.1.1 CFNetwork/520.3.2 Darwin/11.3.0 (x86_64) (MacBookPro8%2C1)"
98.172.15.254 - - [26/Mar/2012:10:32:21 -0700] "GET /favicon.ico HTTP/1.1" 404 169 "-" "Caffeinated/1.1.1 CFNetwork/520.3.2 Darwin/11.3.0 (x86_64) (MacBookPro8%2C1)"
66.249.68.52 - - [26/Mar/2012:10:32:53 -0700] "GET /r/akd HTTP/1.1" 301 255 "-" "Mozilla/5.0 (compatible; Googlebot/2.1; +http://www.google.com/bot.html)"
66.249.68.52 - - [26/Mar/2012:10:32:54 -0700] "GET /s/ta/akd/ HTTP/1.1" 302 609 "-" "Mozilla/5.0 (compatible; Googlebot/2.1; +http://www.google.com/bot.html)"
98.172.15.254 - - [26/Mar/2012:10:33:21 -0700] "GET /favicon.ico HTTP/1.1" 404 169 "-" "Caffeinated/1.1.1 CFNetwork/520.3.2 Darwin/11.3.0 (x86_64) (MacBookPro8%2C1)"
98.172.15.254 - - [26/Mar/2012:10:33:53 -0700] "GET / HTTP/1.1" 304 0 "-" "Caffeinated/1.1.1 CFNetwork/520.3.2 Darwin/11.3.0 (x86_64) (MacBookPro8%2C1)"
98.172.15.254 - - [26/Mar/2012:10:33:53 -0700] "GET /favicon.ico HTTP/1.1" 404 169 "-" "Caffeinated/1.1.1 CFNetwork/520.3.2 Darwin/11.3.0 (x86_64) (MacBookPro8%2C1)"
220.225.28.89 - - [26/Mar/2012:10:34:14 -0700] "-" 400 0 "-" "-"
207.46.193.59 - - [26/Mar/2012:10:34:31 -0700] "-" 400 0 "-" "-"
207.46.193.59 - - [26/Mar/2012:10:34:31 -0700] "-" 400 0 "-" "-"
207.46.193.59 - - [26/Mar/2012:10:34:31 -0700] "-" 400 0 "-" "-"
207.46.193.59 - - [26/Mar/2012:10:34:31 -0700] "-" 400 0 "-" "-"
207.46.193.59 - - [26/Mar/2012:10:34:31 -0700] "-" 400 0 "-" "-"
207.46.193.59 - - [26/Mar/2012:10:34:32 -0700] "-" 400 0 "-" "-"
207.46.193.59 - - [26/Mar/2012:10:34:32 -0700] "-" 400 0 "-" "-"
207.46.193.59 - - [26/Mar/2012:10:34:32 -0700] "-" 400 0 "-" "-"
207.46.193.59 - - [26/Mar/2012:10:34:32 -0700] "-" 400 0 "-" "-"
207.46.193.59 - - [26/Mar/2012:10:34:32 -0700] "-" 400 0 "-" "-"
207.46.193.59 - - [26/Mar/2012:10:34:32 -0700] "-" 400 0 "-" "-"
98.172.15.254 - - [26/Mar/2012:10:34:54 -0700] "GET /favicon.ico HTTP/1.1" 404 169 "-" "Caffeinated/1.1.1 CFNetwork/520.3.2 Darwin/11.3.0 (x86_64) (MacBookPro8%2C1)"
223.187.110.222 - - [26/Mar/2012:10:35:40 -0700] "GET /r/2x10 HTTP/1.1" 301 257 "http://ta.wikipedia.org/wiki/%E0%AE%A4%E0%AE%BE%E0%AE%A9%E0%AF%87_%E0%AE%AA%E0%AF%81%E0%AE%AF%E0%AE%B2%E0%AF%8D" "Mozilla/5.0 (Windows NT 6.1; WOW64) AppleWebKit/535.11 (KHTML, like Gecko) Chrome/17.0.963.79 Safari/535.11"
98.172.15.254 - - [26/Mar/2012:10:35:40 -0700] "GET /favicon.ico HTTP/1.1" 404 169 "-" "Caffeinated/1.1.1 CFNetwork/520.3.2 Darwin/11.3.0 (x86_64) (MacBookPro8%2C1)"
223.187.110.222 - - [26/Mar/2012:10:35:40 -0700] "GET /s/ta/2x10/ HTTP/1.1" 302 377 "http://ta.wikipedia.org/wiki/%E0%AE%A4%E0%AE%BE%E0%AE%A9%E0%AF%87_%E0%AE%AA%E0%AF%81%E0%AE%AF%E0%AE%B2%E0%AF%8D" "Mozilla/5.0 (Windows NT 6.1; WOW64) AppleWebKit/535.11 (KHTML, like Gecko) Chrome/17.0.963.79 Safari/535.11"
69.171.228.250 - - [26/Mar/2012:10:35:44 -0700] "GET /r/1eg5 HTTP/1.1" 301 257 "-" "facebookexternalhit/1.1 (+http://www.facebook.com/externalhit_uatext.php)"
69.171.228.245 - - [26/Mar/2012:10:35:47 -0700] "GET /s/ta/1eg5/ HTTP/1.1" 302 337 "-" "facebookexternalhit/1.1 (+http://www.facebook.com/externalhit_uatext.php)"
223.187.110.222 - - [26/Mar/2012:10:35:55 -0700] "-" 400 0 "-" "-"
98.172.15.254 - - [26/Mar/2012:10:36:27 -0700] "GET /favicon.ico HTTP/1.1" 404 169 "-" "Caffeinated/1.1.1 CFNetwork/520.3.2 Darwin/11.3.0 (x86_64) (MacBookPro8%2C1)"
14.96.233.62 - - [26/Mar/2012:10:36:34 -0700] "-" 400 0 "-" "-"
14.96.233.62 - - [26/Mar/2012:10:36:34 -0700] "-" 400 0 "-" "-"
14.96.233.62 - - [26/Mar/2012:10:36:34 -0700] "-" 400 0 "-" "-"
14.96.233.62 - - [26/Mar/2012:10:36:34 -0700] "-" 400 0 "-" "-"
14.96.233.62 - - [26/Mar/2012:10:36:54 -0700] "-" 400 0 "-" "-"
98.172.15.254 - - [26/Mar/2012:10:37:03 -0700] "GET /favicon.ico HTTP/1.1" 404 169 "-" "Caffeinated/1.1.1 CFNetwork/520.3.2 Darwin/11.3.0 (x86_64) (MacBookPro8%2C1)"
98.172.15.254 - - [26/Mar/2012:10:37:58 -0700] "GET /favicon.ico HTTP/1.1" 404 169 "-" "Caffeinated/1.1.1 CFNetwork/520.3.2 Darwin/11.3.0 (x86_64) (MacBookPro8%2C1)"
82.21.139.52 - - [26/Mar/2012:10:38:33 -0700] "GET /r/1gey HTTP/1.1" 301 257 "http://translate.googleusercontent.com/translate_c?hl=en&rurl=translate.google.com&sl=auto&tl=en&u=http://ta.wikipedia.org/wiki/%25E0%25AE%259C%25E0%25AE%25BE%25E0%25AE%25B5%25E0%25AE%25BE_%25E0%25AE%259A%25E0%25AE%25B0%25E0%25AF%258D%25E0%25AE%25B5%25E0%25AE%25B0%25E0%25AF%258D_%25E0%25AE%25AA%25E0%25AF%2587%25E0%25AE%259C%25E0%25AE%25B8%25E0%25AF%258D&usg=ALkJrhi_bHBtmK1obf9AYdiuOrI77bR4BA" "Mozilla/5.0 (Windows NT 5.1; rv:11.0) Gecko/20100101 Firefox/11.0"
82.21.139.52 - - [26/Mar/2012:10:38:34 -0700] "GET /s/ta/1gey/ HTTP/1.1" 302 453 "http://translate.googleusercontent.com/translate_c?hl=en&rurl=translate.google.com&sl=auto&tl=en&u=http://ta.wikipedia.org/wiki/%25E0%25AE%259C%25E0%25AE%25BE%25E0%25AE%25B5%25E0%25AE%25BE_%25E0%25AE%259A%25E0%25AE%25B0%25E0%25AF%258D%25E0%25AE%25B5%25E0%25AE%25B0%25E0%25AF%258D_%25E0%25AE%25AA%25E0%25AF%2587%25E0%25AE%259C%25E0%25AE%25B8%25E0%25AF%258D&usg=ALkJrhi_bHBtmK1obf9AYdiuOrI77bR4BA" "Mozilla/5.0 (Windows NT 5.1; rv:11.0) Gecko/20100101 Firefox/11.0"
98.172.15.254 - - [26/Mar/2012:10:38:34 -0700] "GET /favicon.ico HTTP/1.1" 404 169 "-" "Caffeinated/1.1.1 CFNetwork/520.3.2 Darwin/11.3.0 (x86_64) (MacBookPro8%2C1)"
209.85.228.81 - - [26/Mar/2012:10:39:03 -0700] "GET /favicon.ico HTTP/1.1" 404 142 "-" "-"
117.193.7.30 - - [26/Mar/2012:10:39:27 -0700] "-" 400 0 "-" "-"
117.193.7.30 - - [26/Mar/2012:10:39:27 -0700] "-" 400 0 "-" "-"
98.172.15.254 - - [26/Mar/2012:10:39:28 -0700] "GET / HTTP/1.1" 304 0 "-" "Caffeinated/1.1.1 CFNetwork/520.3.2 Darwin/11.3.0 (x86_64) (MacBookPro8%2C1)"
98.172.15.254 - - [26/Mar/2012:10:39:28 -0700] "GET /favicon.ico HTTP/1.1" 404 169 "-" "Caffeinated/1.1.1 CFNetwork/520.3.2 Darwin/11.3.0 (x86_64) (MacBookPro8%2C1)"
78.143.142.168 - - [26/Mar/2012:10:39:36 -0700] "GET /POSM/ HTTP/1.1" 200 1963 "-" "Mozilla/5.0 (Macintosh; Intel Mac OS X 10_7_3) AppleWebKit/534.53.11 (KHTML, like Gecko) Version/5.1.3 Safari/534.53.10"
78.143.142.168 - - [26/Mar/2012:10:39:39 -0700] "GET /POSM/lib/jquery.mobile.structure-1.0.1.css HTTP/1.1" 304 0 "http://yuvi.in/POSM/" "Mozilla/5.0 (Macintosh; Intel Mac OS X 10_7_3) AppleWebKit/534.53.11 (KHTML, like Gecko) Version/5.1.3 Safari/534.53.10"
78.143.142.168 - - [26/Mar/2012:10:39:40 -0700] "GET /POSM/creds.js HTTP/1.1" 200 89 "http://yuvi.in/POSM/" "Mozilla/5.0 (Macintosh; Intel Mac OS X 10_7_3) AppleWebKit/534.53.11 (KHTML, like Gecko) Version/5.1.3 Safari/534.53.10"
78.143.142.168 - - [26/Mar/2012:10:39:40 -0700] "GET /POSM/lib/phonegap.js HTTP/1.1" 304 0 "http://yuvi.in/POSM/" "Mozilla/5.0 (Macintosh; Intel Mac OS X 10_7_3) AppleWebKit/534.53.11 (KHTML, like Gecko) Version/5.1.3 Safari/534.53.10"
78.143.142.168 - - [26/Mar/2012:10:39:40 -0700] "GET /POSM/lib/leaflet/leaflet.css HTTP/1.1" 304 0 "http://yuvi.in/POSM/" "Mozilla/5.0 (Macintosh; Intel Mac OS X 10_7_3) AppleWebKit/534.53.11 (KHTML, like Gecko) Version/5.1.3 Safari/534.53.10"
78.143.142.168 - - [26/Mar/2012:10:39:40 -0700] "GET /POSM/lib/jquery.mobile-1.0.1.css HTTP/1.1" 304 0 "http://yuvi.in/POSM/" "Mozilla/5.0 (Macintosh; Intel Mac OS X 10_7_3) AppleWebKit/534.53.11 (KHTML, like Gecko) Version/5.1.3 Safari/534.53.10"
78.143.142.168 - - [26/Mar/2012:10:39:40 -0700] "GET /POSM/lib/jquery-1.7.1.min.js HTTP/1.1" 304 0 "http://yuvi.in/POSM/" "Mozilla/5.0 (Macintosh; Intel Mac OS X 10_7_3) AppleWebKit/534.53.11 (KHTML, like Gecko) Version/5.1.3 Safari/534.53.10"
78.143.142.168 - - [26/Mar/2012:10:39:40 -0700] "GET /POSM/lib/underscore.js HTTP/1.1" 304 0 "http://yuvi.in/POSM/" "Mozilla/5.0 (Macintosh; Intel Mac OS X 10_7_3) AppleWebKit/534.53.11 (KHTML, like Gecko) Version/5.1.3 Safari/534.53.10"
78.143.142.168 - - [26/Mar/2012:10:39:40 -0700] "GET /POSM/lib/jquery.timeago.js HTTP/1.1" 200 4491 "http://yuvi.in/POSM/" "Mozilla/5.0 (Macintosh; Intel Mac OS X 10_7_3) AppleWebKit/534.53.11 (KHTML, like Gecko) Version/5.1.3 Safari/534.53.10"
78.143.142.168 - - [26/Mar/2012:10:39:40 -0700] "GET /POSM/style.css HTTP/1.1" 200 1349 "http://yuvi.in/POSM/" "Mozilla/5.0 (Macintosh; Intel Mac OS X 10_7_3) AppleWebKit/534.53.11 (KHTML, like Gecko) Version/5.1.3 Safari/534.53.10"
78.143.142.168 - - [26/Mar/2012:10:39:40 -0700] "GET /POSM/lib/jquery.mobile-1.0.1.js HTTP/1.1" 304 0 "http://yuvi.in/POSM/" "Mozilla/5.0 (Macintosh; Intel Mac OS X 10_7_3) AppleWebKit/534.53.11 (KHTML, like Gecko) Version/5.1.3 Safari/534.53.10"
82.21.139.52 - - [26/Mar/2012:10:39:41 -0700] "GET / HTTP/1.1" 404 211 "-" "Mozilla/5.0 (Windows NT 5.1; rv:11.0) Gecko/20100101 Firefox/11.0"
78.143.142.168 - - [26/Mar/2012:10:39:41 -0700] "GET /POSM/lib/templates.js HTTP/1.1" 304 0 "http://yuvi.in/POSM/" "Mozilla/5.0 (Macintosh; Intel Mac OS X 10_7_3) AppleWebKit/534.53.11 (KHTML, like Gecko) Version/5.1.3 Safari/534.53.10"
82.21.139.52 - - [26/Mar/2012:10:39:41 -0700] "GET /favicon.ico HTTP/1.1" 404 211 "-" "Mozilla/5.0 (Windows NT 5.1; rv:11.0) Gecko/20100101 Firefox/11.0"
82.21.139.52 - - [26/Mar/2012:10:39:41 -0700] "GET /favicon.ico HTTP/1.1" 404 211 "-" "Mozilla/5.0 (Windows NT 5.1; rv:11.0) Gecko/20100101 Firefox/11.0"
78.143.142.168 - - [26/Mar/2012:10:39:42 -0700] "GET /POSM/js/tapbar.js HTTP/1.1" 304 0 "http://yuvi.in/POSM/" "Mozilla/5.0 (Macintosh; Intel Mac OS X 10_7_3) AppleWebKit/534.53.11 (KHTML, like Gecko) Version/5.1.3 Safari/534.53.10"
78.143.142.168 - - [26/Mar/2012:10:39:42 -0700] "GET /POSM/js/poi.js HTTP/1.1" 304 0 "http://yuvi.in/POSM/" "Mozilla/5.0 (Macintosh; Intel Mac OS X 10_7_3) AppleWebKit/534.53.11 (KHTML, like Gecko) Version/5.1.3 Safari/534.53.10"
78.143.142.168 - - [26/Mar/2012:10:39:43 -0700] "GET /POSM/lib/TileLayer.Bing.js HTTP/1.1" 200 5317 "http://yuvi.in/POSM/" "Mozilla/5.0 (Macintosh; Intel Mac OS X 10_7_3) AppleWebKit/534.53.11 (KHTML, like Gecko) Version/5.1.3 Safari/534.53.10"
78.143.142.168 - - [26/Mar/2012:10:39:43 -0700] "GET /POSM/zoomData.js HTTP/1.1" 304 0 "http://yuvi.in/POSM/" "Mozilla/5.0 (Macintosh; Intel Mac OS X 10_7_3) AppleWebKit/534.53.11 (KHTML, like Gecko) Version/5.1.3 Safari/534.53.10"
78.143.142.168 - - [26/Mar/2012:10:39:43 -0700] "GET /POSM/js/curpos.js HTTP/1.1" 304 0 "http://yuvi.in/POSM/" "Mozilla/5.0 (Macintosh; Intel Mac OS X 10_7_3) AppleWebKit/534.53.11 (KHTML, like Gecko) Version/5.1.3 Safari/534.53.10"
78.143.142.168 - - [26/Mar/2012:10:39:44 -0700] "GET /POSM/js/changesets.js HTTP/1.1" 200 1226 "http://yuvi.in/POSM/" "Mozilla/5.0 (Macintosh; Intel Mac OS X 10_7_3) AppleWebKit/534.53.11 (KHTML, like Gecko) Version/5.1.3 Safari/534.53.10"
78.143.142.168 - - [26/Mar/2012:10:39:44 -0700] "GET /POSM/js/poimanager.js HTTP/1.1" 304 0 "http://yuvi.in/POSM/" "Mozilla/5.0 (Macintosh; Intel Mac OS X 10_7_3) AppleWebKit/534.53.11 (KHTML, like Gecko) Version/5.1.3 Safari/534.53.10"
78.143.142.168 - - [26/Mar/2012:10:39:45 -0700] "GET /POSM/js/main.js HTTP/1.1" 200 9616 "http://yuvi.in/POSM/" "Mozilla/5.0 (Macintosh; Intel Mac OS X 10_7_3) AppleWebKit/534.53.11 (KHTML, like Gecko) Version/5.1.3 Safari/534.53.10"
78.143.142.168 - - [26/Mar/2012:10:39:47 -0700] "GET /POSM/lib/leaflet/leaflet-src.js HTTP/1.1" 200 133300 "http://yuvi.in/POSM/" "Mozilla/5.0 (Macintosh; Intel Mac OS X 10_7_3) AppleWebKit/534.53.11 (KHTML, like Gecko) Version/5.1.3 Safari/534.53.10"
78.143.142.168 - - [26/Mar/2012:10:39:54 -0700] "GET /POSM/img/save.png HTTP/1.1" 404 142 "http://yuvi.in/POSM/" "Mozilla/5.0 (Macintosh; Intel Mac OS X 10_7_3) AppleWebKit/534.53.11 (KHTML, like Gecko) Version/5.1.3 Safari/534.53.10"
78.143.142.168 - - [26/Mar/2012:10:39:54 -0700] "GET /POSM/img/mapmode.png HTTP/1.1" 200 1168 "http://yuvi.in/POSM/" "Mozilla/5.0 (Macintosh; Intel Mac OS X 10_7_3) AppleWebKit/534.53.11 (KHTML, like Gecko) Version/5.1.3 Safari/534.53.10"
78.143.142.168 - - [26/Mar/2012:10:39:54 -0700] "GET /POSM/img/refresh.png HTTP/1.1" 304 0 "http://yuvi.in/POSM/" "Mozilla/5.0 (Macintosh; Intel Mac OS X 10_7_3) AppleWebKit/534.53.11 (KHTML, like Gecko) Version/5.1.3 Safari/534.53.10"
78.143.142.168 - - [26/Mar/2012:10:39:54 -0700] "GET /POSM/img/back.png HTTP/1.1" 304 0 "http://yuvi.in/POSM/" "Mozilla/5.0 (Macintosh; Intel Mac OS X 10_7_3) AppleWebKit/534.53.11 (KHTML, like Gecko) Version/5.1.3 Safari/534.53.10"
78.143.142.168 - - [26/Mar/2012:10:39:54 -0700] "GET /POSM/img/preferences.png HTTP/1.1" 304 0 "http://yuvi.in/POSM/" "Mozilla/5.0 (Macintosh; Intel Mac OS X 10_7_3) AppleWebKit/534.53.11 (KHTML, like Gecko) Version/5.1.3 Safari/534.53.10"
78.143.142.168 - - [26/Mar/2012:10:39:54 -0700] "GET /POSM/img/mylocation.png HTTP/1.1" 304 0 "http://yuvi.in/POSM/" "Mozilla/5.0 (Macintosh; Intel Mac OS X 10_7_3) AppleWebKit/534.53.11 (KHTML, like Gecko) Version/5.1.3 Safari/534.53.10"
78.143.142.168 - - [26/Mar/2012:10:39:56 -0700] "GET /POSM/lib/images/ajax-loader.png HTTP/1.1" 304 0 "http://yuvi.in/POSM/" "Mozilla/5.0 (Macintosh; Intel Mac OS X 10_7_3) AppleWebKit/534.53.11 (KHTML, like Gecko) Version/5.1.3 Safari/534.53.10"
78.143.142.168 - - [26/Mar/2012:10:39:57 -0700] "GET /POSM/lib/leaflet/images/zoom-in.png HTTP/1.1" 200 963 "http://yuvi.in/POSM/" "Mozilla/5.0 (Macintosh; Intel Mac OS X 10_7_3) AppleWebKit/534.53.11 (KHTML, like Gecko) Version/5.1.3 Safari/534.53.10"
78.143.142.168 - - [26/Mar/2012:10:39:57 -0700] "GET /POSM/lib/leaflet/images/zoom-out.png HTTP/1.1" 200 959 "http://yuvi.in/POSM/" "Mozilla/5.0 (Macintosh; Intel Mac OS X 10_7_3) AppleWebKit/534.53.11 (KHTML, like Gecko) Version/5.1.3 Safari/534.53.10"
78.143.142.168 - - [26/Mar/2012:10:40:02 -0700] "GET /favicon.ico HTTP/1.1" 404 142 "http://yuvi.in/POSM/" "Mozilla/5.0 (Macintosh; Intel Mac OS X 10_7_3) AppleWebKit/534.53.11 (KHTML, like Gecko) Version/5.1.3 Safari/534.53.10"
98.172.15.254 - - [26/Mar/2012:10:40:08 -0700] "GET /favicon.ico HTTP/1.1" 404 169 "-" "Caffeinated/1.1.1 CFNetwork/520.3.2 Darwin/11.3.0 (x86_64) (MacBookPro8%2C1)"
78.143.142.168 - - [26/Mar/2012:10:40:12 -0700] "GET /POSM/img/curpos.png HTTP/1.1" 200 1205 "http://yuvi.in/POSM/" "Mozilla/5.0 (Macintosh; Intel Mac OS X 10_7_3) AppleWebKit/534.53.11 (KHTML, like Gecko) Version/5.1.3 Safari/534.53.10"
82.21.139.52 - - [26/Mar/2012:10:40:13 -0700] "GET / HTTP/1.1" 200 1430 "http://www.google.co.uk/url?sa=t&rct=j&q=tawp.in&source=web&cd=1&ved=0CCgQFjAA&url=http%3A%2F%2Fwww.tawp.in%2F&ei=LalwT-auKKq-0QXO2-SNAg&usg=AFQjCNEGwy4DiSFYO0IUonZBpeL4wqYOtw" "Mozilla/5.0 (Windows NT 5.1; rv:11.0) Gecko/20100101 Firefox/11.0"
82.21.139.52 - - [26/Mar/2012:10:40:14 -0700] "GET /blueprint/screen.css HTTP/1.1" 200 12058 "http://www.tawp.in/" "Mozilla/5.0 (Windows NT 5.1; rv:11.0) Gecko/20100101 Firefox/11.0"
82.21.139.52 - - [26/Mar/2012:10:40:14 -0700] "GET /blueprint/print.css HTTP/1.1" 200 1284 "http://www.tawp.in/" "Mozilla/5.0 (Windows NT 5.1; rv:11.0) Gecko/20100101 Firefox/11.0"
82.21.139.52 - - [26/Mar/2012:10:40:14 -0700] "GET /header.png HTTP/1.1" 200 14249 "http://www.tawp.in/" "Mozilla/5.0 (Windows NT 5.1; rv:11.0) Gecko/20100101 Firefox/11.0"
82.21.139.52 - - [26/Mar/2012:10:40:15 -0700] "GET /favicon.ico HTTP/1.1" 404 142 "-" "Mozilla/5.0 (Windows NT 5.1; rv:11.0) Gecko/20100101 Firefox/11.0"
82.21.139.52 - - [26/Mar/2012:10:40:15 -0700] "GET /favicon.ico HTTP/1.1" 404 142 "-" "Mozilla/5.0 (Windows NT 5.1; rv:11.0) Gecko/20100101 Firefox/11.0"
78.143.142.168 - - [26/Mar/2012:10:40:19 -0700] "GET /overpass?data=%0A++++%0A++++++++node(53.33890683785692%2C+-6.249005198478699%2C+53.339867723950505%2C+-6.24173104763031)%3B%0A++++%0A++++out+meta%3B%0A HTTP/1.1" 200 16245 "http://yuvi.in/POSM/" "Mozilla/5.0 (Macintosh; Intel Mac OS X 10_7_3) AppleWebKit/534.53.11 (KHTML, like Gecko) Version/5.1.3 Safari/534.53.10"
78.143.142.168 - - [26/Mar/2012:10:40:23 -0700] "GET /overpass?data=%0A++++%0A++++++++node(53.33890683785692%2C+-6.249005198478699%2C+53.339867723950505%2C+-6.24173104763031)%3B%0A++++%0A++++out+meta%3B%0A HTTP/1.1" 200 571 "http://yuvi.in/POSM/" "Mozilla/5.0 (Macintosh; Intel Mac OS X 10_7_3) AppleWebKit/534.53.11 (KHTML, like Gecko) Version/5.1.3 Safari/534.53.10"
78.143.142.168 - - [26/Mar/2012:10:40:41 -0700] "GET /POSM/lib/leaflet/images/marker.png HTTP/1.1" 200 2519 "http://yuvi.in/POSM/" "Mozilla/5.0 (Macintosh; Intel Mac OS X 10_7_3) AppleWebKit/534.53.11 (KHTML, like Gecko) Version/5.1.3 Safari/534.53.10"
78.143.142.168 - - [26/Mar/2012:10:40:41 -0700] "GET /POSM/lib/leaflet/images/marker-shadow.png HTTP/1.1" 200 1649 "http://yuvi.in/POSM/" "Mozilla/5.0 (Macintosh; Intel Mac OS X 10_7_3) AppleWebKit/534.53.11 (KHTML, like Gecko) Version/5.1.3 Safari/534.53.10"
98.172.15.254 - - [26/Mar/2012:10:40:59 -0700] "GET /favicon.ico HTTP/1.1" 404 169 "-" "Caffeinated/1.1.1 CFNetwork/520.3.2 Darwin/11.3.0 (x86_64) (MacBookPro8%2C1)"
85.17.88.169 - - [26/Mar/2012:10:41:31 -0700] "POST /blog/wp-cron.php?doing_wp_cron=1332783488 HTTP/1.0" 499 0 "-" "WordPress/3.3.1; http://yuvi.in/blog"
64.62.243.84 - - [26/Mar/2012:10:41:32 -0700] "GET /blog/story-average-indian-techie/ HTTP/1.1" 200 54407 "-" "-"
117.216.42.87 - - [26/Mar/2012:10:41:38 -0700] "-" 400 0 "-" "-"
98.172.15.254 - - [26/Mar/2012:10:41:43 -0700] "GET /favicon.ico HTTP/1.1" 404 169 "-" "Caffeinated/1.1.1 CFNetwork/520.3.2 Darwin/11.3.0 (x86_64) (MacBookPro8%2C1)"
117.216.42.87 - - [26/Mar/2012:10:41:55 -0700] "-" 400 0 "-" "-"
2.193.232.86 - - [26/Mar/2012:10:42:13 -0700] "GET /r/25f5 HTTP/1.1" 301 257 "http://ta.wikipedia.org/wiki/%E0%AE%AA%E0%AF%87%E0%AE%A9%E0%AE%BE_%E0%AE%A8%E0%AE%9F%E0%AF%8D%E0%AE%AA%E0%AF%81" "Mozilla/5.0 (Macintosh; Intel Mac OS X 10.6; rv:11.0) Gecko/20100101 Firefox/11.0"
2.193.232.86 - - [26/Mar/2012:10:42:14 -0700] "GET /s/ta/25f5/ HTTP/1.1" 302 417 "http://ta.wikipedia.org/wiki/%E0%AE%AA%E0%AF%87%E0%AE%A9%E0%AE%BE_%E0%AE%A8%E0%AE%9F%E0%AF%8D%E0%AE%AA%E0%AF%81" "Mozilla/5.0 (Macintosh; Intel Mac OS X 10.6; rv:11.0) Gecko/20100101 Firefox/11.0"
2.193.232.86 - - [26/Mar/2012:10:42:18 -0700] "-" 400 0 "-" "-"
98.172.15.254 - - [26/Mar/2012:10:42:29 -0700] "GET /favicon.ico HTTP/1.1" 404 169 "-" "Caffeinated/1.1.1 CFNetwork/520.3.2 Darwin/11.3.0 (x86_64) (MacBookPro8%2C1)"
98.172.15.254 - - [26/Mar/2012:10:43:12 -0700] "GET /favicon.ico HTTP/1.1" 404 169 "-" "Caffeinated/1.1.1 CFNetwork/520.3.2 Darwin/11.3.0 (x86_64) (MacBookPro8%2C1)"
98.172.15.254 - - [26/Mar/2012:10:44:01 -0700] "GET /favicon.ico HTTP/1.1" 404 169 "-" "Caffeinated/1.1.1 CFNetwork/520.3.2 Darwin/11.3.0 (x86_64) (MacBookPro8%2C1)"
98.172.15.254 - - [26/Mar/2012:10:44:40 -0700] "GET / HTTP/1.1" 304 0 "-" "Caffeinated/1.1.1 CFNetwork/520.3.2 Darwin/11.3.0 (x86_64) (MacBookPro8%2C1)"
98.172.15.254 - - [26/Mar/2012:10:44:40 -0700] "GET /favicon.ico HTTP/1.1" 404 169 "-" "Caffeinated/1.1.1 CFNetwork/520.3.2 Darwin/11.3.0 (x86_64) (MacBookPro8%2C1)"
98.172.15.254 - - [26/Mar/2012:10:45:32 -0700] "GET /favicon.ico HTTP/1.1" 404 169 "-" "Caffeinated/1.1.1 CFNetwork/520.3.2 Darwin/11.3.0 (x86_64) (MacBookPro8%2C1)"
209.85.238.115 - - [26/Mar/2012:10:45:56 -0700] "GET /blog/feed HTTP/1.1" 301 0 "-" "Feedfetcher-Google; (+http://www.google.com/feedfetcher.html; 3 subscribers; feed-id=17684830852112633560)"
209.85.238.115 - - [26/Mar/2012:10:45:57 -0700] "GET /blog/feed/ HTTP/1.1" 304 0 "-" "Feedfetcher-Google; (+http://www.google.com/feedfetcher.html; 3 subscribers; feed-id=17684830852112633560)"
98.172.15.254 - - [26/Mar/2012:10:46:09 -0700] "GET /favicon.ico HTTP/1.1" 404 169 "-" "Caffeinated/1.1.1 CFNetwork/520.3.2 Darwin/11.3.0 (x86_64) (MacBookPro8%2C1)"
98.172.15.254 - - [26/Mar/2012:10:47:08 -0700] "GET /favicon.ico HTTP/1.1" 404 169 "-" "Caffeinated/1.1.1 CFNetwork/520.3.2 Darwin/11.3.0 (x86_64) (MacBookPro8%2C1)"
49.203.72.58 - - [26/Mar/2012:10:47:32 -0700] "GET /r/1lc6 HTTP/1.1" 301 257 "http://ta.wikipedia.org/wiki/%E0%AE%A4%E0%AE%AE%E0%AE%BF%E0%AE%B4%E0%AF%8D%E0%AE%A8%E0%AE%BE%E0%AE%9F%E0%AF%81_%E0%AE%AE%E0%AF%81%E0%AE%A4%E0%AE%B2%E0%AE%AE%E0%AF%88%E0%AE%9A%E0%AF%8D%E0%AE%9A%E0%AE%B0%E0%AF%8D_%E0%AE%AA%E0%AF%8A%E0%AE%A4%E0%AF%81_%E0%AE%A8%E0%AE%BF%E0%AE%B5%E0%AE%BE%E0%AE%B0%E0%AE%A3_%E0%AE%A8%E0%AE%BF%E0%AE%A4%E0%AE%BF" "Mozilla/5.0 (Windows NT 6.1) AppleWebKit/535.11 (KHTML, like Gecko) Chrome/17.0.963.83 Safari/535.11"
49.203.72.58 - - [26/Mar/2012:10:47:34 -0700] "GET /s/ta/1lc6/ HTTP/1.1" 302 689 "http://ta.wikipedia.org/wiki/%E0%AE%A4%E0%AE%AE%E0%AE%BF%E0%AE%B4%E0%AF%8D%E0%AE%A8%E0%AE%BE%E0%AE%9F%E0%AF%81_%E0%AE%AE%E0%AF%81%E0%AE%A4%E0%AE%B2%E0%AE%AE%E0%AF%88%E0%AE%9A%E0%AF%8D%E0%AE%9A%E0%AE%B0%E0%AF%8D_%E0%AE%AA%E0%AF%8A%E0%AE%A4%E0%AF%81_%E0%AE%A8%E0%AE%BF%E0%AE%B5%E0%AE%BE%E0%AE%B0%E0%AE%A3_%E0%AE%A8%E0%AE%BF%E0%AE%A4%E0%AE%BF" "Mozilla/5.0 (Windows NT 6.1) AppleWebKit/535.11 (KHTML, like Gecko) Chrome/17.0.963.83 Safari/535.11"
98.172.15.254 - - [26/Mar/2012:10:47:38 -0700] "GET /favicon.ico HTTP/1.1" 404 169 "-" "Caffeinated/1.1.1 CFNetwork/520.3.2 Darwin/11.3.0 (x86_64) (MacBookPro8%2C1)"
98.172.15.254 - - [26/Mar/2012:10:48:38 -0700] "GET /favicon.ico HTTP/1.1" 404 169 "-" "Caffeinated/1.1.1 CFNetwork/520.3.2 Darwin/11.3.0 (x86_64) (MacBookPro8%2C1)"
98.172.15.254 - - [26/Mar/2012:10:49:06 -0700] "GET /favicon.ico HTTP/1.1" 404 169 "-" "Caffeinated/1.1.1 CFNetwork/520.3.2 Darwin/11.3.0 (x86_64) (MacBookPro8%2C1)"
98.172.15.254 - - [26/Mar/2012:10:50:06 -0700] "GET / HTTP/1.1" 304 0 "-" "Caffeinated/1.1.1 CFNetwork/520.3.2 Darwin/11.3.0 (x86_64) (MacBookPro8%2C1)"
98.172.15.254 - - [26/Mar/2012:10:50:06 -0700] "GET /favicon.ico HTTP/1.1" 404 169 "-" "Caffeinated/1.1.1 CFNetwork/520.3.2 Darwin/11.3.0 (x86_64) (MacBookPro8%2C1)"
178.196.14.113 - - [26/Mar/2012:10:50:12 -0700] "GET /r/1va HTTP/1.1" 301 255 "-" "Mozilla/5.0 (iPhone; CPU iPhone OS 5_1 like Mac OS X) AppleWebKit/534.46 (KHTML, like Gecko) Mobile/9B179"
178.196.14.113 - - [26/Mar/2012:10:50:12 -0700] "GET /s/ta/1va/ HTTP/1.1" 302 409 "-" "Mozilla/5.0 (iPhone; CPU iPhone OS 5_1 like Mac OS X) AppleWebKit/534.46 (KHTML, like Gecko) Mobile/9B179"
59.92.38.14 - - [26/Mar/2012:10:50:36 -0700] "-" 400 0 "-" "-"
98.172.15.254 - - [26/Mar/2012:10:50:37 -0700] "GET /favicon.ico HTTP/1.1" 404 169 "-" "Caffeinated/1.1.1 CFNetwork/520.3.2 Darwin/11.3.0 (x86_64) (MacBookPro8%2C1)"
85.17.88.169 - - [26/Mar/2012:10:50:43 -0700] "POST /blog/wp-cron.php?doing_wp_cron=1332784039 HTTP/1.0" 499 0 "-" "WordPress/3.3.1; http://yuvi.in/blog"
209.85.224.95 - - [26/Mar/2012:10:50:43 -0700] "GET /blog/feed HTTP/1.1" 304 0 "-" "FeedBurner/1.0 (http://www.FeedBurner.com)"
98.172.15.254 - - [26/Mar/2012:10:51:37 -0700] "GET /favicon.ico HTTP/1.1" 404 169 "-" "Caffeinated/1.1.1 CFNetwork/520.3.2 Darwin/11.3.0 (x86_64) (MacBookPro8%2C1)"
178.196.14.113 - - [26/Mar/2012:10:51:43 -0700] "GET /s/ta/1va/ HTTP/1.1" 302 409 "-" "Mozilla/5.0 (iPhone; CPU iPhone OS 5_1 like Mac OS X) AppleWebKit/534.46 (KHTML, like Gecko) Mobile/9B179"
98.172.15.254 - - [26/Mar/2012:10:52:18 -0700] "GET /favicon.ico HTTP/1.1" 404 169 "-" "Caffeinated/1.1.1 CFNetwork/520.3.2 Darwin/11.3.0 (x86_64) (MacBookPro8%2C1)"
98.172.15.254 - - [26/Mar/2012:10:53:08 -0700] "GET /favicon.ico HTTP/1.1" 404 169 "-" "Caffeinated/1.1.1 CFNetwork/520.3.2 Darwin/11.3.0 (x86_64) (MacBookPro8%2C1)"
98.172.15.254 - - [26/Mar/2012:10:53:57 -0700] "GET /favicon.ico HTTP/1.1" 404 169 "-" "Caffeinated/1.1.1 CFNetwork/520.3.2 Darwin/11.3.0 (x86_64) (MacBookPro8%2C1)"
85.17.88.169 - - [26/Mar/2012:10:54:21 -0700] "POST /blog/wp-cron.php?doing_wp_cron=1332784258 HTTP/1.0" 499 0 "-" "WordPress/3.3.1; http://yuvi.in/blog"
180.76.5.139 - - [26/Mar/2012:10:54:22 -0700] "GET /blog/2011/06/09/ HTTP/1.1" 200 9310 "-" "Mozilla/5.0 (compatible; Baiduspider/2.0; +http://www.baidu.com/search/spider.html)"
98.172.15.254 - - [26/Mar/2012:10:54:39 -0700] "GET /favicon.ico HTTP/1.1" 404 169 "-" "Caffeinated/1.1.1 CFNetwork/520.3.2 Darwin/11.3.0 (x86_64) (MacBookPro8%2C1)"
98.172.15.254 - - [26/Mar/2012:10:55:22 -0700] "GET / HTTP/1.1" 304 0 "-" "Caffeinated/1.1.1 CFNetwork/520.3.2 Darwin/11.3.0 (x86_64) (MacBookPro8%2C1)"
98.172.15.254 - - [26/Mar/2012:10:55:22 -0700] "GET /favicon.ico HTTP/1.1" 404 169 "-" "Caffeinated/1.1.1 CFNetwork/520.3.2 Darwin/11.3.0 (x86_64) (MacBookPro8%2C1)"
69.171.224.250 - - [26/Mar/2012:10:56:08 -0700] "GET /r/eya HTTP/1.1" 301 255 "-" "facebookexternalhit/1.1 (+http://www.facebook.com/externalhit_uatext.php)"
69.171.224.244 - - [26/Mar/2012:10:56:08 -0700] "GET /s/ta/eya/ HTTP/1.1" 302 401 "-" "facebookexternalhit/1.1 (+http://www.facebook.com/externalhit_uatext.php)"
98.172.15.254 - - [26/Mar/2012:10:56:09 -0700] "GET /favicon.ico HTTP/1.1" 404 169 "-" "Caffeinated/1.1.1 CFNetwork/520.3.2 Darwin/11.3.0 (x86_64) (MacBookPro8%2C1)"
98.172.15.254 - - [26/Mar/2012:10:56:48 -0700] "GET /favicon.ico HTTP/1.1" 404 169 "-" "Caffeinated/1.1.1 CFNetwork/520.3.2 Darwin/11.3.0 (x86_64) (MacBookPro8%2C1)"
69.171.224.251 - - [26/Mar/2012:10:57:11 -0700] "GET /r/eya HTTP/1.1" 301 255 "-" "facebookexternalhit/1.1 (+http://www.facebook.com/externalhit_uatext.php)"
69.171.224.246 - - [26/Mar/2012:10:57:11 -0700] "GET /s/ta/eya/ HTTP/1.1" 302 401 "-" "facebookexternalhit/1.1 (+http://www.facebook.com/externalhit_uatext.php)"
69.171.228.249 - - [26/Mar/2012:10:57:13 -0700] "GET /r/ige HTTP/1.1" 301 255 "-" "facebookexternalhit/1.1 (+http://www.facebook.com/externalhit_uatext.php)"
69.171.228.250 - - [26/Mar/2012:10:57:14 -0700] "GET /s/ta/ige/ HTTP/1.1" 302 373 "-" "facebookexternalhit/1.1 (+http://www.facebook.com/externalhit_uatext.php)"
98.172.15.254 - - [26/Mar/2012:10:57:36 -0700] "GET /favicon.ico HTTP/1.1" 404 169 "-" "Caffeinated/1.1.1 CFNetwork/520.3.2 Darwin/11.3.0 (x86_64) (MacBookPro8%2C1)"
117.202.138.220 - - [26/Mar/2012:10:57:54 -0700] "-" 400 0 "-" "-"
65.52.104.20 - - [26/Mar/2012:10:57:58 -0700] "GET /blog/tag/gnome.html HTTP/1.1" 304 0 "-" "Mozilla/5.0 (compatible; bingbot/2.0; +http://www.bing.com/bingbot.htm)"
183.83.17.150 - - [26/Mar/2012:10:58:07 -0700] "GET /e/Mediawiki HTTP/1.1" 301 269 "-" "Mozilla/5.0 (X11; Linux i686) AppleWebKit/535.11 (KHTML, like Gecko) Chrome/17.0.963.83 Safari/535.11"
183.83.17.150 - - [26/Mar/2012:10:58:07 -0700] "GET /en/ta/Mediawiki/ HTTP/1.1" 302 409 "-" "Mozilla/5.0 (X11; Linux i686) AppleWebKit/535.11 (KHTML, like Gecko) Chrome/17.0.963.83 Safari/535.11"
98.172.15.254 - - [26/Mar/2012:10:58:14 -0700] "GET /favicon.ico HTTP/1.1" 404 169 "-" "Caffeinated/1.1.1 CFNetwork/520.3.2 Darwin/11.3.0 (x86_64) (MacBookPro8%2C1)"
183.83.17.150 - - [26/Mar/2012:10:58:18 -0700] "GET /e/Wikipedia HTTP/1.1" 301 269 "-" "Mozilla/5.0 (X11; Linux i686) AppleWebKit/535.11 (KHTML, like Gecko) Chrome/17.0.963.83 Safari/535.11"
183.83.17.150 - - [26/Mar/2012:10:58:18 -0700] "GET /en/ta/Wikipedia/ HTTP/1.1" 302 433 "-" "Mozilla/5.0 (X11; Linux i686) AppleWebKit/535.11 (KHTML, like Gecko) Chrome/17.0.963.83 Safari/535.11"
183.83.17.150 - - [26/Mar/2012:10:58:21 -0700] "-" 400 0 "-" "-"
183.83.17.150 - - [26/Mar/2012:10:58:35 -0700] "GET /e/Tamil HTTP/1.1" 301 261 "-" "Mozilla/5.0 (X11; Linux i686) AppleWebKit/535.11 (KHTML, like Gecko) Chrome/17.0.963.83 Safari/535.11"
183.83.17.150 - - [26/Mar/2012:10:58:35 -0700] "GET /en/ta/Tamil/ HTTP/1.1" 302 325 "-" "Mozilla/5.0 (X11; Linux i686) AppleWebKit/535.11 (KHTML, like Gecko) Chrome/17.0.963.83 Safari/535.11"
183.83.17.150 - - [26/Mar/2012:10:58:51 -0700] "-" 400 0 "-" "-"
59.92.49.197 - - [26/Mar/2012:10:58:53 -0700] "-" 400 0 "-" "-"
98.172.15.254 - - [26/Mar/2012:10:59:00 -0700] "GET /favicon.ico HTTP/1.1" 404 169 "-" "Caffeinated/1.1.1 CFNetwork/520.3.2 Darwin/11.3.0 (x86_64) (MacBookPro8%2C1)"
98.172.15.254 - - [26/Mar/2012:10:59:40 -0700] "GET /favicon.ico HTTP/1.1" 404 169 "-" "Caffeinated/1.1.1 CFNetwork/520.3.2 Darwin/11.3.0 (x86_64) (MacBookPro8%2C1)"
98.172.15.254 - - [26/Mar/2012:11:00:31 -0700] "GET / HTTP/1.1" 304 0 "-" "Caffeinated/1.1.1 CFNetwork/520.3.2 Darwin/11.3.0 (x86_64) (MacBookPro8%2C1)"
98.172.15.254 - - [26/Mar/2012:11:00:31 -0700] "GET /favicon.ico HTTP/1.1" 404 169 "-" "Caffeinated/1.1.1 CFNetwork/520.3.2 Darwin/11.3.0 (x86_64) (MacBookPro8%2C1)"
122.164.187.207 - - [26/Mar/2012:11:00:44 -0700] "-" 400 0 "-" "-"
59.92.38.14 - - [26/Mar/2012:11:01:06 -0700] "-" 400 0 "-" "-"
98.172.15.254 - - [26/Mar/2012:11:01:08 -0700] "GET /favicon.ico HTTP/1.1" 404 169 "-" "Caffeinated/1.1.1 CFNetwork/520.3.2 Darwin/11.3.0 (x86_64) (MacBookPro8%2C1)"
85.17.88.169 - - [26/Mar/2012:11:01:52 -0700] "POST /blog/wp-cron.php?doing_wp_cron=1332784708 HTTP/1.0" 499 0 "-" "WordPress/3.3.1; http://yuvi.in/blog"
148.87.67.206 - - [26/Mar/2012:11:01:52 -0700] "GET /blog/block-cursor-vs-post-cursor-gvim-vs-emacs/ HTTP/1.1" 200 4351 "http://www.google.com/url?sa=t&rct=j&q=gvim%20cursor&source=web&cd=13&ved=0CDQQFjACOAo&url=http%3A%2F%2Fyuvi.in%2Fblog%2Fblock-cursor-vs-post-cursor-gvim-vs-emacs%2F&ei=OK5wT6mjA_DhsQL_-5T8BQ&usg=AFQjCNFyS0jSOEEO9GXXFayE75q7NYzkeA" "Mozilla/5.0 (X11; SunOS i86pc; rv:10.0.2) Gecko/20100101 Firefox/10.0.2"
148.87.67.206 - - [26/Mar/2012:11:01:53 -0700] "GET /blog/wp-content/themes/cleanr/js/jquery.dropdown.js?ver=3.3.1 HTTP/1.1" 200 535 "http://yuvi.in/blog/block-cursor-vs-post-cursor-gvim-vs-emacs/" "Mozilla/5.0 (X11; SunOS i86pc; rv:10.0.2) Gecko/20100101 Firefox/10.0.2"
148.87.67.206 - - [26/Mar/2012:11:01:53 -0700] "GET /blog/wp-content/themes/cleanr/style.css HTTP/1.1" 200 10508 "http://yuvi.in/blog/block-cursor-vs-post-cursor-gvim-vs-emacs/" "Mozilla/5.0 (X11; SunOS i86pc; rv:10.0.2) Gecko/20100101 Firefox/10.0.2"
148.87.67.206 - - [26/Mar/2012:11:01:53 -0700] "GET /blog/wp-includes/js/jquery/jquery.js?ver=1.7.1 HTTP/1.1" 200 93889 "http://yuvi.in/blog/block-cursor-vs-post-cursor-gvim-vs-emacs/" "Mozilla/5.0 (X11; SunOS i86pc; rv:10.0.2) Gecko/20100101 Firefox/10.0.2"
148.87.67.206 - - [26/Mar/2012:11:01:53 -0700] "GET /blog/wp-content/themes/cleanr/css/reset.css HTTP/1.1" 200 648 "http://yuvi.in/blog/wp-content/themes/cleanr/style.css" "Mozilla/5.0 (X11; SunOS i86pc; rv:10.0.2) Gecko/20100101 Firefox/10.0.2"
148.87.67.206 - - [26/Mar/2012:11:01:53 -0700] "GET /blog/wp-content/themes/cleanr/css/960.css HTTP/1.1" 200 3628 "http://yuvi.in/blog/wp-content/themes/cleanr/style.css" "Mozilla/5.0 (X11; SunOS i86pc; rv:10.0.2) Gecko/20100101 Firefox/10.0.2"
148.87.67.206 - - [26/Mar/2012:11:01:53 -0700] "GET /blog/wp-content/themes/cleanr/css/text.css HTTP/1.1" 200 420 "http://yuvi.in/blog/wp-content/themes/cleanr/style.css" "Mozilla/5.0 (X11; SunOS i86pc; rv:10.0.2) Gecko/20100101 Firefox/10.0.2"
148.87.67.206 - - [26/Mar/2012:11:01:54 -0700] "GET /blog/wp-content/themes/cleanr/images/search_magnifier.gif HTTP/1.1" 200 394 "http://yuvi.in/blog/block-cursor-vs-post-cursor-gvim-vs-emacs/" "Mozilla/5.0 (X11; SunOS i86pc; rv:10.0.2) Gecko/20100101 Firefox/10.0.2"
98.172.15.254 - - [26/Mar/2012:11:02:01 -0700] "GET /favicon.ico HTTP/1.1" 404 169 "-" "Caffeinated/1.1.1 CFNetwork/520.3.2 Darwin/11.3.0 (x86_64) (MacBookPro8%2C1)"
148.87.67.206 - - [26/Mar/2012:11:02:05 -0700] "GET /favicon.ico HTTP/1.1" 404 142 "-" "Mozilla/5.0 (X11; SunOS i86pc; rv:10.0.2) Gecko/20100101 Firefox/10.0.2"
148.87.67.206 - - [26/Mar/2012:11:02:05 -0700] "GET /favicon.ico HTTP/1.1" 404 142 "-" "Mozilla/5.0 (X11; SunOS i86pc; rv:10.0.2) Gecko/20100101 Firefox/10.0.2"
59.92.49.197 - - [26/Mar/2012:11:02:33 -0700] "-" 400 0 "-" "-"
117.193.7.114 - - [26/Mar/2012:11:02:49 -0700] "-" 400 0 "-" "-"
117.193.7.114 - - [26/Mar/2012:11:02:49 -0700] "-" 400 0 "-" "-"
117.193.7.114 - - [26/Mar/2012:11:02:49 -0700] "-" 400 0 "-" "-"
117.193.7.114 - - [26/Mar/2012:11:02:49 -0700] "-" 400 0 "-" "-"
117.193.7.114 - - [26/Mar/2012:11:02:49 -0700] "-" 400 0 "-" "-"
117.193.7.114 - - [26/Mar/2012:11:02:49 -0700] "-" 400 0 "-" "-"
98.172.15.254 - - [26/Mar/2012:11:02:52 -0700] "GET /favicon.ico HTTP/1.1" 404 169 "-" "Caffeinated/1.1.1 CFNetwork/520.3.2 Darwin/11.3.0 (x86_64) (MacBookPro8%2C1)"
59.92.38.14 - - [26/Mar/2012:11:03:06 -0700] "-" 400 0 "-" "-"
157.55.112.207 - - [26/Mar/2012:11:03:22 -0700] "-" 400 0 "-" "-"
157.55.112.207 - - [26/Mar/2012:11:03:22 -0700] "-" 400 0 "-" "-"
157.55.112.207 - - [26/Mar/2012:11:03:22 -0700] "-" 400 0 "-" "-"
157.55.112.207 - - [26/Mar/2012:11:03:22 -0700] "-" 400 0 "-" "-"
157.55.112.207 - - [26/Mar/2012:11:03:22 -0700] "-" 400 0 "-" "-"
157.55.112.207 - - [26/Mar/2012:11:03:22 -0700] "-" 400 0 "-" "-"
157.55.112.207 - - [26/Mar/2012:11:03:22 -0700] "-" 400 0 "-" "-"
157.55.112.207 - - [26/Mar/2012:11:03:22 -0700] "-" 400 0 "-" "-"
157.55.112.207 - - [26/Mar/2012:11:03:22 -0700] "-" 400 0 "-" "-"
157.55.112.207 - - [26/Mar/2012:11:03:22 -0700] "-" 400 0 "-" "-"
98.172.15.254 - - [26/Mar/2012:11:03:50 -0700] "GET /favicon.ico HTTP/1.1" 404 169 "-" "Caffeinated/1.1.1 CFNetwork/520.3.2 Darwin/11.3.0 (x86_64) (MacBookPro8%2C1)"
157.55.112.207 - - [26/Mar/2012:11:04:06 -0700] "-" 400 0 "-" "-"
207.46.204.215 - - [26/Mar/2012:11:04:34 -0700] "-" 400 0 "-" "-"
207.46.204.215 - - [26/Mar/2012:11:04:34 -0700] "-" 400 0 "-" "-"
207.46.204.215 - - [26/Mar/2012:11:04:34 -0700] "-" 400 0 "-" "-"
207.46.204.215 - - [26/Mar/2012:11:04:34 -0700] "-" 400 0 "-" "-"
207.46.204.215 - - [26/Mar/2012:11:04:34 -0700] "-" 400 0 "-" "-"
207.46.204.215 - - [26/Mar/2012:11:04:34 -0700] "-" 400 0 "-" "-"
207.46.204.215 - - [26/Mar/2012:11:04:35 -0700] "-" 400 0 "-" "-"
207.46.204.215 - - [26/Mar/2012:11:04:35 -0700] "-" 400 0 "-" "-"
207.46.204.215 - - [26/Mar/2012:11:04:35 -0700] "-" 400 0 "-" "-"
207.46.204.215 - - [26/Mar/2012:11:04:35 -0700] "-" 400 0 "-" "-"
98.172.15.254 - - [26/Mar/2012:11:04:37 -0700] "GET /favicon.ico HTTP/1.1" 404 169 "-" "Caffeinated/1.1.1 CFNetwork/520.3.2 Darwin/11.3.0 (x86_64) (MacBookPro8%2C1)"
207.46.204.215 - - [26/Mar/2012:11:04:57 -0700] "-" 400 0 "-" "-"
98.172.15.254 - - [26/Mar/2012:11:06:07 -0700] "GET / HTTP/1.1" 304 0 "-" "Caffeinated/1.1.1 CFNetwork/520.3.2 Darwin/11.3.0 (x86_64) (MacBookPro8%2C1)"
98.172.15.254 - - [26/Mar/2012:11:06:07 -0700] "GET /favicon.ico HTTP/1.1" 404 169 "-" "Caffeinated/1.1.1 CFNetwork/520.3.2 Darwin/11.3.0 (x86_64) (MacBookPro8%2C1)"
98.172.15.254 - - [26/Mar/2012:11:06:25 -0700] "GET /favicon.ico HTTP/1.1" 404 169 "-" "Caffeinated/1.1.1 CFNetwork/520.3.2 Darwin/11.3.0 (x86_64) (MacBookPro8%2C1)"
98.172.15.254 - - [26/Mar/2012:11:07:24 -0700] "GET /favicon.ico HTTP/1.1" 404 169 "-" "Caffeinated/1.1.1 CFNetwork/520.3.2 Darwin/11.3.0 (x86_64) (MacBookPro8%2C1)"
101.63.144.55 - - [26/Mar/2012:11:07:45 -0700] "-" 400 0 "-" "-"
98.172.15.254 - - [26/Mar/2012:11:07:52 -0700] "GET /favicon.ico HTTP/1.1" 404 169 "-" "Caffeinated/1.1.1 CFNetwork/520.3.2 Darwin/11.3.0 (x86_64) (MacBookPro8%2C1)"
117.193.228.197 - - [26/Mar/2012:11:08:04 -0700] "GET / HTTP/1.1" 200 1430 "-" "Mozilla/5.0 (X11; Linux x86_64) AppleWebKit/535.19 (KHTML, like Gecko) Chrome/18.0.1025.113 Safari/535.19"
117.193.228.197 - - [26/Mar/2012:11:08:04 -0700] "GET /blueprint/screen.css HTTP/1.1" 200 12058 "http://yuvi.in/" "Mozilla/5.0 (X11; Linux x86_64) AppleWebKit/535.19 (KHTML, like Gecko) Chrome/18.0.1025.113 Safari/535.19"
117.193.228.197 - - [26/Mar/2012:11:08:05 -0700] "GET /blueprint/print.css HTTP/1.1" 200 1284 "http://yuvi.in/" "Mozilla/5.0 (X11; Linux x86_64) AppleWebKit/535.19 (KHTML, like Gecko) Chrome/18.0.1025.113 Safari/535.19"
117.193.228.197 - - [26/Mar/2012:11:08:06 -0700] "GET /header.png HTTP/1.1" 200 14249 "http://yuvi.in/" "Mozilla/5.0 (X11; Linux x86_64) AppleWebKit/535.19 (KHTML, like Gecko) Chrome/18.0.1025.113 Safari/535.19"
117.193.228.197 - - [26/Mar/2012:11:08:06 -0700] "GET /favicon.ico HTTP/1.1" 404 199 "-" "Mozilla/5.0 (X11; Linux x86_64) AppleWebKit/535.19 (KHTML, like Gecko) Chrome/18.0.1025.113 Safari/535.19"
98.172.15.254 - - [26/Mar/2012:11:08:50 -0700] "GET /favicon.ico HTTP/1.1" 404 169 "-" "Caffeinated/1.1.1 CFNetwork/520.3.2 Darwin/11.3.0 (x86_64) (MacBookPro8%2C1)"
85.17.88.169 - - [26/Mar/2012:11:09:11 -0700] "POST /blog/wp-cron.php?doing_wp_cron=1332785147 HTTP/1.0" 499 0 "-" "WordPress/3.3.1; http://yuvi.in/blog"
100.43.83.144 - - [26/Mar/2012:11:09:12 -0700] "GET /blog/2011/07/ HTTP/1.1" 200 3882 "-" "Mozilla/5.0 (compatible; YandexBot/3.0; +http://yandex.com/bots)"
98.172.15.254 - - [26/Mar/2012:11:09:21 -0700] "GET /favicon.ico HTTP/1.1" 404 169 "-" "Caffeinated/1.1.1 CFNetwork/520.3.2 Darwin/11.3.0 (x86_64) (MacBookPro8%2C1)"
98.172.15.254 - - [26/Mar/2012:11:10:22 -0700] "GET /favicon.ico HTTP/1.1" 404 169 "-" "Caffeinated/1.1.1 CFNetwork/520.3.2 Darwin/11.3.0 (x86_64) (MacBookPro8%2C1)"
98.172.15.254 - - [26/Mar/2012:11:10:48 -0700] "GET /favicon.ico HTTP/1.1" 404 169 "-" "Caffeinated/1.1.1 CFNetwork/520.3.2 Darwin/11.3.0 (x86_64) (MacBookPro8%2C1)"
98.172.15.254 - - [26/Mar/2012:11:11:46 -0700] "GET / HTTP/1.1" 304 0 "-" "Caffeinated/1.1.1 CFNetwork/520.3.2 Darwin/11.3.0 (x86_64) (MacBookPro8%2C1)"
98.172.15.254 - - [26/Mar/2012:11:11:47 -0700] "GET /favicon.ico HTTP/1.1" 404 169 "-" "Caffeinated/1.1.1 CFNetwork/520.3.2 Darwin/11.3.0 (x86_64) (MacBookPro8%2C1)"
115.184.20.79 - - [26/Mar/2012:11:11:52 -0700] "-" 400 0 "-" "-"
98.172.15.254 - - [26/Mar/2012:11:12:13 -0700] "GET /favicon.ico HTTP/1.1" 404 169 "-" "Caffeinated/1.1.1 CFNetwork/520.3.2 Darwin/11.3.0 (x86_64) (MacBookPro8%2C1)"
69.171.228.250 - - [26/Mar/2012:11:12:41 -0700] "GET /r/eya HTTP/1.1" 301 255 "-" "facebookexternalhit/1.1 (+http://www.facebook.com/externalhit_uatext.php)"
69.171.228.244 - - [26/Mar/2012:11:12:41 -0700] "GET /s/ta/eya/ HTTP/1.1" 302 401 "-" "facebookexternalhit/1.1 (+http://www.facebook.com/externalhit_uatext.php)"
98.172.15.254 - - [26/Mar/2012:11:13:13 -0700] "GET /favicon.ico HTTP/1.1" 404 169 "-" "Caffeinated/1.1.1 CFNetwork/520.3.2 Darwin/11.3.0 (x86_64) (MacBookPro8%2C1)"
207.46.204.173 - - [26/Mar/2012:11:13:46 -0700] "-" 400 0 "-" "-"
207.46.204.173 - - [26/Mar/2012:11:13:47 -0700] "-" 400 0 "-" "-"
207.46.204.173 - - [26/Mar/2012:11:13:47 -0700] "-" 400 0 "-" "-"
207.46.204.173 - - [26/Mar/2012:11:13:47 -0700] "-" 400 0 "-" "-"
207.46.204.173 - - [26/Mar/2012:11:13:47 -0700] "-" 400 0 "-" "-"
207.46.204.173 - - [26/Mar/2012:11:13:47 -0700] "-" 400 0 "-" "-"
207.46.204.173 - - [26/Mar/2012:11:13:47 -0700] "-" 400 0 "-" "-"
207.46.204.173 - - [26/Mar/2012:11:13:47 -0700] "-" 400 0 "-" "-"
207.46.204.173 - - [26/Mar/2012:11:13:47 -0700] "-" 400 0 "-" "-"
98.172.15.254 - - [26/Mar/2012:11:13:48 -0700] "GET /favicon.ico HTTP/1.1" 404 169 "-" "Caffeinated/1.1.1 CFNetwork/520.3.2 Darwin/11.3.0 (x86_64) (MacBookPro8%2C1)"
157.55.112.204 - - [26/Mar/2012:11:14:07 -0700] "-" 400 0 "-" "-"
157.55.112.204 - - [26/Mar/2012:11:14:07 -0700] "-" 400 0 "-" "-"
157.55.112.204 - - [26/Mar/2012:11:14:08 -0700] "-" 400 0 "-" "-"
157.55.112.204 - - [26/Mar/2012:11:14:08 -0700] "-" 400 0 "-" "-"
157.55.112.204 - - [26/Mar/2012:11:14:08 -0700] "-" 400 0 "-" "-"
157.55.112.204 - - [26/Mar/2012:11:14:11 -0700] "-" 400 0 "-" "-"
115.184.20.79 - - [26/Mar/2012:11:14:11 -0700] "-" 400 0 "-" "-"
157.55.112.204 - - [26/Mar/2012:11:14:12 -0700] "-" 400 0 "-" "-"
157.55.112.204 - - [26/Mar/2012:11:14:12 -0700] "-" 400 0 "-" "-"
157.55.112.204 - - [26/Mar/2012:11:14:13 -0700] "-" 400 0 "-" "-"
157.55.112.204 - - [26/Mar/2012:11:14:13 -0700] "-" 400 0 "-" "-"
66.249.68.52 - - [26/Mar/2012:11:14:17 -0700] "GET /robots.txt HTTP/1.1" 404 211 "-" "Mozilla/5.0 (compatible; Googlebot/2.1; +http://www.google.com/bot.html)"
66.249.68.52 - - [26/Mar/2012:11:14:17 -0700] "GET /s/ta/ak8/ HTTP/1.1" 302 693 "-" "Mozilla/5.0 (compatible; Googlebot/2.1; +http://www.google.com/bot.html)"
207.46.204.173 - - [26/Mar/2012:11:14:35 -0700] "-" 400 0 "-" "-"
207.46.204.173 - - [26/Mar/2012:11:14:35 -0700] "-" 400 0 "-" "-"
209.85.224.86 - - [26/Mar/2012:11:14:38 -0700] "GET /stories/feed HTTP/1.1" 200 13653 "-" "FeedBurner/1.0 (http://www.FeedBurner.com)"
85.17.88.169 - - [26/Mar/2012:11:14:42 -0700] "POST /blog/wp-cron.php?doing_wp_cron=1332785478 HTTP/1.0" 499 0 "-" "WordPress/3.3.1; http://yuvi.in/blog"
66.187.233.202 - - [26/Mar/2012:11:14:43 -0700] "GET /blog/my-vim-setup/ HTTP/1.1" 200 6473 "http://yuvi.in/blog/2011/08/" "Mozilla/5.0 (X11; Linux x86_64) AppleWebKit/535.19 (KHTML, like Gecko) Chrome/18.0.1025.113 Safari/535.19"
98.172.15.254 - - [26/Mar/2012:11:14:47 -0700] "GET /favicon.ico HTTP/1.1" 404 169 "-" "Caffeinated/1.1.1 CFNetwork/520.3.2 Darwin/11.3.0 (x86_64) (MacBookPro8%2C1)"
66.187.233.202 - - [26/Mar/2012:11:14:48 -0700] "-" 400 0 "-" "-"
157.55.112.204 - - [26/Mar/2012:11:15:09 -0700] "-" 400 0 "-" "-"
98.172.15.254 - - [26/Mar/2012:11:15:14 -0700] "GET /favicon.ico HTTP/1.1" 404 169 "-" "Caffeinated/1.1.1 CFNetwork/520.3.2 Darwin/11.3.0 (x86_64) (MacBookPro8%2C1)"
98.172.15.254 - - [26/Mar/2012:11:16:14 -0700] "GET /favicon.ico HTTP/1.1" 404 169 "-" "Caffeinated/1.1.1 CFNetwork/520.3.2 Darwin/11.3.0 (x86_64) (MacBookPro8%2C1)"
98.172.15.254 - - [26/Mar/2012:11:16:48 -0700] "GET / HTTP/1.1" 304 0 "-" "Caffeinated/1.1.1 CFNetwork/520.3.2 Darwin/11.3.0 (x86_64) (MacBookPro8%2C1)"
98.172.15.254 - - [26/Mar/2012:11:16:48 -0700] "GET /favicon.ico HTTP/1.1" 404 169 "-" "Caffeinated/1.1.1 CFNetwork/520.3.2 Darwin/11.3.0 (x86_64) (MacBookPro8%2C1)"
14.99.230.53 - - [26/Mar/2012:11:17:40 -0700] "-" 400 0 "-" "-"
98.172.15.254 - - [26/Mar/2012:11:17:49 -0700] "GET /favicon.ico HTTP/1.1" 404 169 "-" "Caffeinated/1.1.1 CFNetwork/520.3.2 Darwin/11.3.0 (x86_64) (MacBookPro8%2C1)"
98.172.15.254 - - [26/Mar/2012:11:18:16 -0700] "GET /favicon.ico HTTP/1.1" 404 169 "-" "Caffeinated/1.1.1 CFNetwork/520.3.2 Darwin/11.3.0 (x86_64) (MacBookPro8%2C1)"
98.172.15.254 - - [26/Mar/2012:11:19:15 -0700] "GET /favicon.ico HTTP/1.1" 404 169 "-" "Caffeinated/1.1.1 CFNetwork/520.3.2 Darwin/11.3.0 (x86_64) (MacBookPro8%2C1)"
98.172.15.254 - - [26/Mar/2012:11:19:48 -0700] "GET /favicon.ico HTTP/1.1" 404 169 "-" "Caffeinated/1.1.1 CFNetwork/520.3.2 Darwin/11.3.0 (x86_64) (MacBookPro8%2C1)"
85.17.88.169 - - [26/Mar/2012:11:20:46 -0700] "POST /blog/wp-cron.php?doing_wp_cron=1332785842 HTTP/1.0" 499 0 "-" "WordPress/3.3.1; http://yuvi.in/blog"
98.172.15.254 - - [26/Mar/2012:11:20:46 -0700] "GET /favicon.ico HTTP/1.1" 404 169 "-" "Caffeinated/1.1.1 CFNetwork/520.3.2 Darwin/11.3.0 (x86_64) (MacBookPro8%2C1)"
209.85.224.81 - - [26/Mar/2012:11:20:46 -0700] "GET /blog/feed HTTP/1.1" 304 0 "-" "FeedBurner/1.0 (http://www.FeedBurner.com)"
98.172.15.254 - - [26/Mar/2012:11:21:13 -0700] "GET /favicon.ico HTTP/1.1" 404 169 "-" "Caffeinated/1.1.1 CFNetwork/520.3.2 Darwin/11.3.0 (x86_64) (MacBookPro8%2C1)"
67.215.230.28 - - [26/Mar/2012:11:21:47 -0700] "GET /robots.txt HTTP/1.0" 404 169 "-" "Setooz/Nutch-1.2 (http://www.setooz.com)"
67.215.230.28 - - [26/Mar/2012:11:21:50 -0700] "GET / HTTP/1.0" 200 3439 "-" "Setooz/Nutch-1.2 (http://www.setooz.com)"
67.215.230.27 - - [26/Mar/2012:11:21:51 -0700] "GET /robots.txt HTTP/1.0" 404 169 "-" "Setooz/Nutch-1.2 (http://www.setooz.com)"
67.215.230.27 - - [26/Mar/2012:11:21:51 -0700] "GET /stories HTTP/1.0" 301 185 "-" "Setooz/Nutch-1.2 (http://www.setooz.com)"
207.46.204.218 - - [26/Mar/2012:11:22:06 -0700] "-" 400 0 "-" "-"
207.46.204.218 - - [26/Mar/2012:11:22:08 -0700] "-" 400 0 "-" "-"
207.46.204.218 - - [26/Mar/2012:11:22:08 -0700] "-" 400 0 "-" "-"
98.172.15.254 - - [26/Mar/2012:11:22:12 -0700] "GET / HTTP/1.1" 304 0 "-" "Caffeinated/1.1.1 CFNetwork/520.3.2 Darwin/11.3.0 (x86_64) (MacBookPro8%2C1)"
98.172.15.254 - - [26/Mar/2012:11:22:12 -0700] "GET /favicon.ico HTTP/1.1" 404 169 "-" "Caffeinated/1.1.1 CFNetwork/520.3.2 Darwin/11.3.0 (x86_64) (MacBookPro8%2C1)"
207.46.204.218 - - [26/Mar/2012:11:22:14 -0700] "-" 400 0 "-" "-"
207.46.204.218 - - [26/Mar/2012:11:22:14 -0700] "-" 400 0 "-" "-"
207.46.204.218 - - [26/Mar/2012:11:22:15 -0700] "-" 400 0 "-" "-"
207.46.204.218 - - [26/Mar/2012:11:22:15 -0700] "-" 400 0 "-" "-"
