184.191.224.10 - - [04/Apr/2012:14:24:57 -0700] "GET /favicon.ico HTTP/1.1" 404 142 "-" "Caffeinated/1.1.1 CFNetwork/520.3.2 Darwin/11.3.0 (x86_64) (MacBookPro8%2C1)"
184.191.224.10 - - [04/Apr/2012:14:25:51 -0700] "GET / HTTP/1.1" 200 1430 "-" "Caffeinated/1.1.1 CFNetwork/520.3.2 Darwin/11.3.0 (x86_64) (MacBookPro8%2C1)"
184.191.224.10 - - [04/Apr/2012:14:25:51 -0700] "GET /favicon.ico HTTP/1.1" 404 142 "-" "Caffeinated/1.1.1 CFNetwork/520.3.2 Darwin/11.3.0 (x86_64) (MacBookPro8%2C1)"
209.85.224.94 - - [04/Apr/2012:14:26:05 -0700] "GET /stories/feed HTTP/1.1" 200 13653 "-" "FeedBurner/1.0 (http://www.FeedBurner.com)"
85.17.88.169 - - [04/Apr/2012:14:26:19 -0700] "POST /blog/wp-cron.php?doing_wp_cron=1333574502 HTTP/1.0" 499 0 "-" "WordPress/3.3.1; http://yuvi.in/blog"
209.85.144.89 - - [04/Apr/2012:14:26:19 -0700] "GET /blog/feed HTTP/1.1" 304 0 "-" "FeedBurner/1.0 (http://www.FeedBurner.com)"
184.191.224.10 - - [04/Apr/2012:14:26:24 -0700] "GET / HTTP/1.1" 200 1430 "-" "Caffeinated/1.1.1 CFNetwork/520.3.2 Darwin/11.3.0 (x86_64) (MacBookPro8%2C1)"
184.191.224.10 - - [04/Apr/2012:14:26:24 -0700] "GET /favicon.ico HTTP/1.1" 404 142 "-" "Caffeinated/1.1.1 CFNetwork/520.3.2 Darwin/11.3.0 (x86_64) (MacBookPro8%2C1)"
184.191.224.10 - - [04/Apr/2012:14:27:17 -0700] "GET / HTTP/1.1" 200 1430 "-" "Caffeinated/1.1.1 CFNetwork/520.3.2 Darwin/11.3.0 (x86_64) (MacBookPro8%2C1)"
184.191.224.10 - - [04/Apr/2012:14:27:17 -0700] "GET /favicon.ico HTTP/1.1" 404 142 "-" "Caffeinated/1.1.1 CFNetwork/520.3.2 Darwin/11.3.0 (x86_64) (MacBookPro8%2C1)"
184.191.224.10 - - [04/Apr/2012:14:27:50 -0700] "GET / HTTP/1.1" 200 1430 "-" "Caffeinated/1.1.1 CFNetwork/520.3.2 Darwin/11.3.0 (x86_64) (MacBookPro8%2C1)"
184.191.224.10 - - [04/Apr/2012:14:27:50 -0700] "GET /favicon.ico HTTP/1.1" 404 142 "-" "Caffeinated/1.1.1 CFNetwork/520.3.2 Darwin/11.3.0 (x86_64) (MacBookPro8%2C1)"
75.101.204.231 - - [04/Apr/2012:14:28:03 -0700] "-" 400 0 "-" "-"
184.191.224.10 - - [04/Apr/2012:14:28:43 -0700] "GET / HTTP/1.1" 200 1430 "-" "Caffeinated/1.1.1 CFNetwork/520.3.2 Darwin/11.3.0 (x86_64) (MacBookPro8%2C1)"
184.191.224.10 - - [04/Apr/2012:14:28:43 -0700] "GET /favicon.ico HTTP/1.1" 404 142 "-" "Caffeinated/1.1.1 CFNetwork/520.3.2 Darwin/11.3.0 (x86_64) (MacBookPro8%2C1)"
69.171.228.247 - - [04/Apr/2012:14:28:57 -0700] "GET /r/282s HTTP/1.1" 301 257 "-" "facebookexternalhit/1.1 (+http://www.facebook.com/externalhit_uatext.php)"
69.171.228.249 - - [04/Apr/2012:14:28:57 -0700] "GET /s/ta/282s/ HTTP/1.1" 302 549 "-" "facebookexternalhit/1.1 (+http://www.facebook.com/externalhit_uatext.php)"
184.191.224.10 - - [04/Apr/2012:14:29:17 -0700] "GET / HTTP/1.1" 200 1430 "-" "Caffeinated/1.1.1 CFNetwork/520.3.2 Darwin/11.3.0 (x86_64) (MacBookPro8%2C1)"
184.191.224.10 - - [04/Apr/2012:14:29:17 -0700] "GET /favicon.ico HTTP/1.1" 404 142 "-" "Caffeinated/1.1.1 CFNetwork/520.3.2 Darwin/11.3.0 (x86_64) (MacBookPro8%2C1)"
184.191.224.10 - - [04/Apr/2012:14:30:11 -0700] "GET / HTTP/1.1" 200 1430 "-" "Caffeinated/1.1.1 CFNetwork/520.3.2 Darwin/11.3.0 (x86_64) (MacBookPro8%2C1)"
184.191.224.10 - - [04/Apr/2012:14:30:11 -0700] "GET /favicon.ico HTTP/1.1" 404 142 "-" "Caffeinated/1.1.1 CFNetwork/520.3.2 Darwin/11.3.0 (x86_64) (MacBookPro8%2C1)"
184.191.224.10 - - [04/Apr/2012:14:30:48 -0700] "GET / HTTP/1.1" 200 1430 "-" "Caffeinated/1.1.1 CFNetwork/520.3.2 Darwin/11.3.0 (x86_64) (MacBookPro8%2C1)"
184.191.224.10 - - [04/Apr/2012:14:30:48 -0700] "GET /favicon.ico HTTP/1.1" 404 142 "-" "Caffeinated/1.1.1 CFNetwork/520.3.2 Darwin/11.3.0 (x86_64) (MacBookPro8%2C1)"
184.191.224.10 - - [04/Apr/2012:14:31:40 -0700] "GET / HTTP/1.1" 200 1430 "-" "Caffeinated/1.1.1 CFNetwork/520.3.2 Darwin/11.3.0 (x86_64) (MacBookPro8%2C1)"
184.191.224.10 - - [04/Apr/2012:14:31:40 -0700] "GET /favicon.ico HTTP/1.1" 404 142 "-" "Caffeinated/1.1.1 CFNetwork/520.3.2 Darwin/11.3.0 (x86_64) (MacBookPro8%2C1)"
93.185.177.68 - - [04/Apr/2012:14:32:04 -0700] "GET /favicon.ico HTTP/1.1" 404 142 "-" "Reeder/2.5.4 CFNetwork/548.1.4 Darwin/11.0.0"
93.185.177.68 - - [04/Apr/2012:14:32:05 -0700] "GET / HTTP/1.1" 200 1430 "-" "Reeder/2.5.4 CFNetwork/548.1.4 Darwin/11.0.0"
93.185.177.68 - - [04/Apr/2012:14:32:05 -0700] "GET /apple-touch-icon.png HTTP/1.1" 404 142 "-" "Reeder/2.5.4 CFNetwork/548.1.4 Darwin/11.0.0"
93.185.177.68 - - [04/Apr/2012:14:32:05 -0700] "GET /apple-touch-icon-precomposed.png HTTP/1.1" 404 142 "-" "Reeder/2.5.4 CFNetwork/548.1.4 Darwin/11.0.0"
184.191.224.10 - - [04/Apr/2012:14:32:13 -0700] "GET / HTTP/1.1" 200 1430 "-" "Caffeinated/1.1.1 CFNetwork/520.3.2 Darwin/11.3.0 (x86_64) (MacBookPro8%2C1)"
184.191.224.10 - - [04/Apr/2012:14:32:13 -0700] "GET /favicon.ico HTTP/1.1" 404 142 "-" "Caffeinated/1.1.1 CFNetwork/520.3.2 Darwin/11.3.0 (x86_64) (MacBookPro8%2C1)"
184.191.224.10 - - [04/Apr/2012:14:33:06 -0700] "GET / HTTP/1.1" 200 1430 "-" "Caffeinated/1.1.1 CFNetwork/520.3.2 Darwin/11.3.0 (x86_64) (MacBookPro8%2C1)"
184.191.224.10 - - [04/Apr/2012:14:33:06 -0700] "GET /favicon.ico HTTP/1.1" 404 142 "-" "Caffeinated/1.1.1 CFNetwork/520.3.2 Darwin/11.3.0 (x86_64) (MacBookPro8%2C1)"
184.191.224.10 - - [04/Apr/2012:14:33:38 -0700] "GET / HTTP/1.1" 200 1430 "-" "Caffeinated/1.1.1 CFNetwork/520.3.2 Darwin/11.3.0 (x86_64) (MacBookPro8%2C1)"
184.191.224.10 - - [04/Apr/2012:14:33:38 -0700] "GET /favicon.ico HTTP/1.1" 404 142 "-" "Caffeinated/1.1.1 CFNetwork/520.3.2 Darwin/11.3.0 (x86_64) (MacBookPro8%2C1)"
207.46.204.169 - - [04/Apr/2012:14:33:57 -0700] "-" 400 0 "-" "-"
207.46.204.169 - - [04/Apr/2012:14:34:01 -0700] "-" 400 0 "-" "-"
207.46.204.169 - - [04/Apr/2012:14:34:01 -0700] "-" 400 0 "-" "-"
207.46.204.169 - - [04/Apr/2012:14:34:01 -0700] "-" 400 0 "-" "-"
207.46.204.169 - - [04/Apr/2012:14:34:02 -0700] "-" 400 0 "-" "-"
207.46.204.169 - - [04/Apr/2012:14:34:02 -0700] "-" 400 0 "-" "-"
207.46.204.169 - - [04/Apr/2012:14:34:02 -0700] "-" 400 0 "-" "-"
207.46.204.169 - - [04/Apr/2012:14:34:02 -0700] "-" 400 0 "-" "-"
207.46.204.169 - - [04/Apr/2012:14:34:03 -0700] "-" 400 0 "-" "-"
207.46.204.169 - - [04/Apr/2012:14:34:03 -0700] "-" 400 0 "-" "-"
184.191.224.10 - - [04/Apr/2012:14:34:28 -0700] "GET / HTTP/1.1" 200 1430 "-" "Caffeinated/1.1.1 CFNetwork/520.3.2 Darwin/11.3.0 (x86_64) (MacBookPro8%2C1)"
184.191.224.10 - - [04/Apr/2012:14:34:29 -0700] "GET /favicon.ico HTTP/1.1" 404 142 "-" "Caffeinated/1.1.1 CFNetwork/520.3.2 Darwin/11.3.0 (x86_64) (MacBookPro8%2C1)"
207.46.204.169 - - [04/Apr/2012:14:34:33 -0700] "-" 400 0 "-" "-"
85.17.88.169 - - [04/Apr/2012:14:34:37 -0700] "POST /blog/wp-cron.php?doing_wp_cron=1333575000 HTTP/1.0" 499 0 "-" "WordPress/3.3.1; http://yuvi.in/blog"
100.43.83.144 - - [04/Apr/2012:14:34:40 -0700] "GET /blog/?p=88 HTTP/1.1" 301 0 "-" "Mozilla/5.0 (compatible; YandexBot/3.0; +http://yandex.com/bots)"
85.17.88.169 - - [04/Apr/2012:14:34:44 -0700] "POST /blog/wp-cron.php?doing_wp_cron=1333575008 HTTP/1.0" 499 0 "-" "WordPress/3.3.1; http://yuvi.in/blog"
100.43.83.144 - - [04/Apr/2012:14:34:45 -0700] "GET /blog/devlog-mar-2011/ HTTP/1.1" 200 5205 "-" "Mozilla/5.0 (compatible; YandexBot/3.0; +http://yandex.com/bots)"
69.171.234.3 - - [04/Apr/2012:14:34:56 -0700] "GET /r/fmf HTTP/1.1" 301 255 "-" "facebookexternalhit/1.1 (+http://www.facebook.com/externalhit_uatext.php)"
69.171.234.4 - - [04/Apr/2012:14:34:56 -0700] "GET /s/ta/fmf/ HTTP/1.1" 302 349 "-" "facebookexternalhit/1.1 (+http://www.facebook.com/externalhit_uatext.php)"
184.191.224.10 - - [04/Apr/2012:14:35:07 -0700] "GET / HTTP/1.1" 200 1430 "-" "Caffeinated/1.1.1 CFNetwork/520.3.2 Darwin/11.3.0 (x86_64) (MacBookPro8%2C1)"
184.191.224.10 - - [04/Apr/2012:14:35:08 -0700] "GET /favicon.ico HTTP/1.1" 404 142 "-" "Caffeinated/1.1.1 CFNetwork/520.3.2 Darwin/11.3.0 (x86_64) (MacBookPro8%2C1)"
184.191.224.10 - - [04/Apr/2012:14:35:56 -0700] "GET / HTTP/1.1" 200 1430 "-" "Caffeinated/1.1.1 CFNetwork/520.3.2 Darwin/11.3.0 (x86_64) (MacBookPro8%2C1)"
184.191.224.10 - - [04/Apr/2012:14:35:56 -0700] "GET /favicon.ico HTTP/1.1" 404 142 "-" "Caffeinated/1.1.1 CFNetwork/520.3.2 Darwin/11.3.0 (x86_64) (MacBookPro8%2C1)"
184.191.224.10 - - [04/Apr/2012:14:36:35 -0700] "GET / HTTP/1.1" 200 1430 "-" "Caffeinated/1.1.1 CFNetwork/520.3.2 Darwin/11.3.0 (x86_64) (MacBookPro8%2C1)"
184.191.224.10 - - [04/Apr/2012:14:36:35 -0700] "GET /favicon.ico HTTP/1.1" 404 142 "-" "Caffeinated/1.1.1 CFNetwork/520.3.2 Darwin/11.3.0 (x86_64) (MacBookPro8%2C1)"
184.191.224.10 - - [04/Apr/2012:14:37:19 -0700] "GET / HTTP/1.1" 200 1430 "-" "Caffeinated/1.1.1 CFNetwork/520.3.2 Darwin/11.3.0 (x86_64) (MacBookPro8%2C1)"
184.191.224.10 - - [04/Apr/2012:14:37:19 -0700] "GET /favicon.ico HTTP/1.1" 404 142 "-" "Caffeinated/1.1.1 CFNetwork/520.3.2 Darwin/11.3.0 (x86_64) (MacBookPro8%2C1)"
69.171.234.5 - - [04/Apr/2012:14:37:35 -0700] "GET /r/p0f HTTP/1.1" 301 255 "-" "facebookexternalhit/1.1 (+http://www.facebook.com/externalhit_uatext.php)"
69.171.234.5 - - [04/Apr/2012:14:37:35 -0700] "GET /s/ta/p0f/ HTTP/1.1" 302 433 "-" "facebookexternalhit/1.1 (+http://www.facebook.com/externalhit_uatext.php)"
184.191.224.10 - - [04/Apr/2012:14:38:03 -0700] "GET / HTTP/1.1" 200 1430 "-" "Caffeinated/1.1.1 CFNetwork/520.3.2 Darwin/11.3.0 (x86_64) (MacBookPro8%2C1)"
184.191.224.10 - - [04/Apr/2012:14:38:03 -0700] "GET /favicon.ico HTTP/1.1" 404 142 "-" "Caffeinated/1.1.1 CFNetwork/520.3.2 Darwin/11.3.0 (x86_64) (MacBookPro8%2C1)"
208.80.194.30 - - [04/Apr/2012:14:38:14 -0700] "GET / HTTP/1.0" 200 3439 "-" "Mozilla/4.0 (compatible; MSIE 6.0; Windows NT 5.1; SV1; MEGAUPLOAD 1.0; .NET CLR 2.0.50727)"
184.191.224.10 - - [04/Apr/2012:14:38:48 -0700] "GET / HTTP/1.1" 200 1430 "-" "Caffeinated/1.1.1 CFNetwork/520.3.2 Darwin/11.3.0 (x86_64) (MacBookPro8%2C1)"
184.191.224.10 - - [04/Apr/2012:14:38:48 -0700] "GET /favicon.ico HTTP/1.1" 404 142 "-" "Caffeinated/1.1.1 CFNetwork/520.3.2 Darwin/11.3.0 (x86_64) (MacBookPro8%2C1)"
184.191.224.10 - - [04/Apr/2012:14:39:33 -0700] "GET / HTTP/1.1" 200 1430 "-" "Caffeinated/1.1.1 CFNetwork/520.3.2 Darwin/11.3.0 (x86_64) (MacBookPro8%2C1)"
184.191.224.10 - - [04/Apr/2012:14:39:33 -0700] "GET /favicon.ico HTTP/1.1" 404 142 "-" "Caffeinated/1.1.1 CFNetwork/520.3.2 Darwin/11.3.0 (x86_64) (MacBookPro8%2C1)"
184.191.224.10 - - [04/Apr/2012:14:40:14 -0700] "GET / HTTP/1.1" 200 1430 "-" "Caffeinated/1.1.1 CFNetwork/520.3.2 Darwin/11.3.0 (x86_64) (MacBookPro8%2C1)"
184.191.224.10 - - [04/Apr/2012:14:40:14 -0700] "GET /favicon.ico HTTP/1.1" 404 142 "-" "Caffeinated/1.1.1 CFNetwork/520.3.2 Darwin/11.3.0 (x86_64) (MacBookPro8%2C1)"
184.191.224.10 - - [04/Apr/2012:14:41:02 -0700] "GET / HTTP/1.1" 200 1430 "-" "Caffeinated/1.1.1 CFNetwork/520.3.2 Darwin/11.3.0 (x86_64) (MacBookPro8%2C1)"
184.191.224.10 - - [04/Apr/2012:14:41:02 -0700] "GET /favicon.ico HTTP/1.1" 404 142 "-" "Caffeinated/1.1.1 CFNetwork/520.3.2 Darwin/11.3.0 (x86_64) (MacBookPro8%2C1)"
184.191.224.10 - - [04/Apr/2012:14:41:40 -0700] "GET / HTTP/1.1" 200 1430 "-" "Caffeinated/1.1.1 CFNetwork/520.3.2 Darwin/11.3.0 (x86_64) (MacBookPro8%2C1)"
184.191.224.10 - - [04/Apr/2012:14:41:40 -0700] "GET /favicon.ico HTTP/1.1" 404 142 "-" "Caffeinated/1.1.1 CFNetwork/520.3.2 Darwin/11.3.0 (x86_64) (MacBookPro8%2C1)"
184.191.224.10 - - [04/Apr/2012:14:42:30 -0700] "GET / HTTP/1.1" 200 1430 "-" "Caffeinated/1.1.1 CFNetwork/520.3.2 Darwin/11.3.0 (x86_64) (MacBookPro8%2C1)"
184.191.224.10 - - [04/Apr/2012:14:42:30 -0700] "GET /favicon.ico HTTP/1.1" 404 142 "-" "Caffeinated/1.1.1 CFNetwork/520.3.2 Darwin/11.3.0 (x86_64) (MacBookPro8%2C1)"
85.17.88.169 - - [04/Apr/2012:14:42:53 -0700] "POST /blog/wp-cron.php?doing_wp_cron=1333575496 HTTP/1.0" 499 0 "-" "WordPress/3.3.1; http://yuvi.in/blog"
2.82.187.112 - - [04/Apr/2012:14:42:54 -0700] "GET /blog/page/2/ HTTP/1.1" 200 76387 "-" "-"
85.17.88.169 - - [04/Apr/2012:14:42:57 -0700] "POST /blog/wp-cron.php?doing_wp_cron=1333575500 HTTP/1.0" 499 0 "-" "WordPress/3.3.1; http://yuvi.in/blog"
2.82.187.112 - - [04/Apr/2012:14:42:57 -0700] "GET /blog/wp-content/themes/cleanr/timthumb.php HTTP/1.1" 404 12307 "-" "Mozilla/5.0 (Windows NT 6.1) AppleWebKit/534.30 (KHTML, like Gecko) Chrome/12.0.742.122 Safari/534.30"
85.17.88.169 - - [04/Apr/2012:14:43:00 -0700] "POST /blog/wp-cron.php?doing_wp_cron=1333575503 HTTP/1.0" 499 0 "-" "WordPress/3.3.1; http://yuvi.in/blog"
2.82.187.112 - - [04/Apr/2012:14:43:00 -0700] "GET /blog/wp-content/themes/cleanr/timthumb/timthumb.php HTTP/1.1" 404 12300 "-" "Mozilla/5.0 (Windows NT 6.1) AppleWebKit/534.30 (KHTML, like Gecko) Chrome/12.0.742.122 Safari/534.30"
85.17.88.169 - - [04/Apr/2012:14:43:02 -0700] "POST /blog/wp-cron.php?doing_wp_cron=1333575506 HTTP/1.0" 499 0 "-" "WordPress/3.3.1; http://yuvi.in/blog"
2.82.187.112 - - [04/Apr/2012:14:43:03 -0700] "GET /blog/wp-content/themes/cleanr/thumb.php HTTP/1.1" 404 12300 "-" "Mozilla/5.0 (Windows NT 6.1) AppleWebKit/534.30 (KHTML, like Gecko) Chrome/12.0.742.122 Safari/534.30"
85.17.88.169 - - [04/Apr/2012:14:43:05 -0700] "POST /blog/wp-cron.php?doing_wp_cron=1333575509 HTTP/1.0" 499 0 "-" "WordPress/3.3.1; http://yuvi.in/blog"
2.82.187.112 - - [04/Apr/2012:14:43:06 -0700] "GET /blog/wp-content/themes/cleanr/thumb/timthumb.php HTTP/1.1" 404 12307 "-" "Mozilla/5.0 (Windows NT 6.1) AppleWebKit/534.30 (KHTML, like Gecko) Chrome/12.0.742.122 Safari/534.30"
85.17.88.169 - - [04/Apr/2012:14:43:08 -0700] "POST /blog/wp-cron.php?doing_wp_cron=1333575511 HTTP/1.0" 499 0 "-" "WordPress/3.3.1; http://yuvi.in/blog"
2.82.187.112 - - [04/Apr/2012:14:43:08 -0700] "GET /blog/wp-content/themes/cleanr/js/timthumb.php HTTP/1.1" 404 12307 "-" "Mozilla/5.0 (Windows NT 6.1) AppleWebKit/534.30 (KHTML, like Gecko) Chrome/12.0.742.122 Safari/534.30"
85.17.88.169 - - [04/Apr/2012:14:43:11 -0700] "POST /blog/wp-cron.php?doing_wp_cron=1333575514 HTTP/1.0" 499 0 "-" "WordPress/3.3.1; http://yuvi.in/blog"
2.82.187.112 - - [04/Apr/2012:14:43:11 -0700] "GET /blog/wp-content/themes/cleanr/js/thumb.php HTTP/1.1" 404 12307 "-" "Mozilla/5.0 (Windows NT 6.1) AppleWebKit/534.30 (KHTML, like Gecko) Chrome/12.0.742.122 Safari/534.30"
184.191.224.10 - - [04/Apr/2012:14:43:13 -0700] "GET / HTTP/1.1" 200 1430 "-" "Caffeinated/1.1.1 CFNetwork/520.3.2 Darwin/11.3.0 (x86_64) (MacBookPro8%2C1)"
184.191.224.10 - - [04/Apr/2012:14:43:13 -0700] "GET /favicon.ico HTTP/1.1" 404 142 "-" "Caffeinated/1.1.1 CFNetwork/520.3.2 Darwin/11.3.0 (x86_64) (MacBookPro8%2C1)"
85.17.88.169 - - [04/Apr/2012:14:43:14 -0700] "POST /blog/wp-cron.php?doing_wp_cron=1333575517 HTTP/1.0" 499 0 "-" "WordPress/3.3.1; http://yuvi.in/blog"
2.82.187.112 - - [04/Apr/2012:14:43:14 -0700] "GET /blog/wp-content/themes/cleanr/scripts/timthumb.php HTTP/1.1" 404 12307 "-" "Mozilla/5.0 (Windows NT 6.1) AppleWebKit/534.30 (KHTML, like Gecko) Chrome/12.0.742.122 Safari/534.30"
85.17.88.169 - - [04/Apr/2012:14:43:16 -0700] "POST /blog/wp-cron.php?doing_wp_cron=1333575520 HTTP/1.0" 499 0 "-" "WordPress/3.3.1; http://yuvi.in/blog"
2.82.187.112 - - [04/Apr/2012:14:43:17 -0700] "GET /blog/wp-content/themes/cleanr/scripts/thumb.php HTTP/1.1" 404 12307 "-" "Mozilla/5.0 (Windows NT 6.1) AppleWebKit/534.30 (KHTML, like Gecko) Chrome/12.0.742.122 Safari/534.30"
85.17.88.169 - - [04/Apr/2012:14:43:19 -0700] "POST /blog/wp-cron.php?doing_wp_cron=1333575523 HTTP/1.0" 499 0 "-" "WordPress/3.3.1; http://yuvi.in/blog"
2.82.187.112 - - [04/Apr/2012:14:43:20 -0700] "GET /blog/wp-content/themes/cleanr/includes/timthumb.php HTTP/1.1" 404 12307 "-" "Mozilla/5.0 (Windows NT 6.1) AppleWebKit/534.30 (KHTML, like Gecko) Chrome/12.0.742.122 Safari/534.30"
85.17.88.169 - - [04/Apr/2012:14:43:22 -0700] "POST /blog/wp-cron.php?doing_wp_cron=1333575525 HTTP/1.0" 499 0 "-" "WordPress/3.3.1; http://yuvi.in/blog"
2.82.187.112 - - [04/Apr/2012:14:43:22 -0700] "GET /blog/wp-content/themes/cleanr/includes/thumb.php HTTP/1.1" 404 12307 "-" "Mozilla/5.0 (Windows NT 6.1) AppleWebKit/534.30 (KHTML, like Gecko) Chrome/12.0.742.122 Safari/534.30"
85.17.88.169 - - [04/Apr/2012:14:43:25 -0700] "POST /blog/wp-cron.php?doing_wp_cron=1333575528 HTTP/1.0" 499 0 "-" "WordPress/3.3.1; http://yuvi.in/blog"
2.82.187.112 - - [04/Apr/2012:14:43:25 -0700] "GET /blog/wp-content/themes/cleanr/tools/timthumb.php HTTP/1.1" 404 12307 "-" "Mozilla/5.0 (Windows NT 6.1) AppleWebKit/534.30 (KHTML, like Gecko) Chrome/12.0.742.122 Safari/534.30"
85.17.88.169 - - [04/Apr/2012:14:43:27 -0700] "POST /blog/wp-cron.php?doing_wp_cron=1333575531 HTTP/1.0" 499 0 "-" "WordPress/3.3.1; http://yuvi.in/blog"
2.82.187.112 - - [04/Apr/2012:14:43:38 -0700] "GET /blog/wp-content/themes/cleanr/tools/thumb.php HTTP/1.1" 404 12307 "-" "Mozilla/5.0 (Windows NT 6.1) AppleWebKit/534.30 (KHTML, like Gecko) Chrome/12.0.742.122 Safari/534.30"
85.17.88.169 - - [04/Apr/2012:14:43:40 -0700] "POST /blog/wp-cron.php?doing_wp_cron=1333575543 HTTP/1.0" 499 0 "-" "WordPress/3.3.1; http://yuvi.in/blog"
2.82.187.112 - - [04/Apr/2012:14:43:40 -0700] "GET /blog/wp-content/themes/cleanr/extensions/auto-thumb/timthumb.php HTTP/1.1" 404 12300 "-" "Mozilla/5.0 (Windows NT 6.1) AppleWebKit/534.30 (KHTML, like Gecko) Chrome/12.0.742.122 Safari/534.30"
85.17.88.169 - - [04/Apr/2012:14:43:43 -0700] "POST /blog/wp-cron.php?doing_wp_cron=1333575546 HTTP/1.0" 499 0 "-" "WordPress/3.3.1; http://yuvi.in/blog"
2.82.187.112 - - [04/Apr/2012:14:43:43 -0700] "GET /blog/wp-content/themes/cleanr/extensions/auto-thumb/thumb.php HTTP/1.1" 404 12307 "-" "Mozilla/5.0 (Windows NT 6.1) AppleWebKit/534.30 (KHTML, like Gecko) Chrome/12.0.742.122 Safari/534.30"
85.17.88.169 - - [04/Apr/2012:14:43:46 -0700] "POST /blog/wp-cron.php?doing_wp_cron=1333575549 HTTP/1.0" 499 0 "-" "WordPress/3.3.1; http://yuvi.in/blog"
2.82.187.112 - - [04/Apr/2012:14:43:46 -0700] "GET /blog/wp-content/themes/cleanr/extensions/timthumb.php HTTP/1.1" 404 12307 "-" "Mozilla/5.0 (Windows NT 6.1) AppleWebKit/534.30 (KHTML, like Gecko) Chrome/12.0.742.122 Safari/534.30"
85.17.88.169 - - [04/Apr/2012:14:43:48 -0700] "POST /blog/wp-cron.php?doing_wp_cron=1333575552 HTTP/1.0" 499 0 "-" "WordPress/3.3.1; http://yuvi.in/blog"
2.82.187.112 - - [04/Apr/2012:14:43:49 -0700] "GET /blog/wp-content/themes/cleanr/extensions/thumb.php HTTP/1.1" 404 12300 "-" "Mozilla/5.0 (Windows NT 6.1) AppleWebKit/534.30 (KHTML, like Gecko) Chrome/12.0.742.122 Safari/534.30"
85.17.88.169 - - [04/Apr/2012:14:43:51 -0700] "POST /blog/wp-cron.php?doing_wp_cron=1333575555 HTTP/1.0" 499 0 "-" "WordPress/3.3.1; http://yuvi.in/blog"
2.82.187.112 - - [04/Apr/2012:14:43:52 -0700] "GET /blog/wp-content/themes/cleanr/images/timthumb.php HTTP/1.1" 404 12307 "-" "Mozilla/5.0 (Windows NT 6.1) AppleWebKit/534.30 (KHTML, like Gecko) Chrome/12.0.742.122 Safari/534.30"
85.17.88.169 - - [04/Apr/2012:14:43:54 -0700] "POST /blog/wp-cron.php?doing_wp_cron=1333575557 HTTP/1.0" 499 0 "-" "WordPress/3.3.1; http://yuvi.in/blog"
2.82.187.112 - - [04/Apr/2012:14:43:54 -0700] "GET /blog/wp-content/themes/cleanr/images/thumb.php HTTP/1.1" 404 12307 "-" "Mozilla/5.0 (Windows NT 6.1) AppleWebKit/534.30 (KHTML, like Gecko) Chrome/12.0.742.122 Safari/534.30"
184.191.224.10 - - [04/Apr/2012:14:43:56 -0700] "GET / HTTP/1.1" 200 1430 "-" "Caffeinated/1.1.1 CFNetwork/520.3.2 Darwin/11.3.0 (x86_64) (MacBookPro8%2C1)"
184.191.224.10 - - [04/Apr/2012:14:43:56 -0700] "GET /favicon.ico HTTP/1.1" 404 142 "-" "Caffeinated/1.1.1 CFNetwork/520.3.2 Darwin/11.3.0 (x86_64) (MacBookPro8%2C1)"
85.17.88.169 - - [04/Apr/2012:14:43:57 -0700] "POST /blog/wp-cron.php?doing_wp_cron=1333575560 HTTP/1.0" 499 0 "-" "WordPress/3.3.1; http://yuvi.in/blog"
2.82.187.112 - - [04/Apr/2012:14:43:57 -0700] "GET /blog/wp-content/themes/cleanr/lib/rt-timthumb.php HTTP/1.1" 404 12307 "-" "Mozilla/5.0 (Windows NT 6.1) AppleWebKit/534.30 (KHTML, like Gecko) Chrome/12.0.742.122 Safari/534.30"
85.17.88.169 - - [04/Apr/2012:14:43:59 -0700] "POST /blog/wp-cron.php?doing_wp_cron=1333575563 HTTP/1.0" 499 0 "-" "WordPress/3.3.1; http://yuvi.in/blog"
2.82.187.112 - - [04/Apr/2012:14:44:00 -0700] "GET /blog/wp-content/themes/cleanr/lib/timthumb.php HTTP/1.1" 404 12307 "-" "Mozilla/5.0 (Windows NT 6.1) AppleWebKit/534.30 (KHTML, like Gecko) Chrome/12.0.742.122 Safari/534.30"
85.17.88.169 - - [04/Apr/2012:14:44:02 -0700] "POST /blog/wp-cron.php?doing_wp_cron=1333575566 HTTP/1.0" 499 0 "-" "WordPress/3.3.1; http://yuvi.in/blog"
2.82.187.112 - - [04/Apr/2012:14:44:03 -0700] "GET /blog/wp-content/themes/cleanr/lib/rt-thumb.php HTTP/1.1" 404 12307 "-" "Mozilla/5.0 (Windows NT 6.1) AppleWebKit/534.30 (KHTML, like Gecko) Chrome/12.0.742.122 Safari/534.30"
85.17.88.169 - - [04/Apr/2012:14:44:05 -0700] "POST /blog/wp-cron.php?doing_wp_cron=1333575568 HTTP/1.0" 499 0 "-" "WordPress/3.3.1; http://yuvi.in/blog"
2.82.187.112 - - [04/Apr/2012:14:44:05 -0700] "GET /blog/wp-content/themes/cleanr/lib/thumb.php HTTP/1.1" 404 12307 "-" "Mozilla/5.0 (Windows NT 6.1) AppleWebKit/534.30 (KHTML, like Gecko) Chrome/12.0.742.122 Safari/534.30"
85.17.88.169 - - [04/Apr/2012:14:44:08 -0700] "POST /blog/wp-cron.php?doing_wp_cron=1333575571 HTTP/1.0" 499 0 "-" "WordPress/3.3.1; http://yuvi.in/blog"
2.82.187.112 - - [04/Apr/2012:14:44:08 -0700] "GET /blog/wp-content/themes/cleanr/modules/timthumb.php HTTP/1.1" 404 12307 "-" "Mozilla/5.0 (Windows NT 6.1) AppleWebKit/534.30 (KHTML, like Gecko) Chrome/12.0.742.122 Safari/534.30"
85.17.88.169 - - [04/Apr/2012:14:44:11 -0700] "POST /blog/wp-cron.php?doing_wp_cron=1333575574 HTTP/1.0" 499 0 "-" "WordPress/3.3.1; http://yuvi.in/blog"
2.82.187.112 - - [04/Apr/2012:14:44:11 -0700] "GET /blog/wp-content/themes/cleanr/modules/thumb.php HTTP/1.1" 404 12307 "-" "Mozilla/5.0 (Windows NT 6.1) AppleWebKit/534.30 (KHTML, like Gecko) Chrome/12.0.742.122 Safari/534.30"
85.17.88.169 - - [04/Apr/2012:14:44:13 -0700] "POST /blog/wp-cron.php?doing_wp_cron=1333575577 HTTP/1.0" 499 0 "-" "WordPress/3.3.1; http://yuvi.in/blog"
2.82.187.112 - - [04/Apr/2012:14:44:14 -0700] "GET /blog/wp-content/themes/cleanr/libs/timthumb.php HTTP/1.1" 404 12300 "-" "Mozilla/5.0 (Windows NT 6.1) AppleWebKit/534.30 (KHTML, like Gecko) Chrome/12.0.742.122 Safari/534.30"
85.17.88.169 - - [04/Apr/2012:14:44:16 -0700] "POST /blog/wp-cron.php?doing_wp_cron=1333575579 HTTP/1.0" 499 0 "-" "WordPress/3.3.1; http://yuvi.in/blog"
2.82.187.112 - - [04/Apr/2012:14:44:17 -0700] "GET /blog/wp-content/themes/cleanr/libs/thumb.php HTTP/1.1" 404 12307 "-" "Mozilla/5.0 (Windows NT 6.1) AppleWebKit/534.30 (KHTML, like Gecko) Chrome/12.0.742.122 Safari/534.30"
85.17.88.169 - - [04/Apr/2012:14:44:19 -0700] "POST /blog/wp-cron.php?doing_wp_cron=1333575582 HTTP/1.0" 499 0 "-" "WordPress/3.3.1; http://yuvi.in/blog"
2.82.187.112 - - [04/Apr/2012:14:44:22 -0700] "GET /blog/wp-content/themes/cleanr/assets/js/timthumb.php HTTP/1.1" 404 12307 "-" "Mozilla/5.0 (Windows NT 6.1) AppleWebKit/534.30 (KHTML, like Gecko) Chrome/12.0.742.122 Safari/534.30"
85.17.88.169 - - [04/Apr/2012:14:44:25 -0700] "POST /blog/wp-cron.php?doing_wp_cron=1333575588 HTTP/1.0" 499 0 "-" "WordPress/3.3.1; http://yuvi.in/blog"
2.82.187.112 - - [04/Apr/2012:14:44:25 -0700] "GET /blog/wp-content/themes/cleanr/library/timthumb.php HTTP/1.1" 404 12307 "-" "Mozilla/5.0 (Windows NT 6.1) AppleWebKit/534.30 (KHTML, like Gecko) Chrome/12.0.742.122 Safari/534.30"
85.17.88.169 - - [04/Apr/2012:14:44:27 -0700] "POST /blog/wp-cron.php?doing_wp_cron=1333575591 HTTP/1.0" 499 0 "-" "WordPress/3.3.1; http://yuvi.in/blog"
2.82.187.112 - - [04/Apr/2012:14:44:28 -0700] "GET /blog/wp-content/themes/cleanr/library/thumb.php HTTP/1.1" 404 12307 "-" "Mozilla/5.0 (Windows NT 6.1) AppleWebKit/534.30 (KHTML, like Gecko) Chrome/12.0.742.122 Safari/534.30"
85.17.88.169 - - [04/Apr/2012:14:44:30 -0700] "POST /blog/wp-cron.php?doing_wp_cron=1333575593 HTTP/1.0" 499 0 "-" "WordPress/3.3.1; http://yuvi.in/blog"
184.191.224.10 - - [04/Apr/2012:14:44:36 -0700] "GET / HTTP/1.1" 200 1430 "-" "Caffeinated/1.1.1 CFNetwork/520.3.2 Darwin/11.3.0 (x86_64) (MacBookPro8%2C1)"
184.191.224.10 - - [04/Apr/2012:14:44:36 -0700] "GET /favicon.ico HTTP/1.1" 404 142 "-" "Caffeinated/1.1.1 CFNetwork/520.3.2 Darwin/11.3.0 (x86_64) (MacBookPro8%2C1)"
2.82.187.112 - - [04/Apr/2012:14:44:39 -0700] "GET /blog/wp-content/themes/cleanr/include/timthumb.php HTTP/1.1" 404 12307 "-" "Mozilla/5.0 (Windows NT 6.1) AppleWebKit/534.30 (KHTML, like Gecko) Chrome/12.0.742.122 Safari/534.30"
85.17.88.169 - - [04/Apr/2012:14:44:42 -0700] "POST /blog/wp-cron.php?doing_wp_cron=1333575605 HTTP/1.0" 499 0 "-" "WordPress/3.3.1; http://yuvi.in/blog"
2.82.187.112 - - [04/Apr/2012:14:44:42 -0700] "GET /blog/wp-content/themes/cleanr/include/thumb.php HTTP/1.1" 404 12307 "-" "Mozilla/5.0 (Windows NT 6.1) AppleWebKit/534.30 (KHTML, like Gecko) Chrome/12.0.742.122 Safari/534.30"
85.17.88.169 - - [04/Apr/2012:14:44:44 -0700] "POST /blog/wp-cron.php?doing_wp_cron=1333575608 HTTP/1.0" 499 0 "-" "WordPress/3.3.1; http://yuvi.in/blog"
2.82.187.112 - - [04/Apr/2012:14:44:45 -0700] "GET /blog/wp-content/themes/cleanr/includes/timthumb/timthumb.php HTTP/1.1" 404 12307 "-" "Mozilla/5.0 (Windows NT 6.1) AppleWebKit/534.30 (KHTML, like Gecko) Chrome/12.0.742.122 Safari/534.30"
85.17.88.169 - - [04/Apr/2012:14:44:47 -0700] "POST /blog/wp-cron.php?doing_wp_cron=1333575611 HTTP/1.0" 499 0 "-" "WordPress/3.3.1; http://yuvi.in/blog"
2.82.187.112 - - [04/Apr/2012:14:44:48 -0700] "GET /blog/wp-content/themes/cleanr/includes/timthumb/thumb.php HTTP/1.1" 404 12307 "-" "Mozilla/5.0 (Windows NT 6.1) AppleWebKit/534.30 (KHTML, like Gecko) Chrome/12.0.742.122 Safari/534.30"
85.17.88.169 - - [04/Apr/2012:14:44:50 -0700] "POST /blog/wp-cron.php?doing_wp_cron=1333575613 HTTP/1.0" 499 0 "-" "WordPress/3.3.1; http://yuvi.in/blog"
2.82.187.112 - - [04/Apr/2012:14:44:50 -0700] "GET /blog/wp-content/themes/cleanr/inc/timthumb.php HTTP/1.1" 404 12307 "-" "Mozilla/5.0 (Windows NT 6.1) AppleWebKit/534.30 (KHTML, like Gecko) Chrome/12.0.742.122 Safari/534.30"
85.17.88.169 - - [04/Apr/2012:14:44:53 -0700] "POST /blog/wp-cron.php?doing_wp_cron=1333575616 HTTP/1.0" 499 0 "-" "WordPress/3.3.1; http://yuvi.in/blog"
2.82.187.112 - - [04/Apr/2012:14:44:53 -0700] "GET /blog/wp-content/themes/cleanr/include/timthumb.php HTTP/1.1" 404 12307 "-" "Mozilla/5.0 (Windows NT 6.1) AppleWebKit/534.30 (KHTML, like Gecko) Chrome/12.0.742.122 Safari/534.30"
85.17.88.169 - - [04/Apr/2012:14:44:56 -0700] "POST /blog/wp-cron.php?doing_wp_cron=1333575619 HTTP/1.0" 499 0 "-" "WordPress/3.3.1; http://yuvi.in/blog"
2.82.187.112 - - [04/Apr/2012:14:44:56 -0700] "GET /blog/wp-content/themes/cleanr/include/thumb.php HTTP/1.1" 404 12307 "-" "Mozilla/5.0 (Windows NT 6.1) AppleWebKit/534.30 (KHTML, like Gecko) Chrome/12.0.742.122 Safari/534.30"
85.17.88.169 - - [04/Apr/2012:14:44:58 -0700] "POST /blog/wp-cron.php?doing_wp_cron=1333575622 HTTP/1.0" 499 0 "-" "WordPress/3.3.1; http://yuvi.in/blog"
2.82.187.112 - - [04/Apr/2012:14:44:59 -0700] "GET /blog/wp-content/themes/cleanr/functions/timthumb.php HTTP/1.1" 404 12307 "-" "Mozilla/5.0 (Windows NT 6.1) AppleWebKit/534.30 (KHTML, like Gecko) Chrome/12.0.742.122 Safari/534.30"
85.17.88.169 - - [04/Apr/2012:14:45:01 -0700] "POST /blog/wp-cron.php?doing_wp_cron=1333575624 HTTP/1.0" 499 0 "-" "WordPress/3.3.1; http://yuvi.in/blog"
2.82.187.112 - - [04/Apr/2012:14:45:02 -0700] "GET /blog/wp-content/themes/cleanr/functions/thumb.php HTTP/1.1" 404 12300 "-" "Mozilla/5.0 (Windows NT 6.1) AppleWebKit/534.30 (KHTML, like Gecko) Chrome/12.0.742.122 Safari/534.30"
85.17.88.169 - - [04/Apr/2012:14:45:04 -0700] "POST /blog/wp-cron.php?doing_wp_cron=1333575627 HTTP/1.0" 499 0 "-" "WordPress/3.3.1; http://yuvi.in/blog"
2.82.187.112 - - [04/Apr/2012:14:45:04 -0700] "GET /blog/wp-content/themes/cleanr/ttplugin/timthumb.php HTTP/1.1" 404 12307 "-" "Mozilla/5.0 (Windows NT 6.1) AppleWebKit/534.30 (KHTML, like Gecko) Chrome/12.0.742.122 Safari/534.30"
85.17.88.169 - - [04/Apr/2012:14:45:07 -0700] "POST /blog/wp-cron.php?doing_wp_cron=1333575630 HTTP/1.0" 499 0 "-" "WordPress/3.3.1; http://yuvi.in/blog"
2.82.187.112 - - [04/Apr/2012:14:45:07 -0700] "GET /blog/wp-content/themes/cleanr/ttplugin/thumb.php HTTP/1.1" 404 12307 "-" "Mozilla/5.0 (Windows NT 6.1) AppleWebKit/534.30 (KHTML, like Gecko) Chrome/12.0.742.122 Safari/534.30"
85.17.88.169 - - [04/Apr/2012:14:45:09 -0700] "POST /blog/wp-cron.php?doing_wp_cron=1333575633 HTTP/1.0" 499 0 "-" "WordPress/3.3.1; http://yuvi.in/blog"
2.82.187.112 - - [04/Apr/2012:14:45:10 -0700] "GET /blog/wp-content/themes/cleanr/inc/classes/timthumb.php HTTP/1.1" 404 12307 "-" "Mozilla/5.0 (Windows NT 6.1) AppleWebKit/534.30 (KHTML, like Gecko) Chrome/12.0.742.122 Safari/534.30"
85.17.88.169 - - [04/Apr/2012:14:45:12 -0700] "POST /blog/wp-cron.php?doing_wp_cron=1333575636 HTTP/1.0" 499 0 "-" "WordPress/3.3.1; http://yuvi.in/blog"
2.82.187.112 - - [04/Apr/2012:14:45:13 -0700] "GET /blog/wp-content/themes/cleanr/inc/classes/thumb.php HTTP/1.1" 404 12307 "-" "Mozilla/5.0 (Windows NT 6.1) AppleWebKit/534.30 (KHTML, like Gecko) Chrome/12.0.742.122 Safari/534.30"
85.17.88.169 - - [04/Apr/2012:14:45:15 -0700] "POST /blog/wp-cron.php?doing_wp_cron=1333575638 HTTP/1.0" 499 0 "-" "WordPress/3.3.1; http://yuvi.in/blog"
2.82.187.112 - - [04/Apr/2012:14:45:25 -0700] "GET /blog/wp-content/themes/cleanr/classes/timthumb.php HTTP/1.1" 404 12300 "-" "Mozilla/5.0 (Windows NT 6.1) AppleWebKit/534.30 (KHTML, like Gecko) Chrome/12.0.742.122 Safari/534.30"
85.17.88.169 - - [04/Apr/2012:14:45:27 -0700] "POST /blog/wp-cron.php?doing_wp_cron=1333575650 HTTP/1.0" 499 0 "-" "WordPress/3.3.1; http://yuvi.in/blog"
2.82.187.112 - - [04/Apr/2012:14:45:27 -0700] "GET /blog/wp-content/themes/cleanr/classes/thumb.php HTTP/1.1" 404 12307 "-" "Mozilla/5.0 (Windows NT 6.1) AppleWebKit/534.30 (KHTML, like Gecko) Chrome/12.0.742.122 Safari/534.30"
85.17.88.169 - - [04/Apr/2012:14:45:30 -0700] "POST /blog/wp-cron.php?doing_wp_cron=1333575653 HTTP/1.0" 499 0 "-" "WordPress/3.3.1; http://yuvi.in/blog"
2.82.187.112 - - [04/Apr/2012:14:45:30 -0700] "GET /blog/wp-content/themes/cleanr/tools/timthumb/timthumb.php HTTP/1.1" 404 12307 "-" "Mozilla/5.0 (Windows NT 6.1) AppleWebKit/534.30 (KHTML, like Gecko) Chrome/12.0.742.122 Safari/534.30"
85.17.88.169 - - [04/Apr/2012:14:45:32 -0700] "POST /blog/wp-cron.php?doing_wp_cron=1333575656 HTTP/1.0" 499 0 "-" "WordPress/3.3.1; http://yuvi.in/blog"
2.82.187.112 - - [04/Apr/2012:14:45:33 -0700] "GET /blog/wp-content/themes/cleanr/tools/timthumb/thumb.php HTTP/1.1" 404 12307 "-" "Mozilla/5.0 (Windows NT 6.1) AppleWebKit/534.30 (KHTML, like Gecko) Chrome/12.0.742.122 Safari/534.30"
85.17.88.169 - - [04/Apr/2012:14:45:35 -0700] "POST /blog/wp-cron.php?doing_wp_cron=1333575659 HTTP/1.0" 499 0 "-" "WordPress/3.3.1; http://yuvi.in/blog"
2.82.187.112 - - [04/Apr/2012:14:45:36 -0700] "GET /blog/wp-content/themes/cleanr/timThumb/timthumb.php HTTP/1.1" 404 12307 "-" "Mozilla/5.0 (Windows NT 6.1) AppleWebKit/534.30 (KHTML, like Gecko) Chrome/12.0.742.122 Safari/534.30"
85.17.88.169 - - [04/Apr/2012:14:45:38 -0700] "POST /blog/wp-cron.php?doing_wp_cron=1333575661 HTTP/1.0" 499 0 "-" "WordPress/3.3.1; http://yuvi.in/blog"
2.82.187.112 - - [04/Apr/2012:14:45:38 -0700] "GET /blog/wp-content/themes/cleanr/timThumb/thumb.php HTTP/1.1" 404 12307 "-" "Mozilla/5.0 (Windows NT 6.1) AppleWebKit/534.30 (KHTML, like Gecko) Chrome/12.0.742.122 Safari/534.30"
85.17.88.169 - - [04/Apr/2012:14:45:41 -0700] "POST /blog/wp-cron.php?doing_wp_cron=1333575664 HTTP/1.0" 499 0 "-" "WordPress/3.3.1; http://yuvi.in/blog"
2.82.187.112 - - [04/Apr/2012:14:45:41 -0700] "GET /blog/wp-content/themes/cleanr/cores/thumbnails/timthumb.php HTTP/1.1" 404 12307 "-" "Mozilla/5.0 (Windows NT 6.1) AppleWebKit/534.30 (KHTML, like Gecko) Chrome/12.0.742.122 Safari/534.30"
85.17.88.169 - - [04/Apr/2012:14:45:43 -0700] "POST /blog/wp-cron.php?doing_wp_cron=1333575667 HTTP/1.0" 499 0 "-" "WordPress/3.3.1; http://yuvi.in/blog"
2.82.187.112 - - [04/Apr/2012:14:45:44 -0700] "GET /blog/wp-content/themes/cleanr/cores/thumbnails/thumb.php HTTP/1.1" 404 12307 "-" "Mozilla/5.0 (Windows NT 6.1) AppleWebKit/534.30 (KHTML, like Gecko) Chrome/12.0.742.122 Safari/534.30"
85.17.88.169 - - [04/Apr/2012:14:45:46 -0700] "POST /blog/wp-cron.php?doing_wp_cron=1333575670 HTTP/1.0" 499 0 "-" "WordPress/3.3.1; http://yuvi.in/blog"
2.82.187.112 - - [04/Apr/2012:14:45:50 -0700] "GET /blog/wp-content/themes/cleanr/uploadify.php HTTP/1.1" 404 12307 "-" "Mozilla/5.0 (Windows NT 6.1) AppleWebKit/534.30 (KHTML, like Gecko) Chrome/12.0.742.122 Safari/534.30"
85.17.88.169 - - [04/Apr/2012:14:45:53 -0700] "POST /blog/wp-cron.php?doing_wp_cron=1333575676 HTTP/1.0" 499 0 "-" "WordPress/3.3.1; http://yuvi.in/blog"
2.82.187.112 - - [04/Apr/2012:14:45:53 -0700] "GET /blog/wp-content/themes/cleanr/includes/functions/thumb.php HTTP/1.1" 404 12307 "-" "Mozilla/5.0 (Windows NT 6.1) AppleWebKit/534.30 (KHTML, like Gecko) Chrome/12.0.742.122 Safari/534.30"
85.17.88.169 - - [04/Apr/2012:14:45:55 -0700] "POST /blog/wp-cron.php?doing_wp_cron=1333575679 HTTP/1.0" 499 0 "-" "WordPress/3.3.1; http://yuvi.in/blog"
2.82.187.112 - - [04/Apr/2012:14:45:56 -0700] "GET /blog/wp-content/themes/13floor/timthumb.php HTTP/1.1" 404 12307 "-" "Mozilla/5.0 (Windows NT 6.1) AppleWebKit/534.30 (KHTML, like Gecko) Chrome/12.0.742.122 Safari/534.30"
85.17.88.169 - - [04/Apr/2012:14:45:58 -0700] "POST /blog/wp-cron.php?doing_wp_cron=1333575681 HTTP/1.0" 499 0 "-" "WordPress/3.3.1; http://yuvi.in/blog"
2.82.187.112 - - [04/Apr/2012:14:45:58 -0700] "GET /blog/wp-content/themes/13floor/tools/timthumb.php HTTP/1.1" 404 12307 "-" "Mozilla/5.0 (Windows NT 6.1) AppleWebKit/534.30 (KHTML, like Gecko) Chrome/12.0.742.122 Safari/534.30"
85.17.88.169 - - [04/Apr/2012:14:46:01 -0700] "POST /blog/wp-cron.php?doing_wp_cron=1333575684 HTTP/1.0" 499 0 "-" "WordPress/3.3.1; http://yuvi.in/blog"
2.82.187.112 - - [04/Apr/2012:14:46:01 -0700] "GET /blog/wp-content/themes/8q/scripts/timthumb.php HTTP/1.1" 404 12307 "-" "Mozilla/5.0 (Windows NT 6.1) AppleWebKit/534.30 (KHTML, like Gecko) Chrome/12.0.742.122 Safari/534.30"
85.17.88.169 - - [04/Apr/2012:14:46:04 -0700] "POST /blog/wp-cron.php?doing_wp_cron=1333575687 HTTP/1.0" 499 0 "-" "WordPress/3.3.1; http://yuvi.in/blog"
2.82.187.112 - - [04/Apr/2012:14:46:04 -0700] "GET /blog/wp-content/themes/aerial/lib/timthumb.php HTTP/1.1" 404 12307 "-" "Mozilla/5.0 (Windows NT 6.1) AppleWebKit/534.30 (KHTML, like Gecko) Chrome/12.0.742.122 Safari/534.30"
85.17.88.169 - - [04/Apr/2012:14:46:06 -0700] "POST /blog/wp-cron.php?doing_wp_cron=1333575690 HTTP/1.0" 499 0 "-" "WordPress/3.3.1; http://yuvi.in/blog"
2.82.187.112 - - [04/Apr/2012:14:46:07 -0700] "GET /blog/wp-content/themes/aesthete/timthumb.php HTTP/1.1" 404 12307 "-" "Mozilla/5.0 (Windows NT 6.1) AppleWebKit/534.30 (KHTML, like Gecko) Chrome/12.0.742.122 Safari/534.30"
85.17.88.169 - - [04/Apr/2012:14:46:09 -0700] "POST /blog/wp-cron.php?doing_wp_cron=1333575692 HTTP/1.0" 499 0 "-" "WordPress/3.3.1; http://yuvi.in/blog"
2.82.187.112 - - [04/Apr/2012:14:46:10 -0700] "GET /blog/wp-content/themes/albizia/includes/timthumb.php HTTP/1.1" 404 12300 "-" "Mozilla/5.0 (Windows NT 6.1) AppleWebKit/534.30 (KHTML, like Gecko) Chrome/12.0.742.122 Safari/534.30"
85.17.88.169 - - [04/Apr/2012:14:46:12 -0700] "POST /blog/wp-cron.php?doing_wp_cron=1333575695 HTTP/1.0" 499 0 "-" "WordPress/3.3.1; http://yuvi.in/blog"
2.82.187.112 - - [04/Apr/2012:14:46:12 -0700] "GET /blog/wp-content/themes/amphion-lite/script/timthumb.php HTTP/1.1" 404 12307 "-" "Mozilla/5.0 (Windows NT 6.1) AppleWebKit/534.30 (KHTML, like Gecko) Chrome/12.0.742.122 Safari/534.30"
85.17.88.169 - - [04/Apr/2012:14:46:15 -0700] "POST /blog/wp-cron.php?doing_wp_cron=1333575698 HTTP/1.0" 499 0 "-" "WordPress/3.3.1; http://yuvi.in/blog"
2.82.187.112 - - [04/Apr/2012:14:46:15 -0700] "GET /blog/wp-content/themes/Apz/scripts/timthumb.php HTTP/1.1" 404 12300 "-" "Mozilla/5.0 (Windows NT 6.1) AppleWebKit/534.30 (KHTML, like Gecko) Chrome/12.0.742.122 Safari/534.30"
85.17.88.169 - - [04/Apr/2012:14:46:17 -0700] "POST /blog/wp-cron.php?doing_wp_cron=1333575701 HTTP/1.0" 499 0 "-" "WordPress/3.3.1; http://yuvi.in/blog"
2.82.187.112 - - [04/Apr/2012:14:46:18 -0700] "GET /blog/wp-content/themes/Apz/timthumb.php HTTP/1.1" 404 12300 "-" "Mozilla/5.0 (Windows NT 6.1) AppleWebKit/534.30 (KHTML, like Gecko) Chrome/12.0.742.122 Safari/534.30"
85.17.88.169 - - [04/Apr/2012:14:46:20 -0700] "POST /blog/wp-cron.php?doing_wp_cron=1333575704 HTTP/1.0" 499 0 "-" "WordPress/3.3.1; http://yuvi.in/blog"
2.82.187.112 - - [04/Apr/2012:14:46:21 -0700] "GET /blog/wp-content/themes/Apz/tools/timthumb.php HTTP/1.1" 404 12307 "-" "Mozilla/5.0 (Windows NT 6.1) AppleWebKit/534.30 (KHTML, like Gecko) Chrome/12.0.742.122 Safari/534.30"
85.17.88.169 - - [04/Apr/2012:14:46:23 -0700] "POST /blog/wp-cron.php?doing_wp_cron=1333575706 HTTP/1.0" 499 0 "-" "WordPress/3.3.1; http://yuvi.in/blog"
2.82.187.112 - - [04/Apr/2012:14:46:23 -0700] "GET /blog/wp-content/themes/aqua-blue/includes/timthumb.php HTTP/1.1" 404 12307 "-" "Mozilla/5.0 (Windows NT 6.1) AppleWebKit/534.30 (KHTML, like Gecko) Chrome/12.0.742.122 Safari/534.30"
85.17.88.169 - - [04/Apr/2012:14:46:26 -0700] "POST /blog/wp-cron.php?doing_wp_cron=1333575709 HTTP/1.0" 499 0 "-" "WordPress/3.3.1; http://yuvi.in/blog"
2.82.187.112 - - [04/Apr/2012:14:46:26 -0700] "GET /blog/wp-content/themes/aqua-blue/scripts/timthumb.php HTTP/1.1" 404 12307 "-" "Mozilla/5.0 (Windows NT 6.1) AppleWebKit/534.30 (KHTML, like Gecko) Chrome/12.0.742.122 Safari/534.30"
85.17.88.169 - - [04/Apr/2012:14:46:28 -0700] "POST /blog/wp-cron.php?doing_wp_cron=1333575712 HTTP/1.0" 499 0 "-" "WordPress/3.3.1; http://yuvi.in/blog"
2.82.187.112 - - [04/Apr/2012:14:46:29 -0700] "GET /blog/wp-content/themes/aqua-blue/timthumb.php HTTP/1.1" 404 12300 "-" "Mozilla/5.0 (Windows NT 6.1) AppleWebKit/534.30 (KHTML, like Gecko) Chrome/12.0.742.122 Safari/534.30"
85.17.88.169 - - [04/Apr/2012:14:46:31 -0700] "POST /blog/wp-cron.php?doing_wp_cron=1333575715 HTTP/1.0" 499 0 "-" "WordPress/3.3.1; http://yuvi.in/blog"
2.82.187.112 - - [04/Apr/2012:14:46:32 -0700] "GET /blog/wp-content/themes/aqua-blue/tools/timthumb.php HTTP/1.1" 404 12307 "-" "Mozilla/5.0 (Windows NT 6.1) AppleWebKit/534.30 (KHTML, like Gecko) Chrome/12.0.742.122 Safari/534.30"
85.17.88.169 - - [04/Apr/2012:14:46:34 -0700] "POST /blog/wp-cron.php?doing_wp_cron=1333575717 HTTP/1.0" 499 0 "-" "WordPress/3.3.1; http://yuvi.in/blog"
2.82.187.112 - - [04/Apr/2012:14:46:34 -0700] "GET /blog/wp-content/themes/aranovo/scripts/timthumb.php HTTP/1.1" 404 12300 "-" "Mozilla/5.0 (Windows NT 6.1) AppleWebKit/534.30 (KHTML, like Gecko) Chrome/12.0.742.122 Safari/534.30"
85.17.88.169 - - [04/Apr/2012:14:46:37 -0700] "POST /blog/wp-cron.php?doing_wp_cron=1333575720 HTTP/1.0" 499 0 "-" "WordPress/3.3.1; http://yuvi.in/blog"
2.82.187.112 - - [04/Apr/2012:14:46:37 -0700] "GET /blog/wp-content/themes/arras/library/timthumb.php HTTP/1.1" 404 12307 "-" "Mozilla/5.0 (Windows NT 6.1) AppleWebKit/534.30 (KHTML, like Gecko) Chrome/12.0.742.122 Safari/534.30"
85.17.88.169 - - [04/Apr/2012:14:46:39 -0700] "POST /blog/wp-cron.php?doing_wp_cron=1333575723 HTTP/1.0" 499 0 "-" "WordPress/3.3.1; http://yuvi.in/blog"
2.82.187.112 - - [04/Apr/2012:14:46:40 -0700] "GET /blog/wp-content/themes/arras-theme/library/timthumb.php HTTP/1.1" 404 12307 "-" "Mozilla/5.0 (Windows NT 6.1) AppleWebKit/534.30 (KHTML, like Gecko) Chrome/12.0.742.122 Safari/534.30"
85.17.88.169 - - [04/Apr/2012:14:46:42 -0700] "POST /blog/wp-cron.php?doing_wp_cron=1333575726 HTTP/1.0" 499 0 "-" "WordPress/3.3.1; http://yuvi.in/blog"
2.82.187.112 - - [04/Apr/2012:14:46:43 -0700] "GET /blog/wp-content/themes/arthemix-bronze/scripts/timthumb.php HTTP/1.1" 404 12307 "-" "Mozilla/5.0 (Windows NT 6.1) AppleWebKit/534.30 (KHTML, like Gecko) Chrome/12.0.742.122 Safari/534.30"
85.17.88.169 - - [04/Apr/2012:14:46:45 -0700] "POST /blog/wp-cron.php?doing_wp_cron=1333575729 HTTP/1.0" 499 0 "-" "WordPress/3.3.1; http://yuvi.in/blog"
2.82.187.112 - - [04/Apr/2012:14:46:46 -0700] "GET /blog/wp-content/themes/arthemix-green/scripts/timthumb.php HTTP/1.1" 404 12307 "-" "Mozilla/5.0 (Windows NT 6.1) AppleWebKit/534.30 (KHTML, like Gecko) Chrome/12.0.742.122 Safari/534.30"
85.17.88.169 - - [04/Apr/2012:14:46:48 -0700] "POST /blog/wp-cron.php?doing_wp_cron=1333575731 HTTP/1.0" 499 0 "-" "WordPress/3.3.1; http://yuvi.in/blog"
2.82.187.112 - - [04/Apr/2012:14:46:48 -0700] "GET /blog/wp-content/themes/artisan/includes/timthumb.php HTTP/1.1" 404 12307 "-" "Mozilla/5.0 (Windows NT 6.1) AppleWebKit/534.30 (KHTML, like Gecko) Chrome/12.0.742.122 Safari/534.30"
85.17.88.169 - - [04/Apr/2012:14:46:51 -0700] "POST /blog/wp-cron.php?doing_wp_cron=1333575734 HTTP/1.0" 499 0 "-" "WordPress/3.3.1; http://yuvi.in/blog"
2.82.187.112 - - [04/Apr/2012:14:46:51 -0700] "GET /blog/wp-content/themes/a-simple-business-theme/scripts/timthumb.php HTTP/1.1" 404 12307 "-" "Mozilla/5.0 (Windows NT 6.1) AppleWebKit/534.30 (KHTML, like Gecko) Chrome/12.0.742.122 Safari/534.30"
85.17.88.169 - - [04/Apr/2012:14:46:53 -0700] "POST /blog/wp-cron.php?doing_wp_cron=1333575737 HTTP/1.0" 499 0 "-" "WordPress/3.3.1; http://yuvi.in/blog"
2.82.187.112 - - [04/Apr/2012:14:46:57 -0700] "GET /blog/wp-content/themes/AskIt/timthumb.php HTTP/1.1" 404 12300 "-" "Mozilla/5.0 (Windows NT 6.1) AppleWebKit/534.30 (KHTML, like Gecko) Chrome/12.0.742.122 Safari/534.30"
85.17.88.169 - - [04/Apr/2012:14:46:59 -0700] "POST /blog/wp-cron.php?doing_wp_cron=1333575743 HTTP/1.0" 499 0 "-" "WordPress/3.3.1; http://yuvi.in/blog"
2.82.187.112 - - [04/Apr/2012:14:47:00 -0700] "GET /blog/wp-content/themes/AskIt/tools/timthumb.php HTTP/1.1" 404 12307 "-" "Mozilla/5.0 (Windows NT 6.1) AppleWebKit/534.30 (KHTML, like Gecko) Chrome/12.0.742.122 Safari/534.30"
85.17.88.169 - - [04/Apr/2012:14:47:02 -0700] "POST /blog/wp-cron.php?doing_wp_cron=1333575746 HTTP/1.0" 499 0 "-" "WordPress/3.3.1; http://yuvi.in/blog"
2.82.187.112 - - [04/Apr/2012:14:47:03 -0700] "GET /blog/wp-content/themes/a-supercms/timthumb.php HTTP/1.1" 404 12307 "-" "Mozilla/5.0 (Windows NT 6.1) AppleWebKit/534.30 (KHTML, like Gecko) Chrome/12.0.742.122 Safari/534.30"
85.17.88.169 - - [04/Apr/2012:14:47:05 -0700] "POST /blog/wp-cron.php?doing_wp_cron=1333575748 HTTP/1.0" 499 0 "-" "WordPress/3.3.1; http://yuvi.in/blog"
2.82.187.112 - - [04/Apr/2012:14:47:05 -0700] "GET /blog/wp-content/themes/aureola/scripts/timthumb.php HTTP/1.1" 404 12307 "-" "Mozilla/5.0 (Windows NT 6.1) AppleWebKit/534.30 (KHTML, like Gecko) Chrome/12.0.742.122 Safari/534.30"
85.17.88.169 - - [04/Apr/2012:14:47:08 -0700] "POST /blog/wp-cron.php?doing_wp_cron=1333575751 HTTP/1.0" 499 0 "-" "WordPress/3.3.1; http://yuvi.in/blog"
2.82.187.112 - - [04/Apr/2012:14:47:08 -0700] "GET /blog/wp-content/themes/aurorae/timthumb.php HTTP/1.1" 404 12300 "-" "Mozilla/5.0 (Windows NT 6.1) AppleWebKit/534.30 (KHTML, like Gecko) Chrome/12.0.742.122 Safari/534.30"
85.17.88.169 - - [04/Apr/2012:14:47:11 -0700] "POST /blog/wp-cron.php?doing_wp_cron=1333575754 HTTP/1.0" 499 0 "-" "WordPress/3.3.1; http://yuvi.in/blog"
2.82.187.112 - - [04/Apr/2012:14:47:11 -0700] "GET /blog/wp-content/themes/automotive-blog-theme/Quick%20Cash%20Auto/timthumb.php HTTP/1.1" 404 12307 "-" "Mozilla/5.0 (Windows NT 6.1) AppleWebKit/534.30 (KHTML, like Gecko) Chrome/12.0.742.122 Safari/534.30"
85.17.88.169 - - [04/Apr/2012:14:47:13 -0700] "POST /blog/wp-cron.php?doing_wp_cron=1333575757 HTTP/1.0" 499 0 "-" "WordPress/3.3.1; http://yuvi.in/blog"
2.82.187.112 - - [04/Apr/2012:14:47:14 -0700] "GET /blog/wp-content/themes/automotive-blog-theme/timthumb.php HTTP/1.1" 404 12307 "-" "Mozilla/5.0 (Windows NT 6.1) AppleWebKit/534.30 (KHTML, like Gecko) Chrome/12.0.742.122 Safari/534.30"
85.17.88.169 - - [04/Apr/2012:14:47:16 -0700] "POST /blog/wp-cron.php?doing_wp_cron=1333575759 HTTP/1.0" 499 0 "-" "WordPress/3.3.1; http://yuvi.in/blog"
2.82.187.112 - - [04/Apr/2012:14:47:16 -0700] "GET /blog/wp-content/themes/backstage/scripts/timthumb.php HTTP/1.1" 404 12300 "-" "Mozilla/5.0 (Windows NT 6.1) AppleWebKit/534.30 (KHTML, like Gecko) Chrome/12.0.742.122 Safari/534.30"
85.17.88.169 - - [04/Apr/2012:14:47:19 -0700] "POST /blog/wp-cron.php?doing_wp_cron=1333575762 HTTP/1.0" 499 0 "-" "WordPress/3.3.1; http://yuvi.in/blog"
2.82.187.112 - - [04/Apr/2012:14:47:19 -0700] "GET /blog/wp-content/themes/backstage/timthumb.php HTTP/1.1" 404 12307 "-" "Mozilla/5.0 (Windows NT 6.1) AppleWebKit/534.30 (KHTML, like Gecko) Chrome/12.0.742.122 Safari/534.30"
85.17.88.169 - - [04/Apr/2012:14:47:22 -0700] "POST /blog/wp-cron.php?doing_wp_cron=1333575765 HTTP/1.0" 499 0 "-" "WordPress/3.3.1; http://yuvi.in/blog"
2.82.187.112 - - [04/Apr/2012:14:47:25 -0700] "GET /blog/wp-content/themes/backstage/tools/timthumb.php HTTP/1.1" 404 12307 "-" "Mozilla/5.0 (Windows NT 6.1) AppleWebKit/534.30 (KHTML, like Gecko) Chrome/12.0.742.122 Safari/534.30"
85.17.88.169 - - [04/Apr/2012:14:47:27 -0700] "POST /blog/wp-cron.php?doing_wp_cron=1333575771 HTTP/1.0" 499 0 "-" "WordPress/3.3.1; http://yuvi.in/blog"
2.82.187.112 - - [04/Apr/2012:14:47:28 -0700] "GET /blog/wp-content/themes/Basic/timthumb.php HTTP/1.1" 404 12307 "-" "Mozilla/5.0 (Windows NT 6.1) AppleWebKit/534.30 (KHTML, like Gecko) Chrome/12.0.742.122 Safari/534.30"
85.17.88.169 - - [04/Apr/2012:14:47:30 -0700] "POST /blog/wp-cron.php?doing_wp_cron=1333575773 HTTP/1.0" 499 0 "-" "WordPress/3.3.1; http://yuvi.in/blog"
2.82.187.112 - - [04/Apr/2012:14:47:30 -0700] "GET /blog/wp-content/themes/Basic/tools/timthumb.php HTTP/1.1" 404 12307 "-" "Mozilla/5.0 (Windows NT 6.1) AppleWebKit/534.30 (KHTML, like Gecko) Chrome/12.0.742.122 Safari/534.30"
85.17.88.169 - - [04/Apr/2012:14:47:33 -0700] "POST /blog/wp-cron.php?doing_wp_cron=1333575776 HTTP/1.0" 499 0 "-" "WordPress/3.3.1; http://yuvi.in/blog"
2.82.187.112 - - [04/Apr/2012:14:47:33 -0700] "GET /blog/wp-content/themes/black_eve/timthumb.php HTTP/1.1" 404 12307 "-" "Mozilla/5.0 (Windows NT 6.1) AppleWebKit/534.30 (KHTML, like Gecko) Chrome/12.0.742.122 Safari/534.30"
85.17.88.169 - - [04/Apr/2012:14:47:35 -0700] "POST /blog/wp-cron.php?doing_wp_cron=1333575779 HTTP/1.0" 499 0 "-" "WordPress/3.3.1; http://yuvi.in/blog"
2.82.187.112 - - [04/Apr/2012:14:47:36 -0700] "GET /blog/wp-content/themes/blex/scripts/timthumb.php HTTP/1.1" 404 12307 "-" "Mozilla/5.0 (Windows NT 6.1) AppleWebKit/534.30 (KHTML, like Gecko) Chrome/12.0.742.122 Safari/534.30"
85.17.88.169 - - [04/Apr/2012:14:47:38 -0700] "POST /blog/wp-cron.php?doing_wp_cron=1333575782 HTTP/1.0" 499 0 "-" "WordPress/3.3.1; http://yuvi.in/blog"
2.82.187.112 - - [04/Apr/2012:14:47:39 -0700] "GET /blog/wp-content/themes/bloggnorge-a1/scripts/timthumb.php HTTP/1.1" 404 12300 "-" "Mozilla/5.0 (Windows NT 6.1) AppleWebKit/534.30 (KHTML, like Gecko) Chrome/12.0.742.122 Safari/534.30"
85.17.88.169 - - [04/Apr/2012:14:47:41 -0700] "POST /blog/wp-cron.php?doing_wp_cron=1333575784 HTTP/1.0" 499 0 "-" "WordPress/3.3.1; http://yuvi.in/blog"
2.82.187.112 - - [04/Apr/2012:14:47:42 -0700] "GET /blog/wp-content/themes/blogified/timthumb.php HTTP/1.1" 404 12307 "-" "Mozilla/5.0 (Windows NT 6.1) AppleWebKit/534.30 (KHTML, like Gecko) Chrome/12.0.742.122 Safari/534.30"
85.17.88.169 - - [04/Apr/2012:14:47:44 -0700] "POST /blog/wp-cron.php?doing_wp_cron=1333575787 HTTP/1.0" 499 0 "-" "WordPress/3.3.1; http://yuvi.in/blog"
2.82.187.112 - - [04/Apr/2012:14:47:44 -0700] "GET /blog/wp-content/themes/blue-corporate-hyve-theme/timthumb.php HTTP/1.1" 404 12307 "-" "Mozilla/5.0 (Windows NT 6.1) AppleWebKit/534.30 (KHTML, like Gecko) Chrome/12.0.742.122 Safari/534.30"
85.17.88.169 - - [04/Apr/2012:14:47:47 -0700] "POST /blog/wp-cron.php?doing_wp_cron=1333575790 HTTP/1.0" 499 0 "-" "WordPress/3.3.1; http://yuvi.in/blog"
2.82.187.112 - - [04/Apr/2012:14:47:47 -0700] "GET /blog/wp-content/themes/bluemag/library/timthumb.php HTTP/1.1" 404 12307 "-" "Mozilla/5.0 (Windows NT 6.1) AppleWebKit/534.30 (KHTML, like Gecko) Chrome/12.0.742.122 Safari/534.30"
85.17.88.169 - - [04/Apr/2012:14:47:49 -0700] "POST /blog/wp-cron.php?doing_wp_cron=1333575793 HTTP/1.0" 499 0 "-" "WordPress/3.3.1; http://yuvi.in/blog"
2.82.187.112 - - [04/Apr/2012:14:47:50 -0700] "GET /blog/wp-content/themes/blue-news/scripts/timthumb.php HTTP/1.1" 404 12307 "-" "Mozilla/5.0 (Windows NT 6.1) AppleWebKit/534.30 (KHTML, like Gecko) Chrome/12.0.742.122 Safari/534.30"
85.17.88.169 - - [04/Apr/2012:14:47:52 -0700] "POST /blog/wp-cron.php?doing_wp_cron=1333575796 HTTP/1.0" 499 0 "-" "WordPress/3.3.1; http://yuvi.in/blog"
2.82.187.112 - - [04/Apr/2012:14:47:53 -0700] "GET /blog/wp-content/themes/Bold/scripts/timthumb.php HTTP/1.1" 404 12307 "-" "Mozilla/5.0 (Windows NT 6.1) AppleWebKit/534.30 (KHTML, like Gecko) Chrome/12.0.742.122 Safari/534.30"
85.17.88.169 - - [04/Apr/2012:14:47:55 -0700] "POST /blog/wp-cron.php?doing_wp_cron=1333575798 HTTP/1.0" 499 0 "-" "WordPress/3.3.1; http://yuvi.in/blog"
2.82.187.112 - - [04/Apr/2012:14:47:55 -0700] "GET /blog/wp-content/themes/Bold/timthumb.php HTTP/1.1" 404 12307 "-" "Mozilla/5.0 (Windows NT 6.1) AppleWebKit/534.30 (KHTML, like Gecko) Chrome/12.0.742.122 Safari/534.30"
85.17.88.169 - - [04/Apr/2012:14:47:58 -0700] "POST /blog/wp-cron.php?doing_wp_cron=1333575801 HTTP/1.0" 499 0 "-" "WordPress/3.3.1; http://yuvi.in/blog"
2.82.187.112 - - [04/Apr/2012:14:47:58 -0700] "GET /blog/wp-content/themes/Bold/tools/timthumb.php HTTP/1.1" 404 12307 "-" "Mozilla/5.0 (Windows NT 6.1) AppleWebKit/534.30 (KHTML, like Gecko) Chrome/12.0.742.122 Safari/534.30"
85.17.88.169 - - [04/Apr/2012:14:48:01 -0700] "POST /blog/wp-cron.php?doing_wp_cron=1333575804 HTTP/1.0" 499 0 "-" "WordPress/3.3.1; http://yuvi.in/blog"
2.82.187.112 - - [04/Apr/2012:14:48:01 -0700] "GET /blog/wp-content/themes/bombax/includes/timthumb.php HTTP/1.1" 404 12307 "-" "Mozilla/5.0 (Windows NT 6.1) AppleWebKit/534.30 (KHTML, like Gecko) Chrome/12.0.742.122 Safari/534.30"
85.17.88.169 - - [04/Apr/2012:14:48:03 -0700] "POST /blog/wp-cron.php?doing_wp_cron=1333575807 HTTP/1.0" 499 0 "-" "WordPress/3.3.1; http://yuvi.in/blog"
