14.99.6.36 - - [08/Apr/2012:13:56:25 -0700] "GET /blog/wp-admin/images/arrows.png HTTP/1.1" 200 494 "http://yuvi.in/blog/wp-admin/" "Mozilla/5.0 (Macintosh; Intel Mac OS X 10_7_3) AppleWebKit/535.19 (KHTML, like Gecko) Chrome/18.0.1025.151 Safari/535.19"
14.99.6.36 - - [08/Apr/2012:13:56:25 -0700] "GET /blog/wp-admin/load-scripts.php?c=0&load=admin-bar,hoverIntent,common,jquery-color,wp-ajax-response,wp-lists,quicktags,jquery-query,admin-comments,jquery-ui-core,jquery-ui-widget,jquery-ui-mouse,jquery-ui-sortable,postbox,dashboard,thickbox,plugin-install,media-upload,word-count,jquery-ui-resizable,jquery-ui-draggable,jquery-ui-button,jquery-ui-position,jquery-ui-dialog,wpdialogs,wplink,wpdialogs-popup&ver=9d4864048f8ccfc5a1bd22ef41729cc9 HTTP/1.1" 200 182220 "http://yuvi.in/blog/wp-admin/" "Mozilla/5.0 (Macintosh; Intel Mac OS X 10_7_3) AppleWebKit/535.19 (KHTML, like Gecko) Chrome/18.0.1025.151 Safari/535.19"
14.99.6.36 - - [08/Apr/2012:13:56:25 -0700] "GET /blog/wp-admin/images/menu.png?ver=20111128 HTTP/1.1" 200 9680 "http://yuvi.in/blog/wp-admin/" "Mozilla/5.0 (Macintosh; Intel Mac OS X 10_7_3) AppleWebKit/535.19 (KHTML, like Gecko) Chrome/18.0.1025.151 Safari/535.19"
14.99.6.36 - - [08/Apr/2012:13:56:25 -0700] "GET /blog/wp-admin/images/icons32.png?ver=20111206 HTTP/1.1" 200 13441 "http://yuvi.in/blog/wp-admin/" "Mozilla/5.0 (Macintosh; Intel Mac OS X 10_7_3) AppleWebKit/535.19 (KHTML, like Gecko) Chrome/18.0.1025.151 Safari/535.19"
14.99.6.36 - - [08/Apr/2012:13:56:26 -0700] "GET /blog/wp-admin/images/wpspin_light.gif HTTP/1.1" 200 2193 "http://yuvi.in/blog/wp-admin/" "Mozilla/5.0 (Macintosh; Intel Mac OS X 10_7_3) AppleWebKit/535.19 (KHTML, like Gecko) Chrome/18.0.1025.151 Safari/535.19"
14.99.6.36 - - [08/Apr/2012:13:56:26 -0700] "GET /blog/wp-admin/images/media-button.png?ver=20111005 HTTP/1.1" 200 3117 "http://yuvi.in/blog/wp-admin/" "Mozilla/5.0 (Macintosh; Intel Mac OS X 10_7_3) AppleWebKit/535.19 (KHTML, like Gecko) Chrome/18.0.1025.151 Safari/535.19"
14.99.6.36 - - [08/Apr/2012:13:56:26 -0700] "GET /blog/wp-admin/images/white-grad.png HTTP/1.1" 200 210 "http://yuvi.in/blog/wp-admin/" "Mozilla/5.0 (Macintosh; Intel Mac OS X 10_7_3) AppleWebKit/535.19 (KHTML, like Gecko) Chrome/18.0.1025.151 Safari/535.19"
14.99.6.36 - - [08/Apr/2012:13:56:27 -0700] "GET /blog/wp-admin/images/button-grad.png HTTP/1.1" 200 243 "http://yuvi.in/blog/wp-admin/" "Mozilla/5.0 (Macintosh; Intel Mac OS X 10_7_3) AppleWebKit/535.19 (KHTML, like Gecko) Chrome/18.0.1025.151 Safari/535.19"
14.99.6.36 - - [08/Apr/2012:13:56:28 -0700] "GET /blog/wp-includes/images/admin-bar-sprite.png?d=20111130 HTTP/1.1" 200 3999 "http://yuvi.in/blog/wp-admin/" "Mozilla/5.0 (Macintosh; Intel Mac OS X 10_7_3) AppleWebKit/535.19 (KHTML, like Gecko) Chrome/18.0.1025.151 Safari/535.19"
14.99.6.36 - - [08/Apr/2012:13:56:29 -0700] "GET /blog/wp-includes/js/thickbox/loadingAnimation.gif HTTP/1.1" 200 5886 "http://yuvi.in/blog/wp-admin/" "Mozilla/5.0 (Macintosh; Intel Mac OS X 10_7_3) AppleWebKit/535.19 (KHTML, like Gecko) Chrome/18.0.1025.151 Safari/535.19"
14.99.6.36 - - [08/Apr/2012:13:56:29 -0700] "GET /favicon.ico HTTP/1.1" 404 199 "-" "Mozilla/5.0 (Macintosh; Intel Mac OS X 10_7_3) AppleWebKit/535.19 (KHTML, like Gecko) Chrome/18.0.1025.151 Safari/535.19"
85.17.88.169 - - [08/Apr/2012:13:56:30 -0700] "POST /blog/wp-cron.php?doing_wp_cron=1333918282 HTTP/1.0" 499 0 "-" "WordPress/3.3.1; http://yuvi.in/blog"
14.99.6.36 - - [08/Apr/2012:13:56:31 -0700] "GET /blog/wp-admin/index-extra.php?jax=dashboard_incoming_links HTTP/1.1" 200 218 "http://yuvi.in/blog/wp-admin/" "Mozilla/5.0 (Macintosh; Intel Mac OS X 10_7_3) AppleWebKit/535.19 (KHTML, like Gecko) Chrome/18.0.1025.151 Safari/535.19"
14.99.6.36 - - [08/Apr/2012:13:56:31 -0700] "GET /blog/wp-admin/index-extra.php?jax=dashboard_primary HTTP/1.1" 200 640 "http://yuvi.in/blog/wp-admin/" "Mozilla/5.0 (Macintosh; Intel Mac OS X 10_7_3) AppleWebKit/535.19 (KHTML, like Gecko) Chrome/18.0.1025.151 Safari/535.19"
85.17.88.169 - - [08/Apr/2012:13:56:32 -0700] "POST /blog/wp-cron.php?doing_wp_cron=1333918283 HTTP/1.0" 200 0 "-" "WordPress/3.3.1; http://yuvi.in/blog"
14.99.6.36 - - [08/Apr/2012:13:56:32 -0700] "GET /blog/wp-admin/index-extra.php?jax=dashboard_secondary HTTP/1.1" 200 1333 "http://yuvi.in/blog/wp-admin/" "Mozilla/5.0 (Macintosh; Intel Mac OS X 10_7_3) AppleWebKit/535.19 (KHTML, like Gecko) Chrome/18.0.1025.151 Safari/535.19"
14.99.6.36 - - [08/Apr/2012:13:56:33 -0700] "GET /blog/wp-admin/index-extra.php?jax=dashboard_plugins HTTP/1.1" 200 602 "http://yuvi.in/blog/wp-admin/" "Mozilla/5.0 (Macintosh; Intel Mac OS X 10_7_3) AppleWebKit/535.19 (KHTML, like Gecko) Chrome/18.0.1025.151 Safari/535.19"
85.17.88.169 - - [08/Apr/2012:13:57:53 -0700] "POST /blog/wp-cron.php?doing_wp_cron=1333918364 HTTP/1.0" 499 0 "-" "WordPress/3.3.1; http://yuvi.in/blog"
14.99.6.36 - - [08/Apr/2012:13:57:53 -0700] "GET /blog/wp-admin/post-new.php HTTP/1.1" 200 19737 "http://yuvi.in/blog/wp-admin/" "Mozilla/5.0 (Macintosh; Intel Mac OS X 10_7_3) AppleWebKit/535.19 (KHTML, like Gecko) Chrome/18.0.1025.151 Safari/535.19"
14.99.6.36 - - [08/Apr/2012:13:57:55 -0700] "GET /blog/wp-admin/images/date-button.gif HTTP/1.1" 200 111 "http://yuvi.in/blog/wp-admin/post-new.php" "Mozilla/5.0 (Macintosh; Intel Mac OS X 10_7_3) AppleWebKit/535.19 (KHTML, like Gecko) Chrome/18.0.1025.151 Safari/535.19"
14.99.6.36 - - [08/Apr/2012:13:57:56 -0700] "GET /blog/wp-includes/js/tinymce/langs/wp-langs-en.js?ver=345-20111127 HTTP/1.1" 200 13565 "http://yuvi.in/blog/wp-admin/post-new.php" "Mozilla/5.0 (Macintosh; Intel Mac OS X 10_7_3) AppleWebKit/535.19 (KHTML, like Gecko) Chrome/18.0.1025.151 Safari/535.19"
14.99.6.36 - - [08/Apr/2012:13:57:57 -0700] "GET /blog/wp-admin/load-scripts.php?c=0&load=admin-bar,hoverIntent,common,jquery-color,schedule,wp-ajax-response,autosave,suggest,wp-lists,jquery-ui-core,jquery-ui-widget,jquery-ui-mouse,jquery-ui-sortable,postbox,post,thickbox,media-upload,word-count,editor,quicktags,jquery-ui-resizable,jquery-ui-draggable,jquery-ui-button,jquery-ui-position,jquery-ui-dialog,wpdialogs,wplink,wpdialogs-popup,wp-fullscreen&ver=20cf4a99f757d3b9356fdb47aeb4c62c HTTP/1.1" 200 205978 "http://yuvi.in/blog/wp-admin/post-new.php" "Mozilla/5.0 (Macintosh; Intel Mac OS X 10_7_3) AppleWebKit/535.19 (KHTML, like Gecko) Chrome/18.0.1025.151 Safari/535.19"
14.99.6.36 - - [08/Apr/2012:13:58:00 -0700] "GET /blog/wp-includes/js/tinymce/tiny_mce.js?ver=345-20111127 HTTP/1.1" 200 204316 "http://yuvi.in/blog/wp-admin/post-new.php" "Mozilla/5.0 (Macintosh; Intel Mac OS X 10_7_3) AppleWebKit/535.19 (KHTML, like Gecko) Chrome/18.0.1025.151 Safari/535.19"
14.99.6.36 - - [08/Apr/2012:13:58:04 -0700] "GET /blog/wp-includes/js/tinymce/plugins/tabfocus/editor_plugin.js?ver=345-20111127 HTTP/1.1" 200 1654 "http://yuvi.in/blog/wp-admin/post-new.php" "Mozilla/5.0 (Macintosh; Intel Mac OS X 10_7_3) AppleWebKit/535.19 (KHTML, like Gecko) Chrome/18.0.1025.151 Safari/535.19"
14.99.6.36 - - [08/Apr/2012:13:58:04 -0700] "GET /blog/wp-includes/js/tinymce/plugins/inlinepopups/editor_plugin.js?ver=345-20111127 HTTP/1.1" 200 11909 "http://yuvi.in/blog/wp-admin/post-new.php" "Mozilla/5.0 (Macintosh; Intel Mac OS X 10_7_3) AppleWebKit/535.19 (KHTML, like Gecko) Chrome/18.0.1025.151 Safari/535.19"
14.99.6.36 - - [08/Apr/2012:13:58:04 -0700] "GET /blog/wp-includes/js/tinymce/plugins/spellchecker/editor_plugin.js?ver=345-20111127 HTTP/1.1" 200 6902 "http://yuvi.in/blog/wp-admin/post-new.php" "Mozilla/5.0 (Macintosh; Intel Mac OS X 10_7_3) AppleWebKit/535.19 (KHTML, like Gecko) Chrome/18.0.1025.151 Safari/535.19"
14.99.6.36 - - [08/Apr/2012:13:58:04 -0700] "GET /blog/wp-includes/js/tinymce/themes/advanced/editor_template.js?ver=345-20111127 HTTP/1.1" 200 25151 "http://yuvi.in/blog/wp-admin/post-new.php" "Mozilla/5.0 (Macintosh; Intel Mac OS X 10_7_3) AppleWebKit/535.19 (KHTML, like Gecko) Chrome/18.0.1025.151 Safari/535.19"
14.99.6.36 - - [08/Apr/2012:13:58:04 -0700] "GET /blog/wp-includes/js/tinymce/plugins/paste/editor_plugin.js?ver=345-20111127 HTTP/1.1" 200 13232 "http://yuvi.in/blog/wp-admin/post-new.php" "Mozilla/5.0 (Macintosh; Intel Mac OS X 10_7_3) AppleWebKit/535.19 (KHTML, like Gecko) Chrome/18.0.1025.151 Safari/535.19"
14.99.6.36 - - [08/Apr/2012:13:58:05 -0700] "GET /blog/wp-includes/js/tinymce/plugins/media/editor_plugin.js?ver=345-20111127 HTTP/1.1" 200 11552 "http://yuvi.in/blog/wp-admin/post-new.php" "Mozilla/5.0 (Macintosh; Intel Mac OS X 10_7_3) AppleWebKit/535.19 (KHTML, like Gecko) Chrome/18.0.1025.151 Safari/535.19"
14.99.6.36 - - [08/Apr/2012:13:58:05 -0700] "GET /blog/wp-includes/js/tinymce/plugins/fullscreen/editor_plugin.js?ver=345-20111127 HTTP/1.1" 200 3561 "http://yuvi.in/blog/wp-admin/post-new.php" "Mozilla/5.0 (Macintosh; Intel Mac OS X 10_7_3) AppleWebKit/535.19 (KHTML, like Gecko) Chrome/18.0.1025.151 Safari/535.19"
14.99.6.36 - - [08/Apr/2012:13:58:05 -0700] "GET /blog/wp-includes/js/tinymce/plugins/wordpress/editor_plugin.js?ver=345-20111127 HTTP/1.1" 200 8838 "http://yuvi.in/blog/wp-admin/post-new.php" "Mozilla/5.0 (Macintosh; Intel Mac OS X 10_7_3) AppleWebKit/535.19 (KHTML, like Gecko) Chrome/18.0.1025.151 Safari/535.19"
14.99.6.36 - - [08/Apr/2012:13:58:06 -0700] "GET /blog/wp-includes/js/tinymce/plugins/wpeditimage/editor_plugin.js?ver=345-20111127 HTTP/1.1" 200 4922 "http://yuvi.in/blog/wp-admin/post-new.php" "Mozilla/5.0 (Macintosh; Intel Mac OS X 10_7_3) AppleWebKit/535.19 (KHTML, like Gecko) Chrome/18.0.1025.151 Safari/535.19"
14.99.6.36 - - [08/Apr/2012:13:58:06 -0700] "GET /blog/wp-includes/js/tinymce/plugins/wpgallery/editor_plugin.js?ver=345-20111127 HTTP/1.1" 200 2447 "http://yuvi.in/blog/wp-admin/post-new.php" "Mozilla/5.0 (Macintosh; Intel Mac OS X 10_7_3) AppleWebKit/535.19 (KHTML, like Gecko) Chrome/18.0.1025.151 Safari/535.19"
14.99.6.36 - - [08/Apr/2012:13:58:06 -0700] "GET /blog/wp-includes/js/tinymce/plugins/wplink/editor_plugin.js?ver=345-20111127 HTTP/1.1" 200 668 "http://yuvi.in/blog/wp-admin/post-new.php" "Mozilla/5.0 (Macintosh; Intel Mac OS X 10_7_3) AppleWebKit/535.19 (KHTML, like Gecko) Chrome/18.0.1025.151 Safari/535.19"
14.99.6.36 - - [08/Apr/2012:13:58:06 -0700] "GET /blog/wp-includes/js/tinymce/plugins/wpdialogs/editor_plugin.js?ver=345-20111127 HTTP/1.1" 200 1018 "http://yuvi.in/blog/wp-admin/post-new.php" "Mozilla/5.0 (Macintosh; Intel Mac OS X 10_7_3) AppleWebKit/535.19 (KHTML, like Gecko) Chrome/18.0.1025.151 Safari/535.19"
14.99.6.36 - - [08/Apr/2012:13:58:06 -0700] "GET /blog/wp-includes/js/tinymce/plugins/wpfullscreen/editor_plugin.js?ver=345-20111127 HTTP/1.1" 200 2754 "http://yuvi.in/blog/wp-admin/post-new.php" "Mozilla/5.0 (Macintosh; Intel Mac OS X 10_7_3) AppleWebKit/535.19 (KHTML, like Gecko) Chrome/18.0.1025.151 Safari/535.19"
14.99.6.36 - - [08/Apr/2012:13:58:07 -0700] "GET /favicon.ico HTTP/1.1" 404 199 "-" "Mozilla/5.0 (Macintosh; Intel Mac OS X 10_7_3) AppleWebKit/535.19 (KHTML, like Gecko) Chrome/18.0.1025.151 Safari/535.19"
14.99.6.36 - - [08/Apr/2012:13:58:07 -0700] "GET /blog/wp-includes/js/tinymce/plugins/wpeditimage/img/image.png HTTP/1.1" 200 3701 "http://yuvi.in/blog/wp-admin/post-new.php" "Mozilla/5.0 (Macintosh; Intel Mac OS X 10_7_3) AppleWebKit/535.19 (KHTML, like Gecko) Chrome/18.0.1025.151 Safari/535.19"
14.99.6.36 - - [08/Apr/2012:13:58:07 -0700] "GET /blog/wp-includes/js/tinymce/plugins/wordpress/css/content.css?ver=345-20111127 HTTP/1.1" 200 645 "-" "Mozilla/5.0 (Macintosh; Intel Mac OS X 10_7_3) AppleWebKit/535.19 (KHTML, like Gecko) Chrome/18.0.1025.151 Safari/535.19"
14.99.6.36 - - [08/Apr/2012:13:58:07 -0700] "GET /blog/wp-includes/js/tinymce/themes/advanced/skins/wp_theme/content.css?ver=345-20111127 HTTP/1.1" 200 2937 "-" "Mozilla/5.0 (Macintosh; Intel Mac OS X 10_7_3) AppleWebKit/535.19 (KHTML, like Gecko) Chrome/18.0.1025.151 Safari/535.19"
14.99.6.36 - - [08/Apr/2012:13:58:07 -0700] "GET /blog/wp-includes/js/tinymce/plugins/spellchecker/css/content.css?ver=345-20111127 HTTP/1.1" 200 97 "-" "Mozilla/5.0 (Macintosh; Intel Mac OS X 10_7_3) AppleWebKit/535.19 (KHTML, like Gecko) Chrome/18.0.1025.151 Safari/535.19"
14.99.6.36 - - [08/Apr/2012:13:58:08 -0700] "GET /blog/wp-includes/js/tinymce/plugins/inlinepopups/skins/clearlooks2/window.css?ver=345-20111127 HTTP/1.1" 200 6859 "http://yuvi.in/blog/wp-admin/post-new.php" "Mozilla/5.0 (Macintosh; Intel Mac OS X 10_7_3) AppleWebKit/535.19 (KHTML, like Gecko) Chrome/18.0.1025.151 Safari/535.19"
14.99.6.36 - - [08/Apr/2012:13:58:08 -0700] "GET /blog/wp-includes/js/tinymce/plugins/wpeditimage/img/delete.png HTTP/1.1" 200 1638 "http://yuvi.in/blog/wp-admin/post-new.php" "Mozilla/5.0 (Macintosh; Intel Mac OS X 10_7_3) AppleWebKit/535.19 (KHTML, like Gecko) Chrome/18.0.1025.151 Safari/535.19"
14.99.6.36 - - [08/Apr/2012:13:58:08 -0700] "GET /blog/wp-includes/js/tinymce/plugins/wpgallery/img/delete.png HTTP/1.1" 200 1638 "http://yuvi.in/blog/wp-admin/post-new.php" "Mozilla/5.0 (Macintosh; Intel Mac OS X 10_7_3) AppleWebKit/535.19 (KHTML, like Gecko) Chrome/18.0.1025.151 Safari/535.19"
14.99.6.36 - - [08/Apr/2012:13:58:08 -0700] "GET /blog/wp-includes/js/tinymce/plugins/wpgallery/img/edit.png HTTP/1.1" 200 1799 "http://yuvi.in/blog/wp-admin/post-new.php" "Mozilla/5.0 (Macintosh; Intel Mac OS X 10_7_3) AppleWebKit/535.19 (KHTML, like Gecko) Chrome/18.0.1025.151 Safari/535.19"
14.99.6.36 - - [08/Apr/2012:13:58:08 -0700] "GET /blog/wp-includes/images/down_arrow.gif HTTP/1.1" 200 60 "http://yuvi.in/blog/wp-admin/post-new.php" "Mozilla/5.0 (Macintosh; Intel Mac OS X 10_7_3) AppleWebKit/535.19 (KHTML, like Gecko) Chrome/18.0.1025.151 Safari/535.19"
14.99.6.36 - - [08/Apr/2012:13:58:09 -0700] "GET /blog/wp-includes/images/wpicons.png HTTP/1.1" 200 21059 "http://yuvi.in/blog/wp-admin/post-new.php" "Mozilla/5.0 (Macintosh; Intel Mac OS X 10_7_3) AppleWebKit/535.19 (KHTML, like Gecko) Chrome/18.0.1025.151 Safari/535.19"
14.99.6.36 - - [08/Apr/2012:13:58:09 -0700] "GET /favicon.ico HTTP/1.1" 404 199 "-" "Mozilla/5.0 (Macintosh; Intel Mac OS X 10_7_3) AppleWebKit/535.19 (KHTML, like Gecko) Chrome/18.0.1025.151 Safari/535.19"
14.99.6.36 - - [08/Apr/2012:13:58:09 -0700] "GET /blog/wp-admin/images/resize.gif HTTP/1.1" 200 71 "http://yuvi.in/blog/wp-admin/post-new.php" "Mozilla/5.0 (Macintosh; Intel Mac OS X 10_7_3) AppleWebKit/535.19 (KHTML, like Gecko) Chrome/18.0.1025.151 Safari/535.19"
85.17.88.169 - - [08/Apr/2012:13:58:13 -0700] "POST /blog/wp-cron.php?doing_wp_cron=1333918385 HTTP/1.0" 499 0 "-" "WordPress/3.3.1; http://yuvi.in/blog"
14.99.6.36 - - [08/Apr/2012:13:58:13 -0700] "POST /blog/wp-admin/admin-ajax.php HTTP/1.1" 200 252 "http://yuvi.in/blog/wp-admin/post-new.php" "Mozilla/5.0 (Macintosh; Intel Mac OS X 10_7_3) AppleWebKit/535.19 (KHTML, like Gecko) Chrome/18.0.1025.151 Safari/535.19"
85.17.88.169 - - [08/Apr/2012:13:58:16 -0700] "POST /blog/wp-cron.php?doing_wp_cron=1333918387 HTTP/1.0" 499 0 "-" "WordPress/3.3.1; http://yuvi.in/blog"
14.99.6.36 - - [08/Apr/2012:13:58:16 -0700] "POST /blog/wp-admin/admin-ajax.php HTTP/1.1" 200 285 "http://yuvi.in/blog/wp-admin/post-new.php" "Mozilla/5.0 (Macintosh; Intel Mac OS X 10_7_3) AppleWebKit/535.19 (KHTML, like Gecko) Chrome/18.0.1025.151 Safari/535.19"
85.17.88.169 - - [08/Apr/2012:13:59:06 -0700] "POST /blog/wp-cron.php?doing_wp_cron=1333918437 HTTP/1.0" 499 0 "-" "WordPress/3.3.1; http://yuvi.in/blog"
14.99.6.36 - - [08/Apr/2012:13:59:06 -0700] "POST /blog/wp-admin/admin-ajax.php HTTP/1.1" 200 314 "http://yuvi.in/blog/wp-admin/post-new.php" "Mozilla/5.0 (Macintosh; Intel Mac OS X 10_7_3) AppleWebKit/535.19 (KHTML, like Gecko) Chrome/18.0.1025.151 Safari/535.19"
85.17.88.169 - - [08/Apr/2012:14:00:06 -0700] "POST /blog/wp-cron.php?doing_wp_cron=1333918497 HTTP/1.0" 499 0 "-" "WordPress/3.3.1; http://yuvi.in/blog"
14.99.6.36 - - [08/Apr/2012:14:00:06 -0700] "POST /blog/wp-admin/admin-ajax.php HTTP/1.1" 200 288 "http://yuvi.in/blog/wp-admin/post-new.php" "Mozilla/5.0 (Macintosh; Intel Mac OS X 10_7_3) AppleWebKit/535.19 (KHTML, like Gecko) Chrome/18.0.1025.151 Safari/535.19"
66.249.68.36 - - [08/Apr/2012:14:00:35 -0700] "GET /chennai/stage/2720/ HTTP/1.1" 404 142 "-" "Mozilla/5.0 (compatible; Googlebot/2.1; +http://www.google.com/bot.html)"
85.17.88.169 - - [08/Apr/2012:14:01:06 -0700] "POST /blog/wp-cron.php?doing_wp_cron=1333918557 HTTP/1.0" 499 0 "-" "WordPress/3.3.1; http://yuvi.in/blog"
14.99.6.36 - - [08/Apr/2012:14:01:06 -0700] "POST /blog/wp-admin/admin-ajax.php HTTP/1.1" 200 288 "http://yuvi.in/blog/wp-admin/post-new.php" "Mozilla/5.0 (Macintosh; Intel Mac OS X 10_7_3) AppleWebKit/535.19 (KHTML, like Gecko) Chrome/18.0.1025.151 Safari/535.19"
69.171.234.0 - - [08/Apr/2012:14:01:49 -0700] "GET /r/33y0 HTTP/1.1" 301 257 "-" "facebookexternalhit/1.1 (+http://www.facebook.com/externalhit_uatext.php)"
69.171.234.6 - - [08/Apr/2012:14:01:49 -0700] "GET /s/ta/33y0/ HTTP/1.1" 302 609 "-" "facebookexternalhit/1.1 (+http://www.facebook.com/externalhit_uatext.php)"
85.17.88.169 - - [08/Apr/2012:14:02:06 -0700] "POST /blog/wp-cron.php?doing_wp_cron=1333918617 HTTP/1.0" 499 0 "-" "WordPress/3.3.1; http://yuvi.in/blog"
14.99.6.36 - - [08/Apr/2012:14:02:06 -0700] "POST /blog/wp-admin/admin-ajax.php HTTP/1.1" 200 288 "http://yuvi.in/blog/wp-admin/post-new.php" "Mozilla/5.0 (Macintosh; Intel Mac OS X 10_7_3) AppleWebKit/535.19 (KHTML, like Gecko) Chrome/18.0.1025.151 Safari/535.19"
85.17.88.169 - - [08/Apr/2012:14:03:06 -0700] "POST /blog/wp-cron.php?doing_wp_cron=1333918677 HTTP/1.0" 499 0 "-" "WordPress/3.3.1; http://yuvi.in/blog"
14.99.6.36 - - [08/Apr/2012:14:03:06 -0700] "POST /blog/wp-admin/admin-ajax.php HTTP/1.1" 200 288 "http://yuvi.in/blog/wp-admin/post-new.php" "Mozilla/5.0 (Macintosh; Intel Mac OS X 10_7_3) AppleWebKit/535.19 (KHTML, like Gecko) Chrome/18.0.1025.151 Safari/535.19"
85.17.88.169 - - [08/Apr/2012:14:04:06 -0700] "POST /blog/wp-cron.php?doing_wp_cron=1333918737 HTTP/1.0" 499 0 "-" "WordPress/3.3.1; http://yuvi.in/blog"
14.99.6.36 - - [08/Apr/2012:14:04:06 -0700] "POST /blog/wp-admin/admin-ajax.php HTTP/1.1" 200 288 "http://yuvi.in/blog/wp-admin/post-new.php" "Mozilla/5.0 (Macintosh; Intel Mac OS X 10_7_3) AppleWebKit/535.19 (KHTML, like Gecko) Chrome/18.0.1025.151 Safari/535.19"
85.17.88.169 - - [08/Apr/2012:14:04:07 -0700] "POST /blog/wp-cron.php?doing_wp_cron=1333918739 HTTP/1.0" 499 0 "-" "WordPress/3.3.1; http://yuvi.in/blog"
209.85.238.112 - - [08/Apr/2012:14:04:08 -0700] "GET /blog/feed/ HTTP/1.1" 304 0 "-" "Feedfetcher-Google; (+http://www.google.com/feedfetcher.html; 19 subscribers; feed-id=15064232456473204253)"
85.17.88.169 - - [08/Apr/2012:14:05:06 -0700] "POST /blog/wp-cron.php?doing_wp_cron=1333918797 HTTP/1.0" 499 0 "-" "WordPress/3.3.1; http://yuvi.in/blog"
14.99.6.36 - - [08/Apr/2012:14:05:06 -0700] "POST /blog/wp-admin/admin-ajax.php HTTP/1.1" 200 288 "http://yuvi.in/blog/wp-admin/post-new.php" "Mozilla/5.0 (Macintosh; Intel Mac OS X 10_7_3) AppleWebKit/535.19 (KHTML, like Gecko) Chrome/18.0.1025.151 Safari/535.19"
66.249.68.36 - - [08/Apr/2012:14:05:54 -0700] "GET /chennai/stage/2717/ HTTP/1.1" 404 142 "-" "Mozilla/5.0 (compatible; Googlebot/2.1; +http://www.google.com/bot.html)"
85.17.88.169 - - [08/Apr/2012:14:06:06 -0700] "POST /blog/wp-cron.php?doing_wp_cron=1333918857 HTTP/1.0" 499 0 "-" "WordPress/3.3.1; http://yuvi.in/blog"
14.99.6.36 - - [08/Apr/2012:14:06:09 -0700] "POST /blog/wp-admin/admin-ajax.php HTTP/1.1" 200 288 "http://yuvi.in/blog/wp-admin/post-new.php" "Mozilla/5.0 (Macintosh; Intel Mac OS X 10_7_3) AppleWebKit/535.19 (KHTML, like Gecko) Chrome/18.0.1025.151 Safari/535.19"
85.17.88.169 - - [08/Apr/2012:14:07:06 -0700] "POST /blog/wp-cron.php?doing_wp_cron=1333918917 HTTP/1.0" 499 0 "-" "WordPress/3.3.1; http://yuvi.in/blog"
14.99.6.36 - - [08/Apr/2012:14:07:06 -0700] "POST /blog/wp-admin/admin-ajax.php HTTP/1.1" 200 288 "http://yuvi.in/blog/wp-admin/post-new.php" "Mozilla/5.0 (Macintosh; Intel Mac OS X 10_7_3) AppleWebKit/535.19 (KHTML, like Gecko) Chrome/18.0.1025.151 Safari/535.19"
85.17.88.169 - - [08/Apr/2012:14:08:06 -0700] "POST /blog/wp-cron.php?doing_wp_cron=1333918977 HTTP/1.0" 499 0 "-" "WordPress/3.3.1; http://yuvi.in/blog"
14.99.6.36 - - [08/Apr/2012:14:08:06 -0700] "POST /blog/wp-admin/admin-ajax.php HTTP/1.1" 200 288 "http://yuvi.in/blog/wp-admin/post-new.php" "Mozilla/5.0 (Macintosh; Intel Mac OS X 10_7_3) AppleWebKit/535.19 (KHTML, like Gecko) Chrome/18.0.1025.151 Safari/535.19"
85.17.88.169 - - [08/Apr/2012:14:09:06 -0700] "POST /blog/wp-cron.php?doing_wp_cron=1333919037 HTTP/1.0" 499 0 "-" "WordPress/3.3.1; http://yuvi.in/blog"
14.99.6.36 - - [08/Apr/2012:14:09:06 -0700] "POST /blog/wp-admin/admin-ajax.php HTTP/1.1" 200 288 "http://yuvi.in/blog/wp-admin/post-new.php" "Mozilla/5.0 (Macintosh; Intel Mac OS X 10_7_3) AppleWebKit/535.19 (KHTML, like Gecko) Chrome/18.0.1025.151 Safari/535.19"
209.85.224.97 - - [08/Apr/2012:14:10:04 -0700] "GET /stories/feed HTTP/1.1" 200 13653 "-" "FeedBurner/1.0 (http://www.FeedBurner.com)"
85.17.88.169 - - [08/Apr/2012:14:10:06 -0700] "POST /blog/wp-cron.php?doing_wp_cron=1333919097 HTTP/1.0" 499 0 "-" "WordPress/3.3.1; http://yuvi.in/blog"
14.99.6.36 - - [08/Apr/2012:14:10:06 -0700] "POST /blog/wp-admin/admin-ajax.php HTTP/1.1" 200 288 "http://yuvi.in/blog/wp-admin/post-new.php" "Mozilla/5.0 (Macintosh; Intel Mac OS X 10_7_3) AppleWebKit/535.19 (KHTML, like Gecko) Chrome/18.0.1025.151 Safari/535.19"
207.46.204.210 - - [08/Apr/2012:14:10:40 -0700] "-" 400 0 "-" "-"
207.46.204.210 - - [08/Apr/2012:14:10:40 -0700] "-" 400 0 "-" "-"
207.46.204.210 - - [08/Apr/2012:14:10:41 -0700] "-" 400 0 "-" "-"
207.46.204.210 - - [08/Apr/2012:14:10:41 -0700] "-" 400 0 "-" "-"
207.46.204.210 - - [08/Apr/2012:14:10:41 -0700] "-" 400 0 "-" "-"
207.46.204.210 - - [08/Apr/2012:14:10:41 -0700] "-" 400 0 "-" "-"
207.46.204.210 - - [08/Apr/2012:14:10:42 -0700] "-" 400 0 "-" "-"
207.46.204.210 - - [08/Apr/2012:14:10:42 -0700] "-" 400 0 "-" "-"
207.46.204.210 - - [08/Apr/2012:14:10:42 -0700] "-" 400 0 "-" "-"
207.46.204.210 - - [08/Apr/2012:14:10:42 -0700] "-" 400 0 "-" "-"
207.46.193.48 - - [08/Apr/2012:14:10:47 -0700] "-" 400 0 "-" "-"
207.46.193.48 - - [08/Apr/2012:14:10:52 -0700] "-" 400 0 "-" "-"
207.46.193.48 - - [08/Apr/2012:14:10:54 -0700] "-" 400 0 "-" "-"
207.46.193.48 - - [08/Apr/2012:14:10:54 -0700] "-" 400 0 "-" "-"
207.46.193.48 - - [08/Apr/2012:14:10:54 -0700] "-" 400 0 "-" "-"
207.46.193.48 - - [08/Apr/2012:14:10:55 -0700] "-" 400 0 "-" "-"
207.46.193.48 - - [08/Apr/2012:14:10:56 -0700] "-" 400 0 "-" "-"
207.46.193.48 - - [08/Apr/2012:14:10:56 -0700] "-" 400 0 "-" "-"
207.46.193.48 - - [08/Apr/2012:14:10:56 -0700] "-" 400 0 "-" "-"
85.17.88.169 - - [08/Apr/2012:14:11:06 -0700] "POST /blog/wp-cron.php?doing_wp_cron=1333919157 HTTP/1.0" 499 0 "-" "WordPress/3.3.1; http://yuvi.in/blog"
14.99.6.36 - - [08/Apr/2012:14:11:06 -0700] "POST /blog/wp-admin/admin-ajax.php HTTP/1.1" 200 288 "http://yuvi.in/blog/wp-admin/post-new.php" "Mozilla/5.0 (Macintosh; Intel Mac OS X 10_7_3) AppleWebKit/535.19 (KHTML, like Gecko) Chrome/18.0.1025.151 Safari/535.19"
66.249.68.36 - - [08/Apr/2012:14:11:12 -0700] "GET /chennai/unmapped/routes HTTP/1.1" 404 142 "-" "Mozilla/5.0 (compatible; Googlebot/2.1; +http://www.google.com/bot.html)"
207.46.204.210 - - [08/Apr/2012:14:11:40 -0700] "-" 400 0 "-" "-"
207.46.204.210 - - [08/Apr/2012:14:11:40 -0700] "-" 400 0 "-" "-"
207.46.204.210 - - [08/Apr/2012:14:11:40 -0700] "-" 400 0 "-" "-"
207.46.193.48 - - [08/Apr/2012:14:11:40 -0700] "-" 400 0 "-" "-"
207.46.193.48 - - [08/Apr/2012:14:11:40 -0700] "-" 400 0 "-" "-"
207.46.204.212 - - [08/Apr/2012:14:12:05 -0700] "-" 400 0 "-" "-"
207.46.204.212 - - [08/Apr/2012:14:12:05 -0700] "-" 400 0 "-" "-"
207.46.204.212 - - [08/Apr/2012:14:12:06 -0700] "-" 400 0 "-" "-"
85.17.88.169 - - [08/Apr/2012:14:12:06 -0700] "POST /blog/wp-cron.php?doing_wp_cron=1333919217 HTTP/1.0" 499 0 "-" "WordPress/3.3.1; http://yuvi.in/blog"
207.46.204.212 - - [08/Apr/2012:14:12:06 -0700] "-" 400 0 "-" "-"
14.99.6.36 - - [08/Apr/2012:14:12:06 -0700] "POST /blog/wp-admin/admin-ajax.php HTTP/1.1" 200 288 "http://yuvi.in/blog/wp-admin/post-new.php" "Mozilla/5.0 (Macintosh; Intel Mac OS X 10_7_3) AppleWebKit/535.19 (KHTML, like Gecko) Chrome/18.0.1025.151 Safari/535.19"
207.46.204.212 - - [08/Apr/2012:14:12:06 -0700] "-" 400 0 "-" "-"
207.46.204.212 - - [08/Apr/2012:14:12:06 -0700] "-" 400 0 "-" "-"
207.46.204.212 - - [08/Apr/2012:14:12:06 -0700] "-" 400 0 "-" "-"
207.46.204.212 - - [08/Apr/2012:14:12:07 -0700] "-" 400 0 "-" "-"
207.46.204.212 - - [08/Apr/2012:14:12:07 -0700] "-" 400 0 "-" "-"
207.46.204.212 - - [08/Apr/2012:14:12:07 -0700] "-" 400 0 "-" "-"
207.46.204.212 - - [08/Apr/2012:14:12:08 -0700] "-" 400 0 "-" "-"
207.46.204.212 - - [08/Apr/2012:14:12:08 -0700] "-" 400 0 "-" "-"
95.211.139.1 - - [08/Apr/2012:14:12:43 -0700] "GET /robots.txt HTTP/1.0" 404 238 "-" "OpenAcoon v4.10.5 (www.openacoon.de)"
95.211.139.1 - - [08/Apr/2012:14:12:43 -0700] "GET /r/1z64 HTTP/1.0" 301 257 "-" "OpenAcoon v4.10.5 (www.openacoon.de)"
85.17.88.169 - - [08/Apr/2012:14:13:06 -0700] "POST /blog/wp-cron.php?doing_wp_cron=1333919277 HTTP/1.0" 499 0 "-" "WordPress/3.3.1; http://yuvi.in/blog"
14.99.6.36 - - [08/Apr/2012:14:13:06 -0700] "POST /blog/wp-admin/admin-ajax.php HTTP/1.1" 200 288 "http://yuvi.in/blog/wp-admin/post-new.php" "Mozilla/5.0 (Macintosh; Intel Mac OS X 10_7_3) AppleWebKit/535.19 (KHTML, like Gecko) Chrome/18.0.1025.151 Safari/535.19"
207.46.204.212 - - [08/Apr/2012:14:13:06 -0700] "-" 400 0 "-" "-"
183.83.17.150 - - [08/Apr/2012:14:13:34 -0700] "-" 400 0 "-" "-"
183.83.17.150 - - [08/Apr/2012:14:13:34 -0700] "-" 400 0 "-" "-"
85.17.88.169 - - [08/Apr/2012:14:14:06 -0700] "POST /blog/wp-cron.php?doing_wp_cron=1333919337 HTTP/1.0" 499 0 "-" "WordPress/3.3.1; http://yuvi.in/blog"
14.99.6.36 - - [08/Apr/2012:14:14:06 -0700] "POST /blog/wp-admin/admin-ajax.php HTTP/1.1" 200 288 "http://yuvi.in/blog/wp-admin/post-new.php" "Mozilla/5.0 (Macintosh; Intel Mac OS X 10_7_3) AppleWebKit/535.19 (KHTML, like Gecko) Chrome/18.0.1025.151 Safari/535.19"
85.17.88.169 - - [08/Apr/2012:14:15:06 -0700] "POST /blog/wp-cron.php?doing_wp_cron=1333919397 HTTP/1.0" 499 0 "-" "WordPress/3.3.1; http://yuvi.in/blog"
14.99.6.36 - - [08/Apr/2012:14:15:06 -0700] "POST /blog/wp-admin/admin-ajax.php HTTP/1.1" 200 288 "http://yuvi.in/blog/wp-admin/post-new.php" "Mozilla/5.0 (Macintosh; Intel Mac OS X 10_7_3) AppleWebKit/535.19 (KHTML, like Gecko) Chrome/18.0.1025.151 Safari/535.19"
85.17.88.169 - - [08/Apr/2012:14:15:24 -0700] "POST /blog/wp-cron.php?doing_wp_cron=1333919415 HTTP/1.0" 499 0 "-" "WordPress/3.3.1; http://yuvi.in/blog"
124.184.254.201 - - [08/Apr/2012:14:15:24 -0700] "GET /blog/feed/ HTTP/1.1" 304 0 "-" "FeedDemon/3.0 (http://www.feeddemon.com/; Microsoft Windows XP)"
85.17.88.169 - - [08/Apr/2012:14:16:06 -0700] "POST /blog/wp-cron.php?doing_wp_cron=1333919457 HTTP/1.0" 499 0 "-" "WordPress/3.3.1; http://yuvi.in/blog"
14.99.6.36 - - [08/Apr/2012:14:16:06 -0700] "POST /blog/wp-admin/admin-ajax.php HTTP/1.1" 200 288 "http://yuvi.in/blog/wp-admin/post-new.php" "Mozilla/5.0 (Macintosh; Intel Mac OS X 10_7_3) AppleWebKit/535.19 (KHTML, like Gecko) Chrome/18.0.1025.151 Safari/535.19"
66.249.68.36 - - [08/Apr/2012:14:16:31 -0700] "GET /chennai/stage/2715/ HTTP/1.1" 404 142 "-" "Mozilla/5.0 (compatible; Googlebot/2.1; +http://www.google.com/bot.html)"
85.17.88.169 - - [08/Apr/2012:14:17:06 -0700] "POST /blog/wp-cron.php?doing_wp_cron=1333919517 HTTP/1.0" 499 0 "-" "WordPress/3.3.1; http://yuvi.in/blog"
14.99.6.36 - - [08/Apr/2012:14:17:06 -0700] "POST /blog/wp-admin/admin-ajax.php HTTP/1.1" 200 288 "http://yuvi.in/blog/wp-admin/post-new.php" "Mozilla/5.0 (Macintosh; Intel Mac OS X 10_7_3) AppleWebKit/535.19 (KHTML, like Gecko) Chrome/18.0.1025.151 Safari/535.19"
85.17.88.169 - - [08/Apr/2012:14:18:06 -0700] "POST /blog/wp-cron.php?doing_wp_cron=1333919577 HTTP/1.0" 499 0 "-" "WordPress/3.3.1; http://yuvi.in/blog"
14.99.6.36 - - [08/Apr/2012:14:18:06 -0700] "POST /blog/wp-admin/admin-ajax.php HTTP/1.1" 200 288 "http://yuvi.in/blog/wp-admin/post-new.php" "Mozilla/5.0 (Macintosh; Intel Mac OS X 10_7_3) AppleWebKit/535.19 (KHTML, like Gecko) Chrome/18.0.1025.151 Safari/535.19"
207.46.204.168 - - [08/Apr/2012:14:18:44 -0700] "-" 400 0 "-" "-"
207.46.204.168 - - [08/Apr/2012:14:18:44 -0700] "-" 400 0 "-" "-"
207.46.204.168 - - [08/Apr/2012:14:18:45 -0700] "-" 400 0 "-" "-"
207.46.204.168 - - [08/Apr/2012:14:19:00 -0700] "-" 400 0 "-" "-"
207.46.204.168 - - [08/Apr/2012:14:19:04 -0700] "-" 400 0 "-" "-"
207.46.204.217 - - [08/Apr/2012:14:19:05 -0700] "-" 400 0 "-" "-"
207.46.204.217 - - [08/Apr/2012:14:19:05 -0700] "-" 400 0 "-" "-"
207.46.204.217 - - [08/Apr/2012:14:19:05 -0700] "-" 400 0 "-" "-"
85.17.88.169 - - [08/Apr/2012:14:19:06 -0700] "POST /blog/wp-cron.php?doing_wp_cron=1333919637 HTTP/1.0" 499 0 "-" "WordPress/3.3.1; http://yuvi.in/blog"
207.46.204.168 - - [08/Apr/2012:14:19:06 -0700] "-" 400 0 "-" "-"
14.99.6.36 - - [08/Apr/2012:14:19:06 -0700] "POST /blog/wp-admin/admin-ajax.php HTTP/1.1" 200 288 "http://yuvi.in/blog/wp-admin/post-new.php" "Mozilla/5.0 (Macintosh; Intel Mac OS X 10_7_3) AppleWebKit/535.19 (KHTML, like Gecko) Chrome/18.0.1025.151 Safari/535.19"
207.46.204.217 - - [08/Apr/2012:14:19:07 -0700] "-" 400 0 "-" "-"
207.46.204.217 - - [08/Apr/2012:14:19:09 -0700] "-" 400 0 "-" "-"
207.46.204.217 - - [08/Apr/2012:14:19:09 -0700] "-" 400 0 "-" "-"
207.46.204.217 - - [08/Apr/2012:14:19:09 -0700] "-" 400 0 "-" "-"
207.46.204.217 - - [08/Apr/2012:14:19:11 -0700] "-" 400 0 "-" "-"
207.46.204.217 - - [08/Apr/2012:14:19:12 -0700] "-" 400 0 "-" "-"
207.46.204.217 - - [08/Apr/2012:14:19:13 -0700] "-" 400 0 "-" "-"
207.46.204.217 - - [08/Apr/2012:14:19:14 -0700] "-" 400 0 "-" "-"
207.46.204.168 - - [08/Apr/2012:14:19:15 -0700] "-" 400 0 "-" "-"
207.46.204.168 - - [08/Apr/2012:14:19:15 -0700] "-" 400 0 "-" "-"
207.46.204.217 - - [08/Apr/2012:14:19:15 -0700] "-" 400 0 "-" "-"
207.46.204.168 - - [08/Apr/2012:14:19:18 -0700] "-" 400 0 "-" "-"
207.46.204.168 - - [08/Apr/2012:14:19:19 -0700] "-" 400 0 "-" "-"
207.46.204.168 - - [08/Apr/2012:14:19:19 -0700] "-" 400 0 "-" "-"
207.46.204.168 - - [08/Apr/2012:14:19:20 -0700] "-" 400 0 "-" "-"
85.17.88.169 - - [08/Apr/2012:14:19:34 -0700] "POST /blog/wp-cron.php?doing_wp_cron=1333919666 HTTP/1.0" 499 0 "-" "WordPress/3.3.1; http://yuvi.in/blog"
209.85.224.83 - - [08/Apr/2012:14:19:35 -0700] "GET /blog/feed HTTP/1.1" 304 0 "-" "FeedBurner/1.0 (http://www.FeedBurner.com)"
85.17.88.169 - - [08/Apr/2012:14:20:06 -0700] "POST /blog/wp-cron.php?doing_wp_cron=1333919697 HTTP/1.0" 499 0 "-" "WordPress/3.3.1; http://yuvi.in/blog"
14.99.6.36 - - [08/Apr/2012:14:20:09 -0700] "POST /blog/wp-admin/admin-ajax.php HTTP/1.1" 200 288 "http://yuvi.in/blog/wp-admin/post-new.php" "Mozilla/5.0 (Macintosh; Intel Mac OS X 10_7_3) AppleWebKit/535.19 (KHTML, like Gecko) Chrome/18.0.1025.151 Safari/535.19"
207.46.204.217 - - [08/Apr/2012:14:20:13 -0700] "-" 400 0 "-" "-"
207.46.193.39 - - [08/Apr/2012:14:20:20 -0700] "-" 400 0 "-" "-"
207.46.193.39 - - [08/Apr/2012:14:20:20 -0700] "-" 400 0 "-" "-"
207.46.193.39 - - [08/Apr/2012:14:20:21 -0700] "-" 400 0 "-" "-"
207.46.193.39 - - [08/Apr/2012:14:20:24 -0700] "-" 400 0 "-" "-"
207.46.193.39 - - [08/Apr/2012:14:20:25 -0700] "-" 400 0 "-" "-"
207.46.193.39 - - [08/Apr/2012:14:20:26 -0700] "-" 400 0 "-" "-"
207.46.193.39 - - [08/Apr/2012:14:20:26 -0700] "-" 400 0 "-" "-"
157.55.112.208 - - [08/Apr/2012:14:20:28 -0700] "-" 400 0 "-" "-"
157.55.112.208 - - [08/Apr/2012:14:20:28 -0700] "-" 400 0 "-" "-"
207.46.193.39 - - [08/Apr/2012:14:20:29 -0700] "-" 400 0 "-" "-"
157.55.112.208 - - [08/Apr/2012:14:20:29 -0700] "-" 400 0 "-" "-"
207.46.193.39 - - [08/Apr/2012:14:20:29 -0700] "-" 400 0 "-" "-"
207.46.193.39 - - [08/Apr/2012:14:20:29 -0700] "-" 400 0 "-" "-"
207.46.193.39 - - [08/Apr/2012:14:20:30 -0700] "-" 400 0 "-" "-"
207.46.193.39 - - [08/Apr/2012:14:20:30 -0700] "-" 400 0 "-" "-"
157.55.112.208 - - [08/Apr/2012:14:20:31 -0700] "-" 400 0 "-" "-"
157.55.112.208 - - [08/Apr/2012:14:20:31 -0700] "-" 400 0 "-" "-"
157.55.112.208 - - [08/Apr/2012:14:20:32 -0700] "-" 400 0 "-" "-"
157.55.112.208 - - [08/Apr/2012:14:20:32 -0700] "-" 400 0 "-" "-"
157.55.112.208 - - [08/Apr/2012:14:20:34 -0700] "-" 400 0 "-" "-"
157.55.112.208 - - [08/Apr/2012:14:20:34 -0700] "-" 400 0 "-" "-"
157.55.112.208 - - [08/Apr/2012:14:20:34 -0700] "-" 400 0 "-" "-"
157.55.112.208 - - [08/Apr/2012:14:20:35 -0700] "-" 400 0 "-" "-"
157.55.112.208 - - [08/Apr/2012:14:20:35 -0700] "-" 400 0 "-" "-"
75.131.207.97 - - [08/Apr/2012:14:21:04 -0700] "GET / HTTP/1.1" 200 1430 "-" "Reeder/1.5.5 CFNetwork/548.1.4 Darwin/11.0.0"
75.131.207.97 - - [08/Apr/2012:14:21:04 -0700] "GET /favicon.ico HTTP/1.1" 404 142 "-" "Reeder/1.5.5 CFNetwork/548.1.4 Darwin/11.0.0"
75.131.207.97 - - [08/Apr/2012:14:21:05 -0700] "GET /apple-touch-icon.png HTTP/1.1" 404 142 "-" "Reeder/1.5.5 CFNetwork/548.1.4 Darwin/11.0.0"
75.131.207.97 - - [08/Apr/2012:14:21:05 -0700] "GET /apple-touch-icon-precomposed.png HTTP/1.1" 404 142 "-" "Reeder/1.5.5 CFNetwork/548.1.4 Darwin/11.0.0"
85.17.88.169 - - [08/Apr/2012:14:21:06 -0700] "POST /blog/wp-cron.php?doing_wp_cron=1333919757 HTTP/1.0" 499 0 "-" "WordPress/3.3.1; http://yuvi.in/blog"
14.99.6.36 - - [08/Apr/2012:14:21:06 -0700] "POST /blog/wp-admin/admin-ajax.php HTTP/1.1" 200 288 "http://yuvi.in/blog/wp-admin/post-new.php" "Mozilla/5.0 (Macintosh; Intel Mac OS X 10_7_3) AppleWebKit/535.19 (KHTML, like Gecko) Chrome/18.0.1025.151 Safari/535.19"
157.55.112.208 - - [08/Apr/2012:14:21:12 -0700] "-" 400 0 "-" "-"
207.46.193.39 - - [08/Apr/2012:14:21:17 -0700] "-" 400 0 "-" "-"
66.249.68.36 - - [08/Apr/2012:14:21:50 -0700] "GET /chennai/stage/2083/ HTTP/1.1" 404 142 "-" "Mozilla/5.0 (compatible; Googlebot/2.1; +http://www.google.com/bot.html)"
85.17.88.169 - - [08/Apr/2012:14:22:06 -0700] "POST /blog/wp-cron.php?doing_wp_cron=1333919817 HTTP/1.0" 499 0 "-" "WordPress/3.3.1; http://yuvi.in/blog"
14.99.6.36 - - [08/Apr/2012:14:22:06 -0700] "POST /blog/wp-admin/admin-ajax.php HTTP/1.1" 200 288 "http://yuvi.in/blog/wp-admin/post-new.php" "Mozilla/5.0 (Macintosh; Intel Mac OS X 10_7_3) AppleWebKit/535.19 (KHTML, like Gecko) Chrome/18.0.1025.151 Safari/535.19"
85.17.88.169 - - [08/Apr/2012:14:23:06 -0700] "POST /blog/wp-cron.php?doing_wp_cron=1333919877 HTTP/1.0" 499 0 "-" "WordPress/3.3.1; http://yuvi.in/blog"
14.99.6.36 - - [08/Apr/2012:14:23:06 -0700] "POST /blog/wp-admin/admin-ajax.php HTTP/1.1" 200 288 "http://yuvi.in/blog/wp-admin/post-new.php" "Mozilla/5.0 (Macintosh; Intel Mac OS X 10_7_3) AppleWebKit/535.19 (KHTML, like Gecko) Chrome/18.0.1025.151 Safari/535.19"
85.17.88.169 - - [08/Apr/2012:14:24:06 -0700] "POST /blog/wp-cron.php?doing_wp_cron=1333919938 HTTP/1.0" 499 0 "-" "WordPress/3.3.1; http://yuvi.in/blog"
14.99.6.36 - - [08/Apr/2012:14:24:07 -0700] "POST /blog/wp-admin/admin-ajax.php HTTP/1.1" 200 288 "http://yuvi.in/blog/wp-admin/post-new.php" "Mozilla/5.0 (Macintosh; Intel Mac OS X 10_7_3) AppleWebKit/535.19 (KHTML, like Gecko) Chrome/18.0.1025.151 Safari/535.19"
85.17.88.169 - - [08/Apr/2012:14:25:06 -0700] "POST /blog/wp-cron.php?doing_wp_cron=1333919997 HTTP/1.0" 499 0 "-" "WordPress/3.3.1; http://yuvi.in/blog"
14.99.6.36 - - [08/Apr/2012:14:25:06 -0700] "POST /blog/wp-admin/admin-ajax.php HTTP/1.1" 200 288 "http://yuvi.in/blog/wp-admin/post-new.php" "Mozilla/5.0 (Macintosh; Intel Mac OS X 10_7_3) AppleWebKit/535.19 (KHTML, like Gecko) Chrome/18.0.1025.151 Safari/535.19"
85.17.88.169 - - [08/Apr/2012:14:26:06 -0700] "POST /blog/wp-cron.php?doing_wp_cron=1333920057 HTTP/1.0" 499 0 "-" "WordPress/3.3.1; http://yuvi.in/blog"
14.99.6.36 - - [08/Apr/2012:14:26:06 -0700] "POST /blog/wp-admin/admin-ajax.php HTTP/1.1" 200 288 "http://yuvi.in/blog/wp-admin/post-new.php" "Mozilla/5.0 (Macintosh; Intel Mac OS X 10_7_3) AppleWebKit/535.19 (KHTML, like Gecko) Chrome/18.0.1025.151 Safari/535.19"
85.17.88.169 - - [08/Apr/2012:14:26:16 -0700] "POST /blog/wp-cron.php?doing_wp_cron=1333920068 HTTP/1.0" 499 0 "-" "WordPress/3.3.1; http://yuvi.in/blog"
193.164.138.82 - - [08/Apr/2012:14:26:17 -0700] "GET /blog/devlog-december-5-2011/ HTTP/1.1" 200 18013 "-" "Zemanta Aggregator/0.7 +http://www.zemanta.com"
85.17.88.169 - - [08/Apr/2012:14:27:06 -0700] "POST /blog/wp-cron.php?doing_wp_cron=1333920117 HTTP/1.0" 499 0 "-" "WordPress/3.3.1; http://yuvi.in/blog"
14.99.6.36 - - [08/Apr/2012:14:27:06 -0700] "POST /blog/wp-admin/admin-ajax.php HTTP/1.1" 200 288 "http://yuvi.in/blog/wp-admin/post-new.php" "Mozilla/5.0 (Macintosh; Intel Mac OS X 10_7_3) AppleWebKit/535.19 (KHTML, like Gecko) Chrome/18.0.1025.151 Safari/535.19"
66.249.68.36 - - [08/Apr/2012:14:27:09 -0700] "GET /chennai/stage/2722/ HTTP/1.1" 404 142 "-" "Mozilla/5.0 (compatible; Googlebot/2.1; +http://www.google.com/bot.html)"
85.17.88.169 - - [08/Apr/2012:14:28:06 -0700] "POST /blog/wp-cron.php?doing_wp_cron=1333920177 HTTP/1.0" 499 0 "-" "WordPress/3.3.1; http://yuvi.in/blog"
14.99.6.36 - - [08/Apr/2012:14:28:06 -0700] "POST /blog/wp-admin/admin-ajax.php HTTP/1.1" 200 288 "http://yuvi.in/blog/wp-admin/post-new.php" "Mozilla/5.0 (Macintosh; Intel Mac OS X 10_7_3) AppleWebKit/535.19 (KHTML, like Gecko) Chrome/18.0.1025.151 Safari/535.19"
65.52.109.146 - - [08/Apr/2012:14:28:47 -0700] "GET /robots.txt HTTP/1.1" 404 169 "-" "Mozilla/5.0 (compatible; bingbot/2.0; +http://www.bing.com/bingbot.htm)"
85.17.88.169 - - [08/Apr/2012:14:29:06 -0700] "POST /blog/wp-cron.php?doing_wp_cron=1333920237 HTTP/1.0" 499 0 "-" "WordPress/3.3.1; http://yuvi.in/blog"
14.99.6.36 - - [08/Apr/2012:14:29:06 -0700] "POST /blog/wp-admin/admin-ajax.php HTTP/1.1" 200 288 "http://yuvi.in/blog/wp-admin/post-new.php" "Mozilla/5.0 (Macintosh; Intel Mac OS X 10_7_3) AppleWebKit/535.19 (KHTML, like Gecko) Chrome/18.0.1025.151 Safari/535.19"
85.17.88.169 - - [08/Apr/2012:14:29:30 -0700] "POST /blog/wp-cron.php?doing_wp_cron=1333920262 HTTP/1.0" 499 0 "-" "WordPress/3.3.1; http://yuvi.in/blog"
65.52.109.146 - - [08/Apr/2012:14:29:31 -0700] "GET /blog/devlog-december-10-2011/ HTTP/1.1" 200 4530 "-" "Mozilla/5.0 (compatible; bingbot/2.0; +http://www.bing.com/bingbot.htm)"
85.17.88.169 - - [08/Apr/2012:14:30:06 -0700] "POST /blog/wp-cron.php?doing_wp_cron=1333920297 HTTP/1.0" 499 0 "-" "WordPress/3.3.1; http://yuvi.in/blog"
14.99.6.36 - - [08/Apr/2012:14:30:06 -0700] "POST /blog/wp-admin/admin-ajax.php HTTP/1.1" 200 288 "http://yuvi.in/blog/wp-admin/post-new.php" "Mozilla/5.0 (Macintosh; Intel Mac OS X 10_7_3) AppleWebKit/535.19 (KHTML, like Gecko) Chrome/18.0.1025.151 Safari/535.19"
85.17.88.169 - - [08/Apr/2012:14:31:06 -0700] "POST /blog/wp-cron.php?doing_wp_cron=1333920357 HTTP/1.0" 499 0 "-" "WordPress/3.3.1; http://yuvi.in/blog"
14.99.6.36 - - [08/Apr/2012:14:31:06 -0700] "POST /blog/wp-admin/admin-ajax.php HTTP/1.1" 200 288 "http://yuvi.in/blog/wp-admin/post-new.php" "Mozilla/5.0 (Macintosh; Intel Mac OS X 10_7_3) AppleWebKit/535.19 (KHTML, like Gecko) Chrome/18.0.1025.151 Safari/535.19"
85.17.88.169 - - [08/Apr/2012:14:32:06 -0700] "POST /blog/wp-cron.php?doing_wp_cron=1333920417 HTTP/1.0" 499 0 "-" "WordPress/3.3.1; http://yuvi.in/blog"
14.99.6.36 - - [08/Apr/2012:14:32:06 -0700] "POST /blog/wp-admin/admin-ajax.php HTTP/1.1" 200 288 "http://yuvi.in/blog/wp-admin/post-new.php" "Mozilla/5.0 (Macintosh; Intel Mac OS X 10_7_3) AppleWebKit/535.19 (KHTML, like Gecko) Chrome/18.0.1025.151 Safari/535.19"
66.249.68.36 - - [08/Apr/2012:14:32:27 -0700] "GET /chennai/stage/2725/ HTTP/1.1" 404 142 "-" "Mozilla/5.0 (compatible; Googlebot/2.1; +http://www.google.com/bot.html)"
85.17.88.169 - - [08/Apr/2012:14:33:06 -0700] "POST /blog/wp-cron.php?doing_wp_cron=1333920477 HTTP/1.0" 499 0 "-" "WordPress/3.3.1; http://yuvi.in/blog"
14.99.6.36 - - [08/Apr/2012:14:33:06 -0700] "POST /blog/wp-admin/admin-ajax.php HTTP/1.1" 200 288 "http://yuvi.in/blog/wp-admin/post-new.php" "Mozilla/5.0 (Macintosh; Intel Mac OS X 10_7_3) AppleWebKit/535.19 (KHTML, like Gecko) Chrome/18.0.1025.151 Safari/535.19"
85.17.88.169 - - [08/Apr/2012:14:34:06 -0700] "POST /blog/wp-cron.php?doing_wp_cron=1333920537 HTTP/1.0" 499 0 "-" "WordPress/3.3.1; http://yuvi.in/blog"
14.99.6.36 - - [08/Apr/2012:14:34:06 -0700] "POST /blog/wp-admin/admin-ajax.php HTTP/1.1" 200 288 "http://yuvi.in/blog/wp-admin/post-new.php" "Mozilla/5.0 (Macintosh; Intel Mac OS X 10_7_3) AppleWebKit/535.19 (KHTML, like Gecko) Chrome/18.0.1025.151 Safari/535.19"
85.17.88.169 - - [08/Apr/2012:14:35:06 -0700] "POST /blog/wp-cron.php?doing_wp_cron=1333920598 HTTP/1.0" 499 0 "-" "WordPress/3.3.1; http://yuvi.in/blog"
14.99.6.36 - - [08/Apr/2012:14:35:06 -0700] "POST /blog/wp-admin/admin-ajax.php HTTP/1.1" 200 288 "http://yuvi.in/blog/wp-admin/post-new.php" "Mozilla/5.0 (Macintosh; Intel Mac OS X 10_7_3) AppleWebKit/535.19 (KHTML, like Gecko) Chrome/18.0.1025.151 Safari/535.19"
85.17.88.169 - - [08/Apr/2012:14:36:06 -0700] "POST /blog/wp-cron.php?doing_wp_cron=1333920657 HTTP/1.0" 200 0 "-" "WordPress/3.3.1; http://yuvi.in/blog"
14.99.6.36 - - [08/Apr/2012:14:36:07 -0700] "POST /blog/wp-admin/admin-ajax.php HTTP/1.1" 200 288 "http://yuvi.in/blog/wp-admin/post-new.php" "Mozilla/5.0 (Macintosh; Intel Mac OS X 10_7_3) AppleWebKit/535.19 (KHTML, like Gecko) Chrome/18.0.1025.151 Safari/535.19"
207.46.204.215 - - [08/Apr/2012:14:36:33 -0700] "-" 400 0 "-" "-"
207.46.204.215 - - [08/Apr/2012:14:36:33 -0700] "-" 400 0 "-" "-"
207.46.204.215 - - [08/Apr/2012:14:36:34 -0700] "-" 400 0 "-" "-"
207.46.204.215 - - [08/Apr/2012:14:36:35 -0700] "-" 400 0 "-" "-"
207.46.204.215 - - [08/Apr/2012:14:36:35 -0700] "-" 400 0 "-" "-"
207.46.204.215 - - [08/Apr/2012:14:36:36 -0700] "-" 400 0 "-" "-"
207.46.204.215 - - [08/Apr/2012:14:36:36 -0700] "-" 400 0 "-" "-"
207.46.204.215 - - [08/Apr/2012:14:36:37 -0700] "-" 400 0 "-" "-"
207.46.204.215 - - [08/Apr/2012:14:36:38 -0700] "-" 400 0 "-" "-"
207.46.204.215 - - [08/Apr/2012:14:36:38 -0700] "-" 400 0 "-" "-"
207.46.204.215 - - [08/Apr/2012:14:36:38 -0700] "-" 400 0 "-" "-"
207.46.204.215 - - [08/Apr/2012:14:36:38 -0700] "-" 400 0 "-" "-"
85.17.88.169 - - [08/Apr/2012:14:37:06 -0700] "POST /blog/wp-cron.php?doing_wp_cron=1333920717 HTTP/1.0" 499 0 "-" "WordPress/3.3.1; http://yuvi.in/blog"
14.99.6.36 - - [08/Apr/2012:14:37:06 -0700] "POST /blog/wp-admin/admin-ajax.php HTTP/1.1" 200 288 "http://yuvi.in/blog/wp-admin/post-new.php" "Mozilla/5.0 (Macintosh; Intel Mac OS X 10_7_3) AppleWebKit/535.19 (KHTML, like Gecko) Chrome/18.0.1025.151 Safari/535.19"
66.249.68.36 - - [08/Apr/2012:14:37:46 -0700] "GET /chennai/stage/2723/ HTTP/1.1" 404 142 "-" "Mozilla/5.0 (compatible; Googlebot/2.1; +http://www.google.com/bot.html)"
85.17.88.169 - - [08/Apr/2012:14:38:06 -0700] "POST /blog/wp-cron.php?doing_wp_cron=1333920778 HTTP/1.0" 499 0 "-" "WordPress/3.3.1; http://yuvi.in/blog"
14.99.6.36 - - [08/Apr/2012:14:38:06 -0700] "POST /blog/wp-admin/admin-ajax.php HTTP/1.1" 200 288 "http://yuvi.in/blog/wp-admin/post-new.php" "Mozilla/5.0 (Macintosh; Intel Mac OS X 10_7_3) AppleWebKit/535.19 (KHTML, like Gecko) Chrome/18.0.1025.151 Safari/535.19"
67.215.230.27 - - [08/Apr/2012:14:38:17 -0700] "GET /robots.txt HTTP/1.0" 404 169 "-" "Setooz/Nutch-1.2 (http://www.setooz.com)"
67.215.230.27 - - [08/Apr/2012:14:38:17 -0700] "GET /stories HTTP/1.0" 301 185 "-" "Setooz/Nutch-1.2 (http://www.setooz.com)"
67.215.230.27 - - [08/Apr/2012:14:38:17 -0700] "GET /robots.txt HTTP/1.0" 404 169 "-" "Setooz/Nutch-1.2 (http://www.setooz.com)"
67.215.230.27 - - [08/Apr/2012:14:38:17 -0700] "GET / HTTP/1.0" 200 3439 "-" "Setooz/Nutch-1.2 (http://www.setooz.com)"
85.17.88.169 - - [08/Apr/2012:14:39:06 -0700] "POST /blog/wp-cron.php?doing_wp_cron=1333920838 HTTP/1.0" 499 0 "-" "WordPress/3.3.1; http://yuvi.in/blog"
14.99.6.36 - - [08/Apr/2012:14:39:06 -0700] "POST /blog/wp-admin/admin-ajax.php HTTP/1.1" 200 288 "http://yuvi.in/blog/wp-admin/post-new.php" "Mozilla/5.0 (Macintosh; Intel Mac OS X 10_7_3) AppleWebKit/535.19 (KHTML, like Gecko) Chrome/18.0.1025.151 Safari/535.19"
85.17.88.169 - - [08/Apr/2012:14:40:06 -0700] "POST /blog/wp-cron.php?doing_wp_cron=1333920898 HTTP/1.0" 499 0 "-" "WordPress/3.3.1; http://yuvi.in/blog"
14.99.6.36 - - [08/Apr/2012:14:40:06 -0700] "POST /blog/wp-admin/admin-ajax.php HTTP/1.1" 200 288 "http://yuvi.in/blog/wp-admin/post-new.php" "Mozilla/5.0 (Macintosh; Intel Mac OS X 10_7_3) AppleWebKit/535.19 (KHTML, like Gecko) Chrome/18.0.1025.151 Safari/535.19"
85.17.88.169 - - [08/Apr/2012:14:41:06 -0700] "POST /blog/wp-cron.php?doing_wp_cron=1333920958 HTTP/1.0" 499 0 "-" "WordPress/3.3.1; http://yuvi.in/blog"
14.99.6.36 - - [08/Apr/2012:14:41:07 -0700] "POST /blog/wp-admin/admin-ajax.php HTTP/1.1" 200 288 "http://yuvi.in/blog/wp-admin/post-new.php" "Mozilla/5.0 (Macintosh; Intel Mac OS X 10_7_3) AppleWebKit/535.19 (KHTML, like Gecko) Chrome/18.0.1025.151 Safari/535.19"
85.17.88.169 - - [08/Apr/2012:14:42:06 -0700] "POST /blog/wp-cron.php?doing_wp_cron=1333921018 HTTP/1.0" 499 0 "-" "WordPress/3.3.1; http://yuvi.in/blog"
14.99.6.36 - - [08/Apr/2012:14:42:07 -0700] "POST /blog/wp-admin/admin-ajax.php HTTP/1.1" 200 288 "http://yuvi.in/blog/wp-admin/post-new.php" "Mozilla/5.0 (Macintosh; Intel Mac OS X 10_7_3) AppleWebKit/535.19 (KHTML, like Gecko) Chrome/18.0.1025.151 Safari/535.19"
85.17.88.169 - - [08/Apr/2012:14:42:11 -0700] "POST /blog/wp-cron.php?doing_wp_cron=1333921022 HTTP/1.0" 499 0 "-" "WordPress/3.3.1; http://yuvi.in/blog"
209.85.238.112 - - [08/Apr/2012:14:42:11 -0700] "GET /blog/feed HTTP/1.1" 301 0 "-" "Feedfetcher-Google; (+http://www.google.com/feedfetcher.html; 3 subscribers; feed-id=17684830852112633560)"
85.17.88.169 - - [08/Apr/2012:14:42:13 -0700] "POST /blog/wp-cron.php?doing_wp_cron=1333921024 HTTP/1.0" 499 0 "-" "WordPress/3.3.1; http://yuvi.in/blog"
209.85.238.112 - - [08/Apr/2012:14:42:13 -0700] "GET /blog/feed/ HTTP/1.1" 304 0 "-" "Feedfetcher-Google; (+http://www.google.com/feedfetcher.html; 3 subscribers; feed-id=17684830852112633560)"
66.249.68.36 - - [08/Apr/2012:14:43:05 -0700] "GET /chennai/unmapped/stages HTTP/1.1" 404 142 "-" "Mozilla/5.0 (compatible; Googlebot/2.1; +http://www.google.com/bot.html)"
85.17.88.169 - - [08/Apr/2012:14:43:06 -0700] "POST /blog/wp-cron.php?doing_wp_cron=1333921078 HTTP/1.0" 499 0 "-" "WordPress/3.3.1; http://yuvi.in/blog"
14.99.6.36 - - [08/Apr/2012:14:43:07 -0700] "POST /blog/wp-admin/admin-ajax.php HTTP/1.1" 200 288 "http://yuvi.in/blog/wp-admin/post-new.php" "Mozilla/5.0 (Macintosh; Intel Mac OS X 10_7_3) AppleWebKit/535.19 (KHTML, like Gecko) Chrome/18.0.1025.151 Safari/535.19"
85.17.88.169 - - [08/Apr/2012:14:44:06 -0700] "POST /blog/wp-cron.php?doing_wp_cron=1333921138 HTTP/1.0" 499 0 "-" "WordPress/3.3.1; http://yuvi.in/blog"
14.99.6.36 - - [08/Apr/2012:14:44:06 -0700] "POST /blog/wp-admin/admin-ajax.php HTTP/1.1" 200 288 "http://yuvi.in/blog/wp-admin/post-new.php" "Mozilla/5.0 (Macintosh; Intel Mac OS X 10_7_3) AppleWebKit/535.19 (KHTML, like Gecko) Chrome/18.0.1025.151 Safari/535.19"
85.17.88.169 - - [08/Apr/2012:14:45:06 -0700] "POST /blog/wp-cron.php?doing_wp_cron=1333921198 HTTP/1.0" 499 0 "-" "WordPress/3.3.1; http://yuvi.in/blog"
14.99.6.36 - - [08/Apr/2012:14:45:07 -0700] "POST /blog/wp-admin/admin-ajax.php HTTP/1.1" 200 288 "http://yuvi.in/blog/wp-admin/post-new.php" "Mozilla/5.0 (Macintosh; Intel Mac OS X 10_7_3) AppleWebKit/535.19 (KHTML, like Gecko) Chrome/18.0.1025.151 Safari/535.19"
14.99.6.36 - - [08/Apr/2012:14:45:22 -0700] "POST /blog/wp-admin/admin-ajax.php HTTP/1.1" 499 0 "http://yuvi.in/blog/wp-admin/post-new.php" "Mozilla/5.0 (Macintosh; Intel Mac OS X 10_7_3) AppleWebKit/535.19 (KHTML, like Gecko) Chrome/18.0.1025.151 Safari/535.19"
85.17.88.169 - - [08/Apr/2012:14:45:23 -0700] "POST /blog/wp-cron.php?doing_wp_cron=1333921214 HTTP/1.0" 499 0 "-" "WordPress/3.3.1; http://yuvi.in/blog"
207.46.204.215 - - [08/Apr/2012:14:45:31 -0700] "-" 400 0 "-" "-"
207.46.204.215 - - [08/Apr/2012:14:45:31 -0700] "-" 400 0 "-" "-"
207.46.204.215 - - [08/Apr/2012:14:45:32 -0700] "-" 400 0 "-" "-"
207.46.204.215 - - [08/Apr/2012:14:45:32 -0700] "-" 400 0 "-" "-"
207.46.204.215 - - [08/Apr/2012:14:45:32 -0700] "-" 400 0 "-" "-"
207.46.204.215 - - [08/Apr/2012:14:45:32 -0700] "-" 400 0 "-" "-"
207.46.204.215 - - [08/Apr/2012:14:45:32 -0700] "-" 400 0 "-" "-"
207.46.204.215 - - [08/Apr/2012:14:45:32 -0700] "-" 400 0 "-" "-"
207.46.204.215 - - [08/Apr/2012:14:45:32 -0700] "-" 400 0 "-" "-"
207.46.204.215 - - [08/Apr/2012:14:45:33 -0700] "-" 400 0 "-" "-"
207.46.204.215 - - [08/Apr/2012:14:45:33 -0700] "-" 400 0 "-" "-"
207.46.204.215 - - [08/Apr/2012:14:45:33 -0700] "-" 400 0 "-" "-"
216.150.189.2 - - [08/Apr/2012:14:46:24 -0700] "-" 400 0 "-" "-"
66.220.149.245 - - [08/Apr/2012:14:47:19 -0700] "GET /r/33y0 HTTP/1.1" 301 257 "-" "facebookexternalhit/1.1 (+http://www.facebook.com/externalhit_uatext.php)"
66.249.68.36 - - [08/Apr/2012:14:48:24 -0700] "GET /chennai/stage/2721/ HTTP/1.1" 404 142 "-" "Mozilla/5.0 (compatible; Googlebot/2.1; +http://www.google.com/bot.html)"
85.17.88.169 - - [08/Apr/2012:14:49:39 -0700] "POST /blog/wp-cron.php?doing_wp_cron=1333921470 HTTP/1.0" 499 0 "-" "WordPress/3.3.1; http://yuvi.in/blog"
209.85.224.86 - - [08/Apr/2012:14:49:39 -0700] "GET /blog/feed HTTP/1.1" 304 0 "-" "FeedBurner/1.0 (http://www.FeedBurner.com)"
66.249.68.36 - - [08/Apr/2012:14:53:42 -0700] "GET /chennai/stage/2726/ HTTP/1.1" 404 142 "-" "Mozilla/5.0 (compatible; Googlebot/2.1; +http://www.google.com/bot.html)"
207.46.204.211 - - [08/Apr/2012:14:54:33 -0700] "-" 400 0 "-" "-"
207.46.204.211 - - [08/Apr/2012:14:54:36 -0700] "-" 400 0 "-" "-"
207.46.204.211 - - [08/Apr/2012:14:54:36 -0700] "-" 400 0 "-" "-"
207.46.204.211 - - [08/Apr/2012:14:54:37 -0700] "-" 400 0 "-" "-"
207.46.204.211 - - [08/Apr/2012:14:54:37 -0700] "-" 400 0 "-" "-"
207.46.204.211 - - [08/Apr/2012:14:54:37 -0700] "-" 400 0 "-" "-"
207.46.204.211 - - [08/Apr/2012:14:54:38 -0700] "-" 400 0 "-" "-"
207.46.204.211 - - [08/Apr/2012:14:54:38 -0700] "-" 400 0 "-" "-"
207.46.204.211 - - [08/Apr/2012:14:54:38 -0700] "-" 400 0 "-" "-"
