207.46.193.39 - - [07/Apr/2012:09:30:45 -0700] "-" 400 0 "-" "-"
207.46.193.39 - - [07/Apr/2012:09:30:48 -0700] "-" 400 0 "-" "-"
207.46.193.48 - - [07/Apr/2012:09:31:04 -0700] "-" 400 0 "-" "-"
207.46.193.39 - - [07/Apr/2012:09:31:15 -0700] "-" 400 0 "-" "-"
207.46.193.39 - - [07/Apr/2012:09:31:15 -0700] "-" 400 0 "-" "-"
85.17.88.169 - - [07/Apr/2012:09:31:49 -0700] "POST /blog/wp-cron.php?doing_wp_cron=1333816010 HTTP/1.0" 499 0 "-" "WordPress/3.3.1; http://yuvi.in/blog"
209.85.238.112 - - [07/Apr/2012:09:31:49 -0700] "GET /blog/feed/ HTTP/1.1" 200 6673 "-" "Feedfetcher-Google; (+http://www.google.com/feedfetcher.html; 18 subscribers; feed-id=15064232456473204253)"
14.96.45.174 - - [07/Apr/2012:09:31:55 -0700] "-" 400 0 "-" "-"
14.96.45.174 - - [07/Apr/2012:09:31:55 -0700] "-" 400 0 "-" "-"
14.96.45.174 - - [07/Apr/2012:09:31:55 -0700] "-" 400 0 "-" "-"
14.96.45.174 - - [07/Apr/2012:09:31:55 -0700] "-" 400 0 "-" "-"
14.96.45.174 - - [07/Apr/2012:09:31:55 -0700] "-" 400 0 "-" "-"
122.174.163.194 - - [07/Apr/2012:09:32:04 -0700] "GET / HTTP/1.1" 200 3439 "-" "-"
66.220.149.247 - - [07/Apr/2012:09:32:30 -0700] "GET /r/jai\xE0\xAE\x95\xE0\xAE\x9F\xE0\xAF\x8D\xE0\xAE\x9F\xE0\xAE\xB1\xE0\xAF\x8D\xE0\xAE\xB1 HTTP/1.1" 301 381 "-" "facebookexternalhit/1.1 (+http://www.facebook.com/externalhit_uatext.php)"
66.220.149.250 - - [07/Apr/2012:09:32:30 -0700] "GET /s/ta/jai%E0%AE%95%E0%AE%9F%E0%AF%8D%E0%AE%9F%E0%AE%B1%E0%AF%8D%E0%AE%B1/ HTTP/1.1" 502 173 "-" "facebookexternalhit/1.1 (+http://www.facebook.com/externalhit_uatext.php)"
14.96.45.174 - - [07/Apr/2012:09:33:35 -0700] "-" 400 0 "-" "-"
14.96.45.174 - - [07/Apr/2012:09:33:35 -0700] "-" 400 0 "-" "-"
14.96.45.174 - - [07/Apr/2012:09:33:35 -0700] "-" 400 0 "-" "-"
14.96.45.174 - - [07/Apr/2012:09:33:35 -0700] "-" 400 0 "-" "-"
14.96.45.174 - - [07/Apr/2012:09:34:05 -0700] "-" 400 0 "-" "-"
14.96.45.174 - - [07/Apr/2012:09:34:25 -0700] "-" 400 0 "-" "-"
71.168.105.197 - - [07/Apr/2012:09:34:33 -0700] "GET /robots.txt HTTP/1.0" 404 169 "-" "Mozilla/5.0 (compatible; MJ12bot/v1.4.2; http://www.majestic12.co.uk/bot.php?+)"
85.17.88.169 - - [07/Apr/2012:09:34:37 -0700] "POST /blog/wp-cron.php?doing_wp_cron=1333816178 HTTP/1.0" 499 0 "-" "WordPress/3.3.1; http://yuvi.in/blog"
71.168.105.197 - - [07/Apr/2012:09:34:38 -0700] "GET /blog/temptations HTTP/1.1" 301 0 "-" "Mozilla/5.0 (compatible; MJ12bot/v1.4.2; http://www.majestic12.co.uk/bot.php?+)"
85.17.88.169 - - [07/Apr/2012:09:34:42 -0700] "POST /blog/wp-cron.php?doing_wp_cron=1333816183 HTTP/1.0" 499 0 "-" "WordPress/3.3.1; http://yuvi.in/blog"
71.168.105.197 - - [07/Apr/2012:09:34:43 -0700] "GET /blog/temptations/ HTTP/1.1" 200 17197 "-" "Mozilla/5.0 (compatible; MJ12bot/v1.4.2; http://www.majestic12.co.uk/bot.php?+)"
85.17.88.169 - - [07/Apr/2012:09:34:53 -0700] "POST /blog/wp-cron.php?doing_wp_cron=1333816195 HTTP/1.0" 499 0 "-" "WordPress/3.3.1; http://yuvi.in/blog"
66.249.67.108 - - [07/Apr/2012:09:34:54 -0700] "GET /blog/2011/07/ HTTP/1.1" 200 3882 "-" "Mozilla/5.0 (compatible; Googlebot/2.1; +http://www.google.com/bot.html)"
69.171.234.2 - - [07/Apr/2012:09:35:13 -0700] "GET /r/fmf HTTP/1.1" 301 255 "-" "facebookexternalhit/1.1 (+http://www.facebook.com/externalhit_uatext.php)"
69.171.234.5 - - [07/Apr/2012:09:35:14 -0700] "GET /s/ta/fmf/ HTTP/1.1" 302 349 "-" "facebookexternalhit/1.1 (+http://www.facebook.com/externalhit_uatext.php)"
14.96.45.174 - - [07/Apr/2012:09:35:15 -0700] "-" 400 0 "-" "-"
14.96.45.174 - - [07/Apr/2012:09:35:15 -0700] "-" 400 0 "-" "-"
14.96.45.174 - - [07/Apr/2012:09:35:25 -0700] "-" 400 0 "-" "-"
14.96.45.174 - - [07/Apr/2012:09:35:35 -0700] "-" 400 0 "-" "-"
14.96.45.174 - - [07/Apr/2012:09:36:05 -0700] "-" 400 0 "-" "-"
122.164.66.35 - - [07/Apr/2012:09:37:00 -0700] "-" 400 0 "-" "-"
122.164.66.35 - - [07/Apr/2012:09:37:00 -0700] "-" 400 0 "-" "-"
122.164.66.35 - - [07/Apr/2012:09:37:00 -0700] "-" 400 0 "-" "-"
122.164.66.35 - - [07/Apr/2012:09:37:00 -0700] "-" 400 0 "-" "-"
122.164.66.35 - - [07/Apr/2012:09:37:00 -0700] "-" 400 0 "-" "-"
66.220.149.250 - - [07/Apr/2012:09:38:30 -0700] "GET /r/r60 HTTP/1.1" 301 255 "-" "facebookexternalhit/1.1 (+http://www.facebook.com/externalhit_uatext.php)"
66.220.149.250 - - [07/Apr/2012:09:38:37 -0700] "GET /s/ta/r60/ HTTP/1.1" 302 361 "-" "facebookexternalhit/1.1 (+http://www.facebook.com/externalhit_uatext.php)"
207.46.204.188 - - [07/Apr/2012:09:38:48 -0700] "GET /robots.txt HTTP/1.1" 404 169 "-" "Mozilla/5.0 (compatible; bingbot/2.0; +http://www.bing.com/bingbot.htm)"
117.193.236.62 - - [07/Apr/2012:09:39:16 -0700] "-" 400 0 "-" "-"
85.17.88.169 - - [07/Apr/2012:09:39:46 -0700] "POST /blog/wp-cron.php?doing_wp_cron=1333816486 HTTP/1.0" 499 0 "-" "WordPress/3.3.1; http://yuvi.in/blog"
207.46.204.188 - - [07/Apr/2012:09:39:46 -0700] "GET /blog/ HTTP/1.1" 200 10128 "-" "Mozilla/5.0 (compatible; bingbot/2.0; +http://www.bing.com/bingbot.htm)"
207.46.193.36 - - [07/Apr/2012:09:40:08 -0700] "-" 400 0 "-" "-"
207.46.193.36 - - [07/Apr/2012:09:40:08 -0700] "-" 400 0 "-" "-"
207.46.193.36 - - [07/Apr/2012:09:40:12 -0700] "-" 400 0 "-" "-"
207.46.193.36 - - [07/Apr/2012:09:40:12 -0700] "-" 400 0 "-" "-"
207.46.193.36 - - [07/Apr/2012:09:40:13 -0700] "-" 400 0 "-" "-"
207.46.193.36 - - [07/Apr/2012:09:40:15 -0700] "-" 400 0 "-" "-"
207.46.193.36 - - [07/Apr/2012:09:40:15 -0700] "-" 400 0 "-" "-"
207.46.193.36 - - [07/Apr/2012:09:40:16 -0700] "-" 400 0 "-" "-"
207.46.193.36 - - [07/Apr/2012:09:40:18 -0700] "-" 400 0 "-" "-"
207.46.193.36 - - [07/Apr/2012:09:40:18 -0700] "-" 400 0 "-" "-"
207.46.193.36 - - [07/Apr/2012:09:40:18 -0700] "-" 400 0 "-" "-"
207.46.193.36 - - [07/Apr/2012:09:40:19 -0700] "-" 400 0 "-" "-"
207.46.193.36 - - [07/Apr/2012:09:40:38 -0700] "-" 400 0 "-" "-"
65.52.0.210 - - [07/Apr/2012:09:40:52 -0700] "GET /r/1eg5 HTTP/1.1" 404 199 "-" "Mozilla/4.0 (compatible; MSIE 7.0; Windows NT 6.0)"
112.135.202.141 - - [07/Apr/2012:09:41:03 -0700] "GET /r/1kn2 HTTP/1.1" 301 257 "http://ta.wikipedia.org/wiki/%E0%AE%8E%E0%AE%A8%E0%AF%8D%E0%AE%A4%E0%AE%BF%E0%AE%B0_%E0%AE%AE%E0%AE%BF%E0%AE%A9%E0%AF%8D%E0%AE%A9%E0%AE%A3%E0%AF%81%E0%AE%B5%E0%AE%BF%E0%AE%AF%E0%AE%B2%E0%AF%8D" "Mozilla/5.0 (Windows NT 5.1) AppleWebKit/535.19 (KHTML, like Gecko) Chrome/18.0.1025.151 Safari/535.19"
112.135.202.141 - - [07/Apr/2012:09:41:04 -0700] "GET /s/ta/1kn2/ HTTP/1.1" 302 485 "http://ta.wikipedia.org/wiki/%E0%AE%8E%E0%AE%A8%E0%AF%8D%E0%AE%A4%E0%AE%BF%E0%AE%B0_%E0%AE%AE%E0%AE%BF%E0%AE%A9%E0%AF%8D%E0%AE%A9%E0%AE%A3%E0%AF%81%E0%AE%B5%E0%AE%BF%E0%AE%AF%E0%AE%B2%E0%AF%8D" "Mozilla/5.0 (Windows NT 5.1) AppleWebKit/535.19 (KHTML, like Gecko) Chrome/18.0.1025.151 Safari/535.19"
112.135.202.141 - - [07/Apr/2012:09:41:13 -0700] "-" 400 0 "-" "-"
59.183.35.146 - - [07/Apr/2012:09:41:41 -0700] "GET /AssessmentBar/r/Unassessed_India_articles/ HTTP/1.1" 302 273 "http://en.wikipedia.org/wiki/1891_Census_of_the_North-Western_Provinces_and_Oudh" "Mozilla/5.0 (Windows NT 6.1; rv:11.0) Gecko/20100101 Firefox/11.0"
59.183.35.146 - - [07/Apr/2012:09:41:46 -0700] "-" 400 0 "-" "-"
59.183.35.146 - - [07/Apr/2012:09:41:46 -0700] "GET /AssessmentBar/r/Unassessed_India_articles/ HTTP/1.1" 302 283 "http://en.wikipedia.org/wiki/Pachmarhi" "Mozilla/5.0 (Windows NT 6.1; rv:11.0) Gecko/20100101 Firefox/11.0"
14.96.45.174 - - [07/Apr/2012:09:42:56 -0700] "-" 400 0 "-" "-"
188.228.113.73 - - [07/Apr/2012:09:43:34 -0700] "GET /s/ta/23z/ HTTP/1.1" 302 397 "-" "Mozilla/5.0 (iPhone; CPU iPhone OS 5_1 like Mac OS X) AppleWebKit/534.46 (KHTML, like Gecko) Mobile/9B176"
14.96.45.174 - - [07/Apr/2012:09:43:56 -0700] "-" 400 0 "-" "-"
59.183.35.146 - - [07/Apr/2012:09:44:07 -0700] "GET /AssessmentBar/r/Unassessed_India_articles/ HTTP/1.1" 302 275 "http://en.wikipedia.org/wiki/Public_holidays_in_India" "Mozilla/5.0 (Windows NT 6.1; rv:11.0) Gecko/20100101 Firefox/11.0"
59.183.35.146 - - [07/Apr/2012:09:44:13 -0700] "-" 400 0 "-" "-"
59.183.35.146 - - [07/Apr/2012:09:44:13 -0700] "GET /AssessmentBar/r/Unassessed_India_articles/ HTTP/1.1" 302 269 "http://en.wikipedia.org/wiki/Loha_Singh" "Mozilla/5.0 (Windows NT 6.1; rv:11.0) Gecko/20100101 Firefox/11.0"
59.183.35.146 - - [07/Apr/2012:09:44:22 -0700] "GET /AssessmentBar/r/Unassessed_India_articles/ HTTP/1.1" 302 295 "http://en.wikipedia.org/wiki/Kithora" "Mozilla/5.0 (Windows NT 6.1; rv:11.0) Gecko/20100101 Firefox/11.0"
223.234.250.91 - - [07/Apr/2012:09:44:59 -0700] "-" 400 0 "-" "-"
14.96.45.174 - - [07/Apr/2012:09:45:16 -0700] "-" 400 0 "-" "-"
141.0.8.162 - - [07/Apr/2012:09:45:18 -0700] "-" 400 0 "-" "-"
14.96.45.174 - - [07/Apr/2012:09:46:46 -0700] "-" 400 0 "-" "-"
117.202.135.19 - - [07/Apr/2012:09:47:12 -0700] "-" 400 0 "-" "-"
117.202.135.19 - - [07/Apr/2012:09:47:12 -0700] "-" 400 0 "-" "-"
117.202.135.19 - - [07/Apr/2012:09:47:12 -0700] "-" 400 0 "-" "-"
117.202.135.19 - - [07/Apr/2012:09:47:12 -0700] "-" 400 0 "-" "-"
14.96.45.174 - - [07/Apr/2012:09:47:26 -0700] "-" 400 0 "-" "-"
59.92.55.142 - - [07/Apr/2012:09:47:33 -0700] "-" 400 0 "-" "-"
122.174.71.192 - - [07/Apr/2012:09:47:49 -0700] "-" 400 0 "-" "-"
14.96.45.174 - - [07/Apr/2012:09:47:56 -0700] "-" 400 0 "-" "-"
14.96.45.174 - - [07/Apr/2012:09:51:16 -0700] "-" 400 0 "-" "-"
85.17.88.169 - - [07/Apr/2012:09:52:35 -0700] "POST /blog/wp-cron.php?doing_wp_cron=1333817256 HTTP/1.0" 499 0 "-" "WordPress/3.3.1; http://yuvi.in/blog"
183.82.74.141 - - [07/Apr/2012:09:52:35 -0700] "GET /blog/feed/ HTTP/1.0" 304 0 "-" "FeedDemon/4.0 (http://www.feeddemon.com/; Microsoft Windows)"
117.193.237.207 - - [07/Apr/2012:09:52:45 -0700] "-" 400 0 "-" "-"
37.125.161.82 - - [07/Apr/2012:09:53:37 -0700] "GET /r/9b1 HTTP/1.1" 301 255 "http://en.wikipedia.org/wiki/Jeyamohan" "Mozilla/5.0 (compatible; MSIE 9.0; Windows NT 6.1; Trident/5.0)"
37.125.161.82 - - [07/Apr/2012:09:53:38 -0700] "GET /s/ta/9b1/ HTTP/1.1" 302 361 "http://en.wikipedia.org/wiki/Jeyamohan" "Mozilla/5.0 (compatible; MSIE 9.0; Windows NT 6.1; Trident/5.0)"
213.138.175.156 - - [07/Apr/2012:09:55:11 -0700] "GET /POSM/ HTTP/1.1" 200 1963 "-" "Mozilla/5.0 (X11; Linux x86_64) AppleWebKit/535.19 (KHTML, like Gecko) Ubuntu/11.10 Chromium/18.0.1025.142 Chrome/18.0.1025.142 Safari/535.19"
213.138.175.156 - - [07/Apr/2012:09:55:12 -0700] "GET /POSM/creds.js HTTP/1.1" 200 89 "http://yuvi.in/POSM/" "Mozilla/5.0 (X11; Linux x86_64) AppleWebKit/535.19 (KHTML, like Gecko) Ubuntu/11.10 Chromium/18.0.1025.142 Chrome/18.0.1025.142 Safari/535.19"
213.138.175.156 - - [07/Apr/2012:09:55:13 -0700] "GET /POSM/lib/underscore.js HTTP/1.1" 200 35168 "http://yuvi.in/POSM/" "Mozilla/5.0 (X11; Linux x86_64) AppleWebKit/535.19 (KHTML, like Gecko) Ubuntu/11.10 Chromium/18.0.1025.142 Chrome/18.0.1025.142 Safari/535.19"
213.138.175.156 - - [07/Apr/2012:09:55:13 -0700] "GET /POSM/lib/jquery.mobile.structure-1.0.1.css HTTP/1.1" 200 32452 "http://yuvi.in/POSM/" "Mozilla/5.0 (X11; Linux x86_64) AppleWebKit/535.19 (KHTML, like Gecko) Ubuntu/11.10 Chromium/18.0.1025.142 Chrome/18.0.1025.142 Safari/535.19"
213.138.175.156 - - [07/Apr/2012:09:55:13 -0700] "GET /POSM/lib/jquery.mobile-1.0.1.css HTTP/1.1" 200 83437 "http://yuvi.in/POSM/" "Mozilla/5.0 (X11; Linux x86_64) AppleWebKit/535.19 (KHTML, like Gecko) Ubuntu/11.10 Chromium/18.0.1025.142 Chrome/18.0.1025.142 Safari/535.19"
213.138.175.156 - - [07/Apr/2012:09:55:13 -0700] "GET /POSM/lib/jquery.timeago.js HTTP/1.1" 200 4491 "http://yuvi.in/POSM/" "Mozilla/5.0 (X11; Linux x86_64) AppleWebKit/535.19 (KHTML, like Gecko) Ubuntu/11.10 Chromium/18.0.1025.142 Chrome/18.0.1025.142 Safari/535.19"
213.138.175.156 - - [07/Apr/2012:09:55:14 -0700] "GET /POSM/lib/templates.js HTTP/1.1" 200 426 "http://yuvi.in/POSM/" "Mozilla/5.0 (X11; Linux x86_64) AppleWebKit/535.19 (KHTML, like Gecko) Ubuntu/11.10 Chromium/18.0.1025.142 Chrome/18.0.1025.142 Safari/535.19"
213.138.175.156 - - [07/Apr/2012:09:55:14 -0700] "GET /POSM/js/tapbar.js HTTP/1.1" 200 881 "http://yuvi.in/POSM/" "Mozilla/5.0 (X11; Linux x86_64) AppleWebKit/535.19 (KHTML, like Gecko) Ubuntu/11.10 Chromium/18.0.1025.142 Chrome/18.0.1025.142 Safari/535.19"
213.138.175.156 - - [07/Apr/2012:09:55:14 -0700] "GET /POSM/lib/leaflet/leaflet.css HTTP/1.1" 200 6437 "http://yuvi.in/POSM/" "Mozilla/5.0 (X11; Linux x86_64) AppleWebKit/535.19 (KHTML, like Gecko) Ubuntu/11.10 Chromium/18.0.1025.142 Chrome/18.0.1025.142 Safari/535.19"
213.138.175.156 - - [07/Apr/2012:09:55:14 -0700] "GET /POSM/zoomData.js HTTP/1.1" 200 1573 "http://yuvi.in/POSM/" "Mozilla/5.0 (X11; Linux x86_64) AppleWebKit/535.19 (KHTML, like Gecko) Ubuntu/11.10 Chromium/18.0.1025.142 Chrome/18.0.1025.142 Safari/535.19"
213.138.175.156 - - [07/Apr/2012:09:55:14 -0700] "GET /POSM/lib/jquery.mobile-1.0.1.js HTTP/1.1" 200 221124 "http://yuvi.in/POSM/" "Mozilla/5.0 (X11; Linux x86_64) AppleWebKit/535.19 (KHTML, like Gecko) Ubuntu/11.10 Chromium/18.0.1025.142 Chrome/18.0.1025.142 Safari/535.19"
213.138.175.156 - - [07/Apr/2012:09:55:14 -0700] "GET /POSM/style.css HTTP/1.1" 200 1349 "http://yuvi.in/POSM/" "Mozilla/5.0 (X11; Linux x86_64) AppleWebKit/535.19 (KHTML, like Gecko) Ubuntu/11.10 Chromium/18.0.1025.142 Chrome/18.0.1025.142 Safari/535.19"
213.138.175.156 - - [07/Apr/2012:09:55:14 -0700] "GET /POSM/lib/TileLayer.Bing.js HTTP/1.1" 200 5317 "http://yuvi.in/POSM/" "Mozilla/5.0 (X11; Linux x86_64) AppleWebKit/535.19 (KHTML, like Gecko) Ubuntu/11.10 Chromium/18.0.1025.142 Chrome/18.0.1025.142 Safari/535.19"
213.138.175.156 - - [07/Apr/2012:09:55:15 -0700] "GET /POSM/js/poi.js HTTP/1.1" 200 2031 "http://yuvi.in/POSM/" "Mozilla/5.0 (X11; Linux x86_64) AppleWebKit/535.19 (KHTML, like Gecko) Ubuntu/11.10 Chromium/18.0.1025.142 Chrome/18.0.1025.142 Safari/535.19"
213.138.175.156 - - [07/Apr/2012:09:55:16 -0700] "GET /POSM/js/poimanager.js HTTP/1.1" 200 9309 "http://yuvi.in/POSM/" "Mozilla/5.0 (X11; Linux x86_64) AppleWebKit/535.19 (KHTML, like Gecko) Ubuntu/11.10 Chromium/18.0.1025.142 Chrome/18.0.1025.142 Safari/535.19"
213.138.175.156 - - [07/Apr/2012:09:55:16 -0700] "GET /POSM/js/curpos.js HTTP/1.1" 200 1793 "http://yuvi.in/POSM/" "Mozilla/5.0 (X11; Linux x86_64) AppleWebKit/535.19 (KHTML, like Gecko) Ubuntu/11.10 Chromium/18.0.1025.142 Chrome/18.0.1025.142 Safari/535.19"
213.138.175.156 - - [07/Apr/2012:09:55:16 -0700] "GET /POSM/lib/leaflet/leaflet-src.js HTTP/1.1" 200 133300 "http://yuvi.in/POSM/" "Mozilla/5.0 (X11; Linux x86_64) AppleWebKit/535.19 (KHTML, like Gecko) Ubuntu/11.10 Chromium/18.0.1025.142 Chrome/18.0.1025.142 Safari/535.19"
213.138.175.156 - - [07/Apr/2012:09:55:17 -0700] "GET /POSM/lib/phonegap.js HTTP/1.1" 200 144879 "http://yuvi.in/POSM/" "Mozilla/5.0 (X11; Linux x86_64) AppleWebKit/535.19 (KHTML, like Gecko) Ubuntu/11.10 Chromium/18.0.1025.142 Chrome/18.0.1025.142 Safari/535.19"
213.138.175.156 - - [07/Apr/2012:09:55:17 -0700] "GET /POSM/js/changesets.js HTTP/1.1" 200 1226 "http://yuvi.in/POSM/" "Mozilla/5.0 (X11; Linux x86_64) AppleWebKit/535.19 (KHTML, like Gecko) Ubuntu/11.10 Chromium/18.0.1025.142 Chrome/18.0.1025.142 Safari/535.19"
213.138.175.156 - - [07/Apr/2012:09:55:17 -0700] "GET /POSM/js/main.js HTTP/1.1" 200 9616 "http://yuvi.in/POSM/" "Mozilla/5.0 (X11; Linux x86_64) AppleWebKit/535.19 (KHTML, like Gecko) Ubuntu/11.10 Chromium/18.0.1025.142 Chrome/18.0.1025.142 Safari/535.19"
213.138.175.156 - - [07/Apr/2012:09:55:18 -0700] "GET /POSM/lib/jquery-1.7.1.min.js HTTP/1.1" 200 93868 "http://yuvi.in/POSM/" "Mozilla/5.0 (X11; Linux x86_64) AppleWebKit/535.19 (KHTML, like Gecko) Ubuntu/11.10 Chromium/18.0.1025.142 Chrome/18.0.1025.142 Safari/535.19"
213.138.175.156 - - [07/Apr/2012:09:55:19 -0700] "GET /POSM/img/mapmode.png HTTP/1.1" 200 1168 "http://yuvi.in/POSM/" "Mozilla/5.0 (X11; Linux x86_64) AppleWebKit/535.19 (KHTML, like Gecko) Ubuntu/11.10 Chromium/18.0.1025.142 Chrome/18.0.1025.142 Safari/535.19"
213.138.175.156 - - [07/Apr/2012:09:55:19 -0700] "GET /POSM/img/preferences.png HTTP/1.1" 200 748 "http://yuvi.in/POSM/" "Mozilla/5.0 (X11; Linux x86_64) AppleWebKit/535.19 (KHTML, like Gecko) Ubuntu/11.10 Chromium/18.0.1025.142 Chrome/18.0.1025.142 Safari/535.19"
213.138.175.156 - - [07/Apr/2012:09:55:19 -0700] "GET /POSM/img/refresh.png HTTP/1.1" 200 868 "http://yuvi.in/POSM/" "Mozilla/5.0 (X11; Linux x86_64) AppleWebKit/535.19 (KHTML, like Gecko) Ubuntu/11.10 Chromium/18.0.1025.142 Chrome/18.0.1025.142 Safari/535.19"
213.138.175.156 - - [07/Apr/2012:09:55:19 -0700] "GET /POSM/img/mylocation.png HTTP/1.1" 200 803 "http://yuvi.in/POSM/" "Mozilla/5.0 (X11; Linux x86_64) AppleWebKit/535.19 (KHTML, like Gecko) Ubuntu/11.10 Chromium/18.0.1025.142 Chrome/18.0.1025.142 Safari/535.19"
213.138.175.156 - - [07/Apr/2012:09:55:19 -0700] "GET /POSM/img/back.png HTTP/1.1" 200 420 "http://yuvi.in/POSM/" "Mozilla/5.0 (X11; Linux x86_64) AppleWebKit/535.19 (KHTML, like Gecko) Ubuntu/11.10 Chromium/18.0.1025.142 Chrome/18.0.1025.142 Safari/535.19"
213.138.175.156 - - [07/Apr/2012:09:55:19 -0700] "GET /POSM/img/save.png HTTP/1.1" 404 199 "http://yuvi.in/POSM/" "Mozilla/5.0 (X11; Linux x86_64) AppleWebKit/535.19 (KHTML, like Gecko) Ubuntu/11.10 Chromium/18.0.1025.142 Chrome/18.0.1025.142 Safari/535.19"
213.138.175.156 - - [07/Apr/2012:09:55:20 -0700] "GET /POSM/lib/images/ajax-loader.png HTTP/1.1" 200 366 "http://yuvi.in/POSM/" "Mozilla/5.0 (X11; Linux x86_64) AppleWebKit/535.19 (KHTML, like Gecko) Ubuntu/11.10 Chromium/18.0.1025.142 Chrome/18.0.1025.142 Safari/535.19"
213.138.175.156 - - [07/Apr/2012:09:55:21 -0700] "GET /POSM/lib/leaflet/images/zoom-in.png HTTP/1.1" 200 963 "http://yuvi.in/POSM/" "Mozilla/5.0 (X11; Linux x86_64) AppleWebKit/535.19 (KHTML, like Gecko) Ubuntu/11.10 Chromium/18.0.1025.142 Chrome/18.0.1025.142 Safari/535.19"
213.138.175.156 - - [07/Apr/2012:09:55:21 -0700] "GET /POSM/lib/leaflet/images/zoom-out.png HTTP/1.1" 200 959 "http://yuvi.in/POSM/" "Mozilla/5.0 (X11; Linux x86_64) AppleWebKit/535.19 (KHTML, like Gecko) Ubuntu/11.10 Chromium/18.0.1025.142 Chrome/18.0.1025.142 Safari/535.19"
213.138.175.156 - - [07/Apr/2012:09:55:22 -0700] "GET /favicon.ico HTTP/1.1" 404 199 "-" "Mozilla/5.0 (X11; Linux x86_64) AppleWebKit/535.19 (KHTML, like Gecko) Ubuntu/11.10 Chromium/18.0.1025.142 Chrome/18.0.1025.142 Safari/535.19"
213.138.175.156 - - [07/Apr/2012:09:56:25 -0700] "GET /overpass?data=%0A++++%0A++++++++(%0A++++++++%0A++++++++node(9.44906182688142%2C+-109.16015624999999%2C+71.63599288330609%2C+128.32031249999997)%0A++++++++++++%0A++++++++++++++++%5B%22place%22%3D%22country%22%5D%0A++++++++++++%0A++++++++%3B%0A++++++++%0A++++++++)%3B%0A++++%0A++++out+meta%3B%0A HTTP/1.1" 504 585 "http://yuvi.in/POSM/" "Mozilla/5.0 (X11; Linux x86_64) AppleWebKit/535.19 (KHTML, like Gecko) Ubuntu/11.10 Chromium/18.0.1025.142 Chrome/18.0.1025.142 Safari/535.19"
213.138.175.156 - - [07/Apr/2012:09:56:33 -0700] "GET /overpass?data=%0A++++%0A++++++++(%0A++++++++%0A++++++++node(35.746512259918504%2C+-62.13867187499999%2C+64.77412531292873%2C+56.6015625)%0A++++++++++++%0A++++++++++++++++%5B%22place%22%3D%22country%22%5D%0A++++++++++++%0A++++++++%3B%0A++++++++%0A++++++++node(35.746512259918504%2C+-62.13867187499999%2C+64.77412531292873%2C+56.6015625)%0A++++++++++++%0A++++++++++++++++%5B%22place%22%3D%22state%22%5D%0A++++++++++++%0A++++++++%3B%0A++++++++%0A++++++++)%3B%0A++++%0A++++out+meta%3B%0A HTTP/1.1" 504 585 "http://yuvi.in/POSM/" "Mozilla/5.0 (X11; Linux x86_64) AppleWebKit/535.19 (KHTML, like Gecko) Ubuntu/11.10 Chromium/18.0.1025.142 Chrome/18.0.1025.142 Safari/535.19"
213.138.175.156 - - [07/Apr/2012:09:56:35 -0700] "GET /overpass?data=%0A++++%0A++++++++(%0A++++++++%0A++++++++node(45.27488643704891%2C+-31.3330078125%2C+59.57885104663186%2C+28.037109375)%0A++++++++++++%0A++++++++++++++++%5B%22place%22%3D%22country%22%5D%0A++++++++++++%0A++++++++%3B%0A++++++++%0A++++++++node(45.27488643704891%2C+-31.3330078125%2C+59.57885104663186%2C+28.037109375)%0A++++++++++++%0A++++++++++++++++%5B%22place%22%3D%22state%22%5D%0A++++++++++++%0A++++++++%3B%0A++++++++%0A++++++++node(45.27488643704891%2C+-31.3330078125%2C+59.57885104663186%2C+28.037109375)%0A++++++++++++%0A++++++++++++++++%5B%22place%22%3D%22city%22%5D%0A++++++++++++%0A++++++++++++++++%5B%22admin_level%22%3D%224%22%5D%0A++++++++++++%0A++++++++%3B%0A++++++++%0A++++++++)%3B%0A++++%0A++++out+meta%3B%0A HTTP/1.1" 504 585 "http://yuvi.in/POSM/" "Mozilla/5.0 (X11; Linux x86_64) AppleWebKit/535.19 (KHTML, like Gecko) Ubuntu/11.10 Chromium/18.0.1025.142 Chrome/18.0.1025.142 Safari/535.19"
213.138.175.156 - - [07/Apr/2012:09:56:37 -0700] "GET /overpass?data=%0A++++%0A++++++++(%0A++++++++%0A++++++++node(47.15984001304432%2C+-26.5869140625%2C+60.930432202923335%2C+32.783203125)%0A++++++++++++%0A++++++++++++++++%5B%22place%22%3D%22country%22%5D%0A++++++++++++%0A++++++++%3B%0A++++++++%0A++++++++node(47.15984001304432%2C+-26.5869140625%2C+60.930432202923335%2C+32.783203125)%0A++++++++++++%0A++++++++++++++++%5B%22place%22%3D%22state%22%5D%0A++++++++++++%0A++++++++%3B%0A++++++++%0A++++++++node(47.15984001304432%2C+-26.5869140625%2C+60.930432202923335%2C+32.783203125)%0A++++++++++++%0A++++++++++++++++%5B%22place%22%3D%22city%22%5D%0A++++++++++++%0A++++++++++++++++%5B%22admin_level%22%3D%224%22%5D%0A++++++++++++%0A++++++++%3B%0A++++++++%0A++++++++)%3B%0A++++%0A++++out+meta%3B%0A HTTP/1.1" 504 585 "http://yuvi.in/POSM/" "Mozilla/5.0 (X11; Linux x86_64) AppleWebKit/535.19 (KHTML, like Gecko) Ubuntu/11.10 Chromium/18.0.1025.142 Chrome/18.0.1025.142 Safari/535.19"
213.138.175.156 - - [07/Apr/2012:09:56:38 -0700] "GET /overpass?data=%0A++++%0A++++++++(%0A++++++++%0A++++++++node(47.010225655683485%2C+-25.576171875%2C+60.823494332539646%2C+33.7939453125)%0A++++++++++++%0A++++++++++++++++%5B%22place%22%3D%22country%22%5D%0A++++++++++++%0A++++++++%3B%0A++++++++%0A++++++++node(47.010225655683485%2C+-25.576171875%2C+60.823494332539646%2C+33.7939453125)%0A++++++++++++%0A++++++++++++++++%5B%22place%22%3D%22state%22%5D%0A++++++++++++%0A++++++++%3B%0A++++++++%0A++++++++node(47.010225655683485%2C+-25.576171875%2C+60.823494332539646%2C+33.7939453125)%0A++++++++++++%0A++++++++++++++++%5B%22place%22%3D%22city%22%5D%0A++++++++++++%0A++++++++++++++++%5B%22admin_level%22%3D%224%22%5D%0A++++++++++++%0A++++++++%3B%0A++++++++%0A++++++++)%3B%0A++++%0A++++out+meta%3B%0A HTTP/1.1" 499 0 "http://yuvi.in/POSM/" "Mozilla/5.0 (X11; Linux x86_64) AppleWebKit/535.19 (KHTML, like Gecko) Ubuntu/11.10 Chromium/18.0.1025.142 Chrome/18.0.1025.142 Safari/535.19"
213.138.175.156 - - [07/Apr/2012:09:56:38 -0700] "GET /overpass?data=%0A++++%0A++++++++(%0A++++++++%0A++++++++node(47.98992166741417%2C+-16.19384765625%2C+55.32914440840507%2C+13.4912109375)%0A++++++++++++%0A++++++++++++++++%5B%22place%22%3D%22country%22%5D%0A++++++++++++%0A++++++++%3B%0A++++++++%0A++++++++node(47.98992166741417%2C+-16.19384765625%2C+55.32914440840507%2C+13.4912109375)%0A++++++++++++%0A++++++++++++++++%5B%22place%22%3D%22state%22%5D%0A++++++++++++%0A++++++++%3B%0A++++++++%0A++++++++node(47.98992166741417%2C+-16.19384765625%2C+55.32914440840507%2C+13.4912109375)%0A++++++++++++%0A++++++++++++++++%5B%22place%22%3D%22city%22%5D%0A++++++++++++%0A++++++++++++++++%5B%22admin_level%22%3D%224%22%5D%0A++++++++++++%0A++++++++%3B%0A++++++++%0A++++++++node(47.98992166741417%2C+-16.19384765625%2C+55.32914440840507%2C+13.4912109375)%0A++++++++++++%0A++++++++++++++++%5B%22place%22%3D%22city%22%5D%0A++++++++++++%0A++++++++++++++++%5B%22admin_level%22%3D%225%22%5D%0A++++++++++++%0A++++++++%3B%0A++++++++%0A++++++++)%3B%0A++++%0A++++out+meta%3B%0A HTTP/1.1" 499 0 "http://yuvi.in/POSM/" "Mozilla/5.0 (X11; Linux x86_64) AppleWebKit/535.19 (KHTML, like Gecko) Ubuntu/11.10 Chromium/18.0.1025.142 Chrome/18.0.1025.142 Safari/535.19"
213.138.175.156 - - [07/Apr/2012:09:56:38 -0700] "GET /overpass?data=%0A++++%0A++++++++(%0A++++++++%0A++++++++node(47.98992166741417%2C+-16.2158203125%2C+55.32914440840507%2C+13.46923828125)%0A++++++++++++%0A++++++++++++++++%5B%22place%22%3D%22country%22%5D%0A++++++++++++%0A++++++++%3B%0A++++++++%0A++++++++node(47.98992166741417%2C+-16.2158203125%2C+55.32914440840507%2C+13.46923828125)%0A++++++++++++%0A++++++++++++++++%5B%22place%22%3D%22state%22%5D%0A++++++++++++%0A++++++++%3B%0A++++++++%0A++++++++node(47.98992166741417%2C+-16.2158203125%2C+55.32914440840507%2C+13.46923828125)%0A++++++++++++%0A++++++++++++++++%5B%22place%22%3D%22city%22%5D%0A++++++++++++%0A++++++++++++++++%5B%22admin_level%22%3D%224%22%5D%0A++++++++++++%0A++++++++%3B%0A++++++++%0A++++++++node(47.98992166741417%2C+-16.2158203125%2C+55.32914440840507%2C+13.46923828125)%0A++++++++++++%0A++++++++++++++++%5B%22place%22%3D%22city%22%5D%0A++++++++++++%0A++++++++++++++++%5B%22admin_level%22%3D%225%22%5D%0A++++++++++++%0A++++++++%3B%0A++++++++%0A++++++++)%3B%0A++++%0A++++out+meta%3B%0A HTTP/1.1" 499 0 "http://yuvi.in/POSM/" "Mozilla/5.0 (X11; Linux x86_64) AppleWebKit/535.19 (KHTML, like Gecko) Ubuntu/11.10 Chromium/18.0.1025.142 Chrome/18.0.1025.142 Safari/535.19"
213.138.175.156 - - [07/Apr/2012:09:56:38 -0700] "GET /overpass?data=%0A++++%0A++++++++(%0A++++++++%0A++++++++node(47.98992166741417%2C+-16.23779296875%2C+55.32914440840507%2C+13.447265624999998)%0A++++++++++++%0A++++++++++++++++%5B%22place%22%3D%22country%22%5D%0A++++++++++++%0A++++++++%3B%0A++++++++%0A++++++++node(47.98992166741417%2C+-16.23779296875%2C+55.32914440840507%2C+13.447265624999998)%0A++++++++++++%0A++++++++++++++++%5B%22place%22%3D%22state%22%5D%0A++++++++++++%0A++++++++%3B%0A++++++++%0A++++++++node(47.98992166741417%2C+-16.23779296875%2C+55.32914440840507%2C+13.447265624999998)%0A++++++++++++%0A++++++++++++++++%5B%22place%22%3D%22city%22%5D%0A++++++++++++%0A++++++++++++++++%5B%22admin_level%22%3D%224%22%5D%0A++++++++++++%0A++++++++%3B%0A++++++++%0A++++++++node(47.98992166741417%2C+-16.23779296875%2C+55.32914440840507%2C+13.447265624999998)%0A++++++++++++%0A++++++++++++++++%5B%22place%22%3D%22city%22%5D%0A++++++++++++%0A++++++++++++++++%5B%22admin_level%22%3D%225%22%5D%0A++++++++++++%0A++++++++%3B%0A++++++++%0A++++++++)%3B%0A++++%0A++++out+meta%3B%0A HTTP/1.1" 499 0 "http://yuvi.in/POSM/" "Mozilla/5.0 (X11; Linux x86_64) AppleWebKit/535.19 (KHTML, like Gecko) Ubuntu/11.10 Chromium/18.0.1025.142 Chrome/18.0.1025.142 Safari/535.19"
213.138.175.156 - - [07/Apr/2012:09:56:38 -0700] "GET /overpass?data=%0A++++%0A++++++++(%0A++++++++%0A++++++++node(47.040182144806664%2C+-25.6201171875%2C+60.84491057364915%2C+33.75)%0A++++++++++++%0A++++++++++++++++%5B%22place%22%3D%22country%22%5D%0A++++++++++++%0A++++++++%3B%0A++++++++%0A++++++++node(47.040182144806664%2C+-25.6201171875%2C+60.84491057364915%2C+33.75)%0A++++++++++++%0A++++++++++++++++%5B%22place%22%3D%22state%22%5D%0A++++++++++++%0A++++++++%3B%0A++++++++%0A++++++++node(47.040182144806664%2C+-25.6201171875%2C+60.84491057364915%2C+33.75)%0A++++++++++++%0A++++++++++++++++%5B%22place%22%3D%22city%22%5D%0A++++++++++++%0A++++++++++++++++%5B%22admin_level%22%3D%224%22%5D%0A++++++++++++%0A++++++++%3B%0A++++++++%0A++++++++)%3B%0A++++%0A++++out+meta%3B%0A HTTP/1.1" 499 0 "http://yuvi.in/POSM/" "Mozilla/5.0 (X11; Linux x86_64) AppleWebKit/535.19 (KHTML, like Gecko) Ubuntu/11.10 Chromium/18.0.1025.142 Chrome/18.0.1025.142 Safari/535.19"
213.138.175.156 - - [07/Apr/2012:09:56:55 -0700] "-" 400 0 "-" "-"
213.138.175.156 - - [07/Apr/2012:09:56:55 -0700] "-" 400 0 "-" "-"
213.138.175.156 - - [07/Apr/2012:09:56:55 -0700] "-" 400 0 "-" "-"
213.138.175.156 - - [07/Apr/2012:09:56:55 -0700] "-" 400 0 "-" "-"
213.138.175.156 - - [07/Apr/2012:09:56:55 -0700] "-" 400 0 "-" "-"
213.138.175.156 - - [07/Apr/2012:09:56:55 -0700] "-" 400 0 "-" "-"
85.17.88.169 - - [07/Apr/2012:09:57:21 -0700] "POST /blog/wp-cron.php?doing_wp_cron=1333817542 HTTP/1.0" 499 0 "-" "WordPress/3.3.1; http://yuvi.in/blog"
117.193.103.52 - - [07/Apr/2012:09:57:22 -0700] "GET /r/262 HTTP/1.1" 301 255 "http://ta.wikipedia.org/wiki/%E0%AE%B5%E0%AE%BF%E0%AE%95%E0%AF%8D%E0%AE%95%E0%AE%BF%E0%AE%AA%E0%AF%8D%E0%AE%AA%E0%AF%80%E0%AE%9F%E0%AE%BF%E0%AE%AF%E0%AE%BE:%E0%AE%95%E0%AF%81%E0%AE%B1%E0%AF%81%E0%AE%A8%E0%AF%8D%E0%AE%A4%E0%AF%8A%E0%AE%9F%E0%AF%81%E0%AE%AA%E0%AF%8D%E0%AE%AA%E0%AF%81" "Mozilla/5.0 (Windows NT 6.1) AppleWebKit/535.19 (KHTML, like Gecko) Chrome/18.0.1025.151 Safari/535.19"
209.85.144.86 - - [07/Apr/2012:09:57:22 -0700] "GET /blog/feed HTTP/1.1" 304 0 "-" "FeedBurner/1.0 (http://www.FeedBurner.com)"
117.193.103.52 - - [07/Apr/2012:09:57:22 -0700] "GET /s/ta/262/ HTTP/1.1" 302 543 "http://ta.wikipedia.org/wiki/%E0%AE%B5%E0%AE%BF%E0%AE%95%E0%AF%8D%E0%AE%95%E0%AE%BF%E0%AE%AA%E0%AF%8D%E0%AE%AA%E0%AF%80%E0%AE%9F%E0%AE%BF%E0%AE%AF%E0%AE%BE:%E0%AE%95%E0%AF%81%E0%AE%B1%E0%AF%81%E0%AE%A8%E0%AF%8D%E0%AE%A4%E0%AF%8A%E0%AE%9F%E0%AF%81%E0%AE%AA%E0%AF%8D%E0%AE%AA%E0%AF%81" "Mozilla/5.0 (Windows NT 6.1) AppleWebKit/535.19 (KHTML, like Gecko) Chrome/18.0.1025.151 Safari/535.19"
117.193.103.52 - - [07/Apr/2012:09:57:36 -0700] "-" 400 0 "-" "-"
117.193.103.52 - - [07/Apr/2012:09:57:36 -0700] "-" 400 0 "-" "-"
117.192.13.150 - - [07/Apr/2012:09:58:13 -0700] "-" 400 0 "-" "-"
8.21.4.254 - - [07/Apr/2012:09:58:48 -0700] "GET /r HTTP/1.1" 404 238 "-" "Mozilla/4.0 (compatible; MSIE 7.0; Windows NT 5.1; InfoPath.1; .NET CLR 2.0.50727; .NET CLR 1.1.4322; MS-RTC LM 8; .NET CLR 3.0.4506.2152; .NET CLR 3.5.30729)"
61.245.168.56 - - [07/Apr/2012:09:58:48 -0700] "GET /r/sz7 HTTP/1.1" 301 255 "http://ta.wikipedia.org/wiki/%E0%AE%9A%E0%AF%80%E0%AE%AE%E0%AE%BE%E0%AE%A9%E0%AF%8D" "Mozilla/5.0 (Windows NT 5.1) AppleWebKit/534.24 (KHTML, like Gecko) Chrome/11.0.696.65 Safari/534.24"
8.21.4.254 - - [07/Apr/2012:09:58:49 -0700] "GET /s/ta HTTP/1.1" 404 238 "-" "Mozilla/4.0 (compatible; MSIE 7.0; Windows NT 5.1; InfoPath.1; .NET CLR 2.0.50727; .NET CLR 1.1.4322; MS-RTC LM 8; .NET CLR 3.0.4506.2152; .NET CLR 3.5.30729)"
61.245.168.56 - - [07/Apr/2012:09:58:50 -0700] "GET /s/ta/sz7/ HTTP/1.1" 302 337 "http://ta.wikipedia.org/wiki/%E0%AE%9A%E0%AF%80%E0%AE%AE%E0%AE%BE%E0%AE%A9%E0%AF%8D" "Mozilla/5.0 (Windows NT 5.1) AppleWebKit/534.24 (KHTML, like Gecko) Chrome/11.0.696.65 Safari/534.24"
122.164.168.94 - - [07/Apr/2012:09:59:45 -0700] "-" 400 0 "-" "-"
69.171.228.248 - - [07/Apr/2012:10:00:09 -0700] "GET /r/33y0 HTTP/1.1" 301 257 "-" "facebookexternalhit/1.1 (+http://www.facebook.com/externalhit_uatext.php)"
69.171.228.247 - - [07/Apr/2012:10:00:13 -0700] "GET /s/ta/33y0/ HTTP/1.1" 302 609 "-" "facebookexternalhit/1.1 (+http://www.facebook.com/externalhit_uatext.php)"
85.17.88.169 - - [07/Apr/2012:10:00:38 -0700] "POST /blog/wp-cron.php?doing_wp_cron=1333817739 HTTP/1.0" 499 0 "-" "WordPress/3.3.1; http://yuvi.in/blog"
217.249.140.19 - - [07/Apr/2012:10:00:45 -0700] "GET /blog/category/uncategorized/ HTTP/1.1" 200 69238 "-" "findlinks/2.0.2 (+http://wortschatz.uni-leipzig.de/findlinks/)"
117.192.83.111 - - [07/Apr/2012:10:00:45 -0700] "GET /AssessmentBar/r/Unassessed_India_articles/ HTTP/1.1" 302 269 "http://en.wikipedia.org/wiki/Bangalore_Water_Supply_and_Sewerage_Board" "Mozilla/5.0 (Ubuntu; X11; Linux i686; rv:9.0.1) Gecko/20100101 Firefox/9.0.1"
117.192.83.111 - - [07/Apr/2012:10:00:51 -0700] "-" 400 0 "-" "-"
112.79.40.43 - - [07/Apr/2012:10:00:58 -0700] "-" 400 0 "-" "-"
117.192.83.111 - - [07/Apr/2012:10:01:03 -0700] "GET /AssessmentBar/r/Unassessed_India_articles/ HTTP/1.1" 302 303 "http://en.wikipedia.org/wiki/Ranawas" "Mozilla/5.0 (Ubuntu; X11; Linux i686; rv:9.0.1) Gecko/20100101 Firefox/9.0.1"
117.192.83.111 - - [07/Apr/2012:10:02:09 -0700] "GET /AssessmentBar/r/Unassessed_India_articles/ HTTP/1.1" 302 307 "http://en.wikipedia.org/wiki/Tamil_Nadu_football_team" "Mozilla/5.0 (Ubuntu; X11; Linux i686; rv:9.0.1) Gecko/20100101 Firefox/9.0.1"
117.192.83.111 - - [07/Apr/2012:10:02:15 -0700] "-" 400 0 "-" "-"
100.43.83.144 - - [07/Apr/2012:10:02:22 -0700] "GET /blog/devlog-jan-2011.html HTTP/1.1" 200 4720 "-" "Mozilla/5.0 (compatible; YandexBot/3.0; +http://yandex.com/bots)"
117.192.83.111 - - [07/Apr/2012:10:02:26 -0700] "GET /AssessmentBar/r/Unassessed_India_articles/ HTTP/1.1" 302 307 "http://en.wikipedia.org/wiki/Thai-Bharat_Cultural_Lodge" "Mozilla/5.0 (Ubuntu; X11; Linux i686; rv:9.0.1) Gecko/20100101 Firefox/9.0.1"
117.192.83.111 - - [07/Apr/2012:10:02:37 -0700] "GET /AssessmentBar/r/Unassessed_India_articles/ HTTP/1.1" 302 277 "http://en.wikipedia.org/wiki/People%27s_United_Left_Front" "Mozilla/5.0 (Ubuntu; X11; Linux i686; rv:9.0.1) Gecko/20100101 Firefox/9.0.1"
122.164.168.94 - - [07/Apr/2012:10:02:55 -0700] "-" 400 0 "-" "-"
117.204.127.44 - - [07/Apr/2012:10:03:27 -0700] "-" 400 0 "-" "-"
117.192.83.111 - - [07/Apr/2012:10:03:46 -0700] "GET /AssessmentBar/r/Unassessed_India_articles/ HTTP/1.1" 302 281 "http://en.wikipedia.org/wiki/Natekarwada" "Mozilla/5.0 (Ubuntu; X11; Linux i686; rv:9.0.1) Gecko/20100101 Firefox/9.0.1"
117.192.83.111 - - [07/Apr/2012:10:03:51 -0700] "-" 400 0 "-" "-"
117.192.83.111 - - [07/Apr/2012:10:04:12 -0700] "GET /AssessmentBar/r/Unassessed_India_articles/ HTTP/1.1" 302 279 "http://en.wikipedia.org/wiki/Dudley_Savage" "Mozilla/5.0 (Ubuntu; X11; Linux i686; rv:9.0.1) Gecko/20100101 Firefox/9.0.1"
61.245.168.56 - - [07/Apr/2012:10:04:41 -0700] "GET /s/ta/sz7/ HTTP/1.1" 302 337 "http://ta.wikipedia.org/wiki/%E0%AE%9A%E0%AF%80%E0%AE%AE%E0%AE%BE%E0%AE%A9%E0%AF%8D" "Mozilla/5.0 (Windows NT 5.1) AppleWebKit/534.24 (KHTML, like Gecko) Chrome/11.0.696.65 Safari/534.24"
61.245.168.56 - - [07/Apr/2012:10:04:58 -0700] "-" 400 0 "-" "-"
85.17.88.169 - - [07/Apr/2012:10:05:12 -0700] "POST /blog/wp-cron.php?doing_wp_cron=1333818013 HTTP/1.0" 499 0 "-" "WordPress/3.3.1; http://yuvi.in/blog"
209.85.238.112 - - [07/Apr/2012:10:05:13 -0700] "GET /blog/feed HTTP/1.1" 301 0 "-" "Feedfetcher-Google; (+http://www.google.com/feedfetcher.html; 3 subscribers; feed-id=17684830852112633560)"
209.85.238.112 - - [07/Apr/2012:10:05:14 -0700] "GET /blog/feed/ HTTP/1.1" 200 6692 "-" "Feedfetcher-Google; (+http://www.google.com/feedfetcher.html; 3 subscribers; feed-id=17684830852112633560)"
24.7.112.100 - - [07/Apr/2012:10:05:46 -0700] "-" 400 0 "-" "-"
117.192.83.111 - - [07/Apr/2012:10:05:50 -0700] "GET /AssessmentBar/r/Unassessed_India_articles/ HTTP/1.1" 302 299 "http://en.wikipedia.org/wiki/Bala_(actor)" "Mozilla/5.0 (Ubuntu; X11; Linux i686; rv:9.0.1) Gecko/20100101 Firefox/9.0.1"
117.192.83.111 - - [07/Apr/2012:10:05:55 -0700] "-" 400 0 "-" "-"
117.204.127.44 - - [07/Apr/2012:10:06:01 -0700] "-" 400 0 "-" "-"
14.99.6.170 - - [07/Apr/2012:10:06:12 -0700] "-" 400 0 "-" "-"
117.202.135.19 - - [07/Apr/2012:10:06:43 -0700] "-" 400 0 "-" "-"
117.202.135.19 - - [07/Apr/2012:10:06:43 -0700] "-" 400 0 "-" "-"
117.202.135.19 - - [07/Apr/2012:10:06:43 -0700] "-" 400 0 "-" "-"
117.192.83.111 - - [07/Apr/2012:10:06:55 -0700] "GET /AssessmentBar/r/Unassessed_India_articles/ HTTP/1.1" 302 315 "http://en.wikipedia.org/wiki/Konakalla_Narayana_Rao" "Mozilla/5.0 (Ubuntu; X11; Linux i686; rv:9.0.1) Gecko/20100101 Firefox/9.0.1"
117.193.79.87 - - [07/Apr/2012:10:07:37 -0700] "-" 400 0 "-" "-"
117.192.83.111 - - [07/Apr/2012:10:07:44 -0700] "GET /AssessmentBar/r/Unassessed_India_articles/ HTTP/1.1" 302 265 "http://en.wikipedia.org/wiki/National_Highway_No._1_(India)" "Mozilla/5.0 (Ubuntu; X11; Linux i686; rv:9.0.1) Gecko/20100101 Firefox/9.0.1"
117.192.83.111 - - [07/Apr/2012:10:08:12 -0700] "GET /AssessmentBar/r/Unassessed_India_articles/ HTTP/1.1" 302 289 "http://en.wikipedia.org/wiki/Chibb" "Mozilla/5.0 (Ubuntu; X11; Linux i686; rv:9.0.1) Gecko/20100101 Firefox/9.0.1"
209.85.224.83 - - [07/Apr/2012:10:08:34 -0700] "GET /stories/feed HTTP/1.1" 200 13653 "-" "FeedBurner/1.0 (http://www.FeedBurner.com)"
117.192.83.111 - - [07/Apr/2012:10:09:21 -0700] "GET /AssessmentBar/r/Unassessed_India_articles/ HTTP/1.1" 302 273 "http://en.wikipedia.org/wiki/First_Rohilla_War" "Mozilla/5.0 (Ubuntu; X11; Linux i686; rv:9.0.1) Gecko/20100101 Firefox/9.0.1"
117.192.83.111 - - [07/Apr/2012:10:09:26 -0700] "-" 400 0 "-" "-"
14.99.6.170 - - [07/Apr/2012:10:10:13 -0700] "-" 400 0 "-" "-"
115.242.180.90 - - [07/Apr/2012:10:10:34 -0700] "GET /r/1y7a HTTP/1.1" 301 257 "http://ta.wikipedia.org/wiki/%E0%AE%A4%E0%AE%AE%E0%AE%BF%E0%AE%B4%E0%AF%8D%E0%AE%B5%E0%AE%BE%E0%AE%A3%E0%AE%A9%E0%AF%8D" "Mozilla/5.0 (Windows NT 6.1; rv:6.0) Gecko/20100101 Firefox/6.0"
115.242.180.90 - - [07/Apr/2012:10:10:35 -0700] "GET /s/ta/1y7a/ HTTP/1.1" 302 385 "http://ta.wikipedia.org/wiki/%E0%AE%A4%E0%AE%AE%E0%AE%BF%E0%AE%B4%E0%AF%8D%E0%AE%B5%E0%AE%BE%E0%AE%A3%E0%AE%A9%E0%AF%8D" "Mozilla/5.0 (Windows NT 6.1; rv:6.0) Gecko/20100101 Firefox/6.0"
115.242.180.90 - - [07/Apr/2012:10:10:40 -0700] "-" 400 0 "-" "-"
117.204.127.44 - - [07/Apr/2012:10:11:42 -0700] "-" 400 0 "-" "-"
119.63.196.122 - - [07/Apr/2012:10:12:32 -0700] "GET /blog/cheese-gsoc-report-week-4.html HTTP/1.1" 304 0 "-" "Mozilla/5.0 (compatible; Baiduspider/2.0; +http://www.baidu.com/search/spider.html)"
117.192.83.111 - - [07/Apr/2012:10:12:57 -0700] "GET /AssessmentBar/r/Unassessed_India_articles/ HTTP/1.1" 302 285 "http://en.wikipedia.org/wiki/Bagmane_Tech_Park" "Mozilla/5.0 (Ubuntu; X11; Linux i686; rv:9.0.1) Gecko/20100101 Firefox/9.0.1"
117.192.83.111 - - [07/Apr/2012:10:13:01 -0700] "-" 400 0 "-" "-"
69.171.234.0 - - [07/Apr/2012:10:13:23 -0700] "GET /r/1x7m HTTP/1.1" 301 257 "-" "facebookexternalhit/1.1 (+http://www.facebook.com/externalhit_uatext.php)"
157.55.112.203 - - [07/Apr/2012:10:13:24 -0700] "-" 400 0 "-" "-"
69.171.234.1 - - [07/Apr/2012:10:13:26 -0700] "GET /s/ta/1x7m/ HTTP/1.1" 302 513 "-" "facebookexternalhit/1.1 (+http://www.facebook.com/externalhit_uatext.php)"
217.69.133.28 - - [07/Apr/2012:10:13:31 -0700] "GET / HTTP/1.0" 200 3439 "-" "Mail.RU/2.0"
157.55.112.203 - - [07/Apr/2012:10:13:32 -0700] "-" 400 0 "-" "-"
117.192.83.111 - - [07/Apr/2012:10:13:32 -0700] "GET /AssessmentBar/r/Unassessed_India_articles/ HTTP/1.1" 302 285 "http://en.wikipedia.org/wiki/Kamandala_River" "Mozilla/5.0 (Ubuntu; X11; Linux i686; rv:9.0.1) Gecko/20100101 Firefox/9.0.1"
157.55.112.203 - - [07/Apr/2012:10:13:33 -0700] "-" 400 0 "-" "-"
157.55.112.203 - - [07/Apr/2012:10:13:34 -0700] "-" 400 0 "-" "-"
157.55.112.203 - - [07/Apr/2012:10:13:37 -0700] "-" 400 0 "-" "-"
157.55.112.203 - - [07/Apr/2012:10:13:37 -0700] "-" 400 0 "-" "-"
157.55.112.203 - - [07/Apr/2012:10:13:37 -0700] "-" 400 0 "-" "-"
157.55.112.203 - - [07/Apr/2012:10:13:39 -0700] "-" 400 0 "-" "-"
157.55.112.203 - - [07/Apr/2012:10:13:39 -0700] "-" 400 0 "-" "-"
157.55.112.203 - - [07/Apr/2012:10:13:39 -0700] "-" 400 0 "-" "-"
117.193.238.5 - - [07/Apr/2012:10:13:55 -0700] "-" 400 0 "-" "-"
157.55.112.203 - - [07/Apr/2012:10:14:04 -0700] "-" 400 0 "-" "-"
117.192.83.111 - - [07/Apr/2012:10:15:03 -0700] "GET /AssessmentBar/r/Unassessed_India_articles/ HTTP/1.1" 302 271 "http://en.wikipedia.org/wiki/Bardol" "Mozilla/5.0 (Ubuntu; X11; Linux i686; rv:9.0.1) Gecko/20100101 Firefox/9.0.1"
117.192.83.111 - - [07/Apr/2012:10:15:08 -0700] "-" 400 0 "-" "-"
85.17.88.169 - - [07/Apr/2012:10:15:12 -0700] "POST /blog/wp-cron.php?doing_wp_cron=1333818613 HTTP/1.0" 499 0 "-" "WordPress/3.3.1; http://yuvi.in/blog"
69.171.234.0 - - [07/Apr/2012:10:15:13 -0700] "GET /blog/story-average-indian-techie/ HTTP/1.1" 200 14155 "-" "facebookexternalhit/1.1 (+http://www.facebook.com/externalhit_uatext.php)"
117.192.83.111 - - [07/Apr/2012:10:15:20 -0700] "GET /AssessmentBar/r/Unassessed_India_articles/ HTTP/1.1" 302 295 "http://en.wikipedia.org/wiki/Mutharam" "Mozilla/5.0 (Ubuntu; X11; Linux i686; rv:9.0.1) Gecko/20100101 Firefox/9.0.1"
69.171.234.7 - - [07/Apr/2012:10:15:22 -0700] "GET /r/33y1 HTTP/1.1" 301 257 "-" "facebookexternalhit/1.1 (+http://www.facebook.com/externalhit_uatext.php)"
69.171.234.0 - - [07/Apr/2012:10:15:23 -0700] "GET /s/ta/33y1/ HTTP/1.1" 302 615 "-" "facebookexternalhit/1.1 (+http://www.facebook.com/externalhit_uatext.php)"
14.139.187.110 - - [07/Apr/2012:10:15:26 -0700] "-" 400 0 "-" "-"
117.192.83.111 - - [07/Apr/2012:10:16:03 -0700] "GET /AssessmentBar/r/Unassessed_India_articles/ HTTP/1.1" 302 313 "http://en.wikipedia.org/wiki/Daman_and_Diu_Police" "Mozilla/5.0 (Ubuntu; X11; Linux i686; rv:9.0.1) Gecko/20100101 Firefox/9.0.1"
65.52.111.212 - - [07/Apr/2012:10:16:04 -0700] "-" 400 0 "-" "-"
65.52.111.212 - - [07/Apr/2012:10:16:04 -0700] "-" 400 0 "-" "-"
65.52.111.212 - - [07/Apr/2012:10:16:06 -0700] "-" 400 0 "-" "-"
65.52.111.212 - - [07/Apr/2012:10:16:07 -0700] "-" 400 0 "-" "-"
65.52.111.212 - - [07/Apr/2012:10:16:07 -0700] "-" 400 0 "-" "-"
65.52.111.212 - - [07/Apr/2012:10:16:07 -0700] "-" 400 0 "-" "-"
65.52.111.212 - - [07/Apr/2012:10:16:07 -0700] "-" 400 0 "-" "-"
65.52.111.212 - - [07/Apr/2012:10:16:07 -0700] "-" 400 0 "-" "-"
65.52.111.212 - - [07/Apr/2012:10:16:07 -0700] "-" 400 0 "-" "-"
112.79.40.91 - - [07/Apr/2012:10:17:48 -0700] "-" 400 0 "-" "-"
112.79.40.91 - - [07/Apr/2012:10:17:48 -0700] "-" 400 0 "-" "-"
14.139.187.110 - - [07/Apr/2012:10:17:56 -0700] "-" 400 0 "-" "-"
117.192.83.111 - - [07/Apr/2012:10:18:03 -0700] "GET /AssessmentBar/r/Unassessed_India_articles/ HTTP/1.1" 302 275 "http://en.wikipedia.org/wiki/Kannada" "Mozilla/5.0 (Ubuntu; X11; Linux i686; rv:9.0.1) Gecko/20100101 Firefox/9.0.1"
125.63.112.226 - - [07/Apr/2012:10:18:03 -0700] "GET /AssessmentBar/r/Unassessed_India_articles/ HTTP/1.1" 302 313 "http://en.wikipedia.org/wiki/Talk:Baar_di_Boli" "Mozilla/5.0 (Macintosh; Intel Mac OS X 10.7; rv:9.0.1) Gecko/20100101 Firefox/9.0.1"
117.192.83.111 - - [07/Apr/2012:10:18:08 -0700] "-" 400 0 "-" "-"
125.63.112.226 - - [07/Apr/2012:10:18:09 -0700] "-" 400 0 "-" "-"
112.79.40.91 - - [07/Apr/2012:10:18:18 -0700] "-" 400 0 "-" "-"
112.79.40.91 - - [07/Apr/2012:10:18:18 -0700] "-" 400 0 "-" "-"
112.79.40.91 - - [07/Apr/2012:10:18:18 -0700] "-" 400 0 "-" "-"
112.79.40.91 - - [07/Apr/2012:10:18:18 -0700] "-" 400 0 "-" "-"
125.63.112.226 - - [07/Apr/2012:10:19:39 -0700] "GET /AssessmentBar/r/Unassessed_India_articles/ HTTP/1.1" 302 293 "http://en.wikipedia.org/wiki/Tender_Hearts_School,_Lucknow" "Mozilla/5.0 (Macintosh; Intel Mac OS X 10.7; rv:9.0.1) Gecko/20100101 Firefox/9.0.1"
125.63.112.226 - - [07/Apr/2012:10:19:44 -0700] "-" 400 0 "-" "-"
69.171.229.246 - - [07/Apr/2012:10:19:50 -0700] "GET /r/p0f HTTP/1.1" 301 255 "-" "facebookexternalhit/1.1 (+http://www.facebook.com/externalhit_uatext.php)"
69.171.229.249 - - [07/Apr/2012:10:19:51 -0700] "GET /s/ta/p0f/ HTTP/1.1" 302 433 "-" "facebookexternalhit/1.1 (+http://www.facebook.com/externalhit_uatext.php)"
117.192.83.111 - - [07/Apr/2012:10:19:56 -0700] "GET /AssessmentBar/r/Unassessed_India_articles/ HTTP/1.1" 302 279 "http://en.wikipedia.org/wiki/Bangalore%E2%80%93Mysore_Infrastructure_Corridor" "Mozilla/5.0 (Ubuntu; X11; Linux i686; rv:9.0.1) Gecko/20100101 Firefox/9.0.1"
117.192.83.111 - - [07/Apr/2012:10:20:01 -0700] "-" 400 0 "-" "-"
113.193.118.140 - - [07/Apr/2012:10:21:50 -0700] "-" 400 0 "-" "-"
66.220.149.246 - - [07/Apr/2012:10:22:00 -0700] "GET /r/dti HTTP/1.1" 301 255 "-" "facebookexternalhit/1.1 (+http://www.facebook.com/externalhit_uatext.php)"
117.192.83.111 - - [07/Apr/2012:10:22:02 -0700] "GET /AssessmentBar/r/Unassessed_India_articles/ HTTP/1.1" 302 269 "http://en.wikipedia.org/wiki/Aarathi" "Mozilla/5.0 (Ubuntu; X11; Linux i686; rv:9.0.1) Gecko/20100101 Firefox/9.0.1"
125.63.112.226 - - [07/Apr/2012:10:22:04 -0700] "GET /AssessmentBar/r/Unassessed_India_articles/ HTTP/1.1" 302 295 "http://en.wikipedia.org/wiki/Sultanate_of_Mysore" "Mozilla/5.0 (Macintosh; Intel Mac OS X 10.7; rv:9.0.1) Gecko/20100101 Firefox/9.0.1"
117.192.83.111 - - [07/Apr/2012:10:22:07 -0700] "-" 400 0 "-" "-"
66.220.149.246 - - [07/Apr/2012:10:22:07 -0700] "GET /s/ta/dti/ HTTP/1.1" 302 473 "-" "facebookexternalhit/1.1 (+http://www.facebook.com/externalhit_uatext.php)"
66.220.149.249 - - [07/Apr/2012:10:22:09 -0700] "GET /r/25l HTTP/1.1" 301 255 "-" "facebookexternalhit/1.1 (+http://www.facebook.com/externalhit_uatext.php)"
125.63.112.226 - - [07/Apr/2012:10:22:09 -0700] "-" 400 0 "-" "-"
117.204.127.44 - - [07/Apr/2012:10:22:10 -0700] "-" 400 0 "-" "-"
66.220.149.251 - - [07/Apr/2012:10:22:13 -0700] "GET /s/ta/25l/ HTTP/1.1" 302 461 "-" "facebookexternalhit/1.1 (+http://www.facebook.com/externalhit_uatext.php)"
207.46.199.25 - - [07/Apr/2012:10:22:50 -0700] "-" 400 0 "-" "-"
207.46.199.25 - - [07/Apr/2012:10:22:50 -0700] "-" 400 0 "-" "-"
207.46.199.25 - - [07/Apr/2012:10:22:50 -0700] "-" 400 0 "-" "-"
207.46.199.25 - - [07/Apr/2012:10:22:50 -0700] "-" 400 0 "-" "-"
207.46.199.25 - - [07/Apr/2012:10:22:50 -0700] "-" 400 0 "-" "-"
207.46.199.25 - - [07/Apr/2012:10:22:50 -0700] "-" 400 0 "-" "-"
207.46.199.25 - - [07/Apr/2012:10:22:51 -0700] "-" 400 0 "-" "-"
207.46.199.25 - - [07/Apr/2012:10:22:52 -0700] "-" 400 0 "-" "-"
207.46.199.25 - - [07/Apr/2012:10:22:52 -0700] "-" 400 0 "-" "-"
207.46.199.25 - - [07/Apr/2012:10:22:52 -0700] "-" 400 0 "-" "-"
85.17.88.169 - - [07/Apr/2012:10:23:04 -0700] "POST /blog/wp-cron.php?doing_wp_cron=1333819084 HTTP/1.0" 499 0 "-" "WordPress/3.3.1; http://yuvi.in/blog"
209.117.161.166 - - [07/Apr/2012:10:23:10 -0700] "GET /blog/premature-greying/ HTTP/1.1" 200 16287 "-" "-"
207.46.199.25 - - [07/Apr/2012:10:23:35 -0700] "-" 400 0 "-" "-"
69.171.229.247 - - [07/Apr/2012:10:23:36 -0700] "GET /r/p0f HTTP/1.1" 301 255 "-" "facebookexternalhit/1.1 (+http://www.facebook.com/externalhit_uatext.php)"
207.46.199.25 - - [07/Apr/2012:10:23:37 -0700] "-" 400 0 "-" "-"
207.46.199.25 - - [07/Apr/2012:10:23:37 -0700] "-" 400 0 "-" "-"
117.200.11.236 - - [07/Apr/2012:10:23:39 -0700] "-" 400 0 "-" "-"
69.171.229.244 - - [07/Apr/2012:10:23:40 -0700] "GET /s/ta/p0f/ HTTP/1.1" 302 433 "-" "facebookexternalhit/1.1 (+http://www.facebook.com/externalhit_uatext.php)"
150.70.75.37 - - [07/Apr/2012:10:25:13 -0700] "GET /template/js_old/rollover.js HTTP/1.0" 404 571 "-" "Mozilla/4.0 (compatible; MSIE 6.0; Windows NT 5.1)"
150.70.75.37 - - [07/Apr/2012:10:25:14 -0700] "GET /template/js_old/counter.js HTTP/1.0" 404 571 "-" "Mozilla/4.0 (compatible; MSIE 6.0; Windows NT 5.1)"
150.70.75.37 - - [07/Apr/2012:10:25:14 -0700] "GET /template/js/validate.js HTTP/1.0" 404 571 "-" "Mozilla/4.0 (compatible; MSIE 6.0; Windows NT 5.1)"
150.70.75.37 - - [07/Apr/2012:10:25:15 -0700] "GET /template/js_old/popups.js HTTP/1.0" 404 571 "-" "Mozilla/4.0 (compatible; MSIE 6.0; Windows NT 5.1)"
150.70.75.37 - - [07/Apr/2012:10:25:15 -0700] "GET /hof_furni/pir_corner.swf HTTP/1.0" 404 571 "-" "Mozilla/4.0 (compatible; MSIE 6.0; Windows NT 5.1)"
150.70.75.37 - - [07/Apr/2012:10:25:16 -0700] "GET /template/embed/swfobject.js HTTP/1.0" 404 571 "-" "Mozilla/4.0 (compatible; MSIE 6.0; Windows NT 5.1)"
150.70.75.37 - - [07/Apr/2012:10:25:20 -0700] "GET /din.aspx?s=10000440&id=969127113&client=DynGate&p=10001902 HTTP/1.0" 404 571 "-" "Mozilla/4.0 (compatible; MSIE 6.0; Windows NT 5.1)"
150.70.75.37 - - [07/Apr/2012:10:25:20 -0700] "GET /template/flash_old/HarweyNorman_april_640x48pix_30sec.swf HTTP/1.0" 404 571 "-" "Mozilla/4.0 (compatible; MSIE 6.0; Windows NT 5.1)"
150.70.75.37 - - [07/Apr/2012:10:25:23 -0700] "GET /template/js_old/one-at-a-time.js HTTP/1.0" 404 571 "-" "Mozilla/4.0 (compatible; MSIE 6.0; Windows NT 5.1)"
85.17.88.169 - - [07/Apr/2012:10:25:25 -0700] "POST /blog/wp-cron.php?doing_wp_cron=1333819226 HTTP/1.0" 499 0 "-" "WordPress/3.3.1; http://yuvi.in/blog"
66.249.67.108 - - [07/Apr/2012:10:25:26 -0700] "GET /blog/theMarianStar/Nicky.pdf HTTP/1.1" 404 3016 "-" "Googlebot/2.1 (+http://www.google.com/bot.html)"
113.193.118.140 - - [07/Apr/2012:10:25:34 -0700] "-" 400 0 "-" "-"
117.192.83.111 - - [07/Apr/2012:10:26:04 -0700] "GET /AssessmentBar/r/Unassessed_India_articles/ HTTP/1.1" 302 277 "http://en.wikipedia.org/wiki/Gadag-Betageri" "Mozilla/5.0 (Ubuntu; X11; Linux i686; rv:9.0.1) Gecko/20100101 Firefox/9.0.1"
150.70.75.37 - - [07/Apr/2012:10:26:06 -0700] "GET /template/js/jquery.min.js HTTP/1.0" 404 571 "-" "Mozilla/4.0 (compatible; MSIE 6.0; Windows NT 5.1)"
122.167.19.184 - - [07/Apr/2012:10:26:07 -0700] "-" 400 0 "-" "-"
74.125.126.81 - - [07/Apr/2012:10:26:08 -0700] "GET /favicon.ico HTTP/1.1" 404 211 "-" "-"
117.192.83.111 - - [07/Apr/2012:10:26:10 -0700] "-" 400 0 "-" "-"
122.167.19.184 - - [07/Apr/2012:10:27:27 -0700] "-" 400 0 "-" "-"
66.220.147.244 - - [07/Apr/2012:10:27:40 -0700] "GET /r/fmf HTTP/1.1" 301 255 "-" "facebookexternalhit/1.1 (+http://www.facebook.com/externalhit_uatext.php)"
66.220.147.251 - - [07/Apr/2012:10:27:40 -0700] "GET /s/ta/fmf/ HTTP/1.1" 302 349 "-" "facebookexternalhit/1.1 (+http://www.facebook.com/externalhit_uatext.php)"
85.17.88.169 - - [07/Apr/2012:10:28:32 -0700] "POST /blog/wp-cron.php?doing_wp_cron=1333819412 HTTP/1.0" 499 0 "-" "WordPress/3.3.1; http://yuvi.in/blog"
183.82.74.141 - - [07/Apr/2012:10:28:32 -0700] "GET /blog/feed/ HTTP/1.0" 304 0 "-" "FeedDemon/4.0 (http://www.feeddemon.com/; Microsoft Windows)"
125.63.112.226 - - [07/Apr/2012:10:28:33 -0700] "GET /AssessmentBar/r/Unassessed_India_articles/ HTTP/1.1" 302 349 "http://en.wikipedia.org/wiki/2006_in_India" "Mozilla/5.0 (Macintosh; Intel Mac OS X 10.7; rv:9.0.1) Gecko/20100101 Firefox/9.0.1"
85.17.88.169 - - [07/Apr/2012:10:28:37 -0700] "POST /blog/wp-cron.php?doing_wp_cron=1333819418 HTTP/1.0" 499 0 "-" "WordPress/3.3.1; http://yuvi.in/blog"
108.62.85.110 - - [07/Apr/2012:10:28:38 -0700] "GET /blog/ HTTP/1.1" 200 33194 "-" "Mozilla/5.0 (Windows; U; Windows NT 6.1; en-US; rv:1.9.2.16) Gecko/20110319 Firefox/3.6.16"
125.63.112.226 - - [07/Apr/2012:10:28:38 -0700] "-" 400 0 "-" "-"
125.63.112.226 - - [07/Apr/2012:10:28:57 -0700] "GET /AssessmentBar/r/Unassessed_India_articles/ HTTP/1.1" 302 279 "http://en.wikipedia.org/wiki/Zee_Cine_Award_Superstar_of_the_Year_%E2%80%93_Female" "Mozilla/5.0 (Macintosh; Intel Mac OS X 10.7; rv:9.0.1) Gecko/20100101 Firefox/9.0.1"
117.193.249.195 - - [07/Apr/2012:10:29:58 -0700] "-" 400 0 "-" "-"
117.193.249.195 - - [07/Apr/2012:10:29:58 -0700] "-" 400 0 "-" "-"
117.193.249.195 - - [07/Apr/2012:10:29:58 -0700] "-" 400 0 "-" "-"
117.193.249.195 - - [07/Apr/2012:10:29:58 -0700] "-" 400 0 "-" "-"
117.193.249.195 - - [07/Apr/2012:10:29:58 -0700] "-" 400 0 "-" "-"
117.193.249.195 - - [07/Apr/2012:10:30:28 -0700] "-" 400 0 "-" "-"
117.193.249.195 - - [07/Apr/2012:10:30:28 -0700] "-" 400 0 "-" "-"
117.193.249.195 - - [07/Apr/2012:10:30:28 -0700] "-" 400 0 "-" "-"
117.193.249.195 - - [07/Apr/2012:10:30:28 -0700] "-" 400 0 "-" "-"
