98.172.15.254 - - [29/Mar/2012:09:35:38 -0700] "GET / HTTP/1.1" 304 0 "-" "Caffeinated/1.1.1 CFNetwork/520.3.2 Darwin/11.3.0 (x86_64) (MacBookPro8%2C1)"
98.172.15.254 - - [29/Mar/2012:09:35:39 -0700] "GET /favicon.ico HTTP/1.1" 404 169 "-" "Caffeinated/1.1.1 CFNetwork/520.3.2 Darwin/11.3.0 (x86_64) (MacBookPro8%2C1)"
117.201.19.129 - - [29/Mar/2012:09:36:32 -0700] "GET /r/16o3 HTTP/1.1" 301 257 "http://wikimapia.org/8600244/%E0%AE%87%E0%AE%B0%E0%AF%81%E0%AE%95%E0%AF%8D%E0%AE%95%E0%AE%A9%E0%AF%8D%E0%AE%95%E0%AF%81%E0%AE%9F%E0%AE%BF-%E0%AE%AE%E0%AE%BE%E0%AE%B0%E0%AE%BF%E0%AE%AF%E0%AE%AE%E0%AF%8D%E0%AE%AE%E0%AE%A9%E0%AF%8D-%E0%AE%95%E0%AF%8B%E0%AE%AF%E0%AE%BF%E0%AE%B2%E0%AF%8D-Mariamman-Temple-Irukkankudi" "Mozilla/5.0 (Windows NT 5.1) AppleWebKit/535.11 (KHTML, like Gecko) Chrome/17.0.963.83 Safari/535.11"
117.201.19.129 - - [29/Mar/2012:09:36:33 -0700] "GET /s/ta/16o3/ HTTP/1.1" 302 609 "http://wikimapia.org/8600244/%E0%AE%87%E0%AE%B0%E0%AF%81%E0%AE%95%E0%AF%8D%E0%AE%95%E0%AE%A9%E0%AF%8D%E0%AE%95%E0%AF%81%E0%AE%9F%E0%AE%BF-%E0%AE%AE%E0%AE%BE%E0%AE%B0%E0%AE%BF%E0%AE%AF%E0%AE%AE%E0%AF%8D%E0%AE%AE%E0%AE%A9%E0%AF%8D-%E0%AE%95%E0%AF%8B%E0%AE%AF%E0%AE%BF%E0%AE%B2%E0%AF%8D-Mariamman-Temple-Irukkankudi" "Mozilla/5.0 (Windows NT 5.1) AppleWebKit/535.11 (KHTML, like Gecko) Chrome/17.0.963.83 Safari/535.11"
117.201.19.129 - - [29/Mar/2012:09:36:45 -0700] "-" 400 0 "-" "-"
85.17.88.169 - - [29/Mar/2012:09:36:45 -0700] "POST /blog/wp-cron.php?doing_wp_cron=1333038778 HTTP/1.0" 499 0 "-" "WordPress/3.3.1; http://yuvi.in/blog"
128.2.207.79 - - [29/Mar/2012:09:36:46 -0700] "GET /blog/?p=23 HTTP/1.0" 301 0 "http://yuvi.in/blog/abigger-binary-heart/" "Mozilla/5.0 (compatible; lemurwebcrawler admin@lemurproject.org; +http://boston.lti.cs.cmu.edu/crawler_12/)"
98.172.15.254 - - [29/Mar/2012:09:37:37 -0700] "GET /favicon.ico HTTP/1.1" 404 169 "-" "Caffeinated/1.1.1 CFNetwork/520.3.2 Darwin/11.3.0 (x86_64) (MacBookPro8%2C1)"
85.17.88.169 - - [29/Mar/2012:09:38:03 -0700] "POST /blog/wp-cron.php?doing_wp_cron=1333038856 HTTP/1.0" 499 0 "-" "WordPress/3.3.1; http://yuvi.in/blog"
209.85.144.81 - - [29/Mar/2012:09:38:03 -0700] "GET /blog/feed HTTP/1.1" 304 0 "-" "FeedBurner/1.0 (http://www.FeedBurner.com)"
85.17.88.169 - - [29/Mar/2012:09:38:15 -0700] "POST /blog/wp-cron.php?doing_wp_cron=1333038868 HTTP/1.0" 499 0 "-" "WordPress/3.3.1; http://yuvi.in/blog"
209.85.238.244 - - [29/Mar/2012:09:38:16 -0700] "GET /blog/feed HTTP/1.1" 301 0 "-" "Feedfetcher-Google; (+http://www.google.com/feedfetcher.html; 3 subscribers; feed-id=17684830852112633560)"
85.17.88.169 - - [29/Mar/2012:09:38:18 -0700] "POST /blog/wp-cron.php?doing_wp_cron=1333038871 HTTP/1.0" 499 0 "-" "WordPress/3.3.1; http://yuvi.in/blog"
209.85.238.244 - - [29/Mar/2012:09:38:18 -0700] "GET /blog/feed/ HTTP/1.1" 304 0 "-" "Feedfetcher-Google; (+http://www.google.com/feedfetcher.html; 3 subscribers; feed-id=17684830852112633560)"
98.172.15.254 - - [29/Mar/2012:09:39:01 -0700] "GET /favicon.ico HTTP/1.1" 404 169 "-" "Caffeinated/1.1.1 CFNetwork/520.3.2 Darwin/11.3.0 (x86_64) (MacBookPro8%2C1)"
85.17.88.169 - - [29/Mar/2012:09:39:21 -0700] "POST /blog/wp-cron.php?doing_wp_cron=1333038934 HTTP/1.0" 499 0 "-" "WordPress/3.3.1; http://yuvi.in/blog"
128.2.207.79 - - [29/Mar/2012:09:39:21 -0700] "GET /blog/icc-rules-for-backyard-cricket/ HTTP/1.0" 200 16057 "http://yuvi.in/blog/category/uncategorized/" "Mozilla/5.0 (compatible; lemurwebcrawler admin@lemurproject.org; +http://boston.lti.cs.cmu.edu/crawler_12/)"
98.172.15.254 - - [29/Mar/2012:09:40:01 -0700] "GET /favicon.ico HTTP/1.1" 404 169 "-" "Caffeinated/1.1.1 CFNetwork/520.3.2 Darwin/11.3.0 (x86_64) (MacBookPro8%2C1)"
117.193.13.182 - - [29/Mar/2012:09:40:30 -0700] "-" 400 0 "-" "-"
98.172.15.254 - - [29/Mar/2012:09:40:30 -0700] "GET /favicon.ico HTTP/1.1" 404 169 "-" "Caffeinated/1.1.1 CFNetwork/520.3.2 Darwin/11.3.0 (x86_64) (MacBookPro8%2C1)"
157.55.112.202 - - [29/Mar/2012:09:40:36 -0700] "-" 400 0 "-" "-"
117.192.232.23 - - [29/Mar/2012:09:40:40 -0700] "GET /r/1eqr HTTP/1.1" 301 257 "http://ta.wikipedia.org/wiki/%E0%AE%B2%E0%AE%BE%E0%AE%B0%E0%AE%BF_%E0%AE%AA%E0%AF%87%E0%AE%95%E0%AF%8D%E0%AE%95%E0%AE%B0%E0%AF%8D" "Mozilla/5.0 (Windows NT 6.1; WOW64; rv:10.0.2) Gecko/20100101 Firefox/10.0.2"
157.55.112.202 - - [29/Mar/2012:09:40:40 -0700] "-" 400 0 "-" "-"
157.55.112.202 - - [29/Mar/2012:09:40:40 -0700] "-" 400 0 "-" "-"
117.192.232.23 - - [29/Mar/2012:09:40:40 -0700] "GET /s/ta/1eqr/ HTTP/1.1" 302 401 "http://ta.wikipedia.org/wiki/%E0%AE%B2%E0%AE%BE%E0%AE%B0%E0%AE%BF_%E0%AE%AA%E0%AF%87%E0%AE%95%E0%AF%8D%E0%AE%95%E0%AE%B0%E0%AF%8D" "Mozilla/5.0 (Windows NT 6.1; WOW64; rv:10.0.2) Gecko/20100101 Firefox/10.0.2"
157.55.112.202 - - [29/Mar/2012:09:40:40 -0700] "-" 400 0 "-" "-"
157.55.112.202 - - [29/Mar/2012:09:40:40 -0700] "-" 400 0 "-" "-"
157.55.112.202 - - [29/Mar/2012:09:40:41 -0700] "-" 400 0 "-" "-"
157.55.112.202 - - [29/Mar/2012:09:40:42 -0700] "-" 400 0 "-" "-"
157.55.112.202 - - [29/Mar/2012:09:40:42 -0700] "-" 400 0 "-" "-"
157.55.112.202 - - [29/Mar/2012:09:40:43 -0700] "-" 400 0 "-" "-"
157.55.112.202 - - [29/Mar/2012:09:40:43 -0700] "-" 400 0 "-" "-"
123.236.72.54 - - [29/Mar/2012:09:40:44 -0700] "-" 400 0 "-" "-"
117.192.232.23 - - [29/Mar/2012:09:40:45 -0700] "-" 400 0 "-" "-"
115.184.107.80 - - [29/Mar/2012:09:40:45 -0700] "-" 400 0 "-" "-"
85.17.88.169 - - [29/Mar/2012:09:40:46 -0700] "POST /blog/wp-cron.php?doing_wp_cron=1333039019 HTTP/1.0" 499 0 "-" "WordPress/3.3.1; http://yuvi.in/blog"
128.2.207.79 - - [29/Mar/2012:09:40:47 -0700] "GET /blog/?p=66 HTTP/1.0" 301 0 "http://yuvi.in/blog/icc-rules-for-backyard-cricket/" "Mozilla/5.0 (compatible; lemurwebcrawler admin@lemurproject.org; +http://boston.lti.cs.cmu.edu/crawler_12/)"
115.184.107.80 - - [29/Mar/2012:09:40:59 -0700] "-" 400 0 "-" "-"
157.55.112.202 - - [29/Mar/2012:09:41:05 -0700] "-" 400 0 "-" "-"
117.193.13.182 - - [29/Mar/2012:09:41:21 -0700] "-" 400 0 "-" "-"
123.236.72.54 - - [29/Mar/2012:09:41:24 -0700] "-" 400 0 "-" "-"
98.172.15.254 - - [29/Mar/2012:09:41:29 -0700] "GET / HTTP/1.1" 304 0 "-" "Caffeinated/1.1.1 CFNetwork/520.3.2 Darwin/11.3.0 (x86_64) (MacBookPro8%2C1)"
98.172.15.254 - - [29/Mar/2012:09:41:29 -0700] "GET /favicon.ico HTTP/1.1" 404 169 "-" "Caffeinated/1.1.1 CFNetwork/520.3.2 Darwin/11.3.0 (x86_64) (MacBookPro8%2C1)"
123.236.72.54 - - [29/Mar/2012:09:41:54 -0700] "-" 400 0 "-" "-"
98.172.15.254 - - [29/Mar/2012:09:41:59 -0700] "GET /favicon.ico HTTP/1.1" 404 169 "-" "Caffeinated/1.1.1 CFNetwork/520.3.2 Darwin/11.3.0 (x86_64) (MacBookPro8%2C1)"
85.17.88.169 - - [29/Mar/2012:09:42:07 -0700] "POST /blog/wp-cron.php?doing_wp_cron=1333039100 HTTP/1.0" 499 0 "-" "WordPress/3.3.1; http://yuvi.in/blog"
128.2.207.79 - - [29/Mar/2012:09:42:08 -0700] "GET /blog/samsung-n210-review/ HTTP/1.0" 200 18278 "http://yuvi.in/blog/category/uncategorized/" "Mozilla/5.0 (compatible; lemurwebcrawler admin@lemurproject.org; +http://boston.lti.cs.cmu.edu/crawler_12/)"
98.172.15.254 - - [29/Mar/2012:09:42:59 -0700] "GET /favicon.ico HTTP/1.1" 404 169 "-" "Caffeinated/1.1.1 CFNetwork/520.3.2 Darwin/11.3.0 (x86_64) (MacBookPro8%2C1)"
85.17.88.169 - - [29/Mar/2012:09:43:24 -0700] "POST /blog/wp-cron.php?doing_wp_cron=1333039177 HTTP/1.0" 499 0 "-" "WordPress/3.3.1; http://yuvi.in/blog"
128.2.207.79 - - [29/Mar/2012:09:43:25 -0700] "GET /blog/?p=41 HTTP/1.0" 301 0 "http://yuvi.in/blog/samsung-n210-review/" "Mozilla/5.0 (compatible; lemurwebcrawler admin@lemurproject.org; +http://boston.lti.cs.cmu.edu/crawler_12/)"
98.172.15.254 - - [29/Mar/2012:09:43:34 -0700] "GET /favicon.ico HTTP/1.1" 404 169 "-" "Caffeinated/1.1.1 CFNetwork/520.3.2 Darwin/11.3.0 (x86_64) (MacBookPro8%2C1)"
139.18.2.17 - - [29/Mar/2012:09:44:13 -0700] "GET /blog/devlog-april-2011.html HTTP/1.1" 200 12560 "-" "findlinks/2.1.5 (+http://wortschatz.uni-leipzig.de/findlinks/)"
123.236.72.54 - - [29/Mar/2012:09:44:14 -0700] "-" 400 0 "-" "-"
98.172.15.254 - - [29/Mar/2012:09:44:32 -0700] "GET /favicon.ico HTTP/1.1" 404 169 "-" "Caffeinated/1.1.1 CFNetwork/520.3.2 Darwin/11.3.0 (x86_64) (MacBookPro8%2C1)"
98.172.15.254 - - [29/Mar/2012:09:45:01 -0700] "GET /favicon.ico HTTP/1.1" 404 169 "-" "Caffeinated/1.1.1 CFNetwork/520.3.2 Darwin/11.3.0 (x86_64) (MacBookPro8%2C1)"
98.172.15.254 - - [29/Mar/2012:09:46:00 -0700] "GET /favicon.ico HTTP/1.1" 404 169 "-" "Caffeinated/1.1.1 CFNetwork/520.3.2 Darwin/11.3.0 (x86_64) (MacBookPro8%2C1)"
85.17.88.169 - - [29/Mar/2012:09:46:01 -0700] "POST /blog/wp-cron.php?doing_wp_cron=1333039333 HTTP/1.0" 499 0 "-" "WordPress/3.3.1; http://yuvi.in/blog"
128.2.207.79 - - [29/Mar/2012:09:46:01 -0700] "GET /blog/we-must-take-india-as-it-is-jules-verne/ HTTP/1.0" 200 19647 "http://yuvi.in/blog/category/uncategorized/" "Mozilla/5.0 (compatible; lemurwebcrawler admin@lemurproject.org; +http://boston.lti.cs.cmu.edu/crawler_12/)"
98.172.15.254 - - [29/Mar/2012:09:46:32 -0700] "GET / HTTP/1.1" 304 0 "-" "Caffeinated/1.1.1 CFNetwork/520.3.2 Darwin/11.3.0 (x86_64) (MacBookPro8%2C1)"
98.172.15.254 - - [29/Mar/2012:09:46:32 -0700] "GET /favicon.ico HTTP/1.1" 404 169 "-" "Caffeinated/1.1.1 CFNetwork/520.3.2 Darwin/11.3.0 (x86_64) (MacBookPro8%2C1)"
98.172.15.254 - - [29/Mar/2012:09:47:29 -0700] "GET /favicon.ico HTTP/1.1" 404 169 "-" "Caffeinated/1.1.1 CFNetwork/520.3.2 Darwin/11.3.0 (x86_64) (MacBookPro8%2C1)"
123.236.72.54 - - [29/Mar/2012:09:47:44 -0700] "-" 400 0 "-" "-"
69.171.229.250 - - [29/Mar/2012:09:47:48 -0700] "GET /r/1hea HTTP/1.1" 301 257 "-" "facebookexternalhit/1.1 (+http://www.facebook.com/externalhit_uatext.php)"
69.171.229.244 - - [29/Mar/2012:09:47:49 -0700] "GET /s/ta/1hea/ HTTP/1.1" 302 437 "-" "facebookexternalhit/1.1 (+http://www.facebook.com/externalhit_uatext.php)"
98.172.15.254 - - [29/Mar/2012:09:48:01 -0700] "GET /favicon.ico HTTP/1.1" 404 169 "-" "Caffeinated/1.1.1 CFNetwork/520.3.2 Darwin/11.3.0 (x86_64) (MacBookPro8%2C1)"
85.17.88.169 - - [29/Mar/2012:09:48:19 -0700] "POST /blog/wp-cron.php?doing_wp_cron=1333039472 HTTP/1.0" 499 0 "-" "WordPress/3.3.1; http://yuvi.in/blog"
128.2.207.79 - - [29/Mar/2012:09:48:19 -0700] "GET /blog/?p=68 HTTP/1.0" 301 0 "http://yuvi.in/blog/we-must-take-india-as-it-is-jules-verne/" "Mozilla/5.0 (compatible; lemurwebcrawler admin@lemurproject.org; +http://boston.lti.cs.cmu.edu/crawler_12/)"
117.193.248.123 - - [29/Mar/2012:09:48:41 -0700] "-" 400 0 "-" "-"
117.193.248.123 - - [29/Mar/2012:09:48:41 -0700] "-" 400 0 "-" "-"
117.193.248.123 - - [29/Mar/2012:09:48:41 -0700] "-" 400 0 "-" "-"
117.193.248.123 - - [29/Mar/2012:09:48:41 -0700] "-" 400 0 "-" "-"
98.172.15.254 - - [29/Mar/2012:09:49:01 -0700] "GET /favicon.ico HTTP/1.1" 404 169 "-" "Caffeinated/1.1.1 CFNetwork/520.3.2 Darwin/11.3.0 (x86_64) (MacBookPro8%2C1)"
117.193.13.182 - - [29/Mar/2012:09:49:28 -0700] "-" 400 0 "-" "-"
98.172.15.254 - - [29/Mar/2012:09:49:31 -0700] "GET /favicon.ico HTTP/1.1" 404 169 "-" "Caffeinated/1.1.1 CFNetwork/520.3.2 Darwin/11.3.0 (x86_64) (MacBookPro8%2C1)"
122.174.80.73 - - [29/Mar/2012:09:49:53 -0700] "GET /r/1nkh HTTP/1.1" 301 257 "-" "Mozilla/5.0 (Windows; U; Windows NT 6.1; en-US) AppleWebKit/534.0 (KHTML, like Gecko) Chrome/6.0.408.1 Safari/534.0"
122.174.80.73 - - [29/Mar/2012:09:49:54 -0700] "GET /s/ta/1nkh/ HTTP/1.1" 302 347 "-" "Mozilla/5.0 (Windows; U; Windows NT 6.1; en-US) AppleWebKit/534.0 (KHTML, like Gecko) Chrome/6.0.408.1 Safari/534.0"
98.172.15.254 - - [29/Mar/2012:09:50:32 -0700] "GET /favicon.ico HTTP/1.1" 404 169 "-" "Caffeinated/1.1.1 CFNetwork/520.3.2 Darwin/11.3.0 (x86_64) (MacBookPro8%2C1)"
123.236.72.54 - - [29/Mar/2012:09:50:44 -0700] "-" 400 0 "-" "-"
85.17.88.169 - - [29/Mar/2012:09:50:59 -0700] "POST /blog/wp-cron.php?doing_wp_cron=1333039632 HTTP/1.0" 499 0 "-" "WordPress/3.3.1; http://yuvi.in/blog"
128.2.207.79 - - [29/Mar/2012:09:51:00 -0700] "GET /blog/webfaction-review/ HTTP/1.0" 200 16048 "http://yuvi.in/blog/category/uncategorized/" "Mozilla/5.0 (compatible; lemurwebcrawler admin@lemurproject.org; +http://boston.lti.cs.cmu.edu/crawler_12/)"
98.172.15.254 - - [29/Mar/2012:09:51:07 -0700] "GET /favicon.ico HTTP/1.1" 404 169 "-" "Caffeinated/1.1.1 CFNetwork/520.3.2 Darwin/11.3.0 (x86_64) (MacBookPro8%2C1)"
66.220.149.250 - - [29/Mar/2012:09:51:31 -0700] "GET /r/fmf HTTP/1.1" 301 255 "-" "facebookexternalhit/1.1 (+http://www.facebook.com/externalhit_uatext.php)"
66.220.149.247 - - [29/Mar/2012:09:51:31 -0700] "GET /s/ta/fmf/ HTTP/1.1" 302 349 "-" "facebookexternalhit/1.1 (+http://www.facebook.com/externalhit_uatext.php)"
123.125.71.25 - - [29/Mar/2012:09:51:45 -0700] "GET / HTTP/1.1" 200 3439 "-" "Mozilla/5.0 (compatible; Baiduspider/2.0; +http://www.baidu.com/search/spider.html)"
98.172.15.254 - - [29/Mar/2012:09:52:02 -0700] "GET / HTTP/1.1" 304 0 "-" "Caffeinated/1.1.1 CFNetwork/520.3.2 Darwin/11.3.0 (x86_64) (MacBookPro8%2C1)"
98.172.15.254 - - [29/Mar/2012:09:52:02 -0700] "GET /favicon.ico HTTP/1.1" 404 169 "-" "Caffeinated/1.1.1 CFNetwork/520.3.2 Darwin/11.3.0 (x86_64) (MacBookPro8%2C1)"
85.17.88.169 - - [29/Mar/2012:09:52:23 -0700] "POST /blog/wp-cron.php?doing_wp_cron=1333039716 HTTP/1.0" 499 0 "-" "WordPress/3.3.1; http://yuvi.in/blog"
128.2.207.79 - - [29/Mar/2012:09:52:24 -0700] "GET /blog/?p=30 HTTP/1.0" 301 0 "http://yuvi.in/blog/webfaction-review/" "Mozilla/5.0 (compatible; lemurwebcrawler admin@lemurproject.org; +http://boston.lti.cs.cmu.edu/crawler_12/)"
98.172.15.254 - - [29/Mar/2012:09:52:33 -0700] "GET /favicon.ico HTTP/1.1" 404 169 "-" "Caffeinated/1.1.1 CFNetwork/520.3.2 Darwin/11.3.0 (x86_64) (MacBookPro8%2C1)"
220.181.108.88 - - [29/Mar/2012:09:52:47 -0700] "GET / HTTP/1.1" 200 3439 "-" "Mozilla/5.0 (compatible; Baiduspider/2.0; +http://www.baidu.com/search/spider.html)"
98.172.15.254 - - [29/Mar/2012:09:53:34 -0700] "GET /favicon.ico HTTP/1.1" 404 169 "-" "Caffeinated/1.1.1 CFNetwork/520.3.2 Darwin/11.3.0 (x86_64) (MacBookPro8%2C1)"
98.172.15.254 - - [29/Mar/2012:09:54:04 -0700] "GET /favicon.ico HTTP/1.1" 404 169 "-" "Caffeinated/1.1.1 CFNetwork/520.3.2 Darwin/11.3.0 (x86_64) (MacBookPro8%2C1)"
98.172.15.254 - - [29/Mar/2012:09:55:02 -0700] "GET /favicon.ico HTTP/1.1" 404 169 "-" "Caffeinated/1.1.1 CFNetwork/520.3.2 Darwin/11.3.0 (x86_64) (MacBookPro8%2C1)"
85.17.88.169 - - [29/Mar/2012:09:55:02 -0700] "POST /blog/wp-cron.php?doing_wp_cron=1333039875 HTTP/1.0" 499 0 "-" "WordPress/3.3.1; http://yuvi.in/blog"
128.2.207.79 - - [29/Mar/2012:09:55:03 -0700] "GET /blog/devlog-december-26-2011/trackback/ HTTP/1.0" 302 0 "http://yuvi.in/blog/devlog-december-26-2011/" "Mozilla/5.0 (compatible; lemurwebcrawler admin@lemurproject.org; +http://boston.lti.cs.cmu.edu/crawler_12/)"
98.172.15.254 - - [29/Mar/2012:09:55:33 -0700] "GET /favicon.ico HTTP/1.1" 404 169 "-" "Caffeinated/1.1.1 CFNetwork/520.3.2 Darwin/11.3.0 (x86_64) (MacBookPro8%2C1)"
98.172.15.254 - - [29/Mar/2012:09:56:29 -0700] "GET /favicon.ico HTTP/1.1" 404 169 "-" "Caffeinated/1.1.1 CFNetwork/520.3.2 Darwin/11.3.0 (x86_64) (MacBookPro8%2C1)"
98.172.15.254 - - [29/Mar/2012:09:57:01 -0700] "GET /favicon.ico HTTP/1.1" 404 169 "-" "Caffeinated/1.1.1 CFNetwork/520.3.2 Darwin/11.3.0 (x86_64) (MacBookPro8%2C1)"
67.215.230.28 - - [29/Mar/2012:09:57:02 -0700] "GET /robots.txt HTTP/1.0" 404 169 "-" "Setooz/Nutch-1.2 (http://www.setooz.com)"
67.215.230.28 - - [29/Mar/2012:09:57:02 -0700] "GET /stories HTTP/1.0" 301 185 "-" "Setooz/Nutch-1.2 (http://www.setooz.com)"
67.215.230.26 - - [29/Mar/2012:09:57:03 -0700] "GET /robots.txt HTTP/1.0" 404 169 "-" "Setooz/Nutch-1.2 (http://www.setooz.com)"
67.215.230.26 - - [29/Mar/2012:09:57:03 -0700] "GET / HTTP/1.0" 200 3439 "-" "Setooz/Nutch-1.2 (http://www.setooz.com)"
85.17.88.169 - - [29/Mar/2012:09:57:26 -0700] "POST /blog/wp-cron.php?doing_wp_cron=1333040019 HTTP/1.0" 499 0 "-" "WordPress/3.3.1; http://yuvi.in/blog"
128.2.207.79 - - [29/Mar/2012:09:57:27 -0700] "GET /blog/why-i-moved-off-arch-on-my-netbook/ HTTP/1.0" 200 16804 "http://yuvi.in/blog/2010/11/" "Mozilla/5.0 (compatible; lemurwebcrawler admin@lemurproject.org; +http://boston.lti.cs.cmu.edu/crawler_12/)"
98.172.15.254 - - [29/Mar/2012:09:57:58 -0700] "GET / HTTP/1.1" 304 0 "-" "Caffeinated/1.1.1 CFNetwork/520.3.2 Darwin/11.3.0 (x86_64) (MacBookPro8%2C1)"
98.172.15.254 - - [29/Mar/2012:09:57:58 -0700] "GET /favicon.ico HTTP/1.1" 404 169 "-" "Caffeinated/1.1.1 CFNetwork/520.3.2 Darwin/11.3.0 (x86_64) (MacBookPro8%2C1)"
98.172.15.254 - - [29/Mar/2012:09:58:29 -0700] "GET /favicon.ico HTTP/1.1" 404 169 "-" "Caffeinated/1.1.1 CFNetwork/520.3.2 Darwin/11.3.0 (x86_64) (MacBookPro8%2C1)"
208.115.113.85 - - [29/Mar/2012:09:58:38 -0700] "GET /robots.txt HTTP/1.1" 404 238 "-" "Mozilla/5.0 (compatible; Ezooms/1.0; ezooms.bot@gmail.com)"
98.172.15.254 - - [29/Mar/2012:09:59:30 -0700] "GET /favicon.ico HTTP/1.1" 404 169 "-" "Caffeinated/1.1.1 CFNetwork/520.3.2 Darwin/11.3.0 (x86_64) (MacBookPro8%2C1)"
98.172.15.254 - - [29/Mar/2012:09:59:57 -0700] "GET /favicon.ico HTTP/1.1" 404 169 "-" "Caffeinated/1.1.1 CFNetwork/520.3.2 Darwin/11.3.0 (x86_64) (MacBookPro8%2C1)"
85.17.88.169 - - [29/Mar/2012:10:00:09 -0700] "POST /blog/wp-cron.php?doing_wp_cron=1333040182 HTTP/1.0" 499 0 "-" "WordPress/3.3.1; http://yuvi.in/blog"
128.2.207.79 - - [29/Mar/2012:10:00:09 -0700] "GET /blog/why-i-moved-off-arch-on-my-netbook/feed/ HTTP/1.0" 200 782 "http://yuvi.in/blog/why-i-moved-off-arch-on-my-netbook/" "Mozilla/5.0 (compatible; lemurwebcrawler admin@lemurproject.org; +http://boston.lti.cs.cmu.edu/crawler_12/)"
98.172.15.254 - - [29/Mar/2012:10:00:56 -0700] "GET /favicon.ico HTTP/1.1" 404 169 "-" "Caffeinated/1.1.1 CFNetwork/520.3.2 Darwin/11.3.0 (x86_64) (MacBookPro8%2C1)"
98.172.15.254 - - [29/Mar/2012:10:01:23 -0700] "GET /favicon.ico HTTP/1.1" 404 169 "-" "Caffeinated/1.1.1 CFNetwork/520.3.2 Darwin/11.3.0 (x86_64) (MacBookPro8%2C1)"
217.218.62.253 - - [29/Mar/2012:10:02:18 -0700] "GET /robots.txt HTTP/1.0" 404 169 "-" "Kavande Crawler 1.0/Nutch-1.4 ("
85.17.88.169 - - [29/Mar/2012:10:02:20 -0700] "POST /blog/wp-cron.php?doing_wp_cron=1333040313 HTTP/1.0" 499 0 "-" "WordPress/3.3.1; http://yuvi.in/blog"
207.241.237.237 - - [29/Mar/2012:10:02:20 -0700] "GET /robots.txt HTTP/1.0" 404 238 "-" "Mozilla/5.0 (compatible; archive.org_bot +http://www.archive.org/details/archive.org_bot)"
217.218.62.253 - - [29/Mar/2012:10:02:22 -0700] "GET /blog/ HTTP/1.0" 200 33019 "-" "Kavande Crawler 1.0/Nutch-1.4 ("
98.172.15.254 - - [29/Mar/2012:10:02:23 -0700] "GET /favicon.ico HTTP/1.1" 404 169 "-" "Caffeinated/1.1.1 CFNetwork/520.3.2 Darwin/11.3.0 (x86_64) (MacBookPro8%2C1)"
207.241.237.237 - - [29/Mar/2012:10:02:30 -0700] "GET /favicon.ico HTTP/1.0" 404 238 "-" "Mozilla/5.0 (compatible; archive.org_bot +http://www.archive.org/details/archive.org_bot)"
85.17.88.169 - - [29/Mar/2012:10:02:44 -0700] "POST /blog/wp-cron.php?doing_wp_cron=1333040337 HTTP/1.0" 499 0 "-" "WordPress/3.3.1; http://yuvi.in/blog"
128.2.207.79 - - [29/Mar/2012:10:02:44 -0700] "GET /blog/?p=27 HTTP/1.0" 301 0 "http://yuvi.in/blog/why-i-moved-off-arch-on-my-netbook/" "Mozilla/5.0 (compatible; lemurwebcrawler admin@lemurproject.org; +http://boston.lti.cs.cmu.edu/crawler_12/)"
98.172.15.254 - - [29/Mar/2012:10:02:54 -0700] "GET /favicon.ico HTTP/1.1" 404 169 "-" "Caffeinated/1.1.1 CFNetwork/520.3.2 Darwin/11.3.0 (x86_64) (MacBookPro8%2C1)"
85.17.88.169 - - [29/Mar/2012:10:03:07 -0700] "POST /blog/wp-cron.php?doing_wp_cron=1333040360 HTTP/1.0" 499 0 "-" "WordPress/3.3.1; http://yuvi.in/blog"
100.43.83.144 - - [29/Mar/2012:10:03:07 -0700] "GET /blog/broke-nonexistent-law/ HTTP/1.1" 200 9587 "-" "Mozilla/5.0 (compatible; YandexBot/3.0; +http://yandex.com/bots)"
120.61.81.89 - - [29/Mar/2012:10:03:59 -0700] "GET /favicon.ico HTTP/1.1" 404 199 "http://prashanth-kamle.blogspot.in/2010/07/last-day-at-iitb.html" "Mozilla/5.0 (Windows NT 6.1; WOW64) AppleWebKit/535.11 (KHTML, like Gecko) Chrome/17.0.963.83 Safari/535.11"
98.172.15.254 - - [29/Mar/2012:10:04:00 -0700] "GET / HTTP/1.1" 304 0 "-" "Caffeinated/1.1.1 CFNetwork/520.3.2 Darwin/11.3.0 (x86_64) (MacBookPro8%2C1)"
98.172.15.254 - - [29/Mar/2012:10:04:00 -0700] "GET /favicon.ico HTTP/1.1" 404 169 "-" "Caffeinated/1.1.1 CFNetwork/520.3.2 Darwin/11.3.0 (x86_64) (MacBookPro8%2C1)"
128.2.207.79 - - [29/Mar/2012:10:04:06 -0700] "GET /blog/running-archlinux.html HTTP/1.0" 200 6760 "http://yuvi.in/blog/2010/11/" "Mozilla/5.0 (compatible; lemurwebcrawler admin@lemurproject.org; +http://boston.lti.cs.cmu.edu/crawler_12/)"
120.61.81.89 - - [29/Mar/2012:10:04:14 -0700] "-" 400 0 "-" "-"
117.193.188.204 - - [29/Mar/2012:10:04:14 -0700] "-" 400 0 "-" "-"
98.172.15.254 - - [29/Mar/2012:10:04:53 -0700] "GET /favicon.ico HTTP/1.1" 404 169 "-" "Caffeinated/1.1.1 CFNetwork/520.3.2 Darwin/11.3.0 (x86_64) (MacBookPro8%2C1)"
98.172.15.254 - - [29/Mar/2012:10:05:35 -0700] "GET /favicon.ico HTTP/1.1" 404 169 "-" "Caffeinated/1.1.1 CFNetwork/520.3.2 Darwin/11.3.0 (x86_64) (MacBookPro8%2C1)"
117.193.188.204 - - [29/Mar/2012:10:05:44 -0700] "-" 400 0 "-" "-"
98.172.15.254 - - [29/Mar/2012:10:06:33 -0700] "GET /favicon.ico HTTP/1.1" 404 169 "-" "Caffeinated/1.1.1 CFNetwork/520.3.2 Darwin/11.3.0 (x86_64) (MacBookPro8%2C1)"
85.17.88.169 - - [29/Mar/2012:10:06:48 -0700] "POST /blog/wp-cron.php?doing_wp_cron=1333040581 HTTP/1.0" 499 0 "-" "WordPress/3.3.1; http://yuvi.in/blog"
128.2.207.79 - - [29/Mar/2012:10:06:53 -0700] "GET /blog/how-to-increase-cheeses-burst-mode-photo-count/ HTTP/1.0" 200 16666 "http://yuvi.in/blog/2010/11/" "Mozilla/5.0 (compatible; lemurwebcrawler admin@lemurproject.org; +http://boston.lti.cs.cmu.edu/crawler_12/)"
98.172.15.254 - - [29/Mar/2012:10:07:00 -0700] "GET /favicon.ico HTTP/1.1" 404 169 "-" "Caffeinated/1.1.1 CFNetwork/520.3.2 Darwin/11.3.0 (x86_64) (MacBookPro8%2C1)"
98.172.15.254 - - [29/Mar/2012:10:08:00 -0700] "GET /favicon.ico HTTP/1.1" 404 169 "-" "Caffeinated/1.1.1 CFNetwork/520.3.2 Darwin/11.3.0 (x86_64) (MacBookPro8%2C1)"
85.54.140.144 - - [29/Mar/2012:10:08:11 -0700] "GET /blog/how-to-increase-cheese-s-burst-mode-photo-count.html HTTP/1.1" 200 2407 "-" "Mozilla/5.0 (X11; Linux i686) AppleWebKit/535.11 (KHTML, like Gecko) Ubuntu/11.10 Chromium/17.0.963.79 Chrome/17.0.963.79 Safari/535.11"
85.54.140.144 - - [29/Mar/2012:10:08:11 -0700] "GET /blog/static/style.css HTTP/1.1" 200 4753 "http://yuvi.in/blog/how-to-increase-cheese-s-burst-mode-photo-count.html" "Mozilla/5.0 (X11; Linux i686) AppleWebKit/535.11 (KHTML, like Gecko) Ubuntu/11.10 Chromium/17.0.963.79 Chrome/17.0.963.79 Safari/535.11"
85.54.140.144 - - [29/Mar/2012:10:08:11 -0700] "GET /blog/static/codehilite.css HTTP/1.1" 200 4012 "http://yuvi.in/blog/how-to-increase-cheese-s-burst-mode-photo-count.html" "Mozilla/5.0 (X11; Linux i686) AppleWebKit/535.11 (KHTML, like Gecko) Ubuntu/11.10 Chromium/17.0.963.79 Chrome/17.0.963.79 Safari/535.11"
85.54.140.144 - - [29/Mar/2012:10:08:13 -0700] "GET /favicon.ico HTTP/1.1" 404 199 "-" "Mozilla/5.0 (X11; Linux i686) AppleWebKit/535.11 (KHTML, like Gecko) Ubuntu/11.10 Chromium/17.0.963.79 Chrome/17.0.963.79 Safari/535.11"
85.54.140.144 - - [29/Mar/2012:10:08:14 -0700] "GET /favicon.ico HTTP/1.1" 404 199 "-" "Mozilla/5.0 (X11; Linux i686) AppleWebKit/535.11 (KHTML, like Gecko) Ubuntu/11.10 Chromium/17.0.963.79 Chrome/17.0.963.79 Safari/535.11"
85.54.140.144 - - [29/Mar/2012:10:08:14 -0700] "GET /favicon.ico HTTP/1.1" 404 199 "-" "Mozilla/5.0 (X11; Linux i686) AppleWebKit/535.11 (KHTML, like Gecko) Ubuntu/11.10 Chromium/17.0.963.79 Chrome/17.0.963.79 Safari/535.11"
85.54.140.144 - - [29/Mar/2012:10:08:15 -0700] "GET /favicon.ico HTTP/1.1" 404 199 "-" "Mozilla/5.0 (X11; Linux i686) AppleWebKit/535.11 (KHTML, like Gecko) Ubuntu/11.10 Chromium/17.0.963.79 Chrome/17.0.963.79 Safari/535.11"
85.17.88.169 - - [29/Mar/2012:10:08:15 -0700] "POST /blog/wp-cron.php?doing_wp_cron=1333040668 HTTP/1.0" 499 0 "-" "WordPress/3.3.1; http://yuvi.in/blog"
209.85.224.93 - - [29/Mar/2012:10:08:16 -0700] "GET /blog/feed HTTP/1.1" 304 0 "-" "FeedBurner/1.0 (http://www.FeedBurner.com)"
122.174.55.110 - - [29/Mar/2012:10:08:18 -0700] "-" 400 0 "-" "-"
122.174.55.110 - - [29/Mar/2012:10:08:18 -0700] "-" 400 0 "-" "-"
122.174.55.110 - - [29/Mar/2012:10:08:18 -0700] "-" 400 0 "-" "-"
122.174.55.110 - - [29/Mar/2012:10:08:18 -0700] "-" 400 0 "-" "-"
98.172.15.254 - - [29/Mar/2012:10:08:28 -0700] "GET /favicon.ico HTTP/1.1" 404 169 "-" "Caffeinated/1.1.1 CFNetwork/520.3.2 Darwin/11.3.0 (x86_64) (MacBookPro8%2C1)"
85.54.140.144 - - [29/Mar/2012:10:08:28 -0700] "-" 400 0 "-" "-"
85.17.88.169 - - [29/Mar/2012:10:09:18 -0700] "POST /blog/wp-cron.php?doing_wp_cron=1333040731 HTTP/1.0" 499 0 "-" "WordPress/3.3.1; http://yuvi.in/blog"
128.2.207.79 - - [29/Mar/2012:10:09:19 -0700] "GET /blog/how-to-increase-cheeses-burst-mode-photo-count/feed/ HTTP/1.0" 200 823 "http://yuvi.in/blog/how-to-increase-cheeses-burst-mode-photo-count/" "Mozilla/5.0 (compatible; lemurwebcrawler admin@lemurproject.org; +http://boston.lti.cs.cmu.edu/crawler_12/)"
98.172.15.254 - - [29/Mar/2012:10:09:26 -0700] "GET / HTTP/1.1" 304 0 "-" "Caffeinated/1.1.1 CFNetwork/520.3.2 Darwin/11.3.0 (x86_64) (MacBookPro8%2C1)"
98.172.15.254 - - [29/Mar/2012:10:09:26 -0700] "GET /favicon.ico HTTP/1.1" 404 169 "-" "Caffeinated/1.1.1 CFNetwork/520.3.2 Darwin/11.3.0 (x86_64) (MacBookPro8%2C1)"
98.172.15.254 - - [29/Mar/2012:10:09:53 -0700] "GET /favicon.ico HTTP/1.1" 404 169 "-" "Caffeinated/1.1.1 CFNetwork/520.3.2 Darwin/11.3.0 (x86_64) (MacBookPro8%2C1)"
120.61.81.89 - - [29/Mar/2012:10:10:18 -0700] "GET /favicon.ico HTTP/1.1" 404 199 "http://prashanth-kamle.blogspot.in/2010/07/navjot-sidhus-funny-and-inspiring-talk.html" "Mozilla/5.0 (Windows NT 6.1; WOW64) AppleWebKit/535.11 (KHTML, like Gecko) Chrome/17.0.963.83 Safari/535.11"
120.61.81.89 - - [29/Mar/2012:10:10:34 -0700] "-" 400 0 "-" "-"
98.172.15.254 - - [29/Mar/2012:10:10:50 -0700] "GET /favicon.ico HTTP/1.1" 404 169 "-" "Caffeinated/1.1.1 CFNetwork/520.3.2 Darwin/11.3.0 (x86_64) (MacBookPro8%2C1)"
98.172.15.254 - - [29/Mar/2012:10:11:19 -0700] "GET /favicon.ico HTTP/1.1" 404 169 "-" "Caffeinated/1.1.1 CFNetwork/520.3.2 Darwin/11.3.0 (x86_64) (MacBookPro8%2C1)"
85.17.88.169 - - [29/Mar/2012:10:11:44 -0700] "POST /blog/wp-cron.php?doing_wp_cron=1333040877 HTTP/1.0" 499 0 "-" "WordPress/3.3.1; http://yuvi.in/blog"
128.2.207.79 - - [29/Mar/2012:10:11:45 -0700] "GET /blog/?p=28 HTTP/1.0" 301 0 "http://yuvi.in/blog/how-to-increase-cheeses-burst-mode-photo-count/" "Mozilla/5.0 (compatible; lemurwebcrawler admin@lemurproject.org; +http://boston.lti.cs.cmu.edu/crawler_12/)"
98.172.15.254 - - [29/Mar/2012:10:12:19 -0700] "GET /favicon.ico HTTP/1.1" 404 169 "-" "Caffeinated/1.1.1 CFNetwork/520.3.2 Darwin/11.3.0 (x86_64) (MacBookPro8%2C1)"
223.235.159.154 - - [29/Mar/2012:10:12:42 -0700] "GET /r/gxp HTTP/1.1" 301 255 "http://ta.wikipedia.org/wiki/%E0%AE%87%E0%AE%9F_%E0%AE%92%E0%AE%A4%E0%AF%81%E0%AE%95%E0%AF%8D%E0%AE%95%E0%AF%80%E0%AE%9F%E0%AF%81" "Mozilla/4.0 (compatible; MSIE 8.0; Windows NT 6.1; Trident/4.0; SLCC2; .NET CLR 2.0.50727; .NET CLR 3.5.30729; .NET CLR 3.0.30729; Media Center PC 6.0)"
223.235.159.154 - - [29/Mar/2012:10:12:45 -0700] "GET /s/ta/gxp/ HTTP/1.1" 302 401 "http://ta.wikipedia.org/wiki/%E0%AE%87%E0%AE%9F_%E0%AE%92%E0%AE%A4%E0%AF%81%E0%AE%95%E0%AF%8D%E0%AE%95%E0%AF%80%E0%AE%9F%E0%AF%81" "Mozilla/4.0 (compatible; MSIE 8.0; Windows NT 6.1; Trident/4.0; SLCC2; .NET CLR 2.0.50727; .NET CLR 3.5.30729; .NET CLR 3.0.30729; Media Center PC 6.0)"
98.172.15.254 - - [29/Mar/2012:10:12:50 -0700] "GET /favicon.ico HTTP/1.1" 404 169 "-" "Caffeinated/1.1.1 CFNetwork/520.3.2 Darwin/11.3.0 (x86_64) (MacBookPro8%2C1)"
223.235.159.154 - - [29/Mar/2012:10:13:34 -0700] "GET /r/gxp HTTP/1.1" 301 255 "-" "Mozilla/4.0 (compatible; MSIE 8.0; Windows NT 6.1; Trident/4.0; SLCC2; .NET CLR 2.0.50727; .NET CLR 3.5.30729; .NET CLR 3.0.30729; Media Center PC 6.0)"
223.235.159.154 - - [29/Mar/2012:10:13:37 -0700] "GET /s/ta/gxp/ HTTP/1.1" 302 401 "-" "Mozilla/4.0 (compatible; MSIE 8.0; Windows NT 6.1; Trident/4.0; SLCC2; .NET CLR 2.0.50727; .NET CLR 3.5.30729; .NET CLR 3.0.30729; Media Center PC 6.0)"
223.235.159.154 - - [29/Mar/2012:10:13:45 -0700] "GET /r/gxp HTTP/1.1" 301 255 "-" "Mozilla/4.0 (compatible; MSIE 8.0; Windows NT 6.1; Trident/4.0; SLCC2; .NET CLR 2.0.50727; .NET CLR 3.5.30729; .NET CLR 3.0.30729; Media Center PC 6.0)"
223.235.159.154 - - [29/Mar/2012:10:13:48 -0700] "GET /s/ta/gxp/ HTTP/1.1" 302 401 "-" "Mozilla/4.0 (compatible; MSIE 8.0; Windows NT 6.1; Trident/4.0; SLCC2; .NET CLR 2.0.50727; .NET CLR 3.5.30729; .NET CLR 3.0.30729; Media Center PC 6.0)"
98.172.15.254 - - [29/Mar/2012:10:13:49 -0700] "GET /favicon.ico HTTP/1.1" 404 169 "-" "Caffeinated/1.1.1 CFNetwork/520.3.2 Darwin/11.3.0 (x86_64) (MacBookPro8%2C1)"
223.235.159.154 - - [29/Mar/2012:10:13:59 -0700] "GET / HTTP/1.1" 404 211 "-" "Mozilla/4.0 (compatible; MSIE 8.0; Windows NT 6.1; Trident/4.0; SLCC2; .NET CLR 2.0.50727; .NET CLR 3.5.30729; .NET CLR 3.0.30729; Media Center PC 6.0)"
98.172.15.254 - - [29/Mar/2012:10:14:18 -0700] "GET /favicon.ico HTTP/1.1" 404 169 "-" "Caffeinated/1.1.1 CFNetwork/520.3.2 Darwin/11.3.0 (x86_64) (MacBookPro8%2C1)"
85.17.88.169 - - [29/Mar/2012:10:14:19 -0700] "POST /blog/wp-cron.php?doing_wp_cron=1333041032 HTTP/1.0" 499 0 "-" "WordPress/3.3.1; http://yuvi.in/blog"
128.2.207.79 - - [29/Mar/2012:10:14:19 -0700] "GET /blog/my-first-accepted-patch/ HTTP/1.0" 200 16714 "http://yuvi.in/blog/2010/05/" "Mozilla/5.0 (compatible; lemurwebcrawler admin@lemurproject.org; +http://boston.lti.cs.cmu.edu/crawler_12/)"
98.172.15.254 - - [29/Mar/2012:10:15:18 -0700] "GET / HTTP/1.1" 304 0 "-" "Caffeinated/1.1.1 CFNetwork/520.3.2 Darwin/11.3.0 (x86_64) (MacBookPro8%2C1)"
98.172.15.254 - - [29/Mar/2012:10:15:18 -0700] "GET /favicon.ico HTTP/1.1" 404 169 "-" "Caffeinated/1.1.1 CFNetwork/520.3.2 Darwin/11.3.0 (x86_64) (MacBookPro8%2C1)"
98.172.15.254 - - [29/Mar/2012:10:15:46 -0700] "GET /favicon.ico HTTP/1.1" 404 169 "-" "Caffeinated/1.1.1 CFNetwork/520.3.2 Darwin/11.3.0 (x86_64) (MacBookPro8%2C1)"
85.17.88.169 - - [29/Mar/2012:10:15:59 -0700] "POST /blog/wp-cron.php?doing_wp_cron=1333041132 HTTP/1.0" 499 0 "-" "WordPress/3.3.1; http://yuvi.in/blog"
128.2.207.79 - - [29/Mar/2012:10:16:04 -0700] "GET /blog/my-first-accepted-patch/feed/ HTTP/1.0" 200 748 "http://yuvi.in/blog/my-first-accepted-patch/" "Mozilla/5.0 (compatible; lemurwebcrawler admin@lemurproject.org; +http://boston.lti.cs.cmu.edu/crawler_12/)"
98.172.15.254 - - [29/Mar/2012:10:16:43 -0700] "GET /favicon.ico HTTP/1.1" 404 169 "-" "Caffeinated/1.1.1 CFNetwork/520.3.2 Darwin/11.3.0 (x86_64) (MacBookPro8%2C1)"
66.220.146.246 - - [29/Mar/2012:10:16:46 -0700] "GET /stories/it-s-never-over.html HTTP/1.1" 200 1780 "-" "facebookexternalhit/1.1 (+http://www.facebook.com/externalhit_uatext.php)"
98.172.15.254 - - [29/Mar/2012:10:17:11 -0700] "GET /favicon.ico HTTP/1.1" 404 169 "-" "Caffeinated/1.1.1 CFNetwork/520.3.2 Darwin/11.3.0 (x86_64) (MacBookPro8%2C1)"
122.164.49.40 - - [29/Mar/2012:10:17:15 -0700] "GET / HTTP/1.1" 200 1430 "-" "Mozilla/5.0 (Windows NT 6.2) AppleWebKit/535.11 (KHTML, like Gecko) Chrome/17.0.963.83 Safari/535.11"
122.164.49.40 - - [29/Mar/2012:10:17:15 -0700] "GET /blueprint/screen.css HTTP/1.1" 200 12058 "http://yuvi.in/" "Mozilla/5.0 (Windows NT 6.2) AppleWebKit/535.11 (KHTML, like Gecko) Chrome/17.0.963.83 Safari/535.11"
122.164.49.40 - - [29/Mar/2012:10:17:16 -0700] "GET /blueprint/print.css HTTP/1.1" 200 1284 "http://yuvi.in/" "Mozilla/5.0 (Windows NT 6.2) AppleWebKit/535.11 (KHTML, like Gecko) Chrome/17.0.963.83 Safari/535.11"
122.164.49.40 - - [29/Mar/2012:10:17:16 -0700] "GET /header.png HTTP/1.1" 200 14249 "http://yuvi.in/" "Mozilla/5.0 (Windows NT 6.2) AppleWebKit/535.11 (KHTML, like Gecko) Chrome/17.0.963.83 Safari/535.11"
122.164.49.40 - - [29/Mar/2012:10:17:17 -0700] "GET /favicon.ico HTTP/1.1" 404 199 "-" "Mozilla/5.0 (Windows NT 6.2) AppleWebKit/535.11 (KHTML, like Gecko) Chrome/17.0.963.83 Safari/535.11"
122.164.49.40 - - [29/Mar/2012:10:17:20 -0700] "GET /blog HTTP/1.1" 301 178 "http://yuvi.in/" "Mozilla/5.0 (Windows NT 6.2) AppleWebKit/535.11 (KHTML, like Gecko) Chrome/17.0.963.83 Safari/535.11"
85.17.88.169 - - [29/Mar/2012:10:17:22 -0700] "POST /blog/wp-cron.php?doing_wp_cron=1333041215 HTTP/1.0" 499 0 "-" "WordPress/3.3.1; http://yuvi.in/blog"
122.164.49.40 - - [29/Mar/2012:10:17:22 -0700] "GET /blog/ HTTP/1.1" 200 9194 "http://yuvi.in/" "Mozilla/5.0 (Windows NT 6.2) AppleWebKit/535.11 (KHTML, like Gecko) Chrome/17.0.963.83 Safari/535.11"
122.164.49.40 - - [29/Mar/2012:10:17:23 -0700] "GET /blog/wp-content/themes/cleanr/style.css HTTP/1.1" 200 10508 "http://yuvi.in/blog/" "Mozilla/5.0 (Windows NT 6.2) AppleWebKit/535.11 (KHTML, like Gecko) Chrome/17.0.963.83 Safari/535.11"
122.164.49.40 - - [29/Mar/2012:10:17:23 -0700] "GET /blog/wp-content/themes/cleanr/js/jquery.dropdown.js?ver=3.3.1 HTTP/1.1" 200 535 "http://yuvi.in/blog/" "Mozilla/5.0 (Windows NT 6.2) AppleWebKit/535.11 (KHTML, like Gecko) Chrome/17.0.963.83 Safari/535.11"
122.164.49.40 - - [29/Mar/2012:10:17:24 -0700] "GET /blog/wp-content/themes/cleanr/css/text.css HTTP/1.1" 200 420 "http://yuvi.in/blog/" "Mozilla/5.0 (Windows NT 6.2) AppleWebKit/535.11 (KHTML, like Gecko) Chrome/17.0.963.83 Safari/535.11"
122.164.49.40 - - [29/Mar/2012:10:17:24 -0700] "GET /blog/wp-content/themes/cleanr/css/reset.css HTTP/1.1" 200 648 "http://yuvi.in/blog/" "Mozilla/5.0 (Windows NT 6.2) AppleWebKit/535.11 (KHTML, like Gecko) Chrome/17.0.963.83 Safari/535.11"
122.164.49.40 - - [29/Mar/2012:10:17:24 -0700] "GET /blog/wp-content/themes/cleanr/css/960.css HTTP/1.1" 200 3628 "http://yuvi.in/blog/" "Mozilla/5.0 (Windows NT 6.2) AppleWebKit/535.11 (KHTML, like Gecko) Chrome/17.0.963.83 Safari/535.11"
122.164.49.40 - - [29/Mar/2012:10:17:25 -0700] "GET /blog/wp-includes/js/jquery/jquery.js?ver=1.7.1 HTTP/1.1" 200 93889 "http://yuvi.in/blog/" "Mozilla/5.0 (Windows NT 6.2) AppleWebKit/535.11 (KHTML, like Gecko) Chrome/17.0.963.83 Safari/535.11"
122.164.49.40 - - [29/Mar/2012:10:17:29 -0700] "GET /blog/wp-content/themes/cleanr/images/search_magnifier.gif HTTP/1.1" 200 394 "http://yuvi.in/blog/" "Mozilla/5.0 (Windows NT 6.2) AppleWebKit/535.11 (KHTML, like Gecko) Chrome/17.0.963.83 Safari/535.11"
209.85.224.83 - - [29/Mar/2012:10:18:00 -0700] "GET /stories/feed HTTP/1.1" 200 13653 "-" "FeedBurner/1.0 (http://www.FeedBurner.com)"
98.172.15.254 - - [29/Mar/2012:10:18:09 -0700] "GET /favicon.ico HTTP/1.1" 404 169 "-" "Caffeinated/1.1.1 CFNetwork/520.3.2 Darwin/11.3.0 (x86_64) (MacBookPro8%2C1)"
122.164.49.40 - - [29/Mar/2012:10:18:14 -0700] "GET /favicon.ico HTTP/1.1" 404 199 "-" "Mozilla/5.0 (Windows NT 6.2) AppleWebKit/535.11 (KHTML, like Gecko) Chrome/17.0.963.83 Safari/535.11"
220.181.108.83 - - [29/Mar/2012:10:18:27 -0700] "GET / HTTP/1.1" 304 0 "-" "Mozilla/5.0 (compatible; Baiduspider/2.0; +http://www.baidu.com/search/spider.html)"
98.172.15.254 - - [29/Mar/2012:10:18:37 -0700] "GET /favicon.ico HTTP/1.1" 404 169 "-" "Caffeinated/1.1.1 CFNetwork/520.3.2 Darwin/11.3.0 (x86_64) (MacBookPro8%2C1)"
208.115.113.84 - - [29/Mar/2012:10:19:02 -0700] "GET /robots.txt HTTP/1.1" 404 169 "-" "Mozilla/5.0 (compatible; Ezooms/1.0; ezooms.bot@gmail.com)"
85.17.88.169 - - [29/Mar/2012:10:19:28 -0700] "POST /blog/wp-cron.php?doing_wp_cron=1333041341 HTTP/1.0" 499 0 "-" "WordPress/3.3.1; http://yuvi.in/blog"
128.2.207.79 - - [29/Mar/2012:10:19:28 -0700] "GET /blog/?p=50 HTTP/1.0" 301 0 "http://yuvi.in/blog/my-first-accepted-patch/" "Mozilla/5.0 (compatible; lemurwebcrawler admin@lemurproject.org; +http://boston.lti.cs.cmu.edu/crawler_12/)"
98.172.15.254 - - [29/Mar/2012:10:19:35 -0700] "GET /favicon.ico HTTP/1.1" 404 169 "-" "Caffeinated/1.1.1 CFNetwork/520.3.2 Darwin/11.3.0 (x86_64) (MacBookPro8%2C1)"
98.172.15.254 - - [29/Mar/2012:10:20:03 -0700] "GET /favicon.ico HTTP/1.1" 404 169 "-" "Caffeinated/1.1.1 CFNetwork/520.3.2 Darwin/11.3.0 (x86_64) (MacBookPro8%2C1)"
85.17.88.169 - - [29/Mar/2012:10:20:50 -0700] "POST /blog/wp-cron.php?doing_wp_cron=1333041423 HTTP/1.0" 499 0 "-" "WordPress/3.3.1; http://yuvi.in/blog"
122.164.49.40 - - [29/Mar/2012:10:20:50 -0700] "GET /blog/college-drop/ HTTP/1.1" 200 4510 "-" "Mozilla/5.0 (Windows NT 6.2) AppleWebKit/535.11 (KHTML, like Gecko) Chrome/17.0.963.83 Safari/535.11"
122.164.49.40 - - [29/Mar/2012:10:20:51 -0700] "GET /blog/wp-content/themes/cleanr/style.css HTTP/1.1" 304 0 "http://yuvi.in/blog/college-drop/" "Mozilla/5.0 (Windows NT 6.2) AppleWebKit/535.11 (KHTML, like Gecko) Chrome/17.0.963.83 Safari/535.11"
122.164.49.40 - - [29/Mar/2012:10:20:51 -0700] "GET /blog/wp-includes/js/jquery/jquery.js?ver=1.7.1 HTTP/1.1" 304 0 "http://yuvi.in/blog/college-drop/" "Mozilla/5.0 (Windows NT 6.2) AppleWebKit/535.11 (KHTML, like Gecko) Chrome/17.0.963.83 Safari/535.11"
122.164.49.40 - - [29/Mar/2012:10:20:51 -0700] "GET /blog/wp-content/themes/cleanr/js/jquery.dropdown.js?ver=3.3.1 HTTP/1.1" 304 0 "http://yuvi.in/blog/college-drop/" "Mozilla/5.0 (Windows NT 6.2) AppleWebKit/535.11 (KHTML, like Gecko) Chrome/17.0.963.83 Safari/535.11"
122.164.49.40 - - [29/Mar/2012:10:20:52 -0700] "GET /blog/wp-content/themes/cleanr/css/reset.css HTTP/1.1" 304 0 "http://yuvi.in/blog/college-drop/" "Mozilla/5.0 (Windows NT 6.2) AppleWebKit/535.11 (KHTML, like Gecko) Chrome/17.0.963.83 Safari/535.11"
122.164.49.40 - - [29/Mar/2012:10:20:52 -0700] "GET /blog/wp-content/themes/cleanr/css/text.css HTTP/1.1" 304 0 "http://yuvi.in/blog/college-drop/" "Mozilla/5.0 (Windows NT 6.2) AppleWebKit/535.11 (KHTML, like Gecko) Chrome/17.0.963.83 Safari/535.11"
122.164.49.40 - - [29/Mar/2012:10:20:52 -0700] "GET /blog/wp-content/themes/cleanr/css/960.css HTTP/1.1" 304 0 "http://yuvi.in/blog/college-drop/" "Mozilla/5.0 (Windows NT 6.2) AppleWebKit/535.11 (KHTML, like Gecko) Chrome/17.0.963.83 Safari/535.11"
122.164.49.40 - - [29/Mar/2012:10:20:52 -0700] "GET /blog/wp-content/themes/cleanr/images/search_magnifier.gif HTTP/1.1" 304 0 "http://yuvi.in/blog/college-drop/" "Mozilla/5.0 (Windows NT 6.2) AppleWebKit/535.11 (KHTML, like Gecko) Chrome/17.0.963.83 Safari/535.11"
122.164.49.40 - - [29/Mar/2012:10:20:53 -0700] "GET /favicon.ico HTTP/1.1" 404 199 "-" "Mozilla/5.0 (Windows NT 6.2) AppleWebKit/535.11 (KHTML, like Gecko) Chrome/17.0.963.83 Safari/535.11"
122.164.49.40 - - [29/Mar/2012:10:20:54 -0700] "GET /favicon.ico HTTP/1.1" 404 199 "-" "Mozilla/5.0 (Windows NT 6.2) AppleWebKit/535.11 (KHTML, like Gecko) Chrome/17.0.963.83 Safari/535.11"
122.164.49.40 - - [29/Mar/2012:10:20:55 -0700] "GET /favicon.ico HTTP/1.1" 404 199 "-" "Mozilla/5.0 (Windows NT 6.2) AppleWebKit/535.11 (KHTML, like Gecko) Chrome/17.0.963.83 Safari/535.11"
122.164.49.40 - - [29/Mar/2012:10:20:55 -0700] "GET /favicon.ico HTTP/1.1" 404 199 "-" "Mozilla/5.0 (Windows NT 6.2) AppleWebKit/535.11 (KHTML, like Gecko) Chrome/17.0.963.83 Safari/535.11"
85.17.88.169 - - [29/Mar/2012:10:20:57 -0700] "POST /blog/wp-cron.php?doing_wp_cron=1333041430 HTTP/1.0" 499 0 "-" "WordPress/3.3.1; http://yuvi.in/blog"
122.164.49.40 - - [29/Mar/2012:10:20:57 -0700] "GET /blog/college-drop/?cf_action=sync_comments&post_id=393 HTTP/1.1" 200 48 "http://yuvi.in/blog/college-drop/" "Mozilla/5.0 (Windows NT 6.2) AppleWebKit/535.11 (KHTML, like Gecko) Chrome/17.0.963.83 Safari/535.11"
128.2.207.79 - - [29/Mar/2012:10:21:00 -0700] "GET /blog/gsoc-2010-the-beginning.html HTTP/1.0" 200 6584 "http://yuvi.in/blog/2010/05/" "Mozilla/5.0 (compatible; lemurwebcrawler admin@lemurproject.org; +http://boston.lti.cs.cmu.edu/crawler_12/)"
98.172.15.254 - - [29/Mar/2012:10:21:02 -0700] "GET / HTTP/1.1" 304 0 "-" "Caffeinated/1.1.1 CFNetwork/520.3.2 Darwin/11.3.0 (x86_64) (MacBookPro8%2C1)"
98.172.15.254 - - [29/Mar/2012:10:21:02 -0700] "GET /favicon.ico HTTP/1.1" 404 169 "-" "Caffeinated/1.1.1 CFNetwork/520.3.2 Darwin/11.3.0 (x86_64) (MacBookPro8%2C1)"
98.172.15.254 - - [29/Mar/2012:10:21:30 -0700] "GET /favicon.ico HTTP/1.1" 404 169 "-" "Caffeinated/1.1.1 CFNetwork/520.3.2 Darwin/11.3.0 (x86_64) (MacBookPro8%2C1)"
188.165.248.204 - - [29/Mar/2012:10:22:04 -0700] "GET /robots.txt HTTP/1.0" 404 169 "-" "Mozilla/5.0 (compatible; MJ12bot/v1.4.2; http://www.majestic12.co.uk/bot.php?+)"
188.165.248.204 - - [29/Mar/2012:10:22:07 -0700] "GET / HTTP/1.0" 200 3439 "-" "Mozilla/5.0 (compatible; MJ12bot/v1.4.2; http://www.majestic12.co.uk/bot.php?+)"
98.172.15.254 - - [29/Mar/2012:10:22:29 -0700] "GET /favicon.ico HTTP/1.1" 404 169 "-" "Caffeinated/1.1.1 CFNetwork/520.3.2 Darwin/11.3.0 (x86_64) (MacBookPro8%2C1)"
98.172.15.254 - - [29/Mar/2012:10:22:55 -0700] "GET /favicon.ico HTTP/1.1" 404 169 "-" "Caffeinated/1.1.1 CFNetwork/520.3.2 Darwin/11.3.0 (x86_64) (MacBookPro8%2C1)"
85.17.88.169 - - [29/Mar/2012:10:23:14 -0700] "POST /blog/wp-cron.php?doing_wp_cron=1333041567 HTTP/1.0" 499 0 "-" "WordPress/3.3.1; http://yuvi.in/blog"
128.2.207.79 - - [29/Mar/2012:10:23:14 -0700] "GET /blog/gsoc-milestones-vala-build-using-autotools/ HTTP/1.0" 200 20151 "http://yuvi.in/blog/2010/05/" "Mozilla/5.0 (compatible; lemurwebcrawler admin@lemurproject.org; +http://boston.lti.cs.cmu.edu/crawler_12/)"
117.216.6.192 - - [29/Mar/2012:10:23:37 -0700] "GET /r/ofa HTTP/1.1" 301 255 "http://ta.wikipedia.org/wiki/%E0%AE%A8%E0%AE%BE%E0%AE%9A%E0%AE%BE" "Mozilla/5.0 (Windows NT 5.1; rv:11.0) Gecko/20100101 Firefox/11.0"
117.216.6.192 - - [29/Mar/2012:10:23:37 -0700] "GET /s/ta/ofa/ HTTP/1.1" 302 901 "http://ta.wikipedia.org/wiki/%E0%AE%A8%E0%AE%BE%E0%AE%9A%E0%AE%BE" "Mozilla/5.0 (Windows NT 5.1; rv:11.0) Gecko/20100101 Firefox/11.0"
117.216.6.192 - - [29/Mar/2012:10:23:42 -0700] "-" 400 0 "-" "-"
98.172.15.254 - - [29/Mar/2012:10:23:55 -0700] "GET /favicon.ico HTTP/1.1" 404 169 "-" "Caffeinated/1.1.1 CFNetwork/520.3.2 Darwin/11.3.0 (x86_64) (MacBookPro8%2C1)"
98.172.15.254 - - [29/Mar/2012:10:24:21 -0700] "GET /favicon.ico HTTP/1.1" 404 169 "-" "Caffeinated/1.1.1 CFNetwork/520.3.2 Darwin/11.3.0 (x86_64) (MacBookPro8%2C1)"
117.204.16.174 - - [29/Mar/2012:10:24:31 -0700] "-" 400 0 "-" "-"
117.216.6.192 - - [29/Mar/2012:10:25:15 -0700] "GET /s/ta/ofa/ HTTP/1.1" 302 901 "http://ta.wikipedia.org/wiki/%E0%AE%A4%E0%AF%87%E0%AE%9A%E0%AE%BF%E0%AE%AF_%E0%AE%B5%E0%AE%BF%E0%AE%A3%E0%AF%8D%E0%AE%AA%E0%AE%AF%E0%AE%A3_%E0%AE%85%E0%AE%B1%E0%AE%BF%E0%AE%B5%E0%AE%BF%E0%AE%AF%E0%AE%B2%E0%AF%8D_%E0%AE%AE%E0%AE%B1%E0%AF%8D%E0%AE%B1%E0%AF%81%E0%AE%AE%E0%AF%8D_%E0%AE%B5%E0%AE%BF%E0%AE%A3%E0%AF%8D%E0%AE%B5%E0%AF%86%E0%AE%B3%E0%AE%BF_%E0%AE%AE%E0%AF%87%E0%AE%B2%E0%AE%BE%E0%AE%A3%E0%AF%8D%E0%AE%AE%E0%AF%88_%E0%AE%A8%E0%AE%BF%E0%AE%B1%E0%AF%81%E0%AE%B5%E0%AE%A9%E0%AE%AE%E0%AF%8D" "Mozilla/5.0 (Windows NT 5.1; rv:11.0) Gecko/20100101 Firefox/11.0"
117.216.6.192 - - [29/Mar/2012:10:25:21 -0700] "-" 400 0 "-" "-"
98.172.15.254 - - [29/Mar/2012:10:25:21 -0700] "GET /favicon.ico HTTP/1.1" 404 169 "-" "Caffeinated/1.1.1 CFNetwork/520.3.2 Darwin/11.3.0 (x86_64) (MacBookPro8%2C1)"
117.216.6.192 - - [29/Mar/2012:10:25:35 -0700] "GET /s/ta/ofa/ HTTP/1.1" 302 901 "-" "Mozilla/5.0 (Windows NT 5.1; rv:11.0) Gecko/20100101 Firefox/11.0"
98.172.15.254 - - [29/Mar/2012:10:25:48 -0700] "GET /favicon.ico HTTP/1.1" 404 169 "-" "Caffeinated/1.1.1 CFNetwork/520.3.2 Darwin/11.3.0 (x86_64) (MacBookPro8%2C1)"
98.172.15.254 - - [29/Mar/2012:10:26:46 -0700] "GET / HTTP/1.1" 304 0 "-" "Caffeinated/1.1.1 CFNetwork/520.3.2 Darwin/11.3.0 (x86_64) (MacBookPro8%2C1)"
98.172.15.254 - - [29/Mar/2012:10:26:46 -0700] "GET /favicon.ico HTTP/1.1" 404 169 "-" "Caffeinated/1.1.1 CFNetwork/520.3.2 Darwin/11.3.0 (x86_64) (MacBookPro8%2C1)"
98.172.15.254 - - [29/Mar/2012:10:27:18 -0700] "GET /favicon.ico HTTP/1.1" 404 169 "-" "Caffeinated/1.1.1 CFNetwork/520.3.2 Darwin/11.3.0 (x86_64) (MacBookPro8%2C1)"
98.172.15.254 - - [29/Mar/2012:10:28:15 -0700] "GET /favicon.ico HTTP/1.1" 404 169 "-" "Caffeinated/1.1.1 CFNetwork/520.3.2 Darwin/11.3.0 (x86_64) (MacBookPro8%2C1)"
117.193.208.133 - - [29/Mar/2012:10:28:42 -0700] "-" 400 0 "-" "-"
98.172.15.254 - - [29/Mar/2012:10:28:49 -0700] "GET /favicon.ico HTTP/1.1" 404 169 "-" "Caffeinated/1.1.1 CFNetwork/520.3.2 Darwin/11.3.0 (x86_64) (MacBookPro8%2C1)"
117.204.97.239 - - [29/Mar/2012:10:29:28 -0700] "GET / HTTP/1.1" 200 1430 "-" "Mozilla/5.0 (X11; Linux i686) AppleWebKit/535.11 (KHTML, like Gecko) Chrome/17.0.963.66 Safari/535.11"
117.204.97.239 - - [29/Mar/2012:10:29:29 -0700] "GET /blueprint/screen.css HTTP/1.1" 200 12058 "http://yuvi.in/" "Mozilla/5.0 (X11; Linux i686) AppleWebKit/535.11 (KHTML, like Gecko) Chrome/17.0.963.66 Safari/535.11"
117.204.97.239 - - [29/Mar/2012:10:29:30 -0700] "GET /blueprint/print.css HTTP/1.1" 200 1284 "http://yuvi.in/" "Mozilla/5.0 (X11; Linux i686) AppleWebKit/535.11 (KHTML, like Gecko) Chrome/17.0.963.66 Safari/535.11"
117.204.97.239 - - [29/Mar/2012:10:29:30 -0700] "GET /header.png HTTP/1.1" 200 14249 "http://yuvi.in/" "Mozilla/5.0 (X11; Linux i686) AppleWebKit/535.11 (KHTML, like Gecko) Chrome/17.0.963.66 Safari/535.11"
117.204.97.239 - - [29/Mar/2012:10:29:31 -0700] "GET /favicon.ico HTTP/1.1" 404 199 "-" "Mozilla/5.0 (X11; Linux i686) AppleWebKit/535.11 (KHTML, like Gecko) Chrome/17.0.963.66 Safari/535.11"
98.172.15.254 - - [29/Mar/2012:10:29:47 -0700] "GET /favicon.ico HTTP/1.1" 404 169 "-" "Caffeinated/1.1.1 CFNetwork/520.3.2 Darwin/11.3.0 (x86_64) (MacBookPro8%2C1)"
117.204.97.239 - - [29/Mar/2012:10:29:55 -0700] "GET /blog HTTP/1.1" 301 178 "http://yuvi.in/" "Mozilla/5.0 (X11; Linux i686) AppleWebKit/535.11 (KHTML, like Gecko) Chrome/17.0.963.66 Safari/535.11"
117.204.97.239 - - [29/Mar/2012:10:29:56 -0700] "GET /blog/ HTTP/1.1" 200 9194 "http://yuvi.in/" "Mozilla/5.0 (X11; Linux i686) AppleWebKit/535.11 (KHTML, like Gecko) Chrome/17.0.963.66 Safari/535.11"
117.204.97.239 - - [29/Mar/2012:10:29:56 -0700] "GET /blog/wp-content/themes/cleanr/js/jquery.dropdown.js?ver=3.3.1 HTTP/1.1" 200 535 "http://yuvi.in/blog/" "Mozilla/5.0 (X11; Linux i686) AppleWebKit/535.11 (KHTML, like Gecko) Chrome/17.0.963.66 Safari/535.11"
117.204.97.239 - - [29/Mar/2012:10:29:57 -0700] "GET /blog/wp-content/themes/cleanr/style.css HTTP/1.1" 200 10508 "http://yuvi.in/blog/" "Mozilla/5.0 (X11; Linux i686) AppleWebKit/535.11 (KHTML, like Gecko) Chrome/17.0.963.66 Safari/535.11"
117.204.97.239 - - [29/Mar/2012:10:29:58 -0700] "GET /blog/wp-includes/js/jquery/jquery.js?ver=1.7.1 HTTP/1.1" 200 93889 "http://yuvi.in/blog/" "Mozilla/5.0 (X11; Linux i686) AppleWebKit/535.11 (KHTML, like Gecko) Chrome/17.0.963.66 Safari/535.11"
117.204.97.239 - - [29/Mar/2012:10:29:58 -0700] "GET /blog/wp-content/themes/cleanr/css/reset.css HTTP/1.1" 200 648 "http://yuvi.in/blog/" "Mozilla/5.0 (X11; Linux i686) AppleWebKit/535.11 (KHTML, like Gecko) Chrome/17.0.963.66 Safari/535.11"
117.204.97.239 - - [29/Mar/2012:10:29:58 -0700] "GET /blog/wp-content/themes/cleanr/css/text.css HTTP/1.1" 200 420 "http://yuvi.in/blog/" "Mozilla/5.0 (X11; Linux i686) AppleWebKit/535.11 (KHTML, like Gecko) Chrome/17.0.963.66 Safari/535.11"
117.204.97.239 - - [29/Mar/2012:10:29:58 -0700] "GET /blog/wp-content/themes/cleanr/css/960.css HTTP/1.1" 200 3628 "http://yuvi.in/blog/" "Mozilla/5.0 (X11; Linux i686) AppleWebKit/535.11 (KHTML, like Gecko) Chrome/17.0.963.66 Safari/535.11"
117.204.97.239 - - [29/Mar/2012:10:29:59 -0700] "GET /stories HTTP/1.1" 301 185 "http://yuvi.in/" "Mozilla/5.0 (X11; Linux i686) AppleWebKit/535.11 (KHTML, like Gecko) Chrome/17.0.963.66 Safari/535.11"
117.204.97.239 - - [29/Mar/2012:10:29:59 -0700] "GET /stories/ HTTP/1.1" 200 1271 "http://yuvi.in/" "Mozilla/5.0 (X11; Linux i686) AppleWebKit/535.11 (KHTML, like Gecko) Chrome/17.0.963.66 Safari/535.11"
117.204.97.239 - - [29/Mar/2012:10:30:00 -0700] "GET /blog/wp-content/themes/cleanr/images/search_magnifier.gif HTTP/1.1" 200 394 "http://yuvi.in/blog/" "Mozilla/5.0 (X11; Linux i686) AppleWebKit/535.11 (KHTML, like Gecko) Chrome/17.0.963.66 Safari/535.11"
117.204.97.239 - - [29/Mar/2012:10:30:00 -0700] "GET /stories/static/style.css HTTP/1.1" 200 1274 "http://yuvi.in/stories/" "Mozilla/5.0 (X11; Linux i686) AppleWebKit/535.11 (KHTML, like Gecko) Chrome/17.0.963.66 Safari/535.11"
117.204.97.239 - - [29/Mar/2012:10:30:00 -0700] "GET /stories/static/codehilite.css HTTP/1.1" 200 4012 "http://yuvi.in/stories/" "Mozilla/5.0 (X11; Linux i686) AppleWebKit/535.11 (KHTML, like Gecko) Chrome/17.0.963.66 Safari/535.11"
117.204.97.239 - - [29/Mar/2012:10:30:01 -0700] "GET /favicon.ico HTTP/1.1" 404 199 "-" "Mozilla/5.0 (X11; Linux i686) AppleWebKit/535.11 (KHTML, like Gecko) Chrome/17.0.963.66 Safari/535.11"
117.204.97.239 - - [29/Mar/2012:10:30:02 -0700] "GET /favicon.ico HTTP/1.1" 404 199 "-" "Mozilla/5.0 (X11; Linux i686) AppleWebKit/535.11 (KHTML, like Gecko) Chrome/17.0.963.66 Safari/535.11"
117.204.97.239 - - [29/Mar/2012:10:30:13 -0700] "-" 400 0 "-" "-"
98.172.15.254 - - [29/Mar/2012:10:30:23 -0700] "GET /favicon.ico HTTP/1.1" 404 169 "-" "Caffeinated/1.1.1 CFNetwork/520.3.2 Darwin/11.3.0 (x86_64) (MacBookPro8%2C1)"
85.17.88.169 - - [29/Mar/2012:10:30:33 -0700] "POST /blog/wp-cron.php?doing_wp_cron=1333042006 HTTP/1.0" 499 0 "-" "WordPress/3.3.1; http://yuvi.in/blog"
128.2.207.79 - - [29/Mar/2012:10:30:34 -0700] "GET /blog/gsoc-milestones-vala-build-using-autotools/feed/ HTTP/1.0" 200 812 "http://yuvi.in/blog/gsoc-milestones-vala-build-using-autotools/" "Mozilla/5.0 (compatible; lemurwebcrawler admin@lemurproject.org; +http://boston.lti.cs.cmu.edu/crawler_12/)"
117.204.16.174 - - [29/Mar/2012:10:30:41 -0700] "-" 400 0 "-" "-"
117.204.97.239 - - [29/Mar/2012:10:30:45 -0700] "GET / HTTP/1.1" 200 1430 "-" "Mozilla/5.0 (X11; Linux x86_64) AppleWebKit/535.11 (KHTML, like Gecko) Chrome/17.0.963.56 Safari/535.11"
117.204.97.239 - - [29/Mar/2012:10:30:45 -0700] "GET /blueprint/screen.css HTTP/1.1" 200 12058 "http://yuvi.in/" "Mozilla/5.0 (X11; Linux x86_64) AppleWebKit/535.11 (KHTML, like Gecko) Chrome/17.0.963.56 Safari/535.11"
117.204.97.239 - - [29/Mar/2012:10:30:47 -0700] "GET /blueprint/print.css HTTP/1.1" 200 1284 "http://yuvi.in/" "Mozilla/5.0 (X11; Linux x86_64) AppleWebKit/535.11 (KHTML, like Gecko) Chrome/17.0.963.56 Safari/535.11"
