86.27.110.225 - - [04/Apr/2012:08:15:17 -0700] "GET /blog/wp-content/themes/cleanr/js/jquery.dropdown.js?ver=3.3.1 HTTP/1.1" 200 535 "http://yuvi.in/blog/" "Mozilla/5.0 (Windows NT 6.1; WOW64) AppleWebKit/536.4 (KHTML, like Gecko) Chrome/19.0.1081.0 Safari/536.4"
207.46.204.220 - - [04/Apr/2012:08:15:17 -0700] "-" 400 0 "-" "-"
86.27.110.225 - - [04/Apr/2012:08:15:17 -0700] "GET /blog/wp-content/themes/cleanr/css/reset.css HTTP/1.1" 200 648 "http://yuvi.in/blog/" "Mozilla/5.0 (Windows NT 6.1; WOW64) AppleWebKit/536.4 (KHTML, like Gecko) Chrome/19.0.1081.0 Safari/536.4"
86.27.110.225 - - [04/Apr/2012:08:15:17 -0700] "GET /blog/wp-content/themes/cleanr/css/text.css HTTP/1.1" 200 420 "http://yuvi.in/blog/" "Mozilla/5.0 (Windows NT 6.1; WOW64) AppleWebKit/536.4 (KHTML, like Gecko) Chrome/19.0.1081.0 Safari/536.4"
86.27.110.225 - - [04/Apr/2012:08:15:17 -0700] "GET /blog/wp-content/themes/cleanr/css/960.css HTTP/1.1" 200 3628 "http://yuvi.in/blog/" "Mozilla/5.0 (Windows NT 6.1; WOW64) AppleWebKit/536.4 (KHTML, like Gecko) Chrome/19.0.1081.0 Safari/536.4"
86.27.110.225 - - [04/Apr/2012:08:15:18 -0700] "GET /blog/wp-includes/js/jquery/jquery.js?ver=1.7.1 HTTP/1.1" 200 93889 "http://yuvi.in/blog/" "Mozilla/5.0 (Windows NT 6.1; WOW64) AppleWebKit/536.4 (KHTML, like Gecko) Chrome/19.0.1081.0 Safari/536.4"
86.27.110.225 - - [04/Apr/2012:08:15:19 -0700] "GET /blog/wp-content/themes/cleanr/images/search_magnifier.gif HTTP/1.1" 200 394 "http://yuvi.in/blog/" "Mozilla/5.0 (Windows NT 6.1; WOW64) AppleWebKit/536.4 (KHTML, like Gecko) Chrome/19.0.1081.0 Safari/536.4"
86.27.110.225 - - [04/Apr/2012:08:15:19 -0700] "GET /favicon.ico HTTP/1.1" 404 199 "-" "Mozilla/5.0 (Windows NT 6.1; WOW64) AppleWebKit/536.4 (KHTML, like Gecko) Chrome/19.0.1081.0 Safari/536.4"
85.17.88.169 - - [04/Apr/2012:08:15:27 -0700] "POST /blog/wp-cron.php?doing_wp_cron=1333552252 HTTP/1.0" 499 0 "-" "WordPress/3.3.1; http://yuvi.in/blog"
86.27.110.225 - - [04/Apr/2012:08:15:27 -0700] "GET /blog/passing-headers-proxying-nginx/ HTTP/1.1" 200 4280 "http://yuvi.in/blog/" "Mozilla/5.0 (Windows NT 6.1; WOW64) AppleWebKit/536.4 (KHTML, like Gecko) Chrome/19.0.1081.0 Safari/536.4"
86.27.110.225 - - [04/Apr/2012:08:15:27 -0700] "GET /favicon.ico HTTP/1.1" 404 199 "-" "Mozilla/5.0 (Windows NT 6.1; WOW64) AppleWebKit/536.4 (KHTML, like Gecko) Chrome/19.0.1081.0 Safari/536.4"
184.191.224.10 - - [04/Apr/2012:08:15:28 -0700] "GET / HTTP/1.1" 200 1430 "-" "Caffeinated/1.1.1 CFNetwork/520.3.2 Darwin/11.3.0 (x86_64) (MacBookPro8%2C1)"
184.191.224.10 - - [04/Apr/2012:08:15:28 -0700] "GET /favicon.ico HTTP/1.1" 404 142 "-" "Caffeinated/1.1.1 CFNetwork/520.3.2 Darwin/11.3.0 (x86_64) (MacBookPro8%2C1)"
86.27.110.225 - - [04/Apr/2012:08:15:28 -0700] "GET /favicon.ico HTTP/1.1" 404 199 "-" "Mozilla/5.0 (Windows NT 6.1; WOW64) AppleWebKit/536.4 (KHTML, like Gecko) Chrome/19.0.1081.0 Safari/536.4"
86.27.110.225 - - [04/Apr/2012:08:15:28 -0700] "GET /favicon.ico HTTP/1.1" 404 199 "-" "Mozilla/5.0 (Windows NT 6.1; WOW64) AppleWebKit/536.4 (KHTML, like Gecko) Chrome/19.0.1081.0 Safari/536.4"
86.27.110.225 - - [04/Apr/2012:08:15:29 -0700] "GET /favicon.ico HTTP/1.1" 404 199 "-" "Mozilla/5.0 (Windows NT 6.1; WOW64) AppleWebKit/536.4 (KHTML, like Gecko) Chrome/19.0.1081.0 Safari/536.4"
85.17.88.169 - - [04/Apr/2012:08:15:30 -0700] "POST /blog/wp-cron.php?doing_wp_cron=1333552256 HTTP/1.0" 499 0 "-" "WordPress/3.3.1; http://yuvi.in/blog"
86.27.110.225 - - [04/Apr/2012:08:15:30 -0700] "GET /blog/passing-headers-proxying-nginx/?cf_action=sync_comments&post_id=389 HTTP/1.1" 200 48 "http://yuvi.in/blog/passing-headers-proxying-nginx/" "Mozilla/5.0 (Windows NT 6.1; WOW64) AppleWebKit/536.4 (KHTML, like Gecko) Chrome/19.0.1081.0 Safari/536.4"
86.27.110.225 - - [04/Apr/2012:08:15:35 -0700] "GET /favicon.ico HTTP/1.1" 404 199 "-" "Mozilla/5.0 (Windows NT 6.1; WOW64) AppleWebKit/536.4 (KHTML, like Gecko) Chrome/19.0.1081.0 Safari/536.4"
86.27.110.225 - - [04/Apr/2012:08:15:36 -0700] "GET /favicon.ico HTTP/1.1" 404 199 "-" "Mozilla/5.0 (Windows NT 6.1; WOW64) AppleWebKit/536.4 (KHTML, like Gecko) Chrome/19.0.1081.0 Safari/536.4"
86.27.110.225 - - [04/Apr/2012:08:15:36 -0700] "GET /favicon.ico HTTP/1.1" 404 199 "-" "Mozilla/5.0 (Windows NT 6.1; WOW64) AppleWebKit/536.4 (KHTML, like Gecko) Chrome/19.0.1081.0 Safari/536.4"
86.27.110.225 - - [04/Apr/2012:08:15:36 -0700] "GET /favicon.ico HTTP/1.1" 404 199 "-" "Mozilla/5.0 (Windows NT 6.1; WOW64) AppleWebKit/536.4 (KHTML, like Gecko) Chrome/19.0.1081.0 Safari/536.4"
86.27.110.225 - - [04/Apr/2012:08:15:37 -0700] "GET /favicon.ico HTTP/1.1" 404 199 "-" "Mozilla/5.0 (Windows NT 6.1; WOW64) AppleWebKit/536.4 (KHTML, like Gecko) Chrome/19.0.1081.0 Safari/536.4"
86.27.110.225 - - [04/Apr/2012:08:15:37 -0700] "GET /favicon.ico HTTP/1.1" 404 199 "-" "Mozilla/5.0 (Windows NT 6.1; WOW64) AppleWebKit/536.4 (KHTML, like Gecko) Chrome/19.0.1081.0 Safari/536.4"
85.17.88.169 - - [04/Apr/2012:08:15:37 -0700] "POST /blog/wp-cron.php?doing_wp_cron=1333552263 HTTP/1.0" 499 0 "-" "WordPress/3.3.1; http://yuvi.in/blog"
86.27.110.225 - - [04/Apr/2012:08:15:37 -0700] "GET /blog/passing-headers-proxying-nginx/?cf_action=sync_comments&post_id=389 HTTP/1.1" 200 48 "http://yuvi.in/blog/passing-headers-proxying-nginx/" "Mozilla/5.0 (Windows NT 6.1; WOW64) AppleWebKit/536.4 (KHTML, like Gecko) Chrome/19.0.1081.0 Safari/536.4"
184.191.224.10 - - [04/Apr/2012:08:16:27 -0700] "GET / HTTP/1.1" 200 1430 "-" "Caffeinated/1.1.1 CFNetwork/520.3.2 Darwin/11.3.0 (x86_64) (MacBookPro8%2C1)"
184.191.224.10 - - [04/Apr/2012:08:16:27 -0700] "GET /favicon.ico HTTP/1.1" 404 142 "-" "Caffeinated/1.1.1 CFNetwork/520.3.2 Darwin/11.3.0 (x86_64) (MacBookPro8%2C1)"
184.191.224.10 - - [04/Apr/2012:08:16:57 -0700] "GET / HTTP/1.1" 200 1430 "-" "Caffeinated/1.1.1 CFNetwork/520.3.2 Darwin/11.3.0 (x86_64) (MacBookPro8%2C1)"
184.191.224.10 - - [04/Apr/2012:08:16:57 -0700] "GET /favicon.ico HTTP/1.1" 404 142 "-" "Caffeinated/1.1.1 CFNetwork/520.3.2 Darwin/11.3.0 (x86_64) (MacBookPro8%2C1)"
184.191.224.10 - - [04/Apr/2012:08:17:56 -0700] "GET / HTTP/1.1" 200 1430 "-" "Caffeinated/1.1.1 CFNetwork/520.3.2 Darwin/11.3.0 (x86_64) (MacBookPro8%2C1)"
184.191.224.10 - - [04/Apr/2012:08:17:56 -0700] "GET /favicon.ico HTTP/1.1" 404 142 "-" "Caffeinated/1.1.1 CFNetwork/520.3.2 Darwin/11.3.0 (x86_64) (MacBookPro8%2C1)"
184.191.224.10 - - [04/Apr/2012:08:18:25 -0700] "GET / HTTP/1.1" 200 1430 "-" "Caffeinated/1.1.1 CFNetwork/520.3.2 Darwin/11.3.0 (x86_64) (MacBookPro8%2C1)"
184.191.224.10 - - [04/Apr/2012:08:18:25 -0700] "GET /favicon.ico HTTP/1.1" 404 142 "-" "Caffeinated/1.1.1 CFNetwork/520.3.2 Darwin/11.3.0 (x86_64) (MacBookPro8%2C1)"
184.191.224.10 - - [04/Apr/2012:08:19:23 -0700] "GET / HTTP/1.1" 200 1430 "-" "Caffeinated/1.1.1 CFNetwork/520.3.2 Darwin/11.3.0 (x86_64) (MacBookPro8%2C1)"
184.191.224.10 - - [04/Apr/2012:08:19:23 -0700] "GET /favicon.ico HTTP/1.1" 404 142 "-" "Caffeinated/1.1.1 CFNetwork/520.3.2 Darwin/11.3.0 (x86_64) (MacBookPro8%2C1)"
184.191.224.10 - - [04/Apr/2012:08:19:55 -0700] "GET / HTTP/1.1" 200 1430 "-" "Caffeinated/1.1.1 CFNetwork/520.3.2 Darwin/11.3.0 (x86_64) (MacBookPro8%2C1)"
184.191.224.10 - - [04/Apr/2012:08:19:55 -0700] "GET /favicon.ico HTTP/1.1" 404 142 "-" "Caffeinated/1.1.1 CFNetwork/520.3.2 Darwin/11.3.0 (x86_64) (MacBookPro8%2C1)"
184.191.224.10 - - [04/Apr/2012:08:20:54 -0700] "GET / HTTP/1.1" 200 1430 "-" "Caffeinated/1.1.1 CFNetwork/520.3.2 Darwin/11.3.0 (x86_64) (MacBookPro8%2C1)"
184.191.224.10 - - [04/Apr/2012:08:20:54 -0700] "GET /favicon.ico HTTP/1.1" 404 142 "-" "Caffeinated/1.1.1 CFNetwork/520.3.2 Darwin/11.3.0 (x86_64) (MacBookPro8%2C1)"
122.164.129.212 - - [04/Apr/2012:08:21:10 -0700] "-" 400 0 "-" "-"
184.191.224.10 - - [04/Apr/2012:08:21:27 -0700] "GET / HTTP/1.1" 200 1430 "-" "Caffeinated/1.1.1 CFNetwork/520.3.2 Darwin/11.3.0 (x86_64) (MacBookPro8%2C1)"
184.191.224.10 - - [04/Apr/2012:08:21:27 -0700] "GET /favicon.ico HTTP/1.1" 404 142 "-" "Caffeinated/1.1.1 CFNetwork/520.3.2 Darwin/11.3.0 (x86_64) (MacBookPro8%2C1)"
122.164.129.212 - - [04/Apr/2012:08:22:00 -0700] "-" 400 0 "-" "-"
184.191.224.10 - - [04/Apr/2012:08:22:24 -0700] "GET / HTTP/1.1" 200 1430 "-" "Caffeinated/1.1.1 CFNetwork/520.3.2 Darwin/11.3.0 (x86_64) (MacBookPro8%2C1)"
184.191.224.10 - - [04/Apr/2012:08:22:25 -0700] "GET /favicon.ico HTTP/1.1" 404 142 "-" "Caffeinated/1.1.1 CFNetwork/520.3.2 Darwin/11.3.0 (x86_64) (MacBookPro8%2C1)"
122.164.129.212 - - [04/Apr/2012:08:23:00 -0700] "-" 400 0 "-" "-"
184.191.224.10 - - [04/Apr/2012:08:23:03 -0700] "GET / HTTP/1.1" 200 1430 "-" "Caffeinated/1.1.1 CFNetwork/520.3.2 Darwin/11.3.0 (x86_64) (MacBookPro8%2C1)"
184.191.224.10 - - [04/Apr/2012:08:23:03 -0700] "GET /favicon.ico HTTP/1.1" 404 142 "-" "Caffeinated/1.1.1 CFNetwork/520.3.2 Darwin/11.3.0 (x86_64) (MacBookPro8%2C1)"
98.192.44.93 - - [04/Apr/2012:08:23:11 -0700] "GET / HTTP/1.1" 200 1430 "-" "Reeder/1.5.5 CFNetwork/548.1.4 Darwin/11.0.0"
98.192.44.93 - - [04/Apr/2012:08:23:11 -0700] "GET /favicon.ico HTTP/1.1" 404 142 "-" "Reeder/1.5.5 CFNetwork/548.1.4 Darwin/11.0.0"
98.192.44.93 - - [04/Apr/2012:08:23:11 -0700] "GET /apple-touch-icon.png HTTP/1.1" 404 142 "-" "Reeder/1.5.5 CFNetwork/548.1.4 Darwin/11.0.0"
98.192.44.93 - - [04/Apr/2012:08:23:11 -0700] "GET /apple-touch-icon-precomposed.png HTTP/1.1" 404 142 "-" "Reeder/1.5.5 CFNetwork/548.1.4 Darwin/11.0.0"
184.191.224.10 - - [04/Apr/2012:08:23:50 -0700] "GET / HTTP/1.1" 200 1430 "-" "Caffeinated/1.1.1 CFNetwork/520.3.2 Darwin/11.3.0 (x86_64) (MacBookPro8%2C1)"
184.191.224.10 - - [04/Apr/2012:08:23:50 -0700] "GET /favicon.ico HTTP/1.1" 404 142 "-" "Caffeinated/1.1.1 CFNetwork/520.3.2 Darwin/11.3.0 (x86_64) (MacBookPro8%2C1)"
85.17.88.169 - - [04/Apr/2012:08:24:15 -0700] "POST /blog/wp-cron.php?doing_wp_cron=1333552781 HTTP/1.0" 499 0 "-" "WordPress/3.3.1; http://yuvi.in/blog"
209.85.224.87 - - [04/Apr/2012:08:24:16 -0700] "GET /blog/feed HTTP/1.1" 304 0 "-" "FeedBurner/1.0 (http://www.FeedBurner.com)"
184.191.224.10 - - [04/Apr/2012:08:24:34 -0700] "GET / HTTP/1.1" 200 1430 "-" "Caffeinated/1.1.1 CFNetwork/520.3.2 Darwin/11.3.0 (x86_64) (MacBookPro8%2C1)"
184.191.224.10 - - [04/Apr/2012:08:24:34 -0700] "GET /favicon.ico HTTP/1.1" 404 142 "-" "Caffeinated/1.1.1 CFNetwork/520.3.2 Darwin/11.3.0 (x86_64) (MacBookPro8%2C1)"
66.220.149.247 - - [04/Apr/2012:08:24:45 -0700] "GET /blog/story-average-indian-techie/ HTTP/1.1" 200 14154 "-" "facebookexternalhit/1.1 (+http://www.facebook.com/externalhit_uatext.php)"
184.191.224.10 - - [04/Apr/2012:08:25:17 -0700] "GET / HTTP/1.1" 200 1430 "-" "Caffeinated/1.1.1 CFNetwork/520.3.2 Darwin/11.3.0 (x86_64) (MacBookPro8%2C1)"
184.191.224.10 - - [04/Apr/2012:08:25:17 -0700] "GET /favicon.ico HTTP/1.1" 404 142 "-" "Caffeinated/1.1.1 CFNetwork/520.3.2 Darwin/11.3.0 (x86_64) (MacBookPro8%2C1)"
209.85.224.81 - - [04/Apr/2012:08:25:34 -0700] "GET /stories/feed HTTP/1.1" 200 13653 "-" "FeedBurner/1.0 (http://www.FeedBurner.com)"
184.191.224.10 - - [04/Apr/2012:08:25:57 -0700] "GET / HTTP/1.1" 200 1430 "-" "Caffeinated/1.1.1 CFNetwork/520.3.2 Darwin/11.3.0 (x86_64) (MacBookPro8%2C1)"
184.191.224.10 - - [04/Apr/2012:08:25:57 -0700] "GET /favicon.ico HTTP/1.1" 404 142 "-" "Caffeinated/1.1.1 CFNetwork/520.3.2 Darwin/11.3.0 (x86_64) (MacBookPro8%2C1)"
184.191.224.10 - - [04/Apr/2012:08:26:46 -0700] "GET / HTTP/1.1" 200 1430 "-" "Caffeinated/1.1.1 CFNetwork/520.3.2 Darwin/11.3.0 (x86_64) (MacBookPro8%2C1)"
184.191.224.10 - - [04/Apr/2012:08:26:46 -0700] "GET /favicon.ico HTTP/1.1" 404 142 "-" "Caffeinated/1.1.1 CFNetwork/520.3.2 Darwin/11.3.0 (x86_64) (MacBookPro8%2C1)"
184.191.224.10 - - [04/Apr/2012:08:27:20 -0700] "GET / HTTP/1.1" 200 1430 "-" "Caffeinated/1.1.1 CFNetwork/520.3.2 Darwin/11.3.0 (x86_64) (MacBookPro8%2C1)"
184.191.224.10 - - [04/Apr/2012:08:27:20 -0700] "GET /favicon.ico HTTP/1.1" 404 142 "-" "Caffeinated/1.1.1 CFNetwork/520.3.2 Darwin/11.3.0 (x86_64) (MacBookPro8%2C1)"
85.17.88.169 - - [04/Apr/2012:08:27:37 -0700] "POST /blog/wp-cron.php?doing_wp_cron=1333552983 HTTP/1.0" 499 0 "-" "WordPress/3.3.1; http://yuvi.in/blog"
209.117.161.166 - - [04/Apr/2012:08:27:39 -0700] "GET /blog/xmlrpc.php HTTP/1.1" 200 53 "-" "-"
184.191.224.10 - - [04/Apr/2012:08:28:09 -0700] "GET / HTTP/1.1" 200 1430 "-" "Caffeinated/1.1.1 CFNetwork/520.3.2 Darwin/11.3.0 (x86_64) (MacBookPro8%2C1)"
184.191.224.10 - - [04/Apr/2012:08:28:09 -0700] "GET /favicon.ico HTTP/1.1" 404 142 "-" "Caffeinated/1.1.1 CFNetwork/520.3.2 Darwin/11.3.0 (x86_64) (MacBookPro8%2C1)"
124.115.6.10 - - [04/Apr/2012:08:28:32 -0700] "GET /robots.txt HTTP/1.1" 404 142 "-" "Sosospider+(+http://help.soso.com/webspider.htm)"
184.191.224.10 - - [04/Apr/2012:08:28:48 -0700] "GET / HTTP/1.1" 200 1430 "-" "Caffeinated/1.1.1 CFNetwork/520.3.2 Darwin/11.3.0 (x86_64) (MacBookPro8%2C1)"
184.191.224.10 - - [04/Apr/2012:08:28:49 -0700] "GET /favicon.ico HTTP/1.1" 404 142 "-" "Caffeinated/1.1.1 CFNetwork/520.3.2 Darwin/11.3.0 (x86_64) (MacBookPro8%2C1)"
117.193.221.234 - - [04/Apr/2012:08:29:16 -0700] "-" 400 0 "-" "-"
184.191.224.10 - - [04/Apr/2012:08:29:42 -0700] "GET / HTTP/1.1" 200 1430 "-" "Caffeinated/1.1.1 CFNetwork/520.3.2 Darwin/11.3.0 (x86_64) (MacBookPro8%2C1)"
184.191.224.10 - - [04/Apr/2012:08:29:42 -0700] "GET /favicon.ico HTTP/1.1" 404 142 "-" "Caffeinated/1.1.1 CFNetwork/520.3.2 Darwin/11.3.0 (x86_64) (MacBookPro8%2C1)"
184.191.224.10 - - [04/Apr/2012:08:30:20 -0700] "GET / HTTP/1.1" 200 1430 "-" "Caffeinated/1.1.1 CFNetwork/520.3.2 Darwin/11.3.0 (x86_64) (MacBookPro8%2C1)"
184.191.224.10 - - [04/Apr/2012:08:30:20 -0700] "GET /favicon.ico HTTP/1.1" 404 142 "-" "Caffeinated/1.1.1 CFNetwork/520.3.2 Darwin/11.3.0 (x86_64) (MacBookPro8%2C1)"
85.17.88.169 - - [04/Apr/2012:08:30:24 -0700] "POST /blog/wp-cron.php?doing_wp_cron=1333553149 HTTP/1.0" 499 0 "-" "WordPress/3.3.1; http://yuvi.in/blog"
209.85.238.244 - - [04/Apr/2012:08:30:24 -0700] "GET /blog/feed/ HTTP/1.1" 304 0 "-" "Feedfetcher-Google; (+http://www.google.com/feedfetcher.html; 18 subscribers; feed-id=15064232456473204253)"
117.193.221.234 - - [04/Apr/2012:08:30:26 -0700] "-" 400 0 "-" "-"
122.164.238.39 - - [04/Apr/2012:08:30:51 -0700] "GET /r/340n HTTP/1.1" 301 257 "-" "Mozilla/5.0 (Windows NT 5.1) AppleWebKit/535.7 (KHTML, like Gecko) Chrome/16.0.912.63 Safari/535.7"
122.164.238.39 - - [04/Apr/2012:08:30:51 -0700] "GET /s/ta/340n/ HTTP/1.1" 302 897 "-" "Mozilla/5.0 (Windows NT 5.1) AppleWebKit/535.7 (KHTML, like Gecko) Chrome/16.0.912.63 Safari/535.7"
117.193.221.234 - - [04/Apr/2012:08:30:56 -0700] "-" 400 0 "-" "-"
122.164.238.39 - - [04/Apr/2012:08:31:03 -0700] "-" 400 0 "-" "-"
122.164.238.39 - - [04/Apr/2012:08:31:03 -0700] "-" 400 0 "-" "-"
184.191.224.10 - - [04/Apr/2012:08:31:14 -0700] "GET / HTTP/1.1" 200 1430 "-" "Caffeinated/1.1.1 CFNetwork/520.3.2 Darwin/11.3.0 (x86_64) (MacBookPro8%2C1)"
184.191.224.10 - - [04/Apr/2012:08:31:14 -0700] "GET /favicon.ico HTTP/1.1" 404 142 "-" "Caffeinated/1.1.1 CFNetwork/520.3.2 Darwin/11.3.0 (x86_64) (MacBookPro8%2C1)"
184.191.224.10 - - [04/Apr/2012:08:31:47 -0700] "GET / HTTP/1.1" 200 1430 "-" "Caffeinated/1.1.1 CFNetwork/520.3.2 Darwin/11.3.0 (x86_64) (MacBookPro8%2C1)"
184.191.224.10 - - [04/Apr/2012:08:31:47 -0700] "GET /favicon.ico HTTP/1.1" 404 142 "-" "Caffeinated/1.1.1 CFNetwork/520.3.2 Darwin/11.3.0 (x86_64) (MacBookPro8%2C1)"
117.213.81.83 - - [04/Apr/2012:08:32:36 -0700] "-" 400 0 "-" "-"
184.191.224.10 - - [04/Apr/2012:08:32:40 -0700] "GET / HTTP/1.1" 200 1430 "-" "Caffeinated/1.1.1 CFNetwork/520.3.2 Darwin/11.3.0 (x86_64) (MacBookPro8%2C1)"
184.191.224.10 - - [04/Apr/2012:08:32:40 -0700] "GET /favicon.ico HTTP/1.1" 404 142 "-" "Caffeinated/1.1.1 CFNetwork/520.3.2 Darwin/11.3.0 (x86_64) (MacBookPro8%2C1)"
117.213.81.83 - - [04/Apr/2012:08:32:45 -0700] "-" 400 0 "-" "-"
184.191.224.10 - - [04/Apr/2012:08:33:13 -0700] "GET / HTTP/1.1" 200 1430 "-" "Caffeinated/1.1.1 CFNetwork/520.3.2 Darwin/11.3.0 (x86_64) (MacBookPro8%2C1)"
184.191.224.10 - - [04/Apr/2012:08:33:13 -0700] "GET /favicon.ico HTTP/1.1" 404 142 "-" "Caffeinated/1.1.1 CFNetwork/520.3.2 Darwin/11.3.0 (x86_64) (MacBookPro8%2C1)"
74.125.78.83 - - [04/Apr/2012:08:33:47 -0700] "GET /favicon.ico HTTP/1.1" 404 142 "-" "-"
65.255.37.223 - - [04/Apr/2012:08:33:54 -0700] "GET /r/1ukb HTTP/1.1" 301 257 "http://ta.wikipedia.org/wiki/%E0%AE%AA%E0%AF%8B%E0%AE%A4%E0%AE%BF%E0%AE%A4%E0%AE%B0%E0%AF%8D%E0%AE%AE%E0%AE%A9%E0%AF%8D" "NokiaX2-02/2.0 (10.91) Profile/MIDP-2.1 Configuration/CLDC-1.1 nokiax2-02/UC Browser8.0.3.107/70/355"
65.255.37.223 - - [04/Apr/2012:08:33:54 -0700] "GET /s/ta/1ukb/ HTTP/1.1" 302 389 "http://ta.wikipedia.org/wiki/%E0%AE%AA%E0%AF%8B%E0%AE%A4%E0%AE%BF%E0%AE%A4%E0%AE%B0%E0%AF%8D%E0%AE%AE%E0%AE%A9%E0%AF%8D" "NokiaX2-02/2.0 (10.91) Profile/MIDP-2.1 Configuration/CLDC-1.1 nokiax2-02/UC Browser8.0.3.107/70/355"
184.191.224.10 - - [04/Apr/2012:08:34:12 -0700] "GET / HTTP/1.1" 200 1430 "-" "Caffeinated/1.1.1 CFNetwork/520.3.2 Darwin/11.3.0 (x86_64) (MacBookPro8%2C1)"
184.191.224.10 - - [04/Apr/2012:08:34:12 -0700] "GET /favicon.ico HTTP/1.1" 404 142 "-" "Caffeinated/1.1.1 CFNetwork/520.3.2 Darwin/11.3.0 (x86_64) (MacBookPro8%2C1)"
184.191.224.10 - - [04/Apr/2012:08:34:43 -0700] "GET / HTTP/1.1" 200 1430 "-" "Caffeinated/1.1.1 CFNetwork/520.3.2 Darwin/11.3.0 (x86_64) (MacBookPro8%2C1)"
184.191.224.10 - - [04/Apr/2012:08:34:43 -0700] "GET /favicon.ico HTTP/1.1" 404 142 "-" "Caffeinated/1.1.1 CFNetwork/520.3.2 Darwin/11.3.0 (x86_64) (MacBookPro8%2C1)"
117.202.131.85 - - [04/Apr/2012:08:34:56 -0700] "-" 400 0 "-" "-"
117.202.131.85 - - [04/Apr/2012:08:34:56 -0700] "-" 400 0 "-" "-"
117.202.131.85 - - [04/Apr/2012:08:34:56 -0700] "-" 400 0 "-" "-"
117.202.131.85 - - [04/Apr/2012:08:34:56 -0700] "-" 400 0 "-" "-"
117.202.131.85 - - [04/Apr/2012:08:34:56 -0700] "-" 400 0 "-" "-"
184.191.224.10 - - [04/Apr/2012:08:35:40 -0700] "GET / HTTP/1.1" 200 1430 "-" "Caffeinated/1.1.1 CFNetwork/520.3.2 Darwin/11.3.0 (x86_64) (MacBookPro8%2C1)"
184.191.224.10 - - [04/Apr/2012:08:35:41 -0700] "GET /favicon.ico HTTP/1.1" 404 142 "-" "Caffeinated/1.1.1 CFNetwork/520.3.2 Darwin/11.3.0 (x86_64) (MacBookPro8%2C1)"
78.227.180.187 - - [04/Apr/2012:08:36:03 -0700] "GET /r/2vd1 HTTP/1.1" 301 257 "http://ta.wikipedia.org/wiki/%E0%AE%A4%E0%AE%AE%E0%AE%BF%E0%AE%B4%E0%AF%8D" "Mozilla/5.0 (compatible; MSIE 9.0; Windows NT 6.1; WOW64; Trident/5.0)"
78.227.180.187 - - [04/Apr/2012:08:36:04 -0700] "GET /s/ta/2vd1/ HTTP/1.1" 302 325 "http://ta.wikipedia.org/wiki/%E0%AE%A4%E0%AE%AE%E0%AE%BF%E0%AE%B4%E0%AF%8D" "Mozilla/5.0 (compatible; MSIE 9.0; Windows NT 6.1; WOW64; Trident/5.0)"
184.191.224.10 - - [04/Apr/2012:08:36:06 -0700] "GET / HTTP/1.1" 200 1430 "-" "Caffeinated/1.1.1 CFNetwork/520.3.2 Darwin/11.3.0 (x86_64) (MacBookPro8%2C1)"
184.191.224.10 - - [04/Apr/2012:08:36:06 -0700] "GET /favicon.ico HTTP/1.1" 404 142 "-" "Caffeinated/1.1.1 CFNetwork/520.3.2 Darwin/11.3.0 (x86_64) (MacBookPro8%2C1)"
122.174.39.253 - - [04/Apr/2012:08:36:42 -0700] "-" 400 0 "-" "-"
122.174.39.253 - - [04/Apr/2012:08:36:42 -0700] "-" 400 0 "-" "-"
122.174.39.253 - - [04/Apr/2012:08:36:42 -0700] "-" 400 0 "-" "-"
184.191.224.10 - - [04/Apr/2012:08:37:05 -0700] "GET / HTTP/1.1" 200 1430 "-" "Caffeinated/1.1.1 CFNetwork/520.3.2 Darwin/11.3.0 (x86_64) (MacBookPro8%2C1)"
184.191.224.10 - - [04/Apr/2012:08:37:05 -0700] "GET /favicon.ico HTTP/1.1" 404 142 "-" "Caffeinated/1.1.1 CFNetwork/520.3.2 Darwin/11.3.0 (x86_64) (MacBookPro8%2C1)"
117.202.131.85 - - [04/Apr/2012:08:37:16 -0700] "-" 400 0 "-" "-"
117.202.131.85 - - [04/Apr/2012:08:37:16 -0700] "-" 400 0 "-" "-"
117.202.131.85 - - [04/Apr/2012:08:37:16 -0700] "-" 400 0 "-" "-"
117.202.131.85 - - [04/Apr/2012:08:37:16 -0700] "-" 400 0 "-" "-"
117.202.131.85 - - [04/Apr/2012:08:37:16 -0700] "-" 400 0 "-" "-"
184.191.224.10 - - [04/Apr/2012:08:37:35 -0700] "GET / HTTP/1.1" 200 1430 "-" "Caffeinated/1.1.1 CFNetwork/520.3.2 Darwin/11.3.0 (x86_64) (MacBookPro8%2C1)"
184.191.224.10 - - [04/Apr/2012:08:37:35 -0700] "GET /favicon.ico HTTP/1.1" 404 142 "-" "Caffeinated/1.1.1 CFNetwork/520.3.2 Darwin/11.3.0 (x86_64) (MacBookPro8%2C1)"
207.46.204.167 - - [04/Apr/2012:08:37:43 -0700] "-" 400 0 "-" "-"
207.46.204.167 - - [04/Apr/2012:08:37:43 -0700] "-" 400 0 "-" "-"
207.46.204.167 - - [04/Apr/2012:08:37:43 -0700] "-" 400 0 "-" "-"
207.46.204.167 - - [04/Apr/2012:08:37:44 -0700] "-" 400 0 "-" "-"
207.46.204.167 - - [04/Apr/2012:08:37:45 -0700] "-" 400 0 "-" "-"
207.46.204.167 - - [04/Apr/2012:08:37:45 -0700] "-" 400 0 "-" "-"
207.46.204.167 - - [04/Apr/2012:08:37:45 -0700] "-" 400 0 "-" "-"
207.46.204.167 - - [04/Apr/2012:08:37:46 -0700] "-" 400 0 "-" "-"
207.46.204.167 - - [04/Apr/2012:08:37:46 -0700] "-" 400 0 "-" "-"
207.46.204.167 - - [04/Apr/2012:08:37:46 -0700] "-" 400 0 "-" "-"
117.202.131.85 - - [04/Apr/2012:08:38:16 -0700] "-" 400 0 "-" "-"
117.202.131.85 - - [04/Apr/2012:08:38:16 -0700] "-" 400 0 "-" "-"
184.191.224.10 - - [04/Apr/2012:08:38:34 -0700] "GET / HTTP/1.1" 200 1430 "-" "Caffeinated/1.1.1 CFNetwork/520.3.2 Darwin/11.3.0 (x86_64) (MacBookPro8%2C1)"
184.191.224.10 - - [04/Apr/2012:08:38:34 -0700] "GET /favicon.ico HTTP/1.1" 404 142 "-" "Caffeinated/1.1.1 CFNetwork/520.3.2 Darwin/11.3.0 (x86_64) (MacBookPro8%2C1)"
207.46.204.167 - - [04/Apr/2012:08:38:46 -0700] "-" 400 0 "-" "-"
207.46.204.167 - - [04/Apr/2012:08:38:46 -0700] "-" 400 0 "-" "-"
207.46.204.167 - - [04/Apr/2012:08:38:46 -0700] "-" 400 0 "-" "-"
85.17.88.169 - - [04/Apr/2012:08:38:50 -0700] "POST /blog/wp-cron.php?doing_wp_cron=1333553655 HTTP/1.0" 499 0 "-" "WordPress/3.3.1; http://yuvi.in/blog"
209.117.161.166 - - [04/Apr/2012:08:38:56 -0700] "GET /blog/category/education/ HTTP/1.1" 200 48803 "-" "-"
184.191.224.10 - - [04/Apr/2012:08:38:57 -0700] "GET / HTTP/1.1" 200 1430 "-" "Caffeinated/1.1.1 CFNetwork/520.3.2 Darwin/11.3.0 (x86_64) (MacBookPro8%2C1)"
184.191.224.10 - - [04/Apr/2012:08:38:57 -0700] "GET /favicon.ico HTTP/1.1" 404 142 "-" "Caffeinated/1.1.1 CFNetwork/520.3.2 Darwin/11.3.0 (x86_64) (MacBookPro8%2C1)"
184.191.224.10 - - [04/Apr/2012:08:39:54 -0700] "GET / HTTP/1.1" 200 1430 "-" "Caffeinated/1.1.1 CFNetwork/520.3.2 Darwin/11.3.0 (x86_64) (MacBookPro8%2C1)"
184.191.224.10 - - [04/Apr/2012:08:39:54 -0700] "GET /favicon.ico HTTP/1.1" 404 142 "-" "Caffeinated/1.1.1 CFNetwork/520.3.2 Darwin/11.3.0 (x86_64) (MacBookPro8%2C1)"
184.191.224.10 - - [04/Apr/2012:08:40:17 -0700] "GET / HTTP/1.1" 200 1430 "-" "Caffeinated/1.1.1 CFNetwork/520.3.2 Darwin/11.3.0 (x86_64) (MacBookPro8%2C1)"
184.191.224.10 - - [04/Apr/2012:08:40:17 -0700] "GET /favicon.ico HTTP/1.1" 404 142 "-" "Caffeinated/1.1.1 CFNetwork/520.3.2 Darwin/11.3.0 (x86_64) (MacBookPro8%2C1)"
184.191.224.10 - - [04/Apr/2012:08:41:16 -0700] "GET / HTTP/1.1" 200 1430 "-" "Caffeinated/1.1.1 CFNetwork/520.3.2 Darwin/11.3.0 (x86_64) (MacBookPro8%2C1)"
184.191.224.10 - - [04/Apr/2012:08:41:17 -0700] "GET /favicon.ico HTTP/1.1" 404 142 "-" "Caffeinated/1.1.1 CFNetwork/520.3.2 Darwin/11.3.0 (x86_64) (MacBookPro8%2C1)"
184.191.224.10 - - [04/Apr/2012:08:41:39 -0700] "GET / HTTP/1.1" 200 1430 "-" "Caffeinated/1.1.1 CFNetwork/520.3.2 Darwin/11.3.0 (x86_64) (MacBookPro8%2C1)"
184.191.224.10 - - [04/Apr/2012:08:41:39 -0700] "GET /favicon.ico HTTP/1.1" 404 142 "-" "Caffeinated/1.1.1 CFNetwork/520.3.2 Darwin/11.3.0 (x86_64) (MacBookPro8%2C1)"
199.59.149.166 - - [04/Apr/2012:08:41:47 -0700] "GET /robots.txt HTTP/1.1" 404 211 "-" "Twitterbot/1.0"
199.59.149.166 - - [04/Apr/2012:08:41:47 -0700] "GET /r/17p0 HTTP/1.1" 301 257 "-" "Twitterbot/1.0"
199.59.149.166 - - [04/Apr/2012:08:41:47 -0700] "GET /s/ta/17p0/ HTTP/1.1" 302 389 "-" "Twitterbot/1.0"
69.171.234.5 - - [04/Apr/2012:08:42:16 -0700] "GET /r/282s HTTP/1.1" 301 257 "-" "facebookexternalhit/1.1 (+http://www.facebook.com/externalhit_uatext.php)"
69.171.234.7 - - [04/Apr/2012:08:42:16 -0700] "GET /s/ta/282s/ HTTP/1.1" 302 549 "-" "facebookexternalhit/1.1 (+http://www.facebook.com/externalhit_uatext.php)"
65.255.37.223 - - [04/Apr/2012:08:42:22 -0700] "GET /r/1ukb HTTP/1.1" 301 257 "http://ta.wikipedia.org/wiki/%E0%AE%AA%E0%AF%8B%E0%AE%A4%E0%AE%BF%E0%AE%A4%E0%AE%B0%E0%AF%8D%E0%AE%AE%E0%AE%A9%E0%AF%8D" "NokiaX2-02/2.0 (10.91) Profile/MIDP-2.1 Configuration/CLDC-1.1 nokiax2-02/UC Browser8.0.3.107/70/355"
65.255.37.223 - - [04/Apr/2012:08:42:22 -0700] "GET /s/ta/1ukb/ HTTP/1.1" 302 389 "http://ta.wikipedia.org/wiki/%E0%AE%AA%E0%AF%8B%E0%AE%A4%E0%AE%BF%E0%AE%A4%E0%AE%B0%E0%AF%8D%E0%AE%AE%E0%AE%A9%E0%AF%8D" "NokiaX2-02/2.0 (10.91) Profile/MIDP-2.1 Configuration/CLDC-1.1 nokiax2-02/UC Browser8.0.3.107/70/355"
184.191.224.10 - - [04/Apr/2012:08:42:39 -0700] "GET / HTTP/1.1" 200 1430 "-" "Caffeinated/1.1.1 CFNetwork/520.3.2 Darwin/11.3.0 (x86_64) (MacBookPro8%2C1)"
184.191.224.10 - - [04/Apr/2012:08:42:39 -0700] "GET /favicon.ico HTTP/1.1" 404 142 "-" "Caffeinated/1.1.1 CFNetwork/520.3.2 Darwin/11.3.0 (x86_64) (MacBookPro8%2C1)"
184.191.224.10 - - [04/Apr/2012:08:43:06 -0700] "GET / HTTP/1.1" 200 1430 "-" "Caffeinated/1.1.1 CFNetwork/520.3.2 Darwin/11.3.0 (x86_64) (MacBookPro8%2C1)"
184.191.224.10 - - [04/Apr/2012:08:43:06 -0700] "GET /favicon.ico HTTP/1.1" 404 142 "-" "Caffeinated/1.1.1 CFNetwork/520.3.2 Darwin/11.3.0 (x86_64) (MacBookPro8%2C1)"
174.129.240.65 - - [04/Apr/2012:08:43:22 -0700] "GET /r/17p0 HTTP/1.1" 301 257 "-" "Mozilla/5.0 (compatible; MSIE 8.0; Windows NT 6.0)"
174.129.240.65 - - [04/Apr/2012:08:43:22 -0700] "GET /s/ta/17p0/ HTTP/1.1" 302 389 "-" "Mozilla/5.0 (compatible; MSIE 8.0; Windows NT 6.0)"
184.191.224.10 - - [04/Apr/2012:08:44:03 -0700] "GET / HTTP/1.1" 200 1430 "-" "Caffeinated/1.1.1 CFNetwork/520.3.2 Darwin/11.3.0 (x86_64) (MacBookPro8%2C1)"
184.191.224.10 - - [04/Apr/2012:08:44:03 -0700] "GET /favicon.ico HTTP/1.1" 404 142 "-" "Caffeinated/1.1.1 CFNetwork/520.3.2 Darwin/11.3.0 (x86_64) (MacBookPro8%2C1)"
184.191.224.10 - - [04/Apr/2012:08:44:33 -0700] "GET / HTTP/1.1" 200 1430 "-" "Caffeinated/1.1.1 CFNetwork/520.3.2 Darwin/11.3.0 (x86_64) (MacBookPro8%2C1)"
184.191.224.10 - - [04/Apr/2012:08:44:33 -0700] "GET /favicon.ico HTTP/1.1" 404 142 "-" "Caffeinated/1.1.1 CFNetwork/520.3.2 Darwin/11.3.0 (x86_64) (MacBookPro8%2C1)"
67.215.230.28 - - [04/Apr/2012:08:44:50 -0700] "GET /robots.txt HTTP/1.0" 404 169 "-" "Setooz/Nutch-1.2 (http://www.setooz.com)"
67.215.230.28 - - [04/Apr/2012:08:44:50 -0700] "GET /stories HTTP/1.0" 301 185 "-" "Setooz/Nutch-1.2 (http://www.setooz.com)"
67.215.230.27 - - [04/Apr/2012:08:44:58 -0700] "GET /robots.txt HTTP/1.0" 404 169 "-" "Setooz/Nutch-1.2 (http://www.setooz.com)"
67.215.230.27 - - [04/Apr/2012:08:44:58 -0700] "GET / HTTP/1.0" 200 3439 "-" "Setooz/Nutch-1.2 (http://www.setooz.com)"
184.191.224.10 - - [04/Apr/2012:08:45:32 -0700] "GET / HTTP/1.1" 200 1430 "-" "Caffeinated/1.1.1 CFNetwork/520.3.2 Darwin/11.3.0 (x86_64) (MacBookPro8%2C1)"
184.191.224.10 - - [04/Apr/2012:08:45:32 -0700] "GET /favicon.ico HTTP/1.1" 404 142 "-" "Caffeinated/1.1.1 CFNetwork/520.3.2 Darwin/11.3.0 (x86_64) (MacBookPro8%2C1)"
184.191.224.10 - - [04/Apr/2012:08:46:00 -0700] "GET / HTTP/1.1" 200 1430 "-" "Caffeinated/1.1.1 CFNetwork/520.3.2 Darwin/11.3.0 (x86_64) (MacBookPro8%2C1)"
184.191.224.10 - - [04/Apr/2012:08:46:00 -0700] "GET /favicon.ico HTTP/1.1" 404 142 "-" "Caffeinated/1.1.1 CFNetwork/520.3.2 Darwin/11.3.0 (x86_64) (MacBookPro8%2C1)"
117.192.75.235 - - [04/Apr/2012:08:46:27 -0700] "GET /favicon.ico HTTP/1.1" 404 142 "http://prashanth-kamle.blogspot.in/" "Mozilla/5.0 (X11; Ubuntu; Linux i686; rv:11.0) Gecko/20100101 Firefox/11.0"
117.192.75.235 - - [04/Apr/2012:08:46:33 -0700] "-" 400 0 "-" "-"
85.17.88.169 - - [04/Apr/2012:08:46:44 -0700] "POST /blog/wp-cron.php?doing_wp_cron=1333554129 HTTP/1.0" 499 0 "-" "WordPress/3.3.1; http://yuvi.in/blog"
209.117.161.166 - - [04/Apr/2012:08:46:50 -0700] "GET /blog/tag/interview/ HTTP/1.1" 200 44663 "-" "-"
184.191.224.10 - - [04/Apr/2012:08:46:53 -0700] "GET / HTTP/1.1" 200 1430 "-" "Caffeinated/1.1.1 CFNetwork/520.3.2 Darwin/11.3.0 (x86_64) (MacBookPro8%2C1)"
184.191.224.10 - - [04/Apr/2012:08:46:53 -0700] "GET /favicon.ico HTTP/1.1" 404 142 "-" "Caffeinated/1.1.1 CFNetwork/520.3.2 Darwin/11.3.0 (x86_64) (MacBookPro8%2C1)"
184.191.224.10 - - [04/Apr/2012:08:47:21 -0700] "GET / HTTP/1.1" 200 1430 "-" "Caffeinated/1.1.1 CFNetwork/520.3.2 Darwin/11.3.0 (x86_64) (MacBookPro8%2C1)"
184.191.224.10 - - [04/Apr/2012:08:47:21 -0700] "GET /favicon.ico HTTP/1.1" 404 142 "-" "Caffeinated/1.1.1 CFNetwork/520.3.2 Darwin/11.3.0 (x86_64) (MacBookPro8%2C1)"
207.46.12.69 - - [04/Apr/2012:08:47:32 -0700] "-" 400 0 "-" "-"
207.46.12.69 - - [04/Apr/2012:08:47:32 -0700] "-" 400 0 "-" "-"
207.46.12.69 - - [04/Apr/2012:08:47:32 -0700] "-" 400 0 "-" "-"
207.46.12.69 - - [04/Apr/2012:08:47:33 -0700] "-" 400 0 "-" "-"
207.46.12.69 - - [04/Apr/2012:08:47:34 -0700] "-" 400 0 "-" "-"
207.46.12.69 - - [04/Apr/2012:08:47:34 -0700] "-" 400 0 "-" "-"
207.46.12.69 - - [04/Apr/2012:08:47:34 -0700] "-" 400 0 "-" "-"
207.46.12.69 - - [04/Apr/2012:08:47:34 -0700] "-" 400 0 "-" "-"
207.46.12.69 - - [04/Apr/2012:08:47:36 -0700] "-" 400 0 "-" "-"
14.99.31.159 - - [04/Apr/2012:08:47:41 -0700] "-" 400 0 "-" "-"
184.191.224.10 - - [04/Apr/2012:08:48:15 -0700] "GET / HTTP/1.1" 200 1430 "-" "Caffeinated/1.1.1 CFNetwork/520.3.2 Darwin/11.3.0 (x86_64) (MacBookPro8%2C1)"
184.191.224.10 - - [04/Apr/2012:08:48:15 -0700] "GET /favicon.ico HTTP/1.1" 404 142 "-" "Caffeinated/1.1.1 CFNetwork/520.3.2 Darwin/11.3.0 (x86_64) (MacBookPro8%2C1)"
117.193.152.128 - - [04/Apr/2012:08:48:41 -0700] "-" 400 0 "-" "-"
184.191.224.10 - - [04/Apr/2012:08:48:46 -0700] "GET / HTTP/1.1" 200 1430 "-" "Caffeinated/1.1.1 CFNetwork/520.3.2 Darwin/11.3.0 (x86_64) (MacBookPro8%2C1)"
184.191.224.10 - - [04/Apr/2012:08:48:46 -0700] "GET /favicon.ico HTTP/1.1" 404 142 "-" "Caffeinated/1.1.1 CFNetwork/520.3.2 Darwin/11.3.0 (x86_64) (MacBookPro8%2C1)"
184.191.224.10 - - [04/Apr/2012:08:49:42 -0700] "GET / HTTP/1.1" 200 1430 "-" "Caffeinated/1.1.1 CFNetwork/520.3.2 Darwin/11.3.0 (x86_64) (MacBookPro8%2C1)"
184.191.224.10 - - [04/Apr/2012:08:49:42 -0700] "GET /favicon.ico HTTP/1.1" 404 142 "-" "Caffeinated/1.1.1 CFNetwork/520.3.2 Darwin/11.3.0 (x86_64) (MacBookPro8%2C1)"
184.191.224.10 - - [04/Apr/2012:08:50:13 -0700] "GET / HTTP/1.1" 200 1430 "-" "Caffeinated/1.1.1 CFNetwork/520.3.2 Darwin/11.3.0 (x86_64) (MacBookPro8%2C1)"
184.191.224.10 - - [04/Apr/2012:08:50:13 -0700] "GET /favicon.ico HTTP/1.1" 404 142 "-" "Caffeinated/1.1.1 CFNetwork/520.3.2 Darwin/11.3.0 (x86_64) (MacBookPro8%2C1)"
180.76.5.63 - - [04/Apr/2012:08:50:48 -0700] "GET /robots.txt HTTP/1.1" 404 142 "-" "Mozilla/5.0 (Windows NT 5.1; rv:6.0.2) Gecko/20100101 Firefox/6.0.2"
14.99.31.159 - - [04/Apr/2012:08:51:01 -0700] "-" 400 0 "-" "-"
184.191.224.10 - - [04/Apr/2012:08:51:13 -0700] "GET / HTTP/1.1" 200 1430 "-" "Caffeinated/1.1.1 CFNetwork/520.3.2 Darwin/11.3.0 (x86_64) (MacBookPro8%2C1)"
184.191.224.10 - - [04/Apr/2012:08:51:13 -0700] "GET /favicon.ico HTTP/1.1" 404 142 "-" "Caffeinated/1.1.1 CFNetwork/520.3.2 Darwin/11.3.0 (x86_64) (MacBookPro8%2C1)"
184.191.224.10 - - [04/Apr/2012:08:51:44 -0700] "GET / HTTP/1.1" 200 1430 "-" "Caffeinated/1.1.1 CFNetwork/520.3.2 Darwin/11.3.0 (x86_64) (MacBookPro8%2C1)"
184.191.224.10 - - [04/Apr/2012:08:51:44 -0700] "GET /favicon.ico HTTP/1.1" 404 142 "-" "Caffeinated/1.1.1 CFNetwork/520.3.2 Darwin/11.3.0 (x86_64) (MacBookPro8%2C1)"
117.193.152.128 - - [04/Apr/2012:08:51:51 -0700] "-" 400 0 "-" "-"
184.191.224.10 - - [04/Apr/2012:08:52:43 -0700] "GET / HTTP/1.1" 200 1430 "-" "Caffeinated/1.1.1 CFNetwork/520.3.2 Darwin/11.3.0 (x86_64) (MacBookPro8%2C1)"
184.191.224.10 - - [04/Apr/2012:08:52:43 -0700] "GET /favicon.ico HTTP/1.1" 404 142 "-" "Caffeinated/1.1.1 CFNetwork/520.3.2 Darwin/11.3.0 (x86_64) (MacBookPro8%2C1)"
184.191.224.10 - - [04/Apr/2012:08:53:14 -0700] "GET / HTTP/1.1" 200 1430 "-" "Caffeinated/1.1.1 CFNetwork/520.3.2 Darwin/11.3.0 (x86_64) (MacBookPro8%2C1)"
184.191.224.10 - - [04/Apr/2012:08:53:14 -0700] "GET /favicon.ico HTTP/1.1" 404 142 "-" "Caffeinated/1.1.1 CFNetwork/520.3.2 Darwin/11.3.0 (x86_64) (MacBookPro8%2C1)"
85.17.88.169 - - [04/Apr/2012:08:53:45 -0700] "POST /blog/wp-cron.php?doing_wp_cron=1333554550 HTTP/1.0" 499 0 "-" "WordPress/3.3.1; http://yuvi.in/blog"
209.117.161.166 - - [04/Apr/2012:08:53:51 -0700] "GET /blog/tag/photography/ HTTP/1.1" 200 26453 "-" "-"
117.216.117.70 - - [04/Apr/2012:08:53:57 -0700] "-" 400 0 "-" "-"
184.191.224.10 - - [04/Apr/2012:08:54:16 -0700] "GET / HTTP/1.1" 200 1430 "-" "Caffeinated/1.1.1 CFNetwork/520.3.2 Darwin/11.3.0 (x86_64) (MacBookPro8%2C1)"
184.191.224.10 - - [04/Apr/2012:08:54:16 -0700] "GET /favicon.ico HTTP/1.1" 404 142 "-" "Caffeinated/1.1.1 CFNetwork/520.3.2 Darwin/11.3.0 (x86_64) (MacBookPro8%2C1)"
85.17.88.169 - - [04/Apr/2012:08:54:24 -0700] "POST /blog/wp-cron.php?doing_wp_cron=1333554589 HTTP/1.0" 499 0 "-" "WordPress/3.3.1; http://yuvi.in/blog"
209.85.224.81 - - [04/Apr/2012:08:54:25 -0700] "GET /blog/feed HTTP/1.1" 304 0 "-" "FeedBurner/1.0 (http://www.FeedBurner.com)"
207.46.204.171 - - [04/Apr/2012:08:54:30 -0700] "-" 400 0 "-" "-"
207.46.204.171 - - [04/Apr/2012:08:54:30 -0700] "-" 400 0 "-" "-"
207.46.204.171 - - [04/Apr/2012:08:54:30 -0700] "-" 400 0 "-" "-"
207.46.204.171 - - [04/Apr/2012:08:54:30 -0700] "-" 400 0 "-" "-"
207.46.204.171 - - [04/Apr/2012:08:54:31 -0700] "-" 400 0 "-" "-"
207.46.204.171 - - [04/Apr/2012:08:54:31 -0700] "-" 400 0 "-" "-"
207.46.204.171 - - [04/Apr/2012:08:54:31 -0700] "-" 400 0 "-" "-"
207.46.204.171 - - [04/Apr/2012:08:54:31 -0700] "-" 400 0 "-" "-"
207.46.204.171 - - [04/Apr/2012:08:54:31 -0700] "-" 400 0 "-" "-"
207.46.204.171 - - [04/Apr/2012:08:54:31 -0700] "-" 400 0 "-" "-"
184.191.224.10 - - [04/Apr/2012:08:54:42 -0700] "GET / HTTP/1.1" 200 1430 "-" "Caffeinated/1.1.1 CFNetwork/520.3.2 Darwin/11.3.0 (x86_64) (MacBookPro8%2C1)"
184.191.224.10 - - [04/Apr/2012:08:54:43 -0700] "GET /favicon.ico HTTP/1.1" 404 142 "-" "Caffeinated/1.1.1 CFNetwork/520.3.2 Darwin/11.3.0 (x86_64) (MacBookPro8%2C1)"
115.242.178.144 - - [04/Apr/2012:08:54:56 -0700] "GET /r/14b3 HTTP/1.1" 301 257 "http://ta.wikipedia.org/wiki/%E0%AE%AA%E0%AE%95%E0%AF%81%E0%AE%AA%E0%AF%8D%E0%AE%AA%E0%AF%81:%E0%AE%AA%E0%AF%86%E0%AE%A3%E0%AF%8D_%E0%AE%87%E0%AE%A9%E0%AE%AA%E0%AF%8D%E0%AE%AA%E0%AF%86%E0%AE%B0%E0%AF%81%E0%AE%95%E0%AF%8D%E0%AE%95%E0%AE%AE%E0%AF%8D_%E0%AE%A4%E0%AF%8A%E0%AE%95%E0%AF%81%E0%AE%A4%E0%AE%BF" "Mozilla/5.0 (Windows NT 5.1) AppleWebKit/535.19 (KHTML, like Gecko) Chrome/18.0.1025.142 Safari/535.19"
115.242.178.144 - - [04/Apr/2012:08:54:57 -0700] "GET /s/ta/14b3/ HTTP/1.1" 302 635 "http://ta.wikipedia.org/wiki/%E0%AE%AA%E0%AE%95%E0%AF%81%E0%AE%AA%E0%AF%8D%E0%AE%AA%E0%AF%81:%E0%AE%AA%E0%AF%86%E0%AE%A3%E0%AF%8D_%E0%AE%87%E0%AE%A9%E0%AE%AA%E0%AF%8D%E0%AE%AA%E0%AF%86%E0%AE%B0%E0%AF%81%E0%AE%95%E0%AF%8D%E0%AE%95%E0%AE%AE%E0%AF%8D_%E0%AE%A4%E0%AF%8A%E0%AE%95%E0%AF%81%E0%AE%A4%E0%AE%BF" "Mozilla/5.0 (Windows NT 5.1) AppleWebKit/535.19 (KHTML, like Gecko) Chrome/18.0.1025.142 Safari/535.19"
207.46.204.171 - - [04/Apr/2012:08:55:17 -0700] "-" 400 0 "-" "-"
184.191.224.10 - - [04/Apr/2012:08:55:42 -0700] "GET / HTTP/1.1" 200 1430 "-" "Caffeinated/1.1.1 CFNetwork/520.3.2 Darwin/11.3.0 (x86_64) (MacBookPro8%2C1)"
184.191.224.10 - - [04/Apr/2012:08:55:42 -0700] "GET /favicon.ico HTTP/1.1" 404 142 "-" "Caffeinated/1.1.1 CFNetwork/520.3.2 Darwin/11.3.0 (x86_64) (MacBookPro8%2C1)"
141.0.9.223 - - [04/Apr/2012:08:55:46 -0700] "-" 400 0 "-" "-"
202.156.9.249 - - [04/Apr/2012:08:55:54 -0700] "GET /r/0 HTTP/1.1" 301 251 "http://ta.wikipedia.org/wiki/Chozhia_Vellalar" "Mozilla/5.0 (Linux; U; Android 3.2; en-gb; GT-P7500 Build/HTJ85B) AppleWebKit/534.13 (KHTML, like Gecko) Version/4.0 Safari/534.13"
202.156.9.249 - - [04/Apr/2012:08:55:55 -0700] "GET /s/ta/0/ HTTP/1.1" 502 173 "http://ta.wikipedia.org/wiki/Chozhia_Vellalar" "Mozilla/5.0 (Linux; U; Android 3.2; en-gb; GT-P7500 Build/HTJ85B) AppleWebKit/534.13 (KHTML, like Gecko) Version/4.0 Safari/534.13"
202.156.9.249 - - [04/Apr/2012:08:55:55 -0700] "GET /favicon.ico HTTP/1.1" 404 211 "http://tawp.in/s/ta/0/" "Mozilla/5.0 (Linux; U; Android 3.2; en-gb; GT-P7500 Build/HTJ85B) AppleWebKit/534.13 (KHTML, like Gecko) Version/4.0 Safari/534.13"
122.174.39.253 - - [04/Apr/2012:08:56:12 -0700] "-" 400 0 "-" "-"
122.174.39.253 - - [04/Apr/2012:08:56:12 -0700] "-" 400 0 "-" "-"
122.174.39.253 - - [04/Apr/2012:08:56:12 -0700] "-" 400 0 "-" "-"
122.174.39.253 - - [04/Apr/2012:08:56:12 -0700] "-" 400 0 "-" "-"
122.174.39.253 - - [04/Apr/2012:08:56:12 -0700] "-" 400 0 "-" "-"
184.191.224.10 - - [04/Apr/2012:08:56:15 -0700] "GET / HTTP/1.1" 200 1430 "-" "Caffeinated/1.1.1 CFNetwork/520.3.2 Darwin/11.3.0 (x86_64) (MacBookPro8%2C1)"
184.191.224.10 - - [04/Apr/2012:08:56:15 -0700] "GET /favicon.ico HTTP/1.1" 404 142 "-" "Caffeinated/1.1.1 CFNetwork/520.3.2 Darwin/11.3.0 (x86_64) (MacBookPro8%2C1)"
122.174.39.253 - - [04/Apr/2012:08:56:52 -0700] "-" 400 0 "-" "-"
122.174.39.253 - - [04/Apr/2012:08:56:52 -0700] "-" 400 0 "-" "-"
122.174.39.253 - - [04/Apr/2012:08:56:52 -0700] "-" 400 0 "-" "-"
122.174.39.253 - - [04/Apr/2012:08:56:52 -0700] "-" 400 0 "-" "-"
184.191.224.10 - - [04/Apr/2012:08:57:15 -0700] "GET / HTTP/1.1" 200 1430 "-" "Caffeinated/1.1.1 CFNetwork/520.3.2 Darwin/11.3.0 (x86_64) (MacBookPro8%2C1)"
184.191.224.10 - - [04/Apr/2012:08:57:15 -0700] "GET /favicon.ico HTTP/1.1" 404 142 "-" "Caffeinated/1.1.1 CFNetwork/520.3.2 Darwin/11.3.0 (x86_64) (MacBookPro8%2C1)"
122.174.39.253 - - [04/Apr/2012:08:57:42 -0700] "-" 400 0 "-" "-"
122.174.39.253 - - [04/Apr/2012:08:57:42 -0700] "-" 400 0 "-" "-"
122.174.39.253 - - [04/Apr/2012:08:57:42 -0700] "-" 400 0 "-" "-"
184.191.224.10 - - [04/Apr/2012:08:57:52 -0700] "GET / HTTP/1.1" 200 1430 "-" "Caffeinated/1.1.1 CFNetwork/520.3.2 Darwin/11.3.0 (x86_64) (MacBookPro8%2C1)"
184.191.224.10 - - [04/Apr/2012:08:57:52 -0700] "GET /favicon.ico HTTP/1.1" 404 142 "-" "Caffeinated/1.1.1 CFNetwork/520.3.2 Darwin/11.3.0 (x86_64) (MacBookPro8%2C1)"
184.191.224.10 - - [04/Apr/2012:08:58:50 -0700] "GET / HTTP/1.1" 200 1430 "-" "Caffeinated/1.1.1 CFNetwork/520.3.2 Darwin/11.3.0 (x86_64) (MacBookPro8%2C1)"
184.191.224.10 - - [04/Apr/2012:08:58:50 -0700] "GET /favicon.ico HTTP/1.1" 404 142 "-" "Caffeinated/1.1.1 CFNetwork/520.3.2 Darwin/11.3.0 (x86_64) (MacBookPro8%2C1)"
184.191.224.10 - - [04/Apr/2012:08:59:22 -0700] "GET / HTTP/1.1" 200 1430 "-" "Caffeinated/1.1.1 CFNetwork/520.3.2 Darwin/11.3.0 (x86_64) (MacBookPro8%2C1)"
184.191.224.10 - - [04/Apr/2012:08:59:22 -0700] "GET /favicon.ico HTTP/1.1" 404 142 "-" "Caffeinated/1.1.1 CFNetwork/520.3.2 Darwin/11.3.0 (x86_64) (MacBookPro8%2C1)"
85.17.88.169 - - [04/Apr/2012:08:59:24 -0700] "POST /blog/wp-cron.php?doing_wp_cron=1333554890 HTTP/1.0" 499 0 "-" "WordPress/3.3.1; http://yuvi.in/blog"
85.17.88.169 - - [04/Apr/2012:08:59:24 -0700] "POST /blog/wp-cron.php?doing_wp_cron=1333554890 HTTP/1.0" 499 0 "-" "WordPress/3.3.1; http://yuvi.in/blog"
23.20.102.174 - - [04/Apr/2012:08:59:25 -0700] "GET /blog/infosys-tcs-or-wipro-none/ HTTP/1.1" 200 7089 "-" "Mozilla/5.0 (Macintosh; U; Intel Mac OS X 10.6; en-US; rv:1.9.2) Gecko/20100115 Firefox/3.6 (FlipboardProxy/1.1; +http://flipboard.com/browserproxy)"
23.20.102.174 - - [04/Apr/2012:08:59:25 -0700] "GET /blog/belated-samsung-galaxy-3-review/ HTTP/1.1" 200 6119 "-" "Mozilla/5.0 (Macintosh; U; Intel Mac OS X 10.6; en-US; rv:1.9.2) Gecko/20100115 Firefox/3.6 (FlipboardProxy/1.1; +http://flipboard.com/browserproxy)"
85.17.88.169 - - [04/Apr/2012:09:00:07 -0700] "POST /blog/wp-cron.php?doing_wp_cron=1333554932 HTTP/1.0" 499 0 "-" "WordPress/3.3.1; http://yuvi.in/blog"
209.85.238.244 - - [04/Apr/2012:09:00:07 -0700] "GET /blog/feed HTTP/1.1" 301 0 "-" "Feedfetcher-Google; (+http://www.google.com/feedfetcher.html; 3 subscribers; feed-id=17684830852112633560)"
85.17.88.169 - - [04/Apr/2012:09:00:09 -0700] "POST /blog/wp-cron.php?doing_wp_cron=1333554934 HTTP/1.0" 499 0 "-" "WordPress/3.3.1; http://yuvi.in/blog"
209.85.238.244 - - [04/Apr/2012:09:00:09 -0700] "GET /blog/feed/ HTTP/1.1" 304 0 "-" "Feedfetcher-Google; (+http://www.google.com/feedfetcher.html; 3 subscribers; feed-id=17684830852112633560)"
184.191.224.10 - - [04/Apr/2012:09:00:21 -0700] "GET / HTTP/1.1" 200 1430 "-" "Caffeinated/1.1.1 CFNetwork/520.3.2 Darwin/11.3.0 (x86_64) (MacBookPro8%2C1)"
184.191.224.10 - - [04/Apr/2012:09:00:21 -0700] "GET /favicon.ico HTTP/1.1" 404 142 "-" "Caffeinated/1.1.1 CFNetwork/520.3.2 Darwin/11.3.0 (x86_64) (MacBookPro8%2C1)"
59.178.141.140 - - [04/Apr/2012:09:00:51 -0700] "-" 400 0 "-" "-"
184.191.224.10 - - [04/Apr/2012:09:00:52 -0700] "GET / HTTP/1.1" 200 1430 "-" "Caffeinated/1.1.1 CFNetwork/520.3.2 Darwin/11.3.0 (x86_64) (MacBookPro8%2C1)"
184.191.224.10 - - [04/Apr/2012:09:00:52 -0700] "GET /favicon.ico HTTP/1.1" 404 142 "-" "Caffeinated/1.1.1 CFNetwork/520.3.2 Darwin/11.3.0 (x86_64) (MacBookPro8%2C1)"
123.236.215.85 - - [04/Apr/2012:09:01:00 -0700] "GET /r/17q HTTP/1.1" 301 255 "http://ta.wikipedia.org/wiki/%E0%AE%B8%E0%AF%8D%E0%AE%9F%E0%AF%80%E0%AE%AA%E0%AE%A9%E0%AF%8D_%E0%AE%B9%E0%AF%8B%E0%AE%95%E0%AF%8D%E0%AE%95%E0%AE%BF%E0%AE%99%E0%AF%8D" "Mozilla/5.0 (Windows NT 6.1; WOW64) AppleWebKit/535.19 (KHTML, like Gecko) Chrome/18.0.1025.142 Safari/535.19"
123.236.215.85 - - [04/Apr/2012:09:01:01 -0700] "GET /s/ta/17q/ HTTP/1.1" 302 449 "http://ta.wikipedia.org/wiki/%E0%AE%B8%E0%AF%8D%E0%AE%9F%E0%AF%80%E0%AE%AA%E0%AE%A9%E0%AF%8D_%E0%AE%B9%E0%AF%8B%E0%AE%95%E0%AF%8D%E0%AE%95%E0%AE%BF%E0%AE%99%E0%AF%8D" "Mozilla/5.0 (Windows NT 6.1; WOW64) AppleWebKit/535.19 (KHTML, like Gecko) Chrome/18.0.1025.142 Safari/535.19"
123.236.215.85 - - [04/Apr/2012:09:01:05 -0700] "GET /s/ta/17q/ HTTP/1.1" 302 449 "http://ta.wikipedia.org/wiki/%E0%AE%B8%E0%AF%8D%E0%AE%9F%E0%AF%80%E0%AE%AA%E0%AE%A9%E0%AF%8D_%E0%AE%B9%E0%AF%8B%E0%AE%95%E0%AF%8D%E0%AE%95%E0%AE%BF%E0%AE%99%E0%AF%8D" "Mozilla/5.0 (Windows NT 6.1; WOW64) AppleWebKit/535.19 (KHTML, like Gecko) Chrome/18.0.1025.142 Safari/535.19"
14.99.31.159 - - [04/Apr/2012:09:01:11 -0700] "-" 400 0 "-" "-"
123.236.215.85 - - [04/Apr/2012:09:01:20 -0700] "-" 400 0 "-" "-"
223.236.180.78 - - [04/Apr/2012:09:01:38 -0700] "-" 400 0 "-" "-"
184.191.224.10 - - [04/Apr/2012:09:01:51 -0700] "GET / HTTP/1.1" 200 1430 "-" "Caffeinated/1.1.1 CFNetwork/520.3.2 Darwin/11.3.0 (x86_64) (MacBookPro8%2C1)"
184.191.224.10 - - [04/Apr/2012:09:01:51 -0700] "GET /favicon.ico HTTP/1.1" 404 142 "-" "Caffeinated/1.1.1 CFNetwork/520.3.2 Darwin/11.3.0 (x86_64) (MacBookPro8%2C1)"
184.191.224.10 - - [04/Apr/2012:09:02:35 -0700] "GET / HTTP/1.1" 200 1430 "-" "Caffeinated/1.1.1 CFNetwork/520.3.2 Darwin/11.3.0 (x86_64) (MacBookPro8%2C1)"
184.191.224.10 - - [04/Apr/2012:09:02:35 -0700] "GET /favicon.ico HTTP/1.1" 404 142 "-" "Caffeinated/1.1.1 CFNetwork/520.3.2 Darwin/11.3.0 (x86_64) (MacBookPro8%2C1)"
85.17.88.169 - - [04/Apr/2012:09:03:02 -0700] "POST /blog/wp-cron.php?doing_wp_cron=1333555108 HTTP/1.0" 499 0 "-" "WordPress/3.3.1; http://yuvi.in/blog"
209.117.161.166 - - [04/Apr/2012:09:03:08 -0700] "GET /blog/tag/js/ HTTP/1.1" 200 16193 "-" "-"
184.191.224.10 - - [04/Apr/2012:09:03:20 -0700] "GET / HTTP/1.1" 200 1430 "-" "Caffeinated/1.1.1 CFNetwork/520.3.2 Darwin/11.3.0 (x86_64) (MacBookPro8%2C1)"
184.191.224.10 - - [04/Apr/2012:09:03:20 -0700] "GET /favicon.ico HTTP/1.1" 404 142 "-" "Caffeinated/1.1.1 CFNetwork/520.3.2 Darwin/11.3.0 (x86_64) (MacBookPro8%2C1)"
184.191.224.10 - - [04/Apr/2012:09:04:01 -0700] "GET / HTTP/1.1" 200 1430 "-" "Caffeinated/1.1.1 CFNetwork/520.3.2 Darwin/11.3.0 (x86_64) (MacBookPro8%2C1)"
184.191.224.10 - - [04/Apr/2012:09:04:01 -0700] "GET /favicon.ico HTTP/1.1" 404 142 "-" "Caffeinated/1.1.1 CFNetwork/520.3.2 Darwin/11.3.0 (x86_64) (MacBookPro8%2C1)"
117.202.131.156 - - [04/Apr/2012:09:04:19 -0700] "-" 400 0 "-" "-"
117.202.131.156 - - [04/Apr/2012:09:04:19 -0700] "-" 400 0 "-" "-"
184.191.224.10 - - [04/Apr/2012:09:04:45 -0700] "GET / HTTP/1.1" 200 1430 "-" "Caffeinated/1.1.1 CFNetwork/520.3.2 Darwin/11.3.0 (x86_64) (MacBookPro8%2C1)"
184.191.224.10 - - [04/Apr/2012:09:04:46 -0700] "GET /favicon.ico HTTP/1.1" 404 142 "-" "Caffeinated/1.1.1 CFNetwork/520.3.2 Darwin/11.3.0 (x86_64) (MacBookPro8%2C1)"
184.191.224.10 - - [04/Apr/2012:09:05:28 -0700] "GET / HTTP/1.1" 200 1430 "-" "Caffeinated/1.1.1 CFNetwork/520.3.2 Darwin/11.3.0 (x86_64) (MacBookPro8%2C1)"
184.191.224.10 - - [04/Apr/2012:09:05:28 -0700] "GET /favicon.ico HTTP/1.1" 404 142 "-" "Caffeinated/1.1.1 CFNetwork/520.3.2 Darwin/11.3.0 (x86_64) (MacBookPro8%2C1)"
117.202.131.156 - - [04/Apr/2012:09:06:09 -0700] "-" 400 0 "-" "-"
184.191.224.10 - - [04/Apr/2012:09:06:15 -0700] "GET / HTTP/1.1" 200 1430 "-" "Caffeinated/1.1.1 CFNetwork/520.3.2 Darwin/11.3.0 (x86_64) (MacBookPro8%2C1)"
184.191.224.10 - - [04/Apr/2012:09:06:15 -0700] "GET /favicon.ico HTTP/1.1" 404 142 "-" "Caffeinated/1.1.1 CFNetwork/520.3.2 Darwin/11.3.0 (x86_64) (MacBookPro8%2C1)"
117.202.131.156 - - [04/Apr/2012:09:06:49 -0700] "-" 400 0 "-" "-"
117.202.131.156 - - [04/Apr/2012:09:06:49 -0700] "-" 400 0 "-" "-"
117.202.131.156 - - [04/Apr/2012:09:06:49 -0700] "-" 400 0 "-" "-"
117.202.131.156 - - [04/Apr/2012:09:06:49 -0700] "-" 400 0 "-" "-"
184.191.224.10 - - [04/Apr/2012:09:06:54 -0700] "GET / HTTP/1.1" 200 1430 "-" "Caffeinated/1.1.1 CFNetwork/520.3.2 Darwin/11.3.0 (x86_64) (MacBookPro8%2C1)"
184.191.224.10 - - [04/Apr/2012:09:06:54 -0700] "GET /favicon.ico HTTP/1.1" 404 142 "-" "Caffeinated/1.1.1 CFNetwork/520.3.2 Darwin/11.3.0 (x86_64) (MacBookPro8%2C1)"
117.193.224.94 - - [04/Apr/2012:09:07:21 -0700] "-" 400 0 "-" "-"
184.191.224.10 - - [04/Apr/2012:09:07:41 -0700] "GET / HTTP/1.1" 200 1430 "-" "Caffeinated/1.1.1 CFNetwork/520.3.2 Darwin/11.3.0 (x86_64) (MacBookPro8%2C1)"
184.191.224.10 - - [04/Apr/2012:09:07:41 -0700] "GET /favicon.ico HTTP/1.1" 404 142 "-" "Caffeinated/1.1.1 CFNetwork/520.3.2 Darwin/11.3.0 (x86_64) (MacBookPro8%2C1)"
117.202.131.156 - - [04/Apr/2012:09:07:49 -0700] "-" 400 0 "-" "-"
184.191.224.10 - - [04/Apr/2012:09:08:24 -0700] "GET / HTTP/1.1" 200 1430 "-" "Caffeinated/1.1.1 CFNetwork/520.3.2 Darwin/11.3.0 (x86_64) (MacBookPro8%2C1)"
184.191.224.10 - - [04/Apr/2012:09:08:24 -0700] "GET /favicon.ico HTTP/1.1" 404 142 "-" "Caffeinated/1.1.1 CFNetwork/520.3.2 Darwin/11.3.0 (x86_64) (MacBookPro8%2C1)"
174.129.63.176 - - [04/Apr/2012:09:08:24 -0700] "GET /r/17p0 HTTP/1.1" 301 257 "-" "Mozilla/5.0 (Macintosh; U; Intel Mac OS X 10.6; en-US; rv:1.9.2) Gecko/20100115 Firefox/3.6 (FlipboardProxy/1.1; +http://flipboard.com/browserproxy)"
174.129.63.176 - - [04/Apr/2012:09:08:24 -0700] "GET /s/ta/17p0/ HTTP/1.1" 302 389 "-" "Mozilla/5.0 (Macintosh; U; Intel Mac OS X 10.6; en-US; rv:1.9.2) Gecko/20100115 Firefox/3.6 (FlipboardProxy/1.1; +http://flipboard.com/browserproxy)"
184.191.224.10 - - [04/Apr/2012:09:09:14 -0700] "GET / HTTP/1.1" 200 1430 "-" "Caffeinated/1.1.1 CFNetwork/520.3.2 Darwin/11.3.0 (x86_64) (MacBookPro8%2C1)"
184.191.224.10 - - [04/Apr/2012:09:09:15 -0700] "GET /favicon.ico HTTP/1.1" 404 142 "-" "Caffeinated/1.1.1 CFNetwork/520.3.2 Darwin/11.3.0 (x86_64) (MacBookPro8%2C1)"
141.0.9.121 - - [04/Apr/2012:09:09:35 -0700] "GET /r/5pa HTTP/1.1" 301 255 "http://ta.wikipedia.org/wiki/%E0%AE%AA%E0%AE%95%E0%AF%81%E0%AE%AA%E0%AF%8D%E0%AE%AA%E0%AF%81:%E0%AE%A8%E0%AE%AA%E0%AE%B0%E0%AF%8D%E0%AE%95%E0%AE%B3%E0%AF%8D" "Opera/9.80 (J2ME/MIDP; Opera Mini/4.4.28684/27.1407; U; en) Presto/2.8.119 Version/11.10"
141.0.9.121 - - [04/Apr/2012:09:09:36 -0700] "GET /s/ta/5pa/ HTTP/1.1" 302 435 "http://ta.wikipedia.org/wiki/%E0%AE%AA%E0%AE%95%E0%AF%81%E0%AE%AA%E0%AF%8D%E0%AE%AA%E0%AF%81:%E0%AE%A8%E0%AE%AA%E0%AE%B0%E0%AF%8D%E0%AE%95%E0%AE%B3%E0%AF%8D" "Opera/9.80 (J2ME/MIDP; Opera Mini/4.4.28684/27.1407; U; en) Presto/2.8.119 Version/11.10"
117.193.224.94 - - [04/Apr/2012:09:09:41 -0700] "-" 400 0 "-" "-"
117.193.224.94 - - [04/Apr/2012:09:09:41 -0700] "-" 400 0 "-" "-"
117.193.224.94 - - [04/Apr/2012:09:09:41 -0700] "-" 400 0 "-" "-"
117.193.224.94 - - [04/Apr/2012:09:09:41 -0700] "-" 400 0 "-" "-"
117.193.224.94 - - [04/Apr/2012:09:09:41 -0700] "-" 400 0 "-" "-"
117.202.131.156 - - [04/Apr/2012:09:09:53 -0700] "-" 400 0 "-" "-"
117.202.131.156 - - [04/Apr/2012:09:09:53 -0700] "-" 400 0 "-" "-"
117.202.131.156 - - [04/Apr/2012:09:09:53 -0700] "-" 400 0 "-" "-"
117.202.131.156 - - [04/Apr/2012:09:09:53 -0700] "-" 400 0 "-" "-"
69.171.229.247 - - [04/Apr/2012:09:10:14 -0700] "GET /r/8i4 HTTP/1.1" 301 255 "-" "facebookexternalhit/1.1 (+http://www.facebook.com/externalhit_uatext.php)"
69.171.229.248 - - [04/Apr/2012:09:10:15 -0700] "GET /s/ta/8i4/ HTTP/1.1" 302 337 "-" "facebookexternalhit/1.1 (+http://www.facebook.com/externalhit_uatext.php)"
184.191.224.10 - - [04/Apr/2012:09:10:15 -0700] "GET / HTTP/1.1" 200 1430 "-" "Caffeinated/1.1.1 CFNetwork/520.3.2 Darwin/11.3.0 (x86_64) (MacBookPro8%2C1)"
184.191.224.10 - - [04/Apr/2012:09:10:15 -0700] "GET /favicon.ico HTTP/1.1" 404 142 "-" "Caffeinated/1.1.1 CFNetwork/520.3.2 Darwin/11.3.0 (x86_64) (MacBookPro8%2C1)"
69.171.229.247 - - [04/Apr/2012:09:10:16 -0700] "GET /r/3g7 HTTP/1.1" 301 255 "-" "facebookexternalhit/1.1 (+http://www.facebook.com/externalhit_uatext.php)"
69.171.229.246 - - [04/Apr/2012:09:10:16 -0700] "GET /s/ta/3g7/ HTTP/1.1" 302 465 "-" "facebookexternalhit/1.1 (+http://www.facebook.com/externalhit_uatext.php)"
14.96.168.91 - - [04/Apr/2012:09:10:21 -0700] "-" 400 0 "-" "-"
184.191.224.10 - - [04/Apr/2012:09:10:46 -0700] "GET / HTTP/1.1" 200 1430 "-" "Caffeinated/1.1.1 CFNetwork/520.3.2 Darwin/11.3.0 (x86_64) (MacBookPro8%2C1)"
184.191.224.10 - - [04/Apr/2012:09:10:46 -0700] "GET /favicon.ico HTTP/1.1" 404 142 "-" "Caffeinated/1.1.1 CFNetwork/520.3.2 Darwin/11.3.0 (x86_64) (MacBookPro8%2C1)"
117.202.131.156 - - [04/Apr/2012:09:10:54 -0700] "-" 400 0 "-" "-"
117.202.131.156 - - [04/Apr/2012:09:10:54 -0700] "-" 400 0 "-" "-"
117.202.131.156 - - [04/Apr/2012:09:10:54 -0700] "-" 400 0 "-" "-"
69.171.228.247 - - [04/Apr/2012:09:11:00 -0700] "GET /r/3g7 HTTP/1.1" 301 255 "-" "facebookexternalhit/1.1 (+http://www.facebook.com/externalhit_uatext.php)"
69.171.228.248 - - [04/Apr/2012:09:11:00 -0700] "GET /s/ta/3g7/ HTTP/1.1" 302 465 "-" "facebookexternalhit/1.1 (+http://www.facebook.com/externalhit_uatext.php)"
