85.17.88.169 - - [16/Apr/2012:21:29:39 -0700] "POST /blog/wp-cron.php?doing_wp_cron=1334636604 HTTP/1.0" 499 0 "-" "WordPress/3.3.1; http://yuvi.in/blog"
183.82.77.13 - - [16/Apr/2012:21:29:39 -0700] "GET /blog/feed/ HTTP/1.0" 304 0 "-" "FeedDemon/4.0 (http://www.feeddemon.com/; Microsoft Windows)"
117.193.162.32 - - [16/Apr/2012:21:29:48 -0700] "-" 400 0 "-" "-"
207.46.204.173 - - [16/Apr/2012:21:30:55 -0700] "-" 400 0 "-" "-"
207.46.204.173 - - [16/Apr/2012:21:30:56 -0700] "-" 400 0 "-" "-"
207.46.204.173 - - [16/Apr/2012:21:30:56 -0700] "-" 400 0 "-" "-"
207.46.204.173 - - [16/Apr/2012:21:30:56 -0700] "-" 400 0 "-" "-"
207.46.204.173 - - [16/Apr/2012:21:30:56 -0700] "-" 400 0 "-" "-"
207.46.204.173 - - [16/Apr/2012:21:30:56 -0700] "-" 400 0 "-" "-"
207.46.204.173 - - [16/Apr/2012:21:30:56 -0700] "-" 400 0 "-" "-"
207.46.204.173 - - [16/Apr/2012:21:30:56 -0700] "-" 400 0 "-" "-"
85.17.88.169 - - [16/Apr/2012:21:31:34 -0700] "POST /blog/wp-cron.php?doing_wp_cron=1334636719 HTTP/1.0" 499 0 "-" "WordPress/3.3.1; http://yuvi.in/blog"
208.115.113.84 - - [16/Apr/2012:21:31:34 -0700] "GET /blog/tag/athiesm/ HTTP/1.1" 200 17022 "-" "Mozilla/5.0 (compatible; Ezooms/1.0; ezooms.bot@gmail.com)"
85.17.88.169 - - [16/Apr/2012:21:31:40 -0700] "POST /blog/wp-cron.php?doing_wp_cron=1334636726 HTTP/1.0" 499 0 "-" "WordPress/3.3.1; http://yuvi.in/blog"
208.115.113.84 - - [16/Apr/2012:21:31:41 -0700] "GET /blog/gsoc-milestones-vala-build-using-autotools/ HTTP/1.1" 200 20187 "-" "Mozilla/5.0 (compatible; Ezooms/1.0; ezooms.bot@gmail.com)"
207.46.204.173 - - [16/Apr/2012:21:31:44 -0700] "-" 400 0 "-" "-"
207.46.204.173 - - [16/Apr/2012:21:31:47 -0700] "-" 400 0 "-" "-"
207.46.204.214 - - [16/Apr/2012:21:32:14 -0700] "-" 400 0 "-" "-"
207.46.204.214 - - [16/Apr/2012:21:32:14 -0700] "-" 400 0 "-" "-"
207.46.204.214 - - [16/Apr/2012:21:32:14 -0700] "-" 400 0 "-" "-"
207.46.204.214 - - [16/Apr/2012:21:32:16 -0700] "-" 400 0 "-" "-"
207.46.204.214 - - [16/Apr/2012:21:32:16 -0700] "-" 400 0 "-" "-"
207.46.204.214 - - [16/Apr/2012:21:32:16 -0700] "-" 400 0 "-" "-"
207.46.204.214 - - [16/Apr/2012:21:32:18 -0700] "-" 400 0 "-" "-"
207.46.204.214 - - [16/Apr/2012:21:32:19 -0700] "-" 400 0 "-" "-"
207.46.204.214 - - [16/Apr/2012:21:32:20 -0700] "-" 400 0 "-" "-"
207.46.204.214 - - [16/Apr/2012:21:32:20 -0700] "-" 400 0 "-" "-"
207.46.204.214 - - [16/Apr/2012:21:32:20 -0700] "-" 400 0 "-" "-"
207.46.204.214 - - [16/Apr/2012:21:32:20 -0700] "-" 400 0 "-" "-"
117.193.163.72 - - [16/Apr/2012:21:32:39 -0700] "-" 400 0 "-" "-"
117.193.163.72 - - [16/Apr/2012:21:32:39 -0700] "-" 400 0 "-" "-"
117.193.163.72 - - [16/Apr/2012:21:32:39 -0700] "-" 400 0 "-" "-"
117.193.163.72 - - [16/Apr/2012:21:32:39 -0700] "-" 400 0 "-" "-"
117.193.163.72 - - [16/Apr/2012:21:32:39 -0700] "-" 400 0 "-" "-"
87.238.84.65 - - [16/Apr/2012:21:32:54 -0700] "-" 400 0 "-" "-"
117.193.163.72 - - [16/Apr/2012:21:32:59 -0700] "-" 400 0 "-" "-"
117.193.163.72 - - [16/Apr/2012:21:32:59 -0700] "-" 400 0 "-" "-"
117.193.163.72 - - [16/Apr/2012:21:32:59 -0700] "-" 400 0 "-" "-"
117.193.163.72 - - [16/Apr/2012:21:32:59 -0700] "-" 400 0 "-" "-"
117.193.163.72 - - [16/Apr/2012:21:32:59 -0700] "-" 400 0 "-" "-"
85.17.88.169 - - [16/Apr/2012:21:33:03 -0700] "POST /blog/wp-cron.php?doing_wp_cron=1334636808 HTTP/1.0" 499 0 "-" "WordPress/3.3.1; http://yuvi.in/blog"
71.32.205.80 - - [16/Apr/2012:21:33:03 -0700] "GET /blog/favicon.ico HTTP/1.1" 404 3016 "-" "Mozilla/5.0 (Windows NT 5.1; rv:11.0) Gecko/20100101 Firefox/11.0"
207.46.204.214 - - [16/Apr/2012:21:33:08 -0700] "-" 400 0 "-" "-"
117.193.45.229 - - [16/Apr/2012:21:33:14 -0700] "-" 400 0 "-" "-"
117.193.45.229 - - [16/Apr/2012:21:33:14 -0700] "-" 400 0 "-" "-"
101.212.153.236 - - [16/Apr/2012:21:33:14 -0700] "-" 400 0 "-" "-"
117.193.162.32 - - [16/Apr/2012:21:33:17 -0700] "-" 400 0 "-" "-"
117.193.162.32 - - [16/Apr/2012:21:33:17 -0700] "-" 400 0 "-" "-"
117.193.162.32 - - [16/Apr/2012:21:33:17 -0700] "-" 400 0 "-" "-"
117.193.162.32 - - [16/Apr/2012:21:33:17 -0700] "-" 400 0 "-" "-"
117.193.162.32 - - [16/Apr/2012:21:33:17 -0700] "-" 400 0 "-" "-"
117.193.163.72 - - [16/Apr/2012:21:34:09 -0700] "-" 400 0 "-" "-"
117.193.163.72 - - [16/Apr/2012:21:34:09 -0700] "-" 400 0 "-" "-"
117.193.163.72 - - [16/Apr/2012:21:34:09 -0700] "-" 400 0 "-" "-"
117.193.163.72 - - [16/Apr/2012:21:34:09 -0700] "-" 400 0 "-" "-"
119.63.196.29 - - [16/Apr/2012:21:34:35 -0700] "GET /blog/cheese-gsoc-report-week-2.html HTTP/1.1" 200 2982 "-" "Mozilla/5.0 (compatible; Baiduspider/2.0; +http://www.baidu.com/search/spider.html)"
117.193.163.72 - - [16/Apr/2012:21:35:49 -0700] "-" 400 0 "-" "-"
117.193.163.72 - - [16/Apr/2012:21:35:49 -0700] "-" 400 0 "-" "-"
117.193.163.72 - - [16/Apr/2012:21:35:49 -0700] "-" 400 0 "-" "-"
117.193.163.72 - - [16/Apr/2012:21:35:49 -0700] "-" 400 0 "-" "-"
117.193.163.72 - - [16/Apr/2012:21:35:49 -0700] "-" 400 0 "-" "-"
117.193.162.32 - - [16/Apr/2012:21:36:06 -0700] "-" 400 0 "-" "-"
117.193.162.32 - - [16/Apr/2012:21:36:06 -0700] "-" 400 0 "-" "-"
117.193.162.32 - - [16/Apr/2012:21:36:06 -0700] "-" 400 0 "-" "-"
117.193.162.32 - - [16/Apr/2012:21:36:06 -0700] "-" 400 0 "-" "-"
117.193.162.32 - - [16/Apr/2012:21:36:06 -0700] "-" 400 0 "-" "-"
117.193.47.106 - - [16/Apr/2012:21:36:38 -0700] "-" 400 0 "-" "-"
117.193.47.106 - - [16/Apr/2012:21:36:38 -0700] "-" 400 0 "-" "-"
117.193.47.106 - - [16/Apr/2012:21:36:38 -0700] "-" 400 0 "-" "-"
117.193.47.106 - - [16/Apr/2012:21:36:38 -0700] "-" 400 0 "-" "-"
209.85.224.91 - - [16/Apr/2012:21:36:58 -0700] "GET /stories/feed HTTP/1.1" 200 13653 "-" "FeedBurner/1.0 (http://www.FeedBurner.com)"
85.17.88.169 - - [16/Apr/2012:21:37:38 -0700] "POST /blog/wp-cron.php?doing_wp_cron=1334637083 HTTP/1.0" 499 0 "-" "WordPress/3.3.1; http://yuvi.in/blog"
8.28.16.254 - - [16/Apr/2012:21:37:38 -0700] "GET /blog/story-average-indian-techie HTTP/1.1" 301 0 "-" "Mozilla/4.0 (compatible; MSIE 7.0; Windows NT 5.1; InfoPath.1; .NET CLR 2.0.50727; .NET CLR 1.1.4322; MS-RTC LM 8; .NET CLR 3.0.4506.2152; .NET CLR 3.5.30729)"
85.17.88.169 - - [16/Apr/2012:21:37:40 -0700] "POST /blog/wp-cron.php?doing_wp_cron=1334637086 HTTP/1.0" 499 0 "-" "WordPress/3.3.1; http://yuvi.in/blog"
170.138.0.11 - - [16/Apr/2012:21:37:40 -0700] "GET /blog/story-average-indian-techie/ HTTP/1.1" 200 14155 "http://www.google.com/url?sa=t&rct=j&q=story%20indian%20blogs&source=web&cd=10&ved=0CF8QFjAJ&url=http%3A%2F%2Fyuvi.in%2Fblog%2Fstory-average-indian-techie%2F&ei=YPGMT4iQOYWL2AWeqNycDA&usg=AFQjCNGYyWfAaF3g9QY5OV1FVEpScLlqlg&cad=rja" "Mozilla/5.0 (Windows NT 6.1; rv:11.0) Gecko/20100101 Firefox/11.0"
8.28.16.254 - - [16/Apr/2012:21:37:41 -0700] "GET /blog/story-average-indian-techie/ HTTP/1.1" 200 54391 "-" "Mozilla/4.0 (compatible; MSIE 7.0; Windows NT 5.1; InfoPath.1; .NET CLR 2.0.50727; .NET CLR 1.1.4322; MS-RTC LM 8; .NET CLR 3.0.4506.2152; .NET CLR 3.5.30729)"
170.138.0.11 - - [16/Apr/2012:21:37:42 -0700] "GET /blog/wp-content/themes/cleanr/js/jquery.dropdown.js?ver=3.3.1 HTTP/1.1" 200 535 "http://yuvi.in/blog/story-average-indian-techie/" "Mozilla/5.0 (Windows NT 6.1; rv:11.0) Gecko/20100101 Firefox/11.0"
170.138.0.11 - - [16/Apr/2012:21:37:42 -0700] "GET /blog/wp-content/themes/cleanr/style.css HTTP/1.1" 200 10508 "http://yuvi.in/blog/story-average-indian-techie/" "Mozilla/5.0 (Windows NT 6.1; rv:11.0) Gecko/20100101 Firefox/11.0"
170.138.0.11 - - [16/Apr/2012:21:37:42 -0700] "GET /blog/wp-includes/js/jquery/jquery.js?ver=1.7.1 HTTP/1.1" 200 93889 "http://yuvi.in/blog/story-average-indian-techie/" "Mozilla/5.0 (Windows NT 6.1; rv:11.0) Gecko/20100101 Firefox/11.0"
170.138.0.11 - - [16/Apr/2012:21:37:43 -0700] "GET /blog/wp-content/themes/cleanr/css/text.css HTTP/1.1" 200 420 "http://yuvi.in/blog/wp-content/themes/cleanr/style.css" "Mozilla/5.0 (Windows NT 6.1; rv:11.0) Gecko/20100101 Firefox/11.0"
170.138.0.11 - - [16/Apr/2012:21:37:43 -0700] "GET /blog/wp-content/themes/cleanr/css/960.css HTTP/1.1" 200 3628 "http://yuvi.in/blog/wp-content/themes/cleanr/style.css" "Mozilla/5.0 (Windows NT 6.1; rv:11.0) Gecko/20100101 Firefox/11.0"
170.138.0.11 - - [16/Apr/2012:21:37:43 -0700] "GET /blog/wp-content/themes/cleanr/css/reset.css HTTP/1.1" 200 648 "http://yuvi.in/blog/wp-content/themes/cleanr/style.css" "Mozilla/5.0 (Windows NT 6.1; rv:11.0) Gecko/20100101 Firefox/11.0"
170.138.0.11 - - [16/Apr/2012:21:37:47 -0700] "GET /blog/wp-content/themes/cleanr/images/search_magnifier.gif HTTP/1.1" 200 394 "http://yuvi.in/blog/story-average-indian-techie/" "Mozilla/5.0 (Windows NT 6.1; rv:11.0) Gecko/20100101 Firefox/11.0"
69.171.234.6 - - [16/Apr/2012:21:37:50 -0700] "GET /r/33y0 HTTP/1.1" 301 257 "-" "facebookexternalhit/1.1 (+http://www.facebook.com/externalhit_uatext.php)"
69.171.234.0 - - [16/Apr/2012:21:37:50 -0700] "GET /s/ta/33y0/ HTTP/1.1" 302 609 "-" "facebookexternalhit/1.1 (+http://www.facebook.com/externalhit_uatext.php)"
170.138.0.11 - - [16/Apr/2012:21:37:53 -0700] "GET /favicon.ico HTTP/1.1" 404 142 "-" "Mozilla/5.0 (Windows NT 6.1; rv:11.0) Gecko/20100101 Firefox/11.0"
85.17.88.169 - - [16/Apr/2012:21:37:54 -0700] "POST /blog/wp-cron.php?doing_wp_cron=1334637100 HTTP/1.0" 499 0 "-" "WordPress/3.3.1; http://yuvi.in/blog"
8.28.16.254 - - [16/Apr/2012:21:37:55 -0700] "GET /blog/devlog-december-7-2011 HTTP/1.1" 301 0 "-" "Mozilla/4.0 (compatible; MSIE 7.0; Windows NT 5.1; InfoPath.1; .NET CLR 2.0.50727; .NET CLR 1.1.4322; MS-RTC LM 8; .NET CLR 3.0.4506.2152; .NET CLR 3.5.30729)"
170.138.0.11 - - [16/Apr/2012:21:37:56 -0700] "GET /favicon.ico HTTP/1.1" 404 142 "-" "Mozilla/5.0 (Windows NT 6.1; rv:11.0) Gecko/20100101 Firefox/11.0"
85.17.88.169 - - [16/Apr/2012:21:37:57 -0700] "POST /blog/wp-cron.php?doing_wp_cron=1334637102 HTTP/1.0" 499 0 "-" "WordPress/3.3.1; http://yuvi.in/blog"
170.138.0.11 - - [16/Apr/2012:21:37:57 -0700] "GET /blog/devlog-december-7-2011/ HTTP/1.1" 200 4470 "http://yuvi.in/blog/story-average-indian-techie/" "Mozilla/5.0 (Windows NT 6.1; rv:11.0) Gecko/20100101 Firefox/11.0"
170.138.0.11 - - [16/Apr/2012:21:37:57 -0700] "GET /favicon.ico HTTP/1.1" 404 142 "-" "Mozilla/5.0 (Windows NT 6.1; rv:11.0) Gecko/20100101 Firefox/11.0"
8.28.16.254 - - [16/Apr/2012:21:37:57 -0700] "GET /blog/devlog-december-7-2011/ HTTP/1.1" 200 16876 "-" "Mozilla/4.0 (compatible; MSIE 7.0; Windows NT 5.1; InfoPath.1; .NET CLR 2.0.50727; .NET CLR 1.1.4322; MS-RTC LM 8; .NET CLR 3.0.4506.2152; .NET CLR 3.5.30729)"
85.17.88.169 - - [16/Apr/2012:21:38:02 -0700] "POST /blog/wp-cron.php?doing_wp_cron=1334637107 HTTP/1.0" 499 0 "-" "WordPress/3.3.1; http://yuvi.in/blog"
170.138.0.11 - - [16/Apr/2012:21:38:02 -0700] "GET /blog/story-average-indian-techie/?cf_action=sync_comments&post_id=220 HTTP/1.1" 200 48 "http://yuvi.in/blog/story-average-indian-techie/" "Mozilla/5.0 (Windows NT 6.1; rv:11.0) Gecko/20100101 Firefox/11.0"
87.238.84.65 - - [16/Apr/2012:21:39:57 -0700] "-" 400 0 "-" "-"
122.164.44.229 - - [16/Apr/2012:21:40:06 -0700] "-" 400 0 "-" "-"
122.164.44.229 - - [16/Apr/2012:21:40:06 -0700] "-" 400 0 "-" "-"
122.164.44.229 - - [16/Apr/2012:21:40:06 -0700] "-" 400 0 "-" "-"
122.164.44.229 - - [16/Apr/2012:21:40:06 -0700] "-" 400 0 "-" "-"
122.164.44.229 - - [16/Apr/2012:21:40:06 -0700] "-" 400 0 "-" "-"
117.193.47.106 - - [16/Apr/2012:21:40:48 -0700] "-" 400 0 "-" "-"
85.17.88.169 - - [16/Apr/2012:21:41:27 -0700] "POST /blog/wp-cron.php?doing_wp_cron=1334637312 HTTP/1.0" 499 0 "-" "WordPress/3.3.1; http://yuvi.in/blog"
209.85.238.182 - - [16/Apr/2012:21:41:27 -0700] "GET /blog/feed HTTP/1.1" 301 0 "-" "Feedfetcher-Google; (+http://www.google.com/feedfetcher.html; 3 subscribers; feed-id=17684830852112633560)"
85.17.88.169 - - [16/Apr/2012:21:41:29 -0700] "POST /blog/wp-cron.php?doing_wp_cron=1334637314 HTTP/1.0" 499 0 "-" "WordPress/3.3.1; http://yuvi.in/blog"
209.85.238.182 - - [16/Apr/2012:21:41:29 -0700] "GET /blog/feed/ HTTP/1.1" 304 0 "-" "Feedfetcher-Google; (+http://www.google.com/feedfetcher.html; 3 subscribers; feed-id=17684830852112633560)"
85.17.88.169 - - [16/Apr/2012:21:44:16 -0700] "POST /blog/wp-cron.php?doing_wp_cron=1334637481 HTTP/1.0" 499 0 "-" "WordPress/3.3.1; http://yuvi.in/blog"
209.85.224.96 - - [16/Apr/2012:21:44:16 -0700] "GET /blog/feed HTTP/1.1" 304 0 "-" "FeedBurner/1.0 (http://www.FeedBurner.com)"
111.223.155.63 - - [16/Apr/2012:21:45:56 -0700] "GET /r/f8c HTTP/1.1" 301 255 "http://ta.wikipedia.org/wiki/%E0%AE%A4%E0%AE%AE%E0%AE%BF%E0%AE%B4%E0%AF%8D%E0%AE%AA%E0%AF%8D_%E0%AE%AA%E0%AE%B2%E0%AF%8D%E0%AE%95%E0%AE%B2%E0%AF%88%E0%AE%95%E0%AF%8D%E0%AE%95%E0%AE%B4%E0%AE%95%E0%AE%AE%E0%AF%8D,_%E0%AE%A4%E0%AE%9E%E0%AF%8D%E0%AE%9A%E0%AE%BE%E0%AE%B5%E0%AF%82%E0%AE%B0%E0%AF%8D" "Mozilla/5.0 (Windows NT 5.1) AppleWebKit/535.19 (KHTML, like Gecko) Chrome/18.0.1025.162 Safari/535.19"
111.223.155.63 - - [16/Apr/2012:21:45:56 -0700] "GET /s/ta/f8c/ HTTP/1.1" 302 625 "http://ta.wikipedia.org/wiki/%E0%AE%A4%E0%AE%AE%E0%AE%BF%E0%AE%B4%E0%AF%8D%E0%AE%AA%E0%AF%8D_%E0%AE%AA%E0%AE%B2%E0%AF%8D%E0%AE%95%E0%AE%B2%E0%AF%88%E0%AE%95%E0%AF%8D%E0%AE%95%E0%AE%B4%E0%AE%95%E0%AE%AE%E0%AF%8D,_%E0%AE%A4%E0%AE%9E%E0%AF%8D%E0%AE%9A%E0%AE%BE%E0%AE%B5%E0%AF%82%E0%AE%B0%E0%AF%8D" "Mozilla/5.0 (Windows NT 5.1) AppleWebKit/535.19 (KHTML, like Gecko) Chrome/18.0.1025.162 Safari/535.19"
111.223.155.63 - - [16/Apr/2012:21:46:07 -0700] "-" 400 0 "-" "-"
157.55.16.56 - - [16/Apr/2012:21:46:56 -0700] "GET /robots.txt HTTP/1.1" 404 169 "-" "Mozilla/5.0 (compatible; bingbot/2.0; +http://www.bing.com/bingbot.htm)"
124.43.109.238 - - [16/Apr/2012:21:47:09 -0700] "GET /s/ta/25sh/ HTTP/1.1" 302 437 "-" "Mozilla/5.0 (compatible; MSIE 9.0; Windows NT 6.1; WOW64; Trident/5.0)"
115.242.130.190 - - [16/Apr/2012:21:49:16 -0700] "-" 400 0 "-" "-"
62.249.170.129 - - [16/Apr/2012:21:51:00 -0700] "GET /robots.txt HTTP/1.0" 404 169 "-" "Mozilla/5.0 (compatible; MJ12bot/v1.4.2; http://www.majestic12.co.uk/bot.php?+)"
62.249.170.129 - - [16/Apr/2012:21:51:02 -0700] "GET /blog HTTP/1.1" 301 178 "-" "Mozilla/5.0 (compatible; MJ12bot/v1.4.2; http://www.majestic12.co.uk/bot.php?+)"
62.249.170.129 - - [16/Apr/2012:21:51:04 -0700] "GET /blog/ HTTP/1.1" 200 33214 "-" "Mozilla/5.0 (compatible; MJ12bot/v1.4.2; http://www.majestic12.co.uk/bot.php?+)"
207.46.204.162 - - [16/Apr/2012:21:51:27 -0700] "-" 400 0 "-" "-"
207.46.204.162 - - [16/Apr/2012:21:51:27 -0700] "-" 400 0 "-" "-"
207.46.204.162 - - [16/Apr/2012:21:51:28 -0700] "-" 400 0 "-" "-"
207.46.204.162 - - [16/Apr/2012:21:51:30 -0700] "-" 400 0 "-" "-"
207.46.204.162 - - [16/Apr/2012:21:51:30 -0700] "-" 400 0 "-" "-"
207.46.204.162 - - [16/Apr/2012:21:51:31 -0700] "-" 400 0 "-" "-"
207.46.204.162 - - [16/Apr/2012:21:51:31 -0700] "-" 400 0 "-" "-"
207.46.204.162 - - [16/Apr/2012:21:51:32 -0700] "-" 400 0 "-" "-"
207.46.204.162 - - [16/Apr/2012:21:51:32 -0700] "-" 400 0 "-" "-"
207.46.204.162 - - [16/Apr/2012:21:51:32 -0700] "-" 400 0 "-" "-"
207.46.204.162 - - [16/Apr/2012:21:51:32 -0700] "-" 400 0 "-" "-"
207.46.204.162 - - [16/Apr/2012:21:51:33 -0700] "-" 400 0 "-" "-"
207.46.204.218 - - [16/Apr/2012:21:51:42 -0700] "-" 400 0 "-" "-"
207.46.204.218 - - [16/Apr/2012:21:51:42 -0700] "-" 400 0 "-" "-"
207.46.204.218 - - [16/Apr/2012:21:51:43 -0700] "-" 400 0 "-" "-"
207.46.204.218 - - [16/Apr/2012:21:51:49 -0700] "-" 400 0 "-" "-"
207.46.204.218 - - [16/Apr/2012:21:51:50 -0700] "-" 400 0 "-" "-"
207.46.204.218 - - [16/Apr/2012:21:51:51 -0700] "-" 400 0 "-" "-"
207.46.204.218 - - [16/Apr/2012:21:51:51 -0700] "-" 400 0 "-" "-"
207.46.204.218 - - [16/Apr/2012:21:51:55 -0700] "-" 400 0 "-" "-"
207.46.204.218 - - [16/Apr/2012:21:51:56 -0700] "-" 400 0 "-" "-"
207.46.204.218 - - [16/Apr/2012:21:51:57 -0700] "-" 400 0 "-" "-"
207.46.204.218 - - [16/Apr/2012:21:51:57 -0700] "-" 400 0 "-" "-"
207.46.204.218 - - [16/Apr/2012:21:52:01 -0700] "-" 400 0 "-" "-"
85.17.88.169 - - [16/Apr/2012:21:54:21 -0700] "POST /blog/wp-cron.php?doing_wp_cron=1334638086 HTTP/1.0" 499 0 "-" "WordPress/3.3.1; http://yuvi.in/blog"
157.55.16.56 - - [16/Apr/2012:21:54:21 -0700] "GET /blog/index.html HTTP/1.1" 404 3016 "-" "Mozilla/5.0 (compatible; bingbot/2.0; +http://www.bing.com/bingbot.htm)"
157.56.92.141 - - [16/Apr/2012:21:55:12 -0700] "-" 400 0 "-" "-"
157.56.92.141 - - [16/Apr/2012:21:55:15 -0700] "-" 400 0 "-" "-"
157.56.92.141 - - [16/Apr/2012:21:55:15 -0700] "-" 400 0 "-" "-"
157.56.92.141 - - [16/Apr/2012:21:55:16 -0700] "-" 400 0 "-" "-"
117.193.6.140 - - [16/Apr/2012:21:56:23 -0700] "-" 400 0 "-" "-"
182.19.62.57 - - [16/Apr/2012:21:57:30 -0700] "-" 400 0 "-" "-"
85.17.88.169 - - [16/Apr/2012:21:58:43 -0700] "POST /blog/wp-cron.php?doing_wp_cron=1334638348 HTTP/1.0" 499 0 "-" "WordPress/3.3.1; http://yuvi.in/blog"
8.28.16.254 - - [16/Apr/2012:21:58:43 -0700] "GET /blog/category/personal HTTP/1.1" 301 0 "-" "Mozilla/4.0 (compatible; MSIE 7.0; Windows NT 5.1; InfoPath.1; .NET CLR 2.0.50727; .NET CLR 1.1.4322; MS-RTC LM 8; .NET CLR 3.0.4506.2152; .NET CLR 3.5.30729)"
170.138.0.11 - - [16/Apr/2012:21:58:45 -0700] "GET /blog/category/personal/ HTTP/1.1" 200 14322 "http://yuvi.in/blog/story-average-indian-techie/" "Mozilla/5.0 (Windows NT 6.1; rv:11.0) Gecko/20100101 Firefox/11.0"
85.17.88.169 - - [16/Apr/2012:21:58:45 -0700] "POST /blog/wp-cron.php?doing_wp_cron=1334638351 HTTP/1.0" 499 0 "-" "WordPress/3.3.1; http://yuvi.in/blog"
8.28.16.254 - - [16/Apr/2012:21:58:46 -0700] "GET /blog/category/personal/ HTTP/1.1" 200 46156 "-" "Mozilla/4.0 (compatible; MSIE 7.0; Windows NT 5.1; InfoPath.1; .NET CLR 2.0.50727; .NET CLR 1.1.4322; MS-RTC LM 8; .NET CLR 3.0.4506.2152; .NET CLR 3.5.30729)"
85.17.88.169 - - [16/Apr/2012:21:58:52 -0700] "POST /blog/wp-cron.php?doing_wp_cron=1334638358 HTTP/1.0" 499 0 "-" "WordPress/3.3.1; http://yuvi.in/blog"
65.52.110.147 - - [16/Apr/2012:21:58:53 -0700] "GET /blog/category/code/page/2/ HTTP/1.1" 200 15527 "-" "Mozilla/5.0 (compatible; bingbot/2.0; +http://www.bing.com/bingbot.htm)"
124.183.157.233 - - [16/Apr/2012:22:01:07 -0700] "GET /r/33y0 HTTP/1.1" 301 257 "http://36ohk6dgmcd1n-c.c.yom.mail.yahoo.net/om/api/1.0/openmail.app.invoke/36ohk6dgmcd1n/10/1.0.35/au/en-AU/view.html/0" "Mozilla/5.0 (compatible; MSIE 9.0; Windows NT 6.1; WOW64; Trident/5.0)"
124.183.157.233 - - [16/Apr/2012:22:01:07 -0700] "GET /s/ta/33y0/ HTTP/1.1" 302 609 "http://36ohk6dgmcd1n-c.c.yom.mail.yahoo.net/om/api/1.0/openmail.app.invoke/36ohk6dgmcd1n/10/1.0.35/au/en-AU/view.html/0" "Mozilla/5.0 (compatible; MSIE 9.0; Windows NT 6.1; WOW64; Trident/5.0)"
207.46.204.215 - - [16/Apr/2012:22:01:24 -0700] "-" 400 0 "-" "-"
207.46.204.215 - - [16/Apr/2012:22:01:24 -0700] "-" 400 0 "-" "-"
207.46.204.215 - - [16/Apr/2012:22:01:25 -0700] "-" 400 0 "-" "-"
207.46.204.215 - - [16/Apr/2012:22:01:27 -0700] "-" 400 0 "-" "-"
207.46.204.215 - - [16/Apr/2012:22:01:27 -0700] "-" 400 0 "-" "-"
207.46.204.215 - - [16/Apr/2012:22:01:27 -0700] "-" 400 0 "-" "-"
207.46.204.215 - - [16/Apr/2012:22:01:27 -0700] "-" 400 0 "-" "-"
207.46.204.215 - - [16/Apr/2012:22:01:29 -0700] "-" 400 0 "-" "-"
207.46.204.215 - - [16/Apr/2012:22:01:29 -0700] "-" 400 0 "-" "-"
207.46.204.215 - - [16/Apr/2012:22:01:30 -0700] "-" 400 0 "-" "-"
207.46.204.215 - - [16/Apr/2012:22:01:31 -0700] "-" 400 0 "-" "-"
207.46.204.215 - - [16/Apr/2012:22:01:31 -0700] "-" 400 0 "-" "-"
113.193.115.34 - - [16/Apr/2012:22:02:00 -0700] "-" 400 0 "-" "-"
207.46.204.215 - - [16/Apr/2012:22:02:12 -0700] "-" 400 0 "-" "-"
113.193.115.34 - - [16/Apr/2012:22:02:30 -0700] "-" 400 0 "-" "-"
113.193.115.34 - - [16/Apr/2012:22:02:52 -0700] "-" 400 0 "-" "-"
85.17.88.169 - - [16/Apr/2012:22:03:29 -0700] "POST /blog/wp-cron.php?doing_wp_cron=1334638634 HTTP/1.0" 499 0 "-" "WordPress/3.3.1; http://yuvi.in/blog"
209.85.238.182 - - [16/Apr/2012:22:03:30 -0700] "GET /blog/feed/ HTTP/1.1" 304 0 "-" "Feedfetcher-Google; (+http://www.google.com/feedfetcher.html; 19 subscribers; feed-id=15064232456473204253)"
85.17.88.169 - - [16/Apr/2012:22:04:08 -0700] "POST /blog/wp-cron.php?doing_wp_cron=1334638673 HTTP/1.0" 499 0 "-" "WordPress/3.3.1; http://yuvi.in/blog"
101.226.33.188 - - [16/Apr/2012:22:04:08 -0700] "GET /blog/feed HTTP/1.0" 304 0 "-" "Mozilla/4.0 (compatible; Windows;)"
141.0.10.25 - - [16/Apr/2012:22:04:14 -0700] "-" 400 0 "-" "-"
122.174.37.92 - - [16/Apr/2012:22:04:46 -0700] "-" 400 0 "-" "-"
122.174.37.92 - - [16/Apr/2012:22:04:47 -0700] "-" 400 0 "-" "-"
122.174.37.92 - - [16/Apr/2012:22:04:47 -0700] "-" 400 0 "-" "-"
113.193.115.34 - - [16/Apr/2012:22:04:50 -0700] "-" 400 0 "-" "-"
113.193.115.34 - - [16/Apr/2012:22:04:50 -0700] "-" 400 0 "-" "-"
113.193.115.34 - - [16/Apr/2012:22:04:50 -0700] "-" 400 0 "-" "-"
85.17.88.169 - - [16/Apr/2012:22:05:38 -0700] "POST /blog/wp-cron.php?doing_wp_cron=1334638764 HTTP/1.0" 499 0 "-" "WordPress/3.3.1; http://yuvi.in/blog"
183.82.77.13 - - [16/Apr/2012:22:05:39 -0700] "GET /blog/feed/ HTTP/1.0" 304 0 "-" "FeedDemon/4.0 (http://www.feeddemon.com/; Microsoft Windows)"
69.171.234.0 - - [16/Apr/2012:22:07:41 -0700] "GET /r/1nvz HTTP/1.1" 301 257 "-" "facebookexternalhit/1.1 (+http://www.facebook.com/externalhit_uatext.php)"
69.171.234.7 - - [16/Apr/2012:22:07:41 -0700] "GET /s/ta/1nvz/ HTTP/1.1" 302 365 "-" "facebookexternalhit/1.1 (+http://www.facebook.com/externalhit_uatext.php)"
222.186.26.41 - - [16/Apr/2012:22:08:08 -0700] "GET /blog HTTP/1.1" 301 178 "-" "Mozilla/4.0 (compatible; MSIE 6.0; Windows NT 5.1; en)"
222.186.26.41 - - [16/Apr/2012:22:08:09 -0700] "GET /blog/ HTTP/1.1" 200 33214 "-" "Mozilla/4.0 (compatible; MSIE 6.0; Windows NT 5.1; en)"
122.164.212.22 - - [16/Apr/2012:22:08:38 -0700] "-" 400 0 "-" "-"
122.164.212.22 - - [16/Apr/2012:22:08:58 -0700] "-" 400 0 "-" "-"
69.171.228.250 - - [16/Apr/2012:22:10:15 -0700] "GET /r/33y0 HTTP/1.1" 301 257 "-" "facebookexternalhit/1.1 (+http://www.facebook.com/externalhit_uatext.php)"
69.171.228.251 - - [16/Apr/2012:22:10:15 -0700] "GET /s/ta/33y0/ HTTP/1.1" 302 609 "-" "facebookexternalhit/1.1 (+http://www.facebook.com/externalhit_uatext.php)"
117.207.167.249 - - [16/Apr/2012:22:11:04 -0700] "-" 400 0 "-" "-"
117.207.167.249 - - [16/Apr/2012:22:11:04 -0700] "-" 400 0 "-" "-"
117.207.167.249 - - [16/Apr/2012:22:11:04 -0700] "-" 400 0 "-" "-"
117.207.167.249 - - [16/Apr/2012:22:11:04 -0700] "-" 400 0 "-" "-"
180.76.5.64 - - [16/Apr/2012:22:12:31 -0700] "GET /r/8ad HTTP/1.1" 301 255 "-" "Mozilla/5.0 (compatible; Baiduspider/2.0; +http://www.baidu.com/search/spider.html)"
180.76.5.88 - - [16/Apr/2012:22:12:32 -0700] "GET /s/ta/8ad/ HTTP/1.1" 302 497 "-" "Mozilla/5.0 (compatible; Baiduspider/2.0; +http://www.baidu.com/search/spider.html)"
117.207.167.249 - - [16/Apr/2012:22:13:33 -0700] "-" 400 0 "-" "-"
117.207.167.249 - - [16/Apr/2012:22:13:33 -0700] "-" 400 0 "-" "-"
117.207.167.249 - - [16/Apr/2012:22:13:33 -0700] "-" 400 0 "-" "-"
117.207.167.249 - - [16/Apr/2012:22:13:33 -0700] "-" 400 0 "-" "-"
117.207.167.249 - - [16/Apr/2012:22:13:33 -0700] "-" 400 0 "-" "-"
117.207.167.249 - - [16/Apr/2012:22:13:33 -0700] "-" 400 0 "-" "-"
66.220.149.247 - - [16/Apr/2012:22:14:23 -0700] "GET /r/33y0 HTTP/1.1" 301 257 "-" "facebookexternalhit/1.1 (+http://www.facebook.com/externalhit_uatext.php)"
66.220.149.245 - - [16/Apr/2012:22:14:23 -0700] "GET /s/ta/33y0/ HTTP/1.1" 302 609 "-" "facebookexternalhit/1.1 (+http://www.facebook.com/externalhit_uatext.php)"
85.17.88.169 - - [16/Apr/2012:22:14:26 -0700] "POST /blog/wp-cron.php?doing_wp_cron=1334639292 HTTP/1.0" 499 0 "-" "WordPress/3.3.1; http://yuvi.in/blog"
209.85.224.82 - - [16/Apr/2012:22:14:27 -0700] "GET /blog/feed HTTP/1.1" 304 0 "-" "FeedBurner/1.0 (http://www.FeedBurner.com)"
85.17.88.169 - - [16/Apr/2012:22:15:04 -0700] "POST /blog/wp-cron.php?doing_wp_cron=1334639329 HTTP/1.0" 499 0 "-" "WordPress/3.3.1; http://yuvi.in/blog"
8.28.16.254 - - [16/Apr/2012:22:15:05 -0700] "GET /blog/category/education HTTP/1.1" 301 0 "-" "Mozilla/4.0 (compatible; MSIE 7.0; Windows NT 5.1; InfoPath.1; .NET CLR 2.0.50727; .NET CLR 1.1.4322; MS-RTC LM 8; .NET CLR 3.0.4506.2152; .NET CLR 3.5.30729)"
85.17.88.169 - - [16/Apr/2012:22:15:07 -0700] "POST /blog/wp-cron.php?doing_wp_cron=1334639332 HTTP/1.0" 499 0 "-" "WordPress/3.3.1; http://yuvi.in/blog"
8.28.16.254 - - [16/Apr/2012:22:15:07 -0700] "GET /blog/category/education/ HTTP/1.1" 200 48788 "-" "Mozilla/4.0 (compatible; MSIE 7.0; Windows NT 5.1; InfoPath.1; .NET CLR 2.0.50727; .NET CLR 1.1.4322; MS-RTC LM 8; .NET CLR 3.0.4506.2152; .NET CLR 3.5.30729)"
85.17.88.169 - - [16/Apr/2012:22:15:08 -0700] "POST /blog/wp-cron.php?doing_wp_cron=1334639333 HTTP/1.0" 499 0 "-" "WordPress/3.3.1; http://yuvi.in/blog"
170.138.0.11 - - [16/Apr/2012:22:15:08 -0700] "GET /blog/category/education/ HTTP/1.1" 200 14722 "http://yuvi.in/blog/category/personal/" "Mozilla/5.0 (Windows NT 6.1; rv:11.0) Gecko/20100101 Firefox/11.0"
85.17.88.169 - - [16/Apr/2012:22:18:23 -0700] "POST /blog/wp-cron.php?doing_wp_cron=1334639529 HTTP/1.0" 499 0 "-" "WordPress/3.3.1; http://yuvi.in/blog"
100.43.83.144 - - [16/Apr/2012:22:18:24 -0700] "GET /blog/tag/flipkart/ HTTP/1.1" 200 4689 "-" "Mozilla/5.0 (compatible; YandexBot/3.0; +http://yandex.com/bots)"
118.102.194.66 - - [16/Apr/2012:22:20:34 -0700] "-" 400 0 "-" "-"
66.220.149.244 - - [16/Apr/2012:22:20:43 -0700] "GET /r/33y0 HTTP/1.1" 301 257 "-" "facebookexternalhit/1.1 (+http://www.facebook.com/externalhit_uatext.php)"
66.220.149.248 - - [16/Apr/2012:22:20:43 -0700] "GET /s/ta/33y0/ HTTP/1.1" 302 609 "-" "facebookexternalhit/1.1 (+http://www.facebook.com/externalhit_uatext.php)"
157.55.112.206 - - [16/Apr/2012:22:22:29 -0700] "-" 400 0 "-" "-"
157.55.112.206 - - [16/Apr/2012:22:22:29 -0700] "-" 400 0 "-" "-"
157.55.112.206 - - [16/Apr/2012:22:22:30 -0700] "-" 400 0 "-" "-"
157.55.112.206 - - [16/Apr/2012:22:22:32 -0700] "-" 400 0 "-" "-"
157.55.112.206 - - [16/Apr/2012:22:22:32 -0700] "-" 400 0 "-" "-"
157.55.112.206 - - [16/Apr/2012:22:22:32 -0700] "-" 400 0 "-" "-"
157.55.112.206 - - [16/Apr/2012:22:22:34 -0700] "-" 400 0 "-" "-"
157.55.112.206 - - [16/Apr/2012:22:22:34 -0700] "-" 400 0 "-" "-"
157.55.112.206 - - [16/Apr/2012:22:22:34 -0700] "-" 400 0 "-" "-"
157.55.112.206 - - [16/Apr/2012:22:22:35 -0700] "-" 400 0 "-" "-"
157.55.112.206 - - [16/Apr/2012:22:22:35 -0700] "-" 400 0 "-" "-"
157.55.112.206 - - [16/Apr/2012:22:22:35 -0700] "-" 400 0 "-" "-"
157.55.112.206 - - [16/Apr/2012:22:23:22 -0700] "-" 400 0 "-" "-"
182.19.62.57 - - [16/Apr/2012:22:26:40 -0700] "-" 400 0 "-" "-"
182.19.62.57 - - [16/Apr/2012:22:26:40 -0700] "-" 400 0 "-" "-"
182.19.62.57 - - [16/Apr/2012:22:26:40 -0700] "-" 400 0 "-" "-"
182.19.62.57 - - [16/Apr/2012:22:26:40 -0700] "-" 400 0 "-" "-"
182.19.62.57 - - [16/Apr/2012:22:26:40 -0700] "-" 400 0 "-" "-"
182.19.62.57 - - [16/Apr/2012:22:27:10 -0700] "-" 400 0 "-" "-"
182.19.62.57 - - [16/Apr/2012:22:29:10 -0700] "-" 400 0 "-" "-"
182.19.62.57 - - [16/Apr/2012:22:29:10 -0700] "-" 400 0 "-" "-"
99.114.192.18 - - [16/Apr/2012:22:32:12 -0700] "GET /POSM HTTP/1.1" 301 185 "-" "Mozilla/5.0 (Macintosh; Intel Mac OS X 10_6_8) AppleWebKit/534.55.3 (KHTML, like Gecko) Version/5.1.5 Safari/534.55.3"
99.114.192.18 - - [16/Apr/2012:22:32:12 -0700] "GET /POSM/ HTTP/1.1" 200 1963 "-" "Mozilla/5.0 (Macintosh; Intel Mac OS X 10_6_8) AppleWebKit/534.55.3 (KHTML, like Gecko) Version/5.1.5 Safari/534.55.3"
99.114.192.18 - - [16/Apr/2012:22:32:13 -0700] "GET /POSM/creds.js HTTP/1.1" 200 89 "http://yuvi.in/POSM/" "Mozilla/5.0 (Macintosh; Intel Mac OS X 10_6_8) AppleWebKit/534.55.3 (KHTML, like Gecko) Version/5.1.5 Safari/534.55.3"
99.114.192.18 - - [16/Apr/2012:22:32:13 -0700] "GET /POSM/lib/leaflet/leaflet.css HTTP/1.1" 200 6437 "http://yuvi.in/POSM/" "Mozilla/5.0 (Macintosh; Intel Mac OS X 10_6_8) AppleWebKit/534.55.3 (KHTML, like Gecko) Version/5.1.5 Safari/534.55.3"
99.114.192.18 - - [16/Apr/2012:22:32:13 -0700] "GET /POSM/lib/jquery.mobile.structure-1.0.1.css HTTP/1.1" 200 32452 "http://yuvi.in/POSM/" "Mozilla/5.0 (Macintosh; Intel Mac OS X 10_6_8) AppleWebKit/534.55.3 (KHTML, like Gecko) Version/5.1.5 Safari/534.55.3"
99.114.192.18 - - [16/Apr/2012:22:32:13 -0700] "GET /POSM/style.css HTTP/1.1" 200 1349 "http://yuvi.in/POSM/" "Mozilla/5.0 (Macintosh; Intel Mac OS X 10_6_8) AppleWebKit/534.55.3 (KHTML, like Gecko) Version/5.1.5 Safari/534.55.3"
99.114.192.18 - - [16/Apr/2012:22:32:13 -0700] "GET /POSM/lib/jquery.mobile-1.0.1.css HTTP/1.1" 200 83437 "http://yuvi.in/POSM/" "Mozilla/5.0 (Macintosh; Intel Mac OS X 10_6_8) AppleWebKit/534.55.3 (KHTML, like Gecko) Version/5.1.5 Safari/534.55.3"
99.114.192.18 - - [16/Apr/2012:22:32:13 -0700] "GET /POSM/lib/jquery.timeago.js HTTP/1.1" 200 4491 "http://yuvi.in/POSM/" "Mozilla/5.0 (Macintosh; Intel Mac OS X 10_6_8) AppleWebKit/534.55.3 (KHTML, like Gecko) Version/5.1.5 Safari/534.55.3"
99.114.192.18 - - [16/Apr/2012:22:32:13 -0700] "GET /POSM/lib/phonegap.js HTTP/1.1" 200 144879 "http://yuvi.in/POSM/" "Mozilla/5.0 (Macintosh; Intel Mac OS X 10_6_8) AppleWebKit/534.55.3 (KHTML, like Gecko) Version/5.1.5 Safari/534.55.3"
99.114.192.18 - - [16/Apr/2012:22:32:13 -0700] "GET /POSM/lib/templates.js HTTP/1.1" 200 426 "http://yuvi.in/POSM/" "Mozilla/5.0 (Macintosh; Intel Mac OS X 10_6_8) AppleWebKit/534.55.3 (KHTML, like Gecko) Version/5.1.5 Safari/534.55.3"
99.114.192.18 - - [16/Apr/2012:22:32:13 -0700] "GET /POSM/js/tapbar.js HTTP/1.1" 200 881 "http://yuvi.in/POSM/" "Mozilla/5.0 (Macintosh; Intel Mac OS X 10_6_8) AppleWebKit/534.55.3 (KHTML, like Gecko) Version/5.1.5 Safari/534.55.3"
99.114.192.18 - - [16/Apr/2012:22:32:14 -0700] "GET /POSM/lib/jquery-1.7.1.min.js HTTP/1.1" 200 93868 "http://yuvi.in/POSM/" "Mozilla/5.0 (Macintosh; Intel Mac OS X 10_6_8) AppleWebKit/534.55.3 (KHTML, like Gecko) Version/5.1.5 Safari/534.55.3"
99.114.192.18 - - [16/Apr/2012:22:32:14 -0700] "GET /POSM/zoomData.js HTTP/1.1" 200 1573 "http://yuvi.in/POSM/" "Mozilla/5.0 (Macintosh; Intel Mac OS X 10_6_8) AppleWebKit/534.55.3 (KHTML, like Gecko) Version/5.1.5 Safari/534.55.3"
99.114.192.18 - - [16/Apr/2012:22:32:14 -0700] "GET /POSM/lib/TileLayer.Bing.js HTTP/1.1" 200 5317 "http://yuvi.in/POSM/" "Mozilla/5.0 (Macintosh; Intel Mac OS X 10_6_8) AppleWebKit/534.55.3 (KHTML, like Gecko) Version/5.1.5 Safari/534.55.3"
99.114.192.18 - - [16/Apr/2012:22:32:14 -0700] "GET /POSM/js/poi.js HTTP/1.1" 200 2031 "http://yuvi.in/POSM/" "Mozilla/5.0 (Macintosh; Intel Mac OS X 10_6_8) AppleWebKit/534.55.3 (KHTML, like Gecko) Version/5.1.5 Safari/534.55.3"
99.114.192.18 - - [16/Apr/2012:22:32:14 -0700] "GET /POSM/js/curpos.js HTTP/1.1" 200 1793 "http://yuvi.in/POSM/" "Mozilla/5.0 (Macintosh; Intel Mac OS X 10_6_8) AppleWebKit/534.55.3 (KHTML, like Gecko) Version/5.1.5 Safari/534.55.3"
99.114.192.18 - - [16/Apr/2012:22:32:14 -0700] "GET /POSM/js/poimanager.js HTTP/1.1" 200 9309 "http://yuvi.in/POSM/" "Mozilla/5.0 (Macintosh; Intel Mac OS X 10_6_8) AppleWebKit/534.55.3 (KHTML, like Gecko) Version/5.1.5 Safari/534.55.3"
99.114.192.18 - - [16/Apr/2012:22:32:14 -0700] "GET /POSM/js/changesets.js HTTP/1.1" 200 1226 "http://yuvi.in/POSM/" "Mozilla/5.0 (Macintosh; Intel Mac OS X 10_6_8) AppleWebKit/534.55.3 (KHTML, like Gecko) Version/5.1.5 Safari/534.55.3"
99.114.192.18 - - [16/Apr/2012:22:32:14 -0700] "GET /POSM/js/main.js HTTP/1.1" 200 9616 "http://yuvi.in/POSM/" "Mozilla/5.0 (Macintosh; Intel Mac OS X 10_6_8) AppleWebKit/534.55.3 (KHTML, like Gecko) Version/5.1.5 Safari/534.55.3"
99.114.192.18 - - [16/Apr/2012:22:32:14 -0700] "GET /POSM/lib/leaflet/leaflet-src.js HTTP/1.1" 200 133300 "http://yuvi.in/POSM/" "Mozilla/5.0 (Macintosh; Intel Mac OS X 10_6_8) AppleWebKit/534.55.3 (KHTML, like Gecko) Version/5.1.5 Safari/534.55.3"
99.114.192.18 - - [16/Apr/2012:22:32:14 -0700] "GET /POSM/lib/underscore.js HTTP/1.1" 200 35168 "http://yuvi.in/POSM/" "Mozilla/5.0 (Macintosh; Intel Mac OS X 10_6_8) AppleWebKit/534.55.3 (KHTML, like Gecko) Version/5.1.5 Safari/534.55.3"
99.114.192.18 - - [16/Apr/2012:22:32:14 -0700] "GET /POSM/lib/jquery.mobile-1.0.1.js HTTP/1.1" 200 221124 "http://yuvi.in/POSM/" "Mozilla/5.0 (Macintosh; Intel Mac OS X 10_6_8) AppleWebKit/534.55.3 (KHTML, like Gecko) Version/5.1.5 Safari/534.55.3"
99.114.192.18 - - [16/Apr/2012:22:32:15 -0700] "GET /POSM/img/mylocation.png HTTP/1.1" 200 803 "http://yuvi.in/POSM/" "Mozilla/5.0 (Macintosh; Intel Mac OS X 10_6_8) AppleWebKit/534.55.3 (KHTML, like Gecko) Version/5.1.5 Safari/534.55.3"
99.114.192.18 - - [16/Apr/2012:22:32:15 -0700] "GET /POSM/img/back.png HTTP/1.1" 200 420 "http://yuvi.in/POSM/" "Mozilla/5.0 (Macintosh; Intel Mac OS X 10_6_8) AppleWebKit/534.55.3 (KHTML, like Gecko) Version/5.1.5 Safari/534.55.3"
99.114.192.18 - - [16/Apr/2012:22:32:15 -0700] "GET /POSM/img/preferences.png HTTP/1.1" 200 748 "http://yuvi.in/POSM/" "Mozilla/5.0 (Macintosh; Intel Mac OS X 10_6_8) AppleWebKit/534.55.3 (KHTML, like Gecko) Version/5.1.5 Safari/534.55.3"
99.114.192.18 - - [16/Apr/2012:22:32:15 -0700] "GET /POSM/img/save.png HTTP/1.1" 404 142 "http://yuvi.in/POSM/" "Mozilla/5.0 (Macintosh; Intel Mac OS X 10_6_8) AppleWebKit/534.55.3 (KHTML, like Gecko) Version/5.1.5 Safari/534.55.3"
99.114.192.18 - - [16/Apr/2012:22:32:15 -0700] "GET /POSM/img/mapmode.png HTTP/1.1" 200 1168 "http://yuvi.in/POSM/" "Mozilla/5.0 (Macintosh; Intel Mac OS X 10_6_8) AppleWebKit/534.55.3 (KHTML, like Gecko) Version/5.1.5 Safari/534.55.3"
99.114.192.18 - - [16/Apr/2012:22:32:15 -0700] "GET /POSM/img/refresh.png HTTP/1.1" 200 868 "http://yuvi.in/POSM/" "Mozilla/5.0 (Macintosh; Intel Mac OS X 10_6_8) AppleWebKit/534.55.3 (KHTML, like Gecko) Version/5.1.5 Safari/534.55.3"
99.114.192.18 - - [16/Apr/2012:22:32:15 -0700] "GET /POSM/lib/images/ajax-loader.png HTTP/1.1" 200 366 "http://yuvi.in/POSM/" "Mozilla/5.0 (Macintosh; Intel Mac OS X 10_6_8) AppleWebKit/534.55.3 (KHTML, like Gecko) Version/5.1.5 Safari/534.55.3"
99.114.192.18 - - [16/Apr/2012:22:32:15 -0700] "GET /POSM/lib/leaflet/images/zoom-in.png HTTP/1.1" 200 963 "http://yuvi.in/POSM/" "Mozilla/5.0 (Macintosh; Intel Mac OS X 10_6_8) AppleWebKit/534.55.3 (KHTML, like Gecko) Version/5.1.5 Safari/534.55.3"
99.114.192.18 - - [16/Apr/2012:22:32:15 -0700] "GET /POSM/lib/leaflet/images/zoom-out.png HTTP/1.1" 200 959 "http://yuvi.in/POSM/" "Mozilla/5.0 (Macintosh; Intel Mac OS X 10_6_8) AppleWebKit/534.55.3 (KHTML, like Gecko) Version/5.1.5 Safari/534.55.3"
99.114.192.18 - - [16/Apr/2012:22:32:15 -0700] "GET /favicon.ico HTTP/1.1" 404 142 "http://yuvi.in/POSM/" "Mozilla/5.0 (Macintosh; Intel Mac OS X 10_6_8) AppleWebKit/534.55.3 (KHTML, like Gecko) Version/5.1.5 Safari/534.55.3"
99.114.192.18 - - [16/Apr/2012:22:32:21 -0700] "GET /POSM/img/curpos.png HTTP/1.1" 200 1205 "http://yuvi.in/POSM/" "Mozilla/5.0 (Macintosh; Intel Mac OS X 10_6_8) AppleWebKit/534.55.3 (KHTML, like Gecko) Version/5.1.5 Safari/534.55.3"
99.114.192.18 - - [16/Apr/2012:22:32:22 -0700] "GET /overpass?data=%0A++++%0A++++++++node(41.933687520311075%2C+-87.71094918251036%2C+41.934884716437686%2C+-87.70193696022034)%3B%0A++++%0A++++out+meta%3B%0A HTTP/1.1" 200 3906 "http://yuvi.in/POSM/" "Mozilla/5.0 (Macintosh; Intel Mac OS X 10_6_8) AppleWebKit/534.55.3 (KHTML, like Gecko) Version/5.1.5 Safari/534.55.3"
99.114.192.18 - - [16/Apr/2012:22:32:23 -0700] "GET /POSM/lib/leaflet/images/marker.png HTTP/1.1" 200 2519 "http://yuvi.in/POSM/" "Mozilla/5.0 (Macintosh; Intel Mac OS X 10_6_8) AppleWebKit/534.55.3 (KHTML, like Gecko) Version/5.1.5 Safari/534.55.3"
99.114.192.18 - - [16/Apr/2012:22:32:23 -0700] "GET /POSM/lib/leaflet/images/marker-shadow.png HTTP/1.1" 200 1649 "http://yuvi.in/POSM/" "Mozilla/5.0 (Macintosh; Intel Mac OS X 10_6_8) AppleWebKit/534.55.3 (KHTML, like Gecko) Version/5.1.5 Safari/534.55.3"
99.114.192.18 - - [16/Apr/2012:22:32:23 -0700] "GET /overpass?data=%0A++++%0A++++++++node(41.933687520311075%2C+-87.71094918251036%2C+41.934884716437686%2C+-87.70193696022034)%3B%0A++++%0A++++out+meta%3B%0A HTTP/1.1" 200 3906 "http://yuvi.in/POSM/" "Mozilla/5.0 (Macintosh; Intel Mac OS X 10_6_8) AppleWebKit/534.55.3 (KHTML, like Gecko) Version/5.1.5 Safari/534.55.3"
99.114.192.18 - - [16/Apr/2012:22:32:24 -0700] "GET /POSM/lib/leaflet/images/popup-close.png HTTP/1.1" 200 1125 "http://yuvi.in/POSM/" "Mozilla/5.0 (Macintosh; Intel Mac OS X 10_6_8) AppleWebKit/534.55.3 (KHTML, like Gecko) Version/5.1.5 Safari/534.55.3"
99.114.192.18 - - [16/Apr/2012:22:32:28 -0700] "GET /overpass?data=%0A++++%0A++++++++node(41.93463330711516%2C+-87.71072387695312%2C+41.93583048548881%2C+-87.70171165466309)%3B%0A++++%0A++++out+meta%3B%0A HTTP/1.1" 200 3846 "http://yuvi.in/POSM/" "Mozilla/5.0 (Macintosh; Intel Mac OS X 10_6_8) AppleWebKit/534.55.3 (KHTML, like Gecko) Version/5.1.5 Safari/534.55.3"
99.114.192.18 - - [16/Apr/2012:22:32:29 -0700] "GET /overpass?data=%0A++++%0A++++++++node(41.93353587386485%2C+-87.71122813224792%2C+41.93473307283796%2C+-87.70221590995789)%3B%0A++++%0A++++out+meta%3B%0A HTTP/1.1" 200 4241 "http://yuvi.in/POSM/" "Mozilla/5.0 (Macintosh; Intel Mac OS X 10_6_8) AppleWebKit/534.55.3 (KHTML, like Gecko) Version/5.1.5 Safari/534.55.3"
99.114.192.18 - - [16/Apr/2012:22:32:29 -0700] "GET /overpass?data=%0A++++%0A++++++++node(41.93469715719572%2C+-87.71115303039551%2C+41.935894334370836%2C+-87.70214080810547)%3B%0A++++%0A++++out+meta%3B%0A HTTP/1.1" 200 4506 "http://yuvi.in/POSM/" "Mozilla/5.0 (Macintosh; Intel Mac OS X 10_6_8) AppleWebKit/534.55.3 (KHTML, like Gecko) Version/5.1.5 Safari/534.55.3"
99.114.192.18 - - [16/Apr/2012:22:32:30 -0700] "GET /overpass?data=%0A++++%0A++++++++node(41.93514011536966%2C+-87.7111154794693%2C+41.93633728423005%2C+-87.70210325717926)%3B%0A++++%0A++++out+meta%3B%0A HTTP/1.1" 200 4839 "http://yuvi.in/POSM/" "Mozilla/5.0 (Macintosh; Intel Mac OS X 10_6_8) AppleWebKit/534.55.3 (KHTML, like Gecko) Version/5.1.5 Safari/534.55.3"
99.114.192.18 - - [16/Apr/2012:22:32:31 -0700] "GET /overpass?data=%0A++++%0A++++++++node(41.93421428937535%2C+-87.7114588022232%2C+41.93541147561423%2C+-87.70244657993317)%3B%0A++++%0A++++out+meta%3B%0A HTTP/1.1" 200 2027 "http://yuvi.in/POSM/" "Mozilla/5.0 (Macintosh; Intel Mac OS X 10_6_8) AppleWebKit/534.55.3 (KHTML, like Gecko) Version/5.1.5 Safari/534.55.3"
99.114.192.18 - - [16/Apr/2012:22:32:31 -0700] "GET /overpass?data=%0A++++%0A++++++++node(41.93303703432703%2C+-87.71168410778046%2C+41.934234242663486%2C+-87.7026718854904)%3B%0A++++%0A++++out+meta%3B%0A HTTP/1.1" 200 3494 "http://yuvi.in/POSM/" "Mozilla/5.0 (Macintosh; Intel Mac OS X 10_6_8) AppleWebKit/534.55.3 (KHTML, like Gecko) Version/5.1.5 Safari/534.55.3"
99.114.192.18 - - [16/Apr/2012:22:32:32 -0700] "GET /overpass?data=%0A++++%0A++++++++node(41.93206328830868%2C+-87.71222591400146%2C+41.93326051492237%2C+-87.70321369171143)%3B%0A++++%0A++++out+meta%3B%0A HTTP/1.1" 200 4304 "http://yuvi.in/POSM/" "Mozilla/5.0 (Macintosh; Intel Mac OS X 10_6_8) AppleWebKit/534.55.3 (KHTML, like Gecko) Version/5.1.5 Safari/534.55.3"
99.114.192.18 - - [16/Apr/2012:22:32:32 -0700] "GET /overpass?data=%0A++++%0A++++++++node(41.933711464453836%2C+-87.71115839481354%2C+41.934908660131%2C+-87.7021461725235)%3B%0A++++%0A++++out+meta%3B%0A HTTP/1.1" 200 4079 "http://yuvi.in/POSM/" "Mozilla/5.0 (Macintosh; Intel Mac OS X 10_6_8) AppleWebKit/534.55.3 (KHTML, like Gecko) Version/5.1.5 Safari/534.55.3"
99.114.192.18 - - [16/Apr/2012:22:32:33 -0700] "GET /overpass?data=%0A++++%0A++++++++node(41.933771324771385%2C+-87.71387279033661%2C+41.934968519324975%2C+-87.70486056804657)%3B%0A++++%0A++++out+meta%3B%0A HTTP/1.1" 200 4392 "http://yuvi.in/POSM/" "Mozilla/5.0 (Macintosh; Intel Mac OS X 10_6_8) AppleWebKit/534.55.3 (KHTML, like Gecko) Version/5.1.5 Safari/534.55.3"
99.114.192.18 - - [16/Apr/2012:22:32:33 -0700] "GET /overpass?data=%0A++++%0A++++++++node(41.93259805230649%2C+-87.7144306898117%2C+41.933795268882676%2C+-87.70541846752167)%3B%0A++++%0A++++out+meta%3B%0A HTTP/1.1" 200 2379 "http://yuvi.in/POSM/" "Mozilla/5.0 (Macintosh; Intel Mac OS X 10_6_8) AppleWebKit/534.55.3 (KHTML, like Gecko) Version/5.1.5 Safari/534.55.3"
99.114.192.18 - - [16/Apr/2012:22:32:34 -0700] "GET /overpass?data=%0A++++%0A++++++++node(41.93359174365013%2C+-87.71291255950928%2C+41.934788941574524%2C+-87.70390033721922)%3B%0A++++%0A++++out+meta%3B%0A HTTP/1.1" 200 4231 "http://yuvi.in/POSM/" "Mozilla/5.0 (Macintosh; Intel Mac OS X 10_6_8) AppleWebKit/534.55.3 (KHTML, like Gecko) Version/5.1.5 Safari/534.55.3"
99.114.192.18 - - [16/Apr/2012:22:32:35 -0700] "GET /overpass?data=%0A++++%0A++++++++node(41.93259007078724%2C+-87.71291255950928%2C+41.93378728751326%2C+-87.70390033721922)%3B%0A++++%0A++++out+meta%3B%0A HTTP/1.1" 200 1154 "http://yuvi.in/POSM/" "Mozilla/5.0 (Macintosh; Intel Mac OS X 10_6_8) AppleWebKit/534.55.3 (KHTML, like Gecko) Version/5.1.5 Safari/534.55.3"
99.114.192.18 - - [16/Apr/2012:22:32:35 -0700] "GET /POSM/lib/images/icons-18-white.png HTTP/1.1" 200 1958 "http://yuvi.in/POSM/" "Mozilla/5.0 (Macintosh; Intel Mac OS X 10_6_8) AppleWebKit/534.55.3 (KHTML, like Gecko) Version/5.1.5 Safari/534.55.3"
99.114.192.18 - - [16/Apr/2012:22:32:44 -0700] "GET /overpass?data=%0A++++%0A++++++++node(41.93164824450383%2C+-87.71291255950928%2C+41.93472509158585%2C+-87.70390033721922)%3B%0A++++%0A++++out+meta%3B%0A HTTP/1.1" 200 11340 "http://yuvi.in/POSM/" "Mozilla/5.0 (Macintosh; Intel Mac OS X 10_6_8) AppleWebKit/534.55.3 (KHTML, like Gecko) Version/5.1.5 Safari/534.55.3"
99.114.192.18 - - [16/Apr/2012:22:33:16 -0700] "GET /overpass?data=%0A++++%0A++++++++node(41.932921302996675%2C+-87.71286964416504%2C+41.93345206909515%2C+-87.70393788814545)%3B%0A++++%0A++++out+meta%3B%0A HTTP/1.1" 200 853 "http://yuvi.in/POSM/" "Mozilla/5.0 (Macintosh; Intel Mac OS X 10_6_8) AppleWebKit/534.55.3 (KHTML, like Gecko) Version/5.1.5 Safari/534.55.3"
99.114.192.18 - - [16/Apr/2012:22:33:42 -0700] "GET /overpass?data=%0A++++%0A++++++++node(41.932917312257416%2C+-87.71286964416504%2C+41.93345206909515%2C+-87.70393788814545)%3B%0A++++%0A++++out+meta%3B%0A HTTP/1.1" 200 853 "http://yuvi.in/POSM/" "Mozilla/5.0 (Macintosh; Intel Mac OS X 10_6_8) AppleWebKit/534.55.3 (KHTML, like Gecko) Version/5.1.5 Safari/534.55.3"
99.114.192.18 - - [16/Apr/2012:22:33:42 -0700] "GET /overpass?data=%0A++++%0A++++++++node(41.93290534003808%2C+-87.71286964416504%2C+41.93346404121184%2C+-87.70393788814545)%3B%0A++++%0A++++out+meta%3B%0A HTTP/1.1" 200 853 "http://yuvi.in/POSM/" "Mozilla/5.0 (Macintosh; Intel Mac OS X 10_6_8) AppleWebKit/534.55.3 (KHTML, like Gecko) Version/5.1.5 Safari/534.55.3"
99.114.192.18 - - [16/Apr/2012:22:33:43 -0700] "GET /overpass?data=%0A++++%0A++++++++node(41.932841488163774%2C+-87.71286964416504%2C+41.93352789246295%2C+-87.70393788814545)%3B%0A++++%0A++++out+meta%3B%0A HTTP/1.1" 200 853 "http://yuvi.in/POSM/" "Mozilla/5.0 (Macintosh; Intel Mac OS X 10_6_8) AppleWebKit/534.55.3 (KHTML, like Gecko) Version/5.1.5 Safari/534.55.3"
99.114.192.18 - - [16/Apr/2012:22:33:43 -0700] "GET /overpass?data=%0A++++%0A++++++++node(41.93267786744404%2C+-87.71290719509125%2C+41.933687520311075%2C+-87.70389497280121)%3B%0A++++%0A++++out+meta%3B%0A HTTP/1.1" 200 1154 "http://yuvi.in/POSM/" "Mozilla/5.0 (Macintosh; Intel Mac OS X 10_6_8) AppleWebKit/534.55.3 (KHTML, like Gecko) Version/5.1.5 Safari/534.55.3"
99.114.192.18 - - [16/Apr/2012:22:33:46 -0700] "GET /overpass?data=%0A++++%0A++++++++node(41.93213512253922%2C+-87.71290719509125%2C+41.93421428937535%2C+-87.70389497280121)%3B%0A++++%0A++++out+meta%3B%0A HTTP/1.1" 200 7688 "http://yuvi.in/POSM/" "Mozilla/5.0 (Macintosh; Intel Mac OS X 10_6_8) AppleWebKit/534.55.3 (KHTML, like Gecko) Version/5.1.5 Safari/534.55.3"
99.114.192.18 - - [16/Apr/2012:22:33:56 -0700] "GET /overpass?data=%0A++++%0A++++++++node(41.9316362720463%2C+-87.71290719509125%2C+41.93471311970587%2C+-87.70389497280121)%3B%0A++++%0A++++out+meta%3B%0A HTTP/1.1" 200 11340 "http://yuvi.in/POSM/" "Mozilla/5.0 (Macintosh; Intel Mac OS X 10_6_8) AppleWebKit/534.55.3 (KHTML, like Gecko) Version/5.1.5 Safari/534.55.3"
99.114.192.18 - - [16/Apr/2012:22:35:10 -0700] "GET /overpass?data=%0A++++%0A++++++++node(41.9316362720463%2C+-87.71290719509125%2C+41.93471311970587%2C+-87.70389497280121)%3B%0A++++%0A++++out+meta%3B%0A HTTP/1.1" 200 11340 "http://yuvi.in/POSM/" "Mozilla/5.0 (Macintosh; Intel Mac OS X 10_6_8) AppleWebKit/534.55.3 (KHTML, like Gecko) Version/5.1.5 Safari/534.55.3"
99.114.192.18 - - [16/Apr/2012:22:35:17 -0700] "GET /overpass?data=%0A++++%0A++++++++node(41.9316362720463%2C+-87.71290719509125%2C+41.93471311970587%2C+-87.70389497280121)%3B%0A++++%0A++++out+meta%3B%0A HTTP/1.1" 200 11340 "http://yuvi.in/POSM/" "Mozilla/5.0 (Macintosh; Intel Mac OS X 10_6_8) AppleWebKit/534.55.3 (KHTML, like Gecko) Version/5.1.5 Safari/534.55.3"
99.114.192.18 - - [16/Apr/2012:22:35:27 -0700] "GET /overpass?data=%0A++++%0A++++++++node(41.9316362720463%2C+-87.71290719509125%2C+41.93471311970587%2C+-87.70389497280121)%3B%0A++++%0A++++out+meta%3B%0A HTTP/1.1" 200 11347 "http://yuvi.in/POSM/" "Mozilla/5.0 (Macintosh; Intel Mac OS X 10_6_8) AppleWebKit/534.55.3 (KHTML, like Gecko) Version/5.1.5 Safari/534.55.3"
99.114.192.18 - - [16/Apr/2012:22:35:29 -0700] "GET /overpass?data=%0A++++%0A++++++++node(41.93009978801511%2C+-87.71740794181824%2C+41.9362534831413%2C+-87.69938349723816)%3B%0A++++%0A++++out+meta%3B%0A HTTP/1.1" 200 44763 "http://yuvi.in/POSM/" "Mozilla/5.0 (Macintosh; Intel Mac OS X 10_6_8) AppleWebKit/534.55.3 (KHTML, like Gecko) Version/5.1.5 Safari/534.55.3"
207.241.237.237 - - [16/Apr/2012:22:36:56 -0700] "GET /favicon.ico HTTP/1.0" 404 238 "-" "Mozilla/5.0 (compatible; archive.org_bot +http://www.archive.org/details/archive.org_bot)"
209.85.224.84 - - [16/Apr/2012:22:37:02 -0700] "GET /stories/feed HTTP/1.1" 200 13653 "-" "FeedBurner/1.0 (http://www.FeedBurner.com)"
207.46.199.23 - - [16/Apr/2012:22:38:25 -0700] "-" 400 0 "-" "-"
207.46.199.23 - - [16/Apr/2012:22:38:26 -0700] "-" 400 0 "-" "-"
207.46.199.23 - - [16/Apr/2012:22:38:27 -0700] "-" 400 0 "-" "-"
207.46.199.23 - - [16/Apr/2012:22:38:27 -0700] "-" 400 0 "-" "-"
207.46.199.23 - - [16/Apr/2012:22:38:27 -0700] "-" 400 0 "-" "-"
207.46.199.23 - - [16/Apr/2012:22:38:27 -0700] "-" 400 0 "-" "-"
207.46.199.23 - - [16/Apr/2012:22:38:27 -0700] "-" 400 0 "-" "-"
207.46.199.23 - - [16/Apr/2012:22:38:29 -0700] "-" 400 0 "-" "-"
207.46.199.23 - - [16/Apr/2012:22:38:29 -0700] "-" 400 0 "-" "-"
207.46.199.23 - - [16/Apr/2012:22:38:29 -0700] "-" 400 0 "-" "-"
98.192.3.199 - - [16/Apr/2012:22:40:08 -0700] "GET /blog/vala-gtkbuilder-and-autoconnecting-signal-handlers.html HTTP/1.1" 200 2954 "http://www.google.com/url?sa=t&rct=j&q=&esrc=s&source=web&cd=10&ved=0CHkQFjAJ&url=http%3A%2F%2Fyuvi.in%2Fblog%2Fvala-gtkbuilder-and-autoconnecting-signal-handlers.html&ei=AX-MT62CFYH48wTSwfTMCQ&usg=AFQjCNHu-O7o_YcxkhLCRgIq7ntEYUJuQw&sig2=lx82YphAXLZ384OSmKRktA" "Mozilla/5.0 (X11; Linux x86_64) AppleWebKit/535.19 (KHTML, like Gecko) Chrome/18.0.1025.151 Safari/535.19"
98.192.3.199 - - [16/Apr/2012:22:40:09 -0700] "GET /blog/static/style.css HTTP/1.1" 200 4753 "http://yuvi.in/blog/vala-gtkbuilder-and-autoconnecting-signal-handlers.html" "Mozilla/5.0 (X11; Linux x86_64) AppleWebKit/535.19 (KHTML, like Gecko) Chrome/18.0.1025.151 Safari/535.19"
98.192.3.199 - - [16/Apr/2012:22:40:09 -0700] "GET /blog/static/codehilite.css HTTP/1.1" 200 4012 "http://yuvi.in/blog/vala-gtkbuilder-and-autoconnecting-signal-handlers.html" "Mozilla/5.0 (X11; Linux x86_64) AppleWebKit/535.19 (KHTML, like Gecko) Chrome/18.0.1025.151 Safari/535.19"
98.192.3.199 - - [16/Apr/2012:22:40:10 -0700] "GET /favicon.ico HTTP/1.1" 404 199 "-" "Mozilla/5.0 (X11; Linux x86_64) AppleWebKit/535.19 (KHTML, like Gecko) Chrome/18.0.1025.151 Safari/535.19"
207.46.204.218 - - [16/Apr/2012:22:42:29 -0700] "-" 400 0 "-" "-"
207.46.204.218 - - [16/Apr/2012:22:42:29 -0700] "-" 400 0 "-" "-"
207.46.204.218 - - [16/Apr/2012:22:42:29 -0700] "-" 400 0 "-" "-"
207.46.204.218 - - [16/Apr/2012:22:42:31 -0700] "-" 400 0 "-" "-"
207.46.204.218 - - [16/Apr/2012:22:42:31 -0700] "-" 400 0 "-" "-"
207.46.204.218 - - [16/Apr/2012:22:42:31 -0700] "-" 400 0 "-" "-"
207.46.204.218 - - [16/Apr/2012:22:42:32 -0700] "-" 400 0 "-" "-"
207.46.204.218 - - [16/Apr/2012:22:42:33 -0700] "-" 400 0 "-" "-"
207.46.204.218 - - [16/Apr/2012:22:42:34 -0700] "-" 400 0 "-" "-"
207.46.204.218 - - [16/Apr/2012:22:42:34 -0700] "-" 400 0 "-" "-"
207.46.204.218 - - [16/Apr/2012:22:42:34 -0700] "-" 400 0 "-" "-"
207.46.204.218 - - [16/Apr/2012:22:42:35 -0700] "-" 400 0 "-" "-"
207.46.204.218 - - [16/Apr/2012:22:43:21 -0700] "-" 400 0 "-" "-"
150.70.75.37 - - [16/Apr/2012:22:44:01 -0700] "GET /tracking.php?wn=YTIxNjQ3ODgwNjNOIg6KTU9jprsX%2BC1gVL7m6nWz%2B7wDhBI%3D&p=YTMxMDA5MzA1NzCSJIuTvG%2BBH4Bmy%2FOLaeICihU3GDjjZBFOqA26mrLMlE4cRTeHZ3yoVe1P7JXzjJ2HxSL76myhhwVXPzVxlKzaOivSK4S66dw5Kb4KZRo1Iw6TiZeQ0Apw9Ec4erLEjPO0sUmzuH28TCqYN3EsTr3ItsUDvoWjf9TU1YBfCETrpboqzghtgcUTFpTz4VizMka47KmDATR0NX%2BOIWgLfvBrCDHLadiXauDYxLzngU7yDyZQutxh3yQ4FbL5M7jcVCwMPabXm1brj1lmybrrWgEvS7eykCnHlguo%2BDs0Fg57L3uWMS7P%2F0bv HTTP/1.0" 404 571 "-" "Mozilla/4.0 (compatible; MSIE 6.0; Windows NT 5.1)"
14.139.122.114 - - [16/Apr/2012:22:44:01 -0700] "GET / HTTP/1.1" 200 1430 "https://www.google.co.in/" "Mozilla/5.0 (X11; Linux i686) AppleWebKit/535.19 (KHTML, like Gecko) Chrome/18.0.1025.162 Safari/535.19"
14.139.122.114 - - [16/Apr/2012:22:44:02 -0700] "GET /blueprint/screen.css HTTP/1.1" 200 12058 "http://yuvi.in/" "Mozilla/5.0 (X11; Linux i686) AppleWebKit/535.19 (KHTML, like Gecko) Chrome/18.0.1025.162 Safari/535.19"
14.139.122.114 - - [16/Apr/2012:22:44:03 -0700] "GET /blueprint/print.css HTTP/1.1" 200 1284 "http://yuvi.in/" "Mozilla/5.0 (X11; Linux i686) AppleWebKit/535.19 (KHTML, like Gecko) Chrome/18.0.1025.162 Safari/535.19"
14.139.122.114 - - [16/Apr/2012:22:44:03 -0700] "GET /header.png HTTP/1.1" 200 14249 "http://yuvi.in/" "Mozilla/5.0 (X11; Linux i686) AppleWebKit/535.19 (KHTML, like Gecko) Chrome/18.0.1025.162 Safari/535.19"
14.139.122.114 - - [16/Apr/2012:22:44:05 -0700] "GET /favicon.ico HTTP/1.1" 404 199 "-" "Mozilla/5.0 (X11; Linux i686) AppleWebKit/535.19 (KHTML, like Gecko) Chrome/18.0.1025.162 Safari/535.19"
14.139.122.114 - - [16/Apr/2012:22:44:08 -0700] "GET /blog HTTP/1.1" 301 178 "http://yuvi.in/" "Mozilla/5.0 (X11; Linux i686) AppleWebKit/535.19 (KHTML, like Gecko) Chrome/18.0.1025.162 Safari/535.19"
