182.71.232.198 - - [05/Mar/2012:20:25:52 -0800] "GET /favicon.ico HTTP/1.1" 404 199 "-" "Mozilla/5.0 (Windows NT 6.1) AppleWebKit/535.11 (KHTML, like Gecko) Chrome/17.0.963.65 Safari/535.11"
85.17.88.169 - - [05/Mar/2012:20:25:54 -0800] "POST /blog/wp-cron.php?doing_wp_cron=1331007915 HTTP/1.0" 499 0 "-" "WordPress/3.3.1; http://yuvi.in/blog"
182.71.232.198 - - [05/Mar/2012:20:25:54 -0800] "GET /blog/college-drop/?cf_action=sync_comments&post_id=393 HTTP/1.1" 200 48 "http://yuvi.in/blog/college-drop/" "Mozilla/5.0 (Windows NT 6.1) AppleWebKit/535.11 (KHTML, like Gecko) Chrome/17.0.963.65 Safari/535.11"
182.71.232.198 - - [05/Mar/2012:20:26:11 -0800] "GET /favicon.ico HTTP/1.1" 404 199 "-" "Mozilla/5.0 (Windows NT 6.1) AppleWebKit/535.11 (KHTML, like Gecko) Chrome/17.0.963.65 Safari/535.11"
182.71.232.198 - - [05/Mar/2012:20:26:11 -0800] "GET /favicon.ico HTTP/1.1" 404 199 "-" "Mozilla/5.0 (Windows NT 6.1) AppleWebKit/535.11 (KHTML, like Gecko) Chrome/17.0.963.65 Safari/535.11"
182.71.232.198 - - [05/Mar/2012:20:26:14 -0800] "GET /favicon.ico HTTP/1.1" 404 199 "-" "Mozilla/5.0 (Windows NT 6.1) AppleWebKit/535.11 (KHTML, like Gecko) Chrome/17.0.963.65 Safari/535.11"
124.124.89.169 - - [05/Mar/2012:20:26:19 -0800] "GET /r/19c HTTP/1.1" 301 255 "http://ta.wikipedia.org/wiki/%E0%AE%AA%E0%AE%A3%E0%AF%8D%E0%AE%AA%E0%AE%BE%E0%AE%9F%E0%AF%81" "Mozilla/4.0 (compatible; MSIE 8.0; Windows NT 6.0)"
124.124.89.169 - - [05/Mar/2012:20:26:20 -0800] "GET /s/ta/19c/ HTTP/1.1" 302 349 "http://ta.wikipedia.org/wiki/%E0%AE%AA%E0%AE%A3%E0%AF%8D%E0%AE%AA%E0%AE%BE%E0%AE%9F%E0%AF%81" "Mozilla/4.0 (compatible; MSIE 8.0; Windows NT 6.0)"
122.167.66.121 - - [05/Mar/2012:20:26:38 -0800] "GET / HTTP/1.1" 200 1430 "-" "Mozilla/5.0 (Macintosh; Intel Mac OS X 10_7_2) AppleWebKit/535.11 (KHTML, like Gecko) Chrome/17.0.963.56 Safari/535.11"
122.167.66.121 - - [05/Mar/2012:20:26:39 -0800] "GET /blueprint/screen.css HTTP/1.1" 200 12058 "http://yuvi.in/" "Mozilla/5.0 (Macintosh; Intel Mac OS X 10_7_2) AppleWebKit/535.11 (KHTML, like Gecko) Chrome/17.0.963.56 Safari/535.11"
122.167.66.121 - - [05/Mar/2012:20:26:39 -0800] "GET /blueprint/print.css HTTP/1.1" 200 1284 "http://yuvi.in/" "Mozilla/5.0 (Macintosh; Intel Mac OS X 10_7_2) AppleWebKit/535.11 (KHTML, like Gecko) Chrome/17.0.963.56 Safari/535.11"
122.167.66.121 - - [05/Mar/2012:20:26:40 -0800] "GET /header.png HTTP/1.1" 200 14249 "http://yuvi.in/" "Mozilla/5.0 (Macintosh; Intel Mac OS X 10_7_2) AppleWebKit/535.11 (KHTML, like Gecko) Chrome/17.0.963.56 Safari/535.11"
122.167.66.121 - - [05/Mar/2012:20:26:40 -0800] "GET /favicon.ico HTTP/1.1" 404 199 "-" "Mozilla/5.0 (Macintosh; Intel Mac OS X 10_7_2) AppleWebKit/535.11 (KHTML, like Gecko) Chrome/17.0.963.56 Safari/535.11"
122.167.66.121 - - [05/Mar/2012:20:26:43 -0800] "GET /blog HTTP/1.1" 301 178 "http://yuvi.in/" "Mozilla/5.0 (Macintosh; Intel Mac OS X 10_7_2) AppleWebKit/535.11 (KHTML, like Gecko) Chrome/17.0.963.56 Safari/535.11"
182.71.232.198 - - [05/Mar/2012:20:26:43 -0800] "GET /favicon.ico HTTP/1.1" 404 199 "-" "Mozilla/5.0 (Windows NT 6.1) AppleWebKit/535.11 (KHTML, like Gecko) Chrome/17.0.963.65 Safari/535.11"
122.167.66.121 - - [05/Mar/2012:20:26:43 -0800] "GET /blog/ HTTP/1.1" 200 13760 "http://yuvi.in/" "Mozilla/5.0 (Macintosh; Intel Mac OS X 10_7_2) AppleWebKit/535.11 (KHTML, like Gecko) Chrome/17.0.963.56 Safari/535.11"
122.167.66.121 - - [05/Mar/2012:20:26:44 -0800] "GET /blog/wp-content/themes/cleanr/style.css HTTP/1.1" 200 10508 "http://yuvi.in/blog/" "Mozilla/5.0 (Macintosh; Intel Mac OS X 10_7_2) AppleWebKit/535.11 (KHTML, like Gecko) Chrome/17.0.963.56 Safari/535.11"
122.167.66.121 - - [05/Mar/2012:20:26:44 -0800] "GET /blog/wp-content/themes/cleanr/js/jquery.dropdown.js?ver=3.3.1 HTTP/1.1" 200 535 "http://yuvi.in/blog/" "Mozilla/5.0 (Macintosh; Intel Mac OS X 10_7_2) AppleWebKit/535.11 (KHTML, like Gecko) Chrome/17.0.963.56 Safari/535.11"
122.167.66.121 - - [05/Mar/2012:20:26:45 -0800] "GET /blog/wp-content/themes/cleanr/css/960.css HTTP/1.1" 200 3628 "http://yuvi.in/blog/" "Mozilla/5.0 (Macintosh; Intel Mac OS X 10_7_2) AppleWebKit/535.11 (KHTML, like Gecko) Chrome/17.0.963.56 Safari/535.11"
122.167.66.121 - - [05/Mar/2012:20:26:45 -0800] "GET /blog/wp-content/themes/cleanr/css/text.css HTTP/1.1" 200 420 "http://yuvi.in/blog/" "Mozilla/5.0 (Macintosh; Intel Mac OS X 10_7_2) AppleWebKit/535.11 (KHTML, like Gecko) Chrome/17.0.963.56 Safari/535.11"
122.167.66.121 - - [05/Mar/2012:20:26:45 -0800] "GET /blog/wp-content/themes/cleanr/css/reset.css HTTP/1.1" 200 648 "http://yuvi.in/blog/" "Mozilla/5.0 (Macintosh; Intel Mac OS X 10_7_2) AppleWebKit/535.11 (KHTML, like Gecko) Chrome/17.0.963.56 Safari/535.11"
122.167.66.121 - - [05/Mar/2012:20:26:45 -0800] "GET /blog/wp-includes/js/jquery/jquery.js?ver=1.7.1 HTTP/1.1" 200 93889 "http://yuvi.in/blog/" "Mozilla/5.0 (Macintosh; Intel Mac OS X 10_7_2) AppleWebKit/535.11 (KHTML, like Gecko) Chrome/17.0.963.56 Safari/535.11"
122.167.66.121 - - [05/Mar/2012:20:26:47 -0800] "GET /blog/wp-content/themes/cleanr/images/search_magnifier.gif HTTP/1.1" 200 394 "http://yuvi.in/blog/" "Mozilla/5.0 (Macintosh; Intel Mac OS X 10_7_2) AppleWebKit/535.11 (KHTML, like Gecko) Chrome/17.0.963.56 Safari/535.11"
122.167.66.121 - - [05/Mar/2012:20:26:48 -0800] "GET /favicon.ico HTTP/1.1" 404 199 "-" "Mozilla/5.0 (Macintosh; Intel Mac OS X 10_7_2) AppleWebKit/535.11 (KHTML, like Gecko) Chrome/17.0.963.56 Safari/535.11"
85.17.88.169 - - [05/Mar/2012:20:28:57 -0800] "POST /blog/wp-cron.php?doing_wp_cron=1331008097 HTTP/1.0" 499 0 "-" "WordPress/3.3.1; http://yuvi.in/blog"
122.167.66.121 - - [05/Mar/2012:20:28:57 -0800] "GET /blog/page/2/ HTTP/1.1" 200 19039 "http://yuvi.in/blog/" "Mozilla/5.0 (Macintosh; Intel Mac OS X 10_7_2) AppleWebKit/535.11 (KHTML, like Gecko) Chrome/17.0.963.56 Safari/535.11"
122.167.66.121 - - [05/Mar/2012:20:29:01 -0800] "GET /favicon.ico HTTP/1.1" 404 199 "-" "Mozilla/5.0 (Macintosh; Intel Mac OS X 10_7_2) AppleWebKit/535.11 (KHTML, like Gecko) Chrome/17.0.963.56 Safari/535.11"
74.125.126.80 - - [05/Mar/2012:20:30:00 -0800] "GET /favicon.ico HTTP/1.1" 404 211 "-" "-"
117.193.194.150 - - [05/Mar/2012:20:30:20 -0800] "-" 400 0 "-" "-"
208.115.111.68 - - [05/Mar/2012:20:32:32 -0800] "GET /robots.txt HTTP/1.1" 404 169 "-" "Mozilla/5.0 (compatible; Ezooms/1.0; ezooms.bot@gmail.com)"
208.80.194.30 - - [05/Mar/2012:20:32:48 -0800] "GET /blog/wp-includes/js/jquery/jquery.js HTTP/1.0" 200 93889 "-" "Mozilla/4.0 (compatible; MSIE 7.0; Windows NT 5.1; SIMBAR=0; .NET CLR 1.1.4322; .NET CLR 2.0.50727; .NET CLR 3.0.04506.30)"
209.85.224.91 - - [05/Mar/2012:20:33:10 -0800] "GET /stories/feed HTTP/1.1" 200 13653 "-" "FeedBurner/1.0 (http://www.FeedBurner.com)"
123.125.71.18 - - [05/Mar/2012:20:33:12 -0800] "GET / HTTP/1.1" 200 3439 "-" "Mozilla/5.0 (compatible; Baiduspider/2.0; +http://www.baidu.com/search/spider.html)"
220.181.108.97 - - [05/Mar/2012:20:33:51 -0800] "GET / HTTP/1.1" 200 3439 "-" "Mozilla/5.0 (compatible; Baiduspider/2.0; +http://www.baidu.com/search/spider.html)"
208.80.194.30 - - [05/Mar/2012:20:34:23 -0800] "GET /blog/story-average-indian-techie/ HTTP/1.0" 200 54220 "-" "Mozilla/4.0 (compatible; MSIE 6.0; Windows NT 5.1; SV1; DT; .NET CLR 1.1.4322)"
180.76.5.146 - - [05/Mar/2012:20:34:53 -0800] "GET /s/ta/1a7/ HTTP/1.1" 302 581 "-" "Mozilla/5.0 (compatible; Baiduspider/2.0; +http://www.baidu.com/search/spider.html)"
37.112.27.213 - - [05/Mar/2012:20:34:55 -0800] "GET /favicon.ico HTTP/1.1" 404 142 "-" "Reeder/2.5.4 CFNetwork/548.0.4 Darwin/11.0.0"
37.112.27.213 - - [05/Mar/2012:20:34:55 -0800] "GET / HTTP/1.1" 200 1430 "-" "Reeder/2.5.4 CFNetwork/548.0.4 Darwin/11.0.0"
37.112.27.213 - - [05/Mar/2012:20:34:55 -0800] "GET /apple-touch-icon.png HTTP/1.1" 404 142 "-" "Reeder/2.5.4 CFNetwork/548.0.4 Darwin/11.0.0"
37.112.27.213 - - [05/Mar/2012:20:34:55 -0800] "GET /apple-touch-icon-precomposed.png HTTP/1.1" 404 142 "-" "Reeder/2.5.4 CFNetwork/548.0.4 Darwin/11.0.0"
117.193.137.171 - - [05/Mar/2012:20:35:01 -0800] "-" 400 0 "-" "-"
85.17.88.169 - - [05/Mar/2012:20:39:11 -0800] "POST /blog/wp-cron.php?doing_wp_cron=1331008712 HTTP/1.0" 499 0 "-" "WordPress/3.3.1; http://yuvi.in/blog"
209.85.224.92 - - [05/Mar/2012:20:39:12 -0800] "GET /blog/feed HTTP/1.1" 304 0 "-" "FeedBurner/1.0 (http://www.FeedBurner.com)"
117.201.30.246 - - [05/Mar/2012:20:39:16 -0800] "GET /r/2pjj HTTP/1.1" 301 257 "http://ta.wikipedia.org/wiki/%E0%AE%AA%E0%AE%9F%E0%AE%BF%E0%AE%AE%E0%AE%AE%E0%AF%8D:Tamiltyping1.JPG" "Mozilla/5.0 (Windows NT 5.1; rv:11.0) Gecko/20100101 Firefox/11.0"
117.201.30.246 - - [05/Mar/2012:20:39:17 -0800] "GET /s/ta/2pjj/ HTTP/1.1" 302 371 "http://ta.wikipedia.org/wiki/%E0%AE%AA%E0%AE%9F%E0%AE%BF%E0%AE%AE%E0%AE%AE%E0%AF%8D:Tamiltyping1.JPG" "Mozilla/5.0 (Windows NT 5.1; rv:11.0) Gecko/20100101 Firefox/11.0"
117.201.30.246 - - [05/Mar/2012:20:39:21 -0800] "GET /s/ta/2pjj/ HTTP/1.1" 302 371 "http://ta.wikipedia.org/wiki/%E0%AE%AA%E0%AE%9F%E0%AE%BF%E0%AE%AE%E0%AE%AE%E0%AF%8D:Tamiltyping1.JPG" "Mozilla/5.0 (Windows NT 5.1; rv:11.0) Gecko/20100101 Firefox/11.0"
117.201.30.246 - - [05/Mar/2012:20:39:22 -0800] "-" 400 0 "-" "-"
117.193.137.171 - - [05/Mar/2012:20:40:17 -0800] "-" 400 0 "-" "-"
117.193.137.171 - - [05/Mar/2012:20:40:17 -0800] "-" 400 0 "-" "-"
117.193.137.171 - - [05/Mar/2012:20:40:17 -0800] "-" 400 0 "-" "-"
117.193.137.171 - - [05/Mar/2012:20:40:17 -0800] "-" 400 0 "-" "-"
117.193.137.171 - - [05/Mar/2012:20:40:47 -0800] "-" 400 0 "-" "-"
117.193.137.171 - - [05/Mar/2012:20:40:47 -0800] "-" 400 0 "-" "-"
117.193.137.171 - - [05/Mar/2012:20:41:07 -0800] "-" 400 0 "-" "-"
117.193.137.171 - - [05/Mar/2012:20:41:07 -0800] "-" 400 0 "-" "-"
207.46.12.72 - - [05/Mar/2012:20:41:10 -0800] "-" 400 0 "-" "-"
207.46.12.72 - - [05/Mar/2012:20:41:14 -0800] "-" 400 0 "-" "-"
207.46.12.72 - - [05/Mar/2012:20:41:15 -0800] "-" 400 0 "-" "-"
207.46.12.72 - - [05/Mar/2012:20:41:15 -0800] "-" 400 0 "-" "-"
207.46.12.72 - - [05/Mar/2012:20:41:15 -0800] "-" 400 0 "-" "-"
207.46.12.72 - - [05/Mar/2012:20:41:15 -0800] "-" 400 0 "-" "-"
207.46.12.72 - - [05/Mar/2012:20:41:17 -0800] "-" 400 0 "-" "-"
207.46.12.72 - - [05/Mar/2012:20:41:20 -0800] "-" 400 0 "-" "-"
207.46.12.72 - - [05/Mar/2012:20:41:20 -0800] "-" 400 0 "-" "-"
207.46.12.72 - - [05/Mar/2012:20:41:21 -0800] "-" 400 0 "-" "-"
27.251.38.194 - - [05/Mar/2012:20:41:59 -0800] "-" 400 0 "-" "-"
220.181.108.150 - - [05/Mar/2012:20:41:59 -0800] "GET /s/ta/1z5n/ HTTP/1.1" 302 609 "-" "Mozilla/5.0 (compatible; Baiduspider/2.0; +http://www.baidu.com/search/spider.html)"
207.46.12.72 - - [05/Mar/2012:20:42:07 -0800] "-" 400 0 "-" "-"
37.112.27.213 - - [05/Mar/2012:20:43:15 -0800] "GET / HTTP/1.1" 200 1430 "-" "Reeder/1010.59.00 CFNetwork/520.3.2 Darwin/11.3.0 (x86_64) (MacBookPro8%2C1)"
37.112.27.213 - - [05/Mar/2012:20:43:15 -0800] "GET /favicon.ico HTTP/1.1" 404 142 "-" "Reeder/1010.59.00 CFNetwork/520.3.2 Darwin/11.3.0 (x86_64) (MacBookPro8%2C1)"
37.112.27.213 - - [05/Mar/2012:20:43:15 -0800] "GET / HTTP/1.1" 200 1430 "-" "Reeder/1010.59.00 CFNetwork/520.3.2 Darwin/11.3.0 (x86_64) (MacBookPro8%2C1)"
37.112.27.213 - - [05/Mar/2012:20:43:16 -0800] "GET /apple-touch-icon.png HTTP/1.1" 404 142 "-" "Reeder/1010.59.00 CFNetwork/520.3.2 Darwin/11.3.0 (x86_64) (MacBookPro8%2C1)"
37.112.27.213 - - [05/Mar/2012:20:43:16 -0800] "GET /apple-touch-icon-precomposed.png HTTP/1.1" 404 142 "-" "Reeder/1010.59.00 CFNetwork/520.3.2 Darwin/11.3.0 (x86_64) (MacBookPro8%2C1)"
85.17.88.169 - - [05/Mar/2012:20:43:29 -0800] "POST /blog/wp-cron.php?doing_wp_cron=1331008970 HTTP/1.0" 499 0 "-" "WordPress/3.3.1; http://yuvi.in/blog"
183.178.85.181 - - [05/Mar/2012:20:43:30 -0800] "GET /blog/learnt-reading-javascript-good-parts/ HTTP/1.1" 200 19572 "-" "Mozilla/4.0 (compatible; MSIE 5.5; Windows NT)"
115.242.178.146 - - [05/Mar/2012:20:43:31 -0800] "-" 400 0 "-" "-"
208.80.194.28 - - [05/Mar/2012:20:44:40 -0800] "GET /r/2rvb HTTP/1.0" 301 257 "-" "Mozilla/4.0 (compatible; MSIE 7.0; Windows NT 5.1; SaveWealth; .NET CLR 1.0.3705; .NET CLR 1.1.4322; Media Center PC 4.0; IEMB3)"
85.17.88.169 - - [05/Mar/2012:20:44:52 -0800] "POST /blog/wp-cron.php?doing_wp_cron=1331009052 HTTP/1.0" 499 0 "-" "WordPress/3.3.1; http://yuvi.in/blog"
72.14.199.121 - - [05/Mar/2012:20:44:52 -0800] "GET /blog/feed/ HTTP/1.1" 304 0 "-" "Feedfetcher-Google; (+http://www.google.com/feedfetcher.html; 18 subscribers; feed-id=15064232456473204253)"
115.242.178.146 - - [05/Mar/2012:20:45:02 -0800] "-" 400 0 "-" "-"
208.80.194.28 - - [05/Mar/2012:20:45:56 -0800] "GET /s/ta/2rvb/ HTTP/1.0" 302 505 "-" "Mozilla/4.0 (compatible; MSIE 7.0; Windows NT 5.1; YPC 3.2.0; .NET CLR 1.0.3705; .NET CLR 1.1.4322; .NET CLR 2.0.50727; Windows-Media-Player/10.00.00.3990; Media Center PC 4.0; yplus 5.1.04b)"
27.251.38.194 - - [05/Mar/2012:20:48:25 -0800] "-" 400 0 "-" "-"
117.193.137.171 - - [05/Mar/2012:20:50:57 -0800] "-" 400 0 "-" "-"
117.193.137.171 - - [05/Mar/2012:20:50:57 -0800] "-" 400 0 "-" "-"
117.193.198.206 - - [05/Mar/2012:20:52:59 -0800] "-" 400 0 "-" "-"
117.193.198.206 - - [05/Mar/2012:20:53:29 -0800] "-" 400 0 "-" "-"
117.193.198.206 - - [05/Mar/2012:20:53:29 -0800] "-" 400 0 "-" "-"
117.193.198.206 - - [05/Mar/2012:20:53:29 -0800] "-" 400 0 "-" "-"
117.193.198.206 - - [05/Mar/2012:20:53:29 -0800] "-" 400 0 "-" "-"
117.193.198.206 - - [05/Mar/2012:20:53:29 -0800] "-" 400 0 "-" "-"
109.230.245.231 - - [05/Mar/2012:20:53:30 -0800] "-" 400 0 "-" "-"
85.17.88.169 - - [05/Mar/2012:20:53:36 -0800] "POST /blog/wp-cron.php?doing_wp_cron=1331009577 HTTP/1.0" 499 0 "-" "WordPress/3.3.1; http://yuvi.in/blog"
58.119.6.196 - - [05/Mar/2012:20:53:43 -0800] "GET /blog/ HTTP/1.0" 200 44144 "http://yuvi.in/blog/" "Mozilla/4.0 (compatible; MSIE 6.0; Windows NT) ::ELNSB50::000061100320025802a00111000000000507000900000000"
117.193.198.206 - - [05/Mar/2012:20:54:49 -0800] "-" 400 0 "-" "-"
117.193.198.206 - - [05/Mar/2012:20:54:49 -0800] "-" 400 0 "-" "-"
117.193.198.206 - - [05/Mar/2012:20:54:49 -0800] "-" 400 0 "-" "-"
117.193.198.206 - - [05/Mar/2012:20:54:49 -0800] "-" 400 0 "-" "-"
117.193.198.206 - - [05/Mar/2012:20:54:49 -0800] "-" 400 0 "-" "-"
117.193.198.206 - - [05/Mar/2012:20:54:49 -0800] "-" 400 0 "-" "-"
207.46.204.167 - - [05/Mar/2012:20:55:03 -0800] "-" 400 0 "-" "-"
207.46.204.167 - - [05/Mar/2012:20:55:03 -0800] "-" 400 0 "-" "-"
207.46.204.167 - - [05/Mar/2012:20:55:03 -0800] "-" 400 0 "-" "-"
207.46.204.167 - - [05/Mar/2012:20:55:03 -0800] "-" 400 0 "-" "-"
207.46.204.167 - - [05/Mar/2012:20:55:03 -0800] "-" 400 0 "-" "-"
207.46.204.167 - - [05/Mar/2012:20:55:03 -0800] "-" 400 0 "-" "-"
207.46.204.167 - - [05/Mar/2012:20:55:03 -0800] "-" 400 0 "-" "-"
207.46.204.167 - - [05/Mar/2012:20:55:03 -0800] "-" 400 0 "-" "-"
207.46.204.167 - - [05/Mar/2012:20:55:03 -0800] "-" 400 0 "-" "-"
207.46.204.167 - - [05/Mar/2012:20:55:03 -0800] "-" 400 0 "-" "-"
117.193.198.206 - - [05/Mar/2012:20:56:29 -0800] "-" 400 0 "-" "-"
117.193.198.206 - - [05/Mar/2012:20:57:09 -0800] "-" 400 0 "-" "-"
117.193.198.206 - - [05/Mar/2012:20:57:09 -0800] "-" 400 0 "-" "-"
117.193.198.206 - - [05/Mar/2012:20:57:09 -0800] "-" 400 0 "-" "-"
117.193.198.206 - - [05/Mar/2012:20:57:09 -0800] "-" 400 0 "-" "-"
85.17.88.169 - - [05/Mar/2012:20:57:36 -0800] "POST /blog/wp-cron.php?doing_wp_cron=1331009817 HTTP/1.0" 499 0 "-" "WordPress/3.3.1; http://yuvi.in/blog"
213.186.127.13 - - [05/Mar/2012:20:57:37 -0800] "GET /blog/infosys-tcs-or-wipro-none/ HTTP/1.1" 200 7765 "-" "Mozilla/5.0 (compatible; AhrefsBot/2.0; +http://ahrefs.com/robot/)"
117.193.198.206 - - [05/Mar/2012:20:58:29 -0800] "-" 400 0 "-" "-"
117.193.198.206 - - [05/Mar/2012:20:58:29 -0800] "-" 400 0 "-" "-"
117.193.198.206 - - [05/Mar/2012:20:58:29 -0800] "-" 400 0 "-" "-"
141.0.11.36 - - [05/Mar/2012:21:05:22 -0800] "-" 400 0 "-" "-"
141.0.11.36 - - [05/Mar/2012:21:05:22 -0800] "-" 400 0 "-" "-"
141.0.11.36 - - [05/Mar/2012:21:05:42 -0800] "-" 400 0 "-" "-"
141.0.11.36 - - [05/Mar/2012:21:05:42 -0800] "-" 400 0 "-" "-"
141.0.11.36 - - [05/Mar/2012:21:05:42 -0800] "-" 400 0 "-" "-"
27.251.38.194 - - [05/Mar/2012:21:07:23 -0800] "-" 400 0 "-" "-"
85.17.88.169 - - [05/Mar/2012:21:09:22 -0800] "POST /blog/wp-cron.php?doing_wp_cron=1331010522 HTTP/1.0" 499 0 "-" "WordPress/3.3.1; http://yuvi.in/blog"
209.85.224.93 - - [05/Mar/2012:21:09:23 -0800] "GET /blog/feed HTTP/1.1" 304 0 "-" "FeedBurner/1.0 (http://www.FeedBurner.com)"
85.17.88.169 - - [05/Mar/2012:21:12:43 -0800] "POST /blog/wp-cron.php?doing_wp_cron=1331010723 HTTP/1.0" 499 0 "-" "WordPress/3.3.1; http://yuvi.in/blog"
183.178.85.181 - - [05/Mar/2012:21:12:44 -0800] "GET /blog/gsoc-milestone-0-what-does-my-project-do/trackback HTTP/1.1" 302 0 "-" "Mozilla/4.0 (compatible; MSIE 5.5; Windows NT)"
85.17.88.169 - - [05/Mar/2012:21:12:46 -0800] "POST /blog/wp-cron.php?doing_wp_cron=1331010726 HTTP/1.0" 499 0 "-" "WordPress/3.3.1; http://yuvi.in/blog"
183.178.85.181 - - [05/Mar/2012:21:12:46 -0800] "GET /blog/gsoc-milestone-0-what-does-my-project-do/ HTTP/1.1" 200 17671 "-" "Mozilla/4.0 (compatible; MSIE 5.5; Windows NT)"
85.17.88.169 - - [05/Mar/2012:21:17:38 -0800] "POST /blog/wp-cron.php?doing_wp_cron=1331011018 HTTP/1.0" 499 0 "-" "WordPress/3.3.1; http://yuvi.in/blog"
208.115.113.84 - - [05/Mar/2012:21:17:38 -0800] "GET /blog/optimizing-life/feed/ HTTP/1.1" 200 735 "-" "Mozilla/5.0 (compatible; Ezooms/1.0; ezooms.bot@gmail.com)"
208.115.113.84 - - [05/Mar/2012:21:17:45 -0800] "GET /blog/tag/markov.html HTTP/1.1" 200 7004 "-" "Mozilla/5.0 (compatible; Ezooms/1.0; ezooms.bot@gmail.com)"
85.17.88.169 - - [05/Mar/2012:21:17:49 -0800] "POST /blog/wp-cron.php?doing_wp_cron=1331011029 HTTP/1.0" 499 0 "-" "WordPress/3.3.1; http://yuvi.in/blog"
208.115.113.84 - - [05/Mar/2012:21:17:49 -0800] "GET /blog/tag/travel.html HTTP/1.1" 200 5552 "-" "Mozilla/5.0 (compatible; Ezooms/1.0; ezooms.bot@gmail.com)"
208.115.113.84 - - [05/Mar/2012:21:17:49 -0800] "GET /blog/tag/personal/feed/ HTTP/1.1" 200 34195 "-" "Mozilla/5.0 (compatible; Ezooms/1.0; ezooms.bot@gmail.com)"
207.46.204.211 - - [05/Mar/2012:21:18:00 -0800] "-" 400 0 "-" "-"
207.46.204.211 - - [05/Mar/2012:21:18:00 -0800] "-" 400 0 "-" "-"
207.46.204.211 - - [05/Mar/2012:21:18:00 -0800] "-" 400 0 "-" "-"
207.46.204.211 - - [05/Mar/2012:21:18:00 -0800] "-" 400 0 "-" "-"
207.46.204.211 - - [05/Mar/2012:21:18:01 -0800] "-" 400 0 "-" "-"
207.46.204.211 - - [05/Mar/2012:21:18:01 -0800] "-" 400 0 "-" "-"
207.46.204.211 - - [05/Mar/2012:21:18:01 -0800] "-" 400 0 "-" "-"
207.46.204.211 - - [05/Mar/2012:21:18:01 -0800] "-" 400 0 "-" "-"
207.46.204.211 - - [05/Mar/2012:21:18:01 -0800] "-" 400 0 "-" "-"
207.46.204.211 - - [05/Mar/2012:21:18:01 -0800] "-" 400 0 "-" "-"
207.46.204.163 - - [05/Mar/2012:21:19:31 -0800] "-" 400 0 "-" "-"
207.46.204.163 - - [05/Mar/2012:21:19:31 -0800] "-" 400 0 "-" "-"
207.46.204.163 - - [05/Mar/2012:21:19:32 -0800] "-" 400 0 "-" "-"
207.46.204.163 - - [05/Mar/2012:21:19:32 -0800] "-" 400 0 "-" "-"
207.46.204.163 - - [05/Mar/2012:21:19:32 -0800] "-" 400 0 "-" "-"
207.46.204.163 - - [05/Mar/2012:21:19:32 -0800] "-" 400 0 "-" "-"
207.46.204.163 - - [05/Mar/2012:21:19:32 -0800] "-" 400 0 "-" "-"
207.46.204.163 - - [05/Mar/2012:21:19:32 -0800] "-" 400 0 "-" "-"
207.46.204.163 - - [05/Mar/2012:21:19:32 -0800] "-" 400 0 "-" "-"
207.46.204.163 - - [05/Mar/2012:21:20:25 -0800] "-" 400 0 "-" "-"
141.0.8.249 - - [05/Mar/2012:21:22:54 -0800] "-" 400 0 "-" "-"
141.0.8.249 - - [05/Mar/2012:21:22:54 -0800] "-" 400 0 "-" "-"
141.0.8.249 - - [05/Mar/2012:21:22:54 -0800] "-" 400 0 "-" "-"
157.55.112.201 - - [05/Mar/2012:21:23:59 -0800] "-" 400 0 "-" "-"
157.55.112.201 - - [05/Mar/2012:21:23:59 -0800] "-" 400 0 "-" "-"
157.55.112.201 - - [05/Mar/2012:21:24:00 -0800] "-" 400 0 "-" "-"
157.55.112.201 - - [05/Mar/2012:21:24:00 -0800] "-" 400 0 "-" "-"
157.55.112.201 - - [05/Mar/2012:21:24:00 -0800] "-" 400 0 "-" "-"
157.55.112.201 - - [05/Mar/2012:21:24:00 -0800] "-" 400 0 "-" "-"
157.55.112.201 - - [05/Mar/2012:21:24:00 -0800] "-" 400 0 "-" "-"
157.55.112.201 - - [05/Mar/2012:21:24:00 -0800] "-" 400 0 "-" "-"
157.55.112.201 - - [05/Mar/2012:21:24:24 -0800] "-" 400 0 "-" "-"
157.55.112.201 - - [05/Mar/2012:21:24:24 -0800] "-" 400 0 "-" "-"
157.55.112.201 - - [05/Mar/2012:21:24:33 -0800] "-" 400 0 "-" "-"
141.0.8.249 - - [05/Mar/2012:21:24:38 -0800] "-" 400 0 "-" "-"
85.17.88.169 - - [05/Mar/2012:21:24:46 -0800] "POST /blog/wp-cron.php?doing_wp_cron=1331011446 HTTP/1.0" 499 0 "-" "WordPress/3.3.1; http://yuvi.in/blog"
201.9.157.184 - - [05/Mar/2012:21:24:47 -0800] "GET /blog/2011/08/ HTTP/1.1" 200 55526 "-" "Mozilla/5.0 (compatible; Googlebot/2.1; +http://www.google.com/bot.html)"
85.17.88.169 - - [05/Mar/2012:21:26:13 -0800] "POST /blog/wp-cron.php?doing_wp_cron=1331011534 HTTP/1.0" 499 0 "-" "WordPress/3.3.1; http://yuvi.in/blog"
72.14.199.121 - - [05/Mar/2012:21:26:14 -0800] "GET /blog/feed HTTP/1.1" 301 0 "-" "Feedfetcher-Google; (+http://www.google.com/feedfetcher.html; 3 subscribers; feed-id=17684830852112633560)"
85.17.88.169 - - [05/Mar/2012:21:26:16 -0800] "POST /blog/wp-cron.php?doing_wp_cron=1331011536 HTTP/1.0" 499 0 "-" "WordPress/3.3.1; http://yuvi.in/blog"
72.14.199.121 - - [05/Mar/2012:21:26:16 -0800] "GET /blog/feed/ HTTP/1.1" 304 0 "-" "Feedfetcher-Google; (+http://www.google.com/feedfetcher.html; 3 subscribers; feed-id=17684830852112633560)"
157.55.112.207 - - [05/Mar/2012:21:26:27 -0800] "-" 400 0 "-" "-"
157.55.112.207 - - [05/Mar/2012:21:26:33 -0800] "-" 400 0 "-" "-"
157.55.112.207 - - [05/Mar/2012:21:26:33 -0800] "-" 400 0 "-" "-"
157.55.112.207 - - [05/Mar/2012:21:26:33 -0800] "-" 400 0 "-" "-"
157.55.112.207 - - [05/Mar/2012:21:26:33 -0800] "-" 400 0 "-" "-"
157.55.112.207 - - [05/Mar/2012:21:26:35 -0800] "-" 400 0 "-" "-"
157.55.112.207 - - [05/Mar/2012:21:26:36 -0800] "-" 400 0 "-" "-"
157.55.112.207 - - [05/Mar/2012:21:26:36 -0800] "-" 400 0 "-" "-"
157.55.112.207 - - [05/Mar/2012:21:26:36 -0800] "-" 400 0 "-" "-"
213.186.127.13 - - [05/Mar/2012:21:26:43 -0800] "GET /r/2wxx HTTP/1.1" 301 257 "-" "Mozilla/5.0 (compatible; AhrefsBot/2.0; +http://ahrefs.com/robot/)"
157.55.112.207 - - [05/Mar/2012:21:26:45 -0800] "-" 400 0 "-" "-"
157.55.112.207 - - [05/Mar/2012:21:27:14 -0800] "-" 400 0 "-" "-"
59.92.85.27 - - [05/Mar/2012:21:28:31 -0800] "-" 400 0 "-" "-"
216.75.237.130 - - [05/Mar/2012:21:31:41 -0800] "GET /blog/ HTTP/1.0" 200 13761 "-" "Mozilla/5.0 (X11; Ubuntu; Linux x86_64; rv:10.0) Gecko/20100101 Firefox/10.0"
216.75.237.130 - - [05/Mar/2012:21:31:41 -0800] "GET /blog/wp-includes/js/jquery/jquery.js?ver=1.7.1 HTTP/1.0" 304 0 "http://yuvi.in/blog/" "Mozilla/5.0 (X11; Ubuntu; Linux x86_64; rv:10.0) Gecko/20100101 Firefox/10.0"
216.75.237.130 - - [05/Mar/2012:21:31:41 -0800] "GET /blog/wp-content/themes/cleanr/js/jquery.dropdown.js?ver=3.3.1 HTTP/1.0" 304 0 "http://yuvi.in/blog/" "Mozilla/5.0 (X11; Ubuntu; Linux x86_64; rv:10.0) Gecko/20100101 Firefox/10.0"
216.75.237.130 - - [05/Mar/2012:21:31:41 -0800] "GET /blog/wp-content/themes/cleanr/style.css HTTP/1.0" 304 0 "http://yuvi.in/blog/" "Mozilla/5.0 (X11; Ubuntu; Linux x86_64; rv:10.0) Gecko/20100101 Firefox/10.0"
216.75.237.130 - - [05/Mar/2012:21:31:42 -0800] "GET /blog/wp-content/themes/cleanr/css/reset.css HTTP/1.0" 304 0 "http://yuvi.in/blog/wp-content/themes/cleanr/style.css" "Mozilla/5.0 (X11; Ubuntu; Linux x86_64; rv:10.0) Gecko/20100101 Firefox/10.0"
216.75.237.130 - - [05/Mar/2012:21:31:42 -0800] "GET /blog/wp-content/themes/cleanr/css/text.css HTTP/1.0" 304 0 "http://yuvi.in/blog/wp-content/themes/cleanr/style.css" "Mozilla/5.0 (X11; Ubuntu; Linux x86_64; rv:10.0) Gecko/20100101 Firefox/10.0"
216.75.237.130 - - [05/Mar/2012:21:31:42 -0800] "GET /blog/wp-content/themes/cleanr/css/960.css HTTP/1.0" 304 0 "http://yuvi.in/blog/wp-content/themes/cleanr/style.css" "Mozilla/5.0 (X11; Ubuntu; Linux x86_64; rv:10.0) Gecko/20100101 Firefox/10.0"
216.75.237.130 - - [05/Mar/2012:21:31:44 -0800] "GET /blog/wp-content/themes/cleanr/images/search_magnifier.gif HTTP/1.0" 304 0 "http://yuvi.in/blog/" "Mozilla/5.0 (X11; Ubuntu; Linux x86_64; rv:10.0) Gecko/20100101 Firefox/10.0"
157.55.112.203 - - [05/Mar/2012:21:32:00 -0800] "-" 400 0 "-" "-"
157.55.112.203 - - [05/Mar/2012:21:32:04 -0800] "-" 400 0 "-" "-"
157.55.112.203 - - [05/Mar/2012:21:32:07 -0800] "-" 400 0 "-" "-"
157.55.112.203 - - [05/Mar/2012:21:32:07 -0800] "-" 400 0 "-" "-"
157.55.112.203 - - [05/Mar/2012:21:32:08 -0800] "-" 400 0 "-" "-"
157.55.112.203 - - [05/Mar/2012:21:32:19 -0800] "-" 400 0 "-" "-"
207.46.204.167 - - [05/Mar/2012:21:32:19 -0800] "-" 400 0 "-" "-"
207.46.204.167 - - [05/Mar/2012:21:32:23 -0800] "-" 400 0 "-" "-"
207.46.204.167 - - [05/Mar/2012:21:32:24 -0800] "-" 400 0 "-" "-"
207.46.204.167 - - [05/Mar/2012:21:32:24 -0800] "-" 400 0 "-" "-"
207.46.204.167 - - [05/Mar/2012:21:32:24 -0800] "-" 400 0 "-" "-"
157.55.112.203 - - [05/Mar/2012:21:32:27 -0800] "-" 400 0 "-" "-"
157.55.112.203 - - [05/Mar/2012:21:32:27 -0800] "-" 400 0 "-" "-"
157.55.112.203 - - [05/Mar/2012:21:32:27 -0800] "-" 400 0 "-" "-"
207.46.204.167 - - [05/Mar/2012:21:32:28 -0800] "-" 400 0 "-" "-"
207.46.204.167 - - [05/Mar/2012:21:32:28 -0800] "-" 400 0 "-" "-"
207.46.204.167 - - [05/Mar/2012:21:32:28 -0800] "-" 400 0 "-" "-"
207.46.204.167 - - [05/Mar/2012:21:32:29 -0800] "-" 400 0 "-" "-"
207.46.204.167 - - [05/Mar/2012:21:32:29 -0800] "-" 400 0 "-" "-"
157.55.112.203 - - [05/Mar/2012:21:32:31 -0800] "-" 400 0 "-" "-"
157.55.112.203 - - [05/Mar/2012:21:32:46 -0800] "-" 400 0 "-" "-"
209.85.224.92 - - [05/Mar/2012:21:33:12 -0800] "GET /stories/feed HTTP/1.1" 200 13653 "-" "FeedBurner/1.0 (http://www.FeedBurner.com)"
112.133.206.22 - - [05/Mar/2012:21:34:55 -0800] "GET /r/272 HTTP/1.1" 301 255 "http://ta.wikipedia.org/wiki/%E0%AE%B5%E0%AE%BF._%E0%AE%B5%E0%AF%88%E0%AE%B0%E0%AE%AE%E0%AF%81%E0%AE%A4%E0%AF%8D%E0%AE%A4%E0%AF%81" "Mozilla/5.0 (Windows NT 5.1) AppleWebKit/535.11 (KHTML, like Gecko) Chrome/17.0.963.56 Safari/535.11"
112.133.206.22 - - [05/Mar/2012:21:34:56 -0800] "GET /s/ta/272/ HTTP/1.1" 302 403 "http://ta.wikipedia.org/wiki/%E0%AE%B5%E0%AE%BF._%E0%AE%B5%E0%AF%88%E0%AE%B0%E0%AE%AE%E0%AF%81%E0%AE%A4%E0%AF%8D%E0%AE%A4%E0%AF%81" "Mozilla/5.0 (Windows NT 5.1) AppleWebKit/535.11 (KHTML, like Gecko) Chrome/17.0.963.56 Safari/535.11"
110.172.152.4 - - [05/Mar/2012:21:34:58 -0800] "GET /r/1jdf HTTP/1.1" 301 257 "-" "Mozilla/5.0 (Windows NT 6.1; WOW64) AppleWebKit/535.11 (KHTML, like Gecko) Chrome/17.0.963.56 Safari/535.11"
110.172.152.4 - - [05/Mar/2012:21:34:59 -0800] "GET /s/ta/1jdf/ HTTP/1.1" 302 461 "-" "Mozilla/5.0 (Windows NT 6.1; WOW64) AppleWebKit/535.11 (KHTML, like Gecko) Chrome/17.0.963.56 Safari/535.11"
112.133.206.22 - - [05/Mar/2012:21:35:13 -0800] "-" 400 0 "-" "-"
112.133.206.22 - - [05/Mar/2012:21:35:13 -0800] "-" 400 0 "-" "-"
110.172.152.4 - - [05/Mar/2012:21:35:14 -0800] "-" 400 0 "-" "-"
85.17.88.169 - - [05/Mar/2012:21:37:00 -0800] "POST /blog/wp-cron.php?doing_wp_cron=1331012180 HTTP/1.0" 499 0 "-" "WordPress/3.3.1; http://yuvi.in/blog"
119.63.196.60 - - [05/Mar/2012:21:37:01 -0800] "GET /blog/my-vim-setup/ HTTP/1.1" 200 7091 "-" "Mozilla/5.0 (compatible; Baiduspider/2.0; +http://www.baidu.com/search/spider.html)"
213.37.9.243 - - [05/Mar/2012:21:38:07 -0800] "GET /blog HTTP/1.1" 301 178 "-" "Mozilla/5.0 (Macintosh; Intel Mac OS X 10.6; rv:10.0.2) Gecko/20100101 Firefox/10.0.2"
213.37.9.243 - - [05/Mar/2012:21:38:07 -0800] "GET /blog/ HTTP/1.1" 200 13761 "-" "Mozilla/5.0 (Macintosh; Intel Mac OS X 10.6; rv:10.0.2) Gecko/20100101 Firefox/10.0.2"
213.37.9.243 - - [05/Mar/2012:21:38:08 -0800] "GET /blog/wp-content/themes/cleanr/js/jquery.dropdown.js?ver=3.3.1 HTTP/1.1" 200 535 "http://yuvi.in/blog/" "Mozilla/5.0 (Macintosh; Intel Mac OS X 10.6; rv:10.0.2) Gecko/20100101 Firefox/10.0.2"
213.37.9.243 - - [05/Mar/2012:21:38:08 -0800] "GET /blog/wp-content/themes/cleanr/style.css HTTP/1.1" 200 10508 "http://yuvi.in/blog/" "Mozilla/5.0 (Macintosh; Intel Mac OS X 10.6; rv:10.0.2) Gecko/20100101 Firefox/10.0.2"
213.37.9.243 - - [05/Mar/2012:21:38:09 -0800] "GET /blog/wp-includes/js/jquery/jquery.js?ver=1.7.1 HTTP/1.1" 200 93889 "http://yuvi.in/blog/" "Mozilla/5.0 (Macintosh; Intel Mac OS X 10.6; rv:10.0.2) Gecko/20100101 Firefox/10.0.2"
213.37.9.243 - - [05/Mar/2012:21:38:09 -0800] "GET /blog/wp-content/themes/cleanr/css/reset.css HTTP/1.1" 200 648 "http://yuvi.in/blog/wp-content/themes/cleanr/style.css" "Mozilla/5.0 (Macintosh; Intel Mac OS X 10.6; rv:10.0.2) Gecko/20100101 Firefox/10.0.2"
213.37.9.243 - - [05/Mar/2012:21:38:09 -0800] "GET /blog/wp-content/themes/cleanr/css/text.css HTTP/1.1" 200 420 "http://yuvi.in/blog/wp-content/themes/cleanr/style.css" "Mozilla/5.0 (Macintosh; Intel Mac OS X 10.6; rv:10.0.2) Gecko/20100101 Firefox/10.0.2"
213.37.9.243 - - [05/Mar/2012:21:38:09 -0800] "GET /blog/wp-content/themes/cleanr/css/960.css HTTP/1.1" 200 3628 "http://yuvi.in/blog/wp-content/themes/cleanr/style.css" "Mozilla/5.0 (Macintosh; Intel Mac OS X 10.6; rv:10.0.2) Gecko/20100101 Firefox/10.0.2"
213.37.9.243 - - [05/Mar/2012:21:38:10 -0800] "GET /blog/wp-content/themes/cleanr/images/search_magnifier.gif HTTP/1.1" 200 394 "http://yuvi.in/blog/" "Mozilla/5.0 (Macintosh; Intel Mac OS X 10.6; rv:10.0.2) Gecko/20100101 Firefox/10.0.2"
213.37.9.243 - - [05/Mar/2012:21:38:10 -0800] "GET /favicon.ico HTTP/1.1" 404 142 "-" "Mozilla/5.0 (Macintosh; Intel Mac OS X 10.6; rv:10.0.2) Gecko/20100101 Firefox/10.0.2"
213.37.9.243 - - [05/Mar/2012:21:38:10 -0800] "GET /favicon.ico HTTP/1.1" 404 142 "-" "Mozilla/5.0 (Macintosh; Intel Mac OS X 10.6; rv:10.0.2) Gecko/20100101 Firefox/10.0.2"
157.55.112.206 - - [05/Mar/2012:21:38:14 -0800] "-" 400 0 "-" "-"
157.55.112.206 - - [05/Mar/2012:21:38:16 -0800] "-" 400 0 "-" "-"
157.55.112.206 - - [05/Mar/2012:21:38:16 -0800] "-" 400 0 "-" "-"
157.55.112.206 - - [05/Mar/2012:21:38:16 -0800] "-" 400 0 "-" "-"
157.55.112.206 - - [05/Mar/2012:21:38:16 -0800] "-" 400 0 "-" "-"
207.46.204.218 - - [05/Mar/2012:21:38:28 -0800] "-" 400 0 "-" "-"
207.46.204.218 - - [05/Mar/2012:21:38:28 -0800] "-" 400 0 "-" "-"
157.55.112.206 - - [05/Mar/2012:21:38:28 -0800] "-" 400 0 "-" "-"
207.46.204.218 - - [05/Mar/2012:21:38:29 -0800] "-" 400 0 "-" "-"
207.46.204.218 - - [05/Mar/2012:21:38:29 -0800] "-" 400 0 "-" "-"
207.46.204.218 - - [05/Mar/2012:21:38:29 -0800] "-" 400 0 "-" "-"
207.46.204.218 - - [05/Mar/2012:21:38:29 -0800] "-" 400 0 "-" "-"
207.46.204.218 - - [05/Mar/2012:21:38:29 -0800] "-" 400 0 "-" "-"
157.55.112.206 - - [05/Mar/2012:21:38:29 -0800] "-" 400 0 "-" "-"
207.46.204.218 - - [05/Mar/2012:21:38:29 -0800] "-" 400 0 "-" "-"
207.46.204.218 - - [05/Mar/2012:21:38:29 -0800] "-" 400 0 "-" "-"
207.46.204.218 - - [05/Mar/2012:21:38:29 -0800] "-" 400 0 "-" "-"
157.55.112.206 - - [05/Mar/2012:21:38:29 -0800] "-" 400 0 "-" "-"
157.55.112.206 - - [05/Mar/2012:21:38:31 -0800] "-" 400 0 "-" "-"
157.55.112.206 - - [05/Mar/2012:21:38:35 -0800] "-" 400 0 "-" "-"
157.55.112.206 - - [05/Mar/2012:21:39:01 -0800] "-" 400 0 "-" "-"
85.17.88.169 - - [05/Mar/2012:21:39:32 -0800] "POST /blog/wp-cron.php?doing_wp_cron=1331012332 HTTP/1.0" 499 0 "-" "WordPress/3.3.1; http://yuvi.in/blog"
209.85.224.80 - - [05/Mar/2012:21:39:32 -0800] "GET /blog/feed HTTP/1.1" 304 0 "-" "FeedBurner/1.0 (http://www.FeedBurner.com)"
180.76.5.64 - - [05/Mar/2012:21:39:44 -0800] "GET /blog/archives.html HTTP/1.1" 200 4832 "-" "Mozilla/5.0 (compatible; Baiduspider/2.0; +http://www.baidu.com/search/spider.html)"
94.228.34.212 - - [05/Mar/2012:21:39:47 -0800] "GET /blog/ HTTP/1.1" 200 13761 "-" "magpie-crawler/1.1 (U; Linux amd64; en-GB; +http://www.brandwatch.net)"
85.17.88.169 - - [05/Mar/2012:21:40:25 -0800] "POST /blog/wp-cron.php?doing_wp_cron=1331012385 HTTP/1.0" 499 0 "-" "WordPress/3.3.1; http://yuvi.in/blog"
66.249.71.97 - - [05/Mar/2012:21:40:25 -0800] "GET /blog/devlog-december-2011/feed/ HTTP/1.1" 200 750 "-" "Mozilla/5.0 (compatible; Googlebot/2.1; +http://www.google.com/bot.html)"
117.202.177.10 - - [05/Mar/2012:21:46:18 -0800] "GET / HTTP/1.1" 200 1430 "-" "Mozilla/5.0 (Windows NT 5.1) AppleWebKit/535.7 (KHTML, like Gecko) Chrome/16.0.912.77 Safari/535.7"
117.202.177.10 - - [05/Mar/2012:21:46:19 -0800] "GET /blueprint/screen.css HTTP/1.1" 200 12058 "http://yuvi.in/" "Mozilla/5.0 (Windows NT 5.1) AppleWebKit/535.7 (KHTML, like Gecko) Chrome/16.0.912.77 Safari/535.7"
117.202.177.10 - - [05/Mar/2012:21:46:20 -0800] "GET /blueprint/print.css HTTP/1.1" 200 1284 "http://yuvi.in/" "Mozilla/5.0 (Windows NT 5.1) AppleWebKit/535.7 (KHTML, like Gecko) Chrome/16.0.912.77 Safari/535.7"
117.202.177.10 - - [05/Mar/2012:21:46:20 -0800] "GET /header.png HTTP/1.1" 200 14249 "http://yuvi.in/" "Mozilla/5.0 (Windows NT 5.1) AppleWebKit/535.7 (KHTML, like Gecko) Chrome/16.0.912.77 Safari/535.7"
117.202.177.10 - - [05/Mar/2012:21:46:21 -0800] "GET /favicon.ico HTTP/1.1" 404 199 "-" "Mozilla/5.0 (Windows NT 5.1) AppleWebKit/535.7 (KHTML, like Gecko) Chrome/16.0.912.77 Safari/535.7"
66.249.71.116 - - [05/Mar/2012:21:46:33 -0800] "GET /r/131g HTTP/1.1" 301 257 "-" "Mozilla/5.0 (compatible; Googlebot/2.1; +http://www.google.com/bot.html)"
66.249.71.116 - - [05/Mar/2012:21:46:34 -0800] "GET /s/ta/131g/ HTTP/1.1" 302 533 "-" "Mozilla/5.0 (compatible; Googlebot/2.1; +http://www.google.com/bot.html)"
117.202.177.10 - - [05/Mar/2012:21:46:40 -0800] "GET /stories HTTP/1.1" 301 185 "http://yuvi.in/" "Mozilla/5.0 (Windows NT 5.1) AppleWebKit/535.7 (KHTML, like Gecko) Chrome/16.0.912.77 Safari/535.7"
117.202.177.10 - - [05/Mar/2012:21:46:40 -0800] "-" 400 0 "-" "-"
117.202.177.10 - - [05/Mar/2012:21:46:40 -0800] "GET /stories/ HTTP/1.1" 200 1271 "http://yuvi.in/" "Mozilla/5.0 (Windows NT 5.1) AppleWebKit/535.7 (KHTML, like Gecko) Chrome/16.0.912.77 Safari/535.7"
117.202.177.10 - - [05/Mar/2012:21:46:41 -0800] "GET /stories/static/style.css HTTP/1.1" 200 1274 "http://yuvi.in/stories/" "Mozilla/5.0 (Windows NT 5.1) AppleWebKit/535.7 (KHTML, like Gecko) Chrome/16.0.912.77 Safari/535.7"
117.202.177.10 - - [05/Mar/2012:21:46:41 -0800] "GET /stories/static/codehilite.css HTTP/1.1" 200 4012 "http://yuvi.in/stories/" "Mozilla/5.0 (Windows NT 5.1) AppleWebKit/535.7 (KHTML, like Gecko) Chrome/16.0.912.77 Safari/535.7"
117.202.177.10 - - [05/Mar/2012:21:46:42 -0800] "GET /favicon.ico HTTP/1.1" 404 199 "-" "Mozilla/5.0 (Windows NT 5.1) AppleWebKit/535.7 (KHTML, like Gecko) Chrome/16.0.912.77 Safari/535.7"
117.202.177.10 - - [05/Mar/2012:21:46:47 -0800] "GET /favicon.ico HTTP/1.1" 404 199 "-" "Mozilla/5.0 (Windows NT 5.1) AppleWebKit/535.7 (KHTML, like Gecko) Chrome/16.0.912.77 Safari/535.7"
117.202.177.10 - - [05/Mar/2012:21:47:00 -0800] "-" 400 0 "-" "-"
117.202.177.10 - - [05/Mar/2012:21:47:00 -0800] "-" 400 0 "-" "-"
117.202.177.10 - - [05/Mar/2012:21:47:00 -0800] "-" 400 0 "-" "-"
208.115.111.68 - - [05/Mar/2012:21:47:10 -0800] "GET /blog/tag/blogging.html HTTP/1.1" 200 5638 "-" "Mozilla/5.0 (compatible; Ezooms/1.0; ezooms.bot@gmail.com)"
208.115.111.68 - - [05/Mar/2012:21:47:16 -0800] "GET /blog/tag/reading.html HTTP/1.1" 200 9373 "-" "Mozilla/5.0 (compatible; Ezooms/1.0; ezooms.bot@gmail.com)"
85.17.88.169 - - [05/Mar/2012:21:47:56 -0800] "POST /blog/wp-cron.php?doing_wp_cron=1331012836 HTTP/1.0" 499 0 "-" "WordPress/3.3.1; http://yuvi.in/blog"
72.14.199.121 - - [05/Mar/2012:21:47:57 -0800] "GET /blog/feed/ HTTP/1.1" 304 0 "-" "Feedfetcher-Google; (+http://www.google.com/feedfetcher.html; 18 subscribers; feed-id=15064232456473204253)"
85.17.88.169 - - [05/Mar/2012:21:49:21 -0800] "POST /blog/wp-cron.php?doing_wp_cron=1331012921 HTTP/1.0" 499 0 "-" "WordPress/3.3.1; http://yuvi.in/blog"
100.43.83.144 - - [05/Mar/2012:21:49:22 -0800] "GET /blog/devlog-december-7-2011/ HTTP/1.1" 200 4801 "-" "Mozilla/5.0 (compatible; YandexBot/3.0; +http://yandex.com/bots)"
122.174.120.60 - - [05/Mar/2012:21:51:26 -0800] "-" 400 0 "-" "-"
122.174.120.60 - - [05/Mar/2012:21:51:26 -0800] "-" 400 0 "-" "-"
122.165.81.246 - - [05/Mar/2012:21:51:38 -0800] "-" 400 0 "-" "-"
117.206.118.79 - - [05/Mar/2012:21:53:26 -0800] "GET /r/4cx HTTP/1.1" 301 255 "http://ta.wikipedia.org/wiki/%E0%AE%AA%E0%AF%81%E0%AE%B5%E0%AE%BF_%E0%AE%9A%E0%AF%82%E0%AE%9F%E0%AE%BE%E0%AE%A4%E0%AE%B2%E0%AF%8D" "Mozilla/5.0 (Windows NT 5.1; rv:10.0.2) Gecko/20100101 Firefox/10.0.2"
117.206.118.79 - - [05/Mar/2012:21:53:26 -0800] "GET /s/ta/4cx/ HTTP/1.1" 302 401 "http://ta.wikipedia.org/wiki/%E0%AE%AA%E0%AF%81%E0%AE%B5%E0%AE%BF_%E0%AE%9A%E0%AF%82%E0%AE%9F%E0%AE%BE%E0%AE%A4%E0%AE%B2%E0%AF%8D" "Mozilla/5.0 (Windows NT 5.1; rv:10.0.2) Gecko/20100101 Firefox/10.0.2"
117.206.118.79 - - [05/Mar/2012:21:53:31 -0800] "-" 400 0 "-" "-"
117.206.118.79 - - [05/Mar/2012:21:53:41 -0800] "GET /s/ta/4cx/ HTTP/1.1" 302 401 "http://ta.wikipedia.org/wiki/%E0%AE%AA%E0%AF%81%E0%AE%B5%E0%AE%BF_%E0%AE%9A%E0%AF%82%E0%AE%9F%E0%AE%BE%E0%AE%A4%E0%AE%B2%E0%AF%8D" "Mozilla/5.0 (Windows NT 5.1; rv:10.0.2) Gecko/20100101 Firefox/10.0.2"
157.55.112.202 - - [05/Mar/2012:21:54:20 -0800] "-" 400 0 "-" "-"
157.55.112.202 - - [05/Mar/2012:21:54:31 -0800] "-" 400 0 "-" "-"
157.55.112.202 - - [05/Mar/2012:21:54:32 -0800] "-" 400 0 "-" "-"
157.55.112.202 - - [05/Mar/2012:21:54:33 -0800] "-" 400 0 "-" "-"
157.55.112.202 - - [05/Mar/2012:21:54:34 -0800] "-" 400 0 "-" "-"
157.55.112.202 - - [05/Mar/2012:21:54:35 -0800] "-" 400 0 "-" "-"
157.55.112.202 - - [05/Mar/2012:21:54:35 -0800] "-" 400 0 "-" "-"
157.55.112.202 - - [05/Mar/2012:21:54:36 -0800] "-" 400 0 "-" "-"
157.55.112.202 - - [05/Mar/2012:21:54:37 -0800] "-" 400 0 "-" "-"
157.55.112.202 - - [05/Mar/2012:21:54:38 -0800] "-" 400 0 "-" "-"
59.92.48.107 - - [05/Mar/2012:21:56:20 -0800] "-" 400 0 "-" "-"
217.249.149.212 - - [05/Mar/2012:21:56:44 -0800] "GET /stories/tag/red.html HTTP/1.1" 200 2454 "-" "findlinks/2.0.2 (+http://wortschatz.uni-leipzig.de/findlinks/)"
67.215.230.28 - - [05/Mar/2012:21:57:38 -0800] "GET /robots.txt HTTP/1.0" 404 169 "-" "Setooz/Nutch-1.2 (http://www.setooz.com)"
67.215.230.28 - - [05/Mar/2012:21:57:38 -0800] "GET /stories HTTP/1.0" 301 185 "-" "Setooz/Nutch-1.2 (http://www.setooz.com)"
67.215.230.26 - - [05/Mar/2012:21:58:02 -0800] "GET /robots.txt HTTP/1.0" 404 169 "-" "Setooz/Nutch-1.2 (http://www.setooz.com)"
67.215.230.26 - - [05/Mar/2012:21:58:02 -0800] "GET / HTTP/1.0" 200 3439 "-" "Setooz/Nutch-1.2 (http://www.setooz.com)"
85.17.88.169 - - [05/Mar/2012:22:02:03 -0800] "POST /blog/wp-cron.php?doing_wp_cron=1331013684 HTTP/1.0" 499 0 "-" "WordPress/3.3.1; http://yuvi.in/blog"
100.43.83.144 - - [05/Mar/2012:22:02:04 -0800] "GET /blog/2011/08/ HTTP/1.1" 200 18157 "-" "Mozilla/5.0 (compatible; YandexBot/3.0; +http://yandex.com/bots)"
207.46.204.170 - - [05/Mar/2012:22:03:00 -0800] "-" 400 0 "-" "-"
207.46.204.170 - - [05/Mar/2012:22:03:04 -0800] "-" 400 0 "-" "-"
207.46.204.170 - - [05/Mar/2012:22:03:04 -0800] "-" 400 0 "-" "-"
207.46.204.170 - - [05/Mar/2012:22:03:05 -0800] "-" 400 0 "-" "-"
207.46.204.170 - - [05/Mar/2012:22:03:05 -0800] "-" 400 0 "-" "-"
207.46.204.170 - - [05/Mar/2012:22:03:05 -0800] "-" 400 0 "-" "-"
207.46.204.170 - - [05/Mar/2012:22:03:05 -0800] "-" 400 0 "-" "-"
207.46.204.170 - - [05/Mar/2012:22:03:06 -0800] "-" 400 0 "-" "-"
207.46.204.170 - - [05/Mar/2012:22:03:06 -0800] "-" 400 0 "-" "-"
207.46.204.170 - - [05/Mar/2012:22:03:06 -0800] "-" 400 0 "-" "-"
207.46.204.170 - - [05/Mar/2012:22:03:22 -0800] "-" 400 0 "-" "-"
117.206.118.79 - - [05/Mar/2012:22:07:27 -0800] "GET /s/ta/4cx/ HTTP/1.1" 302 401 "-" "Mozilla/5.0 (Windows NT 5.1; rv:10.0.2) Gecko/20100101 Firefox/10.0.2"
223.234.98.113 - - [05/Mar/2012:22:07:40 -0800] "-" 400 0 "-" "-"
117.206.118.79 - - [05/Mar/2012:22:07:40 -0800] "GET /s/ta/4cx/ HTTP/1.1" 302 401 "-" "Mozilla/5.0 (Windows NT 5.1; rv:10.0.2) Gecko/20100101 Firefox/10.0.2"
117.206.118.79 - - [05/Mar/2012:22:07:41 -0800] "-" 400 0 "-" "-"
223.234.98.113 - - [05/Mar/2012:22:07:51 -0800] "-" 400 0 "-" "-"
85.17.88.169 - - [05/Mar/2012:22:09:37 -0800] "POST /blog/wp-cron.php?doing_wp_cron=1331014137 HTTP/1.0" 499 0 "-" "WordPress/3.3.1; http://yuvi.in/blog"
209.85.224.85 - - [05/Mar/2012:22:09:38 -0800] "GET /blog/feed HTTP/1.1" 304 0 "-" "FeedBurner/1.0 (http://www.FeedBurner.com)"
207.46.12.72 - - [05/Mar/2012:22:16:03 -0800] "-" 400 0 "-" "-"
207.46.12.72 - - [05/Mar/2012:22:16:03 -0800] "-" 400 0 "-" "-"
207.46.12.72 - - [05/Mar/2012:22:16:04 -0800] "-" 400 0 "-" "-"
207.46.12.72 - - [05/Mar/2012:22:16:04 -0800] "-" 400 0 "-" "-"
207.46.12.72 - - [05/Mar/2012:22:16:04 -0800] "-" 400 0 "-" "-"
207.46.12.72 - - [05/Mar/2012:22:16:04 -0800] "-" 400 0 "-" "-"
207.46.12.72 - - [05/Mar/2012:22:16:04 -0800] "-" 400 0 "-" "-"
207.46.12.72 - - [05/Mar/2012:22:16:04 -0800] "-" 400 0 "-" "-"
207.46.12.72 - - [05/Mar/2012:22:16:04 -0800] "-" 400 0 "-" "-"
85.17.88.169 - - [05/Mar/2012:22:16:13 -0800] "POST /blog/wp-cron.php?doing_wp_cron=1331014533 HTTP/1.0" 499 0 "-" "WordPress/3.3.1; http://yuvi.in/blog"
66.249.71.116 - - [05/Mar/2012:22:16:13 -0800] "GET /r/2gav%3E HTTP/1.1" 301 263 "-" "Mozilla/5.0 (compatible; Googlebot/2.1; +http://www.google.com/bot.html)"
100.43.83.144 - - [05/Mar/2012:22:16:14 -0800] "GET /blog/devlog-april-2011/ HTTP/1.1" 200 8016 "-" "Mozilla/5.0 (compatible; YandexBot/3.0; +http://yandex.com/bots)"
66.249.71.116 - - [05/Mar/2012:22:16:14 -0800] "GET /s/ta/2gav%3E/ HTTP/1.1" 502 173 "-" "Mozilla/5.0 (compatible; Googlebot/2.1; +http://www.google.com/bot.html)"
207.46.12.72 - - [05/Mar/2012:22:16:54 -0800] "-" 400 0 "-" "-"
207.46.12.72 - - [05/Mar/2012:22:16:54 -0800] "-" 400 0 "-" "-"
122.164.224.192 - - [05/Mar/2012:22:20:55 -0800] "-" 400 0 "-" "-"
85.17.88.169 - - [05/Mar/2012:22:21:44 -0800] "POST /blog/wp-cron.php?doing_wp_cron=1331014864 HTTP/1.0" 499 0 "-" "WordPress/3.3.1; http://yuvi.in/blog"
72.14.199.121 - - [05/Mar/2012:22:21:44 -0800] "GET /blog/feed HTTP/1.1" 301 0 "-" "Feedfetcher-Google; (+http://www.google.com/feedfetcher.html; 3 subscribers; feed-id=17684830852112633560)"
85.17.88.169 - - [05/Mar/2012:22:21:46 -0800] "POST /blog/wp-cron.php?doing_wp_cron=1331014866 HTTP/1.0" 499 0 "-" "WordPress/3.3.1; http://yuvi.in/blog"
72.14.199.121 - - [05/Mar/2012:22:21:47 -0800] "GET /blog/feed/ HTTP/1.1" 304 0 "-" "Feedfetcher-Google; (+http://www.google.com/feedfetcher.html; 3 subscribers; feed-id=17684830852112633560)"
208.115.111.69 - - [05/Mar/2012:22:21:47 -0800] "GET /robots.txt HTTP/1.1" 404 238 "-" "Mozilla/5.0 (compatible; Ezooms/1.0; ezooms.bot@gmail.com)"
103.246.38.196 - - [05/Mar/2012:22:24:02 -0800] "GET /blog/tag/flipkart HTTP/1.1" 301 0 "-" "Mozilla/4.0 (compatible; MSIE 7.0; Windows NT 5.1; InfoPath.1; .NET CLR 2.0.50727; .NET CLR 1.1.4322; MS-RTC LM 8; .NET CLR 3.0.4506.2152; .NET CLR 3.5.30729)"
85.17.88.169 - - [05/Mar/2012:22:24:03 -0800] "POST /blog/wp-cron.php?doing_wp_cron=1331015003 HTTP/1.0" 200 0 "-" "WordPress/3.3.1; http://yuvi.in/blog"
202.76.247.8 - - [05/Mar/2012:22:24:03 -0800] "GET /blog/tag/flipkart/ HTTP/1.1" 200 4385 "http://www.google.co.in/search?q=customer+service+awards+won++flipkart&hl=en&rls=com.microsoft:*&rlz=1I7ADFA_enIN473&prmd=ivns&ei=bKxVT-vNBqmj4gTK2K2KCg&start=20&sa=N" "Mozilla/4.0 (compatible; MSIE 7.0; Windows NT 5.1; GTB7.3; .NET CLR 2.0.50727; .NET CLR 3.0.4506.2152; .NET CLR 3.5.30729; .NET CLR 1.1.4322; InfoPath.2; Zune 4.7)"
103.246.38.196 - - [05/Mar/2012:22:24:03 -0800] "GET /blog/tag/flipkart/ HTTP/1.1" 200 16345 "-" "Mozilla/4.0 (compatible; MSIE 7.0; Windows NT 5.1; InfoPath.1; .NET CLR 2.0.50727; .NET CLR 1.1.4322; MS-RTC LM 8; .NET CLR 3.0.4506.2152; .NET CLR 3.5.30729)"
202.76.247.8 - - [05/Mar/2012:22:24:04 -0800] "GET /blog/wp-content/themes/cleanr/css/ie.css HTTP/1.1" 200 390 "http://yuvi.in/blog/tag/flipkart/" "Mozilla/4.0 (compatible; MSIE 7.0; Windows NT 5.1; GTB7.3; .NET CLR 2.0.50727; .NET CLR 3.0.4506.2152; .NET CLR 3.5.30729; .NET CLR 1.1.4322; InfoPath.2; Zune 4.7)"
202.76.247.8 - - [05/Mar/2012:22:24:04 -0800] "GET /blog/wp-content/themes/cleanr/style.css HTTP/1.1" 200 10508 "http://yuvi.in/blog/tag/flipkart/" "Mozilla/4.0 (compatible; MSIE 7.0; Windows NT 5.1; GTB7.3; .NET CLR 2.0.50727; .NET CLR 3.0.4506.2152; .NET CLR 3.5.30729; .NET CLR 1.1.4322; InfoPath.2; Zune 4.7)"
202.76.247.8 - - [05/Mar/2012:22:24:05 -0800] "GET /blog/wp-content/themes/cleanr/css/reset.css HTTP/1.1" 200 648 "http://yuvi.in/blog/tag/flipkart/" "Mozilla/4.0 (compatible; MSIE 7.0; Windows NT 5.1; GTB7.3; .NET CLR 2.0.50727; .NET CLR 3.0.4506.2152; .NET CLR 3.5.30729; .NET CLR 1.1.4322; InfoPath.2; Zune 4.7)"
65.255.37.162 - - [05/Mar/2012:22:24:05 -0800] "GET /r/1ql HTTP/1.1" 301 255 "http://ta.wikipedia.org/wiki/%E0%AE%A4%E0%AE%AE%E0%AE%BF%E0%AE%B4%E0%AF%8D_%E0%AE%A8%E0%AE%BE%E0%AE%9F%E0%AF%81" "NokiaC2-00/2.0 (03.45) Profile/MIDP-2.1 Configuration/CLDC-1.1 nokiac2-00/UC Browser8.0.3.107/69/444 UNTRUSTED/1.0"
202.76.247.8 - - [05/Mar/2012:22:24:05 -0800] "GET /blog/wp-content/themes/cleanr/css/text.css HTTP/1.1" 200 420 "http://yuvi.in/blog/tag/flipkart/" "Mozilla/4.0 (compatible; MSIE 7.0; Windows NT 5.1; GTB7.3; .NET CLR 2.0.50727; .NET CLR 3.0.4506.2152; .NET CLR 3.5.30729; .NET CLR 1.1.4322; InfoPath.2; Zune 4.7)"
202.76.247.8 - - [05/Mar/2012:22:24:05 -0800] "GET /blog/wp-includes/js/jquery/jquery.js?ver=1.7.1 HTTP/1.1" 200 93889 "http://yuvi.in/blog/tag/flipkart/" "Mozilla/4.0 (compatible; MSIE 7.0; Windows NT 5.1; GTB7.3; .NET CLR 2.0.50727; .NET CLR 3.0.4506.2152; .NET CLR 3.5.30729; .NET CLR 1.1.4322; InfoPath.2; Zune 4.7)"
65.255.37.162 - - [05/Mar/2012:22:24:05 -0800] "GET /s/ta/1ql/ HTTP/1.1" 302 373 "http://ta.wikipedia.org/wiki/%E0%AE%A4%E0%AE%AE%E0%AE%BF%E0%AE%B4%E0%AF%8D_%E0%AE%A8%E0%AE%BE%E0%AE%9F%E0%AF%81" "NokiaC2-00/2.0 (03.45) Profile/MIDP-2.1 Configuration/CLDC-1.1 nokiac2-00/UC Browser8.0.3.107/69/444 UNTRUSTED/1.0"
202.76.247.8 - - [05/Mar/2012:22:24:06 -0800] "GET /blog/wp-content/themes/cleanr/css/960.css HTTP/1.1" 200 3628 "http://yuvi.in/blog/tag/flipkart/" "Mozilla/4.0 (compatible; MSIE 7.0; Windows NT 5.1; GTB7.3; .NET CLR 2.0.50727; .NET CLR 3.0.4506.2152; .NET CLR 3.5.30729; .NET CLR 1.1.4322; InfoPath.2; Zune 4.7)"
202.76.247.8 - - [05/Mar/2012:22:24:06 -0800] "GET /blog/wp-content/themes/cleanr/js/jquery.dropdown.js?ver=3.3.1 HTTP/1.1" 200 535 "http://yuvi.in/blog/tag/flipkart/" "Mozilla/4.0 (compatible; MSIE 7.0; Windows NT 5.1; GTB7.3; .NET CLR 2.0.50727; .NET CLR 3.0.4506.2152; .NET CLR 3.5.30729; .NET CLR 1.1.4322; InfoPath.2; Zune 4.7)"
202.76.247.8 - - [05/Mar/2012:22:24:07 -0800] "GET /blog/wp-content/themes/cleanr/images/search_magnifier.gif HTTP/1.1" 200 394 "http://yuvi.in/blog/tag/flipkart/" "Mozilla/4.0 (compatible; MSIE 7.0; Windows NT 5.1; GTB7.3; .NET CLR 2.0.50727; .NET CLR 3.0.4506.2152; .NET CLR 3.5.30729; .NET CLR 1.1.4322; InfoPath.2; Zune 4.7)"
202.76.247.8 - - [05/Mar/2012:22:24:13 -0800] "GET /favicon.ico HTTP/1.1" 404 199 "-" "Mozilla/4.0 (compatible; MSIE 7.0; Windows NT 5.1; GTB7.3; .NET CLR 2.0.50727; .NET CLR 3.0.4506.2152; .NET CLR 3.5.30729; .NET CLR 1.1.4322; InfoPath.2; Zune 4.7)"
59.99.236.12 - - [05/Mar/2012:22:25:30 -0800] "GET / HTTP/1.1" 200 1430 "http://in.search.yahoo.com/search;_ylt=A3llmfZRrVVPwEgBvkOuitIF;_ylc=X1MDOTc2ODQxNDIEX3IDMgRmcgN5ZnAtdC03MDQEbl9ncHMDMARvcmlnaW4DaW4ueWFob28uY29tBHF1ZXJ5A3d3d0B5dXZpIC5jb20Ec2FvAzE-?p=www@yuvi+.com&toggle=1&cop=mss&ei=UTF-8&fr=yfp-t-704" "Mozilla/4.0 (compatible; MSIE 8.0; Windows NT 6.0; Trident/4.0; SLCC1; .NET CLR 2.0.50727; .NET CLR 3.5.30729; .NET CLR 3.0.30618; .NET4.0C)"
59.99.236.12 - - [05/Mar/2012:22:25:30 -0800] "GET /blueprint/screen.css HTTP/1.1" 200 12058 "http://yuvi.in/" "Mozilla/4.0 (compatible; MSIE 8.0; Windows NT 6.0; Trident/4.0; SLCC1; .NET CLR 2.0.50727; .NET CLR 3.5.30729; .NET CLR 3.0.30618; .NET4.0C)"
180.76.5.161 - - [05/Mar/2012:22:25:32 -0800] "GET / HTTP/1.1" 200 3439 "-" "Mozilla/5.0 (compatible; Baiduspider/2.0; +http://www.baidu.com/search/spider.html)"
59.99.236.12 - - [05/Mar/2012:22:25:34 -0800] "GET /blueprint/print.css HTTP/1.1" 200 1284 "http://yuvi.in/" "Mozilla/4.0 (compatible; MSIE 8.0; Windows NT 6.0; Trident/4.0; SLCC1; .NET CLR 2.0.50727; .NET CLR 3.5.30729; .NET CLR 3.0.30618; .NET4.0C)"
59.99.236.12 - - [05/Mar/2012:22:25:35 -0800] "GET /header.png HTTP/1.1" 200 14249 "http://yuvi.in/" "Mozilla/4.0 (compatible; MSIE 8.0; Windows NT 6.0; Trident/4.0; SLCC1; .NET CLR 2.0.50727; .NET CLR 3.5.30729; .NET CLR 3.0.30618; .NET4.0C)"
59.99.236.12 - - [05/Mar/2012:22:25:36 -0800] "GET /favicon.ico HTTP/1.1" 404 199 "-" "Mozilla/4.0 (compatible; MSIE 8.0; Windows NT 6.0; Trident/4.0; SLCC1; .NET CLR 2.0.50727; .NET CLR 3.5.30729; .NET CLR 3.0.30618; .NET4.0C)"
207.46.204.212 - - [05/Mar/2012:22:26:19 -0800] "-" 400 0 "-" "-"
207.46.204.212 - - [05/Mar/2012:22:26:25 -0800] "-" 400 0 "-" "-"
207.46.204.212 - - [05/Mar/2012:22:26:30 -0800] "-" 400 0 "-" "-"
207.46.204.212 - - [05/Mar/2012:22:26:30 -0800] "-" 400 0 "-" "-"
207.46.204.212 - - [05/Mar/2012:22:26:30 -0800] "-" 400 0 "-" "-"
207.46.204.212 - - [05/Mar/2012:22:26:33 -0800] "-" 400 0 "-" "-"
207.46.204.212 - - [05/Mar/2012:22:26:35 -0800] "-" 400 0 "-" "-"
207.46.204.212 - - [05/Mar/2012:22:26:35 -0800] "-" 400 0 "-" "-"
207.46.204.212 - - [05/Mar/2012:22:26:36 -0800] "-" 400 0 "-" "-"
207.46.204.212 - - [05/Mar/2012:22:26:37 -0800] "-" 400 0 "-" "-"
207.46.204.212 - - [05/Mar/2012:22:27:05 -0800] "-" 400 0 "-" "-"
59.97.120.146 - - [05/Mar/2012:22:27:21 -0800] "-" 400 0 "-" "-"
59.97.120.146 - - [05/Mar/2012:22:27:21 -0800] "-" 400 0 "-" "-"
59.97.120.146 - - [05/Mar/2012:22:27:21 -0800] "-" 400 0 "-" "-"
59.97.120.146 - - [05/Mar/2012:22:27:21 -0800] "-" 400 0 "-" "-"
59.97.120.146 - - [05/Mar/2012:22:27:21 -0800] "-" 400 0 "-" "-"
207.46.204.215 - - [05/Mar/2012:22:27:38 -0800] "-" 400 0 "-" "-"
207.46.204.215 - - [05/Mar/2012:22:27:38 -0800] "-" 400 0 "-" "-"
207.46.204.215 - - [05/Mar/2012:22:27:39 -0800] "-" 400 0 "-" "-"
207.46.204.215 - - [05/Mar/2012:22:27:39 -0800] "-" 400 0 "-" "-"
207.46.204.215 - - [05/Mar/2012:22:27:39 -0800] "-" 400 0 "-" "-"
207.46.204.215 - - [05/Mar/2012:22:27:39 -0800] "-" 400 0 "-" "-"
207.46.204.215 - - [05/Mar/2012:22:27:39 -0800] "-" 400 0 "-" "-"
207.46.204.215 - - [05/Mar/2012:22:27:39 -0800] "-" 400 0 "-" "-"
