85.17.88.169 - - [14/Apr/2012:08:38:32 -0700] "POST /blog/wp-cron.php?doing_wp_cron=1334417558 HTTP/1.0" 499 0 "-" "WordPress/3.3.1; http://yuvi.in/blog"
82.155.17.8 - - [14/Apr/2012:08:38:33 -0700] "GET /blog/wp-content/themes/cleanr/timthumb/timthumb.php HTTP/1.1" 404 12307 "-" "Mozilla/5.0 (Windows NT 6.1) AppleWebKit/534.30 (KHTML, like Gecko) Chrome/12.0.742.122 Safari/534.30"
85.17.88.169 - - [14/Apr/2012:08:38:39 -0700] "POST /blog/wp-cron.php?doing_wp_cron=1334417564 HTTP/1.0" 499 0 "-" "WordPress/3.3.1; http://yuvi.in/blog"
82.155.17.8 - - [14/Apr/2012:08:38:39 -0700] "GET /blog/wp-content/themes/cleanr/tools/thumb.php HTTP/1.1" 404 12307 "-" "Mozilla/5.0 (Windows NT 6.1) AppleWebKit/534.30 (KHTML, like Gecko) Chrome/12.0.742.122 Safari/534.30"
85.17.88.169 - - [14/Apr/2012:08:38:42 -0700] "POST /blog/wp-cron.php?doing_wp_cron=1334417568 HTTP/1.0" 499 0 "-" "WordPress/3.3.1; http://yuvi.in/blog"
82.155.17.8 - - [14/Apr/2012:08:38:42 -0700] "GET /blog/wp-content/themes/cleanr/tools/timthumb.php HTTP/1.1" 404 12307 "-" "Mozilla/5.0 (Windows NT 6.1) AppleWebKit/534.30 (KHTML, like Gecko) Chrome/12.0.742.122 Safari/534.30"
85.17.88.169 - - [14/Apr/2012:08:38:45 -0700] "POST /blog/wp-cron.php?doing_wp_cron=1334417571 HTTP/1.0" 499 0 "-" "WordPress/3.3.1; http://yuvi.in/blog"
82.155.17.8 - - [14/Apr/2012:08:38:46 -0700] "GET /blog/wp-content/themes/cleanr/tools/timthumb/thumb.php HTTP/1.1" 404 12307 "-" "Mozilla/5.0 (Windows NT 6.1) AppleWebKit/534.30 (KHTML, like Gecko) Chrome/12.0.742.122 Safari/534.30"
85.17.88.169 - - [14/Apr/2012:08:38:49 -0700] "POST /blog/wp-cron.php?doing_wp_cron=1334417574 HTTP/1.0" 499 0 "-" "WordPress/3.3.1; http://yuvi.in/blog"
82.155.17.8 - - [14/Apr/2012:08:38:49 -0700] "GET /blog/wp-content/themes/cleanr/tools/timthumb/timthumb.php HTTP/1.1" 404 12307 "-" "Mozilla/5.0 (Windows NT 6.1) AppleWebKit/534.30 (KHTML, like Gecko) Chrome/12.0.742.122 Safari/534.30"
85.17.88.169 - - [14/Apr/2012:08:38:52 -0700] "POST /blog/wp-cron.php?doing_wp_cron=1334417577 HTTP/1.0" 499 0 "-" "WordPress/3.3.1; http://yuvi.in/blog"
82.155.17.8 - - [14/Apr/2012:08:38:52 -0700] "GET /blog/wp-content/themes/cleanr/ttplugin/thumb.php HTTP/1.1" 404 12307 "-" "Mozilla/5.0 (Windows NT 6.1) AppleWebKit/534.30 (KHTML, like Gecko) Chrome/12.0.742.122 Safari/534.30"
85.17.88.169 - - [14/Apr/2012:08:38:58 -0700] "POST /blog/wp-cron.php?doing_wp_cron=1334417583 HTTP/1.0" 499 0 "-" "WordPress/3.3.1; http://yuvi.in/blog"
82.155.17.8 - - [14/Apr/2012:08:38:58 -0700] "GET /blog/wp-content/themes/cleanr/ttplugin/timthumb.php HTTP/1.1" 404 12307 "-" "Mozilla/5.0 (Windows NT 6.1) AppleWebKit/534.30 (KHTML, like Gecko) Chrome/12.0.742.122 Safari/534.30"
85.17.88.169 - - [14/Apr/2012:08:39:01 -0700] "POST /blog/wp-cron.php?doing_wp_cron=1334417587 HTTP/1.0" 499 0 "-" "WordPress/3.3.1; http://yuvi.in/blog"
82.155.17.8 - - [14/Apr/2012:08:39:01 -0700] "GET /blog/wp-content/themes/cleanr/upload.php HTTP/1.1" 404 12307 "-" "Mozilla/5.0 (Windows NT 6.1) AppleWebKit/534.30 (KHTML, like Gecko) Chrome/12.0.742.122 Safari/534.30"
85.17.88.169 - - [14/Apr/2012:08:39:04 -0700] "POST /blog/wp-cron.php?doing_wp_cron=1334417590 HTTP/1.0" 499 0 "-" "WordPress/3.3.1; http://yuvi.in/blog"
82.155.17.8 - - [14/Apr/2012:08:39:04 -0700] "GET /blog/wp-content/themes/cleanr/uploadify.php HTTP/1.1" 404 12307 "-" "Mozilla/5.0 (Windows NT 6.1) AppleWebKit/534.30 (KHTML, like Gecko) Chrome/12.0.742.122 Safari/534.30"
69.171.234.7 - - [14/Apr/2012:08:41:16 -0700] "GET /r/39d HTTP/1.1" 301 255 "-" "facebookexternalhit/1.1 (+http://www.facebook.com/externalhit_uatext.php)"
69.171.234.6 - - [14/Apr/2012:08:41:16 -0700] "GET /s/ta/39d/ HTTP/1.1" 302 325 "-" "facebookexternalhit/1.1 (+http://www.facebook.com/externalhit_uatext.php)"
66.249.73.219 - - [14/Apr/2012:08:44:31 -0700] "GET /blog/tag/travel.html HTTP/1.1" 200 2332 "-" "Mozilla/5.0 (compatible; Googlebot/2.1; +http://www.google.com/bot.html)"
66.249.73.219 - - [14/Apr/2012:08:44:47 -0700] "GET /stories/premature-greying.html HTTP/1.1" 200 1486 "-" "Mozilla/5.0 (compatible; Googlebot/2.1; +http://www.google.com/bot.html)"
85.17.88.169 - - [14/Apr/2012:08:47:59 -0700] "POST /blog/wp-cron.php?doing_wp_cron=1334418124 HTTP/1.0" 499 0 "-" "WordPress/3.3.1; http://yuvi.in/blog"
209.85.224.91 - - [14/Apr/2012:08:47:59 -0700] "GET /blog/feed HTTP/1.1" 304 0 "-" "FeedBurner/1.0 (http://www.FeedBurner.com)"
67.255.1.31 - - [14/Apr/2012:08:48:19 -0700] "GET /favicon.ico HTTP/1.1" 404 199 "http://prashanth-kamle.blogspot.com/2009/03/viterbi-algorithm-for-second-order.html" "Mozilla/5.0 (X11; Linux i686) AppleWebKit/535.19 (KHTML, like Gecko) Chrome/18.0.1025.162 Safari/535.19"
69.171.228.244 - - [14/Apr/2012:08:49:48 -0700] "GET /r/3g7 HTTP/1.1" 301 255 "-" "facebookexternalhit/1.1 (+http://www.facebook.com/externalhit_uatext.php)"
69.171.228.248 - - [14/Apr/2012:08:49:48 -0700] "GET /s/ta/3g7/ HTTP/1.1" 302 465 "-" "facebookexternalhit/1.1 (+http://www.facebook.com/externalhit_uatext.php)"
67.255.1.31 - - [14/Apr/2012:08:50:13 -0700] "GET /favicon.ico HTTP/1.1" 404 199 "http://prashanth-kamle.blogspot.com/2009/03/viterbi-algorithm-for-second-order.html" "Mozilla/5.0 (X11; Linux i686) AppleWebKit/535.19 (KHTML, like Gecko) Chrome/18.0.1025.162 Safari/535.19"
117.193.13.73 - - [14/Apr/2012:08:50:42 -0700] "-" 400 0 "-" "-"
117.193.13.73 - - [14/Apr/2012:08:50:42 -0700] "-" 400 0 "-" "-"
117.193.13.73 - - [14/Apr/2012:08:50:42 -0700] "-" 400 0 "-" "-"
117.193.13.73 - - [14/Apr/2012:08:50:42 -0700] "-" 400 0 "-" "-"
67.255.1.31 - - [14/Apr/2012:08:51:07 -0700] "GET /favicon.ico HTTP/1.1" 404 142 "http://prashanth-kamle.blogspot.com/2009/03/viterbi-algorithm-for-second-order.html" "Mozilla/5.0 (Macintosh; Intel Mac OS X 10_6_8) AppleWebKit/534.55.3 (KHTML, like Gecko) Version/5.1.5 Safari/534.55.3"
85.17.88.169 - - [14/Apr/2012:08:51:32 -0700] "POST /blog/wp-cron.php?doing_wp_cron=1334418338 HTTP/1.0" 499 0 "-" "WordPress/3.3.1; http://yuvi.in/blog"
207.46.195.239 - - [14/Apr/2012:08:51:33 -0700] "GET /blog/what-stop-child-athiest/ HTTP/1.1" 200 6093 "-" "Mozilla/5.0 (compatible; bingbot/2.0; +http://www.bing.com/bingbot.htm)"
85.17.88.169 - - [14/Apr/2012:08:52:30 -0700] "POST /blog/wp-cron.php?doing_wp_cron=1334418396 HTTP/1.0" 499 0 "-" "WordPress/3.3.1; http://yuvi.in/blog"
46.116.112.75 - - [14/Apr/2012:08:52:32 -0700] "GET /blog/ HTTP/1.0" 200 33142 "http://yuvi.in/blog/" "Mozilla/4.0 (compatible; MSIE 5.5; Windows 95; BCD2000)"
117.197.191.181 - - [14/Apr/2012:08:52:57 -0700] "-" 400 0 "-" "-"
117.197.191.181 - - [14/Apr/2012:08:53:17 -0700] "-" 400 0 "-" "-"
67.255.1.31 - - [14/Apr/2012:08:54:13 -0700] "GET /favicon.ico HTTP/1.1" 404 199 "http://prashanth-kamle.blogspot.com/2009/03/viterbi-algorithm-for-second-order.html" "Mozilla/5.0 (X11; Linux i686) AppleWebKit/535.19 (KHTML, like Gecko) Chrome/18.0.1025.162 Safari/535.19"
207.46.204.211 - - [14/Apr/2012:08:54:43 -0700] "-" 400 0 "-" "-"
207.46.204.211 - - [14/Apr/2012:08:54:43 -0700] "-" 400 0 "-" "-"
207.46.204.211 - - [14/Apr/2012:08:54:43 -0700] "-" 400 0 "-" "-"
207.46.204.211 - - [14/Apr/2012:08:54:43 -0700] "-" 400 0 "-" "-"
207.46.204.211 - - [14/Apr/2012:08:54:44 -0700] "-" 400 0 "-" "-"
207.46.204.211 - - [14/Apr/2012:08:54:44 -0700] "-" 400 0 "-" "-"
207.46.204.211 - - [14/Apr/2012:08:54:45 -0700] "-" 400 0 "-" "-"
207.46.204.211 - - [14/Apr/2012:08:54:45 -0700] "-" 400 0 "-" "-"
207.46.204.211 - - [14/Apr/2012:08:54:45 -0700] "-" 400 0 "-" "-"
67.255.1.31 - - [14/Apr/2012:08:55:08 -0700] "GET /favicon.ico HTTP/1.1" 404 199 "http://prashanth-kamle.blogspot.com/2009/03/viterbi-algorithm-for-second-order.html" "Mozilla/5.0 (X11; Linux i686) AppleWebKit/535.19 (KHTML, like Gecko) Chrome/18.0.1025.162 Safari/535.19"
207.46.204.211 - - [14/Apr/2012:08:55:18 -0700] "-" 400 0 "-" "-"
207.46.204.211 - - [14/Apr/2012:08:55:18 -0700] "-" 400 0 "-" "-"
207.46.204.211 - - [14/Apr/2012:08:55:19 -0700] "-" 400 0 "-" "-"
207.46.204.211 - - [14/Apr/2012:08:55:35 -0700] "-" 400 0 "-" "-"
117.197.191.181 - - [14/Apr/2012:08:55:38 -0700] "-" 400 0 "-" "-"
85.17.88.169 - - [14/Apr/2012:08:55:47 -0700] "POST /blog/wp-cron.php?doing_wp_cron=1334418592 HTTP/1.0" 499 0 "-" "WordPress/3.3.1; http://yuvi.in/blog"
209.85.238.182 - - [14/Apr/2012:08:55:47 -0700] "GET /blog/feed HTTP/1.1" 301 0 "-" "Feedfetcher-Google; (+http://www.google.com/feedfetcher.html; 3 subscribers; feed-id=17684830852112633560)"
85.17.88.169 - - [14/Apr/2012:08:55:49 -0700] "POST /blog/wp-cron.php?doing_wp_cron=1334418595 HTTP/1.0" 499 0 "-" "WordPress/3.3.1; http://yuvi.in/blog"
209.85.238.182 - - [14/Apr/2012:08:55:49 -0700] "GET /blog/feed/ HTTP/1.1" 304 0 "-" "Feedfetcher-Google; (+http://www.google.com/feedfetcher.html; 3 subscribers; feed-id=17684830852112633560)"
122.164.186.187 - - [14/Apr/2012:08:56:01 -0700] "-" 400 0 "-" "-"
122.164.186.187 - - [14/Apr/2012:08:56:01 -0700] "-" 400 0 "-" "-"
122.164.186.187 - - [14/Apr/2012:08:56:01 -0700] "-" 400 0 "-" "-"
117.197.191.181 - - [14/Apr/2012:08:56:38 -0700] "-" 400 0 "-" "-"
46.105.114.233 - - [14/Apr/2012:08:56:55 -0700] "GET /robots.txt HTTP/1.0" 404 169 "-" "Mozilla/5.0 (compatible; MJ12bot/v1.4.2; http://www.majestic12.co.uk/bot.php?+)"
85.17.88.169 - - [14/Apr/2012:08:56:59 -0700] "POST /blog/wp-cron.php?doing_wp_cron=1334418664 HTTP/1.0" 499 0 "-" "WordPress/3.3.1; http://yuvi.in/blog"
46.105.114.233 - - [14/Apr/2012:08:56:59 -0700] "GET /blog/story-average-indian-techie HTTP/1.0" 301 0 "-" "Mozilla/5.0 (compatible; MJ12bot/v1.4.2; http://www.majestic12.co.uk/bot.php?+)"
46.105.114.233 - - [14/Apr/2012:08:57:02 -0700] "GET /blog/story-average-indian-techie/ HTTP/1.0" 200 14155 "-" "Mozilla/5.0 (compatible; MJ12bot/v1.4.2; http://www.majestic12.co.uk/bot.php?+)"
117.197.191.181 - - [14/Apr/2012:08:57:28 -0700] "-" 400 0 "-" "-"
117.197.191.181 - - [14/Apr/2012:08:57:38 -0700] "-" 400 0 "-" "-"
117.197.191.181 - - [14/Apr/2012:08:57:38 -0700] "-" 400 0 "-" "-"
117.197.191.181 - - [14/Apr/2012:08:57:38 -0700] "-" 400 0 "-" "-"
117.195.239.95 - - [14/Apr/2012:08:57:42 -0700] "-" 400 0 "-" "-"
117.197.191.181 - - [14/Apr/2012:08:58:18 -0700] "-" 400 0 "-" "-"
117.197.191.181 - - [14/Apr/2012:08:59:38 -0700] "-" 400 0 "-" "-"
117.197.191.181 - - [14/Apr/2012:08:59:38 -0700] "-" 400 0 "-" "-"
117.197.191.181 - - [14/Apr/2012:08:59:38 -0700] "-" 400 0 "-" "-"
117.197.191.181 - - [14/Apr/2012:08:59:38 -0700] "-" 400 0 "-" "-"
117.197.191.181 - - [14/Apr/2012:08:59:58 -0700] "-" 400 0 "-" "-"
223.234.248.108 - - [14/Apr/2012:09:00:09 -0700] "-" 400 0 "-" "-"
157.55.112.206 - - [14/Apr/2012:09:00:12 -0700] "-" 400 0 "-" "-"
157.55.112.206 - - [14/Apr/2012:09:00:12 -0700] "-" 400 0 "-" "-"
157.55.112.206 - - [14/Apr/2012:09:00:13 -0700] "-" 400 0 "-" "-"
157.55.112.206 - - [14/Apr/2012:09:00:14 -0700] "-" 400 0 "-" "-"
157.55.112.206 - - [14/Apr/2012:09:00:15 -0700] "-" 400 0 "-" "-"
157.55.112.206 - - [14/Apr/2012:09:00:15 -0700] "-" 400 0 "-" "-"
157.55.112.206 - - [14/Apr/2012:09:00:15 -0700] "-" 400 0 "-" "-"
157.55.112.206 - - [14/Apr/2012:09:00:15 -0700] "-" 400 0 "-" "-"
157.55.112.206 - - [14/Apr/2012:09:00:15 -0700] "-" 400 0 "-" "-"
157.55.112.206 - - [14/Apr/2012:09:00:15 -0700] "-" 400 0 "-" "-"
204.194.141.28 - - [14/Apr/2012:09:01:22 -0700] "-" 400 0 "-" "-"
115.184.11.184 - - [14/Apr/2012:09:01:44 -0700] "-" 400 0 "-" "-"
141.0.10.138 - - [14/Apr/2012:09:02:37 -0700] "-" 400 0 "-" "-"
117.197.191.181 - - [14/Apr/2012:09:02:58 -0700] "-" 400 0 "-" "-"
117.197.191.181 - - [14/Apr/2012:09:03:18 -0700] "-" 400 0 "-" "-"
85.17.88.169 - - [14/Apr/2012:09:03:49 -0700] "POST /blog/wp-cron.php?doing_wp_cron=1334419074 HTTP/1.0" 499 0 "-" "WordPress/3.3.1; http://yuvi.in/blog"
66.249.73.219 - - [14/Apr/2012:09:03:49 -0700] "GET /blog/theMarianStar/Nicky.pdf HTTP/1.1" 404 3016 "-" "Googlebot/2.1 (+http://www.google.com/bot.html)"
141.0.10.138 - - [14/Apr/2012:09:04:20 -0700] "-" 400 0 "-" "-"
113.193.117.107 - - [14/Apr/2012:09:04:36 -0700] "-" 400 0 "-" "-"
113.193.117.107 - - [14/Apr/2012:09:04:36 -0700] "-" 400 0 "-" "-"
113.193.117.107 - - [14/Apr/2012:09:04:36 -0700] "-" 400 0 "-" "-"
113.193.117.107 - - [14/Apr/2012:09:04:54 -0700] "-" 400 0 "-" "-"
113.193.117.107 - - [14/Apr/2012:09:07:03 -0700] "-" 400 0 "-" "-"
117.197.191.181 - - [14/Apr/2012:09:07:28 -0700] "-" 400 0 "-" "-"
117.197.191.181 - - [14/Apr/2012:09:07:38 -0700] "-" 400 0 "-" "-"
117.197.191.181 - - [14/Apr/2012:09:07:38 -0700] "-" 400 0 "-" "-"
117.197.191.181 - - [14/Apr/2012:09:07:38 -0700] "-" 400 0 "-" "-"
117.197.191.181 - - [14/Apr/2012:09:08:08 -0700] "-" 400 0 "-" "-"
85.17.88.169 - - [14/Apr/2012:09:10:36 -0700] "POST /blog/wp-cron.php?doing_wp_cron=1334419482 HTTP/1.0" 499 0 "-" "WordPress/3.3.1; http://yuvi.in/blog"
183.82.64.145 - - [14/Apr/2012:09:10:37 -0700] "GET /blog/feed/ HTTP/1.0" 304 0 "-" "FeedDemon/4.0 (http://www.feeddemon.com/; Microsoft Windows)"
85.17.88.169 - - [14/Apr/2012:09:10:39 -0700] "POST /blog/wp-cron.php?doing_wp_cron=1334419484 HTTP/1.0" 499 0 "-" "WordPress/3.3.1; http://yuvi.in/blog"
209.85.238.182 - - [14/Apr/2012:09:10:39 -0700] "GET /blog/feed/ HTTP/1.1" 304 0 "-" "Feedfetcher-Google; (+http://www.google.com/feedfetcher.html; 19 subscribers; feed-id=15064232456473204253)"
67.215.230.27 - - [14/Apr/2012:09:14:20 -0700] "GET /robots.txt HTTP/1.0" 404 169 "-" "Setooz/Nutch-1.2 (http://www.setooz.com)"
67.215.230.27 - - [14/Apr/2012:09:14:20 -0700] "GET /stories HTTP/1.0" 301 185 "-" "Setooz/Nutch-1.2 (http://www.setooz.com)"
67.215.230.28 - - [14/Apr/2012:09:14:25 -0700] "GET /robots.txt HTTP/1.0" 404 169 "-" "Setooz/Nutch-1.2 (http://www.setooz.com)"
67.215.230.28 - - [14/Apr/2012:09:14:25 -0700] "GET / HTTP/1.0" 200 3439 "-" "Setooz/Nutch-1.2 (http://www.setooz.com)"
180.76.5.54 - - [14/Apr/2012:09:15:06 -0700] "GET /blog/the-end-of-gsoc-2010.html HTTP/1.1" 200 2626 "-" "Mozilla/5.0 (compatible; Baiduspider/2.0; +http://www.baidu.com/search/spider.html)"
117.193.47.164 - - [14/Apr/2012:09:17:26 -0700] "-" 400 0 "-" "-"
85.17.88.169 - - [14/Apr/2012:09:18:06 -0700] "POST /blog/wp-cron.php?doing_wp_cron=1334419931 HTTP/1.0" 499 0 "-" "WordPress/3.3.1; http://yuvi.in/blog"
209.85.144.88 - - [14/Apr/2012:09:18:07 -0700] "GET /blog/feed HTTP/1.1" 304 0 "-" "FeedBurner/1.0 (http://www.FeedBurner.com)"
85.17.88.169 - - [14/Apr/2012:09:19:00 -0700] "POST /blog/wp-cron.php?doing_wp_cron=1334419986 HTTP/1.0" 499 0 "-" "WordPress/3.3.1; http://yuvi.in/blog"
187.34.198.29 - - [14/Apr/2012:09:19:01 -0700] "GET /blog/tag/code/ HTTP/1.1" 200 29775 "-" "Mozilla/5.0 (compatible; Googlebot/2.1; +http://www.google.com/bot.html)"
122.174.60.132 - - [14/Apr/2012:09:21:39 -0700] "-" 400 0 "-" "-"
85.17.88.169 - - [14/Apr/2012:09:23:46 -0700] "POST /blog/wp-cron.php?doing_wp_cron=1334420271 HTTP/1.0" 499 0 "-" "WordPress/3.3.1; http://yuvi.in/blog"
101.226.33.179 - - [14/Apr/2012:09:23:46 -0700] "GET /blog/feed HTTP/1.0" 304 0 "-" "Mozilla/4.0 (compatible; Windows;)"
117.193.126.228 - - [14/Apr/2012:09:25:49 -0700] "-" 400 0 "-" "-"
117.193.126.228 - - [14/Apr/2012:09:25:49 -0700] "-" 400 0 "-" "-"
117.193.126.228 - - [14/Apr/2012:09:25:49 -0700] "-" 400 0 "-" "-"
117.193.126.228 - - [14/Apr/2012:09:25:49 -0700] "-" 400 0 "-" "-"
117.193.126.228 - - [14/Apr/2012:09:25:49 -0700] "-" 400 0 "-" "-"
122.174.22.176 - - [14/Apr/2012:09:27:04 -0700] "GET /r/ti8 HTTP/1.1" 301 255 "http://ta.wikipedia.org/wiki/%E0%AE%B5%E0%AF%87%E0%AE%B2%E0%AF%82%E0%AE%B0%E0%AF%8D%E0%AE%95%E0%AF%8D_%E0%AE%95%E0%AF%8B%E0%AE%9F%E0%AF%8D%E0%AE%9F%E0%AF%88" "Mozilla/4.0 (compatible; MSIE 8.0; Windows NT 6.1; Trident/4.0; SLCC2; .NET CLR 2.0.50727; .NET CLR 3.5.30729; .NET CLR 3.0.30729; Media Center PC 6.0; CMNTDF; BRI/1; InfoPath.2)"
122.174.22.176 - - [14/Apr/2012:09:27:05 -0700] "GET /s/ta/ti8/ HTTP/1.1" 302 437 "http://ta.wikipedia.org/wiki/%E0%AE%B5%E0%AF%87%E0%AE%B2%E0%AF%82%E0%AE%B0%E0%AF%8D%E0%AE%95%E0%AF%8D_%E0%AE%95%E0%AF%8B%E0%AE%9F%E0%AF%8D%E0%AE%9F%E0%AF%88" "Mozilla/4.0 (compatible; MSIE 8.0; Windows NT 6.1; Trident/4.0; SLCC2; .NET CLR 2.0.50727; .NET CLR 3.5.30729; .NET CLR 3.0.30729; Media Center PC 6.0; CMNTDF; BRI/1; InfoPath.2)"
141.0.8.45 - - [14/Apr/2012:09:27:08 -0700] "-" 400 0 "-" "-"
141.0.8.45 - - [14/Apr/2012:09:27:08 -0700] "-" 400 0 "-" "-"
113.193.117.107 - - [14/Apr/2012:09:27:10 -0700] "-" 400 0 "-" "-"
113.193.117.107 - - [14/Apr/2012:09:27:10 -0700] "-" 400 0 "-" "-"
113.193.117.107 - - [14/Apr/2012:09:27:10 -0700] "-" 400 0 "-" "-"
113.193.117.107 - - [14/Apr/2012:09:27:10 -0700] "-" 400 0 "-" "-"
113.193.117.107 - - [14/Apr/2012:09:27:10 -0700] "-" 400 0 "-" "-"
93.114.47.254 - - [14/Apr/2012:09:29:35 -0700] "GET / HTTP/1.0" 200 3439 "-" "Mozilla/5.0 (Windows; U; Windows NT 5.1; en-US; rv:1.9.0.4) Gecko/2008102920 Firefox/3.0.4"
69.171.228.245 - - [14/Apr/2012:09:29:41 -0700] "GET /r/p3f HTTP/1.1" 301 255 "-" "facebookexternalhit/1.1 (+http://www.facebook.com/externalhit_uatext.php)"
69.171.228.248 - - [14/Apr/2012:09:29:41 -0700] "GET /s/ta/p3f/ HTTP/1.1" 302 425 "-" "facebookexternalhit/1.1 (+http://www.facebook.com/externalhit_uatext.php)"
113.193.117.107 - - [14/Apr/2012:09:30:10 -0700] "-" 400 0 "-" "-"
113.193.117.107 - - [14/Apr/2012:09:30:10 -0700] "-" 400 0 "-" "-"
113.193.117.107 - - [14/Apr/2012:09:30:10 -0700] "-" 400 0 "-" "-"
113.193.117.107 - - [14/Apr/2012:09:30:10 -0700] "-" 400 0 "-" "-"
113.193.117.107 - - [14/Apr/2012:09:30:10 -0700] "-" 400 0 "-" "-"
117.193.126.228 - - [14/Apr/2012:09:31:29 -0700] "-" 400 0 "-" "-"
208.115.113.84 - - [14/Apr/2012:09:31:37 -0700] "GET /robots.txt HTTP/1.1" 404 169 "-" "Mozilla/5.0 (compatible; Ezooms/1.0; ezooms.bot@gmail.com)"
180.76.5.173 - - [14/Apr/2012:09:31:47 -0700] "GET / HTTP/1.1" 200 3439 "-" "Mozilla/5.0 (compatible; Baiduspider/2.0; +http://www.baidu.com/search/spider.html)"
117.193.126.228 - - [14/Apr/2012:09:31:59 -0700] "-" 400 0 "-" "-"
141.0.8.46 - - [14/Apr/2012:09:33:02 -0700] "-" 400 0 "-" "-"
209.85.224.99 - - [14/Apr/2012:09:33:39 -0700] "GET /stories/feed HTTP/1.1" 200 13653 "-" "FeedBurner/1.0 (http://www.FeedBurner.com)"
208.115.113.85 - - [14/Apr/2012:09:35:09 -0700] "GET /robots.txt HTTP/1.1" 404 238 "-" "Mozilla/5.0 (compatible; Ezooms/1.0; ezooms.bot@gmail.com)"
66.220.149.247 - - [14/Apr/2012:09:35:11 -0700] "GET /blog/story-average-indian-techie/ HTTP/1.1" 200 14155 "-" "facebookexternalhit/1.1 (+http://www.facebook.com/externalhit_uatext.php)"
66.220.149.245 - - [14/Apr/2012:09:36:04 -0700] "GET /blog/story-average-indian-techie/ HTTP/1.1" 200 14155 "-" "facebookexternalhit/1.1 (+http://www.facebook.com/externalhit_uatext.php)"
69.171.242.250 - - [14/Apr/2012:09:38:33 -0700] "GET /r/1itt HTTP/1.1" 301 257 "-" "facebookexternalhit/1.1 (+http://www.facebook.com/externalhit_uatext.php)"
69.171.242.247 - - [14/Apr/2012:09:38:33 -0700] "GET /s/ta/1itt/ HTTP/1.1" 302 609 "-" "facebookexternalhit/1.1 (+http://www.facebook.com/externalhit_uatext.php)"
69.171.230.250 - - [14/Apr/2012:09:38:33 -0700] "GET /r/rgf HTTP/1.1" 301 255 "-" "facebookexternalhit/1.1 (+http://www.facebook.com/externalhit_uatext.php)"
69.171.242.246 - - [14/Apr/2012:09:38:34 -0700] "GET /r/i4v HTTP/1.1" 301 255 "-" "facebookexternalhit/1.1 (+http://www.facebook.com/externalhit_uatext.php)"
69.171.242.250 - - [14/Apr/2012:09:38:34 -0700] "GET /s/ta/i4v/ HTTP/1.1" 302 585 "-" "facebookexternalhit/1.1 (+http://www.facebook.com/externalhit_uatext.php)"
69.171.230.249 - - [14/Apr/2012:09:38:34 -0700] "GET /s/ta/rgf/ HTTP/1.1" 302 437 "-" "facebookexternalhit/1.1 (+http://www.facebook.com/externalhit_uatext.php)"
117.193.109.220 - - [14/Apr/2012:09:39:27 -0700] "-" 400 0 "-" "-"
117.193.109.220 - - [14/Apr/2012:09:39:27 -0700] "-" 400 0 "-" "-"
157.55.112.207 - - [14/Apr/2012:09:41:19 -0700] "-" 400 0 "-" "-"
157.55.112.207 - - [14/Apr/2012:09:41:19 -0700] "-" 400 0 "-" "-"
157.55.112.207 - - [14/Apr/2012:09:41:19 -0700] "-" 400 0 "-" "-"
157.55.112.207 - - [14/Apr/2012:09:41:19 -0700] "-" 400 0 "-" "-"
157.55.112.207 - - [14/Apr/2012:09:41:19 -0700] "-" 400 0 "-" "-"
157.55.112.207 - - [14/Apr/2012:09:41:20 -0700] "-" 400 0 "-" "-"
157.55.112.207 - - [14/Apr/2012:09:41:20 -0700] "-" 400 0 "-" "-"
157.55.112.207 - - [14/Apr/2012:09:41:20 -0700] "-" 400 0 "-" "-"
157.55.112.207 - - [14/Apr/2012:09:41:20 -0700] "-" 400 0 "-" "-"
65.255.37.187 - - [14/Apr/2012:09:43:27 -0700] "GET /r/6ae HTTP/1.1" 301 255 "http://ta.wikipedia.org/wiki/%E0%AE%85%E0%AE%B1%E0%AE%BF%E0%AE%B5%E0%AE%BF%E0%AE%AF%E0%AE%B2%E0%AF%8D" "NokiaX2-01/5.0 (08.63) Profile/MIDP-2.1 Configuration/CLDC-1.1 nokiax2-01/UC Browser7.9.0.102/70/355"
65.255.37.187 - - [14/Apr/2012:09:43:27 -0700] "GET /s/ta/6ae/ HTTP/1.1" 302 361 "http://ta.wikipedia.org/wiki/%E0%AE%85%E0%AE%B1%E0%AE%BF%E0%AE%B5%E0%AE%BF%E0%AE%AF%E0%AE%B2%E0%AF%8D" "NokiaX2-01/5.0 (08.63) Profile/MIDP-2.1 Configuration/CLDC-1.1 nokiax2-01/UC Browser7.9.0.102/70/355"
65.255.37.187 - - [14/Apr/2012:09:44:31 -0700] "GET /r/6ae HTTP/1.1" 301 255 "http://ta.wikipedia.org/wiki/%E0%AE%85%E0%AE%B1%E0%AE%BF%E0%AE%B5%E0%AE%BF%E0%AE%AF%E0%AE%B2%E0%AF%8D" "NokiaX2-01/5.0 (08.63) Profile/MIDP-2.1 Configuration/CLDC-1.1 nokiax2-01/UC Browser7.9.0.102/70/355"
65.255.37.187 - - [14/Apr/2012:09:44:32 -0700] "GET /s/ta/6ae/ HTTP/1.1" 302 361 "http://ta.wikipedia.org/wiki/%E0%AE%85%E0%AE%B1%E0%AE%BF%E0%AE%B5%E0%AE%BF%E0%AE%AF%E0%AE%B2%E0%AF%8D" "NokiaX2-01/5.0 (08.63) Profile/MIDP-2.1 Configuration/CLDC-1.1 nokiax2-01/UC Browser7.9.0.102/70/355"
85.17.88.169 - - [14/Apr/2012:09:46:16 -0700] "POST /blog/wp-cron.php?doing_wp_cron=1334421621 HTTP/1.0" 499 0 "-" "WordPress/3.3.1; http://yuvi.in/blog"
183.82.64.145 - - [14/Apr/2012:09:46:17 -0700] "GET /blog/feed/ HTTP/1.0" 304 0 "-" "FeedDemon/4.0 (http://www.feeddemon.com/; Microsoft Windows)"
122.164.162.157 - - [14/Apr/2012:09:46:30 -0700] "-" 400 0 "-" "-"
85.17.88.169 - - [14/Apr/2012:09:48:14 -0700] "POST /blog/wp-cron.php?doing_wp_cron=1334421740 HTTP/1.0" 499 0 "-" "WordPress/3.3.1; http://yuvi.in/blog"
209.85.224.94 - - [14/Apr/2012:09:48:15 -0700] "GET /blog/feed HTTP/1.1" 304 0 "-" "FeedBurner/1.0 (http://www.FeedBurner.com)"
117.193.51.86 - - [14/Apr/2012:09:51:52 -0700] "-" 400 0 "-" "-"
117.193.51.86 - - [14/Apr/2012:09:51:52 -0700] "-" 400 0 "-" "-"
117.193.51.86 - - [14/Apr/2012:09:51:52 -0700] "-" 400 0 "-" "-"
69.63.190.248 - - [14/Apr/2012:09:52:04 -0700] "GET /r/240g HTTP/1.1" 301 257 "-" "facebookexternalhit/1.1 (+http://www.facebook.com/externalhit_uatext.php)"
69.63.190.249 - - [14/Apr/2012:09:52:04 -0700] "GET /s/ta/240g/ HTTP/1.1" 302 397 "-" "facebookexternalhit/1.1 (+http://www.facebook.com/externalhit_uatext.php)"
88.178.241.68 - - [14/Apr/2012:09:52:22 -0700] "GET /r/240g HTTP/1.1" 301 257 "http://www.facebook.com/l.php?u=http%3A%2F%2Ftawp.in%2Fr%2F240g&h=LAQGLxNCcAQElmvZiegOVCB1JjYRSRtYuq05MkLT_wpwrSQ&enc=AZNZckKrjcg3PxCUQMGPeC2IYlaaBgjy8uqjrKhjJQbI9Ck8GLuGosJE21mgoqQl67b1NHw9SnjchLsOWCgFycIu" "Mozilla/5.0 (Macintosh; Intel Mac OS X 10_7_3) AppleWebKit/534.55.3 (KHTML, like Gecko) Version/5.1.5 Safari/534.55.3"
88.178.241.68 - - [14/Apr/2012:09:52:22 -0700] "GET /s/ta/240g/ HTTP/1.1" 302 397 "http://www.facebook.com/l.php?u=http%3A%2F%2Ftawp.in%2Fr%2F240g&h=LAQGLxNCcAQElmvZiegOVCB1JjYRSRtYuq05MkLT_wpwrSQ&enc=AZNZckKrjcg3PxCUQMGPeC2IYlaaBgjy8uqjrKhjJQbI9Ck8GLuGosJE21mgoqQl67b1NHw9SnjchLsOWCgFycIu" "Mozilla/5.0 (Macintosh; Intel Mac OS X 10_7_3) AppleWebKit/534.55.3 (KHTML, like Gecko) Version/5.1.5 Safari/534.55.3"
65.52.111.243 - - [14/Apr/2012:09:52:37 -0700] "-" 400 0 "-" "-"
65.52.111.243 - - [14/Apr/2012:09:52:37 -0700] "-" 400 0 "-" "-"
65.52.111.243 - - [14/Apr/2012:09:52:38 -0700] "-" 400 0 "-" "-"
65.52.111.243 - - [14/Apr/2012:09:52:38 -0700] "-" 400 0 "-" "-"
65.52.111.243 - - [14/Apr/2012:09:52:38 -0700] "-" 400 0 "-" "-"
65.52.111.243 - - [14/Apr/2012:09:52:38 -0700] "-" 400 0 "-" "-"
65.52.111.243 - - [14/Apr/2012:09:52:38 -0700] "-" 400 0 "-" "-"
65.52.111.243 - - [14/Apr/2012:09:52:38 -0700] "-" 400 0 "-" "-"
65.52.111.243 - - [14/Apr/2012:09:52:39 -0700] "-" 400 0 "-" "-"
65.52.111.243 - - [14/Apr/2012:09:52:39 -0700] "-" 400 0 "-" "-"
65.52.111.243 - - [14/Apr/2012:09:52:39 -0700] "-" 400 0 "-" "-"
65.52.111.243 - - [14/Apr/2012:09:52:39 -0700] "-" 400 0 "-" "-"
123.125.71.21 - - [14/Apr/2012:09:53:54 -0700] "GET / HTTP/1.1" 200 3439 "-" "Mozilla/5.0 (compatible; Baiduspider/2.0; +http://www.baidu.com/search/spider.html)"
117.193.51.86 - - [14/Apr/2012:09:54:51 -0700] "-" 400 0 "-" "-"
117.193.51.86 - - [14/Apr/2012:09:54:51 -0700] "-" 400 0 "-" "-"
117.193.51.86 - - [14/Apr/2012:09:54:51 -0700] "-" 400 0 "-" "-"
220.181.108.77 - - [14/Apr/2012:09:54:54 -0700] "GET / HTTP/1.1" 200 3439 "-" "Mozilla/5.0 (compatible; Baiduspider/2.0; +http://www.baidu.com/search/spider.html)"
208.115.113.85 - - [14/Apr/2012:09:55:04 -0700] "GET /s/ta/1wqv/ HTTP/1.1" 302 409 "-" "Mozilla/5.0 (compatible; Ezooms/1.0; ezooms.bot@gmail.com)"
85.17.88.169 - - [14/Apr/2012:09:55:07 -0700] "POST /blog/wp-cron.php?doing_wp_cron=1334422152 HTTP/1.0" 499 0 "-" "WordPress/3.3.1; http://yuvi.in/blog"
209.85.238.182 - - [14/Apr/2012:09:55:07 -0700] "GET /blog/feed HTTP/1.1" 301 0 "-" "Feedfetcher-Google; (+http://www.google.com/feedfetcher.html; 3 subscribers; feed-id=17684830852112633560)"
85.17.88.169 - - [14/Apr/2012:09:55:09 -0700] "POST /blog/wp-cron.php?doing_wp_cron=1334422155 HTTP/1.0" 499 0 "-" "WordPress/3.3.1; http://yuvi.in/blog"
209.85.238.182 - - [14/Apr/2012:09:55:10 -0700] "GET /blog/feed/ HTTP/1.1" 304 0 "-" "Feedfetcher-Google; (+http://www.google.com/feedfetcher.html; 3 subscribers; feed-id=17684830852112633560)"
69.171.229.249 - - [14/Apr/2012:09:55:41 -0700] "GET /r/3g7 HTTP/1.1" 301 255 "-" "facebookexternalhit/1.1 (+http://www.facebook.com/externalhit_uatext.php)"
69.171.229.251 - - [14/Apr/2012:09:55:41 -0700] "GET /s/ta/3g7/ HTTP/1.1" 302 465 "-" "facebookexternalhit/1.1 (+http://www.facebook.com/externalhit_uatext.php)"
117.193.51.86 - - [14/Apr/2012:09:56:31 -0700] "-" 400 0 "-" "-"
117.193.51.86 - - [14/Apr/2012:09:56:31 -0700] "-" 400 0 "-" "-"
117.193.51.86 - - [14/Apr/2012:09:57:01 -0700] "-" 400 0 "-" "-"
117.193.51.86 - - [14/Apr/2012:09:57:21 -0700] "-" 400 0 "-" "-"
85.17.88.169 - - [14/Apr/2012:10:00:17 -0700] "POST /blog/wp-cron.php?doing_wp_cron=1334422462 HTTP/1.0" 499 0 "-" "WordPress/3.3.1; http://yuvi.in/blog"
183.178.85.181 - - [14/Apr/2012:10:00:17 -0700] "GET /blog/learnt-reading-javascript-good-parts/feed HTTP/1.1" 301 0 "-" "Mozilla/4.0 (compatible; MSIE 5.5; Windows NT)"
85.17.88.169 - - [14/Apr/2012:10:00:19 -0700] "POST /blog/wp-cron.php?doing_wp_cron=1334422464 HTTP/1.0" 499 0 "-" "WordPress/3.3.1; http://yuvi.in/blog"
183.178.85.181 - - [14/Apr/2012:10:00:20 -0700] "GET /blog/learnt-reading-javascript-good-parts/feed/ HTTP/1.1" 200 2623 "-" "Mozilla/4.0 (compatible; MSIE 5.5; Windows NT)"
122.174.10.184 - - [14/Apr/2012:10:00:47 -0700] "-" 400 0 "-" "-"
122.174.10.184 - - [14/Apr/2012:10:00:47 -0700] "-" 400 0 "-" "-"
122.174.10.184 - - [14/Apr/2012:10:00:47 -0700] "-" 400 0 "-" "-"
122.174.10.184 - - [14/Apr/2012:10:00:47 -0700] "-" 400 0 "-" "-"
122.174.10.184 - - [14/Apr/2012:10:00:51 -0700] "-" 400 0 "-" "-"
69.171.228.250 - - [14/Apr/2012:10:01:19 -0700] "GET /r/39d HTTP/1.1" 301 255 "-" "facebookexternalhit/1.1 (+http://www.facebook.com/externalhit_uatext.php)"
69.171.228.246 - - [14/Apr/2012:10:01:19 -0700] "GET /s/ta/39d/ HTTP/1.1" 302 325 "-" "facebookexternalhit/1.1 (+http://www.facebook.com/externalhit_uatext.php)"
85.17.88.169 - - [14/Apr/2012:10:01:19 -0700] "POST /blog/wp-cron.php?doing_wp_cron=1334422524 HTTP/1.0" 499 0 "-" "WordPress/3.3.1; http://yuvi.in/blog"
209.85.238.182 - - [14/Apr/2012:10:01:19 -0700] "GET /blog/feed/ HTTP/1.1" 304 0 "-" "Feedfetcher-Google; (+http://www.google.com/feedfetcher.html; 19 subscribers; feed-id=15064232456473204253)"
213.186.127.13 - - [14/Apr/2012:10:02:58 -0700] "GET /r/2r95 HTTP/1.1" 301 257 "-" "Mozilla/5.0 (compatible; AhrefsBot/2.0; +http://ahrefs.com/robot/)"
69.171.228.249 - - [14/Apr/2012:10:03:03 -0700] "GET /r/39d HTTP/1.1" 301 255 "-" "facebookexternalhit/1.1 (+http://www.facebook.com/externalhit_uatext.php)"
69.171.228.244 - - [14/Apr/2012:10:03:03 -0700] "GET /s/ta/39d/ HTTP/1.1" 302 325 "-" "facebookexternalhit/1.1 (+http://www.facebook.com/externalhit_uatext.php)"
69.171.234.6 - - [14/Apr/2012:10:04:24 -0700] "GET /r/25j5 HTTP/1.1" 301 257 "-" "facebookexternalhit/1.1 (+http://www.facebook.com/externalhit_uatext.php)"
122.174.10.184 - - [14/Apr/2012:10:04:24 -0700] "-" 400 0 "-" "-"
122.174.10.184 - - [14/Apr/2012:10:04:24 -0700] "-" 400 0 "-" "-"
122.174.10.184 - - [14/Apr/2012:10:04:24 -0700] "-" 400 0 "-" "-"
69.171.234.7 - - [14/Apr/2012:10:04:25 -0700] "GET /s/ta/25j5/ HTTP/1.1" 302 433 "-" "facebookexternalhit/1.1 (+http://www.facebook.com/externalhit_uatext.php)"
122.174.10.184 - - [14/Apr/2012:10:04:25 -0700] "-" 400 0 "-" "-"
122.174.10.184 - - [14/Apr/2012:10:04:29 -0700] "-" 400 0 "-" "-"
69.171.228.247 - - [14/Apr/2012:10:04:38 -0700] "GET /r/39d HTTP/1.1" 301 255 "-" "facebookexternalhit/1.1 (+http://www.facebook.com/externalhit_uatext.php)"
69.171.228.245 - - [14/Apr/2012:10:04:38 -0700] "GET /s/ta/39d/ HTTP/1.1" 302 325 "-" "facebookexternalhit/1.1 (+http://www.facebook.com/externalhit_uatext.php)"
69.171.234.5 - - [14/Apr/2012:10:05:42 -0700] "GET /r/39d HTTP/1.1" 301 255 "-" "facebookexternalhit/1.1 (+http://www.facebook.com/externalhit_uatext.php)"
69.171.234.1 - - [14/Apr/2012:10:05:42 -0700] "GET /s/ta/39d/ HTTP/1.1" 302 325 "-" "facebookexternalhit/1.1 (+http://www.facebook.com/externalhit_uatext.php)"
85.17.88.169 - - [14/Apr/2012:10:07:34 -0700] "POST /blog/wp-cron.php?doing_wp_cron=1334422899 HTTP/1.0" 499 0 "-" "WordPress/3.3.1; http://yuvi.in/blog"
66.249.73.219 - - [14/Apr/2012:10:07:34 -0700] "GET /blog/theMarianStar/Selvi.pdf HTTP/1.1" 404 3016 "-" "Googlebot/2.1 (+http://www.google.com/bot.html)"
50.16.88.195 - - [14/Apr/2012:10:09:47 -0700] "GET /robots.txt HTTP/1.1" 404 142 "-" "Mozilla/5.0 (Macintosh; U; Intel Mac OS X 10.6; en-US; rv:1.9.2) Gecko/20100115 Firefox/3.6 (FlipboardProxy/1.1; +http://flipboard.com/browserproxy)"
85.17.88.169 - - [14/Apr/2012:10:09:49 -0700] "POST /blog/wp-cron.php?doing_wp_cron=1334423034 HTTP/1.0" 499 0 "-" "WordPress/3.3.1; http://yuvi.in/blog"
85.17.88.169 - - [14/Apr/2012:10:09:49 -0700] "POST /blog/wp-cron.php?doing_wp_cron=1334423034 HTTP/1.0" 499 0 "-" "WordPress/3.3.1; http://yuvi.in/blog"
85.17.88.169 - - [14/Apr/2012:10:09:49 -0700] "POST /blog/wp-cron.php?doing_wp_cron=1334423034 HTTP/1.0" 499 0 "-" "WordPress/3.3.1; http://yuvi.in/blog"
50.16.88.195 - - [14/Apr/2012:10:09:49 -0700] "GET /blog/3-reasons-people-join-it-companies/ HTTP/1.1" 200 5065 "-" "Mozilla/5.0 (Macintosh; U; Intel Mac OS X 10.6; en-US; rv:1.9.2) Gecko/20100115 Firefox/3.6 (FlipboardProxy/1.1; +http://flipboard.com/browserproxy)"
184.73.56.254 - - [14/Apr/2012:10:09:49 -0700] "GET /blog/nen-first-dot-2010-what-i-learnt/ HTTP/1.1" 200 5733 "-" "Mozilla/5.0 (Macintosh; U; Intel Mac OS X 10.6; en-US; rv:1.9.2) Gecko/20100115 Firefox/3.6 (FlipboardProxy/1.1; +http://flipboard.com/browserproxy)"
23.20.135.99 - - [14/Apr/2012:10:09:49 -0700] "GET /blog/belated-samsung-galaxy-3-review/ HTTP/1.1" 200 6120 "-" "Mozilla/5.0 (Macintosh; U; Intel Mac OS X 10.6; en-US; rv:1.9.2) Gecko/20100115 Firefox/3.6 (FlipboardProxy/1.1; +http://flipboard.com/browserproxy)"
69.171.234.2 - - [14/Apr/2012:10:10:51 -0700] "GET /r/3lp HTTP/1.1" 301 255 "-" "facebookexternalhit/1.1 (+http://www.facebook.com/externalhit_uatext.php)"
69.171.234.1 - - [14/Apr/2012:10:10:51 -0700] "GET /s/ta/3lp/ HTTP/1.1" 302 361 "-" "facebookexternalhit/1.1 (+http://www.facebook.com/externalhit_uatext.php)"
117.193.51.86 - - [14/Apr/2012:10:13:51 -0700] "-" 400 0 "-" "-"
117.193.209.185 - - [14/Apr/2012:10:14:05 -0700] "-" 400 0 "-" "-"
117.193.51.86 - - [14/Apr/2012:10:14:31 -0700] "-" 400 0 "-" "-"
117.193.209.185 - - [14/Apr/2012:10:14:45 -0700] "-" 400 0 "-" "-"
117.193.51.86 - - [14/Apr/2012:10:15:11 -0700] "-" 400 0 "-" "-"
117.193.51.86 - - [14/Apr/2012:10:15:11 -0700] "-" 400 0 "-" "-"
117.193.51.86 - - [14/Apr/2012:10:15:11 -0700] "-" 400 0 "-" "-"
117.193.51.86 - - [14/Apr/2012:10:15:11 -0700] "-" 400 0 "-" "-"
117.193.51.86 - - [14/Apr/2012:10:15:31 -0700] "-" 400 0 "-" "-"
117.193.51.86 - - [14/Apr/2012:10:15:31 -0700] "-" 400 0 "-" "-"
117.193.51.86 - - [14/Apr/2012:10:15:31 -0700] "-" 400 0 "-" "-"
223.188.206.198 - - [14/Apr/2012:10:15:55 -0700] "-" 400 0 "-" "-"
157.55.112.207 - - [14/Apr/2012:10:16:09 -0700] "-" 400 0 "-" "-"
157.55.112.207 - - [14/Apr/2012:10:16:09 -0700] "-" 400 0 "-" "-"
157.55.112.207 - - [14/Apr/2012:10:16:09 -0700] "-" 400 0 "-" "-"
157.55.112.207 - - [14/Apr/2012:10:16:13 -0700] "-" 400 0 "-" "-"
157.55.112.207 - - [14/Apr/2012:10:16:13 -0700] "-" 400 0 "-" "-"
157.55.112.207 - - [14/Apr/2012:10:16:13 -0700] "-" 400 0 "-" "-"
157.55.112.207 - - [14/Apr/2012:10:16:13 -0700] "-" 400 0 "-" "-"
157.55.112.207 - - [14/Apr/2012:10:16:16 -0700] "-" 400 0 "-" "-"
157.55.112.207 - - [14/Apr/2012:10:16:16 -0700] "-" 400 0 "-" "-"
157.55.112.207 - - [14/Apr/2012:10:16:16 -0700] "-" 400 0 "-" "-"
157.55.112.207 - - [14/Apr/2012:10:16:16 -0700] "-" 400 0 "-" "-"
157.55.112.207 - - [14/Apr/2012:10:16:16 -0700] "-" 400 0 "-" "-"
85.17.88.169 - - [14/Apr/2012:10:18:20 -0700] "POST /blog/wp-cron.php?doing_wp_cron=1334423545 HTTP/1.0" 499 0 "-" "WordPress/3.3.1; http://yuvi.in/blog"
209.85.144.93 - - [14/Apr/2012:10:18:20 -0700] "GET /blog/feed HTTP/1.1" 304 0 "-" "FeedBurner/1.0 (http://www.FeedBurner.com)"
117.193.51.86 - - [14/Apr/2012:10:19:11 -0700] "-" 400 0 "-" "-"
117.193.51.86 - - [14/Apr/2012:10:19:51 -0700] "-" 400 0 "-" "-"
117.193.51.86 - - [14/Apr/2012:10:19:51 -0700] "-" 400 0 "-" "-"
65.52.111.213 - - [14/Apr/2012:10:22:35 -0700] "-" 400 0 "-" "-"
65.52.111.213 - - [14/Apr/2012:10:22:35 -0700] "-" 400 0 "-" "-"
65.52.111.213 - - [14/Apr/2012:10:22:35 -0700] "-" 400 0 "-" "-"
65.52.111.213 - - [14/Apr/2012:10:22:37 -0700] "-" 400 0 "-" "-"
65.52.111.213 - - [14/Apr/2012:10:22:38 -0700] "-" 400 0 "-" "-"
65.52.111.213 - - [14/Apr/2012:10:22:41 -0700] "-" 400 0 "-" "-"
65.52.111.213 - - [14/Apr/2012:10:22:41 -0700] "-" 400 0 "-" "-"
65.52.111.213 - - [14/Apr/2012:10:22:43 -0700] "-" 400 0 "-" "-"
65.52.111.213 - - [14/Apr/2012:10:22:43 -0700] "-" 400 0 "-" "-"
65.52.111.213 - - [14/Apr/2012:10:22:43 -0700] "-" 400 0 "-" "-"
65.52.111.213 - - [14/Apr/2012:10:22:44 -0700] "-" 400 0 "-" "-"
65.52.111.213 - - [14/Apr/2012:10:22:45 -0700] "-" 400 0 "-" "-"
101.63.172.1 - - [14/Apr/2012:10:25:17 -0700] "-" 400 0 "-" "-"
85.17.88.169 - - [14/Apr/2012:10:29:07 -0700] "POST /blog/wp-cron.php?doing_wp_cron=1334424192 HTTP/1.0" 499 0 "-" "WordPress/3.3.1; http://yuvi.in/blog"
69.171.234.4 - - [14/Apr/2012:10:29:07 -0700] "GET /blog/story-average-indian-techie/ HTTP/1.1" 200 14155 "-" "facebookexternalhit/1.1 (+http://www.facebook.com/externalhit_uatext.php)"
85.17.88.169 - - [14/Apr/2012:10:29:32 -0700] "POST /blog/wp-cron.php?doing_wp_cron=1334424217 HTTP/1.0" 499 0 "-" "WordPress/3.3.1; http://yuvi.in/blog"
100.43.83.144 - - [14/Apr/2012:10:29:33 -0700] "GET /blog/tag/sick/ HTTP/1.1" 200 4047 "-" "Mozilla/5.0 (compatible; YandexBot/3.0; +http://yandex.com/bots)"
122.164.119.160 - - [14/Apr/2012:10:29:55 -0700] "-" 400 0 "-" "-"
14.99.111.42 - - [14/Apr/2012:10:31:02 -0700] "-" 400 0 "-" "-"
14.99.111.42 - - [14/Apr/2012:10:31:02 -0700] "-" 400 0 "-" "-"
14.99.111.42 - - [14/Apr/2012:10:31:02 -0700] "-" 400 0 "-" "-"
14.99.111.42 - - [14/Apr/2012:10:31:02 -0700] "-" 400 0 "-" "-"
14.99.111.42 - - [14/Apr/2012:10:31:02 -0700] "-" 400 0 "-" "-"
220.181.108.77 - - [14/Apr/2012:10:31:05 -0700] "GET / HTTP/1.1" 200 1430 "-" "Mozilla/5.0 (compatible; Baiduspider/2.0; +http://www.baidu.com/search/spider.html)"
122.174.85.46 - - [14/Apr/2012:10:31:23 -0700] "-" 400 0 "-" "-"
14.99.111.42 - - [14/Apr/2012:10:31:33 -0700] "-" 400 0 "-" "-"
14.99.111.42 - - [14/Apr/2012:10:31:33 -0700] "-" 400 0 "-" "-"
14.99.111.42 - - [14/Apr/2012:10:31:33 -0700] "-" 400 0 "-" "-"
14.99.111.42 - - [14/Apr/2012:10:31:33 -0700] "-" 400 0 "-" "-"
14.99.111.42 - - [14/Apr/2012:10:31:33 -0700] "-" 400 0 "-" "-"
14.99.111.42 - - [14/Apr/2012:10:32:32 -0700] "-" 400 0 "-" "-"
14.99.111.42 - - [14/Apr/2012:10:32:32 -0700] "-" 400 0 "-" "-"
14.99.111.42 - - [14/Apr/2012:10:32:33 -0700] "-" 400 0 "-" "-"
14.99.111.42 - - [14/Apr/2012:10:32:33 -0700] "-" 400 0 "-" "-"
14.99.111.42 - - [14/Apr/2012:10:32:33 -0700] "-" 400 0 "-" "-"
122.164.94.253 - - [14/Apr/2012:10:32:52 -0700] "-" 400 0 "-" "-"
209.85.144.83 - - [14/Apr/2012:10:33:45 -0700] "GET /stories/feed HTTP/1.1" 200 13653 "-" "FeedBurner/1.0 (http://www.FeedBurner.com)"
14.99.111.42 - - [14/Apr/2012:10:34:32 -0700] "-" 400 0 "-" "-"
122.164.119.160 - - [14/Apr/2012:10:34:37 -0700] "-" 400 0 "-" "-"
122.164.119.160 - - [14/Apr/2012:10:34:37 -0700] "-" 400 0 "-" "-"
122.164.119.160 - - [14/Apr/2012:10:34:40 -0700] "-" 400 0 "-" "-"
122.164.119.160 - - [14/Apr/2012:10:34:40 -0700] "-" 400 0 "-" "-"
220.181.108.76 - - [14/Apr/2012:10:34:56 -0700] "GET /blog/more-effects-for-cheese.html HTTP/1.1" 200 2311 "-" "Mozilla/5.0 (compatible; Baiduspider/2.0; +http://www.baidu.com/search/spider.html)"
14.99.111.42 - - [14/Apr/2012:10:35:12 -0700] "-" 400 0 "-" "-"
14.99.111.42 - - [14/Apr/2012:10:35:12 -0700] "-" 400 0 "-" "-"
14.99.111.42 - - [14/Apr/2012:10:35:13 -0700] "-" 400 0 "-" "-"
14.97.100.19 - - [14/Apr/2012:10:36:10 -0700] "-" 400 0 "-" "-"
112.79.40.24 - - [14/Apr/2012:10:37:04 -0700] "-" 400 0 "-" "-"
112.79.40.24 - - [14/Apr/2012:10:37:04 -0700] "-" 400 0 "-" "-"
112.79.40.24 - - [14/Apr/2012:10:37:05 -0700] "-" 400 0 "-" "-"
14.99.111.42 - - [14/Apr/2012:10:41:27 -0700] "-" 400 0 "-" "-"
14.99.111.42 - - [14/Apr/2012:10:41:27 -0700] "-" 400 0 "-" "-"
14.99.111.42 - - [14/Apr/2012:10:44:27 -0700] "-" 400 0 "-" "-"
14.99.111.42 - - [14/Apr/2012:10:44:27 -0700] "-" 400 0 "-" "-"
14.99.111.42 - - [14/Apr/2012:10:44:27 -0700] "-" 400 0 "-" "-"
85.17.88.169 - - [14/Apr/2012:10:48:25 -0700] "POST /blog/wp-cron.php?doing_wp_cron=1334425350 HTTP/1.0" 499 0 "-" "WordPress/3.3.1; http://yuvi.in/blog"
209.85.224.93 - - [14/Apr/2012:10:48:25 -0700] "GET /blog/feed HTTP/1.1" 304 0 "-" "FeedBurner/1.0 (http://www.FeedBurner.com)"
115.242.197.75 - - [14/Apr/2012:10:50:02 -0700] "-" 400 0 "-" "-"
115.242.197.75 - - [14/Apr/2012:10:50:02 -0700] "-" 400 0 "-" "-"
115.242.197.75 - - [14/Apr/2012:10:50:02 -0700] "-" 400 0 "-" "-"
115.242.197.75 - - [14/Apr/2012:10:50:02 -0700] "-" 400 0 "-" "-"
115.242.197.75 - - [14/Apr/2012:10:50:12 -0700] "-" 400 0 "-" "-"
117.193.155.219 - - [14/Apr/2012:10:53:02 -0700] "-" 400 0 "-" "-"
117.193.155.219 - - [14/Apr/2012:10:53:02 -0700] "-" 400 0 "-" "-"
85.17.88.169 - - [14/Apr/2012:10:53:27 -0700] "POST /blog/wp-cron.php?doing_wp_cron=1334425652 HTTP/1.0" 499 0 "-" "WordPress/3.3.1; http://yuvi.in/blog"
209.85.238.182 - - [14/Apr/2012:10:53:28 -0700] "GET /blog/feed HTTP/1.1" 301 0 "-" "Feedfetcher-Google; (+http://www.google.com/feedfetcher.html; 3 subscribers; feed-id=17684830852112633560)"
85.17.88.169 - - [14/Apr/2012:10:53:30 -0700] "POST /blog/wp-cron.php?doing_wp_cron=1334425655 HTTP/1.0" 499 0 "-" "WordPress/3.3.1; http://yuvi.in/blog"
209.85.238.182 - - [14/Apr/2012:10:53:30 -0700] "GET /blog/feed/ HTTP/1.1" 304 0 "-" "Feedfetcher-Google; (+http://www.google.com/feedfetcher.html; 3 subscribers; feed-id=17684830852112633560)"
94.228.34.248 - - [14/Apr/2012:10:54:45 -0700] "GET /robots.txt HTTP/1.1" 404 142 "-" "magpie-crawler/1.1 (U; Linux amd64; en-GB; +http://www.brandwatch.net)"
85.17.88.169 - - [14/Apr/2012:10:54:47 -0700] "POST /blog/wp-cron.php?doing_wp_cron=1334425732 HTTP/1.0" 499 0 "-" "WordPress/3.3.1; http://yuvi.in/blog"
94.228.34.248 - - [14/Apr/2012:10:54:47 -0700] "GET /blog/ HTTP/1.1" 200 10128 "-" "magpie-crawler/1.1 (U; Linux amd64; en-GB; +http://www.brandwatch.net)"
85.17.88.169 - - [14/Apr/2012:10:55:19 -0700] "POST /blog/wp-cron.php?doing_wp_cron=1334425764 HTTP/1.0" 499 0 "-" "WordPress/3.3.1; http://yuvi.in/blog"
209.85.238.182 - - [14/Apr/2012:10:55:20 -0700] "GET /blog/feed/ HTTP/1.1" 304 0 "-" "Feedfetcher-Google; (+http://www.google.com/feedfetcher.html; 19 subscribers; feed-id=15064232456473204253)"
222.77.225.184 - - [14/Apr/2012:10:59:12 -0700] "GET /blog/my-gsoc-2010-proposal.html HTTP/1.0" 200 5748 "http://yuvi.in/blog/my-gsoc-2010-proposal.html" "Opera/9.01 (Windows NT 5.1; U; en)"
141.105.120.153 - - [14/Apr/2012:10:59:27 -0700] "GET /robots.txt HTTP/1.0" 404 169 "-" "Mozilla/5.0 (compatible; OpenindexDeepSpider/Nutch-1.5-dev; +http://www.openindex.io/en/webmasters/spider.html)"
141.105.120.153 - - [14/Apr/2012:10:59:27 -0700] "GET / HTTP/1.0" 200 3439 "-" "Mozilla/5.0 (compatible; OpenindexDeepSpider/Nutch-1.5-dev; +http://www.openindex.io/en/webmasters/spider.html)"
223.231.136.138 - - [14/Apr/2012:11:00:21 -0700] "-" 400 0 "-" "-"
223.231.136.138 - - [14/Apr/2012:11:00:21 -0700] "-" 400 0 "-" "-"
223.235.137.73 - - [14/Apr/2012:11:03:51 -0700] "-" 400 0 "-" "-"
123.236.78.4 - - [14/Apr/2012:11:05:05 -0700] "GET / HTTP/1.1" 200 1430 "-" "Mozilla/5.0 (X11; Ubuntu; Linux i686; rv:11.0) Gecko/20100101 Firefox/11.0"
123.236.78.4 - - [14/Apr/2012:11:05:06 -0700] "GET /blueprint/screen.css HTTP/1.1" 200 12058 "http://yuvi.in/" "Mozilla/5.0 (X11; Ubuntu; Linux i686; rv:11.0) Gecko/20100101 Firefox/11.0"
123.236.78.4 - - [14/Apr/2012:11:05:06 -0700] "GET /blueprint/print.css HTTP/1.1" 200 1284 "http://yuvi.in/" "Mozilla/5.0 (X11; Ubuntu; Linux i686; rv:11.0) Gecko/20100101 Firefox/11.0"
123.236.78.4 - - [14/Apr/2012:11:05:06 -0700] "GET /header.png HTTP/1.1" 200 14249 "http://yuvi.in/" "Mozilla/5.0 (X11; Ubuntu; Linux i686; rv:11.0) Gecko/20100101 Firefox/11.0"
123.236.78.4 - - [14/Apr/2012:11:05:07 -0700] "GET /favicon.ico HTTP/1.1" 404 142 "-" "Mozilla/5.0 (X11; Ubuntu; Linux i686; rv:11.0) Gecko/20100101 Firefox/11.0"
123.236.78.4 - - [14/Apr/2012:11:05:07 -0700] "GET /favicon.ico HTTP/1.1" 404 142 "-" "Mozilla/5.0 (X11; Ubuntu; Linux i686; rv:11.0) Gecko/20100101 Firefox/11.0"
123.236.78.4 - - [14/Apr/2012:11:05:08 -0700] "GET /blog HTTP/1.1" 301 178 "http://yuvi.in/" "Mozilla/5.0 (X11; Ubuntu; Linux i686; rv:11.0) Gecko/20100101 Firefox/11.0"
85.17.88.169 - - [14/Apr/2012:11:05:10 -0700] "POST /blog/wp-cron.php?doing_wp_cron=1334426355 HTTP/1.0" 499 0 "-" "WordPress/3.3.1; http://yuvi.in/blog"
123.236.78.4 - - [14/Apr/2012:11:05:11 -0700] "GET /blog/ HTTP/1.1" 200 9194 "http://yuvi.in/" "Mozilla/5.0 (X11; Ubuntu; Linux i686; rv:11.0) Gecko/20100101 Firefox/11.0"
123.236.78.4 - - [14/Apr/2012:11:05:11 -0700] "GET /blog/wp-content/themes/cleanr/js/jquery.dropdown.js?ver=3.3.1 HTTP/1.1" 200 535 "http://yuvi.in/blog/" "Mozilla/5.0 (X11; Ubuntu; Linux i686; rv:11.0) Gecko/20100101 Firefox/11.0"
123.236.78.4 - - [14/Apr/2012:11:05:11 -0700] "GET /blog/wp-content/themes/cleanr/style.css HTTP/1.1" 200 10508 "http://yuvi.in/blog/" "Mozilla/5.0 (X11; Ubuntu; Linux i686; rv:11.0) Gecko/20100101 Firefox/11.0"
123.236.78.4 - - [14/Apr/2012:11:05:12 -0700] "GET /blog/wp-content/themes/cleanr/css/reset.css HTTP/1.1" 200 648 "http://yuvi.in/blog/wp-content/themes/cleanr/style.css" "Mozilla/5.0 (X11; Ubuntu; Linux i686; rv:11.0) Gecko/20100101 Firefox/11.0"
123.236.78.4 - - [14/Apr/2012:11:05:12 -0700] "GET /blog/wp-content/themes/cleanr/css/text.css HTTP/1.1" 200 420 "http://yuvi.in/blog/wp-content/themes/cleanr/style.css" "Mozilla/5.0 (X11; Ubuntu; Linux i686; rv:11.0) Gecko/20100101 Firefox/11.0"
123.236.78.4 - - [14/Apr/2012:11:05:12 -0700] "GET /blog/wp-content/themes/cleanr/css/960.css HTTP/1.1" 200 3628 "http://yuvi.in/blog/wp-content/themes/cleanr/style.css" "Mozilla/5.0 (X11; Ubuntu; Linux i686; rv:11.0) Gecko/20100101 Firefox/11.0"
123.236.78.4 - - [14/Apr/2012:11:05:12 -0700] "GET /blog/wp-includes/js/jquery/jquery.js?ver=1.7.1 HTTP/1.1" 200 93889 "http://yuvi.in/blog/" "Mozilla/5.0 (X11; Ubuntu; Linux i686; rv:11.0) Gecko/20100101 Firefox/11.0"
123.236.78.4 - - [14/Apr/2012:11:05:13 -0700] "GET /blog/wp-content/themes/cleanr/images/search_magnifier.gif HTTP/1.1" 200 394 "http://yuvi.in/blog/" "Mozilla/5.0 (X11; Ubuntu; Linux i686; rv:11.0) Gecko/20100101 Firefox/11.0"
69.171.229.246 - - [14/Apr/2012:11:06:41 -0700] "GET /r/tpn HTTP/1.1" 301 255 "-" "facebookexternalhit/1.1 (+http://www.facebook.com/externalhit_uatext.php)"
69.171.229.249 - - [14/Apr/2012:11:06:42 -0700] "GET /s/ta/tpn/ HTTP/1.1" 302 265 "-" "facebookexternalhit/1.1 (+http://www.facebook.com/externalhit_uatext.php)"
85.17.88.169 - - [14/Apr/2012:11:07:01 -0700] "POST /blog/wp-cron.php?doing_wp_cron=1334426466 HTTP/1.0" 499 0 "-" "WordPress/3.3.1; http://yuvi.in/blog"
207.46.195.239 - - [14/Apr/2012:11:07:02 -0700] "GET /blog/attraction-or-admiration/ HTTP/1.1" 200 4396 "-" "Mozilla/5.0 (compatible; bingbot/2.0; +http://www.bing.com/bingbot.htm)"
69.171.234.6 - - [14/Apr/2012:11:08:01 -0700] "GET /r/k8h HTTP/1.1" 301 255 "-" "facebookexternalhit/1.1 (+http://www.facebook.com/externalhit_uatext.php)"
69.171.234.4 - - [14/Apr/2012:11:08:02 -0700] "GET /s/ta/k8h/ HTTP/1.1" 302 401 "-" "facebookexternalhit/1.1 (+http://www.facebook.com/externalhit_uatext.php)"
117.193.214.199 - - [14/Apr/2012:11:10:27 -0700] "-" 400 0 "-" "-"
14.139.188.174 - - [14/Apr/2012:11:11:14 -0700] "-" 400 0 "-" "-"
85.17.88.169 - - [14/Apr/2012:11:16:22 -0700] "POST /blog/wp-cron.php?doing_wp_cron=1334427027 HTTP/1.0" 499 0 "-" "WordPress/3.3.1; http://yuvi.in/blog"
101.226.33.174 - - [14/Apr/2012:11:16:23 -0700] "GET /blog/feed HTTP/1.0" 304 0 "-" "Mozilla/4.0 (compatible; Windows;)"
85.17.88.169 - - [14/Apr/2012:11:16:47 -0700] "POST /blog/wp-cron.php?doing_wp_cron=1334427052 HTTP/1.0" 499 0 "-" "WordPress/3.3.1; http://yuvi.in/blog"
123.236.78.4 - - [14/Apr/2012:11:16:48 -0700] "GET /blog/passing-headers-proxying-nginx/ HTTP/1.1" 200 4280 "http://yuvi.in/blog/" "Mozilla/5.0 (X11; Ubuntu; Linux i686; rv:11.0) Gecko/20100101 Firefox/11.0"
123.236.78.4 - - [14/Apr/2012:11:16:48 -0700] "GET /blog/wp-includes/js/jquery/jquery.js?ver=1.7.1 HTTP/1.1" 304 0 "http://yuvi.in/blog/passing-headers-proxying-nginx/" "Mozilla/5.0 (X11; Ubuntu; Linux i686; rv:11.0) Gecko/20100101 Firefox/11.0"
123.236.78.4 - - [14/Apr/2012:11:16:48 -0700] "GET /blog/wp-content/themes/cleanr/js/jquery.dropdown.js?ver=3.3.1 HTTP/1.1" 304 0 "http://yuvi.in/blog/passing-headers-proxying-nginx/" "Mozilla/5.0 (X11; Ubuntu; Linux i686; rv:11.0) Gecko/20100101 Firefox/11.0"
123.236.78.4 - - [14/Apr/2012:11:16:51 -0700] "GET /blog/college-drop/ HTTP/1.1" 499 0 "http://yuvi.in/blog/passing-headers-proxying-nginx/" "Mozilla/5.0 (X11; Ubuntu; Linux i686; rv:11.0) Gecko/20100101 Firefox/11.0"
123.236.78.4 - - [14/Apr/2012:11:16:53 -0700] "-" 400 0 "-" "-"
123.236.78.4 - - [14/Apr/2012:11:16:53 -0700] "-" 400 0 "-" "-"
85.17.88.169 - - [14/Apr/2012:11:16:55 -0700] "POST /blog/wp-cron.php?doing_wp_cron=1334427060 HTTP/1.0" 499 0 "-" "WordPress/3.3.1; http://yuvi.in/blog"
123.236.78.4 - - [14/Apr/2012:11:16:55 -0700] "GET /blog/passing-headers-proxying-nginx/?cf_action=sync_comments&post_id=389 HTTP/1.1" 200 48 "http://yuvi.in/blog/passing-headers-proxying-nginx/" "Mozilla/5.0 (X11; Ubuntu; Linux i686; rv:11.0) Gecko/20100101 Firefox/11.0"
85.17.88.169 - - [14/Apr/2012:11:17:19 -0700] "POST /blog/wp-cron.php?doing_wp_cron=1334427084 HTTP/1.0" 499 0 "-" "WordPress/3.3.1; http://yuvi.in/blog"
123.236.78.4 - - [14/Apr/2012:11:17:19 -0700] "GET /blog/college-drop/ HTTP/1.1" 200 4510 "http://yuvi.in/blog/" "Mozilla/5.0 (X11; Ubuntu; Linux i686; rv:11.0) Gecko/20100101 Firefox/11.0"
123.236.78.4 - - [14/Apr/2012:11:17:20 -0700] "GET /blog/wp-includes/js/jquery/jquery.js?ver=1.7.1 HTTP/1.1" 304 0 "http://yuvi.in/blog/college-drop/" "Mozilla/5.0 (X11; Ubuntu; Linux i686; rv:11.0) Gecko/20100101 Firefox/11.0"
123.236.78.4 - - [14/Apr/2012:11:17:21 -0700] "GET /blog/wp-content/themes/cleanr/js/jquery.dropdown.js?ver=3.3.1 HTTP/1.1" 499 0 "http://yuvi.in/blog/college-drop/" "Mozilla/5.0 (X11; Ubuntu; Linux i686; rv:11.0) Gecko/20100101 Firefox/11.0"
123.236.78.4 - - [14/Apr/2012:11:17:25 -0700] "-" 400 0 "-" "-"
123.236.78.4 - - [14/Apr/2012:11:17:25 -0700] "-" 400 0 "-" "-"
123.236.78.4 - - [14/Apr/2012:11:17:25 -0700] "-" 400 0 "-" "-"
85.17.88.169 - - [14/Apr/2012:11:18:34 -0700] "POST /blog/wp-cron.php?doing_wp_cron=1334427158 HTTP/1.0" 499 0 "-" "WordPress/3.3.1; http://yuvi.in/blog"
209.85.224.81 - - [14/Apr/2012:11:18:34 -0700] "GET /blog/feed HTTP/1.1" 304 0 "-" "FeedBurner/1.0 (http://www.FeedBurner.com)"
223.235.137.73 - - [14/Apr/2012:11:19:14 -0700] "-" 400 0 "-" "-"
85.17.88.169 - - [14/Apr/2012:11:19:24 -0700] "POST /blog/wp-cron.php?doing_wp_cron=1334427209 HTTP/1.0" 499 0 "-" "WordPress/3.3.1; http://yuvi.in/blog"
123.236.78.4 - - [14/Apr/2012:11:19:24 -0700] "GET /blog/index.html HTTP/1.1" 404 3016 "http://yuvi.in/blog/" "Mozilla/5.0 (X11; Ubuntu; Linux i686; rv:11.0) Gecko/20100101 Firefox/11.0"
123.236.78.4 - - [14/Apr/2012:11:19:25 -0700] "GET /blog/wp-content/themes/cleanr/js/jquery.dropdown.js?ver=3.3.1 HTTP/1.1" 304 0 "http://yuvi.in/blog/index.html" "Mozilla/5.0 (X11; Ubuntu; Linux i686; rv:11.0) Gecko/20100101 Firefox/11.0"
123.236.78.4 - - [14/Apr/2012:11:19:25 -0700] "GET /blog/wp-includes/js/jquery/jquery.js?ver=1.7.1 HTTP/1.1" 304 0 "http://yuvi.in/blog/index.html" "Mozilla/5.0 (X11; Ubuntu; Linux i686; rv:11.0) Gecko/20100101 Firefox/11.0"
207.46.204.211 - - [14/Apr/2012:11:21:52 -0700] "-" 400 0 "-" "-"
207.46.204.211 - - [14/Apr/2012:11:21:55 -0700] "-" 400 0 "-" "-"
207.46.204.211 - - [14/Apr/2012:11:21:56 -0700] "-" 400 0 "-" "-"
207.46.204.211 - - [14/Apr/2012:11:21:56 -0700] "-" 400 0 "-" "-"
207.46.204.211 - - [14/Apr/2012:11:21:56 -0700] "-" 400 0 "-" "-"
207.46.204.211 - - [14/Apr/2012:11:21:57 -0700] "-" 400 0 "-" "-"
207.46.204.211 - - [14/Apr/2012:11:21:57 -0700] "-" 400 0 "-" "-"
207.46.204.211 - - [14/Apr/2012:11:21:57 -0700] "-" 400 0 "-" "-"
207.46.204.211 - - [14/Apr/2012:11:21:57 -0700] "-" 400 0 "-" "-"
207.46.204.211 - - [14/Apr/2012:11:21:58 -0700] "-" 400 0 "-" "-"
