209.85.238.244 - - [01/Apr/2012:15:42:43 -0700] "GET /blog/feed/ HTTP/1.1" 304 0 "-" "Feedfetcher-Google; (+http://www.google.com/feedfetcher.html; 18 subscribers; feed-id=15064232456473204253)"
98.180.220.78 - - [01/Apr/2012:15:43:16 -0700] "GET / HTTP/1.1" 200 1430 "-" "Caffeinated/1.1.1 CFNetwork/520.3.2 Darwin/11.3.0 (x86_64) (MacBookPro8%2C1)"
98.180.220.78 - - [01/Apr/2012:15:43:16 -0700] "GET /favicon.ico HTTP/1.1" 404 142 "-" "Caffeinated/1.1.1 CFNetwork/520.3.2 Darwin/11.3.0 (x86_64) (MacBookPro8%2C1)"
98.180.220.78 - - [01/Apr/2012:15:43:51 -0700] "GET / HTTP/1.1" 200 1430 "-" "Caffeinated/1.1.1 CFNetwork/520.3.2 Darwin/11.3.0 (x86_64) (MacBookPro8%2C1)"
98.180.220.78 - - [01/Apr/2012:15:43:51 -0700] "GET /favicon.ico HTTP/1.1" 404 142 "-" "Caffeinated/1.1.1 CFNetwork/520.3.2 Darwin/11.3.0 (x86_64) (MacBookPro8%2C1)"
98.180.220.78 - - [01/Apr/2012:15:44:45 -0700] "GET / HTTP/1.1" 200 1430 "-" "Caffeinated/1.1.1 CFNetwork/520.3.2 Darwin/11.3.0 (x86_64) (MacBookPro8%2C1)"
98.180.220.78 - - [01/Apr/2012:15:44:45 -0700] "GET /favicon.ico HTTP/1.1" 404 142 "-" "Caffeinated/1.1.1 CFNetwork/520.3.2 Darwin/11.3.0 (x86_64) (MacBookPro8%2C1)"
209.117.161.166 - - [01/Apr/2012:15:45:17 -0700] "GET /stories/tag/colorless.html HTTP/1.1" 200 1995 "-" "-"
98.180.220.78 - - [01/Apr/2012:15:45:21 -0700] "GET / HTTP/1.1" 200 1430 "-" "Caffeinated/1.1.1 CFNetwork/520.3.2 Darwin/11.3.0 (x86_64) (MacBookPro8%2C1)"
98.180.220.78 - - [01/Apr/2012:15:45:21 -0700] "GET /favicon.ico HTTP/1.1" 404 142 "-" "Caffeinated/1.1.1 CFNetwork/520.3.2 Darwin/11.3.0 (x86_64) (MacBookPro8%2C1)"
98.180.220.78 - - [01/Apr/2012:15:46:14 -0700] "GET / HTTP/1.1" 200 1430 "-" "Caffeinated/1.1.1 CFNetwork/520.3.2 Darwin/11.3.0 (x86_64) (MacBookPro8%2C1)"
98.180.220.78 - - [01/Apr/2012:15:46:14 -0700] "GET /favicon.ico HTTP/1.1" 404 142 "-" "Caffeinated/1.1.1 CFNetwork/520.3.2 Darwin/11.3.0 (x86_64) (MacBookPro8%2C1)"
98.180.220.78 - - [01/Apr/2012:15:46:46 -0700] "GET / HTTP/1.1" 200 1430 "-" "Caffeinated/1.1.1 CFNetwork/520.3.2 Darwin/11.3.0 (x86_64) (MacBookPro8%2C1)"
98.180.220.78 - - [01/Apr/2012:15:46:46 -0700] "GET /favicon.ico HTTP/1.1" 404 142 "-" "Caffeinated/1.1.1 CFNetwork/520.3.2 Darwin/11.3.0 (x86_64) (MacBookPro8%2C1)"
98.180.220.78 - - [01/Apr/2012:15:47:41 -0700] "GET / HTTP/1.1" 200 1430 "-" "Caffeinated/1.1.1 CFNetwork/520.3.2 Darwin/11.3.0 (x86_64) (MacBookPro8%2C1)"
98.180.220.78 - - [01/Apr/2012:15:47:41 -0700] "GET /favicon.ico HTTP/1.1" 404 142 "-" "Caffeinated/1.1.1 CFNetwork/520.3.2 Darwin/11.3.0 (x86_64) (MacBookPro8%2C1)"
98.180.220.78 - - [01/Apr/2012:15:48:07 -0700] "GET / HTTP/1.1" 200 1430 "-" "Caffeinated/1.1.1 CFNetwork/520.3.2 Darwin/11.3.0 (x86_64) (MacBookPro8%2C1)"
98.180.220.78 - - [01/Apr/2012:15:48:07 -0700] "GET /favicon.ico HTTP/1.1" 404 142 "-" "Caffeinated/1.1.1 CFNetwork/520.3.2 Darwin/11.3.0 (x86_64) (MacBookPro8%2C1)"
98.180.220.78 - - [01/Apr/2012:15:49:08 -0700] "GET / HTTP/1.1" 200 1430 "-" "Caffeinated/1.1.1 CFNetwork/520.3.2 Darwin/11.3.0 (x86_64) (MacBookPro8%2C1)"
98.180.220.78 - - [01/Apr/2012:15:49:08 -0700] "GET /favicon.ico HTTP/1.1" 404 142 "-" "Caffeinated/1.1.1 CFNetwork/520.3.2 Darwin/11.3.0 (x86_64) (MacBookPro8%2C1)"
98.180.220.78 - - [01/Apr/2012:15:49:34 -0700] "GET / HTTP/1.1" 200 1430 "-" "Caffeinated/1.1.1 CFNetwork/520.3.2 Darwin/11.3.0 (x86_64) (MacBookPro8%2C1)"
98.180.220.78 - - [01/Apr/2012:15:49:34 -0700] "GET /favicon.ico HTTP/1.1" 404 142 "-" "Caffeinated/1.1.1 CFNetwork/520.3.2 Darwin/11.3.0 (x86_64) (MacBookPro8%2C1)"
98.180.220.78 - - [01/Apr/2012:15:50:34 -0700] "GET / HTTP/1.1" 200 1430 "-" "Caffeinated/1.1.1 CFNetwork/520.3.2 Darwin/11.3.0 (x86_64) (MacBookPro8%2C1)"
98.180.220.78 - - [01/Apr/2012:15:50:34 -0700] "GET /favicon.ico HTTP/1.1" 404 142 "-" "Caffeinated/1.1.1 CFNetwork/520.3.2 Darwin/11.3.0 (x86_64) (MacBookPro8%2C1)"
98.180.220.78 - - [01/Apr/2012:15:51:01 -0700] "GET / HTTP/1.1" 200 1430 "-" "Caffeinated/1.1.1 CFNetwork/520.3.2 Darwin/11.3.0 (x86_64) (MacBookPro8%2C1)"
98.180.220.78 - - [01/Apr/2012:15:51:02 -0700] "GET /favicon.ico HTTP/1.1" 404 142 "-" "Caffeinated/1.1.1 CFNetwork/520.3.2 Darwin/11.3.0 (x86_64) (MacBookPro8%2C1)"
98.180.220.78 - - [01/Apr/2012:15:52:00 -0700] "GET / HTTP/1.1" 200 1430 "-" "Caffeinated/1.1.1 CFNetwork/520.3.2 Darwin/11.3.0 (x86_64) (MacBookPro8%2C1)"
98.180.220.78 - - [01/Apr/2012:15:52:00 -0700] "GET /favicon.ico HTTP/1.1" 404 142 "-" "Caffeinated/1.1.1 CFNetwork/520.3.2 Darwin/11.3.0 (x86_64) (MacBookPro8%2C1)"
98.180.220.78 - - [01/Apr/2012:15:52:29 -0700] "GET / HTTP/1.1" 200 1430 "-" "Caffeinated/1.1.1 CFNetwork/520.3.2 Darwin/11.3.0 (x86_64) (MacBookPro8%2C1)"
98.180.220.78 - - [01/Apr/2012:15:52:29 -0700] "GET /favicon.ico HTTP/1.1" 404 142 "-" "Caffeinated/1.1.1 CFNetwork/520.3.2 Darwin/11.3.0 (x86_64) (MacBookPro8%2C1)"
98.180.220.78 - - [01/Apr/2012:15:53:26 -0700] "GET / HTTP/1.1" 200 1430 "-" "Caffeinated/1.1.1 CFNetwork/520.3.2 Darwin/11.3.0 (x86_64) (MacBookPro8%2C1)"
98.180.220.78 - - [01/Apr/2012:15:53:26 -0700] "GET /favicon.ico HTTP/1.1" 404 142 "-" "Caffeinated/1.1.1 CFNetwork/520.3.2 Darwin/11.3.0 (x86_64) (MacBookPro8%2C1)"
98.180.220.78 - - [01/Apr/2012:15:53:55 -0700] "GET / HTTP/1.1" 200 1430 "-" "Caffeinated/1.1.1 CFNetwork/520.3.2 Darwin/11.3.0 (x86_64) (MacBookPro8%2C1)"
98.180.220.78 - - [01/Apr/2012:15:53:55 -0700] "GET /favicon.ico HTTP/1.1" 404 142 "-" "Caffeinated/1.1.1 CFNetwork/520.3.2 Darwin/11.3.0 (x86_64) (MacBookPro8%2C1)"
209.117.161.166 - - [01/Apr/2012:15:54:08 -0700] "GET /stories/tag/red.html HTTP/1.1" 200 2454 "-" "-"
98.180.220.78 - - [01/Apr/2012:15:54:54 -0700] "GET / HTTP/1.1" 200 1430 "-" "Caffeinated/1.1.1 CFNetwork/520.3.2 Darwin/11.3.0 (x86_64) (MacBookPro8%2C1)"
98.180.220.78 - - [01/Apr/2012:15:54:54 -0700] "GET /favicon.ico HTTP/1.1" 404 142 "-" "Caffeinated/1.1.1 CFNetwork/520.3.2 Darwin/11.3.0 (x86_64) (MacBookPro8%2C1)"
157.55.112.205 - - [01/Apr/2012:15:54:57 -0700] "-" 400 0 "-" "-"
157.55.112.205 - - [01/Apr/2012:15:55:02 -0700] "-" 400 0 "-" "-"
157.55.112.205 - - [01/Apr/2012:15:55:02 -0700] "-" 400 0 "-" "-"
157.55.112.205 - - [01/Apr/2012:15:55:02 -0700] "-" 400 0 "-" "-"
157.55.112.205 - - [01/Apr/2012:15:55:03 -0700] "-" 400 0 "-" "-"
157.55.112.205 - - [01/Apr/2012:15:55:03 -0700] "-" 400 0 "-" "-"
157.55.112.205 - - [01/Apr/2012:15:55:03 -0700] "-" 400 0 "-" "-"
157.55.112.205 - - [01/Apr/2012:15:55:03 -0700] "-" 400 0 "-" "-"
157.55.112.205 - - [01/Apr/2012:15:55:03 -0700] "-" 400 0 "-" "-"
157.55.112.205 - - [01/Apr/2012:15:55:04 -0700] "-" 400 0 "-" "-"
98.180.220.78 - - [01/Apr/2012:15:55:21 -0700] "GET / HTTP/1.1" 200 1430 "-" "Caffeinated/1.1.1 CFNetwork/520.3.2 Darwin/11.3.0 (x86_64) (MacBookPro8%2C1)"
98.180.220.78 - - [01/Apr/2012:15:55:21 -0700] "GET /favicon.ico HTTP/1.1" 404 142 "-" "Caffeinated/1.1.1 CFNetwork/520.3.2 Darwin/11.3.0 (x86_64) (MacBookPro8%2C1)"
157.55.112.205 - - [01/Apr/2012:15:55:59 -0700] "-" 400 0 "-" "-"
98.180.220.78 - - [01/Apr/2012:15:56:20 -0700] "GET / HTTP/1.1" 200 1430 "-" "Caffeinated/1.1.1 CFNetwork/520.3.2 Darwin/11.3.0 (x86_64) (MacBookPro8%2C1)"
98.180.220.78 - - [01/Apr/2012:15:56:20 -0700] "GET /favicon.ico HTTP/1.1" 404 142 "-" "Caffeinated/1.1.1 CFNetwork/520.3.2 Darwin/11.3.0 (x86_64) (MacBookPro8%2C1)"
98.180.220.78 - - [01/Apr/2012:15:56:48 -0700] "GET / HTTP/1.1" 200 1430 "-" "Caffeinated/1.1.1 CFNetwork/520.3.2 Darwin/11.3.0 (x86_64) (MacBookPro8%2C1)"
98.180.220.78 - - [01/Apr/2012:15:56:48 -0700] "GET /favicon.ico HTTP/1.1" 404 142 "-" "Caffeinated/1.1.1 CFNetwork/520.3.2 Darwin/11.3.0 (x86_64) (MacBookPro8%2C1)"
98.180.220.78 - - [01/Apr/2012:15:57:48 -0700] "GET / HTTP/1.1" 200 1430 "-" "Caffeinated/1.1.1 CFNetwork/520.3.2 Darwin/11.3.0 (x86_64) (MacBookPro8%2C1)"
98.180.220.78 - - [01/Apr/2012:15:57:48 -0700] "GET /favicon.ico HTTP/1.1" 404 142 "-" "Caffeinated/1.1.1 CFNetwork/520.3.2 Darwin/11.3.0 (x86_64) (MacBookPro8%2C1)"
98.180.220.78 - - [01/Apr/2012:15:58:17 -0700] "GET / HTTP/1.1" 200 1430 "-" "Caffeinated/1.1.1 CFNetwork/520.3.2 Darwin/11.3.0 (x86_64) (MacBookPro8%2C1)"
98.180.220.78 - - [01/Apr/2012:15:58:17 -0700] "GET /favicon.ico HTTP/1.1" 404 142 "-" "Caffeinated/1.1.1 CFNetwork/520.3.2 Darwin/11.3.0 (x86_64) (MacBookPro8%2C1)"
98.180.220.78 - - [01/Apr/2012:15:59:13 -0700] "GET / HTTP/1.1" 200 1430 "-" "Caffeinated/1.1.1 CFNetwork/520.3.2 Darwin/11.3.0 (x86_64) (MacBookPro8%2C1)"
98.180.220.78 - - [01/Apr/2012:15:59:13 -0700] "GET /favicon.ico HTTP/1.1" 404 142 "-" "Caffeinated/1.1.1 CFNetwork/520.3.2 Darwin/11.3.0 (x86_64) (MacBookPro8%2C1)"
85.17.88.169 - - [01/Apr/2012:15:59:19 -0700] "POST /blog/wp-cron.php?doing_wp_cron=1333320906 HTTP/1.0" 499 0 "-" "WordPress/3.3.1; http://yuvi.in/blog"
209.117.161.166 - - [01/Apr/2012:15:59:25 -0700] "GET /blog/college-drop/ HTTP/1.1" 200 18438 "-" "-"
98.180.220.78 - - [01/Apr/2012:15:59:42 -0700] "GET / HTTP/1.1" 200 1430 "-" "Caffeinated/1.1.1 CFNetwork/520.3.2 Darwin/11.3.0 (x86_64) (MacBookPro8%2C1)"
98.180.220.78 - - [01/Apr/2012:15:59:42 -0700] "GET /favicon.ico HTTP/1.1" 404 142 "-" "Caffeinated/1.1.1 CFNetwork/520.3.2 Darwin/11.3.0 (x86_64) (MacBookPro8%2C1)"
98.180.220.78 - - [01/Apr/2012:16:00:42 -0700] "GET / HTTP/1.1" 200 1430 "-" "Caffeinated/1.1.1 CFNetwork/520.3.2 Darwin/11.3.0 (x86_64) (MacBookPro8%2C1)"
98.180.220.78 - - [01/Apr/2012:16:00:43 -0700] "GET /favicon.ico HTTP/1.1" 404 142 "-" "Caffeinated/1.1.1 CFNetwork/520.3.2 Darwin/11.3.0 (x86_64) (MacBookPro8%2C1)"
94.228.34.209 - - [01/Apr/2012:16:00:51 -0700] "GET /blog/serendipity.html HTTP/1.1" 304 0 "-" "magpie-crawler/1.1 (U; Linux amd64; en-GB; +http://www.brandwatch.net)"
98.180.220.78 - - [01/Apr/2012:16:01:12 -0700] "GET / HTTP/1.1" 200 1430 "-" "Caffeinated/1.1.1 CFNetwork/520.3.2 Darwin/11.3.0 (x86_64) (MacBookPro8%2C1)"
98.180.220.78 - - [01/Apr/2012:16:01:12 -0700] "GET /favicon.ico HTTP/1.1" 404 142 "-" "Caffeinated/1.1.1 CFNetwork/520.3.2 Darwin/11.3.0 (x86_64) (MacBookPro8%2C1)"
85.17.88.169 - - [01/Apr/2012:16:01:38 -0700] "POST /blog/wp-cron.php?doing_wp_cron=1333321045 HTTP/1.0" 499 0 "-" "WordPress/3.3.1; http://yuvi.in/blog"
209.85.224.95 - - [01/Apr/2012:16:01:39 -0700] "GET /blog/feed HTTP/1.1" 304 0 "-" "FeedBurner/1.0 (http://www.FeedBurner.com)"
85.17.88.169 - - [01/Apr/2012:16:01:55 -0700] "POST /blog/wp-cron.php?doing_wp_cron=1333321062 HTTP/1.0" 499 0 "-" "WordPress/3.3.1; http://yuvi.in/blog"
209.117.161.166 - - [01/Apr/2012:16:02:01 -0700] "GET /blog/program/ HTTP/1.1" 200 27273 "-" "-"
98.180.220.78 - - [01/Apr/2012:16:02:13 -0700] "GET / HTTP/1.1" 200 1430 "-" "Caffeinated/1.1.1 CFNetwork/520.3.2 Darwin/11.3.0 (x86_64) (MacBookPro8%2C1)"
98.180.220.78 - - [01/Apr/2012:16:02:13 -0700] "GET /favicon.ico HTTP/1.1" 404 142 "-" "Caffeinated/1.1.1 CFNetwork/520.3.2 Darwin/11.3.0 (x86_64) (MacBookPro8%2C1)"
98.180.220.78 - - [01/Apr/2012:16:02:38 -0700] "GET / HTTP/1.1" 200 1430 "-" "Caffeinated/1.1.1 CFNetwork/520.3.2 Darwin/11.3.0 (x86_64) (MacBookPro8%2C1)"
98.180.220.78 - - [01/Apr/2012:16:02:38 -0700] "GET /favicon.ico HTTP/1.1" 404 142 "-" "Caffeinated/1.1.1 CFNetwork/520.3.2 Darwin/11.3.0 (x86_64) (MacBookPro8%2C1)"
98.180.220.78 - - [01/Apr/2012:16:03:40 -0700] "GET / HTTP/1.1" 200 1430 "-" "Caffeinated/1.1.1 CFNetwork/520.3.2 Darwin/11.3.0 (x86_64) (MacBookPro8%2C1)"
98.180.220.78 - - [01/Apr/2012:16:03:41 -0700] "GET /favicon.ico HTTP/1.1" 404 142 "-" "Caffeinated/1.1.1 CFNetwork/520.3.2 Darwin/11.3.0 (x86_64) (MacBookPro8%2C1)"
98.180.220.78 - - [01/Apr/2012:16:04:10 -0700] "GET / HTTP/1.1" 200 1430 "-" "Caffeinated/1.1.1 CFNetwork/520.3.2 Darwin/11.3.0 (x86_64) (MacBookPro8%2C1)"
98.180.220.78 - - [01/Apr/2012:16:04:10 -0700] "GET /favicon.ico HTTP/1.1" 404 142 "-" "Caffeinated/1.1.1 CFNetwork/520.3.2 Darwin/11.3.0 (x86_64) (MacBookPro8%2C1)"
98.180.220.78 - - [01/Apr/2012:16:05:06 -0700] "GET / HTTP/1.1" 200 1430 "-" "Caffeinated/1.1.1 CFNetwork/520.3.2 Darwin/11.3.0 (x86_64) (MacBookPro8%2C1)"
98.180.220.78 - - [01/Apr/2012:16:05:06 -0700] "GET /favicon.ico HTTP/1.1" 404 142 "-" "Caffeinated/1.1.1 CFNetwork/520.3.2 Darwin/11.3.0 (x86_64) (MacBookPro8%2C1)"
208.115.113.84 - - [01/Apr/2012:16:05:20 -0700] "GET /blog/cheese-gsoc-report-week-3.html HTTP/1.1" 200 7006 "-" "Mozilla/5.0 (compatible; Ezooms/1.0; ezooms.bot@gmail.com)"
208.115.113.84 - - [01/Apr/2012:16:05:23 -0700] "GET /blog/orwell-and-huxley.html HTTP/1.1" 200 5580 "-" "Mozilla/5.0 (compatible; Ezooms/1.0; ezooms.bot@gmail.com)"
66.249.73.27 - - [01/Apr/2012:16:05:32 -0700] "GET /POSM/img/mylocation.png HTTP/1.1" 200 803 "-" "Googlebot-Image/1.0"
98.180.220.78 - - [01/Apr/2012:16:05:38 -0700] "GET / HTTP/1.1" 200 1430 "-" "Caffeinated/1.1.1 CFNetwork/520.3.2 Darwin/11.3.0 (x86_64) (MacBookPro8%2C1)"
98.180.220.78 - - [01/Apr/2012:16:05:38 -0700] "GET /favicon.ico HTTP/1.1" 404 142 "-" "Caffeinated/1.1.1 CFNetwork/520.3.2 Darwin/11.3.0 (x86_64) (MacBookPro8%2C1)"
98.180.220.78 - - [01/Apr/2012:16:06:34 -0700] "GET / HTTP/1.1" 200 1430 "-" "Caffeinated/1.1.1 CFNetwork/520.3.2 Darwin/11.3.0 (x86_64) (MacBookPro8%2C1)"
98.180.220.78 - - [01/Apr/2012:16:06:34 -0700] "GET /favicon.ico HTTP/1.1" 404 142 "-" "Caffeinated/1.1.1 CFNetwork/520.3.2 Darwin/11.3.0 (x86_64) (MacBookPro8%2C1)"
98.180.220.78 - - [01/Apr/2012:16:07:06 -0700] "GET / HTTP/1.1" 200 1430 "-" "Caffeinated/1.1.1 CFNetwork/520.3.2 Darwin/11.3.0 (x86_64) (MacBookPro8%2C1)"
98.180.220.78 - - [01/Apr/2012:16:07:06 -0700] "GET /favicon.ico HTTP/1.1" 404 142 "-" "Caffeinated/1.1.1 CFNetwork/520.3.2 Darwin/11.3.0 (x86_64) (MacBookPro8%2C1)"
85.17.88.169 - - [01/Apr/2012:16:07:35 -0700] "POST /blog/wp-cron.php?doing_wp_cron=1333321402 HTTP/1.0" 499 0 "-" "WordPress/3.3.1; http://yuvi.in/blog"
209.85.238.244 - - [01/Apr/2012:16:07:36 -0700] "GET /blog/feed HTTP/1.1" 301 0 "-" "Feedfetcher-Google; (+http://www.google.com/feedfetcher.html; 3 subscribers; feed-id=17684830852112633560)"
85.17.88.169 - - [01/Apr/2012:16:07:38 -0700] "POST /blog/wp-cron.php?doing_wp_cron=1333321405 HTTP/1.0" 499 0 "-" "WordPress/3.3.1; http://yuvi.in/blog"
209.85.238.244 - - [01/Apr/2012:16:07:38 -0700] "GET /blog/feed/ HTTP/1.1" 304 0 "-" "Feedfetcher-Google; (+http://www.google.com/feedfetcher.html; 3 subscribers; feed-id=17684830852112633560)"
218.213.137.21 - - [01/Apr/2012:16:07:46 -0700] "GET /robots.txt HTTP/1.1" 404 169 "-" "DoCoMo/2.0 P900i(c100;TB;W24H11) (compatible; ichiro/mobile goo; +http://search.goo.ne.jp/option/use/sub4/sub4-1/)"
85.17.88.169 - - [01/Apr/2012:16:07:55 -0700] "POST /blog/wp-cron.php?doing_wp_cron=1333321422 HTTP/1.0" 499 0 "-" "WordPress/3.3.1; http://yuvi.in/blog"
218.213.137.21 - - [01/Apr/2012:16:07:55 -0700] "GET /blog/program/feed/ HTTP/1.1" 200 8430 "-" "DoCoMo/2.0 P900i(c100;TB;W24H11) (compatible; ichiro/mobile goo; +http://search.goo.ne.jp/option/use/sub4/sub4-1/)"
98.180.220.78 - - [01/Apr/2012:16:08:02 -0700] "GET / HTTP/1.1" 200 1430 "-" "Caffeinated/1.1.1 CFNetwork/520.3.2 Darwin/11.3.0 (x86_64) (MacBookPro8%2C1)"
98.180.220.78 - - [01/Apr/2012:16:08:02 -0700] "GET /favicon.ico HTTP/1.1" 404 142 "-" "Caffeinated/1.1.1 CFNetwork/520.3.2 Darwin/11.3.0 (x86_64) (MacBookPro8%2C1)"
193.164.138.82 - - [01/Apr/2012:16:08:10 -0700] "GET /blog/code-i-ve-written-so-far.html HTTP/1.1" 200 6931 "-" "Zemanta Aggregator/0.7 +http://www.zemanta.com"
98.180.220.78 - - [01/Apr/2012:16:08:34 -0700] "GET / HTTP/1.1" 200 1430 "-" "Caffeinated/1.1.1 CFNetwork/520.3.2 Darwin/11.3.0 (x86_64) (MacBookPro8%2C1)"
98.180.220.78 - - [01/Apr/2012:16:08:34 -0700] "GET /favicon.ico HTTP/1.1" 404 142 "-" "Caffeinated/1.1.1 CFNetwork/520.3.2 Darwin/11.3.0 (x86_64) (MacBookPro8%2C1)"
98.180.220.78 - - [01/Apr/2012:16:09:30 -0700] "GET / HTTP/1.1" 200 1430 "-" "Caffeinated/1.1.1 CFNetwork/520.3.2 Darwin/11.3.0 (x86_64) (MacBookPro8%2C1)"
98.180.220.78 - - [01/Apr/2012:16:09:30 -0700] "GET /favicon.ico HTTP/1.1" 404 142 "-" "Caffeinated/1.1.1 CFNetwork/520.3.2 Darwin/11.3.0 (x86_64) (MacBookPro8%2C1)"
98.180.220.78 - - [01/Apr/2012:16:09:57 -0700] "GET / HTTP/1.1" 200 1430 "-" "Caffeinated/1.1.1 CFNetwork/520.3.2 Darwin/11.3.0 (x86_64) (MacBookPro8%2C1)"
98.180.220.78 - - [01/Apr/2012:16:09:57 -0700] "GET /favicon.ico HTTP/1.1" 404 142 "-" "Caffeinated/1.1.1 CFNetwork/520.3.2 Darwin/11.3.0 (x86_64) (MacBookPro8%2C1)"
85.17.88.169 - - [01/Apr/2012:16:10:44 -0700] "POST /blog/wp-cron.php?doing_wp_cron=1333321591 HTTP/1.0" 499 0 "-" "WordPress/3.3.1; http://yuvi.in/blog"
209.117.161.166 - - [01/Apr/2012:16:10:49 -0700] "GET /blog/devlog-december-23-2011/ HTTP/1.1" 200 16553 "-" "-"
98.180.220.78 - - [01/Apr/2012:16:11:00 -0700] "GET / HTTP/1.1" 200 1430 "-" "Caffeinated/1.1.1 CFNetwork/520.3.2 Darwin/11.3.0 (x86_64) (MacBookPro8%2C1)"
98.180.220.78 - - [01/Apr/2012:16:11:00 -0700] "GET /favicon.ico HTTP/1.1" 404 142 "-" "Caffeinated/1.1.1 CFNetwork/520.3.2 Darwin/11.3.0 (x86_64) (MacBookPro8%2C1)"
98.180.220.78 - - [01/Apr/2012:16:11:26 -0700] "GET / HTTP/1.1" 200 1430 "-" "Caffeinated/1.1.1 CFNetwork/520.3.2 Darwin/11.3.0 (x86_64) (MacBookPro8%2C1)"
98.180.220.78 - - [01/Apr/2012:16:11:27 -0700] "GET /favicon.ico HTTP/1.1" 404 142 "-" "Caffeinated/1.1.1 CFNetwork/520.3.2 Darwin/11.3.0 (x86_64) (MacBookPro8%2C1)"
98.180.220.78 - - [01/Apr/2012:16:12:27 -0700] "GET / HTTP/1.1" 200 1430 "-" "Caffeinated/1.1.1 CFNetwork/520.3.2 Darwin/11.3.0 (x86_64) (MacBookPro8%2C1)"
98.180.220.78 - - [01/Apr/2012:16:12:27 -0700] "GET /favicon.ico HTTP/1.1" 404 142 "-" "Caffeinated/1.1.1 CFNetwork/520.3.2 Darwin/11.3.0 (x86_64) (MacBookPro8%2C1)"
98.180.220.78 - - [01/Apr/2012:16:12:51 -0700] "GET / HTTP/1.1" 200 1430 "-" "Caffeinated/1.1.1 CFNetwork/520.3.2 Darwin/11.3.0 (x86_64) (MacBookPro8%2C1)"
98.180.220.78 - - [01/Apr/2012:16:12:51 -0700] "GET /favicon.ico HTTP/1.1" 404 142 "-" "Caffeinated/1.1.1 CFNetwork/520.3.2 Darwin/11.3.0 (x86_64) (MacBookPro8%2C1)"
98.180.220.78 - - [01/Apr/2012:16:13:51 -0700] "GET / HTTP/1.1" 200 1430 "-" "Caffeinated/1.1.1 CFNetwork/520.3.2 Darwin/11.3.0 (x86_64) (MacBookPro8%2C1)"
98.180.220.78 - - [01/Apr/2012:16:13:51 -0700] "GET /favicon.ico HTTP/1.1" 404 142 "-" "Caffeinated/1.1.1 CFNetwork/520.3.2 Darwin/11.3.0 (x86_64) (MacBookPro8%2C1)"
122.179.86.74 - - [01/Apr/2012:16:14:10 -0700] "GET / HTTP/1.1" 200 1430 "-" "Reeder/1.5.5 CFNetwork/548.1.4 Darwin/11.0.0"
122.179.86.74 - - [01/Apr/2012:16:14:10 -0700] "GET /favicon.ico HTTP/1.1" 404 142 "-" "Reeder/1.5.5 CFNetwork/548.1.4 Darwin/11.0.0"
122.179.86.74 - - [01/Apr/2012:16:14:10 -0700] "GET /apple-touch-icon.png HTTP/1.1" 404 142 "-" "Reeder/1.5.5 CFNetwork/548.1.4 Darwin/11.0.0"
122.179.86.74 - - [01/Apr/2012:16:14:11 -0700] "GET /apple-touch-icon-precomposed.png HTTP/1.1" 404 142 "-" "Reeder/1.5.5 CFNetwork/548.1.4 Darwin/11.0.0"
98.180.220.78 - - [01/Apr/2012:16:14:17 -0700] "GET / HTTP/1.1" 200 1430 "-" "Caffeinated/1.1.1 CFNetwork/520.3.2 Darwin/11.3.0 (x86_64) (MacBookPro8%2C1)"
98.180.220.78 - - [01/Apr/2012:16:14:17 -0700] "GET /favicon.ico HTTP/1.1" 404 142 "-" "Caffeinated/1.1.1 CFNetwork/520.3.2 Darwin/11.3.0 (x86_64) (MacBookPro8%2C1)"
106.51.6.114 - - [01/Apr/2012:16:15:06 -0700] "GET /blog/wp-admin HTTP/1.1" 301 237 "-" "Mozilla/5.0 (Macintosh; Intel Mac OS X 10_7_3) AppleWebKit/535.19 (KHTML, like Gecko) Chrome/18.0.1025.142 Safari/535.19"
85.17.88.169 - - [01/Apr/2012:16:15:08 -0700] "POST /blog/wp-cron.php?doing_wp_cron=1333321855 HTTP/1.0" 499 0 "-" "WordPress/3.3.1; http://yuvi.in/blog"
106.51.6.114 - - [01/Apr/2012:16:15:09 -0700] "GET /blog/wp-admin/ HTTP/1.1" 302 0 "-" "Mozilla/5.0 (Macintosh; Intel Mac OS X 10_7_3) AppleWebKit/535.19 (KHTML, like Gecko) Chrome/18.0.1025.142 Safari/535.19"
85.17.88.169 - - [01/Apr/2012:16:15:11 -0700] "POST /blog/wp-cron.php?doing_wp_cron=1333321858 HTTP/1.0" 499 0 "-" "WordPress/3.3.1; http://yuvi.in/blog"
106.51.6.114 - - [01/Apr/2012:16:15:12 -0700] "GET /blog/wp-login.php?redirect_to=http%3A%2F%2Fyuvi.in%2Fblog%2Fwp-admin%2F&reauth=1 HTTP/1.1" 200 1070 "-" "Mozilla/5.0 (Macintosh; Intel Mac OS X 10_7_3) AppleWebKit/535.19 (KHTML, like Gecko) Chrome/18.0.1025.142 Safari/535.19"
106.51.6.114 - - [01/Apr/2012:16:15:13 -0700] "GET /blog/wp-admin/css/colors-fresh.css?ver=20111206 HTTP/1.1" 200 34571 "http://yuvi.in/blog/wp-login.php?redirect_to=http%3A%2F%2Fyuvi.in%2Fblog%2Fwp-admin%2F&reauth=1" "Mozilla/5.0 (Macintosh; Intel Mac OS X 10_7_3) AppleWebKit/535.19 (KHTML, like Gecko) Chrome/18.0.1025.142 Safari/535.19"
106.51.6.114 - - [01/Apr/2012:16:15:14 -0700] "GET /blog/wp-admin/css/wp-admin.css?ver=20111208 HTTP/1.1" 200 104204 "http://yuvi.in/blog/wp-login.php?redirect_to=http%3A%2F%2Fyuvi.in%2Fblog%2Fwp-admin%2F&reauth=1" "Mozilla/5.0 (Macintosh; Intel Mac OS X 10_7_3) AppleWebKit/535.19 (KHTML, like Gecko) Chrome/18.0.1025.142 Safari/535.19"
106.51.6.114 - - [01/Apr/2012:16:15:15 -0700] "GET /blog/wp-admin/images/button-grad.png HTTP/1.1" 200 243 "http://yuvi.in/blog/wp-login.php?redirect_to=http%3A%2F%2Fyuvi.in%2Fblog%2Fwp-admin%2F&reauth=1" "Mozilla/5.0 (Macintosh; Intel Mac OS X 10_7_3) AppleWebKit/535.19 (KHTML, like Gecko) Chrome/18.0.1025.142 Safari/535.19"
106.51.6.114 - - [01/Apr/2012:16:15:15 -0700] "GET /blog/wp-admin/images/logo-login.png HTTP/1.1" 200 8891 "http://yuvi.in/blog/wp-login.php?redirect_to=http%3A%2F%2Fyuvi.in%2Fblog%2Fwp-admin%2F&reauth=1" "Mozilla/5.0 (Macintosh; Intel Mac OS X 10_7_3) AppleWebKit/535.19 (KHTML, like Gecko) Chrome/18.0.1025.142 Safari/535.19"
106.51.6.114 - - [01/Apr/2012:16:15:15 -0700] "GET /blog/wp-admin/images/white-grad.png HTTP/1.1" 200 210 "http://yuvi.in/blog/wp-login.php?redirect_to=http%3A%2F%2Fyuvi.in%2Fblog%2Fwp-admin%2F&reauth=1" "Mozilla/5.0 (Macintosh; Intel Mac OS X 10_7_3) AppleWebKit/535.19 (KHTML, like Gecko) Chrome/18.0.1025.142 Safari/535.19"
106.51.6.114 - - [01/Apr/2012:16:15:15 -0700] "GET /favicon.ico HTTP/1.1" 404 199 "-" "Mozilla/5.0 (Macintosh; Intel Mac OS X 10_7_3) AppleWebKit/535.19 (KHTML, like Gecko) Chrome/18.0.1025.142 Safari/535.19"
106.51.6.114 - - [01/Apr/2012:16:15:18 -0700] "GET /blog/wp-admin/images/button-grad-active.png HTTP/1.1" 499 0 "http://yuvi.in/blog/wp-login.php?redirect_to=http%3A%2F%2Fyuvi.in%2Fblog%2Fwp-admin%2F&reauth=1" "Mozilla/5.0 (Macintosh; Intel Mac OS X 10_7_3) AppleWebKit/535.19 (KHTML, like Gecko) Chrome/18.0.1025.142 Safari/535.19"
46.211.118.54 - - [01/Apr/2012:16:15:18 -0700] "GET /robots.txt HTTP/1.0" 404 169 "-" "Mozilla/5.0 (compatible; MJ12bot/v1.4.2; http://www.majestic12.co.uk/bot.php?+)"
98.180.220.78 - - [01/Apr/2012:16:15:18 -0700] "GET / HTTP/1.1" 200 1430 "-" "Caffeinated/1.1.1 CFNetwork/520.3.2 Darwin/11.3.0 (x86_64) (MacBookPro8%2C1)"
98.180.220.78 - - [01/Apr/2012:16:15:18 -0700] "GET /favicon.ico HTTP/1.1" 404 142 "-" "Caffeinated/1.1.1 CFNetwork/520.3.2 Darwin/11.3.0 (x86_64) (MacBookPro8%2C1)"
85.17.88.169 - - [01/Apr/2012:16:15:20 -0700] "POST /blog/wp-cron.php?doing_wp_cron=1333321866 HTTP/1.0" 499 0 "-" "WordPress/3.3.1; http://yuvi.in/blog"
106.51.6.114 - - [01/Apr/2012:16:15:20 -0700] "POST /blog/wp-login.php HTTP/1.1" 302 0 "http://yuvi.in/blog/wp-login.php?redirect_to=http%3A%2F%2Fyuvi.in%2Fblog%2Fwp-admin%2F&reauth=1" "Mozilla/5.0 (Macintosh; Intel Mac OS X 10_7_3) AppleWebKit/535.19 (KHTML, like Gecko) Chrome/18.0.1025.142 Safari/535.19"
85.17.88.169 - - [01/Apr/2012:16:15:22 -0700] "POST /blog/wp-cron.php?doing_wp_cron=1333321869 HTTP/1.0" 499 0 "-" "WordPress/3.3.1; http://yuvi.in/blog"
85.17.88.169 - - [01/Apr/2012:16:15:23 -0700] "POST /blog/wp-cron.php?doing_wp_cron=1333321870 HTTP/1.0" 499 0 "-" "WordPress/3.3.1; http://yuvi.in/blog"
46.211.118.54 - - [01/Apr/2012:16:15:23 -0700] "GET /blog/about HTTP/1.1" 301 0 "-" "Mozilla/5.0 (compatible; MJ12bot/v1.4.2; http://www.majestic12.co.uk/bot.php?+)"
106.51.6.114 - - [01/Apr/2012:16:15:26 -0700] "GET /blog/wp-admin/ HTTP/1.1" 200 15331 "http://yuvi.in/blog/wp-login.php?redirect_to=http%3A%2F%2Fyuvi.in%2Fblog%2Fwp-admin%2F&reauth=1" "Mozilla/5.0 (Macintosh; Intel Mac OS X 10_7_3) AppleWebKit/535.19 (KHTML, like Gecko) Chrome/18.0.1025.142 Safari/535.19"
106.51.6.114 - - [01/Apr/2012:16:15:27 -0700] "GET /blog/wp-includes/js/thickbox/thickbox.css?ver=20111117 HTTP/1.1" 200 3870 "http://yuvi.in/blog/wp-admin/" "Mozilla/5.0 (Macintosh; Intel Mac OS X 10_7_3) AppleWebKit/535.19 (KHTML, like Gecko) Chrome/18.0.1025.142 Safari/535.19"
106.51.6.114 - - [01/Apr/2012:16:15:27 -0700] "GET /blog/wp-content/plugins/seo-ultimate/plugin/global.css?ver=7.2.1 HTTP/1.1" 200 2869 "http://yuvi.in/blog/wp-admin/" "Mozilla/5.0 (Macintosh; Intel Mac OS X 10_7_3) AppleWebKit/535.19 (KHTML, like Gecko) Chrome/18.0.1025.142 Safari/535.19"
106.51.6.114 - - [01/Apr/2012:16:15:27 -0700] "GET /blog/wp-content/plugins/akismet/akismet.js?ver=2.5.4.6 HTTP/1.1" 200 4242 "http://yuvi.in/blog/wp-admin/" "Mozilla/5.0 (Macintosh; Intel Mac OS X 10_7_3) AppleWebKit/535.19 (KHTML, like Gecko) Chrome/18.0.1025.142 Safari/535.19"
106.51.6.114 - - [01/Apr/2012:16:15:27 -0700] "GET /blog/wp-content/plugins/akismet/akismet.css?ver=2.5.4.4 HTTP/1.1" 200 1116 "http://yuvi.in/blog/wp-admin/" "Mozilla/5.0 (Macintosh; Intel Mac OS X 10_7_3) AppleWebKit/535.19 (KHTML, like Gecko) Chrome/18.0.1025.142 Safari/535.19"
106.51.6.114 - - [01/Apr/2012:16:15:27 -0700] "GET /blog/wp-content/plugins/seo-ultimate/plugin/global.js?ver=7.2.1 HTTP/1.1" 200 317 "http://yuvi.in/blog/wp-admin/" "Mozilla/5.0 (Macintosh; Intel Mac OS X 10_7_3) AppleWebKit/535.19 (KHTML, like Gecko) Chrome/18.0.1025.142 Safari/535.19"
106.51.6.114 - - [01/Apr/2012:16:15:27 -0700] "GET /blog/wp-admin/load-styles.php?c=0&dir=ltr&load=wp-jquery-ui-dialog&ver=3e676db9ea65504c756e11cf9a70be9e HTTP/1.1" 200 3439 "http://yuvi.in/blog/wp-admin/" "Mozilla/5.0 (Macintosh; Intel Mac OS X 10_7_3) AppleWebKit/535.19 (KHTML, like Gecko) Chrome/18.0.1025.142 Safari/535.19"
106.51.6.114 - - [01/Apr/2012:16:15:28 -0700] "GET /blog/wp-includes/css/editor-buttons.css?ver=20111114 HTTP/1.1" 200 37996 "http://yuvi.in/blog/wp-admin/" "Mozilla/5.0 (Macintosh; Intel Mac OS X 10_7_3) AppleWebKit/535.19 (KHTML, like Gecko) Chrome/18.0.1025.142 Safari/535.19"
106.51.6.114 - - [01/Apr/2012:16:15:28 -0700] "GET /blog/wp-admin/load-styles.php?c=0&dir=ltr&load=admin-bar,wp-admin&ver=7f0753feec257518ac1fec83d5bced6a HTTP/1.1" 200 115329 "http://yuvi.in/blog/wp-admin/" "Mozilla/5.0 (Macintosh; Intel Mac OS X 10_7_3) AppleWebKit/535.19 (KHTML, like Gecko) Chrome/18.0.1025.142 Safari/535.19"
85.17.88.169 - - [01/Apr/2012:16:15:29 -0700] "POST /blog/wp-cron.php?doing_wp_cron=1333321876 HTTP/1.0" 499 0 "-" "WordPress/3.3.1; http://yuvi.in/blog"
106.51.6.114 - - [01/Apr/2012:16:15:29 -0700] "GET /blog/wp-admin/load-scripts.php?c=0&load=admin-bar,hoverIntent,common,jquery-color,wp-ajax-response,wp-lists,quicktags,jquery-query,admin-comments,jquery-ui-core,jquery-ui-widget,jquery-ui-mouse,jquery-ui-sortable,postbox,dashboard,thickbox,plugin-install,media-upload,word-count,jquery-ui-resizable,jquery-ui-draggable,jquery-ui-button,jquery-ui-position,jquery-ui-dialog,wpdialogs,wplink,wpdialogs-popup&ver=9d4864048f8ccfc5a1bd22ef41729cc9 HTTP/1.1" 200 182276 "http://yuvi.in/blog/wp-admin/" "Mozilla/5.0 (Macintosh; Intel Mac OS X 10_7_3) AppleWebKit/535.19 (KHTML, like Gecko) Chrome/18.0.1025.142 Safari/535.19"
106.51.6.114 - - [01/Apr/2012:16:15:29 -0700] "GET /blog/wp-admin/images/wpspin_light.gif HTTP/1.1" 200 2193 "http://yuvi.in/blog/wp-admin/" "Mozilla/5.0 (Macintosh; Intel Mac OS X 10_7_3) AppleWebKit/535.19 (KHTML, like Gecko) Chrome/18.0.1025.142 Safari/535.19"
106.51.6.114 - - [01/Apr/2012:16:15:29 -0700] "GET /blog/wp-admin/images/media-button.png?ver=20111005 HTTP/1.1" 200 3117 "http://yuvi.in/blog/wp-admin/" "Mozilla/5.0 (Macintosh; Intel Mac OS X 10_7_3) AppleWebKit/535.19 (KHTML, like Gecko) Chrome/18.0.1025.142 Safari/535.19"
106.51.6.114 - - [01/Apr/2012:16:15:29 -0700] "GET /blog/wp-content/plugins/seo-ultimate/plugin/images/icon.png HTTP/1.1" 200 1699 "http://yuvi.in/blog/wp-admin/" "Mozilla/5.0 (Macintosh; Intel Mac OS X 10_7_3) AppleWebKit/535.19 (KHTML, like Gecko) Chrome/18.0.1025.142 Safari/535.19"
106.51.6.114 - - [01/Apr/2012:16:15:29 -0700] "GET /blog/wp-admin/images/menu-shadow.png HTTP/1.1" 200 131 "http://yuvi.in/blog/wp-admin/" "Mozilla/5.0 (Macintosh; Intel Mac OS X 10_7_3) AppleWebKit/535.19 (KHTML, like Gecko) Chrome/18.0.1025.142 Safari/535.19"
46.211.118.54 - - [01/Apr/2012:16:15:29 -0700] "GET /blog/about/ HTTP/1.1" 200 14498 "-" "Mozilla/5.0 (compatible; MJ12bot/v1.4.2; http://www.majestic12.co.uk/bot.php?+)"
106.51.6.114 - - [01/Apr/2012:16:15:29 -0700] "GET /blog/wp-admin/images/menu.png?ver=20111128 HTTP/1.1" 200 9680 "http://yuvi.in/blog/wp-admin/" "Mozilla/5.0 (Macintosh; Intel Mac OS X 10_7_3) AppleWebKit/535.19 (KHTML, like Gecko) Chrome/18.0.1025.142 Safari/535.19"
106.51.6.114 - - [01/Apr/2012:16:15:30 -0700] "GET /blog/wp-admin/images/arrows.png HTTP/1.1" 200 494 "http://yuvi.in/blog/wp-admin/" "Mozilla/5.0 (Macintosh; Intel Mac OS X 10_7_3) AppleWebKit/535.19 (KHTML, like Gecko) Chrome/18.0.1025.142 Safari/535.19"
106.51.6.114 - - [01/Apr/2012:16:15:30 -0700] "GET /blog/wp-includes/images/admin-bar-sprite.png?d=20111130 HTTP/1.1" 200 3999 "http://yuvi.in/blog/wp-admin/" "Mozilla/5.0 (Macintosh; Intel Mac OS X 10_7_3) AppleWebKit/535.19 (KHTML, like Gecko) Chrome/18.0.1025.142 Safari/535.19"
106.51.6.114 - - [01/Apr/2012:16:15:30 -0700] "GET /blog/wp-admin/images/icons32.png?ver=20111206 HTTP/1.1" 200 13441 "http://yuvi.in/blog/wp-admin/" "Mozilla/5.0 (Macintosh; Intel Mac OS X 10_7_3) AppleWebKit/535.19 (KHTML, like Gecko) Chrome/18.0.1025.142 Safari/535.19"
106.51.6.114 - - [01/Apr/2012:16:15:31 -0700] "GET /blog/wp-includes/js/thickbox/loadingAnimation.gif HTTP/1.1" 200 5886 "http://yuvi.in/blog/wp-admin/" "Mozilla/5.0 (Macintosh; Intel Mac OS X 10_7_3) AppleWebKit/535.19 (KHTML, like Gecko) Chrome/18.0.1025.142 Safari/535.19"
106.51.6.114 - - [01/Apr/2012:16:15:31 -0700] "GET /favicon.ico HTTP/1.1" 404 199 "-" "Mozilla/5.0 (Macintosh; Intel Mac OS X 10_7_3) AppleWebKit/535.19 (KHTML, like Gecko) Chrome/18.0.1025.142 Safari/535.19"
85.17.88.169 - - [01/Apr/2012:16:15:32 -0700] "POST /blog/wp-cron.php?doing_wp_cron=1333321879 HTTP/1.0" 499 0 "-" "WordPress/3.3.1; http://yuvi.in/blog"
106.51.6.114 - - [01/Apr/2012:16:15:33 -0700] "GET /blog/wp-admin/index-extra.php?jax=dashboard_incoming_links HTTP/1.1" 200 218 "http://yuvi.in/blog/wp-admin/" "Mozilla/5.0 (Macintosh; Intel Mac OS X 10_7_3) AppleWebKit/535.19 (KHTML, like Gecko) Chrome/18.0.1025.142 Safari/535.19"
106.51.6.114 - - [01/Apr/2012:16:15:33 -0700] "GET /blog/wp-admin/index-extra.php?jax=dashboard_primary HTTP/1.1" 200 664 "http://yuvi.in/blog/wp-admin/" "Mozilla/5.0 (Macintosh; Intel Mac OS X 10_7_3) AppleWebKit/535.19 (KHTML, like Gecko) Chrome/18.0.1025.142 Safari/535.19"
106.51.6.114 - - [01/Apr/2012:16:15:33 -0700] "GET /blog/wp-admin/index-extra.php?jax=dashboard_secondary HTTP/1.1" 200 1231 "http://yuvi.in/blog/wp-admin/" "Mozilla/5.0 (Macintosh; Intel Mac OS X 10_7_3) AppleWebKit/535.19 (KHTML, like Gecko) Chrome/18.0.1025.142 Safari/535.19"
85.17.88.169 - - [01/Apr/2012:16:15:33 -0700] "POST /blog/wp-cron.php?doing_wp_cron=1333321880 HTTP/1.0" 200 0 "-" "WordPress/3.3.1; http://yuvi.in/blog"
106.51.6.114 - - [01/Apr/2012:16:15:35 -0700] "GET /blog/wp-admin/index-extra.php?jax=dashboard_plugins HTTP/1.1" 200 593 "http://yuvi.in/blog/wp-admin/" "Mozilla/5.0 (Macintosh; Intel Mac OS X 10_7_3) AppleWebKit/535.19 (KHTML, like Gecko) Chrome/18.0.1025.142 Safari/535.19"
122.179.86.74 - - [01/Apr/2012:16:15:37 -0700] "GET / HTTP/1.1" 200 1430 "-" "Reeder/1.5.5 CFNetwork/548.1.4 Darwin/11.0.0"
122.179.86.74 - - [01/Apr/2012:16:15:38 -0700] "GET /favicon.ico HTTP/1.1" 404 142 "-" "Reeder/1.5.5 CFNetwork/548.1.4 Darwin/11.0.0"
122.179.86.74 - - [01/Apr/2012:16:15:38 -0700] "GET /apple-touch-icon.png HTTP/1.1" 404 142 "-" "Reeder/1.5.5 CFNetwork/548.1.4 Darwin/11.0.0"
122.179.86.74 - - [01/Apr/2012:16:15:38 -0700] "GET /apple-touch-icon-precomposed.png HTTP/1.1" 404 142 "-" "Reeder/1.5.5 CFNetwork/548.1.4 Darwin/11.0.0"
85.17.88.169 - - [01/Apr/2012:16:15:45 -0700] "POST /blog/wp-cron.php?doing_wp_cron=1333321892 HTTP/1.0" 499 0 "-" "WordPress/3.3.1; http://yuvi.in/blog"
106.51.6.114 - - [01/Apr/2012:16:15:46 -0700] "GET /blog/wp-admin/plugin-install.php HTTP/1.1" 200 7874 "http://yuvi.in/blog/wp-admin/" "Mozilla/5.0 (Macintosh; Intel Mac OS X 10_7_3) AppleWebKit/535.19 (KHTML, like Gecko) Chrome/18.0.1025.142 Safari/535.19"
106.51.6.114 - - [01/Apr/2012:16:15:48 -0700] "GET /blog/wp-admin/load-scripts.php?c=0&load=admin-bar,hoverIntent,common,jquery-color,thickbox,plugin-install&ver=48b7ea15248496ce30191098ee22008c HTTP/1.1" 200 28947 "http://yuvi.in/blog/wp-admin/plugin-install.php" "Mozilla/5.0 (Macintosh; Intel Mac OS X 10_7_3) AppleWebKit/535.19 (KHTML, like Gecko) Chrome/18.0.1025.142 Safari/535.19"
106.51.6.114 - - [01/Apr/2012:16:15:49 -0700] "GET /favicon.ico HTTP/1.1" 404 199 "-" "Mozilla/5.0 (Macintosh; Intel Mac OS X 10_7_3) AppleWebKit/535.19 (KHTML, like Gecko) Chrome/18.0.1025.142 Safari/535.19"
85.17.88.169 - - [01/Apr/2012:16:15:49 -0700] "POST /blog/wp-cron.php?doing_wp_cron=1333321896 HTTP/1.0" 499 0 "-" "WordPress/3.3.1; http://yuvi.in/blog"
46.211.118.54 - - [01/Apr/2012:16:15:50 -0700] "GET /blog/belated-samsung-galaxy-3-review HTTP/1.1" 301 0 "-" "Mozilla/5.0 (compatible; MJ12bot/v1.4.2; http://www.majestic12.co.uk/bot.php?+)"
98.180.220.78 - - [01/Apr/2012:16:15:51 -0700] "GET / HTTP/1.1" 200 1430 "-" "Caffeinated/1.1.1 CFNetwork/520.3.2 Darwin/11.3.0 (x86_64) (MacBookPro8%2C1)"
98.180.220.78 - - [01/Apr/2012:16:15:51 -0700] "GET /favicon.ico HTTP/1.1" 404 142 "-" "Caffeinated/1.1.1 CFNetwork/520.3.2 Darwin/11.3.0 (x86_64) (MacBookPro8%2C1)"
85.17.88.169 - - [01/Apr/2012:16:15:53 -0700] "POST /blog/wp-cron.php?doing_wp_cron=1333321900 HTTP/1.0" 499 0 "-" "WordPress/3.3.1; http://yuvi.in/blog"
106.51.6.114 - - [01/Apr/2012:16:15:53 -0700] "GET /blog/wp-admin/images/white-grad-active.png HTTP/1.1" 499 0 "http://yuvi.in/blog/wp-admin/plugin-install.php" "Mozilla/5.0 (Macintosh; Intel Mac OS X 10_7_3) AppleWebKit/535.19 (KHTML, like Gecko) Chrome/18.0.1025.142 Safari/535.19"
46.211.118.54 - - [01/Apr/2012:16:15:53 -0700] "GET /blog/belated-samsung-galaxy-3-review/ HTTP/1.1" 200 6686 "-" "Mozilla/5.0 (compatible; MJ12bot/v1.4.2; http://www.majestic12.co.uk/bot.php?+)"
209.117.161.166 - - [01/Apr/2012:16:15:54 -0700] "GET /blog/devlog-december-10-2011/ HTTP/1.1" 200 16429 "-" "-"
85.17.88.169 - - [01/Apr/2012:16:15:55 -0700] "POST /blog/wp-cron.php?doing_wp_cron=1333321902 HTTP/1.0" 499 0 "-" "WordPress/3.3.1; http://yuvi.in/blog"
106.51.6.114 - - [01/Apr/2012:16:15:57 -0700] "GET /blog/wp-admin/plugin-install.php?tab=search&type=term&s=Syntax+highlight&plugin-search-input=Search+Plugins HTTP/1.1" 200 16619 "http://yuvi.in/blog/wp-admin/plugin-install.php" "Mozilla/5.0 (Macintosh; Intel Mac OS X 10_7_3) AppleWebKit/535.19 (KHTML, like Gecko) Chrome/18.0.1025.142 Safari/535.19"
106.51.6.114 - - [01/Apr/2012:16:15:58 -0700] "GET /blog/wp-admin/images/menu-bits.gif?ver=20100610 HTTP/1.1" 200 1139 "http://yuvi.in/blog/wp-admin/plugin-install.php?tab=search&type=term&s=Syntax+highlight&plugin-search-input=Search+Plugins" "Mozilla/5.0 (Macintosh; Intel Mac OS X 10_7_3) AppleWebKit/535.19 (KHTML, like Gecko) Chrome/18.0.1025.142 Safari/535.19"
106.51.6.114 - - [01/Apr/2012:16:15:58 -0700] "GET /blog/wp-admin/images/gray-star.png?v=20110615 HTTP/1.1" 200 625 "http://yuvi.in/blog/wp-admin/plugin-install.php?tab=search&type=term&s=Syntax+highlight&plugin-search-input=Search+Plugins" "Mozilla/5.0 (Macintosh; Intel Mac OS X 10_7_3) AppleWebKit/535.19 (KHTML, like Gecko) Chrome/18.0.1025.142 Safari/535.19"
106.51.6.114 - - [01/Apr/2012:16:15:59 -0700] "GET /favicon.ico HTTP/1.1" 404 199 "-" "Mozilla/5.0 (Macintosh; Intel Mac OS X 10_7_3) AppleWebKit/535.19 (KHTML, like Gecko) Chrome/18.0.1025.142 Safari/535.19"
85.17.88.169 - - [01/Apr/2012:16:16:08 -0700] "POST /blog/wp-cron.php?doing_wp_cron=1333321915 HTTP/1.0" 499 0 "-" "WordPress/3.3.1; http://yuvi.in/blog"
46.211.118.54 - - [01/Apr/2012:16:16:08 -0700] "GET /blog/devlog-april-2011 HTTP/1.1" 301 0 "-" "Mozilla/5.0 (compatible; MJ12bot/v1.4.2; http://www.majestic12.co.uk/bot.php?+)"
85.17.88.169 - - [01/Apr/2012:16:16:12 -0700] "POST /blog/wp-cron.php?doing_wp_cron=1333321919 HTTP/1.0" 499 0 "-" "WordPress/3.3.1; http://yuvi.in/blog"
46.211.118.54 - - [01/Apr/2012:16:16:13 -0700] "GET /blog/devlog-april-2011/ HTTP/1.1" 200 8022 "-" "Mozilla/5.0 (compatible; MJ12bot/v1.4.2; http://www.majestic12.co.uk/bot.php?+)"
85.17.88.169 - - [01/Apr/2012:16:16:22 -0700] "POST /blog/wp-cron.php?doing_wp_cron=1333321929 HTTP/1.0" 499 0 "-" "WordPress/3.3.1; http://yuvi.in/blog"
46.211.118.54 - - [01/Apr/2012:16:16:22 -0700] "GET /blog/devlog-feb-2011 HTTP/1.1" 301 0 "-" "Mozilla/5.0 (compatible; MJ12bot/v1.4.2; http://www.majestic12.co.uk/bot.php?+)"
85.17.88.169 - - [01/Apr/2012:16:16:26 -0700] "POST /blog/wp-cron.php?doing_wp_cron=1333321933 HTTP/1.0" 499 0 "-" "WordPress/3.3.1; http://yuvi.in/blog"
46.211.118.54 - - [01/Apr/2012:16:16:27 -0700] "GET /blog/devlog-feb-2011/ HTTP/1.1" 200 5354 "-" "Mozilla/5.0 (compatible; MJ12bot/v1.4.2; http://www.majestic12.co.uk/bot.php?+)"
85.17.88.169 - - [01/Apr/2012:16:16:33 -0700] "POST /blog/wp-cron.php?doing_wp_cron=1333321940 HTTP/1.0" 499 0 "-" "WordPress/3.3.1; http://yuvi.in/blog"
218.213.137.21 - - [01/Apr/2012:16:16:34 -0700] "GET /blog/tag/algorithm/feed/ HTTP/1.1" 200 2843 "-" "DoCoMo/2.0 P900i(c100;TB;W24H11) (compatible; ichiro/mobile goo; +http://search.goo.ne.jp/option/use/sub4/sub4-1/)"
46.211.118.54 - - [01/Apr/2012:16:16:34 -0700] "GET /blog/devlog-mar-2011 HTTP/1.1" 301 0 "-" "Mozilla/5.0 (compatible; MJ12bot/v1.4.2; http://www.majestic12.co.uk/bot.php?+)"
85.17.88.169 - - [01/Apr/2012:16:16:38 -0700] "POST /blog/wp-cron.php?doing_wp_cron=1333321945 HTTP/1.0" 499 0 "-" "WordPress/3.3.1; http://yuvi.in/blog"
46.211.118.54 - - [01/Apr/2012:16:16:39 -0700] "GET /blog/devlog-mar-2011/ HTTP/1.1" 200 5205 "-" "Mozilla/5.0 (compatible; MJ12bot/v1.4.2; http://www.majestic12.co.uk/bot.php?+)"
77.65.48.239 - - [01/Apr/2012:16:16:43 -0700] "GET /blog/ HTTP/1.0" 200 33162 "http://yuvi.in/blog/" "Mozilla/4.0 (compatible; MSIE 6.0; Windows NT 5.1; SV1; FunWebProducts; .NET CLR 1.1.4322; PeoplePal 6.2)"
98.180.220.78 - - [01/Apr/2012:16:16:49 -0700] "GET / HTTP/1.1" 200 1430 "-" "Caffeinated/1.1.1 CFNetwork/520.3.2 Darwin/11.3.0 (x86_64) (MacBookPro8%2C1)"
98.180.220.78 - - [01/Apr/2012:16:16:49 -0700] "GET /favicon.ico HTTP/1.1" 404 142 "-" "Caffeinated/1.1.1 CFNetwork/520.3.2 Darwin/11.3.0 (x86_64) (MacBookPro8%2C1)"
85.17.88.169 - - [01/Apr/2012:16:16:56 -0700] "POST /blog/wp-cron.php?doing_wp_cron=1333321963 HTTP/1.0" 499 0 "-" "WordPress/3.3.1; http://yuvi.in/blog"
46.211.118.54 - - [01/Apr/2012:16:16:56 -0700] "GET /blog/feed HTTP/1.1" 301 0 "-" "Mozilla/5.0 (compatible; MJ12bot/v1.4.2; http://www.majestic12.co.uk/bot.php?+)"
85.17.88.169 - - [01/Apr/2012:16:17:02 -0700] "POST /blog/wp-cron.php?doing_wp_cron=1333321969 HTTP/1.0" 499 0 "-" "WordPress/3.3.1; http://yuvi.in/blog"
46.211.118.54 - - [01/Apr/2012:16:17:03 -0700] "GET /blog/feed/ HTTP/1.1" 200 21722 "-" "Mozilla/5.0 (compatible; MJ12bot/v1.4.2; http://www.majestic12.co.uk/bot.php?+)"
98.180.220.78 - - [01/Apr/2012:16:17:17 -0700] "GET / HTTP/1.1" 200 1430 "-" "Caffeinated/1.1.1 CFNetwork/520.3.2 Darwin/11.3.0 (x86_64) (MacBookPro8%2C1)"
98.180.220.78 - - [01/Apr/2012:16:17:17 -0700] "GET /favicon.ico HTTP/1.1" 404 142 "-" "Caffeinated/1.1.1 CFNetwork/520.3.2 Darwin/11.3.0 (x86_64) (MacBookPro8%2C1)"
85.17.88.169 - - [01/Apr/2012:16:17:30 -0700] "POST /blog/wp-cron.php?doing_wp_cron=1333321997 HTTP/1.0" 499 0 "-" "WordPress/3.3.1; http://yuvi.in/blog"
46.211.118.54 - - [01/Apr/2012:16:17:30 -0700] "GET /blog/feed/atom HTTP/1.1" 301 0 "-" "Mozilla/5.0 (compatible; MJ12bot/v1.4.2; http://www.majestic12.co.uk/bot.php?+)"
85.17.88.169 - - [01/Apr/2012:16:17:36 -0700] "POST /blog/wp-cron.php?doing_wp_cron=1333322002 HTTP/1.0" 499 0 "-" "WordPress/3.3.1; http://yuvi.in/blog"
46.211.118.54 - - [01/Apr/2012:16:17:36 -0700] "GET /blog/feed/atom/ HTTP/1.1" 200 24100 "-" "Mozilla/5.0 (compatible; MJ12bot/v1.4.2; http://www.majestic12.co.uk/bot.php?+)"
85.17.88.169 - - [01/Apr/2012:16:17:41 -0700] "POST /blog/wp-cron.php?doing_wp_cron=1333322007 HTTP/1.0" 499 0 "-" "WordPress/3.3.1; http://yuvi.in/blog"
46.211.118.54 - - [01/Apr/2012:16:17:41 -0700] "GET /blog/hello-world-again HTTP/1.1" 301 0 "-" "Mozilla/5.0 (compatible; MJ12bot/v1.4.2; http://www.majestic12.co.uk/bot.php?+)"
85.17.88.169 - - [01/Apr/2012:16:17:45 -0700] "POST /blog/wp-cron.php?doing_wp_cron=1333322012 HTTP/1.0" 499 0 "-" "WordPress/3.3.1; http://yuvi.in/blog"
46.211.118.54 - - [01/Apr/2012:16:17:46 -0700] "GET /blog/hello-world-again/ HTTP/1.1" 200 5651 "-" "Mozilla/5.0 (compatible; MJ12bot/v1.4.2; http://www.majestic12.co.uk/bot.php?+)"
85.17.88.169 - - [01/Apr/2012:16:17:49 -0700] "POST /blog/wp-cron.php?doing_wp_cron=1333322016 HTTP/1.0" 499 0 "-" "WordPress/3.3.1; http://yuvi.in/blog"
46.211.118.54 - - [01/Apr/2012:16:17:50 -0700] "GET /blog/infosys-tcs-or-wipro-none HTTP/1.1" 301 0 "-" "Mozilla/5.0 (compatible; MJ12bot/v1.4.2; http://www.majestic12.co.uk/bot.php?+)"
85.17.88.169 - - [01/Apr/2012:16:17:54 -0700] "POST /blog/wp-cron.php?doing_wp_cron=1333322021 HTTP/1.0" 499 0 "-" "WordPress/3.3.1; http://yuvi.in/blog"
46.211.118.54 - - [01/Apr/2012:16:17:54 -0700] "GET /blog/infosys-tcs-or-wipro-none/ HTTP/1.1" 200 7774 "-" "Mozilla/5.0 (compatible; MJ12bot/v1.4.2; http://www.majestic12.co.uk/bot.php?+)"
85.17.88.169 - - [01/Apr/2012:16:18:10 -0700] "POST /blog/wp-cron.php?doing_wp_cron=1333322037 HTTP/1.0" 499 0 "-" "WordPress/3.3.1; http://yuvi.in/blog"
46.211.118.54 - - [01/Apr/2012:16:18:10 -0700] "GET /blog/moving-back-to-wordpress HTTP/1.1" 301 0 "-" "Mozilla/5.0 (compatible; MJ12bot/v1.4.2; http://www.majestic12.co.uk/bot.php?+)"
85.17.88.169 - - [01/Apr/2012:16:18:15 -0700] "POST /blog/wp-cron.php?doing_wp_cron=1333322042 HTTP/1.0" 499 0 "-" "WordPress/3.3.1; http://yuvi.in/blog"
46.211.118.54 - - [01/Apr/2012:16:18:15 -0700] "GET /blog/moving-back-to-wordpress/ HTTP/1.1" 200 4956 "-" "Mozilla/5.0 (compatible; MJ12bot/v1.4.2; http://www.majestic12.co.uk/bot.php?+)"
98.180.220.78 - - [01/Apr/2012:16:18:17 -0700] "GET / HTTP/1.1" 200 1430 "-" "Caffeinated/1.1.1 CFNetwork/520.3.2 Darwin/11.3.0 (x86_64) (MacBookPro8%2C1)"
98.180.220.78 - - [01/Apr/2012:16:18:17 -0700] "GET /favicon.ico HTTP/1.1" 404 142 "-" "Caffeinated/1.1.1 CFNetwork/520.3.2 Darwin/11.3.0 (x86_64) (MacBookPro8%2C1)"
85.17.88.169 - - [01/Apr/2012:16:18:27 -0700] "POST /blog/wp-cron.php?doing_wp_cron=1333322054 HTTP/1.0" 499 0 "-" "WordPress/3.3.1; http://yuvi.in/blog"
46.211.118.54 - - [01/Apr/2012:16:18:28 -0700] "GET /blog/my-new-canon-550d-from-flipkart HTTP/1.1" 301 0 "-" "Mozilla/5.0 (compatible; MJ12bot/v1.4.2; http://www.majestic12.co.uk/bot.php?+)"
85.17.88.169 - - [01/Apr/2012:16:18:32 -0700] "POST /blog/wp-cron.php?doing_wp_cron=1333322058 HTTP/1.0" 499 0 "-" "WordPress/3.3.1; http://yuvi.in/blog"
46.211.118.54 - - [01/Apr/2012:16:18:32 -0700] "GET /blog/my-new-canon-550d-from-flipkart/ HTTP/1.1" 200 5495 "-" "Mozilla/5.0 (compatible; MJ12bot/v1.4.2; http://www.majestic12.co.uk/bot.php?+)"
46.211.118.54 - - [01/Apr/2012:16:18:35 -0700] "GET /blog/oldindex.html HTTP/1.1" 200 15357 "-" "Mozilla/5.0 (compatible; MJ12bot/v1.4.2; http://www.majestic12.co.uk/bot.php?+)"
85.17.88.169 - - [01/Apr/2012:16:18:40 -0700] "POST /blog/wp-cron.php?doing_wp_cron=1333322067 HTTP/1.0" 499 0 "-" "WordPress/3.3.1; http://yuvi.in/blog"
46.211.118.54 - - [01/Apr/2012:16:18:41 -0700] "GET /blog/orwell-and-huxley HTTP/1.1" 301 0 "-" "Mozilla/5.0 (compatible; MJ12bot/v1.4.2; http://www.majestic12.co.uk/bot.php?+)"
85.17.88.169 - - [01/Apr/2012:16:18:44 -0700] "POST /blog/wp-cron.php?doing_wp_cron=1333322071 HTTP/1.0" 499 0 "-" "WordPress/3.3.1; http://yuvi.in/blog"
46.211.118.54 - - [01/Apr/2012:16:18:44 -0700] "GET /blog/orwell-and-huxley/ HTTP/1.1" 200 4462 "-" "Mozilla/5.0 (compatible; MJ12bot/v1.4.2; http://www.majestic12.co.uk/bot.php?+)"
98.180.220.78 - - [01/Apr/2012:16:18:46 -0700] "GET / HTTP/1.1" 200 1430 "-" "Caffeinated/1.1.1 CFNetwork/520.3.2 Darwin/11.3.0 (x86_64) (MacBookPro8%2C1)"
98.180.220.78 - - [01/Apr/2012:16:18:46 -0700] "GET /favicon.ico HTTP/1.1" 404 142 "-" "Caffeinated/1.1.1 CFNetwork/520.3.2 Darwin/11.3.0 (x86_64) (MacBookPro8%2C1)"
46.211.118.54 - - [01/Apr/2012:16:18:53 -0700] "GET /blog/orwell-and-huxley.html HTTP/1.1" 200 2263 "-" "Mozilla/5.0 (compatible; MJ12bot/v1.4.2; http://www.majestic12.co.uk/bot.php?+)"
85.17.88.169 - - [01/Apr/2012:16:18:58 -0700] "POST /blog/wp-cron.php?doing_wp_cron=1333322085 HTTP/1.0" 499 0 "-" "WordPress/3.3.1; http://yuvi.in/blog"
46.211.118.54 - - [01/Apr/2012:16:18:58 -0700] "GET /blog/page/2 HTTP/1.1" 301 0 "-" "Mozilla/5.0 (compatible; MJ12bot/v1.4.2; http://www.majestic12.co.uk/bot.php?+)"
85.17.88.169 - - [01/Apr/2012:16:19:02 -0700] "POST /blog/wp-cron.php?doing_wp_cron=1333322089 HTTP/1.0" 499 0 "-" "WordPress/3.3.1; http://yuvi.in/blog"
46.211.118.54 - - [01/Apr/2012:16:19:03 -0700] "GET /blog/page/2/ HTTP/1.1" 200 26316 "-" "Mozilla/5.0 (compatible; MJ12bot/v1.4.2; http://www.majestic12.co.uk/bot.php?+)"
85.17.88.169 - - [01/Apr/2012:16:19:17 -0700] "POST /blog/wp-cron.php?doing_wp_cron=1333322104 HTTP/1.0" 499 0 "-" "WordPress/3.3.1; http://yuvi.in/blog"
46.211.118.54 - - [01/Apr/2012:16:19:17 -0700] "GET /blog/sicp-and-brainfuck HTTP/1.1" 301 0 "-" "Mozilla/5.0 (compatible; MJ12bot/v1.4.2; http://www.majestic12.co.uk/bot.php?+)"
85.17.88.169 - - [01/Apr/2012:16:19:21 -0700] "POST /blog/wp-cron.php?doing_wp_cron=1333322108 HTTP/1.0" 499 0 "-" "WordPress/3.3.1; http://yuvi.in/blog"
46.211.118.54 - - [01/Apr/2012:16:19:21 -0700] "GET /blog/sicp-and-brainfuck/ HTTP/1.1" 200 4736 "-" "Mozilla/5.0 (compatible; MJ12bot/v1.4.2; http://www.majestic12.co.uk/bot.php?+)"
85.17.88.169 - - [01/Apr/2012:16:19:31 -0700] "POST /blog/wp-cron.php?doing_wp_cron=1333322117 HTTP/1.0" 499 0 "-" "WordPress/3.3.1; http://yuvi.in/blog"
46.211.118.54 - - [01/Apr/2012:16:19:31 -0700] "GET /blog/six-years-of-blogging-and-eleven-years-of-coding HTTP/1.1" 301 0 "-" "Mozilla/5.0 (compatible; MJ12bot/v1.4.2; http://www.majestic12.co.uk/bot.php?+)"
85.17.88.169 - - [01/Apr/2012:16:19:36 -0700] "POST /blog/wp-cron.php?doing_wp_cron=1333322123 HTTP/1.0" 499 0 "-" "WordPress/3.3.1; http://yuvi.in/blog"
46.211.118.54 - - [01/Apr/2012:16:19:37 -0700] "GET /blog/six-years-of-blogging-and-eleven-years-of-coding/ HTTP/1.1" 200 4680 "-" "Mozilla/5.0 (compatible; MJ12bot/v1.4.2; http://www.majestic12.co.uk/bot.php?+)"
98.180.220.78 - - [01/Apr/2012:16:19:47 -0700] "GET / HTTP/1.1" 200 1430 "-" "Caffeinated/1.1.1 CFNetwork/520.3.2 Darwin/11.3.0 (x86_64) (MacBookPro8%2C1)"
98.180.220.78 - - [01/Apr/2012:16:19:47 -0700] "GET /favicon.ico HTTP/1.1" 404 142 "-" "Caffeinated/1.1.1 CFNetwork/520.3.2 Darwin/11.3.0 (x86_64) (MacBookPro8%2C1)"
98.180.220.78 - - [01/Apr/2012:16:20:15 -0700] "GET / HTTP/1.1" 200 1430 "-" "Caffeinated/1.1.1 CFNetwork/520.3.2 Darwin/11.3.0 (x86_64) (MacBookPro8%2C1)"
98.180.220.78 - - [01/Apr/2012:16:20:15 -0700] "GET /favicon.ico HTTP/1.1" 404 142 "-" "Caffeinated/1.1.1 CFNetwork/520.3.2 Darwin/11.3.0 (x86_64) (MacBookPro8%2C1)"
209.117.161.166 - - [01/Apr/2012:16:21:08 -0700] "GET /b%0D%0A1286%0D%0Alog/tag/sick/ HTTP/1.1" 404 169 "-" "-"
98.180.220.78 - - [01/Apr/2012:16:21:14 -0700] "GET / HTTP/1.1" 200 1430 "-" "Caffeinated/1.1.1 CFNetwork/520.3.2 Darwin/11.3.0 (x86_64) (MacBookPro8%2C1)"
98.180.220.78 - - [01/Apr/2012:16:21:14 -0700] "GET /favicon.ico HTTP/1.1" 404 142 "-" "Caffeinated/1.1.1 CFNetwork/520.3.2 Darwin/11.3.0 (x86_64) (MacBookPro8%2C1)"
85.17.88.169 - - [01/Apr/2012:16:21:18 -0700] "POST /blog/wp-cron.php?doing_wp_cron=1333322225 HTTP/1.0" 499 0 "-" "WordPress/3.3.1; http://yuvi.in/blog"
66.249.73.27 - - [01/Apr/2012:16:21:19 -0700] "GET /blog/my-vimrc/ HTTP/1.1" 200 4448 "-" "Mozilla/5.0 (compatible; Googlebot/2.1; +http://www.google.com/bot.html)"
98.180.220.78 - - [01/Apr/2012:16:21:41 -0700] "GET / HTTP/1.1" 200 1430 "-" "Caffeinated/1.1.1 CFNetwork/520.3.2 Darwin/11.3.0 (x86_64) (MacBookPro8%2C1)"
98.180.220.78 - - [01/Apr/2012:16:21:41 -0700] "GET /favicon.ico HTTP/1.1" 404 142 "-" "Caffeinated/1.1.1 CFNetwork/520.3.2 Darwin/11.3.0 (x86_64) (MacBookPro8%2C1)"
98.180.220.78 - - [01/Apr/2012:16:22:40 -0700] "GET / HTTP/1.1" 200 1430 "-" "Caffeinated/1.1.1 CFNetwork/520.3.2 Darwin/11.3.0 (x86_64) (MacBookPro8%2C1)"
98.180.220.78 - - [01/Apr/2012:16:22:41 -0700] "GET /favicon.ico HTTP/1.1" 404 142 "-" "Caffeinated/1.1.1 CFNetwork/520.3.2 Darwin/11.3.0 (x86_64) (MacBookPro8%2C1)"
209.85.224.96 - - [01/Apr/2012:16:22:52 -0700] "GET /stories/feed HTTP/1.1" 200 13653 "-" "FeedBurner/1.0 (http://www.FeedBurner.com)"
98.180.220.78 - - [01/Apr/2012:16:23:08 -0700] "GET / HTTP/1.1" 200 1430 "-" "Caffeinated/1.1.1 CFNetwork/520.3.2 Darwin/11.3.0 (x86_64) (MacBookPro8%2C1)"
98.180.220.78 - - [01/Apr/2012:16:23:09 -0700] "GET /favicon.ico HTTP/1.1" 404 142 "-" "Caffeinated/1.1.1 CFNetwork/520.3.2 Darwin/11.3.0 (x86_64) (MacBookPro8%2C1)"
98.180.220.78 - - [01/Apr/2012:16:24:08 -0700] "GET / HTTP/1.1" 200 1430 "-" "Caffeinated/1.1.1 CFNetwork/520.3.2 Darwin/11.3.0 (x86_64) (MacBookPro8%2C1)"
98.180.220.78 - - [01/Apr/2012:16:24:08 -0700] "GET /favicon.ico HTTP/1.1" 404 142 "-" "Caffeinated/1.1.1 CFNetwork/520.3.2 Darwin/11.3.0 (x86_64) (MacBookPro8%2C1)"
98.180.220.78 - - [01/Apr/2012:16:24:35 -0700] "GET / HTTP/1.1" 200 1430 "-" "Caffeinated/1.1.1 CFNetwork/520.3.2 Darwin/11.3.0 (x86_64) (MacBookPro8%2C1)"
98.180.220.78 - - [01/Apr/2012:16:24:35 -0700] "GET /favicon.ico HTTP/1.1" 404 142 "-" "Caffeinated/1.1.1 CFNetwork/520.3.2 Darwin/11.3.0 (x86_64) (MacBookPro8%2C1)"
98.180.220.78 - - [01/Apr/2012:16:25:36 -0700] "GET / HTTP/1.1" 200 1430 "-" "Caffeinated/1.1.1 CFNetwork/520.3.2 Darwin/11.3.0 (x86_64) (MacBookPro8%2C1)"
