85.17.88.169 - - [03/Apr/2012:15:40:58 -0700] "POST /blog/wp-cron.php?doing_wp_cron=1333492589 HTTP/1.0" 499 0 "-" "WordPress/3.3.1; http://yuvi.in/blog"
23.20.191.34 - - [03/Apr/2012:15:40:58 -0700] "GET /blog/2012/01 HTTP/1.1" 301 0 "" "GSLFbot"
85.17.88.169 - - [03/Apr/2012:15:41:00 -0700] "POST /blog/wp-cron.php?doing_wp_cron=1333492591 HTTP/1.0" 499 0 "-" "WordPress/3.3.1; http://yuvi.in/blog"
23.20.191.34 - - [03/Apr/2012:15:41:01 -0700] "GET /blog/2012/01/ HTTP/1.1" 200 6404 "" "GSLFbot"
85.17.88.169 - - [03/Apr/2012:15:41:04 -0700] "POST /blog/wp-cron.php?doing_wp_cron=1333492595 HTTP/1.0" 499 0 "-" "WordPress/3.3.1; http://yuvi.in/blog"
23.20.191.34 - - [03/Apr/2012:15:41:04 -0700] "GET /blog/2011/12 HTTP/1.1" 301 0 "" "GSLFbot"
85.17.88.169 - - [03/Apr/2012:15:41:06 -0700] "POST /blog/wp-cron.php?doing_wp_cron=1333492597 HTTP/1.0" 499 0 "-" "WordPress/3.3.1; http://yuvi.in/blog"
23.20.191.34 - - [03/Apr/2012:15:41:06 -0700] "GET /blog/2011/12/ HTTP/1.1" 200 13429 "" "GSLFbot"
85.17.88.169 - - [03/Apr/2012:15:41:10 -0700] "POST /blog/wp-cron.php?doing_wp_cron=1333492601 HTTP/1.0" 499 0 "-" "WordPress/3.3.1; http://yuvi.in/blog"
23.20.191.34 - - [03/Apr/2012:15:41:10 -0700] "GET /blog/2011/11 HTTP/1.1" 301 0 "" "GSLFbot"
23.20.191.34 - - [03/Apr/2012:15:41:11 -0700] "GET /blog/2011/11/ HTTP/1.1" 200 4533 "" "GSLFbot"
85.17.88.169 - - [03/Apr/2012:15:41:11 -0700] "POST /blog/wp-cron.php?doing_wp_cron=1333492602 HTTP/1.0" 499 0 "-" "WordPress/3.3.1; http://yuvi.in/blog"
209.85.238.244 - - [03/Apr/2012:15:41:11 -0700] "GET /blog/feed HTTP/1.1" 301 0 "-" "Feedfetcher-Google; (+http://www.google.com/feedfetcher.html; 3 subscribers; feed-id=17684830852112633560)"
85.17.88.169 - - [03/Apr/2012:15:41:13 -0700] "POST /blog/wp-cron.php?doing_wp_cron=1333492604 HTTP/1.0" 499 0 "-" "WordPress/3.3.1; http://yuvi.in/blog"
23.20.191.34 - - [03/Apr/2012:15:41:13 -0700] "GET /blog/2011/10 HTTP/1.1" 301 0 "" "GSLFbot"
209.85.238.244 - - [03/Apr/2012:15:41:14 -0700] "GET /blog/feed/ HTTP/1.1" 304 0 "-" "Feedfetcher-Google; (+http://www.google.com/feedfetcher.html; 3 subscribers; feed-id=17684830852112633560)"
85.17.88.169 - - [03/Apr/2012:15:41:15 -0700] "POST /blog/wp-cron.php?doing_wp_cron=1333492606 HTTP/1.0" 499 0 "-" "WordPress/3.3.1; http://yuvi.in/blog"
23.20.191.34 - - [03/Apr/2012:15:41:16 -0700] "GET /blog/2011/10/ HTTP/1.1" 200 4827 "" "GSLFbot"
98.180.220.78 - - [03/Apr/2012:15:41:17 -0700] "GET / HTTP/1.1" 200 1430 "-" "Caffeinated/1.1.1 CFNetwork/520.3.2 Darwin/11.3.0 (x86_64) (MacBookPro8%2C1)"
98.180.220.78 - - [03/Apr/2012:15:41:17 -0700] "GET /favicon.ico HTTP/1.1" 404 142 "-" "Caffeinated/1.1.1 CFNetwork/520.3.2 Darwin/11.3.0 (x86_64) (MacBookPro8%2C1)"
85.17.88.169 - - [03/Apr/2012:15:41:19 -0700] "POST /blog/wp-cron.php?doing_wp_cron=1333492610 HTTP/1.0" 499 0 "-" "WordPress/3.3.1; http://yuvi.in/blog"
23.20.191.34 - - [03/Apr/2012:15:41:19 -0700] "GET /blog/2011/08 HTTP/1.1" 301 0 "" "GSLFbot"
85.17.88.169 - - [03/Apr/2012:15:41:21 -0700] "POST /blog/wp-cron.php?doing_wp_cron=1333492612 HTTP/1.0" 499 0 "-" "WordPress/3.3.1; http://yuvi.in/blog"
23.20.191.34 - - [03/Apr/2012:15:41:22 -0700] "GET /blog/2011/08/ HTTP/1.1" 200 18168 "" "GSLFbot"
85.17.88.169 - - [03/Apr/2012:15:41:25 -0700] "POST /blog/wp-cron.php?doing_wp_cron=1333492616 HTTP/1.0" 499 0 "-" "WordPress/3.3.1; http://yuvi.in/blog"
23.20.191.34 - - [03/Apr/2012:15:41:25 -0700] "GET /blog/2011/07 HTTP/1.1" 301 0 "" "GSLFbot"
85.17.88.169 - - [03/Apr/2012:15:41:27 -0700] "POST /blog/wp-cron.php?doing_wp_cron=1333492618 HTTP/1.0" 499 0 "-" "WordPress/3.3.1; http://yuvi.in/blog"
23.20.191.34 - - [03/Apr/2012:15:41:28 -0700] "GET /blog/2011/07/ HTTP/1.1" 200 3882 "" "GSLFbot"
85.17.88.169 - - [03/Apr/2012:15:41:30 -0700] "POST /blog/wp-cron.php?doing_wp_cron=1333492622 HTTP/1.0" 499 0 "-" "WordPress/3.3.1; http://yuvi.in/blog"
23.20.191.34 - - [03/Apr/2012:15:41:31 -0700] "GET /blog/2011/06 HTTP/1.1" 301 0 "" "GSLFbot"
85.17.88.169 - - [03/Apr/2012:15:41:33 -0700] "POST /blog/wp-cron.php?doing_wp_cron=1333492624 HTTP/1.0" 499 0 "-" "WordPress/3.3.1; http://yuvi.in/blog"
23.20.191.34 - - [03/Apr/2012:15:41:33 -0700] "GET /blog/2011/06/ HTTP/1.1" 200 19745 "" "GSLFbot"
85.17.88.169 - - [03/Apr/2012:15:41:37 -0700] "POST /blog/wp-cron.php?doing_wp_cron=1333492628 HTTP/1.0" 499 0 "-" "WordPress/3.3.1; http://yuvi.in/blog"
23.20.191.34 - - [03/Apr/2012:15:41:37 -0700] "GET /blog/2011/05 HTTP/1.1" 301 0 "" "GSLFbot"
85.17.88.169 - - [03/Apr/2012:15:41:39 -0700] "POST /blog/wp-cron.php?doing_wp_cron=1333492630 HTTP/1.0" 499 0 "-" "WordPress/3.3.1; http://yuvi.in/blog"
23.20.191.34 - - [03/Apr/2012:15:41:39 -0700] "GET /blog/2011/05/ HTTP/1.1" 200 8920 "" "GSLFbot"
94.228.34.209 - - [03/Apr/2012:15:41:41 -0700] "GET /robots.txt HTTP/1.1" 404 142 "-" "magpie-crawler/1.1 (U; Linux amd64; en-GB; +http://www.brandwatch.net)"
94.228.34.209 - - [03/Apr/2012:15:41:42 -0700] "GET /blog/serendipity.html HTTP/1.1" 304 0 "-" "magpie-crawler/1.1 (U; Linux amd64; en-GB; +http://www.brandwatch.net)"
85.17.88.169 - - [03/Apr/2012:15:41:42 -0700] "POST /blog/wp-cron.php?doing_wp_cron=1333492634 HTTP/1.0" 499 0 "-" "WordPress/3.3.1; http://yuvi.in/blog"
23.20.191.34 - - [03/Apr/2012:15:41:43 -0700] "GET /blog/2011/04 HTTP/1.1" 301 0 "" "GSLFbot"
85.17.88.169 - - [03/Apr/2012:15:41:45 -0700] "POST /blog/wp-cron.php?doing_wp_cron=1333492636 HTTP/1.0" 499 0 "-" "WordPress/3.3.1; http://yuvi.in/blog"
23.20.191.34 - - [03/Apr/2012:15:41:45 -0700] "GET /blog/2011/04/ HTTP/1.1" 200 6200 "" "GSLFbot"
85.17.88.169 - - [03/Apr/2012:15:41:48 -0700] "POST /blog/wp-cron.php?doing_wp_cron=1333492639 HTTP/1.0" 499 0 "-" "WordPress/3.3.1; http://yuvi.in/blog"
23.20.191.34 - - [03/Apr/2012:15:41:49 -0700] "GET /blog/2011/02 HTTP/1.1" 301 0 "" "GSLFbot"
85.17.88.169 - - [03/Apr/2012:15:41:51 -0700] "POST /blog/wp-cron.php?doing_wp_cron=1333492642 HTTP/1.0" 499 0 "-" "WordPress/3.3.1; http://yuvi.in/blog"
23.20.191.34 - - [03/Apr/2012:15:41:51 -0700] "GET /blog/2011/02/ HTTP/1.1" 200 6450 "" "GSLFbot"
85.17.88.169 - - [03/Apr/2012:15:41:54 -0700] "POST /blog/wp-cron.php?doing_wp_cron=1333492645 HTTP/1.0" 499 0 "-" "WordPress/3.3.1; http://yuvi.in/blog"
23.20.191.34 - - [03/Apr/2012:15:41:55 -0700] "GET /blog/2011/01 HTTP/1.1" 301 0 "" "GSLFbot"
85.17.88.169 - - [03/Apr/2012:15:41:56 -0700] "POST /blog/wp-cron.php?doing_wp_cron=1333492648 HTTP/1.0" 499 0 "-" "WordPress/3.3.1; http://yuvi.in/blog"
23.20.191.34 - - [03/Apr/2012:15:41:57 -0700] "GET /blog/2011/01/ HTTP/1.1" 200 7831 "" "GSLFbot"
98.180.220.78 - - [03/Apr/2012:15:41:58 -0700] "GET / HTTP/1.1" 200 1430 "-" "Caffeinated/1.1.1 CFNetwork/520.3.2 Darwin/11.3.0 (x86_64) (MacBookPro8%2C1)"
98.180.220.78 - - [03/Apr/2012:15:41:58 -0700] "GET /favicon.ico HTTP/1.1" 404 142 "-" "Caffeinated/1.1.1 CFNetwork/520.3.2 Darwin/11.3.0 (x86_64) (MacBookPro8%2C1)"
85.17.88.169 - - [03/Apr/2012:15:42:00 -0700] "POST /blog/wp-cron.php?doing_wp_cron=1333492651 HTTP/1.0" 499 0 "-" "WordPress/3.3.1; http://yuvi.in/blog"
23.20.191.34 - - [03/Apr/2012:15:42:00 -0700] "GET /blog/2010/12 HTTP/1.1" 301 0 "" "GSLFbot"
85.17.88.169 - - [03/Apr/2012:15:42:02 -0700] "POST /blog/wp-cron.php?doing_wp_cron=1333492653 HTTP/1.0" 499 0 "-" "WordPress/3.3.1; http://yuvi.in/blog"
23.20.191.34 - - [03/Apr/2012:15:42:03 -0700] "GET /blog/2010/12/ HTTP/1.1" 200 6270 "" "GSLFbot"
85.17.88.169 - - [03/Apr/2012:15:42:06 -0700] "POST /blog/wp-cron.php?doing_wp_cron=1333492657 HTTP/1.0" 499 0 "-" "WordPress/3.3.1; http://yuvi.in/blog"
23.20.191.34 - - [03/Apr/2012:15:42:06 -0700] "GET /blog/2010/11 HTTP/1.1" 301 0 "" "GSLFbot"
85.17.88.169 - - [03/Apr/2012:15:42:08 -0700] "POST /blog/wp-cron.php?doing_wp_cron=1333492659 HTTP/1.0" 499 0 "-" "WordPress/3.3.1; http://yuvi.in/blog"
23.20.191.34 - - [03/Apr/2012:15:42:09 -0700] "GET /blog/2010/11/ HTTP/1.1" 200 4731 "" "GSLFbot"
85.17.88.169 - - [03/Apr/2012:15:42:12 -0700] "POST /blog/wp-cron.php?doing_wp_cron=1333492663 HTTP/1.0" 499 0 "-" "WordPress/3.3.1; http://yuvi.in/blog"
23.20.191.34 - - [03/Apr/2012:15:42:12 -0700] "GET /blog/2010/10 HTTP/1.1" 301 0 "" "GSLFbot"
85.17.88.169 - - [03/Apr/2012:15:42:14 -0700] "POST /blog/wp-cron.php?doing_wp_cron=1333492665 HTTP/1.0" 499 0 "-" "WordPress/3.3.1; http://yuvi.in/blog"
23.20.191.34 - - [03/Apr/2012:15:42:14 -0700] "GET /blog/2010/10/ HTTP/1.1" 200 4116 "" "GSLFbot"
85.17.88.169 - - [03/Apr/2012:15:42:17 -0700] "POST /blog/wp-cron.php?doing_wp_cron=1333492668 HTTP/1.0" 499 0 "-" "WordPress/3.3.1; http://yuvi.in/blog"
23.20.191.34 - - [03/Apr/2012:15:42:18 -0700] "GET /blog/2010/09 HTTP/1.1" 301 0 "" "GSLFbot"
85.17.88.169 - - [03/Apr/2012:15:42:20 -0700] "POST /blog/wp-cron.php?doing_wp_cron=1333492671 HTTP/1.0" 499 0 "-" "WordPress/3.3.1; http://yuvi.in/blog"
23.20.191.34 - - [03/Apr/2012:15:42:20 -0700] "GET /blog/2010/09/ HTTP/1.1" 200 6900 "" "GSLFbot"
85.17.88.169 - - [03/Apr/2012:15:42:23 -0700] "POST /blog/wp-cron.php?doing_wp_cron=1333492674 HTTP/1.0" 499 0 "-" "WordPress/3.3.1; http://yuvi.in/blog"
23.20.191.34 - - [03/Apr/2012:15:42:24 -0700] "GET /blog/2010/08 HTTP/1.1" 301 0 "" "GSLFbot"
23.20.191.34 - - [03/Apr/2012:15:42:24 -0700] "GET /blog/2010/08/ HTTP/1.1" 200 5502 "" "GSLFbot"
85.17.88.169 - - [03/Apr/2012:15:42:27 -0700] "POST /blog/wp-cron.php?doing_wp_cron=1333492678 HTTP/1.0" 499 0 "-" "WordPress/3.3.1; http://yuvi.in/blog"
23.20.191.34 - - [03/Apr/2012:15:42:28 -0700] "GET /blog/2010/07 HTTP/1.1" 301 0 "" "GSLFbot"
85.17.88.169 - - [03/Apr/2012:15:42:29 -0700] "POST /blog/wp-cron.php?doing_wp_cron=1333492681 HTTP/1.0" 499 0 "-" "WordPress/3.3.1; http://yuvi.in/blog"
23.20.191.34 - - [03/Apr/2012:15:42:30 -0700] "GET /blog/2010/07/ HTTP/1.1" 200 9215 "" "GSLFbot"
85.17.88.169 - - [03/Apr/2012:15:42:33 -0700] "POST /blog/wp-cron.php?doing_wp_cron=1333492684 HTTP/1.0" 499 0 "-" "WordPress/3.3.1; http://yuvi.in/blog"
23.20.191.34 - - [03/Apr/2012:15:42:33 -0700] "GET /blog/2010/06 HTTP/1.1" 301 0 "" "GSLFbot"
85.17.88.169 - - [03/Apr/2012:15:42:35 -0700] "POST /blog/wp-cron.php?doing_wp_cron=1333492686 HTTP/1.0" 499 0 "-" "WordPress/3.3.1; http://yuvi.in/blog"
23.20.191.34 - - [03/Apr/2012:15:42:36 -0700] "GET /blog/2010/06/ HTTP/1.1" 200 5809 "" "GSLFbot"
85.17.88.169 - - [03/Apr/2012:15:42:39 -0700] "POST /blog/wp-cron.php?doing_wp_cron=1333492690 HTTP/1.0" 499 0 "-" "WordPress/3.3.1; http://yuvi.in/blog"
23.20.191.34 - - [03/Apr/2012:15:42:39 -0700] "GET /blog/2010/05 HTTP/1.1" 301 0 "" "GSLFbot"
85.17.88.169 - - [03/Apr/2012:15:42:41 -0700] "POST /blog/wp-cron.php?doing_wp_cron=1333492692 HTTP/1.0" 499 0 "-" "WordPress/3.3.1; http://yuvi.in/blog"
23.20.191.34 - - [03/Apr/2012:15:42:42 -0700] "GET /blog/2010/05/ HTTP/1.1" 200 9422 "" "GSLFbot"
85.17.88.169 - - [03/Apr/2012:15:42:45 -0700] "POST /blog/wp-cron.php?doing_wp_cron=1333492696 HTTP/1.0" 499 0 "-" "WordPress/3.3.1; http://yuvi.in/blog"
23.20.191.34 - - [03/Apr/2012:15:42:45 -0700] "GET /blog/2010/04 HTTP/1.1" 301 0 "" "GSLFbot"
85.17.88.169 - - [03/Apr/2012:15:42:47 -0700] "POST /blog/wp-cron.php?doing_wp_cron=1333492698 HTTP/1.0" 499 0 "-" "WordPress/3.3.1; http://yuvi.in/blog"
23.20.191.34 - - [03/Apr/2012:15:42:48 -0700] "GET /blog/2010/04/ HTTP/1.1" 200 7656 "" "GSLFbot"
85.17.88.169 - - [03/Apr/2012:15:42:51 -0700] "POST /blog/wp-cron.php?doing_wp_cron=1333492702 HTTP/1.0" 499 0 "-" "WordPress/3.3.1; http://yuvi.in/blog"
23.20.191.34 - - [03/Apr/2012:15:42:51 -0700] "GET /blog/2010/03 HTTP/1.1" 301 0 "" "GSLFbot"
85.17.88.169 - - [03/Apr/2012:15:42:53 -0700] "POST /blog/wp-cron.php?doing_wp_cron=1333492704 HTTP/1.0" 499 0 "-" "WordPress/3.3.1; http://yuvi.in/blog"
23.20.191.34 - - [03/Apr/2012:15:42:53 -0700] "GET /blog/2010/03/ HTTP/1.1" 200 7208 "" "GSLFbot"
85.17.88.169 - - [03/Apr/2012:15:42:57 -0700] "POST /blog/wp-cron.php?doing_wp_cron=1333492708 HTTP/1.0" 499 0 "-" "WordPress/3.3.1; http://yuvi.in/blog"
23.20.191.34 - - [03/Apr/2012:15:42:57 -0700] "GET /blog/2010/01 HTTP/1.1" 301 0 "" "GSLFbot"
98.180.220.78 - - [03/Apr/2012:15:42:58 -0700] "GET / HTTP/1.1" 200 1430 "-" "Caffeinated/1.1.1 CFNetwork/520.3.2 Darwin/11.3.0 (x86_64) (MacBookPro8%2C1)"
98.180.220.78 - - [03/Apr/2012:15:42:58 -0700] "GET /favicon.ico HTTP/1.1" 404 142 "-" "Caffeinated/1.1.1 CFNetwork/520.3.2 Darwin/11.3.0 (x86_64) (MacBookPro8%2C1)"
85.17.88.169 - - [03/Apr/2012:15:42:59 -0700] "POST /blog/wp-cron.php?doing_wp_cron=1333492710 HTTP/1.0" 499 0 "-" "WordPress/3.3.1; http://yuvi.in/blog"
23.20.191.34 - - [03/Apr/2012:15:42:59 -0700] "GET /blog/2010/01/ HTTP/1.1" 200 5764 "" "GSLFbot"
85.17.88.169 - - [03/Apr/2012:15:43:02 -0700] "POST /blog/wp-cron.php?doing_wp_cron=1333492713 HTTP/1.0" 499 0 "-" "WordPress/3.3.1; http://yuvi.in/blog"
23.20.191.34 - - [03/Apr/2012:15:43:03 -0700] "GET /blog/2009/12 HTTP/1.1" 301 0 "" "GSLFbot"
85.17.88.169 - - [03/Apr/2012:15:43:05 -0700] "POST /blog/wp-cron.php?doing_wp_cron=1333492716 HTTP/1.0" 499 0 "-" "WordPress/3.3.1; http://yuvi.in/blog"
23.20.191.34 - - [03/Apr/2012:15:43:05 -0700] "GET /blog/2009/12/ HTTP/1.1" 200 5535 "" "GSLFbot"
85.17.88.169 - - [03/Apr/2012:15:43:08 -0700] "POST /blog/wp-cron.php?doing_wp_cron=1333492719 HTTP/1.0" 499 0 "-" "WordPress/3.3.1; http://yuvi.in/blog"
23.20.191.34 - - [03/Apr/2012:15:43:09 -0700] "GET /blog/2009/11 HTTP/1.1" 301 0 "" "GSLFbot"
85.17.88.169 - - [03/Apr/2012:15:43:10 -0700] "POST /blog/wp-cron.php?doing_wp_cron=1333492721 HTTP/1.0" 499 0 "-" "WordPress/3.3.1; http://yuvi.in/blog"
23.20.191.34 - - [03/Apr/2012:15:43:11 -0700] "GET /blog/2009/11/ HTTP/1.1" 200 4084 "" "GSLFbot"
85.17.88.169 - - [03/Apr/2012:15:43:14 -0700] "POST /blog/wp-cron.php?doing_wp_cron=1333492725 HTTP/1.0" 499 0 "-" "WordPress/3.3.1; http://yuvi.in/blog"
23.20.191.34 - - [03/Apr/2012:15:43:14 -0700] "GET /blog/2009/10 HTTP/1.1" 301 0 "" "GSLFbot"
85.17.88.169 - - [03/Apr/2012:15:43:16 -0700] "POST /blog/wp-cron.php?doing_wp_cron=1333492727 HTTP/1.0" 499 0 "-" "WordPress/3.3.1; http://yuvi.in/blog"
23.20.191.34 - - [03/Apr/2012:15:43:17 -0700] "GET /blog/2009/10/ HTTP/1.1" 200 10007 "" "GSLFbot"
85.17.88.169 - - [03/Apr/2012:15:43:20 -0700] "POST /blog/wp-cron.php?doing_wp_cron=1333492731 HTTP/1.0" 499 0 "-" "WordPress/3.3.1; http://yuvi.in/blog"
23.20.191.34 - - [03/Apr/2012:15:43:20 -0700] "GET /blog/2009/09 HTTP/1.1" 301 0 "" "GSLFbot"
85.17.88.169 - - [03/Apr/2012:15:43:22 -0700] "POST /blog/wp-cron.php?doing_wp_cron=1333492733 HTTP/1.0" 499 0 "-" "WordPress/3.3.1; http://yuvi.in/blog"
23.20.191.34 - - [03/Apr/2012:15:43:23 -0700] "GET /blog/2009/09/ HTTP/1.1" 200 4403 "" "GSLFbot"
85.17.88.169 - - [03/Apr/2012:15:43:26 -0700] "POST /blog/wp-cron.php?doing_wp_cron=1333492737 HTTP/1.0" 499 0 "-" "WordPress/3.3.1; http://yuvi.in/blog"
23.20.191.34 - - [03/Apr/2012:15:43:26 -0700] "GET /blog/2009/08 HTTP/1.1" 301 0 "" "GSLFbot"
85.17.88.169 - - [03/Apr/2012:15:43:28 -0700] "POST /blog/wp-cron.php?doing_wp_cron=1333492739 HTTP/1.0" 499 0 "-" "WordPress/3.3.1; http://yuvi.in/blog"
23.20.191.34 - - [03/Apr/2012:15:43:28 -0700] "GET /blog/2009/08/ HTTP/1.1" 200 6295 "" "GSLFbot"
98.180.220.78 - - [03/Apr/2012:15:43:29 -0700] "GET / HTTP/1.1" 200 1430 "-" "Caffeinated/1.1.1 CFNetwork/520.3.2 Darwin/11.3.0 (x86_64) (MacBookPro8%2C1)"
98.180.220.78 - - [03/Apr/2012:15:43:29 -0700] "GET /favicon.ico HTTP/1.1" 404 142 "-" "Caffeinated/1.1.1 CFNetwork/520.3.2 Darwin/11.3.0 (x86_64) (MacBookPro8%2C1)"
85.17.88.169 - - [03/Apr/2012:15:43:31 -0700] "POST /blog/wp-cron.php?doing_wp_cron=1333492742 HTTP/1.0" 499 0 "-" "WordPress/3.3.1; http://yuvi.in/blog"
23.20.191.34 - - [03/Apr/2012:15:43:32 -0700] "GET /blog/2009/07 HTTP/1.1" 301 0 "" "GSLFbot"
85.17.88.169 - - [03/Apr/2012:15:43:34 -0700] "POST /blog/wp-cron.php?doing_wp_cron=1333492745 HTTP/1.0" 499 0 "-" "WordPress/3.3.1; http://yuvi.in/blog"
23.20.191.34 - - [03/Apr/2012:15:43:34 -0700] "GET /blog/2009/07/ HTTP/1.1" 200 10287 "" "GSLFbot"
85.17.88.169 - - [03/Apr/2012:15:43:37 -0700] "POST /blog/wp-cron.php?doing_wp_cron=1333492748 HTTP/1.0" 499 0 "-" "WordPress/3.3.1; http://yuvi.in/blog"
23.20.191.34 - - [03/Apr/2012:15:43:38 -0700] "GET /blog/2009/06 HTTP/1.1" 301 0 "" "GSLFbot"
85.17.88.169 - - [03/Apr/2012:15:43:40 -0700] "POST /blog/wp-cron.php?doing_wp_cron=1333492751 HTTP/1.0" 499 0 "-" "WordPress/3.3.1; http://yuvi.in/blog"
23.20.191.34 - - [03/Apr/2012:15:43:40 -0700] "GET /blog/2009/06/ HTTP/1.1" 200 8482 "" "GSLFbot"
23.20.191.34 - - [03/Apr/2012:15:43:41 -0700] "GET /stories/it-s-never-over.html HTTP/1.1" 200 1780 "" "GSLFbot"
23.20.191.34 - - [03/Apr/2012:15:43:43 -0700] "GET /stories/hopeless-romantic.html HTTP/1.1" 200 2031 "" "GSLFbot"
23.20.191.34 - - [03/Apr/2012:15:43:44 -0700] "GET /stories/proprietary-connections-lame-version.html HTTP/1.1" 200 1927 "" "GSLFbot"
23.20.191.34 - - [03/Apr/2012:15:43:45 -0700] "GET /stories/premature-greying.html HTTP/1.1" 200 1486 "" "GSLFbot"
23.20.191.34 - - [03/Apr/2012:15:43:46 -0700] "GET /stories/carrier-error.html HTTP/1.1" 200 1522 "" "GSLFbot"
23.20.191.34 - - [03/Apr/2012:15:43:47 -0700] "GET /stories/treat-of-a-lifetime.html HTTP/1.1" 200 3155 "" "GSLFbot"
23.20.191.34 - - [03/Apr/2012:15:43:49 -0700] "GET /stories/emacs.html HTTP/1.1" 200 2194 "" "GSLFbot"
23.20.191.34 - - [03/Apr/2012:15:43:50 -0700] "GET /code HTTP/1.1" 404 142 "" "GSLFbot"
85.17.88.169 - - [03/Apr/2012:15:43:53 -0700] "POST /blog/wp-cron.php?doing_wp_cron=1333492764 HTTP/1.0" 499 0 "-" "WordPress/3.3.1; http://yuvi.in/blog"
23.20.191.34 - - [03/Apr/2012:15:43:53 -0700] "GET /blog/learnt-reading-javascript-good-parts HTTP/1.1" 301 0 "" "GSLFbot"
85.17.88.169 - - [03/Apr/2012:15:43:55 -0700] "POST /blog/wp-cron.php?doing_wp_cron=1333492766 HTTP/1.0" 499 0 "-" "WordPress/3.3.1; http://yuvi.in/blog"
23.20.191.34 - - [03/Apr/2012:15:43:56 -0700] "GET /blog/learnt-reading-javascript-good-parts/ HTTP/1.1" 200 5598 "" "GSLFbot"
85.17.88.169 - - [03/Apr/2012:15:43:59 -0700] "POST /blog/wp-cron.php?doing_wp_cron=1333492770 HTTP/1.0" 499 0 "-" "WordPress/3.3.1; http://yuvi.in/blog"
23.20.191.34 - - [03/Apr/2012:15:43:59 -0700] "GET /blog/my-vim-setup HTTP/1.1" 301 0 "" "GSLFbot"
85.17.88.169 - - [03/Apr/2012:15:44:01 -0700] "POST /blog/wp-cron.php?doing_wp_cron=1333492772 HTTP/1.0" 499 0 "-" "WordPress/3.3.1; http://yuvi.in/blog"
23.20.191.34 - - [03/Apr/2012:15:44:01 -0700] "GET /blog/my-vim-setup/ HTTP/1.1" 200 7100 "" "GSLFbot"
23.20.191.34 - - [03/Apr/2012:15:44:03 -0700] "GET /blog/moving-to-vim-from-emacs.html HTTP/1.1" 200 2657 "" "GSLFbot"
85.17.88.169 - - [03/Apr/2012:15:44:06 -0700] "POST /blog/wp-cron.php?doing_wp_cron=1333492777 HTTP/1.0" 499 0 "-" "WordPress/3.3.1; http://yuvi.in/blog"
23.20.191.34 - - [03/Apr/2012:15:44:07 -0700] "GET /blog/moving-back-to-wordpress HTTP/1.1" 301 0 "" "GSLFbot"
85.17.88.169 - - [03/Apr/2012:15:44:08 -0700] "POST /blog/wp-cron.php?doing_wp_cron=1333492779 HTTP/1.0" 499 0 "-" "WordPress/3.3.1; http://yuvi.in/blog"
23.20.191.34 - - [03/Apr/2012:15:44:09 -0700] "GET /blog/moving-back-to-wordpress/ HTTP/1.1" 200 4956 "" "GSLFbot"
85.17.88.169 - - [03/Apr/2012:15:44:12 -0700] "POST /blog/wp-cron.php?doing_wp_cron=1333492783 HTTP/1.0" 499 0 "-" "WordPress/3.3.1; http://yuvi.in/blog"
23.20.191.34 - - [03/Apr/2012:15:44:12 -0700] "GET /blog/non-ascii-characters-http-headers HTTP/1.1" 301 0 "" "GSLFbot"
85.17.88.169 - - [03/Apr/2012:15:44:14 -0700] "POST /blog/wp-cron.php?doing_wp_cron=1333492785 HTTP/1.0" 499 0 "-" "WordPress/3.3.1; http://yuvi.in/blog"
23.20.191.34 - - [03/Apr/2012:15:44:15 -0700] "GET /blog/non-ascii-characters-http-headers/ HTTP/1.1" 200 5297 "" "GSLFbot"
85.17.88.169 - - [03/Apr/2012:15:44:18 -0700] "POST /blog/wp-cron.php?doing_wp_cron=1333492789 HTTP/1.0" 499 0 "-" "WordPress/3.3.1; http://yuvi.in/blog"
23.20.191.34 - - [03/Apr/2012:15:44:18 -0700] "GET /blog/programmer-run-code-head HTTP/1.1" 301 0 "" "GSLFbot"
209.117.161.166 - - [03/Apr/2012:15:44:19 -0700] "GET /blog/2010/06/ HTTP/1.1" 200 20526 "-" "-"
85.17.88.169 - - [03/Apr/2012:15:44:20 -0700] "POST /blog/wp-cron.php?doing_wp_cron=1333492791 HTTP/1.0" 499 0 "-" "WordPress/3.3.1; http://yuvi.in/blog"
23.20.191.34 - - [03/Apr/2012:15:44:20 -0700] "GET /blog/programmer-run-code-head/ HTTP/1.1" 200 5231 "" "GSLFbot"
85.17.88.169 - - [03/Apr/2012:15:44:23 -0700] "POST /blog/wp-cron.php?doing_wp_cron=1333492795 HTTP/1.0" 499 0 "-" "WordPress/3.3.1; http://yuvi.in/blog"
23.20.191.34 - - [03/Apr/2012:15:44:24 -0700] "GET /blog/sleepsort-4chan HTTP/1.1" 301 0 "" "GSLFbot"
85.17.88.169 - - [03/Apr/2012:15:44:26 -0700] "POST /blog/wp-cron.php?doing_wp_cron=1333492797 HTTP/1.0" 499 0 "-" "WordPress/3.3.1; http://yuvi.in/blog"
23.20.191.34 - - [03/Apr/2012:15:44:26 -0700] "GET /blog/sleepsort-4chan/ HTTP/1.1" 200 4805 "" "GSLFbot"
98.180.220.78 - - [03/Apr/2012:15:44:27 -0700] "GET / HTTP/1.1" 200 1430 "-" "Caffeinated/1.1.1 CFNetwork/520.3.2 Darwin/11.3.0 (x86_64) (MacBookPro8%2C1)"
98.180.220.78 - - [03/Apr/2012:15:44:27 -0700] "GET /favicon.ico HTTP/1.1" 404 142 "-" "Caffeinated/1.1.1 CFNetwork/520.3.2 Darwin/11.3.0 (x86_64) (MacBookPro8%2C1)"
85.17.88.169 - - [03/Apr/2012:15:44:29 -0700] "POST /blog/wp-cron.php?doing_wp_cron=1333492800 HTTP/1.0" 499 0 "-" "WordPress/3.3.1; http://yuvi.in/blog"
23.20.191.34 - - [03/Apr/2012:15:44:30 -0700] "GET /blog/sicp-and-brainfuck HTTP/1.1" 301 0 "" "GSLFbot"
85.17.88.169 - - [03/Apr/2012:15:44:32 -0700] "POST /blog/wp-cron.php?doing_wp_cron=1333492803 HTTP/1.0" 499 0 "-" "WordPress/3.3.1; http://yuvi.in/blog"
23.20.191.34 - - [03/Apr/2012:15:44:32 -0700] "GET /blog/sicp-and-brainfuck/ HTTP/1.1" 200 4736 "" "GSLFbot"
85.17.88.169 - - [03/Apr/2012:15:44:35 -0700] "POST /blog/wp-cron.php?doing_wp_cron=1333492806 HTTP/1.0" 499 0 "-" "WordPress/3.3.1; http://yuvi.in/blog"
23.20.191.34 - - [03/Apr/2012:15:44:35 -0700] "GET /blog/gstreamer-101-at-gnome-asia-2011 HTTP/1.1" 301 0 "" "GSLFbot"
85.17.88.169 - - [03/Apr/2012:15:44:37 -0700] "POST /blog/wp-cron.php?doing_wp_cron=1333492808 HTTP/1.0" 499 0 "-" "WordPress/3.3.1; http://yuvi.in/blog"
23.20.191.34 - - [03/Apr/2012:15:44:38 -0700] "GET /blog/gstreamer-101-at-gnome-asia-2011/ HTTP/1.1" 200 4548 "" "GSLFbot"
85.17.88.169 - - [03/Apr/2012:15:44:41 -0700] "POST /blog/wp-cron.php?doing_wp_cron=1333492812 HTTP/1.0" 499 0 "-" "WordPress/3.3.1; http://yuvi.in/blog"
23.20.191.34 - - [03/Apr/2012:15:44:41 -0700] "GET /blog/category/code/page/2 HTTP/1.1" 301 0 "" "GSLFbot"
85.17.88.169 - - [03/Apr/2012:15:44:43 -0700] "POST /blog/wp-cron.php?doing_wp_cron=1333492814 HTTP/1.0" 499 0 "-" "WordPress/3.3.1; http://yuvi.in/blog"
23.20.191.34 - - [03/Apr/2012:15:44:44 -0700] "GET /blog/category/code/page/2/ HTTP/1.1" 200 15527 "" "GSLFbot"
85.17.88.169 - - [03/Apr/2012:15:44:47 -0700] "POST /blog/wp-cron.php?doing_wp_cron=1333492818 HTTP/1.0" 499 0 "-" "WordPress/3.3.1; http://yuvi.in/blog"
23.20.191.34 - - [03/Apr/2012:15:44:47 -0700] "GET /blog/my-vimrc/feed HTTP/1.1" 301 0 "" "GSLFbot"
85.17.88.169 - - [03/Apr/2012:15:44:49 -0700] "POST /blog/wp-cron.php?doing_wp_cron=1333492820 HTTP/1.0" 499 0 "-" "WordPress/3.3.1; http://yuvi.in/blog"
23.20.191.34 - - [03/Apr/2012:15:44:50 -0700] "GET /blog/my-vimrc/feed/ HTTP/1.1" 200 715 "" "GSLFbot"
85.17.88.169 - - [03/Apr/2012:15:44:53 -0700] "POST /blog/wp-cron.php?doing_wp_cron=1333492824 HTTP/1.0" 499 0 "-" "WordPress/3.3.1; http://yuvi.in/blog"
23.20.191.34 - - [03/Apr/2012:15:44:53 -0700] "GET /blog/my-vimrc/trackback HTTP/1.1" 302 0 "" "GSLFbot"
85.17.88.169 - - [03/Apr/2012:15:44:55 -0700] "POST /blog/wp-cron.php?doing_wp_cron=1333492826 HTTP/1.0" 499 0 "-" "WordPress/3.3.1; http://yuvi.in/blog"
23.20.191.34 - - [03/Apr/2012:15:44:55 -0700] "GET /blog/my-vimrc/ HTTP/1.1" 200 4448 "" "GSLFbot"
98.180.220.78 - - [03/Apr/2012:15:44:58 -0700] "GET / HTTP/1.1" 200 1430 "-" "Caffeinated/1.1.1 CFNetwork/520.3.2 Darwin/11.3.0 (x86_64) (MacBookPro8%2C1)"
98.180.220.78 - - [03/Apr/2012:15:44:58 -0700] "GET /favicon.ico HTTP/1.1" 404 142 "-" "Caffeinated/1.1.1 CFNetwork/520.3.2 Darwin/11.3.0 (x86_64) (MacBookPro8%2C1)"
85.17.88.169 - - [03/Apr/2012:15:44:58 -0700] "POST /blog/wp-cron.php?doing_wp_cron=1333492830 HTTP/1.0" 499 0 "-" "WordPress/3.3.1; http://yuvi.in/blog"
23.20.191.34 - - [03/Apr/2012:15:44:59 -0700] "GET /blog/greatest-fear-flash-fade HTTP/1.1" 301 0 "" "GSLFbot"
85.17.88.169 - - [03/Apr/2012:15:45:01 -0700] "POST /blog/wp-cron.php?doing_wp_cron=1333492832 HTTP/1.0" 499 0 "-" "WordPress/3.3.1; http://yuvi.in/blog"
23.20.191.34 - - [03/Apr/2012:15:45:01 -0700] "GET /blog/greatest-fear-flash-fade/ HTTP/1.1" 200 5218 "" "GSLFbot"
85.17.88.169 - - [03/Apr/2012:15:45:04 -0700] "POST /blog/wp-cron.php?doing_wp_cron=1333492835 HTTP/1.0" 499 0 "-" "WordPress/3.3.1; http://yuvi.in/blog"
23.20.191.34 - - [03/Apr/2012:15:45:05 -0700] "GET /blog/the-fridge-at-interviewstreet-office HTTP/1.1" 301 0 "" "GSLFbot"
85.17.88.169 - - [03/Apr/2012:15:45:07 -0700] "POST /blog/wp-cron.php?doing_wp_cron=1333492838 HTTP/1.0" 499 0 "-" "WordPress/3.3.1; http://yuvi.in/blog"
23.20.191.34 - - [03/Apr/2012:15:45:07 -0700] "GET /blog/the-fridge-at-interviewstreet-office/ HTTP/1.1" 200 4986 "" "GSLFbot"
85.17.88.169 - - [03/Apr/2012:15:45:10 -0700] "POST /blog/wp-cron.php?doing_wp_cron=1333492841 HTTP/1.0" 499 0 "-" "WordPress/3.3.1; http://yuvi.in/blog"
23.20.191.34 - - [03/Apr/2012:15:45:10 -0700] "GET /blog/temptations HTTP/1.1" 301 0 "" "GSLFbot"
85.17.88.169 - - [03/Apr/2012:15:45:12 -0700] "POST /blog/wp-cron.php?doing_wp_cron=1333492843 HTTP/1.0" 499 0 "-" "WordPress/3.3.1; http://yuvi.in/blog"
23.20.191.34 - - [03/Apr/2012:15:45:13 -0700] "GET /blog/temptations/ HTTP/1.1" 200 4767 "" "GSLFbot"
85.17.88.169 - - [03/Apr/2012:15:45:16 -0700] "POST /blog/wp-cron.php?doing_wp_cron=1333492847 HTTP/1.0" 499 0 "-" "WordPress/3.3.1; http://yuvi.in/blog"
23.20.191.34 - - [03/Apr/2012:15:45:16 -0700] "GET /blog/note-present-future-self-pre-book-travel-tickets HTTP/1.1" 301 0 "" "GSLFbot"
85.17.88.169 - - [03/Apr/2012:15:45:18 -0700] "POST /blog/wp-cron.php?doing_wp_cron=1333492849 HTTP/1.0" 499 0 "-" "WordPress/3.3.1; http://yuvi.in/blog"
23.20.191.34 - - [03/Apr/2012:15:45:19 -0700] "GET /blog/note-present-future-self-pre-book-travel-tickets/ HTTP/1.1" 200 5527 "" "GSLFbot"
85.17.88.169 - - [03/Apr/2012:15:45:22 -0700] "POST /blog/wp-cron.php?doing_wp_cron=1333492853 HTTP/1.0" 499 0 "-" "WordPress/3.3.1; http://yuvi.in/blog"
23.20.191.34 - - [03/Apr/2012:15:45:22 -0700] "GET /blog/broke-nonexistent-law HTTP/1.1" 301 0 "" "GSLFbot"
85.17.88.169 - - [03/Apr/2012:15:45:24 -0700] "POST /blog/wp-cron.php?doing_wp_cron=1333492855 HTTP/1.0" 499 0 "-" "WordPress/3.3.1; http://yuvi.in/blog"
23.20.191.34 - - [03/Apr/2012:15:45:24 -0700] "GET /blog/broke-nonexistent-law/ HTTP/1.1" 200 9587 "" "GSLFbot"
23.20.191.34 - - [03/Apr/2012:15:45:26 -0700] "GET /railway_photo_ruling.pdf HTTP/1.1" 404 142 "" "GSLFbot"
85.17.88.169 - - [03/Apr/2012:15:45:29 -0700] "POST /blog/wp-cron.php?doing_wp_cron=1333492860 HTTP/1.0" 499 0 "-" "WordPress/3.3.1; http://yuvi.in/blog"
23.20.191.34 - - [03/Apr/2012:15:45:29 -0700] "GET /blog/my-new-canon-550d-from-flipkart HTTP/1.1" 301 0 "" "GSLFbot"
85.17.88.169 - - [03/Apr/2012:15:45:31 -0700] "POST /blog/wp-cron.php?doing_wp_cron=1333492862 HTTP/1.0" 499 0 "-" "WordPress/3.3.1; http://yuvi.in/blog"
23.20.191.34 - - [03/Apr/2012:15:45:31 -0700] "GET /blog/my-new-canon-550d-from-flipkart/ HTTP/1.1" 200 5495 "" "GSLFbot"
85.17.88.169 - - [03/Apr/2012:15:45:34 -0700] "POST /blog/wp-cron.php?doing_wp_cron=1333492865 HTTP/1.0" 499 0 "-" "WordPress/3.3.1; http://yuvi.in/blog"
23.20.191.34 - - [03/Apr/2012:15:45:35 -0700] "GET /blog/six-years-of-blogging-and-eleven-years-of-coding HTTP/1.1" 301 0 "" "GSLFbot"
85.17.88.169 - - [03/Apr/2012:15:45:37 -0700] "POST /blog/wp-cron.php?doing_wp_cron=1333492868 HTTP/1.0" 499 0 "-" "WordPress/3.3.1; http://yuvi.in/blog"
23.20.191.34 - - [03/Apr/2012:15:45:37 -0700] "GET /blog/six-years-of-blogging-and-eleven-years-of-coding/ HTTP/1.1" 200 4680 "" "GSLFbot"
85.17.88.169 - - [03/Apr/2012:15:45:40 -0700] "POST /blog/wp-cron.php?doing_wp_cron=1333492871 HTTP/1.0" 499 0 "-" "WordPress/3.3.1; http://yuvi.in/blog"
23.20.191.34 - - [03/Apr/2012:15:45:41 -0700] "GET /blog/nen-first-dot-2010-what-i-learnt HTTP/1.1" 301 0 "" "GSLFbot"
85.17.88.169 - - [03/Apr/2012:15:45:42 -0700] "POST /blog/wp-cron.php?doing_wp_cron=1333492873 HTTP/1.0" 499 0 "-" "WordPress/3.3.1; http://yuvi.in/blog"
23.20.191.34 - - [03/Apr/2012:15:45:43 -0700] "GET /blog/nen-first-dot-2010-what-i-learnt/ HTTP/1.1" 200 6191 "" "GSLFbot"
85.17.88.169 - - [03/Apr/2012:15:45:46 -0700] "POST /blog/wp-cron.php?doing_wp_cron=1333492877 HTTP/1.0" 499 0 "-" "WordPress/3.3.1; http://yuvi.in/blog"
23.20.191.34 - - [03/Apr/2012:15:45:46 -0700] "GET /blog/category/personal/page/2 HTTP/1.1" 301 0 "" "GSLFbot"
85.17.88.169 - - [03/Apr/2012:15:45:48 -0700] "POST /blog/wp-cron.php?doing_wp_cron=1333492879 HTTP/1.0" 499 0 "-" "WordPress/3.3.1; http://yuvi.in/blog"
23.20.191.34 - - [03/Apr/2012:15:45:49 -0700] "GET /blog/category/personal/page/2/ HTTP/1.1" 200 11965 "" "GSLFbot"
85.17.88.169 - - [03/Apr/2012:15:45:52 -0700] "POST /blog/wp-cron.php?doing_wp_cron=1333492883 HTTP/1.0" 499 0 "-" "WordPress/3.3.1; http://yuvi.in/blog"
23.20.191.34 - - [03/Apr/2012:15:45:52 -0700] "GET /blog/college-drop/feed HTTP/1.1" 301 0 "" "GSLFbot"
85.17.88.169 - - [03/Apr/2012:15:45:54 -0700] "POST /blog/wp-cron.php?doing_wp_cron=1333492885 HTTP/1.0" 499 0 "-" "WordPress/3.3.1; http://yuvi.in/blog"
23.20.191.34 - - [03/Apr/2012:15:45:55 -0700] "GET /blog/college-drop/feed/ HTTP/1.1" 200 2565 "" "GSLFbot"
85.17.88.169 - - [03/Apr/2012:15:45:58 -0700] "POST /blog/wp-cron.php?doing_wp_cron=1333492889 HTTP/1.0" 499 0 "-" "WordPress/3.3.1; http://yuvi.in/blog"
23.20.191.34 - - [03/Apr/2012:15:45:58 -0700] "GET /blog/college-drop/trackback HTTP/1.1" 302 0 "" "GSLFbot"
98.180.220.78 - - [03/Apr/2012:15:45:58 -0700] "GET / HTTP/1.1" 200 1430 "-" "Caffeinated/1.1.1 CFNetwork/520.3.2 Darwin/11.3.0 (x86_64) (MacBookPro8%2C1)"
98.180.220.78 - - [03/Apr/2012:15:45:59 -0700] "GET /favicon.ico HTTP/1.1" 404 142 "-" "Caffeinated/1.1.1 CFNetwork/520.3.2 Darwin/11.3.0 (x86_64) (MacBookPro8%2C1)"
85.17.88.169 - - [03/Apr/2012:15:46:00 -0700] "POST /blog/wp-cron.php?doing_wp_cron=1333492891 HTTP/1.0" 499 0 "-" "WordPress/3.3.1; http://yuvi.in/blog"
23.20.191.34 - - [03/Apr/2012:15:46:00 -0700] "GET /blog/college-drop/ HTTP/1.1" 200 4914 "" "GSLFbot"
85.17.88.169 - - [03/Apr/2012:15:46:03 -0700] "POST /blog/wp-cron.php?doing_wp_cron=1333492894 HTTP/1.0" 499 0 "-" "WordPress/3.3.1; http://yuvi.in/blog"
23.20.191.34 - - [03/Apr/2012:15:46:04 -0700] "GET /blog/passing-headers-proxying-nginx/feed HTTP/1.1" 301 0 "" "GSLFbot"
85.17.88.169 - - [03/Apr/2012:15:46:06 -0700] "POST /blog/wp-cron.php?doing_wp_cron=1333492897 HTTP/1.0" 499 0 "-" "WordPress/3.3.1; http://yuvi.in/blog"
23.20.191.34 - - [03/Apr/2012:15:46:06 -0700] "GET /blog/passing-headers-proxying-nginx/feed/ HTTP/1.1" 200 797 "" "GSLFbot"
85.17.88.169 - - [03/Apr/2012:15:46:09 -0700] "POST /blog/wp-cron.php?doing_wp_cron=1333492900 HTTP/1.0" 499 0 "-" "WordPress/3.3.1; http://yuvi.in/blog"
23.20.191.34 - - [03/Apr/2012:15:46:09 -0700] "GET /blog/passing-headers-proxying-nginx/trackback HTTP/1.1" 302 0 "" "GSLFbot"
85.17.88.169 - - [03/Apr/2012:15:46:11 -0700] "POST /blog/wp-cron.php?doing_wp_cron=1333492902 HTTP/1.0" 499 0 "-" "WordPress/3.3.1; http://yuvi.in/blog"
23.20.191.34 - - [03/Apr/2012:15:46:12 -0700] "GET /blog/passing-headers-proxying-nginx/ HTTP/1.1" 200 4633 "" "GSLFbot"
85.17.88.169 - - [03/Apr/2012:15:46:15 -0700] "POST /blog/wp-cron.php?doing_wp_cron=1333492906 HTTP/1.0" 499 0 "-" "WordPress/3.3.1; http://yuvi.in/blog"
23.20.191.34 - - [03/Apr/2012:15:46:15 -0700] "GET /blog/program/feed HTTP/1.1" 301 0 "" "GSLFbot"
85.17.88.169 - - [03/Apr/2012:15:46:17 -0700] "POST /blog/wp-cron.php?doing_wp_cron=1333492908 HTTP/1.0" 499 0 "-" "WordPress/3.3.1; http://yuvi.in/blog"
23.20.191.34 - - [03/Apr/2012:15:46:18 -0700] "GET /blog/program/feed/ HTTP/1.1" 200 8307 "" "GSLFbot"
85.17.88.169 - - [03/Apr/2012:15:46:21 -0700] "POST /blog/wp-cron.php?doing_wp_cron=1333492912 HTTP/1.0" 499 0 "-" "WordPress/3.3.1; http://yuvi.in/blog"
23.20.191.34 - - [03/Apr/2012:15:46:21 -0700] "GET /blog/program/trackback HTTP/1.1" 302 0 "" "GSLFbot"
85.17.88.169 - - [03/Apr/2012:15:46:23 -0700] "POST /blog/wp-cron.php?doing_wp_cron=1333492914 HTTP/1.0" 499 0 "-" "WordPress/3.3.1; http://yuvi.in/blog"
23.20.191.34 - - [03/Apr/2012:15:46:23 -0700] "GET /blog/program/ HTTP/1.1" 200 8229 "" "GSLFbot"
85.17.88.169 - - [03/Apr/2012:15:46:26 -0700] "POST /blog/wp-cron.php?doing_wp_cron=1333492917 HTTP/1.0" 499 0 "-" "WordPress/3.3.1; http://yuvi.in/blog"
23.20.191.34 - - [03/Apr/2012:15:46:27 -0700] "GET /blog/devlog-december-5-2011 HTTP/1.1" 301 0 "" "GSLFbot"
85.17.88.169 - - [03/Apr/2012:15:46:29 -0700] "POST /blog/wp-cron.php?doing_wp_cron=1333492920 HTTP/1.0" 499 0 "-" "WordPress/3.3.1; http://yuvi.in/blog"
23.20.191.34 - - [03/Apr/2012:15:46:29 -0700] "GET /blog/devlog-december-5-2011/ HTTP/1.1" 200 5172 "" "GSLFbot"
98.180.220.78 - - [03/Apr/2012:15:46:30 -0700] "GET / HTTP/1.1" 200 1430 "-" "Caffeinated/1.1.1 CFNetwork/520.3.2 Darwin/11.3.0 (x86_64) (MacBookPro8%2C1)"
98.180.220.78 - - [03/Apr/2012:15:46:30 -0700] "GET /favicon.ico HTTP/1.1" 404 142 "-" "Caffeinated/1.1.1 CFNetwork/520.3.2 Darwin/11.3.0 (x86_64) (MacBookPro8%2C1)"
85.17.88.169 - - [03/Apr/2012:15:46:32 -0700] "POST /blog/wp-cron.php?doing_wp_cron=1333492923 HTTP/1.0" 499 0 "-" "WordPress/3.3.1; http://yuvi.in/blog"
23.20.191.34 - - [03/Apr/2012:15:46:33 -0700] "GET /blog/devlog-december-2011 HTTP/1.1" 301 0 "" "GSLFbot"
85.17.88.169 - - [03/Apr/2012:15:46:35 -0700] "POST /blog/wp-cron.php?doing_wp_cron=1333492926 HTTP/1.0" 499 0 "-" "WordPress/3.3.1; http://yuvi.in/blog"
23.20.191.34 - - [03/Apr/2012:15:46:35 -0700] "GET /blog/devlog-december-2011/ HTTP/1.1" 200 5005 "" "GSLFbot"
85.17.88.169 - - [03/Apr/2012:15:46:38 -0700] "POST /blog/wp-cron.php?doing_wp_cron=1333492929 HTTP/1.0" 499 0 "-" "WordPress/3.3.1; http://yuvi.in/blog"
23.20.191.34 - - [03/Apr/2012:15:46:39 -0700] "GET /blog/devlog-may-2011 HTTP/1.1" 301 0 "" "GSLFbot"
85.17.88.169 - - [03/Apr/2012:15:46:40 -0700] "POST /blog/wp-cron.php?doing_wp_cron=1333492931 HTTP/1.0" 499 0 "-" "WordPress/3.3.1; http://yuvi.in/blog"
23.20.191.34 - - [03/Apr/2012:15:46:41 -0700] "GET /blog/devlog-may-2011/ HTTP/1.1" 200 7585 "" "GSLFbot"
85.17.88.169 - - [03/Apr/2012:15:46:44 -0700] "POST /blog/wp-cron.php?doing_wp_cron=1333492935 HTTP/1.0" 499 0 "-" "WordPress/3.3.1; http://yuvi.in/blog"
23.20.191.34 - - [03/Apr/2012:15:46:44 -0700] "GET /blog/devlog-april-2011 HTTP/1.1" 301 0 "" "GSLFbot"
85.17.88.169 - - [03/Apr/2012:15:46:46 -0700] "POST /blog/wp-cron.php?doing_wp_cron=1333492937 HTTP/1.0" 499 0 "-" "WordPress/3.3.1; http://yuvi.in/blog"
23.20.191.34 - - [03/Apr/2012:15:46:47 -0700] "GET /blog/devlog-april-2011/ HTTP/1.1" 200 8022 "" "GSLFbot"
85.17.88.169 - - [03/Apr/2012:15:46:50 -0700] "POST /blog/wp-cron.php?doing_wp_cron=1333492941 HTTP/1.0" 499 0 "-" "WordPress/3.3.1; http://yuvi.in/blog"
23.20.191.34 - - [03/Apr/2012:15:46:50 -0700] "GET /blog/category/devlog/page/2 HTTP/1.1" 301 0 "" "GSLFbot"
85.17.88.169 - - [03/Apr/2012:15:46:52 -0700] "POST /blog/wp-cron.php?doing_wp_cron=1333492943 HTTP/1.0" 499 0 "-" "WordPress/3.3.1; http://yuvi.in/blog"
23.20.191.34 - - [03/Apr/2012:15:46:52 -0700] "GET /blog/category/devlog/page/2/ HTTP/1.1" 200 5839 "" "GSLFbot"
85.17.88.169 - - [03/Apr/2012:15:46:55 -0700] "POST /blog/wp-cron.php?doing_wp_cron=1333492947 HTTP/1.0" 499 0 "-" "WordPress/3.3.1; http://yuvi.in/blog"
23.20.191.34 - - [03/Apr/2012:15:46:56 -0700] "GET /blog/devlog-december-26-2011/feed HTTP/1.1" 301 0 "" "GSLFbot"
85.17.88.169 - - [03/Apr/2012:15:46:58 -0700] "POST /blog/wp-cron.php?doing_wp_cron=1333492949 HTTP/1.0" 499 0 "-" "WordPress/3.3.1; http://yuvi.in/blog"
23.20.191.34 - - [03/Apr/2012:15:46:58 -0700] "GET /blog/devlog-december-26-2011/feed/ HTTP/1.1" 200 783 "" "GSLFbot"
66.249.73.27 - - [03/Apr/2012:15:47:00 -0700] "GET /blog/i-have-a-motorbike.html HTTP/1.1" 200 2722 "-" "Mozilla/5.0 (compatible; Googlebot/2.1; +http://www.google.com/bot.html)"
85.17.88.169 - - [03/Apr/2012:15:47:01 -0700] "POST /blog/wp-cron.php?doing_wp_cron=1333492952 HTTP/1.0" 499 0 "-" "WordPress/3.3.1; http://yuvi.in/blog"
23.20.191.34 - - [03/Apr/2012:15:47:02 -0700] "GET /blog/devlog-december-26-2011/trackback HTTP/1.1" 302 0 "" "GSLFbot"
85.17.88.169 - - [03/Apr/2012:15:47:04 -0700] "POST /blog/wp-cron.php?doing_wp_cron=1333492955 HTTP/1.0" 499 0 "-" "WordPress/3.3.1; http://yuvi.in/blog"
23.20.191.34 - - [03/Apr/2012:15:47:04 -0700] "GET /blog/devlog-december-26-2011/ HTTP/1.1" 200 4711 "" "GSLFbot"
85.17.88.169 - - [03/Apr/2012:15:47:07 -0700] "POST /blog/wp-cron.php?doing_wp_cron=1333492958 HTTP/1.0" 499 0 "-" "WordPress/3.3.1; http://yuvi.in/blog"
23.20.191.34 - - [03/Apr/2012:15:47:08 -0700] "GET /blog/devlog-december-23-2011/feed HTTP/1.1" 301 0 "" "GSLFbot"
85.17.88.169 - - [03/Apr/2012:15:47:09 -0700] "POST /blog/wp-cron.php?doing_wp_cron=1333492960 HTTP/1.0" 499 0 "-" "WordPress/3.3.1; http://yuvi.in/blog"
23.20.191.34 - - [03/Apr/2012:15:47:10 -0700] "GET /blog/devlog-december-23-2011/feed/ HTTP/1.1" 200 761 "" "GSLFbot"
85.17.88.169 - - [03/Apr/2012:15:47:13 -0700] "POST /blog/wp-cron.php?doing_wp_cron=1333492964 HTTP/1.0" 499 0 "-" "WordPress/3.3.1; http://yuvi.in/blog"
23.20.191.34 - - [03/Apr/2012:15:47:13 -0700] "GET /blog/devlog-december-23-2011/trackback HTTP/1.1" 302 0 "" "GSLFbot"
85.17.88.169 - - [03/Apr/2012:15:47:15 -0700] "POST /blog/wp-cron.php?doing_wp_cron=1333492966 HTTP/1.0" 499 0 "-" "WordPress/3.3.1; http://yuvi.in/blog"
23.20.191.34 - - [03/Apr/2012:15:47:16 -0700] "GET /blog/devlog-december-23-2011/ HTTP/1.1" 200 4625 "" "GSLFbot"
85.17.88.169 - - [03/Apr/2012:15:47:19 -0700] "POST /blog/wp-cron.php?doing_wp_cron=1333492970 HTTP/1.0" 499 0 "-" "WordPress/3.3.1; http://yuvi.in/blog"
23.20.191.34 - - [03/Apr/2012:15:47:19 -0700] "GET /blog/devlog-december-21-2011/feed HTTP/1.1" 301 0 "" "GSLFbot"
85.17.88.169 - - [03/Apr/2012:15:47:21 -0700] "POST /blog/wp-cron.php?doing_wp_cron=1333492972 HTTP/1.0" 499 0 "-" "WordPress/3.3.1; http://yuvi.in/blog"
23.20.191.34 - - [03/Apr/2012:15:47:21 -0700] "GET /blog/devlog-december-21-2011/feed/ HTTP/1.1" 200 760 "" "GSLFbot"
85.17.88.169 - - [03/Apr/2012:15:47:24 -0700] "POST /blog/wp-cron.php?doing_wp_cron=1333492975 HTTP/1.0" 499 0 "-" "WordPress/3.3.1; http://yuvi.in/blog"
23.20.191.34 - - [03/Apr/2012:15:47:25 -0700] "GET /blog/devlog-december-21-2011/trackback HTTP/1.1" 302 0 "" "GSLFbot"
85.17.88.169 - - [03/Apr/2012:15:47:27 -0700] "POST /blog/wp-cron.php?doing_wp_cron=1333492978 HTTP/1.0" 499 0 "-" "WordPress/3.3.1; http://yuvi.in/blog"
23.20.191.34 - - [03/Apr/2012:15:47:27 -0700] "GET /blog/devlog-december-21-2011/ HTTP/1.1" 200 4985 "" "GSLFbot"
98.180.220.78 - - [03/Apr/2012:15:47:29 -0700] "GET / HTTP/1.1" 200 1430 "-" "Caffeinated/1.1.1 CFNetwork/520.3.2 Darwin/11.3.0 (x86_64) (MacBookPro8%2C1)"
98.180.220.78 - - [03/Apr/2012:15:47:29 -0700] "GET /favicon.ico HTTP/1.1" 404 142 "-" "Caffeinated/1.1.1 CFNetwork/520.3.2 Darwin/11.3.0 (x86_64) (MacBookPro8%2C1)"
85.17.88.169 - - [03/Apr/2012:15:47:30 -0700] "POST /blog/wp-cron.php?doing_wp_cron=1333492981 HTTP/1.0" 499 0 "-" "WordPress/3.3.1; http://yuvi.in/blog"
23.20.191.34 - - [03/Apr/2012:15:47:31 -0700] "GET /blog/devlog-december-11-2011/feed HTTP/1.1" 301 0 "" "GSLFbot"
85.17.88.169 - - [03/Apr/2012:15:47:32 -0700] "POST /blog/wp-cron.php?doing_wp_cron=1333492983 HTTP/1.0" 499 0 "-" "WordPress/3.3.1; http://yuvi.in/blog"
23.20.191.34 - - [03/Apr/2012:15:47:33 -0700] "GET /blog/devlog-december-11-2011/feed/ HTTP/1.1" 200 761 "" "GSLFbot"
85.17.88.169 - - [03/Apr/2012:15:47:36 -0700] "POST /blog/wp-cron.php?doing_wp_cron=1333492987 HTTP/1.0" 499 0 "-" "WordPress/3.3.1; http://yuvi.in/blog"
23.20.191.34 - - [03/Apr/2012:15:47:36 -0700] "GET /blog/devlog-december-11-2011/trackback HTTP/1.1" 302 0 "" "GSLFbot"
85.17.88.169 - - [03/Apr/2012:15:47:38 -0700] "POST /blog/wp-cron.php?doing_wp_cron=1333492989 HTTP/1.0" 499 0 "-" "WordPress/3.3.1; http://yuvi.in/blog"
23.20.191.34 - - [03/Apr/2012:15:47:39 -0700] "GET /blog/devlog-december-11-2011/ HTTP/1.1" 200 4638 "" "GSLFbot"
85.17.88.169 - - [03/Apr/2012:15:47:42 -0700] "POST /blog/wp-cron.php?doing_wp_cron=1333492993 HTTP/1.0" 499 0 "-" "WordPress/3.3.1; http://yuvi.in/blog"
23.20.191.34 - - [03/Apr/2012:15:47:42 -0700] "GET /blog/devlog-december-10-2011/feed HTTP/1.1" 301 0 "" "GSLFbot"
85.17.88.169 - - [03/Apr/2012:15:47:44 -0700] "POST /blog/wp-cron.php?doing_wp_cron=1333492995 HTTP/1.0" 499 0 "-" "WordPress/3.3.1; http://yuvi.in/blog"
23.20.191.34 - - [03/Apr/2012:15:47:45 -0700] "GET /blog/devlog-december-10-2011/feed/ HTTP/1.1" 200 760 "" "GSLFbot"
85.17.88.169 - - [03/Apr/2012:15:47:47 -0700] "POST /blog/wp-cron.php?doing_wp_cron=1333492999 HTTP/1.0" 499 0 "-" "WordPress/3.3.1; http://yuvi.in/blog"
23.20.191.34 - - [03/Apr/2012:15:47:48 -0700] "GET /blog/devlog-december-10-2011/trackback HTTP/1.1" 302 0 "" "GSLFbot"
85.17.88.169 - - [03/Apr/2012:15:47:50 -0700] "POST /blog/wp-cron.php?doing_wp_cron=1333493001 HTTP/1.0" 499 0 "-" "WordPress/3.3.1; http://yuvi.in/blog"
23.20.191.34 - - [03/Apr/2012:15:47:50 -0700] "GET /blog/devlog-december-10-2011/ HTTP/1.1" 200 4530 "" "GSLFbot"
85.17.88.169 - - [03/Apr/2012:15:47:53 -0700] "POST /blog/wp-cron.php?doing_wp_cron=1333493004 HTTP/1.0" 499 0 "-" "WordPress/3.3.1; http://yuvi.in/blog"
23.20.191.34 - - [03/Apr/2012:15:47:54 -0700] "GET /blog/devlog-december-7-2011/feed HTTP/1.1" 301 0 "" "GSLFbot"
85.17.88.169 - - [03/Apr/2012:15:47:56 -0700] "POST /blog/wp-cron.php?doing_wp_cron=1333493007 HTTP/1.0" 499 0 "-" "WordPress/3.3.1; http://yuvi.in/blog"
23.20.191.34 - - [03/Apr/2012:15:47:56 -0700] "GET /blog/devlog-december-7-2011/feed/ HTTP/1.1" 200 757 "" "GSLFbot"
85.17.88.169 - - [03/Apr/2012:15:47:59 -0700] "POST /blog/wp-cron.php?doing_wp_cron=1333493010 HTTP/1.0" 499 0 "-" "WordPress/3.3.1; http://yuvi.in/blog"
23.20.191.34 - - [03/Apr/2012:15:47:59 -0700] "GET /blog/devlog-december-7-2011/trackback HTTP/1.1" 302 0 "" "GSLFbot"
85.17.88.169 - - [03/Apr/2012:15:48:01 -0700] "POST /blog/wp-cron.php?doing_wp_cron=1333493012 HTTP/1.0" 499 0 "-" "WordPress/3.3.1; http://yuvi.in/blog"
23.20.191.34 - - [03/Apr/2012:15:48:02 -0700] "GET /blog/devlog-december-7-2011/ HTTP/1.1" 200 4812 "" "GSLFbot"
85.17.88.169 - - [03/Apr/2012:15:48:05 -0700] "POST /blog/wp-cron.php?doing_wp_cron=1333493016 HTTP/1.0" 499 0 "-" "WordPress/3.3.1; http://yuvi.in/blog"
23.20.191.34 - - [03/Apr/2012:15:48:05 -0700] "GET /blog/story-average-indian-techie HTTP/1.1" 301 0 "" "GSLFbot"
98.180.220.78 - - [03/Apr/2012:15:48:07 -0700] "GET / HTTP/1.1" 200 1430 "-" "Caffeinated/1.1.1 CFNetwork/520.3.2 Darwin/11.3.0 (x86_64) (MacBookPro8%2C1)"
98.180.220.78 - - [03/Apr/2012:15:48:07 -0700] "GET /favicon.ico HTTP/1.1" 404 142 "-" "Caffeinated/1.1.1 CFNetwork/520.3.2 Darwin/11.3.0 (x86_64) (MacBookPro8%2C1)"
85.17.88.169 - - [03/Apr/2012:15:48:07 -0700] "POST /blog/wp-cron.php?doing_wp_cron=1333493018 HTTP/1.0" 499 0 "-" "WordPress/3.3.1; http://yuvi.in/blog"
23.20.191.34 - - [03/Apr/2012:15:48:08 -0700] "GET /blog/story-average-indian-techie/ HTTP/1.1" 200 15981 "" "GSLFbot"
85.17.88.169 - - [03/Apr/2012:15:48:11 -0700] "POST /blog/wp-cron.php?doing_wp_cron=1333493022 HTTP/1.0" 499 0 "-" "WordPress/3.3.1; http://yuvi.in/blog"
23.20.191.34 - - [03/Apr/2012:15:48:11 -0700] "GET /blog/3-reasons-people-join-it-companies HTTP/1.1" 301 0 "" "GSLFbot"
85.17.88.169 - - [03/Apr/2012:15:48:13 -0700] "POST /blog/wp-cron.php?doing_wp_cron=1333493024 HTTP/1.0" 499 0 "-" "WordPress/3.3.1; http://yuvi.in/blog"
23.20.191.34 - - [03/Apr/2012:15:48:13 -0700] "GET /blog/3-reasons-people-join-it-companies/ HTTP/1.1" 200 5580 "" "GSLFbot"
85.17.88.169 - - [03/Apr/2012:15:48:16 -0700] "POST /blog/wp-cron.php?doing_wp_cron=1333493027 HTTP/1.0" 499 0 "-" "WordPress/3.3.1; http://yuvi.in/blog"
23.20.191.34 - - [03/Apr/2012:15:48:17 -0700] "GET /blog/interview-sriram-krishnan-5-years-old HTTP/1.1" 301 0 "" "GSLFbot"
85.17.88.169 - - [03/Apr/2012:15:48:19 -0700] "POST /blog/wp-cron.php?doing_wp_cron=1333493030 HTTP/1.0" 499 0 "-" "WordPress/3.3.1; http://yuvi.in/blog"
23.20.191.34 - - [03/Apr/2012:15:48:19 -0700] "GET /blog/interview-sriram-krishnan-5-years-old/ HTTP/1.1" 200 16154 "" "GSLFbot"
85.17.88.169 - - [03/Apr/2012:15:48:22 -0700] "POST /blog/wp-cron.php?doing_wp_cron=1333493034 HTTP/1.0" 499 0 "-" "WordPress/3.3.1; http://yuvi.in/blog"
23.20.191.34 - - [03/Apr/2012:15:48:23 -0700] "GET /blog/page/3 HTTP/1.1" 301 0 "" "GSLFbot"
85.17.88.169 - - [03/Apr/2012:15:48:25 -0700] "POST /blog/wp-cron.php?doing_wp_cron=1333493036 HTTP/1.0" 499 0 "-" "WordPress/3.3.1; http://yuvi.in/blog"
23.20.191.34 - - [03/Apr/2012:15:48:26 -0700] "GET /blog/page/3/ HTTP/1.1" 200 18715 "" "GSLFbot"
85.17.88.169 - - [03/Apr/2012:15:48:29 -0700] "POST /blog/wp-cron.php?doing_wp_cron=1333493040 HTTP/1.0" 499 0 "-" "WordPress/3.3.1; http://yuvi.in/blog"
23.20.191.34 - - [03/Apr/2012:15:48:29 -0700] "GET /blog/working-big-co-unsatisfying HTTP/1.1" 301 0 "" "GSLFbot"
23.20.191.34 - - [03/Apr/2012:15:48:29 -0700] "GET /blog/working-big-co-unsatisfying/ HTTP/1.1" 200 5046 "" "GSLFbot"
85.17.88.169 - - [03/Apr/2012:15:48:32 -0700] "POST /blog/wp-cron.php?doing_wp_cron=1333493043 HTTP/1.0" 499 0 "-" "WordPress/3.3.1; http://yuvi.in/blog"
23.20.191.34 - - [03/Apr/2012:15:48:33 -0700] "GET /blog/infosys-tcs-or-wipro-none HTTP/1.1" 301 0 "" "GSLFbot"
85.17.88.169 - - [03/Apr/2012:15:48:35 -0700] "POST /blog/wp-cron.php?doing_wp_cron=1333493046 HTTP/1.0" 499 0 "-" "WordPress/3.3.1; http://yuvi.in/blog"
23.20.191.34 - - [03/Apr/2012:15:48:35 -0700] "GET /blog/infosys-tcs-or-wipro-none/ HTTP/1.1" 200 7774 "" "GSLFbot"
85.17.88.169 - - [03/Apr/2012:15:48:38 -0700] "POST /blog/wp-cron.php?doing_wp_cron=1333493049 HTTP/1.0" 499 0 "-" "WordPress/3.3.1; http://yuvi.in/blog"
23.20.191.34 - - [03/Apr/2012:15:48:39 -0700] "GET /blog/orwell-and-huxley HTTP/1.1" 301 0 "" "GSLFbot"
85.17.88.169 - - [03/Apr/2012:15:48:41 -0700] "POST /blog/wp-cron.php?doing_wp_cron=1333493052 HTTP/1.0" 499 0 "-" "WordPress/3.3.1; http://yuvi.in/blog"
23.20.191.34 - - [03/Apr/2012:15:48:41 -0700] "GET /blog/orwell-and-huxley/ HTTP/1.1" 200 4462 "" "GSLFbot"
208.115.113.85 - - [03/Apr/2012:15:48:43 -0700] "GET /r/7pz HTTP/1.1" 301 255 "-" "Mozilla/5.0 (compatible; Ezooms/1.0; ezooms.bot@gmail.com)"
85.17.88.169 - - [03/Apr/2012:15:48:44 -0700] "POST /blog/wp-cron.php?doing_wp_cron=1333493055 HTTP/1.0" 499 0 "-" "WordPress/3.3.1; http://yuvi.in/blog"
23.20.191.34 - - [03/Apr/2012:15:48:44 -0700] "GET /blog/enthusiastic-teachers-and-naive-implementation-of-gauss-seidel-approximations HTTP/1.1" 301 0 "" "GSLFbot"
85.17.88.169 - - [03/Apr/2012:15:48:46 -0700] "POST /blog/wp-cron.php?doing_wp_cron=1333493057 HTTP/1.0" 499 0 "-" "WordPress/3.3.1; http://yuvi.in/blog"
23.20.191.34 - - [03/Apr/2012:15:48:47 -0700] "GET /blog/enthusiastic-teachers-and-naive-implementation-of-gauss-seidel-approximations/ HTTP/1.1" 200 5201 "" "GSLFbot"
85.17.88.169 - - [03/Apr/2012:15:48:50 -0700] "POST /blog/wp-cron.php?doing_wp_cron=1333493061 HTTP/1.0" 499 0 "-" "WordPress/3.3.1; http://yuvi.in/blog"
23.20.191.34 - - [03/Apr/2012:15:48:50 -0700] "GET /blog/blogging-from-under-the-table-during-class HTTP/1.1" 301 0 "" "GSLFbot"
85.17.88.169 - - [03/Apr/2012:15:48:52 -0700] "POST /blog/wp-cron.php?doing_wp_cron=1333493063 HTTP/1.0" 499 0 "-" "WordPress/3.3.1; http://yuvi.in/blog"
23.20.191.34 - - [03/Apr/2012:15:48:53 -0700] "GET /blog/blogging-from-under-the-table-during-class/ HTTP/1.1" 200 4935 "" "GSLFbot"
85.17.88.169 - - [03/Apr/2012:15:48:56 -0700] "POST /blog/wp-cron.php?doing_wp_cron=1333493067 HTTP/1.0" 499 0 "-" "WordPress/3.3.1; http://yuvi.in/blog"
23.20.191.34 - - [03/Apr/2012:15:48:56 -0700] "GET /blog/reddit-university-sicp-reading-group HTTP/1.1" 301 0 "" "GSLFbot"
85.17.88.169 - - [03/Apr/2012:15:48:58 -0700] "POST /blog/wp-cron.php?doing_wp_cron=1333493069 HTTP/1.0" 499 0 "-" "WordPress/3.3.1; http://yuvi.in/blog"
23.20.191.34 - - [03/Apr/2012:15:48:58 -0700] "GET /blog/reddit-university-sicp-reading-group/ HTTP/1.1" 200 4534 "" "GSLFbot"
85.17.88.169 - - [03/Apr/2012:15:49:01 -0700] "POST /blog/wp-cron.php?doing_wp_cron=1333493072 HTTP/1.0" 499 0 "-" "WordPress/3.3.1; http://yuvi.in/blog"
23.20.191.34 - - [03/Apr/2012:15:49:02 -0700] "GET /blog/measure-of-learning-epiphanies-per-session HTTP/1.1" 301 0 "" "GSLFbot"
85.17.88.169 - - [03/Apr/2012:15:49:04 -0700] "POST /blog/wp-cron.php?doing_wp_cron=1333493075 HTTP/1.0" 499 0 "-" "WordPress/3.3.1; http://yuvi.in/blog"
23.20.191.34 - - [03/Apr/2012:15:49:04 -0700] "GET /blog/measure-of-learning-epiphanies-per-session/ HTTP/1.1" 200 4912 "" "GSLFbot"
85.17.88.169 - - [03/Apr/2012:15:49:07 -0700] "POST /blog/wp-cron.php?doing_wp_cron=1333493078 HTTP/1.0" 499 0 "-" "WordPress/3.3.1; http://yuvi.in/blog"
98.180.220.78 - - [03/Apr/2012:15:49:07 -0700] "GET / HTTP/1.1" 200 1430 "-" "Caffeinated/1.1.1 CFNetwork/520.3.2 Darwin/11.3.0 (x86_64) (MacBookPro8%2C1)"
98.180.220.78 - - [03/Apr/2012:15:49:08 -0700] "GET /favicon.ico HTTP/1.1" 404 142 "-" "Caffeinated/1.1.1 CFNetwork/520.3.2 Darwin/11.3.0 (x86_64) (MacBookPro8%2C1)"
23.20.191.34 - - [03/Apr/2012:15:49:08 -0700] "GET /blog/lessons-learnt-from-working-with-the-symposium HTTP/1.1" 301 0 "" "GSLFbot"
85.17.88.169 - - [03/Apr/2012:15:49:09 -0700] "POST /blog/wp-cron.php?doing_wp_cron=1333493080 HTTP/1.0" 499 0 "-" "WordPress/3.3.1; http://yuvi.in/blog"
23.20.191.34 - - [03/Apr/2012:15:49:10 -0700] "GET /blog/lessons-learnt-from-working-with-the-symposium/ HTTP/1.1" 200 4717 "" "GSLFbot"
85.17.88.169 - - [03/Apr/2012:15:49:13 -0700] "POST /blog/wp-cron.php?doing_wp_cron=1333493084 HTTP/1.0" 499 0 "-" "WordPress/3.3.1; http://yuvi.in/blog"
