131.114.218.248 - - [11/Mar/2012:14:46:44 -0700] "GET /r/1j1w HTTP/1.1" 301 257 "-" "Mozilla/5.0 (X11; Ubuntu; Linux i686; rv:10.0.2) Gecko/20100101 Firefox/10.0.2"
131.114.218.248 - - [11/Mar/2012:14:46:45 -0700] "GET /s/ta/1j1w/ HTTP/1.1" 302 421 "-" "Mozilla/5.0 (X11; Ubuntu; Linux i686; rv:10.0.2) Gecko/20100101 Firefox/10.0.2"
131.114.218.248 - - [11/Mar/2012:14:46:49 -0700] "-" 400 0 "-" "-"
69.171.242.244 - - [11/Mar/2012:14:50:11 -0700] "GET /r/p0f HTTP/1.1" 301 255 "-" "facebookexternalhit/1.1 (+http://www.facebook.com/externalhit_uatext.php)"
69.171.242.249 - - [11/Mar/2012:14:50:11 -0700] "GET /s/ta/p0f/ HTTP/1.1" 302 433 "-" "facebookexternalhit/1.1 (+http://www.facebook.com/externalhit_uatext.php)"
85.17.88.169 - - [11/Mar/2012:14:50:19 -0700] "POST /blog/wp-cron.php?doing_wp_cron=1331502533 HTTP/1.0" 499 0 "-" "WordPress/3.3.1; http://yuvi.in/blog"
209.85.238.115 - - [11/Mar/2012:14:50:19 -0700] "GET /blog/feed HTTP/1.1" 301 0 "-" "Feedfetcher-Google; (+http://www.google.com/feedfetcher.html; 3 subscribers; feed-id=17684830852112633560)"
85.17.88.169 - - [11/Mar/2012:14:50:21 -0700] "POST /blog/wp-cron.php?doing_wp_cron=1331502536 HTTP/1.0" 499 0 "-" "WordPress/3.3.1; http://yuvi.in/blog"
209.85.238.115 - - [11/Mar/2012:14:50:21 -0700] "GET /blog/feed/ HTTP/1.1" 304 0 "-" "Feedfetcher-Google; (+http://www.google.com/feedfetcher.html; 3 subscribers; feed-id=17684830852112633560)"
207.46.204.219 - - [11/Mar/2012:14:57:31 -0700] "-" 400 0 "-" "-"
207.46.204.219 - - [11/Mar/2012:14:57:32 -0700] "-" 400 0 "-" "-"
207.46.204.219 - - [11/Mar/2012:14:57:33 -0700] "-" 400 0 "-" "-"
207.46.204.219 - - [11/Mar/2012:14:57:35 -0700] "-" 400 0 "-" "-"
207.46.204.219 - - [11/Mar/2012:14:57:35 -0700] "-" 400 0 "-" "-"
207.46.204.219 - - [11/Mar/2012:14:57:35 -0700] "-" 400 0 "-" "-"
207.46.204.219 - - [11/Mar/2012:14:57:35 -0700] "-" 400 0 "-" "-"
207.46.204.219 - - [11/Mar/2012:14:57:35 -0700] "-" 400 0 "-" "-"
207.46.204.219 - - [11/Mar/2012:14:57:36 -0700] "-" 400 0 "-" "-"
207.46.204.219 - - [11/Mar/2012:14:57:36 -0700] "-" 400 0 "-" "-"
157.55.17.146 - - [11/Mar/2012:14:57:51 -0700] "GET /robots.txt HTTP/1.1" 404 169 "-" "Mozilla/5.0 (compatible; bingbot/2.0; +http://www.bing.com/bingbot.htm)"
209.85.224.98 - - [11/Mar/2012:14:58:26 -0700] "GET /stories/feed HTTP/1.1" 200 13653 "-" "FeedBurner/1.0 (http://www.FeedBurner.com)"
207.46.204.219 - - [11/Mar/2012:14:58:27 -0700] "-" 400 0 "-" "-"
85.17.88.169 - - [11/Mar/2012:15:00:48 -0700] "POST /blog/wp-cron.php?doing_wp_cron=1331503163 HTTP/1.0" 499 0 "-" "WordPress/3.3.1; http://yuvi.in/blog"
208.115.111.68 - - [11/Mar/2012:15:00:49 -0700] "GET /blog/about/ HTTP/1.1" 200 14498 "-" "Mozilla/5.0 (compatible; Ezooms/1.0; ezooms.bot@gmail.com)"
85.17.88.169 - - [11/Mar/2012:15:00:59 -0700] "POST /blog/wp-cron.php?doing_wp_cron=1331503174 HTTP/1.0" 499 0 "-" "WordPress/3.3.1; http://yuvi.in/blog"
208.115.111.68 - - [11/Mar/2012:15:00:59 -0700] "GET /blog/category/education/page/2/ HTTP/1.1" 200 15449 "-" "Mozilla/5.0 (compatible; Ezooms/1.0; ezooms.bot@gmail.com)"
208.115.111.68 - - [11/Mar/2012:15:01:04 -0700] "GET /blog/i-have-a-motorbike.html HTTP/1.1" 200 6392 "-" "Mozilla/5.0 (compatible; Ezooms/1.0; ezooms.bot@gmail.com)"
208.115.111.68 - - [11/Mar/2012:15:01:06 -0700] "GET /blog/serendipity.html HTTP/1.1" 200 5833 "-" "Mozilla/5.0 (compatible; Ezooms/1.0; ezooms.bot@gmail.com)"
208.115.111.68 - - [11/Mar/2012:15:01:09 -0700] "GET /blog/sicp-and-brainfuck/ HTTP/1.1" 200 16698 "-" "Mozilla/5.0 (compatible; Ezooms/1.0; ezooms.bot@gmail.com)"
85.17.88.169 - - [11/Mar/2012:15:02:07 -0700] "POST /blog/wp-cron.php?doing_wp_cron=1331503242 HTTP/1.0" 499 0 "-" "WordPress/3.3.1; http://yuvi.in/blog"
199.16.186.106 - - [11/Mar/2012:15:02:08 -0700] "GET /blog/my-vimrc/feed/ HTTP/1.1" 304 0 "-" "BoardReader/1.0 (http://boardreader.com/info/robots.htm)-CommentCrawler5"
85.17.88.169 - - [11/Mar/2012:15:02:58 -0700] "POST /blog/wp-cron.php?doing_wp_cron=1331503293 HTTP/1.0" 499 0 "-" "WordPress/3.3.1; http://yuvi.in/blog"
101.226.33.172 - - [11/Mar/2012:15:02:58 -0700] "GET /blog/feed HTTP/1.0" 304 0 "-" "Mozilla/4.0 (compatible; Windows;)"
85.17.88.169 - - [11/Mar/2012:15:08:16 -0700] "POST /blog/wp-cron.php?doing_wp_cron=1331503611 HTTP/1.0" 499 0 "-" "WordPress/3.3.1; http://yuvi.in/blog"
209.85.224.96 - - [11/Mar/2012:15:08:17 -0700] "GET /blog/feed HTTP/1.1" 304 0 "-" "FeedBurner/1.0 (http://www.FeedBurner.com)"
85.17.88.169 - - [11/Mar/2012:15:09:37 -0700] "POST /blog/wp-cron.php?doing_wp_cron=1331503692 HTTP/1.0" 499 0 "-" "WordPress/3.3.1; http://yuvi.in/blog"
180.76.5.49 - - [11/Mar/2012:15:09:38 -0700] "GET /blog/2009/07/15/ HTTP/1.1" 200 3868 "-" "Mozilla/5.0 (compatible; Baiduspider/2.0; +http://www.baidu.com/search/spider.html)"
50.17.13.17 - - [11/Mar/2012:15:10:03 -0700] "HEAD /r/2z65 HTTP/1.1" 301 0 "http://t.co/GhK2iMXh" "Mozilla/5.0 (compatible; PaperLiBot/2.1; http://support.paper.li/entries/20023257-what-is-paper-li)"
50.17.13.17 - - [11/Mar/2012:15:10:04 -0700] "HEAD /s/ta/2z65/ HTTP/1.1" 302 0 "http://tawp.in/r/2z65" "Mozilla/5.0 (compatible; PaperLiBot/2.1; http://support.paper.li/entries/20023257-what-is-paper-li)"
85.17.88.169 - - [11/Mar/2012:15:10:58 -0700] "POST /blog/wp-cron.php?doing_wp_cron=1331503773 HTTP/1.0" 499 0 "-" "WordPress/3.3.1; http://yuvi.in/blog"
184.22.151.78 - - [11/Mar/2012:15:10:59 -0700] "GET /blog/category/code/ HTTP/1.0" 200 38751 "http://www.aircraft-shopper.com/forum/memberlist.php?mode=viewprofile&u=24499" "Mozilla/5.0 (Windows; U; Windows NT 6.1; en-GB; rv:1.9.1.3) Gecko/20090824 Firefox/3.5.3"
85.17.88.169 - - [11/Mar/2012:15:13:07 -0700] "POST /blog/wp-cron.php?doing_wp_cron=1331503902 HTTP/1.0" 499 0 "-" "WordPress/3.3.1; http://yuvi.in/blog"
100.43.83.144 - - [11/Mar/2012:15:13:08 -0700] "GET /blog/2011/12/ HTTP/1.1" 200 13429 "-" "Mozilla/5.0 (compatible; YandexBot/3.0; +http://yandex.com/bots)"
66.220.149.246 - - [11/Mar/2012:15:18:48 -0700] "GET /r/1hea HTTP/1.1" 301 257 "-" "facebookexternalhit/1.1 (+http://www.facebook.com/externalhit_uatext.php)"
66.220.149.248 - - [11/Mar/2012:15:18:48 -0700] "GET /s/ta/1hea/ HTTP/1.1" 302 437 "-" "facebookexternalhit/1.1 (+http://www.facebook.com/externalhit_uatext.php)"
95.108.150.235 - - [11/Mar/2012:15:19:24 -0700] "GET /robots.txt HTTP/1.1" 404 169 "-" "Mozilla/5.0 (compatible; YandexBot/3.0; +http://yandex.com/bots)"
95.108.150.235 - - [11/Mar/2012:15:19:24 -0700] "GET / HTTP/1.1" 200 1430 "-" "Mozilla/5.0 (compatible; YandexBot/3.0; +http://yandex.com/bots)"
95.108.150.235 - - [11/Mar/2012:15:19:26 -0700] "GET / HTTP/1.1" 200 1430 "-" "Mozilla/5.0 (compatible; YandexBot/3.0; +http://yandex.com/bots)"
85.17.88.169 - - [11/Mar/2012:15:21:46 -0700] "POST /blog/wp-cron.php?doing_wp_cron=1331504420 HTTP/1.0" 499 0 "-" "WordPress/3.3.1; http://yuvi.in/blog"
157.55.17.146 - - [11/Mar/2012:15:21:46 -0700] "GET /blog/college-drop/ HTTP/1.1" 200 4914 "-" "Mozilla/5.0 (compatible; bingbot/2.0; +http://www.bing.com/bingbot.htm)"
85.17.88.169 - - [11/Mar/2012:15:23:30 -0700] "POST /blog/wp-cron.php?doing_wp_cron=1331504525 HTTP/1.0" 499 0 "-" "WordPress/3.3.1; http://yuvi.in/blog"
100.43.83.144 - - [11/Mar/2012:15:23:30 -0700] "GET /blog/2011/06/ HTTP/1.1" 200 19739 "-" "Mozilla/5.0 (compatible; YandexBot/3.0; +http://yandex.com/bots)"
69.63.189.247 - - [11/Mar/2012:15:24:13 -0700] "GET /r/p0f HTTP/1.1" 301 255 "-" "facebookexternalhit/1.1 (+http://www.facebook.com/externalhit_uatext.php)"
69.63.189.251 - - [11/Mar/2012:15:24:13 -0700] "GET /s/ta/p0f/ HTTP/1.1" 302 433 "-" "facebookexternalhit/1.1 (+http://www.facebook.com/externalhit_uatext.php)"
85.17.88.169 - - [11/Mar/2012:15:28:46 -0700] "POST /blog/wp-cron.php?doing_wp_cron=1331504841 HTTP/1.0" 499 0 "-" "WordPress/3.3.1; http://yuvi.in/blog"
109.230.220.223 - - [11/Mar/2012:15:28:47 -0700] "GET /blog/category/education/ HTTP/1.0" 200 48712 "http://yuvi.in/blog/category/education/" "Mozilla/4.0 (compatible; MSIE 6.0; Windows ME) Opera 7.11  [en]"
85.17.88.169 - - [11/Mar/2012:15:29:03 -0700] "POST /blog/wp-cron.php?doing_wp_cron=1331504858 HTTP/1.0" 499 0 "-" "WordPress/3.3.1; http://yuvi.in/blog"
100.43.83.144 - - [11/Mar/2012:15:29:03 -0700] "GET /blog/tag/work/ HTTP/1.1" 200 7133 "-" "Mozilla/5.0 (compatible; YandexBot/3.0; +http://yandex.com/bots)"
220.181.108.89 - - [11/Mar/2012:15:38:00 -0700] "GET / HTTP/1.1" 200 3439 "-" "Mozilla/5.0 (compatible; Baiduspider/2.0; +http://www.baidu.com/search/spider.html)"
123.125.71.36 - - [11/Mar/2012:15:38:24 -0700] "GET / HTTP/1.1" 200 3439 "-" "Mozilla/5.0 (compatible; Baiduspider/2.0; +http://www.baidu.com/search/spider.html)"
85.17.88.169 - - [11/Mar/2012:15:38:24 -0700] "POST /blog/wp-cron.php?doing_wp_cron=1331505419 HTTP/1.0" 499 0 "-" "WordPress/3.3.1; http://yuvi.in/blog"
209.85.224.99 - - [11/Mar/2012:15:38:24 -0700] "GET /blog/feed HTTP/1.1" 304 0 "-" "FeedBurner/1.0 (http://www.FeedBurner.com)"
69.171.228.247 - - [11/Mar/2012:15:39:15 -0700] "GET /r/fmf HTTP/1.1" 301 255 "-" "facebookexternalhit/1.1 (+http://www.facebook.com/externalhit_uatext.php)"
69.171.228.249 - - [11/Mar/2012:15:39:15 -0700] "GET /s/ta/fmf/ HTTP/1.1" 302 349 "-" "facebookexternalhit/1.1 (+http://www.facebook.com/externalhit_uatext.php)"
85.17.88.169 - - [11/Mar/2012:15:39:51 -0700] "POST /blog/wp-cron.php?doing_wp_cron=1331505506 HTTP/1.0" 499 0 "-" "WordPress/3.3.1; http://yuvi.in/blog"
209.85.238.115 - - [11/Mar/2012:15:39:52 -0700] "GET /blog/feed/ HTTP/1.1" 304 0 "-" "Feedfetcher-Google; (+http://www.google.com/feedfetcher.html; 19 subscribers; feed-id=15064232456473204253)"
85.17.88.169 - - [11/Mar/2012:15:40:08 -0700] "POST /blog/wp-cron.php?doing_wp_cron=1331505522 HTTP/1.0" 499 0 "-" "WordPress/3.3.1; http://yuvi.in/blog"
87.11.112.65 - - [11/Mar/2012:15:40:09 -0700] "GET /blog/2011/08/ HTTP/1.1" 200 55556 "-" "Mozilla/5.0 (compatible; Googlebot/2.1; +http://www.google.com/bot.html)"
66.220.158.249 - - [11/Mar/2012:15:40:11 -0700] "GET /r/p0f HTTP/1.1" 301 255 "-" "facebookexternalhit/1.1 (+http://www.facebook.com/externalhit_uatext.php)"
66.220.158.244 - - [11/Mar/2012:15:40:11 -0700] "GET /s/ta/p0f/ HTTP/1.1" 302 433 "-" "facebookexternalhit/1.1 (+http://www.facebook.com/externalhit_uatext.php)"
208.115.113.84 - - [11/Mar/2012:15:41:54 -0700] "GET /robots.txt HTTP/1.1" 404 169 "-" "Mozilla/5.0 (compatible; Ezooms/1.0; ezooms.bot@gmail.com)"
180.76.6.37 - - [11/Mar/2012:15:51:03 -0700] "GET /blog/hackfest-09-expectations.html HTTP/1.1" 200 2432 "-" "Mozilla/5.0 (compatible; Baiduspider/2.0; +http://www.baidu.com/search/spider.html)"
85.17.88.169 - - [11/Mar/2012:15:53:39 -0700] "POST /blog/wp-cron.php?doing_wp_cron=1331506333 HTTP/1.0" 499 0 "-" "WordPress/3.3.1; http://yuvi.in/blog"
100.43.83.144 - - [11/Mar/2012:15:53:40 -0700] "GET /blog/tag/code/ HTTP/1.1" 200 9000 "-" "Mozilla/5.0 (compatible; YandexBot/3.0; +http://yandex.com/bots)"
85.17.88.169 - - [11/Mar/2012:15:54:09 -0700] "POST /blog/wp-cron.php?doing_wp_cron=1331506363 HTTP/1.0" 499 0 "-" "WordPress/3.3.1; http://yuvi.in/blog"
209.85.238.115 - - [11/Mar/2012:15:54:09 -0700] "GET /blog/feed HTTP/1.1" 301 0 "-" "Feedfetcher-Google; (+http://www.google.com/feedfetcher.html; 3 subscribers; feed-id=17684830852112633560)"
85.17.88.169 - - [11/Mar/2012:15:54:11 -0700] "POST /blog/wp-cron.php?doing_wp_cron=1331506366 HTTP/1.0" 499 0 "-" "WordPress/3.3.1; http://yuvi.in/blog"
209.85.238.115 - - [11/Mar/2012:15:54:12 -0700] "GET /blog/feed/ HTTP/1.1" 304 0 "-" "Feedfetcher-Google; (+http://www.google.com/feedfetcher.html; 3 subscribers; feed-id=17684830852112633560)"
69.171.234.5 - - [11/Mar/2012:15:54:32 -0700] "GET /r/kpo HTTP/1.1" 404 142 "-" "facebookexternalhit/1.1 (+http://www.facebook.com/externalhit_uatext.php)"
85.17.88.169 - - [11/Mar/2012:15:56:54 -0700] "POST /blog/wp-cron.php?doing_wp_cron=1331506529 HTTP/1.0" 499 0 "-" "WordPress/3.3.1; http://yuvi.in/blog"
100.43.83.144 - - [11/Mar/2012:15:56:55 -0700] "GET /blog/category/events/ HTTP/1.1" 200 13938 "-" "Mozilla/5.0 (compatible; YandexBot/3.0; +http://yandex.com/bots)"
85.17.88.169 - - [11/Mar/2012:15:56:59 -0700] "POST /blog/wp-cron.php?doing_wp_cron=1331506534 HTTP/1.0" 499 0 "-" "WordPress/3.3.1; http://yuvi.in/blog"
100.43.83.144 - - [11/Mar/2012:15:57:00 -0700] "GET /blog/cheese-gsoc-report-week-2/ HTTP/1.1" 200 5217 "-" "Mozilla/5.0 (compatible; YandexBot/3.0; +http://yandex.com/bots)"
85.17.88.169 - - [11/Mar/2012:15:57:04 -0700] "POST /blog/wp-cron.php?doing_wp_cron=1331506539 HTTP/1.0" 499 0 "-" "WordPress/3.3.1; http://yuvi.in/blog"
100.43.83.144 - - [11/Mar/2012:15:57:05 -0700] "GET /blog/belated-samsung-galaxy-3-review/ HTTP/1.1" 200 6686 "-" "Mozilla/5.0 (compatible; YandexBot/3.0; +http://yandex.com/bots)"
85.17.88.169 - - [11/Mar/2012:15:57:09 -0700] "POST /blog/wp-cron.php?doing_wp_cron=1331506544 HTTP/1.0" 499 0 "-" "WordPress/3.3.1; http://yuvi.in/blog"
100.43.83.144 - - [11/Mar/2012:15:57:10 -0700] "GET /blog/we-must-take-india-as-it-is-jules-verne/ HTTP/1.1" 200 6068 "-" "Mozilla/5.0 (compatible; YandexBot/3.0; +http://yandex.com/bots)"
85.17.88.169 - - [11/Mar/2012:15:57:14 -0700] "POST /blog/wp-cron.php?doing_wp_cron=1331506549 HTTP/1.0" 499 0 "-" "WordPress/3.3.1; http://yuvi.in/blog"
100.43.83.144 - - [11/Mar/2012:15:57:15 -0700] "GET /blog/block-cursor-vs-post-cursor-gvim-vs-emacs/ HTTP/1.1" 200 4692 "-" "Mozilla/5.0 (compatible; YandexBot/3.0; +http://yandex.com/bots)"
85.17.88.169 - - [11/Mar/2012:15:57:19 -0700] "POST /blog/wp-cron.php?doing_wp_cron=1331506554 HTTP/1.0" 499 0 "-" "WordPress/3.3.1; http://yuvi.in/blog"
100.43.83.144 - - [11/Mar/2012:15:57:19 -0700] "GET /blog/infosys-tcs-or-wipro-none/ HTTP/1.1" 200 7774 "-" "Mozilla/5.0 (compatible; YandexBot/3.0; +http://yandex.com/bots)"
85.17.88.169 - - [11/Mar/2012:15:57:24 -0700] "POST /blog/wp-cron.php?doing_wp_cron=1331506558 HTTP/1.0" 499 0 "-" "WordPress/3.3.1; http://yuvi.in/blog"
100.43.83.144 - - [11/Mar/2012:15:57:24 -0700] "GET /blog/page/3/ HTTP/1.1" 200 18678 "-" "Mozilla/5.0 (compatible; YandexBot/3.0; +http://yandex.com/bots)"
85.17.88.169 - - [11/Mar/2012:15:57:29 -0700] "POST /blog/wp-cron.php?doing_wp_cron=1331506563 HTTP/1.0" 499 0 "-" "WordPress/3.3.1; http://yuvi.in/blog"
100.43.83.144 - - [11/Mar/2012:15:57:29 -0700] "GET /blog/what-i-learnt-from-the-hackfest-at-iitm/ HTTP/1.1" 200 6073 "-" "Mozilla/5.0 (compatible; YandexBot/3.0; +http://yandex.com/bots)"
85.17.88.169 - - [11/Mar/2012:15:57:33 -0700] "POST /blog/wp-cron.php?doing_wp_cron=1331506568 HTTP/1.0" 499 0 "-" "WordPress/3.3.1; http://yuvi.in/blog"
100.43.83.144 - - [11/Mar/2012:15:57:34 -0700] "GET /blog/work-life-balance/ HTTP/1.1" 200 6456 "-" "Mozilla/5.0 (compatible; YandexBot/3.0; +http://yandex.com/bots)"
85.17.88.169 - - [11/Mar/2012:15:57:38 -0700] "POST /blog/wp-cron.php?doing_wp_cron=1331506572 HTTP/1.0" 499 0 "-" "WordPress/3.3.1; http://yuvi.in/blog"
100.43.83.144 - - [11/Mar/2012:15:57:38 -0700] "GET /blog/page/4/ HTTP/1.1" 200 16144 "-" "Mozilla/5.0 (compatible; YandexBot/3.0; +http://yandex.com/bots)"
69.171.242.250 - - [11/Mar/2012:15:57:57 -0700] "GET /r/2x9l HTTP/1.1" 301 257 "-" "facebookexternalhit/1.1 (+http://www.facebook.com/externalhit_uatext.php)"
69.171.242.249 - - [11/Mar/2012:15:57:57 -0700] "GET /s/ta/2x9l/ HTTP/1.1" 302 583 "-" "facebookexternalhit/1.1 (+http://www.facebook.com/externalhit_uatext.php)"
209.85.224.96 - - [11/Mar/2012:15:58:33 -0700] "GET /stories/feed HTTP/1.1" 200 13653 "-" "FeedBurner/1.0 (http://www.FeedBurner.com)"
84.126.6.191 - - [11/Mar/2012:15:59:01 -0700] "GET /r/1vu8 HTTP/1.1" 301 257 "http://ta.wikipedia.org/wiki/%E0%AE%A8%E0%AF%87%E0%AE%A4%E0%AE%B0%E0%AF%8D%E0%AE%A4%E0%AF%81%E0%AE%B5%E0%AE%BF%E0%AE%A4%E0%AF%8D%E0%AE%A4%E0%AF%81_%E0%AE%AE%E0%AF%8A%E0%AE%B4%E0%AE%BF" "Mozilla/5.0 (Windows NT 5.1) AppleWebKit/535.11 (KHTML, like Gecko) Chrome/17.0.963.79 Safari/535.11"
84.126.6.191 - - [11/Mar/2012:15:59:01 -0700] "GET /s/ta/1vu8/ HTTP/1.1" 302 473 "http://ta.wikipedia.org/wiki/%E0%AE%A8%E0%AF%87%E0%AE%A4%E0%AE%B0%E0%AF%8D%E0%AE%A4%E0%AF%81%E0%AE%B5%E0%AE%BF%E0%AE%A4%E0%AF%8D%E0%AE%A4%E0%AF%81_%E0%AE%AE%E0%AF%8A%E0%AE%B4%E0%AE%BF" "Mozilla/5.0 (Windows NT 5.1) AppleWebKit/535.11 (KHTML, like Gecko) Chrome/17.0.963.79 Safari/535.11"
85.103.28.103 - - [11/Mar/2012:15:59:58 -0700] "GET /blog/category/code/ HTTP/1.1" 200 38847 "-" "Mozilla/5.0 (compatible; Googlebot/2.1; +http://www.google.com/bot.html)"
207.46.204.219 - - [11/Mar/2012:16:02:19 -0700] "-" 400 0 "-" "-"
207.46.204.219 - - [11/Mar/2012:16:02:20 -0700] "-" 400 0 "-" "-"
207.46.204.219 - - [11/Mar/2012:16:02:20 -0700] "-" 400 0 "-" "-"
207.46.204.219 - - [11/Mar/2012:16:02:21 -0700] "-" 400 0 "-" "-"
207.46.204.219 - - [11/Mar/2012:16:02:21 -0700] "-" 400 0 "-" "-"
207.46.204.219 - - [11/Mar/2012:16:02:21 -0700] "-" 400 0 "-" "-"
207.46.204.219 - - [11/Mar/2012:16:02:22 -0700] "-" 400 0 "-" "-"
207.46.204.219 - - [11/Mar/2012:16:02:22 -0700] "-" 400 0 "-" "-"
207.46.204.219 - - [11/Mar/2012:16:02:22 -0700] "-" 400 0 "-" "-"
207.46.204.219 - - [11/Mar/2012:16:02:22 -0700] "-" 400 0 "-" "-"
207.46.204.219 - - [11/Mar/2012:16:02:55 -0700] "-" 400 0 "-" "-"
207.46.204.172 - - [11/Mar/2012:16:05:28 -0700] "-" 400 0 "-" "-"
207.46.204.172 - - [11/Mar/2012:16:05:30 -0700] "-" 400 0 "-" "-"
207.46.204.172 - - [11/Mar/2012:16:05:31 -0700] "-" 400 0 "-" "-"
207.46.204.172 - - [11/Mar/2012:16:05:31 -0700] "-" 400 0 "-" "-"
207.46.204.172 - - [11/Mar/2012:16:05:31 -0700] "-" 400 0 "-" "-"
207.46.204.172 - - [11/Mar/2012:16:05:31 -0700] "-" 400 0 "-" "-"
207.46.204.172 - - [11/Mar/2012:16:05:31 -0700] "-" 400 0 "-" "-"
207.46.204.172 - - [11/Mar/2012:16:05:32 -0700] "-" 400 0 "-" "-"
207.46.204.172 - - [11/Mar/2012:16:05:32 -0700] "-" 400 0 "-" "-"
207.46.204.172 - - [11/Mar/2012:16:06:00 -0700] "-" 400 0 "-" "-"
207.46.204.172 - - [11/Mar/2012:16:06:01 -0700] "-" 400 0 "-" "-"
85.17.88.169 - - [11/Mar/2012:16:08:33 -0700] "POST /blog/wp-cron.php?doing_wp_cron=1331507228 HTTP/1.0" 499 0 "-" "WordPress/3.3.1; http://yuvi.in/blog"
209.85.224.82 - - [11/Mar/2012:16:08:34 -0700] "GET /blog/feed HTTP/1.1" 304 0 "-" "FeedBurner/1.0 (http://www.FeedBurner.com)"
186.86.101.196 - - [11/Mar/2012:16:09:35 -0700] "GET /r/2q3 HTTP/1.1" 301 255 "http://ta.wikipedia.org/wiki/%E0%AE%A8%E0%AE%A9%E0%AF%8D%E0%AE%A9%E0%AF%82%E0%AE%B2%E0%AF%8D" "Mozilla/5.0 (Windows NT 6.1) AppleWebKit/535.11 (KHTML, like Gecko) Chrome/17.0.963.79 Safari/535.11"
186.86.101.196 - - [11/Mar/2012:16:09:35 -0700] "GET /s/ta/2q3/ HTTP/1.1" 302 349 "http://ta.wikipedia.org/wiki/%E0%AE%A8%E0%AE%A9%E0%AF%8D%E0%AE%A9%E0%AF%82%E0%AE%B2%E0%AF%8D" "Mozilla/5.0 (Windows NT 6.1) AppleWebKit/535.11 (KHTML, like Gecko) Chrome/17.0.963.79 Safari/535.11"
125.22.199.2 - - [11/Mar/2012:16:09:48 -0700] "-" 400 0 "-" "-"
107.21.162.140 - - [11/Mar/2012:16:11:34 -0700] "GET /robots.txt HTTP/1.1" 404 211 "" "EC2LinkFinder"
107.21.162.140 - - [11/Mar/2012:16:11:35 -0700] "GET / HTTP/1.1" 404 211 "" "EC2LinkFinder"
85.17.88.169 - - [11/Mar/2012:16:11:52 -0700] "POST /blog/wp-cron.php?doing_wp_cron=1331507426 HTTP/1.0" 499 0 "-" "WordPress/3.3.1; http://yuvi.in/blog"
107.21.193.83 - - [11/Mar/2012:16:11:52 -0700] "GET /blog/what-stop-child-athiest/ HTTP/1.1" 200 5573 "-" "Mozilla/5.0 (Macintosh; U; Intel Mac OS X 10.6; en-US; rv:1.9.2) Gecko/20100115 Firefox/3.6 (FlipboardProxy/1.1; +http://flipboard.com/browserproxy)"
125.22.199.2 - - [11/Mar/2012:16:19:09 -0700] "-" 400 0 "-" "-"
125.22.199.2 - - [11/Mar/2012:16:19:09 -0700] "-" 400 0 "-" "-"
125.22.199.2 - - [11/Mar/2012:16:19:09 -0700] "-" 400 0 "-" "-"
207.46.204.169 - - [11/Mar/2012:16:27:24 -0700] "-" 400 0 "-" "-"
207.46.204.169 - - [11/Mar/2012:16:27:25 -0700] "-" 400 0 "-" "-"
207.46.204.169 - - [11/Mar/2012:16:27:26 -0700] "-" 400 0 "-" "-"
207.46.204.169 - - [11/Mar/2012:16:27:26 -0700] "-" 400 0 "-" "-"
207.46.204.169 - - [11/Mar/2012:16:27:28 -0700] "-" 400 0 "-" "-"
207.46.204.169 - - [11/Mar/2012:16:27:28 -0700] "-" 400 0 "-" "-"
207.46.204.169 - - [11/Mar/2012:16:27:29 -0700] "-" 400 0 "-" "-"
207.46.204.169 - - [11/Mar/2012:16:27:29 -0700] "-" 400 0 "-" "-"
207.46.204.169 - - [11/Mar/2012:16:27:29 -0700] "-" 400 0 "-" "-"
207.46.204.169 - - [11/Mar/2012:16:27:30 -0700] "-" 400 0 "-" "-"
207.46.204.169 - - [11/Mar/2012:16:28:04 -0700] "-" 400 0 "-" "-"
180.76.5.175 - - [11/Mar/2012:16:29:20 -0700] "GET /r/2yic HTTP/1.1" 301 257 "-" "Mozilla/5.0 (compatible; Baiduspider/2.0; +http://www.baidu.com/search/spider.html)"
180.76.6.26 - - [11/Mar/2012:16:29:21 -0700] "GET /s/ta/2yic/ HTTP/1.1" 302 433 "-" "Mozilla/5.0 (compatible; Baiduspider/2.0; +http://www.baidu.com/search/spider.html)"
100.43.83.144 - - [11/Mar/2012:16:29:49 -0700] "GET /blog/running-archlinux.html HTTP/1.1" 200 2920 "-" "Mozilla/5.0 (compatible; YandexBot/3.0; +http://yandex.com/bots)"
207.46.204.209 - - [11/Mar/2012:16:33:00 -0700] "-" 400 0 "-" "-"
207.46.204.209 - - [11/Mar/2012:16:33:02 -0700] "-" 400 0 "-" "-"
207.46.204.209 - - [11/Mar/2012:16:33:02 -0700] "-" 400 0 "-" "-"
207.46.204.209 - - [11/Mar/2012:16:33:02 -0700] "-" 400 0 "-" "-"
207.46.204.209 - - [11/Mar/2012:16:33:03 -0700] "-" 400 0 "-" "-"
207.46.204.209 - - [11/Mar/2012:16:33:03 -0700] "-" 400 0 "-" "-"
207.46.204.209 - - [11/Mar/2012:16:33:03 -0700] "-" 400 0 "-" "-"
207.46.204.209 - - [11/Mar/2012:16:33:03 -0700] "-" 400 0 "-" "-"
207.46.204.209 - - [11/Mar/2012:16:33:03 -0700] "-" 400 0 "-" "-"
207.46.204.209 - - [11/Mar/2012:16:33:04 -0700] "-" 400 0 "-" "-"
207.46.204.209 - - [11/Mar/2012:16:33:28 -0700] "-" 400 0 "-" "-"
85.17.88.169 - - [11/Mar/2012:16:37:08 -0700] "POST /blog/wp-cron.php?doing_wp_cron=1331508942 HTTP/1.0" 499 0 "-" "WordPress/3.3.1; http://yuvi.in/blog"
66.249.67.123 - - [11/Mar/2012:16:37:09 -0700] "GET /blog/ HTTP/1.1" 200 10128 "-" "Mozilla/5.0 (iPhone; U; CPU iPhone OS 4_1 like Mac OS X; en-us) AppleWebKit/532.9 (KHTML, like Gecko) Version/4.0.5 Mobile/8B117 Safari/6531.22.7 (compatible; Googlebot-Mobile/2.1; +http://www.google.com/bot.html)"
85.17.88.169 - - [11/Mar/2012:16:37:11 -0700] "POST /blog/wp-cron.php?doing_wp_cron=1331508946 HTTP/1.0" 499 0 "-" "WordPress/3.3.1; http://yuvi.in/blog"
209.85.238.115 - - [11/Mar/2012:16:37:12 -0700] "GET /blog/feed/ HTTP/1.1" 304 0 "-" "Feedfetcher-Google; (+http://www.google.com/feedfetcher.html; 19 subscribers; feed-id=15064232456473204253)"
85.17.88.169 - - [11/Mar/2012:16:38:44 -0700] "POST /blog/wp-cron.php?doing_wp_cron=1331509038 HTTP/1.0" 499 0 "-" "WordPress/3.3.1; http://yuvi.in/blog"
209.85.224.86 - - [11/Mar/2012:16:38:44 -0700] "GET /blog/feed HTTP/1.1" 304 0 "-" "FeedBurner/1.0 (http://www.FeedBurner.com)"
66.249.68.52 - - [11/Mar/2012:16:42:53 -0700] "GET /robots.txt HTTP/1.1" 404 211 "-" "Mozilla/5.0 (compatible; Googlebot/2.1; +http://www.google.com/bot.html)"
66.249.68.52 - - [11/Mar/2012:16:42:53 -0700] "GET /r/31cf HTTP/1.1" 301 257 "-" "Mozilla/5.0 (compatible; Googlebot/2.1; +http://www.google.com/bot.html)"
66.249.68.52 - - [11/Mar/2012:16:42:54 -0700] "GET /s/ta/31cf/ HTTP/1.1" 302 715 "-" "Mozilla/5.0 (compatible; Googlebot/2.1; +http://www.google.com/bot.html)"
85.17.88.169 - - [11/Mar/2012:16:43:26 -0700] "POST /blog/wp-cron.php?doing_wp_cron=1331509320 HTTP/1.0" 499 0 "-" "WordPress/3.3.1; http://yuvi.in/blog"
180.76.5.93 - - [11/Mar/2012:16:43:27 -0700] "GET /blog/story-average-indian-techie/?src=hn HTTP/1.1" 200 15981 "-" "Mozilla/5.0 (compatible; Baiduspider/2.0; +http://www.baidu.com/search/spider.html)"
85.17.88.169 - - [11/Mar/2012:16:51:10 -0700] "POST /blog/wp-cron.php?doing_wp_cron=1331509784 HTTP/1.0" 499 0 "-" "WordPress/3.3.1; http://yuvi.in/blog"
101.226.33.174 - - [11/Mar/2012:16:51:10 -0700] "GET /blog/feed HTTP/1.0" 304 0 "-" "Mozilla/4.0 (compatible; Windows;)"
69.171.234.7 - - [11/Mar/2012:16:53:32 -0700] "GET /r/1uj HTTP/1.1" 301 255 "-" "facebookexternalhit/1.1 (+http://www.facebook.com/externalhit_uatext.php)"
69.171.234.3 - - [11/Mar/2012:16:53:32 -0700] "GET /s/ta/1uj/ HTTP/1.1" 302 501 "-" "facebookexternalhit/1.1 (+http://www.facebook.com/externalhit_uatext.php)"
85.17.88.169 - - [11/Mar/2012:16:54:36 -0700] "POST /blog/wp-cron.php?doing_wp_cron=1331509990 HTTP/1.0" 499 0 "-" "WordPress/3.3.1; http://yuvi.in/blog"
208.115.113.84 - - [11/Mar/2012:16:54:37 -0700] "GET /blog/category/uncategorized/feed/ HTTP/1.1" 200 57209 "-" "Mozilla/5.0 (compatible; Ezooms/1.0; ezooms.bot@gmail.com)"
85.17.88.169 - - [11/Mar/2012:16:54:46 -0700] "POST /blog/wp-cron.php?doing_wp_cron=1331510000 HTTP/1.0" 499 0 "-" "WordPress/3.3.1; http://yuvi.in/blog"
208.115.113.84 - - [11/Mar/2012:16:54:46 -0700] "GET /blog/how-i-spent-the-day-today/ HTTP/1.1" 200 17846 "-" "Mozilla/5.0 (compatible; Ezooms/1.0; ezooms.bot@gmail.com)"
208.115.113.84 - - [11/Mar/2012:16:54:51 -0700] "GET /blog/pycon-india-2009.html HTTP/1.1" 200 8963 "-" "Mozilla/5.0 (compatible; Ezooms/1.0; ezooms.bot@gmail.com)"
208.115.113.84 - - [11/Mar/2012:16:54:53 -0700] "GET /stories/it-s-never-over.html HTTP/1.1" 200 3634 "-" "Mozilla/5.0 (compatible; Ezooms/1.0; ezooms.bot@gmail.com)"
85.17.88.169 - - [11/Mar/2012:16:57:28 -0700] "POST /blog/wp-cron.php?doing_wp_cron=1331510162 HTTP/1.0" 499 0 "-" "WordPress/3.3.1; http://yuvi.in/blog"
100.43.83.144 - - [11/Mar/2012:16:57:28 -0700] "GET /blog/the-fridge-at-interviewstreet-office/ HTTP/1.1" 200 4986 "-" "Mozilla/5.0 (compatible; YandexBot/3.0; +http://yandex.com/bots)"
209.85.224.84 - - [11/Mar/2012:16:58:35 -0700] "GET /stories/feed HTTP/1.1" 200 13653 "-" "FeedBurner/1.0 (http://www.FeedBurner.com)"
66.249.68.52 - - [11/Mar/2012:17:00:07 -0700] "GET /r/2gav%3E HTTP/1.1" 301 263 "-" "Mozilla/5.0 (compatible; Googlebot/2.1; +http://www.google.com/bot.html)"
66.249.68.52 - - [11/Mar/2012:17:00:07 -0700] "GET /s/ta/2gav%3E/ HTTP/1.1" 502 173 "-" "Mozilla/5.0 (compatible; Googlebot/2.1; +http://www.google.com/bot.html)"
85.17.88.169 - - [11/Mar/2012:17:03:19 -0700] "POST /blog/wp-cron.php?doing_wp_cron=1331510514 HTTP/1.0" 499 0 "-" "WordPress/3.3.1; http://yuvi.in/blog"
209.85.238.115 - - [11/Mar/2012:17:03:20 -0700] "GET /blog/feed HTTP/1.1" 301 0 "-" "Feedfetcher-Google; (+http://www.google.com/feedfetcher.html; 3 subscribers; feed-id=17684830852112633560)"
85.17.88.169 - - [11/Mar/2012:17:03:22 -0700] "POST /blog/wp-cron.php?doing_wp_cron=1331510516 HTTP/1.0" 499 0 "-" "WordPress/3.3.1; http://yuvi.in/blog"
209.85.238.115 - - [11/Mar/2012:17:03:22 -0700] "GET /blog/feed/ HTTP/1.1" 304 0 "-" "Feedfetcher-Google; (+http://www.google.com/feedfetcher.html; 3 subscribers; feed-id=17684830852112633560)"
124.115.0.161 - - [11/Mar/2012:17:05:52 -0700] "GET / HTTP/1.1" 304 0 "-" "Sosospider+(+http://help.soso.com/webspider.htm)"
66.249.68.52 - - [11/Mar/2012:17:07:14 -0700] "GET /s/ta/240../ HTTP/1.1" 502 173 "-" "Mozilla/5.0 (compatible; Googlebot/2.1; +http://www.google.com/bot.html)"
85.17.88.169 - - [11/Mar/2012:17:08:57 -0700] "POST /blog/wp-cron.php?doing_wp_cron=1331510851 HTTP/1.0" 499 0 "-" "WordPress/3.3.1; http://yuvi.in/blog"
209.85.224.93 - - [11/Mar/2012:17:08:57 -0700] "GET /blog/feed HTTP/1.1" 304 0 "-" "FeedBurner/1.0 (http://www.FeedBurner.com)"
141.0.9.133 - - [11/Mar/2012:17:26:47 -0700] "-" 400 0 "-" "-"
180.76.5.110 - - [11/Mar/2012:17:27:22 -0700] "GET /blog/hello-world-again.html HTTP/1.1" 200 3436 "-" "Mozilla/5.0 (compatible; Baiduspider/2.0; +http://www.baidu.com/search/spider.html)"
130.83.167.153 - - [11/Mar/2012:17:30:27 -0700] "GET /robots.txt HTTP/1.1" 404 169 "-" "findlinks/2.1.5 (+http://wortschatz.uni-leipzig.de/findlinks/)"
85.17.88.169 - - [11/Mar/2012:17:31:22 -0700] "POST /blog/wp-cron.php?doing_wp_cron=1331512196 HTTP/1.0" 499 0 "-" "WordPress/3.3.1; http://yuvi.in/blog"
77.109.85.165 - - [11/Mar/2012:17:31:23 -0700] "GET /blog/ HTTP/1.1" 200 33186 "-" "Mozilla/5.0 (X11; U; Linux i686; en; rv:1.9) Gecko/2008062113 Iceweasel/3.0"
85.17.88.169 - - [11/Mar/2012:17:31:25 -0700] "POST /blog/wp-cron.php?doing_wp_cron=1331512199 HTTP/1.0" 499 0 "-" "WordPress/3.3.1; http://yuvi.in/blog"
186.212.78.119 - - [11/Mar/2012:17:31:26 -0700] "GET /blog/category/code/ HTTP/1.1" 200 38681 "-" "Mozilla/5.0 (compatible; Googlebot/2.1; +http://www.google.com/bot.html)"
85.17.88.169 - - [11/Mar/2012:17:34:42 -0700] "POST /blog/wp-cron.php?doing_wp_cron=1331512396 HTTP/1.0" 499 0 "-" "WordPress/3.3.1; http://yuvi.in/blog"
209.85.238.115 - - [11/Mar/2012:17:34:42 -0700] "GET /blog/feed/ HTTP/1.1" 304 0 "-" "Feedfetcher-Google; (+http://www.google.com/feedfetcher.html; 19 subscribers; feed-id=15064232456473204253)"
85.17.88.169 - - [11/Mar/2012:17:39:05 -0700] "POST /blog/wp-cron.php?doing_wp_cron=1331512659 HTTP/1.0" 499 0 "-" "WordPress/3.3.1; http://yuvi.in/blog"
209.85.224.99 - - [11/Mar/2012:17:39:06 -0700] "GET /blog/feed HTTP/1.1" 304 0 "-" "FeedBurner/1.0 (http://www.FeedBurner.com)"
220.181.108.91 - - [11/Mar/2012:17:44:53 -0700] "GET /s/ta/2x9/ HTTP/1.1" 302 625 "-" "Mozilla/5.0 (compatible; Baiduspider/2.0; +http://www.baidu.com/search/spider.html)"
217.249.141.169 - - [11/Mar/2012:17:45:52 -0700] "GET /stories/it-s-never-over.html HTTP/1.1" 200 3634 "-" "findlinks/2.0.2 (+http://wortschatz.uni-leipzig.de/findlinks/)"
111.223.147.70 - - [11/Mar/2012:17:49:13 -0700] "GET /r/u5n HTTP/1.1" 301 255 "http://ta.wikipedia.org/wiki/%E0%AE%A8%E0%AF%86%E0%AE%9F%E0%AF%81%E0%AE%A8%E0%AF%8D%E0%AE%A4%E0%AF%80%E0%AE%B5%E0%AF%81_%E0%AE%AA%E0%AE%BF%E0%AE%B0%E0%AE%A4%E0%AF%87%E0%AE%9A%E0%AE%9A%E0%AF%8D_%E0%AE%9A%E0%AF%86%E0%AE%AF%E0%AE%B2%E0%AE%BE%E0%AE%B3%E0%AE%B0%E0%AF%8D_%E0%AE%AA%E0%AE%BF%E0%AE%B0%E0%AE%BF%E0%AE%B5%E0%AF%81" "Mozilla/5.0 (Windows NT 6.1; rv:9.0.1) Gecko/20100101 Firefox/9.0.1"
111.223.147.70 - - [11/Mar/2012:17:49:14 -0700] "GET /s/ta/u5n/ HTTP/1.1" 302 661 "http://ta.wikipedia.org/wiki/%E0%AE%A8%E0%AF%86%E0%AE%9F%E0%AF%81%E0%AE%A8%E0%AF%8D%E0%AE%A4%E0%AF%80%E0%AE%B5%E0%AF%81_%E0%AE%AA%E0%AE%BF%E0%AE%B0%E0%AE%A4%E0%AF%87%E0%AE%9A%E0%AE%9A%E0%AF%8D_%E0%AE%9A%E0%AF%86%E0%AE%AF%E0%AE%B2%E0%AE%BE%E0%AE%B3%E0%AE%B0%E0%AF%8D_%E0%AE%AA%E0%AE%BF%E0%AE%B0%E0%AE%BF%E0%AE%B5%E0%AF%81" "Mozilla/5.0 (Windows NT 6.1; rv:9.0.1) Gecko/20100101 Firefox/9.0.1"
111.223.147.70 - - [11/Mar/2012:17:49:18 -0700] "-" 400 0 "-" "-"
66.249.68.52 - - [11/Mar/2012:17:56:44 -0700] "GET /s/ta/2fd%E0%AE%95%E0%AE%9F%E0%AF%8D%E0%AE%9F%E0%AE%B1%E0%AF%8D%E0%AE%B1/ HTTP/1.1" 502 173 "-" "Mozilla/5.0 (compatible; Googlebot/2.1; +http://www.google.com/bot.html)"
209.85.224.80 - - [11/Mar/2012:17:58:37 -0700] "GET /stories/feed HTTP/1.1" 200 13653 "-" "FeedBurner/1.0 (http://www.FeedBurner.com)"
85.17.88.169 - - [11/Mar/2012:18:02:50 -0700] "POST /blog/wp-cron.php?doing_wp_cron=1331514084 HTTP/1.0" 499 0 "-" "WordPress/3.3.1; http://yuvi.in/blog"
209.85.238.115 - - [11/Mar/2012:18:02:51 -0700] "GET /blog/feed HTTP/1.1" 301 0 "-" "Feedfetcher-Google; (+http://www.google.com/feedfetcher.html; 3 subscribers; feed-id=17684830852112633560)"
85.17.88.169 - - [11/Mar/2012:18:02:53 -0700] "POST /blog/wp-cron.php?doing_wp_cron=1331514086 HTTP/1.0" 499 0 "-" "WordPress/3.3.1; http://yuvi.in/blog"
209.85.238.115 - - [11/Mar/2012:18:02:53 -0700] "GET /blog/feed/ HTTP/1.1" 304 0 "-" "Feedfetcher-Google; (+http://www.google.com/feedfetcher.html; 3 subscribers; feed-id=17684830852112633560)"
65.52.110.192 - - [11/Mar/2012:18:06:03 -0700] "GET /robots.txt HTTP/1.1" 404 169 "-" "Mozilla/5.0 (compatible; bingbot/2.0; +http://www.bing.com/bingbot.htm)"
65.52.110.192 - - [11/Mar/2012:18:06:40 -0700] "GET / HTTP/1.1" 304 0 "-" "Mozilla/5.0 (compatible; bingbot/2.0; +http://www.bing.com/bingbot.htm)"
85.17.88.169 - - [11/Mar/2012:18:07:38 -0700] "POST /blog/wp-cron.php?doing_wp_cron=1331514372 HTTP/1.0" 499 0 "-" "WordPress/3.3.1; http://yuvi.in/blog"
180.76.5.197 - - [11/Mar/2012:18:07:39 -0700] "GET /blog/tag/crap/ HTTP/1.1" 200 2970 "-" "Mozilla/5.0 (compatible; Baiduspider/2.0; +http://www.baidu.com/search/spider.html)"
87.198.12.52 - - [11/Mar/2012:18:08:32 -0700] "GET /POSM/ HTTP/1.1" 304 0 "-" "Mozilla/5.0 (iPad; CPU OS 5_1 like Mac OS X) AppleWebKit/534.46 (KHTML, like Gecko) Version/5.1 Mobile/9B176 Safari/7534.48.3"
87.198.12.52 - - [11/Mar/2012:18:08:33 -0700] "GET /POSM/style.css HTTP/1.1" 304 0 "http://yuvi.in/POSM/" "Mozilla/5.0 (iPad; CPU OS 5_1 like Mac OS X) AppleWebKit/534.46 (KHTML, like Gecko) Version/5.1 Mobile/9B176 Safari/7534.48.3"
87.198.12.52 - - [11/Mar/2012:18:08:33 -0700] "GET /POSM/js/changesets.js HTTP/1.1" 304 0 "http://yuvi.in/POSM/" "Mozilla/5.0 (iPad; CPU OS 5_1 like Mac OS X) AppleWebKit/534.46 (KHTML, like Gecko) Version/5.1 Mobile/9B176 Safari/7534.48.3"
87.198.12.52 - - [11/Mar/2012:18:08:33 -0700] "GET /POSM/js/main.js HTTP/1.1" 304 0 "http://yuvi.in/POSM/" "Mozilla/5.0 (iPad; CPU OS 5_1 like Mac OS X) AppleWebKit/534.46 (KHTML, like Gecko) Version/5.1 Mobile/9B176 Safari/7534.48.3"
87.198.12.52 - - [11/Mar/2012:18:08:33 -0700] "GET /POSM/img/save.png HTTP/1.1" 404 142 "http://yuvi.in/POSM/" "Mozilla/5.0 (iPad; CPU OS 5_1 like Mac OS X) AppleWebKit/534.46 (KHTML, like Gecko) Version/5.1 Mobile/9B176 Safari/7534.48.3"
87.198.12.52 - - [11/Mar/2012:18:08:34 -0700] "GET /POSM/lib/jquery.mobile-1.0.1.js HTTP/1.1" 200 221124 "http://yuvi.in/POSM/" "Mozilla/5.0 (iPad; CPU OS 5_1 like Mac OS X) AppleWebKit/534.46 (KHTML, like Gecko) Version/5.1 Mobile/9B176 Safari/7534.48.3"
87.198.12.52 - - [11/Mar/2012:18:08:34 -0700] "GET /POSM/lib/leaflet/leaflet-src.js HTTP/1.1" 200 133300 "http://yuvi.in/POSM/" "Mozilla/5.0 (iPad; CPU OS 5_1 like Mac OS X) AppleWebKit/534.46 (KHTML, like Gecko) Version/5.1 Mobile/9B176 Safari/7534.48.3"
87.198.12.52 - - [11/Mar/2012:18:08:35 -0700] "GET /POSM/img/save.png HTTP/1.1" 404 142 "http://yuvi.in/POSM/" "Mozilla/5.0 (iPad; CPU OS 5_1 like Mac OS X) AppleWebKit/534.46 (KHTML, like Gecko) Version/5.1 Mobile/9B176 Safari/7534.48.3"
87.198.12.52 - mackerski [11/Mar/2012:18:08:38 -0700] "POST /osm/api/0.6/changeset/create HTTP/1.1" 200 28 "http://yuvi.in/POSM/" "Mozilla/5.0 (iPad; CPU OS 5_1 like Mac OS X) AppleWebKit/534.46 (KHTML, like Gecko) Version/5.1 Mobile/9B176 Safari/7534.48.3"
85.17.88.169 - - [11/Mar/2012:18:09:09 -0700] "POST /blog/wp-cron.php?doing_wp_cron=1331514463 HTTP/1.0" 499 0 "-" "WordPress/3.3.1; http://yuvi.in/blog"
209.85.224.94 - - [11/Mar/2012:18:09:10 -0700] "GET /blog/feed HTTP/1.1" 304 0 "-" "FeedBurner/1.0 (http://www.FeedBurner.com)"
66.249.68.52 - - [11/Mar/2012:18:09:35 -0700] "GET /s/ta/2n3fregardsBala/ HTTP/1.1" 502 173 "-" "Mozilla/5.0 (compatible; Googlebot/2.1; +http://www.google.com/bot.html)"
67.215.230.27 - - [11/Mar/2012:18:13:52 -0700] "GET /robots.txt HTTP/1.0" 404 169 "-" "Setooz/Nutch-1.2 (http://www.setooz.com)"
67.215.230.27 - - [11/Mar/2012:18:13:52 -0700] "GET / HTTP/1.0" 200 3439 "-" "Setooz/Nutch-1.2 (http://www.setooz.com)"
67.215.230.28 - - [11/Mar/2012:18:13:58 -0700] "GET /robots.txt HTTP/1.0" 404 169 "-" "Setooz/Nutch-1.2 (http://www.setooz.com)"
67.215.230.28 - - [11/Mar/2012:18:13:58 -0700] "GET /stories HTTP/1.0" 301 185 "-" "Setooz/Nutch-1.2 (http://www.setooz.com)"
85.17.88.169 - - [11/Mar/2012:18:19:28 -0700] "POST /blog/wp-cron.php?doing_wp_cron=1331515082 HTTP/1.0" 499 0 "-" "WordPress/3.3.1; http://yuvi.in/blog"
66.249.67.123 - - [11/Mar/2012:18:19:28 -0700] "GET /blog/sleepsort-4chan/feed/ HTTP/1.1" 200 740 "-" "DoCoMo/2.0 N905i(c100;TB;W24H16) (compatible; Googlebot-Mobile/2.1; +http://www.google.com/bot.html)"
66.249.68.52 - - [11/Mar/2012:18:21:07 -0700] "GET /r/gx3%E0%AE%95%E0%AE%9F%E0%AF%8D%E0%AE%9F%E0%AE%B1%E0%AF%8D%E0%AE%B1 HTTP/1.1" 301 381 "-" "Mozilla/5.0 (compatible; Googlebot/2.1; +http://www.google.com/bot.html)"
66.249.68.52 - - [11/Mar/2012:18:21:08 -0700] "GET /s/ta/gx3%E0%AE%95%E0%AE%9F%E0%AF%8D%E0%AE%9F%E0%AE%B1%E0%AF%8D%E0%AE%B1/ HTTP/1.1" 502 173 "-" "Mozilla/5.0 (compatible; Googlebot/2.1; +http://www.google.com/bot.html)"
117.193.225.182 - - [11/Mar/2012:18:23:57 -0700] "GET /r/1mmq HTTP/1.1" 301 257 "http://ta.wikipedia.org/wiki/%E0%AE%9A%E0%AE%AE%E0%AE%AF%E0%AE%AA%E0%AF%81%E0%AE%B0%E0%AE%AE%E0%AF%8D_%E0%AE%AE%E0%AE%BE%E0%AE%B0%E0%AE%BF%E0%AE%AF%E0%AE%AE%E0%AF%8D%E0%AE%AE%E0%AE%A9%E0%AF%8D_%E0%AE%95%E0%AF%8B%E0%AE%AF%E0%AE%BF%E0%AE%B2%E0%AF%8D" "Mozilla/5.0 (Windows NT 5.1) AppleWebKit/535.11 (KHTML, like Gecko) Chrome/17.0.963.78 Safari/535.11"
117.193.225.182 - - [11/Mar/2012:18:23:58 -0700] "GET /s/ta/1mmq/ HTTP/1.1" 302 561 "http://ta.wikipedia.org/wiki/%E0%AE%9A%E0%AE%AE%E0%AE%AF%E0%AE%AA%E0%AF%81%E0%AE%B0%E0%AE%AE%E0%AF%8D_%E0%AE%AE%E0%AE%BE%E0%AE%B0%E0%AE%BF%E0%AE%AF%E0%AE%AE%E0%AF%8D%E0%AE%AE%E0%AE%A9%E0%AF%8D_%E0%AE%95%E0%AF%8B%E0%AE%AF%E0%AE%BF%E0%AE%B2%E0%AF%8D" "Mozilla/5.0 (Windows NT 5.1) AppleWebKit/535.11 (KHTML, like Gecko) Chrome/17.0.963.78 Safari/535.11"
117.193.225.182 - - [11/Mar/2012:18:24:12 -0700] "-" 400 0 "-" "-"
207.46.204.162 - - [11/Mar/2012:18:25:29 -0700] "-" 400 0 "-" "-"
207.46.204.162 - - [11/Mar/2012:18:25:29 -0700] "-" 400 0 "-" "-"
207.46.204.162 - - [11/Mar/2012:18:25:29 -0700] "-" 400 0 "-" "-"
207.46.204.162 - - [11/Mar/2012:18:25:30 -0700] "-" 400 0 "-" "-"
207.46.204.162 - - [11/Mar/2012:18:25:30 -0700] "-" 400 0 "-" "-"
207.46.204.162 - - [11/Mar/2012:18:25:31 -0700] "-" 400 0 "-" "-"
207.46.204.162 - - [11/Mar/2012:18:25:31 -0700] "-" 400 0 "-" "-"
207.46.204.162 - - [11/Mar/2012:18:25:32 -0700] "-" 400 0 "-" "-"
207.46.204.162 - - [11/Mar/2012:18:25:32 -0700] "-" 400 0 "-" "-"
207.46.204.162 - - [11/Mar/2012:18:26:16 -0700] "-" 400 0 "-" "-"
85.17.88.169 - - [11/Mar/2012:18:29:22 -0700] "POST /blog/wp-cron.php?doing_wp_cron=1331515676 HTTP/1.0" 499 0 "-" "WordPress/3.3.1; http://yuvi.in/blog"
209.85.238.115 - - [11/Mar/2012:18:29:23 -0700] "GET /blog/feed/ HTTP/1.1" 304 0 "-" "Feedfetcher-Google; (+http://www.google.com/feedfetcher.html; 19 subscribers; feed-id=15064232456473204253)"
76.208.20.194 - - [11/Mar/2012:18:30:22 -0700] "GET /r/fvu HTTP/1.1" 301 255 "http://ta.wikipedia.org/wiki/%E0%AE%B5%E0%AE%B3%E0%AF%88%E0%AE%AF%E0%AE%BE%E0%AE%AA%E0%AE%A4%E0%AE%BF" "Mozilla/5.0 (iPad; CPU OS 5_0_1 like Mac OS X) AppleWebKit/534.46 (KHTML, like Gecko) Version/5.1 Mobile/9A405 Safari/7534.48.3"
76.208.20.194 - - [11/Mar/2012:18:30:23 -0700] "GET /s/ta/fvu/ HTTP/1.1" 302 361 "http://ta.wikipedia.org/wiki/%E0%AE%B5%E0%AE%B3%E0%AF%88%E0%AE%AF%E0%AE%BE%E0%AE%AA%E0%AE%A4%E0%AE%BF" "Mozilla/5.0 (iPad; CPU OS 5_0_1 like Mac OS X) AppleWebKit/534.46 (KHTML, like Gecko) Version/5.1 Mobile/9A405 Safari/7534.48.3"
49.203.176.80 - - [11/Mar/2012:18:34:29 -0700] "-" 400 0 "-" "-"
49.203.176.80 - - [11/Mar/2012:18:34:29 -0700] "-" 400 0 "-" "-"
49.203.176.80 - - [11/Mar/2012:18:34:29 -0700] "-" 400 0 "-" "-"
49.203.176.80 - - [11/Mar/2012:18:34:29 -0700] "-" 400 0 "-" "-"
49.203.176.80 - - [11/Mar/2012:18:34:29 -0700] "-" 400 0 "-" "-"
49.203.176.80 - - [11/Mar/2012:18:34:29 -0700] "-" 400 0 "-" "-"
74.14.29.212 - - [11/Mar/2012:18:35:03 -0700] "GET /r/nc0 HTTP/1.1" 301 255 "-" "Mozilla/5.0 (Windows NT 5.1) AppleWebKit/535.11 (KHTML, like Gecko) Chrome/17.0.963.78 Safari/535.11"
74.14.29.212 - - [11/Mar/2012:18:35:03 -0700] "GET /s/ta/nc0/ HTTP/1.1" 302 373 "-" "Mozilla/5.0 (Windows NT 5.1) AppleWebKit/535.11 (KHTML, like Gecko) Chrome/17.0.963.78 Safari/535.11"
74.14.29.212 - - [11/Mar/2012:18:35:21 -0700] "-" 400 0 "-" "-"
122.164.242.30 - - [11/Mar/2012:18:38:22 -0700] "-" 400 0 "-" "-"
115.249.25.252 - - [11/Mar/2012:18:38:31 -0700] "GET /r/4hb HTTP/1.1" 301 255 "http://ta.wikipedia.org/wiki/%E0%AE%B5%E0%AE%B0%E0%AF%81%E0%AE%AE%E0%AE%BE%E0%AE%A9_%E0%AE%B5%E0%AE%B0%E0%AE%BF" "Mozilla/5.0 (Windows; U; Windows NT 5.1; en-US; rv:1.8.1.2) Gecko/20070219 Firefox/2.0.0.2"
115.249.25.252 - - [11/Mar/2012:18:38:33 -0700] "GET /s/ta/4hb/ HTTP/1.1" 302 377 "http://ta.wikipedia.org/wiki/%E0%AE%B5%E0%AE%B0%E0%AF%81%E0%AE%AE%E0%AE%BE%E0%AE%A9_%E0%AE%B5%E0%AE%B0%E0%AE%BF" "Mozilla/5.0 (Windows; U; Windows NT 5.1; en-US; rv:1.8.1.2) Gecko/20070219 Firefox/2.0.0.2"
49.203.176.80 - - [11/Mar/2012:18:38:38 -0700] "-" 400 0 "-" "-"
49.203.176.80 - - [11/Mar/2012:18:38:38 -0700] "-" 400 0 "-" "-"
85.17.88.169 - - [11/Mar/2012:18:39:14 -0700] "POST /blog/wp-cron.php?doing_wp_cron=1331516268 HTTP/1.0" 499 0 "-" "WordPress/3.3.1; http://yuvi.in/blog"
209.85.224.97 - - [11/Mar/2012:18:39:15 -0700] "GET /blog/feed HTTP/1.1" 304 0 "-" "FeedBurner/1.0 (http://www.FeedBurner.com)"
122.174.12.82 - - [11/Mar/2012:18:48:27 -0700] "-" 400 0 "-" "-"
122.174.12.82 - - [11/Mar/2012:18:48:27 -0700] "-" 400 0 "-" "-"
122.174.12.82 - - [11/Mar/2012:18:48:27 -0700] "-" 400 0 "-" "-"
122.174.12.82 - - [11/Mar/2012:18:48:27 -0700] "-" 400 0 "-" "-"
122.174.12.82 - - [11/Mar/2012:18:48:57 -0700] "-" 400 0 "-" "-"
122.174.12.82 - - [11/Mar/2012:18:48:57 -0700] "-" 400 0 "-" "-"
122.174.12.82 - - [11/Mar/2012:18:48:57 -0700] "-" 400 0 "-" "-"
122.174.12.82 - - [11/Mar/2012:18:48:57 -0700] "-" 400 0 "-" "-"
122.174.12.82 - - [11/Mar/2012:18:48:57 -0700] "-" 400 0 "-" "-"
180.76.5.97 - - [11/Mar/2012:18:50:35 -0700] "GET /blog/how-to-increase-cheese-s-burst-mode-photo-count.html HTTP/1.1" 200 2407 "-" "Mozilla/5.0 (compatible; Baiduspider/2.0; +http://www.baidu.com/search/spider.html)"
122.174.12.82 - - [11/Mar/2012:18:50:47 -0700] "-" 400 0 "-" "-"
122.174.12.82 - - [11/Mar/2012:18:57:12 -0700] "-" 400 0 "-" "-"
122.174.12.82 - - [11/Mar/2012:18:57:12 -0700] "-" 400 0 "-" "-"
122.174.12.82 - - [11/Mar/2012:18:57:12 -0700] "-" 400 0 "-" "-"
122.174.12.82 - - [11/Mar/2012:18:57:12 -0700] "-" 400 0 "-" "-"
122.174.12.82 - - [11/Mar/2012:18:57:13 -0700] "-" 400 0 "-" "-"
85.17.88.169 - - [11/Mar/2012:18:57:20 -0700] "POST /blog/wp-cron.php?doing_wp_cron=1331517353 HTTP/1.0" 499 0 "-" "WordPress/3.3.1; http://yuvi.in/blog"
209.85.238.115 - - [11/Mar/2012:18:57:20 -0700] "GET /blog/feed HTTP/1.1" 301 0 "-" "Feedfetcher-Google; (+http://www.google.com/feedfetcher.html; 3 subscribers; feed-id=17684830852112633560)"
85.17.88.169 - - [11/Mar/2012:18:57:22 -0700] "POST /blog/wp-cron.php?doing_wp_cron=1331517356 HTTP/1.0" 499 0 "-" "WordPress/3.3.1; http://yuvi.in/blog"
209.85.238.115 - - [11/Mar/2012:18:57:23 -0700] "GET /blog/feed/ HTTP/1.1" 304 0 "-" "Feedfetcher-Google; (+http://www.google.com/feedfetcher.html; 3 subscribers; feed-id=17684830852112633560)"
122.174.12.82 - - [11/Mar/2012:18:58:02 -0700] "-" 400 0 "-" "-"
49.203.176.80 - - [11/Mar/2012:18:58:20 -0700] "-" 400 0 "-" "-"
49.203.176.80 - - [11/Mar/2012:18:58:20 -0700] "-" 400 0 "-" "-"
49.203.176.80 - - [11/Mar/2012:18:58:20 -0700] "-" 400 0 "-" "-"
49.203.176.80 - - [11/Mar/2012:18:58:20 -0700] "-" 400 0 "-" "-"
209.85.224.86 - - [11/Mar/2012:18:58:42 -0700] "GET /stories/feed HTTP/1.1" 200 13653 "-" "FeedBurner/1.0 (http://www.FeedBurner.com)"
157.55.112.208 - - [11/Mar/2012:18:59:46 -0700] "-" 400 0 "-" "-"
157.55.112.208 - - [11/Mar/2012:18:59:47 -0700] "-" 400 0 "-" "-"
157.55.112.208 - - [11/Mar/2012:18:59:47 -0700] "-" 400 0 "-" "-"
157.55.112.208 - - [11/Mar/2012:18:59:47 -0700] "-" 400 0 "-" "-"
157.55.112.208 - - [11/Mar/2012:18:59:47 -0700] "-" 400 0 "-" "-"
157.55.112.208 - - [11/Mar/2012:18:59:47 -0700] "-" 400 0 "-" "-"
157.55.112.208 - - [11/Mar/2012:18:59:47 -0700] "-" 400 0 "-" "-"
157.55.112.208 - - [11/Mar/2012:18:59:47 -0700] "-" 400 0 "-" "-"
157.55.112.208 - - [11/Mar/2012:18:59:48 -0700] "-" 400 0 "-" "-"
157.55.112.208 - - [11/Mar/2012:18:59:48 -0700] "-" 400 0 "-" "-"
122.174.20.234 - - [11/Mar/2012:19:00:16 -0700] "-" 400 0 "-" "-"
122.174.12.82 - - [11/Mar/2012:19:00:22 -0700] "-" 400 0 "-" "-"
208.115.113.84 - - [11/Mar/2012:19:00:29 -0700] "GET /robots.txt HTTP/1.1" 404 169 "-" "Mozilla/5.0 (compatible; Ezooms/1.0; ezooms.bot@gmail.com)"
157.55.112.208 - - [11/Mar/2012:19:00:37 -0700] "-" 400 0 "-" "-"
117.193.36.244 - - [11/Mar/2012:19:00:52 -0700] "-" 400 0 "-" "-"
117.193.36.244 - - [11/Mar/2012:19:00:52 -0700] "-" 400 0 "-" "-"
117.193.36.244 - - [11/Mar/2012:19:00:52 -0700] "-" 400 0 "-" "-"
122.174.20.234 - - [11/Mar/2012:19:00:56 -0700] "-" 400 0 "-" "-"
122.164.245.31 - - [11/Mar/2012:19:02:58 -0700] "-" 400 0 "-" "-"
89.182.94.153 - - [11/Mar/2012:19:03:36 -0700] "GET /blog/tag/gnome.html HTTP/1.1" 200 27319 "-" "findlinks/2.0.2 (+http://wortschatz.uni-leipzig.de/findlinks/)"
117.193.36.244 - - [11/Mar/2012:19:04:12 -0700] "-" 400 0 "-" "-"
117.193.36.244 - - [11/Mar/2012:19:04:52 -0700] "-" 400 0 "-" "-"
117.193.36.244 - - [11/Mar/2012:19:04:52 -0700] "-" 400 0 "-" "-"
117.193.160.45 - - [11/Mar/2012:19:06:14 -0700] "-" 400 0 "-" "-"
122.164.245.31 - - [11/Mar/2012:19:06:38 -0700] "-" 400 0 "-" "-"
122.164.245.31 - - [11/Mar/2012:19:06:38 -0700] "-" 400 0 "-" "-"
122.164.245.31 - - [11/Mar/2012:19:06:38 -0700] "-" 400 0 "-" "-"
122.164.245.31 - - [11/Mar/2012:19:06:38 -0700] "-" 400 0 "-" "-"
117.206.89.30 - - [11/Mar/2012:19:06:43 -0700] "GET /r/w3w HTTP/1.1" 301 255 "http://ta.wikipedia.org/wiki/%E0%AE%AE%E0%AE%B0%E0%AF%81%E0%AE%A8%E0%AF%8D%E0%AE%A4%E0%AF%81_%E0%AE%87%E0%AE%A3%E0%AF%88%E0%AE%AF%E0%AE%A4%E0%AF%8D%E0%AE%A4%E0%AE%B3%E0%AE%AE%E0%AF%8D" "Mozilla/5.0 (Windows NT 6.1) AppleWebKit/535.11 (KHTML, like Gecko) Chrome/17.0.963.78 Safari/535.11"
117.206.89.30 - - [11/Mar/2012:19:06:44 -0700] "GET /s/ta/w3w/ HTTP/1.1" 302 481 "http://ta.wikipedia.org/wiki/%E0%AE%AE%E0%AE%B0%E0%AF%81%E0%AE%A8%E0%AF%8D%E0%AE%A4%E0%AF%81_%E0%AE%87%E0%AE%A3%E0%AF%88%E0%AE%AF%E0%AE%A4%E0%AF%8D%E0%AE%A4%E0%AE%B3%E0%AE%AE%E0%AF%8D" "Mozilla/5.0 (Windows NT 6.1) AppleWebKit/535.11 (KHTML, like Gecko) Chrome/17.0.963.78 Safari/535.11"
117.206.89.30 - - [11/Mar/2012:19:06:56 -0700] "-" 400 0 "-" "-"
66.249.68.52 - - [11/Mar/2012:19:07:16 -0700] "GET /s/ta/pag%E0%AE%95%E0%AE%9F%E0%AF%8D%E0%AE%9F%E0%AE%B1%E0%AF%8D%E0%AE%B1/ HTTP/1.1" 502 173 "-" "Mozilla/5.0 (compatible; Googlebot/2.1; +http://www.google.com/bot.html)"
87.198.12.52 - - [11/Mar/2012:19:07:46 -0700] "GET /POSM/js/main.js HTTP/1.1" 200 8592 "http://yuvi.in/POSM/" "Mozilla/5.0 (iPad; CPU OS 5_1 like Mac OS X) AppleWebKit/534.46 (KHTML, like Gecko) Version/5.1 Mobile/9B176 Safari/7534.48.3"
87.198.12.52 - - [11/Mar/2012:19:07:47 -0700] "GET /POSM/img/refresh.png HTTP/1.1" 200 868 "http://yuvi.in/POSM/" "Mozilla/5.0 (iPad; CPU OS 5_1 like Mac OS X) AppleWebKit/534.46 (KHTML, like Gecko) Version/5.1 Mobile/9B176 Safari/7534.48.3"
87.198.12.52 - - [11/Mar/2012:19:07:47 -0700] "GET /POSM/img/preferences.png HTTP/1.1" 200 748 "http://yuvi.in/POSM/" "Mozilla/5.0 (iPad; CPU OS 5_1 like Mac OS X) AppleWebKit/534.46 (KHTML, like Gecko) Version/5.1 Mobile/9B176 Safari/7534.48.3"
87.198.12.52 - - [11/Mar/2012:19:07:47 -0700] "GET /POSM/img/mylocation.png HTTP/1.1" 200 803 "http://yuvi.in/POSM/" "Mozilla/5.0 (iPad; CPU OS 5_1 like Mac OS X) AppleWebKit/534.46 (KHTML, like Gecko) Version/5.1 Mobile/9B176 Safari/7534.48.3"
87.198.12.52 - - [11/Mar/2012:19:07:47 -0700] "GET /POSM/img/back.png HTTP/1.1" 200 420 "http://yuvi.in/POSM/" "Mozilla/5.0 (iPad; CPU OS 5_1 like Mac OS X) AppleWebKit/534.46 (KHTML, like Gecko) Version/5.1 Mobile/9B176 Safari/7534.48.3"
87.198.12.52 - - [11/Mar/2012:19:07:47 -0700] "GET /POSM/img/save.png HTTP/1.1" 404 142 "http://yuvi.in/POSM/" "Mozilla/5.0 (iPad; CPU OS 5_1 like Mac OS X) AppleWebKit/534.46 (KHTML, like Gecko) Version/5.1 Mobile/9B176 Safari/7534.48.3"
87.198.12.52 - - [11/Mar/2012:19:07:48 -0700] "GET /POSM/lib/jquery-1.7.1.min.js HTTP/1.1" 200 93868 "http://yuvi.in/POSM/" "Mozilla/5.0 (iPad; CPU OS 5_1 like Mac OS X) AppleWebKit/534.46 (KHTML, like Gecko) Version/5.1 Mobile/9B176 Safari/7534.48.3"
87.198.12.52 - - [11/Mar/2012:19:07:50 -0700] "GET /POSM/lib/phonegap.js HTTP/1.1" 200 144879 "http://yuvi.in/POSM/" "Mozilla/5.0 (iPad; CPU OS 5_1 like Mac OS X) AppleWebKit/534.46 (KHTML, like Gecko) Version/5.1 Mobile/9B176 Safari/7534.48.3"
87.198.12.52 - - [11/Mar/2012:19:07:50 -0700] "GET /POSM/lib/leaflet/leaflet-src.js HTTP/1.1" 200 133300 "http://yuvi.in/POSM/" "Mozilla/5.0 (iPad; CPU OS 5_1 like Mac OS X) AppleWebKit/534.46 (KHTML, like Gecko) Version/5.1 Mobile/9B176 Safari/7534.48.3"
87.198.12.52 - - [11/Mar/2012:19:07:52 -0700] "GET /POSM/lib/jquery.mobile-1.0.1.js HTTP/1.1" 200 221124 "http://yuvi.in/POSM/" "Mozilla/5.0 (iPad; CPU OS 5_1 like Mac OS X) AppleWebKit/534.46 (KHTML, like Gecko) Version/5.1 Mobile/9B176 Safari/7534.48.3"
87.198.12.52 - - [11/Mar/2012:19:07:54 -0700] "GET /POSM/img/save.png HTTP/1.1" 404 142 "http://yuvi.in/POSM/" "Mozilla/5.0 (iPad; CPU OS 5_1 like Mac OS X) AppleWebKit/534.46 (KHTML, like Gecko) Version/5.1 Mobile/9B176 Safari/7534.48.3"
87.198.12.52 - mackerski [11/Mar/2012:19:08:02 -0700] "POST /osm/api/0.6/changeset/create HTTP/1.1" 200 28 "http://yuvi.in/POSM/" "Mozilla/5.0 (iPad; CPU OS 5_1 like Mac OS X) AppleWebKit/534.46 (KHTML, like Gecko) Version/5.1 Mobile/9B176 Safari/7534.48.3"
87.198.12.52 - - [11/Mar/2012:19:08:04 -0700] "GET /overpass?data=%0A++++%0A++++++++node(53.392017736820044%2C+-6.379746794700623%2C+53.393911502349965%2C+-6.374253630638123)%3B%0A++++%0A++++out+meta%3B%0A HTTP/1.1" 200 65115 "http://yuvi.in/POSM/" "Mozilla/5.0 (iPad; CPU OS 5_1 like Mac OS X) AppleWebKit/534.46 (KHTML, like Gecko) Version/5.1 Mobile/9B176 Safari/7534.48.3"
87.198.12.52 - - [11/Mar/2012:19:08:04 -0700] "GET /overpass?data=%0A++++%0A++++++++node(53.392017736820044%2C+-6.379746794700623%2C+53.393911502349965%2C+-6.374253630638123)%3B%0A++++%0A++++out+meta%3B%0A HTTP/1.1" 200 65131 "http://yuvi.in/POSM/" "Mozilla/5.0 (iPad; CPU OS 5_1 like Mac OS X) AppleWebKit/534.46 (KHTML, like Gecko) Version/5.1 Mobile/9B176 Safari/7534.48.3"
122.174.20.234 - - [11/Mar/2012:19:08:16 -0700] "-" 400 0 "-" "-"
85.17.88.169 - - [11/Mar/2012:19:09:24 -0700] "POST /blog/wp-cron.php?doing_wp_cron=1331518077 HTTP/1.0" 499 0 "-" "WordPress/3.3.1; http://yuvi.in/blog"
209.85.224.82 - - [11/Mar/2012:19:09:24 -0700] "GET /blog/feed HTTP/1.1" 304 0 "-" "FeedBurner/1.0 (http://www.FeedBurner.com)"
122.174.20.234 - - [11/Mar/2012:19:12:07 -0700] "-" 400 0 "-" "-"
122.174.20.234 - - [11/Mar/2012:19:12:37 -0700] "-" 400 0 "-" "-"
122.174.20.234 - - [11/Mar/2012:19:12:37 -0700] "-" 400 0 "-" "-"
122.174.20.234 - - [11/Mar/2012:19:12:37 -0700] "-" 400 0 "-" "-"
122.174.20.234 - - [11/Mar/2012:19:12:37 -0700] "-" 400 0 "-" "-"
122.174.20.234 - - [11/Mar/2012:19:12:37 -0700] "-" 400 0 "-" "-"
