98.172.15.254 - - [23/Mar/2012:10:31:54 -0700] "GET /favicon.ico HTTP/1.1" 404 169 "-" "Caffeinated/1.1.1 CFNetwork/520.3.2 Darwin/11.3.0 (x86_64) (MacBookPro8%2C1)"
98.172.15.254 - - [23/Mar/2012:10:32:49 -0700] "GET /favicon.ico HTTP/1.1" 404 169 "-" "Caffeinated/1.1.1 CFNetwork/520.3.2 Darwin/11.3.0 (x86_64) (MacBookPro8%2C1)"
122.164.25.101 - - [23/Mar/2012:10:32:52 -0700] "-" 400 0 "-" "-"
115.242.234.207 - - [23/Mar/2012:10:33:23 -0700] "-" 400 0 "-" "-"
98.172.15.254 - - [23/Mar/2012:10:33:30 -0700] "GET / HTTP/1.1" 304 0 "-" "Caffeinated/1.1.1 CFNetwork/520.3.2 Darwin/11.3.0 (x86_64) (MacBookPro8%2C1)"
98.172.15.254 - - [23/Mar/2012:10:33:30 -0700] "GET /favicon.ico HTTP/1.1" 404 169 "-" "Caffeinated/1.1.1 CFNetwork/520.3.2 Darwin/11.3.0 (x86_64) (MacBookPro8%2C1)"
220.181.108.101 - - [23/Mar/2012:10:34:03 -0700] "GET / HTTP/1.1" 304 0 "-" "Mozilla/5.0 (compatible; Baiduspider/2.0; +http://www.baidu.com/search/spider.html)"
141.0.8.156 - - [23/Mar/2012:10:34:05 -0700] "-" 400 0 "-" "-"
141.0.8.156 - - [23/Mar/2012:10:34:11 -0700] "-" 400 0 "-" "-"
115.242.234.207 - - [23/Mar/2012:10:34:13 -0700] "-" 400 0 "-" "-"
115.242.234.207 - - [23/Mar/2012:10:34:13 -0700] "-" 400 0 "-" "-"
141.0.8.156 - - [23/Mar/2012:10:34:16 -0700] "-" 400 0 "-" "-"
141.0.8.156 - - [23/Mar/2012:10:34:21 -0700] "-" 400 0 "-" "-"
141.0.8.156 - - [23/Mar/2012:10:34:21 -0700] "-" 400 0 "-" "-"
115.242.234.207 - - [23/Mar/2012:10:34:23 -0700] "-" 400 0 "-" "-"
98.172.15.254 - - [23/Mar/2012:10:34:25 -0700] "GET /favicon.ico HTTP/1.1" 404 169 "-" "Caffeinated/1.1.1 CFNetwork/520.3.2 Darwin/11.3.0 (x86_64) (MacBookPro8%2C1)"
115.242.234.207 - - [23/Mar/2012:10:34:33 -0700] "-" 400 0 "-" "-"
141.0.8.156 - - [23/Mar/2012:10:34:56 -0700] "-" 400 0 "-" "-"
141.0.8.156 - - [23/Mar/2012:10:34:57 -0700] "-" 400 0 "-" "-"
141.0.8.156 - - [23/Mar/2012:10:35:00 -0700] "-" 400 0 "-" "-"
115.242.234.207 - - [23/Mar/2012:10:35:03 -0700] "-" 400 0 "-" "-"
122.174.10.65 - - [23/Mar/2012:10:35:04 -0700] "-" 400 0 "-" "-"
98.172.15.254 - - [23/Mar/2012:10:35:09 -0700] "GET /favicon.ico HTTP/1.1" 404 169 "-" "Caffeinated/1.1.1 CFNetwork/520.3.2 Darwin/11.3.0 (x86_64) (MacBookPro8%2C1)"
141.0.8.156 - - [23/Mar/2012:10:35:18 -0700] "-" 400 0 "-" "-"
115.242.234.207 - - [23/Mar/2012:10:35:23 -0700] "-" 400 0 "-" "-"
115.242.234.207 - - [23/Mar/2012:10:35:23 -0700] "-" 400 0 "-" "-"
85.17.88.169 - - [23/Mar/2012:10:35:28 -0700] "POST /blog/wp-cron.php?doing_wp_cron=1332523948 HTTP/1.0" 499 0 "-" "WordPress/3.3.1; http://yuvi.in/blog"
141.0.8.156 - - [23/Mar/2012:10:35:28 -0700] "-" 400 0 "-" "-"
69.171.229.251 - - [23/Mar/2012:10:35:28 -0700] "GET /blog/story-average-indian-techie/ HTTP/1.1" 200 14155 "-" "facebookexternalhit/1.1 (+http://www.facebook.com/externalhit_uatext.php)"
141.0.8.156 - - [23/Mar/2012:10:35:43 -0700] "-" 400 0 "-" "-"
141.0.8.156 - - [23/Mar/2012:10:35:53 -0700] "-" 400 0 "-" "-"
141.0.8.156 - - [23/Mar/2012:10:36:02 -0700] "-" 400 0 "-" "-"
141.0.8.156 - - [23/Mar/2012:10:36:02 -0700] "-" 400 0 "-" "-"
98.172.15.254 - - [23/Mar/2012:10:36:09 -0700] "GET /favicon.ico HTTP/1.1" 404 169 "-" "Caffeinated/1.1.1 CFNetwork/520.3.2 Darwin/11.3.0 (x86_64) (MacBookPro8%2C1)"
98.172.15.254 - - [23/Mar/2012:10:36:42 -0700] "GET /favicon.ico HTTP/1.1" 404 169 "-" "Caffeinated/1.1.1 CFNetwork/520.3.2 Darwin/11.3.0 (x86_64) (MacBookPro8%2C1)"
141.0.8.156 - - [23/Mar/2012:10:37:08 -0700] "-" 400 0 "-" "-"
85.17.88.169 - - [23/Mar/2012:10:37:20 -0700] "POST /blog/wp-cron.php?doing_wp_cron=1332524061 HTTP/1.0" 499 0 "-" "WordPress/3.3.1; http://yuvi.in/blog"
207.46.13.99 - - [23/Mar/2012:10:37:21 -0700] "GET /blog/moving-to-vim-from-emacs/ HTTP/1.1" 200 4939 "-" "Mozilla/5.0 (compatible; bingbot/2.0; +http://www.bing.com/bingbot.htm)"
98.172.15.254 - - [23/Mar/2012:10:37:42 -0700] "GET /favicon.ico HTTP/1.1" 404 169 "-" "Caffeinated/1.1.1 CFNetwork/520.3.2 Darwin/11.3.0 (x86_64) (MacBookPro8%2C1)"
85.17.88.169 - - [23/Mar/2012:10:37:59 -0700] "POST /blog/wp-cron.php?doing_wp_cron=1332524100 HTTP/1.0" 499 0 "-" "WordPress/3.3.1; http://yuvi.in/blog"
220.181.108.173 - - [23/Mar/2012:10:38:01 -0700] "GET /blog/2009/10/ HTTP/1.1" 200 10007 "-" "Mozilla/5.0 (compatible; Baiduspider/2.0; +http://www.baidu.com/search/spider.html)"
157.55.112.208 - - [23/Mar/2012:10:38:02 -0700] "-" 400 0 "-" "-"
157.55.112.208 - - [23/Mar/2012:10:38:02 -0700] "-" 400 0 "-" "-"
157.55.112.208 - - [23/Mar/2012:10:38:02 -0700] "-" 400 0 "-" "-"
157.55.112.208 - - [23/Mar/2012:10:38:02 -0700] "-" 400 0 "-" "-"
157.55.112.208 - - [23/Mar/2012:10:38:02 -0700] "-" 400 0 "-" "-"
157.55.112.208 - - [23/Mar/2012:10:38:02 -0700] "-" 400 0 "-" "-"
157.55.112.208 - - [23/Mar/2012:10:38:02 -0700] "-" 400 0 "-" "-"
157.55.112.208 - - [23/Mar/2012:10:38:02 -0700] "-" 400 0 "-" "-"
98.172.15.254 - - [23/Mar/2012:10:38:23 -0700] "GET /favicon.ico HTTP/1.1" 404 169 "-" "Caffeinated/1.1.1 CFNetwork/520.3.2 Darwin/11.3.0 (x86_64) (MacBookPro8%2C1)"
66.249.68.52 - - [23/Mar/2012:10:38:38 -0700] "GET /r/2mow HTTP/1.1" 301 257 "-" "Mozilla/5.0 (compatible; Googlebot/2.1; +http://www.google.com/bot.html)"
66.249.68.52 - - [23/Mar/2012:10:38:39 -0700] "GET /s/ta/2mow/ HTTP/1.1" 302 597 "-" "Mozilla/5.0 (compatible; Googlebot/2.1; +http://www.google.com/bot.html)"
98.172.15.254 - - [23/Mar/2012:10:39:24 -0700] "GET / HTTP/1.1" 304 0 "-" "Caffeinated/1.1.1 CFNetwork/520.3.2 Darwin/11.3.0 (x86_64) (MacBookPro8%2C1)"
98.172.15.254 - - [23/Mar/2012:10:39:24 -0700] "GET /favicon.ico HTTP/1.1" 404 169 "-" "Caffeinated/1.1.1 CFNetwork/520.3.2 Darwin/11.3.0 (x86_64) (MacBookPro8%2C1)"
85.17.88.169 - - [23/Mar/2012:10:40:00 -0700] "POST /blog/wp-cron.php?doing_wp_cron=1332524221 HTTP/1.0" 499 0 "-" "WordPress/3.3.1; http://yuvi.in/blog"
209.85.238.115 - - [23/Mar/2012:10:40:01 -0700] "GET /blog/feed/ HTTP/1.1" 304 0 "-" "Feedfetcher-Google; (+http://www.google.com/feedfetcher.html; 19 subscribers; feed-id=15064232456473204253)"
98.172.15.254 - - [23/Mar/2012:10:40:02 -0700] "GET /favicon.ico HTTP/1.1" 404 169 "-" "Caffeinated/1.1.1 CFNetwork/520.3.2 Darwin/11.3.0 (x86_64) (MacBookPro8%2C1)"
115.184.124.68 - - [23/Mar/2012:10:40:30 -0700] "-" 400 0 "-" "-"
115.184.124.68 - - [23/Mar/2012:10:40:32 -0700] "-" 400 0 "-" "-"
115.184.124.68 - - [23/Mar/2012:10:40:33 -0700] "-" 400 0 "-" "-"
115.184.124.68 - - [23/Mar/2012:10:41:02 -0700] "-" 400 0 "-" "-"
98.172.15.254 - - [23/Mar/2012:10:41:03 -0700] "GET /favicon.ico HTTP/1.1" 404 169 "-" "Caffeinated/1.1.1 CFNetwork/520.3.2 Darwin/11.3.0 (x86_64) (MacBookPro8%2C1)"
69.171.234.6 - - [23/Mar/2012:10:41:10 -0700] "GET /r/3lp HTTP/1.1" 301 255 "-" "facebookexternalhit/1.1 (+http://www.facebook.com/externalhit_uatext.php)"
69.171.234.7 - - [23/Mar/2012:10:41:10 -0700] "GET /s/ta/3lp/ HTTP/1.1" 302 361 "-" "facebookexternalhit/1.1 (+http://www.facebook.com/externalhit_uatext.php)"
98.172.15.254 - - [23/Mar/2012:10:41:40 -0700] "GET /favicon.ico HTTP/1.1" 404 169 "-" "Caffeinated/1.1.1 CFNetwork/520.3.2 Darwin/11.3.0 (x86_64) (MacBookPro8%2C1)"
14.195.246.3 - - [23/Mar/2012:10:42:27 -0700] "-" 400 0 "-" "-"
14.195.246.3 - - [23/Mar/2012:10:42:47 -0700] "-" 400 0 "-" "-"
208.115.111.68 - - [23/Mar/2012:10:42:51 -0700] "GET /robots.txt HTTP/1.1" 404 169 "-" "Mozilla/5.0 (compatible; Ezooms/1.0; ezooms.bot@gmail.com)"
98.172.15.254 - - [23/Mar/2012:10:43:23 -0700] "GET /favicon.ico HTTP/1.1" 404 169 "-" "Caffeinated/1.1.1 CFNetwork/520.3.2 Darwin/11.3.0 (x86_64) (MacBookPro8%2C1)"
85.17.88.169 - - [23/Mar/2012:10:43:35 -0700] "POST /blog/wp-cron.php?doing_wp_cron=1332524436 HTTP/1.0" 499 0 "-" "WordPress/3.3.1; http://yuvi.in/blog"
207.46.204.188 - - [23/Mar/2012:10:43:36 -0700] "GET /blog/devlog-april-2011/ HTTP/1.1" 200 8022 "-" "Mozilla/5.0 (compatible; bingbot/2.0; +http://www.bing.com/bingbot.htm)"
74.125.70.88 - - [23/Mar/2012:10:43:39 -0700] "GET /r/cvo HTTP/1.1" 301 255 "-" "Mozilla/5.0 (en-us) AppleWebKit/534.14 (KHTML, like Gecko; Google Wireless Transcoder) Chrome/9.0.597 Safari/534.14"
74.125.70.85 - - [23/Mar/2012:10:43:40 -0700] "GET /s/ta/cvo/ HTTP/1.1" 302 505 "-" "Mozilla/5.0 (en-us) AppleWebKit/534.14 (KHTML, like Gecko; Google Wireless Transcoder) Chrome/9.0.597 Safari/534.14"
98.172.15.254 - - [23/Mar/2012:10:44:06 -0700] "GET /favicon.ico HTTP/1.1" 404 169 "-" "Caffeinated/1.1.1 CFNetwork/520.3.2 Darwin/11.3.0 (x86_64) (MacBookPro8%2C1)"
98.172.15.254 - - [23/Mar/2012:10:45:05 -0700] "GET / HTTP/1.1" 304 0 "-" "Caffeinated/1.1.1 CFNetwork/520.3.2 Darwin/11.3.0 (x86_64) (MacBookPro8%2C1)"
98.172.15.254 - - [23/Mar/2012:10:45:06 -0700] "GET /favicon.ico HTTP/1.1" 404 169 "-" "Caffeinated/1.1.1 CFNetwork/520.3.2 Darwin/11.3.0 (x86_64) (MacBookPro8%2C1)"
205.167.22.101 - - [23/Mar/2012:10:45:38 -0700] "-" 400 0 "-" "-"
205.167.22.101 - - [23/Mar/2012:10:45:38 -0700] "-" 400 0 "-" "-"
205.167.22.101 - - [23/Mar/2012:10:45:38 -0700] "-" 400 0 "-" "-"
98.172.15.254 - - [23/Mar/2012:10:45:39 -0700] "GET /favicon.ico HTTP/1.1" 404 169 "-" "Caffeinated/1.1.1 CFNetwork/520.3.2 Darwin/11.3.0 (x86_64) (MacBookPro8%2C1)"
98.172.15.254 - - [23/Mar/2012:10:46:34 -0700] "GET /favicon.ico HTTP/1.1" 404 169 "-" "Caffeinated/1.1.1 CFNetwork/520.3.2 Darwin/11.3.0 (x86_64) (MacBookPro8%2C1)"
66.249.68.52 - - [23/Mar/2012:10:46:39 -0700] "GET /r/2tz3 HTTP/1.1" 301 257 "-" "Mozilla/5.0 (compatible; Googlebot/2.1; +http://www.google.com/bot.html)"
66.249.68.52 - - [23/Mar/2012:10:46:40 -0700] "GET /s/ta/2tz3/ HTTP/1.1" 302 337 "-" "Mozilla/5.0 (compatible; Googlebot/2.1; +http://www.google.com/bot.html)"
98.172.15.254 - - [23/Mar/2012:10:47:23 -0700] "GET /favicon.ico HTTP/1.1" 404 169 "-" "Caffeinated/1.1.1 CFNetwork/520.3.2 Darwin/11.3.0 (x86_64) (MacBookPro8%2C1)"
98.172.15.254 - - [23/Mar/2012:10:48:22 -0700] "GET /favicon.ico HTTP/1.1" 404 169 "-" "Caffeinated/1.1.1 CFNetwork/520.3.2 Darwin/11.3.0 (x86_64) (MacBookPro8%2C1)"
98.172.15.254 - - [23/Mar/2012:10:49:08 -0700] "GET /favicon.ico HTTP/1.1" 404 169 "-" "Caffeinated/1.1.1 CFNetwork/520.3.2 Darwin/11.3.0 (x86_64) (MacBookPro8%2C1)"
111.91.106.122 - - [23/Mar/2012:10:49:09 -0700] "GET /blog HTTP/1.1" 301 178 "http://suren.in/2011/08/08/one-month-at-interviewstreet/" "Mozilla/5.0 (Windows NT 6.1; WOW64) AppleWebKit/535.11 (KHTML, like Gecko) Chrome/17.0.963.83 Safari/535.11"
85.17.88.169 - - [23/Mar/2012:10:49:13 -0700] "POST /blog/wp-cron.php?doing_wp_cron=1332524773 HTTP/1.0" 499 0 "-" "WordPress/3.3.1; http://yuvi.in/blog"
111.91.106.122 - - [23/Mar/2012:10:49:14 -0700] "GET /blog/ HTTP/1.1" 200 9194 "http://suren.in/2011/08/08/one-month-at-interviewstreet/" "Mozilla/5.0 (Windows NT 6.1; WOW64) AppleWebKit/535.11 (KHTML, like Gecko) Chrome/17.0.963.83 Safari/535.11"
111.91.106.122 - - [23/Mar/2012:10:49:16 -0700] "GET /blog/wp-content/themes/cleanr/style.css HTTP/1.1" 200 10508 "http://yuvi.in/blog/" "Mozilla/5.0 (Windows NT 6.1; WOW64) AppleWebKit/535.11 (KHTML, like Gecko) Chrome/17.0.963.83 Safari/535.11"
111.91.106.122 - - [23/Mar/2012:10:49:16 -0700] "GET /blog/wp-content/themes/cleanr/js/jquery.dropdown.js?ver=3.3.1 HTTP/1.1" 200 535 "http://yuvi.in/blog/" "Mozilla/5.0 (Windows NT 6.1; WOW64) AppleWebKit/535.11 (KHTML, like Gecko) Chrome/17.0.963.83 Safari/535.11"
111.91.106.122 - - [23/Mar/2012:10:49:17 -0700] "GET /blog/wp-content/themes/cleanr/css/reset.css HTTP/1.1" 200 648 "http://yuvi.in/blog/" "Mozilla/5.0 (Windows NT 6.1; WOW64) AppleWebKit/535.11 (KHTML, like Gecko) Chrome/17.0.963.83 Safari/535.11"
111.91.106.122 - - [23/Mar/2012:10:49:17 -0700] "GET /blog/wp-content/themes/cleanr/css/text.css HTTP/1.1" 200 420 "http://yuvi.in/blog/" "Mozilla/5.0 (Windows NT 6.1; WOW64) AppleWebKit/535.11 (KHTML, like Gecko) Chrome/17.0.963.83 Safari/535.11"
111.91.106.122 - - [23/Mar/2012:10:49:17 -0700] "GET /blog/wp-content/themes/cleanr/css/960.css HTTP/1.1" 200 3628 "http://yuvi.in/blog/" "Mozilla/5.0 (Windows NT 6.1; WOW64) AppleWebKit/535.11 (KHTML, like Gecko) Chrome/17.0.963.83 Safari/535.11"
111.91.106.122 - - [23/Mar/2012:10:49:18 -0700] "GET /blog/wp-includes/js/jquery/jquery.js?ver=1.7.1 HTTP/1.1" 200 93889 "http://yuvi.in/blog/" "Mozilla/5.0 (Windows NT 6.1; WOW64) AppleWebKit/535.11 (KHTML, like Gecko) Chrome/17.0.963.83 Safari/535.11"
111.91.106.122 - - [23/Mar/2012:10:49:19 -0700] "GET /blog/wp-content/themes/cleanr/images/search_magnifier.gif HTTP/1.1" 200 394 "http://yuvi.in/blog/" "Mozilla/5.0 (Windows NT 6.1; WOW64) AppleWebKit/535.11 (KHTML, like Gecko) Chrome/17.0.963.83 Safari/535.11"
111.91.106.122 - - [23/Mar/2012:10:49:20 -0700] "GET /favicon.ico HTTP/1.1" 404 199 "-" "Mozilla/5.0 (Windows NT 6.1; WOW64) AppleWebKit/535.11 (KHTML, like Gecko) Chrome/17.0.963.83 Safari/535.11"
24.98.110.164 - - [23/Mar/2012:10:49:48 -0700] "GET / HTTP/1.1" 200 1430 "-" "Reeder/1.5.5 CFNetwork/548.1.4 Darwin/11.0.0"
24.98.110.164 - - [23/Mar/2012:10:49:48 -0700] "GET /favicon.ico HTTP/1.1" 404 142 "-" "Reeder/1.5.5 CFNetwork/548.1.4 Darwin/11.0.0"
24.98.110.164 - - [23/Mar/2012:10:49:49 -0700] "GET /apple-touch-icon.png HTTP/1.1" 404 142 "-" "Reeder/1.5.5 CFNetwork/548.1.4 Darwin/11.0.0"
24.98.110.164 - - [23/Mar/2012:10:49:49 -0700] "GET /apple-touch-icon-precomposed.png HTTP/1.1" 404 142 "-" "Reeder/1.5.5 CFNetwork/548.1.4 Darwin/11.0.0"
98.172.15.254 - - [23/Mar/2012:10:50:08 -0700] "GET / HTTP/1.1" 304 0 "-" "Caffeinated/1.1.1 CFNetwork/520.3.2 Darwin/11.3.0 (x86_64) (MacBookPro8%2C1)"
98.172.15.254 - - [23/Mar/2012:10:50:09 -0700] "GET /favicon.ico HTTP/1.1" 404 169 "-" "Caffeinated/1.1.1 CFNetwork/520.3.2 Darwin/11.3.0 (x86_64) (MacBookPro8%2C1)"
85.17.88.169 - - [23/Mar/2012:10:50:23 -0700] "POST /blog/wp-cron.php?doing_wp_cron=1332524843 HTTP/1.0" 499 0 "-" "WordPress/3.3.1; http://yuvi.in/blog"
209.85.238.115 - - [23/Mar/2012:10:50:24 -0700] "GET /blog/feed HTTP/1.1" 301 0 "-" "Feedfetcher-Google; (+http://www.google.com/feedfetcher.html; 3 subscribers; feed-id=17684830852112633560)"
85.17.88.169 - - [23/Mar/2012:10:50:26 -0700] "POST /blog/wp-cron.php?doing_wp_cron=1332524846 HTTP/1.0" 499 0 "-" "WordPress/3.3.1; http://yuvi.in/blog"
209.85.238.115 - - [23/Mar/2012:10:50:26 -0700] "GET /blog/feed/ HTTP/1.1" 304 0 "-" "Feedfetcher-Google; (+http://www.google.com/feedfetcher.html; 3 subscribers; feed-id=17684830852112633560)"
98.172.15.254 - - [23/Mar/2012:10:51:06 -0700] "GET /favicon.ico HTTP/1.1" 404 169 "-" "Caffeinated/1.1.1 CFNetwork/520.3.2 Darwin/11.3.0 (x86_64) (MacBookPro8%2C1)"
69.171.229.246 - - [23/Mar/2012:10:51:39 -0700] "GET /r/1x7m HTTP/1.1" 301 257 "-" "facebookexternalhit/1.1 (+http://www.facebook.com/externalhit_uatext.php)"
69.171.229.246 - - [23/Mar/2012:10:51:39 -0700] "GET /s/ta/1x7m/ HTTP/1.1" 302 513 "-" "facebookexternalhit/1.1 (+http://www.facebook.com/externalhit_uatext.php)"
98.172.15.254 - - [23/Mar/2012:10:51:46 -0700] "GET /favicon.ico HTTP/1.1" 404 169 "-" "Caffeinated/1.1.1 CFNetwork/520.3.2 Darwin/11.3.0 (x86_64) (MacBookPro8%2C1)"
111.91.106.122 - - [23/Mar/2012:10:51:55 -0700] "GET /blog/college-drop/ HTTP/1.1" 200 4511 "http://yuvi.in/blog/" "Mozilla/5.0 (Windows NT 6.1; WOW64) AppleWebKit/535.11 (KHTML, like Gecko) Chrome/17.0.963.83 Safari/535.11"
111.91.106.122 - - [23/Mar/2012:10:51:57 -0700] "GET /favicon.ico HTTP/1.1" 404 199 "-" "Mozilla/5.0 (Windows NT 6.1; WOW64) AppleWebKit/535.11 (KHTML, like Gecko) Chrome/17.0.963.83 Safari/535.11"
111.91.106.122 - - [23/Mar/2012:10:51:57 -0700] "GET /favicon.ico HTTP/1.1" 404 199 "-" "Mozilla/5.0 (Windows NT 6.1; WOW64) AppleWebKit/535.11 (KHTML, like Gecko) Chrome/17.0.963.83 Safari/535.11"
111.91.106.122 - - [23/Mar/2012:10:51:58 -0700] "GET /favicon.ico HTTP/1.1" 404 199 "-" "Mozilla/5.0 (Windows NT 6.1; WOW64) AppleWebKit/535.11 (KHTML, like Gecko) Chrome/17.0.963.83 Safari/535.11"
111.91.106.122 - - [23/Mar/2012:10:51:59 -0700] "GET /favicon.ico HTTP/1.1" 404 199 "-" "Mozilla/5.0 (Windows NT 6.1; WOW64) AppleWebKit/535.11 (KHTML, like Gecko) Chrome/17.0.963.83 Safari/535.11"
111.91.106.122 - - [23/Mar/2012:10:52:00 -0700] "GET /blog/college-drop/?cf_action=sync_comments&post_id=393 HTTP/1.1" 200 48 "http://yuvi.in/blog/college-drop/" "Mozilla/5.0 (Windows NT 6.1; WOW64) AppleWebKit/535.11 (KHTML, like Gecko) Chrome/17.0.963.83 Safari/535.11"
111.91.106.122 - - [23/Mar/2012:10:52:07 -0700] "-" 400 0 "-" "-"
111.91.106.122 - - [23/Mar/2012:10:52:07 -0700] "-" 400 0 "-" "-"
111.91.106.122 - - [23/Mar/2012:10:52:07 -0700] "-" 400 0 "-" "-"
111.91.106.122 - - [23/Mar/2012:10:52:07 -0700] "-" 400 0 "-" "-"
101.63.232.180 - - [23/Mar/2012:10:52:22 -0700] "-" 400 0 "-" "-"
98.172.15.254 - - [23/Mar/2012:10:52:33 -0700] "GET /favicon.ico HTTP/1.1" 404 169 "-" "Caffeinated/1.1.1 CFNetwork/520.3.2 Darwin/11.3.0 (x86_64) (MacBookPro8%2C1)"
207.46.204.188 - - [23/Mar/2012:10:52:36 -0700] "GET /blog/ HTTP/1.1" 200 9194 "-" "Mozilla/5.0 (compatible; bingbot/2.0; +http://www.bing.com/bingbot.htm)"
111.91.106.122 - - [23/Mar/2012:10:53:21 -0700] "GET /blog/category/so-called-it/ HTTP/1.1" 200 11663 "http://yuvi.in/blog/college-drop/" "Mozilla/5.0 (Windows NT 6.1; WOW64) AppleWebKit/535.11 (KHTML, like Gecko) Chrome/17.0.963.83 Safari/535.11"
111.91.106.122 - - [23/Mar/2012:10:53:24 -0700] "GET /favicon.ico HTTP/1.1" 404 199 "-" "Mozilla/5.0 (Windows NT 6.1; WOW64) AppleWebKit/535.11 (KHTML, like Gecko) Chrome/17.0.963.83 Safari/535.11"
98.172.15.254 - - [23/Mar/2012:10:53:25 -0700] "GET /favicon.ico HTTP/1.1" 404 169 "-" "Caffeinated/1.1.1 CFNetwork/520.3.2 Darwin/11.3.0 (x86_64) (MacBookPro8%2C1)"
24.98.110.164 - - [23/Mar/2012:10:53:53 -0700] "GET / HTTP/1.1" 200 1430 "-" "Reeder/1.5.5 CFNetwork/548.1.4 Darwin/11.0.0"
24.98.110.164 - - [23/Mar/2012:10:53:54 -0700] "GET /favicon.ico HTTP/1.1" 404 142 "-" "Reeder/1.5.5 CFNetwork/548.1.4 Darwin/11.0.0"
24.98.110.164 - - [23/Mar/2012:10:53:54 -0700] "GET /apple-touch-icon.png HTTP/1.1" 404 142 "-" "Reeder/1.5.5 CFNetwork/548.1.4 Darwin/11.0.0"
24.98.110.164 - - [23/Mar/2012:10:53:54 -0700] "GET /apple-touch-icon-precomposed.png HTTP/1.1" 404 142 "-" "Reeder/1.5.5 CFNetwork/548.1.4 Darwin/11.0.0"
98.172.15.254 - - [23/Mar/2012:10:54:16 -0700] "GET /favicon.ico HTTP/1.1" 404 169 "-" "Caffeinated/1.1.1 CFNetwork/520.3.2 Darwin/11.3.0 (x86_64) (MacBookPro8%2C1)"
98.172.15.254 - - [23/Mar/2012:10:55:12 -0700] "GET / HTTP/1.1" 304 0 "-" "Caffeinated/1.1.1 CFNetwork/520.3.2 Darwin/11.3.0 (x86_64) (MacBookPro8%2C1)"
98.172.15.254 - - [23/Mar/2012:10:55:13 -0700] "GET /favicon.ico HTTP/1.1" 404 169 "-" "Caffeinated/1.1.1 CFNetwork/520.3.2 Darwin/11.3.0 (x86_64) (MacBookPro8%2C1)"
98.172.15.254 - - [23/Mar/2012:10:55:59 -0700] "GET /favicon.ico HTTP/1.1" 404 169 "-" "Caffeinated/1.1.1 CFNetwork/520.3.2 Darwin/11.3.0 (x86_64) (MacBookPro8%2C1)"
98.172.15.254 - - [23/Mar/2012:10:56:55 -0700] "GET /favicon.ico HTTP/1.1" 404 169 "-" "Caffeinated/1.1.1 CFNetwork/520.3.2 Darwin/11.3.0 (x86_64) (MacBookPro8%2C1)"
98.172.15.254 - - [23/Mar/2012:10:57:37 -0700] "GET /favicon.ico HTTP/1.1" 404 169 "-" "Caffeinated/1.1.1 CFNetwork/520.3.2 Darwin/11.3.0 (x86_64) (MacBookPro8%2C1)"
85.17.88.169 - - [23/Mar/2012:10:58:14 -0700] "POST /blog/wp-cron.php?doing_wp_cron=1332525314 HTTP/1.0" 499 0 "-" "WordPress/3.3.1; http://yuvi.in/blog"
111.91.106.122 - - [23/Mar/2012:10:58:14 -0700] "GET /blog/3-reasons-people-join-it-companies/ HTTP/1.1" 200 5065 "http://yuvi.in/blog/category/so-called-it/" "Mozilla/5.0 (Windows NT 6.1; WOW64) AppleWebKit/535.11 (KHTML, like Gecko) Chrome/17.0.963.83 Safari/535.11"
111.91.106.122 - - [23/Mar/2012:10:58:17 -0700] "GET /favicon.ico HTTP/1.1" 404 199 "-" "Mozilla/5.0 (Windows NT 6.1; WOW64) AppleWebKit/535.11 (KHTML, like Gecko) Chrome/17.0.963.83 Safari/535.11"
111.91.106.122 - - [23/Mar/2012:10:58:17 -0700] "GET /favicon.ico HTTP/1.1" 404 199 "-" "Mozilla/5.0 (Windows NT 6.1; WOW64) AppleWebKit/535.11 (KHTML, like Gecko) Chrome/17.0.963.83 Safari/535.11"
111.91.106.122 - - [23/Mar/2012:10:58:18 -0700] "GET /favicon.ico HTTP/1.1" 404 199 "-" "Mozilla/5.0 (Windows NT 6.1; WOW64) AppleWebKit/535.11 (KHTML, like Gecko) Chrome/17.0.963.83 Safari/535.11"
111.91.106.122 - - [23/Mar/2012:10:58:18 -0700] "GET /favicon.ico HTTP/1.1" 404 199 "-" "Mozilla/5.0 (Windows NT 6.1; WOW64) AppleWebKit/535.11 (KHTML, like Gecko) Chrome/17.0.963.83 Safari/535.11"
111.91.106.122 - - [23/Mar/2012:10:58:18 -0700] "GET /favicon.ico HTTP/1.1" 404 199 "-" "Mozilla/5.0 (Windows NT 6.1; WOW64) AppleWebKit/535.11 (KHTML, like Gecko) Chrome/17.0.963.83 Safari/535.11"
111.91.106.122 - - [23/Mar/2012:10:58:21 -0700] "GET /blog/3-reasons-people-join-it-companies/?cf_action=sync_comments&post_id=201 HTTP/1.1" 200 48 "http://yuvi.in/blog/3-reasons-people-join-it-companies/" "Mozilla/5.0 (Windows NT 6.1; WOW64) AppleWebKit/535.11 (KHTML, like Gecko) Chrome/17.0.963.83 Safari/535.11"
98.172.15.254 - - [23/Mar/2012:10:58:26 -0700] "GET /favicon.ico HTTP/1.1" 404 169 "-" "Caffeinated/1.1.1 CFNetwork/520.3.2 Darwin/11.3.0 (x86_64) (MacBookPro8%2C1)"
111.91.106.122 - - [23/Mar/2012:10:58:27 -0700] "-" 400 0 "-" "-"
111.91.106.122 - - [23/Mar/2012:10:58:27 -0700] "-" 400 0 "-" "-"
111.91.106.122 - - [23/Mar/2012:10:58:27 -0700] "-" 400 0 "-" "-"
111.91.106.122 - - [23/Mar/2012:10:58:27 -0700] "-" 400 0 "-" "-"
111.91.106.122 - - [23/Mar/2012:10:58:27 -0700] "-" 400 0 "-" "-"
197.226.154.53 - - [23/Mar/2012:10:58:46 -0700] "GET /favicon.ico HTTP/1.1" 404 142 "http://prashanth-kamle.blogspot.com/2009/06/rain-ke-side-effects.html" "Mozilla/5.0 (Windows NT 6.1; rv:10.0.2) Gecko/20100101 Firefox/10.0.2"
24.98.110.164 - - [23/Mar/2012:10:58:49 -0700] "GET / HTTP/1.1" 200 1430 "-" "Reeder/1.5.5 CFNetwork/548.1.4 Darwin/11.0.0"
24.98.110.164 - - [23/Mar/2012:10:58:49 -0700] "GET /favicon.ico HTTP/1.1" 404 142 "-" "Reeder/1.5.5 CFNetwork/548.1.4 Darwin/11.0.0"
24.98.110.164 - - [23/Mar/2012:10:58:52 -0700] "GET /apple-touch-icon.png HTTP/1.1" 404 142 "-" "Reeder/1.5.5 CFNetwork/548.1.4 Darwin/11.0.0"
24.98.110.164 - - [23/Mar/2012:10:58:53 -0700] "GET /apple-touch-icon-precomposed.png HTTP/1.1" 404 142 "-" "Reeder/1.5.5 CFNetwork/548.1.4 Darwin/11.0.0"
197.226.154.53 - - [23/Mar/2012:10:58:53 -0700] "-" 400 0 "-" "-"
98.172.15.254 - - [23/Mar/2012:10:59:20 -0700] "GET /favicon.ico HTTP/1.1" 404 169 "-" "Caffeinated/1.1.1 CFNetwork/520.3.2 Darwin/11.3.0 (x86_64) (MacBookPro8%2C1)"
85.17.88.169 - - [23/Mar/2012:11:00:03 -0700] "POST /blog/wp-cron.php?doing_wp_cron=1332525424 HTTP/1.0" 499 0 "-" "WordPress/3.3.1; http://yuvi.in/blog"
111.91.106.122 - - [23/Mar/2012:11:00:05 -0700] "GET /blog/index.html HTTP/1.1" 404 3016 "http://yuvi.in/blog/3-reasons-people-join-it-companies/" "Mozilla/5.0 (Windows NT 6.1; WOW64) AppleWebKit/535.11 (KHTML, like Gecko) Chrome/17.0.963.83 Safari/535.11"
111.91.106.122 - - [23/Mar/2012:11:00:05 -0700] "GET /favicon.ico HTTP/1.1" 404 199 "-" "Mozilla/5.0 (Windows NT 6.1; WOW64) AppleWebKit/535.11 (KHTML, like Gecko) Chrome/17.0.963.83 Safari/535.11"
98.172.15.254 - - [23/Mar/2012:11:00:06 -0700] "GET /favicon.ico HTTP/1.1" 404 169 "-" "Caffeinated/1.1.1 CFNetwork/520.3.2 Darwin/11.3.0 (x86_64) (MacBookPro8%2C1)"
85.17.88.169 - - [23/Mar/2012:11:00:07 -0700] "POST /blog/wp-cron.php?doing_wp_cron=1332525428 HTTP/1.0" 499 0 "-" "WordPress/3.3.1; http://yuvi.in/blog"
209.85.224.81 - - [23/Mar/2012:11:00:08 -0700] "GET /blog/feed HTTP/1.1" 304 0 "-" "FeedBurner/1.0 (http://www.FeedBurner.com)"
111.91.106.122 - - [23/Mar/2012:11:00:17 -0700] "-" 400 0 "-" "-"
111.91.106.122 - - [23/Mar/2012:11:00:24 -0700] "GET /blog/index.html HTTP/1.1" 404 3016 "http://yuvi.in/blog/index.html" "Mozilla/5.0 (Windows NT 6.1; WOW64) AppleWebKit/535.11 (KHTML, like Gecko) Chrome/17.0.963.83 Safari/535.11"
111.91.106.122 - - [23/Mar/2012:11:00:24 -0700] "GET /favicon.ico HTTP/1.1" 404 199 "-" "Mozilla/5.0 (Windows NT 6.1; WOW64) AppleWebKit/535.11 (KHTML, like Gecko) Chrome/17.0.963.83 Safari/535.11"
109.109.254.138 - - [23/Mar/2012:11:00:51 -0700] "GET /blog/feed/atom/ HTTP/1.1" 304 0 "-" "SocialSearcher/0.1  Mozilla/5.0"
98.172.15.254 - - [23/Mar/2012:11:00:57 -0700] "GET / HTTP/1.1" 304 0 "-" "Caffeinated/1.1.1 CFNetwork/520.3.2 Darwin/11.3.0 (x86_64) (MacBookPro8%2C1)"
98.172.15.254 - - [23/Mar/2012:11:00:57 -0700] "GET /favicon.ico HTTP/1.1" 404 169 "-" "Caffeinated/1.1.1 CFNetwork/520.3.2 Darwin/11.3.0 (x86_64) (MacBookPro8%2C1)"
98.172.15.254 - - [23/Mar/2012:11:01:35 -0700] "GET /favicon.ico HTTP/1.1" 404 169 "-" "Caffeinated/1.1.1 CFNetwork/520.3.2 Darwin/11.3.0 (x86_64) (MacBookPro8%2C1)"
85.17.88.169 - - [23/Mar/2012:11:02:09 -0700] "POST /blog/wp-cron.php?doing_wp_cron=1332525549 HTTP/1.0" 499 0 "-" "WordPress/3.3.1; http://yuvi.in/blog"
180.76.6.223 - - [23/Mar/2012:11:02:12 -0700] "GET /blog/program/ HTTP/1.1" 200 8229 "-" "Mozilla/5.0 (compatible; Baiduspider/2.0; +http://www.baidu.com/search/spider.html)"
98.172.15.254 - - [23/Mar/2012:11:02:28 -0700] "GET /favicon.ico HTTP/1.1" 404 169 "-" "Caffeinated/1.1.1 CFNetwork/520.3.2 Darwin/11.3.0 (x86_64) (MacBookPro8%2C1)"
98.172.15.254 - - [23/Mar/2012:11:03:26 -0700] "GET /favicon.ico HTTP/1.1" 404 169 "-" "Caffeinated/1.1.1 CFNetwork/520.3.2 Darwin/11.3.0 (x86_64) (MacBookPro8%2C1)"
24.98.110.164 - - [23/Mar/2012:11:04:01 -0700] "GET / HTTP/1.1" 200 1430 "-" "Reeder/1.5.5 CFNetwork/548.1.4 Darwin/11.0.0"
24.98.110.164 - - [23/Mar/2012:11:04:01 -0700] "GET /favicon.ico HTTP/1.1" 404 142 "-" "Reeder/1.5.5 CFNetwork/548.1.4 Darwin/11.0.0"
24.98.110.164 - - [23/Mar/2012:11:04:02 -0700] "GET /apple-touch-icon.png HTTP/1.1" 404 142 "-" "Reeder/1.5.5 CFNetwork/548.1.4 Darwin/11.0.0"
24.98.110.164 - - [23/Mar/2012:11:04:02 -0700] "GET /apple-touch-icon-precomposed.png HTTP/1.1" 404 142 "-" "Reeder/1.5.5 CFNetwork/548.1.4 Darwin/11.0.0"
98.172.15.254 - - [23/Mar/2012:11:04:08 -0700] "GET /favicon.ico HTTP/1.1" 404 169 "-" "Caffeinated/1.1.1 CFNetwork/520.3.2 Darwin/11.3.0 (x86_64) (MacBookPro8%2C1)"
117.230.81.93 - - [23/Mar/2012:11:04:42 -0700] "GET /favicon.ico HTTP/1.1" 404 142 "-" "Reeder/1.5.5 CFNetwork/548.1.4 Darwin/11.0.0"
117.230.81.93 - - [23/Mar/2012:11:04:42 -0700] "GET /favicon.ico HTTP/1.1" 404 142 "-" "Reeder/1.5.5 CFNetwork/548.1.4 Darwin/11.0.0"
98.172.15.254 - - [23/Mar/2012:11:05:06 -0700] "GET /favicon.ico HTTP/1.1" 404 169 "-" "Caffeinated/1.1.1 CFNetwork/520.3.2 Darwin/11.3.0 (x86_64) (MacBookPro8%2C1)"
92.103.228.4 - - [23/Mar/2012:11:05:13 -0700] "GET /blog/college-drop/ HTTP/1.1" 200 18451 "-" "Mozilla/5.0 (compatible; Googlebot/2.1; +http://www.google.com/bot.html)"
98.172.15.254 - - [23/Mar/2012:11:05:41 -0700] "GET /favicon.ico HTTP/1.1" 404 169 "-" "Caffeinated/1.1.1 CFNetwork/520.3.2 Darwin/11.3.0 (x86_64) (MacBookPro8%2C1)"
98.172.15.254 - - [23/Mar/2012:11:06:35 -0700] "GET / HTTP/1.1" 304 0 "-" "Caffeinated/1.1.1 CFNetwork/520.3.2 Darwin/11.3.0 (x86_64) (MacBookPro8%2C1)"
98.172.15.254 - - [23/Mar/2012:11:06:35 -0700] "GET /favicon.ico HTTP/1.1" 404 169 "-" "Caffeinated/1.1.1 CFNetwork/520.3.2 Darwin/11.3.0 (x86_64) (MacBookPro8%2C1)"
98.172.15.254 - - [23/Mar/2012:11:07:21 -0700] "GET /favicon.ico HTTP/1.1" 404 169 "-" "Caffeinated/1.1.1 CFNetwork/520.3.2 Darwin/11.3.0 (x86_64) (MacBookPro8%2C1)"
98.172.15.254 - - [23/Mar/2012:11:08:19 -0700] "GET /favicon.ico HTTP/1.1" 404 169 "-" "Caffeinated/1.1.1 CFNetwork/520.3.2 Darwin/11.3.0 (x86_64) (MacBookPro8%2C1)"
85.17.88.169 - - [23/Mar/2012:11:08:35 -0700] "POST /blog/wp-cron.php?doing_wp_cron=1332525935 HTTP/1.0" 499 0 "-" "WordPress/3.3.1; http://yuvi.in/blog"
100.43.83.144 - - [23/Mar/2012:11:08:36 -0700] "GET /blog/my-involvement-in-novelrace/ HTTP/1.1" 200 4698 "-" "Mozilla/5.0 (compatible; YandexBot/3.0; +http://yandex.com/bots)"
98.172.15.254 - - [23/Mar/2012:11:08:56 -0700] "GET /favicon.ico HTTP/1.1" 404 169 "-" "Caffeinated/1.1.1 CFNetwork/520.3.2 Darwin/11.3.0 (x86_64) (MacBookPro8%2C1)"
98.172.15.254 - - [23/Mar/2012:11:09:50 -0700] "GET /favicon.ico HTTP/1.1" 404 169 "-" "Caffeinated/1.1.1 CFNetwork/520.3.2 Darwin/11.3.0 (x86_64) (MacBookPro8%2C1)"
24.255.28.90 - - [23/Mar/2012:11:10:19 -0700] "GET /where HTTP/1.1" 404 199 "-" "Mozilla/5.0 (Macintosh; Intel Mac OS X 10_6_8) AppleWebKit/535.11 (KHTML, like Gecko) Chrome/17.0.963.79 Safari/535.11"
24.255.28.90 - - [23/Mar/2012:11:10:20 -0700] "GET /favicon.ico HTTP/1.1" 404 199 "-" "Mozilla/5.0 (Macintosh; Intel Mac OS X 10_6_8) AppleWebKit/535.11 (KHTML, like Gecko) Chrome/17.0.963.79 Safari/535.11"
24.255.28.90 - - [23/Mar/2012:11:10:29 -0700] "-" 400 0 "-" "-"
98.172.15.254 - - [23/Mar/2012:11:10:29 -0700] "GET /favicon.ico HTTP/1.1" 404 169 "-" "Caffeinated/1.1.1 CFNetwork/520.3.2 Darwin/11.3.0 (x86_64) (MacBookPro8%2C1)"
24.255.28.90 - - [23/Mar/2012:11:10:43 -0700] "GET /where.html HTTP/1.1" 200 96 "-" "Mozilla/5.0 (Macintosh; Intel Mac OS X 10_6_8) AppleWebKit/535.11 (KHTML, like Gecko) Chrome/17.0.963.79 Safari/535.11"
24.255.28.90 - - [23/Mar/2012:11:10:43 -0700] "GET /favicon.ico HTTP/1.1" 404 199 "-" "Mozilla/5.0 (Macintosh; Intel Mac OS X 10_6_8) AppleWebKit/535.11 (KHTML, like Gecko) Chrome/17.0.963.79 Safari/535.11"
24.255.28.90 - - [23/Mar/2012:11:10:57 -0700] "GET /where HTTP/1.1" 404 199 "-" "Mozilla/5.0 (Macintosh; Intel Mac OS X 10_6_8) AppleWebKit/535.11 (KHTML, like Gecko) Chrome/17.0.963.79 Safari/535.11"
24.255.28.90 - - [23/Mar/2012:11:10:57 -0700] "GET /favicon.ico HTTP/1.1" 404 199 "-" "Mozilla/5.0 (Macintosh; Intel Mac OS X 10_6_8) AppleWebKit/535.11 (KHTML, like Gecko) Chrome/17.0.963.79 Safari/535.11"
24.255.28.90 - - [23/Mar/2012:11:10:59 -0700] "-" 400 0 "-" "-"
98.172.15.254 - - [23/Mar/2012:11:11:28 -0700] "GET /favicon.ico HTTP/1.1" 404 169 "-" "Caffeinated/1.1.1 CFNetwork/520.3.2 Darwin/11.3.0 (x86_64) (MacBookPro8%2C1)"
157.56.80.72 - - [23/Mar/2012:11:11:41 -0700] "-" 400 0 "-" "-"
157.56.80.72 - - [23/Mar/2012:11:11:43 -0700] "-" 400 0 "-" "-"
157.56.80.72 - - [23/Mar/2012:11:11:47 -0700] "-" 400 0 "-" "-"
157.56.80.72 - - [23/Mar/2012:11:11:47 -0700] "-" 400 0 "-" "-"
157.56.80.72 - - [23/Mar/2012:11:11:47 -0700] "-" 400 0 "-" "-"
157.56.80.72 - - [23/Mar/2012:11:11:48 -0700] "-" 400 0 "-" "-"
157.56.80.72 - - [23/Mar/2012:11:11:48 -0700] "-" 400 0 "-" "-"
157.56.80.72 - - [23/Mar/2012:11:11:48 -0700] "-" 400 0 "-" "-"
157.56.80.72 - - [23/Mar/2012:11:11:52 -0700] "-" 400 0 "-" "-"
157.56.80.72 - - [23/Mar/2012:11:11:53 -0700] "-" 400 0 "-" "-"
98.172.15.254 - - [23/Mar/2012:11:12:03 -0700] "GET / HTTP/1.1" 304 0 "-" "Caffeinated/1.1.1 CFNetwork/520.3.2 Darwin/11.3.0 (x86_64) (MacBookPro8%2C1)"
98.172.15.254 - - [23/Mar/2012:11:12:03 -0700] "GET /favicon.ico HTTP/1.1" 404 169 "-" "Caffeinated/1.1.1 CFNetwork/520.3.2 Darwin/11.3.0 (x86_64) (MacBookPro8%2C1)"
157.56.80.72 - - [23/Mar/2012:11:12:09 -0700] "-" 400 0 "-" "-"
157.56.80.72 - - [23/Mar/2012:11:12:09 -0700] "-" 400 0 "-" "-"
157.56.80.72 - - [23/Mar/2012:11:12:09 -0700] "-" 400 0 "-" "-"
98.172.15.254 - - [23/Mar/2012:11:12:58 -0700] "GET /favicon.ico HTTP/1.1" 404 169 "-" "Caffeinated/1.1.1 CFNetwork/520.3.2 Darwin/11.3.0 (x86_64) (MacBookPro8%2C1)"
117.193.231.215 - - [23/Mar/2012:11:12:59 -0700] "-" 400 0 "-" "-"
117.230.81.93 - - [23/Mar/2012:11:13:20 -0700] "GET /favicon.ico HTTP/1.1" 404 142 "-" "Reeder/1.5.5 CFNetwork/548.1.4 Darwin/11.0.0"
98.172.15.254 - - [23/Mar/2012:11:13:30 -0700] "GET /favicon.ico HTTP/1.1" 404 169 "-" "Caffeinated/1.1.1 CFNetwork/520.3.2 Darwin/11.3.0 (x86_64) (MacBookPro8%2C1)"
117.202.132.113 - - [23/Mar/2012:11:13:45 -0700] "-" 400 0 "-" "-"
14.96.151.65 - - [23/Mar/2012:11:13:58 -0700] "-" 400 0 "-" "-"
98.172.15.254 - - [23/Mar/2012:11:14:47 -0700] "GET /favicon.ico HTTP/1.1" 404 169 "-" "Caffeinated/1.1.1 CFNetwork/520.3.2 Darwin/11.3.0 (x86_64) (MacBookPro8%2C1)"
124.125.201.19 - - [23/Mar/2012:11:14:51 -0700] "-" 400 0 "-" "-"
124.125.201.19 - - [23/Mar/2012:11:14:51 -0700] "-" 400 0 "-" "-"
124.125.201.19 - - [23/Mar/2012:11:14:51 -0700] "-" 400 0 "-" "-"
124.125.201.19 - - [23/Mar/2012:11:14:51 -0700] "-" 400 0 "-" "-"
124.125.201.19 - - [23/Mar/2012:11:14:51 -0700] "-" 400 0 "-" "-"
124.125.201.19 - - [23/Mar/2012:11:14:51 -0700] "-" 400 0 "-" "-"
117.202.132.113 - - [23/Mar/2012:11:14:55 -0700] "-" 400 0 "-" "-"
117.202.132.113 - - [23/Mar/2012:11:14:55 -0700] "-" 400 0 "-" "-"
117.202.132.113 - - [23/Mar/2012:11:14:55 -0700] "-" 400 0 "-" "-"
117.202.132.113 - - [23/Mar/2012:11:14:55 -0700] "-" 400 0 "-" "-"
14.96.151.65 - - [23/Mar/2012:11:14:58 -0700] "-" 400 0 "-" "-"
124.125.201.19 - - [23/Mar/2012:11:14:58 -0700] "GET / HTTP/1.1" 200 1430 "-" "Mozilla/5.0 (X11; Linux x86_64) AppleWebKit/535.11 (KHTML, like Gecko) Chrome/17.0.963.56 Safari/535.11"
124.125.201.19 - - [23/Mar/2012:11:15:00 -0700] "GET /blueprint/screen.css HTTP/1.1" 200 12058 "http://yuvi.in/" "Mozilla/5.0 (X11; Linux x86_64) AppleWebKit/535.11 (KHTML, like Gecko) Chrome/17.0.963.56 Safari/535.11"
124.125.201.19 - - [23/Mar/2012:11:15:01 -0700] "GET /blueprint/print.css HTTP/1.1" 200 1284 "http://yuvi.in/" "Mozilla/5.0 (X11; Linux x86_64) AppleWebKit/535.11 (KHTML, like Gecko) Chrome/17.0.963.56 Safari/535.11"
124.125.201.19 - - [23/Mar/2012:11:15:01 -0700] "GET /header.png HTTP/1.1" 200 14249 "http://yuvi.in/" "Mozilla/5.0 (X11; Linux x86_64) AppleWebKit/535.11 (KHTML, like Gecko) Chrome/17.0.963.56 Safari/535.11"
124.125.201.19 - - [23/Mar/2012:11:15:02 -0700] "GET /favicon.ico HTTP/1.1" 404 199 "-" "Mozilla/5.0 (X11; Linux x86_64) AppleWebKit/535.11 (KHTML, like Gecko) Chrome/17.0.963.56 Safari/535.11"
124.125.201.19 - - [23/Mar/2012:11:15:06 -0700] "GET /blog HTTP/1.1" 301 178 "http://yuvi.in/" "Mozilla/5.0 (X11; Linux x86_64) AppleWebKit/535.11 (KHTML, like Gecko) Chrome/17.0.963.56 Safari/535.11"
124.125.201.19 - - [23/Mar/2012:11:15:07 -0700] "GET /blog/ HTTP/1.1" 200 9194 "http://yuvi.in/" "Mozilla/5.0 (X11; Linux x86_64) AppleWebKit/535.11 (KHTML, like Gecko) Chrome/17.0.963.56 Safari/535.11"
124.125.201.19 - - [23/Mar/2012:11:15:08 -0700] "GET /blog/wp-content/themes/cleanr/js/jquery.dropdown.js?ver=3.3.1 HTTP/1.1" 200 535 "http://yuvi.in/blog/" "Mozilla/5.0 (X11; Linux x86_64) AppleWebKit/535.11 (KHTML, like Gecko) Chrome/17.0.963.56 Safari/535.11"
124.125.201.19 - - [23/Mar/2012:11:15:08 -0700] "GET /blog/wp-content/themes/cleanr/style.css HTTP/1.1" 200 10508 "http://yuvi.in/blog/" "Mozilla/5.0 (X11; Linux x86_64) AppleWebKit/535.11 (KHTML, like Gecko) Chrome/17.0.963.56 Safari/535.11"
124.125.201.19 - - [23/Mar/2012:11:15:09 -0700] "GET /blog/wp-content/themes/cleanr/css/text.css HTTP/1.1" 200 420 "http://yuvi.in/blog/" "Mozilla/5.0 (X11; Linux x86_64) AppleWebKit/535.11 (KHTML, like Gecko) Chrome/17.0.963.56 Safari/535.11"
124.125.201.19 - - [23/Mar/2012:11:15:09 -0700] "GET /blog/wp-content/themes/cleanr/css/960.css HTTP/1.1" 200 3628 "http://yuvi.in/blog/" "Mozilla/5.0 (X11; Linux x86_64) AppleWebKit/535.11 (KHTML, like Gecko) Chrome/17.0.963.56 Safari/535.11"
124.125.201.19 - - [23/Mar/2012:11:15:09 -0700] "GET /blog/wp-content/themes/cleanr/css/reset.css HTTP/1.1" 200 648 "http://yuvi.in/blog/" "Mozilla/5.0 (X11; Linux x86_64) AppleWebKit/535.11 (KHTML, like Gecko) Chrome/17.0.963.56 Safari/535.11"
124.125.201.19 - - [23/Mar/2012:11:15:10 -0700] "GET /blog/wp-includes/js/jquery/jquery.js?ver=1.7.1 HTTP/1.1" 200 93889 "http://yuvi.in/blog/" "Mozilla/5.0 (X11; Linux x86_64) AppleWebKit/535.11 (KHTML, like Gecko) Chrome/17.0.963.56 Safari/535.11"
124.125.201.19 - - [23/Mar/2012:11:15:11 -0700] "-" 400 0 "-" "-"
124.125.201.19 - - [23/Mar/2012:11:15:16 -0700] "GET /blog/wp-content/themes/cleanr/images/search_magnifier.gif HTTP/1.1" 200 394 "http://yuvi.in/blog/" "Mozilla/5.0 (X11; Linux x86_64) AppleWebKit/535.11 (KHTML, like Gecko) Chrome/17.0.963.56 Safari/535.11"
124.125.201.19 - - [23/Mar/2012:11:15:17 -0700] "GET /favicon.ico HTTP/1.1" 404 199 "-" "Mozilla/5.0 (X11; Linux x86_64) AppleWebKit/535.11 (KHTML, like Gecko) Chrome/17.0.963.56 Safari/535.11"
117.202.132.113 - - [23/Mar/2012:11:15:35 -0700] "-" 400 0 "-" "-"
117.202.132.113 - - [23/Mar/2012:11:15:35 -0700] "-" 400 0 "-" "-"
117.202.132.113 - - [23/Mar/2012:11:15:35 -0700] "-" 400 0 "-" "-"
117.202.132.113 - - [23/Mar/2012:11:15:35 -0700] "-" 400 0 "-" "-"
117.202.132.113 - - [23/Mar/2012:11:15:35 -0700] "-" 400 0 "-" "-"
98.172.15.254 - - [23/Mar/2012:11:15:47 -0700] "GET /favicon.ico HTTP/1.1" 404 169 "-" "Caffeinated/1.1.1 CFNetwork/520.3.2 Darwin/11.3.0 (x86_64) (MacBookPro8%2C1)"
117.202.132.113 - - [23/Mar/2012:11:16:15 -0700] "-" 400 0 "-" "-"
117.202.132.113 - - [23/Mar/2012:11:16:15 -0700] "-" 400 0 "-" "-"
117.202.132.113 - - [23/Mar/2012:11:16:15 -0700] "-" 400 0 "-" "-"
117.202.132.113 - - [23/Mar/2012:11:16:15 -0700] "-" 400 0 "-" "-"
117.202.132.113 - - [23/Mar/2012:11:16:15 -0700] "-" 400 0 "-" "-"
98.172.15.254 - - [23/Mar/2012:11:16:20 -0700] "GET /favicon.ico HTTP/1.1" 404 169 "-" "Caffeinated/1.1.1 CFNetwork/520.3.2 Darwin/11.3.0 (x86_64) (MacBookPro8%2C1)"
204.236.235.245 - - [23/Mar/2012:11:16:32 -0700] "GET /robots.txt HTTP/1.0" 404 169 "-" "ia_archiver (+http://www.alexa.com/site/help/webmasters; crawler@alexa.com)"
85.17.88.169 - - [23/Mar/2012:11:16:35 -0700] "POST /blog/wp-cron.php?doing_wp_cron=1332526415 HTTP/1.0" 499 0 "-" "WordPress/3.3.1; http://yuvi.in/blog"
204.236.235.245 - - [23/Mar/2012:11:16:36 -0700] "GET /blog/category/personal HTTP/1.0" 301 0 "-" "ia_archiver (+http://www.alexa.com/site/help/webmasters; crawler@alexa.com)"
85.17.88.169 - - [23/Mar/2012:11:16:39 -0700] "POST /blog/wp-cron.php?doing_wp_cron=1332526419 HTTP/1.0" 499 0 "-" "WordPress/3.3.1; http://yuvi.in/blog"
204.236.235.245 - - [23/Mar/2012:11:16:40 -0700] "GET /blog/category/personal/ HTTP/1.0" 200 45958 "-" "ia_archiver (+http://www.alexa.com/site/help/webmasters; crawler@alexa.com)"
98.172.15.254 - - [23/Mar/2012:11:17:17 -0700] "GET / HTTP/1.1" 304 0 "-" "Caffeinated/1.1.1 CFNetwork/520.3.2 Darwin/11.3.0 (x86_64) (MacBookPro8%2C1)"
98.172.15.254 - - [23/Mar/2012:11:17:17 -0700] "GET /favicon.ico HTTP/1.1" 404 169 "-" "Caffeinated/1.1.1 CFNetwork/520.3.2 Darwin/11.3.0 (x86_64) (MacBookPro8%2C1)"
98.172.15.254 - - [23/Mar/2012:11:17:57 -0700] "GET /favicon.ico HTTP/1.1" 404 169 "-" "Caffeinated/1.1.1 CFNetwork/520.3.2 Darwin/11.3.0 (x86_64) (MacBookPro8%2C1)"
207.46.204.218 - - [23/Mar/2012:11:18:10 -0700] "-" 400 0 "-" "-"
207.46.204.218 - - [23/Mar/2012:11:18:18 -0700] "-" 400 0 "-" "-"
207.46.204.218 - - [23/Mar/2012:11:18:20 -0700] "-" 400 0 "-" "-"
207.46.204.218 - - [23/Mar/2012:11:18:21 -0700] "-" 400 0 "-" "-"
207.46.204.218 - - [23/Mar/2012:11:18:21 -0700] "-" 400 0 "-" "-"
207.46.204.218 - - [23/Mar/2012:11:18:23 -0700] "-" 400 0 "-" "-"
207.46.204.218 - - [23/Mar/2012:11:18:26 -0700] "-" 400 0 "-" "-"
207.46.204.218 - - [23/Mar/2012:11:18:26 -0700] "-" 400 0 "-" "-"
207.46.204.218 - - [23/Mar/2012:11:18:30 -0700] "-" 400 0 "-" "-"
207.46.204.218 - - [23/Mar/2012:11:18:30 -0700] "-" 400 0 "-" "-"
98.172.15.254 - - [23/Mar/2012:11:19:09 -0700] "GET /favicon.ico HTTP/1.1" 404 169 "-" "Caffeinated/1.1.1 CFNetwork/520.3.2 Darwin/11.3.0 (x86_64) (MacBookPro8%2C1)"
207.46.204.218 - - [23/Mar/2012:11:19:17 -0700] "-" 400 0 "-" "-"
98.172.15.254 - - [23/Mar/2012:11:20:13 -0700] "GET /favicon.ico HTTP/1.1" 404 169 "-" "Caffeinated/1.1.1 CFNetwork/520.3.2 Darwin/11.3.0 (x86_64) (MacBookPro8%2C1)"
59.92.32.246 - - [23/Mar/2012:11:20:56 -0700] "-" 400 0 "-" "-"
59.92.32.246 - - [23/Mar/2012:11:20:56 -0700] "-" 400 0 "-" "-"
59.92.32.246 - - [23/Mar/2012:11:20:56 -0700] "-" 400 0 "-" "-"
59.92.32.246 - - [23/Mar/2012:11:20:56 -0700] "-" 400 0 "-" "-"
59.92.32.246 - - [23/Mar/2012:11:20:56 -0700] "-" 400 0 "-" "-"
98.172.15.254 - - [23/Mar/2012:11:21:11 -0700] "GET /favicon.ico HTTP/1.1" 404 169 "-" "Caffeinated/1.1.1 CFNetwork/520.3.2 Darwin/11.3.0 (x86_64) (MacBookPro8%2C1)"
94.228.34.209 - - [23/Mar/2012:11:21:18 -0700] "GET /blog/serendipity.html HTTP/1.1" 304 0 "-" "magpie-crawler/1.1 (U; Linux amd64; en-GB; +http://www.brandwatch.net)"
59.92.32.246 - - [23/Mar/2012:11:21:46 -0700] "-" 400 0 "-" "-"
98.172.15.254 - - [23/Mar/2012:11:22:08 -0700] "GET /favicon.ico HTTP/1.1" 404 169 "-" "Caffeinated/1.1.1 CFNetwork/520.3.2 Darwin/11.3.0 (x86_64) (MacBookPro8%2C1)"
209.85.224.84 - - [23/Mar/2012:11:22:34 -0700] "GET /stories/feed HTTP/1.1" 200 13653 "-" "FeedBurner/1.0 (http://www.FeedBurner.com)"
98.172.15.254 - - [23/Mar/2012:11:23:08 -0700] "GET / HTTP/1.1" 304 0 "-" "Caffeinated/1.1.1 CFNetwork/520.3.2 Darwin/11.3.0 (x86_64) (MacBookPro8%2C1)"
98.172.15.254 - - [23/Mar/2012:11:23:09 -0700] "GET /favicon.ico HTTP/1.1" 404 169 "-" "Caffeinated/1.1.1 CFNetwork/520.3.2 Darwin/11.3.0 (x86_64) (MacBookPro8%2C1)"
98.172.15.254 - - [23/Mar/2012:11:24:06 -0700] "GET /favicon.ico HTTP/1.1" 404 169 "-" "Caffeinated/1.1.1 CFNetwork/520.3.2 Darwin/11.3.0 (x86_64) (MacBookPro8%2C1)"
98.172.15.254 - - [23/Mar/2012:11:24:58 -0700] "GET /favicon.ico HTTP/1.1" 404 169 "-" "Caffeinated/1.1.1 CFNetwork/520.3.2 Darwin/11.3.0 (x86_64) (MacBookPro8%2C1)"
122.164.211.30 - - [23/Mar/2012:11:25:03 -0700] "-" 400 0 "-" "-"
98.172.15.254 - - [23/Mar/2012:11:25:54 -0700] "GET /favicon.ico HTTP/1.1" 404 169 "-" "Caffeinated/1.1.1 CFNetwork/520.3.2 Darwin/11.3.0 (x86_64) (MacBookPro8%2C1)"
117.202.132.113 - - [23/Mar/2012:11:26:11 -0700] "-" 400 0 "-" "-"
98.172.15.254 - - [23/Mar/2012:11:26:35 -0700] "GET /favicon.ico HTTP/1.1" 404 169 "-" "Caffeinated/1.1.1 CFNetwork/520.3.2 Darwin/11.3.0 (x86_64) (MacBookPro8%2C1)"
117.202.132.113 - - [23/Mar/2012:11:26:41 -0700] "-" 400 0 "-" "-"
117.202.132.113 - - [23/Mar/2012:11:26:41 -0700] "-" 400 0 "-" "-"
98.172.15.254 - - [23/Mar/2012:11:27:33 -0700] "GET /favicon.ico HTTP/1.1" 404 169 "-" "Caffeinated/1.1.1 CFNetwork/520.3.2 Darwin/11.3.0 (x86_64) (MacBookPro8%2C1)"
59.92.32.246 - - [23/Mar/2012:11:28:14 -0700] "-" 400 0 "-" "-"
59.92.32.246 - - [23/Mar/2012:11:28:24 -0700] "-" 400 0 "-" "-"
59.92.32.246 - - [23/Mar/2012:11:28:24 -0700] "-" 400 0 "-" "-"
59.92.32.246 - - [23/Mar/2012:11:28:24 -0700] "-" 400 0 "-" "-"
59.92.32.246 - - [23/Mar/2012:11:28:24 -0700] "-" 400 0 "-" "-"
98.172.15.254 - - [23/Mar/2012:11:28:27 -0700] "GET / HTTP/1.1" 304 0 "-" "Caffeinated/1.1.1 CFNetwork/520.3.2 Darwin/11.3.0 (x86_64) (MacBookPro8%2C1)"
98.172.15.254 - - [23/Mar/2012:11:28:27 -0700] "GET /favicon.ico HTTP/1.1" 404 169 "-" "Caffeinated/1.1.1 CFNetwork/520.3.2 Darwin/11.3.0 (x86_64) (MacBookPro8%2C1)"
157.55.112.199 - - [23/Mar/2012:11:28:42 -0700] "-" 400 0 "-" "-"
157.55.112.199 - - [23/Mar/2012:11:28:42 -0700] "-" 400 0 "-" "-"
157.55.112.199 - - [23/Mar/2012:11:28:45 -0700] "-" 400 0 "-" "-"
157.55.112.199 - - [23/Mar/2012:11:28:45 -0700] "-" 400 0 "-" "-"
157.55.112.199 - - [23/Mar/2012:11:28:45 -0700] "-" 400 0 "-" "-"
157.55.112.199 - - [23/Mar/2012:11:28:45 -0700] "-" 400 0 "-" "-"
157.55.112.199 - - [23/Mar/2012:11:28:45 -0700] "-" 400 0 "-" "-"
157.55.112.199 - - [23/Mar/2012:11:28:45 -0700] "-" 400 0 "-" "-"
157.55.112.199 - - [23/Mar/2012:11:28:46 -0700] "-" 400 0 "-" "-"
157.55.112.199 - - [23/Mar/2012:11:28:46 -0700] "-" 400 0 "-" "-"
113.193.115.26 - - [23/Mar/2012:11:28:55 -0700] "-" 400 0 "-" "-"
157.55.112.199 - - [23/Mar/2012:11:29:25 -0700] "-" 400 0 "-" "-"
122.164.234.120 - - [23/Mar/2012:11:30:02 -0700] "-" 400 0 "-" "-"
95.108.150.235 - - [23/Mar/2012:11:30:14 -0700] "GET /robots.txt HTTP/1.1" 404 169 "-" "Mozilla/5.0 (compatible; YandexBot/3.0; +http://yandex.com/bots)"
95.108.150.235 - - [23/Mar/2012:11:30:14 -0700] "GET / HTTP/1.1" 200 1430 "-" "Mozilla/5.0 (compatible; YandexBot/3.0; +http://yandex.com/bots)"
95.108.150.235 - - [23/Mar/2012:11:30:15 -0700] "GET / HTTP/1.1" 200 1430 "-" "Mozilla/5.0 (compatible; YandexBot/3.0; +http://yandex.com/bots)"
98.172.15.254 - - [23/Mar/2012:11:30:16 -0700] "GET /favicon.ico HTTP/1.1" 404 169 "-" "Caffeinated/1.1.1 CFNetwork/520.3.2 Darwin/11.3.0 (x86_64) (MacBookPro8%2C1)"
85.17.88.169 - - [23/Mar/2012:11:30:19 -0700] "POST /blog/wp-cron.php?doing_wp_cron=1332527239 HTTP/1.0" 499 0 "-" "WordPress/3.3.1; http://yuvi.in/blog"
209.85.224.93 - - [23/Mar/2012:11:30:19 -0700] "GET /blog/feed HTTP/1.1" 304 0 "-" "FeedBurner/1.0 (http://www.FeedBurner.com)"
59.92.32.246 - - [23/Mar/2012:11:30:34 -0700] "-" 400 0 "-" "-"
59.92.32.246 - - [23/Mar/2012:11:30:34 -0700] "-" 400 0 "-" "-"
59.92.32.246 - - [23/Mar/2012:11:30:34 -0700] "-" 400 0 "-" "-"
59.92.32.246 - - [23/Mar/2012:11:30:34 -0700] "-" 400 0 "-" "-"
59.92.32.246 - - [23/Mar/2012:11:30:34 -0700] "-" 400 0 "-" "-"
59.92.32.246 - - [23/Mar/2012:11:31:04 -0700] "-" 400 0 "-" "-"
59.92.32.246 - - [23/Mar/2012:11:31:04 -0700] "-" 400 0 "-" "-"
59.92.32.246 - - [23/Mar/2012:11:31:04 -0700] "-" 400 0 "-" "-"
59.92.32.246 - - [23/Mar/2012:11:31:04 -0700] "-" 400 0 "-" "-"
113.193.115.26 - - [23/Mar/2012:11:31:18 -0700] "-" 400 0 "-" "-"
113.193.115.26 - - [23/Mar/2012:11:31:24 -0700] "-" 400 0 "-" "-"
98.172.15.254 - - [23/Mar/2012:11:32:15 -0700] "GET /favicon.ico HTTP/1.1" 404 169 "-" "Caffeinated/1.1.1 CFNetwork/520.3.2 Darwin/11.3.0 (x86_64) (MacBookPro8%2C1)"
213.186.127.13 - - [23/Mar/2012:11:32:17 -0700] "GET /blog/how-to-increase-cheese-s-burst-mode-photo-count.html HTTP/1.1" 200 2407 "-" "Mozilla/5.0 (compatible; AhrefsBot/2.0; +http://ahrefs.com/robot/)"
98.172.15.254 - - [23/Mar/2012:11:32:49 -0700] "GET /favicon.ico HTTP/1.1" 404 169 "-" "Caffeinated/1.1.1 CFNetwork/520.3.2 Darwin/11.3.0 (x86_64) (MacBookPro8%2C1)"
59.92.32.246 - - [23/Mar/2012:11:33:44 -0700] "-" 400 0 "-" "-"
157.55.112.207 - - [23/Mar/2012:11:33:47 -0700] "-" 400 0 "-" "-"
98.172.15.254 - - [23/Mar/2012:11:33:49 -0700] "GET / HTTP/1.1" 304 0 "-" "Caffeinated/1.1.1 CFNetwork/520.3.2 Darwin/11.3.0 (x86_64) (MacBookPro8%2C1)"
98.172.15.254 - - [23/Mar/2012:11:33:49 -0700] "GET /favicon.ico HTTP/1.1" 404 169 "-" "Caffeinated/1.1.1 CFNetwork/520.3.2 Darwin/11.3.0 (x86_64) (MacBookPro8%2C1)"
157.55.112.207 - - [23/Mar/2012:11:33:51 -0700] "-" 400 0 "-" "-"
157.55.112.207 - - [23/Mar/2012:11:33:51 -0700] "-" 400 0 "-" "-"
157.55.112.207 - - [23/Mar/2012:11:33:51 -0700] "-" 400 0 "-" "-"
157.55.112.207 - - [23/Mar/2012:11:33:53 -0700] "-" 400 0 "-" "-"
157.55.112.207 - - [23/Mar/2012:11:33:53 -0700] "-" 400 0 "-" "-"
157.55.112.207 - - [23/Mar/2012:11:33:54 -0700] "-" 400 0 "-" "-"
157.55.112.207 - - [23/Mar/2012:11:33:54 -0700] "-" 400 0 "-" "-"
157.55.112.207 - - [23/Mar/2012:11:33:54 -0700] "-" 400 0 "-" "-"
157.55.112.207 - - [23/Mar/2012:11:33:54 -0700] "-" 400 0 "-" "-"
157.55.112.207 - - [23/Mar/2012:11:34:07 -0700] "-" 400 0 "-" "-"
98.172.15.254 - - [23/Mar/2012:11:34:33 -0700] "GET /favicon.ico HTTP/1.1" 404 169 "-" "Caffeinated/1.1.1 CFNetwork/520.3.2 Darwin/11.3.0 (x86_64) (MacBookPro8%2C1)"
98.172.15.254 - - [23/Mar/2012:11:35:32 -0700] "GET /favicon.ico HTTP/1.1" 404 169 "-" "Caffeinated/1.1.1 CFNetwork/520.3.2 Darwin/11.3.0 (x86_64) (MacBookPro8%2C1)"
122.164.234.120 - - [23/Mar/2012:11:36:22 -0700] "-" 400 0 "-" "-"
98.172.15.254 - - [23/Mar/2012:11:36:22 -0700] "GET /favicon.ico HTTP/1.1" 404 169 "-" "Caffeinated/1.1.1 CFNetwork/520.3.2 Darwin/11.3.0 (x86_64) (MacBookPro8%2C1)"
85.17.88.169 - - [23/Mar/2012:11:36:52 -0700] "POST /blog/wp-cron.php?doing_wp_cron=1332527631 HTTP/1.0" 499 0 "-" "WordPress/3.3.1; http://yuvi.in/blog"
209.85.238.115 - - [23/Mar/2012:11:36:52 -0700] "GET /blog/feed/ HTTP/1.1" 304 0 "-" "Feedfetcher-Google; (+http://www.google.com/feedfetcher.html; 19 subscribers; feed-id=15064232456473204253)"
98.172.15.254 - - [23/Mar/2012:11:37:20 -0700] "GET /favicon.ico HTTP/1.1" 404 169 "-" "Caffeinated/1.1.1 CFNetwork/520.3.2 Darwin/11.3.0 (x86_64) (MacBookPro8%2C1)"
207.241.237.237 - - [23/Mar/2012:11:37:44 -0700] "GET /favicon.ico HTTP/1.0" 404 238 "-" "Mozilla/5.0 (compatible; archive.org_bot +http://www.archive.org/details/archive.org_bot)"
98.172.15.254 - - [23/Mar/2012:11:38:09 -0700] "GET /favicon.ico HTTP/1.1" 404 169 "-" "Caffeinated/1.1.1 CFNetwork/520.3.2 Darwin/11.3.0 (x86_64) (MacBookPro8%2C1)"
69.171.234.1 - - [23/Mar/2012:11:39:03 -0700] "GET /r/1x7m HTTP/1.1" 301 257 "-" "facebookexternalhit/1.1 (+http://www.facebook.com/externalhit_uatext.php)"
69.171.234.0 - - [23/Mar/2012:11:39:03 -0700] "GET /s/ta/1x7m/ HTTP/1.1" 302 513 "-" "facebookexternalhit/1.1 (+http://www.facebook.com/externalhit_uatext.php)"
98.172.15.254 - - [23/Mar/2012:11:39:07 -0700] "GET / HTTP/1.1" 304 0 "-" "Caffeinated/1.1.1 CFNetwork/520.3.2 Darwin/11.3.0 (x86_64) (MacBookPro8%2C1)"
98.172.15.254 - - [23/Mar/2012:11:39:08 -0700] "GET /favicon.ico HTTP/1.1" 404 169 "-" "Caffeinated/1.1.1 CFNetwork/520.3.2 Darwin/11.3.0 (x86_64) (MacBookPro8%2C1)"
207.46.204.164 - - [23/Mar/2012:11:39:23 -0700] "-" 400 0 "-" "-"
207.46.204.164 - - [23/Mar/2012:11:39:25 -0700] "-" 400 0 "-" "-"
207.46.204.164 - - [23/Mar/2012:11:39:25 -0700] "-" 400 0 "-" "-"
207.46.204.164 - - [23/Mar/2012:11:39:25 -0700] "-" 400 0 "-" "-"
207.46.204.164 - - [23/Mar/2012:11:39:25 -0700] "-" 400 0 "-" "-"
207.46.204.164 - - [23/Mar/2012:11:39:25 -0700] "-" 400 0 "-" "-"
207.46.204.164 - - [23/Mar/2012:11:39:25 -0700] "-" 400 0 "-" "-"
207.46.204.164 - - [23/Mar/2012:11:39:25 -0700] "-" 400 0 "-" "-"
98.172.15.254 - - [23/Mar/2012:11:39:56 -0700] "GET /favicon.ico HTTP/1.1" 404 169 "-" "Caffeinated/1.1.1 CFNetwork/520.3.2 Darwin/11.3.0 (x86_64) (MacBookPro8%2C1)"
85.17.88.169 - - [23/Mar/2012:11:40:05 -0700] "POST /blog/wp-cron.php?doing_wp_cron=1332527825 HTTP/1.0" 499 0 "-" "WordPress/3.3.1; http://yuvi.in/blog"
201.90.55.66 - - [23/Mar/2012:11:40:07 -0700] "GET /blog/what-stop-child-athiest/ HTTP/1.0" 200 20969 "-" "Mozilla/5.0 (compatible; Googlebot/2.1; +http://www.google.com/bot.html)"
23.20.101.172 - - [23/Mar/2012:11:40:11 -0700] "GET /robots.txt HTTP/1.1" 404 211 "" "EC2LinkFinder"
23.20.101.172 - - [23/Mar/2012:11:40:11 -0700] "GET / HTTP/1.1" 404 211 "" "EC2LinkFinder"
112.79.40.53 - - [23/Mar/2012:11:40:45 -0700] "-" 400 0 "-" "-"
112.79.40.53 - - [23/Mar/2012:11:40:45 -0700] "-" 400 0 "-" "-"
112.79.40.53 - - [23/Mar/2012:11:40:45 -0700] "-" 400 0 "-" "-"
98.172.15.254 - - [23/Mar/2012:11:40:57 -0700] "GET /favicon.ico HTTP/1.1" 404 169 "-" "Caffeinated/1.1.1 CFNetwork/520.3.2 Darwin/11.3.0 (x86_64) (MacBookPro8%2C1)"
