65.52.111.244 - - [11/Apr/2012:20:29:19 -0700] "-" 400 0 "-" "-"
65.52.111.244 - - [11/Apr/2012:20:29:19 -0700] "-" 400 0 "-" "-"
65.52.111.244 - - [11/Apr/2012:20:29:20 -0700] "-" 400 0 "-" "-"
65.52.111.244 - - [11/Apr/2012:20:29:20 -0700] "-" 400 0 "-" "-"
65.52.111.244 - - [11/Apr/2012:20:29:20 -0700] "-" 400 0 "-" "-"
65.52.111.244 - - [11/Apr/2012:20:29:21 -0700] "-" 400 0 "-" "-"
65.52.111.244 - - [11/Apr/2012:20:29:21 -0700] "-" 400 0 "-" "-"
65.52.111.244 - - [11/Apr/2012:20:29:21 -0700] "-" 400 0 "-" "-"
65.52.111.244 - - [11/Apr/2012:20:29:21 -0700] "-" 400 0 "-" "-"
117.193.36.7 - - [11/Apr/2012:20:29:25 -0700] "-" 400 0 "-" "-"
85.17.88.169 - - [11/Apr/2012:20:29:46 -0700] "POST /blog/wp-cron.php?doing_wp_cron=1334201051 HTTP/1.0" 499 0 "-" "WordPress/3.3.1; http://yuvi.in/blog"
209.85.224.91 - - [11/Apr/2012:20:29:46 -0700] "GET /blog/feed HTTP/1.1" 304 0 "-" "FeedBurner/1.0 (http://www.FeedBurner.com)"
157.55.112.206 - - [11/Apr/2012:20:29:46 -0700] "-" 400 0 "-" "-"
117.193.36.7 - - [11/Apr/2012:20:29:55 -0700] "-" 400 0 "-" "-"
117.193.36.7 - - [11/Apr/2012:20:29:55 -0700] "-" 400 0 "-" "-"
117.193.36.7 - - [11/Apr/2012:20:29:55 -0700] "-" 400 0 "-" "-"
117.193.36.7 - - [11/Apr/2012:20:29:55 -0700] "-" 400 0 "-" "-"
65.52.111.244 - - [11/Apr/2012:20:30:21 -0700] "-" 400 0 "-" "-"
66.220.158.251 - - [11/Apr/2012:20:30:47 -0700] "GET /r/1qjc HTTP/1.1" 301 257 "-" "facebookexternalhit/1.1 (+http://www.facebook.com/externalhit_uatext.php)"
66.220.158.244 - - [11/Apr/2012:20:30:48 -0700] "GET /s/ta/1qjc/ HTTP/1.1" 302 361 "-" "facebookexternalhit/1.1 (+http://www.facebook.com/externalhit_uatext.php)"
117.206.91.141 - - [11/Apr/2012:20:32:17 -0700] "-" 400 0 "-" "-"
117.193.36.7 - - [11/Apr/2012:20:32:45 -0700] "-" 400 0 "-" "-"
117.193.36.7 - - [11/Apr/2012:20:32:45 -0700] "-" 400 0 "-" "-"
117.193.36.7 - - [11/Apr/2012:20:32:45 -0700] "-" 400 0 "-" "-"
117.193.36.7 - - [11/Apr/2012:20:32:45 -0700] "-" 400 0 "-" "-"
117.193.36.7 - - [11/Apr/2012:20:34:05 -0700] "-" 400 0 "-" "-"
117.193.175.226 - - [11/Apr/2012:20:35:31 -0700] "-" 400 0 "-" "-"
117.193.175.226 - - [11/Apr/2012:20:35:46 -0700] "-" 400 0 "-" "-"
124.125.203.79 - - [11/Apr/2012:20:36:21 -0700] "-" 400 0 "-" "-"
117.193.175.226 - - [11/Apr/2012:20:36:50 -0700] "-" 400 0 "-" "-"
117.193.175.226 - - [11/Apr/2012:20:36:51 -0700] "-" 400 0 "-" "-"
117.193.175.226 - - [11/Apr/2012:20:37:16 -0700] "-" 400 0 "-" "-"
117.193.175.226 - - [11/Apr/2012:20:37:16 -0700] "-" 400 0 "-" "-"
117.193.175.226 - - [11/Apr/2012:20:37:16 -0700] "-" 400 0 "-" "-"
117.193.175.226 - - [11/Apr/2012:20:37:16 -0700] "-" 400 0 "-" "-"
85.17.88.169 - - [11/Apr/2012:20:39:17 -0700] "POST /blog/wp-cron.php?doing_wp_cron=1334201622 HTTP/1.0" 499 0 "-" "WordPress/3.3.1; http://yuvi.in/blog"
209.85.238.182 - - [11/Apr/2012:20:39:17 -0700] "GET /blog/feed HTTP/1.1" 301 0 "-" "Feedfetcher-Google; (+http://www.google.com/feedfetcher.html; 3 subscribers; feed-id=17684830852112633560)"
85.17.88.169 - - [11/Apr/2012:20:39:19 -0700] "POST /blog/wp-cron.php?doing_wp_cron=1334201625 HTTP/1.0" 499 0 "-" "WordPress/3.3.1; http://yuvi.in/blog"
209.85.238.182 - - [11/Apr/2012:20:39:20 -0700] "GET /blog/feed/ HTTP/1.1" 304 0 "-" "Feedfetcher-Google; (+http://www.google.com/feedfetcher.html; 3 subscribers; feed-id=17684830852112633560)"
115.184.19.82 - - [11/Apr/2012:20:39:27 -0700] "-" 400 0 "-" "-"
117.193.175.226 - - [11/Apr/2012:20:40:05 -0700] "-" 400 0 "-" "-"
117.193.175.226 - - [11/Apr/2012:20:40:57 -0700] "-" 400 0 "-" "-"
117.193.175.226 - - [11/Apr/2012:20:42:15 -0700] "-" 400 0 "-" "-"
117.193.175.226 - - [11/Apr/2012:20:42:15 -0700] "-" 400 0 "-" "-"
117.193.175.226 - - [11/Apr/2012:20:42:15 -0700] "-" 400 0 "-" "-"
117.193.175.226 - - [11/Apr/2012:20:42:15 -0700] "-" 400 0 "-" "-"
117.193.175.226 - - [11/Apr/2012:20:43:15 -0700] "-" 400 0 "-" "-"
117.193.175.226 - - [11/Apr/2012:20:43:15 -0700] "-" 400 0 "-" "-"
117.193.175.226 - - [11/Apr/2012:20:43:15 -0700] "-" 400 0 "-" "-"
117.193.175.226 - - [11/Apr/2012:20:43:15 -0700] "-" 400 0 "-" "-"
117.193.175.226 - - [11/Apr/2012:20:43:46 -0700] "-" 400 0 "-" "-"
117.193.175.226 - - [11/Apr/2012:20:43:46 -0700] "-" 400 0 "-" "-"
117.193.175.226 - - [11/Apr/2012:20:43:46 -0700] "-" 400 0 "-" "-"
117.193.175.226 - - [11/Apr/2012:20:43:46 -0700] "-" 400 0 "-" "-"
117.193.175.226 - - [11/Apr/2012:20:43:46 -0700] "-" 400 0 "-" "-"
85.17.88.169 - - [11/Apr/2012:20:43:51 -0700] "POST /blog/wp-cron.php?doing_wp_cron=1334201897 HTTP/1.0" 499 0 "-" "WordPress/3.3.1; http://yuvi.in/blog"
97.117.125.23 - - [11/Apr/2012:20:43:52 -0700] "GET /blog/favicon.ico HTTP/1.1" 404 3016 "-" "Mozilla/5.0 (Windows NT 5.1; rv:11.0) Gecko/20100101 Firefox/11.0"
117.193.175.226 - - [11/Apr/2012:20:46:05 -0700] "-" 400 0 "-" "-"
69.171.229.244 - - [11/Apr/2012:20:46:36 -0700] "GET /r/1dqe\xE0\xAE\x95\xE0\xAE\x9F\xE0\xAF\x8D\xE0\xAE\x9F\xE0\xAE\xB1\xE0\xAF\x8D\xE0\xAE\xB1 HTTP/1.1" 301 383 "-" "facebookexternalhit/1.1 (+http://www.facebook.com/externalhit_uatext.php)"
69.171.229.250 - - [11/Apr/2012:20:46:36 -0700] "GET /s/ta/1dqe%E0%AE%95%E0%AE%9F%E0%AF%8D%E0%AE%9F%E0%AE%B1%E0%AF%8D%E0%AE%B1/ HTTP/1.1" 502 173 "-" "facebookexternalhit/1.1 (+http://www.facebook.com/externalhit_uatext.php)"
74.125.16.92 - - [11/Apr/2012:20:46:38 -0700] "GET /blueprint/screen.css HTTP/1.1" 200 12058 "http://yuvi.in/" "Mozilla/5.0 (en-us) AppleWebKit/534.14 (KHTML, like Gecko; Google Wireless Transcoder) Chrome/9.0.597 Safari/534.14"
207.46.193.36 - - [11/Apr/2012:20:46:54 -0700] "-" 400 0 "-" "-"
207.46.193.36 - - [11/Apr/2012:20:46:56 -0700] "-" 400 0 "-" "-"
207.46.193.36 - - [11/Apr/2012:20:46:56 -0700] "-" 400 0 "-" "-"
207.46.193.36 - - [11/Apr/2012:20:46:57 -0700] "-" 400 0 "-" "-"
207.46.193.36 - - [11/Apr/2012:20:46:57 -0700] "-" 400 0 "-" "-"
207.46.193.36 - - [11/Apr/2012:20:46:58 -0700] "-" 400 0 "-" "-"
207.46.193.36 - - [11/Apr/2012:20:46:59 -0700] "-" 400 0 "-" "-"
207.46.193.36 - - [11/Apr/2012:20:47:00 -0700] "-" 400 0 "-" "-"
207.46.193.36 - - [11/Apr/2012:20:47:00 -0700] "-" 400 0 "-" "-"
112.79.45.158 - - [11/Apr/2012:20:47:09 -0700] "-" 400 0 "-" "-"
124.125.203.79 - - [11/Apr/2012:20:49:50 -0700] "-" 400 0 "-" "-"
124.125.203.79 - - [11/Apr/2012:20:49:50 -0700] "-" 400 0 "-" "-"
124.125.203.79 - - [11/Apr/2012:20:49:50 -0700] "-" 400 0 "-" "-"
124.125.203.79 - - [11/Apr/2012:20:49:50 -0700] "-" 400 0 "-" "-"
124.125.203.79 - - [11/Apr/2012:20:49:50 -0700] "-" 400 0 "-" "-"
124.125.203.79 - - [11/Apr/2012:20:49:50 -0700] "-" 400 0 "-" "-"
122.162.6.170 - - [11/Apr/2012:20:51:11 -0700] "GET /favicon.ico HTTP/1.1" 404 199 "http://prashanth-kamle.blogspot.in/2008/08/life-at-iit-bombay.html" "Mozilla/5.0 (compatible; MSIE 9.0; Windows NT 6.1; Trident/5.0)"
117.193.44.127 - - [11/Apr/2012:20:52:44 -0700] "-" 400 0 "-" "-"
117.193.44.127 - - [11/Apr/2012:20:52:45 -0700] "-" 400 0 "-" "-"
117.193.175.226 - - [11/Apr/2012:20:53:32 -0700] "-" 400 0 "-" "-"
122.162.6.170 - - [11/Apr/2012:20:54:06 -0700] "GET /favicon.ico HTTP/1.1" 404 199 "http://prashanth-kamle.blogspot.in/2008/12/my-first-0.html" "Mozilla/5.0 (compatible; MSIE 9.0; Windows NT 6.1; Trident/5.0)"
69.171.234.5 - - [11/Apr/2012:20:54:44 -0700] "GET /r/1qjc HTTP/1.1" 301 257 "-" "facebookexternalhit/1.1 (+http://www.facebook.com/externalhit_uatext.php)"
69.171.234.2 - - [11/Apr/2012:20:54:44 -0700] "GET /s/ta/1qjc/ HTTP/1.1" 302 361 "-" "facebookexternalhit/1.1 (+http://www.facebook.com/externalhit_uatext.php)"
122.162.6.170 - - [11/Apr/2012:20:54:51 -0700] "GET /favicon.ico HTTP/1.1" 404 199 "http://prashanth-kamle.blogspot.in/2009/12/placements-and-big-thank-you.html" "Mozilla/5.0 (compatible; MSIE 9.0; Windows NT 6.1; Trident/5.0)"
117.193.175.226 - - [11/Apr/2012:20:54:51 -0700] "-" 400 0 "-" "-"
117.193.175.226 - - [11/Apr/2012:20:54:51 -0700] "-" 400 0 "-" "-"
117.193.175.226 - - [11/Apr/2012:20:54:51 -0700] "-" 400 0 "-" "-"
117.193.175.226 - - [11/Apr/2012:20:54:51 -0700] "-" 400 0 "-" "-"
117.193.175.226 - - [11/Apr/2012:20:54:51 -0700] "-" 400 0 "-" "-"
74.125.126.91 - - [11/Apr/2012:20:54:55 -0700] "GET /favicon.ico HTTP/1.1" 404 142 "-" "-"
122.162.6.170 - - [11/Apr/2012:20:55:14 -0700] "GET /favicon.ico HTTP/1.1" 404 199 "http://prashanth-kamle.blogspot.in/2009/08/bought-acer-5738.html" "Mozilla/5.0 (compatible; MSIE 9.0; Windows NT 6.1; Trident/5.0)"
122.162.6.170 - - [11/Apr/2012:20:55:30 -0700] "GET /favicon.ico HTTP/1.1" 404 199 "http://prashanth-kamle.blogspot.in/2009/08/about-iit-profs-and-exams.html" "Mozilla/5.0 (compatible; MSIE 9.0; Windows NT 6.1; Trident/5.0)"
117.193.175.226 - - [11/Apr/2012:20:55:36 -0700] "-" 400 0 "-" "-"
117.193.175.226 - - [11/Apr/2012:20:55:36 -0700] "-" 400 0 "-" "-"
117.193.175.226 - - [11/Apr/2012:20:55:36 -0700] "-" 400 0 "-" "-"
117.193.175.226 - - [11/Apr/2012:20:55:36 -0700] "-" 400 0 "-" "-"
157.55.112.203 - - [11/Apr/2012:20:55:50 -0700] "-" 400 0 "-" "-"
157.55.112.203 - - [11/Apr/2012:20:55:50 -0700] "-" 400 0 "-" "-"
157.55.112.203 - - [11/Apr/2012:20:55:50 -0700] "-" 400 0 "-" "-"
157.55.112.203 - - [11/Apr/2012:20:55:50 -0700] "-" 400 0 "-" "-"
157.55.112.203 - - [11/Apr/2012:20:55:51 -0700] "-" 400 0 "-" "-"
157.55.112.203 - - [11/Apr/2012:20:55:51 -0700] "-" 400 0 "-" "-"
157.55.112.203 - - [11/Apr/2012:20:55:51 -0700] "-" 400 0 "-" "-"
157.55.112.203 - - [11/Apr/2012:20:55:51 -0700] "-" 400 0 "-" "-"
157.55.112.203 - - [11/Apr/2012:20:55:51 -0700] "-" 400 0 "-" "-"
157.55.112.203 - - [11/Apr/2012:20:56:04 -0700] "-" 400 0 "-" "-"
157.55.112.203 - - [11/Apr/2012:20:56:05 -0700] "-" 400 0 "-" "-"
157.55.112.203 - - [11/Apr/2012:20:56:09 -0700] "-" 400 0 "-" "-"
157.55.112.203 - - [11/Apr/2012:20:56:09 -0700] "-" 400 0 "-" "-"
65.52.111.213 - - [11/Apr/2012:20:56:26 -0700] "-" 400 0 "-" "-"
95.91.60.242 - - [11/Apr/2012:20:56:29 -0700] "GET /robots.txt HTTP/1.0" 404 169 "-" "Mozilla/5.0 (compatible; MJ12bot/v1.4.2; http://www.majestic12.co.uk/bot.php?+)"
95.91.60.242 - - [11/Apr/2012:20:56:31 -0700] "GET /blog/devlog-feb-2011.html HTTP/1.0" 200 7216 "-" "Mozilla/5.0 (compatible; MJ12bot/v1.4.2; http://www.majestic12.co.uk/bot.php?+)"
95.91.60.242 - - [11/Apr/2012:20:56:34 -0700] "GET /blog/devlog-mar-2011.html HTTP/1.0" 200 6871 "-" "Mozilla/5.0 (compatible; MJ12bot/v1.4.2; http://www.majestic12.co.uk/bot.php?+)"
95.91.60.242 - - [11/Apr/2012:20:56:37 -0700] "GET /blog/gstreamer-101-at-gnome-asia-2011.html HTTP/1.0" 200 5753 "-" "Mozilla/5.0 (compatible; MJ12bot/v1.4.2; http://www.majestic12.co.uk/bot.php?+)"
122.162.6.170 - - [11/Apr/2012:20:56:56 -0700] "GET /favicon.ico HTTP/1.1" 404 199 "http://prashanth-kamle.blogspot.in/2009/05/train-food-and-home.html" "Mozilla/5.0 (compatible; MSIE 9.0; Windows NT 6.1; Trident/5.0)"
117.193.175.226 - - [11/Apr/2012:20:58:26 -0700] "-" 400 0 "-" "-"
122.162.6.170 - - [11/Apr/2012:20:58:49 -0700] "GET /favicon.ico HTTP/1.1" 404 199 "http://prashanth-kamle.blogspot.in/2010/07/last-day-at-iitb.html" "Mozilla/5.0 (compatible; MSIE 9.0; Windows NT 6.1; Trident/5.0)"
85.17.88.169 - - [11/Apr/2012:20:59:55 -0700] "POST /blog/wp-cron.php?doing_wp_cron=1334202860 HTTP/1.0" 499 0 "-" "WordPress/3.3.1; http://yuvi.in/blog"
209.85.224.94 - - [11/Apr/2012:20:59:55 -0700] "GET /blog/feed HTTP/1.1" 304 0 "-" "FeedBurner/1.0 (http://www.FeedBurner.com)"
125.22.35.155 - - [11/Apr/2012:21:00:29 -0700] "-" 400 0 "-" "-"
117.193.175.226 - - [11/Apr/2012:21:00:55 -0700] "-" 400 0 "-" "-"
122.162.6.170 - - [11/Apr/2012:21:01:30 -0700] "GET /favicon.ico HTTP/1.1" 404 199 "http://prashanth-kamle.blogspot.in/2010/02/hilarious-exchange.html" "Mozilla/5.0 (compatible; MSIE 9.0; Windows NT 6.1; Trident/5.0)"
59.92.97.185 - - [11/Apr/2012:21:01:55 -0700] "-" 400 0 "-" "-"
117.193.175.226 - - [11/Apr/2012:21:02:05 -0700] "-" 400 0 "-" "-"
122.162.6.170 - - [11/Apr/2012:21:02:07 -0700] "GET /favicon.ico HTTP/1.1" 404 199 "http://prashanth-kamle.blogspot.in/2009/11/i-miss-colourful-vtu-marks-sheets.html" "Mozilla/5.0 (compatible; MSIE 9.0; Windows NT 6.1; Trident/5.0)"
122.162.6.170 - - [11/Apr/2012:21:03:47 -0700] "GET /favicon.ico HTTP/1.1" 404 199 "http://prashanth-kamle.blogspot.in/2009/10/ants-in-my-laptop.html" "Mozilla/5.0 (compatible; MSIE 9.0; Windows NT 6.1; Trident/5.0)"
85.17.88.169 - - [11/Apr/2012:21:03:51 -0700] "POST /blog/wp-cron.php?doing_wp_cron=1334203097 HTTP/1.0" 499 0 "-" "WordPress/3.3.1; http://yuvi.in/blog"
69.171.228.244 - - [11/Apr/2012:21:03:51 -0700] "GET /blog/3-reasons-people-join-it-companies/ HTTP/1.1" 200 5065 "-" "facebookexternalhit/1.1 (+http://www.facebook.com/externalhit_uatext.php)"
59.92.97.185 - - [11/Apr/2012:21:04:25 -0700] "-" 400 0 "-" "-"
59.92.97.185 - - [11/Apr/2012:21:04:25 -0700] "-" 400 0 "-" "-"
59.92.97.185 - - [11/Apr/2012:21:04:25 -0700] "-" 400 0 "-" "-"
59.92.97.185 - - [11/Apr/2012:21:04:25 -0700] "-" 400 0 "-" "-"
59.92.97.185 - - [11/Apr/2012:21:04:25 -0700] "-" 400 0 "-" "-"
59.92.97.185 - - [11/Apr/2012:21:04:25 -0700] "-" 400 0 "-" "-"
85.17.88.169 - - [11/Apr/2012:21:05:10 -0700] "POST /blog/wp-cron.php?doing_wp_cron=1334203175 HTTP/1.0" 499 0 "-" "WordPress/3.3.1; http://yuvi.in/blog"
209.85.238.112 - - [11/Apr/2012:21:05:10 -0700] "GET /blog/feed/ HTTP/1.1" 304 0 "-" "Feedfetcher-Google; (+http://www.google.com/feedfetcher.html; 19 subscribers; feed-id=15064232456473204253)"
122.174.5.97 - - [11/Apr/2012:21:06:07 -0700] "-" 400 0 "-" "-"
122.174.5.97 - - [11/Apr/2012:21:06:07 -0700] "-" 400 0 "-" "-"
122.174.5.97 - - [11/Apr/2012:21:06:07 -0700] "-" 400 0 "-" "-"
117.193.38.158 - - [11/Apr/2012:21:06:46 -0700] "-" 400 0 "-" "-"
117.193.175.226 - - [11/Apr/2012:21:08:53 -0700] "-" 400 0 "-" "-"
207.46.204.217 - - [11/Apr/2012:21:09:21 -0700] "-" 400 0 "-" "-"
207.46.204.217 - - [11/Apr/2012:21:09:21 -0700] "-" 400 0 "-" "-"
207.46.204.217 - - [11/Apr/2012:21:09:21 -0700] "-" 400 0 "-" "-"
207.46.204.217 - - [11/Apr/2012:21:09:21 -0700] "-" 400 0 "-" "-"
207.46.204.217 - - [11/Apr/2012:21:09:21 -0700] "-" 400 0 "-" "-"
207.46.204.217 - - [11/Apr/2012:21:09:21 -0700] "-" 400 0 "-" "-"
207.46.204.217 - - [11/Apr/2012:21:09:22 -0700] "-" 400 0 "-" "-"
207.46.204.217 - - [11/Apr/2012:21:09:22 -0700] "-" 400 0 "-" "-"
207.46.204.217 - - [11/Apr/2012:21:09:22 -0700] "-" 400 0 "-" "-"
207.46.204.217 - - [11/Apr/2012:21:09:22 -0700] "-" 400 0 "-" "-"
207.46.204.217 - - [11/Apr/2012:21:09:23 -0700] "-" 400 0 "-" "-"
207.46.204.217 - - [11/Apr/2012:21:09:23 -0700] "-" 400 0 "-" "-"
117.193.175.226 - - [11/Apr/2012:21:09:33 -0700] "-" 400 0 "-" "-"
117.193.71.55 - - [11/Apr/2012:21:09:45 -0700] "-" 400 0 "-" "-"
117.193.71.55 - - [11/Apr/2012:21:09:45 -0700] "-" 400 0 "-" "-"
117.193.71.55 - - [11/Apr/2012:21:09:45 -0700] "-" 400 0 "-" "-"
117.193.71.55 - - [11/Apr/2012:21:09:45 -0700] "-" 400 0 "-" "-"
117.193.71.55 - - [11/Apr/2012:21:09:46 -0700] "-" 400 0 "-" "-"
117.193.71.55 - - [11/Apr/2012:21:09:46 -0700] "-" 400 0 "-" "-"
117.193.71.55 - - [11/Apr/2012:21:09:46 -0700] "-" 400 0 "-" "-"
117.193.71.55 - - [11/Apr/2012:21:09:46 -0700] "-" 400 0 "-" "-"
117.193.175.226 - - [11/Apr/2012:21:09:53 -0700] "-" 400 0 "-" "-"
207.46.204.217 - - [11/Apr/2012:21:10:19 -0700] "-" 400 0 "-" "-"
66.220.146.246 - - [11/Apr/2012:21:11:10 -0700] "GET /r/2fd\xE0\xAE\x95\xE0\xAE\x9F\xE0\xAF\x8D\xE0\xAE\x9F\xE0\xAE\xB1\xE0\xAF\x8D\xE0\xAE\xB1 HTTP/1.1" 301 381 "-" "facebookexternalhit/1.1 (+http://www.facebook.com/externalhit_uatext.php)"
66.220.146.251 - - [11/Apr/2012:21:11:10 -0700] "GET /s/ta/2fd%E0%AE%95%E0%AE%9F%E0%AF%8D%E0%AE%9F%E0%AE%B1%E0%AF%8D%E0%AE%B1/ HTTP/1.1" 502 173 "-" "facebookexternalhit/1.1 (+http://www.facebook.com/externalhit_uatext.php)"
115.241.12.47 - - [11/Apr/2012:21:12:48 -0700] "-" 400 0 "-" "-"
117.193.38.158 - - [11/Apr/2012:21:15:07 -0700] "-" 400 0 "-" "-"
117.230.213.166 - - [11/Apr/2012:21:16:03 -0700] "-" 400 0 "-" "-"
141.0.11.2 - - [11/Apr/2012:21:16:21 -0700] "GET /r/1ecu HTTP/1.1" 301 257 "-" "Opera/9.80 (J2ME/MIDP; Opera Mini/4.1.13907/27.1407; U; en) Presto/2.8.119 Version/11.10"
141.0.11.2 - - [11/Apr/2012:21:16:21 -0700] "GET /s/ta/1ecu/ HTTP/1.1" 302 401 "-" "Opera/9.80 (J2ME/MIDP; Opera Mini/4.1.13907/27.1407; U; en) Presto/2.8.119 Version/11.10"
207.46.193.39 - - [11/Apr/2012:21:18:05 -0700] "-" 400 0 "-" "-"
207.46.193.39 - - [11/Apr/2012:21:18:05 -0700] "-" 400 0 "-" "-"
207.46.193.39 - - [11/Apr/2012:21:18:05 -0700] "-" 400 0 "-" "-"
207.46.193.39 - - [11/Apr/2012:21:18:06 -0700] "-" 400 0 "-" "-"
207.46.193.39 - - [11/Apr/2012:21:18:07 -0700] "-" 400 0 "-" "-"
207.46.193.39 - - [11/Apr/2012:21:18:07 -0700] "-" 400 0 "-" "-"
207.46.193.39 - - [11/Apr/2012:21:18:07 -0700] "-" 400 0 "-" "-"
207.46.193.39 - - [11/Apr/2012:21:18:07 -0700] "-" 400 0 "-" "-"
207.46.193.39 - - [11/Apr/2012:21:18:07 -0700] "-" 400 0 "-" "-"
207.46.193.39 - - [11/Apr/2012:21:18:07 -0700] "-" 400 0 "-" "-"
208.115.113.84 - - [11/Apr/2012:21:18:58 -0700] "GET /robots.txt HTTP/1.1" 404 169 "-" "Mozilla/5.0 (compatible; Ezooms/1.0; ezooms.bot@gmail.com)"
117.193.41.23 - - [11/Apr/2012:21:20:49 -0700] "-" 400 0 "-" "-"
209.85.144.80 - - [11/Apr/2012:21:21:02 -0700] "GET /stories/feed HTTP/1.1" 200 13653 "-" "FeedBurner/1.0 (http://www.FeedBurner.com)"
117.193.41.23 - - [11/Apr/2012:21:21:29 -0700] "-" 400 0 "-" "-"
218.213.137.21 - - [11/Apr/2012:21:22:14 -0700] "GET /robots.txt HTTP/1.1" 404 169 "-" "DoCoMo/2.0 P900i(c100;TB;W24H11) (compatible; ichiro/mobile goo; +http://search.goo.ne.jp/option/use/sub4/sub4-1/)"
85.17.88.169 - - [11/Apr/2012:21:22:19 -0700] "POST /blog/wp-cron.php?doing_wp_cron=1334204205 HTTP/1.0" 499 0 "-" "WordPress/3.3.1; http://yuvi.in/blog"
218.213.137.21 - - [11/Apr/2012:21:22:20 -0700] "GET /blog/devlog-december-10-2011/feed/ HTTP/1.1" 200 883 "-" "DoCoMo/2.0 P900i(c100;TB;W24H11) (compatible; ichiro/mobile goo; +http://search.goo.ne.jp/option/use/sub4/sub4-1/)"
67.227.159.84 - - [11/Apr/2012:21:25:40 -0700] "HEAD / HTTP/1.1" 200 0 "http://www.sarathlakshman.com" "Mozilla/4.0 (compatible; MSIE 7.0; Windows NT 5.1; .NET CLR 1.1.4322; .NET CLR 2.0.50727; .NET CLR 3.0.04506.30)"
141.0.10.43 - - [11/Apr/2012:21:26:34 -0700] "-" 400 0 "-" "-"
141.0.10.43 - - [11/Apr/2012:21:26:34 -0700] "-" 400 0 "-" "-"
141.0.10.43 - - [11/Apr/2012:21:26:34 -0700] "-" 400 0 "-" "-"
85.17.88.169 - - [11/Apr/2012:21:29:37 -0700] "POST /blog/wp-cron.php?doing_wp_cron=1334204642 HTTP/1.0" 499 0 "-" "WordPress/3.3.1; http://yuvi.in/blog"
209.85.238.112 - - [11/Apr/2012:21:29:37 -0700] "GET /blog/feed HTTP/1.1" 301 0 "-" "Feedfetcher-Google; (+http://www.google.com/feedfetcher.html; 3 subscribers; feed-id=17684830852112633560)"
85.17.88.169 - - [11/Apr/2012:21:29:39 -0700] "POST /blog/wp-cron.php?doing_wp_cron=1334204645 HTTP/1.0" 499 0 "-" "WordPress/3.3.1; http://yuvi.in/blog"
209.85.238.112 - - [11/Apr/2012:21:29:40 -0700] "GET /blog/feed/ HTTP/1.1" 304 0 "-" "Feedfetcher-Google; (+http://www.google.com/feedfetcher.html; 3 subscribers; feed-id=17684830852112633560)"
85.17.88.169 - - [11/Apr/2012:21:30:04 -0700] "POST /blog/wp-cron.php?doing_wp_cron=1334204669 HTTP/1.0" 499 0 "-" "WordPress/3.3.1; http://yuvi.in/blog"
209.85.224.91 - - [11/Apr/2012:21:30:04 -0700] "GET /blog/feed HTTP/1.1" 304 0 "-" "FeedBurner/1.0 (http://www.FeedBurner.com)"
207.46.204.172 - - [11/Apr/2012:21:33:13 -0700] "-" 400 0 "-" "-"
207.46.204.172 - - [11/Apr/2012:21:33:14 -0700] "-" 400 0 "-" "-"
207.46.204.172 - - [11/Apr/2012:21:33:14 -0700] "-" 400 0 "-" "-"
207.46.204.172 - - [11/Apr/2012:21:33:14 -0700] "-" 400 0 "-" "-"
207.46.204.172 - - [11/Apr/2012:21:33:14 -0700] "-" 400 0 "-" "-"
207.46.204.172 - - [11/Apr/2012:21:33:14 -0700] "-" 400 0 "-" "-"
207.46.204.172 - - [11/Apr/2012:21:33:14 -0700] "-" 400 0 "-" "-"
207.46.204.172 - - [11/Apr/2012:21:33:15 -0700] "-" 400 0 "-" "-"
207.46.204.172 - - [11/Apr/2012:21:33:15 -0700] "-" 400 0 "-" "-"
150.70.64.197 - - [11/Apr/2012:21:36:34 -0700] "GET /s/ta/2wqy/ HTTP/1.0" 302 469 "-" "Mozilla/4.0 (compatible; MSIE 6.0; Windows NT 5.1)"
69.171.242.246 - - [11/Apr/2012:21:37:24 -0700] "GET /r/252 HTTP/1.1" 301 255 "-" "facebookexternalhit/1.1 (+http://www.facebook.com/externalhit_uatext.php)"
69.171.242.245 - - [11/Apr/2012:21:37:25 -0700] "GET /s/ta/252/ HTTP/1.1" 302 461 "-" "facebookexternalhit/1.1 (+http://www.facebook.com/externalhit_uatext.php)"
141.0.10.23 - - [11/Apr/2012:21:37:45 -0700] "GET /r/1289 HTTP/1.1" 301 257 "-" "Opera/9.80 (J2ME/MIDP; Opera Mini/4.2.18149/27.1407; U; en) Presto/2.8.119 Version/11.10"
141.0.10.23 - - [11/Apr/2012:21:37:46 -0700] "GET /s/ta/1289/ HTTP/1.1" 302 449 "-" "Opera/9.80 (J2ME/MIDP; Opera Mini/4.2.18149/27.1407; U; en) Presto/2.8.119 Version/11.10"
75.72.27.0 - - [11/Apr/2012:21:40:09 -0700] "GET /r/28du HTTP/1.1" 301 257 "http://ta.wikipedia.org/wiki/%E0%AE%AA%E0%AE%B3%E0%AF%8D%E0%AE%B3%E0%AE%A4%E0%AF%8D%E0%AE%A4%E0%AE%BE%E0%AE%95%E0%AF%8D%E0%AE%95%E0%AF%81" "Mozilla/5.0 (Windows NT 6.1; WOW64) AppleWebKit/535.19 (KHTML, like Gecko) Chrome/18.0.1025.151 Safari/535.19"
75.72.27.0 - - [11/Apr/2012:21:40:10 -0700] "GET /s/ta/28du/ HTTP/1.1" 302 409 "http://ta.wikipedia.org/wiki/%E0%AE%AA%E0%AE%B3%E0%AF%8D%E0%AE%B3%E0%AE%A4%E0%AF%8D%E0%AE%A4%E0%AE%BE%E0%AE%95%E0%AF%8D%E0%AE%95%E0%AF%81" "Mozilla/5.0 (Windows NT 6.1; WOW64) AppleWebKit/535.19 (KHTML, like Gecko) Chrome/18.0.1025.151 Safari/535.19"
75.72.27.0 - - [11/Apr/2012:21:40:14 -0700] "GET /s/ta/28du/ HTTP/1.1" 302 409 "http://ta.wikipedia.org/wiki/%E0%AE%AA%E0%AE%B3%E0%AF%8D%E0%AE%B3%E0%AE%A4%E0%AF%8D%E0%AE%A4%E0%AE%BE%E0%AE%95%E0%AF%8D%E0%AE%95%E0%AF%81" "Mozilla/5.0 (Windows NT 6.1; WOW64) AppleWebKit/535.19 (KHTML, like Gecko) Chrome/18.0.1025.151 Safari/535.19"
75.72.27.0 - - [11/Apr/2012:21:40:16 -0700] "GET /s/ta/28du/ HTTP/1.1" 302 409 "http://ta.wikipedia.org/wiki/%E0%AE%AA%E0%AE%B3%E0%AF%8D%E0%AE%B3%E0%AE%A4%E0%AF%8D%E0%AE%A4%E0%AE%BE%E0%AE%95%E0%AF%8D%E0%AE%95%E0%AF%81" "Mozilla/5.0 (Windows NT 6.1; WOW64) AppleWebKit/535.19 (KHTML, like Gecko) Chrome/18.0.1025.151 Safari/535.19"
75.72.27.0 - - [11/Apr/2012:21:40:21 -0700] "GET /s/ta/28du/ HTTP/1.1" 302 409 "http://ta.wikipedia.org/wiki/%E0%AE%AA%E0%AE%B3%E0%AF%8D%E0%AE%B3%E0%AE%A4%E0%AF%8D%E0%AE%A4%E0%AE%BE%E0%AE%95%E0%AF%8D%E0%AE%95%E0%AF%81" "Mozilla/5.0 (Windows NT 6.1; WOW64) AppleWebKit/535.19 (KHTML, like Gecko) Chrome/18.0.1025.151 Safari/535.19"
59.97.73.194 - - [11/Apr/2012:21:43:37 -0700] "-" 400 0 "-" "-"
85.17.88.169 - - [11/Apr/2012:21:44:20 -0700] "POST /blog/wp-cron.php?doing_wp_cron=1334205525 HTTP/1.0" 499 0 "-" "WordPress/3.3.1; http://yuvi.in/blog"
62.212.89.66 - - [11/Apr/2012:21:44:21 -0700] "GET /blog/ HTTP/1.0" 200 33142 "http://yuvi.in/blog/" "Mozilla/4.0 (compatible; MSIE 5.5; Windows 95; BCD2000)"
59.97.73.194 - - [11/Apr/2012:21:45:27 -0700] "-" 400 0 "-" "-"
208.115.111.68 - - [11/Apr/2012:21:46:03 -0700] "GET /robots.txt HTTP/1.1" 404 169 "-" "Mozilla/5.0 (compatible; Ezooms/1.0; ezooms.bot@gmail.com)"
69.171.229.250 - - [11/Apr/2012:21:46:47 -0700] "GET /r/fmf HTTP/1.1" 301 255 "-" "facebookexternalhit/1.1 (+http://www.facebook.com/externalhit_uatext.php)"
69.171.229.245 - - [11/Apr/2012:21:46:47 -0700] "GET /s/ta/fmf/ HTTP/1.1" 302 349 "-" "facebookexternalhit/1.1 (+http://www.facebook.com/externalhit_uatext.php)"
14.99.155.253 - - [11/Apr/2012:21:47:07 -0700] "-" 400 0 "-" "-"
115.241.81.33 - - [11/Apr/2012:21:48:25 -0700] "GET /e/edia:Embassy HTTP/1.1" 301 275 "http://ta.wikipedia.org/wiki/%E0%AE%B5%E0%AE%BF%E0%AE%95%E0%AF%8D%E0%AE%95%E0%AE%BF%E0%AE%AA%E0%AF%8D%E0%AE%AA%E0%AF%80%E0%AE%9F%E0%AE%BF%E0%AE%AF%E0%AE%BE:%E0%AE%A4%E0%AE%AE%E0%AE%BF%E0%AE%B4%E0%AF%8D%E0%AE%A4%E0%AF%8D_%E0%AE%A4%E0%AF%82%E0%AE%A4%E0%AE%B0%E0%AE%95%E0%AE%AE%E0%AF%8D_(Tamil_Embassy)" "Mozilla/5.0 (Windows NT 5.1) AppleWebKit/535.11 (KHTML, like Gecko) Chrome/17.0.963.79 Safari/535.11"
115.241.81.33 - - [11/Apr/2012:21:48:26 -0700] "GET /en/ta/edia:Embassy/ HTTP/1.1" 302 265 "http://ta.wikipedia.org/wiki/%E0%AE%B5%E0%AE%BF%E0%AE%95%E0%AF%8D%E0%AE%95%E0%AE%BF%E0%AE%AA%E0%AF%8D%E0%AE%AA%E0%AF%80%E0%AE%9F%E0%AE%BF%E0%AE%AF%E0%AE%BE:%E0%AE%A4%E0%AE%AE%E0%AE%BF%E0%AE%B4%E0%AF%8D%E0%AE%A4%E0%AF%8D_%E0%AE%A4%E0%AF%82%E0%AE%A4%E0%AE%B0%E0%AE%95%E0%AE%AE%E0%AF%8D_(Tamil_Embassy)" "Mozilla/5.0 (Windows NT 5.1) AppleWebKit/535.11 (KHTML, like Gecko) Chrome/17.0.963.79 Safari/535.11"
115.241.81.33 - - [11/Apr/2012:21:48:38 -0700] "-" 400 0 "-" "-"
14.99.155.253 - - [11/Apr/2012:21:49:26 -0700] "-" 400 0 "-" "-"
121.246.25.46 - - [11/Apr/2012:21:50:50 -0700] "-" 400 0 "-" "-"
223.190.248.34 - - [11/Apr/2012:21:52:58 -0700] "-" 400 0 "-" "-"
14.99.155.253 - - [11/Apr/2012:21:54:17 -0700] "-" 400 0 "-" "-"
14.99.155.253 - - [11/Apr/2012:21:54:23 -0700] "-" 400 0 "-" "-"
122.174.115.159 - - [11/Apr/2012:21:55:59 -0700] "-" 400 0 "-" "-"
122.174.115.159 - - [11/Apr/2012:21:58:59 -0700] "-" 400 0 "-" "-"
85.17.88.169 - - [11/Apr/2012:22:00:15 -0700] "POST /blog/wp-cron.php?doing_wp_cron=1334206480 HTTP/1.0" 499 0 "-" "WordPress/3.3.1; http://yuvi.in/blog"
209.85.224.95 - - [11/Apr/2012:22:00:16 -0700] "GET /blog/feed HTTP/1.1" 304 0 "-" "FeedBurner/1.0 (http://www.FeedBurner.com)"
14.99.155.253 - - [11/Apr/2012:22:04:11 -0700] "-" 400 0 "-" "-"
150.70.64.197 - - [11/Apr/2012:22:05:09 -0700] "GET /content/1.html HTTP/1.0" 404 571 "-" "Mozilla/4.0 (compatible; MSIE 6.0; Windows NT 5.1)"
150.70.64.197 - - [11/Apr/2012:22:05:09 -0700] "GET /r/qbz HTTP/1.0" 301 255 "-" "Mozilla/4.0 (compatible; MSIE 6.0; Windows NT 5.1)"
150.70.64.197 - - [11/Apr/2012:22:05:12 -0700] "GET /s/ta/qbz/ HTTP/1.0" 302 525 "-" "Mozilla/4.0 (compatible; MSIE 6.0; Windows NT 5.1)"
117.193.21.210 - - [11/Apr/2012:22:05:51 -0700] "-" 400 0 "-" "-"
117.206.78.5 - - [11/Apr/2012:22:06:59 -0700] "-" 400 0 "-" "-"
117.206.78.5 - - [11/Apr/2012:22:08:49 -0700] "-" 400 0 "-" "-"
59.90.244.173 - - [11/Apr/2012:22:10:22 -0700] "-" 400 0 "-" "-"
59.90.244.173 - - [11/Apr/2012:22:10:22 -0700] "-" 400 0 "-" "-"
59.90.244.173 - - [11/Apr/2012:22:10:22 -0700] "-" 400 0 "-" "-"
59.90.244.173 - - [11/Apr/2012:22:10:22 -0700] "-" 400 0 "-" "-"
59.90.244.173 - - [11/Apr/2012:22:10:22 -0700] "-" 400 0 "-" "-"
117.206.78.5 - - [11/Apr/2012:22:11:27 -0700] "-" 400 0 "-" "-"
117.206.78.5 - - [11/Apr/2012:22:11:27 -0700] "-" 400 0 "-" "-"
117.206.78.5 - - [11/Apr/2012:22:11:27 -0700] "-" 400 0 "-" "-"
117.206.78.5 - - [11/Apr/2012:22:11:27 -0700] "-" 400 0 "-" "-"
117.206.78.5 - - [11/Apr/2012:22:11:27 -0700] "-" 400 0 "-" "-"
61.16.173.133 - - [11/Apr/2012:22:11:34 -0700] "-" 400 0 "-" "-"
61.16.173.133 - - [11/Apr/2012:22:11:34 -0700] "-" 400 0 "-" "-"
61.16.173.133 - - [11/Apr/2012:22:11:34 -0700] "-" 400 0 "-" "-"
61.16.173.133 - - [11/Apr/2012:22:11:34 -0700] "-" 400 0 "-" "-"
61.16.173.133 - - [11/Apr/2012:22:11:34 -0700] "-" 400 0 "-" "-"
61.16.173.133 - - [11/Apr/2012:22:11:34 -0700] "-" 400 0 "-" "-"
59.90.244.173 - - [11/Apr/2012:22:11:42 -0700] "-" 400 0 "-" "-"
117.216.56.144 - - [11/Apr/2012:22:12:02 -0700] "GET /r/1ely HTTP/1.1" 301 257 "http://ta.wikipedia.org/wiki/%E0%AE%AE%E0%AF%81%E0%AE%A4%E0%AE%B2%E0%AF%80%E0%AE%9F%E0%AF%8D%E0%AE%9F%E0%AF%81_%E0%AE%B5%E0%AE%99%E0%AF%8D%E0%AE%95%E0%AE%BF%E0%AE%AF%E0%AE%BF%E0%AE%AF%E0%AE%B2%E0%AF%8D" "Mozilla/4.0 (compatible; MSIE 8.0; Windows NT 5.1; Trident/4.0; InfoPath.2)"
117.216.56.144 - - [11/Apr/2012:22:12:03 -0700] "GET /s/ta/1ely/ HTTP/1.1" 302 497 "http://ta.wikipedia.org/wiki/%E0%AE%AE%E0%AF%81%E0%AE%A4%E0%AE%B2%E0%AF%80%E0%AE%9F%E0%AF%8D%E0%AE%9F%E0%AF%81_%E0%AE%B5%E0%AE%99%E0%AF%8D%E0%AE%95%E0%AE%BF%E0%AE%AF%E0%AE%BF%E0%AE%AF%E0%AE%B2%E0%AF%8D" "Mozilla/4.0 (compatible; MSIE 8.0; Windows NT 5.1; Trident/4.0; InfoPath.2)"
59.90.244.173 - - [11/Apr/2012:22:12:31 -0700] "-" 400 0 "-" "-"
85.17.88.169 - - [11/Apr/2012:22:12:50 -0700] "POST /blog/wp-cron.php?doing_wp_cron=1334207234 HTTP/1.0" 499 0 "-" "WordPress/3.3.1; http://yuvi.in/blog"
209.85.238.112 - - [11/Apr/2012:22:12:50 -0700] "GET /blog/feed/ HTTP/1.1" 304 0 "-" "Feedfetcher-Google; (+http://www.google.com/feedfetcher.html; 19 subscribers; feed-id=15064232456473204253)"
208.115.113.84 - - [11/Apr/2012:22:13:06 -0700] "GET /blog/gstreamer-101-at-gnome-asia-2011.html HTTP/1.1" 200 5753 "-" "Mozilla/5.0 (compatible; Ezooms/1.0; ezooms.bot@gmail.com)"
85.17.88.169 - - [11/Apr/2012:22:13:09 -0700] "POST /blog/wp-cron.php?doing_wp_cron=1334207254 HTTP/1.0" 499 0 "-" "WordPress/3.3.1; http://yuvi.in/blog"
208.115.113.84 - - [11/Apr/2012:22:13:09 -0700] "GET /blog/my-involvement-in-novelrace.html HTTP/1.1" 200 6162 "-" "Mozilla/5.0 (compatible; Ezooms/1.0; ezooms.bot@gmail.com)"
208.115.113.84 - - [11/Apr/2012:22:13:09 -0700] "GET /blog/lessons-learnt-from-working-with-the-symposium/ HTTP/1.1" 200 17032 "-" "Mozilla/5.0 (compatible; Ezooms/1.0; ezooms.bot@gmail.com)"
85.17.88.169 - - [11/Apr/2012:22:13:19 -0700] "POST /blog/wp-cron.php?doing_wp_cron=1334207264 HTTP/1.0" 499 0 "-" "WordPress/3.3.1; http://yuvi.in/blog"
208.115.113.84 - - [11/Apr/2012:22:13:19 -0700] "GET /blog/note-present-future-self-pre-book-travel-tickets/ HTTP/1.1" 200 20753 "-" "Mozilla/5.0 (compatible; Ezooms/1.0; ezooms.bot@gmail.com)"
85.17.88.169 - - [11/Apr/2012:22:13:25 -0700] "POST /blog/wp-cron.php?doing_wp_cron=1334207270 HTTP/1.0" 499 0 "-" "WordPress/3.3.1; http://yuvi.in/blog"
208.115.113.84 - - [11/Apr/2012:22:13:26 -0700] "GET /blog/tag/bigotry/ HTTP/1.1" 200 17022 "-" "Mozilla/5.0 (compatible; Ezooms/1.0; ezooms.bot@gmail.com)"
85.17.88.169 - - [11/Apr/2012:22:13:34 -0700] "POST /blog/wp-cron.php?doing_wp_cron=1334207279 HTTP/1.0" 499 0 "-" "WordPress/3.3.1; http://yuvi.in/blog"
208.115.113.84 - - [11/Apr/2012:22:13:34 -0700] "GET /blog/tag/link/feed/ HTTP/1.1" 200 9945 "-" "Mozilla/5.0 (compatible; Ezooms/1.0; ezooms.bot@gmail.com)"
85.17.88.169 - - [11/Apr/2012:22:14:04 -0700] "POST /blog/wp-cron.php?doing_wp_cron=1334207309 HTTP/1.0" 499 0 "-" "WordPress/3.3.1; http://yuvi.in/blog"
207.46.13.99 - - [11/Apr/2012:22:14:04 -0700] "GET /blog/story-average-indian-techie/ HTTP/1.1" 200 15981 "-" "Mozilla/5.0 (compatible; bingbot/2.0; +http://www.bing.com/bingbot.htm)"
220.181.108.166 - - [11/Apr/2012:22:14:36 -0700] "GET / HTTP/1.1" 404 211 "-" "Mozilla/5.0 (compatible; Baiduspider/2.0; +http://www.baidu.com/search/spider.html)"
117.227.45.166 - - [11/Apr/2012:22:15:10 -0700] "-" 400 0 "-" "-"
117.227.45.166 - - [11/Apr/2012:22:15:10 -0700] "-" 400 0 "-" "-"
59.90.244.173 - - [11/Apr/2012:22:15:21 -0700] "-" 400 0 "-" "-"
59.90.244.173 - - [11/Apr/2012:22:15:21 -0700] "-" 400 0 "-" "-"
59.90.244.173 - - [11/Apr/2012:22:15:21 -0700] "-" 400 0 "-" "-"
59.90.244.173 - - [11/Apr/2012:22:15:21 -0700] "-" 400 0 "-" "-"
59.90.244.173 - - [11/Apr/2012:22:15:21 -0700] "-" 400 0 "-" "-"
117.227.45.166 - - [11/Apr/2012:22:16:20 -0700] "-" 400 0 "-" "-"
117.227.45.166 - - [11/Apr/2012:22:17:44 -0700] "-" 400 0 "-" "-"
61.16.173.133 - - [11/Apr/2012:22:18:31 -0700] "-" 400 0 "-" "-"
14.99.155.253 - - [11/Apr/2012:22:19:03 -0700] "-" 400 0 "-" "-"
117.202.187.148 - - [11/Apr/2012:22:20:21 -0700] "-" 400 0 "-" "-"
117.206.78.5 - - [11/Apr/2012:22:20:25 -0700] "-" 400 0 "-" "-"
117.206.78.5 - - [11/Apr/2012:22:20:25 -0700] "-" 400 0 "-" "-"
117.206.78.5 - - [11/Apr/2012:22:20:25 -0700] "-" 400 0 "-" "-"
117.202.187.148 - - [11/Apr/2012:22:20:41 -0700] "-" 400 0 "-" "-"
117.202.187.148 - - [11/Apr/2012:22:20:41 -0700] "-" 400 0 "-" "-"
117.202.187.148 - - [11/Apr/2012:22:20:41 -0700] "-" 400 0 "-" "-"
209.85.224.85 - - [11/Apr/2012:22:21:06 -0700] "GET /stories/feed HTTP/1.1" 200 13653 "-" "FeedBurner/1.0 (http://www.FeedBurner.com)"
117.206.78.5 - - [11/Apr/2012:22:22:24 -0700] "-" 400 0 "-" "-"
117.206.78.5 - - [11/Apr/2012:22:22:24 -0700] "-" 400 0 "-" "-"
122.164.238.28 - - [11/Apr/2012:22:23:14 -0700] "-" 400 0 "-" "-"
117.206.78.5 - - [11/Apr/2012:22:23:33 -0700] "-" 400 0 "-" "-"
117.206.78.5 - - [11/Apr/2012:22:23:43 -0700] "-" 400 0 "-" "-"
141.0.8.40 - - [11/Apr/2012:22:24:49 -0700] "GET /r/2vd1 HTTP/1.1" 301 257 "http://ta.wikipedia.org/w/index.php?title=%E0%AE%A4%E0%AE%AE%E0%AE%BF%E0%AE%B4%E0%AF%8D&useformat=desktop" "Opera/9.80 (J2ME/MIDP; Opera Mini/4.2.24721/27.1407; U; en) Presto/2.8.119 Version/11.10"
141.0.8.40 - - [11/Apr/2012:22:24:49 -0700] "GET /s/ta/2vd1/ HTTP/1.1" 302 325 "http://ta.wikipedia.org/w/index.php?title=%E0%AE%A4%E0%AE%AE%E0%AE%BF%E0%AE%B4%E0%AF%8D&useformat=desktop" "Opera/9.80 (J2ME/MIDP; Opera Mini/4.2.24721/27.1407; U; en) Presto/2.8.119 Version/11.10"
85.17.88.169 - - [11/Apr/2012:22:24:57 -0700] "POST /blog/wp-cron.php?doing_wp_cron=1334207962 HTTP/1.0" 499 0 "-" "WordPress/3.3.1; http://yuvi.in/blog"
209.85.238.112 - - [11/Apr/2012:22:24:58 -0700] "GET /blog/feed HTTP/1.1" 301 0 "-" "Feedfetcher-Google; (+http://www.google.com/feedfetcher.html; 3 subscribers; feed-id=17684830852112633560)"
59.90.244.173 - - [11/Apr/2012:22:24:59 -0700] "-" 400 0 "-" "-"
59.90.244.173 - - [11/Apr/2012:22:24:59 -0700] "-" 400 0 "-" "-"
59.90.244.173 - - [11/Apr/2012:22:24:59 -0700] "-" 400 0 "-" "-"
85.17.88.169 - - [11/Apr/2012:22:25:00 -0700] "POST /blog/wp-cron.php?doing_wp_cron=1334207965 HTTP/1.0" 499 0 "-" "WordPress/3.3.1; http://yuvi.in/blog"
209.85.238.112 - - [11/Apr/2012:22:25:00 -0700] "GET /blog/feed/ HTTP/1.1" 304 0 "-" "Feedfetcher-Google; (+http://www.google.com/feedfetcher.html; 3 subscribers; feed-id=17684830852112633560)"
141.0.8.40 - - [11/Apr/2012:22:25:05 -0700] "GET /r/2vd1 HTTP/1.1" 301 257 "-" "Opera/9.80 (J2ME/MIDP; Opera Mini/4.2.24721/27.1407; U; en) Presto/2.8.119 Version/11.10"
141.0.8.40 - - [11/Apr/2012:22:25:05 -0700] "GET /s/ta/2vd1/ HTTP/1.1" 302 325 "-" "Opera/9.80 (J2ME/MIDP; Opera Mini/4.2.24721/27.1407; U; en) Presto/2.8.119 Version/11.10"
59.90.244.173 - - [11/Apr/2012:22:25:08 -0700] "-" 400 0 "-" "-"
59.90.244.173 - - [11/Apr/2012:22:25:08 -0700] "-" 400 0 "-" "-"
223.236.137.43 - - [11/Apr/2012:22:28:28 -0700] "-" 400 0 "-" "-"
85.17.88.169 - - [11/Apr/2012:22:29:53 -0700] "POST /blog/wp-cron.php?doing_wp_cron=1334208258 HTTP/1.0" 499 0 "-" "WordPress/3.3.1; http://yuvi.in/blog"
94.102.150.50 - - [11/Apr/2012:22:29:53 -0700] "GET /blog/feed/atom/ HTTP/1.1" 304 0 "-" "SocialSearcher/0.1  Mozilla/5.0"
117.202.178.105 - - [11/Apr/2012:22:30:02 -0700] "-" 400 0 "-" "-"
117.202.178.105 - - [11/Apr/2012:22:30:02 -0700] "-" 400 0 "-" "-"
85.17.88.169 - - [11/Apr/2012:22:30:25 -0700] "POST /blog/wp-cron.php?doing_wp_cron=1334208290 HTTP/1.0" 499 0 "-" "WordPress/3.3.1; http://yuvi.in/blog"
209.85.144.89 - - [11/Apr/2012:22:30:25 -0700] "GET /blog/feed HTTP/1.1" 304 0 "-" "FeedBurner/1.0 (http://www.FeedBurner.com)"
65.52.111.213 - - [11/Apr/2012:22:32:26 -0700] "-" 400 0 "-" "-"
65.52.111.213 - - [11/Apr/2012:22:32:26 -0700] "-" 400 0 "-" "-"
65.52.111.213 - - [11/Apr/2012:22:32:26 -0700] "-" 400 0 "-" "-"
65.52.111.213 - - [11/Apr/2012:22:32:27 -0700] "-" 400 0 "-" "-"
65.52.111.213 - - [11/Apr/2012:22:32:28 -0700] "-" 400 0 "-" "-"
65.52.111.213 - - [11/Apr/2012:22:32:28 -0700] "-" 400 0 "-" "-"
65.52.111.213 - - [11/Apr/2012:22:32:29 -0700] "-" 400 0 "-" "-"
65.52.111.213 - - [11/Apr/2012:22:32:29 -0700] "-" 400 0 "-" "-"
65.52.111.213 - - [11/Apr/2012:22:32:29 -0700] "-" 400 0 "-" "-"
65.52.111.213 - - [11/Apr/2012:22:32:30 -0700] "-" 400 0 "-" "-"
65.52.111.213 - - [11/Apr/2012:22:32:30 -0700] "-" 400 0 "-" "-"
65.52.111.213 - - [11/Apr/2012:22:32:30 -0700] "-" 400 0 "-" "-"
65.52.111.213 - - [11/Apr/2012:22:33:19 -0700] "-" 400 0 "-" "-"
122.165.71.201 - - [11/Apr/2012:22:33:48 -0700] "-" 400 0 "-" "-"
88.131.106.6 - - [11/Apr/2012:22:36:09 -0700] "GET /robots.txt HTTP/1.0" 404 169 "-" "Mozilla/5.0 (Windows; U; Windows NT 5.1; en-US) Speedy Spider (http://www.entireweb.com/about/search_tech/speedy_spider/)"
88.131.106.4 - - [11/Apr/2012:22:36:10 -0700] "GET /blog/attraction-or-admiration.html HTTP/1.0" 200 5416 "-" "Mozilla/5.0 (Windows; U; Windows NT 5.1; en-US) Speedy Spider (http://www.entireweb.com/about/search_tech/speedy_spider/)"
180.76.6.211 - - [11/Apr/2012:22:36:29 -0700] "GET / HTTP/1.1" 200 1430 "-" "Mozilla/5.0 (compatible; Baiduspider/2.0; +http://www.baidu.com/search/spider.html)"
65.115.127.98 - - [11/Apr/2012:22:37:30 -0700] "GET /r/26hx HTTP/1.1" 301 257 "-" "Opera/9.02 (Windows NT 5.1; U; fi)"
65.115.127.98 - - [11/Apr/2012:22:37:30 -0700] "GET /s/ta/26hx/ HTTP/1.1" 302 337 "-" "Opera/9.02 (Windows NT 5.1; U; fi)"
66.220.149.246 - - [11/Apr/2012:22:37:48 -0700] "GET /r/fmf HTTP/1.1" 301 255 "-" "facebookexternalhit/1.1 (+http://www.facebook.com/externalhit_uatext.php)"
66.220.149.244 - - [11/Apr/2012:22:37:48 -0700] "GET /s/ta/fmf/ HTTP/1.1" 302 349 "-" "facebookexternalhit/1.1 (+http://www.facebook.com/externalhit_uatext.php)"
106.206.245.105 - - [11/Apr/2012:22:38:03 -0700] "GET /AssessmentBar/r/Unassessed_India_articles/ HTTP/1.1" 302 291 "http://en.wikipedia.org/wiki/Sukhoi/HAL_FGFA" "Mozilla/5.0 (Windows NT 5.1) AppleWebKit/535.11 (KHTML, like Gecko) Chrome/17.0.963.56 Safari/535.11"
106.206.245.105 - - [11/Apr/2012:22:38:15 -0700] "-" 400 0 "-" "-"
85.17.88.169 - - [11/Apr/2012:22:39:30 -0700] "POST /blog/wp-cron.php?doing_wp_cron=1334208835 HTTP/1.0" 499 0 "-" "WordPress/3.3.1; http://yuvi.in/blog"
208.115.111.68 - - [11/Apr/2012:22:39:30 -0700] "GET /blog/running-archlinux/trackback/ HTTP/1.1" 302 0 "-" "Mozilla/5.0 (compatible; Ezooms/1.0; ezooms.bot@gmail.com)"
85.17.88.169 - - [11/Apr/2012:22:39:37 -0700] "POST /blog/wp-cron.php?doing_wp_cron=1334208841 HTTP/1.0" 499 0 "-" "WordPress/3.3.1; http://yuvi.in/blog"
208.115.111.68 - - [11/Apr/2012:22:39:37 -0700] "GET /blog/category/code/feed/ HTTP/1.1" 200 27243 "-" "Mozilla/5.0 (compatible; Ezooms/1.0; ezooms.bot@gmail.com)"
207.46.204.219 - - [11/Apr/2012:22:40:19 -0700] "-" 400 0 "-" "-"
207.46.204.219 - - [11/Apr/2012:22:40:21 -0700] "-" 400 0 "-" "-"
85.17.88.169 - - [11/Apr/2012:22:40:23 -0700] "POST /blog/wp-cron.php?doing_wp_cron=1334208887 HTTP/1.0" 499 0 "-" "WordPress/3.3.1; http://yuvi.in/blog"
207.46.204.219 - - [11/Apr/2012:22:40:23 -0700] "-" 400 0 "-" "-"
207.46.204.219 - - [11/Apr/2012:22:40:23 -0700] "-" 400 0 "-" "-"
207.46.204.219 - - [11/Apr/2012:22:40:23 -0700] "-" 400 0 "-" "-"
180.76.5.63 - - [11/Apr/2012:22:40:23 -0700] "GET /blog/?p=179 HTTP/1.1" 301 0 "-" "Mozilla/5.0 (compatible; Baiduspider/2.0; +http://www.baidu.com/search/spider.html)"
207.46.204.219 - - [11/Apr/2012:22:40:24 -0700] "-" 400 0 "-" "-"
207.46.204.219 - - [11/Apr/2012:22:40:25 -0700] "-" 400 0 "-" "-"
85.17.88.169 - - [11/Apr/2012:22:40:25 -0700] "POST /blog/wp-cron.php?doing_wp_cron=1334208890 HTTP/1.0" 499 0 "-" "WordPress/3.3.1; http://yuvi.in/blog"
207.46.204.219 - - [11/Apr/2012:22:40:25 -0700] "-" 400 0 "-" "-"
207.46.204.219 - - [11/Apr/2012:22:40:25 -0700] "-" 400 0 "-" "-"
180.76.5.103 - - [11/Apr/2012:22:40:26 -0700] "GET /blog/the-fridge-at-interviewstreet-office/ HTTP/1.1" 200 4986 "-" "Mozilla/5.0 (compatible; Baiduspider/2.0; +http://www.baidu.com/search/spider.html)"
207.46.204.219 - - [11/Apr/2012:22:40:26 -0700] "-" 400 0 "-" "-"
150.70.64.197 - - [11/Apr/2012:22:41:45 -0700] "GET / HTTP/1.0" 404 238 "-" "Mozilla/4.0 (compatible; MSIE 6.0; Windows NT 5.1)"
123.125.71.35 - - [11/Apr/2012:22:44:56 -0700] "GET / HTTP/1.1" 200 3439 "-" "Mozilla/5.0 (compatible; Baiduspider/2.0; +http://www.baidu.com/search/spider.html)"
220.181.108.75 - - [11/Apr/2012:22:45:45 -0700] "GET / HTTP/1.1" 200 3439 "-" "Mozilla/5.0 (compatible; Baiduspider/2.0; +http://www.baidu.com/search/spider.html)"
118.102.141.98 - - [11/Apr/2012:22:46:51 -0700] "GET /r/1ck4 HTTP/1.1" 301 257 "http://www.facebook.com/l.php?u=http%3A%2F%2Ftawp.in%2Fr%2F1ck4&h=1AQF3fv-MAQF_IIdTVhWOug3D_sBEwtJTVWaKxUArACTE7w&enc=AZNg_Tt3TTAArAgjrMQ11FfEHfmRCvcgxh84Yb2H9F31FZ7_plXjKPgZHh7u_32L4bh2RWPfA3MLrU5bXpe8LQMY" "Mozilla/5.0 (Windows NT 5.1; rv:10.0.2) Gecko/20100101 Firefox/10.0.2"
118.102.141.98 - - [11/Apr/2012:22:46:51 -0700] "GET /s/ta/1ck4/ HTTP/1.1" 302 349 "http://www.facebook.com/l.php?u=http%3A%2F%2Ftawp.in%2Fr%2F1ck4&h=1AQF3fv-MAQF_IIdTVhWOug3D_sBEwtJTVWaKxUArACTE7w&enc=AZNg_Tt3TTAArAgjrMQ11FfEHfmRCvcgxh84Yb2H9F31FZ7_plXjKPgZHh7u_32L4bh2RWPfA3MLrU5bXpe8LQMY" "Mozilla/5.0 (Windows NT 5.1; rv:10.0.2) Gecko/20100101 Firefox/10.0.2"
123.125.71.22 - - [11/Apr/2012:22:46:53 -0700] "GET /robots.txt HTTP/1.1" 404 142 "-" "Mozilla/5.0 (compatible; Baiduspider/2.0; +http://www.baidu.com/search/spider.html)"
118.102.141.98 - - [11/Apr/2012:22:46:56 -0700] "-" 400 0 "-" "-"
123.125.71.25 - - [11/Apr/2012:22:46:59 -0700] "GET /robots.txt HTTP/1.1" 404 211 "-" "Mozilla/5.0 (compatible; Baiduspider/2.0; +http://www.baidu.com/search/spider.html)"
66.220.147.248 - - [11/Apr/2012:22:48:23 -0700] "GET /r/fmf HTTP/1.1" 301 255 "-" "facebookexternalhit/1.1 (+http://www.facebook.com/externalhit_uatext.php)"
66.220.147.244 - - [11/Apr/2012:22:48:23 -0700] "GET /s/ta/fmf/ HTTP/1.1" 302 349 "-" "facebookexternalhit/1.1 (+http://www.facebook.com/externalhit_uatext.php)"
59.97.73.38 - - [11/Apr/2012:22:48:57 -0700] "-" 400 0 "-" "-"
69.171.234.3 - - [11/Apr/2012:22:50:09 -0700] "GET /r/7bu HTTP/1.1" 301 255 "-" "facebookexternalhit/1.1 (+http://www.facebook.com/externalhit_uatext.php)"
69.171.234.5 - - [11/Apr/2012:22:50:10 -0700] "GET /s/ta/7bu/ HTTP/1.1" 302 337 "-" "facebookexternalhit/1.1 (+http://www.facebook.com/externalhit_uatext.php)"
14.96.84.169 - - [11/Apr/2012:22:50:21 -0700] "-" 400 0 "-" "-"
14.96.84.169 - - [11/Apr/2012:22:52:01 -0700] "-" 400 0 "-" "-"
14.96.84.169 - - [11/Apr/2012:22:52:01 -0700] "-" 400 0 "-" "-"
14.96.84.169 - - [11/Apr/2012:22:52:01 -0700] "-" 400 0 "-" "-"
14.96.84.169 - - [11/Apr/2012:22:52:01 -0700] "-" 400 0 "-" "-"
14.96.84.169 - - [11/Apr/2012:22:52:01 -0700] "-" 400 0 "-" "-"
14.96.84.169 - - [11/Apr/2012:22:52:21 -0700] "-" 400 0 "-" "-"
14.96.84.169 - - [11/Apr/2012:22:52:21 -0700] "-" 400 0 "-" "-"
14.96.84.169 - - [11/Apr/2012:22:52:21 -0700] "-" 400 0 "-" "-"
14.96.84.169 - - [11/Apr/2012:22:52:41 -0700] "-" 400 0 "-" "-"
59.97.73.38 - - [11/Apr/2012:22:53:48 -0700] "-" 400 0 "-" "-"
59.97.73.38 - - [11/Apr/2012:22:53:48 -0700] "-" 400 0 "-" "-"
59.97.73.38 - - [11/Apr/2012:22:53:57 -0700] "-" 400 0 "-" "-"
59.97.73.38 - - [11/Apr/2012:22:53:57 -0700] "-" 400 0 "-" "-"
122.174.115.159 - - [11/Apr/2012:22:54:48 -0700] "-" 400 0 "-" "-"
122.174.115.159 - - [11/Apr/2012:22:55:38 -0700] "-" 400 0 "-" "-"
59.97.73.38 - - [11/Apr/2012:22:57:16 -0700] "-" 400 0 "-" "-"
59.97.73.38 - - [11/Apr/2012:22:57:22 -0700] "-" 400 0 "-" "-"
122.165.79.250 - - [11/Apr/2012:22:57:22 -0700] "-" 400 0 "-" "-"
59.97.73.38 - - [11/Apr/2012:22:59:36 -0700] "-" 400 0 "-" "-"
85.17.88.169 - - [11/Apr/2012:23:00:33 -0700] "POST /blog/wp-cron.php?doing_wp_cron=1334210098 HTTP/1.0" 499 0 "-" "WordPress/3.3.1; http://yuvi.in/blog"
209.85.144.88 - - [11/Apr/2012:23:00:34 -0700] "GET /blog/feed HTTP/1.1" 304 0 "-" "FeedBurner/1.0 (http://www.FeedBurner.com)"
59.97.73.38 - - [11/Apr/2012:23:01:39 -0700] "-" 400 0 "-" "-"
85.17.88.169 - - [11/Apr/2012:23:01:56 -0700] "POST /blog/wp-cron.php?doing_wp_cron=1334210181 HTTP/1.0" 499 0 "-" "WordPress/3.3.1; http://yuvi.in/blog"
65.52.110.16 - - [11/Apr/2012:23:01:56 -0700] "GET /blog/2009/06/ HTTP/1.1" 200 8482 "-" "Mozilla/5.0 (compatible; bingbot/2.0; +http://www.bing.com/bingbot.htm)"
199.19.249.196 - - [11/Apr/2012:23:02:00 -0700] "GET /r/1ql HTTP/1.1" 301 255 "-" "Mozilla/4.0 (compatible; MSIE 7.0; Windows NT 5.1; InfoPath.1; .NET CLR 2.0.50727; .NET CLR 1.1.4322; MS-RTC LM 8; .NET CLR 3.0.4506.2152; .NET CLR 3.5.30729)"
199.19.249.196 - - [11/Apr/2012:23:02:01 -0700] "GET /s/ta/1ql/ HTTP/1.1" 302 373 "-" "Mozilla/4.0 (compatible; MSIE 7.0; Windows NT 5.1; InfoPath.1; .NET CLR 2.0.50727; .NET CLR 1.1.4322; MS-RTC LM 8; .NET CLR 3.0.4506.2152; .NET CLR 3.5.30729)"
59.163.114.169 - - [11/Apr/2012:23:02:02 -0700] "GET /r/1ql HTTP/1.1" 301 255 "http://ta.wikipedia.org/wiki/%E0%AE%A4%E0%AE%AE%E0%AE%BF%E0%AE%B4%E0%AF%8D%E0%AE%A8%E0%AE%BE%E0%AE%9F%E0%AF%81" "Mozilla/5.0 (Windows NT 5.1) AppleWebKit/535.19 (KHTML, like Gecko) Chrome/18.0.1025.152 Safari/535.19"
199.19.249.196 - - [11/Apr/2012:23:02:02 -0700] "GET /s/ta/1ql HTTP/1.1" 301 255 "-" "Mozilla/4.0 (compatible; MSIE 7.0; Windows NT 5.1; InfoPath.1; .NET CLR 2.0.50727; .NET CLR 1.1.4322; MS-RTC LM 8; .NET CLR 3.0.4506.2152; .NET CLR 3.5.30729)"
199.19.249.196 - - [11/Apr/2012:23:02:03 -0700] "GET /s/ta/1ql/ HTTP/1.1" 302 373 "-" "Mozilla/4.0 (compatible; MSIE 7.0; Windows NT 5.1; InfoPath.1; .NET CLR 2.0.50727; .NET CLR 1.1.4322; MS-RTC LM 8; .NET CLR 3.0.4506.2152; .NET CLR 3.5.30729)"
59.163.114.169 - - [11/Apr/2012:23:02:03 -0700] "GET /s/ta/1ql/ HTTP/1.1" 302 373 "http://ta.wikipedia.org/wiki/%E0%AE%A4%E0%AE%AE%E0%AE%BF%E0%AE%B4%E0%AF%8D%E0%AE%A8%E0%AE%BE%E0%AE%9F%E0%AF%81" "Mozilla/5.0 (Windows NT 5.1) AppleWebKit/535.19 (KHTML, like Gecko) Chrome/18.0.1025.152 Safari/535.19"
69.171.234.5 - - [11/Apr/2012:23:02:39 -0700] "GET /blog/how-i-spent-the-day-today.html HTTP/1.1" 206 7203 "-" "facebookexternalhit/1.1 (+http://www.facebook.com/externalhit_uatext.php)"
115.111.52.227 - - [11/Apr/2012:23:04:44 -0700] "GET / HTTP/1.1" 200 1430 "https://www.google.co.in/" "Mozilla/5.0 (Windows NT 6.1) AppleWebKit/535.19 (KHTML, like Gecko) Chrome/18.0.1025.152 Safari/535.19"
115.111.52.227 - - [11/Apr/2012:23:04:44 -0700] "GET /blueprint/screen.css HTTP/1.1" 200 12058 "http://yuvi.in/" "Mozilla/5.0 (Windows NT 6.1) AppleWebKit/535.19 (KHTML, like Gecko) Chrome/18.0.1025.152 Safari/535.19"
115.111.52.227 - - [11/Apr/2012:23:04:45 -0700] "GET /blueprint/print.css HTTP/1.1" 200 1284 "http://yuvi.in/" "Mozilla/5.0 (Windows NT 6.1) AppleWebKit/535.19 (KHTML, like Gecko) Chrome/18.0.1025.152 Safari/535.19"
115.111.52.227 - - [11/Apr/2012:23:04:45 -0700] "GET /header.png HTTP/1.1" 200 14249 "http://yuvi.in/" "Mozilla/5.0 (Windows NT 6.1) AppleWebKit/535.19 (KHTML, like Gecko) Chrome/18.0.1025.152 Safari/535.19"
115.111.52.227 - - [11/Apr/2012:23:04:46 -0700] "GET /favicon.ico HTTP/1.1" 404 199 "-" "Mozilla/5.0 (Windows NT 6.1) AppleWebKit/535.19 (KHTML, like Gecko) Chrome/18.0.1025.152 Safari/535.19"
115.111.52.227 - - [11/Apr/2012:23:04:49 -0700] "GET /blog HTTP/1.1" 301 178 "http://yuvi.in/" "Mozilla/5.0 (Windows NT 6.1) AppleWebKit/535.19 (KHTML, like Gecko) Chrome/18.0.1025.152 Safari/535.19"
85.17.88.169 - - [11/Apr/2012:23:04:52 -0700] "POST /blog/wp-cron.php?doing_wp_cron=1334210356 HTTP/1.0" 499 0 "-" "WordPress/3.3.1; http://yuvi.in/blog"
115.111.52.227 - - [11/Apr/2012:23:04:52 -0700] "GET /blog/ HTTP/1.1" 200 9195 "http://yuvi.in/" "Mozilla/5.0 (Windows NT 6.1) AppleWebKit/535.19 (KHTML, like Gecko) Chrome/18.0.1025.152 Safari/535.19"
115.111.52.227 - - [11/Apr/2012:23:04:53 -0700] "GET /blog/wp-content/themes/cleanr/style.css HTTP/1.1" 200 10508 "http://yuvi.in/blog/" "Mozilla/5.0 (Windows NT 6.1) AppleWebKit/535.19 (KHTML, like Gecko) Chrome/18.0.1025.152 Safari/535.19"
115.111.52.227 - - [11/Apr/2012:23:04:53 -0700] "GET /blog/wp-content/themes/cleanr/js/jquery.dropdown.js?ver=3.3.1 HTTP/1.1" 200 535 "http://yuvi.in/blog/" "Mozilla/5.0 (Windows NT 6.1) AppleWebKit/535.19 (KHTML, like Gecko) Chrome/18.0.1025.152 Safari/535.19"
115.111.52.227 - - [11/Apr/2012:23:04:53 -0700] "GET /blog/wp-content/themes/cleanr/css/text.css HTTP/1.1" 200 420 "http://yuvi.in/blog/" "Mozilla/5.0 (Windows NT 6.1) AppleWebKit/535.19 (KHTML, like Gecko) Chrome/18.0.1025.152 Safari/535.19"
115.111.52.227 - - [11/Apr/2012:23:04:53 -0700] "GET /blog/wp-content/themes/cleanr/css/reset.css HTTP/1.1" 200 648 "http://yuvi.in/blog/" "Mozilla/5.0 (Windows NT 6.1) AppleWebKit/535.19 (KHTML, like Gecko) Chrome/18.0.1025.152 Safari/535.19"
115.111.52.227 - - [11/Apr/2012:23:04:54 -0700] "GET /blog/wp-includes/js/jquery/jquery.js?ver=1.7.1 HTTP/1.1" 200 93889 "http://yuvi.in/blog/" "Mozilla/5.0 (Windows NT 6.1) AppleWebKit/535.19 (KHTML, like Gecko) Chrome/18.0.1025.152 Safari/535.19"
115.111.52.227 - - [11/Apr/2012:23:04:54 -0700] "GET /blog/wp-content/themes/cleanr/css/960.css HTTP/1.1" 200 3628 "http://yuvi.in/blog/" "Mozilla/5.0 (Windows NT 6.1) AppleWebKit/535.19 (KHTML, like Gecko) Chrome/18.0.1025.152 Safari/535.19"
115.111.52.227 - - [11/Apr/2012:23:04:55 -0700] "GET /blog/wp-content/themes/cleanr/images/search_magnifier.gif HTTP/1.1" 200 394 "http://yuvi.in/blog/" "Mozilla/5.0 (Windows NT 6.1) AppleWebKit/535.19 (KHTML, like Gecko) Chrome/18.0.1025.152 Safari/535.19"
115.111.52.227 - - [11/Apr/2012:23:04:57 -0700] "GET /favicon.ico HTTP/1.1" 404 199 "-" "Mozilla/5.0 (Windows NT 6.1) AppleWebKit/535.19 (KHTML, like Gecko) Chrome/18.0.1025.152 Safari/535.19"
85.17.88.169 - - [11/Apr/2012:23:06:20 -0700] "POST /blog/wp-cron.php?doing_wp_cron=1334210444 HTTP/1.0" 499 0 "-" "WordPress/3.3.1; http://yuvi.in/blog"
209.85.238.112 - - [11/Apr/2012:23:06:20 -0700] "GET /blog/feed/ HTTP/1.1" 304 0 "-" "Feedfetcher-Google; (+http://www.google.com/feedfetcher.html; 19 subscribers; feed-id=15064232456473204253)"
85.17.88.169 - - [11/Apr/2012:23:08:50 -0700] "POST /blog/wp-cron.php?doing_wp_cron=1334210595 HTTP/1.0" 499 0 "-" "WordPress/3.3.1; http://yuvi.in/blog"
117.211.90.154 - - [11/Apr/2012:23:08:50 -0700] "GET /blog/devlog-december-23-2011/ HTTP/1.1" 200 4280 "http://yuvi.in/blog/" "Mozilla/5.0 (Windows NT 6.1) AppleWebKit/535.19 (KHTML, like Gecko) Chrome/18.0.1025.152 Safari/535.19"
117.211.90.154 - - [11/Apr/2012:23:08:52 -0700] "GET /favicon.ico HTTP/1.1" 404 199 "-" "Mozilla/5.0 (Windows NT 6.1) AppleWebKit/535.19 (KHTML, like Gecko) Chrome/18.0.1025.152 Safari/535.19"
117.211.90.154 - - [11/Apr/2012:23:08:53 -0700] "GET /favicon.ico HTTP/1.1" 404 199 "-" "Mozilla/5.0 (Windows NT 6.1) AppleWebKit/535.19 (KHTML, like Gecko) Chrome/18.0.1025.152 Safari/535.19"
117.211.90.154 - - [11/Apr/2012:23:08:53 -0700] "GET /favicon.ico HTTP/1.1" 404 199 "-" "Mozilla/5.0 (Windows NT 6.1) AppleWebKit/535.19 (KHTML, like Gecko) Chrome/18.0.1025.152 Safari/535.19"
117.211.90.154 - - [11/Apr/2012:23:08:53 -0700] "GET /favicon.ico HTTP/1.1" 404 199 "-" "Mozilla/5.0 (Windows NT 6.1) AppleWebKit/535.19 (KHTML, like Gecko) Chrome/18.0.1025.152 Safari/535.19"
117.211.90.154 - - [11/Apr/2012:23:08:53 -0700] "GET /favicon.ico HTTP/1.1" 404 199 "-" "Mozilla/5.0 (Windows NT 6.1) AppleWebKit/535.19 (KHTML, like Gecko) Chrome/18.0.1025.152 Safari/535.19"
