115.249.191.100 - - [05/Mar/2012:00:05:16 -0800] "GET /blog/wp-content/themes/cleanr/css/960.css HTTP/1.1" 200 3628 "http://yuvi.in/blog/wp-content/themes/cleanr/style.css" "Mozilla/5.0 (Windows NT 5.1; rv:10.0.2) Gecko/20100101 Firefox/10.0.2"
115.249.191.100 - - [05/Mar/2012:00:05:17 -0800] "GET /blog/wp-includes/js/jquery/jquery.js?ver=1.7.1 HTTP/1.1" 200 93889 "http://yuvi.in/blog/program/" "Mozilla/5.0 (Windows NT 5.1; rv:10.0.2) Gecko/20100101 Firefox/10.0.2"
115.249.191.100 - - [05/Mar/2012:00:05:19 -0800] "GET /blog/wp-content/themes/cleanr/images/search_magnifier.gif HTTP/1.1" 200 394 "http://yuvi.in/blog/program/" "Mozilla/5.0 (Windows NT 5.1; rv:10.0.2) Gecko/20100101 Firefox/10.0.2"
115.249.191.100 - - [05/Mar/2012:00:05:27 -0800] "GET /favicon.ico HTTP/1.1" 404 142 "-" "Mozilla/5.0 (Windows NT 5.1; rv:10.0.2) Gecko/20100101 Firefox/10.0.2"
115.249.191.100 - - [05/Mar/2012:00:05:27 -0800] "GET /favicon.ico HTTP/1.1" 404 142 "-" "Mozilla/5.0 (Windows NT 5.1; rv:10.0.2) Gecko/20100101 Firefox/10.0.2"
85.17.88.169 - - [05/Mar/2012:00:05:32 -0800] "POST /blog/wp-cron.php?doing_wp_cron=1330934699 HTTP/1.0" 499 0 "-" "WordPress/3.3.1; http://yuvi.in/blog"
115.249.191.100 - - [05/Mar/2012:00:05:32 -0800] "GET /blog/program/?cf_action=sync_comments&post_id=381 HTTP/1.1" 200 48 "http://yuvi.in/blog/program/" "Mozilla/5.0 (Windows NT 5.1; rv:10.0.2) Gecko/20100101 Firefox/10.0.2"
207.46.204.219 - - [05/Mar/2012:00:10:52 -0800] "-" 400 0 "-" "-"
207.46.204.219 - - [05/Mar/2012:00:10:53 -0800] "-" 400 0 "-" "-"
207.46.204.219 - - [05/Mar/2012:00:10:53 -0800] "-" 400 0 "-" "-"
207.46.204.219 - - [05/Mar/2012:00:10:53 -0800] "-" 400 0 "-" "-"
207.46.204.219 - - [05/Mar/2012:00:10:53 -0800] "-" 400 0 "-" "-"
207.46.204.219 - - [05/Mar/2012:00:10:53 -0800] "-" 400 0 "-" "-"
207.46.204.219 - - [05/Mar/2012:00:10:53 -0800] "-" 400 0 "-" "-"
207.46.204.219 - - [05/Mar/2012:00:10:53 -0800] "-" 400 0 "-" "-"
207.46.204.219 - - [05/Mar/2012:00:11:05 -0800] "-" 400 0 "-" "-"
207.46.204.219 - - [05/Mar/2012:00:11:05 -0800] "-" 400 0 "-" "-"
207.46.204.219 - - [05/Mar/2012:00:11:05 -0800] "-" 400 0 "-" "-"
60.54.77.159 - - [05/Mar/2012:00:14:01 -0800] "-" 400 0 "-" "-"
119.63.196.115 - - [05/Mar/2012:00:14:13 -0800] "GET / HTTP/1.1" 200 3439 "-" "Mozilla/5.0 (compatible; Baiduspider/2.0; +http://www.baidu.com/search/spider.html)"
66.249.71.97 - - [05/Mar/2012:00:14:55 -0800] "GET /blog/gsoc-2010-proposal.html HTTP/1.1" 200 5857 "-" "Mozilla/5.0 (compatible; Googlebot/2.1; +http://www.google.com/bot.html)"
207.46.204.173 - - [05/Mar/2012:00:15:00 -0800] "-" 400 0 "-" "-"
207.46.204.173 - - [05/Mar/2012:00:15:02 -0800] "-" 400 0 "-" "-"
207.46.204.173 - - [05/Mar/2012:00:15:02 -0800] "-" 400 0 "-" "-"
207.46.204.173 - - [05/Mar/2012:00:15:03 -0800] "-" 400 0 "-" "-"
207.46.204.173 - - [05/Mar/2012:00:15:03 -0800] "-" 400 0 "-" "-"
207.46.204.173 - - [05/Mar/2012:00:15:03 -0800] "-" 400 0 "-" "-"
207.46.204.173 - - [05/Mar/2012:00:15:04 -0800] "-" 400 0 "-" "-"
207.46.204.173 - - [05/Mar/2012:00:15:04 -0800] "-" 400 0 "-" "-"
207.46.204.173 - - [05/Mar/2012:00:15:04 -0800] "-" 400 0 "-" "-"
207.46.204.173 - - [05/Mar/2012:00:15:04 -0800] "-" 400 0 "-" "-"
207.46.204.173 - - [05/Mar/2012:00:15:45 -0800] "-" 400 0 "-" "-"
66.249.71.97 - - [05/Mar/2012:00:15:45 -0800] "GET / HTTP/1.1" 200 1430 "-" "Mozilla/5.0 (iPhone; U; CPU iPhone OS 4_1 like Mac OS X; en-us) AppleWebKit/532.9 (KHTML, like Gecko) Version/4.0.5 Mobile/8B117 Safari/6531.22.7 (compatible; Googlebot-Mobile/2.1; +http://www.google.com/bot.html)"
66.249.71.97 - - [05/Mar/2012:00:17:09 -0800] "GET /blog/devlog-mar-2011.html HTTP/1.1" 200 2970 "-" "Mozilla/5.0 (compatible; Googlebot/2.1; +http://www.google.com/bot.html)"
117.202.129.0 - - [05/Mar/2012:00:17:58 -0800] "-" 400 0 "-" "-"
85.17.88.169 - - [05/Mar/2012:00:19:25 -0800] "POST /blog/wp-cron.php?doing_wp_cron=1330935532 HTTP/1.0" 499 0 "-" "WordPress/3.3.1; http://yuvi.in/blog"
66.249.71.97 - - [05/Mar/2012:00:19:26 -0800] "GET /blog/my-new-canon-550d-from-flipkart/trackback/ HTTP/1.1" 302 0 "-" "Mozilla/5.0 (compatible; Googlebot/2.1; +http://www.google.com/bot.html)"
85.17.88.169 - - [05/Mar/2012:00:19:27 -0800] "POST /blog/wp-cron.php?doing_wp_cron=1330935535 HTTP/1.0" 499 0 "-" "WordPress/3.3.1; http://yuvi.in/blog"
66.249.71.97 - - [05/Mar/2012:00:19:28 -0800] "GET /blog/my-new-canon-550d-from-flipkart/ HTTP/1.1" 200 5285 "-" "Mozilla/5.0 (compatible; Googlebot/2.1; +http://www.google.com/bot.html)"
117.202.176.126 - - [05/Mar/2012:00:20:48 -0800] "-" 400 0 "-" "-"
121.246.26.98 - - [05/Mar/2012:00:21:47 -0800] "GET /r/2j4x HTTP/1.1" 301 257 "http://ta.wikipedia.org/wiki/%E0%AE%85%E0%AE%9F%E0%AF%8B%E0%AE%AA%E0%AF%8D_%E0%AE%87%E0%AE%A9%E0%AF%8D%E0%AE%9F%E0%AE%BF%E0%AE%9A%E0%AF%88%E0%AE%A9%E0%AF%8D" "Mozilla/4.0 (compatible; MSIE 6.0; Windows NT 5.1; SV1; GTB7.3; .NET CLR 1.1.4322; .NET CLR 2.0.50727; .NET CLR 3.0.4506.2152; .NET CLR 3.5.30729)"
121.246.26.98 - - [05/Mar/2012:00:21:48 -0800] "GET /s/ta/2j4x/ HTTP/1.1" 302 437 "http://ta.wikipedia.org/wiki/%E0%AE%85%E0%AE%9F%E0%AF%8B%E0%AE%AA%E0%AF%8D_%E0%AE%87%E0%AE%A9%E0%AF%8D%E0%AE%9F%E0%AE%BF%E0%AE%9A%E0%AF%88%E0%AE%A9%E0%AF%8D" "Mozilla/4.0 (compatible; MSIE 6.0; Windows NT 5.1; SV1; GTB7.3; .NET CLR 1.1.4322; .NET CLR 2.0.50727; .NET CLR 3.0.4506.2152; .NET CLR 3.5.30729)"
117.202.176.126 - - [05/Mar/2012:00:22:38 -0800] "-" 400 0 "-" "-"
117.202.176.126 - - [05/Mar/2012:00:22:38 -0800] "-" 400 0 "-" "-"
117.202.176.126 - - [05/Mar/2012:00:22:38 -0800] "-" 400 0 "-" "-"
117.202.176.126 - - [05/Mar/2012:00:22:38 -0800] "-" 400 0 "-" "-"
117.193.205.229 - - [05/Mar/2012:00:23:25 -0800] "-" 400 0 "-" "-"
117.202.176.126 - - [05/Mar/2012:00:23:58 -0800] "-" 400 0 "-" "-"
117.202.176.126 - - [05/Mar/2012:00:23:58 -0800] "-" 400 0 "-" "-"
117.202.176.126 - - [05/Mar/2012:00:23:58 -0800] "-" 400 0 "-" "-"
122.164.168.234 - - [05/Mar/2012:00:25:23 -0800] "-" 400 0 "-" "-"
85.17.88.169 - - [05/Mar/2012:00:26:15 -0800] "POST /blog/wp-cron.php?doing_wp_cron=1330935942 HTTP/1.0" 499 0 "-" "WordPress/3.3.1; http://yuvi.in/blog"
74.125.70.83 - - [05/Mar/2012:00:26:15 -0800] "GET /blog/infosys-tcs-or-wipro-none/ HTTP/1.1" 200 7078 "-" "Mozilla/5.0 (en-us) AppleWebKit/534.14 (KHTML, like Gecko; Google Wireless Transcoder) Chrome/9.0.597 Safari/534.14"
59.97.65.214 - - [05/Mar/2012:00:29:41 -0800] "GET /favicon.ico HTTP/1.1" 404 142 "-" "RSSOwl/2.1.2.201108131746 (Windows; U; en)"
59.97.65.214 - - [05/Mar/2012:00:29:42 -0800] "GET / HTTP/1.1" 200 1430 "-" "RSSOwl/2.1.2.201108131746 (Windows; U; en)"
123.125.71.36 - - [05/Mar/2012:00:31:58 -0800] "GET / HTTP/1.1" 200 3439 "-" "Mozilla/5.0 (compatible; Baiduspider/2.0; +http://www.baidu.com/search/spider.html)"
209.85.224.82 - - [05/Mar/2012:00:32:14 -0800] "GET /stories/feed HTTP/1.1" 200 13653 "-" "FeedBurner/1.0 (http://www.FeedBurner.com)"
220.181.108.77 - - [05/Mar/2012:00:32:32 -0800] "GET / HTTP/1.1" 200 3439 "-" "Mozilla/5.0 (compatible; Baiduspider/2.0; +http://www.baidu.com/search/spider.html)"
85.17.88.169 - - [05/Mar/2012:00:34:11 -0800] "POST /blog/wp-cron.php?doing_wp_cron=1330936418 HTTP/1.0" 499 0 "-" "WordPress/3.3.1; http://yuvi.in/blog"
209.85.224.95 - - [05/Mar/2012:00:34:12 -0800] "GET /blog/feed HTTP/1.1" 304 0 "-" "FeedBurner/1.0 (http://www.FeedBurner.com)"
157.55.112.204 - - [05/Mar/2012:00:35:29 -0800] "-" 400 0 "-" "-"
157.55.112.204 - - [05/Mar/2012:00:35:29 -0800] "-" 400 0 "-" "-"
157.55.112.204 - - [05/Mar/2012:00:35:29 -0800] "-" 400 0 "-" "-"
157.55.112.204 - - [05/Mar/2012:00:35:29 -0800] "-" 400 0 "-" "-"
157.55.112.204 - - [05/Mar/2012:00:35:29 -0800] "-" 400 0 "-" "-"
157.55.112.204 - - [05/Mar/2012:00:35:29 -0800] "-" 400 0 "-" "-"
157.55.112.204 - - [05/Mar/2012:00:35:29 -0800] "-" 400 0 "-" "-"
157.55.112.204 - - [05/Mar/2012:00:35:29 -0800] "-" 400 0 "-" "-"
157.55.112.204 - - [05/Mar/2012:00:35:38 -0800] "-" 400 0 "-" "-"
157.55.112.204 - - [05/Mar/2012:00:35:39 -0800] "-" 400 0 "-" "-"
157.55.112.204 - - [05/Mar/2012:00:35:39 -0800] "-" 400 0 "-" "-"
207.46.12.75 - - [05/Mar/2012:00:40:56 -0800] "-" 400 0 "-" "-"
207.46.12.75 - - [05/Mar/2012:00:40:58 -0800] "-" 400 0 "-" "-"
207.46.204.219 - - [05/Mar/2012:00:40:58 -0800] "-" 400 0 "-" "-"
207.46.204.219 - - [05/Mar/2012:00:40:58 -0800] "-" 400 0 "-" "-"
207.46.12.75 - - [05/Mar/2012:00:40:58 -0800] "-" 400 0 "-" "-"
207.46.204.219 - - [05/Mar/2012:00:40:58 -0800] "-" 400 0 "-" "-"
207.46.204.219 - - [05/Mar/2012:00:40:58 -0800] "-" 400 0 "-" "-"
207.46.204.219 - - [05/Mar/2012:00:40:58 -0800] "-" 400 0 "-" "-"
207.46.204.219 - - [05/Mar/2012:00:40:58 -0800] "-" 400 0 "-" "-"
207.46.204.219 - - [05/Mar/2012:00:40:58 -0800] "-" 400 0 "-" "-"
207.46.204.219 - - [05/Mar/2012:00:40:58 -0800] "-" 400 0 "-" "-"
207.46.204.219 - - [05/Mar/2012:00:40:58 -0800] "-" 400 0 "-" "-"
207.46.12.75 - - [05/Mar/2012:00:40:59 -0800] "-" 400 0 "-" "-"
207.46.12.75 - - [05/Mar/2012:00:40:59 -0800] "-" 400 0 "-" "-"
207.46.12.75 - - [05/Mar/2012:00:40:59 -0800] "-" 400 0 "-" "-"
207.46.12.75 - - [05/Mar/2012:00:41:00 -0800] "-" 400 0 "-" "-"
207.46.12.75 - - [05/Mar/2012:00:41:00 -0800] "-" 400 0 "-" "-"
207.46.12.75 - - [05/Mar/2012:00:41:00 -0800] "-" 400 0 "-" "-"
85.17.88.169 - - [05/Mar/2012:00:41:16 -0800] "POST /blog/wp-cron.php?doing_wp_cron=1330936843 HTTP/1.0" 499 0 "-" "WordPress/3.3.1; http://yuvi.in/blog"
72.14.199.121 - - [05/Mar/2012:00:41:16 -0800] "GET /blog/feed HTTP/1.1" 301 0 "-" "Feedfetcher-Google; (+http://www.google.com/feedfetcher.html; 3 subscribers; feed-id=17684830852112633560)"
180.76.6.21 - - [05/Mar/2012:00:41:16 -0800] "GET /blog/2010/05/01/ HTTP/1.1" 200 5010 "-" "Mozilla/5.0 (compatible; Baiduspider/2.0; +http://www.baidu.com/search/spider.html)"
85.17.88.169 - - [05/Mar/2012:00:41:18 -0800] "POST /blog/wp-cron.php?doing_wp_cron=1330936845 HTTP/1.0" 499 0 "-" "WordPress/3.3.1; http://yuvi.in/blog"
72.14.199.121 - - [05/Mar/2012:00:41:18 -0800] "GET /blog/feed/ HTTP/1.1" 304 0 "-" "Feedfetcher-Google; (+http://www.google.com/feedfetcher.html; 3 subscribers; feed-id=17684830852112633560)"
157.55.112.200 - - [05/Mar/2012:00:41:29 -0800] "-" 400 0 "-" "-"
157.55.112.200 - - [05/Mar/2012:00:41:29 -0800] "-" 400 0 "-" "-"
157.55.112.200 - - [05/Mar/2012:00:41:30 -0800] "-" 400 0 "-" "-"
157.55.112.200 - - [05/Mar/2012:00:41:30 -0800] "-" 400 0 "-" "-"
157.55.112.200 - - [05/Mar/2012:00:41:30 -0800] "-" 400 0 "-" "-"
157.55.112.200 - - [05/Mar/2012:00:41:30 -0800] "-" 400 0 "-" "-"
157.55.112.200 - - [05/Mar/2012:00:41:30 -0800] "-" 400 0 "-" "-"
157.55.112.200 - - [05/Mar/2012:00:41:30 -0800] "-" 400 0 "-" "-"
157.55.112.200 - - [05/Mar/2012:00:41:30 -0800] "-" 400 0 "-" "-"
157.55.112.200 - - [05/Mar/2012:00:41:30 -0800] "-" 400 0 "-" "-"
207.46.204.219 - - [05/Mar/2012:00:41:56 -0800] "-" 400 0 "-" "-"
207.46.204.219 - - [05/Mar/2012:00:41:57 -0800] "-" 400 0 "-" "-"
207.46.12.75 - - [05/Mar/2012:00:41:59 -0800] "-" 400 0 "-" "-"
207.46.12.75 - - [05/Mar/2012:00:41:59 -0800] "-" 400 0 "-" "-"
157.55.112.200 - - [05/Mar/2012:00:42:19 -0800] "-" 400 0 "-" "-"
122.174.21.115 - - [05/Mar/2012:00:47:33 -0800] "-" 400 0 "-" "-"
122.174.21.115 - - [05/Mar/2012:00:47:33 -0800] "-" 400 0 "-" "-"
122.174.21.115 - - [05/Mar/2012:00:49:35 -0800] "-" 400 0 "-" "-"
115.119.157.146 - - [05/Mar/2012:00:49:42 -0800] "-" 400 0 "-" "-"
220.227.139.120 - - [05/Mar/2012:00:51:00 -0800] "-" 400 0 "-" "-"
220.227.139.120 - - [05/Mar/2012:00:51:43 -0800] "-" 400 0 "-" "-"
207.46.204.214 - - [05/Mar/2012:00:51:57 -0800] "-" 400 0 "-" "-"
207.46.204.214 - - [05/Mar/2012:00:51:59 -0800] "-" 400 0 "-" "-"
207.46.204.214 - - [05/Mar/2012:00:51:59 -0800] "-" 400 0 "-" "-"
207.46.204.214 - - [05/Mar/2012:00:51:59 -0800] "-" 400 0 "-" "-"
207.46.204.214 - - [05/Mar/2012:00:52:00 -0800] "-" 400 0 "-" "-"
207.46.204.214 - - [05/Mar/2012:00:52:00 -0800] "-" 400 0 "-" "-"
207.46.204.214 - - [05/Mar/2012:00:52:00 -0800] "-" 400 0 "-" "-"
207.46.204.214 - - [05/Mar/2012:00:52:00 -0800] "-" 400 0 "-" "-"
207.46.204.214 - - [05/Mar/2012:00:52:01 -0800] "-" 400 0 "-" "-"
207.46.204.214 - - [05/Mar/2012:00:52:09 -0800] "-" 400 0 "-" "-"
207.46.204.214 - - [05/Mar/2012:00:52:09 -0800] "-" 400 0 "-" "-"
157.55.112.204 - - [05/Mar/2012:00:55:04 -0800] "-" 400 0 "-" "-"
157.55.112.204 - - [05/Mar/2012:00:55:06 -0800] "-" 400 0 "-" "-"
157.55.112.204 - - [05/Mar/2012:00:55:06 -0800] "-" 400 0 "-" "-"
157.55.112.204 - - [05/Mar/2012:00:55:07 -0800] "-" 400 0 "-" "-"
157.55.112.204 - - [05/Mar/2012:00:55:07 -0800] "-" 400 0 "-" "-"
157.55.112.204 - - [05/Mar/2012:00:55:07 -0800] "-" 400 0 "-" "-"
157.55.112.204 - - [05/Mar/2012:00:55:08 -0800] "-" 400 0 "-" "-"
157.55.112.204 - - [05/Mar/2012:00:55:08 -0800] "-" 400 0 "-" "-"
157.55.112.204 - - [05/Mar/2012:00:55:08 -0800] "-" 400 0 "-" "-"
157.55.112.204 - - [05/Mar/2012:00:55:08 -0800] "-" 400 0 "-" "-"
85.17.88.169 - - [05/Mar/2012:00:57:09 -0800] "POST /blog/wp-cron.php?doing_wp_cron=1330937796 HTTP/1.0" 499 0 "-" "WordPress/3.3.1; http://yuvi.in/blog"
72.14.199.121 - - [05/Mar/2012:00:57:09 -0800] "GET /blog/feed/ HTTP/1.1" 304 0 "-" "Feedfetcher-Google; (+http://www.google.com/feedfetcher.html; 18 subscribers; feed-id=15064232456473204253)"
85.17.88.169 - - [05/Mar/2012:00:57:11 -0800] "POST /blog/wp-cron.php?doing_wp_cron=1330937798 HTTP/1.0" 499 0 "-" "WordPress/3.3.1; http://yuvi.in/blog"
141.0.8.173 - - [05/Mar/2012:00:57:11 -0800] "GET /blog/infosys-tcs-or-wipro-none/ HTTP/1.1" 200 7079 "-" "Opera/9.80 (Android; Opera Mini/6.5.27452/27.1287; U; en) Presto/2.8.119 Version/11.10"
141.0.8.173 - - [05/Mar/2012:00:57:11 -0800] "GET /blog/wp-content/themes/cleanr/style.css HTTP/1.1" 200 10508 "http://yuvi.in/blog/infosys-tcs-or-wipro-none/" "Opera/9.80 (Android; Opera Mini/6.5.27452/27.1287; U; en) Presto/2.8.119 Version/11.10"
141.0.8.173 - - [05/Mar/2012:00:57:12 -0800] "GET /blog/wp-content/themes/cleanr/css/reset.css HTTP/1.1" 200 648 "http://yuvi.in/blog/infosys-tcs-or-wipro-none/" "Opera/9.80 (Android; Opera Mini/6.5.27452/27.1287; U; en) Presto/2.8.119 Version/11.10"
141.0.8.173 - - [05/Mar/2012:00:57:12 -0800] "GET /blog/wp-content/themes/cleanr/css/text.css HTTP/1.1" 200 420 "http://yuvi.in/blog/infosys-tcs-or-wipro-none/" "Opera/9.80 (Android; Opera Mini/6.5.27452/27.1287; U; en) Presto/2.8.119 Version/11.10"
141.0.8.173 - - [05/Mar/2012:00:57:12 -0800] "GET /blog/wp-content/themes/cleanr/css/960.css HTTP/1.1" 200 3628 "http://yuvi.in/blog/infosys-tcs-or-wipro-none/" "Opera/9.80 (Android; Opera Mini/6.5.27452/27.1287; U; en) Presto/2.8.119 Version/11.10"
141.0.8.173 - - [05/Mar/2012:00:57:12 -0800] "GET /blog/wp-includes/js/jquery/jquery.js?ver=1.7.1 HTTP/1.1" 200 93889 "http://yuvi.in/blog/infosys-tcs-or-wipro-none/" "Opera/9.80 (Android; Opera Mini/6.5.27452/27.1287; U; en) Presto/2.8.119 Version/11.10"
141.0.8.173 - - [05/Mar/2012:00:57:12 -0800] "GET /blog/wp-content/themes/cleanr/js/jquery.dropdown.js?ver=3.3.1 HTTP/1.1" 200 535 "http://yuvi.in/blog/infosys-tcs-or-wipro-none/" "Opera/9.80 (Android; Opera Mini/6.5.27452/27.1287; U; en) Presto/2.8.119 Version/11.10"
141.0.8.173 - - [05/Mar/2012:00:57:12 -0800] "GET /favicon.ico HTTP/1.1" 404 142 "http://yuvi.in/blog/infosys-tcs-or-wipro-none/" "Opera/9.80 (Android; Opera Mini/6.5.27452/27.1287; U; en) Presto/2.8.119 Version/11.10"
141.0.8.173 - - [05/Mar/2012:00:57:14 -0800] "GET /blog/wp-content/themes/cleanr/images/search_magnifier.gif HTTP/1.1" 200 394 "http://yuvi.in/blog/infosys-tcs-or-wipro-none/" "Opera/9.80 (Android; Opera Mini/6.5.27452/27.1287; U; en) Presto/2.8.119 Version/11.10"
85.17.88.169 - - [05/Mar/2012:00:57:16 -0800] "POST /blog/wp-cron.php?doing_wp_cron=1330937803 HTTP/1.0" 499 0 "-" "WordPress/3.3.1; http://yuvi.in/blog"
141.0.8.173 - - [05/Mar/2012:00:57:16 -0800] "GET /blog/infosys-tcs-or-wipro-none/?cf_action=sync_comments&post_id=124 HTTP/1.1" 200 48 "http://yuvi.in/blog/infosys-tcs-or-wipro-none/" "Opera/9.80 (Android; Opera Mini/6.5.27452/27.1287; U; en) Presto/2.8.119 Version/11.10"
85.17.88.169 - - [05/Mar/2012:00:58:38 -0800] "POST /blog/wp-cron.php?doing_wp_cron=1330937885 HTTP/1.0" 499 0 "-" "WordPress/3.3.1; http://yuvi.in/blog"
218.66.250.106 - - [05/Mar/2012:00:58:40 -0800] "GET /blog/ HTTP/1.0" 200 44144 "http://yuvi.in/blog/" "Mozilla/4.0 (compatible; MSIE 6.0; Windows NT 5.1; SV1; .NET CLR 1.0.3705; .NET CLR 1.1.4322; .NET CLR 2.0.40607)"
122.174.37.64 - - [05/Mar/2012:00:58:52 -0800] "-" 400 0 "-" "-"
85.17.88.169 - - [05/Mar/2012:00:59:15 -0800] "POST /blog/wp-cron.php?doing_wp_cron=1330937922 HTTP/1.0" 499 0 "-" "WordPress/3.3.1; http://yuvi.in/blog"
66.249.71.97 - - [05/Mar/2012:00:59:16 -0800] "GET /blog/category/personal/page/5/ HTTP/1.1" 200 4634 "-" "Mozilla/5.0 (compatible; Googlebot/2.1; +http://www.google.com/bot.html)"
141.0.9.174 - - [05/Mar/2012:00:59:32 -0800] "-" 400 0 "-" "-"
141.0.9.174 - - [05/Mar/2012:00:59:32 -0800] "-" 400 0 "-" "-"
61.16.160.66 - - [05/Mar/2012:01:00:26 -0800] "-" 400 0 "-" "-"
157.55.112.203 - - [05/Mar/2012:01:01:03 -0800] "-" 400 0 "-" "-"
157.55.112.203 - - [05/Mar/2012:01:01:04 -0800] "-" 400 0 "-" "-"
157.55.112.203 - - [05/Mar/2012:01:01:04 -0800] "-" 400 0 "-" "-"
157.55.112.203 - - [05/Mar/2012:01:01:05 -0800] "-" 400 0 "-" "-"
157.55.112.203 - - [05/Mar/2012:01:01:05 -0800] "-" 400 0 "-" "-"
157.55.112.203 - - [05/Mar/2012:01:01:05 -0800] "-" 400 0 "-" "-"
157.55.112.203 - - [05/Mar/2012:01:01:06 -0800] "-" 400 0 "-" "-"
157.55.112.203 - - [05/Mar/2012:01:01:06 -0800] "-" 400 0 "-" "-"
157.55.112.203 - - [05/Mar/2012:01:01:06 -0800] "-" 400 0 "-" "-"
141.0.9.174 - - [05/Mar/2012:01:01:29 -0800] "-" 400 0 "-" "-"
117.193.153.98 - - [05/Mar/2012:01:01:41 -0800] "-" 400 0 "-" "-"
207.46.204.209 - - [05/Mar/2012:01:02:32 -0800] "-" 400 0 "-" "-"
207.46.204.209 - - [05/Mar/2012:01:02:32 -0800] "-" 400 0 "-" "-"
207.46.204.209 - - [05/Mar/2012:01:02:33 -0800] "-" 400 0 "-" "-"
207.46.204.209 - - [05/Mar/2012:01:02:33 -0800] "-" 400 0 "-" "-"
207.46.204.209 - - [05/Mar/2012:01:02:33 -0800] "-" 400 0 "-" "-"
207.46.204.209 - - [05/Mar/2012:01:02:33 -0800] "-" 400 0 "-" "-"
207.46.204.209 - - [05/Mar/2012:01:02:33 -0800] "-" 400 0 "-" "-"
207.46.204.209 - - [05/Mar/2012:01:02:33 -0800] "-" 400 0 "-" "-"
207.46.204.209 - - [05/Mar/2012:01:02:33 -0800] "-" 400 0 "-" "-"
207.46.204.209 - - [05/Mar/2012:01:03:17 -0800] "-" 400 0 "-" "-"
207.46.204.209 - - [05/Mar/2012:01:03:17 -0800] "-" 400 0 "-" "-"
115.248.134.68 - - [05/Mar/2012:01:03:17 -0800] "-" 400 0 "-" "-"
85.17.88.169 - - [05/Mar/2012:01:04:21 -0800] "POST /blog/wp-cron.php?doing_wp_cron=1330938228 HTTP/1.0" 499 0 "-" "WordPress/3.3.1; http://yuvi.in/blog"
209.85.224.87 - - [05/Mar/2012:01:04:22 -0800] "GET /blog/feed HTTP/1.1" 304 0 "-" "FeedBurner/1.0 (http://www.FeedBurner.com)"
110.225.154.54 - - [05/Mar/2012:01:06:07 -0800] "-" 400 0 "-" "-"
85.17.88.169 - - [05/Mar/2012:01:06:46 -0800] "POST /blog/wp-cron.php?doing_wp_cron=1330938373 HTTP/1.0" 499 0 "-" "WordPress/3.3.1; http://yuvi.in/blog"
66.249.71.97 - - [05/Mar/2012:01:06:46 -0800] "GET /blog/tag/algorithm/ HTTP/1.1" 200 4214 "-" "DoCoMo/2.0 N905i(c100;TB;W24H16) (compatible; Googlebot-Mobile/2.1; +http://www.google.com/bot.html)"
67.215.230.27 - - [05/Mar/2012:01:07:22 -0800] "GET /robots.txt HTTP/1.0" 404 169 "-" "Setooz/Nutch-1.2 (http://www.setooz.com)"
67.215.230.27 - - [05/Mar/2012:01:07:22 -0800] "GET /stories HTTP/1.0" 301 185 "-" "Setooz/Nutch-1.2 (http://www.setooz.com)"
67.215.230.26 - - [05/Mar/2012:01:07:26 -0800] "GET /robots.txt HTTP/1.0" 404 169 "-" "Setooz/Nutch-1.2 (http://www.setooz.com)"
67.215.230.26 - - [05/Mar/2012:01:07:26 -0800] "GET / HTTP/1.0" 200 3439 "-" "Setooz/Nutch-1.2 (http://www.setooz.com)"
115.248.134.68 - - [05/Mar/2012:01:11:00 -0800] "-" 400 0 "-" "-"
117.193.240.193 - - [05/Mar/2012:01:11:30 -0800] "-" 400 0 "-" "-"
213.186.127.13 - - [05/Mar/2012:01:20:25 -0800] "GET /blog/attraction-or-admiration.html HTTP/1.1" 200 2149 "-" "Mozilla/5.0 (compatible; AhrefsBot/2.0; +http://ahrefs.com/robot/)"
207.46.204.218 - - [05/Mar/2012:01:20:58 -0800] "-" 400 0 "-" "-"
207.46.204.218 - - [05/Mar/2012:01:20:58 -0800] "-" 400 0 "-" "-"
207.46.204.218 - - [05/Mar/2012:01:20:58 -0800] "-" 400 0 "-" "-"
207.46.204.218 - - [05/Mar/2012:01:20:58 -0800] "-" 400 0 "-" "-"
207.46.204.218 - - [05/Mar/2012:01:20:58 -0800] "-" 400 0 "-" "-"
207.46.204.218 - - [05/Mar/2012:01:20:58 -0800] "-" 400 0 "-" "-"
207.46.204.218 - - [05/Mar/2012:01:20:58 -0800] "-" 400 0 "-" "-"
207.46.204.218 - - [05/Mar/2012:01:20:58 -0800] "-" 400 0 "-" "-"
207.46.204.218 - - [05/Mar/2012:01:20:59 -0800] "-" 400 0 "-" "-"
207.46.204.218 - - [05/Mar/2012:01:21:43 -0800] "-" 400 0 "-" "-"
207.46.204.218 - - [05/Mar/2012:01:21:50 -0800] "-" 400 0 "-" "-"
111.92.12.88 - - [05/Mar/2012:01:24:31 -0800] "GET /r/0 HTTP/1.1" 301 251 "http://ta.wikipedia.org/wiki/%E0%AE%AA%E0%AE%9F%E0%AE%BF%E0%AE%AE%E0%AE%AE%E0%AF%8D:Vekkali_Amman_in_Open_Space.jpg" "Mozilla/5.0 (Windows NT 5.1; rv:10.0.2) Gecko/20100101 Firefox/10.0.2"
111.92.12.88 - - [05/Mar/2012:01:24:32 -0800] "GET /s/ta/0/ HTTP/1.1" 502 173 "http://ta.wikipedia.org/wiki/%E0%AE%AA%E0%AE%9F%E0%AE%BF%E0%AE%AE%E0%AE%AE%E0%AF%8D:Vekkali_Amman_in_Open_Space.jpg" "Mozilla/5.0 (Windows NT 5.1; rv:10.0.2) Gecko/20100101 Firefox/10.0.2"
111.92.12.88 - - [05/Mar/2012:01:24:32 -0800] "GET /favicon.ico HTTP/1.1" 404 211 "-" "Mozilla/5.0 (Windows NT 5.1; rv:10.0.2) Gecko/20100101 Firefox/10.0.2"
111.92.12.88 - - [05/Mar/2012:01:24:32 -0800] "GET /favicon.ico HTTP/1.1" 404 211 "-" "Mozilla/5.0 (Windows NT 5.1; rv:10.0.2) Gecko/20100101 Firefox/10.0.2"
111.92.12.88 - - [05/Mar/2012:01:24:36 -0800] "-" 400 0 "-" "-"
111.92.12.88 - - [05/Mar/2012:01:24:43 -0800] "GET / HTTP/1.1" 404 211 "-" "Mozilla/5.0 (Windows NT 5.1; rv:10.0.2) Gecko/20100101 Firefox/10.0.2"
59.145.218.18 - - [05/Mar/2012:01:29:06 -0800] "-" 400 0 "-" "-"
59.145.218.18 - - [05/Mar/2012:01:29:06 -0800] "-" 400 0 "-" "-"
59.145.218.18 - - [05/Mar/2012:01:29:07 -0800] "-" 400 0 "-" "-"
223.236.229.82 - - [05/Mar/2012:01:29:57 -0800] "-" 400 0 "-" "-"
209.85.224.84 - - [05/Mar/2012:01:32:19 -0800] "GET /stories/feed HTTP/1.1" 200 13653 "-" "FeedBurner/1.0 (http://www.FeedBurner.com)"
85.17.88.169 - - [05/Mar/2012:01:34:29 -0800] "POST /blog/wp-cron.php?doing_wp_cron=1330940036 HTTP/1.0" 499 0 "-" "WordPress/3.3.1; http://yuvi.in/blog"
209.85.224.84 - - [05/Mar/2012:01:34:29 -0800] "GET /blog/feed HTTP/1.1" 304 0 "-" "FeedBurner/1.0 (http://www.FeedBurner.com)"
85.17.88.169 - - [05/Mar/2012:01:35:52 -0800] "POST /blog/wp-cron.php?doing_wp_cron=1330940119 HTTP/1.0" 499 0 "-" "WordPress/3.3.1; http://yuvi.in/blog"
121.96.61.130 - - [05/Mar/2012:01:35:52 -0800] "GET /blog/work-life-balance/ HTTP/1.1" 200 5945 "-" "Mozilla/5.0 (Windows NT 5.1; rv:10.0.2) Gecko/20100101 Firefox/10.0.2"
207.241.224.41 - - [05/Mar/2012:01:35:54 -0800] "GET /robots.txt HTTP/1.1" 404 169 "-" "ia_archiver(OS-Wayback)"
121.96.61.130 - - [05/Mar/2012:01:35:59 -0800] "GET /blog/wp-content/themes/cleanr/style.css HTTP/1.1" 200 10508 "http://yuvi.in/blog/work-life-balance/" "Mozilla/5.0 (Windows NT 5.1; rv:10.0.2) Gecko/20100101 Firefox/10.0.2"
121.96.61.130 - - [05/Mar/2012:01:36:17 -0800] "GET /blog/wp-content/themes/cleanr/js/jquery.dropdown.js?ver=3.3.1 HTTP/1.1" 200 535 "http://yuvi.in/blog/work-life-balance/" "Mozilla/5.0 (Windows NT 5.1; rv:10.0.2) Gecko/20100101 Firefox/10.0.2"
117.211.123.62 - - [05/Mar/2012:01:36:24 -0800] "GET /posm HTTP/1.1" 404 169 "-" "Mozilla/5.0 (Windows NT 5.1; rv:10.0.2) Gecko/20100101 Firefox/10.0.2"
117.211.123.62 - - [05/Mar/2012:01:36:24 -0800] "GET /favicon.ico HTTP/1.1" 404 169 "-" "Mozilla/5.0 (Windows NT 5.1; rv:10.0.2) Gecko/20100101 Firefox/10.0.2"
117.211.123.62 - - [05/Mar/2012:01:36:24 -0800] "GET /favicon.ico HTTP/1.1" 404 169 "-" "Mozilla/5.0 (Windows NT 5.1; rv:10.0.2) Gecko/20100101 Firefox/10.0.2"
112.79.40.2 - - [05/Mar/2012:01:36:33 -0800] "GET /POSM HTTP/1.1" 301 185 "-" "Mozilla/5.0 (Macintosh; Intel Mac OS X 10_7_3) AppleWebKit/535.11 (KHTML, like Gecko) Chrome/17.0.963.56 Safari/535.11"
112.79.40.2 - - [05/Mar/2012:01:36:34 -0800] "GET /POSM/ HTTP/1.1" 200 1833 "-" "Mozilla/5.0 (Macintosh; Intel Mac OS X 10_7_3) AppleWebKit/535.11 (KHTML, like Gecko) Chrome/17.0.963.56 Safari/535.11"
112.79.40.2 - - [05/Mar/2012:01:36:34 -0800] "GET /POSM/lib/jquery.mobile.structure-1.0.1.css HTTP/1.1" 200 32452 "http://yuvi.in/POSM/" "Mozilla/5.0 (Macintosh; Intel Mac OS X 10_7_3) AppleWebKit/535.11 (KHTML, like Gecko) Chrome/17.0.963.56 Safari/535.11"
112.79.40.2 - - [05/Mar/2012:01:36:34 -0800] "GET /POSM/lib/underscore.js HTTP/1.1" 200 35168 "http://yuvi.in/POSM/" "Mozilla/5.0 (Macintosh; Intel Mac OS X 10_7_3) AppleWebKit/535.11 (KHTML, like Gecko) Chrome/17.0.963.56 Safari/535.11"
112.79.40.2 - - [05/Mar/2012:01:36:36 -0800] "GET /POSM/lib/jquery.mobile-1.0.1.css HTTP/1.1" 200 83437 "http://yuvi.in/POSM/" "Mozilla/5.0 (Macintosh; Intel Mac OS X 10_7_3) AppleWebKit/535.11 (KHTML, like Gecko) Chrome/17.0.963.56 Safari/535.11"
112.79.40.2 - - [05/Mar/2012:01:36:36 -0800] "GET /POSM/lib/jquery-1.7.1.min.js HTTP/1.1" 200 93868 "http://yuvi.in/POSM/" "Mozilla/5.0 (Macintosh; Intel Mac OS X 10_7_3) AppleWebKit/535.11 (KHTML, like Gecko) Chrome/17.0.963.56 Safari/535.11"
112.79.40.2 - - [05/Mar/2012:01:36:36 -0800] "GET /POSM/lib/phonegap.js HTTP/1.1" 200 144879 "http://yuvi.in/POSM/" "Mozilla/5.0 (Macintosh; Intel Mac OS X 10_7_3) AppleWebKit/535.11 (KHTML, like Gecko) Chrome/17.0.963.56 Safari/535.11"
112.79.40.2 - - [05/Mar/2012:01:36:36 -0800] "GET /POSM/lib/jquery.timeago.js HTTP/1.1" 200 4491 "http://yuvi.in/POSM/" "Mozilla/5.0 (Macintosh; Intel Mac OS X 10_7_3) AppleWebKit/535.11 (KHTML, like Gecko) Chrome/17.0.963.56 Safari/535.11"
112.79.40.2 - - [05/Mar/2012:01:36:36 -0800] "GET /POSM/lib/templates.js HTTP/1.1" 200 426 "http://yuvi.in/POSM/" "Mozilla/5.0 (Macintosh; Intel Mac OS X 10_7_3) AppleWebKit/535.11 (KHTML, like Gecko) Chrome/17.0.963.56 Safari/535.11"
112.79.40.2 - - [05/Mar/2012:01:36:36 -0800] "GET /POSM/js/tapbar.js HTTP/1.1" 200 881 "http://yuvi.in/POSM/" "Mozilla/5.0 (Macintosh; Intel Mac OS X 10_7_3) AppleWebKit/535.11 (KHTML, like Gecko) Chrome/17.0.963.56 Safari/535.11"
112.79.40.2 - - [05/Mar/2012:01:36:37 -0800] "GET /POSM/lib/leaflet/leaflet.css HTTP/1.1" 200 6437 "http://yuvi.in/POSM/" "Mozilla/5.0 (Macintosh; Intel Mac OS X 10_7_3) AppleWebKit/535.11 (KHTML, like Gecko) Chrome/17.0.963.56 Safari/535.11"
112.79.40.2 - - [05/Mar/2012:01:36:37 -0800] "GET /POSM/zoomData.js HTTP/1.1" 200 1573 "http://yuvi.in/POSM/" "Mozilla/5.0 (Macintosh; Intel Mac OS X 10_7_3) AppleWebKit/535.11 (KHTML, like Gecko) Chrome/17.0.963.56 Safari/535.11"
112.79.40.2 - - [05/Mar/2012:01:36:37 -0800] "GET /POSM/style.css HTTP/1.1" 200 1349 "http://yuvi.in/POSM/" "Mozilla/5.0 (Macintosh; Intel Mac OS X 10_7_3) AppleWebKit/535.11 (KHTML, like Gecko) Chrome/17.0.963.56 Safari/535.11"
112.79.40.2 - - [05/Mar/2012:01:36:37 -0800] "GET /POSM/js/poi.js HTTP/1.1" 200 2031 "http://yuvi.in/POSM/" "Mozilla/5.0 (Macintosh; Intel Mac OS X 10_7_3) AppleWebKit/535.11 (KHTML, like Gecko) Chrome/17.0.963.56 Safari/535.11"
112.79.40.2 - - [05/Mar/2012:01:36:37 -0800] "GET /POSM/js/poimanager.js HTTP/1.1" 200 9309 "http://yuvi.in/POSM/" "Mozilla/5.0 (Macintosh; Intel Mac OS X 10_7_3) AppleWebKit/535.11 (KHTML, like Gecko) Chrome/17.0.963.56 Safari/535.11"
112.79.40.2 - - [05/Mar/2012:01:36:37 -0800] "GET /POSM/js/curpos.js HTTP/1.1" 200 1793 "http://yuvi.in/POSM/" "Mozilla/5.0 (Macintosh; Intel Mac OS X 10_7_3) AppleWebKit/535.11 (KHTML, like Gecko) Chrome/17.0.963.56 Safari/535.11"
112.79.40.2 - - [05/Mar/2012:01:36:37 -0800] "GET /POSM/js/changesets.js HTTP/1.1" 200 1207 "http://yuvi.in/POSM/" "Mozilla/5.0 (Macintosh; Intel Mac OS X 10_7_3) AppleWebKit/535.11 (KHTML, like Gecko) Chrome/17.0.963.56 Safari/535.11"
112.79.40.2 - - [05/Mar/2012:01:36:37 -0800] "GET /POSM/js/main.js HTTP/1.1" 200 8871 "http://yuvi.in/POSM/" "Mozilla/5.0 (Macintosh; Intel Mac OS X 10_7_3) AppleWebKit/535.11 (KHTML, like Gecko) Chrome/17.0.963.56 Safari/535.11"
112.79.40.2 - - [05/Mar/2012:01:36:40 -0800] "GET /POSM/lib/leaflet/leaflet-src.js HTTP/1.1" 200 133300 "http://yuvi.in/POSM/" "Mozilla/5.0 (Macintosh; Intel Mac OS X 10_7_3) AppleWebKit/535.11 (KHTML, like Gecko) Chrome/17.0.963.56 Safari/535.11"
121.96.61.130 - - [05/Mar/2012:01:36:41 -0800] "GET /blog/wp-content/themes/cleanr/css/reset.css HTTP/1.1" 200 648 "http://yuvi.in/blog/wp-content/themes/cleanr/style.css" "Mozilla/5.0 (Windows NT 5.1; rv:10.0.2) Gecko/20100101 Firefox/10.0.2"
112.79.40.2 - - [05/Mar/2012:01:36:42 -0800] "GET /POSM/lib/jquery.mobile-1.0.1.js HTTP/1.1" 200 221124 "http://yuvi.in/POSM/" "Mozilla/5.0 (Macintosh; Intel Mac OS X 10_7_3) AppleWebKit/535.11 (KHTML, like Gecko) Chrome/17.0.963.56 Safari/535.11"
112.79.40.2 - - [05/Mar/2012:01:36:43 -0800] "GET /POSM/img/preferences.png HTTP/1.1" 200 748 "http://yuvi.in/POSM/" "Mozilla/5.0 (Macintosh; Intel Mac OS X 10_7_3) AppleWebKit/535.11 (KHTML, like Gecko) Chrome/17.0.963.56 Safari/535.11"
112.79.40.2 - - [05/Mar/2012:01:36:43 -0800] "GET /POSM/img/refresh.png HTTP/1.1" 200 868 "http://yuvi.in/POSM/" "Mozilla/5.0 (Macintosh; Intel Mac OS X 10_7_3) AppleWebKit/535.11 (KHTML, like Gecko) Chrome/17.0.963.56 Safari/535.11"
112.79.40.2 - - [05/Mar/2012:01:36:43 -0800] "GET /POSM/img/back.png HTTP/1.1" 200 420 "http://yuvi.in/POSM/" "Mozilla/5.0 (Macintosh; Intel Mac OS X 10_7_3) AppleWebKit/535.11 (KHTML, like Gecko) Chrome/17.0.963.56 Safari/535.11"
112.79.40.2 - - [05/Mar/2012:01:36:43 -0800] "GET /POSM/img/mylocation.png HTTP/1.1" 200 803 "http://yuvi.in/POSM/" "Mozilla/5.0 (Macintosh; Intel Mac OS X 10_7_3) AppleWebKit/535.11 (KHTML, like Gecko) Chrome/17.0.963.56 Safari/535.11"
112.79.40.2 - - [05/Mar/2012:01:36:43 -0800] "GET /POSM/img/save.png HTTP/1.1" 404 199 "http://yuvi.in/POSM/" "Mozilla/5.0 (Macintosh; Intel Mac OS X 10_7_3) AppleWebKit/535.11 (KHTML, like Gecko) Chrome/17.0.963.56 Safari/535.11"
112.79.40.2 - - [05/Mar/2012:01:36:43 -0800] "GET /POSM/lib/images/ajax-loader.png HTTP/1.1" 200 366 "http://yuvi.in/POSM/" "Mozilla/5.0 (Macintosh; Intel Mac OS X 10_7_3) AppleWebKit/535.11 (KHTML, like Gecko) Chrome/17.0.963.56 Safari/535.11"
112.79.40.2 - - [05/Mar/2012:01:36:43 -0800] "GET /POSM/lib/leaflet/images/zoom-in.png HTTP/1.1" 200 963 "http://yuvi.in/POSM/" "Mozilla/5.0 (Macintosh; Intel Mac OS X 10_7_3) AppleWebKit/535.11 (KHTML, like Gecko) Chrome/17.0.963.56 Safari/535.11"
112.79.40.2 - - [05/Mar/2012:01:36:43 -0800] "GET /POSM/lib/leaflet/images/zoom-out.png HTTP/1.1" 200 959 "http://yuvi.in/POSM/" "Mozilla/5.0 (Macintosh; Intel Mac OS X 10_7_3) AppleWebKit/535.11 (KHTML, like Gecko) Chrome/17.0.963.56 Safari/535.11"
112.79.40.2 - - [05/Mar/2012:01:36:43 -0800] "GET /POSM/img/curpos.png HTTP/1.1" 200 1205 "http://yuvi.in/POSM/" "Mozilla/5.0 (Macintosh; Intel Mac OS X 10_7_3) AppleWebKit/535.11 (KHTML, like Gecko) Chrome/17.0.963.56 Safari/535.11"
112.79.40.2 - - [05/Mar/2012:01:36:47 -0800] "GET /favicon.ico HTTP/1.1" 404 199 "-" "Mozilla/5.0 (Macintosh; Intel Mac OS X 10_7_3) AppleWebKit/535.11 (KHTML, like Gecko) Chrome/17.0.963.56 Safari/535.11"
121.96.61.130 - - [05/Mar/2012:01:36:56 -0800] "GET /blog/wp-content/themes/cleanr/css/960.css HTTP/1.1" 200 3628 "http://yuvi.in/blog/wp-content/themes/cleanr/style.css" "Mozilla/5.0 (Windows NT 5.1; rv:10.0.2) Gecko/20100101 Firefox/10.0.2"
121.96.61.130 - - [05/Mar/2012:01:36:59 -0800] "GET /blog/wp-content/themes/cleanr/images/search_magnifier.gif HTTP/1.1" 200 394 "http://yuvi.in/blog/work-life-balance/" "Mozilla/5.0 (Windows NT 5.1; rv:10.0.2) Gecko/20100101 Firefox/10.0.2"
121.96.61.130 - - [05/Mar/2012:01:37:00 -0800] "GET /favicon.ico HTTP/1.1" 404 142 "-" "Mozilla/5.0 (Windows NT 5.1; rv:10.0.2) Gecko/20100101 Firefox/10.0.2"
121.96.61.130 - - [05/Mar/2012:01:37:00 -0800] "GET /blog/the-end-of-gsoc-2010/ HTTP/1.1" 499 0 "http://yuvi.in/blog/work-life-balance/" "Mozilla/5.0 (Windows NT 5.1; rv:10.0.2) Gecko/20100101 Firefox/10.0.2"
121.96.61.130 - - [05/Mar/2012:01:37:01 -0800] "-" 400 0 "-" "-"
121.96.61.130 - - [05/Mar/2012:01:37:02 -0800] "GET /blog/work-life-balance/?cf_action=sync_comments&post_id=81 HTTP/1.1" 200 48 "http://yuvi.in/blog/work-life-balance/" "Mozilla/5.0 (Windows NT 5.1; rv:10.0.2) Gecko/20100101 Firefox/10.0.2"
85.17.88.169 - - [05/Mar/2012:01:37:02 -0800] "POST /blog/wp-cron.php?doing_wp_cron=1330940189 HTTP/1.0" 499 0 "-" "WordPress/3.3.1; http://yuvi.in/blog"
85.17.88.169 - - [05/Mar/2012:01:37:16 -0800] "POST /blog/wp-cron.php?doing_wp_cron=1330940203 HTTP/1.0" 499 0 "-" "WordPress/3.3.1; http://yuvi.in/blog"
208.115.113.84 - - [05/Mar/2012:01:37:17 -0800] "GET /blog/2010-the-beginning-the-bicycle-ride-and-external-dependencies/trackback/ HTTP/1.1" 302 0 "-" "Mozilla/5.0 (compatible; Ezooms/1.0; ezooms.bot@gmail.com)"
85.17.88.169 - - [05/Mar/2012:01:37:23 -0800] "POST /blog/wp-cron.php?doing_wp_cron=1330940210 HTTP/1.0" 499 0 "-" "WordPress/3.3.1; http://yuvi.in/blog"
208.115.113.84 - - [05/Mar/2012:01:37:23 -0800] "GET /blog/six-years-of-blogging-and-eleven-years-of-coding/feed/ HTTP/1.1" 200 834 "-" "Mozilla/5.0 (compatible; Ezooms/1.0; ezooms.bot@gmail.com)"
85.17.88.169 - - [05/Mar/2012:01:37:25 -0800] "POST /blog/wp-cron.php?doing_wp_cron=1330940211 HTTP/1.0" 499 0 "-" "WordPress/3.3.1; http://yuvi.in/blog"
122.167.171.1 - - [05/Mar/2012:01:37:25 -0800] "GET /blog/program/ HTTP/1.1" 200 7276 "-" "Mozilla/5.0 (X11; Linux i686) AppleWebKit/535.11 (KHTML, like Gecko) Ubuntu/11.10 Chromium/17.0.963.56 Chrome/17.0.963.56 Safari/535.11"
122.167.171.1 - - [05/Mar/2012:01:37:26 -0800] "GET /blog/wp-content/themes/cleanr/style.css HTTP/1.1" 200 10508 "http://yuvi.in/blog/program/" "Mozilla/5.0 (X11; Linux i686) AppleWebKit/535.11 (KHTML, like Gecko) Ubuntu/11.10 Chromium/17.0.963.56 Chrome/17.0.963.56 Safari/535.11"
122.167.171.1 - - [05/Mar/2012:01:37:26 -0800] "GET /blog/wp-content/themes/cleanr/js/jquery.dropdown.js?ver=3.3.1 HTTP/1.1" 200 535 "http://yuvi.in/blog/program/" "Mozilla/5.0 (X11; Linux i686) AppleWebKit/535.11 (KHTML, like Gecko) Ubuntu/11.10 Chromium/17.0.963.56 Chrome/17.0.963.56 Safari/535.11"
122.167.171.1 - - [05/Mar/2012:01:37:26 -0800] "GET /blog/wp-content/themes/cleanr/css/reset.css HTTP/1.1" 200 648 "http://yuvi.in/blog/program/" "Mozilla/5.0 (X11; Linux i686) AppleWebKit/535.11 (KHTML, like Gecko) Ubuntu/11.10 Chromium/17.0.963.56 Chrome/17.0.963.56 Safari/535.11"
122.167.171.1 - - [05/Mar/2012:01:37:26 -0800] "GET /blog/wp-content/themes/cleanr/css/960.css HTTP/1.1" 200 3628 "http://yuvi.in/blog/program/" "Mozilla/5.0 (X11; Linux i686) AppleWebKit/535.11 (KHTML, like Gecko) Ubuntu/11.10 Chromium/17.0.963.56 Chrome/17.0.963.56 Safari/535.11"
122.167.171.1 - - [05/Mar/2012:01:37:26 -0800] "GET /blog/wp-content/themes/cleanr/css/text.css HTTP/1.1" 200 420 "http://yuvi.in/blog/program/" "Mozilla/5.0 (X11; Linux i686) AppleWebKit/535.11 (KHTML, like Gecko) Ubuntu/11.10 Chromium/17.0.963.56 Chrome/17.0.963.56 Safari/535.11"
122.167.171.1 - - [05/Mar/2012:01:37:27 -0800] "GET /blog/wp-includes/js/jquery/jquery.js?ver=1.7.1 HTTP/1.1" 200 93889 "http://yuvi.in/blog/program/" "Mozilla/5.0 (X11; Linux i686) AppleWebKit/535.11 (KHTML, like Gecko) Ubuntu/11.10 Chromium/17.0.963.56 Chrome/17.0.963.56 Safari/535.11"
208.115.113.84 - - [05/Mar/2012:01:37:28 -0800] "GET /blog/tag/gsoc.html HTTP/1.1" 200 41469 "-" "Mozilla/5.0 (compatible; Ezooms/1.0; ezooms.bot@gmail.com)"
122.167.171.1 - - [05/Mar/2012:01:37:28 -0800] "GET /blog/wp-content/themes/cleanr/images/search_magnifier.gif HTTP/1.1" 200 394 "http://yuvi.in/blog/program/" "Mozilla/5.0 (X11; Linux i686) AppleWebKit/535.11 (KHTML, like Gecko) Ubuntu/11.10 Chromium/17.0.963.56 Chrome/17.0.963.56 Safari/535.11"
122.167.171.1 - - [05/Mar/2012:01:37:29 -0800] "GET /favicon.ico HTTP/1.1" 404 199 "-" "Mozilla/5.0 (X11; Linux i686) AppleWebKit/535.11 (KHTML, like Gecko) Ubuntu/11.10 Chromium/17.0.963.56 Chrome/17.0.963.56 Safari/535.11"
122.167.171.1 - - [05/Mar/2012:01:37:30 -0800] "GET /favicon.ico HTTP/1.1" 404 199 "-" "Mozilla/5.0 (X11; Linux i686) AppleWebKit/535.11 (KHTML, like Gecko) Ubuntu/11.10 Chromium/17.0.963.56 Chrome/17.0.963.56 Safari/535.11"
208.115.113.84 - - [05/Mar/2012:01:37:30 -0800] "GET /stories/treat-of-a-lifetime.html HTTP/1.1" 200 6394 "-" "Mozilla/5.0 (compatible; Ezooms/1.0; ezooms.bot@gmail.com)"
122.167.171.1 - - [05/Mar/2012:01:37:30 -0800] "GET /favicon.ico HTTP/1.1" 404 199 "-" "Mozilla/5.0 (X11; Linux i686) AppleWebKit/535.11 (KHTML, like Gecko) Ubuntu/11.10 Chromium/17.0.963.56 Chrome/17.0.963.56 Safari/535.11"
122.167.171.1 - - [05/Mar/2012:01:37:30 -0800] "GET /favicon.ico HTTP/1.1" 404 199 "-" "Mozilla/5.0 (X11; Linux i686) AppleWebKit/535.11 (KHTML, like Gecko) Ubuntu/11.10 Chromium/17.0.963.56 Chrome/17.0.963.56 Safari/535.11"
122.167.171.1 - - [05/Mar/2012:01:37:31 -0800] "GET /favicon.ico HTTP/1.1" 404 199 "-" "Mozilla/5.0 (X11; Linux i686) AppleWebKit/535.11 (KHTML, like Gecko) Ubuntu/11.10 Chromium/17.0.963.56 Chrome/17.0.963.56 Safari/535.11"
85.17.88.169 - - [05/Mar/2012:01:37:32 -0800] "POST /blog/wp-cron.php?doing_wp_cron=1330940219 HTTP/1.0" 499 0 "-" "WordPress/3.3.1; http://yuvi.in/blog"
122.167.171.1 - - [05/Mar/2012:01:37:32 -0800] "GET /blog/program/?cf_action=sync_comments&post_id=381 HTTP/1.1" 200 48 "http://yuvi.in/blog/program/" "Mozilla/5.0 (X11; Linux i686) AppleWebKit/535.11 (KHTML, like Gecko) Ubuntu/11.10 Chromium/17.0.963.56 Chrome/17.0.963.56 Safari/535.11"
121.96.61.130 - - [05/Mar/2012:01:38:40 -0800] "GET /blog/work-life-balance/ HTTP/1.1" 499 0 "-" "Mozilla/5.0 (Windows NT 5.1; rv:10.0.2) Gecko/20100101 Firefox/10.0.2"
121.96.61.130 - - [05/Mar/2012:01:38:42 -0800] "GET /blog/work-life-balance/ HTTP/1.1" 200 5945 "-" "Mozilla/5.0 (Windows NT 5.1; rv:10.0.2) Gecko/20100101 Firefox/10.0.2"
121.96.61.130 - - [05/Mar/2012:01:38:43 -0800] "GET /blog/wp-content/themes/cleanr/css/text.css HTTP/1.1" 200 420 "http://yuvi.in/blog/wp-content/themes/cleanr/style.css" "Mozilla/5.0 (Windows NT 5.1; rv:10.0.2) Gecko/20100101 Firefox/10.0.2"
121.96.61.130 - - [05/Mar/2012:01:38:43 -0800] "GET /blog/wp-content/themes/cleanr/js/jquery.dropdown.js?ver=3.3.1 HTTP/1.1" 304 0 "http://yuvi.in/blog/work-life-balance/" "Mozilla/5.0 (Windows NT 5.1; rv:10.0.2) Gecko/20100101 Firefox/10.0.2"
121.96.61.130 - - [05/Mar/2012:01:38:45 -0800] "GET /blog/wp-includes/js/jquery/jquery.js?ver=1.7.1 HTTP/1.1" 200 93889 "http://yuvi.in/blog/work-life-balance/" "Mozilla/5.0 (Windows NT 5.1; rv:10.0.2) Gecko/20100101 Firefox/10.0.2"
121.96.61.130 - - [05/Mar/2012:01:38:47 -0800] "-" 400 0 "-" "-"
85.17.88.169 - - [05/Mar/2012:01:38:49 -0800] "POST /blog/wp-cron.php?doing_wp_cron=1330940296 HTTP/1.0" 499 0 "-" "WordPress/3.3.1; http://yuvi.in/blog"
121.96.61.130 - - [05/Mar/2012:01:38:49 -0800] "GET /blog/work-life-balance/?cf_action=sync_comments&post_id=81 HTTP/1.1" 200 48 "http://yuvi.in/blog/work-life-balance/" "Mozilla/5.0 (Windows NT 5.1; rv:10.0.2) Gecko/20100101 Firefox/10.0.2"
121.96.61.130 - - [05/Mar/2012:01:39:09 -0800] "GET /blog/the-end-of-gsoc-2010/ HTTP/1.1" 200 4499 "http://yuvi.in/blog/work-life-balance/" "Mozilla/5.0 (Windows NT 5.1; rv:10.0.2) Gecko/20100101 Firefox/10.0.2"
121.96.61.130 - - [05/Mar/2012:01:39:09 -0800] "GET / HTTP/1.1" 200 1430 "-" "Mozilla/5.0 (Windows NT 5.1; rv:10.0.2) Gecko/20100101 Firefox/10.0.2"
121.96.61.130 - - [05/Mar/2012:01:39:09 -0800] "GET /blueprint/screen.css HTTP/1.1" 200 12058 "http://yuvi.in/" "Mozilla/5.0 (Windows NT 5.1; rv:10.0.2) Gecko/20100101 Firefox/10.0.2"
121.96.61.130 - - [05/Mar/2012:01:39:09 -0800] "GET /blueprint/print.css HTTP/1.1" 200 1284 "http://yuvi.in/" "Mozilla/5.0 (Windows NT 5.1; rv:10.0.2) Gecko/20100101 Firefox/10.0.2"
121.96.61.130 - - [05/Mar/2012:01:39:09 -0800] "GET /header.png HTTP/1.1" 200 14249 "http://yuvi.in/" "Mozilla/5.0 (Windows NT 5.1; rv:10.0.2) Gecko/20100101 Firefox/10.0.2"
121.96.61.130 - - [05/Mar/2012:01:39:14 -0800] "-" 400 0 "-" "-"
220.181.108.77 - - [05/Mar/2012:01:40:58 -0800] "GET / HTTP/1.1" 200 3439 "-" "Mozilla/5.0 (compatible; Baiduspider/2.0; +http://www.baidu.com/search/spider.html)"
123.125.71.25 - - [05/Mar/2012:01:42:16 -0800] "GET / HTTP/1.1" 200 3439 "-" "Mozilla/5.0 (compatible; Baiduspider/2.0; +http://www.baidu.com/search/spider.html)"
117.204.31.237 - - [05/Mar/2012:01:42:22 -0800] "GET /r/272 HTTP/1.1" 301 255 "-" "Mozilla/5.0 (Windows NT 5.1; rv:10.0.2) Gecko/20100101 Firefox/10.0.2"
117.204.31.237 - - [05/Mar/2012:01:42:22 -0800] "GET /s/ta/272/ HTTP/1.1" 302 403 "-" "Mozilla/5.0 (Windows NT 5.1; rv:10.0.2) Gecko/20100101 Firefox/10.0.2"
117.204.31.237 - - [05/Mar/2012:01:42:26 -0800] "-" 400 0 "-" "-"
117.204.31.237 - - [05/Mar/2012:01:42:34 -0800] "GET /s/ta/272/ HTTP/1.1" 302 403 "-" "Mozilla/5.0 (Windows NT 5.1; rv:10.0.2) Gecko/20100101 Firefox/10.0.2"
85.17.88.169 - - [05/Mar/2012:01:42:57 -0800] "POST /blog/wp-cron.php?doing_wp_cron=1330940544 HTTP/1.0" 499 0 "-" "WordPress/3.3.1; http://yuvi.in/blog"
72.14.199.121 - - [05/Mar/2012:01:42:58 -0800] "GET /blog/feed HTTP/1.1" 301 0 "-" "Feedfetcher-Google; (+http://www.google.com/feedfetcher.html; 3 subscribers; feed-id=17684830852112633560)"
207.46.12.73 - - [05/Mar/2012:01:42:59 -0800] "-" 400 0 "-" "-"
207.46.12.73 - - [05/Mar/2012:01:42:59 -0800] "-" 400 0 "-" "-"
207.46.12.73 - - [05/Mar/2012:01:42:59 -0800] "-" 400 0 "-" "-"
207.46.12.73 - - [05/Mar/2012:01:42:59 -0800] "-" 400 0 "-" "-"
207.46.12.73 - - [05/Mar/2012:01:42:59 -0800] "-" 400 0 "-" "-"
207.46.12.73 - - [05/Mar/2012:01:42:59 -0800] "-" 400 0 "-" "-"
207.46.12.73 - - [05/Mar/2012:01:42:59 -0800] "-" 400 0 "-" "-"
207.46.12.73 - - [05/Mar/2012:01:42:59 -0800] "-" 400 0 "-" "-"
207.46.12.73 - - [05/Mar/2012:01:42:59 -0800] "-" 400 0 "-" "-"
85.17.88.169 - - [05/Mar/2012:01:43:00 -0800] "POST /blog/wp-cron.php?doing_wp_cron=1330940546 HTTP/1.0" 499 0 "-" "WordPress/3.3.1; http://yuvi.in/blog"
72.14.199.121 - - [05/Mar/2012:01:43:00 -0800] "GET /blog/feed/ HTTP/1.1" 304 0 "-" "Feedfetcher-Google; (+http://www.google.com/feedfetcher.html; 3 subscribers; feed-id=17684830852112633560)"
207.46.12.74 - - [05/Mar/2012:01:44:01 -0800] "-" 400 0 "-" "-"
207.46.12.74 - - [05/Mar/2012:01:44:01 -0800] "-" 400 0 "-" "-"
207.46.12.74 - - [05/Mar/2012:01:44:01 -0800] "-" 400 0 "-" "-"
207.46.12.74 - - [05/Mar/2012:01:44:01 -0800] "-" 400 0 "-" "-"
207.46.12.74 - - [05/Mar/2012:01:44:01 -0800] "-" 400 0 "-" "-"
207.46.12.74 - - [05/Mar/2012:01:44:01 -0800] "-" 400 0 "-" "-"
207.46.12.74 - - [05/Mar/2012:01:44:02 -0800] "-" 400 0 "-" "-"
207.46.12.74 - - [05/Mar/2012:01:44:02 -0800] "-" 400 0 "-" "-"
207.46.12.74 - - [05/Mar/2012:01:44:02 -0800] "-" 400 0 "-" "-"
207.46.12.74 - - [05/Mar/2012:01:44:32 -0800] "-" 400 0 "-" "-"
207.46.12.74 - - [05/Mar/2012:01:44:32 -0800] "-" 400 0 "-" "-"
112.79.40.2 - - [05/Mar/2012:01:44:32 -0800] "GET /favicon.ico HTTP/1.1" 404 199 "-" "Mozilla/5.0 (Macintosh; Intel Mac OS X 10_7_3) AppleWebKit/535.11 (KHTML, like Gecko) Chrome/17.0.963.56 Safari/535.11"
112.79.40.2 - - [05/Mar/2012:01:44:33 -0800] "GET /favicon.ico HTTP/1.1" 404 199 "-" "Mozilla/5.0 (Macintosh; Intel Mac OS X 10_7_3) AppleWebKit/535.11 (KHTML, like Gecko) Chrome/17.0.963.56 Safari/535.11"
213.186.127.13 - - [05/Mar/2012:01:45:21 -0800] "GET /r/w1t HTTP/1.1" 301 255 "-" "Mozilla/5.0 (compatible; AhrefsBot/2.0; +http://ahrefs.com/robot/)"
59.92.44.73 - - [05/Mar/2012:01:45:32 -0800] "-" 400 0 "-" "-"
157.55.16.56 - - [05/Mar/2012:01:45:50 -0800] "GET /robots.txt HTTP/1.1" 404 169 "-" "Mozilla/5.0 (compatible; bingbot/2.0; +http://www.bing.com/bingbot.htm)"
85.17.88.169 - - [05/Mar/2012:01:46:49 -0800] "POST /blog/wp-cron.php?doing_wp_cron=1330940775 HTTP/1.0" 499 0 "-" "WordPress/3.3.1; http://yuvi.in/blog"
157.55.16.56 - - [05/Mar/2012:01:46:49 -0800] "GET /blog/infosys-tcs-or-wipro-none/ HTTP/1.1" 200 7765 "-" "Mozilla/5.0 (compatible; bingbot/2.0; +http://www.bing.com/bingbot.htm)"
115.160.224.34 - - [05/Mar/2012:01:47:35 -0800] "GET /favicon.ico HTTP/1.1" 404 199 "-" "Mozilla/5.0 (Windows NT 5.1) AppleWebKit/535.11 (KHTML, like Gecko) Chrome/17.0.963.56 Safari/535.11"
115.160.224.34 - - [05/Mar/2012:01:47:36 -0800] "GET /favicon.ico HTTP/1.1" 404 199 "-" "Mozilla/5.0 (Windows NT 5.1) AppleWebKit/535.11 (KHTML, like Gecko) Chrome/17.0.963.56 Safari/535.11"
115.160.224.34 - - [05/Mar/2012:01:47:37 -0800] "GET /favicon.ico HTTP/1.1" 404 199 "-" "Mozilla/5.0 (Windows NT 5.1) AppleWebKit/535.11 (KHTML, like Gecko) Chrome/17.0.963.56 Safari/535.11"
115.160.224.34 - - [05/Mar/2012:01:47:37 -0800] "GET /favicon.ico HTTP/1.1" 404 199 "-" "Mozilla/5.0 (Windows NT 5.1) AppleWebKit/535.11 (KHTML, like Gecko) Chrome/17.0.963.56 Safari/535.11"
59.92.44.73 - - [05/Mar/2012:01:50:01 -0800] "-" 400 0 "-" "-"
59.92.44.73 - - [05/Mar/2012:01:50:01 -0800] "-" 400 0 "-" "-"
218.248.24.65 - - [05/Mar/2012:01:52:25 -0800] "GET /r/e7c HTTP/1.1" 301 255 "http://ta.wikipedia.org/wiki/%E0%AE%AA%E0%AE%95%E0%AF%81%E0%AE%AA%E0%AF%8D%E0%AE%AA%E0%AF%81:%E0%AE%A4%E0%AF%8A%E0%AE%B4%E0%AE%BF%E0%AE%B2%E0%AF%8D%E0%AE%A8%E0%AF%81%E0%AE%9F%E0%AF%8D%E0%AE%AA_%E0%AE%B5%E0%AE%B0%E0%AF%88%E0%AE%AA%E0%AE%9F%E0%AE%99%E0%AF%8D%E0%AE%95%E0%AE%B3%E0%AF%8D" "Mozilla/4.0 (compatible; MSIE 8.0; Windows NT 6.1; Trident/4.0; GTB7.2; SLCC2; .NET CLR 2.0.50727; .NET CLR 3.5.30729; .NET CLR 3.0.30729; Media Center PC 6.0; .NET4.0C; InfoPath.2; AskTbMPC2/5.12.2.16749; FDM)"
218.248.24.65 - - [05/Mar/2012:01:52:26 -0800] "GET /r/e7c HTTP/1.1" 301 255 "http://ta.wikipedia.org/wiki/%E0%AE%AA%E0%AE%95%E0%AF%81%E0%AE%AA%E0%AF%8D%E0%AE%AA%E0%AF%81:%E0%AE%A4%E0%AF%8A%E0%AE%B4%E0%AE%BF%E0%AE%B2%E0%AF%8D%E0%AE%A8%E0%AF%81%E0%AE%9F%E0%AF%8D%E0%AE%AA_%E0%AE%B5%E0%AE%B0%E0%AF%88%E0%AE%AA%E0%AE%9F%E0%AE%99%E0%AF%8D%E0%AE%95%E0%AE%B3%E0%AF%8D" "Mozilla/4.0 (compatible; MSIE 8.0; Windows NT 6.1; Trident/4.0; GTB7.2; SLCC2; .NET CLR 2.0.50727; .NET CLR 3.5.30729; .NET CLR 3.0.30729; Media Center PC 6.0; .NET4.0C; InfoPath.2; AskTbMPC2/5.12.2.16749; FDM)"
218.248.24.65 - - [05/Mar/2012:01:52:26 -0800] "GET /s/ta/e7c/ HTTP/1.1" 302 607 "http://ta.wikipedia.org/wiki/%E0%AE%AA%E0%AE%95%E0%AF%81%E0%AE%AA%E0%AF%8D%E0%AE%AA%E0%AF%81:%E0%AE%A4%E0%AF%8A%E0%AE%B4%E0%AE%BF%E0%AE%B2%E0%AF%8D%E0%AE%A8%E0%AF%81%E0%AE%9F%E0%AF%8D%E0%AE%AA_%E0%AE%B5%E0%AE%B0%E0%AF%88%E0%AE%AA%E0%AE%9F%E0%AE%99%E0%AF%8D%E0%AE%95%E0%AE%B3%E0%AF%8D" "Mozilla/4.0 (compatible; MSIE 8.0; Windows NT 6.1; Trident/4.0; GTB7.2; SLCC2; .NET CLR 2.0.50727; .NET CLR 3.5.30729; .NET CLR 3.0.30729; Media Center PC 6.0; .NET4.0C; InfoPath.2; AskTbMPC2/5.12.2.16749; FDM)"
85.17.88.169 - - [05/Mar/2012:01:53:20 -0800] "POST /blog/wp-cron.php?doing_wp_cron=1330941167 HTTP/1.0" 499 0 "-" "WordPress/3.3.1; http://yuvi.in/blog"
72.14.199.121 - - [05/Mar/2012:01:53:20 -0800] "GET /blog/feed/ HTTP/1.1" 304 0 "-" "Feedfetcher-Google; (+http://www.google.com/feedfetcher.html; 18 subscribers; feed-id=15064232456473204253)"
122.165.49.24 - - [05/Mar/2012:01:53:53 -0800] "-" 400 0 "-" "-"
122.165.49.24 - - [05/Mar/2012:01:53:53 -0800] "-" 400 0 "-" "-"
122.165.49.24 - - [05/Mar/2012:01:53:53 -0800] "-" 400 0 "-" "-"
122.165.49.24 - - [05/Mar/2012:01:53:53 -0800] "-" 400 0 "-" "-"
122.165.49.24 - - [05/Mar/2012:01:53:53 -0800] "-" 400 0 "-" "-"
157.55.112.207 - - [05/Mar/2012:01:54:00 -0800] "-" 400 0 "-" "-"
157.55.112.207 - - [05/Mar/2012:01:54:00 -0800] "-" 400 0 "-" "-"
157.55.112.207 - - [05/Mar/2012:01:54:00 -0800] "-" 400 0 "-" "-"
157.55.112.207 - - [05/Mar/2012:01:54:00 -0800] "-" 400 0 "-" "-"
157.55.112.207 - - [05/Mar/2012:01:54:00 -0800] "-" 400 0 "-" "-"
157.55.112.207 - - [05/Mar/2012:01:54:00 -0800] "-" 400 0 "-" "-"
157.55.112.207 - - [05/Mar/2012:01:54:00 -0800] "-" 400 0 "-" "-"
157.55.112.207 - - [05/Mar/2012:01:54:00 -0800] "-" 400 0 "-" "-"
85.17.88.169 - - [05/Mar/2012:01:54:53 -0800] "POST /blog/wp-cron.php?doing_wp_cron=1330941260 HTTP/1.0" 499 0 "-" "WordPress/3.3.1; http://yuvi.in/blog"
63.223.125.207 - - [05/Mar/2012:01:54:54 -0800] "GET /blog/feed/atom/ HTTP/1.1" 304 0 "-" "Mozilla/5.0 (Windows; U; MSIE 9.0; Windows NT 9.0; en-US)"
157.55.112.201 - - [05/Mar/2012:01:56:23 -0800] "-" 400 0 "-" "-"
157.55.112.201 - - [05/Mar/2012:01:56:25 -0800] "-" 400 0 "-" "-"
157.55.112.201 - - [05/Mar/2012:01:56:26 -0800] "-" 400 0 "-" "-"
157.55.112.201 - - [05/Mar/2012:01:56:26 -0800] "-" 400 0 "-" "-"
157.55.112.201 - - [05/Mar/2012:01:56:26 -0800] "-" 400 0 "-" "-"
157.55.112.201 - - [05/Mar/2012:01:56:26 -0800] "-" 400 0 "-" "-"
157.55.112.201 - - [05/Mar/2012:01:56:27 -0800] "-" 400 0 "-" "-"
157.55.112.201 - - [05/Mar/2012:01:56:27 -0800] "-" 400 0 "-" "-"
157.55.112.201 - - [05/Mar/2012:01:56:27 -0800] "-" 400 0 "-" "-"
157.55.112.201 - - [05/Mar/2012:01:56:27 -0800] "-" 400 0 "-" "-"
58.68.70.126 - - [05/Mar/2012:01:57:38 -0800] "GET /blog/wp-content/themes/cleanr/js/jquery.dropdown.js?ver=3.3.1 HTTP/1.1" 200 535 "http://yuvi.in/blog/" "Mozilla/5.0 (Macintosh; U; Intel Mac OS X 10_6_4; en-us) AppleWebKit/533.18.1 (KHTML, like Gecko) Version/5.0.2 Safari/533.18.5"
58.68.70.126 - - [05/Mar/2012:01:57:39 -0800] "GET /blog/ HTTP/1.1" 200 13760 "-" "Mozilla/5.0 (Macintosh; U; Intel Mac OS X 10_6_4; en-us) AppleWebKit/533.18.1 (KHTML, like Gecko) Version/5.0.2 Safari/533.18.5"
58.68.70.126 - - [05/Mar/2012:01:57:40 -0800] "GET /blog/wp-includes/js/jquery/jquery.js?ver=1.7.1 HTTP/1.1" 200 93889 "http://yuvi.in/blog/" "Mozilla/5.0 (Macintosh; U; Intel Mac OS X 10_6_4; en-us) AppleWebKit/533.18.1 (KHTML, like Gecko) Version/5.0.2 Safari/533.18.5"
58.68.70.126 - - [05/Mar/2012:01:57:41 -0800] "GET /blog/wp-content/themes/cleanr/style.css HTTP/1.1" 200 10508 "http://yuvi.in/blog/" "Mozilla/5.0 (Macintosh; U; Intel Mac OS X 10_6_4; en-us) AppleWebKit/533.18.1 (KHTML, like Gecko) Version/5.0.2 Safari/533.18.5"
58.68.70.126 - - [05/Mar/2012:01:57:42 -0800] "GET /blog/wp-content/themes/cleanr/css/text.css HTTP/1.1" 200 420 "http://yuvi.in/blog/" "Mozilla/5.0 (Macintosh; U; Intel Mac OS X 10_6_4; en-us) AppleWebKit/533.18.1 (KHTML, like Gecko) Version/5.0.2 Safari/533.18.5"
