85.17.88.169 - - [05/Apr/2012:06:25:14 -0700] "POST /blog/wp-cron.php?doing_wp_cron=1333632032 HTTP/1.0" 499 0 "-" "WordPress/3.3.1; http://yuvi.in/blog"
95.108.147.182 - - [05/Apr/2012:06:25:15 -0700] "GET /blog/devlog-december-7-2011/feed/ HTTP/1.1" 200 757 "-" "Mozilla/5.0 (compatible; YandexBlogs/0.99; robot; C; +http://yandex.com/bots)"
85.17.88.169 - - [05/Apr/2012:06:25:17 -0700] "POST /blog/wp-cron.php?doing_wp_cron=1333632035 HTTP/1.0" 499 0 "-" "WordPress/3.3.1; http://yuvi.in/blog"
95.108.147.182 - - [05/Apr/2012:06:25:17 -0700] "GET /blog/devlog-december-10-2011/feed/ HTTP/1.1" 200 760 "-" "Mozilla/5.0 (compatible; YandexBlogs/0.99; robot; C; +http://yandex.com/bots)"
85.17.88.169 - - [05/Apr/2012:06:25:19 -0700] "POST /blog/wp-cron.php?doing_wp_cron=1333632038 HTTP/1.0" 499 0 "-" "WordPress/3.3.1; http://yuvi.in/blog"
95.108.147.182 - - [05/Apr/2012:06:25:20 -0700] "GET /blog/devlog-december-11-2011/feed/ HTTP/1.1" 200 761 "-" "Mozilla/5.0 (compatible; YandexBlogs/0.99; robot; C; +http://yandex.com/bots)"
85.17.88.169 - - [05/Apr/2012:06:25:22 -0700] "POST /blog/wp-cron.php?doing_wp_cron=1333632040 HTTP/1.0" 499 0 "-" "WordPress/3.3.1; http://yuvi.in/blog"
95.108.147.182 - - [05/Apr/2012:06:25:23 -0700] "GET /blog/devlog-december-21-2011/feed/ HTTP/1.1" 200 760 "-" "Mozilla/5.0 (compatible; YandexBlogs/0.99; robot; C; +http://yandex.com/bots)"
85.17.88.169 - - [05/Apr/2012:06:25:25 -0700] "POST /blog/wp-cron.php?doing_wp_cron=1333632043 HTTP/1.0" 499 0 "-" "WordPress/3.3.1; http://yuvi.in/blog"
95.108.147.182 - - [05/Apr/2012:06:25:25 -0700] "GET /blog/devlog-december-23-2011/feed/ HTTP/1.1" 200 761 "-" "Mozilla/5.0 (compatible; YandexBlogs/0.99; robot; C; +http://yandex.com/bots)"
85.17.88.169 - - [05/Apr/2012:06:25:27 -0700] "POST /blog/wp-cron.php?doing_wp_cron=1333632046 HTTP/1.0" 499 0 "-" "WordPress/3.3.1; http://yuvi.in/blog"
95.108.147.182 - - [05/Apr/2012:06:25:28 -0700] "GET /blog/devlog-december-26-2011/feed/ HTTP/1.1" 200 783 "-" "Mozilla/5.0 (compatible; YandexBlogs/0.99; robot; C; +http://yandex.com/bots)"
85.17.88.169 - - [05/Apr/2012:06:25:30 -0700] "POST /blog/wp-cron.php?doing_wp_cron=1333632048 HTTP/1.0" 499 0 "-" "WordPress/3.3.1; http://yuvi.in/blog"
95.108.147.182 - - [05/Apr/2012:06:25:31 -0700] "GET /blog/program/feed/ HTTP/1.1" 200 8307 "-" "Mozilla/5.0 (compatible; YandexBlogs/0.99; robot; C; +http://yandex.com/bots)"
85.17.88.169 - - [05/Apr/2012:06:25:33 -0700] "POST /blog/wp-cron.php?doing_wp_cron=1333632051 HTTP/1.0" 499 0 "-" "WordPress/3.3.1; http://yuvi.in/blog"
95.108.147.182 - - [05/Apr/2012:06:25:34 -0700] "GET /blog/passing-headers-proxying-nginx/feed/ HTTP/1.1" 200 797 "-" "Mozilla/5.0 (compatible; YandexBlogs/0.99; robot; C; +http://yandex.com/bots)"
85.17.88.169 - - [05/Apr/2012:06:25:36 -0700] "POST /blog/wp-cron.php?doing_wp_cron=1333632054 HTTP/1.0" 499 0 "-" "WordPress/3.3.1; http://yuvi.in/blog"
95.108.147.182 - - [05/Apr/2012:06:25:36 -0700] "GET /blog/college-drop/feed/ HTTP/1.1" 200 2565 "-" "Mozilla/5.0 (compatible; YandexBlogs/0.99; robot; C; +http://yandex.com/bots)"
95.211.139.1 - - [05/Apr/2012:06:25:37 -0700] "GET / HTTP/1.0" 200 3439 "-" "OpenAcoon v4.10.5 (www.openacoon.de)"
85.17.88.169 - - [05/Apr/2012:06:25:39 -0700] "POST /blog/wp-cron.php?doing_wp_cron=1333632057 HTTP/1.0" 499 0 "-" "WordPress/3.3.1; http://yuvi.in/blog"
95.108.147.182 - - [05/Apr/2012:06:25:39 -0700] "GET /blog/my-vimrc/feed/ HTTP/1.1" 200 715 "-" "Mozilla/5.0 (compatible; YandexBlogs/0.99; robot; C; +http://yandex.com/bots)"
207.46.204.212 - - [05/Apr/2012:06:26:19 -0700] "-" 400 0 "-" "-"
207.46.204.212 - - [05/Apr/2012:06:26:20 -0700] "-" 400 0 "-" "-"
207.46.204.212 - - [05/Apr/2012:06:26:20 -0700] "-" 400 0 "-" "-"
207.46.204.212 - - [05/Apr/2012:06:26:20 -0700] "-" 400 0 "-" "-"
207.46.204.212 - - [05/Apr/2012:06:26:21 -0700] "-" 400 0 "-" "-"
207.46.204.212 - - [05/Apr/2012:06:26:21 -0700] "-" 400 0 "-" "-"
207.46.204.212 - - [05/Apr/2012:06:26:21 -0700] "-" 400 0 "-" "-"
207.46.204.212 - - [05/Apr/2012:06:26:21 -0700] "-" 400 0 "-" "-"
122.164.199.56 - - [05/Apr/2012:06:27:05 -0700] "-" 400 0 "-" "-"
207.46.204.165 - - [05/Apr/2012:06:29:01 -0700] "-" 400 0 "-" "-"
207.46.204.165 - - [05/Apr/2012:06:29:01 -0700] "-" 400 0 "-" "-"
207.46.204.165 - - [05/Apr/2012:06:29:01 -0700] "-" 400 0 "-" "-"
207.46.204.165 - - [05/Apr/2012:06:29:03 -0700] "-" 400 0 "-" "-"
207.46.204.165 - - [05/Apr/2012:06:29:04 -0700] "-" 400 0 "-" "-"
207.46.204.165 - - [05/Apr/2012:06:29:04 -0700] "-" 400 0 "-" "-"
207.46.204.165 - - [05/Apr/2012:06:29:04 -0700] "-" 400 0 "-" "-"
207.46.204.165 - - [05/Apr/2012:06:29:06 -0700] "-" 400 0 "-" "-"
207.46.204.165 - - [05/Apr/2012:06:29:06 -0700] "-" 400 0 "-" "-"
207.46.204.165 - - [05/Apr/2012:06:29:07 -0700] "-" 400 0 "-" "-"
207.46.204.165 - - [05/Apr/2012:06:29:07 -0700] "-" 400 0 "-" "-"
207.46.204.165 - - [05/Apr/2012:06:29:07 -0700] "-" 400 0 "-" "-"
203.91.201.54 - - [05/Apr/2012:06:30:44 -0700] "GET /r/1b7y HTTP/1.1" 301 257 "http://ta.wikipedia.org/wiki/%E0%AE%AE%E0%AF%81%E0%AE%95%E0%AF%8D%E0%AE%95%E0%AE%A9%E0%AE%BF%E0%AE%95%E0%AE%B3%E0%AF%8D" "Mozilla/4.0 (compatible; MSIE 7.0; Windows NT 5.1; .NET CLR 2.0.50727; .NET CLR 3.0.4506.2152; .NET CLR 3.5.30729; MS-RTC LM 8; InfoPath.2)"
203.91.201.54 - - [05/Apr/2012:06:30:45 -0700] "GET /s/ta/1b7y/ HTTP/1.1" 302 385 "http://ta.wikipedia.org/wiki/%E0%AE%AE%E0%AF%81%E0%AE%95%E0%AF%8D%E0%AE%95%E0%AE%A9%E0%AE%BF%E0%AE%95%E0%AE%B3%E0%AF%8D" "Mozilla/4.0 (compatible; MSIE 7.0; Windows NT 5.1; .NET CLR 2.0.50727; .NET CLR 3.0.4506.2152; .NET CLR 3.5.30729; MS-RTC LM 8; InfoPath.2)"
223.231.174.241 - - [05/Apr/2012:06:30:46 -0700] "-" 400 0 "-" "-"
223.231.174.241 - - [05/Apr/2012:06:30:46 -0700] "-" 400 0 "-" "-"
209.85.224.95 - - [05/Apr/2012:06:31:27 -0700] "GET /blog/feed HTTP/1.1" 304 0 "-" "FeedBurner/1.0 (http://www.FeedBurner.com)"
184.191.224.10 - - [05/Apr/2012:06:32:59 -0700] "GET / HTTP/1.1" 200 1430 "-" "Caffeinated/1.1.1 CFNetwork/520.3.2 Darwin/11.3.0 (x86_64) (MacBookPro8%2C1)"
184.191.224.10 - - [05/Apr/2012:06:32:59 -0700] "GET /favicon.ico HTTP/1.1" 404 142 "-" "Caffeinated/1.1.1 CFNetwork/520.3.2 Darwin/11.3.0 (x86_64) (MacBookPro8%2C1)"
117.197.190.195 - - [05/Apr/2012:06:33:21 -0700] "GET /r/t4j HTTP/1.1" 301 255 "-" "Mozilla/5.0 (Windows NT 5.1) AppleWebKit/535.19 (KHTML, like Gecko) Chrome/18.0.1025.142 Safari/535.19"
117.197.190.195 - - [05/Apr/2012:06:33:22 -0700] "GET /s/ta/t4j/ HTTP/1.1" 302 553 "-" "Mozilla/5.0 (Windows NT 5.1) AppleWebKit/535.19 (KHTML, like Gecko) Chrome/18.0.1025.142 Safari/535.19"
207.46.204.162 - - [05/Apr/2012:06:33:24 -0700] "-" 400 0 "-" "-"
207.46.204.162 - - [05/Apr/2012:06:33:24 -0700] "-" 400 0 "-" "-"
207.46.204.162 - - [05/Apr/2012:06:33:26 -0700] "-" 400 0 "-" "-"
207.46.204.162 - - [05/Apr/2012:06:33:26 -0700] "-" 400 0 "-" "-"
207.46.204.162 - - [05/Apr/2012:06:33:28 -0700] "-" 400 0 "-" "-"
207.46.204.162 - - [05/Apr/2012:06:33:28 -0700] "-" 400 0 "-" "-"
207.46.204.162 - - [05/Apr/2012:06:33:28 -0700] "-" 400 0 "-" "-"
207.46.204.162 - - [05/Apr/2012:06:33:28 -0700] "-" 400 0 "-" "-"
207.46.204.162 - - [05/Apr/2012:06:33:28 -0700] "-" 400 0 "-" "-"
207.46.204.162 - - [05/Apr/2012:06:33:28 -0700] "-" 400 0 "-" "-"
117.197.190.195 - - [05/Apr/2012:06:33:35 -0700] "-" 400 0 "-" "-"
117.197.190.195 - - [05/Apr/2012:06:33:35 -0700] "-" 400 0 "-" "-"
184.191.224.10 - - [05/Apr/2012:06:33:54 -0700] "GET / HTTP/1.1" 200 1430 "-" "Caffeinated/1.1.1 CFNetwork/520.3.2 Darwin/11.3.0 (x86_64) (MacBookPro8%2C1)"
184.191.224.10 - - [05/Apr/2012:06:33:54 -0700] "GET /favicon.ico HTTP/1.1" 404 142 "-" "Caffeinated/1.1.1 CFNetwork/520.3.2 Darwin/11.3.0 (x86_64) (MacBookPro8%2C1)"
207.46.204.162 - - [05/Apr/2012:06:33:57 -0700] "-" 400 0 "-" "-"
207.46.204.162 - - [05/Apr/2012:06:33:57 -0700] "-" 400 0 "-" "-"
207.46.204.162 - - [05/Apr/2012:06:33:57 -0700] "-" 400 0 "-" "-"
184.191.224.10 - - [05/Apr/2012:06:34:24 -0700] "GET / HTTP/1.1" 200 1430 "-" "Caffeinated/1.1.1 CFNetwork/520.3.2 Darwin/11.3.0 (x86_64) (MacBookPro8%2C1)"
184.191.224.10 - - [05/Apr/2012:06:34:24 -0700] "GET /favicon.ico HTTP/1.1" 404 142 "-" "Caffeinated/1.1.1 CFNetwork/520.3.2 Darwin/11.3.0 (x86_64) (MacBookPro8%2C1)"
85.17.88.169 - - [05/Apr/2012:06:34:52 -0700] "POST /blog/wp-cron.php?doing_wp_cron=1333632610 HTTP/1.0" 499 0 "-" "WordPress/3.3.1; http://yuvi.in/blog"
101.226.33.189 - - [05/Apr/2012:06:34:52 -0700] "GET /blog/feed HTTP/1.0" 304 0 "-" "Mozilla/4.0 (compatible; Windows;)"
184.191.224.10 - - [05/Apr/2012:06:35:25 -0700] "GET / HTTP/1.1" 200 1430 "-" "Caffeinated/1.1.1 CFNetwork/520.3.2 Darwin/11.3.0 (x86_64) (MacBookPro8%2C1)"
184.191.224.10 - - [05/Apr/2012:06:35:25 -0700] "GET /favicon.ico HTTP/1.1" 404 142 "-" "Caffeinated/1.1.1 CFNetwork/520.3.2 Darwin/11.3.0 (x86_64) (MacBookPro8%2C1)"
85.17.88.169 - - [05/Apr/2012:06:36:14 -0700] "POST /blog/wp-cron.php?doing_wp_cron=1333632692 HTTP/1.0" 499 0 "-" "WordPress/3.3.1; http://yuvi.in/blog"
209.85.238.182 - - [05/Apr/2012:06:36:14 -0700] "GET /blog/feed HTTP/1.1" 301 0 "-" "Feedfetcher-Google; (+http://www.google.com/feedfetcher.html; 3 subscribers; feed-id=17684830852112633560)"
85.17.88.169 - - [05/Apr/2012:06:36:16 -0700] "POST /blog/wp-cron.php?doing_wp_cron=1333632694 HTTP/1.0" 499 0 "-" "WordPress/3.3.1; http://yuvi.in/blog"
209.85.238.182 - - [05/Apr/2012:06:36:17 -0700] "GET /blog/feed/ HTTP/1.1" 304 0 "-" "Feedfetcher-Google; (+http://www.google.com/feedfetcher.html; 3 subscribers; feed-id=17684830852112633560)"
223.231.174.241 - - [05/Apr/2012:06:37:07 -0700] "-" 400 0 "-" "-"
66.249.73.26 - - [05/Apr/2012:06:38:08 -0700] "GET /chennai/route/56n/ HTTP/1.1" 404 142 "-" "Mozilla/5.0 (compatible; Googlebot/2.1; +http://www.google.com/bot.html)"
85.17.88.169 - - [05/Apr/2012:06:38:35 -0700] "POST /blog/wp-cron.php?doing_wp_cron=1333632833 HTTP/1.0" 499 0 "-" "WordPress/3.3.1; http://yuvi.in/blog"
157.55.39.87 - - [05/Apr/2012:06:38:36 -0700] "GET /blog/belated-samsung-galaxy-3-review/feed/ HTTP/1.1" 200 3031 "-" "msnbot/2.0b (+http://search.msn.com/msnbot.htm)"
207.46.204.164 - - [05/Apr/2012:06:39:07 -0700] "-" 400 0 "-" "-"
207.46.204.164 - - [05/Apr/2012:06:39:07 -0700] "-" 400 0 "-" "-"
207.46.204.164 - - [05/Apr/2012:06:39:09 -0700] "-" 400 0 "-" "-"
207.46.204.164 - - [05/Apr/2012:06:39:11 -0700] "-" 400 0 "-" "-"
207.46.204.164 - - [05/Apr/2012:06:39:13 -0700] "-" 400 0 "-" "-"
207.46.204.164 - - [05/Apr/2012:06:39:13 -0700] "-" 400 0 "-" "-"
207.46.204.164 - - [05/Apr/2012:06:39:13 -0700] "-" 400 0 "-" "-"
207.46.204.164 - - [05/Apr/2012:06:39:13 -0700] "-" 400 0 "-" "-"
207.46.204.164 - - [05/Apr/2012:06:39:13 -0700] "-" 400 0 "-" "-"
207.46.204.164 - - [05/Apr/2012:06:39:13 -0700] "-" 400 0 "-" "-"
207.46.204.164 - - [05/Apr/2012:06:39:14 -0700] "-" 400 0 "-" "-"
213.186.127.13 - - [05/Apr/2012:06:41:16 -0700] "GET /s/ta/3b6/ HTTP/1.1" 302 325 "-" "Mozilla/5.0 (compatible; AhrefsBot/2.0; +http://ahrefs.com/robot/)"
122.174.12.165 - - [05/Apr/2012:06:42:15 -0700] "-" 400 0 "-" "-"
115.184.58.128 - - [05/Apr/2012:06:43:05 -0700] "GET /r/1ftx HTTP/1.1" 301 257 "http://ta.wikipedia.org/wiki/%E0%AE%A8%E0%AE%9F%E0%AF%81%E0%AE%95%E0%AF%8D%E0%AE%95%E0%AF%81%E0%AE%B5%E0%AE%BE%E0%AE%A4%E0%AE%AE%E0%AF%8D" "Mozilla/5.0 (Windows NT 6.0) AppleWebKit/535.19 (KHTML, like Gecko) Chrome/18.0.1025.142 Safari/535.19"
115.184.58.128 - - [05/Apr/2012:06:43:05 -0700] "GET /s/ta/1ftx/ HTTP/1.1" 302 409 "http://ta.wikipedia.org/wiki/%E0%AE%A8%E0%AE%9F%E0%AF%81%E0%AE%95%E0%AF%8D%E0%AE%95%E0%AF%81%E0%AE%B5%E0%AE%BE%E0%AE%A4%E0%AE%AE%E0%AF%8D" "Mozilla/5.0 (Windows NT 6.0) AppleWebKit/535.19 (KHTML, like Gecko) Chrome/18.0.1025.142 Safari/535.19"
115.184.58.128 - - [05/Apr/2012:06:43:23 -0700] "-" 400 0 "-" "-"
69.171.234.6 - - [05/Apr/2012:06:43:52 -0700] "GET /r/282s HTTP/1.1" 301 257 "-" "facebookexternalhit/1.1 (+http://www.facebook.com/externalhit_uatext.php)"
69.171.234.3 - - [05/Apr/2012:06:43:52 -0700] "GET /s/ta/282s/ HTTP/1.1" 302 549 "-" "facebookexternalhit/1.1 (+http://www.facebook.com/externalhit_uatext.php)"
184.191.224.10 - - [05/Apr/2012:06:43:59 -0700] "GET / HTTP/1.1" 200 1430 "-" "Caffeinated/1.1.1 CFNetwork/520.3.2 Darwin/11.3.0 (x86_64) (MacBookPro8%2C1)"
184.191.224.10 - - [05/Apr/2012:06:43:59 -0700] "GET /favicon.ico HTTP/1.1" 404 142 "-" "Caffeinated/1.1.1 CFNetwork/520.3.2 Darwin/11.3.0 (x86_64) (MacBookPro8%2C1)"
184.191.224.10 - - [05/Apr/2012:06:44:56 -0700] "GET / HTTP/1.1" 200 1430 "-" "Caffeinated/1.1.1 CFNetwork/520.3.2 Darwin/11.3.0 (x86_64) (MacBookPro8%2C1)"
184.191.224.10 - - [05/Apr/2012:06:44:56 -0700] "GET /favicon.ico HTTP/1.1" 404 142 "-" "Caffeinated/1.1.1 CFNetwork/520.3.2 Darwin/11.3.0 (x86_64) (MacBookPro8%2C1)"
209.85.224.83 - - [05/Apr/2012:06:45:20 -0700] "GET /stories/feed HTTP/1.1" 200 13653 "-" "FeedBurner/1.0 (http://www.FeedBurner.com)"
184.191.224.10 - - [05/Apr/2012:06:45:28 -0700] "GET / HTTP/1.1" 200 1430 "-" "Caffeinated/1.1.1 CFNetwork/520.3.2 Darwin/11.3.0 (x86_64) (MacBookPro8%2C1)"
184.191.224.10 - - [05/Apr/2012:06:45:28 -0700] "GET /favicon.ico HTTP/1.1" 404 142 "-" "Caffeinated/1.1.1 CFNetwork/520.3.2 Darwin/11.3.0 (x86_64) (MacBookPro8%2C1)"
184.191.224.10 - - [05/Apr/2012:06:46:24 -0700] "GET / HTTP/1.1" 200 1430 "-" "Caffeinated/1.1.1 CFNetwork/520.3.2 Darwin/11.3.0 (x86_64) (MacBookPro8%2C1)"
184.191.224.10 - - [05/Apr/2012:06:46:24 -0700] "GET /favicon.ico HTTP/1.1" 404 142 "-" "Caffeinated/1.1.1 CFNetwork/520.3.2 Darwin/11.3.0 (x86_64) (MacBookPro8%2C1)"
125.22.194.134 - - [05/Apr/2012:06:46:34 -0700] "-" 400 0 "-" "-"
125.22.194.134 - - [05/Apr/2012:06:46:57 -0700] "-" 400 0 "-" "-"
125.22.194.134 - - [05/Apr/2012:06:46:57 -0700] "-" 400 0 "-" "-"
125.22.194.134 - - [05/Apr/2012:06:46:57 -0700] "-" 400 0 "-" "-"
125.22.194.134 - - [05/Apr/2012:06:46:57 -0700] "-" 400 0 "-" "-"
125.22.194.134 - - [05/Apr/2012:06:46:57 -0700] "-" 400 0 "-" "-"
125.22.194.134 - - [05/Apr/2012:06:47:21 -0700] "-" 400 0 "-" "-"
184.191.224.10 - - [05/Apr/2012:06:47:23 -0700] "GET / HTTP/1.1" 200 1430 "-" "Caffeinated/1.1.1 CFNetwork/520.3.2 Darwin/11.3.0 (x86_64) (MacBookPro8%2C1)"
184.191.224.10 - - [05/Apr/2012:06:47:23 -0700] "GET /favicon.ico HTTP/1.1" 404 142 "-" "Caffeinated/1.1.1 CFNetwork/520.3.2 Darwin/11.3.0 (x86_64) (MacBookPro8%2C1)"
125.22.194.134 - - [05/Apr/2012:06:47:34 -0700] "-" 400 0 "-" "-"
125.22.194.134 - - [05/Apr/2012:06:47:34 -0700] "-" 400 0 "-" "-"
125.22.194.134 - - [05/Apr/2012:06:47:34 -0700] "-" 400 0 "-" "-"
125.22.194.134 - - [05/Apr/2012:06:47:34 -0700] "-" 400 0 "-" "-"
125.22.194.134 - - [05/Apr/2012:06:47:34 -0700] "-" 400 0 "-" "-"
125.22.194.134 - - [05/Apr/2012:06:47:34 -0700] "-" 400 0 "-" "-"
125.22.194.134 - - [05/Apr/2012:06:47:34 -0700] "-" 400 0 "-" "-"
125.22.194.134 - - [05/Apr/2012:06:47:34 -0700] "-" 400 0 "-" "-"
125.22.194.134 - - [05/Apr/2012:06:47:34 -0700] "-" 400 0 "-" "-"
125.22.194.134 - - [05/Apr/2012:06:47:34 -0700] "-" 400 0 "-" "-"
125.22.194.134 - - [05/Apr/2012:06:47:34 -0700] "-" 400 0 "-" "-"
125.22.194.134 - - [05/Apr/2012:06:47:34 -0700] "-" 400 0 "-" "-"
125.22.194.134 - - [05/Apr/2012:06:47:34 -0700] "-" 400 0 "-" "-"
125.22.194.134 - - [05/Apr/2012:06:47:34 -0700] "-" 400 0 "-" "-"
125.22.194.134 - - [05/Apr/2012:06:47:34 -0700] "-" 400 0 "-" "-"
125.22.194.134 - - [05/Apr/2012:06:47:34 -0700] "-" 400 0 "-" "-"
125.22.194.134 - - [05/Apr/2012:06:47:34 -0700] "-" 400 0 "-" "-"
125.22.194.134 - - [05/Apr/2012:06:47:34 -0700] "-" 400 0 "-" "-"
125.22.194.134 - - [05/Apr/2012:06:47:34 -0700] "-" 400 0 "-" "-"
125.22.194.134 - - [05/Apr/2012:06:47:34 -0700] "-" 400 0 "-" "-"
125.22.194.134 - - [05/Apr/2012:06:47:34 -0700] "-" 400 0 "-" "-"
125.22.194.134 - - [05/Apr/2012:06:47:34 -0700] "-" 400 0 "-" "-"
125.22.194.134 - - [05/Apr/2012:06:47:34 -0700] "-" 400 0 "-" "-"
125.22.194.134 - - [05/Apr/2012:06:47:34 -0700] "-" 400 0 "-" "-"
125.22.194.134 - - [05/Apr/2012:06:47:34 -0700] "-" 400 0 "-" "-"
125.22.194.134 - - [05/Apr/2012:06:47:34 -0700] "-" 400 0 "-" "-"
125.22.194.134 - - [05/Apr/2012:06:47:34 -0700] "-" 400 0 "-" "-"
125.22.194.134 - - [05/Apr/2012:06:47:34 -0700] "-" 400 0 "-" "-"
125.22.194.134 - - [05/Apr/2012:06:47:34 -0700] "-" 400 0 "-" "-"
125.22.194.134 - - [05/Apr/2012:06:47:34 -0700] "-" 400 0 "-" "-"
125.22.194.134 - - [05/Apr/2012:06:47:34 -0700] "-" 400 0 "-" "-"
125.22.194.134 - - [05/Apr/2012:06:47:34 -0700] "-" 400 0 "-" "-"
125.22.194.134 - - [05/Apr/2012:06:47:34 -0700] "-" 400 0 "-" "-"
125.22.194.134 - - [05/Apr/2012:06:47:34 -0700] "-" 400 0 "-" "-"
125.22.194.134 - - [05/Apr/2012:06:47:34 -0700] "-" 400 0 "-" "-"
125.22.194.134 - - [05/Apr/2012:06:47:34 -0700] "-" 400 0 "-" "-"
125.22.194.134 - - [05/Apr/2012:06:47:34 -0700] "-" 400 0 "-" "-"
125.22.194.134 - - [05/Apr/2012:06:47:34 -0700] "-" 400 0 "-" "-"
125.22.194.134 - - [05/Apr/2012:06:47:34 -0700] "-" 400 0 "-" "-"
125.22.194.134 - - [05/Apr/2012:06:47:34 -0700] "-" 400 0 "-" "-"
125.22.194.134 - - [05/Apr/2012:06:47:34 -0700] "-" 400 0 "-" "-"
125.22.194.134 - - [05/Apr/2012:06:47:34 -0700] "-" 400 0 "-" "-"
125.22.194.134 - - [05/Apr/2012:06:47:34 -0700] "-" 400 0 "-" "-"
125.22.194.134 - - [05/Apr/2012:06:47:34 -0700] "-" 400 0 "-" "-"
125.22.194.134 - - [05/Apr/2012:06:47:34 -0700] "-" 400 0 "-" "-"
125.22.194.134 - - [05/Apr/2012:06:47:34 -0700] "-" 400 0 "-" "-"
125.22.194.134 - - [05/Apr/2012:06:47:34 -0700] "-" 400 0 "-" "-"
125.22.194.134 - - [05/Apr/2012:06:47:35 -0700] "-" 400 0 "-" "-"
125.22.194.134 - - [05/Apr/2012:06:47:35 -0700] "-" 400 0 "-" "-"
125.22.194.134 - - [05/Apr/2012:06:47:35 -0700] "-" 400 0 "-" "-"
125.22.194.134 - - [05/Apr/2012:06:47:35 -0700] "-" 400 0 "-" "-"
125.22.194.134 - - [05/Apr/2012:06:47:35 -0700] "-" 400 0 "-" "-"
125.22.194.134 - - [05/Apr/2012:06:47:35 -0700] "-" 400 0 "-" "-"
125.22.194.134 - - [05/Apr/2012:06:47:35 -0700] "-" 400 0 "-" "-"
125.22.194.134 - - [05/Apr/2012:06:47:35 -0700] "-" 400 0 "-" "-"
125.22.194.134 - - [05/Apr/2012:06:47:35 -0700] "-" 400 0 "-" "-"
125.22.194.134 - - [05/Apr/2012:06:47:35 -0700] "-" 400 0 "-" "-"
125.22.194.134 - - [05/Apr/2012:06:47:35 -0700] "-" 400 0 "-" "-"
125.22.194.134 - - [05/Apr/2012:06:47:35 -0700] "-" 400 0 "-" "-"
125.22.194.134 - - [05/Apr/2012:06:47:35 -0700] "-" 400 0 "-" "-"
125.22.194.134 - - [05/Apr/2012:06:47:35 -0700] "-" 400 0 "-" "-"
125.22.194.134 - - [05/Apr/2012:06:47:35 -0700] "-" 400 0 "-" "-"
125.22.194.134 - - [05/Apr/2012:06:47:35 -0700] "-" 400 0 "-" "-"
125.22.194.134 - - [05/Apr/2012:06:47:35 -0700] "-" 400 0 "-" "-"
125.22.194.134 - - [05/Apr/2012:06:47:35 -0700] "-" 400 0 "-" "-"
125.22.194.134 - - [05/Apr/2012:06:47:35 -0700] "-" 400 0 "-" "-"
125.22.194.134 - - [05/Apr/2012:06:47:35 -0700] "-" 400 0 "-" "-"
125.22.194.134 - - [05/Apr/2012:06:47:35 -0700] "-" 400 0 "-" "-"
125.22.194.134 - - [05/Apr/2012:06:47:35 -0700] "-" 400 0 "-" "-"
125.22.194.134 - - [05/Apr/2012:06:47:35 -0700] "-" 400 0 "-" "-"
125.22.194.134 - - [05/Apr/2012:06:47:35 -0700] "-" 400 0 "-" "-"
125.22.194.134 - - [05/Apr/2012:06:47:35 -0700] "-" 400 0 "-" "-"
125.22.194.134 - - [05/Apr/2012:06:47:35 -0700] "-" 400 0 "-" "-"
125.22.194.134 - - [05/Apr/2012:06:47:35 -0700] "-" 400 0 "-" "-"
125.22.194.134 - - [05/Apr/2012:06:47:35 -0700] "-" 400 0 "-" "-"
125.22.194.134 - - [05/Apr/2012:06:47:35 -0700] "-" 400 0 "-" "-"
125.22.194.134 - - [05/Apr/2012:06:47:35 -0700] "-" 400 0 "-" "-"
125.22.194.134 - - [05/Apr/2012:06:47:35 -0700] "-" 400 0 "-" "-"
125.22.194.134 - - [05/Apr/2012:06:47:35 -0700] "-" 400 0 "-" "-"
125.22.194.134 - - [05/Apr/2012:06:47:35 -0700] "-" 400 0 "-" "-"
125.22.194.134 - - [05/Apr/2012:06:47:35 -0700] "-" 400 0 "-" "-"
125.22.194.134 - - [05/Apr/2012:06:47:35 -0700] "-" 400 0 "-" "-"
125.22.194.134 - - [05/Apr/2012:06:47:35 -0700] "-" 400 0 "-" "-"
125.22.194.134 - - [05/Apr/2012:06:47:35 -0700] "-" 400 0 "-" "-"
125.22.194.134 - - [05/Apr/2012:06:47:35 -0700] "-" 400 0 "-" "-"
125.22.194.134 - - [05/Apr/2012:06:47:35 -0700] "-" 400 0 "-" "-"
125.22.194.134 - - [05/Apr/2012:06:47:35 -0700] "-" 400 0 "-" "-"
125.22.194.134 - - [05/Apr/2012:06:47:35 -0700] "-" 400 0 "-" "-"
125.22.194.134 - - [05/Apr/2012:06:47:35 -0700] "-" 400 0 "-" "-"
125.22.194.134 - - [05/Apr/2012:06:47:35 -0700] "-" 400 0 "-" "-"
125.22.194.134 - - [05/Apr/2012:06:47:35 -0700] "-" 400 0 "-" "-"
125.22.194.134 - - [05/Apr/2012:06:47:35 -0700] "-" 400 0 "-" "-"
125.22.194.134 - - [05/Apr/2012:06:47:35 -0700] "-" 400 0 "-" "-"
125.22.194.134 - - [05/Apr/2012:06:47:35 -0700] "-" 400 0 "-" "-"
125.22.194.134 - - [05/Apr/2012:06:47:35 -0700] "-" 400 0 "-" "-"
125.22.194.134 - - [05/Apr/2012:06:47:35 -0700] "-" 400 0 "-" "-"
125.22.194.134 - - [05/Apr/2012:06:47:35 -0700] "-" 400 0 "-" "-"
125.22.194.134 - - [05/Apr/2012:06:47:35 -0700] "-" 400 0 "-" "-"
125.22.194.134 - - [05/Apr/2012:06:47:35 -0700] "-" 400 0 "-" "-"
125.22.194.134 - - [05/Apr/2012:06:47:35 -0700] "-" 400 0 "-" "-"
125.22.194.134 - - [05/Apr/2012:06:47:35 -0700] "-" 400 0 "-" "-"
125.22.194.134 - - [05/Apr/2012:06:47:35 -0700] "-" 400 0 "-" "-"
125.22.194.134 - - [05/Apr/2012:06:47:35 -0700] "-" 400 0 "-" "-"
125.22.194.134 - - [05/Apr/2012:06:47:35 -0700] "-" 400 0 "-" "-"
125.22.194.134 - - [05/Apr/2012:06:47:35 -0700] "-" 400 0 "-" "-"
125.22.194.134 - - [05/Apr/2012:06:47:35 -0700] "-" 400 0 "-" "-"
125.22.194.134 - - [05/Apr/2012:06:47:35 -0700] "-" 400 0 "-" "-"
125.22.194.134 - - [05/Apr/2012:06:47:35 -0700] "-" 400 0 "-" "-"
125.22.194.134 - - [05/Apr/2012:06:47:35 -0700] "-" 400 0 "-" "-"
125.22.194.134 - - [05/Apr/2012:06:47:35 -0700] "-" 400 0 "-" "-"
125.22.194.134 - - [05/Apr/2012:06:47:35 -0700] "-" 400 0 "-" "-"
125.22.194.134 - - [05/Apr/2012:06:47:35 -0700] "-" 400 0 "-" "-"
125.22.194.134 - - [05/Apr/2012:06:47:35 -0700] "-" 400 0 "-" "-"
125.22.194.134 - - [05/Apr/2012:06:47:35 -0700] "-" 400 0 "-" "-"
125.22.194.134 - - [05/Apr/2012:06:47:35 -0700] "-" 400 0 "-" "-"
125.22.194.134 - - [05/Apr/2012:06:47:35 -0700] "-" 400 0 "-" "-"
125.22.194.134 - - [05/Apr/2012:06:47:35 -0700] "-" 400 0 "-" "-"
125.22.194.134 - - [05/Apr/2012:06:47:35 -0700] "-" 400 0 "-" "-"
125.22.194.134 - - [05/Apr/2012:06:47:35 -0700] "-" 400 0 "-" "-"
125.22.194.134 - - [05/Apr/2012:06:47:35 -0700] "-" 400 0 "-" "-"
125.22.194.134 - - [05/Apr/2012:06:47:35 -0700] "-" 400 0 "-" "-"
125.22.194.134 - - [05/Apr/2012:06:47:35 -0700] "-" 400 0 "-" "-"
125.22.194.134 - - [05/Apr/2012:06:47:35 -0700] "-" 400 0 "-" "-"
125.22.194.134 - - [05/Apr/2012:06:47:35 -0700] "-" 400 0 "-" "-"
125.22.194.134 - - [05/Apr/2012:06:47:35 -0700] "-" 400 0 "-" "-"
125.22.194.134 - - [05/Apr/2012:06:47:35 -0700] "-" 400 0 "-" "-"
125.22.194.134 - - [05/Apr/2012:06:47:35 -0700] "-" 400 0 "-" "-"
125.22.194.134 - - [05/Apr/2012:06:47:35 -0700] "-" 400 0 "-" "-"
125.22.194.134 - - [05/Apr/2012:06:47:35 -0700] "-" 400 0 "-" "-"
125.22.194.134 - - [05/Apr/2012:06:47:35 -0700] "-" 400 0 "-" "-"
125.22.194.134 - - [05/Apr/2012:06:47:35 -0700] "-" 400 0 "-" "-"
125.22.194.134 - - [05/Apr/2012:06:47:35 -0700] "-" 400 0 "-" "-"
125.22.194.134 - - [05/Apr/2012:06:47:35 -0700] "-" 400 0 "-" "-"
125.22.194.134 - - [05/Apr/2012:06:47:35 -0700] "-" 400 0 "-" "-"
125.22.194.134 - - [05/Apr/2012:06:47:35 -0700] "-" 400 0 "-" "-"
125.22.194.134 - - [05/Apr/2012:06:47:35 -0700] "-" 400 0 "-" "-"
125.22.194.134 - - [05/Apr/2012:06:47:35 -0700] "-" 400 0 "-" "-"
125.22.194.134 - - [05/Apr/2012:06:47:35 -0700] "-" 400 0 "-" "-"
125.22.194.134 - - [05/Apr/2012:06:47:35 -0700] "-" 400 0 "-" "-"
125.22.194.134 - - [05/Apr/2012:06:47:35 -0700] "-" 400 0 "-" "-"
125.22.194.134 - - [05/Apr/2012:06:47:35 -0700] "-" 400 0 "-" "-"
125.22.194.134 - - [05/Apr/2012:06:47:59 -0700] "-" 400 0 "-" "-"
184.191.224.10 - - [05/Apr/2012:06:48:13 -0700] "GET / HTTP/1.1" 200 1430 "-" "Caffeinated/1.1.1 CFNetwork/520.3.2 Darwin/11.3.0 (x86_64) (MacBookPro8%2C1)"
184.191.224.10 - - [05/Apr/2012:06:48:13 -0700] "GET /favicon.ico HTTP/1.1" 404 142 "-" "Caffeinated/1.1.1 CFNetwork/520.3.2 Darwin/11.3.0 (x86_64) (MacBookPro8%2C1)"
184.191.224.10 - - [05/Apr/2012:06:48:55 -0700] "GET / HTTP/1.1" 200 1430 "-" "Caffeinated/1.1.1 CFNetwork/520.3.2 Darwin/11.3.0 (x86_64) (MacBookPro8%2C1)"
184.191.224.10 - - [05/Apr/2012:06:48:56 -0700] "GET /favicon.ico HTTP/1.1" 404 142 "-" "Caffeinated/1.1.1 CFNetwork/520.3.2 Darwin/11.3.0 (x86_64) (MacBookPro8%2C1)"
184.191.224.10 - - [05/Apr/2012:06:49:42 -0700] "GET / HTTP/1.1" 200 1430 "-" "Caffeinated/1.1.1 CFNetwork/520.3.2 Darwin/11.3.0 (x86_64) (MacBookPro8%2C1)"
184.191.224.10 - - [05/Apr/2012:06:49:42 -0700] "GET /favicon.ico HTTP/1.1" 404 142 "-" "Caffeinated/1.1.1 CFNetwork/520.3.2 Darwin/11.3.0 (x86_64) (MacBookPro8%2C1)"
65.49.88.10 - - [05/Apr/2012:06:49:43 -0700] "-" 400 0 "-" "-"
85.17.88.169 - - [05/Apr/2012:06:49:47 -0700] "POST /blog/wp-cron.php?doing_wp_cron=1333633505 HTTP/1.0" 499 0 "-" "WordPress/3.3.1; http://yuvi.in/blog"
125.210.188.36 - - [05/Apr/2012:06:49:49 -0700] "GET /blog/ HTTP/1.0" 200 33142 "http://yuvi.in/blog/" "Mozilla/4.0 (compatible; MSIE 5.0; Windows 2000) Opera 6.0 [en]"
69.171.234.6 - - [05/Apr/2012:06:50:12 -0700] "GET /r/39d HTTP/1.1" 301 255 "-" "facebookexternalhit/1.1 (+http://www.facebook.com/externalhit_uatext.php)"
69.171.234.2 - - [05/Apr/2012:06:50:12 -0700] "GET /s/ta/39d/ HTTP/1.1" 302 325 "-" "facebookexternalhit/1.1 (+http://www.facebook.com/externalhit_uatext.php)"
184.191.224.10 - - [05/Apr/2012:06:50:24 -0700] "GET / HTTP/1.1" 200 1430 "-" "Caffeinated/1.1.1 CFNetwork/520.3.2 Darwin/11.3.0 (x86_64) (MacBookPro8%2C1)"
184.191.224.10 - - [05/Apr/2012:06:50:24 -0700] "GET /favicon.ico HTTP/1.1" 404 142 "-" "Caffeinated/1.1.1 CFNetwork/520.3.2 Darwin/11.3.0 (x86_64) (MacBookPro8%2C1)"
66.220.156.5 - - [05/Apr/2012:06:50:40 -0700] "GET /r/2l18 HTTP/1.1" 301 257 "-" "facebookexternalhit/1.1 (+http://www.facebook.com/externalhit_uatext.php)"
94.99.52.115 - - [05/Apr/2012:06:50:41 -0700] "GET /r/2l18 HTTP/1.1" 301 257 "http://www.facebook.com/l.php?u=http%3A%2F%2Ftawp.in%2Fr%2F2l18&h=UAQHATfbL" "Mozilla/5.0 (Windows NT 6.1) AppleWebKit/535.19 (KHTML, like Gecko) Chrome/18.0.1025.142 Safari/535.19"
66.220.156.3 - - [05/Apr/2012:06:50:41 -0700] "GET /s/ta/2l18/ HTTP/1.1" 302 465 "-" "facebookexternalhit/1.1 (+http://www.facebook.com/externalhit_uatext.php)"
94.99.52.115 - - [05/Apr/2012:06:50:41 -0700] "GET /s/ta/2l18/ HTTP/1.1" 302 465 "http://www.facebook.com/l.php?u=http%3A%2F%2Ftawp.in%2Fr%2F2l18&h=UAQHATfbL" "Mozilla/5.0 (Windows NT 6.1) AppleWebKit/535.19 (KHTML, like Gecko) Chrome/18.0.1025.142 Safari/535.19"
94.99.52.115 - - [05/Apr/2012:06:51:00 -0700] "-" 400 0 "-" "-"
184.191.224.10 - - [05/Apr/2012:06:51:10 -0700] "GET / HTTP/1.1" 200 1430 "-" "Caffeinated/1.1.1 CFNetwork/520.3.2 Darwin/11.3.0 (x86_64) (MacBookPro8%2C1)"
184.191.224.10 - - [05/Apr/2012:06:51:10 -0700] "GET /favicon.ico HTTP/1.1" 404 142 "-" "Caffeinated/1.1.1 CFNetwork/520.3.2 Darwin/11.3.0 (x86_64) (MacBookPro8%2C1)"
88.131.106.5 - - [05/Apr/2012:06:51:16 -0700] "GET /robots.txt HTTP/1.0" 404 169 "-" "Mozilla/5.0 (Windows; U; Windows NT 5.1; en-US) Speedy Spider (http://www.entireweb.com/about/search_tech/speedy_spider/)"
88.131.106.7 - - [05/Apr/2012:06:51:17 -0700] "GET /blog/archives.html HTTP/1.0" 200 17087 "-" "Mozilla/5.0 (Windows; U; Windows NT 5.1; en-US) Speedy Spider (http://www.entireweb.com/about/search_tech/speedy_spider/)"
69.171.234.5 - - [05/Apr/2012:06:51:18 -0700] "GET /r/1grd HTTP/1.1" 301 257 "-" "facebookexternalhit/1.1 (+http://www.facebook.com/externalhit_uatext.php)"
69.171.234.5 - - [05/Apr/2012:06:51:18 -0700] "GET /s/ta/1grd/ HTTP/1.1" 302 449 "-" "facebookexternalhit/1.1 (+http://www.facebook.com/externalhit_uatext.php)"
184.191.224.10 - - [05/Apr/2012:06:51:54 -0700] "GET / HTTP/1.1" 200 1430 "-" "Caffeinated/1.1.1 CFNetwork/520.3.2 Darwin/11.3.0 (x86_64) (MacBookPro8%2C1)"
184.191.224.10 - - [05/Apr/2012:06:51:54 -0700] "GET /favicon.ico HTTP/1.1" 404 142 "-" "Caffeinated/1.1.1 CFNetwork/520.3.2 Darwin/11.3.0 (x86_64) (MacBookPro8%2C1)"
184.191.224.10 - - [05/Apr/2012:06:52:42 -0700] "GET / HTTP/1.1" 200 1430 "-" "Caffeinated/1.1.1 CFNetwork/520.3.2 Darwin/11.3.0 (x86_64) (MacBookPro8%2C1)"
184.191.224.10 - - [05/Apr/2012:06:52:43 -0700] "GET /favicon.ico HTTP/1.1" 404 142 "-" "Caffeinated/1.1.1 CFNetwork/520.3.2 Darwin/11.3.0 (x86_64) (MacBookPro8%2C1)"
184.191.224.10 - - [05/Apr/2012:06:53:18 -0700] "GET / HTTP/1.1" 200 1430 "-" "Caffeinated/1.1.1 CFNetwork/520.3.2 Darwin/11.3.0 (x86_64) (MacBookPro8%2C1)"
184.191.224.10 - - [05/Apr/2012:06:53:18 -0700] "GET /favicon.ico HTTP/1.1" 404 142 "-" "Caffeinated/1.1.1 CFNetwork/520.3.2 Darwin/11.3.0 (x86_64) (MacBookPro8%2C1)"
119.63.196.123 - - [05/Apr/2012:06:53:53 -0700] "GET / HTTP/1.1" 304 0 "-" "Mozilla/5.0 (compatible; Baiduspider/2.0; +http://www.baidu.com/search/spider.html)"
184.191.224.10 - - [05/Apr/2012:06:54:11 -0700] "GET / HTTP/1.1" 200 1430 "-" "Caffeinated/1.1.1 CFNetwork/520.3.2 Darwin/11.3.0 (x86_64) (MacBookPro8%2C1)"
184.191.224.10 - - [05/Apr/2012:06:54:11 -0700] "GET /favicon.ico HTTP/1.1" 404 142 "-" "Caffeinated/1.1.1 CFNetwork/520.3.2 Darwin/11.3.0 (x86_64) (MacBookPro8%2C1)"
106.66.152.43 - - [05/Apr/2012:06:54:56 -0700] "-" 400 0 "-" "-"
106.66.152.43 - - [05/Apr/2012:06:54:56 -0700] "-" 400 0 "-" "-"
106.66.152.43 - - [05/Apr/2012:06:54:56 -0700] "-" 400 0 "-" "-"
106.66.152.43 - - [05/Apr/2012:06:54:56 -0700] "-" 400 0 "-" "-"
184.191.224.10 - - [05/Apr/2012:06:55:02 -0700] "GET / HTTP/1.1" 200 1430 "-" "Caffeinated/1.1.1 CFNetwork/520.3.2 Darwin/11.3.0 (x86_64) (MacBookPro8%2C1)"
184.191.224.10 - - [05/Apr/2012:06:55:02 -0700] "GET /favicon.ico HTTP/1.1" 404 142 "-" "Caffeinated/1.1.1 CFNetwork/520.3.2 Darwin/11.3.0 (x86_64) (MacBookPro8%2C1)"
184.191.224.10 - - [05/Apr/2012:06:55:40 -0700] "GET / HTTP/1.1" 200 1430 "-" "Caffeinated/1.1.1 CFNetwork/520.3.2 Darwin/11.3.0 (x86_64) (MacBookPro8%2C1)"
184.191.224.10 - - [05/Apr/2012:06:55:40 -0700] "GET /favicon.ico HTTP/1.1" 404 142 "-" "Caffeinated/1.1.1 CFNetwork/520.3.2 Darwin/11.3.0 (x86_64) (MacBookPro8%2C1)"
85.17.88.169 - - [05/Apr/2012:06:56:28 -0700] "POST /blog/wp-cron.php?doing_wp_cron=1333633906 HTTP/1.0" 499 0 "-" "WordPress/3.3.1; http://yuvi.in/blog"
207.46.195.239 - - [05/Apr/2012:06:56:28 -0700] "GET /blog/devlog-december-5-2011/ HTTP/1.1" 200 5172 "-" "Mozilla/5.0 (compatible; bingbot/2.0; +http://www.bing.com/bingbot.htm)"
184.191.224.10 - - [05/Apr/2012:06:56:32 -0700] "GET / HTTP/1.1" 200 1430 "-" "Caffeinated/1.1.1 CFNetwork/520.3.2 Darwin/11.3.0 (x86_64) (MacBookPro8%2C1)"
184.191.224.10 - - [05/Apr/2012:06:56:32 -0700] "GET /favicon.ico HTTP/1.1" 404 142 "-" "Caffeinated/1.1.1 CFNetwork/520.3.2 Darwin/11.3.0 (x86_64) (MacBookPro8%2C1)"
184.191.224.10 - - [05/Apr/2012:06:57:08 -0700] "GET / HTTP/1.1" 200 1430 "-" "Caffeinated/1.1.1 CFNetwork/520.3.2 Darwin/11.3.0 (x86_64) (MacBookPro8%2C1)"
184.191.224.10 - - [05/Apr/2012:06:57:08 -0700] "GET /favicon.ico HTTP/1.1" 404 142 "-" "Caffeinated/1.1.1 CFNetwork/520.3.2 Darwin/11.3.0 (x86_64) (MacBookPro8%2C1)"
106.66.152.43 - - [05/Apr/2012:06:57:35 -0700] "-" 400 0 "-" "-"
117.193.43.94 - - [05/Apr/2012:06:57:37 -0700] "-" 400 0 "-" "-"
184.191.224.10 - - [05/Apr/2012:06:58:00 -0700] "GET / HTTP/1.1" 200 1430 "-" "Caffeinated/1.1.1 CFNetwork/520.3.2 Darwin/11.3.0 (x86_64) (MacBookPro8%2C1)"
184.191.224.10 - - [05/Apr/2012:06:58:00 -0700] "GET /favicon.ico HTTP/1.1" 404 142 "-" "Caffeinated/1.1.1 CFNetwork/520.3.2 Darwin/11.3.0 (x86_64) (MacBookPro8%2C1)"
106.66.152.43 - - [05/Apr/2012:06:58:05 -0700] "-" 400 0 "-" "-"
106.66.152.43 - - [05/Apr/2012:06:58:05 -0700] "-" 400 0 "-" "-"
106.66.152.43 - - [05/Apr/2012:06:58:05 -0700] "-" 400 0 "-" "-"
182.156.3.196 - - [05/Apr/2012:06:58:07 -0700] "GET /r/h5g HTTP/1.1" 301 255 "http://ta.wikipedia.org/wiki/%E0%AE%AA%E0%AF%81%E0%AE%B1%E0%AE%A8%E0%AE%BE%E0%AE%A9%E0%AF%82%E0%AE%B1%E0%AF%8D%E0%AE%B1%E0%AF%81%E0%AE%AA%E0%AF%8D_%E0%AE%AA%E0%AF%81%E0%AE%B2%E0%AE%B5%E0%AE%B0%E0%AF%8D%E0%AE%95%E0%AE%B3%E0%AF%8D" "Mozilla/5.0 (Windows NT 6.1; WOW64) AppleWebKit/535.19 (KHTML, like Gecko) Chrome/18.0.1025.142 Safari/535.19"
182.156.3.196 - - [05/Apr/2012:06:58:08 -0700] "GET /s/ta/h5g/ HTTP/1.1" 302 533 "http://ta.wikipedia.org/wiki/%E0%AE%AA%E0%AF%81%E0%AE%B1%E0%AE%A8%E0%AE%BE%E0%AE%A9%E0%AF%82%E0%AE%B1%E0%AF%8D%E0%AE%B1%E0%AF%81%E0%AE%AA%E0%AF%8D_%E0%AE%AA%E0%AF%81%E0%AE%B2%E0%AE%B5%E0%AE%B0%E0%AF%8D%E0%AE%95%E0%AE%B3%E0%AF%8D" "Mozilla/5.0 (Windows NT 6.1; WOW64) AppleWebKit/535.19 (KHTML, like Gecko) Chrome/18.0.1025.142 Safari/535.19"
184.191.224.10 - - [05/Apr/2012:06:58:35 -0700] "GET / HTTP/1.1" 200 1430 "-" "Caffeinated/1.1.1 CFNetwork/520.3.2 Darwin/11.3.0 (x86_64) (MacBookPro8%2C1)"
184.191.224.10 - - [05/Apr/2012:06:58:35 -0700] "GET /favicon.ico HTTP/1.1" 404 142 "-" "Caffeinated/1.1.1 CFNetwork/520.3.2 Darwin/11.3.0 (x86_64) (MacBookPro8%2C1)"
115.242.249.134 - - [05/Apr/2012:06:58:53 -0700] "-" 400 0 "-" "-"
184.191.224.10 - - [05/Apr/2012:06:59:26 -0700] "GET / HTTP/1.1" 200 1430 "-" "Caffeinated/1.1.1 CFNetwork/520.3.2 Darwin/11.3.0 (x86_64) (MacBookPro8%2C1)"
184.191.224.10 - - [05/Apr/2012:06:59:26 -0700] "GET /favicon.ico HTTP/1.1" 404 142 "-" "Caffeinated/1.1.1 CFNetwork/520.3.2 Darwin/11.3.0 (x86_64) (MacBookPro8%2C1)"
184.191.224.10 - - [05/Apr/2012:07:00:00 -0700] "GET / HTTP/1.1" 200 1430 "-" "Caffeinated/1.1.1 CFNetwork/520.3.2 Darwin/11.3.0 (x86_64) (MacBookPro8%2C1)"
184.191.224.10 - - [05/Apr/2012:07:00:00 -0700] "GET /favicon.ico HTTP/1.1" 404 142 "-" "Caffeinated/1.1.1 CFNetwork/520.3.2 Darwin/11.3.0 (x86_64) (MacBookPro8%2C1)"
122.178.132.124 - - [05/Apr/2012:07:00:25 -0700] "-" 400 0 "-" "-"
184.191.224.10 - - [05/Apr/2012:07:00:54 -0700] "GET / HTTP/1.1" 200 1430 "-" "Caffeinated/1.1.1 CFNetwork/520.3.2 Darwin/11.3.0 (x86_64) (MacBookPro8%2C1)"
184.191.224.10 - - [05/Apr/2012:07:00:54 -0700] "GET /favicon.ico HTTP/1.1" 404 142 "-" "Caffeinated/1.1.1 CFNetwork/520.3.2 Darwin/11.3.0 (x86_64) (MacBookPro8%2C1)"
184.191.224.10 - - [05/Apr/2012:07:01:20 -0700] "GET / HTTP/1.1" 200 1430 "-" "Caffeinated/1.1.1 CFNetwork/520.3.2 Darwin/11.3.0 (x86_64) (MacBookPro8%2C1)"
184.191.224.10 - - [05/Apr/2012:07:01:20 -0700] "GET /favicon.ico HTTP/1.1" 404 142 "-" "Caffeinated/1.1.1 CFNetwork/520.3.2 Darwin/11.3.0 (x86_64) (MacBookPro8%2C1)"
14.96.163.78 - - [05/Apr/2012:07:01:37 -0700] "-" 400 0 "-" "-"
85.17.88.169 - - [05/Apr/2012:07:01:38 -0700] "POST /blog/wp-cron.php?doing_wp_cron=1333634215 HTTP/1.0" 499 0 "-" "WordPress/3.3.1; http://yuvi.in/blog"
209.85.224.88 - - [05/Apr/2012:07:01:38 -0700] "GET /blog/feed HTTP/1.1" 304 0 "-" "FeedBurner/1.0 (http://www.FeedBurner.com)"
122.174.12.165 - - [05/Apr/2012:07:01:41 -0700] "-" 400 0 "-" "-"
61.150.76.240 - - [05/Apr/2012:07:02:16 -0700] "GET /user/soapCaller.bs HTTP/1.1" 404 142 "-" "Morfeus Fucking Scanner"
184.191.224.10 - - [05/Apr/2012:07:02:22 -0700] "GET / HTTP/1.1" 200 1430 "-" "Caffeinated/1.1.1 CFNetwork/520.3.2 Darwin/11.3.0 (x86_64) (MacBookPro8%2C1)"
184.191.224.10 - - [05/Apr/2012:07:02:22 -0700] "GET /favicon.ico HTTP/1.1" 404 142 "-" "Caffeinated/1.1.1 CFNetwork/520.3.2 Darwin/11.3.0 (x86_64) (MacBookPro8%2C1)"
184.191.224.10 - - [05/Apr/2012:07:03:12 -0700] "GET / HTTP/1.1" 200 1430 "-" "Caffeinated/1.1.1 CFNetwork/520.3.2 Darwin/11.3.0 (x86_64) (MacBookPro8%2C1)"
184.191.224.10 - - [05/Apr/2012:07:03:12 -0700] "GET /favicon.ico HTTP/1.1" 404 142 "-" "Caffeinated/1.1.1 CFNetwork/520.3.2 Darwin/11.3.0 (x86_64) (MacBookPro8%2C1)"
79.167.216.241 - - [05/Apr/2012:07:03:28 -0700] "GET /blog/why-i-moved-off-arch-on-my-netbook.html HTTP/1.1" 200 2546 "http://www.google.gr/url?sa=t&rct=j&q=arch%20netbook&source=web&cd=7&ved=0CGwQFjAG&url=http%3A%2F%2Fyuvi.in%2Fblog%2Fwhy-i-moved-off-arch-on-my-netbook.html&ei=BaV9T_26Csr2sgaN8rHkAQ&usg=AFQjCNFusEaD1Gf87D4TrMAxxyNpBy7_0w" "Mozilla/5.0 (Windows NT 5.1) AppleWebKit/535.19 (KHTML, like Gecko) Chrome/18.0.1025.142 Safari/535.19"
79.167.216.241 - - [05/Apr/2012:07:03:29 -0700] "GET /blog/static/style.css HTTP/1.1" 200 4753 "http://yuvi.in/blog/why-i-moved-off-arch-on-my-netbook.html" "Mozilla/5.0 (Windows NT 5.1) AppleWebKit/535.19 (KHTML, like Gecko) Chrome/18.0.1025.142 Safari/535.19"
79.167.216.241 - - [05/Apr/2012:07:03:29 -0700] "GET /blog/static/codehilite.css HTTP/1.1" 200 4012 "http://yuvi.in/blog/why-i-moved-off-arch-on-my-netbook.html" "Mozilla/5.0 (Windows NT 5.1) AppleWebKit/535.19 (KHTML, like Gecko) Chrome/18.0.1025.142 Safari/535.19"
85.17.88.169 - - [05/Apr/2012:07:03:31 -0700] "POST /blog/wp-cron.php?doing_wp_cron=1333634329 HTTP/1.0" 499 0 "-" "WordPress/3.3.1; http://yuvi.in/blog"
209.85.238.182 - - [05/Apr/2012:07:03:32 -0700] "GET /blog/feed/ HTTP/1.1" 304 0 "-" "Feedfetcher-Google; (+http://www.google.com/feedfetcher.html; 18 subscribers; feed-id=15064232456473204253)"
79.167.216.241 - - [05/Apr/2012:07:03:35 -0700] "GET /favicon.ico HTTP/1.1" 404 199 "-" "Mozilla/5.0 (Windows NT 5.1) AppleWebKit/535.19 (KHTML, like Gecko) Chrome/18.0.1025.142 Safari/535.19"
79.167.216.241 - - [05/Apr/2012:07:03:36 -0700] "GET /favicon.ico HTTP/1.1" 404 199 "-" "Mozilla/5.0 (Windows NT 5.1) AppleWebKit/535.19 (KHTML, like Gecko) Chrome/18.0.1025.142 Safari/535.19"
79.167.216.241 - - [05/Apr/2012:07:03:36 -0700] "GET /favicon.ico HTTP/1.1" 404 199 "-" "Mozilla/5.0 (Windows NT 5.1) AppleWebKit/535.19 (KHTML, like Gecko) Chrome/18.0.1025.142 Safari/535.19"
79.167.216.241 - - [05/Apr/2012:07:03:36 -0700] "GET /favicon.ico HTTP/1.1" 404 199 "-" "Mozilla/5.0 (Windows NT 5.1) AppleWebKit/535.19 (KHTML, like Gecko) Chrome/18.0.1025.142 Safari/535.19"
79.167.216.241 - - [05/Apr/2012:07:03:37 -0700] "GET /favicon.ico HTTP/1.1" 404 199 "-" "Mozilla/5.0 (Windows NT 5.1) AppleWebKit/535.19 (KHTML, like Gecko) Chrome/18.0.1025.142 Safari/535.19"
184.191.224.10 - - [05/Apr/2012:07:03:54 -0700] "GET / HTTP/1.1" 200 1430 "-" "Caffeinated/1.1.1 CFNetwork/520.3.2 Darwin/11.3.0 (x86_64) (MacBookPro8%2C1)"
184.191.224.10 - - [05/Apr/2012:07:03:54 -0700] "GET /favicon.ico HTTP/1.1" 404 142 "-" "Caffeinated/1.1.1 CFNetwork/520.3.2 Darwin/11.3.0 (x86_64) (MacBookPro8%2C1)"
184.191.224.10 - - [05/Apr/2012:07:04:36 -0700] "GET / HTTP/1.1" 200 1430 "-" "Caffeinated/1.1.1 CFNetwork/520.3.2 Darwin/11.3.0 (x86_64) (MacBookPro8%2C1)"
184.191.224.10 - - [05/Apr/2012:07:04:36 -0700] "GET /favicon.ico HTTP/1.1" 404 142 "-" "Caffeinated/1.1.1 CFNetwork/520.3.2 Darwin/11.3.0 (x86_64) (MacBookPro8%2C1)"
207.46.204.168 - - [05/Apr/2012:07:04:39 -0700] "-" 400 0 "-" "-"
207.46.204.168 - - [05/Apr/2012:07:04:39 -0700] "-" 400 0 "-" "-"
207.46.204.168 - - [05/Apr/2012:07:04:41 -0700] "-" 400 0 "-" "-"
207.46.204.168 - - [05/Apr/2012:07:04:44 -0700] "-" 400 0 "-" "-"
207.46.204.168 - - [05/Apr/2012:07:04:44 -0700] "-" 400 0 "-" "-"
207.46.204.168 - - [05/Apr/2012:07:04:46 -0700] "-" 400 0 "-" "-"
207.46.204.168 - - [05/Apr/2012:07:04:46 -0700] "-" 400 0 "-" "-"
207.46.204.168 - - [05/Apr/2012:07:04:48 -0700] "-" 400 0 "-" "-"
207.46.204.168 - - [05/Apr/2012:07:04:49 -0700] "-" 400 0 "-" "-"
207.46.204.168 - - [05/Apr/2012:07:04:49 -0700] "-" 400 0 "-" "-"
207.46.204.168 - - [05/Apr/2012:07:04:50 -0700] "-" 400 0 "-" "-"
207.46.204.168 - - [05/Apr/2012:07:04:50 -0700] "-" 400 0 "-" "-"
184.191.224.10 - - [05/Apr/2012:07:05:20 -0700] "GET / HTTP/1.1" 200 1430 "-" "Caffeinated/1.1.1 CFNetwork/520.3.2 Darwin/11.3.0 (x86_64) (MacBookPro8%2C1)"
184.191.224.10 - - [05/Apr/2012:07:05:20 -0700] "GET /favicon.ico HTTP/1.1" 404 142 "-" "Caffeinated/1.1.1 CFNetwork/520.3.2 Darwin/11.3.0 (x86_64) (MacBookPro8%2C1)"
207.46.204.168 - - [05/Apr/2012:07:05:34 -0700] "-" 400 0 "-" "-"
184.191.224.10 - - [05/Apr/2012:07:06:03 -0700] "GET / HTTP/1.1" 200 1430 "-" "Caffeinated/1.1.1 CFNetwork/520.3.2 Darwin/11.3.0 (x86_64) (MacBookPro8%2C1)"
184.191.224.10 - - [05/Apr/2012:07:06:03 -0700] "GET /favicon.ico HTTP/1.1" 404 142 "-" "Caffeinated/1.1.1 CFNetwork/520.3.2 Darwin/11.3.0 (x86_64) (MacBookPro8%2C1)"
184.191.224.10 - - [05/Apr/2012:07:06:47 -0700] "GET / HTTP/1.1" 200 1430 "-" "Caffeinated/1.1.1 CFNetwork/520.3.2 Darwin/11.3.0 (x86_64) (MacBookPro8%2C1)"
184.191.224.10 - - [05/Apr/2012:07:06:47 -0700] "GET /favicon.ico HTTP/1.1" 404 142 "-" "Caffeinated/1.1.1 CFNetwork/520.3.2 Darwin/11.3.0 (x86_64) (MacBookPro8%2C1)"
184.191.224.10 - - [05/Apr/2012:07:07:27 -0700] "GET / HTTP/1.1" 200 1430 "-" "Caffeinated/1.1.1 CFNetwork/520.3.2 Darwin/11.3.0 (x86_64) (MacBookPro8%2C1)"
184.191.224.10 - - [05/Apr/2012:07:07:27 -0700] "GET /favicon.ico HTTP/1.1" 404 142 "-" "Caffeinated/1.1.1 CFNetwork/520.3.2 Darwin/11.3.0 (x86_64) (MacBookPro8%2C1)"
59.99.239.54 - - [05/Apr/2012:07:07:39 -0700] "GET /r/1470 HTTP/1.1" 301 257 "http://ta.wikipedia.org/wiki/%E0%AE%90%E0%AE%9A%E0%AE%BF%E0%AE%90%E0%AE%9A%E0%AE%BF%E0%AE%90_%E0%AE%B5%E0%AE%99%E0%AF%8D%E0%AE%95%E0%AE%BF" "Mozilla/5.0 (Windows NT 5.1; rv:11.0) Gecko/20100101 Firefox/11.0"
59.99.239.54 - - [05/Apr/2012:07:07:39 -0700] "GET /s/ta/1470/ HTTP/1.1" 302 413 "http://ta.wikipedia.org/wiki/%E0%AE%90%E0%AE%9A%E0%AE%BF%E0%AE%90%E0%AE%9A%E0%AE%BF%E0%AE%90_%E0%AE%B5%E0%AE%99%E0%AF%8D%E0%AE%95%E0%AE%BF" "Mozilla/5.0 (Windows NT 5.1; rv:11.0) Gecko/20100101 Firefox/11.0"
59.99.239.54 - - [05/Apr/2012:07:07:44 -0700] "-" 400 0 "-" "-"
122.174.12.165 - - [05/Apr/2012:07:08:00 -0700] "-" 400 0 "-" "-"
122.165.73.152 - - [05/Apr/2012:07:08:05 -0700] "GET /r/188o HTTP/1.0" 301 257 "http://ta.wikipedia.org/wiki/%E0%AE%95%E0%AE%B0%E0%AF%81%E0%AE%B5%E0%AE%95%E0%AE%AE%E0%AF%8D" "Mozilla/5.0 (compatible; MSIE 9.0; Windows NT 6.1; Trident/5.0)"
122.165.73.152 - - [05/Apr/2012:07:08:06 -0700] "GET /s/ta/188o/ HTTP/1.0" 302 349 "http://ta.wikipedia.org/wiki/%E0%AE%95%E0%AE%B0%E0%AF%81%E0%AE%B5%E0%AE%95%E0%AE%AE%E0%AF%8D" "Mozilla/5.0 (compatible; MSIE 9.0; Windows NT 6.1; Trident/5.0)"
122.165.81.108 - - [05/Apr/2012:07:08:22 -0700] "-" 400 0 "-" "-"
184.191.224.10 - - [05/Apr/2012:07:08:23 -0700] "GET / HTTP/1.1" 200 1430 "-" "Caffeinated/1.1.1 CFNetwork/520.3.2 Darwin/11.3.0 (x86_64) (MacBookPro8%2C1)"
184.191.224.10 - - [05/Apr/2012:07:08:23 -0700] "GET /favicon.ico HTTP/1.1" 404 142 "-" "Caffeinated/1.1.1 CFNetwork/520.3.2 Darwin/11.3.0 (x86_64) (MacBookPro8%2C1)"
117.193.107.113 - - [05/Apr/2012:07:08:33 -0700] "-" 400 0 "-" "-"
117.193.107.113 - - [05/Apr/2012:07:08:33 -0700] "-" 400 0 "-" "-"
66.249.73.23 - - [05/Apr/2012:07:08:33 -0700] "GET /s/ta/2gap/ HTTP/1.1" 302 583 "-" "Mozilla/5.0 (compatible; Googlebot/2.1; +http://www.google.com/bot.html)"
141.0.8.247 - - [05/Apr/2012:07:08:46 -0700] "-" 400 0 "-" "-"
141.0.8.247 - - [05/Apr/2012:07:08:46 -0700] "-" 400 0 "-" "-"
65.52.111.238 - - [05/Apr/2012:07:08:49 -0700] "-" 400 0 "-" "-"
65.52.111.238 - - [05/Apr/2012:07:08:49 -0700] "-" 400 0 "-" "-"
65.52.111.238 - - [05/Apr/2012:07:08:49 -0700] "-" 400 0 "-" "-"
65.52.111.238 - - [05/Apr/2012:07:08:51 -0700] "-" 400 0 "-" "-"
65.52.111.238 - - [05/Apr/2012:07:08:52 -0700] "-" 400 0 "-" "-"
65.52.111.238 - - [05/Apr/2012:07:08:52 -0700] "-" 400 0 "-" "-"
65.52.111.238 - - [05/Apr/2012:07:08:52 -0700] "-" 400 0 "-" "-"
184.191.224.10 - - [05/Apr/2012:07:08:53 -0700] "GET / HTTP/1.1" 200 1430 "-" "Caffeinated/1.1.1 CFNetwork/520.3.2 Darwin/11.3.0 (x86_64) (MacBookPro8%2C1)"
184.191.224.10 - - [05/Apr/2012:07:08:53 -0700] "GET /favicon.ico HTTP/1.1" 404 142 "-" "Caffeinated/1.1.1 CFNetwork/520.3.2 Darwin/11.3.0 (x86_64) (MacBookPro8%2C1)"
65.52.111.238 - - [05/Apr/2012:07:08:54 -0700] "-" 400 0 "-" "-"
65.52.111.238 - - [05/Apr/2012:07:08:54 -0700] "-" 400 0 "-" "-"
65.52.111.238 - - [05/Apr/2012:07:08:54 -0700] "-" 400 0 "-" "-"
65.52.111.238 - - [05/Apr/2012:07:08:56 -0700] "-" 400 0 "-" "-"
65.52.111.238 - - [05/Apr/2012:07:08:56 -0700] "-" 400 0 "-" "-"
184.191.224.10 - - [05/Apr/2012:07:09:50 -0700] "GET / HTTP/1.1" 200 1430 "-" "Caffeinated/1.1.1 CFNetwork/520.3.2 Darwin/11.3.0 (x86_64) (MacBookPro8%2C1)"
184.191.224.10 - - [05/Apr/2012:07:09:50 -0700] "GET /favicon.ico HTTP/1.1" 404 142 "-" "Caffeinated/1.1.1 CFNetwork/520.3.2 Darwin/11.3.0 (x86_64) (MacBookPro8%2C1)"
65.52.111.238 - - [05/Apr/2012:07:09:53 -0700] "-" 400 0 "-" "-"
184.191.224.10 - - [05/Apr/2012:07:10:20 -0700] "GET / HTTP/1.1" 200 1430 "-" "Caffeinated/1.1.1 CFNetwork/520.3.2 Darwin/11.3.0 (x86_64) (MacBookPro8%2C1)"
184.191.224.10 - - [05/Apr/2012:07:10:20 -0700] "GET /favicon.ico HTTP/1.1" 404 142 "-" "Caffeinated/1.1.1 CFNetwork/520.3.2 Darwin/11.3.0 (x86_64) (MacBookPro8%2C1)"
184.191.224.10 - - [05/Apr/2012:07:11:20 -0700] "GET / HTTP/1.1" 200 1430 "-" "Caffeinated/1.1.1 CFNetwork/520.3.2 Darwin/11.3.0 (x86_64) (MacBookPro8%2C1)"
184.191.224.10 - - [05/Apr/2012:07:11:20 -0700] "GET /favicon.ico HTTP/1.1" 404 142 "-" "Caffeinated/1.1.1 CFNetwork/520.3.2 Darwin/11.3.0 (x86_64) (MacBookPro8%2C1)"
85.17.88.169 - - [05/Apr/2012:07:11:21 -0700] "POST /blog/wp-cron.php?doing_wp_cron=1333634799 HTTP/1.0" 499 0 "-" "WordPress/3.3.1; http://yuvi.in/blog"
180.76.5.95 - - [05/Apr/2012:07:11:22 -0700] "GET /blog/2009/06/28/ HTTP/1.1" 200 6965 "-" "Mozilla/5.0 (compatible; Baiduspider/2.0; +http://www.baidu.com/search/spider.html)"
184.191.224.10 - - [05/Apr/2012:07:11:46 -0700] "GET / HTTP/1.1" 200 1430 "-" "Caffeinated/1.1.1 CFNetwork/520.3.2 Darwin/11.3.0 (x86_64) (MacBookPro8%2C1)"
184.191.224.10 - - [05/Apr/2012:07:11:46 -0700] "GET /favicon.ico HTTP/1.1" 404 142 "-" "Caffeinated/1.1.1 CFNetwork/520.3.2 Darwin/11.3.0 (x86_64) (MacBookPro8%2C1)"
141.0.8.247 - - [05/Apr/2012:07:12:18 -0700] "-" 400 0 "-" "-"
114.69.248.10 - - [05/Apr/2012:07:12:21 -0700] "GET /r/285s HTTP/1.1" 301 257 "http://ta.wikipedia.org/wiki/%E0%AE%AA%E0%AE%BF%E0%AE%B0%E0%AE%9A%E0%AE%BE%E0%AE%A8%E0%AF%8D%E0%AE%A4%E0%AF%8D_%E0%AE%AA%E0%AF%82%E0%AE%9A%E0%AE%A3%E0%AF%8D" "Mozilla/5.0 (Windows NT 5.1; rv:2.0) Gecko/20100101 Firefox/4.0"
114.69.248.10 - - [05/Apr/2012:07:12:21 -0700] "GET /s/ta/285s/ HTTP/1.1" 302 437 "http://ta.wikipedia.org/wiki/%E0%AE%AA%E0%AE%BF%E0%AE%B0%E0%AE%9A%E0%AE%BE%E0%AE%A8%E0%AF%8D%E0%AE%A4%E0%AF%8D_%E0%AE%AA%E0%AF%82%E0%AE%9A%E0%AE%A3%E0%AF%8D" "Mozilla/5.0 (Windows NT 5.1; rv:2.0) Gecko/20100101 Firefox/4.0"
14.96.163.78 - - [05/Apr/2012:07:12:27 -0700] "-" 400 0 "-" "-"
184.191.224.10 - - [05/Apr/2012:07:12:46 -0700] "GET / HTTP/1.1" 200 1430 "-" "Caffeinated/1.1.1 CFNetwork/520.3.2 Darwin/11.3.0 (x86_64) (MacBookPro8%2C1)"
184.191.224.10 - - [05/Apr/2012:07:12:46 -0700] "GET /favicon.ico HTTP/1.1" 404 142 "-" "Caffeinated/1.1.1 CFNetwork/520.3.2 Darwin/11.3.0 (x86_64) (MacBookPro8%2C1)"
184.191.224.10 - - [05/Apr/2012:07:13:09 -0700] "GET / HTTP/1.1" 200 1430 "-" "Caffeinated/1.1.1 CFNetwork/520.3.2 Darwin/11.3.0 (x86_64) (MacBookPro8%2C1)"
184.191.224.10 - - [05/Apr/2012:07:13:10 -0700] "GET /favicon.ico HTTP/1.1" 404 142 "-" "Caffeinated/1.1.1 CFNetwork/520.3.2 Darwin/11.3.0 (x86_64) (MacBookPro8%2C1)"
203.223.189.182 - - [05/Apr/2012:07:13:25 -0700] "-" 400 0 "-" "-"
117.230.46.210 - - [05/Apr/2012:07:13:26 -0700] "GET /favicon.ico HTTP/1.1" 404 142 "-" "Reeder/1.5.5 CFNetwork/548.1.4 Darwin/11.0.0"
184.191.224.10 - - [05/Apr/2012:07:14:12 -0700] "GET / HTTP/1.1" 200 1430 "-" "Caffeinated/1.1.1 CFNetwork/520.3.2 Darwin/11.3.0 (x86_64) (MacBookPro8%2C1)"
184.191.224.10 - - [05/Apr/2012:07:14:12 -0700] "GET /favicon.ico HTTP/1.1" 404 142 "-" "Caffeinated/1.1.1 CFNetwork/520.3.2 Darwin/11.3.0 (x86_64) (MacBookPro8%2C1)"
184.191.224.10 - - [05/Apr/2012:07:14:38 -0700] "GET / HTTP/1.1" 200 1430 "-" "Caffeinated/1.1.1 CFNetwork/520.3.2 Darwin/11.3.0 (x86_64) (MacBookPro8%2C1)"
184.191.224.10 - - [05/Apr/2012:07:14:38 -0700] "GET /favicon.ico HTTP/1.1" 404 142 "-" "Caffeinated/1.1.1 CFNetwork/520.3.2 Darwin/11.3.0 (x86_64) (MacBookPro8%2C1)"
203.223.189.182 - - [05/Apr/2012:07:14:45 -0700] "-" 400 0 "-" "-"
117.204.18.80 - - [05/Apr/2012:07:15:35 -0700] "-" 400 0 "-" "-"
184.191.224.10 - - [05/Apr/2012:07:15:37 -0700] "GET / HTTP/1.1" 200 1430 "-" "Caffeinated/1.1.1 CFNetwork/520.3.2 Darwin/11.3.0 (x86_64) (MacBookPro8%2C1)"
184.191.224.10 - - [05/Apr/2012:07:15:37 -0700] "GET /favicon.ico HTTP/1.1" 404 142 "-" "Caffeinated/1.1.1 CFNetwork/520.3.2 Darwin/11.3.0 (x86_64) (MacBookPro8%2C1)"
117.202.90.59 - - [05/Apr/2012:07:15:38 -0700] "-" 400 0 "-" "-"
117.202.90.59 - - [05/Apr/2012:07:15:38 -0700] "-" 400 0 "-" "-"
117.202.90.59 - - [05/Apr/2012:07:15:38 -0700] "-" 400 0 "-" "-"
117.202.90.59 - - [05/Apr/2012:07:15:38 -0700] "-" 400 0 "-" "-"
184.191.224.10 - - [05/Apr/2012:07:16:13 -0700] "GET / HTTP/1.1" 200 1430 "-" "Caffeinated/1.1.1 CFNetwork/520.3.2 Darwin/11.3.0 (x86_64) (MacBookPro8%2C1)"
184.191.224.10 - - [05/Apr/2012:07:16:13 -0700] "GET /favicon.ico HTTP/1.1" 404 142 "-" "Caffeinated/1.1.1 CFNetwork/520.3.2 Darwin/11.3.0 (x86_64) (MacBookPro8%2C1)"
184.191.224.10 - - [05/Apr/2012:07:17:00 -0700] "GET / HTTP/1.1" 200 1430 "-" "Caffeinated/1.1.1 CFNetwork/520.3.2 Darwin/11.3.0 (x86_64) (MacBookPro8%2C1)"
184.191.224.10 - - [05/Apr/2012:07:17:00 -0700] "GET /favicon.ico HTTP/1.1" 404 142 "-" "Caffeinated/1.1.1 CFNetwork/520.3.2 Darwin/11.3.0 (x86_64) (MacBookPro8%2C1)"
184.191.224.10 - - [05/Apr/2012:07:17:36 -0700] "GET / HTTP/1.1" 200 1430 "-" "Caffeinated/1.1.1 CFNetwork/520.3.2 Darwin/11.3.0 (x86_64) (MacBookPro8%2C1)"
184.191.224.10 - - [05/Apr/2012:07:17:36 -0700] "GET /favicon.ico HTTP/1.1" 404 142 "-" "Caffeinated/1.1.1 CFNetwork/520.3.2 Darwin/11.3.0 (x86_64) (MacBookPro8%2C1)"
117.193.148.83 - - [05/Apr/2012:07:18:15 -0700] "-" 400 0 "-" "-"
184.191.224.10 - - [05/Apr/2012:07:18:24 -0700] "GET / HTTP/1.1" 200 1430 "-" "Caffeinated/1.1.1 CFNetwork/520.3.2 Darwin/11.3.0 (x86_64) (MacBookPro8%2C1)"
184.191.224.10 - - [05/Apr/2012:07:18:24 -0700] "GET /favicon.ico HTTP/1.1" 404 142 "-" "Caffeinated/1.1.1 CFNetwork/520.3.2 Darwin/11.3.0 (x86_64) (MacBookPro8%2C1)"
85.17.88.169 - - [05/Apr/2012:07:18:35 -0700] "POST /blog/wp-cron.php?doing_wp_cron=1333635232 HTTP/1.0" 499 0 "-" "WordPress/3.3.1; http://yuvi.in/blog"
100.43.83.144 - - [05/Apr/2012:07:18:35 -0700] "GET /blog/2011/01/ HTTP/1.1" 200 7831 "-" "Mozilla/5.0 (compatible; YandexBot/3.0; +http://yandex.com/bots)"
115.248.18.66 - - [05/Apr/2012:07:18:40 -0700] "-" 400 0 "-" "-"
