128.2.207.79 - - [29/Mar/2012:17:00:27 -0700] "GET /blog/enthusiastic-teachers-and-naive-implementation-of-gauss-seidel-approximations/trackback/ HTTP/1.0" 302 0 "http://yuvi.in/blog/enthusiastic-teachers-and-naive-implementation-of-gauss-seidel-approximations/" "Mozilla/5.0 (compatible; lemurwebcrawler admin@lemurproject.org; +http://boston.lti.cs.cmu.edu/crawler_12/)"
85.17.88.169 - - [29/Mar/2012:17:01:48 -0700] "POST /blog/wp-cron.php?doing_wp_cron=1333065478 HTTP/1.0" 499 0 "-" "WordPress/3.3.1; http://yuvi.in/blog"
128.2.207.79 - - [29/Mar/2012:17:01:53 -0700] "GET /blog/orwell-and-huxley/trackback/ HTTP/1.0" 302 0 "http://yuvi.in/blog/orwell-and-huxley/" "Mozilla/5.0 (compatible; lemurwebcrawler admin@lemurproject.org; +http://boston.lti.cs.cmu.edu/crawler_12/)"
90.192.68.14 - - [29/Mar/2012:17:03:49 -0700] "GET /r/33y1 HTTP/1.1" 301 257 "http://www.facebook.com/l.php?u=http%3A%2F%2Ftawp.in%2Fr%2F33y1&h=3AQHTYKgdAQHxNNqlaP1lnw4_TnlWMd4GJnSl7G20nRloNQ" "Mozilla/5.0 (Windows NT 5.1; rv:11.0) Gecko/20100101 Firefox/11.0"
90.192.68.14 - - [29/Mar/2012:17:03:50 -0700] "GET /s/ta/33y1/ HTTP/1.1" 302 615 "http://www.facebook.com/l.php?u=http%3A%2F%2Ftawp.in%2Fr%2F33y1&h=3AQHTYKgdAQHxNNqlaP1lnw4_TnlWMd4GJnSl7G20nRloNQ" "Mozilla/5.0 (Windows NT 5.1; rv:11.0) Gecko/20100101 Firefox/11.0"
85.17.88.169 - - [29/Mar/2012:17:04:35 -0700] "POST /blog/wp-cron.php?doing_wp_cron=1333065646 HTTP/1.0" 499 0 "-" "WordPress/3.3.1; http://yuvi.in/blog"
128.2.207.79 - - [29/Mar/2012:17:04:36 -0700] "GET /blog/orwell-and-huxley/feed/ HTTP/1.0" 200 729 "http://yuvi.in/blog/orwell-and-huxley/" "Mozilla/5.0 (compatible; lemurwebcrawler admin@lemurproject.org; +http://boston.lti.cs.cmu.edu/crawler_12/)"
85.17.88.169 - - [29/Mar/2012:17:04:45 -0700] "POST /blog/wp-cron.php?doing_wp_cron=1333065656 HTTP/1.0" 499 0 "-" "WordPress/3.3.1; http://yuvi.in/blog"
212.156.147.146 - - [29/Mar/2012:17:04:45 -0700] "GET /blog/what-stop-child-athiest/ HTTP/1.0" 200 5572 "" "Mozilla/5.0 (Windows NT 6.1; rv:2.0b7pre) Gecko/20100921 Firefox/4.0b7pre"
180.76.5.55 - - [29/Mar/2012:17:04:46 -0700] "GET /blueprint/screen.css HTTP/1.1" 200 12058 "-" "Mozilla/5.0 (compatible; Baiduspider/2.0; +http://www.baidu.com/search/spider.html)"
85.17.88.169 - - [29/Mar/2012:17:06:03 -0700] "POST /blog/wp-cron.php?doing_wp_cron=1333065734 HTTP/1.0" 499 0 "-" "WordPress/3.3.1; http://yuvi.in/blog"
128.2.207.79 - - [29/Mar/2012:17:06:04 -0700] "GET /blog/how-i-spent-the-day-today/trackback/ HTTP/1.0" 302 0 "http://yuvi.in/blog/how-i-spent-the-day-today/" "Mozilla/5.0 (compatible; lemurwebcrawler admin@lemurproject.org; +http://boston.lti.cs.cmu.edu/crawler_12/)"
85.17.88.169 - - [29/Mar/2012:17:07:19 -0700] "POST /blog/wp-cron.php?doing_wp_cron=1333065809 HTTP/1.0" 499 0 "-" "WordPress/3.3.1; http://yuvi.in/blog"
128.2.207.79 - - [29/Mar/2012:17:07:20 -0700] "GET /blog/dokuwiki-plugin-to-easily-embed-gists/trackback/ HTTP/1.0" 302 0 "http://yuvi.in/blog/dokuwiki-plugin-to-easily-embed-gists/" "Mozilla/5.0 (compatible; lemurwebcrawler admin@lemurproject.org; +http://boston.lti.cs.cmu.edu/crawler_12/)"
69.171.234.3 - - [29/Mar/2012:17:07:29 -0700] "GET /r/fmf HTTP/1.1" 301 255 "-" "facebookexternalhit/1.1 (+http://www.facebook.com/externalhit_uatext.php)"
69.171.234.6 - - [29/Mar/2012:17:07:29 -0700] "GET /s/ta/fmf/ HTTP/1.1" 302 349 "-" "facebookexternalhit/1.1 (+http://www.facebook.com/externalhit_uatext.php)"
209.85.224.85 - - [29/Mar/2012:17:08:14 -0700] "GET /stories/feed HTTP/1.1" 200 13653 "-" "FeedBurner/1.0 (http://www.FeedBurner.com)"
85.17.88.169 - - [29/Mar/2012:17:08:38 -0700] "POST /blog/wp-cron.php?doing_wp_cron=1333065889 HTTP/1.0" 499 0 "-" "WordPress/3.3.1; http://yuvi.in/blog"
128.2.207.79 - - [29/Mar/2012:17:08:39 -0700] "GET /blog/dokuwiki-plugin-to-easily-embed-gists/feed/ HTTP/1.0" 200 789 "http://yuvi.in/blog/dokuwiki-plugin-to-easily-embed-gists/" "Mozilla/5.0 (compatible; lemurwebcrawler admin@lemurproject.org; +http://boston.lti.cs.cmu.edu/crawler_12/)"
112.79.40.18 - - [29/Mar/2012:17:09:32 -0700] "GET /where HTTP/1.1" 404 199 "-" "Mozilla/5.0 (X11; Linux i686) AppleWebKit/535.7 (KHTML, like Gecko) Chrome/16.0.912.63 Safari/535.7"
112.79.40.18 - - [29/Mar/2012:17:09:33 -0700] "GET /favicon.ico HTTP/1.1" 404 199 "-" "Mozilla/5.0 (X11; Linux i686) AppleWebKit/535.7 (KHTML, like Gecko) Chrome/16.0.912.63 Safari/535.7"
112.79.40.18 - - [29/Mar/2012:17:09:38 -0700] "GET /where.php HTTP/1.1" 404 199 "-" "Mozilla/5.0 (X11; Linux i686) AppleWebKit/535.7 (KHTML, like Gecko) Chrome/16.0.912.63 Safari/535.7"
112.79.40.18 - - [29/Mar/2012:17:09:39 -0700] "GET /favicon.ico HTTP/1.1" 404 199 "-" "Mozilla/5.0 (X11; Linux i686) AppleWebKit/535.7 (KHTML, like Gecko) Chrome/16.0.912.63 Safari/535.7"
112.79.40.18 - - [29/Mar/2012:17:09:43 -0700] "GET /where.html HTTP/1.1" 200 98 "-" "Mozilla/5.0 (X11; Linux i686) AppleWebKit/535.7 (KHTML, like Gecko) Chrome/16.0.912.63 Safari/535.7"
112.79.40.18 - - [29/Mar/2012:17:09:43 -0700] "GET /favicon.ico HTTP/1.1" 404 199 "-" "Mozilla/5.0 (X11; Linux i686) AppleWebKit/535.7 (KHTML, like Gecko) Chrome/16.0.912.63 Safari/535.7"
112.79.40.18 - - [29/Mar/2012:17:09:51 -0700] "-" 400 0 "-" "-"
112.79.40.18 - - [29/Mar/2012:17:09:51 -0700] "-" 400 0 "-" "-"
128.2.207.79 - - [29/Mar/2012:17:10:07 -0700] "GET /blog/hacking-more/feed/ HTTP/1.0" 200 715 "http://yuvi.in/blog/hacking-more/" "Mozilla/5.0 (compatible; lemurwebcrawler admin@lemurproject.org; +http://boston.lti.cs.cmu.edu/crawler_12/)"
85.17.88.169 - - [29/Mar/2012:17:10:07 -0700] "POST /blog/wp-cron.php?doing_wp_cron=1333065977 HTTP/1.0" 200 0 "-" "WordPress/3.3.1; http://yuvi.in/blog"
209.85.224.80 - - [29/Mar/2012:17:10:07 -0700] "GET /blog/feed HTTP/1.1" 304 0 "-" "FeedBurner/1.0 (http://www.FeedBurner.com)"
85.17.88.169 - - [29/Mar/2012:17:11:31 -0700] "POST /blog/wp-cron.php?doing_wp_cron=1333066062 HTTP/1.0" 499 0 "-" "WordPress/3.3.1; http://yuvi.in/blog"
128.2.207.79 - - [29/Mar/2012:17:11:37 -0700] "GET /blog/hacking-more/trackback/ HTTP/1.0" 302 0 "http://yuvi.in/blog/hacking-more/" "Mozilla/5.0 (compatible; lemurwebcrawler admin@lemurproject.org; +http://boston.lti.cs.cmu.edu/crawler_12/)"
85.17.88.169 - - [29/Mar/2012:17:13:59 -0700] "POST /blog/wp-cron.php?doing_wp_cron=1333066210 HTTP/1.0" 499 0 "-" "WordPress/3.3.1; http://yuvi.in/blog"
128.2.207.79 - - [29/Mar/2012:17:14:00 -0700] "GET /blog/abigger-binary-heart/feed/ HTTP/1.0" 200 739 "http://yuvi.in/blog/abigger-binary-heart/" "Mozilla/5.0 (compatible; lemurwebcrawler admin@lemurproject.org; +http://boston.lti.cs.cmu.edu/crawler_12/)"
117.193.44.152 - - [29/Mar/2012:17:15:03 -0700] "-" 400 0 "-" "-"
117.193.44.152 - - [29/Mar/2012:17:15:04 -0700] "-" 400 0 "-" "-"
117.193.44.152 - - [29/Mar/2012:17:15:04 -0700] "-" 400 0 "-" "-"
117.193.44.152 - - [29/Mar/2012:17:15:04 -0700] "-" 400 0 "-" "-"
117.193.44.152 - - [29/Mar/2012:17:15:13 -0700] "-" 400 0 "-" "-"
85.17.88.169 - - [29/Mar/2012:17:15:37 -0700] "POST /blog/wp-cron.php?doing_wp_cron=1333066308 HTTP/1.0" 499 0 "-" "WordPress/3.3.1; http://yuvi.in/blog"
128.2.207.79 - - [29/Mar/2012:17:15:38 -0700] "GET /blog/abigger-binary-heart/trackback/ HTTP/1.0" 302 0 "http://yuvi.in/blog/abigger-binary-heart/" "Mozilla/5.0 (compatible; lemurwebcrawler admin@lemurproject.org; +http://boston.lti.cs.cmu.edu/crawler_12/)"
85.17.88.169 - - [29/Mar/2012:17:17:01 -0700] "POST /blog/wp-cron.php?doing_wp_cron=1333066391 HTTP/1.0" 499 0 "-" "WordPress/3.3.1; http://yuvi.in/blog"
128.2.207.79 - - [29/Mar/2012:17:17:01 -0700] "GET /blog/icc-rules-for-backyard-cricket/feed/ HTTP/1.0" 200 768 "http://yuvi.in/blog/icc-rules-for-backyard-cricket/" "Mozilla/5.0 (compatible; lemurwebcrawler admin@lemurproject.org; +http://boston.lti.cs.cmu.edu/crawler_12/)"
117.193.44.152 - - [29/Mar/2012:17:18:14 -0700] "-" 400 0 "-" "-"
117.193.44.152 - - [29/Mar/2012:17:18:14 -0700] "-" 400 0 "-" "-"
117.193.44.152 - - [29/Mar/2012:17:18:14 -0700] "-" 400 0 "-" "-"
117.193.44.152 - - [29/Mar/2012:17:18:14 -0700] "-" 400 0 "-" "-"
117.193.44.152 - - [29/Mar/2012:17:18:14 -0700] "-" 400 0 "-" "-"
85.17.88.169 - - [29/Mar/2012:17:18:18 -0700] "POST /blog/wp-cron.php?doing_wp_cron=1333066468 HTTP/1.0" 499 0 "-" "WordPress/3.3.1; http://yuvi.in/blog"
128.2.207.79 - - [29/Mar/2012:17:18:18 -0700] "GET /blog/icc-rules-for-backyard-cricket/trackback/ HTTP/1.0" 302 0 "http://yuvi.in/blog/icc-rules-for-backyard-cricket/" "Mozilla/5.0 (compatible; lemurwebcrawler admin@lemurproject.org; +http://boston.lti.cs.cmu.edu/crawler_12/)"
85.17.88.169 - - [29/Mar/2012:17:18:26 -0700] "POST /blog/wp-cron.php?doing_wp_cron=1333066476 HTTP/1.0" 499 0 "-" "WordPress/3.3.1; http://yuvi.in/blog"
66.249.73.27 - - [29/Mar/2012:17:18:26 -0700] "GET /blog/3-reasons-people-join-it-companies/trackback/ HTTP/1.1" 302 0 "-" "Mozilla/5.0 (compatible; Googlebot/2.1; +http://www.google.com/bot.html)"
85.17.88.169 - - [29/Mar/2012:17:18:28 -0700] "POST /blog/wp-cron.php?doing_wp_cron=1333066479 HTTP/1.0" 499 0 "-" "WordPress/3.3.1; http://yuvi.in/blog"
66.249.73.27 - - [29/Mar/2012:17:18:29 -0700] "GET /blog/3-reasons-people-join-it-companies/ HTTP/1.1" 200 5580 "-" "Mozilla/5.0 (compatible; Googlebot/2.1; +http://www.google.com/bot.html)"
117.193.44.152 - - [29/Mar/2012:17:18:44 -0700] "-" 400 0 "-" "-"
85.17.88.169 - - [29/Mar/2012:17:19:38 -0700] "POST /blog/wp-cron.php?doing_wp_cron=1333066548 HTTP/1.0" 499 0 "-" "WordPress/3.3.1; http://yuvi.in/blog"
128.2.207.79 - - [29/Mar/2012:17:19:38 -0700] "GET /blog/samsung-n210-review/feed/ HTTP/1.0" 200 735 "http://yuvi.in/blog/samsung-n210-review/" "Mozilla/5.0 (compatible; lemurwebcrawler admin@lemurproject.org; +http://boston.lti.cs.cmu.edu/crawler_12/)"
117.193.44.152 - - [29/Mar/2012:17:20:04 -0700] "-" 400 0 "-" "-"
117.193.44.152 - - [29/Mar/2012:17:20:34 -0700] "-" 400 0 "-" "-"
117.193.44.152 - - [29/Mar/2012:17:20:34 -0700] "-" 400 0 "-" "-"
117.193.44.152 - - [29/Mar/2012:17:20:34 -0700] "-" 400 0 "-" "-"
117.193.44.152 - - [29/Mar/2012:17:20:34 -0700] "-" 400 0 "-" "-"
117.193.44.152 - - [29/Mar/2012:17:20:34 -0700] "-" 400 0 "-" "-"
85.17.88.169 - - [29/Mar/2012:17:21:03 -0700] "POST /blog/wp-cron.php?doing_wp_cron=1333066633 HTTP/1.0" 499 0 "-" "WordPress/3.3.1; http://yuvi.in/blog"
128.2.207.79 - - [29/Mar/2012:17:21:04 -0700] "GET /blog/samsung-n210-review/trackback/ HTTP/1.0" 302 0 "http://yuvi.in/blog/samsung-n210-review/" "Mozilla/5.0 (compatible; lemurwebcrawler admin@lemurproject.org; +http://boston.lti.cs.cmu.edu/crawler_12/)"
117.193.44.152 - - [29/Mar/2012:17:21:34 -0700] "-" 400 0 "-" "-"
117.202.132.185 - - [29/Mar/2012:17:22:02 -0700] "-" 400 0 "-" "-"
85.17.88.169 - - [29/Mar/2012:17:22:18 -0700] "POST /blog/wp-cron.php?doing_wp_cron=1333066708 HTTP/1.0" 499 0 "-" "WordPress/3.3.1; http://yuvi.in/blog"
128.2.207.79 - - [29/Mar/2012:17:22:19 -0700] "GET /blog/we-must-take-india-as-it-is-jules-verne/trackback/ HTTP/1.0" 302 0 "http://yuvi.in/blog/we-must-take-india-as-it-is-jules-verne/" "Mozilla/5.0 (compatible; lemurwebcrawler admin@lemurproject.org; +http://boston.lti.cs.cmu.edu/crawler_12/)"
220.181.108.86 - - [29/Mar/2012:17:22:22 -0700] "GET / HTTP/1.1" 404 211 "-" "Mozilla/5.0 (compatible; Baiduspider/2.0; +http://www.baidu.com/search/spider.html)"
85.17.88.169 - - [29/Mar/2012:17:23:46 -0700] "POST /blog/wp-cron.php?doing_wp_cron=1333066796 HTTP/1.0" 499 0 "-" "WordPress/3.3.1; http://yuvi.in/blog"
128.2.207.79 - - [29/Mar/2012:17:23:51 -0700] "GET /blog/we-must-take-india-as-it-is-jules-verne/feed/ HTTP/1.0" 200 819 "http://yuvi.in/blog/we-must-take-india-as-it-is-jules-verne/" "Mozilla/5.0 (compatible; lemurwebcrawler admin@lemurproject.org; +http://boston.lti.cs.cmu.edu/crawler_12/)"
117.193.44.152 - - [29/Mar/2012:17:24:24 -0700] "-" 400 0 "-" "-"
117.202.132.185 - - [29/Mar/2012:17:24:27 -0700] "-" 400 0 "-" "-"
85.17.88.169 - - [29/Mar/2012:17:26:08 -0700] "POST /blog/wp-cron.php?doing_wp_cron=1333066938 HTTP/1.0" 499 0 "-" "WordPress/3.3.1; http://yuvi.in/blog"
209.85.238.244 - - [29/Mar/2012:17:26:08 -0700] "GET /blog/feed/ HTTP/1.1" 304 0 "-" "Feedfetcher-Google; (+http://www.google.com/feedfetcher.html; 18 subscribers; feed-id=15064232456473204253)"
85.17.88.169 - - [29/Mar/2012:17:26:33 -0700] "POST /blog/wp-cron.php?doing_wp_cron=1333066964 HTTP/1.0" 499 0 "-" "WordPress/3.3.1; http://yuvi.in/blog"
128.2.207.79 - - [29/Mar/2012:17:26:34 -0700] "GET /blog/webfaction-review/feed/ HTTP/1.0" 200 729 "http://yuvi.in/blog/webfaction-review/" "Mozilla/5.0 (compatible; lemurwebcrawler admin@lemurproject.org; +http://boston.lti.cs.cmu.edu/crawler_12/)"
85.17.88.169 - - [29/Mar/2012:17:27:52 -0700] "POST /blog/wp-cron.php?doing_wp_cron=1333067043 HTTP/1.0" 499 0 "-" "WordPress/3.3.1; http://yuvi.in/blog"
128.2.207.79 - - [29/Mar/2012:17:27:58 -0700] "GET /blog/webfaction-review/trackback/ HTTP/1.0" 302 0 "http://yuvi.in/blog/webfaction-review/" "Mozilla/5.0 (compatible; lemurwebcrawler admin@lemurproject.org; +http://boston.lti.cs.cmu.edu/crawler_12/)"
117.202.132.185 - - [29/Mar/2012:17:28:06 -0700] "-" 400 0 "-" "-"
117.193.44.152 - - [29/Mar/2012:17:28:14 -0700] "-" 400 0 "-" "-"
117.193.44.152 - - [29/Mar/2012:17:28:14 -0700] "-" 400 0 "-" "-"
117.202.132.185 - - [29/Mar/2012:17:29:41 -0700] "-" 400 0 "-" "-"
85.17.88.169 - - [29/Mar/2012:17:30:22 -0700] "POST /blog/wp-cron.php?doing_wp_cron=1333067192 HTTP/1.0" 499 0 "-" "WordPress/3.3.1; http://yuvi.in/blog"
128.2.207.79 - - [29/Mar/2012:17:30:22 -0700] "GET /blog/why-i-moved-off-arch-on-my-netbook/trackback/ HTTP/1.0" 302 0 "http://yuvi.in/blog/why-i-moved-off-arch-on-my-netbook/" "Mozilla/5.0 (compatible; lemurwebcrawler admin@lemurproject.org; +http://boston.lti.cs.cmu.edu/crawler_12/)"
128.2.207.79 - - [29/Mar/2012:17:31:55 -0700] "GET /blog/tag/linux.html HTTP/1.0" 200 8182 "http://yuvi.in/blog/running-archlinux.html" "Mozilla/5.0 (compatible; lemurwebcrawler admin@lemurproject.org; +http://boston.lti.cs.cmu.edu/crawler_12/)"
100.43.83.144 - - [29/Mar/2012:17:32:42 -0700] "GET /blog/-room-full-of-people-like-me.html HTTP/1.1" 200 2482 "-" "Mozilla/5.0 (compatible; YandexBot/3.0; +http://yandex.com/bots)"
85.17.88.169 - - [29/Mar/2012:17:33:07 -0700] "POST /blog/wp-cron.php?doing_wp_cron=1333067358 HTTP/1.0" 499 0 "-" "WordPress/3.3.1; http://yuvi.in/blog"
128.2.207.79 - - [29/Mar/2012:17:33:08 -0700] "GET /blog/how-to-increase-cheeses-burst-mode-photo-count/trackback/ HTTP/1.0" 302 0 "http://yuvi.in/blog/how-to-increase-cheeses-burst-mode-photo-count/" "Mozilla/5.0 (compatible; lemurwebcrawler admin@lemurproject.org; +http://boston.lti.cs.cmu.edu/crawler_12/)"
85.17.88.169 - - [29/Mar/2012:17:33:36 -0700] "POST /blog/wp-cron.php?doing_wp_cron=1333067386 HTTP/1.0" 499 0 "-" "WordPress/3.3.1; http://yuvi.in/blog"
208.80.194.30 - - [29/Mar/2012:17:33:37 -0700] "GET /blog/ HTTP/1.0" 200 33142 "-" "Mozilla/4.0 (compatible; MSIE 6.0; Windows NT 5.1; SV1; .NET CLR 1.0.3705; InfoPath.1; .NET CLR 1.1.4322; Media Center PC 4.0; .NET CLR 2.0.50727; .NET CLR 3.0.04506.30)"
94.228.34.248 - - [29/Mar/2012:17:34:09 -0700] "GET /blog/ HTTP/1.1" 200 9194 "-" "magpie-crawler/1.1 (U; Linux amd64; en-GB; +http://www.brandwatch.net)"
85.17.88.169 - - [29/Mar/2012:17:34:32 -0700] "POST /blog/wp-cron.php?doing_wp_cron=1333067442 HTTP/1.0" 499 0 "-" "WordPress/3.3.1; http://yuvi.in/blog"
128.2.207.79 - - [29/Mar/2012:17:34:33 -0700] "GET /blog/my-first-accepted-patch/trackback/ HTTP/1.0" 302 0 "http://yuvi.in/blog/my-first-accepted-patch/" "Mozilla/5.0 (compatible; lemurwebcrawler admin@lemurproject.org; +http://boston.lti.cs.cmu.edu/crawler_12/)"
141.0.9.154 - - [29/Mar/2012:17:35:19 -0700] "-" 400 0 "-" "-"
85.17.88.169 - - [29/Mar/2012:17:35:42 -0700] "POST /blog/wp-cron.php?doing_wp_cron=1333067512 HTTP/1.0" 499 0 "-" "WordPress/3.3.1; http://yuvi.in/blog"
208.80.194.30 - - [29/Mar/2012:17:35:45 -0700] "GET /blog/program HTTP/1.0" 301 0 "-" "Mozilla/4.0 (compatible; MSIE 6.0; Windows NT 5.1; YComp 5.0.0.0; FunWebProducts; .NET CLR 1.0.3705; .NET CLR 1.1.4322)"
128.2.207.79 - - [29/Mar/2012:17:35:47 -0700] "GET /blog/gsoc-milestones-vala-build-using-autotools/trackback/ HTTP/1.0" 302 0 "http://yuvi.in/blog/gsoc-milestones-vala-build-using-autotools/" "Mozilla/5.0 (compatible; lemurwebcrawler admin@lemurproject.org; +http://boston.lti.cs.cmu.edu/crawler_12/)"
85.17.88.169 - - [29/Mar/2012:17:35:47 -0700] "POST /blog/wp-cron.php?doing_wp_cron=1333067518 HTTP/1.0" 200 0 "-" "WordPress/3.3.1; http://yuvi.in/blog"
208.80.194.30 - - [29/Mar/2012:17:35:49 -0700] "GET /blog/program/ HTTP/1.0" 200 27214 "-" "Mozilla/4.0 (compatible; MSIE 6.0; Windows NT 5.1; {4C782700-B603-E9F6-7230-16054D597DC1}; Sgrunt|V110|29|S839718926|dial; Sgrunt|V110|29|S839718926|dialno; snprtz|T13537600000230|2600#Service Pack 2#2#5#1)"
85.17.88.169 - - [29/Mar/2012:17:36:00 -0700] "POST /blog/wp-cron.php?doing_wp_cron=1333067530 HTTP/1.0" 499 0 "-" "WordPress/3.3.1; http://yuvi.in/blog"
128.2.207.79 - - [29/Mar/2012:17:36:01 -0700] "GET /blog/vala-gtkbuilder-and-autoconnecting-signal-handlers/feed/ HTTP/1.0" 200 829 "http://yuvi.in/blog/vala-gtkbuilder-and-autoconnecting-signal-handlers/" "Mozilla/5.0 (compatible; lemurwebcrawler admin@lemurproject.org; +http://boston.lti.cs.cmu.edu/crawler_12/)"
85.17.88.169 - - [29/Mar/2012:17:37:26 -0700] "POST /blog/wp-cron.php?doing_wp_cron=1333067616 HTTP/1.0" 499 0 "-" "WordPress/3.3.1; http://yuvi.in/blog"
128.2.207.79 - - [29/Mar/2012:17:37:26 -0700] "GET /blog/vala-gtkbuilder-and-autoconnecting-signal-handlers/trackback/ HTTP/1.0" 302 0 "http://yuvi.in/blog/vala-gtkbuilder-and-autoconnecting-signal-handlers/" "Mozilla/5.0 (compatible; lemurwebcrawler admin@lemurproject.org; +http://boston.lti.cs.cmu.edu/crawler_12/)"
85.17.88.169 - - [29/Mar/2012:17:38:46 -0700] "POST /blog/wp-cron.php?doing_wp_cron=1333067696 HTTP/1.0" 499 0 "-" "WordPress/3.3.1; http://yuvi.in/blog"
128.2.207.79 - - [29/Mar/2012:17:38:47 -0700] "GET /blog/cheese-gsoc-report-week-1/feed/ HTTP/1.0" 200 761 "http://yuvi.in/blog/cheese-gsoc-report-week-1/" "Mozilla/5.0 (compatible; lemurwebcrawler admin@lemurproject.org; +http://boston.lti.cs.cmu.edu/crawler_12/)"
85.17.88.169 - - [29/Mar/2012:17:40:08 -0700] "POST /blog/wp-cron.php?doing_wp_cron=1333067778 HTTP/1.0" 499 0 "-" "WordPress/3.3.1; http://yuvi.in/blog"
128.2.207.79 - - [29/Mar/2012:17:40:14 -0700] "GET /blog/cheese-gsoc-report-week-1/trackback/ HTTP/1.0" 302 0 "http://yuvi.in/blog/cheese-gsoc-report-week-1/" "Mozilla/5.0 (compatible; lemurwebcrawler admin@lemurproject.org; +http://boston.lti.cs.cmu.edu/crawler_12/)"
85.17.88.169 - - [29/Mar/2012:17:40:15 -0700] "POST /blog/wp-cron.php?doing_wp_cron=1333067786 HTTP/1.0" 499 0 "-" "WordPress/3.3.1; http://yuvi.in/blog"
209.85.224.97 - - [29/Mar/2012:17:40:16 -0700] "GET /blog/feed HTTP/1.1" 304 0 "-" "FeedBurner/1.0 (http://www.FeedBurner.com)"
74.125.156.87 - - [29/Mar/2012:17:40:51 -0700] "GET /favicon.ico HTTP/1.1" 404 142 "-" "-"
85.17.88.169 - - [29/Mar/2012:17:42:52 -0700] "POST /blog/wp-cron.php?doing_wp_cron=1333067942 HTTP/1.0" 499 0 "-" "WordPress/3.3.1; http://yuvi.in/blog"
128.2.207.79 - - [29/Mar/2012:17:42:53 -0700] "GET /blog/gsoc-milestone-0-what-does-my-project-do/trackback/ HTTP/1.0" 302 0 "http://yuvi.in/blog/gsoc-milestone-0-what-does-my-project-do/" "Mozilla/5.0 (compatible; lemurwebcrawler admin@lemurproject.org; +http://boston.lti.cs.cmu.edu/crawler_12/)"
128.2.207.79 - - [29/Mar/2012:17:45:18 -0700] "GET /blog/tag/hack.html HTTP/1.0" 200 5906 "http://yuvi.in/blog/hacking-more.html" "Mozilla/5.0 (compatible; lemurwebcrawler admin@lemurproject.org; +http://boston.lti.cs.cmu.edu/crawler_12/)"
85.17.88.169 - - [29/Mar/2012:17:46:48 -0700] "POST /blog/wp-cron.php?doing_wp_cron=1333068178 HTTP/1.0" 499 0 "-" "WordPress/3.3.1; http://yuvi.in/blog"
128.2.207.79 - - [29/Mar/2012:17:46:48 -0700] "GET /blog/gsoc-2010-the-beginning/trackback/ HTTP/1.0" 302 0 "http://yuvi.in/blog/gsoc-2010-the-beginning/" "Mozilla/5.0 (compatible; lemurwebcrawler admin@lemurproject.org; +http://boston.lti.cs.cmu.edu/crawler_12/)"
49.137.149.220 - - [29/Mar/2012:17:47:13 -0700] "GET /r/23z HTTP/1.1" 301 255 "-" "Mozilla/5.0 (iPhone; U; CPU iPhone OS 4_3_3 like Mac OS X; en-us) AppleWebKit/533.17.9 (KHTML, like Gecko) Mobile/8J2"
49.137.149.220 - - [29/Mar/2012:17:47:16 -0700] "GET /s/ta/23z/ HTTP/1.1" 302 397 "-" "Mozilla/5.0 (iPhone; U; CPU iPhone OS 4_3_3 like Mac OS X; en-us) AppleWebKit/533.17.9 (KHTML, like Gecko) Mobile/8J2"
49.137.149.220 - - [29/Mar/2012:17:47:22 -0700] "GET /r/23z HTTP/1.1" 301 255 "-" "Mozilla/5.0 (iPhone; U; CPU iPhone OS 4_3_3 like Mac OS X; en-us) AppleWebKit/533.17.9 (KHTML, like Gecko) Mobile/8J2"
49.137.149.220 - - [29/Mar/2012:17:47:23 -0700] "GET /s/ta/23z/ HTTP/1.1" 302 397 "-" "Mozilla/5.0 (iPhone; U; CPU iPhone OS 4_3_3 like Mac OS X; en-us) AppleWebKit/533.17.9 (KHTML, like Gecko) Mobile/8J2"
49.137.149.220 - - [29/Mar/2012:17:47:25 -0700] "GET /r/1va HTTP/1.1" 301 255 "-" "Mozilla/5.0 (iPhone; U; CPU iPhone OS 4_3_3 like Mac OS X; en-us) AppleWebKit/533.17.9 (KHTML, like Gecko) Mobile/8J2"
115.242.210.129 - - [29/Mar/2012:17:47:48 -0700] "-" 400 0 "-" "-"
85.17.88.169 - - [29/Mar/2012:17:49:29 -0700] "POST /blog/wp-cron.php?doing_wp_cron=1333068339 HTTP/1.0" 499 0 "-" "WordPress/3.3.1; http://yuvi.in/blog"
128.2.207.79 - - [29/Mar/2012:17:49:29 -0700] "GET /blog/devlog-mar-2011/trackback/ HTTP/1.0" 302 0 "http://yuvi.in/blog/devlog-mar-2011/" "Mozilla/5.0 (compatible; lemurwebcrawler admin@lemurproject.org; +http://boston.lti.cs.cmu.edu/crawler_12/)"
208.80.194.30 - - [29/Mar/2012:17:49:39 -0700] "GET /blog/program/ HTTP/1.0" 200 27234 "-" "Mozilla/4.0 (compatible; MSIE 6.0; Windows NT 5.1; SV1; YPC 3.2.0; yplus 5.6.04b)"
85.17.88.169 - - [29/Mar/2012:17:50:08 -0700] "POST /blog/wp-cron.php?doing_wp_cron=1333068378 HTTP/1.0" 499 0 "-" "WordPress/3.3.1; http://yuvi.in/blog"
209.85.238.244 - - [29/Mar/2012:17:50:09 -0700] "GET /blog/feed HTTP/1.1" 301 0 "-" "Feedfetcher-Google; (+http://www.google.com/feedfetcher.html; 3 subscribers; feed-id=17684830852112633560)"
85.17.88.169 - - [29/Mar/2012:17:50:11 -0700] "POST /blog/wp-cron.php?doing_wp_cron=1333068381 HTTP/1.0" 499 0 "-" "WordPress/3.3.1; http://yuvi.in/blog"
209.85.238.244 - - [29/Mar/2012:17:50:11 -0700] "GET /blog/feed/ HTTP/1.1" 304 0 "-" "Feedfetcher-Google; (+http://www.google.com/feedfetcher.html; 3 subscribers; feed-id=17684830852112633560)"
208.80.194.30 - - [29/Mar/2012:17:50:26 -0700] "GET /blog/program/ HTTP/1.0" 200 27234 "-" "Mozilla/4.0 (compatible; MSIE 6.0; Windows NT 5.1; SV1; FunWebProducts; .NET CLR 1.0.3705; .NET CLR 1.1.4322; Media Center PC 4.0; Zango 10.0.314.0) Netscape/8.0.4"
85.17.88.169 - - [29/Mar/2012:17:51:51 -0700] "POST /blog/wp-cron.php?doing_wp_cron=1333068482 HTTP/1.0" 499 0 "-" "WordPress/3.3.1; http://yuvi.in/blog"
128.2.207.79 - - [29/Mar/2012:17:51:52 -0700] "GET /blog/devlog-mar-2011/feed/ HTTP/1.0" 200 724 "http://yuvi.in/blog/devlog-mar-2011/" "Mozilla/5.0 (compatible; lemurwebcrawler admin@lemurproject.org; +http://boston.lti.cs.cmu.edu/crawler_12/)"
85.17.88.169 - - [29/Mar/2012:17:53:35 -0700] "POST /blog/wp-cron.php?doing_wp_cron=1333068585 HTTP/1.0" 499 0 "-" "WordPress/3.3.1; http://yuvi.in/blog"
128.2.207.79 - - [29/Mar/2012:17:53:41 -0700] "GET /blog/devlog-feb-2011/trackback/ HTTP/1.0" 302 0 "http://yuvi.in/blog/devlog-feb-2011/" "Mozilla/5.0 (compatible; lemurwebcrawler admin@lemurproject.org; +http://boston.lti.cs.cmu.edu/crawler_12/)"
85.17.88.169 - - [29/Mar/2012:17:57:19 -0700] "POST /blog/wp-cron.php?doing_wp_cron=1333068809 HTTP/1.0" 499 0 "-" "WordPress/3.3.1; http://yuvi.in/blog"
128.2.207.79 - - [29/Mar/2012:17:57:20 -0700] "GET /blog/devlog-jan-2011/trackback/ HTTP/1.0" 302 0 "http://yuvi.in/blog/devlog-jan-2011/" "Mozilla/5.0 (compatible; lemurwebcrawler admin@lemurproject.org; +http://boston.lti.cs.cmu.edu/crawler_12/)"
66.249.73.27 - - [29/Mar/2012:17:57:29 -0700] "GET /POSM/ HTTP/1.1" 200 1963 "-" "Mozilla/5.0 (compatible; Googlebot/2.1; +http://www.google.com/bot.html)"
180.215.77.45 - - [29/Mar/2012:17:57:47 -0700] "GET / HTTP/1.1" 200 1430 "-" "Mozilla/5.0 (X11; Linux i686) AppleWebKit/535.1 (KHTML, like Gecko) Chrome/14.0.835.202 Safari/535.1"
180.215.77.45 - - [29/Mar/2012:17:57:48 -0700] "GET /blueprint/screen.css HTTP/1.1" 200 12058 "http://yuvi.in/" "Mozilla/5.0 (X11; Linux i686) AppleWebKit/535.1 (KHTML, like Gecko) Chrome/14.0.835.202 Safari/535.1"
180.215.77.45 - - [29/Mar/2012:17:57:51 -0700] "GET /blueprint/print.css HTTP/1.1" 200 1284 "http://yuvi.in/" "Mozilla/5.0 (X11; Linux i686) AppleWebKit/535.1 (KHTML, like Gecko) Chrome/14.0.835.202 Safari/535.1"
180.215.77.45 - - [29/Mar/2012:17:57:51 -0700] "GET /header.png HTTP/1.1" 200 14249 "http://yuvi.in/" "Mozilla/5.0 (X11; Linux i686) AppleWebKit/535.1 (KHTML, like Gecko) Chrome/14.0.835.202 Safari/535.1"
180.215.77.45 - - [29/Mar/2012:17:57:55 -0700] "GET /favicon.ico HTTP/1.1" 404 199 "-" "Mozilla/5.0 (X11; Linux i686) AppleWebKit/535.1 (KHTML, like Gecko) Chrome/14.0.835.202 Safari/535.1"
180.215.77.45 - - [29/Mar/2012:17:58:00 -0700] "GET /blog HTTP/1.1" 301 178 "http://yuvi.in/" "Mozilla/5.0 (X11; Linux i686) AppleWebKit/535.1 (KHTML, like Gecko) Chrome/14.0.835.202 Safari/535.1"
180.215.77.45 - - [29/Mar/2012:17:58:01 -0700] "GET /blog/ HTTP/1.1" 200 9194 "http://yuvi.in/" "Mozilla/5.0 (X11; Linux i686) AppleWebKit/535.1 (KHTML, like Gecko) Chrome/14.0.835.202 Safari/535.1"
180.215.77.45 - - [29/Mar/2012:17:58:03 -0700] "GET /blog/wp-content/themes/cleanr/style.css HTTP/1.1" 200 10508 "http://yuvi.in/blog/" "Mozilla/5.0 (X11; Linux i686) AppleWebKit/535.1 (KHTML, like Gecko) Chrome/14.0.835.202 Safari/535.1"
180.215.77.45 - - [29/Mar/2012:17:58:05 -0700] "GET /blog/wp-content/themes/cleanr/js/jquery.dropdown.js?ver=3.3.1 HTTP/1.1" 200 535 "http://yuvi.in/blog/" "Mozilla/5.0 (X11; Linux i686) AppleWebKit/535.1 (KHTML, like Gecko) Chrome/14.0.835.202 Safari/535.1"
180.215.77.45 - - [29/Mar/2012:17:58:07 -0700] "GET /blog/wp-content/themes/cleanr/css/reset.css HTTP/1.1" 200 648 "http://yuvi.in/blog/" "Mozilla/5.0 (X11; Linux i686) AppleWebKit/535.1 (KHTML, like Gecko) Chrome/14.0.835.202 Safari/535.1"
180.215.77.45 - - [29/Mar/2012:17:58:07 -0700] "GET /blog/wp-content/themes/cleanr/css/text.css HTTP/1.1" 200 420 "http://yuvi.in/blog/" "Mozilla/5.0 (X11; Linux i686) AppleWebKit/535.1 (KHTML, like Gecko) Chrome/14.0.835.202 Safari/535.1"
180.215.77.45 - - [29/Mar/2012:17:58:07 -0700] "GET /blog/wp-content/themes/cleanr/css/960.css HTTP/1.1" 200 3628 "http://yuvi.in/blog/" "Mozilla/5.0 (X11; Linux i686) AppleWebKit/535.1 (KHTML, like Gecko) Chrome/14.0.835.202 Safari/535.1"
180.215.77.45 - - [29/Mar/2012:17:58:08 -0700] "GET /blog/wp-includes/js/jquery/jquery.js?ver=1.7.1 HTTP/1.1" 200 93889 "http://yuvi.in/blog/" "Mozilla/5.0 (X11; Linux i686) AppleWebKit/535.1 (KHTML, like Gecko) Chrome/14.0.835.202 Safari/535.1"
180.215.77.45 - - [29/Mar/2012:17:58:10 -0700] "GET /blog/wp-content/themes/cleanr/images/search_magnifier.gif HTTP/1.1" 200 394 "http://yuvi.in/blog/" "Mozilla/5.0 (X11; Linux i686) AppleWebKit/535.1 (KHTML, like Gecko) Chrome/14.0.835.202 Safari/535.1"
180.215.77.45 - - [29/Mar/2012:17:58:13 -0700] "GET /favicon.ico HTTP/1.1" 404 199 "-" "Mozilla/5.0 (X11; Linux i686) AppleWebKit/535.1 (KHTML, like Gecko) Chrome/14.0.835.202 Safari/535.1"
208.80.194.36 - - [29/Mar/2012:17:59:09 -0700] "GET /blueprint/screen.css HTTP/1.0" 200 12058 "-" "Mozilla/4.0 (compatible; MSIE 7.0; Windows NT 5.1; ga=MDAxMTk1NjA0MTM4)"
115.242.210.129 - - [29/Mar/2012:17:59:58 -0700] "-" 400 0 "-" "-"
85.17.88.169 - - [29/Mar/2012:18:00:00 -0700] "POST /blog/wp-cron.php?doing_wp_cron=1333068970 HTTP/1.0" 499 0 "-" "WordPress/3.3.1; http://yuvi.in/blog"
128.2.207.79 - - [29/Mar/2012:18:00:00 -0700] "GET /blog/more-effects-for-cheese/trackback/ HTTP/1.0" 302 0 "http://yuvi.in/blog/more-effects-for-cheese/" "Mozilla/5.0 (compatible; lemurwebcrawler admin@lemurproject.org; +http://boston.lti.cs.cmu.edu/crawler_12/)"
85.17.88.169 - - [29/Mar/2012:18:02:20 -0700] "POST /blog/wp-cron.php?doing_wp_cron=1333069111 HTTP/1.0" 499 0 "-" "WordPress/3.3.1; http://yuvi.in/blog"
101.226.33.179 - - [29/Mar/2012:18:02:21 -0700] "GET /blog/feed HTTP/1.0" 304 0 "-" "Mozilla/4.0 (compatible; Windows;)"
85.17.88.169 - - [29/Mar/2012:18:02:22 -0700] "POST /blog/wp-cron.php?doing_wp_cron=1333069112 HTTP/1.0" 499 0 "-" "WordPress/3.3.1; http://yuvi.in/blog"
128.2.207.79 - - [29/Mar/2012:18:02:23 -0700] "GET /blog/moving-to-vim-from-emacs/feed/ HTTP/1.0" 200 750 "http://yuvi.in/blog/moving-to-vim-from-emacs/" "Mozilla/5.0 (compatible; lemurwebcrawler admin@lemurproject.org; +http://boston.lti.cs.cmu.edu/crawler_12/)"
207.46.193.48 - - [29/Mar/2012:18:04:46 -0700] "-" 400 0 "-" "-"
207.46.193.48 - - [29/Mar/2012:18:04:46 -0700] "-" 400 0 "-" "-"
207.46.193.48 - - [29/Mar/2012:18:04:46 -0700] "-" 400 0 "-" "-"
207.46.193.48 - - [29/Mar/2012:18:04:46 -0700] "-" 400 0 "-" "-"
207.46.193.48 - - [29/Mar/2012:18:04:46 -0700] "-" 400 0 "-" "-"
207.46.193.48 - - [29/Mar/2012:18:04:46 -0700] "-" 400 0 "-" "-"
207.46.193.48 - - [29/Mar/2012:18:04:46 -0700] "-" 400 0 "-" "-"
207.46.193.48 - - [29/Mar/2012:18:04:47 -0700] "-" 400 0 "-" "-"
207.46.193.48 - - [29/Mar/2012:18:04:47 -0700] "-" 400 0 "-" "-"
207.46.193.48 - - [29/Mar/2012:18:04:47 -0700] "-" 400 0 "-" "-"
208.80.194.36 - - [29/Mar/2012:18:05:16 -0700] "GET /header.png HTTP/1.0" 200 14249 "-" "Mozilla/4.0 (compatible; MSIE 7.0; Windows NT 5.1; Sky Broadband; .NET CLR 1.0.3705; .NET CLR 1.1.4322; Media Center PC 4.0)"
85.17.88.169 - - [29/Mar/2012:18:05:20 -0700] "POST /blog/wp-cron.php?doing_wp_cron=1333069290 HTTP/1.0" 499 0 "-" "WordPress/3.3.1; http://yuvi.in/blog"
128.2.207.79 - - [29/Mar/2012:18:05:20 -0700] "GET /blog/moving-to-vim-from-emacs/trackback/ HTTP/1.0" 302 0 "http://yuvi.in/blog/moving-to-vim-from-emacs/" "Mozilla/5.0 (compatible; lemurwebcrawler admin@lemurproject.org; +http://boston.lti.cs.cmu.edu/crawler_12/)"
207.46.193.48 - - [29/Mar/2012:18:05:31 -0700] "-" 400 0 "-" "-"
85.17.88.169 - - [29/Mar/2012:18:07:46 -0700] "POST /blog/wp-cron.php?doing_wp_cron=1333069437 HTTP/1.0" 499 0 "-" "WordPress/3.3.1; http://yuvi.in/blog"
128.2.207.79 - - [29/Mar/2012:18:07:47 -0700] "GET /blog/serendipity/trackback/ HTTP/1.0" 302 0 "http://yuvi.in/blog/serendipity/" "Mozilla/5.0 (compatible; lemurwebcrawler admin@lemurproject.org; +http://boston.lti.cs.cmu.edu/crawler_12/)"
115.248.50.23 - - [29/Mar/2012:18:08:40 -0700] "-" 400 0 "-" "-"
115.248.50.23 - - [29/Mar/2012:18:08:40 -0700] "-" 400 0 "-" "-"
85.17.88.169 - - [29/Mar/2012:18:09:32 -0700] "POST /blog/wp-cron.php?doing_wp_cron=1333069542 HTTP/1.0" 499 0 "-" "WordPress/3.3.1; http://yuvi.in/blog"
128.2.207.79 - - [29/Mar/2012:18:09:37 -0700] "GET /blog/serendipity/feed/ HTTP/1.0" 200 711 "http://yuvi.in/blog/serendipity/" "Mozilla/5.0 (compatible; lemurwebcrawler admin@lemurproject.org; +http://boston.lti.cs.cmu.edu/crawler_12/)"
85.17.88.169 - - [29/Mar/2012:18:10:26 -0700] "POST /blog/wp-cron.php?doing_wp_cron=1333069596 HTTP/1.0" 499 0 "-" "WordPress/3.3.1; http://yuvi.in/blog"
209.85.224.95 - - [29/Mar/2012:18:10:26 -0700] "GET /blog/feed HTTP/1.1" 304 0 "-" "FeedBurner/1.0 (http://www.FeedBurner.com)"
208.80.194.36 - - [29/Mar/2012:18:10:33 -0700] "GET /blueprint/print.css HTTP/1.0" 200 1284 "-" "Mozilla/4.0 (compatible; MSIE 6.0; Windows NT 5.1; SV1; .NET CLR 1.0.3705; .NET CLR 1.1.4322; Media Center PC 3.1; .NET CLR 2.0.50727; ZangoToolbar 4.8.3; yplus 5.6.04b)"
85.17.88.169 - - [29/Mar/2012:18:13:16 -0700] "POST /blog/wp-cron.php?doing_wp_cron=1333069766 HTTP/1.0" 499 0 "-" "WordPress/3.3.1; http://yuvi.in/blog"
128.2.207.79 - - [29/Mar/2012:18:13:16 -0700] "GET /blog/what-i-lack/feed/ HTTP/1.0" 200 711 "http://yuvi.in/blog/what-i-lack/" "Mozilla/5.0 (compatible; lemurwebcrawler admin@lemurproject.org; +http://boston.lti.cs.cmu.edu/crawler_12/)"
220.181.108.77 - - [29/Mar/2012:18:13:46 -0700] "GET /blog/what-i-learnt-from-the-hackfest-at-iitm.html HTTP/1.1" 304 0 "-" "Mozilla/5.0 (compatible; Baiduspider/2.0; +http://www.baidu.com/search/spider.html)"
85.17.88.169 - - [29/Mar/2012:18:14:57 -0700] "POST /blog/wp-cron.php?doing_wp_cron=1333069867 HTTP/1.0" 499 0 "-" "WordPress/3.3.1; http://yuvi.in/blog"
128.2.207.79 - - [29/Mar/2012:18:14:58 -0700] "GET /blog/what-i-lack/trackback/ HTTP/1.0" 302 0 "http://yuvi.in/blog/what-i-lack/" "Mozilla/5.0 (compatible; lemurwebcrawler admin@lemurproject.org; +http://boston.lti.cs.cmu.edu/crawler_12/)"
85.17.88.169 - - [29/Mar/2012:18:17:19 -0700] "POST /blog/wp-cron.php?doing_wp_cron=1333070009 HTTP/1.0" 499 0 "-" "WordPress/3.3.1; http://yuvi.in/blog"
128.2.207.79 - - [29/Mar/2012:18:17:19 -0700] "GET /blog/alone/trackback/ HTTP/1.0" 302 0 "http://yuvi.in/blog/alone/" "Mozilla/5.0 (compatible; lemurwebcrawler admin@lemurproject.org; +http://boston.lti.cs.cmu.edu/crawler_12/)"
85.17.88.169 - - [29/Mar/2012:18:18:18 -0700] "POST /blog/wp-cron.php?doing_wp_cron=1333070068 HTTP/1.0" 499 0 "-" "WordPress/3.3.1; http://yuvi.in/blog"
209.85.224.88 - - [29/Mar/2012:18:18:18 -0700] "GET /stories/feed HTTP/1.1" 200 13653 "-" "FeedBurner/1.0 (http://www.FeedBurner.com)"
209.85.238.244 - - [29/Mar/2012:18:18:19 -0700] "GET /blog/feed/ HTTP/1.1" 304 0 "-" "Feedfetcher-Google; (+http://www.google.com/feedfetcher.html; 18 subscribers; feed-id=15064232456473204253)"
117.201.42.28 - - [29/Mar/2012:18:19:20 -0700] "GET /r/2wz HTTP/1.1" 301 255 "http://ta.wikipedia.org/wiki/%E0%AE%A4%E0%AF%8A%E0%AE%B2%E0%AF%8D%E0%AE%95%E0%AE%BE%E0%AE%AA%E0%AF%8D%E0%AE%AA%E0%AE%BF%E0%AE%AF%E0%AE%AE%E0%AF%8D" "Mozilla/4.0 (compatible; MSIE 8.0; Windows NT 6.0)"
117.201.42.28 - - [29/Mar/2012:18:19:21 -0700] "GET /s/ta/2wz/ HTTP/1.1" 302 421 "http://ta.wikipedia.org/wiki/%E0%AE%A4%E0%AF%8A%E0%AE%B2%E0%AF%8D%E0%AE%95%E0%AE%BE%E0%AE%AA%E0%AF%8D%E0%AE%AA%E0%AE%BF%E0%AE%AF%E0%AE%AE%E0%AF%8D" "Mozilla/4.0 (compatible; MSIE 8.0; Windows NT 6.0)"
85.17.88.169 - - [29/Mar/2012:18:20:08 -0700] "POST /blog/wp-cron.php?doing_wp_cron=1333070178 HTTP/1.0" 499 0 "-" "WordPress/3.3.1; http://yuvi.in/blog"
128.2.207.79 - - [29/Mar/2012:18:20:08 -0700] "GET /blog/new-email-id/trackback/ HTTP/1.0" 302 0 "http://yuvi.in/blog/new-email-id/" "Mozilla/5.0 (compatible; lemurwebcrawler admin@lemurproject.org; +http://boston.lti.cs.cmu.edu/crawler_12/)"
85.17.88.169 - - [29/Mar/2012:18:21:43 -0700] "POST /blog/wp-cron.php?doing_wp_cron=1333070273 HTTP/1.0" 499 0 "-" "WordPress/3.3.1; http://yuvi.in/blog"
139.18.2.209 - - [29/Mar/2012:18:21:44 -0700] "GET /blog/college-drop/ HTTP/1.1" 200 18438 "-" "findlinks/2.0.1 (+http://wortschatz.uni-leipzig.de/findlinks/)"
117.201.42.28 - - [29/Mar/2012:18:21:51 -0700] "GET /r/kt3 HTTP/1.1" 301 255 "http://ta.wikipedia.org/wiki/%E0%AE%95%E0%AE%AE%E0%AF%8D%E0%AE%AA%E0%AE%B0%E0%AE%BE%E0%AE%AE%E0%AE%BE%E0%AE%AF%E0%AE%A3%E0%AE%AE%E0%AF%8D" "Mozilla/4.0 (compatible; MSIE 8.0; Windows NT 6.0)"
117.201.42.28 - - [29/Mar/2012:18:21:52 -0700] "GET /s/ta/kt3/ HTTP/1.1" 499 0 "http://ta.wikipedia.org/wiki/%E0%AE%95%E0%AE%AE%E0%AF%8D%E0%AE%AA%E0%AE%B0%E0%AE%BE%E0%AE%AE%E0%AE%BE%E0%AE%AF%E0%AE%A3%E0%AE%AE%E0%AF%8D" "Mozilla/4.0 (compatible; MSIE 8.0; Windows NT 6.0)"
208.115.113.84 - - [29/Mar/2012:18:22:06 -0700] "GET /robots.txt HTTP/1.1" 404 169 "-" "Mozilla/5.0 (compatible; Ezooms/1.0; ezooms.bot@gmail.com)"
117.201.42.28 - - [29/Mar/2012:18:22:28 -0700] "GET /r/dt1 HTTP/1.1" 301 255 "http://ta.wikipedia.org/wiki/%E0%AE%9A%E0%AF%80%E0%AE%B5%E0%AE%95_%E0%AE%9A%E0%AE%BF%E0%AE%A8%E0%AF%8D%E0%AE%A4%E0%AE%BE%E0%AE%AE%E0%AE%A3%E0%AE%BF" "Mozilla/4.0 (compatible; MSIE 8.0; Windows NT 6.0)"
117.201.42.28 - - [29/Mar/2012:18:22:30 -0700] "GET /s/ta/dt1/ HTTP/1.1" 499 0 "http://ta.wikipedia.org/wiki/%E0%AE%9A%E0%AF%80%E0%AE%B5%E0%AE%95_%E0%AE%9A%E0%AE%BF%E0%AE%A8%E0%AF%8D%E0%AE%A4%E0%AE%BE%E0%AE%AE%E0%AE%A3%E0%AE%BF" "Mozilla/4.0 (compatible; MSIE 8.0; Windows NT 6.0)"
85.17.88.169 - - [29/Mar/2012:18:22:35 -0700] "POST /blog/wp-cron.php?doing_wp_cron=1333070325 HTTP/1.0" 499 0 "-" "WordPress/3.3.1; http://yuvi.in/blog"
128.2.207.79 - - [29/Mar/2012:18:22:37 -0700] "GET /blog/3hours-of-code-1-blog-post-per-day/feed/ HTTP/1.0" 200 786 "http://yuvi.in/blog/3hours-of-code-1-blog-post-per-day/" "Mozilla/5.0 (compatible; lemurwebcrawler admin@lemurproject.org; +http://boston.lti.cs.cmu.edu/crawler_12/)"
59.92.52.215 - - [29/Mar/2012:18:23:02 -0700] "-" 400 0 "-" "-"
213.186.127.13 - - [29/Mar/2012:18:24:09 -0700] "GET /s/ta/5an/ HTTP/1.1" 302 647 "-" "Mozilla/5.0 (compatible; AhrefsBot/2.0; +http://ahrefs.com/robot/)"
117.201.42.28 - - [29/Mar/2012:18:24:30 -0700] "GET /r/5of HTTP/1.1" 301 255 "http://ta.wikipedia.org/wiki/%E0%AE%A4%E0%AE%AE%E0%AE%BF%E0%AE%B4%E0%AF%8D_%E0%AE%87%E0%AE%B2%E0%AE%95%E0%AF%8D%E0%AE%95%E0%AE%BF%E0%AE%AF%E0%AE%AA%E0%AF%8D_%E0%AE%AA%E0%AE%9F%E0%AF%8D%E0%AE%9F%E0%AE%BF%E0%AE%AF%E0%AE%B2%E0%AF%8D" "Mozilla/4.0 (compatible; MSIE 8.0; Windows NT 6.0)"
117.201.42.28 - - [29/Mar/2012:18:24:31 -0700] "GET /s/ta/5of/ HTTP/1.1" 302 537 "http://ta.wikipedia.org/wiki/%E0%AE%A4%E0%AE%AE%E0%AE%BF%E0%AE%B4%E0%AF%8D_%E0%AE%87%E0%AE%B2%E0%AE%95%E0%AF%8D%E0%AE%95%E0%AE%BF%E0%AE%AF%E0%AE%AA%E0%AF%8D_%E0%AE%AA%E0%AE%9F%E0%AF%8D%E0%AE%9F%E0%AE%BF%E0%AE%AF%E0%AE%B2%E0%AF%8D" "Mozilla/4.0 (compatible; MSIE 8.0; Windows NT 6.0)"
117.201.42.28 - - [29/Mar/2012:18:25:57 -0700] "GET /r/h2 HTTP/1.1" 301 253 "http://ta.wikipedia.org/wiki/%E0%AE%A4%E0%AE%AE%E0%AE%BF%E0%AE%B4%E0%AF%8D_%E0%AE%AE%E0%AF%8A%E0%AE%B4%E0%AE%BF" "Mozilla/4.0 (compatible; MSIE 8.0; Windows NT 6.0)"
117.201.42.28 - - [29/Mar/2012:18:25:58 -0700] "GET /s/ta/h2/ HTTP/1.1" 302 377 "http://ta.wikipedia.org/wiki/%E0%AE%A4%E0%AE%AE%E0%AE%BF%E0%AE%B4%E0%AF%8D_%E0%AE%AE%E0%AF%8A%E0%AE%B4%E0%AE%BF" "Mozilla/4.0 (compatible; MSIE 8.0; Windows NT 6.0)"
85.17.88.169 - - [29/Mar/2012:18:28:39 -0700] "POST /blog/wp-cron.php?doing_wp_cron=1333070689 HTTP/1.0" 499 0 "-" "WordPress/3.3.1; http://yuvi.in/blog"
128.2.207.79 - - [29/Mar/2012:18:28:39 -0700] "GET /blog/3hours-of-code-1-blog-post-per-day/trackback/ HTTP/1.0" 302 0 "http://yuvi.in/blog/3hours-of-code-1-blog-post-per-day/" "Mozilla/5.0 (compatible; lemurwebcrawler admin@lemurproject.org; +http://boston.lti.cs.cmu.edu/crawler_12/)"
59.92.52.215 - - [29/Mar/2012:18:29:33 -0700] "-" 400 0 "-" "-"
207.46.204.209 - - [29/Mar/2012:18:31:18 -0700] "-" 400 0 "-" "-"
207.46.204.209 - - [29/Mar/2012:18:31:19 -0700] "-" 400 0 "-" "-"
207.46.204.209 - - [29/Mar/2012:18:31:19 -0700] "-" 400 0 "-" "-"
207.46.204.209 - - [29/Mar/2012:18:31:19 -0700] "-" 400 0 "-" "-"
85.17.88.169 - - [29/Mar/2012:18:31:20 -0700] "POST /blog/wp-cron.php?doing_wp_cron=1333070850 HTTP/1.0" 499 0 "-" "WordPress/3.3.1; http://yuvi.in/blog"
207.46.204.209 - - [29/Mar/2012:18:31:20 -0700] "-" 400 0 "-" "-"
207.46.204.209 - - [29/Mar/2012:18:31:20 -0700] "-" 400 0 "-" "-"
207.46.204.209 - - [29/Mar/2012:18:31:20 -0700] "-" 400 0 "-" "-"
207.46.204.209 - - [29/Mar/2012:18:31:20 -0700] "-" 400 0 "-" "-"
207.46.204.209 - - [29/Mar/2012:18:31:20 -0700] "-" 400 0 "-" "-"
207.46.204.209 - - [29/Mar/2012:18:31:20 -0700] "-" 400 0 "-" "-"
128.2.207.79 - - [29/Mar/2012:18:31:25 -0700] "GET /blog/the-automatic-quote-generators-aka-autopeople/trackback/ HTTP/1.0" 302 0 "http://yuvi.in/blog/the-automatic-quote-generators-aka-autopeople/" "Mozilla/5.0 (compatible; lemurwebcrawler admin@lemurproject.org; +http://boston.lti.cs.cmu.edu/crawler_12/)"
207.46.204.209 - - [29/Mar/2012:18:31:59 -0700] "-" 400 0 "-" "-"
59.92.52.215 - - [29/Mar/2012:18:34:37 -0700] "-" 400 0 "-" "-"
85.17.88.169 - - [29/Mar/2012:18:35:09 -0700] "POST /blog/wp-cron.php?doing_wp_cron=1333071079 HTTP/1.0" 499 0 "-" "WordPress/3.3.1; http://yuvi.in/blog"
128.2.207.79 - - [29/Mar/2012:18:35:10 -0700] "GET /blog/autokrish-because-we-dont-get-enough-jilpa/trackback/ HTTP/1.0" 302 0 "http://yuvi.in/blog/autokrish-because-we-dont-get-enough-jilpa/" "Mozilla/5.0 (compatible; lemurwebcrawler admin@lemurproject.org; +http://boston.lti.cs.cmu.edu/crawler_12/)"
98.180.220.78 - - [29/Mar/2012:18:35:50 -0700] "GET / HTTP/1.1" 200 1430 "-" "Caffeinated/1.1.1 CFNetwork/520.3.2 Darwin/11.3.0 (x86_64) (MacBookPro8%2C1)"
98.180.220.78 - - [29/Mar/2012:18:35:50 -0700] "GET /favicon.ico HTTP/1.1" 404 142 "-" "Caffeinated/1.1.1 CFNetwork/520.3.2 Darwin/11.3.0 (x86_64) (MacBookPro8%2C1)"
117.201.42.28 - - [29/Mar/2012:18:36:40 -0700] "GET /r/1vb HTTP/1.1" 301 255 "http://ta.wikipedia.org/wiki/%E0%AE%9A%E0%AE%BF%E0%AE%B2%E0%AE%AA%E0%AF%8D%E0%AE%AA%E0%AE%A4%E0%AE%BF%E0%AE%95%E0%AE%BE%E0%AE%B0%E0%AE%AE%E0%AF%8D" "Mozilla/4.0 (compatible; MSIE 8.0; Windows NT 6.0)"
117.201.42.28 - - [29/Mar/2012:18:36:41 -0700] "-" 400 0 "-" "-"
98.180.220.78 - - [29/Mar/2012:18:36:55 -0700] "GET / HTTP/1.1" 200 1430 "-" "Caffeinated/1.1.1 CFNetwork/520.3.2 Darwin/11.3.0 (x86_64) (MacBookPro8%2C1)"
98.180.220.78 - - [29/Mar/2012:18:36:55 -0700] "GET /favicon.ico HTTP/1.1" 404 142 "-" "Caffeinated/1.1.1 CFNetwork/520.3.2 Darwin/11.3.0 (x86_64) (MacBookPro8%2C1)"
98.180.220.78 - - [29/Mar/2012:18:37:22 -0700] "GET / HTTP/1.1" 200 1430 "-" "Caffeinated/1.1.1 CFNetwork/520.3.2 Darwin/11.3.0 (x86_64) (MacBookPro8%2C1)"
98.180.220.78 - - [29/Mar/2012:18:37:22 -0700] "GET /favicon.ico HTTP/1.1" 404 142 "-" "Caffeinated/1.1.1 CFNetwork/520.3.2 Darwin/11.3.0 (x86_64) (MacBookPro8%2C1)"
85.17.88.169 - - [29/Mar/2012:18:37:43 -0700] "POST /blog/wp-cron.php?doing_wp_cron=1333071233 HTTP/1.0" 499 0 "-" "WordPress/3.3.1; http://yuvi.in/blog"
128.2.207.79 - - [29/Mar/2012:18:37:44 -0700] "GET /blog/premature-greying/trackback/ HTTP/1.0" 302 0 "http://yuvi.in/blog/premature-greying/" "Mozilla/5.0 (compatible; lemurwebcrawler admin@lemurproject.org; +http://boston.lti.cs.cmu.edu/crawler_12/)"
98.180.220.78 - - [29/Mar/2012:18:38:21 -0700] "GET / HTTP/1.1" 200 1430 "-" "Caffeinated/1.1.1 CFNetwork/520.3.2 Darwin/11.3.0 (x86_64) (MacBookPro8%2C1)"
98.180.220.78 - - [29/Mar/2012:18:38:21 -0700] "GET /favicon.ico HTTP/1.1" 404 142 "-" "Caffeinated/1.1.1 CFNetwork/520.3.2 Darwin/11.3.0 (x86_64) (MacBookPro8%2C1)"
117.201.42.28 - - [29/Mar/2012:18:38:30 -0700] "GET /r/5nx HTTP/1.1" 301 255 "http://ta.wikipedia.org/wiki/%E0%AE%9A%E0%AE%BF%E0%AE%B1%E0%AF%81%E0%AE%AA%E0%AE%9E%E0%AF%8D%E0%AE%9A%E0%AE%AE%E0%AF%82%E0%AE%B2%E0%AE%AE%E0%AF%8D" "Mozilla/4.0 (compatible; MSIE 8.0; Windows NT 6.0)"
117.201.42.28 - - [29/Mar/2012:18:38:31 -0700] "GET /s/ta/5nx/ HTTP/1.1" 499 0 "http://ta.wikipedia.org/wiki/%E0%AE%9A%E0%AE%BF%E0%AE%B1%E0%AF%81%E0%AE%AA%E0%AE%9E%E0%AF%8D%E0%AE%9A%E0%AE%AE%E0%AF%82%E0%AE%B2%E0%AE%AE%E0%AF%8D" "Mozilla/4.0 (compatible; MSIE 8.0; Windows NT 6.0)"
98.180.220.78 - - [29/Mar/2012:18:38:50 -0700] "GET / HTTP/1.1" 200 1430 "-" "Caffeinated/1.1.1 CFNetwork/520.3.2 Darwin/11.3.0 (x86_64) (MacBookPro8%2C1)"
98.180.220.78 - - [29/Mar/2012:18:38:50 -0700] "GET /favicon.ico HTTP/1.1" 404 142 "-" "Caffeinated/1.1.1 CFNetwork/520.3.2 Darwin/11.3.0 (x86_64) (MacBookPro8%2C1)"
98.180.220.78 - - [29/Mar/2012:18:39:48 -0700] "GET / HTTP/1.1" 200 1430 "-" "Caffeinated/1.1.1 CFNetwork/520.3.2 Darwin/11.3.0 (x86_64) (MacBookPro8%2C1)"
98.180.220.78 - - [29/Mar/2012:18:39:48 -0700] "GET /favicon.ico HTTP/1.1" 404 142 "-" "Caffeinated/1.1.1 CFNetwork/520.3.2 Darwin/11.3.0 (x86_64) (MacBookPro8%2C1)"
85.17.88.169 - - [29/Mar/2012:18:40:12 -0700] "POST /blog/wp-cron.php?doing_wp_cron=1333071382 HTTP/1.0" 499 0 "-" "WordPress/3.3.1; http://yuvi.in/blog"
128.2.207.79 - - [29/Mar/2012:18:40:12 -0700] "GET /blog/treat-of-a-lifetime/trackback/ HTTP/1.0" 302 0 "http://yuvi.in/blog/treat-of-a-lifetime/" "Mozilla/5.0 (compatible; lemurwebcrawler admin@lemurproject.org; +http://boston.lti.cs.cmu.edu/crawler_12/)"
98.180.220.78 - - [29/Mar/2012:18:40:19 -0700] "GET / HTTP/1.1" 200 1430 "-" "Caffeinated/1.1.1 CFNetwork/520.3.2 Darwin/11.3.0 (x86_64) (MacBookPro8%2C1)"
98.180.220.78 - - [29/Mar/2012:18:40:19 -0700] "GET /favicon.ico HTTP/1.1" 404 142 "-" "Caffeinated/1.1.1 CFNetwork/520.3.2 Darwin/11.3.0 (x86_64) (MacBookPro8%2C1)"
85.17.88.169 - - [29/Mar/2012:18:40:35 -0700] "POST /blog/wp-cron.php?doing_wp_cron=1333071405 HTTP/1.0" 499 0 "-" "WordPress/3.3.1; http://yuvi.in/blog"
209.85.224.83 - - [29/Mar/2012:18:40:35 -0700] "GET /blog/feed HTTP/1.1" 304 0 "-" "FeedBurner/1.0 (http://www.FeedBurner.com)"
98.180.220.78 - - [29/Mar/2012:18:41:18 -0700] "GET / HTTP/1.1" 200 1430 "-" "Caffeinated/1.1.1 CFNetwork/520.3.2 Darwin/11.3.0 (x86_64) (MacBookPro8%2C1)"
98.180.220.78 - - [29/Mar/2012:18:41:18 -0700] "GET /favicon.ico HTTP/1.1" 404 142 "-" "Caffeinated/1.1.1 CFNetwork/520.3.2 Darwin/11.3.0 (x86_64) (MacBookPro8%2C1)"
85.17.88.169 - - [29/Mar/2012:18:41:39 -0700] "POST /blog/wp-cron.php?doing_wp_cron=1333071469 HTTP/1.0" 499 0 "-" "WordPress/3.3.1; http://yuvi.in/blog"
128.2.207.79 - - [29/Mar/2012:18:41:39 -0700] "GET /blog/treat-of-a-lifetime/feed/ HTTP/1.0" 200 735 "http://yuvi.in/blog/treat-of-a-lifetime/" "Mozilla/5.0 (compatible; lemurwebcrawler admin@lemurproject.org; +http://boston.lti.cs.cmu.edu/crawler_12/)"
98.180.220.78 - - [29/Mar/2012:18:41:46 -0700] "GET / HTTP/1.1" 200 1430 "-" "Caffeinated/1.1.1 CFNetwork/520.3.2 Darwin/11.3.0 (x86_64) (MacBookPro8%2C1)"
98.180.220.78 - - [29/Mar/2012:18:41:46 -0700] "GET /favicon.ico HTTP/1.1" 404 142 "-" "Caffeinated/1.1.1 CFNetwork/520.3.2 Darwin/11.3.0 (x86_64) (MacBookPro8%2C1)"
98.180.220.78 - - [29/Mar/2012:18:42:46 -0700] "GET / HTTP/1.1" 200 1430 "-" "Caffeinated/1.1.1 CFNetwork/520.3.2 Darwin/11.3.0 (x86_64) (MacBookPro8%2C1)"
98.180.220.78 - - [29/Mar/2012:18:42:47 -0700] "GET /favicon.ico HTTP/1.1" 404 142 "-" "Caffeinated/1.1.1 CFNetwork/520.3.2 Darwin/11.3.0 (x86_64) (MacBookPro8%2C1)"
69.171.234.1 - - [29/Mar/2012:18:43:15 -0700] "GET /r/fmf HTTP/1.1" 301 255 "-" "facebookexternalhit/1.1 (+http://www.facebook.com/externalhit_uatext.php)"
69.171.234.6 - - [29/Mar/2012:18:43:15 -0700] "GET /s/ta/fmf/ HTTP/1.1" 302 349 "-" "facebookexternalhit/1.1 (+http://www.facebook.com/externalhit_uatext.php)"
98.180.220.78 - - [29/Mar/2012:18:43:17 -0700] "GET / HTTP/1.1" 200 1430 "-" "Caffeinated/1.1.1 CFNetwork/520.3.2 Darwin/11.3.0 (x86_64) (MacBookPro8%2C1)"
98.180.220.78 - - [29/Mar/2012:18:43:18 -0700] "GET /favicon.ico HTTP/1.1" 404 142 "-" "Caffeinated/1.1.1 CFNetwork/520.3.2 Darwin/11.3.0 (x86_64) (MacBookPro8%2C1)"
195.188.228.30 - - [29/Mar/2012:18:44:11 -0700] "GET /robots.txt HTTP/1.0" 404 169 "-" "Mozilla/5.0 (compatible; MJ12bot/v1.4.2; http://www.majestic12.co.uk/bot.php?+)"
195.188.228.30 - - [29/Mar/2012:18:44:14 -0700] "GET /blog/devlog-april-2011.html HTTP/1.1" 200 12560 "-" "Mozilla/5.0 (compatible; MJ12bot/v1.4.2; http://www.majestic12.co.uk/bot.php?+)"
98.180.220.78 - - [29/Mar/2012:18:44:16 -0700] "GET / HTTP/1.1" 200 1430 "-" "Caffeinated/1.1.1 CFNetwork/520.3.2 Darwin/11.3.0 (x86_64) (MacBookPro8%2C1)"
98.180.220.78 - - [29/Mar/2012:18:44:16 -0700] "GET /favicon.ico HTTP/1.1" 404 142 "-" "Caffeinated/1.1.1 CFNetwork/520.3.2 Darwin/11.3.0 (x86_64) (MacBookPro8%2C1)"
98.180.220.78 - - [29/Mar/2012:18:44:47 -0700] "GET / HTTP/1.1" 200 1430 "-" "Caffeinated/1.1.1 CFNetwork/520.3.2 Darwin/11.3.0 (x86_64) (MacBookPro8%2C1)"
98.180.220.78 - - [29/Mar/2012:18:44:47 -0700] "GET /favicon.ico HTTP/1.1" 404 142 "-" "Caffeinated/1.1.1 CFNetwork/520.3.2 Darwin/11.3.0 (x86_64) (MacBookPro8%2C1)"
85.17.88.169 - - [29/Mar/2012:18:45:29 -0700] "POST /blog/wp-cron.php?doing_wp_cron=1333071699 HTTP/1.0" 499 0 "-" "WordPress/3.3.1; http://yuvi.in/blog"
128.2.207.79 - - [29/Mar/2012:18:45:30 -0700] "GET /blog/my-involvement-in-novelrace/trackback/ HTTP/1.0" 302 0 "http://yuvi.in/blog/my-involvement-in-novelrace/" "Mozilla/5.0 (compatible; lemurwebcrawler admin@lemurproject.org; +http://boston.lti.cs.cmu.edu/crawler_12/)"
150.70.64.197 - - [29/Mar/2012:18:46:25 -0700] "GET /congratulations-youre-almost-done HTTP/1.0" 404 571 "-" "Mozilla/4.0 (compatible; MSIE 6.0; Windows NT 5.1)"
85.17.88.169 - - [29/Mar/2012:18:48:08 -0700] "POST /blog/wp-cron.php?doing_wp_cron=1333071858 HTTP/1.0" 499 0 "-" "WordPress/3.3.1; http://yuvi.in/blog"
128.2.207.79 - - [29/Mar/2012:18:48:09 -0700] "GET /blog/im-jealous-of-her/trackback/ HTTP/1.0" 302 0 "http://yuvi.in/blog/im-jealous-of-her/" "Mozilla/5.0 (compatible; lemurwebcrawler admin@lemurproject.org; +http://boston.lti.cs.cmu.edu/crawler_12/)"
122.164.229.104 - - [29/Mar/2012:18:49:14 -0700] "-" 400 0 "-" "-"
122.164.229.104 - - [29/Mar/2012:18:49:14 -0700] "-" 400 0 "-" "-"
117.201.42.28 - - [29/Mar/2012:18:49:21 -0700] "GET /r/255 HTTP/1.1" 301 255 "http://ta.wikipedia.org/wiki/%E0%AE%A4%E0%AE%AE%E0%AE%BF%E0%AE%B4%E0%AF%8D_%E0%AE%87%E0%AE%B2%E0%AE%95%E0%AF%8D%E0%AE%95%E0%AE%A3%E0%AE%AE%E0%AF%8D" "Mozilla/4.0 (compatible; MSIE 8.0; Windows NT 6.0)"
117.201.42.28 - - [29/Mar/2012:18:49:22 -0700] "GET /s/ta/255/ HTTP/1.1" 302 425 "http://ta.wikipedia.org/wiki/%E0%AE%A4%E0%AE%AE%E0%AE%BF%E0%AE%B4%E0%AF%8D_%E0%AE%87%E0%AE%B2%E0%AE%95%E0%AF%8D%E0%AE%95%E0%AE%A3%E0%AE%AE%E0%AF%8D" "Mozilla/4.0 (compatible; MSIE 8.0; Windows NT 6.0)"
85.17.88.169 - - [29/Mar/2012:18:50:45 -0700] "POST /blog/wp-cron.php?doing_wp_cron=1333072015 HTTP/1.0" 499 0 "-" "WordPress/3.3.1; http://yuvi.in/blog"
128.2.207.79 - - [29/Mar/2012:18:50:45 -0700] "GET /blog/carrier-error/trackback/ HTTP/1.0" 302 0 "http://yuvi.in/blog/carrier-error/" "Mozilla/5.0 (compatible; lemurwebcrawler admin@lemurproject.org; +http://boston.lti.cs.cmu.edu/crawler_12/)"
70.24.217.117 - - [29/Mar/2012:18:51:52 -0700] "GET /r/33y1 HTTP/1.1" 301 257 "http://www.facebook.com/" "Mozilla/5.0 (compatible; MSIE 9.0; Windows NT 6.1; Trident/5.0; BOIE9;ENUS)"
70.24.217.117 - - [29/Mar/2012:18:51:53 -0700] "GET /s/ta/33y1/ HTTP/1.1" 302 615 "http://www.facebook.com/" "Mozilla/5.0 (compatible; MSIE 9.0; Windows NT 6.1; Trident/5.0; BOIE9;ENUS)"
85.17.88.169 - - [29/Mar/2012:18:53:28 -0700] "POST /blog/wp-cron.php?doing_wp_cron=1333072178 HTTP/1.0" 499 0 "-" "WordPress/3.3.1; http://yuvi.in/blog"
