184.191.224.10 - - [09/Apr/2012:13:00:38 -0700] "GET / HTTP/1.1" 200 1430 "-" "Caffeinated/1.1.1 CFNetwork/520.3.2 Darwin/11.3.0 (x86_64) (MacBookPro8%2C1)"
184.191.224.10 - - [09/Apr/2012:13:00:38 -0700] "GET /favicon.ico HTTP/1.1" 404 142 "-" "Caffeinated/1.1.1 CFNetwork/520.3.2 Darwin/11.3.0 (x86_64) (MacBookPro8%2C1)"
184.191.224.10 - - [09/Apr/2012:13:01:38 -0700] "GET / HTTP/1.1" 200 1430 "-" "Caffeinated/1.1.1 CFNetwork/520.3.2 Darwin/11.3.0 (x86_64) (MacBookPro8%2C1)"
184.191.224.10 - - [09/Apr/2012:13:01:38 -0700] "GET /favicon.ico HTTP/1.1" 404 142 "-" "Caffeinated/1.1.1 CFNetwork/520.3.2 Darwin/11.3.0 (x86_64) (MacBookPro8%2C1)"
184.191.224.10 - - [09/Apr/2012:13:01:57 -0700] "GET / HTTP/1.1" 200 1430 "-" "Caffeinated/1.1.1 CFNetwork/520.3.2 Darwin/11.3.0 (x86_64) (MacBookPro8%2C1)"
184.191.224.10 - - [09/Apr/2012:13:01:58 -0700] "GET /favicon.ico HTTP/1.1" 404 142 "-" "Caffeinated/1.1.1 CFNetwork/520.3.2 Darwin/11.3.0 (x86_64) (MacBookPro8%2C1)"
184.191.224.10 - - [09/Apr/2012:13:02:57 -0700] "GET / HTTP/1.1" 200 1430 "-" "Caffeinated/1.1.1 CFNetwork/520.3.2 Darwin/11.3.0 (x86_64) (MacBookPro8%2C1)"
184.191.224.10 - - [09/Apr/2012:13:02:57 -0700] "GET /favicon.ico HTTP/1.1" 404 142 "-" "Caffeinated/1.1.1 CFNetwork/520.3.2 Darwin/11.3.0 (x86_64) (MacBookPro8%2C1)"
184.191.224.10 - - [09/Apr/2012:13:03:19 -0700] "GET / HTTP/1.1" 200 1430 "-" "Caffeinated/1.1.1 CFNetwork/520.3.2 Darwin/11.3.0 (x86_64) (MacBookPro8%2C1)"
184.191.224.10 - - [09/Apr/2012:13:03:19 -0700] "GET /favicon.ico HTTP/1.1" 404 142 "-" "Caffeinated/1.1.1 CFNetwork/520.3.2 Darwin/11.3.0 (x86_64) (MacBookPro8%2C1)"
184.191.224.10 - - [09/Apr/2012:13:04:17 -0700] "GET / HTTP/1.1" 200 1430 "-" "Caffeinated/1.1.1 CFNetwork/520.3.2 Darwin/11.3.0 (x86_64) (MacBookPro8%2C1)"
184.191.224.10 - - [09/Apr/2012:13:04:17 -0700] "GET /favicon.ico HTTP/1.1" 404 142 "-" "Caffeinated/1.1.1 CFNetwork/520.3.2 Darwin/11.3.0 (x86_64) (MacBookPro8%2C1)"
184.191.224.10 - - [09/Apr/2012:13:04:37 -0700] "GET / HTTP/1.1" 200 1430 "-" "Caffeinated/1.1.1 CFNetwork/520.3.2 Darwin/11.3.0 (x86_64) (MacBookPro8%2C1)"
184.191.224.10 - - [09/Apr/2012:13:04:37 -0700] "GET /favicon.ico HTTP/1.1" 404 142 "-" "Caffeinated/1.1.1 CFNetwork/520.3.2 Darwin/11.3.0 (x86_64) (MacBookPro8%2C1)"
184.191.224.10 - - [09/Apr/2012:13:05:38 -0700] "GET / HTTP/1.1" 200 1430 "-" "Caffeinated/1.1.1 CFNetwork/520.3.2 Darwin/11.3.0 (x86_64) (MacBookPro8%2C1)"
184.191.224.10 - - [09/Apr/2012:13:05:39 -0700] "GET /favicon.ico HTTP/1.1" 404 142 "-" "Caffeinated/1.1.1 CFNetwork/520.3.2 Darwin/11.3.0 (x86_64) (MacBookPro8%2C1)"
85.17.88.169 - - [09/Apr/2012:13:05:50 -0700] "POST /blog/wp-cron.php?doing_wp_cron=1334001634 HTTP/1.0" 499 0 "-" "WordPress/3.3.1; http://yuvi.in/blog"
209.85.144.92 - - [09/Apr/2012:13:05:51 -0700] "GET /blog/feed HTTP/1.1" 304 0 "-" "FeedBurner/1.0 (http://www.FeedBurner.com)"
184.191.224.10 - - [09/Apr/2012:13:05:56 -0700] "GET / HTTP/1.1" 200 1430 "-" "Caffeinated/1.1.1 CFNetwork/520.3.2 Darwin/11.3.0 (x86_64) (MacBookPro8%2C1)"
184.191.224.10 - - [09/Apr/2012:13:05:57 -0700] "GET /favicon.ico HTTP/1.1" 404 142 "-" "Caffeinated/1.1.1 CFNetwork/520.3.2 Darwin/11.3.0 (x86_64) (MacBookPro8%2C1)"
65.52.111.244 - - [09/Apr/2012:13:06:36 -0700] "-" 400 0 "-" "-"
65.52.111.244 - - [09/Apr/2012:13:06:36 -0700] "-" 400 0 "-" "-"
65.52.111.244 - - [09/Apr/2012:13:06:36 -0700] "-" 400 0 "-" "-"
14.99.38.37 - - [09/Apr/2012:13:06:39 -0700] "GET /tinker/xkayseedee/ HTTP/1.1" 404 199 "-" "Mozilla/5.0 (X11; Linux i686) AppleWebKit/535.7 (KHTML, like Gecko) Chrome/16.0.912.63 Safari/535.7"
65.52.111.244 - - [09/Apr/2012:13:06:39 -0700] "-" 400 0 "-" "-"
65.52.111.244 - - [09/Apr/2012:13:06:39 -0700] "-" 400 0 "-" "-"
65.52.111.244 - - [09/Apr/2012:13:06:39 -0700] "-" 400 0 "-" "-"
14.99.38.37 - - [09/Apr/2012:13:06:39 -0700] "GET /favicon.ico HTTP/1.1" 404 199 "-" "Mozilla/5.0 (X11; Linux i686) AppleWebKit/535.7 (KHTML, like Gecko) Chrome/16.0.912.63 Safari/535.7"
65.52.111.244 - - [09/Apr/2012:13:06:42 -0700] "-" 400 0 "-" "-"
65.52.111.244 - - [09/Apr/2012:13:06:42 -0700] "-" 400 0 "-" "-"
65.52.111.244 - - [09/Apr/2012:13:06:47 -0700] "-" 400 0 "-" "-"
184.191.224.10 - - [09/Apr/2012:13:06:55 -0700] "GET / HTTP/1.1" 200 1430 "-" "Caffeinated/1.1.1 CFNetwork/520.3.2 Darwin/11.3.0 (x86_64) (MacBookPro8%2C1)"
184.191.224.10 - - [09/Apr/2012:13:06:55 -0700] "GET /favicon.ico HTTP/1.1" 404 142 "-" "Caffeinated/1.1.1 CFNetwork/520.3.2 Darwin/11.3.0 (x86_64) (MacBookPro8%2C1)"
65.52.111.244 - - [09/Apr/2012:13:07:01 -0700] "-" 400 0 "-" "-"
65.52.111.244 - - [09/Apr/2012:13:07:02 -0700] "-" 400 0 "-" "-"
65.52.111.244 - - [09/Apr/2012:13:07:08 -0700] "-" 400 0 "-" "-"
184.191.224.10 - - [09/Apr/2012:13:07:16 -0700] "GET / HTTP/1.1" 200 1430 "-" "Caffeinated/1.1.1 CFNetwork/520.3.2 Darwin/11.3.0 (x86_64) (MacBookPro8%2C1)"
184.191.224.10 - - [09/Apr/2012:13:07:16 -0700] "GET /favicon.ico HTTP/1.1" 404 142 "-" "Caffeinated/1.1.1 CFNetwork/520.3.2 Darwin/11.3.0 (x86_64) (MacBookPro8%2C1)"
65.49.14.86 - - [09/Apr/2012:13:07:17 -0700] "GET /r/2rbo HTTP/1.0" 301 257 "http://tamilwikipedia.blogspot.com/?expref=next-blog" "Mozilla/5.0 (Windows NT 6.1; WOW64; rv:9.0.1) Gecko/20120402 Firefox/9.0.1 Epic/9.0.1"
65.49.14.86 - - [09/Apr/2012:13:07:18 -0700] "GET /s/ta/2rbo/ HTTP/1.0" 302 499 "http://tamilwikipedia.blogspot.com/?expref=next-blog" "Mozilla/5.0 (Windows NT 6.1; WOW64; rv:9.0.1) Gecko/20120402 Firefox/9.0.1 Epic/9.0.1"
65.52.111.244 - - [09/Apr/2012:13:07:20 -0700] "-" 400 0 "-" "-"
207.46.199.23 - - [09/Apr/2012:13:07:57 -0700] "-" 400 0 "-" "-"
207.46.199.23 - - [09/Apr/2012:13:07:57 -0700] "-" 400 0 "-" "-"
207.46.199.23 - - [09/Apr/2012:13:07:58 -0700] "-" 400 0 "-" "-"
207.46.199.23 - - [09/Apr/2012:13:08:10 -0700] "-" 400 0 "-" "-"
207.46.199.23 - - [09/Apr/2012:13:08:11 -0700] "-" 400 0 "-" "-"
207.46.199.23 - - [09/Apr/2012:13:08:12 -0700] "-" 400 0 "-" "-"
207.46.199.23 - - [09/Apr/2012:13:08:12 -0700] "-" 400 0 "-" "-"
184.191.224.10 - - [09/Apr/2012:13:08:14 -0700] "GET / HTTP/1.1" 200 1430 "-" "Caffeinated/1.1.1 CFNetwork/520.3.2 Darwin/11.3.0 (x86_64) (MacBookPro8%2C1)"
184.191.224.10 - - [09/Apr/2012:13:08:14 -0700] "GET /favicon.ico HTTP/1.1" 404 142 "-" "Caffeinated/1.1.1 CFNetwork/520.3.2 Darwin/11.3.0 (x86_64) (MacBookPro8%2C1)"
207.46.199.23 - - [09/Apr/2012:13:08:14 -0700] "-" 400 0 "-" "-"
207.46.199.23 - - [09/Apr/2012:13:08:15 -0700] "-" 400 0 "-" "-"
207.46.199.23 - - [09/Apr/2012:13:08:15 -0700] "-" 400 0 "-" "-"
207.46.199.23 - - [09/Apr/2012:13:08:16 -0700] "-" 400 0 "-" "-"
207.46.199.23 - - [09/Apr/2012:13:08:16 -0700] "-" 400 0 "-" "-"
207.46.199.23 - - [09/Apr/2012:13:08:23 -0700] "-" 400 0 "-" "-"
115.241.109.249 - - [09/Apr/2012:13:08:29 -0700] "GET / HTTP/1.1" 200 1430 "http://www.google.co.in/url?sa=t&rct=j&q=yuvi%20panda&source=web&cd=1&ved=0CCYQFjAA&url=http%3A%2F%2Fyuvi.in%2F&ei=fECDT7z9DsymrAfb1oTLBQ&usg=AFQjCNGCp_KinRzG9gFsQqxb60Cy8lsxnA" "Mozilla/5.0 (Windows NT 6.1; WOW64; rv:10.0.2) Gecko/20100101 Firefox/10.0.2"
115.241.109.249 - - [09/Apr/2012:13:08:29 -0700] "GET /blueprint/screen.css HTTP/1.1" 200 12058 "http://yuvi.in/" "Mozilla/5.0 (Windows NT 6.1; WOW64; rv:10.0.2) Gecko/20100101 Firefox/10.0.2"
115.241.109.249 - - [09/Apr/2012:13:08:29 -0700] "GET /blueprint/print.css HTTP/1.1" 200 1284 "http://yuvi.in/" "Mozilla/5.0 (Windows NT 6.1; WOW64; rv:10.0.2) Gecko/20100101 Firefox/10.0.2"
115.241.109.249 - - [09/Apr/2012:13:08:29 -0700] "GET /header.png HTTP/1.1" 200 14249 "http://yuvi.in/" "Mozilla/5.0 (Windows NT 6.1; WOW64; rv:10.0.2) Gecko/20100101 Firefox/10.0.2"
115.241.109.249 - - [09/Apr/2012:13:08:31 -0700] "GET /favicon.ico HTTP/1.1" 404 142 "-" "Mozilla/5.0 (Windows NT 6.1; WOW64; rv:10.0.2) Gecko/20100101 Firefox/10.0.2"
115.241.109.249 - - [09/Apr/2012:13:08:31 -0700] "GET /favicon.ico HTTP/1.1" 404 142 "-" "Mozilla/5.0 (Windows NT 6.1; WOW64; rv:10.0.2) Gecko/20100101 Firefox/10.0.2"
115.241.109.249 - - [09/Apr/2012:13:08:32 -0700] "GET /favicon.ico HTTP/1.1" 404 142 "-" "Mozilla/5.0 (Windows NT 6.1; WOW64; rv:10.0.2) Gecko/20100101 Firefox/10.0.2"
115.241.109.249 - - [09/Apr/2012:13:08:35 -0700] "-" 400 0 "-" "-"
115.241.109.249 - - [09/Apr/2012:13:08:38 -0700] "GET /blog HTTP/1.1" 301 178 "http://yuvi.in/" "Mozilla/5.0 (Windows NT 6.1; WOW64; rv:10.0.2) Gecko/20100101 Firefox/10.0.2"
184.191.224.10 - - [09/Apr/2012:13:08:38 -0700] "GET / HTTP/1.1" 200 1430 "-" "Caffeinated/1.1.1 CFNetwork/520.3.2 Darwin/11.3.0 (x86_64) (MacBookPro8%2C1)"
184.191.224.10 - - [09/Apr/2012:13:08:38 -0700] "GET /favicon.ico HTTP/1.1" 404 142 "-" "Caffeinated/1.1.1 CFNetwork/520.3.2 Darwin/11.3.0 (x86_64) (MacBookPro8%2C1)"
85.17.88.169 - - [09/Apr/2012:13:08:40 -0700] "POST /blog/wp-cron.php?doing_wp_cron=1334001804 HTTP/1.0" 499 0 "-" "WordPress/3.3.1; http://yuvi.in/blog"
115.241.109.249 - - [09/Apr/2012:13:08:40 -0700] "GET /blog/ HTTP/1.1" 200 9194 "http://yuvi.in/" "Mozilla/5.0 (Windows NT 6.1; WOW64; rv:10.0.2) Gecko/20100101 Firefox/10.0.2"
115.241.109.249 - - [09/Apr/2012:13:08:41 -0700] "GET /blog/wp-content/themes/cleanr/style.css HTTP/1.1" 200 10508 "http://yuvi.in/blog/" "Mozilla/5.0 (Windows NT 6.1; WOW64; rv:10.0.2) Gecko/20100101 Firefox/10.0.2"
115.241.109.249 - - [09/Apr/2012:13:08:41 -0700] "GET /blog/wp-content/themes/cleanr/js/jquery.dropdown.js?ver=3.3.1 HTTP/1.1" 200 535 "http://yuvi.in/blog/" "Mozilla/5.0 (Windows NT 6.1; WOW64; rv:10.0.2) Gecko/20100101 Firefox/10.0.2"
115.241.109.249 - - [09/Apr/2012:13:08:42 -0700] "GET /blog/wp-content/themes/cleanr/css/reset.css HTTP/1.1" 200 648 "http://yuvi.in/blog/wp-content/themes/cleanr/style.css" "Mozilla/5.0 (Windows NT 6.1; WOW64; rv:10.0.2) Gecko/20100101 Firefox/10.0.2"
115.241.109.249 - - [09/Apr/2012:13:08:42 -0700] "GET /blog/wp-content/themes/cleanr/css/text.css HTTP/1.1" 200 420 "http://yuvi.in/blog/wp-content/themes/cleanr/style.css" "Mozilla/5.0 (Windows NT 6.1; WOW64; rv:10.0.2) Gecko/20100101 Firefox/10.0.2"
115.241.109.249 - - [09/Apr/2012:13:08:42 -0700] "GET /blog/wp-content/themes/cleanr/css/960.css HTTP/1.1" 200 3628 "http://yuvi.in/blog/wp-content/themes/cleanr/style.css" "Mozilla/5.0 (Windows NT 6.1; WOW64; rv:10.0.2) Gecko/20100101 Firefox/10.0.2"
115.241.109.249 - - [09/Apr/2012:13:08:43 -0700] "GET /blog/wp-includes/js/jquery/jquery.js?ver=1.7.1 HTTP/1.1" 200 93889 "http://yuvi.in/blog/" "Mozilla/5.0 (Windows NT 6.1; WOW64; rv:10.0.2) Gecko/20100101 Firefox/10.0.2"
115.241.109.249 - - [09/Apr/2012:13:08:45 -0700] "GET /blog/wp-content/themes/cleanr/images/search_magnifier.gif HTTP/1.1" 200 394 "http://yuvi.in/blog/" "Mozilla/5.0 (Windows NT 6.1; WOW64; rv:10.0.2) Gecko/20100101 Firefox/10.0.2"
115.241.109.249 - - [09/Apr/2012:13:08:46 -0700] "-" 400 0 "-" "-"
184.191.224.10 - - [09/Apr/2012:13:09:33 -0700] "GET / HTTP/1.1" 200 1430 "-" "Caffeinated/1.1.1 CFNetwork/520.3.2 Darwin/11.3.0 (x86_64) (MacBookPro8%2C1)"
184.191.224.10 - - [09/Apr/2012:13:09:33 -0700] "GET /favicon.ico HTTP/1.1" 404 142 "-" "Caffeinated/1.1.1 CFNetwork/520.3.2 Darwin/11.3.0 (x86_64) (MacBookPro8%2C1)"
184.191.224.10 - - [09/Apr/2012:13:09:59 -0700] "GET / HTTP/1.1" 200 1430 "-" "Caffeinated/1.1.1 CFNetwork/520.3.2 Darwin/11.3.0 (x86_64) (MacBookPro8%2C1)"
184.191.224.10 - - [09/Apr/2012:13:09:59 -0700] "GET /favicon.ico HTTP/1.1" 404 142 "-" "Caffeinated/1.1.1 CFNetwork/520.3.2 Darwin/11.3.0 (x86_64) (MacBookPro8%2C1)"
184.191.224.10 - - [09/Apr/2012:13:11:00 -0700] "GET / HTTP/1.1" 200 1430 "-" "Caffeinated/1.1.1 CFNetwork/520.3.2 Darwin/11.3.0 (x86_64) (MacBookPro8%2C1)"
184.191.224.10 - - [09/Apr/2012:13:11:01 -0700] "GET /favicon.ico HTTP/1.1" 404 142 "-" "Caffeinated/1.1.1 CFNetwork/520.3.2 Darwin/11.3.0 (x86_64) (MacBookPro8%2C1)"
209.85.224.97 - - [09/Apr/2012:13:11:07 -0700] "GET /stories/feed HTTP/1.1" 200 13653 "-" "FeedBurner/1.0 (http://www.FeedBurner.com)"
184.191.224.10 - - [09/Apr/2012:13:11:23 -0700] "GET / HTTP/1.1" 200 1430 "-" "Caffeinated/1.1.1 CFNetwork/520.3.2 Darwin/11.3.0 (x86_64) (MacBookPro8%2C1)"
184.191.224.10 - - [09/Apr/2012:13:11:23 -0700] "GET /favicon.ico HTTP/1.1" 404 142 "-" "Caffeinated/1.1.1 CFNetwork/520.3.2 Darwin/11.3.0 (x86_64) (MacBookPro8%2C1)"
82.234.116.141 - - [09/Apr/2012:13:12:00 -0700] "GET /r/jwz HTTP/1.1" 301 255 "http://ta.wikipedia.org/wiki/%E0%AE%9A%E0%AF%8B%E0%AE%B5%E0%AE%BF%E0%AE%AF%E0%AE%A4%E0%AF%8D_%E0%AE%92%E0%AE%A9%E0%AF%8D%E0%AE%B1%E0%AE%BF%E0%AE%AF%E0%AE%AA%E0%AF%8D_%E0%AE%AA%E0%AF%8A%E0%AE%A4%E0%AF%81%E0%AE%B5%E0%AF%81%E0%AE%9F%E0%AF%88%E0%AE%AE%E0%AF%88%E0%AE%95%E0%AF%8D_%E0%AE%95%E0%AE%9F%E0%AF%8D%E0%AE%9A%E0%AE%BF" "Mozilla/5.0 (Windows NT 6.1; rv:11.0) Gecko/20100101 Firefox/11.0"
82.234.116.141 - - [09/Apr/2012:13:12:01 -0700] "GET /s/ta/jwz/ HTTP/1.1" 302 661 "http://ta.wikipedia.org/wiki/%E0%AE%9A%E0%AF%8B%E0%AE%B5%E0%AE%BF%E0%AE%AF%E0%AE%A4%E0%AF%8D_%E0%AE%92%E0%AE%A9%E0%AF%8D%E0%AE%B1%E0%AE%BF%E0%AE%AF%E0%AE%AA%E0%AF%8D_%E0%AE%AA%E0%AF%8A%E0%AE%A4%E0%AF%81%E0%AE%B5%E0%AF%81%E0%AE%9F%E0%AF%88%E0%AE%AE%E0%AF%88%E0%AE%95%E0%AF%8D_%E0%AE%95%E0%AE%9F%E0%AF%8D%E0%AE%9A%E0%AE%BF" "Mozilla/5.0 (Windows NT 6.1; rv:11.0) Gecko/20100101 Firefox/11.0"
184.191.224.10 - - [09/Apr/2012:13:12:22 -0700] "GET / HTTP/1.1" 200 1430 "-" "Caffeinated/1.1.1 CFNetwork/520.3.2 Darwin/11.3.0 (x86_64) (MacBookPro8%2C1)"
184.191.224.10 - - [09/Apr/2012:13:12:22 -0700] "GET /favicon.ico HTTP/1.1" 404 142 "-" "Caffeinated/1.1.1 CFNetwork/520.3.2 Darwin/11.3.0 (x86_64) (MacBookPro8%2C1)"
82.234.116.141 - - [09/Apr/2012:13:12:31 -0700] "GET / HTTP/1.1" 200 1430 "http://www.google.fr/url?sa=t&rct=j&q=http%3A%2F%2Ftawp.in&source=web&cd=1&ved=0CCwQFjAA&url=http%3A%2F%2Fwww.tawp.in%2F&ei=cUGDT_b_JKHC0QWBvL2CBw&usg=AFQjCNEGwy4DiSFYO0IUonZBpeL4wqYOtw&sig2=BkDb9aNzfWSJaUVB5AwPgA" "Mozilla/5.0 (Windows NT 6.1; rv:11.0) Gecko/20100101 Firefox/11.0"
82.234.116.141 - - [09/Apr/2012:13:12:32 -0700] "GET /blueprint/screen.css HTTP/1.1" 200 12058 "http://www.tawp.in/" "Mozilla/5.0 (Windows NT 6.1; rv:11.0) Gecko/20100101 Firefox/11.0"
82.234.116.141 - - [09/Apr/2012:13:12:32 -0700] "GET /blueprint/print.css HTTP/1.1" 200 1284 "http://www.tawp.in/" "Mozilla/5.0 (Windows NT 6.1; rv:11.0) Gecko/20100101 Firefox/11.0"
82.234.116.141 - - [09/Apr/2012:13:12:32 -0700] "GET /header.png HTTP/1.1" 200 14249 "http://www.tawp.in/" "Mozilla/5.0 (Windows NT 6.1; rv:11.0) Gecko/20100101 Firefox/11.0"
82.234.116.141 - - [09/Apr/2012:13:12:33 -0700] "GET /favicon.ico HTTP/1.1" 404 142 "-" "Mozilla/5.0 (Windows NT 6.1; rv:11.0) Gecko/20100101 Firefox/11.0"
82.234.116.141 - - [09/Apr/2012:13:12:33 -0700] "GET /favicon.ico HTTP/1.1" 404 142 "-" "Mozilla/5.0 (Windows NT 6.1; rv:11.0) Gecko/20100101 Firefox/11.0"
82.234.116.141 - - [09/Apr/2012:13:12:33 -0700] "GET /favicon.ico HTTP/1.1" 404 142 "-" "Mozilla/5.0 (Windows NT 6.1; rv:11.0) Gecko/20100101 Firefox/11.0"
82.234.116.141 - - [09/Apr/2012:13:12:34 -0700] "GET /crossdomain.xml HTTP/1.1" 404 142 "-" "Mozilla/5.0 (Windows NT 6.1; rv:11.0) Gecko/20100101 Firefox/11.0"
82.234.116.141 - - [09/Apr/2012:13:12:40 -0700] "GET /blog HTTP/1.1" 301 178 "http://www.tawp.in/" "Mozilla/5.0 (Windows NT 6.1; rv:11.0) Gecko/20100101 Firefox/11.0"
82.234.116.141 - - [09/Apr/2012:13:12:40 -0700] "GET /blog/ HTTP/1.1" 200 9194 "http://www.tawp.in/" "Mozilla/5.0 (Windows NT 6.1; rv:11.0) Gecko/20100101 Firefox/11.0"
82.234.116.141 - - [09/Apr/2012:13:12:41 -0700] "GET /blog/wp-content/themes/cleanr/js/jquery.dropdown.js?ver=3.3.1 HTTP/1.1" 200 535 "http://yuvi.in/blog/" "Mozilla/5.0 (Windows NT 6.1; rv:11.0) Gecko/20100101 Firefox/11.0"
82.234.116.141 - - [09/Apr/2012:13:12:41 -0700] "GET /blog/wp-content/themes/cleanr/style.css HTTP/1.1" 200 10508 "http://yuvi.in/blog/" "Mozilla/5.0 (Windows NT 6.1; rv:11.0) Gecko/20100101 Firefox/11.0"
82.234.116.141 - - [09/Apr/2012:13:12:42 -0700] "GET /blog/wp-content/themes/cleanr/css/reset.css HTTP/1.1" 200 648 "http://yuvi.in/blog/wp-content/themes/cleanr/style.css" "Mozilla/5.0 (Windows NT 6.1; rv:11.0) Gecko/20100101 Firefox/11.0"
82.234.116.141 - - [09/Apr/2012:13:12:42 -0700] "GET /blog/wp-content/themes/cleanr/css/text.css HTTP/1.1" 200 420 "http://yuvi.in/blog/wp-content/themes/cleanr/style.css" "Mozilla/5.0 (Windows NT 6.1; rv:11.0) Gecko/20100101 Firefox/11.0"
82.234.116.141 - - [09/Apr/2012:13:12:42 -0700] "GET /blog/wp-content/themes/cleanr/css/960.css HTTP/1.1" 200 3628 "http://yuvi.in/blog/wp-content/themes/cleanr/style.css" "Mozilla/5.0 (Windows NT 6.1; rv:11.0) Gecko/20100101 Firefox/11.0"
82.234.116.141 - - [09/Apr/2012:13:12:42 -0700] "GET /blog/wp-includes/js/jquery/jquery.js?ver=1.7.1 HTTP/1.1" 200 93889 "http://yuvi.in/blog/" "Mozilla/5.0 (Windows NT 6.1; rv:11.0) Gecko/20100101 Firefox/11.0"
82.234.116.141 - - [09/Apr/2012:13:12:43 -0700] "GET /blog/wp-content/themes/cleanr/images/search_magnifier.gif HTTP/1.1" 200 394 "http://yuvi.in/blog/" "Mozilla/5.0 (Windows NT 6.1; rv:11.0) Gecko/20100101 Firefox/11.0"
184.191.224.10 - - [09/Apr/2012:13:12:44 -0700] "GET / HTTP/1.1" 200 1430 "-" "Caffeinated/1.1.1 CFNetwork/520.3.2 Darwin/11.3.0 (x86_64) (MacBookPro8%2C1)"
184.191.224.10 - - [09/Apr/2012:13:12:44 -0700] "GET /favicon.ico HTTP/1.1" 404 142 "-" "Caffeinated/1.1.1 CFNetwork/520.3.2 Darwin/11.3.0 (x86_64) (MacBookPro8%2C1)"
82.234.116.141 - - [09/Apr/2012:13:12:44 -0700] "GET /favicon.ico HTTP/1.1" 404 142 "-" "Mozilla/5.0 (Windows NT 6.1; rv:11.0) Gecko/20100101 Firefox/11.0"
82.234.116.141 - - [09/Apr/2012:13:12:44 -0700] "GET /favicon.ico HTTP/1.1" 404 142 "-" "Mozilla/5.0 (Windows NT 6.1; rv:11.0) Gecko/20100101 Firefox/11.0"
82.234.116.141 - - [09/Apr/2012:13:12:45 -0700] "GET /favicon.ico HTTP/1.1" 404 142 "-" "Mozilla/5.0 (Windows NT 6.1; rv:11.0) Gecko/20100101 Firefox/11.0"
82.234.116.141 - - [09/Apr/2012:13:12:45 -0700] "GET /crossdomain.xml HTTP/1.1" 404 142 "-" "Mozilla/5.0 (Windows NT 6.1; rv:11.0) Gecko/20100101 Firefox/11.0"
184.191.224.10 - - [09/Apr/2012:13:13:43 -0700] "GET / HTTP/1.1" 200 1430 "-" "Caffeinated/1.1.1 CFNetwork/520.3.2 Darwin/11.3.0 (x86_64) (MacBookPro8%2C1)"
184.191.224.10 - - [09/Apr/2012:13:13:43 -0700] "GET /favicon.ico HTTP/1.1" 404 142 "-" "Caffeinated/1.1.1 CFNetwork/520.3.2 Darwin/11.3.0 (x86_64) (MacBookPro8%2C1)"
184.191.224.10 - - [09/Apr/2012:13:14:05 -0700] "GET / HTTP/1.1" 200 1430 "-" "Caffeinated/1.1.1 CFNetwork/520.3.2 Darwin/11.3.0 (x86_64) (MacBookPro8%2C1)"
184.191.224.10 - - [09/Apr/2012:13:14:05 -0700] "GET /favicon.ico HTTP/1.1" 404 142 "-" "Caffeinated/1.1.1 CFNetwork/520.3.2 Darwin/11.3.0 (x86_64) (MacBookPro8%2C1)"
115.241.2.87 - - [09/Apr/2012:13:15:02 -0700] "-" 400 0 "-" "-"
184.191.224.10 - - [09/Apr/2012:13:15:04 -0700] "GET / HTTP/1.1" 200 1430 "-" "Caffeinated/1.1.1 CFNetwork/520.3.2 Darwin/11.3.0 (x86_64) (MacBookPro8%2C1)"
184.191.224.10 - - [09/Apr/2012:13:15:04 -0700] "GET /favicon.ico HTTP/1.1" 404 142 "-" "Caffeinated/1.1.1 CFNetwork/520.3.2 Darwin/11.3.0 (x86_64) (MacBookPro8%2C1)"
184.191.224.10 - - [09/Apr/2012:13:15:25 -0700] "GET / HTTP/1.1" 200 1430 "-" "Caffeinated/1.1.1 CFNetwork/520.3.2 Darwin/11.3.0 (x86_64) (MacBookPro8%2C1)"
184.191.224.10 - - [09/Apr/2012:13:15:25 -0700] "GET /favicon.ico HTTP/1.1" 404 142 "-" "Caffeinated/1.1.1 CFNetwork/520.3.2 Darwin/11.3.0 (x86_64) (MacBookPro8%2C1)"
184.191.224.10 - - [09/Apr/2012:13:16:24 -0700] "GET / HTTP/1.1" 200 1430 "-" "Caffeinated/1.1.1 CFNetwork/520.3.2 Darwin/11.3.0 (x86_64) (MacBookPro8%2C1)"
184.191.224.10 - - [09/Apr/2012:13:16:24 -0700] "GET /favicon.ico HTTP/1.1" 404 142 "-" "Caffeinated/1.1.1 CFNetwork/520.3.2 Darwin/11.3.0 (x86_64) (MacBookPro8%2C1)"
124.123.239.219 - - [09/Apr/2012:13:16:42 -0700] "-" 400 0 "-" "-"
124.123.239.219 - - [09/Apr/2012:13:16:43 -0700] "-" 400 0 "-" "-"
124.123.239.219 - - [09/Apr/2012:13:16:43 -0700] "-" 400 0 "-" "-"
184.191.224.10 - - [09/Apr/2012:13:16:44 -0700] "GET / HTTP/1.1" 200 1430 "-" "Caffeinated/1.1.1 CFNetwork/520.3.2 Darwin/11.3.0 (x86_64) (MacBookPro8%2C1)"
184.191.224.10 - - [09/Apr/2012:13:16:44 -0700] "GET /favicon.ico HTTP/1.1" 404 142 "-" "Caffeinated/1.1.1 CFNetwork/520.3.2 Darwin/11.3.0 (x86_64) (MacBookPro8%2C1)"
184.191.224.10 - - [09/Apr/2012:13:17:45 -0700] "GET / HTTP/1.1" 200 1430 "-" "Caffeinated/1.1.1 CFNetwork/520.3.2 Darwin/11.3.0 (x86_64) (MacBookPro8%2C1)"
184.191.224.10 - - [09/Apr/2012:13:17:45 -0700] "GET /favicon.ico HTTP/1.1" 404 142 "-" "Caffeinated/1.1.1 CFNetwork/520.3.2 Darwin/11.3.0 (x86_64) (MacBookPro8%2C1)"
85.17.88.169 - - [09/Apr/2012:13:17:50 -0700] "POST /blog/wp-cron.php?doing_wp_cron=1334002354 HTTP/1.0" 499 0 "-" "WordPress/3.3.1; http://yuvi.in/blog"
69.171.228.246 - - [09/Apr/2012:13:17:50 -0700] "GET /blog/story-average-indian-techie/ HTTP/1.1" 200 14154 "-" "facebookexternalhit/1.1 (+http://www.facebook.com/externalhit_uatext.php)"
207.46.193.36 - - [09/Apr/2012:13:18:15 -0700] "-" 400 0 "-" "-"
207.46.193.36 - - [09/Apr/2012:13:18:17 -0700] "-" 400 0 "-" "-"
207.46.193.36 - - [09/Apr/2012:13:18:17 -0700] "-" 400 0 "-" "-"
207.46.193.36 - - [09/Apr/2012:13:18:18 -0700] "-" 400 0 "-" "-"
207.46.193.36 - - [09/Apr/2012:13:18:18 -0700] "-" 400 0 "-" "-"
207.46.193.36 - - [09/Apr/2012:13:18:19 -0700] "-" 400 0 "-" "-"
207.46.193.36 - - [09/Apr/2012:13:18:20 -0700] "-" 400 0 "-" "-"
207.46.193.36 - - [09/Apr/2012:13:18:21 -0700] "-" 400 0 "-" "-"
207.46.193.36 - - [09/Apr/2012:13:18:21 -0700] "-" 400 0 "-" "-"
207.46.193.36 - - [09/Apr/2012:13:18:21 -0700] "-" 400 0 "-" "-"
184.191.224.10 - - [09/Apr/2012:13:18:28 -0700] "GET / HTTP/1.1" 200 1430 "-" "Caffeinated/1.1.1 CFNetwork/520.3.2 Darwin/11.3.0 (x86_64) (MacBookPro8%2C1)"
184.191.224.10 - - [09/Apr/2012:13:18:28 -0700] "GET /favicon.ico HTTP/1.1" 404 142 "-" "Caffeinated/1.1.1 CFNetwork/520.3.2 Darwin/11.3.0 (x86_64) (MacBookPro8%2C1)"
94.228.34.248 - - [09/Apr/2012:13:18:42 -0700] "GET /blog/ HTTP/1.1" 200 9194 "-" "magpie-crawler/1.1 (U; Linux amd64; en-GB; +http://www.brandwatch.net)"
95.175.76.163 - - [09/Apr/2012:13:18:42 -0700] "GET /r/34nm HTTP/1.1" 301 257 "http://ta.wikipedia.org/wiki/%E0%AE%AE%E0%AE%A9%E0%AF%88%E0%AE%B5%E0%AE%BF%E0%AE%AF%E0%AF%88_%E0%AE%AA%E0%AF%81%E0%AE%B1%E0%AE%95%E0%AF%8D%E0%AE%95%E0%AE%A3%E0%AE%BF%E0%AE%95%E0%AF%8D%E0%AE%95%E0%AE%BE%E0%AE%A4%E0%AF%80%E0%AE%B0%E0%AF%8D%E0%AE%95%E0%AE%B3%E0%AF%8D!_%E0%AE%85%E0%AE%B5%E0%AE%99%E0%AF%8D%E0%AE%95%E0%AE%B3%E0%AF%81%E0%AE%95%E0%AF%8D%E0%AE%95%E0%AF%81%E0%AE%AE%E0%AF%8D_%E0%AE%AE%E0%AE%A9%E0%AE%9A%E0%AE%BF%E0%AE%B0%E0%AF%81%E0%AE%95%E0%AF%8D%E0%AE%95%E0%AF%81" "Mozilla/5.0 (compatible; MSIE 9.0; Windows NT 6.1; Trident/5.0)"
95.175.76.163 - - [09/Apr/2012:13:18:43 -0700] "GET /s/ta/34nm/ HTTP/1.1" 302 869 "http://ta.wikipedia.org/wiki/%E0%AE%AE%E0%AE%A9%E0%AF%88%E0%AE%B5%E0%AE%BF%E0%AE%AF%E0%AF%88_%E0%AE%AA%E0%AF%81%E0%AE%B1%E0%AE%95%E0%AF%8D%E0%AE%95%E0%AE%A3%E0%AE%BF%E0%AE%95%E0%AF%8D%E0%AE%95%E0%AE%BE%E0%AE%A4%E0%AF%80%E0%AE%B0%E0%AF%8D%E0%AE%95%E0%AE%B3%E0%AF%8D!_%E0%AE%85%E0%AE%B5%E0%AE%99%E0%AF%8D%E0%AE%95%E0%AE%B3%E0%AF%81%E0%AE%95%E0%AF%8D%E0%AE%95%E0%AF%81%E0%AE%AE%E0%AF%8D_%E0%AE%AE%E0%AE%A9%E0%AE%9A%E0%AE%BF%E0%AE%B0%E0%AF%81%E0%AE%95%E0%AF%8D%E0%AE%95%E0%AF%81" "Mozilla/5.0 (compatible; MSIE 9.0; Windows NT 6.1; Trident/5.0)"
207.46.193.36 - - [09/Apr/2012:13:19:00 -0700] "-" 400 0 "-" "-"
184.191.224.10 - - [09/Apr/2012:13:19:09 -0700] "GET / HTTP/1.1" 200 1430 "-" "Caffeinated/1.1.1 CFNetwork/520.3.2 Darwin/11.3.0 (x86_64) (MacBookPro8%2C1)"
184.191.224.10 - - [09/Apr/2012:13:19:09 -0700] "GET /favicon.ico HTTP/1.1" 404 142 "-" "Caffeinated/1.1.1 CFNetwork/520.3.2 Darwin/11.3.0 (x86_64) (MacBookPro8%2C1)"
184.191.224.10 - - [09/Apr/2012:13:19:51 -0700] "GET / HTTP/1.1" 200 1430 "-" "Caffeinated/1.1.1 CFNetwork/520.3.2 Darwin/11.3.0 (x86_64) (MacBookPro8%2C1)"
184.191.224.10 - - [09/Apr/2012:13:19:51 -0700] "GET /favicon.ico HTTP/1.1" 404 142 "-" "Caffeinated/1.1.1 CFNetwork/520.3.2 Darwin/11.3.0 (x86_64) (MacBookPro8%2C1)"
184.191.224.10 - - [09/Apr/2012:13:20:28 -0700] "GET / HTTP/1.1" 200 1430 "-" "Caffeinated/1.1.1 CFNetwork/520.3.2 Darwin/11.3.0 (x86_64) (MacBookPro8%2C1)"
184.191.224.10 - - [09/Apr/2012:13:20:28 -0700] "GET /favicon.ico HTTP/1.1" 404 142 "-" "Caffeinated/1.1.1 CFNetwork/520.3.2 Darwin/11.3.0 (x86_64) (MacBookPro8%2C1)"
85.17.88.169 - - [09/Apr/2012:13:20:38 -0700] "POST /blog/wp-cron.php?doing_wp_cron=1334002522 HTTP/1.0" 499 0 "-" "WordPress/3.3.1; http://yuvi.in/blog"
101.226.33.172 - - [09/Apr/2012:13:20:38 -0700] "GET /blog/feed HTTP/1.0" 304 0 "-" "Mozilla/4.0 (compatible; Windows;)"
65.248.232.253 - - [09/Apr/2012:13:20:46 -0700] "GET / HTTP/1.1" 200 1430 "http://www.google.com/url?sa=t&rct=j&q=yuvi%20panda&source=web&cd=1&ved=0CCUQFjAA&url=http%3A%2F%2Fyuvi.in%2F&ei=YUODT9OWGIfy0gGq5O39Bw&usg=AFQjCNGCp_KinRzG9gFsQqxb60Cy8lsxnA" "Mozilla/5.0 (Windows NT 5.1) AppleWebKit/535.19 (KHTML, like Gecko) Chrome/18.0.1025.151 Safari/535.19"
65.248.232.253 - - [09/Apr/2012:13:20:46 -0700] "GET /blueprint/screen.css HTTP/1.1" 200 12058 "http://yuvi.in/" "Mozilla/5.0 (Windows NT 5.1) AppleWebKit/535.19 (KHTML, like Gecko) Chrome/18.0.1025.151 Safari/535.19"
65.248.232.253 - - [09/Apr/2012:13:20:46 -0700] "GET /blueprint/print.css HTTP/1.1" 200 1284 "http://yuvi.in/" "Mozilla/5.0 (Windows NT 5.1) AppleWebKit/535.19 (KHTML, like Gecko) Chrome/18.0.1025.151 Safari/535.19"
65.248.232.253 - - [09/Apr/2012:13:20:46 -0700] "GET /header.png HTTP/1.1" 200 14249 "http://yuvi.in/" "Mozilla/5.0 (Windows NT 5.1) AppleWebKit/535.19 (KHTML, like Gecko) Chrome/18.0.1025.151 Safari/535.19"
65.248.232.253 - - [09/Apr/2012:13:20:46 -0700] "GET /favicon.ico HTTP/1.1" 404 199 "-" "Mozilla/5.0 (Windows NT 5.1) AppleWebKit/535.19 (KHTML, like Gecko) Chrome/18.0.1025.151 Safari/535.19"
65.248.232.253 - - [09/Apr/2012:13:20:49 -0700] "GET /blog HTTP/1.1" 301 178 "http://yuvi.in/" "Mozilla/5.0 (Windows NT 5.1) AppleWebKit/535.19 (KHTML, like Gecko) Chrome/18.0.1025.151 Safari/535.19"
65.248.232.253 - - [09/Apr/2012:13:20:49 -0700] "GET /blog/ HTTP/1.1" 200 9194 "http://yuvi.in/" "Mozilla/5.0 (Windows NT 5.1) AppleWebKit/535.19 (KHTML, like Gecko) Chrome/18.0.1025.151 Safari/535.19"
65.248.232.253 - - [09/Apr/2012:13:20:50 -0700] "GET /blog/wp-content/themes/cleanr/js/jquery.dropdown.js?ver=3.3.1 HTTP/1.1" 200 535 "http://yuvi.in/blog/" "Mozilla/5.0 (Windows NT 5.1) AppleWebKit/535.19 (KHTML, like Gecko) Chrome/18.0.1025.151 Safari/535.19"
65.248.232.253 - - [09/Apr/2012:13:20:50 -0700] "GET /blog/wp-content/themes/cleanr/style.css HTTP/1.1" 200 10508 "http://yuvi.in/blog/" "Mozilla/5.0 (Windows NT 5.1) AppleWebKit/535.19 (KHTML, like Gecko) Chrome/18.0.1025.151 Safari/535.19"
65.248.232.253 - - [09/Apr/2012:13:20:50 -0700] "GET /blog/wp-content/themes/cleanr/css/text.css HTTP/1.1" 200 420 "http://yuvi.in/blog/" "Mozilla/5.0 (Windows NT 5.1) AppleWebKit/535.19 (KHTML, like Gecko) Chrome/18.0.1025.151 Safari/535.19"
65.248.232.253 - - [09/Apr/2012:13:20:50 -0700] "GET /blog/wp-content/themes/cleanr/css/reset.css HTTP/1.1" 200 648 "http://yuvi.in/blog/" "Mozilla/5.0 (Windows NT 5.1) AppleWebKit/535.19 (KHTML, like Gecko) Chrome/18.0.1025.151 Safari/535.19"
65.248.232.253 - - [09/Apr/2012:13:20:50 -0700] "GET /blog/wp-content/themes/cleanr/css/960.css HTTP/1.1" 200 3628 "http://yuvi.in/blog/" "Mozilla/5.0 (Windows NT 5.1) AppleWebKit/535.19 (KHTML, like Gecko) Chrome/18.0.1025.151 Safari/535.19"
65.248.232.253 - - [09/Apr/2012:13:20:50 -0700] "GET /blog/wp-includes/js/jquery/jquery.js?ver=1.7.1 HTTP/1.1" 200 93889 "http://yuvi.in/blog/" "Mozilla/5.0 (Windows NT 5.1) AppleWebKit/535.19 (KHTML, like Gecko) Chrome/18.0.1025.151 Safari/535.19"
65.248.232.253 - - [09/Apr/2012:13:20:51 -0700] "GET /blog/wp-content/themes/cleanr/images/search_magnifier.gif HTTP/1.1" 200 394 "http://yuvi.in/blog/" "Mozilla/5.0 (Windows NT 5.1) AppleWebKit/535.19 (KHTML, like Gecko) Chrome/18.0.1025.151 Safari/535.19"
65.248.232.253 - - [09/Apr/2012:13:20:51 -0700] "GET /favicon.ico HTTP/1.1" 404 199 "-" "Mozilla/5.0 (Windows NT 5.1) AppleWebKit/535.19 (KHTML, like Gecko) Chrome/18.0.1025.151 Safari/535.19"
65.248.232.253 - - [09/Apr/2012:13:21:04 -0700] "GET /favicon.ico HTTP/1.1" 404 199 "-" "Mozilla/5.0 (Windows NT 5.1) AppleWebKit/535.19 (KHTML, like Gecko) Chrome/18.0.1025.151 Safari/535.19"
85.17.88.169 - - [09/Apr/2012:13:21:10 -0700] "POST /blog/wp-cron.php?doing_wp_cron=1334002554 HTTP/1.0" 499 0 "-" "WordPress/3.3.1; http://yuvi.in/blog"
115.241.109.249 - - [09/Apr/2012:13:21:10 -0700] "GET /blog/category/personal/ HTTP/1.1" 200 14321 "http://yuvi.in/blog/" "Mozilla/5.0 (Windows NT 6.1; WOW64; rv:10.0.2) Gecko/20100101 Firefox/10.0.2"
115.241.109.249 - - [09/Apr/2012:13:21:11 -0700] "GET /blog/wp-includes/js/jquery/jquery.js?ver=1.7.1 HTTP/1.1" 304 0 "http://yuvi.in/blog/category/personal/" "Mozilla/5.0 (Windows NT 6.1; WOW64; rv:10.0.2) Gecko/20100101 Firefox/10.0.2"
115.241.109.249 - - [09/Apr/2012:13:21:11 -0700] "GET /blog/wp-content/themes/cleanr/js/jquery.dropdown.js?ver=3.3.1 HTTP/1.1" 304 0 "http://yuvi.in/blog/category/personal/" "Mozilla/5.0 (Windows NT 6.1; WOW64; rv:10.0.2) Gecko/20100101 Firefox/10.0.2"
115.241.109.249 - - [09/Apr/2012:13:21:16 -0700] "-" 400 0 "-" "-"
184.191.224.10 - - [09/Apr/2012:13:21:22 -0700] "GET / HTTP/1.1" 200 1430 "-" "Caffeinated/1.1.1 CFNetwork/520.3.2 Darwin/11.3.0 (x86_64) (MacBookPro8%2C1)"
184.191.224.10 - - [09/Apr/2012:13:21:22 -0700] "GET /favicon.ico HTTP/1.1" 404 142 "-" "Caffeinated/1.1.1 CFNetwork/520.3.2 Darwin/11.3.0 (x86_64) (MacBookPro8%2C1)"
65.248.232.253 - - [09/Apr/2012:13:21:22 -0700] "-" 400 0 "-" "-"
65.248.232.253 - - [09/Apr/2012:13:21:22 -0700] "-" 400 0 "-" "-"
174.120.137.2 - - [09/Apr/2012:13:21:26 -0700] "HEAD /r/vz2 HTTP/1.1" 301 0 "http://www.giriblog.com" "Mozilla/4.0 (compatible; MSIE 7.0; Windows NT 5.1; .NET CLR 1.1.4322; .NET CLR 2.0.50727; .NET CLR 3.0.04506.30)"
174.120.137.2 - - [09/Apr/2012:13:21:27 -0700] "HEAD /s/ta/vz2/ HTTP/1.1" 302 0 "http://www.giriblog.com" "Mozilla/4.0 (compatible; MSIE 7.0; Windows NT 5.1; .NET CLR 1.1.4322; .NET CLR 2.0.50727; .NET CLR 3.0.04506.30)"
184.191.224.10 - - [09/Apr/2012:13:21:47 -0700] "GET / HTTP/1.1" 200 1430 "-" "Caffeinated/1.1.1 CFNetwork/520.3.2 Darwin/11.3.0 (x86_64) (MacBookPro8%2C1)"
184.191.224.10 - - [09/Apr/2012:13:21:48 -0700] "GET /favicon.ico HTTP/1.1" 404 142 "-" "Caffeinated/1.1.1 CFNetwork/520.3.2 Darwin/11.3.0 (x86_64) (MacBookPro8%2C1)"
184.191.224.10 - - [09/Apr/2012:13:22:41 -0700] "GET / HTTP/1.1" 200 1430 "-" "Caffeinated/1.1.1 CFNetwork/520.3.2 Darwin/11.3.0 (x86_64) (MacBookPro8%2C1)"
184.191.224.10 - - [09/Apr/2012:13:22:41 -0700] "GET /favicon.ico HTTP/1.1" 404 142 "-" "Caffeinated/1.1.1 CFNetwork/520.3.2 Darwin/11.3.0 (x86_64) (MacBookPro8%2C1)"
184.191.224.10 - - [09/Apr/2012:13:23:06 -0700] "GET / HTTP/1.1" 200 1430 "-" "Caffeinated/1.1.1 CFNetwork/520.3.2 Darwin/11.3.0 (x86_64) (MacBookPro8%2C1)"
184.191.224.10 - - [09/Apr/2012:13:23:06 -0700] "GET /favicon.ico HTTP/1.1" 404 142 "-" "Caffeinated/1.1.1 CFNetwork/520.3.2 Darwin/11.3.0 (x86_64) (MacBookPro8%2C1)"
184.191.224.10 - - [09/Apr/2012:13:24:04 -0700] "GET / HTTP/1.1" 200 1430 "-" "Caffeinated/1.1.1 CFNetwork/520.3.2 Darwin/11.3.0 (x86_64) (MacBookPro8%2C1)"
184.191.224.10 - - [09/Apr/2012:13:24:04 -0700] "GET /favicon.ico HTTP/1.1" 404 142 "-" "Caffeinated/1.1.1 CFNetwork/520.3.2 Darwin/11.3.0 (x86_64) (MacBookPro8%2C1)"
184.191.224.10 - - [09/Apr/2012:13:24:26 -0700] "GET / HTTP/1.1" 200 1430 "-" "Caffeinated/1.1.1 CFNetwork/520.3.2 Darwin/11.3.0 (x86_64) (MacBookPro8%2C1)"
184.191.224.10 - - [09/Apr/2012:13:24:26 -0700] "GET /favicon.ico HTTP/1.1" 404 142 "-" "Caffeinated/1.1.1 CFNetwork/520.3.2 Darwin/11.3.0 (x86_64) (MacBookPro8%2C1)"
180.76.5.154 - - [09/Apr/2012:13:25:15 -0700] "GET / HTTP/1.1" 200 3439 "-" "Mozilla/5.0 (compatible; Baiduspider/2.0; +http://www.baidu.com/search/spider.html)"
184.191.224.10 - - [09/Apr/2012:13:25:25 -0700] "GET / HTTP/1.1" 200 1430 "-" "Caffeinated/1.1.1 CFNetwork/520.3.2 Darwin/11.3.0 (x86_64) (MacBookPro8%2C1)"
184.191.224.10 - - [09/Apr/2012:13:25:26 -0700] "GET /favicon.ico HTTP/1.1" 404 142 "-" "Caffeinated/1.1.1 CFNetwork/520.3.2 Darwin/11.3.0 (x86_64) (MacBookPro8%2C1)"
184.191.224.10 - - [09/Apr/2012:13:25:56 -0700] "GET / HTTP/1.1" 200 1430 "-" "Caffeinated/1.1.1 CFNetwork/520.3.2 Darwin/11.3.0 (x86_64) (MacBookPro8%2C1)"
184.191.224.10 - - [09/Apr/2012:13:25:56 -0700] "GET /favicon.ico HTTP/1.1" 404 142 "-" "Caffeinated/1.1.1 CFNetwork/520.3.2 Darwin/11.3.0 (x86_64) (MacBookPro8%2C1)"
184.73.121.22 - - [09/Apr/2012:13:26:28 -0700] "GET /robots.txt HTTP/1.1" 404 142 "-" "Mozilla/5.0 (Macintosh; U; Intel Mac OS X 10.6; en-US; rv:1.9.2) Gecko/20100115 Firefox/3.6 (FlipboardProxy/1.1; +http://flipboard.com/browserproxy)"
85.17.88.169 - - [09/Apr/2012:13:26:30 -0700] "POST /blog/wp-cron.php?doing_wp_cron=1334002874 HTTP/1.0" 499 0 "-" "WordPress/3.3.1; http://yuvi.in/blog"
184.73.121.22 - - [09/Apr/2012:13:26:30 -0700] "GET /blog/what-stop-child-athiest/ HTTP/1.1" 200 5572 "-" "Mozilla/5.0 (Macintosh; U; Intel Mac OS X 10.6; en-US; rv:1.9.2) Gecko/20100115 Firefox/3.6 (FlipboardProxy/1.1; +http://flipboard.com/browserproxy)"
23.20.156.50 - - [09/Apr/2012:13:26:31 -0700] "GET /robots.txt HTTP/1.1" 404 169 "-" "Mozilla/5.0 (Macintosh; U; Intel Mac OS X 10.6; en-US; rv:1.9.2) Gecko/20100115 Firefox/3.6 (FlipboardProxy/0.0.5; +http://flipboard.com/browserproxy)"
184.191.224.10 - - [09/Apr/2012:13:26:44 -0700] "GET / HTTP/1.1" 200 1430 "-" "Caffeinated/1.1.1 CFNetwork/520.3.2 Darwin/11.3.0 (x86_64) (MacBookPro8%2C1)"
184.191.224.10 - - [09/Apr/2012:13:26:44 -0700] "GET /favicon.ico HTTP/1.1" 404 142 "-" "Caffeinated/1.1.1 CFNetwork/520.3.2 Darwin/11.3.0 (x86_64) (MacBookPro8%2C1)"
184.191.224.10 - - [09/Apr/2012:13:27:14 -0700] "GET / HTTP/1.1" 200 1430 "-" "Caffeinated/1.1.1 CFNetwork/520.3.2 Darwin/11.3.0 (x86_64) (MacBookPro8%2C1)"
184.191.224.10 - - [09/Apr/2012:13:27:14 -0700] "GET /favicon.ico HTTP/1.1" 404 142 "-" "Caffeinated/1.1.1 CFNetwork/520.3.2 Darwin/11.3.0 (x86_64) (MacBookPro8%2C1)"
184.191.224.10 - - [09/Apr/2012:13:28:02 -0700] "GET / HTTP/1.1" 200 1430 "-" "Caffeinated/1.1.1 CFNetwork/520.3.2 Darwin/11.3.0 (x86_64) (MacBookPro8%2C1)"
184.191.224.10 - - [09/Apr/2012:13:28:02 -0700] "GET /favicon.ico HTTP/1.1" 404 142 "-" "Caffeinated/1.1.1 CFNetwork/520.3.2 Darwin/11.3.0 (x86_64) (MacBookPro8%2C1)"
184.191.224.10 - - [09/Apr/2012:13:28:31 -0700] "GET / HTTP/1.1" 200 1430 "-" "Caffeinated/1.1.1 CFNetwork/520.3.2 Darwin/11.3.0 (x86_64) (MacBookPro8%2C1)"
184.191.224.10 - - [09/Apr/2012:13:28:31 -0700] "GET /favicon.ico HTTP/1.1" 404 142 "-" "Caffeinated/1.1.1 CFNetwork/520.3.2 Darwin/11.3.0 (x86_64) (MacBookPro8%2C1)"
184.191.224.10 - - [09/Apr/2012:13:29:22 -0700] "GET / HTTP/1.1" 200 1430 "-" "Caffeinated/1.1.1 CFNetwork/520.3.2 Darwin/11.3.0 (x86_64) (MacBookPro8%2C1)"
184.191.224.10 - - [09/Apr/2012:13:29:22 -0700] "GET /favicon.ico HTTP/1.1" 404 142 "-" "Caffeinated/1.1.1 CFNetwork/520.3.2 Darwin/11.3.0 (x86_64) (MacBookPro8%2C1)"
184.191.224.10 - - [09/Apr/2012:13:29:52 -0700] "GET / HTTP/1.1" 200 1430 "-" "Caffeinated/1.1.1 CFNetwork/520.3.2 Darwin/11.3.0 (x86_64) (MacBookPro8%2C1)"
184.191.224.10 - - [09/Apr/2012:13:29:52 -0700] "GET /favicon.ico HTTP/1.1" 404 142 "-" "Caffeinated/1.1.1 CFNetwork/520.3.2 Darwin/11.3.0 (x86_64) (MacBookPro8%2C1)"
184.191.224.10 - - [09/Apr/2012:13:30:48 -0700] "GET / HTTP/1.1" 200 1430 "-" "Caffeinated/1.1.1 CFNetwork/520.3.2 Darwin/11.3.0 (x86_64) (MacBookPro8%2C1)"
184.191.224.10 - - [09/Apr/2012:13:30:48 -0700] "GET /favicon.ico HTTP/1.1" 404 142 "-" "Caffeinated/1.1.1 CFNetwork/520.3.2 Darwin/11.3.0 (x86_64) (MacBookPro8%2C1)"
85.17.88.169 - - [09/Apr/2012:13:31:03 -0700] "POST /blog/wp-cron.php?doing_wp_cron=1334003147 HTTP/1.0" 499 0 "-" "WordPress/3.3.1; http://yuvi.in/blog"
115.241.109.249 - - [09/Apr/2012:13:31:03 -0700] "GET /blog/category/personal/page/2/ HTTP/1.1" 200 10805 "http://yuvi.in/blog/category/personal/" "Mozilla/5.0 (Windows NT 6.1; WOW64; rv:10.0.2) Gecko/20100101 Firefox/10.0.2"
115.241.109.249 - - [09/Apr/2012:13:31:04 -0700] "GET /blog/wp-includes/js/jquery/jquery.js?ver=1.7.1 HTTP/1.1" 304 0 "http://yuvi.in/blog/category/personal/page/2/" "Mozilla/5.0 (Windows NT 6.1; WOW64; rv:10.0.2) Gecko/20100101 Firefox/10.0.2"
115.241.109.249 - - [09/Apr/2012:13:31:04 -0700] "GET /blog/wp-content/themes/cleanr/js/jquery.dropdown.js?ver=3.3.1 HTTP/1.1" 304 0 "http://yuvi.in/blog/category/personal/page/2/" "Mozilla/5.0 (Windows NT 6.1; WOW64; rv:10.0.2) Gecko/20100101 Firefox/10.0.2"
115.241.109.249 - - [09/Apr/2012:13:31:09 -0700] "-" 400 0 "-" "-"
184.191.224.10 - - [09/Apr/2012:13:31:10 -0700] "GET / HTTP/1.1" 200 1430 "-" "Caffeinated/1.1.1 CFNetwork/520.3.2 Darwin/11.3.0 (x86_64) (MacBookPro8%2C1)"
184.191.224.10 - - [09/Apr/2012:13:31:10 -0700] "GET /favicon.ico HTTP/1.1" 404 142 "-" "Caffeinated/1.1.1 CFNetwork/520.3.2 Darwin/11.3.0 (x86_64) (MacBookPro8%2C1)"
184.191.224.10 - - [09/Apr/2012:13:32:09 -0700] "GET / HTTP/1.1" 200 1430 "-" "Caffeinated/1.1.1 CFNetwork/520.3.2 Darwin/11.3.0 (x86_64) (MacBookPro8%2C1)"
184.191.224.10 - - [09/Apr/2012:13:32:09 -0700] "GET /favicon.ico HTTP/1.1" 404 142 "-" "Caffeinated/1.1.1 CFNetwork/520.3.2 Darwin/11.3.0 (x86_64) (MacBookPro8%2C1)"
184.191.224.10 - - [09/Apr/2012:13:32:32 -0700] "GET / HTTP/1.1" 200 1430 "-" "Caffeinated/1.1.1 CFNetwork/520.3.2 Darwin/11.3.0 (x86_64) (MacBookPro8%2C1)"
184.191.224.10 - - [09/Apr/2012:13:32:33 -0700] "GET /favicon.ico HTTP/1.1" 404 142 "-" "Caffeinated/1.1.1 CFNetwork/520.3.2 Darwin/11.3.0 (x86_64) (MacBookPro8%2C1)"
184.191.224.10 - - [09/Apr/2012:13:33:31 -0700] "GET / HTTP/1.1" 200 1430 "-" "Caffeinated/1.1.1 CFNetwork/520.3.2 Darwin/11.3.0 (x86_64) (MacBookPro8%2C1)"
184.191.224.10 - - [09/Apr/2012:13:33:31 -0700] "GET /favicon.ico HTTP/1.1" 404 142 "-" "Caffeinated/1.1.1 CFNetwork/520.3.2 Darwin/11.3.0 (x86_64) (MacBookPro8%2C1)"
184.191.224.10 - - [09/Apr/2012:13:33:53 -0700] "GET / HTTP/1.1" 200 1430 "-" "Caffeinated/1.1.1 CFNetwork/520.3.2 Darwin/11.3.0 (x86_64) (MacBookPro8%2C1)"
184.191.224.10 - - [09/Apr/2012:13:33:53 -0700] "GET /favicon.ico HTTP/1.1" 404 142 "-" "Caffeinated/1.1.1 CFNetwork/520.3.2 Darwin/11.3.0 (x86_64) (MacBookPro8%2C1)"
184.191.224.10 - - [09/Apr/2012:13:34:50 -0700] "GET / HTTP/1.1" 200 1430 "-" "Caffeinated/1.1.1 CFNetwork/520.3.2 Darwin/11.3.0 (x86_64) (MacBookPro8%2C1)"
184.191.224.10 - - [09/Apr/2012:13:34:50 -0700] "GET /favicon.ico HTTP/1.1" 404 142 "-" "Caffeinated/1.1.1 CFNetwork/520.3.2 Darwin/11.3.0 (x86_64) (MacBookPro8%2C1)"
184.191.224.10 - - [09/Apr/2012:13:35:11 -0700] "GET / HTTP/1.1" 200 1430 "-" "Caffeinated/1.1.1 CFNetwork/520.3.2 Darwin/11.3.0 (x86_64) (MacBookPro8%2C1)"
184.191.224.10 - - [09/Apr/2012:13:35:11 -0700] "GET /favicon.ico HTTP/1.1" 404 142 "-" "Caffeinated/1.1.1 CFNetwork/520.3.2 Darwin/11.3.0 (x86_64) (MacBookPro8%2C1)"
184.191.224.10 - - [09/Apr/2012:13:36:14 -0700] "GET / HTTP/1.1" 200 1430 "-" "Caffeinated/1.1.1 CFNetwork/520.3.2 Darwin/11.3.0 (x86_64) (MacBookPro8%2C1)"
184.191.224.10 - - [09/Apr/2012:13:36:14 -0700] "GET /favicon.ico HTTP/1.1" 404 142 "-" "Caffeinated/1.1.1 CFNetwork/520.3.2 Darwin/11.3.0 (x86_64) (MacBookPro8%2C1)"
184.191.224.10 - - [09/Apr/2012:13:36:32 -0700] "GET / HTTP/1.1" 200 1430 "-" "Caffeinated/1.1.1 CFNetwork/520.3.2 Darwin/11.3.0 (x86_64) (MacBookPro8%2C1)"
184.191.224.10 - - [09/Apr/2012:13:36:32 -0700] "GET /favicon.ico HTTP/1.1" 404 142 "-" "Caffeinated/1.1.1 CFNetwork/520.3.2 Darwin/11.3.0 (x86_64) (MacBookPro8%2C1)"
184.191.224.10 - - [09/Apr/2012:13:37:33 -0700] "GET / HTTP/1.1" 200 1430 "-" "Caffeinated/1.1.1 CFNetwork/520.3.2 Darwin/11.3.0 (x86_64) (MacBookPro8%2C1)"
184.191.224.10 - - [09/Apr/2012:13:37:33 -0700] "GET /favicon.ico HTTP/1.1" 404 142 "-" "Caffeinated/1.1.1 CFNetwork/520.3.2 Darwin/11.3.0 (x86_64) (MacBookPro8%2C1)"
123.125.71.35 - - [09/Apr/2012:13:37:43 -0700] "GET / HTTP/1.1" 200 3439 "-" "Mozilla/5.0 (compatible; Baiduspider/2.0; +http://www.baidu.com/search/spider.html)"
184.191.224.10 - - [09/Apr/2012:13:37:51 -0700] "GET / HTTP/1.1" 200 1430 "-" "Caffeinated/1.1.1 CFNetwork/520.3.2 Darwin/11.3.0 (x86_64) (MacBookPro8%2C1)"
184.191.224.10 - - [09/Apr/2012:13:37:51 -0700] "GET /favicon.ico HTTP/1.1" 404 142 "-" "Caffeinated/1.1.1 CFNetwork/520.3.2 Darwin/11.3.0 (x86_64) (MacBookPro8%2C1)"
220.181.108.85 - - [09/Apr/2012:13:38:19 -0700] "GET / HTTP/1.1" 200 3439 "-" "Mozilla/5.0 (compatible; Baiduspider/2.0; +http://www.baidu.com/search/spider.html)"
184.191.224.10 - - [09/Apr/2012:13:38:51 -0700] "GET / HTTP/1.1" 200 1430 "-" "Caffeinated/1.1.1 CFNetwork/520.3.2 Darwin/11.3.0 (x86_64) (MacBookPro8%2C1)"
184.191.224.10 - - [09/Apr/2012:13:38:51 -0700] "GET /favicon.ico HTTP/1.1" 404 142 "-" "Caffeinated/1.1.1 CFNetwork/520.3.2 Darwin/11.3.0 (x86_64) (MacBookPro8%2C1)"
184.191.224.10 - - [09/Apr/2012:13:39:10 -0700] "GET / HTTP/1.1" 200 1430 "-" "Caffeinated/1.1.1 CFNetwork/520.3.2 Darwin/11.3.0 (x86_64) (MacBookPro8%2C1)"
184.191.224.10 - - [09/Apr/2012:13:39:10 -0700] "GET /favicon.ico HTTP/1.1" 404 142 "-" "Caffeinated/1.1.1 CFNetwork/520.3.2 Darwin/11.3.0 (x86_64) (MacBookPro8%2C1)"
184.191.224.10 - - [09/Apr/2012:13:40:08 -0700] "GET / HTTP/1.1" 200 1430 "-" "Caffeinated/1.1.1 CFNetwork/520.3.2 Darwin/11.3.0 (x86_64) (MacBookPro8%2C1)"
184.191.224.10 - - [09/Apr/2012:13:40:08 -0700] "GET /favicon.ico HTTP/1.1" 404 142 "-" "Caffeinated/1.1.1 CFNetwork/520.3.2 Darwin/11.3.0 (x86_64) (MacBookPro8%2C1)"
184.191.224.10 - - [09/Apr/2012:13:40:28 -0700] "GET / HTTP/1.1" 200 1430 "-" "Caffeinated/1.1.1 CFNetwork/520.3.2 Darwin/11.3.0 (x86_64) (MacBookPro8%2C1)"
184.191.224.10 - - [09/Apr/2012:13:40:28 -0700] "GET /favicon.ico HTTP/1.1" 404 142 "-" "Caffeinated/1.1.1 CFNetwork/520.3.2 Darwin/11.3.0 (x86_64) (MacBookPro8%2C1)"
85.17.88.169 - - [09/Apr/2012:13:41:00 -0700] "POST /blog/wp-cron.php?doing_wp_cron=1334003744 HTTP/1.0" 499 0 "-" "WordPress/3.3.1; http://yuvi.in/blog"
209.85.224.89 - - [09/Apr/2012:13:41:01 -0700] "GET /blog/feed HTTP/1.1" 304 0 "-" "FeedBurner/1.0 (http://www.FeedBurner.com)"
184.191.224.10 - - [09/Apr/2012:13:41:29 -0700] "GET / HTTP/1.1" 200 1430 "-" "Caffeinated/1.1.1 CFNetwork/520.3.2 Darwin/11.3.0 (x86_64) (MacBookPro8%2C1)"
184.191.224.10 - - [09/Apr/2012:13:41:29 -0700] "GET /favicon.ico HTTP/1.1" 404 142 "-" "Caffeinated/1.1.1 CFNetwork/520.3.2 Darwin/11.3.0 (x86_64) (MacBookPro8%2C1)"
184.191.224.10 - - [09/Apr/2012:13:41:49 -0700] "GET / HTTP/1.1" 200 1430 "-" "Caffeinated/1.1.1 CFNetwork/520.3.2 Darwin/11.3.0 (x86_64) (MacBookPro8%2C1)"
184.191.224.10 - - [09/Apr/2012:13:41:49 -0700] "GET /favicon.ico HTTP/1.1" 404 142 "-" "Caffeinated/1.1.1 CFNetwork/520.3.2 Darwin/11.3.0 (x86_64) (MacBookPro8%2C1)"
184.191.224.10 - - [09/Apr/2012:13:42:48 -0700] "GET / HTTP/1.1" 200 1430 "-" "Caffeinated/1.1.1 CFNetwork/520.3.2 Darwin/11.3.0 (x86_64) (MacBookPro8%2C1)"
184.191.224.10 - - [09/Apr/2012:13:42:48 -0700] "GET /favicon.ico HTTP/1.1" 404 142 "-" "Caffeinated/1.1.1 CFNetwork/520.3.2 Darwin/11.3.0 (x86_64) (MacBookPro8%2C1)"
87.202.177.162 - - [09/Apr/2012:13:42:52 -0700] "GET /r/2uac HTTP/1.1" 301 257 "http://ta.wikipedia.org/wiki/%E0%AE%9A%E0%AE%BF%E0%AE%B5_%E0%AE%95%E0%AE%BE%E0%AE%B0%E0%AF%8D%E0%AE%A4%E0%AF%8D%E0%AE%A4%E0%AE%BF%E0%AE%95%E0%AF%87%E0%AE%AF%E0%AE%A9%E0%AF%8D" "Mozilla/5.0 (Windows NT 6.1; rv:11.0) Gecko/20100101 Firefox/11.0"
87.202.177.162 - - [09/Apr/2012:13:42:52 -0700] "GET /s/ta/2uac/ HTTP/1.1" 302 461 "http://ta.wikipedia.org/wiki/%E0%AE%9A%E0%AE%BF%E0%AE%B5_%E0%AE%95%E0%AE%BE%E0%AE%B0%E0%AF%8D%E0%AE%A4%E0%AF%8D%E0%AE%A4%E0%AE%BF%E0%AE%95%E0%AF%87%E0%AE%AF%E0%AE%A9%E0%AF%8D" "Mozilla/5.0 (Windows NT 6.1; rv:11.0) Gecko/20100101 Firefox/11.0"
184.191.224.10 - - [09/Apr/2012:13:43:11 -0700] "GET / HTTP/1.1" 200 1430 "-" "Caffeinated/1.1.1 CFNetwork/520.3.2 Darwin/11.3.0 (x86_64) (MacBookPro8%2C1)"
184.191.224.10 - - [09/Apr/2012:13:43:11 -0700] "GET /favicon.ico HTTP/1.1" 404 142 "-" "Caffeinated/1.1.1 CFNetwork/520.3.2 Darwin/11.3.0 (x86_64) (MacBookPro8%2C1)"
184.191.224.10 - - [09/Apr/2012:13:44:06 -0700] "GET / HTTP/1.1" 200 1430 "-" "Caffeinated/1.1.1 CFNetwork/520.3.2 Darwin/11.3.0 (x86_64) (MacBookPro8%2C1)"
184.191.224.10 - - [09/Apr/2012:13:44:06 -0700] "GET /favicon.ico HTTP/1.1" 404 142 "-" "Caffeinated/1.1.1 CFNetwork/520.3.2 Darwin/11.3.0 (x86_64) (MacBookPro8%2C1)"
184.191.224.10 - - [09/Apr/2012:13:44:28 -0700] "GET / HTTP/1.1" 200 1430 "-" "Caffeinated/1.1.1 CFNetwork/520.3.2 Darwin/11.3.0 (x86_64) (MacBookPro8%2C1)"
184.191.224.10 - - [09/Apr/2012:13:44:29 -0700] "GET /favicon.ico HTTP/1.1" 404 142 "-" "Caffeinated/1.1.1 CFNetwork/520.3.2 Darwin/11.3.0 (x86_64) (MacBookPro8%2C1)"
132.239.135.120 - - [09/Apr/2012:13:45:08 -0700] "GET /blog/story-average-indian-techie/ HTTP/1.1" 200 14154 "http://blog.nikhilism.com/2011/12/why-indian-students-should-attend.html" "Mozilla/5.0 (Macintosh; Intel Mac OS X 10_6_8) AppleWebKit/535.19 (KHTML, like Gecko) Chrome/18.0.1025.151 Safari/535.19"
132.239.135.120 - - [09/Apr/2012:13:45:08 -0700] "GET /blog/wp-content/themes/cleanr/js/jquery.dropdown.js?ver=3.3.1 HTTP/1.1" 200 535 "http://yuvi.in/blog/story-average-indian-techie/" "Mozilla/5.0 (Macintosh; Intel Mac OS X 10_6_8) AppleWebKit/535.19 (KHTML, like Gecko) Chrome/18.0.1025.151 Safari/535.19"
132.239.135.120 - - [09/Apr/2012:13:45:09 -0700] "GET /blog/wp-content/themes/cleanr/style.css HTTP/1.1" 200 10508 "http://yuvi.in/blog/story-average-indian-techie/" "Mozilla/5.0 (Macintosh; Intel Mac OS X 10_6_8) AppleWebKit/535.19 (KHTML, like Gecko) Chrome/18.0.1025.151 Safari/535.19"
132.239.135.120 - - [09/Apr/2012:13:45:09 -0700] "GET /blog/wp-content/themes/cleanr/css/960.css HTTP/1.1" 200 3628 "http://yuvi.in/blog/story-average-indian-techie/" "Mozilla/5.0 (Macintosh; Intel Mac OS X 10_6_8) AppleWebKit/535.19 (KHTML, like Gecko) Chrome/18.0.1025.151 Safari/535.19"
132.239.135.120 - - [09/Apr/2012:13:45:09 -0700] "GET /blog/wp-content/themes/cleanr/css/text.css HTTP/1.1" 200 420 "http://yuvi.in/blog/story-average-indian-techie/" "Mozilla/5.0 (Macintosh; Intel Mac OS X 10_6_8) AppleWebKit/535.19 (KHTML, like Gecko) Chrome/18.0.1025.151 Safari/535.19"
132.239.135.120 - - [09/Apr/2012:13:45:09 -0700] "GET /blog/wp-content/themes/cleanr/css/reset.css HTTP/1.1" 200 648 "http://yuvi.in/blog/story-average-indian-techie/" "Mozilla/5.0 (Macintosh; Intel Mac OS X 10_6_8) AppleWebKit/535.19 (KHTML, like Gecko) Chrome/18.0.1025.151 Safari/535.19"
132.239.135.120 - - [09/Apr/2012:13:45:09 -0700] "GET /blog/wp-includes/js/jquery/jquery.js?ver=1.7.1 HTTP/1.1" 200 93889 "http://yuvi.in/blog/story-average-indian-techie/" "Mozilla/5.0 (Macintosh; Intel Mac OS X 10_6_8) AppleWebKit/535.19 (KHTML, like Gecko) Chrome/18.0.1025.151 Safari/535.19"
132.239.135.120 - - [09/Apr/2012:13:45:10 -0700] "GET /blog/wp-content/themes/cleanr/images/search_magnifier.gif HTTP/1.1" 200 394 "http://yuvi.in/blog/story-average-indian-techie/" "Mozilla/5.0 (Macintosh; Intel Mac OS X 10_6_8) AppleWebKit/535.19 (KHTML, like Gecko) Chrome/18.0.1025.151 Safari/535.19"
132.239.135.120 - - [09/Apr/2012:13:45:11 -0700] "GET /favicon.ico HTTP/1.1" 404 199 "-" "Mozilla/5.0 (Macintosh; Intel Mac OS X 10_6_8) AppleWebKit/535.19 (KHTML, like Gecko) Chrome/18.0.1025.151 Safari/535.19"
132.239.135.120 - - [09/Apr/2012:13:45:11 -0700] "GET /favicon.ico HTTP/1.1" 404 199 "-" "Mozilla/5.0 (Macintosh; Intel Mac OS X 10_6_8) AppleWebKit/535.19 (KHTML, like Gecko) Chrome/18.0.1025.151 Safari/535.19"
132.239.135.120 - - [09/Apr/2012:13:45:11 -0700] "GET /favicon.ico HTTP/1.1" 404 199 "-" "Mozilla/5.0 (Macintosh; Intel Mac OS X 10_6_8) AppleWebKit/535.19 (KHTML, like Gecko) Chrome/18.0.1025.151 Safari/535.19"
132.239.135.120 - - [09/Apr/2012:13:45:11 -0700] "GET /favicon.ico HTTP/1.1" 404 199 "-" "Mozilla/5.0 (Macintosh; Intel Mac OS X 10_6_8) AppleWebKit/535.19 (KHTML, like Gecko) Chrome/18.0.1025.151 Safari/535.19"
85.17.88.169 - - [09/Apr/2012:13:45:15 -0700] "POST /blog/wp-cron.php?doing_wp_cron=1334003999 HTTP/1.0" 499 0 "-" "WordPress/3.3.1; http://yuvi.in/blog"
132.239.135.120 - - [09/Apr/2012:13:45:15 -0700] "GET /blog/story-average-indian-techie/?cf_action=sync_comments&post_id=220 HTTP/1.1" 200 48 "http://yuvi.in/blog/story-average-indian-techie/" "Mozilla/5.0 (Macintosh; Intel Mac OS X 10_6_8) AppleWebKit/535.19 (KHTML, like Gecko) Chrome/18.0.1025.151 Safari/535.19"
85.17.88.169 - - [09/Apr/2012:13:45:25 -0700] "POST /blog/wp-cron.php?doing_wp_cron=1334004009 HTTP/1.0" 499 0 "-" "WordPress/3.3.1; http://yuvi.in/blog"
209.85.238.112 - - [09/Apr/2012:13:45:26 -0700] "GET /blog/feed/ HTTP/1.1" 200 6674 "-" "Feedfetcher-Google; (+http://www.google.com/feedfetcher.html; 19 subscribers; feed-id=15064232456473204253)"
184.191.224.10 - - [09/Apr/2012:13:45:26 -0700] "GET / HTTP/1.1" 200 1430 "-" "Caffeinated/1.1.1 CFNetwork/520.3.2 Darwin/11.3.0 (x86_64) (MacBookPro8%2C1)"
184.191.224.10 - - [09/Apr/2012:13:45:26 -0700] "GET /favicon.ico HTTP/1.1" 404 142 "-" "Caffeinated/1.1.1 CFNetwork/520.3.2 Darwin/11.3.0 (x86_64) (MacBookPro8%2C1)"
157.55.16.56 - - [09/Apr/2012:13:45:38 -0700] "GET /robots.txt HTTP/1.1" 404 169 "-" "Mozilla/5.0 (compatible; bingbot/2.0; +http://www.bing.com/bingbot.htm)"
184.191.224.10 - - [09/Apr/2012:13:45:48 -0700] "GET / HTTP/1.1" 200 1430 "-" "Caffeinated/1.1.1 CFNetwork/520.3.2 Darwin/11.3.0 (x86_64) (MacBookPro8%2C1)"
184.191.224.10 - - [09/Apr/2012:13:45:48 -0700] "GET /favicon.ico HTTP/1.1" 404 142 "-" "Caffeinated/1.1.1 CFNetwork/520.3.2 Darwin/11.3.0 (x86_64) (MacBookPro8%2C1)"
85.17.88.169 - - [09/Apr/2012:13:46:32 -0700] "POST /blog/wp-cron.php?doing_wp_cron=1334004076 HTTP/1.0" 499 0 "-" "WordPress/3.3.1; http://yuvi.in/blog"
157.55.16.56 - - [09/Apr/2012:13:46:33 -0700] "GET /blog/category/code/ HTTP/1.1" 200 12265 "-" "Mozilla/5.0 (compatible; bingbot/2.0; +http://www.bing.com/bingbot.htm)"
184.191.224.10 - - [09/Apr/2012:13:46:46 -0700] "GET / HTTP/1.1" 200 1430 "-" "Caffeinated/1.1.1 CFNetwork/520.3.2 Darwin/11.3.0 (x86_64) (MacBookPro8%2C1)"
