69.171.229.250 - - [17/Mar/2012:01:41:52 -0700] "GET /s/ta/1nvz/ HTTP/1.1" 302 365 "-" "facebookexternalhit/1.1 (+http://www.facebook.com/externalhit_uatext.php)"
74.125.126.90 - - [17/Mar/2012:01:43:24 -0700] "GET /favicon.ico HTTP/1.1" 404 142 "-" "-"
115.241.107.15 - - [17/Mar/2012:01:46:46 -0700] "-" 400 0 "-" "-"
180.76.5.186 - - [17/Mar/2012:01:47:46 -0700] "GET /blog/lessons-learnt-from-working-with-the-symposium.html HTTP/1.1" 200 2433 "-" "Mozilla/5.0 (compatible; Baiduspider/2.0; +http://www.baidu.com/search/spider.html)"
223.190.228.61 - - [17/Mar/2012:01:50:02 -0700] "-" 400 0 "-" "-"
117.193.56.224 - - [17/Mar/2012:01:50:12 -0700] "-" 400 0 "-" "-"
117.193.56.224 - - [17/Mar/2012:01:50:12 -0700] "-" 400 0 "-" "-"
117.193.56.224 - - [17/Mar/2012:01:50:12 -0700] "-" 400 0 "-" "-"
117.193.56.224 - - [17/Mar/2012:01:50:12 -0700] "-" 400 0 "-" "-"
117.193.56.224 - - [17/Mar/2012:01:50:12 -0700] "-" 400 0 "-" "-"
117.193.56.224 - - [17/Mar/2012:01:50:12 -0700] "-" 400 0 "-" "-"
117.193.56.224 - - [17/Mar/2012:01:50:42 -0700] "-" 400 0 "-" "-"
117.193.56.224 - - [17/Mar/2012:01:50:42 -0700] "-" 400 0 "-" "-"
117.193.56.224 - - [17/Mar/2012:01:50:42 -0700] "-" 400 0 "-" "-"
223.190.228.61 - - [17/Mar/2012:01:50:53 -0700] "-" 400 0 "-" "-"
223.190.228.61 - - [17/Mar/2012:01:50:53 -0700] "-" 400 0 "-" "-"
223.190.228.61 - - [17/Mar/2012:01:50:53 -0700] "-" 400 0 "-" "-"
223.190.228.61 - - [17/Mar/2012:01:50:53 -0700] "-" 400 0 "-" "-"
223.190.228.61 - - [17/Mar/2012:01:50:53 -0700] "-" 400 0 "-" "-"
85.17.88.169 - - [17/Mar/2012:01:52:49 -0700] "POST /blog/wp-cron.php?doing_wp_cron=1331974240 HTTP/1.0" 499 0 "-" "WordPress/3.3.1; http://yuvi.in/blog"
157.55.112.207 - - [17/Mar/2012:01:52:49 -0700] "-" 400 0 "-" "-"
209.85.238.115 - - [17/Mar/2012:01:52:50 -0700] "GET /blog/feed/ HTTP/1.1" 304 0 "-" "Feedfetcher-Google; (+http://www.google.com/feedfetcher.html; 19 subscribers; feed-id=15064232456473204253)"
207.46.204.209 - - [17/Mar/2012:01:52:50 -0700] "-" 400 0 "-" "-"
157.55.112.207 - - [17/Mar/2012:01:52:52 -0700] "-" 400 0 "-" "-"
157.55.112.207 - - [17/Mar/2012:01:52:52 -0700] "-" 400 0 "-" "-"
207.46.204.209 - - [17/Mar/2012:01:52:52 -0700] "-" 400 0 "-" "-"
207.46.204.209 - - [17/Mar/2012:01:52:52 -0700] "-" 400 0 "-" "-"
207.46.204.209 - - [17/Mar/2012:01:52:53 -0700] "-" 400 0 "-" "-"
157.55.112.207 - - [17/Mar/2012:01:52:53 -0700] "-" 400 0 "-" "-"
157.55.112.207 - - [17/Mar/2012:01:52:53 -0700] "-" 400 0 "-" "-"
157.55.112.207 - - [17/Mar/2012:01:52:53 -0700] "-" 400 0 "-" "-"
207.46.204.209 - - [17/Mar/2012:01:52:53 -0700] "-" 400 0 "-" "-"
207.46.204.209 - - [17/Mar/2012:01:52:53 -0700] "-" 400 0 "-" "-"
157.55.112.207 - - [17/Mar/2012:01:52:53 -0700] "-" 400 0 "-" "-"
207.46.204.209 - - [17/Mar/2012:01:52:54 -0700] "-" 400 0 "-" "-"
157.55.112.207 - - [17/Mar/2012:01:52:54 -0700] "-" 400 0 "-" "-"
157.55.112.207 - - [17/Mar/2012:01:52:54 -0700] "-" 400 0 "-" "-"
157.55.112.207 - - [17/Mar/2012:01:52:54 -0700] "-" 400 0 "-" "-"
207.46.204.209 - - [17/Mar/2012:01:52:54 -0700] "-" 400 0 "-" "-"
207.46.204.209 - - [17/Mar/2012:01:52:54 -0700] "-" 400 0 "-" "-"
207.46.204.209 - - [17/Mar/2012:01:52:54 -0700] "-" 400 0 "-" "-"
207.46.204.209 - - [17/Mar/2012:01:53:29 -0700] "-" 400 0 "-" "-"
122.174.34.131 - - [17/Mar/2012:01:53:35 -0700] "-" 400 0 "-" "-"
122.164.180.218 - - [17/Mar/2012:01:54:28 -0700] "-" 400 0 "-" "-"
117.193.56.224 - - [17/Mar/2012:01:55:11 -0700] "-" 400 0 "-" "-"
117.193.56.224 - - [17/Mar/2012:01:55:11 -0700] "-" 400 0 "-" "-"
117.193.56.224 - - [17/Mar/2012:01:55:11 -0700] "-" 400 0 "-" "-"
117.193.56.224 - - [17/Mar/2012:01:55:11 -0700] "-" 400 0 "-" "-"
220.225.121.161 - - [17/Mar/2012:01:55:59 -0700] "-" 400 0 "-" "-"
220.225.121.161 - - [17/Mar/2012:01:55:59 -0700] "-" 400 0 "-" "-"
122.164.177.28 - - [17/Mar/2012:01:57:54 -0700] "-" 400 0 "-" "-"
122.164.177.28 - - [17/Mar/2012:01:57:54 -0700] "-" 400 0 "-" "-"
117.193.56.224 - - [17/Mar/2012:01:58:40 -0700] "-" 400 0 "-" "-"
117.193.56.224 - - [17/Mar/2012:01:58:40 -0700] "-" 400 0 "-" "-"
117.193.56.224 - - [17/Mar/2012:01:58:40 -0700] "-" 400 0 "-" "-"
117.193.56.224 - - [17/Mar/2012:01:58:40 -0700] "-" 400 0 "-" "-"
117.193.56.224 - - [17/Mar/2012:01:58:40 -0700] "-" 400 0 "-" "-"
209.85.224.96 - - [17/Mar/2012:02:02:01 -0700] "GET /blog/feed HTTP/1.1" 304 0 "-" "FeedBurner/1.0 (http://www.FeedBurner.com)"
117.202.84.33 - - [17/Mar/2012:02:05:48 -0700] "-" 400 0 "-" "-"
180.76.5.181 - - [17/Mar/2012:02:06:53 -0700] "GET /blog/i-have-a-motorbike.html HTTP/1.1" 200 2722 "-" "Mozilla/5.0 (compatible; Baiduspider/2.0; +http://www.baidu.com/search/spider.html)"
209.85.224.99 - - [17/Mar/2012:02:12:31 -0700] "GET /stories/feed HTTP/1.1" 200 13653 "-" "FeedBurner/1.0 (http://www.FeedBurner.com)"
66.249.68.52 - - [17/Mar/2012:02:14:15 -0700] "GET /r/2q7i HTTP/1.1" 301 257 "-" "Mozilla/5.0 (compatible; Googlebot/2.1; +http://www.google.com/bot.html)"
66.249.68.52 - - [17/Mar/2012:02:14:16 -0700] "GET /s/ta/2q7i/ HTTP/1.1" 302 391 "-" "Mozilla/5.0 (compatible; Googlebot/2.1; +http://www.google.com/bot.html)"
180.151.57.242 - - [17/Mar/2012:02:14:27 -0700] "GET /POSM/ HTTP/1.1" 200 1963 "-" "Mozilla/5.0 (X11; Linux i686) AppleWebKit/535.11 (KHTML, like Gecko) Chrome/17.0.963.79 Safari/535.11"
180.151.57.242 - - [17/Mar/2012:02:14:27 -0700] "GET /POSM/creds.js HTTP/1.1" 200 89 "http://yuvi.in/POSM/" "Mozilla/5.0 (X11; Linux i686) AppleWebKit/535.11 (KHTML, like Gecko) Chrome/17.0.963.79 Safari/535.11"
180.151.57.242 - - [17/Mar/2012:02:14:28 -0700] "GET /POSM/lib/underscore.js HTTP/1.1" 200 35168 "http://yuvi.in/POSM/" "Mozilla/5.0 (X11; Linux i686) AppleWebKit/535.11 (KHTML, like Gecko) Chrome/17.0.963.79 Safari/535.11"
180.151.57.242 - - [17/Mar/2012:02:14:28 -0700] "GET /POSM/lib/phonegap.js HTTP/1.1" 200 144879 "http://yuvi.in/POSM/" "Mozilla/5.0 (X11; Linux i686) AppleWebKit/535.11 (KHTML, like Gecko) Chrome/17.0.963.79 Safari/535.11"
180.151.57.242 - - [17/Mar/2012:02:14:28 -0700] "GET /POSM/lib/jquery.mobile.structure-1.0.1.css HTTP/1.1" 200 32452 "http://yuvi.in/POSM/" "Mozilla/5.0 (X11; Linux i686) AppleWebKit/535.11 (KHTML, like Gecko) Chrome/17.0.963.79 Safari/535.11"
180.151.57.242 - - [17/Mar/2012:02:14:28 -0700] "GET /POSM/lib/jquery.mobile-1.0.1.css HTTP/1.1" 200 83437 "http://yuvi.in/POSM/" "Mozilla/5.0 (X11; Linux i686) AppleWebKit/535.11 (KHTML, like Gecko) Chrome/17.0.963.79 Safari/535.11"
180.151.57.242 - - [17/Mar/2012:02:14:29 -0700] "GET /POSM/lib/jquery.timeago.js HTTP/1.1" 200 4491 "http://yuvi.in/POSM/" "Mozilla/5.0 (X11; Linux i686) AppleWebKit/535.11 (KHTML, like Gecko) Chrome/17.0.963.79 Safari/535.11"
180.151.57.242 - - [17/Mar/2012:02:14:29 -0700] "GET /POSM/lib/templates.js HTTP/1.1" 200 426 "http://yuvi.in/POSM/" "Mozilla/5.0 (X11; Linux i686) AppleWebKit/535.11 (KHTML, like Gecko) Chrome/17.0.963.79 Safari/535.11"
180.151.57.242 - - [17/Mar/2012:02:14:29 -0700] "GET /POSM/lib/jquery-1.7.1.min.js HTTP/1.1" 200 93868 "http://yuvi.in/POSM/" "Mozilla/5.0 (X11; Linux i686) AppleWebKit/535.11 (KHTML, like Gecko) Chrome/17.0.963.79 Safari/535.11"
180.151.57.242 - - [17/Mar/2012:02:14:29 -0700] "GET /POSM/js/tapbar.js HTTP/1.1" 200 881 "http://yuvi.in/POSM/" "Mozilla/5.0 (X11; Linux i686) AppleWebKit/535.11 (KHTML, like Gecko) Chrome/17.0.963.79 Safari/535.11"
180.151.57.242 - - [17/Mar/2012:02:14:29 -0700] "GET /POSM/lib/leaflet/leaflet.css HTTP/1.1" 200 6437 "http://yuvi.in/POSM/" "Mozilla/5.0 (X11; Linux i686) AppleWebKit/535.11 (KHTML, like Gecko) Chrome/17.0.963.79 Safari/535.11"
180.151.57.242 - - [17/Mar/2012:02:14:29 -0700] "GET /POSM/zoomData.js HTTP/1.1" 200 1573 "http://yuvi.in/POSM/" "Mozilla/5.0 (X11; Linux i686) AppleWebKit/535.11 (KHTML, like Gecko) Chrome/17.0.963.79 Safari/535.11"
180.151.57.242 - - [17/Mar/2012:02:14:29 -0700] "GET /POSM/lib/jquery.mobile-1.0.1.js HTTP/1.1" 200 221124 "http://yuvi.in/POSM/" "Mozilla/5.0 (X11; Linux i686) AppleWebKit/535.11 (KHTML, like Gecko) Chrome/17.0.963.79 Safari/535.11"
180.151.57.242 - - [17/Mar/2012:02:14:29 -0700] "GET /POSM/style.css HTTP/1.1" 200 1349 "http://yuvi.in/POSM/" "Mozilla/5.0 (X11; Linux i686) AppleWebKit/535.11 (KHTML, like Gecko) Chrome/17.0.963.79 Safari/535.11"
180.151.57.242 - - [17/Mar/2012:02:14:29 -0700] "GET /POSM/lib/leaflet/leaflet-src.js HTTP/1.1" 200 133300 "http://yuvi.in/POSM/" "Mozilla/5.0 (X11; Linux i686) AppleWebKit/535.11 (KHTML, like Gecko) Chrome/17.0.963.79 Safari/535.11"
180.151.57.242 - - [17/Mar/2012:02:14:29 -0700] "GET /POSM/lib/TileLayer.Bing.js HTTP/1.1" 200 5317 "http://yuvi.in/POSM/" "Mozilla/5.0 (X11; Linux i686) AppleWebKit/535.11 (KHTML, like Gecko) Chrome/17.0.963.79 Safari/535.11"
180.151.57.242 - - [17/Mar/2012:02:14:29 -0700] "GET /POSM/js/poi.js HTTP/1.1" 200 2031 "http://yuvi.in/POSM/" "Mozilla/5.0 (X11; Linux i686) AppleWebKit/535.11 (KHTML, like Gecko) Chrome/17.0.963.79 Safari/535.11"
180.151.57.242 - - [17/Mar/2012:02:14:29 -0700] "GET /POSM/js/poimanager.js HTTP/1.1" 200 9309 "http://yuvi.in/POSM/" "Mozilla/5.0 (X11; Linux i686) AppleWebKit/535.11 (KHTML, like Gecko) Chrome/17.0.963.79 Safari/535.11"
180.151.57.242 - - [17/Mar/2012:02:14:29 -0700] "GET /POSM/js/curpos.js HTTP/1.1" 200 1793 "http://yuvi.in/POSM/" "Mozilla/5.0 (X11; Linux i686) AppleWebKit/535.11 (KHTML, like Gecko) Chrome/17.0.963.79 Safari/535.11"
180.151.57.242 - - [17/Mar/2012:02:14:30 -0700] "GET /POSM/js/changesets.js HTTP/1.1" 200 1226 "http://yuvi.in/POSM/" "Mozilla/5.0 (X11; Linux i686) AppleWebKit/535.11 (KHTML, like Gecko) Chrome/17.0.963.79 Safari/535.11"
180.151.57.242 - - [17/Mar/2012:02:14:30 -0700] "GET /POSM/js/main.js HTTP/1.1" 200 9616 "http://yuvi.in/POSM/" "Mozilla/5.0 (X11; Linux i686) AppleWebKit/535.11 (KHTML, like Gecko) Chrome/17.0.963.79 Safari/535.11"
180.151.57.242 - - [17/Mar/2012:02:14:30 -0700] "GET /POSM/img/mapmode.png HTTP/1.1" 200 1168 "http://yuvi.in/POSM/" "Mozilla/5.0 (X11; Linux i686) AppleWebKit/535.11 (KHTML, like Gecko) Chrome/17.0.963.79 Safari/535.11"
180.151.57.242 - - [17/Mar/2012:02:14:30 -0700] "GET /POSM/img/preferences.png HTTP/1.1" 200 748 "http://yuvi.in/POSM/" "Mozilla/5.0 (X11; Linux i686) AppleWebKit/535.11 (KHTML, like Gecko) Chrome/17.0.963.79 Safari/535.11"
180.151.57.242 - - [17/Mar/2012:02:14:30 -0700] "GET /POSM/img/refresh.png HTTP/1.1" 200 868 "http://yuvi.in/POSM/" "Mozilla/5.0 (X11; Linux i686) AppleWebKit/535.11 (KHTML, like Gecko) Chrome/17.0.963.79 Safari/535.11"
180.151.57.242 - - [17/Mar/2012:02:14:30 -0700] "GET /POSM/img/mylocation.png HTTP/1.1" 200 803 "http://yuvi.in/POSM/" "Mozilla/5.0 (X11; Linux i686) AppleWebKit/535.11 (KHTML, like Gecko) Chrome/17.0.963.79 Safari/535.11"
180.151.57.242 - - [17/Mar/2012:02:14:30 -0700] "GET /POSM/img/back.png HTTP/1.1" 200 420 "http://yuvi.in/POSM/" "Mozilla/5.0 (X11; Linux i686) AppleWebKit/535.11 (KHTML, like Gecko) Chrome/17.0.963.79 Safari/535.11"
180.151.57.242 - - [17/Mar/2012:02:14:30 -0700] "GET /POSM/img/save.png HTTP/1.1" 404 199 "http://yuvi.in/POSM/" "Mozilla/5.0 (X11; Linux i686) AppleWebKit/535.11 (KHTML, like Gecko) Chrome/17.0.963.79 Safari/535.11"
180.151.57.242 - - [17/Mar/2012:02:14:31 -0700] "GET /POSM/lib/images/ajax-loader.png HTTP/1.1" 200 366 "http://yuvi.in/POSM/" "Mozilla/5.0 (X11; Linux i686) AppleWebKit/535.11 (KHTML, like Gecko) Chrome/17.0.963.79 Safari/535.11"
180.151.57.242 - - [17/Mar/2012:02:14:31 -0700] "GET /POSM/lib/leaflet/images/zoom-in.png HTTP/1.1" 200 963 "http://yuvi.in/POSM/" "Mozilla/5.0 (X11; Linux i686) AppleWebKit/535.11 (KHTML, like Gecko) Chrome/17.0.963.79 Safari/535.11"
180.151.57.242 - - [17/Mar/2012:02:14:31 -0700] "GET /POSM/lib/leaflet/images/zoom-out.png HTTP/1.1" 200 959 "http://yuvi.in/POSM/" "Mozilla/5.0 (X11; Linux i686) AppleWebKit/535.11 (KHTML, like Gecko) Chrome/17.0.963.79 Safari/535.11"
180.151.57.242 - - [17/Mar/2012:02:14:32 -0700] "GET /POSM/img/curpos.png HTTP/1.1" 200 1205 "http://yuvi.in/POSM/" "Mozilla/5.0 (X11; Linux i686) AppleWebKit/535.11 (KHTML, like Gecko) Chrome/17.0.963.79 Safari/535.11"
180.151.57.242 - - [17/Mar/2012:02:14:33 -0700] "GET /favicon.ico HTTP/1.1" 404 199 "-" "Mozilla/5.0 (X11; Linux i686) AppleWebKit/535.11 (KHTML, like Gecko) Chrome/17.0.963.79 Safari/535.11"
180.151.57.242 - - [17/Mar/2012:02:14:33 -0700] "GET /overpass?data=%0A++++%0A++++++++node(12.983482262686612%2C+80.24283707141876%2C+12.98505044054237%2C+80.25016486644745)%3B%0A++++%0A++++out+meta%3B%0A HTTP/1.1" 200 10569 "http://yuvi.in/POSM/" "Mozilla/5.0 (X11; Linux i686) AppleWebKit/535.11 (KHTML, like Gecko) Chrome/17.0.963.79 Safari/535.11"
180.151.57.242 - - [17/Mar/2012:02:14:33 -0700] "GET /overpass?data=%0A++++%0A++++++++node(12.983482262686612%2C+80.24283707141876%2C+12.98505044054237%2C+80.25016486644745)%3B%0A++++%0A++++out+meta%3B%0A HTTP/1.1" 200 10569 "http://yuvi.in/POSM/" "Mozilla/5.0 (X11; Linux i686) AppleWebKit/535.11 (KHTML, like Gecko) Chrome/17.0.963.79 Safari/535.11"
180.151.57.242 - - [17/Mar/2012:02:14:33 -0700] "GET /POSM/lib/leaflet/images/marker.png HTTP/1.1" 200 2519 "http://yuvi.in/POSM/" "Mozilla/5.0 (X11; Linux i686) AppleWebKit/535.11 (KHTML, like Gecko) Chrome/17.0.963.79 Safari/535.11"
180.151.57.242 - - [17/Mar/2012:02:14:33 -0700] "GET /POSM/lib/leaflet/images/marker-shadow.png HTTP/1.1" 200 1649 "http://yuvi.in/POSM/" "Mozilla/5.0 (X11; Linux i686) AppleWebKit/535.11 (KHTML, like Gecko) Chrome/17.0.963.79 Safari/535.11"
117.193.55.29 - - [17/Mar/2012:02:16:28 -0700] "-" 400 0 "-" "-"
85.17.88.169 - - [17/Mar/2012:02:17:34 -0700] "POST /blog/wp-cron.php?doing_wp_cron=1331975725 HTTP/1.0" 499 0 "-" "WordPress/3.3.1; http://yuvi.in/blog"
183.82.78.91 - - [17/Mar/2012:02:17:34 -0700] "GET /blog/feed/ HTTP/1.0" 304 0 "-" "FeedDemon/4.0 (http://www.feeddemon.com/; Microsoft Windows)"
69.171.234.1 - - [17/Mar/2012:02:18:08 -0700] "GET /r/1uq HTTP/1.1" 301 255 "-" "facebookexternalhit/1.1 (+http://www.facebook.com/externalhit_uatext.php)"
69.171.234.2 - - [17/Mar/2012:02:18:08 -0700] "GET /s/ta/1uq/ HTTP/1.1" 302 409 "-" "facebookexternalhit/1.1 (+http://www.facebook.com/externalhit_uatext.php)"
69.171.228.247 - - [17/Mar/2012:02:19:29 -0700] "GET /r/3cb HTTP/1.1" 301 255 "-" "facebookexternalhit/1.1 (+http://www.facebook.com/externalhit_uatext.php)"
69.171.228.245 - - [17/Mar/2012:02:19:29 -0700] "GET /s/ta/3cb/ HTTP/1.1" 302 385 "-" "facebookexternalhit/1.1 (+http://www.facebook.com/externalhit_uatext.php)"
67.215.230.27 - - [17/Mar/2012:02:20:59 -0700] "GET /robots.txt HTTP/1.0" 404 169 "-" "Setooz/Nutch-1.2 (http://www.setooz.com)"
67.215.230.27 - - [17/Mar/2012:02:20:59 -0700] "GET /robots.txt HTTP/1.0" 404 169 "-" "Setooz/Nutch-1.2 (http://www.setooz.com)"
67.215.230.27 - - [17/Mar/2012:02:21:02 -0700] "GET / HTTP/1.0" 200 3439 "-" "Setooz/Nutch-1.2 (http://www.setooz.com)"
67.215.230.27 - - [17/Mar/2012:02:21:02 -0700] "GET /stories HTTP/1.0" 301 185 "-" "Setooz/Nutch-1.2 (http://www.setooz.com)"
69.171.228.248 - - [17/Mar/2012:02:21:05 -0700] "GET /r/23dp HTTP/1.1" 301 257 "-" "facebookexternalhit/1.1 (+http://www.facebook.com/externalhit_uatext.php)"
69.171.228.244 - - [17/Mar/2012:02:21:05 -0700] "GET /s/ta/23dp/ HTTP/1.1" 302 435 "-" "facebookexternalhit/1.1 (+http://www.facebook.com/externalhit_uatext.php)"
69.171.228.246 - - [17/Mar/2012:02:21:55 -0700] "GET /r/eao HTTP/1.1" 301 255 "-" "facebookexternalhit/1.1 (+http://www.facebook.com/externalhit_uatext.php)"
69.171.228.246 - - [17/Mar/2012:02:21:56 -0700] "GET /s/ta/eao/ HTTP/1.1" 302 397 "-" "facebookexternalhit/1.1 (+http://www.facebook.com/externalhit_uatext.php)"
85.17.88.169 - - [17/Mar/2012:02:22:38 -0700] "POST /blog/wp-cron.php?doing_wp_cron=1331976030 HTTP/1.0" 499 0 "-" "WordPress/3.3.1; http://yuvi.in/blog"
209.85.238.115 - - [17/Mar/2012:02:22:39 -0700] "GET /blog/feed HTTP/1.1" 301 0 "-" "Feedfetcher-Google; (+http://www.google.com/feedfetcher.html; 3 subscribers; feed-id=17684830852112633560)"
85.17.88.169 - - [17/Mar/2012:02:22:41 -0700] "POST /blog/wp-cron.php?doing_wp_cron=1331976032 HTTP/1.0" 499 0 "-" "WordPress/3.3.1; http://yuvi.in/blog"
209.85.238.115 - - [17/Mar/2012:02:22:41 -0700] "GET /blog/feed/ HTTP/1.1" 304 0 "-" "Feedfetcher-Google; (+http://www.google.com/feedfetcher.html; 3 subscribers; feed-id=17684830852112633560)"
69.171.228.251 - - [17/Mar/2012:02:23:03 -0700] "GET /r/3jo HTTP/1.1" 301 255 "-" "facebookexternalhit/1.1 (+http://www.facebook.com/externalhit_uatext.php)"
69.171.228.244 - - [17/Mar/2012:02:23:04 -0700] "GET /s/ta/3jo/ HTTP/1.1" 302 349 "-" "facebookexternalhit/1.1 (+http://www.facebook.com/externalhit_uatext.php)"
85.17.88.169 - - [17/Mar/2012:02:23:27 -0700] "POST /blog/wp-cron.php?doing_wp_cron=1331976078 HTTP/1.0" 499 0 "-" "WordPress/3.3.1; http://yuvi.in/blog"
117.196.159.55 - - [17/Mar/2012:02:23:27 -0700] "GET /blog/the-fridge-at-interviewstreet-office/ HTTP/1.1" 200 4589 "http://www.google.co.in/imgres?q=dark+fantasy+biscuits&hl=en&sa=X&rlz=1C2ECBA_en-ININ466IN466&biw=1024&bih=677&tbm=isch&prmd=imvns&tbnid=ItJfLKx9N-fnZM:&imgrefurl=http://yuvi.in/blog/the-fridge-at-interviewstreet-office/&docid=SPvkqnxrKQD4OM&imgurl=https://lh4.googleusercontent.com/-XYJudYtQiNc/TlIGAvOnTrI/AAAAAAAABHI/CCqigvtFDSk/IMG_4879.JPG&w=341&h=512&ei=eFdkT_-UC43RrQfi4-i8Bw&zoom=1&iact=rc&dur=383&sig=102171665003132401664&page=2&tbnh=148&tbnw=130&start=12&ndsp=17&ved=1t:429,r:8,s:12&tx=84&ty=68" "Mozilla/5.0 (Windows NT 5.1) AppleWebKit/535.11 (KHTML, like Gecko) Chrome/17.0.963.79 Safari/535.11"
117.196.159.55 - - [17/Mar/2012:02:23:28 -0700] "GET /blog/wp-content/themes/cleanr/style.css HTTP/1.1" 200 3855 "http://yuvi.in/blog/the-fridge-at-interviewstreet-office/" "Mozilla/5.0 (Windows NT 5.1) AppleWebKit/535.11 (KHTML, like Gecko) Chrome/17.0.963.79 Safari/535.11"
117.196.159.55 - - [17/Mar/2012:02:23:28 -0700] "GET /blog/wp-content/themes/cleanr/js/jquery.dropdown.js?ver=3.3.1 HTTP/1.1" 499 0 "http://yuvi.in/blog/the-fridge-at-interviewstreet-office/" "Mozilla/5.0 (Windows NT 5.1) AppleWebKit/535.11 (KHTML, like Gecko) Chrome/17.0.963.79 Safari/535.11"
117.196.159.55 - - [17/Mar/2012:02:23:28 -0700] "GET /blog/wp-includes/js/jquery/jquery.js?ver=1.7.1 HTTP/1.1" 499 0 "http://yuvi.in/blog/the-fridge-at-interviewstreet-office/" "Mozilla/5.0 (Windows NT 5.1) AppleWebKit/535.11 (KHTML, like Gecko) Chrome/17.0.963.79 Safari/535.11"
213.186.127.13 - - [17/Mar/2012:02:23:53 -0700] "GET /robots.txt HTTP/1.1" 404 142 "-" "Mozilla/5.0 (compatible; AhrefsBot/2.0; +http://ahrefs.com/robot/)"
85.17.88.169 - - [17/Mar/2012:02:24:34 -0700] "POST /blog/wp-cron.php?doing_wp_cron=1331976145 HTTP/1.0" 499 0 "-" "WordPress/3.3.1; http://yuvi.in/blog"
85.167.236.57 - - [17/Mar/2012:02:24:39 -0700] "GET /r/2wzi HTTP/1.1" 301 257 "http://ta.wikipedia.org/wiki/%E0%AE%9A%E0%AE%BF%E0%AE%A4%E0%AF%8D%E0%AE%A4%E0%AE%B0%E0%AF%8D%E0%AE%95%E0%AE%B3%E0%AF%8D_%E0%AE%AA%E0%AE%9F%E0%AF%8D%E0%AE%9F%E0%AE%BF%E0%AE%AF%E0%AE%B2%E0%AF%8D" "Mozilla/5.0 (compatible; MSIE 9.0; Windows NT 6.0; Trident/5.0)"
85.167.236.57 - - [17/Mar/2012:02:24:40 -0700] "GET /s/ta/2wzi/ HTTP/1.1" 302 485 "http://ta.wikipedia.org/wiki/%E0%AE%9A%E0%AE%BF%E0%AE%A4%E0%AF%8D%E0%AE%A4%E0%AE%B0%E0%AF%8D%E0%AE%95%E0%AE%B3%E0%AF%8D_%E0%AE%AA%E0%AE%9F%E0%AF%8D%E0%AE%9F%E0%AE%BF%E0%AE%AF%E0%AE%B2%E0%AF%8D" "Mozilla/5.0 (compatible; MSIE 9.0; Windows NT 6.0; Trident/5.0)"
141.0.8.85 - - [17/Mar/2012:02:25:55 -0700] "-" 400 0 "-" "-"
122.167.47.233 - - [17/Mar/2012:02:27:09 -0700] "GET / HTTP/1.1" 200 1430 "-" "Mozilla/5.0 (Macintosh; Intel Mac OS X 10_7_3) AppleWebKit/535.11 (KHTML, like Gecko) Chrome/17.0.963.79 Safari/535.11"
122.167.47.233 - - [17/Mar/2012:02:27:09 -0700] "GET /blueprint/screen.css HTTP/1.1" 200 12058 "http://yuvi.in/" "Mozilla/5.0 (Macintosh; Intel Mac OS X 10_7_3) AppleWebKit/535.11 (KHTML, like Gecko) Chrome/17.0.963.79 Safari/535.11"
122.167.47.233 - - [17/Mar/2012:02:27:10 -0700] "GET /blueprint/print.css HTTP/1.1" 200 1284 "http://yuvi.in/" "Mozilla/5.0 (Macintosh; Intel Mac OS X 10_7_3) AppleWebKit/535.11 (KHTML, like Gecko) Chrome/17.0.963.79 Safari/535.11"
122.167.47.233 - - [17/Mar/2012:02:27:10 -0700] "GET /header.png HTTP/1.1" 200 14249 "http://yuvi.in/" "Mozilla/5.0 (Macintosh; Intel Mac OS X 10_7_3) AppleWebKit/535.11 (KHTML, like Gecko) Chrome/17.0.963.79 Safari/535.11"
122.167.47.233 - - [17/Mar/2012:02:27:11 -0700] "GET /favicon.ico HTTP/1.1" 404 199 "-" "Mozilla/5.0 (Macintosh; Intel Mac OS X 10_7_3) AppleWebKit/535.11 (KHTML, like Gecko) Chrome/17.0.963.79 Safari/535.11"
122.167.47.233 - - [17/Mar/2012:02:27:22 -0700] "GET /blog HTTP/1.1" 301 178 "http://yuvi.in/" "Mozilla/5.0 (Macintosh; Intel Mac OS X 10_7_3) AppleWebKit/535.11 (KHTML, like Gecko) Chrome/17.0.963.79 Safari/535.11"
85.17.88.169 - - [17/Mar/2012:02:27:24 -0700] "POST /blog/wp-cron.php?doing_wp_cron=1331976315 HTTP/1.0" 499 0 "-" "WordPress/3.3.1; http://yuvi.in/blog"
122.167.47.233 - - [17/Mar/2012:02:27:24 -0700] "GET /blog/ HTTP/1.1" 200 9194 "http://yuvi.in/" "Mozilla/5.0 (Macintosh; Intel Mac OS X 10_7_3) AppleWebKit/535.11 (KHTML, like Gecko) Chrome/17.0.963.79 Safari/535.11"
122.167.47.233 - - [17/Mar/2012:02:27:25 -0700] "GET /blog/wp-content/themes/cleanr/style.css HTTP/1.1" 200 10508 "http://yuvi.in/blog/" "Mozilla/5.0 (Macintosh; Intel Mac OS X 10_7_3) AppleWebKit/535.11 (KHTML, like Gecko) Chrome/17.0.963.79 Safari/535.11"
122.167.47.233 - - [17/Mar/2012:02:27:25 -0700] "GET /blog/wp-content/themes/cleanr/js/jquery.dropdown.js?ver=3.3.1 HTTP/1.1" 200 535 "http://yuvi.in/blog/" "Mozilla/5.0 (Macintosh; Intel Mac OS X 10_7_3) AppleWebKit/535.11 (KHTML, like Gecko) Chrome/17.0.963.79 Safari/535.11"
122.167.47.233 - - [17/Mar/2012:02:27:26 -0700] "GET /blog/wp-content/themes/cleanr/css/reset.css HTTP/1.1" 200 648 "http://yuvi.in/blog/" "Mozilla/5.0 (Macintosh; Intel Mac OS X 10_7_3) AppleWebKit/535.11 (KHTML, like Gecko) Chrome/17.0.963.79 Safari/535.11"
122.167.47.233 - - [17/Mar/2012:02:27:26 -0700] "GET /blog/wp-content/themes/cleanr/css/text.css HTTP/1.1" 200 420 "http://yuvi.in/blog/" "Mozilla/5.0 (Macintosh; Intel Mac OS X 10_7_3) AppleWebKit/535.11 (KHTML, like Gecko) Chrome/17.0.963.79 Safari/535.11"
122.167.47.233 - - [17/Mar/2012:02:27:26 -0700] "GET /blog/wp-content/themes/cleanr/css/960.css HTTP/1.1" 200 3628 "http://yuvi.in/blog/" "Mozilla/5.0 (Macintosh; Intel Mac OS X 10_7_3) AppleWebKit/535.11 (KHTML, like Gecko) Chrome/17.0.963.79 Safari/535.11"
122.167.47.233 - - [17/Mar/2012:02:27:26 -0700] "GET /blog/wp-includes/js/jquery/jquery.js?ver=1.7.1 HTTP/1.1" 200 93889 "http://yuvi.in/blog/" "Mozilla/5.0 (Macintosh; Intel Mac OS X 10_7_3) AppleWebKit/535.11 (KHTML, like Gecko) Chrome/17.0.963.79 Safari/535.11"
122.167.47.233 - - [17/Mar/2012:02:27:27 -0700] "GET /blog/wp-content/themes/cleanr/images/search_magnifier.gif HTTP/1.1" 200 394 "http://yuvi.in/blog/" "Mozilla/5.0 (Macintosh; Intel Mac OS X 10_7_3) AppleWebKit/535.11 (KHTML, like Gecko) Chrome/17.0.963.79 Safari/535.11"
122.167.47.233 - - [17/Mar/2012:02:27:28 -0700] "GET /favicon.ico HTTP/1.1" 404 199 "-" "Mozilla/5.0 (Macintosh; Intel Mac OS X 10_7_3) AppleWebKit/535.11 (KHTML, like Gecko) Chrome/17.0.963.79 Safari/535.11"
112.79.40.15 - - [17/Mar/2012:02:27:33 -0700] "-" 400 0 "-" "-"
122.167.47.233 - - [17/Mar/2012:02:27:38 -0700] "-" 400 0 "-" "-"
112.79.40.15 - - [17/Mar/2012:02:28:04 -0700] "-" 400 0 "-" "-"
122.167.47.233 - - [17/Mar/2012:02:28:29 -0700] "GET / HTTP/1.1" 404 211 "-" "Mozilla/5.0 (Macintosh; Intel Mac OS X 10_7_3) AppleWebKit/535.11 (KHTML, like Gecko) Chrome/17.0.963.79 Safari/535.11"
122.167.47.233 - - [17/Mar/2012:02:28:29 -0700] "GET /favicon.ico HTTP/1.1" 404 211 "-" "Mozilla/5.0 (Macintosh; Intel Mac OS X 10_7_3) AppleWebKit/535.11 (KHTML, like Gecko) Chrome/17.0.963.79 Safari/535.11"
122.167.47.233 - - [17/Mar/2012:02:28:34 -0700] "GET / HTTP/1.1" 200 1430 "-" "Mozilla/5.0 (Macintosh; Intel Mac OS X 10_7_3) AppleWebKit/535.11 (KHTML, like Gecko) Chrome/17.0.963.79 Safari/535.11"
122.167.47.233 - - [17/Mar/2012:02:28:35 -0700] "GET /blueprint/screen.css HTTP/1.1" 200 12058 "http://www.tawp.in/" "Mozilla/5.0 (Macintosh; Intel Mac OS X 10_7_3) AppleWebKit/535.11 (KHTML, like Gecko) Chrome/17.0.963.79 Safari/535.11"
122.167.47.233 - - [17/Mar/2012:02:28:35 -0700] "GET /blueprint/print.css HTTP/1.1" 200 1284 "http://www.tawp.in/" "Mozilla/5.0 (Macintosh; Intel Mac OS X 10_7_3) AppleWebKit/535.11 (KHTML, like Gecko) Chrome/17.0.963.79 Safari/535.11"
122.167.47.233 - - [17/Mar/2012:02:28:35 -0700] "GET /header.png HTTP/1.1" 200 14249 "http://www.tawp.in/" "Mozilla/5.0 (Macintosh; Intel Mac OS X 10_7_3) AppleWebKit/535.11 (KHTML, like Gecko) Chrome/17.0.963.79 Safari/535.11"
122.167.47.233 - - [17/Mar/2012:02:28:37 -0700] "GET /favicon.ico HTTP/1.1" 404 199 "-" "Mozilla/5.0 (Macintosh; Intel Mac OS X 10_7_3) AppleWebKit/535.11 (KHTML, like Gecko) Chrome/17.0.963.79 Safari/535.11"
122.167.47.233 - - [17/Mar/2012:02:28:48 -0700] "-" 400 0 "-" "-"
85.17.88.169 - - [17/Mar/2012:02:29:34 -0700] "POST /blog/wp-cron.php?doing_wp_cron=1331976445 HTTP/1.0" 499 0 "-" "WordPress/3.3.1; http://yuvi.in/blog"
122.167.47.233 - - [17/Mar/2012:02:29:34 -0700] "GET /blog/page/2/ HTTP/1.1" 200 22955 "http://yuvi.in/blog/" "Mozilla/5.0 (Macintosh; Intel Mac OS X 10_7_3) AppleWebKit/535.11 (KHTML, like Gecko) Chrome/17.0.963.79 Safari/535.11"
122.167.47.233 - - [17/Mar/2012:02:29:36 -0700] "GET /favicon.ico HTTP/1.1" 404 199 "-" "Mozilla/5.0 (Macintosh; Intel Mac OS X 10_7_3) AppleWebKit/535.11 (KHTML, like Gecko) Chrome/17.0.963.79 Safari/535.11"
122.167.47.233 - - [17/Mar/2012:02:29:48 -0700] "-" 400 0 "-" "-"
122.167.47.233 - - [17/Mar/2012:02:30:52 -0700] "GET /favicon.ico HTTP/1.1" 404 199 "-" "Mozilla/5.0 (Macintosh; Intel Mac OS X 10_7_3) AppleWebKit/535.11 (KHTML, like Gecko) Chrome/17.0.963.79 Safari/535.11"
122.167.47.233 - - [17/Mar/2012:02:30:53 -0700] "GET /favicon.ico HTTP/1.1" 404 199 "-" "Mozilla/5.0 (Macintosh; Intel Mac OS X 10_7_3) AppleWebKit/535.11 (KHTML, like Gecko) Chrome/17.0.963.79 Safari/535.11"
122.167.47.233 - - [17/Mar/2012:02:30:59 -0700] "GET /stories HTTP/1.1" 301 185 "http://yuvi.in/" "Mozilla/5.0 (Macintosh; Intel Mac OS X 10_7_3) AppleWebKit/535.11 (KHTML, like Gecko) Chrome/17.0.963.79 Safari/535.11"
122.167.47.233 - - [17/Mar/2012:02:31:00 -0700] "GET /stories/ HTTP/1.1" 200 1271 "http://yuvi.in/" "Mozilla/5.0 (Macintosh; Intel Mac OS X 10_7_3) AppleWebKit/535.11 (KHTML, like Gecko) Chrome/17.0.963.79 Safari/535.11"
122.167.47.233 - - [17/Mar/2012:02:31:00 -0700] "GET /stories/static/style.css HTTP/1.1" 200 1274 "http://yuvi.in/stories/" "Mozilla/5.0 (Macintosh; Intel Mac OS X 10_7_3) AppleWebKit/535.11 (KHTML, like Gecko) Chrome/17.0.963.79 Safari/535.11"
122.167.47.233 - - [17/Mar/2012:02:31:00 -0700] "GET /stories/static/codehilite.css HTTP/1.1" 200 4012 "http://yuvi.in/stories/" "Mozilla/5.0 (Macintosh; Intel Mac OS X 10_7_3) AppleWebKit/535.11 (KHTML, like Gecko) Chrome/17.0.963.79 Safari/535.11"
122.167.47.233 - - [17/Mar/2012:02:31:01 -0700] "GET /favicon.ico HTTP/1.1" 404 199 "-" "Mozilla/5.0 (Macintosh; Intel Mac OS X 10_7_3) AppleWebKit/535.11 (KHTML, like Gecko) Chrome/17.0.963.79 Safari/535.11"
122.167.47.233 - - [17/Mar/2012:02:31:04 -0700] "GET /favicon.ico HTTP/1.1" 404 199 "-" "Mozilla/5.0 (Macintosh; Intel Mac OS X 10_7_3) AppleWebKit/535.11 (KHTML, like Gecko) Chrome/17.0.963.79 Safari/535.11"
122.167.47.233 - - [17/Mar/2012:02:31:08 -0700] "-" 400 0 "-" "-"
122.167.47.233 - - [17/Mar/2012:02:31:08 -0700] "-" 400 0 "-" "-"
122.167.47.233 - - [17/Mar/2012:02:31:08 -0700] "-" 400 0 "-" "-"
85.17.88.169 - - [17/Mar/2012:02:32:11 -0700] "POST /blog/wp-cron.php?doing_wp_cron=1331976602 HTTP/1.0" 499 0 "-" "WordPress/3.3.1; http://yuvi.in/blog"
209.85.224.97 - - [17/Mar/2012:02:32:11 -0700] "GET /blog/feed HTTP/1.1" 304 0 "-" "FeedBurner/1.0 (http://www.FeedBurner.com)"
85.17.88.169 - - [17/Mar/2012:02:33:25 -0700] "POST /blog/wp-cron.php?doing_wp_cron=1331976676 HTTP/1.0" 499 0 "-" "WordPress/3.3.1; http://yuvi.in/blog"
100.43.83.144 - - [17/Mar/2012:02:33:26 -0700] "GET /blog/work-life-balance.htmlhttp://yuvi.in/blog/work-life-balance.html HTTP/1.1" 404 3016 "-" "Mozilla/5.0 (compatible; YandexBot/3.0; +http://yandex.com/bots)"
119.63.196.75 - - [17/Mar/2012:02:33:32 -0700] "GET /robots.txt HTTP/1.1" 404 142 "-" "Baiduspider+(+http://www.baidu.com/search/spider.htm)"
101.63.159.167 - - [17/Mar/2012:02:33:59 -0700] "-" 400 0 "-" "-"
101.63.159.167 - - [17/Mar/2012:02:33:59 -0700] "-" 400 0 "-" "-"
101.63.159.167 - - [17/Mar/2012:02:33:59 -0700] "-" 400 0 "-" "-"
101.63.159.167 - - [17/Mar/2012:02:33:59 -0700] "-" 400 0 "-" "-"
122.167.47.233 - - [17/Mar/2012:02:34:08 -0700] "GET /favicon.ico HTTP/1.1" 404 199 "-" "Mozilla/5.0 (Macintosh; Intel Mac OS X 10_7_3) AppleWebKit/535.11 (KHTML, like Gecko) Chrome/17.0.963.79 Safari/535.11"
69.171.224.246 - - [17/Mar/2012:02:34:11 -0700] "GET /r/fmf HTTP/1.1" 301 255 "-" "facebookexternalhit/1.1 (+http://www.facebook.com/externalhit_uatext.php)"
69.171.224.247 - - [17/Mar/2012:02:34:11 -0700] "GET /s/ta/fmf/ HTTP/1.1" 302 349 "-" "facebookexternalhit/1.1 (+http://www.facebook.com/externalhit_uatext.php)"
122.167.47.233 - - [17/Mar/2012:02:34:18 -0700] "-" 400 0 "-" "-"
122.167.47.233 - - [17/Mar/2012:02:34:18 -0700] "-" 400 0 "-" "-"
101.63.159.167 - - [17/Mar/2012:02:34:29 -0700] "-" 400 0 "-" "-"
101.63.159.167 - - [17/Mar/2012:02:34:29 -0700] "-" 400 0 "-" "-"
101.63.159.167 - - [17/Mar/2012:02:34:29 -0700] "-" 400 0 "-" "-"
101.63.159.167 - - [17/Mar/2012:02:34:29 -0700] "-" 400 0 "-" "-"
101.63.159.167 - - [17/Mar/2012:02:35:49 -0700] "-" 400 0 "-" "-"
66.249.68.52 - - [17/Mar/2012:02:37:10 -0700] "GET /s/ta/1a21/ HTTP/1.1" 302 385 "-" "SAMSUNG-SGH-E250/1.0 Profile/MIDP-2.0 Configuration/CLDC-1.1 UP.Browser/6.2.3.3.c.1.101 (GUI) MMP/2.0 (compatible; Googlebot-Mobile/2.1; +http://www.google.com/bot.html)"
180.76.5.98 - - [17/Mar/2012:02:38:44 -0700] "GET /blog/how-i-spent-the-day-today.html HTTP/1.1" 200 2962 "-" "Mozilla/5.0 (compatible; Baiduspider/2.0; +http://www.baidu.com/search/spider.html)"
101.63.159.167 - - [17/Mar/2012:02:38:49 -0700] "-" 400 0 "-" "-"
101.63.159.167 - - [17/Mar/2012:02:38:49 -0700] "-" 400 0 "-" "-"
101.63.159.167 - - [17/Mar/2012:02:38:49 -0700] "-" 400 0 "-" "-"
101.63.159.167 - - [17/Mar/2012:02:38:49 -0700] "-" 400 0 "-" "-"
85.17.88.169 - - [17/Mar/2012:02:39:38 -0700] "POST /blog/wp-cron.php?doing_wp_cron=1331977049 HTTP/1.0" 499 0 "-" "WordPress/3.3.1; http://yuvi.in/blog"
207.46.195.239 - - [17/Mar/2012:02:39:41 -0700] "GET /blog/devlog-december-2011/trackback/ HTTP/1.1" 302 0 "-" "Mozilla/5.0 (compatible; bingbot/2.0; +http://www.bing.com/bingbot.htm)"
180.151.57.242 - - [17/Mar/2012:02:40:39 -0700] "GET / HTTP/1.1" 404 211 "-" "Mozilla/5.0 (compatible; MSIE 10.0; Windows NT 6.2; Trident/6.0)"
122.164.177.28 - - [17/Mar/2012:02:40:50 -0700] "-" 400 0 "-" "-"
180.151.57.242 - - [17/Mar/2012:02:40:51 -0700] "GET /en/ta/0/ HTTP/1.1" 302 265 "-" "Mozilla/5.0 (compatible; MSIE 10.0; Windows NT 6.2; Trident/6.0)"
101.63.159.167 - - [17/Mar/2012:02:41:49 -0700] "-" 400 0 "-" "-"
101.63.159.167 - - [17/Mar/2012:02:41:49 -0700] "-" 400 0 "-" "-"
121.242.76.214 - - [17/Mar/2012:02:42:33 -0700] "GET /favicon.ico HTTP/1.1" 404 142 "http://prashanth-kamle.blogspot.in/2009_06_01_archive.html" "Mozilla/5.0 (Windows NT 5.1; rv:5.0.1) Gecko/20100101 Firefox/5.0.1"
121.242.76.214 - - [17/Mar/2012:02:42:43 -0700] "GET /favicon.ico HTTP/1.1" 404 142 "http://prashanth-kamle.blogspot.in/2009_06_01_archive.html" "Mozilla/5.0 (Windows NT 5.1; rv:5.0.1) Gecko/20100101 Firefox/5.0.1"
101.63.159.167 - - [17/Mar/2012:02:43:59 -0700] "-" 400 0 "-" "-"
85.17.88.169 - - [17/Mar/2012:02:46:13 -0700] "POST /blog/wp-cron.php?doing_wp_cron=1331977444 HTTP/1.0" 499 0 "-" "WordPress/3.3.1; http://yuvi.in/blog"
65.52.109.26 - - [17/Mar/2012:02:46:14 -0700] "GET /blog/tag/photo/ HTTP/1.1" 200 4693 "-" "Mozilla/5.0 (compatible; bingbot/2.0; +http://www.bing.com/bingbot.htm)"
123.125.71.41 - - [17/Mar/2012:02:46:55 -0700] "GET /robots.txt HTTP/1.1" 404 211 "-" "Mozilla/5.0 (compatible; Baiduspider/2.0; +http://www.baidu.com/search/spider.html)"
123.125.71.69 - - [17/Mar/2012:02:47:01 -0700] "GET /robots.txt HTTP/1.1" 404 142 "-" "Mozilla/5.0 (compatible; Baiduspider/2.0; +http://www.baidu.com/search/spider.html)"
122.174.121.14 - - [17/Mar/2012:02:47:14 -0700] "GET /t/3ttq%20%20%20sellayai%20ammamn%20temple HTTP/1.1" 404 238 "-" "Mozilla/4.0 (compatible; MSIE 8.0; Windows NT 5.1; Trident/4.0; .NET CLR 1.1.4322; InfoPath.2)"
157.55.112.208 - - [17/Mar/2012:02:47:36 -0700] "-" 400 0 "-" "-"
157.55.112.208 - - [17/Mar/2012:02:47:36 -0700] "-" 400 0 "-" "-"
157.55.112.208 - - [17/Mar/2012:02:47:36 -0700] "-" 400 0 "-" "-"
157.55.112.208 - - [17/Mar/2012:02:47:36 -0700] "-" 400 0 "-" "-"
157.55.112.208 - - [17/Mar/2012:02:47:36 -0700] "-" 400 0 "-" "-"
157.55.112.208 - - [17/Mar/2012:02:47:36 -0700] "-" 400 0 "-" "-"
157.55.112.208 - - [17/Mar/2012:02:47:36 -0700] "-" 400 0 "-" "-"
157.55.112.208 - - [17/Mar/2012:02:47:36 -0700] "-" 400 0 "-" "-"
157.55.112.208 - - [17/Mar/2012:02:47:36 -0700] "-" 400 0 "-" "-"
122.174.121.14 - - [17/Mar/2012:02:48:01 -0700] "GET /r/1mmq HTTP/1.1" 301 257 "-" "Mozilla/4.0 (compatible; MSIE 8.0; Windows NT 5.1; Trident/4.0; .NET CLR 1.1.4322; InfoPath.2)"
122.174.121.14 - - [17/Mar/2012:02:48:01 -0700] "GET /s/ta/1mmq/ HTTP/1.1" 302 561 "-" "Mozilla/4.0 (compatible; MSIE 8.0; Windows NT 5.1; Trident/4.0; .NET CLR 1.1.4322; InfoPath.2)"
122.164.239.47 - - [17/Mar/2012:02:48:12 -0700] "-" 400 0 "-" "-"
157.55.112.208 - - [17/Mar/2012:02:48:22 -0700] "-" 400 0 "-" "-"
157.55.112.208 - - [17/Mar/2012:02:48:24 -0700] "-" 400 0 "-" "-"
101.63.135.104 - - [17/Mar/2012:02:48:54 -0700] "GET /r/4hb HTTP/1.1" 301 255 "http://ta.wikipedia.org/wiki/%E0%AE%B5%E0%AE%B0%E0%AF%81%E0%AE%AE%E0%AE%BE%E0%AE%A9_%E0%AE%B5%E0%AE%B0%E0%AE%BF" "Mozilla/5.0 (Windows; U; Windows NT 6.1; en-US) AppleWebKit/534.3 (KHTML, like Gecko) Chrome/6.0.472.0 Safari/534.3"
101.63.135.104 - - [17/Mar/2012:02:48:55 -0700] "GET /s/ta/4hb/ HTTP/1.1" 302 377 "http://ta.wikipedia.org/wiki/%E0%AE%B5%E0%AE%B0%E0%AF%81%E0%AE%AE%E0%AE%BE%E0%AE%A9_%E0%AE%B5%E0%AE%B0%E0%AE%BF" "Mozilla/5.0 (Windows; U; Windows NT 6.1; en-US) AppleWebKit/534.3 (KHTML, like Gecko) Chrome/6.0.472.0 Safari/534.3"
190.144.37.2 - - [17/Mar/2012:02:49:25 -0700] "HEAD / HTTP/1.0" 200 0 "-" "-"
85.17.88.169 - - [17/Mar/2012:02:53:25 -0700] "POST /blog/wp-cron.php?doing_wp_cron=1331977876 HTTP/1.0" 499 0 "-" "WordPress/3.3.1; http://yuvi.in/blog"
183.82.78.91 - - [17/Mar/2012:02:53:25 -0700] "GET /blog/feed/ HTTP/1.0" 304 0 "-" "FeedDemon/4.0 (http://www.feeddemon.com/; Microsoft Windows)"
207.46.204.213 - - [17/Mar/2012:02:55:16 -0700] "-" 400 0 "-" "-"
207.46.204.213 - - [17/Mar/2012:02:55:18 -0700] "-" 400 0 "-" "-"
207.46.204.213 - - [17/Mar/2012:02:55:18 -0700] "-" 400 0 "-" "-"
207.46.204.213 - - [17/Mar/2012:02:55:19 -0700] "-" 400 0 "-" "-"
207.46.204.213 - - [17/Mar/2012:02:55:19 -0700] "-" 400 0 "-" "-"
207.46.204.213 - - [17/Mar/2012:02:55:19 -0700] "-" 400 0 "-" "-"
207.46.204.213 - - [17/Mar/2012:02:55:21 -0700] "-" 400 0 "-" "-"
207.46.204.213 - - [17/Mar/2012:02:55:21 -0700] "-" 400 0 "-" "-"
207.46.204.213 - - [17/Mar/2012:02:55:21 -0700] "-" 400 0 "-" "-"
180.151.57.242 - - [17/Mar/2012:02:55:28 -0700] "GET /r/1r2 HTTP/1.1" 301 255 "http://ta.wikipedia.org/wiki/%E0%AE%9A%E0%AF%86%E0%AE%A9%E0%AF%8D%E0%AE%A9%E0%AF%88" "Mozilla/5.0 (Windows NT 6.2; rv:11.0) Gecko/20100101 Firefox/11.0"
180.151.57.242 - - [17/Mar/2012:02:55:29 -0700] "GET /s/ta/1r2/ HTTP/1.1" 302 337 "http://ta.wikipedia.org/wiki/%E0%AE%9A%E0%AF%86%E0%AE%A9%E0%AF%8D%E0%AE%A9%E0%AF%88" "Mozilla/5.0 (Windows NT 6.2; rv:11.0) Gecko/20100101 Firefox/11.0"
180.151.57.242 - - [17/Mar/2012:02:55:33 -0700] "-" 400 0 "-" "-"
207.46.204.213 - - [17/Mar/2012:02:56:16 -0700] "-" 400 0 "-" "-"
207.46.204.213 - - [17/Mar/2012:02:56:16 -0700] "-" 400 0 "-" "-"
122.164.239.47 - - [17/Mar/2012:02:56:22 -0700] "-" 400 0 "-" "-"
122.164.239.47 - - [17/Mar/2012:02:59:02 -0700] "-" 400 0 "-" "-"
122.164.239.47 - - [17/Mar/2012:02:59:02 -0700] "-" 400 0 "-" "-"
122.164.239.47 - - [17/Mar/2012:02:59:02 -0700] "-" 400 0 "-" "-"
122.164.239.47 - - [17/Mar/2012:02:59:02 -0700] "-" 400 0 "-" "-"
122.164.239.47 - - [17/Mar/2012:02:59:02 -0700] "-" 400 0 "-" "-"
122.164.239.47 - - [17/Mar/2012:02:59:02 -0700] "-" 400 0 "-" "-"
122.164.239.47 - - [17/Mar/2012:02:59:22 -0700] "-" 400 0 "-" "-"
122.164.239.47 - - [17/Mar/2012:02:59:22 -0700] "-" 400 0 "-" "-"
122.164.239.47 - - [17/Mar/2012:02:59:22 -0700] "-" 400 0 "-" "-"
122.164.239.47 - - [17/Mar/2012:02:59:22 -0700] "-" 400 0 "-" "-"
122.164.239.47 - - [17/Mar/2012:02:59:22 -0700] "-" 400 0 "-" "-"
85.17.88.169 - - [17/Mar/2012:02:59:22 -0700] "POST /blog/wp-cron.php?doing_wp_cron=1331978233 HTTP/1.0" 499 0 "-" "WordPress/3.3.1; http://yuvi.in/blog"
180.76.6.29 - - [17/Mar/2012:02:59:23 -0700] "GET /blog/?p=72 HTTP/1.1" 301 0 "-" "Mozilla/5.0 (compatible; Baiduspider/2.0; +http://www.baidu.com/search/spider.html)"
85.17.88.169 - - [17/Mar/2012:02:59:25 -0700] "POST /blog/wp-cron.php?doing_wp_cron=1331978236 HTTP/1.0" 499 0 "-" "WordPress/3.3.1; http://yuvi.in/blog"
180.76.5.145 - - [17/Mar/2012:02:59:25 -0700] "GET /blog/carrier-error/ HTTP/1.1" 200 4502 "-" "Mozilla/5.0 (compatible; Baiduspider/2.0; +http://www.baidu.com/search/spider.html)"
85.17.88.169 - - [17/Mar/2012:02:59:47 -0700] "POST /blog/wp-cron.php?doing_wp_cron=1331978258 HTTP/1.0" 499 0 "-" "WordPress/3.3.1; http://yuvi.in/blog"
209.85.238.115 - - [17/Mar/2012:02:59:47 -0700] "GET /blog/feed/ HTTP/1.1" 304 0 "-" "Feedfetcher-Google; (+http://www.google.com/feedfetcher.html; 19 subscribers; feed-id=15064232456473204253)"
180.151.57.242 - - [17/Mar/2012:02:59:52 -0700] "GET /e/0 HTTP/1.1" 301 253 "-" "Mozilla/5.0 (Windows NT 6.2) AppleWebKit/535.11 (KHTML, like Gecko) Chrome/17.0.963.79 Safari/535.11"
180.151.57.242 - - [17/Mar/2012:02:59:53 -0700] "GET /en/ta/0/ HTTP/1.1" 302 265 "-" "Mozilla/5.0 (Windows NT 6.2) AppleWebKit/535.11 (KHTML, like Gecko) Chrome/17.0.963.79 Safari/535.11"
180.151.57.242 - - [17/Mar/2012:03:00:03 -0700] "-" 400 0 "-" "-"
122.164.239.47 - - [17/Mar/2012:03:01:12 -0700] "-" 400 0 "-" "-"
122.164.239.47 - - [17/Mar/2012:03:01:12 -0700] "-" 400 0 "-" "-"
122.164.239.47 - - [17/Mar/2012:03:01:12 -0700] "-" 400 0 "-" "-"
122.164.239.47 - - [17/Mar/2012:03:01:12 -0700] "-" 400 0 "-" "-"
122.164.239.47 - - [17/Mar/2012:03:01:12 -0700] "-" 400 0 "-" "-"
122.164.239.47 - - [17/Mar/2012:03:01:12 -0700] "-" 400 0 "-" "-"
122.183.188.162 - - [17/Mar/2012:03:02:21 -0700] "-" 400 0 "-" "-"
85.17.88.169 - - [17/Mar/2012:03:02:21 -0700] "POST /blog/wp-cron.php?doing_wp_cron=1331978411 HTTP/1.0" 499 0 "-" "WordPress/3.3.1; http://yuvi.in/blog"
209.85.224.96 - - [17/Mar/2012:03:02:21 -0700] "GET /blog/feed HTTP/1.1" 304 0 "-" "FeedBurner/1.0 (http://www.FeedBurner.com)"
117.206.135.148 - - [17/Mar/2012:03:02:57 -0700] "GET /r/1z64 HTTP/1.1" 301 257 "http://www.muthukamalam.com/" "Mozilla/5.0 (Windows; U; Windows NT 5.1; en-US; rv:1.9.2.28) Gecko/20120306 Firefox/3.6.28"
117.206.135.148 - - [17/Mar/2012:03:02:57 -0700] "GET /s/ta/1z64/ HTTP/1.1" 302 557 "http://www.muthukamalam.com/" "Mozilla/5.0 (Windows; U; Windows NT 5.1; en-US; rv:1.9.2.28) Gecko/20120306 Firefox/3.6.28"
208.115.111.68 - - [17/Mar/2012:03:08:25 -0700] "GET /robots.txt HTTP/1.1" 404 169 "-" "Mozilla/5.0 (compatible; Ezooms/1.0; ezooms.bot@gmail.com)"
85.17.88.169 - - [17/Mar/2012:03:08:37 -0700] "POST /blog/wp-cron.php?doing_wp_cron=1331978788 HTTP/1.0" 499 0 "-" "WordPress/3.3.1; http://yuvi.in/blog"
201.15.248.106 - - [17/Mar/2012:03:08:38 -0700] "GET /blog/tag/code/ HTTP/1.1" 200 29776 "-" "Mozilla/5.0 (compatible; Googlebot/2.1; +http://www.google.com/bot.html)"
209.85.238.23 - - [17/Mar/2012:03:09:21 -0700] "GET / HTTP/1.1" 404 211 "-" "DoCoMo/2.0 N905i(c100;TB;W24H16) (compatible; Googlebot-Mobile/2.1; +http://www.google.com/bot.html)"
122.183.188.162 - - [17/Mar/2012:03:12:23 -0700] "-" 400 0 "-" "-"
209.85.224.96 - - [17/Mar/2012:03:12:32 -0700] "GET /stories/feed HTTP/1.1" 200 13653 "-" "FeedBurner/1.0 (http://www.FeedBurner.com)"
122.183.188.162 - - [17/Mar/2012:03:13:30 -0700] "-" 400 0 "-" "-"
69.171.228.244 - - [17/Mar/2012:03:13:54 -0700] "GET /r/1hea HTTP/1.1" 301 257 "-" "facebookexternalhit/1.1 (+http://www.facebook.com/externalhit_uatext.php)"
69.171.228.249 - - [17/Mar/2012:03:13:54 -0700] "GET /s/ta/1hea/ HTTP/1.1" 302 437 "-" "facebookexternalhit/1.1 (+http://www.facebook.com/externalhit_uatext.php)"
122.183.188.162 - - [17/Mar/2012:03:15:05 -0700] "-" 400 0 "-" "-"
116.202.126.65 - - [17/Mar/2012:03:16:01 -0700] "GET /r/2yfx HTTP/1.1" 301 257 "-" "Mozilla/4.0 (compatible; MSIE 8.0; Windows NT 6.1; Trident/4.0; BTRS122288; FunWebProducts; SLCC2; .NET CLR 2.0.50727; .NET CLR 3.5.30729; .NET CLR 3.0.30729; Media Center PC 6.0; InfoPath.2; FunWebProducts; .NET4.0C)"
116.202.126.65 - - [17/Mar/2012:03:16:06 -0700] "GET /s/ta/2yfx/ HTTP/1.1" 302 401 "-" "Mozilla/4.0 (compatible; MSIE 8.0; Windows NT 6.1; Trident/4.0; BTRS122288; FunWebProducts; SLCC2; .NET CLR 2.0.50727; .NET CLR 3.5.30729; .NET CLR 3.0.30729; Media Center PC 6.0; InfoPath.2; FunWebProducts; .NET4.0C)"
122.183.188.162 - - [17/Mar/2012:03:16:15 -0700] "-" 400 0 "-" "-"
66.220.158.251 - - [17/Mar/2012:03:18:22 -0700] "GET /r/2xem HTTP/1.1" 301 257 "-" "facebookexternalhit/1.1 (+http://www.facebook.com/externalhit_uatext.php)"
66.220.158.251 - - [17/Mar/2012:03:18:22 -0700] "GET /s/ta/2xem/ HTTP/1.1" 302 313 "-" "facebookexternalhit/1.1 (+http://www.facebook.com/externalhit_uatext.php)"
69.28.58.72 - - [17/Mar/2012:03:19:32 -0700] "GET /r/1z64 HTTP/1.0" 301 257 "-" "nutch-1.4/Nutch-1.4"
69.171.229.244 - - [17/Mar/2012:03:20:32 -0700] "GET /r/1hea HTTP/1.1" 301 257 "-" "facebookexternalhit/1.1 (+http://www.facebook.com/externalhit_uatext.php)"
69.171.229.246 - - [17/Mar/2012:03:20:32 -0700] "GET /s/ta/1hea/ HTTP/1.1" 302 437 "-" "facebookexternalhit/1.1 (+http://www.facebook.com/externalhit_uatext.php)"
180.76.5.48 - - [17/Mar/2012:03:20:47 -0700] "GET /blog/gstreamer-101-at-gnome-asia-2011.html HTTP/1.1" 200 2313 "-" "Mozilla/5.0 (compatible; Baiduspider/2.0; +http://www.baidu.com/search/spider.html)"
123.236.72.48 - - [17/Mar/2012:03:21:29 -0700] "-" 400 0 "-" "-"
85.17.88.169 - - [17/Mar/2012:03:25:31 -0700] "POST /blog/wp-cron.php?doing_wp_cron=1331979802 HTTP/1.0" 499 0 "-" "WordPress/3.3.1; http://yuvi.in/blog"
101.226.33.182 - - [17/Mar/2012:03:25:31 -0700] "GET /blog/feed HTTP/1.0" 304 0 "-" "Mozilla/4.0 (compatible; Windows;)"
117.193.192.49 - - [17/Mar/2012:03:25:54 -0700] "-" 400 0 "-" "-"
141.0.10.140 - - [17/Mar/2012:03:26:08 -0700] "-" 400 0 "-" "-"
122.173.79.213 - - [17/Mar/2012:03:26:58 -0700] "-" 400 0 "-" "-"
69.171.224.249 - - [17/Mar/2012:03:27:48 -0700] "GET /r/eya HTTP/1.1" 301 255 "-" "facebookexternalhit/1.1 (+http://www.facebook.com/externalhit_uatext.php)"
69.171.224.250 - - [17/Mar/2012:03:27:48 -0700] "GET /s/ta/eya/ HTTP/1.1" 302 401 "-" "facebookexternalhit/1.1 (+http://www.facebook.com/externalhit_uatext.php)"
85.17.88.169 - - [17/Mar/2012:03:28:29 -0700] "POST /blog/wp-cron.php?doing_wp_cron=1331979980 HTTP/1.0" 499 0 "-" "WordPress/3.3.1; http://yuvi.in/blog"
209.85.238.115 - - [17/Mar/2012:03:28:29 -0700] "GET /blog/feed HTTP/1.1" 301 0 "-" "Feedfetcher-Google; (+http://www.google.com/feedfetcher.html; 3 subscribers; feed-id=17684830852112633560)"
85.17.88.169 - - [17/Mar/2012:03:28:31 -0700] "POST /blog/wp-cron.php?doing_wp_cron=1331979982 HTTP/1.0" 499 0 "-" "WordPress/3.3.1; http://yuvi.in/blog"
209.85.238.115 - - [17/Mar/2012:03:28:31 -0700] "GET /blog/feed/ HTTP/1.1" 304 0 "-" "Feedfetcher-Google; (+http://www.google.com/feedfetcher.html; 3 subscribers; feed-id=17684830852112633560)"
85.17.88.169 - - [17/Mar/2012:03:29:36 -0700] "POST /blog/wp-cron.php?doing_wp_cron=1331980046 HTTP/1.0" 499 0 "-" "WordPress/3.3.1; http://yuvi.in/blog"
183.82.78.91 - - [17/Mar/2012:03:29:36 -0700] "GET /blog/feed/ HTTP/1.0" 304 0 "-" "FeedDemon/4.0 (http://www.feeddemon.com/; Microsoft Windows)"
85.17.88.169 - - [17/Mar/2012:03:32:29 -0700] "POST /blog/wp-cron.php?doing_wp_cron=1331980219 HTTP/1.0" 499 0 "-" "WordPress/3.3.1; http://yuvi.in/blog"
209.85.224.83 - - [17/Mar/2012:03:32:29 -0700] "GET /blog/feed HTTP/1.1" 304 0 "-" "FeedBurner/1.0 (http://www.FeedBurner.com)"
208.80.153.192 - - [17/Mar/2012:03:32:48 -0700] "GET /e/' HTTP/1.1" 301 257 "-" "LinkSaver/2.0"
208.80.153.192 - - [17/Mar/2012:03:32:48 -0700] "GET /en/ta/%27/ HTTP/1.1" 302 265 "-" "LinkSaver/2.0"
122.183.188.162 - - [17/Mar/2012:03:35:46 -0700] "-" 400 0 "-" "-"
46.105.9.48 - - [17/Mar/2012:03:36:59 -0700] "HEAD /r/xnx HTTP/1.0" 301 0 "-" "WordPress/3.3.1; http://www.infospress.com"
46.105.9.48 - - [17/Mar/2012:03:36:59 -0700] "GET /r/xnx HTTP/1.0" 301 255 "-" "WordPress/3.3.1; http://www.infospress.com"
46.105.9.48 - - [17/Mar/2012:03:37:00 -0700] "GET /s/ta/xnx/ HTTP/1.0" 302 449 "-" "WordPress/3.3.1; http://www.infospress.com"
46.105.9.48 - - [17/Mar/2012:03:37:01 -0700] "HEAD /r/xnx HTTP/1.0" 301 0 "-" "WordPress/3.3.1; http://www.infospress.com"
46.105.9.48 - - [17/Mar/2012:03:37:01 -0700] "GET /r/xnx HTTP/1.0" 301 255 "-" "WordPress/3.3.1; http://www.infospress.com"
46.105.9.48 - - [17/Mar/2012:03:37:01 -0700] "GET /s/ta/xnx/ HTTP/1.0" 302 449 "-" "WordPress/3.3.1; http://www.infospress.com"
208.80.153.192 - - [17/Mar/2012:03:37:23 -0700] "HEAD /e/' HTTP/1.1" 301 0 "-" "LinkParser/2.0"
208.80.153.192 - - [17/Mar/2012:03:37:23 -0700] "HEAD /en/ta/%27/ HTTP/1.1" 302 0 "-" "LinkParser/2.0"
46.105.9.48 - - [17/Mar/2012:03:37:36 -0700] "HEAD /r/xnx HTTP/1.0" 301 0 "-" "WordPress/3.3.1; http://www.infospress.com"
46.105.9.48 - - [17/Mar/2012:03:37:36 -0700] "HEAD /r/xnx HTTP/1.0" 301 0 "-" "WordPress/3.3.1; http://www.infospress.com"
113.210.253.197 - - [17/Mar/2012:03:38:36 -0700] "GET /r/23z HTTP/1.1" 301 255 "-" "Mozilla/5.0 (iPhone; CPU iPhone OS 5_1 like Mac OS X) AppleWebKit/534.46 (KHTML, like Gecko) Mobile/9B179"
113.210.253.197 - - [17/Mar/2012:03:38:36 -0700] "GET /s/ta/23z/ HTTP/1.1" 302 397 "-" "Mozilla/5.0 (iPhone; CPU iPhone OS 5_1 like Mac OS X) AppleWebKit/534.46 (KHTML, like Gecko) Mobile/9B179"
66.249.68.52 - - [17/Mar/2012:03:41:00 -0700] "GET /r/2gav%3E HTTP/1.1" 301 263 "-" "Mozilla/5.0 (compatible; Googlebot/2.1; +http://www.google.com/bot.html)"
66.249.68.52 - - [17/Mar/2012:03:41:00 -0700] "GET /s/ta/2gav%3E/ HTTP/1.1" 502 173 "-" "Mozilla/5.0 (compatible; Googlebot/2.1; +http://www.google.com/bot.html)"
59.161.188.237 - - [17/Mar/2012:03:41:12 -0700] "-" 400 0 "-" "-"
69.171.224.249 - - [17/Mar/2012:03:41:15 -0700] "GET /r/eya HTTP/1.1" 301 255 "-" "facebookexternalhit/1.1 (+http://www.facebook.com/externalhit_uatext.php)"
69.171.224.246 - - [17/Mar/2012:03:41:15 -0700] "GET /s/ta/eya/ HTTP/1.1" 302 401 "-" "facebookexternalhit/1.1 (+http://www.facebook.com/externalhit_uatext.php)"
180.76.6.29 - - [17/Mar/2012:03:43:51 -0700] "GET / HTTP/1.1" 200 3439 "-" "Mozilla/5.0 (compatible; Baiduspider/2.0; +http://www.baidu.com/search/spider.html)"
223.236.12.81 - - [17/Mar/2012:03:45:39 -0700] "GET /r/1va HTTP/1.1" 301 255 "-" "Mozilla/5.0 (iPhone; CPU iPhone OS 5_1 like Mac OS X) AppleWebKit/534.46 (KHTML, like Gecko) Mobile/9B176"
223.236.12.81 - - [17/Mar/2012:03:45:40 -0700] "GET /s/ta/1va/ HTTP/1.1" 302 409 "-" "Mozilla/5.0 (iPhone; CPU iPhone OS 5_1 like Mac OS X) AppleWebKit/534.46 (KHTML, like Gecko) Mobile/9B176"
85.17.88.169 - - [17/Mar/2012:03:45:40 -0700] "POST /blog/wp-cron.php?doing_wp_cron=1331981011 HTTP/1.0" 499 0 "-" "WordPress/3.3.1; http://yuvi.in/blog"
188.250.42.238 - - [17/Mar/2012:03:45:42 -0700] "GET /blog/2011/08/ HTTP/1.1" 200 55587 "-" "Mozilla/5.0 (compatible; Googlebot/2.1; +http://www.google.com/bot.html)"
223.236.12.81 - - [17/Mar/2012:03:45:54 -0700] "GET /r/23z HTTP/1.1" 301 255 "-" "Mozilla/5.0 (iPhone; CPU iPhone OS 5_1 like Mac OS X) AppleWebKit/534.46 (KHTML, like Gecko) Mobile/9B176"
207.46.204.220 - - [17/Mar/2012:03:47:34 -0700] "-" 400 0 "-" "-"
207.46.204.220 - - [17/Mar/2012:03:47:34 -0700] "-" 400 0 "-" "-"
207.46.204.220 - - [17/Mar/2012:03:47:34 -0700] "-" 400 0 "-" "-"
207.46.204.220 - - [17/Mar/2012:03:47:34 -0700] "-" 400 0 "-" "-"
207.46.204.220 - - [17/Mar/2012:03:47:34 -0700] "-" 400 0 "-" "-"
207.46.204.220 - - [17/Mar/2012:03:47:34 -0700] "-" 400 0 "-" "-"
207.46.204.220 - - [17/Mar/2012:03:47:34 -0700] "-" 400 0 "-" "-"
207.46.204.220 - - [17/Mar/2012:03:47:34 -0700] "-" 400 0 "-" "-"
180.76.6.222 - - [17/Mar/2012:03:48:11 -0700] "GET /blog/dokuwiki-plugin-to-easily-embed-gists.html HTTP/1.1" 304 0 "-" "Mozilla/5.0 (compatible; Baiduspider/2.0; +http://www.baidu.com/search/spider.html)"
203.199.205.25 - - [17/Mar/2012:03:48:16 -0700] "-" 400 0 "-" "-"
59.161.188.237 - - [17/Mar/2012:03:50:39 -0700] "-" 400 0 "-" "-"
117.242.212.165 - - [17/Mar/2012:03:51:59 -0700] "GET /r/18gj HTTP/1.1" 301 257 "http://ta.wikipedia.org/wiki/%E0%AE%95%E0%AE%BE%E0%AE%B3%E0%AE%BE%E0%AE%A9%E0%AF%8D" "Mozilla/5.0 (Windows NT 5.1) AppleWebKit/535.11 (KHTML, like Gecko) Chrome/17.0.963.79 Safari/535.11"
117.242.212.165 - - [17/Mar/2012:03:52:00 -0700] "GET /s/ta/18gj/ HTTP/1.1" 302 337 "http://ta.wikipedia.org/wiki/%E0%AE%95%E0%AE%BE%E0%AE%B3%E0%AE%BE%E0%AE%A9%E0%AF%8D" "Mozilla/5.0 (Windows NT 5.1) AppleWebKit/535.11 (KHTML, like Gecko) Chrome/17.0.963.79 Safari/535.11"
117.193.192.49 - - [17/Mar/2012:03:52:44 -0700] "-" 400 0 "-" "-"
117.193.192.49 - - [17/Mar/2012:03:52:44 -0700] "-" 400 0 "-" "-"
117.193.192.49 - - [17/Mar/2012:03:52:44 -0700] "-" 400 0 "-" "-"
117.193.192.49 - - [17/Mar/2012:03:52:44 -0700] "-" 400 0 "-" "-"
117.193.192.49 - - [17/Mar/2012:03:52:44 -0700] "-" 400 0 "-" "-"
85.17.88.169 - - [17/Mar/2012:03:52:45 -0700] "POST /blog/wp-cron.php?doing_wp_cron=1331981436 HTTP/1.0" 499 0 "-" "WordPress/3.3.1; http://yuvi.in/blog"
97.117.96.3 - - [17/Mar/2012:03:52:46 -0700] "GET /blog/favicon.ico HTTP/1.1" 404 3016 "-" "Mozilla/5.0 (Windows NT 5.1; rv:11.0) Gecko/20100101 Firefox/11.0"
