117.193.174.26 - - [17/Mar/2012:10:00:16 -0700] "-" 400 0 "-" "-"
117.193.174.26 - - [17/Mar/2012:10:00:16 -0700] "-" 400 0 "-" "-"
117.193.174.26 - - [17/Mar/2012:10:00:36 -0700] "-" 400 0 "-" "-"
117.193.174.26 - - [17/Mar/2012:10:00:36 -0700] "-" 400 0 "-" "-"
67.215.230.27 - - [17/Mar/2012:10:00:44 -0700] "GET /robots.txt HTTP/1.0" 404 169 "-" "Setooz/Nutch-1.2 (http://www.setooz.com)"
67.215.230.27 - - [17/Mar/2012:10:00:44 -0700] "GET /stories HTTP/1.0" 301 185 "-" "Setooz/Nutch-1.2 (http://www.setooz.com)"
67.215.230.28 - - [17/Mar/2012:10:00:45 -0700] "GET /robots.txt HTTP/1.0" 404 169 "-" "Setooz/Nutch-1.2 (http://www.setooz.com)"
67.215.230.28 - - [17/Mar/2012:10:00:45 -0700] "GET / HTTP/1.0" 200 3439 "-" "Setooz/Nutch-1.2 (http://www.setooz.com)"
141.0.9.172 - - [17/Mar/2012:10:00:46 -0700] "-" 400 0 "-" "-"
117.193.174.26 - - [17/Mar/2012:10:01:06 -0700] "-" 400 0 "-" "-"
117.193.174.26 - - [17/Mar/2012:10:01:06 -0700] "-" 400 0 "-" "-"
117.197.214.161 - - [17/Mar/2012:10:01:17 -0700] "-" 400 0 "-" "-"
117.193.174.26 - - [17/Mar/2012:10:01:36 -0700] "-" 400 0 "-" "-"
117.193.174.26 - - [17/Mar/2012:10:02:06 -0700] "-" 400 0 "-" "-"
117.193.174.26 - - [17/Mar/2012:10:02:06 -0700] "-" 400 0 "-" "-"
117.197.214.161 - - [17/Mar/2012:10:02:07 -0700] "-" 400 0 "-" "-"
117.193.174.26 - - [17/Mar/2012:10:02:26 -0700] "-" 400 0 "-" "-"
117.193.174.26 - - [17/Mar/2012:10:03:16 -0700] "-" 400 0 "-" "-"
117.193.174.26 - - [17/Mar/2012:10:03:16 -0700] "-" 400 0 "-" "-"
85.17.88.169 - - [17/Mar/2012:10:04:19 -0700] "POST /blog/wp-cron.php?doing_wp_cron=1332003728 HTTP/1.0" 499 0 "-" "WordPress/3.3.1; http://yuvi.in/blog"
209.85.224.97 - - [17/Mar/2012:10:04:19 -0700] "GET /blog/feed HTTP/1.1" 304 0 "-" "FeedBurner/1.0 (http://www.FeedBurner.com)"
117.197.214.161 - - [17/Mar/2012:10:04:36 -0700] "-" 400 0 "-" "-"
117.197.214.161 - - [17/Mar/2012:10:04:46 -0700] "-" 400 0 "-" "-"
117.197.214.161 - - [17/Mar/2012:10:04:46 -0700] "-" 400 0 "-" "-"
117.197.214.161 - - [17/Mar/2012:10:04:46 -0700] "-" 400 0 "-" "-"
117.197.214.161 - - [17/Mar/2012:10:04:56 -0700] "-" 400 0 "-" "-"
119.63.196.31 - - [17/Mar/2012:10:05:01 -0700] "GET /blog/i-have-a-motorbike.html HTTP/1.1" 200 2722 "-" "Mozilla/5.0 (compatible; Baiduspider/2.0; +http://www.baidu.com/search/spider.html)"
85.17.88.169 - - [17/Mar/2012:10:06:05 -0700] "POST /blog/wp-cron.php?doing_wp_cron=1332003833 HTTP/1.0" 499 0 "-" "WordPress/3.3.1; http://yuvi.in/blog"
183.82.78.91 - - [17/Mar/2012:10:06:05 -0700] "GET /blog/feed/ HTTP/1.0" 304 0 "-" "FeedDemon/4.0 (http://www.feeddemon.com/; Microsoft Windows)"
117.193.67.128 - - [17/Mar/2012:10:06:40 -0700] "-" 400 0 "-" "-"
117.193.67.128 - - [17/Mar/2012:10:06:40 -0700] "-" 400 0 "-" "-"
117.193.67.128 - - [17/Mar/2012:10:06:40 -0700] "-" 400 0 "-" "-"
117.193.67.128 - - [17/Mar/2012:10:07:50 -0700] "-" 400 0 "-" "-"
117.193.174.26 - - [17/Mar/2012:10:07:56 -0700] "-" 400 0 "-" "-"
117.193.174.26 - - [17/Mar/2012:10:07:56 -0700] "-" 400 0 "-" "-"
117.193.174.26 - - [17/Mar/2012:10:08:16 -0700] "-" 400 0 "-" "-"
117.193.174.26 - - [17/Mar/2012:10:08:16 -0700] "-" 400 0 "-" "-"
117.193.174.26 - - [17/Mar/2012:10:08:16 -0700] "-" 400 0 "-" "-"
117.193.174.26 - - [17/Mar/2012:10:08:16 -0700] "-" 400 0 "-" "-"
117.193.174.26 - - [17/Mar/2012:10:08:16 -0700] "-" 400 0 "-" "-"
117.193.67.128 - - [17/Mar/2012:10:08:30 -0700] "-" 400 0 "-" "-"
117.193.174.26 - - [17/Mar/2012:10:08:46 -0700] "-" 400 0 "-" "-"
207.46.204.170 - - [17/Mar/2012:10:08:55 -0700] "-" 400 0 "-" "-"
207.46.204.170 - - [17/Mar/2012:10:08:57 -0700] "-" 400 0 "-" "-"
207.46.204.170 - - [17/Mar/2012:10:08:57 -0700] "-" 400 0 "-" "-"
207.46.204.170 - - [17/Mar/2012:10:08:57 -0700] "-" 400 0 "-" "-"
207.46.204.170 - - [17/Mar/2012:10:08:57 -0700] "-" 400 0 "-" "-"
207.46.204.170 - - [17/Mar/2012:10:08:58 -0700] "-" 400 0 "-" "-"
207.46.204.170 - - [17/Mar/2012:10:08:59 -0700] "-" 400 0 "-" "-"
207.46.204.170 - - [17/Mar/2012:10:08:59 -0700] "-" 400 0 "-" "-"
207.46.204.170 - - [17/Mar/2012:10:08:59 -0700] "-" 400 0 "-" "-"
207.46.204.170 - - [17/Mar/2012:10:08:59 -0700] "-" 400 0 "-" "-"
207.46.204.170 - - [17/Mar/2012:10:09:22 -0700] "-" 400 0 "-" "-"
69.171.234.0 - - [17/Mar/2012:10:09:23 -0700] "GET /r/eya HTTP/1.1" 301 255 "-" "facebookexternalhit/1.1 (+http://www.facebook.com/externalhit_uatext.php)"
69.171.234.6 - - [17/Mar/2012:10:09:23 -0700] "GET /s/ta/eya/ HTTP/1.1" 302 401 "-" "facebookexternalhit/1.1 (+http://www.facebook.com/externalhit_uatext.php)"
117.216.121.104 - - [17/Mar/2012:10:09:50 -0700] "GET / HTTP/1.1" 200 1430 "http://www.twenty19.com/blog/going-code-crazy/" "Mozilla/5.0 (Windows NT 6.1) AppleWebKit/535.7 (KHTML, like Gecko) RockMelt/0.16.91.345 Chrome/16.0.912.77 Safari/535.7"
117.216.121.104 - - [17/Mar/2012:10:09:50 -0700] "GET /blueprint/screen.css HTTP/1.1" 200 12058 "http://yuvi.in/" "Mozilla/5.0 (Windows NT 6.1) AppleWebKit/535.7 (KHTML, like Gecko) RockMelt/0.16.91.345 Chrome/16.0.912.77 Safari/535.7"
117.216.121.104 - - [17/Mar/2012:10:09:51 -0700] "GET /header.png HTTP/1.1" 200 14249 "http://yuvi.in/" "Mozilla/5.0 (Windows NT 6.1) AppleWebKit/535.7 (KHTML, like Gecko) RockMelt/0.16.91.345 Chrome/16.0.912.77 Safari/535.7"
117.216.121.104 - - [17/Mar/2012:10:09:52 -0700] "GET /blueprint/print.css HTTP/1.1" 200 1284 "http://yuvi.in/" "Mozilla/5.0 (Windows NT 6.1) AppleWebKit/535.7 (KHTML, like Gecko) RockMelt/0.16.91.345 Chrome/16.0.912.77 Safari/535.7"
117.216.121.104 - - [17/Mar/2012:10:09:53 -0700] "GET /favicon.ico HTTP/1.1" 404 199 "-" "Mozilla/5.0 (Windows NT 6.1) AppleWebKit/535.7 (KHTML, like Gecko) RockMelt/0.16.91.345 Chrome/16.0.912.77 Safari/535.7"
69.171.229.245 - - [17/Mar/2012:10:11:37 -0700] "GET /r/p0f HTTP/1.1" 301 255 "-" "facebookexternalhit/1.1 (+http://www.facebook.com/externalhit_uatext.php)"
69.171.229.247 - - [17/Mar/2012:10:11:37 -0700] "GET /s/ta/p0f/ HTTP/1.1" 302 433 "-" "facebookexternalhit/1.1 (+http://www.facebook.com/externalhit_uatext.php)"
209.85.224.91 - - [17/Mar/2012:10:12:54 -0700] "GET /stories/feed HTTP/1.1" 200 13653 "-" "FeedBurner/1.0 (http://www.FeedBurner.com)"
85.17.88.169 - - [17/Mar/2012:10:12:56 -0700] "POST /blog/wp-cron.php?doing_wp_cron=1332004244 HTTP/1.0" 499 0 "-" "WordPress/3.3.1; http://yuvi.in/blog"
71.187.223.223 - - [17/Mar/2012:10:12:56 -0700] "GET /blog/infosys-tcs-or-wipro-none/?cf_action=sync_comments&post_id=124 HTTP/1.1" 200 48 "http://yuvi.in/blog/infosys-tcs-or-wipro-none/" "Mozilla/5.0 (Windows NT 6.1; WOW64) AppleWebKit/535.19 (KHTML, like Gecko) Chrome/18.0.1025.58 Safari/535.19"
71.187.223.223 - - [17/Mar/2012:10:13:04 -0700] "-" 400 0 "-" "-"
71.187.223.223 - - [17/Mar/2012:10:13:04 -0700] "-" 400 0 "-" "-"
71.187.223.223 - - [17/Mar/2012:10:13:04 -0700] "-" 400 0 "-" "-"
71.187.223.223 - - [17/Mar/2012:10:13:04 -0700] "-" 400 0 "-" "-"
71.187.223.223 - - [17/Mar/2012:10:13:04 -0700] "-" 400 0 "-" "-"
122.174.5.161 - - [17/Mar/2012:10:13:23 -0700] "-" 400 0 "-" "-"
122.174.5.161 - - [17/Mar/2012:10:13:23 -0700] "-" 400 0 "-" "-"
85.17.88.169 - - [17/Mar/2012:10:13:59 -0700] "POST /blog/wp-cron.php?doing_wp_cron=1332004308 HTTP/1.0" 499 0 "-" "WordPress/3.3.1; http://yuvi.in/blog"
209.85.238.115 - - [17/Mar/2012:10:14:00 -0700] "GET /blog/feed/ HTTP/1.1" 304 0 "-" "Feedfetcher-Google; (+http://www.google.com/feedfetcher.html; 19 subscribers; feed-id=15064232456473204253)"
117.193.37.30 - - [17/Mar/2012:10:14:57 -0700] "-" 400 0 "-" "-"
117.193.37.30 - - [17/Mar/2012:10:14:57 -0700] "-" 400 0 "-" "-"
117.193.37.30 - - [17/Mar/2012:10:14:57 -0700] "-" 400 0 "-" "-"
117.193.37.30 - - [17/Mar/2012:10:14:57 -0700] "-" 400 0 "-" "-"
117.193.37.30 - - [17/Mar/2012:10:16:37 -0700] "-" 400 0 "-" "-"
117.193.37.30 - - [17/Mar/2012:10:16:57 -0700] "-" 400 0 "-" "-"
117.193.37.30 - - [17/Mar/2012:10:16:57 -0700] "-" 400 0 "-" "-"
117.193.37.30 - - [17/Mar/2012:10:16:57 -0700] "-" 400 0 "-" "-"
117.193.37.30 - - [17/Mar/2012:10:16:57 -0700] "-" 400 0 "-" "-"
117.193.37.30 - - [17/Mar/2012:10:17:47 -0700] "-" 400 0 "-" "-"
117.193.37.30 - - [17/Mar/2012:10:17:47 -0700] "-" 400 0 "-" "-"
117.193.37.30 - - [17/Mar/2012:10:17:47 -0700] "-" 400 0 "-" "-"
117.193.37.30 - - [17/Mar/2012:10:17:47 -0700] "-" 400 0 "-" "-"
117.193.37.30 - - [17/Mar/2012:10:17:47 -0700] "-" 400 0 "-" "-"
117.193.37.30 - - [17/Mar/2012:10:18:07 -0700] "-" 400 0 "-" "-"
117.193.37.30 - - [17/Mar/2012:10:18:07 -0700] "-" 400 0 "-" "-"
117.193.37.30 - - [17/Mar/2012:10:18:07 -0700] "-" 400 0 "-" "-"
117.193.37.30 - - [17/Mar/2012:10:18:07 -0700] "-" 400 0 "-" "-"
66.249.68.106 - - [17/Mar/2012:10:18:48 -0700] "GET /chennai/stage/2733/ HTTP/1.1" 404 142 "-" "Mozilla/5.0 (compatible; Googlebot/2.1; +http://www.google.com/bot.html)"
120.56.196.255 - - [17/Mar/2012:10:20:51 -0700] "-" 400 0 "-" "-"
115.241.116.123 - - [17/Mar/2012:10:21:04 -0700] "-" 400 0 "-" "-"
115.241.116.123 - - [17/Mar/2012:10:21:04 -0700] "-" 400 0 "-" "-"
115.241.116.123 - - [17/Mar/2012:10:21:04 -0700] "-" 400 0 "-" "-"
115.241.116.123 - - [17/Mar/2012:10:21:04 -0700] "-" 400 0 "-" "-"
115.241.116.123 - - [17/Mar/2012:10:21:34 -0700] "-" 400 0 "-" "-"
207.46.13.99 - - [17/Mar/2012:10:21:40 -0700] "GET /robots.txt HTTP/1.1" 404 169 "-" "Mozilla/5.0 (compatible; bingbot/2.0; +http://www.bing.com/bingbot.htm)"
115.241.116.123 - - [17/Mar/2012:10:22:24 -0700] "-" 400 0 "-" "-"
115.241.116.123 - - [17/Mar/2012:10:22:24 -0700] "-" 400 0 "-" "-"
115.241.116.123 - - [17/Mar/2012:10:22:24 -0700] "-" 400 0 "-" "-"
115.241.116.123 - - [17/Mar/2012:10:22:24 -0700] "-" 400 0 "-" "-"
115.241.116.123 - - [17/Mar/2012:10:22:24 -0700] "-" 400 0 "-" "-"
85.17.88.169 - - [17/Mar/2012:10:23:02 -0700] "POST /blog/wp-cron.php?doing_wp_cron=1332004851 HTTP/1.0" 499 0 "-" "WordPress/3.3.1; http://yuvi.in/blog"
180.76.5.193 - - [17/Mar/2012:10:23:03 -0700] "GET /blog/2010/11/ HTTP/1.1" 200 4731 "-" "Mozilla/5.0 (compatible; Baiduspider/2.0; +http://www.baidu.com/search/spider.html)"
157.55.112.199 - - [17/Mar/2012:10:23:27 -0700] "-" 400 0 "-" "-"
157.55.112.199 - - [17/Mar/2012:10:23:30 -0700] "-" 400 0 "-" "-"
157.55.112.199 - - [17/Mar/2012:10:23:30 -0700] "-" 400 0 "-" "-"
157.55.112.199 - - [17/Mar/2012:10:23:30 -0700] "-" 400 0 "-" "-"
66.249.68.52 - - [17/Mar/2012:10:23:32 -0700] "GET /s/ta/2gav%3E/ HTTP/1.1" 502 173 "-" "Mozilla/5.0 (compatible; Googlebot/2.1; +http://www.google.com/bot.html)"
157.55.112.199 - - [17/Mar/2012:10:23:33 -0700] "-" 400 0 "-" "-"
157.55.112.199 - - [17/Mar/2012:10:23:33 -0700] "-" 400 0 "-" "-"
157.55.112.199 - - [17/Mar/2012:10:23:33 -0700] "-" 400 0 "-" "-"
157.55.112.199 - - [17/Mar/2012:10:23:33 -0700] "-" 400 0 "-" "-"
157.55.112.199 - - [17/Mar/2012:10:23:33 -0700] "-" 400 0 "-" "-"
157.55.112.199 - - [17/Mar/2012:10:23:34 -0700] "-" 400 0 "-" "-"
157.55.112.199 - - [17/Mar/2012:10:23:47 -0700] "-" 400 0 "-" "-"
89.211.48.146 - - [17/Mar/2012:10:23:52 -0700] "-" 400 0 "-" "-"
94.228.34.209 - - [17/Mar/2012:10:25:16 -0700] "GET /robots.txt HTTP/1.1" 404 142 "-" "magpie-crawler/1.1 (U; Linux amd64; en-GB; +http://www.brandwatch.net)"
94.228.34.209 - - [17/Mar/2012:10:25:17 -0700] "GET /blog/serendipity.html HTTP/1.1" 304 0 "-" "magpie-crawler/1.1 (U; Linux amd64; en-GB; +http://www.brandwatch.net)"
89.211.48.146 - - [17/Mar/2012:10:25:32 -0700] "-" 400 0 "-" "-"
89.211.48.146 - - [17/Mar/2012:10:25:32 -0700] "-" 400 0 "-" "-"
89.211.48.146 - - [17/Mar/2012:10:25:32 -0700] "-" 400 0 "-" "-"
89.211.48.146 - - [17/Mar/2012:10:25:32 -0700] "-" 400 0 "-" "-"
115.241.116.123 - - [17/Mar/2012:10:25:33 -0700] "-" 400 0 "-" "-"
89.211.48.146 - - [17/Mar/2012:10:25:42 -0700] "-" 400 0 "-" "-"
89.211.48.146 - - [17/Mar/2012:10:26:05 -0700] "-" 400 0 "-" "-"
89.211.48.146 - - [17/Mar/2012:10:27:05 -0700] "-" 400 0 "-" "-"
89.211.48.146 - - [17/Mar/2012:10:27:05 -0700] "-" 400 0 "-" "-"
89.211.48.146 - - [17/Mar/2012:10:27:05 -0700] "-" 400 0 "-" "-"
89.211.48.146 - - [17/Mar/2012:10:27:05 -0700] "-" 400 0 "-" "-"
89.211.48.146 - - [17/Mar/2012:10:27:05 -0700] "-" 400 0 "-" "-"
85.17.88.169 - - [17/Mar/2012:10:27:22 -0700] "POST /blog/wp-cron.php?doing_wp_cron=1332005110 HTTP/1.0" 499 0 "-" "WordPress/3.3.1; http://yuvi.in/blog"
14.96.16.105 - - [17/Mar/2012:10:27:22 -0700] "GET /blog/college-drop/ HTTP/1.1" 200 4510 "http://www.facebook.com/l.php?u=http%3A%2F%2Fyuvi.in%2Fblog%2Fcollege-drop%2F&h=AAQF8o0nA" "Mozilla/5.0 (Windows NT 6.1) AppleWebKit/535.11 (KHTML, like Gecko) Chrome/17.0.963.79 Safari/535.11"
14.96.16.105 - - [17/Mar/2012:10:27:23 -0700] "GET /blog/wp-content/themes/cleanr/style.css HTTP/1.1" 200 10508 "http://yuvi.in/blog/college-drop/" "Mozilla/5.0 (Windows NT 6.1) AppleWebKit/535.11 (KHTML, like Gecko) Chrome/17.0.963.79 Safari/535.11"
14.96.16.105 - - [17/Mar/2012:10:27:23 -0700] "GET /blog/wp-content/themes/cleanr/js/jquery.dropdown.js?ver=3.3.1 HTTP/1.1" 200 535 "http://yuvi.in/blog/college-drop/" "Mozilla/5.0 (Windows NT 6.1) AppleWebKit/535.11 (KHTML, like Gecko) Chrome/17.0.963.79 Safari/535.11"
14.96.16.105 - - [17/Mar/2012:10:27:25 -0700] "GET /blog/wp-content/themes/cleanr/css/text.css HTTP/1.1" 200 420 "http://yuvi.in/blog/college-drop/" "Mozilla/5.0 (Windows NT 6.1) AppleWebKit/535.11 (KHTML, like Gecko) Chrome/17.0.963.79 Safari/535.11"
14.96.16.105 - - [17/Mar/2012:10:27:25 -0700] "GET /blog/wp-content/themes/cleanr/css/960.css HTTP/1.1" 200 3628 "http://yuvi.in/blog/college-drop/" "Mozilla/5.0 (Windows NT 6.1) AppleWebKit/535.11 (KHTML, like Gecko) Chrome/17.0.963.79 Safari/535.11"
14.96.16.105 - - [17/Mar/2012:10:27:25 -0700] "GET /blog/wp-content/themes/cleanr/css/reset.css HTTP/1.1" 200 648 "http://yuvi.in/blog/college-drop/" "Mozilla/5.0 (Windows NT 6.1) AppleWebKit/535.11 (KHTML, like Gecko) Chrome/17.0.963.79 Safari/535.11"
14.96.16.105 - - [17/Mar/2012:10:27:26 -0700] "GET /blog/wp-includes/js/jquery/jquery.js?ver=1.7.1 HTTP/1.1" 200 93889 "http://yuvi.in/blog/college-drop/" "Mozilla/5.0 (Windows NT 6.1) AppleWebKit/535.11 (KHTML, like Gecko) Chrome/17.0.963.79 Safari/535.11"
14.96.16.105 - - [17/Mar/2012:10:27:29 -0700] "GET /blog/wp-content/themes/cleanr/images/search_magnifier.gif HTTP/1.1" 200 394 "http://yuvi.in/blog/college-drop/" "Mozilla/5.0 (Windows NT 6.1) AppleWebKit/535.11 (KHTML, like Gecko) Chrome/17.0.963.79 Safari/535.11"
14.96.16.105 - - [17/Mar/2012:10:27:33 -0700] "GET /favicon.ico HTTP/1.1" 404 199 "-" "Mozilla/5.0 (Windows NT 6.1) AppleWebKit/535.11 (KHTML, like Gecko) Chrome/17.0.963.79 Safari/535.11"
85.17.88.169 - - [17/Mar/2012:10:27:52 -0700] "POST /blog/wp-cron.php?doing_wp_cron=1332005141 HTTP/1.0" 499 0 "-" "WordPress/3.3.1; http://yuvi.in/blog"
14.96.16.105 - - [17/Mar/2012:10:27:52 -0700] "GET /blog/college-drop/?cf_action=sync_comments&post_id=393 HTTP/1.1" 200 48 "http://yuvi.in/blog/college-drop/" "Mozilla/5.0 (Windows NT 6.1) AppleWebKit/535.11 (KHTML, like Gecko) Chrome/17.0.963.79 Safari/535.11"
89.211.48.146 - - [17/Mar/2012:10:27:55 -0700] "-" 400 0 "-" "-"
89.211.48.146 - - [17/Mar/2012:10:27:55 -0700] "-" 400 0 "-" "-"
89.211.48.146 - - [17/Mar/2012:10:27:55 -0700] "-" 400 0 "-" "-"
89.211.48.146 - - [17/Mar/2012:10:28:17 -0700] "-" 400 0 "-" "-"
82.226.102.91 - - [17/Mar/2012:10:30:59 -0700] "-" 400 0 "-" "-"
82.226.102.91 - - [17/Mar/2012:10:30:59 -0700] "-" 400 0 "-" "-"
85.17.88.169 - - [17/Mar/2012:10:31:50 -0700] "POST /blog/wp-cron.php?doing_wp_cron=1332005378 HTTP/1.0" 499 0 "-" "WordPress/3.3.1; http://yuvi.in/blog"
65.52.109.152 - - [17/Mar/2012:10:31:50 -0700] "GET /blog/category/uncategorized/ HTTP/1.1" 200 23025 "-" "Mozilla/5.0 (compatible; bingbot/2.0; +http://www.bing.com/bingbot.htm)"
89.211.48.146 - - [17/Mar/2012:10:32:01 -0700] "-" 400 0 "-" "-"
89.211.48.146 - - [17/Mar/2012:10:32:11 -0700] "-" 400 0 "-" "-"
89.211.48.146 - - [17/Mar/2012:10:32:11 -0700] "-" 400 0 "-" "-"
69.171.234.1 - - [17/Mar/2012:10:32:32 -0700] "GET /r/fmf HTTP/1.1" 301 255 "-" "facebookexternalhit/1.1 (+http://www.facebook.com/externalhit_uatext.php)"
69.171.234.3 - - [17/Mar/2012:10:32:32 -0700] "GET /s/ta/fmf/ HTTP/1.1" 302 349 "-" "facebookexternalhit/1.1 (+http://www.facebook.com/externalhit_uatext.php)"
115.241.116.123 - - [17/Mar/2012:10:33:30 -0700] "-" 400 0 "-" "-"
115.241.116.123 - - [17/Mar/2012:10:33:30 -0700] "-" 400 0 "-" "-"
115.241.116.123 - - [17/Mar/2012:10:33:30 -0700] "-" 400 0 "-" "-"
115.241.116.123 - - [17/Mar/2012:10:33:30 -0700] "-" 400 0 "-" "-"
115.241.116.123 - - [17/Mar/2012:10:33:30 -0700] "-" 400 0 "-" "-"
115.241.116.123 - - [17/Mar/2012:10:33:30 -0700] "-" 400 0 "-" "-"
89.211.48.146 - - [17/Mar/2012:10:33:55 -0700] "-" 400 0 "-" "-"
89.211.48.146 - - [17/Mar/2012:10:33:55 -0700] "-" 400 0 "-" "-"
89.211.48.146 - - [17/Mar/2012:10:33:55 -0700] "-" 400 0 "-" "-"
85.17.88.169 - - [17/Mar/2012:10:34:30 -0700] "POST /blog/wp-cron.php?doing_wp_cron=1332005539 HTTP/1.0" 499 0 "-" "WordPress/3.3.1; http://yuvi.in/blog"
209.85.224.82 - - [17/Mar/2012:10:34:30 -0700] "GET /blog/feed HTTP/1.1" 304 0 "-" "FeedBurner/1.0 (http://www.FeedBurner.com)"
89.211.48.146 - - [17/Mar/2012:10:34:52 -0700] "-" 400 0 "-" "-"
89.211.48.146 - - [17/Mar/2012:10:34:52 -0700] "-" 400 0 "-" "-"
123.236.78.123 - - [17/Mar/2012:10:35:06 -0700] "GET / HTTP/1.1" 200 1430 "http://yeskarthik.tumblr.com/" "Mozilla/5.0 (X11; Linux x86_64) AppleWebKit/535.11 (KHTML, like Gecko) Chrome/17.0.963.56 Safari/535.11"
123.236.78.123 - - [17/Mar/2012:10:35:06 -0700] "GET /blueprint/screen.css HTTP/1.1" 200 12058 "http://yuvi.in/" "Mozilla/5.0 (X11; Linux x86_64) AppleWebKit/535.11 (KHTML, like Gecko) Chrome/17.0.963.56 Safari/535.11"
123.236.78.123 - - [17/Mar/2012:10:35:07 -0700] "GET /blueprint/print.css HTTP/1.1" 200 1284 "http://yuvi.in/" "Mozilla/5.0 (X11; Linux x86_64) AppleWebKit/535.11 (KHTML, like Gecko) Chrome/17.0.963.56 Safari/535.11"
123.236.78.123 - - [17/Mar/2012:10:35:07 -0700] "GET /header.png HTTP/1.1" 200 14249 "http://yuvi.in/" "Mozilla/5.0 (X11; Linux x86_64) AppleWebKit/535.11 (KHTML, like Gecko) Chrome/17.0.963.56 Safari/535.11"
123.236.78.123 - - [17/Mar/2012:10:35:08 -0700] "GET /favicon.ico HTTP/1.1" 404 199 "-" "Mozilla/5.0 (X11; Linux x86_64) AppleWebKit/535.11 (KHTML, like Gecko) Chrome/17.0.963.56 Safari/535.11"
123.236.78.123 - - [17/Mar/2012:10:35:17 -0700] "-" 400 0 "-" "-"
123.236.78.123 - - [17/Mar/2012:10:35:17 -0700] "-" 400 0 "-" "-"
123.236.78.123 - - [17/Mar/2012:10:35:17 -0700] "-" 400 0 "-" "-"
123.236.78.123 - - [17/Mar/2012:10:35:17 -0700] "-" 400 0 "-" "-"
82.226.102.91 - - [17/Mar/2012:10:35:58 -0700] "-" 400 0 "-" "-"
85.17.88.169 - - [17/Mar/2012:10:38:37 -0700] "POST /blog/wp-cron.php?doing_wp_cron=1332005786 HTTP/1.0" 499 0 "-" "WordPress/3.3.1; http://yuvi.in/blog"
71.187.223.223 - - [17/Mar/2012:10:38:37 -0700] "GET /blog/infosys-tcs-or-wipro-none/?cf_action=sync_comments&post_id=124 HTTP/1.1" 200 48 "http://yuvi.in/blog/infosys-tcs-or-wipro-none/" "Mozilla/5.0 (Windows NT 6.1; WOW64) AppleWebKit/535.19 (KHTML, like Gecko) Chrome/18.0.1025.58 Safari/535.19"
71.187.223.223 - - [17/Mar/2012:10:38:47 -0700] "-" 400 0 "-" "-"
71.187.223.223 - - [17/Mar/2012:10:38:47 -0700] "-" 400 0 "-" "-"
71.187.223.223 - - [17/Mar/2012:10:38:47 -0700] "-" 400 0 "-" "-"
71.187.223.223 - - [17/Mar/2012:10:38:47 -0700] "-" 400 0 "-" "-"
71.187.223.223 - - [17/Mar/2012:10:38:47 -0700] "-" 400 0 "-" "-"
85.17.88.169 - - [17/Mar/2012:10:41:34 -0700] "POST /blog/wp-cron.php?doing_wp_cron=1332005962 HTTP/1.0" 499 0 "-" "WordPress/3.3.1; http://yuvi.in/blog"
183.82.78.91 - - [17/Mar/2012:10:41:34 -0700] "GET /blog/feed/ HTTP/1.0" 304 0 "-" "FeedDemon/4.0 (http://www.feeddemon.com/; Microsoft Windows)"
66.249.68.106 - - [17/Mar/2012:10:41:48 -0700] "GET /chennai/stage/2735/ HTTP/1.1" 404 142 "-" "Mozilla/5.0 (compatible; Googlebot/2.1; +http://www.google.com/bot.html)"
115.248.4.161 - - [17/Mar/2012:10:41:51 -0700] "-" 400 0 "-" "-"
115.248.4.161 - - [17/Mar/2012:10:41:51 -0700] "-" 400 0 "-" "-"
115.248.4.161 - - [17/Mar/2012:10:41:51 -0700] "-" 400 0 "-" "-"
115.248.4.161 - - [17/Mar/2012:10:41:51 -0700] "-" 400 0 "-" "-"
115.248.4.161 - - [17/Mar/2012:10:41:51 -0700] "-" 400 0 "-" "-"
115.248.4.161 - - [17/Mar/2012:10:41:51 -0700] "-" 400 0 "-" "-"
85.17.88.169 - - [17/Mar/2012:10:43:01 -0700] "POST /blog/wp-cron.php?doing_wp_cron=1332006050 HTTP/1.0" 499 0 "-" "WordPress/3.3.1; http://yuvi.in/blog"
209.85.238.115 - - [17/Mar/2012:10:43:02 -0700] "GET /blog/feed HTTP/1.1" 301 0 "-" "Feedfetcher-Google; (+http://www.google.com/feedfetcher.html; 3 subscribers; feed-id=17684830852112633560)"
85.17.88.169 - - [17/Mar/2012:10:43:04 -0700] "POST /blog/wp-cron.php?doing_wp_cron=1332006052 HTTP/1.0" 499 0 "-" "WordPress/3.3.1; http://yuvi.in/blog"
209.85.238.115 - - [17/Mar/2012:10:43:05 -0700] "GET /blog/feed/ HTTP/1.1" 304 0 "-" "Feedfetcher-Google; (+http://www.google.com/feedfetcher.html; 3 subscribers; feed-id=17684830852112633560)"
14.96.47.167 - - [17/Mar/2012:10:43:11 -0700] "-" 400 0 "-" "-"
115.248.4.161 - - [17/Mar/2012:10:43:11 -0700] "-" 400 0 "-" "-"
115.248.4.161 - - [17/Mar/2012:10:43:11 -0700] "-" 400 0 "-" "-"
115.248.4.161 - - [17/Mar/2012:10:43:11 -0700] "-" 400 0 "-" "-"
115.248.4.161 - - [17/Mar/2012:10:43:11 -0700] "-" 400 0 "-" "-"
115.248.4.161 - - [17/Mar/2012:10:43:11 -0700] "-" 400 0 "-" "-"
115.248.4.161 - - [17/Mar/2012:10:43:11 -0700] "-" 400 0 "-" "-"
89.211.48.146 - - [17/Mar/2012:10:43:52 -0700] "-" 400 0 "-" "-"
122.164.19.229 - - [17/Mar/2012:10:46:13 -0700] "-" 400 0 "-" "-"
14.96.47.167 - - [17/Mar/2012:10:48:01 -0700] "-" 400 0 "-" "-"
14.96.47.167 - - [17/Mar/2012:10:49:01 -0700] "-" 400 0 "-" "-"
59.92.52.40 - - [17/Mar/2012:10:52:29 -0700] "-" 400 0 "-" "-"
85.17.88.169 - - [17/Mar/2012:10:53:01 -0700] "POST /blog/wp-cron.php?doing_wp_cron=1332006649 HTTP/1.0" 499 0 "-" "WordPress/3.3.1; http://yuvi.in/blog"
180.76.5.90 - - [17/Mar/2012:10:53:01 -0700] "GET /blog/picks-from-autogenerated-freya-quotes-nsfw/ HTTP/1.1" 200 5389 "-" "Mozilla/5.0 (compatible; Baiduspider/2.0; +http://www.baidu.com/search/spider.html)"
85.17.88.169 - - [17/Mar/2012:10:53:50 -0700] "POST /blog/wp-cron.php?doing_wp_cron=1332006699 HTTP/1.0" 499 0 "-" "WordPress/3.3.1; http://yuvi.in/blog"
207.46.13.99 - - [17/Mar/2012:10:53:51 -0700] "GET /blog/story-average-indian-techie/ HTTP/1.1" 200 15981 "-" "Mozilla/5.0 (compatible; bingbot/2.0; +http://www.bing.com/bingbot.htm)"
69.171.224.246 - - [17/Mar/2012:10:55:43 -0700] "GET /r/fmf HTTP/1.1" 301 255 "-" "facebookexternalhit/1.1 (+http://www.facebook.com/externalhit_uatext.php)"
69.171.224.251 - - [17/Mar/2012:10:55:43 -0700] "GET /s/ta/fmf/ HTTP/1.1" 302 349 "-" "facebookexternalhit/1.1 (+http://www.facebook.com/externalhit_uatext.php)"
208.115.111.68 - - [17/Mar/2012:10:59:35 -0700] "GET /robots.txt HTTP/1.1" 404 169 "-" "Mozilla/5.0 (compatible; Ezooms/1.0; ezooms.bot@gmail.com)"
59.92.52.40 - - [17/Mar/2012:10:59:59 -0700] "-" 400 0 "-" "-"
59.92.52.40 - - [17/Mar/2012:11:00:19 -0700] "-" 400 0 "-" "-"
59.92.52.40 - - [17/Mar/2012:11:00:19 -0700] "-" 400 0 "-" "-"
59.92.52.40 - - [17/Mar/2012:11:00:19 -0700] "-" 400 0 "-" "-"
207.46.204.212 - - [17/Mar/2012:11:02:15 -0700] "-" 400 0 "-" "-"
207.46.204.212 - - [17/Mar/2012:11:02:15 -0700] "-" 400 0 "-" "-"
207.46.204.212 - - [17/Mar/2012:11:02:17 -0700] "-" 400 0 "-" "-"
207.46.204.212 - - [17/Mar/2012:11:02:18 -0700] "-" 400 0 "-" "-"
207.46.204.212 - - [17/Mar/2012:11:02:18 -0700] "-" 400 0 "-" "-"
207.46.204.212 - - [17/Mar/2012:11:02:18 -0700] "-" 400 0 "-" "-"
207.46.204.212 - - [17/Mar/2012:11:02:18 -0700] "-" 400 0 "-" "-"
207.46.204.212 - - [17/Mar/2012:11:02:19 -0700] "-" 400 0 "-" "-"
207.46.204.212 - - [17/Mar/2012:11:02:20 -0700] "-" 400 0 "-" "-"
207.46.204.212 - - [17/Mar/2012:11:02:20 -0700] "-" 400 0 "-" "-"
207.46.204.212 - - [17/Mar/2012:11:02:21 -0700] "-" 400 0 "-" "-"
115.115.88.242 - - [17/Mar/2012:11:02:39 -0700] "-" 400 0 "-" "-"
207.46.204.212 - - [17/Mar/2012:11:03:07 -0700] "-" 400 0 "-" "-"
85.17.88.169 - - [17/Mar/2012:11:03:49 -0700] "POST /blog/wp-cron.php?doing_wp_cron=1332007298 HTTP/1.0" 499 0 "-" "WordPress/3.3.1; http://yuvi.in/blog"
50.19.25.208 - - [17/Mar/2012:11:03:50 -0700] "GET /blog/story-average-indian-techie/ HTTP/1.1" 200 15981 "-" "Mozilla/4.0 (compatible; MSIE 7.0; Windows NT 5.1; .NET CLR 1.1.4322; .NET CLR 2.0.50727) yolinkBot"
85.17.88.169 - - [17/Mar/2012:11:04:42 -0700] "POST /blog/wp-cron.php?doing_wp_cron=1332007351 HTTP/1.0" 499 0 "-" "WordPress/3.3.1; http://yuvi.in/blog"
209.85.224.80 - - [17/Mar/2012:11:04:43 -0700] "GET /blog/feed HTTP/1.1" 304 0 "-" "FeedBurner/1.0 (http://www.FeedBurner.com)"
59.92.52.40 - - [17/Mar/2012:11:04:49 -0700] "-" 400 0 "-" "-"
66.249.68.106 - - [17/Mar/2012:11:04:55 -0700] "GET /chennai/stage/2746/ HTTP/1.1" 404 142 "-" "Mozilla/5.0 (compatible; Googlebot/2.1; +http://www.google.com/bot.html)"
85.17.88.169 - - [17/Mar/2012:11:05:27 -0700] "POST /blog/wp-cron.php?doing_wp_cron=1332007395 HTTP/1.0" 499 0 "-" "WordPress/3.3.1; http://yuvi.in/blog"
107.21.132.69 - - [17/Mar/2012:11:05:28 -0700] "GET /blog/story-average-indian-techie/ HTTP/1.1" 200 15981 "-" "Mozilla/4.0 (compatible; MSIE 7.0; Windows NT 5.1; .NET CLR 1.1.4322; .NET CLR 2.0.50727) yolinkBot"
59.92.52.40 - - [17/Mar/2012:11:07:19 -0700] "-" 400 0 "-" "-"
85.17.88.169 - - [17/Mar/2012:11:07:30 -0700] "POST /blog/wp-cron.php?doing_wp_cron=1332007519 HTTP/1.0" 499 0 "-" "WordPress/3.3.1; http://yuvi.in/blog"
101.226.33.180 - - [17/Mar/2012:11:07:31 -0700] "GET /blog/feed HTTP/1.0" 304 0 "-" "Mozilla/4.0 (compatible; Windows;)"
199.71.215.138 - - [17/Mar/2012:11:07:35 -0700] "-" 400 0 "-" "-"
117.193.215.135 - - [17/Mar/2012:11:08:37 -0700] "-" 400 0 "-" "-"
200.9.255.126 - - [17/Mar/2012:11:10:14 -0700] "GET /favicon.ico HTTP/1.1" 404 142 "http://prashanth-kamle.blogspot.com/2009/09/scilab-511-on-linux.html" "Mozilla/5.0 (Windows NT 6.1; WOW64; rv:10.0) Gecko/20100101 Firefox/10.0"
85.17.88.169 - - [17/Mar/2012:11:10:20 -0700] "POST /blog/wp-cron.php?doing_wp_cron=1332007688 HTTP/1.0" 499 0 "-" "WordPress/3.3.1; http://yuvi.in/blog"
209.85.238.115 - - [17/Mar/2012:11:10:20 -0700] "GET /blog/feed/ HTTP/1.1" 304 0 "-" "Feedfetcher-Google; (+http://www.google.com/feedfetcher.html; 19 subscribers; feed-id=15064232456473204253)"
223.190.174.186 - - [17/Mar/2012:11:10:23 -0700] "-" 400 0 "-" "-"
94.171.165.19 - - [17/Mar/2012:11:10:34 -0700] "-" 400 0 "-" "-"
94.171.165.19 - - [17/Mar/2012:11:10:34 -0700] "-" 400 0 "-" "-"
94.171.165.19 - - [17/Mar/2012:11:10:34 -0700] "-" 400 0 "-" "-"
94.171.165.19 - - [17/Mar/2012:11:10:34 -0700] "-" 400 0 "-" "-"
94.171.165.19 - - [17/Mar/2012:11:11:44 -0700] "-" 400 0 "-" "-"
94.171.165.19 - - [17/Mar/2012:11:11:44 -0700] "-" 400 0 "-" "-"
94.171.165.19 - - [17/Mar/2012:11:11:44 -0700] "-" 400 0 "-" "-"
182.19.63.237 - - [17/Mar/2012:11:12:09 -0700] "GET / HTTP/1.1" 200 3439 "-" "Mozilla/5.0 (X11; Ubuntu; Linux x86_64; rv:10.0.2) Gecko/20100101 Firefox/10.0.2"
182.19.63.237 - - [17/Mar/2012:11:12:09 -0700] "GET /blueprint/screen.css HTTP/1.1" 200 12058 "http://yuvi.in/" "Mozilla/5.0 (X11; Ubuntu; Linux x86_64; rv:10.0.2) Gecko/20100101 Firefox/10.0.2"
182.19.63.237 - - [17/Mar/2012:11:12:09 -0700] "GET /header.png HTTP/1.1" 200 14249 "http://yuvi.in/" "Mozilla/5.0 (X11; Ubuntu; Linux x86_64; rv:10.0.2) Gecko/20100101 Firefox/10.0.2"
182.19.63.237 - - [17/Mar/2012:11:12:09 -0700] "GET /blueprint/print.css HTTP/1.1" 200 1284 "http://yuvi.in/" "Mozilla/5.0 (X11; Ubuntu; Linux x86_64; rv:10.0.2) Gecko/20100101 Firefox/10.0.2"
182.19.63.237 - - [17/Mar/2012:11:12:11 -0700] "GET /favicon.ico HTTP/1.1" 404 169 "-" "Mozilla/5.0 (X11; Ubuntu; Linux x86_64; rv:10.0.2) Gecko/20100101 Firefox/10.0.2"
59.92.52.40 - - [17/Mar/2012:11:12:39 -0700] "-" 400 0 "-" "-"
209.85.224.82 - - [17/Mar/2012:11:12:56 -0700] "GET /stories/feed HTTP/1.1" 200 13653 "-" "FeedBurner/1.0 (http://www.FeedBurner.com)"
182.19.63.237 - - [17/Mar/2012:11:13:08 -0700] "GET /stories HTTP/1.1" 301 185 "http://yuvi.in/" "Mozilla/5.0 (X11; Ubuntu; Linux x86_64; rv:10.0.2) Gecko/20100101 Firefox/10.0.2"
182.19.63.237 - - [17/Mar/2012:11:13:09 -0700] "GET /stories/ HTTP/1.1" 200 3515 "http://yuvi.in/" "Mozilla/5.0 (X11; Ubuntu; Linux x86_64; rv:10.0.2) Gecko/20100101 Firefox/10.0.2"
182.19.63.237 - - [17/Mar/2012:11:13:09 -0700] "GET /stories/static/codehilite.css HTTP/1.1" 200 4012 "http://yuvi.in/stories/" "Mozilla/5.0 (X11; Ubuntu; Linux x86_64; rv:10.0.2) Gecko/20100101 Firefox/10.0.2"
182.19.63.237 - - [17/Mar/2012:11:13:09 -0700] "GET /stories/static/style.css HTTP/1.1" 200 1274 "http://yuvi.in/stories/" "Mozilla/5.0 (X11; Ubuntu; Linux x86_64; rv:10.0.2) Gecko/20100101 Firefox/10.0.2"
182.19.63.237 - - [17/Mar/2012:11:13:21 -0700] "GET /stories/carrier-error.html HTTP/1.1" 200 3131 "http://yuvi.in/stories/" "Mozilla/5.0 (X11; Ubuntu; Linux x86_64; rv:10.0.2) Gecko/20100101 Firefox/10.0.2"
182.19.63.237 - - [17/Mar/2012:11:14:13 -0700] "GET /stories/emacs.html HTTP/1.1" 200 4452 "http://yuvi.in/stories/" "Mozilla/5.0 (X11; Ubuntu; Linux x86_64; rv:10.0.2) Gecko/20100101 Firefox/10.0.2"
69.171.234.1 - - [17/Mar/2012:11:14:57 -0700] "GET /r/fmf HTTP/1.1" 301 255 "-" "facebookexternalhit/1.1 (+http://www.facebook.com/externalhit_uatext.php)"
69.171.234.5 - - [17/Mar/2012:11:14:58 -0700] "GET /s/ta/fmf/ HTTP/1.1" 302 349 "-" "facebookexternalhit/1.1 (+http://www.facebook.com/externalhit_uatext.php)"
59.92.52.40 - - [17/Mar/2012:11:15:19 -0700] "-" 400 0 "-" "-"
182.19.63.237 - - [17/Mar/2012:11:17:29 -0700] "GET /blog HTTP/1.1" 301 178 "http://yuvi.in/" "Mozilla/5.0 (X11; Ubuntu; Linux x86_64; rv:10.0.2) Gecko/20100101 Firefox/10.0.2"
85.17.88.169 - - [17/Mar/2012:11:17:31 -0700] "POST /blog/wp-cron.php?doing_wp_cron=1332008119 HTTP/1.0" 499 0 "-" "WordPress/3.3.1; http://yuvi.in/blog"
182.19.63.237 - - [17/Mar/2012:11:17:31 -0700] "GET /blog/ HTTP/1.1" 200 9194 "http://yuvi.in/" "Mozilla/5.0 (X11; Ubuntu; Linux x86_64; rv:10.0.2) Gecko/20100101 Firefox/10.0.2"
182.19.63.237 - - [17/Mar/2012:11:17:32 -0700] "GET /blog/wp-content/themes/cleanr/js/jquery.dropdown.js?ver=3.3.1 HTTP/1.1" 200 535 "http://yuvi.in/blog/" "Mozilla/5.0 (X11; Ubuntu; Linux x86_64; rv:10.0.2) Gecko/20100101 Firefox/10.0.2"
182.19.63.237 - - [17/Mar/2012:11:17:32 -0700] "GET /blog/wp-content/themes/cleanr/style.css HTTP/1.1" 200 10508 "http://yuvi.in/blog/" "Mozilla/5.0 (X11; Ubuntu; Linux x86_64; rv:10.0.2) Gecko/20100101 Firefox/10.0.2"
85.17.88.169 - - [17/Mar/2012:11:17:36 -0700] "POST /blog/wp-cron.php?doing_wp_cron=1332008124 HTTP/1.0" 499 0 "-" "WordPress/3.3.1; http://yuvi.in/blog"
183.82.78.91 - - [17/Mar/2012:11:17:36 -0700] "GET /blog/feed/ HTTP/1.0" 304 0 "-" "FeedDemon/4.0 (http://www.feeddemon.com/; Microsoft Windows)"
182.19.63.237 - - [17/Mar/2012:11:17:38 -0700] "GET /blog/wp-includes/js/jquery/jquery.js?ver=1.7.1 HTTP/1.1" 200 93889 "http://yuvi.in/blog/" "Mozilla/5.0 (X11; Ubuntu; Linux x86_64; rv:10.0.2) Gecko/20100101 Firefox/10.0.2"
182.19.63.237 - - [17/Mar/2012:11:17:40 -0700] "GET /blog/wp-content/themes/cleanr/css/960.css HTTP/1.1" 200 3628 "http://yuvi.in/blog/wp-content/themes/cleanr/style.css" "Mozilla/5.0 (X11; Ubuntu; Linux x86_64; rv:10.0.2) Gecko/20100101 Firefox/10.0.2"
182.19.63.237 - - [17/Mar/2012:11:17:40 -0700] "GET /blog/wp-content/themes/cleanr/css/text.css HTTP/1.1" 200 420 "http://yuvi.in/blog/wp-content/themes/cleanr/style.css" "Mozilla/5.0 (X11; Ubuntu; Linux x86_64; rv:10.0.2) Gecko/20100101 Firefox/10.0.2"
182.19.63.237 - - [17/Mar/2012:11:17:40 -0700] "GET /blog/wp-content/themes/cleanr/css/reset.css HTTP/1.1" 200 648 "http://yuvi.in/blog/wp-content/themes/cleanr/style.css" "Mozilla/5.0 (X11; Ubuntu; Linux x86_64; rv:10.0.2) Gecko/20100101 Firefox/10.0.2"
182.19.63.237 - - [17/Mar/2012:11:17:41 -0700] "GET /blog/wp-content/themes/cleanr/images/search_magnifier.gif HTTP/1.1" 200 394 "http://yuvi.in/blog/" "Mozilla/5.0 (X11; Ubuntu; Linux x86_64; rv:10.0.2) Gecko/20100101 Firefox/10.0.2"
223.190.174.186 - - [17/Mar/2012:11:17:56 -0700] "-" 400 0 "-" "-"
223.190.174.186 - - [17/Mar/2012:11:17:57 -0700] "-" 400 0 "-" "-"
122.164.20.120 - - [17/Mar/2012:11:20:07 -0700] "-" 400 0 "-" "-"
122.164.20.120 - - [17/Mar/2012:11:20:07 -0700] "-" 400 0 "-" "-"
122.164.20.120 - - [17/Mar/2012:11:20:07 -0700] "-" 400 0 "-" "-"
122.164.20.120 - - [17/Mar/2012:11:20:07 -0700] "-" 400 0 "-" "-"
122.172.6.112 - - [17/Mar/2012:11:20:40 -0700] "GET / HTTP/1.1" 200 1430 "-" "Reeder/1.5.5 CFNetwork/548.1.4 Darwin/11.0.0"
122.172.6.112 - - [17/Mar/2012:11:20:41 -0700] "GET /favicon.ico HTTP/1.1" 404 142 "-" "Reeder/1.5.5 CFNetwork/548.1.4 Darwin/11.0.0"
122.172.6.112 - - [17/Mar/2012:11:20:41 -0700] "GET /apple-touch-icon.png HTTP/1.1" 404 142 "-" "Reeder/1.5.5 CFNetwork/548.1.4 Darwin/11.0.0"
122.172.6.112 - - [17/Mar/2012:11:20:41 -0700] "GET /apple-touch-icon-precomposed.png HTTP/1.1" 404 142 "-" "Reeder/1.5.5 CFNetwork/548.1.4 Darwin/11.0.0"
85.17.88.169 - - [17/Mar/2012:11:20:45 -0700] "POST /blog/wp-cron.php?doing_wp_cron=1332008313 HTTP/1.0" 499 0 "-" "WordPress/3.3.1; http://yuvi.in/blog"
182.19.63.237 - - [17/Mar/2012:11:20:45 -0700] "GET /blog/2009/06/ HTTP/1.1" 200 7737 "http://yuvi.in/blog/" "Mozilla/5.0 (X11; Ubuntu; Linux x86_64; rv:10.0.2) Gecko/20100101 Firefox/10.0.2"
182.19.63.237 - - [17/Mar/2012:11:20:47 -0700] "GET /media/evanescence-vids-tweets.png HTTP/1.1" 200 62781 "http://yuvi.in/blog/2009/06/" "Mozilla/5.0 (X11; Ubuntu; Linux x86_64; rv:10.0.2) Gecko/20100101 Firefox/10.0.2"
180.76.5.147 - - [17/Mar/2012:11:21:12 -0700] "GET /stories/premature-greying.html HTTP/1.1" 200 1486 "-" "Mozilla/5.0 (compatible; Baiduspider/2.0; +http://www.baidu.com/search/spider.html)"
59.92.56.34 - - [17/Mar/2012:11:23:23 -0700] "GET / HTTP/1.1" 200 1430 "-" "Mozilla/5.0 (Windows NT 6.1) AppleWebKit/535.11 (KHTML, like Gecko) Chrome/17.0.963.79 Safari/535.11"
59.92.56.34 - - [17/Mar/2012:11:23:23 -0700] "GET /blueprint/screen.css HTTP/1.1" 200 12058 "http://yuvi.in/" "Mozilla/5.0 (Windows NT 6.1) AppleWebKit/535.11 (KHTML, like Gecko) Chrome/17.0.963.79 Safari/535.11"
59.92.56.34 - - [17/Mar/2012:11:23:24 -0700] "GET /blueprint/print.css HTTP/1.1" 200 1284 "http://yuvi.in/" "Mozilla/5.0 (Windows NT 6.1) AppleWebKit/535.11 (KHTML, like Gecko) Chrome/17.0.963.79 Safari/535.11"
59.92.56.34 - - [17/Mar/2012:11:23:24 -0700] "GET /header.png HTTP/1.1" 200 14249 "http://yuvi.in/" "Mozilla/5.0 (Windows NT 6.1) AppleWebKit/535.11 (KHTML, like Gecko) Chrome/17.0.963.79 Safari/535.11"
59.92.56.34 - - [17/Mar/2012:11:23:25 -0700] "GET /favicon.ico HTTP/1.1" 404 199 "-" "Mozilla/5.0 (Windows NT 6.1) AppleWebKit/535.11 (KHTML, like Gecko) Chrome/17.0.963.79 Safari/535.11"
59.92.52.40 - - [17/Mar/2012:11:26:09 -0700] "-" 400 0 "-" "-"
69.171.224.246 - - [17/Mar/2012:11:26:22 -0700] "GET /r/heh HTTP/1.1" 301 255 "-" "facebookexternalhit/1.1 (+http://www.facebook.com/externalhit_uatext.php)"
69.171.224.248 - - [17/Mar/2012:11:26:22 -0700] "GET /s/ta/heh/ HTTP/1.1" 302 549 "-" "facebookexternalhit/1.1 (+http://www.facebook.com/externalhit_uatext.php)"
122.178.229.221 - - [17/Mar/2012:11:27:11 -0700] "GET / HTTP/1.1" 200 1430 "-" "Reeder/1010.59.00 CFNetwork/520.3.2 Darwin/11.3.0 (x86_64) (iMac12%2C1)"
122.178.229.221 - - [17/Mar/2012:11:27:12 -0700] "GET /favicon.ico HTTP/1.1" 404 142 "-" "Reeder/1010.59.00 CFNetwork/520.3.2 Darwin/11.3.0 (x86_64) (iMac12%2C1)"
122.178.229.221 - - [17/Mar/2012:11:27:12 -0700] "GET / HTTP/1.1" 200 1430 "-" "Reeder/1010.59.00 CFNetwork/520.3.2 Darwin/11.3.0 (x86_64) (iMac12%2C1)"
122.178.229.221 - - [17/Mar/2012:11:27:12 -0700] "GET /apple-touch-icon.png HTTP/1.1" 404 142 "-" "Reeder/1010.59.00 CFNetwork/520.3.2 Darwin/11.3.0 (x86_64) (iMac12%2C1)"
122.178.229.221 - - [17/Mar/2012:11:27:13 -0700] "GET /apple-touch-icon-precomposed.png HTTP/1.1" 404 142 "-" "Reeder/1010.59.00 CFNetwork/520.3.2 Darwin/11.3.0 (x86_64) (iMac12%2C1)"
66.249.68.106 - - [17/Mar/2012:11:27:45 -0700] "GET /chennai/stage/2747/ HTTP/1.1" 404 142 "-" "Mozilla/5.0 (compatible; Googlebot/2.1; +http://www.google.com/bot.html)"
59.92.52.40 - - [17/Mar/2012:11:27:49 -0700] "-" 400 0 "-" "-"
69.171.234.0 - - [17/Mar/2012:11:28:19 -0700] "GET /r/1grd HTTP/1.1" 301 257 "-" "facebookexternalhit/1.1 (+http://www.facebook.com/externalhit_uatext.php)"
69.171.234.5 - - [17/Mar/2012:11:28:19 -0700] "GET /s/ta/1grd/ HTTP/1.1" 302 449 "-" "facebookexternalhit/1.1 (+http://www.facebook.com/externalhit_uatext.php)"
119.63.196.30 - - [17/Mar/2012:11:28:44 -0700] "GET /blog/how-i-spent-the-day-today.html HTTP/1.1" 200 2962 "-" "Mozilla/5.0 (compatible; Baiduspider/2.0; +http://www.baidu.com/search/spider.html)"
85.17.88.169 - - [17/Mar/2012:11:28:55 -0700] "POST /blog/wp-cron.php?doing_wp_cron=1332008803 HTTP/1.0" 499 0 "-" "WordPress/3.3.1; http://yuvi.in/blog"
124.124.17.57 - - [17/Mar/2012:11:28:55 -0700] "GET /blog/2010/04/ HTTP/1.1" 200 7050 "http://yuvi.in/blog/" "Mozilla/5.0 (X11; Ubuntu; Linux x86_64; rv:10.0.2) Gecko/20100101 Firefox/10.0.2"
94.228.34.248 - - [17/Mar/2012:11:28:57 -0700] "GET /blog/ HTTP/1.1" 200 9194 "-" "magpie-crawler/1.1 (U; Linux amd64; en-GB; +http://www.brandwatch.net)"
173.208.241.226 - - [17/Mar/2012:11:32:37 -0700] "GET /robots.txt HTTP/1.0" 404 169 "-" "Mozilla/5.0 (compatible; MJ12bot/v1.4.2; http://www.majestic12.co.uk/bot.php?+)"
173.208.241.226 - - [17/Mar/2012:11:32:38 -0700] "GET / HTTP/1.0" 200 3439 "-" "Mozilla/5.0 (compatible; MJ12bot/v1.4.2; http://www.majestic12.co.uk/bot.php?+)"
85.17.88.169 - - [17/Mar/2012:11:34:51 -0700] "POST /blog/wp-cron.php?doing_wp_cron=1332009159 HTTP/1.0" 499 0 "-" "WordPress/3.3.1; http://yuvi.in/blog"
209.85.224.85 - - [17/Mar/2012:11:34:51 -0700] "GET /blog/feed HTTP/1.1" 304 0 "-" "FeedBurner/1.0 (http://www.FeedBurner.com)"
141.0.9.98 - - [17/Mar/2012:11:35:27 -0700] "-" 400 0 "-" "-"
208.115.113.84 - - [17/Mar/2012:11:39:14 -0700] "GET /robots.txt HTTP/1.1" 404 169 "-" "Mozilla/5.0 (compatible; Ezooms/1.0; ezooms.bot@gmail.com)"
69.171.224.250 - - [17/Mar/2012:11:40:06 -0700] "GET /r/fmf HTTP/1.1" 301 255 "-" "facebookexternalhit/1.1 (+http://www.facebook.com/externalhit_uatext.php)"
69.171.224.244 - - [17/Mar/2012:11:40:06 -0700] "GET /s/ta/fmf/ HTTP/1.1" 302 349 "-" "facebookexternalhit/1.1 (+http://www.facebook.com/externalhit_uatext.php)"
117.204.31.30 - - [17/Mar/2012:11:41:33 -0700] "-" 400 0 "-" "-"
117.201.4.77 - - [17/Mar/2012:11:42:16 -0700] "-" 400 0 "-" "-"
117.201.4.77 - - [17/Mar/2012:11:43:06 -0700] "-" 400 0 "-" "-"
117.201.4.77 - - [17/Mar/2012:11:43:06 -0700] "-" 400 0 "-" "-"
117.201.4.77 - - [17/Mar/2012:11:43:06 -0700] "-" 400 0 "-" "-"
180.76.5.159 - - [17/Mar/2012:11:43:32 -0700] "GET /r/1ssl HTTP/1.1" 301 257 "-" "Mozilla/5.0 (compatible; Baiduspider/2.0; +http://www.baidu.com/search/spider.html)"
180.76.5.65 - - [17/Mar/2012:11:43:33 -0700] "GET /s/ta/1ssl/ HTTP/1.1" 302 469 "-" "Mozilla/5.0 (compatible; Baiduspider/2.0; +http://www.baidu.com/search/spider.html)"
85.17.88.169 - - [17/Mar/2012:11:43:44 -0700] "POST /blog/wp-cron.php?doing_wp_cron=1332009692 HTTP/1.0" 499 0 "-" "WordPress/3.3.1; http://yuvi.in/blog"
213.186.127.13 - - [17/Mar/2012:11:43:45 -0700] "GET /blog/tag/interview/ HTTP/1.1" 200 14345 "-" "Mozilla/5.0 (compatible; AhrefsBot/2.0; +http://ahrefs.com/robot/)"
180.76.6.224 - - [17/Mar/2012:11:45:05 -0700] "GET / HTTP/1.1" 200 3439 "-" "Mozilla/5.0 (compatible; Baiduspider/2.0; +http://www.baidu.com/search/spider.html)"
66.249.68.106 - - [17/Mar/2012:11:50:40 -0700] "GET /chennai/stage/2750/ HTTP/1.1" 404 142 "-" "Mozilla/5.0 (compatible; Googlebot/2.1; +http://www.google.com/bot.html)"
85.17.88.169 - - [17/Mar/2012:11:52:32 -0700] "POST /blog/wp-cron.php?doing_wp_cron=1332010220 HTTP/1.0" 499 0 "-" "WordPress/3.3.1; http://yuvi.in/blog"
209.85.238.115 - - [17/Mar/2012:11:52:32 -0700] "GET /blog/feed HTTP/1.1" 301 0 "-" "Feedfetcher-Google; (+http://www.google.com/feedfetcher.html; 3 subscribers; feed-id=17684830852112633560)"
85.17.88.169 - - [17/Mar/2012:11:52:34 -0700] "POST /blog/wp-cron.php?doing_wp_cron=1332010222 HTTP/1.0" 499 0 "-" "WordPress/3.3.1; http://yuvi.in/blog"
209.85.238.115 - - [17/Mar/2012:11:52:35 -0700] "GET /blog/feed/ HTTP/1.1" 304 0 "-" "Feedfetcher-Google; (+http://www.google.com/feedfetcher.html; 3 subscribers; feed-id=17684830852112633560)"
98.180.220.78 - - [17/Mar/2012:11:53:27 -0700] "GET / HTTP/1.1" 200 1430 "-" "Caffeinated/1.1 CFNetwork/520.3.2 Darwin/11.3.0 (x86_64) (MacBookPro8%2C1)"
98.180.220.78 - - [17/Mar/2012:11:53:27 -0700] "GET /favicon.ico HTTP/1.1" 404 142 "-" "Caffeinated/1.1 CFNetwork/520.3.2 Darwin/11.3.0 (x86_64) (MacBookPro8%2C1)"
98.180.220.78 - - [17/Mar/2012:11:53:30 -0700] "GET / HTTP/1.1" 200 1430 "-" "Caffeinated/1.1 CFNetwork/520.3.2 Darwin/11.3.0 (x86_64) (MacBookPro8%2C1)"
98.180.220.78 - - [17/Mar/2012:11:53:30 -0700] "GET /favicon.ico HTTP/1.1" 404 142 "-" "Caffeinated/1.1 CFNetwork/520.3.2 Darwin/11.3.0 (x86_64) (MacBookPro8%2C1)"
85.17.88.169 - - [17/Mar/2012:11:53:42 -0700] "POST /blog/wp-cron.php?doing_wp_cron=1332010290 HTTP/1.0" 499 0 "-" "WordPress/3.3.1; http://yuvi.in/blog"
183.82.78.91 - - [17/Mar/2012:11:53:43 -0700] "GET /blog/feed/ HTTP/1.0" 304 0 "-" "FeedDemon/4.0 (http://www.feeddemon.com/; Microsoft Windows)"
98.180.220.78 - - [17/Mar/2012:11:56:02 -0700] "GET / HTTP/1.1" 200 1430 "-" "Caffeinated/1.1 CFNetwork/520.3.2 Darwin/11.3.0 (x86_64) (MacBookPro8%2C1)"
98.180.220.78 - - [17/Mar/2012:11:56:02 -0700] "GET /favicon.ico HTTP/1.1" 404 142 "-" "Caffeinated/1.1 CFNetwork/520.3.2 Darwin/11.3.0 (x86_64) (MacBookPro8%2C1)"
98.180.220.78 - - [17/Mar/2012:11:56:05 -0700] "GET / HTTP/1.1" 200 1430 "-" "Caffeinated/1.1 CFNetwork/520.3.2 Darwin/11.3.0 (x86_64) (MacBookPro8%2C1)"
98.180.220.78 - - [17/Mar/2012:11:56:05 -0700] "GET /favicon.ico HTTP/1.1" 404 142 "-" "Caffeinated/1.1 CFNetwork/520.3.2 Darwin/11.3.0 (x86_64) (MacBookPro8%2C1)"
85.17.88.169 - - [17/Mar/2012:11:57:31 -0700] "POST /blog/wp-cron.php?doing_wp_cron=1332010519 HTTP/1.0" 499 0 "-" "WordPress/3.3.1; http://yuvi.in/blog"
180.76.5.162 - - [17/Mar/2012:11:57:32 -0700] "GET /blog/how-to-increase-cheeses-burst-mode-photo-count/ HTTP/1.1" 200 4681 "-" "Mozilla/5.0 (compatible; Baiduspider/2.0; +http://www.baidu.com/search/spider.html)"
77.20.4.67 - - [17/Mar/2012:11:59:46 -0700] "GET /blog/archives.html HTTP/1.1" 200 17087 "-" "findlinks/2.0.2 (+http://wortschatz.uni-leipzig.de/findlinks/)"
122.174.103.88 - - [17/Mar/2012:12:01:33 -0700] "GET /where.html HTTP/1.1" 200 96 "-" "Mozilla/5.0 (Macintosh; Intel Mac OS X 10_7_3) AppleWebKit/535.11 (KHTML, like Gecko) Chrome/17.0.963.79 Safari/535.11"
122.174.103.88 - - [17/Mar/2012:12:01:33 -0700] "GET /favicon.ico HTTP/1.1" 404 199 "-" "Mozilla/5.0 (Macintosh; Intel Mac OS X 10_7_3) AppleWebKit/535.11 (KHTML, like Gecko) Chrome/17.0.963.79 Safari/535.11"
122.174.103.88 - - [17/Mar/2012:12:01:51 -0700] "-" 400 0 "-" "-"
85.17.88.169 - - [17/Mar/2012:12:05:01 -0700] "POST /blog/wp-cron.php?doing_wp_cron=1332010968 HTTP/1.0" 499 0 "-" "WordPress/3.3.1; http://yuvi.in/blog"
209.85.224.97 - - [17/Mar/2012:12:05:01 -0700] "GET /blog/feed HTTP/1.1" 304 0 "-" "FeedBurner/1.0 (http://www.FeedBurner.com)"
188.82.33.154 - - [17/Mar/2012:12:08:44 -0700] "GET /blog/page/2/ HTTP/1.1" 200 76248 "-" "Mozilla/5.0 (compatible; Googlebot/2.1; +http://www.google.com/bot.html)"
67.215.230.27 - - [17/Mar/2012:12:10:30 -0700] "GET /robots.txt HTTP/1.0" 404 169 "-" "Setooz/Nutch-1.2 (http://www.setooz.com)"
67.215.230.27 - - [17/Mar/2012:12:10:30 -0700] "GET / HTTP/1.0" 200 3439 "-" "Setooz/Nutch-1.2 (http://www.setooz.com)"
67.215.230.28 - - [17/Mar/2012:12:10:33 -0700] "GET /robots.txt HTTP/1.0" 404 169 "-" "Setooz/Nutch-1.2 (http://www.setooz.com)"
67.215.230.28 - - [17/Mar/2012:12:10:33 -0700] "GET /stories HTTP/1.0" 301 185 "-" "Setooz/Nutch-1.2 (http://www.setooz.com)"
223.235.201.157 - - [17/Mar/2012:12:11:35 -0700] "GET /r/2vys HTTP/1.1" 301 257 "http://ta.wikipedia.org/wiki/%E0%AE%AA%E0%AE%9F%E0%AE%BF%E0%AE%AE%E0%AE%AE%E0%AF%8D:Jhansi_Rani_Zee.jpg" "Mozilla/5.0 (Windows NT 6.1) AppleWebKit/535.7 (KHTML, like Gecko) Chrome/16.0.912.75 Safari/535.7"
223.235.201.157 - - [17/Mar/2012:12:11:36 -0700] "GET /s/ta/2vys/ HTTP/1.1" 302 381 "http://ta.wikipedia.org/wiki/%E0%AE%AA%E0%AE%9F%E0%AE%BF%E0%AE%AE%E0%AE%AE%E0%AF%8D:Jhansi_Rani_Zee.jpg" "Mozilla/5.0 (Windows NT 6.1) AppleWebKit/535.7 (KHTML, like Gecko) Chrome/16.0.912.75 Safari/535.7"
223.235.201.157 - - [17/Mar/2012:12:11:49 -0700] "-" 400 0 "-" "-"
223.235.201.157 - - [17/Mar/2012:12:11:49 -0700] "-" 400 0 "-" "-"
223.235.201.157 - - [17/Mar/2012:12:11:49 -0700] "-" 400 0 "-" "-"
66.220.149.245 - - [17/Mar/2012:12:11:51 -0700] "GET /r/1hea HTTP/1.1" 301 257 "-" "facebookexternalhit/1.1 (+http://www.facebook.com/externalhit_uatext.php)"
66.220.149.244 - - [17/Mar/2012:12:11:51 -0700] "GET /s/ta/1hea/ HTTP/1.1" 302 437 "-" "facebookexternalhit/1.1 (+http://www.facebook.com/externalhit_uatext.php)"
209.85.224.90 - - [17/Mar/2012:12:13:00 -0700] "GET /stories/feed HTTP/1.1" 200 13653 "-" "FeedBurner/1.0 (http://www.FeedBurner.com)"
66.249.68.106 - - [17/Mar/2012:12:13:51 -0700] "GET /chennai/stage/2760/ HTTP/1.1" 404 142 "-" "Mozilla/5.0 (compatible; Googlebot/2.1; +http://www.google.com/bot.html)"
157.22.9.14 - - [17/Mar/2012:12:14:30 -0700] "GET /blog/moving-to-vim-from-emacs.html HTTP/1.1" 200 2657 "-" "Mozilla/5.0 (X11; Ubuntu; Linux x86_64; rv:10.0.2) Gecko/20100101 Firefox/10.0.2"
157.22.9.14 - - [17/Mar/2012:12:14:30 -0700] "GET /blog/static/codehilite.css HTTP/1.1" 200 4012 "http://yuvi.in/blog/moving-to-vim-from-emacs.html" "Mozilla/5.0 (X11; Ubuntu; Linux x86_64; rv:10.0.2) Gecko/20100101 Firefox/10.0.2"
157.22.9.14 - - [17/Mar/2012:12:14:30 -0700] "GET /blog/static/style.css HTTP/1.1" 200 4753 "http://yuvi.in/blog/moving-to-vim-from-emacs.html" "Mozilla/5.0 (X11; Ubuntu; Linux x86_64; rv:10.0.2) Gecko/20100101 Firefox/10.0.2"
157.22.9.14 - - [17/Mar/2012:12:14:30 -0700] "GET /favicon.ico HTTP/1.1" 404 142 "-" "Mozilla/5.0 (X11; Ubuntu; Linux x86_64; rv:10.0.2) Gecko/20100101 Firefox/10.0.2"
157.22.9.14 - - [17/Mar/2012:12:14:30 -0700] "GET /favicon.ico HTTP/1.1" 404 142 "-" "Mozilla/5.0 (X11; Ubuntu; Linux x86_64; rv:10.0.2) Gecko/20100101 Firefox/10.0.2"
85.17.88.169 - - [17/Mar/2012:12:15:00 -0700] "POST /blog/wp-cron.php?doing_wp_cron=1332011568 HTTP/1.0" 499 0 "-" "WordPress/3.3.1; http://yuvi.in/blog"
209.85.238.115 - - [17/Mar/2012:12:15:01 -0700] "GET /blog/feed/ HTTP/1.1" 304 0 "-" "Feedfetcher-Google; (+http://www.google.com/feedfetcher.html; 19 subscribers; feed-id=15064232456473204253)"
85.17.88.169 - - [17/Mar/2012:12:15:41 -0700] "POST /blog/wp-cron.php?doing_wp_cron=1332011609 HTTP/1.0" 499 0 "-" "WordPress/3.3.1; http://yuvi.in/blog"
101.226.33.174 - - [17/Mar/2012:12:15:41 -0700] "GET /blog/feed HTTP/1.0" 304 0 "-" "Mozilla/4.0 (compatible; Windows;)"
85.17.88.169 - - [17/Mar/2012:12:16:03 -0700] "POST /blog/wp-cron.php?doing_wp_cron=1332011631 HTTP/1.0" 499 0 "-" "WordPress/3.3.1; http://yuvi.in/blog"
66.249.67.123 - - [17/Mar/2012:12:16:03 -0700] "GET /blog/devlog-december-2011/?cf_action=sync_comments&post_id=211 HTTP/1.1" 200 48 "http://yuvi.in/blog/devlog-december-2011/" "Mozilla/5.0 (compatible; Googlebot/2.1; +http://www.google.com/bot.html)"
77.239.45.97 - - [17/Mar/2012:12:16:04 -0700] "GET /r/2ktj HTTP/1.1" 301 257 "http://ta.wikipedia.org/wiki/%E0%AE%95%E0%AE%B3%E0%AE%BF%E0%AE%AA%E0%AF%8D%E0%AE%AA%E0%AE%BE%E0%AE%B1%E0%AF%88_%E0%AE%B5%E0%AE%B3%E0%AE%BF%E0%AE%AE%E0%AE%AE%E0%AF%8D" "Mozilla/5.0 (Windows NT 5.1) AppleWebKit/535.11 (KHTML, like Gecko) Chrome/17.0.963.79 Safari/535.11"
77.239.45.97 - - [17/Mar/2012:12:16:05 -0700] "GET /s/ta/2ktj/ HTTP/1.1" 302 449 "http://ta.wikipedia.org/wiki/%E0%AE%95%E0%AE%B3%E0%AE%BF%E0%AE%AA%E0%AF%8D%E0%AE%AA%E0%AE%BE%E0%AE%B1%E0%AF%88_%E0%AE%B5%E0%AE%B3%E0%AE%BF%E0%AE%AE%E0%AE%AE%E0%AF%8D" "Mozilla/5.0 (Windows NT 5.1) AppleWebKit/535.11 (KHTML, like Gecko) Chrome/17.0.963.79 Safari/535.11"
27.251.119.163 - - [17/Mar/2012:12:19:25 -0700] "-" 400 0 "-" "-"
117.193.107.129 - - [17/Mar/2012:12:22:24 -0700] "-" 400 0 "-" "-"
85.17.88.169 - - [17/Mar/2012:12:26:39 -0700] "POST /blog/wp-cron.php?doing_wp_cron=1332012267 HTTP/1.0" 499 0 "-" "WordPress/3.3.1; http://yuvi.in/blog"
180.76.5.182 - - [17/Mar/2012:12:26:40 -0700] "GET /blog/things-i-need-time-to-do/ HTTP/1.1" 200 4712 "-" "Mozilla/5.0 (compatible; Baiduspider/2.0; +http://www.baidu.com/search/spider.html)"
207.46.204.169 - - [17/Mar/2012:12:27:13 -0700] "-" 400 0 "-" "-"
207.46.204.169 - - [17/Mar/2012:12:27:15 -0700] "-" 400 0 "-" "-"
207.46.204.169 - - [17/Mar/2012:12:27:15 -0700] "-" 400 0 "-" "-"
207.46.204.169 - - [17/Mar/2012:12:27:16 -0700] "-" 400 0 "-" "-"
207.46.204.169 - - [17/Mar/2012:12:27:16 -0700] "-" 400 0 "-" "-"
207.46.204.169 - - [17/Mar/2012:12:27:16 -0700] "-" 400 0 "-" "-"
207.46.204.169 - - [17/Mar/2012:12:27:16 -0700] "-" 400 0 "-" "-"
207.46.204.169 - - [17/Mar/2012:12:27:17 -0700] "-" 400 0 "-" "-"
207.46.204.169 - - [17/Mar/2012:12:27:17 -0700] "-" 400 0 "-" "-"
207.46.204.169 - - [17/Mar/2012:12:27:17 -0700] "-" 400 0 "-" "-"
207.46.204.169 - - [17/Mar/2012:12:27:40 -0700] "-" 400 0 "-" "-"
117.193.141.255 - - [17/Mar/2012:12:30:08 -0700] "-" 400 0 "-" "-"
117.193.141.255 - - [17/Mar/2012:12:30:08 -0700] "-" 400 0 "-" "-"
117.193.141.255 - - [17/Mar/2012:12:30:08 -0700] "-" 400 0 "-" "-"
117.193.141.255 - - [17/Mar/2012:12:30:08 -0700] "-" 400 0 "-" "-"
117.193.141.255 - - [17/Mar/2012:12:30:08 -0700] "-" 400 0 "-" "-"
117.193.141.255 - - [17/Mar/2012:12:30:08 -0700] "-" 400 0 "-" "-"
117.193.141.255 - - [17/Mar/2012:12:30:08 -0700] "-" 400 0 "-" "-"
117.193.141.255 - - [17/Mar/2012:12:30:08 -0700] "-" 400 0 "-" "-"
117.193.141.255 - - [17/Mar/2012:12:30:08 -0700] "-" 400 0 "-" "-"
117.193.141.255 - - [17/Mar/2012:12:30:08 -0700] "-" 400 0 "-" "-"
117.193.141.255 - - [17/Mar/2012:12:30:09 -0700] "-" 400 0 "-" "-"
117.193.141.255 - - [17/Mar/2012:12:30:12 -0700] "-" 400 0 "-" "-"
117.193.141.255 - - [17/Mar/2012:12:30:12 -0700] "-" 400 0 "-" "-"
117.193.141.255 - - [17/Mar/2012:12:30:12 -0700] "-" 400 0 "-" "-"
