98.180.220.78 - - [31/Mar/2012:10:13:52 -0700] "GET / HTTP/1.1" 200 1430 "-" "Caffeinated/1.1.1 CFNetwork/520.3.2 Darwin/11.3.0 (x86_64) (MacBookPro8%2C1)"
98.180.220.78 - - [31/Mar/2012:10:13:52 -0700] "GET /favicon.ico HTTP/1.1" 404 142 "-" "Caffeinated/1.1.1 CFNetwork/520.3.2 Darwin/11.3.0 (x86_64) (MacBookPro8%2C1)"
66.220.147.247 - - [31/Mar/2012:10:14:09 -0700] "GET /r/1x7m HTTP/1.1" 301 257 "-" "facebookexternalhit/1.1 (+http://www.facebook.com/externalhit_uatext.php)"
66.220.147.248 - - [31/Mar/2012:10:14:09 -0700] "GET /s/ta/1x7m/ HTTP/1.1" 302 513 "-" "facebookexternalhit/1.1 (+http://www.facebook.com/externalhit_uatext.php)"
98.180.220.78 - - [31/Mar/2012:10:14:51 -0700] "GET / HTTP/1.1" 200 1430 "-" "Caffeinated/1.1.1 CFNetwork/520.3.2 Darwin/11.3.0 (x86_64) (MacBookPro8%2C1)"
98.180.220.78 - - [31/Mar/2012:10:14:51 -0700] "GET /favicon.ico HTTP/1.1" 404 142 "-" "Caffeinated/1.1.1 CFNetwork/520.3.2 Darwin/11.3.0 (x86_64) (MacBookPro8%2C1)"
98.180.220.78 - - [31/Mar/2012:10:15:18 -0700] "GET / HTTP/1.1" 200 1430 "-" "Caffeinated/1.1.1 CFNetwork/520.3.2 Darwin/11.3.0 (x86_64) (MacBookPro8%2C1)"
98.180.220.78 - - [31/Mar/2012:10:15:18 -0700] "GET /favicon.ico HTTP/1.1" 404 142 "-" "Caffeinated/1.1.1 CFNetwork/520.3.2 Darwin/11.3.0 (x86_64) (MacBookPro8%2C1)"
117.207.115.72 - - [31/Mar/2012:10:15:25 -0700] "GET /r/33y0 HTTP/1.1" 301 257 "-" "Mozilla/5.0 (Windows NT 5.1) AppleWebKit/535.11 (KHTML, like Gecko) Chrome/17.0.963.83 Safari/535.11"
117.207.115.72 - - [31/Mar/2012:10:15:26 -0700] "GET /s/ta/33y0/ HTTP/1.1" 302 609 "-" "Mozilla/5.0 (Windows NT 5.1) AppleWebKit/535.11 (KHTML, like Gecko) Chrome/17.0.963.83 Safari/535.11"
117.207.115.72 - - [31/Mar/2012:10:15:35 -0700] "-" 400 0 "-" "-"
117.207.115.72 - - [31/Mar/2012:10:15:45 -0700] "-" 400 0 "-" "-"
101.2.181.110 - - [31/Mar/2012:10:15:54 -0700] "GET /r/kav HTTP/1.1" 301 255 "http://ta.wikipedia.org/wiki/%E0%AE%AA%E0%AE%BE%E0%AE%9F%E0%AF%8D%E0%AE%9F%E0%AE%BF_%E0%AE%B5%E0%AE%9F%E0%AF%88_%E0%AE%9A%E0%AF%81%E0%AE%9F%E0%AF%8D%E0%AE%9F_%E0%AE%95%E0%AE%A4%E0%AF%88" "Mozilla/5.0 (Windows NT 6.1) AppleWebKit/535.24 (KHTML, like Gecko) Chrome/19.0.1055.1 Safari/535.24"
101.2.181.110 - - [31/Mar/2012:10:15:58 -0700] "GET /s/ta/kav/ HTTP/1.1" 302 481 "http://ta.wikipedia.org/wiki/%E0%AE%AA%E0%AE%BE%E0%AE%9F%E0%AF%8D%E0%AE%9F%E0%AE%BF_%E0%AE%B5%E0%AE%9F%E0%AF%88_%E0%AE%9A%E0%AF%81%E0%AE%9F%E0%AF%8D%E0%AE%9F_%E0%AE%95%E0%AE%A4%E0%AF%88" "Mozilla/5.0 (Windows NT 6.1) AppleWebKit/535.24 (KHTML, like Gecko) Chrome/19.0.1055.1 Safari/535.24"
101.2.181.110 - - [31/Mar/2012:10:16:11 -0700] "-" 400 0 "-" "-"
98.180.220.78 - - [31/Mar/2012:10:16:17 -0700] "GET / HTTP/1.1" 200 1430 "-" "Caffeinated/1.1.1 CFNetwork/520.3.2 Darwin/11.3.0 (x86_64) (MacBookPro8%2C1)"
98.180.220.78 - - [31/Mar/2012:10:16:17 -0700] "GET /favicon.ico HTTP/1.1" 404 142 "-" "Caffeinated/1.1.1 CFNetwork/520.3.2 Darwin/11.3.0 (x86_64) (MacBookPro8%2C1)"
207.46.204.173 - - [31/Mar/2012:10:16:43 -0700] "-" 400 0 "-" "-"
98.180.220.78 - - [31/Mar/2012:10:16:44 -0700] "GET / HTTP/1.1" 200 1430 "-" "Caffeinated/1.1.1 CFNetwork/520.3.2 Darwin/11.3.0 (x86_64) (MacBookPro8%2C1)"
98.180.220.78 - - [31/Mar/2012:10:16:44 -0700] "GET /favicon.ico HTTP/1.1" 404 142 "-" "Caffeinated/1.1.1 CFNetwork/520.3.2 Darwin/11.3.0 (x86_64) (MacBookPro8%2C1)"
207.46.204.173 - - [31/Mar/2012:10:16:45 -0700] "-" 400 0 "-" "-"
207.46.204.173 - - [31/Mar/2012:10:16:45 -0700] "-" 400 0 "-" "-"
207.46.204.173 - - [31/Mar/2012:10:16:45 -0700] "-" 400 0 "-" "-"
207.46.204.173 - - [31/Mar/2012:10:16:46 -0700] "-" 400 0 "-" "-"
207.46.204.173 - - [31/Mar/2012:10:16:46 -0700] "-" 400 0 "-" "-"
207.46.204.173 - - [31/Mar/2012:10:16:46 -0700] "-" 400 0 "-" "-"
207.46.204.173 - - [31/Mar/2012:10:16:47 -0700] "-" 400 0 "-" "-"
207.46.204.173 - - [31/Mar/2012:10:16:47 -0700] "-" 400 0 "-" "-"
207.46.204.173 - - [31/Mar/2012:10:16:47 -0700] "-" 400 0 "-" "-"
207.46.204.173 - - [31/Mar/2012:10:17:30 -0700] "-" 400 0 "-" "-"
98.180.220.78 - - [31/Mar/2012:10:17:41 -0700] "GET / HTTP/1.1" 200 1430 "-" "Caffeinated/1.1.1 CFNetwork/520.3.2 Darwin/11.3.0 (x86_64) (MacBookPro8%2C1)"
98.180.220.78 - - [31/Mar/2012:10:17:41 -0700] "GET /favicon.ico HTTP/1.1" 404 142 "-" "Caffeinated/1.1.1 CFNetwork/520.3.2 Darwin/11.3.0 (x86_64) (MacBookPro8%2C1)"
98.180.220.78 - - [31/Mar/2012:10:18:11 -0700] "GET / HTTP/1.1" 200 1430 "-" "Caffeinated/1.1.1 CFNetwork/520.3.2 Darwin/11.3.0 (x86_64) (MacBookPro8%2C1)"
98.180.220.78 - - [31/Mar/2012:10:18:11 -0700] "GET /favicon.ico HTTP/1.1" 404 142 "-" "Caffeinated/1.1.1 CFNetwork/520.3.2 Darwin/11.3.0 (x86_64) (MacBookPro8%2C1)"
85.17.88.169 - - [31/Mar/2012:10:18:37 -0700] "POST /blog/wp-cron.php?doing_wp_cron=1333214073 HTTP/1.0" 499 0 "-" "WordPress/3.3.1; http://yuvi.in/blog"
209.85.238.244 - - [31/Mar/2012:10:18:37 -0700] "GET /blog/feed HTTP/1.1" 301 0 "-" "Feedfetcher-Google; (+http://www.google.com/feedfetcher.html; 3 subscribers; feed-id=17684830852112633560)"
85.17.88.169 - - [31/Mar/2012:10:18:39 -0700] "POST /blog/wp-cron.php?doing_wp_cron=1333214076 HTTP/1.0" 499 0 "-" "WordPress/3.3.1; http://yuvi.in/blog"
209.85.238.244 - - [31/Mar/2012:10:18:40 -0700] "GET /blog/feed/ HTTP/1.1" 304 0 "-" "Feedfetcher-Google; (+http://www.google.com/feedfetcher.html; 3 subscribers; feed-id=17684830852112633560)"
74.125.126.84 - - [31/Mar/2012:10:19:01 -0700] "GET /r/33zx HTTP/1.1" 301 257 "-" "Mozilla/5.0 (en-us) AppleWebKit/534.14 (KHTML, like Gecko; Google Wireless Transcoder) Chrome/9.0.597 Safari/534.14"
74.125.126.81 - - [31/Mar/2012:10:19:01 -0700] "GET /s/ta/33zx/ HTTP/1.1" 302 631 "-" "Mozilla/5.0 (en-us) AppleWebKit/534.14 (KHTML, like Gecko; Google Wireless Transcoder) Chrome/9.0.597 Safari/534.14"
98.180.220.78 - - [31/Mar/2012:10:19:10 -0700] "GET / HTTP/1.1" 200 1430 "-" "Caffeinated/1.1.1 CFNetwork/520.3.2 Darwin/11.3.0 (x86_64) (MacBookPro8%2C1)"
98.180.220.78 - - [31/Mar/2012:10:19:10 -0700] "GET /favicon.ico HTTP/1.1" 404 142 "-" "Caffeinated/1.1.1 CFNetwork/520.3.2 Darwin/11.3.0 (x86_64) (MacBookPro8%2C1)"
98.180.220.78 - - [31/Mar/2012:10:19:37 -0700] "GET / HTTP/1.1" 200 1430 "-" "Caffeinated/1.1.1 CFNetwork/520.3.2 Darwin/11.3.0 (x86_64) (MacBookPro8%2C1)"
98.180.220.78 - - [31/Mar/2012:10:19:37 -0700] "GET /favicon.ico HTTP/1.1" 404 142 "-" "Caffeinated/1.1.1 CFNetwork/520.3.2 Darwin/11.3.0 (x86_64) (MacBookPro8%2C1)"
69.171.229.250 - - [31/Mar/2012:10:19:43 -0700] "GET /r/tpn HTTP/1.1" 301 255 "-" "facebookexternalhit/1.1 (+http://www.facebook.com/externalhit_uatext.php)"
69.171.229.245 - - [31/Mar/2012:10:19:43 -0700] "GET /s/ta/tpn/ HTTP/1.1" 302 265 "-" "facebookexternalhit/1.1 (+http://www.facebook.com/externalhit_uatext.php)"
209.85.224.80 - - [31/Mar/2012:10:19:59 -0700] "GET /stories/feed HTTP/1.1" 200 13653 "-" "FeedBurner/1.0 (http://www.FeedBurner.com)"
98.180.220.78 - - [31/Mar/2012:10:20:38 -0700] "GET / HTTP/1.1" 200 1430 "-" "Caffeinated/1.1.1 CFNetwork/520.3.2 Darwin/11.3.0 (x86_64) (MacBookPro8%2C1)"
98.180.220.78 - - [31/Mar/2012:10:20:39 -0700] "GET /favicon.ico HTTP/1.1" 404 142 "-" "Caffeinated/1.1.1 CFNetwork/520.3.2 Darwin/11.3.0 (x86_64) (MacBookPro8%2C1)"
74.125.126.91 - - [31/Mar/2012:10:20:47 -0700] "GET /r/33y1 HTTP/1.1" 301 257 "-" "Mozilla/5.0 (en-us) AppleWebKit/534.14 (KHTML, like Gecko; Google Wireless Transcoder) Chrome/9.0.597 Safari/534.14"
74.125.126.94 - - [31/Mar/2012:10:20:47 -0700] "GET /s/ta/33y1/ HTTP/1.1" 302 615 "-" "Mozilla/5.0 (en-us) AppleWebKit/534.14 (KHTML, like Gecko; Google Wireless Transcoder) Chrome/9.0.597 Safari/534.14"
98.180.220.78 - - [31/Mar/2012:10:21:04 -0700] "GET / HTTP/1.1" 200 1430 "-" "Caffeinated/1.1.1 CFNetwork/520.3.2 Darwin/11.3.0 (x86_64) (MacBookPro8%2C1)"
98.180.220.78 - - [31/Mar/2012:10:21:04 -0700] "GET /favicon.ico HTTP/1.1" 404 142 "-" "Caffeinated/1.1.1 CFNetwork/520.3.2 Darwin/11.3.0 (x86_64) (MacBookPro8%2C1)"
69.171.234.1 - - [31/Mar/2012:10:21:49 -0700] "GET /r/1grd HTTP/1.1" 301 257 "-" "facebookexternalhit/1.1 (+http://www.facebook.com/externalhit_uatext.php)"
69.171.234.5 - - [31/Mar/2012:10:21:49 -0700] "GET /s/ta/1grd/ HTTP/1.1" 302 449 "-" "facebookexternalhit/1.1 (+http://www.facebook.com/externalhit_uatext.php)"
98.180.220.78 - - [31/Mar/2012:10:22:03 -0700] "GET / HTTP/1.1" 200 1430 "-" "Caffeinated/1.1.1 CFNetwork/520.3.2 Darwin/11.3.0 (x86_64) (MacBookPro8%2C1)"
98.180.220.78 - - [31/Mar/2012:10:22:03 -0700] "GET /favicon.ico HTTP/1.1" 404 142 "-" "Caffeinated/1.1.1 CFNetwork/520.3.2 Darwin/11.3.0 (x86_64) (MacBookPro8%2C1)"
157.55.112.209 - - [31/Mar/2012:10:22:13 -0700] "-" 400 0 "-" "-"
157.55.112.209 - - [31/Mar/2012:10:22:16 -0700] "-" 400 0 "-" "-"
157.55.112.209 - - [31/Mar/2012:10:22:16 -0700] "-" 400 0 "-" "-"
157.55.112.209 - - [31/Mar/2012:10:22:16 -0700] "-" 400 0 "-" "-"
157.55.112.209 - - [31/Mar/2012:10:22:16 -0700] "-" 400 0 "-" "-"
157.55.112.209 - - [31/Mar/2012:10:22:17 -0700] "-" 400 0 "-" "-"
157.55.112.209 - - [31/Mar/2012:10:22:17 -0700] "-" 400 0 "-" "-"
157.55.112.209 - - [31/Mar/2012:10:22:18 -0700] "-" 400 0 "-" "-"
157.55.112.209 - - [31/Mar/2012:10:22:18 -0700] "-" 400 0 "-" "-"
157.55.112.209 - - [31/Mar/2012:10:22:18 -0700] "-" 400 0 "-" "-"
98.180.220.78 - - [31/Mar/2012:10:22:29 -0700] "GET / HTTP/1.1" 200 1430 "-" "Caffeinated/1.1.1 CFNetwork/520.3.2 Darwin/11.3.0 (x86_64) (MacBookPro8%2C1)"
98.180.220.78 - - [31/Mar/2012:10:22:29 -0700] "GET /favicon.ico HTTP/1.1" 404 142 "-" "Caffeinated/1.1.1 CFNetwork/520.3.2 Darwin/11.3.0 (x86_64) (MacBookPro8%2C1)"
117.199.137.191 - - [31/Mar/2012:10:23:04 -0700] "-" 400 0 "-" "-"
117.199.137.191 - - [31/Mar/2012:10:23:04 -0700] "-" 400 0 "-" "-"
117.199.137.191 - - [31/Mar/2012:10:23:04 -0700] "GET /r/15fc HTTP/1.1" 301 257 "http://ta.wikipedia.org/wiki/%E0%AE%95%E0%AF%8B%E0%AE%B0%E0%AE%95%E0%AF%8D%E0%AE%95%E0%AE%B0%E0%AF%8D" "Mozilla/5.0 (Windows NT 6.1; rv:7.0) Gecko/20100101 Firefox/7.0"
117.199.137.191 - - [31/Mar/2012:10:23:07 -0700] "GET /s/ta/15fc/ HTTP/1.1" 302 361 "http://ta.wikipedia.org/wiki/%E0%AE%95%E0%AF%8B%E0%AE%B0%E0%AE%95%E0%AF%8D%E0%AE%95%E0%AE%B0%E0%AF%8D" "Mozilla/5.0 (Windows NT 6.1; rv:7.0) Gecko/20100101 Firefox/7.0"
117.199.137.191 - - [31/Mar/2012:10:23:09 -0700] "-" 400 0 "-" "-"
157.55.112.209 - - [31/Mar/2012:10:23:11 -0700] "-" 400 0 "-" "-"
113.193.122.207 - - [31/Mar/2012:10:23:15 -0700] "-" 400 0 "-" "-"
69.171.229.248 - - [31/Mar/2012:10:23:23 -0700] "GET /r/tpn HTTP/1.1" 301 255 "-" "facebookexternalhit/1.1 (+http://www.facebook.com/externalhit_uatext.php)"
69.171.229.249 - - [31/Mar/2012:10:23:23 -0700] "GET /s/ta/tpn/ HTTP/1.1" 302 265 "-" "facebookexternalhit/1.1 (+http://www.facebook.com/externalhit_uatext.php)"
98.180.220.78 - - [31/Mar/2012:10:23:28 -0700] "GET / HTTP/1.1" 200 1430 "-" "Caffeinated/1.1.1 CFNetwork/520.3.2 Darwin/11.3.0 (x86_64) (MacBookPro8%2C1)"
98.180.220.78 - - [31/Mar/2012:10:23:28 -0700] "GET /favicon.ico HTTP/1.1" 404 142 "-" "Caffeinated/1.1.1 CFNetwork/520.3.2 Darwin/11.3.0 (x86_64) (MacBookPro8%2C1)"
117.202.89.222 - - [31/Mar/2012:10:23:50 -0700] "-" 400 0 "-" "-"
98.180.220.78 - - [31/Mar/2012:10:23:55 -0700] "GET / HTTP/1.1" 200 1430 "-" "Caffeinated/1.1.1 CFNetwork/520.3.2 Darwin/11.3.0 (x86_64) (MacBookPro8%2C1)"
98.180.220.78 - - [31/Mar/2012:10:23:55 -0700] "GET /favicon.ico HTTP/1.1" 404 142 "-" "Caffeinated/1.1.1 CFNetwork/520.3.2 Darwin/11.3.0 (x86_64) (MacBookPro8%2C1)"
94.228.34.248 - - [31/Mar/2012:10:24:01 -0700] "GET /blog/ HTTP/1.1" 200 9194 "-" "magpie-crawler/1.1 (U; Linux amd64; en-GB; +http://www.brandwatch.net)"
85.17.88.169 - - [31/Mar/2012:10:24:03 -0700] "POST /blog/wp-cron.php?doing_wp_cron=1333214400 HTTP/1.0" 499 0 "-" "WordPress/3.3.1; http://yuvi.in/blog"
209.85.224.89 - - [31/Mar/2012:10:24:04 -0700] "GET /blog/feed HTTP/1.1" 304 0 "-" "FeedBurner/1.0 (http://www.FeedBurner.com)"
113.193.122.207 - - [31/Mar/2012:10:24:18 -0700] "-" 400 0 "-" "-"
98.180.220.78 - - [31/Mar/2012:10:24:55 -0700] "GET / HTTP/1.1" 200 1430 "-" "Caffeinated/1.1.1 CFNetwork/520.3.2 Darwin/11.3.0 (x86_64) (MacBookPro8%2C1)"
98.180.220.78 - - [31/Mar/2012:10:24:55 -0700] "GET /favicon.ico HTTP/1.1" 404 142 "-" "Caffeinated/1.1.1 CFNetwork/520.3.2 Darwin/11.3.0 (x86_64) (MacBookPro8%2C1)"
98.180.220.78 - - [31/Mar/2012:10:25:23 -0700] "GET / HTTP/1.1" 200 1430 "-" "Caffeinated/1.1.1 CFNetwork/520.3.2 Darwin/11.3.0 (x86_64) (MacBookPro8%2C1)"
98.180.220.78 - - [31/Mar/2012:10:25:23 -0700] "GET /favicon.ico HTTP/1.1" 404 142 "-" "Caffeinated/1.1.1 CFNetwork/520.3.2 Darwin/11.3.0 (x86_64) (MacBookPro8%2C1)"
98.180.220.78 - - [31/Mar/2012:10:26:17 -0700] "GET / HTTP/1.1" 200 1430 "-" "Caffeinated/1.1.1 CFNetwork/520.3.2 Darwin/11.3.0 (x86_64) (MacBookPro8%2C1)"
98.180.220.78 - - [31/Mar/2012:10:26:17 -0700] "GET /favicon.ico HTTP/1.1" 404 142 "-" "Caffeinated/1.1.1 CFNetwork/520.3.2 Darwin/11.3.0 (x86_64) (MacBookPro8%2C1)"
59.99.8.85 - - [31/Mar/2012:10:26:46 -0700] "GET /r/yn3 HTTP/1.1" 301 255 "http://ta.wikipedia.org/wiki/%E0%AE%A4%E0%AF%8B%E0%AE%AA%E0%AF%8D%E0%AE%AA%E0%AF%81" "Mozilla/5.0 (compatible; MSIE 9.0; Windows NT 6.1; Trident/5.0; MAAU; MAAU)"
59.99.8.85 - - [31/Mar/2012:10:26:47 -0700] "GET /s/ta/yn3/ HTTP/1.1" 302 337 "http://ta.wikipedia.org/wiki/%E0%AE%A4%E0%AF%8B%E0%AE%AA%E0%AF%8D%E0%AE%AA%E0%AF%81" "Mozilla/5.0 (compatible; MSIE 9.0; Windows NT 6.1; Trident/5.0; MAAU; MAAU)"
98.180.220.78 - - [31/Mar/2012:10:26:47 -0700] "GET / HTTP/1.1" 200 1430 "-" "Caffeinated/1.1.1 CFNetwork/520.3.2 Darwin/11.3.0 (x86_64) (MacBookPro8%2C1)"
98.180.220.78 - - [31/Mar/2012:10:26:47 -0700] "GET /favicon.ico HTTP/1.1" 404 142 "-" "Caffeinated/1.1.1 CFNetwork/520.3.2 Darwin/11.3.0 (x86_64) (MacBookPro8%2C1)"
213.186.127.13 - - [31/Mar/2012:10:27:28 -0700] "GET /blog/attraction-or-admiration.html HTTP/1.1" 200 2149 "-" "Mozilla/5.0 (compatible; AhrefsBot/2.0; +http://ahrefs.com/robot/)"
98.180.220.78 - - [31/Mar/2012:10:27:44 -0700] "GET / HTTP/1.1" 200 1430 "-" "Caffeinated/1.1.1 CFNetwork/520.3.2 Darwin/11.3.0 (x86_64) (MacBookPro8%2C1)"
98.180.220.78 - - [31/Mar/2012:10:27:44 -0700] "GET /favicon.ico HTTP/1.1" 404 142 "-" "Caffeinated/1.1.1 CFNetwork/520.3.2 Darwin/11.3.0 (x86_64) (MacBookPro8%2C1)"
98.180.220.78 - - [31/Mar/2012:10:28:14 -0700] "GET / HTTP/1.1" 200 1430 "-" "Caffeinated/1.1.1 CFNetwork/520.3.2 Darwin/11.3.0 (x86_64) (MacBookPro8%2C1)"
98.180.220.78 - - [31/Mar/2012:10:28:14 -0700] "GET /favicon.ico HTTP/1.1" 404 142 "-" "Caffeinated/1.1.1 CFNetwork/520.3.2 Darwin/11.3.0 (x86_64) (MacBookPro8%2C1)"
122.164.226.24 - - [31/Mar/2012:10:28:48 -0700] "-" 400 0 "-" "-"
115.184.52.214 - - [31/Mar/2012:10:28:49 -0700] "-" 400 0 "-" "-"
98.180.220.78 - - [31/Mar/2012:10:29:12 -0700] "GET / HTTP/1.1" 200 1430 "-" "Caffeinated/1.1.1 CFNetwork/520.3.2 Darwin/11.3.0 (x86_64) (MacBookPro8%2C1)"
98.180.220.78 - - [31/Mar/2012:10:29:12 -0700] "GET /favicon.ico HTTP/1.1" 404 142 "-" "Caffeinated/1.1.1 CFNetwork/520.3.2 Darwin/11.3.0 (x86_64) (MacBookPro8%2C1)"
98.180.220.78 - - [31/Mar/2012:10:29:41 -0700] "GET / HTTP/1.1" 200 1430 "-" "Caffeinated/1.1.1 CFNetwork/520.3.2 Darwin/11.3.0 (x86_64) (MacBookPro8%2C1)"
98.180.220.78 - - [31/Mar/2012:10:29:41 -0700] "GET /favicon.ico HTTP/1.1" 404 142 "-" "Caffeinated/1.1.1 CFNetwork/520.3.2 Darwin/11.3.0 (x86_64) (MacBookPro8%2C1)"
98.180.220.78 - - [31/Mar/2012:10:30:40 -0700] "GET / HTTP/1.1" 200 1430 "-" "Caffeinated/1.1.1 CFNetwork/520.3.2 Darwin/11.3.0 (x86_64) (MacBookPro8%2C1)"
98.180.220.78 - - [31/Mar/2012:10:30:41 -0700] "GET /favicon.ico HTTP/1.1" 404 142 "-" "Caffeinated/1.1.1 CFNetwork/520.3.2 Darwin/11.3.0 (x86_64) (MacBookPro8%2C1)"
117.193.67.199 - - [31/Mar/2012:10:30:50 -0700] "-" 400 0 "-" "-"
98.180.220.78 - - [31/Mar/2012:10:31:07 -0700] "GET / HTTP/1.1" 200 1430 "-" "Caffeinated/1.1.1 CFNetwork/520.3.2 Darwin/11.3.0 (x86_64) (MacBookPro8%2C1)"
98.180.220.78 - - [31/Mar/2012:10:31:07 -0700] "GET /favicon.ico HTTP/1.1" 404 142 "-" "Caffeinated/1.1.1 CFNetwork/520.3.2 Darwin/11.3.0 (x86_64) (MacBookPro8%2C1)"
98.180.220.78 - - [31/Mar/2012:10:32:06 -0700] "GET / HTTP/1.1" 200 1430 "-" "Caffeinated/1.1.1 CFNetwork/520.3.2 Darwin/11.3.0 (x86_64) (MacBookPro8%2C1)"
98.180.220.78 - - [31/Mar/2012:10:32:06 -0700] "GET /favicon.ico HTTP/1.1" 404 142 "-" "Caffeinated/1.1.1 CFNetwork/520.3.2 Darwin/11.3.0 (x86_64) (MacBookPro8%2C1)"
98.180.220.78 - - [31/Mar/2012:10:32:30 -0700] "GET / HTTP/1.1" 200 1430 "-" "Caffeinated/1.1.1 CFNetwork/520.3.2 Darwin/11.3.0 (x86_64) (MacBookPro8%2C1)"
98.180.220.78 - - [31/Mar/2012:10:32:30 -0700] "GET /favicon.ico HTTP/1.1" 404 142 "-" "Caffeinated/1.1.1 CFNetwork/520.3.2 Darwin/11.3.0 (x86_64) (MacBookPro8%2C1)"
117.201.4.157 - - [31/Mar/2012:10:33:26 -0700] "-" 400 0 "-" "-"
117.201.4.157 - - [31/Mar/2012:10:33:26 -0700] "-" 400 0 "-" "-"
117.201.4.157 - - [31/Mar/2012:10:33:26 -0700] "-" 400 0 "-" "-"
117.201.4.157 - - [31/Mar/2012:10:33:26 -0700] "-" 400 0 "-" "-"
117.201.4.157 - - [31/Mar/2012:10:33:26 -0700] "-" 400 0 "-" "-"
117.201.4.157 - - [31/Mar/2012:10:33:26 -0700] "-" 400 0 "-" "-"
98.180.220.78 - - [31/Mar/2012:10:33:30 -0700] "GET / HTTP/1.1" 200 1430 "-" "Caffeinated/1.1.1 CFNetwork/520.3.2 Darwin/11.3.0 (x86_64) (MacBookPro8%2C1)"
98.180.220.78 - - [31/Mar/2012:10:33:30 -0700] "GET /favicon.ico HTTP/1.1" 404 142 "-" "Caffeinated/1.1.1 CFNetwork/520.3.2 Darwin/11.3.0 (x86_64) (MacBookPro8%2C1)"
98.180.220.78 - - [31/Mar/2012:10:33:55 -0700] "GET / HTTP/1.1" 200 1430 "-" "Caffeinated/1.1.1 CFNetwork/520.3.2 Darwin/11.3.0 (x86_64) (MacBookPro8%2C1)"
98.180.220.78 - - [31/Mar/2012:10:33:55 -0700] "GET /favicon.ico HTTP/1.1" 404 142 "-" "Caffeinated/1.1.1 CFNetwork/520.3.2 Darwin/11.3.0 (x86_64) (MacBookPro8%2C1)"
117.202.90.60 - - [31/Mar/2012:10:34:20 -0700] "-" 400 0 "-" "-"
122.162.135.8 - - [31/Mar/2012:10:34:22 -0700] "GET /favicon.ico HTTP/1.1" 404 142 "http://prashanth-kamle.blogspot.in/2008/07/cisco-best-place-to-work.html" "Mozilla/5.0 (Macintosh; Intel Mac OS X 10_7_3) AppleWebKit/534.55.3 (KHTML, like Gecko) Version/5.1.5 Safari/534.55.3"
85.17.88.169 - - [31/Mar/2012:10:34:33 -0700] "POST /blog/wp-cron.php?doing_wp_cron=1333215029 HTTP/1.0" 499 0 "-" "WordPress/3.3.1; http://yuvi.in/blog"
209.85.238.244 - - [31/Mar/2012:10:34:33 -0700] "GET /blog/feed/ HTTP/1.1" 304 0 "-" "Feedfetcher-Google; (+http://www.google.com/feedfetcher.html; 18 subscribers; feed-id=15064232456473204253)"
69.171.234.2 - - [31/Mar/2012:10:34:54 -0700] "GET /r/tpn HTTP/1.1" 301 255 "-" "facebookexternalhit/1.1 (+http://www.facebook.com/externalhit_uatext.php)"
69.171.234.0 - - [31/Mar/2012:10:34:55 -0700] "GET /s/ta/tpn/ HTTP/1.1" 302 265 "-" "facebookexternalhit/1.1 (+http://www.facebook.com/externalhit_uatext.php)"
98.180.220.78 - - [31/Mar/2012:10:34:55 -0700] "GET / HTTP/1.1" 200 1430 "-" "Caffeinated/1.1.1 CFNetwork/520.3.2 Darwin/11.3.0 (x86_64) (MacBookPro8%2C1)"
98.180.220.78 - - [31/Mar/2012:10:34:55 -0700] "GET /favicon.ico HTTP/1.1" 404 142 "-" "Caffeinated/1.1.1 CFNetwork/520.3.2 Darwin/11.3.0 (x86_64) (MacBookPro8%2C1)"
98.180.220.78 - - [31/Mar/2012:10:35:21 -0700] "GET / HTTP/1.1" 200 1430 "-" "Caffeinated/1.1.1 CFNetwork/520.3.2 Darwin/11.3.0 (x86_64) (MacBookPro8%2C1)"
98.180.220.78 - - [31/Mar/2012:10:35:22 -0700] "GET /favicon.ico HTTP/1.1" 404 142 "-" "Caffeinated/1.1.1 CFNetwork/520.3.2 Darwin/11.3.0 (x86_64) (MacBookPro8%2C1)"
98.180.220.78 - - [31/Mar/2012:10:36:21 -0700] "GET / HTTP/1.1" 200 1430 "-" "Caffeinated/1.1.1 CFNetwork/520.3.2 Darwin/11.3.0 (x86_64) (MacBookPro8%2C1)"
98.180.220.78 - - [31/Mar/2012:10:36:21 -0700] "GET /favicon.ico HTTP/1.1" 404 142 "-" "Caffeinated/1.1.1 CFNetwork/520.3.2 Darwin/11.3.0 (x86_64) (MacBookPro8%2C1)"
98.180.220.78 - - [31/Mar/2012:10:36:48 -0700] "GET / HTTP/1.1" 200 1430 "-" "Caffeinated/1.1.1 CFNetwork/520.3.2 Darwin/11.3.0 (x86_64) (MacBookPro8%2C1)"
98.180.220.78 - - [31/Mar/2012:10:36:48 -0700] "GET /favicon.ico HTTP/1.1" 404 142 "-" "Caffeinated/1.1.1 CFNetwork/520.3.2 Darwin/11.3.0 (x86_64) (MacBookPro8%2C1)"
67.215.230.28 - - [31/Mar/2012:10:36:55 -0700] "GET /robots.txt HTTP/1.0" 404 169 "-" "Setooz/Nutch-1.2 (http://www.setooz.com)"
67.215.230.28 - - [31/Mar/2012:10:36:55 -0700] "GET /stories HTTP/1.0" 301 185 "-" "Setooz/Nutch-1.2 (http://www.setooz.com)"
67.215.230.28 - - [31/Mar/2012:10:37:02 -0700] "GET /robots.txt HTTP/1.0" 404 169 "-" "Setooz/Nutch-1.2 (http://www.setooz.com)"
67.215.230.28 - - [31/Mar/2012:10:37:02 -0700] "GET / HTTP/1.0" 200 3439 "-" "Setooz/Nutch-1.2 (http://www.setooz.com)"
98.180.220.78 - - [31/Mar/2012:10:37:47 -0700] "GET / HTTP/1.1" 200 1430 "-" "Caffeinated/1.1.1 CFNetwork/520.3.2 Darwin/11.3.0 (x86_64) (MacBookPro8%2C1)"
98.180.220.78 - - [31/Mar/2012:10:37:47 -0700] "GET /favicon.ico HTTP/1.1" 404 142 "-" "Caffeinated/1.1.1 CFNetwork/520.3.2 Darwin/11.3.0 (x86_64) (MacBookPro8%2C1)"
98.180.220.78 - - [31/Mar/2012:10:38:13 -0700] "GET / HTTP/1.1" 200 1430 "-" "Caffeinated/1.1.1 CFNetwork/520.3.2 Darwin/11.3.0 (x86_64) (MacBookPro8%2C1)"
98.180.220.78 - - [31/Mar/2012:10:38:14 -0700] "GET /favicon.ico HTTP/1.1" 404 142 "-" "Caffeinated/1.1.1 CFNetwork/520.3.2 Darwin/11.3.0 (x86_64) (MacBookPro8%2C1)"
98.180.220.78 - - [31/Mar/2012:10:39:12 -0700] "GET / HTTP/1.1" 200 1430 "-" "Caffeinated/1.1.1 CFNetwork/520.3.2 Darwin/11.3.0 (x86_64) (MacBookPro8%2C1)"
98.180.220.78 - - [31/Mar/2012:10:39:12 -0700] "GET /favicon.ico HTTP/1.1" 404 142 "-" "Caffeinated/1.1.1 CFNetwork/520.3.2 Darwin/11.3.0 (x86_64) (MacBookPro8%2C1)"
98.180.220.78 - - [31/Mar/2012:10:39:55 -0700] "GET / HTTP/1.1" 200 1430 "-" "Caffeinated/1.1.1 CFNetwork/520.3.2 Darwin/11.3.0 (x86_64) (MacBookPro8%2C1)"
98.180.220.78 - - [31/Mar/2012:10:39:55 -0700] "GET /favicon.ico HTTP/1.1" 404 142 "-" "Caffeinated/1.1.1 CFNetwork/520.3.2 Darwin/11.3.0 (x86_64) (MacBookPro8%2C1)"
207.46.204.214 - - [31/Mar/2012:10:40:14 -0700] "-" 400 0 "-" "-"
207.46.204.214 - - [31/Mar/2012:10:40:16 -0700] "-" 400 0 "-" "-"
207.46.204.214 - - [31/Mar/2012:10:40:17 -0700] "-" 400 0 "-" "-"
207.46.204.214 - - [31/Mar/2012:10:40:17 -0700] "-" 400 0 "-" "-"
207.46.204.214 - - [31/Mar/2012:10:40:17 -0700] "-" 400 0 "-" "-"
207.46.204.214 - - [31/Mar/2012:10:40:18 -0700] "-" 400 0 "-" "-"
207.46.204.214 - - [31/Mar/2012:10:40:19 -0700] "-" 400 0 "-" "-"
207.46.204.214 - - [31/Mar/2012:10:40:19 -0700] "-" 400 0 "-" "-"
207.46.204.214 - - [31/Mar/2012:10:40:19 -0700] "-" 400 0 "-" "-"
207.46.204.214 - - [31/Mar/2012:10:40:19 -0700] "-" 400 0 "-" "-"
98.180.220.78 - - [31/Mar/2012:10:40:37 -0700] "GET / HTTP/1.1" 200 1430 "-" "Caffeinated/1.1.1 CFNetwork/520.3.2 Darwin/11.3.0 (x86_64) (MacBookPro8%2C1)"
98.180.220.78 - - [31/Mar/2012:10:40:37 -0700] "GET /favicon.ico HTTP/1.1" 404 142 "-" "Caffeinated/1.1.1 CFNetwork/520.3.2 Darwin/11.3.0 (x86_64) (MacBookPro8%2C1)"
122.174.40.204 - - [31/Mar/2012:10:40:38 -0700] "-" 400 0 "-" "-"
122.174.40.204 - - [31/Mar/2012:10:40:38 -0700] "-" 400 0 "-" "-"
98.180.220.78 - - [31/Mar/2012:10:41:17 -0700] "GET / HTTP/1.1" 200 1430 "-" "Caffeinated/1.1.1 CFNetwork/520.3.2 Darwin/11.3.0 (x86_64) (MacBookPro8%2C1)"
98.180.220.78 - - [31/Mar/2012:10:41:17 -0700] "GET /favicon.ico HTTP/1.1" 404 142 "-" "Caffeinated/1.1.1 CFNetwork/520.3.2 Darwin/11.3.0 (x86_64) (MacBookPro8%2C1)"
207.46.204.214 - - [31/Mar/2012:10:41:17 -0700] "-" 400 0 "-" "-"
98.180.220.78 - - [31/Mar/2012:10:42:07 -0700] "GET / HTTP/1.1" 200 1430 "-" "Caffeinated/1.1.1 CFNetwork/520.3.2 Darwin/11.3.0 (x86_64) (MacBookPro8%2C1)"
98.180.220.78 - - [31/Mar/2012:10:42:08 -0700] "GET /favicon.ico HTTP/1.1" 404 142 "-" "Caffeinated/1.1.1 CFNetwork/520.3.2 Darwin/11.3.0 (x86_64) (MacBookPro8%2C1)"
117.193.174.216 - - [31/Mar/2012:10:42:10 -0700] "-" 400 0 "-" "-"
117.193.174.216 - - [31/Mar/2012:10:42:10 -0700] "-" 400 0 "-" "-"
117.193.174.216 - - [31/Mar/2012:10:42:10 -0700] "-" 400 0 "-" "-"
117.193.174.216 - - [31/Mar/2012:10:42:10 -0700] "-" 400 0 "-" "-"
117.193.174.216 - - [31/Mar/2012:10:42:40 -0700] "-" 400 0 "-" "-"
117.193.174.216 - - [31/Mar/2012:10:42:40 -0700] "-" 400 0 "-" "-"
117.193.174.216 - - [31/Mar/2012:10:42:40 -0700] "-" 400 0 "-" "-"
117.193.174.216 - - [31/Mar/2012:10:42:40 -0700] "-" 400 0 "-" "-"
98.180.220.78 - - [31/Mar/2012:10:42:42 -0700] "GET / HTTP/1.1" 200 1430 "-" "Caffeinated/1.1.1 CFNetwork/520.3.2 Darwin/11.3.0 (x86_64) (MacBookPro8%2C1)"
98.180.220.78 - - [31/Mar/2012:10:42:42 -0700] "GET /favicon.ico HTTP/1.1" 404 142 "-" "Caffeinated/1.1.1 CFNetwork/520.3.2 Darwin/11.3.0 (x86_64) (MacBookPro8%2C1)"
14.99.115.247 - - [31/Mar/2012:10:42:55 -0700] "GET /r/33zx HTTP/1.1" 301 257 "-" "Mozilla/5.0 (Windows NT 5.1; rv:11.0) Gecko/20100101 Firefox/11.0"
14.99.115.247 - - [31/Mar/2012:10:42:58 -0700] "GET /s/ta/33zx/ HTTP/1.1" 302 631 "-" "Mozilla/5.0 (Windows NT 5.1; rv:11.0) Gecko/20100101 Firefox/11.0"
14.99.115.247 - - [31/Mar/2012:10:43:00 -0700] "-" 400 0 "-" "-"
85.17.88.169 - - [31/Mar/2012:10:43:08 -0700] "POST /blog/wp-cron.php?doing_wp_cron=1333215545 HTTP/1.0" 499 0 "-" "WordPress/3.3.1; http://yuvi.in/blog"
46.251.237.242 - - [31/Mar/2012:10:43:10 -0700] "GET /blog/ HTTP/1.0" 200 33142 "http://yuvi.in/blog/" "Mozilla/4.0 (compatible; MSIE 6.0; Windows NT 5.1; en) Opera 9.0"
117.193.174.216 - - [31/Mar/2012:10:43:10 -0700] "-" 400 0 "-" "-"
117.193.174.216 - - [31/Mar/2012:10:43:23 -0700] "-" 400 0 "-" "-"
117.193.174.216 - - [31/Mar/2012:10:43:23 -0700] "-" 400 0 "-" "-"
117.193.174.216 - - [31/Mar/2012:10:43:23 -0700] "-" 400 0 "-" "-"
117.193.174.216 - - [31/Mar/2012:10:43:23 -0700] "-" 400 0 "-" "-"
117.193.174.216 - - [31/Mar/2012:10:43:23 -0700] "-" 400 0 "-" "-"
213.186.127.13 - - [31/Mar/2012:10:43:28 -0700] "GET /r/w1t HTTP/1.1" 301 255 "-" "Mozilla/5.0 (compatible; AhrefsBot/2.0; +http://ahrefs.com/robot/)"
98.180.220.78 - - [31/Mar/2012:10:43:37 -0700] "GET / HTTP/1.1" 200 1430 "-" "Caffeinated/1.1.1 CFNetwork/520.3.2 Darwin/11.3.0 (x86_64) (MacBookPro8%2C1)"
98.180.220.78 - - [31/Mar/2012:10:43:37 -0700] "GET /favicon.ico HTTP/1.1" 404 142 "-" "Caffeinated/1.1.1 CFNetwork/520.3.2 Darwin/11.3.0 (x86_64) (MacBookPro8%2C1)"
69.171.234.5 - - [31/Mar/2012:10:43:46 -0700] "GET /r/tpn HTTP/1.1" 301 255 "-" "facebookexternalhit/1.1 (+http://www.facebook.com/externalhit_uatext.php)"
69.171.234.2 - - [31/Mar/2012:10:43:47 -0700] "GET /s/ta/tpn/ HTTP/1.1" 302 265 "-" "facebookexternalhit/1.1 (+http://www.facebook.com/externalhit_uatext.php)"
117.193.17.73 - - [31/Mar/2012:10:44:02 -0700] "-" 400 0 "-" "-"
98.180.220.78 - - [31/Mar/2012:10:44:09 -0700] "GET / HTTP/1.1" 200 1430 "-" "Caffeinated/1.1.1 CFNetwork/520.3.2 Darwin/11.3.0 (x86_64) (MacBookPro8%2C1)"
98.180.220.78 - - [31/Mar/2012:10:44:09 -0700] "GET /favicon.ico HTTP/1.1" 404 142 "-" "Caffeinated/1.1.1 CFNetwork/520.3.2 Darwin/11.3.0 (x86_64) (MacBookPro8%2C1)"
98.180.220.78 - - [31/Mar/2012:10:45:02 -0700] "GET / HTTP/1.1" 200 1430 "-" "Caffeinated/1.1.1 CFNetwork/520.3.2 Darwin/11.3.0 (x86_64) (MacBookPro8%2C1)"
98.180.220.78 - - [31/Mar/2012:10:45:02 -0700] "GET /favicon.ico HTTP/1.1" 404 142 "-" "Caffeinated/1.1.1 CFNetwork/520.3.2 Darwin/11.3.0 (x86_64) (MacBookPro8%2C1)"
122.164.248.84 - - [31/Mar/2012:10:45:18 -0700] "-" 400 0 "-" "-"
122.164.248.84 - - [31/Mar/2012:10:45:18 -0700] "-" 400 0 "-" "-"
122.164.248.84 - - [31/Mar/2012:10:45:18 -0700] "-" 400 0 "-" "-"
122.164.248.84 - - [31/Mar/2012:10:45:18 -0700] "-" 400 0 "-" "-"
122.164.248.84 - - [31/Mar/2012:10:45:18 -0700] "-" 400 0 "-" "-"
69.171.234.5 - - [31/Mar/2012:10:45:21 -0700] "GET /r/tpn HTTP/1.1" 301 255 "-" "facebookexternalhit/1.1 (+http://www.facebook.com/externalhit_uatext.php)"
69.171.234.7 - - [31/Mar/2012:10:45:21 -0700] "GET /s/ta/tpn/ HTTP/1.1" 302 265 "-" "facebookexternalhit/1.1 (+http://www.facebook.com/externalhit_uatext.php)"
98.180.220.78 - - [31/Mar/2012:10:45:50 -0700] "GET / HTTP/1.1" 200 1430 "-" "Caffeinated/1.1.1 CFNetwork/520.3.2 Darwin/11.3.0 (x86_64) (MacBookPro8%2C1)"
98.180.220.78 - - [31/Mar/2012:10:45:50 -0700] "GET /favicon.ico HTTP/1.1" 404 142 "-" "Caffeinated/1.1.1 CFNetwork/520.3.2 Darwin/11.3.0 (x86_64) (MacBookPro8%2C1)"
98.180.220.78 - - [31/Mar/2012:10:46:27 -0700] "GET / HTTP/1.1" 200 1430 "-" "Caffeinated/1.1.1 CFNetwork/520.3.2 Darwin/11.3.0 (x86_64) (MacBookPro8%2C1)"
98.180.220.78 - - [31/Mar/2012:10:46:27 -0700] "GET /favicon.ico HTTP/1.1" 404 142 "-" "Caffeinated/1.1.1 CFNetwork/520.3.2 Darwin/11.3.0 (x86_64) (MacBookPro8%2C1)"
98.180.220.78 - - [31/Mar/2012:10:47:19 -0700] "GET / HTTP/1.1" 200 1430 "-" "Caffeinated/1.1.1 CFNetwork/520.3.2 Darwin/11.3.0 (x86_64) (MacBookPro8%2C1)"
98.180.220.78 - - [31/Mar/2012:10:47:19 -0700] "GET /favicon.ico HTTP/1.1" 404 142 "-" "Caffeinated/1.1.1 CFNetwork/520.3.2 Darwin/11.3.0 (x86_64) (MacBookPro8%2C1)"
69.171.247.3 - - [31/Mar/2012:10:47:35 -0700] "GET /r/1x7m HTTP/1.1" 301 257 "-" "facebookexternalhit/1.1 (+http://www.facebook.com/externalhit_uatext.php)"
69.171.247.7 - - [31/Mar/2012:10:47:35 -0700] "GET /s/ta/1x7m/ HTTP/1.1" 302 513 "-" "facebookexternalhit/1.1 (+http://www.facebook.com/externalhit_uatext.php)"
98.180.220.78 - - [31/Mar/2012:10:47:54 -0700] "GET / HTTP/1.1" 200 1430 "-" "Caffeinated/1.1.1 CFNetwork/520.3.2 Darwin/11.3.0 (x86_64) (MacBookPro8%2C1)"
98.180.220.78 - - [31/Mar/2012:10:47:54 -0700] "GET /favicon.ico HTTP/1.1" 404 142 "-" "Caffeinated/1.1.1 CFNetwork/520.3.2 Darwin/11.3.0 (x86_64) (MacBookPro8%2C1)"
117.202.137.113 - - [31/Mar/2012:10:48:17 -0700] "-" 400 0 "-" "-"
98.180.220.78 - - [31/Mar/2012:10:48:55 -0700] "GET / HTTP/1.1" 200 1430 "-" "Caffeinated/1.1.1 CFNetwork/520.3.2 Darwin/11.3.0 (x86_64) (MacBookPro8%2C1)"
98.180.220.78 - - [31/Mar/2012:10:48:55 -0700] "GET /favicon.ico HTTP/1.1" 404 142 "-" "Caffeinated/1.1.1 CFNetwork/520.3.2 Darwin/11.3.0 (x86_64) (MacBookPro8%2C1)"
85.17.88.169 - - [31/Mar/2012:10:49:11 -0700] "POST /blog/wp-cron.php?doing_wp_cron=1333215908 HTTP/1.0" 499 0 "-" "WordPress/3.3.1; http://yuvi.in/blog"
207.46.13.99 - - [31/Mar/2012:10:49:12 -0700] "GET /blog/tag/fiction/ HTTP/1.1" 200 4423 "-" "Mozilla/5.0 (compatible; bingbot/2.0; +http://www.bing.com/bingbot.htm)"
98.180.220.78 - - [31/Mar/2012:10:49:22 -0700] "GET / HTTP/1.1" 200 1430 "-" "Caffeinated/1.1.1 CFNetwork/520.3.2 Darwin/11.3.0 (x86_64) (MacBookPro8%2C1)"
98.180.220.78 - - [31/Mar/2012:10:49:22 -0700] "GET /favicon.ico HTTP/1.1" 404 142 "-" "Caffeinated/1.1.1 CFNetwork/520.3.2 Darwin/11.3.0 (x86_64) (MacBookPro8%2C1)"
202.133.58.11 - - [31/Mar/2012:10:50:15 -0700] "-" 400 0 "-" "-"
202.133.58.11 - - [31/Mar/2012:10:50:16 -0700] "-" 400 0 "-" "-"
98.180.220.78 - - [31/Mar/2012:10:50:21 -0700] "GET / HTTP/1.1" 200 1430 "-" "Caffeinated/1.1.1 CFNetwork/520.3.2 Darwin/11.3.0 (x86_64) (MacBookPro8%2C1)"
98.180.220.78 - - [31/Mar/2012:10:50:21 -0700] "GET /favicon.ico HTTP/1.1" 404 142 "-" "Caffeinated/1.1.1 CFNetwork/520.3.2 Darwin/11.3.0 (x86_64) (MacBookPro8%2C1)"
98.180.220.78 - - [31/Mar/2012:10:50:51 -0700] "GET / HTTP/1.1" 200 1430 "-" "Caffeinated/1.1.1 CFNetwork/520.3.2 Darwin/11.3.0 (x86_64) (MacBookPro8%2C1)"
98.180.220.78 - - [31/Mar/2012:10:50:51 -0700] "GET /favicon.ico HTTP/1.1" 404 142 "-" "Caffeinated/1.1.1 CFNetwork/520.3.2 Darwin/11.3.0 (x86_64) (MacBookPro8%2C1)"
98.180.220.78 - - [31/Mar/2012:10:51:48 -0700] "GET / HTTP/1.1" 200 1430 "-" "Caffeinated/1.1.1 CFNetwork/520.3.2 Darwin/11.3.0 (x86_64) (MacBookPro8%2C1)"
98.180.220.78 - - [31/Mar/2012:10:51:49 -0700] "GET /favicon.ico HTTP/1.1" 404 142 "-" "Caffeinated/1.1.1 CFNetwork/520.3.2 Darwin/11.3.0 (x86_64) (MacBookPro8%2C1)"
122.162.135.8 - - [31/Mar/2012:10:51:50 -0700] "GET /favicon.ico HTTP/1.1" 404 142 "http://prashanth-kamle.blogspot.in/" "Mozilla/5.0 (Macintosh; Intel Mac OS X 10_7_3) AppleWebKit/534.55.3 (KHTML, like Gecko) Version/5.1.5 Safari/534.55.3"
223.232.58.119 - - [31/Mar/2012:10:52:14 -0700] "-" 400 0 "-" "-"
98.180.220.78 - - [31/Mar/2012:10:52:22 -0700] "GET / HTTP/1.1" 200 1430 "-" "Caffeinated/1.1.1 CFNetwork/520.3.2 Darwin/11.3.0 (x86_64) (MacBookPro8%2C1)"
98.180.220.78 - - [31/Mar/2012:10:52:22 -0700] "GET /favicon.ico HTTP/1.1" 404 142 "-" "Caffeinated/1.1.1 CFNetwork/520.3.2 Darwin/11.3.0 (x86_64) (MacBookPro8%2C1)"
98.180.220.78 - - [31/Mar/2012:10:53:17 -0700] "GET / HTTP/1.1" 200 1430 "-" "Caffeinated/1.1.1 CFNetwork/520.3.2 Darwin/11.3.0 (x86_64) (MacBookPro8%2C1)"
98.180.220.78 - - [31/Mar/2012:10:53:17 -0700] "GET /favicon.ico HTTP/1.1" 404 142 "-" "Caffeinated/1.1.1 CFNetwork/520.3.2 Darwin/11.3.0 (x86_64) (MacBookPro8%2C1)"
98.180.220.78 - - [31/Mar/2012:10:53:50 -0700] "GET / HTTP/1.1" 200 1430 "-" "Caffeinated/1.1.1 CFNetwork/520.3.2 Darwin/11.3.0 (x86_64) (MacBookPro8%2C1)"
98.180.220.78 - - [31/Mar/2012:10:53:50 -0700] "GET /favicon.ico HTTP/1.1" 404 142 "-" "Caffeinated/1.1.1 CFNetwork/520.3.2 Darwin/11.3.0 (x86_64) (MacBookPro8%2C1)"
69.171.228.249 - - [31/Mar/2012:10:54:05 -0700] "GET /r/1nvz HTTP/1.1" 301 257 "-" "facebookexternalhit/1.1 (+http://www.facebook.com/externalhit_uatext.php)"
69.171.228.248 - - [31/Mar/2012:10:54:05 -0700] "GET /s/ta/1nvz/ HTTP/1.1" 302 365 "-" "facebookexternalhit/1.1 (+http://www.facebook.com/externalhit_uatext.php)"
85.17.88.169 - - [31/Mar/2012:10:54:14 -0700] "POST /blog/wp-cron.php?doing_wp_cron=1333216211 HTTP/1.0" 499 0 "-" "WordPress/3.3.1; http://yuvi.in/blog"
209.85.224.95 - - [31/Mar/2012:10:54:15 -0700] "GET /blog/feed HTTP/1.1" 304 0 "-" "FeedBurner/1.0 (http://www.FeedBurner.com)"
117.195.133.164 - - [31/Mar/2012:10:54:39 -0700] "-" 400 0 "-" "-"
98.180.220.78 - - [31/Mar/2012:10:54:45 -0700] "GET / HTTP/1.1" 200 1430 "-" "Caffeinated/1.1.1 CFNetwork/520.3.2 Darwin/11.3.0 (x86_64) (MacBookPro8%2C1)"
98.180.220.78 - - [31/Mar/2012:10:54:45 -0700] "GET /favicon.ico HTTP/1.1" 404 142 "-" "Caffeinated/1.1.1 CFNetwork/520.3.2 Darwin/11.3.0 (x86_64) (MacBookPro8%2C1)"
75.131.206.131 - - [31/Mar/2012:10:55:17 -0700] "GET / HTTP/1.1" 200 1430 "-" "Reeder/1.5.5 CFNetwork/548.1.4 Darwin/11.0.0"
75.131.206.131 - - [31/Mar/2012:10:55:17 -0700] "GET /favicon.ico HTTP/1.1" 404 142 "-" "Reeder/1.5.5 CFNetwork/548.1.4 Darwin/11.0.0"
75.131.206.131 - - [31/Mar/2012:10:55:17 -0700] "GET /apple-touch-icon.png HTTP/1.1" 404 142 "-" "Reeder/1.5.5 CFNetwork/548.1.4 Darwin/11.0.0"
75.131.206.131 - - [31/Mar/2012:10:55:17 -0700] "GET /apple-touch-icon-precomposed.png HTTP/1.1" 404 142 "-" "Reeder/1.5.5 CFNetwork/548.1.4 Darwin/11.0.0"
98.180.220.78 - - [31/Mar/2012:10:55:18 -0700] "GET / HTTP/1.1" 200 1430 "-" "Caffeinated/1.1.1 CFNetwork/520.3.2 Darwin/11.3.0 (x86_64) (MacBookPro8%2C1)"
98.180.220.78 - - [31/Mar/2012:10:55:18 -0700] "GET /favicon.ico HTTP/1.1" 404 142 "-" "Caffeinated/1.1.1 CFNetwork/520.3.2 Darwin/11.3.0 (x86_64) (MacBookPro8%2C1)"
98.180.220.78 - - [31/Mar/2012:10:56:11 -0700] "GET / HTTP/1.1" 200 1430 "-" "Caffeinated/1.1.1 CFNetwork/520.3.2 Darwin/11.3.0 (x86_64) (MacBookPro8%2C1)"
98.180.220.78 - - [31/Mar/2012:10:56:11 -0700] "GET /favicon.ico HTTP/1.1" 404 142 "-" "Caffeinated/1.1.1 CFNetwork/520.3.2 Darwin/11.3.0 (x86_64) (MacBookPro8%2C1)"
98.180.220.78 - - [31/Mar/2012:10:56:40 -0700] "GET / HTTP/1.1" 200 1430 "-" "Caffeinated/1.1.1 CFNetwork/520.3.2 Darwin/11.3.0 (x86_64) (MacBookPro8%2C1)"
98.180.220.78 - - [31/Mar/2012:10:56:40 -0700] "GET /favicon.ico HTTP/1.1" 404 142 "-" "Caffeinated/1.1.1 CFNetwork/520.3.2 Darwin/11.3.0 (x86_64) (MacBookPro8%2C1)"
98.180.220.78 - - [31/Mar/2012:10:57:39 -0700] "GET / HTTP/1.1" 200 1430 "-" "Caffeinated/1.1.1 CFNetwork/520.3.2 Darwin/11.3.0 (x86_64) (MacBookPro8%2C1)"
98.180.220.78 - - [31/Mar/2012:10:57:39 -0700] "GET /favicon.ico HTTP/1.1" 404 142 "-" "Caffeinated/1.1.1 CFNetwork/520.3.2 Darwin/11.3.0 (x86_64) (MacBookPro8%2C1)"
115.242.165.19 - - [31/Mar/2012:10:58:04 -0700] "-" 400 0 "-" "-"
117.195.133.164 - - [31/Mar/2012:10:58:09 -0700] "-" 400 0 "-" "-"
117.195.133.164 - - [31/Mar/2012:10:58:09 -0700] "-" 400 0 "-" "-"
117.195.133.164 - - [31/Mar/2012:10:58:09 -0700] "-" 400 0 "-" "-"
117.195.133.164 - - [31/Mar/2012:10:58:09 -0700] "-" 400 0 "-" "-"
117.195.133.164 - - [31/Mar/2012:10:58:09 -0700] "-" 400 0 "-" "-"
98.180.220.78 - - [31/Mar/2012:10:58:11 -0700] "GET / HTTP/1.1" 200 1430 "-" "Caffeinated/1.1.1 CFNetwork/520.3.2 Darwin/11.3.0 (x86_64) (MacBookPro8%2C1)"
98.180.220.78 - - [31/Mar/2012:10:58:11 -0700] "GET /favicon.ico HTTP/1.1" 404 142 "-" "Caffeinated/1.1.1 CFNetwork/520.3.2 Darwin/11.3.0 (x86_64) (MacBookPro8%2C1)"
122.164.186.4 - - [31/Mar/2012:10:59:02 -0700] "-" 400 0 "-" "-"
69.171.228.247 - - [31/Mar/2012:10:59:06 -0700] "GET /r/tpn HTTP/1.1" 301 255 "-" "facebookexternalhit/1.1 (+http://www.facebook.com/externalhit_uatext.php)"
69.171.228.250 - - [31/Mar/2012:10:59:06 -0700] "GET /s/ta/tpn/ HTTP/1.1" 302 265 "-" "facebookexternalhit/1.1 (+http://www.facebook.com/externalhit_uatext.php)"
98.180.220.78 - - [31/Mar/2012:10:59:08 -0700] "GET / HTTP/1.1" 200 1430 "-" "Caffeinated/1.1.1 CFNetwork/520.3.2 Darwin/11.3.0 (x86_64) (MacBookPro8%2C1)"
98.180.220.78 - - [31/Mar/2012:10:59:08 -0700] "GET /favicon.ico HTTP/1.1" 404 142 "-" "Caffeinated/1.1.1 CFNetwork/520.3.2 Darwin/11.3.0 (x86_64) (MacBookPro8%2C1)"
66.220.158.245 - - [31/Mar/2012:10:59:34 -0700] "GET /r/1x7m HTTP/1.1" 301 257 "-" "facebookexternalhit/1.1 (+http://www.facebook.com/externalhit_uatext.php)"
66.220.158.244 - - [31/Mar/2012:10:59:34 -0700] "GET /s/ta/1x7m/ HTTP/1.1" 302 513 "-" "facebookexternalhit/1.1 (+http://www.facebook.com/externalhit_uatext.php)"
117.193.229.50 - - [31/Mar/2012:10:59:34 -0700] "-" 400 0 "-" "-"
117.193.229.50 - - [31/Mar/2012:10:59:34 -0700] "-" 400 0 "-" "-"
98.180.220.78 - - [31/Mar/2012:10:59:38 -0700] "GET / HTTP/1.1" 200 1430 "-" "Caffeinated/1.1.1 CFNetwork/520.3.2 Darwin/11.3.0 (x86_64) (MacBookPro8%2C1)"
98.180.220.78 - - [31/Mar/2012:10:59:38 -0700] "GET /favicon.ico HTTP/1.1" 404 142 "-" "Caffeinated/1.1.1 CFNetwork/520.3.2 Darwin/11.3.0 (x86_64) (MacBookPro8%2C1)"
122.164.186.4 - - [31/Mar/2012:11:00:32 -0700] "-" 400 0 "-" "-"
98.180.220.78 - - [31/Mar/2012:11:00:38 -0700] "GET / HTTP/1.1" 200 1430 "-" "Caffeinated/1.1.1 CFNetwork/520.3.2 Darwin/11.3.0 (x86_64) (MacBookPro8%2C1)"
98.180.220.78 - - [31/Mar/2012:11:00:38 -0700] "GET /favicon.ico HTTP/1.1" 404 142 "-" "Caffeinated/1.1.1 CFNetwork/520.3.2 Darwin/11.3.0 (x86_64) (MacBookPro8%2C1)"
98.180.220.78 - - [31/Mar/2012:11:01:04 -0700] "GET / HTTP/1.1" 200 1430 "-" "Caffeinated/1.1.1 CFNetwork/520.3.2 Darwin/11.3.0 (x86_64) (MacBookPro8%2C1)"
98.180.220.78 - - [31/Mar/2012:11:01:04 -0700] "GET /favicon.ico HTTP/1.1" 404 142 "-" "Caffeinated/1.1.1 CFNetwork/520.3.2 Darwin/11.3.0 (x86_64) (MacBookPro8%2C1)"
98.180.220.78 - - [31/Mar/2012:11:02:02 -0700] "GET / HTTP/1.1" 200 1430 "-" "Caffeinated/1.1.1 CFNetwork/520.3.2 Darwin/11.3.0 (x86_64) (MacBookPro8%2C1)"
98.180.220.78 - - [31/Mar/2012:11:02:03 -0700] "GET /favicon.ico HTTP/1.1" 404 142 "-" "Caffeinated/1.1.1 CFNetwork/520.3.2 Darwin/11.3.0 (x86_64) (MacBookPro8%2C1)"
98.180.220.78 - - [31/Mar/2012:11:02:29 -0700] "GET / HTTP/1.1" 200 1430 "-" "Caffeinated/1.1.1 CFNetwork/520.3.2 Darwin/11.3.0 (x86_64) (MacBookPro8%2C1)"
98.180.220.78 - - [31/Mar/2012:11:02:29 -0700] "GET /favicon.ico HTTP/1.1" 404 142 "-" "Caffeinated/1.1.1 CFNetwork/520.3.2 Darwin/11.3.0 (x86_64) (MacBookPro8%2C1)"
98.180.220.78 - - [31/Mar/2012:11:03:31 -0700] "GET / HTTP/1.1" 200 1430 "-" "Caffeinated/1.1.1 CFNetwork/520.3.2 Darwin/11.3.0 (x86_64) (MacBookPro8%2C1)"
98.180.220.78 - - [31/Mar/2012:11:03:31 -0700] "GET /favicon.ico HTTP/1.1" 404 142 "-" "Caffeinated/1.1.1 CFNetwork/520.3.2 Darwin/11.3.0 (x86_64) (MacBookPro8%2C1)"
98.180.220.78 - - [31/Mar/2012:11:03:59 -0700] "GET / HTTP/1.1" 200 1430 "-" "Caffeinated/1.1.1 CFNetwork/520.3.2 Darwin/11.3.0 (x86_64) (MacBookPro8%2C1)"
98.180.220.78 - - [31/Mar/2012:11:03:59 -0700] "GET /favicon.ico HTTP/1.1" 404 142 "-" "Caffeinated/1.1.1 CFNetwork/520.3.2 Darwin/11.3.0 (x86_64) (MacBookPro8%2C1)"
85.17.88.169 - - [31/Mar/2012:11:04:24 -0700] "POST /blog/wp-cron.php?doing_wp_cron=1333216821 HTTP/1.0" 499 0 "-" "WordPress/3.3.1; http://yuvi.in/blog"
208.115.113.84 - - [31/Mar/2012:11:04:25 -0700] "GET /blog/2009/10/ HTTP/1.1" 200 32877 "-" "Mozilla/5.0 (compatible; Ezooms/1.0; ezooms.bot@gmail.com)"
85.17.88.169 - - [31/Mar/2012:11:04:31 -0700] "POST /blog/wp-cron.php?doing_wp_cron=1333216828 HTTP/1.0" 499 0 "-" "WordPress/3.3.1; http://yuvi.in/blog"
208.115.113.84 - - [31/Mar/2012:11:04:32 -0700] "GET /blog/page/7/ HTTP/1.1" 200 39681 "-" "Mozilla/5.0 (compatible; Ezooms/1.0; ezooms.bot@gmail.com)"
208.115.113.84 - - [31/Mar/2012:11:04:36 -0700] "GET /blog/tag/geekery.html HTTP/1.1" 200 6707 "-" "Mozilla/5.0 (compatible; Ezooms/1.0; ezooms.bot@gmail.com)"
85.17.88.169 - - [31/Mar/2012:11:04:40 -0700] "POST /blog/wp-cron.php?doing_wp_cron=1333216836 HTTP/1.0" 499 0 "-" "WordPress/3.3.1; http://yuvi.in/blog"
208.115.113.84 - - [31/Mar/2012:11:04:40 -0700] "GET /blog/tag/what-i-learnt.html HTTP/1.1" 200 8505 "-" "Mozilla/5.0 (compatible; Ezooms/1.0; ezooms.bot@gmail.com)"
208.115.113.84 - - [31/Mar/2012:11:04:40 -0700] "GET /blog/tag/rant/ HTTP/1.1" 200 31084 "-" "Mozilla/5.0 (compatible; Ezooms/1.0; ezooms.bot@gmail.com)"
98.180.220.78 - - [31/Mar/2012:11:04:58 -0700] "GET / HTTP/1.1" 200 1430 "-" "Caffeinated/1.1.1 CFNetwork/520.3.2 Darwin/11.3.0 (x86_64) (MacBookPro8%2C1)"
98.180.220.78 - - [31/Mar/2012:11:04:58 -0700] "GET /favicon.ico HTTP/1.1" 404 142 "-" "Caffeinated/1.1.1 CFNetwork/520.3.2 Darwin/11.3.0 (x86_64) (MacBookPro8%2C1)"
117.193.31.199 - - [31/Mar/2012:11:05:02 -0700] "-" 400 0 "-" "-"
117.193.31.199 - - [31/Mar/2012:11:05:02 -0700] "-" 400 0 "-" "-"
117.193.31.199 - - [31/Mar/2012:11:05:02 -0700] "-" 400 0 "-" "-"
117.193.31.199 - - [31/Mar/2012:11:05:02 -0700] "-" 400 0 "-" "-"
98.180.220.78 - - [31/Mar/2012:11:05:25 -0700] "GET / HTTP/1.1" 200 1430 "-" "Caffeinated/1.1.1 CFNetwork/520.3.2 Darwin/11.3.0 (x86_64) (MacBookPro8%2C1)"
98.180.220.78 - - [31/Mar/2012:11:05:25 -0700] "GET /favicon.ico HTTP/1.1" 404 142 "-" "Caffeinated/1.1.1 CFNetwork/520.3.2 Darwin/11.3.0 (x86_64) (MacBookPro8%2C1)"
117.195.133.164 - - [31/Mar/2012:11:05:29 -0700] "-" 400 0 "-" "-"
117.195.133.164 - - [31/Mar/2012:11:05:29 -0700] "-" 400 0 "-" "-"
85.17.88.169 - - [31/Mar/2012:11:05:41 -0700] "POST /blog/wp-cron.php?doing_wp_cron=1333216898 HTTP/1.0" 499 0 "-" "WordPress/3.3.1; http://yuvi.in/blog"
65.52.109.146 - - [31/Mar/2012:11:05:42 -0700] "GET /blog/broke-nonexistent-law/feed/ HTTP/1.1" 200 3730 "-" "Mozilla/5.0 (compatible; bingbot/2.0; +http://www.bing.com/bingbot.htm)"
117.195.133.164 - - [31/Mar/2012:11:06:19 -0700] "-" 400 0 "-" "-"
98.180.220.78 - - [31/Mar/2012:11:06:25 -0700] "GET / HTTP/1.1" 200 1430 "-" "Caffeinated/1.1.1 CFNetwork/520.3.2 Darwin/11.3.0 (x86_64) (MacBookPro8%2C1)"
98.180.220.78 - - [31/Mar/2012:11:06:25 -0700] "GET /favicon.ico HTTP/1.1" 404 142 "-" "Caffeinated/1.1.1 CFNetwork/520.3.2 Darwin/11.3.0 (x86_64) (MacBookPro8%2C1)"
117.227.5.86 - - [31/Mar/2012:11:06:28 -0700] "-" 400 0 "-" "-"
85.17.88.169 - - [31/Mar/2012:11:06:29 -0700] "POST /blog/wp-cron.php?doing_wp_cron=1333216946 HTTP/1.0" 499 0 "-" "WordPress/3.3.1; http://yuvi.in/blog"
101.226.33.174 - - [31/Mar/2012:11:06:29 -0700] "GET /blog/feed HTTP/1.0" 304 0 "-" "Mozilla/4.0 (compatible; Windows;)"
98.180.220.78 - - [31/Mar/2012:11:06:52 -0700] "GET / HTTP/1.1" 200 1430 "-" "Caffeinated/1.1.1 CFNetwork/520.3.2 Darwin/11.3.0 (x86_64) (MacBookPro8%2C1)"
98.180.220.78 - - [31/Mar/2012:11:06:52 -0700] "GET /favicon.ico HTTP/1.1" 404 142 "-" "Caffeinated/1.1.1 CFNetwork/520.3.2 Darwin/11.3.0 (x86_64) (MacBookPro8%2C1)"
188.155.167.73 - - [31/Mar/2012:11:07:01 -0700] "-" 400 0 "-" "-"
188.155.167.73 - - [31/Mar/2012:11:07:01 -0700] "-" 400 0 "-" "-"
122.174.94.29 - - [31/Mar/2012:11:07:16 -0700] "-" 400 0 "-" "-"
98.180.220.78 - - [31/Mar/2012:11:07:52 -0700] "GET / HTTP/1.1" 200 1430 "-" "Caffeinated/1.1.1 CFNetwork/520.3.2 Darwin/11.3.0 (x86_64) (MacBookPro8%2C1)"
98.180.220.78 - - [31/Mar/2012:11:07:52 -0700] "GET /favicon.ico HTTP/1.1" 404 142 "-" "Caffeinated/1.1.1 CFNetwork/520.3.2 Darwin/11.3.0 (x86_64) (MacBookPro8%2C1)"
66.220.149.247 - - [31/Mar/2012:11:08:05 -0700] "GET /r/1x7m HTTP/1.1" 301 257 "-" "facebookexternalhit/1.1 (+http://www.facebook.com/externalhit_uatext.php)"
66.220.149.248 - - [31/Mar/2012:11:08:05 -0700] "GET /s/ta/1x7m/ HTTP/1.1" 302 513 "-" "facebookexternalhit/1.1 (+http://www.facebook.com/externalhit_uatext.php)"
69.171.229.251 - - [31/Mar/2012:11:08:12 -0700] "GET /r/tpn HTTP/1.1" 301 255 "-" "facebookexternalhit/1.1 (+http://www.facebook.com/externalhit_uatext.php)"
69.171.229.246 - - [31/Mar/2012:11:08:12 -0700] "GET /s/ta/tpn/ HTTP/1.1" 302 265 "-" "facebookexternalhit/1.1 (+http://www.facebook.com/externalhit_uatext.php)"
98.180.220.78 - - [31/Mar/2012:11:08:19 -0700] "GET / HTTP/1.1" 200 1430 "-" "Caffeinated/1.1.1 CFNetwork/520.3.2 Darwin/11.3.0 (x86_64) (MacBookPro8%2C1)"
98.180.220.78 - - [31/Mar/2012:11:08:19 -0700] "GET /favicon.ico HTTP/1.1" 404 142 "-" "Caffeinated/1.1.1 CFNetwork/520.3.2 Darwin/11.3.0 (x86_64) (MacBookPro8%2C1)"
117.195.133.164 - - [31/Mar/2012:11:08:29 -0700] "-" 400 0 "-" "-"
66.249.73.27 - - [31/Mar/2012:11:08:39 -0700] "GET /robots.txt HTTP/1.1" 404 142 "-" "Mozilla/5.0 (compatible; Googlebot/2.1; +http://www.google.com/bot.html)"
85.17.88.169 - - [31/Mar/2012:11:08:41 -0700] "POST /blog/wp-cron.php?doing_wp_cron=1333217077 HTTP/1.0" 499 0 "-" "WordPress/3.3.1; http://yuvi.in/blog"
66.249.73.27 - - [31/Mar/2012:11:08:41 -0700] "GET /blog/theMarianStar/Selvi.pdf HTTP/1.1" 404 3016 "-" "Googlebot/2.1 (+http://www.google.com/bot.html)"
98.180.220.78 - - [31/Mar/2012:11:09:18 -0700] "GET / HTTP/1.1" 200 1430 "-" "Caffeinated/1.1.1 CFNetwork/520.3.2 Darwin/11.3.0 (x86_64) (MacBookPro8%2C1)"
98.180.220.78 - - [31/Mar/2012:11:09:18 -0700] "GET /favicon.ico HTTP/1.1" 404 142 "-" "Caffeinated/1.1.1 CFNetwork/520.3.2 Darwin/11.3.0 (x86_64) (MacBookPro8%2C1)"
213.186.127.13 - - [31/Mar/2012:11:10:00 -0700] "GET /s/ta/gt1/ HTTP/1.1" 302 693 "-" "Mozilla/5.0 (compatible; AhrefsBot/2.0; +http://ahrefs.com/robot/)"
98.180.220.78 - - [31/Mar/2012:11:10:02 -0700] "GET / HTTP/1.1" 200 1430 "-" "Caffeinated/1.1.1 CFNetwork/520.3.2 Darwin/11.3.0 (x86_64) (MacBookPro8%2C1)"
98.180.220.78 - - [31/Mar/2012:11:10:03 -0700] "GET /favicon.ico HTTP/1.1" 404 142 "-" "Caffeinated/1.1.1 CFNetwork/520.3.2 Darwin/11.3.0 (x86_64) (MacBookPro8%2C1)"
98.180.220.78 - - [31/Mar/2012:11:10:54 -0700] "GET / HTTP/1.1" 200 1430 "-" "Caffeinated/1.1.1 CFNetwork/520.3.2 Darwin/11.3.0 (x86_64) (MacBookPro8%2C1)"
98.180.220.78 - - [31/Mar/2012:11:10:54 -0700] "GET /favicon.ico HTTP/1.1" 404 142 "-" "Caffeinated/1.1.1 CFNetwork/520.3.2 Darwin/11.3.0 (x86_64) (MacBookPro8%2C1)"
98.180.220.78 - - [31/Mar/2012:11:11:29 -0700] "GET / HTTP/1.1" 200 1430 "-" "Caffeinated/1.1.1 CFNetwork/520.3.2 Darwin/11.3.0 (x86_64) (MacBookPro8%2C1)"
98.180.220.78 - - [31/Mar/2012:11:11:29 -0700] "GET /favicon.ico HTTP/1.1" 404 142 "-" "Caffeinated/1.1.1 CFNetwork/520.3.2 Darwin/11.3.0 (x86_64) (MacBookPro8%2C1)"
98.180.220.78 - - [31/Mar/2012:11:12:20 -0700] "GET / HTTP/1.1" 200 1430 "-" "Caffeinated/1.1.1 CFNetwork/520.3.2 Darwin/11.3.0 (x86_64) (MacBookPro8%2C1)"
98.180.220.78 - - [31/Mar/2012:11:12:21 -0700] "GET /favicon.ico HTTP/1.1" 404 142 "-" "Caffeinated/1.1.1 CFNetwork/520.3.2 Darwin/11.3.0 (x86_64) (MacBookPro8%2C1)"
98.180.220.78 - - [31/Mar/2012:11:12:52 -0700] "GET / HTTP/1.1" 200 1430 "-" "Caffeinated/1.1.1 CFNetwork/520.3.2 Darwin/11.3.0 (x86_64) (MacBookPro8%2C1)"
98.180.220.78 - - [31/Mar/2012:11:12:52 -0700] "GET /favicon.ico HTTP/1.1" 404 142 "-" "Caffeinated/1.1.1 CFNetwork/520.3.2 Darwin/11.3.0 (x86_64) (MacBookPro8%2C1)"
69.171.234.4 - - [31/Mar/2012:11:13:09 -0700] "GET /r/fmf HTTP/1.1" 301 255 "-" "facebookexternalhit/1.1 (+http://www.facebook.com/externalhit_uatext.php)"
69.171.234.1 - - [31/Mar/2012:11:13:09 -0700] "GET /s/ta/fmf/ HTTP/1.1" 302 349 "-" "facebookexternalhit/1.1 (+http://www.facebook.com/externalhit_uatext.php)"
98.180.220.78 - - [31/Mar/2012:11:13:49 -0700] "GET / HTTP/1.1" 200 1430 "-" "Caffeinated/1.1.1 CFNetwork/520.3.2 Darwin/11.3.0 (x86_64) (MacBookPro8%2C1)"
98.180.220.78 - - [31/Mar/2012:11:13:49 -0700] "GET /favicon.ico HTTP/1.1" 404 142 "-" "Caffeinated/1.1.1 CFNetwork/520.3.2 Darwin/11.3.0 (x86_64) (MacBookPro8%2C1)"
98.180.220.78 - - [31/Mar/2012:11:14:17 -0700] "GET / HTTP/1.1" 200 1430 "-" "Caffeinated/1.1.1 CFNetwork/520.3.2 Darwin/11.3.0 (x86_64) (MacBookPro8%2C1)"
98.180.220.78 - - [31/Mar/2012:11:14:17 -0700] "GET /favicon.ico HTTP/1.1" 404 142 "-" "Caffeinated/1.1.1 CFNetwork/520.3.2 Darwin/11.3.0 (x86_64) (MacBookPro8%2C1)"
122.164.13.79 - - [31/Mar/2012:11:14:28 -0700] "-" 400 0 "-" "-"
85.17.88.169 - - [31/Mar/2012:11:14:45 -0700] "POST /blog/wp-cron.php?doing_wp_cron=1333217441 HTTP/1.0" 499 0 "-" "WordPress/3.3.1; http://yuvi.in/blog"
69.171.229.248 - - [31/Mar/2012:11:14:46 -0700] "GET /blog/story-average-indian-techie/ HTTP/1.1" 200 14155 "-" "facebookexternalhit/1.1 (+http://www.facebook.com/externalhit_uatext.php)"
117.193.50.225 - - [31/Mar/2012:11:15:12 -0700] "-" 400 0 "-" "-"
98.180.220.78 - - [31/Mar/2012:11:15:16 -0700] "GET / HTTP/1.1" 200 1430 "-" "Caffeinated/1.1.1 CFNetwork/520.3.2 Darwin/11.3.0 (x86_64) (MacBookPro8%2C1)"
98.180.220.78 - - [31/Mar/2012:11:15:16 -0700] "GET /favicon.ico HTTP/1.1" 404 142 "-" "Caffeinated/1.1.1 CFNetwork/520.3.2 Darwin/11.3.0 (x86_64) (MacBookPro8%2C1)"
98.180.220.78 - - [31/Mar/2012:11:15:43 -0700] "GET / HTTP/1.1" 200 1430 "-" "Caffeinated/1.1.1 CFNetwork/520.3.2 Darwin/11.3.0 (x86_64) (MacBookPro8%2C1)"
98.180.220.78 - - [31/Mar/2012:11:15:43 -0700] "GET /favicon.ico HTTP/1.1" 404 142 "-" "Caffeinated/1.1.1 CFNetwork/520.3.2 Darwin/11.3.0 (x86_64) (MacBookPro8%2C1)"
117.193.245.9 - - [31/Mar/2012:11:16:05 -0700] "-" 400 0 "-" "-"
117.193.245.9 - - [31/Mar/2012:11:16:05 -0700] "-" 400 0 "-" "-"
117.193.245.9 - - [31/Mar/2012:11:16:05 -0700] "-" 400 0 "-" "-"
117.193.245.9 - - [31/Mar/2012:11:16:05 -0700] "-" 400 0 "-" "-"
98.180.220.78 - - [31/Mar/2012:11:16:43 -0700] "GET / HTTP/1.1" 200 1430 "-" "Caffeinated/1.1.1 CFNetwork/520.3.2 Darwin/11.3.0 (x86_64) (MacBookPro8%2C1)"
