128.208.6.75 - - [20/Mar/2012:20:08:38 -0700] "GET /blog/program/ HTTP/1.0" 200 7453 "-" "Mozilla/5.0/heritrix/3.1.0 (compatible;; http://vancouver.cs.washington.edu:8080/)"
69.171.224.244 - - [20/Mar/2012:20:08:54 -0700] "GET /r/1x7m HTTP/1.1" 301 257 "-" "facebookexternalhit/1.1 (+http://www.facebook.com/externalhit_uatext.php)"
69.171.224.248 - - [20/Mar/2012:20:08:55 -0700] "GET /s/ta/1x7m/ HTTP/1.1" 302 513 "-" "facebookexternalhit/1.1 (+http://www.facebook.com/externalhit_uatext.php)"
85.17.88.169 - - [20/Mar/2012:20:10:25 -0700] "POST /blog/wp-cron.php?doing_wp_cron=1332299266 HTTP/1.0" 499 0 "-" "WordPress/3.3.1; http://yuvi.in/blog"
209.85.224.93 - - [20/Mar/2012:20:10:25 -0700] "GET /blog/feed HTTP/1.1" 304 0 "-" "FeedBurner/1.0 (http://www.FeedBurner.com)"
207.46.12.74 - - [20/Mar/2012:20:10:26 -0700] "-" 400 0 "-" "-"
207.46.12.74 - - [20/Mar/2012:20:10:33 -0700] "-" 400 0 "-" "-"
207.46.12.74 - - [20/Mar/2012:20:10:35 -0700] "-" 400 0 "-" "-"
207.46.12.74 - - [20/Mar/2012:20:10:38 -0700] "-" 400 0 "-" "-"
113.193.112.244 - - [20/Mar/2012:20:10:38 -0700] "-" 400 0 "-" "-"
113.193.112.244 - - [20/Mar/2012:20:10:38 -0700] "-" 400 0 "-" "-"
207.46.12.74 - - [20/Mar/2012:20:10:38 -0700] "-" 400 0 "-" "-"
207.46.12.74 - - [20/Mar/2012:20:10:38 -0700] "-" 400 0 "-" "-"
207.46.12.74 - - [20/Mar/2012:20:10:41 -0700] "-" 400 0 "-" "-"
207.46.12.74 - - [20/Mar/2012:20:10:42 -0700] "-" 400 0 "-" "-"
207.46.12.74 - - [20/Mar/2012:20:10:42 -0700] "-" 400 0 "-" "-"
207.46.12.74 - - [20/Mar/2012:20:10:43 -0700] "-" 400 0 "-" "-"
122.164.194.189 - - [20/Mar/2012:20:10:46 -0700] "-" 400 0 "-" "-"
207.46.12.74 - - [20/Mar/2012:20:11:18 -0700] "-" 400 0 "-" "-"
103.246.38.196 - - [20/Mar/2012:20:13:55 -0700] "GET /r/1u8 HTTP/1.1" 301 255 "-" "Mozilla/4.0 (compatible; MSIE 7.0; Windows NT 5.1; InfoPath.1; .NET CLR 2.0.50727; .NET CLR 1.1.4322; MS-RTC LM 8; .NET CLR 3.0.4506.2152; .NET CLR 3.5.30729)"
103.246.38.196 - - [20/Mar/2012:20:13:55 -0700] "GET /s/ta/1u8/ HTTP/1.1" 302 409 "-" "Mozilla/4.0 (compatible; MSIE 7.0; Windows NT 5.1; InfoPath.1; .NET CLR 2.0.50727; .NET CLR 1.1.4322; MS-RTC LM 8; .NET CLR 3.0.4506.2152; .NET CLR 3.5.30729)"
202.176.202.139 - - [20/Mar/2012:20:13:56 -0700] "GET /r/1u8 HTTP/1.1" 301 255 "http://ta.wikipedia.org/wiki/%E0%AE%87%E0%AE%B3%E0%AE%99%E0%AF%8D%E0%AE%95%E0%AF%8B%E0%AE%B5%E0%AE%9F%E0%AE%BF%E0%AE%95%E0%AE%B3%E0%AF%8D" "Mozilla/4.0 (compatible; MSIE 8.0; Windows NT 6.1; Trident/4.0; MathPlayer 2.20; SLCC2; .NET CLR 2.0.50727; .NET CLR 3.5.30729; .NET CLR 3.0.30729; Media Center PC 6.0; .NET4.0C; InfoPath.3; .NET CLR 1.1.4322; .NET4.0E)"
103.246.38.196 - - [20/Mar/2012:20:13:57 -0700] "GET /s/ta/1u8 HTTP/1.1" 301 255 "-" "Mozilla/4.0 (compatible; MSIE 7.0; Windows NT 5.1; InfoPath.1; .NET CLR 2.0.50727; .NET CLR 1.1.4322; MS-RTC LM 8; .NET CLR 3.0.4506.2152; .NET CLR 3.5.30729)"
103.246.38.196 - - [20/Mar/2012:20:13:57 -0700] "GET /s/ta/1u8/ HTTP/1.1" 302 409 "-" "Mozilla/4.0 (compatible; MSIE 7.0; Windows NT 5.1; InfoPath.1; .NET CLR 2.0.50727; .NET CLR 1.1.4322; MS-RTC LM 8; .NET CLR 3.0.4506.2152; .NET CLR 3.5.30729)"
202.176.202.139 - - [20/Mar/2012:20:13:58 -0700] "GET /s/ta/1u8/ HTTP/1.1" 302 409 "http://ta.wikipedia.org/wiki/%E0%AE%87%E0%AE%B3%E0%AE%99%E0%AF%8D%E0%AE%95%E0%AF%8B%E0%AE%B5%E0%AE%9F%E0%AE%BF%E0%AE%95%E0%AE%B3%E0%AF%8D" "Mozilla/4.0 (compatible; MSIE 8.0; Windows NT 6.1; Trident/4.0; MathPlayer 2.20; SLCC2; .NET CLR 2.0.50727; .NET CLR 3.5.30729; .NET CLR 3.0.30729; Media Center PC 6.0; .NET4.0C; InfoPath.3; .NET CLR 1.1.4322; .NET4.0E)"
202.176.202.132 - - [20/Mar/2012:20:14:04 -0700] "-" 400 0 "-" "-"
69.171.234.4 - - [20/Mar/2012:20:14:48 -0700] "GET /r/1x7m HTTP/1.1" 301 257 "-" "facebookexternalhit/1.1 (+http://www.facebook.com/externalhit_uatext.php)"
69.171.234.0 - - [20/Mar/2012:20:14:48 -0700] "GET /s/ta/1x7m/ HTTP/1.1" 302 513 "-" "facebookexternalhit/1.1 (+http://www.facebook.com/externalhit_uatext.php)"
121.242.139.51 - - [20/Mar/2012:20:14:51 -0700] "-" 400 0 "-" "-"
128.208.6.75 - - [20/Mar/2012:20:17:49 -0700] "GET /blog/what-i-learnt-from-the-hackfest-at-iitm.html HTTP/1.0" 200 8807 "-" "Mozilla/5.0/heritrix/3.1.0 (compatible;; http://vancouver.cs.washington.edu:8080/)"
69.171.228.247 - - [20/Mar/2012:20:18:11 -0700] "GET /r/fmf HTTP/1.1" 301 255 "-" "facebookexternalhit/1.1 (+http://www.facebook.com/externalhit_uatext.php)"
69.171.228.246 - - [20/Mar/2012:20:18:11 -0700] "GET /s/ta/fmf/ HTTP/1.1" 302 349 "-" "facebookexternalhit/1.1 (+http://www.facebook.com/externalhit_uatext.php)"
209.85.224.90 - - [20/Mar/2012:20:23:35 -0700] "GET /stories/feed HTTP/1.1" 200 13653 "-" "FeedBurner/1.0 (http://www.FeedBurner.com)"
66.219.58.42 - - [20/Mar/2012:20:23:57 -0700] "GET /robots.txt HTTP/1.1" 404 142 "-" "MLBot (www.metadatalabs.com/mlbot)"
66.219.58.42 - - [20/Mar/2012:20:23:57 -0700] "GET / HTTP/1.1" 200 1430 "-" "MLBot (www.metadatalabs.com/mlbot)"
98.139.241.242 - - [20/Mar/2012:20:26:40 -0700] "GET / HTTP/1.1" 200 3439 "-" "Mozilla/5.0 (Series40; NokiaX2-01/08.63; Profile/MIDP-2.1 Configuration/CLDC-1.1) Gecko/20100401 S40OviBrowser/1.0.0.9.17.2"
98.139.241.242 - - [20/Mar/2012:20:26:40 -0700] "GET /favicon.ico HTTP/1.1" 404 169 "-" "Mozilla/5.0 (Series40; NokiaX2-01/08.63; Profile/MIDP-2.1 Configuration/CLDC-1.1) Gecko/20100401 S40OviBrowser/1.0.0.9.17.2"
193.200.241.28 - - [20/Mar/2012:20:27:29 -0700] "GET / HTTP/1.0" 200 3439 "-" "-"
123.201.56.159 - - [20/Mar/2012:20:28:29 -0700] "-" 400 0 "-" "-"
141.0.8.46 - - [20/Mar/2012:20:29:12 -0700] "-" 400 0 "-" "-"
69.171.228.251 - - [20/Mar/2012:20:30:37 -0700] "GET /r/fmf HTTP/1.1" 301 255 "-" "facebookexternalhit/1.1 (+http://www.facebook.com/externalhit_uatext.php)"
69.171.228.247 - - [20/Mar/2012:20:30:37 -0700] "GET /s/ta/fmf/ HTTP/1.1" 302 349 "-" "facebookexternalhit/1.1 (+http://www.facebook.com/externalhit_uatext.php)"
77.85.219.105 - - [20/Mar/2012:20:32:46 -0700] "HEAD / HTTP/1.1" 200 0 "-" "Xenu Link Sleuth/1.3.8"
117.202.89.67 - - [20/Mar/2012:20:32:50 -0700] "-" 400 0 "-" "-"
117.202.89.67 - - [20/Mar/2012:20:33:30 -0700] "-" 400 0 "-" "-"
117.202.89.67 - - [20/Mar/2012:20:33:30 -0700] "-" 400 0 "-" "-"
117.202.89.67 - - [20/Mar/2012:20:33:30 -0700] "-" 400 0 "-" "-"
117.202.89.67 - - [20/Mar/2012:20:33:30 -0700] "-" 400 0 "-" "-"
117.202.91.11 - - [20/Mar/2012:20:33:44 -0700] "-" 400 0 "-" "-"
117.202.91.11 - - [20/Mar/2012:20:33:44 -0700] "-" 400 0 "-" "-"
66.249.68.52 - - [20/Mar/2012:20:34:43 -0700] "GET /s/ta/gx3%E0%AE%95%E0%AE%9F%E0%AF%8D%E0%AE%9F%E0%AE%B1%E0%AF%8D%E0%AE%B1/ HTTP/1.1" 502 173 "-" "Mozilla/5.0 (compatible; Googlebot/2.1; +http://www.google.com/bot.html)"
85.17.88.169 - - [20/Mar/2012:20:34:49 -0700] "POST /blog/wp-cron.php?doing_wp_cron=1332300730 HTTP/1.0" 499 0 "-" "WordPress/3.3.1; http://yuvi.in/blog"
180.76.5.61 - - [20/Mar/2012:20:34:50 -0700] "GET /blog/tag/blogging/feed/ HTTP/1.1" 200 2797 "-" "Mozilla/5.0 (compatible; Baiduspider/2.0; +http://www.baidu.com/search/spider.html)"
117.202.89.67 - - [20/Mar/2012:20:34:50 -0700] "-" 400 0 "-" "-"
117.202.89.67 - - [20/Mar/2012:20:34:50 -0700] "-" 400 0 "-" "-"
117.202.89.67 - - [20/Mar/2012:20:34:50 -0700] "-" 400 0 "-" "-"
117.202.89.67 - - [20/Mar/2012:20:34:50 -0700] "-" 400 0 "-" "-"
65.52.110.16 - - [20/Mar/2012:20:35:36 -0700] "GET /blog/webfaction-review.html HTTP/1.1" 304 0 "-" "Mozilla/5.0 (compatible; bingbot/2.0; +http://www.bing.com/bingbot.htm)"
85.17.88.169 - - [20/Mar/2012:20:35:44 -0700] "POST /blog/wp-cron.php?doing_wp_cron=1332300785 HTTP/1.0" 499 0 "-" "WordPress/3.3.1; http://yuvi.in/blog"
66.135.57.47 - - [20/Mar/2012:20:35:44 -0700] "GET /blog/my-vimrc/ HTTP/1.0" 200 16009 "-" "Mozilla/5.0 (Windows; U; Windows NT 5.1; rv:1.7.3) Gecko/20041001 Firefox/0.10.1"
85.17.88.169 - - [20/Mar/2012:20:35:47 -0700] "POST /blog/wp-cron.php?doing_wp_cron=1332300788 HTTP/1.0" 499 0 "-" "WordPress/3.3.1; http://yuvi.in/blog"
66.135.57.47 - - [20/Mar/2012:20:35:47 -0700] "GET /blog/college-drop/ HTTP/1.0" 200 18395 "-" "Mozilla/5.0 (Windows; U; Windows NT 5.1; rv:1.7.3) Gecko/20041001 Firefox/0.10.1"
85.17.88.169 - - [20/Mar/2012:20:35:49 -0700] "POST /blog/wp-cron.php?doing_wp_cron=1332300791 HTTP/1.0" 499 0 "-" "WordPress/3.3.1; http://yuvi.in/blog"
66.135.57.47 - - [20/Mar/2012:20:35:50 -0700] "GET /blog/passing-headers-proxying-nginx/ HTTP/1.0" 200 16690 "-" "Mozilla/5.0 (Windows; U; Windows NT 5.1; rv:1.7.3) Gecko/20041001 Firefox/0.10.1"
66.135.57.47 - - [20/Mar/2012:20:35:51 -0700] "GET /blog/program/ HTTP/1.0" 200 27234 "-" "Mozilla/5.0 (Windows; U; Windows NT 5.1; rv:1.7.3) Gecko/20041001 Firefox/0.10.1"
85.17.88.169 - - [20/Mar/2012:20:35:54 -0700] "POST /blog/wp-cron.php?doing_wp_cron=1332300795 HTTP/1.0" 499 0 "-" "WordPress/3.3.1; http://yuvi.in/blog"
66.135.57.47 - - [20/Mar/2012:20:35:54 -0700] "GET /blog/devlog-december-26-2011/ HTTP/1.0" 200 16694 "-" "Mozilla/5.0 (Windows; U; Windows NT 5.1; rv:1.7.3) Gecko/20041001 Firefox/0.10.1"
85.17.88.169 - - [20/Mar/2012:20:35:57 -0700] "POST /blog/wp-cron.php?doing_wp_cron=1332300798 HTTP/1.0" 499 0 "-" "WordPress/3.3.1; http://yuvi.in/blog"
66.135.57.47 - - [20/Mar/2012:20:35:57 -0700] "GET /blog/devlog-december-23-2011/ HTTP/1.0" 200 16517 "-" "Mozilla/5.0 (Windows; U; Windows NT 5.1; rv:1.7.3) Gecko/20041001 Firefox/0.10.1"
85.17.88.169 - - [20/Mar/2012:20:35:59 -0700] "POST /blog/wp-cron.php?doing_wp_cron=1332300801 HTTP/1.0" 499 0 "-" "WordPress/3.3.1; http://yuvi.in/blog"
66.135.57.47 - - [20/Mar/2012:20:36:00 -0700] "GET /blog/devlog-december-21-2011/ HTTP/1.0" 200 17121 "-" "Mozilla/5.0 (Windows; U; Windows NT 5.1; rv:1.7.3) Gecko/20041001 Firefox/0.10.1"
85.17.88.169 - - [20/Mar/2012:20:36:02 -0700] "POST /blog/wp-cron.php?doing_wp_cron=1332300804 HTTP/1.0" 499 0 "-" "WordPress/3.3.1; http://yuvi.in/blog"
66.135.57.47 - - [20/Mar/2012:20:36:03 -0700] "GET /blog/devlog-december-11-2011/ HTTP/1.0" 200 16592 "-" "Mozilla/5.0 (Windows; U; Windows NT 5.1; rv:1.7.3) Gecko/20041001 Firefox/0.10.1"
85.17.88.169 - - [20/Mar/2012:20:36:05 -0700] "POST /blog/wp-cron.php?doing_wp_cron=1332300806 HTTP/1.0" 499 0 "-" "WordPress/3.3.1; http://yuvi.in/blog"
66.135.57.47 - - [20/Mar/2012:20:36:06 -0700] "GET /blog/devlog-december-10-2011/ HTTP/1.0" 200 16387 "-" "Mozilla/5.0 (Windows; U; Windows NT 5.1; rv:1.7.3) Gecko/20041001 Firefox/0.10.1"
85.17.88.169 - - [20/Mar/2012:20:36:08 -0700] "POST /blog/wp-cron.php?doing_wp_cron=1332300809 HTTP/1.0" 499 0 "-" "WordPress/3.3.1; http://yuvi.in/blog"
66.135.57.47 - - [20/Mar/2012:20:36:09 -0700] "GET /blog/devlog-december-7-2011/ HTTP/1.0" 200 16833 "-" "Mozilla/5.0 (Windows; U; Windows NT 5.1; rv:1.7.3) Gecko/20041001 Firefox/0.10.1"
117.202.89.67 - - [20/Mar/2012:20:37:20 -0700] "-" 400 0 "-" "-"
117.202.89.67 - - [20/Mar/2012:20:37:40 -0700] "-" 400 0 "-" "-"
117.202.89.67 - - [20/Mar/2012:20:37:40 -0700] "-" 400 0 "-" "-"
117.202.89.67 - - [20/Mar/2012:20:37:40 -0700] "-" 400 0 "-" "-"
207.46.204.163 - - [20/Mar/2012:20:37:46 -0700] "-" 400 0 "-" "-"
207.46.204.163 - - [20/Mar/2012:20:37:48 -0700] "-" 400 0 "-" "-"
207.46.204.163 - - [20/Mar/2012:20:37:48 -0700] "-" 400 0 "-" "-"
207.46.204.163 - - [20/Mar/2012:20:37:48 -0700] "-" 400 0 "-" "-"
207.46.204.163 - - [20/Mar/2012:20:37:48 -0700] "-" 400 0 "-" "-"
207.46.204.163 - - [20/Mar/2012:20:37:48 -0700] "-" 400 0 "-" "-"
207.46.204.163 - - [20/Mar/2012:20:37:49 -0700] "-" 400 0 "-" "-"
207.46.204.163 - - [20/Mar/2012:20:37:49 -0700] "-" 400 0 "-" "-"
207.46.204.163 - - [20/Mar/2012:20:37:49 -0700] "-" 400 0 "-" "-"
207.46.204.163 - - [20/Mar/2012:20:37:49 -0700] "-" 400 0 "-" "-"
117.202.89.67 - - [20/Mar/2012:20:38:57 -0700] "-" 400 0 "-" "-"
117.202.89.67 - - [20/Mar/2012:20:38:57 -0700] "-" 400 0 "-" "-"
207.46.204.169 - - [20/Mar/2012:20:39:13 -0700] "-" 400 0 "-" "-"
207.46.204.169 - - [20/Mar/2012:20:39:15 -0700] "-" 400 0 "-" "-"
207.46.204.169 - - [20/Mar/2012:20:39:15 -0700] "-" 400 0 "-" "-"
207.46.204.169 - - [20/Mar/2012:20:39:18 -0700] "-" 400 0 "-" "-"
207.46.204.169 - - [20/Mar/2012:20:39:18 -0700] "-" 400 0 "-" "-"
207.46.204.169 - - [20/Mar/2012:20:39:18 -0700] "-" 400 0 "-" "-"
207.46.204.169 - - [20/Mar/2012:20:39:18 -0700] "-" 400 0 "-" "-"
207.46.204.169 - - [20/Mar/2012:20:39:19 -0700] "-" 400 0 "-" "-"
207.46.204.169 - - [20/Mar/2012:20:39:19 -0700] "-" 400 0 "-" "-"
207.46.204.169 - - [20/Mar/2012:20:39:19 -0700] "-" 400 0 "-" "-"
85.17.88.169 - - [20/Mar/2012:20:40:37 -0700] "POST /blog/wp-cron.php?doing_wp_cron=1332301078 HTTP/1.0" 499 0 "-" "WordPress/3.3.1; http://yuvi.in/blog"
209.85.224.99 - - [20/Mar/2012:20:40:37 -0700] "GET /blog/feed HTTP/1.1" 304 0 "-" "FeedBurner/1.0 (http://www.FeedBurner.com)"
180.215.35.213 - - [20/Mar/2012:20:40:40 -0700] "GET /r/1dmu HTTP/1.1" 301 257 "http://ta.wikipedia.org/wiki/%E0%AE%87%E0%AE%AF%E0%AE%B1%E0%AF%8D%E0%AE%95%E0%AF%88_%E0%AE%B5%E0%AE%B3%E0%AE%AE%E0%AF%8D" "Mozilla/5.0 (Windows NT 5.1; rv:2.0.1) Gecko/20100101 Firefox/4.0.1"
180.215.35.213 - - [20/Mar/2012:20:40:41 -0700] "GET /s/ta/1dmu/ HTTP/1.1" 302 389 "http://ta.wikipedia.org/wiki/%E0%AE%87%E0%AE%AF%E0%AE%B1%E0%AF%8D%E0%AE%95%E0%AF%88_%E0%AE%B5%E0%AE%B3%E0%AE%AE%E0%AF%8D" "Mozilla/5.0 (Windows NT 5.1; rv:2.0.1) Gecko/20100101 Firefox/4.0.1"
66.249.68.106 - - [20/Mar/2012:20:41:34 -0700] "GET /admin/routes/route/3600/ HTTP/1.1" 404 142 "-" "Mozilla/5.0 (compatible; Googlebot/2.1; +http://www.google.com/bot.html)"
69.171.228.247 - - [20/Mar/2012:20:42:39 -0700] "GET /r/3g7 HTTP/1.1" 301 255 "-" "facebookexternalhit/1.1 (+http://www.facebook.com/externalhit_uatext.php)"
69.171.228.246 - - [20/Mar/2012:20:42:39 -0700] "GET /s/ta/3g7/ HTTP/1.1" 302 465 "-" "facebookexternalhit/1.1 (+http://www.facebook.com/externalhit_uatext.php)"
85.17.88.169 - - [20/Mar/2012:20:44:04 -0700] "POST /blog/wp-cron.php?doing_wp_cron=1332301285 HTTP/1.0" 499 0 "-" "WordPress/3.3.1; http://yuvi.in/blog"
189.68.116.106 - - [20/Mar/2012:20:44:05 -0700] "GET /blog/page/2/ HTTP/1.1" 200 76272 "-" "Mozilla/5.0 (compatible; Googlebot/2.1; +http://www.google.com/bot.html)"
69.171.229.250 - - [20/Mar/2012:20:46:09 -0700] "GET /r/3g7 HTTP/1.1" 301 255 "-" "facebookexternalhit/1.1 (+http://www.facebook.com/externalhit_uatext.php)"
69.171.229.244 - - [20/Mar/2012:20:46:09 -0700] "GET /s/ta/3g7/ HTTP/1.1" 302 465 "-" "facebookexternalhit/1.1 (+http://www.facebook.com/externalhit_uatext.php)"
207.46.12.70 - - [20/Mar/2012:20:47:44 -0700] "-" 400 0 "-" "-"
207.46.12.70 - - [20/Mar/2012:20:47:47 -0700] "-" 400 0 "-" "-"
207.46.12.70 - - [20/Mar/2012:20:47:47 -0700] "-" 400 0 "-" "-"
207.46.12.70 - - [20/Mar/2012:20:47:47 -0700] "-" 400 0 "-" "-"
207.46.12.70 - - [20/Mar/2012:20:47:47 -0700] "-" 400 0 "-" "-"
207.46.12.70 - - [20/Mar/2012:20:47:48 -0700] "-" 400 0 "-" "-"
207.46.12.70 - - [20/Mar/2012:20:47:49 -0700] "-" 400 0 "-" "-"
207.46.12.70 - - [20/Mar/2012:20:47:50 -0700] "-" 400 0 "-" "-"
207.46.12.70 - - [20/Mar/2012:20:47:50 -0700] "-" 400 0 "-" "-"
207.46.12.70 - - [20/Mar/2012:20:47:54 -0700] "-" 400 0 "-" "-"
207.46.12.70 - - [20/Mar/2012:20:48:53 -0700] "-" 400 0 "-" "-"
85.17.88.169 - - [20/Mar/2012:20:50:04 -0700] "POST /blog/wp-cron.php?doing_wp_cron=1332301645 HTTP/1.0" 499 0 "-" "WordPress/3.3.1; http://yuvi.in/blog"
201.58.207.212 - - [20/Mar/2012:20:50:04 -0700] "GET /blog/ HTTP/1.1" 200 33094 "-" "Mozilla/5.0 (compatible; Googlebot/2.1; +http://www.google.com/bot.html)"
69.171.228.251 - - [20/Mar/2012:20:50:44 -0700] "GET /r/1x7m HTTP/1.1" 301 257 "-" "facebookexternalhit/1.1 (+http://www.facebook.com/externalhit_uatext.php)"
69.171.228.250 - - [20/Mar/2012:20:50:44 -0700] "GET /s/ta/1x7m/ HTTP/1.1" 302 513 "-" "facebookexternalhit/1.1 (+http://www.facebook.com/externalhit_uatext.php)"
69.171.229.251 - - [20/Mar/2012:20:52:29 -0700] "GET /r/fmf HTTP/1.1" 301 255 "-" "facebookexternalhit/1.1 (+http://www.facebook.com/externalhit_uatext.php)"
69.171.229.250 - - [20/Mar/2012:20:52:29 -0700] "GET /s/ta/fmf/ HTTP/1.1" 302 349 "-" "facebookexternalhit/1.1 (+http://www.facebook.com/externalhit_uatext.php)"
85.17.88.169 - - [20/Mar/2012:20:53:10 -0700] "POST /blog/wp-cron.php?doing_wp_cron=1332301831 HTTP/1.0" 499 0 "-" "WordPress/3.3.1; http://yuvi.in/blog"
94.228.34.248 - - [20/Mar/2012:20:53:10 -0700] "GET /blog/ HTTP/1.1" 200 10128 "-" "magpie-crawler/1.1 (U; Linux amd64; en-GB; +http://www.brandwatch.net)"
122.174.18.43 - - [20/Mar/2012:20:56:24 -0700] "-" 400 0 "-" "-"
69.171.234.7 - - [20/Mar/2012:20:56:50 -0700] "GET /r/26ft HTTP/1.1" 301 257 "-" "facebookexternalhit/1.1 (+http://www.facebook.com/externalhit_uatext.php)"
69.171.234.2 - - [20/Mar/2012:20:56:50 -0700] "GET /s/ta/26ft/ HTTP/1.1" 302 373 "-" "facebookexternalhit/1.1 (+http://www.facebook.com/externalhit_uatext.php)"
85.17.88.169 - - [20/Mar/2012:20:58:46 -0700] "POST /blog/wp-cron.php?doing_wp_cron=1332302167 HTTP/1.0" 499 0 "-" "WordPress/3.3.1; http://yuvi.in/blog"
128.208.6.75 - - [20/Mar/2012:20:58:46 -0700] "GET /blog/tag/fiction/ HTTP/1.0" 200 4128 "-" "Mozilla/5.0/heritrix/3.1.0 (compatible;; http://vancouver.cs.washington.edu:8080/)"
208.115.113.84 - - [20/Mar/2012:20:59:05 -0700] "GET /robots.txt HTTP/1.1" 404 169 "-" "Mozilla/5.0 (compatible; Ezooms/1.0; ezooms.bot@gmail.com)"
85.17.88.169 - - [20/Mar/2012:21:00:40 -0700] "POST /blog/wp-cron.php?doing_wp_cron=1332302281 HTTP/1.0" 499 0 "-" "WordPress/3.3.1; http://yuvi.in/blog"
209.85.238.115 - - [20/Mar/2012:21:00:40 -0700] "GET /blog/feed/ HTTP/1.1" 304 0 "-" "Feedfetcher-Google; (+http://www.google.com/feedfetcher.html; 19 subscribers; feed-id=15064232456473204253)"
115.252.191.53 - - [20/Mar/2012:21:01:05 -0700] "-" 400 0 "-" "-"
115.252.191.53 - - [20/Mar/2012:21:01:05 -0700] "-" 400 0 "-" "-"
115.252.191.53 - - [20/Mar/2012:21:01:05 -0700] "-" 400 0 "-" "-"
85.17.88.169 - - [20/Mar/2012:21:01:08 -0700] "POST /blog/wp-cron.php?doing_wp_cron=1332302310 HTTP/1.0" 499 0 "-" "WordPress/3.3.1; http://yuvi.in/blog"
115.252.191.53 - - [20/Mar/2012:21:01:10 -0700] "-" 400 0 "-" "-"
209.85.238.115 - - [20/Mar/2012:21:01:12 -0700] "GET /blog/feed HTTP/1.1" 301 0 "-" "Feedfetcher-Google; (+http://www.google.com/feedfetcher.html; 3 subscribers; feed-id=17684830852112633560)"
85.17.88.169 - - [20/Mar/2012:21:01:14 -0700] "POST /blog/wp-cron.php?doing_wp_cron=1332302315 HTTP/1.0" 499 0 "-" "WordPress/3.3.1; http://yuvi.in/blog"
209.85.238.115 - - [20/Mar/2012:21:01:14 -0700] "GET /blog/feed/ HTTP/1.1" 304 0 "-" "Feedfetcher-Google; (+http://www.google.com/feedfetcher.html; 3 subscribers; feed-id=17684830852112633560)"
85.17.88.169 - - [20/Mar/2012:21:01:32 -0700] "POST /blog/wp-cron.php?doing_wp_cron=1332302333 HTTP/1.0" 499 0 "-" "WordPress/3.3.1; http://yuvi.in/blog"
180.76.5.95 - - [20/Mar/2012:21:01:33 -0700] "GET /blog/?p=28 HTTP/1.1" 301 0 "-" "Mozilla/5.0 (compatible; Baiduspider/2.0; +http://www.baidu.com/search/spider.html)"
85.17.88.169 - - [20/Mar/2012:21:01:35 -0700] "POST /blog/wp-cron.php?doing_wp_cron=1332302336 HTTP/1.0" 499 0 "-" "WordPress/3.3.1; http://yuvi.in/blog"
180.76.5.168 - - [20/Mar/2012:21:01:36 -0700] "GET /blog/how-to-increase-cheeses-burst-mode-photo-count/ HTTP/1.1" 200 4681 "-" "Mozilla/5.0 (compatible; Baiduspider/2.0; +http://www.baidu.com/search/spider.html)"
117.193.164.30 - - [20/Mar/2012:21:02:23 -0700] "-" 400 0 "-" "-"
117.193.164.30 - - [20/Mar/2012:21:02:23 -0700] "-" 400 0 "-" "-"
117.193.164.30 - - [20/Mar/2012:21:02:23 -0700] "-" 400 0 "-" "-"
117.193.164.30 - - [20/Mar/2012:21:02:23 -0700] "-" 400 0 "-" "-"
117.193.164.30 - - [20/Mar/2012:21:02:23 -0700] "-" 400 0 "-" "-"
117.193.164.30 - - [20/Mar/2012:21:02:23 -0700] "-" 400 0 "-" "-"
118.100.176.22 - - [20/Mar/2012:21:02:24 -0700] "GET /s/ta/1va/ HTTP/1.1" 302 409 "-" "Mozilla/5.0 (iPhone; CPU iPhone OS 5_1 like Mac OS X) AppleWebKit/534.46 (KHTML, like Gecko) Mobile/9B179"
117.202.90.150 - - [20/Mar/2012:21:02:33 -0700] "-" 400 0 "-" "-"
118.100.176.22 - - [20/Mar/2012:21:02:35 -0700] "GET /s/ta/23z/ HTTP/1.1" 302 397 "-" "Mozilla/5.0 (iPhone; CPU iPhone OS 5_1 like Mac OS X) AppleWebKit/534.46 (KHTML, like Gecko) Mobile/9B179"
115.118.21.144 - - [20/Mar/2012:21:02:41 -0700] "-" 400 0 "-" "-"
117.193.164.30 - - [20/Mar/2012:21:02:53 -0700] "-" 400 0 "-" "-"
117.193.164.30 - - [20/Mar/2012:21:02:53 -0700] "-" 400 0 "-" "-"
117.193.164.30 - - [20/Mar/2012:21:02:53 -0700] "-" 400 0 "-" "-"
117.193.164.30 - - [20/Mar/2012:21:02:53 -0700] "-" 400 0 "-" "-"
117.193.164.30 - - [20/Mar/2012:21:02:53 -0700] "-" 400 0 "-" "-"
117.193.164.30 - - [20/Mar/2012:21:04:33 -0700] "-" 400 0 "-" "-"
117.193.164.30 - - [20/Mar/2012:21:04:33 -0700] "-" 400 0 "-" "-"
85.17.88.169 - - [20/Mar/2012:21:05:08 -0700] "POST /blog/wp-cron.php?doing_wp_cron=1332302549 HTTP/1.0" 499 0 "-" "WordPress/3.3.1; http://yuvi.in/blog"
101.226.33.189 - - [20/Mar/2012:21:05:08 -0700] "GET /blog/feed HTTP/1.0" 304 0 "-" "Mozilla/4.0 (compatible; Windows;)"
69.171.228.248 - - [20/Mar/2012:21:05:30 -0700] "GET /r/1x7m HTTP/1.1" 301 257 "-" "facebookexternalhit/1.1 (+http://www.facebook.com/externalhit_uatext.php)"
69.171.228.245 - - [20/Mar/2012:21:05:30 -0700] "GET /s/ta/1x7m/ HTTP/1.1" 302 513 "-" "facebookexternalhit/1.1 (+http://www.facebook.com/externalhit_uatext.php)"
98.193.254.138 - - [20/Mar/2012:21:06:45 -0700] "GET /r/1fdw HTTP/1.1" 301 257 "http://ta.wikipedia.org/wiki/%E0%AE%9A%E0%AE%AE_%E0%AE%87%E0%AE%B0%E0%AE%B5%E0%AF%81_%E0%AE%A8%E0%AE%BE%E0%AE%B3%E0%AF%8D" "Mozilla/5.0 (compatible; MSIE 9.0; Windows NT 6.1; WOW64; Trident/5.0)"
98.193.254.138 - - [20/Mar/2012:21:06:45 -0700] "GET /s/ta/1fdw/ HTTP/1.1" 302 393 "http://ta.wikipedia.org/wiki/%E0%AE%9A%E0%AE%AE_%E0%AE%87%E0%AE%B0%E0%AE%B5%E0%AF%81_%E0%AE%A8%E0%AE%BE%E0%AE%B3%E0%AF%8D" "Mozilla/5.0 (compatible; MSIE 9.0; Windows NT 6.1; WOW64; Trident/5.0)"
117.202.185.77 - - [20/Mar/2012:21:07:58 -0700] "-" 400 0 "-" "-"
123.125.71.115 - - [20/Mar/2012:21:09:38 -0700] "GET /robots.txt HTTP/1.1" 404 142 "-" "Mozilla/5.0 (compatible; Baiduspider/2.0; +http://www.baidu.com/search/spider.html)"
123.125.71.60 - - [20/Mar/2012:21:09:44 -0700] "GET /robots.txt HTTP/1.1" 404 211 "-" "Mozilla/5.0 (compatible; Baiduspider/2.0; +http://www.baidu.com/search/spider.html)"
85.17.88.169 - - [20/Mar/2012:21:10:42 -0700] "POST /blog/wp-cron.php?doing_wp_cron=1332302883 HTTP/1.0" 499 0 "-" "WordPress/3.3.1; http://yuvi.in/blog"
209.85.224.92 - - [20/Mar/2012:21:10:43 -0700] "GET /blog/feed HTTP/1.1" 304 0 "-" "FeedBurner/1.0 (http://www.FeedBurner.com)"
150.70.64.198 - - [20/Mar/2012:21:13:09 -0700] "GET /blog/wp-content/themes/cleanr/js/jquery.dropdown.js?ver=3.3.1 HTTP/1.0" 200 535 "-" "Mozilla/4.0 (compatible; MSIE 6.0; Windows NT 5.1)"
150.70.64.198 - - [20/Mar/2012:21:13:10 -0700] "GET /blog/wp-includes/js/jquery/jquery.js?ver=1.7.1 HTTP/1.0" 200 93889 "-" "Mozilla/4.0 (compatible; MSIE 6.0; Windows NT 5.1)"
69.171.229.245 - - [20/Mar/2012:21:14:23 -0700] "GET /r/vpm HTTP/1.1" 301 255 "-" "facebookexternalhit/1.1 (+http://www.facebook.com/externalhit_uatext.php)"
69.171.229.245 - - [20/Mar/2012:21:14:23 -0700] "GET /s/ta/vpm/ HTTP/1.1" 302 637 "-" "facebookexternalhit/1.1 (+http://www.facebook.com/externalhit_uatext.php)"
69.171.234.4 - - [20/Mar/2012:21:15:44 -0700] "GET /r/1x7m HTTP/1.1" 301 257 "-" "facebookexternalhit/1.1 (+http://www.facebook.com/externalhit_uatext.php)"
69.171.234.5 - - [20/Mar/2012:21:15:44 -0700] "GET /s/ta/1x7m/ HTTP/1.1" 302 513 "-" "facebookexternalhit/1.1 (+http://www.facebook.com/externalhit_uatext.php)"
66.220.149.249 - - [20/Mar/2012:21:15:55 -0700] "GET /r/2x9l HTTP/1.1" 301 257 "-" "facebookexternalhit/1.1 (+http://www.facebook.com/externalhit_uatext.php)"
66.220.149.249 - - [20/Mar/2012:21:15:55 -0700] "GET /s/ta/2x9l/ HTTP/1.1" 302 583 "-" "facebookexternalhit/1.1 (+http://www.facebook.com/externalhit_uatext.php)"
66.220.149.245 - - [20/Mar/2012:21:16:06 -0700] "GET /r/2bzj HTTP/1.1" 301 257 "-" "facebookexternalhit/1.1 (+http://www.facebook.com/externalhit_uatext.php)"
66.220.149.244 - - [20/Mar/2012:21:16:06 -0700] "GET /s/ta/2bzj/ HTTP/1.1" 302 577 "-" "facebookexternalhit/1.1 (+http://www.facebook.com/externalhit_uatext.php)"
66.220.149.244 - - [20/Mar/2012:21:16:07 -0700] "GET /r/13jy HTTP/1.1" 301 257 "-" "facebookexternalhit/1.1 (+http://www.facebook.com/externalhit_uatext.php)"
66.220.149.249 - - [20/Mar/2012:21:16:07 -0700] "GET /s/ta/13jy/ HTTP/1.1" 302 361 "-" "facebookexternalhit/1.1 (+http://www.facebook.com/externalhit_uatext.php)"
74.125.126.84 - - [20/Mar/2012:21:17:06 -0700] "GET /favicon.ico HTTP/1.1" 404 142 "-" "-"
66.220.149.251 - - [20/Mar/2012:21:17:07 -0700] "GET /r/2x9l HTTP/1.1" 301 257 "-" "facebookexternalhit/1.1 (+http://www.facebook.com/externalhit_uatext.php)"
66.220.149.248 - - [20/Mar/2012:21:17:07 -0700] "GET /s/ta/2x9l/ HTTP/1.1" 302 583 "-" "facebookexternalhit/1.1 (+http://www.facebook.com/externalhit_uatext.php)"
66.220.149.251 - - [20/Mar/2012:21:17:10 -0700] "GET /r/2bzj HTTP/1.1" 301 257 "-" "facebookexternalhit/1.1 (+http://www.facebook.com/externalhit_uatext.php)"
66.220.149.246 - - [20/Mar/2012:21:17:10 -0700] "GET /s/ta/2bzj/ HTTP/1.1" 302 577 "-" "facebookexternalhit/1.1 (+http://www.facebook.com/externalhit_uatext.php)"
66.220.149.247 - - [20/Mar/2012:21:17:11 -0700] "GET /r/13jy HTTP/1.1" 301 257 "-" "facebookexternalhit/1.1 (+http://www.facebook.com/externalhit_uatext.php)"
66.220.149.245 - - [20/Mar/2012:21:17:11 -0700] "GET /s/ta/13jy/ HTTP/1.1" 302 361 "-" "facebookexternalhit/1.1 (+http://www.facebook.com/externalhit_uatext.php)"
66.249.67.123 - - [20/Mar/2012:21:18:09 -0700] "GET /robots.txt HTTP/1.1" 404 142 "-" "Mozilla/5.0 (compatible; Googlebot/2.1; +http://www.google.com/bot.html)"
66.249.67.123 - - [20/Mar/2012:21:18:10 -0700] "GET /blog/my-vimrc/ HTTP/1.1" 200 4114 "-" "Mozilla/5.0 (compatible; Googlebot/2.1; +http://www.google.com/bot.html)"
69.171.224.245 - - [20/Mar/2012:21:18:26 -0700] "GET /r/7bu HTTP/1.1" 301 255 "-" "facebookexternalhit/1.1 (+http://www.facebook.com/externalhit_uatext.php)"
69.171.224.244 - - [20/Mar/2012:21:18:26 -0700] "GET /s/ta/7bu/ HTTP/1.1" 302 337 "-" "facebookexternalhit/1.1 (+http://www.facebook.com/externalhit_uatext.php)"
74.125.17.81 - - [20/Mar/2012:21:18:31 -0700] "GET /favicon.ico HTTP/1.1" 404 142 "-" "-"
141.0.10.180 - - [20/Mar/2012:21:21:20 -0700] "GET / HTTP/1.1" 200 1430 "http://www.google.com/xhtml?q=Yuvi&client=ms-opera_mb_no&channel=bh" "Opera/9.80 (J2ME/MIDP; Opera Mini/4.1.13907/27.1350; U; en) Presto/2.8.119 Version/11.10"
141.0.10.180 - - [20/Mar/2012:21:21:20 -0700] "GET /blueprint/screen.css HTTP/1.1" 200 12058 "http://yuvi.in/" "Opera/9.80 (J2ME/MIDP; Opera Mini/4.1.13907/27.1350; U; en) Presto/2.8.119 Version/11.10"
141.0.10.180 - - [20/Mar/2012:21:21:20 -0700] "GET /blueprint/print.css HTTP/1.1" 200 1284 "http://yuvi.in/" "Opera/9.80 (J2ME/MIDP; Opera Mini/4.1.13907/27.1350; U; en) Presto/2.8.119 Version/11.10"
141.0.10.180 - - [20/Mar/2012:21:21:20 -0700] "GET /favicon.ico HTTP/1.1" 404 142 "http://yuvi.in/" "Opera/9.80 (J2ME/MIDP; Opera Mini/4.1.13907/27.1350; U; en) Presto/2.8.119 Version/11.10"
141.0.10.180 - - [20/Mar/2012:21:21:20 -0700] "GET /header.png HTTP/1.1" 200 14249 "http://yuvi.in/" "Opera/9.80 (J2ME/MIDP; Opera Mini/4.1.13907/27.1350; U; en) Presto/2.8.119 Version/11.10"
66.220.149.244 - - [20/Mar/2012:21:21:53 -0700] "GET /r/2x9l HTTP/1.1" 301 257 "-" "facebookexternalhit/1.1 (+http://www.facebook.com/externalhit_uatext.php)"
66.220.149.244 - - [20/Mar/2012:21:21:53 -0700] "GET /s/ta/2x9l/ HTTP/1.1" 302 583 "-" "facebookexternalhit/1.1 (+http://www.facebook.com/externalhit_uatext.php)"
66.220.149.249 - - [20/Mar/2012:21:21:55 -0700] "GET /r/2bzj HTTP/1.1" 301 257 "-" "facebookexternalhit/1.1 (+http://www.facebook.com/externalhit_uatext.php)"
66.220.149.248 - - [20/Mar/2012:21:21:55 -0700] "GET /s/ta/2bzj/ HTTP/1.1" 302 577 "-" "facebookexternalhit/1.1 (+http://www.facebook.com/externalhit_uatext.php)"
66.220.149.248 - - [20/Mar/2012:21:21:56 -0700] "GET /r/13jy HTTP/1.1" 301 257 "-" "facebookexternalhit/1.1 (+http://www.facebook.com/externalhit_uatext.php)"
66.220.149.250 - - [20/Mar/2012:21:21:56 -0700] "GET /s/ta/13jy/ HTTP/1.1" 302 361 "-" "facebookexternalhit/1.1 (+http://www.facebook.com/externalhit_uatext.php)"
122.164.225.229 - - [20/Mar/2012:21:22:10 -0700] "-" 400 0 "-" "-"
141.0.9.177 - - [20/Mar/2012:21:22:17 -0700] "-" 400 0 "-" "-"
122.174.42.189 - - [20/Mar/2012:21:23:12 -0700] "GET /r/2ei2 HTTP/1.1" 301 257 "http://ta.wikipedia.org/wiki/%E0%AE%9A%E0%AE%BE%E0%AE%AF%E0%AF%8D%E0%AE%A9%E0%AE%BE_%E0%AE%A8%E0%AF%87%E0%AE%B5%E0%AE%BE%E0%AE%B2%E0%AF%8D" "Mozilla/5.0 (Windows NT 5.1; rv:8.0) Gecko/20100101 Firefox/8.0"
122.174.42.189 - - [20/Mar/2012:21:23:12 -0700] "GET /s/ta/2ei2/ HTTP/1.1" 302 413 "http://ta.wikipedia.org/wiki/%E0%AE%9A%E0%AE%BE%E0%AE%AF%E0%AF%8D%E0%AE%A9%E0%AE%BE_%E0%AE%A8%E0%AF%87%E0%AE%B5%E0%AE%BE%E0%AE%B2%E0%AF%8D" "Mozilla/5.0 (Windows NT 5.1; rv:8.0) Gecko/20100101 Firefox/8.0"
122.174.42.189 - - [20/Mar/2012:21:23:17 -0700] "-" 400 0 "-" "-"
209.85.224.97 - - [20/Mar/2012:21:23:37 -0700] "GET /stories/feed HTTP/1.1" 200 13653 "-" "FeedBurner/1.0 (http://www.FeedBurner.com)"
66.220.149.246 - - [20/Mar/2012:21:24:57 -0700] "GET /r/2x9l HTTP/1.1" 301 257 "-" "facebookexternalhit/1.1 (+http://www.facebook.com/externalhit_uatext.php)"
66.220.149.246 - - [20/Mar/2012:21:24:57 -0700] "GET /s/ta/2x9l/ HTTP/1.1" 302 583 "-" "facebookexternalhit/1.1 (+http://www.facebook.com/externalhit_uatext.php)"
66.220.149.251 - - [20/Mar/2012:21:25:00 -0700] "GET /r/2bzj HTTP/1.1" 301 257 "-" "facebookexternalhit/1.1 (+http://www.facebook.com/externalhit_uatext.php)"
66.220.149.247 - - [20/Mar/2012:21:25:00 -0700] "GET /s/ta/2bzj/ HTTP/1.1" 302 577 "-" "facebookexternalhit/1.1 (+http://www.facebook.com/externalhit_uatext.php)"
66.220.149.245 - - [20/Mar/2012:21:25:01 -0700] "GET /r/13jy HTTP/1.1" 301 257 "-" "facebookexternalhit/1.1 (+http://www.facebook.com/externalhit_uatext.php)"
66.220.149.248 - - [20/Mar/2012:21:25:01 -0700] "GET /s/ta/13jy/ HTTP/1.1" 302 361 "-" "facebookexternalhit/1.1 (+http://www.facebook.com/externalhit_uatext.php)"
66.220.149.247 - - [20/Mar/2012:21:27:59 -0700] "GET /r/2x9l HTTP/1.1" 301 257 "-" "facebookexternalhit/1.1 (+http://www.facebook.com/externalhit_uatext.php)"
66.220.149.249 - - [20/Mar/2012:21:27:59 -0700] "GET /s/ta/2x9l/ HTTP/1.1" 302 583 "-" "facebookexternalhit/1.1 (+http://www.facebook.com/externalhit_uatext.php)"
66.220.149.249 - - [20/Mar/2012:21:28:01 -0700] "GET /r/2bzj HTTP/1.1" 301 257 "-" "facebookexternalhit/1.1 (+http://www.facebook.com/externalhit_uatext.php)"
66.220.149.246 - - [20/Mar/2012:21:28:01 -0700] "GET /s/ta/2bzj/ HTTP/1.1" 302 577 "-" "facebookexternalhit/1.1 (+http://www.facebook.com/externalhit_uatext.php)"
66.220.149.247 - - [20/Mar/2012:21:28:03 -0700] "GET /r/13jy HTTP/1.1" 301 257 "-" "facebookexternalhit/1.1 (+http://www.facebook.com/externalhit_uatext.php)"
66.220.149.248 - - [20/Mar/2012:21:28:03 -0700] "GET /s/ta/13jy/ HTTP/1.1" 302 361 "-" "facebookexternalhit/1.1 (+http://www.facebook.com/externalhit_uatext.php)"
117.202.176.254 - - [20/Mar/2012:21:28:58 -0700] "-" 400 0 "-" "-"
66.220.147.250 - - [20/Mar/2012:21:29:00 -0700] "GET /r/fmf HTTP/1.1" 301 255 "-" "facebookexternalhit/1.1 (+http://www.facebook.com/externalhit_uatext.php)"
66.220.147.246 - - [20/Mar/2012:21:29:00 -0700] "GET /s/ta/fmf/ HTTP/1.1" 302 349 "-" "facebookexternalhit/1.1 (+http://www.facebook.com/externalhit_uatext.php)"
122.174.8.49 - - [20/Mar/2012:21:29:29 -0700] "-" 400 0 "-" "-"
207.46.204.164 - - [20/Mar/2012:21:30:11 -0700] "-" 400 0 "-" "-"
207.46.204.164 - - [20/Mar/2012:21:30:11 -0700] "-" 400 0 "-" "-"
207.46.204.164 - - [20/Mar/2012:21:30:11 -0700] "-" 400 0 "-" "-"
207.46.204.164 - - [20/Mar/2012:21:30:12 -0700] "-" 400 0 "-" "-"
207.46.204.164 - - [20/Mar/2012:21:30:12 -0700] "-" 400 0 "-" "-"
207.46.204.164 - - [20/Mar/2012:21:30:12 -0700] "-" 400 0 "-" "-"
207.46.204.164 - - [20/Mar/2012:21:30:12 -0700] "-" 400 0 "-" "-"
207.46.204.164 - - [20/Mar/2012:21:30:12 -0700] "-" 400 0 "-" "-"
207.46.204.164 - - [20/Mar/2012:21:30:12 -0700] "-" 400 0 "-" "-"
66.220.149.244 - - [20/Mar/2012:21:31:04 -0700] "GET /r/2x9l HTTP/1.1" 301 257 "-" "facebookexternalhit/1.1 (+http://www.facebook.com/externalhit_uatext.php)"
66.220.149.250 - - [20/Mar/2012:21:31:04 -0700] "GET /s/ta/2x9l/ HTTP/1.1" 302 583 "-" "facebookexternalhit/1.1 (+http://www.facebook.com/externalhit_uatext.php)"
66.220.149.244 - - [20/Mar/2012:21:31:06 -0700] "GET /r/2bzj HTTP/1.1" 301 257 "-" "facebookexternalhit/1.1 (+http://www.facebook.com/externalhit_uatext.php)"
66.220.149.244 - - [20/Mar/2012:21:31:06 -0700] "GET /s/ta/2bzj/ HTTP/1.1" 302 577 "-" "facebookexternalhit/1.1 (+http://www.facebook.com/externalhit_uatext.php)"
66.220.149.244 - - [20/Mar/2012:21:31:07 -0700] "GET /r/13jy HTTP/1.1" 301 257 "-" "facebookexternalhit/1.1 (+http://www.facebook.com/externalhit_uatext.php)"
66.220.149.250 - - [20/Mar/2012:21:31:07 -0700] "GET /s/ta/13jy/ HTTP/1.1" 302 361 "-" "facebookexternalhit/1.1 (+http://www.facebook.com/externalhit_uatext.php)"
85.17.88.169 - - [20/Mar/2012:21:31:40 -0700] "POST /blog/wp-cron.php?doing_wp_cron=1332304141 HTTP/1.0" 499 0 "-" "WordPress/3.3.1; http://yuvi.in/blog"
180.76.6.231 - - [20/Mar/2012:21:31:40 -0700] "GET /blog/my-new-canon-550d-from-flipkart/feed/atom/ HTTP/1.1" 200 703 "-" "Mozilla/5.0 (compatible; Baiduspider/2.0; +http://www.baidu.com/search/spider.html)"
207.46.204.213 - - [20/Mar/2012:21:31:46 -0700] "-" 400 0 "-" "-"
207.46.204.213 - - [20/Mar/2012:21:31:48 -0700] "-" 400 0 "-" "-"
207.46.204.213 - - [20/Mar/2012:21:31:48 -0700] "-" 400 0 "-" "-"
207.46.204.213 - - [20/Mar/2012:21:31:49 -0700] "-" 400 0 "-" "-"
207.46.204.213 - - [20/Mar/2012:21:31:49 -0700] "-" 400 0 "-" "-"
207.46.204.213 - - [20/Mar/2012:21:31:49 -0700] "-" 400 0 "-" "-"
207.46.204.213 - - [20/Mar/2012:21:31:50 -0700] "-" 400 0 "-" "-"
207.46.204.213 - - [20/Mar/2012:21:31:50 -0700] "-" 400 0 "-" "-"
207.46.204.213 - - [20/Mar/2012:21:31:50 -0700] "-" 400 0 "-" "-"
85.17.88.169 - - [20/Mar/2012:21:32:09 -0700] "POST /blog/wp-cron.php?doing_wp_cron=1332304170 HTTP/1.0" 499 0 "-" "WordPress/3.3.1; http://yuvi.in/blog"
187.55.135.246 - - [20/Mar/2012:21:32:11 -0700] "GET /blog/story-average-indian-techie/ HTTP/1.0" 200 54169 "-" "Mozilla/5.0 (compatible; Googlebot/2.1; +http://www.google.com/bot.html)"
207.46.204.210 - - [20/Mar/2012:21:33:27 -0700] "-" 400 0 "-" "-"
207.46.204.210 - - [20/Mar/2012:21:33:36 -0700] "-" 400 0 "-" "-"
207.46.204.210 - - [20/Mar/2012:21:33:38 -0700] "-" 400 0 "-" "-"
207.46.204.210 - - [20/Mar/2012:21:33:39 -0700] "-" 400 0 "-" "-"
207.46.204.210 - - [20/Mar/2012:21:33:39 -0700] "-" 400 0 "-" "-"
207.46.204.210 - - [20/Mar/2012:21:33:39 -0700] "-" 400 0 "-" "-"
207.46.204.210 - - [20/Mar/2012:21:33:40 -0700] "-" 400 0 "-" "-"
207.46.204.210 - - [20/Mar/2012:21:33:40 -0700] "-" 400 0 "-" "-"
207.46.204.210 - - [20/Mar/2012:21:33:41 -0700] "-" 400 0 "-" "-"
207.46.204.210 - - [20/Mar/2012:21:33:41 -0700] "-" 400 0 "-" "-"
207.46.204.210 - - [20/Mar/2012:21:34:23 -0700] "-" 400 0 "-" "-"
66.220.149.251 - - [20/Mar/2012:21:37:10 -0700] "GET /r/2x9l HTTP/1.1" 301 257 "-" "facebookexternalhit/1.1 (+http://www.facebook.com/externalhit_uatext.php)"
66.220.149.249 - - [20/Mar/2012:21:37:10 -0700] "GET /s/ta/2x9l/ HTTP/1.1" 302 583 "-" "facebookexternalhit/1.1 (+http://www.facebook.com/externalhit_uatext.php)"
141.0.10.7 - - [20/Mar/2012:21:37:55 -0700] "-" 400 0 "-" "-"
66.220.149.250 - - [20/Mar/2012:21:40:10 -0700] "GET /r/2x9l HTTP/1.1" 301 257 "-" "facebookexternalhit/1.1 (+http://www.facebook.com/externalhit_uatext.php)"
66.220.149.245 - - [20/Mar/2012:21:40:10 -0700] "GET /s/ta/2x9l/ HTTP/1.1" 302 583 "-" "facebookexternalhit/1.1 (+http://www.facebook.com/externalhit_uatext.php)"
66.220.149.251 - - [20/Mar/2012:21:40:12 -0700] "GET /r/2bzj HTTP/1.1" 301 257 "-" "facebookexternalhit/1.1 (+http://www.facebook.com/externalhit_uatext.php)"
66.220.149.251 - - [20/Mar/2012:21:40:12 -0700] "GET /s/ta/2bzj/ HTTP/1.1" 302 577 "-" "facebookexternalhit/1.1 (+http://www.facebook.com/externalhit_uatext.php)"
66.220.149.244 - - [20/Mar/2012:21:40:13 -0700] "GET /r/13jy HTTP/1.1" 301 257 "-" "facebookexternalhit/1.1 (+http://www.facebook.com/externalhit_uatext.php)"
66.220.149.251 - - [20/Mar/2012:21:40:13 -0700] "GET /s/ta/13jy/ HTTP/1.1" 302 361 "-" "facebookexternalhit/1.1 (+http://www.facebook.com/externalhit_uatext.php)"
85.17.88.169 - - [20/Mar/2012:21:40:52 -0700] "POST /blog/wp-cron.php?doing_wp_cron=1332304693 HTTP/1.0" 499 0 "-" "WordPress/3.3.1; http://yuvi.in/blog"
209.85.224.86 - - [20/Mar/2012:21:40:52 -0700] "GET /blog/feed HTTP/1.1" 304 0 "-" "FeedBurner/1.0 (http://www.FeedBurner.com)"
66.220.149.246 - - [20/Mar/2012:21:43:12 -0700] "GET /r/2x9l HTTP/1.1" 301 257 "-" "facebookexternalhit/1.1 (+http://www.facebook.com/externalhit_uatext.php)"
66.220.149.248 - - [20/Mar/2012:21:43:12 -0700] "GET /s/ta/2x9l/ HTTP/1.1" 302 583 "-" "facebookexternalhit/1.1 (+http://www.facebook.com/externalhit_uatext.php)"
66.220.149.248 - - [20/Mar/2012:21:43:14 -0700] "GET /r/2bzj HTTP/1.1" 301 257 "-" "facebookexternalhit/1.1 (+http://www.facebook.com/externalhit_uatext.php)"
66.220.149.248 - - [20/Mar/2012:21:43:14 -0700] "GET /s/ta/2bzj/ HTTP/1.1" 302 577 "-" "facebookexternalhit/1.1 (+http://www.facebook.com/externalhit_uatext.php)"
66.220.149.246 - - [20/Mar/2012:21:43:16 -0700] "GET /r/13jy HTTP/1.1" 301 257 "-" "facebookexternalhit/1.1 (+http://www.facebook.com/externalhit_uatext.php)"
66.220.149.246 - - [20/Mar/2012:21:43:16 -0700] "GET /s/ta/13jy/ HTTP/1.1" 302 361 "-" "facebookexternalhit/1.1 (+http://www.facebook.com/externalhit_uatext.php)"
141.0.9.177 - - [20/Mar/2012:21:44:09 -0700] "-" 400 0 "-" "-"
66.220.149.245 - - [20/Mar/2012:21:45:03 -0700] "GET /r/1x7m HTTP/1.1" 301 257 "-" "facebookexternalhit/1.1 (+http://www.facebook.com/externalhit_uatext.php)"
66.220.149.248 - - [20/Mar/2012:21:45:04 -0700] "GET /s/ta/1x7m/ HTTP/1.1" 302 513 "-" "facebookexternalhit/1.1 (+http://www.facebook.com/externalhit_uatext.php)"
123.201.56.159 - - [20/Mar/2012:21:45:25 -0700] "-" 400 0 "-" "-"
66.220.149.246 - - [20/Mar/2012:21:46:40 -0700] "GET /r/2x9l HTTP/1.1" 301 257 "-" "facebookexternalhit/1.1 (+http://www.facebook.com/externalhit_uatext.php)"
66.220.149.248 - - [20/Mar/2012:21:46:40 -0700] "GET /s/ta/2x9l/ HTTP/1.1" 302 583 "-" "facebookexternalhit/1.1 (+http://www.facebook.com/externalhit_uatext.php)"
66.220.149.244 - - [20/Mar/2012:21:46:43 -0700] "GET /r/2bzj HTTP/1.1" 301 257 "-" "facebookexternalhit/1.1 (+http://www.facebook.com/externalhit_uatext.php)"
66.220.149.249 - - [20/Mar/2012:21:46:43 -0700] "GET /s/ta/2bzj/ HTTP/1.1" 302 577 "-" "facebookexternalhit/1.1 (+http://www.facebook.com/externalhit_uatext.php)"
66.220.149.247 - - [20/Mar/2012:21:46:44 -0700] "GET /r/13jy HTTP/1.1" 301 257 "-" "facebookexternalhit/1.1 (+http://www.facebook.com/externalhit_uatext.php)"
66.220.149.250 - - [20/Mar/2012:21:46:44 -0700] "GET /s/ta/13jy/ HTTP/1.1" 302 361 "-" "facebookexternalhit/1.1 (+http://www.facebook.com/externalhit_uatext.php)"
66.220.149.250 - - [20/Mar/2012:21:49:41 -0700] "GET /r/2x9l HTTP/1.1" 301 257 "-" "facebookexternalhit/1.1 (+http://www.facebook.com/externalhit_uatext.php)"
66.220.149.248 - - [20/Mar/2012:21:49:41 -0700] "GET /s/ta/2x9l/ HTTP/1.1" 302 583 "-" "facebookexternalhit/1.1 (+http://www.facebook.com/externalhit_uatext.php)"
66.220.149.246 - - [20/Mar/2012:21:49:44 -0700] "GET /r/2bzj HTTP/1.1" 301 257 "-" "facebookexternalhit/1.1 (+http://www.facebook.com/externalhit_uatext.php)"
66.220.149.247 - - [20/Mar/2012:21:49:44 -0700] "GET /s/ta/2bzj/ HTTP/1.1" 302 577 "-" "facebookexternalhit/1.1 (+http://www.facebook.com/externalhit_uatext.php)"
66.220.149.248 - - [20/Mar/2012:21:49:46 -0700] "GET /r/13jy HTTP/1.1" 301 257 "-" "facebookexternalhit/1.1 (+http://www.facebook.com/externalhit_uatext.php)"
66.220.149.251 - - [20/Mar/2012:21:49:46 -0700] "GET /s/ta/13jy/ HTTP/1.1" 302 361 "-" "facebookexternalhit/1.1 (+http://www.facebook.com/externalhit_uatext.php)"
69.171.242.244 - - [20/Mar/2012:21:50:50 -0700] "GET /r/1x7m HTTP/1.1" 301 257 "-" "facebookexternalhit/1.1 (+http://www.facebook.com/externalhit_uatext.php)"
69.171.242.247 - - [20/Mar/2012:21:50:50 -0700] "GET /s/ta/1x7m/ HTTP/1.1" 302 513 "-" "facebookexternalhit/1.1 (+http://www.facebook.com/externalhit_uatext.php)"
115.118.96.122 - - [20/Mar/2012:21:51:09 -0700] "-" 400 0 "-" "-"
85.17.88.169 - - [20/Mar/2012:21:51:10 -0700] "POST /blog/wp-cron.php?doing_wp_cron=1332305311 HTTP/1.0" 499 0 "-" "WordPress/3.3.1; http://yuvi.in/blog"
209.85.238.115 - - [20/Mar/2012:21:51:11 -0700] "GET /blog/feed/ HTTP/1.1" 304 0 "-" "Feedfetcher-Google; (+http://www.google.com/feedfetcher.html; 19 subscribers; feed-id=15064232456473204253)"
123.201.56.159 - - [20/Mar/2012:21:51:57 -0700] "-" 400 0 "-" "-"
85.17.88.169 - - [20/Mar/2012:21:51:58 -0700] "POST /blog/wp-cron.php?doing_wp_cron=1332305359 HTTP/1.0" 499 0 "-" "WordPress/3.3.1; http://yuvi.in/blog"
94.54.193.66 - - [20/Mar/2012:21:51:59 -0700] "GET /blog/program/ HTTP/1.1" 200 27136 "-" "Mozilla/5.0 (compatible; Googlebot/2.1; +http://www.google.com/bot.html)"
117.193.252.108 - - [20/Mar/2012:21:52:22 -0700] "-" 400 0 "-" "-"
66.220.149.251 - - [20/Mar/2012:21:52:47 -0700] "GET /r/2x9l HTTP/1.1" 301 257 "-" "facebookexternalhit/1.1 (+http://www.facebook.com/externalhit_uatext.php)"
66.220.149.247 - - [20/Mar/2012:21:52:47 -0700] "GET /s/ta/2x9l/ HTTP/1.1" 302 583 "-" "facebookexternalhit/1.1 (+http://www.facebook.com/externalhit_uatext.php)"
66.220.149.246 - - [20/Mar/2012:21:52:48 -0700] "GET /r/2bzj HTTP/1.1" 301 257 "-" "facebookexternalhit/1.1 (+http://www.facebook.com/externalhit_uatext.php)"
66.220.149.249 - - [20/Mar/2012:21:52:48 -0700] "GET /s/ta/2bzj/ HTTP/1.1" 302 577 "-" "facebookexternalhit/1.1 (+http://www.facebook.com/externalhit_uatext.php)"
66.220.149.248 - - [20/Mar/2012:21:52:49 -0700] "GET /r/13jy HTTP/1.1" 301 257 "-" "facebookexternalhit/1.1 (+http://www.facebook.com/externalhit_uatext.php)"
66.220.149.245 - - [20/Mar/2012:21:52:49 -0700] "GET /s/ta/13jy/ HTTP/1.1" 302 361 "-" "facebookexternalhit/1.1 (+http://www.facebook.com/externalhit_uatext.php)"
69.171.228.245 - - [20/Mar/2012:21:55:23 -0700] "GET /r/1x7m HTTP/1.1" 301 257 "-" "facebookexternalhit/1.1 (+http://www.facebook.com/externalhit_uatext.php)"
69.171.228.250 - - [20/Mar/2012:21:55:23 -0700] "GET /s/ta/1x7m/ HTTP/1.1" 302 513 "-" "facebookexternalhit/1.1 (+http://www.facebook.com/externalhit_uatext.php)"
66.220.149.249 - - [20/Mar/2012:21:55:57 -0700] "GET /r/2x9l HTTP/1.1" 301 257 "-" "facebookexternalhit/1.1 (+http://www.facebook.com/externalhit_uatext.php)"
66.220.149.248 - - [20/Mar/2012:21:55:57 -0700] "GET /s/ta/2x9l/ HTTP/1.1" 302 583 "-" "facebookexternalhit/1.1 (+http://www.facebook.com/externalhit_uatext.php)"
66.220.149.247 - - [20/Mar/2012:21:55:59 -0700] "GET /r/2bzj HTTP/1.1" 301 257 "-" "facebookexternalhit/1.1 (+http://www.facebook.com/externalhit_uatext.php)"
66.220.149.246 - - [20/Mar/2012:21:55:59 -0700] "GET /s/ta/2bzj/ HTTP/1.1" 302 577 "-" "facebookexternalhit/1.1 (+http://www.facebook.com/externalhit_uatext.php)"
66.220.149.247 - - [20/Mar/2012:21:56:00 -0700] "GET /r/13jy HTTP/1.1" 301 257 "-" "facebookexternalhit/1.1 (+http://www.facebook.com/externalhit_uatext.php)"
66.220.149.246 - - [20/Mar/2012:21:56:00 -0700] "GET /s/ta/13jy/ HTTP/1.1" 302 361 "-" "facebookexternalhit/1.1 (+http://www.facebook.com/externalhit_uatext.php)"
69.171.234.6 - - [20/Mar/2012:21:56:01 -0700] "GET /r/p3f HTTP/1.1" 301 255 "-" "facebookexternalhit/1.1 (+http://www.facebook.com/externalhit_uatext.php)"
69.171.234.4 - - [20/Mar/2012:21:56:02 -0700] "GET /s/ta/p3f/ HTTP/1.1" 302 425 "-" "facebookexternalhit/1.1 (+http://www.facebook.com/externalhit_uatext.php)"
122.174.21.174 - - [20/Mar/2012:21:56:05 -0700] "GET /r/2ngm HTTP/1.1" 301 257 "http://ta.wikipedia.org/wiki/%E0%AE%95%E0%AE%99%E0%AF%8D%E0%AE%95%E0%AF%88_%E0%AE%85%E0%AE%AE%E0%AE%B0%E0%AE%A9%E0%AF%8D" "Mozilla/5.0 (Windows NT 6.1; WOW64) AppleWebKit/535.11 (KHTML, like Gecko) Chrome/17.0.963.79 Safari/535.11"
122.174.21.174 - - [20/Mar/2012:21:56:06 -0700] "GET /s/ta/2ngm/ HTTP/1.1" 302 389 "http://ta.wikipedia.org/wiki/%E0%AE%95%E0%AE%99%E0%AF%8D%E0%AE%95%E0%AF%88_%E0%AE%85%E0%AE%AE%E0%AE%B0%E0%AE%A9%E0%AF%8D" "Mozilla/5.0 (Windows NT 6.1; WOW64) AppleWebKit/535.11 (KHTML, like Gecko) Chrome/17.0.963.79 Safari/535.11"
122.174.21.174 - - [20/Mar/2012:21:56:21 -0700] "-" 400 0 "-" "-"
85.17.88.169 - - [20/Mar/2012:21:56:39 -0700] "POST /blog/wp-cron.php?doing_wp_cron=1332305640 HTTP/1.0" 499 0 "-" "WordPress/3.3.1; http://yuvi.in/blog"
209.85.238.115 - - [20/Mar/2012:21:56:39 -0700] "GET /blog/feed HTTP/1.1" 301 0 "-" "Feedfetcher-Google; (+http://www.google.com/feedfetcher.html; 3 subscribers; feed-id=17684830852112633560)"
85.17.88.169 - - [20/Mar/2012:21:56:41 -0700] "POST /blog/wp-cron.php?doing_wp_cron=1332305642 HTTP/1.0" 499 0 "-" "WordPress/3.3.1; http://yuvi.in/blog"
209.85.238.115 - - [20/Mar/2012:21:56:42 -0700] "GET /blog/feed/ HTTP/1.1" 304 0 "-" "Feedfetcher-Google; (+http://www.google.com/feedfetcher.html; 3 subscribers; feed-id=17684830852112633560)"
69.171.229.245 - - [20/Mar/2012:21:57:34 -0700] "GET /r/1x7m HTTP/1.1" 301 257 "-" "facebookexternalhit/1.1 (+http://www.facebook.com/externalhit_uatext.php)"
69.171.229.247 - - [20/Mar/2012:21:57:34 -0700] "GET /s/ta/1x7m/ HTTP/1.1" 302 513 "-" "facebookexternalhit/1.1 (+http://www.facebook.com/externalhit_uatext.php)"
66.220.149.245 - - [20/Mar/2012:21:59:05 -0700] "GET /r/2x9l HTTP/1.1" 301 257 "-" "facebookexternalhit/1.1 (+http://www.facebook.com/externalhit_uatext.php)"
66.220.149.247 - - [20/Mar/2012:21:59:05 -0700] "GET /s/ta/2x9l/ HTTP/1.1" 302 583 "-" "facebookexternalhit/1.1 (+http://www.facebook.com/externalhit_uatext.php)"
66.220.149.250 - - [20/Mar/2012:21:59:07 -0700] "GET /r/2bzj HTTP/1.1" 301 257 "-" "facebookexternalhit/1.1 (+http://www.facebook.com/externalhit_uatext.php)"
66.220.149.246 - - [20/Mar/2012:21:59:07 -0700] "GET /s/ta/2bzj/ HTTP/1.1" 302 577 "-" "facebookexternalhit/1.1 (+http://www.facebook.com/externalhit_uatext.php)"
66.220.149.247 - - [20/Mar/2012:21:59:09 -0700] "GET /r/13jy HTTP/1.1" 301 257 "-" "facebookexternalhit/1.1 (+http://www.facebook.com/externalhit_uatext.php)"
66.220.149.251 - - [20/Mar/2012:21:59:09 -0700] "GET /s/ta/13jy/ HTTP/1.1" 302 361 "-" "facebookexternalhit/1.1 (+http://www.facebook.com/externalhit_uatext.php)"
66.220.149.247 - - [20/Mar/2012:22:02:10 -0700] "GET /r/2x9l HTTP/1.1" 301 257 "-" "facebookexternalhit/1.1 (+http://www.facebook.com/externalhit_uatext.php)"
66.220.149.244 - - [20/Mar/2012:22:02:10 -0700] "GET /s/ta/2x9l/ HTTP/1.1" 302 583 "-" "facebookexternalhit/1.1 (+http://www.facebook.com/externalhit_uatext.php)"
66.220.149.244 - - [20/Mar/2012:22:02:12 -0700] "GET /r/2bzj HTTP/1.1" 301 257 "-" "facebookexternalhit/1.1 (+http://www.facebook.com/externalhit_uatext.php)"
66.220.149.249 - - [20/Mar/2012:22:02:12 -0700] "GET /s/ta/2bzj/ HTTP/1.1" 302 577 "-" "facebookexternalhit/1.1 (+http://www.facebook.com/externalhit_uatext.php)"
66.220.149.244 - - [20/Mar/2012:22:02:13 -0700] "GET /r/13jy HTTP/1.1" 301 257 "-" "facebookexternalhit/1.1 (+http://www.facebook.com/externalhit_uatext.php)"
66.220.149.247 - - [20/Mar/2012:22:02:13 -0700] "GET /s/ta/13jy/ HTTP/1.1" 302 361 "-" "facebookexternalhit/1.1 (+http://www.facebook.com/externalhit_uatext.php)"
122.164.158.188 - - [20/Mar/2012:22:02:22 -0700] "-" 400 0 "-" "-"
66.220.149.245 - - [20/Mar/2012:22:04:21 -0700] "GET /r/1x7m HTTP/1.1" 301 257 "-" "facebookexternalhit/1.1 (+http://www.facebook.com/externalhit_uatext.php)"
66.220.149.251 - - [20/Mar/2012:22:04:21 -0700] "GET /s/ta/1x7m/ HTTP/1.1" 302 513 "-" "facebookexternalhit/1.1 (+http://www.facebook.com/externalhit_uatext.php)"
69.171.224.245 - - [20/Mar/2012:22:04:46 -0700] "GET /r/fmf HTTP/1.1" 301 255 "-" "facebookexternalhit/1.1 (+http://www.facebook.com/externalhit_uatext.php)"
69.171.224.247 - - [20/Mar/2012:22:04:46 -0700] "GET /s/ta/fmf/ HTTP/1.1" 302 349 "-" "facebookexternalhit/1.1 (+http://www.facebook.com/externalhit_uatext.php)"
69.171.224.251 - - [20/Mar/2012:22:05:47 -0700] "GET /r/1x7m HTTP/1.1" 301 257 "-" "facebookexternalhit/1.1 (+http://www.facebook.com/externalhit_uatext.php)"
69.171.224.246 - - [20/Mar/2012:22:05:47 -0700] "GET /s/ta/1x7m/ HTTP/1.1" 302 513 "-" "facebookexternalhit/1.1 (+http://www.facebook.com/externalhit_uatext.php)"
101.115.168.12 - - [20/Mar/2012:22:05:52 -0700] "GET /favicon.ico HTTP/1.1" 404 142 "-" "Mozilla/5.0 (Macintosh; U; Intel Mac OS X 10.6; en-US; rv:1.9.2.28) Gecko/20120306 Firefox/3.6.28"
69.171.234.5 - - [20/Mar/2012:22:06:50 -0700] "GET /r/1x7m HTTP/1.1" 301 257 "-" "facebookexternalhit/1.1 (+http://www.facebook.com/externalhit_uatext.php)"
69.171.234.7 - - [20/Mar/2012:22:06:50 -0700] "GET /s/ta/1x7m/ HTTP/1.1" 302 513 "-" "facebookexternalhit/1.1 (+http://www.facebook.com/externalhit_uatext.php)"
85.17.88.169 - - [20/Mar/2012:22:07:29 -0700] "POST /blog/wp-cron.php?doing_wp_cron=1332306290 HTTP/1.0" 499 0 "-" "WordPress/3.3.1; http://yuvi.in/blog"
180.76.6.29 - - [20/Mar/2012:22:07:30 -0700] "GET /blog/tag/photography/ HTTP/1.1" 200 9110 "-" "Mozilla/5.0 (compatible; Baiduspider/2.0; +http://www.baidu.com/search/spider.html)"
69.171.224.245 - - [20/Mar/2012:22:08:17 -0700] "GET /r/fmf HTTP/1.1" 301 255 "-" "facebookexternalhit/1.1 (+http://www.facebook.com/externalhit_uatext.php)"
69.171.224.246 - - [20/Mar/2012:22:08:17 -0700] "GET /s/ta/fmf/ HTTP/1.1" 302 349 "-" "facebookexternalhit/1.1 (+http://www.facebook.com/externalhit_uatext.php)"
141.0.9.87 - - [20/Mar/2012:22:08:31 -0700] "-" 400 0 "-" "-"
115.184.123.48 - - [20/Mar/2012:22:09:15 -0700] "-" 400 0 "-" "-"
27.5.113.237 - - [20/Mar/2012:22:09:31 -0700] "-" 400 0 "-" "-"
85.17.88.169 - - [20/Mar/2012:22:09:34 -0700] "POST /blog/wp-cron.php?doing_wp_cron=1332306415 HTTP/1.0" 499 0 "-" "WordPress/3.3.1; http://yuvi.in/blog"
