100.43.83.144 - - [13/Mar/2012:06:25:17 -0700] "GET /robots.txt HTTP/1.1" 404 169 "-" "Mozilla/5.0 (compatible; YandexBot/3.0; +http://yandex.com/bots)"
85.17.88.169 - - [13/Mar/2012:06:25:21 -0700] "POST /blog/wp-cron.php?doing_wp_cron=1331645023 HTTP/1.0" 499 0 "-" "WordPress/3.3.1; http://yuvi.in/blog"
100.43.83.144 - - [13/Mar/2012:06:25:21 -0700] "GET /blog/?p=366 HTTP/1.1" 301 0 "-" "Mozilla/5.0 (compatible; YandexBot/3.0; +http://yandex.com/bots)"
141.0.9.182 - - [13/Mar/2012:06:25:31 -0700] "-" 400 0 "-" "-"
122.174.9.34 - - [13/Mar/2012:06:26:18 -0700] "-" 400 0 "-" "-"
203.197.142.39 - - [13/Mar/2012:06:29:42 -0700] "GET / HTTP/1.0" 200 3439 "http://www.google.co.in/url?sa=t&rct=j&q=&esrc=s&source=web&cd=1&cts=1331645045920&ved=0CCgQFjAA&url=http%3A%2F%2Fyuvi.in%2F&ei=QUtfT_H1EoTjrAe28sGCBg&usg=AFQjCNGCp_KinRzG9gFsQqxb60Cy8lsxnA" "Mozilla/5.0 (Windows NT 5.1; rv:8.0) Gecko/20100101 Firefox/8.0"
203.197.142.39 - - [13/Mar/2012:06:29:42 -0700] "GET /blueprint/screen.css HTTP/1.0" 200 12058 "http://yuvi.in/" "Mozilla/5.0 (Windows NT 5.1; rv:8.0) Gecko/20100101 Firefox/8.0"
203.197.142.39 - - [13/Mar/2012:06:29:42 -0700] "GET /blueprint/print.css HTTP/1.0" 200 1284 "http://yuvi.in/" "Mozilla/5.0 (Windows NT 5.1; rv:8.0) Gecko/20100101 Firefox/8.0"
203.197.142.39 - - [13/Mar/2012:06:29:42 -0700] "GET /header.png HTTP/1.0" 200 14249 "http://yuvi.in/" "Mozilla/5.0 (Windows NT 5.1; rv:8.0) Gecko/20100101 Firefox/8.0"
173.208.241.226 - - [13/Mar/2012:06:30:17 -0700] "GET /robots.txt HTTP/1.0" 404 169 "-" "Mozilla/5.0 (compatible; MJ12bot/v1.4.2; http://www.majestic12.co.uk/bot.php?+)"
85.17.88.169 - - [13/Mar/2012:06:30:20 -0700] "POST /blog/wp-cron.php?doing_wp_cron=1331645322 HTTP/1.0" 499 0 "-" "WordPress/3.3.1; http://yuvi.in/blog"
173.208.241.226 - - [13/Mar/2012:06:30:21 -0700] "GET /blog/2009/06 HTTP/1.0" 301 0 "-" "Mozilla/5.0 (compatible; MJ12bot/v1.4.2; http://www.majestic12.co.uk/bot.php?+)"
85.17.88.169 - - [13/Mar/2012:06:30:24 -0700] "POST /blog/wp-cron.php?doing_wp_cron=1331645325 HTTP/1.0" 499 0 "-" "WordPress/3.3.1; http://yuvi.in/blog"
173.208.241.226 - - [13/Mar/2012:06:30:24 -0700] "GET /blog/2009/06/ HTTP/1.0" 200 27879 "-" "Mozilla/5.0 (compatible; MJ12bot/v1.4.2; http://www.majestic12.co.uk/bot.php?+)"
85.17.88.169 - - [13/Mar/2012:06:30:27 -0700] "POST /blog/wp-cron.php?doing_wp_cron=1331645329 HTTP/1.0" 499 0 "-" "WordPress/3.3.1; http://yuvi.in/blog"
173.208.241.226 - - [13/Mar/2012:06:30:28 -0700] "GET /blog/devlog-december-10-2011 HTTP/1.0" 301 0 "-" "Mozilla/5.0 (compatible; MJ12bot/v1.4.2; http://www.majestic12.co.uk/bot.php?+)"
85.17.88.169 - - [13/Mar/2012:06:30:31 -0700] "POST /blog/wp-cron.php?doing_wp_cron=1331645332 HTTP/1.0" 499 0 "-" "WordPress/3.3.1; http://yuvi.in/blog"
173.208.241.226 - - [13/Mar/2012:06:30:31 -0700] "GET /blog/devlog-december-10-2011/ HTTP/1.0" 200 16264 "-" "Mozilla/5.0 (compatible; MJ12bot/v1.4.2; http://www.majestic12.co.uk/bot.php?+)"
117.242.208.214 - - [13/Mar/2012:06:31:39 -0700] "GET /r/4de HTTP/1.1" 301 255 "-" "Mozilla/4.0 (compatible; MSIE 6.0; Windows NT 5.1; SV1; InfoPath.2; .NET CLR 1.1.4322; .NET CLR 2.0.50727; .NET CLR 3.0.4506.2152; .NET CLR 3.5.30729; FunWebProducts)"
117.242.208.214 - - [13/Mar/2012:06:31:40 -0700] "GET /s/ta/4de/ HTTP/1.1" 302 301 "-" "Mozilla/4.0 (compatible; MSIE 6.0; Windows NT 5.1; SV1; InfoPath.2; .NET CLR 1.1.4322; .NET CLR 2.0.50727; .NET CLR 3.0.4506.2152; .NET CLR 3.5.30729; FunWebProducts)"
85.17.88.169 - - [13/Mar/2012:06:34:14 -0700] "POST /blog/wp-cron.php?doing_wp_cron=1331645555 HTTP/1.0" 499 0 "-" "WordPress/3.3.1; http://yuvi.in/blog"
200.143.190.22 - - [13/Mar/2012:06:34:14 -0700] "GET /blog/passing-headers-proxying-nginx/ HTTP/1.0" 200 4280 "http://www.google.com.br/url?sa=t&rct=j&q=&esrc=s&source=web&cd=4&cts=1331645553708&ved=0CFAQFjAD&url=http%3A%2F%2Fyuvi.in%2Fblog%2Fpassing-headers-proxying-nginx%2F&ei=GUxfT9ePBenl0QHJl6GcBw&usg=AFQjCNGfBcqVM9sPOE9jHHj4UcYoQXaN5Q&sig2=vOepg2j1bKaKCB6bQc-83Q" "Mozilla/5.0 (Windows NT 6.1; WOW64; rv:10.0.2) Gecko/20100101 Firefox/10.0.2"
200.143.190.22 - - [13/Mar/2012:06:34:15 -0700] "GET /blog/wp-content/themes/cleanr/js/jquery.dropdown.js?ver=3.3.1 HTTP/1.0" 200 535 "http://yuvi.in/blog/passing-headers-proxying-nginx/" "Mozilla/5.0 (Windows NT 6.1; WOW64; rv:10.0.2) Gecko/20100101 Firefox/10.0.2"
200.143.190.22 - - [13/Mar/2012:06:34:15 -0700] "GET /blog/wp-content/themes/cleanr/style.css HTTP/1.0" 200 10508 "http://yuvi.in/blog/passing-headers-proxying-nginx/" "Mozilla/5.0 (Windows NT 6.1; WOW64; rv:10.0.2) Gecko/20100101 Firefox/10.0.2"
200.143.190.22 - - [13/Mar/2012:06:34:15 -0700] "GET /blog/wp-includes/js/jquery/jquery.js?ver=1.7.1 HTTP/1.0" 200 93889 "http://yuvi.in/blog/passing-headers-proxying-nginx/" "Mozilla/5.0 (Windows NT 6.1; WOW64; rv:10.0.2) Gecko/20100101 Firefox/10.0.2"
200.143.190.22 - - [13/Mar/2012:06:34:15 -0700] "GET /blog/wp-content/themes/cleanr/css/text.css HTTP/1.0" 200 420 "http://yuvi.in/blog/wp-content/themes/cleanr/style.css" "Mozilla/5.0 (Windows NT 6.1; WOW64; rv:10.0.2) Gecko/20100101 Firefox/10.0.2"
200.143.190.22 - - [13/Mar/2012:06:34:15 -0700] "GET /blog/wp-content/themes/cleanr/css/reset.css HTTP/1.0" 200 648 "http://yuvi.in/blog/wp-content/themes/cleanr/style.css" "Mozilla/5.0 (Windows NT 6.1; WOW64; rv:10.0.2) Gecko/20100101 Firefox/10.0.2"
200.143.190.22 - - [13/Mar/2012:06:34:15 -0700] "GET /blog/wp-content/themes/cleanr/css/960.css HTTP/1.0" 200 3628 "http://yuvi.in/blog/wp-content/themes/cleanr/style.css" "Mozilla/5.0 (Windows NT 6.1; WOW64; rv:10.0.2) Gecko/20100101 Firefox/10.0.2"
200.143.190.22 - - [13/Mar/2012:06:34:17 -0700] "GET /blog/wp-content/themes/cleanr/images/search_magnifier.gif HTTP/1.0" 200 394 "http://yuvi.in/blog/passing-headers-proxying-nginx/" "Mozilla/5.0 (Windows NT 6.1; WOW64; rv:10.0.2) Gecko/20100101 Firefox/10.0.2"
200.143.190.22 - - [13/Mar/2012:06:34:18 -0700] "GET /favicon.ico HTTP/1.0" 404 169 "-" "Mozilla/5.0 (Windows NT 6.1; WOW64; rv:10.0.2) Gecko/20100101 Firefox/10.0.2"
85.17.88.169 - - [13/Mar/2012:06:34:20 -0700] "POST /blog/wp-cron.php?doing_wp_cron=1331645562 HTTP/1.0" 499 0 "-" "WordPress/3.3.1; http://yuvi.in/blog"
200.143.190.22 - - [13/Mar/2012:06:34:20 -0700] "GET /blog/college-drop/ HTTP/1.0" 200 4511 "http://yuvi.in/blog/passing-headers-proxying-nginx/" "Mozilla/5.0 (Windows NT 6.1; WOW64; rv:10.0.2) Gecko/20100101 Firefox/10.0.2"
85.17.88.169 - - [13/Mar/2012:06:34:21 -0700] "POST /blog/wp-cron.php?doing_wp_cron=1331645563 HTTP/1.0" 499 0 "-" "WordPress/3.3.1; http://yuvi.in/blog"
200.143.190.22 - - [13/Mar/2012:06:34:21 -0700] "GET /blog/passing-headers-proxying-nginx/?cf_action=sync_comments&post_id=389 HTTP/1.0" 200 17 "http://yuvi.in/blog/passing-headers-proxying-nginx/" "Mozilla/5.0 (Windows NT 6.1; WOW64; rv:10.0.2) Gecko/20100101 Firefox/10.0.2"
130.225.29.254 - - [13/Mar/2012:06:34:39 -0700] "GET /blog/how-to-increase-cheese-s-burst-mode-photo-count.html HTTP/1.1" 200 2407 "http://ubuntuforums.org/showthread.php?t=1571462" "Mozilla/5.0 (X11; Linux x86_64) AppleWebKit/535.11 (KHTML, like Gecko) Ubuntu/11.10 Chromium/17.0.963.78 Chrome/17.0.963.78 Safari/535.11"
130.225.29.254 - - [13/Mar/2012:06:34:39 -0700] "GET /blog/static/style.css HTTP/1.1" 200 4753 "http://yuvi.in/blog/how-to-increase-cheese-s-burst-mode-photo-count.html" "Mozilla/5.0 (X11; Linux x86_64) AppleWebKit/535.11 (KHTML, like Gecko) Ubuntu/11.10 Chromium/17.0.963.78 Chrome/17.0.963.78 Safari/535.11"
130.225.29.254 - - [13/Mar/2012:06:34:39 -0700] "GET /blog/static/codehilite.css HTTP/1.1" 200 4012 "http://yuvi.in/blog/how-to-increase-cheese-s-burst-mode-photo-count.html" "Mozilla/5.0 (X11; Linux x86_64) AppleWebKit/535.11 (KHTML, like Gecko) Ubuntu/11.10 Chromium/17.0.963.78 Chrome/17.0.963.78 Safari/535.11"
130.225.29.254 - - [13/Mar/2012:06:34:41 -0700] "GET /favicon.ico HTTP/1.1" 404 199 "-" "Mozilla/5.0 (X11; Linux x86_64) AppleWebKit/535.11 (KHTML, like Gecko) Ubuntu/11.10 Chromium/17.0.963.78 Chrome/17.0.963.78 Safari/535.11"
130.225.29.254 - - [13/Mar/2012:06:34:41 -0700] "GET /favicon.ico HTTP/1.1" 404 199 "-" "Mozilla/5.0 (X11; Linux x86_64) AppleWebKit/535.11 (KHTML, like Gecko) Ubuntu/11.10 Chromium/17.0.963.78 Chrome/17.0.963.78 Safari/535.11"
130.225.29.254 - - [13/Mar/2012:06:34:41 -0700] "GET /favicon.ico HTTP/1.1" 404 199 "-" "Mozilla/5.0 (X11; Linux x86_64) AppleWebKit/535.11 (KHTML, like Gecko) Ubuntu/11.10 Chromium/17.0.963.78 Chrome/17.0.963.78 Safari/535.11"
130.225.29.254 - - [13/Mar/2012:06:34:42 -0700] "GET /favicon.ico HTTP/1.1" 404 199 "-" "Mozilla/5.0 (X11; Linux x86_64) AppleWebKit/535.11 (KHTML, like Gecko) Ubuntu/11.10 Chromium/17.0.963.78 Chrome/17.0.963.78 Safari/535.11"
130.225.29.254 - - [13/Mar/2012:06:34:42 -0700] "GET /favicon.ico HTTP/1.1" 404 199 "-" "Mozilla/5.0 (X11; Linux x86_64) AppleWebKit/535.11 (KHTML, like Gecko) Ubuntu/11.10 Chromium/17.0.963.78 Chrome/17.0.963.78 Safari/535.11"
85.17.88.169 - - [13/Mar/2012:06:34:56 -0700] "POST /blog/wp-cron.php?doing_wp_cron=1331645598 HTTP/1.0" 499 0 "-" "WordPress/3.3.1; http://yuvi.in/blog"
209.85.238.115 - - [13/Mar/2012:06:34:57 -0700] "GET /blog/feed/ HTTP/1.1" 304 0 "-" "Feedfetcher-Google; (+http://www.google.com/feedfetcher.html; 19 subscribers; feed-id=15064232456473204253)"
62.75.229.85 - - [13/Mar/2012:06:36:46 -0700] "GET / HTTP/1.1" 200 3439 "-" "Mozilla/4.0 (compatible; MSIE 6.0; Windows 98; Win 9x4.90)"
67.215.230.28 - - [13/Mar/2012:06:40:45 -0700] "GET /robots.txt HTTP/1.0" 404 169 "-" "Setooz/Nutch-1.2 (http://www.setooz.com)"
67.215.230.28 - - [13/Mar/2012:06:40:45 -0700] "GET / HTTP/1.0" 200 3439 "-" "Setooz/Nutch-1.2 (http://www.setooz.com)"
67.215.230.27 - - [13/Mar/2012:06:40:53 -0700] "GET /robots.txt HTTP/1.0" 404 169 "-" "Setooz/Nutch-1.2 (http://www.setooz.com)"
67.215.230.27 - - [13/Mar/2012:06:40:56 -0700] "GET /stories HTTP/1.0" 301 185 "-" "Setooz/Nutch-1.2 (http://www.setooz.com)"
117.193.230.60 - - [13/Mar/2012:06:42:59 -0700] "-" 400 0 "-" "-"
85.17.88.169 - - [13/Mar/2012:06:43:10 -0700] "POST /blog/wp-cron.php?doing_wp_cron=1331646092 HTTP/1.0" 499 0 "-" "WordPress/3.3.1; http://yuvi.in/blog"
208.115.113.84 - - [13/Mar/2012:06:43:11 -0700] "GET /blog/2010/08/ HTTP/1.1" 200 18939 "-" "Mozilla/5.0 (compatible; Ezooms/1.0; ezooms.bot@gmail.com)"
85.17.88.169 - - [13/Mar/2012:06:43:20 -0700] "POST /blog/wp-cron.php?doing_wp_cron=1331646102 HTTP/1.0" 499 0 "-" "WordPress/3.3.1; http://yuvi.in/blog"
208.115.113.84 - - [13/Mar/2012:06:43:21 -0700] "GET /blog/2011/01/28/ HTTP/1.1" 200 18224 "-" "Mozilla/5.0 (compatible; Ezooms/1.0; ezooms.bot@gmail.com)"
85.17.88.169 - - [13/Mar/2012:06:43:28 -0700] "POST /blog/wp-cron.php?doing_wp_cron=1331646110 HTTP/1.0" 499 0 "-" "WordPress/3.3.1; http://yuvi.in/blog"
208.115.113.84 - - [13/Mar/2012:06:43:29 -0700] "GET /blog/pycon-2009-are-you-coming/ HTTP/1.1" 200 15950 "-" "Mozilla/5.0 (compatible; Ezooms/1.0; ezooms.bot@gmail.com)"
117.204.26.180 - - [13/Mar/2012:06:44:48 -0700] "-" 400 0 "-" "-"
117.193.189.189 - - [13/Mar/2012:06:45:41 -0700] "-" 400 0 "-" "-"
69.171.234.2 - - [13/Mar/2012:06:46:12 -0700] "GET /r/tpn HTTP/1.1" 301 255 "-" "facebookexternalhit/1.1 (+http://www.facebook.com/externalhit_uatext.php)"
69.171.234.5 - - [13/Mar/2012:06:46:12 -0700] "GET /s/ta/tpn/ HTTP/1.1" 302 313 "-" "facebookexternalhit/1.1 (+http://www.facebook.com/externalhit_uatext.php)"
85.17.88.169 - - [13/Mar/2012:06:49:08 -0700] "POST /blog/wp-cron.php?doing_wp_cron=1331646450 HTTP/1.0" 499 0 "-" "WordPress/3.3.1; http://yuvi.in/blog"
209.85.238.115 - - [13/Mar/2012:06:49:09 -0700] "GET /blog/feed HTTP/1.1" 301 0 "-" "Feedfetcher-Google; (+http://www.google.com/feedfetcher.html; 3 subscribers; feed-id=17684830852112633560)"
85.17.88.169 - - [13/Mar/2012:06:49:10 -0700] "POST /blog/wp-cron.php?doing_wp_cron=1331646452 HTTP/1.0" 499 0 "-" "WordPress/3.3.1; http://yuvi.in/blog"
209.85.238.115 - - [13/Mar/2012:06:49:11 -0700] "GET /blog/feed/ HTTP/1.1" 304 0 "-" "Feedfetcher-Google; (+http://www.google.com/feedfetcher.html; 3 subscribers; feed-id=17684830852112633560)"
69.171.242.248 - - [13/Mar/2012:06:49:27 -0700] "GET /r/p0f HTTP/1.1" 301 255 "-" "facebookexternalhit/1.1 (+http://www.facebook.com/externalhit_uatext.php)"
69.171.242.247 - - [13/Mar/2012:06:49:27 -0700] "GET /s/ta/p0f/ HTTP/1.1" 302 433 "-" "facebookexternalhit/1.1 (+http://www.facebook.com/externalhit_uatext.php)"
85.17.88.169 - - [13/Mar/2012:06:49:49 -0700] "POST /blog/wp-cron.php?doing_wp_cron=1331646491 HTTP/1.0" 499 0 "-" "WordPress/3.3.1; http://yuvi.in/blog"
209.85.224.98 - - [13/Mar/2012:06:49:50 -0700] "GET /blog/feed HTTP/1.1" 304 0 "-" "FeedBurner/1.0 (http://www.FeedBurner.com)"
85.17.88.169 - - [13/Mar/2012:06:50:02 -0700] "POST /blog/wp-cron.php?doing_wp_cron=1331646503 HTTP/1.0" 499 0 "-" "WordPress/3.3.1; http://yuvi.in/blog"
180.76.5.111 - - [13/Mar/2012:06:50:02 -0700] "GET /blog/hacking-more/ HTTP/1.1" 200 4823 "-" "Mozilla/5.0 (compatible; Baiduspider/2.0; +http://www.baidu.com/search/spider.html)"
117.204.26.180 - - [13/Mar/2012:06:50:18 -0700] "-" 400 0 "-" "-"
117.204.26.180 - - [13/Mar/2012:06:50:18 -0700] "-" 400 0 "-" "-"
117.204.26.180 - - [13/Mar/2012:06:50:18 -0700] "-" 400 0 "-" "-"
117.204.26.180 - - [13/Mar/2012:06:50:18 -0700] "-" 400 0 "-" "-"
115.241.62.242 - - [13/Mar/2012:06:51:07 -0700] "-" 400 0 "-" "-"
85.17.88.169 - - [13/Mar/2012:06:51:13 -0700] "POST /blog/wp-cron.php?doing_wp_cron=1331646575 HTTP/1.0" 499 0 "-" "WordPress/3.3.1; http://yuvi.in/blog"
46.251.237.187 - - [13/Mar/2012:06:51:14 -0700] "GET /blog/devlog-december-2011/ HTTP/1.0" 200 17237 "http://yuvi.in/blog/devlog-december-2011/" "Opera/9.64(Windows NT 5.1; U; en) Presto/2.1.1"
117.204.26.180 - - [13/Mar/2012:06:51:58 -0700] "-" 400 0 "-" "-"
117.204.26.180 - - [13/Mar/2012:06:51:58 -0700] "-" 400 0 "-" "-"
117.204.26.180 - - [13/Mar/2012:06:51:58 -0700] "-" 400 0 "-" "-"
117.204.26.180 - - [13/Mar/2012:06:51:58 -0700] "-" 400 0 "-" "-"
117.204.26.180 - - [13/Mar/2012:06:51:58 -0700] "-" 400 0 "-" "-"
122.164.202.118 - - [13/Mar/2012:06:56:20 -0700] "-" 400 0 "-" "-"
66.249.68.52 - - [13/Mar/2012:06:57:22 -0700] "GET /s/ta/2xjj/ HTTP/1.1" 302 385 "-" "Mozilla/5.0 (compatible; Googlebot/2.1; +http://www.google.com/bot.html)"
115.113.233.82 - - [13/Mar/2012:06:57:46 -0700] "-" 400 0 "-" "-"
209.85.224.96 - - [13/Mar/2012:07:00:31 -0700] "GET /stories/feed HTTP/1.1" 200 13653 "-" "FeedBurner/1.0 (http://www.FeedBurner.com)"
31.214.169.122 - - [13/Mar/2012:07:00:36 -0700] "-" 400 0 "-" "-"
31.214.169.122 - - [13/Mar/2012:07:00:43 -0700] "GET http://yuvi.in/blog/what-stop-child-athiest/ HTTP/1.0" 200 21112 "http://yuvi.in/blog/what-stop-child-athiest/" "Mozilla/4.0 (compatible; MSIE 7.0; Windows NT 5.1; SV1; .NET CLR 2.0.50727)"
31.214.169.122 - - [13/Mar/2012:07:00:47 -0700] "GET /blog/wp-content/themes/cleanr/style.css HTTP/1.0" 200 10508 "http://yuvi.in/blog/wp-content/themes/cleanr/style.css" "Mozilla/4.0 (compatible; MSIE 7.0; Windows NT 5.1; SV1; .NET CLR 2.0.50727)"
31.214.169.122 - - [13/Mar/2012:07:00:48 -0700] "GET /blog/wp-content/themes/cleanr/css/ie.css HTTP/1.0" 200 390 "http://yuvi.in/blog/wp-content/themes/cleanr/css/ie.css" "Mozilla/4.0 (compatible; MSIE 7.0; Windows NT 5.1; SV1; .NET CLR 2.0.50727)"
85.17.88.169 - - [13/Mar/2012:07:00:51 -0700] "POST /blog/wp-cron.php?doing_wp_cron=1331647153 HTTP/1.0" 499 0 "-" "WordPress/3.3.1; http://yuvi.in/blog"
31.214.169.122 - - [13/Mar/2012:07:00:52 -0700] "GET /blog/feed/ HTTP/1.0" 200 21809 "http://yuvi.in/blog/feed/" "Mozilla/4.0 (compatible; MSIE 7.0; Windows NT 5.1; SV1; .NET CLR 2.0.50727)"
85.17.88.169 - - [13/Mar/2012:07:01:16 -0700] "POST /blog/wp-cron.php?doing_wp_cron=1331647178 HTTP/1.0" 499 0 "-" "WordPress/3.3.1; http://yuvi.in/blog"
31.214.169.122 - - [13/Mar/2012:07:01:17 -0700] "GET /blog/feed/atom/ HTTP/1.0" 200 24172 "http://yuvi.in/blog/feed/atom/" "Mozilla/4.0 (compatible; MSIE 7.0; Windows NT 5.1; SV1; .NET CLR 2.0.50727)"
85.17.88.169 - - [13/Mar/2012:07:01:20 -0700] "POST /blog/wp-cron.php?doing_wp_cron=1331647182 HTTP/1.0" 499 0 "-" "WordPress/3.3.1; http://yuvi.in/blog"
31.214.169.122 - - [13/Mar/2012:07:01:21 -0700] "GET /blog/program/feed/atom/ HTTP/1.0" 200 8437 "http://yuvi.in/blog/program/feed/atom/" "Mozilla/4.0 (compatible; MSIE 7.0; Windows NT 5.1; SV1; .NET CLR 2.0.50727)"
85.17.88.169 - - [13/Mar/2012:07:01:27 -0700] "POST /blog/wp-cron.php?doing_wp_cron=1331647189 HTTP/1.0" 499 0 "-" "WordPress/3.3.1; http://yuvi.in/blog"
31.214.169.122 - - [13/Mar/2012:07:01:28 -0700] "GET /blog/what-stop-child-athiest/feed/ HTTP/1.0" 200 2611 "http://yuvi.in/blog/what-stop-child-athiest/feed/" "Mozilla/4.0 (compatible; MSIE 7.0; Windows NT 5.1; SV1; .NET CLR 2.0.50727)"
85.17.88.169 - - [13/Mar/2012:07:01:30 -0700] "POST /blog/wp-cron.php?doing_wp_cron=1331647192 HTTP/1.0" 499 0 "-" "WordPress/3.3.1; http://yuvi.in/blog"
31.214.169.122 - - [13/Mar/2012:07:01:31 -0700] "GET /blog/xmlrpc.php?rsd HTTP/1.0" 200 810 "http://yuvi.in/blog/xmlrpc.php?rsd" "Mozilla/4.0 (compatible; MSIE 7.0; Windows NT 5.1; SV1; .NET CLR 2.0.50727)"
31.214.169.122 - - [13/Mar/2012:07:01:32 -0700] "GET /blog/wp-includes/wlwmanifest.xml HTTP/1.0" 200 1053 "http://yuvi.in/blog/wp-includes/wlwmanifest.xml" "Mozilla/4.0 (compatible; MSIE 7.0; Windows NT 5.1; SV1; .NET CLR 2.0.50727)"
223.235.118.64 - - [13/Mar/2012:07:03:46 -0700] "GET /r/431 HTTP/1.1" 301 255 "http://ta.wikipedia.org/wiki/%E0%AE%A4%E0%AE%BF%E0%AE%B0%E0%AE%BE%E0%AE%B5%E0%AE%BF%E0%AE%9F%E0%AE%B0%E0%AF%8D" "Mozilla/4.0 (compatible; MSIE 8.0; Windows NT 5.1; Trident/4.0; FunWebProducts; .NET CLR 2.0.50727; InfoPath.1; FunWebProducts)"
117.213.93.20 - - [13/Mar/2012:07:03:49 -0700] "-" 400 0 "-" "-"
223.235.118.64 - - [13/Mar/2012:07:03:49 -0700] "GET /s/ta/431/ HTTP/1.1" 302 373 "http://ta.wikipedia.org/wiki/%E0%AE%A4%E0%AE%BF%E0%AE%B0%E0%AE%BE%E0%AE%B5%E0%AE%BF%E0%AE%9F%E0%AE%B0%E0%AF%8D" "Mozilla/4.0 (compatible; MSIE 8.0; Windows NT 5.1; Trident/4.0; FunWebProducts; .NET CLR 2.0.50727; InfoPath.1; FunWebProducts)"
117.203.10.252 - - [13/Mar/2012:07:04:00 -0700] "-" 400 0 "-" "-"
85.17.88.169 - - [13/Mar/2012:07:04:52 -0700] "POST /blog/wp-cron.php?doing_wp_cron=1331647393 HTTP/1.0" 499 0 "-" "WordPress/3.3.1; http://yuvi.in/blog"
208.92.218.130 - - [13/Mar/2012:07:04:52 -0700] "GET /blog/my-vimrc/feed/ HTTP/1.1" 304 0 "-" "BoardReader/1.0 (http://boardreader.com/info/robots.htm)-CommentCrawler5"
69.171.229.248 - - [13/Mar/2012:07:07:09 -0700] "GET /r/heh HTTP/1.1" 301 255 "-" "facebookexternalhit/1.1 (+http://www.facebook.com/externalhit_uatext.php)"
69.171.229.246 - - [13/Mar/2012:07:07:09 -0700] "GET /s/ta/heh/ HTTP/1.1" 302 549 "-" "facebookexternalhit/1.1 (+http://www.facebook.com/externalhit_uatext.php)"
122.175.8.27 - - [13/Mar/2012:07:07:50 -0700] "-" 400 0 "-" "-"
141.0.10.80 - - [13/Mar/2012:07:09:36 -0700] "-" 400 0 "-" "-"
85.17.88.169 - - [13/Mar/2012:07:11:29 -0700] "POST /blog/wp-cron.php?doing_wp_cron=1331647790 HTTP/1.0" 499 0 "-" "WordPress/3.3.1; http://yuvi.in/blog"
100.43.83.144 - - [13/Mar/2012:07:11:29 -0700] "GET /blog/tag/js/feed/ HTTP/1.1" 200 3566 "-" "Mozilla/5.0 (compatible; YandexBot/3.0; +http://yandex.com/bots)"
180.215.115.101 - - [13/Mar/2012:07:12:07 -0700] "GET / HTTP/1.1" 200 1430 "-" "Mozilla/5.0 (X11; Linux i686) AppleWebKit/535.1 (KHTML, like Gecko) Chrome/14.0.835.202 Safari/535.1"
180.215.115.101 - - [13/Mar/2012:07:12:08 -0700] "GET /blueprint/screen.css HTTP/1.1" 304 0 "http://yuvi.in/" "Mozilla/5.0 (X11; Linux i686) AppleWebKit/535.1 (KHTML, like Gecko) Chrome/14.0.835.202 Safari/535.1"
180.215.115.101 - - [13/Mar/2012:07:12:08 -0700] "GET /blueprint/print.css HTTP/1.1" 304 0 "http://yuvi.in/" "Mozilla/5.0 (X11; Linux i686) AppleWebKit/535.1 (KHTML, like Gecko) Chrome/14.0.835.202 Safari/535.1"
180.215.115.101 - - [13/Mar/2012:07:12:08 -0700] "GET /header.png HTTP/1.1" 304 0 "http://yuvi.in/" "Mozilla/5.0 (X11; Linux i686) AppleWebKit/535.1 (KHTML, like Gecko) Chrome/14.0.835.202 Safari/535.1"
180.215.115.101 - - [13/Mar/2012:07:12:10 -0700] "GET /favicon.ico HTTP/1.1" 404 199 "-" "Mozilla/5.0 (X11; Linux i686) AppleWebKit/535.1 (KHTML, like Gecko) Chrome/14.0.835.202 Safari/535.1"
180.215.115.101 - - [13/Mar/2012:07:12:11 -0700] "GET /blog HTTP/1.1" 301 178 "http://yuvi.in/" "Mozilla/5.0 (X11; Linux i686) AppleWebKit/535.1 (KHTML, like Gecko) Chrome/14.0.835.202 Safari/535.1"
85.17.88.169 - - [13/Mar/2012:07:12:14 -0700] "POST /blog/wp-cron.php?doing_wp_cron=1331647836 HTTP/1.0" 499 0 "-" "WordPress/3.3.1; http://yuvi.in/blog"
180.215.115.101 - - [13/Mar/2012:07:12:15 -0700] "GET /blog/ HTTP/1.1" 200 9194 "http://yuvi.in/" "Mozilla/5.0 (X11; Linux i686) AppleWebKit/535.1 (KHTML, like Gecko) Chrome/14.0.835.202 Safari/535.1"
180.215.115.101 - - [13/Mar/2012:07:12:22 -0700] "GET /favicon.ico HTTP/1.1" 404 199 "-" "Mozilla/5.0 (X11; Linux i686) AppleWebKit/535.1 (KHTML, like Gecko) Chrome/14.0.835.202 Safari/535.1"
66.249.68.52 - - [13/Mar/2012:07:15:46 -0700] "GET /s/ta/2ygy/ HTTP/1.1" 302 469 "-" "Mozilla/5.0 (compatible; Googlebot/2.1; +http://www.google.com/bot.html)"
46.17.98.88 - - [13/Mar/2012:07:15:53 -0700] "GET /blog/ HTTP/1.0" 200 33162 "http://yuvi.in/blog/" "Mozilla/4.0 (compatible; MSIE 5.5; Windows NT 5.0)"
122.164.88.25 - - [13/Mar/2012:07:18:01 -0700] "-" 400 0 "-" "-"
122.164.88.25 - - [13/Mar/2012:07:18:01 -0700] "-" 400 0 "-" "-"
122.164.88.25 - - [13/Mar/2012:07:18:01 -0700] "-" 400 0 "-" "-"
85.17.88.169 - - [13/Mar/2012:07:20:02 -0700] "POST /blog/wp-cron.php?doing_wp_cron=1331648303 HTTP/1.0" 499 0 "-" "WordPress/3.3.1; http://yuvi.in/blog"
209.85.224.92 - - [13/Mar/2012:07:20:02 -0700] "GET /blog/feed HTTP/1.1" 304 0 "-" "FeedBurner/1.0 (http://www.FeedBurner.com)"
122.164.88.25 - - [13/Mar/2012:07:21:31 -0700] "-" 400 0 "-" "-"
85.17.88.169 - - [13/Mar/2012:07:21:43 -0700] "POST /blog/wp-cron.php?doing_wp_cron=1331648405 HTTP/1.0" 499 0 "-" "WordPress/3.3.1; http://yuvi.in/blog"
208.115.111.68 - - [13/Mar/2012:07:21:44 -0700] "GET /blog/nen-first-dot-2010-what-i-learnt/ HTTP/1.1" 200 19725 "-" "Mozilla/5.0 (compatible; Ezooms/1.0; ezooms.bot@gmail.com)"
208.115.111.68 - - [13/Mar/2012:07:21:49 -0700] "GET /blog/tag/report.html HTTP/1.1" 200 18934 "-" "Mozilla/5.0 (compatible; Ezooms/1.0; ezooms.bot@gmail.com)"
157.55.112.201 - - [13/Mar/2012:07:23:04 -0700] "-" 400 0 "-" "-"
157.55.112.201 - - [13/Mar/2012:07:23:09 -0700] "-" 400 0 "-" "-"
157.55.112.201 - - [13/Mar/2012:07:23:10 -0700] "-" 400 0 "-" "-"
157.55.112.201 - - [13/Mar/2012:07:23:10 -0700] "-" 400 0 "-" "-"
157.55.112.201 - - [13/Mar/2012:07:23:10 -0700] "-" 400 0 "-" "-"
157.55.112.201 - - [13/Mar/2012:07:23:11 -0700] "-" 400 0 "-" "-"
157.55.112.201 - - [13/Mar/2012:07:23:11 -0700] "-" 400 0 "-" "-"
157.55.112.201 - - [13/Mar/2012:07:23:11 -0700] "-" 400 0 "-" "-"
157.55.112.201 - - [13/Mar/2012:07:23:11 -0700] "-" 400 0 "-" "-"
157.55.112.201 - - [13/Mar/2012:07:23:11 -0700] "-" 400 0 "-" "-"
66.249.68.52 - - [13/Mar/2012:07:24:59 -0700] "GET /r/2ygy HTTP/1.1" 301 257 "-" "Mozilla/5.0 (compatible; Googlebot/2.1; +http://www.google.com/bot.html)"
122.174.49.208 - - [13/Mar/2012:07:24:59 -0700] "-" 400 0 "-" "-"
46.17.98.88 - - [13/Mar/2012:07:25:27 -0700] "GET /blog/ HTTP/1.0" 200 33162 "http://yuvi.in/blog/" "Mozilla/4.0 (compatible; MSIE 6.0; Windows NT 5.1; Deepnet Explorer 1.5.0; .NET CLR 1.0.3705)"
83.110.217.41 - - [13/Mar/2012:07:27:03 -0700] "GET /r/2rbo HTTP/1.0" 301 257 "http://ta.wikipedia.org/wiki/%E0%AE%B5%E0%AE%B2%E0%AF%88%E0%AE%B5%E0%AE%BE%E0%AE%9A%E0%AE%B2%E0%AF%8D:%E0%AE%8A%E0%AE%9F%E0%AE%95%E0%AE%AA%E0%AF%8D_%E0%AE%AA%E0%AF%8B%E0%AE%9F%E0%AF%8D%E0%AE%9F%E0%AE%BF" "Mozilla/4.0 (compatible; MSIE 8.0; Windows NT 6.1; Trident/4.0; GTB7.3; SLCC2; .NET CLR 2.0.50727; .NET CLR 3.5.30729; .NET CLR 3.0.30729; Media Center PC 6.0; OfficeLiveConnector.1.3; OfficeLivePatch.0.0)"
83.110.217.41 - - [13/Mar/2012:07:27:03 -0700] "GET /s/ta/2rbo/ HTTP/1.0" 302 499 "http://ta.wikipedia.org/wiki/%E0%AE%B5%E0%AE%B2%E0%AF%88%E0%AE%B5%E0%AE%BE%E0%AE%9A%E0%AE%B2%E0%AF%8D:%E0%AE%8A%E0%AE%9F%E0%AE%95%E0%AE%AA%E0%AF%8D_%E0%AE%AA%E0%AF%8B%E0%AE%9F%E0%AF%8D%E0%AE%9F%E0%AE%BF" "Mozilla/4.0 (compatible; MSIE 8.0; Windows NT 6.1; Trident/4.0; GTB7.3; SLCC2; .NET CLR 2.0.50727; .NET CLR 3.5.30729; .NET CLR 3.0.30729; Media Center PC 6.0; OfficeLiveConnector.1.3; OfficeLivePatch.0.0)"
59.92.103.100 - - [13/Mar/2012:07:28:13 -0700] "GET / HTTP/1.1" 200 1430 "http://www.google.co.in/url?sa=t&rct=j&q=yuvi&source=web&cd=1&sqi=2&ved=0CDgQFjAA&url=http%3A%2F%2Fyuvi.in%2F&ei=FVlfT-rjBonKrAfw5fGJBg&usg=AFQjCNGCp_KinRzG9gFsQqxb60Cy8lsxnA" "Mozilla/5.0 (Windows NT 6.1) AppleWebKit/535.11 (KHTML, like Gecko) Chrome/17.0.963.79 Safari/535.11"
59.92.103.100 - - [13/Mar/2012:07:28:14 -0700] "GET /blueprint/screen.css HTTP/1.1" 200 12058 "http://yuvi.in/" "Mozilla/5.0 (Windows NT 6.1) AppleWebKit/535.11 (KHTML, like Gecko) Chrome/17.0.963.79 Safari/535.11"
59.92.103.100 - - [13/Mar/2012:07:28:14 -0700] "GET /blueprint/print.css HTTP/1.1" 200 1284 "http://yuvi.in/" "Mozilla/5.0 (Windows NT 6.1) AppleWebKit/535.11 (KHTML, like Gecko) Chrome/17.0.963.79 Safari/535.11"
59.92.103.100 - - [13/Mar/2012:07:28:14 -0700] "GET /header.png HTTP/1.1" 200 14249 "http://yuvi.in/" "Mozilla/5.0 (Windows NT 6.1) AppleWebKit/535.11 (KHTML, like Gecko) Chrome/17.0.963.79 Safari/535.11"
59.92.103.100 - - [13/Mar/2012:07:28:16 -0700] "GET /favicon.ico HTTP/1.1" 404 199 "-" "Mozilla/5.0 (Windows NT 6.1) AppleWebKit/535.11 (KHTML, like Gecko) Chrome/17.0.963.79 Safari/535.11"
180.76.5.91 - - [13/Mar/2012:07:28:43 -0700] "GET /blog/the-end-of-gsoc-2010.html HTTP/1.1" 200 2626 "-" "Mozilla/5.0 (compatible; Baiduspider/2.0; +http://www.baidu.com/search/spider.html)"
117.202.136.202 - - [13/Mar/2012:07:28:58 -0700] "-" 400 0 "-" "-"
122.174.49.22 - - [13/Mar/2012:07:32:25 -0700] "-" 400 0 "-" "-"
122.174.49.22 - - [13/Mar/2012:07:32:25 -0700] "-" 400 0 "-" "-"
122.174.49.22 - - [13/Mar/2012:07:32:25 -0700] "-" 400 0 "-" "-"
122.174.49.22 - - [13/Mar/2012:07:32:26 -0700] "-" 400 0 "-" "-"
122.174.49.22 - - [13/Mar/2012:07:32:26 -0700] "-" 400 0 "-" "-"
122.174.49.22 - - [13/Mar/2012:07:32:27 -0700] "-" 400 0 "-" "-"
180.76.5.95 - - [13/Mar/2012:07:32:33 -0700] "GET /stories/emacs.html HTTP/1.1" 304 0 "-" "Mozilla/5.0 (compatible; Baiduspider/2.0; +http://www.baidu.com/search/spider.html)"
219.91.219.150 - - [13/Mar/2012:07:33:33 -0700] "GET /r/jy9 HTTP/1.1" 301 255 "http://ta.wikipedia.org/wiki/%E0%AE%87%E0%AE%A3%E0%AF%88%E0%AE%AF_%E0%AE%A8%E0%AF%86%E0%AE%B1%E0%AE%BF%E0%AE%AE%E0%AF%81%E0%AE%B1%E0%AF%88" "Mozilla/5.0 (X11; Linux i686; rv:10.0.2) Gecko/20100101 Firefox/10.0.2"
219.91.219.150 - - [13/Mar/2012:07:33:33 -0700] "GET /s/ta/jy9/ HTTP/1.1" 302 413 "http://ta.wikipedia.org/wiki/%E0%AE%87%E0%AE%A3%E0%AF%88%E0%AE%AF_%E0%AE%A8%E0%AF%86%E0%AE%B1%E0%AE%BF%E0%AE%AE%E0%AF%81%E0%AE%B1%E0%AF%88" "Mozilla/5.0 (X11; Linux i686; rv:10.0.2) Gecko/20100101 Firefox/10.0.2"
85.17.88.169 - - [13/Mar/2012:07:33:34 -0700] "POST /blog/wp-cron.php?doing_wp_cron=1331649116 HTTP/1.0" 499 0 "-" "WordPress/3.3.1; http://yuvi.in/blog"
100.43.83.144 - - [13/Mar/2012:07:33:35 -0700] "GET /blog/cheese-gsoc-report-week-2/ HTTP/1.1" 200 5217 "-" "Mozilla/5.0 (compatible; YandexBot/3.0; +http://yandex.com/bots)"
219.91.219.150 - - [13/Mar/2012:07:33:38 -0700] "-" 400 0 "-" "-"
85.17.88.169 - - [13/Mar/2012:07:35:27 -0700] "POST /blog/wp-cron.php?doing_wp_cron=1331649228 HTTP/1.0" 499 0 "-" "WordPress/3.3.1; http://yuvi.in/blog"
209.85.238.115 - - [13/Mar/2012:07:35:27 -0700] "GET /blog/feed/ HTTP/1.1" 304 0 "-" "Feedfetcher-Google; (+http://www.google.com/feedfetcher.html; 19 subscribers; feed-id=15064232456473204253)"
117.193.31.173 - - [13/Mar/2012:07:37:43 -0700] "-" 400 0 "-" "-"
66.249.68.52 - - [13/Mar/2012:07:38:48 -0700] "GET /r/2xfb HTTP/1.1" 301 257 "-" "Mozilla/5.0 (compatible; Googlebot/2.1; +http://www.google.com/bot.html)"
66.249.68.52 - - [13/Mar/2012:07:38:48 -0700] "GET /s/ta/2xfb/ HTTP/1.1" 302 593 "-" "Mozilla/5.0 (compatible; Googlebot/2.1; +http://www.google.com/bot.html)"
122.164.88.255 - - [13/Mar/2012:07:39:17 -0700] "-" 400 0 "-" "-"
207.46.204.212 - - [13/Mar/2012:07:41:28 -0700] "-" 400 0 "-" "-"
207.46.204.212 - - [13/Mar/2012:07:41:28 -0700] "-" 400 0 "-" "-"
207.46.204.212 - - [13/Mar/2012:07:41:29 -0700] "-" 400 0 "-" "-"
207.46.204.212 - - [13/Mar/2012:07:41:29 -0700] "-" 400 0 "-" "-"
207.46.204.212 - - [13/Mar/2012:07:41:30 -0700] "-" 400 0 "-" "-"
207.46.204.212 - - [13/Mar/2012:07:41:30 -0700] "-" 400 0 "-" "-"
207.46.204.212 - - [13/Mar/2012:07:41:31 -0700] "-" 400 0 "-" "-"
207.46.204.212 - - [13/Mar/2012:07:41:31 -0700] "-" 400 0 "-" "-"
207.46.204.212 - - [13/Mar/2012:07:41:31 -0700] "-" 400 0 "-" "-"
207.46.204.212 - - [13/Mar/2012:07:41:31 -0700] "-" 400 0 "-" "-"
207.46.204.212 - - [13/Mar/2012:07:42:24 -0700] "-" 400 0 "-" "-"
117.213.117.176 - - [13/Mar/2012:07:43:52 -0700] "GET /r/tec HTTP/1.1" 301 255 "http://ta.wikipedia.org/wiki/%E0%AE%AE%E0%AE%A4%E0%AF%80%E0%AE%A9%E0%AE%BE" "Mozilla/5.0 (Windows NT 5.1; rv:6.0) Gecko/20100101 Firefox/6.0"
117.213.117.176 - - [13/Mar/2012:07:43:52 -0700] "GET /s/ta/tec/ HTTP/1.1" 302 325 "http://ta.wikipedia.org/wiki/%E0%AE%AE%E0%AE%A4%E0%AF%80%E0%AE%A9%E0%AE%BE" "Mozilla/5.0 (Windows NT 5.1; rv:6.0) Gecko/20100101 Firefox/6.0"
219.160.119.107 - - [13/Mar/2012:07:45:10 -0700] "GET /r/23z HTTP/1.1" 301 255 "-" "Mozilla/5.0 (iPhone; CPU iPhone OS 5_1 like Mac OS X) AppleWebKit/534.46 (KHTML, like Gecko) Mobile/9B176"
219.160.119.107 - - [13/Mar/2012:07:45:10 -0700] "GET /s/ta/23z/ HTTP/1.1" 302 397 "-" "Mozilla/5.0 (iPhone; CPU iPhone OS 5_1 like Mac OS X) AppleWebKit/534.46 (KHTML, like Gecko) Mobile/9B176"
219.160.119.107 - - [13/Mar/2012:07:45:15 -0700] "GET /r/1va HTTP/1.1" 301 255 "-" "Mozilla/5.0 (iPhone; CPU iPhone OS 5_1 like Mac OS X) AppleWebKit/534.46 (KHTML, like Gecko) Mobile/9B176"
219.160.119.107 - - [13/Mar/2012:07:45:15 -0700] "GET /s/ta/1va/ HTTP/1.1" 302 409 "-" "Mozilla/5.0 (iPhone; CPU iPhone OS 5_1 like Mac OS X) AppleWebKit/534.46 (KHTML, like Gecko) Mobile/9B176"
14.99.188.75 - - [13/Mar/2012:07:45:40 -0700] "-" 400 0 "-" "-"
157.55.112.205 - - [13/Mar/2012:07:45:53 -0700] "-" 400 0 "-" "-"
157.55.112.205 - - [13/Mar/2012:07:46:04 -0700] "-" 400 0 "-" "-"
157.55.112.205 - - [13/Mar/2012:07:46:05 -0700] "-" 400 0 "-" "-"
157.55.112.205 - - [13/Mar/2012:07:46:05 -0700] "-" 400 0 "-" "-"
157.55.112.205 - - [13/Mar/2012:07:46:05 -0700] "-" 400 0 "-" "-"
157.55.112.205 - - [13/Mar/2012:07:46:06 -0700] "-" 400 0 "-" "-"
157.55.112.205 - - [13/Mar/2012:07:46:06 -0700] "-" 400 0 "-" "-"
157.55.112.205 - - [13/Mar/2012:07:46:07 -0700] "-" 400 0 "-" "-"
157.55.112.205 - - [13/Mar/2012:07:46:07 -0700] "-" 400 0 "-" "-"
157.55.112.205 - - [13/Mar/2012:07:46:07 -0700] "-" 400 0 "-" "-"
157.55.112.205 - - [13/Mar/2012:07:46:40 -0700] "-" 400 0 "-" "-"
122.174.49.22 - - [13/Mar/2012:07:47:10 -0700] "-" 400 0 "-" "-"
117.213.13.243 - - [13/Mar/2012:07:47:10 -0700] "-" 400 0 "-" "-"
117.213.13.243 - - [13/Mar/2012:07:47:10 -0700] "-" 400 0 "-" "-"
122.174.49.22 - - [13/Mar/2012:07:47:11 -0700] "-" 400 0 "-" "-"
207.46.204.212 - - [13/Mar/2012:07:47:16 -0700] "-" 400 0 "-" "-"
207.46.204.212 - - [13/Mar/2012:07:47:16 -0700] "-" 400 0 "-" "-"
207.46.204.212 - - [13/Mar/2012:07:47:21 -0700] "-" 400 0 "-" "-"
207.46.204.212 - - [13/Mar/2012:07:47:22 -0700] "-" 400 0 "-" "-"
207.46.204.212 - - [13/Mar/2012:07:47:22 -0700] "-" 400 0 "-" "-"
207.46.204.212 - - [13/Mar/2012:07:47:22 -0700] "-" 400 0 "-" "-"
207.46.204.212 - - [13/Mar/2012:07:47:26 -0700] "-" 400 0 "-" "-"
207.46.204.212 - - [13/Mar/2012:07:47:26 -0700] "-" 400 0 "-" "-"
207.46.204.212 - - [13/Mar/2012:07:47:26 -0700] "-" 400 0 "-" "-"
207.46.204.212 - - [13/Mar/2012:07:47:26 -0700] "-" 400 0 "-" "-"
207.46.204.212 - - [13/Mar/2012:07:47:27 -0700] "-" 400 0 "-" "-"
59.92.70.182 - - [13/Mar/2012:07:47:53 -0700] "GET /r/44o HTTP/1.1" 301 255 "http://ta.wikipedia.org/wiki/%E0%AE%9A%E0%AE%B0%E0%AF%8D%E0%AE%B5%E0%AE%AA%E0%AE%B3%E0%AF%8D%E0%AE%B3%E0%AE%BF_%E0%AE%B0%E0%AE%BE%E0%AE%A4%E0%AE%BE%E0%AE%95%E0%AE%BF%E0%AE%B0%E0%AF%81%E0%AE%B7%E0%AF%8D%E0%AE%A3%E0%AE%A9%E0%AF%8D" "Mozilla/4.0 (compatible; MSIE 8.0; Windows NT 5.1; Trident/4.0; .NET CLR 1.1.4322; InfoPath.2; AskTB5.5)"
59.92.70.182 - - [13/Mar/2012:07:47:53 -0700] "GET /s/ta/44o/ HTTP/1.1" 302 533 "http://ta.wikipedia.org/wiki/%E0%AE%9A%E0%AE%B0%E0%AF%8D%E0%AE%B5%E0%AE%AA%E0%AE%B3%E0%AF%8D%E0%AE%B3%E0%AE%BF_%E0%AE%B0%E0%AE%BE%E0%AE%A4%E0%AE%BE%E0%AE%95%E0%AE%BF%E0%AE%B0%E0%AF%81%E0%AE%B7%E0%AF%8D%E0%AE%A3%E0%AE%A9%E0%AF%8D" "Mozilla/4.0 (compatible; MSIE 8.0; Windows NT 5.1; Trident/4.0; .NET CLR 1.1.4322; InfoPath.2; AskTB5.5)"
59.92.70.182 - - [13/Mar/2012:07:47:58 -0700] "GET /r/44o HTTP/1.1" 301 255 "http://ta.wikipedia.org/wiki/%E0%AE%9A%E0%AE%B0%E0%AF%8D%E0%AE%B5%E0%AE%AA%E0%AE%B3%E0%AF%8D%E0%AE%B3%E0%AE%BF_%E0%AE%B0%E0%AE%BE%E0%AE%A4%E0%AE%BE%E0%AE%95%E0%AE%BF%E0%AE%B0%E0%AF%81%E0%AE%B7%E0%AF%8D%E0%AE%A3%E0%AE%A9%E0%AF%8D" "Mozilla/4.0 (compatible; MSIE 8.0; Windows NT 5.1; Trident/4.0; .NET CLR 1.1.4322; InfoPath.2; AskTB5.5)"
59.92.70.182 - - [13/Mar/2012:07:47:59 -0700] "GET /s/ta/44o/ HTTP/1.1" 302 533 "http://ta.wikipedia.org/wiki/%E0%AE%9A%E0%AE%B0%E0%AF%8D%E0%AE%B5%E0%AE%AA%E0%AE%B3%E0%AF%8D%E0%AE%B3%E0%AE%BF_%E0%AE%B0%E0%AE%BE%E0%AE%A4%E0%AE%BE%E0%AE%95%E0%AE%BF%E0%AE%B0%E0%AF%81%E0%AE%B7%E0%AF%8D%E0%AE%A3%E0%AE%A9%E0%AF%8D" "Mozilla/4.0 (compatible; MSIE 8.0; Windows NT 5.1; Trident/4.0; .NET CLR 1.1.4322; InfoPath.2; AskTB5.5)"
207.46.204.212 - - [13/Mar/2012:07:47:59 -0700] "-" 400 0 "-" "-"
59.92.70.182 - - [13/Mar/2012:07:48:57 -0700] "GET /r/44o HTTP/1.1" 301 255 "-" "Mozilla/4.0 (compatible; MSIE 8.0; Windows NT 5.1; Trident/4.0; .NET CLR 1.1.4322; InfoPath.2; AskTB5.5)"
59.92.70.182 - - [13/Mar/2012:07:48:57 -0700] "GET /s/ta/44o/ HTTP/1.1" 302 533 "-" "Mozilla/4.0 (compatible; MSIE 8.0; Windows NT 5.1; Trident/4.0; .NET CLR 1.1.4322; InfoPath.2; AskTB5.5)"
85.17.88.169 - - [13/Mar/2012:07:50:11 -0700] "POST /blog/wp-cron.php?doing_wp_cron=1331650112 HTTP/1.0" 499 0 "-" "WordPress/3.3.1; http://yuvi.in/blog"
209.85.224.89 - - [13/Mar/2012:07:50:11 -0700] "GET /blog/feed HTTP/1.1" 304 0 "-" "FeedBurner/1.0 (http://www.FeedBurner.com)"
183.83.218.206 - - [13/Mar/2012:07:50:20 -0700] "GET /blog/ HTTP/1.1" 200 9194 "-" "Mozilla/5.0 (Windows NT 6.1; WOW64) AppleWebKit/535.11 (KHTML, like Gecko) Chrome/17.0.963.78 Safari/535.11"
183.83.218.206 - - [13/Mar/2012:07:50:21 -0700] "GET /blog/wp-content/themes/cleanr/style.css HTTP/1.1" 200 10508 "http://yuvi.in/blog/" "Mozilla/5.0 (Windows NT 6.1; WOW64) AppleWebKit/535.11 (KHTML, like Gecko) Chrome/17.0.963.78 Safari/535.11"
183.83.218.206 - - [13/Mar/2012:07:50:21 -0700] "GET /blog/wp-content/themes/cleanr/js/jquery.dropdown.js?ver=3.3.1 HTTP/1.1" 200 535 "http://yuvi.in/blog/" "Mozilla/5.0 (Windows NT 6.1; WOW64) AppleWebKit/535.11 (KHTML, like Gecko) Chrome/17.0.963.78 Safari/535.11"
183.83.218.206 - - [13/Mar/2012:07:50:22 -0700] "GET /blog/wp-content/themes/cleanr/css/reset.css HTTP/1.1" 200 648 "http://yuvi.in/blog/" "Mozilla/5.0 (Windows NT 6.1; WOW64) AppleWebKit/535.11 (KHTML, like Gecko) Chrome/17.0.963.78 Safari/535.11"
183.83.218.206 - - [13/Mar/2012:07:50:22 -0700] "GET /blog/wp-content/themes/cleanr/css/text.css HTTP/1.1" 200 420 "http://yuvi.in/blog/" "Mozilla/5.0 (Windows NT 6.1; WOW64) AppleWebKit/535.11 (KHTML, like Gecko) Chrome/17.0.963.78 Safari/535.11"
183.83.218.206 - - [13/Mar/2012:07:50:22 -0700] "GET /blog/wp-includes/js/jquery/jquery.js?ver=1.7.1 HTTP/1.1" 200 93889 "http://yuvi.in/blog/" "Mozilla/5.0 (Windows NT 6.1; WOW64) AppleWebKit/535.11 (KHTML, like Gecko) Chrome/17.0.963.78 Safari/535.11"
183.83.218.206 - - [13/Mar/2012:07:50:22 -0700] "GET /blog/wp-content/themes/cleanr/css/960.css HTTP/1.1" 200 3628 "http://yuvi.in/blog/" "Mozilla/5.0 (Windows NT 6.1; WOW64) AppleWebKit/535.11 (KHTML, like Gecko) Chrome/17.0.963.78 Safari/535.11"
183.83.218.206 - - [13/Mar/2012:07:50:24 -0700] "GET /blog/wp-content/themes/cleanr/images/search_magnifier.gif HTTP/1.1" 200 394 "http://yuvi.in/blog/" "Mozilla/5.0 (Windows NT 6.1; WOW64) AppleWebKit/535.11 (KHTML, like Gecko) Chrome/17.0.963.78 Safari/535.11"
183.83.218.206 - - [13/Mar/2012:07:50:25 -0700] "GET /favicon.ico HTTP/1.1" 404 199 "-" "Mozilla/5.0 (Windows NT 6.1; WOW64) AppleWebKit/535.11 (KHTML, like Gecko) Chrome/17.0.963.78 Safari/535.11"
69.171.242.249 - - [13/Mar/2012:07:54:02 -0700] "GET /r/p0f HTTP/1.1" 301 255 "-" "facebookexternalhit/1.1 (+http://www.facebook.com/externalhit_uatext.php)"
69.171.242.246 - - [13/Mar/2012:07:54:02 -0700] "GET /s/ta/p0f/ HTTP/1.1" 302 433 "-" "facebookexternalhit/1.1 (+http://www.facebook.com/externalhit_uatext.php)"
117.193.24.136 - - [13/Mar/2012:07:55:12 -0700] "-" 400 0 "-" "-"
85.17.88.169 - - [13/Mar/2012:07:56:18 -0700] "POST /blog/wp-cron.php?doing_wp_cron=1331650480 HTTP/1.0" 499 0 "-" "WordPress/3.3.1; http://yuvi.in/blog"
209.85.238.115 - - [13/Mar/2012:07:56:19 -0700] "GET /blog/feed HTTP/1.1" 301 0 "-" "Feedfetcher-Google; (+http://www.google.com/feedfetcher.html; 3 subscribers; feed-id=17684830852112633560)"
85.17.88.169 - - [13/Mar/2012:07:56:21 -0700] "POST /blog/wp-cron.php?doing_wp_cron=1331650482 HTTP/1.0" 499 0 "-" "WordPress/3.3.1; http://yuvi.in/blog"
209.85.238.115 - - [13/Mar/2012:07:56:21 -0700] "GET /blog/feed/ HTTP/1.1" 304 0 "-" "Feedfetcher-Google; (+http://www.google.com/feedfetcher.html; 3 subscribers; feed-id=17684830852112633560)"
66.249.68.52 - - [13/Mar/2012:07:57:11 -0700] "GET /r/gke HTTP/1.1" 301 255 "-" "Mozilla/5.0 (compatible; Googlebot/2.1; +http://www.google.com/bot.html)"
66.249.68.52 - - [13/Mar/2012:07:57:12 -0700] "GET /s/ta/gke/ HTTP/1.1" 302 439 "-" "Mozilla/5.0 (compatible; Googlebot/2.1; +http://www.google.com/bot.html)"
213.186.127.13 - - [13/Mar/2012:08:00:13 -0700] "GET /blog HTTP/1.1" 301 178 "-" "Mozilla/5.0 (compatible; AhrefsBot/2.0; +http://ahrefs.com/robot/)"
209.85.224.90 - - [13/Mar/2012:08:00:35 -0700] "GET /stories/feed HTTP/1.1" 200 13653 "-" "FeedBurner/1.0 (http://www.FeedBurner.com)"
207.46.12.73 - - [13/Mar/2012:08:03:30 -0700] "-" 400 0 "-" "-"
207.46.12.73 - - [13/Mar/2012:08:03:30 -0700] "-" 400 0 "-" "-"
207.46.12.73 - - [13/Mar/2012:08:03:31 -0700] "-" 400 0 "-" "-"
207.46.12.73 - - [13/Mar/2012:08:03:31 -0700] "-" 400 0 "-" "-"
207.46.12.73 - - [13/Mar/2012:08:03:31 -0700] "-" 400 0 "-" "-"
207.46.12.73 - - [13/Mar/2012:08:03:31 -0700] "-" 400 0 "-" "-"
207.46.12.73 - - [13/Mar/2012:08:03:31 -0700] "-" 400 0 "-" "-"
207.46.12.73 - - [13/Mar/2012:08:03:31 -0700] "-" 400 0 "-" "-"
207.46.12.73 - - [13/Mar/2012:08:03:31 -0700] "-" 400 0 "-" "-"
207.46.12.73 - - [13/Mar/2012:08:03:31 -0700] "-" 400 0 "-" "-"
66.249.68.52 - - [13/Mar/2012:08:06:25 -0700] "GET /r/hb3 HTTP/1.1" 301 255 "-" "Mozilla/5.0 (compatible; Googlebot/2.1; +http://www.google.com/bot.html)"
66.249.68.52 - - [13/Mar/2012:08:06:26 -0700] "GET /s/ta/hb3/ HTTP/1.1" 302 621 "-" "Mozilla/5.0 (compatible; Googlebot/2.1; +http://www.google.com/bot.html)"
141.0.10.71 - - [13/Mar/2012:08:12:57 -0700] "-" 400 0 "-" "-"
69.171.224.249 - - [13/Mar/2012:08:13:14 -0700] "GET /r/p0f HTTP/1.1" 301 255 "-" "facebookexternalhit/1.1 (+http://www.facebook.com/externalhit_uatext.php)"
69.171.224.246 - - [13/Mar/2012:08:13:14 -0700] "GET /s/ta/p0f/ HTTP/1.1" 302 433 "-" "facebookexternalhit/1.1 (+http://www.facebook.com/externalhit_uatext.php)"
98.172.15.254 - - [13/Mar/2012:08:15:03 -0700] "GET / HTTP/1.1" 200 3439 "-" "Reeder/1010.59.00 CFNetwork/520.3.2 Darwin/11.3.0 (x86_64) (MacBookPro8%2C1)"
98.172.15.254 - - [13/Mar/2012:08:15:03 -0700] "GET /favicon.ico HTTP/1.1" 404 169 "-" "Reeder/1010.59.00 CFNetwork/520.3.2 Darwin/11.3.0 (x86_64) (MacBookPro8%2C1)"
98.172.15.254 - - [13/Mar/2012:08:15:03 -0700] "GET /apple-touch-icon.png HTTP/1.1" 404 169 "-" "Reeder/1010.59.00 CFNetwork/520.3.2 Darwin/11.3.0 (x86_64) (MacBookPro8%2C1)"
98.172.15.254 - - [13/Mar/2012:08:15:04 -0700] "GET /apple-touch-icon-precomposed.png HTTP/1.1" 404 169 "-" "Reeder/1010.59.00 CFNetwork/520.3.2 Darwin/11.3.0 (x86_64) (MacBookPro8%2C1)"
117.193.176.127 - - [13/Mar/2012:08:15:11 -0700] "-" 400 0 "-" "-"
117.193.27.61 - - [13/Mar/2012:08:17:41 -0700] "-" 400 0 "-" "-"
141.0.10.71 - - [13/Mar/2012:08:18:29 -0700] "-" 400 0 "-" "-"
117.193.176.127 - - [13/Mar/2012:08:19:41 -0700] "-" 400 0 "-" "-"
85.17.88.169 - - [13/Mar/2012:08:20:22 -0700] "POST /blog/wp-cron.php?doing_wp_cron=1331651923 HTTP/1.0" 499 0 "-" "WordPress/3.3.1; http://yuvi.in/blog"
209.85.224.96 - - [13/Mar/2012:08:20:23 -0700] "GET /blog/feed HTTP/1.1" 304 0 "-" "FeedBurner/1.0 (http://www.FeedBurner.com)"
59.92.23.195 - - [13/Mar/2012:08:22:38 -0700] "-" 400 0 "-" "-"
59.92.23.195 - - [13/Mar/2012:08:22:38 -0700] "-" 400 0 "-" "-"
85.17.88.169 - - [13/Mar/2012:08:23:19 -0700] "POST /blog/wp-cron.php?doing_wp_cron=1331652100 HTTP/1.0" 499 0 "-" "WordPress/3.3.1; http://yuvi.in/blog"
184.73.121.22 - - [13/Mar/2012:08:23:19 -0700] "GET /blog/what-stop-child-athiest/ HTTP/1.1" 200 5573 "-" "Mozilla/5.0 (Macintosh; U; Intel Mac OS X 10.6; en-US; rv:1.9.2) Gecko/20100115 Firefox/3.6 (FlipboardProxy/1.1; +http://flipboard.com/browserproxy)"
85.17.88.169 - - [13/Mar/2012:08:23:49 -0700] "POST /blog/wp-cron.php?doing_wp_cron=1331652131 HTTP/1.0" 499 0 "-" "WordPress/3.3.1; http://yuvi.in/blog"
78.188.11.153 - - [13/Mar/2012:08:23:51 -0700] "GET /blog/ HTTP/1.1" 200 33079 "-" "Mozilla/5.0 (compatible; Googlebot/2.1; +http://www.google.com/bot.html)"
88.131.106.3 - - [13/Mar/2012:08:23:55 -0700] "GET /robots.txt HTTP/1.0" 404 169 "-" "Mozilla/5.0 (Windows; U; Windows NT 5.1; en-US) Speedy Spider (http://www.entireweb.com/about/search_tech/speedy_spider/)"
88.131.106.3 - - [13/Mar/2012:08:23:56 -0700] "GET /blog HTTP/1.0" 301 178 "-" "Mozilla/5.0 (Windows; U; Windows NT 5.1; en-US) Speedy Spider (http://www.entireweb.com/about/search_tech/speedy_spider/)"
85.17.88.169 - - [13/Mar/2012:08:23:58 -0700] "POST /blog/wp-cron.php?doing_wp_cron=1331652139 HTTP/1.0" 499 0 "-" "WordPress/3.3.1; http://yuvi.in/blog"
88.131.106.8 - - [13/Mar/2012:08:24:00 -0700] "GET /blog/ HTTP/1.0" 200 33019 "-" "Mozilla/5.0 (Windows; U; Windows NT 5.1; en-US) Speedy Spider (http://www.entireweb.com/about/search_tech/speedy_spider/)"
66.249.68.52 - - [13/Mar/2012:08:24:46 -0700] "GET /r/14ns HTTP/1.1" 301 257 "-" "Mozilla/5.0 (compatible; Googlebot/2.1; +http://www.google.com/bot.html)"
66.249.68.52 - - [13/Mar/2012:08:24:48 -0700] "GET /s/ta/14ns/ HTTP/1.1" 302 385 "-" "Mozilla/5.0 (compatible; Googlebot/2.1; +http://www.google.com/bot.html)"
115.242.165.250 - - [13/Mar/2012:08:25:28 -0700] "-" 400 0 "-" "-"
115.242.165.250 - - [13/Mar/2012:08:25:28 -0700] "-" 400 0 "-" "-"
115.242.165.250 - - [13/Mar/2012:08:25:28 -0700] "-" 400 0 "-" "-"
115.242.165.250 - - [13/Mar/2012:08:25:28 -0700] "-" 400 0 "-" "-"
115.242.165.250 - - [13/Mar/2012:08:25:29 -0700] "-" 400 0 "-" "-"
85.17.88.169 - - [13/Mar/2012:08:26:24 -0700] "POST /blog/wp-cron.php?doing_wp_cron=1331652286 HTTP/1.0" 499 0 "-" "WordPress/3.3.1; http://yuvi.in/blog"
180.215.46.168 - - [13/Mar/2012:08:26:25 -0700] "GET /blog/the-fridge-at-interviewstreet-office/ HTTP/1.1" 200 4588 "-" "Mozilla/5.0 (Windows NT 6.1; WOW64) AppleWebKit/535.11 (KHTML, like Gecko) Chrome/17.0.963.56 Safari/535.11"
180.215.46.168 - - [13/Mar/2012:08:26:29 -0700] "GET /blog/wp-content/themes/cleanr/style.css HTTP/1.1" 200 10508 "http://yuvi.in/blog/the-fridge-at-interviewstreet-office/" "Mozilla/5.0 (Windows NT 6.1; WOW64) AppleWebKit/535.11 (KHTML, like Gecko) Chrome/17.0.963.56 Safari/535.11"
180.215.46.168 - - [13/Mar/2012:08:26:34 -0700] "GET /blog/wp-content/themes/cleanr/js/jquery.dropdown.js?ver=3.3.1 HTTP/1.1" 200 535 "http://yuvi.in/blog/the-fridge-at-interviewstreet-office/" "Mozilla/5.0 (Windows NT 6.1; WOW64) AppleWebKit/535.11 (KHTML, like Gecko) Chrome/17.0.963.56 Safari/535.11"
180.215.46.168 - - [13/Mar/2012:08:26:42 -0700] "GET /blog/wp-content/themes/cleanr/css/reset.css HTTP/1.1" 200 648 "http://yuvi.in/blog/the-fridge-at-interviewstreet-office/" "Mozilla/5.0 (Windows NT 6.1; WOW64) AppleWebKit/535.11 (KHTML, like Gecko) Chrome/17.0.963.56 Safari/535.11"
180.215.46.168 - - [13/Mar/2012:08:26:42 -0700] "GET /blog/wp-content/themes/cleanr/css/text.css HTTP/1.1" 200 420 "http://yuvi.in/blog/the-fridge-at-interviewstreet-office/" "Mozilla/5.0 (Windows NT 6.1; WOW64) AppleWebKit/535.11 (KHTML, like Gecko) Chrome/17.0.963.56 Safari/535.11"
180.215.46.168 - - [13/Mar/2012:08:26:44 -0700] "GET /blog/wp-content/themes/cleanr/css/960.css HTTP/1.1" 200 3628 "http://yuvi.in/blog/the-fridge-at-interviewstreet-office/" "Mozilla/5.0 (Windows NT 6.1; WOW64) AppleWebKit/535.11 (KHTML, like Gecko) Chrome/17.0.963.56 Safari/535.11"
180.215.46.168 - - [13/Mar/2012:08:27:08 -0700] "GET /blog/wp-includes/js/jquery/jquery.js?ver=1.7.1 HTTP/1.1" 200 93889 "http://yuvi.in/blog/the-fridge-at-interviewstreet-office/" "Mozilla/5.0 (Windows NT 6.1; WOW64) AppleWebKit/535.11 (KHTML, like Gecko) Chrome/17.0.963.56 Safari/535.11"
180.215.46.168 - - [13/Mar/2012:08:27:17 -0700] "GET /blog/wp-content/themes/cleanr/images/search_magnifier.gif HTTP/1.1" 200 394 "http://yuvi.in/blog/the-fridge-at-interviewstreet-office/" "Mozilla/5.0 (Windows NT 6.1; WOW64) AppleWebKit/535.11 (KHTML, like Gecko) Chrome/17.0.963.56 Safari/535.11"
85.17.88.169 - - [13/Mar/2012:08:27:33 -0700] "POST /blog/wp-cron.php?doing_wp_cron=1331652354 HTTP/1.0" 499 0 "-" "WordPress/3.3.1; http://yuvi.in/blog"
180.215.46.168 - - [13/Mar/2012:08:27:33 -0700] "GET /blog/the-fridge-at-interviewstreet-office/?cf_action=sync_comments&post_id=179 HTTP/1.1" 200 48 "http://yuvi.in/blog/the-fridge-at-interviewstreet-office/" "Mozilla/5.0 (Windows NT 6.1; WOW64) AppleWebKit/535.11 (KHTML, like Gecko) Chrome/17.0.963.56 Safari/535.11"
157.55.112.201 - - [13/Mar/2012:08:32:49 -0700] "-" 400 0 "-" "-"
157.55.112.201 - - [13/Mar/2012:08:32:51 -0700] "-" 400 0 "-" "-"
157.55.112.201 - - [13/Mar/2012:08:32:51 -0700] "-" 400 0 "-" "-"
157.55.112.201 - - [13/Mar/2012:08:32:51 -0700] "-" 400 0 "-" "-"
157.55.112.201 - - [13/Mar/2012:08:32:51 -0700] "-" 400 0 "-" "-"
157.55.112.201 - - [13/Mar/2012:08:32:55 -0700] "-" 400 0 "-" "-"
157.55.112.201 - - [13/Mar/2012:08:32:55 -0700] "-" 400 0 "-" "-"
157.55.112.201 - - [13/Mar/2012:08:32:55 -0700] "-" 400 0 "-" "-"
157.55.112.201 - - [13/Mar/2012:08:33:04 -0700] "-" 400 0 "-" "-"
157.55.112.201 - - [13/Mar/2012:08:33:04 -0700] "-" 400 0 "-" "-"
157.55.112.201 - - [13/Mar/2012:08:33:36 -0700] "-" 400 0 "-" "-"
69.171.229.247 - - [13/Mar/2012:08:33:50 -0700] "GET /r/vpm HTTP/1.1" 301 255 "-" "facebookexternalhit/1.1 (+http://www.facebook.com/externalhit_uatext.php)"
69.171.229.246 - - [13/Mar/2012:08:33:50 -0700] "GET /s/ta/vpm/ HTTP/1.1" 302 637 "-" "facebookexternalhit/1.1 (+http://www.facebook.com/externalhit_uatext.php)"
122.178.17.184 - - [13/Mar/2012:08:37:25 -0700] "-" 400 0 "-" "-"
122.178.17.184 - - [13/Mar/2012:08:37:30 -0700] "-" 400 0 "-" "-"
122.178.17.184 - - [13/Mar/2012:08:39:18 -0700] "-" 400 0 "-" "-"
121.247.255.9 - - [13/Mar/2012:08:40:03 -0700] "-" 400 0 "-" "-"
121.247.255.9 - - [13/Mar/2012:08:40:12 -0700] "-" 400 0 "-" "-"
121.247.255.9 - - [13/Mar/2012:08:40:12 -0700] "-" 400 0 "-" "-"
207.46.204.215 - - [13/Mar/2012:08:42:17 -0700] "-" 400 0 "-" "-"
207.46.204.215 - - [13/Mar/2012:08:42:17 -0700] "-" 400 0 "-" "-"
207.46.204.215 - - [13/Mar/2012:08:42:17 -0700] "-" 400 0 "-" "-"
207.46.204.215 - - [13/Mar/2012:08:42:17 -0700] "-" 400 0 "-" "-"
207.46.204.215 - - [13/Mar/2012:08:42:18 -0700] "-" 400 0 "-" "-"
207.46.204.215 - - [13/Mar/2012:08:42:18 -0700] "-" 400 0 "-" "-"
207.46.204.215 - - [13/Mar/2012:08:42:18 -0700] "-" 400 0 "-" "-"
207.46.204.215 - - [13/Mar/2012:08:42:18 -0700] "-" 400 0 "-" "-"
207.46.204.215 - - [13/Mar/2012:08:42:18 -0700] "-" 400 0 "-" "-"
85.17.88.169 - - [13/Mar/2012:08:42:37 -0700] "POST /blog/wp-cron.php?doing_wp_cron=1331653258 HTTP/1.0" 499 0 "-" "WordPress/3.3.1; http://yuvi.in/blog"
209.85.238.115 - - [13/Mar/2012:08:42:38 -0700] "GET /blog/feed/ HTTP/1.1" 304 0 "-" "Feedfetcher-Google; (+http://www.google.com/feedfetcher.html; 19 subscribers; feed-id=15064232456473204253)"
207.46.204.215 - - [13/Mar/2012:08:42:42 -0700] "-" 400 0 "-" "-"
207.46.204.215 - - [13/Mar/2012:08:42:42 -0700] "-" 400 0 "-" "-"
210.63.96.66 - - [13/Mar/2012:08:44:52 -0700] "HEAD / HTTP/1.0" 200 0 "-" "-"
74.125.126.101 - - [13/Mar/2012:08:45:18 -0700] "GET /favicon.ico HTTP/1.1" 404 211 "-" "-"
188.49.8.202 - - [13/Mar/2012:08:45:20 -0700] "GET /r/15mu HTTP/1.1" 301 257 "http://ta.wikipedia.org/wiki/%E0%AE%A4%E0%AE%AE%E0%AE%BF%E0%AE%B4%E0%AE%95_%E0%AE%B5%E0%AE%B0%E0%AE%B2%E0%AE%BE%E0%AE%B1%E0%AF%81" "Mozilla/5.0 (Windows NT 6.1; WOW64; rv:10.0.2) Gecko/20100101 Firefox/10.0.2"
188.49.8.202 - - [13/Mar/2012:08:45:21 -0700] "GET /s/ta/15mu/ HTTP/1.1" 302 401 "http://ta.wikipedia.org/wiki/%E0%AE%A4%E0%AE%AE%E0%AE%BF%E0%AE%B4%E0%AE%95_%E0%AE%B5%E0%AE%B0%E0%AE%B2%E0%AE%BE%E0%AE%B1%E0%AF%81" "Mozilla/5.0 (Windows NT 6.1; WOW64; rv:10.0.2) Gecko/20100101 Firefox/10.0.2"
188.49.8.202 - - [13/Mar/2012:08:45:25 -0700] "-" 400 0 "-" "-"
182.18.191.94 - - [13/Mar/2012:08:46:48 -0700] "GET / HTTP/1.1" 200 1430 "http://www.google.co.in/url?sa=t&rct=j&q=yuvi&source=web&cd=1&sqi=2&ved=0CDgQFjAA&url=http%3A%2F%2Fyuvi.in%2F&ei=c2tfT85UhLisB8HlnPYF&usg=AFQjCNGCp_KinRzG9gFsQqxb60Cy8lsxnA" "Mozilla/5.0 (Windows NT 5.1; rv:10.0.2) Gecko/20100101 Firefox/10.0.2"
182.18.191.94 - - [13/Mar/2012:08:46:49 -0700] "GET /blueprint/screen.css HTTP/1.1" 200 12058 "http://yuvi.in/" "Mozilla/5.0 (Windows NT 5.1; rv:10.0.2) Gecko/20100101 Firefox/10.0.2"
182.18.191.94 - - [13/Mar/2012:08:46:50 -0700] "GET /blueprint/print.css HTTP/1.1" 200 1284 "http://yuvi.in/" "Mozilla/5.0 (Windows NT 5.1; rv:10.0.2) Gecko/20100101 Firefox/10.0.2"
182.18.191.94 - - [13/Mar/2012:08:46:50 -0700] "GET /header.png HTTP/1.1" 200 14249 "http://yuvi.in/" "Mozilla/5.0 (Windows NT 5.1; rv:10.0.2) Gecko/20100101 Firefox/10.0.2"
