173.169.226.223 - - [17/Apr/2012:16:48:00 -0700] "GET /AssessmentBar/r/Unassessed_India_articles/ HTTP/1.1" 302 297 "http://en.wikipedia.org/wiki/Kolkata_Knight_Riders" "Mozilla/5.0 (Windows NT 6.1) AppleWebKit/534.54.16 (KHTML, like Gecko) Version/5.1.4 Safari/534.54.16"
173.169.226.223 - - [17/Apr/2012:16:49:04 -0700] "GET /AssessmentBar/r/Unassessed_India_articles/ HTTP/1.1" 302 297 "http://en.wikipedia.org/wiki/Talk:Jagdish_Prasad_Mathur" "Mozilla/5.0 (Windows NT 6.1) AppleWebKit/534.54.16 (KHTML, like Gecko) Version/5.1.4 Safari/534.54.16"
173.169.226.223 - - [17/Apr/2012:16:49:06 -0700] "GET /AssessmentBar/r/Unassessed_India_articles/ HTTP/1.1" 302 307 "http://en.wikipedia.org/wiki/Kuttumuck_Siva_Temple" "Mozilla/5.0 (Windows NT 6.1) AppleWebKit/534.54.16 (KHTML, like Gecko) Version/5.1.4 Safari/534.54.16"
173.169.226.223 - - [17/Apr/2012:16:49:09 -0700] "GET /AssessmentBar/r/Unassessed_India_articles/ HTTP/1.1" 302 277 "http://en.wikipedia.org/wiki/Rukmini_Devi_public_school" "Mozilla/5.0 (Windows NT 6.1) AppleWebKit/534.54.16 (KHTML, like Gecko) Version/5.1.4 Safari/534.54.16"
173.169.226.223 - - [17/Apr/2012:16:49:12 -0700] "GET /AssessmentBar/r/Unassessed_India_articles/ HTTP/1.1" 302 277 "http://en.wikipedia.org/wiki/Chargesheet" "Mozilla/5.0 (Windows NT 6.1) AppleWebKit/534.54.16 (KHTML, like Gecko) Version/5.1.4 Safari/534.54.16"
173.169.226.223 - - [17/Apr/2012:16:49:40 -0700] "GET /AssessmentBar/r/Unassessed_India_articles/ HTTP/1.1" 302 305 "http://en.wikipedia.org/wiki/Pulavankadu" "Mozilla/5.0 (Windows NT 6.1) AppleWebKit/534.54.16 (KHTML, like Gecko) Version/5.1.4 Safari/534.54.16"
213.186.127.13 - - [17/Apr/2012:16:50:24 -0700] "GET /r/2rvk HTTP/1.1" 301 257 "-" "Mozilla/5.0 (compatible; AhrefsBot/2.0; +http://ahrefs.com/robot/)"
173.169.226.223 - - [17/Apr/2012:16:50:28 -0700] "GET /AssessmentBar/r/Unassessed_India_articles/ HTTP/1.1" 302 319 "http://en.wikipedia.org/wiki/The_Record_Music_Magazine" "Mozilla/5.0 (Windows NT 6.1) AppleWebKit/534.54.16 (KHTML, like Gecko) Version/5.1.4 Safari/534.54.16"
85.17.88.169 - - [17/Apr/2012:16:50:33 -0700] "POST /blog/wp-cron.php?doing_wp_cron=1334706251 HTTP/1.0" 499 0 "-" "WordPress/3.3.1; http://yuvi.in/blog"
209.85.224.95 - - [17/Apr/2012:16:50:33 -0700] "GET /blog/feed HTTP/1.1" 304 0 "-" "FeedBurner/1.0 (http://www.FeedBurner.com)"
173.169.226.223 - - [17/Apr/2012:16:50:46 -0700] "GET /AssessmentBar/r/Unassessed_India_articles/ HTTP/1.1" 302 319 "http://en.wikipedia.org/wiki/Federation_of_Indian_Photography" "Mozilla/5.0 (Windows NT 6.1) AppleWebKit/534.54.16 (KHTML, like Gecko) Version/5.1.4 Safari/534.54.16"
85.17.88.169 - - [17/Apr/2012:16:50:49 -0700] "POST /blog/wp-cron.php?doing_wp_cron=1334706268 HTTP/1.0" 499 0 "-" "WordPress/3.3.1; http://yuvi.in/blog"
220.181.108.78 - - [17/Apr/2012:16:50:50 -0700] "GET /blog/passing-headers-proxying-nginx/ HTTP/1.1" 200 4633 "-" "Mozilla/5.0 (compatible; Baiduspider/2.0; +http://www.baidu.com/search/spider.html)"
173.169.226.223 - - [17/Apr/2012:16:51:10 -0700] "GET /AssessmentBar/r/Unassessed_India_articles/ HTTP/1.1" 302 271 "http://en.wikipedia.org/wiki/Chirayinkeezhu_Ramakrishnan_Nair" "Mozilla/5.0 (Windows NT 6.1) AppleWebKit/534.54.16 (KHTML, like Gecko) Version/5.1.4 Safari/534.54.16"
173.169.226.223 - - [17/Apr/2012:16:51:14 -0700] "GET /AssessmentBar/r/Unassessed_India_articles/ HTTP/1.1" 302 291 "http://en.wikipedia.org/wiki/Thanesar" "Mozilla/5.0 (Windows NT 6.1) AppleWebKit/534.54.16 (KHTML, like Gecko) Version/5.1.4 Safari/534.54.16"
173.169.226.223 - - [17/Apr/2012:16:51:42 -0700] "GET /AssessmentBar/r/Unassessed_India_articles/ HTTP/1.1" 302 281 "http://en.wikipedia.org/wiki/MCX_Stock_Exchange" "Mozilla/5.0 (Windows NT 6.1) AppleWebKit/534.54.16 (KHTML, like Gecko) Version/5.1.4 Safari/534.54.16"
173.169.226.223 - - [17/Apr/2012:16:52:18 -0700] "GET /AssessmentBar/r/Unassessed_India_articles/ HTTP/1.1" 302 295 "http://en.wikipedia.org/wiki/Indian_Shield" "Mozilla/5.0 (Windows NT 6.1) AppleWebKit/534.54.16 (KHTML, like Gecko) Version/5.1.4 Safari/534.54.16"
85.17.88.169 - - [17/Apr/2012:16:52:46 -0700] "POST /blog/wp-cron.php?doing_wp_cron=1334706385 HTTP/1.0" 499 0 "-" "WordPress/3.3.1; http://yuvi.in/blog"
209.85.238.182 - - [17/Apr/2012:16:52:46 -0700] "GET /blog/feed HTTP/1.1" 301 0 "-" "Feedfetcher-Google; (+http://www.google.com/feedfetcher.html; 3 subscribers; feed-id=17684830852112633560)"
207.46.13.99 - - [17/Apr/2012:16:52:47 -0700] "GET /robots.txt HTTP/1.1" 404 169 "-" "Mozilla/5.0 (compatible; bingbot/2.0; +http://www.bing.com/bingbot.htm)"
85.17.88.169 - - [17/Apr/2012:16:52:48 -0700] "POST /blog/wp-cron.php?doing_wp_cron=1334706387 HTTP/1.0" 499 0 "-" "WordPress/3.3.1; http://yuvi.in/blog"
209.85.238.182 - - [17/Apr/2012:16:52:49 -0700] "GET /blog/feed/ HTTP/1.1" 304 0 "-" "Feedfetcher-Google; (+http://www.google.com/feedfetcher.html; 3 subscribers; feed-id=17684830852112633560)"
173.169.226.223 - - [17/Apr/2012:16:52:50 -0700] "GET /AssessmentBar/r/Unassessed_India_articles/ HTTP/1.1" 302 309 "http://en.wikipedia.org/wiki/SDD_Global_Solutions" "Mozilla/5.0 (Windows NT 6.1) AppleWebKit/534.54.16 (KHTML, like Gecko) Version/5.1.4 Safari/534.54.16"
173.169.226.223 - - [17/Apr/2012:16:53:10 -0700] "GET /AssessmentBar/r/Unassessed_India_articles/ HTTP/1.1" 302 269 "http://en.wikipedia.org/wiki/Shakti_Pharmatech_Pvt._Ltd." "Mozilla/5.0 (Windows NT 6.1) AppleWebKit/534.54.16 (KHTML, like Gecko) Version/5.1.4 Safari/534.54.16"
85.17.88.169 - - [17/Apr/2012:16:57:28 -0700] "POST /blog/wp-cron.php?doing_wp_cron=1334706666 HTTP/1.0" 499 0 "-" "WordPress/3.3.1; http://yuvi.in/blog"
207.46.13.99 - - [17/Apr/2012:16:57:28 -0700] "GET /blog/work-life-balance/ HTTP/1.1" 200 6456 "-" "Mozilla/5.0 (compatible; bingbot/2.0; +http://www.bing.com/bingbot.htm)"
117.206.96.46 - - [17/Apr/2012:17:04:09 -0700] "GET /r/1va HTTP/1.1" 301 255 "-" "Mozilla/5.0 (iPod; CPU iPhone OS 5_1 like Mac OS X) AppleWebKit/534.46 (KHTML, like Gecko) Mobile/9B176"
117.206.96.46 - - [17/Apr/2012:17:04:09 -0700] "GET /s/ta/1va/ HTTP/1.1" 302 409 "-" "Mozilla/5.0 (iPod; CPU iPhone OS 5_1 like Mac OS X) AppleWebKit/534.46 (KHTML, like Gecko) Mobile/9B176"
69.171.234.4 - - [17/Apr/2012:17:08:04 -0700] "GET /r/7bu HTTP/1.1" 301 255 "-" "facebookexternalhit/1.1 (+http://www.facebook.com/externalhit_uatext.php)"
69.171.234.2 - - [17/Apr/2012:17:08:04 -0700] "GET /s/ta/7bu/ HTTP/1.1" 302 337 "-" "facebookexternalhit/1.1 (+http://www.facebook.com/externalhit_uatext.php)"
85.17.88.169 - - [17/Apr/2012:17:10:26 -0700] "POST /blog/wp-cron.php?doing_wp_cron=1334707444 HTTP/1.0" 499 0 "-" "WordPress/3.3.1; http://yuvi.in/blog"
209.85.238.182 - - [17/Apr/2012:17:10:26 -0700] "GET /blog/feed/ HTTP/1.1" 304 0 "-" "Feedfetcher-Google; (+http://www.google.com/feedfetcher.html; 19 subscribers; feed-id=15064232456473204253)"
85.17.88.169 - - [17/Apr/2012:17:12:21 -0700] "POST /blog/wp-cron.php?doing_wp_cron=1334707560 HTTP/1.0" 499 0 "-" "WordPress/3.3.1; http://yuvi.in/blog"
220.181.108.113 - - [17/Apr/2012:17:12:23 -0700] "GET /blog/page/2/ HTTP/1.1" 200 26316 "-" "Mozilla/5.0 (compatible; Baiduspider/2.0; +http://www.baidu.com/search/spider.html)"
207.46.193.39 - - [17/Apr/2012:17:13:50 -0700] "-" 400 0 "-" "-"
207.46.193.39 - - [17/Apr/2012:17:13:50 -0700] "-" 400 0 "-" "-"
207.46.193.39 - - [17/Apr/2012:17:13:50 -0700] "-" 400 0 "-" "-"
207.46.193.39 - - [17/Apr/2012:17:13:52 -0700] "-" 400 0 "-" "-"
207.46.193.39 - - [17/Apr/2012:17:13:53 -0700] "-" 400 0 "-" "-"
207.46.193.39 - - [17/Apr/2012:17:13:53 -0700] "-" 400 0 "-" "-"
207.46.193.39 - - [17/Apr/2012:17:13:54 -0700] "-" 400 0 "-" "-"
207.46.193.39 - - [17/Apr/2012:17:13:54 -0700] "-" 400 0 "-" "-"
207.46.193.39 - - [17/Apr/2012:17:13:55 -0700] "-" 400 0 "-" "-"
207.46.193.39 - - [17/Apr/2012:17:13:55 -0700] "-" 400 0 "-" "-"
207.46.193.39 - - [17/Apr/2012:17:13:56 -0700] "-" 400 0 "-" "-"
49.203.166.147 - - [17/Apr/2012:17:16:08 -0700] "-" 400 0 "-" "-"
85.17.88.169 - - [17/Apr/2012:17:17:15 -0700] "POST /blog/wp-cron.php?doing_wp_cron=1334707854 HTTP/1.0" 499 0 "-" "WordPress/3.3.1; http://yuvi.in/blog"
46.17.98.190 - - [17/Apr/2012:17:17:16 -0700] "GET /blog/ HTTP/1.0" 200 33142 "http://yuvi.in/blog/" "Mozilla/4.0 (compatible; MSIE 6.0; Windows NT 5.1; FREE; .NET CLR 1.1.4322)"
46.17.98.211 - - [17/Apr/2012:17:19:21 -0700] "GET /blog/ HTTP/1.0" 200 33162 "http://yuvi.in/blog/" "Mozilla/0.6 Beta (Windows)"
85.17.88.169 - - [17/Apr/2012:17:19:40 -0700] "POST /blog/wp-cron.php?doing_wp_cron=1334707999 HTTP/1.0" 499 0 "-" "WordPress/3.3.1; http://yuvi.in/blog"
207.46.195.239 - - [17/Apr/2012:17:19:41 -0700] "GET /blog/tag/education/ HTTP/1.1" 200 10857 "-" "Mozilla/5.0 (compatible; bingbot/2.0; +http://www.bing.com/bingbot.htm)"
85.17.88.169 - - [17/Apr/2012:17:20:40 -0700] "POST /blog/wp-cron.php?doing_wp_cron=1334708059 HTTP/1.0" 499 0 "-" "WordPress/3.3.1; http://yuvi.in/blog"
209.85.224.96 - - [17/Apr/2012:17:20:41 -0700] "GET /blog/feed HTTP/1.1" 304 0 "-" "FeedBurner/1.0 (http://www.FeedBurner.com)"
95.108.150.235 - - [17/Apr/2012:17:24:06 -0700] "GET /robots.txt HTTP/1.1" 404 169 "-" "Mozilla/5.0 (compatible; YandexBot/3.0; +http://yandex.com/bots)"
95.108.150.235 - - [17/Apr/2012:17:24:07 -0700] "GET / HTTP/1.1" 200 1430 "-" "Mozilla/5.0 (compatible; YandexBot/3.0; +http://yandex.com/bots)"
95.108.150.235 - - [17/Apr/2012:17:24:08 -0700] "GET / HTTP/1.1" 200 1430 "-" "Mozilla/5.0 (compatible; YandexBot/3.0; +http://yandex.com/bots)"
95.211.139.1 - - [17/Apr/2012:17:25:59 -0700] "GET /stories HTTP/1.0" 301 185 "-" "Mozilla/5.0 (compatible; AcoonBot/4.10.6; +http://www.acoon.de/robot.asp)"
85.17.88.169 - - [17/Apr/2012:17:33:54 -0700] "POST /blog/wp-cron.php?doing_wp_cron=1334708852 HTTP/1.0" 499 0 "-" "WordPress/3.3.1; http://yuvi.in/blog"
220.181.108.186 - - [17/Apr/2012:17:33:54 -0700] "GET /blog/feed/atom/ HTTP/1.1" 200 24092 "-" "Mozilla/5.0 (compatible; Baiduspider/2.0; +http://www.baidu.com/search/spider.html)"
85.17.88.169 - - [17/Apr/2012:17:33:59 -0700] "POST /blog/wp-cron.php?doing_wp_cron=1334708857 HTTP/1.0" 499 0 "-" "WordPress/3.3.1; http://yuvi.in/blog"
101.226.33.189 - - [17/Apr/2012:17:33:59 -0700] "GET /blog/feed HTTP/1.0" 304 0 "-" "Mozilla/4.0 (compatible; Windows;)"
69.171.234.4 - - [17/Apr/2012:17:36:24 -0700] "GET /r/vwi HTTP/1.1" 301 255 "-" "facebookexternalhit/1.1 (+http://www.facebook.com/externalhit_uatext.php)"
69.171.234.5 - - [17/Apr/2012:17:36:24 -0700] "GET /s/ta/vwi/ HTTP/1.1" 302 365 "-" "facebookexternalhit/1.1 (+http://www.facebook.com/externalhit_uatext.php)"
207.46.204.217 - - [17/Apr/2012:17:37:46 -0700] "-" 400 0 "-" "-"
207.46.204.217 - - [17/Apr/2012:17:37:46 -0700] "-" 400 0 "-" "-"
207.46.204.217 - - [17/Apr/2012:17:37:46 -0700] "-" 400 0 "-" "-"
207.46.204.217 - - [17/Apr/2012:17:37:47 -0700] "-" 400 0 "-" "-"
207.46.204.217 - - [17/Apr/2012:17:37:47 -0700] "-" 400 0 "-" "-"
207.46.204.217 - - [17/Apr/2012:17:37:47 -0700] "-" 400 0 "-" "-"
207.46.204.217 - - [17/Apr/2012:17:37:47 -0700] "-" 400 0 "-" "-"
207.46.204.217 - - [17/Apr/2012:17:37:47 -0700] "-" 400 0 "-" "-"
207.46.204.217 - - [17/Apr/2012:17:37:47 -0700] "-" 400 0 "-" "-"
209.85.224.87 - - [17/Apr/2012:17:38:13 -0700] "GET /stories/feed HTTP/1.1" 200 13653 "-" "FeedBurner/1.0 (http://www.FeedBurner.com)"
207.46.204.217 - - [17/Apr/2012:17:38:34 -0700] "-" 400 0 "-" "-"
207.46.204.217 - - [17/Apr/2012:17:38:34 -0700] "-" 400 0 "-" "-"
78.93.250.130 - - [17/Apr/2012:17:43:07 -0700] "GET /r/24cg HTTP/1.0" 301 257 "http://ta.wikipedia.org/wiki/%E0%AE%9A%E0%AE%BF%E0%AE%A4%E0%AF%8D%E0%AE%A4%E0%AE%BE%E0%AE%B0%E0%AF%8D%E0%AE%95%E0%AF%8B%E0%AE%9F%E0%AF%8D%E0%AE%9F%E0%AF%88" "Mozilla/4.0 (compatible; MSIE 6.0; Windows NT 5.1; SV1; .NET CLR 1.1.4322)"
78.93.250.130 - - [17/Apr/2012:17:43:08 -0700] "GET /s/ta/24cg/ HTTP/1.0" 302 433 "http://ta.wikipedia.org/wiki/%E0%AE%9A%E0%AE%BF%E0%AE%A4%E0%AF%8D%E0%AE%A4%E0%AE%BE%E0%AE%B0%E0%AF%8D%E0%AE%95%E0%AF%8B%E0%AE%9F%E0%AF%8D%E0%AE%9F%E0%AF%88" "Mozilla/4.0 (compatible; MSIE 6.0; Windows NT 5.1; SV1; .NET CLR 1.1.4322)"
117.193.236.210 - - [17/Apr/2012:17:48:32 -0700] "-" 400 0 "-" "-"
117.193.236.210 - - [17/Apr/2012:17:48:32 -0700] "-" 400 0 "-" "-"
117.193.236.210 - - [17/Apr/2012:17:48:32 -0700] "-" 400 0 "-" "-"
117.193.236.210 - - [17/Apr/2012:17:48:32 -0700] "-" 400 0 "-" "-"
117.193.236.210 - - [17/Apr/2012:17:48:32 -0700] "-" 400 0 "-" "-"
117.193.236.210 - - [17/Apr/2012:17:48:32 -0700] "-" 400 0 "-" "-"
209.85.224.92 - - [17/Apr/2012:17:50:47 -0700] "GET /blog/feed HTTP/1.1" 304 0 "-" "FeedBurner/1.0 (http://www.FeedBurner.com)"
207.46.204.210 - - [17/Apr/2012:17:53:19 -0700] "-" 400 0 "-" "-"
207.46.204.210 - - [17/Apr/2012:17:53:19 -0700] "-" 400 0 "-" "-"
207.46.204.210 - - [17/Apr/2012:17:53:19 -0700] "-" 400 0 "-" "-"
207.46.204.210 - - [17/Apr/2012:17:53:19 -0700] "-" 400 0 "-" "-"
207.46.204.210 - - [17/Apr/2012:17:53:19 -0700] "-" 400 0 "-" "-"
207.46.204.210 - - [17/Apr/2012:17:53:19 -0700] "-" 400 0 "-" "-"
207.46.204.210 - - [17/Apr/2012:17:53:20 -0700] "-" 400 0 "-" "-"
207.46.204.210 - - [17/Apr/2012:17:53:20 -0700] "-" 400 0 "-" "-"
207.46.204.210 - - [17/Apr/2012:17:53:20 -0700] "-" 400 0 "-" "-"
207.46.204.210 - - [17/Apr/2012:17:53:20 -0700] "-" 400 0 "-" "-"
117.193.236.210 - - [17/Apr/2012:17:53:22 -0700] "-" 400 0 "-" "-"
85.17.88.169 - - [17/Apr/2012:17:53:43 -0700] "POST /blog/wp-cron.php?doing_wp_cron=1334710042 HTTP/1.0" 499 0 "-" "WordPress/3.3.1; http://yuvi.in/blog"
65.52.109.26 - - [17/Apr/2012:17:53:44 -0700] "GET /blog/tag/photo/ HTTP/1.1" 200 4691 "-" "Mozilla/5.0 (compatible; bingbot/2.0; +http://www.bing.com/bingbot.htm)"
66.220.147.248 - - [17/Apr/2012:17:54:01 -0700] "GET /r/1hwd HTTP/1.1" 301 257 "-" "facebookexternalhit/1.1 (+http://www.facebook.com/externalhit_uatext.php)"
66.220.147.249 - - [17/Apr/2012:17:54:01 -0700] "GET /s/ta/1hwd/ HTTP/1.1" 302 461 "-" "facebookexternalhit/1.1 (+http://www.facebook.com/externalhit_uatext.php)"
207.46.204.210 - - [17/Apr/2012:17:54:16 -0700] "-" 400 0 "-" "-"
207.46.204.210 - - [17/Apr/2012:17:54:16 -0700] "-" 400 0 "-" "-"
207.46.204.210 - - [17/Apr/2012:17:54:16 -0700] "-" 400 0 "-" "-"
207.46.204.163 - - [17/Apr/2012:17:54:55 -0700] "-" 400 0 "-" "-"
207.46.204.163 - - [17/Apr/2012:17:54:55 -0700] "-" 400 0 "-" "-"
207.46.204.163 - - [17/Apr/2012:17:54:57 -0700] "-" 400 0 "-" "-"
207.46.204.163 - - [17/Apr/2012:17:54:58 -0700] "-" 400 0 "-" "-"
122.174.2.249 - - [17/Apr/2012:17:55:00 -0700] "-" 400 0 "-" "-"
122.174.2.249 - - [17/Apr/2012:17:55:01 -0700] "-" 400 0 "-" "-"
207.46.204.163 - - [17/Apr/2012:17:55:02 -0700] "-" 400 0 "-" "-"
207.46.204.163 - - [17/Apr/2012:17:55:02 -0700] "-" 400 0 "-" "-"
207.46.204.163 - - [17/Apr/2012:17:55:02 -0700] "-" 400 0 "-" "-"
207.46.204.163 - - [17/Apr/2012:17:55:03 -0700] "-" 400 0 "-" "-"
207.46.204.163 - - [17/Apr/2012:17:55:03 -0700] "-" 400 0 "-" "-"
207.46.204.163 - - [17/Apr/2012:17:55:03 -0700] "-" 400 0 "-" "-"
207.46.204.163 - - [17/Apr/2012:17:55:04 -0700] "-" 400 0 "-" "-"
85.17.88.169 - - [17/Apr/2012:17:55:27 -0700] "POST /blog/wp-cron.php?doing_wp_cron=1334710145 HTTP/1.0" 499 0 "-" "WordPress/3.3.1; http://yuvi.in/blog"
220.181.108.172 - - [17/Apr/2012:17:55:27 -0700] "GET /blog/feed/ HTTP/1.1" 200 21722 "-" "Mozilla/5.0 (compatible; Baiduspider/2.0; +http://www.baidu.com/search/spider.html)"
85.17.88.169 - - [17/Apr/2012:17:55:30 -0700] "POST /blog/wp-cron.php?doing_wp_cron=1334710148 HTTP/1.0" 499 0 "-" "WordPress/3.3.1; http://yuvi.in/blog"
100.43.83.144 - - [17/Apr/2012:17:55:30 -0700] "GET /blog/tag/devlog/ HTTP/1.1" 200 16221 "-" "Mozilla/5.0 (compatible; YandexBot/3.0; +http://yandex.com/bots)"
207.46.204.163 - - [17/Apr/2012:17:55:31 -0700] "-" 400 0 "-" "-"
207.46.204.163 - - [17/Apr/2012:17:55:31 -0700] "-" 400 0 "-" "-"
85.17.88.169 - - [17/Apr/2012:17:56:38 -0700] "POST /blog/wp-cron.php?doing_wp_cron=1334710217 HTTP/1.0" 499 0 "-" "WordPress/3.3.1; http://yuvi.in/blog"
208.115.111.68 - - [17/Apr/2012:17:56:38 -0700] "GET /blog/tag/reprint/ HTTP/1.1" 200 44532 "-" "Mozilla/5.0 (compatible; Ezooms/1.0; ezooms.bot@gmail.com)"
85.17.88.169 - - [17/Apr/2012:17:56:44 -0700] "POST /blog/wp-cron.php?doing_wp_cron=1334710223 HTTP/1.0" 499 0 "-" "WordPress/3.3.1; http://yuvi.in/blog"
208.115.111.68 - - [17/Apr/2012:17:56:45 -0700] "GET /blog/infosys-tcs-or-wipro-none/feed/ HTTP/1.1" 200 4735 "-" "Mozilla/5.0 (compatible; Ezooms/1.0; ezooms.bot@gmail.com)"
141.0.11.51 - - [17/Apr/2012:17:56:49 -0700] "-" 400 0 "-" "-"
207.46.204.215 - - [17/Apr/2012:17:58:20 -0700] "-" 400 0 "-" "-"
207.46.204.215 - - [17/Apr/2012:17:58:20 -0700] "-" 400 0 "-" "-"
207.46.204.215 - - [17/Apr/2012:17:58:20 -0700] "-" 400 0 "-" "-"
207.46.204.215 - - [17/Apr/2012:17:58:23 -0700] "-" 400 0 "-" "-"
207.46.204.215 - - [17/Apr/2012:17:58:23 -0700] "-" 400 0 "-" "-"
207.46.204.215 - - [17/Apr/2012:17:58:26 -0700] "-" 400 0 "-" "-"
207.46.204.215 - - [17/Apr/2012:17:58:26 -0700] "-" 400 0 "-" "-"
207.46.204.215 - - [17/Apr/2012:17:58:26 -0700] "-" 400 0 "-" "-"
207.46.204.215 - - [17/Apr/2012:17:58:26 -0700] "-" 400 0 "-" "-"
207.46.204.215 - - [17/Apr/2012:17:58:26 -0700] "-" 400 0 "-" "-"
207.46.204.215 - - [17/Apr/2012:17:58:27 -0700] "-" 400 0 "-" "-"
207.46.204.215 - - [17/Apr/2012:17:58:27 -0700] "-" 400 0 "-" "-"
85.17.88.169 - - [17/Apr/2012:17:58:57 -0700] "POST /blog/wp-cron.php?doing_wp_cron=1334710355 HTTP/1.0" 499 0 "-" "WordPress/3.3.1; http://yuvi.in/blog"
209.85.238.182 - - [17/Apr/2012:17:58:57 -0700] "GET /blog/feed HTTP/1.1" 301 0 "-" "Feedfetcher-Google; (+http://www.google.com/feedfetcher.html; 3 subscribers; feed-id=17684830852112633560)"
85.17.88.169 - - [17/Apr/2012:17:58:59 -0700] "POST /blog/wp-cron.php?doing_wp_cron=1334710358 HTTP/1.0" 499 0 "-" "WordPress/3.3.1; http://yuvi.in/blog"
209.85.238.182 - - [17/Apr/2012:17:58:59 -0700] "GET /blog/feed/ HTTP/1.1" 304 0 "-" "Feedfetcher-Google; (+http://www.google.com/feedfetcher.html; 3 subscribers; feed-id=17684830852112633560)"
207.46.204.215 - - [17/Apr/2012:17:59:17 -0700] "-" 400 0 "-" "-"
85.17.88.169 - - [17/Apr/2012:18:00:36 -0700] "POST /blog/wp-cron.php?doing_wp_cron=1334710454 HTTP/1.0" 499 0 "-" "WordPress/3.3.1; http://yuvi.in/blog"
209.85.238.182 - - [17/Apr/2012:18:00:36 -0700] "GET /blog/feed/ HTTP/1.1" 304 0 "-" "Feedfetcher-Google; (+http://www.google.com/feedfetcher.html; 19 subscribers; feed-id=15064232456473204253)"
85.17.88.169 - - [17/Apr/2012:18:02:17 -0700] "POST /blog/wp-cron.php?doing_wp_cron=1334710556 HTTP/1.0" 499 0 "-" "WordPress/3.3.1; http://yuvi.in/blog"
100.43.83.144 - - [17/Apr/2012:18:02:18 -0700] "GET /blog/devlog-december-7-2011/ HTTP/1.1" 200 4812 "-" "Mozilla/5.0 (compatible; YandexBot/3.0; +http://yandex.com/bots)"
66.220.149.251 - - [17/Apr/2012:18:06:50 -0700] "GET /r/1qjc HTTP/1.1" 301 257 "-" "facebookexternalhit/1.1 (+http://www.facebook.com/externalhit_uatext.php)"
66.220.149.251 - - [17/Apr/2012:18:06:50 -0700] "GET /s/ta/1qjc/ HTTP/1.1" 302 361 "-" "facebookexternalhit/1.1 (+http://www.facebook.com/externalhit_uatext.php)"
208.115.113.84 - - [17/Apr/2012:18:07:55 -0700] "GET /robots.txt HTTP/1.1" 404 169 "-" "Mozilla/5.0 (compatible; Ezooms/1.0; ezooms.bot@gmail.com)"
69.171.234.1 - - [17/Apr/2012:18:09:28 -0700] "GET /r/1krv\xE0\xAE\x95\xE0\xAE\x9F\xE0\xAF\x8D\xE0\xAE\x9F\xE0\xAE\xB1\xE0\xAF\x8D\xE0\xAE\xB1 HTTP/1.1" 301 383 "-" "facebookexternalhit/1.1 (+http://www.facebook.com/externalhit_uatext.php)"
69.171.234.3 - - [17/Apr/2012:18:09:28 -0700] "GET /s/ta/1krv%E0%AE%95%E0%AE%9F%E0%AF%8D%E0%AE%9F%E0%AE%B1%E0%AF%8D%E0%AE%B1/ HTTP/1.1" 502 173 "-" "facebookexternalhit/1.1 (+http://www.facebook.com/externalhit_uatext.php)"
122.174.20.80 - - [17/Apr/2012:18:11:40 -0700] "-" 400 0 "-" "-"
122.174.20.80 - - [17/Apr/2012:18:11:40 -0700] "-" 400 0 "-" "-"
122.174.20.80 - - [17/Apr/2012:18:11:40 -0700] "-" 400 0 "-" "-"
122.174.20.80 - - [17/Apr/2012:18:11:40 -0700] "-" 400 0 "-" "-"
59.92.58.212 - - [17/Apr/2012:18:13:53 -0700] "-" 400 0 "-" "-"
207.46.204.212 - - [17/Apr/2012:18:15:54 -0700] "-" 400 0 "-" "-"
207.46.204.212 - - [17/Apr/2012:18:15:55 -0700] "-" 400 0 "-" "-"
207.46.204.212 - - [17/Apr/2012:18:15:55 -0700] "-" 400 0 "-" "-"
207.46.204.212 - - [17/Apr/2012:18:15:55 -0700] "-" 400 0 "-" "-"
207.46.204.212 - - [17/Apr/2012:18:15:55 -0700] "-" 400 0 "-" "-"
207.46.204.212 - - [17/Apr/2012:18:15:55 -0700] "-" 400 0 "-" "-"
207.46.204.212 - - [17/Apr/2012:18:15:55 -0700] "-" 400 0 "-" "-"
207.46.204.212 - - [17/Apr/2012:18:15:55 -0700] "-" 400 0 "-" "-"
207.46.204.212 - - [17/Apr/2012:18:16:52 -0700] "-" 400 0 "-" "-"
207.46.204.212 - - [17/Apr/2012:18:16:52 -0700] "-" 400 0 "-" "-"
207.46.204.212 - - [17/Apr/2012:18:16:52 -0700] "-" 400 0 "-" "-"
85.17.88.169 - - [17/Apr/2012:18:17:05 -0700] "POST /blog/wp-cron.php?doing_wp_cron=1334711443 HTTP/1.0" 499 0 "-" "WordPress/3.3.1; http://yuvi.in/blog"
220.181.108.168 - - [17/Apr/2012:18:17:06 -0700] "GET /blog/devlog-december-26-2011/ HTTP/1.1" 200 4711 "-" "Mozilla/5.0 (compatible; Baiduspider/2.0; +http://www.baidu.com/search/spider.html)"
85.17.88.169 - - [17/Apr/2012:18:20:52 -0700] "POST /blog/wp-cron.php?doing_wp_cron=1334711671 HTTP/1.0" 499 0 "-" "WordPress/3.3.1; http://yuvi.in/blog"
209.85.224.93 - - [17/Apr/2012:18:20:53 -0700] "GET /blog/feed HTTP/1.1" 304 0 "-" "FeedBurner/1.0 (http://www.FeedBurner.com)"
207.46.204.209 - - [17/Apr/2012:18:26:20 -0700] "-" 400 0 "-" "-"
207.46.204.209 - - [17/Apr/2012:18:26:20 -0700] "-" 400 0 "-" "-"
207.46.204.209 - - [17/Apr/2012:18:26:20 -0700] "-" 400 0 "-" "-"
207.46.204.209 - - [17/Apr/2012:18:26:22 -0700] "-" 400 0 "-" "-"
207.46.204.209 - - [17/Apr/2012:18:26:23 -0700] "-" 400 0 "-" "-"
207.46.204.209 - - [17/Apr/2012:18:26:24 -0700] "-" 400 0 "-" "-"
207.46.204.209 - - [17/Apr/2012:18:26:24 -0700] "-" 400 0 "-" "-"
207.46.204.209 - - [17/Apr/2012:18:26:24 -0700] "-" 400 0 "-" "-"
207.46.204.209 - - [17/Apr/2012:18:26:25 -0700] "-" 400 0 "-" "-"
207.46.204.209 - - [17/Apr/2012:18:26:25 -0700] "-" 400 0 "-" "-"
207.46.204.209 - - [17/Apr/2012:18:26:26 -0700] "-" 400 0 "-" "-"
207.46.204.209 - - [17/Apr/2012:18:26:26 -0700] "-" 400 0 "-" "-"
202.215.74.59 - - [17/Apr/2012:18:29:22 -0700] "GET /header.png HTTP/1.1" 200 14249 "http://www.updowner.com/sca/vim+emacs.php" "Mozilla/5.0 (X11; Linux x86_64; rv:14.0) Gecko/20120417 Firefox/14.0a1"
85.17.88.169 - - [17/Apr/2012:18:32:11 -0700] "POST /blog/wp-cron.php?doing_wp_cron=1334712349 HTTP/1.0" 499 0 "-" "WordPress/3.3.1; http://yuvi.in/blog"
115.21.122.13 - - [17/Apr/2012:18:32:12 -0700] "GET /blog/ HTTP/1.0" 200 33142 "http://yuvi.in/blog/" "Mozilla/4.0 (compatible; MSIE 6.0; Windows NT 5.1; Maxthon; .NET CLR 1.1.4322)"
85.17.88.169 - - [17/Apr/2012:18:32:17 -0700] "POST /blog/wp-cron.php?doing_wp_cron=1334712355 HTTP/1.0" 499 0 "-" "WordPress/3.3.1; http://yuvi.in/blog"
173.234.226.5 - - [17/Apr/2012:18:32:18 -0700] "GET /blog/what-stop-child-athiest/ HTTP/1.1" 200 21127 "http://www.wordpress-subscribers.info" "Mozilla/4.0 (compatible; BorderManager 3.0)"
208.115.113.84 - - [17/Apr/2012:18:32:25 -0700] "GET /blog/why-i-moved-off-arch-on-my-netbook.html HTTP/1.1" 200 6172 "-" "Mozilla/5.0 (compatible; Ezooms/1.0; ezooms.bot@gmail.com)"
59.92.58.212 - - [17/Apr/2012:18:32:50 -0700] "-" 400 0 "-" "-"
89.99.5.17 - - [17/Apr/2012:18:33:14 -0700] "GET /robots.txt HTTP/1.0" 404 169 "-" "Mozilla/5.0 (compatible; MJ12bot/v1.4.2; http://www.majestic12.co.uk/bot.php?+)"
89.99.5.17 - - [17/Apr/2012:18:33:16 -0700] "GET / HTTP/1.0" 200 3439 "-" "Mozilla/5.0 (compatible; MJ12bot/v1.4.2; http://www.majestic12.co.uk/bot.php?+)"
115.184.6.149 - - [17/Apr/2012:18:33:37 -0700] "-" 400 0 "-" "-"
115.184.6.149 - - [17/Apr/2012:18:33:37 -0700] "-" 400 0 "-" "-"
115.184.6.149 - - [17/Apr/2012:18:33:37 -0700] "-" 400 0 "-" "-"
115.184.6.149 - - [17/Apr/2012:18:33:37 -0700] "-" 400 0 "-" "-"
115.184.6.149 - - [17/Apr/2012:18:33:57 -0700] "-" 400 0 "-" "-"
115.184.6.149 - - [17/Apr/2012:18:33:57 -0700] "-" 400 0 "-" "-"
115.184.6.149 - - [17/Apr/2012:18:34:07 -0700] "-" 400 0 "-" "-"
115.184.6.149 - - [17/Apr/2012:18:34:37 -0700] "-" 400 0 "-" "-"
115.184.6.149 - - [17/Apr/2012:18:34:37 -0700] "-" 400 0 "-" "-"
208.107.178.63 - - [17/Apr/2012:18:36:44 -0700] "GET /robots.txt HTTP/1.0" 404 169 "-" "Mozilla/5.0 (compatible; MJ12bot/v1.4.2; http://www.majestic12.co.uk/bot.php?+)"
208.107.178.63 - - [17/Apr/2012:18:36:46 -0700] "GET /blog/devlog-april-2011.html HTTP/1.1" 200 12560 "-" "Mozilla/5.0 (compatible; MJ12bot/v1.4.2; http://www.majestic12.co.uk/bot.php?+)"
209.85.144.94 - - [17/Apr/2012:18:38:15 -0700] "GET /stories/feed HTTP/1.1" 200 13653 "-" "FeedBurner/1.0 (http://www.FeedBurner.com)"
85.17.88.169 - - [17/Apr/2012:18:38:37 -0700] "POST /blog/wp-cron.php?doing_wp_cron=1334712736 HTTP/1.0" 499 0 "-" "WordPress/3.3.1; http://yuvi.in/blog"
220.181.108.147 - - [17/Apr/2012:18:38:38 -0700] "GET /blog/devlog-december-21-2011/ HTTP/1.1" 200 4985 "-" "Mozilla/5.0 (compatible; Baiduspider/2.0; +http://www.baidu.com/search/spider.html)"
69.171.228.246 - - [17/Apr/2012:18:42:38 -0700] "GET /r/vwi HTTP/1.1" 301 255 "-" "facebookexternalhit/1.1 (+http://www.facebook.com/externalhit_uatext.php)"
69.171.228.249 - - [17/Apr/2012:18:42:38 -0700] "GET /s/ta/vwi/ HTTP/1.1" 302 365 "-" "facebookexternalhit/1.1 (+http://www.facebook.com/externalhit_uatext.php)"
85.17.88.169 - - [17/Apr/2012:18:44:37 -0700] "POST /blog/wp-cron.php?doing_wp_cron=1334713095 HTTP/1.0" 499 0 "-" "WordPress/3.3.1; http://yuvi.in/blog"
71.32.205.80 - - [17/Apr/2012:18:44:37 -0700] "GET /blog/favicon.ico HTTP/1.1" 404 3016 "-" "Mozilla/5.0 (Windows NT 5.1; rv:11.0) Gecko/20100101 Firefox/11.0"
85.17.88.169 - - [17/Apr/2012:18:46:00 -0700] "POST /blog/wp-cron.php?doing_wp_cron=1334713178 HTTP/1.0" 499 0 "-" "WordPress/3.3.1; http://yuvi.in/blog"
66.249.73.219 - - [17/Apr/2012:18:46:00 -0700] "GET /blog/anatomy HTTP/1.1" 301 0 "-" "Mozilla/5.0 (compatible; Googlebot/2.1; +http://www.google.com/bot.html)"
85.17.88.169 - - [17/Apr/2012:18:46:02 -0700] "POST /blog/wp-cron.php?doing_wp_cron=1334713181 HTTP/1.0" 499 0 "-" "WordPress/3.3.1; http://yuvi.in/blog"
66.249.73.219 - - [17/Apr/2012:18:46:03 -0700] "GET /blog/anatomy-of-an-impromptu-hackathon-git-vs-svn/ HTTP/1.1" 200 5982 "-" "Mozilla/5.0 (compatible; Googlebot/2.1; +http://www.google.com/bot.html)"
50.17.68.184 - - [17/Apr/2012:18:48:42 -0700] "GET /robots.txt HTTP/1.1" 404 169 "-" "Mozilla/5.0 (Macintosh; U; Intel Mac OS X 10.6; en-US; rv:1.9.2) Gecko/20100115 Firefox/3.6 (FlipboardProxy/0.0.5; +http://flipboard.com/browserproxy)"
85.17.88.169 - - [17/Apr/2012:18:48:44 -0700] "POST /blog/wp-cron.php?doing_wp_cron=1334713343 HTTP/1.0" 499 0 "-" "WordPress/3.3.1; http://yuvi.in/blog"
50.17.68.184 - - [17/Apr/2012:18:48:45 -0700] "GET /blog/3-reasons-people-join-it-companies/ HTTP/1.1" 200 5065 "-" "Mozilla/5.0 (Macintosh; U; Intel Mac OS X 10.6; en-US; rv:1.9.2) Gecko/20100115 Firefox/3.6 (FlipboardProxy/0.0.5; +http://flipboard.com/browserproxy)"
85.17.88.169 - - [17/Apr/2012:18:50:58 -0700] "POST /blog/wp-cron.php?doing_wp_cron=1334713477 HTTP/1.0" 499 0 "-" "WordPress/3.3.1; http://yuvi.in/blog"
209.85.224.83 - - [17/Apr/2012:18:50:59 -0700] "GET /blog/feed HTTP/1.1" 304 0 "-" "FeedBurner/1.0 (http://www.FeedBurner.com)"
117.193.97.22 - - [17/Apr/2012:18:53:34 -0700] "-" 400 0 "-" "-"
85.17.88.169 - - [17/Apr/2012:18:54:26 -0700] "POST /blog/wp-cron.php?doing_wp_cron=1334713684 HTTP/1.0" 499 0 "-" "WordPress/3.3.1; http://yuvi.in/blog"
100.43.83.144 - - [17/Apr/2012:18:54:26 -0700] "GET /blog/devlog-december-11-2011/ HTTP/1.1" 200 4638 "-" "Mozilla/5.0 (compatible; YandexBot/3.0; +http://yandex.com/bots)"
209.85.238.182 - - [17/Apr/2012:18:54:26 -0700] "GET /blog/feed/ HTTP/1.1" 304 0 "-" "Feedfetcher-Google; (+http://www.google.com/feedfetcher.html; 19 subscribers; feed-id=15064232456473204253)"
117.193.130.4 - - [17/Apr/2012:18:54:43 -0700] "-" 400 0 "-" "-"
117.193.97.22 - - [17/Apr/2012:18:54:43 -0700] "-" 400 0 "-" "-"
113.193.115.8 - - [17/Apr/2012:18:55:24 -0700] "-" 400 0 "-" "-"
113.193.115.8 - - [17/Apr/2012:18:57:57 -0700] "-" 400 0 "-" "-"
119.56.113.22 - - [17/Apr/2012:18:58:05 -0700] "GET /r/1va HTTP/1.1" 301 255 "-" "Mozilla/5.0 (iPhone; CPU iPhone OS 5_1 like Mac OS X) AppleWebKit/534.46 (KHTML, like Gecko) Mobile/9B179"
119.56.113.22 - - [17/Apr/2012:18:58:07 -0700] "GET /s/ta/1va/ HTTP/1.1" 302 409 "-" "Mozilla/5.0 (iPhone; CPU iPhone OS 5_1 like Mac OS X) AppleWebKit/534.46 (KHTML, like Gecko) Mobile/9B179"
223.234.213.215 - - [17/Apr/2012:18:58:36 -0700] "GET /r/1z64 HTTP/1.1" 301 257 "http://www.muthukamalam.com/interesting/function/t2.html" "Mozilla/5.0 (Windows NT 5.1) AppleWebKit/535.11 (KHTML, like Gecko) Chrome/17.0.963.78 Safari/535.11"
223.234.213.215 - - [17/Apr/2012:18:58:38 -0700] "GET /s/ta/1z64/ HTTP/1.1" 302 557 "http://www.muthukamalam.com/interesting/function/t2.html" "Mozilla/5.0 (Windows NT 5.1) AppleWebKit/535.11 (KHTML, like Gecko) Chrome/17.0.963.78 Safari/535.11"
85.17.88.169 - - [17/Apr/2012:18:58:57 -0700] "POST /blog/wp-cron.php?doing_wp_cron=1334713955 HTTP/1.0" 499 0 "-" "WordPress/3.3.1; http://yuvi.in/blog"
209.85.238.182 - - [17/Apr/2012:18:58:57 -0700] "GET /blog/feed HTTP/1.1" 301 0 "-" "Feedfetcher-Google; (+http://www.google.com/feedfetcher.html; 3 subscribers; feed-id=17684830852112633560)"
85.17.88.169 - - [17/Apr/2012:18:58:59 -0700] "POST /blog/wp-cron.php?doing_wp_cron=1334713957 HTTP/1.0" 499 0 "-" "WordPress/3.3.1; http://yuvi.in/blog"
209.85.238.182 - - [17/Apr/2012:18:59:00 -0700] "GET /blog/feed/ HTTP/1.1" 304 0 "-" "Feedfetcher-Google; (+http://www.google.com/feedfetcher.html; 3 subscribers; feed-id=17684830852112633560)"
85.17.88.169 - - [17/Apr/2012:19:00:13 -0700] "POST /blog/wp-cron.php?doing_wp_cron=1334714032 HTTP/1.0" 499 0 "-" "WordPress/3.3.1; http://yuvi.in/blog"
220.181.108.88 - - [17/Apr/2012:19:00:14 -0700] "GET /blog/devlog-december-10-2011/ HTTP/1.1" 200 4530 "-" "Mozilla/5.0 (compatible; Baiduspider/2.0; +http://www.baidu.com/search/spider.html)"
65.52.111.237 - - [17/Apr/2012:19:01:48 -0700] "-" 400 0 "-" "-"
65.52.111.237 - - [17/Apr/2012:19:01:48 -0700] "-" 400 0 "-" "-"
65.52.111.237 - - [17/Apr/2012:19:01:49 -0700] "-" 400 0 "-" "-"
65.52.111.237 - - [17/Apr/2012:19:01:49 -0700] "-" 400 0 "-" "-"
65.52.111.237 - - [17/Apr/2012:19:01:49 -0700] "-" 400 0 "-" "-"
65.52.111.237 - - [17/Apr/2012:19:01:49 -0700] "-" 400 0 "-" "-"
65.52.111.237 - - [17/Apr/2012:19:01:49 -0700] "-" 400 0 "-" "-"
65.52.111.237 - - [17/Apr/2012:19:01:50 -0700] "-" 400 0 "-" "-"
65.52.111.237 - - [17/Apr/2012:19:01:50 -0700] "-" 400 0 "-" "-"
65.52.111.237 - - [17/Apr/2012:19:01:50 -0700] "-" 400 0 "-" "-"
65.52.111.237 - - [17/Apr/2012:19:02:03 -0700] "-" 400 0 "-" "-"
119.56.114.186 - - [17/Apr/2012:19:04:52 -0700] "GET /r/23z HTTP/1.1" 301 255 "-" "Mozilla/5.0 (iPhone; CPU iPhone OS 5_1 like Mac OS X) AppleWebKit/534.46 (KHTML, like Gecko) Mobile/9B179"
119.56.114.186 - - [17/Apr/2012:19:04:53 -0700] "GET /s/ta/23z/ HTTP/1.1" 302 397 "-" "Mozilla/5.0 (iPhone; CPU iPhone OS 5_1 like Mac OS X) AppleWebKit/534.46 (KHTML, like Gecko) Mobile/9B179"
207.46.204.209 - - [17/Apr/2012:19:09:45 -0700] "-" 400 0 "-" "-"
207.46.204.209 - - [17/Apr/2012:19:09:45 -0700] "-" 400 0 "-" "-"
207.46.204.209 - - [17/Apr/2012:19:09:46 -0700] "-" 400 0 "-" "-"
207.46.204.209 - - [17/Apr/2012:19:09:48 -0700] "-" 400 0 "-" "-"
207.46.204.209 - - [17/Apr/2012:19:09:48 -0700] "-" 400 0 "-" "-"
207.46.204.209 - - [17/Apr/2012:19:09:48 -0700] "-" 400 0 "-" "-"
207.46.204.209 - - [17/Apr/2012:19:09:48 -0700] "-" 400 0 "-" "-"
207.46.204.209 - - [17/Apr/2012:19:09:49 -0700] "-" 400 0 "-" "-"
207.46.204.209 - - [17/Apr/2012:19:09:49 -0700] "-" 400 0 "-" "-"
207.46.204.209 - - [17/Apr/2012:19:09:49 -0700] "-" 400 0 "-" "-"
207.46.204.209 - - [17/Apr/2012:19:09:49 -0700] "-" 400 0 "-" "-"
207.46.204.209 - - [17/Apr/2012:19:09:49 -0700] "-" 400 0 "-" "-"
207.46.204.220 - - [17/Apr/2012:19:12:17 -0700] "-" 400 0 "-" "-"
207.46.204.220 - - [17/Apr/2012:19:12:17 -0700] "-" 400 0 "-" "-"
207.46.204.220 - - [17/Apr/2012:19:12:17 -0700] "-" 400 0 "-" "-"
207.46.204.220 - - [17/Apr/2012:19:12:19 -0700] "-" 400 0 "-" "-"
207.46.204.220 - - [17/Apr/2012:19:12:20 -0700] "-" 400 0 "-" "-"
207.46.204.220 - - [17/Apr/2012:19:12:20 -0700] "-" 400 0 "-" "-"
207.46.204.220 - - [17/Apr/2012:19:12:20 -0700] "-" 400 0 "-" "-"
207.46.204.220 - - [17/Apr/2012:19:12:22 -0700] "-" 400 0 "-" "-"
207.46.204.220 - - [17/Apr/2012:19:12:22 -0700] "-" 400 0 "-" "-"
207.46.204.220 - - [17/Apr/2012:19:12:22 -0700] "-" 400 0 "-" "-"
207.46.204.220 - - [17/Apr/2012:19:12:24 -0700] "-" 400 0 "-" "-"
207.46.204.220 - - [17/Apr/2012:19:12:24 -0700] "-" 400 0 "-" "-"
59.97.104.9 - - [17/Apr/2012:19:13:18 -0700] "-" 400 0 "-" "-"
207.46.204.220 - - [17/Apr/2012:19:13:20 -0700] "-" 400 0 "-" "-"
59.97.104.9 - - [17/Apr/2012:19:13:35 -0700] "-" 400 0 "-" "-"
98.180.220.78 - - [17/Apr/2012:19:15:07 -0700] "GET / HTTP/1.1" 200 1430 "-" "Caffeinated/1.1.2 CFNetwork/520.3.2 Darwin/11.3.0 (x86_64) (MacBookPro8%2C1)"
98.180.220.78 - - [17/Apr/2012:19:15:07 -0700] "GET /favicon.ico HTTP/1.1" 404 142 "-" "Caffeinated/1.1.2 CFNetwork/520.3.2 Darwin/11.3.0 (x86_64) (MacBookPro8%2C1)"
98.180.220.78 - - [17/Apr/2012:19:16:07 -0700] "GET / HTTP/1.1" 200 1430 "-" "Caffeinated/1.1.2 CFNetwork/520.3.2 Darwin/11.3.0 (x86_64) (MacBookPro8%2C1)"
98.180.220.78 - - [17/Apr/2012:19:16:07 -0700] "GET /favicon.ico HTTP/1.1" 404 142 "-" "Caffeinated/1.1.2 CFNetwork/520.3.2 Darwin/11.3.0 (x86_64) (MacBookPro8%2C1)"
157.55.112.205 - - [17/Apr/2012:19:16:54 -0700] "-" 400 0 "-" "-"
157.55.112.205 - - [17/Apr/2012:19:16:54 -0700] "-" 400 0 "-" "-"
157.55.112.205 - - [17/Apr/2012:19:16:54 -0700] "-" 400 0 "-" "-"
157.55.112.205 - - [17/Apr/2012:19:16:55 -0700] "-" 400 0 "-" "-"
157.55.112.205 - - [17/Apr/2012:19:16:56 -0700] "-" 400 0 "-" "-"
157.55.112.205 - - [17/Apr/2012:19:16:57 -0700] "-" 400 0 "-" "-"
157.55.112.205 - - [17/Apr/2012:19:16:57 -0700] "-" 400 0 "-" "-"
157.55.112.205 - - [17/Apr/2012:19:16:57 -0700] "-" 400 0 "-" "-"
157.55.112.205 - - [17/Apr/2012:19:16:58 -0700] "-" 400 0 "-" "-"
157.55.112.205 - - [17/Apr/2012:19:16:59 -0700] "-" 400 0 "-" "-"
157.55.112.205 - - [17/Apr/2012:19:16:59 -0700] "-" 400 0 "-" "-"
157.55.112.205 - - [17/Apr/2012:19:17:13 -0700] "-" 400 0 "-" "-"
157.55.112.205 - - [17/Apr/2012:19:17:13 -0700] "-" 400 0 "-" "-"
213.93.87.91 - - [17/Apr/2012:19:19:06 -0700] "GET /robots.txt HTTP/1.0" 404 169 "-" "Mozilla/5.0 (compatible; MJ12bot/v1.4.2; http://www.majestic12.co.uk/bot.php?+)"
213.93.87.91 - - [17/Apr/2012:19:19:07 -0700] "GET / HTTP/1.1" 200 3439 "-" "Mozilla/5.0 (compatible; MJ12bot/v1.4.2; http://www.majestic12.co.uk/bot.php?+)"
85.17.88.169 - - [17/Apr/2012:19:21:03 -0700] "POST /blog/wp-cron.php?doing_wp_cron=1334715282 HTTP/1.0" 499 0 "-" "WordPress/3.3.1; http://yuvi.in/blog"
209.85.224.99 - - [17/Apr/2012:19:21:04 -0700] "GET /blog/feed HTTP/1.1" 304 0 "-" "FeedBurner/1.0 (http://www.FeedBurner.com)"
85.17.88.169 - - [17/Apr/2012:19:21:45 -0700] "POST /blog/wp-cron.php?doing_wp_cron=1334715324 HTTP/1.0" 499 0 "-" "WordPress/3.3.1; http://yuvi.in/blog"
220.181.108.165 - - [17/Apr/2012:19:21:47 -0700] "GET /blog/category/uncategorized/ HTTP/1.1" 200 23025 "-" "Mozilla/5.0 (compatible; Baiduspider/2.0; +http://www.baidu.com/search/spider.html)"
122.164.251.23 - - [17/Apr/2012:19:23:04 -0700] "-" 400 0 "-" "-"
91.201.64.4 - - [17/Apr/2012:19:23:45 -0700] "GET /wiki/%E0%AE%AA%E0%AF%82%E0%AE%9A%E0%AF%88 HTTP/1.1" 404 211 "-" "Mozilla/5.0 (Windows; U; Windows NT 5.0; en-US; rv:1.5b) Gecko/20030827"
75.131.207.97 - - [17/Apr/2012:19:23:50 -0700] "GET / HTTP/1.1" 200 1430 "-" "Reeder/1.5.5 CFNetwork/548.1.4 Darwin/11.0.0"
75.131.207.97 - - [17/Apr/2012:19:23:50 -0700] "GET /favicon.ico HTTP/1.1" 404 142 "-" "Reeder/1.5.5 CFNetwork/548.1.4 Darwin/11.0.0"
75.131.207.97 - - [17/Apr/2012:19:23:50 -0700] "GET /apple-touch-icon.png HTTP/1.1" 404 142 "-" "Reeder/1.5.5 CFNetwork/548.1.4 Darwin/11.0.0"
75.131.207.97 - - [17/Apr/2012:19:23:50 -0700] "GET /apple-touch-icon-precomposed.png HTTP/1.1" 404 142 "-" "Reeder/1.5.5 CFNetwork/548.1.4 Darwin/11.0.0"
85.17.88.169 - - [17/Apr/2012:19:24:23 -0700] "POST /blog/wp-cron.php?doing_wp_cron=1334715481 HTTP/1.0" 499 0 "-" "WordPress/3.3.1; http://yuvi.in/blog"
66.249.73.219 - - [17/Apr/2012:19:24:23 -0700] "GET /blog/infosys-tcs-or-wipr.. HTTP/1.1" 301 0 "-" "Mozilla/5.0 (compatible; Googlebot/2.1; +http://www.google.com/bot.html)"
85.17.88.169 - - [17/Apr/2012:19:24:25 -0700] "POST /blog/wp-cron.php?doing_wp_cron=1334715483 HTTP/1.0" 499 0 "-" "WordPress/3.3.1; http://yuvi.in/blog"
66.249.73.219 - - [17/Apr/2012:19:24:25 -0700] "GET /blog/infosys-tcs-or-wipro-none/ HTTP/1.1" 200 7774 "-" "Mozilla/5.0 (compatible; Googlebot/2.1; +http://www.google.com/bot.html)"
180.76.5.66 - - [17/Apr/2012:19:25:02 -0700] "GET /r/22q2 HTTP/1.1" 301 257 "-" "Mozilla/5.0 (compatible; Baiduspider/2.0; +http://www.baidu.com/search/spider.html)"
180.76.5.168 - - [17/Apr/2012:19:25:03 -0700] "GET /s/ta/22q2/ HTTP/1.1" 302 685 "-" "Mozilla/5.0 (compatible; Baiduspider/2.0; +http://www.baidu.com/search/spider.html)"
122.176.202.184 - - [17/Apr/2012:19:28:21 -0700] "GET /blog HTTP/1.1" 301 178 "-" "Mozilla/5.0 (Windows NT 5.1) AppleWebKit/535.19 (KHTML, like Gecko) Chrome/18.0.1025.162 Safari/535.19"
122.176.202.184 - - [17/Apr/2012:19:28:22 -0700] "GET /blog/ HTTP/1.1" 200 9194 "-" "Mozilla/5.0 (Windows NT 5.1) AppleWebKit/535.19 (KHTML, like Gecko) Chrome/18.0.1025.162 Safari/535.19"
122.176.202.184 - - [17/Apr/2012:19:28:24 -0700] "GET /blog/wp-content/themes/cleanr/js/jquery.dropdown.js?ver=3.3.1 HTTP/1.1" 200 535 "http://yuvi.in/blog/" "Mozilla/5.0 (Windows NT 5.1) AppleWebKit/535.19 (KHTML, like Gecko) Chrome/18.0.1025.162 Safari/535.19"
122.176.202.184 - - [17/Apr/2012:19:28:24 -0700] "GET /blog/wp-content/themes/cleanr/style.css HTTP/1.1" 200 10508 "http://yuvi.in/blog/" "Mozilla/5.0 (Windows NT 5.1) AppleWebKit/535.19 (KHTML, like Gecko) Chrome/18.0.1025.162 Safari/535.19"
122.176.202.184 - - [17/Apr/2012:19:28:25 -0700] "GET /blog/wp-content/themes/cleanr/css/text.css HTTP/1.1" 200 420 "http://yuvi.in/blog/" "Mozilla/5.0 (Windows NT 5.1) AppleWebKit/535.19 (KHTML, like Gecko) Chrome/18.0.1025.162 Safari/535.19"
122.176.202.184 - - [17/Apr/2012:19:28:25 -0700] "GET /blog/wp-content/themes/cleanr/css/reset.css HTTP/1.1" 200 648 "http://yuvi.in/blog/" "Mozilla/5.0 (Windows NT 5.1) AppleWebKit/535.19 (KHTML, like Gecko) Chrome/18.0.1025.162 Safari/535.19"
122.176.202.184 - - [17/Apr/2012:19:28:25 -0700] "GET /blog/wp-content/themes/cleanr/css/960.css HTTP/1.1" 200 3628 "http://yuvi.in/blog/" "Mozilla/5.0 (Windows NT 5.1) AppleWebKit/535.19 (KHTML, like Gecko) Chrome/18.0.1025.162 Safari/535.19"
122.176.202.184 - - [17/Apr/2012:19:28:25 -0700] "GET /blog/wp-includes/js/jquery/jquery.js?ver=1.7.1 HTTP/1.1" 200 93889 "http://yuvi.in/blog/" "Mozilla/5.0 (Windows NT 5.1) AppleWebKit/535.19 (KHTML, like Gecko) Chrome/18.0.1025.162 Safari/535.19"
122.176.202.184 - - [17/Apr/2012:19:28:26 -0700] "GET /blog/wp-content/themes/cleanr/images/search_magnifier.gif HTTP/1.1" 200 394 "http://yuvi.in/blog/" "Mozilla/5.0 (Windows NT 5.1) AppleWebKit/535.19 (KHTML, like Gecko) Chrome/18.0.1025.162 Safari/535.19"
122.176.202.184 - - [17/Apr/2012:19:28:27 -0700] "GET /favicon.ico HTTP/1.1" 404 199 "-" "Mozilla/5.0 (Windows NT 5.1) AppleWebKit/535.19 (KHTML, like Gecko) Chrome/18.0.1025.162 Safari/535.19"
193.164.138.35 - - [17/Apr/2012:19:29:33 -0700] "GET /blog/cheese-gsoc-report-week-3.html HTTP/1.1" 200 7006 "-" "Zemanta Aggregator/0.7 +http://www.zemanta.com"
85.17.88.169 - - [17/Apr/2012:19:33:28 -0700] "POST /blog/wp-cron.php?doing_wp_cron=1334716026 HTTP/1.0" 499 0 "-" "WordPress/3.3.1; http://yuvi.in/blog"
193.107.19.130 - - [17/Apr/2012:19:33:30 -0700] "GET /blog/ HTTP/1.0" 200 33142 "http://yuvi.in/blog/" "Mozilla/2.0 (compatible; MSIE 3.02; Windows CE; 240x320)"
14.96.111.10 - - [17/Apr/2012:19:34:13 -0700] "-" 400 0 "-" "-"
122.165.70.245 - - [17/Apr/2012:19:35:00 -0700] "-" 400 0 "-" "-"
122.165.70.245 - - [17/Apr/2012:19:35:00 -0700] "-" 400 0 "-" "-"
122.165.70.245 - - [17/Apr/2012:19:35:00 -0700] "-" 400 0 "-" "-"
122.165.70.245 - - [17/Apr/2012:19:35:00 -0700] "-" 400 0 "-" "-"
94.228.34.209 - - [17/Apr/2012:19:37:11 -0700] "GET /blog/serendipity.html HTTP/1.1" 304 0 "-" "magpie-crawler/1.1 (U; Linux amd64; en-GB; +http://www.brandwatch.net)"
112.79.44.198 - - [17/Apr/2012:19:37:16 -0700] "-" 400 0 "-" "-"
112.79.44.198 - - [17/Apr/2012:19:37:16 -0700] "-" 400 0 "-" "-"
112.79.44.198 - - [17/Apr/2012:19:37:16 -0700] "-" 400 0 "-" "-"
112.79.44.198 - - [17/Apr/2012:19:37:16 -0700] "-" 400 0 "-" "-"
112.79.44.198 - - [17/Apr/2012:19:37:16 -0700] "-" 400 0 "-" "-"
209.85.224.87 - - [17/Apr/2012:19:38:19 -0700] "GET /stories/feed HTTP/1.1" 200 13653 "-" "FeedBurner/1.0 (http://www.FeedBurner.com)"
106.79.49.234 - - [17/Apr/2012:19:39:59 -0700] "-" 400 0 "-" "-"
180.76.5.52 - - [17/Apr/2012:19:40:12 -0700] "GET / HTTP/1.1" 404 211 "-" "Mozilla/5.0 (compatible; Baiduspider/2.0; +http://www.baidu.com/search/spider.html)"
69.171.229.245 - - [17/Apr/2012:19:41:02 -0700] "GET /r/33y0 HTTP/1.1" 301 257 "-" "facebookexternalhit/1.1 (+http://www.facebook.com/externalhit_uatext.php)"
69.171.229.247 - - [17/Apr/2012:19:41:03 -0700] "GET /s/ta/33y0/ HTTP/1.1" 302 609 "-" "facebookexternalhit/1.1 (+http://www.facebook.com/externalhit_uatext.php)"
124.115.0.105 - - [17/Apr/2012:19:41:56 -0700] "GET / HTTP/1.1" 304 0 "-" "Sosospider+(+http://help.soso.com/webspider.htm)"
122.165.70.245 - - [17/Apr/2012:19:42:50 -0700] "-" 400 0 "-" "-"
122.165.70.245 - - [17/Apr/2012:19:42:55 -0700] "-" 400 0 "-" "-"
122.165.70.245 - - [17/Apr/2012:19:43:14 -0700] "-" 400 0 "-" "-"
85.17.88.169 - - [17/Apr/2012:19:43:23 -0700] "POST /blog/wp-cron.php?doing_wp_cron=1334716621 HTTP/1.0" 499 0 "-" "WordPress/3.3.1; http://yuvi.in/blog"
220.181.108.102 - - [17/Apr/2012:19:43:24 -0700] "GET /blog/category/personal/ HTTP/1.1" 200 15880 "-" "Mozilla/5.0 (compatible; Baiduspider/2.0; +http://www.baidu.com/search/spider.html)"
85.17.88.169 - - [17/Apr/2012:19:44:14 -0700] "POST /blog/wp-cron.php?doing_wp_cron=1334716672 HTTP/1.0" 499 0 "-" "WordPress/3.3.1; http://yuvi.in/blog"
186.250.215.7 - - [17/Apr/2012:19:44:15 -0700] "GET /blog/ HTTP/1.0" 200 33019 "-" "Mozilla/5.0 (compatible; Googlebot/2.1; +http://www.google.com/bot.html)"
74.125.126.88 - - [17/Apr/2012:19:44:38 -0700] "GET /favicon.ico HTTP/1.1" 404 211 "-" "-"
122.165.70.245 - - [17/Apr/2012:19:44:53 -0700] "-" 400 0 "-" "-"
223.234.174.181 - - [17/Apr/2012:19:47:55 -0700] "-" 400 0 "-" "-"
223.234.174.181 - - [17/Apr/2012:19:47:55 -0700] "-" 400 0 "-" "-"
223.234.174.181 - - [17/Apr/2012:19:47:55 -0700] "-" 400 0 "-" "-"
223.234.174.181 - - [17/Apr/2012:19:47:55 -0700] "-" 400 0 "-" "-"
223.234.174.181 - - [17/Apr/2012:19:47:55 -0700] "-" 400 0 "-" "-"
223.234.174.181 - - [17/Apr/2012:19:47:55 -0700] "-" 400 0 "-" "-"
180.76.5.61 - - [17/Apr/2012:19:48:07 -0700] "GET / HTTP/1.1" 200 3439 "-" "Mozilla/5.0 (compatible; Baiduspider/2.0; +http://www.baidu.com/search/spider.html)"
75.131.207.97 - - [17/Apr/2012:19:48:48 -0700] "GET / HTTP/1.1" 200 1430 "-" "Reeder/1.5.5 CFNetwork/548.1.4 Darwin/11.0.0"
75.131.207.97 - - [17/Apr/2012:19:48:48 -0700] "GET /favicon.ico HTTP/1.1" 404 142 "-" "Reeder/1.5.5 CFNetwork/548.1.4 Darwin/11.0.0"
75.131.207.97 - - [17/Apr/2012:19:48:48 -0700] "GET /apple-touch-icon.png HTTP/1.1" 404 142 "-" "Reeder/1.5.5 CFNetwork/548.1.4 Darwin/11.0.0"
75.131.207.97 - - [17/Apr/2012:19:48:48 -0700] "GET /apple-touch-icon-precomposed.png HTTP/1.1" 404 142 "-" "Reeder/1.5.5 CFNetwork/548.1.4 Darwin/11.0.0"
141.0.10.201 - - [17/Apr/2012:19:50:12 -0700] "-" 400 0 "-" "-"
85.17.88.169 - - [17/Apr/2012:19:50:37 -0700] "POST /blog/wp-cron.php?doing_wp_cron=1334717055 HTTP/1.0" 499 0 "-" "WordPress/3.3.1; http://yuvi.in/blog"
209.85.238.182 - - [17/Apr/2012:19:50:37 -0700] "GET /blog/feed HTTP/1.1" 301 0 "-" "Feedfetcher-Google; (+http://www.google.com/feedfetcher.html; 3 subscribers; feed-id=17684830852112633560)"
85.17.88.169 - - [17/Apr/2012:19:50:39 -0700] "POST /blog/wp-cron.php?doing_wp_cron=1334717057 HTTP/1.0" 499 0 "-" "WordPress/3.3.1; http://yuvi.in/blog"
209.85.238.182 - - [17/Apr/2012:19:50:40 -0700] "GET /blog/feed/ HTTP/1.1" 304 0 "-" "Feedfetcher-Google; (+http://www.google.com/feedfetcher.html; 3 subscribers; feed-id=17684830852112633560)"
85.17.88.169 - - [17/Apr/2012:19:51:10 -0700] "POST /blog/wp-cron.php?doing_wp_cron=1334717088 HTTP/1.0" 499 0 "-" "WordPress/3.3.1; http://yuvi.in/blog"
209.85.224.84 - - [17/Apr/2012:19:51:10 -0700] "GET /blog/feed HTTP/1.1" 304 0 "-" "FeedBurner/1.0 (http://www.FeedBurner.com)"
173.169.226.223 - - [17/Apr/2012:19:52:25 -0700] "GET /AssessmentBar/r/Unassessed_India_articles/ HTTP/1.1" 302 329 "http://en.wikipedia.org/wiki/Aravana" "Mozilla/5.0 (Windows NT 6.1) AppleWebKit/534.54.16 (KHTML, like Gecko) Version/5.1.4 Safari/534.54.16"
117.192.83.48 - - [17/Apr/2012:19:52:30 -0700] "-" 400 0 "-" "-"
117.192.83.48 - - [17/Apr/2012:19:52:30 -0700] "-" 400 0 "-" "-"
173.169.226.223 - - [17/Apr/2012:19:52:44 -0700] "GET /AssessmentBar/r/Unassessed_India_articles/ HTTP/1.1" 302 277 "http://en.wikipedia.org/wiki/Association_of_Indian_Design_Industry" "Mozilla/5.0 (Windows NT 6.1) AppleWebKit/534.54.16 (KHTML, like Gecko) Version/5.1.4 Safari/534.54.16"
173.169.226.223 - - [17/Apr/2012:19:52:54 -0700] "GET /AssessmentBar/r/Unassessed_India_articles/ HTTP/1.1" 302 275 "http://en.wikipedia.org/wiki/Yusuf_Sarai" "Mozilla/5.0 (Windows NT 6.1) AppleWebKit/534.54.16 (KHTML, like Gecko) Version/5.1.4 Safari/534.54.16"
173.169.226.223 - - [17/Apr/2012:19:53:24 -0700] "GET /AssessmentBar/r/Unassessed_India_articles/ HTTP/1.1" 302 295 "http://en.wikipedia.org/wiki/Mallipudur" "Mozilla/5.0 (Windows NT 6.1) AppleWebKit/534.54.16 (KHTML, like Gecko) Version/5.1.4 Safari/534.54.16"
69.171.234.2 - - [17/Apr/2012:19:53:33 -0700] "GET /r/eya HTTP/1.1" 301 255 "-" "facebookexternalhit/1.1 (+http://www.facebook.com/externalhit_uatext.php)"
69.171.234.6 - - [17/Apr/2012:19:53:33 -0700] "GET /s/ta/eya/ HTTP/1.1" 302 401 "-" "facebookexternalhit/1.1 (+http://www.facebook.com/externalhit_uatext.php)"
173.169.226.223 - - [17/Apr/2012:19:53:37 -0700] "GET /AssessmentBar/r/Unassessed_India_articles/ HTTP/1.1" 302 287 "http://en.wikipedia.org/wiki/Dhanya_Mary_Varghese" "Mozilla/5.0 (Windows NT 6.1) AppleWebKit/534.54.16 (KHTML, like Gecko) Version/5.1.4 Safari/534.54.16"
173.169.226.223 - - [17/Apr/2012:19:54:31 -0700] "GET /AssessmentBar/r/Unassessed_India_articles/ HTTP/1.1" 302 285 "http://en.wikipedia.org/wiki/Harji_Ram_Burdak" "Mozilla/5.0 (Windows NT 6.1) AppleWebKit/534.54.16 (KHTML, like Gecko) Version/5.1.4 Safari/534.54.16"
71.56.66.227 - - [17/Apr/2012:19:55:23 -0700] "GET /r/266 HTTP/1.1" 301 255 "-" "Mozilla/5.0 (iPhone; CPU iPhone OS 5_1 like Mac OS X) AppleWebKit/534.46 (KHTML, like Gecko) Mobile/9B176"
71.56.66.227 - - [17/Apr/2012:19:55:23 -0700] "GET /s/ta/266/ HTTP/1.1" 302 445 "-" "Mozilla/5.0 (iPhone; CPU iPhone OS 5_1 like Mac OS X) AppleWebKit/534.46 (KHTML, like Gecko) Mobile/9B176"
218.186.14.222 - - [17/Apr/2012:19:55:47 -0700] "GET /r/10r7 HTTP/1.1" 301 257 "http://ta.wikipedia.org/wiki/%E0%AE%9F%E0%AE%BF._%E0%AE%8E%E0%AE%AE%E0%AF%8D._%E0%AE%9A%E0%AF%8C%E0%AE%A8%E0%AF%8D%E0%AE%A4%E0%AE%B0%E0%AE%B0%E0%AE%BE%E0%AE%9C%E0%AE%A9%E0%AF%8D" "Mozilla/5.0 (Windows NT 6.1; WOW64; rv:9.0.1) Gecko/20100101 Firefox/9.0.1"
218.186.14.222 - - [17/Apr/2012:19:55:47 -0700] "GET /s/ta/10r7/ HTTP/1.1" 302 469 "http://ta.wikipedia.org/wiki/%E0%AE%9F%E0%AE%BF._%E0%AE%8E%E0%AE%AE%E0%AF%8D._%E0%AE%9A%E0%AF%8C%E0%AE%A8%E0%AF%8D%E0%AE%A4%E0%AE%B0%E0%AE%B0%E0%AE%BE%E0%AE%9C%E0%AE%A9%E0%AF%8D" "Mozilla/5.0 (Windows NT 6.1; WOW64; rv:9.0.1) Gecko/20100101 Firefox/9.0.1"
85.17.88.169 - - [17/Apr/2012:19:56:06 -0700] "POST /blog/wp-cron.php?doing_wp_cron=1334717384 HTTP/1.0" 499 0 "-" "WordPress/3.3.1; http://yuvi.in/blog"
209.85.238.182 - - [17/Apr/2012:19:56:07 -0700] "GET /blog/feed/ HTTP/1.1" 304 0 "-" "Feedfetcher-Google; (+http://www.google.com/feedfetcher.html; 19 subscribers; feed-id=15064232456473204253)"
173.169.226.223 - - [17/Apr/2012:19:56:08 -0700] "GET /AssessmentBar/r/Unassessed_India_articles/ HTTP/1.1" 302 297 "http://en.wikipedia.org/wiki/Levi_Savage_Jr." "Mozilla/5.0 (Windows NT 6.1) AppleWebKit/534.54.16 (KHTML, like Gecko) Version/5.1.4 Safari/534.54.16"
173.169.226.223 - - [17/Apr/2012:19:56:15 -0700] "GET /AssessmentBar/r/Unassessed_India_articles/ HTTP/1.1" 302 287 "http://en.wikipedia.org/wiki/Raj_Hamsa_Ultralights" "Mozilla/5.0 (Windows NT 6.1) AppleWebKit/534.54.16 (KHTML, like Gecko) Version/5.1.4 Safari/534.54.16"
173.169.226.223 - - [17/Apr/2012:19:56:57 -0700] "GET /AssessmentBar/r/Unassessed_India_articles/ HTTP/1.1" 302 305 "http://en.wikipedia.org/wiki/Murtuza_Siddique" "Mozilla/5.0 (Windows NT 6.1) AppleWebKit/534.54.16 (KHTML, like Gecko) Version/5.1.4 Safari/534.54.16"
173.169.226.223 - - [17/Apr/2012:19:57:06 -0700] "GET /AssessmentBar/r/Unassessed_India_articles/ HTTP/1.1" 302 297 "http://en.wikipedia.org/wiki/Tribal_religions_in_India" "Mozilla/5.0 (Windows NT 6.1) AppleWebKit/534.54.16 (KHTML, like Gecko) Version/5.1.4 Safari/534.54.16"
173.169.226.223 - - [17/Apr/2012:19:57:09 -0700] "GET /AssessmentBar/r/Unassessed_India_articles/ HTTP/1.1" 302 289 "http://en.wikipedia.org/wiki/Reginald_Teague-Jones" "Mozilla/5.0 (Windows NT 6.1) AppleWebKit/534.54.16 (KHTML, like Gecko) Version/5.1.4 Safari/534.54.16"
173.169.226.223 - - [17/Apr/2012:19:57:37 -0700] "GET /AssessmentBar/r/Unassessed_India_articles/ HTTP/1.1" 302 311 "http://en.wikipedia.org/wiki/Kalighat_painting" "Mozilla/5.0 (Windows NT 6.1) AppleWebKit/534.54.16 (KHTML, like Gecko) Version/5.1.4 Safari/534.54.16"
