112.79.40.69 - - [25/Mar/2012:07:39:04 -0700] "-" 400 0 "-" "-"
112.79.40.69 - - [25/Mar/2012:07:39:04 -0700] "-" 400 0 "-" "-"
122.164.162.221 - - [25/Mar/2012:07:39:38 -0700] "-" 400 0 "-" "-"
122.164.162.221 - - [25/Mar/2012:07:40:08 -0700] "-" 400 0 "-" "-"
122.164.162.221 - - [25/Mar/2012:07:40:08 -0700] "-" 400 0 "-" "-"
59.92.1.150 - - [25/Mar/2012:07:40:16 -0700] "-" 400 0 "-" "-"
85.17.88.169 - - [25/Mar/2012:07:42:38 -0700] "POST /blog/wp-cron.php?doing_wp_cron=1332686364 HTTP/1.0" 499 0 "-" "WordPress/3.3.1; http://yuvi.in/blog"
209.85.224.89 - - [25/Mar/2012:07:42:39 -0700] "GET /blog/feed HTTP/1.1" 304 0 "-" "FeedBurner/1.0 (http://www.FeedBurner.com)"
180.76.5.57 - - [25/Mar/2012:07:43:11 -0700] "GET / HTTP/1.1" 200 3439 "-" "Mozilla/5.0 (compatible; Baiduspider/2.0; +http://www.baidu.com/search/spider.html)"
59.92.85.93 - - [25/Mar/2012:07:46:18 -0700] "-" 400 0 "-" "-"
59.92.85.93 - - [25/Mar/2012:07:46:18 -0700] "-" 400 0 "-" "-"
59.92.85.93 - - [25/Mar/2012:07:46:38 -0700] "-" 400 0 "-" "-"
59.92.85.93 - - [25/Mar/2012:07:46:38 -0700] "-" 400 0 "-" "-"
59.92.85.93 - - [25/Mar/2012:07:46:38 -0700] "-" 400 0 "-" "-"
223.235.136.141 - - [25/Mar/2012:07:46:48 -0700] "-" 400 0 "-" "-"
207.46.12.250 - - [25/Mar/2012:07:47:02 -0700] "-" 400 0 "-" "-"
223.235.136.141 - - [25/Mar/2012:07:47:10 -0700] "-" 400 0 "-" "-"
207.46.12.250 - - [25/Mar/2012:07:47:13 -0700] "-" 400 0 "-" "-"
207.46.12.250 - - [25/Mar/2012:07:47:14 -0700] "-" 400 0 "-" "-"
207.46.12.250 - - [25/Mar/2012:07:47:15 -0700] "-" 400 0 "-" "-"
207.46.12.250 - - [25/Mar/2012:07:47:15 -0700] "-" 400 0 "-" "-"
207.46.12.250 - - [25/Mar/2012:07:47:17 -0700] "-" 400 0 "-" "-"
207.46.12.250 - - [25/Mar/2012:07:47:17 -0700] "-" 400 0 "-" "-"
207.46.12.250 - - [25/Mar/2012:07:47:17 -0700] "-" 400 0 "-" "-"
207.46.12.250 - - [25/Mar/2012:07:47:17 -0700] "-" 400 0 "-" "-"
207.46.12.250 - - [25/Mar/2012:07:47:18 -0700] "-" 400 0 "-" "-"
207.46.12.250 - - [25/Mar/2012:07:48:17 -0700] "-" 400 0 "-" "-"
66.249.68.52 - - [25/Mar/2012:07:48:31 -0700] "GET /r/33ed HTTP/1.1" 301 257 "-" "Mozilla/5.0 (compatible; Googlebot/2.1; +http://www.google.com/bot.html)"
66.249.68.52 - - [25/Mar/2012:07:48:32 -0700] "GET /s/ta/33ed/ HTTP/1.1" 302 421 "-" "Mozilla/5.0 (compatible; Googlebot/2.1; +http://www.google.com/bot.html)"
223.235.136.141 - - [25/Mar/2012:07:48:41 -0700] "-" 400 0 "-" "-"
207.46.194.249 - - [25/Mar/2012:07:50:11 -0700] "-" 400 0 "-" "-"
207.46.194.249 - - [25/Mar/2012:07:50:12 -0700] "-" 400 0 "-" "-"
207.46.194.249 - - [25/Mar/2012:07:50:12 -0700] "-" 400 0 "-" "-"
207.46.194.249 - - [25/Mar/2012:07:50:12 -0700] "-" 400 0 "-" "-"
207.46.194.249 - - [25/Mar/2012:07:50:12 -0700] "-" 400 0 "-" "-"
207.46.194.249 - - [25/Mar/2012:07:50:12 -0700] "-" 400 0 "-" "-"
207.46.194.249 - - [25/Mar/2012:07:50:12 -0700] "-" 400 0 "-" "-"
207.46.194.249 - - [25/Mar/2012:07:50:12 -0700] "-" 400 0 "-" "-"
207.46.194.249 - - [25/Mar/2012:07:50:12 -0700] "-" 400 0 "-" "-"
223.235.136.141 - - [25/Mar/2012:07:50:17 -0700] "-" 400 0 "-" "-"
207.46.194.249 - - [25/Mar/2012:07:50:51 -0700] "-" 400 0 "-" "-"
207.46.194.249 - - [25/Mar/2012:07:50:51 -0700] "-" 400 0 "-" "-"
223.235.136.141 - - [25/Mar/2012:07:51:05 -0700] "-" 400 0 "-" "-"
122.164.93.147 - - [25/Mar/2012:07:51:08 -0700] "-" 400 0 "-" "-"
117.193.78.130 - - [25/Mar/2012:07:51:08 -0700] "-" 400 0 "-" "-"
223.235.136.141 - - [25/Mar/2012:07:52:17 -0700] "-" 400 0 "-" "-"
223.235.136.141 - - [25/Mar/2012:07:52:48 -0700] "-" 400 0 "-" "-"
122.164.93.147 - - [25/Mar/2012:07:52:58 -0700] "-" 400 0 "-" "-"
122.164.93.147 - - [25/Mar/2012:07:52:58 -0700] "-" 400 0 "-" "-"
122.164.93.147 - - [25/Mar/2012:07:53:18 -0700] "-" 400 0 "-" "-"
122.164.93.147 - - [25/Mar/2012:07:53:28 -0700] "-" 400 0 "-" "-"
122.164.93.147 - - [25/Mar/2012:07:53:58 -0700] "-" 400 0 "-" "-"
85.17.88.169 - - [25/Mar/2012:07:55:30 -0700] "POST /blog/wp-cron.php?doing_wp_cron=1332687136 HTTP/1.0" 499 0 "-" "WordPress/3.3.1; http://yuvi.in/blog"
66.249.67.123 - - [25/Mar/2012:07:55:31 -0700] "GET /blog/2012/03/ HTTP/1.1" 200 3953 "-" "Mozilla/5.0 (compatible; Googlebot/2.1; +http://www.google.com/bot.html)"
85.17.88.169 - - [25/Mar/2012:07:56:15 -0700] "POST /blog/wp-cron.php?doing_wp_cron=1332687181 HTTP/1.0" 499 0 "-" "WordPress/3.3.1; http://yuvi.in/blog"
209.85.238.115 - - [25/Mar/2012:07:56:16 -0700] "GET /blog/feed/ HTTP/1.1" 304 0 "-" "Feedfetcher-Google; (+http://www.google.com/feedfetcher.html; 18 subscribers; feed-id=15064232456473204253)"
122.164.93.147 - - [25/Mar/2012:07:56:18 -0700] "-" 400 0 "-" "-"
122.164.93.147 - - [25/Mar/2012:07:56:18 -0700] "-" 400 0 "-" "-"
122.164.93.147 - - [25/Mar/2012:07:56:18 -0700] "-" 400 0 "-" "-"
85.17.88.169 - - [25/Mar/2012:07:58:25 -0700] "POST /blog/wp-cron.php?doing_wp_cron=1332687311 HTTP/1.0" 499 0 "-" "WordPress/3.3.1; http://yuvi.in/blog"
65.52.109.152 - - [25/Mar/2012:07:58:26 -0700] "GET /blog/devlog-december-11-2011/ HTTP/1.1" 200 4638 "-" "Mozilla/5.0 (compatible; bingbot/2.0; +http://www.bing.com/bingbot.htm)"
85.17.88.169 - - [25/Mar/2012:07:58:38 -0700] "POST /blog/wp-cron.php?doing_wp_cron=1332687324 HTTP/1.0" 499 0 "-" "WordPress/3.3.1; http://yuvi.in/blog"
66.249.67.123 - - [25/Mar/2012:07:58:39 -0700] "GET /blog/tag/blogging/ HTTP/1.1" 200 4141 "-" "Mozilla/5.0 (iPhone; U; CPU iPhone OS 4_1 like Mac OS X; en-us) AppleWebKit/532.9 (KHTML, like Gecko) Version/4.0.5 Mobile/8B117 Safari/6531.22.7 (compatible; Googlebot-Mobile/2.1; +http://www.google.com/bot.html)"
27.7.64.22 - - [25/Mar/2012:07:59:03 -0700] "-" 400 0 "-" "-"
157.55.112.199 - - [25/Mar/2012:08:01:56 -0700] "-" 400 0 "-" "-"
157.55.112.199 - - [25/Mar/2012:08:01:56 -0700] "-" 400 0 "-" "-"
157.55.112.199 - - [25/Mar/2012:08:01:57 -0700] "-" 400 0 "-" "-"
157.55.112.199 - - [25/Mar/2012:08:01:57 -0700] "-" 400 0 "-" "-"
157.55.112.199 - - [25/Mar/2012:08:01:57 -0700] "-" 400 0 "-" "-"
157.55.112.199 - - [25/Mar/2012:08:01:57 -0700] "-" 400 0 "-" "-"
157.55.112.199 - - [25/Mar/2012:08:01:57 -0700] "-" 400 0 "-" "-"
157.55.112.199 - - [25/Mar/2012:08:01:58 -0700] "-" 400 0 "-" "-"
69.171.229.250 - - [25/Mar/2012:08:02:38 -0700] "GET /r/39d HTTP/1.1" 301 255 "-" "facebookexternalhit/1.1 (+http://www.facebook.com/externalhit_uatext.php)"
69.171.229.251 - - [25/Mar/2012:08:02:39 -0700] "GET /s/ta/39d/ HTTP/1.1" 302 325 "-" "facebookexternalhit/1.1 (+http://www.facebook.com/externalhit_uatext.php)"
122.164.71.150 - - [25/Mar/2012:08:03:53 -0700] "-" 400 0 "-" "-"
122.164.71.150 - - [25/Mar/2012:08:03:53 -0700] "-" 400 0 "-" "-"
122.164.71.150 - - [25/Mar/2012:08:03:53 -0700] "-" 400 0 "-" "-"
122.164.71.150 - - [25/Mar/2012:08:03:54 -0700] "-" 400 0 "-" "-"
122.164.71.150 - - [25/Mar/2012:08:03:54 -0700] "-" 400 0 "-" "-"
122.164.71.150 - - [25/Mar/2012:08:04:00 -0700] "-" 400 0 "-" "-"
122.164.71.150 - - [25/Mar/2012:08:04:00 -0700] "-" 400 0 "-" "-"
117.230.28.175 - - [25/Mar/2012:08:04:32 -0700] "-" 400 0 "-" "-"
216.150.189.2 - - [25/Mar/2012:08:04:48 -0700] "-" 400 0 "-" "-"
141.0.9.157 - - [25/Mar/2012:08:05:49 -0700] "-" 400 0 "-" "-"
141.0.9.157 - - [25/Mar/2012:08:05:49 -0700] "-" 400 0 "-" "-"
141.0.9.157 - - [25/Mar/2012:08:05:49 -0700] "-" 400 0 "-" "-"
14.99.135.245 - - [25/Mar/2012:08:07:27 -0700] "-" 400 0 "-" "-"
207.46.199.148 - - [25/Mar/2012:08:07:46 -0700] "-" 400 0 "-" "-"
207.46.199.148 - - [25/Mar/2012:08:07:47 -0700] "-" 400 0 "-" "-"
207.46.199.148 - - [25/Mar/2012:08:07:48 -0700] "-" 400 0 "-" "-"
207.46.199.148 - - [25/Mar/2012:08:07:48 -0700] "-" 400 0 "-" "-"
207.46.199.148 - - [25/Mar/2012:08:07:48 -0700] "-" 400 0 "-" "-"
207.46.199.148 - - [25/Mar/2012:08:07:48 -0700] "-" 400 0 "-" "-"
207.46.199.148 - - [25/Mar/2012:08:07:49 -0700] "-" 400 0 "-" "-"
207.46.199.148 - - [25/Mar/2012:08:07:49 -0700] "-" 400 0 "-" "-"
207.46.199.148 - - [25/Mar/2012:08:07:49 -0700] "-" 400 0 "-" "-"
207.46.199.148 - - [25/Mar/2012:08:07:49 -0700] "-" 400 0 "-" "-"
117.230.65.189 - - [25/Mar/2012:08:07:58 -0700] "GET /r/8qd HTTP/1.1" 301 255 "http://ta.wikipedia.org/wiki/%E0%AE%AA%E0%AE%BE%E0%AE%B2%E0%AE%BF%E0%AE%AF%E0%AE%B2%E0%AF%8D_%E0%AE%B5%E0%AE%9A%E0%AF%88%E0%AE%9A%E0%AF%8D_%E0%AE%9A%E0%AF%8A%E0%AE%B1%E0%AF%8D%E0%AE%95%E0%AE%B3%E0%AF%8D" "Mozilla/5.0 (Windows NT 5.1; rv:8.0) Gecko/20100101 Firefox/8.0"
117.230.65.189 - - [25/Mar/2012:08:08:00 -0700] "GET /s/ta/8qd/ HTTP/1.1" 302 501 "http://ta.wikipedia.org/wiki/%E0%AE%AA%E0%AE%BE%E0%AE%B2%E0%AE%BF%E0%AE%AF%E0%AE%B2%E0%AF%8D_%E0%AE%B5%E0%AE%9A%E0%AF%88%E0%AE%9A%E0%AF%8D_%E0%AE%9A%E0%AF%8A%E0%AE%B1%E0%AF%8D%E0%AE%95%E0%AE%B3%E0%AF%8D" "Mozilla/5.0 (Windows NT 5.1; rv:8.0) Gecko/20100101 Firefox/8.0"
65.52.104.20 - - [25/Mar/2012:08:08:21 -0700] "GET /blog/enthusiastic-teachers-and-naive-implementation-of-gauss-seidel-approximations.html HTTP/1.1" 304 0 "-" "Mozilla/5.0 (compatible; bingbot/2.0; +http://www.bing.com/bingbot.htm)"
207.46.199.148 - - [25/Mar/2012:08:08:48 -0700] "-" 400 0 "-" "-"
69.171.228.251 - - [25/Mar/2012:08:09:53 -0700] "GET /r/1hwd HTTP/1.1" 301 257 "-" "facebookexternalhit/1.1 (+http://www.facebook.com/externalhit_uatext.php)"
69.171.228.246 - - [25/Mar/2012:08:09:53 -0700] "GET /s/ta/1hwd/ HTTP/1.1" 302 461 "-" "facebookexternalhit/1.1 (+http://www.facebook.com/externalhit_uatext.php)"
85.17.88.169 - - [25/Mar/2012:08:10:18 -0700] "POST /blog/wp-cron.php?doing_wp_cron=1332688023 HTTP/1.0" 499 0 "-" "WordPress/3.3.1; http://yuvi.in/blog"
80.58.205.103 - - [25/Mar/2012:08:10:18 -0700] "POST /blog/wp-login.php HTTP/1.1" 200 3475 "http://yuvi.in/blog/wp-login.php" "Mozilla/5.0 (Windows NT 6.1; WOW64; rv:8.0.1) Gecko/20100101 Firefox/8.0.1"
85.17.88.169 - - [25/Mar/2012:08:10:20 -0700] "POST /blog/wp-cron.php?doing_wp_cron=1332688026 HTTP/1.0" 499 0 "-" "WordPress/3.3.1; http://yuvi.in/blog"
80.58.205.103 - - [25/Mar/2012:08:10:21 -0700] "POST /blog/wp-login.php HTTP/1.1" 200 3475 "http://yuvi.in/blog/wp-login.php" "Mozilla/5.0 (Windows NT 6.1; WOW64; rv:8.0.1) Gecko/20100101 Firefox/8.0.1"
85.17.88.169 - - [25/Mar/2012:08:10:23 -0700] "POST /blog/wp-cron.php?doing_wp_cron=1332688028 HTTP/1.0" 499 0 "-" "WordPress/3.3.1; http://yuvi.in/blog"
80.58.205.103 - - [25/Mar/2012:08:10:23 -0700] "POST /blog/wp-login.php HTTP/1.1" 200 3475 "http://yuvi.in/blog/wp-login.php" "Mozilla/5.0 (Windows NT 6.1; WOW64; rv:8.0.1) Gecko/20100101 Firefox/8.0.1"
85.17.88.169 - - [25/Mar/2012:08:10:26 -0700] "POST /blog/wp-cron.php?doing_wp_cron=1332688032 HTTP/1.0" 499 0 "-" "WordPress/3.3.1; http://yuvi.in/blog"
80.58.205.103 - - [25/Mar/2012:08:10:27 -0700] "POST /blog/wp-login.php HTTP/1.1" 200 3475 "http://yuvi.in/blog/wp-login.php" "Mozilla/5.0 (Windows NT 6.1; WOW64; rv:8.0.1) Gecko/20100101 Firefox/8.0.1"
85.17.88.169 - - [25/Mar/2012:08:10:29 -0700] "POST /blog/wp-cron.php?doing_wp_cron=1332688034 HTTP/1.0" 499 0 "-" "WordPress/3.3.1; http://yuvi.in/blog"
80.58.205.103 - - [25/Mar/2012:08:10:29 -0700] "POST /blog/wp-login.php HTTP/1.1" 200 3475 "http://yuvi.in/blog/wp-login.php" "Mozilla/5.0 (Windows NT 6.1; WOW64; rv:8.0.1) Gecko/20100101 Firefox/8.0.1"
27.7.64.22 - - [25/Mar/2012:08:11:42 -0700] "-" 400 0 "-" "-"
85.17.88.169 - - [25/Mar/2012:08:11:57 -0700] "POST /blog/wp-cron.php?doing_wp_cron=1332688122 HTTP/1.0" 499 0 "-" "WordPress/3.3.1; http://yuvi.in/blog"
209.85.238.115 - - [25/Mar/2012:08:11:57 -0700] "GET /blog/feed HTTP/1.1" 301 0 "-" "Feedfetcher-Google; (+http://www.google.com/feedfetcher.html; 3 subscribers; feed-id=17684830852112633560)"
85.17.88.169 - - [25/Mar/2012:08:11:59 -0700] "POST /blog/wp-cron.php?doing_wp_cron=1332688124 HTTP/1.0" 499 0 "-" "WordPress/3.3.1; http://yuvi.in/blog"
209.85.238.115 - - [25/Mar/2012:08:11:59 -0700] "GET /blog/feed/ HTTP/1.1" 304 0 "-" "Feedfetcher-Google; (+http://www.google.com/feedfetcher.html; 3 subscribers; feed-id=17684830852112633560)"
94.228.34.248 - - [25/Mar/2012:08:12:36 -0700] "GET /blog/ HTTP/1.1" 200 9194 "-" "magpie-crawler/1.1 (U; Linux amd64; en-GB; +http://www.brandwatch.net)"
85.17.88.169 - - [25/Mar/2012:08:12:46 -0700] "POST /blog/wp-cron.php?doing_wp_cron=1332688171 HTTP/1.0" 499 0 "-" "WordPress/3.3.1; http://yuvi.in/blog"
209.85.224.93 - - [25/Mar/2012:08:12:46 -0700] "GET /blog/feed HTTP/1.1" 304 0 "-" "FeedBurner/1.0 (http://www.FeedBurner.com)"
69.171.228.244 - - [25/Mar/2012:08:13:21 -0700] "GET /r/1ie4 HTTP/1.1" 301 257 "-" "facebookexternalhit/1.1 (+http://www.facebook.com/externalhit_uatext.php)"
69.171.228.244 - - [25/Mar/2012:08:13:21 -0700] "GET /s/ta/1ie4/ HTTP/1.1" 302 509 "-" "facebookexternalhit/1.1 (+http://www.facebook.com/externalhit_uatext.php)"
122.164.36.12 - - [25/Mar/2012:08:15:27 -0700] "-" 400 0 "-" "-"
122.164.36.12 - - [25/Mar/2012:08:16:07 -0700] "-" 400 0 "-" "-"
117.193.29.246 - - [25/Mar/2012:08:16:45 -0700] "-" 400 0 "-" "-"
174.97.161.205 - - [25/Mar/2012:08:17:09 -0700] "GET /favicon.ico HTTP/1.1" 404 199 "-" "Mozilla/5.0 (X11; Linux x86_64) AppleWebKit/535.19 (KHTML, like Gecko) Chrome/18.0.1025.113 Safari/535.19"
174.97.161.205 - - [25/Mar/2012:08:17:11 -0700] "GET /blog HTTP/1.1" 301 178 "http://yuvi.in/" "Mozilla/5.0 (X11; Linux x86_64) AppleWebKit/535.19 (KHTML, like Gecko) Chrome/18.0.1025.113 Safari/535.19"
174.97.161.205 - - [25/Mar/2012:08:17:11 -0700] "GET /blog/ HTTP/1.1" 200 9194 "http://yuvi.in/" "Mozilla/5.0 (X11; Linux x86_64) AppleWebKit/535.19 (KHTML, like Gecko) Chrome/18.0.1025.113 Safari/535.19"
174.97.161.205 - - [25/Mar/2012:08:17:12 -0700] "GET /blog/wp-content/themes/cleanr/style.css HTTP/1.1" 200 10508 "http://yuvi.in/blog/" "Mozilla/5.0 (X11; Linux x86_64) AppleWebKit/535.19 (KHTML, like Gecko) Chrome/18.0.1025.113 Safari/535.19"
174.97.161.205 - - [25/Mar/2012:08:17:12 -0700] "GET /blog/wp-content/themes/cleanr/css/text.css HTTP/1.1" 200 420 "http://yuvi.in/blog/" "Mozilla/5.0 (X11; Linux x86_64) AppleWebKit/535.19 (KHTML, like Gecko) Chrome/18.0.1025.113 Safari/535.19"
174.97.161.205 - - [25/Mar/2012:08:17:12 -0700] "GET /blog/wp-content/themes/cleanr/css/reset.css HTTP/1.1" 200 648 "http://yuvi.in/blog/" "Mozilla/5.0 (X11; Linux x86_64) AppleWebKit/535.19 (KHTML, like Gecko) Chrome/18.0.1025.113 Safari/535.19"
174.97.161.205 - - [25/Mar/2012:08:17:12 -0700] "GET /blog/wp-content/themes/cleanr/css/960.css HTTP/1.1" 200 3628 "http://yuvi.in/blog/" "Mozilla/5.0 (X11; Linux x86_64) AppleWebKit/535.19 (KHTML, like Gecko) Chrome/18.0.1025.113 Safari/535.19"
174.97.161.205 - - [25/Mar/2012:08:17:13 -0700] "GET /blog/wp-content/themes/cleanr/images/search_magnifier.gif HTTP/1.1" 200 394 "http://yuvi.in/blog/" "Mozilla/5.0 (X11; Linux x86_64) AppleWebKit/535.19 (KHTML, like Gecko) Chrome/18.0.1025.113 Safari/535.19"
174.97.161.205 - - [25/Mar/2012:08:17:13 -0700] "GET /favicon.ico HTTP/1.1" 404 199 "-" "Mozilla/5.0 (X11; Linux x86_64) AppleWebKit/535.19 (KHTML, like Gecko) Chrome/18.0.1025.113 Safari/535.19"
85.17.88.169 - - [25/Mar/2012:08:17:19 -0700] "POST /blog/wp-cron.php?doing_wp_cron=1332688444 HTTP/1.0" 499 0 "-" "WordPress/3.3.1; http://yuvi.in/blog"
174.97.161.205 - - [25/Mar/2012:08:17:19 -0700] "GET /blog/2011/11/ HTTP/1.1" 200 4217 "http://yuvi.in/blog/" "Mozilla/5.0 (X11; Linux x86_64) AppleWebKit/535.19 (KHTML, like Gecko) Chrome/18.0.1025.113 Safari/535.19"
174.97.161.205 - - [25/Mar/2012:08:17:20 -0700] "GET /favicon.ico HTTP/1.1" 404 199 "-" "Mozilla/5.0 (X11; Linux x86_64) AppleWebKit/535.19 (KHTML, like Gecko) Chrome/18.0.1025.113 Safari/535.19"
122.174.165.229 - - [25/Mar/2012:08:17:21 -0700] "-" 400 0 "-" "-"
85.17.88.169 - - [25/Mar/2012:08:17:33 -0700] "POST /blog/wp-cron.php?doing_wp_cron=1332688459 HTTP/1.0" 499 0 "-" "WordPress/3.3.1; http://yuvi.in/blog"
174.97.161.205 - - [25/Mar/2012:08:17:33 -0700] "GET /blog/2011/10/ HTTP/1.1" 200 4496 "http://yuvi.in/blog/2011/11/" "Mozilla/5.0 (X11; Linux x86_64) AppleWebKit/535.19 (KHTML, like Gecko) Chrome/18.0.1025.113 Safari/535.19"
174.97.161.205 - - [25/Mar/2012:08:17:34 -0700] "GET /favicon.ico HTTP/1.1" 404 199 "-" "Mozilla/5.0 (X11; Linux x86_64) AppleWebKit/535.19 (KHTML, like Gecko) Chrome/18.0.1025.113 Safari/535.19"
209.85.224.83 - - [25/Mar/2012:08:17:54 -0700] "GET /stories/feed HTTP/1.1" 200 13653 "-" "FeedBurner/1.0 (http://www.FeedBurner.com)"
85.17.88.169 - - [25/Mar/2012:08:17:56 -0700] "POST /blog/wp-cron.php?doing_wp_cron=1332688482 HTTP/1.0" 499 0 "-" "WordPress/3.3.1; http://yuvi.in/blog"
174.97.161.205 - - [25/Mar/2012:08:17:57 -0700] "GET /blog/2011/08/ HTTP/1.1" 200 15970 "http://yuvi.in/blog/2011/10/" "Mozilla/5.0 (X11; Linux x86_64) AppleWebKit/535.19 (KHTML, like Gecko) Chrome/18.0.1025.113 Safari/535.19"
174.97.161.205 - - [25/Mar/2012:08:17:58 -0700] "GET /favicon.ico HTTP/1.1" 404 199 "-" "Mozilla/5.0 (X11; Linux x86_64) AppleWebKit/535.19 (KHTML, like Gecko) Chrome/18.0.1025.113 Safari/535.19"
202.151.195.73 - - [25/Mar/2012:08:19:24 -0700] "GET /s/ta/1va/ HTTP/1.1" 302 409 "-" "Mozilla/5.0 (iPhone; CPU iPhone OS 5_0_1 like Mac OS X) AppleWebKit/534.46 (KHTML, like Gecko) Mobile/9A405"
85.17.88.169 - - [25/Mar/2012:08:19:30 -0700] "POST /blog/wp-cron.php?doing_wp_cron=1332688575 HTTP/1.0" 499 0 "-" "WordPress/3.3.1; http://yuvi.in/blog"
174.97.161.205 - - [25/Mar/2012:08:19:30 -0700] "GET /blog/my-vim-setup/ HTTP/1.1" 200 6473 "http://yuvi.in/blog/2011/08/" "Mozilla/5.0 (X11; Linux x86_64) AppleWebKit/535.19 (KHTML, like Gecko) Chrome/18.0.1025.113 Safari/535.19"
174.97.161.205 - - [25/Mar/2012:08:19:31 -0700] "GET /favicon.ico HTTP/1.1" 404 199 "-" "Mozilla/5.0 (X11; Linux x86_64) AppleWebKit/535.19 (KHTML, like Gecko) Chrome/18.0.1025.113 Safari/535.19"
174.97.161.205 - - [25/Mar/2012:08:19:31 -0700] "GET /favicon.ico HTTP/1.1" 404 199 "-" "Mozilla/5.0 (X11; Linux x86_64) AppleWebKit/535.19 (KHTML, like Gecko) Chrome/18.0.1025.113 Safari/535.19"
174.97.161.205 - - [25/Mar/2012:08:19:31 -0700] "GET /favicon.ico HTTP/1.1" 404 199 "-" "Mozilla/5.0 (X11; Linux x86_64) AppleWebKit/535.19 (KHTML, like Gecko) Chrome/18.0.1025.113 Safari/535.19"
174.97.161.205 - - [25/Mar/2012:08:19:31 -0700] "GET /favicon.ico HTTP/1.1" 404 199 "-" "Mozilla/5.0 (X11; Linux x86_64) AppleWebKit/535.19 (KHTML, like Gecko) Chrome/18.0.1025.113 Safari/535.19"
174.97.161.205 - - [25/Mar/2012:08:19:31 -0700] "GET /favicon.ico HTTP/1.1" 404 199 "-" "Mozilla/5.0 (X11; Linux x86_64) AppleWebKit/535.19 (KHTML, like Gecko) Chrome/18.0.1025.113 Safari/535.19"
85.17.88.169 - - [25/Mar/2012:08:19:34 -0700] "POST /blog/wp-cron.php?doing_wp_cron=1332688579 HTTP/1.0" 499 0 "-" "WordPress/3.3.1; http://yuvi.in/blog"
174.97.161.205 - - [25/Mar/2012:08:19:34 -0700] "GET /blog/my-vim-setup/?cf_action=sync_comments&post_id=181 HTTP/1.1" 200 48 "http://yuvi.in/blog/my-vim-setup/" "Mozilla/5.0 (X11; Linux x86_64) AppleWebKit/535.19 (KHTML, like Gecko) Chrome/18.0.1025.113 Safari/535.19"
174.97.161.205 - - [25/Mar/2012:08:19:46 -0700] "-" 400 0 "-" "-"
174.97.161.205 - - [25/Mar/2012:08:19:46 -0700] "-" 400 0 "-" "-"
174.97.161.205 - - [25/Mar/2012:08:19:46 -0700] "-" 400 0 "-" "-"
174.97.161.205 - - [25/Mar/2012:08:19:46 -0700] "-" 400 0 "-" "-"
174.97.161.205 - - [25/Mar/2012:08:19:46 -0700] "-" 400 0 "-" "-"
85.17.88.169 - - [25/Mar/2012:08:20:13 -0700] "POST /blog/wp-cron.php?doing_wp_cron=1332688618 HTTP/1.0" 499 0 "-" "WordPress/3.3.1; http://yuvi.in/blog"
174.97.161.205 - - [25/Mar/2012:08:20:13 -0700] "GET /blog/2011/07/ HTTP/1.1" 200 3613 "http://yuvi.in/blog/2011/08/" "Mozilla/5.0 (X11; Linux x86_64) AppleWebKit/535.19 (KHTML, like Gecko) Chrome/18.0.1025.113 Safari/535.19"
174.97.161.205 - - [25/Mar/2012:08:20:13 -0700] "GET /favicon.ico HTTP/1.1" 404 199 "-" "Mozilla/5.0 (X11; Linux x86_64) AppleWebKit/535.19 (KHTML, like Gecko) Chrome/18.0.1025.113 Safari/535.19"
208.115.111.68 - - [25/Mar/2012:08:20:22 -0700] "GET /blog/tag/twitter.html HTTP/1.1" 200 5052 "-" "Mozilla/5.0 (compatible; Ezooms/1.0; ezooms.bot@gmail.com)"
85.17.88.169 - - [25/Mar/2012:08:20:33 -0700] "POST /blog/wp-cron.php?doing_wp_cron=1332688638 HTTP/1.0" 499 0 "-" "WordPress/3.3.1; http://yuvi.in/blog"
174.97.161.205 - - [25/Mar/2012:08:20:33 -0700] "GET /blog/2011/06/ HTTP/1.1" 200 17726 "http://yuvi.in/blog/2011/07/" "Mozilla/5.0 (X11; Linux x86_64) AppleWebKit/535.19 (KHTML, like Gecko) Chrome/18.0.1025.113 Safari/535.19"
174.97.161.205 - - [25/Mar/2012:08:20:34 -0700] "GET /favicon.ico HTTP/1.1" 404 199 "-" "Mozilla/5.0 (X11; Linux x86_64) AppleWebKit/535.19 (KHTML, like Gecko) Chrome/18.0.1025.113 Safari/535.19"
202.151.195.73 - - [25/Mar/2012:08:21:02 -0700] "GET /s/ta/1va/ HTTP/1.1" 302 409 "-" "Mozilla/5.0 (iPhone; CPU iPhone OS 5_0_1 like Mac OS X) AppleWebKit/534.46 (KHTML, like Gecko) Mobile/9A405"
202.151.195.73 - - [25/Mar/2012:08:21:07 -0700] "GET /r/1va HTTP/1.1" 301 255 "-" "Mozilla/5.0 (iPhone; CPU iPhone OS 5_0_1 like Mac OS X) AppleWebKit/534.46 (KHTML, like Gecko) Mobile/9A405"
202.151.195.73 - - [25/Mar/2012:08:21:07 -0700] "GET /s/ta/1va/ HTTP/1.1" 302 409 "-" "Mozilla/5.0 (iPhone; CPU iPhone OS 5_0_1 like Mac OS X) AppleWebKit/534.46 (KHTML, like Gecko) Mobile/9A405"
14.99.135.245 - - [25/Mar/2012:08:21:08 -0700] "-" 400 0 "-" "-"
202.151.195.73 - - [25/Mar/2012:08:21:12 -0700] "GET /s/ta/23z/ HTTP/1.1" 302 397 "-" "Mozilla/5.0 (iPhone; CPU iPhone OS 5_0_1 like Mac OS X) AppleWebKit/534.46 (KHTML, like Gecko) Mobile/9A405"
202.151.195.73 - - [25/Mar/2012:08:21:14 -0700] "GET /s/ta/1va/ HTTP/1.1" 302 409 "-" "Mozilla/5.0 (iPhone; CPU iPhone OS 5_0_1 like Mac OS X) AppleWebKit/534.46 (KHTML, like Gecko) Mobile/9A405"
117.193.164.249 - - [25/Mar/2012:08:21:43 -0700] "HEAD /r/j9n HTTP/1.1" 301 0 "-" "Mozilla/5.0 (X11; Linux i686) KHTML/4.7.4 (like Gecko) Konqueror/4.7 Fedora/4.7.4-1.fc16"
117.193.164.249 - - [25/Mar/2012:08:21:44 -0700] "HEAD /r/305m HTTP/1.1" 301 0 "-" "Mozilla/5.0 (X11; Linux i686) KHTML/4.7.4 (like Gecko) Konqueror/4.7 Fedora/4.7.4-1.fc16"
202.151.195.73 - - [25/Mar/2012:08:22:12 -0700] "GET /s/ta/1va/ HTTP/1.1" 302 409 "-" "Mozilla/5.0 (iPhone; CPU iPhone OS 5_0_1 like Mac OS X) AppleWebKit/534.46 (KHTML, like Gecko) Mobile/9A405"
202.151.195.73 - - [25/Mar/2012:08:22:27 -0700] "GET /s/ta/23z/ HTTP/1.1" 302 397 "-" "Mozilla/5.0 (iPhone; CPU iPhone OS 5_0_1 like Mac OS X) AppleWebKit/534.46 (KHTML, like Gecko) Mobile/9A405"
117.202.152.29 - - [25/Mar/2012:08:25:05 -0700] "-" 400 0 "-" "-"
117.202.152.29 - - [25/Mar/2012:08:25:05 -0700] "-" 400 0 "-" "-"
117.202.152.29 - - [25/Mar/2012:08:25:05 -0700] "-" 400 0 "-" "-"
117.202.152.29 - - [25/Mar/2012:08:25:05 -0700] "-" 400 0 "-" "-"
117.202.152.29 - - [25/Mar/2012:08:25:05 -0700] "-" 400 0 "-" "-"
85.17.88.169 - - [25/Mar/2012:08:25:20 -0700] "POST /blog/wp-cron.php?doing_wp_cron=1332688926 HTTP/1.0" 499 0 "-" "WordPress/3.3.1; http://yuvi.in/blog"
174.97.161.205 - - [25/Mar/2012:08:25:21 -0700] "GET /blog/infosys-tcs-or-wipro-none/ HTTP/1.1" 200 7090 "http://yuvi.in/blog/2011/06/" "Mozilla/5.0 (X11; Linux x86_64) AppleWebKit/535.19 (KHTML, like Gecko) Chrome/18.0.1025.113 Safari/535.19"
174.97.161.205 - - [25/Mar/2012:08:25:21 -0700] "GET /favicon.ico HTTP/1.1" 404 199 "-" "Mozilla/5.0 (X11; Linux x86_64) AppleWebKit/535.19 (KHTML, like Gecko) Chrome/18.0.1025.113 Safari/535.19"
174.97.161.205 - - [25/Mar/2012:08:25:22 -0700] "GET /favicon.ico HTTP/1.1" 404 199 "-" "Mozilla/5.0 (X11; Linux x86_64) AppleWebKit/535.19 (KHTML, like Gecko) Chrome/18.0.1025.113 Safari/535.19"
174.97.161.205 - - [25/Mar/2012:08:25:22 -0700] "GET /favicon.ico HTTP/1.1" 404 199 "-" "Mozilla/5.0 (X11; Linux x86_64) AppleWebKit/535.19 (KHTML, like Gecko) Chrome/18.0.1025.113 Safari/535.19"
174.97.161.205 - - [25/Mar/2012:08:25:22 -0700] "GET /favicon.ico HTTP/1.1" 404 199 "-" "Mozilla/5.0 (X11; Linux x86_64) AppleWebKit/535.19 (KHTML, like Gecko) Chrome/18.0.1025.113 Safari/535.19"
174.97.161.205 - - [25/Mar/2012:08:25:22 -0700] "GET /favicon.ico HTTP/1.1" 404 199 "-" "Mozilla/5.0 (X11; Linux x86_64) AppleWebKit/535.19 (KHTML, like Gecko) Chrome/18.0.1025.113 Safari/535.19"
85.17.88.169 - - [25/Mar/2012:08:25:24 -0700] "POST /blog/wp-cron.php?doing_wp_cron=1332688929 HTTP/1.0" 499 0 "-" "WordPress/3.3.1; http://yuvi.in/blog"
174.97.161.205 - - [25/Mar/2012:08:25:24 -0700] "GET /blog/infosys-tcs-or-wipro-none/?cf_action=sync_comments&post_id=124 HTTP/1.1" 200 48 "http://yuvi.in/blog/infosys-tcs-or-wipro-none/" "Mozilla/5.0 (X11; Linux x86_64) AppleWebKit/535.19 (KHTML, like Gecko) Chrome/18.0.1025.113 Safari/535.19"
174.97.161.205 - - [25/Mar/2012:08:25:31 -0700] "-" 400 0 "-" "-"
174.97.161.205 - - [25/Mar/2012:08:25:31 -0700] "-" 400 0 "-" "-"
174.97.161.205 - - [25/Mar/2012:08:25:31 -0700] "-" 400 0 "-" "-"
85.17.88.169 - - [25/Mar/2012:08:25:55 -0700] "POST /blog/wp-cron.php?doing_wp_cron=1332688960 HTTP/1.0" 499 0 "-" "WordPress/3.3.1; http://yuvi.in/blog"
174.97.161.205 - - [25/Mar/2012:08:25:56 -0700] "GET /blog/2011/05/ HTTP/1.1" 200 8193 "http://yuvi.in/blog/2011/06/" "Mozilla/5.0 (X11; Linux x86_64) AppleWebKit/535.19 (KHTML, like Gecko) Chrome/18.0.1025.113 Safari/535.19"
174.97.161.205 - - [25/Mar/2012:08:25:56 -0700] "GET /favicon.ico HTTP/1.1" 404 199 "-" "Mozilla/5.0 (X11; Linux x86_64) AppleWebKit/535.19 (KHTML, like Gecko) Chrome/18.0.1025.113 Safari/535.19"
66.249.67.123 - - [25/Mar/2012:08:26:53 -0700] "GET /blog/what-stop-child-athiest/trackback/ HTTP/1.1" 302 0 "-" "Mozilla/5.0 (compatible; Googlebot/2.1; +http://www.google.com/bot.html)"
66.249.67.123 - - [25/Mar/2012:08:26:54 -0700] "GET /blog/what-stop-child-athiest/ HTTP/1.1" 200 6093 "-" "Mozilla/5.0 (compatible; Googlebot/2.1; +http://www.google.com/bot.html)"
117.193.223.76 - - [25/Mar/2012:08:27:50 -0700] "-" 400 0 "-" "-"
85.17.88.169 - - [25/Mar/2012:08:28:14 -0700] "POST /blog/wp-cron.php?doing_wp_cron=1332689100 HTTP/1.0" 499 0 "-" "WordPress/3.3.1; http://yuvi.in/blog"
174.97.161.205 - - [25/Mar/2012:08:28:15 -0700] "GET /blog/2011/04/ HTTP/1.1" 200 5729 "http://yuvi.in/blog/2011/05/" "Mozilla/5.0 (X11; Linux x86_64) AppleWebKit/535.19 (KHTML, like Gecko) Chrome/18.0.1025.113 Safari/535.19"
174.97.161.205 - - [25/Mar/2012:08:28:15 -0700] "GET /favicon.ico HTTP/1.1" 404 199 "-" "Mozilla/5.0 (X11; Linux x86_64) AppleWebKit/535.19 (KHTML, like Gecko) Chrome/18.0.1025.113 Safari/535.19"
207.46.12.245 - - [25/Mar/2012:08:28:16 -0700] "-" 400 0 "-" "-"
207.46.12.245 - - [25/Mar/2012:08:28:18 -0700] "-" 400 0 "-" "-"
207.46.12.245 - - [25/Mar/2012:08:28:19 -0700] "-" 400 0 "-" "-"
207.46.12.245 - - [25/Mar/2012:08:28:20 -0700] "-" 400 0 "-" "-"
207.46.12.245 - - [25/Mar/2012:08:28:20 -0700] "-" 400 0 "-" "-"
207.46.12.245 - - [25/Mar/2012:08:28:21 -0700] "-" 400 0 "-" "-"
207.46.12.245 - - [25/Mar/2012:08:28:21 -0700] "-" 400 0 "-" "-"
207.46.12.245 - - [25/Mar/2012:08:28:21 -0700] "-" 400 0 "-" "-"
207.46.12.245 - - [25/Mar/2012:08:28:21 -0700] "-" 400 0 "-" "-"
207.46.12.245 - - [25/Mar/2012:08:28:21 -0700] "-" 400 0 "-" "-"
207.46.12.245 - - [25/Mar/2012:08:29:02 -0700] "-" 400 0 "-" "-"
174.97.161.205 - - [25/Mar/2012:08:29:17 -0700] "GET /blog/2011/04/ HTTP/1.1" 200 5729 "http://yuvi.in/blog/2011/04/" "Mozilla/5.0 (X11; Linux x86_64) AppleWebKit/535.19 (KHTML, like Gecko) Chrome/18.0.1025.113 Safari/535.19"
174.97.161.205 - - [25/Mar/2012:08:29:17 -0700] "GET /favicon.ico HTTP/1.1" 404 199 "-" "Mozilla/5.0 (X11; Linux x86_64) AppleWebKit/535.19 (KHTML, like Gecko) Chrome/18.0.1025.113 Safari/535.19"
85.17.88.169 - - [25/Mar/2012:08:29:25 -0700] "POST /blog/wp-cron.php?doing_wp_cron=1332689171 HTTP/1.0" 499 0 "-" "WordPress/3.3.1; http://yuvi.in/blog"
174.97.161.205 - - [25/Mar/2012:08:29:26 -0700] "GET /blog/2011/02/ HTTP/1.1" 200 5999 "http://yuvi.in/blog/2011/04/" "Mozilla/5.0 (X11; Linux x86_64) AppleWebKit/535.19 (KHTML, like Gecko) Chrome/18.0.1025.113 Safari/535.19"
174.97.161.205 - - [25/Mar/2012:08:29:26 -0700] "GET /favicon.ico HTTP/1.1" 404 199 "-" "Mozilla/5.0 (X11; Linux x86_64) AppleWebKit/535.19 (KHTML, like Gecko) Chrome/18.0.1025.113 Safari/535.19"
75.131.206.131 - - [25/Mar/2012:08:29:33 -0700] "GET / HTTP/1.1" 200 1430 "-" "Reeder/1.5.5 CFNetwork/548.1.4 Darwin/11.0.0"
75.131.206.131 - - [25/Mar/2012:08:29:33 -0700] "GET /favicon.ico HTTP/1.1" 404 142 "-" "Reeder/1.5.5 CFNetwork/548.1.4 Darwin/11.0.0"
75.131.206.131 - - [25/Mar/2012:08:29:33 -0700] "GET /apple-touch-icon.png HTTP/1.1" 404 142 "-" "Reeder/1.5.5 CFNetwork/548.1.4 Darwin/11.0.0"
75.131.206.131 - - [25/Mar/2012:08:29:33 -0700] "GET /apple-touch-icon-precomposed.png HTTP/1.1" 404 142 "-" "Reeder/1.5.5 CFNetwork/548.1.4 Darwin/11.0.0"
69.171.228.244 - - [25/Mar/2012:08:30:18 -0700] "GET /r/jty HTTP/1.1" 301 255 "-" "facebookexternalhit/1.1 (+http://www.facebook.com/externalhit_uatext.php)"
69.171.228.249 - - [25/Mar/2012:08:30:18 -0700] "GET /s/ta/jty/ HTTP/1.1" 302 509 "-" "facebookexternalhit/1.1 (+http://www.facebook.com/externalhit_uatext.php)"
85.17.88.169 - - [25/Mar/2012:08:30:40 -0700] "POST /blog/wp-cron.php?doing_wp_cron=1332689245 HTTP/1.0" 499 0 "-" "WordPress/3.3.1; http://yuvi.in/blog"
174.97.161.205 - - [25/Mar/2012:08:30:40 -0700] "GET /blog/2011/01/ HTTP/1.1" 200 7196 "http://yuvi.in/blog/2011/02/" "Mozilla/5.0 (X11; Linux x86_64) AppleWebKit/535.19 (KHTML, like Gecko) Chrome/18.0.1025.113 Safari/535.19"
174.97.161.205 - - [25/Mar/2012:08:30:40 -0700] "GET /favicon.ico HTTP/1.1" 404 199 "-" "Mozilla/5.0 (X11; Linux x86_64) AppleWebKit/535.19 (KHTML, like Gecko) Chrome/18.0.1025.113 Safari/535.19"
174.97.161.205 - - [25/Mar/2012:08:31:01 -0700] "-" 400 0 "-" "-"
101.226.33.189 - - [25/Mar/2012:08:31:27 -0700] "GET /blog/feed HTTP/1.0" 304 0 "-" "Mozilla/4.0 (compatible; Windows;)"
91.232.96.2 - - [25/Mar/2012:08:31:36 -0700] "GET /blog/enthusiastic-teachers-and-naive-implementation-of-gauss-seidel-approximations.html HTTP/1.0" 200 6947 "http://yuvi.in/blog/enthusiastic-teachers-and-naive-implementation-of-gauss-seidel-approximations.html" "Mozilla/4.0 (compatible; MSIE 6.0; Windows NT 5.1; SV1; InfoPath.1)"
59.97.80.19 - - [25/Mar/2012:08:31:38 -0700] "GET /r/hxn HTTP/1.1" 301 255 "http://ta.wikipedia.org/wiki/%E0%AE%95%E0%AF%81%E0%AE%9F%E0%AF%81%E0%AE%AE%E0%AF%8D%E0%AE%AA%E0%AE%95%E0%AF%8D_%E0%AE%95%E0%AE%9F%E0%AF%8D%E0%AE%9F%E0%AF%81%E0%AE%AA%E0%AF%8D%E0%AE%AA%E0%AE%BE%E0%AE%9F%E0%AF%81" "Mozilla/4.0 (compatible; MSIE 6.0; Windows NT 5.1; SV1)"
59.97.80.19 - - [25/Mar/2012:08:31:47 -0700] "GET /s/ta/hxn/ HTTP/1.1" 302 509 "http://ta.wikipedia.org/wiki/%E0%AE%95%E0%AF%81%E0%AE%9F%E0%AF%81%E0%AE%AE%E0%AF%8D%E0%AE%AA%E0%AE%95%E0%AF%8D_%E0%AE%95%E0%AE%9F%E0%AF%8D%E0%AE%9F%E0%AF%81%E0%AE%AA%E0%AF%8D%E0%AE%AA%E0%AE%BE%E0%AE%9F%E0%AF%81" "Mozilla/4.0 (compatible; MSIE 6.0; Windows NT 5.1; SV1)"
49.15.172.37 - - [25/Mar/2012:08:31:50 -0700] "-" 400 0 "-" "-"
49.15.172.37 - - [25/Mar/2012:08:31:50 -0700] "-" 400 0 "-" "-"
174.97.161.205 - - [25/Mar/2012:08:31:57 -0700] "GET /favicon.ico HTTP/1.1" 404 199 "-" "Mozilla/5.0 (X11; Linux x86_64) AppleWebKit/535.19 (KHTML, like Gecko) Chrome/18.0.1025.113 Safari/535.19"
117.193.223.76 - - [25/Mar/2012:08:32:09 -0700] "-" 400 0 "-" "-"
117.193.223.76 - - [25/Mar/2012:08:32:09 -0700] "-" 400 0 "-" "-"
117.193.223.76 - - [25/Mar/2012:08:32:09 -0700] "-" 400 0 "-" "-"
117.193.223.76 - - [25/Mar/2012:08:32:09 -0700] "-" 400 0 "-" "-"
117.193.223.76 - - [25/Mar/2012:08:32:09 -0700] "-" 400 0 "-" "-"
117.193.223.76 - - [25/Mar/2012:08:32:09 -0700] "-" 400 0 "-" "-"
174.97.161.205 - - [25/Mar/2012:08:32:11 -0700] "-" 400 0 "-" "-"
174.97.161.205 - - [25/Mar/2012:08:32:11 -0700] "-" 400 0 "-" "-"
174.97.161.205 - - [25/Mar/2012:08:32:11 -0700] "-" 400 0 "-" "-"
85.17.88.169 - - [25/Mar/2012:08:32:28 -0700] "POST /blog/wp-cron.php?doing_wp_cron=1332689353 HTTP/1.0" 499 0 "-" "WordPress/3.3.1; http://yuvi.in/blog"
213.186.127.13 - - [25/Mar/2012:08:32:29 -0700] "GET /blog/broke-nonexistent-law/ HTTP/1.1" 200 9587 "-" "Mozilla/5.0 (compatible; AhrefsBot/2.0; +http://ahrefs.com/robot/)"
49.15.172.37 - - [25/Mar/2012:08:34:00 -0700] "-" 400 0 "-" "-"
117.193.223.76 - - [25/Mar/2012:08:34:19 -0700] "-" 400 0 "-" "-"
117.193.223.76 - - [25/Mar/2012:08:34:19 -0700] "-" 400 0 "-" "-"
117.193.223.76 - - [25/Mar/2012:08:34:19 -0700] "-" 400 0 "-" "-"
117.193.223.76 - - [25/Mar/2012:08:34:29 -0700] "-" 400 0 "-" "-"
174.97.161.205 - - [25/Mar/2012:08:34:31 -0700] "GET /blog/2010/12/ HTTP/1.1" 200 5765 "http://yuvi.in/blog/2011/01/" "Mozilla/5.0 (X11; Linux x86_64) AppleWebKit/535.19 (KHTML, like Gecko) Chrome/18.0.1025.113 Safari/535.19"
174.97.161.205 - - [25/Mar/2012:08:34:32 -0700] "GET /favicon.ico HTTP/1.1" 404 199 "-" "Mozilla/5.0 (X11; Linux x86_64) AppleWebKit/535.19 (KHTML, like Gecko) Chrome/18.0.1025.113 Safari/535.19"
100.43.83.144 - - [25/Mar/2012:08:35:25 -0700] "GET /blog/broke-nonexistent-law/ HTTP/1.1" 200 9587 "-" "Mozilla/5.0 (compatible; YandexBot/3.0; +http://yandex.com/bots)"
100.43.83.144 - - [25/Mar/2012:08:35:26 -0700] "GET / HTTP/1.1" 404 211 "-" "Mozilla/5.0 (compatible; YandexBot/3.0; +http://yandex.com/bots)"
100.43.83.144 - - [25/Mar/2012:08:35:29 -0700] "GET /r/vx4 HTTP/1.1" 301 255 "-" "Mozilla/5.0 (compatible; YandexBot/3.0; +http://yandex.com/bots)"
208.115.113.84 - - [25/Mar/2012:08:35:30 -0700] "GET /blog/2011/05/12/ HTTP/1.1" 200 14776 "-" "Mozilla/5.0 (compatible; Ezooms/1.0; ezooms.bot@gmail.com)"
208.115.113.84 - - [25/Mar/2012:08:35:34 -0700] "GET /blog/tag/code-tools.html HTTP/1.1" 200 5702 "-" "Mozilla/5.0 (compatible; Ezooms/1.0; ezooms.bot@gmail.com)"
85.17.88.169 - - [25/Mar/2012:08:36:31 -0700] "POST /blog/wp-cron.php?doing_wp_cron=1332689596 HTTP/1.0" 499 0 "-" "WordPress/3.3.1; http://yuvi.in/blog"
174.97.161.205 - - [25/Mar/2012:08:36:31 -0700] "GET /blog/2010/11/ HTTP/1.1" 200 4394 "http://yuvi.in/blog/2010/12/" "Mozilla/5.0 (X11; Linux x86_64) AppleWebKit/535.19 (KHTML, like Gecko) Chrome/18.0.1025.113 Safari/535.19"
174.97.161.205 - - [25/Mar/2012:08:36:36 -0700] "GET /blog/2010/11/ HTTP/1.1" 200 4394 "http://yuvi.in/blog/2010/12/" "Mozilla/5.0 (X11; Linux x86_64) AppleWebKit/535.19 (KHTML, like Gecko) Chrome/18.0.1025.113 Safari/535.19"
174.97.161.205 - - [25/Mar/2012:08:36:36 -0700] "GET /favicon.ico HTTP/1.1" 404 199 "-" "Mozilla/5.0 (X11; Linux x86_64) AppleWebKit/535.19 (KHTML, like Gecko) Chrome/18.0.1025.113 Safari/535.19"
174.97.161.205 - - [25/Mar/2012:08:36:52 -0700] "GET /blog/2010/10/ HTTP/1.1" 200 3843 "http://yuvi.in/blog/2010/11/" "Mozilla/5.0 (X11; Linux x86_64) AppleWebKit/535.19 (KHTML, like Gecko) Chrome/18.0.1025.113 Safari/535.19"
174.97.161.205 - - [25/Mar/2012:08:36:52 -0700] "GET /favicon.ico HTTP/1.1" 404 199 "-" "Mozilla/5.0 (X11; Linux x86_64) AppleWebKit/535.19 (KHTML, like Gecko) Chrome/18.0.1025.113 Safari/535.19"
174.97.161.205 - - [25/Mar/2012:08:37:03 -0700] "GET /blog/2010/09/ HTTP/1.1" 200 6378 "http://yuvi.in/blog/2010/10/" "Mozilla/5.0 (X11; Linux x86_64) AppleWebKit/535.19 (KHTML, like Gecko) Chrome/18.0.1025.113 Safari/535.19"
174.97.161.205 - - [25/Mar/2012:08:37:03 -0700] "GET /favicon.ico HTTP/1.1" 404 199 "-" "Mozilla/5.0 (X11; Linux x86_64) AppleWebKit/535.19 (KHTML, like Gecko) Chrome/18.0.1025.113 Safari/535.19"
85.17.88.169 - - [25/Mar/2012:08:38:11 -0700] "POST /blog/wp-cron.php?doing_wp_cron=1332689696 HTTP/1.0" 499 0 "-" "WordPress/3.3.1; http://yuvi.in/blog"
174.97.161.205 - - [25/Mar/2012:08:38:11 -0700] "GET /blog/2010/08/ HTTP/1.1" 200 5501 "http://yuvi.in/blog/2010/09/" "Mozilla/5.0 (X11; Linux x86_64) AppleWebKit/535.19 (KHTML, like Gecko) Chrome/18.0.1025.113 Safari/535.19"
174.97.161.205 - - [25/Mar/2012:08:38:12 -0700] "GET /favicon.ico HTTP/1.1" 404 199 "-" "Mozilla/5.0 (X11; Linux x86_64) AppleWebKit/535.19 (KHTML, like Gecko) Chrome/18.0.1025.113 Safari/535.19"
85.17.88.169 - - [25/Mar/2012:08:40:53 -0700] "POST /blog/wp-cron.php?doing_wp_cron=1332689859 HTTP/1.0" 499 0 "-" "WordPress/3.3.1; http://yuvi.in/blog"
174.97.161.205 - - [25/Mar/2012:08:40:54 -0700] "GET /blog/2010/07/ HTTP/1.1" 200 8387 "http://yuvi.in/blog/2010/08/" "Mozilla/5.0 (X11; Linux x86_64) AppleWebKit/535.19 (KHTML, like Gecko) Chrome/18.0.1025.113 Safari/535.19"
117.193.12.3 - - [25/Mar/2012:08:40:55 -0700] "-" 400 0 "-" "-"
174.97.161.205 - - [25/Mar/2012:08:40:55 -0700] "GET /favicon.ico HTTP/1.1" 404 199 "-" "Mozilla/5.0 (X11; Linux x86_64) AppleWebKit/535.19 (KHTML, like Gecko) Chrome/18.0.1025.113 Safari/535.19"
85.17.88.169 - - [25/Mar/2012:08:42:41 -0700] "POST /blog/wp-cron.php?doing_wp_cron=1332689966 HTTP/1.0" 499 0 "-" "WordPress/3.3.1; http://yuvi.in/blog"
201.9.93.73 - - [25/Mar/2012:08:42:42 -0700] "GET /blog/ HTTP/1.1" 200 33087 "-" "Mozilla/5.0 (compatible; Googlebot/2.1; +http://www.google.com/bot.html)"
85.17.88.169 - - [25/Mar/2012:08:42:53 -0700] "POST /blog/wp-cron.php?doing_wp_cron=1332689979 HTTP/1.0" 499 0 "-" "WordPress/3.3.1; http://yuvi.in/blog"
209.85.224.89 - - [25/Mar/2012:08:42:54 -0700] "GET /blog/feed HTTP/1.1" 304 0 "-" "FeedBurner/1.0 (http://www.FeedBurner.com)"
174.97.161.205 - - [25/Mar/2012:08:43:04 -0700] "GET /favicon.ico HTTP/1.1" 404 199 "-" "Mozilla/5.0 (X11; Linux x86_64) AppleWebKit/535.19 (KHTML, like Gecko) Chrome/18.0.1025.113 Safari/535.19"
85.17.88.169 - - [25/Mar/2012:08:43:09 -0700] "POST /blog/wp-cron.php?doing_wp_cron=1332689994 HTTP/1.0" 499 0 "-" "WordPress/3.3.1; http://yuvi.in/blog"
174.97.161.205 - - [25/Mar/2012:08:43:09 -0700] "GET /blog/2010/06/ HTTP/1.1" 200 5379 "http://yuvi.in/blog/2010/08/" "Mozilla/5.0 (X11; Linux x86_64) AppleWebKit/535.19 (KHTML, like Gecko) Chrome/18.0.1025.113 Safari/535.19"
174.97.161.205 - - [25/Mar/2012:08:43:09 -0700] "GET /favicon.ico HTTP/1.1" 404 199 "-" "Mozilla/5.0 (X11; Linux x86_64) AppleWebKit/535.19 (KHTML, like Gecko) Chrome/18.0.1025.113 Safari/535.19"
122.174.47.149 - - [25/Mar/2012:08:43:14 -0700] "-" 400 0 "-" "-"
85.17.88.169 - - [25/Mar/2012:08:43:16 -0700] "POST /blog/wp-cron.php?doing_wp_cron=1332690001 HTTP/1.0" 499 0 "-" "WordPress/3.3.1; http://yuvi.in/blog"
174.97.161.205 - - [25/Mar/2012:08:43:17 -0700] "GET /blog/2010/05/ HTTP/1.1" 200 8579 "http://yuvi.in/blog/2010/06/" "Mozilla/5.0 (X11; Linux x86_64) AppleWebKit/535.19 (KHTML, like Gecko) Chrome/18.0.1025.113 Safari/535.19"
174.97.161.205 - - [25/Mar/2012:08:43:17 -0700] "GET /favicon.ico HTTP/1.1" 404 199 "-" "Mozilla/5.0 (X11; Linux x86_64) AppleWebKit/535.19 (KHTML, like Gecko) Chrome/18.0.1025.113 Safari/535.19"
174.97.161.205 - - [25/Mar/2012:08:43:23 -0700] "-" 400 0 "-" "-"
174.97.161.205 - - [25/Mar/2012:08:43:23 -0700] "-" 400 0 "-" "-"
174.97.161.205 - - [25/Mar/2012:08:43:38 -0700] "GET /blog/2011/05/ HTTP/1.1" 200 8193 "http://yuvi.in/blog/2010/05/" "Mozilla/5.0 (X11; Linux x86_64) AppleWebKit/535.19 (KHTML, like Gecko) Chrome/18.0.1025.113 Safari/535.19"
174.97.161.205 - - [25/Mar/2012:08:43:38 -0700] "GET /favicon.ico HTTP/1.1" 404 199 "-" "Mozilla/5.0 (X11; Linux x86_64) AppleWebKit/535.19 (KHTML, like Gecko) Chrome/18.0.1025.113 Safari/535.19"
174.97.161.205 - - [25/Mar/2012:08:43:47 -0700] "GET /blog/2010/05/ HTTP/1.1" 200 8579 "http://yuvi.in/blog/2011/05/" "Mozilla/5.0 (X11; Linux x86_64) AppleWebKit/535.19 (KHTML, like Gecko) Chrome/18.0.1025.113 Safari/535.19"
174.97.161.205 - - [25/Mar/2012:08:43:47 -0700] "GET /favicon.ico HTTP/1.1" 404 199 "-" "Mozilla/5.0 (X11; Linux x86_64) AppleWebKit/535.19 (KHTML, like Gecko) Chrome/18.0.1025.113 Safari/535.19"
85.17.88.169 - - [25/Mar/2012:08:43:55 -0700] "POST /blog/wp-cron.php?doing_wp_cron=1332690040 HTTP/1.0" 499 0 "-" "WordPress/3.3.1; http://yuvi.in/blog"
174.97.161.205 - - [25/Mar/2012:08:43:55 -0700] "GET /blog/2010/04/ HTTP/1.1" 200 7050 "http://yuvi.in/blog/2010/05/" "Mozilla/5.0 (X11; Linux x86_64) AppleWebKit/535.19 (KHTML, like Gecko) Chrome/18.0.1025.113 Safari/535.19"
174.97.161.205 - - [25/Mar/2012:08:43:56 -0700] "GET /favicon.ico HTTP/1.1" 404 199 "-" "Mozilla/5.0 (X11; Linux x86_64) AppleWebKit/535.19 (KHTML, like Gecko) Chrome/18.0.1025.113 Safari/535.19"
69.171.228.251 - - [25/Mar/2012:08:44:08 -0700] "GET /r/39d HTTP/1.1" 301 255 "-" "facebookexternalhit/1.1 (+http://www.facebook.com/externalhit_uatext.php)"
69.171.228.247 - - [25/Mar/2012:08:44:08 -0700] "GET /s/ta/39d/ HTTP/1.1" 302 325 "-" "facebookexternalhit/1.1 (+http://www.facebook.com/externalhit_uatext.php)"
117.192.218.167 - - [25/Mar/2012:08:44:51 -0700] "GET / HTTP/1.1" 200 1430 "-" "Mozilla/5.0 (X11; Ubuntu; Linux i686; rv:11.0) Gecko/20100101 Firefox/11.0"
117.192.218.167 - - [25/Mar/2012:08:44:51 -0700] "GET /blueprint/screen.css HTTP/1.1" 200 12058 "http://yuvi.in/" "Mozilla/5.0 (X11; Ubuntu; Linux i686; rv:11.0) Gecko/20100101 Firefox/11.0"
117.192.218.167 - - [25/Mar/2012:08:44:51 -0700] "GET /blueprint/print.css HTTP/1.1" 200 1284 "http://yuvi.in/" "Mozilla/5.0 (X11; Ubuntu; Linux i686; rv:11.0) Gecko/20100101 Firefox/11.0"
117.192.218.167 - - [25/Mar/2012:08:44:52 -0700] "GET /header.png HTTP/1.1" 200 14249 "http://yuvi.in/" "Mozilla/5.0 (X11; Ubuntu; Linux i686; rv:11.0) Gecko/20100101 Firefox/11.0"
117.192.218.167 - - [25/Mar/2012:08:44:52 -0700] "GET /favicon.ico HTTP/1.1" 404 142 "-" "Mozilla/5.0 (X11; Ubuntu; Linux i686; rv:11.0) Gecko/20100101 Firefox/11.0"
117.192.218.167 - - [25/Mar/2012:08:44:52 -0700] "GET /favicon.ico HTTP/1.1" 404 142 "-" "Mozilla/5.0 (X11; Ubuntu; Linux i686; rv:11.0) Gecko/20100101 Firefox/11.0"
117.192.218.167 - - [25/Mar/2012:08:44:57 -0700] "-" 400 0 "-" "-"
117.192.218.167 - - [25/Mar/2012:08:44:57 -0700] "-" 400 0 "-" "-"
122.174.47.149 - - [25/Mar/2012:08:45:32 -0700] "-" 400 0 "-" "-"
117.193.77.107 - - [25/Mar/2012:08:45:54 -0700] "-" 400 0 "-" "-"
117.193.77.107 - - [25/Mar/2012:08:45:54 -0700] "-" 400 0 "-" "-"
117.193.77.107 - - [25/Mar/2012:08:45:54 -0700] "-" 400 0 "-" "-"
117.193.77.107 - - [25/Mar/2012:08:45:54 -0700] "-" 400 0 "-" "-"
117.193.77.107 - - [25/Mar/2012:08:45:54 -0700] "-" 400 0 "-" "-"
117.193.77.107 - - [25/Mar/2012:08:45:54 -0700] "-" 400 0 "-" "-"
117.193.77.107 - - [25/Mar/2012:08:45:54 -0700] "-" 400 0 "-" "-"
117.193.77.107 - - [25/Mar/2012:08:45:54 -0700] "-" 400 0 "-" "-"
117.193.77.107 - - [25/Mar/2012:08:45:54 -0700] "-" 400 0 "-" "-"
117.193.77.107 - - [25/Mar/2012:08:45:54 -0700] "-" 400 0 "-" "-"
117.193.77.107 - - [25/Mar/2012:08:45:54 -0700] "-" 400 0 "-" "-"
117.193.77.107 - - [25/Mar/2012:08:45:54 -0700] "-" 400 0 "-" "-"
117.193.77.107 - - [25/Mar/2012:08:45:54 -0700] "-" 400 0 "-" "-"
117.193.77.107 - - [25/Mar/2012:08:45:54 -0700] "-" 400 0 "-" "-"
117.193.77.107 - - [25/Mar/2012:08:45:54 -0700] "-" 400 0 "-" "-"
117.193.77.107 - - [25/Mar/2012:08:45:54 -0700] "-" 400 0 "-" "-"
117.193.77.107 - - [25/Mar/2012:08:45:54 -0700] "-" 400 0 "-" "-"
117.193.77.107 - - [25/Mar/2012:08:45:54 -0700] "-" 400 0 "-" "-"
117.193.77.107 - - [25/Mar/2012:08:45:54 -0700] "-" 400 0 "-" "-"
117.193.77.107 - - [25/Mar/2012:08:45:54 -0700] "-" 400 0 "-" "-"
117.193.77.107 - - [25/Mar/2012:08:45:54 -0700] "-" 400 0 "-" "-"
117.193.77.107 - - [25/Mar/2012:08:45:54 -0700] "-" 400 0 "-" "-"
117.193.77.107 - - [25/Mar/2012:08:45:54 -0700] "-" 400 0 "-" "-"
117.193.77.107 - - [25/Mar/2012:08:45:54 -0700] "-" 400 0 "-" "-"
117.193.77.107 - - [25/Mar/2012:08:45:54 -0700] "-" 400 0 "-" "-"
117.193.77.107 - - [25/Mar/2012:08:45:54 -0700] "-" 400 0 "-" "-"
117.193.77.107 - - [25/Mar/2012:08:45:54 -0700] "-" 400 0 "-" "-"
117.193.77.107 - - [25/Mar/2012:08:45:54 -0700] "-" 400 0 "-" "-"
117.193.77.107 - - [25/Mar/2012:08:45:54 -0700] "-" 400 0 "-" "-"
117.193.77.107 - - [25/Mar/2012:08:45:54 -0700] "-" 400 0 "-" "-"
117.193.77.107 - - [25/Mar/2012:08:45:54 -0700] "-" 400 0 "-" "-"
117.193.77.107 - - [25/Mar/2012:08:45:54 -0700] "-" 400 0 "-" "-"
117.193.77.107 - - [25/Mar/2012:08:45:54 -0700] "-" 400 0 "-" "-"
117.193.77.107 - - [25/Mar/2012:08:45:54 -0700] "-" 400 0 "-" "-"
117.193.77.107 - - [25/Mar/2012:08:45:54 -0700] "-" 400 0 "-" "-"
117.193.77.107 - - [25/Mar/2012:08:45:54 -0700] "-" 400 0 "-" "-"
117.193.77.107 - - [25/Mar/2012:08:45:54 -0700] "-" 400 0 "-" "-"
117.193.77.107 - - [25/Mar/2012:08:45:54 -0700] "-" 400 0 "-" "-"
117.193.77.107 - - [25/Mar/2012:08:45:54 -0700] "-" 400 0 "-" "-"
117.193.77.107 - - [25/Mar/2012:08:45:54 -0700] "-" 400 0 "-" "-"
117.193.77.107 - - [25/Mar/2012:08:45:54 -0700] "-" 400 0 "-" "-"
117.193.77.107 - - [25/Mar/2012:08:45:54 -0700] "-" 400 0 "-" "-"
117.193.77.107 - - [25/Mar/2012:08:45:54 -0700] "-" 400 0 "-" "-"
117.193.77.107 - - [25/Mar/2012:08:45:54 -0700] "-" 400 0 "-" "-"
117.193.77.107 - - [25/Mar/2012:08:45:54 -0700] "-" 400 0 "-" "-"
117.193.77.107 - - [25/Mar/2012:08:45:54 -0700] "-" 400 0 "-" "-"
117.193.77.107 - - [25/Mar/2012:08:45:54 -0700] "-" 400 0 "-" "-"
117.193.77.107 - - [25/Mar/2012:08:45:54 -0700] "-" 400 0 "-" "-"
117.193.77.107 - - [25/Mar/2012:08:45:54 -0700] "-" 400 0 "-" "-"
117.193.77.107 - - [25/Mar/2012:08:45:54 -0700] "-" 400 0 "-" "-"
117.193.77.107 - - [25/Mar/2012:08:45:54 -0700] "-" 400 0 "-" "-"
117.193.77.107 - - [25/Mar/2012:08:45:54 -0700] "-" 400 0 "-" "-"
117.193.77.107 - - [25/Mar/2012:08:45:54 -0700] "-" 400 0 "-" "-"
117.193.77.107 - - [25/Mar/2012:08:45:54 -0700] "-" 400 0 "-" "-"
117.193.77.107 - - [25/Mar/2012:08:45:54 -0700] "-" 400 0 "-" "-"
117.193.77.107 - - [25/Mar/2012:08:45:54 -0700] "-" 400 0 "-" "-"
117.193.77.107 - - [25/Mar/2012:08:45:54 -0700] "-" 400 0 "-" "-"
117.193.77.107 - - [25/Mar/2012:08:45:54 -0700] "-" 400 0 "-" "-"
117.193.77.107 - - [25/Mar/2012:08:45:54 -0700] "-" 400 0 "-" "-"
117.193.77.107 - - [25/Mar/2012:08:45:54 -0700] "-" 400 0 "-" "-"
117.193.77.107 - - [25/Mar/2012:08:45:54 -0700] "-" 400 0 "-" "-"
117.193.77.107 - - [25/Mar/2012:08:45:54 -0700] "-" 400 0 "-" "-"
117.193.77.107 - - [25/Mar/2012:08:45:54 -0700] "-" 400 0 "-" "-"
117.193.77.107 - - [25/Mar/2012:08:45:54 -0700] "-" 400 0 "-" "-"
117.193.77.107 - - [25/Mar/2012:08:45:54 -0700] "-" 400 0 "-" "-"
117.193.77.107 - - [25/Mar/2012:08:45:54 -0700] "-" 400 0 "-" "-"
117.193.77.107 - - [25/Mar/2012:08:45:54 -0700] "-" 400 0 "-" "-"
117.193.77.107 - - [25/Mar/2012:08:45:54 -0700] "-" 400 0 "-" "-"
117.193.77.107 - - [25/Mar/2012:08:45:54 -0700] "-" 400 0 "-" "-"
117.193.77.107 - - [25/Mar/2012:08:45:54 -0700] "-" 400 0 "-" "-"
117.193.77.107 - - [25/Mar/2012:08:45:54 -0700] "-" 400 0 "-" "-"
117.193.77.107 - - [25/Mar/2012:08:45:54 -0700] "-" 400 0 "-" "-"
117.193.77.107 - - [25/Mar/2012:08:45:54 -0700] "-" 400 0 "-" "-"
117.193.77.107 - - [25/Mar/2012:08:45:54 -0700] "-" 400 0 "-" "-"
117.193.77.107 - - [25/Mar/2012:08:45:54 -0700] "-" 400 0 "-" "-"
117.193.77.107 - - [25/Mar/2012:08:45:54 -0700] "-" 400 0 "-" "-"
117.193.77.107 - - [25/Mar/2012:08:45:54 -0700] "-" 400 0 "-" "-"
117.193.77.107 - - [25/Mar/2012:08:45:54 -0700] "-" 400 0 "-" "-"
117.193.77.107 - - [25/Mar/2012:08:45:54 -0700] "-" 400 0 "-" "-"
117.193.77.107 - - [25/Mar/2012:08:45:54 -0700] "-" 400 0 "-" "-"
117.193.77.107 - - [25/Mar/2012:08:45:54 -0700] "-" 400 0 "-" "-"
117.193.77.107 - - [25/Mar/2012:08:45:54 -0700] "-" 400 0 "-" "-"
117.193.77.107 - - [25/Mar/2012:08:45:54 -0700] "-" 400 0 "-" "-"
117.193.77.107 - - [25/Mar/2012:08:45:54 -0700] "-" 400 0 "-" "-"
117.193.77.107 - - [25/Mar/2012:08:45:54 -0700] "-" 400 0 "-" "-"
117.193.77.107 - - [25/Mar/2012:08:45:54 -0700] "-" 400 0 "-" "-"
117.193.77.107 - - [25/Mar/2012:08:45:54 -0700] "-" 400 0 "-" "-"
117.193.77.107 - - [25/Mar/2012:08:45:54 -0700] "-" 400 0 "-" "-"
117.193.77.107 - - [25/Mar/2012:08:45:54 -0700] "-" 400 0 "-" "-"
117.193.77.107 - - [25/Mar/2012:08:45:54 -0700] "-" 400 0 "-" "-"
117.193.77.107 - - [25/Mar/2012:08:45:54 -0700] "-" 400 0 "-" "-"
117.193.77.107 - - [25/Mar/2012:08:45:54 -0700] "-" 400 0 "-" "-"
117.193.77.107 - - [25/Mar/2012:08:45:54 -0700] "-" 400 0 "-" "-"
117.193.77.107 - - [25/Mar/2012:08:45:54 -0700] "-" 400 0 "-" "-"
117.193.77.107 - - [25/Mar/2012:08:45:54 -0700] "-" 400 0 "-" "-"
117.193.77.107 - - [25/Mar/2012:08:45:54 -0700] "-" 400 0 "-" "-"
117.193.77.107 - - [25/Mar/2012:08:45:54 -0700] "-" 400 0 "-" "-"
117.193.77.107 - - [25/Mar/2012:08:45:54 -0700] "-" 400 0 "-" "-"
117.193.77.107 - - [25/Mar/2012:08:45:54 -0700] "-" 400 0 "-" "-"
117.193.77.107 - - [25/Mar/2012:08:45:54 -0700] "-" 400 0 "-" "-"
117.193.77.107 - - [25/Mar/2012:08:45:54 -0700] "-" 400 0 "-" "-"
117.193.77.107 - - [25/Mar/2012:08:45:54 -0700] "-" 400 0 "-" "-"
117.193.77.107 - - [25/Mar/2012:08:45:54 -0700] "-" 400 0 "-" "-"
117.193.77.107 - - [25/Mar/2012:08:45:54 -0700] "-" 400 0 "-" "-"
117.193.77.107 - - [25/Mar/2012:08:45:54 -0700] "-" 400 0 "-" "-"
117.193.77.107 - - [25/Mar/2012:08:45:54 -0700] "-" 400 0 "-" "-"
117.193.77.107 - - [25/Mar/2012:08:45:54 -0700] "-" 400 0 "-" "-"
117.193.77.107 - - [25/Mar/2012:08:45:55 -0700] "-" 400 0 "-" "-"
117.193.77.107 - - [25/Mar/2012:08:45:55 -0700] "-" 400 0 "-" "-"
117.193.77.107 - - [25/Mar/2012:08:45:55 -0700] "-" 400 0 "-" "-"
117.193.77.107 - - [25/Mar/2012:08:45:55 -0700] "-" 400 0 "-" "-"
117.193.77.107 - - [25/Mar/2012:08:45:55 -0700] "-" 400 0 "-" "-"
117.193.77.107 - - [25/Mar/2012:08:45:55 -0700] "-" 400 0 "-" "-"
117.193.77.107 - - [25/Mar/2012:08:45:55 -0700] "-" 400 0 "-" "-"
117.193.77.107 - - [25/Mar/2012:08:45:55 -0700] "-" 400 0 "-" "-"
117.193.77.107 - - [25/Mar/2012:08:45:55 -0700] "-" 400 0 "-" "-"
117.193.77.107 - - [25/Mar/2012:08:45:55 -0700] "-" 400 0 "-" "-"
117.193.77.107 - - [25/Mar/2012:08:45:55 -0700] "-" 400 0 "-" "-"
117.193.77.107 - - [25/Mar/2012:08:45:55 -0700] "-" 400 0 "-" "-"
117.193.77.107 - - [25/Mar/2012:08:45:55 -0700] "-" 400 0 "-" "-"
117.193.77.107 - - [25/Mar/2012:08:45:55 -0700] "-" 400 0 "-" "-"
117.193.77.107 - - [25/Mar/2012:08:45:55 -0700] "-" 400 0 "-" "-"
117.193.77.107 - - [25/Mar/2012:08:45:55 -0700] "-" 400 0 "-" "-"
117.193.77.107 - - [25/Mar/2012:08:45:55 -0700] "-" 400 0 "-" "-"
117.193.77.107 - - [25/Mar/2012:08:45:55 -0700] "-" 400 0 "-" "-"
117.193.77.107 - - [25/Mar/2012:08:45:55 -0700] "-" 400 0 "-" "-"
117.193.77.107 - - [25/Mar/2012:08:45:55 -0700] "-" 400 0 "-" "-"
117.193.77.107 - - [25/Mar/2012:08:45:55 -0700] "-" 400 0 "-" "-"
117.193.77.107 - - [25/Mar/2012:08:45:55 -0700] "-" 400 0 "-" "-"
117.193.77.107 - - [25/Mar/2012:08:45:55 -0700] "-" 400 0 "-" "-"
117.193.77.107 - - [25/Mar/2012:08:45:55 -0700] "-" 400 0 "-" "-"
117.193.77.107 - - [25/Mar/2012:08:45:55 -0700] "-" 400 0 "-" "-"
117.193.77.107 - - [25/Mar/2012:08:45:55 -0700] "-" 400 0 "-" "-"
