85.17.88.169 - - [22/Mar/2012:06:25:50 -0700] "POST /blog/wp-cron.php?doing_wp_cron=1332422580 HTTP/1.0" 499 0 "-" "WordPress/3.3.1; http://yuvi.in/blog"
201.78.54.152 - - [22/Mar/2012:06:25:51 -0700] "GET /blog/category/personal/ HTTP/1.1" 200 46027 "-" "Mozilla/5.0 (compatible; Googlebot/2.1; +http://www.google.com/bot.html)"
85.17.88.169 - - [22/Mar/2012:06:27:09 -0700] "POST /blog/wp-cron.php?doing_wp_cron=1332422659 HTTP/1.0" 499 0 "-" "WordPress/3.3.1; http://yuvi.in/blog"
183.82.75.208 - - [22/Mar/2012:06:27:10 -0700] "GET /blog/feed/ HTTP/1.0" 304 0 "-" "FeedDemon/4.0 (http://www.feeddemon.com/; Microsoft Windows)"
183.178.85.181 - - [22/Mar/2012:06:27:16 -0700] "GET /blog/gsoc-2010-the-beginning/ HTTP/1.1" 200 17282 "-" "Mozilla/4.0 (compatible; MSIE 5.5; Windows NT)"
128.208.6.75 - - [22/Mar/2012:06:27:29 -0700] "GET /blog/tag/anniversary/ HTTP/1.0" 200 3860 "-" "Mozilla/5.0/heritrix/3.1.0 (compatible;; http://vancouver.cs.washington.edu:8080/)"
59.92.57.54 - - [22/Mar/2012:06:27:36 -0700] "-" 400 0 "-" "-"
59.92.57.54 - - [22/Mar/2012:06:27:36 -0700] "-" 400 0 "-" "-"
59.92.57.54 - - [22/Mar/2012:06:27:36 -0700] "-" 400 0 "-" "-"
59.92.57.54 - - [22/Mar/2012:06:27:36 -0700] "-" 400 0 "-" "-"
59.92.57.54 - - [22/Mar/2012:06:27:36 -0700] "-" 400 0 "-" "-"
59.92.57.54 - - [22/Mar/2012:06:27:36 -0700] "-" 400 0 "-" "-"
59.92.57.54 - - [22/Mar/2012:06:28:46 -0700] "-" 400 0 "-" "-"
59.92.57.54 - - [22/Mar/2012:06:28:46 -0700] "-" 400 0 "-" "-"
59.92.57.54 - - [22/Mar/2012:06:28:46 -0700] "-" 400 0 "-" "-"
59.92.57.54 - - [22/Mar/2012:06:28:46 -0700] "-" 400 0 "-" "-"
59.92.57.54 - - [22/Mar/2012:06:29:56 -0700] "-" 400 0 "-" "-"
85.17.88.169 - - [22/Mar/2012:06:30:32 -0700] "POST /blog/wp-cron.php?doing_wp_cron=1332422862 HTTP/1.0" 499 0 "-" "WordPress/3.3.1; http://yuvi.in/blog"
180.76.5.90 - - [22/Mar/2012:06:30:33 -0700] "GET /blog/gsoc-milestones-vala-build-using-autotools/ HTTP/1.1" 200 6322 "-" "Mozilla/5.0 (compatible; Baiduspider/2.0; +http://www.baidu.com/search/spider.html)"
207.46.204.219 - - [22/Mar/2012:06:32:19 -0700] "-" 400 0 "-" "-"
207.46.204.219 - - [22/Mar/2012:06:32:23 -0700] "-" 400 0 "-" "-"
207.46.204.219 - - [22/Mar/2012:06:32:24 -0700] "-" 400 0 "-" "-"
207.46.204.219 - - [22/Mar/2012:06:32:24 -0700] "-" 400 0 "-" "-"
207.46.204.219 - - [22/Mar/2012:06:32:24 -0700] "-" 400 0 "-" "-"
207.46.204.219 - - [22/Mar/2012:06:32:26 -0700] "-" 400 0 "-" "-"
207.46.204.219 - - [22/Mar/2012:06:32:26 -0700] "-" 400 0 "-" "-"
207.46.204.219 - - [22/Mar/2012:06:32:26 -0700] "-" 400 0 "-" "-"
207.46.204.219 - - [22/Mar/2012:06:32:26 -0700] "-" 400 0 "-" "-"
207.46.204.219 - - [22/Mar/2012:06:32:26 -0700] "-" 400 0 "-" "-"
207.46.204.219 - - [22/Mar/2012:06:32:45 -0700] "-" 400 0 "-" "-"
59.92.57.54 - - [22/Mar/2012:06:32:56 -0700] "-" 400 0 "-" "-"
59.92.57.54 - - [22/Mar/2012:06:32:56 -0700] "-" 400 0 "-" "-"
59.92.57.54 - - [22/Mar/2012:06:32:56 -0700] "-" 400 0 "-" "-"
59.92.57.54 - - [22/Mar/2012:06:32:56 -0700] "-" 400 0 "-" "-"
59.92.57.54 - - [22/Mar/2012:06:32:56 -0700] "-" 400 0 "-" "-"
122.164.69.47 - - [22/Mar/2012:06:33:32 -0700] "-" 400 0 "-" "-"
122.164.69.47 - - [22/Mar/2012:06:33:52 -0700] "-" 400 0 "-" "-"
85.17.88.169 - - [22/Mar/2012:06:35:19 -0700] "POST /blog/wp-cron.php?doing_wp_cron=1332423149 HTTP/1.0" 499 0 "-" "WordPress/3.3.1; http://yuvi.in/blog"
101.226.33.179 - - [22/Mar/2012:06:35:20 -0700] "GET /blog/feed HTTP/1.0" 304 0 "-" "Mozilla/4.0 (compatible; Windows;)"
122.164.69.47 - - [22/Mar/2012:06:35:57 -0700] "-" 400 0 "-" "-"
207.46.204.217 - - [22/Mar/2012:06:37:33 -0700] "-" 400 0 "-" "-"
207.46.204.217 - - [22/Mar/2012:06:37:33 -0700] "-" 400 0 "-" "-"
207.46.204.217 - - [22/Mar/2012:06:37:33 -0700] "-" 400 0 "-" "-"
207.46.204.217 - - [22/Mar/2012:06:37:33 -0700] "-" 400 0 "-" "-"
207.46.204.217 - - [22/Mar/2012:06:37:33 -0700] "-" 400 0 "-" "-"
207.46.204.217 - - [22/Mar/2012:06:37:33 -0700] "-" 400 0 "-" "-"
207.46.204.217 - - [22/Mar/2012:06:37:34 -0700] "-" 400 0 "-" "-"
207.46.204.217 - - [22/Mar/2012:06:37:34 -0700] "-" 400 0 "-" "-"
207.46.204.217 - - [22/Mar/2012:06:37:34 -0700] "-" 400 0 "-" "-"
207.46.204.217 - - [22/Mar/2012:06:38:17 -0700] "-" 400 0 "-" "-"
207.46.204.217 - - [22/Mar/2012:06:38:17 -0700] "-" 400 0 "-" "-"
122.164.69.47 - - [22/Mar/2012:06:39:16 -0700] "-" 400 0 "-" "-"
85.17.88.169 - - [22/Mar/2012:06:39:53 -0700] "POST /blog/wp-cron.php?doing_wp_cron=1332423423 HTTP/1.0" 499 0 "-" "WordPress/3.3.1; http://yuvi.in/blog"
187.19.195.157 - - [22/Mar/2012:06:39:53 -0700] "GET /blog/programmer-run-code-head/ HTTP/1.1" 200 18028 "-" "Mozilla/5.0 (compatible; Googlebot/2.1; +http://www.google.com/bot.html)"
208.115.111.68 - - [22/Mar/2012:06:40:57 -0700] "GET /robots.txt HTTP/1.1" 404 169 "-" "Mozilla/5.0 (compatible; Ezooms/1.0; ezooms.bot@gmail.com)"
69.171.234.5 - - [22/Mar/2012:06:41:32 -0700] "GET /r/1x7m HTTP/1.1" 301 257 "-" "facebookexternalhit/1.1 (+http://www.facebook.com/externalhit_uatext.php)"
69.171.234.7 - - [22/Mar/2012:06:41:32 -0700] "GET /s/ta/1x7m/ HTTP/1.1" 302 513 "-" "facebookexternalhit/1.1 (+http://www.facebook.com/externalhit_uatext.php)"
176.52.104.23 - - [22/Mar/2012:06:42:59 -0700] "GET /robots.txt HTTP/1.1" 404 169 "-" "Mozilla/5.0 (compatible; 008/0.83; http://www.80legs.com/webcrawler.html;) Gecko/2008032620"
176.52.104.23 - - [22/Mar/2012:06:43:01 -0700] "GET /blog/ HTTP/1.1" 200 9195 "-" "Mozilla/5.0 (compatible; 008/0.83; http://www.80legs.com/webcrawler.html) Gecko/2008032620"
122.164.226.68 - - [22/Mar/2012:06:43:32 -0700] "-" 400 0 "-" "-"
85.17.88.169 - - [22/Mar/2012:06:44:16 -0700] "POST /blog/wp-cron.php?doing_wp_cron=1332423685 HTTP/1.0" 499 0 "-" "WordPress/3.3.1; http://yuvi.in/blog"
128.208.6.75 - - [22/Mar/2012:06:44:16 -0700] "GET /blog/tag/note-to-future-self/ HTTP/1.0" 200 3891 "-" "Mozilla/5.0/heritrix/3.1.0 (compatible;; http://vancouver.cs.washington.edu:8080/)"
123.139.23.114 - - [22/Mar/2012:06:45:04 -0700] "-" 400 0 "-" "-"
209.85.224.85 - - [22/Mar/2012:06:46:06 -0700] "GET /stories/feed HTTP/1.1" 200 13653 "-" "FeedBurner/1.0 (http://www.FeedBurner.com)"
69.171.224.245 - - [22/Mar/2012:06:46:19 -0700] "GET /r/1x7m HTTP/1.1" 301 257 "-" "facebookexternalhit/1.1 (+http://www.facebook.com/externalhit_uatext.php)"
69.171.224.248 - - [22/Mar/2012:06:46:19 -0700] "GET /s/ta/1x7m/ HTTP/1.1" 302 513 "-" "facebookexternalhit/1.1 (+http://www.facebook.com/externalhit_uatext.php)"
14.96.161.217 - - [22/Mar/2012:06:48:15 -0700] "-" 400 0 "-" "-"
14.96.161.217 - - [22/Mar/2012:06:48:20 -0700] "-" 400 0 "-" "-"
85.17.88.169 - - [22/Mar/2012:06:49:41 -0700] "POST /blog/wp-cron.php?doing_wp_cron=1332424011 HTTP/1.0" 499 0 "-" "WordPress/3.3.1; http://yuvi.in/blog"
209.85.238.248 - - [22/Mar/2012:06:49:42 -0700] "GET /blog/feed/ HTTP/1.1" 304 0 "-" "Feedfetcher-Google; (+http://www.google.com/feedfetcher.html; 19 subscribers; feed-id=15064232456473204253)"
69.171.224.248 - - [22/Mar/2012:06:50:31 -0700] "GET /r/tpn HTTP/1.1" 301 255 "-" "facebookexternalhit/1.1 (+http://www.facebook.com/externalhit_uatext.php)"
69.171.224.245 - - [22/Mar/2012:06:50:32 -0700] "GET /s/ta/tpn/ HTTP/1.1" 302 265 "-" "facebookexternalhit/1.1 (+http://www.facebook.com/externalhit_uatext.php)"
188.51.43.90 - - [22/Mar/2012:06:50:55 -0700] "GET /header.png HTTP/1.1" 200 14249 "http://www.updowner.com/752/anon-irc" "Mozilla/5.0 (Windows NT 5.1; rv:11.0) Gecko/20100101 Firefox/11.0"
188.51.43.90 - - [22/Mar/2012:06:51:00 -0700] "-" 400 0 "-" "-"
182.71.225.143 - - [22/Mar/2012:06:51:06 -0700] "-" 400 0 "-" "-"
85.17.88.169 - - [22/Mar/2012:06:51:12 -0700] "POST /blog/wp-cron.php?doing_wp_cron=1332424102 HTTP/1.0" 499 0 "-" "WordPress/3.3.1; http://yuvi.in/blog"
180.76.5.88 - - [22/Mar/2012:06:51:13 -0700] "GET /blog/2010/04/ HTTP/1.1" 200 7656 "-" "Mozilla/5.0 (compatible; Baiduspider/2.0; +http://www.baidu.com/search/spider.html)"
85.17.88.169 - - [22/Mar/2012:06:51:24 -0700] "POST /blog/wp-cron.php?doing_wp_cron=1332424114 HTTP/1.0" 499 0 "-" "WordPress/3.3.1; http://yuvi.in/blog"
209.85.224.87 - - [22/Mar/2012:06:51:25 -0700] "GET /blog/feed HTTP/1.1" 304 0 "-" "FeedBurner/1.0 (http://www.FeedBurner.com)"
122.164.69.47 - - [22/Mar/2012:06:54:33 -0700] "-" 400 0 "-" "-"
122.164.69.47 - - [22/Mar/2012:06:54:33 -0700] "-" 400 0 "-" "-"
85.17.88.169 - - [22/Mar/2012:06:55:03 -0700] "POST /blog/wp-cron.php?doing_wp_cron=1332424333 HTTP/1.0" 499 0 "-" "WordPress/3.3.1; http://yuvi.in/blog"
180.76.5.98 - - [22/Mar/2012:06:55:03 -0700] "GET /blog/autokrish-because-we-dont-get-enough-jilpa/ HTTP/1.1" 200 4675 "-" "Mozilla/5.0 (compatible; Baiduspider/2.0; +http://www.baidu.com/search/spider.html)"
122.164.69.47 - - [22/Mar/2012:06:55:28 -0700] "-" 400 0 "-" "-"
122.164.69.47 - - [22/Mar/2012:06:55:28 -0700] "-" 400 0 "-" "-"
122.164.69.47 - - [22/Mar/2012:06:55:28 -0700] "-" 400 0 "-" "-"
122.164.69.47 - - [22/Mar/2012:06:55:28 -0700] "-" 400 0 "-" "-"
122.164.69.47 - - [22/Mar/2012:06:55:28 -0700] "-" 400 0 "-" "-"
2.88.28.240 - - [22/Mar/2012:06:55:55 -0700] "GET /r/8j8 HTTP/1.1" 301 255 "http://ta.wikipedia.org/wiki/%E0%AE%B5%E0%AE%BF%E0%AE%95%E0%AF%8D%E0%AE%95%E0%AE%BF%E0%AE%AA%E0%AF%8D%E0%AE%AA%E0%AF%80%E0%AE%9F%E0%AE%BF%E0%AE%AF%E0%AE%BE_%E0%AE%AA%E0%AF%87%E0%AE%9A%E0%AF%8D%E0%AE%9A%E0%AF%81:%E0%AE%95%E0%AE%B2%E0%AF%88%E0%AE%9A%E0%AF%8D%E0%AE%9A%E0%AF%8A%E0%AE%B2%E0%AF%8D_%E0%AE%9A%E0%AF%86%E0%AE%AF%E0%AE%B2%E0%AF%8D%E0%AE%AA%E0%AE%BE%E0%AE%9F%E0%AF%81%E0%AE%95%E0%AE%B3%E0%AF%8D_%E0%AE%92%E0%AE%B0%E0%AF%81%E0%AE%99%E0%AF%8D%E0%AE%95%E0%AE%BF%E0%AE%A3%E0%AF%88%E0%AE%B5%E0%AF%81" "Mozilla/5.0 (Windows NT 6.0; rv:8.0) Gecko/20100101 Firefox/8.0"
2.88.28.240 - - [22/Mar/2012:06:55:55 -0700] "GET /s/ta/8j8/ HTTP/1.1" 302 903 "http://ta.wikipedia.org/wiki/%E0%AE%B5%E0%AE%BF%E0%AE%95%E0%AF%8D%E0%AE%95%E0%AE%BF%E0%AE%AA%E0%AF%8D%E0%AE%AA%E0%AF%80%E0%AE%9F%E0%AE%BF%E0%AE%AF%E0%AE%BE_%E0%AE%AA%E0%AF%87%E0%AE%9A%E0%AF%8D%E0%AE%9A%E0%AF%81:%E0%AE%95%E0%AE%B2%E0%AF%88%E0%AE%9A%E0%AF%8D%E0%AE%9A%E0%AF%8A%E0%AE%B2%E0%AF%8D_%E0%AE%9A%E0%AF%86%E0%AE%AF%E0%AE%B2%E0%AF%8D%E0%AE%AA%E0%AE%BE%E0%AE%9F%E0%AF%81%E0%AE%95%E0%AE%B3%E0%AF%8D_%E0%AE%92%E0%AE%B0%E0%AF%81%E0%AE%99%E0%AF%8D%E0%AE%95%E0%AE%BF%E0%AE%A3%E0%AF%88%E0%AE%B5%E0%AF%81" "Mozilla/5.0 (Windows NT 6.0; rv:8.0) Gecko/20100101 Firefox/8.0"
2.88.28.240 - - [22/Mar/2012:06:56:20 -0700] "-" 400 0 "-" "-"
2.88.28.240 - - [22/Mar/2012:06:56:20 -0700] "-" 400 0 "-" "-"
2.88.28.240 - - [22/Mar/2012:06:56:20 -0700] "-" 400 0 "-" "-"
85.17.88.169 - - [22/Mar/2012:06:56:21 -0700] "POST /blog/wp-cron.php?doing_wp_cron=1332424411 HTTP/1.0" 499 0 "-" "WordPress/3.3.1; http://yuvi.in/blog"
209.85.238.248 - - [22/Mar/2012:06:56:22 -0700] "GET /blog/feed HTTP/1.1" 301 0 "-" "Feedfetcher-Google; (+http://www.google.com/feedfetcher.html; 3 subscribers; feed-id=17684830852112633560)"
85.17.88.169 - - [22/Mar/2012:06:56:24 -0700] "POST /blog/wp-cron.php?doing_wp_cron=1332424414 HTTP/1.0" 499 0 "-" "WordPress/3.3.1; http://yuvi.in/blog"
209.85.238.248 - - [22/Mar/2012:06:56:24 -0700] "GET /blog/feed/ HTTP/1.1" 304 0 "-" "Feedfetcher-Google; (+http://www.google.com/feedfetcher.html; 3 subscribers; feed-id=17684830852112633560)"
122.164.69.47 - - [22/Mar/2012:06:57:07 -0700] "-" 400 0 "-" "-"
122.175.145.76 - - [22/Mar/2012:06:58:58 -0700] "-" 400 0 "-" "-"
200.161.248.38 - - [22/Mar/2012:06:59:15 -0700] "GET /blog/ HTTP/1.1" 200 33230 "-" "Mozilla/5.0 (compatible; Googlebot/2.1; +http://www.google.com/bot.html)"
122.175.145.76 - - [22/Mar/2012:07:00:57 -0700] "-" 400 0 "-" "-"
122.164.190.185 - - [22/Mar/2012:07:01:15 -0700] "-" 400 0 "-" "-"
85.17.88.169 - - [22/Mar/2012:07:01:57 -0700] "POST /blog/wp-cron.php?doing_wp_cron=1332424747 HTTP/1.0" 499 0 "-" "WordPress/3.3.1; http://yuvi.in/blog"
95.108.214.16 - - [22/Mar/2012:07:01:58 -0700] "GET /blog/devlog-december-7-2011/feed/ HTTP/1.1" 200 757 "-" "Mozilla/5.0 (compatible; YandexBlogs/0.99; robot; C; +http://yandex.com/bots)"
85.17.88.169 - - [22/Mar/2012:07:02:00 -0700] "POST /blog/wp-cron.php?doing_wp_cron=1332424749 HTTP/1.0" 499 0 "-" "WordPress/3.3.1; http://yuvi.in/blog"
95.108.214.16 - - [22/Mar/2012:07:02:00 -0700] "GET /blog/devlog-december-10-2011/feed/ HTTP/1.1" 200 760 "-" "Mozilla/5.0 (compatible; YandexBlogs/0.99; robot; C; +http://yandex.com/bots)"
85.17.88.169 - - [22/Mar/2012:07:02:02 -0700] "POST /blog/wp-cron.php?doing_wp_cron=1332424752 HTTP/1.0" 499 0 "-" "WordPress/3.3.1; http://yuvi.in/blog"
95.108.214.16 - - [22/Mar/2012:07:02:03 -0700] "GET /blog/devlog-december-11-2011/feed/ HTTP/1.1" 200 761 "-" "Mozilla/5.0 (compatible; YandexBlogs/0.99; robot; C; +http://yandex.com/bots)"
85.17.88.169 - - [22/Mar/2012:07:02:05 -0700] "POST /blog/wp-cron.php?doing_wp_cron=1332424755 HTTP/1.0" 499 0 "-" "WordPress/3.3.1; http://yuvi.in/blog"
95.108.214.16 - - [22/Mar/2012:07:02:05 -0700] "GET /blog/devlog-december-21-2011/feed/ HTTP/1.1" 200 760 "-" "Mozilla/5.0 (compatible; YandexBlogs/0.99; robot; C; +http://yandex.com/bots)"
85.17.88.169 - - [22/Mar/2012:07:02:07 -0700] "POST /blog/wp-cron.php?doing_wp_cron=1332424757 HTTP/1.0" 499 0 "-" "WordPress/3.3.1; http://yuvi.in/blog"
95.108.214.16 - - [22/Mar/2012:07:02:08 -0700] "GET /blog/devlog-december-23-2011/feed/ HTTP/1.1" 200 761 "-" "Mozilla/5.0 (compatible; YandexBlogs/0.99; robot; C; +http://yandex.com/bots)"
85.17.88.169 - - [22/Mar/2012:07:02:10 -0700] "POST /blog/wp-cron.php?doing_wp_cron=1332424760 HTTP/1.0" 499 0 "-" "WordPress/3.3.1; http://yuvi.in/blog"
95.108.214.16 - - [22/Mar/2012:07:02:11 -0700] "GET /blog/devlog-december-26-2011/feed/ HTTP/1.1" 200 783 "-" "Mozilla/5.0 (compatible; YandexBlogs/0.99; robot; C; +http://yandex.com/bots)"
85.17.88.169 - - [22/Mar/2012:07:02:13 -0700] "POST /blog/wp-cron.php?doing_wp_cron=1332424763 HTTP/1.0" 499 0 "-" "WordPress/3.3.1; http://yuvi.in/blog"
95.108.214.16 - - [22/Mar/2012:07:02:13 -0700] "GET /blog/program/feed/ HTTP/1.1" 200 8307 "-" "Mozilla/5.0 (compatible; YandexBlogs/0.99; robot; C; +http://yandex.com/bots)"
85.17.88.169 - - [22/Mar/2012:07:02:16 -0700] "POST /blog/wp-cron.php?doing_wp_cron=1332424765 HTTP/1.0" 499 0 "-" "WordPress/3.3.1; http://yuvi.in/blog"
95.108.214.16 - - [22/Mar/2012:07:02:16 -0700] "GET /blog/passing-headers-proxying-nginx/feed/ HTTP/1.1" 200 797 "-" "Mozilla/5.0 (compatible; YandexBlogs/0.99; robot; C; +http://yandex.com/bots)"
85.17.88.169 - - [22/Mar/2012:07:02:18 -0700] "POST /blog/wp-cron.php?doing_wp_cron=1332424768 HTTP/1.0" 499 0 "-" "WordPress/3.3.1; http://yuvi.in/blog"
95.108.214.16 - - [22/Mar/2012:07:02:19 -0700] "GET /blog/college-drop/feed/ HTTP/1.1" 200 2565 "-" "Mozilla/5.0 (compatible; YandexBlogs/0.99; robot; C; +http://yandex.com/bots)"
85.17.88.169 - - [22/Mar/2012:07:02:21 -0700] "POST /blog/wp-cron.php?doing_wp_cron=1332424771 HTTP/1.0" 499 0 "-" "WordPress/3.3.1; http://yuvi.in/blog"
95.108.214.16 - - [22/Mar/2012:07:02:22 -0700] "GET /blog/my-vimrc/feed/ HTTP/1.1" 200 715 "-" "Mozilla/5.0 (compatible; YandexBlogs/0.99; robot; C; +http://yandex.com/bots)"
85.17.88.169 - - [22/Mar/2012:07:03:37 -0700] "POST /blog/wp-cron.php?doing_wp_cron=1332424847 HTTP/1.0" 499 0 "-" "WordPress/3.3.1; http://yuvi.in/blog"
183.82.75.208 - - [22/Mar/2012:07:03:37 -0700] "GET /blog/feed/ HTTP/1.0" 304 0 "-" "FeedDemon/4.0 (http://www.feeddemon.com/; Microsoft Windows)"
122.164.144.148 - - [22/Mar/2012:07:05:08 -0700] "GET /r/3a7 HTTP/1.1" 301 255 "http://ta.wikipedia.org/wiki/%E0%AE%95%E0%AE%BE%E0%AE%AE%E0%AE%B0%E0%AE%BE%E0%AE%9A%E0%AE%B0%E0%AF%8D" "Mozilla/5.0 (Windows NT 5.1) AppleWebKit/535.11 (KHTML, like Gecko) Chrome/17.0.963.79 Safari/535.11"
122.164.144.148 - - [22/Mar/2012:07:05:09 -0700] "GET /s/ta/3a7/ HTTP/1.1" 302 361 "http://ta.wikipedia.org/wiki/%E0%AE%95%E0%AE%BE%E0%AE%AE%E0%AE%B0%E0%AE%BE%E0%AE%9A%E0%AE%B0%E0%AF%8D" "Mozilla/5.0 (Windows NT 5.1) AppleWebKit/535.11 (KHTML, like Gecko) Chrome/17.0.963.79 Safari/535.11"
77.20.158.103 - - [22/Mar/2012:07:05:12 -0700] "GET /stories/premature-greying.html HTTP/1.1" 200 2978 "-" "findlinks/2.0.2 (+http://wortschatz.uni-leipzig.de/findlinks/)"
115.184.55.3 - - [22/Mar/2012:07:05:58 -0700] "-" 400 0 "-" "-"
122.174.75.127 - - [22/Mar/2012:07:06:16 -0700] "-" 400 0 "-" "-"
113.193.115.67 - - [22/Mar/2012:07:06:27 -0700] "-" 400 0 "-" "-"
115.184.55.3 - - [22/Mar/2012:07:06:28 -0700] "-" 400 0 "-" "-"
85.17.88.169 - - [22/Mar/2012:07:07:07 -0700] "POST /blog/wp-cron.php?doing_wp_cron=1332425056 HTTP/1.0" 499 0 "-" "WordPress/3.3.1; http://yuvi.in/blog"
95.15.24.83 - - [22/Mar/2012:07:07:07 -0700] "GET /blog/infosys-tcs-or-wipro-none/ HTTP/1.1" 200 24427 "-" "Mozilla/5.0 (compatible; Googlebot/2.1; +http://www.google.com/bot.html)"
115.119.177.18 - - [22/Mar/2012:07:08:32 -0700] "GET /r/11b0 HTTP/1.1" 301 257 "http://ta.wikipedia.org/wiki/%E0%AE%AA%E0%AF%86%E0%AE%B0%E0%AE%BF%E0%AE%AF%E0%AE%AA%E0%AF%81%E0%AE%B0%E0%AE%BE%E0%AE%A3%E0%AE%AE%E0%AF%8D" "Mozilla/5.0 (X11; Ubuntu; Linux i686; rv:11.0) Gecko/20100101 Firefox/11.0"
115.119.177.18 - - [22/Mar/2012:07:08:32 -0700] "GET /s/ta/11b0/ HTTP/1.1" 302 409 "http://ta.wikipedia.org/wiki/%E0%AE%AA%E0%AF%86%E0%AE%B0%E0%AE%BF%E0%AE%AF%E0%AE%AA%E0%AF%81%E0%AE%B0%E0%AE%BE%E0%AE%A3%E0%AE%AE%E0%AF%8D" "Mozilla/5.0 (X11; Ubuntu; Linux i686; rv:11.0) Gecko/20100101 Firefox/11.0"
115.119.177.18 - - [22/Mar/2012:07:08:37 -0700] "-" 400 0 "-" "-"
174.129.174.142 - - [22/Mar/2012:07:10:51 -0700] "GET /blog/story-average-indian-techie/ HTTP/1.1" 200 14155 "-" "Mozilla/5.0 (Macintosh; U; Intel Mac OS X 10.6; en-US; rv:1.9.2) Gecko/20100115 Firefox/3.6 (FlipboardProxy/1.1; +http://flipboard.com/browserproxy)"
69.63.190.249 - - [22/Mar/2012:07:11:01 -0700] "GET /r/1x7m HTTP/1.1" 301 257 "-" "facebookexternalhit/1.1 (+http://www.facebook.com/externalhit_uatext.php)"
69.63.190.245 - - [22/Mar/2012:07:11:02 -0700] "GET /s/ta/1x7m/ HTTP/1.1" 302 513 "-" "facebookexternalhit/1.1 (+http://www.facebook.com/externalhit_uatext.php)"
85.17.88.169 - - [22/Mar/2012:07:11:45 -0700] "POST /blog/wp-cron.php?doing_wp_cron=1332425335 HTTP/1.0" 499 0 "-" "WordPress/3.3.1; http://yuvi.in/blog"
100.43.83.144 - - [22/Mar/2012:07:11:46 -0700] "GET /blog/cheese-2-31-1-released/ HTTP/1.1" 200 6653 "-" "Mozilla/5.0 (compatible; YandexBot/3.0; +http://yandex.com/bots)"
117.201.31.109 - - [22/Mar/2012:07:12:17 -0700] "-" 400 0 "-" "-"
69.171.234.5 - - [22/Mar/2012:07:12:59 -0700] "GET /r/1tti HTTP/1.1" 301 257 "-" "facebookexternalhit/1.1 (+http://www.facebook.com/externalhit_uatext.php)"
69.171.234.7 - - [22/Mar/2012:07:12:59 -0700] "GET /s/ta/1tti/ HTTP/1.1" 302 411 "-" "facebookexternalhit/1.1 (+http://www.facebook.com/externalhit_uatext.php)"
117.193.111.72 - - [22/Mar/2012:07:13:02 -0700] "-" 400 0 "-" "-"
49.137.37.102 - - [22/Mar/2012:07:14:43 -0700] "GET /r/w1n HTTP/1.1" 404 142 "-" "Mozilla/5.0 (SAMSUNG; SAMSUNG-GT-S5253/S5253DDJK2; U; Bada/1.0; en-us) AppleWebKit/533.1 (KHTML, like Gecko) Dolfin/2.0 Mobile WQVGA SMM-MMS/1.2.0 OPN-B"
66.220.149.246 - - [22/Mar/2012:07:14:45 -0700] "GET /r/1x7m HTTP/1.1" 301 257 "-" "facebookexternalhit/1.1 (+http://www.facebook.com/externalhit_uatext.php)"
66.220.149.248 - - [22/Mar/2012:07:14:45 -0700] "GET /s/ta/1x7m/ HTTP/1.1" 302 513 "-" "facebookexternalhit/1.1 (+http://www.facebook.com/externalhit_uatext.php)"
49.137.37.102 - - [22/Mar/2012:07:14:47 -0700] "GET /favicon.ico HTTP/1.1" 404 142 "http://www.tawp.in/r/w1n" "Mozilla/5.0 (SAMSUNG; SAMSUNG-GT-S5253/S5253DDJK2; U; Bada/1.0; en-us) AppleWebKit/533.1 (KHTML, like Gecko) Dolfin/2.0 Mobile WQVGA SMM-MMS/1.2.0 OPN-B"
122.174.103.50 - - [22/Mar/2012:07:15:13 -0700] "-" 400 0 "-" "-"
207.46.204.170 - - [22/Mar/2012:07:15:31 -0700] "-" 400 0 "-" "-"
207.46.204.170 - - [22/Mar/2012:07:15:34 -0700] "-" 400 0 "-" "-"
207.46.204.170 - - [22/Mar/2012:07:15:34 -0700] "-" 400 0 "-" "-"
207.46.204.170 - - [22/Mar/2012:07:15:35 -0700] "-" 400 0 "-" "-"
207.46.204.170 - - [22/Mar/2012:07:15:35 -0700] "-" 400 0 "-" "-"
207.46.204.170 - - [22/Mar/2012:07:15:37 -0700] "-" 400 0 "-" "-"
207.46.204.170 - - [22/Mar/2012:07:15:40 -0700] "-" 400 0 "-" "-"
207.46.204.170 - - [22/Mar/2012:07:15:41 -0700] "-" 400 0 "-" "-"
207.46.204.170 - - [22/Mar/2012:07:15:41 -0700] "-" 400 0 "-" "-"
207.46.204.170 - - [22/Mar/2012:07:15:42 -0700] "-" 400 0 "-" "-"
101.212.61.8 - - [22/Mar/2012:07:15:43 -0700] "-" 400 0 "-" "-"
101.212.61.8 - - [22/Mar/2012:07:15:44 -0700] "-" 400 0 "-" "-"
122.174.103.50 - - [22/Mar/2012:07:16:03 -0700] "-" 400 0 "-" "-"
85.17.88.169 - - [22/Mar/2012:07:16:26 -0700] "POST /blog/wp-cron.php?doing_wp_cron=1332425616 HTTP/1.0" 499 0 "-" "WordPress/3.3.1; http://yuvi.in/blog"
213.186.127.13 - - [22/Mar/2012:07:16:27 -0700] "GET /blog/category/so-called-it/ HTTP/1.1" 200 12881 "-" "Mozilla/5.0 (compatible; AhrefsBot/2.0; +http://ahrefs.com/robot/)"
207.46.204.170 - - [22/Mar/2012:07:16:29 -0700] "-" 400 0 "-" "-"
209.85.224.90 - - [22/Mar/2012:07:17:01 -0700] "GET /favicon.ico HTTP/1.1" 404 142 "-" "-"
122.174.103.50 - - [22/Mar/2012:07:17:33 -0700] "-" 400 0 "-" "-"
122.174.103.50 - - [22/Mar/2012:07:17:33 -0700] "-" 400 0 "-" "-"
122.174.103.50 - - [22/Mar/2012:07:17:33 -0700] "-" 400 0 "-" "-"
122.174.103.50 - - [22/Mar/2012:07:17:33 -0700] "-" 400 0 "-" "-"
87.168.165.102 - - [22/Mar/2012:07:17:47 -0700] "GET /r/hg HTTP/1.1" 301 253 "http://ta.wikipedia.org/wiki/%E0%AE%90%E0%AE%95%E0%AF%8D%E0%AE%95%E0%AE%BF%E0%AE%AF_%E0%AE%A8%E0%AE%BE%E0%AE%9F%E0%AF%81%E0%AE%95%E0%AE%B3%E0%AF%8D" "Mozilla/5.0 (Windows NT 6.0; rv:11.0) Gecko/20100101 Firefox/11.0"
87.168.165.102 - - [22/Mar/2012:07:17:47 -0700] "GET /s/ta/hg/ HTTP/1.1" 302 425 "http://ta.wikipedia.org/wiki/%E0%AE%90%E0%AE%95%E0%AF%8D%E0%AE%95%E0%AE%BF%E0%AE%AF_%E0%AE%A8%E0%AE%BE%E0%AE%9F%E0%AF%81%E0%AE%95%E0%AE%B3%E0%AF%8D" "Mozilla/5.0 (Windows NT 6.0; rv:11.0) Gecko/20100101 Firefox/11.0"
66.220.149.244 - - [22/Mar/2012:07:18:15 -0700] "GET /r/eya HTTP/1.1" 301 255 "-" "facebookexternalhit/1.1 (+http://www.facebook.com/externalhit_uatext.php)"
66.220.149.250 - - [22/Mar/2012:07:18:15 -0700] "GET /s/ta/eya/ HTTP/1.1" 302 401 "-" "facebookexternalhit/1.1 (+http://www.facebook.com/externalhit_uatext.php)"
207.46.204.165 - - [22/Mar/2012:07:18:58 -0700] "-" 400 0 "-" "-"
207.46.204.165 - - [22/Mar/2012:07:18:59 -0700] "-" 400 0 "-" "-"
207.46.204.165 - - [22/Mar/2012:07:18:59 -0700] "-" 400 0 "-" "-"
207.46.204.165 - - [22/Mar/2012:07:18:59 -0700] "-" 400 0 "-" "-"
207.46.204.165 - - [22/Mar/2012:07:19:00 -0700] "-" 400 0 "-" "-"
207.46.204.165 - - [22/Mar/2012:07:19:00 -0700] "-" 400 0 "-" "-"
207.46.204.165 - - [22/Mar/2012:07:19:00 -0700] "-" 400 0 "-" "-"
207.46.204.165 - - [22/Mar/2012:07:19:00 -0700] "-" 400 0 "-" "-"
207.46.204.165 - - [22/Mar/2012:07:19:00 -0700] "-" 400 0 "-" "-"
207.46.204.165 - - [22/Mar/2012:07:19:00 -0700] "-" 400 0 "-" "-"
85.17.88.169 - - [22/Mar/2012:07:19:15 -0700] "POST /blog/wp-cron.php?doing_wp_cron=1332425785 HTTP/1.0" 499 0 "-" "WordPress/3.3.1; http://yuvi.in/blog"
85.100.246.43 - - [22/Mar/2012:07:19:16 -0700] "GET /blog/program/ HTTP/1.1" 200 27143 "-" "Mozilla/5.0 (compatible; Googlebot/2.1; +http://www.google.com/bot.html)"
207.46.204.165 - - [22/Mar/2012:07:19:56 -0700] "-" 400 0 "-" "-"
122.174.103.50 - - [22/Mar/2012:07:20:04 -0700] "-" 400 0 "-" "-"
122.174.103.50 - - [22/Mar/2012:07:20:04 -0700] "-" 400 0 "-" "-"
122.174.103.50 - - [22/Mar/2012:07:20:04 -0700] "-" 400 0 "-" "-"
122.174.103.50 - - [22/Mar/2012:07:20:04 -0700] "-" 400 0 "-" "-"
85.17.88.169 - - [22/Mar/2012:07:20:15 -0700] "POST /blog/wp-cron.php?doing_wp_cron=1332425844 HTTP/1.0" 499 0 "-" "WordPress/3.3.1; http://yuvi.in/blog"
64.71.32.28 - - [22/Mar/2012:07:20:15 -0700] "GET /blog/ HTTP/1.0" 200 33019 "-" "Mozilla/5.0 (compatible; bingbot/2.0; +http://www.bing.com/bingbot.htm)"
85.17.88.169 - - [22/Mar/2012:07:20:34 -0700] "POST /blog/wp-cron.php?doing_wp_cron=1332425864 HTTP/1.0" 499 0 "-" "WordPress/3.3.1; http://yuvi.in/blog"
200.178.114.46 - - [22/Mar/2012:07:20:36 -0700] "GET /blog/page/2/ HTTP/1.0" 200 76180 "-" "Mozilla/5.0 (compatible; Googlebot/2.1; +http://www.google.com/bot.html)"
85.17.88.169 - - [22/Mar/2012:07:20:38 -0700] "POST /blog/wp-cron.php?doing_wp_cron=1332425867 HTTP/1.0" 499 0 "-" "WordPress/3.3.1; http://yuvi.in/blog"
101.226.33.187 - - [22/Mar/2012:07:20:38 -0700] "GET /blog/feed HTTP/1.0" 304 0 "-" "Mozilla/4.0 (compatible; Windows;)"
117.193.242.244 - - [22/Mar/2012:07:21:01 -0700] "-" 400 0 "-" "-"
117.193.242.244 - - [22/Mar/2012:07:21:01 -0700] "-" 400 0 "-" "-"
117.193.242.244 - - [22/Mar/2012:07:21:01 -0700] "-" 400 0 "-" "-"
117.193.242.244 - - [22/Mar/2012:07:21:01 -0700] "-" 400 0 "-" "-"
122.174.103.50 - - [22/Mar/2012:07:21:04 -0700] "-" 400 0 "-" "-"
122.174.103.50 - - [22/Mar/2012:07:21:04 -0700] "-" 400 0 "-" "-"
122.174.103.50 - - [22/Mar/2012:07:21:04 -0700] "-" 400 0 "-" "-"
122.174.103.50 - - [22/Mar/2012:07:21:04 -0700] "-" 400 0 "-" "-"
85.17.88.169 - - [22/Mar/2012:07:21:39 -0700] "POST /blog/wp-cron.php?doing_wp_cron=1332425928 HTTP/1.0" 499 0 "-" "WordPress/3.3.1; http://yuvi.in/blog"
209.85.224.81 - - [22/Mar/2012:07:21:39 -0700] "GET /blog/feed HTTP/1.1" 304 0 "-" "FeedBurner/1.0 (http://www.FeedBurner.com)"
122.174.103.50 - - [22/Mar/2012:07:21:44 -0700] "-" 400 0 "-" "-"
122.174.103.50 - - [22/Mar/2012:07:21:44 -0700] "-" 400 0 "-" "-"
122.174.103.50 - - [22/Mar/2012:07:21:44 -0700] "-" 400 0 "-" "-"
85.17.88.169 - - [22/Mar/2012:07:21:51 -0700] "POST /blog/wp-cron.php?doing_wp_cron=1332425940 HTTP/1.0" 499 0 "-" "WordPress/3.3.1; http://yuvi.in/blog"
180.76.5.187 - - [22/Mar/2012:07:21:51 -0700] "GET /blog/?p=9 HTTP/1.1" 301 0 "-" "Mozilla/5.0 (compatible; Baiduspider/2.0; +http://www.baidu.com/search/spider.html)"
85.17.88.169 - - [22/Mar/2012:07:21:53 -0700] "POST /blog/wp-cron.php?doing_wp_cron=1332425943 HTTP/1.0" 499 0 "-" "WordPress/3.3.1; http://yuvi.in/blog"
180.76.5.58 - - [22/Mar/2012:07:21:54 -0700] "GET /blog/pycon-india-2009/ HTTP/1.1" 200 6234 "-" "Mozilla/5.0 (compatible; Baiduspider/2.0; +http://www.baidu.com/search/spider.html)"
69.212.152.250 - - [22/Mar/2012:07:23:15 -0700] "HEAD / HTTP/1.0" 200 0 "-" "-"
122.174.103.50 - - [22/Mar/2012:07:24:04 -0700] "-" 400 0 "-" "-"
122.174.103.50 - - [22/Mar/2012:07:24:04 -0700] "-" 400 0 "-" "-"
117.201.31.109 - - [22/Mar/2012:07:24:17 -0700] "-" 400 0 "-" "-"
122.174.103.50 - - [22/Mar/2012:07:24:24 -0700] "-" 400 0 "-" "-"
122.174.103.50 - - [22/Mar/2012:07:24:44 -0700] "-" 400 0 "-" "-"
117.201.31.109 - - [22/Mar/2012:07:24:47 -0700] "-" 400 0 "-" "-"
122.174.103.50 - - [22/Mar/2012:07:25:14 -0700] "-" 400 0 "-" "-"
85.17.88.169 - - [22/Mar/2012:07:26:05 -0700] "POST /blog/wp-cron.php?doing_wp_cron=1332426194 HTTP/1.0" 499 0 "-" "WordPress/3.3.1; http://yuvi.in/blog"
189.53.166.110 - - [22/Mar/2012:07:26:05 -0700] "GET /blog/ HTTP/1.1" 200 33079 "-" "Mozilla/5.0 (compatible; Googlebot/2.1; +http://www.google.com/bot.html)"
117.201.31.109 - - [22/Mar/2012:07:26:17 -0700] "-" 400 0 "-" "-"
67.215.230.26 - - [22/Mar/2012:07:27:41 -0700] "GET /robots.txt HTTP/1.0" 404 169 "-" "Setooz/Nutch-1.2 (http://www.setooz.com)"
67.215.230.26 - - [22/Mar/2012:07:27:41 -0700] "GET / HTTP/1.0" 200 3439 "-" "Setooz/Nutch-1.2 (http://www.setooz.com)"
117.193.242.244 - - [22/Mar/2012:07:27:41 -0700] "-" 400 0 "-" "-"
117.193.242.244 - - [22/Mar/2012:07:27:41 -0700] "-" 400 0 "-" "-"
117.193.242.244 - - [22/Mar/2012:07:27:41 -0700] "-" 400 0 "-" "-"
117.193.242.244 - - [22/Mar/2012:07:27:41 -0700] "-" 400 0 "-" "-"
117.193.242.244 - - [22/Mar/2012:07:27:41 -0700] "-" 400 0 "-" "-"
67.215.230.27 - - [22/Mar/2012:07:27:44 -0700] "GET /robots.txt HTTP/1.0" 404 169 "-" "Setooz/Nutch-1.2 (http://www.setooz.com)"
67.215.230.27 - - [22/Mar/2012:07:27:44 -0700] "GET /stories HTTP/1.0" 301 185 "-" "Setooz/Nutch-1.2 (http://www.setooz.com)"
117.193.69.42 - - [22/Mar/2012:07:28:56 -0700] "-" 400 0 "-" "-"
117.193.69.42 - - [22/Mar/2012:07:28:56 -0700] "-" 400 0 "-" "-"
117.193.249.204 - - [22/Mar/2012:07:33:22 -0700] "-" 400 0 "-" "-"
122.164.211.139 - - [22/Mar/2012:07:33:50 -0700] "-" 400 0 "-" "-"
122.164.211.139 - - [22/Mar/2012:07:33:50 -0700] "-" 400 0 "-" "-"
122.164.211.139 - - [22/Mar/2012:07:33:50 -0700] "-" 400 0 "-" "-"
122.164.211.139 - - [22/Mar/2012:07:33:53 -0700] "-" 400 0 "-" "-"
122.164.211.139 - - [22/Mar/2012:07:33:53 -0700] "-" 400 0 "-" "-"
207.46.204.209 - - [22/Mar/2012:07:35:31 -0700] "-" 400 0 "-" "-"
207.46.204.209 - - [22/Mar/2012:07:35:33 -0700] "-" 400 0 "-" "-"
207.46.204.209 - - [22/Mar/2012:07:35:34 -0700] "-" 400 0 "-" "-"
207.46.204.209 - - [22/Mar/2012:07:35:34 -0700] "-" 400 0 "-" "-"
207.46.204.209 - - [22/Mar/2012:07:35:35 -0700] "-" 400 0 "-" "-"
207.46.204.209 - - [22/Mar/2012:07:35:35 -0700] "-" 400 0 "-" "-"
207.46.204.209 - - [22/Mar/2012:07:35:35 -0700] "-" 400 0 "-" "-"
207.46.204.209 - - [22/Mar/2012:07:35:36 -0700] "-" 400 0 "-" "-"
207.46.204.209 - - [22/Mar/2012:07:35:36 -0700] "-" 400 0 "-" "-"
207.46.204.209 - - [22/Mar/2012:07:35:36 -0700] "-" 400 0 "-" "-"
207.46.204.170 - - [22/Mar/2012:07:36:06 -0700] "-" 400 0 "-" "-"
207.46.204.170 - - [22/Mar/2012:07:36:10 -0700] "-" 400 0 "-" "-"
207.46.204.170 - - [22/Mar/2012:07:36:10 -0700] "-" 400 0 "-" "-"
207.46.204.170 - - [22/Mar/2012:07:36:11 -0700] "-" 400 0 "-" "-"
207.46.204.170 - - [22/Mar/2012:07:36:11 -0700] "-" 400 0 "-" "-"
207.46.204.170 - - [22/Mar/2012:07:36:11 -0700] "-" 400 0 "-" "-"
207.46.204.170 - - [22/Mar/2012:07:36:11 -0700] "-" 400 0 "-" "-"
207.46.204.170 - - [22/Mar/2012:07:36:12 -0700] "-" 400 0 "-" "-"
207.46.204.170 - - [22/Mar/2012:07:36:12 -0700] "-" 400 0 "-" "-"
207.46.204.170 - - [22/Mar/2012:07:36:12 -0700] "-" 400 0 "-" "-"
207.46.204.209 - - [22/Mar/2012:07:36:27 -0700] "-" 400 0 "-" "-"
117.193.69.42 - - [22/Mar/2012:07:36:45 -0700] "-" 400 0 "-" "-"
207.46.204.170 - - [22/Mar/2012:07:36:52 -0700] "-" 400 0 "-" "-"
207.46.204.171 - - [22/Mar/2012:07:37:32 -0700] "-" 400 0 "-" "-"
207.46.204.171 - - [22/Mar/2012:07:37:33 -0700] "-" 400 0 "-" "-"
207.46.204.171 - - [22/Mar/2012:07:37:33 -0700] "-" 400 0 "-" "-"
207.46.204.171 - - [22/Mar/2012:07:37:33 -0700] "-" 400 0 "-" "-"
207.46.204.171 - - [22/Mar/2012:07:37:33 -0700] "-" 400 0 "-" "-"
207.46.204.171 - - [22/Mar/2012:07:37:33 -0700] "-" 400 0 "-" "-"
207.46.204.171 - - [22/Mar/2012:07:37:33 -0700] "-" 400 0 "-" "-"
207.46.204.171 - - [22/Mar/2012:07:37:33 -0700] "-" 400 0 "-" "-"
207.46.204.171 - - [22/Mar/2012:07:37:33 -0700] "-" 400 0 "-" "-"
207.46.204.171 - - [22/Mar/2012:07:37:33 -0700] "-" 400 0 "-" "-"
207.46.204.171 - - [22/Mar/2012:07:37:58 -0700] "-" 400 0 "-" "-"
85.17.88.169 - - [22/Mar/2012:07:39:14 -0700] "POST /blog/wp-cron.php?doing_wp_cron=1332426984 HTTP/1.0" 499 0 "-" "WordPress/3.3.1; http://yuvi.in/blog"
183.82.75.208 - - [22/Mar/2012:07:39:15 -0700] "GET /blog/feed/ HTTP/1.0" 304 0 "-" "FeedDemon/4.0 (http://www.feeddemon.com/; Microsoft Windows)"
117.193.166.33 - - [22/Mar/2012:07:40:18 -0700] "GET /s/ta/33cc/ HTTP/1.1" 302 397 "http://ta.wikipedia.org/wiki/%E0%AE%B5%E0%AF%88%E0%AE%B0%E0%AE%AE%E0%AF%8D%E0%AE%AA%E0%AF%87%E0%AE%9F%E0%AF%8D%E0%AE%9F%E0%AF%88" "Mozilla/5.0 (Windows NT 5.1) AppleWebKit/535.11 (KHTML, like Gecko) Chrome/17.0.963.79 Safari/535.11"
85.17.88.169 - - [22/Mar/2012:07:40:22 -0700] "POST /blog/wp-cron.php?doing_wp_cron=1332427051 HTTP/1.0" 499 0 "-" "WordPress/3.3.1; http://yuvi.in/blog"
77.65.48.239 - - [22/Mar/2012:07:40:23 -0700] "GET /blog/ HTTP/1.0" 200 33142 "http://yuvi.in/blog/" "Mozilla/4.0 (compatible; MSIE 6.0; Windows NT 5.1; SV1; Media Center PC"
117.193.166.33 - - [22/Mar/2012:07:40:30 -0700] "-" 400 0 "-" "-"
180.76.5.113 - - [22/Mar/2012:07:42:06 -0700] "GET / HTTP/1.1" 200 3439 "-" "Mozilla/5.0 (compatible; Baiduspider/2.0; +http://www.baidu.com/search/spider.html)"
66.249.72.238 - - [22/Mar/2012:07:42:21 -0700] "GET /r/272 HTTP/1.1" 301 255 "-" "Mozilla/5.0 (compatible; Googlebot/2.1; +http://www.google.com/bot.html)"
66.249.72.238 - - [22/Mar/2012:07:42:22 -0700] "GET /s/ta/272/ HTTP/1.1" 302 403 "-" "Mozilla/5.0 (compatible; Googlebot/2.1; +http://www.google.com/bot.html)"
14.99.29.10 - - [22/Mar/2012:07:44:32 -0700] "-" 400 0 "-" "-"
61.245.172.12 - - [22/Mar/2012:07:45:05 -0700] "GET /r/gim HTTP/1.1" 301 255 "http://ta.wikipedia.org/wiki/S.%E0%AE%A8%E0%AE%B2%E0%AF%8D%E0%AE%B2%E0%AF%82%E0%AE%B0%E0%AF%8D" "Mozilla/5.0 (Windows NT 6.1; rv:8.0) Gecko/20100101 Firefox/8.0"
61.245.172.12 - - [22/Mar/2012:07:45:06 -0700] "GET /r/gim HTTP/1.1" 301 255 "http://ta.wikipedia.org/wiki/S.%E0%AE%A8%E0%AE%B2%E0%AF%8D%E0%AE%B2%E0%AF%82%E0%AE%B0%E0%AF%8D" "Mozilla/5.0 (Windows NT 6.1; rv:8.0) Gecko/20100101 Firefox/8.0"
61.245.172.12 - - [22/Mar/2012:07:45:07 -0700] "GET /s/ta/gim/ HTTP/1.1" 302 401 "http://ta.wikipedia.org/wiki/S.%E0%AE%A8%E0%AE%B2%E0%AF%8D%E0%AE%B2%E0%AF%82%E0%AE%B0%E0%AF%8D" "Mozilla/5.0 (Windows NT 6.1; rv:8.0) Gecko/20100101 Firefox/8.0"
66.249.72.132 - - [22/Mar/2012:07:45:21 -0700] "GET /blog/functional-programming-geekweekend-at-thoughtworks.html HTTP/1.1" 304 0 "-" "Mozilla/5.0 (compatible; Googlebot/2.1; +http://www.google.com/bot.html)"
14.99.29.10 - - [22/Mar/2012:07:45:27 -0700] "-" 400 0 "-" "-"
69.171.247.5 - - [22/Mar/2012:07:46:10 -0700] "GET /r/1x7m HTTP/1.1" 301 257 "-" "facebookexternalhit/1.1 (+http://www.facebook.com/externalhit_uatext.php)"
69.171.247.7 - - [22/Mar/2012:07:46:10 -0700] "GET /s/ta/1x7m/ HTTP/1.1" 302 513 "-" "facebookexternalhit/1.1 (+http://www.facebook.com/externalhit_uatext.php)"
209.85.224.90 - - [22/Mar/2012:07:46:12 -0700] "GET /stories/feed HTTP/1.1" 200 13653 "-" "FeedBurner/1.0 (http://www.FeedBurner.com)"
85.17.88.169 - - [22/Mar/2012:07:46:51 -0700] "POST /blog/wp-cron.php?doing_wp_cron=1332427441 HTTP/1.0" 499 0 "-" "WordPress/3.3.1; http://yuvi.in/blog"
209.85.238.248 - - [22/Mar/2012:07:46:52 -0700] "GET /blog/feed/ HTTP/1.1" 304 0 "-" "Feedfetcher-Google; (+http://www.google.com/feedfetcher.html; 19 subscribers; feed-id=15064232456473204253)"
14.99.29.10 - - [22/Mar/2012:07:48:57 -0700] "-" 400 0 "-" "-"
85.17.88.169 - - [22/Mar/2012:07:50:38 -0700] "POST /blog/wp-cron.php?doing_wp_cron=1332427668 HTTP/1.0" 499 0 "-" "WordPress/3.3.1; http://yuvi.in/blog"
180.76.5.97 - - [22/Mar/2012:07:50:39 -0700] "GET /blog/chennais-concentration-camps-aka-colleges/ HTTP/1.1" 200 4575 "-" "Mozilla/5.0 (compatible; Baiduspider/2.0; +http://www.baidu.com/search/spider.html)"
69.171.234.6 - - [22/Mar/2012:07:51:06 -0700] "GET /r/tpn HTTP/1.1" 301 255 "-" "facebookexternalhit/1.1 (+http://www.facebook.com/externalhit_uatext.php)"
69.171.234.5 - - [22/Mar/2012:07:51:07 -0700] "GET /s/ta/tpn/ HTTP/1.1" 302 265 "-" "facebookexternalhit/1.1 (+http://www.facebook.com/externalhit_uatext.php)"
85.17.88.169 - - [22/Mar/2012:07:51:44 -0700] "POST /blog/wp-cron.php?doing_wp_cron=1332427733 HTTP/1.0" 499 0 "-" "WordPress/3.3.1; http://yuvi.in/blog"
209.85.224.85 - - [22/Mar/2012:07:51:44 -0700] "GET /blog/feed HTTP/1.1" 304 0 "-" "FeedBurner/1.0 (http://www.FeedBurner.com)"
85.17.88.169 - - [22/Mar/2012:07:53:15 -0700] "POST /blog/wp-cron.php?doing_wp_cron=1332427825 HTTP/1.0" 499 0 "-" "WordPress/3.3.1; http://yuvi.in/blog"
100.43.83.144 - - [22/Mar/2012:07:53:16 -0700] "GET /blog/2010/08/ HTTP/1.1" 200 5931 "-" "Mozilla/5.0 (compatible; YandexBot/3.0; +http://yandex.com/bots)"
85.17.88.169 - - [22/Mar/2012:07:53:41 -0700] "POST /blog/wp-cron.php?doing_wp_cron=1332427851 HTTP/1.0" 499 0 "-" "WordPress/3.3.1; http://yuvi.in/blog"
208.115.111.68 - - [22/Mar/2012:07:53:42 -0700] "GET /blog/tag/talk/feed/ HTTP/1.1" 200 2416 "-" "Mozilla/5.0 (compatible; Ezooms/1.0; ezooms.bot@gmail.com)"
94.228.34.248 - - [22/Mar/2012:07:55:09 -0700] "GET /blog/ HTTP/1.1" 200 9194 "-" "magpie-crawler/1.1 (U; Linux amd64; en-GB; +http://www.brandwatch.net)"
141.0.8.179 - - [22/Mar/2012:07:55:36 -0700] "-" 400 0 "-" "-"
94.228.34.209 - - [22/Mar/2012:07:56:10 -0700] "GET /blog/serendipity.html HTTP/1.1" 304 0 "-" "magpie-crawler/1.1 (U; Linux amd64; en-GB; +http://www.brandwatch.net)"
122.164.169.211 - - [22/Mar/2012:07:56:22 -0700] "-" 400 0 "-" "-"
115.241.84.2 - - [22/Mar/2012:07:56:39 -0700] "GET /r/5xm HTTP/1.1" 301 255 "http://ta.wikipedia.org/wiki/%E0%AE%85%E0%AE%AF%E0%AF%8D%E0%AE%AF%E0%AE%BE_%E0%AE%B5%E0%AF%88%E0%AE%95%E0%AF%81%E0%AE%A3%E0%AF%8D%E0%AE%9F%E0%AE%B0%E0%AF%8D" "Mozilla/4.0 (compatible; MSIE 8.0; Windows NT 5.1)"
115.241.84.2 - - [22/Mar/2012:07:56:40 -0700] "GET /s/ta/5xm/ HTTP/1.1" 302 437 "http://ta.wikipedia.org/wiki/%E0%AE%85%E0%AE%AF%E0%AF%8D%E0%AE%AF%E0%AE%BE_%E0%AE%B5%E0%AF%88%E0%AE%95%E0%AF%81%E0%AE%A3%E0%AF%8D%E0%AE%9F%E0%AE%B0%E0%AF%8D" "Mozilla/4.0 (compatible; MSIE 8.0; Windows NT 5.1)"
69.171.234.6 - - [22/Mar/2012:07:56:54 -0700] "GET /r/tpn HTTP/1.1" 301 255 "-" "facebookexternalhit/1.1 (+http://www.facebook.com/externalhit_uatext.php)"
69.171.234.1 - - [22/Mar/2012:07:56:54 -0700] "GET /s/ta/tpn/ HTTP/1.1" 302 265 "-" "facebookexternalhit/1.1 (+http://www.facebook.com/externalhit_uatext.php)"
85.17.88.169 - - [22/Mar/2012:07:58:30 -0700] "POST /blog/wp-cron.php?doing_wp_cron=1332428140 HTTP/1.0" 499 0 "-" "WordPress/3.3.1; http://yuvi.in/blog"
209.85.238.115 - - [22/Mar/2012:07:58:31 -0700] "GET /blog/feed HTTP/1.1" 301 0 "-" "Feedfetcher-Google; (+http://www.google.com/feedfetcher.html; 3 subscribers; feed-id=17684830852112633560)"
85.17.88.169 - - [22/Mar/2012:07:58:33 -0700] "POST /blog/wp-cron.php?doing_wp_cron=1332428142 HTTP/1.0" 499 0 "-" "WordPress/3.3.1; http://yuvi.in/blog"
209.85.238.115 - - [22/Mar/2012:07:58:33 -0700] "GET /blog/feed/ HTTP/1.1" 200 6672 "-" "Feedfetcher-Google; (+http://www.google.com/feedfetcher.html; 3 subscribers; feed-id=17684830852112633560)"
122.178.146.244 - - [22/Mar/2012:07:59:34 -0700] "GET /r/tzs HTTP/1.1" 301 255 "http://ta.wikipedia.org/wiki/%E0%AE%AA%E0%AE%95%E0%AF%81%E0%AE%AA%E0%AF%8D%E0%AE%AA%E0%AF%81:%E0%AE%90%E0%AE%B0%E0%AF%8B_%E0%AE%AA%E0%AE%9F%E0%AE%BF%E0%AE%AE%E0%AE%99%E0%AF%8D%E0%AE%95%E0%AE%B3%E0%AF%8D" "Mozilla/5.0 (Windows; U; Windows NT 5.1; en-US; rv:1.9.2.8) Gecko/20100722 Firefox/3.6.8"
122.178.146.244 - - [22/Mar/2012:07:59:35 -0700] "GET /s/ta/tzs/ HTTP/1.1" 302 499 "http://ta.wikipedia.org/wiki/%E0%AE%AA%E0%AE%95%E0%AF%81%E0%AE%AA%E0%AF%8D%E0%AE%AA%E0%AF%81:%E0%AE%90%E0%AE%B0%E0%AF%8B_%E0%AE%AA%E0%AE%9F%E0%AE%BF%E0%AE%AE%E0%AE%99%E0%AF%8D%E0%AE%95%E0%AE%B3%E0%AF%8D" "Mozilla/5.0 (Windows; U; Windows NT 5.1; en-US; rv:1.9.2.8) Gecko/20100722 Firefox/3.6.8"
66.249.68.52 - - [22/Mar/2012:08:00:49 -0700] "GET /robots.txt HTTP/1.1" 404 211 "-" "Mozilla/5.0 (compatible; Googlebot/2.1; +http://www.google.com/bot.html)"
66.249.68.52 - - [22/Mar/2012:08:00:49 -0700] "GET /r/2e47 HTTP/1.1" 301 257 "-" "Mozilla/5.0 (compatible; Googlebot/2.1; +http://www.google.com/bot.html)"
66.249.68.52 - - [22/Mar/2012:08:00:50 -0700] "GET /s/ta/2e47/ HTTP/1.1" 302 385 "-" "Mozilla/5.0 (compatible; Googlebot/2.1; +http://www.google.com/bot.html)"
113.193.115.24 - - [22/Mar/2012:08:01:51 -0700] "-" 400 0 "-" "-"
157.55.112.206 - - [22/Mar/2012:08:02:07 -0700] "-" 400 0 "-" "-"
157.55.112.206 - - [22/Mar/2012:08:02:09 -0700] "-" 400 0 "-" "-"
157.55.112.206 - - [22/Mar/2012:08:02:09 -0700] "-" 400 0 "-" "-"
157.55.112.206 - - [22/Mar/2012:08:02:09 -0700] "-" 400 0 "-" "-"
157.55.112.206 - - [22/Mar/2012:08:02:10 -0700] "-" 400 0 "-" "-"
157.55.112.206 - - [22/Mar/2012:08:02:10 -0700] "-" 400 0 "-" "-"
157.55.112.206 - - [22/Mar/2012:08:02:10 -0700] "-" 400 0 "-" "-"
157.55.112.206 - - [22/Mar/2012:08:02:10 -0700] "-" 400 0 "-" "-"
157.55.112.206 - - [22/Mar/2012:08:02:10 -0700] "-" 400 0 "-" "-"
157.55.112.206 - - [22/Mar/2012:08:02:10 -0700] "-" 400 0 "-" "-"
207.46.12.76 - - [22/Mar/2012:08:05:04 -0700] "-" 400 0 "-" "-"
207.46.12.76 - - [22/Mar/2012:08:05:06 -0700] "-" 400 0 "-" "-"
207.46.12.76 - - [22/Mar/2012:08:05:06 -0700] "-" 400 0 "-" "-"
207.46.12.76 - - [22/Mar/2012:08:05:06 -0700] "-" 400 0 "-" "-"
207.46.12.76 - - [22/Mar/2012:08:05:07 -0700] "-" 400 0 "-" "-"
207.46.12.76 - - [22/Mar/2012:08:05:07 -0700] "-" 400 0 "-" "-"
207.46.12.76 - - [22/Mar/2012:08:05:08 -0700] "-" 400 0 "-" "-"
207.46.12.76 - - [22/Mar/2012:08:05:09 -0700] "-" 400 0 "-" "-"
207.46.12.76 - - [22/Mar/2012:08:05:09 -0700] "-" 400 0 "-" "-"
207.46.12.76 - - [22/Mar/2012:08:05:09 -0700] "-" 400 0 "-" "-"
207.46.204.165 - - [22/Mar/2012:08:05:51 -0700] "-" 400 0 "-" "-"
207.46.204.165 - - [22/Mar/2012:08:05:51 -0700] "-" 400 0 "-" "-"
207.46.204.165 - - [22/Mar/2012:08:05:51 -0700] "-" 400 0 "-" "-"
207.46.204.165 - - [22/Mar/2012:08:05:51 -0700] "-" 400 0 "-" "-"
207.46.204.165 - - [22/Mar/2012:08:05:51 -0700] "-" 400 0 "-" "-"
207.46.204.165 - - [22/Mar/2012:08:05:52 -0700] "-" 400 0 "-" "-"
207.46.204.165 - - [22/Mar/2012:08:05:52 -0700] "-" 400 0 "-" "-"
207.46.204.165 - - [22/Mar/2012:08:05:52 -0700] "-" 400 0 "-" "-"
207.46.204.165 - - [22/Mar/2012:08:06:12 -0700] "-" 400 0 "-" "-"
207.46.204.165 - - [22/Mar/2012:08:06:12 -0700] "-" 400 0 "-" "-"
207.46.204.165 - - [22/Mar/2012:08:06:12 -0700] "-" 400 0 "-" "-"
69.171.234.5 - - [22/Mar/2012:08:06:29 -0700] "GET /r/1uj HTTP/1.1" 301 255 "-" "facebookexternalhit/1.1 (+http://www.facebook.com/externalhit_uatext.php)"
69.171.234.1 - - [22/Mar/2012:08:06:29 -0700] "GET /s/ta/1uj/ HTTP/1.1" 302 501 "-" "facebookexternalhit/1.1 (+http://www.facebook.com/externalhit_uatext.php)"
69.171.234.2 - - [22/Mar/2012:08:06:52 -0700] "GET /r/tpn HTTP/1.1" 301 255 "-" "facebookexternalhit/1.1 (+http://www.facebook.com/externalhit_uatext.php)"
69.171.234.3 - - [22/Mar/2012:08:06:56 -0700] "GET /s/ta/tpn/ HTTP/1.1" 302 265 "-" "facebookexternalhit/1.1 (+http://www.facebook.com/externalhit_uatext.php)"
141.0.8.179 - - [22/Mar/2012:08:09:22 -0700] "-" 400 0 "-" "-"
208.115.113.84 - - [22/Mar/2012:08:09:30 -0700] "GET /robots.txt HTTP/1.1" 404 169 "-" "Mozilla/5.0 (compatible; Ezooms/1.0; ezooms.bot@gmail.com)"
117.230.213.207 - - [22/Mar/2012:08:11:13 -0700] "GET /r/1hj8 HTTP/1.1" 301 257 "-" "Mozilla/4.0 (compatible; MSIE 7.0; Windows NT 6.1; Trident/4.0; FunWebProducts; SLCC2; .NET CLR 2.0.50727; .NET CLR 3.5.30729; .NET CLR 3.0.30729; Media Center PC 6.0; InfoPath.2; FunWebProducts)"
117.230.213.207 - - [22/Mar/2012:08:11:15 -0700] "GET /s/ta/1hj8/ HTTP/1.1" 302 365 "-" "Mozilla/4.0 (compatible; MSIE 7.0; Windows NT 6.1; Trident/4.0; FunWebProducts; SLCC2; .NET CLR 2.0.50727; .NET CLR 3.5.30729; .NET CLR 3.0.30729; Media Center PC 6.0; InfoPath.2; FunWebProducts)"
117.230.213.207 - - [22/Mar/2012:08:11:16 -0700] "GET /r/1hj8 HTTP/1.1" 301 257 "-" "Mozilla/4.0 (compatible; MSIE 7.0; Windows NT 6.1; Trident/4.0; FunWebProducts; SLCC2; .NET CLR 2.0.50727; .NET CLR 3.5.30729; .NET CLR 3.0.30729; Media Center PC 6.0; InfoPath.2; FunWebProducts)"
117.230.213.207 - - [22/Mar/2012:08:11:18 -0700] "GET /r/1hj8 HTTP/1.1" 301 257 "-" "Mozilla/4.0 (compatible; MSIE 7.0; Windows NT 6.1; Trident/4.0; FunWebProducts; SLCC2; .NET CLR 2.0.50727; .NET CLR 3.5.30729; .NET CLR 3.0.30729; Media Center PC 6.0; InfoPath.2; FunWebProducts)"
117.230.213.207 - - [22/Mar/2012:08:11:19 -0700] "GET /s/ta/1hj8/ HTTP/1.1" 302 365 "-" "Mozilla/4.0 (compatible; MSIE 7.0; Windows NT 6.1; Trident/4.0; FunWebProducts; SLCC2; .NET CLR 2.0.50727; .NET CLR 3.5.30729; .NET CLR 3.0.30729; Media Center PC 6.0; InfoPath.2; FunWebProducts)"
117.193.142.190 - - [22/Mar/2012:08:12:03 -0700] "-" 400 0 "-" "-"
117.193.142.190 - - [22/Mar/2012:08:12:03 -0700] "-" 400 0 "-" "-"
124.82.119.191 - - [22/Mar/2012:08:12:37 -0700] "-" 400 0 "-" "-"
124.82.119.191 - - [22/Mar/2012:08:12:37 -0700] "GET /r/2g79 HTTP/1.1" 301 257 "http://ta.wikipedia.org/wiki/%E0%AE%AE%E0%AE%B2%E0%AF%87%E0%AE%9A%E0%AE%BF%E0%AE%AF_%E0%AE%A4%E0%AE%AE%E0%AE%BF%E0%AE%B4%E0%AF%8D%E0%AE%AA%E0%AF%8D%E0%AE%AA%E0%AE%B3%E0%AF%8D%E0%AE%B3%E0%AE%BF%E0%AE%95%E0%AE%B3%E0%AF%8D" "Mozilla/5.0 (Windows NT 5.1; rv:11.0) Gecko/20100101 Firefox/11.0"
124.82.119.191 - - [22/Mar/2012:08:12:38 -0700] "GET /s/ta/2g79/ HTTP/1.1" 302 521 "http://ta.wikipedia.org/wiki/%E0%AE%AE%E0%AE%B2%E0%AF%87%E0%AE%9A%E0%AE%BF%E0%AE%AF_%E0%AE%A4%E0%AE%AE%E0%AE%BF%E0%AE%B4%E0%AF%8D%E0%AE%AA%E0%AF%8D%E0%AE%AA%E0%AE%B3%E0%AF%8D%E0%AE%B3%E0%AE%BF%E0%AE%95%E0%AE%B3%E0%AF%8D" "Mozilla/5.0 (Windows NT 5.1; rv:11.0) Gecko/20100101 Firefox/11.0"
85.17.88.169 - - [22/Mar/2012:08:14:13 -0700] "POST /blog/wp-cron.php?doing_wp_cron=1332429082 HTTP/1.0" 499 0 "-" "WordPress/3.3.1; http://yuvi.in/blog"
220.181.108.93 - - [22/Mar/2012:08:14:14 -0700] "GET /blog/2010/08/ HTTP/1.1" 200 5931 "-" "Mozilla/5.0 (compatible; Baiduspider/2.0; +http://www.baidu.com/search/spider.html)"
117.193.142.190 - - [22/Mar/2012:08:14:43 -0700] "-" 400 0 "-" "-"
117.193.142.190 - - [22/Mar/2012:08:14:43 -0700] "-" 400 0 "-" "-"
117.193.142.190 - - [22/Mar/2012:08:14:43 -0700] "-" 400 0 "-" "-"
117.193.142.190 - - [22/Mar/2012:08:14:43 -0700] "-" 400 0 "-" "-"
117.193.142.190 - - [22/Mar/2012:08:14:43 -0700] "-" 400 0 "-" "-"
122.178.161.231 - - [22/Mar/2012:08:15:00 -0700] "GET /r/4cx HTTP/1.1" 301 255 "http://ta.wikipedia.org/wiki/%E0%AE%AA%E0%AF%81%E0%AE%B5%E0%AE%BF_%E0%AE%9A%E0%AF%82%E0%AE%9F%E0%AE%BE%E0%AE%A4%E0%AE%B2%E0%AF%8D" "Mozilla/5.0 (Windows NT 5.1) AppleWebKit/535.11 (KHTML, like Gecko) Chrome/17.0.963.79 Safari/535.11"
122.178.161.231 - - [22/Mar/2012:08:15:00 -0700] "GET /s/ta/4cx/ HTTP/1.1" 302 401 "http://ta.wikipedia.org/wiki/%E0%AE%AA%E0%AF%81%E0%AE%B5%E0%AE%BF_%E0%AE%9A%E0%AF%82%E0%AE%9F%E0%AE%BE%E0%AE%A4%E0%AE%B2%E0%AF%8D" "Mozilla/5.0 (Windows NT 5.1) AppleWebKit/535.11 (KHTML, like Gecko) Chrome/17.0.963.79 Safari/535.11"
122.178.161.231 - - [22/Mar/2012:08:15:14 -0700] "-" 400 0 "-" "-"
85.17.88.169 - - [22/Mar/2012:08:15:17 -0700] "POST /blog/wp-cron.php?doing_wp_cron=1332429146 HTTP/1.0" 499 0 "-" "WordPress/3.3.1; http://yuvi.in/blog"
183.82.75.208 - - [22/Mar/2012:08:15:17 -0700] "GET /blog/feed/ HTTP/1.0" 304 0 "-" "FeedDemon/4.0 (http://www.feeddemon.com/; Microsoft Windows)"
122.174.100.220 - - [22/Mar/2012:08:17:05 -0700] "-" 400 0 "-" "-"
122.174.100.220 - - [22/Mar/2012:08:17:05 -0700] "-" 400 0 "-" "-"
122.174.100.220 - - [22/Mar/2012:08:17:05 -0700] "-" 400 0 "-" "-"
122.174.100.220 - - [22/Mar/2012:08:17:05 -0700] "-" 400 0 "-" "-"
122.174.100.220 - - [22/Mar/2012:08:17:05 -0700] "-" 400 0 "-" "-"
117.193.69.42 - - [22/Mar/2012:08:17:10 -0700] "-" 400 0 "-" "-"
122.174.100.220 - - [22/Mar/2012:08:17:25 -0700] "-" 400 0 "-" "-"
122.174.100.220 - - [22/Mar/2012:08:17:25 -0700] "-" 400 0 "-" "-"
122.174.100.220 - - [22/Mar/2012:08:17:25 -0700] "-" 400 0 "-" "-"
122.174.100.220 - - [22/Mar/2012:08:17:25 -0700] "-" 400 0 "-" "-"
122.174.100.220 - - [22/Mar/2012:08:17:25 -0700] "-" 400 0 "-" "-"
122.174.100.220 - - [22/Mar/2012:08:17:45 -0700] "-" 400 0 "-" "-"
122.174.100.220 - - [22/Mar/2012:08:17:45 -0700] "-" 400 0 "-" "-"
122.174.100.220 - - [22/Mar/2012:08:17:45 -0700] "-" 400 0 "-" "-"
122.174.100.220 - - [22/Mar/2012:08:17:45 -0700] "-" 400 0 "-" "-"
122.174.100.220 - - [22/Mar/2012:08:17:45 -0700] "-" 400 0 "-" "-"
122.174.100.220 - - [22/Mar/2012:08:18:05 -0700] "-" 400 0 "-" "-"
122.174.100.220 - - [22/Mar/2012:08:18:05 -0700] "-" 400 0 "-" "-"
122.174.100.220 - - [22/Mar/2012:08:18:05 -0700] "-" 400 0 "-" "-"
122.174.100.220 - - [22/Mar/2012:08:18:05 -0700] "-" 400 0 "-" "-"
122.174.100.220 - - [22/Mar/2012:08:18:05 -0700] "-" 400 0 "-" "-"
117.193.142.190 - - [22/Mar/2012:08:18:43 -0700] "-" 400 0 "-" "-"
117.193.142.190 - - [22/Mar/2012:08:18:43 -0700] "-" 400 0 "-" "-"
117.193.142.190 - - [22/Mar/2012:08:18:43 -0700] "-" 400 0 "-" "-"
117.193.142.190 - - [22/Mar/2012:08:18:43 -0700] "-" 400 0 "-" "-"
122.174.100.220 - - [22/Mar/2012:08:19:05 -0700] "-" 400 0 "-" "-"
122.174.100.220 - - [22/Mar/2012:08:19:05 -0700] "-" 400 0 "-" "-"
122.174.100.220 - - [22/Mar/2012:08:19:05 -0700] "-" 400 0 "-" "-"
122.174.100.220 - - [22/Mar/2012:08:19:05 -0700] "-" 400 0 "-" "-"
122.174.100.220 - - [22/Mar/2012:08:19:35 -0700] "-" 400 0 "-" "-"
122.174.100.220 - - [22/Mar/2012:08:19:35 -0700] "-" 400 0 "-" "-"
122.174.100.220 - - [22/Mar/2012:08:19:35 -0700] "-" 400 0 "-" "-"
122.174.100.220 - - [22/Mar/2012:08:19:35 -0700] "-" 400 0 "-" "-"
122.174.100.220 - - [22/Mar/2012:08:20:05 -0700] "-" 400 0 "-" "-"
122.174.100.220 - - [22/Mar/2012:08:20:05 -0700] "-" 400 0 "-" "-"
122.174.100.220 - - [22/Mar/2012:08:20:05 -0700] "-" 400 0 "-" "-"
122.174.100.220 - - [22/Mar/2012:08:20:05 -0700] "-" 400 0 "-" "-"
122.174.100.220 - - [22/Mar/2012:08:20:15 -0700] "-" 400 0 "-" "-"
122.174.100.220 - - [22/Mar/2012:08:20:25 -0700] "-" 400 0 "-" "-"
122.174.100.220 - - [22/Mar/2012:08:20:25 -0700] "-" 400 0 "-" "-"
122.174.100.220 - - [22/Mar/2012:08:20:25 -0700] "-" 400 0 "-" "-"
122.174.100.220 - - [22/Mar/2012:08:20:25 -0700] "-" 400 0 "-" "-"
117.193.142.190 - - [22/Mar/2012:08:20:33 -0700] "-" 400 0 "-" "-"
117.193.142.190 - - [22/Mar/2012:08:20:33 -0700] "-" 400 0 "-" "-"
117.193.142.190 - - [22/Mar/2012:08:20:33 -0700] "-" 400 0 "-" "-"
117.193.142.190 - - [22/Mar/2012:08:20:33 -0700] "-" 400 0 "-" "-"
122.174.100.220 - - [22/Mar/2012:08:20:35 -0700] "-" 400 0 "-" "-"
94.23.42.135 - - [22/Mar/2012:08:20:47 -0700] "GET /robots.txt HTTP/1.0" 404 169 "-" "Mozilla/5.0 (compatible; MJ12bot/v1.4.2; http://www.majestic12.co.uk/bot.php?+)"
94.23.42.135 - - [22/Mar/2012:08:20:49 -0700] "GET / HTTP/1.0" 200 3439 "-" "Mozilla/5.0 (compatible; MJ12bot/v1.4.2; http://www.majestic12.co.uk/bot.php?+)"
122.174.100.220 - - [22/Mar/2012:08:20:55 -0700] "-" 400 0 "-" "-"
122.174.100.220 - - [22/Mar/2012:08:20:55 -0700] "-" 400 0 "-" "-"
122.174.100.220 - - [22/Mar/2012:08:20:55 -0700] "-" 400 0 "-" "-"
122.174.100.220 - - [22/Mar/2012:08:20:55 -0700] "-" 400 0 "-" "-"
122.174.100.220 - - [22/Mar/2012:08:20:55 -0700] "-" 400 0 "-" "-"
157.55.112.202 - - [22/Mar/2012:08:21:16 -0700] "-" 400 0 "-" "-"
157.55.112.202 - - [22/Mar/2012:08:21:17 -0700] "-" 400 0 "-" "-"
122.164.117.141 - - [22/Mar/2012:08:21:17 -0700] "-" 400 0 "-" "-"
157.55.112.202 - - [22/Mar/2012:08:21:17 -0700] "-" 400 0 "-" "-"
157.55.112.202 - - [22/Mar/2012:08:21:17 -0700] "-" 400 0 "-" "-"
157.55.112.202 - - [22/Mar/2012:08:21:17 -0700] "-" 400 0 "-" "-"
157.55.112.202 - - [22/Mar/2012:08:21:18 -0700] "-" 400 0 "-" "-"
