209.85.224.91 - - [13/Mar/2012:17:52:55 -0700] "GET /blog/feed HTTP/1.1" 304 0 "-" "FeedBurner/1.0 (http://www.FeedBurner.com)"
85.17.88.169 - - [13/Mar/2012:17:52:57 -0700] "POST /blog/wp-cron.php?doing_wp_cron=1331686275 HTTP/1.0" 499 0 "-" "WordPress/3.3.1; http://yuvi.in/blog"
157.55.17.146 - - [13/Mar/2012:17:52:57 -0700] "GET /blog/college-drop/ HTTP/1.1" 200 4914 "-" "Mozilla/5.0 (compatible; bingbot/2.0; +http://www.bing.com/bingbot.htm)"
67.215.230.28 - - [13/Mar/2012:17:54:22 -0700] "GET /robots.txt HTTP/1.0" 404 169 "-" "Setooz/Nutch-1.2 (http://www.setooz.com)"
67.215.230.28 - - [13/Mar/2012:17:54:22 -0700] "GET / HTTP/1.0" 200 3439 "-" "Setooz/Nutch-1.2 (http://www.setooz.com)"
67.215.230.27 - - [13/Mar/2012:17:54:25 -0700] "GET /robots.txt HTTP/1.0" 404 169 "-" "Setooz/Nutch-1.2 (http://www.setooz.com)"
67.215.230.27 - - [13/Mar/2012:17:54:25 -0700] "GET /stories HTTP/1.0" 301 185 "-" "Setooz/Nutch-1.2 (http://www.setooz.com)"
85.17.88.169 - - [13/Mar/2012:17:56:29 -0700] "POST /blog/wp-cron.php?doing_wp_cron=1331686487 HTTP/1.0" 499 0 "-" "WordPress/3.3.1; http://yuvi.in/blog"
201.34.198.89 - - [13/Mar/2012:17:56:31 -0700] "GET /blog/page/2/ HTTP/1.1" 200 76272 "-" "Mozilla/5.0 (compatible; Googlebot/2.1; +http://www.google.com/bot.html)"
209.85.224.88 - - [13/Mar/2012:18:01:02 -0700] "GET /stories/feed HTTP/1.1" 200 13653 "-" "FeedBurner/1.0 (http://www.FeedBurner.com)"
80.101.32.67 - - [13/Mar/2012:18:03:33 -0700] "GET /r/23z HTTP/1.1" 301 255 "-" "Mozilla/5.0 (iPhone; CPU iPhone OS 5_0_1 like Mac OS X) AppleWebKit/534.46 (KHTML, like Gecko) Mobile/9A405"
80.101.32.67 - - [13/Mar/2012:18:03:33 -0700] "GET /s/ta/23z/ HTTP/1.1" 302 397 "-" "Mozilla/5.0 (iPhone; CPU iPhone OS 5_0_1 like Mac OS X) AppleWebKit/534.46 (KHTML, like Gecko) Mobile/9A405"
83.82.145.33 - - [13/Mar/2012:18:03:52 -0700] "GET /robots.txt HTTP/1.0" 404 169 "-" "Mozilla/5.0 (compatible; MJ12bot/v1.4.2; http://www.majestic12.co.uk/bot.php?+)"
83.82.145.33 - - [13/Mar/2012:18:03:54 -0700] "GET / HTTP/1.0" 200 3439 "-" "Mozilla/5.0 (compatible; MJ12bot/v1.4.2; http://www.majestic12.co.uk/bot.php?+)"
85.17.88.169 - - [13/Mar/2012:18:04:00 -0700] "POST /blog/wp-cron.php?doing_wp_cron=1331686938 HTTP/1.0" 499 0 "-" "WordPress/3.3.1; http://yuvi.in/blog"
79.183.142.240 - - [13/Mar/2012:18:04:04 -0700] "GET /blog/2009/120322.blogfa.com/cat-3.aspx HTTP/1.0" 404 12272 "http://yuvi.in/blog/2009/120322.blogfa.com/cat-3.aspx" "Opera/7.54 (Windows NT 5.1; U)  [pl]"
79.183.142.240 - - [13/Mar/2012:18:04:08 -0700] "GET / HTTP/1.0" 200 3439 "http://yuvi.in/" "Opera/7.54 (Windows NT 5.1; U)  [pl]"
96.2.82.137 - - [13/Mar/2012:18:04:46 -0700] "GET /robots.txt HTTP/1.0" 404 169 "-" "Mozilla/5.0 (compatible; MJ12bot/v1.4.2; http://www.majestic12.co.uk/bot.php?+)"
96.2.82.137 - - [13/Mar/2012:18:04:49 -0700] "GET /blog/devlog-jan-2011.html HTTP/1.1" 200 10437 "-" "Mozilla/5.0 (compatible; MJ12bot/v1.4.2; http://www.majestic12.co.uk/bot.php?+)"
96.2.82.137 - - [13/Mar/2012:18:04:51 -0700] "GET /blog/enthusiastic-teachers-and-naive-implementation-of-gauss-seidel-approximations.html HTTP/1.1" 200 2928 "-" "Mozilla/5.0 (compatible; MJ12bot/v1.4.2; http://www.majestic12.co.uk/bot.php?+)"
96.2.82.137 - - [13/Mar/2012:18:04:54 -0700] "GET /blog/functional-programming-geekweekend-at-thoughtworks.html HTTP/1.1" 200 4081 "-" "Mozilla/5.0 (compatible; MJ12bot/v1.4.2; http://www.majestic12.co.uk/bot.php?+)"
96.2.82.137 - - [13/Mar/2012:18:04:56 -0700] "GET /blog/nen-first-dot-2010-what-i-learnt.html HTTP/1.1" 200 3898 "-" "Mozilla/5.0 (compatible; MJ12bot/v1.4.2; http://www.majestic12.co.uk/bot.php?+)"
96.2.82.137 - - [13/Mar/2012:18:04:58 -0700] "GET /blog/serendipity.html HTTP/1.1" 200 2419 "-" "Mozilla/5.0 (compatible; MJ12bot/v1.4.2; http://www.majestic12.co.uk/bot.php?+)"
85.17.88.169 - - [13/Mar/2012:18:10:00 -0700] "POST /blog/wp-cron.php?doing_wp_cron=1331687298 HTTP/1.0" 499 0 "-" "WordPress/3.3.1; http://yuvi.in/blog"
209.85.238.115 - - [13/Mar/2012:18:10:00 -0700] "GET /blog/feed/ HTTP/1.1" 200 6672 "-" "Feedfetcher-Google; (+http://www.google.com/feedfetcher.html; 19 subscribers; feed-id=15064232456473204253)"
122.172.6.112 - - [13/Mar/2012:18:12:20 -0700] "GET / HTTP/1.1" 200 1430 "-" "Reeder/1.5.4 CFNetwork/548.1.4 Darwin/11.0.0"
122.172.6.112 - - [13/Mar/2012:18:12:20 -0700] "GET /favicon.ico HTTP/1.1" 404 142 "-" "Reeder/1.5.4 CFNetwork/548.1.4 Darwin/11.0.0"
122.172.6.112 - - [13/Mar/2012:18:12:21 -0700] "GET / HTTP/1.1" 200 1430 "-" "Reeder/1.5.4 CFNetwork/548.1.4 Darwin/11.0.0"
122.172.6.112 - - [13/Mar/2012:18:12:21 -0700] "GET /apple-touch-icon.png HTTP/1.1" 404 142 "-" "Reeder/1.5.4 CFNetwork/548.1.4 Darwin/11.0.0"
122.172.6.112 - - [13/Mar/2012:18:12:21 -0700] "GET /apple-touch-icon-precomposed.png HTTP/1.1" 404 142 "-" "Reeder/1.5.4 CFNetwork/548.1.4 Darwin/11.0.0"
117.193.70.102 - - [13/Mar/2012:18:12:29 -0700] "-" 400 0 "-" "-"
117.193.70.102 - - [13/Mar/2012:18:12:29 -0700] "-" 400 0 "-" "-"
141.0.9.111 - - [13/Mar/2012:18:22:38 -0700] "-" 400 0 "-" "-"
85.17.88.169 - - [13/Mar/2012:18:23:02 -0700] "POST /blog/wp-cron.php?doing_wp_cron=1331688080 HTTP/1.0" 499 0 "-" "WordPress/3.3.1; http://yuvi.in/blog"
209.85.224.94 - - [13/Mar/2012:18:23:03 -0700] "GET /blog/feed HTTP/1.1" 304 0 "-" "FeedBurner/1.0 (http://www.FeedBurner.com)"
76.90.5.48 - - [13/Mar/2012:18:24:58 -0700] "GET /r/1b7i HTTP/1.1" 301 257 "http://ta.wikipedia.org/wiki/%E0%AE%9A%E0%AE%9F%E0%AF%8D%E0%AE%A9%E0%AE%BF" "Mozilla/5.0 (X11; Linux i686) AppleWebKit/535.2 (KHTML, like Gecko) Chrome/15.0.874.54 Safari/535.2"
76.90.5.48 - - [13/Mar/2012:18:24:58 -0700] "GET /s/ta/1b7i/ HTTP/1.1" 302 325 "http://ta.wikipedia.org/wiki/%E0%AE%9A%E0%AE%9F%E0%AF%8D%E0%AE%A9%E0%AE%BF" "Mozilla/5.0 (X11; Linux i686) AppleWebKit/535.2 (KHTML, like Gecko) Chrome/15.0.874.54 Safari/535.2"
14.99.70.88 - - [13/Mar/2012:18:28:01 -0700] "GET /MadamHut/r/Unassessed_India_articles HTTP/1.1" 404 211 "-" "Mozilla/5.0 (Macintosh; Intel Mac OS X 10_7_3) AppleWebKit/535.11 (KHTML, like Gecko) Chrome/17.0.963.79 Safari/535.11"
14.99.70.88 - - [13/Mar/2012:18:28:02 -0700] "GET /favicon.ico HTTP/1.1" 404 199 "-" "Mozilla/5.0 (Macintosh; Intel Mac OS X 10_7_3) AppleWebKit/535.11 (KHTML, like Gecko) Chrome/17.0.963.79 Safari/535.11"
14.99.70.88 - - [13/Mar/2012:18:28:13 -0700] "-" 400 0 "-" "-"
14.99.70.88 - - [13/Mar/2012:18:28:13 -0700] "-" 400 0 "-" "-"
14.99.70.88 - - [13/Mar/2012:18:28:13 -0700] "-" 400 0 "-" "-"
14.99.70.88 - - [13/Mar/2012:18:28:13 -0700] "-" 400 0 "-" "-"
14.99.70.88 - - [13/Mar/2012:18:28:13 -0700] "-" 400 0 "-" "-"
14.99.70.88 - - [13/Mar/2012:18:30:17 -0700] "GET /MadamHut/r/Unassessed_India_articles HTTP/1.1" 301 293 "-" "Mozilla/5.0 (Macintosh; Intel Mac OS X 10_7_3) AppleWebKit/535.11 (KHTML, like Gecko) Chrome/17.0.963.79 Safari/535.11"
14.99.70.88 - - [13/Mar/2012:18:30:17 -0700] "GET /r/Unassessed_India_articles/ HTTP/1.1" 404 199 "-" "Mozilla/5.0 (Macintosh; Intel Mac OS X 10_7_3) AppleWebKit/535.11 (KHTML, like Gecko) Chrome/17.0.963.79 Safari/535.11"
14.99.70.88 - - [13/Mar/2012:18:30:18 -0700] "GET /favicon.ico HTTP/1.1" 404 199 "-" "Mozilla/5.0 (Macintosh; Intel Mac OS X 10_7_3) AppleWebKit/535.11 (KHTML, like Gecko) Chrome/17.0.963.79 Safari/535.11"
85.17.88.169 - - [13/Mar/2012:18:30:18 -0700] "POST /blog/wp-cron.php?doing_wp_cron=1331688516 HTTP/1.0" 499 0 "-" "WordPress/3.3.1; http://yuvi.in/blog"
213.186.127.13 - - [13/Mar/2012:18:30:19 -0700] "GET /blog/2011/06/ HTTP/1.1" 200 19739 "-" "Mozilla/5.0 (compatible; AhrefsBot/2.0; +http://ahrefs.com/robot/)"
14.99.70.88 - - [13/Mar/2012:18:30:19 -0700] "GET /r/Unassessed_India_articles/ HTTP/1.1" 404 199 "-" "Mozilla/5.0 (Macintosh; Intel Mac OS X 10_7_3) AppleWebKit/535.11 (KHTML, like Gecko) Chrome/17.0.963.79 Safari/535.11"
14.99.70.88 - - [13/Mar/2012:18:30:20 -0700] "GET /favicon.ico HTTP/1.1" 404 199 "-" "Mozilla/5.0 (Macintosh; Intel Mac OS X 10_7_3) AppleWebKit/535.11 (KHTML, like Gecko) Chrome/17.0.963.79 Safari/535.11"
14.99.70.88 - - [13/Mar/2012:18:30:33 -0700] "-" 400 0 "-" "-"
14.99.70.88 - - [13/Mar/2012:18:30:33 -0700] "-" 400 0 "-" "-"
14.99.70.88 - - [13/Mar/2012:18:30:33 -0700] "-" 400 0 "-" "-"
14.99.70.88 - - [13/Mar/2012:18:30:33 -0700] "-" 400 0 "-" "-"
14.99.70.88 - - [13/Mar/2012:18:30:33 -0700] "-" 400 0 "-" "-"
14.99.70.88 - - [13/Mar/2012:18:30:47 -0700] "GET /r/Unassessed_India_articles/ HTTP/1.1" 404 199 "-" "Mozilla/5.0 (Macintosh; Intel Mac OS X 10_7_3) AppleWebKit/535.11 (KHTML, like Gecko) Chrome/17.0.963.79 Safari/535.11"
14.99.70.88 - - [13/Mar/2012:18:30:48 -0700] "GET /favicon.ico HTTP/1.1" 404 199 "-" "Mozilla/5.0 (Macintosh; Intel Mac OS X 10_7_3) AppleWebKit/535.11 (KHTML, like Gecko) Chrome/17.0.963.79 Safari/535.11"
14.99.70.88 - - [13/Mar/2012:18:30:52 -0700] "GET /MadamHut/r/Unassessed_India_articles HTTP/1.1" 404 199 "-" "Mozilla/5.0 (Macintosh; Intel Mac OS X 10_7_3) AppleWebKit/535.11 (KHTML, like Gecko) Chrome/17.0.963.79 Safari/535.11"
14.99.70.88 - - [13/Mar/2012:18:30:53 -0700] "GET /favicon.ico HTTP/1.1" 404 199 "-" "Mozilla/5.0 (Macintosh; Intel Mac OS X 10_7_3) AppleWebKit/535.11 (KHTML, like Gecko) Chrome/17.0.963.79 Safari/535.11"
14.99.70.88 - - [13/Mar/2012:18:30:56 -0700] "GET /MadamHut/r/Unassessed_India_articles HTTP/1.1" 404 199 "-" "Mozilla/5.0 (Macintosh; Intel Mac OS X 10_7_3) AppleWebKit/535.11 (KHTML, like Gecko) Chrome/17.0.963.79 Safari/535.11"
14.99.70.88 - - [13/Mar/2012:18:30:56 -0700] "GET /favicon.ico HTTP/1.1" 404 199 "-" "Mozilla/5.0 (Macintosh; Intel Mac OS X 10_7_3) AppleWebKit/535.11 (KHTML, like Gecko) Chrome/17.0.963.79 Safari/535.11"
14.99.70.88 - - [13/Mar/2012:18:31:02 -0700] "-" 400 0 "-" "-"
14.99.70.88 - - [13/Mar/2012:18:31:03 -0700] "-" 400 0 "-" "-"
14.99.70.88 - - [13/Mar/2012:18:31:03 -0700] "-" 400 0 "-" "-"
14.99.70.88 - - [13/Mar/2012:18:31:03 -0700] "-" 400 0 "-" "-"
14.99.70.88 - - [13/Mar/2012:18:31:03 -0700] "-" 400 0 "-" "-"
14.99.70.88 - - [13/Mar/2012:18:31:20 -0700] "GET /MadamHut/r/Unassessed_India_articles HTTP/1.1" 404 199 "-" "Mozilla/5.0 (Macintosh; Intel Mac OS X 10_7_3) AppleWebKit/535.11 (KHTML, like Gecko) Chrome/17.0.963.79 Safari/535.11"
14.99.70.88 - - [13/Mar/2012:18:31:21 -0700] "GET /favicon.ico HTTP/1.1" 404 199 "-" "Mozilla/5.0 (Macintosh; Intel Mac OS X 10_7_3) AppleWebKit/535.11 (KHTML, like Gecko) Chrome/17.0.963.79 Safari/535.11"
94.228.34.209 - - [13/Mar/2012:18:31:22 -0700] "GET /robots.txt HTTP/1.1" 404 142 "-" "magpie-crawler/1.1 (U; Linux amd64; en-GB; +http://www.brandwatch.net)"
94.228.34.209 - - [13/Mar/2012:18:31:22 -0700] "GET /blog/serendipity.html HTTP/1.1" 304 0 "-" "magpie-crawler/1.1 (U; Linux amd64; en-GB; +http://www.brandwatch.net)"
14.99.70.88 - - [13/Mar/2012:18:31:25 -0700] "GET /MadamHut/r/Unassessed_India_articles HTTP/1.1" 404 199 "-" "Mozilla/5.0 (Macintosh; Intel Mac OS X 10_7_3) AppleWebKit/535.11 (KHTML, like Gecko) Chrome/17.0.963.79 Safari/535.11"
14.99.70.88 - - [13/Mar/2012:18:31:26 -0700] "GET /favicon.ico HTTP/1.1" 404 199 "-" "Mozilla/5.0 (Macintosh; Intel Mac OS X 10_7_3) AppleWebKit/535.11 (KHTML, like Gecko) Chrome/17.0.963.79 Safari/535.11"
14.99.70.88 - - [13/Mar/2012:18:31:57 -0700] "GET /MadamHut/r/Unassessed_India_articlesd HTTP/1.1" 404 199 "-" "Mozilla/5.0 (Macintosh; Intel Mac OS X 10_7_3) AppleWebKit/535.11 (KHTML, like Gecko) Chrome/17.0.963.79 Safari/535.11"
14.99.70.88 - - [13/Mar/2012:18:31:57 -0700] "GET /favicon.ico HTTP/1.1" 404 199 "-" "Mozilla/5.0 (Macintosh; Intel Mac OS X 10_7_3) AppleWebKit/535.11 (KHTML, like Gecko) Chrome/17.0.963.79 Safari/535.11"
14.99.70.88 - - [13/Mar/2012:18:31:59 -0700] "GET /MadamHut/r/Unassessed_India_articles HTTP/1.1" 404 199 "-" "Mozilla/5.0 (Macintosh; Intel Mac OS X 10_7_3) AppleWebKit/535.11 (KHTML, like Gecko) Chrome/17.0.963.79 Safari/535.11"
14.99.70.88 - - [13/Mar/2012:18:31:59 -0700] "GET /favicon.ico HTTP/1.1" 404 199 "-" "Mozilla/5.0 (Macintosh; Intel Mac OS X 10_7_3) AppleWebKit/535.11 (KHTML, like Gecko) Chrome/17.0.963.79 Safari/535.11"
85.17.88.169 - - [13/Mar/2012:18:32:58 -0700] "POST /blog/wp-cron.php?doing_wp_cron=1331688676 HTTP/1.0" 499 0 "-" "WordPress/3.3.1; http://yuvi.in/blog"
100.43.83.144 - - [13/Mar/2012:18:32:59 -0700] "GET /blog/category/code/ HTTP/1.1" 200 12265 "-" "Mozilla/5.0 (compatible; YandexBot/3.0; +http://yandex.com/bots)"
14.99.70.88 - - [13/Mar/2012:18:33:03 -0700] "GET /MadamHut/r/Unassessed_India_articles/ HTTP/1.1" 404 199 "-" "Mozilla/5.0 (Macintosh; Intel Mac OS X 10_7_3) AppleWebKit/535.11 (KHTML, like Gecko) Chrome/17.0.963.79 Safari/535.11"
14.99.70.88 - - [13/Mar/2012:18:33:03 -0700] "GET /favicon.ico HTTP/1.1" 404 199 "-" "Mozilla/5.0 (Macintosh; Intel Mac OS X 10_7_3) AppleWebKit/535.11 (KHTML, like Gecko) Chrome/17.0.963.79 Safari/535.11"
14.99.70.88 - - [13/Mar/2012:18:34:12 -0700] "GET /MadamHut/r/Unassessed_India_articles/ HTTP/1.1" 302 267 "-" "Mozilla/5.0 (Macintosh; Intel Mac OS X 10_7_3) AppleWebKit/535.11 (KHTML, like Gecko) Chrome/17.0.963.79 Safari/535.11"
14.99.70.88 - - [13/Mar/2012:18:34:16 -0700] "GET /MadamHut/r/Unassessed_India_articles/ HTTP/1.1" 302 281 "-" "Mozilla/5.0 (Macintosh; Intel Mac OS X 10_7_3) AppleWebKit/535.11 (KHTML, like Gecko) Chrome/17.0.963.79 Safari/535.11"
14.99.70.88 - - [13/Mar/2012:18:34:19 -0700] "-" 400 0 "-" "-"
174.129.237.157 - - [13/Mar/2012:18:35:58 -0700] "GET /robots.txt HTTP/1.0" 404 238 "-" "ia_archiver (+http://www.alexa.com/site/help/webmasters; crawler@alexa.com)"
174.129.237.157 - - [13/Mar/2012:18:35:58 -0700] "GET /s/ta/0 HTTP/1.0" 301 251 "-" "ia_archiver (+http://www.alexa.com/site/help/webmasters; crawler@alexa.com)"
174.129.237.157 - - [13/Mar/2012:18:35:58 -0700] "GET /s/ta/0/ HTTP/1.0" 502 173 "-" "ia_archiver (+http://www.alexa.com/site/help/webmasters; crawler@alexa.com)"
85.17.88.169 - - [13/Mar/2012:18:36:51 -0700] "POST /blog/wp-cron.php?doing_wp_cron=1331688909 HTTP/1.0" 499 0 "-" "WordPress/3.3.1; http://yuvi.in/blog"
180.76.5.93 - - [13/Mar/2012:18:36:52 -0700] "GET /blog/2009/07/04/ HTTP/1.1" 200 5708 "-" "Mozilla/5.0 (compatible; Baiduspider/2.0; +http://www.baidu.com/search/spider.html)"
193.164.138.85 - - [13/Mar/2012:18:37:03 -0700] "GET /blog/sicp-and-brainfuck.html HTTP/1.1" 200 5955 "-" "Zemanta Aggregator/0.7 +http://www.zemanta.com"
184.154.48.82 - - [13/Mar/2012:18:37:23 -0700] "GET /robots.txt HTTP/1.0" 404 169 "-" "Mozilla/5.0 (compatible; MJ12bot/v1.4.2; http://www.majestic12.co.uk/bot.php?+)"
184.154.48.82 - - [13/Mar/2012:18:37:25 -0700] "GET / HTTP/1.0" 200 3439 "-" "Mozilla/5.0 (compatible; MJ12bot/v1.4.2; http://www.majestic12.co.uk/bot.php?+)"
85.17.88.169 - - [13/Mar/2012:18:37:52 -0700] "POST /blog/wp-cron.php?doing_wp_cron=1331688969 HTTP/1.0" 499 0 "-" "WordPress/3.3.1; http://yuvi.in/blog"
209.85.238.115 - - [13/Mar/2012:18:37:52 -0700] "GET /blog/feed HTTP/1.1" 301 0 "-" "Feedfetcher-Google; (+http://www.google.com/feedfetcher.html; 3 subscribers; feed-id=17684830852112633560)"
209.85.238.115 - - [13/Mar/2012:18:37:53 -0700] "GET /blog/feed/ HTTP/1.1" 200 6691 "-" "Feedfetcher-Google; (+http://www.google.com/feedfetcher.html; 3 subscribers; feed-id=17684830852112633560)"
207.46.13.101 - - [13/Mar/2012:18:39:14 -0700] "GET /robots.txt HTTP/1.1" 404 169 "-" "Mozilla/5.0 (compatible; bingbot/2.0; +http://www.bing.com/bingbot.htm)"
220.181.108.78 - - [13/Mar/2012:18:39:55 -0700] "GET / HTTP/1.1" 200 3439 "-" "Mozilla/5.0 (compatible; Baiduspider/2.0; +http://www.baidu.com/search/spider.html)"
69.171.234.5 - - [13/Mar/2012:18:46:45 -0700] "GET /r/1573 HTTP/1.1" 301 257 "-" "facebookexternalhit/1.1 (+http://www.facebook.com/externalhit_uatext.php)"
69.171.234.1 - - [13/Mar/2012:18:46:46 -0700] "GET /s/ta/1573/ HTTP/1.1" 302 489 "-" "facebookexternalhit/1.1 (+http://www.facebook.com/externalhit_uatext.php)"
85.17.88.169 - - [13/Mar/2012:18:52:25 -0700] "POST /blog/wp-cron.php?doing_wp_cron=1331689843 HTTP/1.0" 499 0 "-" "WordPress/3.3.1; http://yuvi.in/blog"
208.115.111.68 - - [13/Mar/2012:18:52:26 -0700] "GET /blog/room-full-of-people-like-me/ HTTP/1.1" 200 17021 "-" "Mozilla/5.0 (compatible; Ezooms/1.0; ezooms.bot@gmail.com)"
85.17.88.169 - - [13/Mar/2012:18:52:32 -0700] "POST /blog/wp-cron.php?doing_wp_cron=1331689850 HTTP/1.0" 499 0 "-" "WordPress/3.3.1; http://yuvi.in/blog"
208.115.111.68 - - [13/Mar/2012:18:52:33 -0700] "GET /blog/tag/crap/feed/ HTTP/1.1" 200 848 "-" "Mozilla/5.0 (compatible; Ezooms/1.0; ezooms.bot@gmail.com)"
208.115.111.68 - - [13/Mar/2012:18:52:37 -0700] "GET /blog/tag/goals.html HTTP/1.1" 200 5391 "-" "Mozilla/5.0 (compatible; Ezooms/1.0; ezooms.bot@gmail.com)"
85.17.88.169 - - [13/Mar/2012:18:53:11 -0700] "POST /blog/wp-cron.php?doing_wp_cron=1331689889 HTTP/1.0" 499 0 "-" "WordPress/3.3.1; http://yuvi.in/blog"
209.85.224.89 - - [13/Mar/2012:18:53:11 -0700] "GET /blog/feed HTTP/1.1" 304 0 "-" "FeedBurner/1.0 (http://www.FeedBurner.com)"
85.17.88.169 - - [13/Mar/2012:18:54:00 -0700] "POST /blog/wp-cron.php?doing_wp_cron=1331689937 HTTP/1.0" 499 0 "-" "WordPress/3.3.1; http://yuvi.in/blog"
208.115.113.84 - - [13/Mar/2012:18:54:00 -0700] "GET /blog/tag/link/feed/ HTTP/1.1" 200 9945 "-" "Mozilla/5.0 (compatible; Ezooms/1.0; ezooms.bot@gmail.com)"
208.115.113.84 - - [13/Mar/2012:18:54:06 -0700] "GET /blog/gstreamer-101-at-gnome-asia-2011.html HTTP/1.1" 200 5753 "-" "Mozilla/5.0 (compatible; Ezooms/1.0; ezooms.bot@gmail.com)"
85.17.88.169 - - [13/Mar/2012:18:54:09 -0700] "POST /blog/wp-cron.php?doing_wp_cron=1331689947 HTTP/1.0" 499 0 "-" "WordPress/3.3.1; http://yuvi.in/blog"
208.115.113.84 - - [13/Mar/2012:18:54:09 -0700] "GET /blog/my-involvement-in-novelrace.html HTTP/1.1" 200 6162 "-" "Mozilla/5.0 (compatible; Ezooms/1.0; ezooms.bot@gmail.com)"
208.115.113.84 - - [13/Mar/2012:18:54:10 -0700] "GET /blog/lessons-learnt-from-working-with-the-symposium/ HTTP/1.1" 200 17025 "-" "Mozilla/5.0 (compatible; Ezooms/1.0; ezooms.bot@gmail.com)"
85.17.88.169 - - [13/Mar/2012:18:54:15 -0700] "POST /blog/wp-cron.php?doing_wp_cron=1331689953 HTTP/1.0" 499 0 "-" "WordPress/3.3.1; http://yuvi.in/blog"
208.115.113.84 - - [13/Mar/2012:18:54:15 -0700] "GET /blog/note-present-future-self-pre-book-travel-tickets/ HTTP/1.1" 200 20753 "-" "Mozilla/5.0 (compatible; Ezooms/1.0; ezooms.bot@gmail.com)"
85.17.88.169 - - [13/Mar/2012:18:54:21 -0700] "POST /blog/wp-cron.php?doing_wp_cron=1331689958 HTTP/1.0" 499 0 "-" "WordPress/3.3.1; http://yuvi.in/blog"
208.115.113.84 - - [13/Mar/2012:18:54:21 -0700] "GET /blog/tag/bigotry/ HTTP/1.1" 200 17022 "-" "Mozilla/5.0 (compatible; Ezooms/1.0; ezooms.bot@gmail.com)"
117.193.70.123 - - [13/Mar/2012:18:54:24 -0700] "-" 400 0 "-" "-"
85.17.88.169 - - [13/Mar/2012:18:57:20 -0700] "POST /blog/wp-cron.php?doing_wp_cron=1331690137 HTTP/1.0" 499 0 "-" "WordPress/3.3.1; http://yuvi.in/blog"
157.55.16.230 - - [13/Mar/2012:18:57:20 -0700] "GET /blog/category/personal/page/2/ HTTP/1.1" 200 11965 "-" "Mozilla/5.0 (compatible; bingbot/2.0; +http://www.bing.com/bingbot.htm)"
209.85.224.91 - - [13/Mar/2012:19:01:05 -0700] "GET /stories/feed HTTP/1.1" 200 13653 "-" "FeedBurner/1.0 (http://www.FeedBurner.com)"
209.85.238.115 - - [13/Mar/2012:19:01:29 -0700] "GET /blog/feed/ HTTP/1.1" 200 6685 "-" "Feedfetcher-Google; (+http://www.google.com/feedfetcher.html; 19 subscribers; feed-id=15064232456473204253)"
123.236.169.163 - - [13/Mar/2012:19:05:07 -0700] "GET /MadamHut/r/Unassessed_India_articles/ HTTP/1.1" 302 383 "-" "Mozilla/5.0 (Windows NT 6.1; rv:10.0.2) Gecko/20100101 Firefox/10.0.2"
123.236.169.163 - - [13/Mar/2012:19:05:12 -0700] "-" 400 0 "-" "-"
85.17.88.169 - - [13/Mar/2012:19:06:24 -0700] "POST /blog/wp-cron.php?doing_wp_cron=1331690681 HTTP/1.0" 499 0 "-" "WordPress/3.3.1; http://yuvi.in/blog"
66.249.67.123 - - [13/Mar/2012:19:06:24 -0700] "GET /blog/category/code/page/5/ HTTP/1.1" 200 10595 "-" "Mozilla/5.0 (compatible; Googlebot/2.1; +http://www.google.com/bot.html)"
207.46.12.70 - - [13/Mar/2012:19:08:47 -0700] "-" 400 0 "-" "-"
207.46.12.70 - - [13/Mar/2012:19:08:47 -0700] "-" 400 0 "-" "-"
207.46.12.70 - - [13/Mar/2012:19:08:47 -0700] "-" 400 0 "-" "-"
207.46.12.70 - - [13/Mar/2012:19:08:48 -0700] "-" 400 0 "-" "-"
207.46.12.70 - - [13/Mar/2012:19:08:48 -0700] "-" 400 0 "-" "-"
207.46.12.70 - - [13/Mar/2012:19:08:48 -0700] "-" 400 0 "-" "-"
207.46.12.70 - - [13/Mar/2012:19:08:48 -0700] "-" 400 0 "-" "-"
207.46.12.70 - - [13/Mar/2012:19:08:48 -0700] "-" 400 0 "-" "-"
207.46.12.70 - - [13/Mar/2012:19:09:10 -0700] "-" 400 0 "-" "-"
207.46.12.70 - - [13/Mar/2012:19:09:16 -0700] "-" 400 0 "-" "-"
207.46.12.70 - - [13/Mar/2012:19:09:17 -0700] "-" 400 0 "-" "-"
117.193.72.157 - - [13/Mar/2012:19:09:45 -0700] "-" 400 0 "-" "-"
117.193.159.144 - - [13/Mar/2012:19:11:53 -0700] "-" 400 0 "-" "-"
122.164.157.87 - - [13/Mar/2012:19:13:19 -0700] "-" 400 0 "-" "-"
122.164.157.87 - - [13/Mar/2012:19:13:19 -0700] "-" 400 0 "-" "-"
122.164.157.87 - - [13/Mar/2012:19:13:19 -0700] "-" 400 0 "-" "-"
122.164.157.87 - - [13/Mar/2012:19:13:19 -0700] "-" 400 0 "-" "-"
122.164.157.87 - - [13/Mar/2012:19:13:19 -0700] "-" 400 0 "-" "-"
122.164.157.87 - - [13/Mar/2012:19:13:19 -0700] "-" 400 0 "-" "-"
122.164.157.87 - - [13/Mar/2012:19:14:39 -0700] "-" 400 0 "-" "-"
122.164.157.87 - - [13/Mar/2012:19:14:39 -0700] "-" 400 0 "-" "-"
122.164.157.87 - - [13/Mar/2012:19:14:39 -0700] "-" 400 0 "-" "-"
85.17.88.169 - - [13/Mar/2012:19:15:06 -0700] "POST /blog/wp-cron.php?doing_wp_cron=1331691203 HTTP/1.0" 499 0 "-" "WordPress/3.3.1; http://yuvi.in/blog"
101.226.33.190 - - [13/Mar/2012:19:15:06 -0700] "GET /blog/feed HTTP/1.0" 304 0 "-" "Mozilla/4.0 (compatible; Windows;)"
122.164.157.87 - - [13/Mar/2012:19:15:09 -0700] "-" 400 0 "-" "-"
122.164.157.87 - - [13/Mar/2012:19:15:09 -0700] "-" 400 0 "-" "-"
118.102.195.2 - - [13/Mar/2012:19:15:57 -0700] "-" 400 0 "-" "-"
122.164.157.87 - - [13/Mar/2012:19:15:59 -0700] "-" 400 0 "-" "-"
85.17.88.169 - - [13/Mar/2012:19:17:49 -0700] "POST /blog/wp-cron.php?doing_wp_cron=1331691367 HTTP/1.0" 499 0 "-" "WordPress/3.3.1; http://yuvi.in/blog"
94.228.34.212 - - [13/Mar/2012:19:17:50 -0700] "GET /blog/ HTTP/1.1" 200 10128 "-" "magpie-crawler/1.1 (U; Linux amd64; en-GB; +http://www.brandwatch.net)"
85.17.88.169 - - [13/Mar/2012:19:18:04 -0700] "POST /blog/wp-cron.php?doing_wp_cron=1331691382 HTTP/1.0" 499 0 "-" "WordPress/3.3.1; http://yuvi.in/blog"
122.175.166.112 - - [13/Mar/2012:19:18:05 -0700] "GET /blog/page/3/ HTTP/1.1" 200 16753 "http://yuvi.in/blog/page/2/" "Mozilla/5.0 (X11; Linux x86_64) AppleWebKit/534.30 (KHTML, like Gecko) Chrome/12.0.742.124 Safari/534.30"
122.175.166.112 - - [13/Mar/2012:19:18:21 -0700] "GET /favicon.ico HTTP/1.1" 404 199 "-" "Mozilla/5.0 (X11; Linux x86_64) AppleWebKit/534.30 (KHTML, like Gecko) Chrome/12.0.742.124 Safari/534.30"
115.184.3.165 - - [13/Mar/2012:19:18:55 -0700] "-" 400 0 "-" "-"
115.184.3.165 - - [13/Mar/2012:19:20:44 -0700] "-" 400 0 "-" "-"
115.184.3.165 - - [13/Mar/2012:19:20:44 -0700] "-" 400 0 "-" "-"
115.184.3.165 - - [13/Mar/2012:19:20:44 -0700] "-" 400 0 "-" "-"
115.184.3.165 - - [13/Mar/2012:19:21:04 -0700] "-" 400 0 "-" "-"
85.17.88.169 - - [13/Mar/2012:19:23:20 -0700] "POST /blog/wp-cron.php?doing_wp_cron=1331691697 HTTP/1.0" 499 0 "-" "WordPress/3.3.1; http://yuvi.in/blog"
209.85.224.86 - - [13/Mar/2012:19:23:20 -0700] "GET /blog/feed HTTP/1.1" 304 0 "-" "FeedBurner/1.0 (http://www.FeedBurner.com)"
93.185.177.68 - - [13/Mar/2012:19:23:52 -0700] "GET /favicon.ico HTTP/1.1" 404 142 "-" "Reeder/2.5.4 CFNetwork/548.1.4 Darwin/11.0.0"
93.185.177.68 - - [13/Mar/2012:19:23:52 -0700] "GET / HTTP/1.1" 200 1430 "-" "Reeder/2.5.4 CFNetwork/548.1.4 Darwin/11.0.0"
93.185.177.68 - - [13/Mar/2012:19:23:52 -0700] "GET /apple-touch-icon.png HTTP/1.1" 404 142 "-" "Reeder/2.5.4 CFNetwork/548.1.4 Darwin/11.0.0"
93.185.177.68 - - [13/Mar/2012:19:23:52 -0700] "GET /apple-touch-icon-precomposed.png HTTP/1.1" 404 142 "-" "Reeder/2.5.4 CFNetwork/548.1.4 Darwin/11.0.0"
87.198.12.45 - - [13/Mar/2012:19:24:36 -0700] "GET /overpass?data=%0A++++%0A++++++++node(53.39212330367018%2C+-6.380503177642822%2C+53.39401706450317%2C+-6.375010013580322)%3B%0A++++%0A++++out+meta%3B%0A HTTP/1.1" 200 64528 "http://yuvi.in/POSM/" "Mozilla/5.0 (iPad; CPU OS 5_1 like Mac OS X) AppleWebKit/534.46 (KHTML, like Gecko) Version/5.1 Mobile/9B176 Safari/7534.48.3"
87.198.12.45 - - [13/Mar/2012:19:24:36 -0700] "GET /overpass?data=%0A++++%0A++++++++node(53.39212330367018%2C+-6.380503177642822%2C+53.39401706450317%2C+-6.375010013580322)%3B%0A++++%0A++++out+meta%3B%0A HTTP/1.1" 200 64536 "http://yuvi.in/POSM/" "Mozilla/5.0 (iPad; CPU OS 5_1 like Mac OS X) AppleWebKit/534.46 (KHTML, like Gecko) Version/5.1 Mobile/9B176 Safari/7534.48.3"
87.198.12.45 - - [13/Mar/2012:19:24:40 -0700] "GET /overpass?data=%0A++++%0A++++++++node(53.3917138307896%2C+-6.37981653213501%2C+53.39442651522612%2C+-6.375696659088134)%3B%0A++++%0A++++out+meta%3B%0A HTTP/1.1" 200 63935 "http://yuvi.in/POSM/" "Mozilla/5.0 (iPad; CPU OS 5_1 like Mac OS X) AppleWebKit/534.46 (KHTML, like Gecko) Version/5.1 Mobile/9B176 Safari/7534.48.3"
87.198.12.45 - - [13/Mar/2012:19:24:57 -0700] "GET /POSM/ HTTP/1.1" 200 1914 "-" "Mozilla/5.0 (iPad; CPU OS 5_1 like Mac OS X) AppleWebKit/534.46 (KHTML, like Gecko) Version/5.1 Mobile/9B176 Safari/7534.48.3"
87.198.12.45 - - [13/Mar/2012:19:24:57 -0700] "GET /POSM/lib/phonegap.js HTTP/1.1" 304 0 "http://yuvi.in/POSM/" "Mozilla/5.0 (iPad; CPU OS 5_1 like Mac OS X) AppleWebKit/534.46 (KHTML, like Gecko) Version/5.1 Mobile/9B176 Safari/7534.48.3"
87.198.12.45 - - [13/Mar/2012:19:24:57 -0700] "GET /POSM/lib/leaflet/leaflet.css HTTP/1.1" 304 0 "http://yuvi.in/POSM/" "Mozilla/5.0 (iPad; CPU OS 5_1 like Mac OS X) AppleWebKit/534.46 (KHTML, like Gecko) Version/5.1 Mobile/9B176 Safari/7534.48.3"
87.198.12.45 - - [13/Mar/2012:19:24:58 -0700] "GET /POSM/lib/jquery.mobile-1.0.1.css HTTP/1.1" 304 0 "http://yuvi.in/POSM/" "Mozilla/5.0 (iPad; CPU OS 5_1 like Mac OS X) AppleWebKit/534.46 (KHTML, like Gecko) Version/5.1 Mobile/9B176 Safari/7534.48.3"
87.198.12.45 - - [13/Mar/2012:19:24:58 -0700] "GET /POSM/lib/jquery.mobile.structure-1.0.1.css HTTP/1.1" 304 0 "http://yuvi.in/POSM/" "Mozilla/5.0 (iPad; CPU OS 5_1 like Mac OS X) AppleWebKit/534.46 (KHTML, like Gecko) Version/5.1 Mobile/9B176 Safari/7534.48.3"
87.198.12.45 - - [13/Mar/2012:19:24:58 -0700] "GET /POSM/style.css HTTP/1.1" 304 0 "http://yuvi.in/POSM/" "Mozilla/5.0 (iPad; CPU OS 5_1 like Mac OS X) AppleWebKit/534.46 (KHTML, like Gecko) Version/5.1 Mobile/9B176 Safari/7534.48.3"
87.198.12.45 - - [13/Mar/2012:19:24:58 -0700] "GET /POSM/lib/underscore.js HTTP/1.1" 304 0 "http://yuvi.in/POSM/" "Mozilla/5.0 (iPad; CPU OS 5_1 like Mac OS X) AppleWebKit/534.46 (KHTML, like Gecko) Version/5.1 Mobile/9B176 Safari/7534.48.3"
87.198.12.45 - - [13/Mar/2012:19:24:58 -0700] "GET /POSM/lib/jquery.timeago.js HTTP/1.1" 304 0 "http://yuvi.in/POSM/" "Mozilla/5.0 (iPad; CPU OS 5_1 like Mac OS X) AppleWebKit/534.46 (KHTML, like Gecko) Version/5.1 Mobile/9B176 Safari/7534.48.3"
87.198.12.45 - - [13/Mar/2012:19:24:58 -0700] "GET /POSM/lib/jquery-1.7.1.min.js HTTP/1.1" 304 0 "http://yuvi.in/POSM/" "Mozilla/5.0 (iPad; CPU OS 5_1 like Mac OS X) AppleWebKit/534.46 (KHTML, like Gecko) Version/5.1 Mobile/9B176 Safari/7534.48.3"
87.198.12.45 - - [13/Mar/2012:19:24:58 -0700] "GET /POSM/lib/jquery.mobile-1.0.1.js HTTP/1.1" 304 0 "http://yuvi.in/POSM/" "Mozilla/5.0 (iPad; CPU OS 5_1 like Mac OS X) AppleWebKit/534.46 (KHTML, like Gecko) Version/5.1 Mobile/9B176 Safari/7534.48.3"
87.198.12.45 - - [13/Mar/2012:19:24:58 -0700] "GET /POSM/js/tapbar.js HTTP/1.1" 304 0 "http://yuvi.in/POSM/" "Mozilla/5.0 (iPad; CPU OS 5_1 like Mac OS X) AppleWebKit/534.46 (KHTML, like Gecko) Version/5.1 Mobile/9B176 Safari/7534.48.3"
87.198.12.45 - - [13/Mar/2012:19:24:58 -0700] "GET /POSM/lib/templates.js HTTP/1.1" 304 0 "http://yuvi.in/POSM/" "Mozilla/5.0 (iPad; CPU OS 5_1 like Mac OS X) AppleWebKit/534.46 (KHTML, like Gecko) Version/5.1 Mobile/9B176 Safari/7534.48.3"
87.198.12.45 - - [13/Mar/2012:19:24:58 -0700] "GET /POSM/lib/leaflet/leaflet-src.js HTTP/1.1" 304 0 "http://yuvi.in/POSM/" "Mozilla/5.0 (iPad; CPU OS 5_1 like Mac OS X) AppleWebKit/534.46 (KHTML, like Gecko) Version/5.1 Mobile/9B176 Safari/7534.48.3"
87.198.12.45 - - [13/Mar/2012:19:24:58 -0700] "GET /POSM/js/poimanager.js HTTP/1.1" 304 0 "http://yuvi.in/POSM/" "Mozilla/5.0 (iPad; CPU OS 5_1 like Mac OS X) AppleWebKit/534.46 (KHTML, like Gecko) Version/5.1 Mobile/9B176 Safari/7534.48.3"
87.198.12.45 - - [13/Mar/2012:19:24:58 -0700] "GET /POSM/js/changesets.js HTTP/1.1" 304 0 "http://yuvi.in/POSM/" "Mozilla/5.0 (iPad; CPU OS 5_1 like Mac OS X) AppleWebKit/534.46 (KHTML, like Gecko) Version/5.1 Mobile/9B176 Safari/7534.48.3"
87.198.12.45 - - [13/Mar/2012:19:24:58 -0700] "GET /POSM/zoomData.js HTTP/1.1" 200 1573 "http://yuvi.in/POSM/" "Mozilla/5.0 (iPad; CPU OS 5_1 like Mac OS X) AppleWebKit/534.46 (KHTML, like Gecko) Version/5.1 Mobile/9B176 Safari/7534.48.3"
87.198.12.45 - - [13/Mar/2012:19:24:59 -0700] "GET /POSM/js/curpos.js HTTP/1.1" 304 0 "http://yuvi.in/POSM/" "Mozilla/5.0 (iPad; CPU OS 5_1 like Mac OS X) AppleWebKit/534.46 (KHTML, like Gecko) Version/5.1 Mobile/9B176 Safari/7534.48.3"
87.198.12.45 - - [13/Mar/2012:19:24:59 -0700] "GET /POSM/js/poi.js HTTP/1.1" 304 0 "http://yuvi.in/POSM/" "Mozilla/5.0 (iPad; CPU OS 5_1 like Mac OS X) AppleWebKit/534.46 (KHTML, like Gecko) Version/5.1 Mobile/9B176 Safari/7534.48.3"
87.198.12.45 - - [13/Mar/2012:19:24:59 -0700] "GET /POSM/js/main.js HTTP/1.1" 304 0 "http://yuvi.in/POSM/" "Mozilla/5.0 (iPad; CPU OS 5_1 like Mac OS X) AppleWebKit/534.46 (KHTML, like Gecko) Version/5.1 Mobile/9B176 Safari/7534.48.3"
87.198.12.45 - - [13/Mar/2012:19:24:59 -0700] "GET /POSM/img/refresh.png HTTP/1.1" 304 0 "http://yuvi.in/POSM/" "Mozilla/5.0 (iPad; CPU OS 5_1 like Mac OS X) AppleWebKit/534.46 (KHTML, like Gecko) Version/5.1 Mobile/9B176 Safari/7534.48.3"
87.198.12.45 - - [13/Mar/2012:19:24:59 -0700] "GET /POSM/img/save.png HTTP/1.1" 404 142 "http://yuvi.in/POSM/" "Mozilla/5.0 (iPad; CPU OS 5_1 like Mac OS X) AppleWebKit/534.46 (KHTML, like Gecko) Version/5.1 Mobile/9B176 Safari/7534.48.3"
87.198.12.45 - - [13/Mar/2012:19:24:59 -0700] "GET /POSM/img/preferences.png HTTP/1.1" 304 0 "http://yuvi.in/POSM/" "Mozilla/5.0 (iPad; CPU OS 5_1 like Mac OS X) AppleWebKit/534.46 (KHTML, like Gecko) Version/5.1 Mobile/9B176 Safari/7534.48.3"
87.198.12.45 - - [13/Mar/2012:19:24:59 -0700] "GET /POSM/img/mylocation.png HTTP/1.1" 304 0 "http://yuvi.in/POSM/" "Mozilla/5.0 (iPad; CPU OS 5_1 like Mac OS X) AppleWebKit/534.46 (KHTML, like Gecko) Version/5.1 Mobile/9B176 Safari/7534.48.3"
87.198.12.45 - - [13/Mar/2012:19:24:59 -0700] "GET /POSM/img/back.png HTTP/1.1" 304 0 "http://yuvi.in/POSM/" "Mozilla/5.0 (iPad; CPU OS 5_1 like Mac OS X) AppleWebKit/534.46 (KHTML, like Gecko) Version/5.1 Mobile/9B176 Safari/7534.48.3"
87.198.12.45 - - [13/Mar/2012:19:25:00 -0700] "GET /POSM/lib/images/ajax-loader.png HTTP/1.1" 304 0 "http://yuvi.in/POSM/" "Mozilla/5.0 (iPad; CPU OS 5_1 like Mac OS X) AppleWebKit/534.46 (KHTML, like Gecko) Version/5.1 Mobile/9B176 Safari/7534.48.3"
180.76.5.93 - - [13/Mar/2012:19:25:07 -0700] "GET / HTTP/1.1" 304 0 "-" "Mozilla/5.0 (compatible; Baiduspider/2.0; +http://www.baidu.com/search/spider.html)"
87.198.12.45 - - [13/Mar/2012:19:25:11 -0700] "GET /overpass?data=%0A++++%0A++++++++node(53.39165304932313%2C+-6.3791245222091675%2C+53.3943657376334%2C+-6.3750046491622925)%3B%0A++++%0A++++out+meta%3B%0A HTTP/1.1" 200 73709 "http://yuvi.in/POSM/" "Mozilla/5.0 (iPad; CPU OS 5_1 like Mac OS X) AppleWebKit/534.46 (KHTML, like Gecko) Version/5.1 Mobile/9B176 Safari/7534.48.3"
87.198.12.45 - - [13/Mar/2012:19:25:11 -0700] "GET /overpass?data=%0A++++%0A++++++++node(53.39165304932313%2C+-6.3791245222091675%2C+53.3943657376334%2C+-6.3750046491622925)%3B%0A++++%0A++++out+meta%3B%0A HTTP/1.1" 200 73701 "http://yuvi.in/POSM/" "Mozilla/5.0 (iPad; CPU OS 5_1 like Mac OS X) AppleWebKit/534.46 (KHTML, like Gecko) Version/5.1 Mobile/9B176 Safari/7534.48.3"
207.46.204.162 - - [13/Mar/2012:19:25:19 -0700] "-" 400 0 "-" "-"
87.198.12.45 - - [13/Mar/2012:19:25:20 -0700] "GET /overpass?data=%0A++++%0A++++++++node(53.39021986117321%2C+-6.381833553314209%2C+53.39564524758129%2C+-6.373593807220459)%3B%0A++++%0A++++out+meta%3B%0A HTTP/1.1" 200 160371 "http://yuvi.in/POSM/" "Mozilla/5.0 (iPad; CPU OS 5_1 like Mac OS X) AppleWebKit/534.46 (KHTML, like Gecko) Version/5.1 Mobile/9B176 Safari/7534.48.3"
207.46.204.162 - - [13/Mar/2012:19:25:20 -0700] "-" 400 0 "-" "-"
207.46.204.162 - - [13/Mar/2012:19:25:20 -0700] "-" 400 0 "-" "-"
207.46.204.162 - - [13/Mar/2012:19:25:21 -0700] "-" 400 0 "-" "-"
207.46.204.162 - - [13/Mar/2012:19:25:21 -0700] "-" 400 0 "-" "-"
207.46.204.162 - - [13/Mar/2012:19:25:21 -0700] "-" 400 0 "-" "-"
207.46.204.162 - - [13/Mar/2012:19:25:21 -0700] "-" 400 0 "-" "-"
207.46.204.162 - - [13/Mar/2012:19:25:21 -0700] "-" 400 0 "-" "-"
207.46.204.162 - - [13/Mar/2012:19:25:22 -0700] "-" 400 0 "-" "-"
207.46.204.162 - - [13/Mar/2012:19:25:22 -0700] "-" 400 0 "-" "-"
87.198.12.45 - - [13/Mar/2012:19:25:27 -0700] "GET /overpass?data=%0A++++%0A++++++++node(53.39151868998397%2C+-6.379462480545044%2C+53.39423138685728%2C+-6.375342607498169)%3B%0A++++%0A++++out+meta%3B%0A HTTP/1.1" 200 72497 "http://yuvi.in/POSM/" "Mozilla/5.0 (iPad; CPU OS 5_1 like Mac OS X) AppleWebKit/534.46 (KHTML, like Gecko) Version/5.1 Mobile/9B176 Safari/7534.48.3"
87.198.12.45 - - [13/Mar/2012:19:25:56 -0700] "GET /overpass?data=%0A++++%0A++++++++node(53.39151868998397%2C+-6.379462480545044%2C+53.39423138685728%2C+-6.375342607498169)%3B%0A++++%0A++++out+meta%3B%0A HTTP/1.1" 200 72497 "http://yuvi.in/POSM/" "Mozilla/5.0 (iPad; CPU OS 5_1 like Mac OS X) AppleWebKit/534.46 (KHTML, like Gecko) Version/5.1 Mobile/9B176 Safari/7534.48.3"
87.198.12.45 - - [13/Mar/2012:19:26:07 -0700] "GET /overpass?data=%0A++++%0A++++++++node(53.39151868998397%2C+-6.379462480545044%2C+53.39423138685728%2C+-6.375342607498169)%3B%0A++++%0A++++out+meta%3B%0A HTTP/1.1" 200 72505 "http://yuvi.in/POSM/" "Mozilla/5.0 (iPad; CPU OS 5_1 like Mac OS X) AppleWebKit/534.46 (KHTML, like Gecko) Version/5.1 Mobile/9B176 Safari/7534.48.3"
207.46.204.162 - - [13/Mar/2012:19:26:11 -0700] "-" 400 0 "-" "-"
87.198.12.45 - - [13/Mar/2012:19:28:25 -0700] "GET /overpass?data=%0A++++%0A++++++++node(53.39192816474184%2C+-6.3801491260528564%2C+53.393821934257105%2C+-6.3746559619903564)%3B%0A++++%0A++++out+meta%3B%0A HTTP/1.1" 200 63192 "http://yuvi.in/POSM/" "Mozilla/5.0 (iPad; CPU OS 5_1 like Mac OS X) AppleWebKit/534.46 (KHTML, like Gecko) Version/5.1 Mobile/9B176 Safari/7534.48.3"
87.198.12.45 - - [13/Mar/2012:19:28:26 -0700] "GET /overpass?data=%0A++++%0A++++++++node(53.39192816474184%2C+-6.3801491260528564%2C+53.393821934257105%2C+-6.3746559619903564)%3B%0A++++%0A++++out+meta%3B%0A HTTP/1.1" 200 63200 "http://yuvi.in/POSM/" "Mozilla/5.0 (iPad; CPU OS 5_1 like Mac OS X) AppleWebKit/534.46 (KHTML, like Gecko) Version/5.1 Mobile/9B176 Safari/7534.48.3"
85.17.88.169 - - [13/Mar/2012:19:29:00 -0700] "POST /blog/wp-cron.php?doing_wp_cron=1331692037 HTTP/1.0" 499 0 "-" "WordPress/3.3.1; http://yuvi.in/blog"
180.76.5.93 - - [13/Mar/2012:19:29:01 -0700] "GET /blog/cheese-gsoc-report-week-2/ HTTP/1.1" 200 5217 "-" "Mozilla/5.0 (compatible; Baiduspider/2.0; +http://www.baidu.com/search/spider.html)"
87.198.12.45 - - [13/Mar/2012:19:29:05 -0700] "GET /overpass?data=%0A++++%0A++++++++node(53.39177461216928%2C+-6.379462480545044%2C+53.39397547944376%2C+-6.375342607498169)%3B%0A++++%0A++++out+meta%3B%0A HTTP/1.1" 200 64273 "http://yuvi.in/POSM/" "Mozilla/5.0 (iPad; CPU OS 5_1 like Mac OS X) AppleWebKit/534.46 (KHTML, like Gecko) Version/5.1 Mobile/9B176 Safari/7534.48.3"
87.198.12.45 - - [13/Mar/2012:19:29:22 -0700] "GET /overpass?data=%0A++++%0A++++++++node(53.39192816474184%2C+-6.3801491260528564%2C+53.393821934257105%2C+-6.3746559619903564)%3B%0A++++%0A++++out+meta%3B%0A HTTP/1.1" 200 63192 "http://yuvi.in/POSM/" "Mozilla/5.0 (iPad; CPU OS 5_1 like Mac OS X) AppleWebKit/534.46 (KHTML, like Gecko) Version/5.1 Mobile/9B176 Safari/7534.48.3"
87.198.12.45 - - [13/Mar/2012:19:29:23 -0700] "GET /overpass?data=%0A++++%0A++++++++node(53.39192816474184%2C+-6.3801491260528564%2C+53.393821934257105%2C+-6.3746559619903564)%3B%0A++++%0A++++out+meta%3B%0A HTTP/1.1" 200 63208 "http://yuvi.in/POSM/" "Mozilla/5.0 (iPad; CPU OS 5_1 like Mac OS X) AppleWebKit/534.46 (KHTML, like Gecko) Version/5.1 Mobile/9B176 Safari/7534.48.3"
87.198.12.45 - - [13/Mar/2012:19:29:24 -0700] "GET /overpass?data=%0A++++%0A++++++++node(53.39177461216928%2C+-6.379462480545044%2C+53.39397547944376%2C+-6.375342607498169)%3B%0A++++%0A++++out+meta%3B%0A HTTP/1.1" 200 64281 "http://yuvi.in/POSM/" "Mozilla/5.0 (iPad; CPU OS 5_1 like Mac OS X) AppleWebKit/534.46 (KHTML, like Gecko) Version/5.1 Mobile/9B176 Safari/7534.48.3"
87.198.12.45 - - [13/Mar/2012:19:29:38 -0700] "GET /overpass?data=%0A++++%0A++++++++node(53.39192816474184%2C+-6.3801491260528564%2C+53.393821934257105%2C+-6.3746559619903564)%3B%0A++++%0A++++out+meta%3B%0A HTTP/1.1" 200 63200 "http://yuvi.in/POSM/" "Mozilla/5.0 (iPad; CPU OS 5_1 like Mac OS X) AppleWebKit/534.46 (KHTML, like Gecko) Version/5.1 Mobile/9B176 Safari/7534.48.3"
87.198.12.45 - - [13/Mar/2012:19:29:38 -0700] "GET /overpass?data=%0A++++%0A++++++++node(53.39177461216928%2C+-6.379462480545044%2C+53.39397547944376%2C+-6.375342607498169)%3B%0A++++%0A++++out+meta%3B%0A HTTP/1.1" 200 64265 "http://yuvi.in/POSM/" "Mozilla/5.0 (iPad; CPU OS 5_1 like Mac OS X) AppleWebKit/534.46 (KHTML, like Gecko) Version/5.1 Mobile/9B176 Safari/7534.48.3"
87.198.12.45 - - [13/Mar/2012:19:29:38 -0700] "GET /overpass?data=%0A++++%0A++++++++node(53.39192816474184%2C+-6.3801491260528564%2C+53.393821934257105%2C+-6.3746559619903564)%3B%0A++++%0A++++out+meta%3B%0A HTTP/1.1" 200 63200 "http://yuvi.in/POSM/" "Mozilla/5.0 (iPad; CPU OS 5_1 like Mac OS X) AppleWebKit/534.46 (KHTML, like Gecko) Version/5.1 Mobile/9B176 Safari/7534.48.3"
85.17.88.169 - - [13/Mar/2012:19:30:36 -0700] "POST /blog/wp-cron.php?doing_wp_cron=1331692133 HTTP/1.0" 499 0 "-" "WordPress/3.3.1; http://yuvi.in/blog"
85.17.88.169 - - [13/Mar/2012:19:30:36 -0700] "POST /blog/wp-cron.php?doing_wp_cron=1331692134 HTTP/1.0" 499 0 "-" "WordPress/3.3.1; http://yuvi.in/blog"
207.46.13.101 - - [13/Mar/2012:19:30:37 -0700] "GET /blog/the-fridge-at-interviewstreet-office/ HTTP/1.1" 200 4986 "-" "Mozilla/5.0 (compatible; bingbot/2.0; +http://www.bing.com/bingbot.htm)"
207.46.13.101 - - [13/Mar/2012:19:30:37 -0700] "GET /blog/2011/02/ HTTP/1.1" 200 6450 "-" "Mozilla/5.0 (compatible; bingbot/2.0; +http://www.bing.com/bingbot.htm)"
208.80.153.192 - - [13/Mar/2012:19:31:12 -0700] "GET /MadamHut/r/Unassessed_India_articles/ HTTP/1.1" 302 385 "-" "LinkSaver/2.0"
208.80.153.192 - - [13/Mar/2012:19:31:13 -0700] "HEAD /MadamHut/r/Unassessed_India_articles/ HTTP/1.1" 302 0 "-" "LinkParser/2.0"
207.46.204.214 - - [13/Mar/2012:19:35:51 -0700] "-" 400 0 "-" "-"
207.46.204.214 - - [13/Mar/2012:19:35:51 -0700] "-" 400 0 "-" "-"
207.46.204.214 - - [13/Mar/2012:19:35:53 -0700] "-" 400 0 "-" "-"
207.46.204.214 - - [13/Mar/2012:19:35:53 -0700] "-" 400 0 "-" "-"
207.46.204.214 - - [13/Mar/2012:19:35:53 -0700] "-" 400 0 "-" "-"
207.46.204.214 - - [13/Mar/2012:19:35:53 -0700] "-" 400 0 "-" "-"
207.46.204.214 - - [13/Mar/2012:19:35:53 -0700] "-" 400 0 "-" "-"
207.46.204.214 - - [13/Mar/2012:19:35:53 -0700] "-" 400 0 "-" "-"
207.46.204.214 - - [13/Mar/2012:19:35:53 -0700] "-" 400 0 "-" "-"
207.46.204.214 - - [13/Mar/2012:19:35:53 -0700] "-" 400 0 "-" "-"
207.46.204.214 - - [13/Mar/2012:19:36:12 -0700] "-" 400 0 "-" "-"
141.0.8.41 - - [13/Mar/2012:19:37:14 -0700] "-" 400 0 "-" "-"
116.197.7.64 - - [13/Mar/2012:19:39:00 -0700] "GET /s/ta/23z/ HTTP/1.1" 302 397 "-" "Mozilla/5.0 (iPhone; CPU iPhone OS 5_0_1 like Mac OS X) AppleWebKit/534.46 (KHTML, like Gecko) Mobile/9A405"
85.17.88.169 - - [13/Mar/2012:19:45:42 -0700] "POST /blog/wp-cron.php?doing_wp_cron=1331693040 HTTP/1.0" 499 0 "-" "WordPress/3.3.1; http://yuvi.in/blog"
209.85.238.115 - - [13/Mar/2012:19:45:43 -0700] "GET /blog/feed HTTP/1.1" 301 0 "-" "Feedfetcher-Google; (+http://www.google.com/feedfetcher.html; 3 subscribers; feed-id=17684830852112633560)"
85.17.88.169 - - [13/Mar/2012:19:45:45 -0700] "POST /blog/wp-cron.php?doing_wp_cron=1331693042 HTTP/1.0" 499 0 "-" "WordPress/3.3.1; http://yuvi.in/blog"
209.85.238.115 - - [13/Mar/2012:19:45:45 -0700] "GET /blog/feed/ HTTP/1.1" 304 0 "-" "Feedfetcher-Google; (+http://www.google.com/feedfetcher.html; 3 subscribers; feed-id=17684830852112633560)"
112.135.28.181 - - [13/Mar/2012:19:46:33 -0700] "GET /r/1am HTTP/1.1" 301 255 "http://ta.wikipedia.org/wiki/%E0%AE%B5%E0%AE%BF%E0%AE%95%E0%AF%8D%E0%AE%95%E0%AE%BF%E0%AE%AA%E0%AF%8D%E0%AE%AA%E0%AF%80%E0%AE%9F%E0%AE%BF%E0%AE%AF%E0%AE%BE:%E0%AE%AE%E0%AE%A3%E0%AE%B2%E0%AF%8D%E0%AE%A4%E0%AF%8A%E0%AE%9F%E0%AF%8D%E0%AE%9F%E0%AE%BF" "Mozilla/5.0 (Windows NT 6.1) AppleWebKit/535.11 (KHTML, like Gecko) Chrome/17.0.963.79 Safari/535.11"
112.135.28.181 - - [13/Mar/2012:19:46:34 -0700] "GET /s/ta/1am/ HTTP/1.1" 302 555 "http://ta.wikipedia.org/wiki/%E0%AE%B5%E0%AE%BF%E0%AE%95%E0%AF%8D%E0%AE%95%E0%AE%BF%E0%AE%AA%E0%AF%8D%E0%AE%AA%E0%AF%80%E0%AE%9F%E0%AE%BF%E0%AE%AF%E0%AE%BE:%E0%AE%AE%E0%AE%A3%E0%AE%B2%E0%AF%8D%E0%AE%A4%E0%AF%8A%E0%AE%9F%E0%AF%8D%E0%AE%9F%E0%AE%BF" "Mozilla/5.0 (Windows NT 6.1) AppleWebKit/535.11 (KHTML, like Gecko) Chrome/17.0.963.79 Safari/535.11"
112.135.28.181 - - [13/Mar/2012:19:46:44 -0700] "-" 400 0 "-" "-"
122.164.162.59 - - [13/Mar/2012:19:47:20 -0700] "-" 400 0 "-" "-"
117.193.146.242 - - [13/Mar/2012:19:48:05 -0700] "-" 400 0 "-" "-"
117.193.146.242 - - [13/Mar/2012:19:48:08 -0700] "-" 400 0 "-" "-"
109.230.244.146 - - [13/Mar/2012:19:49:14 -0700] "GET /blog/devlog-april-2011.html HTTP/1.0" 200 12560 "http://yuvi.in/blog/devlog-april-2011.html" "Mozilla/5.0 (X11; U; Linux i686; it-IT; rv:1.9.0.2) Gecko/2008092313 Ubuntu/9.25 (jaunty) Firefox/3.8"
85.17.88.169 - - [13/Mar/2012:19:49:15 -0700] "POST /blog/wp-cron.php?doing_wp_cron=1331693252 HTTP/1.0" 499 0 "-" "WordPress/3.3.1; http://yuvi.in/blog"
85.17.88.169 - - [13/Mar/2012:19:49:15 -0700] "POST /blog/wp-cron.php?doing_wp_cron=1331693252 HTTP/1.0" 499 0 "-" "WordPress/3.3.1; http://yuvi.in/blog"
85.17.88.169 - - [13/Mar/2012:19:49:15 -0700] "POST /blog/wp-cron.php?doing_wp_cron=1331693252 HTTP/1.0" 499 0 "-" "WordPress/3.3.1; http://yuvi.in/blog"
85.17.88.169 - - [13/Mar/2012:19:49:15 -0700] "POST /blog/wp-cron.php?doing_wp_cron=1331693252 HTTP/1.0" 499 0 "-" "WordPress/3.3.1; http://yuvi.in/blog"
85.17.88.169 - - [13/Mar/2012:19:49:15 -0700] "POST /blog/wp-cron.php?doing_wp_cron=1331693252 HTTP/1.0" 499 0 "-" "WordPress/3.3.1; http://yuvi.in/blog"
109.230.244.146 - - [13/Mar/2012:19:49:16 -0700] "GET /blog/devlog-may-2011/&sa=U&ei=pHInT-OhMqW02AX97ZTqAg&ved=0CLQDEJgBMFg&usg=AFQjCNE2-PJZo7VxBEYGOyAro89i9LNA2Q HTTP/1.0" 404 12272 "http://yuvi.in/blog/devlog-may-2011/&sa=U&ei=pHInT-OhMqW02AX97ZTqAg&ved=0CLQDEJgBMFg&usg=AFQjCNE2-PJZo7VxBEYGOyAro89i9LNA2Q" "Mozilla/5.0 (Windows; U; Windows NT 5.1; en-US; rv:1.9.0.14) Gecko/2009082707 Firefox/3.0.14 (.NET CLR 3.5.30729)"
109.230.244.146 - - [13/Mar/2012:19:49:16 -0700] "GET /blog/devlog-april-2011.html&sa=U&ei=83EnT_7COuzy2gWah5HlAg&ved=0CC0QmAEwAw&usg=AFQjCNGYGI3UqolA27YbTutb5pwGE5UopQ HTTP/1.0" 404 12272 "http://yuvi.in/blog/devlog-april-2011.html&sa=U&ei=83EnT_7COuzy2gWah5HlAg&ved=0CC0QmAEwAw&usg=AFQjCNGYGI3UqolA27YbTutb5pwGE5UopQ" "Mozilla/5.0 (Windows; U; Windows NT 5.1; de; rv:1.9.1.3) Gecko/20090824 Firefox/3.5.3 (.NET CLR 3.5.30729)"
109.230.244.146 - - [13/Mar/2012:19:49:16 -0700] "GET /blog/devlog-mar-2011.html&sa=U&ei=KXAnT_CQBqrm2QWIjcnhAg&ved=0CNwBEJgBMCk4ZA&usg=AFQjCNG4FlYBjo1ogiNz1lJcKhx7uETi0g HTTP/1.0" 404 12272 "http://yuvi.in/blog/devlog-mar-2011.html&sa=U&ei=KXAnT_CQBqrm2QWIjcnhAg&ved=0CNwBEJgBMCk4ZA&usg=AFQjCNG4FlYBjo1ogiNz1lJcKhx7uETi0g" "Mozilla/5.0 (Windows; U; Windows NT 6.1; en-GB; rv:1.9.1.3) Gecko/20090824 Firefox/3.5.3"
109.230.244.146 - - [13/Mar/2012:19:49:16 -0700] "GET /blog/devlog-april-2011/ HTTP/1.0" 200 23553 "http://yuvi.in/blog/devlog-april-2011/" "Mozilla/5.0 (Windows; U; Windows NT 5.1; de; rv:1.9.1.3) Gecko/20090824 Firefox/3.5.3 (.NET CLR 3.5.30729)"
109.230.244.146 - - [13/Mar/2012:19:49:16 -0700] "GET /blog/devlog-december-5-2011/ HTTP/1.0" 200 17970 "http://yuvi.in/blog/devlog-december-5-2011/" "Mozilla/4.0 (compatible; MSIE 7.0; Windows NT 5.1; .NET CLR 1.1.4322; .NET CLR 2.0.50727; .NET CLR 3.0.04506.30)"
220.181.108.155 - - [13/Mar/2012:19:49:26 -0700] "GET /blog/work-life-balance.html HTTP/1.1" 304 0 "-" "Mozilla/5.0 (compatible; Baiduspider/2.0; +http://www.baidu.com/search/spider.html)"
193.164.138.85 - - [13/Mar/2012:19:50:08 -0700] "GET /blog/orwell-and-huxley.html HTTP/1.1" 200 5580 "-" "Zemanta Aggregator/0.7 +http://www.zemanta.com"
14.99.43.71 - - [13/Mar/2012:19:50:23 -0700] "-" 400 0 "-" "-"
122.178.18.74 - - [13/Mar/2012:19:50:55 -0700] "-" 400 0 "-" "-"
122.178.18.74 - - [13/Mar/2012:19:50:55 -0700] "-" 400 0 "-" "-"
207.46.204.168 - - [13/Mar/2012:19:51:28 -0700] "-" 400 0 "-" "-"
207.46.204.168 - - [13/Mar/2012:19:51:28 -0700] "-" 400 0 "-" "-"
207.46.204.168 - - [13/Mar/2012:19:51:28 -0700] "-" 400 0 "-" "-"
207.46.204.168 - - [13/Mar/2012:19:51:28 -0700] "-" 400 0 "-" "-"
207.46.204.168 - - [13/Mar/2012:19:51:28 -0700] "-" 400 0 "-" "-"
207.46.204.168 - - [13/Mar/2012:19:51:28 -0700] "-" 400 0 "-" "-"
207.46.204.168 - - [13/Mar/2012:19:51:28 -0700] "-" 400 0 "-" "-"
207.46.204.168 - - [13/Mar/2012:19:51:29 -0700] "-" 400 0 "-" "-"
207.46.204.168 - - [13/Mar/2012:19:51:29 -0700] "-" 400 0 "-" "-"
207.46.204.168 - - [13/Mar/2012:19:51:29 -0700] "-" 400 0 "-" "-"
207.46.204.168 - - [13/Mar/2012:19:52:03 -0700] "-" 400 0 "-" "-"
14.99.43.71 - - [13/Mar/2012:19:53:23 -0700] "-" 400 0 "-" "-"
85.17.88.169 - - [13/Mar/2012:19:53:27 -0700] "POST /blog/wp-cron.php?doing_wp_cron=1331693504 HTTP/1.0" 499 0 "-" "WordPress/3.3.1; http://yuvi.in/blog"
209.85.224.97 - - [13/Mar/2012:19:53:27 -0700] "GET /blog/feed HTTP/1.1" 304 0 "-" "FeedBurner/1.0 (http://www.FeedBurner.com)"
85.17.88.169 - - [13/Mar/2012:19:54:34 -0700] "POST /blog/wp-cron.php?doing_wp_cron=1331693571 HTTP/1.0" 499 0 "-" "WordPress/3.3.1; http://yuvi.in/blog"
66.249.67.123 - - [13/Mar/2012:19:54:34 -0700] "GET /blog/2012/02/ HTTP/1.1" 200 4410 "-" "Mozilla/5.0 (compatible; Googlebot/2.1; +http://www.google.com/bot.html)"
85.17.88.169 - - [13/Mar/2012:19:55:40 -0700] "POST /blog/wp-cron.php?doing_wp_cron=1331693638 HTTP/1.0" 499 0 "-" "WordPress/3.3.1; http://yuvi.in/blog"
209.85.238.115 - - [13/Mar/2012:19:55:41 -0700] "GET /blog/feed/ HTTP/1.1" 304 0 "-" "Feedfetcher-Google; (+http://www.google.com/feedfetcher.html; 19 subscribers; feed-id=15064232456473204253)"
14.99.70.88 - - [13/Mar/2012:19:57:50 -0700] "GET /POSM/ HTTP/1.1" 200 1963 "-" "Mozilla/5.0 (Macintosh; Intel Mac OS X 10_7_3) AppleWebKit/535.11 (KHTML, like Gecko) Chrome/17.0.963.79 Safari/535.11"
14.99.70.88 - - [13/Mar/2012:19:57:51 -0700] "GET /POSM/creds.js HTTP/1.1" 200 89 "http://yuvi.in/POSM/" "Mozilla/5.0 (Macintosh; Intel Mac OS X 10_7_3) AppleWebKit/535.11 (KHTML, like Gecko) Chrome/17.0.963.79 Safari/535.11"
14.99.70.88 - - [13/Mar/2012:19:57:51 -0700] "GET /POSM/style.css HTTP/1.1" 304 0 "http://yuvi.in/POSM/" "Mozilla/5.0 (Macintosh; Intel Mac OS X 10_7_3) AppleWebKit/535.11 (KHTML, like Gecko) Chrome/17.0.963.79 Safari/535.11"
14.99.70.88 - - [13/Mar/2012:19:57:51 -0700] "GET /POSM/lib/TileLayer.Bing.js HTTP/1.1" 200 5317 "http://yuvi.in/POSM/" "Mozilla/5.0 (Macintosh; Intel Mac OS X 10_7_3) AppleWebKit/535.11 (KHTML, like Gecko) Chrome/17.0.963.79 Safari/535.11"
14.99.70.88 - - [13/Mar/2012:19:57:52 -0700] "GET /POSM/js/changesets.js HTTP/1.1" 304 0 "http://yuvi.in/POSM/" "Mozilla/5.0 (Macintosh; Intel Mac OS X 10_7_3) AppleWebKit/535.11 (KHTML, like Gecko) Chrome/17.0.963.79 Safari/535.11"
14.99.70.88 - - [13/Mar/2012:19:57:52 -0700] "GET /POSM/js/main.js HTTP/1.1" 200 8948 "http://yuvi.in/POSM/" "Mozilla/5.0 (Macintosh; Intel Mac OS X 10_7_3) AppleWebKit/535.11 (KHTML, like Gecko) Chrome/17.0.963.79 Safari/535.11"
14.99.70.88 - - [13/Mar/2012:19:57:53 -0700] "GET /POSM/img/mapmode.png HTTP/1.1" 404 199 "http://yuvi.in/POSM/" "Mozilla/5.0 (Macintosh; Intel Mac OS X 10_7_3) AppleWebKit/535.11 (KHTML, like Gecko) Chrome/17.0.963.79 Safari/535.11"
14.99.70.88 - - [13/Mar/2012:19:57:53 -0700] "GET /POSM/img/save.png HTTP/1.1" 404 199 "http://yuvi.in/POSM/" "Mozilla/5.0 (Macintosh; Intel Mac OS X 10_7_3) AppleWebKit/535.11 (KHTML, like Gecko) Chrome/17.0.963.79 Safari/535.11"
14.99.70.88 - yuvipanda@gmail.com [13/Mar/2012:19:57:54 -0700] "POST /osm/api/0.6/changeset/create HTTP/1.1" 200 28 "http://yuvi.in/POSM/" "Mozilla/5.0 (Macintosh; Intel Mac OS X 10_7_3) AppleWebKit/535.11 (KHTML, like Gecko) Chrome/17.0.963.79 Safari/535.11"
14.99.70.88 - - [13/Mar/2012:19:57:55 -0700] "GET /favicon.ico HTTP/1.1" 404 199 "-" "Mozilla/5.0 (Macintosh; Intel Mac OS X 10_7_3) AppleWebKit/535.11 (KHTML, like Gecko) Chrome/17.0.963.79 Safari/535.11"
