117.202.131.156 - - [04/Apr/2012:09:11:34 -0700] "-" 400 0 "-" "-"
117.202.131.156 - - [04/Apr/2012:09:11:34 -0700] "-" 400 0 "-" "-"
117.202.131.156 - - [04/Apr/2012:09:11:34 -0700] "-" 400 0 "-" "-"
184.191.224.10 - - [04/Apr/2012:09:11:43 -0700] "GET / HTTP/1.1" 200 1430 "-" "Caffeinated/1.1.1 CFNetwork/520.3.2 Darwin/11.3.0 (x86_64) (MacBookPro8%2C1)"
184.191.224.10 - - [04/Apr/2012:09:11:43 -0700] "GET /favicon.ico HTTP/1.1" 404 142 "-" "Caffeinated/1.1.1 CFNetwork/520.3.2 Darwin/11.3.0 (x86_64) (MacBookPro8%2C1)"
184.191.224.10 - - [04/Apr/2012:09:12:10 -0700] "GET / HTTP/1.1" 200 1430 "-" "Caffeinated/1.1.1 CFNetwork/520.3.2 Darwin/11.3.0 (x86_64) (MacBookPro8%2C1)"
184.191.224.10 - - [04/Apr/2012:09:12:10 -0700] "GET /favicon.ico HTTP/1.1" 404 142 "-" "Caffeinated/1.1.1 CFNetwork/520.3.2 Darwin/11.3.0 (x86_64) (MacBookPro8%2C1)"
203.153.223.80 - - [04/Apr/2012:09:12:38 -0700] "GET /r/2hd HTTP/1.1" 301 255 "http://ta.wikipedia.org/wiki/%E0%AE%B0%E0%AF%87%E0%AE%B5%E0%AE%A4%E0%AE%BF_(%E0%AE%A8%E0%AE%9F%E0%AE%BF%E0%AE%95%E0%AF%88)" "Mozilla/5.0 (Windows NT 5.1; rv:5.0) Gecko/20100101 Firefox/5.0"
203.153.223.80 - - [04/Apr/2012:09:12:39 -0700] "GET /s/ta/2hd/ HTTP/1.1" 302 397 "http://ta.wikipedia.org/wiki/%E0%AE%B0%E0%AF%87%E0%AE%B5%E0%AE%A4%E0%AE%BF_(%E0%AE%A8%E0%AE%9F%E0%AE%BF%E0%AE%95%E0%AF%88)" "Mozilla/5.0 (Windows NT 5.1; rv:5.0) Gecko/20100101 Firefox/5.0"
69.171.228.248 - - [04/Apr/2012:09:12:46 -0700] "GET /r/3g7 HTTP/1.1" 301 255 "-" "facebookexternalhit/1.1 (+http://www.facebook.com/externalhit_uatext.php)"
69.171.228.244 - - [04/Apr/2012:09:12:46 -0700] "GET /s/ta/3g7/ HTTP/1.1" 302 465 "-" "facebookexternalhit/1.1 (+http://www.facebook.com/externalhit_uatext.php)"
14.96.168.91 - - [04/Apr/2012:09:13:01 -0700] "-" 400 0 "-" "-"
184.191.224.10 - - [04/Apr/2012:09:13:08 -0700] "GET / HTTP/1.1" 200 1430 "-" "Caffeinated/1.1.1 CFNetwork/520.3.2 Darwin/11.3.0 (x86_64) (MacBookPro8%2C1)"
184.191.224.10 - - [04/Apr/2012:09:13:08 -0700] "GET /favicon.ico HTTP/1.1" 404 142 "-" "Caffeinated/1.1.1 CFNetwork/520.3.2 Darwin/11.3.0 (x86_64) (MacBookPro8%2C1)"
117.193.141.155 - - [04/Apr/2012:09:13:14 -0700] "-" 400 0 "-" "-"
117.193.141.155 - - [04/Apr/2012:09:13:14 -0700] "-" 400 0 "-" "-"
117.193.141.155 - - [04/Apr/2012:09:13:14 -0700] "-" 400 0 "-" "-"
117.193.141.155 - - [04/Apr/2012:09:13:14 -0700] "-" 400 0 "-" "-"
117.193.141.155 - - [04/Apr/2012:09:13:14 -0700] "-" 400 0 "-" "-"
117.193.141.155 - - [04/Apr/2012:09:13:14 -0700] "-" 400 0 "-" "-"
59.161.181.57 - - [04/Apr/2012:09:13:16 -0700] "GET /r/340n HTTP/1.1" 301 257 "http://in.mc1931.mail.yahoo.com/mc/welcome?.gx=1&.tm=1333555451&.rand=2uhh75ufc49sd" "Mozilla/5.0 (Windows NT 5.1) AppleWebKit/535.21 (KHTML, like Gecko) Chrome/19.0.1041.0 Safari/535.21"
59.161.181.57 - - [04/Apr/2012:09:13:17 -0700] "GET /s/ta/340n/ HTTP/1.1" 302 897 "http://in.mc1931.mail.yahoo.com/mc/welcome?.gx=1&.tm=1333555451&.rand=2uhh75ufc49sd" "Mozilla/5.0 (Windows NT 5.1) AppleWebKit/535.21 (KHTML, like Gecko) Chrome/19.0.1041.0 Safari/535.21"
117.193.141.155 - - [04/Apr/2012:09:13:34 -0700] "-" 400 0 "-" "-"
59.161.181.57 - - [04/Apr/2012:09:13:35 -0700] "-" 400 0 "-" "-"
184.191.224.10 - - [04/Apr/2012:09:13:40 -0700] "GET / HTTP/1.1" 200 1430 "-" "Caffeinated/1.1.1 CFNetwork/520.3.2 Darwin/11.3.0 (x86_64) (MacBookPro8%2C1)"
184.191.224.10 - - [04/Apr/2012:09:13:40 -0700] "GET /favicon.ico HTTP/1.1" 404 142 "-" "Caffeinated/1.1.1 CFNetwork/520.3.2 Darwin/11.3.0 (x86_64) (MacBookPro8%2C1)"
184.191.224.10 - - [04/Apr/2012:09:14:32 -0700] "GET / HTTP/1.1" 200 1430 "-" "Caffeinated/1.1.1 CFNetwork/520.3.2 Darwin/11.3.0 (x86_64) (MacBookPro8%2C1)"
184.191.224.10 - - [04/Apr/2012:09:14:33 -0700] "GET /favicon.ico HTTP/1.1" 404 142 "-" "Caffeinated/1.1.1 CFNetwork/520.3.2 Darwin/11.3.0 (x86_64) (MacBookPro8%2C1)"
117.193.141.155 - - [04/Apr/2012:09:14:44 -0700] "-" 400 0 "-" "-"
117.193.141.155 - - [04/Apr/2012:09:15:04 -0700] "-" 400 0 "-" "-"
117.193.141.155 - - [04/Apr/2012:09:15:04 -0700] "-" 400 0 "-" "-"
117.193.141.155 - - [04/Apr/2012:09:15:04 -0700] "-" 400 0 "-" "-"
117.193.141.155 - - [04/Apr/2012:09:15:04 -0700] "-" 400 0 "-" "-"
117.193.141.155 - - [04/Apr/2012:09:15:04 -0700] "-" 400 0 "-" "-"
184.191.224.10 - - [04/Apr/2012:09:15:09 -0700] "GET / HTTP/1.1" 200 1430 "-" "Caffeinated/1.1.1 CFNetwork/520.3.2 Darwin/11.3.0 (x86_64) (MacBookPro8%2C1)"
184.191.224.10 - - [04/Apr/2012:09:15:09 -0700] "GET /favicon.ico HTTP/1.1" 404 142 "-" "Caffeinated/1.1.1 CFNetwork/520.3.2 Darwin/11.3.0 (x86_64) (MacBookPro8%2C1)"
184.191.224.10 - - [04/Apr/2012:09:16:00 -0700] "GET / HTTP/1.1" 200 1430 "-" "Caffeinated/1.1.1 CFNetwork/520.3.2 Darwin/11.3.0 (x86_64) (MacBookPro8%2C1)"
184.191.224.10 - - [04/Apr/2012:09:16:00 -0700] "GET /favicon.ico HTTP/1.1" 404 142 "-" "Caffeinated/1.1.1 CFNetwork/520.3.2 Darwin/11.3.0 (x86_64) (MacBookPro8%2C1)"
184.191.224.10 - - [04/Apr/2012:09:16:32 -0700] "GET / HTTP/1.1" 200 1430 "-" "Caffeinated/1.1.1 CFNetwork/520.3.2 Darwin/11.3.0 (x86_64) (MacBookPro8%2C1)"
184.191.224.10 - - [04/Apr/2012:09:16:32 -0700] "GET /favicon.ico HTTP/1.1" 404 142 "-" "Caffeinated/1.1.1 CFNetwork/520.3.2 Darwin/11.3.0 (x86_64) (MacBookPro8%2C1)"
122.164.235.232 - - [04/Apr/2012:09:17:20 -0700] "-" 400 0 "-" "-"
122.164.235.232 - - [04/Apr/2012:09:17:20 -0700] "-" 400 0 "-" "-"
122.164.235.232 - - [04/Apr/2012:09:17:20 -0700] "-" 400 0 "-" "-"
122.164.235.232 - - [04/Apr/2012:09:17:20 -0700] "-" 400 0 "-" "-"
122.164.235.232 - - [04/Apr/2012:09:17:20 -0700] "-" 400 0 "-" "-"
122.164.235.232 - - [04/Apr/2012:09:17:20 -0700] "-" 400 0 "-" "-"
184.191.224.10 - - [04/Apr/2012:09:17:20 -0700] "GET / HTTP/1.1" 200 1430 "-" "Caffeinated/1.1.1 CFNetwork/520.3.2 Darwin/11.3.0 (x86_64) (MacBookPro8%2C1)"
184.191.224.10 - - [04/Apr/2012:09:17:20 -0700] "GET /favicon.ico HTTP/1.1" 404 142 "-" "Caffeinated/1.1.1 CFNetwork/520.3.2 Darwin/11.3.0 (x86_64) (MacBookPro8%2C1)"
85.17.88.169 - - [04/Apr/2012:09:17:55 -0700] "POST /blog/wp-cron.php?doing_wp_cron=1333556000 HTTP/1.0" 499 0 "-" "WordPress/3.3.1; http://yuvi.in/blog"
184.191.224.10 - - [04/Apr/2012:09:17:56 -0700] "GET / HTTP/1.1" 200 1430 "-" "Caffeinated/1.1.1 CFNetwork/520.3.2 Darwin/11.3.0 (x86_64) (MacBookPro8%2C1)"
184.191.224.10 - - [04/Apr/2012:09:17:56 -0700] "GET /favicon.ico HTTP/1.1" 404 142 "-" "Caffeinated/1.1.1 CFNetwork/520.3.2 Darwin/11.3.0 (x86_64) (MacBookPro8%2C1)"
69.171.234.7 - - [04/Apr/2012:09:17:59 -0700] "GET /r/340n HTTP/1.1" 301 257 "-" "facebookexternalhit/1.1 (+http://www.facebook.com/externalhit_uatext.php)"
69.171.234.3 - - [04/Apr/2012:09:17:59 -0700] "GET /s/ta/340n/ HTTP/1.1" 302 897 "-" "facebookexternalhit/1.1 (+http://www.facebook.com/externalhit_uatext.php)"
59.92.92.127 - - [04/Apr/2012:09:17:59 -0700] "GET /r/340n HTTP/1.1" 301 257 "http://www.facebook.com/l.php?u=http%3A%2F%2Ftawp.in%2Fr%2F340n&h=HAQEV-TMi" "Mozilla/5.0 (Windows NT 5.1; rv:11.0) Gecko/20100101 Firefox/11.0"
59.92.92.127 - - [04/Apr/2012:09:18:00 -0700] "GET /s/ta/340n/ HTTP/1.1" 302 897 "http://www.facebook.com/l.php?u=http%3A%2F%2Ftawp.in%2Fr%2F340n&h=HAQEV-TMi" "Mozilla/5.0 (Windows NT 5.1; rv:11.0) Gecko/20100101 Firefox/11.0"
209.117.161.166 - - [04/Apr/2012:09:18:01 -0700] "GET /blog/tag/photo/ HTTP/1.1" 200 16402 "-" "-"
59.92.92.127 - - [04/Apr/2012:09:18:08 -0700] "-" 400 0 "-" "-"
184.191.224.10 - - [04/Apr/2012:09:18:47 -0700] "GET / HTTP/1.1" 200 1430 "-" "Caffeinated/1.1.1 CFNetwork/520.3.2 Darwin/11.3.0 (x86_64) (MacBookPro8%2C1)"
184.191.224.10 - - [04/Apr/2012:09:18:47 -0700] "GET /favicon.ico HTTP/1.1" 404 142 "-" "Caffeinated/1.1.1 CFNetwork/520.3.2 Darwin/11.3.0 (x86_64) (MacBookPro8%2C1)"
141.0.10.36 - - [04/Apr/2012:09:19:13 -0700] "-" 400 0 "-" "-"
141.0.10.36 - - [04/Apr/2012:09:19:13 -0700] "-" 400 0 "-" "-"
14.96.168.91 - - [04/Apr/2012:09:19:20 -0700] "-" 400 0 "-" "-"
184.191.224.10 - - [04/Apr/2012:09:19:26 -0700] "GET / HTTP/1.1" 200 1430 "-" "Caffeinated/1.1.1 CFNetwork/520.3.2 Darwin/11.3.0 (x86_64) (MacBookPro8%2C1)"
184.191.224.10 - - [04/Apr/2012:09:19:26 -0700] "GET /favicon.ico HTTP/1.1" 404 142 "-" "Caffeinated/1.1.1 CFNetwork/520.3.2 Darwin/11.3.0 (x86_64) (MacBookPro8%2C1)"
220.181.108.89 - - [04/Apr/2012:09:19:48 -0700] "GET /blog HTTP/1.1" 301 178 "-" "Mozilla/5.0 (compatible; Baiduspider/2.0; +http://www.baidu.com/search/spider.html)"
220.181.108.92 - - [04/Apr/2012:09:19:48 -0700] "GET /blog/ HTTP/1.1" 499 0 "-" "Mozilla/5.0 (compatible; Baiduspider/2.0; +http://www.baidu.com/search/spider.html)"
184.191.224.10 - - [04/Apr/2012:09:20:11 -0700] "GET / HTTP/1.1" 200 1430 "-" "Caffeinated/1.1.1 CFNetwork/520.3.2 Darwin/11.3.0 (x86_64) (MacBookPro8%2C1)"
184.191.224.10 - - [04/Apr/2012:09:20:11 -0700] "GET /favicon.ico HTTP/1.1" 404 142 "-" "Caffeinated/1.1.1 CFNetwork/520.3.2 Darwin/11.3.0 (x86_64) (MacBookPro8%2C1)"
59.92.5.152 - - [04/Apr/2012:09:20:13 -0700] "GET /r/3a3 HTTP/1.1" 301 255 "http://www.google.com/url?sa=D&q=http://tawp.in/r/3a3&usg=AFQjCNF-6O7zE-gbhtDhb-w1W-x_ZtxhOw" "Mozilla/5.0 (Windows NT 6.1; rv:11.0) Gecko/20100101 Firefox/11.0"
59.92.5.152 - - [04/Apr/2012:09:20:13 -0700] "GET /s/ta/3a3/ HTTP/1.1" 302 485 "http://www.google.com/url?sa=D&q=http://tawp.in/r/3a3&usg=AFQjCNF-6O7zE-gbhtDhb-w1W-x_ZtxhOw" "Mozilla/5.0 (Windows NT 6.1; rv:11.0) Gecko/20100101 Firefox/11.0"
59.92.5.152 - - [04/Apr/2012:09:20:18 -0700] "-" 400 0 "-" "-"
184.191.224.10 - - [04/Apr/2012:09:20:57 -0700] "GET / HTTP/1.1" 200 1430 "-" "Caffeinated/1.1.1 CFNetwork/520.3.2 Darwin/11.3.0 (x86_64) (MacBookPro8%2C1)"
184.191.224.10 - - [04/Apr/2012:09:20:57 -0700] "GET /favicon.ico HTTP/1.1" 404 142 "-" "Caffeinated/1.1.1 CFNetwork/520.3.2 Darwin/11.3.0 (x86_64) (MacBookPro8%2C1)"
14.96.168.91 - - [04/Apr/2012:09:21:20 -0700] "-" 400 0 "-" "-"
184.191.224.10 - - [04/Apr/2012:09:21:42 -0700] "GET / HTTP/1.1" 200 1430 "-" "Caffeinated/1.1.1 CFNetwork/520.3.2 Darwin/11.3.0 (x86_64) (MacBookPro8%2C1)"
184.191.224.10 - - [04/Apr/2012:09:21:42 -0700] "GET /favicon.ico HTTP/1.1" 404 142 "-" "Caffeinated/1.1.1 CFNetwork/520.3.2 Darwin/11.3.0 (x86_64) (MacBookPro8%2C1)"
207.46.12.68 - - [04/Apr/2012:09:22:04 -0700] "-" 400 0 "-" "-"
207.46.12.68 - - [04/Apr/2012:09:22:08 -0700] "-" 400 0 "-" "-"
207.46.12.68 - - [04/Apr/2012:09:22:10 -0700] "-" 400 0 "-" "-"
207.46.12.68 - - [04/Apr/2012:09:22:10 -0700] "-" 400 0 "-" "-"
207.46.12.68 - - [04/Apr/2012:09:22:10 -0700] "-" 400 0 "-" "-"
207.46.12.68 - - [04/Apr/2012:09:22:11 -0700] "-" 400 0 "-" "-"
207.46.12.68 - - [04/Apr/2012:09:22:11 -0700] "-" 400 0 "-" "-"
207.46.12.68 - - [04/Apr/2012:09:22:12 -0700] "-" 400 0 "-" "-"
207.46.12.68 - - [04/Apr/2012:09:22:12 -0700] "-" 400 0 "-" "-"
207.46.12.68 - - [04/Apr/2012:09:22:13 -0700] "-" 400 0 "-" "-"
184.191.224.10 - - [04/Apr/2012:09:22:26 -0700] "GET / HTTP/1.1" 200 1430 "-" "Caffeinated/1.1.1 CFNetwork/520.3.2 Darwin/11.3.0 (x86_64) (MacBookPro8%2C1)"
184.191.224.10 - - [04/Apr/2012:09:22:26 -0700] "GET /favicon.ico HTTP/1.1" 404 142 "-" "Caffeinated/1.1.1 CFNetwork/520.3.2 Darwin/11.3.0 (x86_64) (MacBookPro8%2C1)"
184.191.224.10 - - [04/Apr/2012:09:23:11 -0700] "GET / HTTP/1.1" 200 1430 "-" "Caffeinated/1.1.1 CFNetwork/520.3.2 Darwin/11.3.0 (x86_64) (MacBookPro8%2C1)"
184.191.224.10 - - [04/Apr/2012:09:23:11 -0700] "GET /favicon.ico HTTP/1.1" 404 142 "-" "Caffeinated/1.1.1 CFNetwork/520.3.2 Darwin/11.3.0 (x86_64) (MacBookPro8%2C1)"
184.191.224.10 - - [04/Apr/2012:09:23:51 -0700] "GET / HTTP/1.1" 200 1430 "-" "Caffeinated/1.1.1 CFNetwork/520.3.2 Darwin/11.3.0 (x86_64) (MacBookPro8%2C1)"
184.191.224.10 - - [04/Apr/2012:09:23:51 -0700] "GET /favicon.ico HTTP/1.1" 404 142 "-" "Caffeinated/1.1.1 CFNetwork/520.3.2 Darwin/11.3.0 (x86_64) (MacBookPro8%2C1)"
85.17.88.169 - - [04/Apr/2012:09:24:35 -0700] "POST /blog/wp-cron.php?doing_wp_cron=1333556400 HTTP/1.0" 499 0 "-" "WordPress/3.3.1; http://yuvi.in/blog"
209.85.224.98 - - [04/Apr/2012:09:24:36 -0700] "GET /blog/feed HTTP/1.1" 304 0 "-" "FeedBurner/1.0 (http://www.FeedBurner.com)"
184.191.224.10 - - [04/Apr/2012:09:24:47 -0700] "GET / HTTP/1.1" 200 1430 "-" "Caffeinated/1.1.1 CFNetwork/520.3.2 Darwin/11.3.0 (x86_64) (MacBookPro8%2C1)"
184.191.224.10 - - [04/Apr/2012:09:24:47 -0700] "GET /favicon.ico HTTP/1.1" 404 142 "-" "Caffeinated/1.1.1 CFNetwork/520.3.2 Darwin/11.3.0 (x86_64) (MacBookPro8%2C1)"
184.191.224.10 - - [04/Apr/2012:09:25:17 -0700] "GET / HTTP/1.1" 200 1430 "-" "Caffeinated/1.1.1 CFNetwork/520.3.2 Darwin/11.3.0 (x86_64) (MacBookPro8%2C1)"
184.191.224.10 - - [04/Apr/2012:09:25:17 -0700] "GET /favicon.ico HTTP/1.1" 404 142 "-" "Caffeinated/1.1.1 CFNetwork/520.3.2 Darwin/11.3.0 (x86_64) (MacBookPro8%2C1)"
209.85.224.90 - - [04/Apr/2012:09:25:37 -0700] "GET /stories/feed HTTP/1.1" 200 13653 "-" "FeedBurner/1.0 (http://www.FeedBurner.com)"
184.191.224.10 - - [04/Apr/2012:09:26:19 -0700] "GET / HTTP/1.1" 200 1430 "-" "Caffeinated/1.1.1 CFNetwork/520.3.2 Darwin/11.3.0 (x86_64) (MacBookPro8%2C1)"
184.191.224.10 - - [04/Apr/2012:09:26:20 -0700] "GET /favicon.ico HTTP/1.1" 404 142 "-" "Caffeinated/1.1.1 CFNetwork/520.3.2 Darwin/11.3.0 (x86_64) (MacBookPro8%2C1)"
85.17.88.169 - - [04/Apr/2012:09:26:24 -0700] "POST /blog/wp-cron.php?doing_wp_cron=1333556509 HTTP/1.0" 499 0 "-" "WordPress/3.3.1; http://yuvi.in/blog"
209.85.238.244 - - [04/Apr/2012:09:26:24 -0700] "GET /blog/feed/ HTTP/1.1" 304 0 "-" "Feedfetcher-Google; (+http://www.google.com/feedfetcher.html; 18 subscribers; feed-id=15064232456473204253)"
184.191.224.10 - - [04/Apr/2012:09:26:45 -0700] "GET / HTTP/1.1" 200 1430 "-" "Caffeinated/1.1.1 CFNetwork/520.3.2 Darwin/11.3.0 (x86_64) (MacBookPro8%2C1)"
184.191.224.10 - - [04/Apr/2012:09:26:45 -0700] "GET /favicon.ico HTTP/1.1" 404 142 "-" "Caffeinated/1.1.1 CFNetwork/520.3.2 Darwin/11.3.0 (x86_64) (MacBookPro8%2C1)"
119.63.196.89 - - [04/Apr/2012:09:27:36 -0700] "GET / HTTP/1.1" 404 238 "-" "Mozilla/5.0 (compatible; Baiduspider/2.0; +http://www.baidu.com/search/spider.html)"
184.191.224.10 - - [04/Apr/2012:09:27:44 -0700] "GET / HTTP/1.1" 200 1430 "-" "Caffeinated/1.1.1 CFNetwork/520.3.2 Darwin/11.3.0 (x86_64) (MacBookPro8%2C1)"
184.191.224.10 - - [04/Apr/2012:09:27:44 -0700] "GET /favicon.ico HTTP/1.1" 404 142 "-" "Caffeinated/1.1.1 CFNetwork/520.3.2 Darwin/11.3.0 (x86_64) (MacBookPro8%2C1)"
157.55.112.199 - - [04/Apr/2012:09:28:00 -0700] "-" 400 0 "-" "-"
157.55.112.199 - - [04/Apr/2012:09:28:00 -0700] "-" 400 0 "-" "-"
157.55.112.199 - - [04/Apr/2012:09:28:00 -0700] "-" 400 0 "-" "-"
157.55.112.199 - - [04/Apr/2012:09:28:00 -0700] "-" 400 0 "-" "-"
157.55.112.199 - - [04/Apr/2012:09:28:00 -0700] "-" 400 0 "-" "-"
157.55.112.199 - - [04/Apr/2012:09:28:00 -0700] "-" 400 0 "-" "-"
157.55.112.199 - - [04/Apr/2012:09:28:00 -0700] "-" 400 0 "-" "-"
157.55.112.199 - - [04/Apr/2012:09:28:00 -0700] "-" 400 0 "-" "-"
157.55.112.199 - - [04/Apr/2012:09:28:01 -0700] "-" 400 0 "-" "-"
157.55.112.199 - - [04/Apr/2012:09:28:01 -0700] "-" 400 0 "-" "-"
184.191.224.10 - - [04/Apr/2012:09:28:10 -0700] "GET / HTTP/1.1" 200 1430 "-" "Caffeinated/1.1.1 CFNetwork/520.3.2 Darwin/11.3.0 (x86_64) (MacBookPro8%2C1)"
184.191.224.10 - - [04/Apr/2012:09:28:10 -0700] "GET /favicon.ico HTTP/1.1" 404 142 "-" "Caffeinated/1.1.1 CFNetwork/520.3.2 Darwin/11.3.0 (x86_64) (MacBookPro8%2C1)"
213.47.123.10 - - [04/Apr/2012:09:28:52 -0700] "GET /blog/moving-to-vim-from-emacs.html HTTP/1.1" 200 2657 "http://www.google.com/url?sa=t&rct=j&q=&esrc=s&source=web&cd=5&ved=0CFEQFjAE&url=http%3A%2F%2Fyuvi.in%2Fblog%2Fmoving-to-vim-from-emacs.html&ei=k3V8T5nuPMLE4gS2jLXaDA&usg=AFQjCNFDH22f3e_OFiBflaVRz4z_s_6FcA&sig2=x9WsYgH_pCEIPF5JWgpV9A" "Mozilla/5.0 (Macintosh; Intel Mac OS X 10_7_3) AppleWebKit/535.19 (KHTML, like Gecko) Chrome/18.0.1025.142 Safari/535.19"
213.47.123.10 - - [04/Apr/2012:09:28:53 -0700] "GET /blog/static/style.css HTTP/1.1" 200 4753 "http://yuvi.in/blog/moving-to-vim-from-emacs.html" "Mozilla/5.0 (Macintosh; Intel Mac OS X 10_7_3) AppleWebKit/535.19 (KHTML, like Gecko) Chrome/18.0.1025.142 Safari/535.19"
213.47.123.10 - - [04/Apr/2012:09:28:53 -0700] "GET /blog/static/codehilite.css HTTP/1.1" 200 4012 "http://yuvi.in/blog/moving-to-vim-from-emacs.html" "Mozilla/5.0 (Macintosh; Intel Mac OS X 10_7_3) AppleWebKit/535.19 (KHTML, like Gecko) Chrome/18.0.1025.142 Safari/535.19"
213.47.123.10 - - [04/Apr/2012:09:28:56 -0700] "GET /favicon.ico HTTP/1.1" 404 199 "-" "Mozilla/5.0 (Macintosh; Intel Mac OS X 10_7_3) AppleWebKit/535.19 (KHTML, like Gecko) Chrome/18.0.1025.142 Safari/535.19"
184.191.224.10 - - [04/Apr/2012:09:29:11 -0700] "GET / HTTP/1.1" 200 1430 "-" "Caffeinated/1.1.1 CFNetwork/520.3.2 Darwin/11.3.0 (x86_64) (MacBookPro8%2C1)"
184.191.224.10 - - [04/Apr/2012:09:29:11 -0700] "GET /favicon.ico HTTP/1.1" 404 142 "-" "Caffeinated/1.1.1 CFNetwork/520.3.2 Darwin/11.3.0 (x86_64) (MacBookPro8%2C1)"
85.17.88.169 - - [04/Apr/2012:09:29:17 -0700] "POST /blog/wp-cron.php?doing_wp_cron=1333556682 HTTP/1.0" 499 0 "-" "WordPress/3.3.1; http://yuvi.in/blog"
209.117.161.166 - - [04/Apr/2012:09:29:23 -0700] "GET /blog/2009/10/ HTTP/1.1" 200 33000 "-" "-"
184.191.224.10 - - [04/Apr/2012:09:29:40 -0700] "GET / HTTP/1.1" 200 1430 "-" "Caffeinated/1.1.1 CFNetwork/520.3.2 Darwin/11.3.0 (x86_64) (MacBookPro8%2C1)"
184.191.224.10 - - [04/Apr/2012:09:29:40 -0700] "GET /favicon.ico HTTP/1.1" 404 142 "-" "Caffeinated/1.1.1 CFNetwork/520.3.2 Darwin/11.3.0 (x86_64) (MacBookPro8%2C1)"
184.191.224.10 - - [04/Apr/2012:09:30:36 -0700] "GET / HTTP/1.1" 200 1430 "-" "Caffeinated/1.1.1 CFNetwork/520.3.2 Darwin/11.3.0 (x86_64) (MacBookPro8%2C1)"
184.191.224.10 - - [04/Apr/2012:09:30:36 -0700] "GET /favicon.ico HTTP/1.1" 404 142 "-" "Caffeinated/1.1.1 CFNetwork/520.3.2 Darwin/11.3.0 (x86_64) (MacBookPro8%2C1)"
184.191.224.10 - - [04/Apr/2012:09:31:05 -0700] "GET / HTTP/1.1" 200 1430 "-" "Caffeinated/1.1.1 CFNetwork/520.3.2 Darwin/11.3.0 (x86_64) (MacBookPro8%2C1)"
184.191.224.10 - - [04/Apr/2012:09:31:05 -0700] "GET /favicon.ico HTTP/1.1" 404 142 "-" "Caffeinated/1.1.1 CFNetwork/520.3.2 Darwin/11.3.0 (x86_64) (MacBookPro8%2C1)"
184.191.224.10 - - [04/Apr/2012:09:32:03 -0700] "GET / HTTP/1.1" 200 1430 "-" "Caffeinated/1.1.1 CFNetwork/520.3.2 Darwin/11.3.0 (x86_64) (MacBookPro8%2C1)"
184.191.224.10 - - [04/Apr/2012:09:32:03 -0700] "GET /favicon.ico HTTP/1.1" 404 142 "-" "Caffeinated/1.1.1 CFNetwork/520.3.2 Darwin/11.3.0 (x86_64) (MacBookPro8%2C1)"
223.236.178.49 - - [04/Apr/2012:09:32:04 -0700] "-" 400 0 "-" "-"
184.191.224.10 - - [04/Apr/2012:09:32:29 -0700] "GET / HTTP/1.1" 200 1430 "-" "Caffeinated/1.1.1 CFNetwork/520.3.2 Darwin/11.3.0 (x86_64) (MacBookPro8%2C1)"
184.191.224.10 - - [04/Apr/2012:09:32:29 -0700] "GET /favicon.ico HTTP/1.1" 404 142 "-" "Caffeinated/1.1.1 CFNetwork/520.3.2 Darwin/11.3.0 (x86_64) (MacBookPro8%2C1)"
184.191.224.10 - - [04/Apr/2012:09:33:30 -0700] "GET / HTTP/1.1" 200 1430 "-" "Caffeinated/1.1.1 CFNetwork/520.3.2 Darwin/11.3.0 (x86_64) (MacBookPro8%2C1)"
184.191.224.10 - - [04/Apr/2012:09:33:30 -0700] "GET /favicon.ico HTTP/1.1" 404 142 "-" "Caffeinated/1.1.1 CFNetwork/520.3.2 Darwin/11.3.0 (x86_64) (MacBookPro8%2C1)"
184.191.224.10 - - [04/Apr/2012:09:34:05 -0700] "GET / HTTP/1.1" 200 1430 "-" "Caffeinated/1.1.1 CFNetwork/520.3.2 Darwin/11.3.0 (x86_64) (MacBookPro8%2C1)"
184.191.224.10 - - [04/Apr/2012:09:34:05 -0700] "GET /favicon.ico HTTP/1.1" 404 142 "-" "Caffeinated/1.1.1 CFNetwork/520.3.2 Darwin/11.3.0 (x86_64) (MacBookPro8%2C1)"
184.191.224.10 - - [04/Apr/2012:09:34:58 -0700] "GET / HTTP/1.1" 200 1430 "-" "Caffeinated/1.1.1 CFNetwork/520.3.2 Darwin/11.3.0 (x86_64) (MacBookPro8%2C1)"
184.191.224.10 - - [04/Apr/2012:09:34:58 -0700] "GET /favicon.ico HTTP/1.1" 404 142 "-" "Caffeinated/1.1.1 CFNetwork/520.3.2 Darwin/11.3.0 (x86_64) (MacBookPro8%2C1)"
64.212.73.53 - - [04/Apr/2012:09:35:16 -0700] "GET /blog/infosys-tcs-or-wipro-none/ HTTP/1.0" 200 24512 "http://www.linklegends.com/free-trial" "Mozilla/5.0 (Windows; U; Windows NT 6.1; en-US) AppleWebKit/532.2 (KHTML, like Gecko) Chrome/4.0.221.7 Safari/532.2"
184.191.224.10 - - [04/Apr/2012:09:35:31 -0700] "GET / HTTP/1.1" 200 1430 "-" "Caffeinated/1.1.1 CFNetwork/520.3.2 Darwin/11.3.0 (x86_64) (MacBookPro8%2C1)"
184.191.224.10 - - [04/Apr/2012:09:35:31 -0700] "GET /favicon.ico HTTP/1.1" 404 142 "-" "Caffeinated/1.1.1 CFNetwork/520.3.2 Darwin/11.3.0 (x86_64) (MacBookPro8%2C1)"
184.191.224.10 - - [04/Apr/2012:09:36:25 -0700] "GET / HTTP/1.1" 200 1430 "-" "Caffeinated/1.1.1 CFNetwork/520.3.2 Darwin/11.3.0 (x86_64) (MacBookPro8%2C1)"
184.191.224.10 - - [04/Apr/2012:09:36:25 -0700] "GET /favicon.ico HTTP/1.1" 404 142 "-" "Caffeinated/1.1.1 CFNetwork/520.3.2 Darwin/11.3.0 (x86_64) (MacBookPro8%2C1)"
115.242.223.183 - - [04/Apr/2012:09:36:33 -0700] "-" 400 0 "-" "-"
117.202.95.82 - - [04/Apr/2012:09:36:56 -0700] "-" 400 0 "-" "-"
184.191.224.10 - - [04/Apr/2012:09:36:57 -0700] "GET / HTTP/1.1" 200 1430 "-" "Caffeinated/1.1.1 CFNetwork/520.3.2 Darwin/11.3.0 (x86_64) (MacBookPro8%2C1)"
184.191.224.10 - - [04/Apr/2012:09:36:57 -0700] "GET /favicon.ico HTTP/1.1" 404 142 "-" "Caffeinated/1.1.1 CFNetwork/520.3.2 Darwin/11.3.0 (x86_64) (MacBookPro8%2C1)"
117.202.95.82 - - [04/Apr/2012:09:37:33 -0700] "-" 400 0 "-" "-"
184.191.224.10 - - [04/Apr/2012:09:37:54 -0700] "GET / HTTP/1.1" 200 1430 "-" "Caffeinated/1.1.1 CFNetwork/520.3.2 Darwin/11.3.0 (x86_64) (MacBookPro8%2C1)"
184.191.224.10 - - [04/Apr/2012:09:37:54 -0700] "GET /favicon.ico HTTP/1.1" 404 142 "-" "Caffeinated/1.1.1 CFNetwork/520.3.2 Darwin/11.3.0 (x86_64) (MacBookPro8%2C1)"
184.191.224.10 - - [04/Apr/2012:09:38:21 -0700] "GET / HTTP/1.1" 200 1430 "-" "Caffeinated/1.1.1 CFNetwork/520.3.2 Darwin/11.3.0 (x86_64) (MacBookPro8%2C1)"
184.191.224.10 - - [04/Apr/2012:09:38:21 -0700] "GET /favicon.ico HTTP/1.1" 404 142 "-" "Caffeinated/1.1.1 CFNetwork/520.3.2 Darwin/11.3.0 (x86_64) (MacBookPro8%2C1)"
66.249.73.27 - - [04/Apr/2012:09:38:53 -0700] "GET /robots.txt HTTP/1.1" 404 142 "-" "Mozilla/5.0 (compatible; Googlebot/2.1; +http://www.google.com/bot.html)"
85.17.88.169 - - [04/Apr/2012:09:38:55 -0700] "POST /blog/wp-cron.php?doing_wp_cron=1333557260 HTTP/1.0" 499 0 "-" "WordPress/3.3.1; http://yuvi.in/blog"
66.249.73.27 - - [04/Apr/2012:09:38:56 -0700] "GET /blog/2011/08/ HTTP/1.1" 200 18168 "-" "Mozilla/5.0 (compatible; Googlebot/2.1; +http://www.google.com/bot.html)"
184.191.224.10 - - [04/Apr/2012:09:39:20 -0700] "GET / HTTP/1.1" 200 1430 "-" "Caffeinated/1.1.1 CFNetwork/520.3.2 Darwin/11.3.0 (x86_64) (MacBookPro8%2C1)"
184.191.224.10 - - [04/Apr/2012:09:39:20 -0700] "GET /favicon.ico HTTP/1.1" 404 142 "-" "Caffeinated/1.1.1 CFNetwork/520.3.2 Darwin/11.3.0 (x86_64) (MacBookPro8%2C1)"
184.191.224.10 - - [04/Apr/2012:09:39:49 -0700] "GET / HTTP/1.1" 200 1430 "-" "Caffeinated/1.1.1 CFNetwork/520.3.2 Darwin/11.3.0 (x86_64) (MacBookPro8%2C1)"
184.191.224.10 - - [04/Apr/2012:09:39:49 -0700] "GET /favicon.ico HTTP/1.1" 404 142 "-" "Caffeinated/1.1.1 CFNetwork/520.3.2 Darwin/11.3.0 (x86_64) (MacBookPro8%2C1)"
184.191.224.10 - - [04/Apr/2012:09:40:48 -0700] "GET / HTTP/1.1" 200 1430 "-" "Caffeinated/1.1.1 CFNetwork/520.3.2 Darwin/11.3.0 (x86_64) (MacBookPro8%2C1)"
184.191.224.10 - - [04/Apr/2012:09:40:49 -0700] "GET /favicon.ico HTTP/1.1" 404 142 "-" "Caffeinated/1.1.1 CFNetwork/520.3.2 Darwin/11.3.0 (x86_64) (MacBookPro8%2C1)"
117.193.116.29 - - [04/Apr/2012:09:41:20 -0700] "-" 400 0 "-" "-"
184.191.224.10 - - [04/Apr/2012:09:41:36 -0700] "GET / HTTP/1.1" 200 1430 "-" "Caffeinated/1.1.1 CFNetwork/520.3.2 Darwin/11.3.0 (x86_64) (MacBookPro8%2C1)"
184.191.224.10 - - [04/Apr/2012:09:41:36 -0700] "GET /favicon.ico HTTP/1.1" 404 142 "-" "Caffeinated/1.1.1 CFNetwork/520.3.2 Darwin/11.3.0 (x86_64) (MacBookPro8%2C1)"
69.171.228.246 - - [04/Apr/2012:09:41:44 -0700] "GET /r/7en HTTP/1.1" 301 255 "-" "facebookexternalhit/1.1 (+http://www.facebook.com/externalhit_uatext.php)"
69.171.228.250 - - [04/Apr/2012:09:41:44 -0700] "GET /s/ta/7en/ HTTP/1.1" 302 477 "-" "facebookexternalhit/1.1 (+http://www.facebook.com/externalhit_uatext.php)"
122.164.25.172 - - [04/Apr/2012:09:41:48 -0700] "-" 400 0 "-" "-"
117.193.116.29 - - [04/Apr/2012:09:41:50 -0700] "-" 400 0 "-" "-"
117.193.116.29 - - [04/Apr/2012:09:41:50 -0700] "-" 400 0 "-" "-"
117.193.116.29 - - [04/Apr/2012:09:41:50 -0700] "-" 400 0 "-" "-"
117.193.116.29 - - [04/Apr/2012:09:41:50 -0700] "-" 400 0 "-" "-"
117.193.116.29 - - [04/Apr/2012:09:41:50 -0700] "-" 400 0 "-" "-"
184.191.224.10 - - [04/Apr/2012:09:42:27 -0700] "GET / HTTP/1.1" 200 1430 "-" "Caffeinated/1.1.1 CFNetwork/520.3.2 Darwin/11.3.0 (x86_64) (MacBookPro8%2C1)"
184.191.224.10 - - [04/Apr/2012:09:42:27 -0700] "GET /favicon.ico HTTP/1.1" 404 142 "-" "Caffeinated/1.1.1 CFNetwork/520.3.2 Darwin/11.3.0 (x86_64) (MacBookPro8%2C1)"
184.191.224.10 - - [04/Apr/2012:09:43:08 -0700] "GET / HTTP/1.1" 200 1430 "-" "Caffeinated/1.1.1 CFNetwork/520.3.2 Darwin/11.3.0 (x86_64) (MacBookPro8%2C1)"
184.191.224.10 - - [04/Apr/2012:09:43:08 -0700] "GET /favicon.ico HTTP/1.1" 404 142 "-" "Caffeinated/1.1.1 CFNetwork/520.3.2 Darwin/11.3.0 (x86_64) (MacBookPro8%2C1)"
122.164.25.172 - - [04/Apr/2012:09:43:28 -0700] "-" 400 0 "-" "-"
122.164.25.172 - - [04/Apr/2012:09:43:28 -0700] "-" 400 0 "-" "-"
122.164.25.172 - - [04/Apr/2012:09:43:28 -0700] "-" 400 0 "-" "-"
122.164.25.172 - - [04/Apr/2012:09:43:58 -0700] "-" 400 0 "-" "-"
184.191.224.10 - - [04/Apr/2012:09:43:59 -0700] "GET / HTTP/1.1" 200 1430 "-" "Caffeinated/1.1.1 CFNetwork/520.3.2 Darwin/11.3.0 (x86_64) (MacBookPro8%2C1)"
184.191.224.10 - - [04/Apr/2012:09:43:59 -0700] "GET /favicon.ico HTTP/1.1" 404 142 "-" "Caffeinated/1.1.1 CFNetwork/520.3.2 Darwin/11.3.0 (x86_64) (MacBookPro8%2C1)"
184.191.224.10 - - [04/Apr/2012:09:44:37 -0700] "GET / HTTP/1.1" 200 1430 "-" "Caffeinated/1.1.1 CFNetwork/520.3.2 Darwin/11.3.0 (x86_64) (MacBookPro8%2C1)"
184.191.224.10 - - [04/Apr/2012:09:44:37 -0700] "GET /favicon.ico HTTP/1.1" 404 142 "-" "Caffeinated/1.1.1 CFNetwork/520.3.2 Darwin/11.3.0 (x86_64) (MacBookPro8%2C1)"
122.164.25.172 - - [04/Apr/2012:09:44:38 -0700] "-" 400 0 "-" "-"
117.213.113.114 - - [04/Apr/2012:09:45:06 -0700] "GET / HTTP/1.1" 200 1430 "http://www.facebook.com/l.php?u=http%3A%2F%2Fyuvi.in%2F&h=CAQEtWb-H" "Mozilla/5.0 (Windows NT 6.1; WOW64; rv:11.0) Gecko/20100101 Firefox/11.0"
117.213.113.114 - - [04/Apr/2012:09:45:06 -0700] "GET /blueprint/screen.css HTTP/1.1" 200 12058 "http://yuvi.in/" "Mozilla/5.0 (Windows NT 6.1; WOW64; rv:11.0) Gecko/20100101 Firefox/11.0"
117.213.113.114 - - [04/Apr/2012:09:45:06 -0700] "GET /blueprint/print.css HTTP/1.1" 200 1284 "http://yuvi.in/" "Mozilla/5.0 (Windows NT 6.1; WOW64; rv:11.0) Gecko/20100101 Firefox/11.0"
117.213.113.114 - - [04/Apr/2012:09:45:07 -0700] "GET /header.png HTTP/1.1" 200 14249 "http://yuvi.in/" "Mozilla/5.0 (Windows NT 6.1; WOW64; rv:11.0) Gecko/20100101 Firefox/11.0"
117.213.113.114 - - [04/Apr/2012:09:45:08 -0700] "GET /favicon.ico HTTP/1.1" 404 142 "-" "Mozilla/5.0 (Windows NT 6.1; WOW64; rv:11.0) Gecko/20100101 Firefox/11.0"
117.213.113.114 - - [04/Apr/2012:09:45:09 -0700] "GET /favicon.ico HTTP/1.1" 404 142 "-" "Mozilla/5.0 (Windows NT 6.1; WOW64; rv:11.0) Gecko/20100101 Firefox/11.0"
117.213.113.114 - - [04/Apr/2012:09:45:09 -0700] "GET /favicon.ico HTTP/1.1" 404 142 "-" "Mozilla/5.0 (Windows NT 6.1; WOW64; rv:11.0) Gecko/20100101 Firefox/11.0"
117.213.113.114 - - [04/Apr/2012:09:45:11 -0700] "-" 400 0 "-" "-"
117.213.113.114 - - [04/Apr/2012:09:45:16 -0700] "GET /blog HTTP/1.1" 301 178 "http://yuvi.in/" "Mozilla/5.0 (Windows NT 6.1; WOW64; rv:11.0) Gecko/20100101 Firefox/11.0"
85.17.88.169 - - [04/Apr/2012:09:45:18 -0700] "POST /blog/wp-cron.php?doing_wp_cron=1333557643 HTTP/1.0" 499 0 "-" "WordPress/3.3.1; http://yuvi.in/blog"
117.213.113.114 - - [04/Apr/2012:09:45:19 -0700] "GET /blog/ HTTP/1.1" 200 9194 "http://yuvi.in/" "Mozilla/5.0 (Windows NT 6.1; WOW64; rv:11.0) Gecko/20100101 Firefox/11.0"
117.213.113.114 - - [04/Apr/2012:09:45:20 -0700] "GET /blog/wp-content/themes/cleanr/style.css HTTP/1.1" 200 10508 "http://yuvi.in/blog/" "Mozilla/5.0 (Windows NT 6.1; WOW64; rv:11.0) Gecko/20100101 Firefox/11.0"
117.213.113.114 - - [04/Apr/2012:09:45:23 -0700] "GET /blog/wp-content/themes/cleanr/css/text.css HTTP/1.1" 200 420 "http://yuvi.in/blog/wp-content/themes/cleanr/style.css" "Mozilla/5.0 (Windows NT 6.1; WOW64; rv:11.0) Gecko/20100101 Firefox/11.0"
117.213.113.114 - - [04/Apr/2012:09:45:23 -0700] "GET /blog/wp-content/themes/cleanr/css/reset.css HTTP/1.1" 200 648 "http://yuvi.in/blog/wp-content/themes/cleanr/style.css" "Mozilla/5.0 (Windows NT 6.1; WOW64; rv:11.0) Gecko/20100101 Firefox/11.0"
117.213.113.114 - - [04/Apr/2012:09:45:24 -0700] "GET /blog/wp-content/themes/cleanr/css/960.css HTTP/1.1" 200 3628 "http://yuvi.in/blog/wp-content/themes/cleanr/style.css" "Mozilla/5.0 (Windows NT 6.1; WOW64; rv:11.0) Gecko/20100101 Firefox/11.0"
117.213.113.114 - - [04/Apr/2012:09:45:25 -0700] "GET /blog/wp-includes/js/jquery/jquery.js?ver=1.7.1 HTTP/1.1" 200 93889 "http://yuvi.in/blog/" "Mozilla/5.0 (Windows NT 6.1; WOW64; rv:11.0) Gecko/20100101 Firefox/11.0"
115.242.223.183 - - [04/Apr/2012:09:45:25 -0700] "-" 400 0 "-" "-"
117.213.113.114 - - [04/Apr/2012:09:45:27 -0700] "GET /blog/wp-content/themes/cleanr/js/jquery.dropdown.js?ver=3.3.1 HTTP/1.1" 200 535 "http://yuvi.in/blog/" "Mozilla/5.0 (Windows NT 6.1; WOW64; rv:11.0) Gecko/20100101 Firefox/11.0"
117.213.113.114 - - [04/Apr/2012:09:45:28 -0700] "GET /blog/wp-content/themes/cleanr/images/search_magnifier.gif HTTP/1.1" 200 394 "http://yuvi.in/blog/" "Mozilla/5.0 (Windows NT 6.1; WOW64; rv:11.0) Gecko/20100101 Firefox/11.0"
184.191.224.10 - - [04/Apr/2012:09:45:33 -0700] "GET / HTTP/1.1" 200 1430 "-" "Caffeinated/1.1.1 CFNetwork/520.3.2 Darwin/11.3.0 (x86_64) (MacBookPro8%2C1)"
184.191.224.10 - - [04/Apr/2012:09:45:33 -0700] "GET /favicon.ico HTTP/1.1" 404 142 "-" "Caffeinated/1.1.1 CFNetwork/520.3.2 Darwin/11.3.0 (x86_64) (MacBookPro8%2C1)"
85.17.88.169 - - [04/Apr/2012:09:45:53 -0700] "POST /blog/wp-cron.php?doing_wp_cron=1333557678 HTTP/1.0" 499 0 "-" "WordPress/3.3.1; http://yuvi.in/blog"
117.213.113.114 - - [04/Apr/2012:09:45:54 -0700] "GET /blog/category/devlog/ HTTP/1.1" 200 13379 "http://yuvi.in/blog/" "Mozilla/5.0 (Windows NT 6.1; WOW64; rv:11.0) Gecko/20100101 Firefox/11.0"
117.213.113.114 - - [04/Apr/2012:09:45:55 -0700] "GET /blog/wp-content/themes/cleanr/js/jquery.dropdown.js?ver=3.3.1 HTTP/1.1" 304 0 "http://yuvi.in/blog/category/devlog/" "Mozilla/5.0 (Windows NT 6.1; WOW64; rv:11.0) Gecko/20100101 Firefox/11.0"
117.213.113.114 - - [04/Apr/2012:09:45:55 -0700] "GET /blog/wp-includes/js/jquery/jquery.js?ver=1.7.1 HTTP/1.1" 304 0 "http://yuvi.in/blog/category/devlog/" "Mozilla/5.0 (Windows NT 6.1; WOW64; rv:11.0) Gecko/20100101 Firefox/11.0"
184.191.224.10 - - [04/Apr/2012:09:46:08 -0700] "GET / HTTP/1.1" 200 1430 "-" "Caffeinated/1.1.1 CFNetwork/520.3.2 Darwin/11.3.0 (x86_64) (MacBookPro8%2C1)"
184.191.224.10 - - [04/Apr/2012:09:46:08 -0700] "GET /favicon.ico HTTP/1.1" 404 142 "-" "Caffeinated/1.1.1 CFNetwork/520.3.2 Darwin/11.3.0 (x86_64) (MacBookPro8%2C1)"
85.17.88.169 - - [04/Apr/2012:09:46:13 -0700] "POST /blog/wp-cron.php?doing_wp_cron=1333557698 HTTP/1.0" 499 0 "-" "WordPress/3.3.1; http://yuvi.in/blog"
69.171.234.2 - - [04/Apr/2012:09:46:13 -0700] "GET /blog/story-average-indian-techie/ HTTP/1.1" 200 14154 "-" "facebookexternalhit/1.1 (+http://www.facebook.com/externalhit_uatext.php)"
184.191.224.10 - - [04/Apr/2012:09:47:07 -0700] "GET / HTTP/1.1" 200 1430 "-" "Caffeinated/1.1.1 CFNetwork/520.3.2 Darwin/11.3.0 (x86_64) (MacBookPro8%2C1)"
184.191.224.10 - - [04/Apr/2012:09:47:07 -0700] "GET /favicon.ico HTTP/1.1" 404 142 "-" "Caffeinated/1.1.1 CFNetwork/520.3.2 Darwin/11.3.0 (x86_64) (MacBookPro8%2C1)"
141.0.9.200 - - [04/Apr/2012:09:47:18 -0700] "-" 400 0 "-" "-"
141.0.9.200 - - [04/Apr/2012:09:47:18 -0700] "-" 400 0 "-" "-"
85.17.88.169 - - [04/Apr/2012:09:47:22 -0700] "POST /blog/wp-cron.php?doing_wp_cron=1333557767 HTTP/1.0" 499 0 "-" "WordPress/3.3.1; http://yuvi.in/blog"
193.164.138.82 - - [04/Apr/2012:09:47:23 -0700] "GET /blog/learnt-reading-javascript-good-parts/ HTTP/1.1" 200 19656 "-" "Zemanta Aggregator/0.7 +http://www.zemanta.com"
184.191.224.10 - - [04/Apr/2012:09:47:46 -0700] "GET / HTTP/1.1" 200 1430 "-" "Caffeinated/1.1.1 CFNetwork/520.3.2 Darwin/11.3.0 (x86_64) (MacBookPro8%2C1)"
184.191.224.10 - - [04/Apr/2012:09:47:46 -0700] "GET /favicon.ico HTTP/1.1" 404 142 "-" "Caffeinated/1.1.1 CFNetwork/520.3.2 Darwin/11.3.0 (x86_64) (MacBookPro8%2C1)"
59.92.10.152 - - [04/Apr/2012:09:47:55 -0700] "-" 400 0 "-" "-"
59.92.10.152 - - [04/Apr/2012:09:48:25 -0700] "-" 400 0 "-" "-"
184.191.224.10 - - [04/Apr/2012:09:48:40 -0700] "GET / HTTP/1.1" 200 1430 "-" "Caffeinated/1.1.1 CFNetwork/520.3.2 Darwin/11.3.0 (x86_64) (MacBookPro8%2C1)"
184.191.224.10 - - [04/Apr/2012:09:48:40 -0700] "GET /favicon.ico HTTP/1.1" 404 142 "-" "Caffeinated/1.1.1 CFNetwork/520.3.2 Darwin/11.3.0 (x86_64) (MacBookPro8%2C1)"
184.191.224.10 - - [04/Apr/2012:09:49:13 -0700] "GET / HTTP/1.1" 200 1430 "-" "Caffeinated/1.1.1 CFNetwork/520.3.2 Darwin/11.3.0 (x86_64) (MacBookPro8%2C1)"
184.191.224.10 - - [04/Apr/2012:09:49:13 -0700] "GET /favicon.ico HTTP/1.1" 404 142 "-" "Caffeinated/1.1.1 CFNetwork/520.3.2 Darwin/11.3.0 (x86_64) (MacBookPro8%2C1)"
69.171.229.248 - - [04/Apr/2012:09:49:47 -0700] "GET /r/p0f HTTP/1.1" 301 255 "-" "facebookexternalhit/1.1 (+http://www.facebook.com/externalhit_uatext.php)"
69.171.229.248 - - [04/Apr/2012:09:49:47 -0700] "GET /s/ta/p0f/ HTTP/1.1" 302 433 "-" "facebookexternalhit/1.1 (+http://www.facebook.com/externalhit_uatext.php)"
117.193.70.159 - - [04/Apr/2012:09:49:50 -0700] "-" 400 0 "-" "-"
59.92.10.152 - - [04/Apr/2012:09:49:55 -0700] "-" 400 0 "-" "-"
184.191.224.10 - - [04/Apr/2012:09:50:06 -0700] "GET / HTTP/1.1" 200 1430 "-" "Caffeinated/1.1.1 CFNetwork/520.3.2 Darwin/11.3.0 (x86_64) (MacBookPro8%2C1)"
184.191.224.10 - - [04/Apr/2012:09:50:06 -0700] "GET /favicon.ico HTTP/1.1" 404 142 "-" "Caffeinated/1.1.1 CFNetwork/520.3.2 Darwin/11.3.0 (x86_64) (MacBookPro8%2C1)"
85.17.88.169 - - [04/Apr/2012:09:50:25 -0700] "POST /blog/wp-cron.php?doing_wp_cron=1333557950 HTTP/1.0" 499 0 "-" "WordPress/3.3.1; http://yuvi.in/blog"
208.115.111.68 - - [04/Apr/2012:09:50:25 -0700] "GET /blog/2011/05/02/ HTTP/1.1" 200 22026 "-" "Mozilla/5.0 (compatible; Ezooms/1.0; ezooms.bot@gmail.com)"
85.17.88.169 - - [04/Apr/2012:09:50:38 -0700] "POST /blog/wp-cron.php?doing_wp_cron=1333557962 HTTP/1.0" 499 0 "-" "WordPress/3.3.1; http://yuvi.in/blog"
208.115.111.68 - - [04/Apr/2012:09:50:38 -0700] "GET /blog/2012/01/ HTTP/1.1" 200 20443 "-" "Mozilla/5.0 (compatible; Ezooms/1.0; ezooms.bot@gmail.com)"
184.191.224.10 - - [04/Apr/2012:09:50:39 -0700] "GET / HTTP/1.1" 200 1430 "-" "Caffeinated/1.1.1 CFNetwork/520.3.2 Darwin/11.3.0 (x86_64) (MacBookPro8%2C1)"
184.191.224.10 - - [04/Apr/2012:09:50:39 -0700] "GET /favicon.ico HTTP/1.1" 404 142 "-" "Caffeinated/1.1.1 CFNetwork/520.3.2 Darwin/11.3.0 (x86_64) (MacBookPro8%2C1)"
85.17.88.169 - - [04/Apr/2012:09:50:44 -0700] "POST /blog/wp-cron.php?doing_wp_cron=1333557969 HTTP/1.0" 499 0 "-" "WordPress/3.3.1; http://yuvi.in/blog"
208.115.111.68 - - [04/Apr/2012:09:50:45 -0700] "GET /blog/author/admin/ HTTP/1.1" 200 50548 "-" "Mozilla/5.0 (compatible; Ezooms/1.0; ezooms.bot@gmail.com)"
113.193.113.191 - - [04/Apr/2012:09:50:47 -0700] "-" 400 0 "-" "-"
85.17.88.169 - - [04/Apr/2012:09:50:52 -0700] "POST /blog/wp-cron.php?doing_wp_cron=1333557977 HTTP/1.0" 499 0 "-" "WordPress/3.3.1; http://yuvi.in/blog"
208.115.111.68 - - [04/Apr/2012:09:50:53 -0700] "GET /blog/autokrish-because-we-dont-get-enough-jilpa/ HTTP/1.1" 200 17154 "-" "Mozilla/5.0 (compatible; Ezooms/1.0; ezooms.bot@gmail.com)"
208.115.111.68 - - [04/Apr/2012:09:51:00 -0700] "GET /blog/gsoc-2010-the-beginning.html HTTP/1.1" 200 6584 "-" "Mozilla/5.0 (compatible; Ezooms/1.0; ezooms.bot@gmail.com)"
85.17.88.169 - - [04/Apr/2012:09:51:03 -0700] "POST /blog/wp-cron.php?doing_wp_cron=1333557989 HTTP/1.0" 499 0 "-" "WordPress/3.3.1; http://yuvi.in/blog"
208.115.111.68 - - [04/Apr/2012:09:51:04 -0700] "GET /blog/temptations/ HTTP/1.1" 200 17197 "-" "Mozilla/5.0 (compatible; Ezooms/1.0; ezooms.bot@gmail.com)"
207.46.204.171 - - [04/Apr/2012:09:51:06 -0700] "-" 400 0 "-" "-"
207.46.204.171 - - [04/Apr/2012:09:51:06 -0700] "-" 400 0 "-" "-"
207.46.204.171 - - [04/Apr/2012:09:51:07 -0700] "-" 400 0 "-" "-"
207.46.204.171 - - [04/Apr/2012:09:51:09 -0700] "-" 400 0 "-" "-"
207.46.204.171 - - [04/Apr/2012:09:51:09 -0700] "-" 400 0 "-" "-"
207.46.204.171 - - [04/Apr/2012:09:51:10 -0700] "-" 400 0 "-" "-"
207.46.204.171 - - [04/Apr/2012:09:51:10 -0700] "-" 400 0 "-" "-"
207.46.204.171 - - [04/Apr/2012:09:51:11 -0700] "-" 400 0 "-" "-"
207.46.204.171 - - [04/Apr/2012:09:51:11 -0700] "-" 400 0 "-" "-"
207.46.204.171 - - [04/Apr/2012:09:51:11 -0700] "-" 400 0 "-" "-"
207.46.204.171 - - [04/Apr/2012:09:51:11 -0700] "-" 400 0 "-" "-"
207.46.204.171 - - [04/Apr/2012:09:51:13 -0700] "-" 400 0 "-" "-"
184.191.224.10 - - [04/Apr/2012:09:51:32 -0700] "GET / HTTP/1.1" 200 1430 "-" "Caffeinated/1.1.1 CFNetwork/520.3.2 Darwin/11.3.0 (x86_64) (MacBookPro8%2C1)"
184.191.224.10 - - [04/Apr/2012:09:51:32 -0700] "GET /favicon.ico HTTP/1.1" 404 142 "-" "Caffeinated/1.1.1 CFNetwork/520.3.2 Darwin/11.3.0 (x86_64) (MacBookPro8%2C1)"
207.46.204.171 - - [04/Apr/2012:09:52:00 -0700] "-" 400 0 "-" "-"
184.191.224.10 - - [04/Apr/2012:09:52:02 -0700] "GET / HTTP/1.1" 200 1430 "-" "Caffeinated/1.1.1 CFNetwork/520.3.2 Darwin/11.3.0 (x86_64) (MacBookPro8%2C1)"
184.191.224.10 - - [04/Apr/2012:09:52:02 -0700] "GET /favicon.ico HTTP/1.1" 404 142 "-" "Caffeinated/1.1.1 CFNetwork/520.3.2 Darwin/11.3.0 (x86_64) (MacBookPro8%2C1)"
69.171.228.251 - - [04/Apr/2012:09:53:04 -0700] "GET /r/3g7 HTTP/1.1" 301 255 "-" "facebookexternalhit/1.1 (+http://www.facebook.com/externalhit_uatext.php)"
69.171.228.250 - - [04/Apr/2012:09:53:04 -0700] "GET /s/ta/3g7/ HTTP/1.1" 302 465 "-" "facebookexternalhit/1.1 (+http://www.facebook.com/externalhit_uatext.php)"
184.191.224.10 - - [04/Apr/2012:09:53:09 -0700] "GET / HTTP/1.1" 200 1430 "-" "Caffeinated/1.1.1 CFNetwork/520.3.2 Darwin/11.3.0 (x86_64) (MacBookPro8%2C1)"
184.191.224.10 - - [04/Apr/2012:09:53:09 -0700] "GET /favicon.ico HTTP/1.1" 404 142 "-" "Caffeinated/1.1.1 CFNetwork/520.3.2 Darwin/11.3.0 (x86_64) (MacBookPro8%2C1)"
184.191.224.10 - - [04/Apr/2012:09:53:26 -0700] "GET / HTTP/1.1" 200 1430 "-" "Caffeinated/1.1.1 CFNetwork/520.3.2 Darwin/11.3.0 (x86_64) (MacBookPro8%2C1)"
184.191.224.10 - - [04/Apr/2012:09:53:27 -0700] "GET /favicon.ico HTTP/1.1" 404 142 "-" "Caffeinated/1.1.1 CFNetwork/520.3.2 Darwin/11.3.0 (x86_64) (MacBookPro8%2C1)"
117.202.132.140 - - [04/Apr/2012:09:53:43 -0700] "-" 400 0 "-" "-"
115.242.223.183 - - [04/Apr/2012:09:53:54 -0700] "-" 400 0 "-" "-"
184.191.224.10 - - [04/Apr/2012:09:54:25 -0700] "GET / HTTP/1.1" 200 1430 "-" "Caffeinated/1.1.1 CFNetwork/520.3.2 Darwin/11.3.0 (x86_64) (MacBookPro8%2C1)"
184.191.224.10 - - [04/Apr/2012:09:54:25 -0700] "GET /favicon.ico HTTP/1.1" 404 142 "-" "Caffeinated/1.1.1 CFNetwork/520.3.2 Darwin/11.3.0 (x86_64) (MacBookPro8%2C1)"
207.46.12.70 - - [04/Apr/2012:09:54:34 -0700] "-" 400 0 "-" "-"
207.46.12.70 - - [04/Apr/2012:09:54:34 -0700] "-" 400 0 "-" "-"
207.46.12.70 - - [04/Apr/2012:09:54:34 -0700] "-" 400 0 "-" "-"
207.46.12.70 - - [04/Apr/2012:09:54:37 -0700] "-" 400 0 "-" "-"
207.46.12.70 - - [04/Apr/2012:09:54:38 -0700] "-" 400 0 "-" "-"
207.46.12.70 - - [04/Apr/2012:09:54:40 -0700] "-" 400 0 "-" "-"
207.46.12.70 - - [04/Apr/2012:09:54:40 -0700] "-" 400 0 "-" "-"
207.46.12.70 - - [04/Apr/2012:09:54:40 -0700] "-" 400 0 "-" "-"
85.17.88.169 - - [04/Apr/2012:09:54:40 -0700] "POST /blog/wp-cron.php?doing_wp_cron=1333558205 HTTP/1.0" 499 0 "-" "WordPress/3.3.1; http://yuvi.in/blog"
207.46.12.70 - - [04/Apr/2012:09:54:40 -0700] "-" 400 0 "-" "-"
209.85.224.85 - - [04/Apr/2012:09:54:41 -0700] "GET /blog/feed HTTP/1.1" 304 0 "-" "FeedBurner/1.0 (http://www.FeedBurner.com)"
207.46.12.70 - - [04/Apr/2012:09:54:41 -0700] "-" 400 0 "-" "-"
184.191.224.10 - - [04/Apr/2012:09:54:50 -0700] "GET / HTTP/1.1" 200 1430 "-" "Caffeinated/1.1.1 CFNetwork/520.3.2 Darwin/11.3.0 (x86_64) (MacBookPro8%2C1)"
184.191.224.10 - - [04/Apr/2012:09:54:50 -0700] "GET /favicon.ico HTTP/1.1" 404 142 "-" "Caffeinated/1.1.1 CFNetwork/520.3.2 Darwin/11.3.0 (x86_64) (MacBookPro8%2C1)"
184.191.224.10 - - [04/Apr/2012:09:55:50 -0700] "GET / HTTP/1.1" 200 1430 "-" "Caffeinated/1.1.1 CFNetwork/520.3.2 Darwin/11.3.0 (x86_64) (MacBookPro8%2C1)"
184.191.224.10 - - [04/Apr/2012:09:55:50 -0700] "GET /favicon.ico HTTP/1.1" 404 142 "-" "Caffeinated/1.1.1 CFNetwork/520.3.2 Darwin/11.3.0 (x86_64) (MacBookPro8%2C1)"
113.193.113.191 - - [04/Apr/2012:09:56:00 -0700] "-" 400 0 "-" "-"
66.249.73.27 - - [04/Apr/2012:09:56:01 -0700] "GET /blog/gsoc-milestones-vala-build-using-autotools.html HTTP/1.1" 304 0 "-" "Mozilla/5.0 (compatible; Googlebot/2.1; +http://www.google.com/bot.html)"
184.191.224.10 - - [04/Apr/2012:09:56:16 -0700] "GET / HTTP/1.1" 200 1430 "-" "Caffeinated/1.1.1 CFNetwork/520.3.2 Darwin/11.3.0 (x86_64) (MacBookPro8%2C1)"
184.191.224.10 - - [04/Apr/2012:09:56:16 -0700] "GET /favicon.ico HTTP/1.1" 404 142 "-" "Caffeinated/1.1.1 CFNetwork/520.3.2 Darwin/11.3.0 (x86_64) (MacBookPro8%2C1)"
184.191.224.10 - - [04/Apr/2012:09:57:16 -0700] "GET / HTTP/1.1" 200 1430 "-" "Caffeinated/1.1.1 CFNetwork/520.3.2 Darwin/11.3.0 (x86_64) (MacBookPro8%2C1)"
184.191.224.10 - - [04/Apr/2012:09:57:16 -0700] "GET /favicon.ico HTTP/1.1" 404 142 "-" "Caffeinated/1.1.1 CFNetwork/520.3.2 Darwin/11.3.0 (x86_64) (MacBookPro8%2C1)"
113.193.113.191 - - [04/Apr/2012:09:57:34 -0700] "GET /static/js/img/slider.png HTTP/1.1" 408 0 "http://busroutes.in/chennai/path/1900/1972/" "Mozilla/5.0 (Windows NT 6.1; WOW64; rv:8.0.1) Gecko/20100101 Firefox/8.0.1"
184.191.224.10 - - [04/Apr/2012:09:57:45 -0700] "GET / HTTP/1.1" 200 1430 "-" "Caffeinated/1.1.1 CFNetwork/520.3.2 Darwin/11.3.0 (x86_64) (MacBookPro8%2C1)"
184.191.224.10 - - [04/Apr/2012:09:57:45 -0700] "GET /favicon.ico HTTP/1.1" 404 142 "-" "Caffeinated/1.1.1 CFNetwork/520.3.2 Darwin/11.3.0 (x86_64) (MacBookPro8%2C1)"
184.191.224.10 - - [04/Apr/2012:09:58:46 -0700] "GET / HTTP/1.1" 200 1430 "-" "Caffeinated/1.1.1 CFNetwork/520.3.2 Darwin/11.3.0 (x86_64) (MacBookPro8%2C1)"
184.191.224.10 - - [04/Apr/2012:09:58:46 -0700] "GET /favicon.ico HTTP/1.1" 404 142 "-" "Caffeinated/1.1.1 CFNetwork/520.3.2 Darwin/11.3.0 (x86_64) (MacBookPro8%2C1)"
113.193.113.191 - - [04/Apr/2012:09:59:04 -0700] "-" 400 0 "-" "-"
113.193.113.191 - - [04/Apr/2012:09:59:10 -0700] "-" 400 0 "-" "-"
85.17.88.169 - - [04/Apr/2012:09:59:14 -0700] "POST /blog/wp-cron.php?doing_wp_cron=1333558479 HTTP/1.0" 499 0 "-" "WordPress/3.3.1; http://yuvi.in/blog"
184.191.224.10 - - [04/Apr/2012:09:59:27 -0700] "GET / HTTP/1.1" 200 1430 "-" "Caffeinated/1.1.1 CFNetwork/520.3.2 Darwin/11.3.0 (x86_64) (MacBookPro8%2C1)"
184.191.224.10 - - [04/Apr/2012:09:59:27 -0700] "GET /favicon.ico HTTP/1.1" 404 142 "-" "Caffeinated/1.1.1 CFNetwork/520.3.2 Darwin/11.3.0 (x86_64) (MacBookPro8%2C1)"
184.191.224.10 - - [04/Apr/2012:10:00:22 -0700] "GET / HTTP/1.1" 200 1430 "-" "Caffeinated/1.1.1 CFNetwork/520.3.2 Darwin/11.3.0 (x86_64) (MacBookPro8%2C1)"
184.191.224.10 - - [04/Apr/2012:10:00:22 -0700] "GET /favicon.ico HTTP/1.1" 404 142 "-" "Caffeinated/1.1.1 CFNetwork/520.3.2 Darwin/11.3.0 (x86_64) (MacBookPro8%2C1)"
184.191.224.10 - - [04/Apr/2012:10:00:53 -0700] "GET / HTTP/1.1" 200 1430 "-" "Caffeinated/1.1.1 CFNetwork/520.3.2 Darwin/11.3.0 (x86_64) (MacBookPro8%2C1)"
184.191.224.10 - - [04/Apr/2012:10:00:53 -0700] "GET /favicon.ico HTTP/1.1" 404 142 "-" "Caffeinated/1.1.1 CFNetwork/520.3.2 Darwin/11.3.0 (x86_64) (MacBookPro8%2C1)"
122.164.38.72 - - [04/Apr/2012:10:01:43 -0700] "GET /r/33y1 HTTP/1.1" 301 257 "http://www.facebook.com/l.php?u=http%3A%2F%2Ftawp.in%2Fr%2F33y1&h=-AQGeWrA4AQH0fC4Bp7ulzKw6kLqQm1i0s6XpjHZBVJSspw&enc=AZOxkTeer15te0C-UTHGgbVclqOfAqEYdVUJ1tjPKtNDKbrpRw3ILWJI5n8cfbH8hjdccH3qehj_VcSpxnbAz1fj" "Mozilla/5.0 (Windows NT 5.1; rv:11.0) Gecko/20100101 Firefox/11.0"
122.164.38.72 - - [04/Apr/2012:10:01:43 -0700] "GET /s/ta/33y1/ HTTP/1.1" 302 615 "http://www.facebook.com/l.php?u=http%3A%2F%2Ftawp.in%2Fr%2F33y1&h=-AQGeWrA4AQH0fC4Bp7ulzKw6kLqQm1i0s6XpjHZBVJSspw&enc=AZOxkTeer15te0C-UTHGgbVclqOfAqEYdVUJ1tjPKtNDKbrpRw3ILWJI5n8cfbH8hjdccH3qehj_VcSpxnbAz1fj" "Mozilla/5.0 (Windows NT 5.1; rv:11.0) Gecko/20100101 Firefox/11.0"
122.164.38.72 - - [04/Apr/2012:10:01:48 -0700] "-" 400 0 "-" "-"
184.191.224.10 - - [04/Apr/2012:10:01:49 -0700] "GET / HTTP/1.1" 200 1430 "-" "Caffeinated/1.1.1 CFNetwork/520.3.2 Darwin/11.3.0 (x86_64) (MacBookPro8%2C1)"
184.191.224.10 - - [04/Apr/2012:10:01:50 -0700] "GET /favicon.ico HTTP/1.1" 404 142 "-" "Caffeinated/1.1.1 CFNetwork/520.3.2 Darwin/11.3.0 (x86_64) (MacBookPro8%2C1)"
85.17.88.169 - - [04/Apr/2012:10:01:57 -0700] "POST /blog/wp-cron.php?doing_wp_cron=1333558642 HTTP/1.0" 499 0 "-" "WordPress/3.3.1; http://yuvi.in/blog"
209.85.238.244 - - [04/Apr/2012:10:01:57 -0700] "GET /blog/feed HTTP/1.1" 301 0 "-" "Feedfetcher-Google; (+http://www.google.com/feedfetcher.html; 3 subscribers; feed-id=17684830852112633560)"
117.193.159.134 - - [04/Apr/2012:10:01:59 -0700] "GET /r/33y0 HTTP/1.1" 301 257 "http://t.co/y3gFNk0s" "Mozilla/5.0 (Windows NT 5.1) AppleWebKit/535.7 (KHTML, like Gecko) Chrome/16.0.912.77 Safari/535.7"
117.193.159.134 - - [04/Apr/2012:10:01:59 -0700] "GET /s/ta/33y0/ HTTP/1.1" 302 609 "http://t.co/y3gFNk0s" "Mozilla/5.0 (Windows NT 5.1) AppleWebKit/535.7 (KHTML, like Gecko) Chrome/16.0.912.77 Safari/535.7"
85.17.88.169 - - [04/Apr/2012:10:01:59 -0700] "POST /blog/wp-cron.php?doing_wp_cron=1333558644 HTTP/1.0" 499 0 "-" "WordPress/3.3.1; http://yuvi.in/blog"
209.85.238.244 - - [04/Apr/2012:10:02:00 -0700] "GET /blog/feed/ HTTP/1.1" 304 0 "-" "Feedfetcher-Google; (+http://www.google.com/feedfetcher.html; 3 subscribers; feed-id=17684830852112633560)"
85.17.88.169 - - [04/Apr/2012:10:02:02 -0700] "POST /blog/wp-cron.php?doing_wp_cron=1333558647 HTTP/1.0" 499 0 "-" "WordPress/3.3.1; http://yuvi.in/blog"
101.226.33.179 - - [04/Apr/2012:10:02:03 -0700] "GET /blog/feed HTTP/1.0" 304 0 "-" "Mozilla/4.0 (compatible; Windows;)"
117.193.159.134 - - [04/Apr/2012:10:02:14 -0700] "-" 400 0 "-" "-"
184.191.224.10 - - [04/Apr/2012:10:02:20 -0700] "GET / HTTP/1.1" 200 1430 "-" "Caffeinated/1.1.1 CFNetwork/520.3.2 Darwin/11.3.0 (x86_64) (MacBookPro8%2C1)"
184.191.224.10 - - [04/Apr/2012:10:02:20 -0700] "GET /favicon.ico HTTP/1.1" 404 142 "-" "Caffeinated/1.1.1 CFNetwork/520.3.2 Darwin/11.3.0 (x86_64) (MacBookPro8%2C1)"
113.193.113.191 - - [04/Apr/2012:10:03:09 -0700] "-" 400 0 "-" "-"
113.193.113.191 - - [04/Apr/2012:10:03:15 -0700] "-" 400 0 "-" "-"
184.191.224.10 - - [04/Apr/2012:10:03:19 -0700] "GET / HTTP/1.1" 200 1430 "-" "Caffeinated/1.1.1 CFNetwork/520.3.2 Darwin/11.3.0 (x86_64) (MacBookPro8%2C1)"
184.191.224.10 - - [04/Apr/2012:10:03:19 -0700] "GET /favicon.ico HTTP/1.1" 404 142 "-" "Caffeinated/1.1.1 CFNetwork/520.3.2 Darwin/11.3.0 (x86_64) (MacBookPro8%2C1)"
184.191.224.10 - - [04/Apr/2012:10:03:48 -0700] "GET / HTTP/1.1" 200 1430 "-" "Caffeinated/1.1.1 CFNetwork/520.3.2 Darwin/11.3.0 (x86_64) (MacBookPro8%2C1)"
184.191.224.10 - - [04/Apr/2012:10:03:48 -0700] "GET /favicon.ico HTTP/1.1" 404 142 "-" "Caffeinated/1.1.1 CFNetwork/520.3.2 Darwin/11.3.0 (x86_64) (MacBookPro8%2C1)"
184.191.224.10 - - [04/Apr/2012:10:04:48 -0700] "GET / HTTP/1.1" 200 1430 "-" "Caffeinated/1.1.1 CFNetwork/520.3.2 Darwin/11.3.0 (x86_64) (MacBookPro8%2C1)"
184.191.224.10 - - [04/Apr/2012:10:04:48 -0700] "GET /favicon.ico HTTP/1.1" 404 142 "-" "Caffeinated/1.1.1 CFNetwork/520.3.2 Darwin/11.3.0 (x86_64) (MacBookPro8%2C1)"
184.191.224.10 - - [04/Apr/2012:10:05:16 -0700] "GET / HTTP/1.1" 200 1430 "-" "Caffeinated/1.1.1 CFNetwork/520.3.2 Darwin/11.3.0 (x86_64) (MacBookPro8%2C1)"
184.191.224.10 - - [04/Apr/2012:10:05:16 -0700] "GET /favicon.ico HTTP/1.1" 404 142 "-" "Caffeinated/1.1.1 CFNetwork/520.3.2 Darwin/11.3.0 (x86_64) (MacBookPro8%2C1)"
184.191.224.10 - - [04/Apr/2012:10:06:16 -0700] "GET / HTTP/1.1" 200 1430 "-" "Caffeinated/1.1.1 CFNetwork/520.3.2 Darwin/11.3.0 (x86_64) (MacBookPro8%2C1)"
184.191.224.10 - - [04/Apr/2012:10:06:16 -0700] "GET /favicon.ico HTTP/1.1" 404 142 "-" "Caffeinated/1.1.1 CFNetwork/520.3.2 Darwin/11.3.0 (x86_64) (MacBookPro8%2C1)"
184.191.224.10 - - [04/Apr/2012:10:06:41 -0700] "GET / HTTP/1.1" 200 1430 "-" "Caffeinated/1.1.1 CFNetwork/520.3.2 Darwin/11.3.0 (x86_64) (MacBookPro8%2C1)"
184.191.224.10 - - [04/Apr/2012:10:06:41 -0700] "GET /favicon.ico HTTP/1.1" 404 142 "-" "Caffeinated/1.1.1 CFNetwork/520.3.2 Darwin/11.3.0 (x86_64) (MacBookPro8%2C1)"
69.171.228.250 - - [04/Apr/2012:10:07:34 -0700] "GET /r/3a3 HTTP/1.1" 301 255 "-" "facebookexternalhit/1.1 (+http://www.facebook.com/externalhit_uatext.php)"
69.171.228.249 - - [04/Apr/2012:10:07:34 -0700] "GET /s/ta/3a3/ HTTP/1.1" 302 485 "-" "facebookexternalhit/1.1 (+http://www.facebook.com/externalhit_uatext.php)"
184.191.224.10 - - [04/Apr/2012:10:07:41 -0700] "GET / HTTP/1.1" 200 1430 "-" "Caffeinated/1.1.1 CFNetwork/520.3.2 Darwin/11.3.0 (x86_64) (MacBookPro8%2C1)"
184.191.224.10 - - [04/Apr/2012:10:07:41 -0700] "GET /favicon.ico HTTP/1.1" 404 142 "-" "Caffeinated/1.1.1 CFNetwork/520.3.2 Darwin/11.3.0 (x86_64) (MacBookPro8%2C1)"
113.193.113.191 - - [04/Apr/2012:10:08:01 -0700] "-" 400 0 "-" "-"
184.191.224.10 - - [04/Apr/2012:10:08:07 -0700] "GET / HTTP/1.1" 200 1430 "-" "Caffeinated/1.1.1 CFNetwork/520.3.2 Darwin/11.3.0 (x86_64) (MacBookPro8%2C1)"
184.191.224.10 - - [04/Apr/2012:10:08:07 -0700] "GET /favicon.ico HTTP/1.1" 404 142 "-" "Caffeinated/1.1.1 CFNetwork/520.3.2 Darwin/11.3.0 (x86_64) (MacBookPro8%2C1)"
117.193.195.167 - - [04/Apr/2012:10:08:44 -0700] "-" 400 0 "-" "-"
184.191.224.10 - - [04/Apr/2012:10:09:07 -0700] "GET / HTTP/1.1" 200 1430 "-" "Caffeinated/1.1.1 CFNetwork/520.3.2 Darwin/11.3.0 (x86_64) (MacBookPro8%2C1)"
