184.191.224.10 - - [03/Apr/2012:08:26:00 -0700] "GET / HTTP/1.1" 200 1430 "-" "Caffeinated/1.1.1 CFNetwork/520.3.2 Darwin/11.3.0 (x86_64) (MacBookPro8%2C1)"
184.191.224.10 - - [03/Apr/2012:08:26:00 -0700] "GET /favicon.ico HTTP/1.1" 404 142 "-" "Caffeinated/1.1.1 CFNetwork/520.3.2 Darwin/11.3.0 (x86_64) (MacBookPro8%2C1)"
184.191.224.10 - - [03/Apr/2012:08:26:58 -0700] "GET / HTTP/1.1" 200 1430 "-" "Caffeinated/1.1.1 CFNetwork/520.3.2 Darwin/11.3.0 (x86_64) (MacBookPro8%2C1)"
184.191.224.10 - - [03/Apr/2012:08:26:58 -0700] "GET /favicon.ico HTTP/1.1" 404 142 "-" "Caffeinated/1.1.1 CFNetwork/520.3.2 Darwin/11.3.0 (x86_64) (MacBookPro8%2C1)"
220.255.2.229 - - [03/Apr/2012:08:27:11 -0700] "GET /r/1kar HTTP/1.1" 301 257 "http://ta.wikipedia.org/wiki/%E0%AE%AA%E0%AE%9F%E0%AE%BF%E0%AE%AE%E0%AE%AE%E0%AF%8D:Tamil_Virtual_University.jpg" "Mozilla/5.0 (compatible; MSIE 9.0; Windows NT 6.0; WOW64; Trident/5.0)"
220.255.2.193 - - [03/Apr/2012:08:27:12 -0700] "GET /s/ta/1kar/ HTTP/1.1" 302 399 "http://ta.wikipedia.org/wiki/%E0%AE%AA%E0%AE%9F%E0%AE%BF%E0%AE%AE%E0%AE%AE%E0%AF%8D:Tamil_Virtual_University.jpg" "Mozilla/5.0 (compatible; MSIE 9.0; Windows NT 6.0; WOW64; Trident/5.0)"
220.255.2.209 - - [03/Apr/2012:08:27:19 -0700] "GET /s/ta/1kar/ HTTP/1.1" 302 399 "http://ta.wikipedia.org/wiki/%E0%AE%AA%E0%AE%9F%E0%AE%BF%E0%AE%AE%E0%AE%AE%E0%AF%8D:Tamil_Virtual_University.jpg" "Mozilla/5.0 (compatible; MSIE 9.0; Windows NT 6.0; WOW64; Trident/5.0)"
220.255.1.91 - - [03/Apr/2012:08:27:24 -0700] "-" 400 0 "-" "-"
220.255.1.87 - - [03/Apr/2012:08:27:25 -0700] "-" 400 0 "-" "-"
184.191.224.10 - - [03/Apr/2012:08:27:28 -0700] "GET / HTTP/1.1" 200 1430 "-" "Caffeinated/1.1.1 CFNetwork/520.3.2 Darwin/11.3.0 (x86_64) (MacBookPro8%2C1)"
184.191.224.10 - - [03/Apr/2012:08:27:28 -0700] "GET /favicon.ico HTTP/1.1" 404 142 "-" "Caffeinated/1.1.1 CFNetwork/520.3.2 Darwin/11.3.0 (x86_64) (MacBookPro8%2C1)"
220.255.1.42 - - [03/Apr/2012:08:27:29 -0700] "-" 400 0 "-" "-"
220.255.1.83 - - [03/Apr/2012:08:27:31 -0700] "-" 400 0 "-" "-"
184.191.224.10 - - [03/Apr/2012:08:28:26 -0700] "GET / HTTP/1.1" 200 1430 "-" "Caffeinated/1.1.1 CFNetwork/520.3.2 Darwin/11.3.0 (x86_64) (MacBookPro8%2C1)"
184.191.224.10 - - [03/Apr/2012:08:28:27 -0700] "GET /favicon.ico HTTP/1.1" 404 142 "-" "Caffeinated/1.1.1 CFNetwork/520.3.2 Darwin/11.3.0 (x86_64) (MacBookPro8%2C1)"
184.191.224.10 - - [03/Apr/2012:08:28:54 -0700] "GET / HTTP/1.1" 200 1430 "-" "Caffeinated/1.1.1 CFNetwork/520.3.2 Darwin/11.3.0 (x86_64) (MacBookPro8%2C1)"
184.191.224.10 - - [03/Apr/2012:08:28:54 -0700] "GET /favicon.ico HTTP/1.1" 404 142 "-" "Caffeinated/1.1.1 CFNetwork/520.3.2 Darwin/11.3.0 (x86_64) (MacBookPro8%2C1)"
117.193.193.94 - - [03/Apr/2012:08:29:22 -0700] "GET /r/1uhy HTTP/1.1" 301 257 "http://www.facebook.com/l.php?u=http%3A%2F%2Ftawp.in%2Fr%2F1uhy&h=6AQE9cFNYAQF4qMW5LKX7koLu3JDBNz9GTQUZAQB0z1u6yQ" "Mozilla/5.0 (Windows NT 5.1) AppleWebKit/535.11 (KHTML, like Gecko) Chrome/17.0.963.83 Safari/535.11"
117.193.193.94 - - [03/Apr/2012:08:29:23 -0700] "GET /s/ta/1uhy/ HTTP/1.1" 302 617 "http://www.facebook.com/l.php?u=http%3A%2F%2Ftawp.in%2Fr%2F1uhy&h=6AQE9cFNYAQF4qMW5LKX7koLu3JDBNz9GTQUZAQB0z1u6yQ" "Mozilla/5.0 (Windows NT 5.1) AppleWebKit/535.11 (KHTML, like Gecko) Chrome/17.0.963.83 Safari/535.11"
184.191.224.10 - - [03/Apr/2012:08:29:54 -0700] "GET / HTTP/1.1" 200 1430 "-" "Caffeinated/1.1.1 CFNetwork/520.3.2 Darwin/11.3.0 (x86_64) (MacBookPro8%2C1)"
184.191.224.10 - - [03/Apr/2012:08:29:54 -0700] "GET /favicon.ico HTTP/1.1" 404 142 "-" "Caffeinated/1.1.1 CFNetwork/520.3.2 Darwin/11.3.0 (x86_64) (MacBookPro8%2C1)"
184.191.224.10 - - [03/Apr/2012:08:30:23 -0700] "GET / HTTP/1.1" 200 1430 "-" "Caffeinated/1.1.1 CFNetwork/520.3.2 Darwin/11.3.0 (x86_64) (MacBookPro8%2C1)"
184.191.224.10 - - [03/Apr/2012:08:30:23 -0700] "GET /favicon.ico HTTP/1.1" 404 142 "-" "Caffeinated/1.1.1 CFNetwork/520.3.2 Darwin/11.3.0 (x86_64) (MacBookPro8%2C1)"
208.107.186.77 - - [03/Apr/2012:08:31:04 -0700] "GET /robots.txt HTTP/1.0" 404 169 "-" "Mozilla/5.0 (compatible; MJ12bot/v1.4.2; http://www.majestic12.co.uk/bot.php?+)"
85.17.88.169 - - [03/Apr/2012:08:31:08 -0700] "POST /blog/wp-cron.php?doing_wp_cron=1333466801 HTTP/1.0" 499 0 "-" "WordPress/3.3.1; http://yuvi.in/blog"
208.107.186.77 - - [03/Apr/2012:08:31:08 -0700] "GET /blog/interview-sriram-krishnan-5-years-old HTTP/1.1" 301 0 "-" "Mozilla/5.0 (compatible; MJ12bot/v1.4.2; http://www.majestic12.co.uk/bot.php?+)"
85.17.88.169 - - [03/Apr/2012:08:31:12 -0700] "POST /blog/wp-cron.php?doing_wp_cron=1333466805 HTTP/1.0" 499 0 "-" "WordPress/3.3.1; http://yuvi.in/blog"
208.107.186.77 - - [03/Apr/2012:08:31:13 -0700] "GET /blog/interview-sriram-krishnan-5-years-old/ HTTP/1.1" 200 49643 "-" "Mozilla/5.0 (compatible; MJ12bot/v1.4.2; http://www.majestic12.co.uk/bot.php?+)"
85.17.88.169 - - [03/Apr/2012:08:31:16 -0700] "POST /blog/wp-cron.php?doing_wp_cron=1333466809 HTTP/1.0" 499 0 "-" "WordPress/3.3.1; http://yuvi.in/blog"
208.107.186.77 - - [03/Apr/2012:08:31:16 -0700] "GET /blog/my-vim-setup HTTP/1.1" 301 0 "-" "Mozilla/5.0 (compatible; MJ12bot/v1.4.2; http://www.majestic12.co.uk/bot.php?+)"
85.17.88.169 - - [03/Apr/2012:08:31:21 -0700] "POST /blog/wp-cron.php?doing_wp_cron=1333466815 HTTP/1.0" 499 0 "-" "WordPress/3.3.1; http://yuvi.in/blog"
208.107.186.77 - - [03/Apr/2012:08:31:22 -0700] "GET /blog/my-vim-setup/ HTTP/1.1" 200 7100 "-" "Mozilla/5.0 (compatible; MJ12bot/v1.4.2; http://www.majestic12.co.uk/bot.php?+)"
184.191.224.10 - - [03/Apr/2012:08:31:24 -0700] "GET / HTTP/1.1" 200 1430 "-" "Caffeinated/1.1.1 CFNetwork/520.3.2 Darwin/11.3.0 (x86_64) (MacBookPro8%2C1)"
184.191.224.10 - - [03/Apr/2012:08:31:24 -0700] "GET /favicon.ico HTTP/1.1" 404 142 "-" "Caffeinated/1.1.1 CFNetwork/520.3.2 Darwin/11.3.0 (x86_64) (MacBookPro8%2C1)"
85.17.88.169 - - [03/Apr/2012:08:31:26 -0700] "POST /blog/wp-cron.php?doing_wp_cron=1333466819 HTTP/1.0" 499 0 "-" "WordPress/3.3.1; http://yuvi.in/blog"
208.107.186.77 - - [03/Apr/2012:08:31:26 -0700] "GET /blog/the-fridge-at-interviewstreet-office HTTP/1.1" 301 0 "-" "Mozilla/5.0 (compatible; MJ12bot/v1.4.2; http://www.majestic12.co.uk/bot.php?+)"
85.17.88.169 - - [03/Apr/2012:08:31:30 -0700] "POST /blog/wp-cron.php?doing_wp_cron=1333466824 HTTP/1.0" 499 0 "-" "WordPress/3.3.1; http://yuvi.in/blog"
208.107.186.77 - - [03/Apr/2012:08:31:31 -0700] "GET /blog/the-fridge-at-interviewstreet-office/ HTTP/1.1" 200 4986 "-" "Mozilla/5.0 (compatible; MJ12bot/v1.4.2; http://www.majestic12.co.uk/bot.php?+)"
184.191.224.10 - - [03/Apr/2012:08:31:54 -0700] "GET / HTTP/1.1" 200 1430 "-" "Caffeinated/1.1.1 CFNetwork/520.3.2 Darwin/11.3.0 (x86_64) (MacBookPro8%2C1)"
184.191.224.10 - - [03/Apr/2012:08:31:54 -0700] "GET /favicon.ico HTTP/1.1" 404 142 "-" "Caffeinated/1.1.1 CFNetwork/520.3.2 Darwin/11.3.0 (x86_64) (MacBookPro8%2C1)"
49.205.2.254 - - [03/Apr/2012:08:32:29 -0700] "-" 400 0 "-" "-"
141.0.10.255 - - [03/Apr/2012:08:32:46 -0700] "-" 400 0 "-" "-"
209.117.161.166 - - [03/Apr/2012:08:32:47 -0700] "GET /stories/tag/blue.html HTTP/1.1" 200 2263 "-" "-"
184.191.224.10 - - [03/Apr/2012:08:32:54 -0700] "GET / HTTP/1.1" 200 1430 "-" "Caffeinated/1.1.1 CFNetwork/520.3.2 Darwin/11.3.0 (x86_64) (MacBookPro8%2C1)"
184.191.224.10 - - [03/Apr/2012:08:32:54 -0700] "GET /favicon.ico HTTP/1.1" 404 142 "-" "Caffeinated/1.1.1 CFNetwork/520.3.2 Darwin/11.3.0 (x86_64) (MacBookPro8%2C1)"
85.17.88.169 - - [03/Apr/2012:08:33:09 -0700] "POST /blog/wp-cron.php?doing_wp_cron=1333466922 HTTP/1.0" 499 0 "-" "WordPress/3.3.1; http://yuvi.in/blog"
209.85.238.244 - - [03/Apr/2012:08:33:09 -0700] "GET /blog/feed HTTP/1.1" 301 0 "-" "Feedfetcher-Google; (+http://www.google.com/feedfetcher.html; 3 subscribers; feed-id=17684830852112633560)"
85.17.88.169 - - [03/Apr/2012:08:33:11 -0700] "POST /blog/wp-cron.php?doing_wp_cron=1333466925 HTTP/1.0" 200 0 "-" "WordPress/3.3.1; http://yuvi.in/blog"
209.85.238.244 - - [03/Apr/2012:08:33:12 -0700] "GET /blog/feed/ HTTP/1.1" 304 0 "-" "Feedfetcher-Google; (+http://www.google.com/feedfetcher.html; 3 subscribers; feed-id=17684830852112633560)"
184.191.224.10 - - [03/Apr/2012:08:33:20 -0700] "GET / HTTP/1.1" 200 1430 "-" "Caffeinated/1.1.1 CFNetwork/520.3.2 Darwin/11.3.0 (x86_64) (MacBookPro8%2C1)"
184.191.224.10 - - [03/Apr/2012:08:33:20 -0700] "GET /favicon.ico HTTP/1.1" 404 142 "-" "Caffeinated/1.1.1 CFNetwork/520.3.2 Darwin/11.3.0 (x86_64) (MacBookPro8%2C1)"
184.191.224.10 - - [03/Apr/2012:08:34:20 -0700] "GET / HTTP/1.1" 200 1430 "-" "Caffeinated/1.1.1 CFNetwork/520.3.2 Darwin/11.3.0 (x86_64) (MacBookPro8%2C1)"
184.191.224.10 - - [03/Apr/2012:08:34:21 -0700] "GET /favicon.ico HTTP/1.1" 404 142 "-" "Caffeinated/1.1.1 CFNetwork/520.3.2 Darwin/11.3.0 (x86_64) (MacBookPro8%2C1)"
184.191.224.10 - - [03/Apr/2012:08:34:50 -0700] "GET / HTTP/1.1" 200 1430 "-" "Caffeinated/1.1.1 CFNetwork/520.3.2 Darwin/11.3.0 (x86_64) (MacBookPro8%2C1)"
184.191.224.10 - - [03/Apr/2012:08:34:50 -0700] "GET /favicon.ico HTTP/1.1" 404 142 "-" "Caffeinated/1.1.1 CFNetwork/520.3.2 Darwin/11.3.0 (x86_64) (MacBookPro8%2C1)"
207.46.12.70 - - [03/Apr/2012:08:34:51 -0700] "-" 400 0 "-" "-"
207.46.12.70 - - [03/Apr/2012:08:34:52 -0700] "-" 400 0 "-" "-"
207.46.12.70 - - [03/Apr/2012:08:34:53 -0700] "-" 400 0 "-" "-"
207.46.12.70 - - [03/Apr/2012:08:34:54 -0700] "-" 400 0 "-" "-"
207.46.12.70 - - [03/Apr/2012:08:34:54 -0700] "-" 400 0 "-" "-"
207.46.12.70 - - [03/Apr/2012:08:34:54 -0700] "-" 400 0 "-" "-"
207.46.12.70 - - [03/Apr/2012:08:34:54 -0700] "-" 400 0 "-" "-"
207.46.12.70 - - [03/Apr/2012:08:34:55 -0700] "-" 400 0 "-" "-"
207.46.12.70 - - [03/Apr/2012:08:34:55 -0700] "-" 400 0 "-" "-"
207.46.12.70 - - [03/Apr/2012:08:34:55 -0700] "-" 400 0 "-" "-"
49.205.2.254 - - [03/Apr/2012:08:35:09 -0700] "-" 400 0 "-" "-"
49.205.2.254 - - [03/Apr/2012:08:35:09 -0700] "-" 400 0 "-" "-"
49.205.2.254 - - [03/Apr/2012:08:35:09 -0700] "-" 400 0 "-" "-"
49.205.2.254 - - [03/Apr/2012:08:35:09 -0700] "-" 400 0 "-" "-"
184.191.224.10 - - [03/Apr/2012:08:35:47 -0700] "GET / HTTP/1.1" 200 1430 "-" "Caffeinated/1.1.1 CFNetwork/520.3.2 Darwin/11.3.0 (x86_64) (MacBookPro8%2C1)"
184.191.224.10 - - [03/Apr/2012:08:35:47 -0700] "GET /favicon.ico HTTP/1.1" 404 142 "-" "Caffeinated/1.1.1 CFNetwork/520.3.2 Darwin/11.3.0 (x86_64) (MacBookPro8%2C1)"
207.46.12.70 - - [03/Apr/2012:08:35:49 -0700] "-" 400 0 "-" "-"
184.191.224.10 - - [03/Apr/2012:08:36:13 -0700] "GET / HTTP/1.1" 200 1430 "-" "Caffeinated/1.1.1 CFNetwork/520.3.2 Darwin/11.3.0 (x86_64) (MacBookPro8%2C1)"
184.191.224.10 - - [03/Apr/2012:08:36:13 -0700] "GET /favicon.ico HTTP/1.1" 404 142 "-" "Caffeinated/1.1.1 CFNetwork/520.3.2 Darwin/11.3.0 (x86_64) (MacBookPro8%2C1)"
122.164.37.172 - - [03/Apr/2012:08:36:22 -0700] "-" 400 0 "-" "-"
1.186.9.208 - - [03/Apr/2012:08:36:52 -0700] "GET / HTTP/1.1" 200 1430 "http://www.google.co.in/url?sa=t&rct=j&q=&esrc=s&source=web&cd=1&sqi=2&ved=0CCYQFjAA&url=http%3A%2F%2Fyuvi.in%2F&ei=Bhh7T5mNC8jKrAfh6K2VAg&usg=AFQjCNGCp_KinRzG9gFsQqxb60Cy8lsxnA&sig2=PfYE7WzOh275ZF15MSkrRw" "Mozilla/5.0 (Windows NT 6.1; rv:11.0) Gecko/20100101 Firefox/11.0"
1.186.9.208 - - [03/Apr/2012:08:36:52 -0700] "GET /blueprint/screen.css HTTP/1.1" 200 12058 "http://yuvi.in/" "Mozilla/5.0 (Windows NT 6.1; rv:11.0) Gecko/20100101 Firefox/11.0"
1.186.9.208 - - [03/Apr/2012:08:36:52 -0700] "GET /blueprint/print.css HTTP/1.1" 200 1284 "http://yuvi.in/" "Mozilla/5.0 (Windows NT 6.1; rv:11.0) Gecko/20100101 Firefox/11.0"
1.186.9.208 - - [03/Apr/2012:08:36:53 -0700] "GET /header.png HTTP/1.1" 200 14249 "http://yuvi.in/" "Mozilla/5.0 (Windows NT 6.1; rv:11.0) Gecko/20100101 Firefox/11.0"
1.186.9.208 - - [03/Apr/2012:08:36:54 -0700] "GET /favicon.ico HTTP/1.1" 404 142 "-" "Mozilla/5.0 (Windows NT 6.1; rv:11.0) Gecko/20100101 Firefox/11.0"
1.186.9.208 - - [03/Apr/2012:08:36:57 -0700] "-" 400 0 "-" "-"
1.186.9.208 - - [03/Apr/2012:08:36:58 -0700] "-" 400 0 "-" "-"
184.191.224.10 - - [03/Apr/2012:08:37:14 -0700] "GET / HTTP/1.1" 200 1430 "-" "Caffeinated/1.1.1 CFNetwork/520.3.2 Darwin/11.3.0 (x86_64) (MacBookPro8%2C1)"
184.191.224.10 - - [03/Apr/2012:08:37:14 -0700] "GET /favicon.ico HTTP/1.1" 404 142 "-" "Caffeinated/1.1.1 CFNetwork/520.3.2 Darwin/11.3.0 (x86_64) (MacBookPro8%2C1)"
1.186.9.208 - - [03/Apr/2012:08:37:21 -0700] "GET /blog HTTP/1.1" 301 178 "http://yuvi.in/" "Mozilla/5.0 (Windows NT 6.1; rv:11.0) Gecko/20100101 Firefox/11.0"
85.17.88.169 - - [03/Apr/2012:08:37:23 -0700] "POST /blog/wp-cron.php?doing_wp_cron=1333467177 HTTP/1.0" 499 0 "-" "WordPress/3.3.1; http://yuvi.in/blog"
1.186.9.208 - - [03/Apr/2012:08:37:24 -0700] "GET /blog/ HTTP/1.1" 200 9195 "http://yuvi.in/" "Mozilla/5.0 (Windows NT 6.1; rv:11.0) Gecko/20100101 Firefox/11.0"
1.186.9.208 - - [03/Apr/2012:08:37:25 -0700] "GET /blog/wp-content/themes/cleanr/style.css HTTP/1.1" 200 10508 "http://yuvi.in/blog/" "Mozilla/5.0 (Windows NT 6.1; rv:11.0) Gecko/20100101 Firefox/11.0"
1.186.9.208 - - [03/Apr/2012:08:37:25 -0700] "GET /blog/wp-content/themes/cleanr/js/jquery.dropdown.js?ver=3.3.1 HTTP/1.1" 200 535 "http://yuvi.in/blog/" "Mozilla/5.0 (Windows NT 6.1; rv:11.0) Gecko/20100101 Firefox/11.0"
1.186.9.208 - - [03/Apr/2012:08:37:26 -0700] "GET /blog/wp-content/themes/cleanr/css/reset.css HTTP/1.1" 200 648 "http://yuvi.in/blog/wp-content/themes/cleanr/style.css" "Mozilla/5.0 (Windows NT 6.1; rv:11.0) Gecko/20100101 Firefox/11.0"
1.186.9.208 - - [03/Apr/2012:08:37:26 -0700] "GET /blog/wp-content/themes/cleanr/css/text.css HTTP/1.1" 200 420 "http://yuvi.in/blog/wp-content/themes/cleanr/style.css" "Mozilla/5.0 (Windows NT 6.1; rv:11.0) Gecko/20100101 Firefox/11.0"
1.186.9.208 - - [03/Apr/2012:08:37:26 -0700] "GET /blog/wp-content/themes/cleanr/css/960.css HTTP/1.1" 200 3628 "http://yuvi.in/blog/wp-content/themes/cleanr/style.css" "Mozilla/5.0 (Windows NT 6.1; rv:11.0) Gecko/20100101 Firefox/11.0"
1.186.9.208 - - [03/Apr/2012:08:37:26 -0700] "GET /blog/wp-includes/js/jquery/jquery.js?ver=1.7.1 HTTP/1.1" 200 93889 "http://yuvi.in/blog/" "Mozilla/5.0 (Windows NT 6.1; rv:11.0) Gecko/20100101 Firefox/11.0"
1.186.9.208 - - [03/Apr/2012:08:37:27 -0700] "GET /blog/wp-content/themes/cleanr/images/search_magnifier.gif HTTP/1.1" 200 394 "http://yuvi.in/blog/" "Mozilla/5.0 (Windows NT 6.1; rv:11.0) Gecko/20100101 Firefox/11.0"
1.186.9.208 - - [03/Apr/2012:08:37:29 -0700] "-" 400 0 "-" "-"
1.186.9.208 - - [03/Apr/2012:08:37:29 -0700] "-" 400 0 "-" "-"
184.191.224.10 - - [03/Apr/2012:08:37:39 -0700] "GET / HTTP/1.1" 200 1430 "-" "Caffeinated/1.1.1 CFNetwork/520.3.2 Darwin/11.3.0 (x86_64) (MacBookPro8%2C1)"
184.191.224.10 - - [03/Apr/2012:08:37:39 -0700] "GET /favicon.ico HTTP/1.1" 404 142 "-" "Caffeinated/1.1.1 CFNetwork/520.3.2 Darwin/11.3.0 (x86_64) (MacBookPro8%2C1)"
122.164.37.172 - - [03/Apr/2012:08:38:08 -0700] "-" 400 0 "-" "-"
1.186.9.208 - - [03/Apr/2012:08:38:08 -0700] "GET /blog/ HTTP/1.1" 200 9195 "http://yuvi.in/" "Mozilla/5.0 (Windows NT 6.1; rv:11.0) Gecko/20100101 Firefox/11.0"
122.164.37.172 - - [03/Apr/2012:08:38:14 -0700] "-" 400 0 "-" "-"
184.191.224.10 - - [03/Apr/2012:08:38:39 -0700] "GET / HTTP/1.1" 200 1430 "-" "Caffeinated/1.1.1 CFNetwork/520.3.2 Darwin/11.3.0 (x86_64) (MacBookPro8%2C1)"
184.191.224.10 - - [03/Apr/2012:08:38:39 -0700] "GET /favicon.ico HTTP/1.1" 404 142 "-" "Caffeinated/1.1.1 CFNetwork/520.3.2 Darwin/11.3.0 (x86_64) (MacBookPro8%2C1)"
184.191.224.10 - - [03/Apr/2012:08:39:06 -0700] "GET / HTTP/1.1" 200 1430 "-" "Caffeinated/1.1.1 CFNetwork/520.3.2 Darwin/11.3.0 (x86_64) (MacBookPro8%2C1)"
184.191.224.10 - - [03/Apr/2012:08:39:06 -0700] "GET /favicon.ico HTTP/1.1" 404 142 "-" "Caffeinated/1.1.1 CFNetwork/520.3.2 Darwin/11.3.0 (x86_64) (MacBookPro8%2C1)"
96.127.150.29 - - [03/Apr/2012:08:39:09 -0700] "GET /blog/ HTTP/1.0" 200 33162 "http://yuvi.in/blog/" "Mozilla/4.0 (compatible; MSIE 6.0; Windows NT 5.0; .NET CLR 1.0.3705; .NET CLR 1.1.4322)"
122.164.37.172 - - [03/Apr/2012:08:39:38 -0700] "-" 400 0 "-" "-"
122.164.37.172 - - [03/Apr/2012:08:39:47 -0700] "-" 400 0 "-" "-"
184.191.224.10 - - [03/Apr/2012:08:39:59 -0700] "GET / HTTP/1.1" 200 1430 "-" "Caffeinated/1.1.1 CFNetwork/520.3.2 Darwin/11.3.0 (x86_64) (MacBookPro8%2C1)"
184.191.224.10 - - [03/Apr/2012:08:39:59 -0700] "GET /favicon.ico HTTP/1.1" 404 142 "-" "Caffeinated/1.1.1 CFNetwork/520.3.2 Darwin/11.3.0 (x86_64) (MacBookPro8%2C1)"
184.191.224.10 - - [03/Apr/2012:08:40:34 -0700] "GET / HTTP/1.1" 200 1430 "-" "Caffeinated/1.1.1 CFNetwork/520.3.2 Darwin/11.3.0 (x86_64) (MacBookPro8%2C1)"
184.191.224.10 - - [03/Apr/2012:08:40:34 -0700] "GET /favicon.ico HTTP/1.1" 404 142 "-" "Caffeinated/1.1.1 CFNetwork/520.3.2 Darwin/11.3.0 (x86_64) (MacBookPro8%2C1)"
69.171.247.2 - - [03/Apr/2012:08:41:19 -0700] "GET /r/252 HTTP/1.1" 301 255 "-" "facebookexternalhit/1.1 (+http://www.facebook.com/externalhit_uatext.php)"
69.171.247.1 - - [03/Apr/2012:08:41:20 -0700] "GET /s/ta/252/ HTTP/1.1" 302 461 "-" "facebookexternalhit/1.1 (+http://www.facebook.com/externalhit_uatext.php)"
184.191.224.10 - - [03/Apr/2012:08:41:27 -0700] "GET / HTTP/1.1" 200 1430 "-" "Caffeinated/1.1.1 CFNetwork/520.3.2 Darwin/11.3.0 (x86_64) (MacBookPro8%2C1)"
184.191.224.10 - - [03/Apr/2012:08:41:27 -0700] "GET /favicon.ico HTTP/1.1" 404 142 "-" "Caffeinated/1.1.1 CFNetwork/520.3.2 Darwin/11.3.0 (x86_64) (MacBookPro8%2C1)"
184.191.224.10 - - [03/Apr/2012:08:41:56 -0700] "GET / HTTP/1.1" 200 1430 "-" "Caffeinated/1.1.1 CFNetwork/520.3.2 Darwin/11.3.0 (x86_64) (MacBookPro8%2C1)"
184.191.224.10 - - [03/Apr/2012:08:41:56 -0700] "GET /favicon.ico HTTP/1.1" 404 142 "-" "Caffeinated/1.1.1 CFNetwork/520.3.2 Darwin/11.3.0 (x86_64) (MacBookPro8%2C1)"
85.17.88.169 - - [03/Apr/2012:08:42:00 -0700] "POST /blog/wp-cron.php?doing_wp_cron=1333467454 HTTP/1.0" 499 0 "-" "WordPress/3.3.1; http://yuvi.in/blog"
209.117.161.166 - - [03/Apr/2012:08:42:06 -0700] "GET /blog/category/so-called-it/ HTTP/1.1" 200 36498 "-" "-"
74.125.126.100 - - [03/Apr/2012:08:42:18 -0700] "GET /favicon.ico HTTP/1.1" 404 211 "-" "-"
184.191.224.10 - - [03/Apr/2012:08:42:57 -0700] "GET / HTTP/1.1" 200 1430 "-" "Caffeinated/1.1.1 CFNetwork/520.3.2 Darwin/11.3.0 (x86_64) (MacBookPro8%2C1)"
184.191.224.10 - - [03/Apr/2012:08:42:57 -0700] "GET /favicon.ico HTTP/1.1" 404 142 "-" "Caffeinated/1.1.1 CFNetwork/520.3.2 Darwin/11.3.0 (x86_64) (MacBookPro8%2C1)"
184.191.224.10 - - [03/Apr/2012:08:43:23 -0700] "GET / HTTP/1.1" 200 1430 "-" "Caffeinated/1.1.1 CFNetwork/520.3.2 Darwin/11.3.0 (x86_64) (MacBookPro8%2C1)"
184.191.224.10 - - [03/Apr/2012:08:43:23 -0700] "GET /favicon.ico HTTP/1.1" 404 142 "-" "Caffeinated/1.1.1 CFNetwork/520.3.2 Darwin/11.3.0 (x86_64) (MacBookPro8%2C1)"
122.164.37.172 - - [03/Apr/2012:08:43:30 -0700] "-" 400 0 "-" "-"
85.17.88.169 - - [03/Apr/2012:08:43:31 -0700] "POST /blog/wp-cron.php?doing_wp_cron=1333467544 HTTP/1.0" 499 0 "-" "WordPress/3.3.1; http://yuvi.in/blog"
209.85.224.93 - - [03/Apr/2012:08:43:31 -0700] "GET /blog/feed HTTP/1.1" 304 0 "-" "FeedBurner/1.0 (http://www.FeedBurner.com)"
184.191.224.10 - - [03/Apr/2012:08:44:21 -0700] "GET / HTTP/1.1" 200 1430 "-" "Caffeinated/1.1.1 CFNetwork/520.3.2 Darwin/11.3.0 (x86_64) (MacBookPro8%2C1)"
184.191.224.10 - - [03/Apr/2012:08:44:21 -0700] "GET /favicon.ico HTTP/1.1" 404 142 "-" "Caffeinated/1.1.1 CFNetwork/520.3.2 Darwin/11.3.0 (x86_64) (MacBookPro8%2C1)"
203.116.251.232 - - [03/Apr/2012:08:44:32 -0700] "GET /r/23z HTTP/1.1" 301 255 "-" "Mozilla/5.0 (iPhone; U; CPU iPhone OS 4_2_1 like Mac OS X; en-us) AppleWebKit/533.17.9 (KHTML, like Gecko) Mobile/8C148"
184.191.224.10 - - [03/Apr/2012:08:44:57 -0700] "GET / HTTP/1.1" 200 1430 "-" "Caffeinated/1.1.1 CFNetwork/520.3.2 Darwin/11.3.0 (x86_64) (MacBookPro8%2C1)"
184.191.224.10 - - [03/Apr/2012:08:44:57 -0700] "GET /favicon.ico HTTP/1.1" 404 142 "-" "Caffeinated/1.1.1 CFNetwork/520.3.2 Darwin/11.3.0 (x86_64) (MacBookPro8%2C1)"
184.191.224.10 - - [03/Apr/2012:08:45:52 -0700] "GET / HTTP/1.1" 200 1430 "-" "Caffeinated/1.1.1 CFNetwork/520.3.2 Darwin/11.3.0 (x86_64) (MacBookPro8%2C1)"
184.191.224.10 - - [03/Apr/2012:08:45:52 -0700] "GET /favicon.ico HTTP/1.1" 404 142 "-" "Caffeinated/1.1.1 CFNetwork/520.3.2 Darwin/11.3.0 (x86_64) (MacBookPro8%2C1)"
59.92.49.76 - - [03/Apr/2012:08:46:00 -0700] "-" 400 0 "-" "-"
184.191.224.10 - - [03/Apr/2012:08:46:30 -0700] "GET / HTTP/1.1" 200 1430 "-" "Caffeinated/1.1.1 CFNetwork/520.3.2 Darwin/11.3.0 (x86_64) (MacBookPro8%2C1)"
184.191.224.10 - - [03/Apr/2012:08:46:30 -0700] "GET /favicon.ico HTTP/1.1" 404 142 "-" "Caffeinated/1.1.1 CFNetwork/520.3.2 Darwin/11.3.0 (x86_64) (MacBookPro8%2C1)"
207.46.193.39 - - [03/Apr/2012:08:46:39 -0700] "-" 400 0 "-" "-"
69.171.234.1 - - [03/Apr/2012:08:46:40 -0700] "GET /r/tpn HTTP/1.1" 301 255 "-" "facebookexternalhit/1.1 (+http://www.facebook.com/externalhit_uatext.php)"
69.171.234.2 - - [03/Apr/2012:08:46:40 -0700] "GET /s/ta/tpn/ HTTP/1.1" 302 265 "-" "facebookexternalhit/1.1 (+http://www.facebook.com/externalhit_uatext.php)"
207.46.193.39 - - [03/Apr/2012:08:46:43 -0700] "-" 400 0 "-" "-"
207.46.193.39 - - [03/Apr/2012:08:46:44 -0700] "-" 400 0 "-" "-"
207.46.193.39 - - [03/Apr/2012:08:46:46 -0700] "-" 400 0 "-" "-"
207.46.193.39 - - [03/Apr/2012:08:46:46 -0700] "-" 400 0 "-" "-"
207.46.193.39 - - [03/Apr/2012:08:46:46 -0700] "-" 400 0 "-" "-"
207.46.193.39 - - [03/Apr/2012:08:46:52 -0700] "-" 400 0 "-" "-"
207.46.193.39 - - [03/Apr/2012:08:46:52 -0700] "-" 400 0 "-" "-"
207.46.193.39 - - [03/Apr/2012:08:46:52 -0700] "-" 400 0 "-" "-"
207.46.193.39 - - [03/Apr/2012:08:46:53 -0700] "-" 400 0 "-" "-"
184.191.224.10 - - [03/Apr/2012:08:47:21 -0700] "GET / HTTP/1.1" 200 1430 "-" "Caffeinated/1.1.1 CFNetwork/520.3.2 Darwin/11.3.0 (x86_64) (MacBookPro8%2C1)"
184.191.224.10 - - [03/Apr/2012:08:47:21 -0700] "GET /favicon.ico HTTP/1.1" 404 142 "-" "Caffeinated/1.1.1 CFNetwork/520.3.2 Darwin/11.3.0 (x86_64) (MacBookPro8%2C1)"
85.17.88.169 - - [03/Apr/2012:08:48:01 -0700] "POST /blog/wp-cron.php?doing_wp_cron=1333467814 HTTP/1.0" 499 0 "-" "WordPress/3.3.1; http://yuvi.in/blog"
184.191.224.10 - - [03/Apr/2012:08:48:01 -0700] "GET / HTTP/1.1" 200 1430 "-" "Caffeinated/1.1.1 CFNetwork/520.3.2 Darwin/11.3.0 (x86_64) (MacBookPro8%2C1)"
184.191.224.10 - - [03/Apr/2012:08:48:01 -0700] "GET /favicon.ico HTTP/1.1" 404 142 "-" "Caffeinated/1.1.1 CFNetwork/520.3.2 Darwin/11.3.0 (x86_64) (MacBookPro8%2C1)"
209.117.161.166 - - [03/Apr/2012:08:48:04 -0700] "GET /blog/xmlrpc.php HTTP/1.1" 200 53 "-" "-"
184.73.143.31 - - [03/Apr/2012:08:48:20 -0700] "GET /robots.txt HTTP/1.1" 404 211 "-" "SemrushBot/0.92"
207.46.204.218 - - [03/Apr/2012:08:48:27 -0700] "-" 400 0 "-" "-"
207.46.204.218 - - [03/Apr/2012:08:48:27 -0700] "-" 400 0 "-" "-"
207.46.204.218 - - [03/Apr/2012:08:48:27 -0700] "-" 400 0 "-" "-"
207.46.204.218 - - [03/Apr/2012:08:48:27 -0700] "-" 400 0 "-" "-"
207.46.204.218 - - [03/Apr/2012:08:48:27 -0700] "-" 400 0 "-" "-"
207.46.204.218 - - [03/Apr/2012:08:48:27 -0700] "-" 400 0 "-" "-"
207.46.204.218 - - [03/Apr/2012:08:48:27 -0700] "-" 400 0 "-" "-"
207.46.204.218 - - [03/Apr/2012:08:48:28 -0700] "-" 400 0 "-" "-"
207.46.204.218 - - [03/Apr/2012:08:48:28 -0700] "-" 400 0 "-" "-"
207.46.204.218 - - [03/Apr/2012:08:48:28 -0700] "-" 400 0 "-" "-"
184.191.224.10 - - [03/Apr/2012:08:48:47 -0700] "GET / HTTP/1.1" 200 1430 "-" "Caffeinated/1.1.1 CFNetwork/520.3.2 Darwin/11.3.0 (x86_64) (MacBookPro8%2C1)"
184.191.224.10 - - [03/Apr/2012:08:48:47 -0700] "GET /favicon.ico HTTP/1.1" 404 142 "-" "Caffeinated/1.1.1 CFNetwork/520.3.2 Darwin/11.3.0 (x86_64) (MacBookPro8%2C1)"
207.46.204.218 - - [03/Apr/2012:08:49:24 -0700] "-" 400 0 "-" "-"
184.73.143.31 - - [03/Apr/2012:08:49:32 -0700] "GET /r/262 HTTP/1.1" 301 255 "-" "SemrushBot/0.92"
85.64.73.53 - - [03/Apr/2012:08:49:32 -0700] "GET / HTTP/1.1" 200 1430 "http://start.funmoods.com/results.php?f=4&a=ddrnw&q=YUVI" "Mozilla/5.0 (Windows NT 5.1) AppleWebKit/535.19 (KHTML, like Gecko) Chrome/18.0.1025.142 Safari/535.19"
85.64.73.53 - - [03/Apr/2012:08:49:33 -0700] "GET /blueprint/screen.css HTTP/1.1" 200 12058 "http://yuvi.in/" "Mozilla/5.0 (Windows NT 5.1) AppleWebKit/535.19 (KHTML, like Gecko) Chrome/18.0.1025.142 Safari/535.19"
85.64.73.53 - - [03/Apr/2012:08:49:33 -0700] "GET /header.png HTTP/1.1" 200 14249 "http://yuvi.in/" "Mozilla/5.0 (Windows NT 5.1) AppleWebKit/535.19 (KHTML, like Gecko) Chrome/18.0.1025.142 Safari/535.19"
85.64.73.53 - - [03/Apr/2012:08:49:34 -0700] "GET /blueprint/print.css HTTP/1.1" 200 1284 "http://yuvi.in/" "Mozilla/5.0 (Windows NT 5.1) AppleWebKit/535.19 (KHTML, like Gecko) Chrome/18.0.1025.142 Safari/535.19"
184.191.224.10 - - [03/Apr/2012:08:49:34 -0700] "GET / HTTP/1.1" 200 1430 "-" "Caffeinated/1.1.1 CFNetwork/520.3.2 Darwin/11.3.0 (x86_64) (MacBookPro8%2C1)"
184.191.224.10 - - [03/Apr/2012:08:49:34 -0700] "GET /favicon.ico HTTP/1.1" 404 142 "-" "Caffeinated/1.1.1 CFNetwork/520.3.2 Darwin/11.3.0 (x86_64) (MacBookPro8%2C1)"
85.64.73.53 - - [03/Apr/2012:08:49:36 -0700] "GET /favicon.ico HTTP/1.1" 404 199 "-" "Mozilla/5.0 (Windows NT 5.1) AppleWebKit/535.19 (KHTML, like Gecko) Chrome/18.0.1025.142 Safari/535.19"
184.191.224.10 - - [03/Apr/2012:08:50:19 -0700] "GET / HTTP/1.1" 200 1430 "-" "Caffeinated/1.1.1 CFNetwork/520.3.2 Darwin/11.3.0 (x86_64) (MacBookPro8%2C1)"
184.191.224.10 - - [03/Apr/2012:08:50:19 -0700] "GET /favicon.ico HTTP/1.1" 404 142 "-" "Caffeinated/1.1.1 CFNetwork/520.3.2 Darwin/11.3.0 (x86_64) (MacBookPro8%2C1)"
184.73.143.31 - - [03/Apr/2012:08:50:49 -0700] "GET /s/ta/262/ HTTP/1.1" 302 543 "-" "SemrushBot/0.92"
184.191.224.10 - - [03/Apr/2012:08:50:57 -0700] "GET / HTTP/1.1" 200 1430 "-" "Caffeinated/1.1.1 CFNetwork/520.3.2 Darwin/11.3.0 (x86_64) (MacBookPro8%2C1)"
184.191.224.10 - - [03/Apr/2012:08:50:57 -0700] "GET /favicon.ico HTTP/1.1" 404 142 "-" "Caffeinated/1.1.1 CFNetwork/520.3.2 Darwin/11.3.0 (x86_64) (MacBookPro8%2C1)"
66.249.73.26 - - [03/Apr/2012:08:51:30 -0700] "GET /admin/routes/route/3032/ HTTP/1.1" 404 142 "-" "Mozilla/5.0 (compatible; Googlebot/2.1; +http://www.google.com/bot.html)"
184.191.224.10 - - [03/Apr/2012:08:51:40 -0700] "GET / HTTP/1.1" 200 1430 "-" "Caffeinated/1.1.1 CFNetwork/520.3.2 Darwin/11.3.0 (x86_64) (MacBookPro8%2C1)"
184.191.224.10 - - [03/Apr/2012:08:51:40 -0700] "GET /favicon.ico HTTP/1.1" 404 142 "-" "Caffeinated/1.1.1 CFNetwork/520.3.2 Darwin/11.3.0 (x86_64) (MacBookPro8%2C1)"
184.191.224.10 - - [03/Apr/2012:08:52:19 -0700] "GET / HTTP/1.1" 200 1430 "-" "Caffeinated/1.1.1 CFNetwork/520.3.2 Darwin/11.3.0 (x86_64) (MacBookPro8%2C1)"
184.191.224.10 - - [03/Apr/2012:08:52:19 -0700] "GET /favicon.ico HTTP/1.1" 404 142 "-" "Caffeinated/1.1.1 CFNetwork/520.3.2 Darwin/11.3.0 (x86_64) (MacBookPro8%2C1)"
184.191.224.10 - - [03/Apr/2012:08:53:03 -0700] "GET / HTTP/1.1" 200 1430 "-" "Caffeinated/1.1.1 CFNetwork/520.3.2 Darwin/11.3.0 (x86_64) (MacBookPro8%2C1)"
184.191.224.10 - - [03/Apr/2012:08:53:03 -0700] "GET /favicon.ico HTTP/1.1" 404 142 "-" "Caffeinated/1.1.1 CFNetwork/520.3.2 Darwin/11.3.0 (x86_64) (MacBookPro8%2C1)"
184.191.224.10 - - [03/Apr/2012:08:53:43 -0700] "GET / HTTP/1.1" 200 1430 "-" "Caffeinated/1.1.1 CFNetwork/520.3.2 Darwin/11.3.0 (x86_64) (MacBookPro8%2C1)"
184.191.224.10 - - [03/Apr/2012:08:53:43 -0700] "GET /favicon.ico HTTP/1.1" 404 142 "-" "Caffeinated/1.1.1 CFNetwork/520.3.2 Darwin/11.3.0 (x86_64) (MacBookPro8%2C1)"
85.17.88.169 - - [03/Apr/2012:08:54:24 -0700] "POST /blog/wp-cron.php?doing_wp_cron=1333468198 HTTP/1.0" 499 0 "-" "WordPress/3.3.1; http://yuvi.in/blog"
184.191.224.10 - - [03/Apr/2012:08:54:28 -0700] "GET / HTTP/1.1" 200 1430 "-" "Caffeinated/1.1.1 CFNetwork/520.3.2 Darwin/11.3.0 (x86_64) (MacBookPro8%2C1)"
184.191.224.10 - - [03/Apr/2012:08:54:28 -0700] "GET /favicon.ico HTTP/1.1" 404 142 "-" "Caffeinated/1.1.1 CFNetwork/520.3.2 Darwin/11.3.0 (x86_64) (MacBookPro8%2C1)"
209.117.161.166 - - [03/Apr/2012:08:54:30 -0700] "GET /blog/category/education/ HTTP/1.1" 200 48788 "-" "-"
184.191.224.10 - - [03/Apr/2012:08:55:05 -0700] "GET / HTTP/1.1" 200 1430 "-" "Caffeinated/1.1.1 CFNetwork/520.3.2 Darwin/11.3.0 (x86_64) (MacBookPro8%2C1)"
184.191.224.10 - - [03/Apr/2012:08:55:05 -0700] "GET /favicon.ico HTTP/1.1" 404 142 "-" "Caffeinated/1.1.1 CFNetwork/520.3.2 Darwin/11.3.0 (x86_64) (MacBookPro8%2C1)"
58.97.235.25 - - [03/Apr/2012:08:55:29 -0700] "GET /favicon.ico HTTP/1.1" 404 142 "http://prashanth-kamle.blogspot.com/2009/07/how-to-set-up-svn.html" "Mozilla/5.0 (X11; Ubuntu; Linux i686; rv:11.0) Gecko/20100101 Firefox/11.0"
14.99.96.41 - - [03/Apr/2012:08:55:32 -0700] "GET /r/1gh6 HTTP/1.1" 301 257 "http://wikimapia.org/2611243/Othavanthankudi-%E0%AE%93%E0%AE%A4%E0%AE%B5%E0%AE%A8%E0%AF%8D%E0%AE%A4%E0%AE%BE%E0%AE%A9%E0%AF%8D%E0%AE%95%E0%AF%81%E0%AE%9F%E0%AE%BF" "Mozilla/5.0 (compatible; MSIE 9.0; Windows NT 6.1; WOW64; Trident/5.0; FunWebProducts)"
14.99.96.41 - - [03/Apr/2012:08:55:33 -0700] "GET /s/ta/1gh6/ HTTP/1.1" 302 421 "http://wikimapia.org/2611243/Othavanthankudi-%E0%AE%93%E0%AE%A4%E0%AE%B5%E0%AE%A8%E0%AF%8D%E0%AE%A4%E0%AE%BE%E0%AE%A9%E0%AF%8D%E0%AE%95%E0%AF%81%E0%AE%9F%E0%AE%BF" "Mozilla/5.0 (compatible; MSIE 9.0; Windows NT 6.1; WOW64; Trident/5.0; FunWebProducts)"
58.97.235.25 - - [03/Apr/2012:08:55:34 -0700] "-" 400 0 "-" "-"
184.191.224.10 - - [03/Apr/2012:08:55:53 -0700] "GET / HTTP/1.1" 200 1430 "-" "Caffeinated/1.1.1 CFNetwork/520.3.2 Darwin/11.3.0 (x86_64) (MacBookPro8%2C1)"
184.191.224.10 - - [03/Apr/2012:08:55:53 -0700] "GET /favicon.ico HTTP/1.1" 404 142 "-" "Caffeinated/1.1.1 CFNetwork/520.3.2 Darwin/11.3.0 (x86_64) (MacBookPro8%2C1)"
184.191.224.10 - - [03/Apr/2012:08:56:29 -0700] "GET / HTTP/1.1" 200 1430 "-" "Caffeinated/1.1.1 CFNetwork/520.3.2 Darwin/11.3.0 (x86_64) (MacBookPro8%2C1)"
184.191.224.10 - - [03/Apr/2012:08:56:29 -0700] "GET /favicon.ico HTTP/1.1" 404 142 "-" "Caffeinated/1.1.1 CFNetwork/520.3.2 Darwin/11.3.0 (x86_64) (MacBookPro8%2C1)"
184.191.224.10 - - [03/Apr/2012:08:57:19 -0700] "GET / HTTP/1.1" 200 1430 "-" "Caffeinated/1.1.1 CFNetwork/520.3.2 Darwin/11.3.0 (x86_64) (MacBookPro8%2C1)"
184.191.224.10 - - [03/Apr/2012:08:57:19 -0700] "GET /favicon.ico HTTP/1.1" 404 142 "-" "Caffeinated/1.1.1 CFNetwork/520.3.2 Darwin/11.3.0 (x86_64) (MacBookPro8%2C1)"
184.191.224.10 - - [03/Apr/2012:08:57:55 -0700] "GET / HTTP/1.1" 200 1430 "-" "Caffeinated/1.1.1 CFNetwork/520.3.2 Darwin/11.3.0 (x86_64) (MacBookPro8%2C1)"
184.191.224.10 - - [03/Apr/2012:08:57:55 -0700] "GET /favicon.ico HTTP/1.1" 404 142 "-" "Caffeinated/1.1.1 CFNetwork/520.3.2 Darwin/11.3.0 (x86_64) (MacBookPro8%2C1)"
223.236.9.137 - - [03/Apr/2012:08:58:05 -0700] "-" 400 0 "-" "-"
223.236.9.137 - - [03/Apr/2012:08:58:15 -0700] "-" 400 0 "-" "-"
223.236.9.137 - - [03/Apr/2012:08:58:15 -0700] "-" 400 0 "-" "-"
223.236.9.137 - - [03/Apr/2012:08:58:15 -0700] "-" 400 0 "-" "-"
223.236.9.137 - - [03/Apr/2012:08:58:15 -0700] "-" 400 0 "-" "-"
74.125.126.85 - - [03/Apr/2012:08:58:16 -0700] "GET /favicon.ico HTTP/1.1" 404 142 "-" "-"
117.213.95.178 - - [03/Apr/2012:08:58:41 -0700] "-" 400 0 "-" "-"
184.191.224.10 - - [03/Apr/2012:08:58:49 -0700] "GET / HTTP/1.1" 200 1430 "-" "Caffeinated/1.1.1 CFNetwork/520.3.2 Darwin/11.3.0 (x86_64) (MacBookPro8%2C1)"
184.191.224.10 - - [03/Apr/2012:08:58:49 -0700] "GET /favicon.ico HTTP/1.1" 404 142 "-" "Caffeinated/1.1.1 CFNetwork/520.3.2 Darwin/11.3.0 (x86_64) (MacBookPro8%2C1)"
117.213.95.178 - - [03/Apr/2012:08:59:16 -0700] "-" 400 0 "-" "-"
184.191.224.10 - - [03/Apr/2012:08:59:26 -0700] "GET / HTTP/1.1" 200 1430 "-" "Caffeinated/1.1.1 CFNetwork/520.3.2 Darwin/11.3.0 (x86_64) (MacBookPro8%2C1)"
184.191.224.10 - - [03/Apr/2012:08:59:26 -0700] "GET /favicon.ico HTTP/1.1" 404 142 "-" "Caffeinated/1.1.1 CFNetwork/520.3.2 Darwin/11.3.0 (x86_64) (MacBookPro8%2C1)"
85.17.88.169 - - [03/Apr/2012:09:00:06 -0700] "POST /blog/wp-cron.php?doing_wp_cron=1333468539 HTTP/1.0" 499 0 "-" "WordPress/3.3.1; http://yuvi.in/blog"
209.85.238.244 - - [03/Apr/2012:09:00:07 -0700] "GET /blog/feed/ HTTP/1.1" 304 0 "-" "Feedfetcher-Google; (+http://www.google.com/feedfetcher.html; 18 subscribers; feed-id=15064232456473204253)"
184.191.224.10 - - [03/Apr/2012:09:00:16 -0700] "GET / HTTP/1.1" 200 1430 "-" "Caffeinated/1.1.1 CFNetwork/520.3.2 Darwin/11.3.0 (x86_64) (MacBookPro8%2C1)"
184.191.224.10 - - [03/Apr/2012:09:00:16 -0700] "GET /favicon.ico HTTP/1.1" 404 142 "-" "Caffeinated/1.1.1 CFNetwork/520.3.2 Darwin/11.3.0 (x86_64) (MacBookPro8%2C1)"
207.11.113.29 - - [03/Apr/2012:09:00:17 -0700] "GET /s/ta/266/ HTTP/1.1" 302 445 "-" "Mozilla/5.0 (iPhone; CPU iPhone OS 5_1 like Mac OS X) AppleWebKit/534.46 (KHTML, like Gecko) Mobile/9B176"
8.28.16.254 - - [03/Apr/2012:09:00:17 -0700] "GET /s/ta/266 HTTP/1.1" 301 255 "-" "Mozilla/4.0 (compatible; MSIE 7.0; Windows NT 5.1; InfoPath.1; .NET CLR 2.0.50727; .NET CLR 1.1.4322; MS-RTC LM 8; .NET CLR 3.0.4506.2152; .NET CLR 3.5.30729)"
8.28.16.254 - - [03/Apr/2012:09:00:17 -0700] "GET /s/ta/266/ HTTP/1.1" 302 445 "-" "Mozilla/4.0 (compatible; MSIE 7.0; Windows NT 5.1; InfoPath.1; .NET CLR 2.0.50727; .NET CLR 1.1.4322; MS-RTC LM 8; .NET CLR 3.0.4506.2152; .NET CLR 3.5.30729)"
184.191.224.10 - - [03/Apr/2012:09:00:55 -0700] "GET / HTTP/1.1" 200 1430 "-" "Caffeinated/1.1.1 CFNetwork/520.3.2 Darwin/11.3.0 (x86_64) (MacBookPro8%2C1)"
184.191.224.10 - - [03/Apr/2012:09:00:55 -0700] "GET /favicon.ico HTTP/1.1" 404 142 "-" "Caffeinated/1.1.1 CFNetwork/520.3.2 Darwin/11.3.0 (x86_64) (MacBookPro8%2C1)"
117.213.95.178 - - [03/Apr/2012:09:01:05 -0700] "-" 400 0 "-" "-"
184.191.224.10 - - [03/Apr/2012:09:01:42 -0700] "GET / HTTP/1.1" 200 1430 "-" "Caffeinated/1.1.1 CFNetwork/520.3.2 Darwin/11.3.0 (x86_64) (MacBookPro8%2C1)"
184.191.224.10 - - [03/Apr/2012:09:01:42 -0700] "GET /favicon.ico HTTP/1.1" 404 142 "-" "Caffeinated/1.1.1 CFNetwork/520.3.2 Darwin/11.3.0 (x86_64) (MacBookPro8%2C1)"
184.191.224.10 - - [03/Apr/2012:09:02:25 -0700] "GET / HTTP/1.1" 200 1430 "-" "Caffeinated/1.1.1 CFNetwork/520.3.2 Darwin/11.3.0 (x86_64) (MacBookPro8%2C1)"
184.191.224.10 - - [03/Apr/2012:09:02:25 -0700] "GET /favicon.ico HTTP/1.1" 404 142 "-" "Caffeinated/1.1.1 CFNetwork/520.3.2 Darwin/11.3.0 (x86_64) (MacBookPro8%2C1)"
112.79.44.233 - - [03/Apr/2012:09:02:43 -0700] "-" 400 0 "-" "-"
184.191.224.10 - - [03/Apr/2012:09:03:11 -0700] "GET / HTTP/1.1" 200 1430 "-" "Caffeinated/1.1.1 CFNetwork/520.3.2 Darwin/11.3.0 (x86_64) (MacBookPro8%2C1)"
184.191.224.10 - - [03/Apr/2012:09:03:11 -0700] "GET /favicon.ico HTTP/1.1" 404 142 "-" "Caffeinated/1.1.1 CFNetwork/520.3.2 Darwin/11.3.0 (x86_64) (MacBookPro8%2C1)"
122.174.48.72 - - [03/Apr/2012:09:03:43 -0700] "-" 400 0 "-" "-"
122.174.48.72 - - [03/Apr/2012:09:03:43 -0700] "-" 400 0 "-" "-"
122.174.48.72 - - [03/Apr/2012:09:03:43 -0700] "-" 400 0 "-" "-"
184.191.224.10 - - [03/Apr/2012:09:03:59 -0700] "GET / HTTP/1.1" 200 1430 "-" "Caffeinated/1.1.1 CFNetwork/520.3.2 Darwin/11.3.0 (x86_64) (MacBookPro8%2C1)"
184.191.224.10 - - [03/Apr/2012:09:03:59 -0700] "GET /favicon.ico HTTP/1.1" 404 142 "-" "Caffeinated/1.1.1 CFNetwork/520.3.2 Darwin/11.3.0 (x86_64) (MacBookPro8%2C1)"
122.174.48.72 - - [03/Apr/2012:09:04:03 -0700] "-" 400 0 "-" "-"
122.174.48.72 - - [03/Apr/2012:09:04:03 -0700] "-" 400 0 "-" "-"
85.17.88.169 - - [03/Apr/2012:09:04:12 -0700] "POST /blog/wp-cron.php?doing_wp_cron=1333468786 HTTP/1.0" 499 0 "-" "WordPress/3.3.1; http://yuvi.in/blog"
109.109.254.138 - - [03/Apr/2012:09:04:13 -0700] "GET /blog/feed/atom/ HTTP/1.1" 304 0 "-" "SocialSearcher/0.1  Mozilla/5.0"
184.191.224.10 - - [03/Apr/2012:09:04:40 -0700] "GET / HTTP/1.1" 200 1430 "-" "Caffeinated/1.1.1 CFNetwork/520.3.2 Darwin/11.3.0 (x86_64) (MacBookPro8%2C1)"
184.191.224.10 - - [03/Apr/2012:09:04:40 -0700] "GET /favicon.ico HTTP/1.1" 404 142 "-" "Caffeinated/1.1.1 CFNetwork/520.3.2 Darwin/11.3.0 (x86_64) (MacBookPro8%2C1)"
184.191.224.10 - - [03/Apr/2012:09:05:33 -0700] "GET / HTTP/1.1" 200 1430 "-" "Caffeinated/1.1.1 CFNetwork/520.3.2 Darwin/11.3.0 (x86_64) (MacBookPro8%2C1)"
184.191.224.10 - - [03/Apr/2012:09:05:33 -0700] "GET /favicon.ico HTTP/1.1" 404 142 "-" "Caffeinated/1.1.1 CFNetwork/520.3.2 Darwin/11.3.0 (x86_64) (MacBookPro8%2C1)"
184.191.224.10 - - [03/Apr/2012:09:06:05 -0700] "GET / HTTP/1.1" 200 1430 "-" "Caffeinated/1.1.1 CFNetwork/520.3.2 Darwin/11.3.0 (x86_64) (MacBookPro8%2C1)"
184.191.224.10 - - [03/Apr/2012:09:06:05 -0700] "GET /favicon.ico HTTP/1.1" 404 142 "-" "Caffeinated/1.1.1 CFNetwork/520.3.2 Darwin/11.3.0 (x86_64) (MacBookPro8%2C1)"
115.242.208.158 - - [03/Apr/2012:09:06:42 -0700] "-" 400 0 "-" "-"
184.191.224.10 - - [03/Apr/2012:09:06:57 -0700] "GET / HTTP/1.1" 200 1430 "-" "Caffeinated/1.1.1 CFNetwork/520.3.2 Darwin/11.3.0 (x86_64) (MacBookPro8%2C1)"
184.191.224.10 - - [03/Apr/2012:09:06:57 -0700] "GET /favicon.ico HTTP/1.1" 404 142 "-" "Caffeinated/1.1.1 CFNetwork/520.3.2 Darwin/11.3.0 (x86_64) (MacBookPro8%2C1)"
223.236.9.137 - - [03/Apr/2012:09:07:08 -0700] "-" 400 0 "-" "-"
223.236.9.137 - - [03/Apr/2012:09:07:08 -0700] "-" 400 0 "-" "-"
223.236.9.137 - - [03/Apr/2012:09:07:08 -0700] "-" 400 0 "-" "-"
223.236.9.137 - - [03/Apr/2012:09:07:08 -0700] "-" 400 0 "-" "-"
112.79.44.233 - - [03/Apr/2012:09:07:13 -0700] "-" 400 0 "-" "-"
112.79.44.233 - - [03/Apr/2012:09:07:13 -0700] "-" 400 0 "-" "-"
112.79.44.233 - - [03/Apr/2012:09:07:13 -0700] "-" 400 0 "-" "-"
112.79.44.233 - - [03/Apr/2012:09:07:13 -0700] "-" 400 0 "-" "-"
112.79.44.233 - - [03/Apr/2012:09:07:13 -0700] "-" 400 0 "-" "-"
112.79.44.233 - - [03/Apr/2012:09:07:13 -0700] "-" 400 0 "-" "-"
184.191.224.10 - - [03/Apr/2012:09:07:51 -0700] "GET / HTTP/1.1" 200 1430 "-" "Caffeinated/1.1.1 CFNetwork/520.3.2 Darwin/11.3.0 (x86_64) (MacBookPro8%2C1)"
184.191.224.10 - - [03/Apr/2012:09:07:51 -0700] "GET /favicon.ico HTTP/1.1" 404 142 "-" "Caffeinated/1.1.1 CFNetwork/520.3.2 Darwin/11.3.0 (x86_64) (MacBookPro8%2C1)"
209.117.161.166 - - [03/Apr/2012:09:07:52 -0700] "GET /blog/ HTTP/1.1" 200 33214 "-" "-"
69.171.234.5 - - [03/Apr/2012:09:08:12 -0700] "GET /r/252 HTTP/1.1" 301 255 "-" "facebookexternalhit/1.1 (+http://www.facebook.com/externalhit_uatext.php)"
69.171.234.7 - - [03/Apr/2012:09:08:12 -0700] "GET /s/ta/252/ HTTP/1.1" 302 461 "-" "facebookexternalhit/1.1 (+http://www.facebook.com/externalhit_uatext.php)"
199.19.109.165 - - [03/Apr/2012:09:08:16 -0700] "GET / HTTP/1.1" 200 1430 "-" "Mozilla/5.0 (compatible; MSIE 9.0; Windows NT 6.1; Trident/5.0)"
199.19.109.165 - - [03/Apr/2012:09:08:16 -0700] "GET /blueprint/screen.css HTTP/1.1" 200 12058 "http://yuvi.in/" "Mozilla/5.0 (compatible; MSIE 9.0; Windows NT 6.1; Trident/5.0)"
199.19.109.165 - - [03/Apr/2012:09:08:16 -0700] "GET /blueprint/print.css HTTP/1.1" 200 1284 "http://yuvi.in/" "Mozilla/5.0 (compatible; MSIE 9.0; Windows NT 6.1; Trident/5.0)"
199.19.109.165 - - [03/Apr/2012:09:08:16 -0700] "GET /header.png HTTP/1.1" 200 14249 "http://yuvi.in/" "Mozilla/5.0 (compatible; MSIE 9.0; Windows NT 6.1; Trident/5.0)"
74.127.32.203 - - [03/Apr/2012:09:08:21 -0700] "GET /blog/category/education/ HTTP/1.0" 200 14722 "-" "-"
184.191.224.10 - - [03/Apr/2012:09:08:38 -0700] "GET / HTTP/1.1" 200 1430 "-" "Caffeinated/1.1.1 CFNetwork/520.3.2 Darwin/11.3.0 (x86_64) (MacBookPro8%2C1)"
184.191.224.10 - - [03/Apr/2012:09:08:38 -0700] "GET /favicon.ico HTTP/1.1" 404 142 "-" "Caffeinated/1.1.1 CFNetwork/520.3.2 Darwin/11.3.0 (x86_64) (MacBookPro8%2C1)"
184.191.224.10 - - [03/Apr/2012:09:09:16 -0700] "GET / HTTP/1.1" 200 1430 "-" "Caffeinated/1.1.1 CFNetwork/520.3.2 Darwin/11.3.0 (x86_64) (MacBookPro8%2C1)"
184.191.224.10 - - [03/Apr/2012:09:09:16 -0700] "GET /favicon.ico HTTP/1.1" 404 142 "-" "Caffeinated/1.1.1 CFNetwork/520.3.2 Darwin/11.3.0 (x86_64) (MacBookPro8%2C1)"
184.191.224.10 - - [03/Apr/2012:09:10:05 -0700] "GET / HTTP/1.1" 200 1430 "-" "Caffeinated/1.1.1 CFNetwork/520.3.2 Darwin/11.3.0 (x86_64) (MacBookPro8%2C1)"
184.191.224.10 - - [03/Apr/2012:09:10:05 -0700] "GET /favicon.ico HTTP/1.1" 404 142 "-" "Caffeinated/1.1.1 CFNetwork/520.3.2 Darwin/11.3.0 (x86_64) (MacBookPro8%2C1)"
66.249.73.26 - - [03/Apr/2012:09:10:07 -0700] "GET /admin/routes/route/3124/ HTTP/1.1" 404 142 "-" "Mozilla/5.0 (compatible; Googlebot/2.1; +http://www.google.com/bot.html)"
141.0.9.198 - - [03/Apr/2012:09:10:10 -0700] "-" 400 0 "-" "-"
184.191.224.10 - - [03/Apr/2012:09:10:43 -0700] "GET / HTTP/1.1" 200 1430 "-" "Caffeinated/1.1.1 CFNetwork/520.3.2 Darwin/11.3.0 (x86_64) (MacBookPro8%2C1)"
184.191.224.10 - - [03/Apr/2012:09:10:43 -0700] "GET /favicon.ico HTTP/1.1" 404 142 "-" "Caffeinated/1.1.1 CFNetwork/520.3.2 Darwin/11.3.0 (x86_64) (MacBookPro8%2C1)"
184.191.224.10 - - [03/Apr/2012:09:11:37 -0700] "GET / HTTP/1.1" 200 1430 "-" "Caffeinated/1.1.1 CFNetwork/520.3.2 Darwin/11.3.0 (x86_64) (MacBookPro8%2C1)"
184.191.224.10 - - [03/Apr/2012:09:11:37 -0700] "GET /favicon.ico HTTP/1.1" 404 142 "-" "Caffeinated/1.1.1 CFNetwork/520.3.2 Darwin/11.3.0 (x86_64) (MacBookPro8%2C1)"
184.191.224.10 - - [03/Apr/2012:09:12:28 -0700] "GET / HTTP/1.1" 200 1430 "-" "Caffeinated/1.1.1 CFNetwork/520.3.2 Darwin/11.3.0 (x86_64) (MacBookPro8%2C1)"
184.191.224.10 - - [03/Apr/2012:09:12:28 -0700] "GET /favicon.ico HTTP/1.1" 404 142 "-" "Caffeinated/1.1.1 CFNetwork/520.3.2 Darwin/11.3.0 (x86_64) (MacBookPro8%2C1)"
85.17.88.169 - - [03/Apr/2012:09:12:35 -0700] "POST /blog/wp-cron.php?doing_wp_cron=1333469288 HTTP/1.0" 499 0 "-" "WordPress/3.3.1; http://yuvi.in/blog"
209.117.161.166 - - [03/Apr/2012:09:12:40 -0700] "GET /blog/index.html HTTP/1.1" 404 12307 "-" "-"
184.191.224.10 - - [03/Apr/2012:09:13:06 -0700] "GET / HTTP/1.1" 200 1430 "-" "Caffeinated/1.1.1 CFNetwork/520.3.2 Darwin/11.3.0 (x86_64) (MacBookPro8%2C1)"
184.191.224.10 - - [03/Apr/2012:09:13:06 -0700] "GET /favicon.ico HTTP/1.1" 404 142 "-" "Caffeinated/1.1.1 CFNetwork/520.3.2 Darwin/11.3.0 (x86_64) (MacBookPro8%2C1)"
85.17.88.169 - - [03/Apr/2012:09:13:38 -0700] "POST /blog/wp-cron.php?doing_wp_cron=1333469351 HTTP/1.0" 499 0 "-" "WordPress/3.3.1; http://yuvi.in/blog"
209.85.224.94 - - [03/Apr/2012:09:13:38 -0700] "GET /blog/feed HTTP/1.1" 304 0 "-" "FeedBurner/1.0 (http://www.FeedBurner.com)"
184.191.224.10 - - [03/Apr/2012:09:13:54 -0700] "GET / HTTP/1.1" 200 1430 "-" "Caffeinated/1.1.1 CFNetwork/520.3.2 Darwin/11.3.0 (x86_64) (MacBookPro8%2C1)"
184.191.224.10 - - [03/Apr/2012:09:13:55 -0700] "GET /favicon.ico HTTP/1.1" 404 142 "-" "Caffeinated/1.1.1 CFNetwork/520.3.2 Darwin/11.3.0 (x86_64) (MacBookPro8%2C1)"
117.193.162.31 - - [03/Apr/2012:09:14:21 -0700] "-" 400 0 "-" "-"
117.193.162.31 - - [03/Apr/2012:09:14:21 -0700] "-" 400 0 "-" "-"
117.193.162.31 - - [03/Apr/2012:09:14:21 -0700] "-" 400 0 "-" "-"
117.193.162.31 - - [03/Apr/2012:09:14:21 -0700] "-" 400 0 "-" "-"
117.193.162.31 - - [03/Apr/2012:09:14:21 -0700] "-" 400 0 "-" "-"
117.193.162.31 - - [03/Apr/2012:09:14:21 -0700] "-" 400 0 "-" "-"
117.193.162.31 - - [03/Apr/2012:09:14:21 -0700] "-" 400 0 "-" "-"
117.193.162.31 - - [03/Apr/2012:09:14:21 -0700] "-" 400 0 "-" "-"
117.193.162.31 - - [03/Apr/2012:09:14:21 -0700] "-" 400 0 "-" "-"
117.193.162.31 - - [03/Apr/2012:09:14:21 -0700] "-" 400 0 "-" "-"
117.193.162.31 - - [03/Apr/2012:09:14:21 -0700] "-" 400 0 "-" "-"
117.193.162.31 - - [03/Apr/2012:09:14:21 -0700] "-" 400 0 "-" "-"
117.193.162.31 - - [03/Apr/2012:09:14:21 -0700] "-" 400 0 "-" "-"
117.193.162.31 - - [03/Apr/2012:09:14:21 -0700] "-" 400 0 "-" "-"
117.193.162.31 - - [03/Apr/2012:09:14:21 -0700] "-" 400 0 "-" "-"
117.193.162.31 - - [03/Apr/2012:09:14:21 -0700] "-" 400 0 "-" "-"
117.193.162.31 - - [03/Apr/2012:09:14:21 -0700] "-" 400 0 "-" "-"
117.193.162.31 - - [03/Apr/2012:09:14:21 -0700] "-" 400 0 "-" "-"
117.193.162.31 - - [03/Apr/2012:09:14:21 -0700] "-" 400 0 "-" "-"
117.193.162.31 - - [03/Apr/2012:09:14:21 -0700] "-" 400 0 "-" "-"
117.193.162.31 - - [03/Apr/2012:09:14:21 -0700] "-" 400 0 "-" "-"
117.193.162.31 - - [03/Apr/2012:09:14:21 -0700] "-" 400 0 "-" "-"
117.193.162.31 - - [03/Apr/2012:09:14:21 -0700] "-" 400 0 "-" "-"
117.193.162.31 - - [03/Apr/2012:09:14:21 -0700] "-" 400 0 "-" "-"
117.193.162.31 - - [03/Apr/2012:09:14:21 -0700] "-" 400 0 "-" "-"
117.193.162.31 - - [03/Apr/2012:09:14:21 -0700] "-" 400 0 "-" "-"
117.193.162.31 - - [03/Apr/2012:09:14:21 -0700] "-" 400 0 "-" "-"
117.193.162.31 - - [03/Apr/2012:09:14:21 -0700] "-" 400 0 "-" "-"
117.193.162.31 - - [03/Apr/2012:09:14:21 -0700] "-" 400 0 "-" "-"
117.193.162.31 - - [03/Apr/2012:09:14:21 -0700] "-" 400 0 "-" "-"
117.193.162.31 - - [03/Apr/2012:09:14:21 -0700] "-" 400 0 "-" "-"
117.193.162.31 - - [03/Apr/2012:09:14:21 -0700] "-" 400 0 "-" "-"
117.193.162.31 - - [03/Apr/2012:09:14:21 -0700] "-" 400 0 "-" "-"
117.193.162.31 - - [03/Apr/2012:09:14:21 -0700] "-" 400 0 "-" "-"
117.193.162.31 - - [03/Apr/2012:09:14:21 -0700] "-" 400 0 "-" "-"
117.193.162.31 - - [03/Apr/2012:09:14:21 -0700] "-" 400 0 "-" "-"
117.193.162.31 - - [03/Apr/2012:09:14:21 -0700] "-" 400 0 "-" "-"
117.193.162.31 - - [03/Apr/2012:09:14:21 -0700] "-" 400 0 "-" "-"
117.193.162.31 - - [03/Apr/2012:09:14:21 -0700] "-" 400 0 "-" "-"
117.193.162.31 - - [03/Apr/2012:09:14:21 -0700] "-" 400 0 "-" "-"
117.193.162.31 - - [03/Apr/2012:09:14:21 -0700] "-" 400 0 "-" "-"
117.193.162.31 - - [03/Apr/2012:09:14:21 -0700] "-" 400 0 "-" "-"
117.193.162.31 - - [03/Apr/2012:09:14:21 -0700] "-" 400 0 "-" "-"
117.193.162.31 - - [03/Apr/2012:09:14:21 -0700] "-" 400 0 "-" "-"
117.193.162.31 - - [03/Apr/2012:09:14:21 -0700] "-" 400 0 "-" "-"
117.193.162.31 - - [03/Apr/2012:09:14:21 -0700] "-" 400 0 "-" "-"
117.193.162.31 - - [03/Apr/2012:09:14:21 -0700] "-" 400 0 "-" "-"
117.193.162.31 - - [03/Apr/2012:09:14:21 -0700] "-" 400 0 "-" "-"
117.193.162.31 - - [03/Apr/2012:09:14:21 -0700] "-" 400 0 "-" "-"
117.193.162.31 - - [03/Apr/2012:09:14:21 -0700] "-" 400 0 "-" "-"
117.193.162.31 - - [03/Apr/2012:09:14:21 -0700] "-" 400 0 "-" "-"
117.193.162.31 - - [03/Apr/2012:09:14:21 -0700] "-" 400 0 "-" "-"
117.193.162.31 - - [03/Apr/2012:09:14:21 -0700] "-" 400 0 "-" "-"
117.193.162.31 - - [03/Apr/2012:09:14:21 -0700] "-" 400 0 "-" "-"
117.193.162.31 - - [03/Apr/2012:09:14:21 -0700] "-" 400 0 "-" "-"
117.193.162.31 - - [03/Apr/2012:09:14:22 -0700] "-" 400 0 "-" "-"
117.193.162.31 - - [03/Apr/2012:09:14:22 -0700] "-" 400 0 "-" "-"
117.193.162.31 - - [03/Apr/2012:09:14:22 -0700] "-" 400 0 "-" "-"
117.193.162.31 - - [03/Apr/2012:09:14:22 -0700] "-" 400 0 "-" "-"
117.193.162.31 - - [03/Apr/2012:09:14:22 -0700] "-" 400 0 "-" "-"
117.193.162.31 - - [03/Apr/2012:09:14:22 -0700] "-" 400 0 "-" "-"
117.193.162.31 - - [03/Apr/2012:09:14:22 -0700] "-" 400 0 "-" "-"
117.193.162.31 - - [03/Apr/2012:09:14:22 -0700] "-" 400 0 "-" "-"
117.193.162.31 - - [03/Apr/2012:09:14:22 -0700] "-" 400 0 "-" "-"
117.193.162.31 - - [03/Apr/2012:09:14:22 -0700] "-" 400 0 "-" "-"
117.193.162.31 - - [03/Apr/2012:09:14:22 -0700] "-" 400 0 "-" "-"
117.193.162.31 - - [03/Apr/2012:09:14:22 -0700] "-" 400 0 "-" "-"
117.193.162.31 - - [03/Apr/2012:09:14:22 -0700] "-" 400 0 "-" "-"
117.193.162.31 - - [03/Apr/2012:09:14:22 -0700] "-" 400 0 "-" "-"
117.193.162.31 - - [03/Apr/2012:09:14:22 -0700] "-" 400 0 "-" "-"
117.193.162.31 - - [03/Apr/2012:09:14:22 -0700] "-" 400 0 "-" "-"
117.193.162.31 - - [03/Apr/2012:09:14:22 -0700] "-" 400 0 "-" "-"
117.193.162.31 - - [03/Apr/2012:09:14:22 -0700] "-" 400 0 "-" "-"
117.193.162.31 - - [03/Apr/2012:09:14:22 -0700] "-" 400 0 "-" "-"
117.193.162.31 - - [03/Apr/2012:09:14:22 -0700] "-" 400 0 "-" "-"
117.193.162.31 - - [03/Apr/2012:09:14:22 -0700] "-" 400 0 "-" "-"
117.193.162.31 - - [03/Apr/2012:09:14:22 -0700] "-" 400 0 "-" "-"
117.193.162.31 - - [03/Apr/2012:09:14:22 -0700] "-" 400 0 "-" "-"
117.193.162.31 - - [03/Apr/2012:09:14:22 -0700] "-" 400 0 "-" "-"
117.193.162.31 - - [03/Apr/2012:09:14:22 -0700] "-" 400 0 "-" "-"
117.193.162.31 - - [03/Apr/2012:09:14:22 -0700] "-" 400 0 "-" "-"
117.193.162.31 - - [03/Apr/2012:09:14:22 -0700] "-" 400 0 "-" "-"
117.193.162.31 - - [03/Apr/2012:09:14:22 -0700] "-" 400 0 "-" "-"
117.193.162.31 - - [03/Apr/2012:09:14:22 -0700] "-" 400 0 "-" "-"
117.193.162.31 - - [03/Apr/2012:09:14:22 -0700] "-" 400 0 "-" "-"
117.193.162.31 - - [03/Apr/2012:09:14:22 -0700] "-" 400 0 "-" "-"
117.193.162.31 - - [03/Apr/2012:09:14:22 -0700] "-" 400 0 "-" "-"
117.193.162.31 - - [03/Apr/2012:09:14:22 -0700] "-" 400 0 "-" "-"
117.193.162.31 - - [03/Apr/2012:09:14:22 -0700] "-" 400 0 "-" "-"
117.193.162.31 - - [03/Apr/2012:09:14:22 -0700] "-" 400 0 "-" "-"
117.193.162.31 - - [03/Apr/2012:09:14:22 -0700] "-" 400 0 "-" "-"
117.193.162.31 - - [03/Apr/2012:09:14:22 -0700] "-" 400 0 "-" "-"
117.193.162.31 - - [03/Apr/2012:09:14:22 -0700] "-" 400 0 "-" "-"
117.193.162.31 - - [03/Apr/2012:09:14:22 -0700] "-" 400 0 "-" "-"
117.193.162.31 - - [03/Apr/2012:09:14:22 -0700] "-" 400 0 "-" "-"
117.193.162.31 - - [03/Apr/2012:09:14:22 -0700] "-" 400 0 "-" "-"
117.193.162.31 - - [03/Apr/2012:09:14:22 -0700] "-" 400 0 "-" "-"
117.193.162.31 - - [03/Apr/2012:09:14:22 -0700] "-" 400 0 "-" "-"
117.193.162.31 - - [03/Apr/2012:09:14:22 -0700] "-" 400 0 "-" "-"
117.193.162.31 - - [03/Apr/2012:09:14:22 -0700] "-" 400 0 "-" "-"
117.193.162.31 - - [03/Apr/2012:09:14:22 -0700] "-" 400 0 "-" "-"
117.193.162.31 - - [03/Apr/2012:09:14:22 -0700] "-" 400 0 "-" "-"
117.193.162.31 - - [03/Apr/2012:09:14:22 -0700] "-" 400 0 "-" "-"
117.193.162.31 - - [03/Apr/2012:09:14:22 -0700] "-" 400 0 "-" "-"
117.193.162.31 - - [03/Apr/2012:09:14:22 -0700] "-" 400 0 "-" "-"
117.193.162.31 - - [03/Apr/2012:09:14:22 -0700] "-" 400 0 "-" "-"
117.193.162.31 - - [03/Apr/2012:09:14:22 -0700] "-" 400 0 "-" "-"
117.193.162.31 - - [03/Apr/2012:09:14:22 -0700] "-" 400 0 "-" "-"
117.193.162.31 - - [03/Apr/2012:09:14:24 -0700] "-" 400 0 "-" "-"
117.193.162.31 - - [03/Apr/2012:09:14:24 -0700] "-" 400 0 "-" "-"
117.193.162.31 - - [03/Apr/2012:09:14:24 -0700] "-" 400 0 "-" "-"
117.193.162.31 - - [03/Apr/2012:09:14:24 -0700] "-" 400 0 "-" "-"
117.193.162.31 - - [03/Apr/2012:09:14:24 -0700] "-" 400 0 "-" "-"
117.193.162.31 - - [03/Apr/2012:09:14:24 -0700] "-" 400 0 "-" "-"
117.193.162.31 - - [03/Apr/2012:09:14:24 -0700] "-" 400 0 "-" "-"
117.193.162.31 - - [03/Apr/2012:09:14:24 -0700] "-" 400 0 "-" "-"
117.193.162.31 - - [03/Apr/2012:09:14:24 -0700] "-" 400 0 "-" "-"
117.193.162.31 - - [03/Apr/2012:09:14:25 -0700] "-" 400 0 "-" "-"
