144.36.228.90 - - [12/Mar/2012:06:26:00 -0700] "-" 400 0 "-" "-"
14.96.34.161 - - [12/Mar/2012:06:26:30 -0700] "-" 400 0 "-" "-"
117.193.196.252 - - [12/Mar/2012:06:28:45 -0700] "-" 400 0 "-" "-"
117.193.196.252 - - [12/Mar/2012:06:28:45 -0700] "-" 400 0 "-" "-"
117.193.196.252 - - [12/Mar/2012:06:28:45 -0700] "-" 400 0 "-" "-"
117.193.196.252 - - [12/Mar/2012:06:28:45 -0700] "-" 400 0 "-" "-"
117.193.196.252 - - [12/Mar/2012:06:28:45 -0700] "-" 400 0 "-" "-"
117.193.196.252 - - [12/Mar/2012:06:28:45 -0700] "-" 400 0 "-" "-"
101.63.213.118 - - [12/Mar/2012:06:29:48 -0700] "GET /r/3s2 HTTP/1.1" 301 255 "http://ta.wikipedia.org/wiki/%E0%AE%A4%E0%AE%AE%E0%AE%BF%E0%AE%B4%E0%AF%80%E0%AE%B4%E0%AE%AE%E0%AF%8D" "Mozilla/4.0 (compatible; MSIE 7.0; Windows NT 5.1; Trident/4.0; GTB7.2; .NET CLR 1.1.4322; .NET CLR 2.0.50727; .NET CLR 3.0.4506.2152; .NET CLR 3.5.30729)"
101.63.213.118 - - [12/Mar/2012:06:29:50 -0700] "GET /s/ta/3s2/ HTTP/1.1" 302 361 "http://ta.wikipedia.org/wiki/%E0%AE%A4%E0%AE%AE%E0%AE%BF%E0%AE%B4%E0%AF%80%E0%AE%B4%E0%AE%AE%E0%AF%8D" "Mozilla/4.0 (compatible; MSIE 7.0; Windows NT 5.1; Trident/4.0; GTB7.2; .NET CLR 1.1.4322; .NET CLR 2.0.50727; .NET CLR 3.0.4506.2152; .NET CLR 3.5.30729)"
220.181.108.82 - - [12/Mar/2012:06:31:31 -0700] "GET /r/3bt HTTP/1.1" 301 255 "-" "Mozilla/5.0 (compatible; Baiduspider/2.0; +http://www.baidu.com/search/spider.html)"
220.181.108.161 - - [12/Mar/2012:06:31:31 -0700] "GET /s/ta/3bt/ HTTP/1.1" 302 425 "-" "Mozilla/5.0 (compatible; Baiduspider/2.0; +http://www.baidu.com/search/spider.html)"
141.0.8.175 - - [12/Mar/2012:06:32:09 -0700] "-" 400 0 "-" "-"
141.0.8.175 - - [12/Mar/2012:06:32:09 -0700] "-" 400 0 "-" "-"
122.174.33.113 - - [12/Mar/2012:06:33:02 -0700] "-" 400 0 "-" "-"
66.219.58.41 - - [12/Mar/2012:06:33:43 -0700] "GET /r/1z5n HTTP/1.1" 301 257 "-" "MLBot (www.metadatalabs.com/mlbot)"
85.17.88.169 - - [12/Mar/2012:06:35:13 -0700] "POST /blog/wp-cron.php?doing_wp_cron=1331559223 HTTP/1.0" 499 0 "-" "WordPress/3.3.1; http://yuvi.in/blog"
100.43.83.144 - - [12/Mar/2012:06:35:14 -0700] "GET /blog/college-drop/ HTTP/1.1" 200 4914 "-" "Mozilla/5.0 (compatible; YandexBot/3.0; +http://yandex.com/bots)"
122.164.202.189 - - [12/Mar/2012:06:35:16 -0700] "-" 400 0 "-" "-"
141.0.10.84 - - [12/Mar/2012:06:35:56 -0700] "-" 400 0 "-" "-"
141.0.10.84 - - [12/Mar/2012:06:35:56 -0700] "-" 400 0 "-" "-"
141.0.10.84 - - [12/Mar/2012:06:35:56 -0700] "-" 400 0 "-" "-"
66.249.68.52 - - [12/Mar/2012:06:36:25 -0700] "GET /r/2sk HTTP/1.1" 301 255 "-" "Mozilla/5.0 (compatible; Googlebot/2.1; +http://www.google.com/bot.html)"
66.249.68.52 - - [12/Mar/2012:06:36:26 -0700] "GET /s/ta/2sk/ HTTP/1.1" 302 421 "-" "Mozilla/5.0 (compatible; Googlebot/2.1; +http://www.google.com/bot.html)"
117.192.250.60 - - [12/Mar/2012:06:36:33 -0700] "-" 400 0 "-" "-"
117.192.250.60 - - [12/Mar/2012:06:36:33 -0700] "-" 400 0 "-" "-"
117.192.250.60 - - [12/Mar/2012:06:36:33 -0700] "-" 400 0 "-" "-"
209.85.238.115 - - [12/Mar/2012:06:37:26 -0700] "GET /blog/feed/ HTTP/1.1" 304 0 "-" "Feedfetcher-Google; (+http://www.google.com/feedfetcher.html; 19 subscribers; feed-id=15064232456473204253)"
117.192.250.60 - - [12/Mar/2012:06:37:43 -0700] "-" 400 0 "-" "-"
117.192.250.60 - - [12/Mar/2012:06:37:43 -0700] "-" 400 0 "-" "-"
117.192.250.60 - - [12/Mar/2012:06:37:43 -0700] "-" 400 0 "-" "-"
207.46.204.212 - - [12/Mar/2012:06:38:59 -0700] "-" 400 0 "-" "-"
207.46.204.212 - - [12/Mar/2012:06:39:00 -0700] "-" 400 0 "-" "-"
207.46.204.212 - - [12/Mar/2012:06:39:00 -0700] "-" 400 0 "-" "-"
207.46.204.212 - - [12/Mar/2012:06:39:01 -0700] "-" 400 0 "-" "-"
207.46.204.212 - - [12/Mar/2012:06:39:01 -0700] "-" 400 0 "-" "-"
207.46.204.212 - - [12/Mar/2012:06:39:01 -0700] "-" 400 0 "-" "-"
207.46.204.212 - - [12/Mar/2012:06:39:01 -0700] "-" 400 0 "-" "-"
207.46.204.212 - - [12/Mar/2012:06:39:01 -0700] "-" 400 0 "-" "-"
207.46.204.212 - - [12/Mar/2012:06:39:01 -0700] "-" 400 0 "-" "-"
117.192.250.60 - - [12/Mar/2012:06:40:13 -0700] "-" 400 0 "-" "-"
85.17.88.169 - - [12/Mar/2012:06:40:49 -0700] "POST /blog/wp-cron.php?doing_wp_cron=1331559559 HTTP/1.0" 499 0 "-" "WordPress/3.3.1; http://yuvi.in/blog"
180.76.5.141 - - [12/Mar/2012:06:40:50 -0700] "GET /blog/2009/06/29/ HTTP/1.1" 200 5215 "-" "Mozilla/5.0 (compatible; Baiduspider/2.0; +http://www.baidu.com/search/spider.html)"
117.192.250.60 - - [12/Mar/2012:06:41:33 -0700] "-" 400 0 "-" "-"
117.192.250.60 - - [12/Mar/2012:06:41:33 -0700] "-" 400 0 "-" "-"
117.192.250.60 - - [12/Mar/2012:06:41:33 -0700] "-" 400 0 "-" "-"
207.46.204.173 - - [12/Mar/2012:06:41:50 -0700] "-" 400 0 "-" "-"
85.17.88.169 - - [12/Mar/2012:06:41:55 -0700] "POST /blog/wp-cron.php?doing_wp_cron=1331559624 HTTP/1.0" 499 0 "-" "WordPress/3.3.1; http://yuvi.in/blog"
207.46.204.173 - - [12/Mar/2012:06:41:55 -0700] "-" 400 0 "-" "-"
207.46.204.173 - - [12/Mar/2012:06:41:55 -0700] "-" 400 0 "-" "-"
207.46.204.173 - - [12/Mar/2012:06:41:56 -0700] "-" 400 0 "-" "-"
207.46.204.173 - - [12/Mar/2012:06:41:56 -0700] "-" 400 0 "-" "-"
207.46.204.173 - - [12/Mar/2012:06:41:56 -0700] "-" 400 0 "-" "-"
207.46.204.173 - - [12/Mar/2012:06:41:57 -0700] "-" 400 0 "-" "-"
207.46.204.173 - - [12/Mar/2012:06:41:57 -0700] "-" 400 0 "-" "-"
207.46.204.173 - - [12/Mar/2012:06:41:57 -0700] "-" 400 0 "-" "-"
207.46.204.173 - - [12/Mar/2012:06:41:57 -0700] "-" 400 0 "-" "-"
117.192.250.60 - - [12/Mar/2012:06:42:13 -0700] "-" 400 0 "-" "-"
85.17.88.169 - - [12/Mar/2012:06:42:16 -0700] "POST /blog/wp-cron.php?doing_wp_cron=1331559646 HTTP/1.0" 499 0 "-" "WordPress/3.3.1; http://yuvi.in/blog"
209.85.224.95 - - [12/Mar/2012:06:42:17 -0700] "GET /blog/feed HTTP/1.1" 304 0 "-" "FeedBurner/1.0 (http://www.FeedBurner.com)"
207.46.204.173 - - [12/Mar/2012:06:42:52 -0700] "-" 400 0 "-" "-"
66.219.58.41 - - [12/Mar/2012:06:43:17 -0700] "GET /s/ta/1z64/ HTTP/1.1" 302 557 "-" "MLBot (www.metadatalabs.com/mlbot)"
85.17.88.169 - - [12/Mar/2012:06:45:25 -0700] "POST /blog/wp-cron.php?doing_wp_cron=1331559835 HTTP/1.0" 499 0 "-" "WordPress/3.3.1; http://yuvi.in/blog"
187.54.168.95 - - [12/Mar/2012:06:45:27 -0700] "GET /blog/page/2/ HTTP/1.1" 200 76272 "-" "Mozilla/5.0 (compatible; Googlebot/2.1; +http://www.google.com/bot.html)"
66.219.58.41 - - [12/Mar/2012:06:50:33 -0700] "GET /s/ta/1z5n/ HTTP/1.1" 302 609 "-" "MLBot (www.metadatalabs.com/mlbot)"
157.55.112.200 - - [12/Mar/2012:06:56:26 -0700] "-" 400 0 "-" "-"
157.55.112.200 - - [12/Mar/2012:06:56:28 -0700] "-" 400 0 "-" "-"
141.0.10.69 - - [12/Mar/2012:06:56:28 -0700] "-" 400 0 "-" "-"
157.55.112.200 - - [12/Mar/2012:06:56:28 -0700] "-" 400 0 "-" "-"
157.55.112.200 - - [12/Mar/2012:06:56:28 -0700] "-" 400 0 "-" "-"
157.55.112.200 - - [12/Mar/2012:06:56:28 -0700] "-" 400 0 "-" "-"
157.55.112.200 - - [12/Mar/2012:06:56:28 -0700] "-" 400 0 "-" "-"
157.55.112.200 - - [12/Mar/2012:06:56:28 -0700] "-" 400 0 "-" "-"
157.55.112.200 - - [12/Mar/2012:06:56:29 -0700] "-" 400 0 "-" "-"
157.55.112.200 - - [12/Mar/2012:06:56:29 -0700] "-" 400 0 "-" "-"
157.55.112.200 - - [12/Mar/2012:06:56:29 -0700] "-" 400 0 "-" "-"
157.55.112.200 - - [12/Mar/2012:06:56:58 -0700] "-" 400 0 "-" "-"
183.83.17.150 - - [12/Mar/2012:06:57:23 -0700] "GET /r/1av1 HTTP/1.1" 301 257 "http://www.google.co.in/reader/view/?hl=en&tab=my" "Mozilla/5.0 (X11; Linux i686) AppleWebKit/535.11 (KHTML, like Gecko) Chrome/17.0.963.78 Safari/535.11"
183.83.17.150 - - [12/Mar/2012:06:57:23 -0700] "GET /s/ta/1av1/ HTTP/1.1" 302 441 "http://www.google.co.in/reader/view/?hl=en&tab=my" "Mozilla/5.0 (X11; Linux i686) AppleWebKit/535.11 (KHTML, like Gecko) Chrome/17.0.963.78 Safari/535.11"
183.83.17.150 - - [12/Mar/2012:06:57:39 -0700] "-" 400 0 "-" "-"
117.193.150.196 - - [12/Mar/2012:06:59:16 -0700] "GET /favicon.ico HTTP/1.1" 404 199 "-" "Mozilla/5.0 (X11; Linux i686) AppleWebKit/535.11 (KHTML, like Gecko) Ubuntu/11.10 Chromium/17.0.963.78 Chrome/17.0.963.78 Safari/535.11"
209.85.224.85 - - [12/Mar/2012:06:59:21 -0700] "GET /stories/feed HTTP/1.1" 200 13653 "-" "FeedBurner/1.0 (http://www.FeedBurner.com)"
117.193.150.196 - - [12/Mar/2012:06:59:35 -0700] "-" 400 0 "-" "-"
85.17.88.169 - - [12/Mar/2012:06:59:37 -0700] "POST /blog/wp-cron.php?doing_wp_cron=1331560687 HTTP/1.0" 499 0 "-" "WordPress/3.3.1; http://yuvi.in/blog"
101.226.33.189 - - [12/Mar/2012:06:59:37 -0700] "GET /blog/feed HTTP/1.0" 304 0 "-" "Mozilla/4.0 (compatible; Windows;)"
85.17.88.169 - - [12/Mar/2012:07:00:44 -0700] "POST /blog/wp-cron.php?doing_wp_cron=1331560753 HTTP/1.0" 499 0 "-" "WordPress/3.3.1; http://yuvi.in/blog"
209.85.238.115 - - [12/Mar/2012:07:00:45 -0700] "GET /blog/feed HTTP/1.1" 301 0 "-" "Feedfetcher-Google; (+http://www.google.com/feedfetcher.html; 3 subscribers; feed-id=17684830852112633560)"
85.17.88.169 - - [12/Mar/2012:07:00:46 -0700] "POST /blog/wp-cron.php?doing_wp_cron=1331560756 HTTP/1.0" 499 0 "-" "WordPress/3.3.1; http://yuvi.in/blog"
209.85.238.115 - - [12/Mar/2012:07:00:47 -0700] "GET /blog/feed/ HTTP/1.1" 304 0 "-" "Feedfetcher-Google; (+http://www.google.com/feedfetcher.html; 3 subscribers; feed-id=17684830852112633560)"
69.171.234.2 - - [12/Mar/2012:07:04:01 -0700] "GET /r/jai HTTP/1.1" 301 255 "-" "facebookexternalhit/1.1 (+http://www.facebook.com/externalhit_uatext.php)"
69.171.234.4 - - [12/Mar/2012:07:04:02 -0700] "GET /s/ta/jai/ HTTP/1.1" 302 437 "-" "facebookexternalhit/1.1 (+http://www.facebook.com/externalhit_uatext.php)"
85.17.88.169 - - [12/Mar/2012:07:04:08 -0700] "POST /blog/wp-cron.php?doing_wp_cron=1331560958 HTTP/1.0" 499 0 "-" "WordPress/3.3.1; http://yuvi.in/blog"
199.16.186.106 - - [12/Mar/2012:07:04:09 -0700] "GET /blog/my-vimrc/feed/ HTTP/1.1" 304 0 "-" "BoardReader/1.0 (http://boardreader.com/info/robots.htm)-CommentCrawler5"
122.164.28.245 - - [12/Mar/2012:07:06:22 -0700] "-" 400 0 "-" "-"
122.164.28.245 - - [12/Mar/2012:07:06:22 -0700] "-" 400 0 "-" "-"
122.164.28.245 - - [12/Mar/2012:07:06:22 -0700] "-" 400 0 "-" "-"
69.171.229.249 - - [12/Mar/2012:07:10:08 -0700] "GET /r/1gux HTTP/1.1" 301 257 "-" "facebookexternalhit/1.1 (+http://www.facebook.com/externalhit_uatext.php)"
69.171.229.248 - - [12/Mar/2012:07:10:08 -0700] "GET /s/ta/1gux/ HTTP/1.1" 302 409 "-" "facebookexternalhit/1.1 (+http://www.facebook.com/externalhit_uatext.php)"
59.165.107.252 - - [12/Mar/2012:07:11:40 -0700] "-" 400 0 "-" "-"
85.17.88.169 - - [12/Mar/2012:07:12:27 -0700] "POST /blog/wp-cron.php?doing_wp_cron=1331561456 HTTP/1.0" 499 0 "-" "WordPress/3.3.1; http://yuvi.in/blog"
209.85.224.94 - - [12/Mar/2012:07:12:28 -0700] "GET /blog/feed HTTP/1.1" 304 0 "-" "FeedBurner/1.0 (http://www.FeedBurner.com)"
74.125.19.35 - - [12/Mar/2012:07:13:27 -0700] "GET /favicon.ico HTTP/1.1" 404 142 "-" "-"
117.206.65.216 - - [12/Mar/2012:07:13:33 -0700] "-" 400 0 "-" "-"
207.46.12.68 - - [12/Mar/2012:07:13:44 -0700] "-" 400 0 "-" "-"
207.46.12.68 - - [12/Mar/2012:07:13:44 -0700] "-" 400 0 "-" "-"
207.46.12.68 - - [12/Mar/2012:07:13:44 -0700] "-" 400 0 "-" "-"
207.46.12.68 - - [12/Mar/2012:07:13:44 -0700] "-" 400 0 "-" "-"
207.46.12.68 - - [12/Mar/2012:07:13:44 -0700] "-" 400 0 "-" "-"
207.46.12.68 - - [12/Mar/2012:07:13:44 -0700] "-" 400 0 "-" "-"
207.46.12.68 - - [12/Mar/2012:07:13:44 -0700] "-" 400 0 "-" "-"
207.46.12.68 - - [12/Mar/2012:07:13:44 -0700] "-" 400 0 "-" "-"
207.46.12.68 - - [12/Mar/2012:07:13:44 -0700] "-" 400 0 "-" "-"
207.46.12.68 - - [12/Mar/2012:07:13:44 -0700] "-" 400 0 "-" "-"
122.164.211.220 - - [12/Mar/2012:07:15:14 -0700] "-" 400 0 "-" "-"
117.193.54.164 - - [12/Mar/2012:07:19:11 -0700] "-" 400 0 "-" "-"
117.193.54.164 - - [12/Mar/2012:07:19:11 -0700] "-" 400 0 "-" "-"
85.17.88.169 - - [12/Mar/2012:07:19:50 -0700] "POST /blog/wp-cron.php?doing_wp_cron=1331561899 HTTP/1.0" 499 0 "-" "WordPress/3.3.1; http://yuvi.in/blog"
200.167.59.194 - - [12/Mar/2012:07:19:51 -0700] "GET /blog/tag/code/ HTTP/1.1" 200 29783 "-" "Mozilla/5.0 (compatible; Googlebot/2.1; +http://www.google.com/bot.html)"
117.193.247.203 - - [12/Mar/2012:07:20:33 -0700] "-" 400 0 "-" "-"
67.215.230.27 - - [12/Mar/2012:07:23:09 -0700] "GET /robots.txt HTTP/1.0" 404 169 "-" "Setooz/Nutch-1.2 (http://www.setooz.com)"
67.215.230.27 - - [12/Mar/2012:07:23:09 -0700] "GET /stories HTTP/1.0" 301 185 "-" "Setooz/Nutch-1.2 (http://www.setooz.com)"
67.215.230.26 - - [12/Mar/2012:07:23:18 -0700] "GET /robots.txt HTTP/1.0" 404 169 "-" "Setooz/Nutch-1.2 (http://www.setooz.com)"
67.215.230.26 - - [12/Mar/2012:07:23:18 -0700] "GET / HTTP/1.0" 200 3439 "-" "Setooz/Nutch-1.2 (http://www.setooz.com)"
193.164.138.85 - - [12/Mar/2012:07:24:13 -0700] "GET /blog/gsoc-milestones-vala-build-using-autotools.html HTTP/1.1" 200 9275 "-" "Zemanta Aggregator/0.7 +http://www.zemanta.com"
117.193.247.203 - - [12/Mar/2012:07:25:38 -0700] "-" 400 0 "-" "-"
117.193.247.203 - - [12/Mar/2012:07:25:38 -0700] "-" 400 0 "-" "-"
117.193.247.203 - - [12/Mar/2012:07:25:39 -0700] "-" 400 0 "-" "-"
117.193.247.203 - - [12/Mar/2012:07:25:39 -0700] "-" 400 0 "-" "-"
117.193.247.203 - - [12/Mar/2012:07:25:39 -0700] "-" 400 0 "-" "-"
207.46.204.165 - - [12/Mar/2012:07:26:11 -0700] "-" 400 0 "-" "-"
207.46.204.165 - - [12/Mar/2012:07:26:12 -0700] "-" 400 0 "-" "-"
207.46.204.165 - - [12/Mar/2012:07:26:12 -0700] "-" 400 0 "-" "-"
207.46.204.165 - - [12/Mar/2012:07:26:12 -0700] "-" 400 0 "-" "-"
207.46.204.165 - - [12/Mar/2012:07:26:12 -0700] "-" 400 0 "-" "-"
207.46.204.165 - - [12/Mar/2012:07:26:13 -0700] "-" 400 0 "-" "-"
207.46.204.165 - - [12/Mar/2012:07:26:13 -0700] "-" 400 0 "-" "-"
207.46.204.165 - - [12/Mar/2012:07:26:14 -0700] "-" 400 0 "-" "-"
207.46.204.165 - - [12/Mar/2012:07:26:14 -0700] "-" 400 0 "-" "-"
207.46.204.165 - - [12/Mar/2012:07:26:14 -0700] "-" 400 0 "-" "-"
207.46.204.165 - - [12/Mar/2012:07:26:34 -0700] "-" 400 0 "-" "-"
85.17.88.169 - - [12/Mar/2012:07:27:07 -0700] "POST /blog/wp-cron.php?doing_wp_cron=1331562337 HTTP/1.0" 499 0 "-" "WordPress/3.3.1; http://yuvi.in/blog"
66.249.67.123 - - [12/Mar/2012:07:27:08 -0700] "GET /blog/learnt-reading-javascript-good-parts/trackback/ HTTP/1.1" 302 0 "-" "Mozilla/5.0 (compatible; Googlebot/2.1; +http://www.google.com/bot.html)"
117.193.247.203 - - [12/Mar/2012:07:27:10 -0700] "-" 400 0 "-" "-"
85.17.88.169 - - [12/Mar/2012:07:27:10 -0700] "POST /blog/wp-cron.php?doing_wp_cron=1331562339 HTTP/1.0" 499 0 "-" "WordPress/3.3.1; http://yuvi.in/blog"
66.249.67.123 - - [12/Mar/2012:07:27:10 -0700] "GET /blog/learnt-reading-javascript-good-parts/ HTTP/1.1" 200 5598 "-" "Mozilla/5.0 (compatible; Googlebot/2.1; +http://www.google.com/bot.html)"
174.129.63.176 - - [12/Mar/2012:07:27:18 -0700] "GET /blog/why-i-moved-off-arch-on-my-netbook.html HTTP/1.1" 200 2546 "-" "Mozilla/5.0 (Macintosh; U; Intel Mac OS X 10.6; en-US; rv:1.9.2) Gecko/20100115 Firefox/3.6 (FlipboardProxy/1.1; +http://flipboard.com/browserproxy)"
207.46.12.75 - - [12/Mar/2012:07:27:40 -0700] "-" 400 0 "-" "-"
207.46.12.75 - - [12/Mar/2012:07:27:43 -0700] "-" 400 0 "-" "-"
207.46.12.75 - - [12/Mar/2012:07:27:43 -0700] "-" 400 0 "-" "-"
207.46.12.75 - - [12/Mar/2012:07:27:44 -0700] "-" 400 0 "-" "-"
207.46.12.75 - - [12/Mar/2012:07:27:45 -0700] "-" 400 0 "-" "-"
207.46.12.75 - - [12/Mar/2012:07:27:45 -0700] "-" 400 0 "-" "-"
207.46.12.75 - - [12/Mar/2012:07:27:46 -0700] "-" 400 0 "-" "-"
207.46.12.75 - - [12/Mar/2012:07:27:46 -0700] "-" 400 0 "-" "-"
207.46.12.75 - - [12/Mar/2012:07:27:47 -0700] "-" 400 0 "-" "-"
207.46.12.75 - - [12/Mar/2012:07:27:47 -0700] "-" 400 0 "-" "-"
85.17.88.169 - - [12/Mar/2012:07:28:17 -0700] "POST /blog/wp-cron.php?doing_wp_cron=1331562406 HTTP/1.0" 499 0 "-" "WordPress/3.3.1; http://yuvi.in/blog"
180.76.5.170 - - [12/Mar/2012:07:28:18 -0700] "GET /blog/2010/12/ HTTP/1.1" 200 6270 "-" "Mozilla/5.0 (compatible; Baiduspider/2.0; +http://www.baidu.com/search/spider.html)"
66.220.146.244 - - [12/Mar/2012:07:28:27 -0700] "GET /r/eam HTTP/1.1" 301 255 "-" "facebookexternalhit/1.1 (+http://www.facebook.com/externalhit_uatext.php)"
66.220.146.246 - - [12/Mar/2012:07:28:28 -0700] "GET /s/ta/eam/ HTTP/1.1" 302 421 "-" "facebookexternalhit/1.1 (+http://www.facebook.com/externalhit_uatext.php)"
117.193.107.77 - - [12/Mar/2012:07:28:54 -0700] "-" 400 0 "-" "-"
117.193.107.77 - - [12/Mar/2012:07:28:54 -0700] "-" 400 0 "-" "-"
117.193.107.77 - - [12/Mar/2012:07:28:54 -0700] "-" 400 0 "-" "-"
123.231.85.227 - - [12/Mar/2012:07:29:52 -0700] "GET /r/557 HTTP/1.1" 301 255 "-" "Mozilla/5.0 (Windows NT 6.1; WOW64) AppleWebKit/535.7 (KHTML, like Gecko) Chrome/16.0.912.75 Safari/535.7"
123.231.85.227 - - [12/Mar/2012:07:29:53 -0700] "GET /s/ta/557/ HTTP/1.1" 302 289 "-" "Mozilla/5.0 (Windows NT 6.1; WOW64) AppleWebKit/535.7 (KHTML, like Gecko) Chrome/16.0.912.75 Safari/535.7"
123.231.85.227 - - [12/Mar/2012:07:30:07 -0700] "-" 400 0 "-" "-"
85.17.88.169 - - [12/Mar/2012:07:30:31 -0700] "POST /blog/wp-cron.php?doing_wp_cron=1331562540 HTTP/1.0" 499 0 "-" "WordPress/3.3.1; http://yuvi.in/blog"
66.249.67.123 - - [12/Mar/2012:07:30:34 -0700] "GET /blog/what-stop-child-athiest/feed/atom/ HTTP/1.1" 200 3426 "-" "Mozilla/5.0 (compatible; Googlebot/2.1; +http://www.google.com/bot.html)"
208.115.113.84 - - [12/Mar/2012:07:30:58 -0700] "GET /blog/tag/devlog.html HTTP/1.1" 200 23470 "-" "Mozilla/5.0 (compatible; Ezooms/1.0; ezooms.bot@gmail.com)"
208.115.113.84 - - [12/Mar/2012:07:31:00 -0700] "GET /stories/tag/love.html HTTP/1.1" 200 2245 "-" "Mozilla/5.0 (compatible; Ezooms/1.0; ezooms.bot@gmail.com)"
208.115.113.84 - - [12/Mar/2012:07:31:03 -0700] "GET /blog/cheese-gsoc-report-week-5.html HTTP/1.1" 200 6414 "-" "Mozilla/5.0 (compatible; Ezooms/1.0; ezooms.bot@gmail.com)"
208.115.113.84 - - [12/Mar/2012:07:31:08 -0700] "GET /blog/premature-greying.html HTTP/1.1" 200 5509 "-" "Mozilla/5.0 (compatible; Ezooms/1.0; ezooms.bot@gmail.com)"
117.197.104.0 - - [12/Mar/2012:07:31:17 -0700] "-" 400 0 "-" "-"
117.193.72.216 - - [12/Mar/2012:07:31:58 -0700] "-" 400 0 "-" "-"
180.76.5.49 - - [12/Mar/2012:07:32:05 -0700] "GET /blog/2010-the-beginning-the-bicycle-ride-and-external-dependencies.html HTTP/1.1" 200 2729 "-" "Mozilla/5.0 (compatible; Baiduspider/2.0; +http://www.baidu.com/search/spider.html)"
117.197.104.0 - - [12/Mar/2012:07:32:37 -0700] "-" 400 0 "-" "-"
220.181.108.89 - - [12/Mar/2012:07:34:01 -0700] "GET / HTTP/1.1" 200 3439 "-" "Mozilla/5.0 (compatible; Baiduspider/2.0; +http://www.baidu.com/search/spider.html)"
123.125.71.24 - - [12/Mar/2012:07:34:49 -0700] "GET / HTTP/1.1" 200 3439 "-" "Mozilla/5.0 (compatible; Baiduspider/2.0; +http://www.baidu.com/search/spider.html)"
14.96.96.16 - - [12/Mar/2012:07:35:27 -0700] "-" 400 0 "-" "-"
14.96.96.16 - - [12/Mar/2012:07:35:27 -0700] "-" 400 0 "-" "-"
14.96.96.16 - - [12/Mar/2012:07:35:27 -0700] "-" 400 0 "-" "-"
14.96.96.16 - - [12/Mar/2012:07:35:27 -0700] "-" 400 0 "-" "-"
14.96.96.16 - - [12/Mar/2012:07:35:27 -0700] "-" 400 0 "-" "-"
14.96.96.16 - - [12/Mar/2012:07:35:27 -0700] "-" 400 0 "-" "-"
117.193.72.216 - - [12/Mar/2012:07:35:28 -0700] "-" 400 0 "-" "-"
117.193.72.216 - - [12/Mar/2012:07:35:28 -0700] "-" 400 0 "-" "-"
117.193.72.216 - - [12/Mar/2012:07:35:28 -0700] "-" 400 0 "-" "-"
117.193.72.216 - - [12/Mar/2012:07:35:28 -0700] "-" 400 0 "-" "-"
117.193.72.216 - - [12/Mar/2012:07:35:28 -0700] "-" 400 0 "-" "-"
117.193.72.216 - - [12/Mar/2012:07:35:48 -0700] "-" 400 0 "-" "-"
117.193.72.216 - - [12/Mar/2012:07:35:48 -0700] "-" 400 0 "-" "-"
117.193.72.216 - - [12/Mar/2012:07:35:48 -0700] "-" 400 0 "-" "-"
14.96.96.16 - - [12/Mar/2012:07:35:50 -0700] "-" 400 0 "-" "-"
14.96.96.16 - - [12/Mar/2012:07:35:50 -0700] "-" 400 0 "-" "-"
14.96.96.16 - - [12/Mar/2012:07:35:50 -0700] "-" 400 0 "-" "-"
14.96.96.16 - - [12/Mar/2012:07:35:50 -0700] "-" 400 0 "-" "-"
14.96.96.16 - - [12/Mar/2012:07:35:50 -0700] "-" 400 0 "-" "-"
14.96.96.16 - - [12/Mar/2012:07:35:50 -0700] "-" 400 0 "-" "-"
123.231.85.227 - - [12/Mar/2012:07:35:52 -0700] "GET /r/57f HTTP/1.1" 301 255 "-" "Mozilla/5.0 (Windows NT 6.1; WOW64) AppleWebKit/535.7 (KHTML, like Gecko) Chrome/16.0.912.75 Safari/535.7"
123.231.85.227 - - [12/Mar/2012:07:35:53 -0700] "GET /s/ta/57f/ HTTP/1.1" 302 427 "-" "Mozilla/5.0 (Windows NT 6.1; WOW64) AppleWebKit/535.7 (KHTML, like Gecko) Chrome/16.0.912.75 Safari/535.7"
123.231.85.227 - - [12/Mar/2012:07:36:07 -0700] "-" 400 0 "-" "-"
123.231.85.227 - - [12/Mar/2012:07:36:07 -0700] "-" 400 0 "-" "-"
94.179.54.113 - - [12/Mar/2012:07:36:28 -0700] "-" 400 0 "-" "-"
85.17.88.169 - - [12/Mar/2012:07:37:20 -0700] "POST /blog/wp-cron.php?doing_wp_cron=1331562949 HTTP/1.0" 499 0 "-" "WordPress/3.3.1; http://yuvi.in/blog"
66.249.67.123 - - [12/Mar/2012:07:37:20 -0700] "GET /blog/college-drop/ HTTP/1.1" 200 4914 "-" "Mozilla/5.0 (compatible; Googlebot/2.1; +http://www.google.com/bot.html)"
123.231.85.227 - - [12/Mar/2012:07:37:28 -0700] "GET /r/s7f HTTP/1.1" 301 255 "-" "Mozilla/5.0 (Windows NT 6.1; WOW64) AppleWebKit/535.7 (KHTML, like Gecko) Chrome/16.0.912.75 Safari/535.7"
123.231.85.227 - - [12/Mar/2012:07:37:28 -0700] "GET /s/ta/s7f/ HTTP/1.1" 302 437 "-" "Mozilla/5.0 (Windows NT 6.1; WOW64) AppleWebKit/535.7 (KHTML, like Gecko) Chrome/16.0.912.75 Safari/535.7"
122.164.138.222 - - [12/Mar/2012:07:37:46 -0700] "-" 400 0 "-" "-"
123.231.85.227 - - [12/Mar/2012:07:37:47 -0700] "-" 400 0 "-" "-"
123.231.85.227 - - [12/Mar/2012:07:37:47 -0700] "-" 400 0 "-" "-"
123.231.85.227 - - [12/Mar/2012:07:39:40 -0700] "GET /r/18gx HTTP/1.1" 301 257 "-" "Mozilla/5.0 (Windows NT 6.1; WOW64) AppleWebKit/535.7 (KHTML, like Gecko) Chrome/16.0.912.75 Safari/535.7"
123.231.85.227 - - [12/Mar/2012:07:39:41 -0700] "GET /s/ta/18gx/ HTTP/1.1" 302 349 "-" "Mozilla/5.0 (Windows NT 6.1; WOW64) AppleWebKit/535.7 (KHTML, like Gecko) Chrome/16.0.912.75 Safari/535.7"
123.231.85.227 - - [12/Mar/2012:07:39:57 -0700] "-" 400 0 "-" "-"
123.231.85.227 - - [12/Mar/2012:07:39:57 -0700] "-" 400 0 "-" "-"
101.212.8.116 - - [12/Mar/2012:07:40:26 -0700] "-" 400 0 "-" "-"
101.212.8.116 - - [12/Mar/2012:07:40:26 -0700] "-" 400 0 "-" "-"
101.212.8.116 - - [12/Mar/2012:07:40:26 -0700] "-" 400 0 "-" "-"
101.212.8.116 - - [12/Mar/2012:07:40:26 -0700] "-" 400 0 "-" "-"
223.187.73.89 - - [12/Mar/2012:07:40:30 -0700] "-" 400 0 "-" "-"
117.193.72.216 - - [12/Mar/2012:07:40:39 -0700] "-" 400 0 "-" "-"
117.193.72.216 - - [12/Mar/2012:07:41:09 -0700] "-" 400 0 "-" "-"
117.202.177.43 - - [12/Mar/2012:07:42:30 -0700] "-" 400 0 "-" "-"
85.17.88.169 - - [12/Mar/2012:07:42:32 -0700] "POST /blog/wp-cron.php?doing_wp_cron=1331563261 HTTP/1.0" 499 0 "-" "WordPress/3.3.1; http://yuvi.in/blog"
209.85.224.81 - - [12/Mar/2012:07:42:32 -0700] "GET /blog/feed HTTP/1.1" 304 0 "-" "FeedBurner/1.0 (http://www.FeedBurner.com)"
141.0.9.184 - - [12/Mar/2012:07:43:10 -0700] "-" 400 0 "-" "-"
141.0.9.184 - - [12/Mar/2012:07:43:10 -0700] "-" 400 0 "-" "-"
141.0.9.184 - - [12/Mar/2012:07:43:10 -0700] "-" 400 0 "-" "-"
85.17.88.169 - - [12/Mar/2012:07:43:17 -0700] "POST /blog/wp-cron.php?doing_wp_cron=1331563306 HTTP/1.0" 499 0 "-" "WordPress/3.3.1; http://yuvi.in/blog"
209.85.238.115 - - [12/Mar/2012:07:43:17 -0700] "GET /blog/feed/ HTTP/1.1" 304 0 "-" "Feedfetcher-Google; (+http://www.google.com/feedfetcher.html; 19 subscribers; feed-id=15064232456473204253)"
114.245.251.147 - - [12/Mar/2012:07:43:28 -0700] "GET / HTTP/1.1" 200 1430 "-" "Mozilla/5.0 (Macintosh; Intel Mac OS X 10_7_3) AppleWebKit/534.53.11 (KHTML, like Gecko) Version/5.1.3 Safari/534.53.10"
114.245.251.147 - - [12/Mar/2012:07:43:31 -0700] "GET /blueprint/screen.css HTTP/1.1" 200 12058 "http://yuvi.in/" "Mozilla/5.0 (Macintosh; Intel Mac OS X 10_7_3) AppleWebKit/534.53.11 (KHTML, like Gecko) Version/5.1.3 Safari/534.53.10"
114.245.251.147 - - [12/Mar/2012:07:43:39 -0700] "GET /header.png HTTP/1.1" 200 14249 "http://yuvi.in/" "Mozilla/5.0 (Macintosh; Intel Mac OS X 10_7_3) AppleWebKit/534.53.11 (KHTML, like Gecko) Version/5.1.3 Safari/534.53.10"
114.245.251.147 - - [12/Mar/2012:07:43:40 -0700] "GET /blueprint/print.css HTTP/1.1" 200 1284 "http://yuvi.in/" "Mozilla/5.0 (Macintosh; Intel Mac OS X 10_7_3) AppleWebKit/534.53.11 (KHTML, like Gecko) Version/5.1.3 Safari/534.53.10"
114.245.251.147 - - [12/Mar/2012:07:43:41 -0700] "GET /favicon.ico HTTP/1.1" 404 142 "http://yuvi.in/" "Mozilla/5.0 (Macintosh; Intel Mac OS X 10_7_3) AppleWebKit/534.53.11 (KHTML, like Gecko) Version/5.1.3 Safari/534.53.10"
114.245.251.147 - - [12/Mar/2012:07:43:56 -0700] "GET /blog HTTP/1.1" 301 178 "http://yuvi.in/" "Mozilla/5.0 (Macintosh; Intel Mac OS X 10_7_3) AppleWebKit/534.53.11 (KHTML, like Gecko) Version/5.1.3 Safari/534.53.10"
85.17.88.169 - - [12/Mar/2012:07:44:00 -0700] "POST /blog/wp-cron.php?doing_wp_cron=1331563349 HTTP/1.0" 499 0 "-" "WordPress/3.3.1; http://yuvi.in/blog"
114.245.251.147 - - [12/Mar/2012:07:44:01 -0700] "GET /blog/ HTTP/1.1" 200 9194 "http://yuvi.in/" "Mozilla/5.0 (Macintosh; Intel Mac OS X 10_7_3) AppleWebKit/534.53.11 (KHTML, like Gecko) Version/5.1.3 Safari/534.53.10"
114.245.251.147 - - [12/Mar/2012:07:44:01 -0700] "GET /blog/wp-content/themes/cleanr/js/jquery.dropdown.js?ver=3.3.1 HTTP/1.1" 200 535 "http://yuvi.in/blog/" "Mozilla/5.0 (Macintosh; Intel Mac OS X 10_7_3) AppleWebKit/534.53.11 (KHTML, like Gecko) Version/5.1.3 Safari/534.53.10"
114.245.251.147 - - [12/Mar/2012:07:44:03 -0700] "GET /blog/wp-content/themes/cleanr/style.css HTTP/1.1" 200 10508 "http://yuvi.in/blog/" "Mozilla/5.0 (Macintosh; Intel Mac OS X 10_7_3) AppleWebKit/534.53.11 (KHTML, like Gecko) Version/5.1.3 Safari/534.53.10"
114.245.251.147 - - [12/Mar/2012:07:44:03 -0700] "GET /blog/wp-includes/js/jquery/jquery.js?ver=1.7.1 HTTP/1.1" 200 93889 "http://yuvi.in/blog/" "Mozilla/5.0 (Macintosh; Intel Mac OS X 10_7_3) AppleWebKit/534.53.11 (KHTML, like Gecko) Version/5.1.3 Safari/534.53.10"
114.245.251.147 - - [12/Mar/2012:07:44:04 -0700] "GET /blog/wp-content/themes/cleanr/css/reset.css HTTP/1.1" 200 648 "http://yuvi.in/blog/" "Mozilla/5.0 (Macintosh; Intel Mac OS X 10_7_3) AppleWebKit/534.53.11 (KHTML, like Gecko) Version/5.1.3 Safari/534.53.10"
114.245.251.147 - - [12/Mar/2012:07:44:04 -0700] "GET /blog/wp-content/themes/cleanr/css/text.css HTTP/1.1" 200 420 "http://yuvi.in/blog/" "Mozilla/5.0 (Macintosh; Intel Mac OS X 10_7_3) AppleWebKit/534.53.11 (KHTML, like Gecko) Version/5.1.3 Safari/534.53.10"
114.245.251.147 - - [12/Mar/2012:07:44:04 -0700] "GET /blog/wp-content/themes/cleanr/css/960.css HTTP/1.1" 200 3628 "http://yuvi.in/blog/" "Mozilla/5.0 (Macintosh; Intel Mac OS X 10_7_3) AppleWebKit/534.53.11 (KHTML, like Gecko) Version/5.1.3 Safari/534.53.10"
114.245.251.147 - - [12/Mar/2012:07:44:05 -0700] "GET /blog/wp-content/themes/cleanr/images/search_magnifier.gif HTTP/1.1" 200 394 "http://yuvi.in/blog/" "Mozilla/5.0 (Macintosh; Intel Mac OS X 10_7_3) AppleWebKit/534.53.11 (KHTML, like Gecko) Version/5.1.3 Safari/534.53.10"
117.193.72.216 - - [12/Mar/2012:07:44:19 -0700] "-" 400 0 "-" "-"
117.193.72.216 - - [12/Mar/2012:07:44:19 -0700] "-" 400 0 "-" "-"
117.193.72.216 - - [12/Mar/2012:07:44:19 -0700] "-" 400 0 "-" "-"
117.193.72.216 - - [12/Mar/2012:07:44:19 -0700] "-" 400 0 "-" "-"
117.193.72.216 - - [12/Mar/2012:07:44:19 -0700] "-" 400 0 "-" "-"
91.203.96.17 - - [12/Mar/2012:07:45:20 -0700] "-" 400 0 "-" "-"
112.135.174.157 - - [12/Mar/2012:07:45:27 -0700] "GET /r/4va HTTP/1.1" 301 255 "http://ta.wikipedia.org/wiki/%E0%AE%9C%E0%AF%8A%E0%AE%95%E0%AE%BE%E0%AE%A9%E0%AF%8D%E0%AE%A9%E0%AE%B8%E0%AF%8D_%E0%AE%95%E0%AF%86%E0%AE%AA%E0%AF%8D%E0%AE%B3%E0%AE%B0%E0%AF%8D" "Mozilla/5.0 (Windows NT 5.1) AppleWebKit/535.11 (KHTML, like Gecko) Chrome/17.0.963.79 Safari/535.11"
112.135.174.157 - - [12/Mar/2012:07:45:28 -0700] "GET /s/ta/4va/ HTTP/1.1" 302 461 "http://ta.wikipedia.org/wiki/%E0%AE%9C%E0%AF%8A%E0%AE%95%E0%AE%BE%E0%AE%A9%E0%AF%8D%E0%AE%A9%E0%AE%B8%E0%AF%8D_%E0%AE%95%E0%AF%86%E0%AE%AA%E0%AF%8D%E0%AE%B3%E0%AE%B0%E0%AF%8D" "Mozilla/5.0 (Windows NT 5.1) AppleWebKit/535.11 (KHTML, like Gecko) Chrome/17.0.963.79 Safari/535.11"
112.135.174.157 - - [12/Mar/2012:07:45:41 -0700] "-" 400 0 "-" "-"
112.135.174.157 - - [12/Mar/2012:07:45:41 -0700] "-" 400 0 "-" "-"
85.17.88.169 - - [12/Mar/2012:07:46:51 -0700] "POST /blog/wp-cron.php?doing_wp_cron=1331563520 HTTP/1.0" 499 0 "-" "WordPress/3.3.1; http://yuvi.in/blog"
94.102.150.50 - - [12/Mar/2012:07:46:51 -0700] "GET /blog/feed/atom/ HTTP/1.1" 304 0 "-" "SocialSearcher/0.1  Mozilla/5.0"
117.193.72.216 - - [12/Mar/2012:07:46:59 -0700] "-" 400 0 "-" "-"
14.195.227.137 - - [12/Mar/2012:07:47:18 -0700] "GET /r/274 HTTP/1.1" 301 255 "http://ta.wikipedia.org/wiki/%E0%AE%95%E0%AE%A3%E0%AF%8D%E0%AE%A3%E0%AE%A4%E0%AE%BE%E0%AE%9A%E0%AE%A9%E0%AF%8D" "Mozilla/5.0 (Windows NT 5.1; rv:10.0.2) Gecko/20100101 Firefox/10.0.2"
14.195.227.137 - - [12/Mar/2012:07:47:18 -0700] "GET /s/ta/274/ HTTP/1.1" 302 373 "http://ta.wikipedia.org/wiki/%E0%AE%95%E0%AE%A3%E0%AF%8D%E0%AE%A3%E0%AE%A4%E0%AE%BE%E0%AE%9A%E0%AE%A9%E0%AF%8D" "Mozilla/5.0 (Windows NT 5.1; rv:10.0.2) Gecko/20100101 Firefox/10.0.2"
14.195.227.137 - - [12/Mar/2012:07:47:23 -0700] "-" 400 0 "-" "-"
91.203.96.17 - - [12/Mar/2012:07:48:02 -0700] "-" 400 0 "-" "-"
117.193.199.21 - - [12/Mar/2012:07:50:11 -0700] "-" 400 0 "-" "-"
91.203.96.17 - - [12/Mar/2012:07:50:37 -0700] "-" 400 0 "-" "-"
223.236.108.88 - - [12/Mar/2012:07:53:59 -0700] "GET /r/25f HTTP/1.1" 301 255 "-" "SAMSUNG-GT-S3350/1.0 NetFront/3.5 Profile/MIDP-2.0 Configuration/CLDC-1.1"
223.236.108.88 - - [12/Mar/2012:07:54:00 -0700] "GET /s/ta/25f/ HTTP/1.1" 302 437 "-" "SAMSUNG-GT-S3350/1.0 NetFront/3.5 Profile/MIDP-2.0 Configuration/CLDC-1.1"
69.171.242.250 - - [12/Mar/2012:07:54:23 -0700] "GET /r/p0f HTTP/1.1" 301 255 "-" "facebookexternalhit/1.1 (+http://www.facebook.com/externalhit_uatext.php)"
69.171.242.244 - - [12/Mar/2012:07:54:23 -0700] "GET /s/ta/p0f/ HTTP/1.1" 302 433 "-" "facebookexternalhit/1.1 (+http://www.facebook.com/externalhit_uatext.php)"
85.17.88.169 - - [12/Mar/2012:07:55:16 -0700] "POST /blog/wp-cron.php?doing_wp_cron=1331564025 HTTP/1.0" 499 0 "-" "WordPress/3.3.1; http://yuvi.in/blog"
186.216.225.185 - - [12/Mar/2012:07:55:17 -0700] "GET /blog/category/code/ HTTP/1.1" 200 38672 "-" "Mozilla/5.0 (compatible; Googlebot/2.1; +http://www.google.com/bot.html)"
85.17.88.169 - - [12/Mar/2012:07:55:34 -0700] "POST /blog/wp-cron.php?doing_wp_cron=1331564043 HTTP/1.0" 499 0 "-" "WordPress/3.3.1; http://yuvi.in/blog"
188.80.166.146 - - [12/Mar/2012:07:55:35 -0700] "GET /blog/tag/code/ HTTP/1.1" 200 29776 "-" "Mozilla/5.0 (compatible; Googlebot/2.1; +http://www.google.com/bot.html)"
66.249.68.52 - - [12/Mar/2012:07:57:42 -0700] "GET /r/26h0 HTTP/1.1" 301 257 "-" "Mozilla/5.0 (compatible; Googlebot/2.1; +http://www.google.com/bot.html)"
66.249.68.52 - - [12/Mar/2012:07:57:43 -0700] "GET /s/ta/26h0/ HTTP/1.1" 302 449 "-" "Mozilla/5.0 (compatible; Googlebot/2.1; +http://www.google.com/bot.html)"
117.193.189.105 - - [12/Mar/2012:07:58:48 -0700] "-" 400 0 "-" "-"
117.193.189.105 - - [12/Mar/2012:07:58:48 -0700] "-" 400 0 "-" "-"
117.193.189.105 - - [12/Mar/2012:07:58:48 -0700] "-" 400 0 "-" "-"
117.193.189.105 - - [12/Mar/2012:07:58:48 -0700] "-" 400 0 "-" "-"
209.85.224.84 - - [12/Mar/2012:07:59:24 -0700] "GET /stories/feed HTTP/1.1" 200 13653 "-" "FeedBurner/1.0 (http://www.FeedBurner.com)"
117.193.189.105 - - [12/Mar/2012:08:00:27 -0700] "-" 400 0 "-" "-"
117.193.189.26 - - [12/Mar/2012:08:01:43 -0700] "-" 400 0 "-" "-"
85.110.189.122 - - [12/Mar/2012:08:02:58 -0700] "GET /blog/ HTTP/1.1" 200 33223 "-" "Mozilla/5.0 (compatible; Googlebot/2.1; +http://www.google.com/bot.html)"
85.17.88.169 - - [12/Mar/2012:08:03:28 -0700] "POST /blog/wp-cron.php?doing_wp_cron=1331564517 HTTP/1.0" 499 0 "-" "WordPress/3.3.1; http://yuvi.in/blog"
88.246.211.90 - - [12/Mar/2012:08:03:30 -0700] "GET /blog/interview-sriram-krishnan-5-years-old/ HTTP/1.1" 200 49629 "-" "Mozilla/5.0 (compatible; Googlebot/2.1; +http://www.google.com/bot.html)"
85.17.88.169 - - [12/Mar/2012:08:03:48 -0700] "POST /blog/wp-cron.php?doing_wp_cron=1331564538 HTTP/1.0" 499 0 "-" "WordPress/3.3.1; http://yuvi.in/blog"
100.43.83.144 - - [12/Mar/2012:08:03:49 -0700] "GET /blog/why-i-moved-off-arch-on-my-netbook/ HTTP/1.1" 200 4794 "-" "Mozilla/5.0 (compatible; YandexBot/3.0; +http://yandex.com/bots)"
85.17.88.169 - - [12/Mar/2012:08:04:32 -0700] "POST /blog/wp-cron.php?doing_wp_cron=1331564581 HTTP/1.0" 499 0 "-" "WordPress/3.3.1; http://yuvi.in/blog"
66.249.67.123 - - [12/Mar/2012:08:04:32 -0700] "GET /blog/2012/03/ HTTP/1.1" 200 3953 "-" "Mozilla/5.0 (compatible; Googlebot/2.1; +http://www.google.com/bot.html)"
123.237.68.142 - - [12/Mar/2012:08:05:49 -0700] "-" 400 0 "-" "-"
123.237.68.142 - - [12/Mar/2012:08:05:49 -0700] "-" 400 0 "-" "-"
123.237.68.142 - - [12/Mar/2012:08:05:49 -0700] "-" 400 0 "-" "-"
123.237.68.142 - - [12/Mar/2012:08:05:49 -0700] "-" 400 0 "-" "-"
123.237.68.142 - - [12/Mar/2012:08:06:39 -0700] "-" 400 0 "-" "-"
123.237.68.142 - - [12/Mar/2012:08:06:39 -0700] "-" 400 0 "-" "-"
123.237.68.142 - - [12/Mar/2012:08:06:39 -0700] "-" 400 0 "-" "-"
123.237.68.142 - - [12/Mar/2012:08:06:39 -0700] "-" 400 0 "-" "-"
123.237.68.142 - - [12/Mar/2012:08:06:59 -0700] "-" 400 0 "-" "-"
123.237.68.142 - - [12/Mar/2012:08:06:59 -0700] "-" 400 0 "-" "-"
123.237.68.142 - - [12/Mar/2012:08:06:59 -0700] "-" 400 0 "-" "-"
123.237.68.142 - - [12/Mar/2012:08:06:59 -0700] "-" 400 0 "-" "-"
123.237.68.142 - - [12/Mar/2012:08:06:59 -0700] "-" 400 0 "-" "-"
141.0.10.27 - - [12/Mar/2012:08:07:10 -0700] "-" 400 0 "-" "-"
66.249.67.123 - - [12/Mar/2012:08:07:17 -0700] "GET /blog/static/style.css HTTP/1.1" 200 4753 "-" "Mozilla/5.0 (compatible; Googlebot/2.1; +http://www.google.com/bot.html)"
66.249.67.123 - - [12/Mar/2012:08:07:18 -0700] "GET /blog/static/codehilite.css HTTP/1.1" 200 4012 "-" "Mozilla/5.0 (compatible; Googlebot/2.1; +http://www.google.com/bot.html)"
66.249.68.52 - - [12/Mar/2012:08:07:54 -0700] "GET /s/ta/2re/ HTTP/1.1" 302 361 "-" "Mozilla/5.0 (compatible; Googlebot/2.1; +http://www.google.com/bot.html)"
85.17.88.169 - - [12/Mar/2012:08:08:14 -0700] "POST /blog/wp-cron.php?doing_wp_cron=1331564803 HTTP/1.0" 499 0 "-" "WordPress/3.3.1; http://yuvi.in/blog"
209.85.238.115 - - [12/Mar/2012:08:08:15 -0700] "GET /blog/feed HTTP/1.1" 301 0 "-" "Feedfetcher-Google; (+http://www.google.com/feedfetcher.html; 3 subscribers; feed-id=17684830852112633560)"
85.17.88.169 - - [12/Mar/2012:08:08:17 -0700] "POST /blog/wp-cron.php?doing_wp_cron=1331564806 HTTP/1.0" 499 0 "-" "WordPress/3.3.1; http://yuvi.in/blog"
209.85.238.115 - - [12/Mar/2012:08:08:17 -0700] "GET /blog/feed/ HTTP/1.1" 304 0 "-" "Feedfetcher-Google; (+http://www.google.com/feedfetcher.html; 3 subscribers; feed-id=17684830852112633560)"
74.125.18.152 - - [12/Mar/2012:08:09:31 -0700] "GET /blog/more-effects-for-cheese.html HTTP/1.1" 200 2311 "http://www.google.com/search" "Mozilla/5.0 (X11; Linux x86_64) AppleWebKit/534.51 (KHTML, like Gecko; Google Web Preview) Chrome/12.0.742 Safari/534.51"
74.125.18.161 - - [12/Mar/2012:08:09:31 -0700] "GET /blog/static/codehilite.css HTTP/1.1" 200 4012 "http://yuvi.in/blog/more-effects-for-cheese.html" "Mozilla/5.0 (X11; Linux x86_64) AppleWebKit/534.51 (KHTML, like Gecko; Google Web Preview) Chrome/12.0.742 Safari/534.51"
74.125.18.162 - - [12/Mar/2012:08:09:31 -0700] "GET /blog/static/style.css HTTP/1.1" 200 4753 "http://yuvi.in/blog/more-effects-for-cheese.html" "Mozilla/5.0 (X11; Linux x86_64) AppleWebKit/534.51 (KHTML, like Gecko; Google Web Preview) Chrome/12.0.742 Safari/534.51"
66.249.68.52 - - [12/Mar/2012:08:09:36 -0700] "GET /r/2re HTTP/1.1" 301 255 "-" "Mozilla/5.0 (compatible; Googlebot/2.1; +http://www.google.com/bot.html)"
66.249.68.52 - - [12/Mar/2012:08:11:18 -0700] "GET /r/2bgy HTTP/1.1" 301 257 "-" "Mozilla/5.0 (compatible; Googlebot/2.1; +http://www.google.com/bot.html)"
66.249.68.52 - - [12/Mar/2012:08:11:19 -0700] "GET /s/ta/2bgy/ HTTP/1.1" 302 383 "-" "Mozilla/5.0 (compatible; Googlebot/2.1; +http://www.google.com/bot.html)"
141.0.10.27 - - [12/Mar/2012:08:12:16 -0700] "-" 400 0 "-" "-"
141.0.10.27 - - [12/Mar/2012:08:12:16 -0700] "-" 400 0 "-" "-"
157.55.112.204 - - [12/Mar/2012:08:12:32 -0700] "-" 400 0 "-" "-"
157.55.112.204 - - [12/Mar/2012:08:12:32 -0700] "-" 400 0 "-" "-"
157.55.112.204 - - [12/Mar/2012:08:12:32 -0700] "-" 400 0 "-" "-"
157.55.112.204 - - [12/Mar/2012:08:12:32 -0700] "-" 400 0 "-" "-"
157.55.112.204 - - [12/Mar/2012:08:12:32 -0700] "-" 400 0 "-" "-"
157.55.112.204 - - [12/Mar/2012:08:12:32 -0700] "-" 400 0 "-" "-"
157.55.112.204 - - [12/Mar/2012:08:12:32 -0700] "-" 400 0 "-" "-"
157.55.112.204 - - [12/Mar/2012:08:12:33 -0700] "-" 400 0 "-" "-"
85.17.88.169 - - [12/Mar/2012:08:12:42 -0700] "POST /blog/wp-cron.php?doing_wp_cron=1331565071 HTTP/1.0" 499 0 "-" "WordPress/3.3.1; http://yuvi.in/blog"
209.85.224.86 - - [12/Mar/2012:08:12:42 -0700] "GET /blog/feed HTTP/1.1" 304 0 "-" "FeedBurner/1.0 (http://www.FeedBurner.com)"
66.249.68.52 - - [12/Mar/2012:08:13:00 -0700] "GET /r/2at HTTP/1.1" 301 255 "-" "Mozilla/5.0 (compatible; Googlebot/2.1; +http://www.google.com/bot.html)"
66.249.68.52 - - [12/Mar/2012:08:13:01 -0700] "GET /s/ta/2at/ HTTP/1.1" 302 415 "-" "Mozilla/5.0 (compatible; Googlebot/2.1; +http://www.google.com/bot.html)"
157.55.112.204 - - [12/Mar/2012:08:13:10 -0700] "-" 400 0 "-" "-"
157.55.112.204 - - [12/Mar/2012:08:13:10 -0700] "-" 400 0 "-" "-"
157.55.112.204 - - [12/Mar/2012:08:13:10 -0700] "-" 400 0 "-" "-"
14.194.94.212 - - [12/Mar/2012:08:13:43 -0700] "-" 400 0 "-" "-"
66.249.68.52 - - [12/Mar/2012:08:14:43 -0700] "GET /r/1qw9 HTTP/1.1" 301 257 "-" "Mozilla/5.0 (compatible; Googlebot/2.1; +http://www.google.com/bot.html)"
66.249.68.52 - - [12/Mar/2012:08:14:43 -0700] "GET /s/ta/1qw9/ HTTP/1.1" 302 385 "-" "Mozilla/5.0 (compatible; Googlebot/2.1; +http://www.google.com/bot.html)"
101.63.197.212 - - [12/Mar/2012:08:15:06 -0700] "-" 400 0 "-" "-"
88.89.239.43 - - [12/Mar/2012:08:15:24 -0700] "GET /r/2t2s HTTP/1.1" 301 257 "http://ta.wikipedia.org/wiki/%E0%AE%95%E0%AE%BE._%E0%AE%9A%E0%AF%81%E0%AE%9C%E0%AE%A8%E0%AF%8D%E0%AE%A4%E0%AE%A9%E0%AF%8D" "Mozilla/5.0 (Windows NT 6.0) AppleWebKit/535.11 (KHTML, like Gecko) Chrome/17.0.963.78 Safari/535.11"
88.89.239.43 - - [12/Mar/2012:08:15:24 -0700] "GET /s/ta/2t2s/ HTTP/1.1" 302 391 "http://ta.wikipedia.org/wiki/%E0%AE%95%E0%AE%BE._%E0%AE%9A%E0%AF%81%E0%AE%9C%E0%AE%A8%E0%AF%8D%E0%AE%A4%E0%AE%A9%E0%AF%8D" "Mozilla/5.0 (Windows NT 6.0) AppleWebKit/535.11 (KHTML, like Gecko) Chrome/17.0.963.78 Safari/535.11"
66.249.68.52 - - [12/Mar/2012:08:16:25 -0700] "GET /r/20ls HTTP/1.1" 301 257 "-" "Mozilla/5.0 (compatible; Googlebot/2.1; +http://www.google.com/bot.html)"
66.249.68.52 - - [12/Mar/2012:08:16:26 -0700] "GET /s/ta/20ls/ HTTP/1.1" 302 537 "-" "Mozilla/5.0 (compatible; Googlebot/2.1; +http://www.google.com/bot.html)"
180.76.5.111 - - [12/Mar/2012:08:16:36 -0700] "GET /r/w1o HTTP/1.1" 301 255 "-" "Mozilla/5.0 (compatible; Baiduspider/2.0; +http://www.baidu.com/search/spider.html)"
180.76.6.28 - - [12/Mar/2012:08:16:37 -0700] "GET /s/ta/w1o/ HTTP/1.1" 302 349 "-" "Mozilla/5.0 (compatible; Baiduspider/2.0; +http://www.baidu.com/search/spider.html)"
49.203.128.107 - - [12/Mar/2012:08:17:31 -0700] "-" 400 0 "-" "-"
117.193.83.120 - - [12/Mar/2012:08:17:37 -0700] "GET /r/2e8g HTTP/1.1" 301 257 "http://ta.wikipedia.org/wiki/%E0%AE%95%E0%AF%87%E0%AE%9F%E0%AE%AF%E0%AE%9A%E0%AF%8D_%E0%AE%9A%E0%AF%81%E0%AE%B0%E0%AE%AA%E0%AF%8D%E0%AE%AA%E0%AE%BF" "Mozilla/5.0 (Windows NT 5.1) AppleWebKit/535.11 (KHTML, like Gecko) Chrome/17.0.963.78 Safari/535.11"
117.193.83.120 - - [12/Mar/2012:08:17:38 -0700] "GET /s/ta/2e8g/ HTTP/1.1" 302 425 "http://ta.wikipedia.org/wiki/%E0%AE%95%E0%AF%87%E0%AE%9F%E0%AE%AF%E0%AE%9A%E0%AF%8D_%E0%AE%9A%E0%AF%81%E0%AE%B0%E0%AE%AA%E0%AF%8D%E0%AE%AA%E0%AE%BF" "Mozilla/5.0 (Windows NT 5.1) AppleWebKit/535.11 (KHTML, like Gecko) Chrome/17.0.963.78 Safari/535.11"
117.193.83.120 - - [12/Mar/2012:08:17:48 -0700] "-" 400 0 "-" "-"
66.249.68.52 - - [12/Mar/2012:08:19:49 -0700] "GET /r/ydf HTTP/1.1" 301 255 "-" "Mozilla/5.0 (compatible; Googlebot/2.1; +http://www.google.com/bot.html)"
66.249.68.52 - - [12/Mar/2012:08:19:49 -0700] "GET /s/ta/ydf/ HTTP/1.1" 302 523 "-" "Mozilla/5.0 (compatible; Googlebot/2.1; +http://www.google.com/bot.html)"
207.46.204.217 - - [12/Mar/2012:08:21:57 -0700] "-" 400 0 "-" "-"
207.46.204.217 - - [12/Mar/2012:08:21:59 -0700] "-" 400 0 "-" "-"
207.46.204.217 - - [12/Mar/2012:08:21:59 -0700] "-" 400 0 "-" "-"
207.46.204.217 - - [12/Mar/2012:08:22:01 -0700] "-" 400 0 "-" "-"
207.46.204.217 - - [12/Mar/2012:08:22:01 -0700] "-" 400 0 "-" "-"
207.46.204.217 - - [12/Mar/2012:08:22:02 -0700] "-" 400 0 "-" "-"
207.46.204.217 - - [12/Mar/2012:08:22:02 -0700] "-" 400 0 "-" "-"
207.46.204.217 - - [12/Mar/2012:08:22:02 -0700] "-" 400 0 "-" "-"
207.46.204.217 - - [12/Mar/2012:08:22:03 -0700] "-" 400 0 "-" "-"
207.46.204.217 - - [12/Mar/2012:08:22:03 -0700] "-" 400 0 "-" "-"
112.134.228.140 - - [12/Mar/2012:08:23:08 -0700] "GET /r/252 HTTP/1.1" 301 255 "http://ta.wikipedia.org/wiki/%E0%AE%9A%E0%AF%81%E0%AE%AA%E0%AF%8D%E0%AE%AA%E0%AE%BF%E0%AE%B0%E0%AE%AE%E0%AE%A3%E0%AE%BF%E0%AE%AF_%E0%AE%AA%E0%AE%BE%E0%AE%B0%E0%AE%A4%E0%AE%BF" "Mozilla/5.0 (Windows NT 5.1) AppleWebKit/535.11 (KHTML, like Gecko) Chrome/17.0.963.78 Safari/535.11"
112.134.228.140 - - [12/Mar/2012:08:23:08 -0700] "GET /s/ta/252/ HTTP/1.1" 302 461 "http://ta.wikipedia.org/wiki/%E0%AE%9A%E0%AF%81%E0%AE%AA%E0%AF%8D%E0%AE%AA%E0%AE%BF%E0%AE%B0%E0%AE%AE%E0%AE%A3%E0%AE%BF%E0%AE%AF_%E0%AE%AA%E0%AE%BE%E0%AE%B0%E0%AE%A4%E0%AE%BF" "Mozilla/5.0 (Windows NT 5.1) AppleWebKit/535.11 (KHTML, like Gecko) Chrome/17.0.963.78 Safari/535.11"
85.17.88.169 - - [12/Mar/2012:08:23:46 -0700] "POST /blog/wp-cron.php?doing_wp_cron=1331565735 HTTP/1.0" 499 0 "-" "WordPress/3.3.1; http://yuvi.in/blog"
97.117.105.100 - - [12/Mar/2012:08:23:47 -0700] "GET /blog/favicon.ico HTTP/1.1" 404 3016 "-" "Mozilla/5.0 (Windows NT 5.1; rv:10.0.2) Gecko/20100101 Firefox/10.0.2"
66.249.68.52 - - [12/Mar/2012:08:24:55 -0700] "GET /r/alv HTTP/1.1" 301 255 "-" "Mozilla/5.0 (compatible; Googlebot/2.1; +http://www.google.com/bot.html)"
66.249.68.52 - - [12/Mar/2012:08:24:56 -0700] "GET /s/ta/alv/ HTTP/1.1" 302 597 "-" "Mozilla/5.0 (compatible; Googlebot/2.1; +http://www.google.com/bot.html)"
66.154.119.75 - - [12/Mar/2012:08:24:59 -0700] "GET /r/a4q HTTP/1.1" 301 255 "http://ta.wikipedia.org/wiki/%E0%AE%AA%E0%AE%95%E0%AF%81%E0%AE%AA%E0%AF%8D%E0%AE%AA%E0%AF%81:%E0%AE%AA%E0%AE%BE%E0%AE%B2%E0%AE%BF%E0%AE%A9%E0%AF%8D%E0%AE%AA_%E0%AE%87%E0%AE%B2%E0%AE%95%E0%AF%8D%E0%AE%95%E0%AE%BF%E0%AE%AF%E0%AE%AE%E0%AF%8D" "Nokia5130c-2/2.0 (07.97) Profile/MIDP-2.1 Configuration/CLDC-1.1 nokia5130c-2/UC Browser7.9.0.102/70/352 UNTRUSTED/1.0"
66.154.119.75 - - [12/Mar/2012:08:24:59 -0700] "GET /s/ta/a4q/ HTTP/1.1" 302 547 "http://ta.wikipedia.org/wiki/%E0%AE%AA%E0%AE%95%E0%AF%81%E0%AE%AA%E0%AF%8D%E0%AE%AA%E0%AF%81:%E0%AE%AA%E0%AE%BE%E0%AE%B2%E0%AE%BF%E0%AE%A9%E0%AF%8D%E0%AE%AA_%E0%AE%87%E0%AE%B2%E0%AE%95%E0%AF%8D%E0%AE%95%E0%AE%BF%E0%AE%AF%E0%AE%AE%E0%AF%8D" "Nokia5130c-2/2.0 (07.97) Profile/MIDP-2.1 Configuration/CLDC-1.1 nokia5130c-2/UC Browser7.9.0.102/70/352 UNTRUSTED/1.0"
101.63.130.217 - - [12/Mar/2012:08:25:22 -0700] "-" 400 0 "-" "-"
101.63.130.217 - - [12/Mar/2012:08:25:22 -0700] "-" 400 0 "-" "-"
101.63.130.217 - - [12/Mar/2012:08:25:22 -0700] "-" 400 0 "-" "-"
101.63.130.217 - - [12/Mar/2012:08:26:01 -0700] "-" 400 0 "-" "-"
101.63.130.217 - - [12/Mar/2012:08:26:01 -0700] "-" 400 0 "-" "-"
101.63.130.217 - - [12/Mar/2012:08:26:01 -0700] "-" 400 0 "-" "-"
101.63.130.217 - - [12/Mar/2012:08:26:01 -0700] "-" 400 0 "-" "-"
66.249.68.52 - - [12/Mar/2012:08:26:37 -0700] "GET /r/hxd HTTP/1.1" 301 255 "-" "Mozilla/5.0 (compatible; Googlebot/2.1; +http://www.google.com/bot.html)"
66.249.68.52 - - [12/Mar/2012:08:26:38 -0700] "GET /s/ta/hxd/ HTTP/1.1" 302 605 "-" "Mozilla/5.0 (compatible; Googlebot/2.1; +http://www.google.com/bot.html)"
59.92.64.20 - - [12/Mar/2012:08:29:30 -0700] "GET / HTTP/1.1" 200 1430 "-" "Mozilla/5.0 (X11; Linux i686) AppleWebKit/534.30 (KHTML, like Gecko) Chrome/12.0.742.112 Safari/534.30"
59.92.64.20 - - [12/Mar/2012:08:29:30 -0700] "GET /blueprint/screen.css HTTP/1.1" 200 12058 "http://yuvi.in/" "Mozilla/5.0 (X11; Linux i686) AppleWebKit/534.30 (KHTML, like Gecko) Chrome/12.0.742.112 Safari/534.30"
59.92.64.20 - - [12/Mar/2012:08:29:31 -0700] "GET /blueprint/print.css HTTP/1.1" 200 1284 "http://yuvi.in/" "Mozilla/5.0 (X11; Linux i686) AppleWebKit/534.30 (KHTML, like Gecko) Chrome/12.0.742.112 Safari/534.30"
59.92.64.20 - - [12/Mar/2012:08:29:32 -0700] "GET /header.png HTTP/1.1" 200 14249 "http://yuvi.in/" "Mozilla/5.0 (X11; Linux i686) AppleWebKit/534.30 (KHTML, like Gecko) Chrome/12.0.742.112 Safari/534.30"
59.92.64.20 - - [12/Mar/2012:08:29:33 -0700] "GET /favicon.ico HTTP/1.1" 404 199 "-" "Mozilla/5.0 (X11; Linux i686) AppleWebKit/534.30 (KHTML, like Gecko) Chrome/12.0.742.112 Safari/534.30"
59.92.64.20 - - [12/Mar/2012:08:29:38 -0700] "GET /blog HTTP/1.1" 301 178 "http://yuvi.in/" "Mozilla/5.0 (X11; Linux i686) AppleWebKit/534.30 (KHTML, like Gecko) Chrome/12.0.742.112 Safari/534.30"
59.92.64.20 - - [12/Mar/2012:08:29:39 -0700] "GET /blog/ HTTP/1.1" 200 9194 "http://yuvi.in/" "Mozilla/5.0 (X11; Linux i686) AppleWebKit/534.30 (KHTML, like Gecko) Chrome/12.0.742.112 Safari/534.30"
59.92.64.20 - - [12/Mar/2012:08:29:40 -0700] "GET /blog/wp-content/themes/cleanr/js/jquery.dropdown.js?ver=3.3.1 HTTP/1.1" 200 535 "http://yuvi.in/blog/" "Mozilla/5.0 (X11; Linux i686) AppleWebKit/534.30 (KHTML, like Gecko) Chrome/12.0.742.112 Safari/534.30"
59.92.64.20 - - [12/Mar/2012:08:29:40 -0700] "GET /blog/wp-content/themes/cleanr/style.css HTTP/1.1" 200 10508 "http://yuvi.in/blog/" "Mozilla/5.0 (X11; Linux i686) AppleWebKit/534.30 (KHTML, like Gecko) Chrome/12.0.742.112 Safari/534.30"
59.92.64.20 - - [12/Mar/2012:08:29:41 -0700] "GET /blog/wp-content/themes/cleanr/css/reset.css HTTP/1.1" 200 648 "http://yuvi.in/blog/" "Mozilla/5.0 (X11; Linux i686) AppleWebKit/534.30 (KHTML, like Gecko) Chrome/12.0.742.112 Safari/534.30"
59.92.64.20 - - [12/Mar/2012:08:29:41 -0700] "GET /blog/wp-content/themes/cleanr/css/text.css HTTP/1.1" 200 420 "http://yuvi.in/blog/" "Mozilla/5.0 (X11; Linux i686) AppleWebKit/534.30 (KHTML, like Gecko) Chrome/12.0.742.112 Safari/534.30"
59.92.64.20 - - [12/Mar/2012:08:29:41 -0700] "GET /blog/wp-content/themes/cleanr/css/960.css HTTP/1.1" 200 3628 "http://yuvi.in/blog/" "Mozilla/5.0 (X11; Linux i686) AppleWebKit/534.30 (KHTML, like Gecko) Chrome/12.0.742.112 Safari/534.30"
59.92.64.20 - - [12/Mar/2012:08:29:41 -0700] "GET /blog/wp-includes/js/jquery/jquery.js?ver=1.7.1 HTTP/1.1" 200 93889 "http://yuvi.in/blog/" "Mozilla/5.0 (X11; Linux i686) AppleWebKit/534.30 (KHTML, like Gecko) Chrome/12.0.742.112 Safari/534.30"
59.92.64.20 - - [12/Mar/2012:08:29:41 -0700] "GET /stories HTTP/1.1" 301 185 "http://yuvi.in/" "Mozilla/5.0 (X11; Linux i686) AppleWebKit/534.30 (KHTML, like Gecko) Chrome/12.0.742.112 Safari/534.30"
59.92.64.20 - - [12/Mar/2012:08:29:42 -0700] "GET /stories/ HTTP/1.1" 200 1271 "http://yuvi.in/" "Mozilla/5.0 (X11; Linux i686) AppleWebKit/534.30 (KHTML, like Gecko) Chrome/12.0.742.112 Safari/534.30"
59.92.64.20 - - [12/Mar/2012:08:29:42 -0700] "GET /stories/static/style.css HTTP/1.1" 200 1274 "http://yuvi.in/stories/" "Mozilla/5.0 (X11; Linux i686) AppleWebKit/534.30 (KHTML, like Gecko) Chrome/12.0.742.112 Safari/534.30"
59.92.64.20 - - [12/Mar/2012:08:29:42 -0700] "GET /stories/static/codehilite.css HTTP/1.1" 200 4012 "http://yuvi.in/stories/" "Mozilla/5.0 (X11; Linux i686) AppleWebKit/534.30 (KHTML, like Gecko) Chrome/12.0.742.112 Safari/534.30"
59.92.64.20 - - [12/Mar/2012:08:29:44 -0700] "GET /favicon.ico HTTP/1.1" 404 199 "-" "Mozilla/5.0 (X11; Linux i686) AppleWebKit/534.30 (KHTML, like Gecko) Chrome/12.0.742.112 Safari/534.30"
59.92.64.20 - - [12/Mar/2012:08:29:45 -0700] "GET /blog/wp-content/themes/cleanr/images/search_magnifier.gif HTTP/1.1" 200 394 "http://yuvi.in/blog/" "Mozilla/5.0 (X11; Linux i686) AppleWebKit/534.30 (KHTML, like Gecko) Chrome/12.0.742.112 Safari/534.30"
59.92.64.20 - - [12/Mar/2012:08:29:45 -0700] "GET /favicon.ico HTTP/1.1" 404 199 "-" "Mozilla/5.0 (X11; Linux i686) AppleWebKit/534.30 (KHTML, like Gecko) Chrome/12.0.742.112 Safari/534.30"
66.249.68.52 - - [12/Mar/2012:08:30:01 -0700] "GET /r/2rl3 HTTP/1.1" 301 257 "-" "Mozilla/5.0 (compatible; Googlebot/2.1; +http://www.google.com/bot.html)"
66.249.68.52 - - [12/Mar/2012:08:30:02 -0700] "GET /s/ta/2rl3/ HTTP/1.1" 302 385 "-" "Mozilla/5.0 (compatible; Googlebot/2.1; +http://www.google.com/bot.html)"
174.129.240.65 - - [12/Mar/2012:08:30:55 -0700] "GET /r/2z65 HTTP/1.1" 301 257 "-" "Mozilla/5.0 (compatible; MSIE 8.0; Windows NT 6.0)"
174.129.240.65 - - [12/Mar/2012:08:30:55 -0700] "GET /s/ta/2z65/ HTTP/1.1" 302 733 "-" "Mozilla/5.0 (compatible; MSIE 8.0; Windows NT 6.0)"
203.82.93.21 - - [12/Mar/2012:08:31:15 -0700] "GET /r/23z HTTP/1.1" 301 255 "http://ta.wikipedia.org/wiki/%E0%AE%A4%E0%AE%BF%E0%AE%B0%E0%AF%81%E0%AE%95%E0%AF%8D%E0%AE%95%E0%AF%81%E0%AE%B1%E0%AE%B3%E0%AF%8D" "Mozilla/5.0 (compatible; MSIE 9.0; Windows NT 6.1; Trident/5.0)"
203.82.93.21 - - [12/Mar/2012:08:31:15 -0700] "GET /s/ta/23z/ HTTP/1.1" 302 397 "http://ta.wikipedia.org/wiki/%E0%AE%A4%E0%AE%BF%E0%AE%B0%E0%AF%81%E0%AE%95%E0%AF%8D%E0%AE%95%E0%AF%81%E0%AE%B1%E0%AE%B3%E0%AF%8D" "Mozilla/5.0 (compatible; MSIE 9.0; Windows NT 6.1; Trident/5.0)"
66.154.119.169 - - [12/Mar/2012:08:31:17 -0700] "GET /r/6cb HTTP/1.1" 301 255 "http://ta.m.wikipedia.org/w/index.php?title=%E0%AE%AE%E0%AE%B0%E0%AE%AA%E0%AE%BF%E0%AE%AF%E0%AE%B2%E0%AF%8D%E0%AE%AA%E0%AF%81_(%E0%AE%95%E0%AE%A3%E0%AE%BF%E0%AE%A9%E0%AE%BF%E0%AE%AF%E0%AE%BF%E0%AE%AF%E0%AE%B2%E0%AF%8D)&mobileaction=view_normal_site" "Nokia2700c-2/2.0 (09.98) Profile/MIDP-2.1 Configuration/CLDC-1.1 nokia2700c-2/UC Browser8.0.3.107/70/355"
