188.143.232.128 - - [21/Mar/2012:06:42:36 -0700] "POST /blog/wp-login.php HTTP/1.1" 200 1460 "-" "Mozilla/4.0 (compatible; MSIE 8.0; Windows NT 6.1; WOW64; Trident/4.0; SLCC2; .NET CLR 2.0.50727; .NET CLR 3.5.30729; .NET CLR 3.0.30729; Media Center PC 6.0; Zune 3.0)"
188.143.232.128 - - [21/Mar/2012:06:42:38 -0700] "POST /blog/wp-login.php HTTP/1.1" 200 1460 "-" "Mozilla/5.0 (compatible; MSIE 8.0; Windows NT 5.1; Trident/4.0; SLCC1; .NET CLR 3.0.4506.2152; .NET CLR 3.5.30729; .NET CLR 1.1.4322)"
188.143.232.128 - - [21/Mar/2012:06:42:39 -0700] "POST /blog/wp-login.php HTTP/1.1" 200 1460 "-" "Mozilla/5.0 (compatible; MSIE 9.0; Windows NT 6.1; Trident/5.0; SLCC2; .NET CLR 2.0.50727; .NET CLR 3.5.30729; .NET CLR 3.0.30729; Media Center PC 6.0; InfoPath.2; .NET CLR 1.1.4322; .NET4.0C; Tablet PC 2.0)"
188.143.232.128 - - [21/Mar/2012:06:42:41 -0700] "POST /blog/wp-login.php HTTP/1.1" 200 1460 "-" "Mozilla/5.0 (X11; U; Linux amd64; en-US; rv:5.0) Gecko/20110619 Firefox/5.0"
188.143.232.128 - - [21/Mar/2012:06:42:42 -0700] "POST /blog/wp-login.php HTTP/1.1" 200 1460 "-" "Mozilla/5.0 (Windows NT 5.2; WOW64; rv:5.0) Gecko/20100101 Firefox/5.0"
188.143.232.128 - - [21/Mar/2012:06:42:44 -0700] "POST /blog/wp-login.php HTTP/1.1" 200 1460 "-" "Mozilla/5.0 (Macintosh; U; Intel Mac OS X 10_6_7; ja-jp) AppleWebKit/533.20.25 (KHTML, like Gecko) Version/5.0.4 Safari/533.20.27"
188.143.232.128 - - [21/Mar/2012:06:42:45 -0700] "POST /blog/wp-login.php HTTP/1.1" 200 1460 "-" "Mozilla/5.0 (X11; Linux i686) AppleWebKit/535.1 (KHTML, like Gecko) Ubuntu/10.04 Chromium/14.0.813.0 Chrome/14.0.813.0 Safari/535.1"
188.143.232.128 - - [21/Mar/2012:06:42:47 -0700] "POST /blog/wp-login.php HTTP/1.1" 200 1460 "-" "Mozilla/5.0 (X11; Linux x86_64; rv:5.0) Gecko/20100101 Firefox/5.0 Firefox/5.0"
188.143.232.128 - - [21/Mar/2012:06:42:48 -0700] "POST /blog/wp-login.php HTTP/1.1" 200 1460 "-" "Mozilla/4.0 (compatible; MSIE 8.0; Windows NT 6.1; WOW64; Trident/4.0; SLCC2; .NET CLR 2.0.50727; .NET CLR 3.5.30729; .NET CLR 3.0.30729; Media Center PC 6.0; MS-RTC LM 8; .NET4.0C; .NET4.0E; Zune 4.7; InfoPath.3)"
188.143.232.128 - - [21/Mar/2012:06:42:50 -0700] "POST /blog/wp-login.php HTTP/1.1" 200 1460 "-" "Mozilla/5.0 (Windows NT 5.1) AppleWebKit/535.1 (KHTML, like Gecko) Chrome/14.0.813.0 Safari/535.1"
188.143.232.128 - - [21/Mar/2012:06:42:51 -0700] "POST /blog/wp-login.php HTTP/1.1" 200 1460 "-" "Mozilla/5.0 (Windows NT 6.1) AppleWebKit/535.1 (KHTML, like Gecko) Chrome/14.0.815.10913 Safari/535.1"
188.143.232.128 - - [21/Mar/2012:06:42:52 -0700] "POST /blog/wp-login.php HTTP/1.1" 200 1460 "-" "Mozilla/4.0 (compatible; MSIE 8.0; Windows NT 6.1; WOW64; Trident/4.0; SLCC2; .NET CLR 2.0.50727; InfoPath.3; .NET4.0C; .NET4.0E; .NET CLR 3.5.30729; .NET CLR 3.0.30729; MS-RTC LM 8)"
188.143.232.128 - - [21/Mar/2012:06:42:54 -0700] "POST /blog/wp-login.php HTTP/1.1" 200 1460 "-" "Mozilla/5.0 (Macintosh; U; Intel Mac OS X 10_6_6; de-de) AppleWebKit/533.20.25 (KHTML, like Gecko) Version/5.0.4 Safari/533.20.27"
188.143.232.128 - - [21/Mar/2012:06:42:55 -0700] "POST /blog/wp-login.php HTTP/1.1" 200 1460 "-" "Opera/9.80 (Windows NT 6.0; U; en) Presto/2.8.99 Version/11.10"
188.143.232.128 - - [21/Mar/2012:06:42:57 -0700] "POST /blog/wp-login.php HTTP/1.1" 200 1460 "-" "Mozilla/5.0 (Windows NT 5.1; rv:2.0.1) Gecko/20100101 Firefox/5.0"
85.17.88.169 - - [21/Mar/2012:06:42:59 -0700] "POST /blog/wp-cron.php?doing_wp_cron=1332337217 HTTP/1.0" 499 0 "-" "WordPress/3.3.1; http://yuvi.in/blog"
188.143.232.128 - - [21/Mar/2012:06:42:59 -0700] "POST /blog/wp-login.php HTTP/1.1" 200 1460 "-" "Mozilla/5.0 (Windows NT 6.1) AppleWebKit/535.2 (KHTML, like Gecko) Chrome/15.0.861.0 Safari/535.2"
115.242.244.39 - - [21/Mar/2012:06:43:00 -0700] "-" 400 0 "-" "-"
85.17.88.169 - - [21/Mar/2012:06:43:02 -0700] "POST /blog/wp-cron.php?doing_wp_cron=1332337219 HTTP/1.0" 499 0 "-" "WordPress/3.3.1; http://yuvi.in/blog"
188.143.232.128 - - [21/Mar/2012:06:43:02 -0700] "POST /blog/wp-login.php HTTP/1.1" 200 1460 "-" "Mozilla/5.0 (Windows NT 5.1) AppleWebKit/535.2 (KHTML, like Gecko) Chrome/15.0.864.0 Safari/535.2"
85.17.88.169 - - [21/Mar/2012:06:43:04 -0700] "POST /blog/wp-cron.php?doing_wp_cron=1332337222 HTTP/1.0" 499 0 "-" "WordPress/3.3.1; http://yuvi.in/blog"
188.143.232.128 - - [21/Mar/2012:06:43:05 -0700] "POST /blog/wp-login.php HTTP/1.1" 200 1460 "-" "Opera/9.80 (X11; Linux i686; U; es-ES) Presto/2.8.131 Version/11.11"
85.17.88.169 - - [21/Mar/2012:06:43:07 -0700] "POST /blog/wp-cron.php?doing_wp_cron=1332337225 HTTP/1.0" 499 0 "-" "WordPress/3.3.1; http://yuvi.in/blog"
188.143.232.128 - - [21/Mar/2012:06:43:07 -0700] "POST /blog/wp-login.php HTTP/1.1" 200 1460 "-" "Mozilla/5.0 (compatible; MSIE 8.0; Windows NT 5.0; Trident/4.0; InfoPath.1; SV1; .NET CLR 3.0.4506.2152; .NET CLR 3.5.30729; .NET CLR 3.0.04506.30)"
85.17.88.169 - - [21/Mar/2012:06:43:09 -0700] "POST /blog/wp-cron.php?doing_wp_cron=1332337227 HTTP/1.0" 499 0 "-" "WordPress/3.3.1; http://yuvi.in/blog"
188.143.232.128 - - [21/Mar/2012:06:43:10 -0700] "POST /blog/wp-login.php HTTP/1.1" 200 1460 "-" "Opera/9.80 (X11; Linux i686; U; es-ES) Presto/2.8.131 Version/11.11"
85.17.88.169 - - [21/Mar/2012:06:43:12 -0700] "POST /blog/wp-cron.php?doing_wp_cron=1332337230 HTTP/1.0" 499 0 "-" "WordPress/3.3.1; http://yuvi.in/blog"
188.143.232.128 - - [21/Mar/2012:06:43:12 -0700] "POST /blog/wp-login.php HTTP/1.1" 200 1460 "-" "Opera/9.80 (X11; Linux x86_64; U; bg) Presto/2.8.131 Version/11.10"
85.17.88.169 - - [21/Mar/2012:06:43:15 -0700] "POST /blog/wp-cron.php?doing_wp_cron=1332337232 HTTP/1.0" 499 0 "-" "WordPress/3.3.1; http://yuvi.in/blog"
188.143.232.128 - - [21/Mar/2012:06:43:15 -0700] "POST /blog/wp-login.php HTTP/1.1" 200 1460 "-" "Mozilla/5.0 (U; Windows NT 5.1; rv:5.0) Gecko/20100101 Firefox/5.0"
85.17.88.169 - - [21/Mar/2012:06:43:17 -0700] "POST /blog/wp-cron.php?doing_wp_cron=1332337235 HTTP/1.0" 499 0 "-" "WordPress/3.3.1; http://yuvi.in/blog"
188.143.232.128 - - [21/Mar/2012:06:43:18 -0700] "POST /blog/wp-login.php HTTP/1.1" 200 1460 "-" "Mozilla/5.0 (compatible; MSIE 9.0; Windows NT 6.0; Trident/5.0; chromeframe/11.0.696.57)"
85.17.88.169 - - [21/Mar/2012:06:43:20 -0700] "POST /blog/wp-cron.php?doing_wp_cron=1332337238 HTTP/1.0" 499 0 "-" "WordPress/3.3.1; http://yuvi.in/blog"
188.143.232.128 - - [21/Mar/2012:06:43:20 -0700] "POST /blog/wp-login.php HTTP/1.1" 200 1460 "-" "Mozilla/5.0 (compatible; MSIE 7.0; Windows NT 5.0; Trident/4.0; FBSMTWB; .NET CLR 2.0.34861; .NET CLR 3.0.3746.3218; .NET CLR 3.5.33652; msn OptimizedIE8;ENUS)"
85.17.88.169 - - [21/Mar/2012:06:43:22 -0700] "POST /blog/wp-cron.php?doing_wp_cron=1332337240 HTTP/1.0" 499 0 "-" "WordPress/3.3.1; http://yuvi.in/blog"
188.143.232.128 - - [21/Mar/2012:06:43:23 -0700] "POST /blog/wp-login.php HTTP/1.1" 200 1460 "-" "Mozilla/5.0 (Windows; U; Windows NT 6.1; ko-KR) AppleWebKit/533.20.25 (KHTML, like Gecko) Version/5.0.4 Safari/533.20.27"
188.143.232.128 - - [21/Mar/2012:06:43:24 -0700] "POST /blog/wp-login.php HTTP/1.1" 200 1460 "-" "Opera/9.80 (X11; Linux x86_64; U; fr) Presto/2.9.168 Version/11.50"
85.17.88.169 - - [21/Mar/2012:06:43:25 -0700] "POST /blog/wp-cron.php?doing_wp_cron=1332337243 HTTP/1.0" 200 0 "-" "WordPress/3.3.1; http://yuvi.in/blog"
209.85.224.95 - - [21/Mar/2012:06:43:25 -0700] "GET /blog/feed HTTP/1.1" 304 0 "-" "FeedBurner/1.0 (http://www.FeedBurner.com)"
85.17.88.169 - - [21/Mar/2012:06:43:27 -0700] "POST /blog/wp-cron.php?doing_wp_cron=1332337244 HTTP/1.0" 499 0 "-" "WordPress/3.3.1; http://yuvi.in/blog"
188.143.232.128 - - [21/Mar/2012:06:43:27 -0700] "POST /blog/wp-login.php HTTP/1.1" 200 1460 "-" "Mozilla/4.0 (compatible; MSIE 8.0; Windows NT 6.1; WOW64; Trident/4.0; SLCC2; Media Center PC 6.0; InfoPath.2; MS-RTC LM 8)"
85.17.88.169 - - [21/Mar/2012:06:43:29 -0700] "POST /blog/wp-cron.php?doing_wp_cron=1332337247 HTTP/1.0" 499 0 "-" "WordPress/3.3.1; http://yuvi.in/blog"
188.143.232.128 - - [21/Mar/2012:06:43:30 -0700] "POST /blog/wp-login.php HTTP/1.1" 200 1460 "-" "Mozilla/5.0 (Windows NT 6.1; U; ru; rv:5.0.1.6) Gecko/20110501 Firefox/5.0.1 Firefox/5.0.1"
85.17.88.169 - - [21/Mar/2012:06:43:32 -0700] "POST /blog/wp-cron.php?doing_wp_cron=1332337250 HTTP/1.0" 499 0 "-" "WordPress/3.3.1; http://yuvi.in/blog"
188.143.232.128 - - [21/Mar/2012:06:43:32 -0700] "POST /blog/wp-login.php HTTP/1.1" 200 1460 "-" "Mozilla/4.0 (compatible; MSIE 8.0; Windows NT 6.1; WOW64; Trident/4.0; SLCC2; .NET CLR 2.0.50727; Media Center PC 6.0; .NET CLR 3.5.30729; .NET CLR 3.0.30729; .NET4.0C)"
85.17.88.169 - - [21/Mar/2012:06:43:35 -0700] "POST /blog/wp-cron.php?doing_wp_cron=1332337252 HTTP/1.0" 499 0 "-" "WordPress/3.3.1; http://yuvi.in/blog"
188.143.232.128 - - [21/Mar/2012:06:43:35 -0700] "POST /blog/wp-login.php HTTP/1.1" 200 1460 "-" "Mozilla/5.0 (Macintosh; U; Intel Mac OS X 10_6_6; sv-se) AppleWebKit/533.20.25 (KHTML, like Gecko) Version/5.0.4 Safari/533.20.27"
85.17.88.169 - - [21/Mar/2012:06:43:37 -0700] "POST /blog/wp-cron.php?doing_wp_cron=1332337255 HTTP/1.0" 499 0 "-" "WordPress/3.3.1; http://yuvi.in/blog"
188.143.232.128 - - [21/Mar/2012:06:43:38 -0700] "POST /blog/wp-login.php HTTP/1.1" 200 1460 "-" "Mozilla/5.0 (Macintosh; U; PPC Mac OS X 10_5_8; zh-cn) AppleWebKit/533.20.25 (KHTML, like Gecko) Version/5.0.4 Safari/533.20.27"
85.17.88.169 - - [21/Mar/2012:06:43:40 -0700] "POST /blog/wp-cron.php?doing_wp_cron=1332337258 HTTP/1.0" 499 0 "-" "WordPress/3.3.1; http://yuvi.in/blog"
188.143.232.128 - - [21/Mar/2012:06:43:40 -0700] "POST /blog/wp-login.php HTTP/1.1" 200 1460 "-" "Mozilla/4.0 (compatible; MSIE 8.0; Windows NT 6.1; WOW64; Trident/4.0; SLCC2; .NET CLR 2.0.50727; .NET CLR 3.5.30729; .NET CLR 3.0.30729; Media Center PC 6.0; MS-RTC LM 8; InfoPath.3; .NET4.0C; .NET4.0E) chromeframe/8.0.552.224"
85.17.88.169 - - [21/Mar/2012:06:43:43 -0700] "POST /blog/wp-cron.php?doing_wp_cron=1332337260 HTTP/1.0" 499 0 "-" "WordPress/3.3.1; http://yuvi.in/blog"
188.143.232.128 - - [21/Mar/2012:06:43:43 -0700] "POST /blog/wp-login.php HTTP/1.1" 200 1460 "-" "Opera/9.80 (Windows NT 6.1; U; cs) Presto/2.7.62 Version/11.01"
85.17.88.169 - - [21/Mar/2012:06:43:45 -0700] "POST /blog/wp-cron.php?doing_wp_cron=1332337263 HTTP/1.0" 499 0 "-" "WordPress/3.3.1; http://yuvi.in/blog"
188.143.232.128 - - [21/Mar/2012:06:43:46 -0700] "POST /blog/wp-login.php HTTP/1.1" 200 1460 "-" "Mozilla/5.0 (Windows NT 5.2) AppleWebKit/535.1 (KHTML, like Gecko) Chrome/14.0.813.0 Safari/535.1"
85.17.88.169 - - [21/Mar/2012:06:43:48 -0700] "POST /blog/wp-cron.php?doing_wp_cron=1332337266 HTTP/1.0" 499 0 "-" "WordPress/3.3.1; http://yuvi.in/blog"
188.143.232.128 - - [21/Mar/2012:06:43:48 -0700] "POST /blog/wp-login.php HTTP/1.1" 200 1460 "-" "Opera/9.80 (Windows NT 6.1; U; sv) Presto/2.7.62 Version/11.01"
85.17.88.169 - - [21/Mar/2012:06:43:50 -0700] "POST /blog/wp-cron.php?doing_wp_cron=1332337268 HTTP/1.0" 499 0 "-" "WordPress/3.3.1; http://yuvi.in/blog"
188.143.232.128 - - [21/Mar/2012:06:43:51 -0700] "POST /blog/wp-login.php HTTP/1.1" 200 1460 "-" "Opera/9.80 (Windows NT 6.1; U; en-US) Presto/2.7.62 Version/11.01"
85.17.88.169 - - [21/Mar/2012:06:43:53 -0700] "POST /blog/wp-cron.php?doing_wp_cron=1332337271 HTTP/1.0" 499 0 "-" "WordPress/3.3.1; http://yuvi.in/blog"
188.143.232.128 - - [21/Mar/2012:06:43:53 -0700] "POST /blog/wp-login.php HTTP/1.1" 200 1460 "-" "Mozilla/5.0 (Windows NT 5.2; WOW64; rv:5.0) Gecko/20100101 Firefox/5.0"
85.17.88.169 - - [21/Mar/2012:06:43:56 -0700] "POST /blog/wp-cron.php?doing_wp_cron=1332337273 HTTP/1.0" 499 0 "-" "WordPress/3.3.1; http://yuvi.in/blog"
188.143.232.128 - - [21/Mar/2012:06:43:56 -0700] "POST /blog/wp-login.php HTTP/1.1" 200 1460 "-" "Mozilla/5.0 (compatible; MSIE 9.0; Windows NT 6.1; Trident/5.0; FunWebProducts)"
85.17.88.169 - - [21/Mar/2012:06:43:58 -0700] "POST /blog/wp-cron.php?doing_wp_cron=1332337276 HTTP/1.0" 499 0 "-" "WordPress/3.3.1; http://yuvi.in/blog"
188.143.232.128 - - [21/Mar/2012:06:43:59 -0700] "POST /blog/wp-login.php HTTP/1.1" 200 1460 "-" "Mozilla/5.0 (compatible; MSIE 9.0; Windows NT 6.1; de) Opera 11.51"
85.17.88.169 - - [21/Mar/2012:06:44:01 -0700] "POST /blog/wp-cron.php?doing_wp_cron=1332337279 HTTP/1.0" 499 0 "-" "WordPress/3.3.1; http://yuvi.in/blog"
188.143.232.128 - - [21/Mar/2012:06:44:01 -0700] "POST /blog/wp-login.php HTTP/1.1" 200 1460 "-" "Mozilla/5.0 (Windows NT 5.1; U; en; rv:1.8.1) Gecko/20061208 Firefox/5.0 Opera 11.11"
85.17.88.169 - - [21/Mar/2012:06:44:03 -0700] "POST /blog/wp-cron.php?doing_wp_cron=1332337281 HTTP/1.0" 499 0 "-" "WordPress/3.3.1; http://yuvi.in/blog"
188.143.232.128 - - [21/Mar/2012:06:44:04 -0700] "POST /blog/wp-login.php HTTP/1.1" 200 1460 "-" "Mozilla/5.0 (Macintosh; U; Intel Mac OS X 10_6_6; en-us) AppleWebKit/533.20.25 (KHTML, like Gecko) Version/5.0.4 Safari/533.20.27"
85.17.88.169 - - [21/Mar/2012:06:44:06 -0700] "POST /blog/wp-cron.php?doing_wp_cron=1332337284 HTTP/1.0" 499 0 "-" "WordPress/3.3.1; http://yuvi.in/blog"
188.143.232.128 - - [21/Mar/2012:06:44:06 -0700] "POST /blog/wp-login.php HTTP/1.1" 200 1460 "-" "Opera/9.80 (X11; Linux i686; U; fr) Presto/2.7.62 Version/11.01"
85.17.88.169 - - [21/Mar/2012:06:44:09 -0700] "POST /blog/wp-cron.php?doing_wp_cron=1332337286 HTTP/1.0" 499 0 "-" "WordPress/3.3.1; http://yuvi.in/blog"
188.143.232.128 - - [21/Mar/2012:06:44:09 -0700] "POST /blog/wp-login.php HTTP/1.1" 200 1460 "-" "Mozilla/5.0 (Windows; U; Windows NT 6.1; ko-KR) AppleWebKit/533.20.25 (KHTML, like Gecko) Version/5.0.4 Safari/533.20.27"
85.17.88.169 - - [21/Mar/2012:06:44:11 -0700] "POST /blog/wp-cron.php?doing_wp_cron=1332337289 HTTP/1.0" 499 0 "-" "WordPress/3.3.1; http://yuvi.in/blog"
188.143.232.128 - - [21/Mar/2012:06:44:12 -0700] "POST /blog/wp-login.php HTTP/1.1" 200 1460 "-" "Chrome/15.0.860.0 (Windows; U; Windows NT 6.0; en-US) AppleWebKit/533.20.25 (KHTML, like Gecko) Version/15.0.860.0"
85.17.88.169 - - [21/Mar/2012:06:44:14 -0700] "POST /blog/wp-cron.php?doing_wp_cron=1332337292 HTTP/1.0" 499 0 "-" "WordPress/3.3.1; http://yuvi.in/blog"
188.143.232.128 - - [21/Mar/2012:06:44:14 -0700] "POST /blog/wp-login.php HTTP/1.1" 200 1460 "-" "Chrome/15.0.860.0 (Windows; U; Windows NT 6.0; en-US) AppleWebKit/533.20.25 (KHTML, like Gecko) Version/15.0.860.0"
85.17.88.169 - - [21/Mar/2012:06:44:16 -0700] "POST /blog/wp-cron.php?doing_wp_cron=1332337294 HTTP/1.0" 499 0 "-" "WordPress/3.3.1; http://yuvi.in/blog"
188.143.232.128 - - [21/Mar/2012:06:44:17 -0700] "POST /blog/wp-login.php HTTP/1.1" 200 1460 "-" "Opera/9.80 (X11; Linux i686; U; hu) Presto/2.9.168 Version/11.50"
85.17.88.169 - - [21/Mar/2012:06:44:19 -0700] "POST /blog/wp-cron.php?doing_wp_cron=1332337297 HTTP/1.0" 499 0 "-" "WordPress/3.3.1; http://yuvi.in/blog"
188.143.232.128 - - [21/Mar/2012:06:44:20 -0700] "POST /blog/wp-login.php HTTP/1.1" 200 1460 "-" "Mozilla/5.0 (Macintosh; U; Intel Mac OS X 10_6_6; zh-cn) AppleWebKit/533.20.25 (KHTML, like Gecko) Version/5.0.4 Safari/533.20.27"
85.17.88.169 - - [21/Mar/2012:06:44:22 -0700] "POST /blog/wp-cron.php?doing_wp_cron=1332337300 HTTP/1.0" 499 0 "-" "WordPress/3.3.1; http://yuvi.in/blog"
188.143.232.128 - - [21/Mar/2012:06:44:22 -0700] "POST /blog/wp-login.php HTTP/1.1" 200 1460 "-" "Opera/9.80 (Windows NT 6.1; U; cs) Presto/2.7.62 Version/11.01"
85.17.88.169 - - [21/Mar/2012:06:44:24 -0700] "POST /blog/wp-cron.php?doing_wp_cron=1332337302 HTTP/1.0" 499 0 "-" "WordPress/3.3.1; http://yuvi.in/blog"
188.143.232.128 - - [21/Mar/2012:06:44:25 -0700] "POST /blog/wp-login.php HTTP/1.1" 200 1460 "-" "Mozilla/5.0 (compatible; MSIE 9.0; Windows NT 6.1; WOW64; Trident/5.0; chromeframe/12.0.742.112)"
85.17.88.169 - - [21/Mar/2012:06:44:27 -0700] "POST /blog/wp-cron.php?doing_wp_cron=1332337305 HTTP/1.0" 499 0 "-" "WordPress/3.3.1; http://yuvi.in/blog"
188.143.232.128 - - [21/Mar/2012:06:44:27 -0700] "POST /blog/wp-login.php HTTP/1.1" 200 1460 "-" "Opera/9.80 (Windows NT 5.1; U; cs) Presto/2.7.62 Version/11.01"
85.17.88.169 - - [21/Mar/2012:06:44:30 -0700] "POST /blog/wp-cron.php?doing_wp_cron=1332337307 HTTP/1.0" 499 0 "-" "WordPress/3.3.1; http://yuvi.in/blog"
188.143.232.128 - - [21/Mar/2012:06:44:30 -0700] "POST /blog/wp-login.php HTTP/1.1" 200 1460 "-" "Mozilla/4.0 (compatible; MSIE 8.0; Windows NT 6.1; WOW64; Trident/4.0; SLCC2; .NET CLR 2.0.50727; Media Center PC 6.0; .NET CLR 3.5.30729; .NET CLR 3.0.30729; .NET4.0C)"
85.17.88.169 - - [21/Mar/2012:06:44:32 -0700] "POST /blog/wp-cron.php?doing_wp_cron=1332337310 HTTP/1.0" 499 0 "-" "WordPress/3.3.1; http://yuvi.in/blog"
188.143.232.128 - - [21/Mar/2012:06:44:33 -0700] "POST /blog/wp-login.php HTTP/1.1" 200 1460 "-" "Mozilla/5.0 (compatible; MSIE 9.0; Windows NT 6.1; Trident/5.0; SLCC2; .NET CLR 2.0.50727; .NET CLR 3.5.30729; .NET CLR 3.0.30729; Media Center PC 6.0; InfoPath.2; .NET CLR 1.1.4322; .NET4.0C; Tablet PC 2.0)"
85.17.88.169 - - [21/Mar/2012:06:44:34 -0700] "POST /blog/wp-cron.php?doing_wp_cron=1332337312 HTTP/1.0" 499 0 "-" "WordPress/3.3.1; http://yuvi.in/blog"
188.143.232.128 - - [21/Mar/2012:06:44:34 -0700] "POST /blog/wp-login.php HTTP/1.1" 200 1460 "-" "Mozilla/5.0 (Macintosh; U; PPC Mac OS X 10_5_8; ja-jp) AppleWebKit/533.20.25 (KHTML, like Gecko) Version/5.0.4 Safari/533.20.27"
85.17.88.169 - - [21/Mar/2012:06:44:36 -0700] "POST /blog/wp-cron.php?doing_wp_cron=1332337314 HTTP/1.0" 499 0 "-" "WordPress/3.3.1; http://yuvi.in/blog"
188.143.232.128 - - [21/Mar/2012:06:44:37 -0700] "POST /blog/wp-login.php HTTP/1.1" 200 1460 "-" "Opera/9.80 (Windows NT 6.1; U; es-ES) Presto/2.9.181 Version/12.00"
85.17.88.169 - - [21/Mar/2012:06:44:39 -0700] "POST /blog/wp-cron.php?doing_wp_cron=1332337317 HTTP/1.0" 499 0 "-" "WordPress/3.3.1; http://yuvi.in/blog"
188.143.232.128 - - [21/Mar/2012:06:44:39 -0700] "POST /blog/wp-login.php HTTP/1.1" 200 1460 "-" "Mozilla/4.0 (compatible; MSIE 8.0; Windows NT 6.1; WOW64; Trident/4.0; SLCC2; Media Center PC 6.0; InfoPath.2; MS-RTC LM 8)"
217.218.62.252 - - [21/Mar/2012:06:44:40 -0700] "GET /blog/category/devlog/ HTTP/1.0" 200 43131 "-" "Kavande Crawler 1.0/Nutch-1.4 ("
85.17.88.169 - - [21/Mar/2012:06:44:41 -0700] "POST /blog/wp-cron.php?doing_wp_cron=1332337319 HTTP/1.0" 499 0 "-" "WordPress/3.3.1; http://yuvi.in/blog"
188.143.232.128 - - [21/Mar/2012:06:44:42 -0700] "POST /blog/wp-login.php HTTP/1.1" 200 1460 "-" "Mozilla/5.0 (Macintosh; Intel Mac OS X 10_6_7) AppleWebKit/535.1 (KHTML, like Gecko) Chrome/14.0.813.0 Safari/535.1"
85.17.88.169 - - [21/Mar/2012:06:44:44 -0700] "POST /blog/wp-cron.php?doing_wp_cron=1332337322 HTTP/1.0" 499 0 "-" "WordPress/3.3.1; http://yuvi.in/blog"
188.143.232.128 - - [21/Mar/2012:06:44:44 -0700] "POST /blog/wp-login.php HTTP/1.1" 200 1460 "-" "Opera/9.80 (X11; Linux x86_64; U; Ubuntu/10.10 (maverick); pl) Presto/2.7.62 Version/11.01"
85.17.88.169 - - [21/Mar/2012:06:44:47 -0700] "POST /blog/wp-cron.php?doing_wp_cron=1332337324 HTTP/1.0" 499 0 "-" "WordPress/3.3.1; http://yuvi.in/blog"
188.143.232.128 - - [21/Mar/2012:06:44:47 -0700] "POST /blog/wp-login.php HTTP/1.1" 200 1460 "-" "Mozilla/5.0 (Windows NT 6.1; WOW64) AppleWebKit/535.1 (KHTML, like Gecko) Chrome/14.0.813.0 Safari/535.1"
85.17.88.169 - - [21/Mar/2012:06:44:49 -0700] "POST /blog/wp-cron.php?doing_wp_cron=1332337327 HTTP/1.0" 499 0 "-" "WordPress/3.3.1; http://yuvi.in/blog"
188.143.232.128 - - [21/Mar/2012:06:44:50 -0700] "POST /blog/wp-login.php HTTP/1.1" 200 1460 "-" "Mozilla/5.0 (compatible; MSIE 9.0; Windows NT 6.1; Trident/5.0; chromeframe/13.0.782.215)"
85.17.88.169 - - [21/Mar/2012:06:44:52 -0700] "POST /blog/wp-cron.php?doing_wp_cron=1332337330 HTTP/1.0" 499 0 "-" "WordPress/3.3.1; http://yuvi.in/blog"
188.143.232.128 - - [21/Mar/2012:06:44:52 -0700] "POST /blog/wp-login.php HTTP/1.1" 200 1460 "-" "Mozilla/5.0 (Windows NT 5.1) AppleWebKit/535.1 (KHTML, like Gecko) Chrome/14.0.813.0 Safari/535.1"
85.17.88.169 - - [21/Mar/2012:06:44:54 -0700] "POST /blog/wp-cron.php?doing_wp_cron=1332337332 HTTP/1.0" 499 0 "-" "WordPress/3.3.1; http://yuvi.in/blog"
188.143.232.128 - - [21/Mar/2012:06:44:55 -0700] "POST /blog/wp-login.php HTTP/1.1" 200 1460 "-" "Mozilla/4.0 (compatible; MSIE 8.0; Windows NT 6.1; WOW64; Trident/4.0; SLCC2; .NET CLR 2.0.50727; .NET CLR 3.5.30729; .NET CLR 3.0.30729; Media Center PC 6.0; Zune 3.0)"
85.17.88.169 - - [21/Mar/2012:06:44:57 -0700] "POST /blog/wp-cron.php?doing_wp_cron=1332337335 HTTP/1.0" 499 0 "-" "WordPress/3.3.1; http://yuvi.in/blog"
188.143.232.128 - - [21/Mar/2012:06:44:57 -0700] "POST /blog/wp-login.php HTTP/1.1" 200 1460 "-" "Mozilla/5.0 (Windows NT 6.1; WOW64) AppleWebKit/535.1 (KHTML, like Gecko) Chrome/14.0.814.0 Safari/535.1"
85.17.88.169 - - [21/Mar/2012:06:44:59 -0700] "POST /blog/wp-cron.php?doing_wp_cron=1332337337 HTTP/1.0" 499 0 "-" "WordPress/3.3.1; http://yuvi.in/blog"
188.143.232.128 - - [21/Mar/2012:06:45:00 -0700] "POST /blog/wp-login.php HTTP/1.1" 200 1460 "-" "Mozilla/5.0 (Windows; U; Windows NT 6.1; fr-FR) AppleWebKit/533.20.25 (KHTML, like Gecko) Version/5.0.4 Safari/533.20.27"
209.85.224.83 - - [21/Mar/2012:06:45:02 -0700] "GET /stories/feed HTTP/1.1" 200 13653 "-" "FeedBurner/1.0 (http://www.FeedBurner.com)"
85.17.88.169 - - [21/Mar/2012:06:45:02 -0700] "POST /blog/wp-cron.php?doing_wp_cron=1332337340 HTTP/1.0" 499 0 "-" "WordPress/3.3.1; http://yuvi.in/blog"
188.143.232.128 - - [21/Mar/2012:06:45:03 -0700] "POST /blog/wp-login.php HTTP/1.1" 200 1460 "-" "Mozilla/5.0 (X11; U; Linux amd64; en-US; rv:5.0) Gecko/20110619 Firefox/5.0"
85.17.88.169 - - [21/Mar/2012:06:45:05 -0700] "POST /blog/wp-cron.php?doing_wp_cron=1332337343 HTTP/1.0" 499 0 "-" "WordPress/3.3.1; http://yuvi.in/blog"
188.143.232.128 - - [21/Mar/2012:06:45:05 -0700] "POST /blog/wp-login.php HTTP/1.1" 200 1460 "-" "Mozilla/5.0 (compatible; MSIE 9.0; Windows NT 6.1; Trident/5.0; chromeframe/13.0.782.215)"
85.17.88.169 - - [21/Mar/2012:06:45:07 -0700] "POST /blog/wp-cron.php?doing_wp_cron=1332337345 HTTP/1.0" 499 0 "-" "WordPress/3.3.1; http://yuvi.in/blog"
188.143.232.128 - - [21/Mar/2012:06:45:08 -0700] "POST /blog/wp-login.php HTTP/1.1" 200 1460 "-" "Mozilla/5.0 (compatible; MSIE 9.0; Windows NT 6.1; WOW64; Trident/5.0; chromeframe/12.0.742.112)"
85.17.88.169 - - [21/Mar/2012:06:45:10 -0700] "POST /blog/wp-cron.php?doing_wp_cron=1332337348 HTTP/1.0" 499 0 "-" "WordPress/3.3.1; http://yuvi.in/blog"
188.143.232.128 - - [21/Mar/2012:06:45:10 -0700] "POST /blog/wp-login.php HTTP/1.1" 200 1460 "-" "Opera/9.80 (X11; Linux x86_64; U; Ubuntu/10.10 (maverick); pl) Presto/2.7.62 Version/11.01"
85.17.88.169 - - [21/Mar/2012:06:45:13 -0700] "POST /blog/wp-cron.php?doing_wp_cron=1332337350 HTTP/1.0" 499 0 "-" "WordPress/3.3.1; http://yuvi.in/blog"
188.143.232.128 - - [21/Mar/2012:06:45:13 -0700] "POST /blog/wp-login.php HTTP/1.1" 200 1460 "-" "Mozilla/5.0 (Macintosh; U; Intel Mac OS X 10_6_6; ja-jp) AppleWebKit/533.20.25 (KHTML, like Gecko) Version/5.0.4 Safari/533.20.27"
85.17.88.169 - - [21/Mar/2012:06:45:15 -0700] "POST /blog/wp-cron.php?doing_wp_cron=1332337353 HTTP/1.0" 499 0 "-" "WordPress/3.3.1; http://yuvi.in/blog"
188.143.232.128 - - [21/Mar/2012:06:45:16 -0700] "POST /blog/wp-login.php HTTP/1.1" 200 1460 "-" "Mozilla/5.0 (Windows NT 6.1; rv:6.0) Gecko/20110814 Firefox/6.0"
85.17.88.169 - - [21/Mar/2012:06:45:18 -0700] "POST /blog/wp-cron.php?doing_wp_cron=1332337356 HTTP/1.0" 499 0 "-" "WordPress/3.3.1; http://yuvi.in/blog"
188.143.232.128 - - [21/Mar/2012:06:45:18 -0700] "POST /blog/wp-login.php HTTP/1.1" 200 1460 "-" "Mozilla/5.0 (Windows NT 6.1; Win64; x64; rv:5.0) Gecko/20110619 Firefox/5.0"
85.17.88.169 - - [21/Mar/2012:06:45:21 -0700] "POST /blog/wp-cron.php?doing_wp_cron=1332337358 HTTP/1.0" 499 0 "-" "WordPress/3.3.1; http://yuvi.in/blog"
188.143.232.128 - - [21/Mar/2012:06:45:21 -0700] "POST /blog/wp-login.php HTTP/1.1" 200 1460 "-" "Mozilla/5.0 (Windows NT 5.1) AppleWebKit/535.1 (KHTML, like Gecko) Chrome/14.0.813.0 Safari/535.1"
85.17.88.169 - - [21/Mar/2012:06:45:23 -0700] "POST /blog/wp-cron.php?doing_wp_cron=1332337361 HTTP/1.0" 499 0 "-" "WordPress/3.3.1; http://yuvi.in/blog"
188.143.232.128 - - [21/Mar/2012:06:45:24 -0700] "POST /blog/wp-login.php HTTP/1.1" 200 1460 "-" "Mozilla/5.0 (Windows NT 6.1; rv:6.0) Gecko/20110814 Firefox/6.0"
98.172.15.254 - - [21/Mar/2012:06:45:25 -0700] "GET /favicon.ico HTTP/1.1" 404 169 "-" "Caffeinated/1.1 CFNetwork/520.3.2 Darwin/11.3.0 (x86_64) (MacBookPro8%2C1)"
85.17.88.169 - - [21/Mar/2012:06:45:26 -0700] "POST /blog/wp-cron.php?doing_wp_cron=1332337364 HTTP/1.0" 499 0 "-" "WordPress/3.3.1; http://yuvi.in/blog"
188.143.232.128 - - [21/Mar/2012:06:45:26 -0700] "POST /blog/wp-login.php HTTP/1.1" 200 1460 "-" "Mozilla/5.0 (Macintosh; U; Intel Mac OS X 10_6_6; es-es) AppleWebKit/533.20.25 (KHTML, like Gecko) Version/5.0.4 Safari/533.20.27"
85.17.88.169 - - [21/Mar/2012:06:45:29 -0700] "POST /blog/wp-cron.php?doing_wp_cron=1332337366 HTTP/1.0" 499 0 "-" "WordPress/3.3.1; http://yuvi.in/blog"
98.172.15.254 - - [21/Mar/2012:06:45:29 -0700] "GET /favicon.ico HTTP/1.1" 404 169 "-" "Caffeinated/1.1 CFNetwork/520.3.2 Darwin/11.3.0 (x86_64) (MacBookPro8%2C1)"
188.143.232.128 - - [21/Mar/2012:06:45:29 -0700] "POST /blog/wp-login.php HTTP/1.1" 200 1460 "-" "Mozilla/5.0 (Windows NT 5.0; WOW64; rv:5.0) Gecko/20100101 Firefox/5.0"
85.17.88.169 - - [21/Mar/2012:06:45:31 -0700] "POST /blog/wp-cron.php?doing_wp_cron=1332337369 HTTP/1.0" 499 0 "-" "WordPress/3.3.1; http://yuvi.in/blog"
188.143.232.128 - - [21/Mar/2012:06:45:32 -0700] "POST /blog/wp-login.php HTTP/1.1" 200 1460 "-" "Mozilla/5.0 (Windows; U; Windows NT 6.0; ja-JP) AppleWebKit/533.20.25 (KHTML, like Gecko) Version/5.0.4 Safari/533.20.27"
85.17.88.169 - - [21/Mar/2012:06:45:34 -0700] "POST /blog/wp-cron.php?doing_wp_cron=1332337372 HTTP/1.0" 499 0 "-" "WordPress/3.3.1; http://yuvi.in/blog"
188.143.232.128 - - [21/Mar/2012:06:45:34 -0700] "POST /blog/wp-login.php HTTP/1.1" 200 1460 "-" "Mozilla/5.0 (compatible; MSIE 9.0; Windows NT 6.1; WOW64; Trident/5.0; SLCC2; Media Center PC 6.0; InfoPath.3; MS-RTC LM 8; Zune 4.7)"
85.17.88.169 - - [21/Mar/2012:06:45:36 -0700] "POST /blog/wp-cron.php?doing_wp_cron=1332337374 HTTP/1.0" 499 0 "-" "WordPress/3.3.1; http://yuvi.in/blog"
188.143.232.128 - - [21/Mar/2012:06:45:37 -0700] "POST /blog/wp-login.php HTTP/1.1" 200 1460 "-" "Mozilla/5.0 (Windows NT 5.1) AppleWebKit/535.1 (KHTML, like Gecko) Chrome/14.0.815.0 Safari/535.1"
85.17.88.169 - - [21/Mar/2012:06:45:39 -0700] "POST /blog/wp-cron.php?doing_wp_cron=1332337377 HTTP/1.0" 499 0 "-" "WordPress/3.3.1; http://yuvi.in/blog"
188.143.232.128 - - [21/Mar/2012:06:45:39 -0700] "POST /blog/wp-login.php HTTP/1.1" 200 1460 "-" "Mozilla/5.0 (compatible; MSIE 9.0; Windows NT 6.1; de) Opera 11.51"
85.17.88.169 - - [21/Mar/2012:06:45:42 -0700] "POST /blog/wp-cron.php?doing_wp_cron=1332337379 HTTP/1.0" 499 0 "-" "WordPress/3.3.1; http://yuvi.in/blog"
188.143.232.128 - - [21/Mar/2012:06:45:42 -0700] "POST /blog/wp-login.php HTTP/1.1" 200 1460 "-" "Mozilla/5.0 (Windows NT 5.1) AppleWebKit/535.2 (KHTML, like Gecko) Chrome/15.0.872.0 Safari/535.2"
85.17.88.169 - - [21/Mar/2012:06:45:44 -0700] "POST /blog/wp-cron.php?doing_wp_cron=1332337382 HTTP/1.0" 499 0 "-" "WordPress/3.3.1; http://yuvi.in/blog"
188.143.232.128 - - [21/Mar/2012:06:45:45 -0700] "POST /blog/wp-login.php HTTP/1.1" 200 1460 "-" "Opera/9.80 (Windows NT 5.1; U;) Presto/2.7.62 Version/11.01"
85.17.88.169 - - [21/Mar/2012:06:45:47 -0700] "POST /blog/wp-cron.php?doing_wp_cron=1332337385 HTTP/1.0" 499 0 "-" "WordPress/3.3.1; http://yuvi.in/blog"
188.143.232.128 - - [21/Mar/2012:06:45:47 -0700] "POST /blog/wp-login.php HTTP/1.1" 200 1460 "-" "Mozilla/5.0 (Windows NT 5.1) AppleWebKit/535.2 (KHTML, like Gecko) Chrome/15.0.872.0 Safari/535.2"
85.17.88.169 - - [21/Mar/2012:06:45:49 -0700] "POST /blog/wp-cron.php?doing_wp_cron=1332337387 HTTP/1.0" 499 0 "-" "WordPress/3.3.1; http://yuvi.in/blog"
188.143.232.128 - - [21/Mar/2012:06:45:50 -0700] "POST /blog/wp-login.php HTTP/1.1" 200 1460 "-" "Mozilla/5.0 (compatible; MSIE 8.0; Windows NT 5.0; Trident/4.0; InfoPath.1; SV1; .NET CLR 3.0.4506.2152; .NET CLR 3.5.30729; .NET CLR 3.0.04506.30)"
85.17.88.169 - - [21/Mar/2012:06:45:52 -0700] "POST /blog/wp-cron.php?doing_wp_cron=1332337390 HTTP/1.0" 499 0 "-" "WordPress/3.3.1; http://yuvi.in/blog"
188.143.232.128 - - [21/Mar/2012:06:45:52 -0700] "POST /blog/wp-login.php HTTP/1.1" 200 1460 "-" "Mozilla/4.0 (compatible; MSIE 8.0; Windows NT 6.1; WOW64; Trident/4.0; SLCC2; .NET CLR 2.0.50727; .NET CLR 3.5.30729; .NET CLR 3.0.30729; Media Center PC 6.0; MS-RTC LM 8; InfoPath.3; .NET4.0C; .NET4.0E) chromeframe/8.0.552.224"
85.17.88.169 - - [21/Mar/2012:06:45:54 -0700] "POST /blog/wp-cron.php?doing_wp_cron=1332337392 HTTP/1.0" 499 0 "-" "WordPress/3.3.1; http://yuvi.in/blog"
188.143.232.128 - - [21/Mar/2012:06:45:55 -0700] "POST /blog/wp-login.php HTTP/1.1" 200 1460 "-" "Mozilla/5.0 (X11; U; Linux i586; de; rv:5.0) Gecko/20100101 Firefox/5.0"
85.17.88.169 - - [21/Mar/2012:06:45:57 -0700] "POST /blog/wp-cron.php?doing_wp_cron=1332337395 HTTP/1.0" 499 0 "-" "WordPress/3.3.1; http://yuvi.in/blog"
188.143.232.128 - - [21/Mar/2012:06:45:57 -0700] "POST /blog/wp-login.php HTTP/1.1" 200 1460 "-" "Mozilla/5.0 (Windows NT 6.1; Win64; x64; rv:5.0) Gecko/20100101 Firefox/5.0"
85.17.88.169 - - [21/Mar/2012:06:46:00 -0700] "POST /blog/wp-cron.php?doing_wp_cron=1332337397 HTTP/1.0" 499 0 "-" "WordPress/3.3.1; http://yuvi.in/blog"
188.143.232.128 - - [21/Mar/2012:06:46:00 -0700] "POST /blog/wp-login.php HTTP/1.1" 200 1460 "-" "Mozilla/5.0 (compatible; MSIE 9.0; Windows NT 6.1; WOW64; Trident/5.0; chromeframe/12.0.742.112)"
85.17.88.169 - - [21/Mar/2012:06:46:02 -0700] "POST /blog/wp-cron.php?doing_wp_cron=1332337400 HTTP/1.0" 499 0 "-" "WordPress/3.3.1; http://yuvi.in/blog"
188.143.232.128 - - [21/Mar/2012:06:46:03 -0700] "POST /blog/wp-login.php HTTP/1.1" 200 1460 "-" "Mozilla/5.0 (compatible; MSIE 9.0; Windows NT 7.1; Trident/5.0)"
85.17.88.169 - - [21/Mar/2012:06:46:05 -0700] "POST /blog/wp-cron.php?doing_wp_cron=1332337403 HTTP/1.0" 200 0 "-" "WordPress/3.3.1; http://yuvi.in/blog"
188.143.232.128 - - [21/Mar/2012:06:46:05 -0700] "POST /blog/wp-login.php HTTP/1.1" 200 1460 "-" "Mozilla/5.0 (Windows NT 6.1; U; nl; rv:1.9.1.6) Gecko/20091201 Firefox/3.5.6 Opera 11.01"
85.17.88.169 - - [21/Mar/2012:06:46:07 -0700] "POST /blog/wp-cron.php?doing_wp_cron=1332337405 HTTP/1.0" 499 0 "-" "WordPress/3.3.1; http://yuvi.in/blog"
188.143.232.128 - - [21/Mar/2012:06:46:08 -0700] "POST /blog/wp-login.php HTTP/1.1" 200 1460 "-" "Mozilla/5.0 (compatible; MSIE 8.0; Windows NT 5.1; Trident/4.0; InfoPath.2; SLCC1; .NET CLR 3.0.4506.2152; .NET CLR 3.5.30729; .NET CLR 2.0.50727)"
217.218.62.252 - - [21/Mar/2012:06:46:08 -0700] "GET /blog/program/ HTTP/1.0" 200 27091 "-" "Kavande Crawler 1.0/Nutch-1.4 ("
85.17.88.169 - - [21/Mar/2012:06:46:10 -0700] "POST /blog/wp-cron.php?doing_wp_cron=1332337408 HTTP/1.0" 499 0 "-" "WordPress/3.3.1; http://yuvi.in/blog"
188.143.232.128 - - [21/Mar/2012:06:46:10 -0700] "POST /blog/wp-login.php HTTP/1.1" 200 1460 "-" "Mozilla/5.0 (X11; U; Linux i586; de; rv:5.0) Gecko/20100101 Firefox/5.0"
85.17.88.169 - - [21/Mar/2012:06:46:12 -0700] "POST /blog/wp-cron.php?doing_wp_cron=1332337410 HTTP/1.0" 499 0 "-" "WordPress/3.3.1; http://yuvi.in/blog"
188.143.232.128 - - [21/Mar/2012:06:46:13 -0700] "POST /blog/wp-login.php HTTP/1.1" 200 1460 "-" "Mozilla/4.0 (compatible; MSIE 8.0; Windows NT 6.1; WOW64; Trident/4.0; SLCC2; .NET CLR 2.0.50727; InfoPath.2)"
85.17.88.169 - - [21/Mar/2012:06:46:15 -0700] "POST /blog/wp-cron.php?doing_wp_cron=1332337413 HTTP/1.0" 499 0 "-" "WordPress/3.3.1; http://yuvi.in/blog"
188.143.232.128 - - [21/Mar/2012:06:46:15 -0700] "POST /blog/wp-login.php HTTP/1.1" 200 1460 "-" "Mozilla/5.0 (compatible; MSIE 9.0; Windows NT 6.1; WOW64; Trident/5.0; SLCC2; Media Center PC 6.0; InfoPath.3; MS-RTC LM 8; Zune 4.7"
101.63.215.253 - - [21/Mar/2012:06:46:16 -0700] "-" 400 0 "-" "-"
85.17.88.169 - - [21/Mar/2012:06:46:18 -0700] "POST /blog/wp-cron.php?doing_wp_cron=1332337415 HTTP/1.0" 499 0 "-" "WordPress/3.3.1; http://yuvi.in/blog"
188.143.232.128 - - [21/Mar/2012:06:46:18 -0700] "POST /blog/wp-login.php HTTP/1.1" 200 1460 "-" "Mozilla/5.0 (Macintosh; U; Intel Mac OS X 10_6_6; ko-kr) AppleWebKit/533.20.25 (KHTML, like Gecko) Version/5.0.4 Safari/533.20.27"
85.17.88.169 - - [21/Mar/2012:06:46:21 -0700] "POST /blog/wp-cron.php?doing_wp_cron=1332337418 HTTP/1.0" 499 0 "-" "WordPress/3.3.1; http://yuvi.in/blog"
188.143.232.128 - - [21/Mar/2012:06:46:21 -0700] "POST /blog/wp-login.php HTTP/1.1" 200 1460 "-" "Mozilla/5.0 (Windows NT 6.1; Win64; x64; rv:5.0) Gecko/20110619 Firefox/5.0"
85.17.88.169 - - [21/Mar/2012:06:46:23 -0700] "POST /blog/wp-cron.php?doing_wp_cron=1332337421 HTTP/1.0" 499 0 "-" "WordPress/3.3.1; http://yuvi.in/blog"
188.143.232.128 - - [21/Mar/2012:06:46:24 -0700] "POST /blog/wp-login.php HTTP/1.1" 200 1460 "-" "Mozilla/5.0 (Windows NT 6.1; Win64; x64; rv:5.0) Gecko/20110619 Firefox/5.0"
69.171.224.248 - - [21/Mar/2012:06:46:24 -0700] "GET /r/3lp HTTP/1.1" 301 255 "-" "facebookexternalhit/1.1 (+http://www.facebook.com/externalhit_uatext.php)"
69.171.224.249 - - [21/Mar/2012:06:46:24 -0700] "GET /s/ta/3lp/ HTTP/1.1" 302 361 "-" "facebookexternalhit/1.1 (+http://www.facebook.com/externalhit_uatext.php)"
85.17.88.169 - - [21/Mar/2012:06:46:26 -0700] "POST /blog/wp-cron.php?doing_wp_cron=1332337423 HTTP/1.0" 499 0 "-" "WordPress/3.3.1; http://yuvi.in/blog"
188.143.232.128 - - [21/Mar/2012:06:46:26 -0700] "POST /blog/wp-login.php HTTP/1.1" 200 1460 "-" "Mozilla/5.0 ( ; MSIE 9.0; Windows NT 6.1; WOW64; Trident/5.0)"
85.17.88.169 - - [21/Mar/2012:06:46:28 -0700] "POST /blog/wp-cron.php?doing_wp_cron=1332337426 HTTP/1.0" 499 0 "-" "WordPress/3.3.1; http://yuvi.in/blog"
188.143.232.128 - - [21/Mar/2012:06:46:29 -0700] "POST /blog/wp-login.php HTTP/1.1" 200 1460 "-" "Mozilla/4.0 (compatible; MSIE 8.0; Windows NT 6.1; WOW64; Trident/4.0; SLCC2; .NET CLR 2.0.50727; .NET CLR 3.5.30729; .NET CLR 3.0.30729; Media Center PC 6.0; MS-RTC LM 8; .NET4.0C; .NET4.0E; Zune 4.7)"
85.17.88.169 - - [21/Mar/2012:06:46:31 -0700] "POST /blog/wp-cron.php?doing_wp_cron=1332337429 HTTP/1.0" 499 0 "-" "WordPress/3.3.1; http://yuvi.in/blog"
188.143.232.128 - - [21/Mar/2012:06:46:31 -0700] "POST /blog/wp-login.php HTTP/1.1" 200 1460 "-" "Opera/9.80 (Windows NT 6.0; U; pl) Presto/2.7.62 Version/11.01"
66.249.67.123 - - [21/Mar/2012:06:46:33 -0700] "GET /blog/my-new-canon-550d-from-flipkart/trackback/ HTTP/1.1" 302 0 "-" "Mozilla/5.0 (compatible; Googlebot/2.1; +http://www.google.com/bot.html)"
85.17.88.169 - - [21/Mar/2012:06:46:33 -0700] "POST /blog/wp-cron.php?doing_wp_cron=1332337431 HTTP/1.0" 499 0 "-" "WordPress/3.3.1; http://yuvi.in/blog"
188.143.232.128 - - [21/Mar/2012:06:46:34 -0700] "POST /blog/wp-login.php HTTP/1.1" 200 1460 "-" "Mozilla/5.0 (X11; Linux x86_64) AppleWebKit/535.2 (KHTML, like Gecko) Ubuntu/11.04 Chromium/15.0.871.0 Chrome/15.0.871.0 Safari/535.2"
188.143.232.128 - - [21/Mar/2012:06:46:35 -0700] "POST /blog/wp-login.php HTTP/1.1" 200 1460 "-" "Mozilla/5.0 (X11; Linux i686) AppleWebKit/535.1 (KHTML, like Gecko) Ubuntu/11.04 Chromium/14.0.814.0 Chrome/14.0.814.0 Safari/535.1"
85.17.88.169 - - [21/Mar/2012:06:46:35 -0700] "POST /blog/wp-cron.php?doing_wp_cron=1332337433 HTTP/1.0" 499 0 "-" "WordPress/3.3.1; http://yuvi.in/blog"
66.249.67.123 - - [21/Mar/2012:06:46:36 -0700] "GET /blog/my-new-canon-550d-from-flipkart/ HTTP/1.1" 200 5294 "-" "Mozilla/5.0 (compatible; Googlebot/2.1; +http://www.google.com/bot.html)"
85.17.88.169 - - [21/Mar/2012:06:46:37 -0700] "POST /blog/wp-cron.php?doing_wp_cron=1332337435 HTTP/1.0" 499 0 "-" "WordPress/3.3.1; http://yuvi.in/blog"
188.143.232.128 - - [21/Mar/2012:06:46:38 -0700] "POST /blog/wp-login.php HTTP/1.1" 200 1460 "-" "Opera/9.80 (Windows NT 6.0; U; en) Presto/2.8.99 Version/11.10"
85.17.88.169 - - [21/Mar/2012:06:46:40 -0700] "POST /blog/wp-cron.php?doing_wp_cron=1332337438 HTTP/1.0" 499 0 "-" "WordPress/3.3.1; http://yuvi.in/blog"
188.143.232.128 - - [21/Mar/2012:06:46:40 -0700] "POST /blog/wp-login.php HTTP/1.1" 200 1460 "-" "Mozilla/5.0 (Windows NT 5.1) AppleWebKit/535.1 (KHTML, like Gecko) Chrome/14.0.813.0 Safari/535.1"
85.17.88.169 - - [21/Mar/2012:06:46:42 -0700] "POST /blog/wp-cron.php?doing_wp_cron=1332337440 HTTP/1.0" 499 0 "-" "WordPress/3.3.1; http://yuvi.in/blog"
188.143.232.128 - - [21/Mar/2012:06:46:43 -0700] "POST /blog/wp-login.php HTTP/1.1" 200 1460 "-" "Mozilla/5.0 (compatible; MSIE 8.0; Windows NT 5.1; Trident/4.0; .NET CLR 1.1.4322; .NET CLR 2.0.50727)"
85.17.88.169 - - [21/Mar/2012:06:46:45 -0700] "POST /blog/wp-cron.php?doing_wp_cron=1332337443 HTTP/1.0" 499 0 "-" "WordPress/3.3.1; http://yuvi.in/blog"
188.143.232.128 - - [21/Mar/2012:06:46:46 -0700] "POST /blog/wp-login.php HTTP/1.1" 200 1460 "-" "Mozilla/5.0 (Macintosh; U; Intel Mac OS X 10_6_7; da-dk) AppleWebKit/533.21.1 (KHTML, like Gecko) Version/5.0.5 Safari/533.21.1"
85.17.88.169 - - [21/Mar/2012:06:46:48 -0700] "POST /blog/wp-cron.php?doing_wp_cron=1332337446 HTTP/1.0" 499 0 "-" "WordPress/3.3.1; http://yuvi.in/blog"
188.143.232.128 - - [21/Mar/2012:06:46:48 -0700] "POST /blog/wp-login.php HTTP/1.1" 200 1460 "-" "Mozilla/5.0 (compatible; MSIE 9.0; Windows NT 6.1; WOW64; Trident/5.0; chromeframe/12.0.742.112)"
85.17.88.169 - - [21/Mar/2012:06:46:51 -0700] "POST /blog/wp-cron.php?doing_wp_cron=1332337448 HTTP/1.0" 499 0 "-" "WordPress/3.3.1; http://yuvi.in/blog"
188.143.232.128 - - [21/Mar/2012:06:46:51 -0700] "POST /blog/wp-login.php HTTP/1.1" 200 1460 "-" "Mozilla/5.0 (Windows NT 6.1; WOW64) AppleWebKit/535.1 (KHTML, like Gecko) Chrome/14.0.813.0 Safari/535.1"
85.17.88.169 - - [21/Mar/2012:06:46:53 -0700] "POST /blog/wp-cron.php?doing_wp_cron=1332337451 HTTP/1.0" 499 0 "-" "WordPress/3.3.1; http://yuvi.in/blog"
188.143.232.128 - - [21/Mar/2012:06:46:54 -0700] "POST /blog/wp-login.php HTTP/1.1" 200 1460 "-" "Opera/9.80 (X11; Linux i686; U; fr) Presto/2.7.62 Version/11.01"
85.17.88.169 - - [21/Mar/2012:06:46:56 -0700] "POST /blog/wp-cron.php?doing_wp_cron=1332337453 HTTP/1.0" 499 0 "-" "WordPress/3.3.1; http://yuvi.in/blog"
188.143.232.128 - - [21/Mar/2012:06:46:56 -0700] "POST /blog/wp-login.php HTTP/1.1" 200 1460 "-" "Mozilla/5.0 (compatible; MSIE 9.0; Windows NT 6.1; Trident/5.0) chromeframe/10.0.648.205"
85.17.88.169 - - [21/Mar/2012:06:46:58 -0700] "POST /blog/wp-cron.php?doing_wp_cron=1332337456 HTTP/1.0" 499 0 "-" "WordPress/3.3.1; http://yuvi.in/blog"
188.143.232.128 - - [21/Mar/2012:06:46:59 -0700] "POST /blog/wp-login.php HTTP/1.1" 200 1460 "-" "Mozilla/5.0 (X11; Linux x86_64; rv:5.0) Gecko/20100101 Firefox/5.0 Firefox/5.0"
85.17.88.169 - - [21/Mar/2012:06:47:01 -0700] "POST /blog/wp-cron.php?doing_wp_cron=1332337459 HTTP/1.0" 499 0 "-" "WordPress/3.3.1; http://yuvi.in/blog"
188.143.232.128 - - [21/Mar/2012:06:47:01 -0700] "POST /blog/wp-login.php HTTP/1.1" 200 1460 "-" "Mozilla/5.0 (Macintosh; U; Intel Mac OS X 10_6_7; da-dk) AppleWebKit/533.21.1 (KHTML, like Gecko) Version/5.0.5 Safari/533.21.1"
85.17.88.169 - - [21/Mar/2012:06:47:04 -0700] "POST /blog/wp-cron.php?doing_wp_cron=1332337461 HTTP/1.0" 499 0 "-" "WordPress/3.3.1; http://yuvi.in/blog"
188.143.232.128 - - [21/Mar/2012:06:47:04 -0700] "POST /blog/wp-login.php HTTP/1.1" 200 1460 "-" "Opera/9.80 (Windows NT 6.1; U; zh-cn) Presto/2.7.62 Version/11.01"
85.17.88.169 - - [21/Mar/2012:06:47:06 -0700] "POST /blog/wp-cron.php?doing_wp_cron=1332337464 HTTP/1.0" 499 0 "-" "WordPress/3.3.1; http://yuvi.in/blog"
188.143.232.128 - - [21/Mar/2012:06:47:07 -0700] "POST /blog/wp-login.php HTTP/1.1" 200 1460 "-" "Mozilla/5.0 (Macintosh; U; PPC Mac OS X 10_5_8; zh-cn) AppleWebKit/533.20.25 (KHTML, like Gecko) Version/5.0.4 Safari/533.20.27"
85.17.88.169 - - [21/Mar/2012:06:47:09 -0700] "POST /blog/wp-cron.php?doing_wp_cron=1332337467 HTTP/1.0" 499 0 "-" "WordPress/3.3.1; http://yuvi.in/blog"
188.143.232.128 - - [21/Mar/2012:06:47:09 -0700] "POST /blog/wp-login.php HTTP/1.1" 200 1460 "-" "Mozilla/4.0 (compatible; MSIE 8.0; Windows NT 6.1; WOW64; Trident/4.0; SLCC2; Media Center PC 6.0; InfoPath.2; MS-RTC LM 8)"
85.17.88.169 - - [21/Mar/2012:06:47:11 -0700] "POST /blog/wp-cron.php?doing_wp_cron=1332337469 HTTP/1.0" 499 0 "-" "WordPress/3.3.1; http://yuvi.in/blog"
188.143.232.128 - - [21/Mar/2012:06:47:12 -0700] "POST /blog/wp-login.php HTTP/1.1" 200 1460 "-" "Mozilla/5.0 (compatible; MSIE 8.0; Windows NT 5.1; Trident/4.0; SLCC1; .NET CLR 3.0.4506.2152; .NET CLR 3.5.30729; .NET CLR 1.1.4322)"
85.17.88.169 - - [21/Mar/2012:06:47:14 -0700] "POST /blog/wp-cron.php?doing_wp_cron=1332337472 HTTP/1.0" 499 0 "-" "WordPress/3.3.1; http://yuvi.in/blog"
188.143.232.128 - - [21/Mar/2012:06:47:14 -0700] "POST /blog/wp-login.php HTTP/1.1" 200 1460 "-" "Mozilla/5.0 (X11; Linux ppc; rv:5.0) Gecko/20100101 Firefox/5.0"
85.17.88.169 - - [21/Mar/2012:06:47:17 -0700] "POST /blog/wp-cron.php?doing_wp_cron=1332337474 HTTP/1.0" 499 0 "-" "WordPress/3.3.1; http://yuvi.in/blog"
188.143.232.128 - - [21/Mar/2012:06:47:17 -0700] "POST /blog/wp-login.php HTTP/1.1" 200 1460 "-" "Mozilla/5.0 (compatible; MSIE 8.0; Windows NT 5.1; Trident/4.0; .NET CLR 1.1.4322; .NET CLR 2.0.50727)"
85.17.88.169 - - [21/Mar/2012:06:47:19 -0700] "POST /blog/wp-cron.php?doing_wp_cron=1332337477 HTTP/1.0" 499 0 "-" "WordPress/3.3.1; http://yuvi.in/blog"
188.143.232.128 - - [21/Mar/2012:06:47:20 -0700] "POST /blog/wp-login.php HTTP/1.1" 200 1460 "-" "Mozilla/5.0 (Windows; U; Windows NT 6.1; cs-CZ) AppleWebKit/533.20.25 (KHTML, like Gecko) Version/5.0.4 Safari/533.20.27"
85.17.88.169 - - [21/Mar/2012:06:47:22 -0700] "POST /blog/wp-cron.php?doing_wp_cron=1332337480 HTTP/1.0" 499 0 "-" "WordPress/3.3.1; http://yuvi.in/blog"
188.143.232.128 - - [21/Mar/2012:06:47:22 -0700] "POST /blog/wp-login.php HTTP/1.1" 200 1460 "-" "Mozilla/5.0 (X11; U; Linux amd64; en-US; rv:5.0) Gecko/20110619 Firefox/5.0"
85.17.88.169 - - [21/Mar/2012:06:47:25 -0700] "POST /blog/wp-cron.php?doing_wp_cron=1332337482 HTTP/1.0" 499 0 "-" "WordPress/3.3.1; http://yuvi.in/blog"
188.143.232.128 - - [21/Mar/2012:06:47:25 -0700] "POST /blog/wp-login.php HTTP/1.1" 200 1460 "-" "Mozilla/5.0 (compatible; MSIE 9.0; Windows NT 6.1; Win64; x64; Trident/5.0; .NET CLR 3.5.30729; .NET CLR 3.0.30729; .NET CLR 2.0.50727; Media Center PC 6.0)"
85.17.88.169 - - [21/Mar/2012:06:47:27 -0700] "POST /blog/wp-cron.php?doing_wp_cron=1332337485 HTTP/1.0" 499 0 "-" "WordPress/3.3.1; http://yuvi.in/blog"
188.143.232.128 - - [21/Mar/2012:06:47:28 -0700] "POST /blog/wp-login.php HTTP/1.1" 200 1460 "-" "Mozilla/5.0 (Macintosh; U; Intel Mac OS X 10_6_6; ja-jp) AppleWebKit/533.20.25 (KHTML, like Gecko) Version/5.0.4 Safari/533.20.27"
85.17.88.169 - - [21/Mar/2012:06:47:30 -0700] "POST /blog/wp-cron.php?doing_wp_cron=1332337488 HTTP/1.0" 499 0 "-" "WordPress/3.3.1; http://yuvi.in/blog"
188.143.232.128 - - [21/Mar/2012:06:47:30 -0700] "POST /blog/wp-login.php HTTP/1.1" 200 1460 "-" "Mozilla/5.0 (Windows NT 6.1; WOW64; rv:6.0a2) Gecko/20110612 Firefox/6.0a2"
85.17.88.169 - - [21/Mar/2012:06:47:32 -0700] "POST /blog/wp-cron.php?doing_wp_cron=1332337490 HTTP/1.0" 499 0 "-" "WordPress/3.3.1; http://yuvi.in/blog"
188.143.232.128 - - [21/Mar/2012:06:47:33 -0700] "POST /blog/wp-login.php HTTP/1.1" 200 1460 "-" "Mozilla/5.0 (Macintosh; U; Intel Mac OS X 10_6_6; fr-fr) AppleWebKit/533.20.25 (KHTML, like Gecko) Version/5.0.4 Safari/533.20.27"
85.17.88.169 - - [21/Mar/2012:06:47:35 -0700] "POST /blog/wp-cron.php?doing_wp_cron=1332337493 HTTP/1.0" 499 0 "-" "WordPress/3.3.1; http://yuvi.in/blog"
188.143.232.128 - - [21/Mar/2012:06:47:36 -0700] "POST /blog/wp-login.php HTTP/1.1" 200 1460 "-" "Mozilla/5.0 (X11; Linux) Gecko Firefox/5.0"
85.17.88.169 - - [21/Mar/2012:06:47:38 -0700] "POST /blog/wp-cron.php?doing_wp_cron=1332337496 HTTP/1.0" 499 0 "-" "WordPress/3.3.1; http://yuvi.in/blog"
188.143.232.128 - - [21/Mar/2012:06:47:38 -0700] "POST /blog/wp-login.php HTTP/1.1" 200 1460 "-" "Mozilla/5.0 (compatible; MSIE 9.0; Windows NT 6.1; Trident/5.0; SLCC2; .NET CLR 2.0.50727; .NET CLR 3.5.30729; .NET CLR 3.0.30729; Media Center PC 6.0; InfoPath.2; .NET CLR 1.1.4322; .NET4.0C; Tablet PC 2.0)"
85.17.88.169 - - [21/Mar/2012:06:47:40 -0700] "POST /blog/wp-cron.php?doing_wp_cron=1332337498 HTTP/1.0" 499 0 "-" "WordPress/3.3.1; http://yuvi.in/blog"
188.143.232.128 - - [21/Mar/2012:06:47:41 -0700] "POST /blog/wp-login.php HTTP/1.1" 200 1460 "-" "Mozilla/5.0 (X11; Linux x86_64; rv:5.0) Gecko/20100101 Firefox/5.0 Firefox/5.0"
85.17.88.169 - - [21/Mar/2012:06:47:43 -0700] "POST /blog/wp-cron.php?doing_wp_cron=1332337501 HTTP/1.0" 499 0 "-" "WordPress/3.3.1; http://yuvi.in/blog"
188.143.232.128 - - [21/Mar/2012:06:47:43 -0700] "POST /blog/wp-login.php HTTP/1.1" 200 1460 "-" "Mozilla/5.0 (compatible; MSIE 9.0; Windows NT 6.1; Win64; x64; Trident/5.0; .NET CLR 2.0.50727; SLCC2; .NET CLR 3.5.30729; .NET CLR 3.0.30729; Media Center PC 6.0; Zune 4.0; Tablet PC 2.0; InfoPath.3; .NET4.0C; .NET4.0E)"
85.17.88.169 - - [21/Mar/2012:06:47:46 -0700] "POST /blog/wp-cron.php?doing_wp_cron=1332337503 HTTP/1.0" 499 0 "-" "WordPress/3.3.1; http://yuvi.in/blog"
188.143.232.128 - - [21/Mar/2012:06:47:46 -0700] "POST /blog/wp-login.php HTTP/1.1" 200 1460 "-" "Mozilla/5.0 (Windows NT 6.1) AppleWebKit/535.1 (KHTML, like Gecko) Chrome/14.0.815.10913 Safari/535.1"
98.172.15.254 - - [21/Mar/2012:06:47:48 -0700] "GET / HTTP/1.1" 304 0 "-" "Caffeinated/1.1 CFNetwork/520.3.2 Darwin/11.3.0 (x86_64) (MacBookPro8%2C1)"
98.172.15.254 - - [21/Mar/2012:06:47:48 -0700] "GET /favicon.ico HTTP/1.1" 404 169 "-" "Caffeinated/1.1 CFNetwork/520.3.2 Darwin/11.3.0 (x86_64) (MacBookPro8%2C1)"
85.17.88.169 - - [21/Mar/2012:06:47:48 -0700] "POST /blog/wp-cron.php?doing_wp_cron=1332337506 HTTP/1.0" 499 0 "-" "WordPress/3.3.1; http://yuvi.in/blog"
188.143.232.128 - - [21/Mar/2012:06:47:48 -0700] "POST /blog/wp-login.php HTTP/1.1" 200 1460 "-" "Mozilla/5.0 (compatible; MSIE 9.0; Windows NT 6.1; WOW64; Trident/5.0; .NET CLR 3.5.30729; .NET CLR 3.0.30729; .NET CLR 2.0.50727; Media Center PC 6.0)"
98.172.15.254 - - [21/Mar/2012:06:47:50 -0700] "GET /favicon.ico HTTP/1.1" 404 169 "-" "Caffeinated/1.1 CFNetwork/520.3.2 Darwin/11.3.0 (x86_64) (MacBookPro8%2C1)"
85.17.88.169 - - [21/Mar/2012:06:47:51 -0700] "POST /blog/wp-cron.php?doing_wp_cron=1332337508 HTTP/1.0" 499 0 "-" "WordPress/3.3.1; http://yuvi.in/blog"
188.143.232.128 - - [21/Mar/2012:06:47:51 -0700] "POST /blog/wp-login.php HTTP/1.1" 200 1460 "-" "Opera/9.80 (X11; Linux i686; U; hu) Presto/2.9.168 Version/11.50"
85.17.88.169 - - [21/Mar/2012:06:47:53 -0700] "POST /blog/wp-cron.php?doing_wp_cron=1332337511 HTTP/1.0" 499 0 "-" "WordPress/3.3.1; http://yuvi.in/blog"
188.143.232.128 - - [21/Mar/2012:06:47:54 -0700] "POST /blog/wp-login.php HTTP/1.1" 200 1460 "-" "Opera/9.80 (X11; Linux i686; U; ru) Presto/2.8.131 Version/11.11"
85.17.88.169 - - [21/Mar/2012:06:47:56 -0700] "POST /blog/wp-cron.php?doing_wp_cron=1332337514 HTTP/1.0" 499 0 "-" "WordPress/3.3.1; http://yuvi.in/blog"
188.143.232.128 - - [21/Mar/2012:06:47:56 -0700] "POST /blog/wp-login.php HTTP/1.1" 200 1460 "-" "Mozilla/5.0 (Macintosh; U; Intel Mac OS X 10_6_7; da-dk) AppleWebKit/533.21.1 (KHTML, like Gecko) Version/5.0.5 Safari/533.21.1"
85.17.88.169 - - [21/Mar/2012:06:47:59 -0700] "POST /blog/wp-cron.php?doing_wp_cron=1332337517 HTTP/1.0" 499 0 "-" "WordPress/3.3.1; http://yuvi.in/blog"
188.143.232.128 - - [21/Mar/2012:06:47:59 -0700] "POST /blog/wp-login.php HTTP/1.1" 200 1460 "-" "Opera/9.80 (X11; Linux i686; U; fr) Presto/2.7.62 Version/11.01"
85.17.88.169 - - [21/Mar/2012:06:48:01 -0700] "POST /blog/wp-cron.php?doing_wp_cron=1332337519 HTTP/1.0" 499 0 "-" "WordPress/3.3.1; http://yuvi.in/blog"
188.143.232.128 - - [21/Mar/2012:06:48:02 -0700] "POST /blog/wp-login.php HTTP/1.1" 200 1460 "-" "Mozilla/5.0 (Windows; U; MSIE 9.0; WIndows NT 9.0; en-US))"
85.17.88.169 - - [21/Mar/2012:06:48:04 -0700] "POST /blog/wp-cron.php?doing_wp_cron=1332337522 HTTP/1.0" 499 0 "-" "WordPress/3.3.1; http://yuvi.in/blog"
188.143.232.128 - - [21/Mar/2012:06:48:05 -0700] "POST /blog/wp-login.php HTTP/1.1" 200 1460 "-" "Mozilla/5.0 (Macintosh; U; Intel Mac OS X 10_6_6; ko-kr) AppleWebKit/533.20.25 (KHTML, like Gecko) Version/5.0.4 Safari/533.20.27"
85.17.88.169 - - [21/Mar/2012:06:48:07 -0700] "POST /blog/wp-cron.php?doing_wp_cron=1332337525 HTTP/1.0" 499 0 "-" "WordPress/3.3.1; http://yuvi.in/blog"
188.143.232.128 - - [21/Mar/2012:06:48:07 -0700] "POST /blog/wp-login.php HTTP/1.1" 200 1460 "-" "Opera/9.80 (Windows NT 6.1; U; es-ES) Presto/2.9.181 Version/12.00"
85.17.88.169 - - [21/Mar/2012:06:48:09 -0700] "POST /blog/wp-cron.php?doing_wp_cron=1332337527 HTTP/1.0" 499 0 "-" "WordPress/3.3.1; http://yuvi.in/blog"
188.143.232.128 - - [21/Mar/2012:06:48:10 -0700] "POST /blog/wp-login.php HTTP/1.1" 200 1460 "-" "Mozilla/5.0 (X11; Linux i686) AppleWebKit/535.1 (KHTML, like Gecko) Ubuntu/11.04 Chromium/14.0.825.0 Chrome/14.0.825.0 Safari/535.1"
85.17.88.169 - - [21/Mar/2012:06:48:12 -0700] "POST /blog/wp-cron.php?doing_wp_cron=1332337530 HTTP/1.0" 499 0 "-" "WordPress/3.3.1; http://yuvi.in/blog"
188.143.232.128 - - [21/Mar/2012:06:48:12 -0700] "POST /blog/wp-login.php HTTP/1.1" 200 1460 "-" "Mozilla/5.0 (compatible; MSIE 9.0; Windows NT 6.0; Trident/5.0; chromeframe/11.0.696.57)"
85.17.88.169 - - [21/Mar/2012:06:48:14 -0700] "POST /blog/wp-cron.php?doing_wp_cron=1332337532 HTTP/1.0" 499 0 "-" "WordPress/3.3.1; http://yuvi.in/blog"
188.143.232.128 - - [21/Mar/2012:06:48:15 -0700] "POST /blog/wp-login.php HTTP/1.1" 200 1460 "-" "Opera/9.80 (X11; Linux i686; U; es-ES) Presto/2.8.131 Version/11.11"
85.17.88.169 - - [21/Mar/2012:06:48:17 -0700] "POST /blog/wp-cron.php?doing_wp_cron=1332337535 HTTP/1.0" 499 0 "-" "WordPress/3.3.1; http://yuvi.in/blog"
188.143.232.128 - - [21/Mar/2012:06:48:17 -0700] "POST /blog/wp-login.php HTTP/1.1" 200 1460 "-" "Opera/9.80 (Windows NT 6.0; U; pl) Presto/2.7.62 Version/11.01"
85.17.88.169 - - [21/Mar/2012:06:48:20 -0700] "POST /blog/wp-cron.php?doing_wp_cron=1332337537 HTTP/1.0" 499 0 "-" "WordPress/3.3.1; http://yuvi.in/blog"
