75.131.206.131 - - [14/Mar/2012:15:30:17 -0700] "GET /favicon.ico HTTP/1.1" 404 142 "-" "Reeder/1.5.4 CFNetwork/548.1.4 Darwin/11.0.0"
75.131.206.131 - - [14/Mar/2012:15:30:17 -0700] "GET / HTTP/1.1" 200 1430 "-" "Reeder/1.5.4 CFNetwork/548.1.4 Darwin/11.0.0"
75.131.206.131 - - [14/Mar/2012:15:30:17 -0700] "GET /apple-touch-icon.png HTTP/1.1" 404 142 "-" "Reeder/1.5.4 CFNetwork/548.1.4 Darwin/11.0.0"
75.131.206.131 - - [14/Mar/2012:15:30:17 -0700] "GET /apple-touch-icon-precomposed.png HTTP/1.1" 404 142 "-" "Reeder/1.5.4 CFNetwork/548.1.4 Darwin/11.0.0"
85.17.88.169 - - [14/Mar/2012:15:30:25 -0700] "POST /blog/wp-cron.php?doing_wp_cron=1331764116 HTTP/1.0" 499 0 "-" "WordPress/3.3.1; http://yuvi.in/blog"
213.186.127.13 - - [14/Mar/2012:15:30:25 -0700] "GET /blog/2011/07/ HTTP/1.1" 200 3882 "-" "Mozilla/5.0 (compatible; AhrefsBot/2.0; +http://ahrefs.com/robot/)"
117.230.153.208 - - [14/Mar/2012:15:32:13 -0700] "GET /favicon.ico HTTP/1.1" 404 142 "-" "Reeder/1.5.4 CFNetwork/548.1.4 Darwin/11.0.0"
180.76.6.37 - - [14/Mar/2012:15:34:14 -0700] "GET /blog/-we-must-take-india-as-it-is-jules-verne.html HTTP/1.1" 200 3774 "-" "Mozilla/5.0 (compatible; Baiduspider/2.0; +http://www.baidu.com/search/spider.html)"
85.17.88.169 - - [14/Mar/2012:15:36:57 -0700] "POST /blog/wp-cron.php?doing_wp_cron=1331764508 HTTP/1.0" 499 0 "-" "WordPress/3.3.1; http://yuvi.in/blog"
208.80.194.30 - - [14/Mar/2012:15:36:58 -0700] "GET /blog/category/so-called-it/ HTTP/1.0" 200 36439 "-" "Mozilla/4.0 (compatible; MSIE 6.0; Windows NT 5.1; SV1; .NET CLR 1.1.4322; InfoPath.1; MEGAUPLOAD 1.0)"
85.17.88.169 - - [14/Mar/2012:15:39:06 -0700] "POST /blog/wp-cron.php?doing_wp_cron=1331764637 HTTP/1.0" 499 0 "-" "WordPress/3.3.1; http://yuvi.in/blog"
66.249.69.74 - - [14/Mar/2012:15:39:07 -0700] "GET /blog/tag/android/ HTTP/1.1" 200 5387 "-" "Mozilla/5.0 (compatible; Googlebot/2.1; +http://www.google.com/bot.html)"
67.215.230.27 - - [14/Mar/2012:15:40:51 -0700] "GET /robots.txt HTTP/1.0" 404 169 "-" "Setooz/Nutch-1.2 (http://www.setooz.com)"
67.215.230.27 - - [14/Mar/2012:15:40:51 -0700] "GET /stories HTTP/1.0" 301 185 "-" "Setooz/Nutch-1.2 (http://www.setooz.com)"
213.186.127.13 - - [14/Mar/2012:15:40:54 -0700] "GET /r/amj HTTP/1.1" 301 255 "-" "Mozilla/5.0 (compatible; AhrefsBot/2.0; +http://ahrefs.com/robot/)"
67.215.230.27 - - [14/Mar/2012:15:40:57 -0700] "GET /robots.txt HTTP/1.0" 404 169 "-" "Setooz/Nutch-1.2 (http://www.setooz.com)"
67.215.230.27 - - [14/Mar/2012:15:40:57 -0700] "GET / HTTP/1.0" 200 3439 "-" "Setooz/Nutch-1.2 (http://www.setooz.com)"
208.80.194.30 - - [14/Mar/2012:15:44:20 -0700] "GET /blog/infosys-tcs-or-wipro-none/ HTTP/1.0" 200 24512 "-" "Mozilla/4.0 (compatible; MSIE 6.0; Windows 98; YPC 3.2.0; Keymaster; .NET CLR 1.1.4322; SpamBlockerUtility 4.8.4)"
74.125.126.89 - - [14/Mar/2012:15:45:10 -0700] "GET /favicon.ico HTTP/1.1" 404 211 "-" "-"
85.17.88.169 - - [14/Mar/2012:15:49:10 -0700] "POST /blog/wp-cron.php?doing_wp_cron=1331765240 HTTP/1.0" 499 0 "-" "WordPress/3.3.1; http://yuvi.in/blog"
85.94.168.45 - - [14/Mar/2012:15:49:11 -0700] "GET /blog/program/ HTTP/1.1" 200 27142 "-" "Mozilla/5.0 (compatible; Googlebot/2.1; +http://www.google.com/bot.html)"
85.17.88.169 - - [14/Mar/2012:15:51:48 -0700] "POST /blog/wp-cron.php?doing_wp_cron=1331765398 HTTP/1.0" 499 0 "-" "WordPress/3.3.1; http://yuvi.in/blog"
85.17.88.169 - - [14/Mar/2012:15:54:17 -0700] "POST /blog/wp-cron.php?doing_wp_cron=1331765547 HTTP/1.0" 499 0 "-" "WordPress/3.3.1; http://yuvi.in/blog"
66.249.69.74 - - [14/Mar/2012:15:54:17 -0700] "GET /blog/tag/blogging/ HTTP/1.1" 200 4141 "-" "Mozilla/5.0 (compatible; Googlebot/2.1; +http://www.google.com/bot.html)"
85.17.88.169 - - [14/Mar/2012:15:56:18 -0700] "POST /blog/wp-cron.php?doing_wp_cron=1331765669 HTTP/1.0" 499 0 "-" "WordPress/3.3.1; http://yuvi.in/blog"
101.226.33.188 - - [14/Mar/2012:15:56:19 -0700] "GET /blog/feed HTTP/1.0" 304 0 "-" "Mozilla/4.0 (compatible; Windows;)"
85.17.88.169 - - [14/Mar/2012:15:57:24 -0700] "POST /blog/wp-cron.php?doing_wp_cron=1331765735 HTTP/1.0" 499 0 "-" "WordPress/3.3.1; http://yuvi.in/blog"
66.249.67.123 - - [14/Mar/2012:15:57:24 -0700] "GET /blog/2011/06/06/ HTTP/1.1" 200 4140 "-" "Mozilla/5.0 (compatible; Googlebot/2.1; +http://www.google.com/bot.html)"
85.17.88.169 - - [14/Mar/2012:15:59:03 -0700] "POST /blog/wp-cron.php?doing_wp_cron=1331765833 HTTP/1.0" 499 0 "-" "WordPress/3.3.1; http://yuvi.in/blog"
209.85.224.97 - - [14/Mar/2012:15:59:03 -0700] "GET /blog/feed HTTP/1.1" 304 0 "-" "FeedBurner/1.0 (http://www.FeedBurner.com)"
117.230.199.206 - - [14/Mar/2012:16:00:57 -0700] "GET /favicon.ico HTTP/1.1" 404 142 "-" "Reeder/1.5.4 CFNetwork/548.1.4 Darwin/11.0.0"
85.17.88.169 - - [14/Mar/2012:16:08:11 -0700] "POST /blog/wp-cron.php?doing_wp_cron=1331766382 HTTP/1.0" 499 0 "-" "WordPress/3.3.1; http://yuvi.in/blog"
66.249.67.123 - - [14/Mar/2012:16:08:12 -0700] "GET /blog/tag/flipkart/ HTTP/1.1" 200 4691 "-" "Mozilla/5.0 (compatible; Googlebot/2.1; +http://www.google.com/bot.html)"
218.213.130.153 - - [14/Mar/2012:16:09:11 -0700] "GET /robots.txt HTTP/1.1" 404 169 "-" "DoCoMo/2.0 P900i(c100;TB;W24H11) (compatible; ichiro/mobile goo; +http://help.goo.ne.jp/help/article/1142/)"
218.213.130.153 - - [14/Mar/2012:16:09:14 -0700] "GET / HTTP/1.1" 200 3439 "-" "DoCoMo/2.0 P900i(c100;TB;W24H11) (compatible; ichiro/mobile goo; +http://help.goo.ne.jp/help/article/1142/)"
209.85.144.93 - - [14/Mar/2012:16:09:32 -0700] "GET /stories/feed HTTP/1.1" 200 13653 "-" "FeedBurner/1.0 (http://www.FeedBurner.com)"
85.17.88.169 - - [14/Mar/2012:16:09:57 -0700] "POST /blog/wp-cron.php?doing_wp_cron=1331766488 HTTP/1.0" 499 0 "-" "WordPress/3.3.1; http://yuvi.in/blog"
209.85.238.115 - - [14/Mar/2012:16:09:58 -0700] "GET /blog/feed/ HTTP/1.1" 304 0 "-" "Feedfetcher-Google; (+http://www.google.com/feedfetcher.html; 19 subscribers; feed-id=15064232456473204253)"
207.46.204.218 - - [14/Mar/2012:16:10:38 -0700] "-" 400 0 "-" "-"
207.46.204.218 - - [14/Mar/2012:16:10:39 -0700] "-" 400 0 "-" "-"
207.46.204.218 - - [14/Mar/2012:16:10:40 -0700] "-" 400 0 "-" "-"
207.46.204.218 - - [14/Mar/2012:16:10:40 -0700] "-" 400 0 "-" "-"
207.46.204.218 - - [14/Mar/2012:16:10:40 -0700] "-" 400 0 "-" "-"
207.46.204.218 - - [14/Mar/2012:16:10:40 -0700] "-" 400 0 "-" "-"
207.46.204.218 - - [14/Mar/2012:16:10:41 -0700] "-" 400 0 "-" "-"
207.46.204.218 - - [14/Mar/2012:16:10:41 -0700] "-" 400 0 "-" "-"
207.46.204.218 - - [14/Mar/2012:16:10:41 -0700] "-" 400 0 "-" "-"
207.46.204.218 - - [14/Mar/2012:16:10:41 -0700] "-" 400 0 "-" "-"
207.46.204.218 - - [14/Mar/2012:16:10:56 -0700] "-" 400 0 "-" "-"
213.186.127.13 - - [14/Mar/2012:16:15:11 -0700] "GET /s/ta/2rbo/ HTTP/1.1" 302 499 "-" "Mozilla/5.0 (compatible; AhrefsBot/2.0; +http://ahrefs.com/robot/)"
76.91.30.37 - - [14/Mar/2012:16:16:01 -0700] "GET /blog/infosys-tcs-or-wipro-none/ HTTP/1.1" 200 7089 "http://www.google.com/url?sa=t&rct=j&q=&esrc=s&source=web&cd=5&cts=1331766852060&ved=0CEQQFjAE&url=http%3A%2F%2Fyuvi.in%2Fblog%2Finfosys-tcs-or-wipro-none%2F&ei=KiZhT4e-L8f-2QXHk_2aCA&usg=AFQjCNFFymVRTHm740-I9A4VqJxKWQnZng&sig2=OOzaRzCL6AKk2iUZJaznAg" "Mozilla/5.0 (Windows NT 5.1) AppleWebKit/535.11 (KHTML, like Gecko) Chrome/17.0.963.79 Safari/535.11"
76.91.30.37 - - [14/Mar/2012:16:16:01 -0700] "GET /blog/wp-content/themes/cleanr/js/jquery.dropdown.js?ver=3.3.1 HTTP/1.1" 200 535 "http://yuvi.in/blog/infosys-tcs-or-wipro-none/" "Mozilla/5.0 (Windows NT 5.1) AppleWebKit/535.11 (KHTML, like Gecko) Chrome/17.0.963.79 Safari/535.11"
76.91.30.37 - - [14/Mar/2012:16:16:01 -0700] "GET /blog/wp-content/themes/cleanr/style.css HTTP/1.1" 200 10508 "http://yuvi.in/blog/infosys-tcs-or-wipro-none/" "Mozilla/5.0 (Windows NT 5.1) AppleWebKit/535.11 (KHTML, like Gecko) Chrome/17.0.963.79 Safari/535.11"
76.91.30.37 - - [14/Mar/2012:16:16:02 -0700] "GET /blog/wp-content/themes/cleanr/css/text.css HTTP/1.1" 200 420 "http://yuvi.in/blog/infosys-tcs-or-wipro-none/" "Mozilla/5.0 (Windows NT 5.1) AppleWebKit/535.11 (KHTML, like Gecko) Chrome/17.0.963.79 Safari/535.11"
76.91.30.37 - - [14/Mar/2012:16:16:02 -0700] "GET /blog/wp-content/themes/cleanr/css/960.css HTTP/1.1" 200 3628 "http://yuvi.in/blog/infosys-tcs-or-wipro-none/" "Mozilla/5.0 (Windows NT 5.1) AppleWebKit/535.11 (KHTML, like Gecko) Chrome/17.0.963.79 Safari/535.11"
76.91.30.37 - - [14/Mar/2012:16:16:02 -0700] "GET /blog/wp-content/themes/cleanr/css/reset.css HTTP/1.1" 200 648 "http://yuvi.in/blog/infosys-tcs-or-wipro-none/" "Mozilla/5.0 (Windows NT 5.1) AppleWebKit/535.11 (KHTML, like Gecko) Chrome/17.0.963.79 Safari/535.11"
76.91.30.37 - - [14/Mar/2012:16:16:02 -0700] "GET /blog/wp-includes/js/jquery/jquery.js?ver=1.7.1 HTTP/1.1" 200 93889 "http://yuvi.in/blog/infosys-tcs-or-wipro-none/" "Mozilla/5.0 (Windows NT 5.1) AppleWebKit/535.11 (KHTML, like Gecko) Chrome/17.0.963.79 Safari/535.11"
76.91.30.37 - - [14/Mar/2012:16:16:02 -0700] "GET /blog/wp-content/themes/cleanr/images/search_magnifier.gif HTTP/1.1" 200 394 "http://yuvi.in/blog/infosys-tcs-or-wipro-none/" "Mozilla/5.0 (Windows NT 5.1) AppleWebKit/535.11 (KHTML, like Gecko) Chrome/17.0.963.79 Safari/535.11"
76.91.30.37 - - [14/Mar/2012:16:16:03 -0700] "GET /favicon.ico HTTP/1.1" 404 199 "-" "Mozilla/5.0 (Windows NT 5.1) AppleWebKit/535.11 (KHTML, like Gecko) Chrome/17.0.963.79 Safari/535.11"
76.91.30.37 - - [14/Mar/2012:16:16:04 -0700] "GET /favicon.ico HTTP/1.1" 404 142 "-" "Mozilla/5.0 (compatible; Google Desktop/5.9.1005.12335; http://desktop.google.com/)"
180.76.5.98 - - [14/Mar/2012:16:16:06 -0700] "GET /blog/tag/markov.html HTTP/1.1" 200 3045 "-" "Mozilla/5.0 (compatible; Baiduspider/2.0; +http://www.baidu.com/search/spider.html)"
85.17.88.169 - - [14/Mar/2012:16:16:08 -0700] "POST /blog/wp-cron.php?doing_wp_cron=1331766858 HTTP/1.0" 499 0 "-" "WordPress/3.3.1; http://yuvi.in/blog"
76.91.30.37 - - [14/Mar/2012:16:16:08 -0700] "GET /blog/infosys-tcs-or-wipro-none/?cf_action=sync_comments&post_id=124 HTTP/1.1" 200 48 "http://yuvi.in/blog/infosys-tcs-or-wipro-none/" "Mozilla/5.0 (Windows NT 5.1) AppleWebKit/535.11 (KHTML, like Gecko) Chrome/17.0.963.79 Safari/535.11"
85.17.88.169 - - [14/Mar/2012:16:22:31 -0700] "POST /blog/wp-cron.php?doing_wp_cron=1331767242 HTTP/1.0" 499 0 "-" "WordPress/3.3.1; http://yuvi.in/blog"
129.34.20.23 - - [14/Mar/2012:16:22:32 -0700] "GET /blog/feed/ HTTP/1.1" 200 21853 "-" "Mozilla/5.0 (Windows; U; Windows NT 5.1; en-US; rv:1.9.0.3) Gecko/2008092417 Firefox/3.0.3"
208.115.113.84 - - [14/Mar/2012:16:22:57 -0700] "GET /robots.txt HTTP/1.1" 404 169 "-" "Mozilla/5.0 (compatible; Ezooms/1.0; ezooms.bot@gmail.com)"
117.204.22.199 - - [14/Mar/2012:16:23:06 -0700] "-" 400 0 "-" "-"
117.204.22.199 - - [14/Mar/2012:16:23:06 -0700] "-" 400 0 "-" "-"
85.17.88.169 - - [14/Mar/2012:16:23:34 -0700] "POST /blog/wp-cron.php?doing_wp_cron=1331767305 HTTP/1.0" 499 0 "-" "WordPress/3.3.1; http://yuvi.in/blog"
213.22.223.155 - - [14/Mar/2012:16:23:35 -0700] "GET /blog/ HTTP/1.1" 200 33071 "-" "Mozilla/5.0 (compatible; Googlebot/2.1; +http://www.google.com/bot.html)"
85.17.88.169 - - [14/Mar/2012:16:23:53 -0700] "POST /blog/wp-cron.php?doing_wp_cron=1331767323 HTTP/1.0" 499 0 "-" "WordPress/3.3.1; http://yuvi.in/blog"
66.249.69.74 - - [14/Mar/2012:16:23:53 -0700] "GET /blog/tag/wordpress/ HTTP/1.1" 200 4160 "-" "Mozilla/5.0 (compatible; Googlebot/2.1; +http://www.google.com/bot.html)"
85.17.88.169 - - [14/Mar/2012:16:26:39 -0700] "POST /blog/wp-cron.php?doing_wp_cron=1331767489 HTTP/1.0" 499 0 "-" "WordPress/3.3.1; http://yuvi.in/blog"
209.85.238.115 - - [14/Mar/2012:16:26:39 -0700] "GET /blog/feed HTTP/1.1" 301 0 "-" "Feedfetcher-Google; (+http://www.google.com/feedfetcher.html; 3 subscribers; feed-id=17684830852112633560)"
85.17.88.169 - - [14/Mar/2012:16:26:41 -0700] "POST /blog/wp-cron.php?doing_wp_cron=1331767492 HTTP/1.0" 499 0 "-" "WordPress/3.3.1; http://yuvi.in/blog"
209.85.238.115 - - [14/Mar/2012:16:26:42 -0700] "GET /blog/feed/ HTTP/1.1" 304 0 "-" "Feedfetcher-Google; (+http://www.google.com/feedfetcher.html; 3 subscribers; feed-id=17684830852112633560)"
208.115.111.68 - - [14/Mar/2012:16:27:04 -0700] "GET /robots.txt HTTP/1.1" 404 169 "-" "Mozilla/5.0 (compatible; Ezooms/1.0; ezooms.bot@gmail.com)"
85.17.88.169 - - [14/Mar/2012:16:29:08 -0700] "POST /blog/wp-cron.php?doing_wp_cron=1331767638 HTTP/1.0" 499 0 "-" "WordPress/3.3.1; http://yuvi.in/blog"
209.85.224.92 - - [14/Mar/2012:16:29:08 -0700] "GET /blog/feed HTTP/1.1" 304 0 "-" "FeedBurner/1.0 (http://www.FeedBurner.com)"
74.125.64.84 - - [14/Mar/2012:16:31:08 -0700] "GET /favicon.ico HTTP/1.1" 404 142 "-" "-"
180.76.6.211 - - [14/Mar/2012:16:34:18 -0700] "GET /s/ta/2rbh/ HTTP/1.1" 302 645 "-" "Mozilla/5.0 (compatible; Baiduspider/2.0; +http://www.baidu.com/search/spider.html)"
123.125.71.35 - - [14/Mar/2012:16:36:03 -0700] "GET / HTTP/1.1" 200 3439 "-" "Mozilla/5.0 (compatible; Baiduspider/2.0; +http://www.baidu.com/search/spider.html)"
220.181.108.78 - - [14/Mar/2012:16:36:46 -0700] "GET / HTTP/1.1" 200 3439 "-" "Mozilla/5.0 (compatible; Baiduspider/2.0; +http://www.baidu.com/search/spider.html)"
207.46.204.213 - - [14/Mar/2012:16:43:12 -0700] "-" 400 0 "-" "-"
207.46.204.213 - - [14/Mar/2012:16:43:17 -0700] "-" 400 0 "-" "-"
207.46.204.213 - - [14/Mar/2012:16:43:19 -0700] "-" 400 0 "-" "-"
207.46.204.213 - - [14/Mar/2012:16:43:22 -0700] "-" 400 0 "-" "-"
207.46.204.213 - - [14/Mar/2012:16:43:22 -0700] "-" 400 0 "-" "-"
207.46.204.213 - - [14/Mar/2012:16:43:26 -0700] "-" 400 0 "-" "-"
207.46.204.213 - - [14/Mar/2012:16:43:30 -0700] "-" 400 0 "-" "-"
207.46.204.213 - - [14/Mar/2012:16:43:30 -0700] "-" 400 0 "-" "-"
207.46.204.213 - - [14/Mar/2012:16:43:30 -0700] "-" 400 0 "-" "-"
207.46.204.213 - - [14/Mar/2012:16:44:02 -0700] "-" 400 0 "-" "-"
207.46.204.213 - - [14/Mar/2012:16:44:02 -0700] "-" 400 0 "-" "-"
69.171.229.247 - - [14/Mar/2012:16:47:48 -0700] "GET /r/1373 HTTP/1.1" 301 257 "-" "facebookexternalhit/1.1 (+http://www.facebook.com/externalhit_uatext.php)"
69.171.229.251 - - [14/Mar/2012:16:47:48 -0700] "GET /s/ta/1373/ HTTP/1.1" 302 421 "-" "facebookexternalhit/1.1 (+http://www.facebook.com/externalhit_uatext.php)"
85.17.88.169 - - [14/Mar/2012:16:50:32 -0700] "POST /blog/wp-cron.php?doing_wp_cron=1331768922 HTTP/1.0" 499 0 "-" "WordPress/3.3.1; http://yuvi.in/blog"
66.249.67.123 - - [14/Mar/2012:16:50:32 -0700] "GET /blog/2009/11/13/ HTTP/1.1" 200 4083 "-" "Mozilla/5.0 (compatible; Googlebot/2.1; +http://www.google.com/bot.html)"
85.17.88.169 - - [14/Mar/2012:16:52:50 -0700] "POST /blog/wp-cron.php?doing_wp_cron=1331769060 HTTP/1.0" 499 0 "-" "WordPress/3.3.1; http://yuvi.in/blog"
66.249.69.74 - - [14/Mar/2012:16:52:50 -0700] "GET /blog/tag/photography/ HTTP/1.1" 200 9110 "-" "Mozilla/5.0 (compatible; Googlebot/2.1; +http://www.google.com/bot.html)"
85.17.88.169 - - [14/Mar/2012:16:55:10 -0700] "POST /blog/wp-cron.php?doing_wp_cron=1331769200 HTTP/1.0" 499 0 "-" "WordPress/3.3.1; http://yuvi.in/blog"
14.140.95.151 - - [14/Mar/2012:16:55:10 -0700] "GET /blog/trip-to-kerala/ HTTP/1.0" 200 4357 "http://www.google.co.in/url?sa=t&rct=j&q=&esrc=s&source=web&cd=47&cts=1331769089233&ved=0CFUQFjAGOCg&url=http%3A%2F%2Fyuvi.in%2Fblog%2Ftrip-to-kerala%2F&ei=Yi9hT5CfFcvMrQfXmYGtBg&usg=AFQjCNH-a8wMr573twGZMfc5jcobAmUwtw&sig2=EyarKIyrr1-XKH4Zt5iKzw" "Mozilla/5.0 (Windows NT 6.1; WOW64) AppleWebKit/535.11 (KHTML, like Gecko) Chrome/17.0.963.79 Safari/535.11"
14.140.95.151 - - [14/Mar/2012:16:55:11 -0700] "GET /blog/wp-content/themes/cleanr/js/jquery.dropdown.js?ver=3.3.1 HTTP/1.0" 200 535 "http://yuvi.in/blog/trip-to-kerala/" "Mozilla/5.0 (Windows NT 6.1; WOW64) AppleWebKit/535.11 (KHTML, like Gecko) Chrome/17.0.963.79 Safari/535.11"
14.140.95.151 - - [14/Mar/2012:16:55:11 -0700] "GET /blog/wp-content/themes/cleanr/style.css HTTP/1.0" 200 10508 "http://yuvi.in/blog/trip-to-kerala/" "Mozilla/5.0 (Windows NT 6.1; WOW64) AppleWebKit/535.11 (KHTML, like Gecko) Chrome/17.0.963.79 Safari/535.11"
14.140.95.151 - - [14/Mar/2012:16:55:12 -0700] "GET /blog/wp-content/themes/cleanr/css/text.css HTTP/1.0" 200 420 "http://yuvi.in/blog/trip-to-kerala/" "Mozilla/5.0 (Windows NT 6.1; WOW64) AppleWebKit/535.11 (KHTML, like Gecko) Chrome/17.0.963.79 Safari/535.11"
14.140.95.151 - - [14/Mar/2012:16:55:12 -0700] "GET /blog/wp-content/themes/cleanr/css/reset.css HTTP/1.0" 200 648 "http://yuvi.in/blog/trip-to-kerala/" "Mozilla/5.0 (Windows NT 6.1; WOW64) AppleWebKit/535.11 (KHTML, like Gecko) Chrome/17.0.963.79 Safari/535.11"
14.140.95.151 - - [14/Mar/2012:16:55:12 -0700] "GET /blog/wp-content/themes/cleanr/css/960.css HTTP/1.0" 200 3628 "http://yuvi.in/blog/trip-to-kerala/" "Mozilla/5.0 (Windows NT 6.1; WOW64) AppleWebKit/535.11 (KHTML, like Gecko) Chrome/17.0.963.79 Safari/535.11"
14.140.95.151 - - [14/Mar/2012:16:55:12 -0700] "GET /blog/wp-includes/js/jquery/jquery.js?ver=1.7.1 HTTP/1.0" 200 93889 "http://yuvi.in/blog/trip-to-kerala/" "Mozilla/5.0 (Windows NT 6.1; WOW64) AppleWebKit/535.11 (KHTML, like Gecko) Chrome/17.0.963.79 Safari/535.11"
14.140.95.151 - - [14/Mar/2012:16:55:13 -0700] "GET /blog/wp-content/themes/cleanr/images/search_magnifier.gif HTTP/1.0" 200 394 "http://yuvi.in/blog/trip-to-kerala/" "Mozilla/5.0 (Windows NT 6.1; WOW64) AppleWebKit/535.11 (KHTML, like Gecko) Chrome/17.0.963.79 Safari/535.11"
14.140.95.151 - - [14/Mar/2012:16:55:19 -0700] "GET /favicon.ico HTTP/1.0" 404 571 "-" "Mozilla/5.0 (Windows NT 6.1; WOW64) AppleWebKit/535.11 (KHTML, like Gecko) Chrome/17.0.963.79 Safari/535.11"
85.17.88.169 - - [14/Mar/2012:16:55:24 -0700] "POST /blog/wp-cron.php?doing_wp_cron=1331769215 HTTP/1.0" 499 0 "-" "WordPress/3.3.1; http://yuvi.in/blog"
14.140.95.151 - - [14/Mar/2012:16:55:25 -0700] "GET /blog/trip-to-kerala/?cf_action=sync_comments&post_id=21 HTTP/1.0" 200 17 "http://yuvi.in/blog/trip-to-kerala/" "Mozilla/5.0 (Windows NT 6.1; WOW64) AppleWebKit/535.11 (KHTML, like Gecko) Chrome/17.0.963.79 Safari/535.11"
85.17.88.169 - - [14/Mar/2012:16:59:09 -0700] "POST /blog/wp-cron.php?doing_wp_cron=1331769440 HTTP/1.0" 499 0 "-" "WordPress/3.3.1; http://yuvi.in/blog"
180.76.5.177 - - [14/Mar/2012:16:59:10 -0700] "GET /blog/tag/travel/ HTTP/1.1" 200 4175 "-" "Mozilla/5.0 (compatible; Baiduspider/2.0; +http://www.baidu.com/search/spider.html)"
85.17.88.169 - - [14/Mar/2012:16:59:22 -0700] "POST /blog/wp-cron.php?doing_wp_cron=1331769452 HTTP/1.0" 499 0 "-" "WordPress/3.3.1; http://yuvi.in/blog"
209.85.224.81 - - [14/Mar/2012:16:59:23 -0700] "GET /blog/feed HTTP/1.1" 304 0 "-" "FeedBurner/1.0 (http://www.FeedBurner.com)"
69.171.224.245 - - [14/Mar/2012:16:59:28 -0700] "GET /r/1573 HTTP/1.1" 301 257 "-" "facebookexternalhit/1.1 (+http://www.facebook.com/externalhit_uatext.php)"
69.171.224.248 - - [14/Mar/2012:16:59:28 -0700] "GET /s/ta/1573/ HTTP/1.1" 302 489 "-" "facebookexternalhit/1.1 (+http://www.facebook.com/externalhit_uatext.php)"
85.17.88.169 - - [14/Mar/2012:17:06:08 -0700] "POST /blog/wp-cron.php?doing_wp_cron=1331769858 HTTP/1.0" 499 0 "-" "WordPress/3.3.1; http://yuvi.in/blog"
209.85.238.115 - - [14/Mar/2012:17:06:08 -0700] "GET /blog/feed/ HTTP/1.1" 304 0 "-" "Feedfetcher-Google; (+http://www.google.com/feedfetcher.html; 19 subscribers; feed-id=15064232456473204253)"
122.172.224.219 - - [14/Mar/2012:17:06:24 -0700] "-" 400 0 "-" "-"
122.172.224.219 - - [14/Mar/2012:17:07:44 -0700] "-" 400 0 "-" "-"
141.0.8.80 - - [14/Mar/2012:17:08:35 -0700] "-" 400 0 "-" "-"
141.0.8.80 - - [14/Mar/2012:17:08:35 -0700] "-" 400 0 "-" "-"
122.172.224.219 - - [14/Mar/2012:17:09:02 -0700] "-" 400 0 "-" "-"
209.85.224.82 - - [14/Mar/2012:17:09:35 -0700] "GET /stories/feed HTTP/1.1" 200 13653 "-" "FeedBurner/1.0 (http://www.FeedBurner.com)"
85.17.88.169 - - [14/Mar/2012:17:11:03 -0700] "POST /blog/wp-cron.php?doing_wp_cron=1331770153 HTTP/1.0" 499 0 "-" "WordPress/3.3.1; http://yuvi.in/blog"
101.226.33.187 - - [14/Mar/2012:17:11:03 -0700] "GET /blog/feed HTTP/1.0" 304 0 "-" "Mozilla/4.0 (compatible; Windows;)"
124.115.0.15 - - [14/Mar/2012:17:13:32 -0700] "GET / HTTP/1.1" 304 0 "-" "Sosospider+(+http://help.soso.com/webspider.htm)"
107.21.193.83 - - [14/Mar/2012:17:16:22 -0700] "GET /blog/why-i-moved-off-arch-on-my-netbook.html HTTP/1.1" 200 2546 "-" "Mozilla/5.0 (Macintosh; U; Intel Mac OS X 10.6; en-US; rv:1.9.2) Gecko/20100115 Firefox/3.6 (FlipboardProxy/1.1; +http://flipboard.com/browserproxy)"
85.17.88.169 - - [14/Mar/2012:17:19:37 -0700] "POST /blog/wp-cron.php?doing_wp_cron=1331770667 HTTP/1.0" 499 0 "-" "WordPress/3.3.1; http://yuvi.in/blog"
100.43.83.144 - - [14/Mar/2012:17:19:37 -0700] "GET /blog/2011/05/ HTTP/1.1" 200 8920 "-" "Mozilla/5.0 (compatible; YandexBot/3.0; +http://yandex.com/bots)"
209.85.224.96 - - [14/Mar/2012:17:29:38 -0700] "GET /blog/feed HTTP/1.1" 499 0 "-" "FeedBurner/1.0 (http://www.FeedBurner.com)"
85.17.88.169 - - [14/Mar/2012:17:29:40 -0700] "POST /blog/wp-cron.php?doing_wp_cron=1331771270 HTTP/1.0" 499 0 "-" "WordPress/3.3.1; http://yuvi.in/blog"
85.17.88.169 - - [14/Mar/2012:17:30:20 -0700] "POST /blog/wp-cron.php?doing_wp_cron=1331771310 HTTP/1.0" 499 0 "-" "WordPress/3.3.1; http://yuvi.in/blog"
209.85.238.115 - - [14/Mar/2012:17:30:20 -0700] "GET /blog/feed HTTP/1.1" 301 0 "-" "Feedfetcher-Google; (+http://www.google.com/feedfetcher.html; 3 subscribers; feed-id=17684830852112633560)"
183.178.85.181 - - [14/Mar/2012:17:30:21 -0700] "GET /blog/hello-world-again.html HTTP/1.1" 200 7971 "-" "Mozilla/4.0 (compatible; MSIE 5.5; Windows NT)"
85.17.88.169 - - [14/Mar/2012:17:30:22 -0700] "POST /blog/wp-cron.php?doing_wp_cron=1331771312 HTTP/1.0" 499 0 "-" "WordPress/3.3.1; http://yuvi.in/blog"
209.85.238.115 - - [14/Mar/2012:17:30:22 -0700] "GET /blog/feed/ HTTP/1.1" 304 0 "-" "Feedfetcher-Google; (+http://www.google.com/feedfetcher.html; 3 subscribers; feed-id=17684830852112633560)"
207.46.204.168 - - [14/Mar/2012:17:31:30 -0700] "-" 400 0 "-" "-"
207.46.204.168 - - [14/Mar/2012:17:31:32 -0700] "-" 400 0 "-" "-"
207.46.204.168 - - [14/Mar/2012:17:31:32 -0700] "-" 400 0 "-" "-"
207.46.204.168 - - [14/Mar/2012:17:31:32 -0700] "-" 400 0 "-" "-"
207.46.204.168 - - [14/Mar/2012:17:31:33 -0700] "-" 400 0 "-" "-"
207.46.204.168 - - [14/Mar/2012:17:31:33 -0700] "-" 400 0 "-" "-"
207.46.204.168 - - [14/Mar/2012:17:31:33 -0700] "-" 400 0 "-" "-"
207.46.204.168 - - [14/Mar/2012:17:31:34 -0700] "-" 400 0 "-" "-"
207.46.204.168 - - [14/Mar/2012:17:31:34 -0700] "-" 400 0 "-" "-"
207.46.204.168 - - [14/Mar/2012:17:31:54 -0700] "-" 400 0 "-" "-"
207.46.204.168 - - [14/Mar/2012:17:31:54 -0700] "-" 400 0 "-" "-"
175.158.29.208 - - [14/Mar/2012:17:32:49 -0700] "GET /robots.txt HTTP/1.1" 404 169 "-" "Yeti/1.0 (NHN Corp.; http://help.naver.com/robots/)"
85.17.88.169 - - [14/Mar/2012:17:32:51 -0700] "POST /blog/wp-cron.php?doing_wp_cron=1331771461 HTTP/1.0" 499 0 "-" "WordPress/3.3.1; http://yuvi.in/blog"
175.158.29.208 - - [14/Mar/2012:17:32:52 -0700] "GET /blog/category/code/ HTTP/1.1" 200 38696 "-" "Yeti/1.0 (NHN Corp.; http://help.naver.com/robots/)"
123.125.71.87 - - [14/Mar/2012:17:33:25 -0700] "GET /header.png HTTP/1.1" 200 14249 "-" "Baiduspider-image+(+http://www.baidu.com/search/spider.htm)"
85.17.88.169 - - [14/Mar/2012:17:33:35 -0700] "POST /blog/wp-cron.php?doing_wp_cron=1331771505 HTTP/1.0" 499 0 "-" "WordPress/3.3.1; http://yuvi.in/blog"
175.158.29.208 - - [14/Mar/2012:17:33:36 -0700] "GET /blog/ HTTP/1.1" 200 33094 "-" "Yeti/1.0 (NHN Corp.; http://help.naver.com/robots/)"
85.17.88.169 - - [14/Mar/2012:17:33:56 -0700] "POST /blog/wp-cron.php?doing_wp_cron=1331771526 HTTP/1.0" 499 0 "-" "WordPress/3.3.1; http://yuvi.in/blog"
66.249.69.74 - - [14/Mar/2012:17:33:57 -0700] "GET /blog/tag/anniversary/ HTTP/1.1" 200 4141 "-" "Mozilla/5.0 (compatible; Googlebot/2.1; +http://www.google.com/bot.html)"
85.17.88.169 - - [14/Mar/2012:17:34:09 -0700] "POST /blog/wp-cron.php?doing_wp_cron=1331771539 HTTP/1.0" 499 0 "-" "WordPress/3.3.1; http://yuvi.in/blog"
208.115.113.84 - - [14/Mar/2012:17:34:10 -0700] "GET /blog/devlog-december-11-2011/ HTTP/1.1" 200 16512 "-" "Mozilla/5.0 (compatible; Ezooms/1.0; ezooms.bot@gmail.com)"
208.115.113.84 - - [14/Mar/2012:17:34:15 -0700] "GET /blog/picks-from-autogenerated-freya-quotes-nsfw.html HTTP/1.1" 200 7319 "-" "Mozilla/5.0 (compatible; Ezooms/1.0; ezooms.bot@gmail.com)"
117.193.48.209 - - [14/Mar/2012:17:34:32 -0700] "GET /1.0.0/undefined/10/740/547.undefined HTTP/1.1" 404 142 "http://busroutes.in/chennai/route/21g/" "Opera/9.80 (Windows NT 6.1; U; en) Presto/2.10.229 Version/11.61"
175.158.29.202 - - [14/Mar/2012:17:35:08 -0700] "GET /blog/wp-content/themes/cleanr/style.css HTTP/1.1" 200 10508 "-" "Yeti/1.0 (NHN Corp.; http://help.naver.com/robots/)"
175.158.29.202 - - [14/Mar/2012:17:35:28 -0700] "GET /blog/wp-content/themes/cleanr/css/960.css HTTP/1.1" 200 3628 "-" "Yeti/1.0 (NHN Corp.; http://help.naver.com/robots/)"
175.158.29.202 - - [14/Mar/2012:17:35:48 -0700] "GET /blog/wp-content/themes/cleanr/css/text.css HTTP/1.1" 200 420 "-" "Yeti/1.0 (NHN Corp.; http://help.naver.com/robots/)"
175.158.29.202 - - [14/Mar/2012:17:36:08 -0700] "GET /blog/wp-content/themes/cleanr/css/reset.css HTTP/1.1" 200 648 "-" "Yeti/1.0 (NHN Corp.; http://help.naver.com/robots/)"
66.220.149.245 - - [14/Mar/2012:17:40:40 -0700] "GET /r/fnt HTTP/1.1" 301 255 "-" "facebookexternalhit/1.1 (+http://www.facebook.com/externalhit_uatext.php)"
66.220.149.251 - - [14/Mar/2012:17:40:40 -0700] "GET /s/ta/fnt/ HTTP/1.1" 302 445 "-" "facebookexternalhit/1.1 (+http://www.facebook.com/externalhit_uatext.php)"
85.17.88.169 - - [14/Mar/2012:17:41:30 -0700] "POST /blog/wp-cron.php?doing_wp_cron=1331771980 HTTP/1.0" 499 0 "-" "WordPress/3.3.1; http://yuvi.in/blog"
208.80.194.27 - - [14/Mar/2012:17:41:33 -0700] "GET /blog/ HTTP/1.0" 200 33142 "-" "Mozilla/4.0 (compatible; MSIE 6.0; Windows NT 5.1; SV1; AT&T CSM8.1; YPC 3.2.0)"
208.115.111.68 - - [14/Mar/2012:17:42:22 -0700] "GET /blog/-we-must-take-india-as-it-is-jules-verne.html HTTP/1.1" 200 8558 "-" "Mozilla/5.0 (compatible; Ezooms/1.0; ezooms.bot@gmail.com)"
85.17.88.169 - - [14/Mar/2012:17:42:25 -0700] "POST /blog/wp-cron.php?doing_wp_cron=1331772035 HTTP/1.0" 499 0 "-" "WordPress/3.3.1; http://yuvi.in/blog"
208.115.111.68 - - [14/Mar/2012:17:42:26 -0700] "GET /blog/2011/01/ HTTP/1.1" 200 23511 "-" "Mozilla/5.0 (compatible; Ezooms/1.0; ezooms.bot@gmail.com)"
85.17.88.169 - - [14/Mar/2012:17:42:27 -0700] "POST /blog/wp-cron.php?doing_wp_cron=1331772037 HTTP/1.0" 499 0 "-" "WordPress/3.3.1; http://yuvi.in/blog"
208.115.111.68 - - [14/Mar/2012:17:42:27 -0700] "GET /blog/devlog-december-5-2011/ HTTP/1.1" 200 17890 "-" "Mozilla/5.0 (compatible; Ezooms/1.0; ezooms.bot@gmail.com)"
208.115.111.68 - - [14/Mar/2012:17:42:34 -0700] "GET /blog/tag/fake-blog.html HTTP/1.1" 200 7007 "-" "Mozilla/5.0 (compatible; Ezooms/1.0; ezooms.bot@gmail.com)"
208.115.111.68 - - [14/Mar/2012:17:42:35 -0700] "GET /stories/emacs.html HTTP/1.1" 200 4452 "-" "Mozilla/5.0 (compatible; Ezooms/1.0; ezooms.bot@gmail.com)"
85.17.88.169 - - [14/Mar/2012:17:43:15 -0700] "POST /blog/wp-cron.php?doing_wp_cron=1331772085 HTTP/1.0" 499 0 "-" "WordPress/3.3.1; http://yuvi.in/blog"
180.76.5.148 - - [14/Mar/2012:17:43:16 -0700] "GET /blog/2010/01/ HTTP/1.1" 200 5764 "-" "Mozilla/5.0 (compatible; Baiduspider/2.0; +http://www.baidu.com/search/spider.html)"
85.17.88.169 - - [14/Mar/2012:17:43:33 -0700] "POST /blog/wp-cron.php?doing_wp_cron=1331772103 HTTP/1.0" 499 0 "-" "WordPress/3.3.1; http://yuvi.in/blog"
65.52.108.66 - - [14/Mar/2012:17:43:33 -0700] "GET /blog/2010/09/ HTTP/1.1" 200 6900 "-" "Mozilla/5.0 (compatible; bingbot/2.0; +http://www.bing.com/bingbot.htm)"
85.17.88.169 - - [14/Mar/2012:17:45:41 -0700] "POST /blog/wp-cron.php?doing_wp_cron=1331772231 HTTP/1.0" 499 0 "-" "WordPress/3.3.1; http://yuvi.in/blog"
180.76.5.65 - - [14/Mar/2012:17:45:44 -0700] "GET / HTTP/1.1" 200 3439 "-" "Mozilla/5.0 (compatible; Baiduspider/2.0; +http://www.baidu.com/search/spider.html)"
208.80.194.27 - - [14/Mar/2012:17:45:44 -0700] "GET /blog/program HTTP/1.0" 301 0 "-" "Mozilla/4.0 (compatible; MSIE 6.0; America Online Browser 1.1; rev1.5; Windows NT 5.1; SV1; .NET CLR 1.0.3705; .NET CLR 1.1.4322)"
85.17.88.169 - - [14/Mar/2012:17:45:48 -0700] "POST /blog/wp-cron.php?doing_wp_cron=1331772238 HTTP/1.0" 499 0 "-" "WordPress/3.3.1; http://yuvi.in/blog"
208.80.194.27 - - [14/Mar/2012:17:45:51 -0700] "GET /blog/program/ HTTP/1.0" 200 27214 "-" "Mozilla/4.0 (compatible; MSIE 7.0; America Online Browser 1.1; rev1.2; Windows NT 5.1; YPC 3.0.1; .NET CLR 1.1.4322; .NET CLR 2.0.50727)"
207.46.204.218 - - [14/Mar/2012:17:47:16 -0700] "-" 400 0 "-" "-"
207.46.204.218 - - [14/Mar/2012:17:47:16 -0700] "-" 400 0 "-" "-"
207.46.204.218 - - [14/Mar/2012:17:47:16 -0700] "-" 400 0 "-" "-"
207.46.204.218 - - [14/Mar/2012:17:47:16 -0700] "-" 400 0 "-" "-"
207.46.204.218 - - [14/Mar/2012:17:47:16 -0700] "-" 400 0 "-" "-"
207.46.204.218 - - [14/Mar/2012:17:47:16 -0700] "-" 400 0 "-" "-"
207.46.204.218 - - [14/Mar/2012:17:47:17 -0700] "-" 400 0 "-" "-"
207.46.204.218 - - [14/Mar/2012:17:47:17 -0700] "-" 400 0 "-" "-"
207.46.204.218 - - [14/Mar/2012:17:47:17 -0700] "-" 400 0 "-" "-"
207.46.12.73 - - [14/Mar/2012:17:47:20 -0700] "-" 400 0 "-" "-"
207.46.12.73 - - [14/Mar/2012:17:47:20 -0700] "-" 400 0 "-" "-"
207.46.12.73 - - [14/Mar/2012:17:47:20 -0700] "-" 400 0 "-" "-"
207.46.12.73 - - [14/Mar/2012:17:47:20 -0700] "-" 400 0 "-" "-"
207.46.12.73 - - [14/Mar/2012:17:47:20 -0700] "-" 400 0 "-" "-"
207.46.12.73 - - [14/Mar/2012:17:47:20 -0700] "-" 400 0 "-" "-"
207.46.12.73 - - [14/Mar/2012:17:47:21 -0700] "-" 400 0 "-" "-"
207.46.12.73 - - [14/Mar/2012:17:47:21 -0700] "-" 400 0 "-" "-"
207.46.12.73 - - [14/Mar/2012:17:47:21 -0700] "-" 400 0 "-" "-"
207.46.204.218 - - [14/Mar/2012:17:47:45 -0700] "-" 400 0 "-" "-"
207.46.204.218 - - [14/Mar/2012:17:47:58 -0700] "-" 400 0 "-" "-"
66.220.158.251 - - [14/Mar/2012:17:49:05 -0700] "GET /r/vpm HTTP/1.1" 301 255 "-" "facebookexternalhit/1.1 (+http://www.facebook.com/externalhit_uatext.php)"
66.220.158.247 - - [14/Mar/2012:17:49:05 -0700] "GET /s/ta/vpm/ HTTP/1.1" 302 637 "-" "facebookexternalhit/1.1 (+http://www.facebook.com/externalhit_uatext.php)"
85.17.88.169 - - [14/Mar/2012:17:49:42 -0700] "POST /blog/wp-cron.php?doing_wp_cron=1331772472 HTTP/1.0" 499 0 "-" "WordPress/3.3.1; http://yuvi.in/blog"
66.249.69.74 - - [14/Mar/2012:17:49:43 -0700] "GET /blog/category/uncategorized/ HTTP/1.1" 200 23025 "-" "Mozilla/5.0 (compatible; Googlebot/2.1; +http://www.google.com/bot.html)"
65.52.109.147 - - [14/Mar/2012:17:52:01 -0700] "GET /robots.txt HTTP/1.1" 404 169 "-" "Mozilla/5.0 (compatible; bingbot/2.0; +http://www.bing.com/bingbot.htm)"
84.202.67.127 - - [14/Mar/2012:17:52:27 -0700] "GET /blog/a-bigger-binary-heart.html HTTP/1.1" 200 2154 "http://www.google.com/imgres?um=1&hl=en&safe=off&sa=N&biw=1160&bih=996&tbm=isch&tbnid=zG_oyMQgH5_-GM:&imgrefurl=http://yuvi.in/blog/a-bigger-binary-heart.html&docid=xMWdMFbs60HlWM&imgurl=http://static.toondoo.com/public/r/a/j/rajendran/toons/cool-cartoon-897627.png&w=772&h=313&ei=FzxhT-nEA-3Q4QTj3cTTDg&zoom=1&iact=hc&vpx=582&vpy=343&dur=302&hovh=143&hovw=353&tx=208&ty=70&sig=113845506124477308447&page=1&tbnh=73&tbnw=180&start=0&ndsp=30&ved=1t:429,r:9,s:0" "Mozilla/5.0 (Windows NT 6.1; WOW64; rv:10.0.2) Gecko/20100101 Firefox/10.0.2"
84.202.67.127 - - [14/Mar/2012:17:52:28 -0700] "GET /blog/static/style.css HTTP/1.1" 200 4753 "http://yuvi.in/blog/a-bigger-binary-heart.html" "Mozilla/5.0 (Windows NT 6.1; WOW64; rv:10.0.2) Gecko/20100101 Firefox/10.0.2"
84.202.67.127 - - [14/Mar/2012:17:52:28 -0700] "GET /blog/static/codehilite.css HTTP/1.1" 200 4012 "http://yuvi.in/blog/a-bigger-binary-heart.html" "Mozilla/5.0 (Windows NT 6.1; WOW64; rv:10.0.2) Gecko/20100101 Firefox/10.0.2"
74.96.4.222 - - [14/Mar/2012:17:54:19 -0700] "GET /r/fnt HTTP/1.1" 301 255 "http://www.facebook.com/l.php?u=http%3A%2F%2Ftawp.in%2Fr%2Ffnt&h=HAQGDjCT0AQGsOJCSMnOZ3C1VszF7BHttqoGIPjwhWHNZrA" "Mozilla/5.0 (Windows NT 6.1; rv:10.0.2) Gecko/20100101 Firefox/10.0.2"
74.96.4.222 - - [14/Mar/2012:17:54:20 -0700] "GET /s/ta/fnt/ HTTP/1.1" 302 445 "http://www.facebook.com/l.php?u=http%3A%2F%2Ftawp.in%2Fr%2Ffnt&h=HAQGDjCT0AQGsOJCSMnOZ3C1VszF7BHttqoGIPjwhWHNZrA" "Mozilla/5.0 (Windows NT 6.1; rv:10.0.2) Gecko/20100101 Firefox/10.0.2"
85.17.88.169 - - [14/Mar/2012:17:58:59 -0700] "POST /blog/wp-cron.php?doing_wp_cron=1331773029 HTTP/1.0" 499 0 "-" "WordPress/3.3.1; http://yuvi.in/blog"
209.85.144.85 - - [14/Mar/2012:17:59:00 -0700] "GET /blog/feed HTTP/1.1" 301 0 "-" "FeedBurner/1.0 (http://www.FeedBurner.com)"
85.17.88.169 - - [14/Mar/2012:17:59:02 -0700] "POST /blog/wp-cron.php?doing_wp_cron=1331773032 HTTP/1.0" 499 0 "-" "WordPress/3.3.1; http://yuvi.in/blog"
209.85.144.85 - - [14/Mar/2012:17:59:02 -0700] "GET /blog/feed/ HTTP/1.1" 200 6675 "-" "FeedBurner/1.0 (http://www.FeedBurner.com)"
85.17.88.169 - - [14/Mar/2012:17:59:06 -0700] "POST /blog/wp-cron.php?doing_wp_cron=1331773035 HTTP/1.0" 499 0 "-" "WordPress/3.3.1; http://yuvi.in/blog"
209.85.224.97 - - [14/Mar/2012:17:59:06 -0700] "GET /blog/feed HTTP/1.1" 304 0 "-" "FeedBurner/1.0 (http://www.FeedBurner.com)"
85.17.88.169 - - [14/Mar/2012:17:59:20 -0700] "POST /blog/wp-cron.php?doing_wp_cron=1331773050 HTTP/1.0" 499 0 "-" "WordPress/3.3.1; http://yuvi.in/blog"
50.19.25.234 - - [14/Mar/2012:17:59:20 -0700] "GET /blog/what-stop-child-athiest/ HTTP/1.1" 200 5573 "-" "Mozilla/5.0 (Macintosh; U; Intel Mac OS X 10.6; en-US; rv:1.9.2) Gecko/20100115 Firefox/3.6 (FlipboardProxy/1.1; +http://flipboard.com/browserproxy)"
66.249.69.74 - - [14/Mar/2012:17:59:22 -0700] "GET /blog HTTP/1.1" 301 178 "-" "Mozilla/5.0 (compatible; Googlebot/2.1; +http://www.google.com/bot.html)"
66.249.69.74 - - [14/Mar/2012:17:59:23 -0700] "GET /blog/ HTTP/1.1" 200 9194 "-" "Mozilla/5.0 (compatible; Googlebot/2.1; +http://www.google.com/bot.html)"
85.17.88.169 - - [14/Mar/2012:17:59:26 -0700] "POST /blog/wp-cron.php?doing_wp_cron=1331773056 HTTP/1.0" 499 0 "-" "WordPress/3.3.1; http://yuvi.in/blog"
66.249.69.74 - - [14/Mar/2012:17:59:26 -0700] "GET /blog/feed/atom/ HTTP/1.1" 304 0 "-" "Mozilla/5.0 (compatible; Googlebot/2.1; +http://www.google.com/bot.html)"
207.46.12.73 - - [14/Mar/2012:18:00:39 -0700] "-" 400 0 "-" "-"
207.46.12.73 - - [14/Mar/2012:18:00:41 -0700] "-" 400 0 "-" "-"
207.46.12.73 - - [14/Mar/2012:18:00:41 -0700] "-" 400 0 "-" "-"
207.46.12.73 - - [14/Mar/2012:18:00:41 -0700] "-" 400 0 "-" "-"
207.46.12.73 - - [14/Mar/2012:18:00:42 -0700] "-" 400 0 "-" "-"
207.46.12.73 - - [14/Mar/2012:18:00:42 -0700] "-" 400 0 "-" "-"
207.46.12.73 - - [14/Mar/2012:18:00:42 -0700] "-" 400 0 "-" "-"
207.46.12.73 - - [14/Mar/2012:18:00:43 -0700] "-" 400 0 "-" "-"
207.46.12.73 - - [14/Mar/2012:18:00:43 -0700] "-" 400 0 "-" "-"
207.46.12.73 - - [14/Mar/2012:18:00:43 -0700] "-" 400 0 "-" "-"
125.22.199.2 - - [14/Mar/2012:18:01:00 -0700] "-" 400 0 "-" "-"
207.46.12.73 - - [14/Mar/2012:18:01:26 -0700] "-" 400 0 "-" "-"
125.22.199.2 - - [14/Mar/2012:18:02:00 -0700] "-" 400 0 "-" "-"
193.164.138.35 - - [14/Mar/2012:18:04:22 -0700] "GET /blog/the-end-of-gsoc-2010.html HTTP/1.1" 200 6215 "-" "Zemanta Aggregator/0.7 +http://www.zemanta.com"
66.249.69.74 - - [14/Mar/2012:18:07:05 -0700] "GET /blog/new-email-id.html HTTP/1.1" 200 2049 "-" "Mozilla/5.0 (compatible; Googlebot/2.1; +http://www.google.com/bot.html)"
209.85.224.87 - - [14/Mar/2012:18:09:39 -0700] "GET /stories/feed HTTP/1.1" 200 13653 "-" "FeedBurner/1.0 (http://www.FeedBurner.com)"
208.80.194.27 - - [14/Mar/2012:18:10:07 -0700] "GET /blog/program/ HTTP/1.0" 200 27234 "-" "Mozilla/4.0 (compatible; MSIE 6.0; America Online Browser 1.1; rev1.2; Windows NT 5.1; SV1; ga=MDAxM2Q0MWNmZjE2; SIMBAR Enabled; SIMBAR={5237D847-6174-4f84-A951-715FD05F9130}; .NET CLR 1.0.3705; .NET CLR 1.1.4322; Media Center PC 4.0; .NET CLR 2.0.50727)"
208.80.194.27 - - [14/Mar/2012:18:11:28 -0700] "GET /blog/program/ HTTP/1.0" 200 27234 "-" "Mozilla/4.0 (compatible; MSIE 6.0; Windows NT 5.1; SV1; .NET CLR 1.0.3705; .NET CLR 1.1.4322; Media Center PC 4.0; Crazy Browser 2.0.1)"
209.85.238.115 - - [14/Mar/2012:18:13:57 -0700] "GET /blog/feed/ HTTP/1.1" 200 6694 "-" "Feedfetcher-Google; (+http://www.google.com/feedfetcher.html; 19 subscribers; feed-id=15064232456473204253)"
94.228.34.212 - - [14/Mar/2012:18:13:58 -0700] "GET /blog/ HTTP/1.1" 200 9194 "-" "magpie-crawler/1.1 (U; Linux amd64; en-GB; +http://www.brandwatch.net)"
85.17.88.169 - - [14/Mar/2012:18:16:08 -0700] "POST /blog/wp-cron.php?doing_wp_cron=1331774058 HTTP/1.0" 499 0 "-" "WordPress/3.3.1; http://yuvi.in/blog"
85.17.88.169 - - [14/Mar/2012:18:16:59 -0700] "POST /blog/wp-cron.php?doing_wp_cron=1331774109 HTTP/1.0" 499 0 "-" "WordPress/3.3.1; http://yuvi.in/blog"
65.52.104.21 - - [14/Mar/2012:18:17:00 -0700] "GET /blog/code-ive-written-so-far/ HTTP/1.1" 200 5083 "-" "Mozilla/5.0 (compatible; bingbot/2.0; +http://www.bing.com/bingbot.htm)"
67.215.230.27 - - [14/Mar/2012:18:24:16 -0700] "GET /robots.txt HTTP/1.0" 404 169 "-" "Setooz/Nutch-1.2 (http://www.setooz.com)"
67.215.230.27 - - [14/Mar/2012:18:24:16 -0700] "GET /stories HTTP/1.0" 301 185 "-" "Setooz/Nutch-1.2 (http://www.setooz.com)"
67.215.230.26 - - [14/Mar/2012:18:24:21 -0700] "GET /robots.txt HTTP/1.0" 404 169 "-" "Setooz/Nutch-1.2 (http://www.setooz.com)"
67.215.230.26 - - [14/Mar/2012:18:24:21 -0700] "GET / HTTP/1.0" 200 3439 "-" "Setooz/Nutch-1.2 (http://www.setooz.com)"
180.76.5.57 - - [14/Mar/2012:18:25:31 -0700] "GET /blog/devlog-jan-2011.html HTTP/1.1" 200 4720 "-" "Mozilla/5.0 (compatible; Baiduspider/2.0; +http://www.baidu.com/search/spider.html)"
66.249.69.74 - - [14/Mar/2012:18:27:02 -0700] "GET /blog/first-binary-dream.html HTTP/1.1" 200 2546 "-" "Mozilla/5.0 (compatible; Googlebot/2.1; +http://www.google.com/bot.html)"
207.46.12.74 - - [14/Mar/2012:18:28:56 -0700] "-" 400 0 "-" "-"
207.46.12.74 - - [14/Mar/2012:18:29:01 -0700] "-" 400 0 "-" "-"
207.46.12.74 - - [14/Mar/2012:18:29:01 -0700] "-" 400 0 "-" "-"
207.46.12.74 - - [14/Mar/2012:18:29:01 -0700] "-" 400 0 "-" "-"
207.46.12.74 - - [14/Mar/2012:18:29:01 -0700] "-" 400 0 "-" "-"
207.46.12.74 - - [14/Mar/2012:18:29:02 -0700] "-" 400 0 "-" "-"
207.46.12.74 - - [14/Mar/2012:18:29:02 -0700] "-" 400 0 "-" "-"
207.46.12.74 - - [14/Mar/2012:18:29:03 -0700] "-" 400 0 "-" "-"
207.46.12.74 - - [14/Mar/2012:18:29:03 -0700] "-" 400 0 "-" "-"
207.46.12.74 - - [14/Mar/2012:18:29:03 -0700] "-" 400 0 "-" "-"
207.46.12.74 - - [14/Mar/2012:18:29:30 -0700] "-" 400 0 "-" "-"
85.17.88.169 - - [14/Mar/2012:18:29:49 -0700] "POST /blog/wp-cron.php?doing_wp_cron=1331774879 HTTP/1.0" 499 0 "-" "WordPress/3.3.1; http://yuvi.in/blog"
209.85.144.83 - - [14/Mar/2012:18:29:50 -0700] "GET /blog/feed HTTP/1.1" 304 0 "-" "FeedBurner/1.0 (http://www.FeedBurner.com)"
69.171.234.1 - - [14/Mar/2012:18:31:52 -0700] "GET /r/heh HTTP/1.1" 301 255 "-" "facebookexternalhit/1.1 (+http://www.facebook.com/externalhit_uatext.php)"
69.171.234.5 - - [14/Mar/2012:18:31:52 -0700] "GET /s/ta/heh/ HTTP/1.1" 302 549 "-" "facebookexternalhit/1.1 (+http://www.facebook.com/externalhit_uatext.php)"
117.193.162.52 - - [14/Mar/2012:18:32:58 -0700] "-" 400 0 "-" "-"
117.193.162.52 - - [14/Mar/2012:18:33:49 -0700] "-" 400 0 "-" "-"
207.46.12.73 - - [14/Mar/2012:18:33:54 -0700] "-" 400 0 "-" "-"
207.46.12.73 - - [14/Mar/2012:18:34:00 -0700] "-" 400 0 "-" "-"
207.46.12.73 - - [14/Mar/2012:18:34:02 -0700] "-" 400 0 "-" "-"
207.46.12.73 - - [14/Mar/2012:18:34:03 -0700] "-" 400 0 "-" "-"
207.46.12.73 - - [14/Mar/2012:18:34:06 -0700] "-" 400 0 "-" "-"
207.46.12.73 - - [14/Mar/2012:18:34:06 -0700] "-" 400 0 "-" "-"
207.46.12.73 - - [14/Mar/2012:18:34:08 -0700] "-" 400 0 "-" "-"
207.46.12.73 - - [14/Mar/2012:18:34:09 -0700] "-" 400 0 "-" "-"
207.46.12.73 - - [14/Mar/2012:18:34:09 -0700] "-" 400 0 "-" "-"
207.46.12.73 - - [14/Mar/2012:18:34:11 -0700] "-" 400 0 "-" "-"
117.193.162.52 - - [14/Mar/2012:18:34:48 -0700] "-" 400 0 "-" "-"
117.193.162.52 - - [14/Mar/2012:18:34:48 -0700] "-" 400 0 "-" "-"
117.193.162.52 - - [14/Mar/2012:18:34:48 -0700] "-" 400 0 "-" "-"
117.193.162.52 - - [14/Mar/2012:18:34:48 -0700] "-" 400 0 "-" "-"
85.17.88.169 - - [14/Mar/2012:18:36:20 -0700] "POST /blog/wp-cron.php?doing_wp_cron=1331775270 HTTP/1.0" 499 0 "-" "WordPress/3.3.1; http://yuvi.in/blog"
209.85.238.115 - - [14/Mar/2012:18:36:20 -0700] "GET /blog/feed HTTP/1.1" 301 0 "-" "Feedfetcher-Google; (+http://www.google.com/feedfetcher.html; 3 subscribers; feed-id=17684830852112633560)"
209.85.238.115 - - [14/Mar/2012:18:36:21 -0700] "GET /blog/feed/ HTTP/1.1" 200 6694 "-" "Feedfetcher-Google; (+http://www.google.com/feedfetcher.html; 3 subscribers; feed-id=17684830852112633560)"
117.193.162.52 - - [14/Mar/2012:18:37:38 -0700] "-" 400 0 "-" "-"
117.193.162.52 - - [14/Mar/2012:18:37:39 -0700] "-" 400 0 "-" "-"
117.193.162.52 - - [14/Mar/2012:18:37:39 -0700] "-" 400 0 "-" "-"
69.196.241.254 - - [14/Mar/2012:18:37:41 -0700] "GET /blog/what-stop-child-athiest/ HTTP/1.1" 200 21156 "-" "Jakarta Commons-HttpClient/3.1"
220.181.108.90 - - [14/Mar/2012:18:38:06 -0700] "GET / HTTP/1.1" 200 3439 "-" "Mozilla/5.0 (compatible; Baiduspider/2.0; +http://www.baidu.com/search/spider.html)"
85.17.88.169 - - [14/Mar/2012:18:39:53 -0700] "POST /blog/wp-cron.php?doing_wp_cron=1331775483 HTTP/1.0" 499 0 "-" "WordPress/3.3.1; http://yuvi.in/blog"
65.52.109.151 - - [14/Mar/2012:18:39:54 -0700] "GET /blog/attraction-or-admiration/ HTTP/1.1" 200 4396 "-" "Mozilla/5.0 (compatible; bingbot/2.0; +http://www.bing.com/bingbot.htm)"
66.249.69.74 - - [14/Mar/2012:18:44:52 -0700] "GET /blog/things-i-need-time-to-do.html HTTP/1.1" 200 2509 "-" "Mozilla/5.0 (compatible; Googlebot/2.1; +http://www.google.com/bot.html)"
117.193.70.52 - - [14/Mar/2012:18:47:23 -0700] "-" 400 0 "-" "-"
122.164.155.38 - - [14/Mar/2012:18:48:40 -0700] "-" 400 0 "-" "-"
122.164.155.38 - - [14/Mar/2012:18:48:40 -0700] "-" 400 0 "-" "-"
122.164.155.38 - - [14/Mar/2012:18:48:40 -0700] "-" 400 0 "-" "-"
122.164.155.38 - - [14/Mar/2012:18:48:40 -0700] "-" 400 0 "-" "-"
117.193.70.52 - - [14/Mar/2012:18:49:53 -0700] "-" 400 0 "-" "-"
117.193.49.254 - - [14/Mar/2012:18:52:28 -0700] "-" 400 0 "-" "-"
117.193.70.52 - - [14/Mar/2012:18:54:49 -0700] "-" 400 0 "-" "-"
209.85.224.96 - - [14/Mar/2012:18:59:58 -0700] "GET /blog/feed HTTP/1.1" 304 0 "-" "FeedBurner/1.0 (http://www.FeedBurner.com)"
66.249.69.139 - - [14/Mar/2012:19:00:30 -0700] "GET /r/2gav%3E HTTP/1.1" 301 263 "-" "Mozilla/5.0 (compatible; Googlebot/2.1; +http://www.google.com/bot.html)"
66.249.69.139 - - [14/Mar/2012:19:00:31 -0700] "GET /s/ta/2gav%3E/ HTTP/1.1" 502 173 "-" "Mozilla/5.0 (compatible; Googlebot/2.1; +http://www.google.com/bot.html)"
66.249.69.74 - - [14/Mar/2012:19:01:25 -0700] "GET /robots.txt HTTP/1.1" 404 142 "-" "Mozilla/5.0 (compatible; Googlebot/2.1; +http://www.google.com/bot.html)"
66.249.69.74 - - [14/Mar/2012:19:01:26 -0700] "GET /blog/how-i-spent-the-day-today.html HTTP/1.1" 200 2962 "-" "Mozilla/5.0 (compatible; Googlebot/2.1; +http://www.google.com/bot.html)"
157.55.112.199 - - [14/Mar/2012:19:04:36 -0700] "-" 400 0 "-" "-"
157.55.112.199 - - [14/Mar/2012:19:04:36 -0700] "-" 400 0 "-" "-"
157.55.112.199 - - [14/Mar/2012:19:04:36 -0700] "-" 400 0 "-" "-"
157.55.112.199 - - [14/Mar/2012:19:04:36 -0700] "-" 400 0 "-" "-"
157.55.112.199 - - [14/Mar/2012:19:04:36 -0700] "-" 400 0 "-" "-"
157.55.112.199 - - [14/Mar/2012:19:04:36 -0700] "-" 400 0 "-" "-"
157.55.112.199 - - [14/Mar/2012:19:04:36 -0700] "-" 400 0 "-" "-"
157.55.112.199 - - [14/Mar/2012:19:04:36 -0700] "-" 400 0 "-" "-"
157.55.112.199 - - [14/Mar/2012:19:04:36 -0700] "-" 400 0 "-" "-"
157.55.112.199 - - [14/Mar/2012:19:04:36 -0700] "-" 400 0 "-" "-"
157.55.112.199 - - [14/Mar/2012:19:05:08 -0700] "-" 400 0 "-" "-"
139.18.2.59 - - [14/Mar/2012:19:07:16 -0700] "HEAD / HTTP/1.1" 200 0 "-" "-"
85.17.88.169 - - [14/Mar/2012:19:07:42 -0700] "POST /blog/wp-cron.php?doing_wp_cron=1331777151 HTTP/1.0" 499 0 "-" "WordPress/3.3.1; http://yuvi.in/blog"
187.57.225.77 - - [14/Mar/2012:19:07:44 -0700] "GET /blog/category/devlog/ HTTP/1.1" 200 43222 "-" "Mozilla/5.0 (compatible; Googlebot/2.1; +http://www.google.com/bot.html)"
14.96.91.145 - - [14/Mar/2012:19:07:49 -0700] "GET /MadamHut/r/Unassessed_India_articles HTTP/1.1" 301 293 "-" "Mozilla/5.0 (Macintosh; Intel Mac OS X 10_7_3) AppleWebKit/535.11 (KHTML, like Gecko) Chrome/17.0.963.79 Safari/535.11"
14.96.91.145 - - [14/Mar/2012:19:07:50 -0700] "GET /r/Unassessed_India_articles/ HTTP/1.1" 404 199 "-" "Mozilla/5.0 (Macintosh; Intel Mac OS X 10_7_3) AppleWebKit/535.11 (KHTML, like Gecko) Chrome/17.0.963.79 Safari/535.11"
14.96.91.145 - - [14/Mar/2012:19:07:50 -0700] "GET /favicon.ico HTTP/1.1" 404 199 "-" "Mozilla/5.0 (Macintosh; Intel Mac OS X 10_7_3) AppleWebKit/535.11 (KHTML, like Gecko) Chrome/17.0.963.79 Safari/535.11"
14.96.91.145 - - [14/Mar/2012:19:07:57 -0700] "GET /MadamHut/r/Unassessed_India_articles/ HTTP/1.1" 302 285 "-" "Mozilla/5.0 (Macintosh; Intel Mac OS X 10_7_3) AppleWebKit/535.11 (KHTML, like Gecko) Chrome/17.0.963.79 Safari/535.11"
220.181.108.118 - - [14/Mar/2012:19:08:25 -0700] "GET /blog/more-effects-for-cheese.html HTTP/1.1" 200 2311 "-" "Mozilla/5.0 (compatible; Baiduspider/2.0; +http://www.baidu.com/search/spider.html)"
14.96.91.145 - - [14/Mar/2012:19:08:45 -0700] "GET /MadamHut/r/Unassessed_India_articles/ HTTP/1.1" 302 281 "http://www.mediawiki.org/wiki/User:Yuvipanda/common.js" "Mozilla/5.0 (Macintosh; Intel Mac OS X 10_7_3) AppleWebKit/535.11 (KHTML, like Gecko) Chrome/17.0.963.79 Safari/535.11"
74.125.126.82 - - [14/Mar/2012:19:08:50 -0700] "GET /favicon.ico HTTP/1.1" 404 211 "-" "-"
14.96.91.145 - - [14/Mar/2012:19:09:02 -0700] "-" 400 0 "-" "-"
14.96.91.145 - - [14/Mar/2012:19:09:03 -0700] "-" 400 0 "-" "-"
14.96.91.145 - - [14/Mar/2012:19:09:03 -0700] "-" 400 0 "-" "-"
14.96.91.145 - - [14/Mar/2012:19:09:03 -0700] "-" 400 0 "-" "-"
14.96.91.145 - - [14/Mar/2012:19:09:03 -0700] "-" 400 0 "-" "-"
180.76.5.143 - - [14/Mar/2012:19:09:33 -0700] "GET / HTTP/1.1" 304 0 "-" "Mozilla/5.0 (compatible; Baiduspider/2.0; +http://www.baidu.com/search/spider.html)"
209.85.224.92 - - [14/Mar/2012:19:09:40 -0700] "GET /stories/feed HTTP/1.1" 200 13653 "-" "FeedBurner/1.0 (http://www.FeedBurner.com)"
117.193.69.144 - - [14/Mar/2012:19:10:48 -0700] "-" 400 0 "-" "-"
117.193.69.144 - - [14/Mar/2012:19:11:01 -0700] "-" 400 0 "-" "-"
85.17.88.169 - - [14/Mar/2012:19:12:29 -0700] "POST /blog/wp-cron.php?doing_wp_cron=1331777438 HTTP/1.0" 499 0 "-" "WordPress/3.3.1; http://yuvi.in/blog"
94.102.150.50 - - [14/Mar/2012:19:12:29 -0700] "GET /blog/feed/atom/ HTTP/1.1" 304 0 "-" "SocialSearcher/0.1  Mozilla/5.0"
65.52.109.147 - - [14/Mar/2012:19:12:40 -0700] "GET /chennai/ HTTP/1.1" 404 142 "-" "Mozilla/5.0 (compatible; bingbot/2.0; +http://www.bing.com/bingbot.htm)"
85.17.88.169 - - [14/Mar/2012:19:13:25 -0700] "POST /blog/wp-cron.php?doing_wp_cron=1331777495 HTTP/1.0" 499 0 "-" "WordPress/3.3.1; http://yuvi.in/blog"
180.76.5.97 - - [14/Mar/2012:19:13:26 -0700] "GET /blog/2010/07/12/ HTTP/1.1" 200 4321 "-" "Mozilla/5.0 (compatible; Baiduspider/2.0; +http://www.baidu.com/search/spider.html)"
130.83.167.153 - - [14/Mar/2012:19:14:12 -0700] "GET /stories/tag/senses.html HTTP/1.1" 200 1994 "-" "findlinks/2.1.5 (+http://wortschatz.uni-leipzig.de/findlinks/)"
220.255.1.251 - - [14/Mar/2012:19:14:18 -0700] "GET /r/12g6 HTTP/1.1" 301 257 "http://ta.wikipedia.org/wiki/%E0%AE%AE%E0%AF%82%E0%AE%B2%E0%AE%AE%E0%AF%8D_(%E0%AE%A8%E0%AF%8B%E0%AE%AF%E0%AF%8D)" "Mozilla/5.0 (Windows NT 5.1; rv:10.0.2) Gecko/20100101 Firefox/10.0.2"
220.255.1.251 - - [14/Mar/2012:19:14:19 -0700] "GET /s/ta/12g6/ HTTP/1.1" 302 385 "http://ta.wikipedia.org/wiki/%E0%AE%AE%E0%AF%82%E0%AE%B2%E0%AE%AE%E0%AF%8D_(%E0%AE%A8%E0%AF%8B%E0%AE%AF%E0%AF%8D)" "Mozilla/5.0 (Windows NT 5.1; rv:10.0.2) Gecko/20100101 Firefox/10.0.2"
220.255.1.37 - - [14/Mar/2012:19:14:30 -0700] "-" 400 0 "-" "-"
66.249.69.74 - - [14/Mar/2012:19:18:23 -0700] "GET /blog/tag/funny.html HTTP/1.1" 200 2462 "-" "Mozilla/5.0 (compatible; Googlebot/2.1; +http://www.google.com/bot.html)"
85.17.88.169 - - [14/Mar/2012:19:20:05 -0700] "POST /blog/wp-cron.php?doing_wp_cron=1331777894 HTTP/1.0" 499 0 "-" "WordPress/3.3.1; http://yuvi.in/blog"
97.117.96.3 - - [14/Mar/2012:19:20:05 -0700] "GET /blog/favicon.ico HTTP/1.1" 404 3016 "-" "Mozilla/5.0 (Windows NT 5.1; rv:11.0) Gecko/20100101 Firefox/11.0"
117.193.69.144 - - [14/Mar/2012:19:21:17 -0700] "-" 400 0 "-" "-"
85.17.88.169 - - [14/Mar/2012:19:21:34 -0700] "POST /blog/wp-cron.php?doing_wp_cron=1331777984 HTTP/1.0" 499 0 "-" "WordPress/3.3.1; http://yuvi.in/blog"
207.46.12.162 - - [14/Mar/2012:19:21:34 -0700] "GET /blog/passing-headers-proxying-nginx/ HTTP/1.1" 200 4281 "-" "Mozilla/4.0 (compatible; MSIE 7.0; Windows NT 5.1;  SV1;  .NET CLR 1.1.4322;  .NET CLR 2.0.40607;  .NET CLR 3.0.30729;  .NET CLR 3.5.30707;  InfoPath.2)"
207.46.12.162 - - [14/Mar/2012:19:21:37 -0700] "GET /blog/wp-content/themes/cleanr/style.css HTTP/1.1" 200 10508 "http://yuvi.in/blog/passing-headers-proxying-nginx/" "Mozilla/4.0 (compatible; MSIE 7.0; Windows NT 5.1;  SV1;  .NET CLR 1.1.4322;  .NET CLR 2.0.40607;  .NET CLR 3.0.30729;  .NET CLR 3.5.30707;  InfoPath.2)"
207.46.12.162 - - [14/Mar/2012:19:21:38 -0700] "GET /blog/wp-content/themes/cleanr/css/ie.css HTTP/1.1" 200 390 "http://yuvi.in/blog/passing-headers-proxying-nginx/" "Mozilla/4.0 (compatible; MSIE 7.0; Windows NT 5.1;  SV1;  .NET CLR 1.1.4322;  .NET CLR 2.0.40607;  .NET CLR 3.0.30729;  .NET CLR 3.5.30707;  InfoPath.2)"
207.46.12.162 - - [14/Mar/2012:19:21:38 -0700] "GET /blog/wp-content/themes/cleanr/css/reset.css HTTP/1.1" 200 648 "http://yuvi.in/blog/passing-headers-proxying-nginx/" "Mozilla/4.0 (compatible; MSIE 7.0; Windows NT 5.1;  SV1;  .NET CLR 1.1.4322;  .NET CLR 2.0.40607;  .NET CLR 3.0.30729;  .NET CLR 3.5.30707;  InfoPath.2)"
