69.171.224.244 - - [19/Mar/2012:22:23:51 -0700] "GET /s/ta/1eg5/ HTTP/1.1" 302 337 "-" "facebookexternalhit/1.1 (+http://www.facebook.com/externalhit_uatext.php)"
117.193.174.53 - - [19/Mar/2012:22:23:56 -0700] "-" 400 0 "-" "-"
69.171.228.247 - - [19/Mar/2012:22:25:47 -0700] "GET /r/1573 HTTP/1.1" 301 257 "-" "facebookexternalhit/1.1 (+http://www.facebook.com/externalhit_uatext.php)"
69.171.228.248 - - [19/Mar/2012:22:25:47 -0700] "GET /s/ta/1573/ HTTP/1.1" 302 489 "-" "facebookexternalhit/1.1 (+http://www.facebook.com/externalhit_uatext.php)"
117.193.121.105 - - [19/Mar/2012:22:26:32 -0700] "-" 400 0 "-" "-"
117.193.121.105 - - [19/Mar/2012:22:26:32 -0700] "-" 400 0 "-" "-"
117.193.121.105 - - [19/Mar/2012:22:26:32 -0700] "-" 400 0 "-" "-"
117.193.121.105 - - [19/Mar/2012:22:26:32 -0700] "-" 400 0 "-" "-"
117.230.135.153 - - [19/Mar/2012:22:27:21 -0700] "GET /r/2ng7 HTTP/1.1" 301 257 "http://ta.wikipedia.org/wiki/%E0%AE%95%E0%AF%82%E0%AE%9F%E0%AE%99%E0%AF%8D%E0%AE%95%E0%AF%81%E0%AE%B3%E0%AE%AE%E0%AF%8D_%E0%AE%85%E0%AE%A3%E0%AF%81_%E0%AE%86%E0%AE%B2%E0%AF%88%E0%AE%95%E0%AF%8D%E0%AE%95%E0%AF%81_%E0%AE%8E%E0%AE%A4%E0%AE%BF%E0%AE%B0%E0%AE%BE%E0%AE%A9_%E0%AE%AA%E0%AF%8B%E0%AE%B0%E0%AE%BE%E0%AE%9F%E0%AF%8D%E0%AE%9F%E0%AE%AE%E0%AF%8D" "Mozilla/5.0 (Windows NT 6.1; rv:2.0b11) Gecko/20100101 Firefox/4.0b11"
117.230.135.153 - - [19/Mar/2012:22:27:22 -0700] "GET /s/ta/2ng7/ HTTP/1.1" 302 701 "http://ta.wikipedia.org/wiki/%E0%AE%95%E0%AF%82%E0%AE%9F%E0%AE%99%E0%AF%8D%E0%AE%95%E0%AF%81%E0%AE%B3%E0%AE%AE%E0%AF%8D_%E0%AE%85%E0%AE%A3%E0%AF%81_%E0%AE%86%E0%AE%B2%E0%AF%88%E0%AE%95%E0%AF%8D%E0%AE%95%E0%AF%81_%E0%AE%8E%E0%AE%A4%E0%AE%BF%E0%AE%B0%E0%AE%BE%E0%AE%A9_%E0%AE%AA%E0%AF%8B%E0%AE%B0%E0%AE%BE%E0%AE%9F%E0%AF%8D%E0%AE%9F%E0%AE%AE%E0%AF%8D" "Mozilla/5.0 (Windows NT 6.1; rv:2.0b11) Gecko/20100101 Firefox/4.0b11"
141.0.9.197 - - [19/Mar/2012:22:27:27 -0700] "-" 400 0 "-" "-"
117.193.121.105 - - [19/Mar/2012:22:27:42 -0700] "-" 400 0 "-" "-"
117.193.121.105 - - [19/Mar/2012:22:27:42 -0700] "-" 400 0 "-" "-"
117.193.121.105 - - [19/Mar/2012:22:27:42 -0700] "-" 400 0 "-" "-"
117.193.121.105 - - [19/Mar/2012:22:27:42 -0700] "-" 400 0 "-" "-"
91.210.104.31 - - [19/Mar/2012:22:29:15 -0700] "GET /blog/ HTTP/1.0" 200 33162 "http://yuvi.in/blog/" "Mozilla/4.0 (compatible; MSIE 6.0; Windows NT 5.1; SV1; InfoPath.1"
85.17.88.169 - - [19/Mar/2012:22:29:48 -0700] "POST /blog/wp-cron.php?doing_wp_cron=1332221237 HTTP/1.0" 499 0 "-" "WordPress/3.3.1; http://yuvi.in/blog"
180.76.5.149 - - [19/Mar/2012:22:29:49 -0700] "GET /blog/dokuwiki-plugin-to-easily-embed-gists/feed/ HTTP/1.1" 200 801 "-" "Mozilla/5.0 (compatible; Baiduspider/2.0; +http://www.baidu.com/search/spider.html)"
65.52.104.89 - - [19/Mar/2012:22:30:15 -0700] "GET /s/ta/1fek/ HTTP/1.1" 302 503 "-" "Mozilla/5.0 (compatible; bingbot/2.0; +http://www.bing.com/bingbot.htm)"
69.171.234.6 - - [19/Mar/2012:22:30:16 -0700] "GET /r/1x7m HTTP/1.1" 301 257 "-" "facebookexternalhit/1.1 (+http://www.facebook.com/externalhit_uatext.php)"
69.171.234.1 - - [19/Mar/2012:22:30:16 -0700] "GET /s/ta/1x7m/ HTTP/1.1" 302 513 "-" "facebookexternalhit/1.1 (+http://www.facebook.com/externalhit_uatext.php)"
157.55.112.205 - - [19/Mar/2012:22:32:19 -0700] "-" 400 0 "-" "-"
157.55.112.205 - - [19/Mar/2012:22:32:26 -0700] "-" 400 0 "-" "-"
157.55.112.205 - - [19/Mar/2012:22:32:29 -0700] "-" 400 0 "-" "-"
157.55.112.205 - - [19/Mar/2012:22:32:33 -0700] "-" 400 0 "-" "-"
157.55.112.205 - - [19/Mar/2012:22:32:33 -0700] "-" 400 0 "-" "-"
157.55.112.205 - - [19/Mar/2012:22:32:33 -0700] "-" 400 0 "-" "-"
157.55.112.205 - - [19/Mar/2012:22:32:36 -0700] "-" 400 0 "-" "-"
157.55.112.205 - - [19/Mar/2012:22:32:36 -0700] "-" 400 0 "-" "-"
157.55.112.205 - - [19/Mar/2012:22:32:37 -0700] "-" 400 0 "-" "-"
157.55.112.205 - - [19/Mar/2012:22:32:39 -0700] "-" 400 0 "-" "-"
157.55.112.205 - - [19/Mar/2012:22:33:23 -0700] "-" 400 0 "-" "-"
85.17.88.169 - - [19/Mar/2012:22:34:53 -0700] "POST /blog/wp-cron.php?doing_wp_cron=1332221541 HTTP/1.0" 499 0 "-" "WordPress/3.3.1; http://yuvi.in/blog"
209.85.224.87 - - [19/Mar/2012:22:34:53 -0700] "GET /blog/feed HTTP/1.1" 304 0 "-" "FeedBurner/1.0 (http://www.FeedBurner.com)"
141.0.9.77 - - [19/Mar/2012:22:35:41 -0700] "-" 400 0 "-" "-"
141.0.9.77 - - [19/Mar/2012:22:35:47 -0700] "-" 400 0 "-" "-"
141.0.9.77 - - [19/Mar/2012:22:35:48 -0700] "-" 400 0 "-" "-"
69.171.234.3 - - [19/Mar/2012:22:36:56 -0700] "GET /r/1hea HTTP/1.1" 301 257 "-" "facebookexternalhit/1.1 (+http://www.facebook.com/externalhit_uatext.php)"
69.171.234.1 - - [19/Mar/2012:22:36:56 -0700] "GET /s/ta/1hea/ HTTP/1.1" 302 437 "-" "facebookexternalhit/1.1 (+http://www.facebook.com/externalhit_uatext.php)"
14.96.102.117 - - [19/Mar/2012:22:38:03 -0700] "-" 400 0 "-" "-"
85.17.88.169 - - [19/Mar/2012:22:39:31 -0700] "POST /blog/wp-cron.php?doing_wp_cron=1332221820 HTTP/1.0" 499 0 "-" "WordPress/3.3.1; http://yuvi.in/blog"
209.85.238.115 - - [19/Mar/2012:22:39:31 -0700] "GET /blog/feed HTTP/1.1" 301 0 "-" "Feedfetcher-Google; (+http://www.google.com/feedfetcher.html; 3 subscribers; feed-id=17684830852112633560)"
85.17.88.169 - - [19/Mar/2012:22:39:33 -0700] "POST /blog/wp-cron.php?doing_wp_cron=1332221822 HTTP/1.0" 499 0 "-" "WordPress/3.3.1; http://yuvi.in/blog"
209.85.238.115 - - [19/Mar/2012:22:39:34 -0700] "GET /blog/feed/ HTTP/1.1" 304 0 "-" "Feedfetcher-Google; (+http://www.google.com/feedfetcher.html; 3 subscribers; feed-id=17684830852112633560)"
116.7.100.121 - - [19/Mar/2012:22:40:56 -0700] "-" 400 0 "-" "-"
116.7.100.121 - - [19/Mar/2012:22:40:56 -0700] "-" 400 0 "-" "-"
116.7.100.121 - - [19/Mar/2012:22:40:56 -0700] "-" 400 0 "-" "-"
141.0.9.77 - - [19/Mar/2012:22:41:41 -0700] "-" 400 0 "-" "-"
85.17.88.169 - - [19/Mar/2012:22:41:53 -0700] "POST /blog/wp-cron.php?doing_wp_cron=1332221961 HTTP/1.0" 499 0 "-" "WordPress/3.3.1; http://yuvi.in/blog"
38.100.179.233 - - [19/Mar/2012:22:41:53 -0700] "GET /blog/program/ HTTP/1.1" 200 8229 "-" "Mozilla/5.0 (compatible; Linux; Socialradarbot/2.0; en-US; bot@infegy.com)"
141.0.9.77 - - [19/Mar/2012:22:42:19 -0700] "-" 400 0 "-" "-"
141.0.9.77 - - [19/Mar/2012:22:42:32 -0700] "-" 400 0 "-" "-"
141.0.9.77 - - [19/Mar/2012:22:42:32 -0700] "-" 400 0 "-" "-"
141.0.9.77 - - [19/Mar/2012:22:42:41 -0700] "-" 400 0 "-" "-"
141.0.9.77 - - [19/Mar/2012:22:42:41 -0700] "-" 400 0 "-" "-"
69.171.229.250 - - [19/Mar/2012:22:44:17 -0700] "GET /r/1nvz HTTP/1.1" 301 257 "-" "facebookexternalhit/1.1 (+http://www.facebook.com/externalhit_uatext.php)"
69.171.229.251 - - [19/Mar/2012:22:44:17 -0700] "GET /s/ta/1nvz/ HTTP/1.1" 302 365 "-" "facebookexternalhit/1.1 (+http://www.facebook.com/externalhit_uatext.php)"
209.85.238.115 - - [19/Mar/2012:22:44:33 -0700] "GET /blog/feed/ HTTP/1.1" 304 0 "-" "Feedfetcher-Google; (+http://www.google.com/feedfetcher.html; 19 subscribers; feed-id=15064232456473204253)"
79.125.88.69 - - [19/Mar/2012:22:44:34 -0700] "GET /r/2n9l HTTP/1.1" 301 257 "-" "Mozilla/5.0 (Windows; U; Windows NT 5.1; rv:1.7.3) Gecko/20041001 Firefox/0.10.1"
79.125.88.69 - - [19/Mar/2012:22:44:35 -0700] "GET /s/ta/2n9l/ HTTP/1.1" 302 489 "http://tawp.in/r/2n9l" "Mozilla/5.0 (Windows; U; Windows NT 5.1; rv:1.7.3) Gecko/20041001 Firefox/0.10.1"
117.193.206.213 - - [19/Mar/2012:22:46:09 -0700] "-" 400 0 "-" "-"
157.55.112.207 - - [19/Mar/2012:22:46:11 -0700] "-" 400 0 "-" "-"
157.55.112.207 - - [19/Mar/2012:22:46:11 -0700] "-" 400 0 "-" "-"
157.55.112.207 - - [19/Mar/2012:22:46:11 -0700] "-" 400 0 "-" "-"
157.55.112.207 - - [19/Mar/2012:22:46:11 -0700] "-" 400 0 "-" "-"
157.55.112.207 - - [19/Mar/2012:22:46:12 -0700] "-" 400 0 "-" "-"
157.55.112.207 - - [19/Mar/2012:22:46:12 -0700] "-" 400 0 "-" "-"
157.55.112.207 - - [19/Mar/2012:22:46:12 -0700] "-" 400 0 "-" "-"
157.55.112.207 - - [19/Mar/2012:22:46:12 -0700] "-" 400 0 "-" "-"
157.55.112.207 - - [19/Mar/2012:22:46:12 -0700] "-" 400 0 "-" "-"
111.223.132.108 - - [19/Mar/2012:22:47:11 -0700] "GET /en/User:Sundar HTTP/1.1" 404 211 "http://microblog.ravidreams.net/free-online-english-tamil-dictionary-websites/" "Mozilla/4.0 (compatible; MSIE 6.0; Windows NT 5.1; SV1; .NET CLR 1.1.4322; AskTbPTV2/5.12.2.16749)"
176.31.247.216 - - [19/Mar/2012:22:47:22 -0700] "GET /robots.txt HTTP/1.0" 404 169 "-" "Mozilla/5.0 (compatible; MJ12bot/v1.4.2; http://www.majestic12.co.uk/bot.php?+)"
176.31.247.216 - - [19/Mar/2012:22:47:24 -0700] "GET /blog/devlog-jan-2011.html HTTP/1.0" 200 10437 "-" "Mozilla/5.0 (compatible; MJ12bot/v1.4.2; http://www.majestic12.co.uk/bot.php?+)"
176.31.247.216 - - [19/Mar/2012:22:47:26 -0700] "GET /blog/enthusiastic-teachers-and-naive-implementation-of-gauss-seidel-approximations.html HTTP/1.0" 200 6947 "-" "Mozilla/5.0 (compatible; MJ12bot/v1.4.2; http://www.majestic12.co.uk/bot.php?+)"
176.31.247.216 - - [19/Mar/2012:22:47:28 -0700] "GET /blog/functional-programming-geekweekend-at-thoughtworks.html HTTP/1.0" 200 9313 "-" "Mozilla/5.0 (compatible; MJ12bot/v1.4.2; http://www.majestic12.co.uk/bot.php?+)"
176.31.247.216 - - [19/Mar/2012:22:47:30 -0700] "GET /blog/nen-first-dot-2010-what-i-learnt.html HTTP/1.0" 200 8854 "-" "Mozilla/5.0 (compatible; MJ12bot/v1.4.2; http://www.majestic12.co.uk/bot.php?+)"
176.31.247.216 - - [19/Mar/2012:22:47:32 -0700] "GET /blog/serendipity.html HTTP/1.0" 200 5833 "-" "Mozilla/5.0 (compatible; MJ12bot/v1.4.2; http://www.majestic12.co.uk/bot.php?+)"
85.17.88.169 - - [19/Mar/2012:22:47:53 -0700] "POST /blog/wp-cron.php?doing_wp_cron=1332222322 HTTP/1.0" 499 0 "-" "WordPress/3.3.1; http://yuvi.in/blog"
101.226.33.174 - - [19/Mar/2012:22:47:54 -0700] "GET /blog/feed HTTP/1.0" 304 0 "-" "Mozilla/4.0 (compatible; Windows;)"
59.97.112.92 - - [19/Mar/2012:22:48:20 -0700] "-" 400 0 "-" "-"
203.117.232.66 - - [19/Mar/2012:22:48:29 -0700] "GET /r/8n1 HTTP/1.1" 301 255 "http://www.facebook.com/l.php?u=http%3A%2F%2Ftawp.in%2Fr%2F8n1&h=5AQFsruPkAQEn15wgPElr312BM66Ctgt6X5CHqy85WLnQzA" "Mozilla/4.0 (compatible; MSIE 8.0; Windows NT 6.1; Trident/4.0; SIMBAR={1AB27183-2E16-11E1-8AC8-1C6F65D3A276}; GTB7.3; SLCC2; .NET CLR 2.0.50727; .NET CLR 3.5.30729; .NET CLR 3.0.30729; Media Center PC 6.0; .NET4.0C)"
203.117.232.66 - - [19/Mar/2012:22:48:30 -0700] "GET /s/ta/8n1/ HTTP/1.1" 302 377 "http://www.facebook.com/l.php?u=http%3A%2F%2Ftawp.in%2Fr%2F8n1&h=5AQFsruPkAQEn15wgPElr312BM66Ctgt6X5CHqy85WLnQzA" "Mozilla/4.0 (compatible; MSIE 8.0; Windows NT 6.1; Trident/4.0; SIMBAR={1AB27183-2E16-11E1-8AC8-1C6F65D3A276}; GTB7.3; SLCC2; .NET CLR 2.0.50727; .NET CLR 3.5.30729; .NET CLR 3.0.30729; Media Center PC 6.0; .NET4.0C)"
208.115.113.84 - - [19/Mar/2012:22:48:33 -0700] "GET /robots.txt HTTP/1.1" 404 169 "-" "Mozilla/5.0 (compatible; Ezooms/1.0; ezooms.bot@gmail.com)"
85.17.88.169 - - [19/Mar/2012:22:50:19 -0700] "POST /blog/wp-cron.php?doing_wp_cron=1332222467 HTTP/1.0" 499 0 "-" "WordPress/3.3.1; http://yuvi.in/blog"
180.76.5.111 - - [19/Mar/2012:22:50:19 -0700] "GET /blog/optimizing-life/feed/ HTTP/1.1" 200 735 "-" "Mozilla/5.0 (compatible; Baiduspider/2.0; +http://www.baidu.com/search/spider.html)"
117.193.244.248 - - [19/Mar/2012:22:51:59 -0700] "-" 400 0 "-" "-"
117.231.86.90 - - [19/Mar/2012:22:52:24 -0700] "GET /r/1egu HTTP/1.1" 301 257 "http://ta.wikipedia.org/wiki/%E0%AE%B5%E0%AE%BF%E0%AE%B7%E0%AF%8D%E0%AE%A3%E0%AF%81%E0%AE%AA%E0%AF%81%E0%AE%B0%E0%AE%AE%E0%AF%8D_%28%E0%AE%AA%E0%AF%81%E0%AE%A4%E0%AE%BF%E0%AE%A9%E0%AE%AE%E0%AF%8D%29" "Mozilla/5.0 (Windows NT 5.1) AppleWebKit/535.11 (KHTML, like Gecko) Chrome/17.0.963.66 Safari/535.11"
117.231.86.90 - - [19/Mar/2012:22:52:25 -0700] "GET /s/ta/1egu/ HTTP/1.1" 302 493 "http://ta.wikipedia.org/wiki/%E0%AE%B5%E0%AE%BF%E0%AE%B7%E0%AF%8D%E0%AE%A3%E0%AF%81%E0%AE%AA%E0%AF%81%E0%AE%B0%E0%AE%AE%E0%AF%8D_%28%E0%AE%AA%E0%AF%81%E0%AE%A4%E0%AE%BF%E0%AE%A9%E0%AE%AE%E0%AF%8D%29" "Mozilla/5.0 (Windows NT 5.1) AppleWebKit/535.11 (KHTML, like Gecko) Chrome/17.0.963.66 Safari/535.11"
69.171.229.251 - - [19/Mar/2012:22:53:21 -0700] "GET /r/1x7m HTTP/1.1" 301 257 "-" "facebookexternalhit/1.1 (+http://www.facebook.com/externalhit_uatext.php)"
69.171.229.248 - - [19/Mar/2012:22:53:21 -0700] "GET /s/ta/1x7m/ HTTP/1.1" 302 513 "-" "facebookexternalhit/1.1 (+http://www.facebook.com/externalhit_uatext.php)"
69.171.234.6 - - [19/Mar/2012:22:54:48 -0700] "GET /r/1eg5 HTTP/1.1" 301 257 "-" "facebookexternalhit/1.1 (+http://www.facebook.com/externalhit_uatext.php)"
69.171.234.4 - - [19/Mar/2012:22:54:48 -0700] "GET /s/ta/1eg5/ HTTP/1.1" 302 337 "-" "facebookexternalhit/1.1 (+http://www.facebook.com/externalhit_uatext.php)"
69.171.228.250 - - [19/Mar/2012:22:55:41 -0700] "GET /r/1x7m HTTP/1.1" 301 257 "-" "facebookexternalhit/1.1 (+http://www.facebook.com/externalhit_uatext.php)"
69.171.228.245 - - [19/Mar/2012:22:55:41 -0700] "GET /s/ta/1x7m/ HTTP/1.1" 302 513 "-" "facebookexternalhit/1.1 (+http://www.facebook.com/externalhit_uatext.php)"
203.199.205.25 - - [19/Mar/2012:22:55:54 -0700] "GET /r/szy HTTP/1.1" 301 255 "http://ta.wikipedia.org/wiki/%E0%AE%B5%E0%AE%BF%E0%AE%B2%E0%AF%8D%E0%AE%B2%E0%AE%BF%E0%AE%AA%E0%AF%81%E0%AE%A4%E0%AF%8D%E0%AE%A4%E0%AF%82%E0%AE%B0%E0%AE%BE%E0%AE%B0%E0%AF%8D" "Mozilla/4.0 (compatible; MSIE 8.0; Windows NT 5.1; Trident/4.0)"
203.199.205.25 - - [19/Mar/2012:22:55:55 -0700] "GET /s/ta/szy/ HTTP/1.1" 302 457 "http://ta.wikipedia.org/wiki/%E0%AE%B5%E0%AE%BF%E0%AE%B2%E0%AF%8D%E0%AE%B2%E0%AE%BF%E0%AE%AA%E0%AF%81%E0%AE%A4%E0%AF%8D%E0%AE%A4%E0%AF%82%E0%AE%B0%E0%AE%BE%E0%AE%B0%E0%AF%8D" "Mozilla/4.0 (compatible; MSIE 8.0; Windows NT 5.1; Trident/4.0)"
203.199.205.25 - - [19/Mar/2012:22:55:55 -0700] "GET /r/szy HTTP/1.1" 301 255 "http://ta.wikipedia.org/wiki/%E0%AE%B5%E0%AE%BF%E0%AE%B2%E0%AF%8D%E0%AE%B2%E0%AE%BF%E0%AE%AA%E0%AF%81%E0%AE%A4%E0%AF%8D%E0%AE%A4%E0%AF%82%E0%AE%B0%E0%AE%BE%E0%AE%B0%E0%AF%8D" "Mozilla/4.0 (compatible; MSIE 8.0; Windows NT 5.1; Trident/4.0)"
203.199.205.25 - - [19/Mar/2012:22:55:56 -0700] "GET /s/ta/szy/ HTTP/1.1" 302 457 "http://ta.wikipedia.org/wiki/%E0%AE%B5%E0%AE%BF%E0%AE%B2%E0%AF%8D%E0%AE%B2%E0%AE%BF%E0%AE%AA%E0%AF%81%E0%AE%A4%E0%AF%8D%E0%AE%A4%E0%AF%82%E0%AE%B0%E0%AE%BE%E0%AE%B0%E0%AF%8D" "Mozilla/4.0 (compatible; MSIE 8.0; Windows NT 5.1; Trident/4.0)"
212.77.205.3 - - [19/Mar/2012:22:57:24 -0700] "GET /r/1fdw HTTP/1.1" 301 257 "http://ta.wikipedia.org/wiki/%E0%AE%9A%E0%AE%AE_%E0%AE%87%E0%AE%B0%E0%AE%B5%E0%AF%81_%E0%AE%A8%E0%AE%BE%E0%AE%B3%E0%AF%8D" "Mozilla/5.0 (Windows NT 5.1) AppleWebKit/535.11 (KHTML, like Gecko) Chrome/17.0.963.79 Safari/535.11"
212.77.205.3 - - [19/Mar/2012:22:57:25 -0700] "GET /s/ta/1fdw/ HTTP/1.1" 302 393 "http://ta.wikipedia.org/wiki/%E0%AE%9A%E0%AE%AE_%E0%AE%87%E0%AE%B0%E0%AE%B5%E0%AF%81_%E0%AE%A8%E0%AE%BE%E0%AE%B3%E0%AF%8D" "Mozilla/5.0 (Windows NT 5.1) AppleWebKit/535.11 (KHTML, like Gecko) Chrome/17.0.963.79 Safari/535.11"
69.171.234.3 - - [19/Mar/2012:22:57:36 -0700] "GET /r/1fdw HTTP/1.1" 301 257 "-" "facebookexternalhit/1.1 (+http://www.facebook.com/externalhit_uatext.php)"
69.171.234.6 - - [19/Mar/2012:22:57:36 -0700] "GET /s/ta/1fdw/ HTTP/1.1" 302 393 "-" "facebookexternalhit/1.1 (+http://www.facebook.com/externalhit_uatext.php)"
117.193.38.236 - - [19/Mar/2012:22:57:43 -0700] "-" 400 0 "-" "-"
66.220.149.247 - - [19/Mar/2012:22:58:13 -0700] "GET /r/tpn HTTP/1.1" 301 255 "-" "facebookexternalhit/1.1 (+http://www.facebook.com/externalhit_uatext.php)"
66.220.149.249 - - [19/Mar/2012:22:58:13 -0700] "GET /s/ta/tpn/ HTTP/1.1" 302 265 "-" "facebookexternalhit/1.1 (+http://www.facebook.com/externalhit_uatext.php)"
212.77.205.3 - - [19/Mar/2012:22:58:36 -0700] "GET /s/ta/1fdw/ HTTP/1.1" 302 393 "http://www.facebook.com/l.php?u=http%3A%2F%2Ftawp.in%2Fr%2F1fdw&h=DAQHhzseeAQHRz8GbFixtJZjyBM8lWDANo8y1Hj8zuelqrg" "Mozilla/5.0 (Windows NT 5.1) AppleWebKit/535.11 (KHTML, like Gecko) Chrome/17.0.963.79 Safari/535.11"
122.164.163.71 - - [19/Mar/2012:22:59:49 -0700] "-" 400 0 "-" "-"
62.150.84.138 - - [19/Mar/2012:23:03:19 -0700] "GET /r/a0k HTTP/1.1" 301 255 "-" "Mozilla/5.0 (Windows NT 6.1) AppleWebKit/535.11 (KHTML, like Gecko) Chrome/17.0.963.79 Safari/535.11"
117.193.244.203 - - [19/Mar/2012:23:03:20 -0700] "-" 400 0 "-" "-"
117.193.244.203 - - [19/Mar/2012:23:03:20 -0700] "-" 400 0 "-" "-"
117.193.244.203 - - [19/Mar/2012:23:03:20 -0700] "-" 400 0 "-" "-"
117.193.244.203 - - [19/Mar/2012:23:03:20 -0700] "-" 400 0 "-" "-"
62.150.84.138 - - [19/Mar/2012:23:03:23 -0700] "GET /s/ta/a0k/ HTTP/1.1" 302 389 "-" "Mozilla/5.0 (Windows NT 6.1) AppleWebKit/535.11 (KHTML, like Gecko) Chrome/17.0.963.79 Safari/535.11"
62.150.84.138 - - [19/Mar/2012:23:03:35 -0700] "-" 400 0 "-" "-"
62.150.84.138 - - [19/Mar/2012:23:03:35 -0700] "-" 400 0 "-" "-"
199.59.149.166 - - [19/Mar/2012:23:03:44 -0700] "GET /robots.txt HTTP/1.1" 404 211 "-" "Twitterbot/1.0"
199.59.149.166 - - [19/Mar/2012:23:03:44 -0700] "GET /r/a0k HTTP/1.1" 301 255 "-" "Twitterbot/1.0"
50.18.235.65 - - [19/Mar/2012:23:03:44 -0700] "HEAD /r/a0k HTTP/1.1" 301 0 "-" "UnwindFetchor/1.0 (+http://www.gnip.com/)"
50.18.235.65 - - [19/Mar/2012:23:03:44 -0700] "HEAD /s/ta/a0k/ HTTP/1.1" 302 0 "-" "UnwindFetchor/1.0 (+http://www.gnip.com/)"
199.59.149.166 - - [19/Mar/2012:23:03:44 -0700] "GET /s/ta/a0k/ HTTP/1.1" 302 389 "-" "Twitterbot/1.0"
184.169.243.56 - - [19/Mar/2012:23:03:44 -0700] "HEAD /r/a0k HTTP/1.1" 301 0 "-" "UnwindFetchor/1.0 (+http://www.gnip.com/)"
184.169.243.56 - - [19/Mar/2012:23:03:44 -0700] "HEAD /s/ta/a0k/ HTTP/1.1" 302 0 "-" "UnwindFetchor/1.0 (+http://www.gnip.com/)"
173.192.79.101 - - [19/Mar/2012:23:03:44 -0700] "GET /r/a0k HTTP/1.1" 301 255 "-" "ShowyouBot (http://showyou.com/crawler)"
173.192.79.101 - - [19/Mar/2012:23:03:45 -0700] "GET /s/ta/a0k/ HTTP/1.1" 302 389 "-" "ShowyouBot (http://showyou.com/crawler)"
89.151.116.53 - - [19/Mar/2012:23:03:45 -0700] "GET /r/a0k HTTP/1.1" 301 255 "-" "Mozilla/5.0 (compatible; TweetmemeBot/2.11; +http://tweetmeme.com/)"
46.20.47.43 - - [19/Mar/2012:23:03:45 -0700] "GET /r/a0k HTTP/1.1" 301 255 "-" "Mozilla/5.0 (compatible"
65.52.0.205 - - [19/Mar/2012:23:03:45 -0700] "GET /r/a0k HTTP/1.1" 301 255 "-" "Mozilla/4.0 (compatible; MSIE 7.0; Windows NT 6.0)"
65.52.0.205 - - [19/Mar/2012:23:03:45 -0700] "GET /s/ta/a0k/ HTTP/1.1" 302 389 "-" "Mozilla/4.0 (compatible; MSIE 7.0; Windows NT 6.0)"
46.20.47.43 - - [19/Mar/2012:23:03:45 -0700] "GET /s/ta/a0k/ HTTP/1.1" 302 389 "-" "Mozilla/5.0 (compatible"
89.151.116.53 - - [19/Mar/2012:23:03:45 -0700] "GET /s/ta/a0k/ HTTP/1.1" 302 389 "-" "Mozilla/5.0 (compatible; TweetmemeBot/2.11; +http://tweetmeme.com/)"
117.193.244.203 - - [19/Mar/2012:23:03:50 -0700] "-" 400 0 "-" "-"
117.193.244.203 - - [19/Mar/2012:23:03:50 -0700] "-" 400 0 "-" "-"
117.193.244.203 - - [19/Mar/2012:23:03:50 -0700] "-" 400 0 "-" "-"
117.193.244.203 - - [19/Mar/2012:23:03:50 -0700] "-" 400 0 "-" "-"
66.220.149.246 - - [19/Mar/2012:23:04:03 -0700] "GET /r/1x7m HTTP/1.1" 301 257 "-" "facebookexternalhit/1.1 (+http://www.facebook.com/externalhit_uatext.php)"
66.220.149.247 - - [19/Mar/2012:23:04:04 -0700] "GET /s/ta/1x7m/ HTTP/1.1" 302 513 "-" "facebookexternalhit/1.1 (+http://www.facebook.com/externalhit_uatext.php)"
117.193.244.203 - - [19/Mar/2012:23:04:10 -0700] "-" 400 0 "-" "-"
117.193.244.203 - - [19/Mar/2012:23:04:10 -0700] "-" 400 0 "-" "-"
122.178.162.100 - - [19/Mar/2012:23:04:23 -0700] "GET /r/a0k HTTP/1.1" 301 255 "http://t.co/C3IAXOht" "Mozilla/5.0 (Windows NT 6.1; WOW64; rv:10.0.2) Gecko/20100101 Firefox/10.0.2"
122.178.162.100 - - [19/Mar/2012:23:04:23 -0700] "GET /s/ta/a0k/ HTTP/1.1" 302 389 "http://t.co/C3IAXOht" "Mozilla/5.0 (Windows NT 6.1; WOW64; rv:10.0.2) Gecko/20100101 Firefox/10.0.2"
74.112.131.148 - - [19/Mar/2012:23:04:40 -0700] "GET /robots.txt HTTP/1.0" 404 238 "-" "Mozilla/5.0 (compatible; Butterfly/1.0; +http://labs.topsy.com/butterfly/) Gecko/2009032608 Firefox/3.0.8"
74.112.131.148 - - [19/Mar/2012:23:04:40 -0700] "GET /r/a0k HTTP/1.0" 301 255 "-" "Mozilla/5.0 (compatible; Butterfly/1.0; +http://labs.topsy.com/butterfly/) Gecko/2009032608 Firefox/3.0.8"
74.112.131.126 - - [19/Mar/2012:23:04:40 -0700] "GET /s/ta/a0k/ HTTP/1.0" 302 389 "-" "Mozilla/5.0 (compatible; Butterfly/1.0; +http://labs.topsy.com/butterfly/) Gecko/2009032608 Firefox/3.0.8"
85.17.88.169 - - [19/Mar/2012:23:04:59 -0700] "POST /blog/wp-cron.php?doing_wp_cron=1332223347 HTTP/1.0" 499 0 "-" "WordPress/3.3.1; http://yuvi.in/blog"
209.85.224.90 - - [19/Mar/2012:23:05:00 -0700] "GET /blog/feed HTTP/1.1" 304 0 "-" "FeedBurner/1.0 (http://www.FeedBurner.com)"
82.178.8.48 - - [19/Mar/2012:23:05:29 -0700] "GET /r/a0k HTTP/1.1" 301 255 "-" "Mozilla/5.0 (Windows NT 6.1) AppleWebKit/535.11 (KHTML, like Gecko) Chrome/17.0.963.78 Safari/535.11"
82.178.8.48 - - [19/Mar/2012:23:05:31 -0700] "GET /s/ta/a0k/ HTTP/1.1" 302 389 "-" "Mozilla/5.0 (Windows NT 6.1) AppleWebKit/535.11 (KHTML, like Gecko) Chrome/17.0.963.78 Safari/535.11"
82.178.8.48 - - [19/Mar/2012:23:05:43 -0700] "-" 400 0 "-" "-"
67.228.64.146 - - [19/Mar/2012:23:06:24 -0700] "GET /robots.txt HTTP/1.1" 404 211 "-" "Mozilla/5.0 (compatible; ScribdReader/1.0; +http://www.float.com)"
67.228.64.146 - - [19/Mar/2012:23:06:24 -0700] "GET /r/a0k HTTP/1.1" 301 255 "-" "Mozilla/5.0 (compatible; ScribdReader/1.0; +http://www.float.com)"
67.228.64.146 - - [19/Mar/2012:23:06:24 -0700] "GET /s/ta/a0k/ HTTP/1.1" 302 389 "-" "Mozilla/5.0 (compatible; ScribdReader/1.0; +http://www.float.com)"
69.171.224.245 - - [19/Mar/2012:23:07:05 -0700] "GET /r/jty\xE0\xAE\x95\xE0\xAE\x9F\xE0\xAF\x8D\xE0\xAE\x9F\xE0\xAE\xB1\xE0\xAF\x8D\xE0\xAE\xB1 HTTP/1.1" 301 381 "-" "facebookexternalhit/1.1 (+http://www.facebook.com/externalhit_uatext.php)"
69.171.224.249 - - [19/Mar/2012:23:07:05 -0700] "GET /s/ta/jty%E0%AE%95%E0%AE%9F%E0%AF%8D%E0%AE%9F%E0%AE%B1%E0%AF%8D%E0%AE%B1/ HTTP/1.1" 502 173 "-" "facebookexternalhit/1.1 (+http://www.facebook.com/externalhit_uatext.php)"
69.171.229.245 - - [19/Mar/2012:23:07:33 -0700] "GET /r/1x7m HTTP/1.1" 301 257 "-" "facebookexternalhit/1.1 (+http://www.facebook.com/externalhit_uatext.php)"
69.171.229.247 - - [19/Mar/2012:23:07:33 -0700] "GET /s/ta/1x7m/ HTTP/1.1" 302 513 "-" "facebookexternalhit/1.1 (+http://www.facebook.com/externalhit_uatext.php)"
207.46.204.166 - - [19/Mar/2012:23:07:53 -0700] "-" 400 0 "-" "-"
207.46.204.166 - - [19/Mar/2012:23:07:54 -0700] "-" 400 0 "-" "-"
207.46.204.166 - - [19/Mar/2012:23:07:54 -0700] "-" 400 0 "-" "-"
207.46.204.166 - - [19/Mar/2012:23:07:54 -0700] "-" 400 0 "-" "-"
207.46.204.166 - - [19/Mar/2012:23:07:54 -0700] "-" 400 0 "-" "-"
207.46.204.166 - - [19/Mar/2012:23:07:54 -0700] "-" 400 0 "-" "-"
207.46.204.166 - - [19/Mar/2012:23:07:54 -0700] "-" 400 0 "-" "-"
207.46.204.166 - - [19/Mar/2012:23:07:54 -0700] "-" 400 0 "-" "-"
207.46.204.166 - - [19/Mar/2012:23:07:54 -0700] "-" 400 0 "-" "-"
122.174.102.251 - - [19/Mar/2012:23:07:58 -0700] "GET /r/gke HTTP/1.1" 301 255 "http://wikimapia.org/1108094/%E0%AE%A4%E0%AF%87-%E0%AE%95%E0%AE%B2%E0%AF%8D%E0%AE%B2%E0%AF%81%E0%AE%AA%E0%AF%8D%E0%AE%AA%E0%AE%9F%E0%AF%8D%E0%AE%9F%E0%AE%BF-T-Kallupatti" "Mozilla/4.0 (compatible; MSIE 6.0; Windows NT 5.1; SV1; chromeframe/17.0.963.79; .NET CLR 2.0.50727; .NET CLR 3.0.4506.2152; .NET CLR 3.5.30729)"
122.174.102.251 - - [19/Mar/2012:23:07:59 -0700] "GET /s/ta/gke/ HTTP/1.1" 302 439 "http://wikimapia.org/1108094/%E0%AE%A4%E0%AF%87-%E0%AE%95%E0%AE%B2%E0%AF%8D%E0%AE%B2%E0%AF%81%E0%AE%AA%E0%AF%8D%E0%AE%AA%E0%AE%9F%E0%AF%8D%E0%AE%9F%E0%AE%BF-T-Kallupatti" "Mozilla/4.0 (compatible; MSIE 6.0; Windows NT 5.1; SV1; chromeframe/17.0.963.79; .NET CLR 2.0.50727; .NET CLR 3.0.4506.2152; .NET CLR 3.5.30729)"
150.70.75.30 - - [19/Mar/2012:23:07:59 -0700] "GET /s/ta/a0k/ HTTP/1.0" 302 389 "-" "Mozilla/4.0 (compatible; MSIE 6.0; Windows NT 5.1)"
207.46.204.166 - - [19/Mar/2012:23:08:19 -0700] "-" 400 0 "-" "-"
207.46.204.166 - - [19/Mar/2012:23:08:21 -0700] "-" 400 0 "-" "-"
174.129.112.40 - - [19/Mar/2012:23:08:25 -0700] "HEAD /r/a0k HTTP/1.1" 301 0 "-" "Mozilla/5.0 (Windows; U; Windows NT 5.1; de; rv:1.9) Gecko/2008052906 Firefox/3.0"
174.129.112.40 - - [19/Mar/2012:23:08:27 -0700] "HEAD /s/ta/a0k/ HTTP/1.1" 302 0 "-" "Mozilla/5.0 (Windows; U; Windows NT 5.1; de; rv:1.9) Gecko/2008052906 Firefox/3.0"
150.70.172.204 - - [19/Mar/2012:23:08:32 -0700] "GET /r/a0k HTTP/1.0" 301 255 "-" "Mozilla/4.0 (compatible; MSIE 6.0; Windows NT 5.1)"
85.17.88.169 - - [19/Mar/2012:23:11:09 -0700] "POST /blog/wp-cron.php?doing_wp_cron=1332223717 HTTP/1.0" 499 0 "-" "WordPress/3.3.1; http://yuvi.in/blog"
180.76.5.90 - - [19/Mar/2012:23:11:10 -0700] "GET /blog/perfect-day-1/feed/ HTTP/1.1" 200 730 "-" "Mozilla/5.0 (compatible; Baiduspider/2.0; +http://www.baidu.com/search/spider.html)"
66.220.146.247 - - [19/Mar/2012:23:11:18 -0700] "GET /r/1x7m HTTP/1.1" 301 257 "-" "facebookexternalhit/1.1 (+http://www.facebook.com/externalhit_uatext.php)"
66.220.146.247 - - [19/Mar/2012:23:11:18 -0700] "GET /s/ta/1x7m/ HTTP/1.1" 302 513 "-" "facebookexternalhit/1.1 (+http://www.facebook.com/externalhit_uatext.php)"
85.17.88.169 - - [19/Mar/2012:23:11:21 -0700] "POST /blog/wp-cron.php?doing_wp_cron=1332223730 HTTP/1.0" 499 0 "-" "WordPress/3.3.1; http://yuvi.in/blog"
155.136.184.8 - - [19/Mar/2012:23:11:22 -0700] "GET /blog/infosys-tcs-or-wipro-none/ HTTP/1.1" 200 24542 "http://www.google.co.in/url?sa=t&rct=j&q=glassdoor%20infosys&source=web&cd=9&ved=0CGIQFjAI&url=http%3A%2F%2Fyuvi.in%2Fblog%2Finfosys-tcs-or-wipro-none%2F&ei=LRxoT5aTL4vKrAfNw62PCA&usg=AFQjCNFFymVRTHm740-I9A4VqJxKWQnZng&cad=rja" "Mozilla/5.0 (Windows NT 5.1; rv:10.0.2) Gecko/20100101 Firefox/10.0.2"
155.136.184.8 - - [19/Mar/2012:23:11:23 -0700] "GET /blog/wp-content/themes/cleanr/style.css HTTP/1.1" 200 10508 "http://yuvi.in/blog/infosys-tcs-or-wipro-none/" "Mozilla/5.0 (Windows NT 5.1; rv:10.0.2) Gecko/20100101 Firefox/10.0.2"
155.136.184.8 - - [19/Mar/2012:23:11:23 -0700] "GET /blog/wp-content/themes/cleanr/js/jquery.dropdown.js?ver=3.3.1 HTTP/1.1" 200 535 "http://yuvi.in/blog/infosys-tcs-or-wipro-none/" "Mozilla/5.0 (Windows NT 5.1; rv:10.0.2) Gecko/20100101 Firefox/10.0.2"
155.136.184.8 - - [19/Mar/2012:23:11:24 -0700] "GET /blog/wp-content/themes/cleanr/css/text.css HTTP/1.1" 200 420 "http://yuvi.in/blog/wp-content/themes/cleanr/style.css" "Mozilla/5.0 (Windows NT 5.1; rv:10.0.2) Gecko/20100101 Firefox/10.0.2"
155.136.184.8 - - [19/Mar/2012:23:11:24 -0700] "GET /blog/wp-content/themes/cleanr/css/reset.css HTTP/1.1" 200 648 "http://yuvi.in/blog/wp-content/themes/cleanr/style.css" "Mozilla/5.0 (Windows NT 5.1; rv:10.0.2) Gecko/20100101 Firefox/10.0.2"
155.136.184.8 - - [19/Mar/2012:23:11:24 -0700] "GET /blog/wp-content/themes/cleanr/css/960.css HTTP/1.1" 200 3628 "http://yuvi.in/blog/wp-content/themes/cleanr/style.css" "Mozilla/5.0 (Windows NT 5.1; rv:10.0.2) Gecko/20100101 Firefox/10.0.2"
155.136.184.8 - - [19/Mar/2012:23:11:25 -0700] "GET /blog/wp-includes/js/jquery/jquery.js?ver=1.7.1 HTTP/1.1" 200 93889 "http://yuvi.in/blog/infosys-tcs-or-wipro-none/" "Mozilla/5.0 (Windows NT 5.1; rv:10.0.2) Gecko/20100101 Firefox/10.0.2"
155.136.184.8 - - [19/Mar/2012:23:11:26 -0700] "GET /blog/wp-content/themes/cleanr/images/search_magnifier.gif HTTP/1.1" 200 394 "http://yuvi.in/blog/infosys-tcs-or-wipro-none/" "Mozilla/5.0 (Windows NT 5.1; rv:10.0.2) Gecko/20100101 Firefox/10.0.2"
155.136.184.8 - - [19/Mar/2012:23:11:29 -0700] "GET /favicon.ico HTTP/1.1" 404 169 "-" "Mozilla/5.0 (Windows NT 5.1; rv:10.0.2) Gecko/20100101 Firefox/10.0.2"
85.17.88.169 - - [19/Mar/2012:23:11:31 -0700] "POST /blog/wp-cron.php?doing_wp_cron=1332223740 HTTP/1.0" 499 0 "-" "WordPress/3.3.1; http://yuvi.in/blog"
155.136.184.8 - - [19/Mar/2012:23:11:31 -0700] "GET /blog/infosys-tcs-or-wipro-none/?cf_action=sync_comments&post_id=124 HTTP/1.1" 200 28 "http://yuvi.in/blog/infosys-tcs-or-wipro-none/" "Mozilla/5.0 (Windows NT 5.1; rv:10.0.2) Gecko/20100101 Firefox/10.0.2"
115.249.36.181 - - [19/Mar/2012:23:11:39 -0700] "GET /r/1gm7 HTTP/1.1" 301 257 "http://wikimapia.org/292930/ta/SCN029-%E0%AE%85%E0%AE%B0%E0%AF%81%E0%AE%B3%E0%AF%8D%E0%AE%AE%E0%AE%BF%E0%AE%95%E0%AF%81-%E0%AE%A4%E0%AE%BF%E0%AE%B0%E0%AF%81%E0%AE%A8%E0%AE%BE%E0%AE%95%E0%AF%87%E0%AE%B8%E0%AF%8D%E0%AE%B5%E0%AE%B0%E0%AE%B0%E0%AF%8D-%E0%AE%A4%E0%AE%BF%E0%AE%B0%E0%AF%81%E0%AE%95%E0%AF%8D%E0%AE%95%E0%AF%8B%E0%AE%AF%E0%AE%BF%E0%AE%B2%E0%AF%8D-Thirunaageswaram-Temple-thirunAgEswara-swAmy-kOyil" "Mozilla/5.0 (Windows NT 5.1) AppleWebKit/535.11 (KHTML, like Gecko) Chrome/17.0.963.6 Safari/535.11"
115.249.36.181 - - [19/Mar/2012:23:11:40 -0700] "GET /s/ta/1gm7/ HTTP/1.1" 302 517 "http://wikimapia.org/292930/ta/SCN029-%E0%AE%85%E0%AE%B0%E0%AF%81%E0%AE%B3%E0%AF%8D%E0%AE%AE%E0%AE%BF%E0%AE%95%E0%AF%81-%E0%AE%A4%E0%AE%BF%E0%AE%B0%E0%AF%81%E0%AE%A8%E0%AE%BE%E0%AE%95%E0%AF%87%E0%AE%B8%E0%AF%8D%E0%AE%B5%E0%AE%B0%E0%AE%B0%E0%AF%8D-%E0%AE%A4%E0%AE%BF%E0%AE%B0%E0%AF%81%E0%AE%95%E0%AF%8D%E0%AE%95%E0%AF%8B%E0%AE%AF%E0%AE%BF%E0%AE%B2%E0%AF%8D-Thirunaageswaram-Temple-thirunAgEswara-swAmy-kOyil" "Mozilla/5.0 (Windows NT 5.1) AppleWebKit/535.11 (KHTML, like Gecko) Chrome/17.0.963.6 Safari/535.11"
115.249.36.181 - - [19/Mar/2012:23:11:56 -0700] "-" 400 0 "-" "-"
207.46.12.70 - - [19/Mar/2012:23:16:01 -0700] "-" 400 0 "-" "-"
207.46.12.70 - - [19/Mar/2012:23:16:01 -0700] "-" 400 0 "-" "-"
207.46.12.70 - - [19/Mar/2012:23:16:01 -0700] "-" 400 0 "-" "-"
207.46.12.70 - - [19/Mar/2012:23:16:01 -0700] "-" 400 0 "-" "-"
207.46.12.70 - - [19/Mar/2012:23:16:01 -0700] "-" 400 0 "-" "-"
207.46.12.70 - - [19/Mar/2012:23:16:01 -0700] "-" 400 0 "-" "-"
207.46.12.70 - - [19/Mar/2012:23:16:01 -0700] "-" 400 0 "-" "-"
207.46.12.70 - - [19/Mar/2012:23:16:01 -0700] "-" 400 0 "-" "-"
69.171.234.1 - - [19/Mar/2012:23:16:28 -0700] "GET /r/1nvz HTTP/1.1" 301 257 "-" "facebookexternalhit/1.1 (+http://www.facebook.com/externalhit_uatext.php)"
69.171.234.6 - - [19/Mar/2012:23:16:28 -0700] "GET /s/ta/1nvz/ HTTP/1.1" 302 365 "-" "facebookexternalhit/1.1 (+http://www.facebook.com/externalhit_uatext.php)"
207.46.12.70 - - [19/Mar/2012:23:16:57 -0700] "-" 400 0 "-" "-"
207.46.12.70 - - [19/Mar/2012:23:16:57 -0700] "-" 400 0 "-" "-"
85.17.88.169 - - [19/Mar/2012:23:19:16 -0700] "POST /blog/wp-cron.php?doing_wp_cron=1332224204 HTTP/1.0" 499 0 "-" "WordPress/3.3.1; http://yuvi.in/blog"
69.171.229.249 - - [19/Mar/2012:23:19:16 -0700] "GET /blog/story-average-indian-techie/ HTTP/1.1" 200 14155 "-" "facebookexternalhit/1.1 (+http://www.facebook.com/externalhit_uatext.php)"
117.193.16.16 - - [19/Mar/2012:23:20:36 -0700] "GET /r/af6 HTTP/1.1" 301 255 "http://ta.wikipedia.org/wiki/%E0%AE%AE%E0%AE%BE%E0%AE%A4%E0%AE%B5%E0%AE%BF%E0%AE%9F%E0%AE%BE%E0%AE%AF%E0%AF%8D" "Mozilla/5.0 (Windows NT 5.1) AppleWebKit/535.11 (KHTML, like Gecko) Chrome/17.0.963.79 Safari/535.11"
117.193.16.16 - - [19/Mar/2012:23:20:37 -0700] "GET /s/ta/af6/ HTTP/1.1" 302 373 "http://ta.wikipedia.org/wiki/%E0%AE%AE%E0%AE%BE%E0%AE%A4%E0%AE%B5%E0%AE%BF%E0%AE%9F%E0%AE%BE%E0%AE%AF%E0%AF%8D" "Mozilla/5.0 (Windows NT 5.1) AppleWebKit/535.11 (KHTML, like Gecko) Chrome/17.0.963.79 Safari/535.11"
117.193.16.16 - - [19/Mar/2012:23:20:48 -0700] "-" 400 0 "-" "-"
208.115.111.68 - - [19/Mar/2012:23:21:03 -0700] "GET /blog/archives.html HTTP/1.1" 200 17087 "-" "Mozilla/5.0 (compatible; Ezooms/1.0; ezooms.bot@gmail.com)"
85.17.88.169 - - [19/Mar/2012:23:21:07 -0700] "POST /blog/wp-cron.php?doing_wp_cron=1332224315 HTTP/1.0" 499 0 "-" "WordPress/3.3.1; http://yuvi.in/blog"
208.115.111.68 - - [19/Mar/2012:23:21:07 -0700] "GET /blog/blogging-from-under-the-table-during-class/ HTTP/1.1" 200 17219 "-" "Mozilla/5.0 (compatible; Ezooms/1.0; ezooms.bot@gmail.com)"
85.17.88.169 - - [19/Mar/2012:23:21:09 -0700] "POST /blog/wp-cron.php?doing_wp_cron=1332224317 HTTP/1.0" 499 0 "-" "WordPress/3.3.1; http://yuvi.in/blog"
208.115.111.68 - - [19/Mar/2012:23:21:09 -0700] "GET /blog/my-gsoc-2010-proposal/ HTTP/1.1" 200 16354 "-" "Mozilla/5.0 (compatible; Ezooms/1.0; ezooms.bot@gmail.com)"
85.17.88.169 - - [19/Mar/2012:23:21:14 -0700] "POST /blog/wp-cron.php?doing_wp_cron=1332224322 HTTP/1.0" 499 0 "-" "WordPress/3.3.1; http://yuvi.in/blog"
208.115.111.68 - - [19/Mar/2012:23:21:15 -0700] "GET /blog/tag/athiesm/feed/ HTTP/1.1" 200 4427 "-" "Mozilla/5.0 (compatible; Ezooms/1.0; ezooms.bot@gmail.com)"
85.17.88.169 - - [19/Mar/2012:23:21:24 -0700] "POST /blog/wp-cron.php?doing_wp_cron=1332224333 HTTP/1.0" 499 0 "-" "WordPress/3.3.1; http://yuvi.in/blog"
208.115.111.68 - - [19/Mar/2012:23:21:25 -0700] "GET /blog/tag/wordpress/feed/ HTTP/1.1" 200 2811 "-" "Mozilla/5.0 (compatible; Ezooms/1.0; ezooms.bot@gmail.com)"
50.19.65.61 - - [19/Mar/2012:23:21:46 -0700] "GET /r/a0k HTTP/1.1" 301 255 "-" "Mozilla/5.0 (Macintosh; U; Intel Mac OS X 10.6; en-US; rv:1.9.2) Gecko/20100115 Firefox/3.6 (FlipboardProxy/1.1; +http://flipboard.com/browserproxy)"
50.19.65.61 - - [19/Mar/2012:23:21:46 -0700] "GET /s/ta/a0k/ HTTP/1.1" 302 389 "-" "Mozilla/5.0 (Macintosh; U; Intel Mac OS X 10.6; en-US; rv:1.9.2) Gecko/20100115 Firefox/3.6 (FlipboardProxy/1.1; +http://flipboard.com/browserproxy)"
69.171.224.248 - - [19/Mar/2012:23:22:23 -0700] "GET /r/1i49 HTTP/1.1" 301 257 "-" "facebookexternalhit/1.1 (+http://www.facebook.com/externalhit_uatext.php)"
69.171.224.245 - - [19/Mar/2012:23:22:23 -0700] "GET /s/ta/1i49/ HTTP/1.1" 302 437 "-" "facebookexternalhit/1.1 (+http://www.facebook.com/externalhit_uatext.php)"
209.85.224.90 - - [19/Mar/2012:23:22:47 -0700] "GET /stories/feed HTTP/1.1" 200 13653 "-" "FeedBurner/1.0 (http://www.FeedBurner.com)"
66.249.68.52 - - [19/Mar/2012:23:25:00 -0700] "GET /r/1xem HTTP/1.1" 301 257 "-" "Mozilla/5.0 (iPhone; U; CPU iPhone OS 4_1 like Mac OS X; en-us) AppleWebKit/532.9 (KHTML, like Gecko) Version/4.0.5 Mobile/8B117 Safari/6531.22.7 (compatible; Googlebot-Mobile/2.1; +http://www.google.com/bot.html)"
66.249.68.52 - - [19/Mar/2012:23:25:00 -0700] "GET /s/ta/1xem/ HTTP/1.1" 302 325 "-" "Mozilla/5.0 (iPhone; U; CPU iPhone OS 4_1 like Mac OS X; en-us) AppleWebKit/532.9 (KHTML, like Gecko) Version/4.0.5 Mobile/8B117 Safari/6531.22.7 (compatible; Googlebot-Mobile/2.1; +http://www.google.com/bot.html)"
85.17.88.169 - - [19/Mar/2012:23:26:29 -0700] "POST /blog/wp-cron.php?doing_wp_cron=1332224638 HTTP/1.0" 499 0 "-" "WordPress/3.3.1; http://yuvi.in/blog"
72.55.158.77 - - [19/Mar/2012:23:26:30 -0700] "GET /blog/interview-sriram-krishnan-5-years-old/trackback/ HTTP/1.0" 302 0 "-" "Mozilla/5.0 (Windows; U; Windows NT 5.1; en-US; rv:1.9.2) Gecko/20100115 Firefox/3.6 (.NET CLR 3.5.30729)"
183.178.85.181 - - [19/Mar/2012:23:27:29 -0700] "GET /blog/tag/misc.html HTTP/1.1" 200 7680 "-" "Mozilla/4.0 (compatible; MSIE 5.5; Windows NT)"
85.17.88.169 - - [19/Mar/2012:23:27:42 -0700] "POST /blog/wp-cron.php?doing_wp_cron=1332224711 HTTP/1.0" 499 0 "-" "WordPress/3.3.1; http://yuvi.in/blog"
72.55.158.77 - - [19/Mar/2012:23:27:43 -0700] "GET /blog/interview-sriram-krishnan-5-years-old/ HTTP/1.0" 200 14239 "-" "Mozilla/5.0 (Windows; U; Windows NT 5.1; en-US; rv:1.9.2) Gecko/20100115 Firefox/3.6 (.NET CLR 3.5.30729)"
121.246.24.40 - - [19/Mar/2012:23:28:28 -0700] "GET /r/2hou HTTP/1.1" 301 257 "http://ta.wikipedia.org/wiki/%E0%AE%87%E0%AE%A8%E0%AF%8D%E0%AE%A4%E0%AE%BF%E0%AE%AF%E0%AE%95%E0%AF%8D_%E0%AE%95%E0%AF%81%E0%AE%B1%E0%AF%8D%E0%AE%B1%E0%AE%B5%E0%AE%BF%E0%AE%AF%E0%AE%B2%E0%AF%8D_%E0%AE%A8%E0%AE%9F%E0%AF%88%E0%AE%AE%E0%AF%81%E0%AE%B1%E0%AF%88%E0%AE%9A%E0%AF%8D_%E0%AE%9A%E0%AE%9F%E0%AF%8D%E0%AE%9F%E0%AE%AE%E0%AF%8D" "Mozilla/4.0 (compatible; MSIE 6.0; Windows NT 5.1; SV1; FunWebProducts; BTRS124507; .NET CLR 2.0.50727; .NET CLR 3.0.04506.30; .NET CLR 3.0.4506.2152; .NET CLR 3.5.30729; FunWebProducts)"
121.246.24.40 - - [19/Mar/2012:23:28:29 -0700] "GET /s/ta/2hou/ HTTP/1.1" 302 673 "http://ta.wikipedia.org/wiki/%E0%AE%87%E0%AE%A8%E0%AF%8D%E0%AE%A4%E0%AE%BF%E0%AE%AF%E0%AE%95%E0%AF%8D_%E0%AE%95%E0%AF%81%E0%AE%B1%E0%AF%8D%E0%AE%B1%E0%AE%B5%E0%AE%BF%E0%AE%AF%E0%AE%B2%E0%AF%8D_%E0%AE%A8%E0%AE%9F%E0%AF%88%E0%AE%AE%E0%AF%81%E0%AE%B1%E0%AF%88%E0%AE%9A%E0%AF%8D_%E0%AE%9A%E0%AE%9F%E0%AF%8D%E0%AE%9F%E0%AE%AE%E0%AF%8D" "Mozilla/4.0 (compatible; MSIE 6.0; Windows NT 5.1; SV1; FunWebProducts; BTRS124507; .NET CLR 2.0.50727; .NET CLR 3.0.04506.30; .NET CLR 3.0.4506.2152; .NET CLR 3.5.30729; FunWebProducts)"
85.17.88.169 - - [19/Mar/2012:23:28:49 -0700] "POST /blog/wp-cron.php?doing_wp_cron=1332224777 HTTP/1.0" 499 0 "-" "WordPress/3.3.1; http://yuvi.in/blog"
72.55.158.73 - - [19/Mar/2012:23:28:49 -0700] "GET /blog/interview-sriram-krishnan-5-years-old/trackback/ HTTP/1.0" 302 0 "-" "Mozilla/5.0 (Windows; U; Windows NT 5.1; en-US; rv:1.9.2) Gecko/20100115 Firefox/3.6 (.NET CLR 3.5.30729)"
76.170.73.191 - - [19/Mar/2012:23:29:19 -0700] "GET / HTTP/1.1" 200 1430 "-" "Mozilla/5.0 (X11; Linux i686) AppleWebKit/535.11 (KHTML, like Gecko) Chrome/17.0.963.56 Safari/535.11"
76.170.73.191 - - [19/Mar/2012:23:29:20 -0700] "GET /blueprint/screen.css HTTP/1.1" 200 12058 "http://yuvi.in/" "Mozilla/5.0 (X11; Linux i686) AppleWebKit/535.11 (KHTML, like Gecko) Chrome/17.0.963.56 Safari/535.11"
76.170.73.191 - - [19/Mar/2012:23:29:20 -0700] "GET /blueprint/print.css HTTP/1.1" 200 1284 "http://yuvi.in/" "Mozilla/5.0 (X11; Linux i686) AppleWebKit/535.11 (KHTML, like Gecko) Chrome/17.0.963.56 Safari/535.11"
76.170.73.191 - - [19/Mar/2012:23:29:20 -0700] "GET /header.png HTTP/1.1" 200 14249 "http://yuvi.in/" "Mozilla/5.0 (X11; Linux i686) AppleWebKit/535.11 (KHTML, like Gecko) Chrome/17.0.963.56 Safari/535.11"
76.170.73.191 - - [19/Mar/2012:23:29:21 -0700] "GET /favicon.ico HTTP/1.1" 404 199 "-" "Mozilla/5.0 (X11; Linux i686) AppleWebKit/535.11 (KHTML, like Gecko) Chrome/17.0.963.56 Safari/535.11"
213.186.127.13 - - [19/Mar/2012:23:29:27 -0700] "GET /blog/webfaction-review.html HTTP/1.1" 200 2222 "-" "Mozilla/5.0 (compatible; AhrefsBot/2.0; +http://ahrefs.com/robot/)"
76.170.73.191 - - [19/Mar/2012:23:29:29 -0700] "GET /blog HTTP/1.1" 301 178 "http://yuvi.in/" "Mozilla/5.0 (X11; Linux i686) AppleWebKit/535.11 (KHTML, like Gecko) Chrome/17.0.963.56 Safari/535.11"
85.17.88.169 - - [19/Mar/2012:23:29:31 -0700] "POST /blog/wp-cron.php?doing_wp_cron=1332224819 HTTP/1.0" 499 0 "-" "WordPress/3.3.1; http://yuvi.in/blog"
76.170.73.191 - - [19/Mar/2012:23:29:31 -0700] "GET /blog/ HTTP/1.1" 200 9193 "http://yuvi.in/" "Mozilla/5.0 (X11; Linux i686) AppleWebKit/535.11 (KHTML, like Gecko) Chrome/17.0.963.56 Safari/535.11"
76.170.73.191 - - [19/Mar/2012:23:29:32 -0700] "GET /blog/wp-content/themes/cleanr/js/jquery.dropdown.js?ver=3.3.1 HTTP/1.1" 200 535 "http://yuvi.in/blog/" "Mozilla/5.0 (X11; Linux i686) AppleWebKit/535.11 (KHTML, like Gecko) Chrome/17.0.963.56 Safari/535.11"
76.170.73.191 - - [19/Mar/2012:23:29:32 -0700] "GET /blog/wp-content/themes/cleanr/style.css HTTP/1.1" 200 10508 "http://yuvi.in/blog/" "Mozilla/5.0 (X11; Linux i686) AppleWebKit/535.11 (KHTML, like Gecko) Chrome/17.0.963.56 Safari/535.11"
76.170.73.191 - - [19/Mar/2012:23:29:32 -0700] "GET /blog/wp-content/themes/cleanr/css/reset.css HTTP/1.1" 200 648 "http://yuvi.in/blog/" "Mozilla/5.0 (X11; Linux i686) AppleWebKit/535.11 (KHTML, like Gecko) Chrome/17.0.963.56 Safari/535.11"
76.170.73.191 - - [19/Mar/2012:23:29:32 -0700] "GET /blog/wp-content/themes/cleanr/css/text.css HTTP/1.1" 200 420 "http://yuvi.in/blog/" "Mozilla/5.0 (X11; Linux i686) AppleWebKit/535.11 (KHTML, like Gecko) Chrome/17.0.963.56 Safari/535.11"
76.170.73.191 - - [19/Mar/2012:23:29:32 -0700] "GET /blog/wp-content/themes/cleanr/css/960.css HTTP/1.1" 200 3628 "http://yuvi.in/blog/" "Mozilla/5.0 (X11; Linux i686) AppleWebKit/535.11 (KHTML, like Gecko) Chrome/17.0.963.56 Safari/535.11"
76.170.73.191 - - [19/Mar/2012:23:29:32 -0700] "GET /blog/wp-includes/js/jquery/jquery.js?ver=1.7.1 HTTP/1.1" 200 93889 "http://yuvi.in/blog/" "Mozilla/5.0 (X11; Linux i686) AppleWebKit/535.11 (KHTML, like Gecko) Chrome/17.0.963.56 Safari/535.11"
76.170.73.191 - - [19/Mar/2012:23:29:33 -0700] "GET /blog/wp-content/themes/cleanr/images/search_magnifier.gif HTTP/1.1" 200 394 "http://yuvi.in/blog/" "Mozilla/5.0 (X11; Linux i686) AppleWebKit/535.11 (KHTML, like Gecko) Chrome/17.0.963.56 Safari/535.11"
76.170.73.191 - - [19/Mar/2012:23:29:34 -0700] "GET /favicon.ico HTTP/1.1" 404 199 "-" "Mozilla/5.0 (X11; Linux i686) AppleWebKit/535.11 (KHTML, like Gecko) Chrome/17.0.963.56 Safari/535.11"
85.17.88.169 - - [19/Mar/2012:23:30:23 -0700] "POST /blog/wp-cron.php?doing_wp_cron=1332224872 HTTP/1.0" 499 0 "-" "WordPress/3.3.1; http://yuvi.in/blog"
76.170.73.191 - - [19/Mar/2012:23:30:24 -0700] "GET /blog/page/2/ HTTP/1.1" 200 22955 "http://yuvi.in/blog/" "Mozilla/5.0 (X11; Linux i686) AppleWebKit/535.11 (KHTML, like Gecko) Chrome/17.0.963.56 Safari/535.11"
76.170.73.191 - - [19/Mar/2012:23:30:27 -0700] "GET /favicon.ico HTTP/1.1" 404 199 "-" "Mozilla/5.0 (X11; Linux i686) AppleWebKit/535.11 (KHTML, like Gecko) Chrome/17.0.963.56 Safari/535.11"
85.17.88.169 - - [19/Mar/2012:23:30:34 -0700] "POST /blog/wp-cron.php?doing_wp_cron=1332224882 HTTP/1.0" 499 0 "-" "WordPress/3.3.1; http://yuvi.in/blog"
76.170.73.191 - - [19/Mar/2012:23:30:34 -0700] "GET /blog/index.html HTTP/1.1" 404 3016 "http://yuvi.in/blog/page/2/" "Mozilla/5.0 (X11; Linux i686) AppleWebKit/535.11 (KHTML, like Gecko) Chrome/17.0.963.56 Safari/535.11"
76.170.73.191 - - [19/Mar/2012:23:30:35 -0700] "GET /favicon.ico HTTP/1.1" 404 199 "-" "Mozilla/5.0 (X11; Linux i686) AppleWebKit/535.11 (KHTML, like Gecko) Chrome/17.0.963.56 Safari/535.11"
72.55.158.73 - - [19/Mar/2012:23:32:42 -0700] "GET /blog/interview-sriram-krishnan-5-years-old/ HTTP/1.0" 200 14239 "-" "Mozilla/5.0 (Windows; U; Windows NT 5.1; en-US; rv:1.9.2) Gecko/20100115 Firefox/3.6 (.NET CLR 3.5.30729)"
76.170.73.191 - - [19/Mar/2012:23:33:38 -0700] "GET /favicon.ico HTTP/1.1" 404 199 "-" "Mozilla/5.0 (X11; Linux i686) AppleWebKit/535.11 (KHTML, like Gecko) Chrome/17.0.963.56 Safari/535.11"
85.17.88.169 - - [19/Mar/2012:23:33:42 -0700] "POST /blog/wp-cron.php?doing_wp_cron=1332225070 HTTP/1.0" 499 0 "-" "WordPress/3.3.1; http://yuvi.in/blog"
180.76.5.151 - - [19/Mar/2012:23:33:42 -0700] "GET /blog/2009/10/ HTTP/1.1" 200 10007 "-" "Mozilla/5.0 (compatible; Baiduspider/2.0; +http://www.baidu.com/search/spider.html)"
76.170.73.191 - - [19/Mar/2012:23:33:46 -0700] "GET /stories HTTP/1.1" 301 185 "http://yuvi.in/" "Mozilla/5.0 (X11; Linux i686) AppleWebKit/535.11 (KHTML, like Gecko) Chrome/17.0.963.56 Safari/535.11"
76.170.73.191 - - [19/Mar/2012:23:33:46 -0700] "GET /stories/ HTTP/1.1" 200 1271 "http://yuvi.in/" "Mozilla/5.0 (X11; Linux i686) AppleWebKit/535.11 (KHTML, like Gecko) Chrome/17.0.963.56 Safari/535.11"
76.170.73.191 - - [19/Mar/2012:23:33:46 -0700] "GET /stories/static/style.css HTTP/1.1" 200 1274 "http://yuvi.in/stories/" "Mozilla/5.0 (X11; Linux i686) AppleWebKit/535.11 (KHTML, like Gecko) Chrome/17.0.963.56 Safari/535.11"
76.170.73.191 - - [19/Mar/2012:23:33:46 -0700] "GET /stories/static/codehilite.css HTTP/1.1" 200 4012 "http://yuvi.in/stories/" "Mozilla/5.0 (X11; Linux i686) AppleWebKit/535.11 (KHTML, like Gecko) Chrome/17.0.963.56 Safari/535.11"
76.170.73.191 - - [19/Mar/2012:23:33:47 -0700] "GET /favicon.ico HTTP/1.1" 404 199 "-" "Mozilla/5.0 (X11; Linux i686) AppleWebKit/535.11 (KHTML, like Gecko) Chrome/17.0.963.56 Safari/535.11"
76.170.73.191 - - [19/Mar/2012:23:33:48 -0700] "GET /favicon.ico HTTP/1.1" 404 199 "-" "Mozilla/5.0 (X11; Linux i686) AppleWebKit/535.11 (KHTML, like Gecko) Chrome/17.0.963.56 Safari/535.11"
76.170.73.191 - - [19/Mar/2012:23:33:53 -0700] "-" 400 0 "-" "-"
76.170.73.191 - - [19/Mar/2012:23:33:53 -0700] "-" 400 0 "-" "-"
76.170.73.191 - - [19/Mar/2012:23:33:53 -0700] "-" 400 0 "-" "-"
76.170.73.191 - - [19/Mar/2012:23:34:14 -0700] "GET /stories HTTP/1.1" 301 185 "http://yuvi.in/" "Mozilla/5.0 (X11; Linux i686) AppleWebKit/535.11 (KHTML, like Gecko) Chrome/17.0.963.56 Safari/535.11"
76.170.73.191 - - [19/Mar/2012:23:34:15 -0700] "GET /favicon.ico HTTP/1.1" 404 199 "-" "Mozilla/5.0 (X11; Linux i686) AppleWebKit/535.11 (KHTML, like Gecko) Chrome/17.0.963.56 Safari/535.11"
76.170.73.191 - - [19/Mar/2012:23:34:27 -0700] "GET /blog HTTP/1.1" 301 178 "http://yuvi.in/stories/" "Mozilla/5.0 (X11; Linux i686) AppleWebKit/535.11 (KHTML, like Gecko) Chrome/17.0.963.56 Safari/535.11"
76.170.73.191 - - [19/Mar/2012:23:34:28 -0700] "GET /blog/ HTTP/1.1" 200 9193 "http://yuvi.in/stories/" "Mozilla/5.0 (X11; Linux i686) AppleWebKit/535.11 (KHTML, like Gecko) Chrome/17.0.963.56 Safari/535.11"
76.170.73.191 - - [19/Mar/2012:23:34:28 -0700] "GET /favicon.ico HTTP/1.1" 404 199 "-" "Mozilla/5.0 (X11; Linux i686) AppleWebKit/535.11 (KHTML, like Gecko) Chrome/17.0.963.56 Safari/535.11"
85.17.88.169 - - [19/Mar/2012:23:34:38 -0700] "POST /blog/wp-cron.php?doing_wp_cron=1332225126 HTTP/1.0" 499 0 "-" "WordPress/3.3.1; http://yuvi.in/blog"
76.170.73.191 - - [19/Mar/2012:23:34:38 -0700] "GET /blog/tag/code/ HTTP/1.1" 200 8170 "http://yuvi.in/blog/" "Mozilla/5.0 (X11; Linux i686) AppleWebKit/535.11 (KHTML, like Gecko) Chrome/17.0.963.56 Safari/535.11"
76.170.73.191 - - [19/Mar/2012:23:34:40 -0700] "GET /favicon.ico HTTP/1.1" 404 199 "-" "Mozilla/5.0 (X11; Linux i686) AppleWebKit/535.11 (KHTML, like Gecko) Chrome/17.0.963.56 Safari/535.11"
85.17.88.169 - - [19/Mar/2012:23:35:08 -0700] "POST /blog/wp-cron.php?doing_wp_cron=1332225156 HTTP/1.0" 499 0 "-" "WordPress/3.3.1; http://yuvi.in/blog"
209.85.224.80 - - [19/Mar/2012:23:35:08 -0700] "GET /blog/feed HTTP/1.1" 304 0 "-" "FeedBurner/1.0 (http://www.FeedBurner.com)"
69.171.234.6 - - [19/Mar/2012:23:35:23 -0700] "GET /r/1eg5 HTTP/1.1" 301 257 "-" "facebookexternalhit/1.1 (+http://www.facebook.com/externalhit_uatext.php)"
69.171.234.4 - - [19/Mar/2012:23:35:23 -0700] "GET /s/ta/1eg5/ HTTP/1.1" 302 337 "-" "facebookexternalhit/1.1 (+http://www.facebook.com/externalhit_uatext.php)"
65.52.109.152 - - [19/Mar/2012:23:35:33 -0700] "GET /robots.txt HTTP/1.1" 404 169 "-" "Mozilla/5.0 (compatible; bingbot/2.0; +http://www.bing.com/bingbot.htm)"
85.17.88.169 - - [19/Mar/2012:23:36:13 -0700] "POST /blog/wp-cron.php?doing_wp_cron=1332225221 HTTP/1.0" 499 0 "-" "WordPress/3.3.1; http://yuvi.in/blog"
209.85.238.115 - - [19/Mar/2012:23:36:13 -0700] "GET /blog/feed/ HTTP/1.1" 304 0 "-" "Feedfetcher-Google; (+http://www.google.com/feedfetcher.html; 19 subscribers; feed-id=15064232456473204253)"
85.17.88.169 - - [19/Mar/2012:23:36:26 -0700] "POST /blog/wp-cron.php?doing_wp_cron=1332225234 HTTP/1.0" 499 0 "-" "WordPress/3.3.1; http://yuvi.in/blog"
76.170.73.191 - - [19/Mar/2012:23:36:26 -0700] "GET /blog/sleepsort-4chan/ HTTP/1.1" 200 4446 "http://yuvi.in/blog/tag/code/" "Mozilla/5.0 (X11; Linux i686) AppleWebKit/535.11 (KHTML, like Gecko) Chrome/17.0.963.56 Safari/535.11"
76.170.73.191 - - [19/Mar/2012:23:36:27 -0700] "GET /favicon.ico HTTP/1.1" 404 199 "-" "Mozilla/5.0 (X11; Linux i686) AppleWebKit/535.11 (KHTML, like Gecko) Chrome/17.0.963.56 Safari/535.11"
76.170.73.191 - - [19/Mar/2012:23:36:28 -0700] "GET /favicon.ico HTTP/1.1" 404 199 "-" "Mozilla/5.0 (X11; Linux i686) AppleWebKit/535.11 (KHTML, like Gecko) Chrome/17.0.963.56 Safari/535.11"
76.170.73.191 - - [19/Mar/2012:23:36:28 -0700] "GET /favicon.ico HTTP/1.1" 404 199 "-" "Mozilla/5.0 (X11; Linux i686) AppleWebKit/535.11 (KHTML, like Gecko) Chrome/17.0.963.56 Safari/535.11"
76.170.73.191 - - [19/Mar/2012:23:36:28 -0700] "GET /favicon.ico HTTP/1.1" 404 199 "-" "Mozilla/5.0 (X11; Linux i686) AppleWebKit/535.11 (KHTML, like Gecko) Chrome/17.0.963.56 Safari/535.11"
76.170.73.191 - - [19/Mar/2012:23:36:28 -0700] "GET /favicon.ico HTTP/1.1" 404 199 "-" "Mozilla/5.0 (X11; Linux i686) AppleWebKit/535.11 (KHTML, like Gecko) Chrome/17.0.963.56 Safari/535.11"
85.17.88.169 - - [19/Mar/2012:23:36:30 -0700] "POST /blog/wp-cron.php?doing_wp_cron=1332225238 HTTP/1.0" 499 0 "-" "WordPress/3.3.1; http://yuvi.in/blog"
76.170.73.191 - - [19/Mar/2012:23:36:30 -0700] "GET /blog/sleepsort-4chan/?cf_action=sync_comments&post_id=154 HTTP/1.1" 200 48 "http://yuvi.in/blog/sleepsort-4chan/" "Mozilla/5.0 (X11; Linux i686) AppleWebKit/535.11 (KHTML, like Gecko) Chrome/17.0.963.56 Safari/535.11"
59.92.93.18 - - [19/Mar/2012:23:36:43 -0700] "-" 400 0 "-" "-"
189.30.191.240 - - [19/Mar/2012:23:40:18 -0700] "GET /blog/tag/code/ HTTP/1.1" 200 29919 "-" "Mozilla/5.0 (compatible; Googlebot/2.1; +http://www.google.com/bot.html)"
213.186.127.13 - - [19/Mar/2012:23:40:53 -0700] "GET /r/2yyz HTTP/1.1" 301 257 "-" "Mozilla/5.0 (compatible; AhrefsBot/2.0; +http://ahrefs.com/robot/)"
85.17.88.169 - - [19/Mar/2012:23:41:32 -0700] "POST /blog/wp-cron.php?doing_wp_cron=1332225540 HTTP/1.0" 499 0 "-" "WordPress/3.3.1; http://yuvi.in/blog"
209.85.238.115 - - [19/Mar/2012:23:41:32 -0700] "GET /blog/feed HTTP/1.1" 301 0 "-" "Feedfetcher-Google; (+http://www.google.com/feedfetcher.html; 3 subscribers; feed-id=17684830852112633560)"
85.17.88.169 - - [19/Mar/2012:23:41:34 -0700] "POST /blog/wp-cron.php?doing_wp_cron=1332225542 HTTP/1.0" 499 0 "-" "WordPress/3.3.1; http://yuvi.in/blog"
209.85.238.115 - - [19/Mar/2012:23:41:34 -0700] "GET /blog/feed/ HTTP/1.1" 304 0 "-" "Feedfetcher-Google; (+http://www.google.com/feedfetcher.html; 3 subscribers; feed-id=17684830852112633560)"
59.97.65.79 - - [19/Mar/2012:23:43:02 -0700] "-" 400 0 "-" "-"
59.97.65.79 - - [19/Mar/2012:23:43:02 -0700] "-" 400 0 "-" "-"
59.97.65.79 - - [19/Mar/2012:23:43:02 -0700] "-" 400 0 "-" "-"
59.97.65.79 - - [19/Mar/2012:23:43:02 -0700] "-" 400 0 "-" "-"
59.97.65.79 - - [19/Mar/2012:23:43:02 -0700] "-" 400 0 "-" "-"
59.97.65.79 - - [19/Mar/2012:23:43:02 -0700] "-" 400 0 "-" "-"
59.97.65.79 - - [19/Mar/2012:23:43:02 -0700] "-" 400 0 "-" "-"
59.97.65.79 - - [19/Mar/2012:23:43:02 -0700] "-" 400 0 "-" "-"
59.97.65.79 - - [19/Mar/2012:23:43:02 -0700] "-" 400 0 "-" "-"
59.97.65.79 - - [19/Mar/2012:23:43:02 -0700] "-" 400 0 "-" "-"
59.97.65.79 - - [19/Mar/2012:23:43:02 -0700] "-" 400 0 "-" "-"
59.97.65.79 - - [19/Mar/2012:23:43:02 -0700] "-" 400 0 "-" "-"
59.97.65.79 - - [19/Mar/2012:23:43:02 -0700] "-" 400 0 "-" "-"
59.97.65.79 - - [19/Mar/2012:23:43:02 -0700] "-" 400 0 "-" "-"
59.97.65.79 - - [19/Mar/2012:23:43:02 -0700] "-" 400 0 "-" "-"
59.97.65.79 - - [19/Mar/2012:23:43:02 -0700] "-" 400 0 "-" "-"
59.97.65.79 - - [19/Mar/2012:23:43:02 -0700] "-" 400 0 "-" "-"
59.97.65.79 - - [19/Mar/2012:23:43:02 -0700] "-" 400 0 "-" "-"
59.97.65.79 - - [19/Mar/2012:23:43:02 -0700] "-" 400 0 "-" "-"
