178.238.232.57 - - [06/Mar/2012:07:40:04 -0800] "GET /blog/2010/04/ HTTP/1.1" 200 24284 "-" "Mozilla/5.0 (Windows; U; Windows NT 5.1; en-US; rv:1.9.1.3) Gecko/20090824 Firefox/3.5.3 GTB5"
85.17.88.169 - - [06/Mar/2012:07:40:06 -0800] "POST /blog/wp-cron.php?doing_wp_cron=1331048363 HTTP/1.0" 499 0 "-" "WordPress/3.3.1; http://yuvi.in/blog"
178.238.232.57 - - [06/Mar/2012:07:40:08 -0800] "GET /blog/2010/03/ HTTP/1.1" 200 22844 "-" "Mozilla/5.0 (Windows; U; Windows NT 5.1; en-US; rv:1.9.1.3) Gecko/20090824 Firefox/3.5.3 GTB5"
85.17.88.169 - - [06/Mar/2012:07:40:10 -0800] "POST /blog/wp-cron.php?doing_wp_cron=1331048367 HTTP/1.0" 499 0 "-" "WordPress/3.3.1; http://yuvi.in/blog"
178.238.232.57 - - [06/Mar/2012:07:40:11 -0800] "GET /blog/2010/01/ HTTP/1.1" 200 19749 "-" "Mozilla/5.0 (Windows; U; Windows NT 5.1; en-US; rv:1.9.1.3) Gecko/20090824 Firefox/3.5.3 GTB5"
85.17.88.169 - - [06/Mar/2012:07:40:13 -0800] "POST /blog/wp-cron.php?doing_wp_cron=1331048369 HTTP/1.0" 499 0 "-" "WordPress/3.3.1; http://yuvi.in/blog"
178.238.232.57 - - [06/Mar/2012:07:40:13 -0800] "GET /blog/2009/12/ HTTP/1.1" 200 17866 "-" "Mozilla/5.0 (Windows; U; Windows NT 5.1; en-US; rv:1.9.1.3) Gecko/20090824 Firefox/3.5.3 GTB5"
85.17.88.169 - - [06/Mar/2012:07:40:15 -0800] "POST /blog/wp-cron.php?doing_wp_cron=1331048372 HTTP/1.0" 499 0 "-" "WordPress/3.3.1; http://yuvi.in/blog"
178.238.232.57 - - [06/Mar/2012:07:40:16 -0800] "GET /blog/2009/11/ HTTP/1.1" 200 14983 "-" "Mozilla/5.0 (Windows; U; Windows NT 5.1; en-US; rv:1.9.1.3) Gecko/20090824 Firefox/3.5.3 GTB5"
85.17.88.169 - - [06/Mar/2012:07:40:18 -0800] "POST /blog/wp-cron.php?doing_wp_cron=1331048375 HTTP/1.0" 499 0 "-" "WordPress/3.3.1; http://yuvi.in/blog"
178.238.232.57 - - [06/Mar/2012:07:40:19 -0800] "GET /blog/2009/10/ HTTP/1.1" 200 32916 "-" "Mozilla/5.0 (Windows; U; Windows NT 5.1; en-US; rv:1.9.1.3) Gecko/20090824 Firefox/3.5.3 GTB5"
85.17.88.169 - - [06/Mar/2012:07:40:21 -0800] "POST /blog/wp-cron.php?doing_wp_cron=1331048378 HTTP/1.0" 499 0 "-" "WordPress/3.3.1; http://yuvi.in/blog"
178.238.232.57 - - [06/Mar/2012:07:40:22 -0800] "GET /blog/2009/09/ HTTP/1.1" 200 16609 "-" "Mozilla/5.0 (Windows; U; Windows NT 5.1; en-US; rv:1.9.1.3) Gecko/20090824 Firefox/3.5.3 GTB5"
85.17.88.169 - - [06/Mar/2012:07:40:23 -0800] "POST /blog/wp-cron.php?doing_wp_cron=1331048380 HTTP/1.0" 499 0 "-" "WordPress/3.3.1; http://yuvi.in/blog"
178.238.232.57 - - [06/Mar/2012:07:40:25 -0800] "GET /blog/2009/08/ HTTP/1.1" 200 24604 "-" "Mozilla/5.0 (Windows; U; Windows NT 5.1; en-US; rv:1.9.1.3) Gecko/20090824 Firefox/3.5.3 GTB5"
178.238.232.57 - - [06/Mar/2012:07:40:28 -0800] "GET /blog/2009/07/ HTTP/1.1" 200 33290 "-" "Mozilla/5.0 (Windows; U; Windows NT 5.1; en-US; rv:1.9.1.3) Gecko/20090824 Firefox/3.5.3 GTB5"
178.238.232.57 - - [06/Mar/2012:07:40:29 -0800] "GET /blog/2009/06/ HTTP/1.1" 200 27969 "-" "Mozilla/5.0 (Windows; U; Windows NT 5.1; en-US; rv:1.9.1.3) Gecko/20090824 Firefox/3.5.3 GTB5"
122.174.120.240 - - [06/Mar/2012:07:42:11 -0800] "GET /r/1u9 HTTP/1.1" 301 255 "http://ta.wikipedia.org/wiki/%E0%AE%A4%E0%AE%BF%E0%AE%B0%E0%AF%81%E0%AE%A8%E0%AE%BE%E0%AE%B5%E0%AF%81%E0%AE%95%E0%AF%8D%E0%AE%95%E0%AE%B0%E0%AE%9A%E0%AF%81_%E0%AE%A8%E0%AE%BE%E0%AE%AF%E0%AE%A9%E0%AE%BE%E0%AE%B0%E0%AF%8D" "Mozilla/5.0 (Windows NT 5.1; rv:10.0.2) Gecko/20100101 Firefox/10.0.2"
122.174.120.240 - - [06/Mar/2012:07:42:11 -0800] "GET /s/ta/1u9/ HTTP/1.1" 302 521 "http://ta.wikipedia.org/wiki/%E0%AE%A4%E0%AE%BF%E0%AE%B0%E0%AF%81%E0%AE%A8%E0%AE%BE%E0%AE%B5%E0%AF%81%E0%AE%95%E0%AF%8D%E0%AE%95%E0%AE%B0%E0%AE%9A%E0%AF%81_%E0%AE%A8%E0%AE%BE%E0%AE%AF%E0%AE%A9%E0%AE%BE%E0%AE%B0%E0%AF%8D" "Mozilla/5.0 (Windows NT 5.1; rv:10.0.2) Gecko/20100101 Firefox/10.0.2"
122.174.120.240 - - [06/Mar/2012:07:42:16 -0800] "-" 400 0 "-" "-"
207.46.204.164 - - [06/Mar/2012:07:43:23 -0800] "-" 400 0 "-" "-"
207.46.204.164 - - [06/Mar/2012:07:43:27 -0800] "-" 400 0 "-" "-"
207.46.204.164 - - [06/Mar/2012:07:43:27 -0800] "-" 400 0 "-" "-"
207.46.204.164 - - [06/Mar/2012:07:43:31 -0800] "-" 400 0 "-" "-"
207.46.204.164 - - [06/Mar/2012:07:43:31 -0800] "-" 400 0 "-" "-"
207.46.204.216 - - [06/Mar/2012:07:43:45 -0800] "-" 400 0 "-" "-"
207.46.204.164 - - [06/Mar/2012:07:43:48 -0800] "-" 400 0 "-" "-"
207.46.204.164 - - [06/Mar/2012:07:43:48 -0800] "-" 400 0 "-" "-"
207.46.204.164 - - [06/Mar/2012:07:43:48 -0800] "-" 400 0 "-" "-"
207.46.204.164 - - [06/Mar/2012:07:43:49 -0800] "-" 400 0 "-" "-"
207.46.204.216 - - [06/Mar/2012:07:43:55 -0800] "-" 400 0 "-" "-"
207.46.204.216 - - [06/Mar/2012:07:43:57 -0800] "-" 400 0 "-" "-"
207.46.204.216 - - [06/Mar/2012:07:43:57 -0800] "-" 400 0 "-" "-"
207.46.204.216 - - [06/Mar/2012:07:44:00 -0800] "-" 400 0 "-" "-"
207.46.204.216 - - [06/Mar/2012:07:44:07 -0800] "-" 400 0 "-" "-"
207.46.204.164 - - [06/Mar/2012:07:44:10 -0800] "-" 400 0 "-" "-"
207.46.204.216 - - [06/Mar/2012:07:44:12 -0800] "-" 400 0 "-" "-"
207.46.204.216 - - [06/Mar/2012:07:44:13 -0800] "-" 400 0 "-" "-"
207.46.12.76 - - [06/Mar/2012:07:44:22 -0800] "-" 400 0 "-" "-"
207.46.204.216 - - [06/Mar/2012:07:44:23 -0800] "-" 400 0 "-" "-"
207.46.204.216 - - [06/Mar/2012:07:44:32 -0800] "-" 400 0 "-" "-"
207.46.12.76 - - [06/Mar/2012:07:44:34 -0800] "-" 400 0 "-" "-"
207.46.12.76 - - [06/Mar/2012:07:44:36 -0800] "-" 400 0 "-" "-"
207.46.12.76 - - [06/Mar/2012:07:44:36 -0800] "-" 400 0 "-" "-"
207.46.12.76 - - [06/Mar/2012:07:44:36 -0800] "-" 400 0 "-" "-"
207.46.12.76 - - [06/Mar/2012:07:45:01 -0800] "-" 400 0 "-" "-"
101.63.213.14 - - [06/Mar/2012:07:45:42 -0800] "-" 400 0 "-" "-"
117.193.174.50 - - [06/Mar/2012:07:45:44 -0800] "-" 400 0 "-" "-"
85.17.88.169 - - [06/Mar/2012:07:47:08 -0800] "POST /blog/wp-cron.php?doing_wp_cron=1331048784 HTTP/1.0" 499 0 "-" "WordPress/3.3.1; http://yuvi.in/blog"
209.85.224.87 - - [06/Mar/2012:07:47:08 -0800] "GET /blog/feed HTTP/1.1" 304 0 "-" "FeedBurner/1.0 (http://www.FeedBurner.com)"
117.193.174.50 - - [06/Mar/2012:07:47:24 -0800] "-" 400 0 "-" "-"
213.186.127.13 - - [06/Mar/2012:07:47:45 -0800] "GET /r/1567 HTTP/1.1" 301 257 "-" "Mozilla/5.0 (compatible; AhrefsBot/2.0; +http://ahrefs.com/robot/)"
122.164.112.114 - - [06/Mar/2012:07:48:09 -0800] "GET /r2j29 HTTP/1.1" 404 211 "-" "Mozilla/5.0 (Windows NT 5.1) AppleWebKit/535.11 (KHTML, like Gecko) Chrome/17.0.963.56 Safari/535.11"
122.164.112.114 - - [06/Mar/2012:07:48:09 -0800] "GET /favicon.ico HTTP/1.1" 404 211 "-" "Mozilla/5.0 (Windows NT 5.1) AppleWebKit/535.11 (KHTML, like Gecko) Chrome/17.0.963.56 Safari/535.11"
122.164.112.114 - - [06/Mar/2012:07:48:19 -0800] "-" 400 0 "-" "-"
122.164.112.114 - - [06/Mar/2012:07:48:29 -0800] "-" 400 0 "-" "-"
85.17.88.169 - - [06/Mar/2012:07:48:31 -0800] "POST /blog/wp-cron.php?doing_wp_cron=1331048868 HTTP/1.0" 499 0 "-" "WordPress/3.3.1; http://yuvi.in/blog"
116.202.104.99 - - [06/Mar/2012:07:48:31 -0800] "GET /blog/infosys-tcs-or-wipro-none/ HTTP/1.1" 200 7079 "http://www.google.co.in/url?sa=t&rct=j&q=tcs%20and%20wipr&source=web&cd=8&ved=0CHgQFjAH&url=http%3A%2F%2Fyuvi.in%2Fblog%2Finfosys-tcs-or-wipro-none%2F&ei=mC9WT-KUNsmLswaLkKjcBg&usg=AFQjCNFFymVRTHm740-I9A4VqJxKWQnZng" "Mozilla/4.0 (compatible; MSIE 8.0; Windows NT 6.1; WOW64; Trident/4.0; SLCC2; .NET CLR 2.0.50727; .NET CLR 3.5.30729; .NET CLR 3.0.30729; MALN; BRI/1; .NET4.0C; InfoPath.2)"
116.202.104.99 - - [06/Mar/2012:07:48:33 -0800] "GET /blog/wp-content/themes/cleanr/style.css HTTP/1.1" 200 10508 "http://yuvi.in/blog/infosys-tcs-or-wipro-none/" "Mozilla/4.0 (compatible; MSIE 8.0; Windows NT 6.1; WOW64; Trident/4.0; SLCC2; .NET CLR 2.0.50727; .NET CLR 3.5.30729; .NET CLR 3.0.30729; MALN; BRI/1; .NET4.0C; InfoPath.2)"
116.202.104.99 - - [06/Mar/2012:07:48:35 -0800] "GET /blog/wp-content/themes/cleanr/css/reset.css HTTP/1.1" 200 648 "http://yuvi.in/blog/infosys-tcs-or-wipro-none/" "Mozilla/4.0 (compatible; MSIE 8.0; Windows NT 6.1; WOW64; Trident/4.0; SLCC2; .NET CLR 2.0.50727; .NET CLR 3.5.30729; .NET CLR 3.0.30729; MALN; BRI/1; .NET4.0C; InfoPath.2)"
116.202.104.99 - - [06/Mar/2012:07:48:35 -0800] "GET /blog/wp-content/themes/cleanr/css/text.css HTTP/1.1" 200 420 "http://yuvi.in/blog/infosys-tcs-or-wipro-none/" "Mozilla/4.0 (compatible; MSIE 8.0; Windows NT 6.1; WOW64; Trident/4.0; SLCC2; .NET CLR 2.0.50727; .NET CLR 3.5.30729; .NET CLR 3.0.30729; MALN; BRI/1; .NET4.0C; InfoPath.2)"
116.202.104.99 - - [06/Mar/2012:07:48:36 -0800] "GET /blog/wp-content/themes/cleanr/css/960.css HTTP/1.1" 200 3628 "http://yuvi.in/blog/infosys-tcs-or-wipro-none/" "Mozilla/4.0 (compatible; MSIE 8.0; Windows NT 6.1; WOW64; Trident/4.0; SLCC2; .NET CLR 2.0.50727; .NET CLR 3.5.30729; .NET CLR 3.0.30729; MALN; BRI/1; .NET4.0C; InfoPath.2)"
116.202.104.99 - - [06/Mar/2012:07:48:37 -0800] "GET /blog/wp-content/themes/cleanr/css/ie.css HTTP/1.1" 200 390 "http://yuvi.in/blog/infosys-tcs-or-wipro-none/" "Mozilla/4.0 (compatible; MSIE 8.0; Windows NT 6.1; WOW64; Trident/4.0; SLCC2; .NET CLR 2.0.50727; .NET CLR 3.5.30729; .NET CLR 3.0.30729; MALN; BRI/1; .NET4.0C; InfoPath.2)"
116.202.104.99 - - [06/Mar/2012:07:48:38 -0800] "GET /blog/wp-content/themes/cleanr/js/jquery.dropdown.js?ver=3.3.1 HTTP/1.1" 200 535 "http://yuvi.in/blog/infosys-tcs-or-wipro-none/" "Mozilla/4.0 (compatible; MSIE 8.0; Windows NT 6.1; WOW64; Trident/4.0; SLCC2; .NET CLR 2.0.50727; .NET CLR 3.5.30729; .NET CLR 3.0.30729; MALN; BRI/1; .NET4.0C; InfoPath.2)"
116.202.104.99 - - [06/Mar/2012:07:48:40 -0800] "GET /blog/wp-includes/js/jquery/jquery.js?ver=1.7.1 HTTP/1.1" 200 93889 "http://yuvi.in/blog/infosys-tcs-or-wipro-none/" "Mozilla/4.0 (compatible; MSIE 8.0; Windows NT 6.1; WOW64; Trident/4.0; SLCC2; .NET CLR 2.0.50727; .NET CLR 3.5.30729; .NET CLR 3.0.30729; MALN; BRI/1; .NET4.0C; InfoPath.2)"
116.202.104.99 - - [06/Mar/2012:07:48:42 -0800] "GET /blog/wp-content/themes/cleanr/images/search_magnifier.gif HTTP/1.1" 200 394 "http://yuvi.in/blog/infosys-tcs-or-wipro-none/" "Mozilla/4.0 (compatible; MSIE 8.0; Windows NT 6.1; WOW64; Trident/4.0; SLCC2; .NET CLR 2.0.50727; .NET CLR 3.5.30729; .NET CLR 3.0.30729; MALN; BRI/1; .NET4.0C; InfoPath.2)"
116.202.104.99 - - [06/Mar/2012:07:48:43 -0800] "GET /favicon.ico HTTP/1.1" 404 199 "-" "Mozilla/4.0 (compatible; MSIE 8.0; Windows NT 6.1; WOW64; Trident/4.0; SLCC2; .NET CLR 2.0.50727; .NET CLR 3.5.30729; .NET CLR 3.0.30729; MALN; BRI/1; .NET4.0C; InfoPath.2)"
85.17.88.169 - - [06/Mar/2012:07:48:59 -0800] "POST /blog/wp-cron.php?doing_wp_cron=1331048895 HTTP/1.0" 499 0 "-" "WordPress/3.3.1; http://yuvi.in/blog"
116.202.104.99 - - [06/Mar/2012:07:48:59 -0800] "GET /blog/infosys-tcs-or-wipro-none/?cf_action=sync_comments&post_id=124 HTTP/1.1" 200 48 "http://yuvi.in/blog/infosys-tcs-or-wipro-none/" "Mozilla/4.0 (compatible; MSIE 8.0; Windows NT 6.1; WOW64; Trident/4.0; SLCC2; .NET CLR 2.0.50727; .NET CLR 3.5.30729; .NET CLR 3.0.30729; MALN; BRI/1; .NET4.0C; InfoPath.2)"
85.17.88.169 - - [06/Mar/2012:07:49:38 -0800] "POST /blog/wp-cron.php?doing_wp_cron=1331048935 HTTP/1.0" 499 0 "-" "WordPress/3.3.1; http://yuvi.in/blog"
101.226.33.171 - - [06/Mar/2012:07:49:38 -0800] "GET /blog/feed HTTP/1.0" 304 0 "-" "Mozilla/4.0 (compatible; Windows;)"
66.249.71.116 - - [06/Mar/2012:07:50:33 -0800] "GET /s/ta/pag%E0%AE%95%E0%AE%9F%E0%AF%8D%E0%AE%9F%E0%AE%B1%E0%AF%8D%E0%AE%B1/ HTTP/1.1" 502 173 "-" "Mozilla/5.0 (compatible; Googlebot/2.1; +http://www.google.com/bot.html)"
122.164.112.114 - - [06/Mar/2012:07:53:16 -0800] "GET /r/2j29 HTTP/1.1" 301 257 "-" "Mozilla/5.0 (Windows NT 5.1) AppleWebKit/535.11 (KHTML, like Gecko) Chrome/17.0.963.56 Safari/535.11"
122.164.112.114 - - [06/Mar/2012:07:53:17 -0800] "GET /s/ta/2j29/ HTTP/1.1" 302 337 "-" "Mozilla/5.0 (Windows NT 5.1) AppleWebKit/535.11 (KHTML, like Gecko) Chrome/17.0.963.56 Safari/535.11"
122.164.112.114 - - [06/Mar/2012:07:53:32 -0800] "-" 400 0 "-" "-"
115.242.228.2 - - [06/Mar/2012:07:59:50 -0800] "-" 400 0 "-" "-"
59.184.117.16 - - [06/Mar/2012:08:01:47 -0800] "-" 400 0 "-" "-"
59.184.117.16 - - [06/Mar/2012:08:01:47 -0800] "-" 400 0 "-" "-"
59.184.117.16 - - [06/Mar/2012:08:04:37 -0800] "-" 400 0 "-" "-"
59.184.117.16 - - [06/Mar/2012:08:04:37 -0800] "-" 400 0 "-" "-"
59.184.117.16 - - [06/Mar/2012:08:04:37 -0800] "-" 400 0 "-" "-"
59.184.117.16 - - [06/Mar/2012:08:04:37 -0800] "-" 400 0 "-" "-"
207.46.204.212 - - [06/Mar/2012:08:05:08 -0800] "-" 400 0 "-" "-"
207.46.204.212 - - [06/Mar/2012:08:05:08 -0800] "-" 400 0 "-" "-"
207.46.204.212 - - [06/Mar/2012:08:05:08 -0800] "-" 400 0 "-" "-"
207.46.204.212 - - [06/Mar/2012:08:05:08 -0800] "-" 400 0 "-" "-"
207.46.204.212 - - [06/Mar/2012:08:05:08 -0800] "-" 400 0 "-" "-"
207.46.204.212 - - [06/Mar/2012:08:05:08 -0800] "-" 400 0 "-" "-"
207.46.204.212 - - [06/Mar/2012:08:05:08 -0800] "-" 400 0 "-" "-"
207.46.204.212 - - [06/Mar/2012:08:05:08 -0800] "-" 400 0 "-" "-"
59.184.117.16 - - [06/Mar/2012:08:05:27 -0800] "-" 400 0 "-" "-"
59.184.117.16 - - [06/Mar/2012:08:05:27 -0800] "-" 400 0 "-" "-"
85.17.88.169 - - [06/Mar/2012:08:05:33 -0800] "POST /blog/wp-cron.php?doing_wp_cron=1331049890 HTTP/1.0" 499 0 "-" "WordPress/3.3.1; http://yuvi.in/blog"
100.43.83.144 - - [06/Mar/2012:08:05:34 -0800] "GET /blog/block-cursor-vs-post-cursor-gvim-vs-emacs/ HTTP/1.1" 200 4682 "-" "Mozilla/5.0 (compatible; YandexBot/3.0; +http://yandex.com/bots)"
207.46.204.212 - - [06/Mar/2012:08:05:45 -0800] "-" 400 0 "-" "-"
207.46.204.212 - - [06/Mar/2012:08:06:05 -0800] "-" 400 0 "-" "-"
207.46.204.212 - - [06/Mar/2012:08:06:05 -0800] "-" 400 0 "-" "-"
150.70.75.36 - - [06/Mar/2012:08:06:56 -0800] "GET /send/2xMmdz02zSLGSPkU/1611 HTTP/1.0" 404 571 "-" "Mozilla/4.0 (compatible; MSIE 6.0; Windows NT 5.1)"
217.164.161.104 - - [06/Mar/2012:08:07:11 -0800] "GET /r/759 HTTP/1.0" 301 255 "http://ta.wikipedia.org/wiki/%E0%AE%B5%E0%AE%B3%E0%AE%B0%E0%AF%8D%E0%AE%A4%E0%AF%8A%E0%AE%B4%E0%AE%BF%E0%AE%B2%E0%AF%8D_(%E0%AE%87%E0%AE%A4%E0%AE%B4%E0%AF%8D)" "Mozilla/5.0 (Windows NT 6.1; WOW64; rv:10.0.2) Gecko/20100101 Firefox/10.0.2"
217.164.161.104 - - [06/Mar/2012:08:07:11 -0800] "GET /s/ta/759/ HTTP/1.0" 302 445 "http://ta.wikipedia.org/wiki/%E0%AE%B5%E0%AE%B3%E0%AE%B0%E0%AF%8D%E0%AE%A4%E0%AF%8A%E0%AE%B4%E0%AE%BF%E0%AE%B2%E0%AF%8D_(%E0%AE%87%E0%AE%A4%E0%AE%B4%E0%AF%8D)" "Mozilla/5.0 (Windows NT 6.1; WOW64; rv:10.0.2) Gecko/20100101 Firefox/10.0.2"
117.197.191.72 - - [06/Mar/2012:08:07:40 -0800] "GET /r/2wcy HTTP/1.1" 301 257 "http://ta.wikipedia.org/wiki/%E0%AE%85%E0%AE%A9%E0%AE%BF%E0%AE%B0%E0%AF%81%E0%AE%A4%E0%AF%8D%E0%AE%A4%E0%AE%A9%E0%AF%8D" "Mozilla/5.0 (Windows NT 6.1; WOW64) AppleWebKit/535.11 (KHTML, like Gecko) Chrome/17.0.963.56 Safari/535.11"
117.197.191.72 - - [06/Mar/2012:08:07:40 -0800] "GET /s/ta/2wcy/ HTTP/1.1" 302 385 "http://ta.wikipedia.org/wiki/%E0%AE%85%E0%AE%A9%E0%AE%BF%E0%AE%B0%E0%AF%81%E0%AE%A4%E0%AF%8D%E0%AE%A4%E0%AE%A9%E0%AF%8D" "Mozilla/5.0 (Windows NT 6.1; WOW64) AppleWebKit/535.11 (KHTML, like Gecko) Chrome/17.0.963.56 Safari/535.11"
66.249.71.116 - - [06/Mar/2012:08:07:46 -0800] "GET /r/1pph HTTP/1.1" 301 257 "-" "Mozilla/5.0 (compatible; Googlebot/2.1; +http://www.google.com/bot.html)"
117.213.90.134 - - [06/Mar/2012:08:07:46 -0800] "-" 400 0 "-" "-"
66.249.71.116 - - [06/Mar/2012:08:07:47 -0800] "GET /s/ta/1pph/ HTTP/1.1" 302 409 "-" "Mozilla/5.0 (compatible; Googlebot/2.1; +http://www.google.com/bot.html)"
117.197.191.72 - - [06/Mar/2012:08:07:50 -0800] "-" 400 0 "-" "-"
85.17.88.169 - - [06/Mar/2012:08:09:47 -0800] "POST /blog/wp-cron.php?doing_wp_cron=1331050144 HTTP/1.0" 499 0 "-" "WordPress/3.3.1; http://yuvi.in/blog"
72.14.199.121 - - [06/Mar/2012:08:09:48 -0800] "GET /blog/feed HTTP/1.1" 301 0 "-" "Feedfetcher-Google; (+http://www.google.com/feedfetcher.html; 3 subscribers; feed-id=17684830852112633560)"
85.17.88.169 - - [06/Mar/2012:08:09:50 -0800] "POST /blog/wp-cron.php?doing_wp_cron=1331050147 HTTP/1.0" 499 0 "-" "WordPress/3.3.1; http://yuvi.in/blog"
72.14.199.121 - - [06/Mar/2012:08:09:50 -0800] "GET /blog/feed/ HTTP/1.1" 304 0 "-" "Feedfetcher-Google; (+http://www.google.com/feedfetcher.html; 3 subscribers; feed-id=17684830852112633560)"
95.34.238.136 - - [06/Mar/2012:08:10:15 -0800] "GET /robots.txt HTTP/1.0" 404 169 "-" "Mozilla/5.0 (compatible; MJ12bot/v1.4.2; http://www.majestic12.co.uk/bot.php?+)"
95.34.238.136 - - [06/Mar/2012:08:10:17 -0800] "GET /blog HTTP/1.0" 301 178 "-" "Mozilla/5.0 (compatible; MJ12bot/v1.4.2; http://www.majestic12.co.uk/bot.php?+)"
195.166.81.37 - - [06/Mar/2012:08:10:19 -0800] "GET / HTTP/1.1" 200 1430 "-" "Mozilla/5.0 (Macintosh; Intel Mac OS X 10_7) AppleWebKit/534.48.3 (KHTML, like Gecko) Version/5.1 Safari/534.48.3"
195.166.81.37 - - [06/Mar/2012:08:10:19 -0800] "GET /blueprint/screen.css HTTP/1.1" 200 12058 "http://yuvi.in/" "Mozilla/5.0 (Macintosh; Intel Mac OS X 10_7) AppleWebKit/534.48.3 (KHTML, like Gecko) Version/5.1 Safari/534.48.3"
195.166.81.37 - - [06/Mar/2012:08:10:20 -0800] "GET /header.png HTTP/1.1" 200 14249 "http://yuvi.in/" "Mozilla/5.0 (Macintosh; Intel Mac OS X 10_7) AppleWebKit/534.48.3 (KHTML, like Gecko) Version/5.1 Safari/534.48.3"
85.17.88.169 - - [06/Mar/2012:08:10:20 -0800] "POST /blog/wp-cron.php?doing_wp_cron=1331050177 HTTP/1.0" 499 0 "-" "WordPress/3.3.1; http://yuvi.in/blog"
195.166.81.37 - - [06/Mar/2012:08:10:20 -0800] "GET /blueprint/print.css HTTP/1.1" 200 1284 "http://yuvi.in/" "Mozilla/5.0 (Macintosh; Intel Mac OS X 10_7) AppleWebKit/534.48.3 (KHTML, like Gecko) Version/5.1 Safari/534.48.3"
95.34.238.136 - - [06/Mar/2012:08:10:21 -0800] "GET /blog/ HTTP/1.0" 200 44021 "-" "Mozilla/5.0 (compatible; MJ12bot/v1.4.2; http://www.majestic12.co.uk/bot.php?+)"
141.0.9.158 - - [06/Mar/2012:08:10:22 -0800] "-" 400 0 "-" "-"
101.63.157.109 - - [06/Mar/2012:08:12:10 -0800] "GET /r/1ukb HTTP/1.1" 301 257 "http://ta.wikipedia.org/wiki/%E0%AE%AA%E0%AF%8B%E0%AE%A4%E0%AE%BF%E0%AE%A4%E0%AE%B0%E0%AF%8D%E0%AE%AE%E0%AE%A9%E0%AF%8D" "Mozilla/5.0 (Windows NT 6.1; rv:10.0.2) Gecko/20100101 Firefox/10.0.2"
101.63.157.109 - - [06/Mar/2012:08:12:12 -0800] "GET /s/ta/1ukb/ HTTP/1.1" 302 389 "http://ta.wikipedia.org/wiki/%E0%AE%AA%E0%AF%8B%E0%AE%A4%E0%AE%BF%E0%AE%A4%E0%AE%B0%E0%AF%8D%E0%AE%AE%E0%AE%A9%E0%AF%8D" "Mozilla/5.0 (Windows NT 6.1; rv:10.0.2) Gecko/20100101 Firefox/10.0.2"
101.63.157.109 - - [06/Mar/2012:08:12:17 -0800] "-" 400 0 "-" "-"
199.59.149.166 - - [06/Mar/2012:08:15:57 -0800] "GET /r/z2o HTTP/1.1" 301 255 "-" "Twitterbot/1.0"
50.18.25.52 - - [06/Mar/2012:08:15:57 -0800] "HEAD /r/z2o HTTP/1.1" 301 0 "-" "UnwindFetchor/1.0 (+http://www.gnip.com/)"
199.59.149.166 - - [06/Mar/2012:08:15:57 -0800] "GET /s/ta/z2o/ HTTP/1.1" 302 473 "-" "Twitterbot/1.0"
50.18.25.52 - - [06/Mar/2012:08:15:57 -0800] "HEAD /s/ta/z2o/ HTTP/1.1" 302 0 "-" "UnwindFetchor/1.0 (+http://www.gnip.com/)"
184.72.46.215 - - [06/Mar/2012:08:15:58 -0800] "HEAD /r/z2o HTTP/1.1" 301 0 "-" "UnwindFetchor/1.0 (+http://www.gnip.com/)"
184.72.46.215 - - [06/Mar/2012:08:15:58 -0800] "HEAD /s/ta/z2o/ HTTP/1.1" 302 0 "-" "UnwindFetchor/1.0 (+http://www.gnip.com/)"
89.151.116.53 - - [06/Mar/2012:08:15:59 -0800] "GET /r/z2o HTTP/1.1" 301 255 "-" "Mozilla/5.0 (compatible; TweetmemeBot/2.11; +http://tweetmeme.com/)"
89.151.116.53 - - [06/Mar/2012:08:15:59 -0800] "GET /s/ta/z2o/ HTTP/1.1" 302 473 "-" "Mozilla/5.0 (compatible; TweetmemeBot/2.11; +http://tweetmeme.com/)"
50.18.121.64 - - [06/Mar/2012:08:16:01 -0800] "HEAD /r/z2o HTTP/1.1" 301 0 "-" "UnwindFetchor/1.0 (+http://www.gnip.com/)"
50.18.121.64 - - [06/Mar/2012:08:16:01 -0800] "HEAD /s/ta/z2o/ HTTP/1.1" 302 0 "-" "UnwindFetchor/1.0 (+http://www.gnip.com/)"
50.18.36.217 - - [06/Mar/2012:08:16:41 -0800] "GET /r/z2o HTTP/1.1" 301 255 "-" "JS-Kit URL Resolver, http://js-kit.com/"
50.18.36.217 - - [06/Mar/2012:08:16:41 -0800] "GET /s/ta/z2o/ HTTP/1.1" 302 473 "-" "JS-Kit URL Resolver, http://js-kit.com/"
117.193.249.177 - - [06/Mar/2012:08:16:49 -0800] "-" 400 0 "-" "-"
85.17.88.169 - - [06/Mar/2012:08:16:52 -0800] "POST /blog/wp-cron.php?doing_wp_cron=1331050569 HTTP/1.0" 499 0 "-" "WordPress/3.3.1; http://yuvi.in/blog"
213.186.127.13 - - [06/Mar/2012:08:16:53 -0800] "GET /blog/note-present-future-self-pre-book-travel-tickets/ HTTP/1.1" 200 5517 "-" "Mozilla/5.0 (compatible; AhrefsBot/2.0; +http://ahrefs.com/robot/)"
85.17.88.169 - - [06/Mar/2012:08:17:14 -0800] "POST /blog/wp-cron.php?doing_wp_cron=1331050591 HTTP/1.0" 499 0 "-" "WordPress/3.3.1; http://yuvi.in/blog"
209.85.224.96 - - [06/Mar/2012:08:17:14 -0800] "GET /blog/feed HTTP/1.1" 304 0 "-" "FeedBurner/1.0 (http://www.FeedBurner.com)"
107.21.118.229 - - [06/Mar/2012:08:17:27 -0800] "HEAD /r/z2o HTTP/1.1" 301 0 "-" "MetaURI API/2.0 +metauri.com"
107.21.118.229 - - [06/Mar/2012:08:17:28 -0800] "HEAD /s/ta/z2o/ HTTP/1.1" 302 0 "-" "MetaURI API/2.0 +metauri.com"
66.249.71.116 - - [06/Mar/2012:08:18:14 -0800] "GET /r/20ls HTTP/1.1" 301 257 "-" "Mozilla/5.0 (compatible; Googlebot/2.1; +http://www.google.com/bot.html)"
66.249.71.116 - - [06/Mar/2012:08:18:15 -0800] "GET /s/ta/20ls/ HTTP/1.1" 302 537 "-" "Mozilla/5.0 (compatible; Googlebot/2.1; +http://www.google.com/bot.html)"
117.201.1.167 - - [06/Mar/2012:08:18:28 -0800] "-" 400 0 "-" "-"
101.212.57.106 - - [06/Mar/2012:08:20:09 -0800] "GET / HTTP/1.1" 200 1430 "-" "Reeder/1000.09.00 CFNetwork/454.12.4 Darwin/10.8.0 (i386) (MacBookPro7%2C1)"
101.212.57.106 - - [06/Mar/2012:08:20:10 -0800] "GET /favicon.ico HTTP/1.1" 404 142 "-" "Reeder/1000.09.00 CFNetwork/454.12.4 Darwin/10.8.0 (i386) (MacBookPro7%2C1)"
101.212.57.106 - - [06/Mar/2012:08:20:11 -0800] "GET / HTTP/1.1" 200 1430 "-" "Reeder/1000.09.00 CFNetwork/454.12.4 Darwin/10.8.0 (i386) (MacBookPro7%2C1)"
101.212.57.106 - - [06/Mar/2012:08:20:11 -0800] "GET /apple-touch-icon.png HTTP/1.1" 404 142 "-" "Reeder/1000.09.00 CFNetwork/454.12.4 Darwin/10.8.0 (i386) (MacBookPro7%2C1)"
101.212.57.106 - - [06/Mar/2012:08:20:12 -0800] "GET /apple-touch-icon-precomposed.png HTTP/1.1" 404 142 "-" "Reeder/1000.09.00 CFNetwork/454.12.4 Darwin/10.8.0 (i386) (MacBookPro7%2C1)"
75.101.249.84 - - [06/Mar/2012:08:20:16 -0800] "HEAD /r/z2o HTTP/1.1" 301 0 "-" "Mozilla/5.0 (Windows; U; Windows NT 5.1; de; rv:1.9) Gecko/2008052906 Firefox/3.0"
75.101.249.84 - - [06/Mar/2012:08:20:18 -0800] "HEAD /s/ta/z2o/ HTTP/1.1" 302 0 "-" "Mozilla/5.0 (Windows; U; Windows NT 5.1; de; rv:1.9) Gecko/2008052906 Firefox/3.0"
184.82.15.42 - - [06/Mar/2012:08:20:29 -0800] "GET / HTTP/1.1" 200 3439 "-" "Mozilla/5.0 (Windows; U; Windows NT 5.1; ru-RU; rv:1.7.12) Gecko/20050919 Firefox/1.0.7"
85.17.88.169 - - [06/Mar/2012:08:21:38 -0800] "POST /blog/wp-cron.php?doing_wp_cron=1331050854 HTTP/1.0" 499 0 "-" "WordPress/3.3.1; http://yuvi.in/blog"
72.14.199.121 - - [06/Mar/2012:08:21:38 -0800] "GET /blog/feed/ HTTP/1.1" 304 0 "-" "Feedfetcher-Google; (+http://www.google.com/feedfetcher.html; 18 subscribers; feed-id=15064232456473204253)"
85.17.88.169 - - [06/Mar/2012:08:22:12 -0800] "POST /blog/wp-cron.php?doing_wp_cron=1331050889 HTTP/1.0" 499 0 "-" "WordPress/3.3.1; http://yuvi.in/blog"
94.78.79.105 - - [06/Mar/2012:08:22:13 -0800] "GET /blog/tag/india/ HTTP/1.1" 200 8448 "-" "Mozilla/5.0 (Windows; U; Windows NT 5.1; en-US) AppleWebKit/525.19 (KHTML, like Gecko) Chrome/0.2.151.0 Safari/525.19"
49.203.164.8 - - [06/Mar/2012:08:23:06 -0800] "-" 400 0 "-" "-"
122.174.85.87 - - [06/Mar/2012:08:24:10 -0800] "GET /r/1gef HTTP/1.1" 301 257 "http://ta.wikipedia.org/wiki/%E0%AE%A8%E0%AE%BF%E0%AE%B0%E0%AF%8D%E0%AE%B5%E0%AE%BE%E0%AE%95_%E0%AE%A4%E0%AE%95%E0%AE%B5%E0%AE%B2%E0%AF%8D_%E0%AE%85%E0%AE%AE%E0%AF%88%E0%AE%AA%E0%AF%8D%E0%AE%AA%E0%AF%81%E0%AE%95%E0%AE%B3%E0%AF%8D" "Mozilla/5.0 (Windows NT 5.1; rv:9.0) Gecko/20100101 Firefox/9.0"
122.174.85.87 - - [06/Mar/2012:08:24:10 -0800] "GET /s/ta/1gef/ HTTP/1.1" 302 537 "http://ta.wikipedia.org/wiki/%E0%AE%A8%E0%AE%BF%E0%AE%B0%E0%AF%8D%E0%AE%B5%E0%AE%BE%E0%AE%95_%E0%AE%A4%E0%AE%95%E0%AE%B5%E0%AE%B2%E0%AF%8D_%E0%AE%85%E0%AE%AE%E0%AF%88%E0%AE%AA%E0%AF%8D%E0%AE%AA%E0%AF%81%E0%AE%95%E0%AE%B3%E0%AF%8D" "Mozilla/5.0 (Windows NT 5.1; rv:9.0) Gecko/20100101 Firefox/9.0"
122.174.85.87 - - [06/Mar/2012:08:24:15 -0800] "-" 400 0 "-" "-"
1.22.41.116 - - [06/Mar/2012:08:25:41 -0800] "-" 400 0 "-" "-"
203.153.223.86 - - [06/Mar/2012:08:25:52 -0800] "GET /r/bps HTTP/1.1" 301 255 "http://ta.wikipedia.org/wiki/%E0%AE%9A%E0%AE%A9%E0%AF%8D_%E0%AE%A4%E0%AF%8A%E0%AE%B2%E0%AF%88%E0%AE%95%E0%AF%8D%E0%AE%95%E0%AE%BE%E0%AE%9F%E0%AF%8D%E0%AE%9A%E0%AE%BF" "Mozilla/5.0 (Windows NT 6.1) AppleWebKit/535.2 (KHTML, like Gecko) Chrome/15.0.874.15 Safari/535.2"
203.153.223.86 - - [06/Mar/2012:08:25:53 -0800] "GET /s/ta/bps/ HTTP/1.1" 302 449 "http://ta.wikipedia.org/wiki/%E0%AE%9A%E0%AE%A9%E0%AF%8D_%E0%AE%A4%E0%AF%8A%E0%AE%B2%E0%AF%88%E0%AE%95%E0%AF%8D%E0%AE%95%E0%AE%BE%E0%AE%9F%E0%AF%8D%E0%AE%9A%E0%AE%BF" "Mozilla/5.0 (Windows NT 6.1) AppleWebKit/535.2 (KHTML, like Gecko) Chrome/15.0.874.15 Safari/535.2"
141.0.10.100 - - [06/Mar/2012:08:26:48 -0800] "-" 400 0 "-" "-"
207.46.204.170 - - [06/Mar/2012:08:26:52 -0800] "-" 400 0 "-" "-"
207.46.204.170 - - [06/Mar/2012:08:27:03 -0800] "-" 400 0 "-" "-"
207.46.204.170 - - [06/Mar/2012:08:27:07 -0800] "-" 400 0 "-" "-"
207.46.204.170 - - [06/Mar/2012:08:27:07 -0800] "-" 400 0 "-" "-"
207.46.204.170 - - [06/Mar/2012:08:27:09 -0800] "-" 400 0 "-" "-"
207.46.204.170 - - [06/Mar/2012:08:27:09 -0800] "-" 400 0 "-" "-"
207.46.204.170 - - [06/Mar/2012:08:27:11 -0800] "-" 400 0 "-" "-"
207.46.204.170 - - [06/Mar/2012:08:27:11 -0800] "-" 400 0 "-" "-"
207.46.204.170 - - [06/Mar/2012:08:27:12 -0800] "-" 400 0 "-" "-"
207.46.204.170 - - [06/Mar/2012:08:27:13 -0800] "-" 400 0 "-" "-"
141.0.10.100 - - [06/Mar/2012:08:27:21 -0800] "-" 400 0 "-" "-"
207.46.204.170 - - [06/Mar/2012:08:27:37 -0800] "-" 400 0 "-" "-"
207.46.12.70 - - [06/Mar/2012:08:27:56 -0800] "-" 400 0 "-" "-"
207.46.12.70 - - [06/Mar/2012:08:28:06 -0800] "-" 400 0 "-" "-"
141.0.10.100 - - [06/Mar/2012:08:28:10 -0800] "-" 400 0 "-" "-"
1.22.41.116 - - [06/Mar/2012:08:28:11 -0800] "-" 400 0 "-" "-"
14.96.93.113 - - [06/Mar/2012:08:28:27 -0800] "-" 400 0 "-" "-"
207.46.12.70 - - [06/Mar/2012:08:28:42 -0800] "-" 400 0 "-" "-"
1.22.41.116 - - [06/Mar/2012:08:28:51 -0800] "-" 400 0 "-" "-"
117.201.1.167 - - [06/Mar/2012:08:29:29 -0800] "-" 400 0 "-" "-"
49.137.36.164 - - [06/Mar/2012:08:30:50 -0800] "GET /r/jb1 HTTP/1.1" 301 255 "http://ta.wikipedia.org/wiki/%E0%AE%A8%E0%AE%B5%E0%AE%B0%E0%AE%BE%E0%AE%A4%E0%AF%8D%E0%AE%A4%E0%AE%BF%E0%AE%B0%E0%AE%BF_%E0%AE%A8%E0%AF%8B%E0%AE%A9%E0%AF%8D%E0%AE%AA%E0%AF%81" "Mozilla/4.0 (compatible; MSIE 8.0; Windows NT 6.1; Trident/4.0; SLCC2; .NET CLR 2.0.50727; .NET CLR 3.5.30729; .NET CLR 3.0.30729; Media Center PC 6.0)"
49.137.36.164 - - [06/Mar/2012:08:30:52 -0800] "GET /s/ta/jb1/ HTTP/1.1" 302 461 "http://ta.wikipedia.org/wiki/%E0%AE%A8%E0%AE%B5%E0%AE%B0%E0%AE%BE%E0%AE%A4%E0%AF%8D%E0%AE%A4%E0%AE%BF%E0%AE%B0%E0%AE%BF_%E0%AE%A8%E0%AF%8B%E0%AE%A9%E0%AF%8D%E0%AE%AA%E0%AF%81" "Mozilla/4.0 (compatible; MSIE 8.0; Windows NT 6.1; Trident/4.0; SLCC2; .NET CLR 2.0.50727; .NET CLR 3.5.30729; .NET CLR 3.0.30729; Media Center PC 6.0)"
66.249.71.116 - - [06/Mar/2012:08:32:10 -0800] "GET /r/2jfr HTTP/1.1" 301 257 "-" "Mozilla/5.0 (compatible; Googlebot/2.1; +http://www.google.com/bot.html)"
66.249.71.116 - - [06/Mar/2012:08:32:11 -0800] "GET /s/ta/2jfr/ HTTP/1.1" 302 673 "-" "Mozilla/5.0 (compatible; Googlebot/2.1; +http://www.google.com/bot.html)"
141.0.10.100 - - [06/Mar/2012:08:32:14 -0800] "-" 400 0 "-" "-"
49.137.36.164 - - [06/Mar/2012:08:32:26 -0800] "GET /r/jb1 HTTP/1.1" 301 255 "http://ta.wikipedia.org/wiki/%E0%AE%A8%E0%AE%B5%E0%AE%B0%E0%AE%BE%E0%AE%A4%E0%AF%8D%E0%AE%A4%E0%AE%BF%E0%AE%B0%E0%AE%BF_%E0%AE%A8%E0%AF%8B%E0%AE%A9%E0%AF%8D%E0%AE%AA%E0%AF%81" "Mozilla/4.0 (compatible; MSIE 8.0; Windows NT 6.1; Trident/4.0; SLCC2; .NET CLR 2.0.50727; .NET CLR 3.5.30729; .NET CLR 3.0.30729; Media Center PC 6.0)"
49.137.36.164 - - [06/Mar/2012:08:32:29 -0800] "GET /s/ta/jb1/ HTTP/1.1" 302 461 "http://ta.wikipedia.org/wiki/%E0%AE%A8%E0%AE%B5%E0%AE%B0%E0%AE%BE%E0%AE%A4%E0%AF%8D%E0%AE%A4%E0%AE%BF%E0%AE%B0%E0%AE%BF_%E0%AE%A8%E0%AF%8B%E0%AE%A9%E0%AF%8D%E0%AE%AA%E0%AF%81" "Mozilla/4.0 (compatible; MSIE 8.0; Windows NT 6.1; Trident/4.0; SLCC2; .NET CLR 2.0.50727; .NET CLR 3.5.30729; .NET CLR 3.0.30729; Media Center PC 6.0)"
209.85.224.80 - - [06/Mar/2012:08:33:45 -0800] "GET /stories/feed HTTP/1.1" 200 13653 "-" "FeedBurner/1.0 (http://www.FeedBurner.com)"
69.171.230.246 - - [06/Mar/2012:08:33:53 -0800] "GET /r/1eg5 HTTP/1.1" 301 257 "-" "facebookexternalhit/1.1 (+http://www.facebook.com/externalhit_uatext.php)"
69.171.230.250 - - [06/Mar/2012:08:33:53 -0800] "GET /s/ta/1eg5/ HTTP/1.1" 302 337 "-" "facebookexternalhit/1.1 (+http://www.facebook.com/externalhit_uatext.php)"
49.137.36.164 - - [06/Mar/2012:08:33:56 -0800] "GET /r/jb1 HTTP/1.1" 301 255 "http://ta.wikipedia.org/wiki/%E0%AE%A8%E0%AE%B5%E0%AE%B0%E0%AE%BE%E0%AE%A4%E0%AF%8D%E0%AE%A4%E0%AE%BF%E0%AE%B0%E0%AE%BF_%E0%AE%A8%E0%AF%8B%E0%AE%A9%E0%AF%8D%E0%AE%AA%E0%AF%81" "Mozilla/4.0 (compatible; MSIE 8.0; Windows NT 6.1; Trident/4.0; SLCC2; .NET CLR 2.0.50727; .NET CLR 3.5.30729; .NET CLR 3.0.30729; Media Center PC 6.0)"
49.137.36.164 - - [06/Mar/2012:08:33:59 -0800] "GET /s/ta/jb1/ HTTP/1.1" 302 461 "http://ta.wikipedia.org/wiki/%E0%AE%A8%E0%AE%B5%E0%AE%B0%E0%AE%BE%E0%AE%A4%E0%AF%8D%E0%AE%A4%E0%AE%BF%E0%AE%B0%E0%AE%BF_%E0%AE%A8%E0%AF%8B%E0%AE%A9%E0%AF%8D%E0%AE%AA%E0%AF%81" "Mozilla/4.0 (compatible; MSIE 8.0; Windows NT 6.1; Trident/4.0; SLCC2; .NET CLR 2.0.50727; .NET CLR 3.5.30729; .NET CLR 3.0.30729; Media Center PC 6.0)"
101.212.13.195 - - [06/Mar/2012:08:36:59 -0800] "GET /r/1how HTTP/1.1" 301 257 "-" "Mozilla/5.0 (Windows; U; Windows NT 6.1; en-US; rv:1.9.1b4) Gecko/20090423 Firefox/3.5b4"
101.212.13.195 - - [06/Mar/2012:08:37:00 -0800] "GET /s/ta/1how/ HTTP/1.1" 302 389 "-" "Mozilla/5.0 (Windows; U; Windows NT 6.1; en-US; rv:1.9.1b4) Gecko/20090423 Firefox/3.5b4"
101.212.13.195 - - [06/Mar/2012:08:37:03 -0800] "GET /s/ta/1how/ HTTP/1.1" 302 389 "-" "Mozilla/5.0 (Windows; U; Windows NT 6.1; en-US; rv:1.9.1b4) Gecko/20090423 Firefox/3.5b4"
113.193.121.174 - - [06/Mar/2012:08:37:19 -0800] "-" 400 0 "-" "-"
117.193.124.143 - - [06/Mar/2012:08:38:56 -0800] "-" 400 0 "-" "-"
117.193.124.143 - - [06/Mar/2012:08:38:56 -0800] "-" 400 0 "-" "-"
117.193.124.143 - - [06/Mar/2012:08:38:56 -0800] "-" 400 0 "-" "-"
66.249.71.116 - - [06/Mar/2012:08:39:07 -0800] "GET /s/ta/1i1g/ HTTP/1.1" 302 427 "-" "Mozilla/5.0 (compatible; Googlebot/2.1; +http://www.google.com/bot.html)"
100.43.83.144 - - [06/Mar/2012:08:39:11 -0800] "GET /blog/category/uncategorized/ HTTP/1.1" 200 20191 "-" "Mozilla/5.0 (compatible; YandexBot/3.0; +http://yandex.com/bots)"
157.55.16.57 - - [06/Mar/2012:08:39:11 -0800] "GET /robots.txt HTTP/1.1" 404 169 "-" "Mozilla/5.0 (compatible; bingbot/2.0; +http://www.bing.com/bingbot.htm)"
157.55.16.57 - - [06/Mar/2012:08:41:32 -0800] "GET / HTTP/1.1" 304 0 "-" "Mozilla/5.0 (compatible; bingbot/2.0; +http://www.bing.com/bingbot.htm)"
74.125.126.100 - - [06/Mar/2012:08:41:40 -0800] "GET /favicon.ico HTTP/1.1" 404 142 "-" "-"
213.186.127.13 - - [06/Mar/2012:08:41:47 -0800] "GET /r/1yar HTTP/1.1" 301 257 "-" "Mozilla/5.0 (compatible; AhrefsBot/2.0; +http://ahrefs.com/robot/)"
85.17.88.169 - - [06/Mar/2012:08:42:03 -0800] "POST /blog/wp-cron.php?doing_wp_cron=1331052080 HTTP/1.0" 499 0 "-" "WordPress/3.3.1; http://yuvi.in/blog"
208.115.111.68 - - [06/Mar/2012:08:42:04 -0800] "GET /blog/my-gsoc-2010-proposal/feed/ HTTP/1.1" 200 753 "-" "Mozilla/5.0 (compatible; Ezooms/1.0; ezooms.bot@gmail.com)"
85.17.88.169 - - [06/Mar/2012:08:42:14 -0800] "POST /blog/wp-cron.php?doing_wp_cron=1331052090 HTTP/1.0" 499 0 "-" "WordPress/3.3.1; http://yuvi.in/blog"
208.115.111.68 - - [06/Mar/2012:08:42:14 -0800] "GET /blog/why-i-got-rid-of-my-fork-of-waffle/feed/ HTTP/1.1" 200 792 "-" "Mozilla/5.0 (compatible; Ezooms/1.0; ezooms.bot@gmail.com)"
115.242.136.126 - - [06/Mar/2012:08:43:54 -0800] "GET /r/7u6 HTTP/1.1" 301 255 "http://ta.wikipedia.org/wiki/%E0%AE%AA%E0%AE%95%E0%AF%81%E0%AE%AA%E0%AF%8D%E0%AE%AA%E0%AF%81:%E0%AE%95%E0%AE%A3%E0%AE%BF%E0%AE%A4%E0%AE%B5%E0%AE%BF%E0%AE%AF%E0%AE%B2%E0%AE%BE%E0%AE%B3%E0%AE%B0%E0%AF%8D%E0%AE%95%E0%AE%B3%E0%AF%8D" "Mozilla/5.0 (Windows NT 6.1; WOW64) AppleWebKit/535.11 (KHTML, like Gecko) Chrome/17.0.963.56 Safari/535.11"
115.242.136.126 - - [06/Mar/2012:08:43:55 -0800] "GET /s/ta/7u6/ HTTP/1.1" 302 531 "http://ta.wikipedia.org/wiki/%E0%AE%AA%E0%AE%95%E0%AF%81%E0%AE%AA%E0%AF%8D%E0%AE%AA%E0%AF%81:%E0%AE%95%E0%AE%A3%E0%AE%BF%E0%AE%A4%E0%AE%B5%E0%AE%BF%E0%AE%AF%E0%AE%B2%E0%AE%BE%E0%AE%B3%E0%AE%B0%E0%AF%8D%E0%AE%95%E0%AE%B3%E0%AF%8D" "Mozilla/5.0 (Windows NT 6.1; WOW64) AppleWebKit/535.11 (KHTML, like Gecko) Chrome/17.0.963.56 Safari/535.11"
115.242.136.126 - - [06/Mar/2012:08:44:14 -0800] "-" 400 0 "-" "-"
82.227.209.14 - - [06/Mar/2012:08:45:00 -0800] "GET / HTTP/1.1" 200 1430 "http://www.google.fr/url?sa=t&rct=j&q=yuvipanda&source=web&cd=1&ved=0CCoQFjAA&url=http%3A%2F%2Fyuvi.in%2F&ei=3j5WT66AN4Xk8QOGhqz8CA&usg=AFQjCNGCp_KinRzG9gFsQqxb60Cy8lsxnA" "Mozilla/5.0 (Macintosh; Intel Mac OS X 10_7_3) AppleWebKit/534.53.11 (KHTML, like Gecko) Version/5.1.3 Safari/534.53.10"
82.227.209.14 - - [06/Mar/2012:08:45:01 -0800] "GET /blueprint/screen.css HTTP/1.1" 200 12058 "http://yuvi.in/" "Mozilla/5.0 (Macintosh; Intel Mac OS X 10_7_3) AppleWebKit/534.53.11 (KHTML, like Gecko) Version/5.1.3 Safari/534.53.10"
82.227.209.14 - - [06/Mar/2012:08:45:02 -0800] "GET /header.png HTTP/1.1" 200 14249 "http://yuvi.in/" "Mozilla/5.0 (Macintosh; Intel Mac OS X 10_7_3) AppleWebKit/534.53.11 (KHTML, like Gecko) Version/5.1.3 Safari/534.53.10"
82.227.209.14 - - [06/Mar/2012:08:45:02 -0800] "GET /blueprint/print.css HTTP/1.1" 200 1284 "http://yuvi.in/" "Mozilla/5.0 (Macintosh; Intel Mac OS X 10_7_3) AppleWebKit/534.53.11 (KHTML, like Gecko) Version/5.1.3 Safari/534.53.10"
82.227.209.14 - - [06/Mar/2012:08:45:03 -0800] "GET /favicon.ico HTTP/1.1" 404 142 "http://yuvi.in/" "Mozilla/5.0 (Macintosh; Intel Mac OS X 10_7_3) AppleWebKit/534.53.11 (KHTML, like Gecko) Version/5.1.3 Safari/534.53.10"
123.125.71.35 - - [06/Mar/2012:08:45:52 -0800] "GET / HTTP/1.1" 200 3439 "-" "Mozilla/5.0 (compatible; Baiduspider/2.0; +http://www.baidu.com/search/spider.html)"
220.181.108.93 - - [06/Mar/2012:08:46:40 -0800] "GET / HTTP/1.1" 200 3439 "-" "Mozilla/5.0 (compatible; Baiduspider/2.0; +http://www.baidu.com/search/spider.html)"
85.17.88.169 - - [06/Mar/2012:08:47:24 -0800] "POST /blog/wp-cron.php?doing_wp_cron=1331052400 HTTP/1.0" 499 0 "-" "WordPress/3.3.1; http://yuvi.in/blog"
209.85.224.92 - - [06/Mar/2012:08:47:24 -0800] "GET /blog/feed HTTP/1.1" 304 0 "-" "FeedBurner/1.0 (http://www.FeedBurner.com)"
141.0.9.153 - - [06/Mar/2012:08:47:29 -0800] "-" 400 0 "-" "-"
223.235.29.97 - - [06/Mar/2012:08:48:53 -0800] "-" 400 0 "-" "-"
157.55.112.205 - - [06/Mar/2012:08:49:58 -0800] "-" 400 0 "-" "-"
157.55.112.205 - - [06/Mar/2012:08:50:00 -0800] "-" 400 0 "-" "-"
157.55.112.205 - - [06/Mar/2012:08:50:02 -0800] "-" 400 0 "-" "-"
157.55.112.205 - - [06/Mar/2012:08:50:02 -0800] "-" 400 0 "-" "-"
157.55.112.205 - - [06/Mar/2012:08:50:07 -0800] "-" 400 0 "-" "-"
157.55.112.205 - - [06/Mar/2012:08:50:10 -0800] "-" 400 0 "-" "-"
157.55.112.205 - - [06/Mar/2012:08:50:12 -0800] "-" 400 0 "-" "-"
157.55.112.205 - - [06/Mar/2012:08:50:12 -0800] "-" 400 0 "-" "-"
157.55.112.205 - - [06/Mar/2012:08:50:16 -0800] "-" 400 0 "-" "-"
157.55.112.205 - - [06/Mar/2012:08:50:16 -0800] "-" 400 0 "-" "-"
65.52.0.205 - - [06/Mar/2012:08:50:22 -0800] "GET /r/z2o HTTP/1.1" 301 255 "-" "Mozilla/4.0 (compatible; MSIE 7.0; Windows NT 6.0)"
65.52.0.205 - - [06/Mar/2012:08:50:23 -0800] "GET /s/ta/z2o/ HTTP/1.1" 302 473 "-" "Mozilla/4.0 (compatible; MSIE 7.0; Windows NT 6.0)"
117.213.77.63 - - [06/Mar/2012:08:50:26 -0800] "GET /r/2rbo HTTP/1.1" 301 257 "http://tamilwikipedia.blogspot.in/" "Mozilla/5.0 (Windows NT 6.1) AppleWebKit/535.11 (KHTML, like Gecko) Chrome/17.0.963.65 Safari/535.11"
117.213.77.63 - - [06/Mar/2012:08:50:26 -0800] "GET /s/ta/2rbo/ HTTP/1.1" 302 499 "http://tamilwikipedia.blogspot.in/" "Mozilla/5.0 (Windows NT 6.1) AppleWebKit/535.11 (KHTML, like Gecko) Chrome/17.0.963.65 Safari/535.11"
117.213.77.63 - - [06/Mar/2012:08:50:37 -0800] "-" 400 0 "-" "-"
157.55.112.205 - - [06/Mar/2012:08:50:45 -0800] "-" 400 0 "-" "-"
141.0.9.153 - - [06/Mar/2012:08:51:11 -0800] "-" 400 0 "-" "-"
66.249.71.116 - - [06/Mar/2012:08:53:03 -0800] "GET /r/ry2 HTTP/1.1" 301 255 "-" "Mozilla/5.0 (compatible; Googlebot/2.1; +http://www.google.com/bot.html)"
66.249.71.116 - - [06/Mar/2012:08:53:03 -0800] "GET /s/ta/ry2/ HTTP/1.1" 302 377 "-" "Mozilla/5.0 (compatible; Googlebot/2.1; +http://www.google.com/bot.html)"
112.135.49.113 - - [06/Mar/2012:08:53:45 -0800] "GET /r/vtb HTTP/1.1" 301 255 "http://ta.wikipedia.org/wiki/%E0%AE%86%E0%AE%B0%E0%AF%8D%E0%AE%A4%E0%AE%B0%E0%AF%8D_%E0%AE%9A%E0%AE%BF._%E0%AE%95%E0%AE%BF%E0%AE%B3%E0%AE%BE%E0%AE%B0%E0%AF%8D%E0%AE%95%E0%AF%8D" "Mozilla/4.0 (compatible; MSIE 8.0; Windows NT 6.0)"
112.135.49.113 - - [06/Mar/2012:08:53:46 -0800] "GET /s/ta/vtb/ HTTP/1.1" 302 467 "http://ta.wikipedia.org/wiki/%E0%AE%86%E0%AE%B0%E0%AF%8D%E0%AE%A4%E0%AE%B0%E0%AF%8D_%E0%AE%9A%E0%AE%BF._%E0%AE%95%E0%AE%BF%E0%AE%B3%E0%AE%BE%E0%AE%B0%E0%AF%8D%E0%AE%95%E0%AF%8D" "Mozilla/4.0 (compatible; MSIE 8.0; Windows NT 6.0)"
122.174.40.119 - - [06/Mar/2012:08:56:18 -0800] "-" 400 0 "-" "-"
122.174.40.119 - - [06/Mar/2012:08:56:19 -0800] "-" 400 0 "-" "-"
122.174.40.119 - - [06/Mar/2012:08:56:19 -0800] "-" 400 0 "-" "-"
122.174.40.119 - - [06/Mar/2012:08:58:26 -0800] "-" 400 0 "-" "-"
207.46.204.166 - - [06/Mar/2012:08:58:50 -0800] "-" 400 0 "-" "-"
207.46.204.166 - - [06/Mar/2012:08:58:55 -0800] "-" 400 0 "-" "-"
207.46.204.166 - - [06/Mar/2012:08:58:59 -0800] "-" 400 0 "-" "-"
207.46.204.166 - - [06/Mar/2012:08:58:59 -0800] "-" 400 0 "-" "-"
207.46.204.166 - - [06/Mar/2012:08:58:59 -0800] "-" 400 0 "-" "-"
122.174.40.119 - - [06/Mar/2012:08:59:01 -0800] "-" 400 0 "-" "-"
85.17.88.169 - - [06/Mar/2012:08:59:01 -0800] "POST /blog/wp-cron.php?doing_wp_cron=1331053097 HTTP/1.0" 499 0 "-" "WordPress/3.3.1; http://yuvi.in/blog"
200.144.12.2 - - [06/Mar/2012:08:59:03 -0800] "GET /blog/category/devlog/ HTTP/1.1" 200 43114 "-" "Mozilla/5.0 (compatible; Googlebot/2.1; +http://www.google.com/bot.html)"
122.174.40.119 - - [06/Mar/2012:08:59:11 -0800] "-" 400 0 "-" "-"
207.46.204.166 - - [06/Mar/2012:08:59:26 -0800] "-" 400 0 "-" "-"
85.17.88.169 - - [06/Mar/2012:08:59:36 -0800] "POST /blog/wp-cron.php?doing_wp_cron=1331053133 HTTP/1.0" 499 0 "-" "WordPress/3.3.1; http://yuvi.in/blog"
100.43.83.144 - - [06/Mar/2012:08:59:37 -0800] "GET /blog/moving-back-to-wordpress/ HTTP/1.1" 200 4947 "-" "Mozilla/5.0 (compatible; YandexBot/3.0; +http://yandex.com/bots)"
66.249.71.116 - - [06/Mar/2012:09:00:00 -0800] "GET /r/26v7 HTTP/1.1" 301 257 "-" "Mozilla/5.0 (compatible; Googlebot/2.1; +http://www.google.com/bot.html)"
66.249.71.116 - - [06/Mar/2012:09:00:01 -0800] "GET /s/ta/26v7/ HTTP/1.1" 302 401 "-" "Mozilla/5.0 (compatible; Googlebot/2.1; +http://www.google.com/bot.html)"
122.174.40.119 - - [06/Mar/2012:09:00:04 -0800] "-" 400 0 "-" "-"
122.174.40.119 - - [06/Mar/2012:09:00:29 -0800] "-" 400 0 "-" "-"
207.46.204.168 - - [06/Mar/2012:09:01:09 -0800] "-" 400 0 "-" "-"
67.188.133.158 - - [06/Mar/2012:09:01:12 -0800] "GET / HTTP/1.1" 200 1430 "-" "Reeder/1.5.4 CFNetwork/548.0.4 Darwin/11.0.0"
67.188.133.158 - - [06/Mar/2012:09:01:12 -0800] "GET /favicon.ico HTTP/1.1" 404 142 "-" "Reeder/1.5.4 CFNetwork/548.0.4 Darwin/11.0.0"
67.188.133.158 - - [06/Mar/2012:09:01:12 -0800] "GET / HTTP/1.1" 200 1430 "-" "Reeder/1.5.4 CFNetwork/548.0.4 Darwin/11.0.0"
67.188.133.158 - - [06/Mar/2012:09:01:12 -0800] "GET /apple-touch-icon.png HTTP/1.1" 404 142 "-" "Reeder/1.5.4 CFNetwork/548.0.4 Darwin/11.0.0"
67.188.133.158 - - [06/Mar/2012:09:01:12 -0800] "GET /apple-touch-icon-precomposed.png HTTP/1.1" 404 142 "-" "Reeder/1.5.4 CFNetwork/548.0.4 Darwin/11.0.0"
207.46.204.168 - - [06/Mar/2012:09:01:18 -0800] "-" 400 0 "-" "-"
207.46.204.168 - - [06/Mar/2012:09:01:23 -0800] "-" 400 0 "-" "-"
207.46.204.168 - - [06/Mar/2012:09:01:28 -0800] "-" 400 0 "-" "-"
207.46.204.168 - - [06/Mar/2012:09:01:28 -0800] "-" 400 0 "-" "-"
207.46.204.168 - - [06/Mar/2012:09:01:28 -0800] "-" 400 0 "-" "-"
150.70.75.36 - - [06/Mar/2012:09:01:28 -0800] "GET /wp-content/themes/Minimal/epanel/page_templates/js/fancybox/jquery.fancybox-1.2.6.pack.js?ver=1.3.2 HTTP/1.0" 404 571 "-" "Mozilla/4.0 (compatible; MSIE 6.0; Windows NT 5.1)"
207.46.204.168 - - [06/Mar/2012:09:01:42 -0800] "-" 400 0 "-" "-"
85.17.88.169 - - [06/Mar/2012:09:03:07 -0800] "POST /blog/wp-cron.php?doing_wp_cron=1331053343 HTTP/1.0" 499 0 "-" "WordPress/3.3.1; http://yuvi.in/blog"
118.102.230.34 - - [06/Mar/2012:09:03:07 -0800] "GET /blog/program/ HTTP/1.1" 200 7275 "-" "Mozilla/5.0 (Windows NT 6.1; WOW64) AppleWebKit/535.11 (KHTML, like Gecko) Chrome/17.0.963.56 Safari/535.11"
122.174.40.119 - - [06/Mar/2012:09:03:08 -0800] "-" 400 0 "-" "-"
122.174.40.119 - - [06/Mar/2012:09:03:08 -0800] "-" 400 0 "-" "-"
118.102.230.34 - - [06/Mar/2012:09:03:11 -0800] "GET /favicon.ico HTTP/1.1" 404 199 "-" "Mozilla/5.0 (Windows NT 6.1; WOW64) AppleWebKit/535.11 (KHTML, like Gecko) Chrome/17.0.963.56 Safari/535.11"
118.102.230.34 - - [06/Mar/2012:09:03:16 -0800] "GET /favicon.ico HTTP/1.1" 404 199 "-" "Mozilla/5.0 (Windows NT 6.1; WOW64) AppleWebKit/535.11 (KHTML, like Gecko) Chrome/17.0.963.56 Safari/535.11"
118.102.230.34 - - [06/Mar/2012:09:03:16 -0800] "GET /favicon.ico HTTP/1.1" 404 199 "-" "Mozilla/5.0 (Windows NT 6.1; WOW64) AppleWebKit/535.11 (KHTML, like Gecko) Chrome/17.0.963.56 Safari/535.11"
118.102.230.34 - - [06/Mar/2012:09:03:18 -0800] "GET /favicon.ico HTTP/1.1" 404 199 "-" "Mozilla/5.0 (Windows NT 6.1; WOW64) AppleWebKit/535.11 (KHTML, like Gecko) Chrome/17.0.963.56 Safari/535.11"
85.17.88.169 - - [06/Mar/2012:09:03:18 -0800] "POST /blog/wp-cron.php?doing_wp_cron=1331053355 HTTP/1.0" 499 0 "-" "WordPress/3.3.1; http://yuvi.in/blog"
111.93.106.118 - - [06/Mar/2012:09:03:18 -0800] "GET /blog/program/?cf_action=sync_comments&post_id=381 HTTP/1.1" 200 48 "http://yuvi.in/blog/program/" "Mozilla/5.0 (Windows NT 6.1; WOW64) AppleWebKit/535.11 (KHTML, like Gecko) Chrome/17.0.963.56 Safari/535.11"
118.102.230.34 - - [06/Mar/2012:09:03:24 -0800] "-" 400 0 "-" "-"
118.102.230.34 - - [06/Mar/2012:09:03:24 -0800] "-" 400 0 "-" "-"
122.174.40.119 - - [06/Mar/2012:09:03:26 -0800] "-" 400 0 "-" "-"
122.174.40.119 - - [06/Mar/2012:09:03:26 -0800] "-" 400 0 "-" "-"
122.174.40.119 - - [06/Mar/2012:09:03:26 -0800] "-" 400 0 "-" "-"
85.17.88.169 - - [06/Mar/2012:09:04:07 -0800] "POST /blog/wp-cron.php?doing_wp_cron=1331053404 HTTP/1.0" 499 0 "-" "WordPress/3.3.1; http://yuvi.in/blog"
72.14.199.121 - - [06/Mar/2012:09:04:08 -0800] "GET /blog/feed HTTP/1.1" 301 0 "-" "Feedfetcher-Google; (+http://www.google.com/feedfetcher.html; 3 subscribers; feed-id=17684830852112633560)"
85.17.88.169 - - [06/Mar/2012:09:04:10 -0800] "POST /blog/wp-cron.php?doing_wp_cron=1331053406 HTTP/1.0" 499 0 "-" "WordPress/3.3.1; http://yuvi.in/blog"
72.14.199.121 - - [06/Mar/2012:09:04:10 -0800] "GET /blog/feed/ HTTP/1.1" 304 0 "-" "Feedfetcher-Google; (+http://www.google.com/feedfetcher.html; 3 subscribers; feed-id=17684830852112633560)"
59.92.38.227 - - [06/Mar/2012:09:07:36 -0800] "-" 400 0 "-" "-"
118.102.230.34 - - [06/Mar/2012:09:08:50 -0800] "GET /favicon.ico HTTP/1.1" 404 199 "-" "Mozilla/5.0 (Windows NT 6.1; WOW64) AppleWebKit/535.11 (KHTML, like Gecko) Chrome/17.0.963.56 Safari/535.11"
118.102.230.34 - - [06/Mar/2012:09:08:50 -0800] "GET /favicon.ico HTTP/1.1" 404 199 "-" "Mozilla/5.0 (Windows NT 6.1; WOW64) AppleWebKit/535.11 (KHTML, like Gecko) Chrome/17.0.963.56 Safari/535.11"
118.102.230.34 - - [06/Mar/2012:09:08:57 -0800] "GET /favicon.ico HTTP/1.1" 404 199 "-" "Mozilla/5.0 (Windows NT 6.1; WOW64) AppleWebKit/535.11 (KHTML, like Gecko) Chrome/17.0.963.56 Safari/535.11"
118.102.230.34 - - [06/Mar/2012:09:09:02 -0800] "GET /favicon.ico HTTP/1.1" 404 199 "-" "Mozilla/5.0 (Windows NT 6.1; WOW64) AppleWebKit/535.11 (KHTML, like Gecko) Chrome/17.0.963.56 Safari/535.11"
118.102.230.34 - - [06/Mar/2012:09:09:04 -0800] "GET /favicon.ico HTTP/1.1" 404 199 "-" "Mozilla/5.0 (Windows NT 6.1; WOW64) AppleWebKit/535.11 (KHTML, like Gecko) Chrome/17.0.963.56 Safari/535.11"
118.102.230.34 - - [06/Mar/2012:09:09:10 -0800] "GET /favicon.ico HTTP/1.1" 404 199 "-" "Mozilla/5.0 (Windows NT 6.1; WOW64) AppleWebKit/535.11 (KHTML, like Gecko) Chrome/17.0.963.56 Safari/535.11"
118.102.230.34 - - [06/Mar/2012:09:09:11 -0800] "GET /favicon.ico HTTP/1.1" 404 199 "-" "Mozilla/5.0 (Windows NT 6.1; WOW64) AppleWebKit/535.11 (KHTML, like Gecko) Chrome/17.0.963.56 Safari/535.11"
118.102.230.34 - - [06/Mar/2012:09:09:12 -0800] "GET /favicon.ico HTTP/1.1" 404 199 "-" "Mozilla/5.0 (Windows NT 6.1; WOW64) AppleWebKit/535.11 (KHTML, like Gecko) Chrome/17.0.963.56 Safari/535.11"
118.102.230.34 - - [06/Mar/2012:09:09:12 -0800] "GET /favicon.ico HTTP/1.1" 404 199 "-" "Mozilla/5.0 (Windows NT 6.1; WOW64) AppleWebKit/535.11 (KHTML, like Gecko) Chrome/17.0.963.56 Safari/535.11"
59.92.38.227 - - [06/Mar/2012:09:10:16 -0800] "-" 400 0 "-" "-"
59.92.38.227 - - [06/Mar/2012:09:10:16 -0800] "-" 400 0 "-" "-"
59.92.38.227 - - [06/Mar/2012:09:10:16 -0800] "-" 400 0 "-" "-"
66.249.71.116 - - [06/Mar/2012:09:10:27 -0800] "GET /r/1nfh HTTP/1.1" 301 257 "-" "Mozilla/5.0 (compatible; Googlebot/2.1; +http://www.google.com/bot.html)"
66.249.71.116 - - [06/Mar/2012:09:10:27 -0800] "GET /s/ta/1nfh/ HTTP/1.1" 302 509 "-" "Mozilla/5.0 (compatible; Googlebot/2.1; +http://www.google.com/bot.html)"
122.164.160.245 - - [06/Mar/2012:09:13:05 -0800] "-" 400 0 "-" "-"
122.164.160.245 - - [06/Mar/2012:09:13:05 -0800] "-" 400 0 "-" "-"
122.164.160.245 - - [06/Mar/2012:09:13:05 -0800] "-" 400 0 "-" "-"
122.164.160.245 - - [06/Mar/2012:09:13:05 -0800] "-" 400 0 "-" "-"
101.63.245.87 - - [06/Mar/2012:09:13:43 -0800] "-" 400 0 "-" "-"
157.55.112.204 - - [06/Mar/2012:09:14:32 -0800] "-" 400 0 "-" "-"
157.55.112.204 - - [06/Mar/2012:09:14:33 -0800] "-" 400 0 "-" "-"
157.55.112.204 - - [06/Mar/2012:09:14:33 -0800] "-" 400 0 "-" "-"
157.55.112.204 - - [06/Mar/2012:09:14:33 -0800] "-" 400 0 "-" "-"
157.55.112.204 - - [06/Mar/2012:09:14:33 -0800] "-" 400 0 "-" "-"
157.55.112.204 - - [06/Mar/2012:09:14:33 -0800] "-" 400 0 "-" "-"
157.55.112.204 - - [06/Mar/2012:09:14:34 -0800] "-" 400 0 "-" "-"
157.55.112.204 - - [06/Mar/2012:09:14:34 -0800] "-" 400 0 "-" "-"
157.55.112.204 - - [06/Mar/2012:09:14:34 -0800] "-" 400 0 "-" "-"
157.55.112.204 - - [06/Mar/2012:09:14:34 -0800] "-" 400 0 "-" "-"
157.55.112.204 - - [06/Mar/2012:09:15:31 -0800] "-" 400 0 "-" "-"
115.248.183.209 - - [06/Mar/2012:09:15:55 -0800] "-" 400 0 "-" "-"
115.248.183.209 - - [06/Mar/2012:09:15:55 -0800] "-" 400 0 "-" "-"
115.248.183.209 - - [06/Mar/2012:09:15:55 -0800] "-" 400 0 "-" "-"
115.248.183.209 - - [06/Mar/2012:09:15:55 -0800] "-" 400 0 "-" "-"
115.248.183.209 - - [06/Mar/2012:09:15:56 -0800] "-" 400 0 "-" "-"
115.248.183.209 - - [06/Mar/2012:09:15:56 -0800] "-" 400 0 "-" "-"
85.17.88.169 - - [06/Mar/2012:09:17:27 -0800] "POST /blog/wp-cron.php?doing_wp_cron=1331054203 HTTP/1.0" 499 0 "-" "WordPress/3.3.1; http://yuvi.in/blog"
209.85.224.96 - - [06/Mar/2012:09:17:27 -0800] "GET /blog/feed HTTP/1.1" 304 0 "-" "FeedBurner/1.0 (http://www.FeedBurner.com)"
122.174.153.166 - - [06/Mar/2012:09:17:53 -0800] "GET /r/1va HTTP/1.1" 301 255 "-" "Mozilla/5.0 (iPhone; CPU iPhone OS 5_0_1 like Mac OS X) AppleWebKit/534.46 (KHTML, like Gecko) Mobile/9A405"
122.174.153.166 - - [06/Mar/2012:09:17:53 -0800] "GET /s/ta/1va/ HTTP/1.1" 302 409 "-" "Mozilla/5.0 (iPhone; CPU iPhone OS 5_0_1 like Mac OS X) AppleWebKit/534.46 (KHTML, like Gecko) Mobile/9A405"
122.174.153.166 - - [06/Mar/2012:09:18:04 -0800] "GET /r/23z HTTP/1.1" 301 255 "-" "Mozilla/5.0 (iPhone; CPU iPhone OS 5_0_1 like Mac OS X) AppleWebKit/534.46 (KHTML, like Gecko) Mobile/9A405"
122.174.153.166 - - [06/Mar/2012:09:18:04 -0800] "GET /s/ta/23z/ HTTP/1.1" 302 397 "-" "Mozilla/5.0 (iPhone; CPU iPhone OS 5_0_1 like Mac OS X) AppleWebKit/534.46 (KHTML, like Gecko) Mobile/9A405"
117.193.193.214 - - [06/Mar/2012:09:18:15 -0800] "-" 400 0 "-" "-"
115.248.183.209 - - [06/Mar/2012:09:18:35 -0800] "-" 400 0 "-" "-"
115.248.183.209 - - [06/Mar/2012:09:18:35 -0800] "-" 400 0 "-" "-"
115.248.183.209 - - [06/Mar/2012:09:18:35 -0800] "-" 400 0 "-" "-"
115.248.183.209 - - [06/Mar/2012:09:18:35 -0800] "-" 400 0 "-" "-"
85.17.88.169 - - [06/Mar/2012:09:20:01 -0800] "POST /blog/wp-cron.php?doing_wp_cron=1331054357 HTTP/1.0" 499 0 "-" "WordPress/3.3.1; http://yuvi.in/blog"
100.43.83.144 - - [06/Mar/2012:09:20:02 -0800] "GET /blog/six-years-of-blogging-and-eleven-years-of-coding/ HTTP/1.1" 200 4668 "-" "Mozilla/5.0 (compatible; YandexBot/3.0; +http://yandex.com/bots)"
115.248.183.209 - - [06/Mar/2012:09:20:35 -0800] "-" 400 0 "-" "-"
115.248.183.209 - - [06/Mar/2012:09:20:35 -0800] "-" 400 0 "-" "-"
115.248.183.209 - - [06/Mar/2012:09:20:35 -0800] "-" 400 0 "-" "-"
85.17.88.169 - - [06/Mar/2012:09:22:05 -0800] "POST /blog/wp-cron.php?doing_wp_cron=1331054481 HTTP/1.0" 499 0 "-" "WordPress/3.3.1; http://yuvi.in/blog"
72.14.199.121 - - [06/Mar/2012:09:22:05 -0800] "GET /blog/feed/ HTTP/1.1" 304 0 "-" "Feedfetcher-Google; (+http://www.google.com/feedfetcher.html; 18 subscribers; feed-id=15064232456473204253)"
141.0.8.114 - - [06/Mar/2012:09:24:47 -0800] "-" 400 0 "-" "-"
66.249.71.116 - - [06/Mar/2012:09:27:52 -0800] "GET /s/ta/7pz/ HTTP/1.1" 302 373 "-" "Mozilla/5.0 (compatible; Googlebot/2.1; +http://www.google.com/bot.html)"
207.46.12.75 - - [06/Mar/2012:09:30:02 -0800] "-" 400 0 "-" "-"
207.46.12.75 - - [06/Mar/2012:09:30:47 -0800] "-" 400 0 "-" "-"
66.249.71.116 - - [06/Mar/2012:09:31:22 -0800] "GET /r/7pz HTTP/1.1" 301 255 "-" "Mozilla/5.0 (compatible; Googlebot/2.1; +http://www.google.com/bot.html)"
132.239.6.70 - - [06/Mar/2012:09:32:52 -0800] "GET /favicon.ico HTTP/1.1" 404 142 "http://prashanth-kamle.blogspot.com/2009/03/viterbi-algorithm-for-second-order.html" "Mozilla/5.0 (Windows NT 6.1; WOW64; rv:10.0.2) Gecko/20100101 Firefox/10.0.2"
