59.163.27.11 - - [18/Apr/2012:10:23:57 -0700] "GET /AssessmentBar/r/Unassessed_India_articles/ HTTP/1.1" 302 281 "http://en.wikipedia.org/wiki/P.G._College_(Gohana)" "Mozilla/5.0 (Windows NT 5.1) AppleWebKit/535.11 (KHTML, like Gecko) Chrome/17.0.963.83 Safari/535.11"
59.163.27.11 - - [18/Apr/2012:10:23:58 -0700] "GET /AssessmentBar/r/Unassessed_India_articles/ HTTP/1.1" 302 315 "http://en.wikipedia.org/wiki/Sadr_Diwani_Adalat" "Mozilla/5.0 (Windows NT 5.1) AppleWebKit/535.11 (KHTML, like Gecko) Chrome/17.0.963.83 Safari/535.11"
141.0.9.94 - - [18/Apr/2012:10:24:16 -0700] "GET /r/gha HTTP/1.1" 301 255 "http://ta.wikipedia.org/w/index.php?title=%E0%AE%AA%E0%AF%86%E0%AE%B0%E0%AF%81%E0%AE%AE%E0%AE%95%E0%AE%B3%E0%AF%81%E0%AE%B0%E0%AF%8D" "Opera/9.80 (J2ME/MIDP; Opera Mini/4.1.12367/27.1486; U; ta) Presto/2.8.119 Version/11.10"
141.0.9.94 - - [18/Apr/2012:10:24:16 -0700] "GET /s/ta/gha/ HTTP/1.1" 302 385 "http://ta.wikipedia.org/w/index.php?title=%E0%AE%AA%E0%AF%86%E0%AE%B0%E0%AF%81%E0%AE%AE%E0%AE%95%E0%AE%B3%E0%AF%81%E0%AE%B0%E0%AF%8D" "Opera/9.80 (J2ME/MIDP; Opera Mini/4.1.12367/27.1486; U; ta) Presto/2.8.119 Version/11.10"
85.17.88.169 - - [18/Apr/2012:10:24:45 -0700] "POST /blog/wp-cron.php?doing_wp_cron=1334769498 HTTP/1.0" 499 0 "-" "WordPress/3.3.1; http://yuvi.in/blog"
66.249.73.219 - - [18/Apr/2012:10:24:45 -0700] "GET /blog/autokrish-because-we-dont-get-enough-jilpa/feed/ HTTP/1.1" 200 824 "-" "Mozilla/5.0 (compatible; Googlebot/2.1; +http://www.google.com/bot.html)"
85.17.88.169 - - [18/Apr/2012:10:25:10 -0700] "POST /blog/wp-cron.php?doing_wp_cron=1334769523 HTTP/1.0" 499 0 "-" "WordPress/3.3.1; http://yuvi.in/blog"
209.85.224.89 - - [18/Apr/2012:10:25:11 -0700] "GET /blog/feed HTTP/1.1" 304 0 "-" "FeedBurner/1.0 (http://www.FeedBurner.com)"
59.163.27.11 - - [18/Apr/2012:10:25:34 -0700] "GET /AssessmentBar/r/Unassessed_India_articles/ HTTP/1.1" 302 273 "http://en.wikipedia.org/wiki/Talk:Satyawant_Mallannah_Shrinagesh" "Mozilla/5.0 (Windows NT 5.1) AppleWebKit/535.11 (KHTML, like Gecko) Chrome/17.0.963.83 Safari/535.11"
65.255.37.179 - - [18/Apr/2012:10:26:02 -0700] "GET /r/o33 HTTP/1.1" 301 255 "http://ta.wikipedia.org/wiki/%E0%AE%AA%E0%AE%95%E0%AF%81%E0%AE%AA%E0%AF%8D%E0%AE%AA%E0%AF%81:%E0%AE%85%E0%AE%B1%E0%AE%BF%E0%AE%B5%E0%AE%BF%E0%AE%AF%E0%AE%B2%E0%AF%8D_%E0%AE%A4%E0%AE%AE%E0%AE%BF%E0%AE%B4%E0%AF%8D" "Nokia5130c-2/2.0 (07.91) Profile/MIDP-2.1 Configuration/CLDC-1.1 Mozilla/4.0 (compatible; MSIE 8.0; Windows NT 6.1; Trident/4.0; SLCC2;.NET CLR 2.0.50727; .NET CLR 3.5.30729; .NET CLR 3.0.30729; Media Center PC 6.0; InfoPath.2) UCBrowser8.2.0.132/70/352"
65.255.37.179 - - [18/Apr/2012:10:26:02 -0700] "GET /s/ta/o33/ HTTP/1.1" 302 511 "http://ta.wikipedia.org/wiki/%E0%AE%AA%E0%AE%95%E0%AF%81%E0%AE%AA%E0%AF%8D%E0%AE%AA%E0%AF%81:%E0%AE%85%E0%AE%B1%E0%AE%BF%E0%AE%B5%E0%AE%BF%E0%AE%AF%E0%AE%B2%E0%AF%8D_%E0%AE%A4%E0%AE%AE%E0%AE%BF%E0%AE%B4%E0%AF%8D" "Nokia5130c-2/2.0 (07.91) Profile/MIDP-2.1 Configuration/CLDC-1.1 Mozilla/4.0 (compatible; MSIE 8.0; Windows NT 6.1; Trident/4.0; SLCC2;.NET CLR 2.0.50727; .NET CLR 3.5.30729; .NET CLR 3.0.30729; Media Center PC 6.0; InfoPath.2) UCBrowser8.2.0.132/70/352"
59.163.27.11 - - [18/Apr/2012:10:26:18 -0700] "GET /AssessmentBar/r/Unassessed_India_articles/ HTTP/1.1" 302 279 "http://en.wikipedia.org/wiki/Vizhinjam" "Mozilla/5.0 (Windows NT 5.1) AppleWebKit/535.11 (KHTML, like Gecko) Chrome/17.0.963.83 Safari/535.11"
59.163.27.11 - - [18/Apr/2012:10:26:21 -0700] "GET /AssessmentBar/r/Unassessed_India_articles/ HTTP/1.1" 302 301 "http://en.wikipedia.org/wiki/Mula_Sangh" "Mozilla/5.0 (Windows NT 5.1) AppleWebKit/535.11 (KHTML, like Gecko) Chrome/17.0.963.83 Safari/535.11"
141.0.11.8 - - [18/Apr/2012:10:26:51 -0700] "-" 400 0 "-" "-"
141.0.11.8 - - [18/Apr/2012:10:26:52 -0700] "-" 400 0 "-" "-"
220.181.51.83 - - [18/Apr/2012:10:27:09 -0700] "GET / HTTP/1.1" 200 1430 "-" "Mozilla/5.0 (Windows NT 5.1; rv:6.0.2) Gecko/20100101 Firefox/6.0.2"
59.163.27.11 - - [18/Apr/2012:10:27:18 -0700] "GET /AssessmentBar/r/Unassessed_India_articles/ HTTP/1.1" 302 283 "http://en.wikipedia.org/wiki/Salim_Kidwai" "Mozilla/5.0 (Windows NT 5.1) AppleWebKit/535.11 (KHTML, like Gecko) Chrome/17.0.963.83 Safari/535.11"
59.163.27.11 - - [18/Apr/2012:10:27:20 -0700] "GET /AssessmentBar/r/Unassessed_India_articles/ HTTP/1.1" 302 269 "http://en.wikipedia.org/w/index.php?title=Talk:Phogat&action=history" "Mozilla/5.0 (Windows NT 5.1) AppleWebKit/535.11 (KHTML, like Gecko) Chrome/17.0.963.83 Safari/535.11"
59.163.27.11 - - [18/Apr/2012:10:27:23 -0700] "GET /AssessmentBar/r/Unassessed_India_articles/ HTTP/1.1" 302 295 "http://en.wikipedia.org/wiki/R._S._Puram,_Coimbatore" "Mozilla/5.0 (Windows NT 5.1) AppleWebKit/535.11 (KHTML, like Gecko) Chrome/17.0.963.83 Safari/535.11"
59.163.27.11 - - [18/Apr/2012:10:27:26 -0700] "GET /AssessmentBar/r/Unassessed_India_articles/ HTTP/1.1" 302 307 "http://en.wikipedia.org/wiki/Bhabhar" "Mozilla/5.0 (Windows NT 5.1) AppleWebKit/535.11 (KHTML, like Gecko) Chrome/17.0.963.83 Safari/535.11"
59.163.27.11 - - [18/Apr/2012:10:27:35 -0700] "GET /AssessmentBar/r/Unassessed_India_articles/ HTTP/1.1" 302 275 "http://en.wikipedia.org/wiki/Indore_-_Mhow_Passenger_MG" "Mozilla/5.0 (Windows NT 5.1) AppleWebKit/535.11 (KHTML, like Gecko) Chrome/17.0.963.83 Safari/535.11"
59.163.27.11 - - [18/Apr/2012:10:28:35 -0700] "GET /AssessmentBar/r/Unassessed_India_articles/ HTTP/1.1" 302 275 "http://en.wikipedia.org/w/index.php?title=Gohana&action=history" "Mozilla/5.0 (Windows NT 5.1) AppleWebKit/535.11 (KHTML, like Gecko) Chrome/17.0.963.83 Safari/535.11"
85.17.88.169 - - [18/Apr/2012:10:29:07 -0700] "POST /blog/wp-cron.php?doing_wp_cron=1334769760 HTTP/1.0" 499 0 "-" "WordPress/3.3.1; http://yuvi.in/blog"
69.171.234.3 - - [18/Apr/2012:10:29:07 -0700] "GET /blog/interview-sriram-krishnan-5-years-old/ HTTP/1.1" 200 14240 "-" "facebookexternalhit/1.1 (+http://www.facebook.com/externalhit_uatext.php)"
59.163.27.11 - - [18/Apr/2012:10:29:38 -0700] "GET /AssessmentBar/r/Unassessed_India_articles/ HTTP/1.1" 302 285 "http://en.wikipedia.org/wiki/Prakash_Tandon" "Mozilla/5.0 (Windows NT 5.1) AppleWebKit/535.11 (KHTML, like Gecko) Chrome/17.0.963.83 Safari/535.11"
59.163.27.11 - - [18/Apr/2012:10:29:40 -0700] "GET /AssessmentBar/r/Unassessed_India_articles/ HTTP/1.1" 302 277 "http://en.wikipedia.org/wiki/Vajrabodhi" "Mozilla/5.0 (Windows NT 5.1) AppleWebKit/535.11 (KHTML, like Gecko) Chrome/17.0.963.83 Safari/535.11"
59.163.27.11 - - [18/Apr/2012:10:29:43 -0700] "GET /AssessmentBar/r/Unassessed_India_articles/ HTTP/1.1" 302 265 "http://en.wikipedia.org/wiki/CAFVD_Sports_Stadium" "Mozilla/5.0 (Windows NT 5.1) AppleWebKit/535.11 (KHTML, like Gecko) Chrome/17.0.963.83 Safari/535.11"
59.163.27.11 - - [18/Apr/2012:10:30:17 -0700] "GET /AssessmentBar/r/Unassessed_India_articles/ HTTP/1.1" 302 363 "http://en.wikipedia.org/wiki/N._K._Damodaran" "Mozilla/5.0 (Windows NT 5.1) AppleWebKit/535.11 (KHTML, like Gecko) Chrome/17.0.963.83 Safari/535.11"
220.181.108.85 - - [18/Apr/2012:10:31:32 -0700] "GET /blog/samsung-n210-review.html HTTP/1.1" 200 3293 "-" "Mozilla/5.0 (compatible; Baiduspider/2.0; +http://www.baidu.com/search/spider.html)"
59.163.27.11 - - [18/Apr/2012:10:32:53 -0700] "GET /AssessmentBar/r/Unassessed_India_articles/ HTTP/1.1" 302 293 "http://en.wikipedia.org/wiki/Pattuthurai" "Mozilla/5.0 (Windows NT 5.1) AppleWebKit/535.11 (KHTML, like Gecko) Chrome/17.0.963.83 Safari/535.11"
59.163.27.11 - - [18/Apr/2012:10:32:59 -0700] "GET /AssessmentBar/r/Unassessed_India_articles/ HTTP/1.1" 302 279 "http://en.wikipedia.org/wiki/Nimoo_Bazgo_Project" "Mozilla/5.0 (Windows NT 5.1) AppleWebKit/535.11 (KHTML, like Gecko) Chrome/17.0.963.83 Safari/535.11"
59.163.27.11 - - [18/Apr/2012:10:33:04 -0700] "GET /AssessmentBar/r/Unassessed_India_articles/ HTTP/1.1" 302 293 "http://en.wikipedia.org/wiki/Vy%C4%81kara%E1%B9%87a" "Mozilla/5.0 (Windows NT 5.1) AppleWebKit/535.11 (KHTML, like Gecko) Chrome/17.0.963.83 Safari/535.11"
69.171.228.245 - - [18/Apr/2012:10:33:26 -0700] "GET /r/14k2 HTTP/1.1" 301 257 "-" "facebookexternalhit/1.1 (+http://www.facebook.com/externalhit_uatext.php)"
69.171.228.245 - - [18/Apr/2012:10:33:26 -0700] "GET /s/ta/14k2/ HTTP/1.1" 302 561 "-" "facebookexternalhit/1.1 (+http://www.facebook.com/externalhit_uatext.php)"
59.163.27.11 - - [18/Apr/2012:10:33:51 -0700] "GET /AssessmentBar/r/Unassessed_India_articles/ HTTP/1.1" 302 295 "http://en.wikipedia.org/wiki/Chaudhary_Charan_Singh_Haryana_Agricultural_University" "Mozilla/5.0 (Windows NT 5.1) AppleWebKit/535.11 (KHTML, like Gecko) Chrome/17.0.963.83 Safari/535.11"
69.171.228.245 - - [18/Apr/2012:10:34:17 -0700] "GET /blog/category/education/ HTTP/1.1" 200 14722 "-" "facebookexternalhit/1.1 (+http://www.facebook.com/externalhit_uatext.php)"
59.163.27.11 - - [18/Apr/2012:10:34:26 -0700] "GET /AssessmentBar/r/Unassessed_India_articles/ HTTP/1.1" 302 281 "http://en.wikipedia.org/wiki/Telugu_films_of_1951" "Mozilla/5.0 (Windows NT 5.1) AppleWebKit/535.11 (KHTML, like Gecko) Chrome/17.0.963.83 Safari/535.11"
59.163.27.11 - - [18/Apr/2012:10:34:36 -0700] "GET /AssessmentBar/r/Unassessed_India_articles/ HTTP/1.1" 302 265 "http://en.wikipedia.org/wiki/Anupam_Sarkar" "Mozilla/5.0 (Windows NT 5.1) AppleWebKit/535.11 (KHTML, like Gecko) Chrome/17.0.963.83 Safari/535.11"
117.193.149.73 - - [18/Apr/2012:10:35:13 -0700] "-" 400 0 "-" "-"
117.193.149.73 - - [18/Apr/2012:10:35:13 -0700] "-" 400 0 "-" "-"
117.193.149.73 - - [18/Apr/2012:10:35:13 -0700] "-" 400 0 "-" "-"
117.193.149.73 - - [18/Apr/2012:10:35:33 -0700] "-" 400 0 "-" "-"
117.193.149.73 - - [18/Apr/2012:10:35:33 -0700] "-" 400 0 "-" "-"
117.193.149.73 - - [18/Apr/2012:10:35:34 -0700] "-" 400 0 "-" "-"
117.193.149.73 - - [18/Apr/2012:10:35:34 -0700] "-" 400 0 "-" "-"
117.193.149.73 - - [18/Apr/2012:10:35:34 -0700] "-" 400 0 "-" "-"
59.163.27.11 - - [18/Apr/2012:10:36:16 -0700] "GET /AssessmentBar/r/Unassessed_India_articles/ HTTP/1.1" 302 305 "http://en.wikipedia.org/wiki/Byari" "Mozilla/5.0 (Windows NT 5.1) AppleWebKit/535.11 (KHTML, like Gecko) Chrome/17.0.963.83 Safari/535.11"
59.163.27.11 - - [18/Apr/2012:10:36:21 -0700] "GET /AssessmentBar/r/Unassessed_India_articles/ HTTP/1.1" 302 297 "http://en.wikipedia.org/wiki/Kosha" "Mozilla/5.0 (Windows NT 5.1) AppleWebKit/535.11 (KHTML, like Gecko) Chrome/17.0.963.83 Safari/535.11"
59.163.27.11 - - [18/Apr/2012:10:36:21 -0700] "GET /AssessmentBar/r/Unassessed_India_articles/ HTTP/1.1" 302 273 "http://en.wikipedia.org/wiki/Kosha" "Mozilla/5.0 (Windows NT 5.1) AppleWebKit/535.11 (KHTML, like Gecko) Chrome/17.0.963.83 Safari/535.11"
59.163.27.11 - - [18/Apr/2012:10:36:53 -0700] "GET /AssessmentBar/r/Unassessed_India_articles/ HTTP/1.1" 302 337 "http://en.wikipedia.org/wiki/Virudhaka" "Mozilla/5.0 (Windows NT 5.1) AppleWebKit/535.11 (KHTML, like Gecko) Chrome/17.0.963.83 Safari/535.11"
59.163.27.11 - - [18/Apr/2012:10:36:56 -0700] "GET /AssessmentBar/r/Unassessed_India_articles/ HTTP/1.1" 302 301 "http://en.wikipedia.org/wiki/Hooghly_Collegiate_School" "Mozilla/5.0 (Windows NT 5.1) AppleWebKit/535.11 (KHTML, like Gecko) Chrome/17.0.963.83 Safari/535.11"
59.163.27.11 - - [18/Apr/2012:10:36:58 -0700] "GET /AssessmentBar/r/Unassessed_India_articles/ HTTP/1.1" 302 271 "http://en.wikipedia.org/wiki/Disney_Junior_(India)" "Mozilla/5.0 (Windows NT 5.1) AppleWebKit/535.11 (KHTML, like Gecko) Chrome/17.0.963.83 Safari/535.11"
59.163.27.11 - - [18/Apr/2012:10:37:25 -0700] "GET /AssessmentBar/r/Unassessed_India_articles/ HTTP/1.1" 302 281 "http://en.wikipedia.org/wiki/Boologam" "Mozilla/5.0 (Windows NT 5.1) AppleWebKit/535.11 (KHTML, like Gecko) Chrome/17.0.963.83 Safari/535.11"
117.193.110.214 - - [18/Apr/2012:10:37:26 -0700] "-" 400 0 "-" "-"
59.163.27.11 - - [18/Apr/2012:10:37:34 -0700] "GET /AssessmentBar/r/Unassessed_India_articles/ HTTP/1.1" 302 277 "http://en.wikipedia.org/wiki/Vinod_Mankara" "Mozilla/5.0 (Windows NT 5.1) AppleWebKit/535.11 (KHTML, like Gecko) Chrome/17.0.963.83 Safari/535.11"
59.163.27.11 - - [18/Apr/2012:10:37:35 -0700] "GET /AssessmentBar/r/Unassessed_India_articles/ HTTP/1.1" 302 279 "http://en.wikipedia.org/wiki/Garodia_International_Centre_for_Learning" "Mozilla/5.0 (Windows NT 5.1) AppleWebKit/535.11 (KHTML, like Gecko) Chrome/17.0.963.83 Safari/535.11"
59.163.27.11 - - [18/Apr/2012:10:38:39 -0700] "GET /AssessmentBar/r/Unassessed_India_articles/ HTTP/1.1" 302 285 "http://en.wikipedia.org/wiki/Birla_Mandir" "Mozilla/5.0 (Windows NT 5.1) AppleWebKit/535.11 (KHTML, like Gecko) Chrome/17.0.963.83 Safari/535.11"
59.163.27.11 - - [18/Apr/2012:10:38:41 -0700] "GET /AssessmentBar/r/Unassessed_India_articles/ HTTP/1.1" 302 267 "http://en.wikipedia.org/wiki/Lowe_Lintas" "Mozilla/5.0 (Windows NT 5.1) AppleWebKit/535.11 (KHTML, like Gecko) Chrome/17.0.963.83 Safari/535.11"
59.163.27.11 - - [18/Apr/2012:10:38:44 -0700] "GET /AssessmentBar/r/Unassessed_India_articles/ HTTP/1.1" 302 295 "http://en.wikipedia.org/wiki/Lowe_Lintas" "Mozilla/5.0 (Windows NT 5.1) AppleWebKit/535.11 (KHTML, like Gecko) Chrome/17.0.963.83 Safari/535.11"
59.163.27.11 - - [18/Apr/2012:10:38:46 -0700] "GET /AssessmentBar/r/Unassessed_India_articles/ HTTP/1.1" 302 307 "http://en.wikipedia.org/wiki/Ghanshyam_Sarda" "Mozilla/5.0 (Windows NT 5.1) AppleWebKit/535.11 (KHTML, like Gecko) Chrome/17.0.963.83 Safari/535.11"
59.163.27.11 - - [18/Apr/2012:10:38:48 -0700] "GET /AssessmentBar/r/Unassessed_India_articles/ HTTP/1.1" 302 267 "http://en.wikipedia.org/wiki/Vasco_da_Gama_Church" "Mozilla/5.0 (Windows NT 5.1) AppleWebKit/535.11 (KHTML, like Gecko) Chrome/17.0.963.83 Safari/535.11"
59.163.27.11 - - [18/Apr/2012:10:38:59 -0700] "GET /AssessmentBar/r/Unassessed_India_articles/ HTTP/1.1" 302 291 "http://en.wikipedia.org/wiki/Daaman" "Mozilla/5.0 (Windows NT 5.1) AppleWebKit/535.11 (KHTML, like Gecko) Chrome/17.0.963.83 Safari/535.11"
59.163.27.11 - - [18/Apr/2012:10:39:01 -0700] "GET /AssessmentBar/r/Unassessed_India_articles/ HTTP/1.1" 302 291 "http://en.wikipedia.org/wiki/KIIT_Group_of_Institutions" "Mozilla/5.0 (Windows NT 5.1) AppleWebKit/535.11 (KHTML, like Gecko) Chrome/17.0.963.83 Safari/535.11"
59.163.27.11 - - [18/Apr/2012:10:39:09 -0700] "GET /AssessmentBar/r/Unassessed_India_articles/ HTTP/1.1" 302 277 "http://en.wikipedia.org/wiki/Yogesh_Kumar_Sanan" "Mozilla/5.0 (Windows NT 5.1) AppleWebKit/535.11 (KHTML, like Gecko) Chrome/17.0.963.83 Safari/535.11"
59.163.27.11 - - [18/Apr/2012:10:39:11 -0700] "GET /AssessmentBar/r/Unassessed_India_articles/ HTTP/1.1" 302 329 "http://en.wikipedia.org/wiki/Kulhar" "Mozilla/5.0 (Windows NT 5.1) AppleWebKit/535.11 (KHTML, like Gecko) Chrome/17.0.963.83 Safari/535.11"
209.85.224.84 - - [18/Apr/2012:10:39:13 -0700] "GET /stories/feed HTTP/1.1" 200 13653 "-" "FeedBurner/1.0 (http://www.FeedBurner.com)"
59.92.37.55 - - [18/Apr/2012:10:39:17 -0700] "GET /blog/category/education/ HTTP/1.1" 200 14722 "http://www.facebook.com/l.php?u=http%3A%2F%2Fyuvi.in%2Fblog%2Fcategory%2Feducation%2F&h=mAQHUOu_7" "Mozilla/5.0 (Windows NT 5.1) AppleWebKit/535.11 (KHTML, like Gecko) Chrome/17.0.963.56 Safari/535.11"
59.92.37.55 - - [18/Apr/2012:10:39:17 -0700] "GET /blog/wp-content/themes/cleanr/js/jquery.dropdown.js?ver=3.3.1 HTTP/1.1" 200 535 "http://yuvi.in/blog/category/education/" "Mozilla/5.0 (Windows NT 5.1) AppleWebKit/535.11 (KHTML, like Gecko) Chrome/17.0.963.56 Safari/535.11"
59.92.37.55 - - [18/Apr/2012:10:39:18 -0700] "GET /blog/wp-content/themes/cleanr/style.css HTTP/1.1" 200 10508 "http://yuvi.in/blog/category/education/" "Mozilla/5.0 (Windows NT 5.1) AppleWebKit/535.11 (KHTML, like Gecko) Chrome/17.0.963.56 Safari/535.11"
59.92.37.55 - - [18/Apr/2012:10:39:19 -0700] "GET /blog/wp-content/themes/cleanr/css/reset.css HTTP/1.1" 200 648 "http://yuvi.in/blog/category/education/" "Mozilla/5.0 (Windows NT 5.1) AppleWebKit/535.11 (KHTML, like Gecko) Chrome/17.0.963.56 Safari/535.11"
59.92.37.55 - - [18/Apr/2012:10:39:19 -0700] "GET /blog/wp-content/themes/cleanr/css/text.css HTTP/1.1" 200 420 "http://yuvi.in/blog/category/education/" "Mozilla/5.0 (Windows NT 5.1) AppleWebKit/535.11 (KHTML, like Gecko) Chrome/17.0.963.56 Safari/535.11"
59.92.37.55 - - [18/Apr/2012:10:39:19 -0700] "GET /blog/wp-content/themes/cleanr/css/960.css HTTP/1.1" 200 3628 "http://yuvi.in/blog/category/education/" "Mozilla/5.0 (Windows NT 5.1) AppleWebKit/535.11 (KHTML, like Gecko) Chrome/17.0.963.56 Safari/535.11"
59.92.37.55 - - [18/Apr/2012:10:39:19 -0700] "GET /blog/wp-includes/js/jquery/jquery.js?ver=1.7.1 HTTP/1.1" 200 93889 "http://yuvi.in/blog/category/education/" "Mozilla/5.0 (Windows NT 5.1) AppleWebKit/535.11 (KHTML, like Gecko) Chrome/17.0.963.56 Safari/535.11"
59.92.37.55 - - [18/Apr/2012:10:39:20 -0700] "GET /blog/wp-content/themes/cleanr/images/search_magnifier.gif HTTP/1.1" 200 394 "http://yuvi.in/blog/category/education/" "Mozilla/5.0 (Windows NT 5.1) AppleWebKit/535.11 (KHTML, like Gecko) Chrome/17.0.963.56 Safari/535.11"
59.92.37.55 - - [18/Apr/2012:10:39:23 -0700] "GET /favicon.ico HTTP/1.1" 404 199 "-" "Mozilla/5.0 (Windows NT 5.1) AppleWebKit/535.11 (KHTML, like Gecko) Chrome/17.0.963.56 Safari/535.11"
117.193.110.214 - - [18/Apr/2012:10:39:26 -0700] "-" 400 0 "-" "-"
59.163.27.11 - - [18/Apr/2012:10:39:38 -0700] "GET /AssessmentBar/r/Unassessed_India_articles/ HTTP/1.1" 302 287 "http://en.wikipedia.org/wiki/Hyundai_i10" "Mozilla/5.0 (Windows NT 5.1) AppleWebKit/535.11 (KHTML, like Gecko) Chrome/17.0.963.83 Safari/535.11"
59.163.27.11 - - [18/Apr/2012:10:39:39 -0700] "GET /AssessmentBar/r/Unassessed_India_articles/ HTTP/1.1" 302 293 "http://en.wikipedia.org/wiki/Sayaji_Vaibhav_Public_Library_Navsari" "Mozilla/5.0 (Windows NT 5.1) AppleWebKit/535.11 (KHTML, like Gecko) Chrome/17.0.963.83 Safari/535.11"
59.163.27.11 - - [18/Apr/2012:10:39:47 -0700] "GET /AssessmentBar/r/Unassessed_India_articles/ HTTP/1.1" 302 299 "http://en.wikipedia.org/wiki/Gian_Singh_Rarewala" "Mozilla/5.0 (Windows NT 5.1) AppleWebKit/535.11 (KHTML, like Gecko) Chrome/17.0.963.83 Safari/535.11"
59.163.27.11 - - [18/Apr/2012:10:39:52 -0700] "GET /AssessmentBar/r/Unassessed_India_articles/ HTTP/1.1" 302 325 "http://en.wikipedia.org/wiki/Pune_Club_Ground" "Mozilla/5.0 (Windows NT 5.1) AppleWebKit/535.11 (KHTML, like Gecko) Chrome/17.0.963.83 Safari/535.11"
59.163.27.11 - - [18/Apr/2012:10:39:54 -0700] "GET /AssessmentBar/r/Unassessed_India_articles/ HTTP/1.1" 302 321 "http://en.wikipedia.org/wiki/Syamadas_Mukhopadhyaya" "Mozilla/5.0 (Windows NT 5.1) AppleWebKit/535.11 (KHTML, like Gecko) Chrome/17.0.963.83 Safari/535.11"
59.163.27.11 - - [18/Apr/2012:10:40:05 -0700] "GET /AssessmentBar/r/Unassessed_India_articles/ HTTP/1.1" 302 283 "http://en.wikipedia.org/wiki/Infant_Jesus_School,_Thiruvambady" "Mozilla/5.0 (Windows NT 5.1) AppleWebKit/535.11 (KHTML, like Gecko) Chrome/17.0.963.83 Safari/535.11"
117.193.110.214 - - [18/Apr/2012:10:40:13 -0700] "-" 400 0 "-" "-"
59.163.27.11 - - [18/Apr/2012:10:40:17 -0700] "GET /AssessmentBar/r/Unassessed_India_articles/ HTTP/1.1" 302 279 "http://en.wikipedia.org/wiki/Consulate-General_of_India,_Chicago" "Mozilla/5.0 (Windows NT 5.1) AppleWebKit/535.11 (KHTML, like Gecko) Chrome/17.0.963.83 Safari/535.11"
59.163.27.11 - - [18/Apr/2012:10:40:21 -0700] "GET /AssessmentBar/r/Unassessed_India_articles/ HTTP/1.1" 302 291 "http://en.wikipedia.org/wiki/Keelakuruchi" "Mozilla/5.0 (Windows NT 5.1) AppleWebKit/535.11 (KHTML, like Gecko) Chrome/17.0.963.83 Safari/535.11"
59.163.27.11 - - [18/Apr/2012:10:40:24 -0700] "GET /AssessmentBar/r/Unassessed_India_articles/ HTTP/1.1" 302 281 "http://en.wikipedia.org/wiki/Jitendra_Patel" "Mozilla/5.0 (Windows NT 5.1) AppleWebKit/535.11 (KHTML, like Gecko) Chrome/17.0.963.83 Safari/535.11"
59.163.27.11 - - [18/Apr/2012:10:40:26 -0700] "GET /AssessmentBar/r/Unassessed_India_articles/ HTTP/1.1" 302 269 "http://en.wikipedia.org/wiki/Sambhajirao_Kakade" "Mozilla/5.0 (Windows NT 5.1) AppleWebKit/535.11 (KHTML, like Gecko) Chrome/17.0.963.83 Safari/535.11"
59.163.27.11 - - [18/Apr/2012:10:40:39 -0700] "GET /AssessmentBar/r/Unassessed_India_articles/ HTTP/1.1" 302 303 "http://en.wikipedia.org/wiki/Bithoor" "Mozilla/5.0 (Windows NT 5.1) AppleWebKit/535.11 (KHTML, like Gecko) Chrome/17.0.963.83 Safari/535.11"
59.163.27.11 - - [18/Apr/2012:10:40:42 -0700] "GET /AssessmentBar/r/Unassessed_India_articles/ HTTP/1.1" 302 277 "http://en.wikipedia.org/wiki/L.I.G._Colony" "Mozilla/5.0 (Windows NT 5.1) AppleWebKit/535.11 (KHTML, like Gecko) Chrome/17.0.963.83 Safari/535.11"
59.163.27.11 - - [18/Apr/2012:10:40:45 -0700] "GET /AssessmentBar/r/Unassessed_India_articles/ HTTP/1.1" 302 293 "http://en.wikipedia.org/wiki/Olive_Telecommunications" "Mozilla/5.0 (Windows NT 5.1) AppleWebKit/535.11 (KHTML, like Gecko) Chrome/17.0.963.83 Safari/535.11"
59.163.27.11 - - [18/Apr/2012:10:40:48 -0700] "GET /AssessmentBar/r/Unassessed_India_articles/ HTTP/1.1" 302 267 "http://en.wikipedia.org/wiki/Mechi_River" "Mozilla/5.0 (Windows NT 5.1) AppleWebKit/535.11 (KHTML, like Gecko) Chrome/17.0.963.83 Safari/535.11"
59.163.27.11 - - [18/Apr/2012:10:42:49 -0700] "GET /AssessmentBar/r/Unassessed_India_articles/ HTTP/1.1" 302 269 "http://en.wikipedia.org/wiki/Tholi_Kodi_Koosindi" "Mozilla/5.0 (Windows NT 5.1) AppleWebKit/535.11 (KHTML, like Gecko) Chrome/17.0.963.83 Safari/535.11"
59.163.27.11 - - [18/Apr/2012:10:42:52 -0700] "GET /AssessmentBar/r/Unassessed_India_articles/ HTTP/1.1" 302 309 "http://en.wikipedia.org/wiki/Burdak" "Mozilla/5.0 (Windows NT 5.1) AppleWebKit/535.11 (KHTML, like Gecko) Chrome/17.0.963.83 Safari/535.11"
59.163.27.11 - - [18/Apr/2012:10:43:07 -0700] "GET /AssessmentBar/r/Unassessed_India_articles/ HTTP/1.1" 302 273 "http://en.wikipedia.org/wiki/Didwana" "Mozilla/5.0 (Windows NT 5.1) AppleWebKit/535.11 (KHTML, like Gecko) Chrome/17.0.963.83 Safari/535.11"
59.163.27.11 - - [18/Apr/2012:10:43:23 -0700] "GET /AssessmentBar/r/Unassessed_India_articles/ HTTP/1.1" 302 299 "http://en.wikipedia.org/wiki/Burdak" "Mozilla/5.0 (Windows NT 5.1) AppleWebKit/535.11 (KHTML, like Gecko) Chrome/17.0.963.83 Safari/535.11"
59.163.27.11 - - [18/Apr/2012:10:43:24 -0700] "GET /AssessmentBar/r/Unassessed_India_articles/ HTTP/1.1" 302 305 "http://en.wikipedia.org/wiki/National_Waterway_2_(India)" "Mozilla/5.0 (Windows NT 5.1) AppleWebKit/535.11 (KHTML, like Gecko) Chrome/17.0.963.83 Safari/535.11"
59.163.27.11 - - [18/Apr/2012:10:43:45 -0700] "GET /AssessmentBar/r/Unassessed_India_articles/ HTTP/1.1" 302 311 "http://en.wikipedia.org/wiki/Mandala_9" "Mozilla/5.0 (Windows NT 5.1) AppleWebKit/535.11 (KHTML, like Gecko) Chrome/17.0.963.83 Safari/535.11"
59.163.27.11 - - [18/Apr/2012:10:43:47 -0700] "GET /AssessmentBar/r/Unassessed_India_articles/ HTTP/1.1" 302 285 "http://en.wikipedia.org/wiki/Archdiocese_of_Trivandrum" "Mozilla/5.0 (Windows NT 5.1) AppleWebKit/535.11 (KHTML, like Gecko) Chrome/17.0.963.83 Safari/535.11"
66.220.146.249 - - [18/Apr/2012:10:43:48 -0700] "GET /r/1ijr HTTP/1.1" 301 257 "-" "facebookexternalhit/1.1 (+http://www.facebook.com/externalhit_uatext.php)"
66.220.146.244 - - [18/Apr/2012:10:43:48 -0700] "GET /s/ta/1ijr/ HTTP/1.1" 302 433 "-" "facebookexternalhit/1.1 (+http://www.facebook.com/externalhit_uatext.php)"
59.163.27.11 - - [18/Apr/2012:10:43:51 -0700] "GET /AssessmentBar/r/Unassessed_India_articles/ HTTP/1.1" 302 307 "http://en.wikipedia.org/wiki/Shimla_Chandigarh_Expressway" "Mozilla/5.0 (Windows NT 5.1) AppleWebKit/535.11 (KHTML, like Gecko) Chrome/17.0.963.83 Safari/535.11"
59.163.27.11 - - [18/Apr/2012:10:43:52 -0700] "GET /AssessmentBar/r/Unassessed_India_articles/ HTTP/1.1" 302 315 "http://en.wikipedia.org/wiki/Federal_Court_of_India" "Mozilla/5.0 (Windows NT 5.1) AppleWebKit/535.11 (KHTML, like Gecko) Chrome/17.0.963.83 Safari/535.11"
59.163.27.11 - - [18/Apr/2012:10:44:04 -0700] "GET /AssessmentBar/r/Unassessed_India_articles/ HTTP/1.1" 302 271 "http://en.wikipedia.org/wiki/Kothala_Raayudu" "Mozilla/5.0 (Windows NT 5.1) AppleWebKit/535.11 (KHTML, like Gecko) Chrome/17.0.963.83 Safari/535.11"
59.163.27.11 - - [18/Apr/2012:10:44:13 -0700] "GET /AssessmentBar/r/Unassessed_India_articles/ HTTP/1.1" 302 283 "http://en.wikipedia.org/wiki/Satyawant_Mallannah_Shrinagesh" "Mozilla/5.0 (Windows NT 5.1) AppleWebKit/535.11 (KHTML, like Gecko) Chrome/17.0.963.83 Safari/535.11"
59.163.27.11 - - [18/Apr/2012:10:44:15 -0700] "GET /AssessmentBar/r/Unassessed_India_articles/ HTTP/1.1" 302 283 "http://en.wikipedia.org/wiki/Construction_industry_of_India" "Mozilla/5.0 (Windows NT 5.1) AppleWebKit/535.11 (KHTML, like Gecko) Chrome/17.0.963.83 Safari/535.11"
59.163.27.11 - - [18/Apr/2012:10:44:17 -0700] "GET /AssessmentBar/r/Unassessed_India_articles/ HTTP/1.1" 302 293 "http://en.wikipedia.org/wiki/Oscar_and_Ponni_Architects" "Mozilla/5.0 (Windows NT 5.1) AppleWebKit/535.11 (KHTML, like Gecko) Chrome/17.0.963.83 Safari/535.11"
59.163.27.11 - - [18/Apr/2012:10:44:18 -0700] "GET /AssessmentBar/r/Unassessed_India_articles/ HTTP/1.1" 302 275 "http://en.wikipedia.org/wiki/Oscar_and_Ponni_Architects" "Mozilla/5.0 (Windows NT 5.1) AppleWebKit/535.11 (KHTML, like Gecko) Chrome/17.0.963.83 Safari/535.11"
59.163.27.11 - - [18/Apr/2012:10:44:20 -0700] "GET /AssessmentBar/r/Unassessed_India_articles/ HTTP/1.1" 302 277 "http://en.wikipedia.org/wiki/Rabindra_Sadan" "Mozilla/5.0 (Windows NT 5.1) AppleWebKit/535.11 (KHTML, like Gecko) Chrome/17.0.963.83 Safari/535.11"
59.163.27.11 - - [18/Apr/2012:10:44:22 -0700] "GET /AssessmentBar/r/Unassessed_India_articles/ HTTP/1.1" 302 277 "http://en.wikipedia.org/wiki/Dangi_in_India" "Mozilla/5.0 (Windows NT 5.1) AppleWebKit/535.11 (KHTML, like Gecko) Chrome/17.0.963.83 Safari/535.11"
117.193.15.240 - - [18/Apr/2012:10:44:24 -0700] "-" 400 0 "-" "-"
117.193.15.240 - - [18/Apr/2012:10:44:24 -0700] "-" 400 0 "-" "-"
117.193.15.240 - - [18/Apr/2012:10:44:24 -0700] "-" 400 0 "-" "-"
117.193.15.240 - - [18/Apr/2012:10:44:24 -0700] "-" 400 0 "-" "-"
117.193.15.240 - - [18/Apr/2012:10:44:24 -0700] "-" 400 0 "-" "-"
59.163.27.11 - - [18/Apr/2012:10:44:25 -0700] "GET /AssessmentBar/r/Unassessed_India_articles/ HTTP/1.1" 302 301 "http://en.wikipedia.org/wiki/Country_Spa" "Mozilla/5.0 (Windows NT 5.1) AppleWebKit/535.11 (KHTML, like Gecko) Chrome/17.0.963.83 Safari/535.11"
59.163.27.11 - - [18/Apr/2012:10:44:29 -0700] "GET /AssessmentBar/r/Unassessed_India_articles/ HTTP/1.1" 302 265 "http://en.wikipedia.org/wiki/Naga_Kiran" "Mozilla/5.0 (Windows NT 5.1) AppleWebKit/535.11 (KHTML, like Gecko) Chrome/17.0.963.83 Safari/535.11"
117.202.90.70 - - [18/Apr/2012:10:44:49 -0700] "GET /blog/category/education/ HTTP/1.1" 200 14722 "http://www.facebook.com/l.php?u=http%3A%2F%2Fyuvi.in%2Fblog%2Fcategory%2Feducation%2F&h=qAQF1ayGOAQHsZLGnmrKmX0boR3vD_qAJhy_0mDBnYUmzAw" "Mozilla/5.0 (Windows NT 5.1; rv:11.0) Gecko/20100101 Firefox/11.0"
117.202.90.70 - - [18/Apr/2012:10:44:50 -0700] "GET /blog/wp-content/themes/cleanr/style.css HTTP/1.1" 200 10508 "http://yuvi.in/blog/category/education/" "Mozilla/5.0 (Windows NT 5.1; rv:11.0) Gecko/20100101 Firefox/11.0"
117.202.90.70 - - [18/Apr/2012:10:44:50 -0700] "GET /blog/wp-content/themes/cleanr/js/jquery.dropdown.js?ver=3.3.1 HTTP/1.1" 200 535 "http://yuvi.in/blog/category/education/" "Mozilla/5.0 (Windows NT 5.1; rv:11.0) Gecko/20100101 Firefox/11.0"
117.202.90.70 - - [18/Apr/2012:10:44:51 -0700] "GET /blog/wp-content/themes/cleanr/css/reset.css HTTP/1.1" 200 648 "http://yuvi.in/blog/wp-content/themes/cleanr/style.css" "Mozilla/5.0 (Windows NT 5.1; rv:11.0) Gecko/20100101 Firefox/11.0"
117.202.90.70 - - [18/Apr/2012:10:44:51 -0700] "GET /blog/wp-content/themes/cleanr/css/text.css HTTP/1.1" 200 420 "http://yuvi.in/blog/wp-content/themes/cleanr/style.css" "Mozilla/5.0 (Windows NT 5.1; rv:11.0) Gecko/20100101 Firefox/11.0"
117.202.90.70 - - [18/Apr/2012:10:44:51 -0700] "GET /blog/wp-content/themes/cleanr/css/960.css HTTP/1.1" 200 3628 "http://yuvi.in/blog/wp-content/themes/cleanr/style.css" "Mozilla/5.0 (Windows NT 5.1; rv:11.0) Gecko/20100101 Firefox/11.0"
117.202.90.70 - - [18/Apr/2012:10:44:52 -0700] "GET /blog/wp-includes/js/jquery/jquery.js?ver=1.7.1 HTTP/1.1" 200 93889 "http://yuvi.in/blog/category/education/" "Mozilla/5.0 (Windows NT 5.1; rv:11.0) Gecko/20100101 Firefox/11.0"
117.202.90.70 - - [18/Apr/2012:10:44:54 -0700] "GET /blog/wp-content/themes/cleanr/images/search_magnifier.gif HTTP/1.1" 200 394 "http://yuvi.in/blog/category/education/" "Mozilla/5.0 (Windows NT 5.1; rv:11.0) Gecko/20100101 Firefox/11.0"
117.202.90.70 - - [18/Apr/2012:10:44:58 -0700] "GET /favicon.ico HTTP/1.1" 404 142 "-" "Mozilla/5.0 (Windows NT 5.1; rv:11.0) Gecko/20100101 Firefox/11.0"
59.92.1.100 - - [18/Apr/2012:10:44:59 -0700] "GET /blog/category/education/ HTTP/1.1" 200 14722 "http://www.facebook.com/" "Mozilla/5.0 (Windows NT 5.1) AppleWebKit/535.19 (KHTML, like Gecko) Chrome/18.0.1025.162 Safari/535.19"
59.92.1.100 - - [18/Apr/2012:10:45:00 -0700] "GET /blog/wp-content/themes/cleanr/style.css HTTP/1.1" 200 10508 "http://yuvi.in/blog/category/education/" "Mozilla/5.0 (Windows NT 5.1) AppleWebKit/535.19 (KHTML, like Gecko) Chrome/18.0.1025.162 Safari/535.19"
117.202.90.70 - - [18/Apr/2012:10:45:00 -0700] "GET /favicon.ico HTTP/1.1" 404 142 "-" "Mozilla/5.0 (Windows NT 5.1; rv:11.0) Gecko/20100101 Firefox/11.0"
59.92.1.100 - - [18/Apr/2012:10:45:00 -0700] "GET /blog/wp-content/themes/cleanr/js/jquery.dropdown.js?ver=3.3.1 HTTP/1.1" 200 535 "http://yuvi.in/blog/category/education/" "Mozilla/5.0 (Windows NT 5.1) AppleWebKit/535.19 (KHTML, like Gecko) Chrome/18.0.1025.162 Safari/535.19"
59.92.1.100 - - [18/Apr/2012:10:45:00 -0700] "GET /blog/wp-content/themes/cleanr/css/reset.css HTTP/1.1" 200 648 "http://yuvi.in/blog/category/education/" "Mozilla/5.0 (Windows NT 5.1) AppleWebKit/535.19 (KHTML, like Gecko) Chrome/18.0.1025.162 Safari/535.19"
59.92.1.100 - - [18/Apr/2012:10:45:00 -0700] "GET /blog/wp-content/themes/cleanr/css/text.css HTTP/1.1" 200 420 "http://yuvi.in/blog/category/education/" "Mozilla/5.0 (Windows NT 5.1) AppleWebKit/535.19 (KHTML, like Gecko) Chrome/18.0.1025.162 Safari/535.19"
59.92.1.100 - - [18/Apr/2012:10:45:01 -0700] "GET /blog/wp-content/themes/cleanr/css/960.css HTTP/1.1" 200 3628 "http://yuvi.in/blog/category/education/" "Mozilla/5.0 (Windows NT 5.1) AppleWebKit/535.19 (KHTML, like Gecko) Chrome/18.0.1025.162 Safari/535.19"
59.92.1.100 - - [18/Apr/2012:10:45:01 -0700] "GET /blog/wp-includes/js/jquery/jquery.js?ver=1.7.1 HTTP/1.1" 200 93889 "http://yuvi.in/blog/category/education/" "Mozilla/5.0 (Windows NT 5.1) AppleWebKit/535.19 (KHTML, like Gecko) Chrome/18.0.1025.162 Safari/535.19"
59.92.1.100 - - [18/Apr/2012:10:45:03 -0700] "GET /blog/wp-content/themes/cleanr/images/search_magnifier.gif HTTP/1.1" 200 394 "http://yuvi.in/blog/category/education/" "Mozilla/5.0 (Windows NT 5.1) AppleWebKit/535.19 (KHTML, like Gecko) Chrome/18.0.1025.162 Safari/535.19"
59.92.1.100 - - [18/Apr/2012:10:45:04 -0700] "GET /favicon.ico HTTP/1.1" 404 199 "-" "Mozilla/5.0 (Windows NT 5.1) AppleWebKit/535.19 (KHTML, like Gecko) Chrome/18.0.1025.162 Safari/535.19"
59.92.1.100 - - [18/Apr/2012:10:45:18 -0700] "-" 400 0 "-" "-"
59.163.27.11 - - [18/Apr/2012:10:45:31 -0700] "GET /AssessmentBar/r/Unassessed_India_articles/ HTTP/1.1" 302 293 "http://en.wikipedia.org/wiki/Bharat_Shah_(cricketer)" "Mozilla/5.0 (Windows NT 5.1) AppleWebKit/535.11 (KHTML, like Gecko) Chrome/17.0.963.83 Safari/535.11"
59.163.27.11 - - [18/Apr/2012:10:45:33 -0700] "GET /AssessmentBar/r/Unassessed_India_articles/ HTTP/1.1" 302 315 "http://en.wikipedia.org/wiki/Sodha" "Mozilla/5.0 (Windows NT 5.1) AppleWebKit/535.11 (KHTML, like Gecko) Chrome/17.0.963.83 Safari/535.11"
59.163.27.11 - - [18/Apr/2012:10:45:50 -0700] "GET /AssessmentBar/r/Unassessed_India_articles/ HTTP/1.1" 302 269 "http://en.wikipedia.org/wiki/Dahia_(Rajput_clan)" "Mozilla/5.0 (Windows NT 5.1) AppleWebKit/535.11 (KHTML, like Gecko) Chrome/17.0.963.83 Safari/535.11"
59.163.27.11 - - [18/Apr/2012:10:45:54 -0700] "GET /AssessmentBar/r/Unassessed_India_articles/ HTTP/1.1" 302 289 "http://en.wikipedia.org/wiki/Nireekshana" "Mozilla/5.0 (Windows NT 5.1) AppleWebKit/535.11 (KHTML, like Gecko) Chrome/17.0.963.83 Safari/535.11"
59.163.27.11 - - [18/Apr/2012:10:46:08 -0700] "GET /AssessmentBar/r/Unassessed_India_articles/ HTTP/1.1" 302 297 "http://en.wikipedia.org/wiki/Tractors_in_India" "Mozilla/5.0 (Windows NT 5.1) AppleWebKit/535.11 (KHTML, like Gecko) Chrome/17.0.963.83 Safari/535.11"
59.163.27.11 - - [18/Apr/2012:10:46:11 -0700] "GET /AssessmentBar/r/Unassessed_India_articles/ HTTP/1.1" 302 287 "http://en.wikipedia.org/wiki/Moulali" "Mozilla/5.0 (Windows NT 5.1) AppleWebKit/535.11 (KHTML, like Gecko) Chrome/17.0.963.83 Safari/535.11"
69.171.228.246 - - [18/Apr/2012:10:46:20 -0700] "GET /r/1rrg\xE0\xAE\x95\xE0\xAE\x9F\xE0\xAF\x8D\xE0\xAE\x9F\xE0\xAE\xB1\xE0\xAF\x8D\xE0\xAE\xB1 HTTP/1.1" 301 383 "-" "facebookexternalhit/1.1 (+http://www.facebook.com/externalhit_uatext.php)"
117.193.15.240 - - [18/Apr/2012:10:46:20 -0700] "-" 400 0 "-" "-"
69.171.228.249 - - [18/Apr/2012:10:46:20 -0700] "GET /s/ta/1rrg%E0%AE%95%E0%AE%9F%E0%AF%8D%E0%AE%9F%E0%AE%B1%E0%AF%8D%E0%AE%B1/ HTTP/1.1" 502 173 "-" "facebookexternalhit/1.1 (+http://www.facebook.com/externalhit_uatext.php)"
123.125.71.22 - - [18/Apr/2012:10:47:06 -0700] "GET / HTTP/1.1" 200 3439 "-" "Mozilla/5.0 (compatible; Baiduspider/2.0; +http://www.baidu.com/search/spider.html)"
117.197.184.244 - - [18/Apr/2012:10:47:32 -0700] "GET /r/26v5 HTTP/1.1" 301 257 "http://ta.wikipedia.org/wiki/%E0%AE%B0%E0%AE%BE%E0%AE%AE%E0%AE%BE%E0%AE%AF%E0%AE%A3%E0%AE%AE%E0%AE%BE_%E0%AE%95%E0%AF%80%E0%AE%AE%E0%AE%BE%E0%AE%AF%E0%AE%A3%E0%AE%AE%E0%AE%BE" "Mozilla/5.0 (Windows NT 5.1) AppleWebKit/535.19 (KHTML, like Gecko) Chrome/18.0.1025.162 Safari/535.19"
117.197.184.244 - - [18/Apr/2012:10:47:33 -0700] "GET /s/ta/26v5/ HTTP/1.1" 302 461 "http://ta.wikipedia.org/wiki/%E0%AE%B0%E0%AE%BE%E0%AE%AE%E0%AE%BE%E0%AE%AF%E0%AE%A3%E0%AE%AE%E0%AE%BE_%E0%AE%95%E0%AF%80%E0%AE%AE%E0%AE%BE%E0%AE%AF%E0%AE%A3%E0%AE%AE%E0%AE%BE" "Mozilla/5.0 (Windows NT 5.1) AppleWebKit/535.19 (KHTML, like Gecko) Chrome/18.0.1025.162 Safari/535.19"
220.181.108.82 - - [18/Apr/2012:10:47:50 -0700] "GET / HTTP/1.1" 200 3439 "-" "Mozilla/5.0 (compatible; Baiduspider/2.0; +http://www.baidu.com/search/spider.html)"
117.197.184.244 - - [18/Apr/2012:10:47:51 -0700] "-" 400 0 "-" "-"
85.17.88.169 - - [18/Apr/2012:10:48:02 -0700] "POST /blog/wp-cron.php?doing_wp_cron=1334770895 HTTP/1.0" 499 0 "-" "WordPress/3.3.1; http://yuvi.in/blog"
209.85.238.182 - - [18/Apr/2012:10:48:02 -0700] "GET /blog/feed/ HTTP/1.1" 304 0 "-" "Feedfetcher-Google; (+http://www.google.com/feedfetcher.html; 19 subscribers; feed-id=15064232456473204253)"
59.163.27.11 - - [18/Apr/2012:10:48:48 -0700] "GET /AssessmentBar/r/Unassessed_India_articles/ HTTP/1.1" 302 283 "http://en.wikipedia.org/wiki/Kota_Super_Thermal_Power_Plant" "Mozilla/5.0 (Windows NT 5.1) AppleWebKit/535.11 (KHTML, like Gecko) Chrome/17.0.963.83 Safari/535.11"
69.63.189.250 - - [18/Apr/2012:10:48:54 -0700] "GET /r/33y0 HTTP/1.1" 301 257 "-" "facebookexternalhit/1.1 (+http://www.facebook.com/externalhit_uatext.php)"
69.63.189.251 - - [18/Apr/2012:10:48:54 -0700] "GET /s/ta/33y0/ HTTP/1.1" 302 609 "-" "facebookexternalhit/1.1 (+http://www.facebook.com/externalhit_uatext.php)"
59.163.27.11 - - [18/Apr/2012:10:48:59 -0700] "GET /AssessmentBar/r/Unassessed_India_articles/ HTTP/1.1" 302 287 "http://en.wikipedia.org/wiki/Madurai_Nayaks" "Mozilla/5.0 (Windows NT 5.1) AppleWebKit/535.11 (KHTML, like Gecko) Chrome/17.0.963.83 Safari/535.11"
59.163.27.11 - - [18/Apr/2012:10:49:15 -0700] "GET /AssessmentBar/r/Unassessed_India_articles/ HTTP/1.1" 302 305 "http://en.wikipedia.org/wiki/Punjabi_diaspora" "Mozilla/5.0 (Windows NT 5.1) AppleWebKit/535.11 (KHTML, like Gecko) Chrome/17.0.963.83 Safari/535.11"
59.163.27.11 - - [18/Apr/2012:10:49:18 -0700] "GET /AssessmentBar/r/Unassessed_India_articles/ HTTP/1.1" 302 303 "http://en.wikipedia.org/wiki/Pratapgarh,_Rajasthan" "Mozilla/5.0 (Windows NT 5.1) AppleWebKit/535.11 (KHTML, like Gecko) Chrome/17.0.963.83 Safari/535.11"
59.163.27.11 - - [18/Apr/2012:10:49:21 -0700] "GET /AssessmentBar/r/Unassessed_India_articles/ HTTP/1.1" 302 275 "http://en.wikipedia.org/wiki/State_Highway_53_(Kerala)" "Mozilla/5.0 (Windows NT 5.1) AppleWebKit/535.11 (KHTML, like Gecko) Chrome/17.0.963.83 Safari/535.11"
69.63.189.247 - - [18/Apr/2012:10:49:31 -0700] "GET /r/2rvh HTTP/1.1" 301 257 "-" "facebookexternalhit/1.1 (+http://www.facebook.com/externalhit_uatext.php)"
69.63.189.251 - - [18/Apr/2012:10:49:31 -0700] "GET /s/ta/2rvh/ HTTP/1.1" 302 591 "-" "facebookexternalhit/1.1 (+http://www.facebook.com/externalhit_uatext.php)"
59.163.27.11 - - [18/Apr/2012:10:49:39 -0700] "GET /AssessmentBar/r/Unassessed_India_articles/ HTTP/1.1" 302 293 "http://en.wikipedia.org/wiki/Devi_and_Vrkis_feminines" "Mozilla/5.0 (Windows NT 5.1) AppleWebKit/535.11 (KHTML, like Gecko) Chrome/17.0.963.83 Safari/535.11"
59.163.27.11 - - [18/Apr/2012:10:49:45 -0700] "GET /AssessmentBar/r/Unassessed_India_articles/ HTTP/1.1" 302 271 "http://en.wikipedia.org/wiki/K._M._Binu" "Mozilla/5.0 (Windows NT 5.1) AppleWebKit/535.11 (KHTML, like Gecko) Chrome/17.0.963.83 Safari/535.11"
59.163.27.11 - - [18/Apr/2012:10:49:48 -0700] "GET /AssessmentBar/r/Unassessed_India_articles/ HTTP/1.1" 302 303 "http://en.wikipedia.org/wiki/Aranthangi_division" "Mozilla/5.0 (Windows NT 5.1) AppleWebKit/535.11 (KHTML, like Gecko) Chrome/17.0.963.83 Safari/535.11"
59.163.27.11 - - [18/Apr/2012:10:49:51 -0700] "GET /AssessmentBar/r/Unassessed_India_articles/ HTTP/1.1" 302 281 "http://en.wikipedia.org/wiki/Odakkali" "Mozilla/5.0 (Windows NT 5.1) AppleWebKit/535.11 (KHTML, like Gecko) Chrome/17.0.963.83 Safari/535.11"
59.163.27.11 - - [18/Apr/2012:10:50:19 -0700] "GET /AssessmentBar/r/Unassessed_India_articles/ HTTP/1.1" 302 323 "http://en.wikipedia.org/wiki/Kasula_Purushottama_Kavi" "Mozilla/5.0 (Windows NT 5.1) AppleWebKit/535.11 (KHTML, like Gecko) Chrome/17.0.963.83 Safari/535.11"
59.163.27.11 - - [18/Apr/2012:10:50:33 -0700] "GET /AssessmentBar/r/Unassessed_India_articles/ HTTP/1.1" 302 299 "http://en.wikipedia.org/wiki/Vijay_Award_for_Best_Choreographer" "Mozilla/5.0 (Windows NT 5.1) AppleWebKit/535.11 (KHTML, like Gecko) Chrome/17.0.963.83 Safari/535.11"
59.163.27.11 - - [18/Apr/2012:10:50:35 -0700] "GET /AssessmentBar/r/Unassessed_India_articles/ HTTP/1.1" 302 285 "http://en.wikipedia.org/wiki/Bhashaposhini" "Mozilla/5.0 (Windows NT 5.1) AppleWebKit/535.11 (KHTML, like Gecko) Chrome/17.0.963.83 Safari/535.11"
122.167.123.196 - - [18/Apr/2012:10:50:39 -0700] "GET / HTTP/1.1" 200 1430 "-" "Mozilla/5.0 (Macintosh; Intel Mac OS X 10_7_3) AppleWebKit/535.19 (KHTML, like Gecko) Chrome/18.0.1025.162 Safari/535.19"
122.167.123.196 - - [18/Apr/2012:10:50:40 -0700] "GET /blueprint/screen.css HTTP/1.1" 200 12058 "http://yuvi.in/" "Mozilla/5.0 (Macintosh; Intel Mac OS X 10_7_3) AppleWebKit/535.19 (KHTML, like Gecko) Chrome/18.0.1025.162 Safari/535.19"
122.167.123.196 - - [18/Apr/2012:10:50:40 -0700] "GET /blueprint/print.css HTTP/1.1" 200 1284 "http://yuvi.in/" "Mozilla/5.0 (Macintosh; Intel Mac OS X 10_7_3) AppleWebKit/535.19 (KHTML, like Gecko) Chrome/18.0.1025.162 Safari/535.19"
122.167.123.196 - - [18/Apr/2012:10:50:41 -0700] "GET /header.png HTTP/1.1" 200 14249 "http://yuvi.in/" "Mozilla/5.0 (Macintosh; Intel Mac OS X 10_7_3) AppleWebKit/535.19 (KHTML, like Gecko) Chrome/18.0.1025.162 Safari/535.19"
122.167.123.196 - - [18/Apr/2012:10:50:41 -0700] "GET /favicon.ico HTTP/1.1" 404 199 "-" "Mozilla/5.0 (Macintosh; Intel Mac OS X 10_7_3) AppleWebKit/535.19 (KHTML, like Gecko) Chrome/18.0.1025.162 Safari/535.19"
122.167.123.196 - - [18/Apr/2012:10:50:49 -0700] "GET /blog HTTP/1.1" 301 178 "http://yuvi.in/" "Mozilla/5.0 (Macintosh; Intel Mac OS X 10_7_3) AppleWebKit/535.19 (KHTML, like Gecko) Chrome/18.0.1025.162 Safari/535.19"
122.167.123.196 - - [18/Apr/2012:10:50:50 -0700] "GET /blog/ HTTP/1.1" 200 9195 "http://yuvi.in/" "Mozilla/5.0 (Macintosh; Intel Mac OS X 10_7_3) AppleWebKit/535.19 (KHTML, like Gecko) Chrome/18.0.1025.162 Safari/535.19"
122.167.123.196 - - [18/Apr/2012:10:50:51 -0700] "GET / HTTP/1.1" 200 1430 "-" "Mozilla/5.0 (X11; Linux i686) AppleWebKit/535.19 (KHTML, like Gecko) Chrome/18.0.1025.162 Safari/535.19"
122.167.123.196 - - [18/Apr/2012:10:50:51 -0700] "GET /blog/wp-content/themes/cleanr/js/jquery.dropdown.js?ver=3.3.1 HTTP/1.1" 200 535 "http://yuvi.in/blog/" "Mozilla/5.0 (Macintosh; Intel Mac OS X 10_7_3) AppleWebKit/535.19 (KHTML, like Gecko) Chrome/18.0.1025.162 Safari/535.19"
122.167.123.196 - - [18/Apr/2012:10:50:51 -0700] "GET /blueprint/screen.css HTTP/1.1" 200 12058 "http://yuvi.in/" "Mozilla/5.0 (X11; Linux i686) AppleWebKit/535.19 (KHTML, like Gecko) Chrome/18.0.1025.162 Safari/535.19"
122.167.123.196 - - [18/Apr/2012:10:50:51 -0700] "GET /blog/wp-content/themes/cleanr/style.css HTTP/1.1" 200 10508 "http://yuvi.in/blog/" "Mozilla/5.0 (Macintosh; Intel Mac OS X 10_7_3) AppleWebKit/535.19 (KHTML, like Gecko) Chrome/18.0.1025.162 Safari/535.19"
122.167.123.196 - - [18/Apr/2012:10:50:51 -0700] "GET /header.png HTTP/1.1" 200 14249 "http://yuvi.in/" "Mozilla/5.0 (X11; Linux i686) AppleWebKit/535.19 (KHTML, like Gecko) Chrome/18.0.1025.162 Safari/535.19"
122.167.123.196 - - [18/Apr/2012:10:50:52 -0700] "GET /blog/wp-content/themes/cleanr/css/reset.css HTTP/1.1" 200 648 "http://yuvi.in/blog/" "Mozilla/5.0 (Macintosh; Intel Mac OS X 10_7_3) AppleWebKit/535.19 (KHTML, like Gecko) Chrome/18.0.1025.162 Safari/535.19"
122.167.123.196 - - [18/Apr/2012:10:50:52 -0700] "GET /blog/wp-content/themes/cleanr/css/text.css HTTP/1.1" 200 420 "http://yuvi.in/blog/" "Mozilla/5.0 (Macintosh; Intel Mac OS X 10_7_3) AppleWebKit/535.19 (KHTML, like Gecko) Chrome/18.0.1025.162 Safari/535.19"
122.167.123.196 - - [18/Apr/2012:10:50:52 -0700] "GET /blog/wp-content/themes/cleanr/css/960.css HTTP/1.1" 200 3628 "http://yuvi.in/blog/" "Mozilla/5.0 (Macintosh; Intel Mac OS X 10_7_3) AppleWebKit/535.19 (KHTML, like Gecko) Chrome/18.0.1025.162 Safari/535.19"
122.167.123.196 - - [18/Apr/2012:10:50:52 -0700] "GET /blog/wp-includes/js/jquery/jquery.js?ver=1.7.1 HTTP/1.1" 200 93889 "http://yuvi.in/blog/" "Mozilla/5.0 (Macintosh; Intel Mac OS X 10_7_3) AppleWebKit/535.19 (KHTML, like Gecko) Chrome/18.0.1025.162 Safari/535.19"
122.167.123.196 - - [18/Apr/2012:10:50:52 -0700] "GET /blueprint/print.css HTTP/1.1" 200 1284 "http://yuvi.in/" "Mozilla/5.0 (X11; Linux i686) AppleWebKit/535.19 (KHTML, like Gecko) Chrome/18.0.1025.162 Safari/535.19"
122.167.123.196 - - [18/Apr/2012:10:50:52 -0700] "GET /favicon.ico HTTP/1.1" 404 199 "-" "Mozilla/5.0 (X11; Linux i686) AppleWebKit/535.19 (KHTML, like Gecko) Chrome/18.0.1025.162 Safari/535.19"
122.167.123.196 - - [18/Apr/2012:10:50:53 -0700] "GET /blog/wp-content/themes/cleanr/images/search_magnifier.gif HTTP/1.1" 200 394 "http://yuvi.in/blog/" "Mozilla/5.0 (Macintosh; Intel Mac OS X 10_7_3) AppleWebKit/535.19 (KHTML, like Gecko) Chrome/18.0.1025.162 Safari/535.19"
122.167.123.196 - - [18/Apr/2012:10:50:54 -0700] "GET /favicon.ico HTTP/1.1" 404 199 "-" "Mozilla/5.0 (Macintosh; Intel Mac OS X 10_7_3) AppleWebKit/535.19 (KHTML, like Gecko) Chrome/18.0.1025.162 Safari/535.19"
59.163.27.11 - - [18/Apr/2012:10:50:59 -0700] "GET /AssessmentBar/r/Unassessed_India_articles/ HTTP/1.1" 302 287 "http://en.wikipedia.org/wiki/Premlata_Agarwal" "Mozilla/5.0 (Windows NT 5.1) AppleWebKit/535.11 (KHTML, like Gecko) Chrome/17.0.963.83 Safari/535.11"
59.163.27.11 - - [18/Apr/2012:10:51:01 -0700] "GET /AssessmentBar/r/Unassessed_India_articles/ HTTP/1.1" 302 275 "http://en.wikipedia.org/wiki/Embassy_of_India,_Rome" "Mozilla/5.0 (Windows NT 5.1) AppleWebKit/535.11 (KHTML, like Gecko) Chrome/17.0.963.83 Safari/535.11"
122.167.123.196 - - [18/Apr/2012:10:51:05 -0700] "-" 400 0 "-" "-"
59.163.27.11 - - [18/Apr/2012:10:51:19 -0700] "GET /AssessmentBar/r/Unassessed_India_articles/ HTTP/1.1" 302 281 "http://en.wikipedia.org/wiki/J._B._S._Haldane" "Mozilla/5.0 (Windows NT 5.1) AppleWebKit/535.11 (KHTML, like Gecko) Chrome/17.0.963.83 Safari/535.11"
66.249.73.23 - - [18/Apr/2012:10:51:20 -0700] "GET /r/ruq HTTP/1.1" 301 255 "-" "Mozilla/5.0 (compatible; Googlebot/2.1; +http://www.google.com/bot.html)"
66.249.73.23 - - [18/Apr/2012:10:51:20 -0700] "GET /s/ta/ruq/ HTTP/1.1" 302 349 "-" "Mozilla/5.0 (compatible; Googlebot/2.1; +http://www.google.com/bot.html)"
66.219.58.43 - - [18/Apr/2012:10:51:27 -0700] "GET /stories/premature-greying.html HTTP/1.1" 200 1486 "-" "MLBot (www.metadatalabs.com/mlbot)"
122.167.123.196 - - [18/Apr/2012:10:53:32 -0700] "GET /blog HTTP/1.1" 301 178 "http://yuvi.in/" "Mozilla/5.0 (X11; Linux i686) AppleWebKit/535.19 (KHTML, like Gecko) Chrome/18.0.1025.162 Safari/535.19"
122.167.123.196 - - [18/Apr/2012:10:53:33 -0700] "GET /blog/ HTTP/1.1" 200 9195 "http://yuvi.in/" "Mozilla/5.0 (X11; Linux i686) AppleWebKit/535.19 (KHTML, like Gecko) Chrome/18.0.1025.162 Safari/535.19"
122.167.123.196 - - [18/Apr/2012:10:53:33 -0700] "GET /blog/wp-content/themes/cleanr/style.css HTTP/1.1" 200 10508 "http://yuvi.in/blog/" "Mozilla/5.0 (X11; Linux i686) AppleWebKit/535.19 (KHTML, like Gecko) Chrome/18.0.1025.162 Safari/535.19"
122.167.123.196 - - [18/Apr/2012:10:53:34 -0700] "GET /blog/wp-content/themes/cleanr/js/jquery.dropdown.js?ver=3.3.1 HTTP/1.1" 200 535 "http://yuvi.in/blog/" "Mozilla/5.0 (X11; Linux i686) AppleWebKit/535.19 (KHTML, like Gecko) Chrome/18.0.1025.162 Safari/535.19"
122.167.123.196 - - [18/Apr/2012:10:53:34 -0700] "GET /blog/wp-content/themes/cleanr/css/reset.css HTTP/1.1" 200 648 "http://yuvi.in/blog/" "Mozilla/5.0 (X11; Linux i686) AppleWebKit/535.19 (KHTML, like Gecko) Chrome/18.0.1025.162 Safari/535.19"
122.167.123.196 - - [18/Apr/2012:10:53:34 -0700] "GET /blog/wp-content/themes/cleanr/css/text.css HTTP/1.1" 200 420 "http://yuvi.in/blog/" "Mozilla/5.0 (X11; Linux i686) AppleWebKit/535.19 (KHTML, like Gecko) Chrome/18.0.1025.162 Safari/535.19"
122.167.123.196 - - [18/Apr/2012:10:53:34 -0700] "GET /blog/wp-content/themes/cleanr/css/960.css HTTP/1.1" 200 3628 "http://yuvi.in/blog/" "Mozilla/5.0 (X11; Linux i686) AppleWebKit/535.19 (KHTML, like Gecko) Chrome/18.0.1025.162 Safari/535.19"
122.167.123.196 - - [18/Apr/2012:10:53:34 -0700] "GET /blog/wp-includes/js/jquery/jquery.js?ver=1.7.1 HTTP/1.1" 200 93889 "http://yuvi.in/blog/" "Mozilla/5.0 (X11; Linux i686) AppleWebKit/535.19 (KHTML, like Gecko) Chrome/18.0.1025.162 Safari/535.19"
122.167.123.196 - - [18/Apr/2012:10:53:35 -0700] "GET /blog/wp-content/themes/cleanr/images/search_magnifier.gif HTTP/1.1" 200 394 "http://yuvi.in/blog/" "Mozilla/5.0 (X11; Linux i686) AppleWebKit/535.19 (KHTML, like Gecko) Chrome/18.0.1025.162 Safari/535.19"
122.167.123.196 - - [18/Apr/2012:10:53:36 -0700] "GET /favicon.ico HTTP/1.1" 404 199 "-" "Mozilla/5.0 (X11; Linux i686) AppleWebKit/535.19 (KHTML, like Gecko) Chrome/18.0.1025.162 Safari/535.19"
122.167.123.196 - - [18/Apr/2012:10:54:03 -0700] "GET /blog/ HTTP/1.1" 200 9195 "https://www.google.co.in/" "Mozilla/5.0 (Macintosh; Intel Mac OS X 10_7_3) AppleWebKit/535.19 (KHTML, like Gecko) Chrome/18.0.1025.162 Safari/535.19"
122.167.123.196 - - [18/Apr/2012:10:54:04 -0700] "GET /favicon.ico HTTP/1.1" 404 199 "-" "Mozilla/5.0 (Macintosh; Intel Mac OS X 10_7_3) AppleWebKit/535.19 (KHTML, like Gecko) Chrome/18.0.1025.162 Safari/535.19"
117.202.90.150 - - [18/Apr/2012:10:55:28 -0700] "GET /blog/category/education/ HTTP/1.1" 200 14722 "http://www.facebook.com/l.php?u=http%3A%2F%2Fyuvi.in%2Fblog%2Fcategory%2Feducation%2F&h=3AQHNIIGxAQHT5cXNseAsDOX-Vafr1JFimelVs3ERSQi6ng&enc=AZO7Z1ZIGuMRuFTDkMY7DeZnvzyrYG05m_C3CiZNECJ14DAT-_AZXtou7KfZTwgnIpDzVnWnsHPzUDeCk65Y7kuo" "Mozilla/5.0 (Windows NT 6.1; rv:11.0) Gecko/20100101 Firefox/11.0"
117.202.90.150 - - [18/Apr/2012:10:55:29 -0700] "GET /blog/wp-content/themes/cleanr/style.css HTTP/1.1" 200 10508 "http://yuvi.in/blog/category/education/" "Mozilla/5.0 (Windows NT 6.1; rv:11.0) Gecko/20100101 Firefox/11.0"
117.202.90.150 - - [18/Apr/2012:10:55:29 -0700] "GET /blog/wp-content/themes/cleanr/js/jquery.dropdown.js?ver=3.3.1 HTTP/1.1" 200 535 "http://yuvi.in/blog/category/education/" "Mozilla/5.0 (Windows NT 6.1; rv:11.0) Gecko/20100101 Firefox/11.0"
117.202.90.150 - - [18/Apr/2012:10:55:30 -0700] "GET /blog/wp-content/themes/cleanr/css/reset.css HTTP/1.1" 200 648 "http://yuvi.in/blog/wp-content/themes/cleanr/style.css" "Mozilla/5.0 (Windows NT 6.1; rv:11.0) Gecko/20100101 Firefox/11.0"
117.202.90.150 - - [18/Apr/2012:10:55:30 -0700] "GET /blog/wp-content/themes/cleanr/css/text.css HTTP/1.1" 200 420 "http://yuvi.in/blog/wp-content/themes/cleanr/style.css" "Mozilla/5.0 (Windows NT 6.1; rv:11.0) Gecko/20100101 Firefox/11.0"
117.202.90.150 - - [18/Apr/2012:10:55:30 -0700] "GET /blog/wp-content/themes/cleanr/css/960.css HTTP/1.1" 200 3628 "http://yuvi.in/blog/wp-content/themes/cleanr/style.css" "Mozilla/5.0 (Windows NT 6.1; rv:11.0) Gecko/20100101 Firefox/11.0"
117.202.90.150 - - [18/Apr/2012:10:55:30 -0700] "GET /blog/wp-includes/js/jquery/jquery.js?ver=1.7.1 HTTP/1.1" 200 42126 "http://yuvi.in/blog/category/education/" "Mozilla/5.0 (Windows NT 6.1; rv:11.0) Gecko/20100101 Firefox/11.0"
117.202.90.150 - - [18/Apr/2012:10:55:34 -0700] "-" 400 0 "-" "-"
117.202.90.150 - - [18/Apr/2012:10:55:34 -0700] "-" 400 0 "-" "-"
85.17.88.169 - - [18/Apr/2012:10:55:53 -0700] "POST /blog/wp-cron.php?doing_wp_cron=1334771366 HTTP/1.0" 499 0 "-" "WordPress/3.3.1; http://yuvi.in/blog"
209.85.144.85 - - [18/Apr/2012:10:55:54 -0700] "GET /blog/feed HTTP/1.1" 304 0 "-" "FeedBurner/1.0 (http://www.FeedBurner.com)"
117.202.94.59 - - [18/Apr/2012:10:55:55 -0700] "-" 400 0 "-" "-"
117.202.94.59 - - [18/Apr/2012:10:56:15 -0700] "-" 400 0 "-" "-"
85.17.88.169 - - [18/Apr/2012:10:57:04 -0700] "POST /blog/wp-cron.php?doing_wp_cron=1334771437 HTTP/1.0" 499 0 "-" "WordPress/3.3.1; http://yuvi.in/blog"
122.167.123.196 - - [18/Apr/2012:10:57:05 -0700] "GET /blog/college-drop/ HTTP/1.1" 200 4510 "http://yuvi.in/blog/" "Mozilla/5.0 (X11; Linux i686) AppleWebKit/535.19 (KHTML, like Gecko) Chrome/18.0.1025.162 Safari/535.19"
