66.249.68.36 - - [10/Apr/2012:10:52:00 -0700] "GET /robots.txt HTTP/1.1" 404 142 "-" "Mozilla/5.0 (compatible; Googlebot/2.1; +http://www.google.com/bot.html)"
66.249.68.36 - - [10/Apr/2012:10:52:00 -0700] "GET /r/v9m HTTP/1.1" 404 142 "-" "Mozilla/5.0 (compatible; Googlebot/2.1; +http://www.google.com/bot.html)"
65.52.0.56 - - [10/Apr/2012:10:52:05 -0700] "GET /r/v9m HTTP/1.1" 404 199 "-" "Mozilla/4.0 (compatible; MSIE 7.0; Windows NT 6.0)"
184.191.224.10 - - [10/Apr/2012:10:52:08 -0700] "GET / HTTP/1.1" 200 1430 "-" "Caffeinated/1.1.1 CFNetwork/520.3.2 Darwin/11.3.0 (x86_64) (MacBookPro8%2C1)"
184.191.224.10 - - [10/Apr/2012:10:52:08 -0700] "GET /favicon.ico HTTP/1.1" 404 142 "-" "Caffeinated/1.1.1 CFNetwork/520.3.2 Darwin/11.3.0 (x86_64) (MacBookPro8%2C1)"
117.193.195.194 - - [10/Apr/2012:10:52:09 -0700] "GET /r/v9m HTTP/1.1" 301 255 "http://www.facebook.com/l.php?u=http%3A%2F%2Ftawp.in%2Fr%2Fv9m&h=xAQG_lGO7AQHHGN1t8gHkbquCbsRopOe4AzVfU9etKUTd0A&enc=AZMKKB3JvyFm2BfpGQJ6G_iZUZ2Ri2GYsL-KU_eapV43SlK6-gSEVYgGfyoDf1EsFWZzdc6Zd9r5fKK1uBv3KTSL" "Mozilla/5.0 (Windows NT 6.1) AppleWebKit/535.19 (KHTML, like Gecko) Chrome/18.0.1025.151 Safari/535.19"
117.193.195.194 - - [10/Apr/2012:10:52:09 -0700] "GET /s/ta/v9m/ HTTP/1.1" 302 425 "http://www.facebook.com/l.php?u=http%3A%2F%2Ftawp.in%2Fr%2Fv9m&h=xAQG_lGO7AQHHGN1t8gHkbquCbsRopOe4AzVfU9etKUTd0A&enc=AZMKKB3JvyFm2BfpGQJ6G_iZUZ2Ri2GYsL-KU_eapV43SlK6-gSEVYgGfyoDf1EsFWZzdc6Zd9r5fKK1uBv3KTSL" "Mozilla/5.0 (Windows NT 6.1) AppleWebKit/535.19 (KHTML, like Gecko) Chrome/18.0.1025.151 Safari/535.19"
184.191.224.10 - - [10/Apr/2012:10:52:28 -0700] "GET / HTTP/1.1" 200 1430 "-" "Caffeinated/1.1.1 CFNetwork/520.3.2 Darwin/11.3.0 (x86_64) (MacBookPro8%2C1)"
184.191.224.10 - - [10/Apr/2012:10:52:28 -0700] "GET /favicon.ico HTTP/1.1" 404 142 "-" "Caffeinated/1.1.1 CFNetwork/520.3.2 Darwin/11.3.0 (x86_64) (MacBookPro8%2C1)"
85.17.88.169 - - [10/Apr/2012:10:53:27 -0700] "POST /blog/wp-cron.php?doing_wp_cron=1334080084 HTTP/1.0" 499 0 "-" "WordPress/3.3.1; http://yuvi.in/blog"
109.109.254.138 - - [10/Apr/2012:10:53:28 -0700] "GET /blog/feed/atom/ HTTP/1.1" 304 0 "-" "SocialSearcher/0.1  Mozilla/5.0"
184.191.224.10 - - [10/Apr/2012:10:53:29 -0700] "GET / HTTP/1.1" 200 1430 "-" "Caffeinated/1.1.1 CFNetwork/520.3.2 Darwin/11.3.0 (x86_64) (MacBookPro8%2C1)"
184.191.224.10 - - [10/Apr/2012:10:53:29 -0700] "GET /favicon.ico HTTP/1.1" 404 142 "-" "Caffeinated/1.1.1 CFNetwork/520.3.2 Darwin/11.3.0 (x86_64) (MacBookPro8%2C1)"
184.191.224.10 - - [10/Apr/2012:10:53:50 -0700] "GET / HTTP/1.1" 200 1430 "-" "Caffeinated/1.1.1 CFNetwork/520.3.2 Darwin/11.3.0 (x86_64) (MacBookPro8%2C1)"
184.191.224.10 - - [10/Apr/2012:10:53:51 -0700] "GET /favicon.ico HTTP/1.1" 404 142 "-" "Caffeinated/1.1.1 CFNetwork/520.3.2 Darwin/11.3.0 (x86_64) (MacBookPro8%2C1)"
184.191.224.10 - - [10/Apr/2012:10:54:50 -0700] "GET / HTTP/1.1" 200 1430 "-" "Caffeinated/1.1.1 CFNetwork/520.3.2 Darwin/11.3.0 (x86_64) (MacBookPro8%2C1)"
184.191.224.10 - - [10/Apr/2012:10:54:50 -0700] "GET /favicon.ico HTTP/1.1" 404 142 "-" "Caffeinated/1.1.1 CFNetwork/520.3.2 Darwin/11.3.0 (x86_64) (MacBookPro8%2C1)"
184.191.224.10 - - [10/Apr/2012:10:55:11 -0700] "GET / HTTP/1.1" 200 1430 "-" "Caffeinated/1.1.1 CFNetwork/520.3.2 Darwin/11.3.0 (x86_64) (MacBookPro8%2C1)"
184.191.224.10 - - [10/Apr/2012:10:55:11 -0700] "GET /favicon.ico HTTP/1.1" 404 142 "-" "Caffeinated/1.1.1 CFNetwork/520.3.2 Darwin/11.3.0 (x86_64) (MacBookPro8%2C1)"
184.191.224.10 - - [10/Apr/2012:10:56:11 -0700] "GET / HTTP/1.1" 200 1430 "-" "Caffeinated/1.1.1 CFNetwork/520.3.2 Darwin/11.3.0 (x86_64) (MacBookPro8%2C1)"
184.191.224.10 - - [10/Apr/2012:10:56:11 -0700] "GET /favicon.ico HTTP/1.1" 404 142 "-" "Caffeinated/1.1.1 CFNetwork/520.3.2 Darwin/11.3.0 (x86_64) (MacBookPro8%2C1)"
184.191.224.10 - - [10/Apr/2012:10:56:36 -0700] "GET / HTTP/1.1" 200 1430 "-" "Caffeinated/1.1.1 CFNetwork/520.3.2 Darwin/11.3.0 (x86_64) (MacBookPro8%2C1)"
184.191.224.10 - - [10/Apr/2012:10:56:37 -0700] "GET /favicon.ico HTTP/1.1" 404 142 "-" "Caffeinated/1.1.1 CFNetwork/520.3.2 Darwin/11.3.0 (x86_64) (MacBookPro8%2C1)"
93.185.177.68 - - [10/Apr/2012:10:56:45 -0700] "GET / HTTP/1.1" 200 1430 "-" "Reeder/1.5.5 CFNetwork/548.1.4 Darwin/11.0.0"
93.185.177.68 - - [10/Apr/2012:10:56:45 -0700] "GET /apple-touch-icon.png HTTP/1.1" 404 142 "-" "Reeder/1.5.5 CFNetwork/548.1.4 Darwin/11.0.0"
93.185.177.68 - - [10/Apr/2012:10:56:45 -0700] "GET /apple-touch-icon-precomposed.png HTTP/1.1" 404 142 "-" "Reeder/1.5.5 CFNetwork/548.1.4 Darwin/11.0.0"
85.17.88.169 - - [10/Apr/2012:10:57:03 -0700] "POST /blog/wp-cron.php?doing_wp_cron=1334080300 HTTP/1.0" 499 0 "-" "WordPress/3.3.1; http://yuvi.in/blog"
209.117.161.166 - - [10/Apr/2012:10:57:09 -0700] "GET /blog/2012/02/ HTTP/1.1" 200 16410 "-" "-"
184.191.224.10 - - [10/Apr/2012:10:57:33 -0700] "GET / HTTP/1.1" 200 1430 "-" "Caffeinated/1.1.1 CFNetwork/520.3.2 Darwin/11.3.0 (x86_64) (MacBookPro8%2C1)"
184.191.224.10 - - [10/Apr/2012:10:57:33 -0700] "GET /favicon.ico HTTP/1.1" 404 142 "-" "Caffeinated/1.1.1 CFNetwork/520.3.2 Darwin/11.3.0 (x86_64) (MacBookPro8%2C1)"
184.191.224.10 - - [10/Apr/2012:10:58:05 -0700] "GET / HTTP/1.1" 200 1430 "-" "Caffeinated/1.1.1 CFNetwork/520.3.2 Darwin/11.3.0 (x86_64) (MacBookPro8%2C1)"
184.191.224.10 - - [10/Apr/2012:10:58:05 -0700] "GET /favicon.ico HTTP/1.1" 404 142 "-" "Caffeinated/1.1.1 CFNetwork/520.3.2 Darwin/11.3.0 (x86_64) (MacBookPro8%2C1)"
67.215.230.28 - - [10/Apr/2012:10:58:13 -0700] "GET /robots.txt HTTP/1.0" 404 169 "-" "Setooz/Nutch-1.2 (http://www.setooz.com)"
67.215.230.28 - - [10/Apr/2012:10:58:13 -0700] "GET /stories HTTP/1.0" 301 185 "-" "Setooz/Nutch-1.2 (http://www.setooz.com)"
66.220.147.245 - - [10/Apr/2012:10:58:15 -0700] "GET /r/fmf HTTP/1.1" 301 255 "-" "facebookexternalhit/1.1 (+http://www.facebook.com/externalhit_uatext.php)"
66.220.147.244 - - [10/Apr/2012:10:58:15 -0700] "GET /s/ta/fmf/ HTTP/1.1" 302 349 "-" "facebookexternalhit/1.1 (+http://www.facebook.com/externalhit_uatext.php)"
101.212.1.18 - - [10/Apr/2012:10:58:20 -0700] "-" 400 0 "-" "-"
67.215.230.27 - - [10/Apr/2012:10:58:22 -0700] "GET /robots.txt HTTP/1.0" 404 169 "-" "Setooz/Nutch-1.2 (http://www.setooz.com)"
67.215.230.27 - - [10/Apr/2012:10:58:22 -0700] "GET / HTTP/1.0" 200 3439 "-" "Setooz/Nutch-1.2 (http://www.setooz.com)"
69.63.190.245 - - [10/Apr/2012:10:58:52 -0700] "GET /r/1lvt HTTP/1.1" 301 257 "-" "facebookexternalhit/1.1 (+http://www.facebook.com/externalhit_uatext.php)"
69.63.190.246 - - [10/Apr/2012:10:58:52 -0700] "GET /s/ta/1lvt/ HTTP/1.1" 302 461 "-" "facebookexternalhit/1.1 (+http://www.facebook.com/externalhit_uatext.php)"
184.191.224.10 - - [10/Apr/2012:10:59:09 -0700] "GET / HTTP/1.1" 200 1430 "-" "Caffeinated/1.1.1 CFNetwork/520.3.2 Darwin/11.3.0 (x86_64) (MacBookPro8%2C1)"
184.191.224.10 - - [10/Apr/2012:10:59:09 -0700] "GET /favicon.ico HTTP/1.1" 404 142 "-" "Caffeinated/1.1.1 CFNetwork/520.3.2 Darwin/11.3.0 (x86_64) (MacBookPro8%2C1)"
184.191.224.10 - - [10/Apr/2012:10:59:27 -0700] "GET / HTTP/1.1" 200 1430 "-" "Caffeinated/1.1.1 CFNetwork/520.3.2 Darwin/11.3.0 (x86_64) (MacBookPro8%2C1)"
184.191.224.10 - - [10/Apr/2012:10:59:27 -0700] "GET /favicon.ico HTTP/1.1" 404 142 "-" "Caffeinated/1.1.1 CFNetwork/520.3.2 Darwin/11.3.0 (x86_64) (MacBookPro8%2C1)"
69.171.234.6 - - [10/Apr/2012:10:59:48 -0700] "GET /r/1lvt HTTP/1.1" 301 257 "-" "facebookexternalhit/1.1 (+http://www.facebook.com/externalhit_uatext.php)"
69.171.234.4 - - [10/Apr/2012:10:59:48 -0700] "GET /s/ta/1lvt/ HTTP/1.1" 302 461 "-" "facebookexternalhit/1.1 (+http://www.facebook.com/externalhit_uatext.php)"
60.254.16.146 - - [10/Apr/2012:11:00:02 -0700] "-" 400 0 "-" "-"
184.191.224.10 - - [10/Apr/2012:11:00:27 -0700] "GET / HTTP/1.1" 200 1430 "-" "Caffeinated/1.1.1 CFNetwork/520.3.2 Darwin/11.3.0 (x86_64) (MacBookPro8%2C1)"
184.191.224.10 - - [10/Apr/2012:11:00:28 -0700] "GET /favicon.ico HTTP/1.1" 404 142 "-" "Caffeinated/1.1.1 CFNetwork/520.3.2 Darwin/11.3.0 (x86_64) (MacBookPro8%2C1)"
184.191.224.10 - - [10/Apr/2012:11:00:46 -0700] "GET / HTTP/1.1" 200 1430 "-" "Caffeinated/1.1.1 CFNetwork/520.3.2 Darwin/11.3.0 (x86_64) (MacBookPro8%2C1)"
184.191.224.10 - - [10/Apr/2012:11:00:46 -0700] "GET /favicon.ico HTTP/1.1" 404 142 "-" "Caffeinated/1.1.1 CFNetwork/520.3.2 Darwin/11.3.0 (x86_64) (MacBookPro8%2C1)"
208.115.113.84 - - [10/Apr/2012:11:01:00 -0700] "GET /robots.txt HTTP/1.1" 404 169 "-" "Mozilla/5.0 (compatible; Ezooms/1.0; ezooms.bot@gmail.com)"
184.191.224.10 - - [10/Apr/2012:11:01:45 -0700] "GET / HTTP/1.1" 200 1430 "-" "Caffeinated/1.1.1 CFNetwork/520.3.2 Darwin/11.3.0 (x86_64) (MacBookPro8%2C1)"
184.191.224.10 - - [10/Apr/2012:11:01:45 -0700] "GET /favicon.ico HTTP/1.1" 404 142 "-" "Caffeinated/1.1.1 CFNetwork/520.3.2 Darwin/11.3.0 (x86_64) (MacBookPro8%2C1)"
184.191.224.10 - - [10/Apr/2012:11:02:06 -0700] "GET / HTTP/1.1" 200 1430 "-" "Caffeinated/1.1.1 CFNetwork/520.3.2 Darwin/11.3.0 (x86_64) (MacBookPro8%2C1)"
184.191.224.10 - - [10/Apr/2012:11:02:06 -0700] "GET /favicon.ico HTTP/1.1" 404 142 "-" "Caffeinated/1.1.1 CFNetwork/520.3.2 Darwin/11.3.0 (x86_64) (MacBookPro8%2C1)"
207.46.204.167 - - [10/Apr/2012:11:02:52 -0700] "-" 400 0 "-" "-"
207.46.204.167 - - [10/Apr/2012:11:02:52 -0700] "-" 400 0 "-" "-"
207.46.204.167 - - [10/Apr/2012:11:02:52 -0700] "-" 400 0 "-" "-"
207.46.204.167 - - [10/Apr/2012:11:02:53 -0700] "-" 400 0 "-" "-"
207.46.204.167 - - [10/Apr/2012:11:02:53 -0700] "-" 400 0 "-" "-"
207.46.204.167 - - [10/Apr/2012:11:02:54 -0700] "-" 400 0 "-" "-"
207.46.204.167 - - [10/Apr/2012:11:02:54 -0700] "-" 400 0 "-" "-"
207.46.204.167 - - [10/Apr/2012:11:02:55 -0700] "-" 400 0 "-" "-"
207.46.204.167 - - [10/Apr/2012:11:02:56 -0700] "-" 400 0 "-" "-"
207.46.204.167 - - [10/Apr/2012:11:02:56 -0700] "-" 400 0 "-" "-"
207.46.204.167 - - [10/Apr/2012:11:02:56 -0700] "-" 400 0 "-" "-"
184.191.224.10 - - [10/Apr/2012:11:03:05 -0700] "GET / HTTP/1.1" 200 1430 "-" "Caffeinated/1.1.1 CFNetwork/520.3.2 Darwin/11.3.0 (x86_64) (MacBookPro8%2C1)"
184.191.224.10 - - [10/Apr/2012:11:03:05 -0700] "GET /favicon.ico HTTP/1.1" 404 142 "-" "Caffeinated/1.1.1 CFNetwork/520.3.2 Darwin/11.3.0 (x86_64) (MacBookPro8%2C1)"
209.85.228.85 - - [10/Apr/2012:11:03:10 -0700] "GET /favicon.ico HTTP/1.1" 404 142 "-" "-"
115.184.51.103 - - [10/Apr/2012:11:03:28 -0700] "-" 400 0 "-" "-"
184.191.224.10 - - [10/Apr/2012:11:03:28 -0700] "GET / HTTP/1.1" 200 1430 "-" "Caffeinated/1.1.1 CFNetwork/520.3.2 Darwin/11.3.0 (x86_64) (MacBookPro8%2C1)"
184.191.224.10 - - [10/Apr/2012:11:03:28 -0700] "GET /favicon.ico HTTP/1.1" 404 142 "-" "Caffeinated/1.1.1 CFNetwork/520.3.2 Darwin/11.3.0 (x86_64) (MacBookPro8%2C1)"
115.184.51.103 - - [10/Apr/2012:11:04:16 -0700] "-" 400 0 "-" "-"
115.184.51.103 - - [10/Apr/2012:11:04:16 -0700] "-" 400 0 "-" "-"
184.191.224.10 - - [10/Apr/2012:11:04:28 -0700] "GET / HTTP/1.1" 200 1430 "-" "Caffeinated/1.1.1 CFNetwork/520.3.2 Darwin/11.3.0 (x86_64) (MacBookPro8%2C1)"
184.191.224.10 - - [10/Apr/2012:11:04:28 -0700] "GET /favicon.ico HTTP/1.1" 404 142 "-" "Caffeinated/1.1.1 CFNetwork/520.3.2 Darwin/11.3.0 (x86_64) (MacBookPro8%2C1)"
184.191.224.10 - - [10/Apr/2012:11:04:52 -0700] "GET / HTTP/1.1" 200 1430 "-" "Caffeinated/1.1.1 CFNetwork/520.3.2 Darwin/11.3.0 (x86_64) (MacBookPro8%2C1)"
184.191.224.10 - - [10/Apr/2012:11:04:52 -0700] "GET /favicon.ico HTTP/1.1" 404 142 "-" "Caffeinated/1.1.1 CFNetwork/520.3.2 Darwin/11.3.0 (x86_64) (MacBookPro8%2C1)"
94.59.209.162 - - [10/Apr/2012:11:05:12 -0700] "GET /r/2pjj HTTP/1.1" 301 257 "http://ta.wikipedia.org/wiki/%E0%AE%AA%E0%AE%9F%E0%AE%BF%E0%AE%AE%E0%AE%AE%E0%AF%8D:Tamiltyping1.JPG" "Mozilla/5.0 (Windows NT 6.1; rv:9.0.1) Gecko/20100101 Firefox/9.0.1"
94.59.209.162 - - [10/Apr/2012:11:05:13 -0700] "GET /s/ta/2pjj/ HTTP/1.1" 302 371 "http://ta.wikipedia.org/wiki/%E0%AE%AA%E0%AE%9F%E0%AE%BF%E0%AE%AE%E0%AE%AE%E0%AF%8D:Tamiltyping1.JPG" "Mozilla/5.0 (Windows NT 6.1; rv:9.0.1) Gecko/20100101 Firefox/9.0.1"
94.59.209.162 - - [10/Apr/2012:11:05:26 -0700] "GET /s/ta/2pjj/ HTTP/1.1" 302 371 "http://ta.wikipedia.org/wiki/%E0%AE%AA%E0%AE%9F%E0%AE%BF%E0%AE%AE%E0%AE%AE%E0%AF%8D:Tamiltyping1.JPG" "Mozilla/5.0 (Windows NT 6.1; rv:9.0.1) Gecko/20100101 Firefox/9.0.1"
94.59.209.162 - - [10/Apr/2012:11:05:26 -0700] "GET /s/ta/2pjj/ HTTP/1.1" 302 371 "http://ta.wikipedia.org/wiki/%E0%AE%AA%E0%AE%9F%E0%AE%BF%E0%AE%AE%E0%AE%AE%E0%AF%8D:Tamiltyping1.JPG" "Mozilla/5.0 (Windows NT 6.1; rv:9.0.1) Gecko/20100101 Firefox/9.0.1"
184.191.224.10 - - [10/Apr/2012:11:05:50 -0700] "GET / HTTP/1.1" 200 1430 "-" "Caffeinated/1.1.1 CFNetwork/520.3.2 Darwin/11.3.0 (x86_64) (MacBookPro8%2C1)"
184.191.224.10 - - [10/Apr/2012:11:05:50 -0700] "GET /favicon.ico HTTP/1.1" 404 142 "-" "Caffeinated/1.1.1 CFNetwork/520.3.2 Darwin/11.3.0 (x86_64) (MacBookPro8%2C1)"
184.191.224.10 - - [10/Apr/2012:11:06:12 -0700] "GET / HTTP/1.1" 200 1430 "-" "Caffeinated/1.1.1 CFNetwork/520.3.2 Darwin/11.3.0 (x86_64) (MacBookPro8%2C1)"
184.191.224.10 - - [10/Apr/2012:11:06:12 -0700] "GET /favicon.ico HTTP/1.1" 404 142 "-" "Caffeinated/1.1.1 CFNetwork/520.3.2 Darwin/11.3.0 (x86_64) (MacBookPro8%2C1)"
65.52.0.210 - - [10/Apr/2012:11:06:55 -0700] "GET /r/v9m HTTP/1.1" 404 199 "-" "Mozilla/4.0 (compatible; MSIE 7.0; Windows NT 6.0)"
184.191.224.10 - - [10/Apr/2012:11:07:12 -0700] "GET / HTTP/1.1" 200 1430 "-" "Caffeinated/1.1.1 CFNetwork/520.3.2 Darwin/11.3.0 (x86_64) (MacBookPro8%2C1)"
184.191.224.10 - - [10/Apr/2012:11:07:12 -0700] "GET /favicon.ico HTTP/1.1" 404 142 "-" "Caffeinated/1.1.1 CFNetwork/520.3.2 Darwin/11.3.0 (x86_64) (MacBookPro8%2C1)"
184.191.224.10 - - [10/Apr/2012:11:07:38 -0700] "GET / HTTP/1.1" 200 1430 "-" "Caffeinated/1.1.1 CFNetwork/520.3.2 Darwin/11.3.0 (x86_64) (MacBookPro8%2C1)"
184.191.224.10 - - [10/Apr/2012:11:07:38 -0700] "GET /favicon.ico HTTP/1.1" 404 142 "-" "Caffeinated/1.1.1 CFNetwork/520.3.2 Darwin/11.3.0 (x86_64) (MacBookPro8%2C1)"
14.99.127.224 - - [10/Apr/2012:11:07:44 -0700] "-" 400 0 "-" "-"
184.191.224.10 - - [10/Apr/2012:11:08:35 -0700] "GET / HTTP/1.1" 200 1430 "-" "Caffeinated/1.1.1 CFNetwork/520.3.2 Darwin/11.3.0 (x86_64) (MacBookPro8%2C1)"
184.191.224.10 - - [10/Apr/2012:11:08:36 -0700] "GET /favicon.ico HTTP/1.1" 404 142 "-" "Caffeinated/1.1.1 CFNetwork/520.3.2 Darwin/11.3.0 (x86_64) (MacBookPro8%2C1)"
184.191.224.10 - - [10/Apr/2012:11:09:03 -0700] "GET / HTTP/1.1" 200 1430 "-" "Caffeinated/1.1.1 CFNetwork/520.3.2 Darwin/11.3.0 (x86_64) (MacBookPro8%2C1)"
184.191.224.10 - - [10/Apr/2012:11:09:03 -0700] "GET /favicon.ico HTTP/1.1" 404 142 "-" "Caffeinated/1.1.1 CFNetwork/520.3.2 Darwin/11.3.0 (x86_64) (MacBookPro8%2C1)"
184.191.224.10 - - [10/Apr/2012:11:09:59 -0700] "GET / HTTP/1.1" 200 1430 "-" "Caffeinated/1.1.1 CFNetwork/520.3.2 Darwin/11.3.0 (x86_64) (MacBookPro8%2C1)"
184.191.224.10 - - [10/Apr/2012:11:09:59 -0700] "GET /favicon.ico HTTP/1.1" 404 142 "-" "Caffeinated/1.1.1 CFNetwork/520.3.2 Darwin/11.3.0 (x86_64) (MacBookPro8%2C1)"
184.191.224.10 - - [10/Apr/2012:11:10:25 -0700] "GET / HTTP/1.1" 200 1430 "-" "Caffeinated/1.1.1 CFNetwork/520.3.2 Darwin/11.3.0 (x86_64) (MacBookPro8%2C1)"
184.191.224.10 - - [10/Apr/2012:11:10:25 -0700] "GET /favicon.ico HTTP/1.1" 404 142 "-" "Caffeinated/1.1.1 CFNetwork/520.3.2 Darwin/11.3.0 (x86_64) (MacBookPro8%2C1)"
117.193.81.54 - - [10/Apr/2012:11:10:54 -0700] "-" 400 0 "-" "-"
184.191.224.10 - - [10/Apr/2012:11:11:20 -0700] "GET / HTTP/1.1" 200 1430 "-" "Caffeinated/1.1.1 CFNetwork/520.3.2 Darwin/11.3.0 (x86_64) (MacBookPro8%2C1)"
184.191.224.10 - - [10/Apr/2012:11:11:20 -0700] "GET /favicon.ico HTTP/1.1" 404 142 "-" "Caffeinated/1.1.1 CFNetwork/520.3.2 Darwin/11.3.0 (x86_64) (MacBookPro8%2C1)"
184.191.224.10 - - [10/Apr/2012:11:11:52 -0700] "GET / HTTP/1.1" 200 1430 "-" "Caffeinated/1.1.1 CFNetwork/520.3.2 Darwin/11.3.0 (x86_64) (MacBookPro8%2C1)"
184.191.224.10 - - [10/Apr/2012:11:11:52 -0700] "GET /favicon.ico HTTP/1.1" 404 142 "-" "Caffeinated/1.1.1 CFNetwork/520.3.2 Darwin/11.3.0 (x86_64) (MacBookPro8%2C1)"
209.85.224.89 - - [10/Apr/2012:11:12:00 -0700] "GET /stories/feed HTTP/1.1" 200 13653 "-" "FeedBurner/1.0 (http://www.FeedBurner.com)"
184.191.224.10 - - [10/Apr/2012:11:12:42 -0700] "GET / HTTP/1.1" 200 1430 "-" "Caffeinated/1.1.1 CFNetwork/520.3.2 Darwin/11.3.0 (x86_64) (MacBookPro8%2C1)"
184.191.224.10 - - [10/Apr/2012:11:12:42 -0700] "GET /favicon.ico HTTP/1.1" 404 142 "-" "Caffeinated/1.1.1 CFNetwork/520.3.2 Darwin/11.3.0 (x86_64) (MacBookPro8%2C1)"
117.193.81.54 - - [10/Apr/2012:11:13:14 -0700] "-" 400 0 "-" "-"
184.191.224.10 - - [10/Apr/2012:11:13:15 -0700] "GET / HTTP/1.1" 200 1430 "-" "Caffeinated/1.1.1 CFNetwork/520.3.2 Darwin/11.3.0 (x86_64) (MacBookPro8%2C1)"
184.191.224.10 - - [10/Apr/2012:11:13:15 -0700] "GET /favicon.ico HTTP/1.1" 404 142 "-" "Caffeinated/1.1.1 CFNetwork/520.3.2 Darwin/11.3.0 (x86_64) (MacBookPro8%2C1)"
117.193.81.54 - - [10/Apr/2012:11:13:34 -0700] "-" 400 0 "-" "-"
117.193.81.54 - - [10/Apr/2012:11:13:34 -0700] "-" 400 0 "-" "-"
117.193.81.54 - - [10/Apr/2012:11:13:34 -0700] "-" 400 0 "-" "-"
117.193.81.54 - - [10/Apr/2012:11:13:34 -0700] "-" 400 0 "-" "-"
117.193.81.54 - - [10/Apr/2012:11:13:34 -0700] "-" 400 0 "-" "-"
141.0.9.216 - - [10/Apr/2012:11:13:43 -0700] "-" 400 0 "-" "-"
141.0.9.216 - - [10/Apr/2012:11:13:43 -0700] "-" 400 0 "-" "-"
65.52.111.243 - - [10/Apr/2012:11:13:51 -0700] "-" 400 0 "-" "-"
65.52.111.243 - - [10/Apr/2012:11:13:51 -0700] "-" 400 0 "-" "-"
65.52.111.243 - - [10/Apr/2012:11:13:51 -0700] "-" 400 0 "-" "-"
65.52.111.243 - - [10/Apr/2012:11:13:51 -0700] "-" 400 0 "-" "-"
65.52.111.243 - - [10/Apr/2012:11:13:51 -0700] "-" 400 0 "-" "-"
65.52.111.243 - - [10/Apr/2012:11:13:51 -0700] "-" 400 0 "-" "-"
65.52.111.243 - - [10/Apr/2012:11:13:52 -0700] "-" 400 0 "-" "-"
65.52.111.243 - - [10/Apr/2012:11:13:52 -0700] "-" 400 0 "-" "-"
65.52.111.243 - - [10/Apr/2012:11:13:52 -0700] "-" 400 0 "-" "-"
65.52.111.243 - - [10/Apr/2012:11:13:52 -0700] "-" 400 0 "-" "-"
65.52.111.243 - - [10/Apr/2012:11:13:52 -0700] "-" 400 0 "-" "-"
65.52.111.243 - - [10/Apr/2012:11:13:52 -0700] "-" 400 0 "-" "-"
66.220.147.249 - - [10/Apr/2012:11:13:58 -0700] "GET /r/2ols HTTP/1.1" 301 257 "-" "facebookexternalhit/1.1 (+http://www.facebook.com/externalhit_uatext.php)"
66.220.147.250 - - [10/Apr/2012:11:13:58 -0700] "GET /s/ta/2ols/ HTTP/1.1" 302 469 "-" "facebookexternalhit/1.1 (+http://www.facebook.com/externalhit_uatext.php)"
184.191.224.10 - - [10/Apr/2012:11:14:01 -0700] "GET / HTTP/1.1" 200 1430 "-" "Caffeinated/1.1.1 CFNetwork/520.3.2 Darwin/11.3.0 (x86_64) (MacBookPro8%2C1)"
184.191.224.10 - - [10/Apr/2012:11:14:01 -0700] "GET /favicon.ico HTTP/1.1" 404 142 "-" "Caffeinated/1.1.1 CFNetwork/520.3.2 Darwin/11.3.0 (x86_64) (MacBookPro8%2C1)"
141.0.9.216 - - [10/Apr/2012:11:14:24 -0700] "-" 400 0 "-" "-"
65.52.111.243 - - [10/Apr/2012:11:14:30 -0700] "-" 400 0 "-" "-"
184.191.224.10 - - [10/Apr/2012:11:14:36 -0700] "GET / HTTP/1.1" 200 1430 "-" "Caffeinated/1.1.1 CFNetwork/520.3.2 Darwin/11.3.0 (x86_64) (MacBookPro8%2C1)"
184.191.224.10 - - [10/Apr/2012:11:14:37 -0700] "GET /favicon.ico HTTP/1.1" 404 142 "-" "Caffeinated/1.1.1 CFNetwork/520.3.2 Darwin/11.3.0 (x86_64) (MacBookPro8%2C1)"
31.147.110.34 - - [10/Apr/2012:11:14:51 -0700] "GET /POSM/img/save.png HTTP/1.1" 404 142 "http://yuvi.in/POSM/" "Mozilla/5.0 (Windows NT 6.1; rv:11.0) Gecko/20100101 Firefox/11.0"
31.147.110.34 - - [10/Apr/2012:11:14:53 -0700] "GET /POSM/img/save.png HTTP/1.1" 404 142 "http://yuvi.in/POSM/" "Mozilla/5.0 (Windows NT 6.1; rv:11.0) Gecko/20100101 Firefox/11.0"
31.147.110.34 - - [10/Apr/2012:11:14:53 -0700] "GET /favicon.ico HTTP/1.1" 404 142 "-" "Mozilla/5.0 (Windows NT 6.1; rv:11.0) Gecko/20100101 Firefox/11.0"
31.147.110.34 - - [10/Apr/2012:11:14:57 -0700] "-" 400 0 "-" "-"
184.191.224.10 - - [10/Apr/2012:11:15:22 -0700] "GET / HTTP/1.1" 200 1430 "-" "Caffeinated/1.1.1 CFNetwork/520.3.2 Darwin/11.3.0 (x86_64) (MacBookPro8%2C1)"
184.191.224.10 - - [10/Apr/2012:11:15:22 -0700] "GET /favicon.ico HTTP/1.1" 404 142 "-" "Caffeinated/1.1.1 CFNetwork/520.3.2 Darwin/11.3.0 (x86_64) (MacBookPro8%2C1)"
122.164.134.21 - - [10/Apr/2012:11:15:41 -0700] "-" 400 0 "-" "-"
184.191.224.10 - - [10/Apr/2012:11:15:55 -0700] "GET / HTTP/1.1" 200 1430 "-" "Caffeinated/1.1.1 CFNetwork/520.3.2 Darwin/11.3.0 (x86_64) (MacBookPro8%2C1)"
184.191.224.10 - - [10/Apr/2012:11:15:55 -0700] "GET /favicon.ico HTTP/1.1" 404 142 "-" "Caffeinated/1.1.1 CFNetwork/520.3.2 Darwin/11.3.0 (x86_64) (MacBookPro8%2C1)"
66.220.146.250 - - [10/Apr/2012:11:16:01 -0700] "GET /r/1lvt HTTP/1.1" 301 257 "-" "facebookexternalhit/1.1 (+http://www.facebook.com/externalhit_uatext.php)"
66.220.146.250 - - [10/Apr/2012:11:16:01 -0700] "GET /s/ta/1lvt/ HTTP/1.1" 302 461 "-" "facebookexternalhit/1.1 (+http://www.facebook.com/externalhit_uatext.php)"
122.164.134.21 - - [10/Apr/2012:11:16:12 -0700] "-" 400 0 "-" "-"
117.192.155.27 - - [10/Apr/2012:11:16:35 -0700] "GET /r/28x HTTP/1.1" 301 255 "http://ta.wikipedia.org/wiki/%E0%AE%AA%E0%AF%8A%E0%AE%A9%E0%AF%8D%E0%AE%A9%E0%AE%BF%E0%AE%AF%E0%AE%BF%E0%AE%A9%E0%AF%8D_%E0%AE%9A%E0%AF%86%E0%AE%B2%E0%AF%8D%E0%AE%B5%E0%AE%A9%E0%AF%8D" "Mozilla/5.0 (Windows NT 5.1; rv:11.0) Gecko/20100101 Firefox/11.0"
117.192.155.27 - - [10/Apr/2012:11:16:36 -0700] "GET /s/ta/28x/ HTTP/1.1" 302 473 "http://ta.wikipedia.org/wiki/%E0%AE%AA%E0%AF%8A%E0%AE%A9%E0%AF%8D%E0%AE%A9%E0%AE%BF%E0%AE%AF%E0%AE%BF%E0%AE%A9%E0%AF%8D_%E0%AE%9A%E0%AF%86%E0%AE%B2%E0%AF%8D%E0%AE%B5%E0%AE%A9%E0%AF%8D" "Mozilla/5.0 (Windows NT 5.1; rv:11.0) Gecko/20100101 Firefox/11.0"
117.192.155.27 - - [10/Apr/2012:11:16:40 -0700] "-" 400 0 "-" "-"
117.192.155.27 - - [10/Apr/2012:11:16:40 -0700] "-" 400 0 "-" "-"
117.192.155.27 - - [10/Apr/2012:11:16:40 -0700] "-" 400 0 "-" "-"
184.191.224.10 - - [10/Apr/2012:11:16:43 -0700] "GET / HTTP/1.1" 200 1430 "-" "Caffeinated/1.1.1 CFNetwork/520.3.2 Darwin/11.3.0 (x86_64) (MacBookPro8%2C1)"
184.191.224.10 - - [10/Apr/2012:11:16:43 -0700] "GET /favicon.ico HTTP/1.1" 404 142 "-" "Caffeinated/1.1.1 CFNetwork/520.3.2 Darwin/11.3.0 (x86_64) (MacBookPro8%2C1)"
117.192.155.27 - - [10/Apr/2012:11:16:48 -0700] "GET /s/ta/28x/ HTTP/1.1" 302 473 "http://ta.wikipedia.org/wiki/%E0%AE%AA%E0%AF%8A%E0%AE%A9%E0%AF%8D%E0%AE%A9%E0%AE%BF%E0%AE%AF%E0%AE%BF%E0%AE%A9%E0%AF%8D_%E0%AE%9A%E0%AF%86%E0%AE%B2%E0%AF%8D%E0%AE%B5%E0%AE%A9%E0%AF%8D" "Mozilla/5.0 (Windows NT 5.1; rv:11.0) Gecko/20100101 Firefox/11.0"
117.192.155.27 - - [10/Apr/2012:11:16:49 -0700] "GET /s/ta/28x/ HTTP/1.1" 302 473 "http://ta.wikipedia.org/wiki/%E0%AE%AA%E0%AF%8A%E0%AE%A9%E0%AF%8D%E0%AE%A9%E0%AE%BF%E0%AE%AF%E0%AE%BF%E0%AE%A9%E0%AF%8D_%E0%AE%9A%E0%AF%86%E0%AE%B2%E0%AF%8D%E0%AE%B5%E0%AE%A9%E0%AF%8D" "Mozilla/5.0 (Windows NT 5.1; rv:11.0) Gecko/20100101 Firefox/11.0"
117.192.155.27 - - [10/Apr/2012:11:16:55 -0700] "-" 400 0 "-" "-"
184.191.224.10 - - [10/Apr/2012:11:17:14 -0700] "GET / HTTP/1.1" 200 1430 "-" "Caffeinated/1.1.1 CFNetwork/520.3.2 Darwin/11.3.0 (x86_64) (MacBookPro8%2C1)"
184.191.224.10 - - [10/Apr/2012:11:17:14 -0700] "GET /favicon.ico HTTP/1.1" 404 142 "-" "Caffeinated/1.1.1 CFNetwork/520.3.2 Darwin/11.3.0 (x86_64) (MacBookPro8%2C1)"
184.191.224.10 - - [10/Apr/2012:11:18:01 -0700] "GET / HTTP/1.1" 200 1430 "-" "Caffeinated/1.1.1 CFNetwork/520.3.2 Darwin/11.3.0 (x86_64) (MacBookPro8%2C1)"
184.191.224.10 - - [10/Apr/2012:11:18:01 -0700] "GET /favicon.ico HTTP/1.1" 404 142 "-" "Caffeinated/1.1.1 CFNetwork/520.3.2 Darwin/11.3.0 (x86_64) (MacBookPro8%2C1)"
184.191.224.10 - - [10/Apr/2012:11:18:33 -0700] "GET / HTTP/1.1" 200 1430 "-" "Caffeinated/1.1.1 CFNetwork/520.3.2 Darwin/11.3.0 (x86_64) (MacBookPro8%2C1)"
184.191.224.10 - - [10/Apr/2012:11:18:33 -0700] "GET /favicon.ico HTTP/1.1" 404 142 "-" "Caffeinated/1.1.1 CFNetwork/520.3.2 Darwin/11.3.0 (x86_64) (MacBookPro8%2C1)"
85.17.88.169 - - [10/Apr/2012:11:18:40 -0700] "POST /blog/wp-cron.php?doing_wp_cron=1334081596 HTTP/1.0" 499 0 "-" "WordPress/3.3.1; http://yuvi.in/blog"
209.85.224.86 - - [10/Apr/2012:11:18:40 -0700] "GET /blog/feed HTTP/1.1" 304 0 "-" "FeedBurner/1.0 (http://www.FeedBurner.com)"
117.192.155.27 - - [10/Apr/2012:11:18:56 -0700] "GET /s/ta/28x/ HTTP/1.1" 302 473 "http://ta.wikipedia.org/wiki/%E0%AE%AA%E0%AF%8A%E0%AE%A9%E0%AF%8D%E0%AE%A9%E0%AE%BF%E0%AE%AF%E0%AE%BF%E0%AE%A9%E0%AF%8D_%E0%AE%9A%E0%AF%86%E0%AE%B2%E0%AF%8D%E0%AE%B5%E0%AE%A9%E0%AF%8D" "Mozilla/5.0 (Windows NT 5.1; rv:11.0) Gecko/20100101 Firefox/11.0"
117.192.155.27 - - [10/Apr/2012:11:18:57 -0700] "GET /s/ta/28x/ HTTP/1.1" 302 473 "http://ta.wikipedia.org/wiki/%E0%AE%AA%E0%AF%8A%E0%AE%A9%E0%AF%8D%E0%AE%A9%E0%AE%BF%E0%AE%AF%E0%AE%BF%E0%AE%A9%E0%AF%8D_%E0%AE%9A%E0%AF%86%E0%AE%B2%E0%AF%8D%E0%AE%B5%E0%AE%A9%E0%AF%8D" "Mozilla/5.0 (Windows NT 5.1; rv:11.0) Gecko/20100101 Firefox/11.0"
117.192.155.27 - - [10/Apr/2012:11:19:04 -0700] "-" 400 0 "-" "-"
117.192.155.27 - - [10/Apr/2012:11:19:04 -0700] "-" 400 0 "-" "-"
117.192.155.27 - - [10/Apr/2012:11:19:04 -0700] "-" 400 0 "-" "-"
117.192.155.27 - - [10/Apr/2012:11:19:04 -0700] "-" 400 0 "-" "-"
184.191.224.10 - - [10/Apr/2012:11:19:25 -0700] "GET / HTTP/1.1" 200 1430 "-" "Caffeinated/1.1.1 CFNetwork/520.3.2 Darwin/11.3.0 (x86_64) (MacBookPro8%2C1)"
184.191.224.10 - - [10/Apr/2012:11:19:25 -0700] "GET /favicon.ico HTTP/1.1" 404 142 "-" "Caffeinated/1.1.1 CFNetwork/520.3.2 Darwin/11.3.0 (x86_64) (MacBookPro8%2C1)"
184.191.224.10 - - [10/Apr/2012:11:19:53 -0700] "GET / HTTP/1.1" 200 1430 "-" "Caffeinated/1.1.1 CFNetwork/520.3.2 Darwin/11.3.0 (x86_64) (MacBookPro8%2C1)"
184.191.224.10 - - [10/Apr/2012:11:19:53 -0700] "GET /favicon.ico HTTP/1.1" 404 142 "-" "Caffeinated/1.1.1 CFNetwork/520.3.2 Darwin/11.3.0 (x86_64) (MacBookPro8%2C1)"
184.191.224.10 - - [10/Apr/2012:11:20:47 -0700] "GET / HTTP/1.1" 200 1430 "-" "Caffeinated/1.1.1 CFNetwork/520.3.2 Darwin/11.3.0 (x86_64) (MacBookPro8%2C1)"
184.191.224.10 - - [10/Apr/2012:11:20:47 -0700] "GET /favicon.ico HTTP/1.1" 404 142 "-" "Caffeinated/1.1.1 CFNetwork/520.3.2 Darwin/11.3.0 (x86_64) (MacBookPro8%2C1)"
184.191.224.10 - - [10/Apr/2012:11:21:11 -0700] "GET / HTTP/1.1" 200 1430 "-" "Caffeinated/1.1.1 CFNetwork/520.3.2 Darwin/11.3.0 (x86_64) (MacBookPro8%2C1)"
184.191.224.10 - - [10/Apr/2012:11:21:12 -0700] "GET /favicon.ico HTTP/1.1" 404 142 "-" "Caffeinated/1.1.1 CFNetwork/520.3.2 Darwin/11.3.0 (x86_64) (MacBookPro8%2C1)"
184.191.224.10 - - [10/Apr/2012:11:22:09 -0700] "GET / HTTP/1.1" 200 1430 "-" "Caffeinated/1.1.1 CFNetwork/520.3.2 Darwin/11.3.0 (x86_64) (MacBookPro8%2C1)"
184.191.224.10 - - [10/Apr/2012:11:22:09 -0700] "GET /favicon.ico HTTP/1.1" 404 142 "-" "Caffeinated/1.1.1 CFNetwork/520.3.2 Darwin/11.3.0 (x86_64) (MacBookPro8%2C1)"
184.191.224.10 - - [10/Apr/2012:11:22:34 -0700] "GET / HTTP/1.1" 200 1430 "-" "Caffeinated/1.1.1 CFNetwork/520.3.2 Darwin/11.3.0 (x86_64) (MacBookPro8%2C1)"
184.191.224.10 - - [10/Apr/2012:11:22:34 -0700] "GET /favicon.ico HTTP/1.1" 404 142 "-" "Caffeinated/1.1.1 CFNetwork/520.3.2 Darwin/11.3.0 (x86_64) (MacBookPro8%2C1)"
184.191.224.10 - - [10/Apr/2012:11:23:31 -0700] "GET / HTTP/1.1" 200 1430 "-" "Caffeinated/1.1.1 CFNetwork/520.3.2 Darwin/11.3.0 (x86_64) (MacBookPro8%2C1)"
184.191.224.10 - - [10/Apr/2012:11:23:31 -0700] "GET /favicon.ico HTTP/1.1" 404 142 "-" "Caffeinated/1.1.1 CFNetwork/520.3.2 Darwin/11.3.0 (x86_64) (MacBookPro8%2C1)"
184.73.56.254 - - [10/Apr/2012:11:23:54 -0700] "GET /blog/serendipity.html HTTP/1.1" 200 2419 "-" "Mozilla/5.0 (Macintosh; U; Intel Mac OS X 10.6; en-US; rv:1.9.2) Gecko/20100115 Firefox/3.6 (FlipboardProxy/1.1; +http://flipboard.com/browserproxy)"
107.22.11.14 - - [10/Apr/2012:11:23:55 -0700] "GET /blog/enthusiastic-teachers-and-naive-implementation-of-gauss-seidel-approximations.html HTTP/1.1" 200 2928 "-" "Mozilla/5.0 (Macintosh; U; Intel Mac OS X 10.6; en-US; rv:1.9.2) Gecko/20100115 Firefox/3.6 (FlipboardProxy/1.1; +http://flipboard.com/browserproxy)"
85.17.88.169 - - [10/Apr/2012:11:23:56 -0700] "POST /blog/wp-cron.php?doing_wp_cron=1334081912 HTTP/1.0" 499 0 "-" "WordPress/3.3.1; http://yuvi.in/blog"
85.17.88.169 - - [10/Apr/2012:11:23:56 -0700] "POST /blog/wp-cron.php?doing_wp_cron=1334081912 HTTP/1.0" 499 0 "-" "WordPress/3.3.1; http://yuvi.in/blog"
23.20.130.133 - - [10/Apr/2012:11:23:56 -0700] "GET /blog/belated-samsung-galaxy-3-review/ HTTP/1.1" 200 6118 "-" "Mozilla/5.0 (Macintosh; U; Intel Mac OS X 10.6; en-US; rv:1.9.2) Gecko/20100115 Firefox/3.6 (FlipboardProxy/1.1; +http://flipboard.com/browserproxy)"
107.22.11.14 - - [10/Apr/2012:11:23:56 -0700] "GET /blog/nen-first-dot-2010-what-i-learnt/ HTTP/1.1" 200 5730 "-" "Mozilla/5.0 (Macintosh; U; Intel Mac OS X 10.6; en-US; rv:1.9.2) Gecko/20100115 Firefox/3.6 (FlipboardProxy/1.1; +http://flipboard.com/browserproxy)"
184.191.224.10 - - [10/Apr/2012:11:23:57 -0700] "GET / HTTP/1.1" 200 1430 "-" "Caffeinated/1.1.1 CFNetwork/520.3.2 Darwin/11.3.0 (x86_64) (MacBookPro8%2C1)"
184.191.224.10 - - [10/Apr/2012:11:23:57 -0700] "GET /favicon.ico HTTP/1.1" 404 142 "-" "Caffeinated/1.1.1 CFNetwork/520.3.2 Darwin/11.3.0 (x86_64) (MacBookPro8%2C1)"
184.191.224.10 - - [10/Apr/2012:11:24:52 -0700] "GET / HTTP/1.1" 200 1430 "-" "Caffeinated/1.1.1 CFNetwork/520.3.2 Darwin/11.3.0 (x86_64) (MacBookPro8%2C1)"
184.191.224.10 - - [10/Apr/2012:11:24:52 -0700] "GET /favicon.ico HTTP/1.1" 404 142 "-" "Caffeinated/1.1.1 CFNetwork/520.3.2 Darwin/11.3.0 (x86_64) (MacBookPro8%2C1)"
184.191.224.10 - - [10/Apr/2012:11:25:17 -0700] "GET / HTTP/1.1" 200 1430 "-" "Caffeinated/1.1.1 CFNetwork/520.3.2 Darwin/11.3.0 (x86_64) (MacBookPro8%2C1)"
184.191.224.10 - - [10/Apr/2012:11:25:17 -0700] "GET /favicon.ico HTTP/1.1" 404 142 "-" "Caffeinated/1.1.1 CFNetwork/520.3.2 Darwin/11.3.0 (x86_64) (MacBookPro8%2C1)"
69.171.229.247 - - [10/Apr/2012:11:26:00 -0700] "GET /r/1lvt HTTP/1.1" 301 257 "-" "facebookexternalhit/1.1 (+http://www.facebook.com/externalhit_uatext.php)"
69.171.229.245 - - [10/Apr/2012:11:26:00 -0700] "GET /s/ta/1lvt/ HTTP/1.1" 302 461 "-" "facebookexternalhit/1.1 (+http://www.facebook.com/externalhit_uatext.php)"
184.191.224.10 - - [10/Apr/2012:11:26:16 -0700] "GET / HTTP/1.1" 200 1430 "-" "Caffeinated/1.1.1 CFNetwork/520.3.2 Darwin/11.3.0 (x86_64) (MacBookPro8%2C1)"
184.191.224.10 - - [10/Apr/2012:11:26:16 -0700] "GET /favicon.ico HTTP/1.1" 404 142 "-" "Caffeinated/1.1.1 CFNetwork/520.3.2 Darwin/11.3.0 (x86_64) (MacBookPro8%2C1)"
184.191.224.10 - - [10/Apr/2012:11:26:38 -0700] "GET / HTTP/1.1" 200 1430 "-" "Caffeinated/1.1.1 CFNetwork/520.3.2 Darwin/11.3.0 (x86_64) (MacBookPro8%2C1)"
184.191.224.10 - - [10/Apr/2012:11:26:38 -0700] "GET /favicon.ico HTTP/1.1" 404 142 "-" "Caffeinated/1.1.1 CFNetwork/520.3.2 Darwin/11.3.0 (x86_64) (MacBookPro8%2C1)"
69.171.234.2 - - [10/Apr/2012:11:27:11 -0700] "GET /r/1lvt HTTP/1.1" 301 257 "-" "facebookexternalhit/1.1 (+http://www.facebook.com/externalhit_uatext.php)"
69.171.234.1 - - [10/Apr/2012:11:27:11 -0700] "GET /s/ta/1lvt/ HTTP/1.1" 302 461 "-" "facebookexternalhit/1.1 (+http://www.facebook.com/externalhit_uatext.php)"
141.0.9.216 - - [10/Apr/2012:11:27:13 -0700] "-" 400 0 "-" "-"
184.191.224.10 - - [10/Apr/2012:11:27:35 -0700] "GET / HTTP/1.1" 200 1430 "-" "Caffeinated/1.1.1 CFNetwork/520.3.2 Darwin/11.3.0 (x86_64) (MacBookPro8%2C1)"
184.191.224.10 - - [10/Apr/2012:11:27:35 -0700] "GET /favicon.ico HTTP/1.1" 404 142 "-" "Caffeinated/1.1.1 CFNetwork/520.3.2 Darwin/11.3.0 (x86_64) (MacBookPro8%2C1)"
141.0.9.216 - - [10/Apr/2012:11:27:43 -0700] "-" 400 0 "-" "-"
184.191.224.10 - - [10/Apr/2012:11:28:02 -0700] "GET / HTTP/1.1" 200 1430 "-" "Caffeinated/1.1.1 CFNetwork/520.3.2 Darwin/11.3.0 (x86_64) (MacBookPro8%2C1)"
184.191.224.10 - - [10/Apr/2012:11:28:02 -0700] "GET /favicon.ico HTTP/1.1" 404 142 "-" "Caffeinated/1.1.1 CFNetwork/520.3.2 Darwin/11.3.0 (x86_64) (MacBookPro8%2C1)"
209.85.238.112 - - [10/Apr/2012:11:28:41 -0700] "GET /blog/feed/ HTTP/1.1" 200 6691 "-" "Feedfetcher-Google; (+http://www.google.com/feedfetcher.html; 19 subscribers; feed-id=15064232456473204253)"
184.191.224.10 - - [10/Apr/2012:11:28:56 -0700] "GET / HTTP/1.1" 200 1430 "-" "Caffeinated/1.1.1 CFNetwork/520.3.2 Darwin/11.3.0 (x86_64) (MacBookPro8%2C1)"
184.191.224.10 - - [10/Apr/2012:11:28:56 -0700] "GET /favicon.ico HTTP/1.1" 404 142 "-" "Caffeinated/1.1.1 CFNetwork/520.3.2 Darwin/11.3.0 (x86_64) (MacBookPro8%2C1)"
117.230.210.25 - - [10/Apr/2012:11:28:59 -0700] "-" 400 0 "-" "-"
184.191.224.10 - - [10/Apr/2012:11:29:21 -0700] "GET / HTTP/1.1" 200 1430 "-" "Caffeinated/1.1.1 CFNetwork/520.3.2 Darwin/11.3.0 (x86_64) (MacBookPro8%2C1)"
184.191.224.10 - - [10/Apr/2012:11:29:22 -0700] "GET /favicon.ico HTTP/1.1" 404 142 "-" "Caffeinated/1.1.1 CFNetwork/520.3.2 Darwin/11.3.0 (x86_64) (MacBookPro8%2C1)"
184.191.224.10 - - [10/Apr/2012:11:30:18 -0700] "GET / HTTP/1.1" 200 1430 "-" "Caffeinated/1.1.1 CFNetwork/520.3.2 Darwin/11.3.0 (x86_64) (MacBookPro8%2C1)"
184.191.224.10 - - [10/Apr/2012:11:30:19 -0700] "GET /favicon.ico HTTP/1.1" 404 142 "-" "Caffeinated/1.1.1 CFNetwork/520.3.2 Darwin/11.3.0 (x86_64) (MacBookPro8%2C1)"
69.171.234.4 - - [10/Apr/2012:11:30:20 -0700] "GET /r/7bu HTTP/1.1" 301 255 "-" "facebookexternalhit/1.1 (+http://www.facebook.com/externalhit_uatext.php)"
69.171.234.2 - - [10/Apr/2012:11:30:20 -0700] "GET /s/ta/7bu/ HTTP/1.1" 302 337 "-" "facebookexternalhit/1.1 (+http://www.facebook.com/externalhit_uatext.php)"
213.186.127.13 - - [10/Apr/2012:11:30:22 -0700] "GET /s/ta/1i1g/ HTTP/1.1" 302 427 "-" "Mozilla/5.0 (compatible; AhrefsBot/2.0; +http://ahrefs.com/robot/)"
184.191.224.10 - - [10/Apr/2012:11:30:39 -0700] "GET / HTTP/1.1" 200 1430 "-" "Caffeinated/1.1.1 CFNetwork/520.3.2 Darwin/11.3.0 (x86_64) (MacBookPro8%2C1)"
184.191.224.10 - - [10/Apr/2012:11:30:40 -0700] "GET /favicon.ico HTTP/1.1" 404 142 "-" "Caffeinated/1.1.1 CFNetwork/520.3.2 Darwin/11.3.0 (x86_64) (MacBookPro8%2C1)"
184.191.224.10 - - [10/Apr/2012:11:31:39 -0700] "GET / HTTP/1.1" 200 1430 "-" "Caffeinated/1.1.1 CFNetwork/520.3.2 Darwin/11.3.0 (x86_64) (MacBookPro8%2C1)"
184.191.224.10 - - [10/Apr/2012:11:31:39 -0700] "GET /favicon.ico HTTP/1.1" 404 142 "-" "Caffeinated/1.1.1 CFNetwork/520.3.2 Darwin/11.3.0 (x86_64) (MacBookPro8%2C1)"
184.191.224.10 - - [10/Apr/2012:11:31:59 -0700] "GET / HTTP/1.1" 200 1430 "-" "Caffeinated/1.1.1 CFNetwork/520.3.2 Darwin/11.3.0 (x86_64) (MacBookPro8%2C1)"
184.191.224.10 - - [10/Apr/2012:11:31:59 -0700] "GET /favicon.ico HTTP/1.1" 404 142 "-" "Caffeinated/1.1.1 CFNetwork/520.3.2 Darwin/11.3.0 (x86_64) (MacBookPro8%2C1)"
85.17.88.169 - - [10/Apr/2012:11:32:16 -0700] "POST /blog/wp-cron.php?doing_wp_cron=1334082412 HTTP/1.0" 499 0 "-" "WordPress/3.3.1; http://yuvi.in/blog"
209.85.238.112 - - [10/Apr/2012:11:32:16 -0700] "GET /blog/feed HTTP/1.1" 301 0 "-" "Feedfetcher-Google; (+http://www.google.com/feedfetcher.html; 3 subscribers; feed-id=17684830852112633560)"
85.17.88.169 - - [10/Apr/2012:11:32:18 -0700] "POST /blog/wp-cron.php?doing_wp_cron=1334082415 HTTP/1.0" 499 0 "-" "WordPress/3.3.1; http://yuvi.in/blog"
209.85.238.112 - - [10/Apr/2012:11:32:18 -0700] "GET /blog/feed/ HTTP/1.1" 200 6672 "-" "Feedfetcher-Google; (+http://www.google.com/feedfetcher.html; 3 subscribers; feed-id=17684830852112633560)"
184.191.224.10 - - [10/Apr/2012:11:32:59 -0700] "GET / HTTP/1.1" 200 1430 "-" "Caffeinated/1.1.1 CFNetwork/520.3.2 Darwin/11.3.0 (x86_64) (MacBookPro8%2C1)"
184.191.224.10 - - [10/Apr/2012:11:32:59 -0700] "GET /favicon.ico HTTP/1.1" 404 142 "-" "Caffeinated/1.1.1 CFNetwork/520.3.2 Darwin/11.3.0 (x86_64) (MacBookPro8%2C1)"
184.191.224.10 - - [10/Apr/2012:11:33:21 -0700] "GET / HTTP/1.1" 200 1430 "-" "Caffeinated/1.1.1 CFNetwork/520.3.2 Darwin/11.3.0 (x86_64) (MacBookPro8%2C1)"
184.191.224.10 - - [10/Apr/2012:11:33:21 -0700] "GET /favicon.ico HTTP/1.1" 404 142 "-" "Caffeinated/1.1.1 CFNetwork/520.3.2 Darwin/11.3.0 (x86_64) (MacBookPro8%2C1)"
184.191.224.10 - - [10/Apr/2012:11:34:19 -0700] "GET / HTTP/1.1" 200 1430 "-" "Caffeinated/1.1.1 CFNetwork/520.3.2 Darwin/11.3.0 (x86_64) (MacBookPro8%2C1)"
184.191.224.10 - - [10/Apr/2012:11:34:19 -0700] "GET /favicon.ico HTTP/1.1" 404 142 "-" "Caffeinated/1.1.1 CFNetwork/520.3.2 Darwin/11.3.0 (x86_64) (MacBookPro8%2C1)"
184.191.224.10 - - [10/Apr/2012:11:34:39 -0700] "GET / HTTP/1.1" 200 1430 "-" "Caffeinated/1.1.1 CFNetwork/520.3.2 Darwin/11.3.0 (x86_64) (MacBookPro8%2C1)"
184.191.224.10 - - [10/Apr/2012:11:34:39 -0700] "GET /favicon.ico HTTP/1.1" 404 142 "-" "Caffeinated/1.1.1 CFNetwork/520.3.2 Darwin/11.3.0 (x86_64) (MacBookPro8%2C1)"
46.44.124.210 - - [10/Apr/2012:11:35:03 -0700] "GET /r/1z64 HTTP/1.1" 301 257 "http://www.muthukamalam.com/" "Mozilla/5.0 (Windows NT 6.1) AppleWebKit/535.19 (KHTML, like Gecko) Chrome/18.0.1025.151 Safari/535.19"
46.44.124.210 - - [10/Apr/2012:11:35:03 -0700] "GET /s/ta/1z64/ HTTP/1.1" 302 557 "http://www.muthukamalam.com/" "Mozilla/5.0 (Windows NT 6.1) AppleWebKit/535.19 (KHTML, like Gecko) Chrome/18.0.1025.151 Safari/535.19"
184.191.224.10 - - [10/Apr/2012:11:35:39 -0700] "GET / HTTP/1.1" 200 1430 "-" "Caffeinated/1.1.1 CFNetwork/520.3.2 Darwin/11.3.0 (x86_64) (MacBookPro8%2C1)"
184.191.224.10 - - [10/Apr/2012:11:35:39 -0700] "GET /favicon.ico HTTP/1.1" 404 142 "-" "Caffeinated/1.1.1 CFNetwork/520.3.2 Darwin/11.3.0 (x86_64) (MacBookPro8%2C1)"
184.191.224.10 - - [10/Apr/2012:11:35:59 -0700] "GET / HTTP/1.1" 200 1430 "-" "Caffeinated/1.1.1 CFNetwork/520.3.2 Darwin/11.3.0 (x86_64) (MacBookPro8%2C1)"
184.191.224.10 - - [10/Apr/2012:11:35:59 -0700] "GET /favicon.ico HTTP/1.1" 404 142 "-" "Caffeinated/1.1.1 CFNetwork/520.3.2 Darwin/11.3.0 (x86_64) (MacBookPro8%2C1)"
88.103.81.213 - - [10/Apr/2012:11:36:51 -0700] "GET /favicon.ico HTTP/1.1" 404 142 "http://prashanth-kamle.blogspot.com/2009/07/how-to-set-up-svn.html" "Mozilla/5.0 (X11; Linux x86_64; rv:7.0.1) Gecko/20100101 Firefox/7.0.1"
184.191.224.10 - - [10/Apr/2012:11:36:57 -0700] "GET / HTTP/1.1" 200 1430 "-" "Caffeinated/1.1.1 CFNetwork/520.3.2 Darwin/11.3.0 (x86_64) (MacBookPro8%2C1)"
184.191.224.10 - - [10/Apr/2012:11:36:57 -0700] "GET /favicon.ico HTTP/1.1" 404 142 "-" "Caffeinated/1.1.1 CFNetwork/520.3.2 Darwin/11.3.0 (x86_64) (MacBookPro8%2C1)"
88.103.81.213 - - [10/Apr/2012:11:36:59 -0700] "-" 400 0 "-" "-"
65.52.111.215 - - [10/Apr/2012:11:37:46 -0700] "-" 400 0 "-" "-"
65.52.111.215 - - [10/Apr/2012:11:37:46 -0700] "-" 400 0 "-" "-"
65.52.111.215 - - [10/Apr/2012:11:37:47 -0700] "-" 400 0 "-" "-"
65.52.111.215 - - [10/Apr/2012:11:37:51 -0700] "-" 400 0 "-" "-"
65.52.111.215 - - [10/Apr/2012:11:37:51 -0700] "-" 400 0 "-" "-"
65.52.111.215 - - [10/Apr/2012:11:37:51 -0700] "-" 400 0 "-" "-"
65.52.111.215 - - [10/Apr/2012:11:37:51 -0700] "-" 400 0 "-" "-"
65.52.111.215 - - [10/Apr/2012:11:37:52 -0700] "-" 400 0 "-" "-"
65.52.111.215 - - [10/Apr/2012:11:37:52 -0700] "-" 400 0 "-" "-"
65.52.111.215 - - [10/Apr/2012:11:37:53 -0700] "-" 400 0 "-" "-"
65.52.111.215 - - [10/Apr/2012:11:37:53 -0700] "-" 400 0 "-" "-"
65.52.111.215 - - [10/Apr/2012:11:37:53 -0700] "-" 400 0 "-" "-"
184.191.224.10 - - [10/Apr/2012:11:38:08 -0700] "GET / HTTP/1.1" 200 1430 "-" "Caffeinated/1.1.1 CFNetwork/520.3.2 Darwin/11.3.0 (x86_64) (MacBookPro8%2C1)"
184.191.224.10 - - [10/Apr/2012:11:38:08 -0700] "GET /favicon.ico HTTP/1.1" 404 142 "-" "Caffeinated/1.1.1 CFNetwork/520.3.2 Darwin/11.3.0 (x86_64) (MacBookPro8%2C1)"
184.191.224.10 - - [10/Apr/2012:11:38:27 -0700] "GET / HTTP/1.1" 200 1430 "-" "Caffeinated/1.1.1 CFNetwork/520.3.2 Darwin/11.3.0 (x86_64) (MacBookPro8%2C1)"
184.191.224.10 - - [10/Apr/2012:11:38:27 -0700] "GET /favicon.ico HTTP/1.1" 404 142 "-" "Caffeinated/1.1.1 CFNetwork/520.3.2 Darwin/11.3.0 (x86_64) (MacBookPro8%2C1)"
184.191.224.10 - - [10/Apr/2012:11:39:27 -0700] "GET / HTTP/1.1" 200 1430 "-" "Caffeinated/1.1.1 CFNetwork/520.3.2 Darwin/11.3.0 (x86_64) (MacBookPro8%2C1)"
184.191.224.10 - - [10/Apr/2012:11:39:27 -0700] "GET /favicon.ico HTTP/1.1" 404 142 "-" "Caffeinated/1.1.1 CFNetwork/520.3.2 Darwin/11.3.0 (x86_64) (MacBookPro8%2C1)"
184.191.224.10 - - [10/Apr/2012:11:39:47 -0700] "GET / HTTP/1.1" 200 1430 "-" "Caffeinated/1.1.1 CFNetwork/520.3.2 Darwin/11.3.0 (x86_64) (MacBookPro8%2C1)"
184.191.224.10 - - [10/Apr/2012:11:39:47 -0700] "GET /favicon.ico HTTP/1.1" 404 142 "-" "Caffeinated/1.1.1 CFNetwork/520.3.2 Darwin/11.3.0 (x86_64) (MacBookPro8%2C1)"
184.191.224.10 - - [10/Apr/2012:11:40:46 -0700] "GET / HTTP/1.1" 200 1430 "-" "Caffeinated/1.1.1 CFNetwork/520.3.2 Darwin/11.3.0 (x86_64) (MacBookPro8%2C1)"
184.191.224.10 - - [10/Apr/2012:11:40:46 -0700] "GET /favicon.ico HTTP/1.1" 404 142 "-" "Caffeinated/1.1.1 CFNetwork/520.3.2 Darwin/11.3.0 (x86_64) (MacBookPro8%2C1)"
184.191.224.10 - - [10/Apr/2012:11:41:04 -0700] "GET / HTTP/1.1" 200 1430 "-" "Caffeinated/1.1.1 CFNetwork/520.3.2 Darwin/11.3.0 (x86_64) (MacBookPro8%2C1)"
184.191.224.10 - - [10/Apr/2012:11:41:05 -0700] "GET /favicon.ico HTTP/1.1" 404 142 "-" "Caffeinated/1.1.1 CFNetwork/520.3.2 Darwin/11.3.0 (x86_64) (MacBookPro8%2C1)"
184.191.224.10 - - [10/Apr/2012:11:42:04 -0700] "GET / HTTP/1.1" 200 1430 "-" "Caffeinated/1.1.1 CFNetwork/520.3.2 Darwin/11.3.0 (x86_64) (MacBookPro8%2C1)"
184.191.224.10 - - [10/Apr/2012:11:42:04 -0700] "GET /favicon.ico HTTP/1.1" 404 142 "-" "Caffeinated/1.1.1 CFNetwork/520.3.2 Darwin/11.3.0 (x86_64) (MacBookPro8%2C1)"
184.191.224.10 - - [10/Apr/2012:11:42:24 -0700] "GET / HTTP/1.1" 200 1430 "-" "Caffeinated/1.1.1 CFNetwork/520.3.2 Darwin/11.3.0 (x86_64) (MacBookPro8%2C1)"
184.191.224.10 - - [10/Apr/2012:11:42:24 -0700] "GET /favicon.ico HTTP/1.1" 404 142 "-" "Caffeinated/1.1.1 CFNetwork/520.3.2 Darwin/11.3.0 (x86_64) (MacBookPro8%2C1)"
184.191.224.10 - - [10/Apr/2012:11:43:23 -0700] "GET / HTTP/1.1" 200 1430 "-" "Caffeinated/1.1.1 CFNetwork/520.3.2 Darwin/11.3.0 (x86_64) (MacBookPro8%2C1)"
184.191.224.10 - - [10/Apr/2012:11:43:23 -0700] "GET /favicon.ico HTTP/1.1" 404 142 "-" "Caffeinated/1.1.1 CFNetwork/520.3.2 Darwin/11.3.0 (x86_64) (MacBookPro8%2C1)"
184.191.224.10 - - [10/Apr/2012:11:43:45 -0700] "GET / HTTP/1.1" 200 1430 "-" "Caffeinated/1.1.1 CFNetwork/520.3.2 Darwin/11.3.0 (x86_64) (MacBookPro8%2C1)"
184.191.224.10 - - [10/Apr/2012:11:43:45 -0700] "GET /favicon.ico HTTP/1.1" 404 142 "-" "Caffeinated/1.1.1 CFNetwork/520.3.2 Darwin/11.3.0 (x86_64) (MacBookPro8%2C1)"
184.191.224.10 - - [10/Apr/2012:11:44:43 -0700] "GET / HTTP/1.1" 200 1430 "-" "Caffeinated/1.1.1 CFNetwork/520.3.2 Darwin/11.3.0 (x86_64) (MacBookPro8%2C1)"
184.191.224.10 - - [10/Apr/2012:11:44:43 -0700] "GET /favicon.ico HTTP/1.1" 404 142 "-" "Caffeinated/1.1.1 CFNetwork/520.3.2 Darwin/11.3.0 (x86_64) (MacBookPro8%2C1)"
184.191.224.10 - - [10/Apr/2012:11:45:05 -0700] "GET / HTTP/1.1" 200 1430 "-" "Caffeinated/1.1.1 CFNetwork/520.3.2 Darwin/11.3.0 (x86_64) (MacBookPro8%2C1)"
184.191.224.10 - - [10/Apr/2012:11:45:05 -0700] "GET /favicon.ico HTTP/1.1" 404 142 "-" "Caffeinated/1.1.1 CFNetwork/520.3.2 Darwin/11.3.0 (x86_64) (MacBookPro8%2C1)"
58.68.71.180 - - [10/Apr/2012:11:45:15 -0700] "GET /r/1j4f HTTP/1.1" 301 257 "http://ta.wikipedia.org/wiki/%E0%AE%9A%E0%AE%BE%E0%AE%A4%E0%AF%8D%E0%AE%A4%E0%AF%82%E0%AE%B0%E0%AF%8D_%E0%AE%B0%E0%AE%BE%E0%AE%AE%E0%AE%9A%E0%AF%8D%E0%AE%9A%E0%AE%A8%E0%AF%8D%E0%AE%A4%E0%AE%BF%E0%AE%B0%E0%AE%A9%E0%AF%8D" "Mozilla/5.0 (Windows; U; Windows NT 5.1; en-US) AppleWebKit/533.4 (KHTML, like Gecko) Chrome/5.0.375.29 Safari/533.4"
58.68.71.180 - - [10/Apr/2012:11:45:16 -0700] "GET /s/ta/1j4f/ HTTP/1.1" 302 521 "http://ta.wikipedia.org/wiki/%E0%AE%9A%E0%AE%BE%E0%AE%A4%E0%AF%8D%E0%AE%A4%E0%AF%82%E0%AE%B0%E0%AF%8D_%E0%AE%B0%E0%AE%BE%E0%AE%AE%E0%AE%9A%E0%AF%8D%E0%AE%9A%E0%AE%A8%E0%AF%8D%E0%AE%A4%E0%AE%BF%E0%AE%B0%E0%AE%A9%E0%AF%8D" "Mozilla/5.0 (Windows; U; Windows NT 5.1; en-US) AppleWebKit/533.4 (KHTML, like Gecko) Chrome/5.0.375.29 Safari/533.4"
184.191.224.10 - - [10/Apr/2012:11:46:03 -0700] "GET / HTTP/1.1" 200 1430 "-" "Caffeinated/1.1.1 CFNetwork/520.3.2 Darwin/11.3.0 (x86_64) (MacBookPro8%2C1)"
184.191.224.10 - - [10/Apr/2012:11:46:03 -0700] "GET /favicon.ico HTTP/1.1" 404 142 "-" "Caffeinated/1.1.1 CFNetwork/520.3.2 Darwin/11.3.0 (x86_64) (MacBookPro8%2C1)"
69.171.228.244 - - [10/Apr/2012:11:46:30 -0700] "GET /r/1lvt HTTP/1.1" 301 257 "-" "facebookexternalhit/1.1 (+http://www.facebook.com/externalhit_uatext.php)"
69.171.228.246 - - [10/Apr/2012:11:46:30 -0700] "GET /s/ta/1lvt/ HTTP/1.1" 302 461 "-" "facebookexternalhit/1.1 (+http://www.facebook.com/externalhit_uatext.php)"
123.125.71.12 - - [10/Apr/2012:11:46:32 -0700] "GET / HTTP/1.1" 200 3439 "-" "Mozilla/5.0 (compatible; Baiduspider/2.0; +http://www.baidu.com/search/spider.html)"
184.191.224.10 - - [10/Apr/2012:11:46:34 -0700] "GET / HTTP/1.1" 200 1430 "-" "Caffeinated/1.1.1 CFNetwork/520.3.2 Darwin/11.3.0 (x86_64) (MacBookPro8%2C1)"
184.191.224.10 - - [10/Apr/2012:11:46:34 -0700] "GET /favicon.ico HTTP/1.1" 404 142 "-" "Caffeinated/1.1.1 CFNetwork/520.3.2 Darwin/11.3.0 (x86_64) (MacBookPro8%2C1)"
124.125.93.219 - - [10/Apr/2012:11:46:38 -0700] "-" 400 0 "-" "-"
124.125.93.219 - - [10/Apr/2012:11:46:38 -0700] "-" 400 0 "-" "-"
124.125.93.219 - - [10/Apr/2012:11:46:38 -0700] "-" 400 0 "-" "-"
124.125.93.219 - - [10/Apr/2012:11:46:38 -0700] "-" 400 0 "-" "-"
124.125.93.219 - - [10/Apr/2012:11:46:38 -0700] "-" 400 0 "-" "-"
220.181.108.85 - - [10/Apr/2012:11:47:06 -0700] "GET / HTTP/1.1" 200 3439 "-" "Mozilla/5.0 (compatible; Baiduspider/2.0; +http://www.baidu.com/search/spider.html)"
184.191.224.10 - - [10/Apr/2012:11:47:23 -0700] "GET / HTTP/1.1" 200 1430 "-" "Caffeinated/1.1.1 CFNetwork/520.3.2 Darwin/11.3.0 (x86_64) (MacBookPro8%2C1)"
184.191.224.10 - - [10/Apr/2012:11:47:23 -0700] "GET /favicon.ico HTTP/1.1" 404 142 "-" "Caffeinated/1.1.1 CFNetwork/520.3.2 Darwin/11.3.0 (x86_64) (MacBookPro8%2C1)"
184.191.224.10 - - [10/Apr/2012:11:47:51 -0700] "GET / HTTP/1.1" 200 1430 "-" "Caffeinated/1.1.1 CFNetwork/520.3.2 Darwin/11.3.0 (x86_64) (MacBookPro8%2C1)"
184.191.224.10 - - [10/Apr/2012:11:47:51 -0700] "GET /favicon.ico HTTP/1.1" 404 142 "-" "Caffeinated/1.1.1 CFNetwork/520.3.2 Darwin/11.3.0 (x86_64) (MacBookPro8%2C1)"
184.191.224.10 - - [10/Apr/2012:11:48:49 -0700] "GET / HTTP/1.1" 200 1430 "-" "Caffeinated/1.1.1 CFNetwork/520.3.2 Darwin/11.3.0 (x86_64) (MacBookPro8%2C1)"
184.191.224.10 - - [10/Apr/2012:11:48:49 -0700] "GET /favicon.ico HTTP/1.1" 404 142 "-" "Caffeinated/1.1.1 CFNetwork/520.3.2 Darwin/11.3.0 (x86_64) (MacBookPro8%2C1)"
85.17.88.169 - - [10/Apr/2012:11:48:51 -0700] "POST /blog/wp-cron.php?doing_wp_cron=1334083407 HTTP/1.0" 499 0 "-" "WordPress/3.3.1; http://yuvi.in/blog"
209.85.144.82 - - [10/Apr/2012:11:48:52 -0700] "GET /blog/feed HTTP/1.1" 304 0 "-" "FeedBurner/1.0 (http://www.FeedBurner.com)"
184.191.224.10 - - [10/Apr/2012:11:49:12 -0700] "GET / HTTP/1.1" 200 1430 "-" "Caffeinated/1.1.1 CFNetwork/520.3.2 Darwin/11.3.0 (x86_64) (MacBookPro8%2C1)"
184.191.224.10 - - [10/Apr/2012:11:49:12 -0700] "GET /favicon.ico HTTP/1.1" 404 142 "-" "Caffeinated/1.1.1 CFNetwork/520.3.2 Darwin/11.3.0 (x86_64) (MacBookPro8%2C1)"
184.191.224.10 - - [10/Apr/2012:11:50:08 -0700] "GET / HTTP/1.1" 200 1430 "-" "Caffeinated/1.1.1 CFNetwork/520.3.2 Darwin/11.3.0 (x86_64) (MacBookPro8%2C1)"
184.191.224.10 - - [10/Apr/2012:11:50:08 -0700] "GET /favicon.ico HTTP/1.1" 404 142 "-" "Caffeinated/1.1.1 CFNetwork/520.3.2 Darwin/11.3.0 (x86_64) (MacBookPro8%2C1)"
184.191.224.10 - - [10/Apr/2012:11:50:30 -0700] "GET / HTTP/1.1" 200 1430 "-" "Caffeinated/1.1.1 CFNetwork/520.3.2 Darwin/11.3.0 (x86_64) (MacBookPro8%2C1)"
184.191.224.10 - - [10/Apr/2012:11:50:30 -0700] "GET /favicon.ico HTTP/1.1" 404 142 "-" "Caffeinated/1.1.1 CFNetwork/520.3.2 Darwin/11.3.0 (x86_64) (MacBookPro8%2C1)"
184.191.224.10 - - [10/Apr/2012:11:51:30 -0700] "GET / HTTP/1.1" 200 1430 "-" "Caffeinated/1.1.1 CFNetwork/520.3.2 Darwin/11.3.0 (x86_64) (MacBookPro8%2C1)"
184.191.224.10 - - [10/Apr/2012:11:51:30 -0700] "GET /favicon.ico HTTP/1.1" 404 142 "-" "Caffeinated/1.1.1 CFNetwork/520.3.2 Darwin/11.3.0 (x86_64) (MacBookPro8%2C1)"
207.46.199.22 - - [10/Apr/2012:11:52:20 -0700] "-" 400 0 "-" "-"
207.46.199.22 - - [10/Apr/2012:11:52:20 -0700] "-" 400 0 "-" "-"
207.46.199.22 - - [10/Apr/2012:11:52:20 -0700] "-" 400 0 "-" "-"
207.46.199.22 - - [10/Apr/2012:11:52:20 -0700] "-" 400 0 "-" "-"
207.46.199.22 - - [10/Apr/2012:11:52:20 -0700] "-" 400 0 "-" "-"
207.46.199.22 - - [10/Apr/2012:11:52:20 -0700] "-" 400 0 "-" "-"
207.46.199.22 - - [10/Apr/2012:11:52:20 -0700] "-" 400 0 "-" "-"
207.46.199.22 - - [10/Apr/2012:11:52:20 -0700] "-" 400 0 "-" "-"
207.46.199.22 - - [10/Apr/2012:11:52:20 -0700] "-" 400 0 "-" "-"
184.191.224.10 - - [10/Apr/2012:11:52:39 -0700] "GET / HTTP/1.1" 200 1430 "-" "Caffeinated/1.1.1 CFNetwork/520.3.2 Darwin/11.3.0 (x86_64) (MacBookPro8%2C1)"
184.191.224.10 - - [10/Apr/2012:11:52:40 -0700] "GET /favicon.ico HTTP/1.1" 404 142 "-" "Caffeinated/1.1.1 CFNetwork/520.3.2 Darwin/11.3.0 (x86_64) (MacBookPro8%2C1)"
184.191.224.10 - - [10/Apr/2012:11:53:08 -0700] "GET / HTTP/1.1" 200 1430 "-" "Caffeinated/1.1.1 CFNetwork/520.3.2 Darwin/11.3.0 (x86_64) (MacBookPro8%2C1)"
184.191.224.10 - - [10/Apr/2012:11:53:08 -0700] "GET /favicon.ico HTTP/1.1" 404 142 "-" "Caffeinated/1.1.1 CFNetwork/520.3.2 Darwin/11.3.0 (x86_64) (MacBookPro8%2C1)"
184.191.224.10 - - [10/Apr/2012:11:54:07 -0700] "GET / HTTP/1.1" 200 1430 "-" "Caffeinated/1.1.1 CFNetwork/520.3.2 Darwin/11.3.0 (x86_64) (MacBookPro8%2C1)"
184.191.224.10 - - [10/Apr/2012:11:54:07 -0700] "GET /favicon.ico HTTP/1.1" 404 142 "-" "Caffeinated/1.1.1 CFNetwork/520.3.2 Darwin/11.3.0 (x86_64) (MacBookPro8%2C1)"
184.191.224.10 - - [10/Apr/2012:11:54:31 -0700] "GET / HTTP/1.1" 200 1430 "-" "Caffeinated/1.1.1 CFNetwork/520.3.2 Darwin/11.3.0 (x86_64) (MacBookPro8%2C1)"
184.191.224.10 - - [10/Apr/2012:11:54:31 -0700] "GET /favicon.ico HTTP/1.1" 404 142 "-" "Caffeinated/1.1.1 CFNetwork/520.3.2 Darwin/11.3.0 (x86_64) (MacBookPro8%2C1)"
124.115.0.110 - - [10/Apr/2012:11:55:12 -0700] "GET / HTTP/1.1" 304 0 "-" "Sosospider+(+http://help.soso.com/webspider.htm)"
184.191.224.10 - - [10/Apr/2012:11:55:31 -0700] "GET / HTTP/1.1" 200 1430 "-" "Caffeinated/1.1.1 CFNetwork/520.3.2 Darwin/11.3.0 (x86_64) (MacBookPro8%2C1)"
