85.17.88.169 - - [18/Mar/2012:18:34:16 -0700] "POST /blog/wp-cron.php?doing_wp_cron=1332120713 HTTP/1.0" 200 0 "-" "WordPress/3.3.1; http://yuvi.in/blog"
66.249.67.123 - - [18/Mar/2012:18:34:16 -0700] "GET /blog/tag/travel/ HTTP/1.1" 200 4175 "-" "Mozilla/5.0 (compatible; Googlebot/2.1; +http://www.google.com/bot.html)"
69.171.229.249 - - [18/Mar/2012:18:34:28 -0700] "GET /r/1eg5 HTTP/1.1" 301 257 "-" "facebookexternalhit/1.1 (+http://www.facebook.com/externalhit_uatext.php)"
69.171.229.246 - - [18/Mar/2012:18:34:28 -0700] "GET /s/ta/1eg5/ HTTP/1.1" 302 337 "-" "facebookexternalhit/1.1 (+http://www.facebook.com/externalhit_uatext.php)"
85.17.88.169 - - [18/Mar/2012:18:35:07 -0700] "POST /blog/wp-cron.php?doing_wp_cron=1332120765 HTTP/1.0" 499 0 "-" "WordPress/3.3.1; http://yuvi.in/blog"
66.249.67.123 - - [18/Mar/2012:18:35:08 -0700] "GET /blog/working-big-co-unsatisfying/ HTTP/1.1" 200 5431 "-" "Mozilla/5.0 (compatible; Googlebot/2.1; +http://www.google.com/bot.html)"
85.17.88.169 - - [18/Mar/2012:18:36:00 -0700] "POST /blog/wp-cron.php?doing_wp_cron=1332120817 HTTP/1.0" 499 0 "-" "WordPress/3.3.1; http://yuvi.in/blog"
66.249.67.123 - - [18/Mar/2012:18:36:00 -0700] "GET /blog/tag/algorithm/ HTTP/1.1" 200 4221 "-" "Mozilla/5.0 (compatible; Googlebot/2.1; +http://www.google.com/bot.html)"
69.171.229.248 - - [18/Mar/2012:18:36:51 -0700] "GET /r/1eg5 HTTP/1.1" 301 257 "-" "facebookexternalhit/1.1 (+http://www.facebook.com/externalhit_uatext.php)"
69.171.229.244 - - [18/Mar/2012:18:36:51 -0700] "GET /s/ta/1eg5/ HTTP/1.1" 302 337 "-" "facebookexternalhit/1.1 (+http://www.facebook.com/externalhit_uatext.php)"
69.171.229.249 - - [18/Mar/2012:18:39:14 -0700] "GET /r/1eg5 HTTP/1.1" 301 257 "-" "facebookexternalhit/1.1 (+http://www.facebook.com/externalhit_uatext.php)"
69.171.229.249 - - [18/Mar/2012:18:39:14 -0700] "GET /s/ta/1eg5/ HTTP/1.1" 302 337 "-" "facebookexternalhit/1.1 (+http://www.facebook.com/externalhit_uatext.php)"
69.171.234.7 - - [18/Mar/2012:18:40:05 -0700] "GET /r/1x7m HTTP/1.1" 301 257 "-" "facebookexternalhit/1.1 (+http://www.facebook.com/externalhit_uatext.php)"
69.171.234.4 - - [18/Mar/2012:18:40:05 -0700] "GET /s/ta/1x7m/ HTTP/1.1" 302 513 "-" "facebookexternalhit/1.1 (+http://www.facebook.com/externalhit_uatext.php)"
85.17.88.169 - - [18/Mar/2012:18:41:35 -0700] "POST /blog/wp-cron.php?doing_wp_cron=1332121152 HTTP/1.0" 499 0 "-" "WordPress/3.3.1; http://yuvi.in/blog"
109.230.245.43 - - [18/Mar/2012:18:41:36 -0700] "GET /blog/ HTTP/1.0" 200 33142 "http://yuvi.in/blog/" "Mozilla/4.0 (compatible; MSIE 6.0; Windows NT 5.0; .NET CLR 1.0.3705; .NET CLR 1.1.4322)"
50.57.104.33 - - [18/Mar/2012:18:42:38 -0700] "GET /r/23z HTTP/1.0" 301 255 "-" "Mozilla/5.0 (Windows; U; Windows NT 5.1; en-US; rv:1.9) Gecko/2008052906 Firefox/3.0"
50.57.64.198 - - [18/Mar/2012:18:42:38 -0700] "GET /s/ta/23z/ HTTP/1.0" 302 397 "-" "Mozilla/5.0 (Windows; U; Windows NT 5.1; en-US; rv:1.9) Gecko/2008052906 Firefox/3.0"
117.193.237.22 - - [18/Mar/2012:18:44:15 -0700] "-" 400 0 "-" "-"
85.17.88.169 - - [18/Mar/2012:18:44:23 -0700] "POST /blog/wp-cron.php?doing_wp_cron=1332121321 HTTP/1.0" 499 0 "-" "WordPress/3.3.1; http://yuvi.in/blog"
209.85.238.115 - - [18/Mar/2012:18:44:23 -0700] "GET /blog/feed/ HTTP/1.1" 304 0 "-" "Feedfetcher-Google; (+http://www.google.com/feedfetcher.html; 19 subscribers; feed-id=15064232456473204253)"
141.0.9.192 - - [18/Mar/2012:18:45:25 -0700] "-" 400 0 "-" "-"
141.0.9.192 - - [18/Mar/2012:18:45:25 -0700] "-" 400 0 "-" "-"
141.0.9.192 - - [18/Mar/2012:18:45:25 -0700] "-" 400 0 "-" "-"
85.17.88.169 - - [18/Mar/2012:18:45:52 -0700] "POST /blog/wp-cron.php?doing_wp_cron=1332121409 HTTP/1.0" 499 0 "-" "WordPress/3.3.1; http://yuvi.in/blog"
209.85.238.115 - - [18/Mar/2012:18:45:52 -0700] "GET /blog/feed HTTP/1.1" 301 0 "-" "Feedfetcher-Google; (+http://www.google.com/feedfetcher.html; 3 subscribers; feed-id=17684830852112633560)"
85.17.88.169 - - [18/Mar/2012:18:45:54 -0700] "POST /blog/wp-cron.php?doing_wp_cron=1332121412 HTTP/1.0" 499 0 "-" "WordPress/3.3.1; http://yuvi.in/blog"
209.85.238.115 - - [18/Mar/2012:18:45:55 -0700] "GET /blog/feed/ HTTP/1.1" 304 0 "-" "Feedfetcher-Google; (+http://www.google.com/feedfetcher.html; 3 subscribers; feed-id=17684830852112633560)"
180.76.5.113 - - [18/Mar/2012:18:46:13 -0700] "GET /r/2v42 HTTP/1.1" 301 257 "-" "Mozilla/5.0 (compatible; Baiduspider/2.0; +http://www.baidu.com/search/spider.html)"
180.76.5.191 - - [18/Mar/2012:18:46:13 -0700] "GET /s/ta/2v42/ HTTP/1.1" 302 519 "-" "Mozilla/5.0 (compatible; Baiduspider/2.0; +http://www.baidu.com/search/spider.html)"
66.220.149.245 - - [18/Mar/2012:18:48:01 -0700] "GET /r/1eg5 HTTP/1.1" 301 257 "-" "facebookexternalhit/1.1 (+http://www.facebook.com/externalhit_uatext.php)"
66.220.149.249 - - [18/Mar/2012:18:48:01 -0700] "GET /s/ta/1eg5/ HTTP/1.1" 302 337 "-" "facebookexternalhit/1.1 (+http://www.facebook.com/externalhit_uatext.php)"
85.17.88.169 - - [18/Mar/2012:18:52:05 -0700] "POST /blog/wp-cron.php?doing_wp_cron=1332121783 HTTP/1.0" 200 0 "-" "WordPress/3.3.1; http://yuvi.in/blog"
85.108.253.243 - - [18/Mar/2012:18:52:06 -0700] "GET /blog/program/ HTTP/1.1" 200 27150 "-" "Mozilla/5.0 (compatible; Googlebot/2.1; +http://www.google.com/bot.html)"
173.208.252.18 - - [18/Mar/2012:18:52:28 -0700] "-" 400 0 "-" "-"
190.79.234.178 - - [18/Mar/2012:18:52:40 -0700] "GET /blog/ HTTP/1.0" 200 33162 "http://yuvi.in/blog/" "Mozilla/4.0 (compatible; MSIE 6.0; Windows NT 5.1; SV1)"
94.229.86.105 - - [18/Mar/2012:18:52:57 -0700] "GET /blog/ HTTP/1.0" 200 33162 "http://yuvi.in/blog/" "Mozilla/4.0 (compatible; MSIE 6.0; Windows NT 5.1; SV1)"
66.220.149.246 - - [18/Mar/2012:18:53:44 -0700] "GET /r/1eg5 HTTP/1.1" 301 257 "-" "facebookexternalhit/1.1 (+http://www.facebook.com/externalhit_uatext.php)"
66.220.149.245 - - [18/Mar/2012:18:53:45 -0700] "GET /s/ta/1eg5/ HTTP/1.1" 302 337 "-" "facebookexternalhit/1.1 (+http://www.facebook.com/externalhit_uatext.php)"
157.55.112.207 - - [18/Mar/2012:18:53:55 -0700] "-" 400 0 "-" "-"
157.55.112.207 - - [18/Mar/2012:18:53:57 -0700] "-" 400 0 "-" "-"
157.55.112.207 - - [18/Mar/2012:18:53:57 -0700] "-" 400 0 "-" "-"
157.55.112.207 - - [18/Mar/2012:18:53:58 -0700] "-" 400 0 "-" "-"
157.55.112.207 - - [18/Mar/2012:18:53:58 -0700] "-" 400 0 "-" "-"
157.55.112.207 - - [18/Mar/2012:18:53:58 -0700] "-" 400 0 "-" "-"
157.55.112.207 - - [18/Mar/2012:18:53:58 -0700] "-" 400 0 "-" "-"
157.55.112.207 - - [18/Mar/2012:18:53:58 -0700] "-" 400 0 "-" "-"
157.55.112.207 - - [18/Mar/2012:18:53:59 -0700] "-" 400 0 "-" "-"
50.57.190.50 - - [18/Mar/2012:18:54:12 -0700] "GET /s/ta/8n1 HTTP/1.0" 301 255 "-" "Mozilla/5.0 (Windows; U; Windows NT 5.1; en-US; rv:1.9) Gecko/2008052906 Firefox/3.0"
50.57.190.50 - - [18/Mar/2012:18:54:12 -0700] "GET /s/ta/8n1/ HTTP/1.0" 302 377 "-" "Mozilla/5.0 (Windows; U; Windows NT 5.1; en-US; rv:1.9) Gecko/2008052906 Firefox/3.0"
157.55.112.207 - - [18/Mar/2012:18:54:28 -0700] "-" 400 0 "-" "-"
157.55.112.207 - - [18/Mar/2012:18:54:28 -0700] "-" 400 0 "-" "-"
208.115.111.68 - - [18/Mar/2012:18:55:39 -0700] "GET /robots.txt HTTP/1.1" 404 169 "-" "Mozilla/5.0 (compatible; Ezooms/1.0; ezooms.bot@gmail.com)"
85.17.88.169 - - [18/Mar/2012:18:56:58 -0700] "POST /blog/wp-cron.php?doing_wp_cron=1332122075 HTTP/1.0" 499 0 "-" "WordPress/3.3.1; http://yuvi.in/blog"
209.85.224.88 - - [18/Mar/2012:18:56:58 -0700] "GET /blog/feed HTTP/1.1" 304 0 "-" "FeedBurner/1.0 (http://www.FeedBurner.com)"
208.115.113.84 - - [18/Mar/2012:18:58:46 -0700] "GET /robots.txt HTTP/1.1" 404 169 "-" "Mozilla/5.0 (compatible; Ezooms/1.0; ezooms.bot@gmail.com)"
209.85.224.90 - - [18/Mar/2012:18:59:46 -0700] "GET /stories/feed HTTP/1.1" 200 13653 "-" "FeedBurner/1.0 (http://www.FeedBurner.com)"
208.89.149.228 - - [18/Mar/2012:19:00:50 -0700] "GET /blog/why-i-moved-off-arch-on-my-netbook.html HTTP/1.1" 200 2546 "http://www.google.com/url?sa=t&rct=j&q=&esrc=s&source=web&cd=7&ved=0CHIQFjAG&url=http%3A%2F%2Fyuvi.in%2Fblog%2Fwhy-i-moved-off-arch-on-my-netbook.html&ei=i5JmT6z7OIuEsAL-n8m2Dw&usg=AFQjCNFusEaD1Gf87D4TrMAxxyNpBy7_0w&sig2=yvjS7eTik67en34EGgGTlg" "Mozilla/5.0 (X11; Linux i686) AppleWebKit/535.11 (KHTML, like Gecko) Chrome/17.0.963.78 Safari/535.11"
208.89.149.228 - - [18/Mar/2012:19:00:50 -0700] "GET /blog/static/style.css HTTP/1.1" 200 4753 "http://yuvi.in/blog/why-i-moved-off-arch-on-my-netbook.html" "Mozilla/5.0 (X11; Linux i686) AppleWebKit/535.11 (KHTML, like Gecko) Chrome/17.0.963.78 Safari/535.11"
208.89.149.228 - - [18/Mar/2012:19:00:50 -0700] "GET /blog/static/codehilite.css HTTP/1.1" 200 4012 "http://yuvi.in/blog/why-i-moved-off-arch-on-my-netbook.html" "Mozilla/5.0 (X11; Linux i686) AppleWebKit/535.11 (KHTML, like Gecko) Chrome/17.0.963.78 Safari/535.11"
208.89.149.228 - - [18/Mar/2012:19:00:52 -0700] "GET /favicon.ico HTTP/1.1" 404 199 "-" "Mozilla/5.0 (X11; Linux i686) AppleWebKit/535.11 (KHTML, like Gecko) Chrome/17.0.963.78 Safari/535.11"
213.186.127.13 - - [18/Mar/2012:19:03:36 -0700] "GET /railway_photo_ruling.pdf HTTP/1.1" 404 142 "-" "Mozilla/5.0 (compatible; AhrefsBot/2.0; +http://ahrefs.com/robot/)"
69.171.234.6 - - [18/Mar/2012:19:04:41 -0700] "GET /r/fmf HTTP/1.1" 301 255 "-" "facebookexternalhit/1.1 (+http://www.facebook.com/externalhit_uatext.php)"
69.171.234.5 - - [18/Mar/2012:19:04:41 -0700] "GET /s/ta/fmf/ HTTP/1.1" 302 349 "-" "facebookexternalhit/1.1 (+http://www.facebook.com/externalhit_uatext.php)"
69.171.234.7 - - [18/Mar/2012:19:06:40 -0700] "GET /r/1eg5 HTTP/1.1" 301 257 "-" "facebookexternalhit/1.1 (+http://www.facebook.com/externalhit_uatext.php)"
69.171.234.4 - - [18/Mar/2012:19:06:40 -0700] "GET /s/ta/1eg5/ HTTP/1.1" 302 337 "-" "facebookexternalhit/1.1 (+http://www.facebook.com/externalhit_uatext.php)"
67.227.159.84 - - [18/Mar/2012:19:08:14 -0700] "HEAD / HTTP/1.1" 200 0 "http://www.sarathlakshman.com" "Mozilla/4.0 (compatible; MSIE 7.0; Windows NT 5.1; .NET CLR 1.1.4322; .NET CLR 2.0.50727; .NET CLR 3.0.04506.30)"
69.171.234.4 - - [18/Mar/2012:19:08:37 -0700] "GET /r/1eg5 HTTP/1.1" 301 257 "-" "facebookexternalhit/1.1 (+http://www.facebook.com/externalhit_uatext.php)"
69.171.234.5 - - [18/Mar/2012:19:08:37 -0700] "GET /s/ta/1eg5/ HTTP/1.1" 302 337 "-" "facebookexternalhit/1.1 (+http://www.facebook.com/externalhit_uatext.php)"
85.17.88.169 - - [18/Mar/2012:19:10:04 -0700] "POST /blog/wp-cron.php?doing_wp_cron=1332122861 HTTP/1.0" 499 0 "-" "WordPress/3.3.1; http://yuvi.in/blog"
101.226.33.190 - - [18/Mar/2012:19:10:05 -0700] "GET /blog/feed HTTP/1.0" 304 0 "-" "Mozilla/4.0 (compatible; Windows;)"
69.171.234.5 - - [18/Mar/2012:19:10:34 -0700] "GET /r/1eg5 HTTP/1.1" 301 257 "-" "facebookexternalhit/1.1 (+http://www.facebook.com/externalhit_uatext.php)"
69.171.234.7 - - [18/Mar/2012:19:10:34 -0700] "GET /s/ta/1eg5/ HTTP/1.1" 302 337 "-" "facebookexternalhit/1.1 (+http://www.facebook.com/externalhit_uatext.php)"
208.80.194.62 - - [18/Mar/2012:19:11:01 -0700] "GET /blog/wp-content/themes/cleanr/css/960.css HTTP/1.0" 200 3628 "-" "Mozilla/4.0 (compatible; MSIE 6.0; Windows NT 5.1; {A8514915-BF12-430D-4BE9-47077B7F35F2}; .NET CLR 2.0.50727)"
112.79.40.11 - - [18/Mar/2012:19:11:24 -0700] "-" 400 0 "-" "-"
85.17.88.169 - - [18/Mar/2012:19:12:02 -0700] "POST /blog/wp-cron.php?doing_wp_cron=1332122979 HTTP/1.0" 499 0 "-" "WordPress/3.3.1; http://yuvi.in/blog"
180.76.5.187 - - [18/Mar/2012:19:12:02 -0700] "GET /blog/tag/crime/ HTTP/1.1" 200 8148 "-" "Mozilla/5.0 (compatible; Baiduspider/2.0; +http://www.baidu.com/search/spider.html)"
69.171.234.4 - - [18/Mar/2012:19:13:44 -0700] "GET /r/1eg5 HTTP/1.1" 301 257 "-" "facebookexternalhit/1.1 (+http://www.facebook.com/externalhit_uatext.php)"
69.171.234.2 - - [18/Mar/2012:19:13:44 -0700] "GET /s/ta/1eg5/ HTTP/1.1" 302 337 "-" "facebookexternalhit/1.1 (+http://www.facebook.com/externalhit_uatext.php)"
85.17.88.169 - - [18/Mar/2012:19:15:39 -0700] "POST /blog/wp-cron.php?doing_wp_cron=1332123197 HTTP/1.0" 499 0 "-" "WordPress/3.3.1; http://yuvi.in/blog"
66.249.67.123 - - [18/Mar/2012:19:15:40 -0700] "GET /blog/moving-back-to-wordpress/feed/ HTTP/1.1" 200 1208 "-" "Mozilla/5.0 (compatible; Googlebot/2.1; +http://www.google.com/bot.html)"
85.17.88.169 - - [18/Mar/2012:19:15:52 -0700] "POST /blog/wp-cron.php?doing_wp_cron=1332123210 HTTP/1.0" 499 0 "-" "WordPress/3.3.1; http://yuvi.in/blog"
180.76.5.188 - - [18/Mar/2012:19:15:53 -0700] "GET /blog/sicp-and-brainfuck/feed/ HTTP/1.1" 200 744 "-" "Mozilla/5.0 (compatible; Baiduspider/2.0; +http://www.baidu.com/search/spider.html)"
85.17.88.169 - - [18/Mar/2012:19:15:55 -0700] "POST /blog/wp-cron.php?doing_wp_cron=1332123212 HTTP/1.0" 499 0 "-" "WordPress/3.3.1; http://yuvi.in/blog"
213.186.127.13 - - [18/Mar/2012:19:15:55 -0700] "GET /blog/tag/link/ HTTP/1.1" 200 7132 "-" "Mozilla/5.0 (compatible; AhrefsBot/2.0; +http://ahrefs.com/robot/)"
66.220.146.246 - - [18/Mar/2012:19:16:30 -0700] "GET /r/252 HTTP/1.1" 301 255 "-" "facebookexternalhit/1.1 (+http://www.facebook.com/externalhit_uatext.php)"
66.220.146.245 - - [18/Mar/2012:19:16:30 -0700] "GET /s/ta/252/ HTTP/1.1" 302 461 "-" "facebookexternalhit/1.1 (+http://www.facebook.com/externalhit_uatext.php)"
85.17.88.169 - - [18/Mar/2012:19:16:31 -0700] "POST /blog/wp-cron.php?doing_wp_cron=1332123248 HTTP/1.0" 499 0 "-" "WordPress/3.3.1; http://yuvi.in/blog"
66.249.67.123 - - [18/Mar/2012:19:16:31 -0700] "GET /blog/devlog-jan-2011/ HTTP/1.1" 200 7023 "-" "Mozilla/5.0 (compatible; Googlebot/2.1; +http://www.google.com/bot.html)"
69.171.234.3 - - [18/Mar/2012:19:16:34 -0700] "GET /r/1eg5 HTTP/1.1" 301 257 "-" "facebookexternalhit/1.1 (+http://www.facebook.com/externalhit_uatext.php)"
69.171.234.5 - - [18/Mar/2012:19:16:34 -0700] "GET /s/ta/1eg5/ HTTP/1.1" 302 337 "-" "facebookexternalhit/1.1 (+http://www.facebook.com/externalhit_uatext.php)"
85.17.88.169 - - [18/Mar/2012:19:17:00 -0700] "POST /blog/wp-cron.php?doing_wp_cron=1332123278 HTTP/1.0" 499 0 "-" "WordPress/3.3.1; http://yuvi.in/blog"
208.115.113.84 - - [18/Mar/2012:19:17:01 -0700] "GET /blog/program/trackback/ HTTP/1.1" 302 0 "-" "Mozilla/5.0 (compatible; Ezooms/1.0; ezooms.bot@gmail.com)"
85.17.88.169 - - [18/Mar/2012:19:17:18 -0700] "POST /blog/wp-cron.php?doing_wp_cron=1332123296 HTTP/1.0" 499 0 "-" "WordPress/3.3.1; http://yuvi.in/blog"
66.249.67.123 - - [18/Mar/2012:19:17:18 -0700] "GET /blog/tag/link/feed/ HTTP/1.1" 200 9945 "-" "Mozilla/5.0 (compatible; Googlebot/2.1; +http://www.google.com/bot.html)"
84.235.72.49 - - [18/Mar/2012:19:18:18 -0700] "GET /r/1hv8 HTTP/1.1" 301 257 "http://ta.wikipedia.org/wiki/%E0%AE%A4%E0%AF%80%E0%AE%AE%E0%AF%8D%E0%AE%AA%E0%AF%8A%E0%AE%B0%E0%AF%81%E0%AE%B3%E0%AF%8D" "Mozilla/5.0 (compatible; MSIE 9.0; Windows NT 6.1; Trident/5.0)"
84.235.72.49 - - [18/Mar/2012:19:18:19 -0700] "GET /s/ta/1hv8/ HTTP/1.1" 302 385 "http://ta.wikipedia.org/wiki/%E0%AE%A4%E0%AF%80%E0%AE%AE%E0%AF%8D%E0%AE%AA%E0%AF%8A%E0%AE%B0%E0%AF%81%E0%AE%B3%E0%AF%8D" "Mozilla/5.0 (compatible; MSIE 9.0; Windows NT 6.1; Trident/5.0)"
69.171.234.4 - - [18/Mar/2012:19:19:26 -0700] "GET /r/1eg5 HTTP/1.1" 301 257 "-" "facebookexternalhit/1.1 (+http://www.facebook.com/externalhit_uatext.php)"
69.171.234.0 - - [18/Mar/2012:19:19:26 -0700] "GET /s/ta/1eg5/ HTTP/1.1" 302 337 "-" "facebookexternalhit/1.1 (+http://www.facebook.com/externalhit_uatext.php)"
141.0.10.196 - - [18/Mar/2012:19:20:02 -0700] "-" 400 0 "-" "-"
59.92.139.190 - - [18/Mar/2012:19:21:14 -0700] "GET /r/5z1 HTTP/1.1" 301 255 "http://ta.wikipedia.org/wiki/%E0%AE%AA%E0%AE%95%E0%AF%81%E0%AE%AA%E0%AF%8D%E0%AE%AA%E0%AF%81:%E0%AE%B5%E0%AE%A3%E0%AE%BF%E0%AE%95%E0%AE%B5%E0%AE%BF%E0%AE%AF%E0%AE%B2%E0%AF%8D" "Mozilla/5.0 (Windows NT 5.1; rv:9.0.1) Gecko/20100101 Firefox/9.0.1"
59.92.139.190 - - [18/Mar/2012:19:21:15 -0700] "GET /s/ta/5z1/ HTTP/1.1" 302 459 "http://ta.wikipedia.org/wiki/%E0%AE%AA%E0%AE%95%E0%AF%81%E0%AE%AA%E0%AF%8D%E0%AE%AA%E0%AF%81:%E0%AE%B5%E0%AE%A3%E0%AE%BF%E0%AE%95%E0%AE%B5%E0%AE%BF%E0%AE%AF%E0%AE%B2%E0%AF%8D" "Mozilla/5.0 (Windows NT 5.1; rv:9.0.1) Gecko/20100101 Firefox/9.0.1"
59.92.139.190 - - [18/Mar/2012:19:21:19 -0700] "-" 400 0 "-" "-"
69.171.234.7 - - [18/Mar/2012:19:22:04 -0700] "GET /r/1eg5 HTTP/1.1" 301 257 "-" "facebookexternalhit/1.1 (+http://www.facebook.com/externalhit_uatext.php)"
69.171.234.4 - - [18/Mar/2012:19:22:04 -0700] "GET /s/ta/1eg5/ HTTP/1.1" 302 337 "-" "facebookexternalhit/1.1 (+http://www.facebook.com/externalhit_uatext.php)"
69.171.234.0 - - [18/Mar/2012:19:23:01 -0700] "GET /r/1x7m HTTP/1.1" 301 257 "-" "facebookexternalhit/1.1 (+http://www.facebook.com/externalhit_uatext.php)"
69.171.234.4 - - [18/Mar/2012:19:23:01 -0700] "GET /s/ta/1x7m/ HTTP/1.1" 302 513 "-" "facebookexternalhit/1.1 (+http://www.facebook.com/externalhit_uatext.php)"
69.171.234.0 - - [18/Mar/2012:19:24:01 -0700] "GET /r/1eg5 HTTP/1.1" 301 257 "-" "facebookexternalhit/1.1 (+http://www.facebook.com/externalhit_uatext.php)"
69.171.234.6 - - [18/Mar/2012:19:24:01 -0700] "GET /s/ta/1eg5/ HTTP/1.1" 302 337 "-" "facebookexternalhit/1.1 (+http://www.facebook.com/externalhit_uatext.php)"
117.193.237.22 - - [18/Mar/2012:19:26:22 -0700] "-" 400 0 "-" "-"
117.193.237.22 - - [18/Mar/2012:19:26:22 -0700] "-" 400 0 "-" "-"
117.193.237.22 - - [18/Mar/2012:19:26:22 -0700] "-" 400 0 "-" "-"
117.193.237.22 - - [18/Mar/2012:19:26:22 -0700] "-" 400 0 "-" "-"
69.171.234.3 - - [18/Mar/2012:19:26:23 -0700] "GET /r/1eg5 HTTP/1.1" 301 257 "-" "facebookexternalhit/1.1 (+http://www.facebook.com/externalhit_uatext.php)"
69.171.234.5 - - [18/Mar/2012:19:26:23 -0700] "GET /s/ta/1eg5/ HTTP/1.1" 302 337 "-" "facebookexternalhit/1.1 (+http://www.facebook.com/externalhit_uatext.php)"
117.193.237.22 - - [18/Mar/2012:19:27:32 -0700] "-" 400 0 "-" "-"
69.171.234.7 - - [18/Mar/2012:19:31:03 -0700] "GET /r/1eg5 HTTP/1.1" 301 257 "-" "facebookexternalhit/1.1 (+http://www.facebook.com/externalhit_uatext.php)"
69.171.234.5 - - [18/Mar/2012:19:31:03 -0700] "GET /s/ta/1eg5/ HTTP/1.1" 302 337 "-" "facebookexternalhit/1.1 (+http://www.facebook.com/externalhit_uatext.php)"
69.171.234.6 - - [18/Mar/2012:19:32:22 -0700] "GET /r/1eg5 HTTP/1.1" 301 257 "-" "facebookexternalhit/1.1 (+http://www.facebook.com/externalhit_uatext.php)"
69.171.234.4 - - [18/Mar/2012:19:32:22 -0700] "GET /s/ta/1eg5/ HTTP/1.1" 302 337 "-" "facebookexternalhit/1.1 (+http://www.facebook.com/externalhit_uatext.php)"
213.186.127.13 - - [18/Mar/2012:19:33:14 -0700] "GET /r/2sxy HTTP/1.1" 301 257 "-" "Mozilla/5.0 (compatible; AhrefsBot/2.0; +http://ahrefs.com/robot/)"
85.17.88.169 - - [18/Mar/2012:19:34:10 -0700] "POST /blog/wp-cron.php?doing_wp_cron=1332124307 HTTP/1.0" 499 0 "-" "WordPress/3.3.1; http://yuvi.in/blog"
180.76.6.232 - - [18/Mar/2012:19:34:10 -0700] "GET /blog/ihave-a-motorbike/feed/ HTTP/1.1" 200 742 "-" "Mozilla/5.0 (compatible; Baiduspider/2.0; +http://www.baidu.com/search/spider.html)"
69.171.234.7 - - [18/Mar/2012:19:37:20 -0700] "GET /r/1eg5 HTTP/1.1" 301 257 "-" "facebookexternalhit/1.1 (+http://www.facebook.com/externalhit_uatext.php)"
69.171.234.0 - - [18/Mar/2012:19:37:20 -0700] "GET /s/ta/1eg5/ HTTP/1.1" 302 337 "-" "facebookexternalhit/1.1 (+http://www.facebook.com/externalhit_uatext.php)"
85.17.88.169 - - [18/Mar/2012:19:38:04 -0700] "POST /blog/wp-cron.php?doing_wp_cron=1332124542 HTTP/1.0" 499 0 "-" "WordPress/3.3.1; http://yuvi.in/blog"
209.85.224.95 - - [18/Mar/2012:19:38:05 -0700] "GET /blog/feed HTTP/1.1" 304 0 "-" "FeedBurner/1.0 (http://www.FeedBurner.com)"
207.46.204.163 - - [18/Mar/2012:19:38:56 -0700] "-" 400 0 "-" "-"
207.46.204.163 - - [18/Mar/2012:19:38:57 -0700] "-" 400 0 "-" "-"
207.46.204.163 - - [18/Mar/2012:19:38:58 -0700] "-" 400 0 "-" "-"
207.46.204.163 - - [18/Mar/2012:19:38:58 -0700] "-" 400 0 "-" "-"
207.46.204.163 - - [18/Mar/2012:19:38:59 -0700] "-" 400 0 "-" "-"
207.46.204.163 - - [18/Mar/2012:19:38:59 -0700] "-" 400 0 "-" "-"
207.46.204.163 - - [18/Mar/2012:19:38:59 -0700] "-" 400 0 "-" "-"
207.46.204.163 - - [18/Mar/2012:19:38:59 -0700] "-" 400 0 "-" "-"
207.46.204.163 - - [18/Mar/2012:19:39:00 -0700] "-" 400 0 "-" "-"
207.46.204.163 - - [18/Mar/2012:19:39:00 -0700] "-" 400 0 "-" "-"
207.46.204.163 - - [18/Mar/2012:19:39:27 -0700] "-" 400 0 "-" "-"
69.171.234.2 - - [18/Mar/2012:19:40:00 -0700] "GET /r/2x9l HTTP/1.1" 301 257 "-" "facebookexternalhit/1.1 (+http://www.facebook.com/externalhit_uatext.php)"
69.171.234.0 - - [18/Mar/2012:19:40:00 -0700] "GET /s/ta/2x9l/ HTTP/1.1" 302 583 "-" "facebookexternalhit/1.1 (+http://www.facebook.com/externalhit_uatext.php)"
69.171.234.4 - - [18/Mar/2012:19:40:05 -0700] "GET /r/2bzj HTTP/1.1" 301 257 "-" "facebookexternalhit/1.1 (+http://www.facebook.com/externalhit_uatext.php)"
69.171.234.5 - - [18/Mar/2012:19:40:05 -0700] "GET /s/ta/2bzj/ HTTP/1.1" 302 577 "-" "facebookexternalhit/1.1 (+http://www.facebook.com/externalhit_uatext.php)"
69.171.234.1 - - [18/Mar/2012:19:42:08 -0700] "GET /r/1eg5 HTTP/1.1" 301 257 "-" "facebookexternalhit/1.1 (+http://www.facebook.com/externalhit_uatext.php)"
69.171.234.3 - - [18/Mar/2012:19:42:08 -0700] "GET /s/ta/1eg5/ HTTP/1.1" 302 337 "-" "facebookexternalhit/1.1 (+http://www.facebook.com/externalhit_uatext.php)"
180.76.5.58 - - [18/Mar/2012:19:42:48 -0700] "GET / HTTP/1.1" 200 3439 "-" "Mozilla/5.0 (compatible; Baiduspider/2.0; +http://www.baidu.com/search/spider.html)"
85.17.88.169 - - [18/Mar/2012:19:43:22 -0700] "POST /blog/wp-cron.php?doing_wp_cron=1332124860 HTTP/1.0" 499 0 "-" "WordPress/3.3.1; http://yuvi.in/blog"
209.85.238.115 - - [18/Mar/2012:19:43:23 -0700] "GET /blog/feed HTTP/1.1" 301 0 "-" "Feedfetcher-Google; (+http://www.google.com/feedfetcher.html; 3 subscribers; feed-id=17684830852112633560)"
85.17.88.169 - - [18/Mar/2012:19:43:25 -0700] "POST /blog/wp-cron.php?doing_wp_cron=1332124862 HTTP/1.0" 499 0 "-" "WordPress/3.3.1; http://yuvi.in/blog"
209.85.238.115 - - [18/Mar/2012:19:43:25 -0700] "GET /blog/feed/ HTTP/1.1" 304 0 "-" "Feedfetcher-Google; (+http://www.google.com/feedfetcher.html; 3 subscribers; feed-id=17684830852112633560)"
69.171.234.5 - - [18/Mar/2012:19:44:31 -0700] "GET /r/1eg5 HTTP/1.1" 301 257 "-" "facebookexternalhit/1.1 (+http://www.facebook.com/externalhit_uatext.php)"
69.171.234.4 - - [18/Mar/2012:19:44:31 -0700] "GET /s/ta/1eg5/ HTTP/1.1" 302 337 "-" "facebookexternalhit/1.1 (+http://www.facebook.com/externalhit_uatext.php)"
69.171.234.1 - - [18/Mar/2012:19:45:39 -0700] "GET /r/1eg5 HTTP/1.1" 301 257 "-" "facebookexternalhit/1.1 (+http://www.facebook.com/externalhit_uatext.php)"
69.171.234.3 - - [18/Mar/2012:19:45:39 -0700] "GET /s/ta/1eg5/ HTTP/1.1" 302 337 "-" "facebookexternalhit/1.1 (+http://www.facebook.com/externalhit_uatext.php)"
85.17.88.169 - - [18/Mar/2012:19:45:43 -0700] "POST /blog/wp-cron.php?doing_wp_cron=1332125001 HTTP/1.0" 499 0 "-" "WordPress/3.3.1; http://yuvi.in/blog"
209.85.238.115 - - [18/Mar/2012:19:45:44 -0700] "GET /blog/feed/ HTTP/1.1" 304 0 "-" "Feedfetcher-Google; (+http://www.google.com/feedfetcher.html; 19 subscribers; feed-id=15064232456473204253)"
117.193.109.17 - - [18/Mar/2012:19:45:59 -0700] "-" 400 0 "-" "-"
117.193.235.45 - - [18/Mar/2012:19:47:01 -0700] "-" 400 0 "-" "-"
117.193.235.45 - - [18/Mar/2012:19:47:01 -0700] "-" 400 0 "-" "-"
117.193.235.45 - - [18/Mar/2012:19:47:01 -0700] "-" 400 0 "-" "-"
117.193.235.45 - - [18/Mar/2012:19:47:01 -0700] "-" 400 0 "-" "-"
117.193.235.45 - - [18/Mar/2012:19:47:01 -0700] "-" 400 0 "-" "-"
117.193.235.45 - - [18/Mar/2012:19:47:01 -0700] "-" 400 0 "-" "-"
69.171.234.0 - - [18/Mar/2012:19:48:15 -0700] "GET /r/1eg5 HTTP/1.1" 301 257 "-" "facebookexternalhit/1.1 (+http://www.facebook.com/externalhit_uatext.php)"
69.171.234.0 - - [18/Mar/2012:19:48:15 -0700] "GET /s/ta/1eg5/ HTTP/1.1" 302 337 "-" "facebookexternalhit/1.1 (+http://www.facebook.com/externalhit_uatext.php)"
69.171.234.2 - - [18/Mar/2012:19:50:16 -0700] "GET /r/1eg5 HTTP/1.1" 301 257 "-" "facebookexternalhit/1.1 (+http://www.facebook.com/externalhit_uatext.php)"
69.171.234.6 - - [18/Mar/2012:19:50:16 -0700] "GET /s/ta/1eg5/ HTTP/1.1" 302 337 "-" "facebookexternalhit/1.1 (+http://www.facebook.com/externalhit_uatext.php)"
117.193.109.17 - - [18/Mar/2012:19:52:57 -0700] "-" 400 0 "-" "-"
85.17.88.169 - - [18/Mar/2012:19:52:57 -0700] "POST /blog/wp-cron.php?doing_wp_cron=1332125435 HTTP/1.0" 499 0 "-" "WordPress/3.3.1; http://yuvi.in/blog"
94.228.34.248 - - [18/Mar/2012:19:52:58 -0700] "GET /blog/ HTTP/1.1" 200 10128 "-" "magpie-crawler/1.1 (U; Linux amd64; en-GB; +http://www.brandwatch.net)"
69.171.234.4 - - [18/Mar/2012:19:53:03 -0700] "GET /r/1eg5 HTTP/1.1" 301 257 "-" "facebookexternalhit/1.1 (+http://www.facebook.com/externalhit_uatext.php)"
69.171.234.7 - - [18/Mar/2012:19:53:03 -0700] "GET /s/ta/1eg5/ HTTP/1.1" 302 337 "-" "facebookexternalhit/1.1 (+http://www.facebook.com/externalhit_uatext.php)"
123.238.9.47 - - [18/Mar/2012:19:53:46 -0700] "-" 400 0 "-" "-"
123.238.9.47 - - [18/Mar/2012:19:53:46 -0700] "-" 400 0 "-" "-"
123.238.9.47 - - [18/Mar/2012:19:53:46 -0700] "-" 400 0 "-" "-"
123.238.9.47 - - [18/Mar/2012:19:53:46 -0700] "-" 400 0 "-" "-"
123.238.9.47 - - [18/Mar/2012:19:53:46 -0700] "-" 400 0 "-" "-"
123.238.9.47 - - [18/Mar/2012:19:54:03 -0700] "-" 400 0 "-" "-"
123.238.9.47 - - [18/Mar/2012:19:54:03 -0700] "-" 400 0 "-" "-"
123.238.9.47 - - [18/Mar/2012:19:54:03 -0700] "-" 400 0 "-" "-"
123.238.9.47 - - [18/Mar/2012:19:54:58 -0700] "-" 400 0 "-" "-"
123.238.9.47 - - [18/Mar/2012:19:54:58 -0700] "-" 400 0 "-" "-"
123.238.9.47 - - [18/Mar/2012:19:54:59 -0700] "-" 400 0 "-" "-"
123.238.9.47 - - [18/Mar/2012:19:54:59 -0700] "-" 400 0 "-" "-"
123.238.9.47 - - [18/Mar/2012:19:54:59 -0700] "-" 400 0 "-" "-"
85.17.88.169 - - [18/Mar/2012:19:55:55 -0700] "POST /blog/wp-cron.php?doing_wp_cron=1332125612 HTTP/1.0" 499 0 "-" "WordPress/3.3.1; http://yuvi.in/blog"
180.76.6.37 - - [18/Mar/2012:19:55:55 -0700] "GET /blog/feed/atom/ HTTP/1.1" 200 24093 "-" "Mozilla/5.0 (compatible; Baiduspider/2.0; +http://www.baidu.com/search/spider.html)"
123.238.9.47 - - [18/Mar/2012:19:57:05 -0700] "-" 400 0 "-" "-"
71.72.30.62 - - [18/Mar/2012:19:58:35 -0700] "GET /robots.txt HTTP/1.1" 404 169 "-" "SEOENGWorldBot/1.0 (+http://www.seoengine.com/seoengbot.htm)"
71.72.30.62 - - [18/Mar/2012:19:58:36 -0700] "GET / HTTP/1.1" 200 3439 "-" "SEOENGWorldBot/1.0 (+http://www.seoengine.com/seoengbot.htm)"
122.165.64.16 - - [18/Mar/2012:19:59:58 -0700] "GET /r/5m3 HTTP/1.1" 301 255 "http://ta.wikipedia.org/wiki/%E0%AE%B5%E0%AF%87%E0%AE%B2%E0%AF%81%E0%AE%AA%E0%AF%8D%E0%AE%AA%E0%AE%BF%E0%AE%B3%E0%AF%8D%E0%AE%B3%E0%AF%88_%E0%AE%AA%E0%AE%BF%E0%AE%B0%E0%AE%AA%E0%AE%BE%E0%AE%95%E0%AE%B0%E0%AE%A9%E0%AF%8D" "Mozilla/5.0 (Windows NT 6.1; WOW64; rv:11.0) Gecko/20100101 Firefox/11.0"
122.165.64.16 - - [18/Mar/2012:19:59:58 -0700] "GET /s/ta/5m3/ HTTP/1.1" 302 521 "http://ta.wikipedia.org/wiki/%E0%AE%B5%E0%AF%87%E0%AE%B2%E0%AF%81%E0%AE%AA%E0%AF%8D%E0%AE%AA%E0%AE%BF%E0%AE%B3%E0%AF%8D%E0%AE%B3%E0%AF%88_%E0%AE%AA%E0%AE%BF%E0%AE%B0%E0%AE%AA%E0%AE%BE%E0%AE%95%E0%AE%B0%E0%AE%A9%E0%AF%8D" "Mozilla/5.0 (Windows NT 6.1; WOW64; rv:11.0) Gecko/20100101 Firefox/11.0"
122.165.64.16 - - [18/Mar/2012:20:00:04 -0700] "-" 400 0 "-" "-"
117.193.235.45 - - [18/Mar/2012:20:00:16 -0700] "-" 400 0 "-" "-"
123.238.9.47 - - [18/Mar/2012:20:00:42 -0700] "-" 400 0 "-" "-"
207.46.204.167 - - [18/Mar/2012:20:01:25 -0700] "-" 400 0 "-" "-"
207.46.204.167 - - [18/Mar/2012:20:01:26 -0700] "-" 400 0 "-" "-"
207.46.204.167 - - [18/Mar/2012:20:01:27 -0700] "-" 400 0 "-" "-"
207.46.204.167 - - [18/Mar/2012:20:01:27 -0700] "-" 400 0 "-" "-"
207.46.204.167 - - [18/Mar/2012:20:01:27 -0700] "-" 400 0 "-" "-"
207.46.204.167 - - [18/Mar/2012:20:01:28 -0700] "-" 400 0 "-" "-"
207.46.204.167 - - [18/Mar/2012:20:01:28 -0700] "-" 400 0 "-" "-"
207.46.204.167 - - [18/Mar/2012:20:01:28 -0700] "-" 400 0 "-" "-"
207.46.204.167 - - [18/Mar/2012:20:01:28 -0700] "-" 400 0 "-" "-"
207.46.204.167 - - [18/Mar/2012:20:01:29 -0700] "-" 400 0 "-" "-"
117.193.235.45 - - [18/Mar/2012:20:01:56 -0700] "-" 400 0 "-" "-"
117.193.235.45 - - [18/Mar/2012:20:01:56 -0700] "-" 400 0 "-" "-"
203.110.238.17 - - [18/Mar/2012:20:03:26 -0700] "GET /favicon.ico HTTP/1.1" 404 142 "http://prashanth-kamle.blogspot.in/2009/08/few-people-i-admire-most.html" "Mozilla/5.0 (Macintosh; Intel Mac OS X 10.6; rv:5.0) Gecko/20100101 Firefox/5.0"
117.193.235.45 - - [18/Mar/2012:20:03:36 -0700] "-" 400 0 "-" "-"
117.193.235.45 - - [18/Mar/2012:20:03:36 -0700] "-" 400 0 "-" "-"
117.193.235.45 - - [18/Mar/2012:20:03:36 -0700] "-" 400 0 "-" "-"
117.193.235.45 - - [18/Mar/2012:20:03:36 -0700] "-" 400 0 "-" "-"
117.193.235.45 - - [18/Mar/2012:20:03:36 -0700] "-" 400 0 "-" "-"
117.193.235.45 - - [18/Mar/2012:20:03:36 -0700] "-" 400 0 "-" "-"
117.193.235.45 - - [18/Mar/2012:20:05:06 -0700] "-" 400 0 "-" "-"
122.178.18.65 - - [18/Mar/2012:20:10:47 -0700] "-" 400 0 "-" "-"
187.38.155.242 - - [18/Mar/2012:20:11:37 -0700] "GET /blog/category/personal/ HTTP/1.1" 200 46034 "-" "Mozilla/5.0 (compatible; Googlebot/2.1; +http://www.google.com/bot.html)"
122.174.61.248 - - [18/Mar/2012:20:11:55 -0700] "-" 400 0 "-" "-"
208.80.194.32 - - [18/Mar/2012:20:12:55 -0700] "GET / HTTP/1.0" 200 3439 "-" "Mozilla/4.0 (compatible; MSIE 6.0; Windows NT 5.1; ESB{4B4501F6-1AD0-4BC1-8786-FF7797B52DFA}; SV1; .NET CLR 1.1.4322)"
85.17.88.169 - - [18/Mar/2012:20:13:38 -0700] "POST /blog/wp-cron.php?doing_wp_cron=1332126675 HTTP/1.0" 499 0 "-" "WordPress/3.3.1; http://yuvi.in/blog"
209.85.224.99 - - [18/Mar/2012:20:13:39 -0700] "GET /blog/feed HTTP/1.1" 304 0 "-" "FeedBurner/1.0 (http://www.FeedBurner.com)"
85.17.88.169 - - [18/Mar/2012:20:16:04 -0700] "POST /blog/wp-cron.php?doing_wp_cron=1332126822 HTTP/1.0" 499 0 "-" "WordPress/3.3.1; http://yuvi.in/blog"
97.117.96.3 - - [18/Mar/2012:20:16:05 -0700] "GET /blog/favicon.ico HTTP/1.1" 404 3016 "-" "Mozilla/5.0 (Windows NT 5.1; rv:11.0) Gecko/20100101 Firefox/11.0"
117.193.104.14 - - [18/Mar/2012:20:16:20 -0700] "-" 400 0 "-" "-"
117.193.104.14 - - [18/Mar/2012:20:16:20 -0700] "-" 400 0 "-" "-"
117.193.104.14 - - [18/Mar/2012:20:16:20 -0700] "-" 400 0 "-" "-"
117.193.104.14 - - [18/Mar/2012:20:16:20 -0700] "-" 400 0 "-" "-"
117.193.104.14 - - [18/Mar/2012:20:16:20 -0700] "-" 400 0 "-" "-"
69.171.228.245 - - [18/Mar/2012:20:16:41 -0700] "GET /r/1hea HTTP/1.1" 301 257 "-" "facebookexternalhit/1.1 (+http://www.facebook.com/externalhit_uatext.php)"
69.171.228.249 - - [18/Mar/2012:20:16:41 -0700] "GET /s/ta/1hea/ HTTP/1.1" 302 437 "-" "facebookexternalhit/1.1 (+http://www.facebook.com/externalhit_uatext.php)"
69.171.224.248 - - [18/Mar/2012:20:16:48 -0700] "GET /r/1gux HTTP/1.1" 301 257 "-" "facebookexternalhit/1.1 (+http://www.facebook.com/externalhit_uatext.php)"
69.171.224.250 - - [18/Mar/2012:20:16:48 -0700] "GET /s/ta/1gux/ HTTP/1.1" 302 409 "-" "facebookexternalhit/1.1 (+http://www.facebook.com/externalhit_uatext.php)"
85.17.88.169 - - [18/Mar/2012:20:18:18 -0700] "POST /blog/wp-cron.php?doing_wp_cron=1332126955 HTTP/1.0" 499 0 "-" "WordPress/3.3.1; http://yuvi.in/blog"
66.220.149.245 - - [18/Mar/2012:20:18:18 -0700] "GET /blog/story-average-indian-techie/ HTTP/1.1" 200 14155 "-" "facebookexternalhit/1.1 (+http://www.facebook.com/externalhit_uatext.php)"
209.85.224.89 - - [18/Mar/2012:20:21:38 -0700] "GET /stories/feed HTTP/1.1" 200 13653 "-" "FeedBurner/1.0 (http://www.FeedBurner.com)"
115.184.36.231 - - [18/Mar/2012:20:21:49 -0700] "-" 400 0 "-" "-"
115.184.36.231 - - [18/Mar/2012:20:21:49 -0700] "-" 400 0 "-" "-"
115.184.36.231 - - [18/Mar/2012:20:21:49 -0700] "-" 400 0 "-" "-"
115.184.36.231 - - [18/Mar/2012:20:21:50 -0700] "-" 400 0 "-" "-"
85.17.88.169 - - [18/Mar/2012:20:22:26 -0700] "POST /blog/wp-cron.php?doing_wp_cron=1332127203 HTTP/1.0" 499 0 "-" "WordPress/3.3.1; http://yuvi.in/blog"
180.76.6.36 - - [18/Mar/2012:20:22:27 -0700] "GET /blog/block-cursor-vs-post-cursor-gvim-vs-emacs/feed/ HTTP/1.1" 200 815 "-" "Mozilla/5.0 (compatible; Baiduspider/2.0; +http://www.baidu.com/search/spider.html)"
115.184.36.231 - - [18/Mar/2012:20:22:35 -0700] "-" 400 0 "-" "-"
115.184.36.231 - - [18/Mar/2012:20:22:35 -0700] "-" 400 0 "-" "-"
69.171.228.246 - - [18/Mar/2012:20:23:08 -0700] "GET /r/1x7m HTTP/1.1" 301 257 "-" "facebookexternalhit/1.1 (+http://www.facebook.com/externalhit_uatext.php)"
69.171.228.250 - - [18/Mar/2012:20:23:08 -0700] "GET /s/ta/1x7m/ HTTP/1.1" 302 513 "-" "facebookexternalhit/1.1 (+http://www.facebook.com/externalhit_uatext.php)"
117.202.141.49 - - [18/Mar/2012:20:23:25 -0700] "-" 400 0 "-" "-"
117.202.141.49 - - [18/Mar/2012:20:24:38 -0700] "-" 400 0 "-" "-"
67.215.230.28 - - [18/Mar/2012:20:27:27 -0700] "GET /robots.txt HTTP/1.0" 404 169 "-" "Setooz/Nutch-1.2 (http://www.setooz.com)"
67.215.230.28 - - [18/Mar/2012:20:27:27 -0700] "GET /stories HTTP/1.0" 301 185 "-" "Setooz/Nutch-1.2 (http://www.setooz.com)"
67.215.230.28 - - [18/Mar/2012:20:27:33 -0700] "GET /robots.txt HTTP/1.0" 404 169 "-" "Setooz/Nutch-1.2 (http://www.setooz.com)"
67.215.230.28 - - [18/Mar/2012:20:27:33 -0700] "GET / HTTP/1.0" 200 3439 "-" "Setooz/Nutch-1.2 (http://www.setooz.com)"
115.184.36.231 - - [18/Mar/2012:20:30:38 -0700] "-" 400 0 "-" "-"
85.17.88.169 - - [18/Mar/2012:20:32:36 -0700] "POST /blog/wp-cron.php?doing_wp_cron=1332127813 HTTP/1.0" 499 0 "-" "WordPress/3.3.1; http://yuvi.in/blog"
66.135.57.47 - - [18/Mar/2012:20:32:37 -0700] "GET /blog/my-vimrc/ HTTP/1.0" 200 16009 "-" "Mozilla/5.0 (Windows; U; Windows NT 5.1; rv:1.7.3) Gecko/20041001 Firefox/0.10.1"
85.17.88.169 - - [18/Mar/2012:20:32:39 -0700] "POST /blog/wp-cron.php?doing_wp_cron=1332127816 HTTP/1.0" 499 0 "-" "WordPress/3.3.1; http://yuvi.in/blog"
66.135.57.47 - - [18/Mar/2012:20:32:40 -0700] "GET /blog/college-drop/ HTTP/1.0" 200 18395 "-" "Mozilla/5.0 (Windows; U; Windows NT 5.1; rv:1.7.3) Gecko/20041001 Firefox/0.10.1"
85.17.88.169 - - [18/Mar/2012:20:32:43 -0700] "POST /blog/wp-cron.php?doing_wp_cron=1332127820 HTTP/1.0" 499 0 "-" "WordPress/3.3.1; http://yuvi.in/blog"
66.135.57.47 - - [18/Mar/2012:20:32:43 -0700] "GET /blog/passing-headers-proxying-nginx/ HTTP/1.0" 200 16690 "-" "Mozilla/5.0 (Windows; U; Windows NT 5.1; rv:1.7.3) Gecko/20041001 Firefox/0.10.1"
85.17.88.169 - - [18/Mar/2012:20:32:46 -0700] "POST /blog/wp-cron.php?doing_wp_cron=1332127823 HTTP/1.0" 499 0 "-" "WordPress/3.3.1; http://yuvi.in/blog"
66.135.57.47 - - [18/Mar/2012:20:32:47 -0700] "GET /blog/program/ HTTP/1.0" 200 27214 "-" "Mozilla/5.0 (Windows; U; Windows NT 5.1; rv:1.7.3) Gecko/20041001 Firefox/0.10.1"
85.17.88.169 - - [18/Mar/2012:20:32:49 -0700] "POST /blog/wp-cron.php?doing_wp_cron=1332127826 HTTP/1.0" 499 0 "-" "WordPress/3.3.1; http://yuvi.in/blog"
66.135.57.47 - - [18/Mar/2012:20:32:50 -0700] "GET /blog/devlog-december-26-2011/ HTTP/1.0" 200 16694 "-" "Mozilla/5.0 (Windows; U; Windows NT 5.1; rv:1.7.3) Gecko/20041001 Firefox/0.10.1"
85.17.88.169 - - [18/Mar/2012:20:32:52 -0700] "POST /blog/wp-cron.php?doing_wp_cron=1332127829 HTTP/1.0" 499 0 "-" "WordPress/3.3.1; http://yuvi.in/blog"
66.135.57.47 - - [18/Mar/2012:20:32:52 -0700] "GET /blog/devlog-december-23-2011/ HTTP/1.0" 200 16517 "-" "Mozilla/5.0 (Windows; U; Windows NT 5.1; rv:1.7.3) Gecko/20041001 Firefox/0.10.1"
85.17.88.169 - - [18/Mar/2012:20:32:55 -0700] "POST /blog/wp-cron.php?doing_wp_cron=1332127832 HTTP/1.0" 499 0 "-" "WordPress/3.3.1; http://yuvi.in/blog"
66.135.57.47 - - [18/Mar/2012:20:32:56 -0700] "GET /blog/devlog-december-21-2011/ HTTP/1.0" 200 17121 "-" "Mozilla/5.0 (Windows; U; Windows NT 5.1; rv:1.7.3) Gecko/20041001 Firefox/0.10.1"
85.17.88.169 - - [18/Mar/2012:20:32:58 -0700] "POST /blog/wp-cron.php?doing_wp_cron=1332127835 HTTP/1.0" 499 0 "-" "WordPress/3.3.1; http://yuvi.in/blog"
66.135.57.47 - - [18/Mar/2012:20:32:59 -0700] "GET /blog/devlog-december-11-2011/ HTTP/1.0" 200 16592 "-" "Mozilla/5.0 (Windows; U; Windows NT 5.1; rv:1.7.3) Gecko/20041001 Firefox/0.10.1"
85.17.88.169 - - [18/Mar/2012:20:33:01 -0700] "POST /blog/wp-cron.php?doing_wp_cron=1332127838 HTTP/1.0" 499 0 "-" "WordPress/3.3.1; http://yuvi.in/blog"
66.135.57.47 - - [18/Mar/2012:20:33:02 -0700] "GET /blog/devlog-december-10-2011/ HTTP/1.0" 200 16387 "-" "Mozilla/5.0 (Windows; U; Windows NT 5.1; rv:1.7.3) Gecko/20041001 Firefox/0.10.1"
85.17.88.169 - - [18/Mar/2012:20:33:04 -0700] "POST /blog/wp-cron.php?doing_wp_cron=1332127841 HTTP/1.0" 499 0 "-" "WordPress/3.3.1; http://yuvi.in/blog"
66.135.57.47 - - [18/Mar/2012:20:33:05 -0700] "GET /blog/devlog-december-7-2011/ HTTP/1.0" 200 16833 "-" "Mozilla/5.0 (Windows; U; Windows NT 5.1; rv:1.7.3) Gecko/20041001 Firefox/0.10.1"
85.17.88.169 - - [18/Mar/2012:20:33:15 -0700] "POST /blog/wp-cron.php?doing_wp_cron=1332127853 HTTP/1.0" 499 0 "-" "WordPress/3.3.1; http://yuvi.in/blog"
208.115.111.68 - - [18/Mar/2012:20:33:16 -0700] "GET /blog/tag/bigco/ HTTP/1.1" 200 16805 "-" "Mozilla/5.0 (compatible; Ezooms/1.0; ezooms.bot@gmail.com)"
207.46.204.165 - - [18/Mar/2012:20:35:48 -0700] "-" 400 0 "-" "-"
207.46.204.165 - - [18/Mar/2012:20:35:49 -0700] "-" 400 0 "-" "-"
207.46.204.165 - - [18/Mar/2012:20:35:49 -0700] "-" 400 0 "-" "-"
207.46.204.165 - - [18/Mar/2012:20:35:49 -0700] "-" 400 0 "-" "-"
207.46.204.165 - - [18/Mar/2012:20:35:49 -0700] "-" 400 0 "-" "-"
207.46.204.165 - - [18/Mar/2012:20:35:49 -0700] "-" 400 0 "-" "-"
207.46.204.165 - - [18/Mar/2012:20:35:49 -0700] "-" 400 0 "-" "-"
207.46.204.165 - - [18/Mar/2012:20:35:49 -0700] "-" 400 0 "-" "-"
85.17.88.169 - - [18/Mar/2012:20:37:14 -0700] "POST /blog/wp-cron.php?doing_wp_cron=1332128091 HTTP/1.0" 499 0 "-" "WordPress/3.3.1; http://yuvi.in/blog"
208.115.113.84 - - [18/Mar/2012:20:37:14 -0700] "GET /blog/category/code/page/3/ HTTP/1.1" 200 34691 "-" "Mozilla/5.0 (compatible; Ezooms/1.0; ezooms.bot@gmail.com)"
117.207.113.1 - - [18/Mar/2012:20:37:17 -0700] "-" 400 0 "-" "-"
117.207.113.1 - - [18/Mar/2012:20:37:17 -0700] "-" 400 0 "-" "-"
117.207.113.1 - - [18/Mar/2012:20:37:17 -0700] "-" 400 0 "-" "-"
117.207.113.1 - - [18/Mar/2012:20:37:17 -0700] "-" 400 0 "-" "-"
85.17.88.169 - - [18/Mar/2012:20:37:22 -0700] "POST /blog/wp-cron.php?doing_wp_cron=1332128099 HTTP/1.0" 499 0 "-" "WordPress/3.3.1; http://yuvi.in/blog"
208.115.113.84 - - [18/Mar/2012:20:37:22 -0700] "GET /blog/premature-greying/ HTTP/1.1" 200 16164 "-" "Mozilla/5.0 (compatible; Ezooms/1.0; ezooms.bot@gmail.com)"
85.17.88.169 - - [18/Mar/2012:20:37:28 -0700] "POST /blog/wp-cron.php?doing_wp_cron=1332128105 HTTP/1.0" 499 0 "-" "WordPress/3.3.1; http://yuvi.in/blog"
208.115.113.84 - - [18/Mar/2012:20:37:28 -0700] "GET /blog/tag/crime/ HTTP/1.1" 200 23639 "-" "Mozilla/5.0 (compatible; Ezooms/1.0; ezooms.bot@gmail.com)"
69.171.224.249 - - [18/Mar/2012:20:38:22 -0700] "GET /r/1eg5 HTTP/1.1" 301 257 "-" "facebookexternalhit/1.1 (+http://www.facebook.com/externalhit_uatext.php)"
69.171.224.249 - - [18/Mar/2012:20:38:22 -0700] "GET /s/ta/1eg5/ HTTP/1.1" 302 337 "-" "facebookexternalhit/1.1 (+http://www.facebook.com/externalhit_uatext.php)"
85.17.88.169 - - [18/Mar/2012:20:43:47 -0700] "POST /blog/wp-cron.php?doing_wp_cron=1332128484 HTTP/1.0" 499 0 "-" "WordPress/3.3.1; http://yuvi.in/blog"
180.76.5.113 - - [18/Mar/2012:20:43:48 -0700] "GET /blog/autokrish-because-we-dont-get-enough-jilpa/feed/ HTTP/1.1" 200 824 "-" "Mozilla/5.0 (compatible; Baiduspider/2.0; +http://www.baidu.com/search/spider.html)"
220.227.25.178 - - [18/Mar/2012:20:45:01 -0700] "-" 400 0 "-" "-"
220.227.25.178 - - [18/Mar/2012:20:45:01 -0700] "-" 400 0 "-" "-"
220.227.25.178 - - [18/Mar/2012:20:45:08 -0700] "-" 400 0 "-" "-"
220.227.25.178 - - [18/Mar/2012:20:45:09 -0700] "-" 400 0 "-" "-"
27.251.25.186 - - [18/Mar/2012:20:45:20 -0700] "-" 400 0 "-" "-"
69.171.234.6 - - [18/Mar/2012:20:47:04 -0700] "GET /r/1eg5 HTTP/1.1" 301 257 "-" "facebookexternalhit/1.1 (+http://www.facebook.com/externalhit_uatext.php)"
69.171.234.6 - - [18/Mar/2012:20:47:04 -0700] "GET /s/ta/1eg5/ HTTP/1.1" 302 337 "-" "facebookexternalhit/1.1 (+http://www.facebook.com/externalhit_uatext.php)"
85.17.88.169 - - [18/Mar/2012:20:47:29 -0700] "POST /blog/wp-cron.php?doing_wp_cron=1332128706 HTTP/1.0" 499 0 "-" "WordPress/3.3.1; http://yuvi.in/blog"
209.85.224.95 - - [18/Mar/2012:20:47:29 -0700] "GET /blog/feed HTTP/1.1" 304 0 "-" "FeedBurner/1.0 (http://www.FeedBurner.com)"
27.251.25.186 - - [18/Mar/2012:20:48:25 -0700] "-" 400 0 "-" "-"
27.251.25.186 - - [18/Mar/2012:20:48:37 -0700] "-" 400 0 "-" "-"
27.251.25.186 - - [18/Mar/2012:20:48:38 -0700] "-" 400 0 "-" "-"
203.126.51.115 - - [18/Mar/2012:20:50:51 -0700] "GET /r/tdw HTTP/1.1" 301 255 "-" "Mozilla/4.0 (compatible; MSIE 8.0; Windows NT 6.1; Trident/4.0; SLCC2; .NET CLR 2.0.50727; .NET CLR 3.5.30729; .NET CLR 3.0.30729; Media Center PC 6.0; .NET4.0C; AskTbORJ/5.13.1.18107)"
203.126.51.115 - - [18/Mar/2012:20:50:51 -0700] "GET /s/ta/tdw/ HTTP/1.1" 302 367 "-" "Mozilla/4.0 (compatible; MSIE 8.0; Windows NT 6.1; Trident/4.0; SLCC2; .NET CLR 2.0.50727; .NET CLR 3.5.30729; .NET CLR 3.0.30729; Media Center PC 6.0; .NET4.0C; AskTbORJ/5.13.1.18107)"
209.85.238.115 - - [18/Mar/2012:20:51:14 -0700] "GET /blog/feed/ HTTP/1.1" 304 0 "-" "Feedfetcher-Google; (+http://www.google.com/feedfetcher.html; 19 subscribers; feed-id=15064232456473204253)"
69.171.242.251 - - [18/Mar/2012:20:52:02 -0700] "GET /r/1gux HTTP/1.1" 301 257 "-" "facebookexternalhit/1.1 (+http://www.facebook.com/externalhit_uatext.php)"
69.171.242.244 - - [18/Mar/2012:20:52:03 -0700] "GET /s/ta/1gux/ HTTP/1.1" 302 409 "-" "facebookexternalhit/1.1 (+http://www.facebook.com/externalhit_uatext.php)"
27.251.25.186 - - [18/Mar/2012:20:52:22 -0700] "-" 400 0 "-" "-"
69.171.242.251 - - [18/Mar/2012:20:53:04 -0700] "GET /r/1gux HTTP/1.1" 301 257 "-" "facebookexternalhit/1.1 (+http://www.facebook.com/externalhit_uatext.php)"
69.171.242.245 - - [18/Mar/2012:20:53:04 -0700] "GET /s/ta/1gux/ HTTP/1.1" 302 409 "-" "facebookexternalhit/1.1 (+http://www.facebook.com/externalhit_uatext.php)"
85.17.88.169 - - [18/Mar/2012:20:53:22 -0700] "POST /blog/wp-cron.php?doing_wp_cron=1332129059 HTTP/1.0" 499 0 "-" "WordPress/3.3.1; http://yuvi.in/blog"
209.85.238.115 - - [18/Mar/2012:20:53:23 -0700] "GET /blog/feed HTTP/1.1" 301 0 "-" "Feedfetcher-Google; (+http://www.google.com/feedfetcher.html; 3 subscribers; feed-id=17684830852112633560)"
85.17.88.169 - - [18/Mar/2012:20:53:25 -0700] "POST /blog/wp-cron.php?doing_wp_cron=1332129062 HTTP/1.0" 499 0 "-" "WordPress/3.3.1; http://yuvi.in/blog"
209.85.238.115 - - [18/Mar/2012:20:53:25 -0700] "GET /blog/feed/ HTTP/1.1" 304 0 "-" "Feedfetcher-Google; (+http://www.google.com/feedfetcher.html; 3 subscribers; feed-id=17684830852112633560)"
27.251.25.186 - - [18/Mar/2012:20:53:48 -0700] "-" 400 0 "-" "-"
27.251.25.186 - - [18/Mar/2012:20:53:55 -0700] "-" 400 0 "-" "-"
141.0.8.207 - - [18/Mar/2012:20:54:01 -0700] "-" 400 0 "-" "-"
27.251.25.186 - - [18/Mar/2012:20:54:05 -0700] "-" 400 0 "-" "-"
27.251.25.186 - - [18/Mar/2012:20:54:06 -0700] "-" 400 0 "-" "-"
27.251.25.186 - - [18/Mar/2012:20:54:07 -0700] "-" 400 0 "-" "-"
123.200.143.234 - - [18/Mar/2012:20:54:26 -0700] "GET /manager/html HTTP/1.1" 404 142 "-" "Mozilla/5.0 (Windows NT 5.1; rv:5.0) Gecko/20100101 Firefox/5.0"
123.236.93.57 - - [18/Mar/2012:20:55:31 -0700] "-" 400 0 "-" "-"
27.251.25.186 - - [18/Mar/2012:20:55:39 -0700] "-" 400 0 "-" "-"
27.251.25.186 - - [18/Mar/2012:20:55:50 -0700] "-" 400 0 "-" "-"
27.251.25.186 - - [18/Mar/2012:20:55:51 -0700] "-" 400 0 "-" "-"
27.251.25.186 - - [18/Mar/2012:20:55:52 -0700] "-" 400 0 "-" "-"
27.251.25.186 - - [18/Mar/2012:20:56:37 -0700] "-" 400 0 "-" "-"
27.251.25.186 - - [18/Mar/2012:20:57:25 -0700] "-" 400 0 "-" "-"
27.251.25.186 - - [18/Mar/2012:20:57:36 -0700] "-" 400 0 "-" "-"
213.186.127.13 - - [18/Mar/2012:20:57:37 -0700] "GET /s/ta/1pph/ HTTP/1.1" 302 409 "-" "Mozilla/5.0 (compatible; AhrefsBot/2.0; +http://ahrefs.com/robot/)"
27.251.25.186 - - [18/Mar/2012:20:57:37 -0700] "-" 400 0 "-" "-"
27.251.25.186 - - [18/Mar/2012:20:57:39 -0700] "-" 400 0 "-" "-"
220.247.214.181 - - [18/Mar/2012:20:57:59 -0700] "GET /r/5m3 HTTP/1.0" 301 255 "-" "Mozilla/5.0 (Windows NT 5.1; rv:10.0.2) Gecko/20100101 Firefox/10.0.2"
220.247.214.181 - - [18/Mar/2012:20:57:59 -0700] "GET /s/ta/5m3/ HTTP/1.0" 302 521 "-" "Mozilla/5.0 (Windows NT 5.1; rv:10.0.2) Gecko/20100101 Firefox/10.0.2"
27.251.25.186 - - [18/Mar/2012:20:59:05 -0700] "-" 400 0 "-" "-"
27.251.25.186 - - [18/Mar/2012:20:59:21 -0700] "-" 400 0 "-" "-"
27.251.25.186 - - [18/Mar/2012:20:59:22 -0700] "-" 400 0 "-" "-"
27.251.25.186 - - [18/Mar/2012:20:59:23 -0700] "-" 400 0 "-" "-"
27.251.25.186 - - [18/Mar/2012:21:00:08 -0700] "-" 400 0 "-" "-"
27.251.25.186 - - [18/Mar/2012:21:00:55 -0700] "-" 400 0 "-" "-"
27.251.25.186 - - [18/Mar/2012:21:01:07 -0700] "-" 400 0 "-" "-"
27.251.25.186 - - [18/Mar/2012:21:01:08 -0700] "-" 400 0 "-" "-"
27.251.25.186 - - [18/Mar/2012:21:01:10 -0700] "-" 400 0 "-" "-"
220.247.214.181 - - [18/Mar/2012:21:01:58 -0700] "GET /r/3s2 HTTP/1.0" 301 255 "http://ta.wikipedia.org/wiki/%E0%AE%A4%E0%AE%AE%E0%AE%BF%E0%AE%B4%E0%AF%80%E0%AE%B4%E0%AE%AE%E0%AF%8D" "Mozilla/5.0 (Windows NT 5.1; rv:10.0.2) Gecko/20100101 Firefox/10.0.2"
220.247.214.181 - - [18/Mar/2012:21:01:58 -0700] "GET /s/ta/3s2/ HTTP/1.0" 302 361 "http://ta.wikipedia.org/wiki/%E0%AE%A4%E0%AE%AE%E0%AE%BF%E0%AE%B4%E0%AF%80%E0%AE%B4%E0%AE%AE%E0%AF%8D" "Mozilla/5.0 (Windows NT 5.1; rv:10.0.2) Gecko/20100101 Firefox/10.0.2"
122.174.2.163 - - [18/Mar/2012:21:02:07 -0700] "-" 400 0 "-" "-"
27.251.25.186 - - [18/Mar/2012:21:02:36 -0700] "-" 400 0 "-" "-"
27.251.25.186 - - [18/Mar/2012:21:02:42 -0700] "-" 400 0 "-" "-"
27.251.25.186 - - [18/Mar/2012:21:02:53 -0700] "-" 400 0 "-" "-"
27.251.25.186 - - [18/Mar/2012:21:02:54 -0700] "-" 400 0 "-" "-"
101.63.146.36 - - [18/Mar/2012:21:02:59 -0700] "-" 400 0 "-" "-"
27.251.25.186 - - [18/Mar/2012:21:03:39 -0700] "-" 400 0 "-" "-"
27.251.25.186 - - [18/Mar/2012:21:04:26 -0700] "-" 400 0 "-" "-"
27.251.25.186 - - [18/Mar/2012:21:04:38 -0700] "-" 400 0 "-" "-"
27.251.25.186 - - [18/Mar/2012:21:04:39 -0700] "-" 400 0 "-" "-"
27.251.25.186 - - [18/Mar/2012:21:04:41 -0700] "-" 400 0 "-" "-"
74.125.126.92 - - [18/Mar/2012:21:04:49 -0700] "GET /favicon.ico HTTP/1.1" 404 211 "-" "-"
157.55.112.202 - - [18/Mar/2012:21:06:04 -0700] "-" 400 0 "-" "-"
157.55.112.202 - - [18/Mar/2012:21:06:05 -0700] "-" 400 0 "-" "-"
157.55.112.202 - - [18/Mar/2012:21:06:06 -0700] "-" 400 0 "-" "-"
157.55.112.202 - - [18/Mar/2012:21:06:07 -0700] "-" 400 0 "-" "-"
157.55.112.202 - - [18/Mar/2012:21:06:07 -0700] "-" 400 0 "-" "-"
157.55.112.202 - - [18/Mar/2012:21:06:07 -0700] "-" 400 0 "-" "-"
157.55.112.202 - - [18/Mar/2012:21:06:07 -0700] "-" 400 0 "-" "-"
27.251.25.186 - - [18/Mar/2012:21:06:08 -0700] "-" 400 0 "-" "-"
157.55.112.202 - - [18/Mar/2012:21:06:08 -0700] "-" 400 0 "-" "-"
157.55.112.202 - - [18/Mar/2012:21:06:08 -0700] "-" 400 0 "-" "-"
27.251.25.186 - - [18/Mar/2012:21:06:23 -0700] "-" 400 0 "-" "-"
27.251.25.186 - - [18/Mar/2012:21:06:24 -0700] "-" 400 0 "-" "-"
27.251.25.186 - - [18/Mar/2012:21:06:25 -0700] "-" 400 0 "-" "-"
27.251.25.186 - - [18/Mar/2012:21:06:35 -0700] "-" 400 0 "-" "-"
157.55.112.202 - - [18/Mar/2012:21:06:56 -0700] "-" 400 0 "-" "-"
157.55.112.202 - - [18/Mar/2012:21:06:57 -0700] "-" 400 0 "-" "-"
27.251.25.186 - - [18/Mar/2012:21:07:53 -0700] "-" 400 0 "-" "-"
27.251.25.186 - - [18/Mar/2012:21:08:09 -0700] "-" 400 0 "-" "-"
27.251.25.186 - - [18/Mar/2012:21:08:11 -0700] "-" 400 0 "-" "-"
27.251.25.186 - - [18/Mar/2012:21:08:12 -0700] "-" 400 0 "-" "-"
27.251.25.186 - - [18/Mar/2012:21:08:56 -0700] "-" 400 0 "-" "-"
27.251.25.186 - - [18/Mar/2012:21:09:53 -0700] "-" 400 0 "-" "-"
27.251.25.186 - - [18/Mar/2012:21:09:55 -0700] "-" 400 0 "-" "-"
27.251.25.186 - - [18/Mar/2012:21:09:56 -0700] "-" 400 0 "-" "-"
27.251.25.186 - - [18/Mar/2012:21:10:06 -0700] "-" 400 0 "-" "-"
27.251.25.186 - - [18/Mar/2012:21:11:24 -0700] "-" 400 0 "-" "-"
27.251.25.186 - - [18/Mar/2012:21:11:41 -0700] "-" 400 0 "-" "-"
27.251.25.186 - - [18/Mar/2012:21:11:42 -0700] "-" 400 0 "-" "-"
27.251.25.186 - - [18/Mar/2012:21:11:44 -0700] "-" 400 0 "-" "-"
69.171.228.251 - - [18/Mar/2012:21:12:21 -0700] "GET /r/1573 HTTP/1.1" 301 257 "-" "facebookexternalhit/1.1 (+http://www.facebook.com/externalhit_uatext.php)"
69.171.228.251 - - [18/Mar/2012:21:12:21 -0700] "GET /s/ta/1573/ HTTP/1.1" 302 489 "-" "facebookexternalhit/1.1 (+http://www.facebook.com/externalhit_uatext.php)"
27.251.25.186 - - [18/Mar/2012:21:13:10 -0700] "-" 400 0 "-" "-"
85.17.88.169 - - [18/Mar/2012:21:13:14 -0700] "POST /blog/wp-cron.php?doing_wp_cron=1332130251 HTTP/1.0" 499 0 "-" "WordPress/3.3.1; http://yuvi.in/blog"
180.76.5.139 - - [18/Mar/2012:21:13:15 -0700] "GET /blog/tag/fiction/feed/ HTTP/1.1" 200 3086 "-" "Mozilla/5.0 (compatible; Baiduspider/2.0; +http://www.baidu.com/search/spider.html)"
27.251.25.186 - - [18/Mar/2012:21:13:26 -0700] "-" 400 0 "-" "-"
27.251.25.186 - - [18/Mar/2012:21:13:28 -0700] "-" 400 0 "-" "-"
27.251.25.186 - - [18/Mar/2012:21:13:29 -0700] "-" 400 0 "-" "-"
27.251.25.186 - - [18/Mar/2012:21:13:37 -0700] "-" 400 0 "-" "-"
27.251.25.186 - - [18/Mar/2012:21:15:11 -0700] "-" 400 0 "-" "-"
27.251.25.186 - - [18/Mar/2012:21:15:12 -0700] "-" 400 0 "-" "-"
27.251.25.186 - - [18/Mar/2012:21:15:14 -0700] "-" 400 0 "-" "-"
27.251.25.186 - - [18/Mar/2012:21:15:15 -0700] "-" 400 0 "-" "-"
27.251.25.186 - - [18/Mar/2012:21:15:58 -0700] "-" 400 0 "-" "-"
27.251.25.186 - - [18/Mar/2012:21:16:57 -0700] "-" 400 0 "-" "-"
27.251.25.186 - - [18/Mar/2012:21:16:58 -0700] "-" 400 0 "-" "-"
27.251.25.186 - - [18/Mar/2012:21:17:00 -0700] "-" 400 0 "-" "-"
27.251.25.186 - - [18/Mar/2012:21:17:08 -0700] "-" 400 0 "-" "-"
69.171.228.245 - - [18/Mar/2012:21:17:26 -0700] "GET /r/1573 HTTP/1.1" 301 257 "-" "facebookexternalhit/1.1 (+http://www.facebook.com/externalhit_uatext.php)"
69.171.228.250 - - [18/Mar/2012:21:17:26 -0700] "GET /s/ta/1573/ HTTP/1.1" 302 489 "-" "facebookexternalhit/1.1 (+http://www.facebook.com/externalhit_uatext.php)"
107.21.121.167 - - [18/Mar/2012:21:17:50 -0700] "GET /blog/story-average-indian-techie/ HTTP/1.1" 200 14155 "-" "Apache-HttpClient/4.1 (java 1.5)"
27.251.25.186 - - [18/Mar/2012:21:18:26 -0700] "-" 400 0 "-" "-"
