69.171.234.0 - - [22/Mar/2012:19:18:19 -0700] "GET /blog/story-average-indian-techie/ HTTP/1.1" 200 7890 "-" "facebookexternalhit/1.1 (+http://www.facebook.com/externalhit_uatext.php)"
207.46.204.171 - - [22/Mar/2012:19:18:49 -0700] "-" 400 0 "-" "-"
207.46.204.171 - - [22/Mar/2012:19:18:51 -0700] "-" 400 0 "-" "-"
207.46.204.171 - - [22/Mar/2012:19:18:51 -0700] "-" 400 0 "-" "-"
207.46.204.171 - - [22/Mar/2012:19:18:51 -0700] "-" 400 0 "-" "-"
207.46.204.171 - - [22/Mar/2012:19:18:52 -0700] "-" 400 0 "-" "-"
207.46.204.171 - - [22/Mar/2012:19:18:52 -0700] "-" 400 0 "-" "-"
207.46.204.171 - - [22/Mar/2012:19:18:52 -0700] "-" 400 0 "-" "-"
207.46.204.171 - - [22/Mar/2012:19:18:52 -0700] "-" 400 0 "-" "-"
207.46.204.171 - - [22/Mar/2012:19:18:53 -0700] "-" 400 0 "-" "-"
207.46.204.171 - - [22/Mar/2012:19:18:53 -0700] "-" 400 0 "-" "-"
207.46.204.171 - - [22/Mar/2012:19:19:19 -0700] "-" 400 0 "-" "-"
207.46.204.215 - - [22/Mar/2012:19:20:10 -0700] "-" 400 0 "-" "-"
207.46.204.215 - - [22/Mar/2012:19:20:11 -0700] "-" 400 0 "-" "-"
207.46.204.215 - - [22/Mar/2012:19:20:12 -0700] "-" 400 0 "-" "-"
207.46.204.215 - - [22/Mar/2012:19:20:12 -0700] "-" 400 0 "-" "-"
207.46.204.215 - - [22/Mar/2012:19:20:12 -0700] "-" 400 0 "-" "-"
207.46.204.215 - - [22/Mar/2012:19:20:13 -0700] "-" 400 0 "-" "-"
207.46.204.215 - - [22/Mar/2012:19:20:13 -0700] "-" 400 0 "-" "-"
207.46.204.215 - - [22/Mar/2012:19:20:13 -0700] "-" 400 0 "-" "-"
207.46.204.215 - - [22/Mar/2012:19:20:13 -0700] "-" 400 0 "-" "-"
207.46.204.215 - - [22/Mar/2012:19:20:13 -0700] "-" 400 0 "-" "-"
207.46.204.215 - - [22/Mar/2012:19:21:04 -0700] "-" 400 0 "-" "-"
208.115.111.68 - - [22/Mar/2012:19:21:10 -0700] "GET /robots.txt HTTP/1.1" 404 169 "-" "Mozilla/5.0 (compatible; Ezooms/1.0; ezooms.bot@gmail.com)"
209.85.224.86 - - [22/Mar/2012:19:21:39 -0700] "GET /stories/feed HTTP/1.1" 200 13653 "-" "FeedBurner/1.0 (http://www.FeedBurner.com)"
222.186.26.41 - - [22/Mar/2012:19:22:51 -0700] "GET /blog HTTP/1.1" 301 178 "-" "Mozilla/4.0 (compatible; MSIE 6.0; Windows NT 5.1; en)"
85.17.88.169 - - [22/Mar/2012:19:22:53 -0700] "POST /blog/wp-cron.php?doing_wp_cron=1332469199 HTTP/1.0" 499 0 "-" "WordPress/3.3.1; http://yuvi.in/blog"
222.186.26.41 - - [22/Mar/2012:19:22:54 -0700] "GET /blog/ HTTP/1.1" 200 33210 "-" "Mozilla/4.0 (compatible; MSIE 6.0; Windows NT 5.1; en)"
85.17.88.169 - - [22/Mar/2012:19:25:28 -0700] "POST /blog/wp-cron.php?doing_wp_cron=1332469353 HTTP/1.0" 499 0 "-" "WordPress/3.3.1; http://yuvi.in/blog"
74.125.80.81 - - [22/Mar/2012:19:25:28 -0700] "GET /blog/feed HTTP/1.1" 304 0 "-" "FeedBurner/1.0 (http://www.FeedBurner.com)"
66.220.146.245 - - [22/Mar/2012:19:26:23 -0700] "GET /r/1x7m HTTP/1.1" 301 257 "-" "facebookexternalhit/1.1 (+http://www.facebook.com/externalhit_uatext.php)"
66.220.146.246 - - [22/Mar/2012:19:26:23 -0700] "GET /s/ta/1x7m/ HTTP/1.1" 302 513 "-" "facebookexternalhit/1.1 (+http://www.facebook.com/externalhit_uatext.php)"
85.17.88.169 - - [22/Mar/2012:19:26:31 -0700] "POST /blog/wp-cron.php?doing_wp_cron=1332469417 HTTP/1.0" 499 0 "-" "WordPress/3.3.1; http://yuvi.in/blog"
128.208.6.75 - - [22/Mar/2012:19:26:33 -0700] "GET /blog/tag/talk/ HTTP/1.0" 200 3763 "-" "Mozilla/5.0/heritrix/3.1.0 (compatible;; http://vancouver.cs.washington.edu:8080/)"
207.46.12.70 - - [22/Mar/2012:19:30:17 -0700] "-" 400 0 "-" "-"
207.46.12.70 - - [22/Mar/2012:19:30:17 -0700] "-" 400 0 "-" "-"
207.46.12.70 - - [22/Mar/2012:19:30:17 -0700] "-" 400 0 "-" "-"
207.46.12.70 - - [22/Mar/2012:19:30:17 -0700] "-" 400 0 "-" "-"
207.46.12.70 - - [22/Mar/2012:19:30:17 -0700] "-" 400 0 "-" "-"
207.46.12.70 - - [22/Mar/2012:19:30:17 -0700] "-" 400 0 "-" "-"
207.46.12.70 - - [22/Mar/2012:19:30:17 -0700] "-" 400 0 "-" "-"
207.46.12.70 - - [22/Mar/2012:19:30:17 -0700] "-" 400 0 "-" "-"
207.46.12.70 - - [22/Mar/2012:19:30:17 -0700] "-" 400 0 "-" "-"
124.115.0.19 - - [22/Mar/2012:19:31:25 -0700] "GET / HTTP/1.1" 304 0 "-" "Sosospider+(+http://help.soso.com/webspider.htm)"
141.0.8.145 - - [22/Mar/2012:19:35:12 -0700] "-" 400 0 "-" "-"
65.52.109.152 - - [22/Mar/2012:19:37:59 -0700] "GET /robots.txt HTTP/1.1" 404 169 "-" "Mozilla/5.0 (compatible; bingbot/2.0; +http://www.bing.com/bingbot.htm)"
69.171.228.247 - - [22/Mar/2012:19:38:04 -0700] "GET /r/1x7m HTTP/1.1" 301 257 "-" "facebookexternalhit/1.1 (+http://www.facebook.com/externalhit_uatext.php)"
69.171.228.251 - - [22/Mar/2012:19:38:04 -0700] "GET /s/ta/1x7m/ HTTP/1.1" 302 513 "-" "facebookexternalhit/1.1 (+http://www.facebook.com/externalhit_uatext.php)"
85.17.88.169 - - [22/Mar/2012:19:38:09 -0700] "POST /blog/wp-cron.php?doing_wp_cron=1332470115 HTTP/1.0" 499 0 "-" "WordPress/3.3.1; http://yuvi.in/blog"
65.52.109.152 - - [22/Mar/2012:19:38:10 -0700] "GET /blog/passing-headers-proxying-nginx/ HTTP/1.1" 200 4633 "-" "Mozilla/5.0 (compatible; bingbot/2.0; +http://www.bing.com/bingbot.htm)"
85.17.88.169 - - [22/Mar/2012:19:41:05 -0700] "POST /blog/wp-cron.php?doing_wp_cron=1332470290 HTTP/1.0" 499 0 "-" "WordPress/3.3.1; http://yuvi.in/blog"
100.43.83.144 - - [22/Mar/2012:19:41:05 -0700] "GET /blog/2010/03/ HTTP/1.1" 200 7208 "-" "Mozilla/5.0 (compatible; YandexBot/3.0; +http://yandex.com/bots)"
66.249.68.106 - - [22/Mar/2012:19:43:26 -0700] "GET /chennai/stage/2701/ HTTP/1.1" 404 142 "-" "Mozilla/5.0 (compatible; Googlebot/2.1; +http://www.google.com/bot.html)"
180.76.5.169 - - [22/Mar/2012:19:43:46 -0700] "GET / HTTP/1.1" 200 3439 "-" "Mozilla/5.0 (compatible; Baiduspider/2.0; +http://www.baidu.com/search/spider.html)"
69.171.230.244 - - [22/Mar/2012:19:44:49 -0700] "GET /r/1tti HTTP/1.1" 301 257 "-" "facebookexternalhit/1.1 (+http://www.facebook.com/externalhit_uatext.php)"
69.171.230.249 - - [22/Mar/2012:19:44:49 -0700] "GET /s/ta/1tti/ HTTP/1.1" 302 411 "-" "facebookexternalhit/1.1 (+http://www.facebook.com/externalhit_uatext.php)"
85.17.88.169 - - [22/Mar/2012:19:44:58 -0700] "POST /blog/wp-cron.php?doing_wp_cron=1332470524 HTTP/1.0" 499 0 "-" "WordPress/3.3.1; http://yuvi.in/blog"
208.115.113.84 - - [22/Mar/2012:19:44:59 -0700] "GET /blog/tag/photo/ HTTP/1.1" 200 16280 "-" "Mozilla/5.0 (compatible; Ezooms/1.0; ezooms.bot@gmail.com)"
208.115.113.84 - - [22/Mar/2012:19:45:03 -0700] "GET /stories/ HTTP/1.1" 200 3515 "-" "Mozilla/5.0 (compatible; Ezooms/1.0; ezooms.bot@gmail.com)"
157.55.112.202 - - [22/Mar/2012:19:46:22 -0700] "-" 400 0 "-" "-"
157.55.112.202 - - [22/Mar/2012:19:46:22 -0700] "-" 400 0 "-" "-"
157.55.112.202 - - [22/Mar/2012:19:46:22 -0700] "-" 400 0 "-" "-"
157.55.112.202 - - [22/Mar/2012:19:46:22 -0700] "-" 400 0 "-" "-"
157.55.112.202 - - [22/Mar/2012:19:46:22 -0700] "-" 400 0 "-" "-"
157.55.112.202 - - [22/Mar/2012:19:46:22 -0700] "-" 400 0 "-" "-"
157.55.112.202 - - [22/Mar/2012:19:46:22 -0700] "-" 400 0 "-" "-"
157.55.112.202 - - [22/Mar/2012:19:46:22 -0700] "-" 400 0 "-" "-"
157.55.112.202 - - [22/Mar/2012:19:46:22 -0700] "-" 400 0 "-" "-"
203.196.153.154 - - [22/Mar/2012:19:46:43 -0700] "-" 400 0 "-" "-"
157.55.112.202 - - [22/Mar/2012:19:46:55 -0700] "-" 400 0 "-" "-"
157.55.112.202 - - [22/Mar/2012:19:46:56 -0700] "-" 400 0 "-" "-"
65.52.109.152 - - [22/Mar/2012:19:48:03 -0700] "GET / HTTP/1.1" 200 1430 "-" "Mozilla/5.0 (compatible; bingbot/2.0; +http://www.bing.com/bingbot.htm)"
69.171.228.251 - - [22/Mar/2012:19:48:17 -0700] "GET /r/1x7m HTTP/1.1" 301 257 "-" "facebookexternalhit/1.1 (+http://www.facebook.com/externalhit_uatext.php)"
69.171.228.248 - - [22/Mar/2012:19:48:17 -0700] "GET /s/ta/1x7m/ HTTP/1.1" 302 513 "-" "facebookexternalhit/1.1 (+http://www.facebook.com/externalhit_uatext.php)"
85.17.88.169 - - [22/Mar/2012:19:48:51 -0700] "POST /blog/wp-cron.php?doing_wp_cron=1332470757 HTTP/1.0" 499 0 "-" "WordPress/3.3.1; http://yuvi.in/blog"
220.181.108.176 - - [22/Mar/2012:19:48:52 -0700] "GET /blog/tag/review/ HTTP/1.1" 200 7728 "-" "Mozilla/5.0 (compatible; Baiduspider/2.0; +http://www.baidu.com/search/spider.html)"
207.46.204.214 - - [22/Mar/2012:19:49:05 -0700] "-" 400 0 "-" "-"
207.46.204.214 - - [22/Mar/2012:19:49:06 -0700] "-" 400 0 "-" "-"
207.46.204.214 - - [22/Mar/2012:19:49:07 -0700] "-" 400 0 "-" "-"
207.46.204.214 - - [22/Mar/2012:19:49:07 -0700] "-" 400 0 "-" "-"
207.46.204.214 - - [22/Mar/2012:19:49:07 -0700] "-" 400 0 "-" "-"
207.46.204.214 - - [22/Mar/2012:19:49:08 -0700] "-" 400 0 "-" "-"
207.46.204.214 - - [22/Mar/2012:19:49:08 -0700] "-" 400 0 "-" "-"
207.46.204.214 - - [22/Mar/2012:19:49:08 -0700] "-" 400 0 "-" "-"
207.46.204.214 - - [22/Mar/2012:19:49:08 -0700] "-" 400 0 "-" "-"
207.46.204.214 - - [22/Mar/2012:19:49:09 -0700] "-" 400 0 "-" "-"
141.0.9.255 - - [22/Mar/2012:19:49:59 -0700] "-" 400 0 "-" "-"
207.46.204.214 - - [22/Mar/2012:19:50:04 -0700] "-" 400 0 "-" "-"
85.17.88.169 - - [22/Mar/2012:19:50:34 -0700] "POST /blog/wp-cron.php?doing_wp_cron=1332470859 HTTP/1.0" 499 0 "-" "WordPress/3.3.1; http://yuvi.in/blog"
72.218.10.136 - - [22/Mar/2012:19:50:35 -0700] "GET /blog/my-vim-setup/ HTTP/1.1" 200 6473 "http://www.google.com/url?sa=t&rct=j&q=vim%20setup&source=web&cd=18&ved=0CFcQFjAHOAo&url=http%3A%2F%2Fyuvi.in%2Fblog%2Fmy-vim-setup%2F&ei=geFrT5n9B6PI2gXnv5WTBg&usg=AFQjCNFu_yMlwT7GfhfNSMdtDrP-YxSG1Q" "Mozilla/5.0 (Macintosh; Intel Mac OS X 10_7_3) AppleWebKit/534.54.16 (KHTML, like Gecko) Version/5.1.4 Safari/534.54.16"
72.218.10.136 - - [22/Mar/2012:19:50:35 -0700] "GET /blog/wp-content/themes/cleanr/js/jquery.dropdown.js?ver=3.3.1 HTTP/1.1" 200 535 "http://yuvi.in/blog/my-vim-setup/" "Mozilla/5.0 (Macintosh; Intel Mac OS X 10_7_3) AppleWebKit/534.54.16 (KHTML, like Gecko) Version/5.1.4 Safari/534.54.16"
72.218.10.136 - - [22/Mar/2012:19:50:35 -0700] "GET /blog/wp-content/themes/cleanr/style.css HTTP/1.1" 200 10508 "http://yuvi.in/blog/my-vim-setup/" "Mozilla/5.0 (Macintosh; Intel Mac OS X 10_7_3) AppleWebKit/534.54.16 (KHTML, like Gecko) Version/5.1.4 Safari/534.54.16"
72.218.10.136 - - [22/Mar/2012:19:50:36 -0700] "GET /blog/wp-content/themes/cleanr/css/reset.css HTTP/1.1" 200 648 "http://yuvi.in/blog/my-vim-setup/" "Mozilla/5.0 (Macintosh; Intel Mac OS X 10_7_3) AppleWebKit/534.54.16 (KHTML, like Gecko) Version/5.1.4 Safari/534.54.16"
72.218.10.136 - - [22/Mar/2012:19:50:36 -0700] "GET /blog/wp-content/themes/cleanr/css/text.css HTTP/1.1" 200 420 "http://yuvi.in/blog/my-vim-setup/" "Mozilla/5.0 (Macintosh; Intel Mac OS X 10_7_3) AppleWebKit/534.54.16 (KHTML, like Gecko) Version/5.1.4 Safari/534.54.16"
72.218.10.136 - - [22/Mar/2012:19:50:36 -0700] "GET /blog/wp-content/themes/cleanr/css/960.css HTTP/1.1" 200 3628 "http://yuvi.in/blog/my-vim-setup/" "Mozilla/5.0 (Macintosh; Intel Mac OS X 10_7_3) AppleWebKit/534.54.16 (KHTML, like Gecko) Version/5.1.4 Safari/534.54.16"
72.218.10.136 - - [22/Mar/2012:19:50:36 -0700] "GET /blog/wp-includes/js/jquery/jquery.js?ver=1.7.1 HTTP/1.1" 200 93889 "http://yuvi.in/blog/my-vim-setup/" "Mozilla/5.0 (Macintosh; Intel Mac OS X 10_7_3) AppleWebKit/534.54.16 (KHTML, like Gecko) Version/5.1.4 Safari/534.54.16"
72.218.10.136 - - [22/Mar/2012:19:50:37 -0700] "GET /blog/wp-content/themes/cleanr/images/search_magnifier.gif HTTP/1.1" 200 394 "http://yuvi.in/blog/my-vim-setup/" "Mozilla/5.0 (Macintosh; Intel Mac OS X 10_7_3) AppleWebKit/534.54.16 (KHTML, like Gecko) Version/5.1.4 Safari/534.54.16"
72.218.10.136 - - [22/Mar/2012:19:50:37 -0700] "GET /favicon.ico HTTP/1.1" 404 142 "http://yuvi.in/blog/my-vim-setup/" "Mozilla/5.0 (Macintosh; Intel Mac OS X 10_7_3) AppleWebKit/534.54.16 (KHTML, like Gecko) Version/5.1.4 Safari/534.54.16"
85.17.88.169 - - [22/Mar/2012:19:50:39 -0700] "POST /blog/wp-cron.php?doing_wp_cron=1332470865 HTTP/1.0" 499 0 "-" "WordPress/3.3.1; http://yuvi.in/blog"
72.218.10.136 - - [22/Mar/2012:19:50:39 -0700] "GET /blog/my-vim-setup/?cf_action=sync_comments&post_id=181 HTTP/1.1" 200 48 "http://yuvi.in/blog/my-vim-setup/" "Mozilla/5.0 (Macintosh; Intel Mac OS X 10_7_3) AppleWebKit/534.54.16 (KHTML, like Gecko) Version/5.1.4 Safari/534.54.16"
117.202.80.46 - - [22/Mar/2012:19:53:27 -0700] "-" 400 0 "-" "-"
117.202.80.46 - - [22/Mar/2012:19:53:27 -0700] "-" 400 0 "-" "-"
117.202.80.46 - - [22/Mar/2012:19:53:27 -0700] "-" 400 0 "-" "-"
117.202.80.46 - - [22/Mar/2012:19:53:27 -0700] "-" 400 0 "-" "-"
117.202.80.46 - - [22/Mar/2012:19:53:27 -0700] "-" 400 0 "-" "-"
117.202.80.46 - - [22/Mar/2012:19:53:27 -0700] "-" 400 0 "-" "-"
69.171.224.250 - - [22/Mar/2012:19:53:34 -0700] "GET /r/1eg5 HTTP/1.1" 301 257 "-" "facebookexternalhit/1.1 (+http://www.facebook.com/externalhit_uatext.php)"
69.171.224.251 - - [22/Mar/2012:19:53:34 -0700] "GET /s/ta/1eg5/ HTTP/1.1" 302 337 "-" "facebookexternalhit/1.1 (+http://www.facebook.com/externalhit_uatext.php)"
207.46.204.209 - - [22/Mar/2012:19:54:13 -0700] "-" 400 0 "-" "-"
207.46.204.209 - - [22/Mar/2012:19:54:15 -0700] "-" 400 0 "-" "-"
207.46.204.209 - - [22/Mar/2012:19:54:16 -0700] "-" 400 0 "-" "-"
207.46.204.209 - - [22/Mar/2012:19:54:16 -0700] "-" 400 0 "-" "-"
207.46.204.209 - - [22/Mar/2012:19:54:17 -0700] "-" 400 0 "-" "-"
207.46.204.209 - - [22/Mar/2012:19:54:18 -0700] "-" 400 0 "-" "-"
207.46.204.209 - - [22/Mar/2012:19:54:18 -0700] "-" 400 0 "-" "-"
207.46.204.209 - - [22/Mar/2012:19:54:18 -0700] "-" 400 0 "-" "-"
207.46.204.209 - - [22/Mar/2012:19:54:18 -0700] "-" 400 0 "-" "-"
207.46.204.209 - - [22/Mar/2012:19:55:17 -0700] "-" 400 0 "-" "-"
207.46.204.209 - - [22/Mar/2012:19:55:17 -0700] "-" 400 0 "-" "-"
85.17.88.169 - - [22/Mar/2012:19:55:36 -0700] "POST /blog/wp-cron.php?doing_wp_cron=1332471161 HTTP/1.0" 499 0 "-" "WordPress/3.3.1; http://yuvi.in/blog"
209.85.224.96 - - [22/Mar/2012:19:55:36 -0700] "GET /blog/feed HTTP/1.1" 304 0 "-" "FeedBurner/1.0 (http://www.FeedBurner.com)"
117.193.155.195 - - [22/Mar/2012:19:56:47 -0700] "-" 400 0 "-" "-"
85.17.88.169 - - [22/Mar/2012:19:56:56 -0700] "POST /blog/wp-cron.php?doing_wp_cron=1332471241 HTTP/1.0" 499 0 "-" "WordPress/3.3.1; http://yuvi.in/blog"
109.109.254.138 - - [22/Mar/2012:19:56:56 -0700] "GET /blog/feed/atom/ HTTP/1.1" 304 0 "-" "SocialSearcher/0.1  Mozilla/5.0"
141.0.9.255 - - [22/Mar/2012:19:57:22 -0700] "-" 400 0 "-" "-"
85.17.88.169 - - [22/Mar/2012:20:00:44 -0700] "POST /blog/wp-cron.php?doing_wp_cron=1332471470 HTTP/1.0" 499 0 "-" "WordPress/3.3.1; http://yuvi.in/blog"
209.85.238.115 - - [22/Mar/2012:20:00:45 -0700] "GET /blog/feed HTTP/1.1" 301 0 "-" "Feedfetcher-Google; (+http://www.google.com/feedfetcher.html; 3 subscribers; feed-id=17684830852112633560)"
85.17.88.169 - - [22/Mar/2012:20:00:47 -0700] "POST /blog/wp-cron.php?doing_wp_cron=1332471472 HTTP/1.0" 499 0 "-" "WordPress/3.3.1; http://yuvi.in/blog"
209.85.238.115 - - [22/Mar/2012:20:00:47 -0700] "GET /blog/feed/ HTTP/1.1" 304 0 "-" "Feedfetcher-Google; (+http://www.google.com/feedfetcher.html; 3 subscribers; feed-id=17684830852112633560)"
69.171.234.4 - - [22/Mar/2012:20:01:14 -0700] "GET /r/1x7m HTTP/1.1" 301 257 "-" "facebookexternalhit/1.1 (+http://www.facebook.com/externalhit_uatext.php)"
69.171.234.6 - - [22/Mar/2012:20:01:14 -0700] "GET /s/ta/1x7m/ HTTP/1.1" 302 513 "-" "facebookexternalhit/1.1 (+http://www.facebook.com/externalhit_uatext.php)"
27.251.16.222 - - [22/Mar/2012:20:01:19 -0700] "GET / HTTP/1.1" 200 1430 "-" "Mozilla/5.0 (X11; Linux x86_64; rv:10.0.2) Gecko/20100101 Firefox/10.0.2"
27.251.16.222 - - [22/Mar/2012:20:01:19 -0700] "GET /blueprint/screen.css HTTP/1.1" 200 12058 "http://yuvi.in/" "Mozilla/5.0 (X11; Linux x86_64; rv:10.0.2) Gecko/20100101 Firefox/10.0.2"
27.251.16.222 - - [22/Mar/2012:20:01:20 -0700] "GET /blueprint/print.css HTTP/1.1" 200 1284 "http://yuvi.in/" "Mozilla/5.0 (X11; Linux x86_64; rv:10.0.2) Gecko/20100101 Firefox/10.0.2"
27.251.16.222 - - [22/Mar/2012:20:01:20 -0700] "GET /header.png HTTP/1.1" 200 14249 "http://yuvi.in/" "Mozilla/5.0 (X11; Linux x86_64; rv:10.0.2) Gecko/20100101 Firefox/10.0.2"
27.251.16.222 - - [22/Mar/2012:20:01:20 -0700] "GET /favicon.ico HTTP/1.1" 404 142 "-" "Mozilla/5.0 (X11; Linux x86_64; rv:10.0.2) Gecko/20100101 Firefox/10.0.2"
27.251.16.222 - - [22/Mar/2012:20:01:21 -0700] "GET /favicon.ico HTTP/1.1" 404 142 "-" "Mozilla/5.0 (X11; Linux x86_64; rv:10.0.2) Gecko/20100101 Firefox/10.0.2"
27.251.16.222 - - [22/Mar/2012:20:01:27 -0700] "GET /blog HTTP/1.1" 301 178 "http://yuvi.in/" "Mozilla/5.0 (X11; Linux x86_64; rv:10.0.2) Gecko/20100101 Firefox/10.0.2"
27.251.16.222 - - [22/Mar/2012:20:01:28 -0700] "GET /blog/ HTTP/1.1" 200 9194 "http://yuvi.in/" "Mozilla/5.0 (X11; Linux x86_64; rv:10.0.2) Gecko/20100101 Firefox/10.0.2"
27.251.16.222 - - [22/Mar/2012:20:01:28 -0700] "GET /blog/wp-content/themes/cleanr/js/jquery.dropdown.js?ver=3.3.1 HTTP/1.1" 200 535 "http://yuvi.in/blog/" "Mozilla/5.0 (X11; Linux x86_64; rv:10.0.2) Gecko/20100101 Firefox/10.0.2"
27.251.16.222 - - [22/Mar/2012:20:01:28 -0700] "GET /blog/wp-content/themes/cleanr/style.css HTTP/1.1" 200 10508 "http://yuvi.in/blog/" "Mozilla/5.0 (X11; Linux x86_64; rv:10.0.2) Gecko/20100101 Firefox/10.0.2"
27.251.16.222 - - [22/Mar/2012:20:01:29 -0700] "GET /blog/wp-includes/js/jquery/jquery.js?ver=1.7.1 HTTP/1.1" 200 93889 "http://yuvi.in/blog/" "Mozilla/5.0 (X11; Linux x86_64; rv:10.0.2) Gecko/20100101 Firefox/10.0.2"
27.251.16.222 - - [22/Mar/2012:20:01:30 -0700] "GET /blog/wp-content/themes/cleanr/css/reset.css HTTP/1.1" 200 648 "http://yuvi.in/blog/wp-content/themes/cleanr/style.css" "Mozilla/5.0 (X11; Linux x86_64; rv:10.0.2) Gecko/20100101 Firefox/10.0.2"
27.251.16.222 - - [22/Mar/2012:20:01:30 -0700] "GET /blog/wp-content/themes/cleanr/css/960.css HTTP/1.1" 200 3628 "http://yuvi.in/blog/wp-content/themes/cleanr/style.css" "Mozilla/5.0 (X11; Linux x86_64; rv:10.0.2) Gecko/20100101 Firefox/10.0.2"
27.251.16.222 - - [22/Mar/2012:20:01:30 -0700] "GET /blog/wp-content/themes/cleanr/css/text.css HTTP/1.1" 200 420 "http://yuvi.in/blog/wp-content/themes/cleanr/style.css" "Mozilla/5.0 (X11; Linux x86_64; rv:10.0.2) Gecko/20100101 Firefox/10.0.2"
27.251.16.222 - - [22/Mar/2012:20:01:30 -0700] "GET /blog/wp-content/themes/cleanr/images/search_magnifier.gif HTTP/1.1" 200 394 "http://yuvi.in/blog/" "Mozilla/5.0 (X11; Linux x86_64; rv:10.0.2) Gecko/20100101 Firefox/10.0.2"
69.171.224.251 - - [22/Mar/2012:20:01:36 -0700] "GET /r/1eg5 HTTP/1.1" 301 257 "-" "facebookexternalhit/1.1 (+http://www.facebook.com/externalhit_uatext.php)"
69.171.224.244 - - [22/Mar/2012:20:01:36 -0700] "GET /s/ta/1eg5/ HTTP/1.1" 302 337 "-" "facebookexternalhit/1.1 (+http://www.facebook.com/externalhit_uatext.php)"
207.46.204.162 - - [22/Mar/2012:20:04:25 -0700] "-" 400 0 "-" "-"
207.46.204.162 - - [22/Mar/2012:20:04:26 -0700] "-" 400 0 "-" "-"
207.46.204.162 - - [22/Mar/2012:20:04:26 -0700] "-" 400 0 "-" "-"
207.46.204.162 - - [22/Mar/2012:20:04:26 -0700] "-" 400 0 "-" "-"
207.46.204.162 - - [22/Mar/2012:20:04:26 -0700] "-" 400 0 "-" "-"
207.46.204.162 - - [22/Mar/2012:20:04:26 -0700] "-" 400 0 "-" "-"
207.46.204.162 - - [22/Mar/2012:20:04:26 -0700] "-" 400 0 "-" "-"
207.46.204.162 - - [22/Mar/2012:20:04:26 -0700] "-" 400 0 "-" "-"
207.46.204.162 - - [22/Mar/2012:20:04:26 -0700] "-" 400 0 "-" "-"
85.17.88.169 - - [22/Mar/2012:20:04:46 -0700] "POST /blog/wp-cron.php?doing_wp_cron=1332471711 HTTP/1.0" 499 0 "-" "WordPress/3.3.1; http://yuvi.in/blog"
100.43.83.144 - - [22/Mar/2012:20:04:46 -0700] "GET /blog/tag/devlog-dec-2011/ HTTP/1.1" 200 4460 "-" "Mozilla/5.0 (compatible; YandexBot/3.0; +http://yandex.com/bots)"
207.46.204.162 - - [22/Mar/2012:20:05:10 -0700] "-" 400 0 "-" "-"
207.46.204.162 - - [22/Mar/2012:20:05:10 -0700] "-" 400 0 "-" "-"
117.193.105.4 - - [22/Mar/2012:20:06:13 -0700] "-" 400 0 "-" "-"
69.171.234.2 - - [22/Mar/2012:20:08:24 -0700] "GET /r/1tti HTTP/1.1" 301 257 "-" "facebookexternalhit/1.1 (+http://www.facebook.com/externalhit_uatext.php)"
69.171.234.4 - - [22/Mar/2012:20:08:24 -0700] "GET /s/ta/1tti/ HTTP/1.1" 302 411 "-" "facebookexternalhit/1.1 (+http://www.facebook.com/externalhit_uatext.php)"
117.193.105.4 - - [22/Mar/2012:20:09:43 -0700] "-" 400 0 "-" "-"
117.193.105.4 - - [22/Mar/2012:20:09:43 -0700] "-" 400 0 "-" "-"
117.193.105.4 - - [22/Mar/2012:20:09:43 -0700] "-" 400 0 "-" "-"
117.193.105.4 - - [22/Mar/2012:20:09:43 -0700] "-" 400 0 "-" "-"
122.174.94.128 - - [22/Mar/2012:20:10:46 -0700] "-" 400 0 "-" "-"
117.193.105.4 - - [22/Mar/2012:20:10:54 -0700] "-" 400 0 "-" "-"
69.171.234.0 - - [22/Mar/2012:20:11:20 -0700] "GET /r/1tti HTTP/1.1" 301 257 "-" "facebookexternalhit/1.1 (+http://www.facebook.com/externalhit_uatext.php)"
69.171.234.7 - - [22/Mar/2012:20:11:20 -0700] "GET /s/ta/1tti/ HTTP/1.1" 302 411 "-" "facebookexternalhit/1.1 (+http://www.facebook.com/externalhit_uatext.php)"
66.249.67.123 - - [22/Mar/2012:20:13:02 -0700] "GET /blog/ HTTP/1.1" 200 9194 "-" "Mozilla/5.0 (compatible; Googlebot/2.1; +http://www.google.com/bot.html)"
85.17.88.169 - - [22/Mar/2012:20:13:46 -0700] "POST /blog/wp-cron.php?doing_wp_cron=1332472251 HTTP/1.0" 499 0 "-" "WordPress/3.3.1; http://yuvi.in/blog"
80.218.47.61 - - [22/Mar/2012:20:13:47 -0700] "GET /blog/category/devlog/ HTTP/1.1" 200 43222 "-" "Mozilla/5.0 (compatible; Googlebot/2.1; +http://www.google.com/bot.html)"
117.193.105.4 - - [22/Mar/2012:20:14:04 -0700] "-" 400 0 "-" "-"
207.46.204.162 - - [22/Mar/2012:20:14:06 -0700] "-" 400 0 "-" "-"
207.46.204.162 - - [22/Mar/2012:20:14:13 -0700] "-" 400 0 "-" "-"
207.46.204.162 - - [22/Mar/2012:20:14:14 -0700] "-" 400 0 "-" "-"
207.46.204.162 - - [22/Mar/2012:20:14:14 -0700] "-" 400 0 "-" "-"
207.46.204.162 - - [22/Mar/2012:20:14:15 -0700] "-" 400 0 "-" "-"
85.17.88.169 - - [22/Mar/2012:20:14:15 -0700] "POST /blog/wp-cron.php?doing_wp_cron=1332472281 HTTP/1.0" 499 0 "-" "WordPress/3.3.1; http://yuvi.in/blog"
209.85.238.115 - - [22/Mar/2012:20:14:16 -0700] "GET /blog/feed/ HTTP/1.1" 304 0 "-" "Feedfetcher-Google; (+http://www.google.com/feedfetcher.html; 19 subscribers; feed-id=15064232456473204253)"
207.46.204.162 - - [22/Mar/2012:20:14:16 -0700] "-" 400 0 "-" "-"
207.46.204.162 - - [22/Mar/2012:20:14:17 -0700] "-" 400 0 "-" "-"
207.46.204.162 - - [22/Mar/2012:20:14:17 -0700] "-" 400 0 "-" "-"
207.46.204.162 - - [22/Mar/2012:20:14:17 -0700] "-" 400 0 "-" "-"
207.46.204.162 - - [22/Mar/2012:20:14:18 -0700] "-" 400 0 "-" "-"
207.46.204.168 - - [22/Mar/2012:20:14:49 -0700] "-" 400 0 "-" "-"
207.46.204.168 - - [22/Mar/2012:20:14:49 -0700] "-" 400 0 "-" "-"
207.46.204.168 - - [22/Mar/2012:20:14:49 -0700] "-" 400 0 "-" "-"
207.46.204.168 - - [22/Mar/2012:20:14:49 -0700] "-" 400 0 "-" "-"
207.46.204.168 - - [22/Mar/2012:20:14:49 -0700] "-" 400 0 "-" "-"
207.46.204.168 - - [22/Mar/2012:20:14:50 -0700] "-" 400 0 "-" "-"
207.46.204.168 - - [22/Mar/2012:20:14:50 -0700] "-" 400 0 "-" "-"
207.46.204.168 - - [22/Mar/2012:20:14:50 -0700] "-" 400 0 "-" "-"
122.174.94.128 - - [22/Mar/2012:20:15:07 -0700] "-" 400 0 "-" "-"
117.193.230.108 - - [22/Mar/2012:20:15:43 -0700] "-" 400 0 "-" "-"
207.46.204.168 - - [22/Mar/2012:20:15:46 -0700] "-" 400 0 "-" "-"
207.46.204.168 - - [22/Mar/2012:20:15:46 -0700] "-" 400 0 "-" "-"
207.46.204.168 - - [22/Mar/2012:20:15:46 -0700] "-" 400 0 "-" "-"
69.171.234.2 - - [22/Mar/2012:20:17:15 -0700] "GET /r/p3f HTTP/1.1" 301 255 "-" "facebookexternalhit/1.1 (+http://www.facebook.com/externalhit_uatext.php)"
69.171.234.2 - - [22/Mar/2012:20:17:15 -0700] "GET /s/ta/p3f/ HTTP/1.1" 302 425 "-" "facebookexternalhit/1.1 (+http://www.facebook.com/externalhit_uatext.php)"
117.193.230.108 - - [22/Mar/2012:20:17:17 -0700] "-" 400 0 "-" "-"
69.171.228.251 - - [22/Mar/2012:20:17:22 -0700] "GET /r/tpn HTTP/1.1" 301 255 "-" "facebookexternalhit/1.1 (+http://www.facebook.com/externalhit_uatext.php)"
69.171.228.251 - - [22/Mar/2012:20:17:23 -0700] "GET /s/ta/tpn/ HTTP/1.1" 302 265 "-" "facebookexternalhit/1.1 (+http://www.facebook.com/externalhit_uatext.php)"
69.171.234.0 - - [22/Mar/2012:20:19:22 -0700] "GET /r/p3f HTTP/1.1" 301 255 "-" "facebookexternalhit/1.1 (+http://www.facebook.com/externalhit_uatext.php)"
69.171.234.3 - - [22/Mar/2012:20:19:22 -0700] "GET /s/ta/p3f/ HTTP/1.1" 302 425 "-" "facebookexternalhit/1.1 (+http://www.facebook.com/externalhit_uatext.php)"
85.17.88.169 - - [22/Mar/2012:20:21:10 -0700] "POST /blog/wp-cron.php?doing_wp_cron=1332472695 HTTP/1.0" 499 0 "-" "WordPress/3.3.1; http://yuvi.in/blog"
66.249.67.123 - - [22/Mar/2012:20:21:11 -0700] "GET /blog/2009/06/ HTTP/1.1" 200 8482 "-" "Mozilla/5.0 (compatible; Googlebot/2.1; +http://www.google.com/bot.html)"
117.193.51.91 - - [22/Mar/2012:20:21:12 -0700] "-" 400 0 "-" "-"
117.193.51.91 - - [22/Mar/2012:20:21:12 -0700] "-" 400 0 "-" "-"
117.193.51.91 - - [22/Mar/2012:20:21:12 -0700] "-" 400 0 "-" "-"
117.193.51.91 - - [22/Mar/2012:20:21:12 -0700] "-" 400 0 "-" "-"
117.193.51.91 - - [22/Mar/2012:20:21:12 -0700] "-" 400 0 "-" "-"
117.193.51.91 - - [22/Mar/2012:20:21:12 -0700] "-" 400 0 "-" "-"
101.63.134.26 - - [22/Mar/2012:20:21:21 -0700] "-" 400 0 "-" "-"
69.171.234.5 - - [22/Mar/2012:20:21:35 -0700] "GET /r/p3f HTTP/1.1" 301 255 "-" "facebookexternalhit/1.1 (+http://www.facebook.com/externalhit_uatext.php)"
69.171.234.3 - - [22/Mar/2012:20:21:35 -0700] "GET /s/ta/p3f/ HTTP/1.1" 302 425 "-" "facebookexternalhit/1.1 (+http://www.facebook.com/externalhit_uatext.php)"
117.202.143.200 - - [22/Mar/2012:20:21:35 -0700] "-" 400 0 "-" "-"
209.85.224.85 - - [22/Mar/2012:20:21:42 -0700] "GET /stories/feed HTTP/1.1" 200 13653 "-" "FeedBurner/1.0 (http://www.FeedBurner.com)"
101.63.134.26 - - [22/Mar/2012:20:22:51 -0700] "-" 400 0 "-" "-"
101.63.134.26 - - [22/Mar/2012:20:22:51 -0700] "-" 400 0 "-" "-"
101.63.134.26 - - [22/Mar/2012:20:22:51 -0700] "-" 400 0 "-" "-"
101.63.134.26 - - [22/Mar/2012:20:22:51 -0700] "-" 400 0 "-" "-"
85.17.88.169 - - [22/Mar/2012:20:24:00 -0700] "POST /blog/wp-cron.php?doing_wp_cron=1332472866 HTTP/1.0" 499 0 "-" "WordPress/3.3.1; http://yuvi.in/blog"
213.186.127.13 - - [22/Mar/2012:20:24:01 -0700] "GET /blog/tag/travel/ HTTP/1.1" 200 4175 "-" "Mozilla/5.0 (compatible; AhrefsBot/2.0; +http://ahrefs.com/robot/)"
85.17.88.169 - - [22/Mar/2012:20:24:30 -0700] "POST /blog/wp-cron.php?doing_wp_cron=1332472895 HTTP/1.0" 499 0 "-" "WordPress/3.3.1; http://yuvi.in/blog"
100.43.83.144 - - [22/Mar/2012:20:24:33 -0700] "GET /blog/2009/10/ HTTP/1.1" 200 10007 "-" "Mozilla/5.0 (compatible; YandexBot/3.0; +http://yandex.com/bots)"
117.193.10.246 - - [22/Mar/2012:20:25:04 -0700] "-" 400 0 "-" "-"
100.43.83.144 - - [22/Mar/2012:20:25:05 -0700] "GET /blog/tag/code.html HTTP/1.1" 304 0 "-" "Mozilla/5.0 (compatible; YandexBot/3.0; +http://yandex.com/bots)"
85.17.88.169 - - [22/Mar/2012:20:25:45 -0700] "POST /blog/wp-cron.php?doing_wp_cron=1332472970 HTTP/1.0" 499 0 "-" "WordPress/3.3.1; http://yuvi.in/blog"
209.85.224.82 - - [22/Mar/2012:20:25:45 -0700] "GET /blog/feed HTTP/1.1" 304 0 "-" "FeedBurner/1.0 (http://www.FeedBurner.com)"
101.63.134.26 - - [22/Mar/2012:20:26:11 -0700] "-" 400 0 "-" "-"
66.249.67.123 - - [22/Mar/2012:20:26:33 -0700] "GET /blog/tag/code.html HTTP/1.1" 304 0 "-" "Mozilla/5.0 (compatible; Googlebot/2.1; +http://www.google.com/bot.html)"
101.63.134.26 - - [22/Mar/2012:20:27:12 -0700] "-" 400 0 "-" "-"
101.63.134.26 - - [22/Mar/2012:20:27:12 -0700] "-" 400 0 "-" "-"
101.63.134.26 - - [22/Mar/2012:20:27:12 -0700] "-" 400 0 "-" "-"
207.46.204.217 - - [22/Mar/2012:20:27:35 -0700] "-" 400 0 "-" "-"
207.46.204.217 - - [22/Mar/2012:20:27:37 -0700] "-" 400 0 "-" "-"
207.46.204.217 - - [22/Mar/2012:20:27:37 -0700] "-" 400 0 "-" "-"
207.46.204.217 - - [22/Mar/2012:20:27:37 -0700] "-" 400 0 "-" "-"
207.46.204.217 - - [22/Mar/2012:20:27:37 -0700] "-" 400 0 "-" "-"
207.46.204.217 - - [22/Mar/2012:20:27:38 -0700] "-" 400 0 "-" "-"
207.46.204.217 - - [22/Mar/2012:20:27:38 -0700] "-" 400 0 "-" "-"
207.46.204.217 - - [22/Mar/2012:20:27:38 -0700] "-" 400 0 "-" "-"
207.46.204.217 - - [22/Mar/2012:20:27:38 -0700] "-" 400 0 "-" "-"
207.46.204.217 - - [22/Mar/2012:20:27:38 -0700] "-" 400 0 "-" "-"
207.46.204.217 - - [22/Mar/2012:20:28:26 -0700] "-" 400 0 "-" "-"
14.96.100.220 - - [22/Mar/2012:20:28:39 -0700] "-" 400 0 "-" "-"
85.17.88.169 - - [22/Mar/2012:20:29:17 -0700] "POST /blog/wp-cron.php?doing_wp_cron=1332473182 HTTP/1.0" 499 0 "-" "WordPress/3.3.1; http://yuvi.in/blog"
66.249.67.123 - - [22/Mar/2012:20:29:17 -0700] "GET /blog/2011/12/ HTTP/1.1" 200 13429 "-" "Mozilla/5.0 (compatible; Googlebot/2.1; +http://www.google.com/bot.html)"
14.99.248.180 - - [22/Mar/2012:20:30:56 -0700] "-" 400 0 "-" "-"
117.195.74.54 - - [22/Mar/2012:20:30:58 -0700] "-" 400 0 "-" "-"
101.63.134.26 - - [22/Mar/2012:20:31:01 -0700] "-" 400 0 "-" "-"
71.168.105.197 - - [22/Mar/2012:20:31:37 -0700] "GET /robots.txt HTTP/1.0" 404 169 "-" "Mozilla/5.0 (compatible; MJ12bot/v1.4.2; http://www.majestic12.co.uk/bot.php?+)"
85.17.88.169 - - [22/Mar/2012:20:31:43 -0700] "POST /blog/wp-cron.php?doing_wp_cron=1332473328 HTTP/1.0" 499 0 "-" "WordPress/3.3.1; http://yuvi.in/blog"
71.168.105.197 - - [22/Mar/2012:20:31:43 -0700] "GET /blog/non-ascii-characters-http-headers HTTP/1.1" 301 0 "-" "Mozilla/5.0 (compatible; MJ12bot/v1.4.2; http://www.majestic12.co.uk/bot.php?+)"
85.17.88.169 - - [22/Mar/2012:20:31:48 -0700] "POST /blog/wp-cron.php?doing_wp_cron=1332473333 HTTP/1.0" 499 0 "-" "WordPress/3.3.1; http://yuvi.in/blog"
71.168.105.197 - - [22/Mar/2012:20:31:48 -0700] "GET /blog/non-ascii-characters-http-headers/ HTTP/1.1" 200 18385 "-" "Mozilla/5.0 (compatible; MJ12bot/v1.4.2; http://www.majestic12.co.uk/bot.php?+)"
85.17.88.169 - - [22/Mar/2012:20:31:49 -0700] "POST /blog/wp-cron.php?doing_wp_cron=1332473335 HTTP/1.0" 499 0 "-" "WordPress/3.3.1; http://yuvi.in/blog"
94.228.34.248 - - [22/Mar/2012:20:31:50 -0700] "GET /blog/ HTTP/1.1" 200 10128 "-" "magpie-crawler/1.1 (U; Linux amd64; en-GB; +http://www.brandwatch.net)"
85.17.88.169 - - [22/Mar/2012:20:31:52 -0700] "POST /blog/wp-cron.php?doing_wp_cron=1332473337 HTTP/1.0" 499 0 "-" "WordPress/3.3.1; http://yuvi.in/blog"
94.228.34.248 - - [22/Mar/2012:20:31:52 -0700] "GET /blog/index.html HTTP/1.1" 404 3016 "http://yuvi.in/blog/" "magpie-crawler/1.1 (U; Linux amd64; en-GB; +http://www.brandwatch.net)"
85.17.88.169 - - [22/Mar/2012:20:31:54 -0700] "POST /blog/wp-cron.php?doing_wp_cron=1332473339 HTTP/1.0" 499 0 "-" "WordPress/3.3.1; http://yuvi.in/blog"
71.168.105.197 - - [22/Mar/2012:20:32:04 -0700] "GET /blog/programmer-run-code-head HTTP/1.1" 301 0 "-" "Mozilla/5.0 (compatible; MJ12bot/v1.4.2; http://www.majestic12.co.uk/bot.php?+)"
85.17.88.169 - - [22/Mar/2012:20:32:17 -0700] "POST /blog/wp-cron.php?doing_wp_cron=1332473362 HTTP/1.0" 499 0 "-" "WordPress/3.3.1; http://yuvi.in/blog"
71.168.105.197 - - [22/Mar/2012:20:32:17 -0700] "GET /blog/programmer-run-code-head/ HTTP/1.1" 200 5231 "-" "Mozilla/5.0 (compatible; MJ12bot/v1.4.2; http://www.majestic12.co.uk/bot.php?+)"
101.63.134.26 - - [22/Mar/2012:20:32:31 -0700] "-" 400 0 "-" "-"
101.63.134.26 - - [22/Mar/2012:20:32:31 -0700] "-" 400 0 "-" "-"
14.99.248.180 - - [22/Mar/2012:20:32:37 -0700] "-" 400 0 "-" "-"
85.17.88.169 - - [22/Mar/2012:20:33:20 -0700] "POST /blog/wp-cron.php?doing_wp_cron=1332473426 HTTP/1.0" 499 0 "-" "WordPress/3.3.1; http://yuvi.in/blog"
208.115.111.68 - - [22/Mar/2012:20:33:21 -0700] "GET /blog/sleepsort-4chan/feed/ HTTP/1.1" 200 740 "-" "Mozilla/5.0 (compatible; Ezooms/1.0; ezooms.bot@gmail.com)"
85.17.88.169 - - [22/Mar/2012:20:33:26 -0700] "POST /blog/wp-cron.php?doing_wp_cron=1332473431 HTTP/1.0" 499 0 "-" "WordPress/3.3.1; http://yuvi.in/blog"
208.115.111.68 - - [22/Mar/2012:20:33:27 -0700] "GET /blog/2010/09/07/ HTTP/1.1" 200 15738 "-" "Mozilla/5.0 (compatible; Ezooms/1.0; ezooms.bot@gmail.com)"
85.17.88.169 - - [22/Mar/2012:20:33:37 -0700] "POST /blog/wp-cron.php?doing_wp_cron=1332473442 HTTP/1.0" 499 0 "-" "WordPress/3.3.1; http://yuvi.in/blog"
208.115.111.68 - - [22/Mar/2012:20:33:37 -0700] "GET /blog/devlog-december-2011/feed/ HTTP/1.1" 200 750 "-" "Mozilla/5.0 (compatible; Ezooms/1.0; ezooms.bot@gmail.com)"
208.115.111.68 - - [22/Mar/2012:20:33:41 -0700] "GET /blog/gsoc-milestone-0-what-does-my-project-do.html HTTP/1.1" 200 6877 "-" "Mozilla/5.0 (compatible; Ezooms/1.0; ezooms.bot@gmail.com)"
117.193.10.244 - - [22/Mar/2012:20:34:40 -0700] "-" 400 0 "-" "-"
85.17.88.169 - - [22/Mar/2012:20:34:41 -0700] "POST /blog/wp-cron.php?doing_wp_cron=1332473507 HTTP/1.0" 499 0 "-" "WordPress/3.3.1; http://yuvi.in/blog"
66.249.67.123 - - [22/Mar/2012:20:34:42 -0700] "GET /blog/category/personal/page/3/ HTTP/1.1" 200 8929 "-" "Mozilla/5.0 (compatible; Googlebot/2.1; +http://www.google.com/bot.html)"
14.99.248.180 - - [22/Mar/2012:20:35:49 -0700] "-" 400 0 "-" "-"
101.63.134.26 - - [22/Mar/2012:20:35:55 -0700] "-" 400 0 "-" "-"
85.17.88.169 - - [22/Mar/2012:20:36:15 -0700] "POST /blog/wp-cron.php?doing_wp_cron=1332473600 HTTP/1.0" 499 0 "-" "WordPress/3.3.1; http://yuvi.in/blog"
66.135.57.47 - - [22/Mar/2012:20:36:15 -0700] "GET /blog/my-vimrc/ HTTP/1.0" 200 16009 "-" "Mozilla/5.0 (Windows; U; Windows NT 5.1; rv:1.7.3) Gecko/20041001 Firefox/0.10.1"
85.17.88.169 - - [22/Mar/2012:20:36:18 -0700] "POST /blog/wp-cron.php?doing_wp_cron=1332473603 HTTP/1.0" 499 0 "-" "WordPress/3.3.1; http://yuvi.in/blog"
66.135.57.47 - - [22/Mar/2012:20:36:19 -0700] "GET /blog/college-drop/ HTTP/1.0" 200 18395 "-" "Mozilla/5.0 (Windows; U; Windows NT 5.1; rv:1.7.3) Gecko/20041001 Firefox/0.10.1"
85.17.88.169 - - [22/Mar/2012:20:36:21 -0700] "POST /blog/wp-cron.php?doing_wp_cron=1332473607 HTTP/1.0" 499 0 "-" "WordPress/3.3.1; http://yuvi.in/blog"
66.135.57.47 - - [22/Mar/2012:20:36:22 -0700] "GET /blog/passing-headers-proxying-nginx/ HTTP/1.0" 200 16690 "-" "Mozilla/5.0 (Windows; U; Windows NT 5.1; rv:1.7.3) Gecko/20041001 Firefox/0.10.1"
85.17.88.169 - - [22/Mar/2012:20:36:25 -0700] "POST /blog/wp-cron.php?doing_wp_cron=1332473610 HTTP/1.0" 499 0 "-" "WordPress/3.3.1; http://yuvi.in/blog"
66.135.57.47 - - [22/Mar/2012:20:36:25 -0700] "GET /blog/program/ HTTP/1.0" 200 27214 "-" "Mozilla/5.0 (Windows; U; Windows NT 5.1; rv:1.7.3) Gecko/20041001 Firefox/0.10.1"
85.17.88.169 - - [22/Mar/2012:20:36:28 -0700] "POST /blog/wp-cron.php?doing_wp_cron=1332473613 HTTP/1.0" 499 0 "-" "WordPress/3.3.1; http://yuvi.in/blog"
66.135.57.47 - - [22/Mar/2012:20:36:29 -0700] "GET /blog/devlog-december-26-2011/ HTTP/1.0" 200 16694 "-" "Mozilla/5.0 (Windows; U; Windows NT 5.1; rv:1.7.3) Gecko/20041001 Firefox/0.10.1"
85.17.88.169 - - [22/Mar/2012:20:36:31 -0700] "POST /blog/wp-cron.php?doing_wp_cron=1332473616 HTTP/1.0" 499 0 "-" "WordPress/3.3.1; http://yuvi.in/blog"
66.135.57.47 - - [22/Mar/2012:20:36:32 -0700] "GET /blog/devlog-december-23-2011/ HTTP/1.0" 200 16517 "-" "Mozilla/5.0 (Windows; U; Windows NT 5.1; rv:1.7.3) Gecko/20041001 Firefox/0.10.1"
85.17.88.169 - - [22/Mar/2012:20:36:34 -0700] "POST /blog/wp-cron.php?doing_wp_cron=1332473619 HTTP/1.0" 499 0 "-" "WordPress/3.3.1; http://yuvi.in/blog"
66.135.57.47 - - [22/Mar/2012:20:36:35 -0700] "GET /blog/devlog-december-21-2011/ HTTP/1.0" 200 17121 "-" "Mozilla/5.0 (Windows; U; Windows NT 5.1; rv:1.7.3) Gecko/20041001 Firefox/0.10.1"
85.17.88.169 - - [22/Mar/2012:20:36:37 -0700] "POST /blog/wp-cron.php?doing_wp_cron=1332473623 HTTP/1.0" 499 0 "-" "WordPress/3.3.1; http://yuvi.in/blog"
66.135.57.47 - - [22/Mar/2012:20:36:38 -0700] "GET /blog/devlog-december-11-2011/ HTTP/1.0" 200 16592 "-" "Mozilla/5.0 (Windows; U; Windows NT 5.1; rv:1.7.3) Gecko/20041001 Firefox/0.10.1"
85.17.88.169 - - [22/Mar/2012:20:36:41 -0700] "POST /blog/wp-cron.php?doing_wp_cron=1332473626 HTTP/1.0" 499 0 "-" "WordPress/3.3.1; http://yuvi.in/blog"
66.135.57.47 - - [22/Mar/2012:20:36:41 -0700] "GET /blog/devlog-december-10-2011/ HTTP/1.0" 200 16387 "-" "Mozilla/5.0 (Windows; U; Windows NT 5.1; rv:1.7.3) Gecko/20041001 Firefox/0.10.1"
85.17.88.169 - - [22/Mar/2012:20:36:44 -0700] "POST /blog/wp-cron.php?doing_wp_cron=1332473629 HTTP/1.0" 499 0 "-" "WordPress/3.3.1; http://yuvi.in/blog"
66.135.57.47 - - [22/Mar/2012:20:36:44 -0700] "GET /blog/devlog-december-7-2011/ HTTP/1.0" 200 16833 "-" "Mozilla/5.0 (Windows; U; Windows NT 5.1; rv:1.7.3) Gecko/20041001 Firefox/0.10.1"
14.99.248.180 - - [22/Mar/2012:20:37:24 -0700] "-" 400 0 "-" "-"
94.228.34.209 - - [22/Mar/2012:20:37:33 -0700] "GET /blog/serendipity.html HTTP/1.1" 304 0 "-" "magpie-crawler/1.1 (U; Linux amd64; en-GB; +http://www.brandwatch.net)"
101.63.134.26 - - [22/Mar/2012:20:37:37 -0700] "-" 400 0 "-" "-"
59.92.55.165 - - [22/Mar/2012:20:38:07 -0700] "-" 400 0 "-" "-"
117.193.67.194 - - [22/Mar/2012:20:38:43 -0700] "-" 400 0 "-" "-"
85.17.88.169 - - [22/Mar/2012:20:41:07 -0700] "POST /blog/wp-cron.php?doing_wp_cron=1332473892 HTTP/1.0" 499 0 "-" "WordPress/3.3.1; http://yuvi.in/blog"
180.76.6.28 - - [22/Mar/2012:20:41:08 -0700] "GET /blog/functional-programming-geekweekend-at-thoughtworks/ HTTP/1.1" 200 6433 "-" "Mozilla/5.0 (compatible; Baiduspider/2.0; +http://www.baidu.com/search/spider.html)"
85.17.88.169 - - [22/Mar/2012:20:41:25 -0700] "POST /blog/wp-cron.php?doing_wp_cron=1332473910 HTTP/1.0" 499 0 "-" "WordPress/3.3.1; http://yuvi.in/blog"
100.43.83.144 - - [22/Mar/2012:20:41:26 -0700] "GET /blog/2011/01/ HTTP/1.1" 200 7831 "-" "Mozilla/5.0 (compatible; YandexBot/3.0; +http://yandex.com/bots)"
59.92.75.73 - - [22/Mar/2012:20:44:34 -0700] "-" 400 0 "-" "-"
59.92.75.73 - - [22/Mar/2012:20:45:44 -0700] "-" 400 0 "-" "-"
14.99.248.180 - - [22/Mar/2012:20:46:08 -0700] "-" 400 0 "-" "-"
101.63.171.200 - - [22/Mar/2012:20:46:33 -0700] "-" 400 0 "-" "-"
66.220.149.251 - - [22/Mar/2012:20:46:48 -0700] "GET /r/1x7m HTTP/1.1" 301 257 "-" "facebookexternalhit/1.1 (+http://www.facebook.com/externalhit_uatext.php)"
66.220.149.247 - - [22/Mar/2012:20:46:48 -0700] "GET /s/ta/1x7m/ HTTP/1.1" 302 513 "-" "facebookexternalhit/1.1 (+http://www.facebook.com/externalhit_uatext.php)"
59.92.75.73 - - [22/Mar/2012:20:47:14 -0700] "-" 400 0 "-" "-"
216.245.209.10 - - [22/Mar/2012:20:48:20 -0700] "GET / HTTP/1.1" 200 3439 "http://www.webstatschecker.com/stats/domain/yuvi.in" "Mozilla/4.0 (compatible; MSIE 6.0; Windows NT 5.0)["
85.17.88.169 - - [22/Mar/2012:20:50:55 -0700] "POST /blog/wp-cron.php?doing_wp_cron=1332474480 HTTP/1.0" 499 0 "-" "WordPress/3.3.1; http://yuvi.in/blog"
66.249.67.123 - - [22/Mar/2012:20:50:56 -0700] "GET /blog/six-years-of-blogging-and-eleven-years-of-coding/ HTTP/1.1" 200 4680 "-" "Mozilla/5.0 (compatible; Googlebot/2.1; +http://www.google.com/bot.html)"
59.92.75.73 - - [22/Mar/2012:20:53:53 -0700] "-" 400 0 "-" "-"
59.92.75.73 - - [22/Mar/2012:20:53:53 -0700] "-" 400 0 "-" "-"
85.17.88.169 - - [22/Mar/2012:20:55:03 -0700] "POST /blog/wp-cron.php?doing_wp_cron=1332474728 HTTP/1.0" 499 0 "-" "WordPress/3.3.1; http://yuvi.in/blog"
100.43.83.144 - - [22/Mar/2012:20:55:03 -0700] "GET /blog/dokuwiki-plugin-to-easily-embed-gists/ HTTP/1.1" 200 4448 "-" "Mozilla/5.0 (compatible; YandexBot/3.0; +http://yandex.com/bots)"
85.17.88.169 - - [22/Mar/2012:20:55:52 -0700] "POST /blog/wp-cron.php?doing_wp_cron=1332474777 HTTP/1.0" 499 0 "-" "WordPress/3.3.1; http://yuvi.in/blog"
209.85.224.84 - - [22/Mar/2012:20:55:52 -0700] "GET /blog/feed HTTP/1.1" 304 0 "-" "FeedBurner/1.0 (http://www.FeedBurner.com)"
66.249.68.52 - - [22/Mar/2012:20:56:18 -0700] "GET /s/ta/2s99/ HTTP/1.1" 302 545 "-" "Mozilla/5.0 (compatible; Googlebot/2.1; +http://www.google.com/bot.html)"
157.55.112.208 - - [22/Mar/2012:20:59:06 -0700] "-" 400 0 "-" "-"
157.55.112.208 - - [22/Mar/2012:20:59:06 -0700] "-" 400 0 "-" "-"
157.55.112.208 - - [22/Mar/2012:20:59:08 -0700] "-" 400 0 "-" "-"
157.55.112.208 - - [22/Mar/2012:20:59:09 -0700] "-" 400 0 "-" "-"
157.55.112.208 - - [22/Mar/2012:20:59:09 -0700] "-" 400 0 "-" "-"
157.55.112.208 - - [22/Mar/2012:20:59:09 -0700] "-" 400 0 "-" "-"
157.55.112.208 - - [22/Mar/2012:20:59:10 -0700] "-" 400 0 "-" "-"
157.55.112.208 - - [22/Mar/2012:20:59:10 -0700] "-" 400 0 "-" "-"
157.55.112.208 - - [22/Mar/2012:20:59:10 -0700] "-" 400 0 "-" "-"
157.55.112.208 - - [22/Mar/2012:20:59:11 -0700] "-" 400 0 "-" "-"
157.55.112.208 - - [22/Mar/2012:20:59:11 -0700] "-" 400 0 "-" "-"
157.55.112.208 - - [22/Mar/2012:20:59:26 -0700] "-" 400 0 "-" "-"
59.92.75.73 - - [22/Mar/2012:21:00:53 -0700] "-" 400 0 "-" "-"
59.92.75.73 - - [22/Mar/2012:21:00:53 -0700] "-" 400 0 "-" "-"
59.92.75.73 - - [22/Mar/2012:21:00:53 -0700] "-" 400 0 "-" "-"
59.92.75.73 - - [22/Mar/2012:21:00:53 -0700] "-" 400 0 "-" "-"
14.99.254.144 - - [22/Mar/2012:21:01:22 -0700] "-" 400 0 "-" "-"
14.99.254.144 - - [22/Mar/2012:21:01:22 -0700] "-" 400 0 "-" "-"
14.99.254.144 - - [22/Mar/2012:21:01:22 -0700] "-" 400 0 "-" "-"
14.99.254.144 - - [22/Mar/2012:21:01:22 -0700] "-" 400 0 "-" "-"
85.17.88.169 - - [22/Mar/2012:21:02:39 -0700] "POST /blog/wp-cron.php?doing_wp_cron=1332475184 HTTP/1.0" 499 0 "-" "WordPress/3.3.1; http://yuvi.in/blog"
66.249.67.123 - - [22/Mar/2012:21:02:40 -0700] "GET /blog/story-average-indian-techie/?src=hn HTTP/1.1" 200 15981 "-" "Mozilla/5.0 (compatible; Googlebot/2.1; +http://www.google.com/bot.html)"
14.99.81.151 - - [22/Mar/2012:21:04:06 -0700] "-" 400 0 "-" "-"
85.17.88.169 - - [22/Mar/2012:21:04:26 -0700] "POST /blog/wp-cron.php?doing_wp_cron=1332475291 HTTP/1.0" 499 0 "-" "WordPress/3.3.1; http://yuvi.in/blog"
66.249.67.123 - - [22/Mar/2012:21:04:26 -0700] "GET /blog/category/code/page/4/ HTTP/1.1" 200 12089 "-" "Mozilla/5.0 (compatible; Googlebot/2.1; +http://www.google.com/bot.html)"
117.204.20.199 - - [22/Mar/2012:21:06:03 -0700] "GET /r/1va HTTP/1.1" 301 255 "-" "Mozilla/5.0 (iPhone; U; CPU iPhone OS 4_3_2 like Mac OS X; en-gb) AppleWebKit/533.17.9 (KHTML, like Gecko) Mobile/8H7"
117.204.20.199 - - [22/Mar/2012:21:06:04 -0700] "GET /s/ta/1va/ HTTP/1.1" 302 409 "-" "Mozilla/5.0 (iPhone; U; CPU iPhone OS 4_3_2 like Mac OS X; en-gb) AppleWebKit/533.17.9 (KHTML, like Gecko) Mobile/8H7"
14.99.81.151 - - [22/Mar/2012:21:06:06 -0700] "-" 400 0 "-" "-"
14.99.81.151 - - [22/Mar/2012:21:06:06 -0700] "-" 400 0 "-" "-"
117.204.20.199 - - [22/Mar/2012:21:06:10 -0700] "GET /r/23z HTTP/1.1" 301 255 "-" "Mozilla/5.0 (iPhone; U; CPU iPhone OS 4_3_2 like Mac OS X; en-gb) AppleWebKit/533.17.9 (KHTML, like Gecko) Mobile/8H7"
117.204.20.199 - - [22/Mar/2012:21:06:10 -0700] "GET /s/ta/23z/ HTTP/1.1" 302 397 "-" "Mozilla/5.0 (iPhone; U; CPU iPhone OS 4_3_2 like Mac OS X; en-gb) AppleWebKit/533.17.9 (KHTML, like Gecko) Mobile/8H7"
85.17.88.169 - - [22/Mar/2012:21:06:22 -0700] "POST /blog/wp-cron.php?doing_wp_cron=1332475407 HTTP/1.0" 499 0 "-" "WordPress/3.3.1; http://yuvi.in/blog"
128.208.6.75 - - [22/Mar/2012:21:06:22 -0700] "GET /blog/category/education/ HTTP/1.0" 200 14722 "-" "Mozilla/5.0/heritrix/3.1.0 (compatible;; http://vancouver.cs.washington.edu:8080/)"
14.99.81.151 - - [22/Mar/2012:21:07:06 -0700] "-" 400 0 "-" "-"
14.99.81.151 - - [22/Mar/2012:21:07:06 -0700] "-" 400 0 "-" "-"
14.99.81.151 - - [22/Mar/2012:21:07:06 -0700] "-" 400 0 "-" "-"
14.99.81.151 - - [22/Mar/2012:21:07:06 -0700] "-" 400 0 "-" "-"
117.239.105.199 - - [22/Mar/2012:21:08:39 -0700] "-" 400 0 "-" "-"
117.239.105.199 - - [22/Mar/2012:21:08:39 -0700] "-" 400 0 "-" "-"
117.239.105.199 - - [22/Mar/2012:21:08:39 -0700] "-" 400 0 "-" "-"
117.239.105.199 - - [22/Mar/2012:21:08:39 -0700] "-" 400 0 "-" "-"
85.17.88.169 - - [22/Mar/2012:21:08:40 -0700] "POST /blog/wp-cron.php?doing_wp_cron=1332475545 HTTP/1.0" 499 0 "-" "WordPress/3.3.1; http://yuvi.in/blog"
100.43.83.144 - - [22/Mar/2012:21:08:40 -0700] "GET /blog/temptations/ HTTP/1.1" 200 4767 "-" "Mozilla/5.0 (compatible; YandexBot/3.0; +http://yandex.com/bots)"
122.174.87.35 - - [22/Mar/2012:21:08:59 -0700] "-" 400 0 "-" "-"
115.248.18.66 - - [22/Mar/2012:21:09:37 -0700] "-" 400 0 "-" "-"
85.17.88.169 - - [22/Mar/2012:21:10:04 -0700] "POST /blog/wp-cron.php?doing_wp_cron=1332475630 HTTP/1.0" 499 0 "-" "WordPress/3.3.1; http://yuvi.in/blog"
209.85.238.115 - - [22/Mar/2012:21:10:05 -0700] "GET /blog/feed HTTP/1.1" 301 0 "-" "Feedfetcher-Google; (+http://www.google.com/feedfetcher.html; 3 subscribers; feed-id=17684830852112633560)"
85.17.88.169 - - [22/Mar/2012:21:10:07 -0700] "POST /blog/wp-cron.php?doing_wp_cron=1332475632 HTTP/1.0" 499 0 "-" "WordPress/3.3.1; http://yuvi.in/blog"
209.85.238.115 - - [22/Mar/2012:21:10:07 -0700] "GET /blog/feed/ HTTP/1.1" 304 0 "-" "Feedfetcher-Google; (+http://www.google.com/feedfetcher.html; 3 subscribers; feed-id=17684830852112633560)"
122.174.87.35 - - [22/Mar/2012:21:10:22 -0700] "-" 400 0 "-" "-"
85.17.88.169 - - [22/Mar/2012:21:11:03 -0700] "POST /blog/wp-cron.php?doing_wp_cron=1332475688 HTTP/1.0" 499 0 "-" "WordPress/3.3.1; http://yuvi.in/blog"
180.76.5.67 - - [22/Mar/2012:21:11:03 -0700] "GET /r/1nmq HTTP/1.1" 301 257 "-" "Mozilla/5.0 (compatible; Baiduspider/2.0; +http://www.baidu.com/search/spider.html)"
180.76.5.172 - - [22/Mar/2012:21:11:03 -0700] "GET /s/ta/1nmq/ HTTP/1.1" 302 365 "-" "Mozilla/5.0 (compatible; Baiduspider/2.0; +http://www.baidu.com/search/spider.html)"
31.214.133.18 - - [22/Mar/2012:21:11:03 -0700] "GET /blog/non-ascii-characters-http-headers/ HTTP/1.0" 200 18465 "http://yuvi.in/blog/non-ascii-characters-http-headers/" "Mozilla/4.0 (compatible; MSIE 6.0; Windows NT 5.1) Opera 7.54 [en]"
59.164.51.154 - - [22/Mar/2012:21:11:40 -0700] "-" 400 0 "-" "-"
59.92.75.73 - - [22/Mar/2012:21:13:07 -0700] "-" 400 0 "-" "-"
59.92.75.73 - - [22/Mar/2012:21:13:37 -0700] "-" 400 0 "-" "-"
59.92.75.73 - - [22/Mar/2012:21:13:37 -0700] "-" 400 0 "-" "-"
59.164.51.154 - - [22/Mar/2012:21:13:40 -0700] "-" 400 0 "-" "-"
59.164.51.154 - - [22/Mar/2012:21:13:40 -0700] "-" 400 0 "-" "-"
59.164.51.154 - - [22/Mar/2012:21:13:40 -0700] "-" 400 0 "-" "-"
59.164.51.154 - - [22/Mar/2012:21:14:50 -0700] "-" 400 0 "-" "-"
59.99.224.213 - - [22/Mar/2012:21:17:10 -0700] "GET /r/s9c HTTP/1.1" 301 255 "http://ta.wikipedia.org/wiki/%E0%AE%A4%E0%AE%BF%E0%AE%B0%E0%AE%BE%E0%AE%B5%E0%AE%BF%E0%AE%9F_%E0%AE%AE%E0%AF%8A%E0%AE%B4%E0%AE%BF%E0%AE%95%E0%AE%B3%E0%AE%BF%E0%AE%A9%E0%AF%8D_%E0%AE%92%E0%AE%AA%E0%AF%8D%E0%AE%AA%E0%AE%BF%E0%AE%B2%E0%AE%95%E0%AF%8D%E0%AE%95%E0%AE%A3%E0%AE%AE%E0%AF%8D_(%E0%AE%A8%E0%AF%82%E0%AE%B2%E0%AF%8D)" "Mozilla/5.0 (Windows NT 5.1; rv:11.0) Gecko/20100101 Firefox/11.0"
59.99.224.213 - - [22/Mar/2012:21:17:10 -0700] "GET /s/ta/s9c/ HTTP/1.1" 302 669 "http://ta.wikipedia.org/wiki/%E0%AE%A4%E0%AE%BF%E0%AE%B0%E0%AE%BE%E0%AE%B5%E0%AE%BF%E0%AE%9F_%E0%AE%AE%E0%AF%8A%E0%AE%B4%E0%AE%BF%E0%AE%95%E0%AE%B3%E0%AE%BF%E0%AE%A9%E0%AF%8D_%E0%AE%92%E0%AE%AA%E0%AF%8D%E0%AE%AA%E0%AE%BF%E0%AE%B2%E0%AE%95%E0%AF%8D%E0%AE%95%E0%AE%A3%E0%AE%AE%E0%AF%8D_(%E0%AE%A8%E0%AF%82%E0%AE%B2%E0%AF%8D)" "Mozilla/5.0 (Windows NT 5.1; rv:11.0) Gecko/20100101 Firefox/11.0"
59.99.224.213 - - [22/Mar/2012:21:17:15 -0700] "-" 400 0 "-" "-"
66.249.68.106 - - [22/Mar/2012:21:17:31 -0700] "GET /chennai/ HTTP/1.1" 404 142 "-" "Mozilla/5.0 (compatible; Googlebot/2.1; +http://www.google.com/bot.html)"
85.17.88.169 - - [22/Mar/2012:21:17:46 -0700] "POST /blog/wp-cron.php?doing_wp_cron=1332476091 HTTP/1.0" 499 0 "-" "WordPress/3.3.1; http://yuvi.in/blog"
209.85.238.115 - - [22/Mar/2012:21:17:46 -0700] "GET /blog/feed/ HTTP/1.1" 304 0 "-" "Feedfetcher-Google; (+http://www.google.com/feedfetcher.html; 19 subscribers; feed-id=15064232456473204253)"
220.255.2.218 - - [22/Mar/2012:21:18:22 -0700] "GET /r/1va HTTP/1.1" 301 255 "-" "Mozilla/5.0 (iPhone; CPU iPhone OS 5_0_1 like Mac OS X) AppleWebKit/534.46 (KHTML, like Gecko) Mobile/9A406"
220.255.1.242 - - [22/Mar/2012:21:18:23 -0700] "GET /s/ta/1va/ HTTP/1.1" 302 409 "-" "Mozilla/5.0 (iPhone; CPU iPhone OS 5_0_1 like Mac OS X) AppleWebKit/534.46 (KHTML, like Gecko) Mobile/9A406"
220.255.2.114 - - [22/Mar/2012:21:18:33 -0700] "-" 400 0 "-" "-"
220.255.2.112 - - [22/Mar/2012:21:18:35 -0700] "-" 400 0 "-" "-"
59.164.51.154 - - [22/Mar/2012:21:18:40 -0700] "-" 400 0 "-" "-"
220.255.1.242 - - [22/Mar/2012:21:18:40 -0700] "GET /s/ta/1va/ HTTP/1.1" 302 409 "-" "Mozilla/5.0 (iPhone; CPU iPhone OS 5_0_1 like Mac OS X) AppleWebKit/534.46 (KHTML, like Gecko) Mobile/9A406"
220.255.2.107 - - [22/Mar/2012:21:18:53 -0700] "-" 400 0 "-" "-"
69.171.234.5 - - [22/Mar/2012:21:18:54 -0700] "GET /r/1x7m HTTP/1.1" 301 257 "-" "facebookexternalhit/1.1 (+http://www.facebook.com/externalhit_uatext.php)"
69.171.234.4 - - [22/Mar/2012:21:18:54 -0700] "GET /s/ta/1x7m/ HTTP/1.1" 302 513 "-" "facebookexternalhit/1.1 (+http://www.facebook.com/externalhit_uatext.php)"
59.164.51.154 - - [22/Mar/2012:21:19:00 -0700] "-" 400 0 "-" "-"
59.164.51.154 - - [22/Mar/2012:21:19:00 -0700] "-" 400 0 "-" "-"
59.164.51.154 - - [22/Mar/2012:21:19:00 -0700] "-" 400 0 "-" "-"
59.164.51.154 - - [22/Mar/2012:21:19:00 -0700] "-" 400 0 "-" "-"
59.164.51.154 - - [22/Mar/2012:21:19:00 -0700] "-" 400 0 "-" "-"
59.164.51.154 - - [22/Mar/2012:21:19:20 -0700] "-" 400 0 "-" "-"
59.164.51.154 - - [22/Mar/2012:21:19:20 -0700] "-" 400 0 "-" "-"
59.164.51.154 - - [22/Mar/2012:21:19:20 -0700] "-" 400 0 "-" "-"
220.255.2.218 - - [22/Mar/2012:21:19:21 -0700] "GET /r/23z HTTP/1.1" 301 255 "-" "Mozilla/5.0 (iPhone; CPU iPhone OS 5_0_1 like Mac OS X) AppleWebKit/534.46 (KHTML, like Gecko) Mobile/9A406"
220.255.1.187 - - [22/Mar/2012:21:19:21 -0700] "GET /s/ta/23z/ HTTP/1.1" 302 397 "-" "Mozilla/5.0 (iPhone; CPU iPhone OS 5_0_1 like Mac OS X) AppleWebKit/534.46 (KHTML, like Gecko) Mobile/9A406"
69.171.229.244 - - [22/Mar/2012:21:19:38 -0700] "GET /r/39d HTTP/1.1" 301 255 "-" "facebookexternalhit/1.1 (+http://www.facebook.com/externalhit_uatext.php)"
69.171.229.249 - - [22/Mar/2012:21:19:38 -0700] "GET /s/ta/39d/ HTTP/1.1" 302 325 "-" "facebookexternalhit/1.1 (+http://www.facebook.com/externalhit_uatext.php)"
208.115.113.84 - - [22/Mar/2012:21:19:50 -0700] "GET /robots.txt HTTP/1.1" 404 169 "-" "Mozilla/5.0 (compatible; Ezooms/1.0; ezooms.bot@gmail.com)"
59.164.51.154 - - [22/Mar/2012:21:19:50 -0700] "-" 400 0 "-" "-"
220.255.1.187 - - [22/Mar/2012:21:20:04 -0700] "GET /s/ta/23z/ HTTP/1.1" 302 397 "-" "Mozilla/5.0 (iPhone; CPU iPhone OS 5_0_1 like Mac OS X) AppleWebKit/534.46 (KHTML, like Gecko) Mobile/9A406"
220.255.2.101 - - [22/Mar/2012:21:20:20 -0700] "-" 400 0 "-" "-"
209.85.224.90 - - [22/Mar/2012:21:21:45 -0700] "GET /stories/feed HTTP/1.1" 200 13653 "-" "FeedBurner/1.0 (http://www.FeedBurner.com)"
85.17.88.169 - - [22/Mar/2012:21:22:16 -0700] "POST /blog/wp-cron.php?doing_wp_cron=1332476361 HTTP/1.0" 499 0 "-" "WordPress/3.3.1; http://yuvi.in/blog"
