14.99.184.153 - - [08/Mar/2012:08:43:24 -0800] "GET /blog/wp-admin/load-scripts.php?c=0&load=admin-bar,hoverIntent,common,jquery-color,thickbox,plugin-install&ver=48b7ea15248496ce30191098ee22008c HTTP/1.1" 200 28947 "http://yuvi.in/blog/wp-admin/plugins.php" "Mozilla/5.0 (Macintosh; Intel Mac OS X 10_7_3) AppleWebKit/535.11 (KHTML, like Gecko) Chrome/17.0.963.56 Safari/535.11"
14.99.184.153 - - [08/Mar/2012:08:43:25 -0800] "GET /favicon.ico HTTP/1.1" 404 199 "-" "Mozilla/5.0 (Macintosh; Intel Mac OS X 10_7_3) AppleWebKit/535.11 (KHTML, like Gecko) Chrome/17.0.963.56 Safari/535.11"
85.17.88.169 - - [08/Mar/2012:08:43:43 -0800] "POST /blog/wp-cron.php?doing_wp_cron=1331224964 HTTP/1.0" 499 0 "-" "WordPress/3.3.1; http://yuvi.in/blog"
14.99.184.153 - - [08/Mar/2012:08:43:44 -0800] "GET /blog/wp-admin/plugin-install.php HTTP/1.1" 200 7874 "http://yuvi.in/blog/wp-admin/plugins.php" "Mozilla/5.0 (Macintosh; Intel Mac OS X 10_7_3) AppleWebKit/535.11 (KHTML, like Gecko) Chrome/17.0.963.56 Safari/535.11"
14.99.184.153 - - [08/Mar/2012:08:43:45 -0800] "GET /favicon.ico HTTP/1.1" 404 199 "-" "Mozilla/5.0 (Macintosh; Intel Mac OS X 10_7_3) AppleWebKit/535.11 (KHTML, like Gecko) Chrome/17.0.963.56 Safari/535.11"
14.99.184.153 - - [08/Mar/2012:08:43:57 -0800] "GET /blog/wp-admin/images/white-grad-active.png HTTP/1.1" 200 223 "http://yuvi.in/blog/wp-admin/plugin-install.php" "Mozilla/5.0 (Macintosh; Intel Mac OS X 10_7_3) AppleWebKit/535.11 (KHTML, like Gecko) Chrome/17.0.963.56 Safari/535.11"
85.17.88.169 - - [08/Mar/2012:08:44:03 -0800] "POST /blog/wp-cron.php?doing_wp_cron=1331224984 HTTP/1.0" 499 0 "-" "WordPress/3.3.1; http://yuvi.in/blog"
14.99.184.153 - - [08/Mar/2012:08:44:07 -0800] "GET /blog/wp-admin/plugin-install.php?tab=search&type=term&s=markdown&plugin-search-input=Search+Plugins HTTP/1.1" 200 16879 "http://yuvi.in/blog/wp-admin/plugin-install.php" "Mozilla/5.0 (Macintosh; Intel Mac OS X 10_7_3) AppleWebKit/535.11 (KHTML, like Gecko) Chrome/17.0.963.56 Safari/535.11"
14.99.184.153 - - [08/Mar/2012:08:44:10 -0800] "GET /blog/wp-admin/images/gray-star.png?v=20110615 HTTP/1.1" 200 625 "http://yuvi.in/blog/wp-admin/plugin-install.php?tab=search&type=term&s=markdown&plugin-search-input=Search+Plugins" "Mozilla/5.0 (Macintosh; Intel Mac OS X 10_7_3) AppleWebKit/535.11 (KHTML, like Gecko) Chrome/17.0.963.56 Safari/535.11"
14.99.184.153 - - [08/Mar/2012:08:44:10 -0800] "GET /favicon.ico HTTP/1.1" 404 199 "-" "Mozilla/5.0 (Macintosh; Intel Mac OS X 10_7_3) AppleWebKit/535.11 (KHTML, like Gecko) Chrome/17.0.963.56 Safari/535.11"
14.99.184.153 - - [08/Mar/2012:08:44:18 -0800] "-" 400 0 "-" "-"
122.174.66.22 - - [08/Mar/2012:08:44:34 -0800] "GET /r/2re HTTP/1.1" 301 255 "-" "Mozilla/5.0 (Windows NT 6.1; WOW64; rv:10.0.2) Gecko/20100101 Firefox/10.0.2"
122.174.66.22 - - [08/Mar/2012:08:44:34 -0800] "GET /s/ta/2re/ HTTP/1.1" 302 361 "-" "Mozilla/5.0 (Windows NT 6.1; WOW64; rv:10.0.2) Gecko/20100101 Firefox/10.0.2"
122.174.66.22 - - [08/Mar/2012:08:44:35 -0800] "-" 400 0 "-" "-"
112.79.40.55 - - [08/Mar/2012:08:47:38 -0800] "-" 400 0 "-" "-"
115.242.202.23 - - [08/Mar/2012:08:48:48 -0800] "-" 400 0 "-" "-"
117.206.85.90 - - [08/Mar/2012:08:48:57 -0800] "GET /r/2cf HTTP/1.1" 301 255 "http://ta.wikipedia.org/wiki/%E0%AE%A8%E0%AE%95%E0%AE%B0%E0%AF%8D%E0%AE%AA%E0%AF%87%E0%AE%9A%E0%AE%BF" "Mozilla/4.0 (compatible; MSIE 8.0; Windows NT 5.1)"
117.206.85.90 - - [08/Mar/2012:08:48:59 -0800] "GET /s/ta/2cf/ HTTP/1.1" 302 361 "http://ta.wikipedia.org/wiki/%E0%AE%A8%E0%AE%95%E0%AE%B0%E0%AF%8D%E0%AE%AA%E0%AF%87%E0%AE%9A%E0%AE%BF" "Mozilla/4.0 (compatible; MSIE 8.0; Windows NT 5.1)"
201.46.205.107 - - [08/Mar/2012:08:49:02 -0800] "GET /blog/program/ HTTP/1.1" 200 27128 "-" "Mozilla/5.0 (compatible; Googlebot/2.1; +http://www.google.com/bot.html)"
85.17.88.169 - - [08/Mar/2012:08:49:03 -0800] "POST /blog/wp-cron.php?doing_wp_cron=1331225281 HTTP/1.0" 499 0 "-" "WordPress/3.3.1; http://yuvi.in/blog"
117.214.158.173 - - [08/Mar/2012:08:49:22 -0800] "GET / HTTP/1.1" 200 1430 "-" "Mozilla/5.0 (X11; Linux i686) AppleWebKit/535.7 (KHTML, like Gecko) Ubuntu/11.10 Chromium/16.0.912.77 Chrome/16.0.912.77 Safari/535.7"
117.214.158.173 - - [08/Mar/2012:08:49:22 -0800] "GET /blueprint/screen.css HTTP/1.1" 200 12058 "http://yuvi.in/" "Mozilla/5.0 (X11; Linux i686) AppleWebKit/535.7 (KHTML, like Gecko) Ubuntu/11.10 Chromium/16.0.912.77 Chrome/16.0.912.77 Safari/535.7"
117.214.158.173 - - [08/Mar/2012:08:49:23 -0800] "GET /blueprint/print.css HTTP/1.1" 200 1284 "http://yuvi.in/" "Mozilla/5.0 (X11; Linux i686) AppleWebKit/535.7 (KHTML, like Gecko) Ubuntu/11.10 Chromium/16.0.912.77 Chrome/16.0.912.77 Safari/535.7"
117.214.158.173 - - [08/Mar/2012:08:49:23 -0800] "GET /header.png HTTP/1.1" 200 14249 "http://yuvi.in/" "Mozilla/5.0 (X11; Linux i686) AppleWebKit/535.7 (KHTML, like Gecko) Ubuntu/11.10 Chromium/16.0.912.77 Chrome/16.0.912.77 Safari/535.7"
117.214.158.173 - - [08/Mar/2012:08:49:24 -0800] "GET /favicon.ico HTTP/1.1" 404 199 "-" "Mozilla/5.0 (X11; Linux i686) AppleWebKit/535.7 (KHTML, like Gecko) Ubuntu/11.10 Chromium/16.0.912.77 Chrome/16.0.912.77 Safari/535.7"
117.214.158.173 - - [08/Mar/2012:08:49:37 -0800] "GET /blog HTTP/1.1" 301 178 "http://yuvi.in/" "Mozilla/5.0 (X11; Linux i686) AppleWebKit/535.7 (KHTML, like Gecko) Ubuntu/11.10 Chromium/16.0.912.77 Chrome/16.0.912.77 Safari/535.7"
117.214.158.173 - - [08/Mar/2012:08:49:43 -0800] "-" 400 0 "-" "-"
117.214.158.173 - - [08/Mar/2012:08:49:47 -0800] "GET /blog/ HTTP/1.1" 200 9193 "http://yuvi.in/" "Mozilla/5.0 (X11; Linux i686) AppleWebKit/535.7 (KHTML, like Gecko) Ubuntu/11.10 Chromium/16.0.912.77 Chrome/16.0.912.77 Safari/535.7"
117.214.158.173 - - [08/Mar/2012:08:49:48 -0800] "GET /blog/wp-content/themes/cleanr/js/jquery.dropdown.js?ver=3.3.1 HTTP/1.1" 200 535 "http://yuvi.in/blog/" "Mozilla/5.0 (X11; Linux i686) AppleWebKit/535.7 (KHTML, like Gecko) Ubuntu/11.10 Chromium/16.0.912.77 Chrome/16.0.912.77 Safari/535.7"
117.214.158.173 - - [08/Mar/2012:08:49:50 -0800] "GET /blog/wp-includes/js/jquery/jquery.js?ver=1.7.1 HTTP/1.1" 200 93889 "http://yuvi.in/blog/" "Mozilla/5.0 (X11; Linux i686) AppleWebKit/535.7 (KHTML, like Gecko) Ubuntu/11.10 Chromium/16.0.912.77 Chrome/16.0.912.77 Safari/535.7"
117.214.158.173 - - [08/Mar/2012:08:49:51 -0800] "GET /blog/wp-content/themes/cleanr/style.css HTTP/1.1" 200 10508 "http://yuvi.in/blog/" "Mozilla/5.0 (X11; Linux i686) AppleWebKit/535.7 (KHTML, like Gecko) Ubuntu/11.10 Chromium/16.0.912.77 Chrome/16.0.912.77 Safari/535.7"
117.214.158.173 - - [08/Mar/2012:08:49:52 -0800] "GET /blog/wp-content/themes/cleanr/css/960.css HTTP/1.1" 200 3628 "http://yuvi.in/blog/" "Mozilla/5.0 (X11; Linux i686) AppleWebKit/535.7 (KHTML, like Gecko) Ubuntu/11.10 Chromium/16.0.912.77 Chrome/16.0.912.77 Safari/535.7"
117.214.158.173 - - [08/Mar/2012:08:49:52 -0800] "GET /blog/wp-content/themes/cleanr/css/reset.css HTTP/1.1" 200 648 "http://yuvi.in/blog/" "Mozilla/5.0 (X11; Linux i686) AppleWebKit/535.7 (KHTML, like Gecko) Ubuntu/11.10 Chromium/16.0.912.77 Chrome/16.0.912.77 Safari/535.7"
117.214.158.173 - - [08/Mar/2012:08:49:52 -0800] "GET /blog/wp-content/themes/cleanr/css/text.css HTTP/1.1" 200 420 "http://yuvi.in/blog/" "Mozilla/5.0 (X11; Linux i686) AppleWebKit/535.7 (KHTML, like Gecko) Ubuntu/11.10 Chromium/16.0.912.77 Chrome/16.0.912.77 Safari/535.7"
117.214.158.173 - - [08/Mar/2012:08:49:52 -0800] "GET /blog/wp-content/themes/cleanr/images/search_magnifier.gif HTTP/1.1" 200 394 "http://yuvi.in/blog/" "Mozilla/5.0 (X11; Linux i686) AppleWebKit/535.7 (KHTML, like Gecko) Ubuntu/11.10 Chromium/16.0.912.77 Chrome/16.0.912.77 Safari/535.7"
117.214.158.173 - - [08/Mar/2012:08:49:53 -0800] "GET /favicon.ico HTTP/1.1" 404 199 "-" "Mozilla/5.0 (X11; Linux i686) AppleWebKit/535.7 (KHTML, like Gecko) Ubuntu/11.10 Chromium/16.0.912.77 Chrome/16.0.912.77 Safari/535.7"
115.240.156.127 - - [08/Mar/2012:08:50:01 -0800] "-" 400 0 "-" "-"
117.216.117.21 - - [08/Mar/2012:08:50:15 -0800] "GET /r/2re HTTP/1.1" 301 255 "http://www.mayyam.com/talk/showthread.php?3862-Rahul-Dravid-The-Wall/page64" "Mozilla/5.0 (Windows NT 5.1) AppleWebKit/535.11 (KHTML, like Gecko) Chrome/17.0.963.66 Safari/535.11"
117.216.117.21 - - [08/Mar/2012:08:50:16 -0800] "GET /s/ta/2re/ HTTP/1.1" 302 361 "http://www.mayyam.com/talk/showthread.php?3862-Rahul-Dravid-The-Wall/page64" "Mozilla/5.0 (Windows NT 5.1) AppleWebKit/535.11 (KHTML, like Gecko) Chrome/17.0.963.66 Safari/535.11"
117.214.158.173 - - [08/Mar/2012:08:50:20 -0800] "GET /favicon.ico HTTP/1.1" 404 199 "-" "Mozilla/5.0 (X11; Linux i686) AppleWebKit/535.7 (KHTML, like Gecko) Ubuntu/11.10 Chromium/16.0.912.77 Chrome/16.0.912.77 Safari/535.7"
117.216.117.21 - - [08/Mar/2012:08:50:26 -0800] "-" 400 0 "-" "-"
117.214.158.173 - - [08/Mar/2012:08:50:33 -0800] "-" 400 0 "-" "-"
115.242.202.23 - - [08/Mar/2012:08:51:26 -0800] "-" 400 0 "-" "-"
115.242.202.23 - - [08/Mar/2012:08:51:38 -0800] "-" 400 0 "-" "-"
130.83.167.153 - - [08/Mar/2012:08:52:49 -0800] "GET /blog/tag/report.html HTTP/1.1" 200 18934 "-" "findlinks/2.1.5 (+http://wortschatz.uni-leipzig.de/findlinks/)"
141.0.9.48 - - [08/Mar/2012:08:55:49 -0800] "-" 400 0 "-" "-"
141.0.9.48 - - [08/Mar/2012:08:55:49 -0800] "-" 400 0 "-" "-"
59.161.188.54 - - [08/Mar/2012:08:58:22 -0800] "-" 400 0 "-" "-"
85.17.88.169 - - [08/Mar/2012:09:00:02 -0800] "POST /blog/wp-cron.php?doing_wp_cron=1331225942 HTTP/1.0" 499 0 "-" "WordPress/3.3.1; http://yuvi.in/blog"
209.85.224.83 - - [08/Mar/2012:09:00:02 -0800] "GET /blog/feed HTTP/1.1" 304 0 "-" "FeedBurner/1.0 (http://www.FeedBurner.com)"
117.207.136.89 - - [08/Mar/2012:09:00:39 -0800] "GET /r/h1 HTTP/1.1" 301 253 "http://ta.wikipedia.org/wiki/%E0%AE%A4%E0%AE%BF%E0%AE%B0%E0%AE%BE%E0%AE%B5%E0%AE%BF%E0%AE%9F_%E0%AE%AE%E0%AF%8A%E0%AE%B4%E0%AE%BF%E0%AE%95%E0%AF%8D_%E0%AE%95%E0%AF%81%E0%AE%9F%E0%AF%81%E0%AE%AE%E0%AF%8D%E0%AE%AA%E0%AE%AE%E0%AF%8D" "Mozilla/5.0 (Windows NT 5.1; rv:2.0b7) Gecko/20100101 Firefox/4.0b7"
117.207.136.89 - - [08/Mar/2012:09:00:39 -0800] "GET /s/ta/h1/ HTTP/1.1" 302 537 "http://ta.wikipedia.org/wiki/%E0%AE%A4%E0%AE%BF%E0%AE%B0%E0%AE%BE%E0%AE%B5%E0%AE%BF%E0%AE%9F_%E0%AE%AE%E0%AF%8A%E0%AE%B4%E0%AE%BF%E0%AE%95%E0%AF%8D_%E0%AE%95%E0%AF%81%E0%AE%9F%E0%AF%81%E0%AE%AE%E0%AF%8D%E0%AE%AA%E0%AE%AE%E0%AF%8D" "Mozilla/5.0 (Windows NT 5.1; rv:2.0b7) Gecko/20100101 Firefox/4.0b7"
157.55.112.205 - - [08/Mar/2012:09:01:45 -0800] "-" 400 0 "-" "-"
157.55.112.205 - - [08/Mar/2012:09:01:48 -0800] "-" 400 0 "-" "-"
157.55.112.205 - - [08/Mar/2012:09:01:49 -0800] "-" 400 0 "-" "-"
157.55.112.205 - - [08/Mar/2012:09:01:49 -0800] "-" 400 0 "-" "-"
157.55.112.205 - - [08/Mar/2012:09:01:49 -0800] "-" 400 0 "-" "-"
157.55.112.205 - - [08/Mar/2012:09:01:50 -0800] "-" 400 0 "-" "-"
157.55.112.205 - - [08/Mar/2012:09:01:50 -0800] "-" 400 0 "-" "-"
157.55.112.205 - - [08/Mar/2012:09:01:50 -0800] "-" 400 0 "-" "-"
157.55.112.205 - - [08/Mar/2012:09:01:50 -0800] "-" 400 0 "-" "-"
157.55.112.205 - - [08/Mar/2012:09:01:50 -0800] "-" 400 0 "-" "-"
157.55.112.205 - - [08/Mar/2012:09:02:10 -0800] "-" 400 0 "-" "-"
94.228.34.212 - - [08/Mar/2012:09:03:31 -0800] "GET /blog/ HTTP/1.1" 200 9193 "-" "magpie-crawler/1.1 (U; Linux amd64; en-GB; +http://www.brandwatch.net)"
124.125.43.8 - - [08/Mar/2012:09:03:54 -0800] "GET /r/2re HTTP/1.1" 301 255 "http://www.mayyam.com/talk/showthread.php?3862-Rahul-Dravid-The-Wall/page64" "Mozilla/5.0 (Windows NT 5.1; rv:10.0.2) Gecko/20100101 Firefox/10.0.2"
124.125.43.8 - - [08/Mar/2012:09:03:54 -0800] "GET /s/ta/2re/ HTTP/1.1" 302 361 "http://www.mayyam.com/talk/showthread.php?3862-Rahul-Dravid-The-Wall/page64" "Mozilla/5.0 (Windows NT 5.1; rv:10.0.2) Gecko/20100101 Firefox/10.0.2"
74.125.126.98 - - [08/Mar/2012:09:03:57 -0800] "GET /favicon.ico HTTP/1.1" 404 142 "-" "-"
124.125.43.8 - - [08/Mar/2012:09:03:58 -0800] "-" 400 0 "-" "-"
141.0.11.52 - - [08/Mar/2012:09:07:32 -0800] "-" 400 0 "-" "-"
14.96.78.236 - - [08/Mar/2012:09:14:08 -0800] "-" 400 0 "-" "-"
85.17.88.169 - - [08/Mar/2012:09:15:06 -0800] "POST /blog/wp-cron.php?doing_wp_cron=1331226847 HTTP/1.0" 499 0 "-" "WordPress/3.3.1; http://yuvi.in/blog"
117.193.73.9 - - [08/Mar/2012:09:15:07 -0800] "GET /blog/program/ HTTP/1.1" 200 7452 "-" "Mozilla/5.0 (Linux; U; Android 4.0.3; en-gb; Nexus S Build/IML74K) AppleWebKit/535.7 (KHTML, like Gecko) CrMo/16.0.912.77 Mobile Safari/535.7"
117.193.73.9 - - [08/Mar/2012:09:15:08 -0800] "GET /blog/wp-content/themes/cleanr/style.css HTTP/1.1" 200 10508 "http://yuvi.in/blog/program/" "Mozilla/5.0 (Linux; U; Android 4.0.3; en-gb; Nexus S Build/IML74K) AppleWebKit/535.7 (KHTML, like Gecko) CrMo/16.0.912.77 Mobile Safari/535.7"
117.193.73.9 - - [08/Mar/2012:09:15:08 -0800] "GET /blog/wp-content/themes/cleanr/js/jquery.dropdown.js?ver=3.3.1 HTTP/1.1" 200 535 "http://yuvi.in/blog/program/" "Mozilla/5.0 (Linux; U; Android 4.0.3; en-gb; Nexus S Build/IML74K) AppleWebKit/535.7 (KHTML, like Gecko) CrMo/16.0.912.77 Mobile Safari/535.7"
117.193.73.9 - - [08/Mar/2012:09:15:10 -0800] "GET /blog/wp-content/themes/cleanr/css/reset.css HTTP/1.1" 200 648 "http://yuvi.in/blog/program/" "Mozilla/5.0 (Linux; U; Android 4.0.3; en-gb; Nexus S Build/IML74K) AppleWebKit/535.7 (KHTML, like Gecko) CrMo/16.0.912.77 Mobile Safari/535.7"
117.193.73.9 - - [08/Mar/2012:09:15:10 -0800] "GET /blog/wp-content/themes/cleanr/css/text.css HTTP/1.1" 200 420 "http://yuvi.in/blog/program/" "Mozilla/5.0 (Linux; U; Android 4.0.3; en-gb; Nexus S Build/IML74K) AppleWebKit/535.7 (KHTML, like Gecko) CrMo/16.0.912.77 Mobile Safari/535.7"
117.193.73.9 - - [08/Mar/2012:09:15:10 -0800] "GET /blog/wp-content/themes/cleanr/css/960.css HTTP/1.1" 200 3628 "http://yuvi.in/blog/program/" "Mozilla/5.0 (Linux; U; Android 4.0.3; en-gb; Nexus S Build/IML74K) AppleWebKit/535.7 (KHTML, like Gecko) CrMo/16.0.912.77 Mobile Safari/535.7"
117.193.73.9 - - [08/Mar/2012:09:15:10 -0800] "GET /blog/wp-includes/js/jquery/jquery.js?ver=1.7.1 HTTP/1.1" 200 93889 "http://yuvi.in/blog/program/" "Mozilla/5.0 (Linux; U; Android 4.0.3; en-gb; Nexus S Build/IML74K) AppleWebKit/535.7 (KHTML, like Gecko) CrMo/16.0.912.77 Mobile Safari/535.7"
117.193.73.9 - - [08/Mar/2012:09:15:12 -0800] "GET /blog/wp-content/themes/cleanr/images/search_magnifier.gif HTTP/1.1" 200 394 "http://yuvi.in/blog/program/" "Mozilla/5.0 (Linux; U; Android 4.0.3; en-gb; Nexus S Build/IML74K) AppleWebKit/535.7 (KHTML, like Gecko) CrMo/16.0.912.77 Mobile Safari/535.7"
117.193.73.9 - - [08/Mar/2012:09:15:17 -0800] "GET /favicon.ico HTTP/1.1" 404 142 "-" "Mozilla/5.0 (Linux; U; Android 4.0.3; en-gb; Nexus S Build/IML74K) AppleWebKit/535.7 (KHTML, like Gecko) CrMo/16.0.912.77 Mobile Safari/535.7"
117.193.73.9 - - [08/Mar/2012:09:15:17 -0800] "GET /apple-touch-icon-precomposed.png HTTP/1.1" 404 142 "-" "Mozilla/5.0 (Linux; U; Android 4.0.3; en-gb; Nexus S Build/IML74K) AppleWebKit/535.7 (KHTML, like Gecko) CrMo/16.0.912.77 Mobile Safari/535.7"
117.193.73.9 - - [08/Mar/2012:09:15:20 -0800] "GET /favicon.ico HTTP/1.1" 404 142 "-" "Mozilla/5.0 (Linux; U; Android 4.0.3; en-gb; Nexus S Build/IML74K) AppleWebKit/535.7 (KHTML, like Gecko) CrMo/16.0.912.77 Mobile Safari/535.7"
117.193.73.9 - - [08/Mar/2012:09:15:20 -0800] "GET /apple-touch-icon-precomposed.png HTTP/1.1" 404 142 "-" "Mozilla/5.0 (Linux; U; Android 4.0.3; en-gb; Nexus S Build/IML74K) AppleWebKit/535.7 (KHTML, like Gecko) CrMo/16.0.912.77 Mobile Safari/535.7"
117.193.73.9 - - [08/Mar/2012:09:15:20 -0800] "GET /apple-touch-icon.png HTTP/1.1" 404 142 "-" "Mozilla/5.0 (Linux; U; Android 4.0.3; en-gb; Nexus S Build/IML74K) AppleWebKit/535.7 (KHTML, like Gecko) CrMo/16.0.912.77 Mobile Safari/535.7"
117.193.73.9 - - [08/Mar/2012:09:15:21 -0800] "GET /favicon.ico HTTP/1.1" 404 142 "-" "Mozilla/5.0 (Linux; U; Android 4.0.3; en-gb; Nexus S Build/IML74K) AppleWebKit/535.7 (KHTML, like Gecko) CrMo/16.0.912.77 Mobile Safari/535.7"
117.193.73.9 - - [08/Mar/2012:09:15:22 -0800] "GET /apple-touch-icon-precomposed.png HTTP/1.1" 404 142 "-" "Mozilla/5.0 (Linux; U; Android 4.0.3; en-gb; Nexus S Build/IML74K) AppleWebKit/535.7 (KHTML, like Gecko) CrMo/16.0.912.77 Mobile Safari/535.7"
117.192.248.48 - - [08/Mar/2012:09:15:24 -0800] "GET /r/2re HTTP/1.1" 301 255 "http://www.mayyam.com/talk/showthread.php?3862-Rahul-Dravid-The-Wall&p=826296" "Mozilla/5.0 (Windows NT 6.1; WOW64) AppleWebKit/535.11 (KHTML, like Gecko) Chrome/17.0.963.66 Safari/535.11"
117.192.248.48 - - [08/Mar/2012:09:15:25 -0800] "GET /s/ta/2re/ HTTP/1.1" 302 361 "http://www.mayyam.com/talk/showthread.php?3862-Rahul-Dravid-The-Wall&p=826296" "Mozilla/5.0 (Windows NT 6.1; WOW64) AppleWebKit/535.11 (KHTML, like Gecko) Chrome/17.0.963.66 Safari/535.11"
117.193.73.9 - - [08/Mar/2012:09:15:28 -0800] "GET /favicon.ico HTTP/1.1" 404 142 "-" "Mozilla/5.0 (Linux; U; Android 4.0.3; en-gb; Nexus S Build/IML74K) AppleWebKit/535.7 (KHTML, like Gecko) CrMo/16.0.912.77 Mobile Safari/535.7"
85.17.88.169 - - [08/Mar/2012:09:15:29 -0800] "POST /blog/wp-cron.php?doing_wp_cron=1331226869 HTTP/1.0" 499 0 "-" "WordPress/3.3.1; http://yuvi.in/blog"
117.193.73.9 - - [08/Mar/2012:09:15:29 -0800] "GET /blog/program/?cf_action=sync_comments&post_id=381 HTTP/1.1" 200 48 "http://yuvi.in/blog/program/" "Mozilla/5.0 (Linux; U; Android 4.0.3; en-gb; Nexus S Build/IML74K) AppleWebKit/535.7 (KHTML, like Gecko) CrMo/16.0.912.77 Mobile Safari/535.7"
117.193.73.9 - - [08/Mar/2012:09:15:31 -0800] "GET /apple-touch-icon-precomposed.png HTTP/1.1" 404 142 "-" "Mozilla/5.0 (Linux; U; Android 4.0.3; en-gb; Nexus S Build/IML74K) AppleWebKit/535.7 (KHTML, like Gecko) CrMo/16.0.912.77 Mobile Safari/535.7"
117.193.73.9 - - [08/Mar/2012:09:15:32 -0800] "GET /apple-touch-icon.png HTTP/1.1" 404 142 "-" "Mozilla/5.0 (Linux; U; Android 4.0.3; en-gb; Nexus S Build/IML74K) AppleWebKit/535.7 (KHTML, like Gecko) CrMo/16.0.912.77 Mobile Safari/535.7"
117.192.248.48 - - [08/Mar/2012:09:15:36 -0800] "-" 400 0 "-" "-"
117.193.211.253 - - [08/Mar/2012:09:15:36 -0800] "-" 400 0 "-" "-"
85.17.88.169 - - [08/Mar/2012:09:16:36 -0800] "POST /blog/wp-cron.php?doing_wp_cron=1331226936 HTTP/1.0" 499 0 "-" "WordPress/3.3.1; http://yuvi.in/blog"
72.14.199.121 - - [08/Mar/2012:09:16:36 -0800] "GET /blog/feed/ HTTP/1.1" 304 0 "-" "Feedfetcher-Google; (+http://www.google.com/feedfetcher.html; 18 subscribers; feed-id=15064232456473204253)"
220.225.129.57 - - [08/Mar/2012:09:16:45 -0800] "-" 400 0 "-" "-"
85.17.88.169 - - [08/Mar/2012:09:17:07 -0800] "POST /blog/wp-cron.php?doing_wp_cron=1331226967 HTTP/1.0" 499 0 "-" "WordPress/3.3.1; http://yuvi.in/blog"
183.178.85.181 - - [08/Mar/2012:09:17:07 -0800] "GET /blog/3-reasons-people-join-it-companies/feed HTTP/1.1" 301 0 "-" "Mozilla/4.0 (compatible; MSIE 5.5; Windows NT)"
85.17.88.169 - - [08/Mar/2012:09:17:09 -0800] "POST /blog/wp-cron.php?doing_wp_cron=1331226969 HTTP/1.0" 499 0 "-" "WordPress/3.3.1; http://yuvi.in/blog"
183.178.85.181 - - [08/Mar/2012:09:17:10 -0800] "GET /blog/3-reasons-people-join-it-companies/feed/ HTTP/1.1" 200 5081 "-" "Mozilla/4.0 (compatible; MSIE 5.5; Windows NT)"
136.2.1.105 - - [08/Mar/2012:09:19:00 -0800] "GET /r/2re HTTP/1.1" 301 255 "http://www.mayyam.com/talk/showthread.php?3862-Rahul-Dravid-The-Wall/page64" "Mozilla/5.0 (Windows NT 6.1; WOW64) AppleWebKit/535.11 (KHTML, like Gecko) Chrome/17.0.963.66 Safari/535.11"
136.2.1.105 - - [08/Mar/2012:09:19:00 -0800] "GET /s/ta/2re/ HTTP/1.1" 302 361 "http://www.mayyam.com/talk/showthread.php?3862-Rahul-Dravid-The-Wall/page64" "Mozilla/5.0 (Windows NT 6.1; WOW64) AppleWebKit/535.11 (KHTML, like Gecko) Chrome/17.0.963.66 Safari/535.11"
136.2.1.105 - - [08/Mar/2012:09:19:19 -0800] "GET /s/ta/2re/ HTTP/1.1" 302 361 "http://www.mayyam.com/talk/showthread.php?3862-Rahul-Dravid-The-Wall/page64" "Mozilla/5.0 (Windows NT 6.1; WOW64) AppleWebKit/535.11 (KHTML, like Gecko) Chrome/17.0.963.66 Safari/535.11"
59.93.67.7 - - [08/Mar/2012:09:20:11 -0800] "-" 400 0 "-" "-"
59.93.67.7 - - [08/Mar/2012:09:20:11 -0800] "-" 400 0 "-" "-"
59.93.67.7 - - [08/Mar/2012:09:20:11 -0800] "-" 400 0 "-" "-"
59.93.67.7 - - [08/Mar/2012:09:20:11 -0800] "-" 400 0 "-" "-"
59.93.67.7 - - [08/Mar/2012:09:20:11 -0800] "-" 400 0 "-" "-"
59.93.67.7 - - [08/Mar/2012:09:20:11 -0800] "-" 400 0 "-" "-"
69.171.230.250 - - [08/Mar/2012:09:20:28 -0800] "GET /r/2sz HTTP/1.1" 301 255 "-" "facebookexternalhit/1.1 (+http://www.facebook.com/externalhit_uatext.php)"
69.171.230.251 - - [08/Mar/2012:09:20:29 -0800] "GET /s/ta/2sz/ HTTP/1.1" 302 325 "-" "facebookexternalhit/1.1 (+http://www.facebook.com/externalhit_uatext.php)"
85.17.88.169 - - [08/Mar/2012:09:21:03 -0800] "POST /blog/wp-cron.php?doing_wp_cron=1331227204 HTTP/1.0" 499 0 "-" "WordPress/3.3.1; http://yuvi.in/blog"
72.14.199.121 - - [08/Mar/2012:09:21:04 -0800] "GET /blog/feed HTTP/1.1" 301 0 "-" "Feedfetcher-Google; (+http://www.google.com/feedfetcher.html; 3 subscribers; feed-id=17684830852112633560)"
85.17.88.169 - - [08/Mar/2012:09:21:06 -0800] "POST /blog/wp-cron.php?doing_wp_cron=1331227206 HTTP/1.0" 499 0 "-" "WordPress/3.3.1; http://yuvi.in/blog"
72.14.199.121 - - [08/Mar/2012:09:21:06 -0800] "GET /blog/feed/ HTTP/1.1" 304 0 "-" "Feedfetcher-Google; (+http://www.google.com/feedfetcher.html; 3 subscribers; feed-id=17684830852112633560)"
85.17.88.169 - - [08/Mar/2012:09:22:40 -0800] "POST /blog/wp-cron.php?doing_wp_cron=1331227301 HTTP/1.0" 499 0 "-" "WordPress/3.3.1; http://yuvi.in/blog"
66.249.71.97 - - [08/Mar/2012:09:22:41 -0800] "GET /blog/devlog-december-10-2011/ HTTP/1.1" 200 4530 "-" "Mozilla/5.0 (compatible; Googlebot/2.1; +http://www.google.com/bot.html)"
207.46.13.160 - - [08/Mar/2012:09:26:58 -0800] "GET /robots.txt HTTP/1.1" 404 169 "-" "Mozilla/5.0 (compatible; bingbot/2.0; +http://www.bing.com/bingbot.htm)"
85.17.88.169 - - [08/Mar/2012:09:27:01 -0800] "POST /blog/wp-cron.php?doing_wp_cron=1331227561 HTTP/1.0" 499 0 "-" "WordPress/3.3.1; http://yuvi.in/blog"
207.46.13.160 - - [08/Mar/2012:09:27:01 -0800] "GET /blog/greatest-fear-flash-fade/ HTTP/1.1" 200 5218 "-" "Mozilla/5.0 (compatible; bingbot/2.0; +http://www.bing.com/bingbot.htm)"
85.17.88.169 - - [08/Mar/2012:09:27:27 -0800] "POST /blog/wp-cron.php?doing_wp_cron=1331227588 HTTP/1.0" 499 0 "-" "WordPress/3.3.1; http://yuvi.in/blog"
66.249.71.97 - - [08/Mar/2012:09:27:28 -0800] "GET /blog/devlog-december-2011/ HTTP/1.1" 200 5005 "-" "Mozilla/5.0 (compatible; Googlebot/2.1; +http://www.google.com/bot.html)"
122.164.20.50 - - [08/Mar/2012:09:28:02 -0800] "-" 400 0 "-" "-"
207.34.25.76 - - [08/Mar/2012:09:28:39 -0800] "GET /robots.txt HTTP/1.1" 404 142 "-" "R6_CommentReader(www.radian6.com/crawler)"
85.17.88.169 - - [08/Mar/2012:09:28:41 -0800] "POST /blog/wp-cron.php?doing_wp_cron=1331227662 HTTP/1.0" 499 0 "-" "WordPress/3.3.1; http://yuvi.in/blog"
207.34.25.76 - - [08/Mar/2012:09:28:42 -0800] "GET /blog/feed/ HTTP/1.1" 200 21729 "-" "R6_FeedFetcher(www.radian6.com/crawler)"
85.17.88.169 - - [08/Mar/2012:09:28:57 -0800] "POST /blog/wp-cron.php?doing_wp_cron=1331227677 HTTP/1.0" 499 0 "-" "WordPress/3.3.1; http://yuvi.in/blog"
59.163.206.21 - - [08/Mar/2012:09:28:57 -0800] "GET /blog/infosys-tcs-or-wipro-none/ HTTP/1.1" 200 7089 "http://www.google.co.in/url?sa=t&rct=j&q=working%20at%20infosys%20reviews&source=web&cd=59&ved=0CFgQFjAIODI&url=http%3A%2F%2Fyuvi.in%2Fblog%2Finfosys-tcs-or-wipro-none%2F&ei=CexYT-WPHqOOiAKNtKyICw&usg=AFQjCNFFymVRTHm740-I9A4VqJxKWQnZng" "Mozilla/4.0 (compatible; MSIE 8.0; Windows NT 5.1; Trident/4.0; BTRS122152; GTB7.3; .NET CLR 1.1.4322; .NET CLR 2.0.50727; .NET CLR 3.0.04506.30; .NET CLR 3.0.4506.2152; .NET CLR 3.5.30729; MDDR; BRI/2)"
59.163.206.21 - - [08/Mar/2012:09:28:58 -0800] "GET /blog/wp-content/themes/cleanr/style.css HTTP/1.1" 200 10508 "http://yuvi.in/blog/infosys-tcs-or-wipro-none/" "Mozilla/4.0 (compatible; MSIE 8.0; Windows NT 5.1; Trident/4.0; BTRS122152; GTB7.3; .NET CLR 1.1.4322; .NET CLR 2.0.50727; .NET CLR 3.0.04506.30; .NET CLR 3.0.4506.2152; .NET CLR 3.5.30729; MDDR; BRI/2)"
59.163.206.21 - - [08/Mar/2012:09:28:59 -0800] "GET /blog/wp-content/themes/cleanr/css/reset.css HTTP/1.1" 200 648 "http://yuvi.in/blog/infosys-tcs-or-wipro-none/" "Mozilla/4.0 (compatible; MSIE 8.0; Windows NT 5.1; Trident/4.0; BTRS122152; GTB7.3; .NET CLR 1.1.4322; .NET CLR 2.0.50727; .NET CLR 3.0.04506.30; .NET CLR 3.0.4506.2152; .NET CLR 3.5.30729; MDDR; BRI/2)"
59.163.206.21 - - [08/Mar/2012:09:28:59 -0800] "GET /blog/wp-content/themes/cleanr/css/text.css HTTP/1.1" 200 420 "http://yuvi.in/blog/infosys-tcs-or-wipro-none/" "Mozilla/4.0 (compatible; MSIE 8.0; Windows NT 5.1; Trident/4.0; BTRS122152; GTB7.3; .NET CLR 1.1.4322; .NET CLR 2.0.50727; .NET CLR 3.0.04506.30; .NET CLR 3.0.4506.2152; .NET CLR 3.5.30729; MDDR; BRI/2)"
59.163.206.21 - - [08/Mar/2012:09:28:59 -0800] "GET /blog/wp-content/themes/cleanr/css/960.css HTTP/1.1" 200 3628 "http://yuvi.in/blog/infosys-tcs-or-wipro-none/" "Mozilla/4.0 (compatible; MSIE 8.0; Windows NT 5.1; Trident/4.0; BTRS122152; GTB7.3; .NET CLR 1.1.4322; .NET CLR 2.0.50727; .NET CLR 3.0.04506.30; .NET CLR 3.0.4506.2152; .NET CLR 3.5.30729; MDDR; BRI/2)"
59.163.206.21 - - [08/Mar/2012:09:29:00 -0800] "GET /blog/wp-content/themes/cleanr/css/ie.css HTTP/1.1" 200 390 "http://yuvi.in/blog/infosys-tcs-or-wipro-none/" "Mozilla/4.0 (compatible; MSIE 8.0; Windows NT 5.1; Trident/4.0; BTRS122152; GTB7.3; .NET CLR 1.1.4322; .NET CLR 2.0.50727; .NET CLR 3.0.04506.30; .NET CLR 3.0.4506.2152; .NET CLR 3.5.30729; MDDR; BRI/2)"
59.163.206.21 - - [08/Mar/2012:09:29:00 -0800] "GET /blog/wp-content/themes/cleanr/js/jquery.dropdown.js?ver=3.3.1 HTTP/1.1" 200 535 "http://yuvi.in/blog/infosys-tcs-or-wipro-none/" "Mozilla/4.0 (compatible; MSIE 8.0; Windows NT 5.1; Trident/4.0; BTRS122152; GTB7.3; .NET CLR 1.1.4322; .NET CLR 2.0.50727; .NET CLR 3.0.04506.30; .NET CLR 3.0.4506.2152; .NET CLR 3.5.30729; MDDR; BRI/2)"
117.193.193.172 - - [08/Mar/2012:09:29:00 -0800] "-" 400 0 "-" "-"
59.163.206.21 - - [08/Mar/2012:09:29:01 -0800] "GET /blog/wp-includes/js/jquery/jquery.js?ver=1.7.1 HTTP/1.1" 200 93889 "http://yuvi.in/blog/infosys-tcs-or-wipro-none/" "Mozilla/4.0 (compatible; MSIE 8.0; Windows NT 5.1; Trident/4.0; BTRS122152; GTB7.3; .NET CLR 1.1.4322; .NET CLR 2.0.50727; .NET CLR 3.0.04506.30; .NET CLR 3.0.4506.2152; .NET CLR 3.5.30729; MDDR; BRI/2)"
59.163.206.21 - - [08/Mar/2012:09:29:02 -0800] "GET /blog/wp-content/themes/cleanr/images/search_magnifier.gif HTTP/1.1" 200 394 "http://yuvi.in/blog/infosys-tcs-or-wipro-none/" "Mozilla/4.0 (compatible; MSIE 8.0; Windows NT 5.1; Trident/4.0; BTRS122152; GTB7.3; .NET CLR 1.1.4322; .NET CLR 2.0.50727; .NET CLR 3.0.04506.30; .NET CLR 3.0.4506.2152; .NET CLR 3.5.30729; MDDR; BRI/2)"
59.163.206.21 - - [08/Mar/2012:09:29:02 -0800] "GET /favicon.ico HTTP/1.1" 404 199 "-" "Mozilla/4.0 (compatible; MSIE 8.0; Windows NT 5.1; Trident/4.0; BTRS122152; GTB7.3; .NET CLR 1.1.4322; .NET CLR 2.0.50727; .NET CLR 3.0.04506.30; .NET CLR 3.0.4506.2152; .NET CLR 3.5.30729; MDDR; BRI/2)"
207.46.204.168 - - [08/Mar/2012:09:29:05 -0800] "-" 400 0 "-" "-"
207.46.204.168 - - [08/Mar/2012:09:29:06 -0800] "-" 400 0 "-" "-"
207.46.204.168 - - [08/Mar/2012:09:29:07 -0800] "-" 400 0 "-" "-"
207.46.204.168 - - [08/Mar/2012:09:29:08 -0800] "-" 400 0 "-" "-"
207.46.204.168 - - [08/Mar/2012:09:29:08 -0800] "-" 400 0 "-" "-"
207.46.204.168 - - [08/Mar/2012:09:29:08 -0800] "-" 400 0 "-" "-"
207.46.204.168 - - [08/Mar/2012:09:29:08 -0800] "-" 400 0 "-" "-"
207.46.204.168 - - [08/Mar/2012:09:29:09 -0800] "-" 400 0 "-" "-"
207.46.204.168 - - [08/Mar/2012:09:29:09 -0800] "-" 400 0 "-" "-"
207.46.204.168 - - [08/Mar/2012:09:29:09 -0800] "-" 400 0 "-" "-"
85.17.88.169 - - [08/Mar/2012:09:29:10 -0800] "POST /blog/wp-cron.php?doing_wp_cron=1331227690 HTTP/1.0" 499 0 "-" "WordPress/3.3.1; http://yuvi.in/blog"
59.163.206.21 - - [08/Mar/2012:09:29:10 -0800] "GET /blog/infosys-tcs-or-wipro-none/?cf_action=sync_comments&post_id=124 HTTP/1.1" 200 48 "http://yuvi.in/blog/infosys-tcs-or-wipro-none/" "Mozilla/4.0 (compatible; MSIE 8.0; Windows NT 5.1; Trident/4.0; BTRS122152; GTB7.3; .NET CLR 1.1.4322; .NET CLR 2.0.50727; .NET CLR 3.0.04506.30; .NET CLR 3.0.4506.2152; .NET CLR 3.5.30729; MDDR; BRI/2)"
207.46.204.168 - - [08/Mar/2012:09:29:56 -0800] "-" 400 0 "-" "-"
85.17.88.169 - - [08/Mar/2012:09:30:08 -0800] "POST /blog/wp-cron.php?doing_wp_cron=1331227748 HTTP/1.0" 499 0 "-" "WordPress/3.3.1; http://yuvi.in/blog"
209.85.224.81 - - [08/Mar/2012:09:30:09 -0800] "GET /blog/feed HTTP/1.1" 304 0 "-" "FeedBurner/1.0 (http://www.FeedBurner.com)"
117.193.193.172 - - [08/Mar/2012:09:30:48 -0800] "-" 400 0 "-" "-"
85.17.88.169 - - [08/Mar/2012:09:30:57 -0800] "POST /blog/wp-cron.php?doing_wp_cron=1331227797 HTTP/1.0" 499 0 "-" "WordPress/3.3.1; http://yuvi.in/blog"
208.79.212.82 - - [08/Mar/2012:09:30:57 -0800] "GET /blog/my-vimrc/feed/ HTTP/1.1" 304 0 "-" "BoardReader/1.0 (http://boardreader.com/info/robots.htm)-CommentCrawler5"
111.223.175.241 - - [08/Mar/2012:09:33:35 -0800] "-" 400 0 "-" "-"
111.223.175.241 - - [08/Mar/2012:09:33:46 -0800] "-" 400 0 "-" "-"
223.235.108.32 - - [08/Mar/2012:09:35:04 -0800] "GET /r/5r7 HTTP/1.1" 301 255 "http://ta.wikipedia.org/wiki/%E0%AE%9A%E0%AE%BF_(%E0%AE%A8%E0%AE%BF%E0%AE%B0%E0%AE%B2%E0%AE%BE%E0%AE%95%E0%AF%8D%E0%AE%95_%E0%AE%AE%E0%AF%8A%E0%AE%B4%E0%AE%BF)" "Mozilla/5.0 (Windows NT 5.1; rv:10.0.2) Gecko/20100101 Firefox/10.0.2"
223.235.108.32 - - [08/Mar/2012:09:35:05 -0800] "GET /s/ta/5r7/ HTTP/1.1" 302 449 "http://ta.wikipedia.org/wiki/%E0%AE%9A%E0%AE%BF_(%E0%AE%A8%E0%AE%BF%E0%AE%B0%E0%AE%B2%E0%AE%BE%E0%AE%95%E0%AF%8D%E0%AE%95_%E0%AE%AE%E0%AF%8A%E0%AE%B4%E0%AE%BF)" "Mozilla/5.0 (Windows NT 5.1; rv:10.0.2) Gecko/20100101 Firefox/10.0.2"
157.55.112.201 - - [08/Mar/2012:09:36:34 -0800] "-" 400 0 "-" "-"
157.55.112.201 - - [08/Mar/2012:09:36:34 -0800] "-" 400 0 "-" "-"
157.55.112.201 - - [08/Mar/2012:09:36:34 -0800] "-" 400 0 "-" "-"
157.55.112.201 - - [08/Mar/2012:09:36:35 -0800] "-" 400 0 "-" "-"
157.55.112.201 - - [08/Mar/2012:09:36:35 -0800] "-" 400 0 "-" "-"
157.55.112.201 - - [08/Mar/2012:09:36:36 -0800] "-" 400 0 "-" "-"
157.55.112.201 - - [08/Mar/2012:09:36:36 -0800] "-" 400 0 "-" "-"
157.55.112.201 - - [08/Mar/2012:09:36:37 -0800] "-" 400 0 "-" "-"
157.55.112.201 - - [08/Mar/2012:09:36:37 -0800] "-" 400 0 "-" "-"
157.55.112.201 - - [08/Mar/2012:09:37:11 -0800] "-" 400 0 "-" "-"
157.55.112.201 - - [08/Mar/2012:09:37:20 -0800] "-" 400 0 "-" "-"
157.55.112.209 - - [08/Mar/2012:09:38:50 -0800] "-" 400 0 "-" "-"
157.55.112.209 - - [08/Mar/2012:09:38:51 -0800] "-" 400 0 "-" "-"
157.55.112.209 - - [08/Mar/2012:09:38:52 -0800] "-" 400 0 "-" "-"
157.55.112.209 - - [08/Mar/2012:09:38:53 -0800] "-" 400 0 "-" "-"
157.55.112.209 - - [08/Mar/2012:09:38:53 -0800] "-" 400 0 "-" "-"
157.55.112.209 - - [08/Mar/2012:09:38:54 -0800] "-" 400 0 "-" "-"
157.55.112.209 - - [08/Mar/2012:09:38:54 -0800] "-" 400 0 "-" "-"
157.55.112.209 - - [08/Mar/2012:09:38:54 -0800] "-" 400 0 "-" "-"
157.55.112.209 - - [08/Mar/2012:09:38:54 -0800] "-" 400 0 "-" "-"
157.55.112.209 - - [08/Mar/2012:09:38:54 -0800] "-" 400 0 "-" "-"
157.55.112.209 - - [08/Mar/2012:09:39:27 -0800] "-" 400 0 "-" "-"
209.85.224.85 - - [08/Mar/2012:09:39:48 -0800] "GET /stories/feed HTTP/1.1" 200 13653 "-" "FeedBurner/1.0 (http://www.FeedBurner.com)"
122.164.192.224 - - [08/Mar/2012:09:42:12 -0800] "-" 400 0 "-" "-"
122.164.192.224 - - [08/Mar/2012:09:42:12 -0800] "-" 400 0 "-" "-"
122.164.192.224 - - [08/Mar/2012:09:42:12 -0800] "-" 400 0 "-" "-"
122.164.192.224 - - [08/Mar/2012:09:42:12 -0800] "-" 400 0 "-" "-"
122.164.192.224 - - [08/Mar/2012:09:42:42 -0800] "-" 400 0 "-" "-"
122.164.192.224 - - [08/Mar/2012:09:42:42 -0800] "-" 400 0 "-" "-"
122.164.192.224 - - [08/Mar/2012:09:42:42 -0800] "-" 400 0 "-" "-"
66.249.71.116 - - [08/Mar/2012:09:42:59 -0800] "GET /r/2re HTTP/1.1" 301 255 "-" "Mozilla/5.0 (compatible; Googlebot/2.1; +http://www.google.com/bot.html)"
66.249.71.116 - - [08/Mar/2012:09:43:00 -0800] "GET /s/ta/2re/ HTTP/1.1" 302 361 "-" "Mozilla/5.0 (compatible; Googlebot/2.1; +http://www.google.com/bot.html)"
117.202.93.127 - - [08/Mar/2012:09:45:54 -0800] "-" 400 0 "-" "-"
117.202.93.127 - - [08/Mar/2012:09:45:54 -0800] "-" 400 0 "-" "-"
117.202.93.127 - - [08/Mar/2012:09:45:54 -0800] "-" 400 0 "-" "-"
117.202.93.127 - - [08/Mar/2012:09:45:54 -0800] "-" 400 0 "-" "-"
85.17.88.169 - - [08/Mar/2012:09:47:28 -0800] "POST /blog/wp-cron.php?doing_wp_cron=1331228788 HTTP/1.0" 499 0 "-" "WordPress/3.3.1; http://yuvi.in/blog"
78.163.21.38 - - [08/Mar/2012:09:47:28 -0800] "GET /blog/broke-nonexistent-law/ HTTP/1.1" 200 28523 "-" "Mozilla/5.0 (compatible; Googlebot/2.1; +http://www.google.com/bot.html)"
85.17.88.169 - - [08/Mar/2012:09:49:35 -0800] "POST /blog/wp-cron.php?doing_wp_cron=1331228915 HTTP/1.0" 499 0 "-" "WordPress/3.3.1; http://yuvi.in/blog"
109.109.254.138 - - [08/Mar/2012:09:49:35 -0800] "GET /blog/feed/atom/ HTTP/1.1" 200 6723 "-" "SocialSearcher/0.1 Mozilla/5.0"
14.96.154.201 - - [08/Mar/2012:09:52:14 -0800] "-" 400 0 "-" "-"
67.215.230.28 - - [08/Mar/2012:09:52:56 -0800] "GET /robots.txt HTTP/1.0" 404 169 "-" "Setooz/Nutch-1.2 (http://www.setooz.com)"
67.215.230.28 - - [08/Mar/2012:09:52:56 -0800] "GET /stories HTTP/1.0" 301 185 "-" "Setooz/Nutch-1.2 (http://www.setooz.com)"
207.46.13.160 - - [08/Mar/2012:09:52:57 -0800] "GET /robots.txt HTTP/1.1" 404 169 "-" "Mozilla/5.0 (compatible; bingbot/2.0; +http://www.bing.com/bingbot.htm)"
85.17.88.169 - - [08/Mar/2012:09:53:04 -0800] "POST /blog/wp-cron.php?doing_wp_cron=1331229124 HTTP/1.0" 499 0 "-" "WordPress/3.3.1; http://yuvi.in/blog"
207.46.13.160 - - [08/Mar/2012:09:53:04 -0800] "GET /blog/what-stop-child-athiest/ HTTP/1.1" 200 6093 "-" "Mozilla/5.0 (compatible; bingbot/2.0; +http://www.bing.com/bingbot.htm)"
67.215.230.26 - - [08/Mar/2012:09:53:11 -0800] "GET /robots.txt HTTP/1.0" 404 169 "-" "Setooz/Nutch-1.2 (http://www.setooz.com)"
67.215.230.26 - - [08/Mar/2012:09:53:11 -0800] "GET / HTTP/1.0" 200 3439 "-" "Setooz/Nutch-1.2 (http://www.setooz.com)"
122.164.116.58 - - [08/Mar/2012:09:53:53 -0800] "-" 400 0 "-" "-"
208.115.113.84 - - [08/Mar/2012:09:55:05 -0800] "GET /robots.txt HTTP/1.1" 404 169 "-" "Mozilla/5.0 (compatible; Ezooms/1.0; ezooms.bot@gmail.com)"
85.17.88.169 - - [08/Mar/2012:09:55:42 -0800] "POST /blog/wp-cron.php?doing_wp_cron=1331229283 HTTP/1.0" 499 0 "-" "WordPress/3.3.1; http://yuvi.in/blog"
66.249.71.97 - - [08/Mar/2012:09:55:43 -0800] "GET /blog/my-vim-setup/ HTTP/1.1" 200 7100 "-" "Mozilla/5.0 (compatible; Googlebot/2.1; +http://www.google.com/bot.html)"
85.17.88.169 - - [08/Mar/2012:09:55:50 -0800] "POST /blog/wp-cron.php?doing_wp_cron=1331229290 HTTP/1.0" 499 0 "-" "WordPress/3.3.1; http://yuvi.in/blog"
175.45.25.57 - - [08/Mar/2012:09:55:51 -0800] "GET /blog/ HTTP/1.1" 200 33210 "-" "Mozilla/5.0 (X11; U; Linux i686; en-US; rv:1.9.0.1) Gecko/2008071615 Fedora/3.0.1-1.fc9 Firefox/3.0.1"
59.92.72.26 - - [08/Mar/2012:09:56:19 -0800] "-" 400 0 "-" "-"
59.92.72.26 - - [08/Mar/2012:09:56:19 -0800] "-" 400 0 "-" "-"
59.92.72.26 - - [08/Mar/2012:09:56:19 -0800] "-" 400 0 "-" "-"
85.17.88.169 - - [08/Mar/2012:10:00:20 -0800] "POST /blog/wp-cron.php?doing_wp_cron=1331229560 HTTP/1.0" 499 0 "-" "WordPress/3.3.1; http://yuvi.in/blog"
209.85.224.84 - - [08/Mar/2012:10:00:20 -0800] "GET /blog/feed HTTP/1.1" 304 0 "-" "FeedBurner/1.0 (http://www.FeedBurner.com)"
23.20.114.160 - - [08/Mar/2012:10:00:34 -0800] "GET /blog/infosys-tcs-or-wipro-none/ HTTP/1.1" 200 7089 "-" "Mozilla/5.0 (Macintosh; U; Intel Mac OS X 10.6; en-US; rv:1.9.2) Gecko/20100115 Firefox/3.6 (FlipboardProxy/1.1; +http://flipboard.com/browserproxy)"
117.193.197.3 - - [08/Mar/2012:10:03:23 -0800] "-" 400 0 "-" "-"
14.96.154.201 - - [08/Mar/2012:10:03:52 -0800] "-" 400 0 "-" "-"
117.193.197.3 - - [08/Mar/2012:10:03:53 -0800] "-" 400 0 "-" "-"
117.193.197.3 - - [08/Mar/2012:10:03:53 -0800] "-" 400 0 "-" "-"
117.193.197.3 - - [08/Mar/2012:10:03:53 -0800] "-" 400 0 "-" "-"
117.193.197.3 - - [08/Mar/2012:10:03:53 -0800] "-" 400 0 "-" "-"
14.96.154.201 - - [08/Mar/2012:10:04:03 -0800] "-" 400 0 "-" "-"
89.227.18.139 - - [08/Mar/2012:10:04:04 -0800] "GET /blog/vala-gtkbuilder-and-autoconnecting-signal-handlers.html HTTP/1.1" 200 2954 "-" "Mozilla/5.0 (X11; Linux i686) AppleWebKit/535.11 (KHTML, like Gecko) Ubuntu/10.10 Chromium/17.0.963.65 Chrome/17.0.963.65 Safari/535.11"
89.227.18.139 - - [08/Mar/2012:10:04:05 -0800] "GET /blog/static/style.css HTTP/1.1" 200 4753 "http://yuvi.in/blog/vala-gtkbuilder-and-autoconnecting-signal-handlers.html" "Mozilla/5.0 (X11; Linux i686) AppleWebKit/535.11 (KHTML, like Gecko) Ubuntu/10.10 Chromium/17.0.963.65 Chrome/17.0.963.65 Safari/535.11"
89.227.18.139 - - [08/Mar/2012:10:04:05 -0800] "GET /blog/static/codehilite.css HTTP/1.1" 200 4012 "http://yuvi.in/blog/vala-gtkbuilder-and-autoconnecting-signal-handlers.html" "Mozilla/5.0 (X11; Linux i686) AppleWebKit/535.11 (KHTML, like Gecko) Ubuntu/10.10 Chromium/17.0.963.65 Chrome/17.0.963.65 Safari/535.11"
89.227.18.139 - - [08/Mar/2012:10:04:07 -0800] "GET /favicon.ico HTTP/1.1" 404 199 "-" "Mozilla/5.0 (X11; Linux i686) AppleWebKit/535.11 (KHTML, like Gecko) Ubuntu/10.10 Chromium/17.0.963.65 Chrome/17.0.963.65 Safari/535.11"
89.227.18.139 - - [08/Mar/2012:10:04:07 -0800] "GET /favicon.ico HTTP/1.1" 404 199 "-" "Mozilla/5.0 (X11; Linux i686) AppleWebKit/535.11 (KHTML, like Gecko) Ubuntu/10.10 Chromium/17.0.963.65 Chrome/17.0.963.65 Safari/535.11"
89.227.18.139 - - [08/Mar/2012:10:04:07 -0800] "GET /favicon.ico HTTP/1.1" 404 199 "-" "Mozilla/5.0 (X11; Linux i686) AppleWebKit/535.11 (KHTML, like Gecko) Ubuntu/10.10 Chromium/17.0.963.65 Chrome/17.0.963.65 Safari/535.11"
220.225.129.57 - - [08/Mar/2012:10:04:07 -0800] "-" 400 0 "-" "-"
89.227.18.139 - - [08/Mar/2012:10:04:08 -0800] "GET /favicon.ico HTTP/1.1" 404 199 "-" "Mozilla/5.0 (X11; Linux i686) AppleWebKit/535.11 (KHTML, like Gecko) Ubuntu/10.10 Chromium/17.0.963.65 Chrome/17.0.963.65 Safari/535.11"
208.115.113.85 - - [08/Mar/2012:10:04:30 -0800] "GET /robots.txt HTTP/1.1" 404 238 "-" "Mozilla/5.0 (compatible; Ezooms/1.0; ezooms.bot@gmail.com)"
117.193.197.3 - - [08/Mar/2012:10:04:33 -0800] "-" 400 0 "-" "-"
117.193.197.3 - - [08/Mar/2012:10:04:33 -0800] "-" 400 0 "-" "-"
117.193.197.3 - - [08/Mar/2012:10:04:33 -0800] "-" 400 0 "-" "-"
117.193.197.3 - - [08/Mar/2012:10:04:33 -0800] "-" 400 0 "-" "-"
117.193.249.246 - - [08/Mar/2012:10:04:39 -0800] "-" 400 0 "-" "-"
117.193.249.246 - - [08/Mar/2012:10:04:39 -0800] "-" 400 0 "-" "-"
117.193.249.246 - - [08/Mar/2012:10:04:39 -0800] "-" 400 0 "-" "-"
117.193.249.246 - - [08/Mar/2012:10:06:09 -0800] "-" 400 0 "-" "-"
117.193.249.246 - - [08/Mar/2012:10:06:09 -0800] "-" 400 0 "-" "-"
117.193.249.246 - - [08/Mar/2012:10:06:09 -0800] "-" 400 0 "-" "-"
117.193.249.246 - - [08/Mar/2012:10:06:29 -0800] "-" 400 0 "-" "-"
117.193.249.246 - - [08/Mar/2012:10:06:29 -0800] "-" 400 0 "-" "-"
117.193.197.3 - - [08/Mar/2012:10:06:53 -0800] "-" 400 0 "-" "-"
117.193.143.151 - - [08/Mar/2012:10:07:51 -0800] "-" 400 0 "-" "-"
117.193.197.3 - - [08/Mar/2012:10:07:53 -0800] "-" 400 0 "-" "-"
85.17.88.169 - - [08/Mar/2012:10:08:16 -0800] "POST /blog/wp-cron.php?doing_wp_cron=1331230036 HTTP/1.0" 499 0 "-" "WordPress/3.3.1; http://yuvi.in/blog"
72.14.199.121 - - [08/Mar/2012:10:08:16 -0800] "GET /blog/feed/ HTTP/1.1" 304 0 "-" "Feedfetcher-Google; (+http://www.google.com/feedfetcher.html; 18 subscribers; feed-id=15064232456473204253)"
117.199.137.54 - - [08/Mar/2012:10:08:49 -0800] "GET /r/1yft HTTP/1.1" 301 257 "http://orinam.net/tamil-wikipedia-media-contest/" "Mozilla/5.0 (compatible; MSIE 9.0; Windows NT 6.1; WOW64; Trident/5.0; FunWebProducts)"
117.199.137.54 - - [08/Mar/2012:10:08:49 -0800] "GET /s/ta/1yft/ HTTP/1.1" 302 325 "http://orinam.net/tamil-wikipedia-media-contest/" "Mozilla/5.0 (compatible; MSIE 9.0; Windows NT 6.1; WOW64; Trident/5.0; FunWebProducts)"
122.164.251.138 - - [08/Mar/2012:10:10:20 -0800] "-" 400 0 "-" "-"
122.164.251.138 - - [08/Mar/2012:10:10:20 -0800] "-" 400 0 "-" "-"
122.164.251.138 - - [08/Mar/2012:10:11:01 -0800] "-" 400 0 "-" "-"
122.164.251.138 - - [08/Mar/2012:10:11:01 -0800] "-" 400 0 "-" "-"
122.164.251.138 - - [08/Mar/2012:10:11:01 -0800] "-" 400 0 "-" "-"
209.85.224.98 - - [08/Mar/2012:10:11:12 -0800] "GET /stories/feed HTTP/1.1" 200 13653 "-" "FeedBurner/1.0 (http://www.FeedBurner.com)"
117.193.143.151 - - [08/Mar/2012:10:12:21 -0800] "-" 400 0 "-" "-"
117.193.143.151 - - [08/Mar/2012:10:12:21 -0800] "-" 400 0 "-" "-"
117.193.143.151 - - [08/Mar/2012:10:13:41 -0800] "-" 400 0 "-" "-"
112.79.40.115 - - [08/Mar/2012:10:16:30 -0800] "GET / HTTP/1.1" 200 1430 "http://www.google.co.in/url?sa=t&rct=j&q=yuvi&source=web&cd=6&ved=0CEoQFjAF&url=http%3A%2F%2Fyuvi.in%2F&ei=C_dYT-xXzM-tB4bggZoM&usg=AFQjCNGCp_KinRzG9gFsQqxb60Cy8lsxnA" "Mozilla/5.0 (Windows NT 6.1) AppleWebKit/535.11 (KHTML, like Gecko) Chrome/17.0.963.56 Safari/535.11"
112.79.40.115 - - [08/Mar/2012:10:16:32 -0800] "GET /blueprint/screen.css HTTP/1.1" 200 12058 "http://yuvi.in/" "Mozilla/5.0 (Windows NT 6.1) AppleWebKit/535.11 (KHTML, like Gecko) Chrome/17.0.963.56 Safari/535.11"
112.79.40.115 - - [08/Mar/2012:10:16:35 -0800] "GET /blueprint/print.css HTTP/1.1" 200 1284 "http://yuvi.in/" "Mozilla/5.0 (Windows NT 6.1) AppleWebKit/535.11 (KHTML, like Gecko) Chrome/17.0.963.56 Safari/535.11"
112.79.40.115 - - [08/Mar/2012:10:16:36 -0800] "GET /header.png HTTP/1.1" 200 14249 "http://yuvi.in/" "Mozilla/5.0 (Windows NT 6.1) AppleWebKit/535.11 (KHTML, like Gecko) Chrome/17.0.963.56 Safari/535.11"
112.79.40.115 - - [08/Mar/2012:10:16:43 -0800] "GET /favicon.ico HTTP/1.1" 404 199 "-" "Mozilla/5.0 (Windows NT 6.1) AppleWebKit/535.11 (KHTML, like Gecko) Chrome/17.0.963.56 Safari/535.11"
66.249.71.116 - - [08/Mar/2012:10:16:46 -0800] "GET /r/2fj8 HTTP/1.1" 301 257 "-" "Mozilla/5.0 (compatible; Googlebot/2.1; +http://www.google.com/bot.html)"
66.249.71.116 - - [08/Mar/2012:10:16:47 -0800] "GET /s/ta/2fj8/ HTTP/1.1" 302 449 "-" "Mozilla/5.0 (compatible; Googlebot/2.1; +http://www.google.com/bot.html)"
117.193.243.30 - - [08/Mar/2012:10:19:57 -0800] "-" 400 0 "-" "-"
117.193.243.30 - - [08/Mar/2012:10:19:57 -0800] "-" 400 0 "-" "-"
117.193.243.30 - - [08/Mar/2012:10:19:57 -0800] "-" 400 0 "-" "-"
157.55.39.87 - - [08/Mar/2012:10:23:19 -0800] "GET /robots.txt HTTP/1.1" 404 142 "-" "msnbot/2.0b (+http://search.msn.com/msnbot.htm)"
85.17.88.169 - - [08/Mar/2012:10:23:21 -0800] "POST /blog/wp-cron.php?doing_wp_cron=1331230941 HTTP/1.0" 499 0 "-" "WordPress/3.3.1; http://yuvi.in/blog"
157.55.39.87 - - [08/Mar/2012:10:23:21 -0800] "GET /blog/my-vimrc/ HTTP/1.1" 200 4448 "-" "msnbot/2.0b (+http://search.msn.com/msnbot.htm)"
117.193.243.30 - - [08/Mar/2012:10:23:27 -0800] "-" 400 0 "-" "-"
66.249.71.101 - - [08/Mar/2012:10:24:30 -0800] "GET /robots.txt HTTP/1.1" 404 142 "-" "Mozilla/5.0 (compatible; Googlebot/2.1; +http://www.google.com/bot.html)"
66.249.71.101 - - [08/Mar/2012:10:24:30 -0800] "GET /chennai/route/500a/ HTTP/1.1" 404 142 "-" "Mozilla/5.0 (compatible; Googlebot/2.1; +http://www.google.com/bot.html)"
85.17.88.169 - - [08/Mar/2012:10:24:31 -0800] "POST /blog/wp-cron.php?doing_wp_cron=1331231011 HTTP/1.0" 499 0 "-" "WordPress/3.3.1; http://yuvi.in/blog"
101.226.33.174 - - [08/Mar/2012:10:24:32 -0800] "GET /blog/feed HTTP/1.0" 304 0 "-" "Mozilla/4.0 (compatible; Windows;)"
85.17.88.169 - - [08/Mar/2012:10:26:54 -0800] "POST /blog/wp-cron.php?doing_wp_cron=1331231154 HTTP/1.0" 499 0 "-" "WordPress/3.3.1; http://yuvi.in/blog"
72.14.199.121 - - [08/Mar/2012:10:26:54 -0800] "GET /blog/feed HTTP/1.1" 301 0 "-" "Feedfetcher-Google; (+http://www.google.com/feedfetcher.html; 3 subscribers; feed-id=17684830852112633560)"
85.17.88.169 - - [08/Mar/2012:10:26:56 -0800] "POST /blog/wp-cron.php?doing_wp_cron=1331231156 HTTP/1.0" 499 0 "-" "WordPress/3.3.1; http://yuvi.in/blog"
72.14.199.121 - - [08/Mar/2012:10:26:56 -0800] "GET /blog/feed/ HTTP/1.1" 304 0 "-" "Feedfetcher-Google; (+http://www.google.com/feedfetcher.html; 3 subscribers; feed-id=17684830852112633560)"
208.115.113.85 - - [08/Mar/2012:10:28:04 -0800] "GET /r/ydf HTTP/1.1" 301 255 "-" "Mozilla/5.0 (compatible; Ezooms/1.0; ezooms.bot@gmail.com)"
1.23.225.149 - - [08/Mar/2012:10:28:52 -0800] "-" 400 0 "-" "-"
1.23.225.149 - - [08/Mar/2012:10:28:52 -0800] "-" 400 0 "-" "-"
188.98.100.119 - - [08/Mar/2012:10:29:44 -0800] "GET /r/ad0 HTTP/1.1" 301 255 "http://inaippu.blog.com/" "Mozilla/5.0 (Windows NT 6.1) AppleWebKit/535.11 (KHTML, like Gecko) Chrome/17.0.963.66 Safari/535.11"
188.98.100.119 - - [08/Mar/2012:10:29:44 -0800] "GET /s/ta/ad0/ HTTP/1.1" 302 741 "http://inaippu.blog.com/" "Mozilla/5.0 (Windows NT 6.1) AppleWebKit/535.11 (KHTML, like Gecko) Chrome/17.0.963.66 Safari/535.11"
85.17.88.169 - - [08/Mar/2012:10:30:31 -0800] "POST /blog/wp-cron.php?doing_wp_cron=1331231370 HTTP/1.0" 499 0 "-" "WordPress/3.3.1; http://yuvi.in/blog"
209.85.224.87 - - [08/Mar/2012:10:30:31 -0800] "GET /blog/feed HTTP/1.1" 304 0 "-" "FeedBurner/1.0 (http://www.FeedBurner.com)"
117.193.243.30 - - [08/Mar/2012:10:31:14 -0800] "-" 400 0 "-" "-"
117.193.243.30 - - [08/Mar/2012:10:32:44 -0800] "-" 400 0 "-" "-"
1.23.225.149 - - [08/Mar/2012:10:34:00 -0800] "-" 400 0 "-" "-"
1.23.225.149 - - [08/Mar/2012:10:34:00 -0800] "-" 400 0 "-" "-"
1.23.225.149 - - [08/Mar/2012:10:34:00 -0800] "-" 400 0 "-" "-"
85.17.88.169 - - [08/Mar/2012:10:34:19 -0800] "POST /blog/wp-cron.php?doing_wp_cron=1331231599 HTTP/1.0" 499 0 "-" "WordPress/3.3.1; http://yuvi.in/blog"
69.171.234.3 - - [08/Mar/2012:10:34:19 -0800] "GET /blog/what-stop-child-athiest/ HTTP/1.1" 200 5573 "-" "facebookexternalhit/1.1 (+http://www.facebook.com/externalhit_uatext.php)"
207.34.25.76 - - [08/Mar/2012:10:40:26 -0800] "GET /robots.txt HTTP/1.1" 404 142 "-" "R6_CommentReader(www.radian6.com/crawler)"
85.17.88.169 - - [08/Mar/2012:10:40:28 -0800] "POST /blog/wp-cron.php?doing_wp_cron=1331231968 HTTP/1.0" 499 0 "-" "WordPress/3.3.1; http://yuvi.in/blog"
207.34.25.76 - - [08/Mar/2012:10:40:28 -0800] "GET /blog/feed/ HTTP/1.1" 200 21730 "-" "R6_FeedFetcher(www.radian6.com/crawler)"
208.115.111.68 - - [08/Mar/2012:10:40:40 -0800] "GET /robots.txt HTTP/1.1" 404 169 "-" "Mozilla/5.0 (compatible; Ezooms/1.0; ezooms.bot@gmail.com)"
81.98.209.133 - - [08/Mar/2012:10:46:15 -0800] "GET /r/2re HTTP/1.1" 301 255 "http://www.mayyam.com/talk/showthread.php?3862-Rahul-Dravid-The-Wall/page16" "Mozilla/5.0 (Windows NT 6.1; WOW64) AppleWebKit/535.11 (KHTML, like Gecko) Chrome/17.0.963.66 Safari/535.11"
81.98.209.133 - - [08/Mar/2012:10:46:16 -0800] "GET /s/ta/2re/ HTTP/1.1" 302 361 "http://www.mayyam.com/talk/showthread.php?3862-Rahul-Dravid-The-Wall/page16" "Mozilla/5.0 (Windows NT 6.1; WOW64) AppleWebKit/535.11 (KHTML, like Gecko) Chrome/17.0.963.66 Safari/535.11"
81.98.209.133 - - [08/Mar/2012:10:46:32 -0800] "-" 400 0 "-" "-"
77.21.147.115 - - [08/Mar/2012:10:46:35 -0800] "GET /blog/cheese-gsoc-report-week-5.html HTTP/1.1" 200 6414 "-" "findlinks/2.0.2 (+http://wortschatz.uni-leipzig.de/findlinks/)"
183.83.17.150 - - [08/Mar/2012:10:49:12 -0800] "GET /blog HTTP/1.1" 301 178 "http://lists.wikimedia.org/pipermail/mobile-l/2012-March/005414.html" "Mozilla/5.0 (X11; Linux i686) AppleWebKit/535.11 (KHTML, like Gecko) Chrome/17.0.963.66 Safari/535.11"
183.83.17.150 - - [08/Mar/2012:10:49:25 -0800] "GET /blog/ HTTP/1.1" 200 9195 "http://lists.wikimedia.org/pipermail/mobile-l/2012-March/005414.html" "Mozilla/5.0 (X11; Linux i686) AppleWebKit/535.11 (KHTML, like Gecko) Chrome/17.0.963.66 Safari/535.11"
183.83.17.150 - - [08/Mar/2012:10:49:26 -0800] "GET /blog/ HTTP/1.1" 200 9195 "http://yuvi.in/blog/" "Mozilla/5.0 (X11; Linux i686) AppleWebKit/535.11 (KHTML, like Gecko) Chrome/17.0.963.66 Safari/535.11"
183.83.17.150 - - [08/Mar/2012:10:49:31 -0800] "-" 400 0 "-" "-"
157.55.112.201 - - [08/Mar/2012:10:49:31 -0800] "-" 400 0 "-" "-"
183.83.17.150 - - [08/Mar/2012:10:49:32 -0800] "GET /favicon.ico HTTP/1.1" 404 199 "-" "Mozilla/5.0 (X11; Linux i686) AppleWebKit/535.11 (KHTML, like Gecko) Chrome/17.0.963.66 Safari/535.11"
157.55.112.201 - - [08/Mar/2012:10:49:33 -0800] "-" 400 0 "-" "-"
157.55.112.201 - - [08/Mar/2012:10:49:34 -0800] "-" 400 0 "-" "-"
157.55.112.201 - - [08/Mar/2012:10:49:36 -0800] "-" 400 0 "-" "-"
157.55.112.201 - - [08/Mar/2012:10:49:36 -0800] "-" 400 0 "-" "-"
157.55.112.201 - - [08/Mar/2012:10:49:37 -0800] "-" 400 0 "-" "-"
157.55.112.201 - - [08/Mar/2012:10:49:37 -0800] "-" 400 0 "-" "-"
157.55.112.201 - - [08/Mar/2012:10:49:37 -0800] "-" 400 0 "-" "-"
157.55.112.201 - - [08/Mar/2012:10:49:37 -0800] "-" 400 0 "-" "-"
157.55.112.201 - - [08/Mar/2012:10:49:38 -0800] "-" 400 0 "-" "-"
157.55.112.201 - - [08/Mar/2012:10:50:16 -0800] "-" 400 0 "-" "-"
85.17.88.169 - - [08/Mar/2012:10:53:19 -0800] "POST /blog/wp-cron.php?doing_wp_cron=1331232738 HTTP/1.0" 499 0 "-" "WordPress/3.3.1; http://yuvi.in/blog"
189.5.205.57 - - [08/Mar/2012:10:53:19 -0800] "GET /blog/2012/01/ HTTP/1.1" 200 20437 "-" "Mozilla/5.0 (compatible; Googlebot/2.1; +http://www.google.com/bot.html)"
85.17.88.169 - - [08/Mar/2012:10:57:13 -0800] "POST /blog/wp-cron.php?doing_wp_cron=1331232972 HTTP/1.0" 499 0 "-" "WordPress/3.3.1; http://yuvi.in/blog"
183.83.17.150 - - [08/Mar/2012:10:57:13 -0800] "GET /blog/college-drop/ HTTP/1.1" 200 4511 "http://yuvi.in/blog/" "Mozilla/5.0 (X11; Linux i686) AppleWebKit/535.11 (KHTML, like Gecko) Chrome/17.0.963.66 Safari/535.11"
183.83.17.150 - - [08/Mar/2012:10:57:14 -0800] "GET /blog/college-drop/ HTTP/1.1" 200 4511 "http://yuvi.in/blog/college-drop/" "Mozilla/5.0 (X11; Linux i686) AppleWebKit/535.11 (KHTML, like Gecko) Chrome/17.0.963.66 Safari/535.11"
183.83.17.150 - - [08/Mar/2012:10:57:14 -0800] "GET /favicon.ico HTTP/1.1" 404 199 "-" "Mozilla/5.0 (X11; Linux i686) AppleWebKit/535.11 (KHTML, like Gecko) Chrome/17.0.963.66 Safari/535.11"
183.83.17.150 - - [08/Mar/2012:10:57:15 -0800] "GET /favicon.ico HTTP/1.1" 404 199 "-" "Mozilla/5.0 (X11; Linux i686) AppleWebKit/535.11 (KHTML, like Gecko) Chrome/17.0.963.66 Safari/535.11"
