207.46.204.209 - - [11/Apr/2012:13:27:52 -0700] "-" 400 0 "-" "-"
207.46.204.209 - - [11/Apr/2012:13:27:52 -0700] "-" 400 0 "-" "-"
207.46.204.209 - - [11/Apr/2012:13:27:53 -0700] "-" 400 0 "-" "-"
207.46.204.209 - - [11/Apr/2012:13:27:53 -0700] "-" 400 0 "-" "-"
207.46.204.209 - - [11/Apr/2012:13:27:53 -0700] "-" 400 0 "-" "-"
207.46.204.209 - - [11/Apr/2012:13:28:18 -0700] "-" 400 0 "-" "-"
124.115.0.23 - - [11/Apr/2012:13:31:34 -0700] "GET / HTTP/1.1" 304 0 "-" "Sosospider+(+http://help.soso.com/webspider.htm)"
207.46.204.172 - - [11/Apr/2012:13:31:56 -0700] "-" 400 0 "-" "-"
207.46.204.172 - - [11/Apr/2012:13:31:56 -0700] "-" 400 0 "-" "-"
207.46.204.172 - - [11/Apr/2012:13:31:57 -0700] "-" 400 0 "-" "-"
207.46.204.172 - - [11/Apr/2012:13:31:59 -0700] "-" 400 0 "-" "-"
207.46.204.172 - - [11/Apr/2012:13:31:59 -0700] "-" 400 0 "-" "-"
207.46.204.172 - - [11/Apr/2012:13:31:59 -0700] "-" 400 0 "-" "-"
207.46.204.172 - - [11/Apr/2012:13:31:59 -0700] "-" 400 0 "-" "-"
207.46.204.172 - - [11/Apr/2012:13:32:00 -0700] "-" 400 0 "-" "-"
207.46.204.172 - - [11/Apr/2012:13:32:01 -0700] "-" 400 0 "-" "-"
207.46.204.172 - - [11/Apr/2012:13:32:01 -0700] "-" 400 0 "-" "-"
207.46.204.172 - - [11/Apr/2012:13:32:01 -0700] "-" 400 0 "-" "-"
207.46.204.172 - - [11/Apr/2012:13:32:02 -0700] "-" 400 0 "-" "-"
207.46.204.172 - - [11/Apr/2012:13:32:36 -0700] "-" 400 0 "-" "-"
180.151.40.138 - - [11/Apr/2012:13:33:12 -0700] "GET /AssessmentBar/r/Unassessed_India_articles/ HTTP/1.1" 302 279 "http://en.wikipedia.org/wiki/Indian_Institute_of_Management_Raipur" "Mozilla/5.0 (Windows NT 5.1; rv:11.0) Gecko/20100101 Firefox/11.0"
180.151.40.138 - - [11/Apr/2012:13:33:18 -0700] "-" 400 0 "-" "-"
180.151.40.138 - - [11/Apr/2012:13:33:20 -0700] "GET /AssessmentBar/r/Unassessed_India_articles/ HTTP/1.1" 302 267 "http://en.wikipedia.org/wiki/Paul_Nischal" "Mozilla/5.0 (Windows NT 5.1; rv:11.0) Gecko/20100101 Firefox/11.0"
180.151.40.138 - - [11/Apr/2012:13:33:48 -0700] "GET /AssessmentBar/r/Unassessed_India_articles/ HTTP/1.1" 302 303 "http://en.wikipedia.org/wiki/Rewari" "Mozilla/5.0 (Windows NT 5.1; rv:11.0) Gecko/20100101 Firefox/11.0"
180.151.40.138 - - [11/Apr/2012:13:34:31 -0700] "GET /AssessmentBar/r/Unassessed_India_articles/ HTTP/1.1" 302 315 "http://en.wikipedia.org/wiki/Srinivasacharya_Raghavan" "Mozilla/5.0 (Windows NT 5.1; rv:11.0) Gecko/20100101 Firefox/11.0"
180.151.40.138 - - [11/Apr/2012:13:34:40 -0700] "GET /AssessmentBar/r/Unassessed_India_articles/ HTTP/1.1" 302 275 "http://en.wikipedia.org/wiki/Indian_Institute_of_Management" "Mozilla/5.0 (Windows NT 5.1; rv:11.0) Gecko/20100101 Firefox/11.0"
180.151.40.138 - - [11/Apr/2012:13:34:53 -0700] "GET /AssessmentBar/r/Unassessed_India_articles/ HTTP/1.1" 302 305 "http://en.wikipedia.org/wiki/Harry_Tuzo" "Mozilla/5.0 (Windows NT 5.1; rv:11.0) Gecko/20100101 Firefox/11.0"
180.151.40.138 - - [11/Apr/2012:13:35:31 -0700] "GET /AssessmentBar/r/Unassessed_India_articles/ HTTP/1.1" 302 275 "http://en.wikipedia.org/wiki/M._C._Mehta_v._Kamal_Nath" "Mozilla/5.0 (Windows NT 5.1; rv:11.0) Gecko/20100101 Firefox/11.0"
180.151.40.138 - - [11/Apr/2012:13:35:42 -0700] "GET /AssessmentBar/r/Unassessed_India_articles/ HTTP/1.1" 302 283 "http://en.wikipedia.org/wiki/Leo_Bodkin" "Mozilla/5.0 (Windows NT 5.1; rv:11.0) Gecko/20100101 Firefox/11.0"
180.151.40.138 - - [11/Apr/2012:13:36:14 -0700] "GET /AssessmentBar/r/Unassessed_India_articles/ HTTP/1.1" 302 279 "http://en.wikipedia.org/wiki/Cibaca_(brand)" "Mozilla/5.0 (Windows NT 5.1; rv:11.0) Gecko/20100101 Firefox/11.0"
180.151.40.138 - - [11/Apr/2012:13:36:36 -0700] "GET /AssessmentBar/r/Unassessed_India_articles/ HTTP/1.1" 302 277 "http://en.wikipedia.org/wiki/Sakaldwipiya" "Mozilla/5.0 (Windows NT 5.1; rv:11.0) Gecko/20100101 Firefox/11.0"
180.151.40.138 - - [11/Apr/2012:13:36:43 -0700] "GET /AssessmentBar/r/Unassessed_India_articles/ HTTP/1.1" 302 317 "http://en.wikipedia.org/wiki/Ramram_Basu" "Mozilla/5.0 (Windows NT 5.1; rv:11.0) Gecko/20100101 Firefox/11.0"
208.115.111.68 - - [11/Apr/2012:13:40:33 -0700] "GET /robots.txt HTTP/1.1" 404 169 "-" "Mozilla/5.0 (compatible; Ezooms/1.0; ezooms.bot@gmail.com)"
157.55.112.208 - - [11/Apr/2012:13:41:50 -0700] "-" 400 0 "-" "-"
157.55.112.208 - - [11/Apr/2012:13:41:50 -0700] "-" 400 0 "-" "-"
157.55.112.208 - - [11/Apr/2012:13:41:51 -0700] "-" 400 0 "-" "-"
157.55.112.208 - - [11/Apr/2012:13:41:56 -0700] "-" 400 0 "-" "-"
157.55.112.208 - - [11/Apr/2012:13:41:56 -0700] "-" 400 0 "-" "-"
157.55.112.208 - - [11/Apr/2012:13:41:56 -0700] "-" 400 0 "-" "-"
157.55.112.208 - - [11/Apr/2012:13:41:56 -0700] "-" 400 0 "-" "-"
157.55.112.208 - - [11/Apr/2012:13:41:58 -0700] "-" 400 0 "-" "-"
157.55.112.208 - - [11/Apr/2012:13:41:58 -0700] "-" 400 0 "-" "-"
157.55.112.208 - - [11/Apr/2012:13:42:02 -0700] "-" 400 0 "-" "-"
157.55.112.208 - - [11/Apr/2012:13:42:02 -0700] "-" 400 0 "-" "-"
157.55.112.208 - - [11/Apr/2012:13:42:02 -0700] "-" 400 0 "-" "-"
85.17.88.169 - - [11/Apr/2012:13:43:14 -0700] "POST /blog/wp-cron.php?doing_wp_cron=1334176661 HTTP/1.0" 499 0 "-" "WordPress/3.3.1; http://yuvi.in/blog"
207.46.195.239 - - [11/Apr/2012:13:43:14 -0700] "GET /blog/temptations/ HTTP/1.1" 200 4767 "-" "Mozilla/5.0 (compatible; bingbot/2.0; +http://www.bing.com/bingbot.htm)"
208.115.113.84 - - [11/Apr/2012:13:43:52 -0700] "GET /robots.txt HTTP/1.1" 404 169 "-" "Mozilla/5.0 (compatible; Ezooms/1.0; ezooms.bot@gmail.com)"
74.125.126.83 - - [11/Apr/2012:13:44:18 -0700] "GET /favicon.ico HTTP/1.1" 404 142 "-" "-"
66.249.67.108 - - [11/Apr/2012:13:46:47 -0700] "GET /robots.txt HTTP/1.1" 404 142 "-" "Mozilla/5.0 (compatible; Googlebot/2.1; +http://www.google.com/bot.html)"
85.17.88.169 - - [11/Apr/2012:13:46:49 -0700] "POST /blog/wp-cron.php?doing_wp_cron=1334176877 HTTP/1.0" 499 0 "-" "WordPress/3.3.1; http://yuvi.in/blog"
66.249.67.108 - - [11/Apr/2012:13:46:50 -0700] "GET /blog/2009/07/26/ HTTP/1.1" 200 4042 "-" "Mozilla/5.0 (compatible; Googlebot/2.1; +http://www.google.com/bot.html)"
93.97.26.233 - - [11/Apr/2012:13:54:57 -0700] "GET /r/1va HTTP/1.1" 301 255 "-" "Mozilla/5.0 (iPhone; CPU iPhone OS 5_1 like Mac OS X) AppleWebKit/534.46 (KHTML, like Gecko) Mobile/9B179"
93.97.26.233 - - [11/Apr/2012:13:54:57 -0700] "GET /s/ta/1va/ HTTP/1.1" 302 409 "-" "Mozilla/5.0 (iPhone; CPU iPhone OS 5_1 like Mac OS X) AppleWebKit/534.46 (KHTML, like Gecko) Mobile/9B179"
93.97.26.233 - - [11/Apr/2012:13:57:11 -0700] "GET /r/23z HTTP/1.1" 301 255 "-" "Mozilla/5.0 (iPhone; CPU iPhone OS 5_1 like Mac OS X) AppleWebKit/534.46 (KHTML, like Gecko) Mobile/9B179"
93.97.26.233 - - [11/Apr/2012:13:57:11 -0700] "GET /s/ta/23z/ HTTP/1.1" 302 397 "-" "Mozilla/5.0 (iPhone; CPU iPhone OS 5_1 like Mac OS X) AppleWebKit/534.46 (KHTML, like Gecko) Mobile/9B179"
85.17.88.169 - - [11/Apr/2012:13:57:50 -0700] "POST /blog/wp-cron.php?doing_wp_cron=1334177538 HTTP/1.0" 499 0 "-" "WordPress/3.3.1; http://yuvi.in/blog"
209.85.224.85 - - [11/Apr/2012:13:57:50 -0700] "GET /blog/feed HTTP/1.1" 304 0 "-" "FeedBurner/1.0 (http://www.FeedBurner.com)"
85.17.88.169 - - [11/Apr/2012:13:58:19 -0700] "POST /blog/wp-cron.php?doing_wp_cron=1334177567 HTTP/1.0" 499 0 "-" "WordPress/3.3.1; http://yuvi.in/blog"
101.226.33.188 - - [11/Apr/2012:13:58:19 -0700] "GET /blog/feed HTTP/1.0" 304 0 "-" "Mozilla/4.0 (compatible; Windows;)"
222.186.26.202 - - [11/Apr/2012:14:02:10 -0700] "GET / HTTP/1.1" 200 3439 "-" "-"
222.186.26.202 - - [11/Apr/2012:14:02:11 -0700] "GET / HTTP/1.1" 200 3439 "-" "-"
222.186.26.202 - - [11/Apr/2012:14:02:11 -0700] "GET / HTTP/1.1" 200 3439 "-" "Mozilla/4.0 (compatible; MSIE 6.0; Windows NT 5.2; .NET CLR 1.0.3705;)"
209.85.224.80 - - [11/Apr/2012:14:03:19 -0700] "GET /stories/feed HTTP/1.1" 200 13653 "-" "FeedBurner/1.0 (http://www.FeedBurner.com)"
209.85.238.112 - - [11/Apr/2012:14:07:55 -0700] "GET /blog/feed/ HTTP/1.1" 200 6691 "-" "Feedfetcher-Google; (+http://www.google.com/feedfetcher.html; 19 subscribers; feed-id=15064232456473204253)"
207.46.204.214 - - [11/Apr/2012:14:09:24 -0700] "-" 400 0 "-" "-"
207.46.204.214 - - [11/Apr/2012:14:09:24 -0700] "-" 400 0 "-" "-"
207.46.204.214 - - [11/Apr/2012:14:09:24 -0700] "-" 400 0 "-" "-"
207.46.204.214 - - [11/Apr/2012:14:09:24 -0700] "-" 400 0 "-" "-"
207.46.204.214 - - [11/Apr/2012:14:09:24 -0700] "-" 400 0 "-" "-"
207.46.204.214 - - [11/Apr/2012:14:09:24 -0700] "-" 400 0 "-" "-"
207.46.204.214 - - [11/Apr/2012:14:09:24 -0700] "-" 400 0 "-" "-"
207.46.204.214 - - [11/Apr/2012:14:09:25 -0700] "-" 400 0 "-" "-"
207.46.204.214 - - [11/Apr/2012:14:09:25 -0700] "-" 400 0 "-" "-"
207.46.204.214 - - [11/Apr/2012:14:09:25 -0700] "-" 400 0 "-" "-"
207.46.204.214 - - [11/Apr/2012:14:10:22 -0700] "-" 400 0 "-" "-"
65.52.111.245 - - [11/Apr/2012:14:12:28 -0700] "-" 400 0 "-" "-"
65.52.111.245 - - [11/Apr/2012:14:12:28 -0700] "-" 400 0 "-" "-"
65.52.111.245 - - [11/Apr/2012:14:12:28 -0700] "-" 400 0 "-" "-"
65.52.111.245 - - [11/Apr/2012:14:12:28 -0700] "-" 400 0 "-" "-"
65.52.111.245 - - [11/Apr/2012:14:12:29 -0700] "-" 400 0 "-" "-"
65.52.111.245 - - [11/Apr/2012:14:12:29 -0700] "-" 400 0 "-" "-"
65.52.111.245 - - [11/Apr/2012:14:12:29 -0700] "-" 400 0 "-" "-"
65.52.111.245 - - [11/Apr/2012:14:12:29 -0700] "-" 400 0 "-" "-"
65.52.111.245 - - [11/Apr/2012:14:12:29 -0700] "-" 400 0 "-" "-"
65.52.111.245 - - [11/Apr/2012:14:12:29 -0700] "-" 400 0 "-" "-"
65.52.111.245 - - [11/Apr/2012:14:12:29 -0700] "-" 400 0 "-" "-"
65.52.111.215 - - [11/Apr/2012:14:12:54 -0700] "-" 400 0 "-" "-"
65.52.111.215 - - [11/Apr/2012:14:12:54 -0700] "-" 400 0 "-" "-"
65.52.111.215 - - [11/Apr/2012:14:12:55 -0700] "-" 400 0 "-" "-"
65.52.111.215 - - [11/Apr/2012:14:12:55 -0700] "-" 400 0 "-" "-"
65.52.111.215 - - [11/Apr/2012:14:12:55 -0700] "-" 400 0 "-" "-"
65.52.111.215 - - [11/Apr/2012:14:12:56 -0700] "-" 400 0 "-" "-"
65.52.111.215 - - [11/Apr/2012:14:12:56 -0700] "-" 400 0 "-" "-"
65.52.111.215 - - [11/Apr/2012:14:12:56 -0700] "-" 400 0 "-" "-"
65.52.111.215 - - [11/Apr/2012:14:12:56 -0700] "-" 400 0 "-" "-"
207.46.204.214 - - [11/Apr/2012:14:12:58 -0700] "-" 400 0 "-" "-"
207.46.204.214 - - [11/Apr/2012:14:12:58 -0700] "-" 400 0 "-" "-"
207.46.204.214 - - [11/Apr/2012:14:12:58 -0700] "-" 400 0 "-" "-"
207.46.204.214 - - [11/Apr/2012:14:12:58 -0700] "-" 400 0 "-" "-"
207.46.204.214 - - [11/Apr/2012:14:12:59 -0700] "-" 400 0 "-" "-"
207.46.204.214 - - [11/Apr/2012:14:12:59 -0700] "-" 400 0 "-" "-"
207.46.204.214 - - [11/Apr/2012:14:12:59 -0700] "-" 400 0 "-" "-"
207.46.204.214 - - [11/Apr/2012:14:12:59 -0700] "-" 400 0 "-" "-"
207.46.204.214 - - [11/Apr/2012:14:12:59 -0700] "-" 400 0 "-" "-"
207.46.204.214 - - [11/Apr/2012:14:12:59 -0700] "-" 400 0 "-" "-"
207.46.204.214 - - [11/Apr/2012:14:12:59 -0700] "-" 400 0 "-" "-"
65.52.111.245 - - [11/Apr/2012:14:13:03 -0700] "-" 400 0 "-" "-"
65.52.111.245 - - [11/Apr/2012:14:13:03 -0700] "-" 400 0 "-" "-"
207.46.204.214 - - [11/Apr/2012:14:13:21 -0700] "-" 400 0 "-" "-"
207.46.204.214 - - [11/Apr/2012:14:13:21 -0700] "-" 400 0 "-" "-"
65.52.111.215 - - [11/Apr/2012:14:13:26 -0700] "-" 400 0 "-" "-"
65.52.111.215 - - [11/Apr/2012:14:13:26 -0700] "-" 400 0 "-" "-"
65.52.111.215 - - [11/Apr/2012:14:13:26 -0700] "-" 400 0 "-" "-"
65.52.110.16 - - [11/Apr/2012:14:26:43 -0700] "GET /robots.txt HTTP/1.1" 404 169 "-" "Mozilla/5.0 (compatible; bingbot/2.0; +http://www.bing.com/bingbot.htm)"
150.70.64.197 - - [11/Apr/2012:14:27:06 -0700] "GET /adstream_mjx.ads/skyscanner.net/1357844600@Middle,Right,Middle1,Bottom?view=day&language=ZH&from_country=HK&to_country=PH&from_city=HKGA&to_city=KLOP&from_airport=HKG&to_airport=KLO&departure_date=1205&return_date=1205 HTTP/1.0" 404 571 "-" "Mozilla/4.0 (compatible; MSIE 6.0; Windows NT 5.1)"
85.17.88.169 - - [11/Apr/2012:14:27:54 -0700] "POST /blog/wp-cron.php?doing_wp_cron=1334179341 HTTP/1.0" 499 0 "-" "WordPress/3.3.1; http://yuvi.in/blog"
65.52.110.16 - - [11/Apr/2012:14:27:55 -0700] "GET /blog/college-drop/ HTTP/1.1" 200 4914 "-" "Mozilla/5.0 (compatible; bingbot/2.0; +http://www.bing.com/bingbot.htm)"
85.17.88.169 - - [11/Apr/2012:14:28:06 -0700] "POST /blog/wp-cron.php?doing_wp_cron=1334179353 HTTP/1.0" 499 0 "-" "WordPress/3.3.1; http://yuvi.in/blog"
209.85.224.82 - - [11/Apr/2012:14:28:06 -0700] "GET /blog/feed HTTP/1.1" 304 0 "-" "FeedBurner/1.0 (http://www.FeedBurner.com)"
85.17.88.169 - - [11/Apr/2012:14:28:57 -0700] "POST /blog/wp-cron.php?doing_wp_cron=1334179405 HTTP/1.0" 499 0 "-" "WordPress/3.3.1; http://yuvi.in/blog"
66.249.67.108 - - [11/Apr/2012:14:28:58 -0700] "GET /blog/author/yuvipanda/page/2/ HTTP/1.1" 200 26306 "-" "Mozilla/5.0 (compatible; Googlebot/2.1; +http://www.google.com/bot.html)"
85.17.88.169 - - [11/Apr/2012:14:30:44 -0700] "POST /blog/wp-cron.php?doing_wp_cron=1334179512 HTTP/1.0" 499 0 "-" "WordPress/3.3.1; http://yuvi.in/blog"
209.85.238.112 - - [11/Apr/2012:14:30:45 -0700] "GET /blog/feed HTTP/1.1" 301 0 "-" "Feedfetcher-Google; (+http://www.google.com/feedfetcher.html; 3 subscribers; feed-id=17684830852112633560)"
85.17.88.169 - - [11/Apr/2012:14:30:47 -0700] "POST /blog/wp-cron.php?doing_wp_cron=1334179514 HTTP/1.0" 499 0 "-" "WordPress/3.3.1; http://yuvi.in/blog"
209.85.238.112 - - [11/Apr/2012:14:30:47 -0700] "GET /blog/feed/ HTTP/1.1" 200 6673 "-" "Feedfetcher-Google; (+http://www.google.com/feedfetcher.html; 3 subscribers; feed-id=17684830852112633560)"
213.186.127.13 - - [11/Apr/2012:14:32:32 -0700] "GET /r/1g76 HTTP/1.1" 301 257 "-" "Mozilla/5.0 (compatible; AhrefsBot/2.0; +http://ahrefs.com/robot/)"
65.52.111.244 - - [11/Apr/2012:14:33:29 -0700] "-" 400 0 "-" "-"
65.52.111.244 - - [11/Apr/2012:14:33:29 -0700] "-" 400 0 "-" "-"
65.52.111.244 - - [11/Apr/2012:14:33:29 -0700] "-" 400 0 "-" "-"
65.52.111.244 - - [11/Apr/2012:14:33:30 -0700] "-" 400 0 "-" "-"
65.52.111.244 - - [11/Apr/2012:14:33:30 -0700] "-" 400 0 "-" "-"
65.52.111.244 - - [11/Apr/2012:14:33:30 -0700] "-" 400 0 "-" "-"
65.52.111.244 - - [11/Apr/2012:14:33:30 -0700] "-" 400 0 "-" "-"
65.52.111.244 - - [11/Apr/2012:14:33:30 -0700] "-" 400 0 "-" "-"
65.52.111.244 - - [11/Apr/2012:14:33:30 -0700] "-" 400 0 "-" "-"
65.52.111.244 - - [11/Apr/2012:14:33:30 -0700] "-" 400 0 "-" "-"
65.52.111.244 - - [11/Apr/2012:14:33:30 -0700] "-" 400 0 "-" "-"
65.52.111.244 - - [11/Apr/2012:14:33:30 -0700] "-" 400 0 "-" "-"
65.52.111.244 - - [11/Apr/2012:14:34:19 -0700] "-" 400 0 "-" "-"
92.229.34.131 - - [11/Apr/2012:14:35:10 -0700] "GET /blog/vala-gtkbuilder-and-autoconnecting-signal-handlers.html HTTP/1.1" 200 2954 "http://www.google.com/url?sa=t&rct=j&q=callback%20vala%20gtk&source=web&cd=4&sqi=2&ved=0CEQQFjAD&url=http%3A%2F%2Fyuvi.in%2Fblog%2Fvala-gtkbuilder-and-autoconnecting-signal-handlers.html&ei=r_eFT-22Goz1sgbQreXwBg&usg=AFQjCNHu-O7o_YcxkhLCRgIq7ntEYUJuQw&cad=rja" "Mozilla/5.0 (X11; Ubuntu; Linux x86_64; rv:11.0) Gecko/20100101 Firefox/11.0"
92.229.34.131 - - [11/Apr/2012:14:35:11 -0700] "GET /blog/static/style.css HTTP/1.1" 200 4753 "http://yuvi.in/blog/vala-gtkbuilder-and-autoconnecting-signal-handlers.html" "Mozilla/5.0 (X11; Ubuntu; Linux x86_64; rv:11.0) Gecko/20100101 Firefox/11.0"
92.229.34.131 - - [11/Apr/2012:14:35:11 -0700] "GET /blog/static/codehilite.css HTTP/1.1" 200 4012 "http://yuvi.in/blog/vala-gtkbuilder-and-autoconnecting-signal-handlers.html" "Mozilla/5.0 (X11; Ubuntu; Linux x86_64; rv:11.0) Gecko/20100101 Firefox/11.0"
92.229.34.131 - - [11/Apr/2012:14:35:12 -0700] "GET /favicon.ico HTTP/1.1" 404 142 "-" "Mozilla/5.0 (X11; Ubuntu; Linux x86_64; rv:11.0) Gecko/20100101 Firefox/11.0"
92.229.34.131 - - [11/Apr/2012:14:35:12 -0700] "GET /favicon.ico HTTP/1.1" 404 142 "-" "Mozilla/5.0 (X11; Ubuntu; Linux x86_64; rv:11.0) Gecko/20100101 Firefox/11.0"
92.229.34.131 - - [11/Apr/2012:14:36:39 -0700] "GET /blog/about-me.html HTTP/1.1" 200 3001 "http://yuvi.in/blog/vala-gtkbuilder-and-autoconnecting-signal-handlers.html" "Mozilla/5.0 (X11; Ubuntu; Linux x86_64; rv:11.0) Gecko/20100101 Firefox/11.0"
92.229.34.131 - - [11/Apr/2012:14:36:45 -0700] "-" 400 0 "-" "-"
85.17.88.169 - - [11/Apr/2012:14:36:51 -0700] "POST /blog/wp-cron.php?doing_wp_cron=1334179878 HTTP/1.0" 499 0 "-" "WordPress/3.3.1; http://yuvi.in/blog"
92.229.34.131 - - [11/Apr/2012:14:36:51 -0700] "GET /blog/ HTTP/1.1" 200 9194 "-" "Mozilla/5.0 (X11; Ubuntu; Linux x86_64; rv:11.0) Gecko/20100101 Firefox/11.0"
92.229.34.131 - - [11/Apr/2012:14:36:52 -0700] "GET /blog/wp-content/themes/cleanr/js/jquery.dropdown.js?ver=3.3.1 HTTP/1.1" 200 535 "http://yuvi.in/blog/" "Mozilla/5.0 (X11; Ubuntu; Linux x86_64; rv:11.0) Gecko/20100101 Firefox/11.0"
92.229.34.131 - - [11/Apr/2012:14:36:52 -0700] "GET /blog/wp-content/themes/cleanr/style.css HTTP/1.1" 200 10508 "http://yuvi.in/blog/" "Mozilla/5.0 (X11; Ubuntu; Linux x86_64; rv:11.0) Gecko/20100101 Firefox/11.0"
92.229.34.131 - - [11/Apr/2012:14:36:52 -0700] "GET /blog/wp-includes/js/jquery/jquery.js?ver=1.7.1 HTTP/1.1" 200 93889 "http://yuvi.in/blog/" "Mozilla/5.0 (X11; Ubuntu; Linux x86_64; rv:11.0) Gecko/20100101 Firefox/11.0"
92.229.34.131 - - [11/Apr/2012:14:36:53 -0700] "GET /blog/wp-content/themes/cleanr/css/text.css HTTP/1.1" 200 420 "http://yuvi.in/blog/wp-content/themes/cleanr/style.css" "Mozilla/5.0 (X11; Ubuntu; Linux x86_64; rv:11.0) Gecko/20100101 Firefox/11.0"
92.229.34.131 - - [11/Apr/2012:14:36:53 -0700] "GET /blog/wp-content/themes/cleanr/css/reset.css HTTP/1.1" 200 648 "http://yuvi.in/blog/wp-content/themes/cleanr/style.css" "Mozilla/5.0 (X11; Ubuntu; Linux x86_64; rv:11.0) Gecko/20100101 Firefox/11.0"
92.229.34.131 - - [11/Apr/2012:14:36:53 -0700] "GET /blog/wp-content/themes/cleanr/css/960.css HTTP/1.1" 200 3628 "http://yuvi.in/blog/wp-content/themes/cleanr/style.css" "Mozilla/5.0 (X11; Ubuntu; Linux x86_64; rv:11.0) Gecko/20100101 Firefox/11.0"
92.229.34.131 - - [11/Apr/2012:14:36:53 -0700] "GET /blog/wp-content/themes/cleanr/images/search_magnifier.gif HTTP/1.1" 200 394 "http://yuvi.in/blog/" "Mozilla/5.0 (X11; Ubuntu; Linux x86_64; rv:11.0) Gecko/20100101 Firefox/11.0"
92.229.34.131 - - [11/Apr/2012:14:37:06 -0700] "GET / HTTP/1.1" 200 1430 "-" "Mozilla/5.0 (X11; Ubuntu; Linux x86_64; rv:11.0) Gecko/20100101 Firefox/11.0"
92.229.34.131 - - [11/Apr/2012:14:37:06 -0700] "GET /blueprint/screen.css HTTP/1.1" 200 12058 "http://yuvi.in/" "Mozilla/5.0 (X11; Ubuntu; Linux x86_64; rv:11.0) Gecko/20100101 Firefox/11.0"
92.229.34.131 - - [11/Apr/2012:14:37:06 -0700] "GET /blueprint/print.css HTTP/1.1" 200 1284 "http://yuvi.in/" "Mozilla/5.0 (X11; Ubuntu; Linux x86_64; rv:11.0) Gecko/20100101 Firefox/11.0"
92.229.34.131 - - [11/Apr/2012:14:37:06 -0700] "GET /header.png HTTP/1.1" 200 14249 "http://yuvi.in/" "Mozilla/5.0 (X11; Ubuntu; Linux x86_64; rv:11.0) Gecko/20100101 Firefox/11.0"
85.17.88.169 - - [11/Apr/2012:14:38:30 -0700] "POST /blog/wp-cron.php?doing_wp_cron=1334179978 HTTP/1.0" 499 0 "-" "WordPress/3.3.1; http://yuvi.in/blog"
208.115.111.68 - - [11/Apr/2012:14:38:31 -0700] "GET /blog/pycon-india-2009/trackback/ HTTP/1.1" 302 0 "-" "Mozilla/5.0 (compatible; Ezooms/1.0; ezooms.bot@gmail.com)"
85.17.88.169 - - [11/Apr/2012:14:38:36 -0700] "POST /blog/wp-cron.php?doing_wp_cron=1334179984 HTTP/1.0" 499 0 "-" "WordPress/3.3.1; http://yuvi.in/blog"
208.115.111.68 - - [11/Apr/2012:14:38:37 -0700] "GET /blog/picks-from-autogenerated-freya-quotes-nsfw/trackback/ HTTP/1.1" 302 0 "-" "Mozilla/5.0 (compatible; Ezooms/1.0; ezooms.bot@gmail.com)"
85.17.88.169 - - [11/Apr/2012:14:43:52 -0700] "POST /blog/wp-cron.php?doing_wp_cron=1334180299 HTTP/1.0" 499 0 "-" "WordPress/3.3.1; http://yuvi.in/blog"
208.115.113.84 - - [11/Apr/2012:14:43:52 -0700] "GET /blog/tag/review/feed/ HTTP/1.1" 200 10967 "-" "Mozilla/5.0 (compatible; Ezooms/1.0; ezooms.bot@gmail.com)"
85.17.88.169 - - [11/Apr/2012:14:43:59 -0700] "POST /blog/wp-cron.php?doing_wp_cron=1334180306 HTTP/1.0" 499 0 "-" "WordPress/3.3.1; http://yuvi.in/blog"
208.115.113.84 - - [11/Apr/2012:14:43:59 -0700] "GET /blog/devlog-mar-2011/feed/ HTTP/1.1" 200 736 "-" "Mozilla/5.0 (compatible; Ezooms/1.0; ezooms.bot@gmail.com)"
85.17.88.169 - - [11/Apr/2012:14:44:05 -0700] "POST /blog/wp-cron.php?doing_wp_cron=1334180313 HTTP/1.0" 499 0 "-" "WordPress/3.3.1; http://yuvi.in/blog"
208.115.113.84 - - [11/Apr/2012:14:44:06 -0700] "GET /blog/broke-nonexistent-law/feed/ HTTP/1.1" 200 3730 "-" "Mozilla/5.0 (compatible; Ezooms/1.0; ezooms.bot@gmail.com)"
66.249.68.87 - - [11/Apr/2012:14:47:41 -0700] "GET /robots.txt HTTP/1.1" 404 211 "-" "Mozilla/5.0 (compatible; Googlebot/2.1; +http://www.google.com/bot.html)"
66.249.68.87 - - [11/Apr/2012:14:47:41 -0700] "GET /s/ta/2gav%3E/ HTTP/1.1" 502 173 "-" "Mozilla/5.0 (compatible; Googlebot/2.1; +http://www.google.com/bot.html)"
66.249.68.87 - - [11/Apr/2012:14:47:51 -0700] "GET /r/34g3 HTTP/1.1" 301 257 "-" "Mozilla/5.0 (compatible; Googlebot/2.1; +http://www.google.com/bot.html)"
66.249.68.87 - - [11/Apr/2012:14:47:52 -0700] "GET /s/ta/34g3/ HTTP/1.1" 302 521 "-" "Mozilla/5.0 (compatible; Googlebot/2.1; +http://www.google.com/bot.html)"
208.107.186.76 - - [11/Apr/2012:14:52:14 -0700] "GET /robots.txt HTTP/1.0" 404 169 "-" "Mozilla/5.0 (compatible; MJ12bot/v1.4.2; http://www.majestic12.co.uk/bot.php?+)"
208.107.186.76 - - [11/Apr/2012:14:52:16 -0700] "GET /blog/devlog-feb-2011.html HTTP/1.1" 200 7216 "-" "Mozilla/5.0 (compatible; MJ12bot/v1.4.2; http://www.majestic12.co.uk/bot.php?+)"
157.55.112.205 - - [11/Apr/2012:14:52:52 -0700] "-" 400 0 "-" "-"
157.55.112.205 - - [11/Apr/2012:14:52:52 -0700] "-" 400 0 "-" "-"
157.55.112.205 - - [11/Apr/2012:14:52:53 -0700] "-" 400 0 "-" "-"
157.55.112.205 - - [11/Apr/2012:14:52:53 -0700] "-" 400 0 "-" "-"
157.55.112.205 - - [11/Apr/2012:14:52:54 -0700] "-" 400 0 "-" "-"
157.55.112.205 - - [11/Apr/2012:14:52:54 -0700] "-" 400 0 "-" "-"
157.55.112.205 - - [11/Apr/2012:14:52:54 -0700] "-" 400 0 "-" "-"
157.55.112.205 - - [11/Apr/2012:14:52:54 -0700] "-" 400 0 "-" "-"
157.55.112.205 - - [11/Apr/2012:14:52:54 -0700] "-" 400 0 "-" "-"
157.55.112.205 - - [11/Apr/2012:14:52:54 -0700] "-" 400 0 "-" "-"
157.55.112.205 - - [11/Apr/2012:14:52:54 -0700] "-" 400 0 "-" "-"
157.55.112.205 - - [11/Apr/2012:14:52:54 -0700] "-" 400 0 "-" "-"
85.17.88.169 - - [11/Apr/2012:14:58:16 -0700] "POST /blog/wp-cron.php?doing_wp_cron=1334181163 HTTP/1.0" 499 0 "-" "WordPress/3.3.1; http://yuvi.in/blog"
209.85.224.93 - - [11/Apr/2012:14:58:16 -0700] "GET /blog/feed HTTP/1.1" 304 0 "-" "FeedBurner/1.0 (http://www.FeedBurner.com)"
69.171.234.2 - - [11/Apr/2012:15:02:53 -0700] "GET /r/fmf HTTP/1.1" 301 255 "-" "facebookexternalhit/1.1 (+http://www.facebook.com/externalhit_uatext.php)"
69.171.234.1 - - [11/Apr/2012:15:02:53 -0700] "GET /s/ta/fmf/ HTTP/1.1" 302 349 "-" "facebookexternalhit/1.1 (+http://www.facebook.com/externalhit_uatext.php)"
209.85.224.96 - - [11/Apr/2012:15:03:22 -0700] "GET /stories/feed HTTP/1.1" 200 13653 "-" "FeedBurner/1.0 (http://www.FeedBurner.com)"
193.47.80.36 - - [11/Apr/2012:15:04:30 -0700] "GET / HTTP/1.1" 404 211 "-" "Mozilla/5.0 (compatible; Exabot/3.0; +http://www.exabot.com/go/robot)"
207.46.204.218 - - [11/Apr/2012:15:04:34 -0700] "-" 400 0 "-" "-"
207.46.204.218 - - [11/Apr/2012:15:04:34 -0700] "-" 400 0 "-" "-"
207.46.204.218 - - [11/Apr/2012:15:04:34 -0700] "-" 400 0 "-" "-"
207.46.204.218 - - [11/Apr/2012:15:04:37 -0700] "-" 400 0 "-" "-"
207.46.204.218 - - [11/Apr/2012:15:04:38 -0700] "-" 400 0 "-" "-"
207.46.204.218 - - [11/Apr/2012:15:04:40 -0700] "-" 400 0 "-" "-"
207.46.204.218 - - [11/Apr/2012:15:04:40 -0700] "-" 400 0 "-" "-"
207.46.204.218 - - [11/Apr/2012:15:04:40 -0700] "-" 400 0 "-" "-"
207.46.204.218 - - [11/Apr/2012:15:04:43 -0700] "-" 400 0 "-" "-"
207.46.204.218 - - [11/Apr/2012:15:04:45 -0700] "-" 400 0 "-" "-"
207.46.204.218 - - [11/Apr/2012:15:04:45 -0700] "-" 400 0 "-" "-"
207.46.204.218 - - [11/Apr/2012:15:04:45 -0700] "-" 400 0 "-" "-"
74.125.19.45 - - [11/Apr/2012:15:05:28 -0700] "GET /favicon.ico HTTP/1.1" 404 211 "-" "-"
85.17.88.169 - - [11/Apr/2012:15:05:48 -0700] "POST /blog/wp-cron.php?doing_wp_cron=1334181615 HTTP/1.0" 499 0 "-" "WordPress/3.3.1; http://yuvi.in/blog"
139.18.2.17 - - [11/Apr/2012:15:05:49 -0700] "GET /blog/my-vimrc/ HTTP/1.1" 200 16044 "-" "findlinks/2.2 (+http://wortschatz.uni-leipzig.de/findlinks/)"
94.228.34.248 - - [11/Apr/2012:15:08:27 -0700] "GET /blog/ HTTP/1.1" 200 9194 "-" "magpie-crawler/1.1 (U; Linux amd64; en-GB; +http://www.brandwatch.net)"
209.85.238.112 - - [11/Apr/2012:15:08:36 -0700] "GET /blog/feed/ HTTP/1.1" 200 6692 "-" "Feedfetcher-Google; (+http://www.google.com/feedfetcher.html; 19 subscribers; feed-id=15064232456473204253)"
85.17.88.169 - - [11/Apr/2012:15:14:26 -0700] "POST /blog/wp-cron.php?doing_wp_cron=1334182134 HTTP/1.0" 499 0 "-" "WordPress/3.3.1; http://yuvi.in/blog"
66.249.67.108 - - [11/Apr/2012:15:14:27 -0700] "GET /blog/2009/07/26/ HTTP/1.1" 200 4042 "-" "Mozilla/5.0 (compatible; Googlebot/2.1; +http://www.google.com/bot.html)"
207.46.204.214 - - [11/Apr/2012:15:14:27 -0700] "-" 400 0 "-" "-"
207.46.204.214 - - [11/Apr/2012:15:14:29 -0700] "-" 400 0 "-" "-"
207.46.204.214 - - [11/Apr/2012:15:14:30 -0700] "-" 400 0 "-" "-"
207.46.204.214 - - [11/Apr/2012:15:14:30 -0700] "-" 400 0 "-" "-"
207.46.204.214 - - [11/Apr/2012:15:14:30 -0700] "-" 400 0 "-" "-"
207.46.204.214 - - [11/Apr/2012:15:14:32 -0700] "-" 400 0 "-" "-"
207.46.204.214 - - [11/Apr/2012:15:14:32 -0700] "-" 400 0 "-" "-"
207.46.204.214 - - [11/Apr/2012:15:14:33 -0700] "-" 400 0 "-" "-"
207.46.204.214 - - [11/Apr/2012:15:14:33 -0700] "-" 400 0 "-" "-"
207.46.204.214 - - [11/Apr/2012:15:14:34 -0700] "-" 400 0 "-" "-"
207.46.204.214 - - [11/Apr/2012:15:15:14 -0700] "-" 400 0 "-" "-"
85.17.88.169 - - [11/Apr/2012:15:17:26 -0700] "POST /blog/wp-cron.php?doing_wp_cron=1334182313 HTTP/1.0" 499 0 "-" "WordPress/3.3.1; http://yuvi.in/blog"
66.249.67.108 - - [11/Apr/2012:15:17:26 -0700] "GET /blog/tag/parenting/ HTTP/1.1" 200 4981 "-" "Mozilla/5.0 (iPhone; U; CPU iPhone OS 4_1 like Mac OS X; en-us) AppleWebKit/532.9 (KHTML, like Gecko) Version/4.0.5 Mobile/8B117 Safari/6531.22.7 (compatible; Googlebot-Mobile/2.1; +http://www.google.com/bot.html)"
85.17.88.169 - - [11/Apr/2012:15:17:39 -0700] "POST /blog/wp-cron.php?doing_wp_cron=1334182326 HTTP/1.0" 499 0 "-" "WordPress/3.3.1; http://yuvi.in/blog"
200.175.235.2 - - [11/Apr/2012:15:17:39 -0700] "GET /blog/tag/code/ HTTP/1.1" 200 29783 "-" "Mozilla/5.0 (compatible; Googlebot/2.1; +http://www.google.com/bot.html)"
69.171.234.1 - - [11/Apr/2012:15:20:10 -0700] "GET /r/1cvo HTTP/1.1" 301 257 "-" "facebookexternalhit/1.1 (+http://www.facebook.com/externalhit_uatext.php)"
69.171.234.7 - - [11/Apr/2012:15:20:10 -0700] "GET /s/ta/1cvo/ HTTP/1.1" 302 365 "-" "facebookexternalhit/1.1 (+http://www.facebook.com/externalhit_uatext.php)"
207.46.204.216 - - [11/Apr/2012:15:28:24 -0700] "-" 400 0 "-" "-"
207.46.204.216 - - [11/Apr/2012:15:28:24 -0700] "-" 400 0 "-" "-"
207.46.204.216 - - [11/Apr/2012:15:28:24 -0700] "-" 400 0 "-" "-"
207.46.204.216 - - [11/Apr/2012:15:28:26 -0700] "-" 400 0 "-" "-"
207.46.204.216 - - [11/Apr/2012:15:28:26 -0700] "-" 400 0 "-" "-"
207.46.204.216 - - [11/Apr/2012:15:28:26 -0700] "-" 400 0 "-" "-"
207.46.204.216 - - [11/Apr/2012:15:28:26 -0700] "-" 400 0 "-" "-"
207.46.204.216 - - [11/Apr/2012:15:28:27 -0700] "-" 400 0 "-" "-"
85.17.88.169 - - [11/Apr/2012:15:28:28 -0700] "POST /blog/wp-cron.php?doing_wp_cron=1334182975 HTTP/1.0" 499 0 "-" "WordPress/3.3.1; http://yuvi.in/blog"
209.85.144.87 - - [11/Apr/2012:15:28:28 -0700] "GET /blog/feed HTTP/1.1" 304 0 "-" "FeedBurner/1.0 (http://www.FeedBurner.com)"
207.46.204.216 - - [11/Apr/2012:15:28:28 -0700] "-" 400 0 "-" "-"
207.46.204.216 - - [11/Apr/2012:15:28:28 -0700] "-" 400 0 "-" "-"
207.46.204.216 - - [11/Apr/2012:15:28:28 -0700] "-" 400 0 "-" "-"
207.46.204.216 - - [11/Apr/2012:15:29:22 -0700] "-" 400 0 "-" "-"
207.46.204.216 - - [11/Apr/2012:15:29:24 -0700] "-" 400 0 "-" "-"
69.171.228.248 - - [11/Apr/2012:15:30:27 -0700] "GET /r/fmf HTTP/1.1" 301 255 "-" "facebookexternalhit/1.1 (+http://www.facebook.com/externalhit_uatext.php)"
69.171.228.245 - - [11/Apr/2012:15:30:27 -0700] "GET /s/ta/fmf/ HTTP/1.1" 302 349 "-" "facebookexternalhit/1.1 (+http://www.facebook.com/externalhit_uatext.php)"
157.55.112.202 - - [11/Apr/2012:15:32:27 -0700] "-" 400 0 "-" "-"
157.55.112.202 - - [11/Apr/2012:15:32:27 -0700] "-" 400 0 "-" "-"
157.55.112.202 - - [11/Apr/2012:15:32:27 -0700] "-" 400 0 "-" "-"
157.55.112.202 - - [11/Apr/2012:15:32:27 -0700] "-" 400 0 "-" "-"
157.55.112.202 - - [11/Apr/2012:15:32:28 -0700] "-" 400 0 "-" "-"
157.55.112.202 - - [11/Apr/2012:15:32:28 -0700] "-" 400 0 "-" "-"
157.55.112.202 - - [11/Apr/2012:15:32:28 -0700] "-" 400 0 "-" "-"
157.55.112.202 - - [11/Apr/2012:15:32:28 -0700] "-" 400 0 "-" "-"
157.55.112.202 - - [11/Apr/2012:15:32:28 -0700] "-" 400 0 "-" "-"
157.55.112.202 - - [11/Apr/2012:15:32:28 -0700] "-" 400 0 "-" "-"
157.55.112.202 - - [11/Apr/2012:15:32:44 -0700] "-" 400 0 "-" "-"
157.55.112.202 - - [11/Apr/2012:15:33:14 -0700] "-" 400 0 "-" "-"
157.55.112.202 - - [11/Apr/2012:15:33:23 -0700] "-" 400 0 "-" "-"
85.17.88.169 - - [11/Apr/2012:15:34:09 -0700] "POST /blog/wp-cron.php?doing_wp_cron=1334183316 HTTP/1.0" 499 0 "-" "WordPress/3.3.1; http://yuvi.in/blog"
97.117.125.23 - - [11/Apr/2012:15:34:10 -0700] "GET /blog/favicon.ico HTTP/1.1" 404 3016 "-" "Mozilla/5.0 (Windows NT 5.1; rv:11.0) Gecko/20100101 Firefox/11.0"
217.231.117.196 - - [11/Apr/2012:15:37:09 -0700] "GET /r/wqu HTTP/1.1" 301 255 "http://ta.wikipedia.org/wiki/%E0%AE%87%E0%AE%9A%E0%AF%81%E0%AE%9F%E0%AE%BE%E0%AE%A9%E0%AF%8D%E0%AE%83%E0%AE%AA%E0%AE%B0%E0%AF%8D%E0%AE%9F%E0%AF%8D_%E0%AE%AA%E0%AE%B2%E0%AF%8D%E0%AE%95%E0%AE%B2%E0%AF%88%E0%AE%95%E0%AF%8D%E0%AE%95%E0%AE%B4%E0%AE%95%E0%AE%AE%E0%AF%8D" "Mozilla/5.0 (Windows NT 5.1; rv:8.0) Gecko/20100101 Firefox/8.0"
217.231.117.196 - - [11/Apr/2012:15:37:10 -0700] "GET /s/ta/wqu/ HTTP/1.1" 302 581 "http://ta.wikipedia.org/wiki/%E0%AE%87%E0%AE%9A%E0%AF%81%E0%AE%9F%E0%AE%BE%E0%AE%A9%E0%AF%8D%E0%AE%83%E0%AE%AA%E0%AE%B0%E0%AF%8D%E0%AE%9F%E0%AF%8D_%E0%AE%AA%E0%AE%B2%E0%AF%8D%E0%AE%95%E0%AE%B2%E0%AF%88%E0%AE%95%E0%AF%8D%E0%AE%95%E0%AE%B4%E0%AE%95%E0%AE%AE%E0%AF%8D" "Mozilla/5.0 (Windows NT 5.1; rv:8.0) Gecko/20100101 Firefox/8.0"
217.231.117.196 - - [11/Apr/2012:15:37:15 -0700] "GET /s/ta/wqu/ HTTP/1.1" 302 581 "http://ta.wikipedia.org/wiki/%E0%AE%87%E0%AE%9A%E0%AF%81%E0%AE%9F%E0%AE%BE%E0%AE%A9%E0%AF%8D%E0%AE%83%E0%AE%AA%E0%AE%B0%E0%AF%8D%E0%AE%9F%E0%AF%8D_%E0%AE%AA%E0%AE%B2%E0%AF%8D%E0%AE%95%E0%AE%B2%E0%AF%88%E0%AE%95%E0%AF%8D%E0%AE%95%E0%AE%B4%E0%AE%95%E0%AE%AE%E0%AF%8D" "Mozilla/5.0 (Windows NT 5.1; rv:8.0) Gecko/20100101 Firefox/8.0"
85.17.88.169 - - [11/Apr/2012:15:37:43 -0700] "POST /blog/wp-cron.php?doing_wp_cron=1334183530 HTTP/1.0" 499 0 "-" "WordPress/3.3.1; http://yuvi.in/blog"
66.249.67.108 - - [11/Apr/2012:15:37:44 -0700] "GET /blog/author/yuvipanda/page/2/ HTTP/1.1" 200 26306 "-" "Mozilla/5.0 (compatible; Googlebot/2.1; +http://www.google.com/bot.html)"
85.17.88.169 - - [11/Apr/2012:15:38:55 -0700] "POST /blog/wp-cron.php?doing_wp_cron=1334183602 HTTP/1.0" 499 0 "-" "WordPress/3.3.1; http://yuvi.in/blog"
209.85.238.112 - - [11/Apr/2012:15:38:55 -0700] "GET /blog/feed HTTP/1.1" 301 0 "-" "Feedfetcher-Google; (+http://www.google.com/feedfetcher.html; 3 subscribers; feed-id=17684830852112633560)"
85.17.88.169 - - [11/Apr/2012:15:38:57 -0700] "POST /blog/wp-cron.php?doing_wp_cron=1334183604 HTTP/1.0" 499 0 "-" "WordPress/3.3.1; http://yuvi.in/blog"
209.85.238.112 - - [11/Apr/2012:15:38:57 -0700] "GET /blog/feed/ HTTP/1.1" 200 6673 "-" "Feedfetcher-Google; (+http://www.google.com/feedfetcher.html; 3 subscribers; feed-id=17684830852112633560)"
85.17.88.169 - - [11/Apr/2012:15:41:56 -0700] "POST /blog/wp-cron.php?doing_wp_cron=1334183783 HTTP/1.0" 499 0 "-" "WordPress/3.3.1; http://yuvi.in/blog"
80.28.106.14 - - [11/Apr/2012:15:41:56 -0700] "POST /blog/wp-login.php HTTP/1.1" 200 3475 "http://yuvi.in/blog/wp-login.php" "Mozilla/5.0 (Windows NT 6.1; WOW64; rv:8.0.1) Gecko/20100101 Firefox/8.0.1"
85.17.88.169 - - [11/Apr/2012:15:41:58 -0700] "POST /blog/wp-cron.php?doing_wp_cron=1334183786 HTTP/1.0" 499 0 "-" "WordPress/3.3.1; http://yuvi.in/blog"
80.28.106.14 - - [11/Apr/2012:15:41:59 -0700] "POST /blog/wp-login.php HTTP/1.1" 200 3475 "http://yuvi.in/blog/wp-login.php" "Mozilla/5.0 (Windows NT 6.1; WOW64; rv:8.0.1) Gecko/20100101 Firefox/8.0.1"
85.17.88.169 - - [11/Apr/2012:15:42:01 -0700] "POST /blog/wp-cron.php?doing_wp_cron=1334183789 HTTP/1.0" 499 0 "-" "WordPress/3.3.1; http://yuvi.in/blog"
80.28.106.14 - - [11/Apr/2012:15:42:02 -0700] "POST /blog/wp-login.php HTTP/1.1" 200 3475 "http://yuvi.in/blog/wp-login.php" "Mozilla/5.0 (Windows NT 6.1; WOW64; rv:8.0.1) Gecko/20100101 Firefox/8.0.1"
85.17.88.169 - - [11/Apr/2012:15:42:04 -0700] "POST /blog/wp-cron.php?doing_wp_cron=1334183792 HTTP/1.0" 499 0 "-" "WordPress/3.3.1; http://yuvi.in/blog"
80.28.106.14 - - [11/Apr/2012:15:42:05 -0700] "POST /blog/wp-login.php HTTP/1.1" 200 3475 "http://yuvi.in/blog/wp-login.php" "Mozilla/5.0 (Windows NT 6.1; WOW64; rv:8.0.1) Gecko/20100101 Firefox/8.0.1"
85.17.88.169 - - [11/Apr/2012:15:42:07 -0700] "POST /blog/wp-cron.php?doing_wp_cron=1334183794 HTTP/1.0" 499 0 "-" "WordPress/3.3.1; http://yuvi.in/blog"
80.28.106.14 - - [11/Apr/2012:15:42:08 -0700] "POST /blog/wp-login.php HTTP/1.1" 200 3475 "http://yuvi.in/blog/wp-login.php" "Mozilla/5.0 (Windows NT 6.1; WOW64; rv:8.0.1) Gecko/20100101 Firefox/8.0.1"
85.17.88.169 - - [11/Apr/2012:15:42:36 -0700] "POST /blog/wp-cron.php?doing_wp_cron=1334183824 HTTP/1.0" 499 0 "-" "WordPress/3.3.1; http://yuvi.in/blog"
83.56.132.200 - - [11/Apr/2012:15:42:37 -0700] "POST /blog/wp-login.php HTTP/1.1" 200 3475 "http://yuvi.in/blog/wp-login.php" "Mozilla/5.0 (Windows NT 6.1; WOW64; rv:8.0.1) Gecko/20100101 Firefox/8.0.1"
85.17.88.169 - - [11/Apr/2012:15:42:39 -0700] "POST /blog/wp-cron.php?doing_wp_cron=1334183827 HTTP/1.0" 499 0 "-" "WordPress/3.3.1; http://yuvi.in/blog"
83.56.132.200 - - [11/Apr/2012:15:42:40 -0700] "POST /blog/wp-login.php HTTP/1.1" 200 3475 "http://yuvi.in/blog/wp-login.php" "Mozilla/5.0 (Windows NT 6.1; WOW64; rv:8.0.1) Gecko/20100101 Firefox/8.0.1"
85.17.88.169 - - [11/Apr/2012:15:42:42 -0700] "POST /blog/wp-cron.php?doing_wp_cron=1334183829 HTTP/1.0" 499 0 "-" "WordPress/3.3.1; http://yuvi.in/blog"
83.56.132.200 - - [11/Apr/2012:15:42:43 -0700] "POST /blog/wp-login.php HTTP/1.1" 200 3475 "http://yuvi.in/blog/wp-login.php" "Mozilla/5.0 (Windows NT 6.1; WOW64; rv:8.0.1) Gecko/20100101 Firefox/8.0.1"
85.17.88.169 - - [11/Apr/2012:15:42:45 -0700] "POST /blog/wp-cron.php?doing_wp_cron=1334183832 HTTP/1.0" 499 0 "-" "WordPress/3.3.1; http://yuvi.in/blog"
83.56.132.200 - - [11/Apr/2012:15:42:45 -0700] "POST /blog/wp-login.php HTTP/1.1" 200 3475 "http://yuvi.in/blog/wp-login.php" "Mozilla/5.0 (Windows NT 6.1; WOW64; rv:8.0.1) Gecko/20100101 Firefox/8.0.1"
85.17.88.169 - - [11/Apr/2012:15:42:48 -0700] "POST /blog/wp-cron.php?doing_wp_cron=1334183835 HTTP/1.0" 499 0 "-" "WordPress/3.3.1; http://yuvi.in/blog"
83.56.132.200 - - [11/Apr/2012:15:42:48 -0700] "POST /blog/wp-login.php HTTP/1.1" 200 3475 "http://yuvi.in/blog/wp-login.php" "Mozilla/5.0 (Windows NT 6.1; WOW64; rv:8.0.1) Gecko/20100101 Firefox/8.0.1"
85.17.88.169 - - [11/Apr/2012:15:43:36 -0700] "POST /blog/wp-cron.php?doing_wp_cron=1334183884 HTTP/1.0" 499 0 "-" "WordPress/3.3.1; http://yuvi.in/blog"
101.226.33.172 - - [11/Apr/2012:15:43:37 -0700] "GET /blog/feed HTTP/1.0" 304 0 "-" "Mozilla/4.0 (compatible; Windows;)"
184.73.121.22 - - [11/Apr/2012:15:47:26 -0700] "GET /robots.txt HTTP/1.1" 404 142 "-" "Mozilla/5.0 (Macintosh; U; Intel Mac OS X 10.6; en-US; rv:1.9.2) Gecko/20100115 Firefox/3.6 (FlipboardProxy/1.1; +http://flipboard.com/browserproxy)"
85.17.88.169 - - [11/Apr/2012:15:47:28 -0700] "POST /blog/wp-cron.php?doing_wp_cron=1334184116 HTTP/1.0" 499 0 "-" "WordPress/3.3.1; http://yuvi.in/blog"
184.73.121.22 - - [11/Apr/2012:15:47:29 -0700] "GET /blog/greatest-fear-flash-fade/ HTTP/1.1" 200 4816 "-" "Mozilla/5.0 (Macintosh; U; Intel Mac OS X 10.6; en-US; rv:1.9.2) Gecko/20100115 Firefox/3.6 (FlipboardProxy/1.1; +http://flipboard.com/browserproxy)"
184.73.43.160 - - [11/Apr/2012:15:47:29 -0700] "GET /robots.txt HTTP/1.1" 404 169 "-" "Mozilla/5.0 (Macintosh; U; Intel Mac OS X 10.6; en-US; rv:1.9.2) Gecko/20100115 Firefox/3.6 (FlipboardProxy/0.0.5; +http://flipboard.com/browserproxy)"
207.46.193.36 - - [11/Apr/2012:15:48:38 -0700] "-" 400 0 "-" "-"
207.46.193.36 - - [11/Apr/2012:15:48:38 -0700] "-" 400 0 "-" "-"
207.46.193.36 - - [11/Apr/2012:15:48:39 -0700] "-" 400 0 "-" "-"
207.46.193.36 - - [11/Apr/2012:15:48:39 -0700] "-" 400 0 "-" "-"
207.46.193.36 - - [11/Apr/2012:15:48:39 -0700] "-" 400 0 "-" "-"
207.46.193.36 - - [11/Apr/2012:15:48:39 -0700] "-" 400 0 "-" "-"
207.46.193.36 - - [11/Apr/2012:15:48:40 -0700] "-" 400 0 "-" "-"
207.46.193.36 - - [11/Apr/2012:15:48:40 -0700] "-" 400 0 "-" "-"
207.46.193.36 - - [11/Apr/2012:15:48:40 -0700] "-" 400 0 "-" "-"
207.46.193.36 - - [11/Apr/2012:15:49:17 -0700] "-" 400 0 "-" "-"
207.46.193.36 - - [11/Apr/2012:15:49:36 -0700] "-" 400 0 "-" "-"
65.52.111.243 - - [11/Apr/2012:15:58:33 -0700] "-" 400 0 "-" "-"
65.52.111.243 - - [11/Apr/2012:15:58:33 -0700] "-" 400 0 "-" "-"
65.52.111.243 - - [11/Apr/2012:15:58:34 -0700] "-" 400 0 "-" "-"
85.17.88.169 - - [11/Apr/2012:15:58:34 -0700] "POST /blog/wp-cron.php?doing_wp_cron=1334184781 HTTP/1.0" 499 0 "-" "WordPress/3.3.1; http://yuvi.in/blog"
209.85.144.81 - - [11/Apr/2012:15:58:35 -0700] "GET /blog/feed HTTP/1.1" 304 0 "-" "FeedBurner/1.0 (http://www.FeedBurner.com)"
65.52.111.243 - - [11/Apr/2012:15:58:37 -0700] "-" 400 0 "-" "-"
65.52.111.243 - - [11/Apr/2012:15:58:37 -0700] "-" 400 0 "-" "-"
65.52.111.243 - - [11/Apr/2012:15:58:37 -0700] "-" 400 0 "-" "-"
65.52.111.243 - - [11/Apr/2012:15:58:37 -0700] "-" 400 0 "-" "-"
65.52.111.243 - - [11/Apr/2012:15:58:38 -0700] "-" 400 0 "-" "-"
65.52.111.243 - - [11/Apr/2012:15:58:38 -0700] "-" 400 0 "-" "-"
65.52.111.243 - - [11/Apr/2012:15:58:38 -0700] "-" 400 0 "-" "-"
65.52.111.243 - - [11/Apr/2012:15:58:38 -0700] "-" 400 0 "-" "-"
66.220.146.250 - - [11/Apr/2012:15:59:51 -0700] "GET /r/1qjc HTTP/1.1" 301 257 "-" "facebookexternalhit/1.1 (+http://www.facebook.com/externalhit_uatext.php)"
66.220.146.250 - - [11/Apr/2012:15:59:51 -0700] "GET /s/ta/1qjc/ HTTP/1.1" 302 361 "-" "facebookexternalhit/1.1 (+http://www.facebook.com/externalhit_uatext.php)"
84.235.73.208 - - [11/Apr/2012:16:02:08 -0700] "GET /r/13vs HTTP/1.1" 301 257 "http://ta.wikipedia.org/wiki/%E0%AE%AA%E0%AE%95%E0%AF%81%E0%AE%AA%E0%AF%8D%E0%AE%AA%E0%AF%81:%E0%AE%A4%E0%AE%AE%E0%AE%BF%E0%AE%B4%E0%AF%8D_%E0%AE%AE%E0%AF%8A%E0%AE%B4%E0%AE%BF_%E0%AE%B5%E0%AE%B0%E0%AE%B2%E0%AE%BE%E0%AE%B1%E0%AF%81" "Mozilla/5.0 (Windows NT 6.1; WOW64) AppleWebKit/535.19 (KHTML, like Gecko) Chrome/18.0.1025.152 Safari/535.19"
84.235.73.208 - - [11/Apr/2012:16:02:09 -0700] "GET /s/ta/13vs/ HTTP/1.1" 302 539 "http://ta.wikipedia.org/wiki/%E0%AE%AA%E0%AE%95%E0%AF%81%E0%AE%AA%E0%AF%8D%E0%AE%AA%E0%AF%81:%E0%AE%A4%E0%AE%AE%E0%AE%BF%E0%AE%B4%E0%AF%8D_%E0%AE%AE%E0%AF%8A%E0%AE%B4%E0%AE%BF_%E0%AE%B5%E0%AE%B0%E0%AE%B2%E0%AE%BE%E0%AE%B1%E0%AF%81" "Mozilla/5.0 (Windows NT 6.1; WOW64) AppleWebKit/535.19 (KHTML, like Gecko) Chrome/18.0.1025.152 Safari/535.19"
84.235.73.208 - - [11/Apr/2012:16:02:21 -0700] "-" 400 0 "-" "-"
84.235.73.208 - - [11/Apr/2012:16:02:21 -0700] "-" 400 0 "-" "-"
209.85.224.90 - - [11/Apr/2012:16:03:24 -0700] "GET /stories/feed HTTP/1.1" 200 13653 "-" "FeedBurner/1.0 (http://www.FeedBurner.com)"
207.46.204.172 - - [11/Apr/2012:16:04:54 -0700] "-" 400 0 "-" "-"
207.46.204.172 - - [11/Apr/2012:16:04:54 -0700] "-" 400 0 "-" "-"
207.46.204.172 - - [11/Apr/2012:16:04:55 -0700] "-" 400 0 "-" "-"
207.46.204.172 - - [11/Apr/2012:16:04:55 -0700] "-" 400 0 "-" "-"
207.46.204.172 - - [11/Apr/2012:16:04:55 -0700] "-" 400 0 "-" "-"
207.46.204.172 - - [11/Apr/2012:16:04:55 -0700] "-" 400 0 "-" "-"
207.46.204.172 - - [11/Apr/2012:16:04:55 -0700] "-" 400 0 "-" "-"
207.46.204.172 - - [11/Apr/2012:16:04:55 -0700] "-" 400 0 "-" "-"
207.46.204.172 - - [11/Apr/2012:16:04:56 -0700] "-" 400 0 "-" "-"
207.46.204.172 - - [11/Apr/2012:16:04:56 -0700] "-" 400 0 "-" "-"
69.171.229.248 - - [11/Apr/2012:16:08:52 -0700] "GET /r/fmf HTTP/1.1" 301 255 "-" "facebookexternalhit/1.1 (+http://www.facebook.com/externalhit_uatext.php)"
69.171.229.250 - - [11/Apr/2012:16:08:52 -0700] "GET /s/ta/fmf/ HTTP/1.1" 302 349 "-" "facebookexternalhit/1.1 (+http://www.facebook.com/externalhit_uatext.php)"
100.43.83.144 - - [11/Apr/2012:16:10:41 -0700] "GET /stories/ HTTP/1.1" 304 0 "-" "Mozilla/5.0 (compatible; YandexBot/3.0; +http://yandex.com/bots)"
209.85.238.112 - - [11/Apr/2012:16:11:56 -0700] "GET /blog/feed/ HTTP/1.1" 200 6692 "-" "Feedfetcher-Google; (+http://www.google.com/feedfetcher.html; 19 subscribers; feed-id=15064232456473204253)"
85.17.88.169 - - [11/Apr/2012:16:26:27 -0700] "POST /blog/wp-cron.php?doing_wp_cron=1334186454 HTTP/1.0" 499 0 "-" "WordPress/3.3.1; http://yuvi.in/blog"
65.52.109.152 - - [11/Apr/2012:16:26:28 -0700] "GET /blog/tag/code/ HTTP/1.1" 200 9000 "-" "Mozilla/5.0 (compatible; bingbot/2.0; +http://www.bing.com/bingbot.htm)"
85.17.88.169 - - [11/Apr/2012:16:28:40 -0700] "POST /blog/wp-cron.php?doing_wp_cron=1334186586 HTTP/1.0" 499 0 "-" "WordPress/3.3.1; http://yuvi.in/blog"
209.85.224.93 - - [11/Apr/2012:16:28:40 -0700] "GET /blog/feed HTTP/1.1" 304 0 "-" "FeedBurner/1.0 (http://www.FeedBurner.com)"
69.171.229.244 - - [11/Apr/2012:16:30:27 -0700] "GET /r/fmf HTTP/1.1" 301 255 "-" "facebookexternalhit/1.1 (+http://www.facebook.com/externalhit_uatext.php)"
69.171.229.247 - - [11/Apr/2012:16:30:27 -0700] "GET /s/ta/fmf/ HTTP/1.1" 302 349 "-" "facebookexternalhit/1.1 (+http://www.facebook.com/externalhit_uatext.php)"
85.17.88.169 - - [11/Apr/2012:16:30:35 -0700] "POST /blog/wp-cron.php?doing_wp_cron=1334186702 HTTP/1.0" 499 0 "-" "WordPress/3.3.1; http://yuvi.in/blog"
209.85.238.112 - - [11/Apr/2012:16:30:35 -0700] "GET /blog/feed HTTP/1.1" 301 0 "-" "Feedfetcher-Google; (+http://www.google.com/feedfetcher.html; 3 subscribers; feed-id=17684830852112633560)"
209.85.238.112 - - [11/Apr/2012:16:30:42 -0700] "GET /blog/feed/ HTTP/1.1" 200 6692 "-" "Feedfetcher-Google; (+http://www.google.com/feedfetcher.html; 3 subscribers; feed-id=17684830852112633560)"
65.52.111.243 - - [11/Apr/2012:16:33:17 -0700] "-" 400 0 "-" "-"
65.52.111.243 - - [11/Apr/2012:16:33:19 -0700] "-" 400 0 "-" "-"
65.52.111.243 - - [11/Apr/2012:16:33:20 -0700] "-" 400 0 "-" "-"
65.52.111.243 - - [11/Apr/2012:16:33:21 -0700] "-" 400 0 "-" "-"
65.52.111.243 - - [11/Apr/2012:16:33:21 -0700] "-" 400 0 "-" "-"
65.52.111.243 - - [11/Apr/2012:16:33:22 -0700] "-" 400 0 "-" "-"
65.52.111.243 - - [11/Apr/2012:16:33:22 -0700] "-" 400 0 "-" "-"
65.52.111.243 - - [11/Apr/2012:16:33:23 -0700] "-" 400 0 "-" "-"
65.52.111.243 - - [11/Apr/2012:16:33:23 -0700] "-" 400 0 "-" "-"
65.52.111.243 - - [11/Apr/2012:16:33:24 -0700] "-" 400 0 "-" "-"
123.125.71.33 - - [11/Apr/2012:16:41:35 -0700] "GET / HTTP/1.1" 200 3439 "-" "Mozilla/5.0 (compatible; Baiduspider/2.0; +http://www.baidu.com/search/spider.html)"
85.17.88.169 - - [11/Apr/2012:16:42:05 -0700] "POST /blog/wp-cron.php?doing_wp_cron=1334187392 HTTP/1.0" 499 0 "-" "WordPress/3.3.1; http://yuvi.in/blog"
218.66.249.146 - - [11/Apr/2012:16:42:06 -0700] "GET /blog/ HTTP/1.0" 200 33142 "http://yuvi.in/blog/" "Mozilla/4.0 (compatible; MSIE 6.0; Windows NT 5.2; WOW64; SV1; .NET CLR 2.0.50727)"
220.181.108.96 - - [11/Apr/2012:16:42:16 -0700] "GET / HTTP/1.1" 200 3439 "-" "Mozilla/5.0 (compatible; Baiduspider/2.0; +http://www.baidu.com/search/spider.html)"
108.166.87.121 - - [11/Apr/2012:16:44:53 -0700] "GET / HTTP/1.1" 404 238 "-" "Mozilla/4.0 (compatible; MSIE 5.0; Windows NT; DigExt; DTS Agent"
108.166.87.121 - - [11/Apr/2012:16:44:55 -0700] "GET / HTTP/1.1" 200 3439 "-" "Mozilla/4.0 (compatible; MSIE 5.0; Windows NT; DigExt; DTS Agent"
67.215.230.28 - - [11/Apr/2012:16:51:04 -0700] "GET /robots.txt HTTP/1.0" 404 169 "-" "Setooz/Nutch-1.2 (http://www.setooz.com)"
67.215.230.28 - - [11/Apr/2012:16:51:04 -0700] "GET /stories HTTP/1.0" 301 185 "-" "Setooz/Nutch-1.2 (http://www.setooz.com)"
67.215.230.27 - - [11/Apr/2012:16:51:27 -0700] "GET /robots.txt HTTP/1.0" 404 169 "-" "Setooz/Nutch-1.2 (http://www.setooz.com)"
67.215.230.27 - - [11/Apr/2012:16:51:27 -0700] "GET / HTTP/1.0" 200 3439 "-" "Setooz/Nutch-1.2 (http://www.setooz.com)"
207.46.204.211 - - [11/Apr/2012:16:53:53 -0700] "-" 400 0 "-" "-"
207.46.204.211 - - [11/Apr/2012:16:53:53 -0700] "-" 400 0 "-" "-"
207.46.204.211 - - [11/Apr/2012:16:53:53 -0700] "-" 400 0 "-" "-"
207.46.204.211 - - [11/Apr/2012:16:53:54 -0700] "-" 400 0 "-" "-"
207.46.204.211 - - [11/Apr/2012:16:53:54 -0700] "-" 400 0 "-" "-"
207.46.204.211 - - [11/Apr/2012:16:53:54 -0700] "-" 400 0 "-" "-"
207.46.204.211 - - [11/Apr/2012:16:53:54 -0700] "-" 400 0 "-" "-"
207.46.204.211 - - [11/Apr/2012:16:53:54 -0700] "-" 400 0 "-" "-"
207.46.204.211 - - [11/Apr/2012:16:53:54 -0700] "-" 400 0 "-" "-"
207.46.204.211 - - [11/Apr/2012:16:53:54 -0700] "-" 400 0 "-" "-"
207.46.204.211 - - [11/Apr/2012:16:53:55 -0700] "-" 400 0 "-" "-"
207.46.204.211 - - [11/Apr/2012:16:53:55 -0700] "-" 400 0 "-" "-"
207.46.204.211 - - [11/Apr/2012:16:54:46 -0700] "-" 400 0 "-" "-"
207.46.199.24 - - [11/Apr/2012:16:57:55 -0700] "-" 400 0 "-" "-"
207.46.199.24 - - [11/Apr/2012:16:57:55 -0700] "-" 400 0 "-" "-"
207.46.199.24 - - [11/Apr/2012:16:57:56 -0700] "-" 400 0 "-" "-"
207.46.199.24 - - [11/Apr/2012:16:57:57 -0700] "-" 400 0 "-" "-"
207.46.199.24 - - [11/Apr/2012:16:57:58 -0700] "-" 400 0 "-" "-"
207.46.199.24 - - [11/Apr/2012:16:57:59 -0700] "-" 400 0 "-" "-"
207.46.199.24 - - [11/Apr/2012:16:57:59 -0700] "-" 400 0 "-" "-"
207.46.199.24 - - [11/Apr/2012:16:57:59 -0700] "-" 400 0 "-" "-"
207.46.199.24 - - [11/Apr/2012:16:58:00 -0700] "-" 400 0 "-" "-"
207.46.199.24 - - [11/Apr/2012:16:58:00 -0700] "-" 400 0 "-" "-"
207.46.199.24 - - [11/Apr/2012:16:58:00 -0700] "-" 400 0 "-" "-"
207.46.199.24 - - [11/Apr/2012:16:58:22 -0700] "-" 400 0 "-" "-"
207.46.199.24 - - [11/Apr/2012:16:58:28 -0700] "-" 400 0 "-" "-"
85.17.88.169 - - [11/Apr/2012:16:58:44 -0700] "POST /blog/wp-cron.php?doing_wp_cron=1334188391 HTTP/1.0" 499 0 "-" "WordPress/3.3.1; http://yuvi.in/blog"
209.85.224.98 - - [11/Apr/2012:16:58:45 -0700] "GET /blog/feed HTTP/1.1" 304 0 "-" "FeedBurner/1.0 (http://www.FeedBurner.com)"
157.55.112.209 - - [11/Apr/2012:17:02:59 -0700] "-" 400 0 "-" "-"
157.55.112.209 - - [11/Apr/2012:17:02:59 -0700] "-" 400 0 "-" "-"
157.55.112.209 - - [11/Apr/2012:17:03:00 -0700] "-" 400 0 "-" "-"
157.55.112.209 - - [11/Apr/2012:17:03:00 -0700] "-" 400 0 "-" "-"
157.55.112.209 - - [11/Apr/2012:17:03:00 -0700] "-" 400 0 "-" "-"
157.55.112.209 - - [11/Apr/2012:17:03:00 -0700] "-" 400 0 "-" "-"
157.55.112.209 - - [11/Apr/2012:17:03:00 -0700] "-" 400 0 "-" "-"
157.55.112.209 - - [11/Apr/2012:17:03:00 -0700] "-" 400 0 "-" "-"
157.55.112.209 - - [11/Apr/2012:17:03:00 -0700] "-" 400 0 "-" "-"
157.55.112.209 - - [11/Apr/2012:17:03:01 -0700] "-" 400 0 "-" "-"
157.55.112.209 - - [11/Apr/2012:17:03:01 -0700] "-" 400 0 "-" "-"
157.55.112.209 - - [11/Apr/2012:17:03:01 -0700] "-" 400 0 "-" "-"
157.55.112.209 - - [11/Apr/2012:17:03:27 -0700] "-" 400 0 "-" "-"
209.85.224.94 - - [11/Apr/2012:17:03:28 -0700] "GET /stories/feed HTTP/1.1" 200 13653 "-" "FeedBurner/1.0 (http://www.FeedBurner.com)"
117.193.236.30 - - [11/Apr/2012:17:06:57 -0700] "-" 400 0 "-" "-"
180.76.5.138 - - [11/Apr/2012:17:09:08 -0700] "GET / HTTP/1.1" 304 0 "-" "Mozilla/5.0 (compatible; Baiduspider/2.0; +http://www.baidu.com/search/spider.html)"
117.193.236.30 - - [11/Apr/2012:17:09:55 -0700] "-" 400 0 "-" "-"
85.17.88.169 - - [11/Apr/2012:17:10:08 -0700] "POST /blog/wp-cron.php?doing_wp_cron=1334189075 HTTP/1.0" 499 0 "-" "WordPress/3.3.1; http://yuvi.in/blog"
209.85.238.112 - - [11/Apr/2012:17:10:09 -0700] "GET /blog/feed/ HTTP/1.1" 200 6673 "-" "Feedfetcher-Google; (+http://www.google.com/feedfetcher.html; 19 subscribers; feed-id=15064232456473204253)"
207.46.204.215 - - [11/Apr/2012:17:17:58 -0700] "-" 400 0 "-" "-"
207.46.204.215 - - [11/Apr/2012:17:17:58 -0700] "-" 400 0 "-" "-"
207.46.204.215 - - [11/Apr/2012:17:17:58 -0700] "-" 400 0 "-" "-"
207.46.204.215 - - [11/Apr/2012:17:17:58 -0700] "-" 400 0 "-" "-"
207.46.204.215 - - [11/Apr/2012:17:17:58 -0700] "-" 400 0 "-" "-"
74.125.18.156 - - [11/Apr/2012:17:17:59 -0700] "GET /favicon.ico HTTP/1.1" 404 211 "-" "-"
207.46.204.215 - - [11/Apr/2012:17:17:59 -0700] "-" 400 0 "-" "-"
207.46.204.215 - - [11/Apr/2012:17:18:00 -0700] "-" 400 0 "-" "-"
207.46.204.215 - - [11/Apr/2012:17:18:00 -0700] "-" 400 0 "-" "-"
207.46.204.215 - - [11/Apr/2012:17:18:00 -0700] "-" 400 0 "-" "-"
207.46.204.215 - - [11/Apr/2012:17:18:00 -0700] "-" 400 0 "-" "-"
207.46.204.215 - - [11/Apr/2012:17:18:01 -0700] "-" 400 0 "-" "-"
207.46.204.215 - - [11/Apr/2012:17:18:01 -0700] "-" 400 0 "-" "-"
207.46.204.215 - - [11/Apr/2012:17:18:39 -0700] "-" 400 0 "-" "-"
85.17.88.169 - - [11/Apr/2012:17:20:50 -0700] "POST /blog/wp-cron.php?doing_wp_cron=1334189716 HTTP/1.0" 499 0 "-" "WordPress/3.3.1; http://yuvi.in/blog"
65.52.109.26 - - [11/Apr/2012:17:20:50 -0700] "GET /blog/code-ive-written-so-far/ HTTP/1.1" 200 5083 "-" "Mozilla/5.0 (compatible; bingbot/2.0; +http://www.bing.com/bingbot.htm)"
65.52.109.26 - - [11/Apr/2012:17:20:52 -0700] "GET /robots.txt HTTP/1.1" 404 169 "-" "Mozilla/5.0 (compatible; bingbot/2.0; +http://www.bing.com/bingbot.htm)"
207.46.204.218 - - [11/Apr/2012:17:24:01 -0700] "-" 400 0 "-" "-"
207.46.204.218 - - [11/Apr/2012:17:24:01 -0700] "-" 400 0 "-" "-"
207.46.204.218 - - [11/Apr/2012:17:24:02 -0700] "-" 400 0 "-" "-"
207.46.204.218 - - [11/Apr/2012:17:24:02 -0700] "-" 400 0 "-" "-"
207.46.204.218 - - [11/Apr/2012:17:24:04 -0700] "-" 400 0 "-" "-"
207.46.204.218 - - [11/Apr/2012:17:24:04 -0700] "-" 400 0 "-" "-"
207.46.204.218 - - [11/Apr/2012:17:24:04 -0700] "-" 400 0 "-" "-"
207.46.204.218 - - [11/Apr/2012:17:24:04 -0700] "-" 400 0 "-" "-"
207.46.204.218 - - [11/Apr/2012:17:24:04 -0700] "-" 400 0 "-" "-"
