66.249.73.219 - - [19/Apr/2012:18:14:21 -0700] "GET /blog/programmer-run-code-head/feed/atom/ HTTP/1.1" 200 1387 "-" "Mozilla/5.0 (compatible; Googlebot/2.1; +http://www.google.com/bot.html)"
85.17.88.169 - - [19/Apr/2012:18:17:53 -0700] "POST /blog/wp-cron.php?doing_wp_cron=1334884275 HTTP/1.0" 499 0 "-" "WordPress/3.3.1; http://yuvi.in/blog"
209.85.238.182 - - [19/Apr/2012:18:17:53 -0700] "GET /blog/feed HTTP/1.1" 301 0 "-" "Feedfetcher-Google; (+http://www.google.com/feedfetcher.html; 3 subscribers; feed-id=17684830852112633560)"
85.17.88.169 - - [19/Apr/2012:18:17:55 -0700] "POST /blog/wp-cron.php?doing_wp_cron=1334884278 HTTP/1.0" 499 0 "-" "WordPress/3.3.1; http://yuvi.in/blog"
209.85.238.182 - - [19/Apr/2012:18:17:55 -0700] "GET /blog/feed/ HTTP/1.1" 304 0 "-" "Feedfetcher-Google; (+http://www.google.com/feedfetcher.html; 3 subscribers; feed-id=17684830852112633560)"
65.52.104.20 - - [19/Apr/2012:18:18:45 -0700] "GET /blog/tag/gnome.html HTTP/1.1" 200 9344 "-" "Mozilla/5.0 (compatible; bingbot/2.0; +http://www.bing.com/bingbot.htm)"
66.220.149.245 - - [19/Apr/2012:18:19:41 -0700] "GET /stories/it-s-never-over.html HTTP/1.1" 200 1780 "-" "facebookexternalhit/1.1 (+http://www.facebook.com/externalhit_uatext.php)"
65.52.109.152 - - [19/Apr/2012:18:19:44 -0700] "GET / HTTP/1.1" 304 0 "-" "Mozilla/5.0 (compatible; bingbot/2.0; +http://www.bing.com/bingbot.htm)"
85.17.88.169 - - [19/Apr/2012:18:19:47 -0700] "POST /blog/wp-cron.php?doing_wp_cron=1334884390 HTTP/1.0" 499 0 "-" "WordPress/3.3.1; http://yuvi.in/blog"
97.117.105.82 - - [19/Apr/2012:18:19:47 -0700] "GET /blog/favicon.ico HTTP/1.1" 404 3016 "-" "Mozilla/5.0 (Windows NT 5.1; rv:11.0) Gecko/20100101 Firefox/11.0"
166.137.11.11 - - [19/Apr/2012:18:24:24 -0700] "GET /favicon.ico HTTP/1.1" 404 142 "-" "Reeder/2.5.4 CFNetwork/548.1.4 Darwin/11.0.0"
69.171.229.246 - - [19/Apr/2012:18:24:44 -0700] "GET /r/1lvt HTTP/1.1" 301 257 "-" "facebookexternalhit/1.1 (+http://www.facebook.com/externalhit_uatext.php)"
69.171.229.248 - - [19/Apr/2012:18:24:44 -0700] "GET /s/ta/1lvt/ HTTP/1.1" 302 461 "-" "facebookexternalhit/1.1 (+http://www.facebook.com/externalhit_uatext.php)"
207.46.204.167 - - [19/Apr/2012:18:25:22 -0700] "-" 400 0 "-" "-"
207.46.204.167 - - [19/Apr/2012:18:25:22 -0700] "-" 400 0 "-" "-"
207.46.204.167 - - [19/Apr/2012:18:25:22 -0700] "-" 400 0 "-" "-"
207.46.204.167 - - [19/Apr/2012:18:25:24 -0700] "-" 400 0 "-" "-"
207.46.204.167 - - [19/Apr/2012:18:25:24 -0700] "-" 400 0 "-" "-"
207.46.204.167 - - [19/Apr/2012:18:25:26 -0700] "-" 400 0 "-" "-"
207.46.204.167 - - [19/Apr/2012:18:25:26 -0700] "-" 400 0 "-" "-"
207.46.204.167 - - [19/Apr/2012:18:25:26 -0700] "-" 400 0 "-" "-"
207.46.204.167 - - [19/Apr/2012:18:25:27 -0700] "-" 400 0 "-" "-"
207.46.204.167 - - [19/Apr/2012:18:25:27 -0700] "-" 400 0 "-" "-"
207.46.204.167 - - [19/Apr/2012:18:25:27 -0700] "-" 400 0 "-" "-"
207.46.204.167 - - [19/Apr/2012:18:25:28 -0700] "-" 400 0 "-" "-"
166.137.11.11 - - [19/Apr/2012:18:26:46 -0700] "GET /favicon.ico HTTP/1.1" 404 142 "-" "Reeder/2.5.4 CFNetwork/548.1.4 Darwin/11.0.0"
85.17.88.169 - - [19/Apr/2012:18:26:54 -0700] "POST /blog/wp-cron.php?doing_wp_cron=1334884817 HTTP/1.0" 499 0 "-" "WordPress/3.3.1; http://yuvi.in/blog"
209.85.238.182 - - [19/Apr/2012:18:26:55 -0700] "GET /blog/feed/ HTTP/1.1" 304 0 "-" "Feedfetcher-Google; (+http://www.google.com/feedfetcher.html; 19 subscribers; feed-id=15064232456473204253)"
69.63.189.250 - - [19/Apr/2012:18:27:02 -0700] "GET /r/1lvt HTTP/1.1" 301 257 "-" "facebookexternalhit/1.1 (+http://www.facebook.com/externalhit_uatext.php)"
69.63.189.249 - - [19/Apr/2012:18:27:02 -0700] "GET /s/ta/1lvt/ HTTP/1.1" 302 461 "-" "facebookexternalhit/1.1 (+http://www.facebook.com/externalhit_uatext.php)"
85.17.88.169 - - [19/Apr/2012:18:29:23 -0700] "POST /blog/wp-cron.php?doing_wp_cron=1334884966 HTTP/1.0" 499 0 "-" "WordPress/3.3.1; http://yuvi.in/blog"
66.249.73.219 - - [19/Apr/2012:18:29:24 -0700] "GET /blog/progress-on-hislain-1/feed/ HTTP/1.1" 200 754 "-" "Mozilla/5.0 (compatible; Googlebot/2.1; +http://www.google.com/bot.html)"
199.59.149.166 - - [19/Apr/2012:18:30:18 -0700] "GET /r/e4r HTTP/1.1" 301 255 "-" "Twitterbot/1.0"
204.236.137.113 - - [19/Apr/2012:18:30:18 -0700] "HEAD /r/e4r HTTP/1.1" 301 0 "-" "UnwindFetchor/1.0 (+http://www.gnip.com/)"
204.236.137.113 - - [19/Apr/2012:18:30:18 -0700] "HEAD /r/e4r HTTP/1.1" 301 0 "-" "UnwindFetchor/1.0 (+http://www.gnip.com/)"
204.236.137.113 - - [19/Apr/2012:18:30:18 -0700] "HEAD /r/e4r HTTP/1.1" 301 0 "-" "UnwindFetchor/1.0 (+http://www.gnip.com/)"
46.20.47.43 - - [19/Apr/2012:18:30:18 -0700] "GET /r/e4r HTTP/1.1" 301 255 "-" "Mozilla/5.0 (compatible"
199.59.149.166 - - [19/Apr/2012:18:30:18 -0700] "GET /s/ta/e4r/ HTTP/1.1" 302 373 "-" "Twitterbot/1.0"
50.18.21.225 - - [19/Apr/2012:18:30:18 -0700] "HEAD /s/ta/e4r/ HTTP/1.1" 302 0 "-" "UnwindFetchor/1.0 (+http://www.gnip.com/)"
50.18.21.225 - - [19/Apr/2012:18:30:18 -0700] "HEAD /s/ta/e4r/ HTTP/1.1" 302 0 "-" "UnwindFetchor/1.0 (+http://www.gnip.com/)"
50.18.21.225 - - [19/Apr/2012:18:30:18 -0700] "HEAD /s/ta/e4r/ HTTP/1.1" 302 0 "-" "UnwindFetchor/1.0 (+http://www.gnip.com/)"
50.18.21.225 - - [19/Apr/2012:18:30:18 -0700] "HEAD /s/ta/e4r/ HTTP/1.1" 302 0 "-" "UnwindFetchor/1.0 (+http://www.gnip.com/)"
46.20.47.43 - - [19/Apr/2012:18:30:18 -0700] "GET /s/ta/e4r/ HTTP/1.1" 302 373 "-" "Mozilla/5.0 (compatible"
89.151.116.53 - - [19/Apr/2012:18:30:19 -0700] "GET /r/e4r HTTP/1.1" 301 255 "-" "Mozilla/5.0 (compatible; TweetmemeBot/2.11; +http://tweetmeme.com/)"
89.151.116.53 - - [19/Apr/2012:18:30:19 -0700] "GET /s/ta/e4r/ HTTP/1.1" 302 373 "-" "Mozilla/5.0 (compatible; TweetmemeBot/2.11; +http://tweetmeme.com/)"
69.171.229.247 - - [19/Apr/2012:18:33:26 -0700] "GET /r/2fd\xE0\xAE\x95\xE0\xAE\x9F\xE0\xAF\x8D\xE0\xAE\x9F\xE0\xAE\xB1\xE0\xAF\x8D\xE0\xAE\xB1 HTTP/1.1" 301 381 "-" "facebookexternalhit/1.1 (+http://www.facebook.com/externalhit_uatext.php)"
69.171.229.246 - - [19/Apr/2012:18:33:26 -0700] "GET /s/ta/2fd%E0%AE%95%E0%AE%9F%E0%AF%8D%E0%AE%9F%E0%AE%B1%E0%AF%8D%E0%AE%B1/ HTTP/1.1" 502 173 "-" "facebookexternalhit/1.1 (+http://www.facebook.com/externalhit_uatext.php)"
65.52.16.161 - - [19/Apr/2012:18:33:29 -0700] "GET /r/e4r HTTP/1.1" 301 255 "-" "Mozilla/4.0 (compatible; MSIE 7.0; Windows NT 6.0)"
65.52.16.161 - - [19/Apr/2012:18:33:29 -0700] "GET /s/ta/e4r/ HTTP/1.1" 302 373 "-" "Mozilla/4.0 (compatible; MSIE 7.0; Windows NT 6.0)"
74.112.131.127 - - [19/Apr/2012:18:34:43 -0700] "GET /r/e4r HTTP/1.1" 301 255 "-" "Mozilla/5.0 (compatible; Butterfly/1.0; +http://labs.topsy.com/butterfly/) Gecko/2009032608 Firefox/3.0.8"
74.112.131.133 - - [19/Apr/2012:18:34:43 -0700] "GET /s/ta/e4r/ HTTP/1.1" 302 373 "-" "Mozilla/5.0 (compatible; Butterfly/1.0; +http://labs.topsy.com/butterfly/) Gecko/2009032608 Firefox/3.0.8"
124.115.0.169 - - [19/Apr/2012:18:34:55 -0700] "GET / HTTP/1.1" 304 0 "-" "Sosospider+(+http://help.soso.com/webspider.htm)"
184.72.145.123 - - [19/Apr/2012:18:34:59 -0700] "HEAD /r/e4r HTTP/1.1" 301 0 "-" "Mozilla/5.0 (Windows; U; Windows NT 5.1; de; rv:1.9) Gecko/2008052906 Firefox/3.0"
184.72.145.123 - - [19/Apr/2012:18:35:00 -0700] "HEAD /s/ta/e4r/ HTTP/1.1" 302 0 "-" "Mozilla/5.0 (Windows; U; Windows NT 5.1; de; rv:1.9) Gecko/2008052906 Firefox/3.0"
85.17.88.169 - - [19/Apr/2012:18:35:08 -0700] "POST /blog/wp-cron.php?doing_wp_cron=1334885310 HTTP/1.0" 499 0 "-" "WordPress/3.3.1; http://yuvi.in/blog"
209.85.144.83 - - [19/Apr/2012:18:35:08 -0700] "GET /blog/feed HTTP/1.1" 304 0 "-" "FeedBurner/1.0 (http://www.FeedBurner.com)"
207.46.199.20 - - [19/Apr/2012:18:35:26 -0700] "-" 400 0 "-" "-"
207.46.199.20 - - [19/Apr/2012:18:35:27 -0700] "-" 400 0 "-" "-"
207.46.199.20 - - [19/Apr/2012:18:35:28 -0700] "-" 400 0 "-" "-"
207.46.199.20 - - [19/Apr/2012:18:35:28 -0700] "-" 400 0 "-" "-"
207.46.199.20 - - [19/Apr/2012:18:35:28 -0700] "-" 400 0 "-" "-"
207.46.199.20 - - [19/Apr/2012:18:35:28 -0700] "-" 400 0 "-" "-"
207.46.199.20 - - [19/Apr/2012:18:35:29 -0700] "-" 400 0 "-" "-"
207.46.199.20 - - [19/Apr/2012:18:35:29 -0700] "-" 400 0 "-" "-"
207.46.199.20 - - [19/Apr/2012:18:35:29 -0700] "-" 400 0 "-" "-"
74.125.126.93 - - [19/Apr/2012:18:39:18 -0700] "GET /favicon.ico HTTP/1.1" 404 142 "-" "-"
89.151.99.92 - - [19/Apr/2012:18:40:15 -0700] "GET /r/w31 HTTP/1.1" 301 255 "-" "Mozilla/5.0 (compatible; TweetmemeBot/2.11; +http://tweetmeme.com/)"
89.151.99.92 - - [19/Apr/2012:18:40:15 -0700] "GET /s/ta/w31/ HTTP/1.1" 302 425 "-" "Mozilla/5.0 (compatible; TweetmemeBot/2.11; +http://tweetmeme.com/)"
209.85.224.94 - - [19/Apr/2012:18:41:24 -0700] "GET /stories/feed HTTP/1.1" 200 13653 "-" "FeedBurner/1.0 (http://www.FeedBurner.com)"
220.181.108.95 - - [19/Apr/2012:18:42:32 -0700] "GET /blog/enthusiastic-teachers-and-naive-implementation-of-gauss-seidel-approximations.html HTTP/1.1" 200 2928 "-" "Mozilla/5.0 (compatible; Baiduspider/2.0; +http://www.baidu.com/search/spider.html)"
85.17.88.169 - - [19/Apr/2012:18:42:34 -0700] "POST /blog/wp-cron.php?doing_wp_cron=1334885756 HTTP/1.0" 499 0 "-" "WordPress/3.3.1; http://yuvi.in/blog"
101.226.33.188 - - [19/Apr/2012:18:42:34 -0700] "GET /blog/feed HTTP/1.0" 304 0 "-" "Mozilla/4.0 (compatible; Windows;)"
85.17.88.169 - - [19/Apr/2012:18:44:10 -0700] "POST /blog/wp-cron.php?doing_wp_cron=1334885852 HTTP/1.0" 499 0 "-" "WordPress/3.3.1; http://yuvi.in/blog"
66.249.73.219 - - [19/Apr/2012:18:44:10 -0700] "GET /blog/reddit-university-sicp-reading-group/feed/ HTTP/1.1" 200 806 "-" "Mozilla/5.0 (compatible; Googlebot/2.1; +http://www.google.com/bot.html)"
66.220.149.248 - - [19/Apr/2012:18:44:59 -0700] "GET /r/fmf HTTP/1.1" 301 255 "-" "facebookexternalhit/1.1 (+http://www.facebook.com/externalhit_uatext.php)"
66.220.149.249 - - [19/Apr/2012:18:44:59 -0700] "GET /s/ta/fmf/ HTTP/1.1" 302 349 "-" "facebookexternalhit/1.1 (+http://www.facebook.com/externalhit_uatext.php)"
117.202.132.160 - - [19/Apr/2012:18:51:17 -0700] "-" 400 0 "-" "-"
66.219.58.45 - - [19/Apr/2012:18:51:27 -0700] "GET /robots.txt HTTP/1.1" 404 142 "-" "MLBot (www.metadatalabs.com/mlbot)"
66.219.58.45 - - [19/Apr/2012:18:51:27 -0700] "GET / HTTP/1.1" 200 1430 "-" "MLBot (www.metadatalabs.com/mlbot)"
117.202.132.160 - - [19/Apr/2012:18:51:27 -0700] "-" 400 0 "-" "-"
69.171.234.4 - - [19/Apr/2012:18:52:21 -0700] "GET /r/1lvt HTTP/1.1" 301 257 "-" "facebookexternalhit/1.1 (+http://www.facebook.com/externalhit_uatext.php)"
69.171.234.4 - - [19/Apr/2012:18:52:21 -0700] "GET /s/ta/1lvt/ HTTP/1.1" 302 461 "-" "facebookexternalhit/1.1 (+http://www.facebook.com/externalhit_uatext.php)"
117.231.62.118 - - [19/Apr/2012:18:54:39 -0700] "-" 400 0 "-" "-"
166.137.11.11 - - [19/Apr/2012:18:55:41 -0700] "GET /favicon.ico HTTP/1.1" 404 142 "-" "Reeder/2.5.4 CFNetwork/548.1.4 Darwin/11.0.0"
122.174.33.243 - - [19/Apr/2012:18:57:06 -0700] "-" 400 0 "-" "-"
85.17.88.169 - - [19/Apr/2012:18:59:06 -0700] "POST /blog/wp-cron.php?doing_wp_cron=1334886748 HTTP/1.0" 499 0 "-" "WordPress/3.3.1; http://yuvi.in/blog"
66.249.73.219 - - [19/Apr/2012:18:59:07 -0700] "GET /blog/room-full-of-people-like-me/feed/ HTTP/1.1" 200 785 "-" "Mozilla/5.0 (compatible; Googlebot/2.1; +http://www.google.com/bot.html)"
223.236.248.50 - - [19/Apr/2012:18:59:47 -0700] "-" 400 0 "-" "-"
223.236.248.50 - - [19/Apr/2012:18:59:47 -0700] "-" 400 0 "-" "-"
14.99.65.248 - - [19/Apr/2012:19:00:52 -0700] "-" 400 0 "-" "-"
223.236.248.50 - - [19/Apr/2012:19:01:17 -0700] "-" 400 0 "-" "-"
223.236.248.50 - - [19/Apr/2012:19:01:17 -0700] "-" 400 0 "-" "-"
223.236.248.50 - - [19/Apr/2012:19:01:17 -0700] "-" 400 0 "-" "-"
223.236.248.50 - - [19/Apr/2012:19:01:17 -0700] "-" 400 0 "-" "-"
223.236.248.50 - - [19/Apr/2012:19:01:58 -0700] "-" 400 0 "-" "-"
223.236.248.50 - - [19/Apr/2012:19:01:58 -0700] "-" 400 0 "-" "-"
223.236.248.50 - - [19/Apr/2012:19:01:58 -0700] "-" 400 0 "-" "-"
223.236.248.50 - - [19/Apr/2012:19:01:58 -0700] "-" 400 0 "-" "-"
59.97.8.98 - - [19/Apr/2012:19:02:16 -0700] "GET /r/w31 HTTP/1.1" 301 255 "http://36ohk6dgmcd1n-c.c.yom.mail.yahoo.net/om/api/1.0/openmail.app.invoke/36ohk6dgmcd1n/10/1.0.35/us/en-US/view.html/0" "Mozilla/5.0 (Windows NT 6.0) AppleWebKit/535.19 (KHTML, like Gecko) Chrome/18.0.1025.162 Safari/535.19"
59.97.8.98 - - [19/Apr/2012:19:02:16 -0700] "GET /s/ta/w31/ HTTP/1.1" 302 425 "http://36ohk6dgmcd1n-c.c.yom.mail.yahoo.net/om/api/1.0/openmail.app.invoke/36ohk6dgmcd1n/10/1.0.35/us/en-US/view.html/0" "Mozilla/5.0 (Windows NT 6.0) AppleWebKit/535.19 (KHTML, like Gecko) Chrome/18.0.1025.162 Safari/535.19"
123.236.73.53 - - [19/Apr/2012:19:04:33 -0700] "-" 400 0 "-" "-"
223.236.248.50 - - [19/Apr/2012:19:05:07 -0700] "-" 400 0 "-" "-"
14.99.65.248 - - [19/Apr/2012:19:05:12 -0700] "-" 400 0 "-" "-"
14.99.65.248 - - [19/Apr/2012:19:05:12 -0700] "-" 400 0 "-" "-"
14.99.65.248 - - [19/Apr/2012:19:05:12 -0700] "-" 400 0 "-" "-"
14.99.65.248 - - [19/Apr/2012:19:05:12 -0700] "-" 400 0 "-" "-"
14.99.65.248 - - [19/Apr/2012:19:05:12 -0700] "-" 400 0 "-" "-"
85.17.88.169 - - [19/Apr/2012:19:05:22 -0700] "POST /blog/wp-cron.php?doing_wp_cron=1334887124 HTTP/1.0" 499 0 "-" "WordPress/3.3.1; http://yuvi.in/blog"
209.85.144.87 - - [19/Apr/2012:19:05:22 -0700] "GET /blog/feed HTTP/1.1" 304 0 "-" "FeedBurner/1.0 (http://www.FeedBurner.com)"
66.220.149.245 - - [19/Apr/2012:19:06:19 -0700] "GET /r/3g7 HTTP/1.1" 301 255 "-" "facebookexternalhit/1.1 (+http://www.facebook.com/externalhit_uatext.php)"
66.220.149.248 - - [19/Apr/2012:19:06:19 -0700] "GET /s/ta/3g7/ HTTP/1.1" 302 465 "-" "facebookexternalhit/1.1 (+http://www.facebook.com/externalhit_uatext.php)"
14.99.65.248 - - [19/Apr/2012:19:07:02 -0700] "-" 400 0 "-" "-"
123.236.73.53 - - [19/Apr/2012:19:09:13 -0700] "-" 400 0 "-" "-"
69.171.234.2 - - [19/Apr/2012:19:11:29 -0700] "GET /r/fmf HTTP/1.1" 301 255 "-" "facebookexternalhit/1.1 (+http://www.facebook.com/externalhit_uatext.php)"
69.171.234.3 - - [19/Apr/2012:19:11:29 -0700] "GET /s/ta/fmf/ HTTP/1.1" 302 349 "-" "facebookexternalhit/1.1 (+http://www.facebook.com/externalhit_uatext.php)"
14.99.65.248 - - [19/Apr/2012:19:12:42 -0700] "-" 400 0 "-" "-"
85.17.88.169 - - [19/Apr/2012:19:13:53 -0700] "POST /blog/wp-cron.php?doing_wp_cron=1334887636 HTTP/1.0" 499 0 "-" "WordPress/3.3.1; http://yuvi.in/blog"
209.85.238.182 - - [19/Apr/2012:19:13:54 -0700] "GET /blog/feed HTTP/1.1" 301 0 "-" "Feedfetcher-Google; (+http://www.google.com/feedfetcher.html; 3 subscribers; feed-id=17684830852112633560)"
85.17.88.169 - - [19/Apr/2012:19:13:56 -0700] "POST /blog/wp-cron.php?doing_wp_cron=1334887638 HTTP/1.0" 499 0 "-" "WordPress/3.3.1; http://yuvi.in/blog"
209.85.238.182 - - [19/Apr/2012:19:13:56 -0700] "GET /blog/feed/ HTTP/1.1" 304 0 "-" "Feedfetcher-Google; (+http://www.google.com/feedfetcher.html; 3 subscribers; feed-id=17684830852112633560)"
85.17.88.169 - - [19/Apr/2012:19:13:59 -0700] "POST /blog/wp-cron.php?doing_wp_cron=1334887641 HTTP/1.0" 499 0 "-" "WordPress/3.3.1; http://yuvi.in/blog"
66.249.73.219 - - [19/Apr/2012:19:14:00 -0700] "GET /blog/running-archlinux/feed/ HTTP/1.1" 200 741 "-" "Mozilla/5.0 (compatible; Googlebot/2.1; +http://www.google.com/bot.html)"
117.230.94.84 - - [19/Apr/2012:19:15:19 -0700] "-" 400 0 "-" "-"
14.99.65.248 - - [19/Apr/2012:19:15:52 -0700] "-" 400 0 "-" "-"
117.230.94.84 - - [19/Apr/2012:19:16:49 -0700] "-" 400 0 "-" "-"
117.230.94.84 - - [19/Apr/2012:19:16:49 -0700] "-" 400 0 "-" "-"
85.17.88.169 - - [19/Apr/2012:19:17:32 -0700] "POST /blog/wp-cron.php?doing_wp_cron=1334887854 HTTP/1.0" 499 0 "-" "WordPress/3.3.1; http://yuvi.in/blog"
209.85.238.182 - - [19/Apr/2012:19:17:32 -0700] "GET /blog/feed/ HTTP/1.1" 304 0 "-" "Feedfetcher-Google; (+http://www.google.com/feedfetcher.html; 19 subscribers; feed-id=15064232456473204253)"
95.108.150.235 - - [19/Apr/2012:19:24:57 -0700] "GET /robots.txt HTTP/1.1" 404 169 "-" "Mozilla/5.0 (compatible; YandexBot/3.0; +http://yandex.com/bots)"
95.108.150.235 - - [19/Apr/2012:19:24:58 -0700] "GET / HTTP/1.1" 200 1430 "-" "Mozilla/5.0 (compatible; YandexBot/3.0; +http://yandex.com/bots)"
95.108.150.235 - - [19/Apr/2012:19:24:59 -0700] "GET / HTTP/1.1" 200 1430 "-" "Mozilla/5.0 (compatible; YandexBot/3.0; +http://yandex.com/bots)"
59.92.34.188 - - [19/Apr/2012:19:25:13 -0700] "-" 400 0 "-" "-"
59.92.34.188 - - [19/Apr/2012:19:25:13 -0700] "-" 400 0 "-" "-"
59.92.34.188 - - [19/Apr/2012:19:25:13 -0700] "-" 400 0 "-" "-"
59.92.34.188 - - [19/Apr/2012:19:25:13 -0700] "-" 400 0 "-" "-"
59.92.34.188 - - [19/Apr/2012:19:25:13 -0700] "-" 400 0 "-" "-"
58.185.235.34 - - [19/Apr/2012:19:26:03 -0700] "GET /s/ta/1va/ HTTP/1.1" 302 409 "-" "Mozilla/5.0 (iPhone; CPU iPhone OS 5_1 like Mac OS X) AppleWebKit/534.46 (KHTML, like Gecko) Mobile/9B179"
58.185.235.34 - - [19/Apr/2012:19:26:06 -0700] "GET /s/ta/23z/ HTTP/1.1" 302 397 "-" "Mozilla/5.0 (iPhone; CPU iPhone OS 5_1 like Mac OS X) AppleWebKit/534.46 (KHTML, like Gecko) Mobile/9B179"
220.226.188.32 - - [19/Apr/2012:19:26:24 -0700] "GET /user/soapCaller.bs HTTP/1.1" 404 142 "-" "Morfeus Fucking Scanner"
117.192.96.220 - - [19/Apr/2012:19:27:50 -0700] "-" 400 0 "-" "-"
85.17.88.169 - - [19/Apr/2012:19:29:04 -0700] "POST /blog/wp-cron.php?doing_wp_cron=1334888546 HTTP/1.0" 499 0 "-" "WordPress/3.3.1; http://yuvi.in/blog"
66.249.73.219 - - [19/Apr/2012:19:29:04 -0700] "GET /blog/six-years-of-blogging-and-eleven-years-of-coding/feed/ HTTP/1.1" 200 834 "-" "Mozilla/5.0 (compatible; Googlebot/2.1; +http://www.google.com/bot.html)"
117.200.18.37 - - [19/Apr/2012:19:33:11 -0700] "GET / HTTP/1.1" 200 1430 "http://www.google.co.in/url?sa=t&rct=j&q=yuvi%20panda&source=web&cd=1&ved=0CCQQFjAA&url=http%3A%2F%2Fyuvi.in%2F&ei=VsmQT82zFY3irAeKoL3rBA&usg=AFQjCNGCp_KinRzG9gFsQqxb60Cy8lsxnA" "Mozilla/5.0 (Windows NT 6.1; WOW64; rv:7.0.1) Gecko/20100101 Firefox/7.0.1"
117.200.18.37 - - [19/Apr/2012:19:33:11 -0700] "GET /blueprint/screen.css HTTP/1.1" 200 12058 "http://yuvi.in/" "Mozilla/5.0 (Windows NT 6.1; WOW64; rv:7.0.1) Gecko/20100101 Firefox/7.0.1"
117.200.18.37 - - [19/Apr/2012:19:33:11 -0700] "GET /blueprint/print.css HTTP/1.1" 200 1284 "http://yuvi.in/" "Mozilla/5.0 (Windows NT 6.1; WOW64; rv:7.0.1) Gecko/20100101 Firefox/7.0.1"
117.200.18.37 - - [19/Apr/2012:19:33:12 -0700] "GET /header.png HTTP/1.1" 200 14249 "http://yuvi.in/" "Mozilla/5.0 (Windows NT 6.1; WOW64; rv:7.0.1) Gecko/20100101 Firefox/7.0.1"
117.200.18.37 - - [19/Apr/2012:19:33:13 -0700] "GET /favicon.ico HTTP/1.1" 404 142 "-" "Mozilla/5.0 (Windows NT 6.1; WOW64; rv:7.0.1) Gecko/20100101 Firefox/7.0.1"
117.200.18.37 - - [19/Apr/2012:19:33:13 -0700] "GET /favicon.ico HTTP/1.1" 404 142 "-" "Mozilla/5.0 (Windows NT 6.1; WOW64; rv:7.0.1) Gecko/20100101 Firefox/7.0.1"
117.200.18.37 - - [19/Apr/2012:19:33:14 -0700] "GET /favicon.ico HTTP/1.1" 404 142 "-" "Mozilla/5.0 (Windows NT 6.1; WOW64; rv:7.0.1) Gecko/20100101 Firefox/7.0.1"
117.200.18.37 - - [19/Apr/2012:19:33:16 -0700] "-" 400 0 "-" "-"
69.171.234.3 - - [19/Apr/2012:19:33:18 -0700] "GET /r/1lvt HTTP/1.1" 301 257 "-" "facebookexternalhit/1.1 (+http://www.facebook.com/externalhit_uatext.php)"
69.171.234.2 - - [19/Apr/2012:19:33:18 -0700] "GET /s/ta/1lvt/ HTTP/1.1" 302 461 "-" "facebookexternalhit/1.1 (+http://www.facebook.com/externalhit_uatext.php)"
87.233.206.102 - - [19/Apr/2012:19:33:30 -0700] "HEAD /r/e4r HTTP/1.1" 301 0 "-" "python-requests/0.8.1"
87.233.206.102 - - [19/Apr/2012:19:33:30 -0700] "HEAD /s/ta/e4r/ HTTP/1.1" 302 0 "-" "python-requests/0.8.1"
85.17.88.169 - - [19/Apr/2012:19:35:30 -0700] "POST /blog/wp-cron.php?doing_wp_cron=1334888932 HTTP/1.0" 499 0 "-" "WordPress/3.3.1; http://yuvi.in/blog"
209.85.144.89 - - [19/Apr/2012:19:35:30 -0700] "GET /blog/feed HTTP/1.1" 304 0 "-" "FeedBurner/1.0 (http://www.FeedBurner.com)"
223.236.217.114 - - [19/Apr/2012:19:37:16 -0700] "-" 400 0 "-" "-"
14.96.106.236 - - [19/Apr/2012:19:38:07 -0700] "-" 400 0 "-" "-"
122.164.152.144 - - [19/Apr/2012:19:38:39 -0700] "-" 400 0 "-" "-"
220.181.108.86 - - [19/Apr/2012:19:39:44 -0700] "GET / HTTP/1.1" 200 3439 "-" "Mozilla/5.0 (compatible; Baiduspider/2.0; +http://www.baidu.com/search/spider.html)"
208.115.111.68 - - [19/Apr/2012:19:40:02 -0700] "GET /robots.txt HTTP/1.1" 404 169 "-" "Mozilla/5.0 (compatible; Ezooms/1.0; ezooms.bot@gmail.com)"
123.125.71.36 - - [19/Apr/2012:19:40:33 -0700] "GET / HTTP/1.1" 200 3439 "-" "Mozilla/5.0 (compatible; Baiduspider/2.0; +http://www.baidu.com/search/spider.html)"
209.85.144.82 - - [19/Apr/2012:19:41:26 -0700] "GET /stories/feed HTTP/1.1" 200 13653 "-" "FeedBurner/1.0 (http://www.FeedBurner.com)"
85.17.88.169 - - [19/Apr/2012:19:43:34 -0700] "POST /blog/wp-cron.php?doing_wp_cron=1334889416 HTTP/1.0" 499 0 "-" "WordPress/3.3.1; http://yuvi.in/blog"
66.249.73.219 - - [19/Apr/2012:19:43:35 -0700] "GET /blog/the-automatic-quote-generators-aka-autopeople/feed/ HTTP/1.1" 200 827 "-" "Mozilla/5.0 (compatible; Googlebot/2.1; +http://www.google.com/bot.html)"
122.174.6.195 - - [19/Apr/2012:19:46:09 -0700] "-" 400 0 "-" "-"
122.174.6.195 - - [19/Apr/2012:19:47:10 -0700] "-" 400 0 "-" "-"
122.174.6.195 - - [19/Apr/2012:19:47:10 -0700] "-" 400 0 "-" "-"
122.174.6.195 - - [19/Apr/2012:19:47:10 -0700] "-" 400 0 "-" "-"
122.174.6.195 - - [19/Apr/2012:19:47:10 -0700] "-" 400 0 "-" "-"
122.174.6.195 - - [19/Apr/2012:19:47:10 -0700] "-" 400 0 "-" "-"
180.76.5.54 - - [19/Apr/2012:19:48:27 -0700] "GET / HTTP/1.1" 200 3439 "-" "Mozilla/5.0 (compatible; Baiduspider/2.0; +http://www.baidu.com/search/spider.html)"
88.135.201.228 - - [19/Apr/2012:19:49:01 -0700] "GET /robots.txt HTTP/1.0" 404 169 "-" "Mozilla/5.0 (compatible; MJ12bot/v1.4.2; http://www.majestic12.co.uk/bot.php?+)"
88.135.201.228 - - [19/Apr/2012:19:49:04 -0700] "GET / HTTP/1.0" 200 3439 "-" "Mozilla/5.0 (compatible; MJ12bot/v1.4.2; http://www.majestic12.co.uk/bot.php?+)"
14.139.160.4 - - [19/Apr/2012:19:51:07 -0700] "GET /blog HTTP/1.1" 301 178 "-" "Mozilla/5.0 (Windows NT 6.1) AppleWebKit/535.19 (KHTML, like Gecko) Chrome/18.0.1025.162 Safari/535.19"
85.17.88.169 - - [19/Apr/2012:19:51:09 -0700] "POST /blog/wp-cron.php?doing_wp_cron=1334889871 HTTP/1.0" 499 0 "-" "WordPress/3.3.1; http://yuvi.in/blog"
14.139.160.4 - - [19/Apr/2012:19:51:10 -0700] "GET /blog/ HTTP/1.1" 200 9194 "-" "Mozilla/5.0 (Windows NT 6.1) AppleWebKit/535.19 (KHTML, like Gecko) Chrome/18.0.1025.162 Safari/535.19"
14.139.160.4 - - [19/Apr/2012:19:51:11 -0700] "GET /blog/wp-content/themes/cleanr/style.css HTTP/1.1" 200 10508 "http://yuvi.in/blog/" "Mozilla/5.0 (Windows NT 6.1) AppleWebKit/535.19 (KHTML, like Gecko) Chrome/18.0.1025.162 Safari/535.19"
14.139.160.4 - - [19/Apr/2012:19:51:11 -0700] "GET /blog/wp-content/themes/cleanr/js/jquery.dropdown.js?ver=3.3.1 HTTP/1.1" 200 535 "http://yuvi.in/blog/" "Mozilla/5.0 (Windows NT 6.1) AppleWebKit/535.19 (KHTML, like Gecko) Chrome/18.0.1025.162 Safari/535.19"
14.139.160.4 - - [19/Apr/2012:19:51:12 -0700] "GET /blog/wp-content/themes/cleanr/css/reset.css HTTP/1.1" 200 648 "http://yuvi.in/blog/" "Mozilla/5.0 (Windows NT 6.1) AppleWebKit/535.19 (KHTML, like Gecko) Chrome/18.0.1025.162 Safari/535.19"
14.139.160.4 - - [19/Apr/2012:19:51:12 -0700] "GET /blog/wp-includes/js/jquery/jquery.js?ver=1.7.1 HTTP/1.1" 200 93889 "http://yuvi.in/blog/" "Mozilla/5.0 (Windows NT 6.1) AppleWebKit/535.19 (KHTML, like Gecko) Chrome/18.0.1025.162 Safari/535.19"
14.139.160.4 - - [19/Apr/2012:19:51:12 -0700] "GET /blog/wp-content/themes/cleanr/css/text.css HTTP/1.1" 200 420 "http://yuvi.in/blog/" "Mozilla/5.0 (Windows NT 6.1) AppleWebKit/535.19 (KHTML, like Gecko) Chrome/18.0.1025.162 Safari/535.19"
14.139.160.4 - - [19/Apr/2012:19:51:13 -0700] "GET /blog/wp-content/themes/cleanr/css/960.css HTTP/1.1" 200 3628 "http://yuvi.in/blog/" "Mozilla/5.0 (Windows NT 6.1) AppleWebKit/535.19 (KHTML, like Gecko) Chrome/18.0.1025.162 Safari/535.19"
14.139.160.4 - - [19/Apr/2012:19:51:25 -0700] "GET /blog/wp-content/themes/cleanr/images/search_magnifier.gif HTTP/1.1" 200 394 "http://yuvi.in/blog/" "Mozilla/5.0 (Windows NT 6.1) AppleWebKit/535.19 (KHTML, like Gecko) Chrome/18.0.1025.162 Safari/535.19"
14.139.160.4 - - [19/Apr/2012:19:51:26 -0700] "GET /favicon.ico HTTP/1.1" 404 571 "-" "Mozilla/5.0 (Windows NT 6.1) AppleWebKit/535.19 (KHTML, like Gecko) Chrome/18.0.1025.162 Safari/535.19"
122.164.237.120 - - [19/Apr/2012:19:51:36 -0700] "-" 400 0 "-" "-"
122.174.6.195 - - [19/Apr/2012:19:51:51 -0700] "-" 400 0 "-" "-"
122.174.6.195 - - [19/Apr/2012:19:51:51 -0700] "-" 400 0 "-" "-"
122.174.6.195 - - [19/Apr/2012:19:51:51 -0700] "-" 400 0 "-" "-"
213.230.21.155 - - [19/Apr/2012:19:54:07 -0700] "GET /r/1xzb HTTP/1.1" 301 257 "http://ta.wikipedia.org/wiki/%E0%AE%95%E0%AE%B0%E0%AF%81%E0%AE%AE%E0%AF%8D%E0%AE%AA%E0%AE%B2%E0%AE%95%E0%AF%88" "Mozilla/4.0 (compatible; MSIE 8.0; Windows NT 5.1; Trident/4.0; .NET4.0C; .NET4.0E; .NET CLR 1.1.4322; .NET CLR 2.0.50727; .NET CLR 3.0.4506.2152; .NET CLR 3.5.30729; InfoPath.2)"
213.230.21.155 - - [19/Apr/2012:19:54:07 -0700] "GET /s/ta/1xzb/ HTTP/1.1" 302 373 "http://ta.wikipedia.org/wiki/%E0%AE%95%E0%AE%B0%E0%AF%81%E0%AE%AE%E0%AF%8D%E0%AE%AA%E0%AE%B2%E0%AE%95%E0%AF%88" "Mozilla/4.0 (compatible; MSIE 8.0; Windows NT 5.1; Trident/4.0; .NET4.0C; .NET4.0E; .NET CLR 1.1.4322; .NET CLR 2.0.50727; .NET CLR 3.0.4506.2152; .NET CLR 3.5.30729; InfoPath.2)"
117.193.124.213 - - [19/Apr/2012:19:54:37 -0700] "-" 400 0 "-" "-"
216.215.188.114 - - [19/Apr/2012:19:55:51 -0700] "GET / HTTP/1.1" 200 1430 "-" "Reeder/1.5.5 CFNetwork/548.1.4 Darwin/11.0.0"
216.215.188.114 - - [19/Apr/2012:19:55:52 -0700] "GET /favicon.ico HTTP/1.1" 404 142 "-" "Reeder/1.5.5 CFNetwork/548.1.4 Darwin/11.0.0"
216.215.188.114 - - [19/Apr/2012:19:55:52 -0700] "GET /apple-touch-icon.png HTTP/1.1" 404 142 "-" "Reeder/1.5.5 CFNetwork/548.1.4 Darwin/11.0.0"
216.215.188.114 - - [19/Apr/2012:19:55:52 -0700] "GET /apple-touch-icon-precomposed.png HTTP/1.1" 404 142 "-" "Reeder/1.5.5 CFNetwork/548.1.4 Darwin/11.0.0"
117.193.124.213 - - [19/Apr/2012:19:55:57 -0700] "-" 400 0 "-" "-"
117.193.124.213 - - [19/Apr/2012:19:55:57 -0700] "-" 400 0 "-" "-"
117.193.124.213 - - [19/Apr/2012:19:55:57 -0700] "-" 400 0 "-" "-"
117.193.124.213 - - [19/Apr/2012:19:55:57 -0700] "-" 400 0 "-" "-"
117.193.124.213 - - [19/Apr/2012:19:55:57 -0700] "-" 400 0 "-" "-"
117.193.124.213 - - [19/Apr/2012:19:55:57 -0700] "-" 400 0 "-" "-"
85.17.88.169 - - [19/Apr/2012:19:56:02 -0700] "POST /blog/wp-cron.php?doing_wp_cron=1334890164 HTTP/1.0" 499 0 "-" "WordPress/3.3.1; http://yuvi.in/blog"
180.76.6.29 - - [19/Apr/2012:19:56:03 -0700] "GET /blog/cute-dress/ HTTP/1.1" 200 5386 "-" "Mozilla/5.0 (compatible; Baiduspider/2.0; +http://www.baidu.com/search/spider.html)"
117.193.10.201 - - [19/Apr/2012:19:56:12 -0700] "-" 400 0 "-" "-"
117.193.10.201 - - [19/Apr/2012:19:56:12 -0700] "-" 400 0 "-" "-"
117.193.10.201 - - [19/Apr/2012:19:56:12 -0700] "-" 400 0 "-" "-"
117.193.10.201 - - [19/Apr/2012:19:56:12 -0700] "-" 400 0 "-" "-"
117.193.10.201 - - [19/Apr/2012:19:56:12 -0700] "-" 400 0 "-" "-"
117.193.10.201 - - [19/Apr/2012:19:56:12 -0700] "-" 400 0 "-" "-"
117.193.10.201 - - [19/Apr/2012:19:56:39 -0700] "-" 400 0 "-" "-"
117.193.10.201 - - [19/Apr/2012:19:56:39 -0700] "-" 400 0 "-" "-"
117.193.10.201 - - [19/Apr/2012:19:56:39 -0700] "-" 400 0 "-" "-"
117.193.10.201 - - [19/Apr/2012:19:56:39 -0700] "-" 400 0 "-" "-"
85.17.88.169 - - [19/Apr/2012:19:58:12 -0700] "POST /blog/wp-cron.php?doing_wp_cron=1334890294 HTTP/1.0" 499 0 "-" "WordPress/3.3.1; http://yuvi.in/blog"
66.249.73.219 - - [19/Apr/2012:19:58:13 -0700] "GET /blog/the-python-workshop/feed/ HTTP/1.1" 200 747 "-" "Mozilla/5.0 (compatible; Googlebot/2.1; +http://www.google.com/bot.html)"
141.0.11.41 - - [19/Apr/2012:19:58:14 -0700] "-" 400 0 "-" "-"
141.0.11.41 - - [19/Apr/2012:19:58:14 -0700] "-" 400 0 "-" "-"
208.115.113.84 - - [19/Apr/2012:19:58:28 -0700] "GET /robots.txt HTTP/1.1" 404 169 "-" "Mozilla/5.0 (compatible; Ezooms/1.0; ezooms.bot@gmail.com)"
216.215.188.114 - - [19/Apr/2012:19:59:52 -0700] "GET / HTTP/1.1" 200 1430 "-" "Reeder/1.5.5 CFNetwork/548.1.4 Darwin/11.0.0"
216.215.188.114 - - [19/Apr/2012:19:59:52 -0700] "GET /favicon.ico HTTP/1.1" 404 142 "-" "Reeder/1.5.5 CFNetwork/548.1.4 Darwin/11.0.0"
216.215.188.114 - - [19/Apr/2012:19:59:52 -0700] "GET /apple-touch-icon.png HTTP/1.1" 404 142 "-" "Reeder/1.5.5 CFNetwork/548.1.4 Darwin/11.0.0"
216.215.188.114 - - [19/Apr/2012:19:59:52 -0700] "GET /apple-touch-icon-precomposed.png HTTP/1.1" 404 142 "-" "Reeder/1.5.5 CFNetwork/548.1.4 Darwin/11.0.0"
122.174.6.195 - - [19/Apr/2012:20:03:17 -0700] "-" 400 0 "-" "-"
207.46.204.210 - - [19/Apr/2012:20:03:23 -0700] "-" 400 0 "-" "-"
207.46.204.210 - - [19/Apr/2012:20:03:23 -0700] "-" 400 0 "-" "-"
207.46.204.210 - - [19/Apr/2012:20:03:23 -0700] "-" 400 0 "-" "-"
207.46.204.210 - - [19/Apr/2012:20:03:23 -0700] "-" 400 0 "-" "-"
207.46.204.210 - - [19/Apr/2012:20:03:24 -0700] "-" 400 0 "-" "-"
207.46.204.210 - - [19/Apr/2012:20:03:24 -0700] "-" 400 0 "-" "-"
207.46.204.210 - - [19/Apr/2012:20:03:24 -0700] "-" 400 0 "-" "-"
207.46.204.210 - - [19/Apr/2012:20:03:24 -0700] "-" 400 0 "-" "-"
207.46.204.210 - - [19/Apr/2012:20:03:24 -0700] "-" 400 0 "-" "-"
207.46.204.210 - - [19/Apr/2012:20:03:24 -0700] "-" 400 0 "-" "-"
122.174.6.195 - - [19/Apr/2012:20:03:47 -0700] "-" 400 0 "-" "-"
207.46.204.210 - - [19/Apr/2012:20:04:23 -0700] "-" 400 0 "-" "-"
69.171.234.1 - - [19/Apr/2012:20:05:38 -0700] "GET /r/1lvt HTTP/1.1" 301 257 "-" "facebookexternalhit/1.1 (+http://www.facebook.com/externalhit_uatext.php)"
69.171.234.6 - - [19/Apr/2012:20:05:38 -0700] "GET /s/ta/1lvt/ HTTP/1.1" 302 461 "-" "facebookexternalhit/1.1 (+http://www.facebook.com/externalhit_uatext.php)"
85.17.88.169 - - [19/Apr/2012:20:05:41 -0700] "POST /blog/wp-cron.php?doing_wp_cron=1334890743 HTTP/1.0" 499 0 "-" "WordPress/3.3.1; http://yuvi.in/blog"
209.85.224.80 - - [19/Apr/2012:20:05:42 -0700] "GET /blog/feed HTTP/1.1" 304 0 "-" "FeedBurner/1.0 (http://www.FeedBurner.com)"
78.47.115.29 - - [19/Apr/2012:20:07:23 -0700] "GET /blog HTTP/1.1" 301 178 "-" "Mozilla/5.0 (X11; U; Linux i686; en-US; rv:1.9.0.1) Gecko/2008071615 Fedora/3.0.1-1.fc9 Firefox/3.0.1"
78.47.115.29 - - [19/Apr/2012:20:07:25 -0700] "GET /blog/ HTTP/1.1" 200 33206 "-" "Mozilla/5.0 (X11; U; Linux i686; en-US; rv:1.9.0.1) Gecko/2008071615 Fedora/3.0.1-1.fc9 Firefox/3.0.1"
94.228.34.209 - - [19/Apr/2012:20:10:47 -0700] "GET /blog/serendipity.html HTTP/1.1" 304 0 "-" "magpie-crawler/1.1 (U; Linux amd64; en-GB; +http://www.brandwatch.net)"
141.0.9.135 - - [19/Apr/2012:20:11:51 -0700] "-" 400 0 "-" "-"
85.17.88.169 - - [19/Apr/2012:20:13:19 -0700] "POST /blog/wp-cron.php?doing_wp_cron=1334891201 HTTP/1.0" 499 0 "-" "WordPress/3.3.1; http://yuvi.in/blog"
66.249.73.219 - - [19/Apr/2012:20:13:19 -0700] "GET /blog/trip-to-kerala/feed/ HTTP/1.1" 200 732 "-" "Mozilla/5.0 (compatible; Googlebot/2.1; +http://www.google.com/bot.html)"
141.0.10.176 - - [19/Apr/2012:20:13:34 -0700] "-" 400 0 "-" "-"
141.0.9.135 - - [19/Apr/2012:20:15:22 -0700] "-" 400 0 "-" "-"
85.17.88.169 - - [19/Apr/2012:20:15:22 -0700] "POST /blog/wp-cron.php?doing_wp_cron=1334891324 HTTP/1.0" 499 0 "-" "WordPress/3.3.1; http://yuvi.in/blog"
209.85.238.182 - - [19/Apr/2012:20:15:23 -0700] "GET /blog/feed/ HTTP/1.1" 304 0 "-" "Feedfetcher-Google; (+http://www.google.com/feedfetcher.html; 19 subscribers; feed-id=15064232456473204253)"
122.174.49.80 - - [19/Apr/2012:20:16:32 -0700] "-" 400 0 "-" "-"
59.92.106.121 - - [19/Apr/2012:20:18:05 -0700] "-" 400 0 "-" "-"
66.220.149.247 - - [19/Apr/2012:20:18:28 -0700] "GET /r/1lvt HTTP/1.1" 301 257 "-" "facebookexternalhit/1.1 (+http://www.facebook.com/externalhit_uatext.php)"
66.220.149.246 - - [19/Apr/2012:20:18:28 -0700] "GET /s/ta/1lvt/ HTTP/1.1" 302 461 "-" "facebookexternalhit/1.1 (+http://www.facebook.com/externalhit_uatext.php)"
85.17.88.169 - - [19/Apr/2012:20:18:33 -0700] "POST /blog/wp-cron.php?doing_wp_cron=1334891515 HTTP/1.0" 499 0 "-" "WordPress/3.3.1; http://yuvi.in/blog"
209.85.238.182 - - [19/Apr/2012:20:18:34 -0700] "GET /blog/feed HTTP/1.1" 301 0 "-" "Feedfetcher-Google; (+http://www.google.com/feedfetcher.html; 3 subscribers; feed-id=17684830852112633560)"
85.17.88.169 - - [19/Apr/2012:20:18:36 -0700] "POST /blog/wp-cron.php?doing_wp_cron=1334891518 HTTP/1.0" 499 0 "-" "WordPress/3.3.1; http://yuvi.in/blog"
209.85.238.182 - - [19/Apr/2012:20:18:36 -0700] "GET /blog/feed/ HTTP/1.1" 304 0 "-" "Feedfetcher-Google; (+http://www.google.com/feedfetcher.html; 3 subscribers; feed-id=17684830852112633560)"
69.171.228.251 - - [19/Apr/2012:20:18:50 -0700] "GET /r/rud HTTP/1.1" 301 255 "-" "facebookexternalhit/1.1 (+http://www.facebook.com/externalhit_uatext.php)"
69.171.228.251 - - [19/Apr/2012:20:18:51 -0700] "GET /s/ta/rud/ HTTP/1.1" 302 337 "-" "facebookexternalhit/1.1 (+http://www.facebook.com/externalhit_uatext.php)"
66.220.149.244 - - [19/Apr/2012:20:19:10 -0700] "GET /r/1lvt HTTP/1.1" 301 257 "-" "facebookexternalhit/1.1 (+http://www.facebook.com/externalhit_uatext.php)"
66.220.149.249 - - [19/Apr/2012:20:19:10 -0700] "GET /s/ta/1lvt/ HTTP/1.1" 302 461 "-" "facebookexternalhit/1.1 (+http://www.facebook.com/externalhit_uatext.php)"
85.17.88.169 - - [19/Apr/2012:20:24:19 -0700] "POST /blog/wp-cron.php?doing_wp_cron=1334891861 HTTP/1.0" 499 0 "-" "WordPress/3.3.1; http://yuvi.in/blog"
183.82.70.116 - - [19/Apr/2012:20:24:19 -0700] "GET /blog/feed/ HTTP/1.0" 304 0 "-" "FeedDemon/4.0 (http://www.feeddemon.com/; Microsoft Windows)"
66.220.149.245 - - [19/Apr/2012:20:25:08 -0700] "GET /r/1lvt HTTP/1.1" 301 257 "-" "facebookexternalhit/1.1 (+http://www.facebook.com/externalhit_uatext.php)"
66.220.149.251 - - [19/Apr/2012:20:25:08 -0700] "GET /s/ta/1lvt/ HTTP/1.1" 302 461 "-" "facebookexternalhit/1.1 (+http://www.facebook.com/externalhit_uatext.php)"
85.17.88.169 - - [19/Apr/2012:20:28:22 -0700] "POST /blog/wp-cron.php?doing_wp_cron=1334892103 HTTP/1.0" 499 0 "-" "WordPress/3.3.1; http://yuvi.in/blog"
66.249.73.219 - - [19/Apr/2012:20:28:22 -0700] "GET /blog/what-i-learnt-from-the-hackfest-at-iitm/feed/ HTTP/1.1" 200 807 "-" "Mozilla/5.0 (compatible; Googlebot/2.1; +http://www.google.com/bot.html)"
69.171.228.245 - - [19/Apr/2012:20:28:26 -0700] "GET /r/1lvt HTTP/1.1" 301 257 "-" "facebookexternalhit/1.1 (+http://www.facebook.com/externalhit_uatext.php)"
69.171.228.244 - - [19/Apr/2012:20:28:26 -0700] "GET /s/ta/1lvt/ HTTP/1.1" 302 461 "-" "facebookexternalhit/1.1 (+http://www.facebook.com/externalhit_uatext.php)"
124.115.0.108 - - [19/Apr/2012:20:28:47 -0700] "GET / HTTP/1.1" 404 211 "-" "Sosospider+(+http://help.soso.com/webspider.htm)"
85.17.88.169 - - [19/Apr/2012:20:29:13 -0700] "POST /blog/wp-cron.php?doing_wp_cron=1334892155 HTTP/1.0" 499 0 "-" "WordPress/3.3.1; http://yuvi.in/blog"
183.178.85.181 - - [19/Apr/2012:20:29:14 -0700] "GET /blog/dokuwiki-plugin-to-easily-embed-gists/ HTTP/1.1" 200 16424 "-" "Mozilla/4.0 (compatible; MSIE 5.5; Windows NT)"
183.83.145.242 - - [19/Apr/2012:20:30:30 -0700] "-" 400 0 "-" "-"
122.174.103.48 - - [19/Apr/2012:20:30:55 -0700] "-" 400 0 "-" "-"
85.17.88.169 - - [19/Apr/2012:20:33:24 -0700] "POST /blog/wp-cron.php?doing_wp_cron=1334892406 HTTP/1.0" 499 0 "-" "WordPress/3.3.1; http://yuvi.in/blog"
66.249.73.219 - - [19/Apr/2012:20:33:25 -0700] "GET /blog/what-stop-child-athiest/feed/ HTTP/1.1" 200 2500 "-" "Mozilla/5.0 (compatible; Googlebot/2.1; +http://www.google.com/bot.html)"
85.17.88.169 - - [19/Apr/2012:20:35:48 -0700] "POST /blog/wp-cron.php?doing_wp_cron=1334892550 HTTP/1.0" 499 0 "-" "WordPress/3.3.1; http://yuvi.in/blog"
209.85.224.87 - - [19/Apr/2012:20:35:48 -0700] "GET /blog/feed HTTP/1.1" 304 0 "-" "FeedBurner/1.0 (http://www.FeedBurner.com)"
69.171.234.5 - - [19/Apr/2012:20:38:54 -0700] "GET /r/33y0 HTTP/1.1" 301 257 "-" "facebookexternalhit/1.1 (+http://www.facebook.com/externalhit_uatext.php)"
69.171.234.5 - - [19/Apr/2012:20:38:54 -0700] "GET /s/ta/33y0/ HTTP/1.1" 302 609 "-" "facebookexternalhit/1.1 (+http://www.facebook.com/externalhit_uatext.php)"
209.85.144.81 - - [19/Apr/2012:20:41:28 -0700] "GET /stories/feed HTTP/1.1" 200 13653 "-" "FeedBurner/1.0 (http://www.FeedBurner.com)"
14.194.205.21 - - [19/Apr/2012:20:41:49 -0700] "-" 400 0 "-" "-"
14.194.205.21 - - [19/Apr/2012:20:41:49 -0700] "-" 400 0 "-" "-"
14.194.205.21 - - [19/Apr/2012:20:41:49 -0700] "-" 400 0 "-" "-"
14.194.205.21 - - [19/Apr/2012:20:41:49 -0700] "-" 400 0 "-" "-"
14.194.205.21 - - [19/Apr/2012:20:41:49 -0700] "-" 400 0 "-" "-"
14.194.205.21 - - [19/Apr/2012:20:41:49 -0700] "-" 400 0 "-" "-"
14.194.205.21 - - [19/Apr/2012:20:41:49 -0700] "-" 400 0 "-" "-"
14.194.205.21 - - [19/Apr/2012:20:41:49 -0700] "-" 400 0 "-" "-"
14.194.205.21 - - [19/Apr/2012:20:41:50 -0700] "-" 400 0 "-" "-"
14.194.205.21 - - [19/Apr/2012:20:41:51 -0700] "-" 400 0 "-" "-"
14.194.205.21 - - [19/Apr/2012:20:41:51 -0700] "-" 400 0 "-" "-"
59.97.8.98 - - [19/Apr/2012:20:42:15 -0700] "GET /r/w31 HTTP/1.1" 301 255 "http://t.co/z8AqytIx" "Mozilla/5.0 (Windows NT 6.1; WOW64; rv:11.0) Gecko/20100101 Firefox/11.0"
59.97.8.98 - - [19/Apr/2012:20:42:15 -0700] "GET /s/ta/w31/ HTTP/1.1" 302 425 "http://t.co/z8AqytIx" "Mozilla/5.0 (Windows NT 6.1; WOW64; rv:11.0) Gecko/20100101 Firefox/11.0"
59.97.8.98 - - [19/Apr/2012:20:42:21 -0700] "-" 400 0 "-" "-"
85.17.88.169 - - [19/Apr/2012:20:42:40 -0700] "POST /blog/wp-cron.php?doing_wp_cron=1334892961 HTTP/1.0" 499 0 "-" "WordPress/3.3.1; http://yuvi.in/blog"
66.249.73.219 - - [19/Apr/2012:20:42:40 -0700] "GET /blog/working-big-co-unsatisfying/feed/ HTTP/1.1" 200 795 "-" "Mozilla/5.0 (compatible; Googlebot/2.1; +http://www.google.com/bot.html)"
145.255.64.228 - - [19/Apr/2012:20:44:39 -0700] "GET /r/w31 HTTP/1.1" 301 255 "http://t.co/z8AqytIx" "Mozilla/5.0 (Windows NT 6.1; rv:11.0) Gecko/20100101 Firefox/11.0"
145.255.64.228 - - [19/Apr/2012:20:44:40 -0700] "GET /s/ta/w31/ HTTP/1.1" 302 425 "http://t.co/z8AqytIx" "Mozilla/5.0 (Windows NT 6.1; rv:11.0) Gecko/20100101 Firefox/11.0"
145.255.64.228 - - [19/Apr/2012:20:44:45 -0700] "-" 400 0 "-" "-"
85.17.88.169 - - [19/Apr/2012:20:45:21 -0700] "POST /blog/wp-cron.php?doing_wp_cron=1334893123 HTTP/1.0" 499 0 "-" "WordPress/3.3.1; http://yuvi.in/blog"
66.135.57.47 - - [19/Apr/2012:20:45:21 -0700] "GET /blog/my-vimrc/ HTTP/1.0" 200 16009 "-" "Mozilla/5.0 (Windows; U; Windows NT 5.1; rv:1.7.3) Gecko/20041001 Firefox/0.10.1"
85.17.88.169 - - [19/Apr/2012:20:45:24 -0700] "POST /blog/wp-cron.php?doing_wp_cron=1334893125 HTTP/1.0" 499 0 "-" "WordPress/3.3.1; http://yuvi.in/blog"
66.135.57.47 - - [19/Apr/2012:20:45:24 -0700] "GET /blog/college-drop/ HTTP/1.0" 200 18395 "-" "Mozilla/5.0 (Windows; U; Windows NT 5.1; rv:1.7.3) Gecko/20041001 Firefox/0.10.1"
85.17.88.169 - - [19/Apr/2012:20:45:27 -0700] "POST /blog/wp-cron.php?doing_wp_cron=1334893128 HTTP/1.0" 499 0 "-" "WordPress/3.3.1; http://yuvi.in/blog"
66.135.57.47 - - [19/Apr/2012:20:45:27 -0700] "GET /blog/passing-headers-proxying-nginx/ HTTP/1.0" 200 16690 "-" "Mozilla/5.0 (Windows; U; Windows NT 5.1; rv:1.7.3) Gecko/20041001 Firefox/0.10.1"
85.17.88.169 - - [19/Apr/2012:20:45:30 -0700] "POST /blog/wp-cron.php?doing_wp_cron=1334893131 HTTP/1.0" 499 0 "-" "WordPress/3.3.1; http://yuvi.in/blog"
66.135.57.47 - - [19/Apr/2012:20:45:30 -0700] "GET /blog/program/ HTTP/1.0" 200 27214 "-" "Mozilla/5.0 (Windows; U; Windows NT 5.1; rv:1.7.3) Gecko/20041001 Firefox/0.10.1"
85.17.88.169 - - [19/Apr/2012:20:45:33 -0700] "POST /blog/wp-cron.php?doing_wp_cron=1334893135 HTTP/1.0" 499 0 "-" "WordPress/3.3.1; http://yuvi.in/blog"
66.135.57.47 - - [19/Apr/2012:20:45:33 -0700] "GET /blog/devlog-december-26-2011/ HTTP/1.0" 200 16694 "-" "Mozilla/5.0 (Windows; U; Windows NT 5.1; rv:1.7.3) Gecko/20041001 Firefox/0.10.1"
85.17.88.169 - - [19/Apr/2012:20:45:36 -0700] "POST /blog/wp-cron.php?doing_wp_cron=1334893138 HTTP/1.0" 499 0 "-" "WordPress/3.3.1; http://yuvi.in/blog"
66.135.57.47 - - [19/Apr/2012:20:45:36 -0700] "GET /blog/devlog-december-23-2011/ HTTP/1.0" 200 16517 "-" "Mozilla/5.0 (Windows; U; Windows NT 5.1; rv:1.7.3) Gecko/20041001 Firefox/0.10.1"
85.17.88.169 - - [19/Apr/2012:20:45:39 -0700] "POST /blog/wp-cron.php?doing_wp_cron=1334893140 HTTP/1.0" 499 0 "-" "WordPress/3.3.1; http://yuvi.in/blog"
66.135.57.47 - - [19/Apr/2012:20:45:39 -0700] "GET /blog/devlog-december-21-2011/ HTTP/1.0" 200 17121 "-" "Mozilla/5.0 (Windows; U; Windows NT 5.1; rv:1.7.3) Gecko/20041001 Firefox/0.10.1"
66.135.57.47 - - [19/Apr/2012:20:45:41 -0700] "GET /blog/devlog-december-11-2011/ HTTP/1.0" 200 16592 "-" "Mozilla/5.0 (Windows; U; Windows NT 5.1; rv:1.7.3) Gecko/20041001 Firefox/0.10.1"
66.135.57.47 - - [19/Apr/2012:20:45:43 -0700] "GET /blog/devlog-december-10-2011/ HTTP/1.0" 200 16387 "-" "Mozilla/5.0 (Windows; U; Windows NT 5.1; rv:1.7.3) Gecko/20041001 Firefox/0.10.1"
66.135.57.47 - - [19/Apr/2012:20:45:44 -0700] "GET /blog/devlog-december-7-2011/ HTTP/1.0" 200 16833 "-" "Mozilla/5.0 (Windows; U; Windows NT 5.1; rv:1.7.3) Gecko/20041001 Firefox/0.10.1"
207.46.204.169 - - [19/Apr/2012:20:52:53 -0700] "-" 400 0 "-" "-"
207.46.204.169 - - [19/Apr/2012:20:52:53 -0700] "-" 400 0 "-" "-"
207.46.204.169 - - [19/Apr/2012:20:52:54 -0700] "-" 400 0 "-" "-"
207.46.204.169 - - [19/Apr/2012:20:52:54 -0700] "-" 400 0 "-" "-"
207.46.204.169 - - [19/Apr/2012:20:52:54 -0700] "-" 400 0 "-" "-"
207.46.204.169 - - [19/Apr/2012:20:52:54 -0700] "-" 400 0 "-" "-"
207.46.204.169 - - [19/Apr/2012:20:52:54 -0700] "-" 400 0 "-" "-"
207.46.204.169 - - [19/Apr/2012:20:52:54 -0700] "-" 400 0 "-" "-"
207.46.204.169 - - [19/Apr/2012:20:52:55 -0700] "-" 400 0 "-" "-"
207.46.204.169 - - [19/Apr/2012:20:52:55 -0700] "-" 400 0 "-" "-"
207.46.204.169 - - [19/Apr/2012:20:52:55 -0700] "-" 400 0 "-" "-"
88.131.106.6 - - [19/Apr/2012:20:57:20 -0700] "GET /robots.txt HTTP/1.0" 404 169 "-" "Mozilla/5.0 (Windows; U; Windows NT 5.1; en-US) Speedy Spider (http://www.entireweb.com/about/search_tech/speedy_spider/)"
88.131.106.8 - - [19/Apr/2012:20:57:21 -0700] "GET /blog/tag/novelrace.html HTTP/1.0" 200 16484 "-" "Mozilla/5.0 (Windows; U; Windows NT 5.1; en-US) Speedy Spider (http://www.entireweb.com/about/search_tech/speedy_spider/)"
122.164.175.5 - - [19/Apr/2012:20:57:30 -0700] "-" 400 0 "-" "-"
122.164.175.5 - - [19/Apr/2012:20:57:30 -0700] "-" 400 0 "-" "-"
122.164.175.5 - - [19/Apr/2012:20:57:32 -0700] "-" 400 0 "-" "-"
69.171.247.5 - - [19/Apr/2012:20:57:43 -0700] "GET /r/1lvt HTTP/1.1" 301 257 "-" "facebookexternalhit/1.1 (+http://www.facebook.com/externalhit_uatext.php)"
69.171.247.5 - - [19/Apr/2012:20:57:43 -0700] "GET /s/ta/1lvt/ HTTP/1.1" 302 461 "-" "facebookexternalhit/1.1 (+http://www.facebook.com/externalhit_uatext.php)"
117.193.6.202 - - [19/Apr/2012:20:59:09 -0700] "GET /r/1x7t HTTP/1.1" 301 257 "http://36ohk6dgmcd1n-c.c.yom.mail.yahoo.net/om/api/1.0/openmail.app.invoke/36ohk6dgmcd1n/10/1.0.35/us/en-US/view.html/0" "Mozilla/5.0 (compatible; MSIE 9.0; Windows NT 6.1; Trident/5.0)"
117.193.6.202 - - [19/Apr/2012:20:59:09 -0700] "GET /s/ta/1x7t/ HTTP/1.1" 302 373 "http://36ohk6dgmcd1n-c.c.yom.mail.yahoo.net/om/api/1.0/openmail.app.invoke/36ohk6dgmcd1n/10/1.0.35/us/en-US/view.html/0" "Mozilla/5.0 (compatible; MSIE 9.0; Windows NT 6.1; Trident/5.0)"
85.17.88.169 - - [19/Apr/2012:20:59:28 -0700] "POST /blog/wp-cron.php?doing_wp_cron=1334893970 HTTP/1.0" 499 0 "-" "WordPress/3.3.1; http://yuvi.in/blog"
183.82.70.116 - - [19/Apr/2012:20:59:29 -0700] "GET /blog/feed/ HTTP/1.0" 304 0 "-" "FeedDemon/4.0 (http://www.feeddemon.com/; Microsoft Windows)"
66.220.149.250 - - [19/Apr/2012:20:59:34 -0700] "GET /r/1lvt HTTP/1.1" 301 257 "-" "facebookexternalhit/1.1 (+http://www.facebook.com/externalhit_uatext.php)"
66.220.149.249 - - [19/Apr/2012:20:59:34 -0700] "GET /s/ta/1lvt/ HTTP/1.1" 302 461 "-" "facebookexternalhit/1.1 (+http://www.facebook.com/externalhit_uatext.php)"
85.17.88.169 - - [19/Apr/2012:21:01:47 -0700] "POST /blog/wp-cron.php?doing_wp_cron=1334894109 HTTP/1.0" 499 0 "-" "WordPress/3.3.1; http://yuvi.in/blog"
101.226.33.190 - - [19/Apr/2012:21:01:48 -0700] "GET /blog/feed HTTP/1.0" 304 0 "-" "Mozilla/4.0 (compatible; Windows;)"
69.171.229.246 - - [19/Apr/2012:21:04:25 -0700] "GET /r/1lvt HTTP/1.1" 301 257 "-" "facebookexternalhit/1.1 (+http://www.facebook.com/externalhit_uatext.php)"
69.171.229.247 - - [19/Apr/2012:21:04:25 -0700] "GET /s/ta/1lvt/ HTTP/1.1" 302 461 "-" "facebookexternalhit/1.1 (+http://www.facebook.com/externalhit_uatext.php)"
85.17.88.169 - - [19/Apr/2012:21:04:27 -0700] "POST /blog/wp-cron.php?doing_wp_cron=1334894269 HTTP/1.0" 499 0 "-" "WordPress/3.3.1; http://yuvi.in/blog"
66.249.73.219 - - [19/Apr/2012:21:04:28 -0700] "GET /blog/theMarianStar/Selvi.pdf HTTP/1.1" 404 3016 "-" "Googlebot/2.1 (+http://www.google.com/bot.html)"
85.17.88.169 - - [19/Apr/2012:21:05:56 -0700] "POST /blog/wp-cron.php?doing_wp_cron=1334894358 HTTP/1.0" 499 0 "-" "WordPress/3.3.1; http://yuvi.in/blog"
209.85.224.91 - - [19/Apr/2012:21:05:57 -0700] "GET /blog/feed HTTP/1.1" 304 0 "-" "FeedBurner/1.0 (http://www.FeedBurner.com)"
141.0.9.15 - - [19/Apr/2012:21:06:48 -0700] "-" 400 0 "-" "-"
69.171.234.7 - - [19/Apr/2012:21:11:12 -0700] "GET /r/1lvt HTTP/1.1" 301 257 "-" "facebookexternalhit/1.1 (+http://www.facebook.com/externalhit_uatext.php)"
69.171.234.0 - - [19/Apr/2012:21:11:12 -0700] "GET /s/ta/1lvt/ HTTP/1.1" 302 461 "-" "facebookexternalhit/1.1 (+http://www.facebook.com/externalhit_uatext.php)"
85.17.88.169 - - [19/Apr/2012:21:11:54 -0700] "POST /blog/wp-cron.php?doing_wp_cron=1334894715 HTTP/1.0" 499 0 "-" "WordPress/3.3.1; http://yuvi.in/blog"
209.85.238.182 - - [19/Apr/2012:21:11:54 -0700] "GET /blog/feed/ HTTP/1.1" 304 0 "-" "Feedfetcher-Google; (+http://www.google.com/feedfetcher.html; 19 subscribers; feed-id=15064232456473204253)"
223.236.234.110 - - [19/Apr/2012:21:12:54 -0700] "-" 400 0 "-" "-"
69.171.234.3 - - [19/Apr/2012:21:13:12 -0700] "GET /r/1lvt HTTP/1.1" 301 257 "-" "facebookexternalhit/1.1 (+http://www.facebook.com/externalhit_uatext.php)"
69.171.234.0 - - [19/Apr/2012:21:13:12 -0700] "GET /s/ta/1lvt/ HTTP/1.1" 302 461 "-" "facebookexternalhit/1.1 (+http://www.facebook.com/externalhit_uatext.php)"
119.63.196.92 - - [19/Apr/2012:21:14:43 -0700] "GET / HTTP/1.1" 404 211 "-" "Mozilla/5.0 (compatible; Baiduspider/2.0; +http://www.baidu.com/search/spider.html)"
122.178.151.46 - - [19/Apr/2012:21:19:30 -0700] "GET /r/hte HTTP/1.1" 301 255 "http://ta.wikipedia.org/wiki/%E0%AE%87%E0%AE%A4%E0%AE%AF%E0%AE%AE%E0%AF%8D" "Mozilla/5.0 (Windows NT 5.1; rv:11.0) Gecko/20100101 Firefox/11.0"
122.178.151.46 - - [19/Apr/2012:21:19:31 -0700] "GET /s/ta/hte/ HTTP/1.1" 302 325 "http://ta.wikipedia.org/wiki/%E0%AE%87%E0%AE%A4%E0%AE%AF%E0%AE%AE%E0%AF%8D" "Mozilla/5.0 (Windows NT 5.1; rv:11.0) Gecko/20100101 Firefox/11.0"
69.171.247.3 - - [19/Apr/2012:21:19:50 -0700] "GET /r/1lvt HTTP/1.1" 301 257 "-" "facebookexternalhit/1.1 (+http://www.facebook.com/externalhit_uatext.php)"
69.171.247.0 - - [19/Apr/2012:21:19:50 -0700] "GET /s/ta/1lvt/ HTTP/1.1" 302 461 "-" "facebookexternalhit/1.1 (+http://www.facebook.com/externalhit_uatext.php)"
85.17.88.169 - - [19/Apr/2012:21:20:12 -0700] "POST /blog/wp-cron.php?doing_wp_cron=1334895214 HTTP/1.0" 499 0 "-" "WordPress/3.3.1; http://yuvi.in/blog"
173.234.232.78 - - [19/Apr/2012:21:20:13 -0700] "GET /blog/what-stop-child-athiest/ HTTP/1.1" 200 21135 "http://www.wordpress-subscribers.info" "Mozilla/3.0 (Compatible;Viking/1.8)"
66.220.149.251 - - [19/Apr/2012:21:20:57 -0700] "GET /r/1lvt HTTP/1.1" 301 257 "-" "facebookexternalhit/1.1 (+http://www.facebook.com/externalhit_uatext.php)"
66.220.149.244 - - [19/Apr/2012:21:20:57 -0700] "GET /s/ta/1lvt/ HTTP/1.1" 302 461 "-" "facebookexternalhit/1.1 (+http://www.facebook.com/externalhit_uatext.php)"
85.17.88.169 - - [19/Apr/2012:21:21:24 -0700] "POST /blog/wp-cron.php?doing_wp_cron=1334895285 HTTP/1.0" 499 0 "-" "WordPress/3.3.1; http://yuvi.in/blog"
209.85.238.182 - - [19/Apr/2012:21:21:24 -0700] "GET /blog/feed HTTP/1.1" 301 0 "-" "Feedfetcher-Google; (+http://www.google.com/feedfetcher.html; 3 subscribers; feed-id=17684830852112633560)"
85.17.88.169 - - [19/Apr/2012:21:21:26 -0700] "POST /blog/wp-cron.php?doing_wp_cron=1334895288 HTTP/1.0" 499 0 "-" "WordPress/3.3.1; http://yuvi.in/blog"
209.85.238.182 - - [19/Apr/2012:21:21:26 -0700] "GET /blog/feed/ HTTP/1.1" 304 0 "-" "Feedfetcher-Google; (+http://www.google.com/feedfetcher.html; 3 subscribers; feed-id=17684830852112633560)"
202.27.9.17 - - [19/Apr/2012:21:23:02 -0700] "GET /r/ypy HTTP/1.1" 301 255 "http://ta.wikipedia.org/wiki/%E0%AE%89%E0%AE%AA%E0%AF%8D%E0%AE%AA%E0%AE%95%E0%AE%B1%E0%AF%8D%E0%AE%B1%E0%AE%B2%E0%AF%8D" "Mozilla/4.0 (compatible; MSIE 8.0; Windows NT 6.1; Trident/4.0; SLCC2; .NET CLR 2.0.50727; .NET CLR 3.5.30729; .NET CLR 3.0.30729; Media Center PC 6.0; InfoPath.3; Zune 4.7)"
202.27.9.17 - - [19/Apr/2012:21:23:02 -0700] "GET /s/ta/ypy/ HTTP/1.1" 302 385 "http://ta.wikipedia.org/wiki/%E0%AE%89%E0%AE%AA%E0%AF%8D%E0%AE%AA%E0%AE%95%E0%AE%B1%E0%AF%8D%E0%AE%B1%E0%AE%B2%E0%AF%8D" "Mozilla/4.0 (compatible; MSIE 8.0; Windows NT 6.1; Trident/4.0; SLCC2; .NET CLR 2.0.50727; .NET CLR 3.5.30729; .NET CLR 3.0.30729; Media Center PC 6.0; InfoPath.3; Zune 4.7)"
69.171.228.247 - - [19/Apr/2012:21:24:56 -0700] "GET /r/1lvt HTTP/1.1" 301 257 "-" "facebookexternalhit/1.1 (+http://www.facebook.com/externalhit_uatext.php)"
69.171.228.245 - - [19/Apr/2012:21:24:56 -0700] "GET /s/ta/1lvt/ HTTP/1.1" 302 461 "-" "facebookexternalhit/1.1 (+http://www.facebook.com/externalhit_uatext.php)"
112.79.40.48 - - [19/Apr/2012:21:25:41 -0700] "-" 400 0 "-" "-"
112.79.40.48 - - [19/Apr/2012:21:26:02 -0700] "-" 400 0 "-" "-"
85.17.88.169 - - [19/Apr/2012:21:26:06 -0700] "POST /blog/wp-cron.php?doing_wp_cron=1334895568 HTTP/1.0" 499 0 "-" "WordPress/3.3.1; http://yuvi.in/blog"
117.193.99.206 - - [19/Apr/2012:21:26:07 -0700] "GET /blog/infosys-tcs-or-wipro-none/ HTTP/1.1" 200 7089 "http://www.facebook.com/l.php?u=http%3A%2F%2Fyuvi.in%2Fblog%2Finfosys-tcs-or-wipro-none%2F&h=4AQFTVVWFAQEhr1kdwYffi5dOHWFo_XvqSYs0pSyx8ADrUg" "Mozilla/5.0 (Windows NT 5.1; rv:11.0) Gecko/20100101 Firefox/11.0"
