98.180.220.78 - - [01/Apr/2012:16:25:36 -0700] "GET /favicon.ico HTTP/1.1" 404 142 "-" "Caffeinated/1.1.1 CFNetwork/520.3.2 Darwin/11.3.0 (x86_64) (MacBookPro8%2C1)"
85.17.88.169 - - [01/Apr/2012:16:25:48 -0700] "POST /blog/wp-cron.php?doing_wp_cron=1333322495 HTTP/1.0" 499 0 "-" "WordPress/3.3.1; http://yuvi.in/blog"
218.213.137.21 - - [01/Apr/2012:16:25:49 -0700] "GET /blog/devlog-december-11-2011/feed/ HTTP/1.1" 200 884 "-" "DoCoMo/2.0 P900i(c100;TB;W24H11) (compatible; ichiro/mobile goo; +http://search.goo.ne.jp/option/use/sub4/sub4-1/)"
98.180.220.78 - - [01/Apr/2012:16:26:04 -0700] "GET / HTTP/1.1" 200 1430 "-" "Caffeinated/1.1.1 CFNetwork/520.3.2 Darwin/11.3.0 (x86_64) (MacBookPro8%2C1)"
98.180.220.78 - - [01/Apr/2012:16:26:04 -0700] "GET /favicon.ico HTTP/1.1" 404 142 "-" "Caffeinated/1.1.1 CFNetwork/520.3.2 Darwin/11.3.0 (x86_64) (MacBookPro8%2C1)"
98.180.220.78 - - [01/Apr/2012:16:27:04 -0700] "GET / HTTP/1.1" 200 1430 "-" "Caffeinated/1.1.1 CFNetwork/520.3.2 Darwin/11.3.0 (x86_64) (MacBookPro8%2C1)"
98.180.220.78 - - [01/Apr/2012:16:27:04 -0700] "GET /favicon.ico HTTP/1.1" 404 142 "-" "Caffeinated/1.1.1 CFNetwork/520.3.2 Darwin/11.3.0 (x86_64) (MacBookPro8%2C1)"
98.180.220.78 - - [01/Apr/2012:16:27:30 -0700] "GET / HTTP/1.1" 200 1430 "-" "Caffeinated/1.1.1 CFNetwork/520.3.2 Darwin/11.3.0 (x86_64) (MacBookPro8%2C1)"
98.180.220.78 - - [01/Apr/2012:16:27:30 -0700] "GET /favicon.ico HTTP/1.1" 404 142 "-" "Caffeinated/1.1.1 CFNetwork/520.3.2 Darwin/11.3.0 (x86_64) (MacBookPro8%2C1)"
101.226.33.188 - - [01/Apr/2012:16:28:22 -0700] "GET /blog/feed HTTP/1.0" 499 0 "-" "Mozilla/4.0 (compatible; Windows;)"
85.17.88.169 - - [01/Apr/2012:16:28:25 -0700] "POST /blog/wp-cron.php?doing_wp_cron=1333322651 HTTP/1.0" 499 0 "-" "WordPress/3.3.1; http://yuvi.in/blog"
218.213.137.21 - - [01/Apr/2012:16:28:25 -0700] "GET /blog/tag/anniversary/feed/ HTTP/1.1" 200 2926 "-" "DoCoMo/2.0 P900i(c100;TB;W24H11) (compatible; ichiro/mobile goo; +http://search.goo.ne.jp/option/use/sub4/sub4-1/)"
98.180.220.78 - - [01/Apr/2012:16:28:31 -0700] "GET / HTTP/1.1" 200 1430 "-" "Caffeinated/1.1.1 CFNetwork/520.3.2 Darwin/11.3.0 (x86_64) (MacBookPro8%2C1)"
98.180.220.78 - - [01/Apr/2012:16:28:31 -0700] "GET /favicon.ico HTTP/1.1" 404 142 "-" "Caffeinated/1.1.1 CFNetwork/520.3.2 Darwin/11.3.0 (x86_64) (MacBookPro8%2C1)"
98.180.220.78 - - [01/Apr/2012:16:28:58 -0700] "GET / HTTP/1.1" 200 1430 "-" "Caffeinated/1.1.1 CFNetwork/520.3.2 Darwin/11.3.0 (x86_64) (MacBookPro8%2C1)"
98.180.220.78 - - [01/Apr/2012:16:28:58 -0700] "GET /favicon.ico HTTP/1.1" 404 142 "-" "Caffeinated/1.1.1 CFNetwork/520.3.2 Darwin/11.3.0 (x86_64) (MacBookPro8%2C1)"
69.171.234.6 - - [01/Apr/2012:16:29:41 -0700] "GET /r/2rvh HTTP/1.1" 301 257 "-" "facebookexternalhit/1.1 (+http://www.facebook.com/externalhit_uatext.php)"
69.171.234.6 - - [01/Apr/2012:16:29:41 -0700] "GET /s/ta/2rvh/ HTTP/1.1" 302 591 "-" "facebookexternalhit/1.1 (+http://www.facebook.com/externalhit_uatext.php)"
98.180.220.78 - - [01/Apr/2012:16:29:56 -0700] "GET / HTTP/1.1" 200 1430 "-" "Caffeinated/1.1.1 CFNetwork/520.3.2 Darwin/11.3.0 (x86_64) (MacBookPro8%2C1)"
98.180.220.78 - - [01/Apr/2012:16:29:56 -0700] "GET /favicon.ico HTTP/1.1" 404 142 "-" "Caffeinated/1.1.1 CFNetwork/520.3.2 Darwin/11.3.0 (x86_64) (MacBookPro8%2C1)"
98.180.220.78 - - [01/Apr/2012:16:30:24 -0700] "GET / HTTP/1.1" 200 1430 "-" "Caffeinated/1.1.1 CFNetwork/520.3.2 Darwin/11.3.0 (x86_64) (MacBookPro8%2C1)"
98.180.220.78 - - [01/Apr/2012:16:30:24 -0700] "GET /favicon.ico HTTP/1.1" 404 142 "-" "Caffeinated/1.1.1 CFNetwork/520.3.2 Darwin/11.3.0 (x86_64) (MacBookPro8%2C1)"
85.17.88.169 - - [01/Apr/2012:16:31:17 -0700] "POST /blog/wp-cron.php?doing_wp_cron=1333322823 HTTP/1.0" 499 0 "-" "WordPress/3.3.1; http://yuvi.in/blog"
218.213.137.21 - - [01/Apr/2012:16:31:17 -0700] "GET /blog/tag/atleast-not-yet/feed/ HTTP/1.1" 200 2217 "-" "DoCoMo/2.0 P900i(c100;TB;W24H11) (compatible; ichiro/mobile goo; +http://search.goo.ne.jp/option/use/sub4/sub4-1/)"
98.180.220.78 - - [01/Apr/2012:16:31:23 -0700] "GET / HTTP/1.1" 200 1430 "-" "Caffeinated/1.1.1 CFNetwork/520.3.2 Darwin/11.3.0 (x86_64) (MacBookPro8%2C1)"
98.180.220.78 - - [01/Apr/2012:16:31:23 -0700] "GET /favicon.ico HTTP/1.1" 404 142 "-" "Caffeinated/1.1.1 CFNetwork/520.3.2 Darwin/11.3.0 (x86_64) (MacBookPro8%2C1)"
82.94.164.162 - - [01/Apr/2012:16:31:33 -0700] "GET / HTTP/1.1" 200 3439 "-" "-"
85.17.88.169 - - [01/Apr/2012:16:31:45 -0700] "POST /blog/wp-cron.php?doing_wp_cron=1333322852 HTTP/1.0" 499 0 "-" "WordPress/3.3.1; http://yuvi.in/blog"
209.85.224.96 - - [01/Apr/2012:16:31:46 -0700] "GET /blog/feed HTTP/1.1" 304 0 "-" "FeedBurner/1.0 (http://www.FeedBurner.com)"
98.180.220.78 - - [01/Apr/2012:16:31:50 -0700] "GET / HTTP/1.1" 200 1430 "-" "Caffeinated/1.1.1 CFNetwork/520.3.2 Darwin/11.3.0 (x86_64) (MacBookPro8%2C1)"
98.180.220.78 - - [01/Apr/2012:16:31:51 -0700] "GET /favicon.ico HTTP/1.1" 404 142 "-" "Caffeinated/1.1.1 CFNetwork/520.3.2 Darwin/11.3.0 (x86_64) (MacBookPro8%2C1)"
82.94.164.162 - - [01/Apr/2012:16:32:09 -0700] "GET / HTTP/1.1" 200 3439 "-" "-"
98.180.220.78 - - [01/Apr/2012:16:32:51 -0700] "GET / HTTP/1.1" 200 1430 "-" "Caffeinated/1.1.1 CFNetwork/520.3.2 Darwin/11.3.0 (x86_64) (MacBookPro8%2C1)"
98.180.220.78 - - [01/Apr/2012:16:32:51 -0700] "GET /favicon.ico HTTP/1.1" 404 142 "-" "Caffeinated/1.1.1 CFNetwork/520.3.2 Darwin/11.3.0 (x86_64) (MacBookPro8%2C1)"
59.92.115.58 - - [01/Apr/2012:16:33:13 -0700] "-" 400 0 "-" "-"
98.180.220.78 - - [01/Apr/2012:16:33:19 -0700] "GET / HTTP/1.1" 200 1430 "-" "Caffeinated/1.1.1 CFNetwork/520.3.2 Darwin/11.3.0 (x86_64) (MacBookPro8%2C1)"
98.180.220.78 - - [01/Apr/2012:16:33:19 -0700] "GET /favicon.ico HTTP/1.1" 404 142 "-" "Caffeinated/1.1.1 CFNetwork/520.3.2 Darwin/11.3.0 (x86_64) (MacBookPro8%2C1)"
85.17.88.169 - - [01/Apr/2012:16:33:32 -0700] "POST /blog/wp-cron.php?doing_wp_cron=1333322959 HTTP/1.0" 499 0 "-" "WordPress/3.3.1; http://yuvi.in/blog"
218.213.137.21 - - [01/Apr/2012:16:33:33 -0700] "GET /blog/tag/fiction/feed/ HTTP/1.1" 200 3209 "-" "DoCoMo/2.0 P900i(c100;TB;W24H11) (compatible; ichiro/mobile goo; +http://search.goo.ne.jp/option/use/sub4/sub4-1/)"
98.180.220.78 - - [01/Apr/2012:16:34:19 -0700] "GET / HTTP/1.1" 200 1430 "-" "Caffeinated/1.1.1 CFNetwork/520.3.2 Darwin/11.3.0 (x86_64) (MacBookPro8%2C1)"
98.180.220.78 - - [01/Apr/2012:16:34:19 -0700] "GET /favicon.ico HTTP/1.1" 404 142 "-" "Caffeinated/1.1.1 CFNetwork/520.3.2 Darwin/11.3.0 (x86_64) (MacBookPro8%2C1)"
59.92.115.58 - - [01/Apr/2012:16:34:33 -0700] "-" 400 0 "-" "-"
98.180.220.78 - - [01/Apr/2012:16:34:47 -0700] "GET / HTTP/1.1" 200 1430 "-" "Caffeinated/1.1.1 CFNetwork/520.3.2 Darwin/11.3.0 (x86_64) (MacBookPro8%2C1)"
98.180.220.78 - - [01/Apr/2012:16:34:47 -0700] "GET /favicon.ico HTTP/1.1" 404 142 "-" "Caffeinated/1.1.1 CFNetwork/520.3.2 Darwin/11.3.0 (x86_64) (MacBookPro8%2C1)"
59.92.115.58 - - [01/Apr/2012:16:35:13 -0700] "-" 400 0 "-" "-"
98.180.220.78 - - [01/Apr/2012:16:35:46 -0700] "GET / HTTP/1.1" 200 1430 "-" "Caffeinated/1.1.1 CFNetwork/520.3.2 Darwin/11.3.0 (x86_64) (MacBookPro8%2C1)"
98.180.220.78 - - [01/Apr/2012:16:35:47 -0700] "GET /favicon.ico HTTP/1.1" 404 142 "-" "Caffeinated/1.1.1 CFNetwork/520.3.2 Darwin/11.3.0 (x86_64) (MacBookPro8%2C1)"
59.92.115.58 - - [01/Apr/2012:16:35:53 -0700] "-" 400 0 "-" "-"
59.92.115.58 - - [01/Apr/2012:16:35:53 -0700] "-" 400 0 "-" "-"
98.180.220.78 - - [01/Apr/2012:16:36:15 -0700] "GET / HTTP/1.1" 200 1430 "-" "Caffeinated/1.1.1 CFNetwork/520.3.2 Darwin/11.3.0 (x86_64) (MacBookPro8%2C1)"
98.180.220.78 - - [01/Apr/2012:16:36:15 -0700] "GET /favicon.ico HTTP/1.1" 404 142 "-" "Caffeinated/1.1.1 CFNetwork/520.3.2 Darwin/11.3.0 (x86_64) (MacBookPro8%2C1)"
59.92.115.58 - - [01/Apr/2012:16:36:23 -0700] "-" 400 0 "-" "-"
59.92.115.58 - - [01/Apr/2012:16:36:23 -0700] "-" 400 0 "-" "-"
59.92.115.58 - - [01/Apr/2012:16:36:23 -0700] "-" 400 0 "-" "-"
59.92.115.58 - - [01/Apr/2012:16:36:23 -0700] "-" 400 0 "-" "-"
209.117.161.166 - - [01/Apr/2012:16:36:48 -0700] "GET /stories/tag/black.html HTTP/1.1" 200 2280 "-" "-"
98.180.220.78 - - [01/Apr/2012:16:37:13 -0700] "GET / HTTP/1.1" 200 1430 "-" "Caffeinated/1.1.1 CFNetwork/520.3.2 Darwin/11.3.0 (x86_64) (MacBookPro8%2C1)"
98.180.220.78 - - [01/Apr/2012:16:37:13 -0700] "GET /favicon.ico HTTP/1.1" 404 142 "-" "Caffeinated/1.1.1 CFNetwork/520.3.2 Darwin/11.3.0 (x86_64) (MacBookPro8%2C1)"
59.92.115.58 - - [01/Apr/2012:16:37:33 -0700] "-" 400 0 "-" "-"
59.92.115.58 - - [01/Apr/2012:16:37:33 -0700] "-" 400 0 "-" "-"
59.92.115.58 - - [01/Apr/2012:16:37:33 -0700] "-" 400 0 "-" "-"
59.92.115.58 - - [01/Apr/2012:16:37:33 -0700] "-" 400 0 "-" "-"
98.180.220.78 - - [01/Apr/2012:16:37:42 -0700] "GET / HTTP/1.1" 200 1430 "-" "Caffeinated/1.1.1 CFNetwork/520.3.2 Darwin/11.3.0 (x86_64) (MacBookPro8%2C1)"
98.180.220.78 - - [01/Apr/2012:16:37:42 -0700] "GET /favicon.ico HTTP/1.1" 404 142 "-" "Caffeinated/1.1.1 CFNetwork/520.3.2 Darwin/11.3.0 (x86_64) (MacBookPro8%2C1)"
98.180.220.78 - - [01/Apr/2012:16:38:40 -0700] "GET / HTTP/1.1" 200 1430 "-" "Caffeinated/1.1.1 CFNetwork/520.3.2 Darwin/11.3.0 (x86_64) (MacBookPro8%2C1)"
98.180.220.78 - - [01/Apr/2012:16:38:40 -0700] "GET /favicon.ico HTTP/1.1" 404 142 "-" "Caffeinated/1.1.1 CFNetwork/520.3.2 Darwin/11.3.0 (x86_64) (MacBookPro8%2C1)"
59.92.115.58 - - [01/Apr/2012:16:38:53 -0700] "-" 400 0 "-" "-"
98.180.220.78 - - [01/Apr/2012:16:39:09 -0700] "GET / HTTP/1.1" 200 1430 "-" "Caffeinated/1.1.1 CFNetwork/520.3.2 Darwin/11.3.0 (x86_64) (MacBookPro8%2C1)"
98.180.220.78 - - [01/Apr/2012:16:39:09 -0700] "GET /favicon.ico HTTP/1.1" 404 142 "-" "Caffeinated/1.1.1 CFNetwork/520.3.2 Darwin/11.3.0 (x86_64) (MacBookPro8%2C1)"
59.92.115.58 - - [01/Apr/2012:16:40:13 -0700] "-" 400 0 "-" "-"
98.180.220.78 - - [01/Apr/2012:16:40:13 -0700] "GET / HTTP/1.1" 200 1430 "-" "Caffeinated/1.1.1 CFNetwork/520.3.2 Darwin/11.3.0 (x86_64) (MacBookPro8%2C1)"
98.180.220.78 - - [01/Apr/2012:16:40:14 -0700] "GET /favicon.ico HTTP/1.1" 404 142 "-" "Caffeinated/1.1.1 CFNetwork/520.3.2 Darwin/11.3.0 (x86_64) (MacBookPro8%2C1)"
98.180.220.78 - - [01/Apr/2012:16:40:41 -0700] "GET / HTTP/1.1" 200 1430 "-" "Caffeinated/1.1.1 CFNetwork/520.3.2 Darwin/11.3.0 (x86_64) (MacBookPro8%2C1)"
98.180.220.78 - - [01/Apr/2012:16:40:41 -0700] "GET /favicon.ico HTTP/1.1" 404 142 "-" "Caffeinated/1.1.1 CFNetwork/520.3.2 Darwin/11.3.0 (x86_64) (MacBookPro8%2C1)"
59.92.115.58 - - [01/Apr/2012:16:41:05 -0700] "-" 400 0 "-" "-"
220.233.228.126 - - [01/Apr/2012:16:41:11 -0700] "GET /r/33y0 HTTP/1.1" 301 257 "-" "Mozilla/4.0 (compatible; MSIE 8.0; Windows NT 5.1; Trident/4.0; .NET CLR 1.1.4322; .NET CLR 2.0.50727; .NET CLR 3.0.4506.2152; .NET CLR 3.5.30729; .NET4.0C; .NET4.0E; InfoPath.2; MS-RTC LM 8)"
220.233.228.126 - - [01/Apr/2012:16:41:11 -0700] "GET /s/ta/33y0/ HTTP/1.1" 302 609 "-" "Mozilla/4.0 (compatible; MSIE 8.0; Windows NT 5.1; Trident/4.0; .NET CLR 1.1.4322; .NET CLR 2.0.50727; .NET CLR 3.0.4506.2152; .NET CLR 3.5.30729; .NET4.0C; .NET4.0E; InfoPath.2; MS-RTC LM 8)"
98.180.220.78 - - [01/Apr/2012:16:41:40 -0700] "GET / HTTP/1.1" 200 1430 "-" "Caffeinated/1.1.1 CFNetwork/520.3.2 Darwin/11.3.0 (x86_64) (MacBookPro8%2C1)"
98.180.220.78 - - [01/Apr/2012:16:41:40 -0700] "GET /favicon.ico HTTP/1.1" 404 142 "-" "Caffeinated/1.1.1 CFNetwork/520.3.2 Darwin/11.3.0 (x86_64) (MacBookPro8%2C1)"
209.117.161.166 - - [01/Apr/2012:16:42:01 -0700] "GET /stories/tag/love.html HTTP/1.1" 200 2245 "-" "-"
98.180.220.78 - - [01/Apr/2012:16:42:08 -0700] "GET / HTTP/1.1" 200 1430 "-" "Caffeinated/1.1.1 CFNetwork/520.3.2 Darwin/11.3.0 (x86_64) (MacBookPro8%2C1)"
98.180.220.78 - - [01/Apr/2012:16:42:08 -0700] "GET /favicon.ico HTTP/1.1" 404 142 "-" "Caffeinated/1.1.1 CFNetwork/520.3.2 Darwin/11.3.0 (x86_64) (MacBookPro8%2C1)"
98.180.220.78 - - [01/Apr/2012:16:43:08 -0700] "GET / HTTP/1.1" 200 1430 "-" "Caffeinated/1.1.1 CFNetwork/520.3.2 Darwin/11.3.0 (x86_64) (MacBookPro8%2C1)"
98.180.220.78 - - [01/Apr/2012:16:43:08 -0700] "GET /favicon.ico HTTP/1.1" 404 142 "-" "Caffeinated/1.1.1 CFNetwork/520.3.2 Darwin/11.3.0 (x86_64) (MacBookPro8%2C1)"
98.180.220.78 - - [01/Apr/2012:16:43:41 -0700] "GET / HTTP/1.1" 200 1430 "-" "Caffeinated/1.1.1 CFNetwork/520.3.2 Darwin/11.3.0 (x86_64) (MacBookPro8%2C1)"
98.180.220.78 - - [01/Apr/2012:16:43:41 -0700] "GET /favicon.ico HTTP/1.1" 404 142 "-" "Caffeinated/1.1.1 CFNetwork/520.3.2 Darwin/11.3.0 (x86_64) (MacBookPro8%2C1)"
98.180.220.78 - - [01/Apr/2012:16:44:38 -0700] "GET / HTTP/1.1" 200 1430 "-" "Caffeinated/1.1.1 CFNetwork/520.3.2 Darwin/11.3.0 (x86_64) (MacBookPro8%2C1)"
98.180.220.78 - - [01/Apr/2012:16:44:38 -0700] "GET /favicon.ico HTTP/1.1" 404 142 "-" "Caffeinated/1.1.1 CFNetwork/520.3.2 Darwin/11.3.0 (x86_64) (MacBookPro8%2C1)"
209.117.161.166 - - [01/Apr/2012:16:45:10 -0700] "GET /stories/tag/blue.html HTTP/1.1" 200 2263 "-" "-"
98.180.220.78 - - [01/Apr/2012:16:45:10 -0700] "GET / HTTP/1.1" 200 1430 "-" "Caffeinated/1.1.1 CFNetwork/520.3.2 Darwin/11.3.0 (x86_64) (MacBookPro8%2C1)"
98.180.220.78 - - [01/Apr/2012:16:45:10 -0700] "GET /favicon.ico HTTP/1.1" 404 142 "-" "Caffeinated/1.1.1 CFNetwork/520.3.2 Darwin/11.3.0 (x86_64) (MacBookPro8%2C1)"
8.28.16.254 - - [01/Apr/2012:16:45:34 -0700] "GET /r/2v65 HTTP/1.1" 301 257 "-" "Mozilla/4.0 (compatible; MSIE 7.0; Windows NT 5.1; InfoPath.1; .NET CLR 2.0.50727; .NET CLR 1.1.4322; MS-RTC LM 8; .NET CLR 3.0.4506.2152; .NET CLR 3.5.30729)"
8.28.16.254 - - [01/Apr/2012:16:45:34 -0700] "GET /s/ta/2v65/ HTTP/1.1" 302 337 "-" "Mozilla/4.0 (compatible; MSIE 7.0; Windows NT 5.1; InfoPath.1; .NET CLR 2.0.50727; .NET CLR 1.1.4322; MS-RTC LM 8; .NET CLR 3.0.4506.2152; .NET CLR 3.5.30729)"
146.1.1.1 - - [01/Apr/2012:16:45:34 -0700] "GET /r/2v65 HTTP/1.1" 301 257 "http://ta.wikipedia.org/wiki/%E0%AE%95%E0%AF%86%E0%AE%A3%E0%AF%8D%E0%AE%9F%E0%AE%BF" "Mozilla/4.0 (compatible; MSIE 8.0; Windows NT 6.1; Trident/4.0; SLCC2; .NET CLR 2.0.50727; .NET CLR 3.5.30729; .NET CLR 3.0.30729; Media Center PC 6.0; .NET4.0C; .NET4.0E; MS-RTC LM 8)"
8.28.16.254 - - [01/Apr/2012:16:45:34 -0700] "GET /s/ta/2v65 HTTP/1.1" 301 257 "-" "Mozilla/4.0 (compatible; MSIE 7.0; Windows NT 5.1; InfoPath.1; .NET CLR 2.0.50727; .NET CLR 1.1.4322; MS-RTC LM 8; .NET CLR 3.0.4506.2152; .NET CLR 3.5.30729)"
8.28.16.254 - - [01/Apr/2012:16:45:35 -0700] "GET /s/ta/2v65/ HTTP/1.1" 302 337 "-" "Mozilla/4.0 (compatible; MSIE 7.0; Windows NT 5.1; InfoPath.1; .NET CLR 2.0.50727; .NET CLR 1.1.4322; MS-RTC LM 8; .NET CLR 3.0.4506.2152; .NET CLR 3.5.30729)"
146.1.1.1 - - [01/Apr/2012:16:45:35 -0700] "GET /s/ta/2v65/ HTTP/1.1" 302 337 "http://ta.wikipedia.org/wiki/%E0%AE%95%E0%AF%86%E0%AE%A3%E0%AF%8D%E0%AE%9F%E0%AE%BF" "Mozilla/4.0 (compatible; MSIE 8.0; Windows NT 6.1; Trident/4.0; SLCC2; .NET CLR 2.0.50727; .NET CLR 3.5.30729; .NET CLR 3.0.30729; Media Center PC 6.0; .NET4.0C; .NET4.0E; MS-RTC LM 8)"
98.180.220.78 - - [01/Apr/2012:16:46:08 -0700] "GET / HTTP/1.1" 200 1430 "-" "Caffeinated/1.1.1 CFNetwork/520.3.2 Darwin/11.3.0 (x86_64) (MacBookPro8%2C1)"
98.180.220.78 - - [01/Apr/2012:16:46:08 -0700] "GET /favicon.ico HTTP/1.1" 404 142 "-" "Caffeinated/1.1.1 CFNetwork/520.3.2 Darwin/11.3.0 (x86_64) (MacBookPro8%2C1)"
85.17.88.169 - - [01/Apr/2012:16:46:25 -0700] "POST /blog/wp-cron.php?doing_wp_cron=1333323732 HTTP/1.0" 499 0 "-" "WordPress/3.3.1; http://yuvi.in/blog"
218.213.137.21 - - [01/Apr/2012:16:46:26 -0700] "GET /blog/tag/sriram/feed/ HTTP/1.1" 200 32066 "-" "DoCoMo/2.0 P900i(c100;TB;W24H11) (compatible; ichiro/mobile goo; +http://search.goo.ne.jp/option/use/sub4/sub4-1/)"
98.180.220.78 - - [01/Apr/2012:16:46:39 -0700] "GET / HTTP/1.1" 200 1430 "-" "Caffeinated/1.1.1 CFNetwork/520.3.2 Darwin/11.3.0 (x86_64) (MacBookPro8%2C1)"
98.180.220.78 - - [01/Apr/2012:16:46:39 -0700] "GET /favicon.ico HTTP/1.1" 404 142 "-" "Caffeinated/1.1.1 CFNetwork/520.3.2 Darwin/11.3.0 (x86_64) (MacBookPro8%2C1)"
98.180.220.78 - - [01/Apr/2012:16:47:39 -0700] "GET / HTTP/1.1" 200 1430 "-" "Caffeinated/1.1.1 CFNetwork/520.3.2 Darwin/11.3.0 (x86_64) (MacBookPro8%2C1)"
98.180.220.78 - - [01/Apr/2012:16:47:39 -0700] "GET /favicon.ico HTTP/1.1" 404 142 "-" "Caffeinated/1.1.1 CFNetwork/520.3.2 Darwin/11.3.0 (x86_64) (MacBookPro8%2C1)"
98.180.220.78 - - [01/Apr/2012:16:48:04 -0700] "GET / HTTP/1.1" 200 1430 "-" "Caffeinated/1.1.1 CFNetwork/520.3.2 Darwin/11.3.0 (x86_64) (MacBookPro8%2C1)"
98.180.220.78 - - [01/Apr/2012:16:48:04 -0700] "GET /favicon.ico HTTP/1.1" 404 142 "-" "Caffeinated/1.1.1 CFNetwork/520.3.2 Darwin/11.3.0 (x86_64) (MacBookPro8%2C1)"
98.180.220.78 - - [01/Apr/2012:16:49:04 -0700] "GET / HTTP/1.1" 200 1430 "-" "Caffeinated/1.1.1 CFNetwork/520.3.2 Darwin/11.3.0 (x86_64) (MacBookPro8%2C1)"
98.180.220.78 - - [01/Apr/2012:16:49:04 -0700] "GET /favicon.ico HTTP/1.1" 404 142 "-" "Caffeinated/1.1.1 CFNetwork/520.3.2 Darwin/11.3.0 (x86_64) (MacBookPro8%2C1)"
98.180.220.78 - - [01/Apr/2012:16:49:30 -0700] "GET / HTTP/1.1" 200 1430 "-" "Caffeinated/1.1.1 CFNetwork/520.3.2 Darwin/11.3.0 (x86_64) (MacBookPro8%2C1)"
98.180.220.78 - - [01/Apr/2012:16:49:30 -0700] "GET /favicon.ico HTTP/1.1" 404 142 "-" "Caffeinated/1.1.1 CFNetwork/520.3.2 Darwin/11.3.0 (x86_64) (MacBookPro8%2C1)"
98.180.220.78 - - [01/Apr/2012:16:50:29 -0700] "GET / HTTP/1.1" 200 1430 "-" "Caffeinated/1.1.1 CFNetwork/520.3.2 Darwin/11.3.0 (x86_64) (MacBookPro8%2C1)"
98.180.220.78 - - [01/Apr/2012:16:50:30 -0700] "GET /favicon.ico HTTP/1.1" 404 142 "-" "Caffeinated/1.1.1 CFNetwork/520.3.2 Darwin/11.3.0 (x86_64) (MacBookPro8%2C1)"
85.17.88.169 - - [01/Apr/2012:16:50:53 -0700] "POST /blog/wp-cron.php?doing_wp_cron=1333323999 HTTP/1.0" 499 0 "-" "WordPress/3.3.1; http://yuvi.in/blog"
209.85.238.244 - - [01/Apr/2012:16:50:53 -0700] "GET /blog/feed/ HTTP/1.1" 304 0 "-" "Feedfetcher-Google; (+http://www.google.com/feedfetcher.html; 18 subscribers; feed-id=15064232456473204253)"
98.180.220.78 - - [01/Apr/2012:16:51:00 -0700] "GET / HTTP/1.1" 200 1430 "-" "Caffeinated/1.1.1 CFNetwork/520.3.2 Darwin/11.3.0 (x86_64) (MacBookPro8%2C1)"
98.180.220.78 - - [01/Apr/2012:16:51:01 -0700] "GET /favicon.ico HTTP/1.1" 404 142 "-" "Caffeinated/1.1.1 CFNetwork/520.3.2 Darwin/11.3.0 (x86_64) (MacBookPro8%2C1)"
85.17.88.169 - - [01/Apr/2012:16:51:37 -0700] "POST /blog/wp-cron.php?doing_wp_cron=1333324043 HTTP/1.0" 499 0 "-" "WordPress/3.3.1; http://yuvi.in/blog"
209.117.161.166 - - [01/Apr/2012:16:51:42 -0700] "GET /blog/tag/devlog/ HTTP/1.1" 200 45058 "-" "-"
98.180.220.78 - - [01/Apr/2012:16:51:59 -0700] "GET / HTTP/1.1" 200 1430 "-" "Caffeinated/1.1.1 CFNetwork/520.3.2 Darwin/11.3.0 (x86_64) (MacBookPro8%2C1)"
98.180.220.78 - - [01/Apr/2012:16:52:00 -0700] "GET /favicon.ico HTTP/1.1" 404 142 "-" "Caffeinated/1.1.1 CFNetwork/520.3.2 Darwin/11.3.0 (x86_64) (MacBookPro8%2C1)"
98.180.220.78 - - [01/Apr/2012:16:52:56 -0700] "GET / HTTP/1.1" 200 1430 "-" "Caffeinated/1.1.1 CFNetwork/520.3.2 Darwin/11.3.0 (x86_64) (MacBookPro8%2C1)"
98.180.220.78 - - [01/Apr/2012:16:52:56 -0700] "GET /favicon.ico HTTP/1.1" 404 142 "-" "Caffeinated/1.1.1 CFNetwork/520.3.2 Darwin/11.3.0 (x86_64) (MacBookPro8%2C1)"
85.17.88.169 - - [01/Apr/2012:16:53:45 -0700] "POST /blog/wp-cron.php?doing_wp_cron=1333324172 HTTP/1.0" 499 0 "-" "WordPress/3.3.1; http://yuvi.in/blog"
14.96.71.209 - - [01/Apr/2012:16:53:46 -0700] "GET /blog/my-gsoc-2010-proposal/ HTTP/1.1" 200 4167 "http://www.google.co.in/url?sa=t&rct=j&q=&esrc=s&source=web&cd=3&ved=0CEAQFjAC&url=http%3A%2F%2Fyuvi.in%2Fblog%2Fmy-gsoc-2010-proposal%2F&ei=OOl4T7aKNoTzrQfRvKGKDQ&usg=AFQjCNGaRPs9jZ6a9biUsPrGqI182Kp18Q&sig2=0O1q-PXeB60HhM9B5Dm8Lw" "Mozilla/5.0 (X11; Linux i686) AppleWebKit/535.11 (KHTML, like Gecko) Chrome/17.0.963.46 Safari/535.11"
14.96.71.209 - - [01/Apr/2012:16:53:48 -0700] "GET /blog/wp-content/themes/cleanr/style.css HTTP/1.1" 304 0 "http://yuvi.in/blog/my-gsoc-2010-proposal/" "Mozilla/5.0 (X11; Linux i686) AppleWebKit/535.11 (KHTML, like Gecko) Chrome/17.0.963.46 Safari/535.11"
14.96.71.209 - - [01/Apr/2012:16:53:48 -0700] "GET /blog/wp-content/themes/cleanr/js/jquery.dropdown.js?ver=3.3.1 HTTP/1.1" 304 0 "http://yuvi.in/blog/my-gsoc-2010-proposal/" "Mozilla/5.0 (X11; Linux i686) AppleWebKit/535.11 (KHTML, like Gecko) Chrome/17.0.963.46 Safari/535.11"
14.96.71.209 - - [01/Apr/2012:16:53:48 -0700] "GET /blog/wp-includes/js/jquery/jquery.js?ver=1.7.1 HTTP/1.1" 304 0 "http://yuvi.in/blog/my-gsoc-2010-proposal/" "Mozilla/5.0 (X11; Linux i686) AppleWebKit/535.11 (KHTML, like Gecko) Chrome/17.0.963.46 Safari/535.11"
14.96.71.209 - - [01/Apr/2012:16:53:49 -0700] "GET /blog/wp-content/themes/cleanr/css/text.css HTTP/1.1" 304 0 "http://yuvi.in/blog/my-gsoc-2010-proposal/" "Mozilla/5.0 (X11; Linux i686) AppleWebKit/535.11 (KHTML, like Gecko) Chrome/17.0.963.46 Safari/535.11"
14.96.71.209 - - [01/Apr/2012:16:53:49 -0700] "GET /blog/wp-content/themes/cleanr/css/960.css HTTP/1.1" 304 0 "http://yuvi.in/blog/my-gsoc-2010-proposal/" "Mozilla/5.0 (X11; Linux i686) AppleWebKit/535.11 (KHTML, like Gecko) Chrome/17.0.963.46 Safari/535.11"
14.96.71.209 - - [01/Apr/2012:16:53:49 -0700] "GET /blog/wp-content/themes/cleanr/css/reset.css HTTP/1.1" 304 0 "http://yuvi.in/blog/my-gsoc-2010-proposal/" "Mozilla/5.0 (X11; Linux i686) AppleWebKit/535.11 (KHTML, like Gecko) Chrome/17.0.963.46 Safari/535.11"
14.96.71.209 - - [01/Apr/2012:16:53:51 -0700] "GET /blog/wp-content/themes/cleanr/images/search_magnifier.gif HTTP/1.1" 304 0 "http://yuvi.in/blog/my-gsoc-2010-proposal/" "Mozilla/5.0 (X11; Linux i686) AppleWebKit/535.11 (KHTML, like Gecko) Chrome/17.0.963.46 Safari/535.11"
14.96.71.209 - - [01/Apr/2012:16:53:56 -0700] "GET /favicon.ico HTTP/1.1" 404 199 "-" "Mozilla/5.0 (X11; Linux i686) AppleWebKit/535.11 (KHTML, like Gecko) Chrome/17.0.963.46 Safari/535.11"
85.17.88.169 - - [01/Apr/2012:16:54:03 -0700] "POST /blog/wp-cron.php?doing_wp_cron=1333324190 HTTP/1.0" 499 0 "-" "WordPress/3.3.1; http://yuvi.in/blog"
14.96.71.209 - - [01/Apr/2012:16:54:03 -0700] "GET /blog/my-gsoc-2010-proposal/?cf_action=sync_comments&post_id=89 HTTP/1.1" 200 48 "http://yuvi.in/blog/my-gsoc-2010-proposal/" "Mozilla/5.0 (X11; Linux i686) AppleWebKit/535.11 (KHTML, like Gecko) Chrome/17.0.963.46 Safari/535.11"
14.96.71.209 - - [01/Apr/2012:16:54:07 -0700] "-" 400 0 "-" "-"
98.180.220.78 - - [01/Apr/2012:16:54:11 -0700] "GET / HTTP/1.1" 200 1430 "-" "Caffeinated/1.1.1 CFNetwork/520.3.2 Darwin/11.3.0 (x86_64) (MacBookPro8%2C1)"
98.180.220.78 - - [01/Apr/2012:16:54:11 -0700] "GET /favicon.ico HTTP/1.1" 404 142 "-" "Caffeinated/1.1.1 CFNetwork/520.3.2 Darwin/11.3.0 (x86_64) (MacBookPro8%2C1)"
98.180.220.78 - - [01/Apr/2012:16:55:32 -0700] "GET / HTTP/1.1" 200 1430 "-" "Caffeinated/1.1.1 CFNetwork/520.3.2 Darwin/11.3.0 (x86_64) (MacBookPro8%2C1)"
98.180.220.78 - - [01/Apr/2012:16:55:33 -0700] "GET /favicon.ico HTTP/1.1" 404 142 "-" "Caffeinated/1.1.1 CFNetwork/520.3.2 Darwin/11.3.0 (x86_64) (MacBookPro8%2C1)"
193.164.138.82 - - [01/Apr/2012:16:56:49 -0700] "GET /blog/code-i-ve-written-so-far.html HTTP/1.1" 200 6931 "-" "Zemanta Aggregator/0.7 +http://www.zemanta.com"
98.180.220.78 - - [01/Apr/2012:16:56:50 -0700] "GET / HTTP/1.1" 200 1430 "-" "Caffeinated/1.1.1 CFNetwork/520.3.2 Darwin/11.3.0 (x86_64) (MacBookPro8%2C1)"
98.180.220.78 - - [01/Apr/2012:16:56:50 -0700] "GET /favicon.ico HTTP/1.1" 404 142 "-" "Caffeinated/1.1.1 CFNetwork/520.3.2 Darwin/11.3.0 (x86_64) (MacBookPro8%2C1)"
98.180.220.78 - - [01/Apr/2012:16:58:04 -0700] "GET / HTTP/1.1" 200 1430 "-" "Caffeinated/1.1.1 CFNetwork/520.3.2 Darwin/11.3.0 (x86_64) (MacBookPro8%2C1)"
98.180.220.78 - - [01/Apr/2012:16:58:04 -0700] "GET /favicon.ico HTTP/1.1" 404 142 "-" "Caffeinated/1.1.1 CFNetwork/520.3.2 Darwin/11.3.0 (x86_64) (MacBookPro8%2C1)"
98.180.220.78 - - [01/Apr/2012:16:59:16 -0700] "GET / HTTP/1.1" 200 1430 "-" "Caffeinated/1.1.1 CFNetwork/520.3.2 Darwin/11.3.0 (x86_64) (MacBookPro8%2C1)"
98.180.220.78 - - [01/Apr/2012:16:59:16 -0700] "GET /favicon.ico HTTP/1.1" 404 142 "-" "Caffeinated/1.1.1 CFNetwork/520.3.2 Darwin/11.3.0 (x86_64) (MacBookPro8%2C1)"
98.180.220.78 - - [01/Apr/2012:16:59:36 -0700] "GET / HTTP/1.1" 200 1430 "-" "Caffeinated/1.1.1 CFNetwork/520.3.2 Darwin/11.3.0 (x86_64) (MacBookPro8%2C1)"
98.180.220.78 - - [01/Apr/2012:16:59:36 -0700] "GET /favicon.ico HTTP/1.1" 404 142 "-" "Caffeinated/1.1.1 CFNetwork/520.3.2 Darwin/11.3.0 (x86_64) (MacBookPro8%2C1)"
66.249.73.23 - - [01/Apr/2012:17:00:08 -0700] "GET /r/1zhj HTTP/1.1" 301 257 "-" "Mozilla/5.0 (compatible; Googlebot/2.1; +http://www.google.com/bot.html)"
66.249.73.23 - - [01/Apr/2012:17:00:09 -0700] "GET /s/ta/1zhj/ HTTP/1.1" 302 443 "-" "Mozilla/5.0 (compatible; Googlebot/2.1; +http://www.google.com/bot.html)"
98.180.220.78 - - [01/Apr/2012:17:00:35 -0700] "GET / HTTP/1.1" 200 1430 "-" "Caffeinated/1.1.1 CFNetwork/520.3.2 Darwin/11.3.0 (x86_64) (MacBookPro8%2C1)"
98.180.220.78 - - [01/Apr/2012:17:00:36 -0700] "GET /favicon.ico HTTP/1.1" 404 142 "-" "Caffeinated/1.1.1 CFNetwork/520.3.2 Darwin/11.3.0 (x86_64) (MacBookPro8%2C1)"
98.180.220.78 - - [01/Apr/2012:17:01:50 -0700] "GET / HTTP/1.1" 200 1430 "-" "Caffeinated/1.1.1 CFNetwork/520.3.2 Darwin/11.3.0 (x86_64) (MacBookPro8%2C1)"
98.180.220.78 - - [01/Apr/2012:17:01:50 -0700] "GET /favicon.ico HTTP/1.1" 404 142 "-" "Caffeinated/1.1.1 CFNetwork/520.3.2 Darwin/11.3.0 (x86_64) (MacBookPro8%2C1)"
85.17.88.169 - - [01/Apr/2012:17:01:55 -0700] "POST /blog/wp-cron.php?doing_wp_cron=1333324661 HTTP/1.0" 499 0 "-" "WordPress/3.3.1; http://yuvi.in/blog"
209.85.144.84 - - [01/Apr/2012:17:01:55 -0700] "GET /blog/feed HTTP/1.1" 304 0 "-" "FeedBurner/1.0 (http://www.FeedBurner.com)"
59.92.115.58 - - [01/Apr/2012:17:02:52 -0700] "-" 400 0 "-" "-"
98.180.220.78 - - [01/Apr/2012:17:03:10 -0700] "GET / HTTP/1.1" 200 1430 "-" "Caffeinated/1.1.1 CFNetwork/520.3.2 Darwin/11.3.0 (x86_64) (MacBookPro8%2C1)"
98.180.220.78 - - [01/Apr/2012:17:03:10 -0700] "GET /favicon.ico HTTP/1.1" 404 142 "-" "Caffeinated/1.1.1 CFNetwork/520.3.2 Darwin/11.3.0 (x86_64) (MacBookPro8%2C1)"
207.46.204.209 - - [01/Apr/2012:17:03:30 -0700] "-" 400 0 "-" "-"
207.46.204.209 - - [01/Apr/2012:17:03:32 -0700] "-" 400 0 "-" "-"
207.46.204.209 - - [01/Apr/2012:17:03:32 -0700] "-" 400 0 "-" "-"
207.46.204.209 - - [01/Apr/2012:17:03:33 -0700] "-" 400 0 "-" "-"
207.46.204.209 - - [01/Apr/2012:17:03:33 -0700] "-" 400 0 "-" "-"
207.46.204.209 - - [01/Apr/2012:17:03:33 -0700] "-" 400 0 "-" "-"
207.46.204.209 - - [01/Apr/2012:17:03:34 -0700] "-" 400 0 "-" "-"
207.46.204.209 - - [01/Apr/2012:17:03:35 -0700] "-" 400 0 "-" "-"
207.46.204.209 - - [01/Apr/2012:17:03:35 -0700] "-" 400 0 "-" "-"
207.46.204.209 - - [01/Apr/2012:17:03:35 -0700] "-" 400 0 "-" "-"
98.180.220.78 - - [01/Apr/2012:17:04:16 -0700] "GET / HTTP/1.1" 200 1430 "-" "Caffeinated/1.1.1 CFNetwork/520.3.2 Darwin/11.3.0 (x86_64) (MacBookPro8%2C1)"
98.180.220.78 - - [01/Apr/2012:17:04:16 -0700] "GET /favicon.ico HTTP/1.1" 404 142 "-" "Caffeinated/1.1.1 CFNetwork/520.3.2 Darwin/11.3.0 (x86_64) (MacBookPro8%2C1)"
207.46.12.76 - - [01/Apr/2012:17:04:28 -0700] "-" 400 0 "-" "-"
207.46.12.76 - - [01/Apr/2012:17:04:28 -0700] "-" 400 0 "-" "-"
207.46.12.76 - - [01/Apr/2012:17:04:29 -0700] "-" 400 0 "-" "-"
207.46.12.76 - - [01/Apr/2012:17:04:29 -0700] "-" 400 0 "-" "-"
207.46.12.76 - - [01/Apr/2012:17:04:29 -0700] "-" 400 0 "-" "-"
207.46.12.76 - - [01/Apr/2012:17:04:29 -0700] "-" 400 0 "-" "-"
207.46.12.76 - - [01/Apr/2012:17:04:29 -0700] "-" 400 0 "-" "-"
207.46.12.76 - - [01/Apr/2012:17:04:29 -0700] "-" 400 0 "-" "-"
98.180.220.78 - - [01/Apr/2012:17:04:46 -0700] "GET / HTTP/1.1" 200 1430 "-" "Caffeinated/1.1.1 CFNetwork/520.3.2 Darwin/11.3.0 (x86_64) (MacBookPro8%2C1)"
98.180.220.78 - - [01/Apr/2012:17:04:47 -0700] "GET /favicon.ico HTTP/1.1" 404 142 "-" "Caffeinated/1.1.1 CFNetwork/520.3.2 Darwin/11.3.0 (x86_64) (MacBookPro8%2C1)"
207.46.12.76 - - [01/Apr/2012:17:05:15 -0700] "-" 400 0 "-" "-"
85.17.88.169 - - [01/Apr/2012:17:05:18 -0700] "POST /blog/wp-cron.php?doing_wp_cron=1333324864 HTTP/1.0" 499 0 "-" "WordPress/3.3.1; http://yuvi.in/blog"
207.46.12.76 - - [01/Apr/2012:17:05:19 -0700] "-" 400 0 "-" "-"
207.46.12.76 - - [01/Apr/2012:17:05:19 -0700] "-" 400 0 "-" "-"
209.117.161.166 - - [01/Apr/2012:17:05:23 -0700] "GET /blog/tag/travel/ HTTP/1.1" 200 15527 "-" "-"
100.43.83.144 - - [01/Apr/2012:17:05:39 -0700] "GET /blog/devlog-december-10-2011/ HTTP/1.1" 200 4200 "-" "Mozilla/5.0 (compatible; YandexBot/3.0; +http://yandex.com/bots)"
193.164.138.82 - - [01/Apr/2012:17:05:55 -0700] "GET /blog/hackfest-09-expectations.html HTTP/1.1" 200 6001 "-" "Zemanta Aggregator/0.7 +http://www.zemanta.com"
98.180.220.78 - - [01/Apr/2012:17:05:59 -0700] "GET / HTTP/1.1" 200 1430 "-" "Caffeinated/1.1.1 CFNetwork/520.3.2 Darwin/11.3.0 (x86_64) (MacBookPro8%2C1)"
98.180.220.78 - - [01/Apr/2012:17:05:59 -0700] "GET /favicon.ico HTTP/1.1" 404 142 "-" "Caffeinated/1.1.1 CFNetwork/520.3.2 Darwin/11.3.0 (x86_64) (MacBookPro8%2C1)"
98.180.220.78 - - [01/Apr/2012:17:06:55 -0700] "GET / HTTP/1.1" 200 1430 "-" "Caffeinated/1.1.1 CFNetwork/520.3.2 Darwin/11.3.0 (x86_64) (MacBookPro8%2C1)"
98.180.220.78 - - [01/Apr/2012:17:06:55 -0700] "GET /favicon.ico HTTP/1.1" 404 142 "-" "Caffeinated/1.1.1 CFNetwork/520.3.2 Darwin/11.3.0 (x86_64) (MacBookPro8%2C1)"
98.180.220.78 - - [01/Apr/2012:17:07:31 -0700] "GET / HTTP/1.1" 200 1430 "-" "Caffeinated/1.1.1 CFNetwork/520.3.2 Darwin/11.3.0 (x86_64) (MacBookPro8%2C1)"
98.180.220.78 - - [01/Apr/2012:17:07:31 -0700] "GET /favicon.ico HTTP/1.1" 404 142 "-" "Caffeinated/1.1.1 CFNetwork/520.3.2 Darwin/11.3.0 (x86_64) (MacBookPro8%2C1)"
98.180.220.78 - - [01/Apr/2012:17:08:25 -0700] "GET / HTTP/1.1" 200 1430 "-" "Caffeinated/1.1.1 CFNetwork/520.3.2 Darwin/11.3.0 (x86_64) (MacBookPro8%2C1)"
98.180.220.78 - - [01/Apr/2012:17:08:25 -0700] "GET /favicon.ico HTTP/1.1" 404 142 "-" "Caffeinated/1.1.1 CFNetwork/520.3.2 Darwin/11.3.0 (x86_64) (MacBookPro8%2C1)"
85.17.88.169 - - [01/Apr/2012:17:08:26 -0700] "POST /blog/wp-cron.php?doing_wp_cron=1333325052 HTTP/1.0" 499 0 "-" "WordPress/3.3.1; http://yuvi.in/blog"
209.85.238.244 - - [01/Apr/2012:17:08:26 -0700] "GET /blog/feed HTTP/1.1" 301 0 "-" "Feedfetcher-Google; (+http://www.google.com/feedfetcher.html; 3 subscribers; feed-id=17684830852112633560)"
85.17.88.169 - - [01/Apr/2012:17:08:28 -0700] "POST /blog/wp-cron.php?doing_wp_cron=1333325055 HTTP/1.0" 499 0 "-" "WordPress/3.3.1; http://yuvi.in/blog"
209.85.238.244 - - [01/Apr/2012:17:08:28 -0700] "GET /blog/feed/ HTTP/1.1" 304 0 "-" "Feedfetcher-Google; (+http://www.google.com/feedfetcher.html; 3 subscribers; feed-id=17684830852112633560)"
98.180.220.78 - - [01/Apr/2012:17:08:57 -0700] "GET / HTTP/1.1" 200 1430 "-" "Caffeinated/1.1.1 CFNetwork/520.3.2 Darwin/11.3.0 (x86_64) (MacBookPro8%2C1)"
98.180.220.78 - - [01/Apr/2012:17:08:57 -0700] "GET /favicon.ico HTTP/1.1" 404 142 "-" "Caffeinated/1.1.1 CFNetwork/520.3.2 Darwin/11.3.0 (x86_64) (MacBookPro8%2C1)"
157.55.112.202 - - [01/Apr/2012:17:09:35 -0700] "-" 400 0 "-" "-"
157.55.112.202 - - [01/Apr/2012:17:09:37 -0700] "-" 400 0 "-" "-"
157.55.112.202 - - [01/Apr/2012:17:09:37 -0700] "-" 400 0 "-" "-"
157.55.112.202 - - [01/Apr/2012:17:09:38 -0700] "-" 400 0 "-" "-"
157.55.112.202 - - [01/Apr/2012:17:09:38 -0700] "-" 400 0 "-" "-"
85.17.88.169 - - [01/Apr/2012:17:09:38 -0700] "POST /blog/wp-cron.php?doing_wp_cron=1333325125 HTTP/1.0" 499 0 "-" "WordPress/3.3.1; http://yuvi.in/blog"
157.55.112.202 - - [01/Apr/2012:17:09:38 -0700] "-" 400 0 "-" "-"
157.55.112.202 - - [01/Apr/2012:17:09:39 -0700] "-" 400 0 "-" "-"
157.55.112.202 - - [01/Apr/2012:17:09:39 -0700] "-" 400 0 "-" "-"
157.55.112.202 - - [01/Apr/2012:17:09:39 -0700] "-" 400 0 "-" "-"
157.55.112.202 - - [01/Apr/2012:17:09:40 -0700] "-" 400 0 "-" "-"
209.117.161.166 - - [01/Apr/2012:17:09:44 -0700] "GET /blog/tag/fiction/ HTTP/1.1" 200 15880 "-" "-"
98.180.220.78 - - [01/Apr/2012:17:09:46 -0700] "GET / HTTP/1.1" 200 1430 "-" "Caffeinated/1.1.1 CFNetwork/520.3.2 Darwin/11.3.0 (x86_64) (MacBookPro8%2C1)"
98.180.220.78 - - [01/Apr/2012:17:09:46 -0700] "GET /favicon.ico HTTP/1.1" 404 142 "-" "Caffeinated/1.1.1 CFNetwork/520.3.2 Darwin/11.3.0 (x86_64) (MacBookPro8%2C1)"
98.180.220.78 - - [01/Apr/2012:17:10:32 -0700] "GET / HTTP/1.1" 200 1430 "-" "Caffeinated/1.1.1 CFNetwork/520.3.2 Darwin/11.3.0 (x86_64) (MacBookPro8%2C1)"
98.180.220.78 - - [01/Apr/2012:17:10:32 -0700] "GET /favicon.ico HTTP/1.1" 404 142 "-" "Caffeinated/1.1.1 CFNetwork/520.3.2 Darwin/11.3.0 (x86_64) (MacBookPro8%2C1)"
157.55.112.202 - - [01/Apr/2012:17:10:36 -0700] "-" 400 0 "-" "-"
59.92.115.58 - - [01/Apr/2012:17:10:53 -0700] "-" 400 0 "-" "-"
59.92.115.58 - - [01/Apr/2012:17:10:53 -0700] "-" 400 0 "-" "-"
59.92.115.58 - - [01/Apr/2012:17:10:53 -0700] "-" 400 0 "-" "-"
59.92.115.58 - - [01/Apr/2012:17:10:53 -0700] "-" 400 0 "-" "-"
59.92.115.58 - - [01/Apr/2012:17:10:53 -0700] "-" 400 0 "-" "-"
59.92.115.58 - - [01/Apr/2012:17:10:53 -0700] "-" 400 0 "-" "-"
59.92.115.58 - - [01/Apr/2012:17:10:54 -0700] "-" 400 0 "-" "-"
59.92.115.58 - - [01/Apr/2012:17:10:54 -0700] "-" 400 0 "-" "-"
59.92.115.58 - - [01/Apr/2012:17:10:54 -0700] "-" 400 0 "-" "-"
59.92.115.58 - - [01/Apr/2012:17:10:59 -0700] "-" 400 0 "-" "-"
59.92.115.58 - - [01/Apr/2012:17:11:05 -0700] "-" 400 0 "-" "-"
98.180.220.78 - - [01/Apr/2012:17:11:09 -0700] "GET / HTTP/1.1" 200 1430 "-" "Caffeinated/1.1.1 CFNetwork/520.3.2 Darwin/11.3.0 (x86_64) (MacBookPro8%2C1)"
98.180.220.78 - - [01/Apr/2012:17:11:09 -0700] "GET /favicon.ico HTTP/1.1" 404 142 "-" "Caffeinated/1.1.1 CFNetwork/520.3.2 Darwin/11.3.0 (x86_64) (MacBookPro8%2C1)"
59.92.115.58 - - [01/Apr/2012:17:11:15 -0700] "-" 400 0 "-" "-"
59.92.115.58 - - [01/Apr/2012:17:11:16 -0700] "-" 400 0 "-" "-"
59.92.115.58 - - [01/Apr/2012:17:11:16 -0700] "-" 400 0 "-" "-"
59.92.115.58 - - [01/Apr/2012:17:11:19 -0700] "-" 400 0 "-" "-"
59.92.115.58 - - [01/Apr/2012:17:11:25 -0700] "-" 400 0 "-" "-"
59.92.115.58 - - [01/Apr/2012:17:11:26 -0700] "-" 400 0 "-" "-"
59.92.115.58 - - [01/Apr/2012:17:11:27 -0700] "-" 400 0 "-" "-"
59.92.115.58 - - [01/Apr/2012:17:11:31 -0700] "-" 400 0 "-" "-"
59.92.115.58 - - [01/Apr/2012:17:11:32 -0700] "-" 400 0 "-" "-"
59.92.115.58 - - [01/Apr/2012:17:11:35 -0700] "-" 400 0 "-" "-"
59.92.115.58 - - [01/Apr/2012:17:11:38 -0700] "-" 400 0 "-" "-"
59.92.115.58 - - [01/Apr/2012:17:11:44 -0700] "-" 400 0 "-" "-"
59.92.115.58 - - [01/Apr/2012:17:11:47 -0700] "-" 400 0 "-" "-"
59.92.115.58 - - [01/Apr/2012:17:11:57 -0700] "-" 400 0 "-" "-"
59.92.115.58 - - [01/Apr/2012:17:11:58 -0700] "-" 400 0 "-" "-"
59.92.115.58 - - [01/Apr/2012:17:12:00 -0700] "-" 400 0 "-" "-"
59.92.115.58 - - [01/Apr/2012:17:12:00 -0700] "-" 400 0 "-" "-"
98.180.220.78 - - [01/Apr/2012:17:12:08 -0700] "GET / HTTP/1.1" 200 1430 "-" "Caffeinated/1.1.1 CFNetwork/520.3.2 Darwin/11.3.0 (x86_64) (MacBookPro8%2C1)"
98.180.220.78 - - [01/Apr/2012:17:12:08 -0700] "GET /favicon.ico HTTP/1.1" 404 142 "-" "Caffeinated/1.1.1 CFNetwork/520.3.2 Darwin/11.3.0 (x86_64) (MacBookPro8%2C1)"
59.92.115.58 - - [01/Apr/2012:17:12:17 -0700] "-" 400 0 "-" "-"
59.92.115.58 - - [01/Apr/2012:17:12:18 -0700] "-" 400 0 "-" "-"
59.92.115.58 - - [01/Apr/2012:17:12:18 -0700] "-" 400 0 "-" "-"
59.92.115.58 - - [01/Apr/2012:17:12:18 -0700] "-" 400 0 "-" "-"
59.92.115.58 - - [01/Apr/2012:17:12:19 -0700] "-" 400 0 "-" "-"
59.92.115.58 - - [01/Apr/2012:17:12:19 -0700] "-" 400 0 "-" "-"
59.92.115.58 - - [01/Apr/2012:17:12:19 -0700] "-" 400 0 "-" "-"
59.92.115.58 - - [01/Apr/2012:17:12:20 -0700] "-" 400 0 "-" "-"
59.92.115.58 - - [01/Apr/2012:17:12:20 -0700] "-" 400 0 "-" "-"
59.92.115.58 - - [01/Apr/2012:17:12:21 -0700] "-" 400 0 "-" "-"
59.92.115.58 - - [01/Apr/2012:17:12:30 -0700] "-" 400 0 "-" "-"
59.92.115.58 - - [01/Apr/2012:17:12:31 -0700] "-" 400 0 "-" "-"
98.180.220.78 - - [01/Apr/2012:17:12:33 -0700] "GET / HTTP/1.1" 200 1430 "-" "Caffeinated/1.1.1 CFNetwork/520.3.2 Darwin/11.3.0 (x86_64) (MacBookPro8%2C1)"
59.92.115.58 - - [01/Apr/2012:17:12:33 -0700] "-" 400 0 "-" "-"
98.180.220.78 - - [01/Apr/2012:17:12:33 -0700] "GET /favicon.ico HTTP/1.1" 404 142 "-" "Caffeinated/1.1.1 CFNetwork/520.3.2 Darwin/11.3.0 (x86_64) (MacBookPro8%2C1)"
59.92.115.58 - - [01/Apr/2012:17:12:35 -0700] "-" 400 0 "-" "-"
59.92.115.58 - - [01/Apr/2012:17:12:39 -0700] "-" 400 0 "-" "-"
59.92.115.58 - - [01/Apr/2012:17:12:39 -0700] "-" 400 0 "-" "-"
59.92.115.58 - - [01/Apr/2012:17:12:41 -0700] "-" 400 0 "-" "-"
59.92.115.58 - - [01/Apr/2012:17:12:45 -0700] "-" 400 0 "-" "-"
59.92.115.58 - - [01/Apr/2012:17:12:45 -0700] "-" 400 0 "-" "-"
59.92.115.58 - - [01/Apr/2012:17:12:50 -0700] "-" 400 0 "-" "-"
59.92.115.58 - - [01/Apr/2012:17:12:52 -0700] "-" 400 0 "-" "-"
59.92.115.58 - - [01/Apr/2012:17:12:56 -0700] "-" 400 0 "-" "-"
59.92.115.58 - - [01/Apr/2012:17:12:58 -0700] "-" 400 0 "-" "-"
59.92.115.58 - - [01/Apr/2012:17:12:58 -0700] "-" 400 0 "-" "-"
59.92.115.58 - - [01/Apr/2012:17:13:03 -0700] "-" 400 0 "-" "-"
59.92.115.58 - - [01/Apr/2012:17:13:04 -0700] "-" 400 0 "-" "-"
59.92.115.58 - - [01/Apr/2012:17:13:05 -0700] "-" 400 0 "-" "-"
59.92.115.58 - - [01/Apr/2012:17:13:05 -0700] "-" 400 0 "-" "-"
59.92.115.58 - - [01/Apr/2012:17:13:21 -0700] "-" 400 0 "-" "-"
98.180.220.78 - - [01/Apr/2012:17:13:33 -0700] "GET / HTTP/1.1" 200 1430 "-" "Caffeinated/1.1.1 CFNetwork/520.3.2 Darwin/11.3.0 (x86_64) (MacBookPro8%2C1)"
98.180.220.78 - - [01/Apr/2012:17:13:33 -0700] "GET /favicon.ico HTTP/1.1" 404 142 "-" "Caffeinated/1.1.1 CFNetwork/520.3.2 Darwin/11.3.0 (x86_64) (MacBookPro8%2C1)"
98.180.220.78 - - [01/Apr/2012:17:14:01 -0700] "GET / HTTP/1.1" 200 1430 "-" "Caffeinated/1.1.1 CFNetwork/520.3.2 Darwin/11.3.0 (x86_64) (MacBookPro8%2C1)"
98.180.220.78 - - [01/Apr/2012:17:14:01 -0700] "GET /favicon.ico HTTP/1.1" 404 142 "-" "Caffeinated/1.1.1 CFNetwork/520.3.2 Darwin/11.3.0 (x86_64) (MacBookPro8%2C1)"
100.43.83.144 - - [01/Apr/2012:17:14:14 -0700] "GET /blog/oldindex.html HTTP/1.1" 304 0 "-" "Mozilla/5.0 (compatible; YandexBot/3.0; +http://yandex.com/bots)"
98.180.220.78 - - [01/Apr/2012:17:15:00 -0700] "GET / HTTP/1.1" 200 1430 "-" "Caffeinated/1.1.1 CFNetwork/520.3.2 Darwin/11.3.0 (x86_64) (MacBookPro8%2C1)"
98.180.220.78 - - [01/Apr/2012:17:15:00 -0700] "GET /favicon.ico HTTP/1.1" 404 142 "-" "Caffeinated/1.1.1 CFNetwork/520.3.2 Darwin/11.3.0 (x86_64) (MacBookPro8%2C1)"
98.180.220.78 - - [01/Apr/2012:17:15:32 -0700] "GET / HTTP/1.1" 200 1430 "-" "Caffeinated/1.1.1 CFNetwork/520.3.2 Darwin/11.3.0 (x86_64) (MacBookPro8%2C1)"
98.180.220.78 - - [01/Apr/2012:17:15:32 -0700] "GET /favicon.ico HTTP/1.1" 404 142 "-" "Caffeinated/1.1.1 CFNetwork/520.3.2 Darwin/11.3.0 (x86_64) (MacBookPro8%2C1)"
98.180.220.78 - - [01/Apr/2012:17:16:33 -0700] "GET / HTTP/1.1" 200 1430 "-" "Caffeinated/1.1.1 CFNetwork/520.3.2 Darwin/11.3.0 (x86_64) (MacBookPro8%2C1)"
98.180.220.78 - - [01/Apr/2012:17:16:33 -0700] "GET /favicon.ico HTTP/1.1" 404 142 "-" "Caffeinated/1.1.1 CFNetwork/520.3.2 Darwin/11.3.0 (x86_64) (MacBookPro8%2C1)"
98.180.220.78 - - [01/Apr/2012:17:17:02 -0700] "GET / HTTP/1.1" 200 1430 "-" "Caffeinated/1.1.1 CFNetwork/520.3.2 Darwin/11.3.0 (x86_64) (MacBookPro8%2C1)"
98.180.220.78 - - [01/Apr/2012:17:17:02 -0700] "GET /favicon.ico HTTP/1.1" 404 142 "-" "Caffeinated/1.1.1 CFNetwork/520.3.2 Darwin/11.3.0 (x86_64) (MacBookPro8%2C1)"
207.46.204.220 - - [01/Apr/2012:17:17:18 -0700] "-" 400 0 "-" "-"
207.46.204.220 - - [01/Apr/2012:17:17:30 -0700] "-" 400 0 "-" "-"
207.46.204.220 - - [01/Apr/2012:17:17:32 -0700] "-" 400 0 "-" "-"
207.46.204.220 - - [01/Apr/2012:17:17:37 -0700] "-" 400 0 "-" "-"
207.46.204.220 - - [01/Apr/2012:17:17:37 -0700] "-" 400 0 "-" "-"
207.46.204.220 - - [01/Apr/2012:17:17:37 -0700] "-" 400 0 "-" "-"
207.46.204.220 - - [01/Apr/2012:17:17:38 -0700] "-" 400 0 "-" "-"
207.46.204.220 - - [01/Apr/2012:17:17:39 -0700] "-" 400 0 "-" "-"
207.46.204.220 - - [01/Apr/2012:17:17:39 -0700] "-" 400 0 "-" "-"
207.46.204.220 - - [01/Apr/2012:17:17:41 -0700] "-" 400 0 "-" "-"
98.180.220.78 - - [01/Apr/2012:17:17:57 -0700] "GET / HTTP/1.1" 200 1430 "-" "Caffeinated/1.1.1 CFNetwork/520.3.2 Darwin/11.3.0 (x86_64) (MacBookPro8%2C1)"
98.180.220.78 - - [01/Apr/2012:17:17:58 -0700] "GET /favicon.ico HTTP/1.1" 404 142 "-" "Caffeinated/1.1.1 CFNetwork/520.3.2 Darwin/11.3.0 (x86_64) (MacBookPro8%2C1)"
98.180.220.78 - - [01/Apr/2012:17:18:28 -0700] "GET / HTTP/1.1" 200 1430 "-" "Caffeinated/1.1.1 CFNetwork/520.3.2 Darwin/11.3.0 (x86_64) (MacBookPro8%2C1)"
98.180.220.78 - - [01/Apr/2012:17:18:29 -0700] "GET /favicon.ico HTTP/1.1" 404 142 "-" "Caffeinated/1.1.1 CFNetwork/520.3.2 Darwin/11.3.0 (x86_64) (MacBookPro8%2C1)"
98.180.220.78 - - [01/Apr/2012:17:19:22 -0700] "GET / HTTP/1.1" 200 1430 "-" "Caffeinated/1.1.1 CFNetwork/520.3.2 Darwin/11.3.0 (x86_64) (MacBookPro8%2C1)"
98.180.220.78 - - [01/Apr/2012:17:19:22 -0700] "GET /favicon.ico HTTP/1.1" 404 142 "-" "Caffeinated/1.1.1 CFNetwork/520.3.2 Darwin/11.3.0 (x86_64) (MacBookPro8%2C1)"
98.180.220.78 - - [01/Apr/2012:17:19:57 -0700] "GET / HTTP/1.1" 200 1430 "-" "Caffeinated/1.1.1 CFNetwork/520.3.2 Darwin/11.3.0 (x86_64) (MacBookPro8%2C1)"
98.180.220.78 - - [01/Apr/2012:17:19:57 -0700] "GET /favicon.ico HTTP/1.1" 404 142 "-" "Caffeinated/1.1.1 CFNetwork/520.3.2 Darwin/11.3.0 (x86_64) (MacBookPro8%2C1)"
98.180.220.78 - - [01/Apr/2012:17:20:55 -0700] "GET / HTTP/1.1" 200 1430 "-" "Caffeinated/1.1.1 CFNetwork/520.3.2 Darwin/11.3.0 (x86_64) (MacBookPro8%2C1)"
98.180.220.78 - - [01/Apr/2012:17:20:55 -0700] "GET /favicon.ico HTTP/1.1" 404 142 "-" "Caffeinated/1.1.1 CFNetwork/520.3.2 Darwin/11.3.0 (x86_64) (MacBookPro8%2C1)"
98.180.220.78 - - [01/Apr/2012:17:22:20 -0700] "GET / HTTP/1.1" 200 1430 "-" "Caffeinated/1.1.1 CFNetwork/520.3.2 Darwin/11.3.0 (x86_64) (MacBookPro8%2C1)"
98.180.220.78 - - [01/Apr/2012:17:22:20 -0700] "GET /favicon.ico HTTP/1.1" 404 142 "-" "Caffeinated/1.1.1 CFNetwork/520.3.2 Darwin/11.3.0 (x86_64) (MacBookPro8%2C1)"
98.180.220.78 - - [01/Apr/2012:17:22:31 -0700] "GET / HTTP/1.1" 200 1430 "-" "Caffeinated/1.1.1 CFNetwork/520.3.2 Darwin/11.3.0 (x86_64) (MacBookPro8%2C1)"
98.180.220.78 - - [01/Apr/2012:17:22:31 -0700] "GET /favicon.ico HTTP/1.1" 404 142 "-" "Caffeinated/1.1.1 CFNetwork/520.3.2 Darwin/11.3.0 (x86_64) (MacBookPro8%2C1)"
38.111.126.127 - - [01/Apr/2012:17:22:33 -0700] "GET /r/33y0 HTTP/1.1" 301 257 "-" "Mozilla/5.0 (Windows NT 6.0; rv:11.0) Gecko/20100101 Firefox/11.0"
38.111.126.127 - - [01/Apr/2012:17:22:33 -0700] "GET /s/ta/33y0/ HTTP/1.1" 302 609 "-" "Mozilla/5.0 (Windows NT 6.0; rv:11.0) Gecko/20100101 Firefox/11.0"
209.85.224.88 - - [01/Apr/2012:17:22:55 -0700] "GET /stories/feed HTTP/1.1" 200 13653 "-" "FeedBurner/1.0 (http://www.FeedBurner.com)"
98.180.220.78 - - [01/Apr/2012:17:23:33 -0700] "GET / HTTP/1.1" 200 1430 "-" "Caffeinated/1.1.1 CFNetwork/520.3.2 Darwin/11.3.0 (x86_64) (MacBookPro8%2C1)"
98.180.220.78 - - [01/Apr/2012:17:23:33 -0700] "GET /favicon.ico HTTP/1.1" 404 142 "-" "Caffeinated/1.1.1 CFNetwork/520.3.2 Darwin/11.3.0 (x86_64) (MacBookPro8%2C1)"
59.92.115.58 - - [01/Apr/2012:17:23:50 -0700] "-" 400 0 "-" "-"
59.92.115.58 - - [01/Apr/2012:17:23:50 -0700] "-" 400 0 "-" "-"
59.92.115.58 - - [01/Apr/2012:17:23:50 -0700] "-" 400 0 "-" "-"
59.92.115.58 - - [01/Apr/2012:17:23:50 -0700] "-" 400 0 "-" "-"
59.92.115.58 - - [01/Apr/2012:17:23:50 -0700] "-" 400 0 "-" "-"
98.180.220.78 - - [01/Apr/2012:17:23:56 -0700] "GET / HTTP/1.1" 200 1430 "-" "Caffeinated/1.1.1 CFNetwork/520.3.2 Darwin/11.3.0 (x86_64) (MacBookPro8%2C1)"
98.180.220.78 - - [01/Apr/2012:17:23:56 -0700] "GET /favicon.ico HTTP/1.1" 404 142 "-" "Caffeinated/1.1.1 CFNetwork/520.3.2 Darwin/11.3.0 (x86_64) (MacBookPro8%2C1)"
59.92.115.58 - - [01/Apr/2012:17:24:10 -0700] "-" 400 0 "-" "-"
59.92.115.58 - - [01/Apr/2012:17:24:10 -0700] "-" 400 0 "-" "-"
59.92.115.58 - - [01/Apr/2012:17:24:10 -0700] "-" 400 0 "-" "-"
59.92.115.58 - - [01/Apr/2012:17:24:10 -0700] "-" 400 0 "-" "-"
87.163.152.42 - - [01/Apr/2012:17:24:49 -0700] "GET /r/ad0 HTTP/1.1" 301 255 "http://inaippu.blog.com/" "Mozilla/5.0 (Windows NT 6.1; WOW64; rv:11.0) Gecko/20100101 Firefox/11.0"
87.163.152.42 - - [01/Apr/2012:17:24:49 -0700] "GET /s/ta/ad0/ HTTP/1.1" 302 741 "http://inaippu.blog.com/" "Mozilla/5.0 (Windows NT 6.1; WOW64; rv:11.0) Gecko/20100101 Firefox/11.0"
98.180.220.78 - - [01/Apr/2012:17:24:55 -0700] "GET / HTTP/1.1" 200 1430 "-" "Caffeinated/1.1.1 CFNetwork/520.3.2 Darwin/11.3.0 (x86_64) (MacBookPro8%2C1)"
98.180.220.78 - - [01/Apr/2012:17:24:55 -0700] "GET /favicon.ico HTTP/1.1" 404 142 "-" "Caffeinated/1.1.1 CFNetwork/520.3.2 Darwin/11.3.0 (x86_64) (MacBookPro8%2C1)"
59.92.115.58 - - [01/Apr/2012:17:25:00 -0700] "-" 400 0 "-" "-"
98.180.220.78 - - [01/Apr/2012:17:25:21 -0700] "GET / HTTP/1.1" 200 1430 "-" "Caffeinated/1.1.1 CFNetwork/520.3.2 Darwin/11.3.0 (x86_64) (MacBookPro8%2C1)"
98.180.220.78 - - [01/Apr/2012:17:25:21 -0700] "GET /favicon.ico HTTP/1.1" 404 142 "-" "Caffeinated/1.1.1 CFNetwork/520.3.2 Darwin/11.3.0 (x86_64) (MacBookPro8%2C1)"
98.180.220.78 - - [01/Apr/2012:17:26:16 -0700] "GET / HTTP/1.1" 200 1430 "-" "Caffeinated/1.1.1 CFNetwork/520.3.2 Darwin/11.3.0 (x86_64) (MacBookPro8%2C1)"
98.180.220.78 - - [01/Apr/2012:17:26:16 -0700] "GET /favicon.ico HTTP/1.1" 404 142 "-" "Caffeinated/1.1.1 CFNetwork/520.3.2 Darwin/11.3.0 (x86_64) (MacBookPro8%2C1)"
98.180.220.78 - - [01/Apr/2012:17:28:31 -0700] "GET / HTTP/1.1" 200 1430 "-" "Caffeinated/1.1.1 CFNetwork/520.3.2 Darwin/11.3.0 (x86_64) (MacBookPro8%2C1)"
98.180.220.78 - - [01/Apr/2012:17:28:31 -0700] "GET /favicon.ico HTTP/1.1" 404 142 "-" "Caffeinated/1.1.1 CFNetwork/520.3.2 Darwin/11.3.0 (x86_64) (MacBookPro8%2C1)"
98.180.220.78 - - [01/Apr/2012:17:28:33 -0700] "GET / HTTP/1.1" 200 1430 "-" "Caffeinated/1.1.1 CFNetwork/520.3.2 Darwin/11.3.0 (x86_64) (MacBookPro8%2C1)"
98.180.220.78 - - [01/Apr/2012:17:28:33 -0700] "GET /favicon.ico HTTP/1.1" 404 142 "-" "Caffeinated/1.1.1 CFNetwork/520.3.2 Darwin/11.3.0 (x86_64) (MacBookPro8%2C1)"
98.180.220.78 - - [01/Apr/2012:17:29:10 -0700] "GET / HTTP/1.1" 200 1430 "-" "Caffeinated/1.1.1 CFNetwork/520.3.2 Darwin/11.3.0 (x86_64) (MacBookPro8%2C1)"
98.180.220.78 - - [01/Apr/2012:17:29:10 -0700] "GET /favicon.ico HTTP/1.1" 404 142 "-" "Caffeinated/1.1.1 CFNetwork/520.3.2 Darwin/11.3.0 (x86_64) (MacBookPro8%2C1)"
98.180.220.78 - - [01/Apr/2012:17:30:09 -0700] "GET / HTTP/1.1" 200 1430 "-" "Caffeinated/1.1.1 CFNetwork/520.3.2 Darwin/11.3.0 (x86_64) (MacBookPro8%2C1)"
98.180.220.78 - - [01/Apr/2012:17:30:09 -0700] "GET /favicon.ico HTTP/1.1" 404 142 "-" "Caffeinated/1.1.1 CFNetwork/520.3.2 Darwin/11.3.0 (x86_64) (MacBookPro8%2C1)"
59.92.115.58 - - [01/Apr/2012:17:30:50 -0700] "-" 400 0 "-" "-"
59.92.115.58 - - [01/Apr/2012:17:30:50 -0700] "-" 400 0 "-" "-"
98.180.220.78 - - [01/Apr/2012:17:30:51 -0700] "GET / HTTP/1.1" 200 1430 "-" "Caffeinated/1.1.1 CFNetwork/520.3.2 Darwin/11.3.0 (x86_64) (MacBookPro8%2C1)"
98.180.220.78 - - [01/Apr/2012:17:30:51 -0700] "GET /favicon.ico HTTP/1.1" 404 142 "-" "Caffeinated/1.1.1 CFNetwork/520.3.2 Darwin/11.3.0 (x86_64) (MacBookPro8%2C1)"
59.92.115.58 - - [01/Apr/2012:17:31:12 -0700] "-" 400 0 "-" "-"
59.92.115.58 - - [01/Apr/2012:17:31:12 -0700] "-" 400 0 "-" "-"
59.92.115.58 - - [01/Apr/2012:17:31:12 -0700] "-" 400 0 "-" "-"
59.92.115.58 - - [01/Apr/2012:17:31:40 -0700] "-" 400 0 "-" "-"
98.180.220.78 - - [01/Apr/2012:17:31:45 -0700] "GET / HTTP/1.1" 200 1430 "-" "Caffeinated/1.1.1 CFNetwork/520.3.2 Darwin/11.3.0 (x86_64) (MacBookPro8%2C1)"
98.180.220.78 - - [01/Apr/2012:17:31:45 -0700] "GET /favicon.ico HTTP/1.1" 404 142 "-" "Caffeinated/1.1.1 CFNetwork/520.3.2 Darwin/11.3.0 (x86_64) (MacBookPro8%2C1)"
85.17.88.169 - - [01/Apr/2012:17:32:07 -0700] "POST /blog/wp-cron.php?doing_wp_cron=1333326473 HTTP/1.0" 499 0 "-" "WordPress/3.3.1; http://yuvi.in/blog"
209.85.224.83 - - [01/Apr/2012:17:32:07 -0700] "GET /blog/feed HTTP/1.1" 304 0 "-" "FeedBurner/1.0 (http://www.FeedBurner.com)"
59.92.115.58 - - [01/Apr/2012:17:32:10 -0700] "-" 400 0 "-" "-"
59.92.115.58 - - [01/Apr/2012:17:32:10 -0700] "-" 400 0 "-" "-"
59.92.115.58 - - [01/Apr/2012:17:32:10 -0700] "-" 400 0 "-" "-"
98.180.220.78 - - [01/Apr/2012:17:32:28 -0700] "GET / HTTP/1.1" 200 1430 "-" "Caffeinated/1.1.1 CFNetwork/520.3.2 Darwin/11.3.0 (x86_64) (MacBookPro8%2C1)"
98.180.220.78 - - [01/Apr/2012:17:32:28 -0700] "GET /favicon.ico HTTP/1.1" 404 142 "-" "Caffeinated/1.1.1 CFNetwork/520.3.2 Darwin/11.3.0 (x86_64) (MacBookPro8%2C1)"
98.180.220.78 - - [01/Apr/2012:17:33:16 -0700] "GET / HTTP/1.1" 200 1430 "-" "Caffeinated/1.1.1 CFNetwork/520.3.2 Darwin/11.3.0 (x86_64) (MacBookPro8%2C1)"
98.180.220.78 - - [01/Apr/2012:17:33:16 -0700] "GET /favicon.ico HTTP/1.1" 404 142 "-" "Caffeinated/1.1.1 CFNetwork/520.3.2 Darwin/11.3.0 (x86_64) (MacBookPro8%2C1)"
67.215.230.27 - - [01/Apr/2012:17:33:54 -0700] "GET /robots.txt HTTP/1.0" 404 169 "-" "Setooz/Nutch-1.2 (http://www.setooz.com)"
67.215.230.27 - - [01/Apr/2012:17:33:54 -0700] "GET /stories HTTP/1.0" 301 185 "-" "Setooz/Nutch-1.2 (http://www.setooz.com)"
67.215.230.27 - - [01/Apr/2012:17:33:57 -0700] "GET /robots.txt HTTP/1.0" 404 169 "-" "Setooz/Nutch-1.2 (http://www.setooz.com)"
67.215.230.27 - - [01/Apr/2012:17:33:57 -0700] "GET / HTTP/1.0" 200 3439 "-" "Setooz/Nutch-1.2 (http://www.setooz.com)"
98.180.220.78 - - [01/Apr/2012:17:33:58 -0700] "GET / HTTP/1.1" 200 1430 "-" "Caffeinated/1.1.1 CFNetwork/520.3.2 Darwin/11.3.0 (x86_64) (MacBookPro8%2C1)"
98.180.220.78 - - [01/Apr/2012:17:33:58 -0700] "GET /favicon.ico HTTP/1.1" 404 142 "-" "Caffeinated/1.1.1 CFNetwork/520.3.2 Darwin/11.3.0 (x86_64) (MacBookPro8%2C1)"
59.92.115.58 - - [01/Apr/2012:17:34:20 -0700] "-" 400 0 "-" "-"
59.92.115.58 - - [01/Apr/2012:17:34:20 -0700] "-" 400 0 "-" "-"
59.92.115.58 - - [01/Apr/2012:17:34:20 -0700] "-" 400 0 "-" "-"
59.92.115.58 - - [01/Apr/2012:17:34:20 -0700] "-" 400 0 "-" "-"
98.180.220.78 - - [01/Apr/2012:17:34:40 -0700] "GET / HTTP/1.1" 200 1430 "-" "Caffeinated/1.1.1 CFNetwork/520.3.2 Darwin/11.3.0 (x86_64) (MacBookPro8%2C1)"
98.180.220.78 - - [01/Apr/2012:17:34:41 -0700] "GET /favicon.ico HTTP/1.1" 404 142 "-" "Caffeinated/1.1.1 CFNetwork/520.3.2 Darwin/11.3.0 (x86_64) (MacBookPro8%2C1)"
