78.143.142.168 - - [19/Mar/2012:14:03:12 -0700] "GET /POSM/img/mapmode.png HTTP/1.1" 200 1168 "http://yuvi.in/POSM/" "Mozilla/5.0 (iPad; CPU OS 5_1 like Mac OS X) AppleWebKit/534.46 (KHTML, like Gecko) Version/5.1 Mobile/9B176 Safari/7534.48.3"
78.143.142.168 - - [19/Mar/2012:14:03:12 -0700] "GET /POSM/img/back.png HTTP/1.1" 200 420 "http://yuvi.in/POSM/" "Mozilla/5.0 (iPad; CPU OS 5_1 like Mac OS X) AppleWebKit/534.46 (KHTML, like Gecko) Version/5.1 Mobile/9B176 Safari/7534.48.3"
78.143.142.168 - - [19/Mar/2012:14:03:12 -0700] "GET /POSM/lib/jquery-1.7.1.min.js HTTP/1.1" 200 93868 "http://yuvi.in/POSM/" "Mozilla/5.0 (iPad; CPU OS 5_1 like Mac OS X) AppleWebKit/534.46 (KHTML, like Gecko) Version/5.1 Mobile/9B176 Safari/7534.48.3"
78.143.142.168 - - [19/Mar/2012:14:03:12 -0700] "GET /POSM/img/refresh.png HTTP/1.1" 200 868 "http://yuvi.in/POSM/" "Mozilla/5.0 (iPad; CPU OS 5_1 like Mac OS X) AppleWebKit/534.46 (KHTML, like Gecko) Version/5.1 Mobile/9B176 Safari/7534.48.3"
78.143.142.168 - - [19/Mar/2012:14:03:12 -0700] "GET /POSM/img/mylocation.png HTTP/1.1" 200 803 "http://yuvi.in/POSM/" "Mozilla/5.0 (iPad; CPU OS 5_1 like Mac OS X) AppleWebKit/534.46 (KHTML, like Gecko) Version/5.1 Mobile/9B176 Safari/7534.48.3"
78.143.142.168 - - [19/Mar/2012:14:03:12 -0700] "GET /POSM/img/preferences.png HTTP/1.1" 200 748 "http://yuvi.in/POSM/" "Mozilla/5.0 (iPad; CPU OS 5_1 like Mac OS X) AppleWebKit/534.46 (KHTML, like Gecko) Version/5.1 Mobile/9B176 Safari/7534.48.3"
78.143.142.168 - - [19/Mar/2012:14:03:12 -0700] "GET /POSM/img/save.png HTTP/1.1" 404 142 "http://yuvi.in/POSM/" "Mozilla/5.0 (iPad; CPU OS 5_1 like Mac OS X) AppleWebKit/534.46 (KHTML, like Gecko) Version/5.1 Mobile/9B176 Safari/7534.48.3"
78.143.142.168 - - [19/Mar/2012:14:03:12 -0700] "GET /POSM/lib/leaflet/leaflet-src.js HTTP/1.1" 200 133300 "http://yuvi.in/POSM/" "Mozilla/5.0 (iPad; CPU OS 5_1 like Mac OS X) AppleWebKit/534.46 (KHTML, like Gecko) Version/5.1 Mobile/9B176 Safari/7534.48.3"
78.143.142.168 - - [19/Mar/2012:14:03:13 -0700] "GET /POSM/lib/jquery.mobile-1.0.1.js HTTP/1.1" 200 221124 "http://yuvi.in/POSM/" "Mozilla/5.0 (iPad; CPU OS 5_1 like Mac OS X) AppleWebKit/534.46 (KHTML, like Gecko) Version/5.1 Mobile/9B176 Safari/7534.48.3"
78.143.142.168 - - [19/Mar/2012:14:03:15 -0700] "GET /POSM/img/save.png HTTP/1.1" 404 142 "http://yuvi.in/POSM/" "Mozilla/5.0 (iPad; CPU OS 5_1 like Mac OS X) AppleWebKit/534.46 (KHTML, like Gecko) Version/5.1 Mobile/9B176 Safari/7534.48.3"
78.143.142.168 - - [19/Mar/2012:14:03:32 -0700] "GET /overpass?data=%0A++++%0A++++++++node(53.44973010228627%2C+-6.444634795188904%2C+53.45068848956119%2C+-6.439141631126403)%3B%0A++++%0A++++out+meta%3B%0A HTTP/1.1" 200 14319 "http://yuvi.in/POSM/" "Mozilla/5.0 (iPad; CPU OS 5_1 like Mac OS X) AppleWebKit/534.46 (KHTML, like Gecko) Version/5.1 Mobile/9B176 Safari/7534.48.3"
78.143.142.168 - - [19/Mar/2012:14:03:32 -0700] "GET /overpass?data=%0A++++%0A++++++++node(53.44973010228627%2C+-6.444634795188904%2C+53.45068848956119%2C+-6.439141631126403)%3B%0A++++%0A++++out+meta%3B%0A HTTP/1.1" 200 14312 "http://yuvi.in/POSM/" "Mozilla/5.0 (iPad; CPU OS 5_1 like Mac OS X) AppleWebKit/534.46 (KHTML, like Gecko) Version/5.1 Mobile/9B176 Safari/7534.48.3"
78.147.159.109 - - [19/Mar/2012:14:06:48 -0700] "GET /r/23z HTTP/1.1" 301 255 "-" "Mozilla/5.0 (iPhone; CPU iPhone OS 5_0_1 like Mac OS X) AppleWebKit/534.46 (KHTML, like Gecko) Mobile/9A405"
217.218.62.143 - - [19/Mar/2012:14:07:08 -0700] "GET /robots.txt HTTP/1.0" 404 169 "-" "Kavande Crawler 1.0/Nutch-1.4 ("
85.17.88.169 - - [19/Mar/2012:14:07:10 -0700] "POST /blog/wp-cron.php?doing_wp_cron=1332191081 HTTP/1.0" 499 0 "-" "WordPress/3.3.1; http://yuvi.in/blog"
217.218.62.143 - - [19/Mar/2012:14:07:15 -0700] "GET /blog/ HTTP/1.0" 200 33019 "-" "Kavande Crawler 1.0/Nutch-1.4 ("
62.24.252.133 - - [19/Mar/2012:14:07:20 -0700] "GET /robots.txt HTTP/1.0" 404 238 "http://tawp.in/robots.txt" "Mozilla/4.0 (compatible; MSIE 8.0; Windows NT 5.1; Trident/4.0; .NET CLR 2.0.50727; .NET CLR 3.0.04506.648; .NET CLR 3.5.21022; .NET CLR 3.0.4506.2152; .NET CLR 3.5.30729; InfoPath.2)"
62.24.252.133 - - [19/Mar/2012:14:07:20 -0700] "GET /r/23z HTTP/1.0" 301 255 "http://tawp.in/r/23z" "Mozilla/4.0 (compatible; MSIE 8.0; Windows NT 5.1; Trident/4.0; .NET CLR 2.0.50727; .NET CLR 3.0.04506.648; .NET CLR 3.5.21022; .NET CLR 3.0.4506.2152; .NET CLR 3.5.30729; InfoPath.2)"
85.17.88.169 - - [19/Mar/2012:14:08:37 -0700] "POST /blog/wp-cron.php?doing_wp_cron=1332191168 HTTP/1.0" 499 0 "-" "WordPress/3.3.1; http://yuvi.in/blog"
180.76.6.233 - - [19/Mar/2012:14:08:37 -0700] "GET /blog/tag/athiesm/feed/ HTTP/1.1" 200 4427 "-" "Mozilla/5.0 (compatible; Baiduspider/2.0; +http://www.baidu.com/search/spider.html)"
208.115.113.84 - - [19/Mar/2012:14:13:27 -0700] "GET /blog/enthusiastic-teachers-and-naive-implementation-of-gauss-seidel-approximations.html HTTP/1.1" 200 6947 "-" "Mozilla/5.0 (compatible; Ezooms/1.0; ezooms.bot@gmail.com)"
85.17.88.169 - - [19/Mar/2012:14:13:52 -0700] "POST /blog/wp-cron.php?doing_wp_cron=1332191484 HTTP/1.0" 499 0 "-" "WordPress/3.3.1; http://yuvi.in/blog"
97.117.96.3 - - [19/Mar/2012:14:13:53 -0700] "GET /blog/favicon.ico HTTP/1.1" 404 3016 "-" "Mozilla/5.0 (Windows NT 5.1; rv:11.0) Gecko/20100101 Firefox/11.0"
85.17.88.169 - - [19/Mar/2012:14:17:00 -0700] "POST /blog/wp-cron.php?doing_wp_cron=1332191671 HTTP/1.0" 499 0 "-" "WordPress/3.3.1; http://yuvi.in/blog"
207.46.204.188 - - [19/Mar/2012:14:17:01 -0700] "GET /blog/2010/07/ HTTP/1.1" 200 9215 "-" "Mozilla/5.0 (compatible; bingbot/2.0; +http://www.bing.com/bingbot.htm)"
85.17.88.169 - - [19/Mar/2012:14:17:52 -0700] "POST /blog/wp-cron.php?doing_wp_cron=1332191723 HTTP/1.0" 499 0 "-" "WordPress/3.3.1; http://yuvi.in/blog"
188.80.169.113 - - [19/Mar/2012:14:17:52 -0700] "GET /blog/program/ HTTP/1.1" 200 27150 "-" "Mozilla/5.0 (compatible; Googlebot/2.1; +http://www.google.com/bot.html)"
209.85.224.87 - - [19/Mar/2012:14:22:24 -0700] "GET /stories/feed HTTP/1.1" 200 13653 "-" "FeedBurner/1.0 (http://www.FeedBurner.com)"
207.46.12.69 - - [19/Mar/2012:14:25:01 -0700] "-" 400 0 "-" "-"
207.46.12.69 - - [19/Mar/2012:14:25:01 -0700] "-" 400 0 "-" "-"
207.46.12.69 - - [19/Mar/2012:14:25:02 -0700] "-" 400 0 "-" "-"
207.46.12.69 - - [19/Mar/2012:14:25:02 -0700] "-" 400 0 "-" "-"
207.46.12.69 - - [19/Mar/2012:14:25:02 -0700] "-" 400 0 "-" "-"
207.46.12.69 - - [19/Mar/2012:14:25:03 -0700] "-" 400 0 "-" "-"
207.46.12.69 - - [19/Mar/2012:14:25:03 -0700] "-" 400 0 "-" "-"
207.46.12.69 - - [19/Mar/2012:14:25:03 -0700] "-" 400 0 "-" "-"
207.46.12.69 - - [19/Mar/2012:14:25:34 -0700] "-" 400 0 "-" "-"
207.46.12.69 - - [19/Mar/2012:14:25:34 -0700] "-" 400 0 "-" "-"
207.46.12.69 - - [19/Mar/2012:14:25:35 -0700] "-" 400 0 "-" "-"
85.17.88.169 - - [19/Mar/2012:14:25:39 -0700] "POST /blog/wp-cron.php?doing_wp_cron=1332192190 HTTP/1.0" 499 0 "-" "WordPress/3.3.1; http://yuvi.in/blog"
209.85.238.115 - - [19/Mar/2012:14:25:39 -0700] "GET /blog/feed HTTP/1.1" 301 0 "-" "Feedfetcher-Google; (+http://www.google.com/feedfetcher.html; 3 subscribers; feed-id=17684830852112633560)"
85.17.88.169 - - [19/Mar/2012:14:25:41 -0700] "POST /blog/wp-cron.php?doing_wp_cron=1332192192 HTTP/1.0" 499 0 "-" "WordPress/3.3.1; http://yuvi.in/blog"
209.85.238.115 - - [19/Mar/2012:14:25:41 -0700] "GET /blog/feed/ HTTP/1.1" 304 0 "-" "Feedfetcher-Google; (+http://www.google.com/feedfetcher.html; 3 subscribers; feed-id=17684830852112633560)"
216.240.136.96 - - [19/Mar/2012:14:27:52 -0700] "GET / HTTP/1.1" 200 3439 "-" "Mozilla/5.0 (Windows; U; Windows NT 6.0; en-US; rv:1.9.1.2) Gecko/20090729 Firefox/3.5.2 (.NET CLR 3.5.30729)"
82.244.72.162 - - [19/Mar/2012:14:30:07 -0700] "GET / HTTP/1.1" 404 211 "-" "Mozilla/5.0 (iPad; U; CPU OS 3_2_2 like Mac OS X; fr-fr) AppleWebKit/531.21.10 (KHTML, like Gecko) Version/4.0.4 Mobile/7B500 Safari/531.21.10"
85.17.88.169 - - [19/Mar/2012:14:30:39 -0700] "POST /blog/wp-cron.php?doing_wp_cron=1332192491 HTTP/1.0" 499 0 "-" "WordPress/3.3.1; http://yuvi.in/blog"
209.85.224.91 - - [19/Mar/2012:14:30:40 -0700] "GET /blog/feed HTTP/1.1" 304 0 "-" "FeedBurner/1.0 (http://www.FeedBurner.com)"
80.40.134.120 - - [19/Mar/2012:14:31:14 -0700] "GET /robots.txt HTTP/1.0" 404 238 "http://tawp.in/robots.txt" "Mozilla/4.0 (compatible; MSIE 8.0; Windows NT 5.1; Trident/4.0; .NET CLR 2.0.50727; .NET CLR 3.0.04506.648; .NET CLR 3.5.21022; .NET CLR 3.0.4506.2152; .NET CLR 3.5.30729; InfoPath.2)"
80.40.134.120 - - [19/Mar/2012:14:31:16 -0700] "GET /r/vw8 HTTP/1.0" 301 255 "http://tawp.in/r/vw8" "Mozilla/4.0 (compatible; MSIE 8.0; Windows NT 5.1; Trident/4.0; .NET CLR 2.0.50727; .NET CLR 3.0.04506.648; .NET CLR 3.5.21022; .NET CLR 3.0.4506.2152; .NET CLR 3.5.30729; InfoPath.2)"
80.40.134.120 - - [19/Mar/2012:14:31:22 -0700] "GET /s/ta/vw8/ HTTP/1.0" 302 499 "http://tawp.in/s/ta/vw8/" "Mozilla/4.0 (compatible; MSIE 8.0; Windows NT 5.1; Trident/4.0; .NET CLR 2.0.50727; .NET CLR 3.0.04506.648; .NET CLR 3.5.21022; .NET CLR 3.0.4506.2152; .NET CLR 3.5.30729; InfoPath.2)"
207.46.204.170 - - [19/Mar/2012:14:32:04 -0700] "-" 400 0 "-" "-"
207.46.204.170 - - [19/Mar/2012:14:32:05 -0700] "-" 400 0 "-" "-"
207.46.204.170 - - [19/Mar/2012:14:32:06 -0700] "-" 400 0 "-" "-"
207.46.204.170 - - [19/Mar/2012:14:32:06 -0700] "-" 400 0 "-" "-"
207.46.204.170 - - [19/Mar/2012:14:32:06 -0700] "-" 400 0 "-" "-"
207.46.204.170 - - [19/Mar/2012:14:32:06 -0700] "-" 400 0 "-" "-"
207.46.204.170 - - [19/Mar/2012:14:32:06 -0700] "-" 400 0 "-" "-"
207.46.204.170 - - [19/Mar/2012:14:32:06 -0700] "-" 400 0 "-" "-"
207.46.204.170 - - [19/Mar/2012:14:32:06 -0700] "-" 400 0 "-" "-"
207.46.204.170 - - [19/Mar/2012:14:32:06 -0700] "-" 400 0 "-" "-"
85.17.88.169 - - [19/Mar/2012:14:34:11 -0700] "POST /blog/wp-cron.php?doing_wp_cron=1332192702 HTTP/1.0" 499 0 "-" "WordPress/3.3.1; http://yuvi.in/blog"
180.76.5.111 - - [19/Mar/2012:14:34:12 -0700] "GET /blog/tag/answers/feed/ HTTP/1.1" 200 4427 "-" "Mozilla/5.0 (compatible; Baiduspider/2.0; +http://www.baidu.com/search/spider.html)"
80.40.134.120 - - [19/Mar/2012:14:35:57 -0700] "GET /s/ta/vw8/ HTTP/1.0" 302 499 "http://tawp.in/s/ta/vw8/" "Mozilla/4.0 (compatible; MSIE 8.0; Windows NT 5.1; Trident/4.0; .NET CLR 2.0.50727; .NET CLR 3.0.04506.648; .NET CLR 3.5.21022; .NET CLR 3.0.4506.2152; .NET CLR 3.5.30729; InfoPath.2)"
124.115.4.194 - - [19/Mar/2012:14:44:04 -0700] "GET / HTTP/1.1" 304 0 "-" "Sosospider+(+http://help.soso.com/webspider.htm)"
50.19.25.234 - - [19/Mar/2012:14:45:30 -0700] "GET /robots.txt HTTP/1.1" 404 142 "-" "Mozilla/5.0 (Macintosh; U; Intel Mac OS X 10.6; en-US; rv:1.9.2) Gecko/20100115 Firefox/3.6 (FlipboardProxy/1.1; +http://flipboard.com/browserproxy)"
85.17.88.169 - - [19/Mar/2012:14:45:33 -0700] "POST /blog/wp-cron.php?doing_wp_cron=1332193384 HTTP/1.0" 499 0 "-" "WordPress/3.3.1; http://yuvi.in/blog"
50.19.25.234 - - [19/Mar/2012:14:45:33 -0700] "GET /blog/programmer-run-code-head/ HTTP/1.1" 200 4822 "-" "Mozilla/5.0 (Macintosh; U; Intel Mac OS X 10.6; en-US; rv:1.9.2) Gecko/20100115 Firefox/3.6 (FlipboardProxy/1.1; +http://flipboard.com/browserproxy)"
67.202.20.209 - - [19/Mar/2012:14:45:34 -0700] "GET /robots.txt HTTP/1.1" 404 169 "-" "Mozilla/5.0 (Macintosh; U; Intel Mac OS X 10.6; en-US; rv:1.9.2) Gecko/20100115 Firefox/3.6 (FlipboardProxy/0.0.5; +http://flipboard.com/browserproxy)"
74.125.17.81 - - [19/Mar/2012:14:46:40 -0700] "GET /favicon.ico HTTP/1.1" 404 142 "-" "-"
207.46.204.171 - - [19/Mar/2012:14:47:17 -0700] "-" 400 0 "-" "-"
207.46.204.171 - - [19/Mar/2012:14:47:23 -0700] "-" 400 0 "-" "-"
207.46.204.171 - - [19/Mar/2012:14:47:24 -0700] "-" 400 0 "-" "-"
207.46.204.171 - - [19/Mar/2012:14:47:24 -0700] "-" 400 0 "-" "-"
207.46.204.171 - - [19/Mar/2012:14:47:25 -0700] "-" 400 0 "-" "-"
207.46.204.171 - - [19/Mar/2012:14:47:28 -0700] "-" 400 0 "-" "-"
207.46.204.171 - - [19/Mar/2012:14:47:28 -0700] "-" 400 0 "-" "-"
207.46.204.171 - - [19/Mar/2012:14:47:29 -0700] "-" 400 0 "-" "-"
207.46.204.171 - - [19/Mar/2012:14:47:32 -0700] "-" 400 0 "-" "-"
207.46.204.171 - - [19/Mar/2012:14:47:32 -0700] "-" 400 0 "-" "-"
85.17.88.169 - - [19/Mar/2012:14:49:11 -0700] "POST /blog/wp-cron.php?doing_wp_cron=1332193603 HTTP/1.0" 499 0 "-" "WordPress/3.3.1; http://yuvi.in/blog"
66.249.67.123 - - [19/Mar/2012:14:49:12 -0700] "GET /blog/2011/08/23/ HTTP/1.1" 200 5463 "-" "Mozilla/5.0 (compatible; Googlebot/2.1; +http://www.google.com/bot.html)"
85.17.88.169 - - [19/Mar/2012:14:50:16 -0700] "POST /blog/wp-cron.php?doing_wp_cron=1332193667 HTTP/1.0" 499 0 "-" "WordPress/3.3.1; http://yuvi.in/blog"
65.52.109.152 - - [19/Mar/2012:14:50:16 -0700] "GET /blog/2010/08/ HTTP/1.1" 200 5931 "-" "Mozilla/5.0 (compatible; bingbot/2.0; +http://www.bing.com/bingbot.htm)"
85.17.88.169 - - [19/Mar/2012:14:50:30 -0700] "POST /blog/wp-cron.php?doing_wp_cron=1332193681 HTTP/1.0" 499 0 "-" "WordPress/3.3.1; http://yuvi.in/blog"
209.85.238.115 - - [19/Mar/2012:14:50:30 -0700] "GET /blog/feed/ HTTP/1.1" 304 0 "-" "Feedfetcher-Google; (+http://www.google.com/feedfetcher.html; 19 subscribers; feed-id=15064232456473204253)"
85.17.88.169 - - [19/Mar/2012:14:54:30 -0700] "POST /blog/wp-cron.php?doing_wp_cron=1332193921 HTTP/1.0" 499 0 "-" "WordPress/3.3.1; http://yuvi.in/blog"
101.226.33.189 - - [19/Mar/2012:14:54:30 -0700] "GET /blog/feed HTTP/1.0" 304 0 "-" "Mozilla/4.0 (compatible; Windows;)"
124.115.6.10 - - [19/Mar/2012:14:56:22 -0700] "GET /robots.txt HTTP/1.1" 404 142 "-" "Sosospider+(+http://help.soso.com/webspider.htm)"
85.17.88.169 - - [19/Mar/2012:15:00:43 -0700] "POST /blog/wp-cron.php?doing_wp_cron=1332194293 HTTP/1.0" 499 0 "-" "WordPress/3.3.1; http://yuvi.in/blog"
209.85.224.90 - - [19/Mar/2012:15:00:43 -0700] "GET /blog/feed HTTP/1.1" 304 0 "-" "FeedBurner/1.0 (http://www.FeedBurner.com)"
85.17.88.169 - - [19/Mar/2012:15:04:15 -0700] "POST /blog/wp-cron.php?doing_wp_cron=1332194506 HTTP/1.0" 499 0 "-" "WordPress/3.3.1; http://yuvi.in/blog"
66.249.67.123 - - [19/Mar/2012:15:04:15 -0700] "GET /blog/category/education/page/2/ HTTP/1.1" 200 4086 "-" "Mozilla/5.0 (compatible; Googlebot/2.1; +http://www.google.com/bot.html)"
85.17.88.169 - - [19/Mar/2012:15:05:58 -0700] "POST /blog/wp-cron.php?doing_wp_cron=1332194609 HTTP/1.0" 499 0 "-" "WordPress/3.3.1; http://yuvi.in/blog"
180.76.5.66 - - [19/Mar/2012:15:05:59 -0700] "GET /blog/?p=109 HTTP/1.1" 301 0 "-" "Mozilla/5.0 (compatible; Baiduspider/2.0; +http://www.baidu.com/search/spider.html)"
85.17.88.169 - - [19/Mar/2012:15:06:01 -0700] "POST /blog/wp-cron.php?doing_wp_cron=1332194612 HTTP/1.0" 499 0 "-" "WordPress/3.3.1; http://yuvi.in/blog"
180.76.6.233 - - [19/Mar/2012:15:06:01 -0700] "GET /blog/my-new-canon-550d-from-flipkart/ HTTP/1.1" 200 5294 "-" "Mozilla/5.0 (compatible; Baiduspider/2.0; +http://www.baidu.com/search/spider.html)"
85.17.88.169 - - [19/Mar/2012:15:07:40 -0700] "POST /blog/wp-cron.php?doing_wp_cron=1332194711 HTTP/1.0" 499 0 "-" "WordPress/3.3.1; http://yuvi.in/blog"
208.115.111.68 - - [19/Mar/2012:15:07:41 -0700] "GET /blog/2011/11/ HTTP/1.1" 200 15949 "-" "Mozilla/5.0 (compatible; Ezooms/1.0; ezooms.bot@gmail.com)"
85.17.88.169 - - [19/Mar/2012:15:07:46 -0700] "POST /blog/wp-cron.php?doing_wp_cron=1332194717 HTTP/1.0" 499 0 "-" "WordPress/3.3.1; http://yuvi.in/blog"
208.115.111.68 - - [19/Mar/2012:15:07:47 -0700] "GET /blog/3-reasons-people-join-it-companies/feed/ HTTP/1.1" 200 4958 "-" "Mozilla/5.0 (compatible; Ezooms/1.0; ezooms.bot@gmail.com)"
85.17.88.169 - - [19/Mar/2012:15:07:56 -0700] "POST /blog/wp-cron.php?doing_wp_cron=1332194727 HTTP/1.0" 499 0 "-" "WordPress/3.3.1; http://yuvi.in/blog"
208.115.111.68 - - [19/Mar/2012:15:07:57 -0700] "GET /blog/devlog-april-2011/ HTTP/1.1" 200 23481 "-" "Mozilla/5.0 (compatible; Ezooms/1.0; ezooms.bot@gmail.com)"
199.87.252.146 - - [19/Mar/2012:15:09:36 -0700] "GET /robots.txt HTTP/1.1" 404 142 "-" "Mozilla/5.0 (compatible; ScoutJet; +http://www.scoutjet.com/)"
199.87.252.146 - - [19/Mar/2012:15:09:38 -0700] "GET /stories/hopeless-romantic.html HTTP/1.1" 200 2031 "-" "Mozilla/5.0 (compatible; ScoutJet; +http://www.scoutjet.com/)"
199.87.252.146 - - [19/Mar/2012:15:09:39 -0700] "GET /favicon.ico HTTP/1.1" 404 142 "-" "Mozilla/5.0 (compatible; ScoutJet; +http://www.scoutjet.com/)"
199.87.252.146 - - [19/Mar/2012:15:10:15 -0700] "GET / HTTP/1.1" 200 1430 "-" "Mozilla/5.0 (compatible; ScoutJet; +http://www.scoutjet.com/)"
85.17.88.169 - - [19/Mar/2012:15:10:42 -0700] "POST /blog/wp-cron.php?doing_wp_cron=1332194893 HTTP/1.0" 499 0 "-" "WordPress/3.3.1; http://yuvi.in/blog"
199.87.252.146 - - [19/Mar/2012:15:10:42 -0700] "GET /blog/my-vimrc/ HTTP/1.1" 200 4115 "-" "Mozilla/5.0 (compatible; ScoutJet; +http://www.scoutjet.com/)"
78.143.142.168 - - [19/Mar/2012:15:12:07 -0700] "GET /POSM/ HTTP/1.1" 200 1963 "-" "Mozilla/5.0 (iPad; CPU OS 5_1 like Mac OS X) AppleWebKit/534.46 (KHTML, like Gecko) Version/5.1 Mobile/9B176 Safari/7534.48.3"
78.143.142.168 - - [19/Mar/2012:15:12:10 -0700] "GET /POSM/creds.js HTTP/1.1" 200 89 "http://yuvi.in/POSM/" "Mozilla/5.0 (iPad; CPU OS 5_1 like Mac OS X) AppleWebKit/534.46 (KHTML, like Gecko) Version/5.1 Mobile/9B176 Safari/7534.48.3"
78.143.142.168 - - [19/Mar/2012:15:12:10 -0700] "GET /POSM/style.css HTTP/1.1" 200 1349 "http://yuvi.in/POSM/" "Mozilla/5.0 (iPad; CPU OS 5_1 like Mac OS X) AppleWebKit/534.46 (KHTML, like Gecko) Version/5.1 Mobile/9B176 Safari/7534.48.3"
78.143.142.168 - - [19/Mar/2012:15:12:10 -0700] "GET /POSM/lib/leaflet/leaflet.css HTTP/1.1" 200 6437 "http://yuvi.in/POSM/" "Mozilla/5.0 (iPad; CPU OS 5_1 like Mac OS X) AppleWebKit/534.46 (KHTML, like Gecko) Version/5.1 Mobile/9B176 Safari/7534.48.3"
78.143.142.168 - - [19/Mar/2012:15:12:10 -0700] "GET /POSM/lib/templates.js HTTP/1.1" 200 426 "http://yuvi.in/POSM/" "Mozilla/5.0 (iPad; CPU OS 5_1 like Mac OS X) AppleWebKit/534.46 (KHTML, like Gecko) Version/5.1 Mobile/9B176 Safari/7534.48.3"
78.143.142.168 - - [19/Mar/2012:15:12:10 -0700] "GET /POSM/js/tapbar.js HTTP/1.1" 200 881 "http://yuvi.in/POSM/" "Mozilla/5.0 (iPad; CPU OS 5_1 like Mac OS X) AppleWebKit/534.46 (KHTML, like Gecko) Version/5.1 Mobile/9B176 Safari/7534.48.3"
78.143.142.168 - - [19/Mar/2012:15:12:10 -0700] "GET /POSM/lib/jquery.timeago.js HTTP/1.1" 200 4491 "http://yuvi.in/POSM/" "Mozilla/5.0 (iPad; CPU OS 5_1 like Mac OS X) AppleWebKit/534.46 (KHTML, like Gecko) Version/5.1 Mobile/9B176 Safari/7534.48.3"
78.143.142.168 - - [19/Mar/2012:15:12:10 -0700] "GET /POSM/lib/jquery.mobile.structure-1.0.1.css HTTP/1.1" 200 32452 "http://yuvi.in/POSM/" "Mozilla/5.0 (iPad; CPU OS 5_1 like Mac OS X) AppleWebKit/534.46 (KHTML, like Gecko) Version/5.1 Mobile/9B176 Safari/7534.48.3"
78.143.142.168 - - [19/Mar/2012:15:12:11 -0700] "GET /POSM/js/poi.js HTTP/1.1" 200 2031 "http://yuvi.in/POSM/" "Mozilla/5.0 (iPad; CPU OS 5_1 like Mac OS X) AppleWebKit/534.46 (KHTML, like Gecko) Version/5.1 Mobile/9B176 Safari/7534.48.3"
78.143.142.168 - - [19/Mar/2012:15:12:11 -0700] "GET /POSM/js/curpos.js HTTP/1.1" 200 1793 "http://yuvi.in/POSM/" "Mozilla/5.0 (iPad; CPU OS 5_1 like Mac OS X) AppleWebKit/534.46 (KHTML, like Gecko) Version/5.1 Mobile/9B176 Safari/7534.48.3"
78.143.142.168 - - [19/Mar/2012:15:12:11 -0700] "GET /POSM/js/changesets.js HTTP/1.1" 200 1226 "http://yuvi.in/POSM/" "Mozilla/5.0 (iPad; CPU OS 5_1 like Mac OS X) AppleWebKit/534.46 (KHTML, like Gecko) Version/5.1 Mobile/9B176 Safari/7534.48.3"
78.143.142.168 - - [19/Mar/2012:15:12:11 -0700] "GET /POSM/lib/TileLayer.Bing.js HTTP/1.1" 200 5317 "http://yuvi.in/POSM/" "Mozilla/5.0 (iPad; CPU OS 5_1 like Mac OS X) AppleWebKit/534.46 (KHTML, like Gecko) Version/5.1 Mobile/9B176 Safari/7534.48.3"
78.143.142.168 - - [19/Mar/2012:15:12:11 -0700] "GET /POSM/zoomData.js HTTP/1.1" 200 1573 "http://yuvi.in/POSM/" "Mozilla/5.0 (iPad; CPU OS 5_1 like Mac OS X) AppleWebKit/534.46 (KHTML, like Gecko) Version/5.1 Mobile/9B176 Safari/7534.48.3"
78.143.142.168 - - [19/Mar/2012:15:12:11 -0700] "GET /POSM/js/main.js HTTP/1.1" 200 9616 "http://yuvi.in/POSM/" "Mozilla/5.0 (iPad; CPU OS 5_1 like Mac OS X) AppleWebKit/534.46 (KHTML, like Gecko) Version/5.1 Mobile/9B176 Safari/7534.48.3"
78.143.142.168 - - [19/Mar/2012:15:12:11 -0700] "GET /POSM/lib/jquery.mobile-1.0.1.css HTTP/1.1" 200 83437 "http://yuvi.in/POSM/" "Mozilla/5.0 (iPad; CPU OS 5_1 like Mac OS X) AppleWebKit/534.46 (KHTML, like Gecko) Version/5.1 Mobile/9B176 Safari/7534.48.3"
78.143.142.168 - - [19/Mar/2012:15:12:11 -0700] "GET /POSM/lib/underscore.js HTTP/1.1" 200 35168 "http://yuvi.in/POSM/" "Mozilla/5.0 (iPad; CPU OS 5_1 like Mac OS X) AppleWebKit/534.46 (KHTML, like Gecko) Version/5.1 Mobile/9B176 Safari/7534.48.3"
78.143.142.168 - - [19/Mar/2012:15:12:11 -0700] "GET /POSM/js/poimanager.js HTTP/1.1" 200 9309 "http://yuvi.in/POSM/" "Mozilla/5.0 (iPad; CPU OS 5_1 like Mac OS X) AppleWebKit/534.46 (KHTML, like Gecko) Version/5.1 Mobile/9B176 Safari/7534.48.3"
78.143.142.168 - - [19/Mar/2012:15:12:12 -0700] "GET /POSM/img/save.png HTTP/1.1" 404 142 "http://yuvi.in/POSM/" "Mozilla/5.0 (iPad; CPU OS 5_1 like Mac OS X) AppleWebKit/534.46 (KHTML, like Gecko) Version/5.1 Mobile/9B176 Safari/7534.48.3"
78.143.142.168 - - [19/Mar/2012:15:12:12 -0700] "GET /POSM/img/mylocation.png HTTP/1.1" 200 803 "http://yuvi.in/POSM/" "Mozilla/5.0 (iPad; CPU OS 5_1 like Mac OS X) AppleWebKit/534.46 (KHTML, like Gecko) Version/5.1 Mobile/9B176 Safari/7534.48.3"
78.143.142.168 - - [19/Mar/2012:15:12:12 -0700] "GET /POSM/img/back.png HTTP/1.1" 200 420 "http://yuvi.in/POSM/" "Mozilla/5.0 (iPad; CPU OS 5_1 like Mac OS X) AppleWebKit/534.46 (KHTML, like Gecko) Version/5.1 Mobile/9B176 Safari/7534.48.3"
78.143.142.168 - - [19/Mar/2012:15:12:12 -0700] "GET /POSM/img/preferences.png HTTP/1.1" 200 748 "http://yuvi.in/POSM/" "Mozilla/5.0 (iPad; CPU OS 5_1 like Mac OS X) AppleWebKit/534.46 (KHTML, like Gecko) Version/5.1 Mobile/9B176 Safari/7534.48.3"
78.143.142.168 - - [19/Mar/2012:15:12:12 -0700] "GET /POSM/img/refresh.png HTTP/1.1" 200 868 "http://yuvi.in/POSM/" "Mozilla/5.0 (iPad; CPU OS 5_1 like Mac OS X) AppleWebKit/534.46 (KHTML, like Gecko) Version/5.1 Mobile/9B176 Safari/7534.48.3"
78.143.142.168 - - [19/Mar/2012:15:12:12 -0700] "GET /POSM/img/mapmode.png HTTP/1.1" 200 1168 "http://yuvi.in/POSM/" "Mozilla/5.0 (iPad; CPU OS 5_1 like Mac OS X) AppleWebKit/534.46 (KHTML, like Gecko) Version/5.1 Mobile/9B176 Safari/7534.48.3"
78.143.142.168 - - [19/Mar/2012:15:12:12 -0700] "GET /POSM/lib/phonegap.js HTTP/1.1" 200 144879 "http://yuvi.in/POSM/" "Mozilla/5.0 (iPad; CPU OS 5_1 like Mac OS X) AppleWebKit/534.46 (KHTML, like Gecko) Version/5.1 Mobile/9B176 Safari/7534.48.3"
78.143.142.168 - - [19/Mar/2012:15:12:12 -0700] "GET /POSM/lib/jquery-1.7.1.min.js HTTP/1.1" 200 93868 "http://yuvi.in/POSM/" "Mozilla/5.0 (iPad; CPU OS 5_1 like Mac OS X) AppleWebKit/534.46 (KHTML, like Gecko) Version/5.1 Mobile/9B176 Safari/7534.48.3"
78.143.142.168 - - [19/Mar/2012:15:12:12 -0700] "GET /POSM/lib/leaflet/leaflet-src.js HTTP/1.1" 200 133300 "http://yuvi.in/POSM/" "Mozilla/5.0 (iPad; CPU OS 5_1 like Mac OS X) AppleWebKit/534.46 (KHTML, like Gecko) Version/5.1 Mobile/9B176 Safari/7534.48.3"
78.143.142.168 - - [19/Mar/2012:15:12:12 -0700] "GET /POSM/lib/jquery.mobile-1.0.1.js HTTP/1.1" 200 221124 "http://yuvi.in/POSM/" "Mozilla/5.0 (iPad; CPU OS 5_1 like Mac OS X) AppleWebKit/534.46 (KHTML, like Gecko) Version/5.1 Mobile/9B176 Safari/7534.48.3"
78.143.142.168 - - [19/Mar/2012:15:12:15 -0700] "GET /POSM/img/save.png HTTP/1.1" 404 142 "http://yuvi.in/POSM/" "Mozilla/5.0 (iPad; CPU OS 5_1 like Mac OS X) AppleWebKit/534.46 (KHTML, like Gecko) Version/5.1 Mobile/9B176 Safari/7534.48.3"
78.143.142.168 - - [19/Mar/2012:15:12:18 -0700] "GET /POSM/lib/images/ajax-loader.png HTTP/1.1" 200 366 "http://yuvi.in/POSM/" "Mozilla/5.0 (iPad; CPU OS 5_1 like Mac OS X) AppleWebKit/534.46 (KHTML, like Gecko) Version/5.1 Mobile/9B176 Safari/7534.48.3"
78.143.142.168 - - [19/Mar/2012:15:12:38 -0700] "GET /overpass?data=%0A++++%0A++++++++node(53.44975565956092%2C+-6.443996429443359%2C+53.45071404625914%2C+-6.439876556396484)%3B%0A++++%0A++++out+meta%3B%0A HTTP/1.1" 200 12794 "http://yuvi.in/POSM/" "Mozilla/5.0 (iPad; CPU OS 5_1 like Mac OS X) AppleWebKit/534.46 (KHTML, like Gecko) Version/5.1 Mobile/9B176 Safari/7534.48.3"
78.143.142.168 - - [19/Mar/2012:15:12:39 -0700] "GET /overpass?data=%0A++++%0A++++++++node(53.44975565956092%2C+-6.443996429443359%2C+53.45071404625914%2C+-6.439876556396484)%3B%0A++++%0A++++out+meta%3B%0A HTTP/1.1" 200 12794 "http://yuvi.in/POSM/" "Mozilla/5.0 (iPad; CPU OS 5_1 like Mac OS X) AppleWebKit/534.46 (KHTML, like Gecko) Version/5.1 Mobile/9B176 Safari/7534.48.3"
207.46.204.173 - - [19/Mar/2012:15:14:32 -0700] "-" 400 0 "-" "-"
207.46.204.173 - - [19/Mar/2012:15:15:18 -0700] "-" 400 0 "-" "-"
208.115.113.84 - - [19/Mar/2012:15:19:43 -0700] "GET /robots.txt HTTP/1.1" 404 169 "-" "Mozilla/5.0 (compatible; Ezooms/1.0; ezooms.bot@gmail.com)"
209.85.224.93 - - [19/Mar/2012:15:22:25 -0700] "GET /stories/feed HTTP/1.1" 200 13653 "-" "FeedBurner/1.0 (http://www.FeedBurner.com)"
157.55.112.203 - - [19/Mar/2012:15:28:20 -0700] "-" 400 0 "-" "-"
157.55.112.203 - - [19/Mar/2012:15:28:22 -0700] "-" 400 0 "-" "-"
157.55.112.203 - - [19/Mar/2012:15:28:22 -0700] "-" 400 0 "-" "-"
157.55.112.203 - - [19/Mar/2012:15:28:23 -0700] "-" 400 0 "-" "-"
157.55.112.203 - - [19/Mar/2012:15:28:23 -0700] "-" 400 0 "-" "-"
157.55.112.203 - - [19/Mar/2012:15:28:23 -0700] "-" 400 0 "-" "-"
157.55.112.203 - - [19/Mar/2012:15:28:23 -0700] "-" 400 0 "-" "-"
157.55.112.203 - - [19/Mar/2012:15:28:23 -0700] "-" 400 0 "-" "-"
157.55.112.203 - - [19/Mar/2012:15:28:24 -0700] "-" 400 0 "-" "-"
157.55.112.203 - - [19/Mar/2012:15:28:24 -0700] "-" 400 0 "-" "-"
157.55.112.203 - - [19/Mar/2012:15:28:58 -0700] "-" 400 0 "-" "-"
85.17.88.169 - - [19/Mar/2012:15:33:29 -0700] "POST /blog/wp-cron.php?doing_wp_cron=1332196260 HTTP/1.0" 499 0 "-" "WordPress/3.3.1; http://yuvi.in/blog"
209.85.238.115 - - [19/Mar/2012:15:33:29 -0700] "GET /blog/feed HTTP/1.1" 301 0 "-" "Feedfetcher-Google; (+http://www.google.com/feedfetcher.html; 3 subscribers; feed-id=17684830852112633560)"
85.17.88.169 - - [19/Mar/2012:15:33:31 -0700] "POST /blog/wp-cron.php?doing_wp_cron=1332196262 HTTP/1.0" 499 0 "-" "WordPress/3.3.1; http://yuvi.in/blog"
209.85.238.115 - - [19/Mar/2012:15:33:32 -0700] "GET /blog/feed/ HTTP/1.1" 304 0 "-" "Feedfetcher-Google; (+http://www.google.com/feedfetcher.html; 3 subscribers; feed-id=17684830852112633560)"
85.17.88.169 - - [19/Mar/2012:15:33:52 -0700] "POST /blog/wp-cron.php?doing_wp_cron=1332196283 HTTP/1.0" 499 0 "-" "WordPress/3.3.1; http://yuvi.in/blog"
180.76.5.148 - - [19/Mar/2012:15:33:53 -0700] "GET /blog/isoooo-want-this-on-a-t-shirt/ HTTP/1.1" 200 4348 "-" "Mozilla/5.0 (compatible; Baiduspider/2.0; +http://www.baidu.com/search/spider.html)"
85.17.88.169 - - [19/Mar/2012:15:34:05 -0700] "POST /blog/wp-cron.php?doing_wp_cron=1332196296 HTTP/1.0" 499 0 "-" "WordPress/3.3.1; http://yuvi.in/blog"
66.249.67.123 - - [19/Mar/2012:15:34:06 -0700] "GET /blog/page/11/ HTTP/1.1" 200 11619 "-" "Mozilla/5.0 (compatible; Googlebot/2.1; +http://www.google.com/bot.html)"
200.41.9.52 - - [19/Mar/2012:15:35:56 -0700] "HEAD / HTTP/1.0" 200 0 "-" "-"
208.115.113.84 - - [19/Mar/2012:15:39:42 -0700] "GET /blog/enthusiastic-teachers-and-naive-implementation-of-gauss-seidel-approximations.html HTTP/1.1" 200 6947 "-" "Mozilla/5.0 (compatible; Ezooms/1.0; ezooms.bot@gmail.com)"
207.46.204.173 - - [19/Mar/2012:15:42:03 -0700] "-" 400 0 "-" "-"
207.46.204.173 - - [19/Mar/2012:15:42:03 -0700] "-" 400 0 "-" "-"
207.46.204.173 - - [19/Mar/2012:15:42:03 -0700] "-" 400 0 "-" "-"
207.46.204.173 - - [19/Mar/2012:15:42:03 -0700] "-" 400 0 "-" "-"
207.46.204.173 - - [19/Mar/2012:15:42:03 -0700] "-" 400 0 "-" "-"
207.46.204.173 - - [19/Mar/2012:15:42:03 -0700] "-" 400 0 "-" "-"
207.46.12.68 - - [19/Mar/2012:15:42:03 -0700] "-" 400 0 "-" "-"
207.46.204.173 - - [19/Mar/2012:15:42:03 -0700] "-" 400 0 "-" "-"
207.46.204.173 - - [19/Mar/2012:15:42:03 -0700] "-" 400 0 "-" "-"
207.46.204.173 - - [19/Mar/2012:15:42:03 -0700] "-" 400 0 "-" "-"
207.46.12.68 - - [19/Mar/2012:15:42:06 -0700] "-" 400 0 "-" "-"
207.46.12.68 - - [19/Mar/2012:15:42:06 -0700] "-" 400 0 "-" "-"
207.46.12.68 - - [19/Mar/2012:15:42:06 -0700] "-" 400 0 "-" "-"
207.46.12.68 - - [19/Mar/2012:15:42:07 -0700] "-" 400 0 "-" "-"
207.46.12.68 - - [19/Mar/2012:15:42:07 -0700] "-" 400 0 "-" "-"
207.46.12.68 - - [19/Mar/2012:15:42:07 -0700] "-" 400 0 "-" "-"
207.46.12.68 - - [19/Mar/2012:15:42:08 -0700] "-" 400 0 "-" "-"
207.46.12.68 - - [19/Mar/2012:15:42:09 -0700] "-" 400 0 "-" "-"
207.46.12.68 - - [19/Mar/2012:15:42:11 -0700] "-" 400 0 "-" "-"
207.46.204.173 - - [19/Mar/2012:15:42:31 -0700] "-" 400 0 "-" "-"
207.46.204.173 - - [19/Mar/2012:15:42:31 -0700] "-" 400 0 "-" "-"
85.17.88.169 - - [19/Mar/2012:15:42:40 -0700] "POST /blog/wp-cron.php?doing_wp_cron=1332196811 HTTP/1.0" 499 0 "-" "WordPress/3.3.1; http://yuvi.in/blog"
209.85.238.115 - - [19/Mar/2012:15:42:41 -0700] "GET /blog/feed/ HTTP/1.1" 304 0 "-" "Feedfetcher-Google; (+http://www.google.com/feedfetcher.html; 19 subscribers; feed-id=15064232456473204253)"
85.17.88.169 - - [19/Mar/2012:15:43:05 -0700] "POST /blog/wp-cron.php?doing_wp_cron=1332196836 HTTP/1.0" 499 0 "-" "WordPress/3.3.1; http://yuvi.in/blog"
209.85.224.94 - - [19/Mar/2012:15:43:05 -0700] "GET /blog/feed HTTP/1.1" 304 0 "-" "FeedBurner/1.0 (http://www.FeedBurner.com)"
180.76.6.231 - - [19/Mar/2012:15:45:04 -0700] "GET / HTTP/1.1" 200 3439 "-" "Mozilla/5.0 (compatible; Baiduspider/2.0; +http://www.baidu.com/search/spider.html)"
87.6.206.105 - - [19/Mar/2012:15:52:05 -0700] "GET / HTTP/1.1" 200 1430 "-" "Mozilla/5.0 (X11; Linux i686) AppleWebKit/535.11 (KHTML, like Gecko) Ubuntu/11.10 Chromium/17.0.963.79 Chrome/17.0.963.79 Safari/535.11"
87.6.206.105 - - [19/Mar/2012:15:52:06 -0700] "GET /blueprint/screen.css HTTP/1.1" 200 12058 "http://yuvi.in/" "Mozilla/5.0 (X11; Linux i686) AppleWebKit/535.11 (KHTML, like Gecko) Ubuntu/11.10 Chromium/17.0.963.79 Chrome/17.0.963.79 Safari/535.11"
87.6.206.105 - - [19/Mar/2012:15:52:06 -0700] "GET /blueprint/print.css HTTP/1.1" 200 1284 "http://yuvi.in/" "Mozilla/5.0 (X11; Linux i686) AppleWebKit/535.11 (KHTML, like Gecko) Ubuntu/11.10 Chromium/17.0.963.79 Chrome/17.0.963.79 Safari/535.11"
87.6.206.105 - - [19/Mar/2012:15:52:07 -0700] "GET /header.png HTTP/1.1" 200 14249 "http://yuvi.in/" "Mozilla/5.0 (X11; Linux i686) AppleWebKit/535.11 (KHTML, like Gecko) Ubuntu/11.10 Chromium/17.0.963.79 Chrome/17.0.963.79 Safari/535.11"
87.6.206.105 - - [19/Mar/2012:15:52:07 -0700] "GET /favicon.ico HTTP/1.1" 404 199 "-" "Mozilla/5.0 (X11; Linux i686) AppleWebKit/535.11 (KHTML, like Gecko) Ubuntu/11.10 Chromium/17.0.963.79 Chrome/17.0.963.79 Safari/535.11"
85.17.88.169 - - [19/Mar/2012:15:54:50 -0700] "POST /blog/wp-cron.php?doing_wp_cron=1332197541 HTTP/1.0" 499 0 "-" "WordPress/3.3.1; http://yuvi.in/blog"
94.228.34.248 - - [19/Mar/2012:15:54:51 -0700] "GET /blog/ HTTP/1.1" 200 10128 "-" "magpie-crawler/1.1 (U; Linux amd64; en-GB; +http://www.brandwatch.net)"
85.17.88.169 - - [19/Mar/2012:15:55:25 -0700] "POST /blog/wp-cron.php?doing_wp_cron=1332197576 HTTP/1.0" 499 0 "-" "WordPress/3.3.1; http://yuvi.in/blog"
180.76.5.96 - - [19/Mar/2012:15:55:26 -0700] "GET /blog/note-present-future-self-pre-book-travel-tickets/feed/ HTTP/1.1" 200 4240 "-" "Mozilla/5.0 (compatible; Baiduspider/2.0; +http://www.baidu.com/search/spider.html)"
66.220.149.244 - - [19/Mar/2012:15:58:16 -0700] "GET /r/1hea HTTP/1.1" 301 257 "-" "facebookexternalhit/1.1 (+http://www.facebook.com/externalhit_uatext.php)"
66.220.149.247 - - [19/Mar/2012:15:58:16 -0700] "GET /s/ta/1hea/ HTTP/1.1" 302 437 "-" "facebookexternalhit/1.1 (+http://www.facebook.com/externalhit_uatext.php)"
66.220.158.246 - - [19/Mar/2012:16:04:48 -0700] "GET /r/2wti HTTP/1.1" 301 257 "-" "facebookexternalhit/1.1 (+http://www.facebook.com/externalhit_uatext.php)"
66.220.158.249 - - [19/Mar/2012:16:04:48 -0700] "GET /s/ta/2wti/ HTTP/1.1" 302 777 "-" "facebookexternalhit/1.1 (+http://www.facebook.com/externalhit_uatext.php)"
24.15.200.174 - - [19/Mar/2012:16:10:19 -0700] "GET /r/153r HTTP/1.1" 301 257 "http://ta.wikipedia.org/wiki/%E0%AE%89%E0%AE%B0%E0%AE%BE%E0%AE%AF%E0%AF%8D%E0%AE%B5%E0%AF%81%E0%AE%AA%E0%AF%8D_%E0%AE%AA%E0%AF%8B%E0%AE%B0%E0%AF%8D" "Mozilla/5.0 (compatible; MSIE 9.0; Windows NT 6.1; WOW64; Trident/5.0)"
24.15.200.174 - - [19/Mar/2012:16:10:20 -0700] "GET /s/ta/153r/ HTTP/1.1" 302 425 "http://ta.wikipedia.org/wiki/%E0%AE%89%E0%AE%B0%E0%AE%BE%E0%AE%AF%E0%AF%8D%E0%AE%B5%E0%AF%81%E0%AE%AA%E0%AF%8D_%E0%AE%AA%E0%AF%8B%E0%AE%B0%E0%AF%8D" "Mozilla/5.0 (compatible; MSIE 9.0; Windows NT 6.1; WOW64; Trident/5.0)"
85.17.88.169 - - [19/Mar/2012:16:15:07 -0700] "POST /blog/wp-cron.php?doing_wp_cron=1332198758 HTTP/1.0" 499 0 "-" "WordPress/3.3.1; http://yuvi.in/blog"
129.34.20.23 - - [19/Mar/2012:16:15:08 -0700] "GET /blog/feed/ HTTP/1.1" 200 21846 "-" "Mozilla/5.0 (Windows; U; Windows NT 5.1; en-US; rv:1.9.0.3) Gecko/2008092417 Firefox/3.0.3"
85.17.88.169 - - [19/Mar/2012:16:19:00 -0700] "POST /blog/wp-cron.php?doing_wp_cron=1332198990 HTTP/1.0" 499 0 "-" "WordPress/3.3.1; http://yuvi.in/blog"
66.249.67.123 - - [19/Mar/2012:16:19:00 -0700] "GET /blog/2009/09/ HTTP/1.1" 200 4403 "-" "Mozilla/5.0 (compatible; Googlebot/2.1; +http://www.google.com/bot.html)"
85.17.88.169 - - [19/Mar/2012:16:20:55 -0700] "POST /blog/wp-cron.php?doing_wp_cron=1332199106 HTTP/1.0" 499 0 "-" "WordPress/3.3.1; http://yuvi.in/blog"
209.85.224.83 - - [19/Mar/2012:16:20:56 -0700] "GET /blog/feed HTTP/1.1" 304 0 "-" "FeedBurner/1.0 (http://www.FeedBurner.com)"
209.85.224.99 - - [19/Mar/2012:16:22:28 -0700] "GET /stories/feed HTTP/1.1" 200 13653 "-" "FeedBurner/1.0 (http://www.FeedBurner.com)"
85.17.88.169 - - [19/Mar/2012:16:22:57 -0700] "POST /blog/wp-cron.php?doing_wp_cron=1332199228 HTTP/1.0" 499 0 "-" "WordPress/3.3.1; http://yuvi.in/blog"
180.76.5.92 - - [19/Mar/2012:16:22:58 -0700] "GET /blog/reddit-university-sicp-reading-group/ HTTP/1.1" 200 4534 "-" "Mozilla/5.0 (compatible; Baiduspider/2.0; +http://www.baidu.com/search/spider.html)"
67.215.230.28 - - [19/Mar/2012:16:24:56 -0700] "GET /robots.txt HTTP/1.0" 404 169 "-" "Setooz/Nutch-1.2 (http://www.setooz.com)"
67.215.230.28 - - [19/Mar/2012:16:24:56 -0700] "GET /stories HTTP/1.0" 301 185 "-" "Setooz/Nutch-1.2 (http://www.setooz.com)"
67.215.230.27 - - [19/Mar/2012:16:25:14 -0700] "GET /robots.txt HTTP/1.0" 404 169 "-" "Setooz/Nutch-1.2 (http://www.setooz.com)"
67.215.230.27 - - [19/Mar/2012:16:25:14 -0700] "GET / HTTP/1.0" 200 3439 "-" "Setooz/Nutch-1.2 (http://www.setooz.com)"
188.223.12.143 - - [19/Mar/2012:16:31:01 -0700] "GET / HTTP/1.1" 200 1430 "-" "Reeder/1.5.5 CFNetwork/548.1.4 Darwin/11.0.0"
188.223.12.143 - - [19/Mar/2012:16:31:01 -0700] "GET /favicon.ico HTTP/1.1" 404 142 "-" "Reeder/1.5.5 CFNetwork/548.1.4 Darwin/11.0.0"
188.223.12.143 - - [19/Mar/2012:16:31:01 -0700] "GET /apple-touch-icon.png HTTP/1.1" 404 142 "-" "Reeder/1.5.5 CFNetwork/548.1.4 Darwin/11.0.0"
188.223.12.143 - - [19/Mar/2012:16:31:01 -0700] "GET /apple-touch-icon-precomposed.png HTTP/1.1" 404 142 "-" "Reeder/1.5.5 CFNetwork/548.1.4 Darwin/11.0.0"
85.17.88.169 - - [19/Mar/2012:16:33:14 -0700] "POST /blog/wp-cron.php?doing_wp_cron=1332199845 HTTP/1.0" 499 0 "-" "WordPress/3.3.1; http://yuvi.in/blog"
101.226.33.179 - - [19/Mar/2012:16:33:15 -0700] "GET /blog/feed HTTP/1.0" 304 0 "-" "Mozilla/4.0 (compatible; Windows;)"
66.249.68.52 - - [19/Mar/2012:16:33:55 -0700] "GET /robots.txt HTTP/1.1" 404 211 "-" "Mozilla/5.0 (compatible; Googlebot/2.1; +http://www.google.com/bot.html)"
66.249.68.52 - - [19/Mar/2012:16:33:56 -0700] "GET /s/ta/1j1u/ HTTP/1.1" 302 513 "-" "Mozilla/5.0 (compatible; Googlebot/2.1; +http://www.google.com/bot.html)"
85.17.88.169 - - [19/Mar/2012:16:34:39 -0700] "POST /blog/wp-cron.php?doing_wp_cron=1332199930 HTTP/1.0" 499 0 "-" "WordPress/3.3.1; http://yuvi.in/blog"
209.85.238.115 - - [19/Mar/2012:16:34:39 -0700] "GET /blog/feed HTTP/1.1" 301 0 "-" "Feedfetcher-Google; (+http://www.google.com/feedfetcher.html; 3 subscribers; feed-id=17684830852112633560)"
85.17.88.169 - - [19/Mar/2012:16:34:41 -0700] "POST /blog/wp-cron.php?doing_wp_cron=1332199932 HTTP/1.0" 499 0 "-" "WordPress/3.3.1; http://yuvi.in/blog"
209.85.238.115 - - [19/Mar/2012:16:34:42 -0700] "GET /blog/feed/ HTTP/1.1" 304 0 "-" "Feedfetcher-Google; (+http://www.google.com/feedfetcher.html; 3 subscribers; feed-id=17684830852112633560)"
157.55.112.203 - - [19/Mar/2012:16:35:30 -0700] "-" 400 0 "-" "-"
157.55.112.203 - - [19/Mar/2012:16:35:32 -0700] "-" 400 0 "-" "-"
157.55.112.203 - - [19/Mar/2012:16:35:33 -0700] "-" 400 0 "-" "-"
157.55.112.203 - - [19/Mar/2012:16:35:33 -0700] "-" 400 0 "-" "-"
157.55.112.203 - - [19/Mar/2012:16:35:33 -0700] "-" 400 0 "-" "-"
157.55.112.203 - - [19/Mar/2012:16:35:34 -0700] "-" 400 0 "-" "-"
157.55.112.203 - - [19/Mar/2012:16:35:34 -0700] "-" 400 0 "-" "-"
157.55.112.203 - - [19/Mar/2012:16:35:35 -0700] "-" 400 0 "-" "-"
157.55.112.203 - - [19/Mar/2012:16:35:35 -0700] "-" 400 0 "-" "-"
157.55.112.203 - - [19/Mar/2012:16:35:35 -0700] "-" 400 0 "-" "-"
157.55.112.203 - - [19/Mar/2012:16:36:31 -0700] "-" 400 0 "-" "-"
85.17.88.169 - - [19/Mar/2012:16:37:10 -0700] "POST /blog/wp-cron.php?doing_wp_cron=1332200081 HTTP/1.0" 499 0 "-" "WordPress/3.3.1; http://yuvi.in/blog"
209.85.238.115 - - [19/Mar/2012:16:37:11 -0700] "GET /blog/feed/ HTTP/1.1" 304 0 "-" "Feedfetcher-Google; (+http://www.google.com/feedfetcher.html; 19 subscribers; feed-id=15064232456473204253)"
117.206.130.35 - - [19/Mar/2012:16:39:05 -0700] "GET /r/1fek HTTP/1.1" 301 257 "http://wikimapia.org/12826496/P-Ramachandra-Puram-%E0%AE%9A%E0%AF%86%E0%AE%A9%E0%AF%8D%E0%AE%A9%E0%AE%BE%E0%AE%95%E0%AF%8D%E0%AE%95%E0%AF%81%E0%AE%B3%E0%AE%AE%E0%AF%8D" "Mozilla/5.0 (Windows NT 5.1; rv:11.0) Gecko/20100101 Firefox/11.0"
117.206.130.35 - - [19/Mar/2012:16:39:05 -0700] "GET /s/ta/1fek/ HTTP/1.1" 302 503 "http://wikimapia.org/12826496/P-Ramachandra-Puram-%E0%AE%9A%E0%AF%86%E0%AE%A9%E0%AF%8D%E0%AE%A9%E0%AE%BE%E0%AE%95%E0%AF%8D%E0%AE%95%E0%AF%81%E0%AE%B3%E0%AE%AE%E0%AF%8D" "Mozilla/5.0 (Windows NT 5.1; rv:11.0) Gecko/20100101 Firefox/11.0"
117.206.130.35 - - [19/Mar/2012:16:39:10 -0700] "-" 400 0 "-" "-"
117.206.130.35 - - [19/Mar/2012:16:45:08 -0700] "GET /r/2sna HTTP/1.1" 301 257 "-" "Mozilla/5.0 (Windows NT 5.1; rv:11.0) Gecko/20100101 Firefox/11.0"
117.206.130.35 - - [19/Mar/2012:16:45:08 -0700] "GET /s/ta/2sna/ HTTP/1.1" 302 463 "-" "Mozilla/5.0 (Windows NT 5.1; rv:11.0) Gecko/20100101 Firefox/11.0"
117.206.130.35 - - [19/Mar/2012:16:45:13 -0700] "-" 400 0 "-" "-"
85.17.88.169 - - [19/Mar/2012:16:50:20 -0700] "POST /blog/wp-cron.php?doing_wp_cron=1332200870 HTTP/1.0" 499 0 "-" "WordPress/3.3.1; http://yuvi.in/blog"
180.76.6.28 - - [19/Mar/2012:16:50:21 -0700] "GET /blog/progress-on-hislain-1/feed/ HTTP/1.1" 200 754 "-" "Mozilla/5.0 (compatible; Baiduspider/2.0; +http://www.baidu.com/search/spider.html)"
207.46.12.74 - - [19/Mar/2012:16:54:32 -0700] "-" 400 0 "-" "-"
207.46.12.74 - - [19/Mar/2012:16:54:34 -0700] "-" 400 0 "-" "-"
207.46.12.74 - - [19/Mar/2012:16:54:34 -0700] "-" 400 0 "-" "-"
207.46.12.74 - - [19/Mar/2012:16:54:35 -0700] "-" 400 0 "-" "-"
207.46.12.74 - - [19/Mar/2012:16:54:35 -0700] "-" 400 0 "-" "-"
207.46.12.74 - - [19/Mar/2012:16:54:35 -0700] "-" 400 0 "-" "-"
207.46.12.74 - - [19/Mar/2012:16:54:36 -0700] "-" 400 0 "-" "-"
207.46.12.74 - - [19/Mar/2012:16:54:36 -0700] "-" 400 0 "-" "-"
207.46.12.74 - - [19/Mar/2012:16:54:36 -0700] "-" 400 0 "-" "-"
207.46.12.74 - - [19/Mar/2012:16:55:23 -0700] "-" 400 0 "-" "-"
207.46.12.74 - - [19/Mar/2012:16:55:29 -0700] "-" 400 0 "-" "-"
85.17.88.169 - - [19/Mar/2012:16:56:07 -0700] "POST /blog/wp-cron.php?doing_wp_cron=1332201217 HTTP/1.0" 499 0 "-" "WordPress/3.3.1; http://yuvi.in/blog"
208.115.113.84 - - [19/Mar/2012:16:56:07 -0700] "GET /blog/block-cursor-vs-post-cursor-gvim-vs-emacs/ HTTP/1.1" 200 16778 "-" "Mozilla/5.0 (compatible; Ezooms/1.0; ezooms.bot@gmail.com)"
85.17.88.169 - - [19/Mar/2012:16:56:14 -0700] "POST /blog/wp-cron.php?doing_wp_cron=1332201224 HTTP/1.0" 499 0 "-" "WordPress/3.3.1; http://yuvi.in/blog"
208.115.113.84 - - [19/Mar/2012:16:56:14 -0700] "GET /blog/cheese-2-31-1-released/ HTTP/1.1" 200 20582 "-" "Mozilla/5.0 (compatible; Ezooms/1.0; ezooms.bot@gmail.com)"
208.115.113.84 - - [19/Mar/2012:16:56:18 -0700] "GET /blog/code-i-ve-written-so-far.html HTTP/1.1" 200 6931 "-" "Mozilla/5.0 (compatible; Ezooms/1.0; ezooms.bot@gmail.com)"
85.17.88.169 - - [19/Mar/2012:16:56:22 -0700] "POST /blog/wp-cron.php?doing_wp_cron=1332201232 HTTP/1.0" 499 0 "-" "WordPress/3.3.1; http://yuvi.in/blog"
208.115.113.84 - - [19/Mar/2012:16:56:22 -0700] "GET /blog/first-binary-dream/ HTTP/1.1" 200 16735 "-" "Mozilla/5.0 (compatible; Ezooms/1.0; ezooms.bot@gmail.com)"
85.17.88.169 - - [19/Mar/2012:16:56:28 -0700] "POST /blog/wp-cron.php?doing_wp_cron=1332201238 HTTP/1.0" 499 0 "-" "WordPress/3.3.1; http://yuvi.in/blog"
208.115.113.84 - - [19/Mar/2012:16:56:28 -0700] "GET /blog/functional-programming-geekweekend-at-thoughtworks/feed/ HTTP/1.1" 200 840 "-" "Mozilla/5.0 (compatible; Ezooms/1.0; ezooms.bot@gmail.com)"
85.17.88.169 - - [19/Mar/2012:16:56:36 -0700] "POST /blog/wp-cron.php?doing_wp_cron=1332201246 HTTP/1.0" 499 0 "-" "WordPress/3.3.1; http://yuvi.in/blog"
208.115.113.84 - - [19/Mar/2012:16:56:36 -0700] "GET /blog/gsoc-milestone-0-what-does-my-project-do/feed/ HTTP/1.1" 200 819 "-" "Mozilla/5.0 (compatible; Ezooms/1.0; ezooms.bot@gmail.com)"
85.17.88.169 - - [19/Mar/2012:16:56:42 -0700] "POST /blog/wp-cron.php?doing_wp_cron=1332201252 HTTP/1.0" 499 0 "-" "WordPress/3.3.1; http://yuvi.in/blog"
208.115.113.84 - - [19/Mar/2012:16:56:42 -0700] "GET /blog/tag/talk/ HTTP/1.1" 200 15127 "-" "Mozilla/5.0 (compatible; Ezooms/1.0; ezooms.bot@gmail.com)"
85.17.88.169 - - [19/Mar/2012:16:59:18 -0700] "POST /blog/wp-cron.php?doing_wp_cron=1332201409 HTTP/1.0" 499 0 "-" "WordPress/3.3.1; http://yuvi.in/blog"
209.85.224.94 - - [19/Mar/2012:16:59:19 -0700] "GET /blog/feed HTTP/1.1" 304 0 "-" "FeedBurner/1.0 (http://www.FeedBurner.com)"
85.17.88.169 - - [19/Mar/2012:17:00:47 -0700] "POST /blog/wp-cron.php?doing_wp_cron=1332201497 HTTP/1.0" 499 0 "-" "WordPress/3.3.1; http://yuvi.in/blog"
213.22.147.90 - - [19/Mar/2012:17:00:47 -0700] "GET /blog/program/ HTTP/1.1" 200 27150 "-" "Mozilla/5.0 (compatible; Googlebot/2.1; +http://www.google.com/bot.html)"
207.46.204.218 - - [19/Mar/2012:17:03:15 -0700] "-" 400 0 "-" "-"
207.46.204.218 - - [19/Mar/2012:17:03:15 -0700] "-" 400 0 "-" "-"
207.46.204.218 - - [19/Mar/2012:17:03:16 -0700] "-" 400 0 "-" "-"
207.46.204.218 - - [19/Mar/2012:17:03:16 -0700] "-" 400 0 "-" "-"
207.46.204.218 - - [19/Mar/2012:17:03:16 -0700] "-" 400 0 "-" "-"
207.46.204.218 - - [19/Mar/2012:17:03:16 -0700] "-" 400 0 "-" "-"
207.46.204.218 - - [19/Mar/2012:17:03:17 -0700] "-" 400 0 "-" "-"
207.46.204.218 - - [19/Mar/2012:17:03:17 -0700] "-" 400 0 "-" "-"
207.46.204.218 - - [19/Mar/2012:17:03:17 -0700] "-" 400 0 "-" "-"
207.46.204.218 - - [19/Mar/2012:17:03:17 -0700] "-" 400 0 "-" "-"
141.0.11.13 - - [19/Mar/2012:17:03:26 -0700] "-" 400 0 "-" "-"
207.46.204.218 - - [19/Mar/2012:17:03:42 -0700] "-" 400 0 "-" "-"
66.249.68.106 - - [19/Mar/2012:17:03:55 -0700] "GET /robots.txt HTTP/1.1" 404 142 "-" "Mozilla/5.0 (compatible; Googlebot/2.1; +http://www.google.com/bot.html)"
66.249.68.106 - - [19/Mar/2012:17:03:55 -0700] "GET /chennai/stage/2516/ HTTP/1.1" 404 142 "-" "Mozilla/5.0 (compatible; Googlebot/2.1; +http://www.google.com/bot.html)"
85.17.88.169 - - [19/Mar/2012:17:04:47 -0700] "POST /blog/wp-cron.php?doing_wp_cron=1332201737 HTTP/1.0" 499 0 "-" "WordPress/3.3.1; http://yuvi.in/blog"
186.204.142.27 - - [19/Mar/2012:17:04:48 -0700] "GET /blog/2011/08/ HTTP/1.1" 200 55563 "-" "Mozilla/5.0 (compatible; Googlebot/2.1; +http://www.google.com/bot.html)"
85.17.88.169 - - [19/Mar/2012:17:14:12 -0700] "POST /blog/wp-cron.php?doing_wp_cron=1332202302 HTTP/1.0" 499 0 "-" "WordPress/3.3.1; http://yuvi.in/blog"
23.19.26.127 - - [19/Mar/2012:17:14:12 -0700] "GET /blog/feed/atom/ HTTP/1.1" 304 0 "-" "Mozilla/5.0 (Windows; U; Windows NT 6.0; en-US) AppleWebKit/530.5 (KHTML, like Gecko) Chrome/2.0.172.37 Safari/530.5"
66.249.68.52 - - [19/Mar/2012:17:18:53 -0700] "GET /r/1j1u HTTP/1.1" 301 257 "-" "Mozilla/5.0 (compatible; Googlebot/2.1; +http://www.google.com/bot.html)"
85.17.88.169 - - [19/Mar/2012:17:19:00 -0700] "POST /blog/wp-cron.php?doing_wp_cron=1332202590 HTTP/1.0" 499 0 "-" "WordPress/3.3.1; http://yuvi.in/blog"
66.249.67.123 - - [19/Mar/2012:17:19:00 -0700] "GET /blog/2011/12/ HTTP/1.1" 200 13429 "-" "Mozilla/5.0 (iPhone; U; CPU iPhone OS 4_1 like Mac OS X; en-us) AppleWebKit/532.9 (KHTML, like Gecko) Version/4.0.5 Mobile/8B117 Safari/6531.22.7 (compatible; Googlebot-Mobile/2.1; +http://www.google.com/bot.html)"
85.17.88.169 - - [19/Mar/2012:17:19:29 -0700] "POST /blog/wp-cron.php?doing_wp_cron=1332202620 HTTP/1.0" 499 0 "-" "WordPress/3.3.1; http://yuvi.in/blog"
180.76.5.56 - - [19/Mar/2012:17:19:30 -0700] "GET /blog/note-present-future-self-pre-book-travel-tickets/feed/atom/ HTTP/1.1" 200 5624 "-" "Mozilla/5.0 (compatible; Baiduspider/2.0; +http://www.baidu.com/search/spider.html)"
209.85.224.89 - - [19/Mar/2012:17:22:30 -0700] "GET /stories/feed HTTP/1.1" 200 13653 "-" "FeedBurner/1.0 (http://www.FeedBurner.com)"
220.181.108.140 - - [19/Mar/2012:17:25:19 -0700] "GET / HTTP/1.1" 304 0 "-" "Mozilla/5.0 (compatible; Baiduspider/2.0; +http://www.baidu.com/search/spider.html)"
85.17.88.169 - - [19/Mar/2012:17:25:40 -0700] "POST /blog/wp-cron.php?doing_wp_cron=1332202990 HTTP/1.0" 499 0 "-" "WordPress/3.3.1; http://yuvi.in/blog"
209.85.238.115 - - [19/Mar/2012:17:25:40 -0700] "GET /blog/feed HTTP/1.1" 301 0 "-" "Feedfetcher-Google; (+http://www.google.com/feedfetcher.html; 3 subscribers; feed-id=17684830852112633560)"
85.17.88.169 - - [19/Mar/2012:17:25:42 -0700] "POST /blog/wp-cron.php?doing_wp_cron=1332202992 HTTP/1.0" 499 0 "-" "WordPress/3.3.1; http://yuvi.in/blog"
209.85.238.115 - - [19/Mar/2012:17:25:42 -0700] "GET /blog/feed/ HTTP/1.1" 304 0 "-" "Feedfetcher-Google; (+http://www.google.com/feedfetcher.html; 3 subscribers; feed-id=17684830852112633560)"
69.171.228.250 - - [19/Mar/2012:17:33:08 -0700] "GET /r/1x7m HTTP/1.1" 301 257 "-" "facebookexternalhit/1.1 (+http://www.facebook.com/externalhit_uatext.php)"
69.171.228.251 - - [19/Mar/2012:17:33:08 -0700] "GET /s/ta/1x7m/ HTTP/1.1" 302 513 "-" "facebookexternalhit/1.1 (+http://www.facebook.com/externalhit_uatext.php)"
85.17.88.169 - - [19/Mar/2012:17:33:20 -0700] "POST /blog/wp-cron.php?doing_wp_cron=1332203450 HTTP/1.0" 499 0 "-" "WordPress/3.3.1; http://yuvi.in/blog"
209.85.224.83 - - [19/Mar/2012:17:33:21 -0700] "GET /blog/feed HTTP/1.1" 304 0 "-" "FeedBurner/1.0 (http://www.FeedBurner.com)"
85.17.88.169 - - [19/Mar/2012:17:33:47 -0700] "POST /blog/wp-cron.php?doing_wp_cron=1332203477 HTTP/1.0" 499 0 "-" "WordPress/3.3.1; http://yuvi.in/blog"
213.186.127.13 - - [19/Mar/2012:17:33:48 -0700] "GET /blog/hello-world-again/ HTTP/1.1" 200 5651 "-" "Mozilla/5.0 (compatible; AhrefsBot/2.0; +http://ahrefs.com/robot/)"
66.249.68.52 - - [19/Mar/2012:17:33:48 -0700] "GET /r/2xjx HTTP/1.1" 301 257 "-" "Mozilla/5.0 (compatible; Googlebot/2.1; +http://www.google.com/bot.html)"
66.249.68.52 - - [19/Mar/2012:17:33:49 -0700] "GET /s/ta/2xjx/ HTTP/1.1" 302 425 "-" "Mozilla/5.0 (compatible; Googlebot/2.1; +http://www.google.com/bot.html)"
65.52.110.16 - - [19/Mar/2012:17:36:58 -0700] "GET /robots.txt HTTP/1.1" 404 169 "-" "Mozilla/5.0 (compatible; bingbot/2.0; +http://www.bing.com/bingbot.htm)"
207.46.204.212 - - [19/Mar/2012:17:38:34 -0700] "-" 400 0 "-" "-"
207.46.204.212 - - [19/Mar/2012:17:38:36 -0700] "-" 400 0 "-" "-"
207.46.204.212 - - [19/Mar/2012:17:38:37 -0700] "-" 400 0 "-" "-"
207.46.204.212 - - [19/Mar/2012:17:38:37 -0700] "-" 400 0 "-" "-"
207.46.204.212 - - [19/Mar/2012:17:38:37 -0700] "-" 400 0 "-" "-"
207.46.204.212 - - [19/Mar/2012:17:38:39 -0700] "-" 400 0 "-" "-"
207.46.204.212 - - [19/Mar/2012:17:38:40 -0700] "-" 400 0 "-" "-"
207.46.204.212 - - [19/Mar/2012:17:38:40 -0700] "-" 400 0 "-" "-"
207.46.204.212 - - [19/Mar/2012:17:38:40 -0700] "-" 400 0 "-" "-"
207.46.204.212 - - [19/Mar/2012:17:38:40 -0700] "-" 400 0 "-" "-"
65.52.110.16 - - [19/Mar/2012:17:38:41 -0700] "GET /blog/the-end-of-gsoc-2010.html HTTP/1.1" 304 0 "-" "Mozilla/5.0 (compatible; bingbot/2.0; +http://www.bing.com/bingbot.htm)"
207.46.12.71 - - [19/Mar/2012:17:38:46 -0700] "-" 400 0 "-" "-"
207.46.12.71 - - [19/Mar/2012:17:38:51 -0700] "-" 400 0 "-" "-"
207.46.12.71 - - [19/Mar/2012:17:38:53 -0700] "-" 400 0 "-" "-"
207.46.12.71 - - [19/Mar/2012:17:38:54 -0700] "-" 400 0 "-" "-"
207.46.12.71 - - [19/Mar/2012:17:38:54 -0700] "-" 400 0 "-" "-"
207.46.12.71 - - [19/Mar/2012:17:38:55 -0700] "-" 400 0 "-" "-"
207.46.12.71 - - [19/Mar/2012:17:38:55 -0700] "-" 400 0 "-" "-"
207.46.12.71 - - [19/Mar/2012:17:38:55 -0700] "-" 400 0 "-" "-"
207.46.12.71 - - [19/Mar/2012:17:38:56 -0700] "-" 400 0 "-" "-"
207.46.12.71 - - [19/Mar/2012:17:38:56 -0700] "-" 400 0 "-" "-"
207.46.204.212 - - [19/Mar/2012:17:39:20 -0700] "-" 400 0 "-" "-"
85.17.88.169 - - [19/Mar/2012:17:41:11 -0700] "POST /blog/wp-cron.php?doing_wp_cron=1332203921 HTTP/1.0" 499 0 "-" "WordPress/3.3.1; http://yuvi.in/blog"
209.85.238.115 - - [19/Mar/2012:17:41:11 -0700] "GET /blog/feed/ HTTP/1.1" 304 0 "-" "Feedfetcher-Google; (+http://www.google.com/feedfetcher.html; 19 subscribers; feed-id=15064232456473204253)"
85.17.88.169 - - [19/Mar/2012:17:46:28 -0700] "POST /blog/wp-cron.php?doing_wp_cron=1332204238 HTTP/1.0" 499 0 "-" "WordPress/3.3.1; http://yuvi.in/blog"
79.148.238.126 - - [19/Mar/2012:17:46:29 -0700] "GET /blog/page/2/ HTTP/1.1" 200 76264 "-" "Mozilla/5.0 (compatible; Googlebot/2.1; +http://www.google.com/bot.html)"
85.17.88.169 - - [19/Mar/2012:17:50:28 -0700] "POST /blog/wp-cron.php?doing_wp_cron=1332204478 HTTP/1.0" 499 0 "-" "WordPress/3.3.1; http://yuvi.in/blog"
