117.192.240.51 - - [01/Apr/2012:10:48:20 -0700] "GET /blog/wp-content/themes/cleanr/css/reset.css HTTP/1.1" 200 648 "http://yuvi.in/blog/" "Mozilla/5.0 (Windows NT 5.1) AppleWebKit/535.11 (KHTML, like Gecko) Chrome/17.0.963.83 Safari/535.11"
117.192.240.51 - - [01/Apr/2012:10:48:20 -0700] "GET /blog/wp-content/themes/cleanr/css/text.css HTTP/1.1" 200 420 "http://yuvi.in/blog/" "Mozilla/5.0 (Windows NT 5.1) AppleWebKit/535.11 (KHTML, like Gecko) Chrome/17.0.963.83 Safari/535.11"
117.192.240.51 - - [01/Apr/2012:10:48:20 -0700] "GET /blog/wp-content/themes/cleanr/css/960.css HTTP/1.1" 200 3628 "http://yuvi.in/blog/" "Mozilla/5.0 (Windows NT 5.1) AppleWebKit/535.11 (KHTML, like Gecko) Chrome/17.0.963.83 Safari/535.11"
117.192.240.51 - - [01/Apr/2012:10:48:22 -0700] "GET /blog/wp-content/themes/cleanr/images/search_magnifier.gif HTTP/1.1" 200 394 "http://yuvi.in/blog/" "Mozilla/5.0 (Windows NT 5.1) AppleWebKit/535.11 (KHTML, like Gecko) Chrome/17.0.963.83 Safari/535.11"
117.192.240.51 - - [01/Apr/2012:10:48:23 -0700] "GET /favicon.ico HTTP/1.1" 404 199 "-" "Mozilla/5.0 (Windows NT 5.1) AppleWebKit/535.11 (KHTML, like Gecko) Chrome/17.0.963.83 Safari/535.11"
85.17.88.169 - - [01/Apr/2012:10:49:00 -0700] "POST /blog/wp-cron.php?doing_wp_cron=1333302289 HTTP/1.0" 499 0 "-" "WordPress/3.3.1; http://yuvi.in/blog"
209.117.161.166 - - [01/Apr/2012:10:49:06 -0700] "GET /blog/tag/work/ HTTP/1.1" 200 22578 "-" "-"
100.43.83.144 - - [01/Apr/2012:10:49:11 -0700] "GET /blog/archives.html HTTP/1.1" 200 4832 "-" "Mozilla/5.0 (compatible; YandexBot/3.0; +http://yandex.com/bots)"
166.147.115.225 - - [01/Apr/2012:10:49:20 -0700] "GET /favicon.ico HTTP/1.1" 404 142 "-" "Reeder/1.5.5 CFNetwork/548.1.4 Darwin/11.0.0"
176.250.155.25 - - [01/Apr/2012:10:49:38 -0700] "GET /r/252 HTTP/1.1" 301 255 "http://ta.wikipedia.org/wiki/%E0%AE%9A%E0%AF%81%E0%AE%AA%E0%AF%8D%E0%AE%AA%E0%AE%BF%E0%AE%B0%E0%AE%AE%E0%AE%A3%E0%AE%BF%E0%AE%AF_%E0%AE%AA%E0%AE%BE%E0%AE%B0%E0%AE%A4%E0%AE%BF" "Mozilla/5.0 (Windows NT 5.1) AppleWebKit/535.11 (KHTML, like Gecko) Chrome/17.0.963.83 Safari/535.11"
176.250.155.25 - - [01/Apr/2012:10:49:38 -0700] "GET /s/ta/252/ HTTP/1.1" 302 461 "http://ta.wikipedia.org/wiki/%E0%AE%9A%E0%AF%81%E0%AE%AA%E0%AF%8D%E0%AE%AA%E0%AE%BF%E0%AE%B0%E0%AE%AE%E0%AE%A3%E0%AE%BF%E0%AE%AF_%E0%AE%AA%E0%AE%BE%E0%AE%B0%E0%AE%A4%E0%AE%BF" "Mozilla/5.0 (Windows NT 5.1) AppleWebKit/535.11 (KHTML, like Gecko) Chrome/17.0.963.83 Safari/535.11"
166.147.115.225 - - [01/Apr/2012:10:49:38 -0700] "GET /favicon.ico HTTP/1.1" 404 142 "-" "Reeder/1.5.5 CFNetwork/548.1.4 Darwin/11.0.0"
85.17.88.169 - - [01/Apr/2012:10:49:41 -0700] "POST /blog/wp-cron.php?doing_wp_cron=1333302329 HTTP/1.0" 499 0 "-" "WordPress/3.3.1; http://yuvi.in/blog"
117.216.43.213 - - [01/Apr/2012:10:49:41 -0700] "GET /blog/category/personal/ HTTP/1.1" 200 14321 "http://yuvi.in/blog/" "Mozilla/5.0 (X11; Linux x86_64; rv:12.0a2) Gecko/20120210 Firefox/12.0a2 Iceweasel/12.0a2"
176.250.155.25 - - [01/Apr/2012:10:49:42 -0700] "GET /s/ta/252/ HTTP/1.1" 302 461 "http://ta.wikipedia.org/wiki/%E0%AE%9A%E0%AF%81%E0%AE%AA%E0%AF%8D%E0%AE%AA%E0%AE%BF%E0%AE%B0%E0%AE%AE%E0%AE%A3%E0%AE%BF%E0%AE%AF_%E0%AE%AA%E0%AE%BE%E0%AE%B0%E0%AE%A4%E0%AE%BF" "Mozilla/5.0 (Windows NT 5.1) AppleWebKit/535.11 (KHTML, like Gecko) Chrome/17.0.963.83 Safari/535.11"
117.216.43.213 - - [01/Apr/2012:10:49:43 -0700] "GET /blog/wp-content/themes/cleanr/js/jquery.dropdown.js?ver=3.3.1 HTTP/1.1" 304 0 "http://yuvi.in/blog/category/personal/" "Mozilla/5.0 (X11; Linux x86_64; rv:12.0a2) Gecko/20120210 Firefox/12.0a2 Iceweasel/12.0a2"
176.250.155.25 - - [01/Apr/2012:10:49:43 -0700] "GET /s/ta/252/ HTTP/1.1" 302 461 "http://ta.wikipedia.org/wiki/%E0%AE%9A%E0%AF%81%E0%AE%AA%E0%AF%8D%E0%AE%AA%E0%AE%BF%E0%AE%B0%E0%AE%AE%E0%AE%A3%E0%AE%BF%E0%AE%AF_%E0%AE%AA%E0%AE%BE%E0%AE%B0%E0%AE%A4%E0%AE%BF" "Mozilla/5.0 (Windows NT 5.1) AppleWebKit/535.11 (KHTML, like Gecko) Chrome/17.0.963.83 Safari/535.11"
176.250.155.25 - - [01/Apr/2012:10:49:49 -0700] "-" 400 0 "-" "-"
117.216.43.213 - - [01/Apr/2012:10:49:50 -0700] "-" 400 0 "-" "-"
117.216.43.213 - - [01/Apr/2012:10:49:54 -0700] "GET /blog/wp-includes/js/jquery/jquery.js?ver=1.7.1 HTTP/1.1" 304 0 "http://yuvi.in/blog/category/personal/" "Mozilla/5.0 (X11; Linux x86_64; rv:12.0a2) Gecko/20120210 Firefox/12.0a2 Iceweasel/12.0a2"
85.17.88.169 - - [01/Apr/2012:10:49:56 -0700] "POST /blog/wp-cron.php?doing_wp_cron=1333302344 HTTP/1.0" 499 0 "-" "WordPress/3.3.1; http://yuvi.in/blog"
66.249.73.27 - - [01/Apr/2012:10:49:56 -0700] "GET /blog/what-i-learnt-from-the-hackfest-at-iitm/ HTTP/1.1" 200 6073 "-" "Mozilla/5.0 (compatible; Googlebot/2.1; +http://www.google.com/bot.html)"
117.216.43.213 - - [01/Apr/2012:10:50:11 -0700] "GET /stories/hopeless-romantic.html HTTP/1.1" 200 2031 "http://yuvi.in/stories/" "Mozilla/5.0 (X11; Linux x86_64; rv:12.0a2) Gecko/20120210 Firefox/12.0a2 Iceweasel/12.0a2"
117.216.43.213 - - [01/Apr/2012:10:50:11 -0700] "GET /stories/hopeless-romantic.html HTTP/1.1" 200 2031 "http://yuvi.in/stories/" "Mozilla/5.0 (X11; Linux x86_64; rv:12.0a2) Gecko/20120210 Firefox/12.0a2 Iceweasel/12.0a2"
166.147.115.225 - - [01/Apr/2012:10:50:32 -0700] "GET /favicon.ico HTTP/1.1" 404 142 "-" "Reeder/1.5.5 CFNetwork/548.1.4 Darwin/11.0.0"
166.147.115.225 - - [01/Apr/2012:10:50:51 -0700] "GET /favicon.ico HTTP/1.1" 404 142 "-" "Reeder/1.5.5 CFNetwork/548.1.4 Darwin/11.0.0"
117.216.43.213 - - [01/Apr/2012:10:51:18 -0700] "GET /railway_photo_ruling.pdf HTTP/1.1" 404 142 "http://yuvi.in/blog/category/personal/" "Mozilla/5.0 (X11; Linux x86_64; rv:12.0a2) Gecko/20120210 Firefox/12.0a2 Iceweasel/12.0a2"
117.216.43.213 - - [01/Apr/2012:10:51:21 -0700] "GET /blog/category/personal/ HTTP/1.1" 200 14321 "http://yuvi.in/blog/" "Mozilla/5.0 (X11; Linux x86_64; rv:12.0a2) Gecko/20120210 Firefox/12.0a2 Iceweasel/12.0a2"
117.216.43.213 - - [01/Apr/2012:10:51:23 -0700] "-" 400 0 "-" "-"
166.147.115.225 - - [01/Apr/2012:10:51:25 -0700] "GET /favicon.ico HTTP/1.1" 404 142 "-" "Reeder/1.5.5 CFNetwork/548.1.4 Darwin/11.0.0"
166.147.115.225 - - [01/Apr/2012:10:51:45 -0700] "GET /favicon.ico HTTP/1.1" 404 142 "-" "Reeder/1.5.5 CFNetwork/548.1.4 Darwin/11.0.0"
166.147.115.225 - - [01/Apr/2012:10:52:01 -0700] "GET /favicon.ico HTTP/1.1" 404 142 "-" "Reeder/1.5.5 CFNetwork/548.1.4 Darwin/11.0.0"
66.220.147.247 - - [01/Apr/2012:10:52:30 -0700] "GET /r/tpn HTTP/1.1" 301 255 "-" "facebookexternalhit/1.1 (+http://www.facebook.com/externalhit_uatext.php)"
66.220.147.251 - - [01/Apr/2012:10:52:30 -0700] "GET /s/ta/tpn/ HTTP/1.1" 302 265 "-" "facebookexternalhit/1.1 (+http://www.facebook.com/externalhit_uatext.php)"
166.147.115.225 - - [01/Apr/2012:10:52:37 -0700] "GET /favicon.ico HTTP/1.1" 404 142 "-" "Reeder/1.5.5 CFNetwork/548.1.4 Darwin/11.0.0"
85.17.88.169 - - [01/Apr/2012:10:53:41 -0700] "POST /blog/wp-cron.php?doing_wp_cron=1333302569 HTTP/1.0" 499 0 "-" "WordPress/3.3.1; http://yuvi.in/blog"
209.117.161.166 - - [01/Apr/2012:10:53:42 -0700] "GET /blog/xmlrpc.php HTTP/1.1" 200 53 "-" "-"
100.43.83.144 - - [01/Apr/2012:10:54:12 -0700] "GET /blog/tag/code.html HTTP/1.1" 200 21723 "-" "Mozilla/5.0 (compatible; YandexBot/3.0; +http://yandex.com/bots)"
94.59.10.179 - - [01/Apr/2012:10:54:43 -0700] "GET / HTTP/1.0" 200 3439 "http://www.google.ae/url?sa=t&rct=j&q=&esrc=s&source=web&cd=1&ved=0CCcQFjAA&url=http%3A%2F%2Fyuvi.in%2F&ei=ZpV4T5XeF8Or0QW764maDQ&usg=AFQjCNGCp_KinRzG9gFsQqxb60Cy8lsxnA&sig2=0Hb5qhEs9ekL4V9JFFBsGQ" "Mozilla/5.0 (Windows NT 6.1; WOW64) AppleWebKit/535.11 (KHTML, like Gecko) Chrome/17.0.963.83 Safari/535.11"
94.59.10.179 - - [01/Apr/2012:10:54:44 -0700] "GET /blueprint/screen.css HTTP/1.0" 200 12058 "http://yuvi.in/" "Mozilla/5.0 (Windows NT 6.1; WOW64) AppleWebKit/535.11 (KHTML, like Gecko) Chrome/17.0.963.83 Safari/535.11"
94.59.10.179 - - [01/Apr/2012:10:54:44 -0700] "GET /blueprint/print.css HTTP/1.0" 200 1284 "http://yuvi.in/" "Mozilla/5.0 (Windows NT 6.1; WOW64) AppleWebKit/535.11 (KHTML, like Gecko) Chrome/17.0.963.83 Safari/535.11"
94.59.10.179 - - [01/Apr/2012:10:54:45 -0700] "GET /header.png HTTP/1.0" 200 14249 "http://yuvi.in/" "Mozilla/5.0 (Windows NT 6.1; WOW64) AppleWebKit/535.11 (KHTML, like Gecko) Chrome/17.0.963.83 Safari/535.11"
94.59.10.179 - - [01/Apr/2012:10:54:46 -0700] "GET /favicon.ico HTTP/1.0" 404 571 "-" "Mozilla/5.0 (Windows NT 6.1; WOW64) AppleWebKit/535.11 (KHTML, like Gecko) Chrome/17.0.963.83 Safari/535.11"
85.17.88.169 - - [01/Apr/2012:10:55:56 -0700] "POST /blog/wp-cron.php?doing_wp_cron=1333302704 HTTP/1.0" 499 0 "-" "WordPress/3.3.1; http://yuvi.in/blog"
100.43.83.144 - - [01/Apr/2012:10:55:56 -0700] "GET /blog/passing-headers-proxying-nginx/trackback/ HTTP/1.1" 302 0 "-" "Mozilla/5.0 (compatible; YandexBot/3.0; +http://yandex.com/bots)"
85.17.88.169 - - [01/Apr/2012:10:56:00 -0700] "POST /blog/wp-cron.php?doing_wp_cron=1333302709 HTTP/1.0" 499 0 "-" "WordPress/3.3.1; http://yuvi.in/blog"
100.43.83.144 - - [01/Apr/2012:10:56:01 -0700] "GET /blog/passing-headers-proxying-nginx/ HTTP/1.1" 200 4633 "-" "Mozilla/5.0 (compatible; YandexBot/3.0; +http://yandex.com/bots)"
85.17.88.169 - - [01/Apr/2012:10:56:53 -0700] "POST /blog/wp-cron.php?doing_wp_cron=1333302762 HTTP/1.0" 499 0 "-" "WordPress/3.3.1; http://yuvi.in/blog"
209.85.238.244 - - [01/Apr/2012:10:56:54 -0700] "GET /blog/feed HTTP/1.1" 301 0 "-" "Feedfetcher-Google; (+http://www.google.com/feedfetcher.html; 3 subscribers; feed-id=17684830852112633560)"
85.17.88.169 - - [01/Apr/2012:10:56:56 -0700] "POST /blog/wp-cron.php?doing_wp_cron=1333302764 HTTP/1.0" 499 0 "-" "WordPress/3.3.1; http://yuvi.in/blog"
209.85.238.244 - - [01/Apr/2012:10:56:56 -0700] "GET /blog/feed/ HTTP/1.1" 304 0 "-" "Feedfetcher-Google; (+http://www.google.com/feedfetcher.html; 3 subscribers; feed-id=17684830852112633560)"
166.147.115.225 - - [01/Apr/2012:10:58:47 -0700] "GET /favicon.ico HTTP/1.1" 404 142 "-" "Reeder/1.5.5 CFNetwork/548.1.4 Darwin/11.0.0"
14.99.51.212 - - [01/Apr/2012:10:59:33 -0700] "-" 400 0 "-" "-"
14.99.51.212 - - [01/Apr/2012:10:59:33 -0700] "-" 400 0 "-" "-"
14.99.51.212 - - [01/Apr/2012:10:59:33 -0700] "-" 400 0 "-" "-"
150.70.172.206 - - [01/Apr/2012:10:59:38 -0700] "GET /bt2/20112/0329-06.html HTTP/1.0" 404 571 "-" "Mozilla/4.0 (compatible; MSIE 6.0; Windows NT 5.1)"
69.171.234.2 - - [01/Apr/2012:10:59:59 -0700] "GET /r/252 HTTP/1.1" 301 255 "-" "facebookexternalhit/1.1 (+http://www.facebook.com/externalhit_uatext.php)"
69.171.234.3 - - [01/Apr/2012:10:59:59 -0700] "GET /s/ta/252/ HTTP/1.1" 302 461 "-" "facebookexternalhit/1.1 (+http://www.facebook.com/externalhit_uatext.php)"
150.70.172.206 - - [01/Apr/2012:11:00:01 -0700] "GET /bt2/20112/0329-0002-02.html HTTP/1.0" 404 571 "-" "Mozilla/4.0 (compatible; MSIE 6.0; Windows NT 5.1)"
85.17.88.169 - - [01/Apr/2012:11:00:02 -0700] "POST /blog/wp-cron.php?doing_wp_cron=1333302951 HTTP/1.0" 499 0 "-" "WordPress/3.3.1; http://yuvi.in/blog"
209.85.224.84 - - [01/Apr/2012:11:00:03 -0700] "GET /blog/feed HTTP/1.1" 304 0 "-" "FeedBurner/1.0 (http://www.FeedBurner.com)"
141.0.10.15 - - [01/Apr/2012:11:00:49 -0700] "-" 400 0 "-" "-"
141.0.10.15 - - [01/Apr/2012:11:00:49 -0700] "-" 400 0 "-" "-"
141.0.10.15 - - [01/Apr/2012:11:00:49 -0700] "-" 400 0 "-" "-"
115.241.132.51 - - [01/Apr/2012:11:01:47 -0700] "-" 400 0 "-" "-"
14.194.165.173 - - [01/Apr/2012:11:01:56 -0700] "-" 400 0 "-" "-"
115.241.132.51 - - [01/Apr/2012:11:02:00 -0700] "-" 400 0 "-" "-"
85.17.88.169 - - [01/Apr/2012:11:04:17 -0700] "POST /blog/wp-cron.php?doing_wp_cron=1333303206 HTTP/1.0" 499 0 "-" "WordPress/3.3.1; http://yuvi.in/blog"
209.117.161.166 - - [01/Apr/2012:11:04:23 -0700] "GET /blog/category/code/ HTTP/1.1" 200 38827 "-" "-"
115.241.132.51 - - [01/Apr/2012:11:05:50 -0700] "-" 400 0 "-" "-"
115.241.132.51 - - [01/Apr/2012:11:06:12 -0700] "-" 400 0 "-" "-"
115.241.132.51 - - [01/Apr/2012:11:06:12 -0700] "-" 400 0 "-" "-"
117.192.82.214 - - [01/Apr/2012:11:06:16 -0700] "GET /favicon.ico HTTP/1.1" 404 142 "http://prashanth-kamle.blogspot.in/" "Mozilla/5.0 (X11; Ubuntu; Linux i686; rv:11.0) Gecko/20100101 Firefox/11.0"
117.192.82.214 - - [01/Apr/2012:11:06:21 -0700] "-" 400 0 "-" "-"
85.17.88.169 - - [01/Apr/2012:11:08:27 -0700] "POST /blog/wp-cron.php?doing_wp_cron=1333303456 HTTP/1.0" 499 0 "-" "WordPress/3.3.1; http://yuvi.in/blog"
101.226.33.182 - - [01/Apr/2012:11:08:28 -0700] "GET /blog/feed HTTP/1.0" 304 0 "-" "Mozilla/4.0 (compatible; Windows;)"
115.118.143.69 - - [01/Apr/2012:11:09:12 -0700] "-" 400 0 "-" "-"
85.17.88.169 - - [01/Apr/2012:11:10:04 -0700] "POST /blog/wp-cron.php?doing_wp_cron=1333303552 HTTP/1.0" 499 0 "-" "WordPress/3.3.1; http://yuvi.in/blog"
209.117.161.166 - - [01/Apr/2012:11:10:10 -0700] "GET /blog/2011/07/ HTTP/1.1" 200 14713 "-" "-"
85.17.88.169 - - [01/Apr/2012:11:11:40 -0700] "POST /blog/wp-cron.php?doing_wp_cron=1333303649 HTTP/1.0" 499 0 "-" "WordPress/3.3.1; http://yuvi.in/blog"
66.249.73.27 - - [01/Apr/2012:11:11:41 -0700] "GET /blog/2010/12/23/ HTTP/1.1" 200 4123 "-" "Mozilla/5.0 (compatible; Googlebot/2.1; +http://www.google.com/bot.html)"
183.83.17.150 - - [01/Apr/2012:11:11:50 -0700] "GET /AssessmentBar/r/Unassessed_India_articles/ HTTP/1.1" 302 271 "http://en.wikipedia.org/wiki/List_of_National_Highways_in_India" "Mozilla/5.0 (X11; Linux i686) AppleWebKit/535.19 (KHTML, like Gecko) Chrome/18.0.1025.142 Safari/535.19"
183.83.17.150 - - [01/Apr/2012:11:12:09 -0700] "-" 400 0 "-" "-"
157.55.112.206 - - [01/Apr/2012:11:13:28 -0700] "-" 400 0 "-" "-"
157.55.112.206 - - [01/Apr/2012:11:13:36 -0700] "-" 400 0 "-" "-"
157.55.112.206 - - [01/Apr/2012:11:13:37 -0700] "-" 400 0 "-" "-"
157.55.112.206 - - [01/Apr/2012:11:13:37 -0700] "-" 400 0 "-" "-"
157.55.112.206 - - [01/Apr/2012:11:13:39 -0700] "-" 400 0 "-" "-"
157.55.112.206 - - [01/Apr/2012:11:13:39 -0700] "-" 400 0 "-" "-"
157.55.112.206 - - [01/Apr/2012:11:13:39 -0700] "-" 400 0 "-" "-"
157.55.112.206 - - [01/Apr/2012:11:13:39 -0700] "-" 400 0 "-" "-"
157.55.112.206 - - [01/Apr/2012:11:13:40 -0700] "-" 400 0 "-" "-"
157.55.112.206 - - [01/Apr/2012:11:13:40 -0700] "-" 400 0 "-" "-"
183.83.17.150 - - [01/Apr/2012:11:14:51 -0700] "GET /AssessmentBar/r/Unassessed_India_articles/ HTTP/1.1" 302 355 "http://en.wikipedia.org/wiki/Jatusana" "Mozilla/5.0 (X11; Linux i686) AppleWebKit/535.19 (KHTML, like Gecko) Chrome/18.0.1025.142 Safari/535.19"
183.83.17.150 - - [01/Apr/2012:11:15:09 -0700] "-" 400 0 "-" "-"
85.17.88.169 - - [01/Apr/2012:11:16:18 -0700] "POST /blog/wp-cron.php?doing_wp_cron=1333303927 HTTP/1.0" 499 0 "-" "WordPress/3.3.1; http://yuvi.in/blog"
209.117.161.166 - - [01/Apr/2012:11:16:24 -0700] "GET /blog/tag/rights/ HTTP/1.1" 200 23774 "-" "-"
85.17.88.169 - - [01/Apr/2012:11:16:40 -0700] "POST /blog/wp-cron.php?doing_wp_cron=1333303949 HTTP/1.0" 499 0 "-" "WordPress/3.3.1; http://yuvi.in/blog"
203.29.67.138 - - [01/Apr/2012:11:16:41 -0700] "POST /blog/wp-login.php HTTP/1.1" 200 3475 "http://yuvi.in/blog/wp-login.php" "Mozilla/5.0 (Windows NT 6.1; WOW64; rv:8.0.1) Gecko/20100101 Firefox/8.0.1"
85.17.88.169 - - [01/Apr/2012:11:16:43 -0700] "POST /blog/wp-cron.php?doing_wp_cron=1333303951 HTTP/1.0" 499 0 "-" "WordPress/3.3.1; http://yuvi.in/blog"
203.29.67.138 - - [01/Apr/2012:11:16:43 -0700] "POST /blog/wp-login.php HTTP/1.1" 200 3475 "http://yuvi.in/blog/wp-login.php" "Mozilla/5.0 (Windows NT 6.1; WOW64; rv:8.0.1) Gecko/20100101 Firefox/8.0.1"
85.17.88.169 - - [01/Apr/2012:11:16:45 -0700] "POST /blog/wp-cron.php?doing_wp_cron=1333303954 HTTP/1.0" 499 0 "-" "WordPress/3.3.1; http://yuvi.in/blog"
203.29.67.138 - - [01/Apr/2012:11:16:46 -0700] "POST /blog/wp-login.php HTTP/1.1" 200 3475 "http://yuvi.in/blog/wp-login.php" "Mozilla/5.0 (Windows NT 6.1; WOW64; rv:8.0.1) Gecko/20100101 Firefox/8.0.1"
85.17.88.169 - - [01/Apr/2012:11:16:48 -0700] "POST /blog/wp-cron.php?doing_wp_cron=1333303957 HTTP/1.0" 499 0 "-" "WordPress/3.3.1; http://yuvi.in/blog"
203.29.67.138 - - [01/Apr/2012:11:16:49 -0700] "POST /blog/wp-login.php HTTP/1.1" 200 3475 "http://yuvi.in/blog/wp-login.php" "Mozilla/5.0 (Windows NT 6.1; WOW64; rv:8.0.1) Gecko/20100101 Firefox/8.0.1"
85.17.88.169 - - [01/Apr/2012:11:16:51 -0700] "POST /blog/wp-cron.php?doing_wp_cron=1333303959 HTTP/1.0" 499 0 "-" "WordPress/3.3.1; http://yuvi.in/blog"
203.29.67.138 - - [01/Apr/2012:11:16:51 -0700] "POST /blog/wp-login.php HTTP/1.1" 200 3475 "http://yuvi.in/blog/wp-login.php" "Mozilla/5.0 (Windows NT 6.1; WOW64; rv:8.0.1) Gecko/20100101 Firefox/8.0.1"
183.83.17.150 - - [01/Apr/2012:11:16:54 -0700] "GET /AssessmentBar/r/Unassessed_India_articles/ HTTP/1.1" 302 287 "http://en.wikipedia.org/wiki/Society_for_the_Promotion_of_Area_Resource_Centers" "Mozilla/5.0 (X11; Linux i686) AppleWebKit/535.19 (KHTML, like Gecko) Chrome/18.0.1025.142 Safari/535.19"
183.83.17.150 - - [01/Apr/2012:11:17:09 -0700] "-" 400 0 "-" "-"
85.17.88.169 - - [01/Apr/2012:11:19:12 -0700] "POST /blog/wp-cron.php?doing_wp_cron=1333304101 HTTP/1.0" 499 0 "-" "WordPress/3.3.1; http://yuvi.in/blog"
209.117.161.166 - - [01/Apr/2012:11:19:18 -0700] "GET /blog/tag/reddit/ HTTP/1.1" 200 26063 "-" "-"
208.115.111.68 - - [01/Apr/2012:11:19:20 -0700] "GET /robots.txt HTTP/1.1" 404 169 "-" "Mozilla/5.0 (compatible; Ezooms/1.0; ezooms.bot@gmail.com)"
85.17.88.169 - - [01/Apr/2012:11:19:26 -0700] "POST /blog/wp-cron.php?doing_wp_cron=1333304115 HTTP/1.0" 499 0 "-" "WordPress/3.3.1; http://yuvi.in/blog"
208.115.113.84 - - [01/Apr/2012:11:19:27 -0700] "GET /blog/category/uncategorized/ HTTP/1.1" 200 69145 "-" "Mozilla/5.0 (compatible; Ezooms/1.0; ezooms.bot@gmail.com)"
85.17.88.169 - - [01/Apr/2012:11:19:41 -0700] "POST /blog/wp-cron.php?doing_wp_cron=1333304129 HTTP/1.0" 499 0 "-" "WordPress/3.3.1; http://yuvi.in/blog"
209.85.238.244 - - [01/Apr/2012:11:19:41 -0700] "GET /blog/feed/ HTTP/1.1" 304 0 "-" "Feedfetcher-Google; (+http://www.google.com/feedfetcher.html; 18 subscribers; feed-id=15064232456473204253)"
85.17.88.169 - - [01/Apr/2012:11:20:47 -0700] "POST /blog/wp-cron.php?doing_wp_cron=1333304196 HTTP/1.0" 499 0 "-" "WordPress/3.3.1; http://yuvi.in/blog"
207.46.13.99 - - [01/Apr/2012:11:20:48 -0700] "GET /blog/2012/02/ HTTP/1.1" 200 4410 "-" "Mozilla/5.0 (compatible; bingbot/2.0; +http://www.bing.com/bingbot.htm)"
117.216.45.182 - - [01/Apr/2012:11:21:39 -0700] "-" 400 0 "-" "-"
74.6.18.236 - - [01/Apr/2012:11:21:53 -0700] "GET /blog/what-stop-child-athiest/ HTTP/1.1" 200 5573 "-" "Mozilla/5.0 (compatible; Yahoo! Slurp/3.0; http://help.yahoo.com/help/us/ysearch/slurp)"
74.6.18.236 - - [01/Apr/2012:11:21:56 -0700] "GET /blog/wp-content/themes/cleanr/js/jquery.dropdown.js?ver=3.3.1 HTTP/1.1" 200 535 "http://yuvi.in/blog/what-stop-child-athiest/" "Mozilla/5.0 (compatible; Yahoo! Slurp/3.0; http://help.yahoo.com/help/us/ysearch/slurp)"
74.6.18.236 - - [01/Apr/2012:11:21:56 -0700] "GET /blog/wp-content/themes/cleanr/style.css HTTP/1.1" 200 10508 "http://yuvi.in/blog/what-stop-child-athiest/" "Mozilla/5.0 (compatible; Yahoo! Slurp/3.0; http://help.yahoo.com/help/us/ysearch/slurp)"
74.6.18.236 - - [01/Apr/2012:11:21:56 -0700] "GET /blog/wp-includes/js/jquery/jquery.js?ver=1.7.1 HTTP/1.1" 200 93889 "http://yuvi.in/blog/what-stop-child-athiest/" "Mozilla/5.0 (compatible; Yahoo! Slurp/3.0; http://help.yahoo.com/help/us/ysearch/slurp)"
74.6.18.236 - - [01/Apr/2012:11:22:08 -0700] "GET /blog/wp-content/themes/cleanr/css/960.css HTTP/1.1" 200 3628 "http://yuvi.in/blog/wp-content/themes/cleanr/style.css" "Mozilla/5.0 (compatible; Yahoo! Slurp/3.0; http://help.yahoo.com/help/us/ysearch/slurp)"
74.6.18.236 - - [01/Apr/2012:11:22:08 -0700] "GET /blog/wp-content/themes/cleanr/css/reset.css HTTP/1.1" 200 648 "http://yuvi.in/blog/wp-content/themes/cleanr/style.css" "Mozilla/5.0 (compatible; Yahoo! Slurp/3.0; http://help.yahoo.com/help/us/ysearch/slurp)"
74.6.18.236 - - [01/Apr/2012:11:22:08 -0700] "GET /blog/wp-content/themes/cleanr/css/text.css HTTP/1.1" 200 420 "http://yuvi.in/blog/wp-content/themes/cleanr/style.css" "Mozilla/5.0 (compatible; Yahoo! Slurp/3.0; http://help.yahoo.com/help/us/ysearch/slurp)"
209.85.224.91 - - [01/Apr/2012:11:22:43 -0700] "GET /stories/feed HTTP/1.1" 200 13653 "-" "FeedBurner/1.0 (http://www.FeedBurner.com)"
74.6.18.236 - - [01/Apr/2012:11:22:43 -0700] "GET /blog/wp-content/themes/cleanr/images/search_magnifier.gif HTTP/1.1" 200 394 "http://yuvi.in/blog/what-stop-child-athiest/" "Mozilla/5.0 (compatible; Yahoo! Slurp/3.0; http://help.yahoo.com/help/us/ysearch/slurp)"
69.171.234.0 - - [01/Apr/2012:11:23:46 -0700] "GET /r/tpn HTTP/1.1" 301 255 "-" "facebookexternalhit/1.1 (+http://www.facebook.com/externalhit_uatext.php)"
69.171.234.1 - - [01/Apr/2012:11:23:47 -0700] "GET /s/ta/tpn/ HTTP/1.1" 302 265 "-" "facebookexternalhit/1.1 (+http://www.facebook.com/externalhit_uatext.php)"
85.17.88.169 - - [01/Apr/2012:11:24:09 -0700] "POST /blog/wp-cron.php?doing_wp_cron=1333304397 HTTP/1.0" 499 0 "-" "WordPress/3.3.1; http://yuvi.in/blog"
209.117.161.166 - - [01/Apr/2012:11:24:14 -0700] "GET /blog/2010/11/ HTTP/1.1" 200 17114 "-" "-"
66.249.73.23 - - [01/Apr/2012:11:24:27 -0700] "GET /robots.txt HTTP/1.1" 404 211 "-" "Mozilla/5.0 (compatible; Googlebot/2.1; +http://www.google.com/bot.html)"
66.249.73.23 - - [01/Apr/2012:11:24:27 -0700] "GET /r/m8a HTTP/1.1" 301 255 "-" "Mozilla/5.0 (iPhone; U; CPU iPhone OS 4_1 like Mac OS X; en-us) AppleWebKit/532.9 (KHTML, like Gecko) Version/4.0.5 Mobile/8B117 Safari/6531.22.7 (compatible; Googlebot-Mobile/2.1; +http://www.google.com/bot.html)"
66.249.73.23 - - [01/Apr/2012:11:24:29 -0700] "GET /s/ta/m8a/ HTTP/1.1" 302 449 "-" "Mozilla/5.0 (iPhone; U; CPU iPhone OS 4_1 like Mac OS X; en-us) AppleWebKit/532.9 (KHTML, like Gecko) Version/4.0.5 Mobile/8B117 Safari/6531.22.7 (compatible; Googlebot-Mobile/2.1; +http://www.google.com/bot.html)"
74.125.126.101 - - [01/Apr/2012:11:26:59 -0700] "GET /favicon.ico HTTP/1.1" 404 142 "-" "-"
106.51.7.189 - - [01/Apr/2012:11:28:19 -0700] "GET /stories HTTP/1.1" 301 185 "-" "Mozilla/5.0 (Macintosh; Intel Mac OS X 10_7_3) AppleWebKit/535.19 (KHTML, like Gecko) Chrome/18.0.1025.142 Safari/535.19"
106.51.7.189 - - [01/Apr/2012:11:28:19 -0700] "GET /stories/ HTTP/1.1" 200 1271 "-" "Mozilla/5.0 (Macintosh; Intel Mac OS X 10_7_3) AppleWebKit/535.19 (KHTML, like Gecko) Chrome/18.0.1025.142 Safari/535.19"
106.51.7.189 - - [01/Apr/2012:11:28:20 -0700] "GET /stories/static/style.css HTTP/1.1" 200 1274 "http://yuvi.in/stories/" "Mozilla/5.0 (Macintosh; Intel Mac OS X 10_7_3) AppleWebKit/535.19 (KHTML, like Gecko) Chrome/18.0.1025.142 Safari/535.19"
106.51.7.189 - - [01/Apr/2012:11:28:20 -0700] "GET /stories/static/codehilite.css HTTP/1.1" 200 4012 "http://yuvi.in/stories/" "Mozilla/5.0 (Macintosh; Intel Mac OS X 10_7_3) AppleWebKit/535.19 (KHTML, like Gecko) Chrome/18.0.1025.142 Safari/535.19"
106.51.7.189 - - [01/Apr/2012:11:28:21 -0700] "GET /favicon.ico HTTP/1.1" 404 199 "-" "Mozilla/5.0 (Macintosh; Intel Mac OS X 10_7_3) AppleWebKit/535.19 (KHTML, like Gecko) Chrome/18.0.1025.142 Safari/535.19"
76.197.240.235 - - [01/Apr/2012:11:30:04 -0700] "-" 400 0 "-" "-"
76.197.240.235 - - [01/Apr/2012:11:30:04 -0700] "-" 400 0 "-" "-"
85.17.88.169 - - [01/Apr/2012:11:30:12 -0700] "POST /blog/wp-cron.php?doing_wp_cron=1333304760 HTTP/1.0" 499 0 "-" "WordPress/3.3.1; http://yuvi.in/blog"
209.85.224.92 - - [01/Apr/2012:11:30:12 -0700] "GET /blog/feed HTTP/1.1" 304 0 "-" "FeedBurner/1.0 (http://www.FeedBurner.com)"
80.177.10.254 - - [01/Apr/2012:11:30:46 -0700] "GET /stories/ HTTP/1.1" 200 1271 "-" "Mozilla/5.0 (Windows NT 6.1; WOW64; rv:11.0) Gecko/20100101 Firefox/11.0"
80.177.10.254 - - [01/Apr/2012:11:30:46 -0700] "GET /stories/static/style.css HTTP/1.1" 200 1274 "http://yuvi.in/stories/" "Mozilla/5.0 (Windows NT 6.1; WOW64; rv:11.0) Gecko/20100101 Firefox/11.0"
80.177.10.254 - - [01/Apr/2012:11:30:46 -0700] "GET /stories/static/codehilite.css HTTP/1.1" 200 4012 "http://yuvi.in/stories/" "Mozilla/5.0 (Windows NT 6.1; WOW64; rv:11.0) Gecko/20100101 Firefox/11.0"
80.177.10.254 - - [01/Apr/2012:11:30:49 -0700] "GET /favicon.ico HTTP/1.1" 404 142 "-" "Mozilla/5.0 (Windows NT 6.1; WOW64; rv:11.0) Gecko/20100101 Firefox/11.0"
80.177.10.254 - - [01/Apr/2012:11:30:49 -0700] "GET /favicon.ico HTTP/1.1" 404 142 "-" "Mozilla/5.0 (Windows NT 6.1; WOW64; rv:11.0) Gecko/20100101 Firefox/11.0"
80.177.10.254 - - [01/Apr/2012:11:30:50 -0700] "GET /favicon.ico HTTP/1.1" 404 142 "-" "Mozilla/5.0 (Windows NT 6.1; WOW64; rv:11.0) Gecko/20100101 Firefox/11.0"
117.216.45.182 - - [01/Apr/2012:11:31:59 -0700] "-" 400 0 "-" "-"
85.17.88.169 - - [01/Apr/2012:11:32:04 -0700] "POST /blog/wp-cron.php?doing_wp_cron=1333304873 HTTP/1.0" 499 0 "-" "WordPress/3.3.1; http://yuvi.in/blog"
74.125.70.83 - - [01/Apr/2012:11:32:04 -0700] "GET /blog/ HTTP/1.1" 200 9194 "-" "Mozilla/5.0 (en-us) AppleWebKit/534.14 (KHTML, like Gecko; Google Wireless Transcoder) Chrome/9.0.597 Safari/534.14"
74.125.16.219 - - [01/Apr/2012:11:32:06 -0700] "GET /blog/wp-content/themes/cleanr/images/search_magnifier.gif HTTP/1.1" 200 394 "http://yuvi.in/blog/" "Mozilla/5.0 (en-us) AppleWebKit/534.14 (KHTML, like Gecko; Google Wireless Transcoder) Chrome/9.0.597 Safari/534.14"
74.125.16.223 - - [01/Apr/2012:11:32:06 -0700] "GET /blog/wp-content/themes/cleanr/style.css HTTP/1.1" 200 10508 "http://yuvi.in/blog/" "Mozilla/5.0 (en-us) AppleWebKit/534.14 (KHTML, like Gecko; Google Wireless Transcoder) Chrome/9.0.597 Safari/534.14"
74.125.16.212 - - [01/Apr/2012:11:32:06 -0700] "GET /blog/wp-content/themes/cleanr/css/reset.css HTTP/1.1" 200 648 "http://yuvi.in/blog/" "Mozilla/5.0 (en-us) AppleWebKit/534.14 (KHTML, like Gecko; Google Wireless Transcoder) Chrome/9.0.597 Safari/534.14"
74.125.16.217 - - [01/Apr/2012:11:32:06 -0700] "GET /blog/wp-content/themes/cleanr/css/960.css HTTP/1.1" 200 3628 "http://yuvi.in/blog/" "Mozilla/5.0 (en-us) AppleWebKit/534.14 (KHTML, like Gecko; Google Wireless Transcoder) Chrome/9.0.597 Safari/534.14"
74.125.16.214 - - [01/Apr/2012:11:32:06 -0700] "GET /blog/wp-content/themes/cleanr/css/text.css HTTP/1.1" 200 420 "http://yuvi.in/blog/" "Mozilla/5.0 (en-us) AppleWebKit/534.14 (KHTML, like Gecko; Google Wireless Transcoder) Chrome/9.0.597 Safari/534.14"
85.17.88.169 - - [01/Apr/2012:11:35:05 -0700] "POST /blog/wp-cron.php?doing_wp_cron=1333305054 HTTP/1.0" 499 0 "-" "WordPress/3.3.1; http://yuvi.in/blog"
209.117.161.166 - - [01/Apr/2012:11:35:11 -0700] "GET /blog/tag/blogging/ HTTP/1.1" 200 15514 "-" "-"
117.216.45.182 - - [01/Apr/2012:11:37:29 -0700] "-" 400 0 "-" "-"
117.216.45.182 - - [01/Apr/2012:11:37:29 -0700] "-" 400 0 "-" "-"
117.216.45.182 - - [01/Apr/2012:11:38:09 -0700] "-" 400 0 "-" "-"
117.216.45.182 - - [01/Apr/2012:11:38:09 -0700] "-" 400 0 "-" "-"
62.249.165.195 - - [01/Apr/2012:11:39:45 -0700] "GET /robots.txt HTTP/1.0" 404 169 "-" "Mozilla/5.0 (compatible; MJ12bot/v1.4.2; http://www.majestic12.co.uk/bot.php?+)"
62.249.165.195 - - [01/Apr/2012:11:39:47 -0700] "GET / HTTP/1.1" 200 3439 "-" "Mozilla/5.0 (compatible; MJ12bot/v1.4.2; http://www.majestic12.co.uk/bot.php?+)"
85.17.88.169 - - [01/Apr/2012:11:40:18 -0700] "POST /blog/wp-cron.php?doing_wp_cron=1333305366 HTTP/1.0" 499 0 "-" "WordPress/3.3.1; http://yuvi.in/blog"
207.46.195.239 - - [01/Apr/2012:11:40:18 -0700] "GET /blog/programmer-run-code-head/ HTTP/1.1" 200 5231 "-" "Mozilla/5.0 (compatible; bingbot/2.0; +http://www.bing.com/bingbot.htm)"
85.17.88.169 - - [01/Apr/2012:11:43:16 -0700] "POST /blog/wp-cron.php?doing_wp_cron=1333305544 HTTP/1.0" 499 0 "-" "WordPress/3.3.1; http://yuvi.in/blog"
209.117.161.166 - - [01/Apr/2012:11:43:22 -0700] "GET /blog/category/so-called-it/ HTTP/1.1" 200 36499 "-" "-"
89.145.108.203 - - [01/Apr/2012:11:46:08 -0700] "GET /blog HTTP/1.1" 301 178 "-" "Mozilla/4.0 (compatible; MSIE 7.0; Windows NT 5.1; .NET CLR 1.1.4322; .NET CLR 2.0.50727; .NET CLR 3.0.4506.2152; .NET CLR 3.5.30729; InfoPath.2; MS-RTC LM 8)"
89.145.108.203 - - [01/Apr/2012:11:46:09 -0700] "GET /blog/ HTTP/1.1" 200 33222 "-" "Mozilla/4.0 (compatible; MSIE 7.0; Windows NT 5.1; .NET CLR 1.1.4322; .NET CLR 2.0.50727; .NET CLR 3.0.4506.2152; .NET CLR 3.5.30729; InfoPath.2; MS-RTC LM 8)"
112.79.40.109 - - [01/Apr/2012:11:46:20 -0700] "GET /r/1npa HTTP/1.1" 301 257 "http://ta.wikipedia.org/wiki/%E0%AE%AA%E0%AE%95%E0%AF%81%E0%AE%AA%E0%AF%8D%E0%AE%AA%E0%AF%81:%E0%AE%85%E0%AE%B0%E0%AE%BF%E0%AE%AF%E0%AE%B2%E0%AF%82%E0%AE%B0%E0%AF%8D_%E0%AE%AE%E0%AE%BE%E0%AE%B5%E0%AE%9F%E0%AF%8D%E0%AE%9F%E0%AE%AE%E0%AF%8D" "Mozilla/5.0 (Windows; U; Windows NT 5.1; en-US; rv:1.9.2.16) Gecko/20110319 Firefox/3.6.16"
112.79.40.109 - - [01/Apr/2012:11:46:22 -0700] "GET /s/ta/1npa/ HTTP/1.1" 302 547 "http://ta.wikipedia.org/wiki/%E0%AE%AA%E0%AE%95%E0%AF%81%E0%AE%AA%E0%AF%8D%E0%AE%AA%E0%AF%81:%E0%AE%85%E0%AE%B0%E0%AE%BF%E0%AE%AF%E0%AE%B2%E0%AF%82%E0%AE%B0%E0%AF%8D_%E0%AE%AE%E0%AE%BE%E0%AE%B5%E0%AE%9F%E0%AF%8D%E0%AE%9F%E0%AE%AE%E0%AF%8D" "Mozilla/5.0 (Windows; U; Windows NT 5.1; en-US; rv:1.9.2.16) Gecko/20110319 Firefox/3.6.16"
85.17.88.169 - - [01/Apr/2012:11:46:37 -0700] "POST /blog/wp-cron.php?doing_wp_cron=1333305746 HTTP/1.0" 499 0 "-" "WordPress/3.3.1; http://yuvi.in/blog"
209.117.161.166 - - [01/Apr/2012:11:46:43 -0700] "GET /blog/category/education/ HTTP/1.1" 200 48811 "-" "-"
188.109.90.105 - - [01/Apr/2012:11:48:03 -0700] "GET /r/ad0 HTTP/1.1" 301 255 "http://inaippu.blog.com/" "Mozilla/5.0 (Windows NT 6.1; WOW64; rv:11.0) Gecko/20100101 Firefox/11.0"
188.109.90.105 - - [01/Apr/2012:11:48:04 -0700] "GET /s/ta/ad0/ HTTP/1.1" 302 741 "http://inaippu.blog.com/" "Mozilla/5.0 (Windows NT 6.1; WOW64; rv:11.0) Gecko/20100101 Firefox/11.0"
85.17.88.169 - - [01/Apr/2012:11:49:18 -0700] "POST /blog/wp-cron.php?doing_wp_cron=1333305906 HTTP/1.0" 499 0 "-" "WordPress/3.3.1; http://yuvi.in/blog"
207.46.13.99 - - [01/Apr/2012:11:49:19 -0700] "GET /blog/story-average-indian-techie/ HTTP/1.1" 200 15981 "-" "Mozilla/5.0 (compatible; bingbot/2.0; +http://www.bing.com/bingbot.htm)"
117.202.184.77 - - [01/Apr/2012:11:52:40 -0700] "-" 400 0 "-" "-"
85.17.88.169 - - [01/Apr/2012:11:52:57 -0700] "POST /blog/wp-cron.php?doing_wp_cron=1333306125 HTTP/1.0" 499 0 "-" "WordPress/3.3.1; http://yuvi.in/blog"
209.117.161.166 - - [01/Apr/2012:11:53:02 -0700] "GET /blog/tag/bigotry/ HTTP/1.1" 200 17145 "-" "-"
89.145.108.203 - - [01/Apr/2012:11:55:33 -0700] "GET /blog HTTP/1.1" 301 178 "-" "Mozilla/4.0 (compatible; MSIE 7.0; Windows NT 5.1; .NET CLR 1.1.4322; .NET CLR 2.0.50727; .NET CLR 3.0.4506.2152; .NET CLR 3.5.30729; InfoPath.2; MS-RTC LM 8)"
89.145.108.203 - - [01/Apr/2012:11:55:34 -0700] "GET /blog/ HTTP/1.1" 200 33230 "-" "Mozilla/4.0 (compatible; MSIE 7.0; Windows NT 5.1; .NET CLR 1.1.4322; .NET CLR 2.0.50727; .NET CLR 3.0.4506.2152; .NET CLR 3.5.30729; InfoPath.2; MS-RTC LM 8)"
85.17.88.169 - - [01/Apr/2012:11:56:01 -0700] "POST /blog/wp-cron.php?doing_wp_cron=1333306309 HTTP/1.0" 499 0 "-" "WordPress/3.3.1; http://yuvi.in/blog"
209.117.161.166 - - [01/Apr/2012:11:56:07 -0700] "GET /blog/tag/personal/ HTTP/1.1" 200 46811 "-" "-"
67.215.230.28 - - [01/Apr/2012:11:59:25 -0700] "GET /robots.txt HTTP/1.0" 404 169 "-" "Setooz/Nutch-1.2 (http://www.setooz.com)"
67.215.230.28 - - [01/Apr/2012:11:59:25 -0700] "GET /stories HTTP/1.0" 301 185 "-" "Setooz/Nutch-1.2 (http://www.setooz.com)"
67.215.230.27 - - [01/Apr/2012:11:59:34 -0700] "GET /robots.txt HTTP/1.0" 404 169 "-" "Setooz/Nutch-1.2 (http://www.setooz.com)"
67.215.230.27 - - [01/Apr/2012:11:59:34 -0700] "GET / HTTP/1.0" 200 3439 "-" "Setooz/Nutch-1.2 (http://www.setooz.com)"
85.17.88.169 - - [01/Apr/2012:12:00:22 -0700] "POST /blog/wp-cron.php?doing_wp_cron=1333306570 HTTP/1.0" 499 0 "-" "WordPress/3.3.1; http://yuvi.in/blog"
209.85.224.90 - - [01/Apr/2012:12:00:22 -0700] "GET /blog/feed HTTP/1.1" 304 0 "-" "FeedBurner/1.0 (http://www.FeedBurner.com)"
94.97.117.57 - - [01/Apr/2012:12:00:41 -0700] "GET /e/edia:Kannada_support HTTP/1.1" 301 291 "http://ta.wikipedia.org/wiki/WP:TamilFontHelp" "Mozilla/5.0 (Windows NT 5.1) AppleWebKit/535.19 (KHTML, like Gecko) Chrome/18.0.1025.142 Safari/535.19"
94.97.117.57 - - [01/Apr/2012:12:00:42 -0700] "GET /en/ta/edia:Kannada_support/ HTTP/1.1" 302 265 "http://ta.wikipedia.org/wiki/WP:TamilFontHelp" "Mozilla/5.0 (Windows NT 5.1) AppleWebKit/535.19 (KHTML, like Gecko) Chrome/18.0.1025.142 Safari/535.19"
94.97.117.57 - - [01/Apr/2012:12:00:59 -0700] "-" 400 0 "-" "-"
85.17.88.169 - - [01/Apr/2012:12:03:29 -0700] "POST /blog/wp-cron.php?doing_wp_cron=1333306757 HTTP/1.0" 499 0 "-" "WordPress/3.3.1; http://yuvi.in/blog"
117.241.96.28 - - [01/Apr/2012:12:03:29 -0700] "GET /blog/sleepsort-4chan/ HTTP/1.1" 200 4446 "http://www.google.co.in/url?sa=t&rct=j&q=&esrc=s&source=web&cd=99&ved=0CGsQFjAIOFo&url=http%3A%2F%2Fyuvi.in%2Fblog%2Fsleepsort-4chan%2F&ei=d6V4T7PrB4bZrQfJmZmJDQ&usg=AFQjCNEk30XoVK8Lz9DVkSfAOfyyV3xCWQ&sig2=jRjGj761_QZBzBf8ClzcAQ" "Mozilla/5.0 (Windows NT 6.1; WOW64) AppleWebKit/535.19 (KHTML, like Gecko) Chrome/18.0.1025.142 Safari/535.19"
117.241.96.28 - - [01/Apr/2012:12:03:31 -0700] "GET /blog/wp-content/themes/cleanr/js/jquery.dropdown.js?ver=3.3.1 HTTP/1.1" 200 535 "http://yuvi.in/blog/sleepsort-4chan/" "Mozilla/5.0 (Windows NT 6.1; WOW64) AppleWebKit/535.19 (KHTML, like Gecko) Chrome/18.0.1025.142 Safari/535.19"
117.241.96.28 - - [01/Apr/2012:12:03:31 -0700] "GET /blog/wp-content/themes/cleanr/style.css HTTP/1.1" 200 10508 "http://yuvi.in/blog/sleepsort-4chan/" "Mozilla/5.0 (Windows NT 6.1; WOW64) AppleWebKit/535.19 (KHTML, like Gecko) Chrome/18.0.1025.142 Safari/535.19"
117.241.96.28 - - [01/Apr/2012:12:03:32 -0700] "GET /blog/wp-content/themes/cleanr/css/reset.css HTTP/1.1" 200 648 "http://yuvi.in/blog/sleepsort-4chan/" "Mozilla/5.0 (Windows NT 6.1; WOW64) AppleWebKit/535.19 (KHTML, like Gecko) Chrome/18.0.1025.142 Safari/535.19"
117.241.96.28 - - [01/Apr/2012:12:03:32 -0700] "GET /blog/wp-content/themes/cleanr/css/text.css HTTP/1.1" 200 420 "http://yuvi.in/blog/sleepsort-4chan/" "Mozilla/5.0 (Windows NT 6.1; WOW64) AppleWebKit/535.19 (KHTML, like Gecko) Chrome/18.0.1025.142 Safari/535.19"
117.241.96.28 - - [01/Apr/2012:12:03:32 -0700] "GET /blog/wp-content/themes/cleanr/css/960.css HTTP/1.1" 200 3628 "http://yuvi.in/blog/sleepsort-4chan/" "Mozilla/5.0 (Windows NT 6.1; WOW64) AppleWebKit/535.19 (KHTML, like Gecko) Chrome/18.0.1025.142 Safari/535.19"
117.241.96.28 - - [01/Apr/2012:12:03:34 -0700] "GET /blog/wp-includes/js/jquery/jquery.js?ver=1.7.1 HTTP/1.1" 200 93889 "http://yuvi.in/blog/sleepsort-4chan/" "Mozilla/5.0 (Windows NT 6.1; WOW64) AppleWebKit/535.19 (KHTML, like Gecko) Chrome/18.0.1025.142 Safari/535.19"
117.241.96.28 - - [01/Apr/2012:12:03:35 -0700] "GET /blog/wp-content/themes/cleanr/images/search_magnifier.gif HTTP/1.1" 200 394 "http://yuvi.in/blog/sleepsort-4chan/" "Mozilla/5.0 (Windows NT 6.1; WOW64) AppleWebKit/535.19 (KHTML, like Gecko) Chrome/18.0.1025.142 Safari/535.19"
117.241.96.28 - - [01/Apr/2012:12:03:39 -0700] "GET /favicon.ico HTTP/1.1" 404 199 "-" "Mozilla/5.0 (Windows NT 6.1; WOW64) AppleWebKit/535.19 (KHTML, like Gecko) Chrome/18.0.1025.142 Safari/535.19"
85.17.88.169 - - [01/Apr/2012:12:03:45 -0700] "POST /blog/wp-cron.php?doing_wp_cron=1333306773 HTTP/1.0" 499 0 "-" "WordPress/3.3.1; http://yuvi.in/blog"
117.241.96.28 - - [01/Apr/2012:12:03:45 -0700] "GET /blog/sleepsort-4chan/?cf_action=sync_comments&post_id=154 HTTP/1.1" 200 48 "http://yuvi.in/blog/sleepsort-4chan/" "Mozilla/5.0 (Windows NT 6.1; WOW64) AppleWebKit/535.19 (KHTML, like Gecko) Chrome/18.0.1025.142 Safari/535.19"
85.17.88.169 - - [01/Apr/2012:12:03:54 -0700] "POST /blog/wp-cron.php?doing_wp_cron=1333306782 HTTP/1.0" 499 0 "-" "WordPress/3.3.1; http://yuvi.in/blog"
209.85.238.244 - - [01/Apr/2012:12:03:55 -0700] "GET /blog/feed HTTP/1.1" 301 0 "-" "Feedfetcher-Google; (+http://www.google.com/feedfetcher.html; 3 subscribers; feed-id=17684830852112633560)"
85.17.88.169 - - [01/Apr/2012:12:03:56 -0700] "POST /blog/wp-cron.php?doing_wp_cron=1333306785 HTTP/1.0" 499 0 "-" "WordPress/3.3.1; http://yuvi.in/blog"
209.85.238.244 - - [01/Apr/2012:12:03:57 -0700] "GET /blog/feed/ HTTP/1.1" 304 0 "-" "Feedfetcher-Google; (+http://www.google.com/feedfetcher.html; 3 subscribers; feed-id=17684830852112633560)"
85.17.88.169 - - [01/Apr/2012:12:05:20 -0700] "POST /blog/wp-cron.php?doing_wp_cron=1333306868 HTTP/1.0" 499 0 "-" "WordPress/3.3.1; http://yuvi.in/blog"
209.117.161.166 - - [01/Apr/2012:12:05:25 -0700] "GET /blog/tag/talk/ HTTP/1.1" 200 15250 "-" "-"
94.97.117.57 - - [01/Apr/2012:12:06:05 -0700] "GET /r/1k65 HTTP/1.1" 301 257 "http://ta.wikipedia.org/w/index.php?title=WP:TamilFontHelp&redirect=no" "Mozilla/5.0 (Windows NT 5.1) AppleWebKit/535.19 (KHTML, like Gecko) Chrome/18.0.1025.142 Safari/535.19"
94.97.117.57 - - [01/Apr/2012:12:06:06 -0700] "GET /s/ta/1k65/ HTTP/1.1" 302 297 "http://ta.wikipedia.org/w/index.php?title=WP:TamilFontHelp&redirect=no" "Mozilla/5.0 (Windows NT 5.1) AppleWebKit/535.19 (KHTML, like Gecko) Chrome/18.0.1025.142 Safari/535.19"
94.97.117.57 - - [01/Apr/2012:12:06:19 -0700] "-" 400 0 "-" "-"
64.53.217.247 - - [01/Apr/2012:12:07:39 -0700] "GET /r/78t HTTP/1.1" 301 255 "http://ta.wikipedia.org/wiki/%E0%AE%AF%E0%AE%9A%E0%AF%81%E0%AE%B0%E0%AF%8D_%E0%AE%B5%E0%AF%87%E0%AE%A4%E0%AE%AE%E0%AF%8D" "Mozilla/5.0 (Windows NT 6.1; WOW64; rv:11.0) Gecko/20100101 Firefox/11.0"
64.53.217.247 - - [01/Apr/2012:12:07:40 -0700] "GET /s/ta/78t/ HTTP/1.1" 302 389 "http://ta.wikipedia.org/wiki/%E0%AE%AF%E0%AE%9A%E0%AF%81%E0%AE%B0%E0%AF%8D_%E0%AE%B5%E0%AF%87%E0%AE%A4%E0%AE%AE%E0%AF%8D" "Mozilla/5.0 (Windows NT 6.1; WOW64; rv:11.0) Gecko/20100101 Firefox/11.0"
85.17.88.169 - - [01/Apr/2012:12:08:58 -0700] "POST /blog/wp-cron.php?doing_wp_cron=1333307086 HTTP/1.0" 499 0 "-" "WordPress/3.3.1; http://yuvi.in/blog"
209.117.161.166 - - [01/Apr/2012:12:09:03 -0700] "GET /blog/2011/01/ HTTP/1.1" 200 23634 "-" "-"
207.46.204.166 - - [01/Apr/2012:12:09:53 -0700] "-" 400 0 "-" "-"
207.46.204.166 - - [01/Apr/2012:12:09:53 -0700] "-" 400 0 "-" "-"
207.46.204.166 - - [01/Apr/2012:12:09:53 -0700] "-" 400 0 "-" "-"
207.46.204.166 - - [01/Apr/2012:12:09:54 -0700] "-" 400 0 "-" "-"
207.46.204.166 - - [01/Apr/2012:12:09:54 -0700] "-" 400 0 "-" "-"
207.46.204.166 - - [01/Apr/2012:12:09:54 -0700] "-" 400 0 "-" "-"
207.46.204.166 - - [01/Apr/2012:12:09:54 -0700] "-" 400 0 "-" "-"
207.46.204.166 - - [01/Apr/2012:12:09:54 -0700] "-" 400 0 "-" "-"
207.46.204.166 - - [01/Apr/2012:12:09:54 -0700] "-" 400 0 "-" "-"
89.145.108.202 - - [01/Apr/2012:12:10:16 -0700] "GET /blog HTTP/1.1" 301 178 "-" "Mozilla/4.0 (compatible; MSIE 7.0; Windows NT 5.1; .NET CLR 1.1.4322; .NET CLR 2.0.50727; .NET CLR 3.0.4506.2152; .NET CLR 3.5.30729; InfoPath.2; MS-RTC LM 8)"
89.145.108.202 - - [01/Apr/2012:12:10:17 -0700] "GET /blog/ HTTP/1.1" 200 33222 "-" "Mozilla/4.0 (compatible; MSIE 7.0; Windows NT 5.1; .NET CLR 1.1.4322; .NET CLR 2.0.50727; .NET CLR 3.0.4506.2152; .NET CLR 3.5.30729; InfoPath.2; MS-RTC LM 8)"
69.171.247.0 - - [01/Apr/2012:12:13:26 -0700] "GET /r/240g HTTP/1.1" 301 257 "-" "facebookexternalhit/1.1 (+http://www.facebook.com/externalhit_uatext.php)"
69.171.247.3 - - [01/Apr/2012:12:13:26 -0700] "GET /s/ta/240g/ HTTP/1.1" 302 397 "-" "facebookexternalhit/1.1 (+http://www.facebook.com/externalhit_uatext.php)"
66.249.73.27 - - [01/Apr/2012:12:16:17 -0700] "GET /robots.txt HTTP/1.1" 404 142 "-" "Mozilla/5.0 (compatible; Googlebot/2.1; +http://www.google.com/bot.html)"
85.17.88.169 - - [01/Apr/2012:12:16:19 -0700] "POST /blog/wp-cron.php?doing_wp_cron=1333307527 HTTP/1.0" 499 0 "-" "WordPress/3.3.1; http://yuvi.in/blog"
66.249.73.27 - - [01/Apr/2012:12:16:19 -0700] "GET /blog/2010/01/26/ HTTP/1.1" 200 4253 "-" "Mozilla/5.0 (compatible; Googlebot/2.1; +http://www.google.com/bot.html)"
85.17.88.169 - - [01/Apr/2012:12:16:33 -0700] "POST /blog/wp-cron.php?doing_wp_cron=1333307541 HTTP/1.0" 499 0 "-" "WordPress/3.3.1; http://yuvi.in/blog"
209.117.161.166 - - [01/Apr/2012:12:16:39 -0700] "GET /blog/tag/athiesm/ HTTP/1.1" 200 17145 "-" "-"
69.171.228.249 - - [01/Apr/2012:12:16:45 -0700] "GET /r/tpn HTTP/1.1" 301 255 "-" "facebookexternalhit/1.1 (+http://www.facebook.com/externalhit_uatext.php)"
69.171.228.251 - - [01/Apr/2012:12:16:46 -0700] "GET /s/ta/tpn/ HTTP/1.1" 302 265 "-" "facebookexternalhit/1.1 (+http://www.facebook.com/externalhit_uatext.php)"
183.83.17.150 - - [01/Apr/2012:12:19:30 -0700] "GET /AssessmentBar/r/Unassessed_India_articles/ HTTP/1.1" 302 293 "http://en.wikipedia.org/wiki/Surender_Koli" "Mozilla/5.0 (X11; Linux i686) AppleWebKit/535.19 (KHTML, like Gecko) Chrome/18.0.1025.142 Safari/535.19"
183.83.17.150 - - [01/Apr/2012:12:19:45 -0700] "-" 400 0 "-" "-"
183.83.17.150 - - [01/Apr/2012:12:19:59 -0700] "GET /AssessmentBar/r/Unassessed_India_articles/ HTTP/1.1" 302 299 "http://en.wikipedia.org/wiki/Podcasting_in_India" "Mozilla/5.0 (X11; Linux i686) AppleWebKit/535.19 (KHTML, like Gecko) Chrome/18.0.1025.142 Safari/535.19"
183.83.17.150 - - [01/Apr/2012:12:20:50 -0700] "GET /AssessmentBar/r/Unassessed_India_articles/ HTTP/1.1" 302 311 "http://en.wikipedia.org/wiki/Gobind_Sadan_Institute" "Mozilla/5.0 (X11; Linux i686) AppleWebKit/535.19 (KHTML, like Gecko) Chrome/18.0.1025.142 Safari/535.19"
183.83.17.150 - - [01/Apr/2012:12:21:41 -0700] "GET /AssessmentBar/r/Unassessed_India_articles/ HTTP/1.1" 302 275 "http://en.wikipedia.org/wiki/Mhow_-_Ratlam_Fast_Passenger" "Mozilla/5.0 (X11; Linux i686) AppleWebKit/535.19 (KHTML, like Gecko) Chrome/18.0.1025.142 Safari/535.19"
183.83.17.150 - - [01/Apr/2012:12:22:07 -0700] "GET /AssessmentBar/r/Unassessed_India_articles/ HTTP/1.1" 302 273 "http://en.wikipedia.org/wiki/Loha_Singh" "Mozilla/5.0 (X11; Linux i686) AppleWebKit/535.19 (KHTML, like Gecko) Chrome/18.0.1025.142 Safari/535.19"
209.85.224.84 - - [01/Apr/2012:12:22:45 -0700] "GET /stories/feed HTTP/1.1" 200 13653 "-" "FeedBurner/1.0 (http://www.FeedBurner.com)"
85.17.88.169 - - [01/Apr/2012:12:23:39 -0700] "POST /blog/wp-cron.php?doing_wp_cron=1333307967 HTTP/1.0" 499 0 "-" "WordPress/3.3.1; http://yuvi.in/blog"
209.117.161.166 - - [01/Apr/2012:12:23:44 -0700] "GET /blog/tag/algorithm/ HTTP/1.1" 200 15418 "-" "-"
66.220.149.248 - - [01/Apr/2012:12:25:28 -0700] "GET /r/1eg5 HTTP/1.1" 301 257 "-" "facebookexternalhit/1.1 (+http://www.facebook.com/externalhit_uatext.php)"
66.220.149.246 - - [01/Apr/2012:12:25:28 -0700] "GET /s/ta/1eg5/ HTTP/1.1" 302 337 "-" "facebookexternalhit/1.1 (+http://www.facebook.com/externalhit_uatext.php)"
207.46.12.71 - - [01/Apr/2012:12:26:47 -0700] "-" 400 0 "-" "-"
207.46.12.71 - - [01/Apr/2012:12:26:50 -0700] "-" 400 0 "-" "-"
207.46.12.71 - - [01/Apr/2012:12:26:51 -0700] "-" 400 0 "-" "-"
207.46.12.71 - - [01/Apr/2012:12:26:51 -0700] "-" 400 0 "-" "-"
207.46.12.71 - - [01/Apr/2012:12:26:52 -0700] "-" 400 0 "-" "-"
207.46.12.71 - - [01/Apr/2012:12:26:52 -0700] "-" 400 0 "-" "-"
207.46.12.71 - - [01/Apr/2012:12:26:53 -0700] "-" 400 0 "-" "-"
207.46.12.71 - - [01/Apr/2012:12:26:54 -0700] "-" 400 0 "-" "-"
207.46.12.71 - - [01/Apr/2012:12:26:54 -0700] "-" 400 0 "-" "-"
85.17.88.169 - - [01/Apr/2012:12:27:05 -0700] "POST /blog/wp-cron.php?doing_wp_cron=1333308173 HTTP/1.0" 499 0 "-" "WordPress/3.3.1; http://yuvi.in/blog"
100.43.83.144 - - [01/Apr/2012:12:27:05 -0700] "GET /blog/infosys-tcs-or-wipro-none/ HTTP/1.1" 200 7774 "-" "Mozilla/5.0 (compatible; YandexBot/3.0; +http://yandex.com/bots)"
207.46.12.71 - - [01/Apr/2012:12:27:45 -0700] "-" 400 0 "-" "-"
207.46.12.71 - - [01/Apr/2012:12:27:45 -0700] "-" 400 0 "-" "-"
207.46.204.165 - - [01/Apr/2012:12:27:52 -0700] "-" 400 0 "-" "-"
207.46.204.165 - - [01/Apr/2012:12:27:52 -0700] "-" 400 0 "-" "-"
207.46.204.165 - - [01/Apr/2012:12:27:52 -0700] "-" 400 0 "-" "-"
207.46.204.165 - - [01/Apr/2012:12:27:53 -0700] "-" 400 0 "-" "-"
207.46.204.165 - - [01/Apr/2012:12:27:53 -0700] "-" 400 0 "-" "-"
207.46.204.165 - - [01/Apr/2012:12:27:53 -0700] "-" 400 0 "-" "-"
207.46.204.165 - - [01/Apr/2012:12:27:53 -0700] "-" 400 0 "-" "-"
207.46.204.165 - - [01/Apr/2012:12:27:53 -0700] "-" 400 0 "-" "-"
207.46.204.165 - - [01/Apr/2012:12:27:53 -0700] "-" 400 0 "-" "-"
207.46.204.165 - - [01/Apr/2012:12:28:03 -0700] "-" 400 0 "-" "-"
207.46.204.165 - - [01/Apr/2012:12:28:04 -0700] "-" 400 0 "-" "-"
85.17.88.169 - - [01/Apr/2012:12:28:10 -0700] "POST /blog/wp-cron.php?doing_wp_cron=1333308238 HTTP/1.0" 499 0 "-" "WordPress/3.3.1; http://yuvi.in/blog"
209.117.161.166 - - [01/Apr/2012:12:28:15 -0700] "GET /blog/category/devlog/ HTTP/1.1" 200 43345 "-" "-"
85.17.88.169 - - [01/Apr/2012:12:29:11 -0700] "POST /blog/wp-cron.php?doing_wp_cron=1333308299 HTTP/1.0" 499 0 "-" "WordPress/3.3.1; http://yuvi.in/blog"
209.85.238.244 - - [01/Apr/2012:12:29:12 -0700] "GET /blog/feed/ HTTP/1.1" 304 0 "-" "Feedfetcher-Google; (+http://www.google.com/feedfetcher.html; 18 subscribers; feed-id=15064232456473204253)"
85.17.88.169 - - [01/Apr/2012:12:30:32 -0700] "POST /blog/wp-cron.php?doing_wp_cron=1333308380 HTTP/1.0" 499 0 "-" "WordPress/3.3.1; http://yuvi.in/blog"
209.85.224.81 - - [01/Apr/2012:12:30:32 -0700] "GET /blog/feed HTTP/1.1" 304 0 "-" "FeedBurner/1.0 (http://www.FeedBurner.com)"
66.220.156.7 - - [01/Apr/2012:12:32:28 -0700] "GET /r/252 HTTP/1.1" 301 255 "-" "facebookexternalhit/1.1 (+http://www.facebook.com/externalhit_uatext.php)"
66.220.156.7 - - [01/Apr/2012:12:32:28 -0700] "GET /s/ta/252/ HTTP/1.1" 302 461 "-" "facebookexternalhit/1.1 (+http://www.facebook.com/externalhit_uatext.php)"
207.46.204.164 - - [01/Apr/2012:12:35:33 -0700] "-" 400 0 "-" "-"
207.46.204.164 - - [01/Apr/2012:12:35:33 -0700] "-" 400 0 "-" "-"
207.46.204.164 - - [01/Apr/2012:12:35:33 -0700] "-" 400 0 "-" "-"
207.46.204.164 - - [01/Apr/2012:12:35:34 -0700] "-" 400 0 "-" "-"
207.46.204.164 - - [01/Apr/2012:12:35:34 -0700] "-" 400 0 "-" "-"
207.46.204.164 - - [01/Apr/2012:12:35:34 -0700] "-" 400 0 "-" "-"
207.46.204.164 - - [01/Apr/2012:12:35:34 -0700] "-" 400 0 "-" "-"
207.46.204.164 - - [01/Apr/2012:12:35:34 -0700] "-" 400 0 "-" "-"
207.46.204.164 - - [01/Apr/2012:12:35:34 -0700] "-" 400 0 "-" "-"
207.46.204.164 - - [01/Apr/2012:12:36:15 -0700] "-" 400 0 "-" "-"
207.46.204.164 - - [01/Apr/2012:12:36:15 -0700] "-" 400 0 "-" "-"
209.117.161.166 - - [01/Apr/2012:12:36:48 -0700] "GET /stories/stories/ HTTP/1.1" 404 169 "-" "-"
209.117.161.166 - - [01/Apr/2012:12:40:22 -0700] "GET /stories/ HTTP/1.1" 200 3515 "-" "-"
66.249.73.27 - - [01/Apr/2012:12:41:10 -0700] "GET /stories/it-s-never-over.html HTTP/1.1" 200 1780 "-" "Mozilla/5.0 (compatible; Googlebot/2.1; +http://www.google.com/bot.html)"
69.171.229.250 - - [01/Apr/2012:12:42:15 -0700] "GET /r/tpn HTTP/1.1" 301 255 "-" "facebookexternalhit/1.1 (+http://www.facebook.com/externalhit_uatext.php)"
69.171.229.250 - - [01/Apr/2012:12:42:15 -0700] "GET /s/ta/tpn/ HTTP/1.1" 302 265 "-" "facebookexternalhit/1.1 (+http://www.facebook.com/externalhit_uatext.php)"
207.46.12.71 - - [01/Apr/2012:12:43:04 -0700] "-" 400 0 "-" "-"
207.46.12.71 - - [01/Apr/2012:12:43:05 -0700] "-" 400 0 "-" "-"
207.46.12.71 - - [01/Apr/2012:12:43:05 -0700] "-" 400 0 "-" "-"
207.46.12.71 - - [01/Apr/2012:12:43:05 -0700] "-" 400 0 "-" "-"
207.46.12.71 - - [01/Apr/2012:12:43:05 -0700] "-" 400 0 "-" "-"
207.46.12.71 - - [01/Apr/2012:12:43:05 -0700] "-" 400 0 "-" "-"
207.46.12.71 - - [01/Apr/2012:12:43:05 -0700] "-" 400 0 "-" "-"
207.46.12.71 - - [01/Apr/2012:12:43:05 -0700] "-" 400 0 "-" "-"
85.17.88.169 - - [01/Apr/2012:12:44:24 -0700] "POST /blog/wp-cron.php?doing_wp_cron=1333309212 HTTP/1.0" 499 0 "-" "WordPress/3.3.1; http://yuvi.in/blog"
66.135.57.47 - - [01/Apr/2012:12:44:24 -0700] "GET /blog/my-vimrc/ HTTP/1.0" 200 16009 "-" "Mozilla/5.0 (Windows; U; Windows NT 5.1; rv:1.7.3) Gecko/20041001 Firefox/0.10.1"
85.17.88.169 - - [01/Apr/2012:12:44:27 -0700] "POST /blog/wp-cron.php?doing_wp_cron=1333309215 HTTP/1.0" 499 0 "-" "WordPress/3.3.1; http://yuvi.in/blog"
66.135.57.47 - - [01/Apr/2012:12:44:27 -0700] "GET /blog/college-drop/ HTTP/1.0" 200 18395 "-" "Mozilla/5.0 (Windows; U; Windows NT 5.1; rv:1.7.3) Gecko/20041001 Firefox/0.10.1"
85.17.88.169 - - [01/Apr/2012:12:44:30 -0700] "POST /blog/wp-cron.php?doing_wp_cron=1333309218 HTTP/1.0" 499 0 "-" "WordPress/3.3.1; http://yuvi.in/blog"
66.135.57.47 - - [01/Apr/2012:12:44:30 -0700] "GET /blog/passing-headers-proxying-nginx/ HTTP/1.0" 200 16690 "-" "Mozilla/5.0 (Windows; U; Windows NT 5.1; rv:1.7.3) Gecko/20041001 Firefox/0.10.1"
85.17.88.169 - - [01/Apr/2012:12:44:33 -0700] "POST /blog/wp-cron.php?doing_wp_cron=1333309221 HTTP/1.0" 499 0 "-" "WordPress/3.3.1; http://yuvi.in/blog"
66.135.57.47 - - [01/Apr/2012:12:44:33 -0700] "GET /blog/program/ HTTP/1.0" 200 27214 "-" "Mozilla/5.0 (Windows; U; Windows NT 5.1; rv:1.7.3) Gecko/20041001 Firefox/0.10.1"
85.17.88.169 - - [01/Apr/2012:12:44:36 -0700] "POST /blog/wp-cron.php?doing_wp_cron=1333309224 HTTP/1.0" 499 0 "-" "WordPress/3.3.1; http://yuvi.in/blog"
66.135.57.47 - - [01/Apr/2012:12:44:36 -0700] "GET /blog/devlog-december-26-2011/ HTTP/1.0" 200 16694 "-" "Mozilla/5.0 (Windows; U; Windows NT 5.1; rv:1.7.3) Gecko/20041001 Firefox/0.10.1"
85.17.88.169 - - [01/Apr/2012:12:44:39 -0700] "POST /blog/wp-cron.php?doing_wp_cron=1333309227 HTTP/1.0" 499 0 "-" "WordPress/3.3.1; http://yuvi.in/blog"
66.135.57.47 - - [01/Apr/2012:12:44:39 -0700] "GET /blog/devlog-december-23-2011/ HTTP/1.0" 200 16517 "-" "Mozilla/5.0 (Windows; U; Windows NT 5.1; rv:1.7.3) Gecko/20041001 Firefox/0.10.1"
85.17.88.169 - - [01/Apr/2012:12:44:42 -0700] "POST /blog/wp-cron.php?doing_wp_cron=1333309230 HTTP/1.0" 499 0 "-" "WordPress/3.3.1; http://yuvi.in/blog"
66.135.57.47 - - [01/Apr/2012:12:44:42 -0700] "GET /blog/devlog-december-21-2011/ HTTP/1.0" 200 17121 "-" "Mozilla/5.0 (Windows; U; Windows NT 5.1; rv:1.7.3) Gecko/20041001 Firefox/0.10.1"
85.17.88.169 - - [01/Apr/2012:12:44:45 -0700] "POST /blog/wp-cron.php?doing_wp_cron=1333309233 HTTP/1.0" 499 0 "-" "WordPress/3.3.1; http://yuvi.in/blog"
66.135.57.47 - - [01/Apr/2012:12:44:45 -0700] "GET /blog/devlog-december-11-2011/ HTTP/1.0" 200 16592 "-" "Mozilla/5.0 (Windows; U; Windows NT 5.1; rv:1.7.3) Gecko/20041001 Firefox/0.10.1"
85.17.88.169 - - [01/Apr/2012:12:44:48 -0700] "POST /blog/wp-cron.php?doing_wp_cron=1333309236 HTTP/1.0" 499 0 "-" "WordPress/3.3.1; http://yuvi.in/blog"
