157.55.112.199 - - [04/Mar/2012:14:43:11 -0800] "-" 400 0 "-" "-"
157.55.112.199 - - [04/Mar/2012:14:43:11 -0800] "-" 400 0 "-" "-"
157.55.112.199 - - [04/Mar/2012:14:43:11 -0800] "-" 400 0 "-" "-"
157.55.112.199 - - [04/Mar/2012:14:43:11 -0800] "-" 400 0 "-" "-"
157.55.112.199 - - [04/Mar/2012:14:43:11 -0800] "-" 400 0 "-" "-"
157.55.112.199 - - [04/Mar/2012:14:43:21 -0800] "-" 400 0 "-" "-"
207.46.204.169 - - [04/Mar/2012:14:45:31 -0800] "-" 400 0 "-" "-"
207.46.204.169 - - [04/Mar/2012:14:45:31 -0800] "-" 400 0 "-" "-"
66.249.71.116 - - [04/Mar/2012:14:45:32 -0800] "GET /robots.txt HTTP/1.1" 404 211 "-" "Mozilla/5.0 (compatible; Googlebot/2.1; +http://www.google.com/bot.html)"
66.249.71.116 - - [04/Mar/2012:14:45:32 -0800] "GET /r/2v42 HTTP/1.1" 301 257 "-" "SAMSUNG-SGH-E250/1.0 Profile/MIDP-2.0 Configuration/CLDC-1.1 UP.Browser/6.2.3.3.c.1.101 (GUI) MMP/2.0 (compatible; Googlebot-Mobile/2.1; +http://www.google.com/bot.html)"
207.46.204.169 - - [04/Mar/2012:14:45:33 -0800] "-" 400 0 "-" "-"
207.46.204.169 - - [04/Mar/2012:14:45:33 -0800] "-" 400 0 "-" "-"
207.46.204.169 - - [04/Mar/2012:14:45:33 -0800] "-" 400 0 "-" "-"
207.46.204.169 - - [04/Mar/2012:14:45:33 -0800] "-" 400 0 "-" "-"
66.249.71.116 - - [04/Mar/2012:14:45:34 -0800] "GET /s/ta/2v42/ HTTP/1.1" 302 519 "-" "SAMSUNG-SGH-E250/1.0 Profile/MIDP-2.0 Configuration/CLDC-1.1 UP.Browser/6.2.3.3.c.1.101 (GUI) MMP/2.0 (compatible; Googlebot-Mobile/2.1; +http://www.google.com/bot.html)"
207.46.204.169 - - [04/Mar/2012:14:45:34 -0800] "-" 400 0 "-" "-"
207.46.204.169 - - [04/Mar/2012:14:45:34 -0800] "-" 400 0 "-" "-"
207.46.204.169 - - [04/Mar/2012:14:45:34 -0800] "-" 400 0 "-" "-"
207.46.204.169 - - [04/Mar/2012:14:45:34 -0800] "-" 400 0 "-" "-"
207.46.204.169 - - [04/Mar/2012:14:45:35 -0800] "-" 400 0 "-" "-"
66.249.71.101 - - [04/Mar/2012:14:45:56 -0800] "GET /admin/routes/route/3474/ HTTP/1.1" 404 142 "-" "Mozilla/5.0 (compatible; Googlebot/2.1; +http://www.google.com/bot.html)"
207.46.204.169 - - [04/Mar/2012:14:46:12 -0800] "-" 400 0 "-" "-"
38.111.147.84 - - [04/Mar/2012:14:46:22 -0800] "GET /robots.txt HTTP/1.0" 404 169 "-" "TurnitinBot/2.1 (http://www.turnitin.com/robot/crawlerinfo.html)"
117.206.4.229 - - [04/Mar/2012:14:47:40 -0800] "-" 400 0 "-" "-"
207.46.204.165 - - [04/Mar/2012:14:51:48 -0800] "-" 400 0 "-" "-"
207.46.204.165 - - [04/Mar/2012:14:51:50 -0800] "-" 400 0 "-" "-"
207.46.204.165 - - [04/Mar/2012:14:51:50 -0800] "-" 400 0 "-" "-"
207.46.204.165 - - [04/Mar/2012:14:51:51 -0800] "-" 400 0 "-" "-"
207.46.204.165 - - [04/Mar/2012:14:51:51 -0800] "-" 400 0 "-" "-"
207.46.204.165 - - [04/Mar/2012:14:51:52 -0800] "-" 400 0 "-" "-"
207.46.204.165 - - [04/Mar/2012:14:51:52 -0800] "-" 400 0 "-" "-"
207.46.204.165 - - [04/Mar/2012:14:51:53 -0800] "-" 400 0 "-" "-"
207.46.204.165 - - [04/Mar/2012:14:51:53 -0800] "-" 400 0 "-" "-"
207.46.204.165 - - [04/Mar/2012:14:51:54 -0800] "-" 400 0 "-" "-"
207.46.204.163 - - [04/Mar/2012:14:54:01 -0800] "-" 400 0 "-" "-"
207.46.204.163 - - [04/Mar/2012:14:54:03 -0800] "-" 400 0 "-" "-"
207.46.204.163 - - [04/Mar/2012:14:54:04 -0800] "-" 400 0 "-" "-"
207.46.204.163 - - [04/Mar/2012:14:54:04 -0800] "-" 400 0 "-" "-"
207.46.204.163 - - [04/Mar/2012:14:54:04 -0800] "-" 400 0 "-" "-"
207.46.204.163 - - [04/Mar/2012:14:54:05 -0800] "-" 400 0 "-" "-"
207.46.204.163 - - [04/Mar/2012:14:54:06 -0800] "-" 400 0 "-" "-"
207.46.204.163 - - [04/Mar/2012:14:54:06 -0800] "-" 400 0 "-" "-"
207.46.204.163 - - [04/Mar/2012:14:54:06 -0800] "-" 400 0 "-" "-"
207.46.204.163 - - [04/Mar/2012:14:54:06 -0800] "-" 400 0 "-" "-"
207.46.204.163 - - [04/Mar/2012:14:54:46 -0800] "-" 400 0 "-" "-"
85.17.88.169 - - [04/Mar/2012:14:54:49 -0800] "POST /blog/wp-cron.php?doing_wp_cron=1330901659 HTTP/1.0" 499 0 "-" "WordPress/3.3.1; http://yuvi.in/blog"
67.202.20.209 - - [04/Mar/2012:14:54:49 -0800] "GET /blog/what-stop-child-athiest/ HTTP/1.1" 200 5563 "-" "Mozilla/5.0 (Macintosh; U; Intel Mac OS X 10.6; en-US; rv:1.9.2) Gecko/20100115 Firefox/3.6 (FlipboardProxy/0.0.5; +http://flipboard.com/browserproxy)"
66.249.71.116 - - [04/Mar/2012:14:55:34 -0800] "GET /r/2v3x HTTP/1.1" 301 257 "-" "SAMSUNG-SGH-E250/1.0 Profile/MIDP-2.0 Configuration/CLDC-1.1 UP.Browser/6.2.3.3.c.1.101 (GUI) MMP/2.0 (compatible; Googlebot-Mobile/2.1; +http://www.google.com/bot.html)"
66.249.71.116 - - [04/Mar/2012:14:55:35 -0800] "GET /s/ta/2v3x/ HTTP/1.1" 302 453 "-" "SAMSUNG-SGH-E250/1.0 Profile/MIDP-2.0 Configuration/CLDC-1.1 UP.Browser/6.2.3.3.c.1.101 (GUI) MMP/2.0 (compatible; Googlebot-Mobile/2.1; +http://www.google.com/bot.html)"
66.249.71.101 - - [04/Mar/2012:14:57:07 -0800] "GET /admin/routes/route/3476/ HTTP/1.1" 404 142 "-" "Mozilla/5.0 (compatible; Googlebot/2.1; +http://www.google.com/bot.html)"
208.115.113.84 - - [04/Mar/2012:14:57:24 -0800] "GET /blog/why-i-moved-off-arch-on-my-netbook.html HTTP/1.1" 200 6172 "-" "Mozilla/5.0 (compatible; Ezooms/1.0; ezooms.bot@gmail.com)"
85.17.88.169 - - [04/Mar/2012:14:57:43 -0800] "POST /blog/wp-cron.php?doing_wp_cron=1330901834 HTTP/1.0" 499 0 "-" "WordPress/3.3.1; http://yuvi.in/blog"
100.43.83.144 - - [04/Mar/2012:14:57:44 -0800] "GET /blog/page/3/ HTTP/1.1" 200 19586 "-" "Mozilla/5.0 (compatible; YandexBot/3.0; +http://yandex.com/bots)"
85.17.88.169 - - [04/Mar/2012:14:57:49 -0800] "POST /blog/wp-cron.php?doing_wp_cron=1330901839 HTTP/1.0" 499 0 "-" "WordPress/3.3.1; http://yuvi.in/blog"
100.43.83.144 - - [04/Mar/2012:14:57:49 -0800] "GET /blog/learnt-reading-javascript-good-parts/ HTTP/1.1" 200 5588 "-" "Mozilla/5.0 (compatible; YandexBot/3.0; +http://yandex.com/bots)"
46.229.160.208 - - [04/Mar/2012:15:00:18 -0800] "GET /railway_photo_ruling.pdf HTTP/1.1" 404 169 "-" "Mozilla/5.0 (Windows; U; Windows NT 5.1; en-US; rv:1.8.1.6) Gecko/20070725 Firefox/2.0.0.6"
157.55.112.202 - - [04/Mar/2012:15:00:20 -0800] "-" 400 0 "-" "-"
157.55.112.202 - - [04/Mar/2012:15:00:22 -0800] "-" 400 0 "-" "-"
157.55.112.202 - - [04/Mar/2012:15:00:22 -0800] "-" 400 0 "-" "-"
157.55.112.202 - - [04/Mar/2012:15:00:22 -0800] "-" 400 0 "-" "-"
157.55.112.202 - - [04/Mar/2012:15:00:23 -0800] "-" 400 0 "-" "-"
157.55.112.202 - - [04/Mar/2012:15:00:23 -0800] "-" 400 0 "-" "-"
157.55.112.202 - - [04/Mar/2012:15:00:24 -0800] "-" 400 0 "-" "-"
157.55.112.202 - - [04/Mar/2012:15:00:24 -0800] "-" 400 0 "-" "-"
157.55.112.202 - - [04/Mar/2012:15:00:24 -0800] "-" 400 0 "-" "-"
157.55.112.202 - - [04/Mar/2012:15:00:24 -0800] "-" 400 0 "-" "-"
85.17.88.169 - - [04/Mar/2012:15:01:15 -0800] "POST /blog/wp-cron.php?doing_wp_cron=1330902045 HTTP/1.0" 499 0 "-" "WordPress/3.3.1; http://yuvi.in/blog"
209.85.224.88 - - [04/Mar/2012:15:01:15 -0800] "GET /blog/feed HTTP/1.1" 304 0 "-" "FeedBurner/1.0 (http://www.FeedBurner.com)"
207.46.12.70 - - [04/Mar/2012:15:06:47 -0800] "-" 400 0 "-" "-"
207.46.12.70 - - [04/Mar/2012:15:06:48 -0800] "-" 400 0 "-" "-"
207.46.12.70 - - [04/Mar/2012:15:06:48 -0800] "-" 400 0 "-" "-"
207.46.12.70 - - [04/Mar/2012:15:06:48 -0800] "-" 400 0 "-" "-"
207.46.12.70 - - [04/Mar/2012:15:06:48 -0800] "-" 400 0 "-" "-"
207.46.12.70 - - [04/Mar/2012:15:06:48 -0800] "-" 400 0 "-" "-"
207.46.12.70 - - [04/Mar/2012:15:06:48 -0800] "-" 400 0 "-" "-"
207.46.12.70 - - [04/Mar/2012:15:06:48 -0800] "-" 400 0 "-" "-"
207.46.12.70 - - [04/Mar/2012:15:06:48 -0800] "-" 400 0 "-" "-"
207.46.12.70 - - [04/Mar/2012:15:06:48 -0800] "-" 400 0 "-" "-"
66.249.71.101 - - [04/Mar/2012:15:08:15 -0800] "GET /admin/routes/route/3490/ HTTP/1.1" 404 142 "-" "Mozilla/5.0 (compatible; Googlebot/2.1; +http://www.google.com/bot.html)"
85.17.88.169 - - [04/Mar/2012:15:08:53 -0800] "POST /blog/wp-cron.php?doing_wp_cron=1330902504 HTTP/1.0" 499 0 "-" "WordPress/3.3.1; http://yuvi.in/blog"
72.14.199.121 - - [04/Mar/2012:15:08:54 -0800] "GET /blog/feed HTTP/1.1" 301 0 "-" "Feedfetcher-Google; (+http://www.google.com/feedfetcher.html; 3 subscribers; feed-id=17684830852112633560)"
85.17.88.169 - - [04/Mar/2012:15:08:56 -0800] "POST /blog/wp-cron.php?doing_wp_cron=1330902506 HTTP/1.0" 499 0 "-" "WordPress/3.3.1; http://yuvi.in/blog"
72.14.199.121 - - [04/Mar/2012:15:08:56 -0800] "GET /blog/feed/ HTTP/1.1" 304 0 "-" "Feedfetcher-Google; (+http://www.google.com/feedfetcher.html; 3 subscribers; feed-id=17684830852112633560)"
124.115.4.204 - - [04/Mar/2012:15:09:22 -0800] "GET / HTTP/1.1" 304 0 "-" "Sosospider+(+http://help.soso.com/webspider.htm)"
85.17.88.169 - - [04/Mar/2012:15:11:02 -0800] "POST /blog/wp-cron.php?doing_wp_cron=1330902633 HTTP/1.0" 499 0 "-" "WordPress/3.3.1; http://yuvi.in/blog"
180.76.5.185 - - [04/Mar/2012:15:11:03 -0800] "GET /blog/?p=54 HTTP/1.1" 301 0 "-" "Mozilla/5.0 (compatible; Baiduspider/2.0; +http://www.baidu.com/search/spider.html)"
85.17.88.169 - - [04/Mar/2012:15:11:05 -0800] "POST /blog/wp-cron.php?doing_wp_cron=1330902635 HTTP/1.0" 499 0 "-" "WordPress/3.3.1; http://yuvi.in/blog"
180.76.5.193 - - [04/Mar/2012:15:11:06 -0800] "GET /blog/blogging-from-under-the-table-during-class/ HTTP/1.1" 200 4925 "-" "Mozilla/5.0 (compatible; Baiduspider/2.0; +http://www.baidu.com/search/spider.html)"
85.17.88.169 - - [04/Mar/2012:15:14:15 -0800] "POST /blog/wp-cron.php?doing_wp_cron=1330902826 HTTP/1.0" 499 0 "-" "WordPress/3.3.1; http://yuvi.in/blog"
97.117.121.166 - - [04/Mar/2012:15:14:16 -0800] "GET /blog/favicon.ico HTTP/1.1" 404 3006 "-" "Mozilla/5.0 (Windows NT 5.1; rv:10.0.2) Gecko/20100101 Firefox/10.0.2"
85.17.88.169 - - [04/Mar/2012:15:14:26 -0800] "POST /blog/wp-cron.php?doing_wp_cron=1330902836 HTTP/1.0" 499 0 "-" "WordPress/3.3.1; http://yuvi.in/blog"
72.14.199.121 - - [04/Mar/2012:15:14:26 -0800] "GET /blog/feed/ HTTP/1.1" 304 0 "-" "Feedfetcher-Google; (+http://www.google.com/feedfetcher.html; 18 subscribers; feed-id=15064232456473204253)"
66.249.71.101 - - [04/Mar/2012:15:19:37 -0800] "GET /admin/routes/route/3496/ HTTP/1.1" 404 142 "-" "Mozilla/5.0 (compatible; Googlebot/2.1; +http://www.google.com/bot.html)"
92.21.148.97 - - [04/Mar/2012:15:22:47 -0800] "GET / HTTP/1.1" 200 1430 "-" "Mozilla/5.0 (Macintosh; Intel Mac OS X 10_7) AppleWebKit/534.48.3 (KHTML, like Gecko) Version/5.1 Safari/534.48.3"
92.21.148.97 - - [04/Mar/2012:15:22:48 -0800] "GET /blueprint/screen.css HTTP/1.1" 200 12058 "http://yuvi.in/" "Mozilla/5.0 (Macintosh; Intel Mac OS X 10_7) AppleWebKit/534.48.3 (KHTML, like Gecko) Version/5.1 Safari/534.48.3"
92.21.148.97 - - [04/Mar/2012:15:22:48 -0800] "GET /blueprint/print.css HTTP/1.1" 200 1284 "http://yuvi.in/" "Mozilla/5.0 (Macintosh; Intel Mac OS X 10_7) AppleWebKit/534.48.3 (KHTML, like Gecko) Version/5.1 Safari/534.48.3"
92.21.148.97 - - [04/Mar/2012:15:22:48 -0800] "GET /header.png HTTP/1.1" 200 14249 "http://yuvi.in/" "Mozilla/5.0 (Macintosh; Intel Mac OS X 10_7) AppleWebKit/534.48.3 (KHTML, like Gecko) Version/5.1 Safari/534.48.3"
207.46.12.71 - - [04/Mar/2012:15:23:11 -0800] "-" 400 0 "-" "-"
207.46.12.71 - - [04/Mar/2012:15:23:13 -0800] "-" 400 0 "-" "-"
207.46.12.71 - - [04/Mar/2012:15:23:16 -0800] "-" 400 0 "-" "-"
207.46.12.71 - - [04/Mar/2012:15:23:17 -0800] "-" 400 0 "-" "-"
207.46.12.71 - - [04/Mar/2012:15:23:17 -0800] "-" 400 0 "-" "-"
207.46.12.71 - - [04/Mar/2012:15:23:18 -0800] "-" 400 0 "-" "-"
207.46.12.71 - - [04/Mar/2012:15:23:18 -0800] "-" 400 0 "-" "-"
207.46.12.71 - - [04/Mar/2012:15:23:18 -0800] "-" 400 0 "-" "-"
207.46.12.71 - - [04/Mar/2012:15:23:18 -0800] "-" 400 0 "-" "-"
207.46.12.71 - - [04/Mar/2012:15:23:19 -0800] "-" 400 0 "-" "-"
207.46.12.71 - - [04/Mar/2012:15:23:19 -0800] "-" 400 0 "-" "-"
207.46.12.71 - - [04/Mar/2012:15:24:17 -0800] "-" 400 0 "-" "-"
75.131.206.131 - - [04/Mar/2012:15:25:50 -0800] "GET / HTTP/1.1" 200 1430 "-" "Reeder/1.5.4 CFNetwork/548.0.4 Darwin/11.0.0"
75.131.206.131 - - [04/Mar/2012:15:25:50 -0800] "GET /favicon.ico HTTP/1.1" 404 142 "-" "Reeder/1.5.4 CFNetwork/548.0.4 Darwin/11.0.0"
75.131.206.131 - - [04/Mar/2012:15:25:51 -0800] "GET / HTTP/1.1" 200 1430 "-" "Reeder/1.5.4 CFNetwork/548.0.4 Darwin/11.0.0"
75.131.206.131 - - [04/Mar/2012:15:25:51 -0800] "GET /apple-touch-icon.png HTTP/1.1" 404 142 "-" "Reeder/1.5.4 CFNetwork/548.0.4 Darwin/11.0.0"
75.131.206.131 - - [04/Mar/2012:15:25:51 -0800] "GET /apple-touch-icon-precomposed.png HTTP/1.1" 404 142 "-" "Reeder/1.5.4 CFNetwork/548.0.4 Darwin/11.0.0"
117.193.82.184 - - [04/Mar/2012:15:29:10 -0800] "-" 400 0 "-" "-"
66.249.71.101 - - [04/Mar/2012:15:30:38 -0800] "GET /admin/routes/route/3491/ HTTP/1.1" 404 142 "-" "Mozilla/5.0 (compatible; Googlebot/2.1; +http://www.google.com/bot.html)"
207.46.204.171 - - [04/Mar/2012:15:30:51 -0800] "-" 400 0 "-" "-"
207.46.204.171 - - [04/Mar/2012:15:30:51 -0800] "-" 400 0 "-" "-"
207.46.204.171 - - [04/Mar/2012:15:30:51 -0800] "-" 400 0 "-" "-"
207.46.204.171 - - [04/Mar/2012:15:30:51 -0800] "-" 400 0 "-" "-"
207.46.204.171 - - [04/Mar/2012:15:30:51 -0800] "-" 400 0 "-" "-"
207.46.204.171 - - [04/Mar/2012:15:30:52 -0800] "-" 400 0 "-" "-"
207.46.204.171 - - [04/Mar/2012:15:30:52 -0800] "-" 400 0 "-" "-"
207.46.204.171 - - [04/Mar/2012:15:30:52 -0800] "-" 400 0 "-" "-"
85.17.88.169 - - [04/Mar/2012:15:31:20 -0800] "POST /blog/wp-cron.php?doing_wp_cron=1330903850 HTTP/1.0" 499 0 "-" "WordPress/3.3.1; http://yuvi.in/blog"
209.85.224.82 - - [04/Mar/2012:15:31:20 -0800] "GET /blog/feed HTTP/1.1" 304 0 "-" "FeedBurner/1.0 (http://www.FeedBurner.com)"
209.85.224.91 - - [04/Mar/2012:15:31:49 -0800] "GET /stories/feed HTTP/1.1" 200 13653 "-" "FeedBurner/1.0 (http://www.FeedBurner.com)"
157.55.112.206 - - [04/Mar/2012:15:33:45 -0800] "-" 400 0 "-" "-"
157.55.112.206 - - [04/Mar/2012:15:33:45 -0800] "-" 400 0 "-" "-"
157.55.112.206 - - [04/Mar/2012:15:33:45 -0800] "-" 400 0 "-" "-"
157.55.112.206 - - [04/Mar/2012:15:33:45 -0800] "-" 400 0 "-" "-"
157.55.112.206 - - [04/Mar/2012:15:33:45 -0800] "-" 400 0 "-" "-"
157.55.112.206 - - [04/Mar/2012:15:33:45 -0800] "-" 400 0 "-" "-"
157.55.112.206 - - [04/Mar/2012:15:33:46 -0800] "-" 400 0 "-" "-"
157.55.112.206 - - [04/Mar/2012:15:33:46 -0800] "-" 400 0 "-" "-"
157.55.112.206 - - [04/Mar/2012:15:33:46 -0800] "-" 400 0 "-" "-"
157.55.112.206 - - [04/Mar/2012:15:34:19 -0800] "-" 400 0 "-" "-"
157.55.112.206 - - [04/Mar/2012:15:34:19 -0800] "-" 400 0 "-" "-"
207.46.12.75 - - [04/Mar/2012:15:34:38 -0800] "-" 400 0 "-" "-"
207.46.12.75 - - [04/Mar/2012:15:34:39 -0800] "-" 400 0 "-" "-"
207.46.12.75 - - [04/Mar/2012:15:34:40 -0800] "-" 400 0 "-" "-"
207.46.12.75 - - [04/Mar/2012:15:34:40 -0800] "-" 400 0 "-" "-"
207.46.12.75 - - [04/Mar/2012:15:34:40 -0800] "-" 400 0 "-" "-"
207.46.12.75 - - [04/Mar/2012:15:34:40 -0800] "-" 400 0 "-" "-"
207.46.12.75 - - [04/Mar/2012:15:34:41 -0800] "-" 400 0 "-" "-"
207.46.12.75 - - [04/Mar/2012:15:34:42 -0800] "-" 400 0 "-" "-"
207.46.12.75 - - [04/Mar/2012:15:34:43 -0800] "-" 400 0 "-" "-"
207.46.12.75 - - [04/Mar/2012:15:35:32 -0800] "-" 400 0 "-" "-"
66.249.71.97 - - [04/Mar/2012:15:35:32 -0800] "GET /robots.txt HTTP/1.1" 404 142 "-" "Mozilla/5.0 (compatible; Googlebot/2.1; +http://www.google.com/bot.html)"
66.249.71.97 - - [04/Mar/2012:15:35:32 -0800] "GET /POIOSM/ HTTP/1.1" 200 1833 "-" "Mozilla/5.0 (compatible; Googlebot/2.1; +http://www.google.com/bot.html)"
207.46.12.75 - - [04/Mar/2012:15:35:33 -0800] "-" 400 0 "-" "-"
66.249.71.101 - - [04/Mar/2012:15:41:25 -0800] "GET /admin/routes/route/3498/ HTTP/1.1" 404 142 "-" "Mozilla/5.0 (compatible; Googlebot/2.1; +http://www.google.com/bot.html)"
124.43.25.49 - - [04/Mar/2012:15:44:07 -0800] "GET /r/218s HTTP/1.0" 301 257 "http://ta.wikipedia.org/wiki/%E0%AE%B5%E0%AE%BF%E0%AE%B5%E0%AE%BF%E0%AE%AF%E0%AE%A9%E0%AF%8D_%E0%AE%B0%E0%AE%BF%E0%AE%9A%E0%AF%8D%E0%AE%9A%E0%AE%B0%E0%AF%8D%E0%AE%9F%E0%AF%8D%E0%AE%B8%E0%AF%8D" "Mozilla/5.0 (Windows NT 6.1; rv:8.0.1) Gecko/20100101 Firefox/8.0.1"
124.43.25.49 - - [04/Mar/2012:15:44:08 -0800] "GET /s/ta/218s/ HTTP/1.0" 302 485 "http://ta.wikipedia.org/wiki/%E0%AE%B5%E0%AE%BF%E0%AE%B5%E0%AE%BF%E0%AE%AF%E0%AE%A9%E0%AF%8D_%E0%AE%B0%E0%AE%BF%E0%AE%9A%E0%AF%8D%E0%AE%9A%E0%AE%B0%E0%AF%8D%E0%AE%9F%E0%AF%8D%E0%AE%B8%E0%AF%8D" "Mozilla/5.0 (Windows NT 6.1; rv:8.0.1) Gecko/20100101 Firefox/8.0.1"
85.28.96.45 - - [04/Mar/2012:15:51:39 -0800] "GET /r/1hv8 HTTP/1.1" 301 257 "http://ta.wikipedia.org/wiki/%E0%AE%A4%E0%AF%80%E0%AE%AE%E0%AF%8D%E0%AE%AA%E0%AF%8A%E0%AE%B0%E0%AF%81%E0%AE%B3%E0%AF%8D" "Mozilla/5.0 (Windows NT 6.1; WOW64; rv:10.0.2) Gecko/20100101 Firefox/10.0.2"
85.28.96.45 - - [04/Mar/2012:15:51:39 -0800] "GET /s/ta/1hv8/ HTTP/1.1" 302 385 "http://ta.wikipedia.org/wiki/%E0%AE%A4%E0%AF%80%E0%AE%AE%E0%AF%8D%E0%AE%AA%E0%AF%8A%E0%AE%B0%E0%AF%81%E0%AE%B3%E0%AF%8D" "Mozilla/5.0 (Windows NT 6.1; WOW64; rv:10.0.2) Gecko/20100101 Firefox/10.0.2"
66.249.71.101 - - [04/Mar/2012:15:52:15 -0800] "GET /admin/routes/route/3520/ HTTP/1.1" 404 142 "-" "Mozilla/5.0 (compatible; Googlebot/2.1; +http://www.google.com/bot.html)"
66.249.71.97 - - [04/Mar/2012:15:54:02 -0800] "GET /POIOSM HTTP/1.1" 301 185 "-" "Mozilla/5.0 (compatible; Googlebot/2.1; +http://www.google.com/bot.html)"
85.17.88.169 - - [04/Mar/2012:15:59:13 -0800] "POST /blog/wp-cron.php?doing_wp_cron=1330905523 HTTP/1.0" 499 0 "-" "WordPress/3.3.1; http://yuvi.in/blog"
208.115.111.68 - - [04/Mar/2012:15:59:14 -0800] "GET /blog/tag/bigco/ HTTP/1.1" 200 16713 "-" "Mozilla/5.0 (compatible; Ezooms/1.0; ezooms.bot@gmail.com)"
85.17.88.169 - - [04/Mar/2012:15:59:33 -0800] "POST /blog/wp-cron.php?doing_wp_cron=1330905544 HTTP/1.0" 499 0 "-" "WordPress/3.3.1; http://yuvi.in/blog"
72.14.199.121 - - [04/Mar/2012:15:59:34 -0800] "GET /blog/feed HTTP/1.1" 301 0 "-" "Feedfetcher-Google; (+http://www.google.com/feedfetcher.html; 3 subscribers; feed-id=17684830852112633560)"
85.17.88.169 - - [04/Mar/2012:15:59:36 -0800] "POST /blog/wp-cron.php?doing_wp_cron=1330905546 HTTP/1.0" 499 0 "-" "WordPress/3.3.1; http://yuvi.in/blog"
72.14.199.121 - - [04/Mar/2012:15:59:36 -0800] "GET /blog/feed/ HTTP/1.1" 304 0 "-" "Feedfetcher-Google; (+http://www.google.com/feedfetcher.html; 3 subscribers; feed-id=17684830852112633560)"
85.17.88.169 - - [04/Mar/2012:16:01:32 -0800] "POST /blog/wp-cron.php?doing_wp_cron=1330905662 HTTP/1.0" 499 0 "-" "WordPress/3.3.1; http://yuvi.in/blog"
209.85.224.85 - - [04/Mar/2012:16:01:33 -0800] "GET /blog/feed HTTP/1.1" 304 0 "-" "FeedBurner/1.0 (http://www.FeedBurner.com)"
66.249.71.101 - - [04/Mar/2012:16:03:17 -0800] "GET /admin/routes/route/3539/ HTTP/1.1" 404 142 "-" "Mozilla/5.0 (compatible; Googlebot/2.1; +http://www.google.com/bot.html)"
157.55.112.204 - - [04/Mar/2012:16:03:21 -0800] "-" 400 0 "-" "-"
157.55.112.204 - - [04/Mar/2012:16:03:22 -0800] "-" 400 0 "-" "-"
157.55.112.204 - - [04/Mar/2012:16:03:23 -0800] "-" 400 0 "-" "-"
157.55.112.204 - - [04/Mar/2012:16:03:23 -0800] "-" 400 0 "-" "-"
157.55.112.204 - - [04/Mar/2012:16:03:23 -0800] "-" 400 0 "-" "-"
157.55.112.204 - - [04/Mar/2012:16:03:24 -0800] "-" 400 0 "-" "-"
157.55.112.204 - - [04/Mar/2012:16:03:24 -0800] "-" 400 0 "-" "-"
157.55.112.204 - - [04/Mar/2012:16:03:24 -0800] "-" 400 0 "-" "-"
157.55.112.204 - - [04/Mar/2012:16:03:24 -0800] "-" 400 0 "-" "-"
157.55.112.204 - - [04/Mar/2012:16:03:25 -0800] "-" 400 0 "-" "-"
98.14.57.65 - - [04/Mar/2012:16:03:29 -0800] "GET /favicon.ico HTTP/1.1" 404 199 "http://prashanth-kamle.blogspot.com/2009/03/viterbi-algorithm-for-second-order.html" "Mozilla/4.0 (compatible; MSIE 8.0; Windows NT 6.1; WOW64; Trident/4.0; SLCC2; .NET CLR 2.0.50727; .NET CLR 3.5.30729; .NET CLR 3.0.30729; Media Center PC 6.0; .NET4.0C)"
157.55.112.204 - - [04/Mar/2012:16:03:58 -0800] "-" 400 0 "-" "-"
207.46.204.166 - - [04/Mar/2012:16:05:47 -0800] "-" 400 0 "-" "-"
207.46.204.166 - - [04/Mar/2012:16:05:48 -0800] "-" 400 0 "-" "-"
207.46.204.166 - - [04/Mar/2012:16:05:48 -0800] "-" 400 0 "-" "-"
207.46.204.166 - - [04/Mar/2012:16:05:49 -0800] "-" 400 0 "-" "-"
207.46.204.166 - - [04/Mar/2012:16:05:49 -0800] "-" 400 0 "-" "-"
207.46.204.166 - - [04/Mar/2012:16:05:49 -0800] "-" 400 0 "-" "-"
207.46.204.166 - - [04/Mar/2012:16:05:49 -0800] "-" 400 0 "-" "-"
207.46.204.166 - - [04/Mar/2012:16:05:50 -0800] "-" 400 0 "-" "-"
207.46.204.166 - - [04/Mar/2012:16:05:50 -0800] "-" 400 0 "-" "-"
207.46.12.75 - - [04/Mar/2012:16:06:10 -0800] "-" 400 0 "-" "-"
207.46.12.75 - - [04/Mar/2012:16:06:14 -0800] "-" 400 0 "-" "-"
207.46.12.75 - - [04/Mar/2012:16:06:15 -0800] "-" 400 0 "-" "-"
207.46.12.75 - - [04/Mar/2012:16:06:15 -0800] "-" 400 0 "-" "-"
207.46.12.75 - - [04/Mar/2012:16:06:15 -0800] "-" 400 0 "-" "-"
207.46.12.75 - - [04/Mar/2012:16:06:16 -0800] "-" 400 0 "-" "-"
207.46.12.75 - - [04/Mar/2012:16:06:16 -0800] "-" 400 0 "-" "-"
207.46.12.75 - - [04/Mar/2012:16:06:16 -0800] "-" 400 0 "-" "-"
207.46.12.75 - - [04/Mar/2012:16:06:16 -0800] "-" 400 0 "-" "-"
207.46.12.75 - - [04/Mar/2012:16:06:17 -0800] "-" 400 0 "-" "-"
207.46.204.166 - - [04/Mar/2012:16:06:48 -0800] "-" 400 0 "-" "-"
207.46.204.169 - - [04/Mar/2012:16:13:21 -0800] "-" 400 0 "-" "-"
207.46.204.169 - - [04/Mar/2012:16:13:23 -0800] "-" 400 0 "-" "-"
207.46.204.169 - - [04/Mar/2012:16:13:23 -0800] "-" 400 0 "-" "-"
207.46.204.169 - - [04/Mar/2012:16:13:24 -0800] "-" 400 0 "-" "-"
207.46.204.169 - - [04/Mar/2012:16:13:24 -0800] "-" 400 0 "-" "-"
207.46.204.169 - - [04/Mar/2012:16:13:27 -0800] "-" 400 0 "-" "-"
207.46.204.169 - - [04/Mar/2012:16:13:27 -0800] "-" 400 0 "-" "-"
207.46.204.169 - - [04/Mar/2012:16:13:27 -0800] "-" 400 0 "-" "-"
207.46.204.169 - - [04/Mar/2012:16:13:28 -0800] "-" 400 0 "-" "-"
207.46.204.169 - - [04/Mar/2012:16:13:28 -0800] "-" 400 0 "-" "-"
207.46.204.169 - - [04/Mar/2012:16:14:00 -0800] "-" 400 0 "-" "-"
66.249.71.101 - - [04/Mar/2012:16:14:55 -0800] "GET /admin/routes/route/3522/ HTTP/1.1" 404 142 "-" "Mozilla/5.0 (compatible; Googlebot/2.1; +http://www.google.com/bot.html)"
85.17.88.169 - - [04/Mar/2012:16:15:20 -0800] "POST /blog/wp-cron.php?doing_wp_cron=1330906490 HTTP/1.0" 499 0 "-" "WordPress/3.3.1; http://yuvi.in/blog"
208.115.113.84 - - [04/Mar/2012:16:15:20 -0800] "GET /blog/2011/07/ HTTP/1.1" 200 14498 "-" "Mozilla/5.0 (compatible; Ezooms/1.0; ezooms.bot@gmail.com)"
208.115.113.84 - - [04/Mar/2012:16:15:28 -0800] "GET /blog/i-soooo-want-this-on-a-t-shirt.html HTTP/1.1" 200 5295 "-" "Mozilla/5.0 (compatible; Ezooms/1.0; ezooms.bot@gmail.com)"
208.115.113.84 - - [04/Mar/2012:16:15:30 -0800] "GET /blog/perfect-day-1.html HTTP/1.1" 200 5328 "-" "Mozilla/5.0 (compatible; Ezooms/1.0; ezooms.bot@gmail.com)"
85.17.88.169 - - [04/Mar/2012:16:15:34 -0800] "POST /blog/wp-cron.php?doing_wp_cron=1330906504 HTTP/1.0" 499 0 "-" "WordPress/3.3.1; http://yuvi.in/blog"
208.115.113.84 - - [04/Mar/2012:16:15:35 -0800] "GET /blog/perfect-day-1/ HTTP/1.1" 200 15831 "-" "Mozilla/5.0 (compatible; Ezooms/1.0; ezooms.bot@gmail.com)"
85.17.88.169 - - [04/Mar/2012:16:15:36 -0800] "POST /blog/wp-cron.php?doing_wp_cron=1330906505 HTTP/1.0" 499 0 "-" "WordPress/3.3.1; http://yuvi.in/blog"
208.115.113.84 - - [04/Mar/2012:16:15:36 -0800] "GET /blog/tag/it/ HTTP/1.1" 200 15084 "-" "Mozilla/5.0 (compatible; Ezooms/1.0; ezooms.bot@gmail.com)"
85.17.88.169 - - [04/Mar/2012:16:15:46 -0800] "POST /blog/wp-cron.php?doing_wp_cron=1330906515 HTTP/1.0" 499 0 "-" "WordPress/3.3.1; http://yuvi.in/blog"
208.115.113.84 - - [04/Mar/2012:16:15:46 -0800] "GET /blog/the-fridge-at-interviewstreet-office/ HTTP/1.1" 200 17226 "-" "Mozilla/5.0 (compatible; Ezooms/1.0; ezooms.bot@gmail.com)"
85.17.88.169 - - [04/Mar/2012:16:17:06 -0800] "POST /blog/wp-cron.php?doing_wp_cron=1330906596 HTTP/1.0" 499 0 "-" "WordPress/3.3.1; http://yuvi.in/blog"
72.14.199.121 - - [04/Mar/2012:16:17:07 -0800] "GET /blog/feed/ HTTP/1.1" 304 0 "-" "Feedfetcher-Google; (+http://www.google.com/feedfetcher.html; 18 subscribers; feed-id=15064232456473204253)"
85.17.88.169 - - [04/Mar/2012:16:18:31 -0800] "POST /blog/wp-cron.php?doing_wp_cron=1330906681 HTTP/1.0" 499 0 "-" "WordPress/3.3.1; http://yuvi.in/blog"
222.165.175.246 - - [04/Mar/2012:16:18:31 -0800] "GET /blog/what-stop-child-athiest/ HTTP/1.0" 200 5564 "" "Mozilla/4.0 (compatible; MSIE 7.0; Windows NT 5.1; Trident/4.0; .NET CLR 2.0.50727; .NET CLR 3.0.4506.2152; .NET CLR 3.5.30729)"
85.17.88.169 - - [04/Mar/2012:16:25:32 -0800] "POST /blog/wp-cron.php?doing_wp_cron=1330907102 HTTP/1.0" 499 0 "-" "WordPress/3.3.1; http://yuvi.in/blog"
107.20.61.74 - - [04/Mar/2012:16:25:33 -0800] "GET /blog/college-drop/ HTTP/1.1" 200 17787 "-" "Mozilla/4.0 (compatible; MSIE 7.0; Windows NT 5.1)"
66.249.71.101 - - [04/Mar/2012:16:26:10 -0800] "GET /admin/routes/route/3560/ HTTP/1.1" 404 142 "-" "Mozilla/5.0 (compatible; Googlebot/2.1; +http://www.google.com/bot.html)"
117.193.239.239 - - [04/Mar/2012:16:28:30 -0800] "-" 400 0 "-" "-"
180.76.6.223 - - [04/Mar/2012:16:28:50 -0800] "GET / HTTP/1.1" 200 3439 "-" "Mozilla/5.0 (compatible; Baiduspider/2.0; +http://www.baidu.com/search/spider.html)"
37.112.27.213 - - [04/Mar/2012:16:31:00 -0800] "GET /favicon.ico HTTP/1.1" 404 142 "-" "Reeder/2.5.4 CFNetwork/548.0.4 Darwin/11.0.0"
37.112.27.213 - - [04/Mar/2012:16:31:01 -0800] "GET / HTTP/1.1" 200 1430 "-" "Reeder/2.5.4 CFNetwork/548.0.4 Darwin/11.0.0"
37.112.27.213 - - [04/Mar/2012:16:31:01 -0800] "GET /apple-touch-icon.png HTTP/1.1" 404 142 "-" "Reeder/2.5.4 CFNetwork/548.0.4 Darwin/11.0.0"
37.112.27.213 - - [04/Mar/2012:16:31:01 -0800] "GET /apple-touch-icon-precomposed.png HTTP/1.1" 404 142 "-" "Reeder/2.5.4 CFNetwork/548.0.4 Darwin/11.0.0"
85.17.88.169 - - [04/Mar/2012:16:31:47 -0800] "POST /blog/wp-cron.php?doing_wp_cron=1330907476 HTTP/1.0" 499 0 "-" "WordPress/3.3.1; http://yuvi.in/blog"
209.85.224.80 - - [04/Mar/2012:16:31:47 -0800] "GET /blog/feed HTTP/1.1" 304 0 "-" "FeedBurner/1.0 (http://www.FeedBurner.com)"
117.193.239.239 - - [04/Mar/2012:16:31:50 -0800] "-" 400 0 "-" "-"
209.85.224.96 - - [04/Mar/2012:16:31:54 -0800] "GET /stories/feed HTTP/1.1" 200 13653 "-" "FeedBurner/1.0 (http://www.FeedBurner.com)"
207.46.204.218 - - [04/Mar/2012:16:33:26 -0800] "-" 400 0 "-" "-"
207.46.204.218 - - [04/Mar/2012:16:33:27 -0800] "-" 400 0 "-" "-"
207.46.204.218 - - [04/Mar/2012:16:33:27 -0800] "-" 400 0 "-" "-"
207.46.204.218 - - [04/Mar/2012:16:33:27 -0800] "-" 400 0 "-" "-"
207.46.204.218 - - [04/Mar/2012:16:33:28 -0800] "-" 400 0 "-" "-"
207.46.204.218 - - [04/Mar/2012:16:33:28 -0800] "-" 400 0 "-" "-"
207.46.204.218 - - [04/Mar/2012:16:33:28 -0800] "-" 400 0 "-" "-"
220.181.108.84 - - [04/Mar/2012:16:34:13 -0800] "GET / HTTP/1.1" 200 3439 "-" "Mozilla/5.0 (compatible; Baiduspider/2.0; +http://www.baidu.com/search/spider.html)"
123.125.71.35 - - [04/Mar/2012:16:34:48 -0800] "GET / HTTP/1.1" 200 3439 "-" "Mozilla/5.0 (compatible; Baiduspider/2.0; +http://www.baidu.com/search/spider.html)"
85.17.88.169 - - [04/Mar/2012:16:35:57 -0800] "POST /blog/wp-cron.php?doing_wp_cron=1330907727 HTTP/1.0" 499 0 "-" "WordPress/3.3.1; http://yuvi.in/blog"
213.186.127.13 - - [04/Mar/2012:16:35:57 -0800] "GET /blog/tag/algorithm/ HTTP/1.1" 200 4214 "-" "Mozilla/5.0 (compatible; AhrefsBot/2.0; +http://ahrefs.com/robot/)"
66.249.71.101 - - [04/Mar/2012:16:37:24 -0800] "GET /admin/routes/route/3556/ HTTP/1.1" 404 142 "-" "Mozilla/5.0 (compatible; Googlebot/2.1; +http://www.google.com/bot.html)"
59.92.51.80 - - [04/Mar/2012:16:38:19 -0800] "-" 400 0 "-" "-"
66.249.71.101 - - [04/Mar/2012:16:46:46 -0800] "GET /admin/routes/route/3545/ HTTP/1.1" 404 142 "-" "Mozilla/5.0 (compatible; Googlebot/2.1; +http://www.google.com/bot.html)"
66.249.71.101 - - [04/Mar/2012:16:47:48 -0800] "GET /admin/routes/route/3595/ HTTP/1.1" 404 142 "-" "Mozilla/5.0 (compatible; Googlebot/2.1; +http://www.google.com/bot.html)"
117.193.4.237 - - [04/Mar/2012:16:49:35 -0800] "-" 400 0 "-" "-"
117.193.4.237 - - [04/Mar/2012:16:49:55 -0800] "-" 400 0 "-" "-"
67.169.91.31 - - [04/Mar/2012:16:50:46 -0800] "GET /r/1328 HTTP/1.1" 301 257 "http://ta.wikipedia.org/wiki/%E0%AE%95%E0%AF%81%E0%AE%B1%E0%AE%BF%E0%AE%AF%E0%AF%80%E0%AE%9F%E0%AF%8D%E0%AE%9F%E0%AF%81_%E0%AE%AE%E0%AF%8A%E0%AE%B4%E0%AE%BF" "Mozilla/5.0 (X11; Linux x86_64) AppleWebKit/534.30 (KHTML, like Gecko) Ubuntu/10.04 Chromium/12.0.742.112 Chrome/12.0.742.112 Safari/534.30"
67.169.91.31 - - [04/Mar/2012:16:50:46 -0800] "GET /s/ta/1328/ HTTP/1.1" 302 437 "http://ta.wikipedia.org/wiki/%E0%AE%95%E0%AF%81%E0%AE%B1%E0%AE%BF%E0%AE%AF%E0%AF%80%E0%AE%9F%E0%AF%8D%E0%AE%9F%E0%AF%81_%E0%AE%AE%E0%AF%8A%E0%AE%B4%E0%AE%BF" "Mozilla/5.0 (X11; Linux x86_64) AppleWebKit/534.30 (KHTML, like Gecko) Ubuntu/10.04 Chromium/12.0.742.112 Chrome/12.0.742.112 Safari/534.30"
117.193.4.237 - - [04/Mar/2012:16:50:55 -0800] "-" 400 0 "-" "-"
117.193.4.237 - - [04/Mar/2012:16:50:55 -0800] "-" 400 0 "-" "-"
117.193.4.237 - - [04/Mar/2012:16:50:55 -0800] "-" 400 0 "-" "-"
117.193.4.237 - - [04/Mar/2012:16:50:55 -0800] "-" 400 0 "-" "-"
117.193.4.237 - - [04/Mar/2012:16:50:55 -0800] "-" 400 0 "-" "-"
213.186.127.13 - - [04/Mar/2012:16:54:08 -0800] "GET /blog/what-i-learnt-from-the-hackfest-at-iitm.html HTTP/1.1" 200 3836 "-" "Mozilla/5.0 (compatible; AhrefsBot/2.0; +http://ahrefs.com/robot/)"
117.193.4.237 - - [04/Mar/2012:16:54:45 -0800] "-" 400 0 "-" "-"
67.215.230.28 - - [04/Mar/2012:16:57:13 -0800] "GET /robots.txt HTTP/1.0" 404 169 "-" "Setooz/Nutch-1.2 (http://www.setooz.com)"
67.215.230.28 - - [04/Mar/2012:16:57:13 -0800] "GET /stories HTTP/1.0" 301 185 "-" "Setooz/Nutch-1.2 (http://www.setooz.com)"
67.215.230.27 - - [04/Mar/2012:16:57:20 -0800] "GET /robots.txt HTTP/1.0" 404 169 "-" "Setooz/Nutch-1.2 (http://www.setooz.com)"
67.215.230.27 - - [04/Mar/2012:16:57:20 -0800] "GET / HTTP/1.0" 200 3439 "-" "Setooz/Nutch-1.2 (http://www.setooz.com)"
122.174.38.120 - - [04/Mar/2012:16:59:26 -0800] "-" 400 0 "-" "-"
85.17.88.169 - - [04/Mar/2012:16:59:29 -0800] "POST /blog/wp-cron.php?doing_wp_cron=1330909139 HTTP/1.0" 499 0 "-" "WordPress/3.3.1; http://yuvi.in/blog"
94.228.34.212 - - [04/Mar/2012:16:59:30 -0800] "GET /blog/ HTTP/1.1" 200 15290 "-" "magpie-crawler/1.1 (U; Linux amd64; en-GB; +http://www.brandwatch.net)"
66.249.71.97 - - [04/Mar/2012:17:00:53 -0800] "GET /blog/college-drop/ HTTP/1.1" 200 4435 "-" "Mozilla/5.0 (compatible; Googlebot/2.1; +http://www.google.com/bot.html)"
85.17.88.169 - - [04/Mar/2012:17:01:57 -0800] "POST /blog/wp-cron.php?doing_wp_cron=1330909286 HTTP/1.0" 499 0 "-" "WordPress/3.3.1; http://yuvi.in/blog"
209.85.224.86 - - [04/Mar/2012:17:01:57 -0800] "GET /blog/feed HTTP/1.1" 304 0 "-" "FeedBurner/1.0 (http://www.FeedBurner.com)"
66.249.71.101 - - [04/Mar/2012:17:04:26 -0800] "GET /admin/routes/route/3600/ HTTP/1.1" 404 142 "-" "Mozilla/5.0 (compatible; Googlebot/2.1; +http://www.google.com/bot.html)"
94.23.42.135 - - [04/Mar/2012:17:06:03 -0800] "GET /robots.txt HTTP/1.0" 404 169 "-" "Mozilla/5.0 (compatible; MJ12bot/v1.4.2; http://www.majestic12.co.uk/bot.php?+)"
85.17.88.169 - - [04/Mar/2012:17:06:07 -0800] "POST /blog/wp-cron.php?doing_wp_cron=1330909537 HTTP/1.0" 499 0 "-" "WordPress/3.3.1; http://yuvi.in/blog"
94.23.42.135 - - [04/Mar/2012:17:06:08 -0800] "GET /blog/story-average-indian-techie HTTP/1.0" 301 0 "-" "Mozilla/5.0 (compatible; MJ12bot/v1.4.2; http://www.majestic12.co.uk/bot.php?+)"
85.17.88.169 - - [04/Mar/2012:17:06:12 -0800] "POST /blog/wp-cron.php?doing_wp_cron=1330909541 HTTP/1.0" 499 0 "-" "WordPress/3.3.1; http://yuvi.in/blog"
94.23.42.135 - - [04/Mar/2012:17:06:13 -0800] "GET /blog/story-average-indian-techie/ HTTP/1.0" 200 54077 "-" "Mozilla/5.0 (compatible; MJ12bot/v1.4.2; http://www.majestic12.co.uk/bot.php?+)"
66.249.71.97 - - [04/Mar/2012:17:06:35 -0800] "GET /blog/serendipity.html HTTP/1.1" 200 2419 "-" "Mozilla/5.0 (compatible; Googlebot/2.1; +http://www.google.com/bot.html)"
207.46.204.217 - - [04/Mar/2012:17:07:48 -0800] "-" 400 0 "-" "-"
207.46.204.217 - - [04/Mar/2012:17:07:49 -0800] "-" 400 0 "-" "-"
207.46.204.217 - - [04/Mar/2012:17:07:49 -0800] "-" 400 0 "-" "-"
207.46.204.217 - - [04/Mar/2012:17:07:49 -0800] "-" 400 0 "-" "-"
207.46.204.217 - - [04/Mar/2012:17:07:49 -0800] "-" 400 0 "-" "-"
207.46.204.217 - - [04/Mar/2012:17:07:49 -0800] "-" 400 0 "-" "-"
207.46.204.217 - - [04/Mar/2012:17:07:49 -0800] "-" 400 0 "-" "-"
207.46.204.217 - - [04/Mar/2012:17:07:49 -0800] "-" 400 0 "-" "-"
207.46.204.217 - - [04/Mar/2012:17:07:49 -0800] "-" 400 0 "-" "-"
207.46.204.217 - - [04/Mar/2012:17:07:49 -0800] "-" 400 0 "-" "-"
85.17.88.169 - - [04/Mar/2012:17:08:34 -0800] "POST /blog/wp-cron.php?doing_wp_cron=1330909683 HTTP/1.0" 499 0 "-" "WordPress/3.3.1; http://yuvi.in/blog"
72.14.199.121 - - [04/Mar/2012:17:08:34 -0800] "GET /blog/feed HTTP/1.1" 301 0 "-" "Feedfetcher-Google; (+http://www.google.com/feedfetcher.html; 3 subscribers; feed-id=17684830852112633560)"
85.17.88.169 - - [04/Mar/2012:17:08:36 -0800] "POST /blog/wp-cron.php?doing_wp_cron=1330909686 HTTP/1.0" 499 0 "-" "WordPress/3.3.1; http://yuvi.in/blog"
72.14.199.121 - - [04/Mar/2012:17:08:37 -0800] "GET /blog/feed/ HTTP/1.1" 304 0 "-" "Feedfetcher-Google; (+http://www.google.com/feedfetcher.html; 3 subscribers; feed-id=17684830852112633560)"
207.46.204.217 - - [04/Mar/2012:17:08:46 -0800] "-" 400 0 "-" "-"
66.249.71.97 - - [04/Mar/2012:17:08:52 -0800] "GET /blog/moving-to-vim-from-emacs.html HTTP/1.1" 200 2657 "-" "Mozilla/5.0 (compatible; Googlebot/2.1; +http://www.google.com/bot.html)"
180.76.5.175 - - [04/Mar/2012:17:10:40 -0800] "GET /blog/shirts.html HTTP/1.1" 200 2032 "-" "Mozilla/5.0 (compatible; Baiduspider/2.0; +http://www.baidu.com/search/spider.html)"
85.17.88.169 - - [04/Mar/2012:17:11:10 -0800] "POST /blog/wp-cron.php?doing_wp_cron=1330909840 HTTP/1.0" 499 0 "-" "WordPress/3.3.1; http://yuvi.in/blog"
66.249.71.97 - - [04/Mar/2012:17:11:11 -0800] "GET /blog/2009/12/ HTTP/1.1" 200 5525 "-" "Mozilla/5.0 (compatible; Googlebot/2.1; +http://www.google.com/bot.html)"
117.201.38.221 - - [04/Mar/2012:17:12:41 -0800] "-" 400 0 "-" "-"
85.17.88.169 - - [04/Mar/2012:17:13:27 -0800] "POST /blog/wp-cron.php?doing_wp_cron=1330909977 HTTP/1.0" 499 0 "-" "WordPress/3.3.1; http://yuvi.in/blog"
66.249.71.97 - - [04/Mar/2012:17:13:28 -0800] "GET /blog/2009/11/ HTTP/1.1" 200 4075 "-" "Mozilla/5.0 (compatible; Googlebot/2.1; +http://www.google.com/bot.html)"
207.46.204.173 - - [04/Mar/2012:17:15:00 -0800] "-" 400 0 "-" "-"
207.46.204.173 - - [04/Mar/2012:17:15:02 -0800] "-" 400 0 "-" "-"
207.46.204.173 - - [04/Mar/2012:17:15:02 -0800] "-" 400 0 "-" "-"
207.46.204.173 - - [04/Mar/2012:17:15:02 -0800] "-" 400 0 "-" "-"
207.46.204.173 - - [04/Mar/2012:17:15:03 -0800] "-" 400 0 "-" "-"
207.46.204.173 - - [04/Mar/2012:17:15:03 -0800] "-" 400 0 "-" "-"
207.46.204.173 - - [04/Mar/2012:17:15:03 -0800] "-" 400 0 "-" "-"
207.46.204.173 - - [04/Mar/2012:17:15:03 -0800] "-" 400 0 "-" "-"
207.46.204.173 - - [04/Mar/2012:17:15:03 -0800] "-" 400 0 "-" "-"
207.46.204.173 - - [04/Mar/2012:17:15:05 -0800] "-" 400 0 "-" "-"
117.199.133.51 - - [04/Mar/2012:17:15:18 -0800] "-" 400 0 "-" "-"
207.46.204.173 - - [04/Mar/2012:17:15:42 -0800] "-" 400 0 "-" "-"
85.17.88.169 - - [04/Mar/2012:17:15:44 -0800] "POST /blog/wp-cron.php?doing_wp_cron=1330910114 HTTP/1.0" 499 0 "-" "WordPress/3.3.1; http://yuvi.in/blog"
66.249.71.97 - - [04/Mar/2012:17:15:45 -0800] "GET /blog/2009/10/28/ HTTP/1.1" 200 4368 "-" "Mozilla/5.0 (compatible; Googlebot/2.1; +http://www.google.com/bot.html)"
85.17.88.169 - - [04/Mar/2012:17:15:58 -0800] "POST /blog/wp-cron.php?doing_wp_cron=1330910128 HTTP/1.0" 499 0 "-" "WordPress/3.3.1; http://yuvi.in/blog"
101.226.33.174 - - [04/Mar/2012:17:15:59 -0800] "GET /blog/feed HTTP/1.0" 304 0 "-" "Mozilla/4.0 (compatible; Windows;)"
117.201.38.221 - - [04/Mar/2012:17:16:35 -0800] "-" 400 0 "-" "-"
124.43.110.32 - - [04/Mar/2012:17:16:47 -0800] "GET /r/0 HTTP/1.1" 301 251 "http://ta.wikipedia.org/wiki/%E0%AE%AA%E0%AE%9F%E0%AE%BF%E0%AE%AE%E0%AE%AE%E0%AF%8D:RING_Topology.png" "Mozilla/5.0 (Windows NT 6.1; rv:7.0.1) Gecko/20100101 Firefox/7.0.1"
124.43.110.32 - - [04/Mar/2012:17:16:48 -0800] "GET /s/ta/0/ HTTP/1.1" 502 173 "http://ta.wikipedia.org/wiki/%E0%AE%AA%E0%AE%9F%E0%AE%BF%E0%AE%AE%E0%AE%AE%E0%AF%8D:RING_Topology.png" "Mozilla/5.0 (Windows NT 6.1; rv:7.0.1) Gecko/20100101 Firefox/7.0.1"
124.43.110.32 - - [04/Mar/2012:17:16:49 -0800] "GET /favicon.ico HTTP/1.1" 404 211 "-" "Mozilla/5.0 (Windows NT 6.1; rv:7.0.1) Gecko/20100101 Firefox/7.0.1"
124.43.110.32 - - [04/Mar/2012:17:16:49 -0800] "GET /favicon.ico HTTP/1.1" 404 211 "-" "Mozilla/5.0 (Windows NT 6.1; rv:7.0.1) Gecko/20100101 Firefox/7.0.1"
124.43.110.32 - - [04/Mar/2012:17:16:49 -0800] "GET /favicon.ico HTTP/1.1" 404 211 "-" "Mozilla/5.0 (Windows NT 6.1; rv:7.0.1) Gecko/20100101 Firefox/7.0.1"
124.43.110.32 - - [04/Mar/2012:17:16:53 -0800] "-" 400 0 "-" "-"
117.201.38.221 - - [04/Mar/2012:17:19:26 -0800] "-" 400 0 "-" "-"
66.249.71.101 - - [04/Mar/2012:17:20:17 -0800] "GET / HTTP/1.1" 200 1430 "-" "Mozilla/5.0 (compatible; Googlebot/2.1; +http://www.google.com/bot.html)"
85.17.88.169 - - [04/Mar/2012:17:22:36 -0800] "POST /blog/wp-cron.php?doing_wp_cron=1330910526 HTTP/1.0" 499 0 "-" "WordPress/3.3.1; http://yuvi.in/blog"
66.249.71.97 - - [04/Mar/2012:17:22:37 -0800] "GET /blog/category/code/page/4/ HTTP/1.1" 200 13097 "-" "Mozilla/5.0 (compatible; Googlebot/2.1; +http://www.google.com/bot.html)"
207.46.12.75 - - [04/Mar/2012:17:23:38 -0800] "-" 400 0 "-" "-"
207.46.12.75 - - [04/Mar/2012:17:23:39 -0800] "-" 400 0 "-" "-"
207.46.12.75 - - [04/Mar/2012:17:23:40 -0800] "-" 400 0 "-" "-"
207.46.12.75 - - [04/Mar/2012:17:23:41 -0800] "-" 400 0 "-" "-"
207.46.12.75 - - [04/Mar/2012:17:23:41 -0800] "-" 400 0 "-" "-"
207.46.12.75 - - [04/Mar/2012:17:23:41 -0800] "-" 400 0 "-" "-"
207.46.12.75 - - [04/Mar/2012:17:23:41 -0800] "-" 400 0 "-" "-"
207.46.12.75 - - [04/Mar/2012:17:23:41 -0800] "-" 400 0 "-" "-"
207.46.12.75 - - [04/Mar/2012:17:23:42 -0800] "-" 400 0 "-" "-"
207.46.12.75 - - [04/Mar/2012:17:23:42 -0800] "-" 400 0 "-" "-"
157.55.18.25 - - [04/Mar/2012:17:23:44 -0800] "GET /robots.txt HTTP/1.1" 404 169 "-" "Mozilla/5.0 (compatible; bingbot/2.0; +http://www.bing.com/bingbot.htm)"
85.17.88.169 - - [04/Mar/2012:17:23:56 -0800] "POST /blog/wp-cron.php?doing_wp_cron=1330910606 HTTP/1.0" 499 0 "-" "WordPress/3.3.1; http://yuvi.in/blog"
72.14.199.121 - - [04/Mar/2012:17:23:56 -0800] "GET /blog/feed/ HTTP/1.1" 304 0 "-" "Feedfetcher-Google; (+http://www.google.com/feedfetcher.html; 18 subscribers; feed-id=15064232456473204253)"
85.17.88.169 - - [04/Mar/2012:17:24:01 -0800] "POST /blog/wp-cron.php?doing_wp_cron=1330910610 HTTP/1.0" 499 0 "-" "WordPress/3.3.1; http://yuvi.in/blog"
157.55.18.25 - - [04/Mar/2012:17:24:01 -0800] "GET /blog/broke-nonexistent-law/ HTTP/1.1" 200 9579 "-" "Mozilla/5.0 (compatible; bingbot/2.0; +http://www.bing.com/bingbot.htm)"
207.46.12.75 - - [04/Mar/2012:17:24:06 -0800] "-" 400 0 "-" "-"
207.46.204.217 - - [04/Mar/2012:17:24:27 -0800] "-" 400 0 "-" "-"
207.46.204.217 - - [04/Mar/2012:17:24:30 -0800] "-" 400 0 "-" "-"
207.46.204.217 - - [04/Mar/2012:17:24:30 -0800] "-" 400 0 "-" "-"
207.46.204.217 - - [04/Mar/2012:17:24:30 -0800] "-" 400 0 "-" "-"
207.46.204.217 - - [04/Mar/2012:17:24:30 -0800] "-" 400 0 "-" "-"
207.46.204.217 - - [04/Mar/2012:17:24:31 -0800] "-" 400 0 "-" "-"
207.46.204.217 - - [04/Mar/2012:17:24:31 -0800] "-" 400 0 "-" "-"
207.46.204.217 - - [04/Mar/2012:17:24:32 -0800] "-" 400 0 "-" "-"
207.46.204.217 - - [04/Mar/2012:17:24:32 -0800] "-" 400 0 "-" "-"
207.46.204.217 - - [04/Mar/2012:17:24:32 -0800] "-" 400 0 "-" "-"
85.17.88.169 - - [04/Mar/2012:17:24:53 -0800] "POST /blog/wp-cron.php?doing_wp_cron=1330910662 HTTP/1.0" 499 0 "-" "WordPress/3.3.1; http://yuvi.in/blog"
66.249.71.97 - - [04/Mar/2012:17:24:53 -0800] "GET /blog/category/personal/page/3/ HTTP/1.1" 200 8921 "-" "Mozilla/5.0 (compatible; Googlebot/2.1; +http://www.google.com/bot.html)"
66.249.71.116 - - [04/Mar/2012:17:27:08 -0800] "GET /r/21vh HTTP/1.1" 301 257 "-" "Mozilla/5.0 (compatible; Googlebot/2.1; +http://www.google.com/bot.html)"
66.249.71.116 - - [04/Mar/2012:17:27:09 -0800] "GET /s/ta/21vh/ HTTP/1.1" 302 485 "-" "Mozilla/5.0 (compatible; Googlebot/2.1; +http://www.google.com/bot.html)"
209.85.224.97 - - [04/Mar/2012:17:31:57 -0800] "GET /stories/feed HTTP/1.1" 200 13653 "-" "FeedBurner/1.0 (http://www.FeedBurner.com)"
85.17.88.169 - - [04/Mar/2012:17:32:09 -0800] "POST /blog/wp-cron.php?doing_wp_cron=1330911098 HTTP/1.0" 499 0 "-" "WordPress/3.3.1; http://yuvi.in/blog"
209.85.224.80 - - [04/Mar/2012:17:32:09 -0800] "GET /blog/feed HTTP/1.1" 304 0 "-" "FeedBurner/1.0 (http://www.FeedBurner.com)"
117.199.133.51 - - [04/Mar/2012:17:34:03 -0800] "-" 400 0 "-" "-"
66.249.71.101 - - [04/Mar/2012:17:34:48 -0800] "GET /blueprint/print.css HTTP/1.1" 200 1284 "-" "Mozilla/5.0 (compatible; Googlebot/2.1; +http://www.google.com/bot.html)"
66.249.71.101 - - [04/Mar/2012:17:34:48 -0800] "GET /blueprint/screen.css HTTP/1.1" 200 12058 "-" "Mozilla/5.0 (compatible; Googlebot/2.1; +http://www.google.com/bot.html)"
66.249.71.101 - - [04/Mar/2012:17:34:49 -0800] "GET /header.png HTTP/1.1" 200 14249 "-" "Mozilla/5.0 (compatible; Googlebot/2.1; +http://www.google.com/bot.html)"
207.46.12.75 - - [04/Mar/2012:17:35:30 -0800] "-" 400 0 "-" "-"
207.46.12.75 - - [04/Mar/2012:17:35:31 -0800] "-" 400 0 "-" "-"
207.46.12.75 - - [04/Mar/2012:17:35:32 -0800] "-" 400 0 "-" "-"
207.46.12.75 - - [04/Mar/2012:17:35:34 -0800] "-" 400 0 "-" "-"
207.46.12.75 - - [04/Mar/2012:17:35:34 -0800] "-" 400 0 "-" "-"
207.46.12.75 - - [04/Mar/2012:17:35:35 -0800] "-" 400 0 "-" "-"
207.46.12.75 - - [04/Mar/2012:17:35:35 -0800] "-" 400 0 "-" "-"
207.46.12.75 - - [04/Mar/2012:17:35:35 -0800] "-" 400 0 "-" "-"
207.46.12.75 - - [04/Mar/2012:17:35:36 -0800] "-" 400 0 "-" "-"
207.46.12.75 - - [04/Mar/2012:17:35:55 -0800] "-" 400 0 "-" "-"
117.206.97.238 - - [04/Mar/2012:17:36:45 -0800] "GET /r/2eve HTTP/1.1" 301 257 "http://ta.wikipedia.org/wiki/%E0%AE%9A%E0%AE%BF%E0%AE%A9%E0%AF%88%E0%AE%AA%E0%AF%8D_%E0%AE%AA%E0%AF%86%E0%AE%AF%E0%AE%B0%E0%AF%8D" "Mozilla/5.0 (Windows NT 5.1; rv:10.0) Gecko/20100101 Firefox/10.0"
117.206.97.238 - - [04/Mar/2012:17:36:46 -0800] "GET /s/ta/2eve/ HTTP/1.1" 302 401 "http://ta.wikipedia.org/wiki/%E0%AE%9A%E0%AE%BF%E0%AE%A9%E0%AF%88%E0%AE%AA%E0%AF%8D_%E0%AE%AA%E0%AF%86%E0%AE%AF%E0%AE%B0%E0%AF%8D" "Mozilla/5.0 (Windows NT 5.1; rv:10.0) Gecko/20100101 Firefox/10.0"
117.206.97.238 - - [04/Mar/2012:17:36:51 -0800] "-" 400 0 "-" "-"
188.127.120.118 - - [04/Mar/2012:17:36:55 -0800] "-" 400 0 "-" "-"
117.199.133.51 - - [04/Mar/2012:17:37:44 -0800] "-" 400 0 "-" "-"
66.249.71.101 - - [04/Mar/2012:17:38:33 -0800] "GET /chennai/route/170n/ HTTP/1.1" 404 142 "-" "Mozilla/5.0 (compatible; Googlebot/2.1; +http://www.google.com/bot.html)"
85.17.88.169 - - [04/Mar/2012:17:43:09 -0800] "POST /blog/wp-cron.php?doing_wp_cron=1330911759 HTTP/1.0" 499 0 "-" "WordPress/3.3.1; http://yuvi.in/blog"
66.249.71.97 - - [04/Mar/2012:17:43:10 -0800] "GET /blog/2010/12/23/ HTTP/1.1" 200 4114 "-" "Mozilla/5.0 (compatible; Googlebot/2.1; +http://www.google.com/bot.html)"
77.21.147.115 - - [04/Mar/2012:17:43:39 -0800] "GET /stories/premature-greying.html HTTP/1.1" 200 2978 "-" "findlinks/2.0.2 (+http://wortschatz.uni-leipzig.de/findlinks/)"
85.17.88.169 - - [04/Mar/2012:17:45:26 -0800] "POST /blog/wp-cron.php?doing_wp_cron=1330911895 HTTP/1.0" 499 0 "-" "WordPress/3.3.1; http://yuvi.in/blog"
66.249.71.97 - - [04/Mar/2012:17:45:27 -0800] "GET /blog/page/12/ HTTP/1.1" 200 6979 "-" "Mozilla/5.0 (compatible; Googlebot/2.1; +http://www.google.com/bot.html)"
85.17.88.169 - - [04/Mar/2012:17:47:43 -0800] "POST /blog/wp-cron.php?doing_wp_cron=1330912032 HTTP/1.0" 499 0 "-" "WordPress/3.3.1; http://yuvi.in/blog"
66.249.71.97 - - [04/Mar/2012:17:47:43 -0800] "GET /blog/2011/01/25/ HTTP/1.1" 200 5818 "-" "Mozilla/5.0 (compatible; Googlebot/2.1; +http://www.google.com/bot.html)"
180.76.5.138 - - [04/Mar/2012:17:49:18 -0800] "GET / HTTP/1.1" 304 0 "-" "Mozilla/5.0 (compatible; Baiduspider/2.0; +http://www.baidu.com/search/spider.html)"
122.164.232.169 - - [04/Mar/2012:17:49:44 -0800] "-" 400 0 "-" "-"
66.249.71.116 - - [04/Mar/2012:17:49:58 -0800] "GET /r/25l HTTP/1.1" 301 255 "-" "Mozilla/5.0 (compatible; Googlebot/2.1; +http://www.google.com/bot.html)"
66.249.71.116 - - [04/Mar/2012:17:49:59 -0800] "GET /s/ta/25l/ HTTP/1.1" 302 461 "-" "Mozilla/5.0 (compatible; Googlebot/2.1; +http://www.google.com/bot.html)"
180.76.6.227 - - [04/Mar/2012:17:51:32 -0800] "GET /robots.txt HTTP/1.1" 404 142 "-" "Baiduspider+(+http://www.baidu.com/search/spider.htm)"
207.46.12.68 - - [04/Mar/2012:17:52:02 -0800] "-" 400 0 "-" "-"
207.46.12.68 - - [04/Mar/2012:17:52:04 -0800] "-" 400 0 "-" "-"
207.46.12.68 - - [04/Mar/2012:17:52:04 -0800] "-" 400 0 "-" "-"
207.46.204.211 - - [04/Mar/2012:17:52:04 -0800] "-" 400 0 "-" "-"
207.46.204.211 - - [04/Mar/2012:17:52:04 -0800] "-" 400 0 "-" "-"
207.46.12.68 - - [04/Mar/2012:17:52:04 -0800] "-" 400 0 "-" "-"
207.46.12.68 - - [04/Mar/2012:17:52:04 -0800] "-" 400 0 "-" "-"
207.46.204.211 - - [04/Mar/2012:17:52:04 -0800] "-" 400 0 "-" "-"
207.46.204.211 - - [04/Mar/2012:17:52:04 -0800] "-" 400 0 "-" "-"
207.46.12.68 - - [04/Mar/2012:17:52:04 -0800] "-" 400 0 "-" "-"
207.46.204.211 - - [04/Mar/2012:17:52:04 -0800] "-" 400 0 "-" "-"
207.46.204.211 - - [04/Mar/2012:17:52:04 -0800] "-" 400 0 "-" "-"
207.46.204.211 - - [04/Mar/2012:17:52:04 -0800] "-" 400 0 "-" "-"
207.46.204.211 - - [04/Mar/2012:17:52:04 -0800] "-" 400 0 "-" "-"
207.46.204.211 - - [04/Mar/2012:17:52:05 -0800] "-" 400 0 "-" "-"
207.46.12.68 - - [04/Mar/2012:17:52:05 -0800] "-" 400 0 "-" "-"
207.46.12.68 - - [04/Mar/2012:17:52:05 -0800] "-" 400 0 "-" "-"
207.46.12.68 - - [04/Mar/2012:17:52:05 -0800] "-" 400 0 "-" "-"
157.55.112.205 - - [04/Mar/2012:17:52:15 -0800] "-" 400 0 "-" "-"
157.55.112.205 - - [04/Mar/2012:17:52:15 -0800] "-" 400 0 "-" "-"
157.55.112.205 - - [04/Mar/2012:17:52:15 -0800] "-" 400 0 "-" "-"
157.55.112.205 - - [04/Mar/2012:17:52:15 -0800] "-" 400 0 "-" "-"
157.55.112.205 - - [04/Mar/2012:17:52:15 -0800] "-" 400 0 "-" "-"
66.249.71.116 - - [04/Mar/2012:17:52:15 -0800] "GET /r/2apc HTTP/1.1" 301 257 "-" "Mozilla/5.0 (compatible; Googlebot/2.1; +http://www.google.com/bot.html)"
157.55.112.205 - - [04/Mar/2012:17:52:15 -0800] "-" 400 0 "-" "-"
157.55.112.205 - - [04/Mar/2012:17:52:15 -0800] "-" 400 0 "-" "-"
157.55.112.205 - - [04/Mar/2012:17:52:16 -0800] "-" 400 0 "-" "-"
157.55.112.205 - - [04/Mar/2012:17:52:16 -0800] "-" 400 0 "-" "-"
66.249.71.116 - - [04/Mar/2012:17:52:17 -0800] "GET /s/ta/2apc/ HTTP/1.1" 302 603 "-" "Mozilla/5.0 (compatible; Googlebot/2.1; +http://www.google.com/bot.html)"
117.199.133.51 - - [04/Mar/2012:17:52:22 -0800] "-" 400 0 "-" "-"
157.55.112.202 - - [04/Mar/2012:17:52:24 -0800] "-" 400 0 "-" "-"
157.55.112.202 - - [04/Mar/2012:17:52:24 -0800] "-" 400 0 "-" "-"
157.55.112.202 - - [04/Mar/2012:17:52:24 -0800] "-" 400 0 "-" "-"
157.55.112.202 - - [04/Mar/2012:17:52:25 -0800] "-" 400 0 "-" "-"
157.55.112.202 - - [04/Mar/2012:17:52:25 -0800] "-" 400 0 "-" "-"
157.55.112.202 - - [04/Mar/2012:17:52:25 -0800] "-" 400 0 "-" "-"
157.55.112.202 - - [04/Mar/2012:17:52:25 -0800] "-" 400 0 "-" "-"
157.55.112.202 - - [04/Mar/2012:17:52:25 -0800] "-" 400 0 "-" "-"
157.55.112.202 - - [04/Mar/2012:17:52:25 -0800] "-" 400 0 "-" "-"
157.55.112.205 - - [04/Mar/2012:17:52:31 -0800] "-" 400 0 "-" "-"
157.55.112.205 - - [04/Mar/2012:17:52:31 -0800] "-" 400 0 "-" "-"
157.55.112.202 - - [04/Mar/2012:17:52:36 -0800] "-" 400 0 "-" "-"
207.46.12.68 - - [04/Mar/2012:17:52:38 -0800] "-" 400 0 "-" "-"
207.46.204.211 - - [04/Mar/2012:17:52:42 -0800] "-" 400 0 "-" "-"
207.46.204.211 - - [04/Mar/2012:17:52:42 -0800] "-" 400 0 "-" "-"
207.46.12.68 - - [04/Mar/2012:17:52:44 -0800] "-" 400 0 "-" "-"
117.202.129.194 - - [04/Mar/2012:17:54:48 -0800] "-" 400 0 "-" "-"
208.115.111.68 - - [04/Mar/2012:17:55:23 -0800] "GET /robots.txt HTTP/1.1" 404 169 "-" "Mozilla/5.0 (compatible; Ezooms/1.0; ezooms.bot@gmail.com)"
122.164.232.169 - - [04/Mar/2012:17:56:38 -0800] "-" 400 0 "-" "-"
175.157.131.138 - - [04/Mar/2012:17:57:01 -0800] "GET /r/1o4t HTTP/1.1" 301 257 "-" "Mozilla/4.0 (compatible; MSIE 8.0; Windows NT 6.1; Trident/4.0; SLCC2; .NET CLR 2.0.50727; .NET CLR 3.5.30729; .NET CLR 3.0.30729; Media Center PC 6.0; InfoPath.2)"
175.157.131.138 - - [04/Mar/2012:17:57:06 -0800] "GET /s/ta/1o4t/ HTTP/1.1" 302 483 "-" "Mozilla/4.0 (compatible; MSIE 8.0; Windows NT 6.1; Trident/4.0; SLCC2; .NET CLR 2.0.50727; .NET CLR 3.5.30729; .NET CLR 3.0.30729; Media Center PC 6.0; InfoPath.2)"
85.17.88.169 - - [04/Mar/2012:17:59:09 -0800] "POST /blog/wp-cron.php?doing_wp_cron=1330912718 HTTP/1.0" 499 0 "-" "WordPress/3.3.1; http://yuvi.in/blog"
66.249.71.97 - - [04/Mar/2012:17:59:09 -0800] "GET /blog/3-reasons-people-join-it-companies/feed/atom/ HTTP/1.1" 200 7061 "-" "Mozilla/5.0 (compatible; Googlebot/2.1; +http://www.google.com/bot.html)"
211.30.122.169 - - [04/Mar/2012:17:59:43 -0800] "GET / HTTP/1.1" 200 1430 "http://www.google.com.au/url?sa=t&rct=j&q=tawp.in%2F&source=web&cd=1&sqi=2&ved=0CCYQFjAA&url=http%3A%2F%2Fwww.tawp.in%2F&ei=oR1UT8XULoOdiAeNg8HXCw&usg=AFQjCNEGwy4DiSFYO0IUonZBpeL4wqYOtw" "Mozilla/5.0 (Windows NT 6.0) AppleWebKit/535.11 (KHTML, like Gecko) Chrome/17.0.963.56 Safari/535.11"
211.30.122.169 - - [04/Mar/2012:17:59:43 -0800] "GET /blueprint/screen.css HTTP/1.1" 200 12058 "http://www.tawp.in/" "Mozilla/5.0 (Windows NT 6.0) AppleWebKit/535.11 (KHTML, like Gecko) Chrome/17.0.963.56 Safari/535.11"
211.30.122.169 - - [04/Mar/2012:17:59:44 -0800] "GET /blueprint/print.css HTTP/1.1" 200 1284 "http://www.tawp.in/" "Mozilla/5.0 (Windows NT 6.0) AppleWebKit/535.11 (KHTML, like Gecko) Chrome/17.0.963.56 Safari/535.11"
211.30.122.169 - - [04/Mar/2012:17:59:44 -0800] "GET /header.png HTTP/1.1" 200 14249 "http://www.tawp.in/" "Mozilla/5.0 (Windows NT 6.0) AppleWebKit/535.11 (KHTML, like Gecko) Chrome/17.0.963.56 Safari/535.11"
211.30.122.169 - - [04/Mar/2012:17:59:44 -0800] "GET /favicon.ico HTTP/1.1" 404 199 "-" "Mozilla/5.0 (Windows NT 6.0) AppleWebKit/535.11 (KHTML, like Gecko) Chrome/17.0.963.56 Safari/535.11"
211.30.122.169 - - [04/Mar/2012:17:59:55 -0800] "-" 400 0 "-" "-"
207.46.204.216 - - [04/Mar/2012:18:01:38 -0800] "-" 400 0 "-" "-"
207.46.204.216 - - [04/Mar/2012:18:01:38 -0800] "-" 400 0 "-" "-"
207.46.204.216 - - [04/Mar/2012:18:01:38 -0800] "-" 400 0 "-" "-"
