204.236.244.115 - - [27/Mar/2012:14:00:16 -0700] "GET /blog/2011/05 HTTP/1.1" 301 0 "" "EC2LinkFinder"
85.17.88.169 - - [27/Mar/2012:14:00:18 -0700] "POST /blog/wp-cron.php?doing_wp_cron=1332881805 HTTP/1.0" 499 0 "-" "WordPress/3.3.1; http://yuvi.in/blog"
204.236.244.115 - - [27/Mar/2012:14:00:18 -0700] "GET /blog/2011/05/ HTTP/1.1" 200 8194 "" "EC2LinkFinder"
85.17.88.169 - - [27/Mar/2012:14:00:21 -0700] "POST /blog/wp-cron.php?doing_wp_cron=1332881808 HTTP/1.0" 499 0 "-" "WordPress/3.3.1; http://yuvi.in/blog"
204.236.244.115 - - [27/Mar/2012:14:00:21 -0700] "GET /blog/2011/04 HTTP/1.1" 301 0 "" "EC2LinkFinder"
85.17.88.169 - - [27/Mar/2012:14:00:23 -0700] "POST /blog/wp-cron.php?doing_wp_cron=1332881811 HTTP/1.0" 499 0 "-" "WordPress/3.3.1; http://yuvi.in/blog"
204.236.244.115 - - [27/Mar/2012:14:00:23 -0700] "GET /blog/2011/04/ HTTP/1.1" 200 5728 "" "EC2LinkFinder"
85.17.88.169 - - [27/Mar/2012:14:00:26 -0700] "POST /blog/wp-cron.php?doing_wp_cron=1332881814 HTTP/1.0" 499 0 "-" "WordPress/3.3.1; http://yuvi.in/blog"
204.236.244.115 - - [27/Mar/2012:14:00:27 -0700] "GET /blog/2011/02 HTTP/1.1" 301 0 "" "EC2LinkFinder"
85.17.88.169 - - [27/Mar/2012:14:00:29 -0700] "POST /blog/wp-cron.php?doing_wp_cron=1332881816 HTTP/1.0" 499 0 "-" "WordPress/3.3.1; http://yuvi.in/blog"
204.236.244.115 - - [27/Mar/2012:14:00:29 -0700] "GET /blog/2011/02/ HTTP/1.1" 200 5999 "" "EC2LinkFinder"
85.17.88.169 - - [27/Mar/2012:14:00:32 -0700] "POST /blog/wp-cron.php?doing_wp_cron=1332881819 HTTP/1.0" 499 0 "-" "WordPress/3.3.1; http://yuvi.in/blog"
204.236.244.115 - - [27/Mar/2012:14:00:32 -0700] "GET /blog/2011/01 HTTP/1.1" 301 0 "" "EC2LinkFinder"
85.17.88.169 - - [27/Mar/2012:14:00:34 -0700] "POST /blog/wp-cron.php?doing_wp_cron=1332881822 HTTP/1.0" 499 0 "-" "WordPress/3.3.1; http://yuvi.in/blog"
204.236.244.115 - - [27/Mar/2012:14:00:34 -0700] "GET /blog/2011/01/ HTTP/1.1" 200 7197 "" "EC2LinkFinder"
85.17.88.169 - - [27/Mar/2012:14:00:37 -0700] "POST /blog/wp-cron.php?doing_wp_cron=1332881825 HTTP/1.0" 499 0 "-" "WordPress/3.3.1; http://yuvi.in/blog"
204.236.244.115 - - [27/Mar/2012:14:00:38 -0700] "GET /blog/2010/12 HTTP/1.1" 301 0 "" "EC2LinkFinder"
85.17.88.169 - - [27/Mar/2012:14:00:40 -0700] "POST /blog/wp-cron.php?doing_wp_cron=1332881827 HTTP/1.0" 499 0 "-" "WordPress/3.3.1; http://yuvi.in/blog"
204.236.244.115 - - [27/Mar/2012:14:00:40 -0700] "GET /blog/2010/12/ HTTP/1.1" 200 5765 "" "EC2LinkFinder"
85.17.88.169 - - [27/Mar/2012:14:00:43 -0700] "POST /blog/wp-cron.php?doing_wp_cron=1332881830 HTTP/1.0" 499 0 "-" "WordPress/3.3.1; http://yuvi.in/blog"
204.236.244.115 - - [27/Mar/2012:14:00:43 -0700] "GET /blog/2010/11 HTTP/1.1" 301 0 "" "EC2LinkFinder"
85.17.88.169 - - [27/Mar/2012:14:00:45 -0700] "POST /blog/wp-cron.php?doing_wp_cron=1332881833 HTTP/1.0" 499 0 "-" "WordPress/3.3.1; http://yuvi.in/blog"
204.236.244.115 - - [27/Mar/2012:14:00:45 -0700] "GET /blog/2010/11/ HTTP/1.1" 200 4394 "" "EC2LinkFinder"
85.17.88.169 - - [27/Mar/2012:14:00:48 -0700] "POST /blog/wp-cron.php?doing_wp_cron=1332881836 HTTP/1.0" 499 0 "-" "WordPress/3.3.1; http://yuvi.in/blog"
204.236.244.115 - - [27/Mar/2012:14:00:49 -0700] "GET /blog/2010/10 HTTP/1.1" 301 0 "" "EC2LinkFinder"
85.17.88.169 - - [27/Mar/2012:14:00:51 -0700] "POST /blog/wp-cron.php?doing_wp_cron=1332881838 HTTP/1.0" 499 0 "-" "WordPress/3.3.1; http://yuvi.in/blog"
204.236.244.115 - - [27/Mar/2012:14:00:51 -0700] "GET /blog/2010/10/ HTTP/1.1" 200 3843 "" "EC2LinkFinder"
85.17.88.169 - - [27/Mar/2012:14:00:54 -0700] "POST /blog/wp-cron.php?doing_wp_cron=1332881841 HTTP/1.0" 499 0 "-" "WordPress/3.3.1; http://yuvi.in/blog"
204.236.244.115 - - [27/Mar/2012:14:00:54 -0700] "GET /blog/2010/09 HTTP/1.1" 301 0 "" "EC2LinkFinder"
85.17.88.169 - - [27/Mar/2012:14:00:56 -0700] "POST /blog/wp-cron.php?doing_wp_cron=1332881843 HTTP/1.0" 499 0 "-" "WordPress/3.3.1; http://yuvi.in/blog"
204.236.244.115 - - [27/Mar/2012:14:00:56 -0700] "GET /blog/2010/09/ HTTP/1.1" 200 6377 "" "EC2LinkFinder"
85.17.88.169 - - [27/Mar/2012:14:00:59 -0700] "POST /blog/wp-cron.php?doing_wp_cron=1332881847 HTTP/1.0" 499 0 "-" "WordPress/3.3.1; http://yuvi.in/blog"
204.236.244.115 - - [27/Mar/2012:14:01:00 -0700] "GET /blog/2010/08 HTTP/1.1" 301 0 "" "EC2LinkFinder"
85.17.88.169 - - [27/Mar/2012:14:01:01 -0700] "POST /blog/wp-cron.php?doing_wp_cron=1332881849 HTTP/1.0" 499 0 "-" "WordPress/3.3.1; http://yuvi.in/blog"
204.236.244.115 - - [27/Mar/2012:14:01:01 -0700] "GET /blog/2010/08/ HTTP/1.1" 200 5501 "" "EC2LinkFinder"
85.17.88.169 - - [27/Mar/2012:14:01:04 -0700] "POST /blog/wp-cron.php?doing_wp_cron=1332881852 HTTP/1.0" 499 0 "-" "WordPress/3.3.1; http://yuvi.in/blog"
204.236.244.115 - - [27/Mar/2012:14:01:05 -0700] "GET /blog/2010/07 HTTP/1.1" 301 0 "" "EC2LinkFinder"
85.17.88.169 - - [27/Mar/2012:14:01:07 -0700] "POST /blog/wp-cron.php?doing_wp_cron=1332881854 HTTP/1.0" 499 0 "-" "WordPress/3.3.1; http://yuvi.in/blog"
204.236.244.115 - - [27/Mar/2012:14:01:07 -0700] "GET /blog/2010/07/ HTTP/1.1" 200 8386 "" "EC2LinkFinder"
85.17.88.169 - - [27/Mar/2012:14:01:10 -0700] "POST /blog/wp-cron.php?doing_wp_cron=1332881857 HTTP/1.0" 499 0 "-" "WordPress/3.3.1; http://yuvi.in/blog"
204.236.244.115 - - [27/Mar/2012:14:01:10 -0700] "GET /blog/2010/06 HTTP/1.1" 301 0 "" "EC2LinkFinder"
98.172.15.254 - - [27/Mar/2012:14:01:11 -0700] "GET /favicon.ico HTTP/1.1" 404 169 "-" "Caffeinated/1.1.1 CFNetwork/520.3.2 Darwin/11.3.0 (x86_64) (MacBookPro8%2C1)"
85.17.88.169 - - [27/Mar/2012:14:01:12 -0700] "POST /blog/wp-cron.php?doing_wp_cron=1332881860 HTTP/1.0" 499 0 "-" "WordPress/3.3.1; http://yuvi.in/blog"
204.236.244.115 - - [27/Mar/2012:14:01:12 -0700] "GET /blog/2010/06/ HTTP/1.1" 200 5378 "" "EC2LinkFinder"
85.17.88.169 - - [27/Mar/2012:14:01:15 -0700] "POST /blog/wp-cron.php?doing_wp_cron=1332881863 HTTP/1.0" 499 0 "-" "WordPress/3.3.1; http://yuvi.in/blog"
204.236.244.115 - - [27/Mar/2012:14:01:16 -0700] "GET /blog/2010/05 HTTP/1.1" 301 0 "" "EC2LinkFinder"
85.17.88.169 - - [27/Mar/2012:14:01:18 -0700] "POST /blog/wp-cron.php?doing_wp_cron=1332881865 HTTP/1.0" 499 0 "-" "WordPress/3.3.1; http://yuvi.in/blog"
204.236.244.115 - - [27/Mar/2012:14:01:18 -0700] "GET /blog/2010/05/ HTTP/1.1" 200 8578 "" "EC2LinkFinder"
85.17.88.169 - - [27/Mar/2012:14:01:21 -0700] "POST /blog/wp-cron.php?doing_wp_cron=1332881868 HTTP/1.0" 499 0 "-" "WordPress/3.3.1; http://yuvi.in/blog"
204.236.244.115 - - [27/Mar/2012:14:01:21 -0700] "GET /blog/2010/04 HTTP/1.1" 301 0 "" "EC2LinkFinder"
85.17.88.169 - - [27/Mar/2012:14:01:23 -0700] "POST /blog/wp-cron.php?doing_wp_cron=1332881871 HTTP/1.0" 499 0 "-" "WordPress/3.3.1; http://yuvi.in/blog"
204.236.244.115 - - [27/Mar/2012:14:01:23 -0700] "GET /blog/2010/04/ HTTP/1.1" 200 7050 "" "EC2LinkFinder"
85.17.88.169 - - [27/Mar/2012:14:01:26 -0700] "POST /blog/wp-cron.php?doing_wp_cron=1332881874 HTTP/1.0" 499 0 "-" "WordPress/3.3.1; http://yuvi.in/blog"
204.236.244.115 - - [27/Mar/2012:14:01:27 -0700] "GET /blog/2010/03 HTTP/1.1" 301 0 "" "EC2LinkFinder"
85.17.88.169 - - [27/Mar/2012:14:01:29 -0700] "POST /blog/wp-cron.php?doing_wp_cron=1332881876 HTTP/1.0" 499 0 "-" "WordPress/3.3.1; http://yuvi.in/blog"
204.236.244.115 - - [27/Mar/2012:14:01:29 -0700] "GET /blog/2010/03/ HTTP/1.1" 200 6654 "" "EC2LinkFinder"
85.17.88.169 - - [27/Mar/2012:14:01:32 -0700] "POST /blog/wp-cron.php?doing_wp_cron=1332881879 HTTP/1.0" 499 0 "-" "WordPress/3.3.1; http://yuvi.in/blog"
204.236.244.115 - - [27/Mar/2012:14:01:32 -0700] "GET /blog/2010/01 HTTP/1.1" 301 0 "" "EC2LinkFinder"
85.17.88.169 - - [27/Mar/2012:14:01:34 -0700] "POST /blog/wp-cron.php?doing_wp_cron=1332881882 HTTP/1.0" 499 0 "-" "WordPress/3.3.1; http://yuvi.in/blog"
204.236.244.115 - - [27/Mar/2012:14:01:34 -0700] "GET /blog/2010/01/ HTTP/1.1" 200 5374 "" "EC2LinkFinder"
85.17.88.169 - - [27/Mar/2012:14:01:37 -0700] "POST /blog/wp-cron.php?doing_wp_cron=1332881885 HTTP/1.0" 499 0 "-" "WordPress/3.3.1; http://yuvi.in/blog"
204.236.244.115 - - [27/Mar/2012:14:01:38 -0700] "GET /blog/2009/12 HTTP/1.1" 301 0 "" "EC2LinkFinder"
85.17.88.169 - - [27/Mar/2012:14:01:39 -0700] "POST /blog/wp-cron.php?doing_wp_cron=1332881887 HTTP/1.0" 499 0 "-" "WordPress/3.3.1; http://yuvi.in/blog"
204.236.244.115 - - [27/Mar/2012:14:01:39 -0700] "GET /blog/2009/12/ HTTP/1.1" 200 5160 "" "EC2LinkFinder"
85.17.88.169 - - [27/Mar/2012:14:01:42 -0700] "POST /blog/wp-cron.php?doing_wp_cron=1332881890 HTTP/1.0" 499 0 "-" "WordPress/3.3.1; http://yuvi.in/blog"
204.236.244.115 - - [27/Mar/2012:14:01:43 -0700] "GET /blog/2009/11 HTTP/1.1" 301 0 "" "EC2LinkFinder"
85.17.88.169 - - [27/Mar/2012:14:01:45 -0700] "POST /blog/wp-cron.php?doing_wp_cron=1332881892 HTTP/1.0" 499 0 "-" "WordPress/3.3.1; http://yuvi.in/blog"
204.236.244.115 - - [27/Mar/2012:14:01:45 -0700] "GET /blog/2009/11/ HTTP/1.1" 200 3812 "" "EC2LinkFinder"
85.17.88.169 - - [27/Mar/2012:14:01:48 -0700] "POST /blog/wp-cron.php?doing_wp_cron=1332881895 HTTP/1.0" 499 0 "-" "WordPress/3.3.1; http://yuvi.in/blog"
204.236.244.115 - - [27/Mar/2012:14:01:48 -0700] "GET /blog/2009/10 HTTP/1.1" 301 0 "" "EC2LinkFinder"
85.17.88.169 - - [27/Mar/2012:14:01:50 -0700] "POST /blog/wp-cron.php?doing_wp_cron=1332881898 HTTP/1.0" 499 0 "-" "WordPress/3.3.1; http://yuvi.in/blog"
204.236.244.115 - - [27/Mar/2012:14:01:50 -0700] "GET /blog/2009/10/ HTTP/1.1" 200 9059 "" "EC2LinkFinder"
85.17.88.169 - - [27/Mar/2012:14:01:53 -0700] "POST /blog/wp-cron.php?doing_wp_cron=1332881901 HTTP/1.0" 499 0 "-" "WordPress/3.3.1; http://yuvi.in/blog"
204.236.244.115 - - [27/Mar/2012:14:01:54 -0700] "GET /blog/2009/09 HTTP/1.1" 301 0 "" "EC2LinkFinder"
85.17.88.169 - - [27/Mar/2012:14:01:56 -0700] "POST /blog/wp-cron.php?doing_wp_cron=1332881903 HTTP/1.0" 499 0 "-" "WordPress/3.3.1; http://yuvi.in/blog"
204.236.244.115 - - [27/Mar/2012:14:01:56 -0700] "GET /blog/2009/09/ HTTP/1.1" 200 4067 "" "EC2LinkFinder"
98.172.15.254 - - [27/Mar/2012:14:01:58 -0700] "GET / HTTP/1.1" 304 0 "-" "Caffeinated/1.1.1 CFNetwork/520.3.2 Darwin/11.3.0 (x86_64) (MacBookPro8%2C1)"
98.172.15.254 - - [27/Mar/2012:14:01:59 -0700] "GET /favicon.ico HTTP/1.1" 404 169 "-" "Caffeinated/1.1.1 CFNetwork/520.3.2 Darwin/11.3.0 (x86_64) (MacBookPro8%2C1)"
85.17.88.169 - - [27/Mar/2012:14:01:59 -0700] "POST /blog/wp-cron.php?doing_wp_cron=1332881906 HTTP/1.0" 499 0 "-" "WordPress/3.3.1; http://yuvi.in/blog"
204.236.244.115 - - [27/Mar/2012:14:01:59 -0700] "GET /blog/2009/08 HTTP/1.1" 301 0 "" "EC2LinkFinder"
85.17.88.169 - - [27/Mar/2012:14:02:01 -0700] "POST /blog/wp-cron.php?doing_wp_cron=1332881908 HTTP/1.0" 499 0 "-" "WordPress/3.3.1; http://yuvi.in/blog"
204.236.244.115 - - [27/Mar/2012:14:02:01 -0700] "GET /blog/2009/08/ HTTP/1.1" 200 5732 "" "EC2LinkFinder"
85.17.88.169 - - [27/Mar/2012:14:02:04 -0700] "POST /blog/wp-cron.php?doing_wp_cron=1332881912 HTTP/1.0" 499 0 "-" "WordPress/3.3.1; http://yuvi.in/blog"
204.236.244.115 - - [27/Mar/2012:14:02:04 -0700] "GET /blog/2009/07 HTTP/1.1" 301 0 "" "EC2LinkFinder"
85.17.88.169 - - [27/Mar/2012:14:02:06 -0700] "POST /blog/wp-cron.php?doing_wp_cron=1332881914 HTTP/1.0" 499 0 "-" "WordPress/3.3.1; http://yuvi.in/blog"
204.236.244.115 - - [27/Mar/2012:14:02:07 -0700] "GET /blog/2009/07/ HTTP/1.1" 200 9280 "" "EC2LinkFinder"
85.17.88.169 - - [27/Mar/2012:14:02:10 -0700] "POST /blog/wp-cron.php?doing_wp_cron=1332881917 HTTP/1.0" 499 0 "-" "WordPress/3.3.1; http://yuvi.in/blog"
204.236.244.115 - - [27/Mar/2012:14:02:10 -0700] "GET /blog/2009/06 HTTP/1.1" 301 0 "" "EC2LinkFinder"
85.17.88.169 - - [27/Mar/2012:14:02:12 -0700] "POST /blog/wp-cron.php?doing_wp_cron=1332881919 HTTP/1.0" 499 0 "-" "WordPress/3.3.1; http://yuvi.in/blog"
204.236.244.115 - - [27/Mar/2012:14:02:12 -0700] "GET /blog/2009/06/ HTTP/1.1" 200 7737 "" "EC2LinkFinder"
204.236.244.115 - - [27/Mar/2012:14:02:13 -0700] "GET /stories/it-s-never-over.html HTTP/1.1" 200 1780 "" "EC2LinkFinder"
204.236.244.115 - - [27/Mar/2012:14:02:14 -0700] "GET /stories/hopeless-romantic.html HTTP/1.1" 200 2031 "" "EC2LinkFinder"
204.236.244.115 - - [27/Mar/2012:14:02:16 -0700] "GET /stories/proprietary-connections-lame-version.html HTTP/1.1" 200 1927 "" "EC2LinkFinder"
204.236.244.115 - - [27/Mar/2012:14:02:17 -0700] "GET /stories/premature-greying.html HTTP/1.1" 200 1486 "" "EC2LinkFinder"
204.236.244.115 - - [27/Mar/2012:14:02:18 -0700] "GET /stories/carrier-error.html HTTP/1.1" 200 1522 "" "EC2LinkFinder"
204.236.244.115 - - [27/Mar/2012:14:02:19 -0700] "GET /stories/treat-of-a-lifetime.html HTTP/1.1" 200 3155 "" "EC2LinkFinder"
204.236.244.115 - - [27/Mar/2012:14:02:20 -0700] "GET /stories/emacs.html HTTP/1.1" 200 2194 "" "EC2LinkFinder"
204.236.244.115 - - [27/Mar/2012:14:02:21 -0700] "GET /code HTTP/1.1" 404 142 "" "EC2LinkFinder"
85.17.88.169 - - [27/Mar/2012:14:02:24 -0700] "POST /blog/wp-cron.php?doing_wp_cron=1332881932 HTTP/1.0" 499 0 "-" "WordPress/3.3.1; http://yuvi.in/blog"
204.236.244.115 - - [27/Mar/2012:14:02:25 -0700] "GET /blog/learnt-reading-javascript-good-parts HTTP/1.1" 301 0 "" "EC2LinkFinder"
85.17.88.169 - - [27/Mar/2012:14:02:27 -0700] "POST /blog/wp-cron.php?doing_wp_cron=1332881934 HTTP/1.0" 499 0 "-" "WordPress/3.3.1; http://yuvi.in/blog"
204.236.244.115 - - [27/Mar/2012:14:02:27 -0700] "GET /blog/learnt-reading-javascript-good-parts/ HTTP/1.1" 200 5122 "" "EC2LinkFinder"
85.17.88.169 - - [27/Mar/2012:14:02:30 -0700] "POST /blog/wp-cron.php?doing_wp_cron=1332881937 HTTP/1.0" 499 0 "-" "WordPress/3.3.1; http://yuvi.in/blog"
204.236.244.115 - - [27/Mar/2012:14:02:30 -0700] "GET /blog/my-vim-setup HTTP/1.1" 301 0 "" "EC2LinkFinder"
85.17.88.169 - - [27/Mar/2012:14:02:32 -0700] "POST /blog/wp-cron.php?doing_wp_cron=1332881940 HTTP/1.0" 499 0 "-" "WordPress/3.3.1; http://yuvi.in/blog"
204.236.244.115 - - [27/Mar/2012:14:02:32 -0700] "GET /blog/my-vim-setup/ HTTP/1.1" 200 6472 "" "EC2LinkFinder"
204.236.244.115 - - [27/Mar/2012:14:02:34 -0700] "GET /blog/moving-to-vim-from-emacs.html HTTP/1.1" 200 2657 "" "EC2LinkFinder"
98.172.15.254 - - [27/Mar/2012:14:02:37 -0700] "GET /favicon.ico HTTP/1.1" 404 169 "-" "Caffeinated/1.1.1 CFNetwork/520.3.2 Darwin/11.3.0 (x86_64) (MacBookPro8%2C1)"
85.17.88.169 - - [27/Mar/2012:14:02:37 -0700] "POST /blog/wp-cron.php?doing_wp_cron=1332881944 HTTP/1.0" 499 0 "-" "WordPress/3.3.1; http://yuvi.in/blog"
204.236.244.115 - - [27/Mar/2012:14:02:37 -0700] "GET /blog/moving-back-to-wordpress HTTP/1.1" 301 0 "" "EC2LinkFinder"
85.17.88.169 - - [27/Mar/2012:14:02:39 -0700] "POST /blog/wp-cron.php?doing_wp_cron=1332881947 HTTP/1.0" 499 0 "-" "WordPress/3.3.1; http://yuvi.in/blog"
204.236.244.115 - - [27/Mar/2012:14:02:39 -0700] "GET /blog/moving-back-to-wordpress/ HTTP/1.1" 200 4574 "" "EC2LinkFinder"
85.17.88.169 - - [27/Mar/2012:14:02:42 -0700] "POST /blog/wp-cron.php?doing_wp_cron=1332881950 HTTP/1.0" 499 0 "-" "WordPress/3.3.1; http://yuvi.in/blog"
204.236.244.115 - - [27/Mar/2012:14:02:43 -0700] "GET /blog/non-ascii-characters-http-headers HTTP/1.1" 301 0 "" "EC2LinkFinder"
85.17.88.169 - - [27/Mar/2012:14:02:44 -0700] "POST /blog/wp-cron.php?doing_wp_cron=1332881952 HTTP/1.0" 499 0 "-" "WordPress/3.3.1; http://yuvi.in/blog"
204.236.244.115 - - [27/Mar/2012:14:02:45 -0700] "GET /blog/non-ascii-characters-http-headers/ HTTP/1.1" 200 4852 "" "EC2LinkFinder"
85.17.88.169 - - [27/Mar/2012:14:02:48 -0700] "POST /blog/wp-cron.php?doing_wp_cron=1332881955 HTTP/1.0" 499 0 "-" "WordPress/3.3.1; http://yuvi.in/blog"
204.236.244.115 - - [27/Mar/2012:14:02:48 -0700] "GET /blog/programmer-run-code-head HTTP/1.1" 301 0 "" "EC2LinkFinder"
85.17.88.169 - - [27/Mar/2012:14:02:50 -0700] "POST /blog/wp-cron.php?doing_wp_cron=1332881957 HTTP/1.0" 499 0 "-" "WordPress/3.3.1; http://yuvi.in/blog"
204.236.244.115 - - [27/Mar/2012:14:02:50 -0700] "GET /blog/programmer-run-code-head/ HTTP/1.1" 200 4821 "" "EC2LinkFinder"
85.17.88.169 - - [27/Mar/2012:14:02:53 -0700] "POST /blog/wp-cron.php?doing_wp_cron=1332881960 HTTP/1.0" 499 0 "-" "WordPress/3.3.1; http://yuvi.in/blog"
204.236.244.115 - - [27/Mar/2012:14:02:53 -0700] "GET /blog/sleepsort-4chan HTTP/1.1" 301 0 "" "EC2LinkFinder"
85.17.88.169 - - [27/Mar/2012:14:02:55 -0700] "POST /blog/wp-cron.php?doing_wp_cron=1332881963 HTTP/1.0" 499 0 "-" "WordPress/3.3.1; http://yuvi.in/blog"
204.236.244.115 - - [27/Mar/2012:14:02:55 -0700] "GET /blog/sleepsort-4chan/ HTTP/1.1" 200 4446 "" "EC2LinkFinder"
85.17.88.169 - - [27/Mar/2012:14:02:58 -0700] "POST /blog/wp-cron.php?doing_wp_cron=1332881966 HTTP/1.0" 499 0 "-" "WordPress/3.3.1; http://yuvi.in/blog"
204.236.244.115 - - [27/Mar/2012:14:02:59 -0700] "GET /blog/sicp-and-brainfuck HTTP/1.1" 301 0 "" "EC2LinkFinder"
85.17.88.169 - - [27/Mar/2012:14:03:01 -0700] "POST /blog/wp-cron.php?doing_wp_cron=1332881968 HTTP/1.0" 499 0 "-" "WordPress/3.3.1; http://yuvi.in/blog"
204.236.244.115 - - [27/Mar/2012:14:03:01 -0700] "GET /blog/sicp-and-brainfuck/ HTTP/1.1" 200 4394 "" "EC2LinkFinder"
85.17.88.169 - - [27/Mar/2012:14:03:04 -0700] "POST /blog/wp-cron.php?doing_wp_cron=1332881971 HTTP/1.0" 499 0 "-" "WordPress/3.3.1; http://yuvi.in/blog"
204.236.244.115 - - [27/Mar/2012:14:03:04 -0700] "GET /blog/gstreamer-101-at-gnome-asia-2011 HTTP/1.1" 301 0 "" "EC2LinkFinder"
85.17.88.169 - - [27/Mar/2012:14:03:06 -0700] "POST /blog/wp-cron.php?doing_wp_cron=1332881973 HTTP/1.0" 499 0 "-" "WordPress/3.3.1; http://yuvi.in/blog"
204.236.244.115 - - [27/Mar/2012:14:03:06 -0700] "GET /blog/gstreamer-101-at-gnome-asia-2011/ HTTP/1.1" 200 4216 "" "EC2LinkFinder"
85.17.88.169 - - [27/Mar/2012:14:03:09 -0700] "POST /blog/wp-cron.php?doing_wp_cron=1332881977 HTTP/1.0" 499 0 "-" "WordPress/3.3.1; http://yuvi.in/blog"
204.236.244.115 - - [27/Mar/2012:14:03:09 -0700] "GET /blog/category/code/page/2 HTTP/1.1" 301 0 "" "EC2LinkFinder"
85.17.88.169 - - [27/Mar/2012:14:03:11 -0700] "POST /blog/wp-cron.php?doing_wp_cron=1332881979 HTTP/1.0" 499 0 "-" "WordPress/3.3.1; http://yuvi.in/blog"
204.236.244.115 - - [27/Mar/2012:14:03:12 -0700] "GET /blog/category/code/page/2/ HTTP/1.1" 200 14001 "" "EC2LinkFinder"
85.17.88.169 - - [27/Mar/2012:14:03:15 -0700] "POST /blog/wp-cron.php?doing_wp_cron=1332881982 HTTP/1.0" 499 0 "-" "WordPress/3.3.1; http://yuvi.in/blog"
204.236.244.115 - - [27/Mar/2012:14:03:15 -0700] "GET /blog/my-vimrc/feed HTTP/1.1" 301 0 "" "EC2LinkFinder"
85.17.88.169 - - [27/Mar/2012:14:03:17 -0700] "POST /blog/wp-cron.php?doing_wp_cron=1332881984 HTTP/1.0" 499 0 "-" "WordPress/3.3.1; http://yuvi.in/blog"
204.236.244.115 - - [27/Mar/2012:14:03:17 -0700] "GET /blog/my-vimrc/feed/ HTTP/1.1" 200 477 "" "EC2LinkFinder"
85.17.88.169 - - [27/Mar/2012:14:03:20 -0700] "POST /blog/wp-cron.php?doing_wp_cron=1332881987 HTTP/1.0" 499 0 "-" "WordPress/3.3.1; http://yuvi.in/blog"
204.236.244.115 - - [27/Mar/2012:14:03:20 -0700] "GET /blog/my-vimrc/trackback HTTP/1.1" 302 0 "" "EC2LinkFinder"
204.236.244.115 - - [27/Mar/2012:14:03:21 -0700] "GET /blog/my-vimrc/ HTTP/1.1" 200 4114 "" "EC2LinkFinder"
85.17.88.169 - - [27/Mar/2012:14:03:24 -0700] "POST /blog/wp-cron.php?doing_wp_cron=1332881991 HTTP/1.0" 499 0 "-" "WordPress/3.3.1; http://yuvi.in/blog"
204.236.244.115 - - [27/Mar/2012:14:03:24 -0700] "GET /blog/greatest-fear-flash-fade HTTP/1.1" 301 0 "" "EC2LinkFinder"
85.17.88.169 - - [27/Mar/2012:14:03:26 -0700] "POST /blog/wp-cron.php?doing_wp_cron=1332881994 HTTP/1.0" 499 0 "-" "WordPress/3.3.1; http://yuvi.in/blog"
204.236.244.115 - - [27/Mar/2012:14:03:26 -0700] "GET /blog/greatest-fear-flash-fade/ HTTP/1.1" 200 4815 "" "EC2LinkFinder"
85.17.88.169 - - [27/Mar/2012:14:03:29 -0700] "POST /blog/wp-cron.php?doing_wp_cron=1332881997 HTTP/1.0" 499 0 "-" "WordPress/3.3.1; http://yuvi.in/blog"
204.236.244.115 - - [27/Mar/2012:14:03:30 -0700] "GET /blog/the-fridge-at-interviewstreet-office HTTP/1.1" 301 0 "" "EC2LinkFinder"
98.172.15.254 - - [27/Mar/2012:14:03:30 -0700] "GET /favicon.ico HTTP/1.1" 404 169 "-" "Caffeinated/1.1.1 CFNetwork/520.3.2 Darwin/11.3.0 (x86_64) (MacBookPro8%2C1)"
85.17.88.169 - - [27/Mar/2012:14:03:32 -0700] "POST /blog/wp-cron.php?doing_wp_cron=1332881999 HTTP/1.0" 499 0 "-" "WordPress/3.3.1; http://yuvi.in/blog"
204.236.244.115 - - [27/Mar/2012:14:03:32 -0700] "GET /blog/the-fridge-at-interviewstreet-office/ HTTP/1.1" 200 4589 "" "EC2LinkFinder"
85.17.88.169 - - [27/Mar/2012:14:03:35 -0700] "POST /blog/wp-cron.php?doing_wp_cron=1332882002 HTTP/1.0" 499 0 "-" "WordPress/3.3.1; http://yuvi.in/blog"
204.236.244.115 - - [27/Mar/2012:14:03:35 -0700] "GET /blog/temptations HTTP/1.1" 301 0 "" "EC2LinkFinder"
85.17.88.169 - - [27/Mar/2012:14:03:37 -0700] "POST /blog/wp-cron.php?doing_wp_cron=1332882004 HTTP/1.0" 499 0 "-" "WordPress/3.3.1; http://yuvi.in/blog"
204.236.244.115 - - [27/Mar/2012:14:03:37 -0700] "GET /blog/temptations/ HTTP/1.1" 200 4392 "" "EC2LinkFinder"
85.17.88.169 - - [27/Mar/2012:14:03:40 -0700] "POST /blog/wp-cron.php?doing_wp_cron=1332882008 HTTP/1.0" 499 0 "-" "WordPress/3.3.1; http://yuvi.in/blog"
204.236.244.115 - - [27/Mar/2012:14:03:40 -0700] "GET /blog/note-present-future-self-pre-book-travel-tickets HTTP/1.1" 301 0 "" "EC2LinkFinder"
85.17.88.169 - - [27/Mar/2012:14:03:42 -0700] "POST /blog/wp-cron.php?doing_wp_cron=1332882010 HTTP/1.0" 499 0 "-" "WordPress/3.3.1; http://yuvi.in/blog"
204.236.244.115 - - [27/Mar/2012:14:03:42 -0700] "GET /blog/note-present-future-self-pre-book-travel-tickets/ HTTP/1.1" 200 5030 "" "EC2LinkFinder"
85.17.88.169 - - [27/Mar/2012:14:03:45 -0700] "POST /blog/wp-cron.php?doing_wp_cron=1332882013 HTTP/1.0" 499 0 "-" "WordPress/3.3.1; http://yuvi.in/blog"
204.236.244.115 - - [27/Mar/2012:14:03:46 -0700] "GET /blog/broke-nonexistent-law HTTP/1.1" 301 0 "" "EC2LinkFinder"
85.17.88.169 - - [27/Mar/2012:14:03:48 -0700] "POST /blog/wp-cron.php?doing_wp_cron=1332882015 HTTP/1.0" 499 0 "-" "WordPress/3.3.1; http://yuvi.in/blog"
204.236.244.115 - - [27/Mar/2012:14:03:48 -0700] "GET /blog/broke-nonexistent-law/ HTTP/1.1" 200 8789 "" "EC2LinkFinder"
204.236.244.115 - - [27/Mar/2012:14:03:49 -0700] "GET /railway_photo_ruling.pdf HTTP/1.1" 404 142 "" "EC2LinkFinder"
85.17.88.169 - - [27/Mar/2012:14:03:52 -0700] "POST /blog/wp-cron.php?doing_wp_cron=1332882020 HTTP/1.0" 499 0 "-" "WordPress/3.3.1; http://yuvi.in/blog"
204.236.244.115 - - [27/Mar/2012:14:03:52 -0700] "GET /blog/my-new-canon-550d-from-flipkart HTTP/1.1" 301 0 "" "EC2LinkFinder"
85.17.88.169 - - [27/Mar/2012:14:03:54 -0700] "POST /blog/wp-cron.php?doing_wp_cron=1332882022 HTTP/1.0" 499 0 "-" "WordPress/3.3.1; http://yuvi.in/blog"
204.236.244.115 - - [27/Mar/2012:14:03:54 -0700] "GET /blog/my-new-canon-550d-from-flipkart/ HTTP/1.1" 200 4930 "" "EC2LinkFinder"
85.17.88.169 - - [27/Mar/2012:14:03:57 -0700] "POST /blog/wp-cron.php?doing_wp_cron=1332882025 HTTP/1.0" 499 0 "-" "WordPress/3.3.1; http://yuvi.in/blog"
204.236.244.115 - - [27/Mar/2012:14:03:58 -0700] "GET /blog/six-years-of-blogging-and-eleven-years-of-coding HTTP/1.1" 301 0 "" "EC2LinkFinder"
85.17.88.169 - - [27/Mar/2012:14:04:00 -0700] "POST /blog/wp-cron.php?doing_wp_cron=1332882027 HTTP/1.0" 499 0 "-" "WordPress/3.3.1; http://yuvi.in/blog"
204.236.244.115 - - [27/Mar/2012:14:04:00 -0700] "GET /blog/six-years-of-blogging-and-eleven-years-of-coding/ HTTP/1.1" 200 4338 "" "EC2LinkFinder"
98.172.15.254 - - [27/Mar/2012:14:04:02 -0700] "GET /favicon.ico HTTP/1.1" 404 169 "-" "Caffeinated/1.1.1 CFNetwork/520.3.2 Darwin/11.3.0 (x86_64) (MacBookPro8%2C1)"
85.17.88.169 - - [27/Mar/2012:14:04:03 -0700] "POST /blog/wp-cron.php?doing_wp_cron=1332882030 HTTP/1.0" 499 0 "-" "WordPress/3.3.1; http://yuvi.in/blog"
204.236.244.115 - - [27/Mar/2012:14:04:03 -0700] "GET /blog/nen-first-dot-2010-what-i-learnt HTTP/1.1" 301 0 "" "EC2LinkFinder"
85.17.88.169 - - [27/Mar/2012:14:04:05 -0700] "POST /blog/wp-cron.php?doing_wp_cron=1332882033 HTTP/1.0" 499 0 "-" "WordPress/3.3.1; http://yuvi.in/blog"
204.236.244.115 - - [27/Mar/2012:14:04:05 -0700] "GET /blog/nen-first-dot-2010-what-i-learnt/ HTTP/1.1" 200 5731 "" "EC2LinkFinder"
85.17.88.169 - - [27/Mar/2012:14:04:08 -0700] "POST /blog/wp-cron.php?doing_wp_cron=1332882036 HTTP/1.0" 499 0 "-" "WordPress/3.3.1; http://yuvi.in/blog"
204.236.244.115 - - [27/Mar/2012:14:04:09 -0700] "GET /blog/category/personal/page/2 HTTP/1.1" 301 0 "" "EC2LinkFinder"
85.17.88.169 - - [27/Mar/2012:14:04:11 -0700] "POST /blog/wp-cron.php?doing_wp_cron=1332882038 HTTP/1.0" 499 0 "-" "WordPress/3.3.1; http://yuvi.in/blog"
204.236.244.115 - - [27/Mar/2012:14:04:11 -0700] "GET /blog/category/personal/page/2/ HTTP/1.1" 200 10805 "" "EC2LinkFinder"
85.17.88.169 - - [27/Mar/2012:14:04:14 -0700] "POST /blog/wp-cron.php?doing_wp_cron=1332882042 HTTP/1.0" 499 0 "-" "WordPress/3.3.1; http://yuvi.in/blog"
204.236.244.115 - - [27/Mar/2012:14:04:14 -0700] "GET /blog/college-drop/feed HTTP/1.1" 301 0 "" "EC2LinkFinder"
85.17.88.169 - - [27/Mar/2012:14:04:16 -0700] "POST /blog/wp-cron.php?doing_wp_cron=1332882044 HTTP/1.0" 499 0 "-" "WordPress/3.3.1; http://yuvi.in/blog"
204.236.244.115 - - [27/Mar/2012:14:04:16 -0700] "GET /blog/college-drop/feed/ HTTP/1.1" 200 896 "" "EC2LinkFinder"
85.17.88.169 - - [27/Mar/2012:14:04:19 -0700] "POST /blog/wp-cron.php?doing_wp_cron=1332882047 HTTP/1.0" 499 0 "-" "WordPress/3.3.1; http://yuvi.in/blog"
204.236.244.115 - - [27/Mar/2012:14:04:20 -0700] "GET /blog/college-drop/trackback HTTP/1.1" 302 0 "" "EC2LinkFinder"
204.236.244.115 - - [27/Mar/2012:14:04:20 -0700] "GET /blog/college-drop/ HTTP/1.1" 200 4509 "" "EC2LinkFinder"
85.17.88.169 - - [27/Mar/2012:14:04:23 -0700] "POST /blog/wp-cron.php?doing_wp_cron=1332882051 HTTP/1.0" 499 0 "-" "WordPress/3.3.1; http://yuvi.in/blog"
204.236.244.115 - - [27/Mar/2012:14:04:24 -0700] "GET /blog/passing-headers-proxying-nginx/feed HTTP/1.1" 301 0 "" "EC2LinkFinder"
85.17.88.169 - - [27/Mar/2012:14:04:25 -0700] "POST /blog/wp-cron.php?doing_wp_cron=1332882053 HTTP/1.0" 499 0 "-" "WordPress/3.3.1; http://yuvi.in/blog"
204.236.244.115 - - [27/Mar/2012:14:04:26 -0700] "GET /blog/passing-headers-proxying-nginx/feed/ HTTP/1.1" 200 511 "" "EC2LinkFinder"
85.17.88.169 - - [27/Mar/2012:14:04:28 -0700] "POST /blog/wp-cron.php?doing_wp_cron=1332882056 HTTP/1.0" 499 0 "-" "WordPress/3.3.1; http://yuvi.in/blog"
204.236.244.115 - - [27/Mar/2012:14:04:29 -0700] "GET /blog/passing-headers-proxying-nginx/trackback HTTP/1.1" 302 0 "" "EC2LinkFinder"
204.236.244.115 - - [27/Mar/2012:14:04:29 -0700] "GET /blog/passing-headers-proxying-nginx/ HTTP/1.1" 200 4279 "" "EC2LinkFinder"
85.17.88.169 - - [27/Mar/2012:14:04:32 -0700] "POST /blog/wp-cron.php?doing_wp_cron=1332882060 HTTP/1.0" 499 0 "-" "WordPress/3.3.1; http://yuvi.in/blog"
204.236.244.115 - - [27/Mar/2012:14:04:33 -0700] "GET /blog/program/feed HTTP/1.1" 301 0 "" "EC2LinkFinder"
85.17.88.169 - - [27/Mar/2012:14:04:35 -0700] "POST /blog/wp-cron.php?doing_wp_cron=1332882062 HTTP/1.0" 499 0 "-" "WordPress/3.3.1; http://yuvi.in/blog"
204.236.244.115 - - [27/Mar/2012:14:04:35 -0700] "GET /blog/program/feed/ HTTP/1.1" 200 2205 "" "EC2LinkFinder"
85.17.88.169 - - [27/Mar/2012:14:04:38 -0700] "POST /blog/wp-cron.php?doing_wp_cron=1332882065 HTTP/1.0" 499 0 "-" "WordPress/3.3.1; http://yuvi.in/blog"
204.236.244.115 - - [27/Mar/2012:14:04:38 -0700] "GET /blog/program/trackback HTTP/1.1" 302 0 "" "EC2LinkFinder"
204.236.244.115 - - [27/Mar/2012:14:04:39 -0700] "GET /blog/program/ HTTP/1.1" 200 7451 "" "EC2LinkFinder"
98.172.15.254 - - [27/Mar/2012:14:04:55 -0700] "GET /favicon.ico HTTP/1.1" 404 169 "-" "Caffeinated/1.1.1 CFNetwork/520.3.2 Darwin/11.3.0 (x86_64) (MacBookPro8%2C1)"
98.172.15.254 - - [27/Mar/2012:14:05:27 -0700] "GET /favicon.ico HTTP/1.1" 404 169 "-" "Caffeinated/1.1.1 CFNetwork/520.3.2 Darwin/11.3.0 (x86_64) (MacBookPro8%2C1)"
98.172.15.254 - - [27/Mar/2012:14:06:24 -0700] "GET /favicon.ico HTTP/1.1" 404 169 "-" "Caffeinated/1.1.1 CFNetwork/520.3.2 Darwin/11.3.0 (x86_64) (MacBookPro8%2C1)"
98.172.15.254 - - [27/Mar/2012:14:06:52 -0700] "GET /favicon.ico HTTP/1.1" 404 169 "-" "Caffeinated/1.1.1 CFNetwork/520.3.2 Darwin/11.3.0 (x86_64) (MacBookPro8%2C1)"
98.172.15.254 - - [27/Mar/2012:14:07:50 -0700] "GET / HTTP/1.1" 304 0 "-" "Caffeinated/1.1.1 CFNetwork/520.3.2 Darwin/11.3.0 (x86_64) (MacBookPro8%2C1)"
98.172.15.254 - - [27/Mar/2012:14:07:50 -0700] "GET /favicon.ico HTTP/1.1" 404 169 "-" "Caffeinated/1.1.1 CFNetwork/520.3.2 Darwin/11.3.0 (x86_64) (MacBookPro8%2C1)"
98.172.15.254 - - [27/Mar/2012:14:08:19 -0700] "GET /favicon.ico HTTP/1.1" 404 169 "-" "Caffeinated/1.1.1 CFNetwork/520.3.2 Darwin/11.3.0 (x86_64) (MacBookPro8%2C1)"
98.172.15.254 - - [27/Mar/2012:14:09:16 -0700] "GET /favicon.ico HTTP/1.1" 404 169 "-" "Caffeinated/1.1.1 CFNetwork/520.3.2 Darwin/11.3.0 (x86_64) (MacBookPro8%2C1)"
85.17.88.169 - - [27/Mar/2012:14:09:34 -0700] "POST /blog/wp-cron.php?doing_wp_cron=1332882361 HTTP/1.0" 499 0 "-" "WordPress/3.3.1; http://yuvi.in/blog"
72.14.199.121 - - [27/Mar/2012:14:09:34 -0700] "GET /blog/feed/ HTTP/1.1" 304 0 "-" "Feedfetcher-Google; (+http://www.google.com/feedfetcher.html; 18 subscribers; feed-id=15064232456473204253)"
98.172.15.254 - - [27/Mar/2012:14:09:47 -0700] "GET /favicon.ico HTTP/1.1" 404 169 "-" "Caffeinated/1.1.1 CFNetwork/520.3.2 Darwin/11.3.0 (x86_64) (MacBookPro8%2C1)"
98.172.15.254 - - [27/Mar/2012:14:10:40 -0700] "GET /favicon.ico HTTP/1.1" 404 169 "-" "Caffeinated/1.1.1 CFNetwork/520.3.2 Darwin/11.3.0 (x86_64) (MacBookPro8%2C1)"
98.172.15.254 - - [27/Mar/2012:14:11:13 -0700] "GET /favicon.ico HTTP/1.1" 404 169 "-" "Caffeinated/1.1.1 CFNetwork/520.3.2 Darwin/11.3.0 (x86_64) (MacBookPro8%2C1)"
98.172.15.254 - - [27/Mar/2012:14:12:08 -0700] "GET /favicon.ico HTTP/1.1" 404 169 "-" "Caffeinated/1.1.1 CFNetwork/520.3.2 Darwin/11.3.0 (x86_64) (MacBookPro8%2C1)"
98.172.15.254 - - [27/Mar/2012:14:12:39 -0700] "GET /favicon.ico HTTP/1.1" 404 169 "-" "Caffeinated/1.1.1 CFNetwork/520.3.2 Darwin/11.3.0 (x86_64) (MacBookPro8%2C1)"
98.172.15.254 - - [27/Mar/2012:14:13:37 -0700] "GET / HTTP/1.1" 304 0 "-" "Caffeinated/1.1.1 CFNetwork/520.3.2 Darwin/11.3.0 (x86_64) (MacBookPro8%2C1)"
98.172.15.254 - - [27/Mar/2012:14:13:37 -0700] "GET /favicon.ico HTTP/1.1" 404 169 "-" "Caffeinated/1.1.1 CFNetwork/520.3.2 Darwin/11.3.0 (x86_64) (MacBookPro8%2C1)"
98.172.15.254 - - [27/Mar/2012:14:14:05 -0700] "GET /favicon.ico HTTP/1.1" 404 169 "-" "Caffeinated/1.1.1 CFNetwork/520.3.2 Darwin/11.3.0 (x86_64) (MacBookPro8%2C1)"
220.181.108.114 - - [27/Mar/2012:14:14:28 -0700] "GET /blog/tag/flipkart/ HTTP/1.1" 200 4392 "-" "Mozilla/5.0 (compatible; Baiduspider/2.0; +http://www.baidu.com/search/spider.html)"
98.172.15.254 - - [27/Mar/2012:14:15:02 -0700] "GET /favicon.ico HTTP/1.1" 404 169 "-" "Caffeinated/1.1.1 CFNetwork/520.3.2 Darwin/11.3.0 (x86_64) (MacBookPro8%2C1)"
98.172.15.254 - - [27/Mar/2012:14:15:34 -0700] "GET /favicon.ico HTTP/1.1" 404 169 "-" "Caffeinated/1.1.1 CFNetwork/520.3.2 Darwin/11.3.0 (x86_64) (MacBookPro8%2C1)"
84.134.158.134 - - [27/Mar/2012:14:15:45 -0700] "GET /r/1kei HTTP/1.1" 301 257 "http://ta.wikipedia.org/wiki/%E0%AE%83%E0%AE%AA%E0%AE%BF%E0%AE%B8%E0%AF%8D%E0%AE%A4%E0%AF%81%E0%AE%B2%E0%AE%BE" "Opera/9.80 (Windows NT 6.1; U; de) Presto/2.10.229 Version/11.61"
84.134.158.134 - - [27/Mar/2012:14:15:46 -0700] "GET /s/ta/1kei/ HTTP/1.1" 302 373 "http://ta.wikipedia.org/wiki/%E0%AE%83%E0%AE%AA%E0%AE%BF%E0%AE%B8%E0%AF%8D%E0%AE%A4%E0%AF%81%E0%AE%B2%E0%AE%BE" "Opera/9.80 (Windows NT 6.1; U; de) Presto/2.10.229 Version/11.61"
209.85.224.87 - - [27/Mar/2012:14:15:51 -0700] "GET /stories/feed HTTP/1.1" 200 13653 "-" "FeedBurner/1.0 (http://www.FeedBurner.com)"
98.172.15.254 - - [27/Mar/2012:14:16:25 -0700] "GET /favicon.ico HTTP/1.1" 404 169 "-" "Caffeinated/1.1.1 CFNetwork/520.3.2 Darwin/11.3.0 (x86_64) (MacBookPro8%2C1)"
98.172.15.254 - - [27/Mar/2012:14:16:59 -0700] "GET /favicon.ico HTTP/1.1" 404 169 "-" "Caffeinated/1.1.1 CFNetwork/520.3.2 Darwin/11.3.0 (x86_64) (MacBookPro8%2C1)"
98.172.15.254 - - [27/Mar/2012:14:17:50 -0700] "GET /favicon.ico HTTP/1.1" 404 169 "-" "Caffeinated/1.1.1 CFNetwork/520.3.2 Darwin/11.3.0 (x86_64) (MacBookPro8%2C1)"
98.172.15.254 - - [27/Mar/2012:14:18:23 -0700] "GET /favicon.ico HTTP/1.1" 404 169 "-" "Caffeinated/1.1.1 CFNetwork/520.3.2 Darwin/11.3.0 (x86_64) (MacBookPro8%2C1)"
98.172.15.254 - - [27/Mar/2012:14:19:19 -0700] "GET / HTTP/1.1" 304 0 "-" "Caffeinated/1.1.1 CFNetwork/520.3.2 Darwin/11.3.0 (x86_64) (MacBookPro8%2C1)"
98.172.15.254 - - [27/Mar/2012:14:19:19 -0700] "GET /favicon.ico HTTP/1.1" 404 169 "-" "Caffeinated/1.1.1 CFNetwork/520.3.2 Darwin/11.3.0 (x86_64) (MacBookPro8%2C1)"
188.55.27.1 - - [27/Mar/2012:14:19:28 -0700] "GET /r/8n1 HTTP/1.1" 301 255 "http://www.facebook.com/l.php?u=http%3A%2F%2Ftawp.in%2Fr%2F8n1&h=0AQFBuK5MAQGr2E2obZmdEIGXQVOmQz0xwlK2Ih8KLyEQFw" "Mozilla/5.0 (compatible; MSIE 9.0; Windows NT 6.1; Win64; x64; Trident/5.0)"
188.55.27.1 - - [27/Mar/2012:14:19:28 -0700] "GET /s/ta/8n1/ HTTP/1.1" 302 377 "http://www.facebook.com/l.php?u=http%3A%2F%2Ftawp.in%2Fr%2F8n1&h=0AQFBuK5MAQGr2E2obZmdEIGXQVOmQz0xwlK2Ih8KLyEQFw" "Mozilla/5.0 (compatible; MSIE 9.0; Windows NT 6.1; Win64; x64; Trident/5.0)"
85.17.88.169 - - [27/Mar/2012:14:19:49 -0700] "POST /blog/wp-cron.php?doing_wp_cron=1332882976 HTTP/1.0" 499 0 "-" "WordPress/3.3.1; http://yuvi.in/blog"
98.172.15.254 - - [27/Mar/2012:14:19:49 -0700] "GET /favicon.ico HTTP/1.1" 404 169 "-" "Caffeinated/1.1.1 CFNetwork/520.3.2 Darwin/11.3.0 (x86_64) (MacBookPro8%2C1)"
187.53.177.102 - - [27/Mar/2012:14:19:50 -0700] "GET /blog/infosys-tcs-or-wipro-none/ HTTP/1.1" 200 24412 "-" "Mozilla/5.0 (compatible; Googlebot/2.1; +http://www.google.com/bot.html)"
117.216.41.147 - - [27/Mar/2012:14:20:11 -0700] "-" 400 0 "-" "-"
207.46.12.73 - - [27/Mar/2012:14:20:13 -0700] "-" 400 0 "-" "-"
207.46.12.73 - - [27/Mar/2012:14:20:15 -0700] "-" 400 0 "-" "-"
207.46.12.73 - - [27/Mar/2012:14:20:15 -0700] "-" 400 0 "-" "-"
207.46.12.73 - - [27/Mar/2012:14:20:15 -0700] "-" 400 0 "-" "-"
207.46.12.73 - - [27/Mar/2012:14:20:16 -0700] "-" 400 0 "-" "-"
207.46.12.73 - - [27/Mar/2012:14:20:25 -0700] "-" 400 0 "-" "-"
207.46.12.73 - - [27/Mar/2012:14:20:25 -0700] "-" 400 0 "-" "-"
207.46.12.73 - - [27/Mar/2012:14:20:26 -0700] "-" 400 0 "-" "-"
207.46.12.73 - - [27/Mar/2012:14:20:29 -0700] "-" 400 0 "-" "-"
207.46.12.73 - - [27/Mar/2012:14:20:30 -0700] "-" 400 0 "-" "-"
98.172.15.254 - - [27/Mar/2012:14:20:47 -0700] "GET /favicon.ico HTTP/1.1" 404 169 "-" "Caffeinated/1.1.1 CFNetwork/520.3.2 Darwin/11.3.0 (x86_64) (MacBookPro8%2C1)"
207.46.12.73 - - [27/Mar/2012:14:20:59 -0700] "-" 400 0 "-" "-"
117.216.41.147 - - [27/Mar/2012:14:21:11 -0700] "-" 400 0 "-" "-"
98.172.15.254 - - [27/Mar/2012:14:21:18 -0700] "GET /favicon.ico HTTP/1.1" 404 169 "-" "Caffeinated/1.1.1 CFNetwork/520.3.2 Darwin/11.3.0 (x86_64) (MacBookPro8%2C1)"
98.172.15.254 - - [27/Mar/2012:14:22:14 -0700] "GET /favicon.ico HTTP/1.1" 404 169 "-" "Caffeinated/1.1.1 CFNetwork/520.3.2 Darwin/11.3.0 (x86_64) (MacBookPro8%2C1)"
98.172.15.254 - - [27/Mar/2012:14:22:44 -0700] "GET /favicon.ico HTTP/1.1" 404 169 "-" "Caffeinated/1.1.1 CFNetwork/520.3.2 Darwin/11.3.0 (x86_64) (MacBookPro8%2C1)"
98.172.15.254 - - [27/Mar/2012:14:23:42 -0700] "GET /favicon.ico HTTP/1.1" 404 169 "-" "Caffeinated/1.1.1 CFNetwork/520.3.2 Darwin/11.3.0 (x86_64) (MacBookPro8%2C1)"
98.172.15.254 - - [27/Mar/2012:14:24:09 -0700] "GET /favicon.ico HTTP/1.1" 404 169 "-" "Caffeinated/1.1.1 CFNetwork/520.3.2 Darwin/11.3.0 (x86_64) (MacBookPro8%2C1)"
74.125.19.38 - - [27/Mar/2012:14:24:22 -0700] "GET /favicon.ico HTTP/1.1" 404 142 "-" "-"
85.17.88.169 - - [27/Mar/2012:14:24:35 -0700] "POST /blog/wp-cron.php?doing_wp_cron=1332883263 HTTP/1.0" 499 0 "-" "WordPress/3.3.1; http://yuvi.in/blog"
72.14.199.121 - - [27/Mar/2012:14:24:36 -0700] "GET /blog/feed HTTP/1.1" 301 0 "-" "Feedfetcher-Google; (+http://www.google.com/feedfetcher.html; 3 subscribers; feed-id=17684830852112633560)"
85.17.88.169 - - [27/Mar/2012:14:24:38 -0700] "POST /blog/wp-cron.php?doing_wp_cron=1332883265 HTTP/1.0" 499 0 "-" "WordPress/3.3.1; http://yuvi.in/blog"
72.14.199.121 - - [27/Mar/2012:14:24:38 -0700] "GET /blog/feed/ HTTP/1.1" 304 0 "-" "Feedfetcher-Google; (+http://www.google.com/feedfetcher.html; 3 subscribers; feed-id=17684830852112633560)"
98.172.15.254 - - [27/Mar/2012:14:25:09 -0700] "GET / HTTP/1.1" 304 0 "-" "Caffeinated/1.1.1 CFNetwork/520.3.2 Darwin/11.3.0 (x86_64) (MacBookPro8%2C1)"
98.172.15.254 - - [27/Mar/2012:14:25:10 -0700] "GET /favicon.ico HTTP/1.1" 404 169 "-" "Caffeinated/1.1.1 CFNetwork/520.3.2 Darwin/11.3.0 (x86_64) (MacBookPro8%2C1)"
98.172.15.254 - - [27/Mar/2012:14:25:39 -0700] "GET /favicon.ico HTTP/1.1" 404 169 "-" "Caffeinated/1.1.1 CFNetwork/520.3.2 Darwin/11.3.0 (x86_64) (MacBookPro8%2C1)"
98.172.15.254 - - [27/Mar/2012:14:26:39 -0700] "GET /favicon.ico HTTP/1.1" 404 169 "-" "Caffeinated/1.1.1 CFNetwork/520.3.2 Darwin/11.3.0 (x86_64) (MacBookPro8%2C1)"
98.172.15.254 - - [27/Mar/2012:14:27:04 -0700] "GET /favicon.ico HTTP/1.1" 404 169 "-" "Caffeinated/1.1.1 CFNetwork/520.3.2 Darwin/11.3.0 (x86_64) (MacBookPro8%2C1)"
98.172.15.254 - - [27/Mar/2012:14:28:03 -0700] "GET /favicon.ico HTTP/1.1" 404 169 "-" "Caffeinated/1.1.1 CFNetwork/520.3.2 Darwin/11.3.0 (x86_64) (MacBookPro8%2C1)"
98.172.15.254 - - [27/Mar/2012:14:28:31 -0700] "GET /favicon.ico HTTP/1.1" 404 169 "-" "Caffeinated/1.1.1 CFNetwork/520.3.2 Darwin/11.3.0 (x86_64) (MacBookPro8%2C1)"
85.17.88.169 - - [27/Mar/2012:14:28:52 -0700] "POST /blog/wp-cron.php?doing_wp_cron=1332883519 HTTP/1.0" 499 0 "-" "WordPress/3.3.1; http://yuvi.in/blog"
209.85.224.87 - - [27/Mar/2012:14:28:53 -0700] "GET /blog/feed HTTP/1.1" 304 0 "-" "FeedBurner/1.0 (http://www.FeedBurner.com)"
85.17.88.169 - - [27/Mar/2012:14:29:21 -0700] "POST /blog/wp-cron.php?doing_wp_cron=1332883548 HTTP/1.0" 499 0 "-" "WordPress/3.3.1; http://yuvi.in/blog"
183.178.85.181 - - [27/Mar/2012:14:29:21 -0700] "GET /blog/chennais-concentration-camps-aka-colleges HTTP/1.1" 301 0 "-" "Mozilla/4.0 (compatible; MSIE 5.5; Windows NT)"
85.17.88.169 - - [27/Mar/2012:14:29:23 -0700] "POST /blog/wp-cron.php?doing_wp_cron=1332883551 HTTP/1.0" 499 0 "-" "WordPress/3.3.1; http://yuvi.in/blog"
183.178.85.181 - - [27/Mar/2012:14:29:24 -0700] "GET /blog/chennais-concentration-camps-aka-colleges/ HTTP/1.1" 200 16879 "-" "Mozilla/4.0 (compatible; MSIE 5.5; Windows NT)"
98.172.15.254 - - [27/Mar/2012:14:29:31 -0700] "GET /favicon.ico HTTP/1.1" 404 169 "-" "Caffeinated/1.1.1 CFNetwork/520.3.2 Darwin/11.3.0 (x86_64) (MacBookPro8%2C1)"
98.172.15.254 - - [27/Mar/2012:14:30:13 -0700] "GET / HTTP/1.1" 304 0 "-" "Caffeinated/1.1.1 CFNetwork/520.3.2 Darwin/11.3.0 (x86_64) (MacBookPro8%2C1)"
98.172.15.254 - - [27/Mar/2012:14:30:13 -0700] "GET /favicon.ico HTTP/1.1" 404 169 "-" "Caffeinated/1.1.1 CFNetwork/520.3.2 Darwin/11.3.0 (x86_64) (MacBookPro8%2C1)"
98.172.15.254 - - [27/Mar/2012:14:30:57 -0700] "GET /favicon.ico HTTP/1.1" 404 169 "-" "Caffeinated/1.1.1 CFNetwork/520.3.2 Darwin/11.3.0 (x86_64) (MacBookPro8%2C1)"
98.172.15.254 - - [27/Mar/2012:14:31:42 -0700] "GET /favicon.ico HTTP/1.1" 404 169 "-" "Caffeinated/1.1.1 CFNetwork/520.3.2 Darwin/11.3.0 (x86_64) (MacBookPro8%2C1)"
98.172.15.254 - - [27/Mar/2012:14:32:23 -0700] "GET /favicon.ico HTTP/1.1" 404 169 "-" "Caffeinated/1.1.1 CFNetwork/520.3.2 Darwin/11.3.0 (x86_64) (MacBookPro8%2C1)"
98.172.15.254 - - [27/Mar/2012:14:33:14 -0700] "GET /favicon.ico HTTP/1.1" 404 169 "-" "Caffeinated/1.1.1 CFNetwork/520.3.2 Darwin/11.3.0 (x86_64) (MacBookPro8%2C1)"
98.172.15.254 - - [27/Mar/2012:14:33:56 -0700] "GET /favicon.ico HTTP/1.1" 404 169 "-" "Caffeinated/1.1.1 CFNetwork/520.3.2 Darwin/11.3.0 (x86_64) (MacBookPro8%2C1)"
98.172.15.254 - - [27/Mar/2012:14:34:54 -0700] "GET /favicon.ico HTTP/1.1" 404 169 "-" "Caffeinated/1.1.1 CFNetwork/520.3.2 Darwin/11.3.0 (x86_64) (MacBookPro8%2C1)"
98.172.15.254 - - [27/Mar/2012:14:35:20 -0700] "GET / HTTP/1.1" 304 0 "-" "Caffeinated/1.1.1 CFNetwork/520.3.2 Darwin/11.3.0 (x86_64) (MacBookPro8%2C1)"
98.172.15.254 - - [27/Mar/2012:14:35:20 -0700] "GET /favicon.ico HTTP/1.1" 404 169 "-" "Caffeinated/1.1.1 CFNetwork/520.3.2 Darwin/11.3.0 (x86_64) (MacBookPro8%2C1)"
98.172.15.254 - - [27/Mar/2012:14:36:19 -0700] "GET /favicon.ico HTTP/1.1" 404 169 "-" "Caffeinated/1.1.1 CFNetwork/520.3.2 Darwin/11.3.0 (x86_64) (MacBookPro8%2C1)"
98.172.15.254 - - [27/Mar/2012:14:36:49 -0700] "GET /favicon.ico HTTP/1.1" 404 169 "-" "Caffeinated/1.1.1 CFNetwork/520.3.2 Darwin/11.3.0 (x86_64) (MacBookPro8%2C1)"
98.172.15.254 - - [27/Mar/2012:14:37:48 -0700] "GET /favicon.ico HTTP/1.1" 404 169 "-" "Caffeinated/1.1.1 CFNetwork/520.3.2 Darwin/11.3.0 (x86_64) (MacBookPro8%2C1)"
98.172.15.254 - - [27/Mar/2012:14:38:17 -0700] "GET /favicon.ico HTTP/1.1" 404 169 "-" "Caffeinated/1.1.1 CFNetwork/520.3.2 Darwin/11.3.0 (x86_64) (MacBookPro8%2C1)"
65.52.109.146 - - [27/Mar/2012:14:38:46 -0700] "GET /blog/devlog-december-10-2011/ HTTP/1.1" 200 4199 "-" "Mozilla/5.0 (compatible; bingbot/2.0; +http://www.bing.com/bingbot.htm)"
98.172.15.254 - - [27/Mar/2012:14:39:17 -0700] "GET /favicon.ico HTTP/1.1" 404 169 "-" "Caffeinated/1.1.1 CFNetwork/520.3.2 Darwin/11.3.0 (x86_64) (MacBookPro8%2C1)"
98.172.15.254 - - [27/Mar/2012:14:39:47 -0700] "GET /favicon.ico HTTP/1.1" 404 169 "-" "Caffeinated/1.1.1 CFNetwork/520.3.2 Darwin/11.3.0 (x86_64) (MacBookPro8%2C1)"
166.147.112.129 - - [27/Mar/2012:14:40:16 -0700] "GET /favicon.ico HTTP/1.1" 404 142 "-" "Reeder/1.5.5 CFNetwork/548.1.4 Darwin/11.0.0"
98.172.15.254 - - [27/Mar/2012:14:40:47 -0700] "GET / HTTP/1.1" 304 0 "-" "Caffeinated/1.1.1 CFNetwork/520.3.2 Darwin/11.3.0 (x86_64) (MacBookPro8%2C1)"
98.172.15.254 - - [27/Mar/2012:14:40:47 -0700] "GET /favicon.ico HTTP/1.1" 404 169 "-" "Caffeinated/1.1.1 CFNetwork/520.3.2 Darwin/11.3.0 (x86_64) (MacBookPro8%2C1)"
98.172.15.254 - - [27/Mar/2012:14:41:14 -0700] "GET /favicon.ico HTTP/1.1" 404 169 "-" "Caffeinated/1.1.1 CFNetwork/520.3.2 Darwin/11.3.0 (x86_64) (MacBookPro8%2C1)"
85.17.88.169 - - [27/Mar/2012:14:41:57 -0700] "POST /blog/wp-cron.php?doing_wp_cron=1332884304 HTTP/1.0" 499 0 "-" "WordPress/3.3.1; http://yuvi.in/blog"
180.76.5.52 - - [27/Mar/2012:14:41:59 -0700] "GET /blog/category/devlog/page/2/ HTTP/1.1" 200 5839 "-" "Mozilla/5.0 (compatible; Baiduspider/2.0; +http://www.baidu.com/search/spider.html)"
98.172.15.254 - - [27/Mar/2012:14:42:13 -0700] "GET /favicon.ico HTTP/1.1" 404 169 "-" "Caffeinated/1.1.1 CFNetwork/520.3.2 Darwin/11.3.0 (x86_64) (MacBookPro8%2C1)"
98.172.15.254 - - [27/Mar/2012:14:42:42 -0700] "GET /favicon.ico HTTP/1.1" 404 169 "-" "Caffeinated/1.1.1 CFNetwork/520.3.2 Darwin/11.3.0 (x86_64) (MacBookPro8%2C1)"
98.172.15.254 - - [27/Mar/2012:14:43:41 -0700] "GET /favicon.ico HTTP/1.1" 404 169 "-" "Caffeinated/1.1.1 CFNetwork/520.3.2 Darwin/11.3.0 (x86_64) (MacBookPro8%2C1)"
98.172.15.254 - - [27/Mar/2012:14:44:10 -0700] "GET /favicon.ico HTTP/1.1" 404 169 "-" "Caffeinated/1.1.1 CFNetwork/520.3.2 Darwin/11.3.0 (x86_64) (MacBookPro8%2C1)"
66.249.71.43 - - [27/Mar/2012:14:45:01 -0700] "GET /s/ta/2%3Ca%20href%3D/ HTTP/1.1" 502 173 "-" "Mozilla/5.0 (compatible; Googlebot/2.1; +http://www.google.com/bot.html)"
98.172.15.254 - - [27/Mar/2012:14:45:08 -0700] "GET /favicon.ico HTTP/1.1" 404 169 "-" "Caffeinated/1.1.1 CFNetwork/520.3.2 Darwin/11.3.0 (x86_64) (MacBookPro8%2C1)"
98.172.15.254 - - [27/Mar/2012:14:45:38 -0700] "GET /favicon.ico HTTP/1.1" 404 169 "-" "Caffeinated/1.1.1 CFNetwork/520.3.2 Darwin/11.3.0 (x86_64) (MacBookPro8%2C1)"
166.147.112.129 - - [27/Mar/2012:14:46:35 -0700] "GET /favicon.ico HTTP/1.1" 404 142 "-" "Reeder/1.5.5 CFNetwork/548.1.4 Darwin/11.0.0"
98.172.15.254 - - [27/Mar/2012:14:46:36 -0700] "GET / HTTP/1.1" 304 0 "-" "Caffeinated/1.1.1 CFNetwork/520.3.2 Darwin/11.3.0 (x86_64) (MacBookPro8%2C1)"
98.172.15.254 - - [27/Mar/2012:14:46:36 -0700] "GET /favicon.ico HTTP/1.1" 404 169 "-" "Caffeinated/1.1.1 CFNetwork/520.3.2 Darwin/11.3.0 (x86_64) (MacBookPro8%2C1)"
98.172.15.254 - - [27/Mar/2012:14:47:07 -0700] "GET /favicon.ico HTTP/1.1" 404 169 "-" "Caffeinated/1.1.1 CFNetwork/520.3.2 Darwin/11.3.0 (x86_64) (MacBookPro8%2C1)"
207.46.204.162 - - [27/Mar/2012:14:47:09 -0700] "-" 400 0 "-" "-"
207.46.204.162 - - [27/Mar/2012:14:47:11 -0700] "-" 400 0 "-" "-"
207.46.204.162 - - [27/Mar/2012:14:47:12 -0700] "-" 400 0 "-" "-"
207.46.204.162 - - [27/Mar/2012:14:47:12 -0700] "-" 400 0 "-" "-"
207.46.204.162 - - [27/Mar/2012:14:47:12 -0700] "-" 400 0 "-" "-"
207.46.204.162 - - [27/Mar/2012:14:47:13 -0700] "-" 400 0 "-" "-"
207.46.204.162 - - [27/Mar/2012:14:47:13 -0700] "-" 400 0 "-" "-"
207.46.204.162 - - [27/Mar/2012:14:47:14 -0700] "-" 400 0 "-" "-"
207.46.204.162 - - [27/Mar/2012:14:47:14 -0700] "-" 400 0 "-" "-"
207.46.204.162 - - [27/Mar/2012:14:47:15 -0700] "-" 400 0 "-" "-"
207.46.204.162 - - [27/Mar/2012:14:47:34 -0700] "-" 400 0 "-" "-"
98.172.15.254 - - [27/Mar/2012:14:48:03 -0700] "GET /favicon.ico HTTP/1.1" 404 169 "-" "Caffeinated/1.1.1 CFNetwork/520.3.2 Darwin/11.3.0 (x86_64) (MacBookPro8%2C1)"
98.172.15.254 - - [27/Mar/2012:14:48:32 -0700] "GET /favicon.ico HTTP/1.1" 404 169 "-" "Caffeinated/1.1.1 CFNetwork/520.3.2 Darwin/11.3.0 (x86_64) (MacBookPro8%2C1)"
98.172.15.254 - - [27/Mar/2012:14:49:29 -0700] "GET /favicon.ico HTTP/1.1" 404 169 "-" "Caffeinated/1.1.1 CFNetwork/520.3.2 Darwin/11.3.0 (x86_64) (MacBookPro8%2C1)"
98.172.15.254 - - [27/Mar/2012:14:49:57 -0700] "GET /favicon.ico HTTP/1.1" 404 169 "-" "Caffeinated/1.1.1 CFNetwork/520.3.2 Darwin/11.3.0 (x86_64) (MacBookPro8%2C1)"
69.171.224.248 - - [27/Mar/2012:14:50:29 -0700] "GET /r/15mu HTTP/1.1" 301 257 "-" "facebookexternalhit/1.1 (+http://www.facebook.com/externalhit_uatext.php)"
69.171.224.249 - - [27/Mar/2012:14:50:30 -0700] "GET /s/ta/15mu/ HTTP/1.1" 302 401 "-" "facebookexternalhit/1.1 (+http://www.facebook.com/externalhit_uatext.php)"
98.172.15.254 - - [27/Mar/2012:14:50:58 -0700] "GET /favicon.ico HTTP/1.1" 404 169 "-" "Caffeinated/1.1.1 CFNetwork/520.3.2 Darwin/11.3.0 (x86_64) (MacBookPro8%2C1)"
98.172.15.254 - - [27/Mar/2012:14:51:25 -0700] "GET /favicon.ico HTTP/1.1" 404 169 "-" "Caffeinated/1.1.1 CFNetwork/520.3.2 Darwin/11.3.0 (x86_64) (MacBookPro8%2C1)"
98.172.15.254 - - [27/Mar/2012:14:52:25 -0700] "GET / HTTP/1.1" 304 0 "-" "Caffeinated/1.1.1 CFNetwork/520.3.2 Darwin/11.3.0 (x86_64) (MacBookPro8%2C1)"
98.172.15.254 - - [27/Mar/2012:14:52:25 -0700] "GET /favicon.ico HTTP/1.1" 404 169 "-" "Caffeinated/1.1.1 CFNetwork/520.3.2 Darwin/11.3.0 (x86_64) (MacBookPro8%2C1)"
85.17.88.169 - - [27/Mar/2012:14:52:32 -0700] "POST /blog/wp-cron.php?doing_wp_cron=1332884939 HTTP/1.0" 499 0 "-" "WordPress/3.3.1; http://yuvi.in/blog"
187.63.160.3 - - [27/Mar/2012:14:52:33 -0700] "GET /blog/story-average-indian-techie/ HTTP/1.1" 200 54261 "-" "Mozilla/5.0 (compatible; Googlebot/2.1; +http://www.google.com/bot.html)"
98.172.15.254 - - [27/Mar/2012:14:52:54 -0700] "GET /favicon.ico HTTP/1.1" 404 169 "-" "Caffeinated/1.1.1 CFNetwork/520.3.2 Darwin/11.3.0 (x86_64) (MacBookPro8%2C1)"
98.172.15.254 - - [27/Mar/2012:14:53:56 -0700] "GET /favicon.ico HTTP/1.1" 404 169 "-" "Caffeinated/1.1.1 CFNetwork/520.3.2 Darwin/11.3.0 (x86_64) (MacBookPro8%2C1)"
98.172.15.254 - - [27/Mar/2012:14:54:31 -0700] "GET /favicon.ico HTTP/1.1" 404 169 "-" "Caffeinated/1.1.1 CFNetwork/520.3.2 Darwin/11.3.0 (x86_64) (MacBookPro8%2C1)"
98.172.15.254 - - [27/Mar/2012:14:55:29 -0700] "GET /favicon.ico HTTP/1.1" 404 169 "-" "Caffeinated/1.1.1 CFNetwork/520.3.2 Darwin/11.3.0 (x86_64) (MacBookPro8%2C1)"
98.172.15.254 - - [27/Mar/2012:14:55:59 -0700] "GET /favicon.ico HTTP/1.1" 404 169 "-" "Caffeinated/1.1.1 CFNetwork/520.3.2 Darwin/11.3.0 (x86_64) (MacBookPro8%2C1)"
98.172.15.254 - - [27/Mar/2012:14:56:56 -0700] "GET /favicon.ico HTTP/1.1" 404 169 "-" "Caffeinated/1.1.1 CFNetwork/520.3.2 Darwin/11.3.0 (x86_64) (MacBookPro8%2C1)"
98.172.15.254 - - [27/Mar/2012:14:57:27 -0700] "GET / HTTP/1.1" 304 0 "-" "Caffeinated/1.1.1 CFNetwork/520.3.2 Darwin/11.3.0 (x86_64) (MacBookPro8%2C1)"
98.172.15.254 - - [27/Mar/2012:14:57:27 -0700] "GET /favicon.ico HTTP/1.1" 404 169 "-" "Caffeinated/1.1.1 CFNetwork/520.3.2 Darwin/11.3.0 (x86_64) (MacBookPro8%2C1)"
195.138.82.135 - - [27/Mar/2012:14:57:43 -0700] "GET /blog/ HTTP/1.0" 200 33162 "http://yuvi.in/blog/" "Mozilla/4.0 (compatible; MSIE 5.0; Windows 95) Opera 6.01  [en]"
98.172.15.254 - - [27/Mar/2012:14:58:28 -0700] "GET /favicon.ico HTTP/1.1" 404 169 "-" "Caffeinated/1.1.1 CFNetwork/520.3.2 Darwin/11.3.0 (x86_64) (MacBookPro8%2C1)"
98.172.15.254 - - [27/Mar/2012:14:58:56 -0700] "GET /favicon.ico HTTP/1.1" 404 169 "-" "Caffeinated/1.1.1 CFNetwork/520.3.2 Darwin/11.3.0 (x86_64) (MacBookPro8%2C1)"
85.17.88.169 - - [27/Mar/2012:14:58:58 -0700] "POST /blog/wp-cron.php?doing_wp_cron=1332885325 HTTP/1.0" 499 0 "-" "WordPress/3.3.1; http://yuvi.in/blog"
209.85.224.99 - - [27/Mar/2012:14:58:58 -0700] "GET /blog/feed HTTP/1.1" 304 0 "-" "FeedBurner/1.0 (http://www.FeedBurner.com)"
98.172.15.254 - - [27/Mar/2012:14:59:55 -0700] "GET /favicon.ico HTTP/1.1" 404 169 "-" "Caffeinated/1.1.1 CFNetwork/520.3.2 Darwin/11.3.0 (x86_64) (MacBookPro8%2C1)"
98.172.15.254 - - [27/Mar/2012:15:00:22 -0700] "GET /favicon.ico HTTP/1.1" 404 169 "-" "Caffeinated/1.1.1 CFNetwork/520.3.2 Darwin/11.3.0 (x86_64) (MacBookPro8%2C1)"
85.17.88.169 - - [27/Mar/2012:15:00:32 -0700] "POST /blog/wp-cron.php?doing_wp_cron=1332885419 HTTP/1.0" 499 0 "-" "WordPress/3.3.1; http://yuvi.in/blog"
66.249.71.13 - - [27/Mar/2012:15:00:32 -0700] "GET /blog/theMarianStar/Darius.pdf HTTP/1.1" 404 3016 "-" "Googlebot/2.1 (+http://www.google.com/bot.html)"
85.17.88.169 - - [27/Mar/2012:15:00:44 -0700] "POST /blog/wp-cron.php?doing_wp_cron=1332885431 HTTP/1.0" 499 0 "-" "WordPress/3.3.1; http://yuvi.in/blog"
72.14.199.121 - - [27/Mar/2012:15:00:44 -0700] "GET /blog/feed/ HTTP/1.1" 304 0 "-" "Feedfetcher-Google; (+http://www.google.com/feedfetcher.html; 18 subscribers; feed-id=15064232456473204253)"
98.172.15.254 - - [27/Mar/2012:15:01:21 -0700] "GET /favicon.ico HTTP/1.1" 404 169 "-" "Caffeinated/1.1.1 CFNetwork/520.3.2 Darwin/11.3.0 (x86_64) (MacBookPro8%2C1)"
98.172.15.254 - - [27/Mar/2012:15:01:51 -0700] "GET /favicon.ico HTTP/1.1" 404 169 "-" "Caffeinated/1.1.1 CFNetwork/520.3.2 Darwin/11.3.0 (x86_64) (MacBookPro8%2C1)"
