14.99.70.88 - - [13/Mar/2012:19:57:59 -0700] "GET /overpass?data=%0A++++%0A++++++++(%0A++++++++%0A++++++++node(12.85464890558895%2C+77.34718322753906%2C+13.088507342841034%2C+77.84156799316406)%0A++++++++++++%0A++++++++++++++++%5B%22place%22%3D%22country%22%5D%0A++++++++++++%0A++++++++%3B%0A++++++++%0A++++++++node(12.85464890558895%2C+77.34718322753906%2C+13.088507342841034%2C+77.84156799316406)%0A++++++++++++%0A++++++++++++++++%5B%22place%22%3D%22state%22%5D%0A++++++++++++%0A++++++++%3B%0A++++++++%0A++++++++node(12.85464890558895%2C+77.34718322753906%2C+13.088507342841034%2C+77.84156799316406)%0A++++++++++++%0A++++++++++++++++%5B%22place%22%3D%22city%22%5D%0A++++++++++++%0A++++++++++++++++%5B%22admin_level%22%3D%224%22%5D%0A++++++++++++%0A++++++++%3B%0A++++++++%0A++++++++node(12.85464890558895%2C+77.34718322753906%2C+13.088507342841034%2C+77.84156799316406)%0A++++++++++++%0A++++++++++++++++%5B%22place%22%3D%22city%22%5D%0A++++++++++++%0A++++++++++++++++%5B%22admin_level%22%3D%225%22%5D%0A++++++++++++%0A++++++++%3B%0A++++++++%0A++++++++node(12.85464890558895%2C+77.34718322753906%2C+13.088507342841034%2C+77.84156799316406)%0A++++++++++++%0A++++++++++++++++%5B%22place%22%3D%22city%22%5D%0A++++++++++++%0A++++++++%3B%0A++++++++%0A++++++++node(12.85464890558895%2C+77.34718322753906%2C+13.088507342841034%2C+77.84156799316406)%0A++++++++++++%0A++++++++++++++++%5B%22place%22%3D%22town%22%5D%0A++++++++++++%0A++++++++++++++++%5B%22admin_level%22%3D%225%22%5D%0A++++++++++++%0A++++++++%3B%0A++++++++%0A++++++++node(12.85464890558895%2C+77.34718322753906%2C+13.088507342841034%2C+77.84156799316406)%0A++++++++++++%0A++++++++++++++++%5B%22place%22%3D%22town%22%5D%0A++++++++++++%0A++++++++%3B%0A++++++++%0A++++++++node(12.85464890558895%2C+77.34718322753906%2C+13.088507342841034%2C+77.84156799316406)%0A++++++++++++%0A++++++++++++++++%5B%22aeroway%22%3D%22aerodrome%22%5D%0A++++++++++++%0A++++++++%3B%0A++++++++%0A++++++++node(12.85464890558895%2C+77.34718322753906%2C+13.088507342841034%2C+77.84156799316406)%0A++++++++++++%0A++++++++++++++++%5B%22place%22%3D%22village%22%5D%0A++++++++++++%0A++++++++%3B%0A++++++++%0A++++++++node(12.85464890558895%2C+77.34718322753906%2C+13.088507342841034%2C+77.84156799316406)%0A++++++++++++%0A++++++++++++++++%5B%22railway%22%3D%22station%22%5D%0A++++++++++++%0A++++++++%3B%0A++++++++%0A++++++++)%3B%0A++++%0A++++out+meta%3B%0A HTTP/1.1" 200 58403 "http://yuvi.in/POSM/" "Mozilla/5.0 (Macintosh; Intel Mac OS X 10_7_3) AppleWebKit/535.11 (KHTML, like Gecko) Chrome/17.0.963.79 Safari/535.11"
14.99.70.88 - - [13/Mar/2012:19:58:01 -0700] "GET /POSM/lib/leaflet/images/marker.png HTTP/1.1" 200 2519 "http://yuvi.in/POSM/" "Mozilla/5.0 (Macintosh; Intel Mac OS X 10_7_3) AppleWebKit/535.11 (KHTML, like Gecko) Chrome/17.0.963.79 Safari/535.11"
14.99.70.88 - - [13/Mar/2012:19:58:01 -0700] "GET /POSM/lib/leaflet/images/marker-shadow.png HTTP/1.1" 200 1649 "http://yuvi.in/POSM/" "Mozilla/5.0 (Macintosh; Intel Mac OS X 10_7_3) AppleWebKit/535.11 (KHTML, like Gecko) Chrome/17.0.963.79 Safari/535.11"
14.99.70.88 - - [13/Mar/2012:19:58:02 -0700] "GET /overpass?data=%0A++++%0A++++++++(%0A++++++++%0A++++++++node(12.85464890558895%2C+77.34718322753906%2C+13.088507342841034%2C+77.84156799316406)%0A++++++++++++%0A++++++++++++++++%5B%22place%22%3D%22country%22%5D%0A++++++++++++%0A++++++++%3B%0A++++++++%0A++++++++node(12.85464890558895%2C+77.34718322753906%2C+13.088507342841034%2C+77.84156799316406)%0A++++++++++++%0A++++++++++++++++%5B%22place%22%3D%22state%22%5D%0A++++++++++++%0A++++++++%3B%0A++++++++%0A++++++++node(12.85464890558895%2C+77.34718322753906%2C+13.088507342841034%2C+77.84156799316406)%0A++++++++++++%0A++++++++++++++++%5B%22place%22%3D%22city%22%5D%0A++++++++++++%0A++++++++++++++++%5B%22admin_level%22%3D%224%22%5D%0A++++++++++++%0A++++++++%3B%0A++++++++%0A++++++++node(12.85464890558895%2C+77.34718322753906%2C+13.088507342841034%2C+77.84156799316406)%0A++++++++++++%0A++++++++++++++++%5B%22place%22%3D%22city%22%5D%0A++++++++++++%0A++++++++++++++++%5B%22admin_level%22%3D%225%22%5D%0A++++++++++++%0A++++++++%3B%0A++++++++%0A++++++++node(12.85464890558895%2C+77.34718322753906%2C+13.088507342841034%2C+77.84156799316406)%0A++++++++++++%0A++++++++++++++++%5B%22place%22%3D%22city%22%5D%0A++++++++++++%0A++++++++%3B%0A++++++++%0A++++++++node(12.85464890558895%2C+77.34718322753906%2C+13.088507342841034%2C+77.84156799316406)%0A++++++++++++%0A++++++++++++++++%5B%22place%22%3D%22town%22%5D%0A++++++++++++%0A++++++++++++++++%5B%22admin_level%22%3D%225%22%5D%0A++++++++++++%0A++++++++%3B%0A++++++++%0A++++++++node(12.85464890558895%2C+77.34718322753906%2C+13.088507342841034%2C+77.84156799316406)%0A++++++++++++%0A++++++++++++++++%5B%22place%22%3D%22town%22%5D%0A++++++++++++%0A++++++++%3B%0A++++++++%0A++++++++node(12.85464890558895%2C+77.34718322753906%2C+13.088507342841034%2C+77.84156799316406)%0A++++++++++++%0A++++++++++++++++%5B%22aeroway%22%3D%22aerodrome%22%5D%0A++++++++++++%0A++++++++%3B%0A++++++++%0A++++++++node(12.85464890558895%2C+77.34718322753906%2C+13.088507342841034%2C+77.84156799316406)%0A++++++++++++%0A++++++++++++++++%5B%22place%22%3D%22village%22%5D%0A++++++++++++%0A++++++++%3B%0A++++++++%0A++++++++node(12.85464890558895%2C+77.34718322753906%2C+13.088507342841034%2C+77.84156799316406)%0A++++++++++++%0A++++++++++++++++%5B%22railway%22%3D%22station%22%5D%0A++++++++++++%0A++++++++%3B%0A++++++++%0A++++++++)%3B%0A++++%0A++++out+meta%3B%0A HTTP/1.1" 200 58395 "http://yuvi.in/POSM/" "Mozilla/5.0 (Macintosh; Intel Mac OS X 10_7_3) AppleWebKit/535.11 (KHTML, like Gecko) Chrome/17.0.963.79 Safari/535.11"
14.99.70.88 - - [13/Mar/2012:19:58:03 -0700] "-" 400 0 "-" "-"
14.99.70.88 - - [13/Mar/2012:19:58:03 -0700] "-" 400 0 "-" "-"
85.17.88.169 - - [13/Mar/2012:20:02:31 -0700] "POST /blog/wp-cron.php?doing_wp_cron=1331694048 HTTP/1.0" 499 0 "-" "WordPress/3.3.1; http://yuvi.in/blog"
180.76.5.196 - - [13/Mar/2012:20:02:31 -0700] "GET /blog/2010/03/11/ HTTP/1.1" 200 5551 "-" "Mozilla/5.0 (compatible; Baiduspider/2.0; +http://www.baidu.com/search/spider.html)"
69.171.228.248 - - [13/Mar/2012:20:04:53 -0700] "GET /r/1nvz HTTP/1.1" 301 257 "-" "facebookexternalhit/1.1 (+http://www.facebook.com/externalhit_uatext.php)"
69.171.228.248 - - [13/Mar/2012:20:04:53 -0700] "GET /s/ta/1nvz/ HTTP/1.1" 302 365 "-" "facebookexternalhit/1.1 (+http://www.facebook.com/externalhit_uatext.php)"
122.175.163.23 - - [13/Mar/2012:20:06:00 -0700] "GET /blog/page/3/ HTTP/1.1" 200 16753 "http://yuvi.in/blog/page/2/" "Mozilla/5.0 (X11; Linux x86_64) AppleWebKit/534.30 (KHTML, like Gecko) Chrome/12.0.742.124 Safari/534.30"
122.175.163.23 - - [13/Mar/2012:20:06:18 -0700] "GET /favicon.ico HTTP/1.1" 404 199 "-" "Mozilla/5.0 (X11; Linux x86_64) AppleWebKit/534.30 (KHTML, like Gecko) Chrome/12.0.742.124 Safari/534.30"
69.171.228.245 - - [13/Mar/2012:20:07:09 -0700] "GET /r/1ukb\xE0\xAE\x95\xE0\xAE\x9F\xE0\xAF\x8D\xE0\xAE\x9F\xE0\xAE\xB1\xE0\xAF\x8D\xE0\xAE\xB1 HTTP/1.1" 404 142 "-" "facebookexternalhit/1.1 (+http://www.facebook.com/externalhit_uatext.php)"
209.85.224.89 - - [13/Mar/2012:20:07:45 -0700] "GET /stories/feed HTTP/1.1" 200 13653 "-" "FeedBurner/1.0 (http://www.FeedBurner.com)"
157.55.112.208 - - [13/Mar/2012:20:07:49 -0700] "-" 400 0 "-" "-"
157.55.112.208 - - [13/Mar/2012:20:07:55 -0700] "-" 400 0 "-" "-"
157.55.112.208 - - [13/Mar/2012:20:07:56 -0700] "-" 400 0 "-" "-"
157.55.112.208 - - [13/Mar/2012:20:07:56 -0700] "-" 400 0 "-" "-"
157.55.112.208 - - [13/Mar/2012:20:07:56 -0700] "-" 400 0 "-" "-"
157.55.112.208 - - [13/Mar/2012:20:07:57 -0700] "-" 400 0 "-" "-"
117.193.70.125 - - [13/Mar/2012:20:07:58 -0700] "-" 400 0 "-" "-"
157.55.112.208 - - [13/Mar/2012:20:07:58 -0700] "-" 400 0 "-" "-"
157.55.112.208 - - [13/Mar/2012:20:07:58 -0700] "-" 400 0 "-" "-"
157.55.112.208 - - [13/Mar/2012:20:07:58 -0700] "-" 400 0 "-" "-"
157.55.112.208 - - [13/Mar/2012:20:07:58 -0700] "-" 400 0 "-" "-"
157.55.112.208 - - [13/Mar/2012:20:08:34 -0700] "-" 400 0 "-" "-"
67.215.230.28 - - [13/Mar/2012:20:09:09 -0700] "GET /robots.txt HTTP/1.0" 404 169 "-" "Setooz/Nutch-1.2 (http://www.setooz.com)"
67.215.230.28 - - [13/Mar/2012:20:09:09 -0700] "GET /stories HTTP/1.0" 301 185 "-" "Setooz/Nutch-1.2 (http://www.setooz.com)"
67.215.230.27 - - [13/Mar/2012:20:09:21 -0700] "GET /robots.txt HTTP/1.0" 404 169 "-" "Setooz/Nutch-1.2 (http://www.setooz.com)"
67.215.230.27 - - [13/Mar/2012:20:09:21 -0700] "GET / HTTP/1.0" 200 3439 "-" "Setooz/Nutch-1.2 (http://www.setooz.com)"
223.236.85.124 - - [13/Mar/2012:20:09:57 -0700] "-" 400 0 "-" "-"
81.23.230.64 - - [13/Mar/2012:20:12:47 -0700] "GET / HTTP/1.1" 200 3439 "-" "Mozilla/4.0 (compatible; MSIE 7.0; Windows NT 5.1; .NET CLR 1.1.4322)"
123.201.215.52 - - [13/Mar/2012:20:15:11 -0700] "-" 400 0 "-" "-"
123.201.215.52 - - [13/Mar/2012:20:16:29 -0700] "-" 400 0 "-" "-"
91.203.96.116 - - [13/Mar/2012:20:18:23 -0700] "-" 400 0 "-" "-"
123.201.215.52 - - [13/Mar/2012:20:20:19 -0700] "-" 400 0 "-" "-"
85.17.88.169 - - [13/Mar/2012:20:22:54 -0700] "POST /blog/wp-cron.php?doing_wp_cron=1331695271 HTTP/1.0" 499 0 "-" "WordPress/3.3.1; http://yuvi.in/blog"
100.43.83.144 - - [13/Mar/2012:20:22:54 -0700] "GET /blog/category/devlog/ HTTP/1.1" 200 14854 "-" "Mozilla/5.0 (compatible; YandexBot/3.0; +http://yandex.com/bots)"
85.17.88.169 - - [13/Mar/2012:20:23:38 -0700] "POST /blog/wp-cron.php?doing_wp_cron=1331695315 HTTP/1.0" 499 0 "-" "WordPress/3.3.1; http://yuvi.in/blog"
209.85.224.98 - - [13/Mar/2012:20:23:38 -0700] "GET /blog/feed HTTP/1.1" 304 0 "-" "FeedBurner/1.0 (http://www.FeedBurner.com)"
122.174.75.14 - - [13/Mar/2012:20:25:02 -0700] "-" 400 0 "-" "-"
85.17.88.169 - - [13/Mar/2012:20:25:03 -0700] "POST /blog/wp-cron.php?doing_wp_cron=1331695400 HTTP/1.0" 499 0 "-" "WordPress/3.3.1; http://yuvi.in/blog"
66.249.67.123 - - [13/Mar/2012:20:25:04 -0700] "GET /blog/2012/03/ HTTP/1.1" 200 3953 "-" "Mozilla/5.0 (compatible; Googlebot/2.1; +http://www.google.com/bot.html)"
117.202.136.153 - - [13/Mar/2012:20:26:15 -0700] "-" 400 0 "-" "-"
85.17.88.169 - - [13/Mar/2012:20:26:44 -0700] "POST /blog/wp-cron.php?doing_wp_cron=1331695501 HTTP/1.0" 499 0 "-" "WordPress/3.3.1; http://yuvi.in/blog"
66.135.57.47 - - [13/Mar/2012:20:26:44 -0700] "GET /blog/my-vimrc/ HTTP/1.0" 200 16009 "-" "Mozilla/5.0 (Windows; U; Windows NT 5.1; rv:1.7.3) Gecko/20041001 Firefox/0.10.1"
85.17.88.169 - - [13/Mar/2012:20:26:47 -0700] "POST /blog/wp-cron.php?doing_wp_cron=1331695504 HTTP/1.0" 499 0 "-" "WordPress/3.3.1; http://yuvi.in/blog"
66.135.57.47 - - [13/Mar/2012:20:26:47 -0700] "GET /blog/college-drop/ HTTP/1.0" 200 18395 "-" "Mozilla/5.0 (Windows; U; Windows NT 5.1; rv:1.7.3) Gecko/20041001 Firefox/0.10.1"
85.17.88.169 - - [13/Mar/2012:20:26:50 -0700] "POST /blog/wp-cron.php?doing_wp_cron=1331695507 HTTP/1.0" 499 0 "-" "WordPress/3.3.1; http://yuvi.in/blog"
66.135.57.47 - - [13/Mar/2012:20:26:50 -0700] "GET /blog/passing-headers-proxying-nginx/ HTTP/1.0" 200 16690 "-" "Mozilla/5.0 (Windows; U; Windows NT 5.1; rv:1.7.3) Gecko/20041001 Firefox/0.10.1"
85.17.88.169 - - [13/Mar/2012:20:26:53 -0700] "POST /blog/wp-cron.php?doing_wp_cron=1331695510 HTTP/1.0" 499 0 "-" "WordPress/3.3.1; http://yuvi.in/blog"
66.135.57.47 - - [13/Mar/2012:20:26:53 -0700] "GET /blog/program/ HTTP/1.0" 200 27214 "-" "Mozilla/5.0 (Windows; U; Windows NT 5.1; rv:1.7.3) Gecko/20041001 Firefox/0.10.1"
85.17.88.169 - - [13/Mar/2012:20:26:56 -0700] "POST /blog/wp-cron.php?doing_wp_cron=1331695513 HTTP/1.0" 499 0 "-" "WordPress/3.3.1; http://yuvi.in/blog"
66.135.57.47 - - [13/Mar/2012:20:26:56 -0700] "GET /blog/devlog-december-26-2011/ HTTP/1.0" 200 16694 "-" "Mozilla/5.0 (Windows; U; Windows NT 5.1; rv:1.7.3) Gecko/20041001 Firefox/0.10.1"
85.17.88.169 - - [13/Mar/2012:20:26:59 -0700] "POST /blog/wp-cron.php?doing_wp_cron=1331695516 HTTP/1.0" 499 0 "-" "WordPress/3.3.1; http://yuvi.in/blog"
66.135.57.47 - - [13/Mar/2012:20:26:59 -0700] "GET /blog/devlog-december-23-2011/ HTTP/1.0" 200 16517 "-" "Mozilla/5.0 (Windows; U; Windows NT 5.1; rv:1.7.3) Gecko/20041001 Firefox/0.10.1"
85.17.88.169 - - [13/Mar/2012:20:27:02 -0700] "POST /blog/wp-cron.php?doing_wp_cron=1331695519 HTTP/1.0" 499 0 "-" "WordPress/3.3.1; http://yuvi.in/blog"
66.135.57.47 - - [13/Mar/2012:20:27:02 -0700] "GET /blog/devlog-december-21-2011/ HTTP/1.0" 200 17121 "-" "Mozilla/5.0 (Windows; U; Windows NT 5.1; rv:1.7.3) Gecko/20041001 Firefox/0.10.1"
85.17.88.169 - - [13/Mar/2012:20:27:05 -0700] "POST /blog/wp-cron.php?doing_wp_cron=1331695522 HTTP/1.0" 499 0 "-" "WordPress/3.3.1; http://yuvi.in/blog"
66.135.57.47 - - [13/Mar/2012:20:27:05 -0700] "GET /blog/devlog-december-11-2011/ HTTP/1.0" 200 16592 "-" "Mozilla/5.0 (Windows; U; Windows NT 5.1; rv:1.7.3) Gecko/20041001 Firefox/0.10.1"
85.17.88.169 - - [13/Mar/2012:20:27:08 -0700] "POST /blog/wp-cron.php?doing_wp_cron=1331695525 HTTP/1.0" 499 0 "-" "WordPress/3.3.1; http://yuvi.in/blog"
66.135.57.47 - - [13/Mar/2012:20:27:08 -0700] "GET /blog/devlog-december-10-2011/ HTTP/1.0" 200 16387 "-" "Mozilla/5.0 (Windows; U; Windows NT 5.1; rv:1.7.3) Gecko/20041001 Firefox/0.10.1"
85.17.88.169 - - [13/Mar/2012:20:27:11 -0700] "POST /blog/wp-cron.php?doing_wp_cron=1331695528 HTTP/1.0" 499 0 "-" "WordPress/3.3.1; http://yuvi.in/blog"
66.135.57.47 - - [13/Mar/2012:20:27:11 -0700] "GET /blog/devlog-december-7-2011/ HTTP/1.0" 200 16833 "-" "Mozilla/5.0 (Windows; U; Windows NT 5.1; rv:1.7.3) Gecko/20041001 Firefox/0.10.1"
85.17.88.169 - - [13/Mar/2012:20:28:26 -0700] "POST /blog/wp-cron.php?doing_wp_cron=1331695603 HTTP/1.0" 499 0 "-" "WordPress/3.3.1; http://yuvi.in/blog"
186.213.82.254 - - [13/Mar/2012:20:28:26 -0700] "GET /blog/category/code/ HTTP/1.1" 200 38680 "-" "Mozilla/5.0 (compatible; Googlebot/2.1; +http://www.google.com/bot.html)"
85.17.88.169 - - [13/Mar/2012:20:32:43 -0700] "POST /blog/wp-cron.php?doing_wp_cron=1331695860 HTTP/1.0" 499 0 "-" "WordPress/3.3.1; http://yuvi.in/blog"
101.226.33.182 - - [13/Mar/2012:20:32:43 -0700] "GET /blog/feed HTTP/1.0" 304 0 "-" "Mozilla/4.0 (compatible; Windows;)"
85.17.88.169 - - [13/Mar/2012:20:32:48 -0700] "POST /blog/wp-cron.php?doing_wp_cron=1331695865 HTTP/1.0" 499 0 "-" "WordPress/3.3.1; http://yuvi.in/blog"
97.117.105.100 - - [13/Mar/2012:20:32:49 -0700] "GET /blog/favicon.ico HTTP/1.1" 404 3016 "-" "Mozilla/5.0 (Windows NT 5.1; rv:10.0.2) Gecko/20100101 Firefox/10.0.2"
178.63.51.142 - - [13/Mar/2012:20:33:25 -0700] "HEAD / HTTP/1.1" 200 0 "http://yuvi.in" "Mozilla/4.0 (compatible; MSIE 6.0; Windows NT 5.1; .NET CLR 1.1.4313)"
178.63.51.142 - - [13/Mar/2012:20:33:25 -0700] "GET / HTTP/1.1" 200 3439 "http://yuvi.in" "Mozilla/4.0 (compatible; MSIE 6.0; Windows NT 5.1; .NET CLR 1.1.4313)"
178.63.51.142 - - [13/Mar/2012:20:33:26 -0700] "GET / HTTP/1.1" 200 3439 "http://yuvi.in/" "Mozilla/4.0 (compatible; MSIE 6.0; Windows NT 5.1; .NET CLR 1.1.4313)"
178.63.51.142 - - [13/Mar/2012:20:33:27 -0700] "GET / HTTP/1.1" 200 3439 "http://yuvi.in/" "Mozilla/4.0 (compatible; MSIE 6.0; Windows NT 5.1; .NET CLR 1.1.4313)"
117.201.45.57 - - [13/Mar/2012:20:35:16 -0700] "GET /r/2ols HTTP/1.1" 301 257 "http://www.facebook.com/" "Mozilla/5.0 (Windows NT 6.1; WOW64; rv:10.0.2) Gecko/20100101 Firefox/10.0.2"
117.201.45.57 - - [13/Mar/2012:20:35:16 -0700] "GET /s/ta/2ols/ HTTP/1.1" 302 469 "http://www.facebook.com/" "Mozilla/5.0 (Windows NT 6.1; WOW64; rv:10.0.2) Gecko/20100101 Firefox/10.0.2"
117.201.45.57 - - [13/Mar/2012:20:35:21 -0700] "-" 400 0 "-" "-"
117.193.163.18 - - [13/Mar/2012:20:35:51 -0700] "-" 400 0 "-" "-"
14.96.78.11 - - [13/Mar/2012:20:36:11 -0700] "-" 400 0 "-" "-"
14.96.78.11 - - [13/Mar/2012:20:36:11 -0700] "-" 400 0 "-" "-"
14.96.78.11 - - [13/Mar/2012:20:36:11 -0700] "-" 400 0 "-" "-"
14.96.78.11 - - [13/Mar/2012:20:36:11 -0700] "-" 400 0 "-" "-"
14.96.78.11 - - [13/Mar/2012:20:36:11 -0700] "-" 400 0 "-" "-"
78.46.72.56 - - [13/Mar/2012:20:36:36 -0700] "GET / HTTP/1.1" 200 3439 "-" "Mozilla/4.0 (compatible; MSIE 6.0; Windows NT 5.1; SV1; .NET CLR 2.0.50727)"
78.46.72.56 - - [13/Mar/2012:20:36:39 -0700] "GET / HTTP/1.1" 200 1430 "-" "Mozilla/4.0 (compatible; MSIE 6.0; Windows NT 5.1; SV1; .NET CLR 2.0.50727)"
78.46.72.56 - - [13/Mar/2012:20:36:40 -0700] "GET /blueprint/screen.css HTTP/1.1" 200 12058 "http://yuvi.in/" "Mozilla/4.0 (compatible; MSIE 6.0; Windows NT 5.1; SV1; .NET CLR 2.0.50727)"
78.46.72.56 - - [13/Mar/2012:20:36:40 -0700] "GET /blueprint/print.css HTTP/1.1" 200 1284 "http://yuvi.in/" "Mozilla/4.0 (compatible; MSIE 6.0; Windows NT 5.1; SV1; .NET CLR 2.0.50727)"
85.17.88.169 - - [13/Mar/2012:20:38:30 -0700] "POST /blog/wp-cron.php?doing_wp_cron=1331696207 HTTP/1.0" 499 0 "-" "WordPress/3.3.1; http://yuvi.in/blog"
189.0.94.87 - - [13/Mar/2012:20:38:33 -0700] "GET /blog/broke-nonexistent-law/ HTTP/1.1" 200 28530 "-" "Mozilla/5.0 (compatible; Googlebot/2.1; +http://www.google.com/bot.html)"
85.17.88.169 - - [13/Mar/2012:20:40:06 -0700] "POST /blog/wp-cron.php?doing_wp_cron=1331696303 HTTP/1.0" 499 0 "-" "WordPress/3.3.1; http://yuvi.in/blog"
87.173.113.57 - - [13/Mar/2012:20:40:07 -0700] "GET /blog/ HTTP/1.1" 200 33087 "-" "Mozilla/5.0 (compatible; Googlebot/2.1; +http://www.google.com/bot.html)"
115.241.44.122 - - [13/Mar/2012:20:42:22 -0700] "-" 400 0 "-" "-"
85.17.88.169 - - [13/Mar/2012:20:42:42 -0700] "POST /blog/wp-cron.php?doing_wp_cron=1331696459 HTTP/1.0" 499 0 "-" "WordPress/3.3.1; http://yuvi.in/blog"
180.76.6.21 - - [13/Mar/2012:20:42:43 -0700] "GET /blog/2010/04/20/ HTTP/1.1" 200 4659 "-" "Mozilla/5.0 (compatible; Baiduspider/2.0; +http://www.baidu.com/search/spider.html)"
101.63.192.14 - - [13/Mar/2012:20:48:18 -0700] "-" 400 0 "-" "-"
213.186.127.13 - - [13/Mar/2012:20:48:46 -0700] "GET /r/2gap HTTP/1.1" 301 257 "-" "Mozilla/5.0 (compatible; AhrefsBot/2.0; +http://ahrefs.com/robot/)"
101.63.192.14 - - [13/Mar/2012:20:50:28 -0700] "-" 400 0 "-" "-"
101.63.192.14 - - [13/Mar/2012:20:51:28 -0700] "-" 400 0 "-" "-"
85.17.88.169 - - [13/Mar/2012:20:51:53 -0700] "POST /blog/wp-cron.php?doing_wp_cron=1331697010 HTTP/1.0" 499 0 "-" "WordPress/3.3.1; http://yuvi.in/blog"
209.85.238.115 - - [13/Mar/2012:20:51:53 -0700] "GET /blog/feed HTTP/1.1" 301 0 "-" "Feedfetcher-Google; (+http://www.google.com/feedfetcher.html; 3 subscribers; feed-id=17684830852112633560)"
85.17.88.169 - - [13/Mar/2012:20:51:55 -0700] "POST /blog/wp-cron.php?doing_wp_cron=1331697012 HTTP/1.0" 499 0 "-" "WordPress/3.3.1; http://yuvi.in/blog"
209.85.238.115 - - [13/Mar/2012:20:51:55 -0700] "GET /blog/feed/ HTTP/1.1" 304 0 "-" "Feedfetcher-Google; (+http://www.google.com/feedfetcher.html; 3 subscribers; feed-id=17684830852112633560)"
74.125.126.84 - - [13/Mar/2012:20:52:22 -0700] "GET /favicon.ico HTTP/1.1" 404 211 "-" "-"
101.63.192.14 - - [13/Mar/2012:20:53:18 -0700] "-" 400 0 "-" "-"
85.17.88.169 - - [13/Mar/2012:20:53:46 -0700] "POST /blog/wp-cron.php?doing_wp_cron=1331697123 HTTP/1.0" 499 0 "-" "WordPress/3.3.1; http://yuvi.in/blog"
209.85.224.87 - - [13/Mar/2012:20:53:47 -0700] "GET /blog/feed HTTP/1.1" 304 0 "-" "FeedBurner/1.0 (http://www.FeedBurner.com)"
85.17.88.169 - - [13/Mar/2012:20:53:54 -0700] "POST /blog/wp-cron.php?doing_wp_cron=1331697131 HTTP/1.0" 499 0 "-" "WordPress/3.3.1; http://yuvi.in/blog"
66.249.67.123 - - [13/Mar/2012:20:53:55 -0700] "GET /blog/tag/atleast-not-yet/ HTTP/1.1" 200 3888 "-" "Mozilla/5.0 (compatible; Googlebot/2.1; +http://www.google.com/bot.html)"
207.46.204.168 - - [13/Mar/2012:20:55:18 -0700] "-" 400 0 "-" "-"
207.46.204.168 - - [13/Mar/2012:20:55:20 -0700] "-" 400 0 "-" "-"
207.46.204.168 - - [13/Mar/2012:20:55:21 -0700] "-" 400 0 "-" "-"
207.46.204.168 - - [13/Mar/2012:20:55:21 -0700] "-" 400 0 "-" "-"
207.46.204.168 - - [13/Mar/2012:20:55:21 -0700] "-" 400 0 "-" "-"
207.46.204.168 - - [13/Mar/2012:20:55:22 -0700] "-" 400 0 "-" "-"
207.46.204.168 - - [13/Mar/2012:20:55:22 -0700] "-" 400 0 "-" "-"
207.46.204.168 - - [13/Mar/2012:20:55:23 -0700] "-" 400 0 "-" "-"
207.46.204.168 - - [13/Mar/2012:20:55:23 -0700] "-" 400 0 "-" "-"
207.46.204.168 - - [13/Mar/2012:20:55:23 -0700] "-" 400 0 "-" "-"
207.46.204.168 - - [13/Mar/2012:20:55:45 -0700] "-" 400 0 "-" "-"
8.28.16.254 - - [13/Mar/2012:20:57:16 -0700] "GET /r/1g72 HTTP/1.1" 301 257 "-" "Mozilla/4.0 (compatible; MSIE 7.0; Windows NT 5.1; InfoPath.1; .NET CLR 2.0.50727; .NET CLR 1.1.4322; MS-RTC LM 8; .NET CLR 3.0.4506.2152; .NET CLR 3.5.30729)"
8.28.16.254 - - [13/Mar/2012:20:57:16 -0700] "GET /s/ta/1g72/ HTTP/1.1" 302 385 "-" "Mozilla/4.0 (compatible; MSIE 7.0; Windows NT 5.1; InfoPath.1; .NET CLR 2.0.50727; .NET CLR 1.1.4322; MS-RTC LM 8; .NET CLR 3.0.4506.2152; .NET CLR 3.5.30729)"
193.188.161.206 - - [13/Mar/2012:20:57:17 -0700] "GET /r/1g72 HTTP/1.1" 301 257 "http://ta.wikipedia.org/wiki/%E0%AE%AA%E0%AE%9F%E0%AE%BF%E0%AE%AE%E0%AE%AE%E0%AF%8D:RainWaterHarvesting.jpg" "Mozilla/4.0 (compatible; MSIE 8.0; Windows NT 6.1; Trident/4.0; SLCC2; .NET CLR 2.0.50727; .NET CLR 3.5.30729; .NET CLR 3.0.30729; Media Center PC 6.0; .NET4.0C; InfoPath.3)"
8.28.16.254 - - [13/Mar/2012:20:57:18 -0700] "GET /s/ta/1g72 HTTP/1.1" 301 257 "-" "Mozilla/4.0 (compatible; MSIE 7.0; Windows NT 5.1; InfoPath.1; .NET CLR 2.0.50727; .NET CLR 1.1.4322; MS-RTC LM 8; .NET CLR 3.0.4506.2152; .NET CLR 3.5.30729)"
8.28.16.254 - - [13/Mar/2012:20:57:18 -0700] "GET /s/ta/1g72/ HTTP/1.1" 302 385 "-" "Mozilla/4.0 (compatible; MSIE 7.0; Windows NT 5.1; InfoPath.1; .NET CLR 2.0.50727; .NET CLR 1.1.4322; MS-RTC LM 8; .NET CLR 3.0.4506.2152; .NET CLR 3.5.30729)"
193.188.161.206 - - [13/Mar/2012:20:57:19 -0700] "GET /s/ta/1g72/ HTTP/1.1" 302 385 "http://ta.wikipedia.org/wiki/%E0%AE%AA%E0%AE%9F%E0%AE%BF%E0%AE%AE%E0%AE%AE%E0%AF%8D:RainWaterHarvesting.jpg" "Mozilla/4.0 (compatible; MSIE 8.0; Windows NT 6.1; Trident/4.0; SLCC2; .NET CLR 2.0.50727; .NET CLR 3.5.30729; .NET CLR 3.0.30729; Media Center PC 6.0; .NET4.0C; InfoPath.3)"
8.21.4.254 - - [13/Mar/2012:21:00:45 -0700] "GET /s/ta HTTP/1.1" 404 238 "-" "Mozilla/4.0 (compatible; MSIE 7.0; Windows NT 5.1; InfoPath.1; .NET CLR 2.0.50727; .NET CLR 1.1.4322; MS-RTC LM 8; .NET CLR 3.0.4506.2152; .NET CLR 3.5.30729)"
61.245.165.21 - - [13/Mar/2012:21:00:45 -0700] "GET /s/ta/23z/ HTTP/1.1" 302 397 "-" "Mozilla/5.0 (iPhone; CPU iPhone OS 5_0_1 like Mac OS X) AppleWebKit/534.46 (KHTML, like Gecko) Mobile/9A405"
157.55.16.230 - - [13/Mar/2012:21:00:47 -0700] "GET /robots.txt HTTP/1.1" 404 169 "-" "Mozilla/5.0 (compatible; bingbot/2.0; +http://www.bing.com/bingbot.htm)"
208.115.113.84 - - [13/Mar/2012:21:01:15 -0700] "GET /robots.txt HTTP/1.1" 404 169 "-" "Mozilla/5.0 (compatible; Ezooms/1.0; ezooms.bot@gmail.com)"
85.17.88.169 - - [13/Mar/2012:21:02:08 -0700] "POST /blog/wp-cron.php?doing_wp_cron=1331697625 HTTP/1.0" 499 0 "-" "WordPress/3.3.1; http://yuvi.in/blog"
100.43.83.144 - - [13/Mar/2012:21:02:09 -0700] "GET /blog/2011/05/ HTTP/1.1" 200 8920 "-" "Mozilla/5.0 (compatible; YandexBot/3.0; +http://yandex.com/bots)"
208.115.111.68 - - [13/Mar/2012:21:02:43 -0700] "GET /robots.txt HTTP/1.1" 404 169 "-" "Mozilla/5.0 (compatible; Ezooms/1.0; ezooms.bot@gmail.com)"
85.17.88.169 - - [13/Mar/2012:21:05:21 -0700] "POST /blog/wp-cron.php?doing_wp_cron=1331697818 HTTP/1.0" 499 0 "-" "WordPress/3.3.1; http://yuvi.in/blog"
209.85.238.115 - - [13/Mar/2012:21:05:22 -0700] "GET /blog/feed/ HTTP/1.1" 304 0 "-" "Feedfetcher-Google; (+http://www.google.com/feedfetcher.html; 19 subscribers; feed-id=15064232456473204253)"
74.125.126.80 - - [13/Mar/2012:21:05:28 -0700] "GET /favicon.ico HTTP/1.1" 404 142 "-" "-"
122.174.20.246 - - [13/Mar/2012:21:10:20 -0700] "-" 400 0 "-" "-"
207.46.12.76 - - [13/Mar/2012:21:10:30 -0700] "-" 400 0 "-" "-"
207.46.12.76 - - [13/Mar/2012:21:10:31 -0700] "-" 400 0 "-" "-"
207.46.12.76 - - [13/Mar/2012:21:10:32 -0700] "-" 400 0 "-" "-"
207.46.12.76 - - [13/Mar/2012:21:10:32 -0700] "-" 400 0 "-" "-"
207.46.12.76 - - [13/Mar/2012:21:10:32 -0700] "-" 400 0 "-" "-"
207.46.12.76 - - [13/Mar/2012:21:10:33 -0700] "-" 400 0 "-" "-"
207.46.12.76 - - [13/Mar/2012:21:10:33 -0700] "-" 400 0 "-" "-"
207.46.12.76 - - [13/Mar/2012:21:10:33 -0700] "-" 400 0 "-" "-"
207.46.12.76 - - [13/Mar/2012:21:10:33 -0700] "-" 400 0 "-" "-"
207.46.12.76 - - [13/Mar/2012:21:10:34 -0700] "-" 400 0 "-" "-"
207.46.12.76 - - [13/Mar/2012:21:11:26 -0700] "-" 400 0 "-" "-"
122.174.12.188 - - [13/Mar/2012:21:11:52 -0700] "-" 400 0 "-" "-"
122.174.12.188 - - [13/Mar/2012:21:11:52 -0700] "-" 400 0 "-" "-"
122.174.12.188 - - [13/Mar/2012:21:11:52 -0700] "-" 400 0 "-" "-"
122.174.12.188 - - [13/Mar/2012:21:11:52 -0700] "-" 400 0 "-" "-"
122.174.12.188 - - [13/Mar/2012:21:11:52 -0700] "-" 400 0 "-" "-"
85.17.88.169 - - [13/Mar/2012:21:13:45 -0700] "POST /blog/wp-cron.php?doing_wp_cron=1331698322 HTTP/1.0" 499 0 "-" "WordPress/3.3.1; http://yuvi.in/blog"
208.115.113.84 - - [13/Mar/2012:21:13:46 -0700] "GET /blog/program/feed/ HTTP/1.1" 200 8307 "-" "Mozilla/5.0 (compatible; Ezooms/1.0; ezooms.bot@gmail.com)"
208.115.111.68 - - [13/Mar/2012:21:17:12 -0700] "GET /blog/more-effects-for-cheese.html HTTP/1.1" 200 5775 "-" "Mozilla/5.0 (compatible; Ezooms/1.0; ezooms.bot@gmail.com)"
207.46.204.163 - - [13/Mar/2012:21:17:56 -0700] "-" 400 0 "-" "-"
157.55.112.205 - - [13/Mar/2012:21:17:57 -0700] "-" 400 0 "-" "-"
157.55.112.205 - - [13/Mar/2012:21:17:58 -0700] "-" 400 0 "-" "-"
157.55.112.205 - - [13/Mar/2012:21:17:58 -0700] "-" 400 0 "-" "-"
207.46.204.163 - - [13/Mar/2012:21:17:58 -0700] "-" 400 0 "-" "-"
157.55.112.205 - - [13/Mar/2012:21:17:58 -0700] "-" 400 0 "-" "-"
207.46.204.163 - - [13/Mar/2012:21:17:58 -0700] "-" 400 0 "-" "-"
207.46.204.163 - - [13/Mar/2012:21:17:59 -0700] "-" 400 0 "-" "-"
207.46.204.163 - - [13/Mar/2012:21:17:59 -0700] "-" 400 0 "-" "-"
207.46.204.163 - - [13/Mar/2012:21:17:59 -0700] "-" 400 0 "-" "-"
157.55.112.205 - - [13/Mar/2012:21:17:59 -0700] "-" 400 0 "-" "-"
207.46.204.163 - - [13/Mar/2012:21:17:59 -0700] "-" 400 0 "-" "-"
207.46.204.163 - - [13/Mar/2012:21:18:00 -0700] "-" 400 0 "-" "-"
207.46.204.163 - - [13/Mar/2012:21:18:00 -0700] "-" 400 0 "-" "-"
207.46.204.163 - - [13/Mar/2012:21:18:00 -0700] "-" 400 0 "-" "-"
157.55.112.205 - - [13/Mar/2012:21:18:00 -0700] "-" 400 0 "-" "-"
157.55.112.205 - - [13/Mar/2012:21:18:01 -0700] "-" 400 0 "-" "-"
157.55.112.205 - - [13/Mar/2012:21:18:02 -0700] "-" 400 0 "-" "-"
157.55.112.205 - - [13/Mar/2012:21:18:03 -0700] "-" 400 0 "-" "-"
157.55.112.205 - - [13/Mar/2012:21:18:04 -0700] "-" 400 0 "-" "-"
88.131.106.6 - - [13/Mar/2012:21:18:33 -0700] "GET /robots.txt HTTP/1.0" 404 169 "-" "Mozilla/5.0 (Windows; U; Windows NT 5.1; en-US) Speedy Spider (http://www.entireweb.com/about/search_tech/speedy_spider/)"
88.131.106.3 - - [13/Mar/2012:21:18:35 -0700] "GET /blog HTTP/1.0" 301 178 "-" "Mozilla/5.0 (Windows; U; Windows NT 5.1; en-US) Speedy Spider (http://www.entireweb.com/about/search_tech/speedy_spider/)"
207.46.204.163 - - [13/Mar/2012:21:18:38 -0700] "-" 400 0 "-" "-"
85.17.88.169 - - [13/Mar/2012:21:18:45 -0700] "POST /blog/wp-cron.php?doing_wp_cron=1331698622 HTTP/1.0" 499 0 "-" "WordPress/3.3.1; http://yuvi.in/blog"
88.131.106.3 - - [13/Mar/2012:21:18:47 -0700] "GET /blog/ HTTP/1.0" 200 33019 "-" "Mozilla/5.0 (Windows; U; Windows NT 5.1; en-US) Speedy Spider (http://www.entireweb.com/about/search_tech/speedy_spider/)"
117.202.91.254 - - [13/Mar/2012:21:19:08 -0700] "-" 400 0 "-" "-"
117.202.91.254 - - [13/Mar/2012:21:19:12 -0700] "-" 400 0 "-" "-"
117.202.91.254 - - [13/Mar/2012:21:19:12 -0700] "-" 400 0 "-" "-"
117.202.91.254 - - [13/Mar/2012:21:19:12 -0700] "-" 400 0 "-" "-"
117.202.91.254 - - [13/Mar/2012:21:19:12 -0700] "-" 400 0 "-" "-"
117.202.91.254 - - [13/Mar/2012:21:19:13 -0700] "-" 400 0 "-" "-"
209.85.224.94 - - [13/Mar/2012:21:20:24 -0700] "GET /stories/feed HTTP/1.1" 200 13653 "-" "FeedBurner/1.0 (http://www.FeedBurner.com)"
72.30.142.219 - - [13/Mar/2012:21:20:47 -0700] "GET /blog HTTP/1.0" 301 178 "-" "Mozilla/5.0 (compatible; Yahoo! Slurp; http://help.yahoo.com/help/us/ysearch/slurp)"
85.17.88.169 - - [13/Mar/2012:21:20:50 -0700] "POST /blog/wp-cron.php?doing_wp_cron=1331698747 HTTP/1.0" 499 0 "-" "WordPress/3.3.1; http://yuvi.in/blog"
72.30.142.219 - - [13/Mar/2012:21:20:51 -0700] "GET /blog/ HTTP/1.0" 200 33019 "-" "Mozilla/5.0 (compatible; Yahoo! Slurp; http://help.yahoo.com/help/us/ysearch/slurp)"
72.30.142.219 - - [13/Mar/2012:21:20:53 -0700] "GET /blog/wp-content/themes/cleanr/style.css HTTP/1.0" 304 0 "http://yuvi.in/blog/" "Mozilla/5.0 (compatible; Yahoo! Slurp; http://help.yahoo.com/help/us/ysearch/slurp)"
72.30.142.219 - - [13/Mar/2012:21:20:56 -0700] "GET /blog/wp-content/themes/cleanr/css/reset.css HTTP/1.0" 304 0 "http://yuvi.in/blog/wp-content/themes/cleanr/style.css" "Mozilla/5.0 (compatible; Yahoo! Slurp; http://help.yahoo.com/help/us/ysearch/slurp)"
72.30.142.219 - - [13/Mar/2012:21:20:56 -0700] "GET /blog/wp-content/themes/cleanr/css/960.css HTTP/1.0" 304 0 "http://yuvi.in/blog/wp-content/themes/cleanr/style.css" "Mozilla/5.0 (compatible; Yahoo! Slurp; http://help.yahoo.com/help/us/ysearch/slurp)"
72.30.142.219 - - [13/Mar/2012:21:20:56 -0700] "GET /blog/wp-content/themes/cleanr/css/text.css HTTP/1.0" 304 0 "http://yuvi.in/blog/wp-content/themes/cleanr/style.css" "Mozilla/5.0 (compatible; Yahoo! Slurp; http://help.yahoo.com/help/us/ysearch/slurp)"
85.17.88.169 - - [13/Mar/2012:21:22:14 -0700] "POST /blog/wp-cron.php?doing_wp_cron=1331698831 HTTP/1.0" 499 0 "-" "WordPress/3.3.1; http://yuvi.in/blog"
180.76.5.179 - - [13/Mar/2012:21:22:15 -0700] "GET /blog/2010/12/23/ HTTP/1.1" 200 4123 "-" "Mozilla/5.0 (compatible; Baiduspider/2.0; +http://www.baidu.com/search/spider.html)"
66.220.147.249 - - [13/Mar/2012:21:22:38 -0700] "GET /r/zqi HTTP/1.1" 301 255 "-" "facebookexternalhit/1.1 (+http://www.facebook.com/externalhit_uatext.php)"
66.220.147.249 - - [13/Mar/2012:21:22:39 -0700] "GET /s/ta/zqi/ HTTP/1.1" 302 401 "-" "facebookexternalhit/1.1 (+http://www.facebook.com/externalhit_uatext.php)"
117.202.91.254 - - [13/Mar/2012:21:23:35 -0700] "-" 400 0 "-" "-"
117.202.91.254 - - [13/Mar/2012:21:23:43 -0700] "-" 400 0 "-" "-"
85.17.88.169 - - [13/Mar/2012:21:23:53 -0700] "POST /blog/wp-cron.php?doing_wp_cron=1331698930 HTTP/1.0" 499 0 "-" "WordPress/3.3.1; http://yuvi.in/blog"
209.85.224.97 - - [13/Mar/2012:21:23:54 -0700] "GET /blog/feed HTTP/1.1" 304 0 "-" "FeedBurner/1.0 (http://www.FeedBurner.com)"
193.164.138.85 - - [13/Mar/2012:21:26:45 -0700] "GET /blog/pycon-india-2009.html HTTP/1.1" 200 8963 "-" "Zemanta Aggregator/0.7 +http://www.zemanta.com"
69.171.229.244 - - [13/Mar/2012:21:29:12 -0700] "GET /r/1hea HTTP/1.1" 301 257 "-" "facebookexternalhit/1.1 (+http://www.facebook.com/externalhit_uatext.php)"
69.171.229.246 - - [13/Mar/2012:21:29:12 -0700] "GET /s/ta/1hea/ HTTP/1.1" 302 437 "-" "facebookexternalhit/1.1 (+http://www.facebook.com/externalhit_uatext.php)"
14.96.235.123 - - [13/Mar/2012:21:29:16 -0700] "-" 400 0 "-" "-"
85.17.88.169 - - [13/Mar/2012:21:29:48 -0700] "POST /blog/wp-cron.php?doing_wp_cron=1331699285 HTTP/1.0" 499 0 "-" "WordPress/3.3.1; http://yuvi.in/blog"
157.55.16.230 - - [13/Mar/2012:21:29:49 -0700] "GET /blog/2010-the-beginning-the-bicycle-ride-and-external-dependencies/ HTTP/1.1" 200 4970 "-" "Mozilla/5.0 (compatible; bingbot/2.0; +http://www.bing.com/bingbot.htm)"
69.171.229.244 - - [13/Mar/2012:21:29:58 -0700] "GET /r/2x9l HTTP/1.1" 301 257 "-" "facebookexternalhit/1.1 (+http://www.facebook.com/externalhit_uatext.php)"
69.171.229.250 - - [13/Mar/2012:21:29:58 -0700] "GET /s/ta/2x9l/ HTTP/1.1" 302 583 "-" "facebookexternalhit/1.1 (+http://www.facebook.com/externalhit_uatext.php)"
117.202.180.158 - - [13/Mar/2012:21:31:40 -0700] "-" 400 0 "-" "-"
117.202.180.158 - - [13/Mar/2012:21:32:50 -0700] "-" 400 0 "-" "-"
117.202.180.158 - - [13/Mar/2012:21:33:10 -0700] "-" 400 0 "-" "-"
117.202.91.254 - - [13/Mar/2012:21:33:23 -0700] "-" 400 0 "-" "-"
117.202.91.254 - - [13/Mar/2012:21:33:23 -0700] "-" 400 0 "-" "-"
117.202.91.254 - - [13/Mar/2012:21:33:23 -0700] "-" 400 0 "-" "-"
117.202.91.254 - - [13/Mar/2012:21:33:24 -0700] "-" 400 0 "-" "-"
117.202.91.254 - - [13/Mar/2012:21:33:24 -0700] "-" 400 0 "-" "-"
117.202.91.254 - - [13/Mar/2012:21:33:24 -0700] "-" 400 0 "-" "-"
117.202.91.254 - - [13/Mar/2012:21:33:40 -0700] "-" 400 0 "-" "-"
117.202.91.254 - - [13/Mar/2012:21:33:40 -0700] "-" 400 0 "-" "-"
117.202.91.254 - - [13/Mar/2012:21:33:40 -0700] "-" 400 0 "-" "-"
117.202.91.254 - - [13/Mar/2012:21:33:40 -0700] "-" 400 0 "-" "-"
117.202.91.254 - - [13/Mar/2012:21:33:40 -0700] "-" 400 0 "-" "-"
117.202.91.254 - - [13/Mar/2012:21:33:40 -0700] "-" 400 0 "-" "-"
74.125.126.102 - - [13/Mar/2012:21:36:36 -0700] "GET /favicon.ico HTTP/1.1" 404 142 "-" "-"
207.46.204.219 - - [13/Mar/2012:21:38:28 -0700] "-" 400 0 "-" "-"
207.46.204.219 - - [13/Mar/2012:21:38:29 -0700] "-" 400 0 "-" "-"
207.46.204.219 - - [13/Mar/2012:21:38:30 -0700] "-" 400 0 "-" "-"
207.46.204.219 - - [13/Mar/2012:21:38:30 -0700] "-" 400 0 "-" "-"
207.46.204.219 - - [13/Mar/2012:21:38:30 -0700] "-" 400 0 "-" "-"
207.46.204.219 - - [13/Mar/2012:21:38:30 -0700] "-" 400 0 "-" "-"
207.46.204.219 - - [13/Mar/2012:21:38:31 -0700] "-" 400 0 "-" "-"
207.46.204.219 - - [13/Mar/2012:21:38:31 -0700] "-" 400 0 "-" "-"
207.46.204.219 - - [13/Mar/2012:21:38:31 -0700] "-" 400 0 "-" "-"
207.46.204.219 - - [13/Mar/2012:21:38:31 -0700] "-" 400 0 "-" "-"
85.17.88.169 - - [13/Mar/2012:21:40:57 -0700] "POST /blog/wp-cron.php?doing_wp_cron=1331699953 HTTP/1.0" 499 0 "-" "WordPress/3.3.1; http://yuvi.in/blog"
109.230.245.43 - - [13/Mar/2012:21:40:58 -0700] "GET /blog/ HTTP/1.0" 200 33142 "http://yuvi.in/blog/" "Opera/7.11 (Windows NT 5.1; U) [en]"
202.46.23.54 - - [13/Mar/2012:21:44:20 -0700] "-" 400 0 "-" "-"
202.46.23.54 - - [13/Mar/2012:21:44:20 -0700] "-" 400 0 "-" "-"
202.46.23.54 - - [13/Mar/2012:21:44:20 -0700] "-" 400 0 "-" "-"
202.46.23.54 - - [13/Mar/2012:21:44:20 -0700] "-" 400 0 "-" "-"
202.46.23.54 - - [13/Mar/2012:21:44:20 -0700] "-" 400 0 "-" "-"
202.46.23.54 - - [13/Mar/2012:21:44:20 -0700] "-" 400 0 "-" "-"
202.46.23.54 - - [13/Mar/2012:21:44:20 -0700] "-" 400 0 "-" "-"
202.46.23.54 - - [13/Mar/2012:21:44:20 -0700] "-" 400 0 "-" "-"
202.46.23.54 - - [13/Mar/2012:21:44:20 -0700] "-" 400 0 "-" "-"
202.46.23.54 - - [13/Mar/2012:21:44:20 -0700] "-" 400 0 "-" "-"
202.46.23.54 - - [13/Mar/2012:21:44:21 -0700] "-" 400 0 "-" "-"
122.167.226.14 - - [13/Mar/2012:21:44:27 -0700] "GET /r/46s HTTP/1.1" 301 255 "http://ta.wikipedia.org/wiki/%E0%AE%AA%E0%AE%95%E0%AE%B5%E0%AE%A4%E0%AF%8D_%E0%AE%95%E0%AF%80%E0%AE%A4%E0%AF%88" "Mozilla/5.0 (Windows NT 6.1) AppleWebKit/535.19 (KHTML, like Gecko) Chrome/18.0.1025.56 Safari/535.19"
122.167.226.14 - - [13/Mar/2012:21:44:28 -0700] "GET /s/ta/46s/ HTTP/1.1" 302 377 "http://ta.wikipedia.org/wiki/%E0%AE%AA%E0%AE%95%E0%AE%B5%E0%AE%A4%E0%AF%8D_%E0%AE%95%E0%AF%80%E0%AE%A4%E0%AF%88" "Mozilla/5.0 (Windows NT 6.1) AppleWebKit/535.19 (KHTML, like Gecko) Chrome/18.0.1025.56 Safari/535.19"
122.167.226.14 - - [13/Mar/2012:21:44:38 -0700] "-" 400 0 "-" "-"
202.46.23.54 - - [13/Mar/2012:21:44:49 -0700] "-" 400 0 "-" "-"
202.46.23.54 - - [13/Mar/2012:21:44:49 -0700] "-" 400 0 "-" "-"
202.46.23.54 - - [13/Mar/2012:21:44:49 -0700] "-" 400 0 "-" "-"
202.46.23.54 - - [13/Mar/2012:21:44:49 -0700] "-" 400 0 "-" "-"
202.46.23.54 - - [13/Mar/2012:21:44:49 -0700] "-" 400 0 "-" "-"
202.46.23.54 - - [13/Mar/2012:21:44:49 -0700] "-" 400 0 "-" "-"
202.46.23.54 - - [13/Mar/2012:21:44:49 -0700] "-" 400 0 "-" "-"
202.46.23.54 - - [13/Mar/2012:21:44:49 -0700] "-" 400 0 "-" "-"
202.46.23.54 - - [13/Mar/2012:21:44:49 -0700] "-" 400 0 "-" "-"
202.46.23.54 - - [13/Mar/2012:21:44:49 -0700] "-" 400 0 "-" "-"
202.46.23.54 - - [13/Mar/2012:21:44:49 -0700] "-" 400 0 "-" "-"
202.46.23.54 - - [13/Mar/2012:21:44:49 -0700] "-" 400 0 "-" "-"
202.46.23.54 - - [13/Mar/2012:21:44:49 -0700] "-" 400 0 "-" "-"
202.46.23.54 - - [13/Mar/2012:21:44:49 -0700] "-" 400 0 "-" "-"
223.190.171.254 - - [13/Mar/2012:21:47:21 -0700] "GET / HTTP/1.1" 200 1430 "-" "Mozilla/5.0 (iPhone; U; CPU iPhone OS 4_3_3 like Mac OS X; en-us) AppleWebKit/533.17.9 (KHTML, like Gecko) Version/5.0.2 Mobile/8J2 Safari/6533.18.5"
223.190.171.254 - - [13/Mar/2012:21:47:22 -0700] "GET /blueprint/print.css HTTP/1.1" 200 1284 "http://yuvi.in/" "Mozilla/5.0 (iPhone; U; CPU iPhone OS 4_3_3 like Mac OS X; en-us) AppleWebKit/533.17.9 (KHTML, like Gecko) Version/5.0.2 Mobile/8J2 Safari/6533.18.5"
223.190.171.254 - - [13/Mar/2012:21:47:22 -0700] "GET /blueprint/screen.css HTTP/1.1" 200 12058 "http://yuvi.in/" "Mozilla/5.0 (iPhone; U; CPU iPhone OS 4_3_3 like Mac OS X; en-us) AppleWebKit/533.17.9 (KHTML, like Gecko) Version/5.0.2 Mobile/8J2 Safari/6533.18.5"
223.190.171.254 - - [13/Mar/2012:21:47:25 -0700] "GET /header.png HTTP/1.1" 200 14249 "http://yuvi.in/" "Mozilla/5.0 (iPhone; U; CPU iPhone OS 4_3_3 like Mac OS X; en-us) AppleWebKit/533.17.9 (KHTML, like Gecko) Version/5.0.2 Mobile/8J2 Safari/6533.18.5"
117.202.180.158 - - [13/Mar/2012:21:48:09 -0700] "-" 400 0 "-" "-"
117.202.180.158 - - [13/Mar/2012:21:48:09 -0700] "-" 400 0 "-" "-"
117.202.180.158 - - [13/Mar/2012:21:48:09 -0700] "-" 400 0 "-" "-"
117.202.180.158 - - [13/Mar/2012:21:48:09 -0700] "-" 400 0 "-" "-"
117.202.180.158 - - [13/Mar/2012:21:48:09 -0700] "-" 400 0 "-" "-"
85.17.88.169 - - [13/Mar/2012:21:49:24 -0700] "POST /blog/wp-cron.php?doing_wp_cron=1331700461 HTTP/1.0" 499 0 "-" "WordPress/3.3.1; http://yuvi.in/blog"
66.249.67.123 - - [13/Mar/2012:21:49:25 -0700] "GET /blog/college-drop/ HTTP/1.1" 200 4914 "-" "Mozilla/5.0 (compatible; Googlebot/2.1; +http://www.google.com/bot.html)"
122.178.16.111 - - [13/Mar/2012:21:52:34 -0700] "-" 400 0 "-" "-"
122.178.16.111 - - [13/Mar/2012:21:52:44 -0700] "-" 400 0 "-" "-"
141.0.9.73 - - [13/Mar/2012:21:52:55 -0700] "-" 400 0 "-" "-"
141.0.9.73 - - [13/Mar/2012:21:52:55 -0700] "-" 400 0 "-" "-"
115.241.25.92 - - [13/Mar/2012:21:53:08 -0700] "-" 400 0 "-" "-"
115.241.25.92 - - [13/Mar/2012:21:53:08 -0700] "-" 400 0 "-" "-"
115.241.25.92 - - [13/Mar/2012:21:53:08 -0700] "-" 400 0 "-" "-"
115.241.25.92 - - [13/Mar/2012:21:53:08 -0700] "-" 400 0 "-" "-"
115.241.25.92 - - [13/Mar/2012:21:53:08 -0700] "-" 400 0 "-" "-"
85.17.88.169 - - [13/Mar/2012:21:53:56 -0700] "POST /blog/wp-cron.php?doing_wp_cron=1331700733 HTTP/1.0" 499 0 "-" "WordPress/3.3.1; http://yuvi.in/blog"
201.30.177.130 - - [13/Mar/2012:21:53:58 -0700] "GET /blog/page/2/ HTTP/1.0" 200 76180 "-" "Mozilla/5.0 (compatible; Googlebot/2.1; +http://www.google.com/bot.html)"
85.17.88.169 - - [13/Mar/2012:21:54:01 -0700] "POST /blog/wp-cron.php?doing_wp_cron=1331700738 HTTP/1.0" 499 0 "-" "WordPress/3.3.1; http://yuvi.in/blog"
209.85.224.80 - - [13/Mar/2012:21:54:02 -0700] "GET /blog/feed HTTP/1.1" 304 0 "-" "FeedBurner/1.0 (http://www.FeedBurner.com)"
85.17.88.169 - - [13/Mar/2012:21:54:12 -0700] "POST /blog/wp-cron.php?doing_wp_cron=1331700749 HTTP/1.0" 499 0 "-" "WordPress/3.3.1; http://yuvi.in/blog"
117.228.81.150 - - [13/Mar/2012:21:54:12 -0700] "GET /blog/3-reasons-people-join-it-companies/ HTTP/1.1" 200 5065 "http://www.google.co.in/url?sa=t&rct=j&q=why%20to%20join%20it%20company&source=web&cd=6&sqi=2&ved=0CFoQFjAF&url=http%3A%2F%2Fyuvi.in%2Fblog%2F3-reasons-people-join-it-companies%2F&ei=zyNgT7ztA4SQiAeKkOzZBw&usg=AFQjCNFsui76oW1e-bnBZNPoKulKWHmPwg" "Mozilla/5.0 (Windows NT 6.1) AppleWebKit/535.11 (KHTML, like Gecko) Chrome/17.0.963.79 Safari/535.11"
117.228.81.150 - - [13/Mar/2012:21:54:14 -0700] "GET /blog/wp-content/themes/cleanr/style.css HTTP/1.1" 200 10508 "http://yuvi.in/blog/3-reasons-people-join-it-companies/" "Mozilla/5.0 (Windows NT 6.1) AppleWebKit/535.11 (KHTML, like Gecko) Chrome/17.0.963.79 Safari/535.11"
117.228.81.150 - - [13/Mar/2012:21:54:15 -0700] "GET /blog/wp-content/themes/cleanr/js/jquery.dropdown.js?ver=3.3.1 HTTP/1.1" 200 535 "http://yuvi.in/blog/3-reasons-people-join-it-companies/" "Mozilla/5.0 (Windows NT 6.1) AppleWebKit/535.11 (KHTML, like Gecko) Chrome/17.0.963.79 Safari/535.11"
117.228.81.150 - - [13/Mar/2012:21:54:21 -0700] "GET /blog/wp-content/themes/cleanr/css/reset.css HTTP/1.1" 200 648 "http://yuvi.in/blog/3-reasons-people-join-it-companies/" "Mozilla/5.0 (Windows NT 6.1) AppleWebKit/535.11 (KHTML, like Gecko) Chrome/17.0.963.79 Safari/535.11"
117.228.81.150 - - [13/Mar/2012:21:54:21 -0700] "GET /blog/wp-content/themes/cleanr/css/text.css HTTP/1.1" 200 420 "http://yuvi.in/blog/3-reasons-people-join-it-companies/" "Mozilla/5.0 (Windows NT 6.1) AppleWebKit/535.11 (KHTML, like Gecko) Chrome/17.0.963.79 Safari/535.11"
117.228.81.150 - - [13/Mar/2012:21:54:22 -0700] "GET /blog/wp-content/themes/cleanr/css/960.css HTTP/1.1" 200 3628 "http://yuvi.in/blog/3-reasons-people-join-it-companies/" "Mozilla/5.0 (Windows NT 6.1) AppleWebKit/535.11 (KHTML, like Gecko) Chrome/17.0.963.79 Safari/535.11"
117.228.81.150 - - [13/Mar/2012:21:54:57 -0700] "GET /blog/wp-includes/js/jquery/jquery.js?ver=1.7.1 HTTP/1.1" 200 93889 "http://yuvi.in/blog/3-reasons-people-join-it-companies/" "Mozilla/5.0 (Windows NT 6.1) AppleWebKit/535.11 (KHTML, like Gecko) Chrome/17.0.963.79 Safari/535.11"
117.228.81.150 - - [13/Mar/2012:21:55:01 -0700] "GET /blog/wp-content/themes/cleanr/images/search_magnifier.gif HTTP/1.1" 200 394 "http://yuvi.in/blog/3-reasons-people-join-it-companies/" "Mozilla/5.0 (Windows NT 6.1) AppleWebKit/535.11 (KHTML, like Gecko) Chrome/17.0.963.79 Safari/535.11"
85.17.88.169 - - [13/Mar/2012:21:55:02 -0700] "POST /blog/wp-cron.php?doing_wp_cron=1331700799 HTTP/1.0" 499 0 "-" "WordPress/3.3.1; http://yuvi.in/blog"
101.226.33.182 - - [13/Mar/2012:21:55:03 -0700] "GET /blog/feed HTTP/1.0" 304 0 "-" "Mozilla/4.0 (compatible; Windows;)"
117.228.81.150 - - [13/Mar/2012:21:55:06 -0700] "GET /favicon.ico HTTP/1.1" 404 199 "-" "Mozilla/5.0 (Windows NT 6.1) AppleWebKit/535.11 (KHTML, like Gecko) Chrome/17.0.963.79 Safari/535.11"
85.17.88.169 - - [13/Mar/2012:21:55:20 -0700] "POST /blog/wp-cron.php?doing_wp_cron=1331700816 HTTP/1.0" 499 0 "-" "WordPress/3.3.1; http://yuvi.in/blog"
117.228.81.150 - - [13/Mar/2012:21:55:20 -0700] "GET /blog/3-reasons-people-join-it-companies/?cf_action=sync_comments&post_id=201 HTTP/1.1" 200 48 "http://yuvi.in/blog/3-reasons-people-join-it-companies/" "Mozilla/5.0 (Windows NT 6.1) AppleWebKit/535.11 (KHTML, like Gecko) Chrome/17.0.963.79 Safari/535.11"
85.17.88.169 - - [13/Mar/2012:21:56:13 -0700] "POST /blog/wp-cron.php?doing_wp_cron=1331700869 HTTP/1.0" 499 0 "-" "WordPress/3.3.1; http://yuvi.in/blog"
209.85.238.115 - - [13/Mar/2012:21:56:13 -0700] "GET /blog/feed HTTP/1.1" 301 0 "-" "Feedfetcher-Google; (+http://www.google.com/feedfetcher.html; 3 subscribers; feed-id=17684830852112633560)"
85.17.88.169 - - [13/Mar/2012:21:56:15 -0700] "POST /blog/wp-cron.php?doing_wp_cron=1331700872 HTTP/1.0" 499 0 "-" "WordPress/3.3.1; http://yuvi.in/blog"
209.85.238.115 - - [13/Mar/2012:21:56:16 -0700] "GET /blog/feed/ HTTP/1.1" 304 0 "-" "Feedfetcher-Google; (+http://www.google.com/feedfetcher.html; 3 subscribers; feed-id=17684830852112633560)"
203.99.221.151 - - [13/Mar/2012:21:57:21 -0700] "-" 400 0 "-" "-"
183.83.17.150 - - [13/Mar/2012:21:57:22 -0700] "GET /MadamHut/r/Unassessed_India_articles/ HTTP/1.1" 302 275 "-" "Mozilla/5.0 (X11; Linux i686) AppleWebKit/535.11 (KHTML, like Gecko) Chrome/17.0.963.78 Safari/535.11"
183.83.17.150 - - [13/Mar/2012:21:57:41 -0700] "-" 400 0 "-" "-"
183.83.17.150 - - [13/Mar/2012:21:57:41 -0700] "-" 400 0 "-" "-"
183.83.17.150 - - [13/Mar/2012:21:57:41 -0700] "-" 400 0 "-" "-"
94.228.34.233 - - [13/Mar/2012:22:00:07 -0700] "GET /robots.txt HTTP/1.1" 404 211 "-" "magpie-crawler/1.1 (U; Linux amd64; en-GB; +http://www.brandwatch.net)"
94.228.34.233 - - [13/Mar/2012:22:00:07 -0700] "GET /r/1nmq HTTP/1.1" 301 257 "http://www.ilugc.in/blogs/tshrinivasan" "magpie-crawler/1.1 (U; Linux amd64; en-GB; +http://www.brandwatch.net)"
94.228.34.233 - - [13/Mar/2012:22:00:07 -0700] "GET /s/ta/1nmq/ HTTP/1.1" 302 365 "http://tawp.in/r/1nmq" "magpie-crawler/1.1 (U; Linux amd64; en-GB; +http://www.brandwatch.net)"
113.193.116.28 - - [13/Mar/2012:22:02:02 -0700] "-" 400 0 "-" "-"
207.46.12.76 - - [13/Mar/2012:22:07:13 -0700] "-" 400 0 "-" "-"
207.46.12.76 - - [13/Mar/2012:22:07:14 -0700] "-" 400 0 "-" "-"
207.46.12.76 - - [13/Mar/2012:22:07:14 -0700] "-" 400 0 "-" "-"
207.46.12.76 - - [13/Mar/2012:22:07:16 -0700] "-" 400 0 "-" "-"
207.46.12.76 - - [13/Mar/2012:22:07:16 -0700] "-" 400 0 "-" "-"
207.46.12.76 - - [13/Mar/2012:22:07:16 -0700] "-" 400 0 "-" "-"
207.46.12.76 - - [13/Mar/2012:22:07:16 -0700] "-" 400 0 "-" "-"
207.46.12.76 - - [13/Mar/2012:22:07:17 -0700] "-" 400 0 "-" "-"
207.46.12.76 - - [13/Mar/2012:22:07:17 -0700] "-" 400 0 "-" "-"
207.46.12.76 - - [13/Mar/2012:22:07:17 -0700] "-" 400 0 "-" "-"
207.46.12.76 - - [13/Mar/2012:22:07:48 -0700] "-" 400 0 "-" "-"
85.17.88.169 - - [13/Mar/2012:22:08:52 -0700] "POST /blog/wp-cron.php?doing_wp_cron=1331701628 HTTP/1.0" 499 0 "-" "WordPress/3.3.1; http://yuvi.in/blog"
209.85.238.115 - - [13/Mar/2012:22:08:52 -0700] "GET /blog/feed/ HTTP/1.1" 304 0 "-" "Feedfetcher-Google; (+http://www.google.com/feedfetcher.html; 19 subscribers; feed-id=15064232456473204253)"
222.253.106.15 - - [13/Mar/2012:22:09:16 -0700] "GET /blog HTTP/1.1" 301 178 "-" "Mozilla/5.0 (Windows NT 6.1; WOW64; rv:10.0.2) Gecko/20100101 Firefox/10.0.2"
222.253.106.15 - - [13/Mar/2012:22:09:17 -0700] "GET /blog/ HTTP/1.1" 200 9195 "-" "Mozilla/5.0 (Windows NT 6.1; WOW64; rv:10.0.2) Gecko/20100101 Firefox/10.0.2"
222.253.106.15 - - [13/Mar/2012:22:09:17 -0700] "GET /blog/wp-content/themes/cleanr/js/jquery.dropdown.js?ver=3.3.1 HTTP/1.1" 200 535 "http://yuvi.in/blog/" "Mozilla/5.0 (Windows NT 6.1; WOW64; rv:10.0.2) Gecko/20100101 Firefox/10.0.2"
222.253.106.15 - - [13/Mar/2012:22:09:18 -0700] "GET /blog/wp-content/themes/cleanr/style.css HTTP/1.1" 200 10508 "http://yuvi.in/blog/" "Mozilla/5.0 (Windows NT 6.1; WOW64; rv:10.0.2) Gecko/20100101 Firefox/10.0.2"
222.253.106.15 - - [13/Mar/2012:22:09:18 -0700] "GET /blog/wp-content/themes/cleanr/css/reset.css HTTP/1.1" 200 648 "http://yuvi.in/blog/wp-content/themes/cleanr/style.css" "Mozilla/5.0 (Windows NT 6.1; WOW64; rv:10.0.2) Gecko/20100101 Firefox/10.0.2"
222.253.106.15 - - [13/Mar/2012:22:09:18 -0700] "GET /blog/wp-content/themes/cleanr/css/text.css HTTP/1.1" 200 420 "http://yuvi.in/blog/wp-content/themes/cleanr/style.css" "Mozilla/5.0 (Windows NT 6.1; WOW64; rv:10.0.2) Gecko/20100101 Firefox/10.0.2"
222.253.106.15 - - [13/Mar/2012:22:09:19 -0700] "GET /blog/wp-includes/js/jquery/jquery.js?ver=1.7.1 HTTP/1.1" 200 93889 "http://yuvi.in/blog/" "Mozilla/5.0 (Windows NT 6.1; WOW64; rv:10.0.2) Gecko/20100101 Firefox/10.0.2"
222.253.106.15 - - [13/Mar/2012:22:09:19 -0700] "GET /blog/wp-content/themes/cleanr/css/960.css HTTP/1.1" 200 3628 "http://yuvi.in/blog/wp-content/themes/cleanr/style.css" "Mozilla/5.0 (Windows NT 6.1; WOW64; rv:10.0.2) Gecko/20100101 Firefox/10.0.2"
222.253.106.15 - - [13/Mar/2012:22:09:22 -0700] "GET /blog/wp-content/themes/cleanr/images/search_magnifier.gif HTTP/1.1" 200 394 "http://yuvi.in/blog/" "Mozilla/5.0 (Windows NT 6.1; WOW64; rv:10.0.2) Gecko/20100101 Firefox/10.0.2"
222.253.106.15 - - [13/Mar/2012:22:09:24 -0700] "-" 400 0 "-" "-"
222.253.106.15 - - [13/Mar/2012:22:09:25 -0700] "GET /favicon.ico HTTP/1.1" 404 142 "-" "Mozilla/5.0 (Windows NT 6.1; WOW64; rv:10.0.2) Gecko/20100101 Firefox/10.0.2"
117.202.180.158 - - [13/Mar/2012:22:11:19 -0700] "-" 400 0 "-" "-"
220.255.2.246 - - [13/Mar/2012:22:11:37 -0700] "GET /r/1z5n HTTP/1.1" 301 257 "http://www.muthukamalam.com/writer/thiyagarajandr.html" "Mozilla/4.0 (compatible; MSIE 6.0; Windows NT 5.1; SV1; InfoPath.2; .NET CLR 2.0.50727)"
220.255.2.222 - - [13/Mar/2012:22:11:38 -0700] "GET /s/ta/1z5n/ HTTP/1.1" 302 609 "http://www.muthukamalam.com/writer/thiyagarajandr.html" "Mozilla/4.0 (compatible; MSIE 6.0; Windows NT 5.1; SV1; InfoPath.2; .NET CLR 2.0.50727)"
180.76.6.21 - - [13/Mar/2012:22:11:46 -0700] "GET /robots.txt HTTP/1.1" 404 142 "-" "Baiduspider+(+http://www.baidu.com/search/spider.htm)"
117.202.180.158 - - [13/Mar/2012:22:11:49 -0700] "-" 400 0 "-" "-"
220.255.1.38 - - [13/Mar/2012:22:11:50 -0700] "-" 400 0 "-" "-"
220.255.1.73 - - [13/Mar/2012:22:11:50 -0700] "-" 400 0 "-" "-"
117.202.180.158 - - [13/Mar/2012:22:12:29 -0700] "-" 400 0 "-" "-"
89.182.40.228 - - [13/Mar/2012:22:12:42 -0700] "GET /robots.txt HTTP/1.1" 404 169 "-" "findlinks/2.0.2 (+http://wortschatz.uni-leipzig.de/findlinks/)"
85.17.88.169 - - [13/Mar/2012:22:12:59 -0700] "POST /blog/wp-cron.php?doing_wp_cron=1331701875 HTTP/1.0" 499 0 "-" "WordPress/3.3.1; http://yuvi.in/blog"
66.249.67.123 - - [13/Mar/2012:22:12:59 -0700] "GET /blog/passing-headers-proxying-nginx/ HTTP/1.1" 200 4633 "-" "Mozilla/5.0 (compatible; Googlebot/2.1; +http://www.google.com/bot.html)"
157.55.17.146 - - [13/Mar/2012:22:13:11 -0700] "GET /robots.txt HTTP/1.1" 404 169 "-" "Mozilla/5.0 (compatible; bingbot/2.0; +http://www.bing.com/bingbot.htm)"
117.202.180.158 - - [13/Mar/2012:22:13:29 -0700] "-" 400 0 "-" "-"
117.202.180.158 - - [13/Mar/2012:22:13:29 -0700] "-" 400 0 "-" "-"
117.202.180.158 - - [13/Mar/2012:22:13:29 -0700] "-" 400 0 "-" "-"
117.202.180.158 - - [13/Mar/2012:22:13:29 -0700] "-" 400 0 "-" "-"
117.202.180.158 - - [13/Mar/2012:22:13:29 -0700] "-" 400 0 "-" "-"
85.17.88.169 - - [13/Mar/2012:22:14:32 -0700] "POST /blog/wp-cron.php?doing_wp_cron=1331701968 HTTP/1.0" 499 0 "-" "WordPress/3.3.1; http://yuvi.in/blog"
208.115.113.84 - - [13/Mar/2012:22:14:32 -0700] "GET /blog/tag/book/feed/ HTTP/1.1" 200 3570 "-" "Mozilla/5.0 (compatible; Ezooms/1.0; ezooms.bot@gmail.com)"
208.115.113.84 - - [13/Mar/2012:22:14:37 -0700] "GET /blog/tag/music.html HTTP/1.1" 200 5050 "-" "Mozilla/5.0 (compatible; Ezooms/1.0; ezooms.bot@gmail.com)"
85.17.88.169 - - [13/Mar/2012:22:14:41 -0700] "POST /blog/wp-cron.php?doing_wp_cron=1331701978 HTTP/1.0" 499 0 "-" "WordPress/3.3.1; http://yuvi.in/blog"
208.115.113.84 - - [13/Mar/2012:22:14:42 -0700] "GET /blog/tag/parenting/feed/ HTTP/1.1" 200 4431 "-" "Mozilla/5.0 (compatible; Ezooms/1.0; ezooms.bot@gmail.com)"
85.17.88.169 - - [13/Mar/2012:22:14:48 -0700] "POST /blog/wp-cron.php?doing_wp_cron=1331701984 HTTP/1.0" 499 0 "-" "WordPress/3.3.1; http://yuvi.in/blog"
