98.180.220.78 - - [23/Mar/2012:16:42:32 -0700] "GET /favicon.ico HTTP/1.1" 404 142 "-" "Caffeinated/1.1.1 CFNetwork/520.3.2 Darwin/11.3.0 (x86_64) (MacBookPro8%2C1)"
98.180.220.78 - - [23/Mar/2012:16:43:46 -0700] "GET / HTTP/1.1" 200 1430 "-" "Caffeinated/1.1.1 CFNetwork/520.3.2 Darwin/11.3.0 (x86_64) (MacBookPro8%2C1)"
98.180.220.78 - - [23/Mar/2012:16:43:46 -0700] "GET /favicon.ico HTTP/1.1" 404 142 "-" "Caffeinated/1.1.1 CFNetwork/520.3.2 Darwin/11.3.0 (x86_64) (MacBookPro8%2C1)"
66.249.68.106 - - [23/Mar/2012:16:44:11 -0700] "GET /chennai/stage/2769/ HTTP/1.1" 404 142 "-" "Mozilla/5.0 (compatible; Googlebot/2.1; +http://www.google.com/bot.html)"
98.180.220.78 - - [23/Mar/2012:16:45:07 -0700] "GET / HTTP/1.1" 200 1430 "-" "Caffeinated/1.1.1 CFNetwork/520.3.2 Darwin/11.3.0 (x86_64) (MacBookPro8%2C1)"
98.180.220.78 - - [23/Mar/2012:16:45:07 -0700] "GET /favicon.ico HTTP/1.1" 404 142 "-" "Caffeinated/1.1.1 CFNetwork/520.3.2 Darwin/11.3.0 (x86_64) (MacBookPro8%2C1)"
98.180.220.78 - - [23/Mar/2012:16:46:22 -0700] "GET / HTTP/1.1" 200 1430 "-" "Caffeinated/1.1.1 CFNetwork/520.3.2 Darwin/11.3.0 (x86_64) (MacBookPro8%2C1)"
98.180.220.78 - - [23/Mar/2012:16:46:22 -0700] "GET /favicon.ico HTTP/1.1" 404 142 "-" "Caffeinated/1.1.1 CFNetwork/520.3.2 Darwin/11.3.0 (x86_64) (MacBookPro8%2C1)"
98.180.220.78 - - [23/Mar/2012:16:47:37 -0700] "GET / HTTP/1.1" 200 1430 "-" "Caffeinated/1.1.1 CFNetwork/520.3.2 Darwin/11.3.0 (x86_64) (MacBookPro8%2C1)"
98.180.220.78 - - [23/Mar/2012:16:47:39 -0700] "GET /favicon.ico HTTP/1.1" 404 142 "-" "Caffeinated/1.1.1 CFNetwork/520.3.2 Darwin/11.3.0 (x86_64) (MacBookPro8%2C1)"
85.17.88.169 - - [23/Mar/2012:16:47:57 -0700] "POST /blog/wp-cron.php?doing_wp_cron=1332546295 HTTP/1.0" 499 0 "-" "WordPress/3.3.1; http://yuvi.in/blog"
209.85.238.115 - - [23/Mar/2012:16:47:58 -0700] "GET /blog/feed/ HTTP/1.1" 304 0 "-" "Feedfetcher-Google; (+http://www.google.com/feedfetcher.html; 19 subscribers; feed-id=15064232456473204253)"
207.46.204.172 - - [23/Mar/2012:16:48:13 -0700] "-" 400 0 "-" "-"
207.46.204.172 - - [23/Mar/2012:16:48:17 -0700] "-" 400 0 "-" "-"
207.46.204.172 - - [23/Mar/2012:16:48:18 -0700] "-" 400 0 "-" "-"
207.46.204.172 - - [23/Mar/2012:16:48:19 -0700] "-" 400 0 "-" "-"
207.46.204.172 - - [23/Mar/2012:16:48:19 -0700] "-" 400 0 "-" "-"
207.46.204.172 - - [23/Mar/2012:16:48:19 -0700] "-" 400 0 "-" "-"
207.46.204.172 - - [23/Mar/2012:16:48:20 -0700] "-" 400 0 "-" "-"
207.46.204.172 - - [23/Mar/2012:16:48:21 -0700] "-" 400 0 "-" "-"
207.46.204.172 - - [23/Mar/2012:16:48:21 -0700] "-" 400 0 "-" "-"
98.180.220.78 - - [23/Mar/2012:16:48:51 -0700] "GET / HTTP/1.1" 200 1430 "-" "Caffeinated/1.1.1 CFNetwork/520.3.2 Darwin/11.3.0 (x86_64) (MacBookPro8%2C1)"
98.180.220.78 - - [23/Mar/2012:16:48:52 -0700] "GET /favicon.ico HTTP/1.1" 404 142 "-" "Caffeinated/1.1.1 CFNetwork/520.3.2 Darwin/11.3.0 (x86_64) (MacBookPro8%2C1)"
98.180.220.78 - - [23/Mar/2012:16:50:06 -0700] "GET / HTTP/1.1" 200 1430 "-" "Caffeinated/1.1.1 CFNetwork/520.3.2 Darwin/11.3.0 (x86_64) (MacBookPro8%2C1)"
98.180.220.78 - - [23/Mar/2012:16:50:06 -0700] "GET /favicon.ico HTTP/1.1" 404 142 "-" "Caffeinated/1.1.1 CFNetwork/520.3.2 Darwin/11.3.0 (x86_64) (MacBookPro8%2C1)"
98.180.220.78 - - [23/Mar/2012:16:51:20 -0700] "GET / HTTP/1.1" 200 1430 "-" "Caffeinated/1.1.1 CFNetwork/520.3.2 Darwin/11.3.0 (x86_64) (MacBookPro8%2C1)"
98.180.220.78 - - [23/Mar/2012:16:51:20 -0700] "GET /favicon.ico HTTP/1.1" 404 142 "-" "Caffeinated/1.1.1 CFNetwork/520.3.2 Darwin/11.3.0 (x86_64) (MacBookPro8%2C1)"
66.249.68.106 - - [23/Mar/2012:16:52:05 -0700] "GET /chennai/stage/2777/ HTTP/1.1" 404 142 "-" "Mozilla/5.0 (compatible; Googlebot/2.1; +http://www.google.com/bot.html)"
98.180.220.78 - - [23/Mar/2012:16:52:37 -0700] "GET / HTTP/1.1" 200 1430 "-" "Caffeinated/1.1.1 CFNetwork/520.3.2 Darwin/11.3.0 (x86_64) (MacBookPro8%2C1)"
98.180.220.78 - - [23/Mar/2012:16:52:37 -0700] "GET /favicon.ico HTTP/1.1" 404 142 "-" "Caffeinated/1.1.1 CFNetwork/520.3.2 Darwin/11.3.0 (x86_64) (MacBookPro8%2C1)"
85.17.88.169 - - [23/Mar/2012:16:53:34 -0700] "POST /blog/wp-cron.php?doing_wp_cron=1332546633 HTTP/1.0" 499 0 "-" "WordPress/3.3.1; http://yuvi.in/blog"
209.85.238.115 - - [23/Mar/2012:16:53:35 -0700] "GET /blog/feed HTTP/1.1" 301 0 "-" "Feedfetcher-Google; (+http://www.google.com/feedfetcher.html; 3 subscribers; feed-id=17684830852112633560)"
85.17.88.169 - - [23/Mar/2012:16:53:37 -0700] "POST /blog/wp-cron.php?doing_wp_cron=1332546636 HTTP/1.0" 499 0 "-" "WordPress/3.3.1; http://yuvi.in/blog"
209.85.238.115 - - [23/Mar/2012:16:53:38 -0700] "GET /blog/feed/ HTTP/1.1" 304 0 "-" "Feedfetcher-Google; (+http://www.google.com/feedfetcher.html; 3 subscribers; feed-id=17684830852112633560)"
98.180.220.78 - - [23/Mar/2012:16:53:51 -0700] "GET / HTTP/1.1" 200 1430 "-" "Caffeinated/1.1.1 CFNetwork/520.3.2 Darwin/11.3.0 (x86_64) (MacBookPro8%2C1)"
98.180.220.78 - - [23/Mar/2012:16:53:51 -0700] "GET /favicon.ico HTTP/1.1" 404 142 "-" "Caffeinated/1.1.1 CFNetwork/520.3.2 Darwin/11.3.0 (x86_64) (MacBookPro8%2C1)"
98.180.220.78 - - [23/Mar/2012:16:55:05 -0700] "GET / HTTP/1.1" 200 1430 "-" "Caffeinated/1.1.1 CFNetwork/520.3.2 Darwin/11.3.0 (x86_64) (MacBookPro8%2C1)"
98.180.220.78 - - [23/Mar/2012:16:55:08 -0700] "GET /favicon.ico HTTP/1.1" 404 142 "-" "Caffeinated/1.1.1 CFNetwork/520.3.2 Darwin/11.3.0 (x86_64) (MacBookPro8%2C1)"
98.180.220.78 - - [23/Mar/2012:16:56:20 -0700] "GET / HTTP/1.1" 200 1430 "-" "Caffeinated/1.1.1 CFNetwork/520.3.2 Darwin/11.3.0 (x86_64) (MacBookPro8%2C1)"
98.180.220.78 - - [23/Mar/2012:16:56:20 -0700] "GET /favicon.ico HTTP/1.1" 404 142 "-" "Caffeinated/1.1.1 CFNetwork/520.3.2 Darwin/11.3.0 (x86_64) (MacBookPro8%2C1)"
98.180.220.78 - - [23/Mar/2012:16:57:35 -0700] "GET / HTTP/1.1" 200 1430 "-" "Caffeinated/1.1.1 CFNetwork/520.3.2 Darwin/11.3.0 (x86_64) (MacBookPro8%2C1)"
98.180.220.78 - - [23/Mar/2012:16:57:36 -0700] "GET /favicon.ico HTTP/1.1" 404 142 "-" "Caffeinated/1.1.1 CFNetwork/520.3.2 Darwin/11.3.0 (x86_64) (MacBookPro8%2C1)"
98.180.220.78 - - [23/Mar/2012:16:58:52 -0700] "GET / HTTP/1.1" 200 1430 "-" "Caffeinated/1.1.1 CFNetwork/520.3.2 Darwin/11.3.0 (x86_64) (MacBookPro8%2C1)"
98.180.220.78 - - [23/Mar/2012:16:58:52 -0700] "GET /favicon.ico HTTP/1.1" 404 142 "-" "Caffeinated/1.1.1 CFNetwork/520.3.2 Darwin/11.3.0 (x86_64) (MacBookPro8%2C1)"
66.249.68.106 - - [23/Mar/2012:16:59:51 -0700] "GET /chennai/stage/2778/ HTTP/1.1" 404 142 "-" "Mozilla/5.0 (compatible; Googlebot/2.1; +http://www.google.com/bot.html)"
98.180.220.78 - - [23/Mar/2012:17:00:07 -0700] "GET / HTTP/1.1" 200 1430 "-" "Caffeinated/1.1.1 CFNetwork/520.3.2 Darwin/11.3.0 (x86_64) (MacBookPro8%2C1)"
98.180.220.78 - - [23/Mar/2012:17:00:07 -0700] "GET /favicon.ico HTTP/1.1" 404 142 "-" "Caffeinated/1.1.1 CFNetwork/520.3.2 Darwin/11.3.0 (x86_64) (MacBookPro8%2C1)"
98.180.220.78 - - [23/Mar/2012:17:01:20 -0700] "GET / HTTP/1.1" 200 1430 "-" "Caffeinated/1.1.1 CFNetwork/520.3.2 Darwin/11.3.0 (x86_64) (MacBookPro8%2C1)"
98.180.220.78 - - [23/Mar/2012:17:01:21 -0700] "GET /favicon.ico HTTP/1.1" 404 142 "-" "Caffeinated/1.1.1 CFNetwork/520.3.2 Darwin/11.3.0 (x86_64) (MacBookPro8%2C1)"
85.17.88.169 - - [23/Mar/2012:17:01:55 -0700] "POST /blog/wp-cron.php?doing_wp_cron=1332547133 HTTP/1.0" 499 0 "-" "WordPress/3.3.1; http://yuvi.in/blog"
180.76.5.180 - - [23/Mar/2012:17:01:56 -0700] "GET /blog/?p=372 HTTP/1.1" 301 0 "-" "Mozilla/5.0 (compatible; Baiduspider/2.0; +http://www.baidu.com/search/spider.html)"
85.17.88.169 - - [23/Mar/2012:17:01:58 -0700] "POST /blog/wp-cron.php?doing_wp_cron=1332547137 HTTP/1.0" 499 0 "-" "WordPress/3.3.1; http://yuvi.in/blog"
180.76.5.52 - - [23/Mar/2012:17:01:59 -0700] "GET /blog/devlog-december-21-2011/ HTTP/1.1" 200 4985 "-" "Mozilla/5.0 (compatible; Baiduspider/2.0; +http://www.baidu.com/search/spider.html)"
85.17.88.169 - - [23/Mar/2012:17:02:21 -0700] "POST /blog/wp-cron.php?doing_wp_cron=1332547159 HTTP/1.0" 499 0 "-" "WordPress/3.3.1; http://yuvi.in/blog"
209.85.224.84 - - [23/Mar/2012:17:02:22 -0700] "GET /blog/feed HTTP/1.1" 304 0 "-" "FeedBurner/1.0 (http://www.FeedBurner.com)"
98.180.220.78 - - [23/Mar/2012:17:02:36 -0700] "GET / HTTP/1.1" 200 1430 "-" "Caffeinated/1.1.1 CFNetwork/520.3.2 Darwin/11.3.0 (x86_64) (MacBookPro8%2C1)"
98.180.220.78 - - [23/Mar/2012:17:02:36 -0700] "GET /favicon.ico HTTP/1.1" 404 142 "-" "Caffeinated/1.1.1 CFNetwork/520.3.2 Darwin/11.3.0 (x86_64) (MacBookPro8%2C1)"
207.46.204.211 - - [23/Mar/2012:17:03:43 -0700] "-" 400 0 "-" "-"
207.46.204.211 - - [23/Mar/2012:17:03:43 -0700] "-" 400 0 "-" "-"
207.46.204.211 - - [23/Mar/2012:17:03:43 -0700] "-" 400 0 "-" "-"
207.46.204.211 - - [23/Mar/2012:17:03:44 -0700] "-" 400 0 "-" "-"
207.46.204.211 - - [23/Mar/2012:17:03:45 -0700] "-" 400 0 "-" "-"
207.46.204.211 - - [23/Mar/2012:17:03:46 -0700] "-" 400 0 "-" "-"
207.46.204.211 - - [23/Mar/2012:17:03:46 -0700] "-" 400 0 "-" "-"
207.46.204.211 - - [23/Mar/2012:17:03:46 -0700] "-" 400 0 "-" "-"
98.180.220.78 - - [23/Mar/2012:17:03:52 -0700] "GET / HTTP/1.1" 200 1430 "-" "Caffeinated/1.1.1 CFNetwork/520.3.2 Darwin/11.3.0 (x86_64) (MacBookPro8%2C1)"
98.180.220.78 - - [23/Mar/2012:17:03:53 -0700] "GET /favicon.ico HTTP/1.1" 404 142 "-" "Caffeinated/1.1.1 CFNetwork/520.3.2 Darwin/11.3.0 (x86_64) (MacBookPro8%2C1)"
85.166.32.243 - - [23/Mar/2012:17:04:21 -0700] "GET /robots.txt HTTP/1.0" 404 169 "-" "Mozilla/5.0 (compatible; MJ12bot/v1.4.2; http://www.majestic12.co.uk/bot.php?+)"
85.166.32.243 - - [23/Mar/2012:17:04:25 -0700] "GET /blog/devlog-april-2011.html HTTP/1.0" 200 12560 "-" "Mozilla/5.0 (compatible; MJ12bot/v1.4.2; http://www.majestic12.co.uk/bot.php?+)"
98.180.220.78 - - [23/Mar/2012:17:05:08 -0700] "GET / HTTP/1.1" 200 1430 "-" "Caffeinated/1.1.1 CFNetwork/520.3.2 Darwin/11.3.0 (x86_64) (MacBookPro8%2C1)"
98.180.220.78 - - [23/Mar/2012:17:05:09 -0700] "GET /favicon.ico HTTP/1.1" 404 142 "-" "Caffeinated/1.1.1 CFNetwork/520.3.2 Darwin/11.3.0 (x86_64) (MacBookPro8%2C1)"
98.180.220.78 - - [23/Mar/2012:17:06:24 -0700] "GET / HTTP/1.1" 200 1430 "-" "Caffeinated/1.1.1 CFNetwork/520.3.2 Darwin/11.3.0 (x86_64) (MacBookPro8%2C1)"
98.180.220.78 - - [23/Mar/2012:17:06:25 -0700] "GET /favicon.ico HTTP/1.1" 404 142 "-" "Caffeinated/1.1.1 CFNetwork/520.3.2 Darwin/11.3.0 (x86_64) (MacBookPro8%2C1)"
66.249.68.106 - - [23/Mar/2012:17:07:38 -0700] "GET /chennai/stage/2780/ HTTP/1.1" 404 142 "-" "Mozilla/5.0 (compatible; Googlebot/2.1; +http://www.google.com/bot.html)"
69.171.247.3 - - [23/Mar/2012:17:07:55 -0700] "GET /r/vpm HTTP/1.1" 301 255 "-" "facebookexternalhit/1.1 (+http://www.facebook.com/externalhit_uatext.php)"
69.171.247.1 - - [23/Mar/2012:17:07:55 -0700] "GET /s/ta/vpm/ HTTP/1.1" 302 637 "-" "facebookexternalhit/1.1 (+http://www.facebook.com/externalhit_uatext.php)"
98.180.220.78 - - [23/Mar/2012:17:08:02 -0700] "GET / HTTP/1.1" 200 1430 "-" "Caffeinated/1.1.1 CFNetwork/520.3.2 Darwin/11.3.0 (x86_64) (MacBookPro8%2C1)"
98.180.220.78 - - [23/Mar/2012:17:08:02 -0700] "GET /favicon.ico HTTP/1.1" 404 142 "-" "Caffeinated/1.1.1 CFNetwork/520.3.2 Darwin/11.3.0 (x86_64) (MacBookPro8%2C1)"
98.180.220.78 - - [23/Mar/2012:17:09:18 -0700] "GET / HTTP/1.1" 200 1430 "-" "Caffeinated/1.1.1 CFNetwork/520.3.2 Darwin/11.3.0 (x86_64) (MacBookPro8%2C1)"
98.180.220.78 - - [23/Mar/2012:17:09:19 -0700] "GET /favicon.ico HTTP/1.1" 404 142 "-" "Caffeinated/1.1.1 CFNetwork/520.3.2 Darwin/11.3.0 (x86_64) (MacBookPro8%2C1)"
69.171.234.2 - - [23/Mar/2012:17:09:48 -0700] "GET /r/1x7m HTTP/1.1" 301 257 "-" "facebookexternalhit/1.1 (+http://www.facebook.com/externalhit_uatext.php)"
69.171.234.2 - - [23/Mar/2012:17:09:49 -0700] "GET /s/ta/1x7m/ HTTP/1.1" 302 513 "-" "facebookexternalhit/1.1 (+http://www.facebook.com/externalhit_uatext.php)"
98.180.220.78 - - [23/Mar/2012:17:10:39 -0700] "GET / HTTP/1.1" 200 1430 "-" "Caffeinated/1.1.1 CFNetwork/520.3.2 Darwin/11.3.0 (x86_64) (MacBookPro8%2C1)"
98.180.220.78 - - [23/Mar/2012:17:10:39 -0700] "GET /favicon.ico HTTP/1.1" 404 142 "-" "Caffeinated/1.1.1 CFNetwork/520.3.2 Darwin/11.3.0 (x86_64) (MacBookPro8%2C1)"
208.115.113.84 - - [23/Mar/2012:17:10:43 -0700] "GET /robots.txt HTTP/1.1" 404 169 "-" "Mozilla/5.0 (compatible; Ezooms/1.0; ezooms.bot@gmail.com)"
98.180.220.78 - - [23/Mar/2012:17:11:57 -0700] "GET / HTTP/1.1" 200 1430 "-" "Caffeinated/1.1.1 CFNetwork/520.3.2 Darwin/11.3.0 (x86_64) (MacBookPro8%2C1)"
98.180.220.78 - - [23/Mar/2012:17:11:57 -0700] "GET /favicon.ico HTTP/1.1" 404 142 "-" "Caffeinated/1.1.1 CFNetwork/520.3.2 Darwin/11.3.0 (x86_64) (MacBookPro8%2C1)"
98.180.220.78 - - [23/Mar/2012:17:13:22 -0700] "GET / HTTP/1.1" 200 1430 "-" "Caffeinated/1.1.1 CFNetwork/520.3.2 Darwin/11.3.0 (x86_64) (MacBookPro8%2C1)"
98.180.220.78 - - [23/Mar/2012:17:13:22 -0700] "GET /favicon.ico HTTP/1.1" 404 142 "-" "Caffeinated/1.1.1 CFNetwork/520.3.2 Darwin/11.3.0 (x86_64) (MacBookPro8%2C1)"
85.17.88.169 - - [23/Mar/2012:17:13:32 -0700] "POST /blog/wp-cron.php?doing_wp_cron=1332547830 HTTP/1.0" 499 0 "-" "WordPress/3.3.1; http://yuvi.in/blog"
220.181.108.105 - - [23/Mar/2012:17:13:35 -0700] "GET /blog/tag/bigotry/ HTTP/1.1" 200 4981 "-" "Mozilla/5.0 (compatible; Baiduspider/2.0; +http://www.baidu.com/search/spider.html)"
157.55.112.199 - - [23/Mar/2012:17:14:17 -0700] "-" 400 0 "-" "-"
157.55.112.199 - - [23/Mar/2012:17:14:18 -0700] "-" 400 0 "-" "-"
157.55.112.199 - - [23/Mar/2012:17:14:19 -0700] "-" 400 0 "-" "-"
98.180.220.78 - - [23/Mar/2012:17:14:19 -0700] "GET / HTTP/1.1" 200 1430 "-" "Caffeinated/1.1.1 CFNetwork/520.3.2 Darwin/11.3.0 (x86_64) (MacBookPro8%2C1)"
98.180.220.78 - - [23/Mar/2012:17:14:19 -0700] "GET /favicon.ico HTTP/1.1" 404 142 "-" "Caffeinated/1.1.1 CFNetwork/520.3.2 Darwin/11.3.0 (x86_64) (MacBookPro8%2C1)"
157.55.112.199 - - [23/Mar/2012:17:14:21 -0700] "-" 400 0 "-" "-"
157.55.112.199 - - [23/Mar/2012:17:14:21 -0700] "-" 400 0 "-" "-"
157.55.112.199 - - [23/Mar/2012:17:14:21 -0700] "-" 400 0 "-" "-"
157.55.112.199 - - [23/Mar/2012:17:14:22 -0700] "-" 400 0 "-" "-"
157.55.112.199 - - [23/Mar/2012:17:14:22 -0700] "-" 400 0 "-" "-"
157.55.112.199 - - [23/Mar/2012:17:14:22 -0700] "-" 400 0 "-" "-"
157.55.112.199 - - [23/Mar/2012:17:14:22 -0700] "-" 400 0 "-" "-"
157.55.112.199 - - [23/Mar/2012:17:14:40 -0700] "-" 400 0 "-" "-"
98.180.220.78 - - [23/Mar/2012:17:14:50 -0700] "GET / HTTP/1.1" 200 1430 "-" "Caffeinated/1.1.1 CFNetwork/520.3.2 Darwin/11.3.0 (x86_64) (MacBookPro8%2C1)"
98.180.220.78 - - [23/Mar/2012:17:14:50 -0700] "GET /favicon.ico HTTP/1.1" 404 142 "-" "Caffeinated/1.1.1 CFNetwork/520.3.2 Darwin/11.3.0 (x86_64) (MacBookPro8%2C1)"
98.180.220.78 - - [23/Mar/2012:17:15:51 -0700] "GET / HTTP/1.1" 200 1430 "-" "Caffeinated/1.1.1 CFNetwork/520.3.2 Darwin/11.3.0 (x86_64) (MacBookPro8%2C1)"
98.180.220.78 - - [23/Mar/2012:17:15:51 -0700] "GET /favicon.ico HTTP/1.1" 404 142 "-" "Caffeinated/1.1.1 CFNetwork/520.3.2 Darwin/11.3.0 (x86_64) (MacBookPro8%2C1)"
98.180.220.78 - - [23/Mar/2012:17:16:22 -0700] "GET / HTTP/1.1" 200 1430 "-" "Caffeinated/1.1.1 CFNetwork/520.3.2 Darwin/11.3.0 (x86_64) (MacBookPro8%2C1)"
98.180.220.78 - - [23/Mar/2012:17:16:22 -0700] "GET /favicon.ico HTTP/1.1" 404 142 "-" "Caffeinated/1.1.1 CFNetwork/520.3.2 Darwin/11.3.0 (x86_64) (MacBookPro8%2C1)"
117.204.20.5 - - [23/Mar/2012:17:17:55 -0700] "-" 400 0 "-" "-"
117.204.20.5 - - [23/Mar/2012:17:18:25 -0700] "-" 400 0 "-" "-"
117.204.20.5 - - [23/Mar/2012:17:18:45 -0700] "-" 400 0 "-" "-"
117.204.20.5 - - [23/Mar/2012:17:18:45 -0700] "-" 400 0 "-" "-"
117.204.20.5 - - [23/Mar/2012:17:18:45 -0700] "-" 400 0 "-" "-"
117.204.20.5 - - [23/Mar/2012:17:18:45 -0700] "-" 400 0 "-" "-"
117.204.20.5 - - [23/Mar/2012:17:19:05 -0700] "-" 400 0 "-" "-"
117.204.20.5 - - [23/Mar/2012:17:19:05 -0700] "-" 400 0 "-" "-"
117.204.20.5 - - [23/Mar/2012:17:19:05 -0700] "-" 400 0 "-" "-"
208.115.113.85 - - [23/Mar/2012:17:22:27 -0700] "GET /robots.txt HTTP/1.1" 404 238 "-" "Mozilla/5.0 (compatible; Ezooms/1.0; ezooms.bot@gmail.com)"
169.230.11.207 - - [23/Mar/2012:17:24:04 -0700] "GET /favicon.ico HTTP/1.1" 404 199 "http://prashanth-kamle.blogspot.com/2009/03/viterbi-algorithm-for-second-order.html" "Mozilla/5.0 (Macintosh; Intel Mac OS X 10_7_3) AppleWebKit/535.11 (KHTML, like Gecko) Chrome/17.0.963.83 Safari/535.11"
85.117.39.98 - - [23/Mar/2012:17:26:35 -0700] "GET /blog/tag/fun.html HTTP/1.1" 200 2041 "-" "Mozilla/5.0 (Windows; U; Windows NT 5.2; eu) AppleWebKit/530.4 (KHTML, like Gecko) Chrome/2.0.172.0 Safari/530.4"
213.186.127.13 - - [23/Mar/2012:17:27:54 -0700] "GET /blog/why-i-moved-off-arch-on-my-netbook.html HTTP/1.1" 200 2546 "-" "Mozilla/5.0 (compatible; AhrefsBot/2.0; +http://ahrefs.com/robot/)"
76.71.73.238 - - [23/Mar/2012:17:29:05 -0700] "GET /r/bu2 HTTP/1.1" 301 255 "http://ta.wikipedia.org/wiki/%E0%AE%AE%E0%AF%81%E0%AE%AF%E0%AE%B2%E0%AF%8D" "Mozilla/5.0 (Windows NT 6.1; WOW64) AppleWebKit/535.11 (KHTML, like Gecko) Chrome/17.0.963.79 Safari/535.11"
76.71.73.238 - - [23/Mar/2012:17:29:05 -0700] "GET /s/ta/bu2/ HTTP/1.1" 302 325 "http://ta.wikipedia.org/wiki/%E0%AE%AE%E0%AF%81%E0%AE%AF%E0%AE%B2%E0%AF%8D" "Mozilla/5.0 (Windows NT 6.1; WOW64) AppleWebKit/535.11 (KHTML, like Gecko) Chrome/17.0.963.79 Safari/535.11"
76.71.73.238 - - [23/Mar/2012:17:29:08 -0700] "GET /s/ta/bu2/ HTTP/1.1" 302 325 "http://ta.wikipedia.org/wiki/%E0%AE%AE%E0%AF%81%E0%AE%AF%E0%AE%B2%E0%AF%8D" "Mozilla/5.0 (Windows NT 6.1; WOW64) AppleWebKit/535.11 (KHTML, like Gecko) Chrome/17.0.963.79 Safari/535.11"
209.85.224.96 - - [23/Mar/2012:17:30:55 -0700] "GET /stories/feed HTTP/1.1" 200 13653 "-" "FeedBurner/1.0 (http://www.FeedBurner.com)"
85.17.88.169 - - [23/Mar/2012:17:32:28 -0700] "POST /blog/wp-cron.php?doing_wp_cron=1332548966 HTTP/1.0" 499 0 "-" "WordPress/3.3.1; http://yuvi.in/blog"
209.85.224.93 - - [23/Mar/2012:17:32:28 -0700] "GET /blog/feed HTTP/1.1" 304 0 "-" "FeedBurner/1.0 (http://www.FeedBurner.com)"
67.215.230.28 - - [23/Mar/2012:17:33:16 -0700] "GET /robots.txt HTTP/1.0" 404 169 "-" "Setooz/Nutch-1.2 (http://www.setooz.com)"
67.215.230.28 - - [23/Mar/2012:17:33:16 -0700] "GET /stories HTTP/1.0" 301 185 "-" "Setooz/Nutch-1.2 (http://www.setooz.com)"
67.215.230.26 - - [23/Mar/2012:17:33:29 -0700] "GET /robots.txt HTTP/1.0" 404 169 "-" "Setooz/Nutch-1.2 (http://www.setooz.com)"
67.215.230.26 - - [23/Mar/2012:17:33:32 -0700] "GET / HTTP/1.0" 200 3439 "-" "Setooz/Nutch-1.2 (http://www.setooz.com)"
66.249.73.26 - - [23/Mar/2012:17:38:34 -0700] "GET /robots.txt HTTP/1.1" 404 142 "-" "Mozilla/5.0 (compatible; Googlebot/2.1; +http://www.google.com/bot.html)"
66.249.73.26 - - [23/Mar/2012:17:38:34 -0700] "GET /chennai/stage/2770/ HTTP/1.1" 404 142 "-" "Mozilla/5.0 (compatible; Googlebot/2.1; +http://www.google.com/bot.html)"
66.249.73.23 - - [23/Mar/2012:17:38:37 -0700] "GET /robots.txt HTTP/1.1" 404 211 "-" "Mozilla/5.0 (compatible; Googlebot/2.1; +http://www.google.com/bot.html)"
66.249.73.23 - - [23/Mar/2012:17:38:37 -0700] "GET / HTTP/1.1" 404 211 "-" "Mozilla/5.0 (iPhone; U; CPU iPhone OS 4_1 like Mac OS X; en-us) AppleWebKit/532.9 (KHTML, like Gecko) Version/4.0.5 Mobile/8B117 Safari/6531.22.7 (compatible; Googlebot-Mobile/2.1; +http://www.google.com/bot.html)"
208.115.113.85 - - [23/Mar/2012:17:46:29 -0700] "GET /r/ydf HTTP/1.1" 301 255 "-" "Mozilla/5.0 (compatible; Ezooms/1.0; ezooms.bot@gmail.com)"
207.46.12.70 - - [23/Mar/2012:17:48:04 -0700] "-" 400 0 "-" "-"
207.46.12.70 - - [23/Mar/2012:17:48:04 -0700] "-" 400 0 "-" "-"
207.46.12.70 - - [23/Mar/2012:17:48:06 -0700] "-" 400 0 "-" "-"
207.46.12.70 - - [23/Mar/2012:17:48:06 -0700] "-" 400 0 "-" "-"
207.46.12.70 - - [23/Mar/2012:17:48:07 -0700] "-" 400 0 "-" "-"
207.46.12.70 - - [23/Mar/2012:17:48:07 -0700] "-" 400 0 "-" "-"
207.46.12.70 - - [23/Mar/2012:17:48:07 -0700] "-" 400 0 "-" "-"
207.46.12.70 - - [23/Mar/2012:17:48:07 -0700] "-" 400 0 "-" "-"
85.17.88.169 - - [23/Mar/2012:17:49:02 -0700] "POST /blog/wp-cron.php?doing_wp_cron=1332549960 HTTP/1.0" 499 0 "-" "WordPress/3.3.1; http://yuvi.in/blog"
94.228.34.248 - - [23/Mar/2012:17:49:03 -0700] "GET /blog/ HTTP/1.1" 200 10128 "-" "magpie-crawler/1.1 (U; Linux amd64; en-GB; +http://www.brandwatch.net)"
208.115.111.68 - - [23/Mar/2012:17:51:12 -0700] "GET /robots.txt HTTP/1.1" 404 169 "-" "Mozilla/5.0 (compatible; Ezooms/1.0; ezooms.bot@gmail.com)"
85.17.88.169 - - [23/Mar/2012:17:51:18 -0700] "POST /blog/wp-cron.php?doing_wp_cron=1332550096 HTTP/1.0" 499 0 "-" "WordPress/3.3.1; http://yuvi.in/blog"
101.226.33.190 - - [23/Mar/2012:17:51:18 -0700] "GET /blog/feed HTTP/1.0" 304 0 "-" "Mozilla/4.0 (compatible; Windows;)"
85.17.88.169 - - [23/Mar/2012:17:52:55 -0700] "POST /blog/wp-cron.php?doing_wp_cron=1332550192 HTTP/1.0" 499 0 "-" "WordPress/3.3.1; http://yuvi.in/blog"
94.102.150.50 - - [23/Mar/2012:17:52:56 -0700] "GET /blog/feed/atom/ HTTP/1.1" 304 0 "-" "SocialSearcher/0.1  Mozilla/5.0"
85.17.88.169 - - [23/Mar/2012:17:54:04 -0700] "POST /blog/wp-cron.php?doing_wp_cron=1332550262 HTTP/1.0" 499 0 "-" "WordPress/3.3.1; http://yuvi.in/blog"
209.85.238.178 - - [23/Mar/2012:17:54:04 -0700] "GET /blog/feed/ HTTP/1.1" 200 6673 "-" "Feedfetcher-Google; (+http://www.google.com/feedfetcher.html; 19 subscribers; feed-id=15064232456473204253)"
85.17.88.169 - - [23/Mar/2012:17:55:07 -0700] "POST /blog/wp-cron.php?doing_wp_cron=1332550324 HTTP/1.0" 499 0 "-" "WordPress/3.3.1; http://yuvi.in/blog"
119.63.196.124 - - [23/Mar/2012:17:55:08 -0700] "GET /blog/interview-sriram-krishnan-5-years-old/ HTTP/1.1" 200 16154 "-" "Mozilla/5.0 (compatible; Baiduspider/2.0; +http://www.baidu.com/search/spider.html)"
94.23.42.135 - - [23/Mar/2012:17:56:58 -0700] "GET /robots.txt HTTP/1.0" 404 169 "-" "Mozilla/5.0 (compatible; MJ12bot/v1.4.2; http://www.majestic12.co.uk/bot.php?+)"
94.23.42.135 - - [23/Mar/2012:17:57:08 -0700] "GET /blog/story-average-indian-techie HTTP/1.0" 301 0 "-" "Mozilla/5.0 (compatible; MJ12bot/v1.4.2; http://www.majestic12.co.uk/bot.php?+)"
94.23.42.135 - - [23/Mar/2012:17:57:13 -0700] "GET /blog/story-average-indian-techie/ HTTP/1.0" 200 54169 "-" "Mozilla/5.0 (compatible; MJ12bot/v1.4.2; http://www.majestic12.co.uk/bot.php?+)"
180.76.6.37 - - [23/Mar/2012:17:59:07 -0700] "GET /stories/static/codehilite.css HTTP/1.1" 200 4012 "-" "Mozilla/5.0 (compatible; Baiduspider/2.0; +http://www.baidu.com/search/spider.html)"
208.115.111.68 - - [23/Mar/2012:18:00:06 -0700] "GET / HTTP/1.1" 200 3439 "-" "Mozilla/5.0 (compatible; Ezooms/1.0; ezooms.bot@gmail.com)"
85.17.88.169 - - [23/Mar/2012:18:00:48 -0700] "POST /blog/wp-cron.php?doing_wp_cron=1332550666 HTTP/1.0" 499 0 "-" "WordPress/3.3.1; http://yuvi.in/blog"
208.115.113.84 - - [23/Mar/2012:18:00:49 -0700] "GET /blog/enthusiastic-teachers-and-naive-implementation-of-gauss-seidel-approximations/ HTTP/1.1" 200 18069 "-" "Mozilla/5.0 (compatible; Ezooms/1.0; ezooms.bot@gmail.com)"
150.70.75.30 - - [23/Mar/2012:18:01:37 -0700] "GET / HTTP/1.0" 404 238 "-" "Mozilla/4.0 (compatible; MSIE 6.0; Windows NT 5.1)"
122.174.8.187 - - [23/Mar/2012:18:01:38 -0700] "-" 400 0 "-" "-"
85.17.88.169 - - [23/Mar/2012:18:01:54 -0700] "POST /blog/wp-cron.php?doing_wp_cron=1332550732 HTTP/1.0" 499 0 "-" "WordPress/3.3.1; http://yuvi.in/blog"
209.85.238.178 - - [23/Mar/2012:18:01:55 -0700] "GET /blog/feed HTTP/1.1" 301 0 "-" "Feedfetcher-Google; (+http://www.google.com/feedfetcher.html; 3 subscribers; feed-id=17684830852112633560)"
209.85.238.178 - - [23/Mar/2012:18:01:57 -0700] "GET /blog/feed/ HTTP/1.1" 200 6692 "-" "Feedfetcher-Google; (+http://www.google.com/feedfetcher.html; 3 subscribers; feed-id=17684830852112633560)"
85.17.88.169 - - [23/Mar/2012:18:02:41 -0700] "POST /blog/wp-cron.php?doing_wp_cron=1332550779 HTTP/1.0" 499 0 "-" "WordPress/3.3.1; http://yuvi.in/blog"
209.85.224.90 - - [23/Mar/2012:18:02:41 -0700] "GET /blog/feed HTTP/1.1" 304 0 "-" "FeedBurner/1.0 (http://www.FeedBurner.com)"
94.228.34.209 - - [23/Mar/2012:18:05:03 -0700] "GET /blog/serendipity.html HTTP/1.1" 304 0 "-" "magpie-crawler/1.1 (U; Linux amd64; en-GB; +http://www.brandwatch.net)"
117.193.237.145 - - [23/Mar/2012:18:06:17 -0700] "-" 400 0 "-" "-"
117.193.237.145 - - [23/Mar/2012:18:06:17 -0700] "-" 400 0 "-" "-"
98.126.66.170 - - [23/Mar/2012:18:07:59 -0700] "GET /blog/my-gsoc-2010-proposal.html HTTP/1.0" 200 5748 "http://yuvi.in/blog/my-gsoc-2010-proposal.html" "Mozilla/4.0 (compatible; MSIE 6.0; Windows NT 5.1; SV1; .NET CLR 1.1.4322) NS8/0.9.6"
117.193.245.91 - - [23/Mar/2012:18:11:45 -0700] "-" 400 0 "-" "-"
85.17.88.169 - - [23/Mar/2012:18:11:50 -0700] "POST /blog/wp-cron.php?doing_wp_cron=1332551328 HTTP/1.0" 499 0 "-" "WordPress/3.3.1; http://yuvi.in/blog"
65.52.109.152 - - [23/Mar/2012:18:11:51 -0700] "GET /blog/my-vimrc/ HTTP/1.1" 200 4448 "-" "Mozilla/5.0 (compatible; bingbot/2.0; +http://www.bing.com/bingbot.htm)"
223.234.67.236 - - [23/Mar/2012:18:15:25 -0700] "-" 400 0 "-" "-"
117.202.93.54 - - [23/Mar/2012:18:16:32 -0700] "-" 400 0 "-" "-"
223.234.67.236 - - [23/Mar/2012:18:17:25 -0700] "-" 400 0 "-" "-"
85.17.88.169 - - [23/Mar/2012:18:17:40 -0700] "POST /blog/wp-cron.php?doing_wp_cron=1332551678 HTTP/1.0" 499 0 "-" "WordPress/3.3.1; http://yuvi.in/blog"
183.178.85.181 - - [23/Mar/2012:18:17:41 -0700] "GET /blog/moving-to-vim-from-emacs/ HTTP/1.1" 200 17181 "-" "Mozilla/4.0 (compatible; MSIE 5.5; Windows NT)"
223.234.67.236 - - [23/Mar/2012:18:19:15 -0700] "-" 400 0 "-" "-"
117.202.93.54 - - [23/Mar/2012:18:19:43 -0700] "-" 400 0 "-" "-"
223.234.67.236 - - [23/Mar/2012:18:24:18 -0700] "-" 400 0 "-" "-"
208.107.186.76 - - [23/Mar/2012:18:24:51 -0700] "GET /robots.txt HTTP/1.0" 404 169 "-" "Mozilla/5.0 (compatible; MJ12bot/v1.4.2; http://www.majestic12.co.uk/bot.php?+)"
208.107.186.76 - - [23/Mar/2012:18:24:54 -0700] "GET /blog/orwell-and-huxley.html HTTP/1.1" 200 5580 "-" "Mozilla/5.0 (compatible; MJ12bot/v1.4.2; http://www.majestic12.co.uk/bot.php?+)"
208.107.186.76 - - [23/Mar/2012:18:24:57 -0700] "GET /blog/tag/reading.html HTTP/1.1" 200 4021 "-" "Mozilla/5.0 (compatible; MJ12bot/v1.4.2; http://www.majestic12.co.uk/bot.php?+)"
223.234.67.236 - - [23/Mar/2012:18:24:57 -0700] "-" 400 0 "-" "-"
85.17.88.169 - - [23/Mar/2012:18:25:43 -0700] "POST /blog/wp-cron.php?doing_wp_cron=1332552161 HTTP/1.0" 200 0 "-" "WordPress/3.3.1; http://yuvi.in/blog"
125.255.84.98 - - [23/Mar/2012:18:25:44 -0700] "POST /blog/wp-login.php HTTP/1.1" 200 3475 "http://yuvi.in/blog/wp-login.php" "Mozilla/5.0 (Windows NT 6.1; WOW64; rv:8.0.1) Gecko/20100101 Firefox/8.0.1"
85.17.88.169 - - [23/Mar/2012:18:25:48 -0700] "POST /blog/wp-cron.php?doing_wp_cron=1332552165 HTTP/1.0" 499 0 "-" "WordPress/3.3.1; http://yuvi.in/blog"
125.255.84.98 - - [23/Mar/2012:18:25:48 -0700] "POST /blog/wp-login.php HTTP/1.1" 200 3475 "http://yuvi.in/blog/wp-login.php" "Mozilla/5.0 (Windows NT 6.1; WOW64; rv:8.0.1) Gecko/20100101 Firefox/8.0.1"
125.255.84.98 - - [23/Mar/2012:18:25:51 -0700] "POST /blog/wp-login.php HTTP/1.1" 200 3475 "http://yuvi.in/blog/wp-login.php" "Mozilla/5.0 (Windows NT 6.1; WOW64; rv:8.0.1) Gecko/20100101 Firefox/8.0.1"
125.255.84.98 - - [23/Mar/2012:18:25:53 -0700] "POST /blog/wp-login.php HTTP/1.1" 200 3475 "http://yuvi.in/blog/wp-login.php" "Mozilla/5.0 (Windows NT 6.1; WOW64; rv:8.0.1) Gecko/20100101 Firefox/8.0.1"
125.255.84.98 - - [23/Mar/2012:18:25:55 -0700] "POST /blog/wp-login.php HTTP/1.1" 200 3475 "http://yuvi.in/blog/wp-login.php" "Mozilla/5.0 (Windows NT 6.1; WOW64; rv:8.0.1) Gecko/20100101 Firefox/8.0.1"
209.85.224.83 - - [23/Mar/2012:18:31:00 -0700] "GET /stories/feed HTTP/1.1" 200 13653 "-" "FeedBurner/1.0 (http://www.FeedBurner.com)"
207.46.12.71 - - [23/Mar/2012:18:31:31 -0700] "-" 400 0 "-" "-"
207.46.12.71 - - [23/Mar/2012:18:31:32 -0700] "-" 400 0 "-" "-"
207.46.12.71 - - [23/Mar/2012:18:31:33 -0700] "-" 400 0 "-" "-"
207.46.12.71 - - [23/Mar/2012:18:31:34 -0700] "-" 400 0 "-" "-"
207.46.12.71 - - [23/Mar/2012:18:31:34 -0700] "-" 400 0 "-" "-"
207.46.12.71 - - [23/Mar/2012:18:31:35 -0700] "-" 400 0 "-" "-"
207.46.12.71 - - [23/Mar/2012:18:31:35 -0700] "-" 400 0 "-" "-"
207.46.12.71 - - [23/Mar/2012:18:31:35 -0700] "-" 400 0 "-" "-"
207.46.12.71 - - [23/Mar/2012:18:31:35 -0700] "-" 400 0 "-" "-"
85.17.88.169 - - [23/Mar/2012:18:31:44 -0700] "POST /blog/wp-cron.php?doing_wp_cron=1332552522 HTTP/1.0" 499 0 "-" "WordPress/3.3.1; http://yuvi.in/blog"
66.249.67.123 - - [23/Mar/2012:18:31:45 -0700] "GET /blog/what-stop-child-athiest/ HTTP/1.1" 200 6093 "-" "Mozilla/5.0 (compatible; Googlebot/2.1; +http://www.google.com/bot.html)"
207.46.12.71 - - [23/Mar/2012:18:32:15 -0700] "-" 400 0 "-" "-"
207.46.12.71 - - [23/Mar/2012:18:32:17 -0700] "-" 400 0 "-" "-"
85.17.88.169 - - [23/Mar/2012:18:32:48 -0700] "POST /blog/wp-cron.php?doing_wp_cron=1332552586 HTTP/1.0" 499 0 "-" "WordPress/3.3.1; http://yuvi.in/blog"
209.85.224.89 - - [23/Mar/2012:18:32:49 -0700] "GET /blog/feed HTTP/1.1" 304 0 "-" "FeedBurner/1.0 (http://www.FeedBurner.com)"
85.17.88.169 - - [23/Mar/2012:18:34:34 -0700] "POST /blog/wp-cron.php?doing_wp_cron=1332552692 HTTP/1.0" 499 0 "-" "WordPress/3.3.1; http://yuvi.in/blog"
66.249.67.123 - - [23/Mar/2012:18:34:35 -0700] "GET /blog/author/yuvipanda/page/4/ HTTP/1.1" 200 5950 "-" "Mozilla/5.0 (compatible; Googlebot/2.1; +http://www.google.com/bot.html)"
207.46.12.73 - - [23/Mar/2012:18:36:27 -0700] "-" 400 0 "-" "-"
207.46.12.73 - - [23/Mar/2012:18:36:27 -0700] "-" 400 0 "-" "-"
207.46.12.73 - - [23/Mar/2012:18:36:27 -0700] "-" 400 0 "-" "-"
207.46.12.73 - - [23/Mar/2012:18:36:27 -0700] "-" 400 0 "-" "-"
207.46.12.73 - - [23/Mar/2012:18:36:28 -0700] "-" 400 0 "-" "-"
207.46.12.73 - - [23/Mar/2012:18:36:28 -0700] "-" 400 0 "-" "-"
207.46.12.73 - - [23/Mar/2012:18:36:28 -0700] "-" 400 0 "-" "-"
207.46.12.73 - - [23/Mar/2012:18:36:29 -0700] "-" 400 0 "-" "-"
207.46.12.73 - - [23/Mar/2012:18:36:29 -0700] "-" 400 0 "-" "-"
207.46.12.73 - - [23/Mar/2012:18:36:29 -0700] "-" 400 0 "-" "-"
207.46.12.73 - - [23/Mar/2012:18:37:06 -0700] "-" 400 0 "-" "-"
85.17.88.169 - - [23/Mar/2012:18:37:22 -0700] "POST /blog/wp-cron.php?doing_wp_cron=1332552860 HTTP/1.0" 499 0 "-" "WordPress/3.3.1; http://yuvi.in/blog"
66.249.67.123 - - [23/Mar/2012:18:37:23 -0700] "GET /blog/abigger-binary-heart/ HTTP/1.1" 200 4386 "-" "Mozilla/5.0 (compatible; Googlebot/2.1; +http://www.google.com/bot.html)"
14.96.167.224 - - [23/Mar/2012:18:42:12 -0700] "-" 400 0 "-" "-"
117.193.141.112 - - [23/Mar/2012:18:45:09 -0700] "GET /r/9b1 HTTP/1.1" 301 255 "http://en.wikipedia.org/wiki/Jeyamohan" "Mozilla/5.0 (Windows NT 5.1; rv:11.0) Gecko/20100101 Firefox/11.0"
117.193.141.112 - - [23/Mar/2012:18:45:10 -0700] "GET /s/ta/9b1/ HTTP/1.1" 302 361 "http://en.wikipedia.org/wiki/Jeyamohan" "Mozilla/5.0 (Windows NT 5.1; rv:11.0) Gecko/20100101 Firefox/11.0"
117.193.141.112 - - [23/Mar/2012:18:45:15 -0700] "-" 400 0 "-" "-"
85.17.88.169 - - [23/Mar/2012:18:45:46 -0700] "POST /blog/wp-cron.php?doing_wp_cron=1332553364 HTTP/1.0" 499 0 "-" "WordPress/3.3.1; http://yuvi.in/blog"
187.56.133.9 - - [23/Mar/2012:18:45:48 -0700] "GET /blog/belated-samsung-galaxy-3-review/ HTTP/1.1" 200 21558 "-" "Mozilla/5.0 (compatible; Googlebot/2.1; +http://www.google.com/bot.html)"
117.193.240.238 - - [23/Mar/2012:18:51:51 -0700] "-" 400 0 "-" "-"
85.17.88.169 - - [23/Mar/2012:18:54:16 -0700] "POST /blog/wp-cron.php?doing_wp_cron=1332553873 HTTP/1.0" 499 0 "-" "WordPress/3.3.1; http://yuvi.in/blog"
209.85.238.115 - - [23/Mar/2012:18:54:16 -0700] "GET /blog/feed HTTP/1.1" 301 0 "-" "Feedfetcher-Google; (+http://www.google.com/feedfetcher.html; 3 subscribers; feed-id=17684830852112633560)"
85.17.88.169 - - [23/Mar/2012:18:54:18 -0700] "POST /blog/wp-cron.php?doing_wp_cron=1332553876 HTTP/1.0" 499 0 "-" "WordPress/3.3.1; http://yuvi.in/blog"
209.85.238.115 - - [23/Mar/2012:18:54:18 -0700] "GET /blog/feed/ HTTP/1.1" 304 0 "-" "Feedfetcher-Google; (+http://www.google.com/feedfetcher.html; 3 subscribers; feed-id=17684830852112633560)"
117.193.240.238 - - [23/Mar/2012:18:55:59 -0700] "-" 400 0 "-" "-"
117.193.240.238 - - [23/Mar/2012:18:55:59 -0700] "-" 400 0 "-" "-"
117.193.240.238 - - [23/Mar/2012:18:55:59 -0700] "-" 400 0 "-" "-"
117.193.240.238 - - [23/Mar/2012:18:55:59 -0700] "-" 400 0 "-" "-"
117.193.240.238 - - [23/Mar/2012:18:55:59 -0700] "-" 400 0 "-" "-"
117.193.240.238 - - [23/Mar/2012:18:55:59 -0700] "-" 400 0 "-" "-"
85.17.88.169 - - [23/Mar/2012:18:56:30 -0700] "POST /blog/wp-cron.php?doing_wp_cron=1332554008 HTTP/1.0" 499 0 "-" "WordPress/3.3.1; http://yuvi.in/blog"
66.249.67.123 - - [23/Mar/2012:18:56:32 -0700] "GET /blog/category/code/page/2/ HTTP/1.1" 200 15527 "-" "Mozilla/5.0 (compatible; Googlebot/2.1; +http://www.google.com/bot.html)"
117.193.240.238 - - [23/Mar/2012:18:57:08 -0700] "-" 400 0 "-" "-"
117.193.240.238 - - [23/Mar/2012:18:57:08 -0700] "-" 400 0 "-" "-"
117.193.240.238 - - [23/Mar/2012:18:57:08 -0700] "-" 400 0 "-" "-"
117.193.240.238 - - [23/Mar/2012:18:57:08 -0700] "-" 400 0 "-" "-"
117.193.240.238 - - [23/Mar/2012:18:57:08 -0700] "-" 400 0 "-" "-"
117.193.66.94 - - [23/Mar/2012:18:58:21 -0700] "-" 400 0 "-" "-"
122.164.247.114 - - [23/Mar/2012:18:59:43 -0700] "-" 400 0 "-" "-"
117.193.66.94 - - [23/Mar/2012:18:59:57 -0700] "-" 400 0 "-" "-"
85.17.88.169 - - [23/Mar/2012:19:00:04 -0700] "POST /blog/wp-cron.php?doing_wp_cron=1332554221 HTTP/1.0" 499 0 "-" "WordPress/3.3.1; http://yuvi.in/blog"
208.115.111.68 - - [23/Mar/2012:19:00:05 -0700] "GET /blog/2009/09/ HTTP/1.1" 200 16571 "-" "Mozilla/5.0 (compatible; Ezooms/1.0; ezooms.bot@gmail.com)"
208.115.111.68 - - [23/Mar/2012:19:00:11 -0700] "GET /blog/i-m-jealous-of-her.html HTTP/1.1" 200 5395 "-" "Mozilla/5.0 (compatible; Ezooms/1.0; ezooms.bot@gmail.com)"
85.17.88.169 - - [23/Mar/2012:19:00:18 -0700] "POST /blog/wp-cron.php?doing_wp_cron=1332554236 HTTP/1.0" 499 0 "-" "WordPress/3.3.1; http://yuvi.in/blog"
208.115.111.68 - - [23/Mar/2012:19:00:19 -0700] "GET /blog/six-years-of-blogging-and-eleven-years-of-coding/ HTTP/1.1" 200 16945 "-" "Mozilla/5.0 (compatible; Ezooms/1.0; ezooms.bot@gmail.com)"
85.17.88.169 - - [23/Mar/2012:19:00:19 -0700] "POST /blog/wp-cron.php?doing_wp_cron=1332554237 HTTP/1.0" 499 0 "-" "WordPress/3.3.1; http://yuvi.in/blog"
208.115.111.68 - - [23/Mar/2012:19:00:20 -0700] "GET /blog/tag/it/feed/ HTTP/1.1" 200 2479 "-" "Mozilla/5.0 (compatible; Ezooms/1.0; ezooms.bot@gmail.com)"
117.193.66.94 - - [23/Mar/2012:19:00:46 -0700] "-" 400 0 "-" "-"
117.193.66.94 - - [23/Mar/2012:19:00:46 -0700] "-" 400 0 "-" "-"
117.193.66.94 - - [23/Mar/2012:19:00:46 -0700] "-" 400 0 "-" "-"
117.193.66.94 - - [23/Mar/2012:19:00:47 -0700] "-" 400 0 "-" "-"
117.193.66.94 - - [23/Mar/2012:19:01:36 -0700] "-" 400 0 "-" "-"
117.193.66.94 - - [23/Mar/2012:19:01:36 -0700] "-" 400 0 "-" "-"
117.193.66.94 - - [23/Mar/2012:19:01:39 -0700] "-" 400 0 "-" "-"
117.193.142.104 - - [23/Mar/2012:19:02:10 -0700] "-" 400 0 "-" "-"
117.193.142.104 - - [23/Mar/2012:19:02:10 -0700] "-" 400 0 "-" "-"
117.193.142.104 - - [23/Mar/2012:19:02:10 -0700] "-" 400 0 "-" "-"
117.193.142.104 - - [23/Mar/2012:19:02:10 -0700] "-" 400 0 "-" "-"
117.193.66.94 - - [23/Mar/2012:19:02:36 -0700] "-" 400 0 "-" "-"
117.193.66.94 - - [23/Mar/2012:19:02:36 -0700] "-" 400 0 "-" "-"
117.193.66.94 - - [23/Mar/2012:19:02:36 -0700] "-" 400 0 "-" "-"
85.17.88.169 - - [23/Mar/2012:19:02:59 -0700] "POST /blog/wp-cron.php?doing_wp_cron=1332554396 HTTP/1.0" 499 0 "-" "WordPress/3.3.1; http://yuvi.in/blog"
209.85.224.93 - - [23/Mar/2012:19:03:00 -0700] "GET /blog/feed HTTP/1.1" 304 0 "-" "FeedBurner/1.0 (http://www.FeedBurner.com)"
85.17.88.169 - - [23/Mar/2012:19:03:13 -0700] "POST /blog/wp-cron.php?doing_wp_cron=1332554411 HTTP/1.0" 499 0 "-" "WordPress/3.3.1; http://yuvi.in/blog"
209.85.238.115 - - [23/Mar/2012:19:03:14 -0700] "GET /blog/feed/ HTTP/1.1" 304 0 "-" "Feedfetcher-Google; (+http://www.google.com/feedfetcher.html; 19 subscribers; feed-id=15064232456473204253)"
207.46.204.165 - - [23/Mar/2012:19:03:24 -0700] "-" 400 0 "-" "-"
207.46.204.165 - - [23/Mar/2012:19:03:28 -0700] "-" 400 0 "-" "-"
207.46.204.165 - - [23/Mar/2012:19:03:29 -0700] "-" 400 0 "-" "-"
207.46.204.165 - - [23/Mar/2012:19:03:29 -0700] "-" 400 0 "-" "-"
207.46.204.165 - - [23/Mar/2012:19:03:30 -0700] "-" 400 0 "-" "-"
207.46.204.165 - - [23/Mar/2012:19:03:30 -0700] "-" 400 0 "-" "-"
207.46.204.165 - - [23/Mar/2012:19:03:31 -0700] "-" 400 0 "-" "-"
207.46.204.165 - - [23/Mar/2012:19:03:32 -0700] "-" 400 0 "-" "-"
207.46.204.165 - - [23/Mar/2012:19:03:32 -0700] "-" 400 0 "-" "-"
207.46.204.165 - - [23/Mar/2012:19:03:32 -0700] "-" 400 0 "-" "-"
207.46.204.165 - - [23/Mar/2012:19:04:31 -0700] "-" 400 0 "-" "-"
117.193.142.104 - - [23/Mar/2012:19:04:50 -0700] "-" 400 0 "-" "-"
117.193.142.104 - - [23/Mar/2012:19:04:50 -0700] "-" 400 0 "-" "-"
69.171.242.248 - - [23/Mar/2012:19:05:12 -0700] "GET /r/nv0 HTTP/1.1" 301 255 "-" "facebookexternalhit/1.1 (+http://www.facebook.com/externalhit_uatext.php)"
69.171.242.246 - - [23/Mar/2012:19:05:12 -0700] "GET /s/ta/nv0/ HTTP/1.1" 302 437 "-" "facebookexternalhit/1.1 (+http://www.facebook.com/externalhit_uatext.php)"
85.17.88.169 - - [23/Mar/2012:19:05:47 -0700] "POST /blog/wp-cron.php?doing_wp_cron=1332554564 HTTP/1.0" 499 0 "-" "WordPress/3.3.1; http://yuvi.in/blog"
69.171.233.7 - - [23/Mar/2012:19:05:47 -0700] "HEAD /blog/story-average-indian-techie/?src=hn HTTP/1.1" 200 20 "-" "Mozilla/5.0 (compatible; FriendFeedBot/0.1; +Http://friendfeed.com/about/bot)"
180.76.5.136 - - [23/Mar/2012:19:07:22 -0700] "GET / HTTP/1.1" 200 1430 "-" "Mozilla/5.0 (compatible; Baiduspider/2.0; +http://www.baidu.com/search/spider.html)"
117.193.142.104 - - [23/Mar/2012:19:08:25 -0700] "-" 400 0 "-" "-"
207.46.204.211 - - [23/Mar/2012:19:09:41 -0700] "-" 400 0 "-" "-"
207.46.204.211 - - [23/Mar/2012:19:09:49 -0700] "-" 400 0 "-" "-"
207.46.204.211 - - [23/Mar/2012:19:09:51 -0700] "-" 400 0 "-" "-"
207.46.204.211 - - [23/Mar/2012:19:09:51 -0700] "-" 400 0 "-" "-"
207.46.204.211 - - [23/Mar/2012:19:09:51 -0700] "-" 400 0 "-" "-"
207.46.204.211 - - [23/Mar/2012:19:09:53 -0700] "-" 400 0 "-" "-"
207.46.204.211 - - [23/Mar/2012:19:09:53 -0700] "-" 400 0 "-" "-"
207.46.204.211 - - [23/Mar/2012:19:09:54 -0700] "-" 400 0 "-" "-"
207.46.204.211 - - [23/Mar/2012:19:09:54 -0700] "-" 400 0 "-" "-"
207.46.204.211 - - [23/Mar/2012:19:09:54 -0700] "-" 400 0 "-" "-"
180.76.5.61 - - [23/Mar/2012:19:11:16 -0700] "GET /blog/vala-gtkbuilder-and-autoconnecting-signal-handlers/feed/ HTTP/1.1" 200 841 "-" "Mozilla/5.0 (compatible; Baiduspider/2.0; +http://www.baidu.com/search/spider.html)"
174.141.208.106 - - [23/Mar/2012:19:11:18 -0700] "GET / HTTP/1.1" 200 1430 "http://www.google.com/m?hl=en&gl=us&client=ms-android-metropcs-us&source=android-browser-type&action=devloc&q=yuyviy" "Mozilla/5.0 (Linux; U; Android 2.3.4; en-us; SCH-R720 Build/GINGERBREAD) AppleWebKit/533.1 (KHTML, like Gecko) Version/4.0 Mobile Safari/533.1"
65.91.117.75 - - [23/Mar/2012:19:11:19 -0700] "GET /blueprint/print.css HTTP/1.1" 200 1284 "http://yuvi.in/" "Mozilla/5.0 (Linux; U; Android 2.3.4; en-us; SCH-R720 Build/GINGERBREAD) AppleWebKit/533.1 (KHTML, like Gecko) Version/4.0 Mobile Safari/533.1"
65.91.117.73 - - [23/Mar/2012:19:11:20 -0700] "GET /blueprint/screen.css HTTP/1.1" 200 12058 "http://yuvi.in/" "Mozilla/5.0 (Linux; U; Android 2.3.4; en-us; SCH-R720 Build/GINGERBREAD) AppleWebKit/533.1 (KHTML, like Gecko) Version/4.0 Mobile Safari/533.1"
65.91.117.73 - - [23/Mar/2012:19:11:23 -0700] "GET /header.png HTTP/1.1" 200 14249 "http://yuvi.in/" "Mozilla/5.0 (Linux; U; Android 2.3.4; en-us; SCH-R720 Build/GINGERBREAD) AppleWebKit/533.1 (KHTML, like Gecko) Version/4.0 Mobile Safari/533.1"
174.141.208.101 - - [23/Mar/2012:19:11:24 -0700] "GET /favicon.ico HTTP/1.1" 404 142 "http://yuvi.in/" "Mozilla/5.0 (Linux; U; Android 2.3.4; en-us; SCH-R720 Build/GINGERBREAD) AppleWebKit/533.1 (KHTML, like Gecko) Version/4.0 Mobile Safari/533.1"
122.179.59.46 - - [23/Mar/2012:19:11:25 -0700] "GET / HTTP/1.1" 200 1430 "http://twitter.com/" "Mozilla/5.0 (Windows NT 5.1; rv:8.0.1) Gecko/20100101 Firefox/8.0.1"
122.179.59.46 - - [23/Mar/2012:19:11:26 -0700] "GET /blueprint/screen.css HTTP/1.1" 200 12058 "http://yuvi.in/" "Mozilla/5.0 (Windows NT 5.1; rv:8.0.1) Gecko/20100101 Firefox/8.0.1"
122.179.59.46 - - [23/Mar/2012:19:11:26 -0700] "GET /blueprint/print.css HTTP/1.1" 200 1284 "http://yuvi.in/" "Mozilla/5.0 (Windows NT 5.1; rv:8.0.1) Gecko/20100101 Firefox/8.0.1"
122.179.59.46 - - [23/Mar/2012:19:11:27 -0700] "GET /header.png HTTP/1.1" 200 14249 "http://yuvi.in/" "Mozilla/5.0 (Windows NT 5.1; rv:8.0.1) Gecko/20100101 Firefox/8.0.1"
122.179.59.46 - - [23/Mar/2012:19:11:30 -0700] "GET /favicon.ico HTTP/1.1" 404 142 "-" "Mozilla/5.0 (Windows NT 5.1; rv:8.0.1) Gecko/20100101 Firefox/8.0.1"
122.179.59.46 - - [23/Mar/2012:19:11:32 -0700] "-" 400 0 "-" "-"
122.197.224.224 - - [23/Mar/2012:19:11:37 -0700] "GET /blog/vala-gtkbuilder-and-autoconnecting-signal-handlers.html HTTP/1.1" 200 2954 "http://www.google.com/url?sa=t&rct=j&q=&esrc=s&source=web&cd=5&ved=0CEUQFjAE&url=http%3A%2F%2Fyuvi.in%2Fblog%2Fvala-gtkbuilder-and-autoconnecting-signal-handlers.html&ei=kixtT4-TK47imAXT5ayvBg&usg=AFQjCNHu-O7o_YcxkhLCRgIq7ntEYUJuQw" "Mozilla/5.0 (X11; Linux x86_64; rv:10.0.2) Gecko/20100101 Firefox/10.0.2"
122.197.224.224 - - [23/Mar/2012:19:11:37 -0700] "GET /blog/static/style.css HTTP/1.1" 200 4753 "http://yuvi.in/blog/vala-gtkbuilder-and-autoconnecting-signal-handlers.html" "Mozilla/5.0 (X11; Linux x86_64; rv:10.0.2) Gecko/20100101 Firefox/10.0.2"
122.197.224.224 - - [23/Mar/2012:19:11:37 -0700] "GET /blog/static/codehilite.css HTTP/1.1" 200 4012 "http://yuvi.in/blog/vala-gtkbuilder-and-autoconnecting-signal-handlers.html" "Mozilla/5.0 (X11; Linux x86_64; rv:10.0.2) Gecko/20100101 Firefox/10.0.2"
122.197.224.224 - - [23/Mar/2012:19:11:40 -0700] "GET /favicon.ico HTTP/1.1" 404 142 "-" "Mozilla/5.0 (X11; Linux x86_64; rv:10.0.2) Gecko/20100101 Firefox/10.0.2"
122.197.224.224 - - [23/Mar/2012:19:11:40 -0700] "GET /favicon.ico HTTP/1.1" 404 142 "-" "Mozilla/5.0 (X11; Linux x86_64; rv:10.0.2) Gecko/20100101 Firefox/10.0.2"
122.179.59.46 - - [23/Mar/2012:19:11:41 -0700] "GET /blog HTTP/1.1" 301 178 "http://yuvi.in/" "Mozilla/5.0 (Windows NT 5.1; rv:8.0.1) Gecko/20100101 Firefox/8.0.1"
122.179.59.46 - - [23/Mar/2012:19:11:43 -0700] "GET /blog/ HTTP/1.1" 200 9194 "http://yuvi.in/" "Mozilla/5.0 (Windows NT 5.1; rv:8.0.1) Gecko/20100101 Firefox/8.0.1"
122.179.59.46 - - [23/Mar/2012:19:11:45 -0700] "GET /blog/wp-content/themes/cleanr/js/jquery.dropdown.js?ver=3.3.1 HTTP/1.1" 200 535 "http://yuvi.in/blog/" "Mozilla/5.0 (Windows NT 5.1; rv:8.0.1) Gecko/20100101 Firefox/8.0.1"
122.179.59.46 - - [23/Mar/2012:19:11:45 -0700] "GET /blog/wp-content/themes/cleanr/style.css HTTP/1.1" 200 10508 "http://yuvi.in/blog/" "Mozilla/5.0 (Windows NT 5.1; rv:8.0.1) Gecko/20100101 Firefox/8.0.1"
122.179.59.46 - - [23/Mar/2012:19:11:47 -0700] "GET /blog/wp-content/themes/cleanr/css/text.css HTTP/1.1" 200 420 "http://yuvi.in/blog/wp-content/themes/cleanr/style.css" "Mozilla/5.0 (Windows NT 5.1; rv:8.0.1) Gecko/20100101 Firefox/8.0.1"
122.179.59.46 - - [23/Mar/2012:19:11:47 -0700] "GET /blog/wp-content/themes/cleanr/css/960.css HTTP/1.1" 200 3628 "http://yuvi.in/blog/wp-content/themes/cleanr/style.css" "Mozilla/5.0 (Windows NT 5.1; rv:8.0.1) Gecko/20100101 Firefox/8.0.1"
122.179.59.46 - - [23/Mar/2012:19:11:47 -0700] "GET /blog/wp-content/themes/cleanr/css/reset.css HTTP/1.1" 200 648 "http://yuvi.in/blog/wp-content/themes/cleanr/style.css" "Mozilla/5.0 (Windows NT 5.1; rv:8.0.1) Gecko/20100101 Firefox/8.0.1"
122.179.59.46 - - [23/Mar/2012:19:11:49 -0700] "-" 400 0 "-" "-"
122.179.59.46 - - [23/Mar/2012:19:11:55 -0700] "GET /blog/wp-includes/js/jquery/jquery.js?ver=1.7.1 HTTP/1.1" 200 93889 "http://yuvi.in/blog/" "Mozilla/5.0 (Windows NT 5.1; rv:8.0.1) Gecko/20100101 Firefox/8.0.1"
122.179.59.46 - - [23/Mar/2012:19:11:58 -0700] "GET /blog/wp-content/themes/cleanr/images/search_magnifier.gif HTTP/1.1" 200 394 "http://yuvi.in/blog/" "Mozilla/5.0 (Windows NT 5.1; rv:8.0.1) Gecko/20100101 Firefox/8.0.1"
106.78.229.37 - - [23/Mar/2012:19:12:04 -0700] "-" 400 0 "-" "-"
157.55.112.204 - - [23/Mar/2012:19:12:15 -0700] "-" 400 0 "-" "-"
157.55.112.204 - - [23/Mar/2012:19:12:20 -0700] "-" 400 0 "-" "-"
157.55.112.204 - - [23/Mar/2012:19:12:21 -0700] "-" 400 0 "-" "-"
157.55.112.204 - - [23/Mar/2012:19:12:21 -0700] "-" 400 0 "-" "-"
157.55.112.204 - - [23/Mar/2012:19:12:23 -0700] "-" 400 0 "-" "-"
157.55.112.204 - - [23/Mar/2012:19:12:23 -0700] "-" 400 0 "-" "-"
157.55.112.204 - - [23/Mar/2012:19:12:24 -0700] "-" 400 0 "-" "-"
157.55.112.204 - - [23/Mar/2012:19:12:25 -0700] "-" 400 0 "-" "-"
157.55.112.204 - - [23/Mar/2012:19:12:26 -0700] "-" 400 0 "-" "-"
157.55.112.204 - - [23/Mar/2012:19:12:26 -0700] "-" 400 0 "-" "-"
122.179.59.46 - - [23/Mar/2012:19:13:07 -0700] "GET /stories HTTP/1.1" 301 185 "http://yuvi.in/" "Mozilla/5.0 (Windows NT 5.1; rv:8.0.1) Gecko/20100101 Firefox/8.0.1"
122.179.59.46 - - [23/Mar/2012:19:13:07 -0700] "GET /stories/ HTTP/1.1" 200 1271 "http://yuvi.in/" "Mozilla/5.0 (Windows NT 5.1; rv:8.0.1) Gecko/20100101 Firefox/8.0.1"
122.179.59.46 - - [23/Mar/2012:19:13:08 -0700] "GET /stories/static/style.css HTTP/1.1" 200 1274 "http://yuvi.in/stories/" "Mozilla/5.0 (Windows NT 5.1; rv:8.0.1) Gecko/20100101 Firefox/8.0.1"
122.179.59.46 - - [23/Mar/2012:19:13:09 -0700] "GET /stories/static/codehilite.css HTTP/1.1" 200 4012 "http://yuvi.in/stories/" "Mozilla/5.0 (Windows NT 5.1; rv:8.0.1) Gecko/20100101 Firefox/8.0.1"
122.179.59.46 - - [23/Mar/2012:19:13:13 -0700] "-" 400 0 "-" "-"
69.171.234.0 - - [23/Mar/2012:19:13:14 -0700] "GET /r/39d HTTP/1.1" 301 255 "-" "facebookexternalhit/1.1 (+http://www.facebook.com/externalhit_uatext.php)"
69.171.234.1 - - [23/Mar/2012:19:13:14 -0700] "GET /s/ta/39d/ HTTP/1.1" 302 325 "-" "facebookexternalhit/1.1 (+http://www.facebook.com/externalhit_uatext.php)"
122.179.59.46 - - [23/Mar/2012:19:13:15 -0700] "-" 400 0 "-" "-"
122.179.59.46 - - [23/Mar/2012:19:13:16 -0700] "-" 400 0 "-" "-"
66.249.68.52 - - [23/Mar/2012:19:13:26 -0700] "GET /robots.txt HTTP/1.1" 404 211 "-" "Mozilla/5.0 (compatible; Googlebot/2.1; +http://www.google.com/bot.html)"
66.249.68.52 - - [23/Mar/2012:19:13:26 -0700] "GET /r/2boe HTTP/1.1" 301 257 "-" "Mozilla/5.0 (compatible; Googlebot/2.1; +http://www.google.com/bot.html)"
66.249.68.52 - - [23/Mar/2012:19:13:31 -0700] "GET /s/ta/2boe/ HTTP/1.1" 302 353 "-" "Mozilla/5.0 (compatible; Googlebot/2.1; +http://www.google.com/bot.html)"
117.193.4.232 - - [23/Mar/2012:19:19:59 -0700] "-" 400 0 "-" "-"
141.0.9.176 - - [23/Mar/2012:19:25:00 -0700] "-" 400 0 "-" "-"
141.0.9.176 - - [23/Mar/2012:19:25:00 -0700] "-" 400 0 "-" "-"
75.131.206.131 - - [23/Mar/2012:19:28:56 -0700] "GET /apple-touch-icon-precomposed.png HTTP/1.1" 404 142 "-" "Reeder/1.5.5 CFNetwork/548.1.4 Darwin/11.0.0"
141.0.8.99 - - [23/Mar/2012:19:29:28 -0700] "-" 400 0 "-" "-"
141.0.8.99 - - [23/Mar/2012:19:29:28 -0700] "-" 400 0 "-" "-"
141.0.8.99 - - [23/Mar/2012:19:29:28 -0700] "-" 400 0 "-" "-"
66.249.68.52 - - [23/Mar/2012:19:30:26 -0700] "GET /r/1z64 HTTP/1.1" 301 257 "-" "Mozilla/5.0 (compatible; Googlebot/2.1; +http://www.google.com/bot.html)"
66.249.68.52 - - [23/Mar/2012:19:30:27 -0700] "GET /s/ta/1z64/ HTTP/1.1" 302 557 "-" "Mozilla/5.0 (compatible; Googlebot/2.1; +http://www.google.com/bot.html)"
209.85.224.81 - - [23/Mar/2012:19:31:03 -0700] "GET /stories/feed HTTP/1.1" 200 13653 "-" "FeedBurner/1.0 (http://www.FeedBurner.com)"
85.17.88.169 - - [23/Mar/2012:19:32:39 -0700] "POST /blog/wp-cron.php?doing_wp_cron=1332556177 HTTP/1.0" 499 0 "-" "WordPress/3.3.1; http://yuvi.in/blog"
207.46.195.239 - - [23/Mar/2012:19:32:40 -0700] "GET /blog/what-stop-child-athiest/ HTTP/1.1" 200 6093 "-" "Mozilla/5.0 (compatible; bingbot/2.0; +http://www.bing.com/bingbot.htm)"
85.17.88.169 - - [23/Mar/2012:19:33:07 -0700] "POST /blog/wp-cron.php?doing_wp_cron=1332556204 HTTP/1.0" 499 0 "-" "WordPress/3.3.1; http://yuvi.in/blog"
209.85.224.97 - - [23/Mar/2012:19:33:07 -0700] "GET /blog/feed HTTP/1.1" 304 0 "-" "FeedBurner/1.0 (http://www.FeedBurner.com)"
117.202.136.68 - - [23/Mar/2012:19:34:37 -0700] "-" 400 0 "-" "-"
117.202.136.68 - - [23/Mar/2012:19:36:07 -0700] "-" 400 0 "-" "-"
66.249.67.123 - - [23/Mar/2012:19:36:08 -0700] "GET /blog/trip-to-kerala.html HTTP/1.1" 200 2416 "-" "Mozilla/5.0 (compatible; Googlebot/2.1; +http://www.google.com/bot.html)"
117.202.136.68 - - [23/Mar/2012:19:37:07 -0700] "-" 400 0 "-" "-"
117.193.165.41 - - [23/Mar/2012:19:39:21 -0700] "-" 400 0 "-" "-"
117.193.165.41 - - [23/Mar/2012:19:39:21 -0700] "-" 400 0 "-" "-"
69.171.234.3 - - [23/Mar/2012:19:40:58 -0700] "GET /r/1x7m HTTP/1.1" 301 257 "-" "facebookexternalhit/1.1 (+http://www.facebook.com/externalhit_uatext.php)"
69.171.234.6 - - [23/Mar/2012:19:40:58 -0700] "GET /s/ta/1x7m/ HTTP/1.1" 302 513 "-" "facebookexternalhit/1.1 (+http://www.facebook.com/externalhit_uatext.php)"
180.76.5.62 - - [23/Mar/2012:19:43:38 -0700] "GET / HTTP/1.1" 200 3439 "-" "Mozilla/5.0 (compatible; Baiduspider/2.0; +http://www.baidu.com/search/spider.html)"
188.223.12.143 - - [23/Mar/2012:19:43:50 -0700] "GET / HTTP/1.1" 200 1430 "-" "Reeder/1.5.5 CFNetwork/548.1.4 Darwin/11.0.0"
188.223.12.143 - - [23/Mar/2012:19:43:50 -0700] "GET /favicon.ico HTTP/1.1" 404 142 "-" "Reeder/1.5.5 CFNetwork/548.1.4 Darwin/11.0.0"
188.223.12.143 - - [23/Mar/2012:19:43:50 -0700] "GET /apple-touch-icon.png HTTP/1.1" 404 142 "-" "Reeder/1.5.5 CFNetwork/548.1.4 Darwin/11.0.0"
188.223.12.143 - - [23/Mar/2012:19:43:51 -0700] "GET /apple-touch-icon-precomposed.png HTTP/1.1" 404 142 "-" "Reeder/1.5.5 CFNetwork/548.1.4 Darwin/11.0.0"
85.17.88.169 - - [23/Mar/2012:19:44:45 -0700] "POST /blog/wp-cron.php?doing_wp_cron=1332556902 HTTP/1.0" 499 0 "-" "WordPress/3.3.1; http://yuvi.in/blog"
209.85.238.115 - - [23/Mar/2012:19:44:45 -0700] "GET /blog/feed HTTP/1.1" 301 0 "-" "Feedfetcher-Google; (+http://www.google.com/feedfetcher.html; 3 subscribers; feed-id=17684830852112633560)"
85.17.88.169 - - [23/Mar/2012:19:44:47 -0700] "POST /blog/wp-cron.php?doing_wp_cron=1332556905 HTTP/1.0" 499 0 "-" "WordPress/3.3.1; http://yuvi.in/blog"
