14.96.136.200 - - [28/Mar/2012:13:03:04 -0700] "GET /stories/static/codehilite.css HTTP/1.1" 200 4012 "http://yuvi.in/stories/" "Mozilla/5.0 (Windows NT 6.1) AppleWebKit/535.22 (KHTML, like Gecko) Chrome/19.0.1049.3 Safari/535.22"
14.96.136.200 - - [28/Mar/2012:13:03:05 -0700] "GET /blog/wp-content/themes/cleanr/js/jquery.dropdown.js?ver=3.3.1 HTTP/1.1" 200 535 "http://yuvi.in/blog/" "Mozilla/5.0 (Windows NT 6.1) AppleWebKit/535.22 (KHTML, like Gecko) Chrome/19.0.1049.3 Safari/535.22"
14.96.136.200 - - [28/Mar/2012:13:03:05 -0700] "GET /blog/wp-content/themes/cleanr/style.css HTTP/1.1" 200 10508 "http://yuvi.in/blog/" "Mozilla/5.0 (Windows NT 6.1) AppleWebKit/535.22 (KHTML, like Gecko) Chrome/19.0.1049.3 Safari/535.22"
98.172.15.254 - - [28/Mar/2012:13:03:07 -0700] "GET /favicon.ico HTTP/1.1" 404 169 "-" "Caffeinated/1.1.1 CFNetwork/520.3.2 Darwin/11.3.0 (x86_64) (MacBookPro8%2C1)"
14.96.136.200 - - [28/Mar/2012:13:03:10 -0700] "GET /blog/wp-content/themes/cleanr/css/reset.css HTTP/1.1" 200 648 "http://yuvi.in/blog/" "Mozilla/5.0 (Windows NT 6.1) AppleWebKit/535.22 (KHTML, like Gecko) Chrome/19.0.1049.3 Safari/535.22"
14.96.136.200 - - [28/Mar/2012:13:03:10 -0700] "GET /blog/wp-content/themes/cleanr/css/text.css HTTP/1.1" 200 420 "http://yuvi.in/blog/" "Mozilla/5.0 (Windows NT 6.1) AppleWebKit/535.22 (KHTML, like Gecko) Chrome/19.0.1049.3 Safari/535.22"
14.96.136.200 - - [28/Mar/2012:13:03:10 -0700] "GET /blog/wp-content/themes/cleanr/css/960.css HTTP/1.1" 200 3628 "http://yuvi.in/blog/" "Mozilla/5.0 (Windows NT 6.1) AppleWebKit/535.22 (KHTML, like Gecko) Chrome/19.0.1049.3 Safari/535.22"
14.96.136.200 - - [28/Mar/2012:13:03:31 -0700] "GET /favicon.ico HTTP/1.1" 404 199 "-" "Mozilla/5.0 (Windows NT 6.1) AppleWebKit/535.22 (KHTML, like Gecko) Chrome/19.0.1049.3 Safari/535.22"
98.172.15.254 - - [28/Mar/2012:13:03:37 -0700] "GET / HTTP/1.1" 304 0 "-" "Caffeinated/1.1.1 CFNetwork/520.3.2 Darwin/11.3.0 (x86_64) (MacBookPro8%2C1)"
98.172.15.254 - - [28/Mar/2012:13:03:37 -0700] "GET /favicon.ico HTTP/1.1" 404 169 "-" "Caffeinated/1.1.1 CFNetwork/520.3.2 Darwin/11.3.0 (x86_64) (MacBookPro8%2C1)"
98.172.15.254 - - [28/Mar/2012:13:04:33 -0700] "GET /favicon.ico HTTP/1.1" 404 169 "-" "Caffeinated/1.1.1 CFNetwork/520.3.2 Darwin/11.3.0 (x86_64) (MacBookPro8%2C1)"
14.96.136.200 - - [28/Mar/2012:13:04:35 -0700] "GET /favicon.ico HTTP/1.1" 404 199 "-" "Mozilla/5.0 (Windows NT 6.1) AppleWebKit/535.22 (KHTML, like Gecko) Chrome/19.0.1049.3 Safari/535.22"
74.125.126.80 - - [28/Mar/2012:13:04:57 -0700] "GET /favicon.ico HTTP/1.1" 404 142 "-" "-"
98.172.15.254 - - [28/Mar/2012:13:05:00 -0700] "GET /favicon.ico HTTP/1.1" 404 169 "-" "Caffeinated/1.1.1 CFNetwork/520.3.2 Darwin/11.3.0 (x86_64) (MacBookPro8%2C1)"
14.96.136.200 - - [28/Mar/2012:13:05:02 -0700] "GET /blog/wp-includes/js/jquery/jquery.js?ver=1.7.1 HTTP/1.1" 200 93889 "http://yuvi.in/blog/" "Mozilla/5.0 (Windows NT 6.1) AppleWebKit/535.22 (KHTML, like Gecko) Chrome/19.0.1049.3 Safari/535.22"
98.172.15.254 - - [28/Mar/2012:13:05:59 -0700] "GET /favicon.ico HTTP/1.1" 404 169 "-" "Caffeinated/1.1.1 CFNetwork/520.3.2 Darwin/11.3.0 (x86_64) (MacBookPro8%2C1)"
14.96.136.200 - - [28/Mar/2012:13:06:22 -0700] "GET /blog/wp-content/themes/cleanr/images/search_magnifier.gif HTTP/1.1" 200 394 "http://yuvi.in/blog/" "Mozilla/5.0 (Windows NT 6.1) AppleWebKit/535.22 (KHTML, like Gecko) Chrome/19.0.1049.3 Safari/535.22"
98.172.15.254 - - [28/Mar/2012:13:06:24 -0700] "GET /favicon.ico HTTP/1.1" 404 169 "-" "Caffeinated/1.1.1 CFNetwork/520.3.2 Darwin/11.3.0 (x86_64) (MacBookPro8%2C1)"
14.96.136.200 - - [28/Mar/2012:13:06:30 -0700] "GET /favicon.ico HTTP/1.1" 404 199 "-" "Mozilla/5.0 (Windows NT 6.1) AppleWebKit/535.22 (KHTML, like Gecko) Chrome/19.0.1049.3 Safari/535.22"
98.172.15.254 - - [28/Mar/2012:13:07:24 -0700] "GET /favicon.ico HTTP/1.1" 404 169 "-" "Caffeinated/1.1.1 CFNetwork/520.3.2 Darwin/11.3.0 (x86_64) (MacBookPro8%2C1)"
98.172.15.254 - - [28/Mar/2012:13:07:58 -0700] "GET /favicon.ico HTTP/1.1" 404 169 "-" "Caffeinated/1.1.1 CFNetwork/520.3.2 Darwin/11.3.0 (x86_64) (MacBookPro8%2C1)"
98.172.15.254 - - [28/Mar/2012:13:08:52 -0700] "GET / HTTP/1.1" 304 0 "-" "Caffeinated/1.1.1 CFNetwork/520.3.2 Darwin/11.3.0 (x86_64) (MacBookPro8%2C1)"
98.172.15.254 - - [28/Mar/2012:13:08:53 -0700] "GET /favicon.ico HTTP/1.1" 404 169 "-" "Caffeinated/1.1.1 CFNetwork/520.3.2 Darwin/11.3.0 (x86_64) (MacBookPro8%2C1)"
98.172.15.254 - - [28/Mar/2012:13:09:22 -0700] "GET /favicon.ico HTTP/1.1" 404 169 "-" "Caffeinated/1.1.1 CFNetwork/520.3.2 Darwin/11.3.0 (x86_64) (MacBookPro8%2C1)"
115.239.227.106 - - [28/Mar/2012:13:09:35 -0700] "GET /w00tw00t.at.blackhats.romanian.anti-sec:) HTTP/1.1" 404 142 "-" "ZmEu"
115.239.227.106 - - [28/Mar/2012:13:09:35 -0700] "GET /phpMyAdmin/scripts/setup.php HTTP/1.1" 404 142 "-" "ZmEu"
115.239.227.106 - - [28/Mar/2012:13:09:35 -0700] "GET /pma/scripts/setup.php HTTP/1.1" 404 142 "-" "ZmEu"
115.239.227.106 - - [28/Mar/2012:13:09:35 -0700] "GET /phpmyadmin/scripts/setup.php HTTP/1.1" 404 142 "-" "ZmEu"
115.239.227.106 - - [28/Mar/2012:13:09:35 -0700] "GET /MyAdmin/scripts/setup.php HTTP/1.1" 404 142 "-" "ZmEu"
115.239.227.106 - - [28/Mar/2012:13:09:35 -0700] "GET /myadmin/scripts/setup.php HTTP/1.1" 404 142 "-" "ZmEu"
98.172.15.254 - - [28/Mar/2012:13:10:20 -0700] "GET /favicon.ico HTTP/1.1" 404 169 "-" "Caffeinated/1.1.1 CFNetwork/520.3.2 Darwin/11.3.0 (x86_64) (MacBookPro8%2C1)"
85.17.88.169 - - [28/Mar/2012:13:10:22 -0700] "POST /blog/wp-cron.php?doing_wp_cron=1332965202 HTTP/1.0" 499 0 "-" "WordPress/3.3.1; http://yuvi.in/blog"
14.96.136.200 - - [28/Mar/2012:13:10:23 -0700] "GET /blog/feed/ HTTP/1.1" 200 6674 "-" "Mozilla/5.0 (Windows NT 6.1) AppleWebKit/535.22 (KHTML, like Gecko) Chrome/19.0.1049.3 Safari/535.22"
98.172.15.254 - - [28/Mar/2012:13:10:51 -0700] "GET /favicon.ico HTTP/1.1" 404 169 "-" "Caffeinated/1.1.1 CFNetwork/520.3.2 Darwin/11.3.0 (x86_64) (MacBookPro8%2C1)"
98.172.15.254 - - [28/Mar/2012:13:11:49 -0700] "GET /favicon.ico HTTP/1.1" 404 169 "-" "Caffeinated/1.1.1 CFNetwork/520.3.2 Darwin/11.3.0 (x86_64) (MacBookPro8%2C1)"
98.172.15.254 - - [28/Mar/2012:13:12:17 -0700] "GET /favicon.ico HTTP/1.1" 404 169 "-" "Caffeinated/1.1.1 CFNetwork/520.3.2 Darwin/11.3.0 (x86_64) (MacBookPro8%2C1)"
98.172.15.254 - - [28/Mar/2012:13:13:15 -0700] "GET /favicon.ico HTTP/1.1" 404 169 "-" "Caffeinated/1.1.1 CFNetwork/520.3.2 Darwin/11.3.0 (x86_64) (MacBookPro8%2C1)"
98.172.15.254 - - [28/Mar/2012:13:13:48 -0700] "GET /favicon.ico HTTP/1.1" 404 169 "-" "Caffeinated/1.1.1 CFNetwork/520.3.2 Darwin/11.3.0 (x86_64) (MacBookPro8%2C1)"
157.56.80.74 - - [28/Mar/2012:13:14:42 -0700] "-" 400 0 "-" "-"
157.56.80.74 - - [28/Mar/2012:13:14:42 -0700] "-" 400 0 "-" "-"
157.56.80.74 - - [28/Mar/2012:13:14:43 -0700] "-" 400 0 "-" "-"
157.56.80.74 - - [28/Mar/2012:13:14:48 -0700] "-" 400 0 "-" "-"
157.56.80.74 - - [28/Mar/2012:13:14:48 -0700] "-" 400 0 "-" "-"
157.56.80.74 - - [28/Mar/2012:13:14:48 -0700] "-" 400 0 "-" "-"
157.56.80.74 - - [28/Mar/2012:13:14:48 -0700] "-" 400 0 "-" "-"
157.56.80.74 - - [28/Mar/2012:13:14:50 -0700] "-" 400 0 "-" "-"
98.172.15.254 - - [28/Mar/2012:13:14:50 -0700] "GET / HTTP/1.1" 304 0 "-" "Caffeinated/1.1.1 CFNetwork/520.3.2 Darwin/11.3.0 (x86_64) (MacBookPro8%2C1)"
98.172.15.254 - - [28/Mar/2012:13:14:50 -0700] "GET /favicon.ico HTTP/1.1" 404 169 "-" "Caffeinated/1.1.1 CFNetwork/520.3.2 Darwin/11.3.0 (x86_64) (MacBookPro8%2C1)"
157.56.80.74 - - [28/Mar/2012:13:14:51 -0700] "-" 400 0 "-" "-"
157.56.80.74 - - [28/Mar/2012:13:14:51 -0700] "-" 400 0 "-" "-"
157.56.80.74 - - [28/Mar/2012:13:14:51 -0700] "-" 400 0 "-" "-"
157.56.80.74 - - [28/Mar/2012:13:14:51 -0700] "-" 400 0 "-" "-"
98.172.15.254 - - [28/Mar/2012:13:15:18 -0700] "GET /favicon.ico HTTP/1.1" 404 169 "-" "Caffeinated/1.1.1 CFNetwork/520.3.2 Darwin/11.3.0 (x86_64) (MacBookPro8%2C1)"
157.56.80.74 - - [28/Mar/2012:13:15:26 -0700] "-" 400 0 "-" "-"
85.17.88.169 - - [28/Mar/2012:13:15:53 -0700] "POST /blog/wp-cron.php?doing_wp_cron=1332965532 HTTP/1.0" 499 0 "-" "WordPress/3.3.1; http://yuvi.in/blog"
209.85.238.115 - - [28/Mar/2012:13:15:53 -0700] "GET /blog/feed HTTP/1.1" 301 0 "-" "Feedfetcher-Google; (+http://www.google.com/feedfetcher.html; 3 subscribers; feed-id=17684830852112633560)"
209.85.238.115 - - [28/Mar/2012:13:15:55 -0700] "GET /blog/feed/ HTTP/1.1" 200 6693 "-" "Feedfetcher-Google; (+http://www.google.com/feedfetcher.html; 3 subscribers; feed-id=17684830852112633560)"
98.172.15.254 - - [28/Mar/2012:13:16:17 -0700] "GET /favicon.ico HTTP/1.1" 404 169 "-" "Caffeinated/1.1.1 CFNetwork/520.3.2 Darwin/11.3.0 (x86_64) (MacBookPro8%2C1)"
98.172.15.254 - - [28/Mar/2012:13:16:43 -0700] "GET /favicon.ico HTTP/1.1" 404 169 "-" "Caffeinated/1.1.1 CFNetwork/520.3.2 Darwin/11.3.0 (x86_64) (MacBookPro8%2C1)"
209.85.224.96 - - [28/Mar/2012:13:16:51 -0700] "GET /stories/feed HTTP/1.1" 200 13653 "-" "FeedBurner/1.0 (http://www.FeedBurner.com)"
85.17.88.169 - - [28/Mar/2012:13:17:00 -0700] "POST /blog/wp-cron.php?doing_wp_cron=1332965600 HTTP/1.0" 499 0 "-" "WordPress/3.3.1; http://yuvi.in/blog"
209.85.224.81 - - [28/Mar/2012:13:17:00 -0700] "GET /blog/feed HTTP/1.1" 304 0 "-" "FeedBurner/1.0 (http://www.FeedBurner.com)"
98.172.15.254 - - [28/Mar/2012:13:17:43 -0700] "GET /favicon.ico HTTP/1.1" 404 169 "-" "Caffeinated/1.1.1 CFNetwork/520.3.2 Darwin/11.3.0 (x86_64) (MacBookPro8%2C1)"
98.172.15.254 - - [28/Mar/2012:13:18:16 -0700] "GET /favicon.ico HTTP/1.1" 404 169 "-" "Caffeinated/1.1.1 CFNetwork/520.3.2 Darwin/11.3.0 (x86_64) (MacBookPro8%2C1)"
98.172.15.254 - - [28/Mar/2012:13:19:13 -0700] "GET /favicon.ico HTTP/1.1" 404 169 "-" "Caffeinated/1.1.1 CFNetwork/520.3.2 Darwin/11.3.0 (x86_64) (MacBookPro8%2C1)"
98.172.15.254 - - [28/Mar/2012:13:19:46 -0700] "GET /favicon.ico HTTP/1.1" 404 169 "-" "Caffeinated/1.1.1 CFNetwork/520.3.2 Darwin/11.3.0 (x86_64) (MacBookPro8%2C1)"
128.100.109.24 - - [28/Mar/2012:13:20:23 -0700] "GET / HTTP/1.1" 200 1430 "http://www.google.ca/url?sa=t&rct=j&q=yuvipanda&source=web&cd=1&ved=0CCUQFjAA&url=http%3A%2F%2Fyuvi.in%2F&ei=qnFzT9WKGKHL0QGr3PX_Ag&usg=AFQjCNGCp_KinRzG9gFsQqxb60Cy8lsxnA" "Mozilla/5.0 (X11; Linux i686; rv:10.0.2) Gecko/20100101 Firefox/10.0.2"
128.100.109.24 - - [28/Mar/2012:13:20:23 -0700] "GET /blueprint/screen.css HTTP/1.1" 200 12058 "http://yuvi.in/" "Mozilla/5.0 (X11; Linux i686; rv:10.0.2) Gecko/20100101 Firefox/10.0.2"
128.100.109.24 - - [28/Mar/2012:13:20:23 -0700] "GET /blueprint/print.css HTTP/1.1" 200 1284 "http://yuvi.in/" "Mozilla/5.0 (X11; Linux i686; rv:10.0.2) Gecko/20100101 Firefox/10.0.2"
128.100.109.24 - - [28/Mar/2012:13:20:23 -0700] "GET /header.png HTTP/1.1" 200 14249 "http://yuvi.in/" "Mozilla/5.0 (X11; Linux i686; rv:10.0.2) Gecko/20100101 Firefox/10.0.2"
128.100.109.24 - - [28/Mar/2012:13:20:23 -0700] "GET /favicon.ico HTTP/1.1" 404 142 "-" "Mozilla/5.0 (X11; Linux i686; rv:10.0.2) Gecko/20100101 Firefox/10.0.2"
128.100.109.24 - - [28/Mar/2012:13:20:24 -0700] "GET /favicon.ico HTTP/1.1" 404 142 "-" "Mozilla/5.0 (X11; Linux i686; rv:10.0.2) Gecko/20100101 Firefox/10.0.2"
128.100.109.24 - - [28/Mar/2012:13:20:27 -0700] "GET /blog HTTP/1.1" 301 178 "http://yuvi.in/" "Mozilla/5.0 (X11; Linux i686; rv:10.0.2) Gecko/20100101 Firefox/10.0.2"
128.100.109.24 - - [28/Mar/2012:13:20:28 -0700] "GET /blog/ HTTP/1.1" 200 9195 "http://yuvi.in/" "Mozilla/5.0 (X11; Linux i686; rv:10.0.2) Gecko/20100101 Firefox/10.0.2"
128.100.109.24 - - [28/Mar/2012:13:20:28 -0700] "GET /blog/wp-content/themes/cleanr/js/jquery.dropdown.js?ver=3.3.1 HTTP/1.1" 200 535 "http://yuvi.in/blog/" "Mozilla/5.0 (X11; Linux i686; rv:10.0.2) Gecko/20100101 Firefox/10.0.2"
128.100.109.24 - - [28/Mar/2012:13:20:28 -0700] "GET /blog/wp-content/themes/cleanr/style.css HTTP/1.1" 200 10508 "http://yuvi.in/blog/" "Mozilla/5.0 (X11; Linux i686; rv:10.0.2) Gecko/20100101 Firefox/10.0.2"
128.100.109.24 - - [28/Mar/2012:13:20:28 -0700] "GET /blog/wp-includes/js/jquery/jquery.js?ver=1.7.1 HTTP/1.1" 200 93889 "http://yuvi.in/blog/" "Mozilla/5.0 (X11; Linux i686; rv:10.0.2) Gecko/20100101 Firefox/10.0.2"
128.100.109.24 - - [28/Mar/2012:13:20:29 -0700] "GET /blog/wp-content/themes/cleanr/css/reset.css HTTP/1.1" 200 648 "http://yuvi.in/blog/wp-content/themes/cleanr/style.css" "Mozilla/5.0 (X11; Linux i686; rv:10.0.2) Gecko/20100101 Firefox/10.0.2"
128.100.109.24 - - [28/Mar/2012:13:20:29 -0700] "GET /blog/wp-content/themes/cleanr/css/960.css HTTP/1.1" 200 3628 "http://yuvi.in/blog/wp-content/themes/cleanr/style.css" "Mozilla/5.0 (X11; Linux i686; rv:10.0.2) Gecko/20100101 Firefox/10.0.2"
128.100.109.24 - - [28/Mar/2012:13:20:29 -0700] "GET /blog/wp-content/themes/cleanr/css/text.css HTTP/1.1" 200 420 "http://yuvi.in/blog/wp-content/themes/cleanr/style.css" "Mozilla/5.0 (X11; Linux i686; rv:10.0.2) Gecko/20100101 Firefox/10.0.2"
128.100.109.24 - - [28/Mar/2012:13:20:31 -0700] "GET /blog/wp-content/themes/cleanr/images/search_magnifier.gif HTTP/1.1" 200 394 "http://yuvi.in/blog/" "Mozilla/5.0 (X11; Linux i686; rv:10.0.2) Gecko/20100101 Firefox/10.0.2"
98.172.15.254 - - [28/Mar/2012:13:20:37 -0700] "GET / HTTP/1.1" 304 0 "-" "Caffeinated/1.1.1 CFNetwork/520.3.2 Darwin/11.3.0 (x86_64) (MacBookPro8%2C1)"
98.172.15.254 - - [28/Mar/2012:13:20:38 -0700] "GET /favicon.ico HTTP/1.1" 404 169 "-" "Caffeinated/1.1.1 CFNetwork/520.3.2 Darwin/11.3.0 (x86_64) (MacBookPro8%2C1)"
98.172.15.254 - - [28/Mar/2012:13:21:14 -0700] "GET /favicon.ico HTTP/1.1" 404 169 "-" "Caffeinated/1.1.1 CFNetwork/520.3.2 Darwin/11.3.0 (x86_64) (MacBookPro8%2C1)"
98.172.15.254 - - [28/Mar/2012:13:22:15 -0700] "GET /favicon.ico HTTP/1.1" 404 169 "-" "Caffeinated/1.1.1 CFNetwork/520.3.2 Darwin/11.3.0 (x86_64) (MacBookPro8%2C1)"
109.161.173.17 - - [28/Mar/2012:13:23:08 -0700] "GET /r/1va HTTP/1.1" 301 255 "-" "Mozilla/5.0 (iPhone; CPU iPhone OS 5_1 like Mac OS X) AppleWebKit/534.46 (KHTML, like Gecko) Mobile/9B179"
109.161.173.17 - - [28/Mar/2012:13:23:09 -0700] "GET /s/ta/1va/ HTTP/1.1" 302 409 "-" "Mozilla/5.0 (iPhone; CPU iPhone OS 5_1 like Mac OS X) AppleWebKit/534.46 (KHTML, like Gecko) Mobile/9B179"
98.172.15.254 - - [28/Mar/2012:13:23:15 -0700] "GET /favicon.ico HTTP/1.1" 404 169 "-" "Caffeinated/1.1.1 CFNetwork/520.3.2 Darwin/11.3.0 (x86_64) (MacBookPro8%2C1)"
109.161.173.17 - - [28/Mar/2012:13:23:25 -0700] "GET /r/23z HTTP/1.1" 301 255 "-" "Mozilla/5.0 (iPhone; CPU iPhone OS 5_1 like Mac OS X) AppleWebKit/534.46 (KHTML, like Gecko) Mobile/9B179"
109.161.173.17 - - [28/Mar/2012:13:23:25 -0700] "GET /s/ta/23z/ HTTP/1.1" 302 397 "-" "Mozilla/5.0 (iPhone; CPU iPhone OS 5_1 like Mac OS X) AppleWebKit/534.46 (KHTML, like Gecko) Mobile/9B179"
98.172.15.254 - - [28/Mar/2012:13:23:43 -0700] "GET /favicon.ico HTTP/1.1" 404 169 "-" "Caffeinated/1.1.1 CFNetwork/520.3.2 Darwin/11.3.0 (x86_64) (MacBookPro8%2C1)"
98.172.15.254 - - [28/Mar/2012:13:24:42 -0700] "GET /favicon.ico HTTP/1.1" 404 169 "-" "Caffeinated/1.1.1 CFNetwork/520.3.2 Darwin/11.3.0 (x86_64) (MacBookPro8%2C1)"
98.172.15.254 - - [28/Mar/2012:13:25:10 -0700] "GET /favicon.ico HTTP/1.1" 404 169 "-" "Caffeinated/1.1.1 CFNetwork/520.3.2 Darwin/11.3.0 (x86_64) (MacBookPro8%2C1)"
98.172.15.254 - - [28/Mar/2012:13:26:08 -0700] "GET / HTTP/1.1" 304 0 "-" "Caffeinated/1.1.1 CFNetwork/520.3.2 Darwin/11.3.0 (x86_64) (MacBookPro8%2C1)"
98.172.15.254 - - [28/Mar/2012:13:26:08 -0700] "GET /favicon.ico HTTP/1.1" 404 169 "-" "Caffeinated/1.1.1 CFNetwork/520.3.2 Darwin/11.3.0 (x86_64) (MacBookPro8%2C1)"
98.172.15.254 - - [28/Mar/2012:13:26:39 -0700] "GET /favicon.ico HTTP/1.1" 404 169 "-" "Caffeinated/1.1.1 CFNetwork/520.3.2 Darwin/11.3.0 (x86_64) (MacBookPro8%2C1)"
122.174.91.152 - - [28/Mar/2012:13:26:44 -0700] "GET /r/1va HTTP/1.1" 301 255 "-" "Mozilla/5.0 (iPhone; CPU iPhone OS 5_1 like Mac OS X) AppleWebKit/534.46 (KHTML, like Gecko) Mobile/9B176"
122.174.91.152 - - [28/Mar/2012:13:26:44 -0700] "GET /s/ta/1va/ HTTP/1.1" 302 409 "-" "Mozilla/5.0 (iPhone; CPU iPhone OS 5_1 like Mac OS X) AppleWebKit/534.46 (KHTML, like Gecko) Mobile/9B176"
98.172.15.254 - - [28/Mar/2012:13:27:39 -0700] "GET /favicon.ico HTTP/1.1" 404 169 "-" "Caffeinated/1.1.1 CFNetwork/520.3.2 Darwin/11.3.0 (x86_64) (MacBookPro8%2C1)"
98.172.15.254 - - [28/Mar/2012:13:28:07 -0700] "GET /favicon.ico HTTP/1.1" 404 169 "-" "Caffeinated/1.1.1 CFNetwork/520.3.2 Darwin/11.3.0 (x86_64) (MacBookPro8%2C1)"
122.174.55.158 - - [28/Mar/2012:13:28:16 -0700] "-" 400 0 "-" "-"
66.249.68.106 - - [28/Mar/2012:13:28:35 -0700] "GET /chennai/stage/2714/ HTTP/1.1" 404 142 "-" "Mozilla/5.0 (compatible; Googlebot/2.1; +http://www.google.com/bot.html)"
98.172.15.254 - - [28/Mar/2012:13:29:08 -0700] "GET /favicon.ico HTTP/1.1" 404 169 "-" "Caffeinated/1.1.1 CFNetwork/520.3.2 Darwin/11.3.0 (x86_64) (MacBookPro8%2C1)"
98.172.15.254 - - [28/Mar/2012:13:29:36 -0700] "GET /favicon.ico HTTP/1.1" 404 169 "-" "Caffeinated/1.1.1 CFNetwork/520.3.2 Darwin/11.3.0 (x86_64) (MacBookPro8%2C1)"
98.172.15.254 - - [28/Mar/2012:13:30:37 -0700] "GET /favicon.ico HTTP/1.1" 404 169 "-" "Caffeinated/1.1.1 CFNetwork/520.3.2 Darwin/11.3.0 (x86_64) (MacBookPro8%2C1)"
66.249.67.123 - - [28/Mar/2012:13:30:47 -0700] "GET /apple-touch-icon.png HTTP/1.1" 404 142 "-" "Mozilla/5.0 (compatible; Googlebot/2.1; +http://www.google.com/bot.html)"
85.17.88.169 - - [28/Mar/2012:13:30:57 -0700] "POST /blog/wp-cron.php?doing_wp_cron=1332966437 HTTP/1.0" 499 0 "-" "WordPress/3.3.1; http://yuvi.in/blog"
100.43.83.144 - - [28/Mar/2012:13:30:58 -0700] "GET /blog/category/uncategorized/ HTTP/1.1" 200 23025 "-" "Mozilla/5.0 (compatible; YandexBot/3.0; +http://yandex.com/bots)"
100.43.83.144 - - [28/Mar/2012:13:31:02 -0700] "GET /blog/why-i-got-rid-of-my-fork-of-waffle.html HTTP/1.1" 200 2428 "-" "Mozilla/5.0 (compatible; YandexBot/3.0; +http://yandex.com/bots)"
98.172.15.254 - - [28/Mar/2012:13:31:04 -0700] "GET /favicon.ico HTTP/1.1" 404 169 "-" "Caffeinated/1.1.1 CFNetwork/520.3.2 Darwin/11.3.0 (x86_64) (MacBookPro8%2C1)"
85.17.88.169 - - [28/Mar/2012:13:31:06 -0700] "POST /blog/wp-cron.php?doing_wp_cron=1332966445 HTTP/1.0" 499 0 "-" "WordPress/3.3.1; http://yuvi.in/blog"
100.43.83.144 - - [28/Mar/2012:13:31:06 -0700] "GET /blog/sleepsort-4chan/ HTTP/1.1" 200 4805 "-" "Mozilla/5.0 (compatible; YandexBot/3.0; +http://yandex.com/bots)"
66.249.68.106 - - [28/Mar/2012:13:31:06 -0700] "GET /chennai/stage/2721/ HTTP/1.1" 404 142 "-" "Mozilla/5.0 (compatible; Googlebot/2.1; +http://www.google.com/bot.html)"
98.172.15.254 - - [28/Mar/2012:13:32:03 -0700] "GET / HTTP/1.1" 304 0 "-" "Caffeinated/1.1.1 CFNetwork/520.3.2 Darwin/11.3.0 (x86_64) (MacBookPro8%2C1)"
98.172.15.254 - - [28/Mar/2012:13:32:03 -0700] "GET /favicon.ico HTTP/1.1" 404 169 "-" "Caffeinated/1.1.1 CFNetwork/520.3.2 Darwin/11.3.0 (x86_64) (MacBookPro8%2C1)"
98.172.15.254 - - [28/Mar/2012:13:32:36 -0700] "GET /favicon.ico HTTP/1.1" 404 169 "-" "Caffeinated/1.1.1 CFNetwork/520.3.2 Darwin/11.3.0 (x86_64) (MacBookPro8%2C1)"
98.172.15.254 - - [28/Mar/2012:13:33:35 -0700] "GET /favicon.ico HTTP/1.1" 404 169 "-" "Caffeinated/1.1.1 CFNetwork/520.3.2 Darwin/11.3.0 (x86_64) (MacBookPro8%2C1)"
66.249.68.106 - - [28/Mar/2012:13:33:39 -0700] "GET /chennai/stage/2720/ HTTP/1.1" 404 142 "-" "Mozilla/5.0 (compatible; Googlebot/2.1; +http://www.google.com/bot.html)"
66.249.67.123 - - [28/Mar/2012:13:33:42 -0700] "GET /favicon.ico HTTP/1.1" 404 142 "-" "Mozilla/5.0 (compatible; Googlebot/2.1; +http://www.google.com/bot.html)"
98.172.15.254 - - [28/Mar/2012:13:34:01 -0700] "GET /favicon.ico HTTP/1.1" 404 169 "-" "Caffeinated/1.1.1 CFNetwork/520.3.2 Darwin/11.3.0 (x86_64) (MacBookPro8%2C1)"
98.172.15.254 - - [28/Mar/2012:13:35:35 -0700] "GET /favicon.ico HTTP/1.1" 404 169 "-" "Caffeinated/1.1.1 CFNetwork/520.3.2 Darwin/11.3.0 (x86_64) (MacBookPro8%2C1)"
98.172.15.254 - - [28/Mar/2012:13:36:00 -0700] "GET /favicon.ico HTTP/1.1" 404 169 "-" "Caffeinated/1.1.1 CFNetwork/520.3.2 Darwin/11.3.0 (x86_64) (MacBookPro8%2C1)"
98.172.15.254 - - [28/Mar/2012:13:36:48 -0700] "GET /favicon.ico HTTP/1.1" 404 169 "-" "Caffeinated/1.1.1 CFNetwork/520.3.2 Darwin/11.3.0 (x86_64) (MacBookPro8%2C1)"
98.172.15.254 - - [28/Mar/2012:13:37:30 -0700] "GET / HTTP/1.1" 304 0 "-" "Caffeinated/1.1.1 CFNetwork/520.3.2 Darwin/11.3.0 (x86_64) (MacBookPro8%2C1)"
98.172.15.254 - - [28/Mar/2012:13:37:30 -0700] "GET /favicon.ico HTTP/1.1" 404 169 "-" "Caffeinated/1.1.1 CFNetwork/520.3.2 Darwin/11.3.0 (x86_64) (MacBookPro8%2C1)"
98.172.15.254 - - [28/Mar/2012:13:38:30 -0700] "GET /favicon.ico HTTP/1.1" 404 169 "-" "Caffeinated/1.1.1 CFNetwork/520.3.2 Darwin/11.3.0 (x86_64) (MacBookPro8%2C1)"
66.249.68.106 - - [28/Mar/2012:13:38:43 -0700] "GET /chennai/stage/2722/ HTTP/1.1" 404 142 "-" "Mozilla/5.0 (compatible; Googlebot/2.1; +http://www.google.com/bot.html)"
98.172.15.254 - - [28/Mar/2012:13:39:09 -0700] "GET /favicon.ico HTTP/1.1" 404 169 "-" "Caffeinated/1.1.1 CFNetwork/520.3.2 Darwin/11.3.0 (x86_64) (MacBookPro8%2C1)"
98.172.15.254 - - [28/Mar/2012:13:39:59 -0700] "GET /favicon.ico HTTP/1.1" 404 169 "-" "Caffeinated/1.1.1 CFNetwork/520.3.2 Darwin/11.3.0 (x86_64) (MacBookPro8%2C1)"
98.172.15.254 - - [28/Mar/2012:13:40:38 -0700] "GET /favicon.ico HTTP/1.1" 404 169 "-" "Caffeinated/1.1.1 CFNetwork/520.3.2 Darwin/11.3.0 (x86_64) (MacBookPro8%2C1)"
66.249.68.106 - - [28/Mar/2012:13:41:16 -0700] "GET /chennai/stage/2726/ HTTP/1.1" 404 142 "-" "Mozilla/5.0 (compatible; Googlebot/2.1; +http://www.google.com/bot.html)"
209.85.238.115 - - [28/Mar/2012:13:41:30 -0700] "GET /blog/feed/ HTTP/1.1" 200 6693 "-" "Feedfetcher-Google; (+http://www.google.com/feedfetcher.html; 18 subscribers; feed-id=15064232456473204253)"
98.172.15.254 - - [28/Mar/2012:13:41:36 -0700] "GET /favicon.ico HTTP/1.1" 404 169 "-" "Caffeinated/1.1.1 CFNetwork/520.3.2 Darwin/11.3.0 (x86_64) (MacBookPro8%2C1)"
98.172.15.254 - - [28/Mar/2012:13:42:04 -0700] "GET /favicon.ico HTTP/1.1" 404 169 "-" "Caffeinated/1.1.1 CFNetwork/520.3.2 Darwin/11.3.0 (x86_64) (MacBookPro8%2C1)"
98.172.15.254 - - [28/Mar/2012:13:43:04 -0700] "GET / HTTP/1.1" 304 0 "-" "Caffeinated/1.1.1 CFNetwork/520.3.2 Darwin/11.3.0 (x86_64) (MacBookPro8%2C1)"
98.172.15.254 - - [28/Mar/2012:13:43:04 -0700] "GET /favicon.ico HTTP/1.1" 404 169 "-" "Caffeinated/1.1.1 CFNetwork/520.3.2 Darwin/11.3.0 (x86_64) (MacBookPro8%2C1)"
98.172.15.254 - - [28/Mar/2012:13:43:29 -0700] "GET /favicon.ico HTTP/1.1" 404 169 "-" "Caffeinated/1.1.1 CFNetwork/520.3.2 Darwin/11.3.0 (x86_64) (MacBookPro8%2C1)"
66.249.68.106 - - [28/Mar/2012:13:43:48 -0700] "GET /chennai/stage/2727/ HTTP/1.1" 404 142 "-" "Mozilla/5.0 (compatible; Googlebot/2.1; +http://www.google.com/bot.html)"
98.172.15.254 - - [28/Mar/2012:13:44:29 -0700] "GET /favicon.ico HTTP/1.1" 404 169 "-" "Caffeinated/1.1.1 CFNetwork/520.3.2 Darwin/11.3.0 (x86_64) (MacBookPro8%2C1)"
98.172.15.254 - - [28/Mar/2012:13:44:59 -0700] "GET /favicon.ico HTTP/1.1" 404 169 "-" "Caffeinated/1.1.1 CFNetwork/520.3.2 Darwin/11.3.0 (x86_64) (MacBookPro8%2C1)"
98.172.15.254 - - [28/Mar/2012:13:45:57 -0700] "GET /favicon.ico HTTP/1.1" 404 169 "-" "Caffeinated/1.1.1 CFNetwork/520.3.2 Darwin/11.3.0 (x86_64) (MacBookPro8%2C1)"
66.249.68.106 - - [28/Mar/2012:13:46:21 -0700] "GET /chennai/stage/2723/ HTTP/1.1" 404 142 "-" "Mozilla/5.0 (compatible; Googlebot/2.1; +http://www.google.com/bot.html)"
98.172.15.254 - - [28/Mar/2012:13:46:27 -0700] "GET /favicon.ico HTTP/1.1" 404 169 "-" "Caffeinated/1.1.1 CFNetwork/520.3.2 Darwin/11.3.0 (x86_64) (MacBookPro8%2C1)"
98.172.15.254 - - [28/Mar/2012:13:47:25 -0700] "GET /favicon.ico HTTP/1.1" 404 169 "-" "Caffeinated/1.1.1 CFNetwork/520.3.2 Darwin/11.3.0 (x86_64) (MacBookPro8%2C1)"
98.172.15.254 - - [28/Mar/2012:13:47:54 -0700] "GET /favicon.ico HTTP/1.1" 404 169 "-" "Caffeinated/1.1.1 CFNetwork/520.3.2 Darwin/11.3.0 (x86_64) (MacBookPro8%2C1)"
98.172.15.254 - - [28/Mar/2012:13:48:53 -0700] "GET / HTTP/1.1" 304 0 "-" "Caffeinated/1.1.1 CFNetwork/520.3.2 Darwin/11.3.0 (x86_64) (MacBookPro8%2C1)"
98.172.15.254 - - [28/Mar/2012:13:48:53 -0700] "GET /favicon.ico HTTP/1.1" 404 169 "-" "Caffeinated/1.1.1 CFNetwork/520.3.2 Darwin/11.3.0 (x86_64) (MacBookPro8%2C1)"
98.172.15.254 - - [28/Mar/2012:13:49:18 -0700] "GET /favicon.ico HTTP/1.1" 404 169 "-" "Caffeinated/1.1.1 CFNetwork/520.3.2 Darwin/11.3.0 (x86_64) (MacBookPro8%2C1)"
98.172.15.254 - - [28/Mar/2012:13:50:18 -0700] "GET /favicon.ico HTTP/1.1" 404 169 "-" "Caffeinated/1.1.1 CFNetwork/520.3.2 Darwin/11.3.0 (x86_64) (MacBookPro8%2C1)"
98.172.15.254 - - [28/Mar/2012:13:50:50 -0700] "GET /favicon.ico HTTP/1.1" 404 169 "-" "Caffeinated/1.1.1 CFNetwork/520.3.2 Darwin/11.3.0 (x86_64) (MacBookPro8%2C1)"
98.172.15.254 - - [28/Mar/2012:13:51:49 -0700] "GET /favicon.ico HTTP/1.1" 404 169 "-" "Caffeinated/1.1.1 CFNetwork/520.3.2 Darwin/11.3.0 (x86_64) (MacBookPro8%2C1)"
85.17.88.169 - - [28/Mar/2012:13:51:54 -0700] "POST /blog/wp-cron.php?doing_wp_cron=1332967694 HTTP/1.0" 499 0 "-" "WordPress/3.3.1; http://yuvi.in/blog"
209.85.224.85 - - [28/Mar/2012:13:51:55 -0700] "GET /blog/feed HTTP/1.1" 304 0 "-" "FeedBurner/1.0 (http://www.FeedBurner.com)"
98.172.15.254 - - [28/Mar/2012:13:52:20 -0700] "GET /favicon.ico HTTP/1.1" 404 169 "-" "Caffeinated/1.1.1 CFNetwork/520.3.2 Darwin/11.3.0 (x86_64) (MacBookPro8%2C1)"
98.172.15.254 - - [28/Mar/2012:13:53:19 -0700] "GET /favicon.ico HTTP/1.1" 404 169 "-" "Caffeinated/1.1.1 CFNetwork/520.3.2 Darwin/11.3.0 (x86_64) (MacBookPro8%2C1)"
98.172.15.254 - - [28/Mar/2012:13:53:48 -0700] "GET /favicon.ico HTTP/1.1" 404 169 "-" "Caffeinated/1.1.1 CFNetwork/520.3.2 Darwin/11.3.0 (x86_64) (MacBookPro8%2C1)"
85.17.88.169 - - [28/Mar/2012:13:53:57 -0700] "POST /blog/wp-cron.php?doing_wp_cron=1332967816 HTTP/1.0" 499 0 "-" "WordPress/3.3.1; http://yuvi.in/blog"
66.249.67.123 - - [28/Mar/2012:13:53:57 -0700] "GET /blog/tag/crime/ HTTP/1.1" 200 8148 "-" "Mozilla/5.0 (iPhone; U; CPU iPhone OS 4_1 like Mac OS X; en-us) AppleWebKit/532.9 (KHTML, like Gecko) Version/4.0.5 Mobile/8B117 Safari/6531.22.7 (compatible; Googlebot-Mobile/2.1; +http://www.google.com/bot.html)"
66.249.68.106 - - [28/Mar/2012:13:53:58 -0700] "GET /chennai/stage/2725/ HTTP/1.1" 404 142 "-" "Mozilla/5.0 (compatible; Googlebot/2.1; +http://www.google.com/bot.html)"
98.172.15.254 - - [28/Mar/2012:13:54:47 -0700] "GET / HTTP/1.1" 304 0 "-" "Caffeinated/1.1.1 CFNetwork/520.3.2 Darwin/11.3.0 (x86_64) (MacBookPro8%2C1)"
98.172.15.254 - - [28/Mar/2012:13:54:47 -0700] "GET /favicon.ico HTTP/1.1" 404 169 "-" "Caffeinated/1.1.1 CFNetwork/520.3.2 Darwin/11.3.0 (x86_64) (MacBookPro8%2C1)"
98.172.15.254 - - [28/Mar/2012:13:55:33 -0700] "GET /favicon.ico HTTP/1.1" 404 169 "-" "Caffeinated/1.1.1 CFNetwork/520.3.2 Darwin/11.3.0 (x86_64) (MacBookPro8%2C1)"
98.172.15.254 - - [28/Mar/2012:13:56:19 -0700] "GET /favicon.ico HTTP/1.1" 404 169 "-" "Caffeinated/1.1.1 CFNetwork/520.3.2 Darwin/11.3.0 (x86_64) (MacBookPro8%2C1)"
98.172.15.254 - - [28/Mar/2012:13:57:02 -0700] "GET /favicon.ico HTTP/1.1" 404 169 "-" "Caffeinated/1.1.1 CFNetwork/520.3.2 Darwin/11.3.0 (x86_64) (MacBookPro8%2C1)"
98.172.15.254 - - [28/Mar/2012:13:57:54 -0700] "GET /favicon.ico HTTP/1.1" 404 169 "-" "Caffeinated/1.1.1 CFNetwork/520.3.2 Darwin/11.3.0 (x86_64) (MacBookPro8%2C1)"
98.172.15.254 - - [28/Mar/2012:13:58:46 -0700] "GET /favicon.ico HTTP/1.1" 404 169 "-" "Caffeinated/1.1.1 CFNetwork/520.3.2 Darwin/11.3.0 (x86_64) (MacBookPro8%2C1)"
98.172.15.254 - - [28/Mar/2012:13:59:23 -0700] "GET /favicon.ico HTTP/1.1" 404 169 "-" "Caffeinated/1.1.1 CFNetwork/520.3.2 Darwin/11.3.0 (x86_64) (MacBookPro8%2C1)"
98.172.15.254 - - [28/Mar/2012:14:00:13 -0700] "GET / HTTP/1.1" 304 0 "-" "Caffeinated/1.1.1 CFNetwork/520.3.2 Darwin/11.3.0 (x86_64) (MacBookPro8%2C1)"
98.172.15.254 - - [28/Mar/2012:14:00:13 -0700] "GET /favicon.ico HTTP/1.1" 404 169 "-" "Caffeinated/1.1.1 CFNetwork/520.3.2 Darwin/11.3.0 (x86_64) (MacBookPro8%2C1)"
98.172.15.254 - - [28/Mar/2012:14:01:02 -0700] "GET /favicon.ico HTTP/1.1" 404 169 "-" "Caffeinated/1.1.1 CFNetwork/520.3.2 Darwin/11.3.0 (x86_64) (MacBookPro8%2C1)"
98.172.15.254 - - [28/Mar/2012:14:01:58 -0700] "GET /favicon.ico HTTP/1.1" 404 169 "-" "Caffeinated/1.1.1 CFNetwork/520.3.2 Darwin/11.3.0 (x86_64) (MacBookPro8%2C1)"
98.172.15.254 - - [28/Mar/2012:14:02:36 -0700] "GET /favicon.ico HTTP/1.1" 404 169 "-" "Caffeinated/1.1.1 CFNetwork/520.3.2 Darwin/11.3.0 (x86_64) (MacBookPro8%2C1)"
98.172.15.254 - - [28/Mar/2012:14:03:30 -0700] "GET /favicon.ico HTTP/1.1" 404 169 "-" "Caffeinated/1.1.1 CFNetwork/520.3.2 Darwin/11.3.0 (x86_64) (MacBookPro8%2C1)"
98.172.15.254 - - [28/Mar/2012:14:04:12 -0700] "GET /favicon.ico HTTP/1.1" 404 169 "-" "Caffeinated/1.1.1 CFNetwork/520.3.2 Darwin/11.3.0 (x86_64) (MacBookPro8%2C1)"
98.172.15.254 - - [28/Mar/2012:14:04:59 -0700] "GET /favicon.ico HTTP/1.1" 404 169 "-" "Caffeinated/1.1.1 CFNetwork/520.3.2 Darwin/11.3.0 (x86_64) (MacBookPro8%2C1)"
98.172.15.254 - - [28/Mar/2012:14:05:37 -0700] "GET / HTTP/1.1" 304 0 "-" "Caffeinated/1.1.1 CFNetwork/520.3.2 Darwin/11.3.0 (x86_64) (MacBookPro8%2C1)"
98.172.15.254 - - [28/Mar/2012:14:05:37 -0700] "GET /favicon.ico HTTP/1.1" 404 169 "-" "Caffeinated/1.1.1 CFNetwork/520.3.2 Darwin/11.3.0 (x86_64) (MacBookPro8%2C1)"
101.226.33.190 - - [28/Mar/2012:14:06:18 -0700] "GET /blog/feed HTTP/1.0" 304 0 "-" "Mozilla/4.0 (compatible; Windows;)"
98.172.15.254 - - [28/Mar/2012:14:06:23 -0700] "GET /favicon.ico HTTP/1.1" 404 169 "-" "Caffeinated/1.1.1 CFNetwork/520.3.2 Darwin/11.3.0 (x86_64) (MacBookPro8%2C1)"
66.249.73.26 - - [28/Mar/2012:14:06:40 -0700] "GET /robots.txt HTTP/1.1" 404 142 "-" "Mozilla/5.0 (compatible; Googlebot/2.1; +http://www.google.com/bot.html)"
66.249.73.26 - - [28/Mar/2012:14:06:40 -0700] "GET /chennai/stage/2728/ HTTP/1.1" 404 142 "-" "Mozilla/5.0 (compatible; Googlebot/2.1; +http://www.google.com/bot.html)"
66.249.73.27 - - [28/Mar/2012:14:06:58 -0700] "GET /robots.txt HTTP/1.1" 404 142 "-" "Mozilla/5.0 (compatible; Googlebot/2.1; +http://www.google.com/bot.html)"
66.249.73.27 - - [28/Mar/2012:14:06:58 -0700] "GET /favicon.ico HTTP/1.1" 404 142 "-" "Mozilla/5.0 (compatible; Googlebot/2.1; +http://www.google.com/bot.html)"
98.172.15.254 - - [28/Mar/2012:14:07:10 -0700] "GET /favicon.ico HTTP/1.1" 404 169 "-" "Caffeinated/1.1.1 CFNetwork/520.3.2 Darwin/11.3.0 (x86_64) (MacBookPro8%2C1)"
98.172.15.254 - - [28/Mar/2012:14:08:13 -0700] "GET /favicon.ico HTTP/1.1" 404 169 "-" "Caffeinated/1.1.1 CFNetwork/520.3.2 Darwin/11.3.0 (x86_64) (MacBookPro8%2C1)"
66.249.73.27 - - [28/Mar/2012:14:08:19 -0700] "GET /apple-touch-icon.png HTTP/1.1" 404 142 "-" "Mozilla/5.0 (compatible; Googlebot/2.1; +http://www.google.com/bot.html)"
98.172.15.254 - - [28/Mar/2012:14:08:54 -0700] "GET /favicon.ico HTTP/1.1" 404 169 "-" "Caffeinated/1.1.1 CFNetwork/520.3.2 Darwin/11.3.0 (x86_64) (MacBookPro8%2C1)"
66.249.73.26 - - [28/Mar/2012:14:09:12 -0700] "GET /chennai/stage/2733/ HTTP/1.1" 404 142 "-" "Mozilla/5.0 (compatible; Googlebot/2.1; +http://www.google.com/bot.html)"
98.172.15.254 - - [28/Mar/2012:14:09:46 -0700] "GET /favicon.ico HTTP/1.1" 404 169 "-" "Caffeinated/1.1.1 CFNetwork/520.3.2 Darwin/11.3.0 (x86_64) (MacBookPro8%2C1)"
98.172.15.254 - - [28/Mar/2012:14:10:26 -0700] "GET /favicon.ico HTTP/1.1" 404 169 "-" "Caffeinated/1.1.1 CFNetwork/520.3.2 Darwin/11.3.0 (x86_64) (MacBookPro8%2C1)"
98.172.15.254 - - [28/Mar/2012:14:11:15 -0700] "GET / HTTP/1.1" 304 0 "-" "Caffeinated/1.1.1 CFNetwork/520.3.2 Darwin/11.3.0 (x86_64) (MacBookPro8%2C1)"
98.172.15.254 - - [28/Mar/2012:14:11:15 -0700] "GET /favicon.ico HTTP/1.1" 404 169 "-" "Caffeinated/1.1.1 CFNetwork/520.3.2 Darwin/11.3.0 (x86_64) (MacBookPro8%2C1)"
66.249.73.26 - - [28/Mar/2012:14:11:45 -0700] "GET /chennai/stage/2732/ HTTP/1.1" 404 142 "-" "Mozilla/5.0 (compatible; Googlebot/2.1; +http://www.google.com/bot.html)"
98.172.15.254 - - [28/Mar/2012:14:11:50 -0700] "GET /favicon.ico HTTP/1.1" 404 169 "-" "Caffeinated/1.1.1 CFNetwork/520.3.2 Darwin/11.3.0 (x86_64) (MacBookPro8%2C1)"
15.203.233.75 - - [28/Mar/2012:14:11:52 -0700] "GET /r/11b0 HTTP/1.1" 301 257 "http://ta.wikipedia.org/wiki/%E0%AE%AA%E0%AF%86%E0%AE%B0%E0%AE%BF%E0%AE%AF%E0%AE%AA%E0%AF%81%E0%AE%B0%E0%AE%BE%E0%AE%A3%E0%AE%AE%E0%AF%8D" "Mozilla/5.0 (compatible; MSIE 9.0; Windows NT 6.0; Trident/5.0)"
15.203.233.75 - - [28/Mar/2012:14:11:52 -0700] "GET /s/ta/11b0/ HTTP/1.1" 302 409 "http://ta.wikipedia.org/wiki/%E0%AE%AA%E0%AF%86%E0%AE%B0%E0%AE%BF%E0%AE%AF%E0%AE%AA%E0%AF%81%E0%AE%B0%E0%AE%BE%E0%AE%A3%E0%AE%AE%E0%AF%8D" "Mozilla/5.0 (compatible; MSIE 9.0; Windows NT 6.0; Trident/5.0)"
98.172.15.254 - - [28/Mar/2012:14:12:41 -0700] "GET /favicon.ico HTTP/1.1" 404 169 "-" "Caffeinated/1.1.1 CFNetwork/520.3.2 Darwin/11.3.0 (x86_64) (MacBookPro8%2C1)"
131.216.14.1 - - [28/Mar/2012:14:13:08 -0700] "GET /favicon.ico HTTP/1.1" 404 199 "http://prashanth-kamle.blogspot.com/2009/03/viterbi-algorithm-for-second-order.html" "Mozilla/5.0 (X11; Linux i686) AppleWebKit/535.11 (KHTML, like Gecko) Chrome/17.0.963.83 Safari/535.11"
98.172.15.254 - - [28/Mar/2012:14:13:16 -0700] "GET /favicon.ico HTTP/1.1" 404 169 "-" "Caffeinated/1.1.1 CFNetwork/520.3.2 Darwin/11.3.0 (x86_64) (MacBookPro8%2C1)"
98.172.15.254 - - [28/Mar/2012:14:14:08 -0700] "GET /favicon.ico HTTP/1.1" 404 169 "-" "Caffeinated/1.1.1 CFNetwork/520.3.2 Darwin/11.3.0 (x86_64) (MacBookPro8%2C1)"
66.249.73.23 - - [28/Mar/2012:14:14:17 -0700] "GET /robots.txt HTTP/1.1" 404 211 "-" "Mozilla/5.0 (compatible; Googlebot/2.1; +http://www.google.com/bot.html)"
66.249.73.23 - - [28/Mar/2012:14:14:18 -0700] "GET /s/ta/4yt/ HTTP/1.1" 302 421 "-" "Mozilla/5.0 (compatible; Googlebot/2.1; +http://www.google.com/bot.html)"
85.17.88.169 - - [28/Mar/2012:14:14:33 -0700] "POST /blog/wp-cron.php?doing_wp_cron=1332969052 HTTP/1.0" 499 0 "-" "WordPress/3.3.1; http://yuvi.in/blog"
209.85.238.178 - - [28/Mar/2012:14:14:33 -0700] "GET /blog/feed HTTP/1.1" 301 0 "-" "Feedfetcher-Google; (+http://www.google.com/feedfetcher.html; 3 subscribers; feed-id=17684830852112633560)"
85.17.88.169 - - [28/Mar/2012:14:14:36 -0700] "POST /blog/wp-cron.php?doing_wp_cron=1332969055 HTTP/1.0" 200 0 "-" "WordPress/3.3.1; http://yuvi.in/blog"
209.85.238.178 - - [28/Mar/2012:14:14:36 -0700] "GET /blog/feed/ HTTP/1.1" 304 0 "-" "Feedfetcher-Google; (+http://www.google.com/feedfetcher.html; 3 subscribers; feed-id=17684830852112633560)"
98.172.15.254 - - [28/Mar/2012:14:14:42 -0700] "GET /favicon.ico HTTP/1.1" 404 169 "-" "Caffeinated/1.1.1 CFNetwork/520.3.2 Darwin/11.3.0 (x86_64) (MacBookPro8%2C1)"
98.172.15.254 - - [28/Mar/2012:14:15:34 -0700] "GET /favicon.ico HTTP/1.1" 404 169 "-" "Caffeinated/1.1.1 CFNetwork/520.3.2 Darwin/11.3.0 (x86_64) (MacBookPro8%2C1)"
98.172.15.254 - - [28/Mar/2012:14:16:09 -0700] "GET /favicon.ico HTTP/1.1" 404 169 "-" "Caffeinated/1.1.1 CFNetwork/520.3.2 Darwin/11.3.0 (x86_64) (MacBookPro8%2C1)"
66.249.73.26 - - [28/Mar/2012:14:16:50 -0700] "GET /chennai/stage/2731/ HTTP/1.1" 404 142 "-" "Mozilla/5.0 (compatible; Googlebot/2.1; +http://www.google.com/bot.html)"
209.85.224.85 - - [28/Mar/2012:14:17:00 -0700] "GET /stories/feed HTTP/1.1" 200 13653 "-" "FeedBurner/1.0 (http://www.FeedBurner.com)"
98.172.15.254 - - [28/Mar/2012:14:17:03 -0700] "GET / HTTP/1.1" 304 0 "-" "Caffeinated/1.1.1 CFNetwork/520.3.2 Darwin/11.3.0 (x86_64) (MacBookPro8%2C1)"
98.172.15.254 - - [28/Mar/2012:14:17:03 -0700] "GET /favicon.ico HTTP/1.1" 404 169 "-" "Caffeinated/1.1.1 CFNetwork/520.3.2 Darwin/11.3.0 (x86_64) (MacBookPro8%2C1)"
98.172.15.254 - - [28/Mar/2012:14:17:34 -0700] "GET /favicon.ico HTTP/1.1" 404 169 "-" "Caffeinated/1.1.1 CFNetwork/520.3.2 Darwin/11.3.0 (x86_64) (MacBookPro8%2C1)"
98.172.15.254 - - [28/Mar/2012:14:18:30 -0700] "GET /favicon.ico HTTP/1.1" 404 169 "-" "Caffeinated/1.1.1 CFNetwork/520.3.2 Darwin/11.3.0 (x86_64) (MacBookPro8%2C1)"
98.172.15.254 - - [28/Mar/2012:14:19:09 -0700] "GET /favicon.ico HTTP/1.1" 404 169 "-" "Caffeinated/1.1.1 CFNetwork/520.3.2 Darwin/11.3.0 (x86_64) (MacBookPro8%2C1)"
207.46.204.169 - - [28/Mar/2012:14:20:02 -0700] "-" 400 0 "-" "-"
207.46.204.169 - - [28/Mar/2012:14:20:06 -0700] "-" 400 0 "-" "-"
207.46.204.169 - - [28/Mar/2012:14:20:06 -0700] "-" 400 0 "-" "-"
207.46.204.169 - - [28/Mar/2012:14:20:06 -0700] "-" 400 0 "-" "-"
98.172.15.254 - - [28/Mar/2012:14:20:07 -0700] "GET /favicon.ico HTTP/1.1" 404 169 "-" "Caffeinated/1.1.1 CFNetwork/520.3.2 Darwin/11.3.0 (x86_64) (MacBookPro8%2C1)"
207.46.204.169 - - [28/Mar/2012:14:20:07 -0700] "-" 400 0 "-" "-"
207.46.204.169 - - [28/Mar/2012:14:20:08 -0700] "-" 400 0 "-" "-"
207.46.204.169 - - [28/Mar/2012:14:20:09 -0700] "-" 400 0 "-" "-"
207.46.204.169 - - [28/Mar/2012:14:20:09 -0700] "-" 400 0 "-" "-"
207.46.204.169 - - [28/Mar/2012:14:20:09 -0700] "-" 400 0 "-" "-"
207.46.204.169 - - [28/Mar/2012:14:20:10 -0700] "-" 400 0 "-" "-"
207.46.204.169 - - [28/Mar/2012:14:20:36 -0700] "-" 400 0 "-" "-"
98.172.15.254 - - [28/Mar/2012:14:20:41 -0700] "GET /favicon.ico HTTP/1.1" 404 169 "-" "Caffeinated/1.1.1 CFNetwork/520.3.2 Darwin/11.3.0 (x86_64) (MacBookPro8%2C1)"
98.172.15.254 - - [28/Mar/2012:14:21:34 -0700] "GET /favicon.ico HTTP/1.1" 404 169 "-" "Caffeinated/1.1.1 CFNetwork/520.3.2 Darwin/11.3.0 (x86_64) (MacBookPro8%2C1)"
98.172.15.254 - - [28/Mar/2012:14:22:09 -0700] "GET / HTTP/1.1" 304 0 "-" "Caffeinated/1.1.1 CFNetwork/520.3.2 Darwin/11.3.0 (x86_64) (MacBookPro8%2C1)"
98.172.15.254 - - [28/Mar/2012:14:22:09 -0700] "GET /favicon.ico HTTP/1.1" 404 169 "-" "Caffeinated/1.1.1 CFNetwork/520.3.2 Darwin/11.3.0 (x86_64) (MacBookPro8%2C1)"
207.46.204.163 - - [28/Mar/2012:14:22:42 -0700] "-" 400 0 "-" "-"
207.46.204.163 - - [28/Mar/2012:14:22:42 -0700] "-" 400 0 "-" "-"
207.46.204.163 - - [28/Mar/2012:14:22:42 -0700] "-" 400 0 "-" "-"
207.46.204.163 - - [28/Mar/2012:14:22:42 -0700] "-" 400 0 "-" "-"
207.46.204.163 - - [28/Mar/2012:14:22:42 -0700] "-" 400 0 "-" "-"
207.46.204.163 - - [28/Mar/2012:14:22:43 -0700] "-" 400 0 "-" "-"
207.46.204.163 - - [28/Mar/2012:14:22:43 -0700] "-" 400 0 "-" "-"
207.46.204.163 - - [28/Mar/2012:14:22:43 -0700] "-" 400 0 "-" "-"
66.249.73.26 - - [28/Mar/2012:14:22:54 -0700] "GET /chennai/stage/2730/ HTTP/1.1" 404 142 "-" "Mozilla/5.0 (compatible; Googlebot/2.1; +http://www.google.com/bot.html)"
98.172.15.254 - - [28/Mar/2012:14:23:01 -0700] "GET /favicon.ico HTTP/1.1" 404 169 "-" "Caffeinated/1.1.1 CFNetwork/520.3.2 Darwin/11.3.0 (x86_64) (MacBookPro8%2C1)"
207.46.204.163 - - [28/Mar/2012:14:23:13 -0700] "-" 400 0 "-" "-"
207.46.204.163 - - [28/Mar/2012:14:23:14 -0700] "-" 400 0 "-" "-"
207.46.204.163 - - [28/Mar/2012:14:23:14 -0700] "-" 400 0 "-" "-"
98.172.15.254 - - [28/Mar/2012:14:23:42 -0700] "GET /favicon.ico HTTP/1.1" 404 169 "-" "Caffeinated/1.1.1 CFNetwork/520.3.2 Darwin/11.3.0 (x86_64) (MacBookPro8%2C1)"
209.117.161.166 - - [28/Mar/2012:14:24:03 -0700] "GET / HTTP/1.1" 200 3439 "-" "-"
66.249.73.26 - - [28/Mar/2012:14:24:13 -0700] "GET /chennai/stage/2729/ HTTP/1.1" 404 142 "-" "Mozilla/5.0 (compatible; Googlebot/2.1; +http://www.google.com/bot.html)"
98.172.15.254 - - [28/Mar/2012:14:24:30 -0700] "GET /favicon.ico HTTP/1.1" 404 169 "-" "Caffeinated/1.1.1 CFNetwork/520.3.2 Darwin/11.3.0 (x86_64) (MacBookPro8%2C1)"
98.172.15.254 - - [28/Mar/2012:14:25:12 -0700] "GET /favicon.ico HTTP/1.1" 404 169 "-" "Caffeinated/1.1.1 CFNetwork/520.3.2 Darwin/11.3.0 (x86_64) (MacBookPro8%2C1)"
208.115.113.84 - - [28/Mar/2012:14:25:49 -0700] "GET /robots.txt HTTP/1.1" 404 169 "-" "Mozilla/5.0 (compatible; Ezooms/1.0; ezooms.bot@gmail.com)"
98.172.15.254 - - [28/Mar/2012:14:25:58 -0700] "GET /favicon.ico HTTP/1.1" 404 169 "-" "Caffeinated/1.1.1 CFNetwork/520.3.2 Darwin/11.3.0 (x86_64) (MacBookPro8%2C1)"
98.172.15.254 - - [28/Mar/2012:14:26:40 -0700] "GET /favicon.ico HTTP/1.1" 404 169 "-" "Caffeinated/1.1.1 CFNetwork/520.3.2 Darwin/11.3.0 (x86_64) (MacBookPro8%2C1)"
66.249.73.26 - - [28/Mar/2012:14:26:40 -0700] "GET /chennai/stage/2747/ HTTP/1.1" 404 142 "-" "Mozilla/5.0 (compatible; Googlebot/2.1; +http://www.google.com/bot.html)"
80.67.0.130 - - [28/Mar/2012:14:27:26 -0700] "GET /r/3fh HTTP/1.0" 301 255 "-" "-"
80.67.0.130 - - [28/Mar/2012:14:27:26 -0700] "GET /r/vz2 HTTP/1.0" 301 255 "-" "-"
98.172.15.254 - - [28/Mar/2012:14:27:27 -0700] "GET / HTTP/1.1" 304 0 "-" "Caffeinated/1.1.1 CFNetwork/520.3.2 Darwin/11.3.0 (x86_64) (MacBookPro8%2C1)"
98.172.15.254 - - [28/Mar/2012:14:27:27 -0700] "GET /favicon.ico HTTP/1.1" 404 169 "-" "Caffeinated/1.1.1 CFNetwork/520.3.2 Darwin/11.3.0 (x86_64) (MacBookPro8%2C1)"
176.74.192.88 - - [28/Mar/2012:14:27:49 -0700] "GET / HTTP/1.0" 206 3439 "-" "-"
176.74.192.88 - - [28/Mar/2012:14:27:51 -0700] "GET /blog/cheese-2-31-1-released.html HTTP/1.0" 200 10050 "-" "-"
85.17.88.169 - - [28/Mar/2012:14:27:51 -0700] "POST /blog/wp-cron.php?doing_wp_cron=1332969850 HTTP/1.0" 499 0 "-" "WordPress/3.3.1; http://yuvi.in/blog"
176.74.192.88 - - [28/Mar/2012:14:27:53 -0700] "GET /blog/ HTTP/1.0" 200 33142 "-" "-"
98.172.15.254 - - [28/Mar/2012:14:28:09 -0700] "GET /favicon.ico HTTP/1.1" 404 169 "-" "Caffeinated/1.1.1 CFNetwork/520.3.2 Darwin/11.3.0 (x86_64) (MacBookPro8%2C1)"
98.172.15.254 - - [28/Mar/2012:14:29:01 -0700] "GET /favicon.ico HTTP/1.1" 404 169 "-" "Caffeinated/1.1.1 CFNetwork/520.3.2 Darwin/11.3.0 (x86_64) (MacBookPro8%2C1)"
85.17.88.169 - - [28/Mar/2012:14:29:31 -0700] "POST /blog/wp-cron.php?doing_wp_cron=1332969950 HTTP/1.0" 499 0 "-" "WordPress/3.3.1; http://yuvi.in/blog"
37.59.80.66 - - [28/Mar/2012:14:29:31 -0700] "GET /blog/greatest-fear-flash-fade/ HTTP/1.0" 200 18010 "http://yuvi.in/blog/greatest-fear-flash-fade/" "Mozilla/4.0 (compatible; MSIE 6.0; Windows NT 5.0; Avant Browser [avantbrowser.com]; Hotbar 4.4.5.0)"
98.172.15.254 - - [28/Mar/2012:14:29:40 -0700] "GET /favicon.ico HTTP/1.1" 404 169 "-" "Caffeinated/1.1.1 CFNetwork/520.3.2 Darwin/11.3.0 (x86_64) (MacBookPro8%2C1)"
98.172.15.254 - - [28/Mar/2012:14:30:32 -0700] "GET /favicon.ico HTTP/1.1" 404 169 "-" "Caffeinated/1.1.1 CFNetwork/520.3.2 Darwin/11.3.0 (x86_64) (MacBookPro8%2C1)"
98.172.15.254 - - [28/Mar/2012:14:31:07 -0700] "GET /favicon.ico HTTP/1.1" 404 169 "-" "Caffeinated/1.1.1 CFNetwork/520.3.2 Darwin/11.3.0 (x86_64) (MacBookPro8%2C1)"
66.249.73.26 - - [28/Mar/2012:14:31:17 -0700] "GET /chennai/stage/2757/ HTTP/1.1" 404 142 "-" "Mozilla/5.0 (compatible; Googlebot/2.1; +http://www.google.com/bot.html)"
98.172.15.254 - - [28/Mar/2012:14:31:58 -0700] "GET /favicon.ico HTTP/1.1" 404 169 "-" "Caffeinated/1.1.1 CFNetwork/520.3.2 Darwin/11.3.0 (x86_64) (MacBookPro8%2C1)"
69.171.234.7 - - [28/Mar/2012:14:32:30 -0700] "GET /r/282s HTTP/1.1" 301 257 "-" "facebookexternalhit/1.1 (+http://www.facebook.com/externalhit_uatext.php)"
69.171.234.4 - - [28/Mar/2012:14:32:30 -0700] "GET /s/ta/282s/ HTTP/1.1" 302 549 "-" "facebookexternalhit/1.1 (+http://www.facebook.com/externalhit_uatext.php)"
98.172.15.254 - - [28/Mar/2012:14:32:33 -0700] "GET / HTTP/1.1" 304 0 "-" "Caffeinated/1.1.1 CFNetwork/520.3.2 Darwin/11.3.0 (x86_64) (MacBookPro8%2C1)"
98.172.15.254 - - [28/Mar/2012:14:32:33 -0700] "GET /favicon.ico HTTP/1.1" 404 169 "-" "Caffeinated/1.1.1 CFNetwork/520.3.2 Darwin/11.3.0 (x86_64) (MacBookPro8%2C1)"
98.172.15.254 - - [28/Mar/2012:14:33:25 -0700] "GET /favicon.ico HTTP/1.1" 404 169 "-" "Caffeinated/1.1.1 CFNetwork/520.3.2 Darwin/11.3.0 (x86_64) (MacBookPro8%2C1)"
66.249.73.26 - - [28/Mar/2012:14:33:39 -0700] "GET /chennai/stage/2746/ HTTP/1.1" 404 142 "-" "Mozilla/5.0 (compatible; Googlebot/2.1; +http://www.google.com/bot.html)"
98.172.15.254 - - [28/Mar/2012:14:34:01 -0700] "GET /favicon.ico HTTP/1.1" 404 169 "-" "Caffeinated/1.1.1 CFNetwork/520.3.2 Darwin/11.3.0 (x86_64) (MacBookPro8%2C1)"
85.17.88.169 - - [28/Mar/2012:14:34:19 -0700] "POST /blog/wp-cron.php?doing_wp_cron=1332970238 HTTP/1.0" 499 0 "-" "WordPress/3.3.1; http://yuvi.in/blog"
209.85.224.83 - - [28/Mar/2012:14:34:19 -0700] "GET /blog/feed HTTP/1.1" 304 0 "-" "FeedBurner/1.0 (http://www.FeedBurner.com)"
123.201.238.43 - - [28/Mar/2012:14:34:46 -0700] "-" 400 0 "-" "-"
98.172.15.254 - - [28/Mar/2012:14:35:02 -0700] "GET /favicon.ico HTTP/1.1" 404 169 "-" "Caffeinated/1.1.1 CFNetwork/520.3.2 Darwin/11.3.0 (x86_64) (MacBookPro8%2C1)"
98.172.15.254 - - [28/Mar/2012:14:35:39 -0700] "GET /favicon.ico HTTP/1.1" 404 169 "-" "Caffeinated/1.1.1 CFNetwork/520.3.2 Darwin/11.3.0 (x86_64) (MacBookPro8%2C1)"
123.201.238.43 - - [28/Mar/2012:14:36:46 -0700] "-" 400 0 "-" "-"
66.249.73.26 - - [28/Mar/2012:14:38:59 -0700] "GET /chennai/stage/2762/ HTTP/1.1" 404 142 "-" "Mozilla/5.0 (compatible; Googlebot/2.1; +http://www.google.com/bot.html)"
66.249.73.26 - - [28/Mar/2012:14:40:29 -0700] "GET /chennai/stage/2760/ HTTP/1.1" 404 142 "-" "Mozilla/5.0 (compatible; Googlebot/2.1; +http://www.google.com/bot.html)"
66.249.73.26 - - [28/Mar/2012:14:42:34 -0700] "GET /chennai/stage/2750/ HTTP/1.1" 404 142 "-" "Mozilla/5.0 (compatible; Googlebot/2.1; +http://www.google.com/bot.html)"
67.215.230.27 - - [28/Mar/2012:14:44:40 -0700] "GET /robots.txt HTTP/1.0" 404 169 "-" "Setooz/Nutch-1.2 (http://www.setooz.com)"
67.215.230.27 - - [28/Mar/2012:14:44:40 -0700] "GET /stories HTTP/1.0" 301 185 "-" "Setooz/Nutch-1.2 (http://www.setooz.com)"
66.249.73.26 - - [28/Mar/2012:14:44:41 -0700] "GET /chennai/stage/2735/ HTTP/1.1" 404 142 "-" "Mozilla/5.0 (compatible; Googlebot/2.1; +http://www.google.com/bot.html)"
67.215.230.26 - - [28/Mar/2012:14:44:44 -0700] "GET /robots.txt HTTP/1.0" 404 169 "-" "Setooz/Nutch-1.2 (http://www.setooz.com)"
67.215.230.26 - - [28/Mar/2012:14:44:44 -0700] "GET / HTTP/1.0" 200 3439 "-" "Setooz/Nutch-1.2 (http://www.setooz.com)"
94.228.34.248 - - [28/Mar/2012:14:45:52 -0700] "GET /blog/ HTTP/1.1" 200 9194 "-" "magpie-crawler/1.1 (U; Linux amd64; en-GB; +http://www.brandwatch.net)"
207.46.12.71 - - [28/Mar/2012:14:46:33 -0700] "-" 400 0 "-" "-"
207.46.12.71 - - [28/Mar/2012:14:46:34 -0700] "-" 400 0 "-" "-"
207.46.12.71 - - [28/Mar/2012:14:46:35 -0700] "-" 400 0 "-" "-"
207.46.12.71 - - [28/Mar/2012:14:46:35 -0700] "-" 400 0 "-" "-"
207.46.12.71 - - [28/Mar/2012:14:46:36 -0700] "-" 400 0 "-" "-"
207.46.12.71 - - [28/Mar/2012:14:46:36 -0700] "-" 400 0 "-" "-"
207.46.12.71 - - [28/Mar/2012:14:46:36 -0700] "-" 400 0 "-" "-"
207.46.12.71 - - [28/Mar/2012:14:46:37 -0700] "-" 400 0 "-" "-"
207.46.12.71 - - [28/Mar/2012:14:46:37 -0700] "-" 400 0 "-" "-"
207.46.12.71 - - [28/Mar/2012:14:46:37 -0700] "-" 400 0 "-" "-"
66.249.73.26 - - [28/Mar/2012:14:46:48 -0700] "GET /chennai/stage/2764/ HTTP/1.1" 404 142 "-" "Mozilla/5.0 (compatible; Googlebot/2.1; +http://www.google.com/bot.html)"
207.46.12.71 - - [28/Mar/2012:14:47:11 -0700] "-" 400 0 "-" "-"
66.249.73.26 - - [28/Mar/2012:14:48:56 -0700] "GET /chennai/stage/2765/ HTTP/1.1" 404 142 "-" "Mozilla/5.0 (compatible; Googlebot/2.1; +http://www.google.com/bot.html)"
85.17.88.169 - - [28/Mar/2012:14:50:52 -0700] "POST /blog/wp-cron.php?doing_wp_cron=1332971231 HTTP/1.0" 499 0 "-" "WordPress/3.3.1; http://yuvi.in/blog"
209.85.238.178 - - [28/Mar/2012:14:50:52 -0700] "GET /blog/feed/ HTTP/1.1" 304 0 "-" "Feedfetcher-Google; (+http://www.google.com/feedfetcher.html; 18 subscribers; feed-id=15064232456473204253)"
66.249.73.26 - - [28/Mar/2012:14:51:05 -0700] "GET /chennai/stage/2766/ HTTP/1.1" 404 142 "-" "Mozilla/5.0 (compatible; Googlebot/2.1; +http://www.google.com/bot.html)"
66.249.73.26 - - [28/Mar/2012:14:53:15 -0700] "GET /chennai/stage/2767/ HTTP/1.1" 404 142 "-" "Mozilla/5.0 (compatible; Googlebot/2.1; +http://www.google.com/bot.html)"
70.148.248.7 - - [28/Mar/2012:14:53:36 -0700] "GET / HTTP/1.1" 200 1430 "-" "Reeder/1.5.5 CFNetwork/548.1.4 Darwin/11.0.0"
70.148.248.7 - - [28/Mar/2012:14:53:36 -0700] "GET /favicon.ico HTTP/1.1" 404 142 "-" "Reeder/1.5.5 CFNetwork/548.1.4 Darwin/11.0.0"
70.148.248.7 - - [28/Mar/2012:14:53:36 -0700] "GET /apple-touch-icon.png HTTP/1.1" 404 142 "-" "Reeder/1.5.5 CFNetwork/548.1.4 Darwin/11.0.0"
70.148.248.7 - - [28/Mar/2012:14:53:37 -0700] "GET /apple-touch-icon-precomposed.png HTTP/1.1" 404 142 "-" "Reeder/1.5.5 CFNetwork/548.1.4 Darwin/11.0.0"
66.249.73.26 - - [28/Mar/2012:14:56:56 -0700] "GET /chennai/stage/2734/ HTTP/1.1" 404 142 "-" "Mozilla/5.0 (compatible; Googlebot/2.1; +http://www.google.com/bot.html)"
207.46.12.68 - - [28/Mar/2012:14:57:11 -0700] "-" 400 0 "-" "-"
207.46.12.68 - - [28/Mar/2012:14:57:12 -0700] "-" 400 0 "-" "-"
207.46.12.68 - - [28/Mar/2012:14:57:13 -0700] "-" 400 0 "-" "-"
207.46.12.68 - - [28/Mar/2012:14:57:13 -0700] "-" 400 0 "-" "-"
207.46.12.68 - - [28/Mar/2012:14:57:13 -0700] "-" 400 0 "-" "-"
207.46.12.68 - - [28/Mar/2012:14:57:14 -0700] "-" 400 0 "-" "-"
207.46.12.68 - - [28/Mar/2012:14:57:14 -0700] "-" 400 0 "-" "-"
207.46.12.68 - - [28/Mar/2012:14:57:14 -0700] "-" 400 0 "-" "-"
207.46.12.68 - - [28/Mar/2012:14:57:15 -0700] "-" 400 0 "-" "-"
207.46.12.68 - - [28/Mar/2012:14:57:15 -0700] "-" 400 0 "-" "-"
66.249.73.26 - - [28/Mar/2012:14:58:02 -0700] "GET /chennai/stage/2768/ HTTP/1.1" 404 142 "-" "Mozilla/5.0 (compatible; Googlebot/2.1; +http://www.google.com/bot.html)"
85.17.88.169 - - [28/Mar/2012:14:58:22 -0700] "POST /blog/wp-cron.php?doing_wp_cron=1332971681 HTTP/1.0" 499 0 "-" "WordPress/3.3.1; http://yuvi.in/blog"
220.181.108.166 - - [28/Mar/2012:14:58:23 -0700] "GET /blog/tag/link/ HTTP/1.1" 200 7132 "-" "Mozilla/5.0 (compatible; Baiduspider/2.0; +http://www.baidu.com/search/spider.html)"
66.249.73.26 - - [28/Mar/2012:14:59:21 -0700] "GET /chennai/stage/2769/ HTTP/1.1" 404 142 "-" "Mozilla/5.0 (compatible; Googlebot/2.1; +http://www.google.com/bot.html)"
66.249.73.26 - - [28/Mar/2012:15:01:36 -0700] "GET /chennai/stage/2770/ HTTP/1.1" 404 142 "-" "Mozilla/5.0 (compatible; Googlebot/2.1; +http://www.google.com/bot.html)"
85.17.88.169 - - [28/Mar/2012:15:02:20 -0700] "POST /blog/wp-cron.php?doing_wp_cron=1332971919 HTTP/1.0" 499 0 "-" "WordPress/3.3.1; http://yuvi.in/blog"
97.117.125.23 - - [28/Mar/2012:15:02:20 -0700] "GET /blog/favicon.ico HTTP/1.1" 404 3016 "-" "Mozilla/5.0 (Windows NT 5.1; rv:11.0) Gecko/20100101 Firefox/11.0"
66.249.73.26 - - [28/Mar/2012:15:04:03 -0700] "GET /chennai/stage/2777/ HTTP/1.1" 404 142 "-" "Mozilla/5.0 (compatible; Googlebot/2.1; +http://www.google.com/bot.html)"
