116.202.156.164 - - [20/Apr/2012:11:03:34 -0700] "GET /favicon.ico HTTP/1.1" 404 199 "-" "Mozilla/5.0 (X11; Linux i686) AppleWebKit/535.1 (KHTML, like Gecko) Chrome/14.0.835.202 Safari/535.1"
207.46.204.209 - - [20/Apr/2012:11:03:35 -0700] "-" 400 0 "-" "-"
207.46.204.209 - - [20/Apr/2012:11:03:36 -0700] "-" 400 0 "-" "-"
207.46.204.209 - - [20/Apr/2012:11:03:36 -0700] "-" 400 0 "-" "-"
207.46.204.209 - - [20/Apr/2012:11:03:36 -0700] "-" 400 0 "-" "-"
207.46.204.209 - - [20/Apr/2012:11:03:36 -0700] "-" 400 0 "-" "-"
207.46.204.209 - - [20/Apr/2012:11:03:37 -0700] "-" 400 0 "-" "-"
207.46.204.209 - - [20/Apr/2012:11:03:37 -0700] "-" 400 0 "-" "-"
207.46.204.209 - - [20/Apr/2012:11:03:37 -0700] "-" 400 0 "-" "-"
207.46.204.209 - - [20/Apr/2012:11:03:37 -0700] "-" 400 0 "-" "-"
122.174.19.170 - - [20/Apr/2012:11:03:48 -0700] "-" 400 0 "-" "-"
59.163.27.11 - - [20/Apr/2012:11:05:14 -0700] "GET /AssessmentBar/r/Unassessed_India_articles/ HTTP/1.1" 302 333 "http://en.wikipedia.org/wiki/Billy_Nair" "Mozilla/5.0 (Windows NT 5.1) AppleWebKit/535.11 (KHTML, like Gecko) Chrome/17.0.963.83 Safari/535.11"
69.171.234.3 - - [20/Apr/2012:11:05:29 -0700] "GET /r/3b8 HTTP/1.1" 301 255 "-" "facebookexternalhit/1.1 (+http://www.facebook.com/externalhit_uatext.php)"
69.171.234.6 - - [20/Apr/2012:11:05:29 -0700] "GET /s/ta/3b8/ HTTP/1.1" 302 541 "-" "facebookexternalhit/1.1 (+http://www.facebook.com/externalhit_uatext.php)"
85.17.88.169 - - [20/Apr/2012:11:05:58 -0700] "POST /blog/wp-cron.php?doing_wp_cron=1334944755 HTTP/1.0" 499 0 "-" "WordPress/3.3.1; http://yuvi.in/blog"
116.202.156.164 - - [20/Apr/2012:11:05:59 -0700] "GET /blog/2010/11/ HTTP/1.1" 200 4394 "http://yuvi.in/blog/2010/10/" "Mozilla/5.0 (X11; Linux i686) AppleWebKit/535.1 (KHTML, like Gecko) Chrome/14.0.835.202 Safari/535.1"
116.202.156.164 - - [20/Apr/2012:11:06:02 -0700] "GET /favicon.ico HTTP/1.1" 404 199 "-" "Mozilla/5.0 (X11; Linux i686) AppleWebKit/535.1 (KHTML, like Gecko) Chrome/14.0.835.202 Safari/535.1"
59.92.69.191 - - [20/Apr/2012:11:06:08 -0700] "GET /r/3b8 HTTP/1.1" 301 255 "http://www.facebook.com/l.php?u=http%3A%2F%2Ftawp.in%2Fr%2F3b8&h=jAQHR_boH" "Mozilla/5.0 (Windows NT 6.1) AppleWebKit/535.19 (KHTML, like Gecko) Chrome/18.0.1025.162 Safari/535.19"
59.92.69.191 - - [20/Apr/2012:11:06:08 -0700] "GET /s/ta/3b8/ HTTP/1.1" 302 541 "http://www.facebook.com/l.php?u=http%3A%2F%2Ftawp.in%2Fr%2F3b8&h=jAQHR_boH" "Mozilla/5.0 (Windows NT 6.1) AppleWebKit/535.19 (KHTML, like Gecko) Chrome/18.0.1025.162 Safari/535.19"
85.17.88.169 - - [20/Apr/2012:11:06:25 -0700] "POST /blog/wp-cron.php?doing_wp_cron=1334944782 HTTP/1.0" 499 0 "-" "WordPress/3.3.1; http://yuvi.in/blog"
116.202.156.164 - - [20/Apr/2012:11:06:25 -0700] "GET /blog/2010/12/ HTTP/1.1" 200 5766 "http://yuvi.in/blog/2010/11/" "Mozilla/5.0 (X11; Linux i686) AppleWebKit/535.1 (KHTML, like Gecko) Chrome/14.0.835.202 Safari/535.1"
116.202.156.164 - - [20/Apr/2012:11:06:33 -0700] "GET /favicon.ico HTTP/1.1" 404 199 "-" "Mozilla/5.0 (X11; Linux i686) AppleWebKit/535.1 (KHTML, like Gecko) Chrome/14.0.835.202 Safari/535.1"
85.17.88.169 - - [20/Apr/2012:11:07:01 -0700] "POST /blog/wp-cron.php?doing_wp_cron=1334944818 HTTP/1.0" 499 0 "-" "WordPress/3.3.1; http://yuvi.in/blog"
116.202.156.164 - - [20/Apr/2012:11:07:01 -0700] "GET /blog/2011/01/ HTTP/1.1" 200 7197 "http://yuvi.in/blog/2010/12/" "Mozilla/5.0 (X11; Linux i686) AppleWebKit/535.1 (KHTML, like Gecko) Chrome/14.0.835.202 Safari/535.1"
180.76.5.107 - - [20/Apr/2012:11:07:02 -0700] "GET /blog/2010/11/ HTTP/1.1" 200 4394 "-" "Mozilla/5.0 (compatible; Baiduspider/2.0; +http://www.baidu.com/search/spider.html)"
116.202.156.164 - - [20/Apr/2012:11:07:05 -0700] "GET /favicon.ico HTTP/1.1" 404 199 "-" "Mozilla/5.0 (X11; Linux i686) AppleWebKit/535.1 (KHTML, like Gecko) Chrome/14.0.835.202 Safari/535.1"
85.17.88.169 - - [20/Apr/2012:11:07:13 -0700] "POST /blog/wp-cron.php?doing_wp_cron=1334944830 HTTP/1.0" 499 0 "-" "WordPress/3.3.1; http://yuvi.in/blog"
223.234.6.78 - - [20/Apr/2012:11:07:13 -0700] "-" 400 0 "-" "-"
116.202.156.164 - - [20/Apr/2012:11:07:13 -0700] "GET /blog/2011/02/ HTTP/1.1" 200 5999 "http://yuvi.in/blog/2011/01/" "Mozilla/5.0 (X11; Linux i686) AppleWebKit/535.1 (KHTML, like Gecko) Chrome/14.0.835.202 Safari/535.1"
116.202.156.164 - - [20/Apr/2012:11:07:16 -0700] "GET /favicon.ico HTTP/1.1" 404 199 "-" "Mozilla/5.0 (X11; Linux i686) AppleWebKit/535.1 (KHTML, like Gecko) Chrome/14.0.835.202 Safari/535.1"
223.234.6.78 - - [20/Apr/2012:11:07:53 -0700] "-" 400 0 "-" "-"
117.193.51.119 - - [20/Apr/2012:11:09:41 -0700] "-" 400 0 "-" "-"
59.163.27.11 - - [20/Apr/2012:11:09:55 -0700] "GET /AssessmentBar/r/Unassessed_India_articles/ HTTP/1.1" 302 315 "http://en.wikipedia.org/wiki/Bengal_Chamber_of_Commerce_and_Industry" "Mozilla/5.0 (Windows NT 5.1) AppleWebKit/535.11 (KHTML, like Gecko) Chrome/17.0.963.83 Safari/535.11"
59.163.27.11 - - [20/Apr/2012:11:10:00 -0700] "GET /AssessmentBar/r/Unassessed_India_articles/ HTTP/1.1" 302 301 "http://en.wikipedia.org/wiki/United_Left_Election_Committee" "Mozilla/5.0 (Windows NT 5.1) AppleWebKit/535.11 (KHTML, like Gecko) Chrome/17.0.963.83 Safari/535.11"
85.17.88.169 - - [20/Apr/2012:11:10:03 -0700] "POST /blog/wp-cron.php?doing_wp_cron=1334945000 HTTP/1.0" 499 0 "-" "WordPress/3.3.1; http://yuvi.in/blog"
209.85.224.87 - - [20/Apr/2012:11:10:03 -0700] "GET /blog/feed HTTP/1.1" 304 0 "-" "FeedBurner/1.0 (http://www.FeedBurner.com)"
116.202.156.164 - - [20/Apr/2012:11:10:49 -0700] "GET /favicon.ico HTTP/1.1" 404 199 "-" "Mozilla/5.0 (X11; Linux i686) AppleWebKit/535.1 (KHTML, like Gecko) Chrome/14.0.835.202 Safari/535.1"
122.174.106.11 - - [20/Apr/2012:11:11:57 -0700] "-" 400 0 "-" "-"
122.174.106.11 - - [20/Apr/2012:11:11:57 -0700] "-" 400 0 "-" "-"
122.174.106.11 - - [20/Apr/2012:11:11:57 -0700] "-" 400 0 "-" "-"
122.174.106.11 - - [20/Apr/2012:11:11:57 -0700] "-" 400 0 "-" "-"
85.17.88.169 - - [20/Apr/2012:11:12:38 -0700] "POST /blog/wp-cron.php?doing_wp_cron=1334945155 HTTP/1.0" 499 0 "-" "WordPress/3.3.1; http://yuvi.in/blog"
100.43.83.144 - - [20/Apr/2012:11:12:38 -0700] "GET /blog/2009/10/ HTTP/1.1" 200 10007 "-" "Mozilla/5.0 (compatible; YandexBot/3.0; +http://yandex.com/bots)"
116.202.156.164 - - [20/Apr/2012:11:12:50 -0700] "GET /favicon.ico HTTP/1.1" 404 199 "-" "Mozilla/5.0 (X11; Linux i686) AppleWebKit/535.1 (KHTML, like Gecko) Chrome/14.0.835.202 Safari/535.1"
85.17.88.169 - - [20/Apr/2012:11:13:55 -0700] "POST /blog/wp-cron.php?doing_wp_cron=1334945232 HTTP/1.0" 499 0 "-" "WordPress/3.3.1; http://yuvi.in/blog"
66.249.73.219 - - [20/Apr/2012:11:13:56 -0700] "GET /blog/how-i-spent-the-day-today/feed/ HTTP/1.1" 200 765 "-" "Mozilla/5.0 (compatible; Googlebot/2.1; +http://www.google.com/bot.html)"
69.171.228.250 - - [20/Apr/2012:11:15:26 -0700] "GET /r/2rvh HTTP/1.1" 301 257 "-" "facebookexternalhit/1.1 (+http://www.facebook.com/externalhit_uatext.php)"
69.171.228.250 - - [20/Apr/2012:11:15:26 -0700] "GET /s/ta/2rvh/ HTTP/1.1" 302 591 "-" "facebookexternalhit/1.1 (+http://www.facebook.com/externalhit_uatext.php)"
91.73.90.76 - - [20/Apr/2012:11:16:34 -0700] "GET /r/8jn HTTP/1.1" 301 255 "http://ta.wikipedia.org/wiki/%E0%AE%9A%E0%AF%87_%E0%AE%95%E0%AF%81%E0%AE%B5%E0%AF%87%E0%AE%B0%E0%AE%BE" "Mozilla/5.0 (Windows NT 5.1) AppleWebKit/535.19 (KHTML, like Gecko) Chrome/18.0.1025.162 Safari/535.19"
91.73.90.76 - - [20/Apr/2012:11:16:35 -0700] "GET /s/ta/8jn/ HTTP/1.1" 302 365 "http://ta.wikipedia.org/wiki/%E0%AE%9A%E0%AF%87_%E0%AE%95%E0%AF%81%E0%AE%B5%E0%AF%87%E0%AE%B0%E0%AE%BE" "Mozilla/5.0 (Windows NT 5.1) AppleWebKit/535.19 (KHTML, like Gecko) Chrome/18.0.1025.162 Safari/535.19"
91.73.90.76 - - [20/Apr/2012:11:16:51 -0700] "-" 400 0 "-" "-"
182.72.104.98 - - [20/Apr/2012:11:16:52 -0700] "-" 400 0 "-" "-"
182.72.104.98 - - [20/Apr/2012:11:16:57 -0700] "-" 400 0 "-" "-"
182.72.104.98 - - [20/Apr/2012:11:16:57 -0700] "-" 400 0 "-" "-"
182.72.104.98 - - [20/Apr/2012:11:16:57 -0700] "-" 400 0 "-" "-"
182.72.104.98 - - [20/Apr/2012:11:16:57 -0700] "-" 400 0 "-" "-"
182.72.104.98 - - [20/Apr/2012:11:16:57 -0700] "-" 400 0 "-" "-"
182.72.104.98 - - [20/Apr/2012:11:16:57 -0700] "-" 400 0 "-" "-"
182.72.104.98 - - [20/Apr/2012:11:16:57 -0700] "-" 400 0 "-" "-"
182.72.104.98 - - [20/Apr/2012:11:16:58 -0700] "-" 400 0 "-" "-"
182.72.104.98 - - [20/Apr/2012:11:16:58 -0700] "-" 400 0 "-" "-"
182.72.104.98 - - [20/Apr/2012:11:16:58 -0700] "-" 400 0 "-" "-"
182.72.104.98 - - [20/Apr/2012:11:17:00 -0700] "-" 400 0 "-" "-"
182.72.104.98 - - [20/Apr/2012:11:17:02 -0700] "-" 400 0 "-" "-"
188.220.0.162 - - [20/Apr/2012:11:18:57 -0700] "-" 400 0 "-" "-"
188.220.0.162 - - [20/Apr/2012:11:20:07 -0700] "-" 400 0 "-" "-"
117.193.46.32 - - [20/Apr/2012:11:20:55 -0700] "-" 400 0 "-" "-"
157.55.112.201 - - [20/Apr/2012:11:21:33 -0700] "-" 400 0 "-" "-"
157.55.112.201 - - [20/Apr/2012:11:21:33 -0700] "-" 400 0 "-" "-"
157.55.112.201 - - [20/Apr/2012:11:21:33 -0700] "-" 400 0 "-" "-"
157.55.112.201 - - [20/Apr/2012:11:21:48 -0700] "-" 400 0 "-" "-"
157.55.112.201 - - [20/Apr/2012:11:21:51 -0700] "-" 400 0 "-" "-"
157.55.112.201 - - [20/Apr/2012:11:21:52 -0700] "-" 400 0 "-" "-"
157.55.112.201 - - [20/Apr/2012:11:21:52 -0700] "-" 400 0 "-" "-"
85.17.88.169 - - [20/Apr/2012:11:21:56 -0700] "POST /blog/wp-cron.php?doing_wp_cron=1334945713 HTTP/1.0" 499 0 "-" "WordPress/3.3.1; http://yuvi.in/blog"
208.115.113.84 - - [20/Apr/2012:11:21:57 -0700] "GET /blog/carrier-error/feed/ HTTP/1.1" 200 729 "-" "Mozilla/5.0 (compatible; Ezooms/1.0; ezooms.bot@gmail.com)"
157.55.112.201 - - [20/Apr/2012:11:22:07 -0700] "-" 400 0 "-" "-"
157.55.112.201 - - [20/Apr/2012:11:22:13 -0700] "-" 400 0 "-" "-"
188.220.0.162 - - [20/Apr/2012:11:22:47 -0700] "-" 400 0 "-" "-"
188.220.0.162 - - [20/Apr/2012:11:22:47 -0700] "-" 400 0 "-" "-"
188.220.0.162 - - [20/Apr/2012:11:22:47 -0700] "-" 400 0 "-" "-"
188.220.0.162 - - [20/Apr/2012:11:22:47 -0700] "-" 400 0 "-" "-"
188.220.0.162 - - [20/Apr/2012:11:22:47 -0700] "-" 400 0 "-" "-"
209.85.238.182 - - [20/Apr/2012:11:23:46 -0700] "GET /blog/feed/ HTTP/1.1" 200 6692 "-" "Feedfetcher-Google; (+http://www.google.com/feedfetcher.html; 19 subscribers; feed-id=15064232456473204253)"
117.193.70.130 - - [20/Apr/2012:11:24:32 -0700] "GET / HTTP/1.1" 200 1430 "https://www.google.com/" "Mozilla/5.0 (Windows NT 6.1; WOW64) AppleWebKit/535.19 (KHTML, like Gecko) Chrome/18.0.1025.162 Safari/535.19"
117.193.70.130 - - [20/Apr/2012:11:24:32 -0700] "GET /blueprint/screen.css HTTP/1.1" 200 12058 "http://yuvi.in/" "Mozilla/5.0 (Windows NT 6.1; WOW64) AppleWebKit/535.19 (KHTML, like Gecko) Chrome/18.0.1025.162 Safari/535.19"
117.193.70.130 - - [20/Apr/2012:11:24:33 -0700] "GET /blueprint/print.css HTTP/1.1" 200 1284 "http://yuvi.in/" "Mozilla/5.0 (Windows NT 6.1; WOW64) AppleWebKit/535.19 (KHTML, like Gecko) Chrome/18.0.1025.162 Safari/535.19"
117.193.70.130 - - [20/Apr/2012:11:24:33 -0700] "GET /header.png HTTP/1.1" 200 14249 "http://yuvi.in/" "Mozilla/5.0 (Windows NT 6.1; WOW64) AppleWebKit/535.19 (KHTML, like Gecko) Chrome/18.0.1025.162 Safari/535.19"
117.193.70.130 - - [20/Apr/2012:11:24:34 -0700] "GET /favicon.ico HTTP/1.1" 404 199 "-" "Mozilla/5.0 (Windows NT 6.1; WOW64) AppleWebKit/535.19 (KHTML, like Gecko) Chrome/18.0.1025.162 Safari/535.19"
117.193.70.130 - - [20/Apr/2012:11:24:47 -0700] "-" 400 0 "-" "-"
141.0.8.137 - - [20/Apr/2012:11:25:28 -0700] "-" 400 0 "-" "-"
141.0.8.137 - - [20/Apr/2012:11:25:28 -0700] "-" 400 0 "-" "-"
65.52.110.16 - - [20/Apr/2012:11:26:14 -0700] "GET /robots.txt HTTP/1.1" 404 169 "-" "Mozilla/5.0 (compatible; bingbot/2.0; +http://www.bing.com/bingbot.htm)"
65.52.110.16 - - [20/Apr/2012:11:27:17 -0700] "GET /blog/anatomy-of-an-impromptu-hackathon-git-vs-svn.html HTTP/1.1" 200 3703 "-" "Mozilla/5.0 (compatible; bingbot/2.0; +http://www.bing.com/bingbot.htm)"
122.164.235.138 - - [20/Apr/2012:11:28:41 -0700] "-" 400 0 "-" "-"
188.220.0.162 - - [20/Apr/2012:11:30:02 -0700] "-" 400 0 "-" "-"
188.220.0.162 - - [20/Apr/2012:11:30:02 -0700] "-" 400 0 "-" "-"
188.220.0.162 - - [20/Apr/2012:11:30:02 -0700] "-" 400 0 "-" "-"
85.17.88.169 - - [20/Apr/2012:11:30:42 -0700] "POST /blog/wp-cron.php?doing_wp_cron=1334946239 HTTP/1.0" 499 0 "-" "WordPress/3.3.1; http://yuvi.in/blog"
100.43.83.144 - - [20/Apr/2012:11:30:43 -0700] "GET /blog/2012/01/ HTTP/1.1" 200 6404 "-" "Mozilla/5.0 (compatible; YandexBot/3.0; +http://yandex.com/bots)"
115.248.152.241 - - [20/Apr/2012:11:30:46 -0700] "-" 400 0 "-" "-"
122.164.235.138 - - [20/Apr/2012:11:32:00 -0700] "-" 400 0 "-" "-"
122.164.235.138 - - [20/Apr/2012:11:32:03 -0700] "-" 400 0 "-" "-"
117.193.70.130 - - [20/Apr/2012:11:33:03 -0700] "GET /favicon.ico HTTP/1.1" 404 199 "-" "Mozilla/5.0 (Windows NT 6.1; WOW64) AppleWebKit/535.19 (KHTML, like Gecko) Chrome/18.0.1025.162 Safari/535.19"
117.193.70.130 - - [20/Apr/2012:11:33:10 -0700] "GET /blog HTTP/1.1" 301 178 "http://yuvi.in/" "Mozilla/5.0 (Windows NT 6.1; WOW64) AppleWebKit/535.19 (KHTML, like Gecko) Chrome/18.0.1025.162 Safari/535.19"
117.193.70.130 - - [20/Apr/2012:11:33:11 -0700] "GET /blog/ HTTP/1.1" 200 9194 "http://yuvi.in/" "Mozilla/5.0 (Windows NT 6.1; WOW64) AppleWebKit/535.19 (KHTML, like Gecko) Chrome/18.0.1025.162 Safari/535.19"
117.193.70.130 - - [20/Apr/2012:11:33:11 -0700] "GET /blog/wp-content/themes/cleanr/style.css HTTP/1.1" 200 10508 "http://yuvi.in/blog/" "Mozilla/5.0 (Windows NT 6.1; WOW64) AppleWebKit/535.19 (KHTML, like Gecko) Chrome/18.0.1025.162 Safari/535.19"
117.193.70.130 - - [20/Apr/2012:11:33:11 -0700] "GET /blog/wp-content/themes/cleanr/js/jquery.dropdown.js?ver=3.3.1 HTTP/1.1" 200 535 "http://yuvi.in/blog/" "Mozilla/5.0 (Windows NT 6.1; WOW64) AppleWebKit/535.19 (KHTML, like Gecko) Chrome/18.0.1025.162 Safari/535.19"
117.193.70.130 - - [20/Apr/2012:11:33:12 -0700] "GET /blog/wp-content/themes/cleanr/css/960.css HTTP/1.1" 200 3628 "http://yuvi.in/blog/" "Mozilla/5.0 (Windows NT 6.1; WOW64) AppleWebKit/535.19 (KHTML, like Gecko) Chrome/18.0.1025.162 Safari/535.19"
117.193.70.130 - - [20/Apr/2012:11:33:12 -0700] "GET /blog/wp-content/themes/cleanr/css/reset.css HTTP/1.1" 200 648 "http://yuvi.in/blog/" "Mozilla/5.0 (Windows NT 6.1; WOW64) AppleWebKit/535.19 (KHTML, like Gecko) Chrome/18.0.1025.162 Safari/535.19"
117.193.70.130 - - [20/Apr/2012:11:33:12 -0700] "GET /blog/wp-content/themes/cleanr/css/text.css HTTP/1.1" 200 420 "http://yuvi.in/blog/" "Mozilla/5.0 (Windows NT 6.1; WOW64) AppleWebKit/535.19 (KHTML, like Gecko) Chrome/18.0.1025.162 Safari/535.19"
117.193.70.130 - - [20/Apr/2012:11:33:13 -0700] "GET /blog/wp-includes/js/jquery/jquery.js?ver=1.7.1 HTTP/1.1" 200 93889 "http://yuvi.in/blog/" "Mozilla/5.0 (Windows NT 6.1; WOW64) AppleWebKit/535.19 (KHTML, like Gecko) Chrome/18.0.1025.162 Safari/535.19"
117.193.70.130 - - [20/Apr/2012:11:33:14 -0700] "GET /blog/wp-content/themes/cleanr/images/search_magnifier.gif HTTP/1.1" 200 394 "http://yuvi.in/blog/" "Mozilla/5.0 (Windows NT 6.1; WOW64) AppleWebKit/535.19 (KHTML, like Gecko) Chrome/18.0.1025.162 Safari/535.19"
117.193.70.130 - - [20/Apr/2012:11:33:15 -0700] "GET /favicon.ico HTTP/1.1" 404 199 "-" "Mozilla/5.0 (Windows NT 6.1; WOW64) AppleWebKit/535.19 (KHTML, like Gecko) Chrome/18.0.1025.162 Safari/535.19"
66.249.73.219 - - [20/Apr/2012:11:34:33 -0700] "GET /blog/tag/blog.html HTTP/1.1" 200 3347 "-" "Mozilla/5.0 (compatible; Googlebot/2.1; +http://www.google.com/bot.html)"
115.184.93.134 - - [20/Apr/2012:11:34:51 -0700] "GET /r/14t7 HTTP/1.1" 301 257 "http://ta.wikipedia.org/wiki/%E0%AE%AA%E0%AE%99%E0%AF%8D%E0%AE%95%E0%AF%81%E0%AE%9A%E0%AF%8D_%E0%AE%9A%E0%AE%A8%E0%AF%8D%E0%AE%A4%E0%AF%88" "Mozilla/5.0 (Windows NT 6.1; rv:12.0) Gecko/20100101 Firefox/12.0"
115.184.93.134 - - [20/Apr/2012:11:34:56 -0700] "GET /s/ta/14t7/ HTTP/1.1" 302 413 "http://ta.wikipedia.org/wiki/%E0%AE%AA%E0%AE%99%E0%AF%8D%E0%AE%95%E0%AF%81%E0%AE%9A%E0%AF%8D_%E0%AE%9A%E0%AE%A8%E0%AF%8D%E0%AE%A4%E0%AF%88" "Mozilla/5.0 (Windows NT 6.1; rv:12.0) Gecko/20100101 Firefox/12.0"
115.184.93.134 - - [20/Apr/2012:11:35:00 -0700] "-" 400 0 "-" "-"
122.164.235.138 - - [20/Apr/2012:11:35:44 -0700] "-" 400 0 "-" "-"
122.164.115.79 - - [20/Apr/2012:11:35:52 -0700] "-" 400 0 "-" "-"
122.164.235.138 - - [20/Apr/2012:11:35:54 -0700] "-" 400 0 "-" "-"
122.164.235.138 - - [20/Apr/2012:11:35:54 -0700] "-" 400 0 "-" "-"
122.164.235.138 - - [20/Apr/2012:11:36:47 -0700] "-" 400 0 "-" "-"
122.164.235.138 - - [20/Apr/2012:11:36:50 -0700] "-" 400 0 "-" "-"
217.165.112.118 - - [20/Apr/2012:11:39:14 -0700] "GET /r/22b HTTP/1.0" 301 255 "http://ta.wikipedia.org/wiki/%E0%AE%A4%E0%AE%9E%E0%AF%8D%E0%AE%9A%E0%AE%BE%E0%AE%B5%E0%AF%82%E0%AE%B0%E0%AF%8D" "Mozilla/5.0 (Windows NT 6.1) AppleWebKit/535.19 (KHTML, like Gecko) Chrome/18.0.1025.162 Safari/535.19"
217.165.112.118 - - [20/Apr/2012:11:39:14 -0700] "GET /s/ta/22b/ HTTP/1.0" 302 373 "http://ta.wikipedia.org/wiki/%E0%AE%A4%E0%AE%9E%E0%AF%8D%E0%AE%9A%E0%AE%BE%E0%AE%B5%E0%AF%82%E0%AE%B0%E0%AF%8D" "Mozilla/5.0 (Windows NT 6.1) AppleWebKit/535.19 (KHTML, like Gecko) Chrome/18.0.1025.162 Safari/535.19"
85.17.88.169 - - [20/Apr/2012:11:40:09 -0700] "POST /blog/wp-cron.php?doing_wp_cron=1334946806 HTTP/1.0" 499 0 "-" "WordPress/3.3.1; http://yuvi.in/blog"
209.85.144.90 - - [20/Apr/2012:11:40:10 -0700] "GET /blog/feed HTTP/1.1" 304 0 "-" "FeedBurner/1.0 (http://www.FeedBurner.com)"
209.85.144.84 - - [20/Apr/2012:11:42:10 -0700] "GET /stories/feed HTTP/1.1" 200 13653 "-" "FeedBurner/1.0 (http://www.FeedBurner.com)"
85.17.88.169 - - [20/Apr/2012:11:42:45 -0700] "POST /blog/wp-cron.php?doing_wp_cron=1334946962 HTTP/1.0" 499 0 "-" "WordPress/3.3.1; http://yuvi.in/blog"
100.43.83.144 - - [20/Apr/2012:11:42:45 -0700] "GET /blog/2011/08/ HTTP/1.1" 200 18168 "-" "Mozilla/5.0 (compatible; YandexBot/3.0; +http://yandex.com/bots)"
117.231.52.106 - - [20/Apr/2012:11:45:08 -0700] "-" 400 0 "-" "-"
122.174.46.252 - - [20/Apr/2012:11:45:32 -0700] "-" 400 0 "-" "-"
122.174.46.252 - - [20/Apr/2012:11:45:32 -0700] "-" 400 0 "-" "-"
122.174.46.252 - - [20/Apr/2012:11:45:32 -0700] "-" 400 0 "-" "-"
122.174.46.252 - - [20/Apr/2012:11:45:33 -0700] "-" 400 0 "-" "-"
122.174.46.252 - - [20/Apr/2012:11:45:33 -0700] "-" 400 0 "-" "-"
123.236.69.94 - - [20/Apr/2012:11:46:54 -0700] "-" 400 0 "-" "-"
123.236.69.94 - - [20/Apr/2012:11:46:54 -0700] "-" 400 0 "-" "-"
123.125.71.27 - - [20/Apr/2012:11:49:33 -0700] "GET / HTTP/1.1" 200 3439 "-" "Mozilla/5.0 (compatible; Baiduspider/2.0; +http://www.baidu.com/search/spider.html)"
123.236.69.94 - - [20/Apr/2012:11:49:54 -0700] "-" 400 0 "-" "-"
123.236.69.94 - - [20/Apr/2012:11:49:54 -0700] "-" 400 0 "-" "-"
220.181.108.84 - - [20/Apr/2012:11:50:07 -0700] "GET / HTTP/1.1" 200 3439 "-" "Mozilla/5.0 (compatible; Baiduspider/2.0; +http://www.baidu.com/search/spider.html)"
123.236.69.94 - - [20/Apr/2012:11:50:24 -0700] "-" 400 0 "-" "-"
85.17.88.169 - - [20/Apr/2012:11:50:47 -0700] "POST /blog/wp-cron.php?doing_wp_cron=1334947443 HTTP/1.0" 499 0 "-" "WordPress/3.3.1; http://yuvi.in/blog"
100.43.83.144 - - [20/Apr/2012:11:50:47 -0700] "GET /blog/2010/05/ HTTP/1.1" 200 9422 "-" "Mozilla/5.0 (compatible; YandexBot/3.0; +http://yandex.com/bots)"
85.17.88.169 - - [20/Apr/2012:11:54:08 -0700] "POST /blog/wp-cron.php?doing_wp_cron=1334947645 HTTP/1.0" 499 0 "-" "WordPress/3.3.1; http://yuvi.in/blog"
209.85.238.182 - - [20/Apr/2012:11:54:09 -0700] "GET /blog/feed HTTP/1.1" 301 0 "-" "Feedfetcher-Google; (+http://www.google.com/feedfetcher.html; 3 subscribers; feed-id=17684830852112633560)"
85.17.88.169 - - [20/Apr/2012:11:54:11 -0700] "POST /blog/wp-cron.php?doing_wp_cron=1334947648 HTTP/1.0" 499 0 "-" "WordPress/3.3.1; http://yuvi.in/blog"
209.85.238.182 - - [20/Apr/2012:11:54:11 -0700] "GET /blog/feed/ HTTP/1.1" 304 0 "-" "Feedfetcher-Google; (+http://www.google.com/feedfetcher.html; 3 subscribers; feed-id=17684830852112633560)"
115.241.68.177 - - [20/Apr/2012:11:54:22 -0700] "-" 400 0 "-" "-"
115.241.68.177 - - [20/Apr/2012:11:54:42 -0700] "-" 400 0 "-" "-"
85.17.88.169 - - [20/Apr/2012:11:56:08 -0700] "POST /blog/wp-cron.php?doing_wp_cron=1334947764 HTTP/1.0" 499 0 "-" "WordPress/3.3.1; http://yuvi.in/blog"
100.43.83.144 - - [20/Apr/2012:11:56:08 -0700] "GET /blog/room-full-of-people-like-me/ HTTP/1.1" 200 4750 "-" "Mozilla/5.0 (compatible; YandexBot/3.0; +http://yandex.com/bots)"
115.241.68.177 - - [20/Apr/2012:11:56:12 -0700] "-" 400 0 "-" "-"
115.241.68.177 - - [20/Apr/2012:11:56:12 -0700] "-" 400 0 "-" "-"
115.241.68.177 - - [20/Apr/2012:11:56:12 -0700] "-" 400 0 "-" "-"
115.241.68.177 - - [20/Apr/2012:11:56:12 -0700] "-" 400 0 "-" "-"
85.17.88.169 - - [20/Apr/2012:11:56:44 -0700] "POST /blog/wp-cron.php?doing_wp_cron=1334947801 HTTP/1.0" 499 0 "-" "WordPress/3.3.1; http://yuvi.in/blog"
100.43.83.144 - - [20/Apr/2012:11:56:45 -0700] "GET /blog/page/4/ HTTP/1.1" 200 16144 "-" "Mozilla/5.0 (compatible; YandexBot/3.0; +http://yandex.com/bots)"
117.193.234.216 - - [20/Apr/2012:11:57:44 -0700] "-" 400 0 "-" "-"
141.0.8.238 - - [20/Apr/2012:12:01:24 -0700] "-" 400 0 "-" "-"
59.177.114.208 - - [20/Apr/2012:12:03:36 -0700] "GET / HTTP/1.1" 200 1430 "http://www.twenty19.com/blog/going-code-crazy/" "Mozilla/5.0 (X11; Ubuntu; Linux x86_64; rv:10.0.2) Gecko/20100101 Firefox/10.0.2"
59.177.114.208 - - [20/Apr/2012:12:03:37 -0700] "GET /blueprint/screen.css HTTP/1.1" 200 12058 "http://yuvi.in/" "Mozilla/5.0 (X11; Ubuntu; Linux x86_64; rv:10.0.2) Gecko/20100101 Firefox/10.0.2"
59.177.114.208 - - [20/Apr/2012:12:03:37 -0700] "GET /blueprint/print.css HTTP/1.1" 200 1284 "http://yuvi.in/" "Mozilla/5.0 (X11; Ubuntu; Linux x86_64; rv:10.0.2) Gecko/20100101 Firefox/10.0.2"
59.177.114.208 - - [20/Apr/2012:12:03:37 -0700] "GET /header.png HTTP/1.1" 200 14249 "http://yuvi.in/" "Mozilla/5.0 (X11; Ubuntu; Linux x86_64; rv:10.0.2) Gecko/20100101 Firefox/10.0.2"
59.177.114.208 - - [20/Apr/2012:12:03:38 -0700] "GET /favicon.ico HTTP/1.1" 404 142 "-" "Mozilla/5.0 (X11; Ubuntu; Linux x86_64; rv:10.0.2) Gecko/20100101 Firefox/10.0.2"
59.177.114.208 - - [20/Apr/2012:12:03:40 -0700] "GET /favicon.ico HTTP/1.1" 404 142 "-" "Mozilla/5.0 (X11; Ubuntu; Linux x86_64; rv:10.0.2) Gecko/20100101 Firefox/10.0.2"
59.177.114.208 - - [20/Apr/2012:12:03:45 -0700] "-" 400 0 "-" "-"
69.171.229.248 - - [20/Apr/2012:12:08:55 -0700] "GET /r/2rvh HTTP/1.1" 301 257 "-" "facebookexternalhit/1.1 (+http://www.facebook.com/externalhit_uatext.php)"
69.171.229.251 - - [20/Apr/2012:12:08:55 -0700] "GET /s/ta/2rvh/ HTTP/1.1" 302 591 "-" "facebookexternalhit/1.1 (+http://www.facebook.com/externalhit_uatext.php)"
209.85.144.91 - - [20/Apr/2012:12:10:24 -0700] "GET /blog/feed HTTP/1.1" 304 0 "-" "FeedBurner/1.0 (http://www.FeedBurner.com)"
85.17.88.169 - - [20/Apr/2012:12:14:47 -0700] "POST /blog/wp-cron.php?doing_wp_cron=1334948884 HTTP/1.0" 499 0 "-" "WordPress/3.3.1; http://yuvi.in/blog"
189.59.123.60 - - [20/Apr/2012:12:14:48 -0700] "GET /blog/ HTTP/1.1" 200 33078 "-" "Mozilla/5.0 (compatible; Googlebot/2.1; +http://www.google.com/bot.html)"
85.17.88.169 - - [20/Apr/2012:12:15:45 -0700] "POST /blog/wp-cron.php?doing_wp_cron=1334948941 HTTP/1.0" 499 0 "-" "WordPress/3.3.1; http://yuvi.in/blog"
66.249.73.219 - - [20/Apr/2012:12:15:45 -0700] "GET /blog/theMarianStar/Darius.pdf HTTP/1.1" 404 3016 "-" "Googlebot/2.1 (+http://www.google.com/bot.html)"
180.215.77.207 - - [20/Apr/2012:12:17:58 -0700] "GET / HTTP/1.1" 200 1430 "-" "Mozilla/5.0 (Windows NT 6.1; WOW64; rv:11.0) Gecko/20100101 Firefox/11.0"
180.215.77.207 - - [20/Apr/2012:12:17:59 -0700] "GET /blueprint/screen.css HTTP/1.1" 200 12058 "http://yuvi.in/" "Mozilla/5.0 (Windows NT 6.1; WOW64; rv:11.0) Gecko/20100101 Firefox/11.0"
180.215.77.207 - - [20/Apr/2012:12:17:59 -0700] "GET /blueprint/print.css HTTP/1.1" 200 1284 "http://yuvi.in/" "Mozilla/5.0 (Windows NT 6.1; WOW64; rv:11.0) Gecko/20100101 Firefox/11.0"
180.215.77.207 - - [20/Apr/2012:12:18:00 -0700] "GET /header.png HTTP/1.1" 200 14249 "http://yuvi.in/" "Mozilla/5.0 (Windows NT 6.1; WOW64; rv:11.0) Gecko/20100101 Firefox/11.0"
180.215.77.207 - - [20/Apr/2012:12:18:01 -0700] "GET /favicon.ico HTTP/1.1" 404 142 "-" "Mozilla/5.0 (Windows NT 6.1; WOW64; rv:11.0) Gecko/20100101 Firefox/11.0"
180.215.77.207 - - [20/Apr/2012:12:18:01 -0700] "GET /favicon.ico HTTP/1.1" 404 142 "-" "Mozilla/5.0 (Windows NT 6.1; WOW64; rv:11.0) Gecko/20100101 Firefox/11.0"
180.215.77.207 - - [20/Apr/2012:12:18:02 -0700] "GET /favicon.ico HTTP/1.1" 404 142 "-" "Mozilla/5.0 (Windows NT 6.1; WOW64; rv:11.0) Gecko/20100101 Firefox/11.0"
188.248.76.163 - - [20/Apr/2012:12:19:18 -0700] "GET /r/5e8 HTTP/1.1" 301 255 "http://ta.wikipedia.org/wiki/%E0%AE%B5%E0%AE%BF%E0%AE%95%E0%AF%8D%E0%AE%95%E0%AE%BF%E0%AE%AA%E0%AF%8D%E0%AE%AA%E0%AF%80%E0%AE%9F%E0%AE%BF%E0%AE%AF%E0%AE%BE:%E0%AE%B5%E0%AE%BF%E0%AE%95%E0%AF%8D%E0%AE%95%E0%AE%BF%E0%AE%AA%E0%AF%8D%E0%AE%AA%E0%AF%80%E0%AE%9F%E0%AE%BF%E0%AE%AF%E0%AE%BE_%E0%AE%A4%E0%AE%BF%E0%AE%9F%E0%AF%8D%E0%AE%9F%E0%AE%AE%E0%AF%8D_%E0%AE%A8%E0%AF%8B%E0%AE%95%E0%AF%8D%E0%AE%95%E0%AE%BF_%E0%AE%B5%E0%AF%86%E0%AE%B3%E0%AE%BF%E0%AE%9A%E0%AF%86%E0%AE%AF%E0%AF%8D%E0%AE%A4%E0%AE%BF%E0%AE%95%E0%AE%B3%E0%AF%8D" "Mozilla/5.0 (compatible; MSIE 9.0; Windows NT 6.0; Trident/5.0)"
188.248.76.163 - - [20/Apr/2012:12:19:19 -0700] "GET /s/ta/5e8/ HTTP/1.1" 302 927 "http://ta.wikipedia.org/wiki/%E0%AE%B5%E0%AE%BF%E0%AE%95%E0%AF%8D%E0%AE%95%E0%AE%BF%E0%AE%AA%E0%AF%8D%E0%AE%AA%E0%AF%80%E0%AE%9F%E0%AE%BF%E0%AE%AF%E0%AE%BE:%E0%AE%B5%E0%AE%BF%E0%AE%95%E0%AF%8D%E0%AE%95%E0%AE%BF%E0%AE%AA%E0%AF%8D%E0%AE%AA%E0%AF%80%E0%AE%9F%E0%AE%BF%E0%AE%AF%E0%AE%BE_%E0%AE%A4%E0%AE%BF%E0%AE%9F%E0%AF%8D%E0%AE%9F%E0%AE%AE%E0%AF%8D_%E0%AE%A8%E0%AF%8B%E0%AE%95%E0%AF%8D%E0%AE%95%E0%AE%BF_%E0%AE%B5%E0%AF%86%E0%AE%B3%E0%AE%BF%E0%AE%9A%E0%AF%86%E0%AE%AF%E0%AF%8D%E0%AE%A4%E0%AE%BF%E0%AE%95%E0%AE%B3%E0%AF%8D" "Mozilla/5.0 (compatible; MSIE 9.0; Windows NT 6.0; Trident/5.0)"
180.76.5.183 - - [20/Apr/2012:12:19:47 -0700] "GET /blog/tag/fake-blog.html HTTP/1.1" 200 3046 "-" "Mozilla/5.0 (compatible; Baiduspider/2.0; +http://www.baidu.com/search/spider.html)"
117.226.251.28 - - [20/Apr/2012:12:20:22 -0700] "-" 400 0 "-" "-"
117.226.251.28 - - [20/Apr/2012:12:20:22 -0700] "-" 400 0 "-" "-"
173.242.240.81 - - [20/Apr/2012:12:21:41 -0700] "GET /favicon.ico HTTP/1.1" 404 142 "http://prashanth-kamle.blogspot.com/2009/07/how-to-set-up-svn.html" "Mozilla/5.0 (X11; Ubuntu; Linux x86_64; rv:11.0) Gecko/20100101 Firefox/11.0"
180.215.77.207 - - [20/Apr/2012:12:21:58 -0700] "GET /blog HTTP/1.1" 301 178 "http://yuvi.in/" "Mozilla/5.0 (Windows NT 6.1; WOW64; rv:11.0) Gecko/20100101 Firefox/11.0"
85.17.88.169 - - [20/Apr/2012:12:22:00 -0700] "POST /blog/wp-cron.php?doing_wp_cron=1334949317 HTTP/1.0" 499 0 "-" "WordPress/3.3.1; http://yuvi.in/blog"
180.215.77.207 - - [20/Apr/2012:12:22:01 -0700] "GET /blog/ HTTP/1.1" 200 9194 "http://yuvi.in/" "Mozilla/5.0 (Windows NT 6.1; WOW64; rv:11.0) Gecko/20100101 Firefox/11.0"
180.215.77.207 - - [20/Apr/2012:12:22:02 -0700] "GET /blog/wp-content/themes/cleanr/style.css HTTP/1.1" 200 10508 "http://yuvi.in/blog/" "Mozilla/5.0 (Windows NT 6.1; WOW64; rv:11.0) Gecko/20100101 Firefox/11.0"
180.215.77.207 - - [20/Apr/2012:12:22:03 -0700] "GET /blog/wp-content/themes/cleanr/js/jquery.dropdown.js?ver=3.3.1 HTTP/1.1" 200 535 "http://yuvi.in/blog/" "Mozilla/5.0 (Windows NT 6.1; WOW64; rv:11.0) Gecko/20100101 Firefox/11.0"
180.215.77.207 - - [20/Apr/2012:12:22:03 -0700] "GET /blog/wp-content/themes/cleanr/css/reset.css HTTP/1.1" 200 648 "http://yuvi.in/blog/wp-content/themes/cleanr/style.css" "Mozilla/5.0 (Windows NT 6.1; WOW64; rv:11.0) Gecko/20100101 Firefox/11.0"
180.215.77.207 - - [20/Apr/2012:12:22:04 -0700] "GET /blog/wp-content/themes/cleanr/css/text.css HTTP/1.1" 200 420 "http://yuvi.in/blog/wp-content/themes/cleanr/style.css" "Mozilla/5.0 (Windows NT 6.1; WOW64; rv:11.0) Gecko/20100101 Firefox/11.0"
180.215.77.207 - - [20/Apr/2012:12:22:04 -0700] "GET /blog/wp-content/themes/cleanr/css/960.css HTTP/1.1" 200 3628 "http://yuvi.in/blog/wp-content/themes/cleanr/style.css" "Mozilla/5.0 (Windows NT 6.1; WOW64; rv:11.0) Gecko/20100101 Firefox/11.0"
180.215.77.207 - - [20/Apr/2012:12:22:05 -0700] "GET /blog/wp-includes/js/jquery/jquery.js?ver=1.7.1 HTTP/1.1" 200 93889 "http://yuvi.in/blog/" "Mozilla/5.0 (Windows NT 6.1; WOW64; rv:11.0) Gecko/20100101 Firefox/11.0"
180.215.77.207 - - [20/Apr/2012:12:22:06 -0700] "GET /blog/wp-content/themes/cleanr/images/search_magnifier.gif HTTP/1.1" 200 394 "http://yuvi.in/blog/" "Mozilla/5.0 (Windows NT 6.1; WOW64; rv:11.0) Gecko/20100101 Firefox/11.0"
117.231.183.141 - - [20/Apr/2012:12:24:49 -0700] "-" 400 0 "-" "-"
117.231.183.141 - - [20/Apr/2012:12:24:49 -0700] "-" 400 0 "-" "-"
180.76.5.107 - - [20/Apr/2012:12:25:34 -0700] "GET /r/2v42 HTTP/1.1" 301 257 "-" "Mozilla/5.0 (compatible; Baiduspider/2.0; +http://www.baidu.com/search/spider.html)"
180.76.6.36 - - [20/Apr/2012:12:25:35 -0700] "GET /s/ta/2v42/ HTTP/1.1" 302 519 "-" "Mozilla/5.0 (compatible; Baiduspider/2.0; +http://www.baidu.com/search/spider.html)"
117.226.251.28 - - [20/Apr/2012:12:26:55 -0700] "-" 400 0 "-" "-"
74.125.70.83 - - [20/Apr/2012:12:31:46 -0700] "GET /r/2xfb HTTP/1.1" 301 257 "-" "Mozilla/5.0 (en-us) AppleWebKit/534.14 (KHTML, like Gecko; Google Wireless Transcoder) Chrome/9.0.597 Safari/534.14"
74.125.70.81 - - [20/Apr/2012:12:31:50 -0700] "GET /s/ta/2xfb/ HTTP/1.1" 302 593 "-" "Mozilla/5.0 (en-us) AppleWebKit/534.14 (KHTML, like Gecko; Google Wireless Transcoder) Chrome/9.0.597 Safari/534.14"
85.17.88.169 - - [20/Apr/2012:12:33:08 -0700] "POST /blog/wp-cron.php?doing_wp_cron=1334949985 HTTP/1.0" 499 0 "-" "WordPress/3.3.1; http://yuvi.in/blog"
209.85.238.182 - - [20/Apr/2012:12:33:09 -0700] "GET /blog/feed/ HTTP/1.1" 304 0 "-" "Feedfetcher-Google; (+http://www.google.com/feedfetcher.html; 19 subscribers; feed-id=15064232456473204253)"
207.46.199.25 - - [20/Apr/2012:12:34:32 -0700] "-" 400 0 "-" "-"
207.46.199.25 - - [20/Apr/2012:12:34:32 -0700] "-" 400 0 "-" "-"
207.46.199.25 - - [20/Apr/2012:12:34:33 -0700] "-" 400 0 "-" "-"
141.0.9.65 - - [20/Apr/2012:12:34:35 -0700] "-" 400 0 "-" "-"
207.46.199.25 - - [20/Apr/2012:12:34:40 -0700] "-" 400 0 "-" "-"
117.193.128.184 - - [20/Apr/2012:12:35:56 -0700] "-" 400 0 "-" "-"
85.17.88.169 - - [20/Apr/2012:12:40:32 -0700] "POST /blog/wp-cron.php?doing_wp_cron=1334950428 HTTP/1.0" 499 0 "-" "WordPress/3.3.1; http://yuvi.in/blog"
209.85.224.88 - - [20/Apr/2012:12:40:32 -0700] "GET /blog/feed HTTP/1.1" 304 0 "-" "FeedBurner/1.0 (http://www.FeedBurner.com)"
223.234.20.162 - - [20/Apr/2012:12:40:36 -0700] "-" 400 0 "-" "-"
209.85.144.88 - - [20/Apr/2012:12:42:17 -0700] "GET /stories/feed HTTP/1.1" 200 13653 "-" "FeedBurner/1.0 (http://www.FeedBurner.com)"
85.17.88.169 - - [20/Apr/2012:12:43:02 -0700] "POST /blog/wp-cron.php?doing_wp_cron=1334950579 HTTP/1.0" 499 0 "-" "WordPress/3.3.1; http://yuvi.in/blog"
100.43.83.144 - - [20/Apr/2012:12:43:03 -0700] "GET /blog/reddit-university-sicp-reading-group/ HTTP/1.1" 200 4534 "-" "Mozilla/5.0 (compatible; YandexBot/3.0; +http://yandex.com/bots)"
117.201.16.134 - - [20/Apr/2012:12:43:10 -0700] "-" 400 0 "-" "-"
117.201.16.134 - - [20/Apr/2012:12:43:10 -0700] "-" 400 0 "-" "-"
117.201.16.134 - - [20/Apr/2012:12:43:10 -0700] "-" 400 0 "-" "-"
117.201.16.134 - - [20/Apr/2012:12:43:10 -0700] "-" 400 0 "-" "-"
117.201.16.134 - - [20/Apr/2012:12:43:10 -0700] "-" 400 0 "-" "-"
117.201.16.134 - - [20/Apr/2012:12:43:10 -0700] "-" 400 0 "-" "-"
69.171.230.249 - - [20/Apr/2012:12:45:22 -0700] "GET /r/252 HTTP/1.1" 301 255 "-" "facebookexternalhit/1.1 (+http://www.facebook.com/externalhit_uatext.php)"
69.171.230.245 - - [20/Apr/2012:12:45:22 -0700] "GET /s/ta/252/ HTTP/1.1" 302 461 "-" "facebookexternalhit/1.1 (+http://www.facebook.com/externalhit_uatext.php)"
85.17.88.169 - - [20/Apr/2012:12:46:02 -0700] "POST /blog/wp-cron.php?doing_wp_cron=1334950758 HTTP/1.0" 499 0 "-" "WordPress/3.3.1; http://yuvi.in/blog"
209.85.238.182 - - [20/Apr/2012:12:46:02 -0700] "GET /blog/feed HTTP/1.1" 301 0 "-" "Feedfetcher-Google; (+http://www.google.com/feedfetcher.html; 3 subscribers; feed-id=17684830852112633560)"
85.17.88.169 - - [20/Apr/2012:12:46:05 -0700] "POST /blog/wp-cron.php?doing_wp_cron=1334950761 HTTP/1.0" 499 0 "-" "WordPress/3.3.1; http://yuvi.in/blog"
209.85.238.182 - - [20/Apr/2012:12:46:05 -0700] "GET /blog/feed/ HTTP/1.1" 304 0 "-" "Feedfetcher-Google; (+http://www.google.com/feedfetcher.html; 3 subscribers; feed-id=17684830852112633560)"
69.171.229.245 - - [20/Apr/2012:12:47:26 -0700] "GET /r/1nvz HTTP/1.1" 301 257 "-" "facebookexternalhit/1.1 (+http://www.facebook.com/externalhit_uatext.php)"
69.171.229.248 - - [20/Apr/2012:12:47:26 -0700] "GET /s/ta/1nvz/ HTTP/1.1" 302 365 "-" "facebookexternalhit/1.1 (+http://www.facebook.com/externalhit_uatext.php)"
220.181.108.87 - - [20/Apr/2012:12:49:13 -0700] "GET /blog/tag/code.html HTTP/1.1" 200 21723 "-" "Mozilla/5.0 (compatible; Baiduspider/2.0; +http://www.baidu.com/search/spider.html)"
208.115.113.84 - - [20/Apr/2012:12:49:36 -0700] "GET /robots.txt HTTP/1.1" 404 169 "-" "Mozilla/5.0 (compatible; Ezooms/1.0; ezooms.bot@gmail.com)"
117.202.80.84 - - [20/Apr/2012:12:49:56 -0700] "-" 400 0 "-" "-"
216.177.81.130 - - [20/Apr/2012:12:52:29 -0700] "GET /stories HTTP/1.1" 301 185 "-" "python-requests/0.11.1"
216.177.81.130 - - [20/Apr/2012:12:52:29 -0700] "GET /stories/ HTTP/1.1" 200 1271 "-" "python-requests/0.11.1"
216.177.81.130 - - [20/Apr/2012:12:52:29 -0700] "GET / HTTP/1.1" 200 1430 "-" "python-requests/0.11.1"
216.177.81.130 - - [20/Apr/2012:12:52:30 -0700] "GET /blog HTTP/1.1" 301 178 "-" "python-requests/0.11.1"
216.177.81.130 - - [20/Apr/2012:12:52:30 -0700] "GET /blog/ HTTP/1.1" 200 9194 "-" "python-requests/0.11.1"
112.79.40.36 - - [20/Apr/2012:12:53:02 -0700] "-" 400 0 "-" "-"
117.202.80.84 - - [20/Apr/2012:12:57:26 -0700] "-" 400 0 "-" "-"
66.220.146.246 - - [20/Apr/2012:12:57:37 -0700] "GET /r/2rvh HTTP/1.1" 301 257 "-" "facebookexternalhit/1.1 (+http://www.facebook.com/externalhit_uatext.php)"
66.220.146.249 - - [20/Apr/2012:12:57:37 -0700] "GET /s/ta/2rvh/ HTTP/1.1" 302 591 "-" "facebookexternalhit/1.1 (+http://www.facebook.com/externalhit_uatext.php)"
50.19.65.61 - - [20/Apr/2012:13:01:46 -0700] "GET /r/1txa HTTP/1.1" 301 257 "-" "Mozilla/5.0 (Macintosh; U; Intel Mac OS X 10.6; en-US; rv:1.9.2) Gecko/20100115 Firefox/3.6 (FlipboardProxy/1.1; +http://flipboard.com/browserproxy)"
50.19.65.61 - - [20/Apr/2012:13:01:46 -0700] "GET /s/ta/1txa/ HTTP/1.1" 302 413 "-" "Mozilla/5.0 (Macintosh; U; Intel Mac OS X 10.6; en-US; rv:1.9.2) Gecko/20100115 Firefox/3.6 (FlipboardProxy/1.1; +http://flipboard.com/browserproxy)"
85.17.88.169 - - [20/Apr/2012:13:02:03 -0700] "POST /blog/wp-cron.php?doing_wp_cron=1334951720 HTTP/1.0" 499 0 "-" "WordPress/3.3.1; http://yuvi.in/blog"
66.135.57.47 - - [20/Apr/2012:13:02:04 -0700] "GET /blog/my-vimrc/ HTTP/1.0" 200 16009 "-" "Mozilla/5.0 (Windows; U; Windows NT 5.1; rv:1.7.3) Gecko/20041001 Firefox/0.10.1"
85.17.88.169 - - [20/Apr/2012:13:02:06 -0700] "POST /blog/wp-cron.php?doing_wp_cron=1334951723 HTTP/1.0" 499 0 "-" "WordPress/3.3.1; http://yuvi.in/blog"
66.135.57.47 - - [20/Apr/2012:13:02:07 -0700] "GET /blog/college-drop/ HTTP/1.0" 200 18395 "-" "Mozilla/5.0 (Windows; U; Windows NT 5.1; rv:1.7.3) Gecko/20041001 Firefox/0.10.1"
85.17.88.169 - - [20/Apr/2012:13:02:09 -0700] "POST /blog/wp-cron.php?doing_wp_cron=1334951726 HTTP/1.0" 499 0 "-" "WordPress/3.3.1; http://yuvi.in/blog"
66.135.57.47 - - [20/Apr/2012:13:02:10 -0700] "GET /blog/passing-headers-proxying-nginx/ HTTP/1.0" 200 16690 "-" "Mozilla/5.0 (Windows; U; Windows NT 5.1; rv:1.7.3) Gecko/20041001 Firefox/0.10.1"
85.17.88.169 - - [20/Apr/2012:13:02:12 -0700] "POST /blog/wp-cron.php?doing_wp_cron=1334951729 HTTP/1.0" 499 0 "-" "WordPress/3.3.1; http://yuvi.in/blog"
66.135.57.47 - - [20/Apr/2012:13:02:13 -0700] "GET /blog/program/ HTTP/1.0" 200 27214 "-" "Mozilla/5.0 (Windows; U; Windows NT 5.1; rv:1.7.3) Gecko/20041001 Firefox/0.10.1"
85.17.88.169 - - [20/Apr/2012:13:02:15 -0700] "POST /blog/wp-cron.php?doing_wp_cron=1334951732 HTTP/1.0" 499 0 "-" "WordPress/3.3.1; http://yuvi.in/blog"
66.135.57.47 - - [20/Apr/2012:13:02:16 -0700] "GET /blog/devlog-december-26-2011/ HTTP/1.0" 200 16694 "-" "Mozilla/5.0 (Windows; U; Windows NT 5.1; rv:1.7.3) Gecko/20041001 Firefox/0.10.1"
85.17.88.169 - - [20/Apr/2012:13:02:18 -0700] "POST /blog/wp-cron.php?doing_wp_cron=1334951735 HTTP/1.0" 499 0 "-" "WordPress/3.3.1; http://yuvi.in/blog"
66.135.57.47 - - [20/Apr/2012:13:02:19 -0700] "GET /blog/devlog-december-23-2011/ HTTP/1.0" 200 16517 "-" "Mozilla/5.0 (Windows; U; Windows NT 5.1; rv:1.7.3) Gecko/20041001 Firefox/0.10.1"
85.17.88.169 - - [20/Apr/2012:13:02:22 -0700] "POST /blog/wp-cron.php?doing_wp_cron=1334951738 HTTP/1.0" 499 0 "-" "WordPress/3.3.1; http://yuvi.in/blog"
66.135.57.47 - - [20/Apr/2012:13:02:22 -0700] "GET /blog/devlog-december-21-2011/ HTTP/1.0" 200 17121 "-" "Mozilla/5.0 (Windows; U; Windows NT 5.1; rv:1.7.3) Gecko/20041001 Firefox/0.10.1"
85.17.88.169 - - [20/Apr/2012:13:02:25 -0700] "POST /blog/wp-cron.php?doing_wp_cron=1334951741 HTTP/1.0" 499 0 "-" "WordPress/3.3.1; http://yuvi.in/blog"
66.135.57.47 - - [20/Apr/2012:13:02:25 -0700] "GET /blog/devlog-december-11-2011/ HTTP/1.0" 200 16592 "-" "Mozilla/5.0 (Windows; U; Windows NT 5.1; rv:1.7.3) Gecko/20041001 Firefox/0.10.1"
117.202.80.84 - - [20/Apr/2012:13:02:26 -0700] "-" 400 0 "-" "-"
85.17.88.169 - - [20/Apr/2012:13:02:27 -0700] "POST /blog/wp-cron.php?doing_wp_cron=1334951744 HTTP/1.0" 499 0 "-" "WordPress/3.3.1; http://yuvi.in/blog"
66.135.57.47 - - [20/Apr/2012:13:02:28 -0700] "GET /blog/devlog-december-10-2011/ HTTP/1.0" 200 16387 "-" "Mozilla/5.0 (Windows; U; Windows NT 5.1; rv:1.7.3) Gecko/20041001 Firefox/0.10.1"
85.17.88.169 - - [20/Apr/2012:13:02:30 -0700] "POST /blog/wp-cron.php?doing_wp_cron=1334951747 HTTP/1.0" 499 0 "-" "WordPress/3.3.1; http://yuvi.in/blog"
66.135.57.47 - - [20/Apr/2012:13:02:31 -0700] "GET /blog/devlog-december-7-2011/ HTTP/1.0" 200 16833 "-" "Mozilla/5.0 (Windows; U; Windows NT 5.1; rv:1.7.3) Gecko/20041001 Firefox/0.10.1"
66.220.146.247 - - [20/Apr/2012:13:05:01 -0700] "GET /r/2rvh HTTP/1.1" 301 257 "-" "facebookexternalhit/1.1 (+http://www.facebook.com/externalhit_uatext.php)"
66.220.146.250 - - [20/Apr/2012:13:05:01 -0700] "GET /s/ta/2rvh/ HTTP/1.1" 302 591 "-" "facebookexternalhit/1.1 (+http://www.facebook.com/externalhit_uatext.php)"
124.115.0.14 - - [20/Apr/2012:13:05:17 -0700] "GET / HTTP/1.1" 404 211 "-" "Sosospider+(+http://help.soso.com/webspider.htm)"
117.202.80.84 - - [20/Apr/2012:13:07:36 -0700] "-" 400 0 "-" "-"
117.202.80.84 - - [20/Apr/2012:13:07:36 -0700] "-" 400 0 "-" "-"
117.202.80.84 - - [20/Apr/2012:13:07:36 -0700] "-" 400 0 "-" "-"
117.202.80.84 - - [20/Apr/2012:13:07:36 -0700] "-" 400 0 "-" "-"
117.202.80.84 - - [20/Apr/2012:13:07:36 -0700] "-" 400 0 "-" "-"
117.202.80.84 - - [20/Apr/2012:13:07:56 -0700] "-" 400 0 "-" "-"
117.202.80.84 - - [20/Apr/2012:13:08:26 -0700] "-" 400 0 "-" "-"
85.17.88.169 - - [20/Apr/2012:13:10:42 -0700] "POST /blog/wp-cron.php?doing_wp_cron=1334952238 HTTP/1.0" 499 0 "-" "WordPress/3.3.1; http://yuvi.in/blog"
209.85.224.98 - - [20/Apr/2012:13:10:43 -0700] "GET /blog/feed HTTP/1.1" 304 0 "-" "FeedBurner/1.0 (http://www.FeedBurner.com)"
117.193.42.158 - - [20/Apr/2012:13:16:30 -0700] "-" 400 0 "-" "-"
117.193.42.158 - - [20/Apr/2012:13:16:36 -0700] "-" 400 0 "-" "-"
85.17.88.169 - - [20/Apr/2012:13:17:06 -0700] "POST /blog/wp-cron.php?doing_wp_cron=1334952623 HTTP/1.0" 499 0 "-" "WordPress/3.3.1; http://yuvi.in/blog"
66.249.73.219 - - [20/Apr/2012:13:17:07 -0700] "GET /blog/2010/03/ HTTP/1.1" 200 7208 "-" "Mozilla/5.0 (iPhone; U; CPU iPhone OS 4_1 like Mac OS X; en-us) AppleWebKit/532.9 (KHTML, like Gecko) Version/4.0.5 Mobile/8B117 Safari/6531.22.7 (compatible; Googlebot-Mobile/2.1; +http://www.google.com/bot.html)"
100.43.83.144 - - [20/Apr/2012:13:17:27 -0700] "GET / HTTP/1.1" 304 0 "-" "Mozilla/5.0 (compatible; YandexBot/3.0; +http://yandex.com/bots)"
69.171.234.1 - - [20/Apr/2012:13:19:11 -0700] "GET /r/2pay HTTP/1.1" 301 257 "-" "facebookexternalhit/1.1 (+http://www.facebook.com/externalhit_uatext.php)"
69.171.234.7 - - [20/Apr/2012:13:19:11 -0700] "GET /s/ta/2pay/ HTTP/1.1" 302 465 "-" "facebookexternalhit/1.1 (+http://www.facebook.com/externalhit_uatext.php)"
117.193.42.158 - - [20/Apr/2012:13:19:24 -0700] "-" 400 0 "-" "-"
117.193.42.158 - - [20/Apr/2012:13:20:23 -0700] "-" 400 0 "-" "-"
117.193.42.158 - - [20/Apr/2012:13:22:54 -0700] "-" 400 0 "-" "-"
117.193.42.158 - - [20/Apr/2012:13:23:01 -0700] "-" 400 0 "-" "-"
207.46.204.164 - - [20/Apr/2012:13:25:20 -0700] "-" 400 0 "-" "-"
207.46.204.164 - - [20/Apr/2012:13:25:20 -0700] "-" 400 0 "-" "-"
207.46.204.164 - - [20/Apr/2012:13:25:20 -0700] "-" 400 0 "-" "-"
207.46.204.164 - - [20/Apr/2012:13:25:20 -0700] "-" 400 0 "-" "-"
207.46.204.164 - - [20/Apr/2012:13:25:22 -0700] "-" 400 0 "-" "-"
207.46.204.164 - - [20/Apr/2012:13:25:22 -0700] "-" 400 0 "-" "-"
207.46.204.164 - - [20/Apr/2012:13:25:22 -0700] "-" 400 0 "-" "-"
207.46.204.164 - - [20/Apr/2012:13:25:22 -0700] "-" 400 0 "-" "-"
207.46.204.164 - - [20/Apr/2012:13:25:22 -0700] "-" 400 0 "-" "-"
207.46.204.164 - - [20/Apr/2012:13:25:22 -0700] "-" 400 0 "-" "-"
117.193.42.158 - - [20/Apr/2012:13:27:13 -0700] "-" 400 0 "-" "-"
117.193.42.158 - - [20/Apr/2012:13:27:13 -0700] "-" 400 0 "-" "-"
117.193.42.158 - - [20/Apr/2012:13:27:13 -0700] "-" 400 0 "-" "-"
117.193.42.158 - - [20/Apr/2012:13:27:37 -0700] "-" 400 0 "-" "-"
115.248.253.81 - - [20/Apr/2012:13:28:01 -0700] "-" 400 0 "-" "-"
115.248.253.81 - - [20/Apr/2012:13:28:41 -0700] "-" 400 0 "-" "-"
115.248.253.81 - - [20/Apr/2012:13:28:41 -0700] "-" 400 0 "-" "-"
180.76.5.158 - - [20/Apr/2012:13:29:42 -0700] "GET /blog/tag/biking.html HTTP/1.1" 200 2641 "-" "Mozilla/5.0 (compatible; Baiduspider/2.0; +http://www.baidu.com/search/spider.html)"
113.193.119.5 - - [20/Apr/2012:13:31:04 -0700] "GET /s/ta/1va/ HTTP/1.1" 302 409 "-" "Mozilla/5.0 (iPod; CPU iPhone OS 5_1 like Mac OS X) AppleWebKit/534.46 (KHTML, like Gecko) Mobile/9B176"
113.193.119.5 - - [20/Apr/2012:13:31:08 -0700] "GET /s/ta/23z/ HTTP/1.1" 302 397 "-" "Mozilla/5.0 (iPod; CPU iPhone OS 5_1 like Mac OS X) AppleWebKit/534.46 (KHTML, like Gecko) Mobile/9B176"
113.193.119.5 - - [20/Apr/2012:13:31:31 -0700] "GET /s/ta/23z/ HTTP/1.1" 302 397 "-" "Mozilla/5.0 (iPod; CPU iPhone OS 5_1 like Mac OS X) AppleWebKit/534.46 (KHTML, like Gecko) Mobile/9B176"
208.115.111.68 - - [20/Apr/2012:13:32:23 -0700] "GET /robots.txt HTTP/1.1" 404 169 "-" "Mozilla/5.0 (compatible; Ezooms/1.0; ezooms.bot@gmail.com)"
69.171.229.246 - - [20/Apr/2012:13:32:45 -0700] "GET /r/2rvh HTTP/1.1" 301 257 "-" "facebookexternalhit/1.1 (+http://www.facebook.com/externalhit_uatext.php)"
69.171.229.246 - - [20/Apr/2012:13:32:45 -0700] "GET /s/ta/2rvh/ HTTP/1.1" 302 591 "-" "facebookexternalhit/1.1 (+http://www.facebook.com/externalhit_uatext.php)"
115.248.253.81 - - [20/Apr/2012:13:34:21 -0700] "-" 400 0 "-" "-"
111.93.21.230 - - [20/Apr/2012:13:35:01 -0700] "-" 400 0 "-" "-"
115.248.253.81 - - [20/Apr/2012:13:35:01 -0700] "-" 400 0 "-" "-"
115.248.253.81 - - [20/Apr/2012:13:35:01 -0700] "-" 400 0 "-" "-"
115.248.253.81 - - [20/Apr/2012:13:35:01 -0700] "-" 400 0 "-" "-"
115.248.253.81 - - [20/Apr/2012:13:35:51 -0700] "-" 400 0 "-" "-"
184.191.224.10 - - [20/Apr/2012:13:36:54 -0700] "GET / HTTP/1.1" 200 1430 "-" "Caffeinated/1.1.2 CFNetwork/520.3.2 Darwin/11.3.0 (x86_64) (MacBookPro8%2C1)"
184.191.224.10 - - [20/Apr/2012:13:36:54 -0700] "GET /favicon.ico HTTP/1.1" 404 142 "-" "Caffeinated/1.1.2 CFNetwork/520.3.2 Darwin/11.3.0 (x86_64) (MacBookPro8%2C1)"
115.248.253.81 - - [20/Apr/2012:13:37:11 -0700] "-" 400 0 "-" "-"
115.248.253.81 - - [20/Apr/2012:13:37:11 -0700] "-" 400 0 "-" "-"
115.248.253.81 - - [20/Apr/2012:13:37:11 -0700] "-" 400 0 "-" "-"
115.248.253.81 - - [20/Apr/2012:13:37:31 -0700] "-" 400 0 "-" "-"
115.248.253.81 - - [20/Apr/2012:13:37:31 -0700] "-" 400 0 "-" "-"
85.17.88.169 - - [20/Apr/2012:13:37:49 -0700] "POST /blog/wp-cron.php?doing_wp_cron=1334953865 HTTP/1.0" 499 0 "-" "WordPress/3.3.1; http://yuvi.in/blog"
209.85.238.182 - - [20/Apr/2012:13:37:50 -0700] "GET /blog/feed/ HTTP/1.1" 304 0 "-" "Feedfetcher-Google; (+http://www.google.com/feedfetcher.html; 19 subscribers; feed-id=15064232456473204253)"
115.248.253.81 - - [20/Apr/2012:13:37:51 -0700] "-" 400 0 "-" "-"
115.248.253.81 - - [20/Apr/2012:13:37:51 -0700] "-" 400 0 "-" "-"
111.93.21.230 - - [20/Apr/2012:13:37:51 -0700] "-" 400 0 "-" "-"
115.248.253.81 - - [20/Apr/2012:13:37:51 -0700] "-" 400 0 "-" "-"
115.248.253.81 - - [20/Apr/2012:13:37:51 -0700] "-" 400 0 "-" "-"
184.191.224.10 - - [20/Apr/2012:13:37:53 -0700] "GET / HTTP/1.1" 200 1430 "-" "Caffeinated/1.1.2 CFNetwork/520.3.2 Darwin/11.3.0 (x86_64) (MacBookPro8%2C1)"
184.191.224.10 - - [20/Apr/2012:13:37:53 -0700] "GET /favicon.ico HTTP/1.1" 404 142 "-" "Caffeinated/1.1.2 CFNetwork/520.3.2 Darwin/11.3.0 (x86_64) (MacBookPro8%2C1)"
115.248.253.81 - - [20/Apr/2012:13:38:31 -0700] "-" 400 0 "-" "-"
115.248.253.81 - - [20/Apr/2012:13:38:31 -0700] "-" 400 0 "-" "-"
123.125.71.33 - - [20/Apr/2012:13:38:35 -0700] "GET / HTTP/1.1" 200 3439 "-" "Mozilla/5.0 (compatible; Baiduspider/2.0; +http://www.baidu.com/search/spider.html)"
220.181.108.88 - - [20/Apr/2012:13:39:10 -0700] "GET / HTTP/1.1" 200 3439 "-" "Mozilla/5.0 (compatible; Baiduspider/2.0; +http://www.baidu.com/search/spider.html)"
115.248.253.81 - - [20/Apr/2012:13:40:11 -0700] "-" 400 0 "-" "-"
85.17.88.169 - - [20/Apr/2012:13:40:29 -0700] "POST /blog/wp-cron.php?doing_wp_cron=1334954025 HTTP/1.0" 499 0 "-" "WordPress/3.3.1; http://yuvi.in/blog"
209.85.238.182 - - [20/Apr/2012:13:40:29 -0700] "GET /blog/feed HTTP/1.1" 301 0 "-" "Feedfetcher-Google; (+http://www.google.com/feedfetcher.html; 3 subscribers; feed-id=17684830852112633560)"
85.17.88.169 - - [20/Apr/2012:13:40:31 -0700] "POST /blog/wp-cron.php?doing_wp_cron=1334954027 HTTP/1.0" 499 0 "-" "WordPress/3.3.1; http://yuvi.in/blog"
209.85.238.182 - - [20/Apr/2012:13:40:32 -0700] "GET /blog/feed/ HTTP/1.1" 304 0 "-" "Feedfetcher-Google; (+http://www.google.com/feedfetcher.html; 3 subscribers; feed-id=17684830852112633560)"
111.93.21.230 - - [20/Apr/2012:13:40:51 -0700] "-" 400 0 "-" "-"
115.248.253.81 - - [20/Apr/2012:13:40:52 -0700] "-" 400 0 "-" "-"
111.93.21.230 - - [20/Apr/2012:13:40:52 -0700] "-" 400 0 "-" "-"
115.248.253.81 - - [20/Apr/2012:13:40:52 -0700] "-" 400 0 "-" "-"
85.17.88.169 - - [20/Apr/2012:13:40:52 -0700] "POST /blog/wp-cron.php?doing_wp_cron=1334954048 HTTP/1.0" 499 0 "-" "WordPress/3.3.1; http://yuvi.in/blog"
209.85.224.89 - - [20/Apr/2012:13:40:52 -0700] "GET /blog/feed HTTP/1.1" 304 0 "-" "FeedBurner/1.0 (http://www.FeedBurner.com)"
115.248.253.81 - - [20/Apr/2012:13:41:21 -0700] "-" 400 0 "-" "-"
115.248.253.81 - - [20/Apr/2012:13:41:22 -0700] "-" 400 0 "-" "-"
115.248.253.81 - - [20/Apr/2012:13:41:22 -0700] "-" 400 0 "-" "-"
115.248.253.81 - - [20/Apr/2012:13:41:22 -0700] "-" 400 0 "-" "-"
115.248.253.81 - - [20/Apr/2012:13:41:52 -0700] "-" 400 0 "-" "-"
115.248.253.81 - - [20/Apr/2012:13:41:52 -0700] "-" 400 0 "-" "-"
115.248.253.81 - - [20/Apr/2012:13:41:52 -0700] "-" 400 0 "-" "-"
115.248.253.81 - - [20/Apr/2012:13:41:52 -0700] "-" 400 0 "-" "-"
209.85.224.95 - - [20/Apr/2012:13:42:21 -0700] "GET /stories/feed HTTP/1.1" 200 13653 "-" "FeedBurner/1.0 (http://www.FeedBurner.com)"
115.248.253.81 - - [20/Apr/2012:13:42:32 -0700] "-" 400 0 "-" "-"
115.248.253.81 - - [20/Apr/2012:13:43:42 -0700] "-" 400 0 "-" "-"
115.248.253.81 - - [20/Apr/2012:13:43:42 -0700] "-" 400 0 "-" "-"
115.248.253.81 - - [20/Apr/2012:13:43:42 -0700] "-" 400 0 "-" "-"
115.248.253.81 - - [20/Apr/2012:13:43:42 -0700] "-" 400 0 "-" "-"
115.248.253.81 - - [20/Apr/2012:13:43:42 -0700] "-" 400 0 "-" "-"
85.17.88.169 - - [20/Apr/2012:13:43:44 -0700] "POST /blog/wp-cron.php?doing_wp_cron=1334954220 HTTP/1.0" 499 0 "-" "WordPress/3.3.1; http://yuvi.in/blog"
183.178.85.181 - - [20/Apr/2012:13:43:45 -0700] "GET /blog/blogging-from-under-the-table-during-class/ HTTP/1.1" 200 17342 "-" "Mozilla/4.0 (compatible; MSIE 5.5; Windows NT)"
117.202.128.4 - - [20/Apr/2012:13:43:50 -0700] "GET /r/14k6 HTTP/1.1" 301 257 "http://ta.wikipedia.org/wiki/%E0%AE%85%E0%AE%95%E0%AE%A4%E0%AF%8D%E0%AE%A4%E0%AE%BF%E0%AE%AF%E0%AE%AE%E0%AE%B2%E0%AF%88" "Mozilla/5.0 (Windows NT 6.1) AppleWebKit/535.19 (KHTML, like Gecko) Chrome/18.0.1025.162 Safari/535.19"
117.202.128.4 - - [20/Apr/2012:13:43:50 -0700] "GET /s/ta/14k6/ HTTP/1.1" 302 385 "http://ta.wikipedia.org/wiki/%E0%AE%85%E0%AE%95%E0%AE%A4%E0%AF%8D%E0%AE%A4%E0%AE%BF%E0%AE%AF%E0%AE%AE%E0%AE%B2%E0%AF%88" "Mozilla/5.0 (Windows NT 6.1) AppleWebKit/535.19 (KHTML, like Gecko) Chrome/18.0.1025.162 Safari/535.19"
117.202.128.4 - - [20/Apr/2012:13:44:07 -0700] "-" 400 0 "-" "-"
117.202.128.4 - - [20/Apr/2012:13:44:07 -0700] "-" 400 0 "-" "-"
115.248.253.81 - - [20/Apr/2012:13:44:12 -0700] "-" 400 0 "-" "-"
115.248.253.81 - - [20/Apr/2012:13:44:32 -0700] "-" 400 0 "-" "-"
115.248.253.81 - - [20/Apr/2012:13:44:32 -0700] "-" 400 0 "-" "-"
115.248.253.81 - - [20/Apr/2012:13:44:32 -0700] "-" 400 0 "-" "-"
115.248.253.81 - - [20/Apr/2012:13:44:32 -0700] "-" 400 0 "-" "-"
115.248.253.81 - - [20/Apr/2012:13:44:32 -0700] "-" 400 0 "-" "-"
117.202.128.4 - - [20/Apr/2012:13:45:16 -0700] "GET /s/ta/14k6/ HTTP/1.1" 302 385 "http://ta.wikipedia.org/wiki/%E0%AE%85%E0%AE%95%E0%AE%A4%E0%AF%8D%E0%AE%A4%E0%AE%BF%E0%AE%AF%E0%AE%AE%E0%AE%B2%E0%AF%88" "Mozilla/5.0 (Windows NT 6.1) AppleWebKit/535.19 (KHTML, like Gecko) Chrome/18.0.1025.162 Safari/535.19"
115.248.253.81 - - [20/Apr/2012:13:45:23 -0700] "-" 400 0 "-" "-"
115.248.253.81 - - [20/Apr/2012:13:45:23 -0700] "-" 400 0 "-" "-"
115.248.253.81 - - [20/Apr/2012:13:45:23 -0700] "-" 400 0 "-" "-"
115.248.253.81 - - [20/Apr/2012:13:45:24 -0700] "-" 400 0 "-" "-"
115.248.253.81 - - [20/Apr/2012:13:45:24 -0700] "-" 400 0 "-" "-"
117.202.128.4 - - [20/Apr/2012:13:45:27 -0700] "-" 400 0 "-" "-"
117.202.128.4 - - [20/Apr/2012:13:45:27 -0700] "-" 400 0 "-" "-"
115.248.253.81 - - [20/Apr/2012:13:46:22 -0700] "-" 400 0 "-" "-"
