98.172.15.254 - - [30/Mar/2012:11:01:36 -0700] "GET /favicon.ico HTTP/1.1" 404 169 "-" "Caffeinated/1.1.1 CFNetwork/520.3.2 Darwin/11.3.0 (x86_64) (MacBookPro8%2C1)"
98.172.15.254 - - [30/Mar/2012:11:02:31 -0700] "GET /favicon.ico HTTP/1.1" 404 169 "-" "Caffeinated/1.1.1 CFNetwork/520.3.2 Darwin/11.3.0 (x86_64) (MacBookPro8%2C1)"
98.172.15.254 - - [30/Mar/2012:11:03:20 -0700] "GET /favicon.ico HTTP/1.1" 404 169 "-" "Caffeinated/1.1.1 CFNetwork/520.3.2 Darwin/11.3.0 (x86_64) (MacBookPro8%2C1)"
122.174.31.171 - - [30/Mar/2012:11:03:40 -0700] "-" 400 0 "-" "-"
98.172.15.254 - - [30/Mar/2012:11:04:19 -0700] "GET /favicon.ico HTTP/1.1" 404 169 "-" "Caffeinated/1.1.1 CFNetwork/520.3.2 Darwin/11.3.0 (x86_64) (MacBookPro8%2C1)"
122.164.215.129 - - [30/Mar/2012:11:04:29 -0700] "-" 400 0 "-" "-"
122.164.215.129 - - [30/Mar/2012:11:04:29 -0700] "-" 400 0 "-" "-"
122.164.215.129 - - [30/Mar/2012:11:04:29 -0700] "-" 400 0 "-" "-"
122.164.215.129 - - [30/Mar/2012:11:04:29 -0700] "-" 400 0 "-" "-"
122.164.215.129 - - [30/Mar/2012:11:04:29 -0700] "-" 400 0 "-" "-"
98.172.15.254 - - [30/Mar/2012:11:05:08 -0700] "GET / HTTP/1.1" 304 0 "-" "Caffeinated/1.1.1 CFNetwork/520.3.2 Darwin/11.3.0 (x86_64) (MacBookPro8%2C1)"
98.172.15.254 - - [30/Mar/2012:11:05:08 -0700] "GET /favicon.ico HTTP/1.1" 404 169 "-" "Caffeinated/1.1.1 CFNetwork/520.3.2 Darwin/11.3.0 (x86_64) (MacBookPro8%2C1)"
98.172.15.254 - - [30/Mar/2012:11:06:07 -0700] "GET /favicon.ico HTTP/1.1" 404 169 "-" "Caffeinated/1.1.1 CFNetwork/520.3.2 Darwin/11.3.0 (x86_64) (MacBookPro8%2C1)"
98.172.15.254 - - [30/Mar/2012:11:07:08 -0700] "GET /favicon.ico HTTP/1.1" 404 169 "-" "Caffeinated/1.1.1 CFNetwork/520.3.2 Darwin/11.3.0 (x86_64) (MacBookPro8%2C1)"
208.80.194.67 - - [30/Mar/2012:11:07:31 -0700] "GET /s/ta/33y0/ HTTP/1.0" 302 609 "-" "Mozilla/4.0 (compatible; MSIE 7.0; Windows NT 5.1; CDSource=v11c.01; FunWebProducts; .NET CLR 1.1.4322)"
98.172.15.254 - - [30/Mar/2012:11:07:55 -0700] "GET /favicon.ico HTTP/1.1" 404 169 "-" "Caffeinated/1.1.1 CFNetwork/520.3.2 Darwin/11.3.0 (x86_64) (MacBookPro8%2C1)"
208.115.111.68 - - [30/Mar/2012:11:08:10 -0700] "GET /robots.txt HTTP/1.1" 404 169 "-" "Mozilla/5.0 (compatible; Ezooms/1.0; ezooms.bot@gmail.com)"
98.172.15.254 - - [30/Mar/2012:11:08:57 -0700] "GET /favicon.ico HTTP/1.1" 404 169 "-" "Caffeinated/1.1.1 CFNetwork/520.3.2 Darwin/11.3.0 (x86_64) (MacBookPro8%2C1)"
117.202.88.225 - - [30/Mar/2012:11:09:33 -0700] "-" 400 0 "-" "-"
98.172.15.254 - - [30/Mar/2012:11:09:43 -0700] "GET /favicon.ico HTTP/1.1" 404 169 "-" "Caffeinated/1.1.1 CFNetwork/520.3.2 Darwin/11.3.0 (x86_64) (MacBookPro8%2C1)"
85.17.88.169 - - [30/Mar/2012:11:10:21 -0700] "POST /blog/wp-cron.php?doing_wp_cron=1333130786 HTTP/1.0" 499 0 "-" "WordPress/3.3.1; http://yuvi.in/blog"
175.44.1.49 - - [30/Mar/2012:11:10:23 -0700] "GET /blog/ HTTP/1.0" 200 33142 "http://yuvi.in/blog/" "Mozilla/4.0 (compatible; MSIE 5.0; Windows 2000) Opera 6.0 [en]"
98.172.15.254 - - [30/Mar/2012:11:10:46 -0700] "GET / HTTP/1.1" 304 0 "-" "Caffeinated/1.1.1 CFNetwork/520.3.2 Darwin/11.3.0 (x86_64) (MacBookPro8%2C1)"
98.172.15.254 - - [30/Mar/2012:11:10:46 -0700] "GET /favicon.ico HTTP/1.1" 404 169 "-" "Caffeinated/1.1.1 CFNetwork/520.3.2 Darwin/11.3.0 (x86_64) (MacBookPro8%2C1)"
98.172.15.254 - - [30/Mar/2012:11:11:29 -0700] "GET /favicon.ico HTTP/1.1" 404 169 "-" "Caffeinated/1.1.1 CFNetwork/520.3.2 Darwin/11.3.0 (x86_64) (MacBookPro8%2C1)"
208.80.194.67 - - [30/Mar/2012:11:11:31 -0700] "GET /s/ta/33zx/ HTTP/1.0" 302 631 "-" "Mozilla/4.0 (compatible; MSIE 7.0; Windows NT 5.1; FunWebProducts; 3B 3.1; .NET CLR 1.0.3705; .NET CLR 1.1.4322; Media Center PC 4.0; ZangoToolbar 4.8.3; yplus 5.1.04b)"
98.172.15.254 - - [30/Mar/2012:11:12:25 -0700] "GET /favicon.ico HTTP/1.1" 404 169 "-" "Caffeinated/1.1.1 CFNetwork/520.3.2 Darwin/11.3.0 (x86_64) (MacBookPro8%2C1)"
66.249.73.26 - - [30/Mar/2012:11:13:00 -0700] "GET /admin/routes/route/3128/ HTTP/1.1" 404 142 "-" "Mozilla/5.0 (compatible; Googlebot/2.1; +http://www.google.com/bot.html)"
98.172.15.254 - - [30/Mar/2012:11:13:10 -0700] "GET /favicon.ico HTTP/1.1" 404 169 "-" "Caffeinated/1.1.1 CFNetwork/520.3.2 Darwin/11.3.0 (x86_64) (MacBookPro8%2C1)"
117.193.131.240 - - [30/Mar/2012:11:13:58 -0700] "-" 400 0 "-" "-"
117.193.131.240 - - [30/Mar/2012:11:13:58 -0700] "-" 400 0 "-" "-"
117.193.131.240 - - [30/Mar/2012:11:13:58 -0700] "-" 400 0 "-" "-"
117.193.131.240 - - [30/Mar/2012:11:13:58 -0700] "-" 400 0 "-" "-"
117.193.131.240 - - [30/Mar/2012:11:13:58 -0700] "-" 400 0 "-" "-"
98.172.15.254 - - [30/Mar/2012:11:14:09 -0700] "GET /favicon.ico HTTP/1.1" 404 169 "-" "Caffeinated/1.1.1 CFNetwork/520.3.2 Darwin/11.3.0 (x86_64) (MacBookPro8%2C1)"
98.172.15.254 - - [30/Mar/2012:11:14:52 -0700] "GET /favicon.ico HTTP/1.1" 404 169 "-" "Caffeinated/1.1.1 CFNetwork/520.3.2 Darwin/11.3.0 (x86_64) (MacBookPro8%2C1)"
117.193.131.240 - - [30/Mar/2012:11:15:28 -0700] "-" 400 0 "-" "-"
98.172.15.254 - - [30/Mar/2012:11:15:51 -0700] "GET / HTTP/1.1" 304 0 "-" "Caffeinated/1.1.1 CFNetwork/520.3.2 Darwin/11.3.0 (x86_64) (MacBookPro8%2C1)"
98.172.15.254 - - [30/Mar/2012:11:15:51 -0700] "GET /favicon.ico HTTP/1.1" 404 169 "-" "Caffeinated/1.1.1 CFNetwork/520.3.2 Darwin/11.3.0 (x86_64) (MacBookPro8%2C1)"
122.164.215.129 - - [30/Mar/2012:11:16:00 -0700] "-" 400 0 "-" "-"
209.85.238.244 - - [30/Mar/2012:11:16:07 -0700] "GET /blog/feed HTTP/1.1" 301 0 "-" "Feedfetcher-Google; (+http://www.google.com/feedfetcher.html; 3 subscribers; feed-id=17684830852112633560)"
85.17.88.169 - - [30/Mar/2012:11:16:07 -0700] "POST /blog/wp-cron.php?doing_wp_cron=1333131132 HTTP/1.0" 499 0 "-" "WordPress/3.3.1; http://yuvi.in/blog"
85.17.88.169 - - [30/Mar/2012:11:16:09 -0700] "POST /blog/wp-cron.php?doing_wp_cron=1333131133 HTTP/1.0" 200 0 "-" "WordPress/3.3.1; http://yuvi.in/blog"
209.85.238.244 - - [30/Mar/2012:11:16:09 -0700] "GET /blog/feed/ HTTP/1.1" 304 0 "-" "Feedfetcher-Google; (+http://www.google.com/feedfetcher.html; 3 subscribers; feed-id=17684830852112633560)"
209.85.144.81 - - [30/Mar/2012:11:16:13 -0700] "GET /blog/feed HTTP/1.1" 304 0 "-" "FeedBurner/1.0 (http://www.FeedBurner.com)"
117.193.131.240 - - [30/Mar/2012:11:16:28 -0700] "-" 400 0 "-" "-"
98.172.15.254 - - [30/Mar/2012:11:16:31 -0700] "GET /favicon.ico HTTP/1.1" 404 169 "-" "Caffeinated/1.1.1 CFNetwork/520.3.2 Darwin/11.3.0 (x86_64) (MacBookPro8%2C1)"
122.164.215.129 - - [30/Mar/2012:11:16:52 -0700] "-" 400 0 "-" "-"
66.249.73.26 - - [30/Mar/2012:11:16:55 -0700] "GET /admin/routes/route/3153/ HTTP/1.1" 404 142 "-" "Mozilla/5.0 (compatible; Googlebot/2.1; +http://www.google.com/bot.html)"
122.164.215.129 - - [30/Mar/2012:11:17:10 -0700] "-" 400 0 "-" "-"
122.164.215.129 - - [30/Mar/2012:11:17:10 -0700] "-" 400 0 "-" "-"
122.164.215.129 - - [30/Mar/2012:11:17:10 -0700] "-" 400 0 "-" "-"
122.164.215.129 - - [30/Mar/2012:11:17:10 -0700] "-" 400 0 "-" "-"
85.17.88.169 - - [30/Mar/2012:11:17:19 -0700] "POST /blog/wp-cron.php?doing_wp_cron=1333131203 HTTP/1.0" 499 0 "-" "WordPress/3.3.1; http://yuvi.in/blog"
209.85.238.244 - - [30/Mar/2012:11:17:19 -0700] "GET /blog/feed/ HTTP/1.1" 304 0 "-" "Feedfetcher-Google; (+http://www.google.com/feedfetcher.html; 18 subscribers; feed-id=15064232456473204253)"
122.164.215.129 - - [30/Mar/2012:11:17:20 -0700] "-" 400 0 "-" "-"
98.172.15.254 - - [30/Mar/2012:11:17:30 -0700] "GET /favicon.ico HTTP/1.1" 404 169 "-" "Caffeinated/1.1.1 CFNetwork/520.3.2 Darwin/11.3.0 (x86_64) (MacBookPro8%2C1)"
98.172.15.254 - - [30/Mar/2012:11:18:13 -0700] "GET /favicon.ico HTTP/1.1" 404 169 "-" "Caffeinated/1.1.1 CFNetwork/520.3.2 Darwin/11.3.0 (x86_64) (MacBookPro8%2C1)"
209.85.144.91 - - [30/Mar/2012:11:19:02 -0700] "GET /stories/feed HTTP/1.1" 200 13653 "-" "FeedBurner/1.0 (http://www.FeedBurner.com)"
98.172.15.254 - - [30/Mar/2012:11:19:13 -0700] "GET /favicon.ico HTTP/1.1" 404 169 "-" "Caffeinated/1.1.1 CFNetwork/520.3.2 Darwin/11.3.0 (x86_64) (MacBookPro8%2C1)"
123.201.224.114 - - [30/Mar/2012:11:19:20 -0700] "GET /blog HTTP/1.1" 301 178 "http://suren.in/2011/08/08/one-month-at-interviewstreet/" "Mozilla/5.0 (Windows NT 6.1; WOW64) AppleWebKit/535.11 (KHTML, like Gecko) Chrome/17.0.963.83 Safari/535.11"
123.201.224.114 - - [30/Mar/2012:11:19:21 -0700] "GET /blog/ HTTP/1.1" 200 9194 "http://suren.in/2011/08/08/one-month-at-interviewstreet/" "Mozilla/5.0 (Windows NT 6.1; WOW64) AppleWebKit/535.11 (KHTML, like Gecko) Chrome/17.0.963.83 Safari/535.11"
123.201.224.114 - - [30/Mar/2012:11:19:21 -0700] "GET /blog/wp-content/themes/cleanr/style.css HTTP/1.1" 200 10508 "http://yuvi.in/blog/" "Mozilla/5.0 (Windows NT 6.1; WOW64) AppleWebKit/535.11 (KHTML, like Gecko) Chrome/17.0.963.83 Safari/535.11"
123.201.224.114 - - [30/Mar/2012:11:19:22 -0700] "GET /blog/wp-content/themes/cleanr/js/jquery.dropdown.js?ver=3.3.1 HTTP/1.1" 200 535 "http://yuvi.in/blog/" "Mozilla/5.0 (Windows NT 6.1; WOW64) AppleWebKit/535.11 (KHTML, like Gecko) Chrome/17.0.963.83 Safari/535.11"
123.201.224.114 - - [30/Mar/2012:11:19:25 -0700] "GET /blog/wp-content/themes/cleanr/css/reset.css HTTP/1.1" 200 648 "http://yuvi.in/blog/" "Mozilla/5.0 (Windows NT 6.1; WOW64) AppleWebKit/535.11 (KHTML, like Gecko) Chrome/17.0.963.83 Safari/535.11"
123.201.224.114 - - [30/Mar/2012:11:19:25 -0700] "GET /blog/wp-content/themes/cleanr/css/text.css HTTP/1.1" 200 420 "http://yuvi.in/blog/" "Mozilla/5.0 (Windows NT 6.1; WOW64) AppleWebKit/535.11 (KHTML, like Gecko) Chrome/17.0.963.83 Safari/535.11"
123.201.224.114 - - [30/Mar/2012:11:19:25 -0700] "GET /blog/wp-content/themes/cleanr/css/960.css HTTP/1.1" 200 3628 "http://yuvi.in/blog/" "Mozilla/5.0 (Windows NT 6.1; WOW64) AppleWebKit/535.11 (KHTML, like Gecko) Chrome/17.0.963.83 Safari/535.11"
123.201.224.114 - - [30/Mar/2012:11:19:41 -0700] "GET /blog/wp-includes/js/jquery/jquery.js?ver=1.7.1 HTTP/1.1" 200 93889 "http://yuvi.in/blog/" "Mozilla/5.0 (Windows NT 6.1; WOW64) AppleWebKit/535.11 (KHTML, like Gecko) Chrome/17.0.963.83 Safari/535.11"
123.201.224.114 - - [30/Mar/2012:11:19:44 -0700] "GET /blog/wp-content/themes/cleanr/images/search_magnifier.gif HTTP/1.1" 200 394 "http://yuvi.in/blog/" "Mozilla/5.0 (Windows NT 6.1; WOW64) AppleWebKit/535.11 (KHTML, like Gecko) Chrome/17.0.963.83 Safari/535.11"
123.201.224.114 - - [30/Mar/2012:11:19:45 -0700] "GET /favicon.ico HTTP/1.1" 404 199 "-" "Mozilla/5.0 (Windows NT 6.1; WOW64) AppleWebKit/535.11 (KHTML, like Gecko) Chrome/17.0.963.83 Safari/535.11"
122.174.91.66 - - [30/Mar/2012:11:20:00 -0700] "GET / HTTP/1.1" 200 1430 "http://yuvi.in" "SimplePie/1.2 (Feed Parser; http://simplepie.org; Allow like Gecko) Build/20090627192103"
98.172.15.254 - - [30/Mar/2012:11:20:02 -0700] "GET /favicon.ico HTTP/1.1" 404 169 "-" "Caffeinated/1.1.1 CFNetwork/520.3.2 Darwin/11.3.0 (x86_64) (MacBookPro8%2C1)"
98.172.15.254 - - [30/Mar/2012:11:20:53 -0700] "GET / HTTP/1.1" 304 0 "-" "Caffeinated/1.1.1 CFNetwork/520.3.2 Darwin/11.3.0 (x86_64) (MacBookPro8%2C1)"
98.172.15.254 - - [30/Mar/2012:11:20:53 -0700] "GET /favicon.ico HTTP/1.1" 404 169 "-" "Caffeinated/1.1.1 CFNetwork/520.3.2 Darwin/11.3.0 (x86_64) (MacBookPro8%2C1)"
98.172.15.254 - - [30/Mar/2012:11:21:40 -0700] "GET /favicon.ico HTTP/1.1" 404 169 "-" "Caffeinated/1.1.1 CFNetwork/520.3.2 Darwin/11.3.0 (x86_64) (MacBookPro8%2C1)"
50.19.65.61 - - [30/Mar/2012:11:21:57 -0700] "GET /r/33y1 HTTP/1.1" 301 257 "-" "Mozilla/5.0 (Macintosh; U; Intel Mac OS X 10.6; en-US; rv:1.9.2) Gecko/20100115 Firefox/3.6 (FlipboardProxy/1.1; +http://flipboard.com/browserproxy)"
50.19.65.61 - - [30/Mar/2012:11:21:57 -0700] "GET /s/ta/33y1/ HTTP/1.1" 302 615 "-" "Mozilla/5.0 (Macintosh; U; Intel Mac OS X 10.6; en-US; rv:1.9.2) Gecko/20100115 Firefox/3.6 (FlipboardProxy/1.1; +http://flipboard.com/browserproxy)"
204.236.235.245 - - [30/Mar/2012:11:22:14 -0700] "GET /robots.txt HTTP/1.0" 404 169 "-" "ia_archiver (+http://www.alexa.com/site/help/webmasters; crawler@alexa.com)"
85.17.88.169 - - [30/Mar/2012:11:22:16 -0700] "POST /blog/wp-cron.php?doing_wp_cron=1333131501 HTTP/1.0" 499 0 "-" "WordPress/3.3.1; http://yuvi.in/blog"
204.236.235.245 - - [30/Mar/2012:11:22:17 -0700] "GET /blog/page/2 HTTP/1.0" 301 0 "-" "ia_archiver (+http://www.alexa.com/site/help/webmasters; crawler@alexa.com)"
85.17.88.169 - - [30/Mar/2012:11:22:19 -0700] "POST /blog/wp-cron.php?doing_wp_cron=1333131503 HTTP/1.0" 499 0 "-" "WordPress/3.3.1; http://yuvi.in/blog"
204.236.235.245 - - [30/Mar/2012:11:22:20 -0700] "GET /blog/page/2/ HTTP/1.0" 200 76180 "-" "ia_archiver (+http://www.alexa.com/site/help/webmasters; crawler@alexa.com)"
98.172.15.254 - - [30/Mar/2012:11:22:28 -0700] "GET /favicon.ico HTTP/1.1" 404 169 "-" "Caffeinated/1.1.1 CFNetwork/520.3.2 Darwin/11.3.0 (x86_64) (MacBookPro8%2C1)"
122.174.31.171 - - [30/Mar/2012:11:22:40 -0700] "-" 400 0 "-" "-"
85.17.88.169 - - [30/Mar/2012:11:23:06 -0700] "POST /blog/wp-cron.php?doing_wp_cron=1333131550 HTTP/1.0" 499 0 "-" "WordPress/3.3.1; http://yuvi.in/blog"
123.201.224.114 - - [30/Mar/2012:11:23:06 -0700] "GET /blog/category/so-called-it/ HTTP/1.1" 200 11663 "http://yuvi.in/blog/" "Mozilla/5.0 (Windows NT 6.1; WOW64) AppleWebKit/535.11 (KHTML, like Gecko) Chrome/17.0.963.83 Safari/535.11"
123.201.224.114 - - [30/Mar/2012:11:23:08 -0700] "GET /favicon.ico HTTP/1.1" 404 199 "-" "Mozilla/5.0 (Windows NT 6.1; WOW64) AppleWebKit/535.11 (KHTML, like Gecko) Chrome/17.0.963.83 Safari/535.11"
123.201.224.114 - - [30/Mar/2012:11:23:19 -0700] "-" 400 0 "-" "-"
98.172.15.254 - - [30/Mar/2012:11:23:22 -0700] "GET /favicon.ico HTTP/1.1" 404 169 "-" "Caffeinated/1.1.1 CFNetwork/520.3.2 Darwin/11.3.0 (x86_64) (MacBookPro8%2C1)"
85.17.88.169 - - [30/Mar/2012:11:23:22 -0700] "POST /blog/wp-cron.php?doing_wp_cron=1333131567 HTTP/1.0" 499 0 "-" "WordPress/3.3.1; http://yuvi.in/blog"
66.249.73.27 - - [30/Mar/2012:11:23:23 -0700] "GET /blog/theMarianStar/Darius.pdf HTTP/1.1" 404 3016 "-" "Googlebot/2.1 (+http://www.google.com/bot.html)"
122.174.31.171 - - [30/Mar/2012:11:24:00 -0700] "-" 400 0 "-" "-"
98.172.15.254 - - [30/Mar/2012:11:24:13 -0700] "GET /favicon.ico HTTP/1.1" 404 169 "-" "Caffeinated/1.1.1 CFNetwork/520.3.2 Darwin/11.3.0 (x86_64) (MacBookPro8%2C1)"
14.99.30.196 - - [30/Mar/2012:11:24:17 -0700] "-" 400 0 "-" "-"
14.99.30.196 - - [30/Mar/2012:11:24:17 -0700] "-" 400 0 "-" "-"
14.99.30.196 - - [30/Mar/2012:11:24:17 -0700] "-" 400 0 "-" "-"
14.99.30.196 - - [30/Mar/2012:11:24:17 -0700] "-" 400 0 "-" "-"
14.99.30.196 - - [30/Mar/2012:11:24:17 -0700] "-" 400 0 "-" "-"
98.172.15.254 - - [30/Mar/2012:11:25:02 -0700] "GET /favicon.ico HTTP/1.1" 404 169 "-" "Caffeinated/1.1.1 CFNetwork/520.3.2 Darwin/11.3.0 (x86_64) (MacBookPro8%2C1)"
117.216.43.95 - - [30/Mar/2012:11:25:04 -0700] "-" 400 0 "-" "-"
98.172.15.254 - - [30/Mar/2012:11:25:55 -0700] "GET / HTTP/1.1" 304 0 "-" "Caffeinated/1.1.1 CFNetwork/520.3.2 Darwin/11.3.0 (x86_64) (MacBookPro8%2C1)"
98.172.15.254 - - [30/Mar/2012:11:25:55 -0700] "GET /favicon.ico HTTP/1.1" 404 169 "-" "Caffeinated/1.1.1 CFNetwork/520.3.2 Darwin/11.3.0 (x86_64) (MacBookPro8%2C1)"
14.99.30.196 - - [30/Mar/2012:11:25:56 -0700] "-" 400 0 "-" "-"
59.106.108.66 - - [30/Mar/2012:11:26:13 -0700] "HEAD /r/33y1 HTTP/1.0" 301 0 "-" "Hatena-UserAgent/0.02 (Hatena::Bookmark; master;)"
59.106.108.66 - - [30/Mar/2012:11:26:13 -0700] "HEAD /s/ta/33y1/ HTTP/1.0" 302 0 "-" "Hatena-UserAgent/0.02 (Hatena::Bookmark; master;)"
98.172.15.254 - - [30/Mar/2012:11:26:52 -0700] "GET /favicon.ico HTTP/1.1" 404 169 "-" "Caffeinated/1.1.1 CFNetwork/520.3.2 Darwin/11.3.0 (x86_64) (MacBookPro8%2C1)"
98.172.15.254 - - [30/Mar/2012:11:27:35 -0700] "GET /favicon.ico HTTP/1.1" 404 169 "-" "Caffeinated/1.1.1 CFNetwork/520.3.2 Darwin/11.3.0 (x86_64) (MacBookPro8%2C1)"
119.235.237.23 - - [30/Mar/2012:11:27:43 -0700] "GET /robots.txt HTTP/1.1" 404 169 "-" "Yeti/1.0 (NHN Corp.; http://help.naver.com/robots/)"
85.17.88.169 - - [30/Mar/2012:11:27:45 -0700] "POST /blog/wp-cron.php?doing_wp_cron=1333131830 HTTP/1.0" 499 0 "-" "WordPress/3.3.1; http://yuvi.in/blog"
119.235.237.23 - - [30/Mar/2012:11:27:46 -0700] "GET /blog/story-average-indian-techie/ HTTP/1.1" 200 54277 "-" "Yeti/1.0 (NHN Corp.; http://help.naver.com/robots/)"
117.193.99.141 - - [30/Mar/2012:11:28:18 -0700] "-" 400 0 "-" "-"
98.172.15.254 - - [30/Mar/2012:11:28:33 -0700] "GET /favicon.ico HTTP/1.1" 404 169 "-" "Caffeinated/1.1.1 CFNetwork/520.3.2 Darwin/11.3.0 (x86_64) (MacBookPro8%2C1)"
117.216.43.95 - - [30/Mar/2012:11:28:37 -0700] "-" 400 0 "-" "-"
117.226.141.30 - - [30/Mar/2012:11:28:49 -0700] "-" 400 0 "-" "-"
117.226.141.30 - - [30/Mar/2012:11:28:49 -0700] "-" 400 0 "-" "-"
117.226.141.30 - - [30/Mar/2012:11:28:49 -0700] "-" 400 0 "-" "-"
117.226.141.30 - - [30/Mar/2012:11:28:49 -0700] "-" 400 0 "-" "-"
117.226.141.30 - - [30/Mar/2012:11:28:49 -0700] "-" 400 0 "-" "-"
122.174.31.171 - - [30/Mar/2012:11:28:50 -0700] "-" 400 0 "-" "-"
98.172.15.254 - - [30/Mar/2012:11:29:19 -0700] "GET /favicon.ico HTTP/1.1" 404 169 "-" "Caffeinated/1.1.1 CFNetwork/520.3.2 Darwin/11.3.0 (x86_64) (MacBookPro8%2C1)"
112.79.44.198 - - [30/Mar/2012:11:29:48 -0700] "-" 400 0 "-" "-"
112.79.44.198 - - [30/Mar/2012:11:29:49 -0700] "-" 400 0 "-" "-"
112.79.44.198 - - [30/Mar/2012:11:29:50 -0700] "-" 400 0 "-" "-"
112.79.44.198 - - [30/Mar/2012:11:29:50 -0700] "-" 400 0 "-" "-"
112.79.44.198 - - [30/Mar/2012:11:29:50 -0700] "-" 400 0 "-" "-"
112.79.44.198 - - [30/Mar/2012:11:29:51 -0700] "-" 400 0 "-" "-"
98.172.15.254 - - [30/Mar/2012:11:30:16 -0700] "GET /favicon.ico HTTP/1.1" 404 169 "-" "Caffeinated/1.1.1 CFNetwork/520.3.2 Darwin/11.3.0 (x86_64) (MacBookPro8%2C1)"
117.193.99.141 - - [30/Mar/2012:11:30:18 -0700] "-" 400 0 "-" "-"
117.226.141.30 - - [30/Mar/2012:11:30:19 -0700] "-" 400 0 "-" "-"
117.193.99.141 - - [30/Mar/2012:11:30:48 -0700] "-" 400 0 "-" "-"
98.172.15.254 - - [30/Mar/2012:11:30:54 -0700] "GET / HTTP/1.1" 304 0 "-" "Caffeinated/1.1.1 CFNetwork/520.3.2 Darwin/11.3.0 (x86_64) (MacBookPro8%2C1)"
98.172.15.254 - - [30/Mar/2012:11:30:54 -0700] "GET /favicon.ico HTTP/1.1" 404 169 "-" "Caffeinated/1.1.1 CFNetwork/520.3.2 Darwin/11.3.0 (x86_64) (MacBookPro8%2C1)"
117.226.141.30 - - [30/Mar/2012:11:30:59 -0700] "-" 400 0 "-" "-"
122.174.31.171 - - [30/Mar/2012:11:31:00 -0700] "-" 400 0 "-" "-"
122.174.31.171 - - [30/Mar/2012:11:31:00 -0700] "-" 400 0 "-" "-"
122.174.31.171 - - [30/Mar/2012:11:31:00 -0700] "-" 400 0 "-" "-"
85.17.88.169 - - [30/Mar/2012:11:31:11 -0700] "POST /blog/wp-cron.php?doing_wp_cron=1333132035 HTTP/1.0" 499 0 "-" "WordPress/3.3.1; http://yuvi.in/blog"
123.201.224.114 - - [30/Mar/2012:11:31:11 -0700] "GET /blog/category/personal/ HTTP/1.1" 200 14320 "http://yuvi.in/blog/category/so-called-it/" "Mozilla/5.0 (Windows NT 6.1; WOW64) AppleWebKit/535.11 (KHTML, like Gecko) Chrome/17.0.963.83 Safari/535.11"
117.193.99.141 - - [30/Mar/2012:11:31:18 -0700] "-" 400 0 "-" "-"
117.193.99.141 - - [30/Mar/2012:11:31:18 -0700] "-" 400 0 "-" "-"
117.193.99.141 - - [30/Mar/2012:11:31:18 -0700] "-" 400 0 "-" "-"
117.193.99.141 - - [30/Mar/2012:11:31:18 -0700] "-" 400 0 "-" "-"
117.193.99.141 - - [30/Mar/2012:11:31:18 -0700] "-" 400 0 "-" "-"
123.201.224.114 - - [30/Mar/2012:11:31:29 -0700] "-" 400 0 "-" "-"
117.193.99.141 - - [30/Mar/2012:11:31:48 -0700] "-" 400 0 "-" "-"
116.203.135.100 - - [30/Mar/2012:11:31:51 -0700] "GET /r/304b HTTP/1.1" 301 257 "http://t.co/2SVTgrMy" "Mozilla/4.0 (compatible; MSIE 6.0; Windows NT 5.1; SV1; BTRS129898; InfoPath.2)"
98.172.15.254 - - [30/Mar/2012:11:31:54 -0700] "GET /favicon.ico HTTP/1.1" 404 169 "-" "Caffeinated/1.1.1 CFNetwork/520.3.2 Darwin/11.3.0 (x86_64) (MacBookPro8%2C1)"
116.203.135.100 - - [30/Mar/2012:11:31:55 -0700] "GET /s/ta/304b/ HTTP/1.1" 302 389 "http://t.co/2SVTgrMy" "Mozilla/4.0 (compatible; MSIE 6.0; Windows NT 5.1; SV1; BTRS129898; InfoPath.2)"
123.201.224.114 - - [30/Mar/2012:11:31:57 -0700] "GET /favicon.ico HTTP/1.1" 404 199 "-" "Mozilla/5.0 (Windows NT 6.1; WOW64) AppleWebKit/535.11 (KHTML, like Gecko) Chrome/17.0.963.83 Safari/535.11"
117.216.43.95 - - [30/Mar/2012:11:32:22 -0700] "-" 400 0 "-" "-"
98.172.15.254 - - [30/Mar/2012:11:32:43 -0700] "GET /favicon.ico HTTP/1.1" 404 169 "-" "Caffeinated/1.1.1 CFNetwork/520.3.2 Darwin/11.3.0 (x86_64) (MacBookPro8%2C1)"
117.193.99.141 - - [30/Mar/2012:11:32:58 -0700] "-" 400 0 "-" "-"
122.174.31.171 - - [30/Mar/2012:11:33:10 -0700] "-" 400 0 "-" "-"
98.172.15.254 - - [30/Mar/2012:11:33:34 -0700] "GET /favicon.ico HTTP/1.1" 404 169 "-" "Caffeinated/1.1.1 CFNetwork/520.3.2 Darwin/11.3.0 (x86_64) (MacBookPro8%2C1)"
85.17.88.169 - - [30/Mar/2012:11:34:09 -0700] "POST /blog/wp-cron.php?doing_wp_cron=1333132213 HTTP/1.0" 499 0 "-" "WordPress/3.3.1; http://yuvi.in/blog"
123.201.224.114 - - [30/Mar/2012:11:34:09 -0700] "GET /blog/category/personal/page/2/ HTTP/1.1" 200 10806 "http://yuvi.in/blog/category/personal/" "Mozilla/5.0 (Windows NT 6.1; WOW64) AppleWebKit/535.11 (KHTML, like Gecko) Chrome/17.0.963.83 Safari/535.11"
123.201.224.114 - - [30/Mar/2012:11:34:11 -0700] "GET /favicon.ico HTTP/1.1" 404 199 "-" "Mozilla/5.0 (Windows NT 6.1; WOW64) AppleWebKit/535.11 (KHTML, like Gecko) Chrome/17.0.963.83 Safari/535.11"
123.201.224.114 - - [30/Mar/2012:11:34:19 -0700] "-" 400 0 "-" "-"
98.172.15.254 - - [30/Mar/2012:11:34:29 -0700] "GET /favicon.ico HTTP/1.1" 404 169 "-" "Caffeinated/1.1.1 CFNetwork/520.3.2 Darwin/11.3.0 (x86_64) (MacBookPro8%2C1)"
98.172.15.254 - - [30/Mar/2012:11:35:24 -0700] "GET /favicon.ico HTTP/1.1" 404 169 "-" "Caffeinated/1.1.1 CFNetwork/520.3.2 Darwin/11.3.0 (x86_64) (MacBookPro8%2C1)"
98.172.15.254 - - [30/Mar/2012:11:36:23 -0700] "GET / HTTP/1.1" 304 0 "-" "Caffeinated/1.1.1 CFNetwork/520.3.2 Darwin/11.3.0 (x86_64) (MacBookPro8%2C1)"
98.172.15.254 - - [30/Mar/2012:11:36:23 -0700] "GET /favicon.ico HTTP/1.1" 404 169 "-" "Caffeinated/1.1.1 CFNetwork/520.3.2 Darwin/11.3.0 (x86_64) (MacBookPro8%2C1)"
122.174.31.171 - - [30/Mar/2012:11:36:30 -0700] "-" 400 0 "-" "-"
98.172.15.254 - - [30/Mar/2012:11:37:10 -0700] "GET /favicon.ico HTTP/1.1" 404 169 "-" "Caffeinated/1.1.1 CFNetwork/520.3.2 Darwin/11.3.0 (x86_64) (MacBookPro8%2C1)"
85.17.88.169 - - [30/Mar/2012:11:37:37 -0700] "POST /blog/wp-cron.php?doing_wp_cron=1333132421 HTTP/1.0" 499 0 "-" "WordPress/3.3.1; http://yuvi.in/blog"
123.201.224.114 - - [30/Mar/2012:11:37:37 -0700] "GET /blog/category/education/ HTTP/1.1" 200 14722 "http://yuvi.in/blog/category/personal/page/2/" "Mozilla/5.0 (Windows NT 6.1; WOW64) AppleWebKit/535.11 (KHTML, like Gecko) Chrome/17.0.963.83 Safari/535.11"
123.201.224.114 - - [30/Mar/2012:11:37:49 -0700] "-" 400 0 "-" "-"
123.201.224.114 - - [30/Mar/2012:11:37:50 -0700] "GET /favicon.ico HTTP/1.1" 404 199 "-" "Mozilla/5.0 (Windows NT 6.1; WOW64) AppleWebKit/535.11 (KHTML, like Gecko) Chrome/17.0.963.83 Safari/535.11"
117.193.99.141 - - [30/Mar/2012:11:37:58 -0700] "-" 400 0 "-" "-"
117.193.99.141 - - [30/Mar/2012:11:37:58 -0700] "-" 400 0 "-" "-"
117.193.99.141 - - [30/Mar/2012:11:37:58 -0700] "-" 400 0 "-" "-"
117.193.99.141 - - [30/Mar/2012:11:37:58 -0700] "-" 400 0 "-" "-"
117.193.99.141 - - [30/Mar/2012:11:37:58 -0700] "-" 400 0 "-" "-"
117.193.99.141 - - [30/Mar/2012:11:37:58 -0700] "-" 400 0 "-" "-"
98.172.15.254 - - [30/Mar/2012:11:38:03 -0700] "GET /favicon.ico HTTP/1.1" 404 169 "-" "Caffeinated/1.1.1 CFNetwork/520.3.2 Darwin/11.3.0 (x86_64) (MacBookPro8%2C1)"
76.72.167.163 - - [30/Mar/2012:11:38:24 -0700] "GET /robots.txt HTTP/1.0" 404 169 "-" "Mozilla/5.0 (compatible; MJ12bot/v1.4.2; http://www.majestic12.co.uk/bot.php?+)"
85.17.88.169 - - [30/Mar/2012:11:38:27 -0700] "POST /blog/wp-cron.php?doing_wp_cron=1333132471 HTTP/1.0" 499 0 "-" "WordPress/3.3.1; http://yuvi.in/blog"
76.72.167.163 - - [30/Mar/2012:11:38:28 -0700] "GET /blog/2012/03 HTTP/1.0" 301 0 "-" "Mozilla/5.0 (compatible; MJ12bot/v1.4.2; http://www.majestic12.co.uk/bot.php?+)"
85.17.88.169 - - [30/Mar/2012:11:38:31 -0700] "POST /blog/wp-cron.php?doing_wp_cron=1333132475 HTTP/1.0" 499 0 "-" "WordPress/3.3.1; http://yuvi.in/blog"
76.72.167.163 - - [30/Mar/2012:11:38:31 -0700] "GET /blog/2012/03/ HTTP/1.0" 200 14643 "-" "Mozilla/5.0 (compatible; MJ12bot/v1.4.2; http://www.majestic12.co.uk/bot.php?+)"
117.226.141.30 - - [30/Mar/2012:11:38:41 -0700] "-" 400 0 "-" "-"
117.226.141.30 - - [30/Mar/2012:11:38:41 -0700] "-" 400 0 "-" "-"
117.226.141.30 - - [30/Mar/2012:11:38:41 -0700] "-" 400 0 "-" "-"
117.226.141.30 - - [30/Mar/2012:11:38:41 -0700] "-" 400 0 "-" "-"
117.226.141.30 - - [30/Mar/2012:11:38:51 -0700] "-" 400 0 "-" "-"
98.172.15.254 - - [30/Mar/2012:11:38:57 -0700] "GET /favicon.ico HTTP/1.1" 404 169 "-" "Caffeinated/1.1.1 CFNetwork/520.3.2 Darwin/11.3.0 (x86_64) (MacBookPro8%2C1)"
93.185.177.68 - - [30/Mar/2012:11:39:09 -0700] "GET / HTTP/1.1" 200 1430 "-" "Reeder/1010.69.00 CFNetwork/520.3.2 Darwin/11.3.0 (x86_64) (MacBookPro8%2C1)"
93.185.177.68 - - [30/Mar/2012:11:39:09 -0700] "GET /favicon.ico HTTP/1.1" 404 142 "-" "Reeder/1010.69.00 CFNetwork/520.3.2 Darwin/11.3.0 (x86_64) (MacBookPro8%2C1)"
93.185.177.68 - - [30/Mar/2012:11:39:09 -0700] "GET / HTTP/1.1" 200 1430 "-" "Reeder/1010.69.00 CFNetwork/520.3.2 Darwin/11.3.0 (x86_64) (MacBookPro8%2C1)"
93.185.177.68 - - [30/Mar/2012:11:39:09 -0700] "GET /apple-touch-icon.png HTTP/1.1" 404 142 "-" "Reeder/1010.69.00 CFNetwork/520.3.2 Darwin/11.3.0 (x86_64) (MacBookPro8%2C1)"
93.185.177.68 - - [30/Mar/2012:11:39:10 -0700] "GET /apple-touch-icon-precomposed.png HTTP/1.1" 404 142 "-" "Reeder/1010.69.00 CFNetwork/520.3.2 Darwin/11.3.0 (x86_64) (MacBookPro8%2C1)"
117.226.141.30 - - [30/Mar/2012:11:39:21 -0700] "-" 400 0 "-" "-"
117.226.141.30 - - [30/Mar/2012:11:39:21 -0700] "-" 400 0 "-" "-"
117.226.141.30 - - [30/Mar/2012:11:39:21 -0700] "-" 400 0 "-" "-"
122.174.31.171 - - [30/Mar/2012:11:39:30 -0700] "-" 400 0 "-" "-"
98.172.15.254 - - [30/Mar/2012:11:39:44 -0700] "GET /favicon.ico HTTP/1.1" 404 169 "-" "Caffeinated/1.1.1 CFNetwork/520.3.2 Darwin/11.3.0 (x86_64) (MacBookPro8%2C1)"
85.17.88.169 - - [30/Mar/2012:11:39:52 -0700] "POST /blog/wp-cron.php?doing_wp_cron=1333132556 HTTP/1.0" 499 0 "-" "WordPress/3.3.1; http://yuvi.in/blog"
123.201.224.114 - - [30/Mar/2012:11:39:52 -0700] "GET /blog/category/code/ HTTP/1.1" 200 11068 "http://yuvi.in/blog/category/education/" "Mozilla/5.0 (Windows NT 6.1; WOW64) AppleWebKit/535.11 (KHTML, like Gecko) Chrome/17.0.963.83 Safari/535.11"
123.201.224.114 - - [30/Mar/2012:11:39:58 -0700] "GET /favicon.ico HTTP/1.1" 404 199 "-" "Mozilla/5.0 (Windows NT 6.1; WOW64) AppleWebKit/535.11 (KHTML, like Gecko) Chrome/17.0.963.83 Safari/535.11"
123.201.224.114 - - [30/Mar/2012:11:40:09 -0700] "-" 400 0 "-" "-"
117.193.8.225 - - [30/Mar/2012:11:40:19 -0700] "-" 400 0 "-" "-"
98.172.15.254 - - [30/Mar/2012:11:40:37 -0700] "GET /favicon.ico HTTP/1.1" 404 169 "-" "Caffeinated/1.1.1 CFNetwork/520.3.2 Darwin/11.3.0 (x86_64) (MacBookPro8%2C1)"
117.226.141.30 - - [30/Mar/2012:11:41:01 -0700] "-" 400 0 "-" "-"
117.226.141.30 - - [30/Mar/2012:11:41:21 -0700] "-" 400 0 "-" "-"
117.226.141.30 - - [30/Mar/2012:11:41:21 -0700] "-" 400 0 "-" "-"
98.172.15.254 - - [30/Mar/2012:11:41:33 -0700] "GET / HTTP/1.1" 304 0 "-" "Caffeinated/1.1.1 CFNetwork/520.3.2 Darwin/11.3.0 (x86_64) (MacBookPro8%2C1)"
98.172.15.254 - - [30/Mar/2012:11:41:33 -0700] "GET /favicon.ico HTTP/1.1" 404 169 "-" "Caffeinated/1.1.1 CFNetwork/520.3.2 Darwin/11.3.0 (x86_64) (MacBookPro8%2C1)"
98.172.15.254 - - [30/Mar/2012:11:42:22 -0700] "GET /favicon.ico HTTP/1.1" 404 169 "-" "Caffeinated/1.1.1 CFNetwork/520.3.2 Darwin/11.3.0 (x86_64) (MacBookPro8%2C1)"
98.172.15.254 - - [30/Mar/2012:11:43:23 -0700] "GET /favicon.ico HTTP/1.1" 404 169 "-" "Caffeinated/1.1.1 CFNetwork/520.3.2 Darwin/11.3.0 (x86_64) (MacBookPro8%2C1)"
85.17.88.169 - - [30/Mar/2012:11:43:41 -0700] "POST /blog/wp-cron.php?doing_wp_cron=1333132785 HTTP/1.0" 499 0 "-" "WordPress/3.3.1; http://yuvi.in/blog"
97.117.125.23 - - [30/Mar/2012:11:43:41 -0700] "GET /blog/favicon.ico HTTP/1.1" 404 3016 "-" "Mozilla/5.0 (Windows NT 5.1; rv:11.0) Gecko/20100101 Firefox/11.0"
85.17.88.169 - - [30/Mar/2012:11:43:48 -0700] "POST /blog/wp-cron.php?doing_wp_cron=1333132792 HTTP/1.0" 499 0 "-" "WordPress/3.3.1; http://yuvi.in/blog"
123.201.224.114 - - [30/Mar/2012:11:43:48 -0700] "GET /blog/category/code/page/2/ HTTP/1.1" 200 14001 "http://yuvi.in/blog/category/code/" "Mozilla/5.0 (Windows NT 6.1; WOW64) AppleWebKit/535.11 (KHTML, like Gecko) Chrome/17.0.963.83 Safari/535.11"
122.174.31.171 - - [30/Mar/2012:11:43:50 -0700] "-" 400 0 "-" "-"
123.201.224.114 - - [30/Mar/2012:11:43:59 -0700] "-" 400 0 "-" "-"
98.172.15.254 - - [30/Mar/2012:11:44:05 -0700] "GET /favicon.ico HTTP/1.1" 404 169 "-" "Caffeinated/1.1.1 CFNetwork/520.3.2 Darwin/11.3.0 (x86_64) (MacBookPro8%2C1)"
123.201.224.114 - - [30/Mar/2012:11:44:52 -0700] "GET /favicon.ico HTTP/1.1" 404 199 "-" "Mozilla/5.0 (Windows NT 6.1; WOW64) AppleWebKit/535.11 (KHTML, like Gecko) Chrome/17.0.963.83 Safari/535.11"
195.210.4.202 - - [30/Mar/2012:11:44:57 -0700] "HEAD /r/33y1 HTTP/1.1" 301 0 "-" "-"
195.210.4.202 - - [30/Mar/2012:11:44:57 -0700] "HEAD /s/ta/33y1/ HTTP/1.1" 302 0 "-" "-"
98.172.15.254 - - [30/Mar/2012:11:45:01 -0700] "GET /favicon.ico HTTP/1.1" 404 169 "-" "Caffeinated/1.1.1 CFNetwork/520.3.2 Darwin/11.3.0 (x86_64) (MacBookPro8%2C1)"
122.174.31.171 - - [30/Mar/2012:11:45:10 -0700] "-" 400 0 "-" "-"
98.172.15.254 - - [30/Mar/2012:11:45:39 -0700] "GET /favicon.ico HTTP/1.1" 404 169 "-" "Caffeinated/1.1.1 CFNetwork/520.3.2 Darwin/11.3.0 (x86_64) (MacBookPro8%2C1)"
69.171.229.250 - - [30/Mar/2012:11:45:43 -0700] "GET /r/1hea HTTP/1.1" 301 257 "-" "facebookexternalhit/1.1 (+http://www.facebook.com/externalhit_uatext.php)"
69.171.229.249 - - [30/Mar/2012:11:45:43 -0700] "GET /s/ta/1hea/ HTTP/1.1" 302 437 "-" "facebookexternalhit/1.1 (+http://www.facebook.com/externalhit_uatext.php)"
122.174.31.171 - - [30/Mar/2012:11:46:02 -0700] "-" 400 0 "-" "-"
85.17.88.169 - - [30/Mar/2012:11:46:19 -0700] "POST /blog/wp-cron.php?doing_wp_cron=1333132943 HTTP/1.0" 499 0 "-" "WordPress/3.3.1; http://yuvi.in/blog"
209.85.224.88 - - [30/Mar/2012:11:46:20 -0700] "GET /blog/feed HTTP/1.1" 304 0 "-" "FeedBurner/1.0 (http://www.FeedBurner.com)"
98.172.15.254 - - [30/Mar/2012:11:46:48 -0700] "GET / HTTP/1.1" 304 0 "-" "Caffeinated/1.1.1 CFNetwork/520.3.2 Darwin/11.3.0 (x86_64) (MacBookPro8%2C1)"
98.172.15.254 - - [30/Mar/2012:11:46:49 -0700] "GET /favicon.ico HTTP/1.1" 404 169 "-" "Caffeinated/1.1.1 CFNetwork/520.3.2 Darwin/11.3.0 (x86_64) (MacBookPro8%2C1)"
122.174.31.171 - - [30/Mar/2012:11:47:10 -0700] "-" 400 0 "-" "-"
98.172.15.254 - - [30/Mar/2012:11:47:38 -0700] "GET /favicon.ico HTTP/1.1" 404 169 "-" "Caffeinated/1.1.1 CFNetwork/520.3.2 Darwin/11.3.0 (x86_64) (MacBookPro8%2C1)"
85.17.88.169 - - [30/Mar/2012:11:48:24 -0700] "POST /blog/wp-cron.php?doing_wp_cron=1333133068 HTTP/1.0" 499 0 "-" "WordPress/3.3.1; http://yuvi.in/blog"
69.162.165.106 - - [30/Mar/2012:11:48:24 -0700] "GET /blog/enthusiastic-teachers-and-naive-implementation-of-gauss-seidel-approximations/ HTTP/1.1" 200 18192 "http://socialbookmarksubmission.org/" "Mozilla/5.0 (X11; U; Linux i686; it-IT; rv:1.9.0.2) Gecko/2008092313 Ubuntu/9.25 (jaunty) Firefox/3.8"
98.172.15.254 - - [30/Mar/2012:11:48:36 -0700] "GET /favicon.ico HTTP/1.1" 404 169 "-" "Caffeinated/1.1.1 CFNetwork/520.3.2 Darwin/11.3.0 (x86_64) (MacBookPro8%2C1)"
98.172.15.254 - - [30/Mar/2012:11:49:39 -0700] "GET /favicon.ico HTTP/1.1" 404 169 "-" "Caffeinated/1.1.1 CFNetwork/520.3.2 Darwin/11.3.0 (x86_64) (MacBookPro8%2C1)"
85.17.88.169 - - [30/Mar/2012:11:49:45 -0700] "POST /blog/wp-cron.php?doing_wp_cron=1333133149 HTTP/1.0" 499 0 "-" "WordPress/3.3.1; http://yuvi.in/blog"
66.249.73.27 - - [30/Mar/2012:11:49:46 -0700] "GET /blog/2010/08/ HTTP/1.1" 200 5931 "-" "Mozilla/5.0 (compatible; Googlebot/2.1; +http://www.google.com/bot.html)"
98.172.15.254 - - [30/Mar/2012:11:50:30 -0700] "GET /favicon.ico HTTP/1.1" 404 169 "-" "Caffeinated/1.1.1 CFNetwork/520.3.2 Darwin/11.3.0 (x86_64) (MacBookPro8%2C1)"
14.96.53.192 - - [30/Mar/2012:11:51:03 -0700] "-" 400 0 "-" "-"
98.172.15.254 - - [30/Mar/2012:11:51:25 -0700] "GET /favicon.ico HTTP/1.1" 404 169 "-" "Caffeinated/1.1.1 CFNetwork/520.3.2 Darwin/11.3.0 (x86_64) (MacBookPro8%2C1)"
117.226.141.30 - - [30/Mar/2012:11:51:31 -0700] "-" 400 0 "-" "-"
117.226.141.30 - - [30/Mar/2012:11:51:31 -0700] "-" 400 0 "-" "-"
117.226.141.30 - - [30/Mar/2012:11:51:31 -0700] "-" 400 0 "-" "-"
123.201.224.114 - - [30/Mar/2012:11:52:09 -0700] "GET /favicon.ico HTTP/1.1" 404 199 "-" "Mozilla/5.0 (Windows NT 6.1; WOW64) AppleWebKit/535.11 (KHTML, like Gecko) Chrome/17.0.963.83 Safari/535.11"
98.172.15.254 - - [30/Mar/2012:11:52:15 -0700] "GET / HTTP/1.1" 304 0 "-" "Caffeinated/1.1.1 CFNetwork/520.3.2 Darwin/11.3.0 (x86_64) (MacBookPro8%2C1)"
98.172.15.254 - - [30/Mar/2012:11:52:15 -0700] "GET /favicon.ico HTTP/1.1" 404 169 "-" "Caffeinated/1.1.1 CFNetwork/520.3.2 Darwin/11.3.0 (x86_64) (MacBookPro8%2C1)"
122.174.31.171 - - [30/Mar/2012:11:52:20 -0700] "-" 400 0 "-" "-"
122.174.31.171 - - [30/Mar/2012:11:52:20 -0700] "-" 400 0 "-" "-"
123.201.224.114 - - [30/Mar/2012:11:52:29 -0700] "-" 400 0 "-" "-"
123.201.224.114 - - [30/Mar/2012:11:52:29 -0700] "-" 400 0 "-" "-"
123.201.224.114 - - [30/Mar/2012:11:52:29 -0700] "-" 400 0 "-" "-"
123.201.224.114 - - [30/Mar/2012:11:52:29 -0700] "-" 400 0 "-" "-"
123.201.224.114 - - [30/Mar/2012:11:52:29 -0700] "-" 400 0 "-" "-"
122.174.31.171 - - [30/Mar/2012:11:52:50 -0700] "-" 400 0 "-" "-"
123.201.224.114 - - [30/Mar/2012:11:53:03 -0700] "GET /blog/gsoc-2010-proposal.html HTTP/1.1" 200 5857 "http://yuvi.in/blog/category/code/page/2/" "Mozilla/5.0 (Windows NT 6.1; WOW64) AppleWebKit/535.11 (KHTML, like Gecko) Chrome/17.0.963.83 Safari/535.11"
123.201.224.114 - - [30/Mar/2012:11:53:06 -0700] "GET /blog/static/style.css HTTP/1.1" 200 4753 "http://yuvi.in/blog/gsoc-2010-proposal.html" "Mozilla/5.0 (Windows NT 6.1; WOW64) AppleWebKit/535.11 (KHTML, like Gecko) Chrome/17.0.963.83 Safari/535.11"
123.201.224.114 - - [30/Mar/2012:11:53:06 -0700] "GET /blog/static/codehilite.css HTTP/1.1" 200 4012 "http://yuvi.in/blog/gsoc-2010-proposal.html" "Mozilla/5.0 (Windows NT 6.1; WOW64) AppleWebKit/535.11 (KHTML, like Gecko) Chrome/17.0.963.83 Safari/535.11"
98.172.15.254 - - [30/Mar/2012:11:53:13 -0700] "GET /favicon.ico HTTP/1.1" 404 169 "-" "Caffeinated/1.1.1 CFNetwork/520.3.2 Darwin/11.3.0 (x86_64) (MacBookPro8%2C1)"
123.201.224.114 - - [30/Mar/2012:11:53:19 -0700] "-" 400 0 "-" "-"
123.201.224.114 - - [30/Mar/2012:11:53:29 -0700] "GET /favicon.ico HTTP/1.1" 404 199 "-" "Mozilla/5.0 (Windows NT 6.1; WOW64) AppleWebKit/535.11 (KHTML, like Gecko) Chrome/17.0.963.83 Safari/535.11"
123.201.224.114 - - [30/Mar/2012:11:53:29 -0700] "GET /favicon.ico HTTP/1.1" 404 199 "-" "Mozilla/5.0 (Windows NT 6.1; WOW64) AppleWebKit/535.11 (KHTML, like Gecko) Chrome/17.0.963.83 Safari/535.11"
123.201.224.114 - - [30/Mar/2012:11:53:30 -0700] "GET /favicon.ico HTTP/1.1" 404 199 "-" "Mozilla/5.0 (Windows NT 6.1; WOW64) AppleWebKit/535.11 (KHTML, like Gecko) Chrome/17.0.963.83 Safari/535.11"
123.201.224.114 - - [30/Mar/2012:11:53:30 -0700] "GET /favicon.ico HTTP/1.1" 404 199 "-" "Mozilla/5.0 (Windows NT 6.1; WOW64) AppleWebKit/535.11 (KHTML, like Gecko) Chrome/17.0.963.83 Safari/535.11"
123.201.224.114 - - [30/Mar/2012:11:53:30 -0700] "GET /favicon.ico HTTP/1.1" 404 199 "-" "Mozilla/5.0 (Windows NT 6.1; WOW64) AppleWebKit/535.11 (KHTML, like Gecko) Chrome/17.0.963.83 Safari/535.11"
123.201.224.114 - - [30/Mar/2012:11:53:41 -0700] "GET /blog/about-me.html HTTP/1.1" 200 3001 "http://yuvi.in/blog/gsoc-2010-proposal.html" "Mozilla/5.0 (Windows NT 6.1; WOW64) AppleWebKit/535.11 (KHTML, like Gecko) Chrome/17.0.963.83 Safari/535.11"
123.201.224.114 - - [30/Mar/2012:11:53:45 -0700] "GET /favicon.ico HTTP/1.1" 404 199 "-" "Mozilla/5.0 (Windows NT 6.1; WOW64) AppleWebKit/535.11 (KHTML, like Gecko) Chrome/17.0.963.83 Safari/535.11"
123.201.224.114 - - [30/Mar/2012:11:53:47 -0700] "GET /favicon.ico HTTP/1.1" 404 199 "-" "Mozilla/5.0 (Windows NT 6.1; WOW64) AppleWebKit/535.11 (KHTML, like Gecko) Chrome/17.0.963.83 Safari/535.11"
123.201.224.114 - - [30/Mar/2012:11:53:47 -0700] "GET /favicon.ico HTTP/1.1" 404 199 "-" "Mozilla/5.0 (Windows NT 6.1; WOW64) AppleWebKit/535.11 (KHTML, like Gecko) Chrome/17.0.963.83 Safari/535.11"
123.201.224.114 - - [30/Mar/2012:11:53:47 -0700] "GET /favicon.ico HTTP/1.1" 404 199 "-" "Mozilla/5.0 (Windows NT 6.1; WOW64) AppleWebKit/535.11 (KHTML, like Gecko) Chrome/17.0.963.83 Safari/535.11"
123.201.224.114 - - [30/Mar/2012:11:53:48 -0700] "GET /favicon.ico HTTP/1.1" 404 199 "-" "Mozilla/5.0 (Windows NT 6.1; WOW64) AppleWebKit/535.11 (KHTML, like Gecko) Chrome/17.0.963.83 Safari/535.11"
98.172.15.254 - - [30/Mar/2012:11:54:08 -0700] "GET /favicon.ico HTTP/1.1" 404 169 "-" "Caffeinated/1.1.1 CFNetwork/520.3.2 Darwin/11.3.0 (x86_64) (MacBookPro8%2C1)"
98.172.15.254 - - [30/Mar/2012:11:55:04 -0700] "GET /favicon.ico HTTP/1.1" 404 169 "-" "Caffeinated/1.1.1 CFNetwork/520.3.2 Darwin/11.3.0 (x86_64) (MacBookPro8%2C1)"
98.172.15.254 - - [30/Mar/2012:11:56:02 -0700] "GET /favicon.ico HTTP/1.1" 404 169 "-" "Caffeinated/1.1.1 CFNetwork/520.3.2 Darwin/11.3.0 (x86_64) (MacBookPro8%2C1)"
85.17.88.169 - - [30/Mar/2012:11:56:08 -0700] "POST /blog/wp-cron.php?doing_wp_cron=1333133532 HTTP/1.0" 499 0 "-" "WordPress/3.3.1; http://yuvi.in/blog"
123.201.224.114 - - [30/Mar/2012:11:56:08 -0700] "GET /blog/category/events/ HTTP/1.1" 200 12501 "http://yuvi.in/blog/category/code/page/2/" "Mozilla/5.0 (Windows NT 6.1; WOW64) AppleWebKit/535.11 (KHTML, like Gecko) Chrome/17.0.963.83 Safari/535.11"
123.201.224.114 - - [30/Mar/2012:11:56:19 -0700] "-" 400 0 "-" "-"
98.172.15.254 - - [30/Mar/2012:11:56:52 -0700] "GET /favicon.ico HTTP/1.1" 404 169 "-" "Caffeinated/1.1.1 CFNetwork/520.3.2 Darwin/11.3.0 (x86_64) (MacBookPro8%2C1)"
14.99.115.84 - - [30/Mar/2012:11:57:09 -0700] "GET /r/33y0 HTTP/1.1" 301 257 "-" "Mozilla/5.0 (Windows NT 6.1; WOW64) AppleWebKit/535.19 (KHTML, like Gecko) Chrome/18.0.1025.142 Safari/535.19"
14.99.115.84 - - [30/Mar/2012:11:57:10 -0700] "GET /s/ta/33y0/ HTTP/1.1" 302 609 "-" "Mozilla/5.0 (Windows NT 6.1; WOW64) AppleWebKit/535.19 (KHTML, like Gecko) Chrome/18.0.1025.142 Safari/535.19"
123.201.224.114 - - [30/Mar/2012:11:57:13 -0700] "GET /favicon.ico HTTP/1.1" 404 199 "-" "Mozilla/5.0 (Windows NT 6.1; WOW64) AppleWebKit/535.11 (KHTML, like Gecko) Chrome/17.0.963.83 Safari/535.11"
14.99.115.84 - - [30/Mar/2012:11:57:19 -0700] "-" 400 0 "-" "-"
98.172.15.254 - - [30/Mar/2012:11:57:53 -0700] "GET / HTTP/1.1" 304 0 "-" "Caffeinated/1.1.1 CFNetwork/520.3.2 Darwin/11.3.0 (x86_64) (MacBookPro8%2C1)"
98.172.15.254 - - [30/Mar/2012:11:57:53 -0700] "GET /favicon.ico HTTP/1.1" 404 169 "-" "Caffeinated/1.1.1 CFNetwork/520.3.2 Darwin/11.3.0 (x86_64) (MacBookPro8%2C1)"
98.172.15.254 - - [30/Mar/2012:11:58:46 -0700] "GET /favicon.ico HTTP/1.1" 404 169 "-" "Caffeinated/1.1.1 CFNetwork/520.3.2 Darwin/11.3.0 (x86_64) (MacBookPro8%2C1)"
14.99.115.84 - - [30/Mar/2012:11:58:56 -0700] "GET /r/33zx HTTP/1.1" 301 257 "-" "Mozilla/5.0 (Windows NT 6.1; WOW64) AppleWebKit/535.19 (KHTML, like Gecko) Chrome/18.0.1025.142 Safari/535.19"
14.99.115.84 - - [30/Mar/2012:11:58:57 -0700] "GET /s/ta/33zx/ HTTP/1.1" 302 631 "-" "Mozilla/5.0 (Windows NT 6.1; WOW64) AppleWebKit/535.19 (KHTML, like Gecko) Chrome/18.0.1025.142 Safari/535.19"
69.171.228.244 - - [30/Mar/2012:11:59:02 -0700] "GET /r/3lp HTTP/1.1" 301 255 "-" "facebookexternalhit/1.1 (+http://www.facebook.com/externalhit_uatext.php)"
69.171.228.247 - - [30/Mar/2012:11:59:02 -0700] "GET /s/ta/3lp/ HTTP/1.1" 302 361 "-" "facebookexternalhit/1.1 (+http://www.facebook.com/externalhit_uatext.php)"
14.99.115.84 - - [30/Mar/2012:11:59:13 -0700] "-" 400 0 "-" "-"
14.99.115.84 - - [30/Mar/2012:11:59:13 -0700] "-" 400 0 "-" "-"
98.172.15.254 - - [30/Mar/2012:11:59:36 -0700] "GET /favicon.ico HTTP/1.1" 404 169 "-" "Caffeinated/1.1.1 CFNetwork/520.3.2 Darwin/11.3.0 (x86_64) (MacBookPro8%2C1)"
94.228.34.248 - - [30/Mar/2012:12:00:20 -0700] "GET /blog/ HTTP/1.1" 200 9194 "-" "magpie-crawler/1.1 (U; Linux amd64; en-GB; +http://www.brandwatch.net)"
98.172.15.254 - - [30/Mar/2012:12:00:27 -0700] "GET /favicon.ico HTTP/1.1" 404 169 "-" "Caffeinated/1.1.1 CFNetwork/520.3.2 Darwin/11.3.0 (x86_64) (MacBookPro8%2C1)"
98.172.15.254 - - [30/Mar/2012:12:01:23 -0700] "GET /favicon.ico HTTP/1.1" 404 169 "-" "Caffeinated/1.1.1 CFNetwork/520.3.2 Darwin/11.3.0 (x86_64) (MacBookPro8%2C1)"
117.193.8.225 - - [30/Mar/2012:12:01:23 -0700] "-" 400 0 "-" "-"
117.193.8.225 - - [30/Mar/2012:12:01:53 -0700] "-" 400 0 "-" "-"
131.107.0.82 - - [30/Mar/2012:12:02:03 -0700] "GET /favicon.ico HTTP/1.1" 404 571 "http://prashanth-kamle.blogspot.com/" "Mozilla/5.0 (Windows NT 6.1; WOW64) AppleWebKit/535.19 (KHTML, like Gecko) Chrome/18.0.1025.142 Safari/535.19"
98.172.15.254 - - [30/Mar/2012:12:02:12 -0700] "GET /favicon.ico HTTP/1.1" 404 169 "-" "Caffeinated/1.1.1 CFNetwork/520.3.2 Darwin/11.3.0 (x86_64) (MacBookPro8%2C1)"
117.193.8.225 - - [30/Mar/2012:12:02:53 -0700] "-" 400 0 "-" "-"
98.172.15.254 - - [30/Mar/2012:12:03:08 -0700] "GET / HTTP/1.1" 304 0 "-" "Caffeinated/1.1.1 CFNetwork/520.3.2 Darwin/11.3.0 (x86_64) (MacBookPro8%2C1)"
98.172.15.254 - - [30/Mar/2012:12:03:08 -0700] "GET /favicon.ico HTTP/1.1" 404 169 "-" "Caffeinated/1.1.1 CFNetwork/520.3.2 Darwin/11.3.0 (x86_64) (MacBookPro8%2C1)"
141.0.10.156 - - [30/Mar/2012:12:03:11 -0700] "GET /r/33y1 HTTP/1.1" 301 257 "http://lists.wikimedia.org/pipermail/wikimediaindia-l/2012-March/007840.html" "Opera/9.80 (J2ME/MIDP; Opera Mini/4.2.14912/27.1382; U; en) Presto/2.8.119 Version/11.10"
141.0.10.156 - - [30/Mar/2012:12:03:11 -0700] "GET /s/ta/33y1/ HTTP/1.1" 302 615 "http://lists.wikimedia.org/pipermail/wikimediaindia-l/2012-March/007840.html" "Opera/9.80 (J2ME/MIDP; Opera Mini/4.2.14912/27.1382; U; en) Presto/2.8.119 Version/11.10"
131.107.0.82 - - [30/Mar/2012:12:03:12 -0700] "GET /favicon.ico HTTP/1.1" 404 571 "http://prashanth-kamle.blogspot.com/2011/10/few-things-new.html?showComment=1319095287691" "Mozilla/5.0 (Windows NT 6.1; WOW64) AppleWebKit/535.19 (KHTML, like Gecko) Chrome/18.0.1025.142 Safari/535.19"
98.172.15.254 - - [30/Mar/2012:12:04:07 -0700] "GET /favicon.ico HTTP/1.1" 404 169 "-" "Caffeinated/1.1.1 CFNetwork/520.3.2 Darwin/11.3.0 (x86_64) (MacBookPro8%2C1)"
141.0.10.156 - - [30/Mar/2012:12:05:28 -0700] "GET /r/33zx HTTP/1.1" 301 257 "-" "Opera/9.80 (J2ME/MIDP; Opera Mini/4.2.14912/27.1382; U; en) Presto/2.8.119 Version/11.10"
141.0.10.156 - - [30/Mar/2012:12:05:28 -0700] "GET /s/ta/33zx/ HTTP/1.1" 302 631 "-" "Opera/9.80 (J2ME/MIDP; Opera Mini/4.2.14912/27.1382; U; en) Presto/2.8.119 Version/11.10"
184.191.224.10 - - [30/Mar/2012:12:07:59 -0700] "GET / HTTP/1.1" 200 1430 "-" "Caffeinated/1.1.1 CFNetwork/520.3.2 Darwin/11.3.0 (x86_64) (MacBookPro8%2C1)"
184.191.224.10 - - [30/Mar/2012:12:07:59 -0700] "GET /favicon.ico HTTP/1.1" 404 142 "-" "Caffeinated/1.1.1 CFNetwork/520.3.2 Darwin/11.3.0 (x86_64) (MacBookPro8%2C1)"
184.191.224.10 - - [30/Mar/2012:12:08:57 -0700] "GET / HTTP/1.1" 200 1430 "-" "Caffeinated/1.1.1 CFNetwork/520.3.2 Darwin/11.3.0 (x86_64) (MacBookPro8%2C1)"
184.191.224.10 - - [30/Mar/2012:12:08:57 -0700] "GET /favicon.ico HTTP/1.1" 404 142 "-" "Caffeinated/1.1.1 CFNetwork/520.3.2 Darwin/11.3.0 (x86_64) (MacBookPro8%2C1)"
184.191.224.10 - - [30/Mar/2012:12:09:39 -0700] "GET / HTTP/1.1" 200 1430 "-" "Caffeinated/1.1.1 CFNetwork/520.3.2 Darwin/11.3.0 (x86_64) (MacBookPro8%2C1)"
184.191.224.10 - - [30/Mar/2012:12:09:40 -0700] "GET /favicon.ico HTTP/1.1" 404 142 "-" "Caffeinated/1.1.1 CFNetwork/520.3.2 Darwin/11.3.0 (x86_64) (MacBookPro8%2C1)"
85.17.88.169 - - [30/Mar/2012:12:10:29 -0700] "POST /blog/wp-cron.php?doing_wp_cron=1333134394 HTTP/1.0" 499 0 "-" "WordPress/3.3.1; http://yuvi.in/blog"
209.85.238.244 - - [30/Mar/2012:12:10:30 -0700] "GET /blog/feed/ HTTP/1.1" 304 0 "-" "Feedfetcher-Google; (+http://www.google.com/feedfetcher.html; 18 subscribers; feed-id=15064232456473204253)"
184.191.224.10 - - [30/Mar/2012:12:10:38 -0700] "GET / HTTP/1.1" 200 1430 "-" "Caffeinated/1.1.1 CFNetwork/520.3.2 Darwin/11.3.0 (x86_64) (MacBookPro8%2C1)"
184.191.224.10 - - [30/Mar/2012:12:10:38 -0700] "GET /favicon.ico HTTP/1.1" 404 142 "-" "Caffeinated/1.1.1 CFNetwork/520.3.2 Darwin/11.3.0 (x86_64) (MacBookPro8%2C1)"
117.193.234.201 - - [30/Mar/2012:12:11:27 -0700] "-" 400 0 "-" "-"
184.191.224.10 - - [30/Mar/2012:12:11:30 -0700] "GET / HTTP/1.1" 200 1430 "-" "Caffeinated/1.1.1 CFNetwork/520.3.2 Darwin/11.3.0 (x86_64) (MacBookPro8%2C1)"
184.191.224.10 - - [30/Mar/2012:12:11:30 -0700] "GET /favicon.ico HTTP/1.1" 404 142 "-" "Caffeinated/1.1.1 CFNetwork/520.3.2 Darwin/11.3.0 (x86_64) (MacBookPro8%2C1)"
115.184.31.217 - - [30/Mar/2012:12:11:33 -0700] "-" 400 0 "-" "-"
115.184.31.217 - - [30/Mar/2012:12:11:33 -0700] "-" 400 0 "-" "-"
115.184.31.217 - - [30/Mar/2012:12:11:33 -0700] "-" 400 0 "-" "-"
184.191.224.10 - - [30/Mar/2012:12:12:21 -0700] "GET / HTTP/1.1" 200 1430 "-" "Caffeinated/1.1.1 CFNetwork/520.3.2 Darwin/11.3.0 (x86_64) (MacBookPro8%2C1)"
184.191.224.10 - - [30/Mar/2012:12:12:21 -0700] "GET /favicon.ico HTTP/1.1" 404 142 "-" "Caffeinated/1.1.1 CFNetwork/520.3.2 Darwin/11.3.0 (x86_64) (MacBookPro8%2C1)"
67.215.230.27 - - [30/Mar/2012:12:12:21 -0700] "GET /robots.txt HTTP/1.0" 404 169 "-" "Setooz/Nutch-1.2 (http://www.setooz.com)"
67.215.230.27 - - [30/Mar/2012:12:12:21 -0700] "GET /stories HTTP/1.0" 301 185 "-" "Setooz/Nutch-1.2 (http://www.setooz.com)"
67.215.230.26 - - [30/Mar/2012:12:12:27 -0700] "GET /robots.txt HTTP/1.0" 404 169 "-" "Setooz/Nutch-1.2 (http://www.setooz.com)"
67.215.230.26 - - [30/Mar/2012:12:12:27 -0700] "GET / HTTP/1.0" 200 3439 "-" "Setooz/Nutch-1.2 (http://www.setooz.com)"
115.184.31.217 - - [30/Mar/2012:12:13:03 -0700] "-" 400 0 "-" "-"
184.191.224.10 - - [30/Mar/2012:12:13:12 -0700] "GET / HTTP/1.1" 200 1430 "-" "Caffeinated/1.1.1 CFNetwork/520.3.2 Darwin/11.3.0 (x86_64) (MacBookPro8%2C1)"
184.191.224.10 - - [30/Mar/2012:12:13:12 -0700] "GET /favicon.ico HTTP/1.1" 404 142 "-" "Caffeinated/1.1.1 CFNetwork/520.3.2 Darwin/11.3.0 (x86_64) (MacBookPro8%2C1)"
213.186.127.13 - - [30/Mar/2012:12:13:26 -0700] "GET /r/2wxx HTTP/1.1" 301 257 "-" "Mozilla/5.0 (compatible; AhrefsBot/2.0; +http://ahrefs.com/robot/)"
184.191.224.10 - - [30/Mar/2012:12:14:06 -0700] "GET / HTTP/1.1" 200 1430 "-" "Caffeinated/1.1.1 CFNetwork/520.3.2 Darwin/11.3.0 (x86_64) (MacBookPro8%2C1)"
184.191.224.10 - - [30/Mar/2012:12:14:06 -0700] "GET /favicon.ico HTTP/1.1" 404 142 "-" "Caffeinated/1.1.1 CFNetwork/520.3.2 Darwin/11.3.0 (x86_64) (MacBookPro8%2C1)"
117.201.36.118 - - [30/Mar/2012:12:14:07 -0700] "GET /r/1keb HTTP/1.1" 301 257 "http://ta.wikipedia.org/wiki/%E0%AE%9A%E0%AF%82%E0%AE%B0%E0%AE%BF%E0%AE%AF_%E0%AE%A8%E0%AE%AE%E0%AE%B8%E0%AF%8D%E0%AE%95%E0%AE%BE%E0%AE%B0%E0%AE%AE%E0%AF%8D" "Mozilla/5.0 (Windows NT 6.1; rv:9.0.1) Gecko/20100101 Firefox/9.0.1"
117.193.234.201 - - [30/Mar/2012:12:14:07 -0700] "-" 400 0 "-" "-"
117.193.234.201 - - [30/Mar/2012:12:14:07 -0700] "-" 400 0 "-" "-"
117.193.234.201 - - [30/Mar/2012:12:14:07 -0700] "-" 400 0 "-" "-"
117.193.234.201 - - [30/Mar/2012:12:14:07 -0700] "-" 400 0 "-" "-"
117.201.36.118 - - [30/Mar/2012:12:14:07 -0700] "GET /s/ta/1keb/ HTTP/1.1" 302 437 "http://ta.wikipedia.org/wiki/%E0%AE%9A%E0%AF%82%E0%AE%B0%E0%AE%BF%E0%AE%AF_%E0%AE%A8%E0%AE%AE%E0%AE%B8%E0%AF%8D%E0%AE%95%E0%AE%BE%E0%AE%B0%E0%AE%AE%E0%AF%8D" "Mozilla/5.0 (Windows NT 6.1; rv:9.0.1) Gecko/20100101 Firefox/9.0.1"
117.201.36.118 - - [30/Mar/2012:12:14:12 -0700] "-" 400 0 "-" "-"
122.174.88.89 - - [30/Mar/2012:12:14:36 -0700] "GET /r/33y1 HTTP/1.1" 301 257 "-" "Mozilla/5.0 (Windows NT 5.1; rv:11.0) Gecko/20100101 Firefox/11.0"
122.174.88.89 - - [30/Mar/2012:12:14:36 -0700] "GET /s/ta/33y1/ HTTP/1.1" 302 615 "-" "Mozilla/5.0 (Windows NT 5.1; rv:11.0) Gecko/20100101 Firefox/11.0"
184.191.224.10 - - [30/Mar/2012:12:15:00 -0700] "GET / HTTP/1.1" 200 1430 "-" "Caffeinated/1.1.1 CFNetwork/520.3.2 Darwin/11.3.0 (x86_64) (MacBookPro8%2C1)"
184.191.224.10 - - [30/Mar/2012:12:15:00 -0700] "GET /favicon.ico HTTP/1.1" 404 142 "-" "Caffeinated/1.1.1 CFNetwork/520.3.2 Darwin/11.3.0 (x86_64) (MacBookPro8%2C1)"
184.191.224.10 - - [30/Mar/2012:12:15:47 -0700] "GET / HTTP/1.1" 200 1430 "-" "Caffeinated/1.1.1 CFNetwork/520.3.2 Darwin/11.3.0 (x86_64) (MacBookPro8%2C1)"
184.191.224.10 - - [30/Mar/2012:12:15:48 -0700] "GET /favicon.ico HTTP/1.1" 404 142 "-" "Caffeinated/1.1.1 CFNetwork/520.3.2 Darwin/11.3.0 (x86_64) (MacBookPro8%2C1)"
85.17.88.169 - - [30/Mar/2012:12:16:25 -0700] "POST /blog/wp-cron.php?doing_wp_cron=1333134749 HTTP/1.0" 499 0 "-" "WordPress/3.3.1; http://yuvi.in/blog"
209.85.144.82 - - [30/Mar/2012:12:16:26 -0700] "GET /blog/feed HTTP/1.1" 304 0 "-" "FeedBurner/1.0 (http://www.FeedBurner.com)"
184.191.224.10 - - [30/Mar/2012:12:16:44 -0700] "GET / HTTP/1.1" 200 1430 "-" "Caffeinated/1.1.1 CFNetwork/520.3.2 Darwin/11.3.0 (x86_64) (MacBookPro8%2C1)"
184.191.224.10 - - [30/Mar/2012:12:16:44 -0700] "GET /favicon.ico HTTP/1.1" 404 142 "-" "Caffeinated/1.1.1 CFNetwork/520.3.2 Darwin/11.3.0 (x86_64) (MacBookPro8%2C1)"
184.191.224.10 - - [30/Mar/2012:12:17:27 -0700] "GET / HTTP/1.1" 200 1430 "-" "Caffeinated/1.1.1 CFNetwork/520.3.2 Darwin/11.3.0 (x86_64) (MacBookPro8%2C1)"
184.191.224.10 - - [30/Mar/2012:12:17:27 -0700] "GET /favicon.ico HTTP/1.1" 404 142 "-" "Caffeinated/1.1.1 CFNetwork/520.3.2 Darwin/11.3.0 (x86_64) (MacBookPro8%2C1)"
85.17.88.169 - - [30/Mar/2012:12:17:59 -0700] "POST /blog/wp-cron.php?doing_wp_cron=1333134843 HTTP/1.0" 499 0 "-" "WordPress/3.3.1; http://yuvi.in/blog"
101.226.33.179 - - [30/Mar/2012:12:17:59 -0700] "GET /blog/feed HTTP/1.0" 304 0 "-" "Mozilla/4.0 (compatible; Windows;)"
184.191.224.10 - - [30/Mar/2012:12:18:23 -0700] "GET / HTTP/1.1" 200 1430 "-" "Caffeinated/1.1.1 CFNetwork/520.3.2 Darwin/11.3.0 (x86_64) (MacBookPro8%2C1)"
184.191.224.10 - - [30/Mar/2012:12:18:24 -0700] "GET /favicon.ico HTTP/1.1" 404 142 "-" "Caffeinated/1.1.1 CFNetwork/520.3.2 Darwin/11.3.0 (x86_64) (MacBookPro8%2C1)"
