14.99.255.250 - - [07/Mar/2012:09:53:01 -0800] "-" 400 0 "-" "-"
66.249.71.101 - - [07/Mar/2012:09:53:29 -0800] "GET /chennai/stage/2530/ HTTP/1.1" 404 142 "-" "Mozilla/5.0 (compatible; Googlebot/2.1; +http://www.google.com/bot.html)"
85.17.88.169 - - [07/Mar/2012:09:54:12 -0800] "POST /blog/wp-cron.php?doing_wp_cron=1331142800 HTTP/1.0" 499 0 "-" "WordPress/3.3.1; http://yuvi.in/blog"
209.85.224.82 - - [07/Mar/2012:09:54:13 -0800] "GET /blog/feed HTTP/1.1" 304 0 "-" "FeedBurner/1.0 (http://www.FeedBurner.com)"
66.249.71.101 - - [07/Mar/2012:09:54:31 -0800] "GET /chennai/stage/2532/ HTTP/1.1" 404 142 "-" "Mozilla/5.0 (compatible; Googlebot/2.1; +http://www.google.com/bot.html)"
91.207.4.74 - - [07/Mar/2012:09:54:37 -0800] "HEAD /fckeditor/editor/images/anchor.gif HTTP/1.0" 404 0 "-" "Mozilla/5.0 (Windows; U; MSIE 9.0; Windows NT 9.0; en-US)"
91.207.4.74 - - [07/Mar/2012:09:54:38 -0800] "HEAD /fckeditor/editor/images/anchor.gif HTTP/1.0" 404 0 "-" "Mozilla/5.0 (Windows; U; MSIE 9.0; Windows NT 9.0; en-US)"
91.207.4.74 - - [07/Mar/2012:09:54:40 -0800] "HEAD /fckeditor/editor/images/anchor.gif HTTP/1.0" 404 0 "-" "Mozilla/5.0 (Windows; U; MSIE 9.0; Windows NT 9.0; en-US)"
91.207.4.74 - - [07/Mar/2012:09:54:41 -0800] "HEAD /fckeditor/editor/images/anchor.gif HTTP/1.0" 404 0 "-" "Mozilla/5.0 (Windows; U; MSIE 9.0; Windows NT 9.0; en-US)"
66.249.71.101 - - [07/Mar/2012:09:55:32 -0800] "GET /chennai/stage/2533/ HTTP/1.1" 404 142 "-" "Mozilla/5.0 (compatible; Googlebot/2.1; +http://www.google.com/bot.html)"
66.249.71.101 - - [07/Mar/2012:09:56:33 -0800] "GET /chennai/stage/2535/ HTTP/1.1" 404 142 "-" "Mozilla/5.0 (compatible; Googlebot/2.1; +http://www.google.com/bot.html)"
139.18.2.17 - - [07/Mar/2012:09:57:45 -0800] "GET / HTTP/1.1" 200 3439 "-" "findlinks/2.1.5 (+http://wortschatz.uni-leipzig.de/findlinks/)"
85.17.88.169 - - [07/Mar/2012:09:58:26 -0800] "POST /blog/wp-cron.php?doing_wp_cron=1331143054 HTTP/1.0" 499 0 "-" "WordPress/3.3.1; http://yuvi.in/blog"
72.14.199.121 - - [07/Mar/2012:09:58:26 -0800] "GET /blog/feed HTTP/1.1" 301 0 "-" "Feedfetcher-Google; (+http://www.google.com/feedfetcher.html; 3 subscribers; feed-id=17684830852112633560)"
101.226.33.180 - - [07/Mar/2012:09:58:28 -0800] "GET /blog/feed HTTP/1.0" 304 0 "-" "Mozilla/4.0 (compatible; Windows;)"
85.17.88.169 - - [07/Mar/2012:09:58:28 -0800] "POST /blog/wp-cron.php?doing_wp_cron=1331143056 HTTP/1.0" 200 0 "-" "WordPress/3.3.1; http://yuvi.in/blog"
72.14.199.121 - - [07/Mar/2012:09:58:28 -0800] "GET /blog/feed/ HTTP/1.1" 304 0 "-" "Feedfetcher-Google; (+http://www.google.com/feedfetcher.html; 3 subscribers; feed-id=17684830852112633560)"
85.17.88.169 - - [07/Mar/2012:09:58:36 -0800] "POST /blog/wp-cron.php?doing_wp_cron=1331143065 HTTP/1.0" 499 0 "-" "WordPress/3.3.1; http://yuvi.in/blog"
66.249.71.101 - - [07/Mar/2012:09:58:37 -0800] "GET /chennai/stage/2536/ HTTP/1.1" 404 142 "-" "Mozilla/5.0 (compatible; Googlebot/2.1; +http://www.google.com/bot.html)"
183.82.72.4 - - [07/Mar/2012:09:58:37 -0800] "GET /blog/feed/ HTTP/1.0" 304 0 "-" "FeedDemon/4.0 (http://www.feeddemon.com/; Microsoft Windows)"
66.249.71.101 - - [07/Mar/2012:09:59:38 -0800] "GET /chennai/stage/2538/ HTTP/1.1" 404 142 "-" "Mozilla/5.0 (compatible; Googlebot/2.1; +http://www.google.com/bot.html)"
66.249.71.101 - - [07/Mar/2012:10:00:39 -0800] "GET /chennai/stage/2539/ HTTP/1.1" 404 142 "-" "Mozilla/5.0 (compatible; Googlebot/2.1; +http://www.google.com/bot.html)"
213.186.127.13 - - [07/Mar/2012:10:00:41 -0800] "GET /r/8bb HTTP/1.1" 301 255 "-" "Mozilla/5.0 (compatible; AhrefsBot/2.0; +http://ahrefs.com/robot/)"
66.249.71.101 - - [07/Mar/2012:10:01:40 -0800] "GET /chennai/stage/2544/ HTTP/1.1" 404 142 "-" "Mozilla/5.0 (compatible; Googlebot/2.1; +http://www.google.com/bot.html)"
66.249.71.101 - - [07/Mar/2012:10:02:42 -0800] "GET /chennai/stage/2546/ HTTP/1.1" 404 142 "-" "Mozilla/5.0 (compatible; Googlebot/2.1; +http://www.google.com/bot.html)"
66.249.71.101 - - [07/Mar/2012:10:03:43 -0800] "GET /chennai/stage/2547/ HTTP/1.1" 404 142 "-" "Mozilla/5.0 (compatible; Googlebot/2.1; +http://www.google.com/bot.html)"
66.249.71.101 - - [07/Mar/2012:10:04:44 -0800] "GET /chennai/stage/2548/ HTTP/1.1" 404 142 "-" "Mozilla/5.0 (compatible; Googlebot/2.1; +http://www.google.com/bot.html)"
66.249.71.101 - - [07/Mar/2012:10:05:46 -0800] "GET /chennai/stage/2550/ HTTP/1.1" 404 142 "-" "Mozilla/5.0 (compatible; Googlebot/2.1; +http://www.google.com/bot.html)"
66.249.71.101 - - [07/Mar/2012:10:06:47 -0800] "GET /chennai/stage/2555/ HTTP/1.1" 404 142 "-" "Mozilla/5.0 (compatible; Googlebot/2.1; +http://www.google.com/bot.html)"
66.249.71.101 - - [07/Mar/2012:10:07:49 -0800] "GET /chennai/stage/2556/ HTTP/1.1" 404 142 "-" "Mozilla/5.0 (compatible; Googlebot/2.1; +http://www.google.com/bot.html)"
66.249.71.101 - - [07/Mar/2012:10:08:50 -0800] "GET /chennai/stage/2558/ HTTP/1.1" 404 142 "-" "Mozilla/5.0 (compatible; Googlebot/2.1; +http://www.google.com/bot.html)"
66.249.71.101 - - [07/Mar/2012:10:09:51 -0800] "GET /chennai/stage/2560/ HTTP/1.1" 404 142 "-" "Mozilla/5.0 (compatible; Googlebot/2.1; +http://www.google.com/bot.html)"
66.249.71.101 - - [07/Mar/2012:10:10:53 -0800] "GET /chennai/stage/2561/ HTTP/1.1" 404 142 "-" "Mozilla/5.0 (compatible; Googlebot/2.1; +http://www.google.com/bot.html)"
66.249.71.101 - - [07/Mar/2012:10:11:54 -0800] "GET /chennai/stage/2563/ HTTP/1.1" 404 142 "-" "Mozilla/5.0 (compatible; Googlebot/2.1; +http://www.google.com/bot.html)"
66.249.71.101 - - [07/Mar/2012:10:12:56 -0800] "GET /chennai/stage/2564/ HTTP/1.1" 404 142 "-" "Mozilla/5.0 (compatible; Googlebot/2.1; +http://www.google.com/bot.html)"
66.249.71.101 - - [07/Mar/2012:10:13:57 -0800] "GET /chennai/stage/2562/ HTTP/1.1" 404 142 "-" "Mozilla/5.0 (compatible; Googlebot/2.1; +http://www.google.com/bot.html)"
85.17.88.169 - - [07/Mar/2012:10:13:58 -0800] "POST /blog/wp-cron.php?doing_wp_cron=1331143986 HTTP/1.0" 499 0 "-" "WordPress/3.3.1; http://yuvi.in/blog"
72.14.199.121 - - [07/Mar/2012:10:13:58 -0800] "GET /blog/feed/ HTTP/1.1" 304 0 "-" "Feedfetcher-Google; (+http://www.google.com/feedfetcher.html; 18 subscribers; feed-id=15064232456473204253)"
207.46.13.96 - - [07/Mar/2012:10:14:23 -0800] "GET /robots.txt HTTP/1.1" 404 169 "-" "Mozilla/5.0 (compatible; bingbot/2.0; +http://www.bing.com/bingbot.htm)"
66.249.71.101 - - [07/Mar/2012:10:14:58 -0800] "GET /chennai/stage/2565/ HTTP/1.1" 404 142 "-" "Mozilla/5.0 (compatible; Googlebot/2.1; +http://www.google.com/bot.html)"
85.17.88.169 - - [07/Mar/2012:10:15:09 -0800] "POST /blog/wp-cron.php?doing_wp_cron=1331144057 HTTP/1.0" 499 0 "-" "WordPress/3.3.1; http://yuvi.in/blog"
207.46.13.96 - - [07/Mar/2012:10:15:09 -0800] "GET /blog/college-drop/ HTTP/1.1" 200 4882 "-" "Mozilla/5.0 (compatible; bingbot/2.0; +http://www.bing.com/bingbot.htm)"
66.249.71.101 - - [07/Mar/2012:10:16:00 -0800] "GET /chennai/stage/2566/ HTTP/1.1" 404 142 "-" "Mozilla/5.0 (compatible; Googlebot/2.1; +http://www.google.com/bot.html)"
66.249.71.101 - - [07/Mar/2012:10:17:01 -0800] "GET /chennai/stage/2570/ HTTP/1.1" 404 142 "-" "Mozilla/5.0 (compatible; Googlebot/2.1; +http://www.google.com/bot.html)"
199.59.149.166 - - [07/Mar/2012:10:17:38 -0800] "GET /r/bvj HTTP/1.1" 301 255 "-" "Twitterbot/1.0"
184.72.47.71 - - [07/Mar/2012:10:17:38 -0800] "HEAD /r/bvj HTTP/1.1" 301 0 "-" "UnwindFetchor/1.0 (+http://www.gnip.com/)"
184.72.47.71 - - [07/Mar/2012:10:17:38 -0800] "HEAD /s/ta/bvj/ HTTP/1.1" 302 0 "-" "UnwindFetchor/1.0 (+http://www.gnip.com/)"
199.59.149.166 - - [07/Mar/2012:10:17:38 -0800] "GET /s/ta/bvj/ HTTP/1.1" 302 581 "-" "Twitterbot/1.0"
89.151.116.53 - - [07/Mar/2012:10:17:39 -0800] "GET /r/bvj HTTP/1.1" 301 255 "-" "Mozilla/5.0 (compatible; TweetmemeBot/2.11; +http://tweetmeme.com/)"
89.151.116.53 - - [07/Mar/2012:10:17:40 -0800] "GET /s/ta/bvj/ HTTP/1.1" 302 581 "-" "Mozilla/5.0 (compatible; TweetmemeBot/2.11; +http://tweetmeme.com/)"
184.72.24.234 - - [07/Mar/2012:10:17:40 -0800] "GET /r/bvj HTTP/1.1" 301 255 "-" "JS-Kit URL Resolver, http://js-kit.com/"
184.72.24.234 - - [07/Mar/2012:10:17:40 -0800] "GET /s/ta/bvj/ HTTP/1.1" 302 581 "-" "JS-Kit URL Resolver, http://js-kit.com/"
66.249.71.101 - - [07/Mar/2012:10:18:02 -0800] "GET /chennai/stage/2571/ HTTP/1.1" 404 142 "-" "Mozilla/5.0 (compatible; Googlebot/2.1; +http://www.google.com/bot.html)"
74.112.131.133 - - [07/Mar/2012:10:18:08 -0800] "GET /robots.txt HTTP/1.0" 404 238 "-" "Mozilla/5.0 (compatible; Butterfly/1.0; +http://labs.topsy.com/butterfly/) Gecko/2009032608 Firefox/3.0.8"
74.112.131.127 - - [07/Mar/2012:10:18:08 -0800] "GET /r/bvj HTTP/1.0" 301 255 "-" "Mozilla/5.0 (compatible; Butterfly/1.0; +http://labs.topsy.com/butterfly/) Gecko/2009032608 Firefox/3.0.8"
74.112.131.126 - - [07/Mar/2012:10:18:08 -0800] "GET /s/ta/bvj/ HTTP/1.0" 302 581 "-" "Mozilla/5.0 (compatible; Butterfly/1.0; +http://labs.topsy.com/butterfly/) Gecko/2009032608 Firefox/3.0.8"
74.112.131.148 - - [07/Mar/2012:10:18:10 -0800] "GET /s/ta/bvj/ HTTP/1.0" 302 581 "-" "Mozilla/5.0 (compatible; Butterfly/1.0; +http://labs.topsy.com/butterfly/) Gecko/2009032608 Firefox/3.0.8"
65.52.0.205 - - [07/Mar/2012:10:18:13 -0800] "GET /r/bvj HTTP/1.1" 301 255 "-" "Mozilla/4.0 (compatible; MSIE 7.0; Windows NT 6.0)"
65.52.0.205 - - [07/Mar/2012:10:18:13 -0800] "GET /s/ta/bvj/ HTTP/1.1" 302 581 "-" "Mozilla/4.0 (compatible; MSIE 7.0; Windows NT 6.0)"
107.21.118.229 - - [07/Mar/2012:10:19:02 -0800] "HEAD /r/bvj HTTP/1.1" 301 0 "-" "MetaURI API/2.0 +metauri.com"
107.21.118.229 - - [07/Mar/2012:10:19:02 -0800] "HEAD /s/ta/bvj/ HTTP/1.1" 302 0 "-" "MetaURI API/2.0 +metauri.com"
66.249.71.101 - - [07/Mar/2012:10:19:04 -0800] "GET /chennai/stage/2573/ HTTP/1.1" 404 142 "-" "Mozilla/5.0 (compatible; Googlebot/2.1; +http://www.google.com/bot.html)"
203.90.91.78 - - [07/Mar/2012:10:19:19 -0800] "-" 400 0 "-" "-"
66.249.71.101 - - [07/Mar/2012:10:20:05 -0800] "GET /chennai/stage/2574/ HTTP/1.1" 404 142 "-" "Mozilla/5.0 (compatible; Googlebot/2.1; +http://www.google.com/bot.html)"
107.22.112.126 - - [07/Mar/2012:10:20:59 -0800] "HEAD /r/bvj HTTP/1.1" 301 0 "-" "Mozilla/5.0 (Windows; U; Windows NT 5.1; de; rv:1.9) Gecko/2008052906 Firefox/3.0"
107.22.112.126 - - [07/Mar/2012:10:21:05 -0800] "HEAD /s/ta/bvj/ HTTP/1.1" 302 0 "-" "Mozilla/5.0 (Windows; U; Windows NT 5.1; de; rv:1.9) Gecko/2008052906 Firefox/3.0"
66.249.71.101 - - [07/Mar/2012:10:21:07 -0800] "GET /chennai/stage/2575/ HTTP/1.1" 404 142 "-" "Mozilla/5.0 (compatible; Googlebot/2.1; +http://www.google.com/bot.html)"
66.249.71.101 - - [07/Mar/2012:10:22:08 -0800] "GET /chennai/stage/2576/ HTTP/1.1" 404 142 "-" "Mozilla/5.0 (compatible; Googlebot/2.1; +http://www.google.com/bot.html)"
66.249.71.101 - - [07/Mar/2012:10:23:09 -0800] "GET /chennai/stage/2577/ HTTP/1.1" 404 142 "-" "Mozilla/5.0 (compatible; Googlebot/2.1; +http://www.google.com/bot.html)"
98.192.44.93 - - [07/Mar/2012:10:23:49 -0800] "GET / HTTP/1.1" 200 1430 "-" "Reeder/1.5.4 CFNetwork/548.0.4 Darwin/11.0.0"
98.192.44.93 - - [07/Mar/2012:10:23:49 -0800] "GET /favicon.ico HTTP/1.1" 404 142 "-" "Reeder/1.5.4 CFNetwork/548.0.4 Darwin/11.0.0"
98.192.44.93 - - [07/Mar/2012:10:23:50 -0800] "GET / HTTP/1.1" 200 1430 "-" "Reeder/1.5.4 CFNetwork/548.0.4 Darwin/11.0.0"
98.192.44.93 - - [07/Mar/2012:10:23:50 -0800] "GET /apple-touch-icon.png HTTP/1.1" 404 142 "-" "Reeder/1.5.4 CFNetwork/548.0.4 Darwin/11.0.0"
98.192.44.93 - - [07/Mar/2012:10:23:50 -0800] "GET /apple-touch-icon-precomposed.png HTTP/1.1" 404 142 "-" "Reeder/1.5.4 CFNetwork/548.0.4 Darwin/11.0.0"
66.249.71.101 - - [07/Mar/2012:10:24:11 -0800] "GET /chennai/stage/2578/ HTTP/1.1" 404 142 "-" "Mozilla/5.0 (compatible; Googlebot/2.1; +http://www.google.com/bot.html)"
85.17.88.169 - - [07/Mar/2012:10:24:18 -0800] "POST /blog/wp-cron.php?doing_wp_cron=1331144606 HTTP/1.0" 499 0 "-" "WordPress/3.3.1; http://yuvi.in/blog"
209.85.224.87 - - [07/Mar/2012:10:24:19 -0800] "GET /blog/feed HTTP/1.1" 304 0 "-" "FeedBurner/1.0 (http://www.FeedBurner.com)"
66.249.71.101 - - [07/Mar/2012:10:25:12 -0800] "GET /chennai/stage/2579/ HTTP/1.1" 404 142 "-" "Mozilla/5.0 (compatible; Googlebot/2.1; +http://www.google.com/bot.html)"
66.249.71.101 - - [07/Mar/2012:10:26:14 -0800] "GET /chennai/stage/2580/ HTTP/1.1" 404 142 "-" "Mozilla/5.0 (compatible; Googlebot/2.1; +http://www.google.com/bot.html)"
207.46.12.68 - - [07/Mar/2012:10:26:43 -0800] "-" 400 0 "-" "-"
207.46.12.68 - - [07/Mar/2012:10:26:46 -0800] "-" 400 0 "-" "-"
207.46.12.68 - - [07/Mar/2012:10:26:46 -0800] "-" 400 0 "-" "-"
207.46.12.68 - - [07/Mar/2012:10:26:47 -0800] "-" 400 0 "-" "-"
207.46.12.68 - - [07/Mar/2012:10:26:49 -0800] "-" 400 0 "-" "-"
207.46.12.68 - - [07/Mar/2012:10:26:49 -0800] "-" 400 0 "-" "-"
207.46.12.68 - - [07/Mar/2012:10:26:49 -0800] "-" 400 0 "-" "-"
207.46.12.68 - - [07/Mar/2012:10:26:49 -0800] "-" 400 0 "-" "-"
207.46.12.68 - - [07/Mar/2012:10:26:49 -0800] "-" 400 0 "-" "-"
207.46.12.68 - - [07/Mar/2012:10:26:49 -0800] "-" 400 0 "-" "-"
66.249.71.101 - - [07/Mar/2012:10:27:15 -0800] "GET /chennai/stage/2581/ HTTP/1.1" 404 142 "-" "Mozilla/5.0 (compatible; Googlebot/2.1; +http://www.google.com/bot.html)"
66.249.71.101 - - [07/Mar/2012:10:28:16 -0800] "GET /chennai/stage/2582/ HTTP/1.1" 404 142 "-" "Mozilla/5.0 (compatible; Googlebot/2.1; +http://www.google.com/bot.html)"
74.125.126.81 - - [07/Mar/2012:10:28:39 -0800] "GET /favicon.ico HTTP/1.1" 404 142 "-" "-"
66.249.71.101 - - [07/Mar/2012:10:29:18 -0800] "GET /chennai/stage/2583/ HTTP/1.1" 404 142 "-" "Mozilla/5.0 (compatible; Googlebot/2.1; +http://www.google.com/bot.html)"
66.249.71.101 - - [07/Mar/2012:10:30:19 -0800] "GET /chennai/stage/2584/ HTTP/1.1" 404 142 "-" "Mozilla/5.0 (compatible; Googlebot/2.1; +http://www.google.com/bot.html)"
74.125.126.99 - - [07/Mar/2012:10:30:40 -0800] "GET /favicon.ico HTTP/1.1" 404 142 "-" "-"
184.73.55.167 - - [07/Mar/2012:10:31:17 -0800] "HEAD /r/bvj HTTP/1.1" 301 0 "-" "-"
184.73.55.167 - - [07/Mar/2012:10:31:18 -0800] "HEAD /s/ta/bvj/ HTTP/1.1" 302 0 "-" "-"
66.249.71.101 - - [07/Mar/2012:10:31:20 -0800] "GET /chennai/stage/2585/ HTTP/1.1" 404 142 "-" "Mozilla/5.0 (compatible; Googlebot/2.1; +http://www.google.com/bot.html)"
66.249.71.101 - - [07/Mar/2012:10:32:26 -0800] "GET /chennai/stage/2587/ HTTP/1.1" 404 142 "-" "Mozilla/5.0 (compatible; Googlebot/2.1; +http://www.google.com/bot.html)"
66.249.71.101 - - [07/Mar/2012:10:33:23 -0800] "GET /chennai/stage/2590/ HTTP/1.1" 404 142 "-" "Mozilla/5.0 (compatible; Googlebot/2.1; +http://www.google.com/bot.html)"
66.249.71.101 - - [07/Mar/2012:10:34:25 -0800] "GET /chennai/stage/2591/ HTTP/1.1" 404 142 "-" "Mozilla/5.0 (compatible; Googlebot/2.1; +http://www.google.com/bot.html)"
209.85.224.98 - - [07/Mar/2012:10:35:02 -0800] "GET /stories/feed HTTP/1.1" 200 13653 "-" "FeedBurner/1.0 (http://www.FeedBurner.com)"
66.249.71.101 - - [07/Mar/2012:10:35:26 -0800] "GET /chennai/stage/2592/ HTTP/1.1" 404 142 "-" "Mozilla/5.0 (compatible; Googlebot/2.1; +http://www.google.com/bot.html)"
85.17.88.169 - - [07/Mar/2012:10:35:31 -0800] "POST /blog/wp-cron.php?doing_wp_cron=1331145279 HTTP/1.0" 499 0 "-" "WordPress/3.3.1; http://yuvi.in/blog"
66.249.71.97 - - [07/Mar/2012:10:35:32 -0800] "GET /blog/theMarianStar/Selvi.pdf HTTP/1.1" 404 3006 "-" "Googlebot/2.1 (+http://www.google.com/bot.html)"
122.177.184.191 - - [07/Mar/2012:10:36:10 -0800] "GET /favicon.ico HTTP/1.1" 404 142 "-" "Mozilla/5.0 (Windows NT 6.1; rv:10.0.2) Gecko/20100101 Firefox/10.0.2"
122.177.184.191 - - [07/Mar/2012:10:36:15 -0800] "-" 400 0 "-" "-"
66.249.71.101 - - [07/Mar/2012:10:36:27 -0800] "GET /chennai/stage/2593/ HTTP/1.1" 404 142 "-" "Mozilla/5.0 (compatible; Googlebot/2.1; +http://www.google.com/bot.html)"
66.249.71.101 - - [07/Mar/2012:10:37:29 -0800] "GET /chennai/stage/2595/ HTTP/1.1" 404 142 "-" "Mozilla/5.0 (compatible; Googlebot/2.1; +http://www.google.com/bot.html)"
66.249.71.101 - - [07/Mar/2012:10:38:30 -0800] "GET /chennai/stage/2597/ HTTP/1.1" 404 142 "-" "Mozilla/5.0 (compatible; Googlebot/2.1; +http://www.google.com/bot.html)"
66.249.71.101 - - [07/Mar/2012:10:39:32 -0800] "GET /chennai/stage/2598/ HTTP/1.1" 404 142 "-" "Mozilla/5.0 (compatible; Googlebot/2.1; +http://www.google.com/bot.html)"
207.46.204.164 - - [07/Mar/2012:10:39:49 -0800] "-" 400 0 "-" "-"
207.46.204.164 - - [07/Mar/2012:10:39:51 -0800] "-" 400 0 "-" "-"
207.46.204.164 - - [07/Mar/2012:10:39:51 -0800] "-" 400 0 "-" "-"
207.46.204.164 - - [07/Mar/2012:10:39:51 -0800] "-" 400 0 "-" "-"
207.46.204.164 - - [07/Mar/2012:10:39:52 -0800] "-" 400 0 "-" "-"
207.46.204.164 - - [07/Mar/2012:10:39:52 -0800] "-" 400 0 "-" "-"
207.46.204.164 - - [07/Mar/2012:10:39:53 -0800] "-" 400 0 "-" "-"
207.46.204.164 - - [07/Mar/2012:10:39:53 -0800] "-" 400 0 "-" "-"
207.46.204.164 - - [07/Mar/2012:10:39:53 -0800] "-" 400 0 "-" "-"
69.171.230.246 - - [07/Mar/2012:10:39:55 -0800] "GET /blog/how-i-spent-the-day-today.html HTTP/1.1" 200 2962 "-" "facebookexternalhit/1.1 (+http://www.facebook.com/externalhit_uatext.php)"
66.249.71.101 - - [07/Mar/2012:10:40:33 -0800] "GET /chennai/stage/2599/ HTTP/1.1" 404 142 "-" "Mozilla/5.0 (compatible; Googlebot/2.1; +http://www.google.com/bot.html)"
207.46.204.164 - - [07/Mar/2012:10:40:43 -0800] "-" 400 0 "-" "-"
207.46.204.164 - - [07/Mar/2012:10:40:43 -0800] "-" 400 0 "-" "-"
66.249.71.101 - - [07/Mar/2012:10:41:34 -0800] "GET /chennai/stage/2600/ HTTP/1.1" 404 142 "-" "Mozilla/5.0 (compatible; Googlebot/2.1; +http://www.google.com/bot.html)"
117.193.150.222 - - [07/Mar/2012:10:41:56 -0800] "-" 400 0 "-" "-"
66.249.71.101 - - [07/Mar/2012:10:42:36 -0800] "GET /chennai/stage/2601/ HTTP/1.1" 404 142 "-" "Mozilla/5.0 (compatible; Googlebot/2.1; +http://www.google.com/bot.html)"
117.193.150.222 - - [07/Mar/2012:10:42:47 -0800] "-" 400 0 "-" "-"
208.115.113.84 - - [07/Mar/2012:10:43:12 -0800] "GET /robots.txt HTTP/1.1" 404 169 "-" "Mozilla/5.0 (compatible; Ezooms/1.0; ezooms.bot@gmail.com)"
66.249.71.101 - - [07/Mar/2012:10:43:34 -0800] "GET /chennai/stage/2602/ HTTP/1.1" 404 142 "-" "Mozilla/5.0 (compatible; Googlebot/2.1; +http://www.google.com/bot.html)"
66.249.71.101 - - [07/Mar/2012:10:44:31 -0800] "GET /chennai/stage/2603/ HTTP/1.1" 404 142 "-" "Mozilla/5.0 (compatible; Googlebot/2.1; +http://www.google.com/bot.html)"
66.249.71.101 - - [07/Mar/2012:10:45:33 -0800] "GET /chennai/stage/2604/ HTTP/1.1" 404 142 "-" "Mozilla/5.0 (compatible; Googlebot/2.1; +http://www.google.com/bot.html)"
66.249.71.101 - - [07/Mar/2012:10:46:34 -0800] "GET /chennai/stage/2605/ HTTP/1.1" 404 142 "-" "Mozilla/5.0 (compatible; Googlebot/2.1; +http://www.google.com/bot.html)"
66.249.71.101 - - [07/Mar/2012:10:47:36 -0800] "GET /chennai/stage/2610/ HTTP/1.1" 404 142 "-" "Mozilla/5.0 (compatible; Googlebot/2.1; +http://www.google.com/bot.html)"
180.76.5.159 - - [07/Mar/2012:10:49:23 -0800] "GET / HTTP/1.1" 200 3439 "-" "Mozilla/5.0 (compatible; Baiduspider/2.0; +http://www.baidu.com/search/spider.html)"
66.249.71.101 - - [07/Mar/2012:10:49:39 -0800] "GET /chennai/stage/2611/ HTTP/1.1" 404 142 "-" "Mozilla/5.0 (compatible; Googlebot/2.1; +http://www.google.com/bot.html)"
66.249.71.101 - - [07/Mar/2012:10:50:40 -0800] "GET /chennai/stage/2612/ HTTP/1.1" 404 142 "-" "Mozilla/5.0 (compatible; Googlebot/2.1; +http://www.google.com/bot.html)"
66.249.71.101 - - [07/Mar/2012:10:51:41 -0800] "GET /chennai/stage/2613/ HTTP/1.1" 404 142 "-" "Mozilla/5.0 (compatible; Googlebot/2.1; +http://www.google.com/bot.html)"
141.0.8.104 - - [07/Mar/2012:10:52:00 -0800] "-" 400 0 "-" "-"
66.249.71.101 - - [07/Mar/2012:10:52:43 -0800] "GET /chennai/stage/2614/ HTTP/1.1" 404 142 "-" "Mozilla/5.0 (compatible; Googlebot/2.1; +http://www.google.com/bot.html)"
66.249.71.101 - - [07/Mar/2012:10:53:45 -0800] "GET /chennai/stage/2615/ HTTP/1.1" 404 142 "-" "Mozilla/5.0 (compatible; Googlebot/2.1; +http://www.google.com/bot.html)"
85.17.88.169 - - [07/Mar/2012:10:54:22 -0800] "POST /blog/wp-cron.php?doing_wp_cron=1331146410 HTTP/1.0" 499 0 "-" "WordPress/3.3.1; http://yuvi.in/blog"
66.249.71.97 - - [07/Mar/2012:10:54:23 -0800] "GET /blog/2011/07/ HTTP/1.1" 200 3875 "-" "Mozilla/5.0 (iPhone; U; CPU iPhone OS 4_1 like Mac OS X; en-us) AppleWebKit/532.9 (KHTML, like Gecko) Version/4.0.5 Mobile/8B117 Safari/6531.22.7 (compatible; Googlebot-Mobile/2.1; +http://www.google.com/bot.html)"
85.17.88.169 - - [07/Mar/2012:10:54:26 -0800] "POST /blog/wp-cron.php?doing_wp_cron=1331146413 HTTP/1.0" 499 0 "-" "WordPress/3.3.1; http://yuvi.in/blog"
209.85.224.97 - - [07/Mar/2012:10:54:26 -0800] "GET /blog/feed HTTP/1.1" 304 0 "-" "FeedBurner/1.0 (http://www.FeedBurner.com)"
66.249.71.101 - - [07/Mar/2012:10:54:46 -0800] "GET /chennai/stage/2616/ HTTP/1.1" 404 142 "-" "Mozilla/5.0 (compatible; Googlebot/2.1; +http://www.google.com/bot.html)"
122.177.249.106 - - [07/Mar/2012:10:55:19 -0800] "GET /r/f1m HTTP/1.1" 301 255 "http://ta.wikipedia.org/wiki/%E0%AE%A8%E0%AF%87%E0%AE%B0%E0%AF%81%E0%AE%95%E0%AF%8D%E0%AE%95%E0%AF%81_%E0%AE%A8%E0%AF%87%E0%AE%B0%E0%AF%8D" "Mozilla/5.0 (iPad; CPU OS 5_0_1 like Mac OS X) AppleWebKit/534.46 (KHTML, like Gecko) Version/5.1 Mobile/9A405 Safari/7534.48.3"
122.177.249.106 - - [07/Mar/2012:10:55:21 -0800] "GET /s/ta/f1m/ HTTP/1.1" 302 413 "http://ta.wikipedia.org/wiki/%E0%AE%A8%E0%AF%87%E0%AE%B0%E0%AF%81%E0%AE%95%E0%AF%8D%E0%AE%95%E0%AF%81_%E0%AE%A8%E0%AF%87%E0%AE%B0%E0%AF%8D" "Mozilla/5.0 (iPad; CPU OS 5_0_1 like Mac OS X) AppleWebKit/534.46 (KHTML, like Gecko) Version/5.1 Mobile/9A405 Safari/7534.48.3"
66.249.71.101 - - [07/Mar/2012:10:55:47 -0800] "GET /chennai/stage/2617/ HTTP/1.1" 404 142 "-" "Mozilla/5.0 (compatible; Googlebot/2.1; +http://www.google.com/bot.html)"
85.17.88.169 - - [07/Mar/2012:10:55:59 -0800] "POST /blog/wp-cron.php?doing_wp_cron=1331146507 HTTP/1.0" 499 0 "-" "WordPress/3.3.1; http://yuvi.in/blog"
59.58.159.216 - - [07/Mar/2012:10:56:00 -0800] "GET /blog/ HTTP/1.0" 200 44145 "http://yuvi.in/blog/" "Mozilla/4.0 (compatible; MSIE 6.0; Windows NT) ::ELNSB50::000061100320025802a00111000000000507000900000000"
66.249.71.101 - - [07/Mar/2012:10:56:49 -0800] "GET /chennai/stage/2618/ HTTP/1.1" 404 142 "-" "Mozilla/5.0 (compatible; Googlebot/2.1; +http://www.google.com/bot.html)"
66.249.71.101 - - [07/Mar/2012:10:57:50 -0800] "GET /chennai/stage/2620/ HTTP/1.1" 404 142 "-" "Mozilla/5.0 (compatible; Googlebot/2.1; +http://www.google.com/bot.html)"
85.17.88.169 - - [07/Mar/2012:10:58:36 -0800] "POST /blog/wp-cron.php?doing_wp_cron=1331146663 HTTP/1.0" 499 0 "-" "WordPress/3.3.1; http://yuvi.in/blog"
72.14.199.121 - - [07/Mar/2012:10:58:36 -0800] "GET /blog/feed HTTP/1.1" 301 0 "-" "Feedfetcher-Google; (+http://www.google.com/feedfetcher.html; 3 subscribers; feed-id=17684830852112633560)"
85.17.88.169 - - [07/Mar/2012:10:58:38 -0800] "POST /blog/wp-cron.php?doing_wp_cron=1331146666 HTTP/1.0" 499 0 "-" "WordPress/3.3.1; http://yuvi.in/blog"
72.14.199.121 - - [07/Mar/2012:10:58:39 -0800] "GET /blog/feed/ HTTP/1.1" 304 0 "-" "Feedfetcher-Google; (+http://www.google.com/feedfetcher.html; 3 subscribers; feed-id=17684830852112633560)"
66.249.71.101 - - [07/Mar/2012:10:58:52 -0800] "GET /chennai/stage/2621/ HTTP/1.1" 404 142 "-" "Mozilla/5.0 (compatible; Googlebot/2.1; +http://www.google.com/bot.html)"
207.46.12.73 - - [07/Mar/2012:10:59:47 -0800] "-" 400 0 "-" "-"
207.46.12.73 - - [07/Mar/2012:10:59:50 -0800] "-" 400 0 "-" "-"
207.46.12.73 - - [07/Mar/2012:10:59:51 -0800] "-" 400 0 "-" "-"
207.46.12.73 - - [07/Mar/2012:10:59:51 -0800] "-" 400 0 "-" "-"
207.46.12.73 - - [07/Mar/2012:10:59:51 -0800] "-" 400 0 "-" "-"
207.46.12.73 - - [07/Mar/2012:10:59:52 -0800] "-" 400 0 "-" "-"
207.46.12.73 - - [07/Mar/2012:10:59:52 -0800] "-" 400 0 "-" "-"
207.46.12.73 - - [07/Mar/2012:10:59:52 -0800] "-" 400 0 "-" "-"
207.46.12.73 - - [07/Mar/2012:10:59:53 -0800] "-" 400 0 "-" "-"
207.46.12.73 - - [07/Mar/2012:10:59:53 -0800] "-" 400 0 "-" "-"
66.249.71.101 - - [07/Mar/2012:10:59:53 -0800] "GET /chennai/stage/2622/ HTTP/1.1" 404 142 "-" "Mozilla/5.0 (compatible; Googlebot/2.1; +http://www.google.com/bot.html)"
207.46.12.73 - - [07/Mar/2012:11:00:29 -0800] "-" 400 0 "-" "-"
66.249.71.101 - - [07/Mar/2012:11:00:55 -0800] "GET /chennai/stage/2623/ HTTP/1.1" 404 142 "-" "Mozilla/5.0 (compatible; Googlebot/2.1; +http://www.google.com/bot.html)"
115.248.50.23 - - [07/Mar/2012:11:01:37 -0800] "-" 400 0 "-" "-"
66.249.71.101 - - [07/Mar/2012:11:01:56 -0800] "GET /chennai/stage/2624/ HTTP/1.1" 404 142 "-" "Mozilla/5.0 (compatible; Googlebot/2.1; +http://www.google.com/bot.html)"
117.239.105.199 - - [07/Mar/2012:11:02:10 -0800] "-" 400 0 "-" "-"
117.239.105.199 - - [07/Mar/2012:11:02:10 -0800] "-" 400 0 "-" "-"
117.239.105.199 - - [07/Mar/2012:11:02:10 -0800] "-" 400 0 "-" "-"
117.239.105.199 - - [07/Mar/2012:11:02:10 -0800] "-" 400 0 "-" "-"
89.151.99.94 - - [07/Mar/2012:11:02:38 -0800] "GET /r/bvj HTTP/1.1" 301 255 "-" "Mozilla/5.0 (compatible; TweetmemeBot/2.11; +http://tweetmeme.com/)"
89.151.99.94 - - [07/Mar/2012:11:02:39 -0800] "GET /s/ta/bvj/ HTTP/1.1" 302 581 "-" "Mozilla/5.0 (compatible; TweetmemeBot/2.11; +http://tweetmeme.com/)"
85.17.88.169 - - [07/Mar/2012:11:02:40 -0800] "POST /blog/wp-cron.php?doing_wp_cron=1331146907 HTTP/1.0" 499 0 "-" "WordPress/3.3.1; http://yuvi.in/blog"
100.43.83.144 - - [07/Mar/2012:11:02:40 -0800] "GET /blog/broke-nonexistent-law/ HTTP/1.1" 200 9579 "-" "Mozilla/5.0 (compatible; YandexBot/3.0; +http://yandex.com/bots)"
66.249.71.101 - - [07/Mar/2012:11:02:58 -0800] "GET /chennai/stage/2627/ HTTP/1.1" 404 142 "-" "Mozilla/5.0 (compatible; Googlebot/2.1; +http://www.google.com/bot.html)"
85.17.88.169 - - [07/Mar/2012:11:03:14 -0800] "POST /blog/wp-cron.php?doing_wp_cron=1331146942 HTTP/1.0" 499 0 "-" "WordPress/3.3.1; http://yuvi.in/blog"
66.135.57.47 - - [07/Mar/2012:11:03:14 -0800] "GET /blog/college-drop/ HTTP/1.0" 200 18228 "-" "Mozilla/5.0 (Windows; U; Windows NT 5.1; rv:1.7.3) Gecko/20041001 Firefox/0.10.1"
85.17.88.169 - - [07/Mar/2012:11:03:18 -0800] "POST /blog/wp-cron.php?doing_wp_cron=1331146946 HTTP/1.0" 499 0 "-" "WordPress/3.3.1; http://yuvi.in/blog"
66.135.57.47 - - [07/Mar/2012:11:03:18 -0800] "GET /blog/passing-headers-proxying-nginx/ HTTP/1.0" 200 16598 "-" "Mozilla/5.0 (Windows; U; Windows NT 5.1; rv:1.7.3) Gecko/20041001 Firefox/0.10.1"
85.17.88.169 - - [07/Mar/2012:11:03:24 -0800] "POST /blog/wp-cron.php?doing_wp_cron=1331146952 HTTP/1.0" 499 0 "-" "WordPress/3.3.1; http://yuvi.in/blog"
66.135.57.47 - - [07/Mar/2012:11:03:24 -0800] "GET /blog/program/ HTTP/1.0" 200 27122 "-" "Mozilla/5.0 (Windows; U; Windows NT 5.1; rv:1.7.3) Gecko/20041001 Firefox/0.10.1"
85.17.88.169 - - [07/Mar/2012:11:03:29 -0800] "POST /blog/wp-cron.php?doing_wp_cron=1331146956 HTTP/1.0" 499 0 "-" "WordPress/3.3.1; http://yuvi.in/blog"
66.135.57.47 - - [07/Mar/2012:11:03:29 -0800] "GET /blog/devlog-december-26-2011/ HTTP/1.0" 200 16602 "-" "Mozilla/5.0 (Windows; U; Windows NT 5.1; rv:1.7.3) Gecko/20041001 Firefox/0.10.1"
85.17.88.169 - - [07/Mar/2012:11:03:34 -0800] "POST /blog/wp-cron.php?doing_wp_cron=1331146961 HTTP/1.0" 499 0 "-" "WordPress/3.3.1; http://yuvi.in/blog"
66.135.57.47 - - [07/Mar/2012:11:03:34 -0800] "GET /blog/devlog-december-23-2011/ HTTP/1.0" 200 16425 "-" "Mozilla/5.0 (Windows; U; Windows NT 5.1; rv:1.7.3) Gecko/20041001 Firefox/0.10.1"
85.17.88.169 - - [07/Mar/2012:11:03:37 -0800] "POST /blog/wp-cron.php?doing_wp_cron=1331146965 HTTP/1.0" 499 0 "-" "WordPress/3.3.1; http://yuvi.in/blog"
66.135.57.47 - - [07/Mar/2012:11:03:38 -0800] "GET /blog/devlog-december-21-2011/ HTTP/1.0" 200 17029 "-" "Mozilla/5.0 (Windows; U; Windows NT 5.1; rv:1.7.3) Gecko/20041001 Firefox/0.10.1"
85.17.88.169 - - [07/Mar/2012:11:03:41 -0800] "POST /blog/wp-cron.php?doing_wp_cron=1331146968 HTTP/1.0" 499 0 "-" "WordPress/3.3.1; http://yuvi.in/blog"
66.135.57.47 - - [07/Mar/2012:11:03:41 -0800] "GET /blog/devlog-december-11-2011/ HTTP/1.0" 200 16500 "-" "Mozilla/5.0 (Windows; U; Windows NT 5.1; rv:1.7.3) Gecko/20041001 Firefox/0.10.1"
85.17.88.169 - - [07/Mar/2012:11:03:45 -0800] "POST /blog/wp-cron.php?doing_wp_cron=1331146972 HTTP/1.0" 499 0 "-" "WordPress/3.3.1; http://yuvi.in/blog"
66.135.57.47 - - [07/Mar/2012:11:03:45 -0800] "GET /blog/devlog-december-10-2011/ HTTP/1.0" 200 16295 "-" "Mozilla/5.0 (Windows; U; Windows NT 5.1; rv:1.7.3) Gecko/20041001 Firefox/0.10.1"
85.17.88.169 - - [07/Mar/2012:11:03:49 -0800] "POST /blog/wp-cron.php?doing_wp_cron=1331146977 HTTP/1.0" 499 0 "-" "WordPress/3.3.1; http://yuvi.in/blog"
66.135.57.47 - - [07/Mar/2012:11:03:49 -0800] "GET /blog/devlog-december-7-2011/ HTTP/1.0" 200 16741 "-" "Mozilla/5.0 (Windows; U; Windows NT 5.1; rv:1.7.3) Gecko/20041001 Firefox/0.10.1"
85.17.88.169 - - [07/Mar/2012:11:03:52 -0800] "POST /blog/wp-cron.php?doing_wp_cron=1331146980 HTTP/1.0" 499 0 "-" "WordPress/3.3.1; http://yuvi.in/blog"
66.135.57.47 - - [07/Mar/2012:11:03:53 -0800] "GET /blog/story-average-indian-techie/ HTTP/1.0" 200 54200 "-" "Mozilla/5.0 (Windows; U; Windows NT 5.1; rv:1.7.3) Gecko/20041001 Firefox/0.10.1"
66.249.71.101 - - [07/Mar/2012:11:03:59 -0800] "GET /chennai/stage/2629/ HTTP/1.1" 404 142 "-" "Mozilla/5.0 (compatible; Googlebot/2.1; +http://www.google.com/bot.html)"
66.249.71.101 - - [07/Mar/2012:11:05:01 -0800] "GET /chennai/stage/2630/ HTTP/1.1" 404 142 "-" "Mozilla/5.0 (compatible; Googlebot/2.1; +http://www.google.com/bot.html)"
66.249.71.101 - - [07/Mar/2012:11:06:02 -0800] "GET /chennai/stage/2631/ HTTP/1.1" 404 142 "-" "Mozilla/5.0 (compatible; Googlebot/2.1; +http://www.google.com/bot.html)"
85.17.88.169 - - [07/Mar/2012:11:06:28 -0800] "POST /blog/wp-cron.php?doing_wp_cron=1331147136 HTTP/1.0" 499 0 "-" "WordPress/3.3.1; http://yuvi.in/blog"
72.14.199.121 - - [07/Mar/2012:11:06:28 -0800] "GET /blog/feed/ HTTP/1.1" 304 0 "-" "Feedfetcher-Google; (+http://www.google.com/feedfetcher.html; 18 subscribers; feed-id=15064232456473204253)"
66.249.71.101 - - [07/Mar/2012:11:07:04 -0800] "GET /chennai/stage/2632/ HTTP/1.1" 404 142 "-" "Mozilla/5.0 (compatible; Googlebot/2.1; +http://www.google.com/bot.html)"
66.249.71.101 - - [07/Mar/2012:11:08:05 -0800] "GET /chennai/stage/2634/ HTTP/1.1" 404 142 "-" "Mozilla/5.0 (compatible; Googlebot/2.1; +http://www.google.com/bot.html)"
66.249.71.101 - - [07/Mar/2012:11:09:07 -0800] "GET /chennai/stage/2635/ HTTP/1.1" 404 142 "-" "Mozilla/5.0 (compatible; Googlebot/2.1; +http://www.google.com/bot.html)"
66.249.71.101 - - [07/Mar/2012:11:10:08 -0800] "GET /chennai/stage/2636/ HTTP/1.1" 404 142 "-" "Mozilla/5.0 (compatible; Googlebot/2.1; +http://www.google.com/bot.html)"
66.249.71.101 - - [07/Mar/2012:11:11:10 -0800] "GET /chennai/stage/2637/ HTTP/1.1" 404 142 "-" "Mozilla/5.0 (compatible; Googlebot/2.1; +http://www.google.com/bot.html)"
85.17.88.169 - - [07/Mar/2012:11:11:44 -0800] "POST /blog/wp-cron.php?doing_wp_cron=1331147451 HTTP/1.0" 499 0 "-" "WordPress/3.3.1; http://yuvi.in/blog"
207.46.13.96 - - [07/Mar/2012:11:11:44 -0800] "GET /blog/2009/06/ HTTP/1.1" 200 8474 "-" "Mozilla/5.0 (compatible; bingbot/2.0; +http://www.bing.com/bingbot.htm)"
66.249.71.101 - - [07/Mar/2012:11:12:11 -0800] "GET /chennai/stage/2638/ HTTP/1.1" 404 142 "-" "Mozilla/5.0 (compatible; Googlebot/2.1; +http://www.google.com/bot.html)"
174.113.242.80 - - [07/Mar/2012:11:12:38 -0800] "GET /r/12fp HTTP/1.1" 301 257 "http://ta.wikipedia.org/wiki/%E0%AE%85%E0%AE%B0%E0%AE%BF%E0%AE%A4%E0%AE%9F%E0%AF%8D%E0%AE%9F%E0%AF%81" "Mozilla/5.0 (Windows NT 6.1; WOW64) AppleWebKit/535.11 (KHTML, like Gecko) Chrome/17.0.963.66 Safari/535.11"
174.113.242.80 - - [07/Mar/2012:11:12:39 -0800] "GET /s/ta/12fp/ HTTP/1.1" 302 361 "http://ta.wikipedia.org/wiki/%E0%AE%85%E0%AE%B0%E0%AE%BF%E0%AE%A4%E0%AE%9F%E0%AF%8D%E0%AE%9F%E0%AF%81" "Mozilla/5.0 (Windows NT 6.1; WOW64) AppleWebKit/535.11 (KHTML, like Gecko) Chrome/17.0.963.66 Safari/535.11"
174.113.242.80 - - [07/Mar/2012:11:12:58 -0800] "-" 400 0 "-" "-"
207.46.12.76 - - [07/Mar/2012:11:13:07 -0800] "-" 400 0 "-" "-"
207.46.12.76 - - [07/Mar/2012:11:13:08 -0800] "-" 400 0 "-" "-"
207.46.12.76 - - [07/Mar/2012:11:13:08 -0800] "-" 400 0 "-" "-"
207.46.12.76 - - [07/Mar/2012:11:13:08 -0800] "-" 400 0 "-" "-"
207.46.12.76 - - [07/Mar/2012:11:13:08 -0800] "-" 400 0 "-" "-"
207.46.12.76 - - [07/Mar/2012:11:13:08 -0800] "-" 400 0 "-" "-"
207.46.12.76 - - [07/Mar/2012:11:13:08 -0800] "-" 400 0 "-" "-"
207.46.12.76 - - [07/Mar/2012:11:13:08 -0800] "-" 400 0 "-" "-"
207.46.12.76 - - [07/Mar/2012:11:13:08 -0800] "-" 400 0 "-" "-"
66.249.71.101 - - [07/Mar/2012:11:13:13 -0800] "GET /chennai/stage/2641/ HTTP/1.1" 404 142 "-" "Mozilla/5.0 (compatible; Googlebot/2.1; +http://www.google.com/bot.html)"
218.213.130.153 - - [07/Mar/2012:11:13:39 -0800] "GET /robots.txt HTTP/1.1" 404 169 "-" "DoCoMo/2.0 P900i(c100;TB;W24H11) (compatible; ichiro/mobile goo; +http://help.goo.ne.jp/help/article/1142/)"
218.213.130.153 - - [07/Mar/2012:11:13:42 -0800] "GET / HTTP/1.1" 200 3439 "-" "DoCoMo/2.0 P900i(c100;TB;W24H11) (compatible; ichiro/mobile goo; +http://help.goo.ne.jp/help/article/1142/)"
207.46.12.76 - - [07/Mar/2012:11:14:00 -0800] "-" 400 0 "-" "-"
66.249.71.101 - - [07/Mar/2012:11:14:14 -0800] "GET /chennai/stage/2642/ HTTP/1.1" 404 142 "-" "Mozilla/5.0 (compatible; Googlebot/2.1; +http://www.google.com/bot.html)"
66.249.71.101 - - [07/Mar/2012:11:15:10 -0800] "GET /chennai/stage/2643/ HTTP/1.1" 404 142 "-" "Mozilla/5.0 (compatible; Googlebot/2.1; +http://www.google.com/bot.html)"
66.249.71.101 - - [07/Mar/2012:11:16:06 -0800] "GET /chennai/stage/2644/ HTTP/1.1" 404 142 "-" "Mozilla/5.0 (compatible; Googlebot/2.1; +http://www.google.com/bot.html)"
66.249.71.101 - - [07/Mar/2012:11:17:02 -0800] "GET /chennai/stage/2645/ HTTP/1.1" 404 142 "-" "Mozilla/5.0 (compatible; Googlebot/2.1; +http://www.google.com/bot.html)"
67.215.230.28 - - [07/Mar/2012:11:17:40 -0800] "GET /robots.txt HTTP/1.0" 404 169 "-" "Setooz/Nutch-1.2 (http://www.setooz.com)"
67.215.230.28 - - [07/Mar/2012:11:17:40 -0800] "GET /stories HTTP/1.0" 301 185 "-" "Setooz/Nutch-1.2 (http://www.setooz.com)"
67.215.230.28 - - [07/Mar/2012:11:17:40 -0800] "GET /robots.txt HTTP/1.0" 404 169 "-" "Setooz/Nutch-1.2 (http://www.setooz.com)"
67.215.230.28 - - [07/Mar/2012:11:17:40 -0800] "GET / HTTP/1.0" 200 3439 "-" "Setooz/Nutch-1.2 (http://www.setooz.com)"
69.171.229.249 - - [07/Mar/2012:11:17:47 -0800] "GET /r/v6l HTTP/1.1" 301 255 "-" "facebookexternalhit/1.1 (+http://www.facebook.com/externalhit_uatext.php)"
69.171.229.245 - - [07/Mar/2012:11:17:48 -0800] "GET /s/ta/v6l/ HTTP/1.1" 302 485 "-" "facebookexternalhit/1.1 (+http://www.facebook.com/externalhit_uatext.php)"
66.249.71.101 - - [07/Mar/2012:11:17:59 -0800] "GET /chennai/stage/2646/ HTTP/1.1" 404 142 "-" "Mozilla/5.0 (compatible; Googlebot/2.1; +http://www.google.com/bot.html)"
66.249.71.101 - - [07/Mar/2012:11:18:55 -0800] "GET /chennai/stage/2647/ HTTP/1.1" 404 142 "-" "Mozilla/5.0 (compatible; Googlebot/2.1; +http://www.google.com/bot.html)"
187.20.104.182 - - [07/Mar/2012:11:19:34 -0800] "GET /blog/program/ HTTP/1.1" 200 27201 "-" "Mozilla/5.0 (compatible; Googlebot/2.1; +http://www.google.com/bot.html)"
66.249.71.101 - - [07/Mar/2012:11:19:51 -0800] "GET /chennai/stage/2649/ HTTP/1.1" 404 142 "-" "Mozilla/5.0 (compatible; Googlebot/2.1; +http://www.google.com/bot.html)"
66.249.71.101 - - [07/Mar/2012:11:20:48 -0800] "GET /chennai/stage/2652/ HTTP/1.1" 404 142 "-" "Mozilla/5.0 (compatible; Googlebot/2.1; +http://www.google.com/bot.html)"
188.236.213.5 - - [07/Mar/2012:11:21:13 -0800] "GET /r/1poo HTTP/1.1" 301 257 "http://ta.wikipedia.org/wiki/%E0%AE%86%E0%AE%B5%E0%AF%81%E0%AE%9F%E0%AF%88%E0%AE%AF%E0%AE%BE%E0%AE%B0%E0%AF%8D%E0%AE%95%E0%AF%8B%E0%AE%AF%E0%AE%BF%E0%AE%B2%E0%AF%8D" "Mozilla/4.0 (compatible; MSIE 8.0; Windows NT 6.1; Trident/4.0; SLCC2; .NET CLR 2.0.50727; .NET CLR 3.5.30729; .NET CLR 3.0.30729; Media Center PC 6.0; InfoPath.2)"
188.236.213.5 - - [07/Mar/2012:11:21:14 -0800] "GET /s/ta/1poo/ HTTP/1.1" 302 445 "http://ta.wikipedia.org/wiki/%E0%AE%86%E0%AE%B5%E0%AF%81%E0%AE%9F%E0%AF%88%E0%AE%AF%E0%AE%BE%E0%AE%B0%E0%AF%8D%E0%AE%95%E0%AF%8B%E0%AE%AF%E0%AE%BF%E0%AE%B2%E0%AF%8D" "Mozilla/4.0 (compatible; MSIE 8.0; Windows NT 6.1; Trident/4.0; SLCC2; .NET CLR 2.0.50727; .NET CLR 3.5.30729; .NET CLR 3.0.30729; Media Center PC 6.0; InfoPath.2)"
66.249.71.101 - - [07/Mar/2012:11:21:44 -0800] "GET /chennai/stage/2653/ HTTP/1.1" 404 142 "-" "Mozilla/5.0 (compatible; Googlebot/2.1; +http://www.google.com/bot.html)"
85.17.88.169 - - [07/Mar/2012:11:22:42 -0800] "POST /blog/wp-cron.php?doing_wp_cron=1331148109 HTTP/1.0" 499 0 "-" "WordPress/3.3.1; http://yuvi.in/blog"
66.249.71.101 - - [07/Mar/2012:11:22:42 -0800] "GET /chennai/stage/2654/ HTTP/1.1" 404 142 "-" "Mozilla/5.0 (compatible; Googlebot/2.1; +http://www.google.com/bot.html)"
78.183.43.188 - - [07/Mar/2012:11:22:52 -0800] "GET /blog/devlog-may-2011/ HTTP/1.1" 200 22727 "-" "Mozilla/5.0 (compatible; Googlebot/2.1; +http://www.google.com/bot.html)"
66.249.71.101 - - [07/Mar/2012:11:23:39 -0800] "GET /chennai/stage/2655/ HTTP/1.1" 404 142 "-" "Mozilla/5.0 (compatible; Googlebot/2.1; +http://www.google.com/bot.html)"
85.17.88.169 - - [07/Mar/2012:11:24:34 -0800] "POST /blog/wp-cron.php?doing_wp_cron=1331148222 HTTP/1.0" 499 0 "-" "WordPress/3.3.1; http://yuvi.in/blog"
209.85.224.87 - - [07/Mar/2012:11:24:35 -0800] "GET /blog/feed HTTP/1.1" 304 0 "-" "FeedBurner/1.0 (http://www.FeedBurner.com)"
66.249.71.101 - - [07/Mar/2012:11:24:36 -0800] "GET /chennai/stage/2656/ HTTP/1.1" 404 142 "-" "Mozilla/5.0 (compatible; Googlebot/2.1; +http://www.google.com/bot.html)"
66.249.71.101 - - [07/Mar/2012:11:25:33 -0800] "GET /chennai/stage/2657/ HTTP/1.1" 404 142 "-" "Mozilla/5.0 (compatible; Googlebot/2.1; +http://www.google.com/bot.html)"
66.249.71.101 - - [07/Mar/2012:11:33:12 -0800] "GET /chennai/stage/2648/ HTTP/1.1" 404 142 "-" "Mozilla/5.0 (compatible; Googlebot/2.1; +http://www.google.com/bot.html)"
66.249.71.101 - - [07/Mar/2012:11:33:42 -0800] "GET /chennai/stage/2659/ HTTP/1.1" 404 142 "-" "Mozilla/5.0 (compatible; Googlebot/2.1; +http://www.google.com/bot.html)"
87.233.206.102 - - [07/Mar/2012:11:34:24 -0800] "HEAD /r/bvj HTTP/1.1" 301 0 "-" "python-requests/0.8.1"
87.233.206.102 - - [07/Mar/2012:11:34:25 -0800] "HEAD /s/ta/bvj/ HTTP/1.1" 302 0 "-" "python-requests/0.8.1"
66.249.71.101 - - [07/Mar/2012:11:34:29 -0800] "GET /chennai/stage/2660/ HTTP/1.1" 404 142 "-" "Mozilla/5.0 (compatible; Googlebot/2.1; +http://www.google.com/bot.html)"
85.17.88.169 - - [07/Mar/2012:11:34:32 -0800] "POST /blog/wp-cron.php?doing_wp_cron=1331148820 HTTP/1.0" 499 0 "-" "WordPress/3.3.1; http://yuvi.in/blog"
189.85.16.82 - - [07/Mar/2012:11:34:33 -0800] "GET /blog/category/devlog/ HTTP/1.1" 200 43123 "-" "Mozilla/5.0 (compatible; Googlebot/2.1; +http://www.google.com/bot.html)"
85.17.88.169 - - [07/Mar/2012:11:35:04 -0800] "POST /blog/wp-cron.php?doing_wp_cron=1331148851 HTTP/1.0" 499 0 "-" "WordPress/3.3.1; http://yuvi.in/blog"
208.115.113.84 - - [07/Mar/2012:11:35:04 -0800] "GET /blog/devlog-december-5-2011/feed/ HTTP/1.1" 200 1135 "-" "Mozilla/5.0 (compatible; Ezooms/1.0; ezooms.bot@gmail.com)"
209.85.224.87 - - [07/Mar/2012:11:35:08 -0800] "GET /stories/feed HTTP/1.1" 200 13653 "-" "FeedBurner/1.0 (http://www.FeedBurner.com)"
85.17.88.169 - - [07/Mar/2012:11:35:12 -0800] "POST /blog/wp-cron.php?doing_wp_cron=1331148860 HTTP/1.0" 499 0 "-" "WordPress/3.3.1; http://yuvi.in/blog"
208.115.113.84 - - [07/Mar/2012:11:35:13 -0800] "GET /blog/tag/js/feed/ HTTP/1.1" 200 3566 "-" "Mozilla/5.0 (compatible; Ezooms/1.0; ezooms.bot@gmail.com)"
66.249.71.101 - - [07/Mar/2012:11:35:15 -0800] "GET /chennai/stage/2661/ HTTP/1.1" 404 142 "-" "Mozilla/5.0 (compatible; Googlebot/2.1; +http://www.google.com/bot.html)"
208.115.113.84 - - [07/Mar/2012:11:35:19 -0800] "GET /blog/tag/life.html HTTP/1.1" 200 9118 "-" "Mozilla/5.0 (compatible; Ezooms/1.0; ezooms.bot@gmail.com)"
85.17.88.169 - - [07/Mar/2012:11:35:23 -0800] "POST /blog/wp-cron.php?doing_wp_cron=1331148870 HTTP/1.0" 499 0 "-" "WordPress/3.3.1; http://yuvi.in/blog"
208.115.113.84 - - [07/Mar/2012:11:35:23 -0800] "GET /blog/tag/photography/feed/ HTTP/1.1" 200 13982 "-" "Mozilla/5.0 (compatible; Ezooms/1.0; ezooms.bot@gmail.com)"
85.17.88.169 - - [07/Mar/2012:11:35:29 -0800] "POST /blog/wp-cron.php?doing_wp_cron=1331148877 HTTP/1.0" 499 0 "-" "WordPress/3.3.1; http://yuvi.in/blog"
208.115.113.84 - - [07/Mar/2012:11:35:30 -0800] "GET /blog/2011/10/ HTTP/1.1" 200 17104 "-" "Mozilla/5.0 (compatible; Ezooms/1.0; ezooms.bot@gmail.com)"
66.249.71.101 - - [07/Mar/2012:11:36:01 -0800] "GET /chennai/stage/2662/ HTTP/1.1" 404 142 "-" "Mozilla/5.0 (compatible; Googlebot/2.1; +http://www.google.com/bot.html)"
66.249.71.101 - - [07/Mar/2012:11:36:48 -0800] "GET /chennai/stage/2669/ HTTP/1.1" 404 142 "-" "Mozilla/5.0 (compatible; Googlebot/2.1; +http://www.google.com/bot.html)"
66.249.71.101 - - [07/Mar/2012:11:37:35 -0800] "GET /chennai/stage/2670/ HTTP/1.1" 404 142 "-" "Mozilla/5.0 (compatible; Googlebot/2.1; +http://www.google.com/bot.html)"
66.249.71.101 - - [07/Mar/2012:11:38:22 -0800] "GET /chennai/stage/2671/ HTTP/1.1" 404 142 "-" "Mozilla/5.0 (compatible; Googlebot/2.1; +http://www.google.com/bot.html)"
207.46.204.217 - - [07/Mar/2012:11:38:31 -0800] "-" 400 0 "-" "-"
207.46.204.217 - - [07/Mar/2012:11:38:33 -0800] "-" 400 0 "-" "-"
207.46.204.217 - - [07/Mar/2012:11:38:35 -0800] "-" 400 0 "-" "-"
207.46.204.217 - - [07/Mar/2012:11:38:35 -0800] "-" 400 0 "-" "-"
207.46.204.217 - - [07/Mar/2012:11:38:38 -0800] "-" 400 0 "-" "-"
207.46.204.217 - - [07/Mar/2012:11:38:38 -0800] "-" 400 0 "-" "-"
207.46.204.217 - - [07/Mar/2012:11:38:39 -0800] "-" 400 0 "-" "-"
207.46.204.217 - - [07/Mar/2012:11:38:40 -0800] "-" 400 0 "-" "-"
207.46.204.217 - - [07/Mar/2012:11:38:40 -0800] "-" 400 0 "-" "-"
207.46.204.217 - - [07/Mar/2012:11:38:40 -0800] "-" 400 0 "-" "-"
207.46.204.217 - - [07/Mar/2012:11:39:01 -0800] "-" 400 0 "-" "-"
66.249.71.101 - - [07/Mar/2012:11:39:09 -0800] "GET /chennai/stage/2696/ HTTP/1.1" 404 142 "-" "Mozilla/5.0 (compatible; Googlebot/2.1; +http://www.google.com/bot.html)"
66.249.71.101 - - [07/Mar/2012:11:39:56 -0800] "GET /chennai/stage/2697/ HTTP/1.1" 404 142 "-" "Mozilla/5.0 (compatible; Googlebot/2.1; +http://www.google.com/bot.html)"
66.249.71.101 - - [07/Mar/2012:11:40:44 -0800] "GET /chennai/stage/2698/ HTTP/1.1" 404 142 "-" "Mozilla/5.0 (compatible; Googlebot/2.1; +http://www.google.com/bot.html)"
157.55.112.207 - - [07/Mar/2012:11:40:46 -0800] "-" 400 0 "-" "-"
157.55.112.207 - - [07/Mar/2012:11:40:47 -0800] "-" 400 0 "-" "-"
157.55.112.207 - - [07/Mar/2012:11:40:47 -0800] "-" 400 0 "-" "-"
157.55.112.207 - - [07/Mar/2012:11:40:48 -0800] "-" 400 0 "-" "-"
157.55.112.207 - - [07/Mar/2012:11:40:48 -0800] "-" 400 0 "-" "-"
157.55.112.207 - - [07/Mar/2012:11:40:48 -0800] "-" 400 0 "-" "-"
157.55.112.207 - - [07/Mar/2012:11:40:48 -0800] "-" 400 0 "-" "-"
157.55.112.207 - - [07/Mar/2012:11:40:48 -0800] "-" 400 0 "-" "-"
157.55.112.207 - - [07/Mar/2012:11:40:48 -0800] "-" 400 0 "-" "-"
157.55.112.207 - - [07/Mar/2012:11:40:48 -0800] "-" 400 0 "-" "-"
157.55.112.207 - - [07/Mar/2012:11:41:11 -0800] "-" 400 0 "-" "-"
66.249.71.101 - - [07/Mar/2012:11:41:31 -0800] "GET /chennai/stage/2699/ HTTP/1.1" 404 142 "-" "Mozilla/5.0 (compatible; Googlebot/2.1; +http://www.google.com/bot.html)"
66.249.71.101 - - [07/Mar/2012:11:42:19 -0800] "GET /chennai/stage/2701/ HTTP/1.1" 404 142 "-" "Mozilla/5.0 (compatible; Googlebot/2.1; +http://www.google.com/bot.html)"
66.249.71.101 - - [07/Mar/2012:11:43:07 -0800] "GET /chennai/stage/2702/ HTTP/1.1" 404 142 "-" "Mozilla/5.0 (compatible; Googlebot/2.1; +http://www.google.com/bot.html)"
66.249.71.101 - - [07/Mar/2012:11:43:56 -0800] "GET /chennai/stage/2704/ HTTP/1.1" 404 142 "-" "Mozilla/5.0 (compatible; Googlebot/2.1; +http://www.google.com/bot.html)"
66.249.71.101 - - [07/Mar/2012:11:44:44 -0800] "GET /chennai/stage/2705/ HTTP/1.1" 404 142 "-" "Mozilla/5.0 (compatible; Googlebot/2.1; +http://www.google.com/bot.html)"
66.249.71.101 - - [07/Mar/2012:11:45:33 -0800] "GET /chennai/stage/2706/ HTTP/1.1" 404 142 "-" "Mozilla/5.0 (compatible; Googlebot/2.1; +http://www.google.com/bot.html)"
208.115.111.68 - - [07/Mar/2012:11:45:46 -0800] "GET /robots.txt HTTP/1.1" 404 169 "-" "Mozilla/5.0 (compatible; Ezooms/1.0; ezooms.bot@gmail.com)"
85.23.163.244 - - [07/Mar/2012:11:45:51 -0800] "GET /robots.txt HTTP/1.0" 404 169 "-" "Mozilla/5.0 (compatible; MJ12bot/v1.4.2; http://www.majestic12.co.uk/bot.php?+)"
85.23.163.244 - - [07/Mar/2012:11:45:54 -0800] "GET /blog/devlog-jan-2011.html HTTP/1.0" 200 10437 "-" "Mozilla/5.0 (compatible; MJ12bot/v1.4.2; http://www.majestic12.co.uk/bot.php?+)"
207.46.204.164 - - [07/Mar/2012:11:45:56 -0800] "-" 400 0 "-" "-"
207.46.204.164 - - [07/Mar/2012:11:45:59 -0800] "-" 400 0 "-" "-"
207.46.204.164 - - [07/Mar/2012:11:46:01 -0800] "-" 400 0 "-" "-"
207.46.204.164 - - [07/Mar/2012:11:46:01 -0800] "-" 400 0 "-" "-"
207.46.204.164 - - [07/Mar/2012:11:46:01 -0800] "-" 400 0 "-" "-"
85.23.163.244 - - [07/Mar/2012:11:46:01 -0800] "GET /blog/enthusiastic-teachers-and-naive-implementation-of-gauss-seidel-approximations.html HTTP/1.0" 200 6947 "-" "Mozilla/5.0 (compatible; MJ12bot/v1.4.2; http://www.majestic12.co.uk/bot.php?+)"
207.46.204.164 - - [07/Mar/2012:11:46:01 -0800] "-" 400 0 "-" "-"
207.46.204.164 - - [07/Mar/2012:11:46:02 -0800] "-" 400 0 "-" "-"
207.46.204.164 - - [07/Mar/2012:11:46:02 -0800] "-" 400 0 "-" "-"
207.46.204.164 - - [07/Mar/2012:11:46:02 -0800] "-" 400 0 "-" "-"
85.23.163.244 - - [07/Mar/2012:11:46:04 -0800] "GET /blog/functional-programming-geekweekend-at-thoughtworks.html HTTP/1.0" 200 9313 "-" "Mozilla/5.0 (compatible; MJ12bot/v1.4.2; http://www.majestic12.co.uk/bot.php?+)"
85.23.163.244 - - [07/Mar/2012:11:46:09 -0800] "GET /blog/nen-first-dot-2010-what-i-learnt.html HTTP/1.0" 200 8854 "-" "Mozilla/5.0 (compatible; MJ12bot/v1.4.2; http://www.majestic12.co.uk/bot.php?+)"
85.23.163.244 - - [07/Mar/2012:11:46:13 -0800] "GET /blog/serendipity.html HTTP/1.0" 200 5833 "-" "Mozilla/5.0 (compatible; MJ12bot/v1.4.2; http://www.majestic12.co.uk/bot.php?+)"
94.43.107.115 - - [07/Mar/2012:11:46:22 -0800] "GET /r/2arq HTTP/1.1" 301 257 "http://ta.wikipedia.org/wiki/1915_%E0%AE%9A%E0%AE%BF%E0%AE%99%E0%AF%8D%E0%AE%95%E0%AE%B3-%E0%AE%AE%E0%AF%81%E0%AE%B8%E0%AF%8D%E0%AE%B2%E0%AE%BF%E0%AE%AE%E0%AF%8D_%E0%AE%95%E0%AE%B2%E0%AE%B5%E0%AE%B0%E0%AE%AE%E0%AF%8D" "Mozilla/5.0 (Windows NT 6.1) AppleWebKit/535.11 (KHTML, like Gecko) Chrome/17.0.963.56 Safari/535.11"
66.249.71.101 - - [07/Mar/2012:11:46:23 -0800] "GET /chennai/stage/2709/ HTTP/1.1" 404 142 "-" "Mozilla/5.0 (compatible; Googlebot/2.1; +http://www.google.com/bot.html)"
94.43.107.115 - - [07/Mar/2012:11:46:23 -0800] "GET /s/ta/2arq/ HTTP/1.1" 302 523 "http://ta.wikipedia.org/wiki/1915_%E0%AE%9A%E0%AE%BF%E0%AE%99%E0%AF%8D%E0%AE%95%E0%AE%B3-%E0%AE%AE%E0%AF%81%E0%AE%B8%E0%AF%8D%E0%AE%B2%E0%AE%BF%E0%AE%AE%E0%AF%8D_%E0%AE%95%E0%AE%B2%E0%AE%B5%E0%AE%B0%E0%AE%AE%E0%AF%8D" "Mozilla/5.0 (Windows NT 6.1) AppleWebKit/535.11 (KHTML, like Gecko) Chrome/17.0.963.56 Safari/535.11"
66.249.71.101 - - [07/Mar/2012:11:47:12 -0800] "GET /chennai/stage/2710/ HTTP/1.1" 404 142 "-" "Mozilla/5.0 (compatible; Googlebot/2.1; +http://www.google.com/bot.html)"
117.197.196.233 - - [07/Mar/2012:11:47:59 -0800] "GET /r/i50 HTTP/1.1" 301 255 "http://ta.wikipedia.org/wiki/%E0%AE%85%E0%AE%A9%E0%AF%88%E0%AE%A4%E0%AF%8D%E0%AE%A4%E0%AF%81%E0%AE%B2%E0%AE%95_%E0%AE%AA%E0%AF%86%E0%AE%A3%E0%AF%8D%E0%AE%95%E0%AE%B3%E0%AF%8D_%E0%AE%A8%E0%AE%BE%E0%AE%B3%E0%AF%8D" "Mozilla/5.0 (Windows NT 6.1; WOW64) AppleWebKit/535.11 (KHTML, like Gecko) Chrome/17.0.963.56 Safari/535.11"
117.197.196.233 - - [07/Mar/2012:11:48:00 -0800] "GET /s/ta/i50/ HTTP/1.1" 302 513 "http://ta.wikipedia.org/wiki/%E0%AE%85%E0%AE%A9%E0%AF%88%E0%AE%A4%E0%AF%8D%E0%AE%A4%E0%AF%81%E0%AE%B2%E0%AE%95_%E0%AE%AA%E0%AF%86%E0%AE%A3%E0%AF%8D%E0%AE%95%E0%AE%B3%E0%AF%8D_%E0%AE%A8%E0%AE%BE%E0%AE%B3%E0%AF%8D" "Mozilla/5.0 (Windows NT 6.1; WOW64) AppleWebKit/535.11 (KHTML, like Gecko) Chrome/17.0.963.56 Safari/535.11"
107.22.28.92 - - [07/Mar/2012:11:48:49 -0800] "GET /r/bvj HTTP/1.1" 301 255 "-" "Mozilla/5.0 (Macintosh; Intel Mac OS X 10_6_6) AppleWebKit/534.24 (KHTML, like Gecko)"
107.22.28.92 - - [07/Mar/2012:11:48:49 -0800] "GET /s/ta/bvj/ HTTP/1.1" 302 581 "-" "Mozilla/5.0 (Macintosh; Intel Mac OS X 10_6_6) AppleWebKit/534.24 (KHTML, like Gecko)"
207.46.204.169 - - [07/Mar/2012:11:48:52 -0800] "-" 400 0 "-" "-"
207.46.204.169 - - [07/Mar/2012:11:48:54 -0800] "-" 400 0 "-" "-"
207.46.204.169 - - [07/Mar/2012:11:48:54 -0800] "-" 400 0 "-" "-"
207.46.204.169 - - [07/Mar/2012:11:48:54 -0800] "-" 400 0 "-" "-"
207.46.204.169 - - [07/Mar/2012:11:48:55 -0800] "-" 400 0 "-" "-"
207.46.204.169 - - [07/Mar/2012:11:48:55 -0800] "-" 400 0 "-" "-"
207.46.204.169 - - [07/Mar/2012:11:48:55 -0800] "-" 400 0 "-" "-"
207.46.204.169 - - [07/Mar/2012:11:48:56 -0800] "-" 400 0 "-" "-"
207.46.204.169 - - [07/Mar/2012:11:48:57 -0800] "-" 400 0 "-" "-"
207.46.204.169 - - [07/Mar/2012:11:49:21 -0800] "-" 400 0 "-" "-"
85.17.88.169 - - [07/Mar/2012:11:50:34 -0800] "POST /blog/wp-cron.php?doing_wp_cron=1331149782 HTTP/1.0" 499 0 "-" "WordPress/3.3.1; http://yuvi.in/blog"
120.62.169.120 - - [07/Mar/2012:11:50:35 -0800] "GET /blog/infosys-tcs-or-wipro-none/ HTTP/1.1" 200 7078 "http://www.google.co.in/url?sa=t&rct=j&q=anuvrat%20parashar&source=web&cd=7&ved=0CE8QFjAG&url=http%3A%2F%2Fyuvi.in%2Fblog%2Finfosys-tcs-or-wipro-none%2F&ei=xLtXT5idBYLUrQff1dz5Cw&usg=AFQjCNFFymVRTHm740-I9A4VqJxKWQnZng" "Mozilla/5.0 (X11; Ubuntu; Linux i686; rv:10.0.2) Gecko/20100101 Firefox/10.0.2"
120.62.169.120 - - [07/Mar/2012:11:50:35 -0800] "GET /blog/wp-content/themes/cleanr/style.css HTTP/1.1" 200 10508 "http://yuvi.in/blog/infosys-tcs-or-wipro-none/" "Mozilla/5.0 (X11; Ubuntu; Linux i686; rv:10.0.2) Gecko/20100101 Firefox/10.0.2"
