72.14.199.121 - - [05/Mar/2012:17:46:45 -0800] "GET /blog/feed/ HTTP/1.1" 304 0 "-" "Feedfetcher-Google; (+http://www.google.com/feedfetcher.html; 18 subscribers; feed-id=15064232456473204253)"
122.178.230.78 - - [05/Mar/2012:17:47:22 -0800] "GET / HTTP/1.1" 200 1430 "-" "Reeder/1.5.4 CFNetwork/548.0.4 Darwin/11.0.0"
122.178.230.78 - - [05/Mar/2012:17:47:23 -0800] "GET /favicon.ico HTTP/1.1" 404 142 "-" "Reeder/1.5.4 CFNetwork/548.0.4 Darwin/11.0.0"
122.178.230.78 - - [05/Mar/2012:17:47:23 -0800] "GET / HTTP/1.1" 200 1430 "-" "Reeder/1.5.4 CFNetwork/548.0.4 Darwin/11.0.0"
122.178.230.78 - - [05/Mar/2012:17:47:23 -0800] "GET /apple-touch-icon.png HTTP/1.1" 404 142 "-" "Reeder/1.5.4 CFNetwork/548.0.4 Darwin/11.0.0"
122.178.230.78 - - [05/Mar/2012:17:47:23 -0800] "GET /apple-touch-icon-precomposed.png HTTP/1.1" 404 142 "-" "Reeder/1.5.4 CFNetwork/548.0.4 Darwin/11.0.0"
85.17.88.169 - - [05/Mar/2012:17:52:38 -0800] "POST /blog/wp-cron.php?doing_wp_cron=1330998719 HTTP/1.0" 499 0 "-" "WordPress/3.3.1; http://yuvi.in/blog"
207.46.13.96 - - [05/Mar/2012:17:52:39 -0800] "GET /blog/ HTTP/1.1" 200 15290 "-" "Mozilla/5.0 (compatible; bingbot/2.0; +http://www.bing.com/bingbot.htm)"
100.43.83.144 - - [05/Mar/2012:17:53:25 -0800] "GET /blog/things-i-need-time-to-do.html HTTP/1.1" 200 2509 "-" "Mozilla/5.0 (compatible; YandexBot/3.0; +http://yandex.com/bots)"
115.184.60.20 - - [05/Mar/2012:17:59:59 -0800] "-" 400 0 "-" "-"
184.174.128.30 - - [05/Mar/2012:18:01:53 -0800] "-" 400 0 "-" "-"
85.17.88.169 - - [05/Mar/2012:18:02:50 -0800] "POST /blog/wp-cron.php?doing_wp_cron=1330999331 HTTP/1.0" 499 0 "-" "WordPress/3.3.1; http://yuvi.in/blog"
201.30.177.130 - - [05/Mar/2012:18:02:51 -0800] "GET /blog/tag/code/ HTTP/1.0" 200 29624 "-" "Mozilla/5.0 (compatible; Googlebot/2.1; +http://www.google.com/bot.html)"
173.242.125.206 - - [05/Mar/2012:18:03:05 -0800] "GET /robots.txt HTTP/1.0" 404 169 "-" "Mozilla/5.0 (compatible; MJ12bot/v1.4.2; http://www.majestic12.co.uk/bot.php?+)"
85.17.88.169 - - [05/Mar/2012:18:03:10 -0800] "POST /blog/wp-cron.php?doing_wp_cron=1330999351 HTTP/1.0" 499 0 "-" "WordPress/3.3.1; http://yuvi.in/blog"
173.242.125.206 - - [05/Mar/2012:18:03:11 -0800] "GET /blog/what-stop-child-athiest HTTP/1.0" 301 0 "-" "Mozilla/5.0 (compatible; MJ12bot/v1.4.2; http://www.majestic12.co.uk/bot.php?+)"
85.17.88.169 - - [05/Mar/2012:18:03:14 -0800] "POST /blog/wp-cron.php?doing_wp_cron=1330999355 HTTP/1.0" 499 0 "-" "WordPress/3.3.1; http://yuvi.in/blog"
173.242.125.206 - - [05/Mar/2012:18:03:15 -0800] "GET /blog/what-stop-child-athiest/ HTTP/1.0" 200 20877 "-" "Mozilla/5.0 (compatible; MJ12bot/v1.4.2; http://www.majestic12.co.uk/bot.php?+)"
157.55.112.207 - - [05/Mar/2012:18:07:48 -0800] "-" 400 0 "-" "-"
157.55.112.207 - - [05/Mar/2012:18:07:49 -0800] "-" 400 0 "-" "-"
157.55.112.207 - - [05/Mar/2012:18:07:50 -0800] "-" 400 0 "-" "-"
157.55.112.207 - - [05/Mar/2012:18:07:50 -0800] "-" 400 0 "-" "-"
157.55.112.207 - - [05/Mar/2012:18:07:51 -0800] "-" 400 0 "-" "-"
157.55.112.207 - - [05/Mar/2012:18:07:51 -0800] "-" 400 0 "-" "-"
157.55.112.207 - - [05/Mar/2012:18:07:51 -0800] "-" 400 0 "-" "-"
157.55.112.207 - - [05/Mar/2012:18:07:52 -0800] "-" 400 0 "-" "-"
157.55.112.207 - - [05/Mar/2012:18:07:52 -0800] "-" 400 0 "-" "-"
85.17.88.169 - - [05/Mar/2012:18:08:33 -0800] "POST /blog/wp-cron.php?doing_wp_cron=1330999675 HTTP/1.0" 499 0 "-" "WordPress/3.3.1; http://yuvi.in/blog"
209.85.224.83 - - [05/Mar/2012:18:08:34 -0800] "GET /blog/feed HTTP/1.1" 304 0 "-" "FeedBurner/1.0 (http://www.FeedBurner.com)"
85.17.88.169 - - [05/Mar/2012:18:12:12 -0800] "POST /blog/wp-cron.php?doing_wp_cron=1330999894 HTTP/1.0" 499 0 "-" "WordPress/3.3.1; http://yuvi.in/blog"
72.14.199.121 - - [05/Mar/2012:18:12:13 -0800] "GET /blog/feed HTTP/1.1" 301 0 "-" "Feedfetcher-Google; (+http://www.google.com/feedfetcher.html; 3 subscribers; feed-id=17684830852112633560)"
85.17.88.169 - - [05/Mar/2012:18:12:15 -0800] "POST /blog/wp-cron.php?doing_wp_cron=1330999896 HTTP/1.0" 499 0 "-" "WordPress/3.3.1; http://yuvi.in/blog"
72.14.199.121 - - [05/Mar/2012:18:12:15 -0800] "GET /blog/feed/ HTTP/1.1" 304 0 "-" "Feedfetcher-Google; (+http://www.google.com/feedfetcher.html; 3 subscribers; feed-id=17684830852112633560)"
207.46.204.166 - - [05/Mar/2012:18:12:30 -0800] "-" 400 0 "-" "-"
207.46.204.166 - - [05/Mar/2012:18:12:31 -0800] "-" 400 0 "-" "-"
207.46.204.166 - - [05/Mar/2012:18:12:31 -0800] "-" 400 0 "-" "-"
207.46.204.166 - - [05/Mar/2012:18:12:31 -0800] "-" 400 0 "-" "-"
207.46.204.166 - - [05/Mar/2012:18:12:31 -0800] "-" 400 0 "-" "-"
207.46.204.166 - - [05/Mar/2012:18:12:31 -0800] "-" 400 0 "-" "-"
207.46.204.166 - - [05/Mar/2012:18:12:31 -0800] "-" 400 0 "-" "-"
207.46.204.166 - - [05/Mar/2012:18:12:32 -0800] "-" 400 0 "-" "-"
207.46.204.166 - - [05/Mar/2012:18:12:32 -0800] "-" 400 0 "-" "-"
85.17.88.169 - - [05/Mar/2012:18:13:02 -0800] "POST /blog/wp-cron.php?doing_wp_cron=1330999943 HTTP/1.0" 499 0 "-" "WordPress/3.3.1; http://yuvi.in/blog"
213.186.127.13 - - [05/Mar/2012:18:13:03 -0800] "GET /blog/gstreamer-101-at-gnome-asia-2011/ HTTP/1.1" 200 4540 "-" "Mozilla/5.0 (compatible; AhrefsBot/2.0; +http://ahrefs.com/robot/)"
14.194.146.216 - - [05/Mar/2012:18:13:20 -0800] "-" 400 0 "-" "-"
14.194.146.216 - - [05/Mar/2012:18:13:20 -0800] "-" 400 0 "-" "-"
141.0.10.70 - - [05/Mar/2012:18:14:27 -0800] "-" 400 0 "-" "-"
119.63.196.23 - - [05/Mar/2012:18:14:35 -0800] "GET / HTTP/1.1" 200 3439 "-" "Mozilla/5.0 (compatible; Baiduspider/2.0; +http://www.baidu.com/search/spider.html)"
85.17.88.169 - - [05/Mar/2012:18:15:40 -0800] "POST /blog/wp-cron.php?doing_wp_cron=1331000101 HTTP/1.0" 499 0 "-" "WordPress/3.3.1; http://yuvi.in/blog"
189.78.93.119 - - [05/Mar/2012:18:15:41 -0800] "GET /blog/category/devlog/ HTTP/1.1" 200 43130 "-" "Mozilla/5.0 (compatible; Googlebot/2.1; +http://www.google.com/bot.html)"
180.76.5.92 - - [05/Mar/2012:18:17:07 -0800] "GET / HTTP/1.1" 304 0 "-" "Mozilla/5.0 (compatible; Baiduspider/2.0; +http://www.baidu.com/search/spider.html)"
14.194.146.216 - - [05/Mar/2012:18:19:17 -0800] "-" 400 0 "-" "-"
117.193.153.103 - - [05/Mar/2012:18:20:09 -0800] "-" 400 0 "-" "-"
207.46.204.212 - - [05/Mar/2012:18:21:45 -0800] "-" 400 0 "-" "-"
207.46.204.212 - - [05/Mar/2012:18:21:45 -0800] "-" 400 0 "-" "-"
207.46.204.212 - - [05/Mar/2012:18:21:45 -0800] "-" 400 0 "-" "-"
207.46.204.212 - - [05/Mar/2012:18:21:45 -0800] "-" 400 0 "-" "-"
207.46.204.212 - - [05/Mar/2012:18:21:45 -0800] "-" 400 0 "-" "-"
207.46.204.212 - - [05/Mar/2012:18:21:46 -0800] "-" 400 0 "-" "-"
207.46.204.212 - - [05/Mar/2012:18:21:46 -0800] "-" 400 0 "-" "-"
207.46.204.212 - - [05/Mar/2012:18:21:46 -0800] "-" 400 0 "-" "-"
207.46.204.212 - - [05/Mar/2012:18:21:46 -0800] "-" 400 0 "-" "-"
207.46.204.212 - - [05/Mar/2012:18:21:46 -0800] "-" 400 0 "-" "-"
207.46.204.212 - - [05/Mar/2012:18:22:04 -0800] "-" 400 0 "-" "-"
66.249.71.116 - - [05/Mar/2012:18:22:15 -0800] "GET /robots.txt HTTP/1.1" 404 211 "-" "Mozilla/5.0 (compatible; Googlebot/2.1; +http://www.google.com/bot.html)"
66.249.71.116 - - [05/Mar/2012:18:22:15 -0800] "GET /r/12mx HTTP/1.1" 301 257 "-" "Mozilla/5.0 (compatible; Googlebot/2.1; +http://www.google.com/bot.html)"
207.46.12.70 - - [05/Mar/2012:18:22:16 -0800] "-" 400 0 "-" "-"
207.46.12.70 - - [05/Mar/2012:18:22:16 -0800] "-" 400 0 "-" "-"
207.46.12.70 - - [05/Mar/2012:18:22:16 -0800] "-" 400 0 "-" "-"
207.46.12.70 - - [05/Mar/2012:18:22:16 -0800] "-" 400 0 "-" "-"
207.46.12.70 - - [05/Mar/2012:18:22:16 -0800] "-" 400 0 "-" "-"
207.46.12.70 - - [05/Mar/2012:18:22:16 -0800] "-" 400 0 "-" "-"
207.46.12.70 - - [05/Mar/2012:18:22:16 -0800] "-" 400 0 "-" "-"
207.46.12.70 - - [05/Mar/2012:18:22:16 -0800] "-" 400 0 "-" "-"
207.46.12.70 - - [05/Mar/2012:18:22:16 -0800] "-" 400 0 "-" "-"
66.249.71.116 - - [05/Mar/2012:18:22:16 -0800] "GET /s/ta/12mx/ HTTP/1.1" 302 397 "-" "Mozilla/5.0 (compatible; Googlebot/2.1; +http://www.google.com/bot.html)"
67.188.133.158 - - [05/Mar/2012:18:22:24 -0800] "GET / HTTP/1.1" 200 1430 "-" "Reeder/1.5.4 CFNetwork/548.0.4 Darwin/11.0.0"
67.188.133.158 - - [05/Mar/2012:18:22:24 -0800] "GET /favicon.ico HTTP/1.1" 404 142 "-" "Reeder/1.5.4 CFNetwork/548.0.4 Darwin/11.0.0"
67.188.133.158 - - [05/Mar/2012:18:22:24 -0800] "GET / HTTP/1.1" 200 1430 "-" "Reeder/1.5.4 CFNetwork/548.0.4 Darwin/11.0.0"
67.188.133.158 - - [05/Mar/2012:18:22:24 -0800] "GET /apple-touch-icon.png HTTP/1.1" 404 142 "-" "Reeder/1.5.4 CFNetwork/548.0.4 Darwin/11.0.0"
67.188.133.158 - - [05/Mar/2012:18:22:24 -0800] "GET /apple-touch-icon-precomposed.png HTTP/1.1" 404 142 "-" "Reeder/1.5.4 CFNetwork/548.0.4 Darwin/11.0.0"
207.46.12.70 - - [05/Mar/2012:18:22:59 -0800] "-" 400 0 "-" "-"
207.46.12.70 - - [05/Mar/2012:18:23:00 -0800] "-" 400 0 "-" "-"
117.193.159.73 - - [05/Mar/2012:18:23:23 -0800] "-" 400 0 "-" "-"
117.193.159.73 - - [05/Mar/2012:18:23:43 -0800] "-" 400 0 "-" "-"
85.17.88.169 - - [05/Mar/2012:18:24:39 -0800] "POST /blog/wp-cron.php?doing_wp_cron=1331000640 HTTP/1.0" 499 0 "-" "WordPress/3.3.1; http://yuvi.in/blog"
66.249.71.97 - - [05/Mar/2012:18:24:39 -0800] "GET /blog/working-big-co-unsatisfying/ HTTP/1.1" 200 5422 "-" "Mozilla/5.0 (compatible; Googlebot/2.1; +http://www.google.com/bot.html)"
27.251.38.178 - - [05/Mar/2012:18:24:43 -0800] "-" 400 0 "-" "-"
178.25.230.211 - - [05/Mar/2012:18:30:56 -0800] "GET /robots.txt HTTP/1.0" 404 169 "-" "Mozilla/5.0 (compatible; MJ12bot/v1.4.2; http://www.majestic12.co.uk/bot.php?+)"
85.17.88.169 - - [05/Mar/2012:18:31:00 -0800] "POST /blog/wp-cron.php?doing_wp_cron=1331001021 HTTP/1.0" 499 0 "-" "WordPress/3.3.1; http://yuvi.in/blog"
178.25.230.211 - - [05/Mar/2012:18:31:00 -0800] "GET /blog/story-average-indian-techie HTTP/1.1" 301 0 "-" "Mozilla/5.0 (compatible; MJ12bot/v1.4.2; http://www.majestic12.co.uk/bot.php?+)"
85.17.88.169 - - [05/Mar/2012:18:31:04 -0800] "POST /blog/wp-cron.php?doing_wp_cron=1331001025 HTTP/1.0" 499 0 "-" "WordPress/3.3.1; http://yuvi.in/blog"
178.25.230.211 - - [05/Mar/2012:18:31:05 -0800] "GET /blog/story-average-indian-techie/ HTTP/1.1" 200 54177 "-" "Mozilla/5.0 (compatible; MJ12bot/v1.4.2; http://www.majestic12.co.uk/bot.php?+)"
209.85.224.98 - - [05/Mar/2012:18:33:05 -0800] "GET /stories/feed HTTP/1.1" 200 13653 "-" "FeedBurner/1.0 (http://www.FeedBurner.com)"
85.17.88.169 - - [05/Mar/2012:18:33:17 -0800] "POST /blog/wp-cron.php?doing_wp_cron=1331001158 HTTP/1.0" 499 0 "-" "WordPress/3.3.1; http://yuvi.in/blog"
100.43.83.144 - - [05/Mar/2012:18:33:17 -0800] "GET /blog/3-reasons-people-join-it-companies/ HTTP/1.1" 200 5572 "-" "Mozilla/5.0 (compatible; YandexBot/3.0; +http://yandex.com/bots)"
85.17.88.169 - - [05/Mar/2012:18:33:22 -0800] "POST /blog/wp-cron.php?doing_wp_cron=1331001163 HTTP/1.0" 499 0 "-" "WordPress/3.3.1; http://yuvi.in/blog"
100.43.83.144 - - [05/Mar/2012:18:33:22 -0800] "GET /blog/moving-back-to-wordpress/ HTTP/1.1" 200 4947 "-" "Mozilla/5.0 (compatible; YandexBot/3.0; +http://yandex.com/bots)"
85.17.88.169 - - [05/Mar/2012:18:35:25 -0800] "POST /blog/wp-cron.php?doing_wp_cron=1331001286 HTTP/1.0" 499 0 "-" "WordPress/3.3.1; http://yuvi.in/blog"
96.234.0.238 - - [05/Mar/2012:18:35:25 -0800] "GET /blog/broke-nonexistent-law/ HTTP/1.1" 200 8778 "http://www.google.com/url?sa=t&rct=j&q=&esrc=s&source=web&cd=12&cts=1331001283509&ved=0CDkQFjABOAo&url=http%3A%2F%2Fyuvi.in%2Fblog%2Fbroke-nonexistent-law%2F&ei=sXdVT8r6OaT30gG28KmADg&usg=AFQjCNHAz7wr81eyab-KDhw2ABrew20p3g" "Mozilla/5.0 (Windows NT 6.1; rv:10.0.2) Gecko/20100101 Firefox/10.0.2"
96.234.0.238 - - [05/Mar/2012:18:35:26 -0800] "GET /blog/wp-content/themes/cleanr/js/jquery.dropdown.js?ver=3.3.1 HTTP/1.1" 200 535 "http://yuvi.in/blog/broke-nonexistent-law/" "Mozilla/5.0 (Windows NT 6.1; rv:10.0.2) Gecko/20100101 Firefox/10.0.2"
96.234.0.238 - - [05/Mar/2012:18:35:26 -0800] "GET /blog/wp-content/themes/cleanr/style.css HTTP/1.1" 200 10508 "http://yuvi.in/blog/broke-nonexistent-law/" "Mozilla/5.0 (Windows NT 6.1; rv:10.0.2) Gecko/20100101 Firefox/10.0.2"
96.234.0.238 - - [05/Mar/2012:18:35:27 -0800] "GET /blog/wp-content/themes/cleanr/css/reset.css HTTP/1.1" 200 648 "http://yuvi.in/blog/wp-content/themes/cleanr/style.css" "Mozilla/5.0 (Windows NT 6.1; rv:10.0.2) Gecko/20100101 Firefox/10.0.2"
96.234.0.238 - - [05/Mar/2012:18:35:27 -0800] "GET /blog/wp-content/themes/cleanr/css/text.css HTTP/1.1" 200 420 "http://yuvi.in/blog/wp-content/themes/cleanr/style.css" "Mozilla/5.0 (Windows NT 6.1; rv:10.0.2) Gecko/20100101 Firefox/10.0.2"
96.234.0.238 - - [05/Mar/2012:18:35:27 -0800] "GET /blog/wp-content/themes/cleanr/css/960.css HTTP/1.1" 200 3628 "http://yuvi.in/blog/wp-content/themes/cleanr/style.css" "Mozilla/5.0 (Windows NT 6.1; rv:10.0.2) Gecko/20100101 Firefox/10.0.2"
96.234.0.238 - - [05/Mar/2012:18:35:27 -0800] "GET /blog/wp-includes/js/jquery/jquery.js?ver=1.7.1 HTTP/1.1" 200 93889 "http://yuvi.in/blog/broke-nonexistent-law/" "Mozilla/5.0 (Windows NT 6.1; rv:10.0.2) Gecko/20100101 Firefox/10.0.2"
96.234.0.238 - - [05/Mar/2012:18:35:28 -0800] "GET /blog/wp-content/themes/cleanr/images/search_magnifier.gif HTTP/1.1" 200 394 "http://yuvi.in/blog/broke-nonexistent-law/" "Mozilla/5.0 (Windows NT 6.1; rv:10.0.2) Gecko/20100101 Firefox/10.0.2"
96.234.0.238 - - [05/Mar/2012:18:35:29 -0800] "GET /favicon.ico HTTP/1.1" 404 142 "-" "Mozilla/5.0 (Windows NT 6.1; rv:10.0.2) Gecko/20100101 Firefox/10.0.2"
96.234.0.238 - - [05/Mar/2012:18:35:29 -0800] "GET /favicon.ico HTTP/1.1" 404 142 "-" "Mozilla/5.0 (Windows NT 6.1; rv:10.0.2) Gecko/20100101 Firefox/10.0.2"
96.234.0.238 - - [05/Mar/2012:18:35:30 -0800] "GET /favicon.ico HTTP/1.1" 404 142 "-" "Mozilla/5.0 (Windows NT 6.1; rv:10.0.2) Gecko/20100101 Firefox/10.0.2"
85.17.88.169 - - [05/Mar/2012:18:35:33 -0800] "POST /blog/wp-cron.php?doing_wp_cron=1331001294 HTTP/1.0" 499 0 "-" "WordPress/3.3.1; http://yuvi.in/blog"
96.234.0.238 - - [05/Mar/2012:18:35:33 -0800] "GET /blog/broke-nonexistent-law/?cf_action=sync_comments&post_id=132 HTTP/1.1" 200 48 "http://yuvi.in/blog/broke-nonexistent-law/" "Mozilla/5.0 (Windows NT 6.1; rv:10.0.2) Gecko/20100101 Firefox/10.0.2"
65.52.108.66 - - [05/Mar/2012:18:35:49 -0800] "GET / HTTP/1.1" 404 211 "-" "Mozilla/5.0 (compatible; bingbot/2.0; +http://www.bing.com/bingbot.htm)"
213.186.127.13 - - [05/Mar/2012:18:37:57 -0800] "GET /s/ta/2rvk/ HTTP/1.1" 302 603 "-" "Mozilla/5.0 (compatible; AhrefsBot/2.0; +http://ahrefs.com/robot/)"
85.17.88.169 - - [05/Mar/2012:18:38:02 -0800] "POST /blog/wp-cron.php?doing_wp_cron=1331001443 HTTP/1.0" 499 0 "-" "WordPress/3.3.1; http://yuvi.in/blog"
101.226.33.190 - - [05/Mar/2012:18:38:03 -0800] "GET /blog/feed HTTP/1.0" 304 0 "-" "Mozilla/4.0 (compatible; Windows;)"
209.85.224.96 - - [05/Mar/2012:18:38:42 -0800] "GET /blog/feed HTTP/1.1" 304 0 "-" "FeedBurner/1.0 (http://www.FeedBurner.com)"
207.46.12.71 - - [05/Mar/2012:18:38:43 -0800] "-" 400 0 "-" "-"
207.46.12.71 - - [05/Mar/2012:18:38:43 -0800] "-" 400 0 "-" "-"
207.46.12.71 - - [05/Mar/2012:18:38:43 -0800] "-" 400 0 "-" "-"
207.46.12.71 - - [05/Mar/2012:18:38:43 -0800] "-" 400 0 "-" "-"
207.46.12.71 - - [05/Mar/2012:18:38:43 -0800] "-" 400 0 "-" "-"
207.46.12.71 - - [05/Mar/2012:18:38:44 -0800] "-" 400 0 "-" "-"
207.46.12.71 - - [05/Mar/2012:18:38:44 -0800] "-" 400 0 "-" "-"
207.46.12.71 - - [05/Mar/2012:18:38:44 -0800] "-" 400 0 "-" "-"
113.193.119.243 - - [05/Mar/2012:18:39:13 -0800] "-" 400 0 "-" "-"
207.46.12.71 - - [05/Mar/2012:18:39:41 -0800] "-" 400 0 "-" "-"
207.46.12.71 - - [05/Mar/2012:18:39:42 -0800] "-" 400 0 "-" "-"
207.46.12.71 - - [05/Mar/2012:18:39:42 -0800] "-" 400 0 "-" "-"
50.112.18.12 - - [05/Mar/2012:18:44:43 -0800] "GET /r/1z5n HTTP/1.1" 301 257 "-" "Mozilla/4.0 (compatible; MSIE 8.0; Windows NT 6.0)"
50.112.18.12 - - [05/Mar/2012:18:44:43 -0800] "GET /s/ta/1z5n/ HTTP/1.1" 302 609 "-" "Mozilla/4.0 (compatible; MSIE 8.0; Windows NT 6.0)"
117.193.166.168 - - [05/Mar/2012:18:47:14 -0800] "-" 400 0 "-" "-"
66.249.71.116 - - [05/Mar/2012:18:47:44 -0800] "GET /r/ad0 HTTP/1.1" 301 255 "-" "Mozilla/5.0 (iPhone; U; CPU iPhone OS 4_1 like Mac OS X; en-us) AppleWebKit/532.9 (KHTML, like Gecko) Version/4.0.5 Mobile/8B117 Safari/6531.22.7 (compatible; Googlebot-Mobile/2.1; +http://www.google.com/bot.html)"
66.249.71.116 - - [05/Mar/2012:18:47:45 -0800] "GET /s/ta/ad0/ HTTP/1.1" 302 741 "-" "Mozilla/5.0 (iPhone; U; CPU iPhone OS 4_1 like Mac OS X; en-us) AppleWebKit/532.9 (KHTML, like Gecko) Version/4.0.5 Mobile/8B117 Safari/6531.22.7 (compatible; Googlebot-Mobile/2.1; +http://www.google.com/bot.html)"
85.17.88.169 - - [05/Mar/2012:18:47:45 -0800] "POST /blog/wp-cron.php?doing_wp_cron=1331002026 HTTP/1.0" 499 0 "-" "WordPress/3.3.1; http://yuvi.in/blog"
72.14.199.121 - - [05/Mar/2012:18:47:45 -0800] "GET /blog/feed/ HTTP/1.1" 304 0 "-" "Feedfetcher-Google; (+http://www.google.com/feedfetcher.html; 18 subscribers; feed-id=15064232456473204253)"
59.92.84.43 - - [05/Mar/2012:18:47:56 -0800] "-" 400 0 "-" "-"
85.17.88.169 - - [05/Mar/2012:18:48:09 -0800] "POST /blog/wp-cron.php?doing_wp_cron=1331002050 HTTP/1.0" 499 0 "-" "WordPress/3.3.1; http://yuvi.in/blog"
71.32.206.55 - - [05/Mar/2012:18:48:09 -0800] "GET /blog/favicon.ico HTTP/1.1" 404 3006 "-" "Mozilla/5.0 (Windows NT 5.1; rv:10.0.2) Gecko/20100101 Firefox/10.0.2"
85.17.88.169 - - [05/Mar/2012:18:51:05 -0800] "POST /blog/wp-cron.php?doing_wp_cron=1331002226 HTTP/1.0" 499 0 "-" "WordPress/3.3.1; http://yuvi.in/blog"
213.186.127.13 - - [05/Mar/2012:18:51:06 -0800] "GET /blog/2011/01/ HTTP/1.1" 200 7822 "-" "Mozilla/5.0 (compatible; AhrefsBot/2.0; +http://ahrefs.com/robot/)"
207.46.204.214 - - [05/Mar/2012:18:51:41 -0800] "-" 400 0 "-" "-"
207.46.204.214 - - [05/Mar/2012:18:51:45 -0800] "-" 400 0 "-" "-"
207.46.204.214 - - [05/Mar/2012:18:51:45 -0800] "-" 400 0 "-" "-"
207.46.204.214 - - [05/Mar/2012:18:51:45 -0800] "-" 400 0 "-" "-"
207.46.204.214 - - [05/Mar/2012:18:51:46 -0800] "-" 400 0 "-" "-"
207.46.204.214 - - [05/Mar/2012:18:51:46 -0800] "-" 400 0 "-" "-"
207.46.204.214 - - [05/Mar/2012:18:51:47 -0800] "-" 400 0 "-" "-"
207.46.204.214 - - [05/Mar/2012:18:51:47 -0800] "-" 400 0 "-" "-"
207.46.204.214 - - [05/Mar/2012:18:51:47 -0800] "-" 400 0 "-" "-"
207.46.204.214 - - [05/Mar/2012:18:51:47 -0800] "-" 400 0 "-" "-"
207.46.204.214 - - [05/Mar/2012:18:52:32 -0800] "-" 400 0 "-" "-"
207.46.204.216 - - [05/Mar/2012:18:53:18 -0800] "-" 400 0 "-" "-"
207.46.204.216 - - [05/Mar/2012:18:53:18 -0800] "-" 400 0 "-" "-"
207.46.204.216 - - [05/Mar/2012:18:53:19 -0800] "-" 400 0 "-" "-"
207.46.204.216 - - [05/Mar/2012:18:53:19 -0800] "-" 400 0 "-" "-"
207.46.204.216 - - [05/Mar/2012:18:53:19 -0800] "-" 400 0 "-" "-"
207.46.204.216 - - [05/Mar/2012:18:53:21 -0800] "-" 400 0 "-" "-"
207.46.204.216 - - [05/Mar/2012:18:53:21 -0800] "-" 400 0 "-" "-"
207.46.204.216 - - [05/Mar/2012:18:53:21 -0800] "-" 400 0 "-" "-"
207.46.204.216 - - [05/Mar/2012:18:54:11 -0800] "-" 400 0 "-" "-"
207.46.204.216 - - [05/Mar/2012:18:54:11 -0800] "-" 400 0 "-" "-"
207.46.204.216 - - [05/Mar/2012:18:54:11 -0800] "-" 400 0 "-" "-"
85.17.88.169 - - [05/Mar/2012:19:01:40 -0800] "POST /blog/wp-cron.php?doing_wp_cron=1331002861 HTTP/1.0" 499 0 "-" "WordPress/3.3.1; http://yuvi.in/blog"
66.135.57.47 - - [05/Mar/2012:19:01:41 -0800] "GET /blog/college-drop/ HTTP/1.0" 200 17744 "-" "Mozilla/5.0 (Windows; U; Windows NT 5.1; rv:1.7.3) Gecko/20041001 Firefox/0.10.1"
85.17.88.169 - - [05/Mar/2012:19:01:44 -0800] "POST /blog/wp-cron.php?doing_wp_cron=1331002865 HTTP/1.0" 499 0 "-" "WordPress/3.3.1; http://yuvi.in/blog"
66.135.57.47 - - [05/Mar/2012:19:01:44 -0800] "GET /blog/passing-headers-proxying-nginx/ HTTP/1.0" 200 16598 "-" "Mozilla/5.0 (Windows; U; Windows NT 5.1; rv:1.7.3) Gecko/20041001 Firefox/0.10.1"
85.17.88.169 - - [05/Mar/2012:19:01:47 -0800] "POST /blog/wp-cron.php?doing_wp_cron=1331002868 HTTP/1.0" 499 0 "-" "WordPress/3.3.1; http://yuvi.in/blog"
66.135.57.47 - - [05/Mar/2012:19:01:48 -0800] "GET /blog/program/ HTTP/1.0" 200 26353 "-" "Mozilla/5.0 (Windows; U; Windows NT 5.1; rv:1.7.3) Gecko/20041001 Firefox/0.10.1"
85.17.88.169 - - [05/Mar/2012:19:01:51 -0800] "POST /blog/wp-cron.php?doing_wp_cron=1331002872 HTTP/1.0" 499 0 "-" "WordPress/3.3.1; http://yuvi.in/blog"
66.135.57.47 - - [05/Mar/2012:19:01:52 -0800] "GET /blog/devlog-december-26-2011/ HTTP/1.0" 200 16602 "-" "Mozilla/5.0 (Windows; U; Windows NT 5.1; rv:1.7.3) Gecko/20041001 Firefox/0.10.1"
85.17.88.169 - - [05/Mar/2012:19:01:55 -0800] "POST /blog/wp-cron.php?doing_wp_cron=1331002876 HTTP/1.0" 499 0 "-" "WordPress/3.3.1; http://yuvi.in/blog"
66.135.57.47 - - [05/Mar/2012:19:01:55 -0800] "GET /blog/devlog-december-23-2011/ HTTP/1.0" 200 16425 "-" "Mozilla/5.0 (Windows; U; Windows NT 5.1; rv:1.7.3) Gecko/20041001 Firefox/0.10.1"
85.17.88.169 - - [05/Mar/2012:19:01:59 -0800] "POST /blog/wp-cron.php?doing_wp_cron=1331002880 HTTP/1.0" 499 0 "-" "WordPress/3.3.1; http://yuvi.in/blog"
66.135.57.47 - - [05/Mar/2012:19:01:59 -0800] "GET /blog/devlog-december-21-2011/ HTTP/1.0" 200 17029 "-" "Mozilla/5.0 (Windows; U; Windows NT 5.1; rv:1.7.3) Gecko/20041001 Firefox/0.10.1"
85.17.88.169 - - [05/Mar/2012:19:02:02 -0800] "POST /blog/wp-cron.php?doing_wp_cron=1331002883 HTTP/1.0" 499 0 "-" "WordPress/3.3.1; http://yuvi.in/blog"
66.135.57.47 - - [05/Mar/2012:19:02:03 -0800] "GET /blog/devlog-december-11-2011/ HTTP/1.0" 200 16500 "-" "Mozilla/5.0 (Windows; U; Windows NT 5.1; rv:1.7.3) Gecko/20041001 Firefox/0.10.1"
85.17.88.169 - - [05/Mar/2012:19:02:06 -0800] "POST /blog/wp-cron.php?doing_wp_cron=1331002887 HTTP/1.0" 499 0 "-" "WordPress/3.3.1; http://yuvi.in/blog"
66.135.57.47 - - [05/Mar/2012:19:02:07 -0800] "GET /blog/devlog-december-10-2011/ HTTP/1.0" 200 16295 "-" "Mozilla/5.0 (Windows; U; Windows NT 5.1; rv:1.7.3) Gecko/20041001 Firefox/0.10.1"
85.17.88.169 - - [05/Mar/2012:19:02:10 -0800] "POST /blog/wp-cron.php?doing_wp_cron=1331002891 HTTP/1.0" 499 0 "-" "WordPress/3.3.1; http://yuvi.in/blog"
66.135.57.47 - - [05/Mar/2012:19:02:10 -0800] "GET /blog/devlog-december-7-2011/ HTTP/1.0" 200 16741 "-" "Mozilla/5.0 (Windows; U; Windows NT 5.1; rv:1.7.3) Gecko/20041001 Firefox/0.10.1"
85.17.88.169 - - [05/Mar/2012:19:02:13 -0800] "POST /blog/wp-cron.php?doing_wp_cron=1331002894 HTTP/1.0" 499 0 "-" "WordPress/3.3.1; http://yuvi.in/blog"
66.135.57.47 - - [05/Mar/2012:19:02:14 -0800] "GET /blog/story-average-indian-techie/ HTTP/1.0" 200 54200 "-" "Mozilla/5.0 (Windows; U; Windows NT 5.1; rv:1.7.3) Gecko/20041001 Firefox/0.10.1"
141.0.9.28 - - [05/Mar/2012:19:03:05 -0800] "-" 400 0 "-" "-"
141.0.9.28 - - [05/Mar/2012:19:03:05 -0800] "-" 400 0 "-" "-"
113.193.119.243 - - [05/Mar/2012:19:04:19 -0800] "-" 400 0 "-" "-"
207.46.12.68 - - [05/Mar/2012:19:05:54 -0800] "-" 400 0 "-" "-"
207.46.12.68 - - [05/Mar/2012:19:05:55 -0800] "-" 400 0 "-" "-"
207.46.12.68 - - [05/Mar/2012:19:05:55 -0800] "-" 400 0 "-" "-"
207.46.12.68 - - [05/Mar/2012:19:05:56 -0800] "-" 400 0 "-" "-"
207.46.12.68 - - [05/Mar/2012:19:05:56 -0800] "-" 400 0 "-" "-"
207.46.12.68 - - [05/Mar/2012:19:05:56 -0800] "-" 400 0 "-" "-"
207.46.12.68 - - [05/Mar/2012:19:05:57 -0800] "-" 400 0 "-" "-"
207.46.12.68 - - [05/Mar/2012:19:05:57 -0800] "-" 400 0 "-" "-"
207.46.12.68 - - [05/Mar/2012:19:05:57 -0800] "-" 400 0 "-" "-"
207.46.12.68 - - [05/Mar/2012:19:05:57 -0800] "-" 400 0 "-" "-"
207.46.12.68 - - [05/Mar/2012:19:06:41 -0800] "-" 400 0 "-" "-"
66.220.147.250 - - [05/Mar/2012:19:07:06 -0800] "GET /r/60m HTTP/1.1" 301 255 "-" "facebookexternalhit/1.1 (+http://www.facebook.com/externalhit_uatext.php)"
141.0.8.247 - - [05/Mar/2012:19:07:06 -0800] "GET /r/60m HTTP/1.1" 301 255 "http://m.facebook.com/l.php?u=http%3A%2F%2Ftawp.in%2Fr%2F60m&h=NAQE1gh99" "Opera/9.80 (Android; Opera Mini/6.1.25577/27.1287; U; en) Presto/2.8.119 Version/11.10"
66.220.147.244 - - [05/Mar/2012:19:07:06 -0800] "GET /s/ta/60m/ HTTP/1.1" 302 595 "-" "facebookexternalhit/1.1 (+http://www.facebook.com/externalhit_uatext.php)"
141.0.8.247 - - [05/Mar/2012:19:07:06 -0800] "GET /s/ta/60m/ HTTP/1.1" 302 595 "http://m.facebook.com/l.php?u=http%3A%2F%2Ftawp.in%2Fr%2F60m&h=NAQE1gh99" "Opera/9.80 (Android; Opera Mini/6.1.25577/27.1287; U; en) Presto/2.8.119 Version/11.10"
85.17.88.169 - - [05/Mar/2012:19:08:53 -0800] "POST /blog/wp-cron.php?doing_wp_cron=1331003294 HTTP/1.0" 499 0 "-" "WordPress/3.3.1; http://yuvi.in/blog"
209.85.224.88 - - [05/Mar/2012:19:08:53 -0800] "GET /blog/feed HTTP/1.1" 304 0 "-" "FeedBurner/1.0 (http://www.FeedBurner.com)"
120.140.99.233 - - [05/Mar/2012:19:13:45 -0800] "GET /r/12l HTTP/1.1" 301 255 "http://ta.wikipedia.org/wiki/%E0%AE%89%E0%AE%B2%E0%AE%95_%E0%AE%85%E0%AE%A4%E0%AE%BF%E0%AE%9A%E0%AE%AF%E0%AE%99%E0%AF%8D%E0%AE%95%E0%AE%B3%E0%AF%8D" "Mozilla/5.0 (Windows NT 6.2; rv:10.0.2) Gecko/20100101 Firefox/10.0.2"
120.140.99.233 - - [05/Mar/2012:19:13:46 -0800] "GET /s/ta/12l/ HTTP/1.1" 302 501 "http://ta.wikipedia.org/wiki/%E0%AE%89%E0%AE%B2%E0%AE%95_%E0%AE%85%E0%AE%A4%E0%AE%BF%E0%AE%9A%E0%AE%AF%E0%AE%99%E0%AF%8D%E0%AE%95%E0%AE%B3%E0%AF%8D" "Mozilla/5.0 (Windows NT 6.2; rv:10.0.2) Gecko/20100101 Firefox/10.0.2"
120.140.99.233 - - [05/Mar/2012:19:13:53 -0800] "-" 400 0 "-" "-"
67.215.230.27 - - [05/Mar/2012:19:14:03 -0800] "GET /robots.txt HTTP/1.0" 404 169 "-" "Setooz/Nutch-1.2 (http://www.setooz.com)"
67.215.230.27 - - [05/Mar/2012:19:14:06 -0800] "GET /stories HTTP/1.0" 301 185 "-" "Setooz/Nutch-1.2 (http://www.setooz.com)"
67.215.230.27 - - [05/Mar/2012:19:14:10 -0800] "GET /robots.txt HTTP/1.0" 404 169 "-" "Setooz/Nutch-1.2 (http://www.setooz.com)"
67.215.230.27 - - [05/Mar/2012:19:14:10 -0800] "GET / HTTP/1.0" 200 3439 "-" "Setooz/Nutch-1.2 (http://www.setooz.com)"
122.174.4.90 - - [05/Mar/2012:19:14:21 -0800] "-" 400 0 "-" "-"
122.174.4.90 - - [05/Mar/2012:19:16:40 -0800] "-" 400 0 "-" "-"
65.52.108.66 - - [05/Mar/2012:19:16:50 -0800] "GET /s/ta/2l18/ HTTP/1.1" 302 465 "-" "Mozilla/5.0 (compatible; bingbot/2.0; +http://www.bing.com/bingbot.htm)"
107.21.175.10 - - [05/Mar/2012:19:18:04 -0800] "GET /robots.txt HTTP/1.1" 404 142 "-" "Mozilla/5.0 (Macintosh; U; Intel Mac OS X 10.6; en-US; rv:1.9.2) Gecko/20100115 Firefox/3.6 (FlipboardProxy/1.1; +http://flipboard.com/browserproxy)"
85.17.88.169 - - [05/Mar/2012:19:18:08 -0800] "POST /blog/wp-cron.php?doing_wp_cron=1331003849 HTTP/1.0" 499 0 "-" "WordPress/3.3.1; http://yuvi.in/blog"
107.21.175.10 - - [05/Mar/2012:19:18:09 -0800] "GET /blog/programmer-run-code-head/ HTTP/1.1" 200 4812 "-" "Mozilla/5.0 (Macintosh; U; Intel Mac OS X 10.6; en-US; rv:1.9.2) Gecko/20100115 Firefox/3.6 (FlipboardProxy/1.1; +http://flipboard.com/browserproxy)"
184.72.209.175 - - [05/Mar/2012:19:18:09 -0800] "GET /robots.txt HTTP/1.1" 404 169 "-" "Mozilla/5.0 (Macintosh; U; Intel Mac OS X 10.6; en-US; rv:1.9.2) Gecko/20100115 Firefox/3.6 (FlipboardProxy/0.0.5; +http://flipboard.com/browserproxy)"
220.181.108.107 - - [05/Mar/2012:19:20:36 -0800] "GET /r/131g HTTP/1.1" 301 257 "-" "Mozilla/5.0 (compatible; Baiduspider/2.0; +http://www.baidu.com/search/spider.html)"
220.181.108.100 - - [05/Mar/2012:19:20:37 -0800] "GET /s/ta/131g/ HTTP/1.1" 302 533 "-" "Mozilla/5.0 (compatible; Baiduspider/2.0; +http://www.baidu.com/search/spider.html)"
85.17.88.169 - - [05/Mar/2012:19:20:53 -0800] "POST /blog/wp-cron.php?doing_wp_cron=1331004014 HTTP/1.0" 499 0 "-" "WordPress/3.3.1; http://yuvi.in/blog"
72.14.199.121 - - [05/Mar/2012:19:20:53 -0800] "GET /blog/feed HTTP/1.1" 301 0 "-" "Feedfetcher-Google; (+http://www.google.com/feedfetcher.html; 3 subscribers; feed-id=17684830852112633560)"
85.17.88.169 - - [05/Mar/2012:19:20:55 -0800] "POST /blog/wp-cron.php?doing_wp_cron=1331004016 HTTP/1.0" 499 0 "-" "WordPress/3.3.1; http://yuvi.in/blog"
72.14.199.121 - - [05/Mar/2012:19:20:55 -0800] "GET /blog/feed/ HTTP/1.1" 304 0 "-" "Feedfetcher-Google; (+http://www.google.com/feedfetcher.html; 3 subscribers; feed-id=17684830852112633560)"
119.245.226.73 - - [05/Mar/2012:19:23:07 -0800] "HEAD /r/3197 HTTP/1.1" 301 0 "-" "-"
119.245.226.73 - - [05/Mar/2012:19:23:07 -0800] "HEAD /s/ta/3197/ HTTP/1.1" 302 0 "-" "-"
207.46.204.220 - - [05/Mar/2012:19:23:18 -0800] "-" 400 0 "-" "-"
207.46.204.220 - - [05/Mar/2012:19:23:20 -0800] "-" 400 0 "-" "-"
207.46.204.220 - - [05/Mar/2012:19:23:20 -0800] "-" 400 0 "-" "-"
207.46.204.220 - - [05/Mar/2012:19:23:20 -0800] "-" 400 0 "-" "-"
207.46.204.220 - - [05/Mar/2012:19:23:21 -0800] "-" 400 0 "-" "-"
207.46.204.220 - - [05/Mar/2012:19:23:21 -0800] "-" 400 0 "-" "-"
207.46.204.220 - - [05/Mar/2012:19:23:21 -0800] "-" 400 0 "-" "-"
207.46.204.220 - - [05/Mar/2012:19:23:21 -0800] "-" 400 0 "-" "-"
207.46.204.220 - - [05/Mar/2012:19:23:22 -0800] "-" 400 0 "-" "-"
207.46.204.220 - - [05/Mar/2012:19:23:22 -0800] "-" 400 0 "-" "-"
157.55.112.208 - - [05/Mar/2012:19:23:29 -0800] "-" 400 0 "-" "-"
157.55.112.208 - - [05/Mar/2012:19:23:37 -0800] "-" 400 0 "-" "-"
157.55.112.208 - - [05/Mar/2012:19:23:38 -0800] "-" 400 0 "-" "-"
157.55.112.208 - - [05/Mar/2012:19:23:40 -0800] "-" 400 0 "-" "-"
157.55.112.208 - - [05/Mar/2012:19:23:40 -0800] "-" 400 0 "-" "-"
157.55.112.208 - - [05/Mar/2012:19:23:43 -0800] "-" 400 0 "-" "-"
157.55.112.208 - - [05/Mar/2012:19:23:44 -0800] "-" 400 0 "-" "-"
157.55.112.208 - - [05/Mar/2012:19:23:46 -0800] "-" 400 0 "-" "-"
157.55.112.208 - - [05/Mar/2012:19:23:46 -0800] "-" 400 0 "-" "-"
157.55.112.208 - - [05/Mar/2012:19:23:47 -0800] "-" 400 0 "-" "-"
207.46.204.220 - - [05/Mar/2012:19:24:00 -0800] "-" 400 0 "-" "-"
157.55.112.208 - - [05/Mar/2012:19:24:39 -0800] "-" 400 0 "-" "-"
61.245.172.31 - - [05/Mar/2012:19:25:46 -0800] "GET /r/k4c HTTP/1.1" 301 255 "http://ta.wikipedia.org/wiki/%E0%AE%9A%E0%AF%81%E0%AE%A4%E0%AF%8D%E0%AE%A4%E0%AE%BF%E0%AE%AF%E0%AE%B2%E0%AF%8D" "Mozilla/5.0 (Windows NT 6.1; rv:2.0.1) Gecko/20100101 Firefox/4.0.1"
61.245.172.31 - - [05/Mar/2012:19:25:47 -0800] "GET /s/ta/k4c/ HTTP/1.1" 302 373 "http://ta.wikipedia.org/wiki/%E0%AE%9A%E0%AF%81%E0%AE%A4%E0%AF%8D%E0%AE%A4%E0%AE%BF%E0%AE%AF%E0%AE%B2%E0%AF%8D" "Mozilla/5.0 (Windows NT 6.1; rv:2.0.1) Gecko/20100101 Firefox/4.0.1"
117.193.176.4 - - [05/Mar/2012:19:28:03 -0800] "-" 400 0 "-" "-"
207.46.12.70 - - [05/Mar/2012:19:29:43 -0800] "-" 400 0 "-" "-"
207.46.12.70 - - [05/Mar/2012:19:29:43 -0800] "-" 400 0 "-" "-"
207.46.12.70 - - [05/Mar/2012:19:29:43 -0800] "-" 400 0 "-" "-"
207.46.12.70 - - [05/Mar/2012:19:29:43 -0800] "-" 400 0 "-" "-"
207.46.12.70 - - [05/Mar/2012:19:29:43 -0800] "-" 400 0 "-" "-"
207.46.12.70 - - [05/Mar/2012:19:29:43 -0800] "-" 400 0 "-" "-"
207.46.12.70 - - [05/Mar/2012:19:29:44 -0800] "-" 400 0 "-" "-"
207.46.12.70 - - [05/Mar/2012:19:29:44 -0800] "-" 400 0 "-" "-"
207.46.12.70 - - [05/Mar/2012:19:29:44 -0800] "-" 400 0 "-" "-"
207.46.12.70 - - [05/Mar/2012:19:29:44 -0800] "-" 400 0 "-" "-"
207.46.12.70 - - [05/Mar/2012:19:30:21 -0800] "-" 400 0 "-" "-"
209.85.224.91 - - [05/Mar/2012:19:33:08 -0800] "GET /stories/feed HTTP/1.1" 200 13653 "-" "FeedBurner/1.0 (http://www.FeedBurner.com)"
117.202.129.94 - - [05/Mar/2012:19:35:06 -0800] "-" 400 0 "-" "-"
122.178.203.35 - - [05/Mar/2012:19:36:43 -0800] "GET / HTTP/1.1" 200 1430 "-" "Reeder/1010.59.00 CFNetwork/520.3.2 Darwin/11.3.0 (x86_64) (iMac12%2C1)"
122.178.203.35 - - [05/Mar/2012:19:36:44 -0800] "GET /favicon.ico HTTP/1.1" 404 142 "-" "Reeder/1010.59.00 CFNetwork/520.3.2 Darwin/11.3.0 (x86_64) (iMac12%2C1)"
122.178.203.35 - - [05/Mar/2012:19:36:44 -0800] "GET / HTTP/1.1" 200 1430 "-" "Reeder/1010.59.00 CFNetwork/520.3.2 Darwin/11.3.0 (x86_64) (iMac12%2C1)"
122.178.203.35 - - [05/Mar/2012:19:36:44 -0800] "GET /apple-touch-icon.png HTTP/1.1" 404 142 "-" "Reeder/1010.59.00 CFNetwork/520.3.2 Darwin/11.3.0 (x86_64) (iMac12%2C1)"
122.178.203.35 - - [05/Mar/2012:19:36:45 -0800] "GET /apple-touch-icon-precomposed.png HTTP/1.1" 404 142 "-" "Reeder/1010.59.00 CFNetwork/520.3.2 Darwin/11.3.0 (x86_64) (iMac12%2C1)"
207.46.204.173 - - [05/Mar/2012:19:36:47 -0800] "-" 400 0 "-" "-"
207.46.204.173 - - [05/Mar/2012:19:36:50 -0800] "-" 400 0 "-" "-"
207.46.204.173 - - [05/Mar/2012:19:36:50 -0800] "-" 400 0 "-" "-"
207.46.204.173 - - [05/Mar/2012:19:36:51 -0800] "-" 400 0 "-" "-"
207.46.204.173 - - [05/Mar/2012:19:36:51 -0800] "-" 400 0 "-" "-"
207.46.204.165 - - [05/Mar/2012:19:36:55 -0800] "-" 400 0 "-" "-"
207.46.204.165 - - [05/Mar/2012:19:36:57 -0800] "-" 400 0 "-" "-"
207.46.204.173 - - [05/Mar/2012:19:36:57 -0800] "-" 400 0 "-" "-"
207.46.204.173 - - [05/Mar/2012:19:36:58 -0800] "-" 400 0 "-" "-"
207.46.204.173 - - [05/Mar/2012:19:36:58 -0800] "-" 400 0 "-" "-"
207.46.204.173 - - [05/Mar/2012:19:36:58 -0800] "-" 400 0 "-" "-"
207.46.204.173 - - [05/Mar/2012:19:36:59 -0800] "-" 400 0 "-" "-"
207.46.204.165 - - [05/Mar/2012:19:37:01 -0800] "-" 400 0 "-" "-"
207.46.204.165 - - [05/Mar/2012:19:37:01 -0800] "-" 400 0 "-" "-"
207.46.204.165 - - [05/Mar/2012:19:37:01 -0800] "-" 400 0 "-" "-"
207.46.204.165 - - [05/Mar/2012:19:37:04 -0800] "-" 400 0 "-" "-"
207.46.204.165 - - [05/Mar/2012:19:37:06 -0800] "-" 400 0 "-" "-"
207.46.204.165 - - [05/Mar/2012:19:37:06 -0800] "-" 400 0 "-" "-"
207.46.204.165 - - [05/Mar/2012:19:37:07 -0800] "-" 400 0 "-" "-"
207.46.204.165 - - [05/Mar/2012:19:37:08 -0800] "-" 400 0 "-" "-"
207.46.204.173 - - [05/Mar/2012:19:37:30 -0800] "-" 400 0 "-" "-"
207.46.204.165 - - [05/Mar/2012:19:37:41 -0800] "-" 400 0 "-" "-"
208.115.113.84 - - [05/Mar/2012:19:38:03 -0800] "GET /robots.txt HTTP/1.1" 404 169 "-" "Mozilla/5.0 (compatible; Ezooms/1.0; ezooms.bot@gmail.com)"
208.115.111.69 - - [05/Mar/2012:19:38:31 -0800] "GET /robots.txt HTTP/1.1" 404 238 "-" "Mozilla/5.0 (compatible; Ezooms/1.0; ezooms.bot@gmail.com)"
85.17.88.169 - - [05/Mar/2012:19:38:59 -0800] "POST /blog/wp-cron.php?doing_wp_cron=1331005099 HTTP/1.0" 499 0 "-" "WordPress/3.3.1; http://yuvi.in/blog"
209.85.224.80 - - [05/Mar/2012:19:38:59 -0800] "GET /blog/feed HTTP/1.1" 304 0 "-" "FeedBurner/1.0 (http://www.FeedBurner.com)"
122.164.247.40 - - [05/Mar/2012:19:39:13 -0800] "-" 400 0 "-" "-"
139.18.2.209 - - [05/Mar/2012:19:39:58 -0800] "GET /blog/tag/personal.html HTTP/1.1" 200 21665 "-" "findlinks/2.0.1 (+http://wortschatz.uni-leipzig.de/findlinks/)"
207.46.204.218 - - [05/Mar/2012:19:41:59 -0800] "-" 400 0 "-" "-"
207.46.204.218 - - [05/Mar/2012:19:42:02 -0800] "-" 400 0 "-" "-"
207.46.204.218 - - [05/Mar/2012:19:42:04 -0800] "-" 400 0 "-" "-"
207.46.204.218 - - [05/Mar/2012:19:42:04 -0800] "-" 400 0 "-" "-"
207.46.204.218 - - [05/Mar/2012:19:42:04 -0800] "-" 400 0 "-" "-"
207.46.204.218 - - [05/Mar/2012:19:42:08 -0800] "-" 400 0 "-" "-"
207.46.204.218 - - [05/Mar/2012:19:42:15 -0800] "-" 400 0 "-" "-"
207.46.204.218 - - [05/Mar/2012:19:42:15 -0800] "-" 400 0 "-" "-"
207.46.204.218 - - [05/Mar/2012:19:42:15 -0800] "-" 400 0 "-" "-"
207.46.204.218 - - [05/Mar/2012:19:42:16 -0800] "-" 400 0 "-" "-"
207.46.204.218 - - [05/Mar/2012:19:42:45 -0800] "-" 400 0 "-" "-"
112.111.185.4 - - [05/Mar/2012:19:43:01 -0800] "-" 400 0 "-" "-"
85.17.88.169 - - [05/Mar/2012:19:43:07 -0800] "POST /blog/wp-cron.php?doing_wp_cron=1331005348 HTTP/1.0" 499 0 "-" "WordPress/3.3.1; http://yuvi.in/blog"
58.246.200.114 - - [05/Mar/2012:19:43:08 -0800] "GET /blog/ HTTP/1.1" 200 44235 "http://yuvi.in/blog/" "Mozilla/4.79 [en] (Windows NT 5.0; U)"
117.241.208.229 - - [05/Mar/2012:19:43:15 -0800] "GET /r/1x4w HTTP/1.1" 301 257 "http://ta.wikipedia.org/wiki/%E0%AE%95%E0%AF%82%E0%AE%9F%E0%AE%99%E0%AF%8D%E0%AE%95%E0%AF%81%E0%AE%B3%E0%AE%AE%E0%AF%8D_%E0%AE%85%E0%AE%A3%E0%AF%81%E0%AE%AE%E0%AE%BF%E0%AE%A9%E0%AF%8D_%E0%AE%A8%E0%AE%BF%E0%AE%B2%E0%AF%88%E0%AE%AF%E0%AE%AE%E0%AF%8D" "Mozilla/5.0 (Windows NT 5.1; rv:9.0.1) Gecko/20100101 Firefox/9.0.1"
117.241.208.229 - - [05/Mar/2012:19:43:16 -0800] "GET /s/ta/1x4w/ HTTP/1.1" 302 561 "http://ta.wikipedia.org/wiki/%E0%AE%95%E0%AF%82%E0%AE%9F%E0%AE%99%E0%AF%8D%E0%AE%95%E0%AF%81%E0%AE%B3%E0%AE%AE%E0%AF%8D_%E0%AE%85%E0%AE%A3%E0%AF%81%E0%AE%AE%E0%AE%BF%E0%AE%A9%E0%AF%8D_%E0%AE%A8%E0%AE%BF%E0%AE%B2%E0%AF%88%E0%AE%AF%E0%AE%AE%E0%AF%8D" "Mozilla/5.0 (Windows NT 5.1; rv:9.0.1) Gecko/20100101 Firefox/9.0.1"
117.241.208.229 - - [05/Mar/2012:19:43:21 -0800] "-" 400 0 "-" "-"
207.46.204.169 - - [05/Mar/2012:19:43:57 -0800] "-" 400 0 "-" "-"
207.46.204.169 - - [05/Mar/2012:19:44:01 -0800] "-" 400 0 "-" "-"
207.46.204.169 - - [05/Mar/2012:19:44:01 -0800] "-" 400 0 "-" "-"
207.46.204.169 - - [05/Mar/2012:19:44:02 -0800] "-" 400 0 "-" "-"
207.46.204.169 - - [05/Mar/2012:19:44:05 -0800] "-" 400 0 "-" "-"
207.46.204.169 - - [05/Mar/2012:19:44:05 -0800] "-" 400 0 "-" "-"
207.46.204.169 - - [05/Mar/2012:19:44:05 -0800] "-" 400 0 "-" "-"
207.46.204.169 - - [05/Mar/2012:19:44:06 -0800] "-" 400 0 "-" "-"
207.46.204.169 - - [05/Mar/2012:19:44:06 -0800] "-" 400 0 "-" "-"
207.46.204.169 - - [05/Mar/2012:19:44:08 -0800] "-" 400 0 "-" "-"
207.46.204.169 - - [05/Mar/2012:19:44:44 -0800] "-" 400 0 "-" "-"
85.17.88.169 - - [05/Mar/2012:19:47:26 -0800] "POST /blog/wp-cron.php?doing_wp_cron=1331005607 HTTP/1.0" 499 0 "-" "WordPress/3.3.1; http://yuvi.in/blog"
72.14.199.121 - - [05/Mar/2012:19:47:27 -0800] "GET /blog/feed/ HTTP/1.1" 304 0 "-" "Feedfetcher-Google; (+http://www.google.com/feedfetcher.html; 18 subscribers; feed-id=15064232456473204253)"
59.92.102.82 - - [05/Mar/2012:19:51:14 -0800] "GET /r/ju6 HTTP/1.1" 301 255 "http://ta.wikipedia.org/wiki/%E0%AE%B5%E0%AE%BF%E0%AE%B0%E0%AF%81%E0%AE%A4%E0%AF%81%E0%AE%A8%E0%AE%95%E0%AE%B0%E0%AF%8D_%E0%AE%AE%E0%AE%BE%E0%AE%B5%E0%AE%9F%E0%AF%8D%E0%AE%9F%E0%AE%AE%E0%AF%8D" "Mozilla/5.0 (compatible; MSIE 9.0; Windows NT 6.1; Trident/5.0)"
59.92.102.82 - - [05/Mar/2012:19:51:15 -0800] "GET /s/ta/ju6/ HTTP/1.1" 302 485 "http://ta.wikipedia.org/wiki/%E0%AE%B5%E0%AE%BF%E0%AE%B0%E0%AF%81%E0%AE%A4%E0%AF%81%E0%AE%A8%E0%AE%95%E0%AE%B0%E0%AF%8D_%E0%AE%AE%E0%AE%BE%E0%AE%B5%E0%AE%9F%E0%AF%8D%E0%AE%9F%E0%AE%AE%E0%AF%8D" "Mozilla/5.0 (compatible; MSIE 9.0; Windows NT 6.1; Trident/5.0)"
74.125.126.103 - - [05/Mar/2012:19:56:16 -0800] "GET /favicon.ico HTTP/1.1" 404 142 "-" "-"
208.115.111.69 - - [05/Mar/2012:19:57:08 -0800] "GET /r/1z5n HTTP/1.1" 301 257 "-" "Mozilla/5.0 (compatible; Ezooms/1.0; ezooms.bot@gmail.com)"
207.46.204.170 - - [05/Mar/2012:19:57:44 -0800] "-" 400 0 "-" "-"
207.46.204.170 - - [05/Mar/2012:19:57:47 -0800] "-" 400 0 "-" "-"
207.46.204.170 - - [05/Mar/2012:19:57:48 -0800] "-" 400 0 "-" "-"
207.46.204.170 - - [05/Mar/2012:19:57:48 -0800] "-" 400 0 "-" "-"
207.46.204.170 - - [05/Mar/2012:19:57:49 -0800] "-" 400 0 "-" "-"
207.46.204.170 - - [05/Mar/2012:19:57:51 -0800] "-" 400 0 "-" "-"
207.46.204.170 - - [05/Mar/2012:19:57:53 -0800] "-" 400 0 "-" "-"
207.46.204.170 - - [05/Mar/2012:19:57:53 -0800] "-" 400 0 "-" "-"
207.46.204.170 - - [05/Mar/2012:19:57:53 -0800] "-" 400 0 "-" "-"
207.46.204.170 - - [05/Mar/2012:19:57:55 -0800] "-" 400 0 "-" "-"
207.46.204.170 - - [05/Mar/2012:19:58:31 -0800] "-" 400 0 "-" "-"
207.46.204.163 - - [05/Mar/2012:19:59:01 -0800] "-" 400 0 "-" "-"
207.46.204.163 - - [05/Mar/2012:19:59:01 -0800] "-" 400 0 "-" "-"
207.46.204.163 - - [05/Mar/2012:19:59:01 -0800] "-" 400 0 "-" "-"
207.46.204.163 - - [05/Mar/2012:19:59:01 -0800] "-" 400 0 "-" "-"
207.46.204.163 - - [05/Mar/2012:19:59:01 -0800] "-" 400 0 "-" "-"
207.46.204.163 - - [05/Mar/2012:19:59:02 -0800] "-" 400 0 "-" "-"
207.46.204.163 - - [05/Mar/2012:19:59:02 -0800] "-" 400 0 "-" "-"
85.17.88.169 - - [05/Mar/2012:19:59:39 -0800] "POST /blog/wp-cron.php?doing_wp_cron=1331006340 HTTP/1.0" 499 0 "-" "WordPress/3.3.1; http://yuvi.in/blog"
180.76.5.185 - - [05/Mar/2012:19:59:40 -0800] "GET /blog/2012/02/ HTTP/1.1" 200 4405 "-" "Mozilla/5.0 (compatible; Baiduspider/2.0; +http://www.baidu.com/search/spider.html)"
117.193.69.127 - - [05/Mar/2012:20:00:07 -0800] "-" 400 0 "-" "-"
117.193.69.127 - - [05/Mar/2012:20:00:07 -0800] "-" 400 0 "-" "-"
157.55.112.202 - - [05/Mar/2012:20:00:23 -0800] "-" 400 0 "-" "-"
157.55.112.202 - - [05/Mar/2012:20:00:23 -0800] "-" 400 0 "-" "-"
157.55.112.202 - - [05/Mar/2012:20:00:23 -0800] "-" 400 0 "-" "-"
157.55.112.202 - - [05/Mar/2012:20:00:24 -0800] "-" 400 0 "-" "-"
157.55.112.202 - - [05/Mar/2012:20:00:24 -0800] "-" 400 0 "-" "-"
157.55.112.202 - - [05/Mar/2012:20:00:24 -0800] "-" 400 0 "-" "-"
157.55.112.202 - - [05/Mar/2012:20:00:24 -0800] "-" 400 0 "-" "-"
157.55.112.202 - - [05/Mar/2012:20:00:24 -0800] "-" 400 0 "-" "-"
157.55.112.202 - - [05/Mar/2012:20:00:24 -0800] "-" 400 0 "-" "-"
157.55.112.202 - - [05/Mar/2012:20:00:24 -0800] "-" 400 0 "-" "-"
157.55.112.202 - - [05/Mar/2012:20:00:57 -0800] "-" 400 0 "-" "-"
85.17.88.169 - - [05/Mar/2012:20:02:43 -0800] "POST /blog/wp-cron.php?doing_wp_cron=1331006523 HTTP/1.0" 499 0 "-" "WordPress/3.3.1; http://yuvi.in/blog"
66.249.71.97 - - [05/Mar/2012:20:02:43 -0800] "GET /blog/devlog-december-11-2011/feed/atom/ HTTP/1.1" 200 673 "-" "Mozilla/5.0 (compatible; Googlebot/2.1; +http://www.google.com/bot.html)"
101.212.39.89 - - [05/Mar/2012:20:06:40 -0800] "-" 400 0 "-" "-"
101.212.39.89 - - [05/Mar/2012:20:07:30 -0800] "-" 400 0 "-" "-"
176.9.87.106 - - [05/Mar/2012:20:07:41 -0800] "GET /robots.txt HTTP/1.0" 404 238 "-" "Acoon v4.10.3 (www.acoon.de)"
176.9.87.106 - - [05/Mar/2012:20:07:42 -0800] "GET /r/2rbo HTTP/1.0" 301 257 "-" "Acoon v4.10.3 (www.acoon.de)"
139.18.2.17 - - [05/Mar/2012:20:08:29 -0800] "GET /stories/tag/senses.html HTTP/1.1" 200 1994 "-" "findlinks/2.1.5 (+http://wortschatz.uni-leipzig.de/findlinks/)"
96.2.82.137 - - [05/Mar/2012:20:08:32 -0800] "GET /robots.txt HTTP/1.0" 404 169 "-" "Mozilla/5.0 (compatible; MJ12bot/v1.4.2; http://www.majestic12.co.uk/bot.php?+)"
96.2.82.137 - - [05/Mar/2012:20:08:37 -0800] "GET / HTTP/1.1" 200 3439 "-" "Mozilla/5.0 (compatible; MJ12bot/v1.4.2; http://www.majestic12.co.uk/bot.php?+)"
85.17.88.169 - - [05/Mar/2012:20:09:08 -0800] "POST /blog/wp-cron.php?doing_wp_cron=1331006908 HTTP/1.0" 499 0 "-" "WordPress/3.3.1; http://yuvi.in/blog"
209.85.224.80 - - [05/Mar/2012:20:09:08 -0800] "GET /blog/feed HTTP/1.1" 304 0 "-" "FeedBurner/1.0 (http://www.FeedBurner.com)"
117.204.110.48 - - [05/Mar/2012:20:09:53 -0800] "-" 400 0 "-" "-"
207.46.204.214 - - [05/Mar/2012:20:09:56 -0800] "-" 400 0 "-" "-"
207.46.204.214 - - [05/Mar/2012:20:09:57 -0800] "-" 400 0 "-" "-"
207.46.204.214 - - [05/Mar/2012:20:09:58 -0800] "-" 400 0 "-" "-"
207.46.204.214 - - [05/Mar/2012:20:09:58 -0800] "-" 400 0 "-" "-"
207.46.204.214 - - [05/Mar/2012:20:09:58 -0800] "-" 400 0 "-" "-"
207.46.204.214 - - [05/Mar/2012:20:10:00 -0800] "-" 400 0 "-" "-"
207.46.204.214 - - [05/Mar/2012:20:10:00 -0800] "-" 400 0 "-" "-"
207.46.204.214 - - [05/Mar/2012:20:10:00 -0800] "-" 400 0 "-" "-"
207.46.204.214 - - [05/Mar/2012:20:10:01 -0800] "-" 400 0 "-" "-"
207.46.204.214 - - [05/Mar/2012:20:10:01 -0800] "-" 400 0 "-" "-"
157.55.112.201 - - [05/Mar/2012:20:10:07 -0800] "-" 400 0 "-" "-"
157.55.112.201 - - [05/Mar/2012:20:10:08 -0800] "-" 400 0 "-" "-"
157.55.112.201 - - [05/Mar/2012:20:10:08 -0800] "-" 400 0 "-" "-"
157.55.112.201 - - [05/Mar/2012:20:10:09 -0800] "-" 400 0 "-" "-"
157.55.112.201 - - [05/Mar/2012:20:10:10 -0800] "-" 400 0 "-" "-"
157.55.112.201 - - [05/Mar/2012:20:10:10 -0800] "-" 400 0 "-" "-"
157.55.112.201 - - [05/Mar/2012:20:10:10 -0800] "-" 400 0 "-" "-"
157.55.112.201 - - [05/Mar/2012:20:10:10 -0800] "-" 400 0 "-" "-"
157.55.112.201 - - [05/Mar/2012:20:10:11 -0800] "-" 400 0 "-" "-"
157.55.112.201 - - [05/Mar/2012:20:10:11 -0800] "-" 400 0 "-" "-"
207.46.204.214 - - [05/Mar/2012:20:10:38 -0800] "-" 400 0 "-" "-"
157.55.112.201 - - [05/Mar/2012:20:10:47 -0800] "-" 400 0 "-" "-"
117.193.201.180 - - [05/Mar/2012:20:12:40 -0800] "-" 400 0 "-" "-"
122.164.152.96 - - [05/Mar/2012:20:14:06 -0800] "-" 400 0 "-" "-"
61.12.6.194 - - [05/Mar/2012:20:14:48 -0800] "-" 400 0 "-" "-"
61.12.6.194 - - [05/Mar/2012:20:14:48 -0800] "-" 400 0 "-" "-"
61.12.6.194 - - [05/Mar/2012:20:14:48 -0800] "-" 400 0 "-" "-"
61.12.6.194 - - [05/Mar/2012:20:14:48 -0800] "-" 400 0 "-" "-"
141.0.8.25 - - [05/Mar/2012:20:15:11 -0800] "-" 400 0 "-" "-"
85.17.88.169 - - [05/Mar/2012:20:16:04 -0800] "POST /blog/wp-cron.php?doing_wp_cron=1331007325 HTTP/1.0" 499 0 "-" "WordPress/3.3.1; http://yuvi.in/blog"
101.226.33.172 - - [05/Mar/2012:20:16:05 -0800] "GET /blog/feed HTTP/1.0" 304 0 "-" "Mozilla/4.0 (compatible; Windows;)"
61.12.6.194 - - [05/Mar/2012:20:16:28 -0800] "-" 400 0 "-" "-"
61.12.6.194 - - [05/Mar/2012:20:16:28 -0800] "-" 400 0 "-" "-"
61.12.6.194 - - [05/Mar/2012:20:16:28 -0800] "-" 400 0 "-" "-"
61.12.6.194 - - [05/Mar/2012:20:16:28 -0800] "-" 400 0 "-" "-"
61.12.6.194 - - [05/Mar/2012:20:16:28 -0800] "-" 400 0 "-" "-"
61.12.6.194 - - [05/Mar/2012:20:16:28 -0800] "-" 400 0 "-" "-"
61.12.6.194 - - [05/Mar/2012:20:17:28 -0800] "-" 400 0 "-" "-"
100.43.83.144 - - [05/Mar/2012:20:18:39 -0800] "GET /robots.txt HTTP/1.1" 404 169 "-" "Mozilla/5.0 (compatible; YandexBot/3.0; +http://yandex.com/bots)"
85.17.88.169 - - [05/Mar/2012:20:19:03 -0800] "POST /blog/wp-cron.php?doing_wp_cron=1331007504 HTTP/1.0" 499 0 "-" "WordPress/3.3.1; http://yuvi.in/blog"
72.14.199.121 - - [05/Mar/2012:20:19:03 -0800] "GET /blog/feed HTTP/1.1" 301 0 "-" "Feedfetcher-Google; (+http://www.google.com/feedfetcher.html; 3 subscribers; feed-id=17684830852112633560)"
85.17.88.169 - - [05/Mar/2012:20:19:05 -0800] "POST /blog/wp-cron.php?doing_wp_cron=1331007506 HTTP/1.0" 499 0 "-" "WordPress/3.3.1; http://yuvi.in/blog"
72.14.199.121 - - [05/Mar/2012:20:19:06 -0800] "GET /blog/feed/ HTTP/1.1" 304 0 "-" "Feedfetcher-Google; (+http://www.google.com/feedfetcher.html; 3 subscribers; feed-id=17684830852112633560)"
122.164.152.96 - - [05/Mar/2012:20:20:12 -0800] "-" 400 0 "-" "-"
122.164.152.96 - - [05/Mar/2012:20:20:53 -0800] "-" 400 0 "-" "-"
85.17.88.169 - - [05/Mar/2012:20:21:20 -0800] "POST /blog/wp-cron.php?doing_wp_cron=1331007640 HTTP/1.0" 499 0 "-" "WordPress/3.3.1; http://yuvi.in/blog"
208.80.194.30 - - [05/Mar/2012:20:21:20 -0800] "GET /blog/story-average-indian-techie/ HTTP/1.0" 200 54200 "-" "Mozilla/4.0 (compatible; MSIE 7.0; Windows NT 5.1; .NET CLR 2.0.50727; .NET CLR 1.1.4322; SpamBlockerUtility 4.8.4)"
122.164.152.96 - - [05/Mar/2012:20:23:08 -0800] "-" 400 0 "-" "-"
122.165.79.146 - - [05/Mar/2012:20:23:27 -0800] "-" 400 0 "-" "-"
122.165.79.146 - - [05/Mar/2012:20:23:28 -0800] "-" 400 0 "-" "-"
122.165.79.146 - - [05/Mar/2012:20:23:28 -0800] "-" 400 0 "-" "-"
85.17.88.169 - - [05/Mar/2012:20:24:22 -0800] "POST /blog/wp-cron.php?doing_wp_cron=1331007823 HTTP/1.0" 499 0 "-" "WordPress/3.3.1; http://yuvi.in/blog"
129.34.20.23 - - [05/Mar/2012:20:24:23 -0800] "GET /blog/feed/ HTTP/1.1" 200 32853 "-" "Mozilla/5.0 (Windows; U; Windows NT 5.1; en-US; rv:1.9.0.3) Gecko/2008092417 Firefox/3.0.3"
14.102.2.10 - - [05/Mar/2012:20:24:44 -0800] "GET /r/q8n HTTP/1.1" 301 255 "http://ta.wikipedia.org/wiki/%E0%AE%A4%E0%AE%AE%E0%AE%BF%E0%AE%B4%E0%AE%B0%E0%AF%8D_%E0%AE%AA%E0%AE%A3%E0%AF%8D%E0%AE%AA%E0%AE%BE%E0%AE%9F%E0%AF%81" "Mozilla/5.0 (Windows NT 6.1; WOW64; rv:10.0.2) Gecko/20100101 Firefox/10.0.2"
14.102.2.10 - - [05/Mar/2012:20:24:45 -0800] "GET /s/ta/q8n/ HTTP/1.1" 302 425 "http://ta.wikipedia.org/wiki/%E0%AE%A4%E0%AE%AE%E0%AE%BF%E0%AE%B4%E0%AE%B0%E0%AF%8D_%E0%AE%AA%E0%AE%A3%E0%AF%8D%E0%AE%AA%E0%AE%BE%E0%AE%9F%E0%AF%81" "Mozilla/5.0 (Windows NT 6.1; WOW64; rv:10.0.2) Gecko/20100101 Firefox/10.0.2"
14.102.2.10 - - [05/Mar/2012:20:24:50 -0800] "-" 400 0 "-" "-"
85.17.88.169 - - [05/Mar/2012:20:25:37 -0800] "POST /blog/wp-cron.php?doing_wp_cron=1331007897 HTTP/1.0" 499 0 "-" "WordPress/3.3.1; http://yuvi.in/blog"
182.71.232.198 - - [05/Mar/2012:20:25:37 -0800] "GET /blog/college-drop/ HTTP/1.1" 200 4436 "-" "Mozilla/5.0 (Windows NT 6.1) AppleWebKit/535.11 (KHTML, like Gecko) Chrome/17.0.963.65 Safari/535.11"
182.71.232.198 - - [05/Mar/2012:20:25:38 -0800] "GET /blog/wp-content/themes/cleanr/js/jquery.dropdown.js?ver=3.3.1 HTTP/1.1" 200 535 "http://yuvi.in/blog/college-drop/" "Mozilla/5.0 (Windows NT 6.1) AppleWebKit/535.11 (KHTML, like Gecko) Chrome/17.0.963.65 Safari/535.11"
182.71.232.198 - - [05/Mar/2012:20:25:38 -0800] "GET /blog/wp-content/themes/cleanr/style.css HTTP/1.1" 200 10508 "http://yuvi.in/blog/college-drop/" "Mozilla/5.0 (Windows NT 6.1) AppleWebKit/535.11 (KHTML, like Gecko) Chrome/17.0.963.65 Safari/535.11"
182.71.232.198 - - [05/Mar/2012:20:25:39 -0800] "GET /blog/wp-content/themes/cleanr/css/960.css HTTP/1.1" 200 3628 "http://yuvi.in/blog/college-drop/" "Mozilla/5.0 (Windows NT 6.1) AppleWebKit/535.11 (KHTML, like Gecko) Chrome/17.0.963.65 Safari/535.11"
182.71.232.198 - - [05/Mar/2012:20:25:39 -0800] "GET /blog/wp-content/themes/cleanr/css/reset.css HTTP/1.1" 200 648 "http://yuvi.in/blog/college-drop/" "Mozilla/5.0 (Windows NT 6.1) AppleWebKit/535.11 (KHTML, like Gecko) Chrome/17.0.963.65 Safari/535.11"
182.71.232.198 - - [05/Mar/2012:20:25:39 -0800] "GET /blog/wp-content/themes/cleanr/css/text.css HTTP/1.1" 200 420 "http://yuvi.in/blog/college-drop/" "Mozilla/5.0 (Windows NT 6.1) AppleWebKit/535.11 (KHTML, like Gecko) Chrome/17.0.963.65 Safari/535.11"
182.71.232.198 - - [05/Mar/2012:20:25:39 -0800] "GET /blog/wp-includes/js/jquery/jquery.js?ver=1.7.1 HTTP/1.1" 200 93889 "http://yuvi.in/blog/college-drop/" "Mozilla/5.0 (Windows NT 6.1) AppleWebKit/535.11 (KHTML, like Gecko) Chrome/17.0.963.65 Safari/535.11"
182.71.232.198 - - [05/Mar/2012:20:25:41 -0800] "GET /blog/wp-content/themes/cleanr/images/search_magnifier.gif HTTP/1.1" 200 394 "http://yuvi.in/blog/college-drop/" "Mozilla/5.0 (Windows NT 6.1) AppleWebKit/535.11 (KHTML, like Gecko) Chrome/17.0.963.65 Safari/535.11"
182.71.232.198 - - [05/Mar/2012:20:25:46 -0800] "GET /favicon.ico HTTP/1.1" 404 199 "-" "Mozilla/5.0 (Windows NT 6.1) AppleWebKit/535.11 (KHTML, like Gecko) Chrome/17.0.963.65 Safari/535.11"
182.71.232.198 - - [05/Mar/2012:20:25:51 -0800] "GET /favicon.ico HTTP/1.1" 404 199 "-" "Mozilla/5.0 (Windows NT 6.1) AppleWebKit/535.11 (KHTML, like Gecko) Chrome/17.0.963.65 Safari/535.11"
182.71.232.198 - - [05/Mar/2012:20:25:51 -0800] "GET /favicon.ico HTTP/1.1" 404 199 "-" "Mozilla/5.0 (Windows NT 6.1) AppleWebKit/535.11 (KHTML, like Gecko) Chrome/17.0.963.65 Safari/535.11"
182.71.232.198 - - [05/Mar/2012:20:25:51 -0800] "GET /favicon.ico HTTP/1.1" 404 199 "-" "Mozilla/5.0 (Windows NT 6.1) AppleWebKit/535.11 (KHTML, like Gecko) Chrome/17.0.963.65 Safari/535.11"
