85.17.88.169 - - [27/Mar/2012:15:22:23 -0700] "POST /blog/wp-cron.php?doing_wp_cron=1332886730 HTTP/1.0" 499 0 "-" "WordPress/3.3.1; http://yuvi.in/blog"
50.16.62.175 - - [27/Mar/2012:15:22:23 -0700] "GET /blog/program/trackback HTTP/1.1" 302 0 "" "EC2LinkFinder"
50.16.62.175 - - [27/Mar/2012:15:22:24 -0700] "GET /blog/program/ HTTP/1.1" 200 7452 "" "EC2LinkFinder"
98.172.15.254 - - [27/Mar/2012:15:22:34 -0700] "GET /favicon.ico HTTP/1.1" 404 169 "-" "Caffeinated/1.1.1 CFNetwork/520.3.2 Darwin/11.3.0 (x86_64) (MacBookPro8%2C1)"
98.172.15.254 - - [27/Mar/2012:15:23:31 -0700] "GET /favicon.ico HTTP/1.1" 404 169 "-" "Caffeinated/1.1.1 CFNetwork/520.3.2 Darwin/11.3.0 (x86_64) (MacBookPro8%2C1)"
85.17.88.169 - - [27/Mar/2012:15:23:47 -0700] "POST /blog/wp-cron.php?doing_wp_cron=1332886814 HTTP/1.0" 499 0 "-" "WordPress/3.3.1; http://yuvi.in/blog"
101.226.33.189 - - [27/Mar/2012:15:23:47 -0700] "GET /blog/feed HTTP/1.0" 304 0 "-" "Mozilla/4.0 (compatible; Windows;)"
98.172.15.254 - - [27/Mar/2012:15:23:59 -0700] "GET /favicon.ico HTTP/1.1" 404 169 "-" "Caffeinated/1.1.1 CFNetwork/520.3.2 Darwin/11.3.0 (x86_64) (MacBookPro8%2C1)"
98.172.15.254 - - [27/Mar/2012:15:25:00 -0700] "GET / HTTP/1.1" 304 0 "-" "Caffeinated/1.1.1 CFNetwork/520.3.2 Darwin/11.3.0 (x86_64) (MacBookPro8%2C1)"
98.172.15.254 - - [27/Mar/2012:15:25:00 -0700] "GET /favicon.ico HTTP/1.1" 404 169 "-" "Caffeinated/1.1.1 CFNetwork/520.3.2 Darwin/11.3.0 (x86_64) (MacBookPro8%2C1)"
98.172.15.254 - - [27/Mar/2012:15:25:25 -0700] "GET /favicon.ico HTTP/1.1" 404 169 "-" "Caffeinated/1.1.1 CFNetwork/520.3.2 Darwin/11.3.0 (x86_64) (MacBookPro8%2C1)"
66.220.149.248 - - [27/Mar/2012:15:26:32 -0700] "GET /r/eam HTTP/1.1" 301 255 "-" "facebookexternalhit/1.1 (+http://www.facebook.com/externalhit_uatext.php)"
66.220.149.248 - - [27/Mar/2012:15:26:32 -0700] "GET /s/ta/eam/ HTTP/1.1" 302 421 "-" "facebookexternalhit/1.1 (+http://www.facebook.com/externalhit_uatext.php)"
85.17.88.169 - - [27/Mar/2012:15:29:03 -0700] "POST /blog/wp-cron.php?doing_wp_cron=1332887130 HTTP/1.0" 499 0 "-" "WordPress/3.3.1; http://yuvi.in/blog"
209.85.144.89 - - [27/Mar/2012:15:29:03 -0700] "GET /blog/feed HTTP/1.1" 304 0 "-" "FeedBurner/1.0 (http://www.FeedBurner.com)"
207.46.12.70 - - [27/Mar/2012:15:30:22 -0700] "-" 400 0 "-" "-"
207.46.12.70 - - [27/Mar/2012:15:30:23 -0700] "-" 400 0 "-" "-"
207.46.12.70 - - [27/Mar/2012:15:30:23 -0700] "-" 400 0 "-" "-"
207.46.12.70 - - [27/Mar/2012:15:30:23 -0700] "-" 400 0 "-" "-"
207.46.12.70 - - [27/Mar/2012:15:30:24 -0700] "-" 400 0 "-" "-"
207.46.12.70 - - [27/Mar/2012:15:30:24 -0700] "-" 400 0 "-" "-"
207.46.12.70 - - [27/Mar/2012:15:30:24 -0700] "-" 400 0 "-" "-"
207.46.12.70 - - [27/Mar/2012:15:30:24 -0700] "-" 400 0 "-" "-"
207.46.12.70 - - [27/Mar/2012:15:30:24 -0700] "-" 400 0 "-" "-"
157.55.112.201 - - [27/Mar/2012:15:30:25 -0700] "-" 400 0 "-" "-"
157.55.112.201 - - [27/Mar/2012:15:30:25 -0700] "-" 400 0 "-" "-"
157.55.112.201 - - [27/Mar/2012:15:30:25 -0700] "-" 400 0 "-" "-"
157.55.112.201 - - [27/Mar/2012:15:30:25 -0700] "-" 400 0 "-" "-"
157.55.112.201 - - [27/Mar/2012:15:30:25 -0700] "-" 400 0 "-" "-"
157.55.112.201 - - [27/Mar/2012:15:30:25 -0700] "-" 400 0 "-" "-"
157.55.112.201 - - [27/Mar/2012:15:30:26 -0700] "-" 400 0 "-" "-"
157.55.112.201 - - [27/Mar/2012:15:30:26 -0700] "-" 400 0 "-" "-"
157.55.112.201 - - [27/Mar/2012:15:30:26 -0700] "-" 400 0 "-" "-"
157.55.112.201 - - [27/Mar/2012:15:30:26 -0700] "-" 400 0 "-" "-"
157.55.112.201 - - [27/Mar/2012:15:30:51 -0700] "-" 400 0 "-" "-"
207.46.12.70 - - [27/Mar/2012:15:31:19 -0700] "-" 400 0 "-" "-"
85.17.88.169 - - [27/Mar/2012:15:33:05 -0700] "POST /blog/wp-cron.php?doing_wp_cron=1332887372 HTTP/1.0" 499 0 "-" "WordPress/3.3.1; http://yuvi.in/blog"
72.14.199.121 - - [27/Mar/2012:15:33:06 -0700] "GET /blog/feed HTTP/1.1" 301 0 "-" "Feedfetcher-Google; (+http://www.google.com/feedfetcher.html; 3 subscribers; feed-id=17684830852112633560)"
85.17.88.169 - - [27/Mar/2012:15:33:08 -0700] "POST /blog/wp-cron.php?doing_wp_cron=1332887375 HTTP/1.0" 499 0 "-" "WordPress/3.3.1; http://yuvi.in/blog"
72.14.199.121 - - [27/Mar/2012:15:33:08 -0700] "GET /blog/feed/ HTTP/1.1" 304 0 "-" "Feedfetcher-Google; (+http://www.google.com/feedfetcher.html; 3 subscribers; feed-id=17684830852112633560)"
213.186.127.13 - - [27/Mar/2012:15:36:27 -0700] "GET /r/2zb1 HTTP/1.1" 301 257 "-" "Mozilla/5.0 (compatible; AhrefsBot/2.0; +http://ahrefs.com/robot/)"
69.205.15.41 - - [27/Mar/2012:15:37:21 -0700] "GET /blog/more-effects-for-cheese.html HTTP/1.1" 200 2311 "http://www.google.com/url?sa=t&rct=j&q=cheese%20more%20effects&source=web&cd=2&ved=0CC0QFjAB&url=http%3A%2F%2Fyuvi.in%2Fblog%2Fmore-effects-for-cheese.html&ei=SkByT7XeKKfr0gHgstDmAQ&usg=AFQjCNH7ZVRJrWxQB9X7TGrjWe8cEKQjQg" "Mozilla/5.0 (Macintosh; Intel Mac OS X 10_7_1) AppleWebKit/534.48.3 (KHTML, like Gecko) Version/5.1 Safari/534.48.3"
69.205.15.41 - - [27/Mar/2012:15:37:22 -0700] "GET /blog/static/style.css HTTP/1.1" 200 4753 "http://yuvi.in/blog/more-effects-for-cheese.html" "Mozilla/5.0 (Macintosh; Intel Mac OS X 10_7_1) AppleWebKit/534.48.3 (KHTML, like Gecko) Version/5.1 Safari/534.48.3"
69.205.15.41 - - [27/Mar/2012:15:37:22 -0700] "GET /blog/static/codehilite.css HTTP/1.1" 200 4012 "http://yuvi.in/blog/more-effects-for-cheese.html" "Mozilla/5.0 (Macintosh; Intel Mac OS X 10_7_1) AppleWebKit/534.48.3 (KHTML, like Gecko) Version/5.1 Safari/534.48.3"
69.205.15.41 - - [27/Mar/2012:15:37:23 -0700] "GET /favicon.ico HTTP/1.1" 404 142 "http://yuvi.in/blog/more-effects-for-cheese.html" "Mozilla/5.0 (Macintosh; Intel Mac OS X 10_7_1) AppleWebKit/534.48.3 (KHTML, like Gecko) Version/5.1 Safari/534.48.3"
69.63.189.244 - - [27/Mar/2012:15:43:14 -0700] "GET /r/7gb HTTP/1.1" 301 255 "-" "facebookexternalhit/1.1 (+http://www.facebook.com/externalhit_uatext.php)"
69.63.189.244 - - [27/Mar/2012:15:43:14 -0700] "GET /s/ta/7gb/ HTTP/1.1" 302 497 "-" "facebookexternalhit/1.1 (+http://www.facebook.com/externalhit_uatext.php)"
180.76.5.67 - - [27/Mar/2012:15:45:47 -0700] "GET / HTTP/1.1" 200 3439 "-" "Mozilla/5.0 (compatible; Baiduspider/2.0; +http://www.baidu.com/search/spider.html)"
85.17.88.169 - - [27/Mar/2012:15:47:25 -0700] "POST /blog/wp-cron.php?doing_wp_cron=1332888231 HTTP/1.0" 499 0 "-" "WordPress/3.3.1; http://yuvi.in/blog"
208.115.113.84 - - [27/Mar/2012:15:47:25 -0700] "GET /blog/code-ive-written-so-far/ HTTP/1.1" 200 17772 "-" "Mozilla/5.0 (compatible; Ezooms/1.0; ezooms.bot@gmail.com)"
85.17.88.169 - - [27/Mar/2012:15:47:34 -0700] "POST /blog/wp-cron.php?doing_wp_cron=1332888241 HTTP/1.0" 499 0 "-" "WordPress/3.3.1; http://yuvi.in/blog"
208.115.113.84 - - [27/Mar/2012:15:47:35 -0700] "GET /blog/cute-dress/trackback/ HTTP/1.1" 302 0 "-" "Mozilla/5.0 (compatible; Ezooms/1.0; ezooms.bot@gmail.com)"
208.115.113.84 - - [27/Mar/2012:15:47:39 -0700] "GET /blog/gstreamer-101-at-gnome-asia-2011/ HTTP/1.1" 200 16717 "-" "Mozilla/5.0 (compatible; Ezooms/1.0; ezooms.bot@gmail.com)"
208.115.113.84 - - [27/Mar/2012:15:47:41 -0700] "GET /blog/measure-of-learning-epiphanies-per-session.html HTTP/1.1" 200 6487 "-" "Mozilla/5.0 (compatible; Ezooms/1.0; ezooms.bot@gmail.com)"
208.115.113.84 - - [27/Mar/2012:15:47:43 -0700] "GET /blog/tag/linux.html HTTP/1.1" 200 8182 "-" "Mozilla/5.0 (compatible; Ezooms/1.0; ezooms.bot@gmail.com)"
208.115.113.84 - - [27/Mar/2012:15:47:45 -0700] "GET /blog/tag/python.html HTTP/1.1" 200 13867 "-" "Mozilla/5.0 (compatible; Ezooms/1.0; ezooms.bot@gmail.com)"
85.17.88.169 - - [27/Mar/2012:15:47:48 -0700] "POST /blog/wp-cron.php?doing_wp_cron=1332888255 HTTP/1.0" 499 0 "-" "WordPress/3.3.1; http://yuvi.in/blog"
208.115.113.84 - - [27/Mar/2012:15:47:48 -0700] "GET /blog/the-python-workshop/ HTTP/1.1" 200 19302 "-" "Mozilla/5.0 (compatible; Ezooms/1.0; ezooms.bot@gmail.com)"
220.181.108.145 - - [27/Mar/2012:15:54:43 -0700] "GET /blog/tag/link/ HTTP/1.1" 200 6583 "-" "Mozilla/5.0 (compatible; Baiduspider/2.0; +http://www.baidu.com/search/spider.html)"
82.28.147.145 - - [27/Mar/2012:15:56:42 -0700] "GET /r/3sz HTTP/1.1" 301 255 "http://ta.wikipedia.org/wiki/%E0%AE%B5%E0%AF%87%E0%AE%B2%E0%AE%A3%E0%AF%88" "Mozilla/5.0 (Windows NT 6.1; WOW64; rv:10.0.2) Gecko/20100101 Firefox/10.0.2"
82.28.147.145 - - [27/Mar/2012:15:56:42 -0700] "GET /s/ta/3sz/ HTTP/1.1" 302 325 "http://ta.wikipedia.org/wiki/%E0%AE%B5%E0%AF%87%E0%AE%B2%E0%AE%A3%E0%AF%88" "Mozilla/5.0 (Windows NT 6.1; WOW64; rv:10.0.2) Gecko/20100101 Firefox/10.0.2"
207.46.204.172 - - [27/Mar/2012:15:56:59 -0700] "-" 400 0 "-" "-"
207.46.204.172 - - [27/Mar/2012:15:57:00 -0700] "-" 400 0 "-" "-"
207.46.204.172 - - [27/Mar/2012:15:57:00 -0700] "-" 400 0 "-" "-"
207.46.204.172 - - [27/Mar/2012:15:57:01 -0700] "-" 400 0 "-" "-"
207.46.204.172 - - [27/Mar/2012:15:57:01 -0700] "-" 400 0 "-" "-"
207.46.204.172 - - [27/Mar/2012:15:57:01 -0700] "-" 400 0 "-" "-"
207.46.204.172 - - [27/Mar/2012:15:57:02 -0700] "-" 400 0 "-" "-"
207.46.204.172 - - [27/Mar/2012:15:57:02 -0700] "-" 400 0 "-" "-"
207.46.204.172 - - [27/Mar/2012:15:57:02 -0700] "-" 400 0 "-" "-"
207.46.204.172 - - [27/Mar/2012:15:57:02 -0700] "-" 400 0 "-" "-"
207.46.204.172 - - [27/Mar/2012:15:58:02 -0700] "-" 400 0 "-" "-"
85.17.88.169 - - [27/Mar/2012:15:59:10 -0700] "POST /blog/wp-cron.php?doing_wp_cron=1332888937 HTTP/1.0" 499 0 "-" "WordPress/3.3.1; http://yuvi.in/blog"
209.85.224.92 - - [27/Mar/2012:15:59:10 -0700] "GET /blog/feed HTTP/1.1" 304 0 "-" "FeedBurner/1.0 (http://www.FeedBurner.com)"
173.193.76.203 - - [27/Mar/2012:16:01:42 -0700] "GET /blog/2011/12/ HTTP/1.0" 200 38646 "-" "Mozilla/5.0 (Windows; U; Windows NT 6.1; en-US; rv:1.9.2.13) Gecko/20101203 Firefox/3.6.13"
121.240.146.34 - - [27/Mar/2012:16:04:43 -0700] "GET /r/14j9 HTTP/1.1" 301 257 "http://ta.wikipedia.org/wiki/%E0%AE%87%E0%AE%B2%E0%AF%8D%E0%AE%B2%E0%AE%A4%E0%AF%8D%E0%AE%A4%E0%AF%81%E0%AE%AA%E0%AF%8D_%E0%AE%AA%E0%AE%BF%E0%AE%B3%E0%AF%8D%E0%AE%B3%E0%AF%88%E0%AE%AE%E0%AE%BE%E0%AE%B0%E0%AF%8D" "Mozilla/5.0 (Windows NT 5.1) AppleWebKit/535.11 (KHTML, like Gecko) Chrome/17.0.963.83 Safari/535.11"
121.240.146.34 - - [27/Mar/2012:16:04:43 -0700] "GET /s/ta/14j9/ HTTP/1.1" 302 509 "http://ta.wikipedia.org/wiki/%E0%AE%87%E0%AE%B2%E0%AF%8D%E0%AE%B2%E0%AE%A4%E0%AF%8D%E0%AE%A4%E0%AF%81%E0%AE%AA%E0%AF%8D_%E0%AE%AA%E0%AE%BF%E0%AE%B3%E0%AF%8D%E0%AE%B3%E0%AF%88%E0%AE%AE%E0%AE%BE%E0%AE%B0%E0%AF%8D" "Mozilla/5.0 (Windows NT 5.1) AppleWebKit/535.11 (KHTML, like Gecko) Chrome/17.0.963.83 Safari/535.11"
121.240.146.34 - - [27/Mar/2012:16:05:01 -0700] "-" 400 0 "-" "-"
67.215.230.28 - - [27/Mar/2012:16:08:33 -0700] "GET /robots.txt HTTP/1.0" 404 169 "-" "Setooz/Nutch-1.2 (http://www.setooz.com)"
67.215.230.28 - - [27/Mar/2012:16:08:33 -0700] "GET /stories HTTP/1.0" 301 185 "-" "Setooz/Nutch-1.2 (http://www.setooz.com)"
67.215.230.26 - - [27/Mar/2012:16:08:42 -0700] "GET /robots.txt HTTP/1.0" 404 169 "-" "Setooz/Nutch-1.2 (http://www.setooz.com)"
67.215.230.26 - - [27/Mar/2012:16:08:42 -0700] "GET / HTTP/1.0" 200 3439 "-" "Setooz/Nutch-1.2 (http://www.setooz.com)"
94.228.34.209 - - [27/Mar/2012:16:09:05 -0700] "GET /blog/serendipity.html HTTP/1.1" 304 0 "-" "magpie-crawler/1.1 (U; Linux amd64; en-GB; +http://www.brandwatch.net)"
85.17.88.169 - - [27/Mar/2012:16:09:25 -0700] "POST /blog/wp-cron.php?doing_wp_cron=1332889551 HTTP/1.0" 499 0 "-" "WordPress/3.3.1; http://yuvi.in/blog"
72.14.199.121 - - [27/Mar/2012:16:09:25 -0700] "GET /blog/feed/ HTTP/1.1" 304 0 "-" "Feedfetcher-Google; (+http://www.google.com/feedfetcher.html; 18 subscribers; feed-id=15064232456473204253)"
208.115.111.68 - - [27/Mar/2012:16:12:40 -0700] "GET /robots.txt HTTP/1.1" 404 169 "-" "Mozilla/5.0 (compatible; Ezooms/1.0; ezooms.bot@gmail.com)"
207.46.204.217 - - [27/Mar/2012:16:14:22 -0700] "-" 400 0 "-" "-"
207.46.204.217 - - [27/Mar/2012:16:14:22 -0700] "-" 400 0 "-" "-"
207.46.204.217 - - [27/Mar/2012:16:14:22 -0700] "-" 400 0 "-" "-"
207.46.204.217 - - [27/Mar/2012:16:14:22 -0700] "-" 400 0 "-" "-"
207.46.204.217 - - [27/Mar/2012:16:14:22 -0700] "-" 400 0 "-" "-"
207.46.204.217 - - [27/Mar/2012:16:14:22 -0700] "-" 400 0 "-" "-"
207.46.204.217 - - [27/Mar/2012:16:14:22 -0700] "-" 400 0 "-" "-"
207.46.204.217 - - [27/Mar/2012:16:14:23 -0700] "-" 400 0 "-" "-"
207.46.204.217 - - [27/Mar/2012:16:14:23 -0700] "-" 400 0 "-" "-"
207.46.204.217 - - [27/Mar/2012:16:14:23 -0700] "-" 400 0 "-" "-"
69.171.242.249 - - [27/Mar/2012:16:15:07 -0700] "GET /r/7gb HTTP/1.1" 301 255 "-" "facebookexternalhit/1.1 (+http://www.facebook.com/externalhit_uatext.php)"
69.171.242.250 - - [27/Mar/2012:16:15:08 -0700] "GET /s/ta/7gb/ HTTP/1.1" 302 497 "-" "facebookexternalhit/1.1 (+http://www.facebook.com/externalhit_uatext.php)"
207.46.204.217 - - [27/Mar/2012:16:15:12 -0700] "-" 400 0 "-" "-"
72.229.228.226 - - [27/Mar/2012:16:15:16 -0700] "GET /blog/ HTTP/1.1" 200 9193 "-" "Mozilla/5.0 (X11; Ubuntu; Linux x86_64; rv:11.0) Gecko/20100101 Firefox/11.0"
72.229.228.226 - - [27/Mar/2012:16:15:17 -0700] "GET /blog/wp-content/themes/cleanr/style.css HTTP/1.1" 304 0 "http://yuvi.in/blog/" "Mozilla/5.0 (X11; Ubuntu; Linux x86_64; rv:11.0) Gecko/20100101 Firefox/11.0"
72.229.228.226 - - [27/Mar/2012:16:15:17 -0700] "GET /blog/wp-content/themes/cleanr/js/jquery.dropdown.js?ver=3.3.1 HTTP/1.1" 304 0 "http://yuvi.in/blog/" "Mozilla/5.0 (X11; Ubuntu; Linux x86_64; rv:11.0) Gecko/20100101 Firefox/11.0"
72.229.228.226 - - [27/Mar/2012:16:15:17 -0700] "GET /blog/wp-includes/js/jquery/jquery.js?ver=1.7.1 HTTP/1.1" 304 0 "http://yuvi.in/blog/" "Mozilla/5.0 (X11; Ubuntu; Linux x86_64; rv:11.0) Gecko/20100101 Firefox/11.0"
72.229.228.226 - - [27/Mar/2012:16:15:17 -0700] "GET /blog/wp-content/themes/cleanr/css/text.css HTTP/1.1" 304 0 "http://yuvi.in/blog/wp-content/themes/cleanr/style.css" "Mozilla/5.0 (X11; Ubuntu; Linux x86_64; rv:11.0) Gecko/20100101 Firefox/11.0"
72.229.228.226 - - [27/Mar/2012:16:15:17 -0700] "GET /blog/wp-content/themes/cleanr/css/reset.css HTTP/1.1" 304 0 "http://yuvi.in/blog/wp-content/themes/cleanr/style.css" "Mozilla/5.0 (X11; Ubuntu; Linux x86_64; rv:11.0) Gecko/20100101 Firefox/11.0"
72.229.228.226 - - [27/Mar/2012:16:15:17 -0700] "GET /blog/wp-content/themes/cleanr/css/960.css HTTP/1.1" 304 0 "http://yuvi.in/blog/wp-content/themes/cleanr/style.css" "Mozilla/5.0 (X11; Ubuntu; Linux x86_64; rv:11.0) Gecko/20100101 Firefox/11.0"
72.229.228.226 - - [27/Mar/2012:16:15:18 -0700] "GET /blog/wp-content/themes/cleanr/images/search_magnifier.gif HTTP/1.1" 304 0 "http://yuvi.in/blog/" "Mozilla/5.0 (X11; Ubuntu; Linux x86_64; rv:11.0) Gecko/20100101 Firefox/11.0"
209.85.224.82 - - [27/Mar/2012:16:15:55 -0700] "GET /stories/feed HTTP/1.1" 200 13653 "-" "FeedBurner/1.0 (http://www.FeedBurner.com)"
166.147.112.129 - - [27/Mar/2012:16:16:08 -0700] "GET /favicon.ico HTTP/1.1" 404 142 "-" "Reeder/1.5.5 CFNetwork/548.1.4 Darwin/11.0.0"
94.174.84.73 - - [27/Mar/2012:16:22:14 -0700] "GET /favicon.ico HTTP/1.1" 404 142 "http://prashanth-kamle.blogspot.co.uk/2009/03/viterbi-algorithm-for-second-order.html" "Mozilla/5.0 (X11; Linux i686; rv:10.0.2) Gecko/20100101 Firefox/10.0.2"
207.46.12.68 - - [27/Mar/2012:16:24:22 -0700] "-" 400 0 "-" "-"
207.46.12.68 - - [27/Mar/2012:16:24:23 -0700] "-" 400 0 "-" "-"
207.46.12.68 - - [27/Mar/2012:16:24:24 -0700] "-" 400 0 "-" "-"
207.46.12.68 - - [27/Mar/2012:16:24:24 -0700] "-" 400 0 "-" "-"
207.46.12.68 - - [27/Mar/2012:16:24:24 -0700] "-" 400 0 "-" "-"
207.46.12.68 - - [27/Mar/2012:16:24:24 -0700] "-" 400 0 "-" "-"
207.46.12.68 - - [27/Mar/2012:16:24:25 -0700] "-" 400 0 "-" "-"
207.46.12.68 - - [27/Mar/2012:16:24:25 -0700] "-" 400 0 "-" "-"
207.46.12.68 - - [27/Mar/2012:16:24:25 -0700] "-" 400 0 "-" "-"
207.46.12.68 - - [27/Mar/2012:16:24:25 -0700] "-" 400 0 "-" "-"
207.46.12.68 - - [27/Mar/2012:16:24:49 -0700] "-" 400 0 "-" "-"
98.180.220.78 - - [27/Mar/2012:16:26:05 -0700] "GET / HTTP/1.1" 200 1430 "-" "Caffeinated/1.1.1 CFNetwork/520.3.2 Darwin/11.3.0 (x86_64) (MacBookPro8%2C1)"
98.180.220.78 - - [27/Mar/2012:16:26:05 -0700] "GET /favicon.ico HTTP/1.1" 404 142 "-" "Caffeinated/1.1.1 CFNetwork/520.3.2 Darwin/11.3.0 (x86_64) (MacBookPro8%2C1)"
213.186.127.13 - - [27/Mar/2012:16:26:59 -0700] "GET /blog/cheese-gsoc-report-week-3.html HTTP/1.1" 200 2908 "-" "Mozilla/5.0 (compatible; AhrefsBot/2.0; +http://ahrefs.com/robot/)"
98.180.220.78 - - [27/Mar/2012:16:27:03 -0700] "GET / HTTP/1.1" 200 1430 "-" "Caffeinated/1.1.1 CFNetwork/520.3.2 Darwin/11.3.0 (x86_64) (MacBookPro8%2C1)"
98.180.220.78 - - [27/Mar/2012:16:27:04 -0700] "GET /favicon.ico HTTP/1.1" 404 142 "-" "Caffeinated/1.1.1 CFNetwork/520.3.2 Darwin/11.3.0 (x86_64) (MacBookPro8%2C1)"
98.180.220.78 - - [27/Mar/2012:16:27:37 -0700] "GET / HTTP/1.1" 200 1430 "-" "Caffeinated/1.1.1 CFNetwork/520.3.2 Darwin/11.3.0 (x86_64) (MacBookPro8%2C1)"
98.180.220.78 - - [27/Mar/2012:16:27:37 -0700] "GET /favicon.ico HTTP/1.1" 404 142 "-" "Caffeinated/1.1.1 CFNetwork/520.3.2 Darwin/11.3.0 (x86_64) (MacBookPro8%2C1)"
98.180.220.78 - - [27/Mar/2012:16:28:33 -0700] "GET / HTTP/1.1" 200 1430 "-" "Caffeinated/1.1.1 CFNetwork/520.3.2 Darwin/11.3.0 (x86_64) (MacBookPro8%2C1)"
98.180.220.78 - - [27/Mar/2012:16:28:33 -0700] "GET /favicon.ico HTTP/1.1" 404 142 "-" "Caffeinated/1.1.1 CFNetwork/520.3.2 Darwin/11.3.0 (x86_64) (MacBookPro8%2C1)"
98.180.220.78 - - [27/Mar/2012:16:29:02 -0700] "GET / HTTP/1.1" 200 1430 "-" "Caffeinated/1.1.1 CFNetwork/520.3.2 Darwin/11.3.0 (x86_64) (MacBookPro8%2C1)"
98.180.220.78 - - [27/Mar/2012:16:29:02 -0700] "GET /favicon.ico HTTP/1.1" 404 142 "-" "Caffeinated/1.1.1 CFNetwork/520.3.2 Darwin/11.3.0 (x86_64) (MacBookPro8%2C1)"
85.17.88.169 - - [27/Mar/2012:16:29:18 -0700] "POST /blog/wp-cron.php?doing_wp_cron=1332890744 HTTP/1.0" 499 0 "-" "WordPress/3.3.1; http://yuvi.in/blog"
209.85.224.92 - - [27/Mar/2012:16:29:18 -0700] "GET /blog/feed HTTP/1.1" 304 0 "-" "FeedBurner/1.0 (http://www.FeedBurner.com)"
98.180.220.78 - - [27/Mar/2012:16:30:00 -0700] "GET / HTTP/1.1" 200 1430 "-" "Caffeinated/1.1.1 CFNetwork/520.3.2 Darwin/11.3.0 (x86_64) (MacBookPro8%2C1)"
98.180.220.78 - - [27/Mar/2012:16:30:00 -0700] "GET /favicon.ico HTTP/1.1" 404 142 "-" "Caffeinated/1.1.1 CFNetwork/520.3.2 Darwin/11.3.0 (x86_64) (MacBookPro8%2C1)"
65.52.109.152 - - [27/Mar/2012:16:30:18 -0700] "GET / HTTP/1.1" 304 0 "-" "Mozilla/5.0 (compatible; bingbot/2.0; +http://www.bing.com/bingbot.htm)"
98.180.220.78 - - [27/Mar/2012:16:30:38 -0700] "GET / HTTP/1.1" 200 1430 "-" "Caffeinated/1.1.1 CFNetwork/520.3.2 Darwin/11.3.0 (x86_64) (MacBookPro8%2C1)"
98.180.220.78 - - [27/Mar/2012:16:30:39 -0700] "GET /favicon.ico HTTP/1.1" 404 142 "-" "Caffeinated/1.1.1 CFNetwork/520.3.2 Darwin/11.3.0 (x86_64) (MacBookPro8%2C1)"
98.180.220.78 - - [27/Mar/2012:16:31:33 -0700] "GET / HTTP/1.1" 200 1430 "-" "Caffeinated/1.1.1 CFNetwork/520.3.2 Darwin/11.3.0 (x86_64) (MacBookPro8%2C1)"
98.180.220.78 - - [27/Mar/2012:16:31:33 -0700] "GET /favicon.ico HTTP/1.1" 404 142 "-" "Caffeinated/1.1.1 CFNetwork/520.3.2 Darwin/11.3.0 (x86_64) (MacBookPro8%2C1)"
98.180.220.78 - - [27/Mar/2012:16:32:05 -0700] "GET / HTTP/1.1" 200 1430 "-" "Caffeinated/1.1.1 CFNetwork/520.3.2 Darwin/11.3.0 (x86_64) (MacBookPro8%2C1)"
98.180.220.78 - - [27/Mar/2012:16:32:05 -0700] "GET /favicon.ico HTTP/1.1" 404 142 "-" "Caffeinated/1.1.1 CFNetwork/520.3.2 Darwin/11.3.0 (x86_64) (MacBookPro8%2C1)"
98.180.220.78 - - [27/Mar/2012:16:33:01 -0700] "GET / HTTP/1.1" 200 1430 "-" "Caffeinated/1.1.1 CFNetwork/520.3.2 Darwin/11.3.0 (x86_64) (MacBookPro8%2C1)"
98.180.220.78 - - [27/Mar/2012:16:33:01 -0700] "GET /favicon.ico HTTP/1.1" 404 142 "-" "Caffeinated/1.1.1 CFNetwork/520.3.2 Darwin/11.3.0 (x86_64) (MacBookPro8%2C1)"
98.180.220.78 - - [27/Mar/2012:16:33:32 -0700] "GET / HTTP/1.1" 200 1430 "-" "Caffeinated/1.1.1 CFNetwork/520.3.2 Darwin/11.3.0 (x86_64) (MacBookPro8%2C1)"
98.180.220.78 - - [27/Mar/2012:16:33:32 -0700] "GET /favicon.ico HTTP/1.1" 404 142 "-" "Caffeinated/1.1.1 CFNetwork/520.3.2 Darwin/11.3.0 (x86_64) (MacBookPro8%2C1)"
98.180.220.78 - - [27/Mar/2012:16:34:27 -0700] "GET / HTTP/1.1" 200 1430 "-" "Caffeinated/1.1.1 CFNetwork/520.3.2 Darwin/11.3.0 (x86_64) (MacBookPro8%2C1)"
98.180.220.78 - - [27/Mar/2012:16:34:27 -0700] "GET /favicon.ico HTTP/1.1" 404 142 "-" "Caffeinated/1.1.1 CFNetwork/520.3.2 Darwin/11.3.0 (x86_64) (MacBookPro8%2C1)"
98.180.220.78 - - [27/Mar/2012:16:35:00 -0700] "GET / HTTP/1.1" 200 1430 "-" "Caffeinated/1.1.1 CFNetwork/520.3.2 Darwin/11.3.0 (x86_64) (MacBookPro8%2C1)"
98.180.220.78 - - [27/Mar/2012:16:35:00 -0700] "GET /favicon.ico HTTP/1.1" 404 142 "-" "Caffeinated/1.1.1 CFNetwork/520.3.2 Darwin/11.3.0 (x86_64) (MacBookPro8%2C1)"
98.180.220.78 - - [27/Mar/2012:16:35:52 -0700] "GET / HTTP/1.1" 200 1430 "-" "Caffeinated/1.1.1 CFNetwork/520.3.2 Darwin/11.3.0 (x86_64) (MacBookPro8%2C1)"
98.180.220.78 - - [27/Mar/2012:16:35:52 -0700] "GET /favicon.ico HTTP/1.1" 404 142 "-" "Caffeinated/1.1.1 CFNetwork/520.3.2 Darwin/11.3.0 (x86_64) (MacBookPro8%2C1)"
199.106.103.55 - - [27/Mar/2012:16:36:21 -0700] "GET / HTTP/1.1" 200 3439 "http://yuvi.in/" "Mozilla/5.0 (compatible; MSIE 9.0; Windows NT 6.1; WOW64; Trident/5.0)"
199.106.103.55 - - [27/Mar/2012:16:36:21 -0700] "GET / HTTP/1.1" 200 3439 "-" "Mozilla/5.0 (compatible; MSIE 9.0; Windows NT 6.1; WOW64; Trident/5.0)"
199.106.103.55 - - [27/Mar/2012:16:36:21 -0700] "GET /blueprint/screen.css HTTP/1.1" 200 12058 "http://yuvi.in/" "Mozilla/5.0 (compatible; MSIE 9.0; Windows NT 6.1; WOW64; Trident/5.0)"
199.106.103.55 - - [27/Mar/2012:16:36:21 -0700] "GET /blueprint/print.css HTTP/1.1" 200 1284 "http://yuvi.in/" "Mozilla/5.0 (compatible; MSIE 9.0; Windows NT 6.1; WOW64; Trident/5.0)"
199.106.103.55 - - [27/Mar/2012:16:36:21 -0700] "GET /blueprint/screen.css HTTP/1.1" 200 12058 "http://yuvi.in/" "Mozilla/5.0 (compatible; MSIE 9.0; Windows NT 6.1; WOW64; Trident/5.0)"
199.106.103.55 - - [27/Mar/2012:16:36:21 -0700] "GET /blueprint/print.css HTTP/1.1" 200 1284 "http://yuvi.in/" "Mozilla/5.0 (compatible; MSIE 9.0; Windows NT 6.1; WOW64; Trident/5.0)"
199.106.103.55 - - [27/Mar/2012:16:36:21 -0700] "GET /header.png HTTP/1.1" 200 14249 "http://yuvi.in/" "Mozilla/5.0 (compatible; MSIE 9.0; Windows NT 6.1; WOW64; Trident/5.0)"
98.180.220.78 - - [27/Mar/2012:16:36:25 -0700] "GET / HTTP/1.1" 200 1430 "-" "Caffeinated/1.1.1 CFNetwork/520.3.2 Darwin/11.3.0 (x86_64) (MacBookPro8%2C1)"
98.180.220.78 - - [27/Mar/2012:16:36:25 -0700] "GET /favicon.ico HTTP/1.1" 404 142 "-" "Caffeinated/1.1.1 CFNetwork/520.3.2 Darwin/11.3.0 (x86_64) (MacBookPro8%2C1)"
69.171.234.1 - - [27/Mar/2012:16:36:34 -0700] "GET /r/1uj HTTP/1.1" 301 255 "-" "facebookexternalhit/1.1 (+http://www.facebook.com/externalhit_uatext.php)"
69.171.234.2 - - [27/Mar/2012:16:36:34 -0700] "GET /s/ta/1uj/ HTTP/1.1" 302 501 "-" "facebookexternalhit/1.1 (+http://www.facebook.com/externalhit_uatext.php)"
199.106.103.55 - - [27/Mar/2012:16:37:18 -0700] "GET /blog HTTP/1.1" 301 178 "http://yuvi.in/" "Mozilla/5.0 (compatible; MSIE 9.0; Windows NT 6.1; WOW64; Trident/5.0)"
85.17.88.169 - - [27/Mar/2012:16:37:20 -0700] "POST /blog/wp-cron.php?doing_wp_cron=1332891226 HTTP/1.0" 499 0 "-" "WordPress/3.3.1; http://yuvi.in/blog"
199.106.103.55 - - [27/Mar/2012:16:37:20 -0700] "GET /blog/ HTTP/1.1" 200 9195 "http://yuvi.in/" "Mozilla/5.0 (compatible; MSIE 9.0; Windows NT 6.1; WOW64; Trident/5.0)"
199.106.103.55 - - [27/Mar/2012:16:37:20 -0700] "GET /blog/wp-content/themes/cleanr/style.css HTTP/1.1" 200 3855 "http://yuvi.in/blog/" "Mozilla/5.0 (compatible; MSIE 9.0; Windows NT 6.1; WOW64; Trident/5.0)"
98.180.220.78 - - [27/Mar/2012:16:37:20 -0700] "GET / HTTP/1.1" 200 1430 "-" "Caffeinated/1.1.1 CFNetwork/520.3.2 Darwin/11.3.0 (x86_64) (MacBookPro8%2C1)"
98.180.220.78 - - [27/Mar/2012:16:37:21 -0700] "GET /favicon.ico HTTP/1.1" 404 142 "-" "Caffeinated/1.1.1 CFNetwork/520.3.2 Darwin/11.3.0 (x86_64) (MacBookPro8%2C1)"
199.106.103.55 - - [27/Mar/2012:16:37:21 -0700] "GET /blog/wp-content/themes/cleanr/style.css HTTP/1.1" 200 10508 "http://yuvi.in/blog/" "Mozilla/5.0 (compatible; MSIE 9.0; Windows NT 6.1; WOW64; Trident/5.0)"
199.106.103.55 - - [27/Mar/2012:16:37:21 -0700] "GET /blog/wp-content/themes/cleanr/css/text.css HTTP/1.1" 200 420 "http://yuvi.in/blog/" "Mozilla/5.0 (compatible; MSIE 9.0; Windows NT 6.1; WOW64; Trident/5.0)"
199.106.103.55 - - [27/Mar/2012:16:37:21 -0700] "GET /blog/wp-content/themes/cleanr/css/reset.css HTTP/1.1" 200 648 "http://yuvi.in/blog/" "Mozilla/5.0 (compatible; MSIE 9.0; Windows NT 6.1; WOW64; Trident/5.0)"
199.106.103.55 - - [27/Mar/2012:16:37:21 -0700] "GET /blog/wp-content/themes/cleanr/css/960.css HTTP/1.1" 200 3628 "http://yuvi.in/blog/" "Mozilla/5.0 (compatible; MSIE 9.0; Windows NT 6.1; WOW64; Trident/5.0)"
199.106.103.55 - - [27/Mar/2012:16:37:21 -0700] "GET /blog/wp-content/themes/cleanr/css/ie.css HTTP/1.1" 200 390 "http://yuvi.in/blog/" "Mozilla/5.0 (compatible; MSIE 9.0; Windows NT 6.1; WOW64; Trident/5.0)"
199.106.103.55 - - [27/Mar/2012:16:37:21 -0700] "GET /blog/wp-content/themes/cleanr/js/jquery.dropdown.js?ver=3.3.1 HTTP/1.1" 200 535 "http://yuvi.in/blog/" "Mozilla/5.0 (compatible; MSIE 9.0; Windows NT 6.1; WOW64; Trident/5.0)"
199.106.103.55 - - [27/Mar/2012:16:37:22 -0700] "GET /blog/wp-includes/js/jquery/jquery.js?ver=1.7.1 HTTP/1.1" 200 93889 "http://yuvi.in/blog/" "Mozilla/5.0 (compatible; MSIE 9.0; Windows NT 6.1; WOW64; Trident/5.0)"
199.106.103.55 - - [27/Mar/2012:16:37:23 -0700] "GET /blog/wp-content/themes/cleanr/images/search_magnifier.gif HTTP/1.1" 200 394 "http://yuvi.in/blog/" "Mozilla/5.0 (compatible; MSIE 9.0; Windows NT 6.1; WOW64; Trident/5.0)"
199.106.103.55 - - [27/Mar/2012:16:37:23 -0700] "GET /favicon.ico HTTP/1.1" 404 571 "-" "Mozilla/5.0 (compatible; MSIE 9.0; Windows NT 6.1; WOW64; Trident/5.0)"
199.106.103.55 - - [27/Mar/2012:16:37:34 -0700] "GET /blog/ HTTP/1.1" 200 9195 "http://yuvi.in/" "Mozilla/5.0 (compatible; MSIE 9.0; Windows NT 6.1; WOW64; Trident/5.0)"
199.106.103.55 - - [27/Mar/2012:16:37:34 -0700] "GET /favicon.ico HTTP/1.1" 404 571 "-" "Mozilla/5.0 (compatible; MSIE 9.0; Windows NT 6.1; WOW64; Trident/5.0)"
98.180.220.78 - - [27/Mar/2012:16:37:49 -0700] "GET / HTTP/1.1" 200 1430 "-" "Caffeinated/1.1.1 CFNetwork/520.3.2 Darwin/11.3.0 (x86_64) (MacBookPro8%2C1)"
98.180.220.78 - - [27/Mar/2012:16:37:49 -0700] "GET /favicon.ico HTTP/1.1" 404 142 "-" "Caffeinated/1.1.1 CFNetwork/520.3.2 Darwin/11.3.0 (x86_64) (MacBookPro8%2C1)"
98.180.220.78 - - [27/Mar/2012:16:38:49 -0700] "GET / HTTP/1.1" 200 1430 "-" "Caffeinated/1.1.1 CFNetwork/520.3.2 Darwin/11.3.0 (x86_64) (MacBookPro8%2C1)"
98.180.220.78 - - [27/Mar/2012:16:38:49 -0700] "GET /favicon.ico HTTP/1.1" 404 142 "-" "Caffeinated/1.1.1 CFNetwork/520.3.2 Darwin/11.3.0 (x86_64) (MacBookPro8%2C1)"
98.180.220.78 - - [27/Mar/2012:16:39:17 -0700] "GET / HTTP/1.1" 200 1430 "-" "Caffeinated/1.1.1 CFNetwork/520.3.2 Darwin/11.3.0 (x86_64) (MacBookPro8%2C1)"
98.180.220.78 - - [27/Mar/2012:16:39:17 -0700] "GET /favicon.ico HTTP/1.1" 404 142 "-" "Caffeinated/1.1.1 CFNetwork/520.3.2 Darwin/11.3.0 (x86_64) (MacBookPro8%2C1)"
85.17.88.169 - - [27/Mar/2012:16:39:21 -0700] "POST /blog/wp-cron.php?doing_wp_cron=1332891347 HTTP/1.0" 499 0 "-" "WordPress/3.3.1; http://yuvi.in/blog"
199.106.103.55 - - [27/Mar/2012:16:39:21 -0700] "GET /blog/tag/education/ HTTP/1.1" 200 9897 "http://yuvi.in/blog/" "Mozilla/5.0 (compatible; MSIE 9.0; Windows NT 6.1; WOW64; Trident/5.0)"
66.249.71.101 - - [27/Mar/2012:16:39:45 -0700] "GET /robots.txt HTTP/1.1" 404 142 "-" "Mozilla/5.0 (compatible; Googlebot/2.1; +http://www.google.com/bot.html)"
66.249.71.101 - - [27/Mar/2012:16:39:46 -0700] "GET /admin/routes/route/3274/ HTTP/1.1" 404 142 "-" "Mozilla/5.0 (compatible; Googlebot/2.1; +http://www.google.com/bot.html)"
66.220.149.246 - - [27/Mar/2012:16:40:02 -0700] "GET /r/1ipf HTTP/1.1" 404 142 "-" "facebookexternalhit/1.1 (+http://www.facebook.com/externalhit_uatext.php)"
98.180.220.78 - - [27/Mar/2012:16:40:17 -0700] "GET / HTTP/1.1" 200 1430 "-" "Caffeinated/1.1.1 CFNetwork/520.3.2 Darwin/11.3.0 (x86_64) (MacBookPro8%2C1)"
98.180.220.78 - - [27/Mar/2012:16:40:17 -0700] "GET /favicon.ico HTTP/1.1" 404 142 "-" "Caffeinated/1.1.1 CFNetwork/520.3.2 Darwin/11.3.0 (x86_64) (MacBookPro8%2C1)"
66.220.149.247 - - [27/Mar/2012:16:40:21 -0700] "GET /r/1ipf HTTP/1.1" 404 142 "-" "facebookexternalhit/1.1 (+http://www.facebook.com/externalhit_uatext.php)"
98.180.220.78 - - [27/Mar/2012:16:40:44 -0700] "GET / HTTP/1.1" 200 1430 "-" "Caffeinated/1.1.1 CFNetwork/520.3.2 Darwin/11.3.0 (x86_64) (MacBookPro8%2C1)"
98.180.220.78 - - [27/Mar/2012:16:40:44 -0700] "GET /favicon.ico HTTP/1.1" 404 142 "-" "Caffeinated/1.1.1 CFNetwork/520.3.2 Darwin/11.3.0 (x86_64) (MacBookPro8%2C1)"
157.55.112.203 - - [27/Mar/2012:16:41:24 -0700] "-" 400 0 "-" "-"
157.55.112.203 - - [27/Mar/2012:16:41:26 -0700] "-" 400 0 "-" "-"
157.55.112.203 - - [27/Mar/2012:16:41:27 -0700] "-" 400 0 "-" "-"
157.55.112.203 - - [27/Mar/2012:16:41:27 -0700] "-" 400 0 "-" "-"
157.55.112.203 - - [27/Mar/2012:16:41:28 -0700] "-" 400 0 "-" "-"
157.55.112.203 - - [27/Mar/2012:16:41:28 -0700] "-" 400 0 "-" "-"
157.55.112.203 - - [27/Mar/2012:16:41:28 -0700] "-" 400 0 "-" "-"
157.55.112.203 - - [27/Mar/2012:16:41:28 -0700] "-" 400 0 "-" "-"
157.55.112.203 - - [27/Mar/2012:16:41:28 -0700] "-" 400 0 "-" "-"
157.55.112.203 - - [27/Mar/2012:16:41:28 -0700] "-" 400 0 "-" "-"
85.17.88.169 - - [27/Mar/2012:16:41:36 -0700] "POST /blog/wp-cron.php?doing_wp_cron=1332891482 HTTP/1.0" 499 0 "-" "WordPress/3.3.1; http://yuvi.in/blog"
72.14.199.121 - - [27/Mar/2012:16:41:36 -0700] "GET /blog/feed HTTP/1.1" 301 0 "-" "Feedfetcher-Google; (+http://www.google.com/feedfetcher.html; 3 subscribers; feed-id=17684830852112633560)"
85.17.88.169 - - [27/Mar/2012:16:41:38 -0700] "POST /blog/wp-cron.php?doing_wp_cron=1332891484 HTTP/1.0" 499 0 "-" "WordPress/3.3.1; http://yuvi.in/blog"
72.14.199.121 - - [27/Mar/2012:16:41:38 -0700] "GET /blog/feed/ HTTP/1.1" 304 0 "-" "Feedfetcher-Google; (+http://www.google.com/feedfetcher.html; 3 subscribers; feed-id=17684830852112633560)"
157.55.112.203 - - [27/Mar/2012:16:41:43 -0700] "-" 400 0 "-" "-"
98.180.220.78 - - [27/Mar/2012:16:41:45 -0700] "GET / HTTP/1.1" 200 1430 "-" "Caffeinated/1.1.1 CFNetwork/520.3.2 Darwin/11.3.0 (x86_64) (MacBookPro8%2C1)"
98.180.220.78 - - [27/Mar/2012:16:41:45 -0700] "GET /favicon.ico HTTP/1.1" 404 142 "-" "Caffeinated/1.1.1 CFNetwork/520.3.2 Darwin/11.3.0 (x86_64) (MacBookPro8%2C1)"
98.180.220.78 - - [27/Mar/2012:16:42:11 -0700] "GET / HTTP/1.1" 200 1430 "-" "Caffeinated/1.1.1 CFNetwork/520.3.2 Darwin/11.3.0 (x86_64) (MacBookPro8%2C1)"
98.180.220.78 - - [27/Mar/2012:16:42:11 -0700] "GET /favicon.ico HTTP/1.1" 404 142 "-" "Caffeinated/1.1.1 CFNetwork/520.3.2 Darwin/11.3.0 (x86_64) (MacBookPro8%2C1)"
213.186.127.13 - - [27/Mar/2012:16:42:58 -0700] "GET /r/g0h HTTP/1.1" 301 255 "-" "Mozilla/5.0 (compatible; AhrefsBot/2.0; +http://ahrefs.com/robot/)"
98.180.220.78 - - [27/Mar/2012:16:43:13 -0700] "GET / HTTP/1.1" 200 1430 "-" "Caffeinated/1.1.1 CFNetwork/520.3.2 Darwin/11.3.0 (x86_64) (MacBookPro8%2C1)"
98.180.220.78 - - [27/Mar/2012:16:43:13 -0700] "GET /favicon.ico HTTP/1.1" 404 142 "-" "Caffeinated/1.1.1 CFNetwork/520.3.2 Darwin/11.3.0 (x86_64) (MacBookPro8%2C1)"
157.55.112.208 - - [27/Mar/2012:16:43:36 -0700] "-" 400 0 "-" "-"
199.106.103.55 - - [27/Mar/2012:16:43:37 -0700] "GET /blog/ HTTP/1.1" 200 9195 "http://yuvi.in/" "Mozilla/5.0 (compatible; MSIE 9.0; Windows NT 6.1; WOW64; Trident/5.0)"
157.55.112.208 - - [27/Mar/2012:16:43:41 -0700] "-" 400 0 "-" "-"
157.55.112.208 - - [27/Mar/2012:16:43:42 -0700] "-" 400 0 "-" "-"
157.55.112.208 - - [27/Mar/2012:16:43:43 -0700] "-" 400 0 "-" "-"
157.55.112.208 - - [27/Mar/2012:16:43:43 -0700] "-" 400 0 "-" "-"
98.180.220.78 - - [27/Mar/2012:16:43:44 -0700] "GET / HTTP/1.1" 200 1430 "-" "Caffeinated/1.1.1 CFNetwork/520.3.2 Darwin/11.3.0 (x86_64) (MacBookPro8%2C1)"
98.180.220.78 - - [27/Mar/2012:16:43:44 -0700] "GET /favicon.ico HTTP/1.1" 404 142 "-" "Caffeinated/1.1.1 CFNetwork/520.3.2 Darwin/11.3.0 (x86_64) (MacBookPro8%2C1)"
85.17.88.169 - - [27/Mar/2012:16:43:44 -0700] "POST /blog/wp-cron.php?doing_wp_cron=1332891611 HTTP/1.0" 499 0 "-" "WordPress/3.3.1; http://yuvi.in/blog"
199.106.103.55 - - [27/Mar/2012:16:43:44 -0700] "GET /blog/college-drop/ HTTP/1.1" 200 4511 "http://yuvi.in/blog/" "Mozilla/5.0 (compatible; MSIE 9.0; Windows NT 6.1; WOW64; Trident/5.0)"
157.55.112.208 - - [27/Mar/2012:16:43:47 -0700] "-" 400 0 "-" "-"
85.17.88.169 - - [27/Mar/2012:16:43:48 -0700] "POST /blog/wp-cron.php?doing_wp_cron=1332891614 HTTP/1.0" 499 0 "-" "WordPress/3.3.1; http://yuvi.in/blog"
199.106.103.55 - - [27/Mar/2012:16:43:48 -0700] "GET /blog/college-drop/?cf_action=sync_comments&post_id=393 HTTP/1.1" 200 48 "http://yuvi.in/blog/college-drop/" "Mozilla/5.0 (compatible; MSIE 9.0; Windows NT 6.1; WOW64; Trident/5.0)"
157.55.112.208 - - [27/Mar/2012:16:43:48 -0700] "-" 400 0 "-" "-"
157.55.112.208 - - [27/Mar/2012:16:43:49 -0700] "-" 400 0 "-" "-"
157.55.112.208 - - [27/Mar/2012:16:43:49 -0700] "-" 400 0 "-" "-"
157.55.112.208 - - [27/Mar/2012:16:43:50 -0700] "-" 400 0 "-" "-"
199.106.103.55 - - [27/Mar/2012:16:43:55 -0700] "GET /blog/ HTTP/1.1" 200 9195 "http://yuvi.in/" "Mozilla/5.0 (compatible; MSIE 9.0; Windows NT 6.1; WOW64; Trident/5.0)"
98.180.220.78 - - [27/Mar/2012:16:44:41 -0700] "GET / HTTP/1.1" 200 1430 "-" "Caffeinated/1.1.1 CFNetwork/520.3.2 Darwin/11.3.0 (x86_64) (MacBookPro8%2C1)"
98.180.220.78 - - [27/Mar/2012:16:44:41 -0700] "GET /favicon.ico HTTP/1.1" 404 142 "-" "Caffeinated/1.1.1 CFNetwork/520.3.2 Darwin/11.3.0 (x86_64) (MacBookPro8%2C1)"
157.55.112.208 - - [27/Mar/2012:16:44:43 -0700] "-" 400 0 "-" "-"
98.180.220.78 - - [27/Mar/2012:16:45:13 -0700] "GET / HTTP/1.1" 200 1430 "-" "Caffeinated/1.1.1 CFNetwork/520.3.2 Darwin/11.3.0 (x86_64) (MacBookPro8%2C1)"
98.180.220.78 - - [27/Mar/2012:16:45:13 -0700] "GET /favicon.ico HTTP/1.1" 404 142 "-" "Caffeinated/1.1.1 CFNetwork/520.3.2 Darwin/11.3.0 (x86_64) (MacBookPro8%2C1)"
98.180.220.78 - - [27/Mar/2012:16:46:10 -0700] "GET / HTTP/1.1" 200 1430 "-" "Caffeinated/1.1.1 CFNetwork/520.3.2 Darwin/11.3.0 (x86_64) (MacBookPro8%2C1)"
98.180.220.78 - - [27/Mar/2012:16:46:10 -0700] "GET /favicon.ico HTTP/1.1" 404 142 "-" "Caffeinated/1.1.1 CFNetwork/520.3.2 Darwin/11.3.0 (x86_64) (MacBookPro8%2C1)"
98.180.220.78 - - [27/Mar/2012:16:46:50 -0700] "GET / HTTP/1.1" 200 1430 "-" "Caffeinated/1.1.1 CFNetwork/520.3.2 Darwin/11.3.0 (x86_64) (MacBookPro8%2C1)"
98.180.220.78 - - [27/Mar/2012:16:46:50 -0700] "GET /favicon.ico HTTP/1.1" 404 142 "-" "Caffeinated/1.1.1 CFNetwork/520.3.2 Darwin/11.3.0 (x86_64) (MacBookPro8%2C1)"
98.180.220.78 - - [27/Mar/2012:16:47:49 -0700] "GET / HTTP/1.1" 200 1430 "-" "Caffeinated/1.1.1 CFNetwork/520.3.2 Darwin/11.3.0 (x86_64) (MacBookPro8%2C1)"
98.180.220.78 - - [27/Mar/2012:16:47:49 -0700] "GET /favicon.ico HTTP/1.1" 404 142 "-" "Caffeinated/1.1.1 CFNetwork/520.3.2 Darwin/11.3.0 (x86_64) (MacBookPro8%2C1)"
199.106.103.55 - - [27/Mar/2012:16:47:53 -0700] "GET /blog/ HTTP/1.1" 200 9195 "http://yuvi.in/" "Mozilla/5.0 (compatible; MSIE 9.0; Windows NT 6.1; WOW64; Trident/5.0)"
199.106.103.55 - - [27/Mar/2012:16:48:35 -0700] "GET /blog/ HTTP/1.1" 200 9195 "http://yuvi.in/" "Mozilla/5.0 (compatible; MSIE 9.0; Windows NT 6.1; WOW64; Trident/5.0)"
98.180.220.78 - - [27/Mar/2012:16:48:37 -0700] "GET / HTTP/1.1" 200 1430 "-" "Caffeinated/1.1.1 CFNetwork/520.3.2 Darwin/11.3.0 (x86_64) (MacBookPro8%2C1)"
98.180.220.78 - - [27/Mar/2012:16:48:37 -0700] "GET /favicon.ico HTTP/1.1" 404 142 "-" "Caffeinated/1.1.1 CFNetwork/520.3.2 Darwin/11.3.0 (x86_64) (MacBookPro8%2C1)"
98.180.220.78 - - [27/Mar/2012:16:49:21 -0700] "GET / HTTP/1.1" 200 1430 "-" "Caffeinated/1.1.1 CFNetwork/520.3.2 Darwin/11.3.0 (x86_64) (MacBookPro8%2C1)"
98.180.220.78 - - [27/Mar/2012:16:49:22 -0700] "GET /favicon.ico HTTP/1.1" 404 142 "-" "Caffeinated/1.1.1 CFNetwork/520.3.2 Darwin/11.3.0 (x86_64) (MacBookPro8%2C1)"
207.46.204.209 - - [27/Mar/2012:16:49:29 -0700] "-" 400 0 "-" "-"
207.46.204.209 - - [27/Mar/2012:16:49:30 -0700] "-" 400 0 "-" "-"
207.46.204.209 - - [27/Mar/2012:16:49:30 -0700] "-" 400 0 "-" "-"
207.46.204.209 - - [27/Mar/2012:16:49:30 -0700] "-" 400 0 "-" "-"
207.46.204.209 - - [27/Mar/2012:16:49:31 -0700] "-" 400 0 "-" "-"
207.46.204.209 - - [27/Mar/2012:16:49:31 -0700] "-" 400 0 "-" "-"
207.46.204.209 - - [27/Mar/2012:16:49:31 -0700] "-" 400 0 "-" "-"
207.46.204.209 - - [27/Mar/2012:16:49:32 -0700] "-" 400 0 "-" "-"
207.46.204.209 - - [27/Mar/2012:16:49:32 -0700] "-" 400 0 "-" "-"
98.180.220.78 - - [27/Mar/2012:16:50:05 -0700] "GET / HTTP/1.1" 200 1430 "-" "Caffeinated/1.1.1 CFNetwork/520.3.2 Darwin/11.3.0 (x86_64) (MacBookPro8%2C1)"
98.180.220.78 - - [27/Mar/2012:16:50:05 -0700] "GET /favicon.ico HTTP/1.1" 404 142 "-" "Caffeinated/1.1.1 CFNetwork/520.3.2 Darwin/11.3.0 (x86_64) (MacBookPro8%2C1)"
98.180.220.78 - - [27/Mar/2012:16:50:51 -0700] "GET / HTTP/1.1" 200 1430 "-" "Caffeinated/1.1.1 CFNetwork/520.3.2 Darwin/11.3.0 (x86_64) (MacBookPro8%2C1)"
98.180.220.78 - - [27/Mar/2012:16:50:51 -0700] "GET /favicon.ico HTTP/1.1" 404 142 "-" "Caffeinated/1.1.1 CFNetwork/520.3.2 Darwin/11.3.0 (x86_64) (MacBookPro8%2C1)"
98.180.220.78 - - [27/Mar/2012:16:51:28 -0700] "GET / HTTP/1.1" 200 1430 "-" "Caffeinated/1.1.1 CFNetwork/520.3.2 Darwin/11.3.0 (x86_64) (MacBookPro8%2C1)"
98.180.220.78 - - [27/Mar/2012:16:51:28 -0700] "GET /favicon.ico HTTP/1.1" 404 142 "-" "Caffeinated/1.1.1 CFNetwork/520.3.2 Darwin/11.3.0 (x86_64) (MacBookPro8%2C1)"
98.180.220.78 - - [27/Mar/2012:16:52:18 -0700] "GET / HTTP/1.1" 200 1430 "-" "Caffeinated/1.1.1 CFNetwork/520.3.2 Darwin/11.3.0 (x86_64) (MacBookPro8%2C1)"
98.180.220.78 - - [27/Mar/2012:16:52:18 -0700] "GET /favicon.ico HTTP/1.1" 404 142 "-" "Caffeinated/1.1.1 CFNetwork/520.3.2 Darwin/11.3.0 (x86_64) (MacBookPro8%2C1)"
98.180.220.78 - - [27/Mar/2012:16:52:58 -0700] "GET / HTTP/1.1" 200 1430 "-" "Caffeinated/1.1.1 CFNetwork/520.3.2 Darwin/11.3.0 (x86_64) (MacBookPro8%2C1)"
98.180.220.78 - - [27/Mar/2012:16:52:58 -0700] "GET /favicon.ico HTTP/1.1" 404 142 "-" "Caffeinated/1.1.1 CFNetwork/520.3.2 Darwin/11.3.0 (x86_64) (MacBookPro8%2C1)"
85.17.88.169 - - [27/Mar/2012:16:53:31 -0700] "POST /blog/wp-cron.php?doing_wp_cron=1332892197 HTTP/1.0" 499 0 "-" "WordPress/3.3.1; http://yuvi.in/blog"
178.238.141.118 - - [27/Mar/2012:16:53:31 -0700] "POST /blog/wp-login.php HTTP/1.1" 200 3473 "-" "Mozilla/4.0 (compatible; MSIE 6.0; Windows NT 5.1)"
98.180.220.78 - - [27/Mar/2012:16:53:47 -0700] "GET / HTTP/1.1" 200 1430 "-" "Caffeinated/1.1.1 CFNetwork/520.3.2 Darwin/11.3.0 (x86_64) (MacBookPro8%2C1)"
98.180.220.78 - - [27/Mar/2012:16:53:47 -0700] "GET /favicon.ico HTTP/1.1" 404 142 "-" "Caffeinated/1.1.1 CFNetwork/520.3.2 Darwin/11.3.0 (x86_64) (MacBookPro8%2C1)"
98.180.220.78 - - [27/Mar/2012:16:54:25 -0700] "GET / HTTP/1.1" 200 1430 "-" "Caffeinated/1.1.1 CFNetwork/520.3.2 Darwin/11.3.0 (x86_64) (MacBookPro8%2C1)"
98.180.220.78 - - [27/Mar/2012:16:54:25 -0700] "GET /favicon.ico HTTP/1.1" 404 142 "-" "Caffeinated/1.1.1 CFNetwork/520.3.2 Darwin/11.3.0 (x86_64) (MacBookPro8%2C1)"
207.46.204.212 - - [27/Mar/2012:16:54:55 -0700] "-" 400 0 "-" "-"
207.46.204.212 - - [27/Mar/2012:16:54:55 -0700] "-" 400 0 "-" "-"
207.46.204.212 - - [27/Mar/2012:16:54:55 -0700] "-" 400 0 "-" "-"
207.46.204.212 - - [27/Mar/2012:16:54:55 -0700] "-" 400 0 "-" "-"
207.46.204.212 - - [27/Mar/2012:16:54:56 -0700] "-" 400 0 "-" "-"
207.46.204.212 - - [27/Mar/2012:16:54:56 -0700] "-" 400 0 "-" "-"
207.46.204.212 - - [27/Mar/2012:16:54:56 -0700] "-" 400 0 "-" "-"
207.46.204.212 - - [27/Mar/2012:16:54:56 -0700] "-" 400 0 "-" "-"
207.46.204.212 - - [27/Mar/2012:16:54:56 -0700] "-" 400 0 "-" "-"
207.46.204.212 - - [27/Mar/2012:16:54:56 -0700] "-" 400 0 "-" "-"
157.55.112.201 - - [27/Mar/2012:16:55:06 -0700] "-" 400 0 "-" "-"
157.55.112.201 - - [27/Mar/2012:16:55:11 -0700] "-" 400 0 "-" "-"
157.55.112.201 - - [27/Mar/2012:16:55:12 -0700] "-" 400 0 "-" "-"
157.55.112.201 - - [27/Mar/2012:16:55:13 -0700] "-" 400 0 "-" "-"
157.55.112.201 - - [27/Mar/2012:16:55:13 -0700] "-" 400 0 "-" "-"
98.180.220.78 - - [27/Mar/2012:16:55:16 -0700] "GET / HTTP/1.1" 200 1430 "-" "Caffeinated/1.1.1 CFNetwork/520.3.2 Darwin/11.3.0 (x86_64) (MacBookPro8%2C1)"
98.180.220.78 - - [27/Mar/2012:16:55:16 -0700] "GET /favicon.ico HTTP/1.1" 404 142 "-" "Caffeinated/1.1.1 CFNetwork/520.3.2 Darwin/11.3.0 (x86_64) (MacBookPro8%2C1)"
157.55.112.201 - - [27/Mar/2012:16:55:16 -0700] "-" 400 0 "-" "-"
207.46.204.212 - - [27/Mar/2012:16:55:17 -0700] "-" 400 0 "-" "-"
157.55.112.201 - - [27/Mar/2012:16:55:17 -0700] "-" 400 0 "-" "-"
157.55.112.201 - - [27/Mar/2012:16:55:19 -0700] "-" 400 0 "-" "-"
157.55.112.201 - - [27/Mar/2012:16:55:20 -0700] "-" 400 0 "-" "-"
157.55.112.201 - - [27/Mar/2012:16:55:21 -0700] "-" 400 0 "-" "-"
98.180.220.78 - - [27/Mar/2012:16:55:51 -0700] "GET / HTTP/1.1" 200 1430 "-" "Caffeinated/1.1.1 CFNetwork/520.3.2 Darwin/11.3.0 (x86_64) (MacBookPro8%2C1)"
98.180.220.78 - - [27/Mar/2012:16:55:51 -0700] "GET /favicon.ico HTTP/1.1" 404 142 "-" "Caffeinated/1.1.1 CFNetwork/520.3.2 Darwin/11.3.0 (x86_64) (MacBookPro8%2C1)"
157.55.112.201 - - [27/Mar/2012:16:56:18 -0700] "-" 400 0 "-" "-"
98.180.220.78 - - [27/Mar/2012:16:56:47 -0700] "GET / HTTP/1.1" 200 1430 "-" "Caffeinated/1.1.1 CFNetwork/520.3.2 Darwin/11.3.0 (x86_64) (MacBookPro8%2C1)"
98.180.220.78 - - [27/Mar/2012:16:56:47 -0700] "GET /favicon.ico HTTP/1.1" 404 142 "-" "Caffeinated/1.1.1 CFNetwork/520.3.2 Darwin/11.3.0 (x86_64) (MacBookPro8%2C1)"
98.180.220.78 - - [27/Mar/2012:16:57:19 -0700] "GET / HTTP/1.1" 200 1430 "-" "Caffeinated/1.1.1 CFNetwork/520.3.2 Darwin/11.3.0 (x86_64) (MacBookPro8%2C1)"
98.180.220.78 - - [27/Mar/2012:16:57:19 -0700] "GET /favicon.ico HTTP/1.1" 404 142 "-" "Caffeinated/1.1.1 CFNetwork/520.3.2 Darwin/11.3.0 (x86_64) (MacBookPro8%2C1)"
98.180.220.78 - - [27/Mar/2012:16:58:18 -0700] "GET / HTTP/1.1" 200 1430 "-" "Caffeinated/1.1.1 CFNetwork/520.3.2 Darwin/11.3.0 (x86_64) (MacBookPro8%2C1)"
98.180.220.78 - - [27/Mar/2012:16:58:19 -0700] "GET /favicon.ico HTTP/1.1" 404 142 "-" "Caffeinated/1.1.1 CFNetwork/520.3.2 Darwin/11.3.0 (x86_64) (MacBookPro8%2C1)"
98.180.220.78 - - [27/Mar/2012:16:58:50 -0700] "GET / HTTP/1.1" 200 1430 "-" "Caffeinated/1.1.1 CFNetwork/520.3.2 Darwin/11.3.0 (x86_64) (MacBookPro8%2C1)"
98.180.220.78 - - [27/Mar/2012:16:58:50 -0700] "GET /favicon.ico HTTP/1.1" 404 142 "-" "Caffeinated/1.1.1 CFNetwork/520.3.2 Darwin/11.3.0 (x86_64) (MacBookPro8%2C1)"
117.193.131.37 - - [27/Mar/2012:16:59:12 -0700] "-" 400 0 "-" "-"
98.180.220.78 - - [27/Mar/2012:16:59:49 -0700] "GET / HTTP/1.1" 200 1430 "-" "Caffeinated/1.1.1 CFNetwork/520.3.2 Darwin/11.3.0 (x86_64) (MacBookPro8%2C1)"
98.180.220.78 - - [27/Mar/2012:16:59:49 -0700] "GET /favicon.ico HTTP/1.1" 404 142 "-" "Caffeinated/1.1.1 CFNetwork/520.3.2 Darwin/11.3.0 (x86_64) (MacBookPro8%2C1)"
98.180.220.78 - - [27/Mar/2012:17:00:14 -0700] "GET / HTTP/1.1" 200 1430 "-" "Caffeinated/1.1.1 CFNetwork/520.3.2 Darwin/11.3.0 (x86_64) (MacBookPro8%2C1)"
98.180.220.78 - - [27/Mar/2012:17:00:14 -0700] "GET /favicon.ico HTTP/1.1" 404 142 "-" "Caffeinated/1.1.1 CFNetwork/520.3.2 Darwin/11.3.0 (x86_64) (MacBookPro8%2C1)"
98.180.220.78 - - [27/Mar/2012:17:01:14 -0700] "GET / HTTP/1.1" 200 1430 "-" "Caffeinated/1.1.1 CFNetwork/520.3.2 Darwin/11.3.0 (x86_64) (MacBookPro8%2C1)"
98.180.220.78 - - [27/Mar/2012:17:01:14 -0700] "GET /favicon.ico HTTP/1.1" 404 142 "-" "Caffeinated/1.1.1 CFNetwork/520.3.2 Darwin/11.3.0 (x86_64) (MacBookPro8%2C1)"
85.17.88.169 - - [27/Mar/2012:17:01:21 -0700] "POST /blog/wp-cron.php?doing_wp_cron=1332892668 HTTP/1.0" 499 0 "-" "WordPress/3.3.1; http://yuvi.in/blog"
101.226.33.190 - - [27/Mar/2012:17:01:22 -0700] "GET /blog/feed HTTP/1.0" 304 0 "-" "Mozilla/4.0 (compatible; Windows;)"
98.180.220.78 - - [27/Mar/2012:17:01:39 -0700] "GET / HTTP/1.1" 200 1430 "-" "Caffeinated/1.1.1 CFNetwork/520.3.2 Darwin/11.3.0 (x86_64) (MacBookPro8%2C1)"
98.180.220.78 - - [27/Mar/2012:17:01:39 -0700] "GET /favicon.ico HTTP/1.1" 404 142 "-" "Caffeinated/1.1.1 CFNetwork/520.3.2 Darwin/11.3.0 (x86_64) (MacBookPro8%2C1)"
98.180.220.78 - - [27/Mar/2012:17:02:40 -0700] "GET / HTTP/1.1" 200 1430 "-" "Caffeinated/1.1.1 CFNetwork/520.3.2 Darwin/11.3.0 (x86_64) (MacBookPro8%2C1)"
98.180.220.78 - - [27/Mar/2012:17:02:40 -0700] "GET /favicon.ico HTTP/1.1" 404 142 "-" "Caffeinated/1.1.1 CFNetwork/520.3.2 Darwin/11.3.0 (x86_64) (MacBookPro8%2C1)"
66.220.146.249 - - [27/Mar/2012:17:02:42 -0700] "GET /r/bmu\xE0\xAE\x95\xE0\xAE\x9F\xE0\xAF\x8D\xE0\xAE\x9F\xE0\xAE\xB1\xE0\xAF\x8D\xE0\xAE\xB1 HTTP/1.1" 301 381 "-" "facebookexternalhit/1.1 (+http://www.facebook.com/externalhit_uatext.php)"
66.220.146.244 - - [27/Mar/2012:17:02:42 -0700] "GET /s/ta/bmu%E0%AE%95%E0%AE%9F%E0%AF%8D%E0%AE%9F%E0%AE%B1%E0%AF%8D%E0%AE%B1/ HTTP/1.1" 502 173 "-" "facebookexternalhit/1.1 (+http://www.facebook.com/externalhit_uatext.php)"
98.180.220.78 - - [27/Mar/2012:17:03:02 -0700] "GET / HTTP/1.1" 200 1430 "-" "Caffeinated/1.1.1 CFNetwork/520.3.2 Darwin/11.3.0 (x86_64) (MacBookPro8%2C1)"
98.180.220.78 - - [27/Mar/2012:17:03:02 -0700] "GET /favicon.ico HTTP/1.1" 404 142 "-" "Caffeinated/1.1.1 CFNetwork/520.3.2 Darwin/11.3.0 (x86_64) (MacBookPro8%2C1)"
101.212.118.103 - - [27/Mar/2012:17:03:03 -0700] "-" 400 0 "-" "-"
85.17.88.169 - - [27/Mar/2012:17:03:29 -0700] "POST /blog/wp-cron.php?doing_wp_cron=1332892795 HTTP/1.0" 499 0 "-" "WordPress/3.3.1; http://yuvi.in/blog"
180.76.5.178 - - [27/Mar/2012:17:03:29 -0700] "GET /blog/2010/03/22/ HTTP/1.1" 200 3919 "-" "Mozilla/5.0 (compatible; Baiduspider/2.0; +http://www.baidu.com/search/spider.html)"
85.17.88.169 - - [27/Mar/2012:17:03:44 -0700] "POST /blog/wp-cron.php?doing_wp_cron=1332892811 HTTP/1.0" 499 0 "-" "WordPress/3.3.1; http://yuvi.in/blog"
209.85.224.85 - - [27/Mar/2012:17:03:45 -0700] "GET /blog/feed HTTP/1.1" 304 0 "-" "FeedBurner/1.0 (http://www.FeedBurner.com)"
98.180.220.78 - - [27/Mar/2012:17:04:03 -0700] "GET / HTTP/1.1" 200 1430 "-" "Caffeinated/1.1.1 CFNetwork/520.3.2 Darwin/11.3.0 (x86_64) (MacBookPro8%2C1)"
98.180.220.78 - - [27/Mar/2012:17:04:03 -0700] "GET /favicon.ico HTTP/1.1" 404 142 "-" "Caffeinated/1.1.1 CFNetwork/520.3.2 Darwin/11.3.0 (x86_64) (MacBookPro8%2C1)"
98.180.220.78 - - [27/Mar/2012:17:04:26 -0700] "GET / HTTP/1.1" 200 1430 "-" "Caffeinated/1.1.1 CFNetwork/520.3.2 Darwin/11.3.0 (x86_64) (MacBookPro8%2C1)"
98.180.220.78 - - [27/Mar/2012:17:04:26 -0700] "GET /favicon.ico HTTP/1.1" 404 142 "-" "Caffeinated/1.1.1 CFNetwork/520.3.2 Darwin/11.3.0 (x86_64) (MacBookPro8%2C1)"
98.180.220.78 - - [27/Mar/2012:17:05:25 -0700] "GET / HTTP/1.1" 200 1430 "-" "Caffeinated/1.1.1 CFNetwork/520.3.2 Darwin/11.3.0 (x86_64) (MacBookPro8%2C1)"
98.180.220.78 - - [27/Mar/2012:17:05:25 -0700] "GET /favicon.ico HTTP/1.1" 404 142 "-" "Caffeinated/1.1.1 CFNetwork/520.3.2 Darwin/11.3.0 (x86_64) (MacBookPro8%2C1)"
98.180.220.78 - - [27/Mar/2012:17:05:53 -0700] "GET / HTTP/1.1" 200 1430 "-" "Caffeinated/1.1.1 CFNetwork/520.3.2 Darwin/11.3.0 (x86_64) (MacBookPro8%2C1)"
98.180.220.78 - - [27/Mar/2012:17:05:53 -0700] "GET /favicon.ico HTTP/1.1" 404 142 "-" "Caffeinated/1.1.1 CFNetwork/520.3.2 Darwin/11.3.0 (x86_64) (MacBookPro8%2C1)"
85.17.88.169 - - [27/Mar/2012:17:06:45 -0700] "POST /blog/wp-cron.php?doing_wp_cron=1332892991 HTTP/1.0" 499 0 "-" "WordPress/3.3.1; http://yuvi.in/blog"
72.14.199.121 - - [27/Mar/2012:17:06:45 -0700] "GET /blog/feed/ HTTP/1.1" 304 0 "-" "Feedfetcher-Google; (+http://www.google.com/feedfetcher.html; 18 subscribers; feed-id=15064232456473204253)"
98.180.220.78 - - [27/Mar/2012:17:06:55 -0700] "GET / HTTP/1.1" 200 1430 "-" "Caffeinated/1.1.1 CFNetwork/520.3.2 Darwin/11.3.0 (x86_64) (MacBookPro8%2C1)"
98.180.220.78 - - [27/Mar/2012:17:06:55 -0700] "GET /favicon.ico HTTP/1.1" 404 142 "-" "Caffeinated/1.1.1 CFNetwork/520.3.2 Darwin/11.3.0 (x86_64) (MacBookPro8%2C1)"
98.180.220.78 - - [27/Mar/2012:17:07:25 -0700] "GET / HTTP/1.1" 200 1430 "-" "Caffeinated/1.1.1 CFNetwork/520.3.2 Darwin/11.3.0 (x86_64) (MacBookPro8%2C1)"
98.180.220.78 - - [27/Mar/2012:17:07:25 -0700] "GET /favicon.ico HTTP/1.1" 404 142 "-" "Caffeinated/1.1.1 CFNetwork/520.3.2 Darwin/11.3.0 (x86_64) (MacBookPro8%2C1)"
94.228.34.248 - - [27/Mar/2012:17:08:19 -0700] "GET /blog/ HTTP/1.1" 200 9195 "-" "magpie-crawler/1.1 (U; Linux amd64; en-GB; +http://www.brandwatch.net)"
98.180.220.78 - - [27/Mar/2012:17:08:23 -0700] "GET / HTTP/1.1" 200 1430 "-" "Caffeinated/1.1.1 CFNetwork/520.3.2 Darwin/11.3.0 (x86_64) (MacBookPro8%2C1)"
98.180.220.78 - - [27/Mar/2012:17:08:23 -0700] "GET /favicon.ico HTTP/1.1" 404 142 "-" "Caffeinated/1.1.1 CFNetwork/520.3.2 Darwin/11.3.0 (x86_64) (MacBookPro8%2C1)"
98.180.220.78 - - [27/Mar/2012:17:08:57 -0700] "GET / HTTP/1.1" 200 1430 "-" "Caffeinated/1.1.1 CFNetwork/520.3.2 Darwin/11.3.0 (x86_64) (MacBookPro8%2C1)"
98.180.220.78 - - [27/Mar/2012:17:08:57 -0700] "GET /favicon.ico HTTP/1.1" 404 142 "-" "Caffeinated/1.1.1 CFNetwork/520.3.2 Darwin/11.3.0 (x86_64) (MacBookPro8%2C1)"
174.37.154.78 - - [27/Mar/2012:17:09:20 -0700] "GET / HTTP/1.0" 200 3439 "-" "Gist Server"
213.186.127.13 - - [27/Mar/2012:17:09:29 -0700] "GET /s/ta/157d/ HTTP/1.1" 302 413 "-" "Mozilla/5.0 (compatible; AhrefsBot/2.0; +http://ahrefs.com/robot/)"
98.180.220.78 - - [27/Mar/2012:17:09:59 -0700] "GET / HTTP/1.1" 200 1430 "-" "Caffeinated/1.1.1 CFNetwork/520.3.2 Darwin/11.3.0 (x86_64) (MacBookPro8%2C1)"
98.180.220.78 - - [27/Mar/2012:17:09:59 -0700] "GET /favicon.ico HTTP/1.1" 404 142 "-" "Caffeinated/1.1.1 CFNetwork/520.3.2 Darwin/11.3.0 (x86_64) (MacBookPro8%2C1)"
98.180.220.78 - - [27/Mar/2012:17:10:27 -0700] "GET / HTTP/1.1" 200 1430 "-" "Caffeinated/1.1.1 CFNetwork/520.3.2 Darwin/11.3.0 (x86_64) (MacBookPro8%2C1)"
98.180.220.78 - - [27/Mar/2012:17:10:27 -0700] "GET /favicon.ico HTTP/1.1" 404 142 "-" "Caffeinated/1.1.1 CFNetwork/520.3.2 Darwin/11.3.0 (x86_64) (MacBookPro8%2C1)"
207.46.204.210 - - [27/Mar/2012:17:10:54 -0700] "-" 400 0 "-" "-"
207.46.204.210 - - [27/Mar/2012:17:10:55 -0700] "-" 400 0 "-" "-"
207.46.204.210 - - [27/Mar/2012:17:10:55 -0700] "-" 400 0 "-" "-"
