208.115.111.68 - - [01/Apr/2012:09:45:31 -0700] "GET /blog/cheese-gsoc-report-week-8.html HTTP/1.1" 200 6324 "-" "Mozilla/5.0 (compatible; Ezooms/1.0; ezooms.bot@gmail.com)"
208.115.111.68 - - [01/Apr/2012:09:45:33 -0700] "GET /blog/tag/fun.html HTTP/1.1" 200 5136 "-" "Mozilla/5.0 (compatible; Ezooms/1.0; ezooms.bot@gmail.com)"
122.164.153.143 - - [01/Apr/2012:09:45:46 -0700] "-" 400 0 "-" "-"
98.180.220.78 - - [01/Apr/2012:09:46:10 -0700] "GET / HTTP/1.1" 200 1430 "-" "Caffeinated/1.1.1 CFNetwork/520.3.2 Darwin/11.3.0 (x86_64) (MacBookPro8%2C1)"
98.180.220.78 - - [01/Apr/2012:09:46:10 -0700] "GET /favicon.ico HTTP/1.1" 404 142 "-" "Caffeinated/1.1.1 CFNetwork/520.3.2 Darwin/11.3.0 (x86_64) (MacBookPro8%2C1)"
122.174.108.63 - - [01/Apr/2012:09:46:30 -0700] "-" 400 0 "-" "-"
98.180.220.78 - - [01/Apr/2012:09:46:52 -0700] "GET / HTTP/1.1" 200 1430 "-" "Caffeinated/1.1.1 CFNetwork/520.3.2 Darwin/11.3.0 (x86_64) (MacBookPro8%2C1)"
98.180.220.78 - - [01/Apr/2012:09:46:53 -0700] "GET /favicon.ico HTTP/1.1" 404 142 "-" "Caffeinated/1.1.1 CFNetwork/520.3.2 Darwin/11.3.0 (x86_64) (MacBookPro8%2C1)"
98.180.220.78 - - [01/Apr/2012:09:47:29 -0700] "GET / HTTP/1.1" 200 1430 "-" "Caffeinated/1.1.1 CFNetwork/520.3.2 Darwin/11.3.0 (x86_64) (MacBookPro8%2C1)"
98.180.220.78 - - [01/Apr/2012:09:47:29 -0700] "GET /favicon.ico HTTP/1.1" 404 142 "-" "Caffeinated/1.1.1 CFNetwork/520.3.2 Darwin/11.3.0 (x86_64) (MacBookPro8%2C1)"
209.117.161.166 - - [01/Apr/2012:09:47:39 -0700] "GET /stories/tag/black.html HTTP/1.1" 200 2280 "-" "-"
122.164.153.143 - - [01/Apr/2012:09:48:26 -0700] "-" 400 0 "-" "-"
85.17.88.169 - - [01/Apr/2012:09:48:34 -0700] "POST /blog/wp-cron.php?doing_wp_cron=1333298663 HTTP/1.0" 499 0 "-" "WordPress/3.3.1; http://yuvi.in/blog"
100.43.83.144 - - [01/Apr/2012:09:48:34 -0700] "GET /blog/?p=67 HTTP/1.1" 301 0 "-" "Mozilla/5.0 (compatible; YandexBot/3.0; +http://yandex.com/bots)"
85.17.88.169 - - [01/Apr/2012:09:48:39 -0700] "POST /blog/wp-cron.php?doing_wp_cron=1333298668 HTTP/1.0" 499 0 "-" "WordPress/3.3.1; http://yuvi.in/blog"
100.43.83.144 - - [01/Apr/2012:09:48:39 -0700] "GET /blog/six-years-of-blogging-and-eleven-years-of-coding/ HTTP/1.1" 200 4680 "-" "Mozilla/5.0 (compatible; YandexBot/3.0; +http://yandex.com/bots)"
85.17.88.169 - - [01/Apr/2012:09:49:23 -0700] "POST /blog/wp-cron.php?doing_wp_cron=1333298712 HTTP/1.0" 499 0 "-" "WordPress/3.3.1; http://yuvi.in/blog"
209.85.238.244 - - [01/Apr/2012:09:49:24 -0700] "GET /blog/feed HTTP/1.1" 301 0 "-" "Feedfetcher-Google; (+http://www.google.com/feedfetcher.html; 3 subscribers; feed-id=17684830852112633560)"
85.17.88.169 - - [01/Apr/2012:09:49:26 -0700] "POST /blog/wp-cron.php?doing_wp_cron=1333298715 HTTP/1.0" 499 0 "-" "WordPress/3.3.1; http://yuvi.in/blog"
209.85.238.244 - - [01/Apr/2012:09:49:26 -0700] "GET /blog/feed/ HTTP/1.1" 304 0 "-" "Feedfetcher-Google; (+http://www.google.com/feedfetcher.html; 3 subscribers; feed-id=17684830852112633560)"
69.171.229.245 - - [01/Apr/2012:09:50:30 -0700] "GET /r/252 HTTP/1.1" 301 255 "-" "facebookexternalhit/1.1 (+http://www.facebook.com/externalhit_uatext.php)"
69.171.229.245 - - [01/Apr/2012:09:50:30 -0700] "GET /s/ta/252/ HTTP/1.1" 302 461 "-" "facebookexternalhit/1.1 (+http://www.facebook.com/externalhit_uatext.php)"
122.164.153.143 - - [01/Apr/2012:09:51:46 -0700] "-" 400 0 "-" "-"
117.207.116.213 - - [01/Apr/2012:09:52:10 -0700] "GET /r/1zav HTTP/1.1" 301 257 "http://ta.wikipedia.org/wiki/%E0%AE%A4%E0%AE%9F%E0%AE%BE%E0%AE%A4%E0%AE%95%E0%AF%88%E0%AE%AA%E0%AF%8D_%E0%AE%AA%E0%AE%BF%E0%AE%B0%E0%AE%BE%E0%AE%9F%E0%AF%8D%E0%AE%9F%E0%AE%BF%E0%AE%AF%E0%AE%BE%E0%AE%B0%E0%AF%8D_%E0%AE%A4%E0%AE%BF%E0%AE%B0%E0%AF%81%E0%AE%B5%E0%AE%B5%E0%AE%A4%E0%AE%BE%E0%AE%B0%E0%AE%AA%E0%AF%8D_%E0%AE%AA%E0%AE%9F%E0%AE%B2%E0%AE%AE%E0%AF%8D" "Mozilla/5.0 (Windows NT 5.1) AppleWebKit/534.30 (KHTML, like Gecko) Chrome/12.0.742.122 Safari/534.30"
117.207.116.213 - - [01/Apr/2012:09:52:10 -0700] "GET /s/ta/1zav/ HTTP/1.1" 302 709 "http://ta.wikipedia.org/wiki/%E0%AE%A4%E0%AE%9F%E0%AE%BE%E0%AE%A4%E0%AE%95%E0%AF%88%E0%AE%AA%E0%AF%8D_%E0%AE%AA%E0%AE%BF%E0%AE%B0%E0%AE%BE%E0%AE%9F%E0%AF%8D%E0%AE%9F%E0%AE%BF%E0%AE%AF%E0%AE%BE%E0%AE%B0%E0%AF%8D_%E0%AE%A4%E0%AE%BF%E0%AE%B0%E0%AF%81%E0%AE%B5%E0%AE%B5%E0%AE%A4%E0%AE%BE%E0%AE%B0%E0%AE%AA%E0%AF%8D_%E0%AE%AA%E0%AE%9F%E0%AE%B2%E0%AE%AE%E0%AF%8D" "Mozilla/5.0 (Windows NT 5.1) AppleWebKit/534.30 (KHTML, like Gecko) Chrome/12.0.742.122 Safari/534.30"
141.0.9.213 - - [01/Apr/2012:09:53:41 -0700] "GET /r/9b1 HTTP/1.1" 301 255 "http://en.m.wikipedia.org/wiki/Jeyamohan" "Opera/9.80 (J2ME/MIDP; Opera Mini/6.5.26955/27.1382; U; en) Presto/2.8.119 Version/11.10"
141.0.9.213 - - [01/Apr/2012:09:53:41 -0700] "GET /s/ta/9b1/ HTTP/1.1" 302 361 "http://en.m.wikipedia.org/wiki/Jeyamohan" "Opera/9.80 (J2ME/MIDP; Opera Mini/6.5.26955/27.1382; U; en) Presto/2.8.119 Version/11.10"
117.193.175.244 - - [01/Apr/2012:09:55:02 -0700] "-" 400 0 "-" "-"
117.193.175.244 - - [01/Apr/2012:09:55:42 -0700] "-" 400 0 "-" "-"
117.193.175.244 - - [01/Apr/2012:09:55:42 -0700] "-" 400 0 "-" "-"
117.193.175.244 - - [01/Apr/2012:09:55:42 -0700] "-" 400 0 "-" "-"
117.193.175.244 - - [01/Apr/2012:09:55:42 -0700] "-" 400 0 "-" "-"
66.249.73.23 - - [01/Apr/2012:09:56:06 -0700] "GET /r/2rbo HTTP/1.1" 301 257 "-" "Mozilla/5.0 (compatible; Googlebot/2.1; +http://www.google.com/bot.html)"
66.249.73.23 - - [01/Apr/2012:09:56:07 -0700] "GET /s/ta/2rbo/ HTTP/1.1" 302 499 "-" "Mozilla/5.0 (compatible; Googlebot/2.1; +http://www.google.com/bot.html)"
180.215.46.240 - - [01/Apr/2012:09:56:28 -0700] "GET /r/154 HTTP/1.1" 301 255 "http://ta.wikipedia.org/wiki/%E0%AE%9A%E0%AE%BF%E0%AE%A8%E0%AF%8D%E0%AE%A4%E0%AF%81%E0%AE%B5%E0%AF%86%E0%AE%B3%E0%AE%BF/%E0%AE%B9%E0%AE%B0%E0%AE%AA%E0%AF%8D%E0%AE%AA%E0%AE%BE_%E0%AE%B5%E0%AE%B0%E0%AE%BF%E0%AE%B5%E0%AE%9F%E0%AE%BF%E0%AE%B5%E0%AE%AE%E0%AF%8D" "Mozilla/5.0 (Windows NT 5.1) AppleWebKit/535.11 (KHTML, like Gecko) Chrome/17.0.963.83 Safari/535.11"
180.215.46.240 - - [01/Apr/2012:09:56:38 -0700] "GET /s/ta/154/ HTTP/1.1" 302 571 "http://ta.wikipedia.org/wiki/%E0%AE%9A%E0%AE%BF%E0%AE%A8%E0%AF%8D%E0%AE%A4%E0%AF%81%E0%AE%B5%E0%AF%86%E0%AE%B3%E0%AE%BF/%E0%AE%B9%E0%AE%B0%E0%AE%AA%E0%AF%8D%E0%AE%AA%E0%AE%BE_%E0%AE%B5%E0%AE%B0%E0%AE%BF%E0%AE%B5%E0%AE%9F%E0%AE%BF%E0%AE%B5%E0%AE%AE%E0%AF%8D" "Mozilla/5.0 (Windows NT 5.1) AppleWebKit/535.11 (KHTML, like Gecko) Chrome/17.0.963.83 Safari/535.11"
209.117.161.166 - - [01/Apr/2012:09:57:51 -0700] "GET /stories/tag/love.html HTTP/1.1" 200 2245 "-" "-"
59.92.47.97 - - [01/Apr/2012:09:57:57 -0700] "-" 400 0 "-" "-"
141.0.10.14 - - [01/Apr/2012:09:59:24 -0700] "-" 400 0 "-" "-"
141.0.10.14 - - [01/Apr/2012:09:59:24 -0700] "-" 400 0 "-" "-"
141.0.10.14 - - [01/Apr/2012:09:59:24 -0700] "-" 400 0 "-" "-"
85.17.88.169 - - [01/Apr/2012:09:59:51 -0700] "POST /blog/wp-cron.php?doing_wp_cron=1333299339 HTTP/1.0" 499 0 "-" "WordPress/3.3.1; http://yuvi.in/blog"
209.85.224.95 - - [01/Apr/2012:09:59:51 -0700] "GET /blog/feed HTTP/1.1" 304 0 "-" "FeedBurner/1.0 (http://www.FeedBurner.com)"
208.107.186.72 - - [01/Apr/2012:10:00:49 -0700] "GET /robots.txt HTTP/1.0" 404 169 "-" "Mozilla/5.0 (compatible; MJ12bot/v1.4.2; http://www.majestic12.co.uk/bot.php?+)"
208.107.186.72 - - [01/Apr/2012:10:00:51 -0700] "GET /blog/devlog-jan-2011.html HTTP/1.1" 200 10437 "-" "Mozilla/5.0 (compatible; MJ12bot/v1.4.2; http://www.majestic12.co.uk/bot.php?+)"
208.107.186.72 - - [01/Apr/2012:10:00:53 -0700] "GET /blog/enthusiastic-teachers-and-naive-implementation-of-gauss-seidel-approximations.html HTTP/1.1" 200 2928 "-" "Mozilla/5.0 (compatible; MJ12bot/v1.4.2; http://www.majestic12.co.uk/bot.php?+)"
208.107.186.72 - - [01/Apr/2012:10:00:55 -0700] "GET /blog/functional-programming-geekweekend-at-thoughtworks.html HTTP/1.1" 200 4081 "-" "Mozilla/5.0 (compatible; MJ12bot/v1.4.2; http://www.majestic12.co.uk/bot.php?+)"
208.107.186.72 - - [01/Apr/2012:10:00:57 -0700] "GET /blog/nen-first-dot-2010-what-i-learnt.html HTTP/1.1" 200 3898 "-" "Mozilla/5.0 (compatible; MJ12bot/v1.4.2; http://www.majestic12.co.uk/bot.php?+)"
208.107.186.72 - - [01/Apr/2012:10:00:59 -0700] "GET /blog/serendipity.html HTTP/1.1" 200 2419 "-" "Mozilla/5.0 (compatible; MJ12bot/v1.4.2; http://www.majestic12.co.uk/bot.php?+)"
117.193.141.204 - - [01/Apr/2012:10:01:28 -0700] "-" 400 0 "-" "-"
117.228.45.184 - - [01/Apr/2012:10:01:29 -0700] "-" 400 0 "-" "-"
69.171.234.3 - - [01/Apr/2012:10:01:32 -0700] "GET /r/tpn HTTP/1.1" 301 255 "-" "facebookexternalhit/1.1 (+http://www.facebook.com/externalhit_uatext.php)"
69.171.234.4 - - [01/Apr/2012:10:01:32 -0700] "GET /s/ta/tpn/ HTTP/1.1" 302 265 "-" "facebookexternalhit/1.1 (+http://www.facebook.com/externalhit_uatext.php)"
67.215.230.27 - - [01/Apr/2012:10:04:07 -0700] "GET /robots.txt HTTP/1.0" 404 169 "-" "Setooz/Nutch-1.2 (http://www.setooz.com)"
67.215.230.27 - - [01/Apr/2012:10:04:07 -0700] "GET /stories HTTP/1.0" 301 185 "-" "Setooz/Nutch-1.2 (http://www.setooz.com)"
67.215.230.26 - - [01/Apr/2012:10:04:11 -0700] "GET /robots.txt HTTP/1.0" 404 169 "-" "Setooz/Nutch-1.2 (http://www.setooz.com)"
67.215.230.26 - - [01/Apr/2012:10:04:12 -0700] "GET / HTTP/1.0" 200 3439 "-" "Setooz/Nutch-1.2 (http://www.setooz.com)"
85.17.88.169 - - [01/Apr/2012:10:04:39 -0700] "POST /blog/wp-cron.php?doing_wp_cron=1333299628 HTTP/1.0" 499 0 "-" "WordPress/3.3.1; http://yuvi.in/blog"
117.200.66.114 - - [01/Apr/2012:10:04:40 -0700] "GET /blog/ HTTP/1.1" 200 9194 "http://www.google.co.in/url?sa=t&rct=j&q=yuvi%20blog&source=web&cd=1&ved=0CCYQFjAA&url=http%3A%2F%2Fyuvi.in%2Fblog%2F&ei=qIl4T6fKHsTXrQee0rSFDQ&usg=AFQjCNGjULU63rz2XQySjIp-B7_MMBejew" "Mozilla/5.0 (Windows NT 6.1) AppleWebKit/535.19 (KHTML, like Gecko) Chrome/18.0.1025.142 Safari/535.19"
117.200.66.114 - - [01/Apr/2012:10:04:40 -0700] "GET /blog/wp-content/themes/cleanr/style.css HTTP/1.1" 200 10508 "http://yuvi.in/blog/" "Mozilla/5.0 (Windows NT 6.1) AppleWebKit/535.19 (KHTML, like Gecko) Chrome/18.0.1025.142 Safari/535.19"
117.200.66.114 - - [01/Apr/2012:10:04:40 -0700] "GET /blog/wp-content/themes/cleanr/js/jquery.dropdown.js?ver=3.3.1 HTTP/1.1" 200 535 "http://yuvi.in/blog/" "Mozilla/5.0 (Windows NT 6.1) AppleWebKit/535.19 (KHTML, like Gecko) Chrome/18.0.1025.142 Safari/535.19"
117.200.66.114 - - [01/Apr/2012:10:04:41 -0700] "GET /blog/wp-content/themes/cleanr/css/960.css HTTP/1.1" 200 3628 "http://yuvi.in/blog/" "Mozilla/5.0 (Windows NT 6.1) AppleWebKit/535.19 (KHTML, like Gecko) Chrome/18.0.1025.142 Safari/535.19"
117.200.66.114 - - [01/Apr/2012:10:04:41 -0700] "GET /blog/wp-content/themes/cleanr/css/text.css HTTP/1.1" 200 420 "http://yuvi.in/blog/" "Mozilla/5.0 (Windows NT 6.1) AppleWebKit/535.19 (KHTML, like Gecko) Chrome/18.0.1025.142 Safari/535.19"
117.200.66.114 - - [01/Apr/2012:10:04:41 -0700] "GET /blog/wp-content/themes/cleanr/css/reset.css HTTP/1.1" 200 648 "http://yuvi.in/blog/" "Mozilla/5.0 (Windows NT 6.1) AppleWebKit/535.19 (KHTML, like Gecko) Chrome/18.0.1025.142 Safari/535.19"
117.200.66.114 - - [01/Apr/2012:10:04:42 -0700] "GET /blog/wp-includes/js/jquery/jquery.js?ver=1.7.1 HTTP/1.1" 200 93889 "http://yuvi.in/blog/" "Mozilla/5.0 (Windows NT 6.1) AppleWebKit/535.19 (KHTML, like Gecko) Chrome/18.0.1025.142 Safari/535.19"
117.200.66.114 - - [01/Apr/2012:10:04:43 -0700] "GET /blog/wp-content/themes/cleanr/images/search_magnifier.gif HTTP/1.1" 499 0 "http://yuvi.in/blog/" "Mozilla/5.0 (Windows NT 6.1) AppleWebKit/535.19 (KHTML, like Gecko) Chrome/18.0.1025.142 Safari/535.19"
85.17.88.169 - - [01/Apr/2012:10:06:46 -0700] "POST /blog/wp-cron.php?doing_wp_cron=1333299755 HTTP/1.0" 499 0 "-" "WordPress/3.3.1; http://yuvi.in/blog"
66.249.73.27 - - [01/Apr/2012:10:06:47 -0700] "GET /blog/2011/12/05/ HTTP/1.1" 200 4431 "-" "Mozilla/5.0 (compatible; Googlebot/2.1; +http://www.google.com/bot.html)"
117.228.45.184 - - [01/Apr/2012:10:07:33 -0700] "-" 400 0 "-" "-"
117.228.45.184 - - [01/Apr/2012:10:08:13 -0700] "-" 400 0 "-" "-"
117.228.45.184 - - [01/Apr/2012:10:08:23 -0700] "-" 400 0 "-" "-"
117.228.45.184 - - [01/Apr/2012:10:08:23 -0700] "-" 400 0 "-" "-"
117.228.45.184 - - [01/Apr/2012:10:08:23 -0700] "-" 400 0 "-" "-"
117.201.42.181 - - [01/Apr/2012:10:08:46 -0700] "GET /r/2gjg HTTP/1.1" 301 257 "http://ta.wikipedia.org/wiki/%E0%AE%87%E0%AE%A8%E0%AF%8D%E0%AE%A4%E0%AE%BF%E0%AE%AF_%E0%AE%85%E0%AE%B0%E0%AE%9A%E0%AE%BF%E0%AE%AF%E0%AE%B2%E0%AE%AE%E0%AF%88%E0%AE%AA%E0%AF%8D%E0%AE%AA%E0%AE%BF%E0%AE%B2%E0%AF%81%E0%AE%B3%E0%AF%8D%E0%AE%B3_%E0%AE%A8%E0%AF%80%E0%AE%A4%E0%AE%BF%E0%AE%AA%E0%AF%8D_%E0%AE%AA%E0%AF%87%E0%AE%B0%E0%AE%BE%E0%AE%A3%E0%AF%88%E0%AE%95%E0%AE%B3%E0%AF%8D" "Mozilla/4.0 (compatible; MSIE 6.0; Windows NT 5.1; SV1; InfoPath.2; .NET CLR 2.0.50727; .NET CLR 3.0.04506.30; .NET CLR 3.0.4506.2152; .NET CLR 3.5.30729)"
117.201.42.181 - - [01/Apr/2012:10:08:47 -0700] "GET /s/ta/2gjg/ HTTP/1.1" 302 733 "http://ta.wikipedia.org/wiki/%E0%AE%87%E0%AE%A8%E0%AF%8D%E0%AE%A4%E0%AE%BF%E0%AE%AF_%E0%AE%85%E0%AE%B0%E0%AE%9A%E0%AE%BF%E0%AE%AF%E0%AE%B2%E0%AE%AE%E0%AF%88%E0%AE%AA%E0%AF%8D%E0%AE%AA%E0%AE%BF%E0%AE%B2%E0%AF%81%E0%AE%B3%E0%AF%8D%E0%AE%B3_%E0%AE%A8%E0%AF%80%E0%AE%A4%E0%AE%BF%E0%AE%AA%E0%AF%8D_%E0%AE%AA%E0%AF%87%E0%AE%B0%E0%AE%BE%E0%AE%A3%E0%AF%88%E0%AE%95%E0%AE%B3%E0%AF%8D" "Mozilla/4.0 (compatible; MSIE 6.0; Windows NT 5.1; SV1; InfoPath.2; .NET CLR 2.0.50727; .NET CLR 3.0.04506.30; .NET CLR 3.0.4506.2152; .NET CLR 3.5.30729)"
85.17.88.169 - - [01/Apr/2012:10:09:21 -0700] "POST /blog/wp-cron.php?doing_wp_cron=1333299910 HTTP/1.0" 499 0 "-" "WordPress/3.3.1; http://yuvi.in/blog"
115.249.18.25 - - [01/Apr/2012:10:09:21 -0700] "GET /blog/infosys-tcs-or-wipro-none/ HTTP/1.0" 200 7089 "http://www.google.co.in/url?sa=t&rct=j&q=&esrc=s&source=web&cd=38&ved=0CGoQFjAHOB4&url=http%3A%2F%2Fyuvi.in%2Fblog%2Finfosys-tcs-or-wipro-none%2F&ei=qop4T5DODobrrQf_nMC0DQ&usg=AFQjCNFFymVRTHm740-I9A4VqJxKWQnZng&sig2=NdapHjBLQNIeRxa2qW-l1g" "Mozilla/5.0 (Windows NT 6.1; WOW64) AppleWebKit/535.11 (KHTML, like Gecko) Chrome/17.0.963.56 Safari/535.11"
115.249.18.25 - - [01/Apr/2012:10:09:22 -0700] "GET /blog/wp-content/themes/cleanr/js/jquery.dropdown.js?ver=3.3.1 HTTP/1.0" 200 535 "http://yuvi.in/blog/infosys-tcs-or-wipro-none/" "Mozilla/5.0 (Windows NT 6.1; WOW64) AppleWebKit/535.11 (KHTML, like Gecko) Chrome/17.0.963.56 Safari/535.11"
115.249.18.25 - - [01/Apr/2012:10:09:22 -0700] "GET /blog/wp-content/themes/cleanr/style.css HTTP/1.0" 200 10508 "http://yuvi.in/blog/infosys-tcs-or-wipro-none/" "Mozilla/5.0 (Windows NT 6.1; WOW64) AppleWebKit/535.11 (KHTML, like Gecko) Chrome/17.0.963.56 Safari/535.11"
115.249.18.25 - - [01/Apr/2012:10:09:24 -0700] "GET /blog/wp-content/themes/cleanr/css/reset.css HTTP/1.0" 200 648 "http://yuvi.in/blog/infosys-tcs-or-wipro-none/" "Mozilla/5.0 (Windows NT 6.1; WOW64) AppleWebKit/535.11 (KHTML, like Gecko) Chrome/17.0.963.56 Safari/535.11"
115.249.18.25 - - [01/Apr/2012:10:09:24 -0700] "GET /blog/wp-includes/js/jquery/jquery.js?ver=1.7.1 HTTP/1.0" 200 93889 "http://yuvi.in/blog/infosys-tcs-or-wipro-none/" "Mozilla/5.0 (Windows NT 6.1; WOW64) AppleWebKit/535.11 (KHTML, like Gecko) Chrome/17.0.963.56 Safari/535.11"
115.249.18.25 - - [01/Apr/2012:10:09:24 -0700] "GET /blog/wp-content/themes/cleanr/css/960.css HTTP/1.0" 200 3628 "http://yuvi.in/blog/infosys-tcs-or-wipro-none/" "Mozilla/5.0 (Windows NT 6.1; WOW64) AppleWebKit/535.11 (KHTML, like Gecko) Chrome/17.0.963.56 Safari/535.11"
115.249.18.25 - - [01/Apr/2012:10:09:24 -0700] "GET /blog/wp-content/themes/cleanr/css/text.css HTTP/1.0" 200 420 "http://yuvi.in/blog/infosys-tcs-or-wipro-none/" "Mozilla/5.0 (Windows NT 6.1; WOW64) AppleWebKit/535.11 (KHTML, like Gecko) Chrome/17.0.963.56 Safari/535.11"
115.249.18.25 - - [01/Apr/2012:10:09:27 -0700] "GET /blog/wp-content/themes/cleanr/images/search_magnifier.gif HTTP/1.0" 200 394 "http://yuvi.in/blog/infosys-tcs-or-wipro-none/" "Mozilla/5.0 (Windows NT 6.1; WOW64) AppleWebKit/535.11 (KHTML, like Gecko) Chrome/17.0.963.56 Safari/535.11"
115.249.18.25 - - [01/Apr/2012:10:09:29 -0700] "GET /favicon.ico HTTP/1.0" 404 571 "-" "Mozilla/5.0 (Windows NT 6.1; WOW64) AppleWebKit/535.11 (KHTML, like Gecko) Chrome/17.0.963.56 Safari/535.11"
85.17.88.169 - - [01/Apr/2012:10:09:32 -0700] "POST /blog/wp-cron.php?doing_wp_cron=1333299921 HTTP/1.0" 499 0 "-" "WordPress/3.3.1; http://yuvi.in/blog"
115.249.18.25 - - [01/Apr/2012:10:09:32 -0700] "GET /blog/infosys-tcs-or-wipro-none/?cf_action=sync_comments&post_id=124 HTTP/1.0" 200 17 "http://yuvi.in/blog/infosys-tcs-or-wipro-none/" "Mozilla/5.0 (Windows NT 6.1; WOW64) AppleWebKit/535.11 (KHTML, like Gecko) Chrome/17.0.963.56 Safari/535.11"
183.83.17.150 - - [01/Apr/2012:10:09:45 -0700] "GET /AssessmentBar/r/Unassessed_India_articles/ HTTP/1.1" 302 285 "http://en.wikipedia.org/wiki/Chennai" "Mozilla/5.0 (X11; Linux i686) AppleWebKit/535.19 (KHTML, like Gecko) Chrome/18.0.1025.142 Safari/535.19"
117.228.45.184 - - [01/Apr/2012:10:09:53 -0700] "-" 400 0 "-" "-"
117.228.45.184 - - [01/Apr/2012:10:09:53 -0700] "-" 400 0 "-" "-"
117.228.45.184 - - [01/Apr/2012:10:09:53 -0700] "-" 400 0 "-" "-"
117.228.45.184 - - [01/Apr/2012:10:09:53 -0700] "-" 400 0 "-" "-"
117.228.45.184 - - [01/Apr/2012:10:09:53 -0700] "-" 400 0 "-" "-"
183.83.17.150 - - [01/Apr/2012:10:09:58 -0700] "-" 400 0 "-" "-"
178.56.162.140 - - [01/Apr/2012:10:10:41 -0700] "GET /r/174y HTTP/1.1" 301 257 "http://ta.wikipedia.org/wiki/%E0%AE%B5%E0%AF%82%E0%AE%B0%E0%AE%BF%E0%AE%AF%E0%AF%87_%E0%AE%AE%E0%AE%BE%E0%AE%B1%E0%AF%8D%E0%AE%B1%E0%AF%81" "Mozilla/5.0 (X11; Linux x86_64; rv:10.0.3) Gecko/20100101 Firefox/10.0.3 Iceweasel/10.0.3"
178.56.162.140 - - [01/Apr/2012:10:10:42 -0700] "GET /s/ta/174y/ HTTP/1.1" 302 413 "http://ta.wikipedia.org/wiki/%E0%AE%B5%E0%AF%82%E0%AE%B0%E0%AE%BF%E0%AE%AF%E0%AF%87_%E0%AE%AE%E0%AE%BE%E0%AE%B1%E0%AF%8D%E0%AE%B1%E0%AF%81" "Mozilla/5.0 (X11; Linux x86_64; rv:10.0.3) Gecko/20100101 Firefox/10.0.3 Iceweasel/10.0.3"
101.212.225.120 - - [01/Apr/2012:10:10:45 -0700] "GET /r/23z HTTP/1.1" 301 255 "-" "Mozilla/5.0 (iPhone; CPU iPhone OS 5_1 like Mac OS X) AppleWebKit/534.46 (KHTML, like Gecko) Mobile/9B176"
101.212.225.120 - - [01/Apr/2012:10:10:45 -0700] "GET /s/ta/23z/ HTTP/1.1" 302 397 "-" "Mozilla/5.0 (iPhone; CPU iPhone OS 5_1 like Mac OS X) AppleWebKit/534.46 (KHTML, like Gecko) Mobile/9B176"
178.56.162.140 - - [01/Apr/2012:10:10:47 -0700] "-" 400 0 "-" "-"
183.83.17.150 - - [01/Apr/2012:10:11:29 -0700] "GET /AssessmentBar/r/Unassessed_India_articles/ HTTP/1.1" 302 277 "http://en.wikipedia.org/wiki/Sita_Mai_Temple" "Mozilla/5.0 (X11; Linux i686) AppleWebKit/535.19 (KHTML, like Gecko) Chrome/18.0.1025.142 Safari/535.19"
100.43.83.144 - - [01/Apr/2012:10:11:46 -0700] "GET /blog/cheese-gsoc-report-week-7.html HTTP/1.1" 200 2634 "-" "Mozilla/5.0 (compatible; YandexBot/3.0; +http://yandex.com/bots)"
183.83.17.150 - - [01/Apr/2012:10:11:48 -0700] "-" 400 0 "-" "-"
117.228.45.184 - - [01/Apr/2012:10:13:27 -0700] "-" 400 0 "-" "-"
101.63.165.175 - - [01/Apr/2012:10:13:35 -0700] "-" 400 0 "-" "-"
101.63.165.175 - - [01/Apr/2012:10:13:35 -0700] "-" 400 0 "-" "-"
101.63.165.175 - - [01/Apr/2012:10:13:35 -0700] "-" 400 0 "-" "-"
101.63.165.175 - - [01/Apr/2012:10:13:35 -0700] "-" 400 0 "-" "-"
101.63.165.175 - - [01/Apr/2012:10:13:35 -0700] "-" 400 0 "-" "-"
101.63.165.175 - - [01/Apr/2012:10:13:35 -0700] "-" 400 0 "-" "-"
101.63.165.175 - - [01/Apr/2012:10:13:35 -0700] "-" 400 0 "-" "-"
101.63.165.175 - - [01/Apr/2012:10:13:35 -0700] "-" 400 0 "-" "-"
101.63.165.175 - - [01/Apr/2012:10:13:35 -0700] "-" 400 0 "-" "-"
101.63.165.175 - - [01/Apr/2012:10:13:35 -0700] "-" 400 0 "-" "-"
101.63.165.175 - - [01/Apr/2012:10:13:35 -0700] "-" 400 0 "-" "-"
101.63.165.175 - - [01/Apr/2012:10:13:35 -0700] "-" 400 0 "-" "-"
101.63.165.175 - - [01/Apr/2012:10:13:35 -0700] "-" 400 0 "-" "-"
101.63.165.175 - - [01/Apr/2012:10:13:35 -0700] "-" 400 0 "-" "-"
101.63.165.175 - - [01/Apr/2012:10:13:35 -0700] "-" 400 0 "-" "-"
101.63.165.175 - - [01/Apr/2012:10:13:35 -0700] "-" 400 0 "-" "-"
101.63.165.175 - - [01/Apr/2012:10:13:35 -0700] "-" 400 0 "-" "-"
101.63.165.175 - - [01/Apr/2012:10:13:35 -0700] "-" 400 0 "-" "-"
101.63.165.175 - - [01/Apr/2012:10:13:35 -0700] "-" 400 0 "-" "-"
101.63.165.175 - - [01/Apr/2012:10:13:35 -0700] "-" 400 0 "-" "-"
101.63.165.175 - - [01/Apr/2012:10:13:35 -0700] "-" 400 0 "-" "-"
101.63.165.175 - - [01/Apr/2012:10:13:35 -0700] "-" 400 0 "-" "-"
101.63.165.175 - - [01/Apr/2012:10:13:35 -0700] "-" 400 0 "-" "-"
101.63.165.175 - - [01/Apr/2012:10:13:35 -0700] "-" 400 0 "-" "-"
101.63.165.175 - - [01/Apr/2012:10:13:35 -0700] "-" 400 0 "-" "-"
101.63.165.175 - - [01/Apr/2012:10:13:35 -0700] "-" 400 0 "-" "-"
101.63.165.175 - - [01/Apr/2012:10:13:35 -0700] "-" 400 0 "-" "-"
101.63.165.175 - - [01/Apr/2012:10:13:35 -0700] "-" 400 0 "-" "-"
101.63.165.175 - - [01/Apr/2012:10:13:35 -0700] "-" 400 0 "-" "-"
101.63.165.175 - - [01/Apr/2012:10:13:35 -0700] "-" 400 0 "-" "-"
101.63.165.175 - - [01/Apr/2012:10:13:35 -0700] "-" 400 0 "-" "-"
101.63.165.175 - - [01/Apr/2012:10:13:35 -0700] "-" 400 0 "-" "-"
101.63.165.175 - - [01/Apr/2012:10:13:35 -0700] "-" 400 0 "-" "-"
101.63.165.175 - - [01/Apr/2012:10:13:35 -0700] "-" 400 0 "-" "-"
101.63.165.175 - - [01/Apr/2012:10:13:35 -0700] "-" 400 0 "-" "-"
101.63.165.175 - - [01/Apr/2012:10:13:35 -0700] "-" 400 0 "-" "-"
101.63.165.175 - - [01/Apr/2012:10:13:35 -0700] "-" 400 0 "-" "-"
101.63.165.175 - - [01/Apr/2012:10:13:35 -0700] "-" 400 0 "-" "-"
101.63.165.175 - - [01/Apr/2012:10:13:35 -0700] "-" 400 0 "-" "-"
101.63.165.175 - - [01/Apr/2012:10:13:35 -0700] "-" 400 0 "-" "-"
101.63.165.175 - - [01/Apr/2012:10:13:35 -0700] "-" 400 0 "-" "-"
101.63.165.175 - - [01/Apr/2012:10:13:35 -0700] "-" 400 0 "-" "-"
101.63.165.175 - - [01/Apr/2012:10:13:35 -0700] "-" 400 0 "-" "-"
101.63.165.175 - - [01/Apr/2012:10:13:35 -0700] "-" 400 0 "-" "-"
101.63.165.175 - - [01/Apr/2012:10:13:35 -0700] "-" 400 0 "-" "-"
101.63.165.175 - - [01/Apr/2012:10:13:35 -0700] "-" 400 0 "-" "-"
101.63.165.175 - - [01/Apr/2012:10:13:35 -0700] "-" 400 0 "-" "-"
101.63.165.175 - - [01/Apr/2012:10:13:35 -0700] "-" 400 0 "-" "-"
101.63.165.175 - - [01/Apr/2012:10:13:35 -0700] "-" 400 0 "-" "-"
101.63.165.175 - - [01/Apr/2012:10:13:35 -0700] "-" 400 0 "-" "-"
101.63.165.175 - - [01/Apr/2012:10:13:35 -0700] "-" 400 0 "-" "-"
101.63.165.175 - - [01/Apr/2012:10:13:35 -0700] "-" 400 0 "-" "-"
101.63.165.175 - - [01/Apr/2012:10:13:35 -0700] "-" 400 0 "-" "-"
101.63.165.175 - - [01/Apr/2012:10:13:35 -0700] "-" 400 0 "-" "-"
101.63.165.175 - - [01/Apr/2012:10:13:35 -0700] "-" 400 0 "-" "-"
101.63.165.175 - - [01/Apr/2012:10:13:35 -0700] "-" 400 0 "-" "-"
101.63.165.175 - - [01/Apr/2012:10:13:35 -0700] "-" 400 0 "-" "-"
101.63.165.175 - - [01/Apr/2012:10:13:35 -0700] "-" 400 0 "-" "-"
101.63.165.175 - - [01/Apr/2012:10:13:35 -0700] "-" 400 0 "-" "-"
101.63.165.175 - - [01/Apr/2012:10:13:35 -0700] "-" 400 0 "-" "-"
101.63.165.175 - - [01/Apr/2012:10:13:35 -0700] "-" 400 0 "-" "-"
101.63.165.175 - - [01/Apr/2012:10:13:35 -0700] "-" 400 0 "-" "-"
101.63.165.175 - - [01/Apr/2012:10:13:35 -0700] "-" 400 0 "-" "-"
101.63.165.175 - - [01/Apr/2012:10:13:35 -0700] "-" 400 0 "-" "-"
101.63.165.175 - - [01/Apr/2012:10:13:35 -0700] "-" 400 0 "-" "-"
101.63.165.175 - - [01/Apr/2012:10:13:35 -0700] "-" 400 0 "-" "-"
101.63.165.175 - - [01/Apr/2012:10:13:38 -0700] "-" 400 0 "-" "-"
101.63.165.175 - - [01/Apr/2012:10:13:38 -0700] "-" 400 0 "-" "-"
14.194.23.190 - - [01/Apr/2012:10:14:22 -0700] "-" 400 0 "-" "-"
117.228.45.184 - - [01/Apr/2012:10:14:27 -0700] "-" 400 0 "-" "-"
110.34.155.172 - - [01/Apr/2012:10:14:29 -0700] "GET /blog/ HTTP/1.0" 200 33162 "http://yuvi.in/blog/" "Mozilla/4.0 (compatible; MSIE 6.0; Windows NT 5.1; SV1)"
183.83.17.150 - - [01/Apr/2012:10:17:07 -0700] "GET /AssessmentBar/r/Unassessed_India_articles/ HTTP/1.1" 302 291 "http://en.wikipedia.org/wiki/Kochi" "Mozilla/5.0 (X11; Linux i686) AppleWebKit/535.19 (KHTML, like Gecko) Chrome/18.0.1025.142 Safari/535.19"
183.83.17.150 - - [01/Apr/2012:10:17:18 -0700] "-" 400 0 "-" "-"
209.117.161.166 - - [01/Apr/2012:10:17:33 -0700] "GET /stories/tag/blue.html HTTP/1.1" 200 2263 "-" "-"
183.83.17.150 - - [01/Apr/2012:10:17:49 -0700] "GET /AssessmentBar/r/Unassessed_India_articles/ HTTP/1.1" 302 297 "http://en.wikipedia.org/wiki/Chitrakoot_Express" "Mozilla/5.0 (X11; Linux i686) AppleWebKit/535.19 (KHTML, like Gecko) Chrome/18.0.1025.142 Safari/535.19"
14.99.183.99 - - [01/Apr/2012:10:18:28 -0700] "-" 400 0 "-" "-"
59.92.47.97 - - [01/Apr/2012:10:19:27 -0700] "-" 400 0 "-" "-"
59.92.47.97 - - [01/Apr/2012:10:19:27 -0700] "-" 400 0 "-" "-"
59.92.47.97 - - [01/Apr/2012:10:19:27 -0700] "-" 400 0 "-" "-"
59.92.47.97 - - [01/Apr/2012:10:19:27 -0700] "-" 400 0 "-" "-"
59.92.47.97 - - [01/Apr/2012:10:19:27 -0700] "-" 400 0 "-" "-"
85.17.88.169 - - [01/Apr/2012:10:20:33 -0700] "POST /blog/wp-cron.php?doing_wp_cron=1333300581 HTTP/1.0" 499 0 "-" "WordPress/3.3.1; http://yuvi.in/blog"
100.43.83.144 - - [01/Apr/2012:10:20:33 -0700] "GET /blog/gsoc-milestone-0-what-does-my-project-do/feed/ HTTP/1.1" 200 819 "-" "Mozilla/5.0 (compatible; YandexBot/3.0; +http://yandex.com/bots)"
209.249.53.32 - - [01/Apr/2012:10:22:35 -0700] "GET /robots.txt HTTP/1.1" 404 571 "-" "Mozilla/4.0 (compatible; MSIE 6.0; Windows NT 5.1; .NET CLR 1.1.4322; .NET CLR 1.0.3705)"
209.249.53.194 - - [01/Apr/2012:10:22:36 -0700] "GET /blog HTTP/1.1" 301 178 "-" "Mozilla/4.0 (compatible; MSIE 6.0; Windows NT 5.1; SV1 + FairShare-http://fairshare.cc)"
209.85.224.87 - - [01/Apr/2012:10:22:39 -0700] "GET /stories/feed HTTP/1.1" 200 13653 "-" "FeedBurner/1.0 (http://www.FeedBurner.com)"
85.17.88.169 - - [01/Apr/2012:10:23:08 -0700] "POST /blog/wp-cron.php?doing_wp_cron=1333300737 HTTP/1.0" 499 0 "-" "WordPress/3.3.1; http://yuvi.in/blog"
209.117.161.166 - - [01/Apr/2012:10:23:13 -0700] "GET /blog/2010/08/ HTTP/1.1" 200 19062 "-" "-"
117.228.45.184 - - [01/Apr/2012:10:23:59 -0700] "-" 400 0 "-" "-"
65.255.37.190 - - [01/Apr/2012:10:26:06 -0700] "GET /r/2e70 HTTP/1.1" 301 257 "http://ta.wikipedia.org/wiki/%E0%AE%AA%E0%AE%AF%E0%AE%A9%E0%AE%B0%E0%AF%8D:Selvakumar_mallar" "Nokia5130c-2/2.0 (07.97) Profile/MIDP-2.1 Configuration/CLDC-1.1 Mozilla/5.0 (Java; U; en-in; nokia5130c-2) UCBrowser8.2.0.132/70/352/UCWEB Mobile"
65.255.37.190 - - [01/Apr/2012:10:26:06 -0700] "GET /s/ta/2e70/ HTTP/1.1" 302 363 "http://ta.wikipedia.org/wiki/%E0%AE%AA%E0%AE%AF%E0%AE%A9%E0%AE%B0%E0%AF%8D:Selvakumar_mallar" "Nokia5130c-2/2.0 (07.97) Profile/MIDP-2.1 Configuration/CLDC-1.1 Mozilla/5.0 (Java; U; en-in; nokia5130c-2) UCBrowser8.2.0.132/70/352/UCWEB Mobile"
117.228.45.184 - - [01/Apr/2012:10:26:07 -0700] "-" 400 0 "-" "-"
122.164.153.143 - - [01/Apr/2012:10:26:46 -0700] "-" 400 0 "-" "-"
117.228.45.184 - - [01/Apr/2012:10:26:47 -0700] "-" 400 0 "-" "-"
14.194.23.190 - - [01/Apr/2012:10:27:27 -0700] "-" 400 0 "-" "-"
14.194.23.190 - - [01/Apr/2012:10:27:27 -0700] "-" 400 0 "-" "-"
117.228.45.184 - - [01/Apr/2012:10:27:27 -0700] "-" 400 0 "-" "-"
14.194.23.190 - - [01/Apr/2012:10:27:27 -0700] "-" 400 0 "-" "-"
14.194.23.190 - - [01/Apr/2012:10:27:28 -0700] "-" 400 0 "-" "-"
14.194.23.190 - - [01/Apr/2012:10:27:28 -0700] "-" 400 0 "-" "-"
14.194.23.190 - - [01/Apr/2012:10:27:28 -0700] "-" 400 0 "-" "-"
85.17.88.169 - - [01/Apr/2012:10:27:53 -0700] "POST /blog/wp-cron.php?doing_wp_cron=1333301021 HTTP/1.0" 499 0 "-" "WordPress/3.3.1; http://yuvi.in/blog"
100.43.83.144 - - [01/Apr/2012:10:27:53 -0700] "GET /blog/evanescence-enjoyed-best-without-the-music-vids/ HTTP/1.1" 200 4293 "-" "Mozilla/5.0 (compatible; YandexBot/3.0; +http://yandex.com/bots)"
85.17.88.169 - - [01/Apr/2012:10:28:24 -0700] "POST /blog/wp-cron.php?doing_wp_cron=1333301053 HTTP/1.0" 499 0 "-" "WordPress/3.3.1; http://yuvi.in/blog"
66.249.73.27 - - [01/Apr/2012:10:28:25 -0700] "GET /blog/2011/04/11/ HTTP/1.1" 200 5800 "-" "Mozilla/5.0 (compatible; Googlebot/2.1; +http://www.google.com/bot.html)"
85.17.88.169 - - [01/Apr/2012:10:28:36 -0700] "POST /blog/wp-cron.php?doing_wp_cron=1333301065 HTTP/1.0" 499 0 "-" "WordPress/3.3.1; http://yuvi.in/blog"
209.117.161.166 - - [01/Apr/2012:10:28:42 -0700] "GET /blog/2012/03/ HTTP/1.1" 200 14801 "-" "-"
85.17.88.169 - - [01/Apr/2012:10:29:10 -0700] "POST /blog/wp-cron.php?doing_wp_cron=1333301099 HTTP/1.0" 499 0 "-" "WordPress/3.3.1; http://yuvi.in/blog"
209.85.238.244 - - [01/Apr/2012:10:29:11 -0700] "GET /blog/feed/ HTTP/1.1" 304 0 "-" "Feedfetcher-Google; (+http://www.google.com/feedfetcher.html; 18 subscribers; feed-id=15064232456473204253)"
101.63.165.175 - - [01/Apr/2012:10:29:13 -0700] "-" 400 0 "-" "-"
101.63.165.175 - - [01/Apr/2012:10:29:13 -0700] "-" 400 0 "-" "-"
101.63.165.175 - - [01/Apr/2012:10:29:13 -0700] "-" 400 0 "-" "-"
101.63.165.175 - - [01/Apr/2012:10:29:13 -0700] "-" 400 0 "-" "-"
101.63.165.175 - - [01/Apr/2012:10:29:13 -0700] "-" 400 0 "-" "-"
101.63.165.175 - - [01/Apr/2012:10:29:13 -0700] "-" 400 0 "-" "-"
101.63.165.175 - - [01/Apr/2012:10:29:13 -0700] "-" 400 0 "-" "-"
101.63.165.175 - - [01/Apr/2012:10:29:13 -0700] "-" 400 0 "-" "-"
101.63.165.175 - - [01/Apr/2012:10:29:13 -0700] "-" 400 0 "-" "-"
101.63.165.175 - - [01/Apr/2012:10:29:13 -0700] "-" 400 0 "-" "-"
101.63.165.175 - - [01/Apr/2012:10:29:13 -0700] "-" 400 0 "-" "-"
101.63.165.175 - - [01/Apr/2012:10:29:13 -0700] "-" 400 0 "-" "-"
101.63.165.175 - - [01/Apr/2012:10:29:13 -0700] "-" 400 0 "-" "-"
101.63.165.175 - - [01/Apr/2012:10:29:13 -0700] "-" 400 0 "-" "-"
101.63.165.175 - - [01/Apr/2012:10:29:13 -0700] "-" 400 0 "-" "-"
101.63.165.175 - - [01/Apr/2012:10:29:13 -0700] "-" 400 0 "-" "-"
101.63.165.175 - - [01/Apr/2012:10:29:13 -0700] "-" 400 0 "-" "-"
101.63.165.175 - - [01/Apr/2012:10:29:13 -0700] "-" 400 0 "-" "-"
101.63.165.175 - - [01/Apr/2012:10:29:13 -0700] "-" 400 0 "-" "-"
101.63.165.175 - - [01/Apr/2012:10:29:13 -0700] "-" 400 0 "-" "-"
101.63.165.175 - - [01/Apr/2012:10:29:13 -0700] "-" 400 0 "-" "-"
101.63.165.175 - - [01/Apr/2012:10:29:13 -0700] "-" 400 0 "-" "-"
101.63.165.175 - - [01/Apr/2012:10:29:13 -0700] "-" 400 0 "-" "-"
101.63.165.175 - - [01/Apr/2012:10:29:13 -0700] "-" 400 0 "-" "-"
101.63.165.175 - - [01/Apr/2012:10:29:13 -0700] "-" 400 0 "-" "-"
101.63.165.175 - - [01/Apr/2012:10:29:13 -0700] "-" 400 0 "-" "-"
101.63.165.175 - - [01/Apr/2012:10:29:13 -0700] "-" 400 0 "-" "-"
101.63.165.175 - - [01/Apr/2012:10:29:13 -0700] "-" 400 0 "-" "-"
101.63.165.175 - - [01/Apr/2012:10:29:13 -0700] "-" 400 0 "-" "-"
101.63.165.175 - - [01/Apr/2012:10:29:13 -0700] "-" 400 0 "-" "-"
101.63.165.175 - - [01/Apr/2012:10:29:13 -0700] "-" 400 0 "-" "-"
101.63.165.175 - - [01/Apr/2012:10:29:13 -0700] "-" 400 0 "-" "-"
101.63.165.175 - - [01/Apr/2012:10:29:13 -0700] "-" 400 0 "-" "-"
101.63.165.175 - - [01/Apr/2012:10:29:13 -0700] "-" 400 0 "-" "-"
101.63.165.175 - - [01/Apr/2012:10:29:13 -0700] "-" 400 0 "-" "-"
101.63.165.175 - - [01/Apr/2012:10:29:13 -0700] "-" 400 0 "-" "-"
101.63.165.175 - - [01/Apr/2012:10:29:13 -0700] "-" 400 0 "-" "-"
101.63.165.175 - - [01/Apr/2012:10:29:13 -0700] "-" 400 0 "-" "-"
101.63.165.175 - - [01/Apr/2012:10:29:13 -0700] "-" 400 0 "-" "-"
101.63.165.175 - - [01/Apr/2012:10:29:13 -0700] "-" 400 0 "-" "-"
101.63.165.175 - - [01/Apr/2012:10:29:13 -0700] "-" 400 0 "-" "-"
101.63.165.175 - - [01/Apr/2012:10:29:13 -0700] "-" 400 0 "-" "-"
101.63.165.175 - - [01/Apr/2012:10:29:13 -0700] "-" 400 0 "-" "-"
101.63.165.175 - - [01/Apr/2012:10:29:13 -0700] "-" 400 0 "-" "-"
101.63.165.175 - - [01/Apr/2012:10:29:13 -0700] "-" 400 0 "-" "-"
101.63.165.175 - - [01/Apr/2012:10:29:13 -0700] "-" 400 0 "-" "-"
101.63.165.175 - - [01/Apr/2012:10:29:13 -0700] "-" 400 0 "-" "-"
101.63.165.175 - - [01/Apr/2012:10:29:13 -0700] "-" 400 0 "-" "-"
101.63.165.175 - - [01/Apr/2012:10:29:13 -0700] "-" 400 0 "-" "-"
101.63.165.175 - - [01/Apr/2012:10:29:13 -0700] "-" 400 0 "-" "-"
101.63.165.175 - - [01/Apr/2012:10:29:13 -0700] "-" 400 0 "-" "-"
101.63.165.175 - - [01/Apr/2012:10:29:13 -0700] "-" 400 0 "-" "-"
101.63.165.175 - - [01/Apr/2012:10:29:13 -0700] "-" 400 0 "-" "-"
101.63.165.175 - - [01/Apr/2012:10:29:13 -0700] "-" 400 0 "-" "-"
101.63.165.175 - - [01/Apr/2012:10:29:13 -0700] "-" 400 0 "-" "-"
101.63.165.175 - - [01/Apr/2012:10:29:13 -0700] "-" 400 0 "-" "-"
101.63.165.175 - - [01/Apr/2012:10:29:13 -0700] "-" 400 0 "-" "-"
101.63.165.175 - - [01/Apr/2012:10:29:13 -0700] "-" 400 0 "-" "-"
101.63.165.175 - - [01/Apr/2012:10:29:13 -0700] "-" 400 0 "-" "-"
101.63.165.175 - - [01/Apr/2012:10:29:13 -0700] "-" 400 0 "-" "-"
101.63.165.175 - - [01/Apr/2012:10:29:13 -0700] "-" 400 0 "-" "-"
101.63.165.175 - - [01/Apr/2012:10:29:13 -0700] "-" 400 0 "-" "-"
101.63.165.175 - - [01/Apr/2012:10:29:13 -0700] "-" 400 0 "-" "-"
101.63.165.175 - - [01/Apr/2012:10:29:13 -0700] "-" 400 0 "-" "-"
101.63.165.175 - - [01/Apr/2012:10:29:13 -0700] "-" 400 0 "-" "-"
101.63.165.175 - - [01/Apr/2012:10:29:13 -0700] "-" 400 0 "-" "-"
101.63.165.175 - - [01/Apr/2012:10:29:13 -0700] "-" 400 0 "-" "-"
101.63.165.175 - - [01/Apr/2012:10:29:13 -0700] "-" 400 0 "-" "-"
101.63.165.175 - - [01/Apr/2012:10:29:13 -0700] "-" 400 0 "-" "-"
101.63.165.175 - - [01/Apr/2012:10:29:13 -0700] "-" 400 0 "-" "-"
101.63.165.175 - - [01/Apr/2012:10:29:13 -0700] "-" 400 0 "-" "-"
101.63.165.175 - - [01/Apr/2012:10:29:13 -0700] "-" 400 0 "-" "-"
101.63.165.175 - - [01/Apr/2012:10:29:13 -0700] "-" 400 0 "-" "-"
101.63.165.175 - - [01/Apr/2012:10:29:13 -0700] "-" 400 0 "-" "-"
101.63.165.175 - - [01/Apr/2012:10:29:13 -0700] "-" 400 0 "-" "-"
85.17.88.169 - - [01/Apr/2012:10:29:56 -0700] "POST /blog/wp-cron.php?doing_wp_cron=1333301145 HTTP/1.0" 499 0 "-" "WordPress/3.3.1; http://yuvi.in/blog"
209.85.224.82 - - [01/Apr/2012:10:29:56 -0700] "GET /blog/feed HTTP/1.1" 304 0 "-" "FeedBurner/1.0 (http://www.FeedBurner.com)"
14.99.207.140 - - [01/Apr/2012:10:30:38 -0700] "-" 400 0 "-" "-"
14.99.207.140 - - [01/Apr/2012:10:30:38 -0700] "-" 400 0 "-" "-"
14.99.207.140 - - [01/Apr/2012:10:30:38 -0700] "-" 400 0 "-" "-"
14.99.207.140 - - [01/Apr/2012:10:30:38 -0700] "-" 400 0 "-" "-"
14.99.207.140 - - [01/Apr/2012:10:30:58 -0700] "-" 400 0 "-" "-"
14.99.207.140 - - [01/Apr/2012:10:30:58 -0700] "-" 400 0 "-" "-"
14.99.207.140 - - [01/Apr/2012:10:30:58 -0700] "-" 400 0 "-" "-"
85.17.88.169 - - [01/Apr/2012:10:31:29 -0700] "POST /blog/wp-cron.php?doing_wp_cron=1333301237 HTTP/1.0" 499 0 "-" "WordPress/3.3.1; http://yuvi.in/blog"
97.117.125.23 - - [01/Apr/2012:10:31:29 -0700] "GET /blog/favicon.ico HTTP/1.1" 404 3016 "-" "Mozilla/5.0 (Windows NT 5.1; rv:11.0) Gecko/20100101 Firefox/11.0"
117.193.199.17 - - [01/Apr/2012:10:31:38 -0700] "-" 400 0 "-" "-"
14.99.207.140 - - [01/Apr/2012:10:31:58 -0700] "-" 400 0 "-" "-"
109.239.85.180 - - [01/Apr/2012:10:32:10 -0700] "GET /r/1t1t HTTP/1.1" 301 257 "http://ta.wikipedia.org/wiki/%E0%AE%95%E0%AE%BE%E0%AE%AE%E0%AF%8D%E0%AE%AA%E0%AF%8B%E0%AE%A4%E0%AE%BF" "Mozilla/5.0 (Macintosh; Intel Mac OS X 10_5_8) AppleWebKit/534.50.2 (KHTML, like Gecko) Version/5.0.6 Safari/533.22.3"
109.239.85.180 - - [01/Apr/2012:10:32:10 -0700] "GET /s/ta/1t1t/ HTTP/1.1" 302 361 "http://ta.wikipedia.org/wiki/%E0%AE%95%E0%AE%BE%E0%AE%AE%E0%AF%8D%E0%AE%AA%E0%AF%8B%E0%AE%A4%E0%AE%BF" "Mozilla/5.0 (Macintosh; Intel Mac OS X 10_5_8) AppleWebKit/534.50.2 (KHTML, like Gecko) Version/5.0.6 Safari/533.22.3"
14.99.207.140 - - [01/Apr/2012:10:32:48 -0700] "-" 400 0 "-" "-"
14.99.207.140 - - [01/Apr/2012:10:32:48 -0700] "-" 400 0 "-" "-"
14.99.207.140 - - [01/Apr/2012:10:32:48 -0700] "-" 400 0 "-" "-"
85.17.88.169 - - [01/Apr/2012:10:33:58 -0700] "POST /blog/wp-cron.php?doing_wp_cron=1333301387 HTTP/1.0" 499 0 "-" "WordPress/3.3.1; http://yuvi.in/blog"
100.43.83.144 - - [01/Apr/2012:10:33:59 -0700] "GET /blog/?p=83 HTTP/1.1" 301 0 "-" "Mozilla/5.0 (compatible; YandexBot/3.0; +http://yandex.com/bots)"
85.17.88.169 - - [01/Apr/2012:10:34:03 -0700] "POST /blog/wp-cron.php?doing_wp_cron=1333301392 HTTP/1.0" 499 0 "-" "WordPress/3.3.1; http://yuvi.in/blog"
100.43.83.144 - - [01/Apr/2012:10:34:04 -0700] "GET /blog/devlog-april-2011/ HTTP/1.1" 200 8022 "-" "Mozilla/5.0 (compatible; YandexBot/3.0; +http://yandex.com/bots)"
122.164.153.143 - - [01/Apr/2012:10:34:04 -0700] "-" 400 0 "-" "-"
183.83.17.150 - - [01/Apr/2012:10:34:40 -0700] "GET /AssessmentBar/r/Unassessed_India_articles/ HTTP/1.1" 302 285 "http://en.wikipedia.org/wiki/Eagles_F.C." "Mozilla/5.0 (X11; Linux i686) AppleWebKit/535.19 (KHTML, like Gecko) Chrome/18.0.1025.142 Safari/535.19"
183.83.17.150 - - [01/Apr/2012:10:34:58 -0700] "-" 400 0 "-" "-"
89.145.108.202 - - [01/Apr/2012:10:35:16 -0700] "GET /blog HTTP/1.1" 301 178 "-" "Mozilla/4.0 (compatible; MSIE 7.0; Windows NT 5.1; .NET CLR 1.1.4322; .NET CLR 2.0.50727; .NET CLR 3.0.4506.2152; .NET CLR 3.5.30729; InfoPath.2; MS-RTC LM 8)"
89.145.108.202 - - [01/Apr/2012:10:35:17 -0700] "GET /blog/ HTTP/1.1" 200 33230 "-" "Mozilla/4.0 (compatible; MSIE 7.0; Windows NT 5.1; .NET CLR 1.1.4322; .NET CLR 2.0.50727; .NET CLR 3.0.4506.2152; .NET CLR 3.5.30729; InfoPath.2; MS-RTC LM 8)"
85.17.88.169 - - [01/Apr/2012:10:36:25 -0700] "POST /blog/wp-cron.php?doing_wp_cron=1333301533 HTTP/1.0" 499 0 "-" "WordPress/3.3.1; http://yuvi.in/blog"
113.16.172.186 - - [01/Apr/2012:10:36:25 -0700] "GET /blog/what-stop-child-athiest/ HTTP/1.1" 200 5573 "" "Mozilla/5.0 (Windows NT 6.1; rv:2.0b7pre) Gecko/20100921 Firefox/4.0b7pre"
183.83.17.150 - - [01/Apr/2012:10:37:03 -0700] "GET /AssessmentBar/r/Unassessed_India_articles/ HTTP/1.1" 302 325 "http://en.wikipedia.org/wiki/Indore_City_Bus" "Mozilla/5.0 (X11; Linux i686) AppleWebKit/535.19 (KHTML, like Gecko) Chrome/18.0.1025.142 Safari/535.19"
183.83.17.150 - - [01/Apr/2012:10:37:19 -0700] "GET /AssessmentBar/r/Unassessed_India_articles/ HTTP/1.1" 302 265 "http://en.wikipedia.org/wiki/Group_of_Monuments_at_Mahabalipuram" "Mozilla/5.0 (X11; Linux i686) AppleWebKit/535.19 (KHTML, like Gecko) Chrome/18.0.1025.142 Safari/535.19"
85.17.88.169 - - [01/Apr/2012:10:38:16 -0700] "POST /blog/wp-cron.php?doing_wp_cron=1333301644 HTTP/1.0" 499 0 "-" "WordPress/3.3.1; http://yuvi.in/blog"
209.117.161.166 - - [01/Apr/2012:10:38:21 -0700] "GET /blog/tag/anniversary/ HTTP/1.1" 200 15526 "-" "-"
85.17.88.169 - - [01/Apr/2012:10:39:07 -0700] "POST /blog/wp-cron.php?doing_wp_cron=1333301696 HTTP/1.0" 499 0 "-" "WordPress/3.3.1; http://yuvi.in/blog"
100.43.83.144 - - [01/Apr/2012:10:39:08 -0700] "GET /blog/working-big-co-unsatisfying/ HTTP/1.1" 200 5431 "-" "Mozilla/5.0 (compatible; YandexBot/3.0; +http://yandex.com/bots)"
85.17.88.169 - - [01/Apr/2012:10:40:05 -0700] "POST /blog/wp-cron.php?doing_wp_cron=1333301753 HTTP/1.0" 499 0 "-" "WordPress/3.3.1; http://yuvi.in/blog"
209.117.161.166 - - [01/Apr/2012:10:40:10 -0700] "GET /blog/2011/10/ HTTP/1.1" 200 17319 "-" "-"
122.174.5.237 - - [01/Apr/2012:10:40:14 -0700] "-" 400 0 "-" "-"
183.83.17.150 - - [01/Apr/2012:10:42:29 -0700] "GET /AssessmentBar/r/Unassessed_India_articles/ HTTP/1.1" 302 275 "http://en.wikipedia.org/wiki/Group_of_Monuments_at_Mahabalipuram" "Mozilla/5.0 (X11; Linux i686) AppleWebKit/535.19 (KHTML, like Gecko) Chrome/18.0.1025.142 Safari/535.19"
183.83.17.150 - - [01/Apr/2012:10:42:48 -0700] "-" 400 0 "-" "-"
150.70.172.206 - - [01/Apr/2012:10:43:10 -0700] "GET /favicon.ico HTTP/1.0" 404 571 "-" "Mozilla/4.0 (compatible; MSIE 6.0; Windows NT 5.1)"
176.9.87.106 - - [01/Apr/2012:10:43:28 -0700] "GET /robots.txt HTTP/1.0" 404 238 "-" "Acoon v4.10.4 (www.acoon.de)"
176.9.87.106 - - [01/Apr/2012:10:43:29 -0700] "GET /s/ta/1lh7/ HTTP/1.0" 302 561 "-" "Acoon v4.10.4 (www.acoon.de)"
100.43.83.144 - - [01/Apr/2012:10:44:09 -0700] "GET /blog/moving-to-vim-from-emacs.html HTTP/1.1" 200 2657 "-" "Mozilla/5.0 (compatible; YandexBot/3.0; +http://yandex.com/bots)"
117.216.43.213 - - [01/Apr/2012:10:45:09 -0700] "GET / HTTP/1.1" 200 1430 "http://www.google.com/url?sa=t&rct=j&q=yuvi%20panda&source=web&cd=1&ved=0CC0QFjAA&url=http%3A%2F%2Fyuvi.in%2F&ei=FpN4T9PZNMSGrAfwk_StDQ&usg=AFQjCNGCp_KinRzG9gFsQqxb60Cy8lsxnA" "Mozilla/5.0 (X11; Linux x86_64; rv:12.0a2) Gecko/20120210 Firefox/12.0a2 Iceweasel/12.0a2"
117.216.43.213 - - [01/Apr/2012:10:45:11 -0700] "GET /blueprint/screen.css HTTP/1.1" 200 12058 "http://yuvi.in/" "Mozilla/5.0 (X11; Linux x86_64; rv:12.0a2) Gecko/20120210 Firefox/12.0a2 Iceweasel/12.0a2"
117.216.43.213 - - [01/Apr/2012:10:45:11 -0700] "GET /blueprint/print.css HTTP/1.1" 200 1284 "http://yuvi.in/" "Mozilla/5.0 (X11; Linux x86_64; rv:12.0a2) Gecko/20120210 Firefox/12.0a2 Iceweasel/12.0a2"
117.216.43.213 - - [01/Apr/2012:10:45:13 -0700] "GET /header.png HTTP/1.1" 200 14249 "http://yuvi.in/" "Mozilla/5.0 (X11; Linux x86_64; rv:12.0a2) Gecko/20120210 Firefox/12.0a2 Iceweasel/12.0a2"
117.216.43.213 - - [01/Apr/2012:10:45:14 -0700] "GET /favicon.ico HTTP/1.1" 404 142 "-" "Mozilla/5.0 (X11; Linux x86_64; rv:12.0a2) Gecko/20120210 Firefox/12.0a2 Iceweasel/12.0a2"
117.216.43.213 - - [01/Apr/2012:10:45:15 -0700] "GET /favicon.ico HTTP/1.1" 404 142 "-" "Mozilla/5.0 (X11; Linux x86_64; rv:12.0a2) Gecko/20120210 Firefox/12.0a2 Iceweasel/12.0a2"
117.216.43.213 - - [01/Apr/2012:10:45:17 -0700] "-" 400 0 "-" "-"
117.216.43.213 - - [01/Apr/2012:10:45:18 -0700] "-" 400 0 "-" "-"
117.216.43.213 - - [01/Apr/2012:10:45:18 -0700] "-" 400 0 "-" "-"
117.216.43.213 - - [01/Apr/2012:10:45:18 -0700] "-" 400 0 "-" "-"
117.216.43.213 - - [01/Apr/2012:10:45:47 -0700] "GET /blog HTTP/1.1" 301 178 "http://yuvi.in/" "Mozilla/5.0 (X11; Linux x86_64; rv:12.0a2) Gecko/20120210 Firefox/12.0a2 Iceweasel/12.0a2"
117.216.43.213 - - [01/Apr/2012:10:45:48 -0700] "GET /blog/ HTTP/1.1" 200 9194 "http://yuvi.in/" "Mozilla/5.0 (X11; Linux x86_64; rv:12.0a2) Gecko/20120210 Firefox/12.0a2 Iceweasel/12.0a2"
117.216.43.213 - - [01/Apr/2012:10:45:49 -0700] "GET /blog/wp-content/themes/cleanr/style.css HTTP/1.1" 200 10508 "http://yuvi.in/blog/" "Mozilla/5.0 (X11; Linux x86_64; rv:12.0a2) Gecko/20120210 Firefox/12.0a2 Iceweasel/12.0a2"
117.216.43.213 - - [01/Apr/2012:10:45:50 -0700] "GET /blog/wp-content/themes/cleanr/css/reset.css HTTP/1.1" 200 648 "http://yuvi.in/blog/wp-content/themes/cleanr/style.css" "Mozilla/5.0 (X11; Linux x86_64; rv:12.0a2) Gecko/20120210 Firefox/12.0a2 Iceweasel/12.0a2"
117.216.43.213 - - [01/Apr/2012:10:45:50 -0700] "GET /blog/wp-content/themes/cleanr/css/text.css HTTP/1.1" 200 420 "http://yuvi.in/blog/wp-content/themes/cleanr/style.css" "Mozilla/5.0 (X11; Linux x86_64; rv:12.0a2) Gecko/20120210 Firefox/12.0a2 Iceweasel/12.0a2"
117.216.43.213 - - [01/Apr/2012:10:45:50 -0700] "GET /blog/wp-content/themes/cleanr/css/960.css HTTP/1.1" 200 3628 "http://yuvi.in/blog/wp-content/themes/cleanr/style.css" "Mozilla/5.0 (X11; Linux x86_64; rv:12.0a2) Gecko/20120210 Firefox/12.0a2 Iceweasel/12.0a2"
117.216.43.213 - - [01/Apr/2012:10:45:51 -0700] "GET /blog/wp-includes/js/jquery/jquery.js?ver=1.7.1 HTTP/1.1" 200 93889 "http://yuvi.in/blog/" "Mozilla/5.0 (X11; Linux x86_64; rv:12.0a2) Gecko/20120210 Firefox/12.0a2 Iceweasel/12.0a2"
117.216.43.213 - - [01/Apr/2012:10:45:51 -0700] "GET /blog/wp-content/themes/cleanr/js/jquery.dropdown.js?ver=3.3.1 HTTP/1.1" 200 535 "http://yuvi.in/blog/" "Mozilla/5.0 (X11; Linux x86_64; rv:12.0a2) Gecko/20120210 Firefox/12.0a2 Iceweasel/12.0a2"
117.216.43.213 - - [01/Apr/2012:10:45:52 -0700] "GET /blog/wp-content/themes/cleanr/images/search_magnifier.gif HTTP/1.1" 200 394 "http://yuvi.in/blog/" "Mozilla/5.0 (X11; Linux x86_64; rv:12.0a2) Gecko/20120210 Firefox/12.0a2 Iceweasel/12.0a2"
117.216.43.213 - - [01/Apr/2012:10:45:54 -0700] "-" 400 0 "-" "-"
117.216.43.213 - - [01/Apr/2012:10:45:54 -0700] "-" 400 0 "-" "-"
117.216.43.213 - - [01/Apr/2012:10:45:54 -0700] "-" 400 0 "-" "-"
117.216.43.213 - - [01/Apr/2012:10:45:55 -0700] "GET /stories HTTP/1.1" 301 185 "http://yuvi.in/" "Mozilla/5.0 (X11; Linux x86_64; rv:12.0a2) Gecko/20120210 Firefox/12.0a2 Iceweasel/12.0a2"
117.216.43.213 - - [01/Apr/2012:10:45:56 -0700] "GET /stories/ HTTP/1.1" 200 1271 "http://yuvi.in/" "Mozilla/5.0 (X11; Linux x86_64; rv:12.0a2) Gecko/20120210 Firefox/12.0a2 Iceweasel/12.0a2"
117.216.43.213 - - [01/Apr/2012:10:45:56 -0700] "GET /stories/static/style.css HTTP/1.1" 200 1274 "http://yuvi.in/stories/" "Mozilla/5.0 (X11; Linux x86_64; rv:12.0a2) Gecko/20120210 Firefox/12.0a2 Iceweasel/12.0a2"
117.216.43.213 - - [01/Apr/2012:10:46:08 -0700] "GET /stories/static/codehilite.css HTTP/1.1" 200 4012 "http://yuvi.in/stories/" "Mozilla/5.0 (X11; Linux x86_64; rv:12.0a2) Gecko/20120210 Firefox/12.0a2 Iceweasel/12.0a2"
122.164.153.143 - - [01/Apr/2012:10:46:14 -0700] "-" 400 0 "-" "-"
117.192.240.51 - - [01/Apr/2012:10:46:31 -0700] "GET / HTTP/1.1" 200 1430 "-" "Mozilla/5.0 (Windows NT 5.1) AppleWebKit/535.11 (KHTML, like Gecko) Chrome/17.0.963.83 Safari/535.11"
117.192.240.51 - - [01/Apr/2012:10:46:32 -0700] "GET /blueprint/screen.css HTTP/1.1" 200 12058 "http://yuvi.in/" "Mozilla/5.0 (Windows NT 5.1) AppleWebKit/535.11 (KHTML, like Gecko) Chrome/17.0.963.83 Safari/535.11"
117.192.240.51 - - [01/Apr/2012:10:46:32 -0700] "GET /header.png HTTP/1.1" 200 14249 "http://yuvi.in/" "Mozilla/5.0 (Windows NT 5.1) AppleWebKit/535.11 (KHTML, like Gecko) Chrome/17.0.963.83 Safari/535.11"
117.192.240.51 - - [01/Apr/2012:10:46:33 -0700] "GET /blueprint/print.css HTTP/1.1" 200 1284 "http://yuvi.in/" "Mozilla/5.0 (Windows NT 5.1) AppleWebKit/535.11 (KHTML, like Gecko) Chrome/17.0.963.83 Safari/535.11"
117.192.240.51 - - [01/Apr/2012:10:46:34 -0700] "GET /favicon.ico HTTP/1.1" 404 199 "-" "Mozilla/5.0 (Windows NT 5.1) AppleWebKit/535.11 (KHTML, like Gecko) Chrome/17.0.963.83 Safari/535.11"
122.164.153.143 - - [01/Apr/2012:10:46:54 -0700] "-" 400 0 "-" "-"
117.216.43.213 - - [01/Apr/2012:10:46:56 -0700] "GET /blog/ HTTP/1.1" 200 9194 "http://yuvi.in/" "Mozilla/5.0 (X11; Linux x86_64; rv:12.0a2) Gecko/20120210 Firefox/12.0a2 Iceweasel/12.0a2"
117.216.43.213 - - [01/Apr/2012:10:46:57 -0700] "GET /blog/wp-content/themes/cleanr/style.css HTTP/1.1" 200 10508 "http://yuvi.in/blog/" "Mozilla/5.0 (X11; Linux x86_64; rv:12.0a2) Gecko/20120210 Firefox/12.0a2 Iceweasel/12.0a2"
117.216.43.213 - - [01/Apr/2012:10:46:58 -0700] "GET /blog/wp-content/themes/cleanr/css/reset.css HTTP/1.1" 200 648 "http://yuvi.in/blog/wp-content/themes/cleanr/style.css" "Mozilla/5.0 (X11; Linux x86_64; rv:12.0a2) Gecko/20120210 Firefox/12.0a2 Iceweasel/12.0a2"
117.216.43.213 - - [01/Apr/2012:10:46:58 -0700] "GET /blog/wp-content/themes/cleanr/css/text.css HTTP/1.1" 200 420 "http://yuvi.in/blog/wp-content/themes/cleanr/style.css" "Mozilla/5.0 (X11; Linux x86_64; rv:12.0a2) Gecko/20120210 Firefox/12.0a2 Iceweasel/12.0a2"
117.216.43.213 - - [01/Apr/2012:10:46:58 -0700] "GET /blog/wp-content/themes/cleanr/css/960.css HTTP/1.1" 200 3628 "http://yuvi.in/blog/wp-content/themes/cleanr/style.css" "Mozilla/5.0 (X11; Linux x86_64; rv:12.0a2) Gecko/20120210 Firefox/12.0a2 Iceweasel/12.0a2"
117.216.43.213 - - [01/Apr/2012:10:46:58 -0700] "GET /blog/wp-includes/js/jquery/jquery.js?ver=1.7.1 HTTP/1.1" 200 93889 "http://yuvi.in/blog/" "Mozilla/5.0 (X11; Linux x86_64; rv:12.0a2) Gecko/20120210 Firefox/12.0a2 Iceweasel/12.0a2"
117.216.43.213 - - [01/Apr/2012:10:47:04 -0700] "-" 400 0 "-" "-"
117.216.43.213 - - [01/Apr/2012:10:47:05 -0700] "-" 400 0 "-" "-"
117.216.43.213 - - [01/Apr/2012:10:47:07 -0700] "-" 400 0 "-" "-"
117.216.43.213 - - [01/Apr/2012:10:47:07 -0700] "-" 400 0 "-" "-"
117.216.43.213 - - [01/Apr/2012:10:47:07 -0700] "GET /blog/wp-content/themes/cleanr/js/jquery.dropdown.js?ver=3.3.1 HTTP/1.1" 200 535 "http://yuvi.in/blog/" "Mozilla/5.0 (X11; Linux x86_64; rv:12.0a2) Gecko/20120210 Firefox/12.0a2 Iceweasel/12.0a2"
117.216.43.213 - - [01/Apr/2012:10:47:08 -0700] "GET /blog/wp-content/themes/cleanr/images/search_magnifier.gif HTTP/1.1" 200 394 "http://yuvi.in/blog/" "Mozilla/5.0 (X11; Linux x86_64; rv:12.0a2) Gecko/20120210 Firefox/12.0a2 Iceweasel/12.0a2"
117.216.43.213 - - [01/Apr/2012:10:47:21 -0700] "GET /stories/ HTTP/1.1" 200 1271 "http://yuvi.in/" "Mozilla/5.0 (X11; Linux x86_64; rv:12.0a2) Gecko/20120210 Firefox/12.0a2 Iceweasel/12.0a2"
117.216.43.213 - - [01/Apr/2012:10:47:22 -0700] "GET /stories/static/style.css HTTP/1.1" 200 1274 "http://yuvi.in/stories/" "Mozilla/5.0 (X11; Linux x86_64; rv:12.0a2) Gecko/20120210 Firefox/12.0a2 Iceweasel/12.0a2"
117.216.43.213 - - [01/Apr/2012:10:47:22 -0700] "GET /stories/static/codehilite.css HTTP/1.1" 200 4012 "http://yuvi.in/stories/" "Mozilla/5.0 (X11; Linux x86_64; rv:12.0a2) Gecko/20120210 Firefox/12.0a2 Iceweasel/12.0a2"
117.216.43.213 - - [01/Apr/2012:10:47:23 -0700] "GET /favicon.ico HTTP/1.1" 404 142 "-" "Mozilla/5.0 (X11; Linux x86_64; rv:12.0a2) Gecko/20120210 Firefox/12.0a2 Iceweasel/12.0a2"
117.216.43.213 - - [01/Apr/2012:10:47:24 -0700] "GET /favicon.ico HTTP/1.1" 404 142 "-" "Mozilla/5.0 (X11; Linux x86_64; rv:12.0a2) Gecko/20120210 Firefox/12.0a2 Iceweasel/12.0a2"
122.164.153.143 - - [01/Apr/2012:10:47:47 -0700] "-" 400 0 "-" "-"
117.192.240.51 - - [01/Apr/2012:10:48:18 -0700] "GET /blog HTTP/1.1" 301 178 "http://yuvi.in/" "Mozilla/5.0 (Windows NT 5.1) AppleWebKit/535.11 (KHTML, like Gecko) Chrome/17.0.963.83 Safari/535.11"
117.192.240.51 - - [01/Apr/2012:10:48:19 -0700] "GET /blog/ HTTP/1.1" 200 9194 "http://yuvi.in/" "Mozilla/5.0 (Windows NT 5.1) AppleWebKit/535.11 (KHTML, like Gecko) Chrome/17.0.963.83 Safari/535.11"
117.192.240.51 - - [01/Apr/2012:10:48:19 -0700] "GET /blog/wp-content/themes/cleanr/style.css HTTP/1.1" 200 10508 "http://yuvi.in/blog/" "Mozilla/5.0 (Windows NT 5.1) AppleWebKit/535.11 (KHTML, like Gecko) Chrome/17.0.963.83 Safari/535.11"
117.192.240.51 - - [01/Apr/2012:10:48:19 -0700] "GET /blog/wp-content/themes/cleanr/js/jquery.dropdown.js?ver=3.3.1 HTTP/1.1" 200 535 "http://yuvi.in/blog/" "Mozilla/5.0 (Windows NT 5.1) AppleWebKit/535.11 (KHTML, like Gecko) Chrome/17.0.963.83 Safari/535.11"
117.192.240.51 - - [01/Apr/2012:10:48:20 -0700] "GET /blog/wp-includes/js/jquery/jquery.js?ver=1.7.1 HTTP/1.1" 200 93889 "http://yuvi.in/blog/" "Mozilla/5.0 (Windows NT 5.1) AppleWebKit/535.11 (KHTML, like Gecko) Chrome/17.0.963.83 Safari/535.11"
