66.154.119.169 - - [12/Mar/2012:08:31:17 -0700] "GET /s/ta/6cb/ HTTP/1.1" 302 505 "http://ta.m.wikipedia.org/w/index.php?title=%E0%AE%AE%E0%AE%B0%E0%AE%AA%E0%AE%BF%E0%AE%AF%E0%AE%B2%E0%AF%8D%E0%AE%AA%E0%AF%81_(%E0%AE%95%E0%AE%A3%E0%AE%BF%E0%AE%A9%E0%AE%BF%E0%AE%AF%E0%AE%BF%E0%AE%AF%E0%AE%B2%E0%AF%8D)&mobileaction=view_normal_site" "Nokia2700c-2/2.0 (09.98) Profile/MIDP-2.1 Configuration/CLDC-1.1 nokia2700c-2/UC Browser8.0.3.107/70/355"
66.249.67.123 - - [12/Mar/2012:08:31:18 -0700] "GET /stories/tag/hopeless.html HTTP/1.1" 200 1057 "-" "Mozilla/5.0 (iPhone; U; CPU iPhone OS 4_1 like Mac OS X; en-us) AppleWebKit/532.9 (KHTML, like Gecko) Version/4.0.5 Mobile/8B117 Safari/6531.22.7 (compatible; Googlebot-Mobile/2.1; +http://www.google.com/bot.html)"
85.17.88.169 - - [12/Mar/2012:08:32:14 -0700] "POST /blog/wp-cron.php?doing_wp_cron=1331566243 HTTP/1.0" 499 0 "-" "WordPress/3.3.1; http://yuvi.in/blog"
59.92.64.20 - - [12/Mar/2012:08:32:15 -0700] "GET /blog/category/events/ HTTP/1.1" 200 12501 "http://yuvi.in/blog/" "Mozilla/5.0 (X11; Linux i686) AppleWebKit/534.30 (KHTML, like Gecko) Chrome/12.0.742.112 Safari/534.30"
59.92.64.20 - - [12/Mar/2012:08:32:18 -0700] "GET /favicon.ico HTTP/1.1" 404 199 "-" "Mozilla/5.0 (X11; Linux i686) AppleWebKit/534.30 (KHTML, like Gecko) Chrome/12.0.742.112 Safari/534.30"
122.174.101.8 - - [12/Mar/2012:08:32:35 -0700] "GET /r/1ukb HTTP/1.0" 301 257 "http://ta.wikipedia.org/wiki/%E0%AE%AA%E0%AF%8B%E0%AE%A4%E0%AE%BF%E0%AE%A4%E0%AE%B0%E0%AF%8D%E0%AE%AE%E0%AE%A9%E0%AF%8D" "Mozilla/4.0 (compatible; MSIE 7.0; Windows NT 5.1; InfoPath.2)"
122.174.101.8 - - [12/Mar/2012:08:32:35 -0700] "GET /s/ta/1ukb/ HTTP/1.0" 302 389 "http://ta.wikipedia.org/wiki/%E0%AE%AA%E0%AF%8B%E0%AE%A4%E0%AE%BF%E0%AE%A4%E0%AE%B0%E0%AF%8D%E0%AE%AE%E0%AE%A9%E0%AF%8D" "Mozilla/4.0 (compatible; MSIE 7.0; Windows NT 5.1; InfoPath.2)"
85.17.88.169 - - [12/Mar/2012:08:36:19 -0700] "POST /blog/wp-cron.php?doing_wp_cron=1331566488 HTTP/1.0" 499 0 "-" "WordPress/3.3.1; http://yuvi.in/blog"
59.92.64.20 - - [12/Mar/2012:08:36:20 -0700] "GET /blog/category/personal/ HTTP/1.1" 200 14322 "http://yuvi.in/blog/category/events/" "Mozilla/5.0 (X11; Linux i686) AppleWebKit/534.30 (KHTML, like Gecko) Chrome/12.0.742.112 Safari/534.30"
59.92.64.20 - - [12/Mar/2012:08:36:27 -0700] "GET /favicon.ico HTTP/1.1" 404 199 "-" "Mozilla/5.0 (X11; Linux i686) AppleWebKit/534.30 (KHTML, like Gecko) Chrome/12.0.742.112 Safari/534.30"
66.249.68.52 - - [12/Mar/2012:08:36:50 -0700] "GET /r/2na0 HTTP/1.1" 301 257 "-" "Mozilla/5.0 (compatible; Googlebot/2.1; +http://www.google.com/bot.html)"
66.249.68.52 - - [12/Mar/2012:08:36:51 -0700] "GET /s/ta/2na0/ HTTP/1.1" 302 693 "-" "Mozilla/5.0 (compatible; Googlebot/2.1; +http://www.google.com/bot.html)"
66.249.68.52 - - [12/Mar/2012:08:38:31 -0700] "GET /s/ta/2r95/ HTTP/1.1" 302 449 "-" "Mozilla/5.0 (compatible; Googlebot/2.1; +http://www.google.com/bot.html)"
85.17.88.169 - - [12/Mar/2012:08:39:53 -0700] "POST /blog/wp-cron.php?doing_wp_cron=1331566702 HTTP/1.0" 499 0 "-" "WordPress/3.3.1; http://yuvi.in/blog"
183.178.85.181 - - [12/Mar/2012:08:39:54 -0700] "GET /blog/tag/devlog-dec-2011 HTTP/1.1" 301 0 "-" "Mozilla/4.0 (compatible; MSIE 5.5; Windows NT)"
85.17.88.169 - - [12/Mar/2012:08:39:56 -0700] "POST /blog/wp-cron.php?doing_wp_cron=1331566705 HTTP/1.0" 499 0 "-" "WordPress/3.3.1; http://yuvi.in/blog"
183.178.85.181 - - [12/Mar/2012:08:39:57 -0700] "GET /blog/tag/devlog-dec-2011/ HTTP/1.1" 200 15972 "-" "Mozilla/4.0 (compatible; MSIE 5.5; Windows NT)"
85.17.88.169 - - [12/Mar/2012:08:40:17 -0700] "POST /blog/wp-cron.php?doing_wp_cron=1331566726 HTTP/1.0" 499 0 "-" "WordPress/3.3.1; http://yuvi.in/blog"
59.92.64.20 - - [12/Mar/2012:08:40:18 -0700] "GET /blog/category/personal/page/2/ HTTP/1.1" 200 10806 "http://yuvi.in/blog/category/personal/" "Mozilla/5.0 (X11; Linux i686) AppleWebKit/534.30 (KHTML, like Gecko) Chrome/12.0.742.112 Safari/534.30"
59.92.64.20 - - [12/Mar/2012:08:40:21 -0700] "GET /favicon.ico HTTP/1.1" 404 199 "-" "Mozilla/5.0 (X11; Linux i686) AppleWebKit/534.30 (KHTML, like Gecko) Chrome/12.0.742.112 Safari/534.30"
69.171.228.250 - - [12/Mar/2012:08:40:36 -0700] "GET /r/240g HTTP/1.1" 301 257 "-" "facebookexternalhit/1.1 (+http://www.facebook.com/externalhit_uatext.php)"
69.171.228.245 - - [12/Mar/2012:08:40:36 -0700] "GET /s/ta/240g/ HTTP/1.1" 302 397 "-" "facebookexternalhit/1.1 (+http://www.facebook.com/externalhit_uatext.php)"
85.17.88.169 - - [12/Mar/2012:08:41:52 -0700] "POST /blog/wp-cron.php?doing_wp_cron=1331566821 HTTP/1.0" 499 0 "-" "WordPress/3.3.1; http://yuvi.in/blog"
100.43.83.144 - - [12/Mar/2012:08:41:53 -0700] "GET /blog/tag/personal/ HTTP/1.1" 200 15119 "-" "Mozilla/5.0 (compatible; YandexBot/3.0; +http://yandex.com/bots)"
85.17.88.169 - - [12/Mar/2012:08:41:57 -0700] "POST /blog/wp-cron.php?doing_wp_cron=1331566826 HTTP/1.0" 499 0 "-" "WordPress/3.3.1; http://yuvi.in/blog"
100.43.83.144 - - [12/Mar/2012:08:41:58 -0700] "GET /blog/what-i-lack/ HTTP/1.1" 200 4599 "-" "Mozilla/5.0 (compatible; YandexBot/3.0; +http://yandex.com/bots)"
85.17.88.169 - - [12/Mar/2012:08:42:48 -0700] "POST /blog/wp-cron.php?doing_wp_cron=1331566877 HTTP/1.0" 499 0 "-" "WordPress/3.3.1; http://yuvi.in/blog"
209.85.224.87 - - [12/Mar/2012:08:42:48 -0700] "GET /blog/feed HTTP/1.1" 304 0 "-" "FeedBurner/1.0 (http://www.FeedBurner.com)"
66.249.68.52 - - [12/Mar/2012:08:43:37 -0700] "GET /r/h2h HTTP/1.1" 301 255 "-" "Mozilla/5.0 (compatible; Googlebot/2.1; +http://www.google.com/bot.html)"
66.249.68.52 - - [12/Mar/2012:08:43:38 -0700] "GET /s/ta/h2h/ HTTP/1.1" 302 461 "-" "Mozilla/5.0 (compatible; Googlebot/2.1; +http://www.google.com/bot.html)"
157.55.112.203 - - [12/Mar/2012:08:44:40 -0700] "-" 400 0 "-" "-"
157.55.112.203 - - [12/Mar/2012:08:44:40 -0700] "-" 400 0 "-" "-"
157.55.112.203 - - [12/Mar/2012:08:44:41 -0700] "-" 400 0 "-" "-"
157.55.112.203 - - [12/Mar/2012:08:44:41 -0700] "-" 400 0 "-" "-"
157.55.112.203 - - [12/Mar/2012:08:44:41 -0700] "-" 400 0 "-" "-"
157.55.112.203 - - [12/Mar/2012:08:44:41 -0700] "-" 400 0 "-" "-"
157.55.112.203 - - [12/Mar/2012:08:44:41 -0700] "-" 400 0 "-" "-"
157.55.112.203 - - [12/Mar/2012:08:44:41 -0700] "-" 400 0 "-" "-"
79.199.9.220 - - [12/Mar/2012:08:44:44 -0700] "GET /blog/moving-to-vim-from-emacs.html HTTP/1.1" 200 2657 "http://www.google.de/url?sa=t&rct=j&q=from%20vim%20to%20emacs&source=web&cd=21&ved=0CCgQFjAAOBQ&url=http%3A%2F%2Fyuvi.in%2Fblog%2Fmoving-to-vim-from-emacs.html&ei=jBleT_XKE4WJhQeK__CoBA&usg=AFQjCNFDH22f3e_OFiBflaVRz4z_s_6FcA" "Mozilla/5.0 (Windows NT 6.1; WOW64; rv:10.0.2) Gecko/20100101 Firefox/10.0.2"
79.199.9.220 - - [12/Mar/2012:08:44:44 -0700] "GET /blog/static/style.css HTTP/1.1" 200 4753 "http://yuvi.in/blog/moving-to-vim-from-emacs.html" "Mozilla/5.0 (Windows NT 6.1; WOW64; rv:10.0.2) Gecko/20100101 Firefox/10.0.2"
79.199.9.220 - - [12/Mar/2012:08:44:44 -0700] "GET /blog/static/codehilite.css HTTP/1.1" 200 4012 "http://yuvi.in/blog/moving-to-vim-from-emacs.html" "Mozilla/5.0 (Windows NT 6.1; WOW64; rv:10.0.2) Gecko/20100101 Firefox/10.0.2"
79.199.9.220 - - [12/Mar/2012:08:44:47 -0700] "GET /favicon.ico HTTP/1.1" 404 142 "-" "Mozilla/5.0 (Windows NT 6.1; WOW64; rv:10.0.2) Gecko/20100101 Firefox/10.0.2"
79.199.9.220 - - [12/Mar/2012:08:44:47 -0700] "GET /favicon.ico HTTP/1.1" 404 142 "-" "Mozilla/5.0 (Windows NT 6.1; WOW64; rv:10.0.2) Gecko/20100101 Firefox/10.0.2"
79.199.9.220 - - [12/Mar/2012:08:44:47 -0700] "GET /favicon.ico HTTP/1.1" 404 142 "-" "Mozilla/5.0 (Windows NT 6.1; WOW64; rv:10.0.2) Gecko/20100101 Firefox/10.0.2"
157.55.112.203 - - [12/Mar/2012:08:45:17 -0700] "-" 400 0 "-" "-"
157.55.112.203 - - [12/Mar/2012:08:45:17 -0700] "-" 400 0 "-" "-"
157.55.112.203 - - [12/Mar/2012:08:45:17 -0700] "-" 400 0 "-" "-"
85.17.88.169 - - [12/Mar/2012:08:46:07 -0700] "POST /blog/wp-cron.php?doing_wp_cron=1331567076 HTTP/1.0" 499 0 "-" "WordPress/3.3.1; http://yuvi.in/blog"
209.85.238.115 - - [12/Mar/2012:08:46:08 -0700] "GET /blog/feed/ HTTP/1.1" 304 0 "-" "Feedfetcher-Google; (+http://www.google.com/feedfetcher.html; 19 subscribers; feed-id=15064232456473204253)"
85.17.88.169 - - [12/Mar/2012:08:47:00 -0700] "POST /blog/wp-cron.php?doing_wp_cron=1331567129 HTTP/1.0" 499 0 "-" "WordPress/3.3.1; http://yuvi.in/blog"
14.195.45.241 - - [12/Mar/2012:08:47:00 -0700] "GET /blog/ HTTP/1.1" 200 9195 "http://www.google.co.in/url?sa=t&rct=j&q=&esrc=s&source=web&cd=2&cts=1331567106936&ved=0CDUQFjAB&url=http%3A%2F%2Fyuvi.in%2Fblog%2F&ei=BRpeT9DFDJG3rAfq5YD_DA&usg=AFQjCNGjULU63rz2XQySjIp-B7_MMBejew" "Mozilla/5.0 (X11; Linux x86_64; rv:10.0.2) Gecko/20100101 Firefox/10.0.2"
14.195.45.241 - - [12/Mar/2012:08:47:03 -0700] "GET /blog/wp-content/themes/cleanr/style.css HTTP/1.1" 200 10508 "http://yuvi.in/blog/" "Mozilla/5.0 (X11; Linux x86_64; rv:10.0.2) Gecko/20100101 Firefox/10.0.2"
14.195.45.241 - - [12/Mar/2012:08:47:04 -0700] "GET /blog/wp-content/themes/cleanr/js/jquery.dropdown.js?ver=3.3.1 HTTP/1.1" 200 535 "http://yuvi.in/blog/" "Mozilla/5.0 (X11; Linux x86_64; rv:10.0.2) Gecko/20100101 Firefox/10.0.2"
14.195.45.241 - - [12/Mar/2012:08:47:09 -0700] "-" 400 0 "-" "-"
14.195.45.241 - - [12/Mar/2012:08:47:09 -0700] "-" 400 0 "-" "-"
14.195.45.241 - - [12/Mar/2012:08:47:12 -0700] "GET /blog/wp-includes/js/jquery/jquery.js?ver=1.7.1 HTTP/1.1" 200 93889 "http://yuvi.in/blog/" "Mozilla/5.0 (X11; Linux x86_64; rv:10.0.2) Gecko/20100101 Firefox/10.0.2"
14.195.45.241 - - [12/Mar/2012:08:47:12 -0700] "GET /blog/wp-content/themes/cleanr/css/reset.css HTTP/1.1" 200 648 "http://yuvi.in/blog/wp-content/themes/cleanr/style.css" "Mozilla/5.0 (X11; Linux x86_64; rv:10.0.2) Gecko/20100101 Firefox/10.0.2"
14.195.45.241 - - [12/Mar/2012:08:47:12 -0700] "GET /blog/wp-content/themes/cleanr/css/text.css HTTP/1.1" 200 420 "http://yuvi.in/blog/wp-content/themes/cleanr/style.css" "Mozilla/5.0 (X11; Linux x86_64; rv:10.0.2) Gecko/20100101 Firefox/10.0.2"
14.195.45.241 - - [12/Mar/2012:08:47:12 -0700] "GET /blog/wp-content/themes/cleanr/css/960.css HTTP/1.1" 200 3628 "http://yuvi.in/blog/wp-content/themes/cleanr/style.css" "Mozilla/5.0 (X11; Linux x86_64; rv:10.0.2) Gecko/20100101 Firefox/10.0.2"
14.195.45.241 - - [12/Mar/2012:08:47:23 -0700] "GET /blog/wp-content/themes/cleanr/images/search_magnifier.gif HTTP/1.1" 200 394 "http://yuvi.in/blog/" "Mozilla/5.0 (X11; Linux x86_64; rv:10.0.2) Gecko/20100101 Firefox/10.0.2"
14.195.45.241 - - [12/Mar/2012:08:47:58 -0700] "GET /favicon.ico HTTP/1.1" 404 142 "-" "Mozilla/5.0 (X11; Linux x86_64; rv:10.0.2) Gecko/20100101 Firefox/10.0.2"
14.195.45.241 - - [12/Mar/2012:08:48:02 -0700] "GET /favicon.ico HTTP/1.1" 404 142 "-" "Mozilla/5.0 (X11; Linux x86_64; rv:10.0.2) Gecko/20100101 Firefox/10.0.2"
85.17.88.169 - - [12/Mar/2012:08:48:31 -0700] "POST /blog/wp-cron.php?doing_wp_cron=1331567220 HTTP/1.0" 499 0 "-" "WordPress/3.3.1; http://yuvi.in/blog"
183.178.85.181 - - [12/Mar/2012:08:48:32 -0700] "GET /blog/devlog-feb-2011/feed HTTP/1.1" 301 0 "-" "Mozilla/4.0 (compatible; MSIE 5.5; Windows NT)"
85.17.88.169 - - [12/Mar/2012:08:48:34 -0700] "POST /blog/wp-cron.php?doing_wp_cron=1331567223 HTTP/1.0" 499 0 "-" "WordPress/3.3.1; http://yuvi.in/blog"
183.178.85.181 - - [12/Mar/2012:08:48:34 -0700] "GET /blog/devlog-feb-2011/feed/ HTTP/1.1" 200 859 "-" "Mozilla/4.0 (compatible; MSIE 5.5; Windows NT)"
223.238.116.49 - - [12/Mar/2012:08:49:04 -0700] "GET / HTTP/1.1" 200 1430 "-" "Mozilla/5.0 (X11; Linux i686; rv:7.0.1) Gecko/20100101 Firefox/7.0.1"
223.238.116.49 - - [12/Mar/2012:08:49:05 -0700] "GET /blueprint/screen.css HTTP/1.1" 200 12058 "http://yuvi.in/" "Mozilla/5.0 (X11; Linux i686; rv:7.0.1) Gecko/20100101 Firefox/7.0.1"
223.238.116.49 - - [12/Mar/2012:08:49:05 -0700] "GET /blueprint/print.css HTTP/1.1" 200 1284 "http://yuvi.in/" "Mozilla/5.0 (X11; Linux i686; rv:7.0.1) Gecko/20100101 Firefox/7.0.1"
223.238.116.49 - - [12/Mar/2012:08:49:05 -0700] "GET /header.png HTTP/1.1" 200 14249 "http://yuvi.in/" "Mozilla/5.0 (X11; Linux i686; rv:7.0.1) Gecko/20100101 Firefox/7.0.1"
223.238.116.49 - - [12/Mar/2012:08:49:07 -0700] "GET /favicon.ico HTTP/1.1" 404 142 "-" "Mozilla/5.0 (X11; Linux i686; rv:7.0.1) Gecko/20100101 Firefox/7.0.1"
223.238.116.49 - - [12/Mar/2012:08:49:07 -0700] "GET /favicon.ico HTTP/1.1" 404 142 "-" "Mozilla/5.0 (X11; Linux i686; rv:7.0.1) Gecko/20100101 Firefox/7.0.1"
223.238.116.49 - - [12/Mar/2012:08:49:10 -0700] "-" 400 0 "-" "-"
223.238.116.49 - - [12/Mar/2012:08:49:10 -0700] "-" 400 0 "-" "-"
117.202.81.186 - - [12/Mar/2012:08:49:34 -0700] "-" 400 0 "-" "-"
117.202.81.186 - - [12/Mar/2012:08:49:34 -0700] "-" 400 0 "-" "-"
66.249.68.52 - - [12/Mar/2012:08:49:34 -0700] "GET /r/3bt HTTP/1.1" 301 255 "-" "Mozilla/5.0 (compatible; Googlebot/2.1; +http://www.google.com/bot.html)"
66.249.68.52 - - [12/Mar/2012:08:49:35 -0700] "GET /s/ta/3bt/ HTTP/1.1" 302 425 "-" "Mozilla/5.0 (compatible; Googlebot/2.1; +http://www.google.com/bot.html)"
27.248.14.160 - - [12/Mar/2012:08:50:05 -0700] "GET /r/gn HTTP/1.1" 301 253 "-" "MAUI WAP Browser"
27.248.14.160 - - [12/Mar/2012:08:50:11 -0700] "GET /s/ta/gn/ HTTP/1.1" 302 573 "-" "MAUI WAP Browser"
94.228.34.212 - - [12/Mar/2012:08:50:14 -0700] "GET /blog/ HTTP/1.1" 200 9195 "-" "magpie-crawler/1.1 (U; Linux amd64; en-GB; +http://www.brandwatch.net)"
85.17.88.169 - - [12/Mar/2012:08:50:26 -0700] "POST /blog/wp-cron.php?doing_wp_cron=1331567335 HTTP/1.0" 499 0 "-" "WordPress/3.3.1; http://yuvi.in/blog"
180.76.5.175 - - [12/Mar/2012:08:50:27 -0700] "GET /blog/2011/10/21/ HTTP/1.1" 200 4406 "-" "Mozilla/5.0 (compatible; Baiduspider/2.0; +http://www.baidu.com/search/spider.html)"
66.220.147.246 - - [12/Mar/2012:08:51:10 -0700] "GET /r/1o6m HTTP/1.1" 301 257 "-" "facebookexternalhit/1.1 (+http://www.facebook.com/externalhit_uatext.php)"
66.220.147.248 - - [12/Mar/2012:08:51:11 -0700] "GET /s/ta/1o6m/ HTTP/1.1" 302 449 "-" "facebookexternalhit/1.1 (+http://www.facebook.com/externalhit_uatext.php)"
117.202.84.27 - - [12/Mar/2012:08:51:17 -0700] "-" 400 0 "-" "-"
59.92.64.20 - - [12/Mar/2012:08:52:35 -0700] "GET /blog HTTP/1.1" 301 178 "http://yuvi.in/" "Mozilla/5.0 (X11; Linux i686) AppleWebKit/534.30 (KHTML, like Gecko) Chrome/12.0.742.112 Safari/534.30"
59.92.64.20 - - [12/Mar/2012:08:52:36 -0700] "GET /blog/ HTTP/1.1" 200 9195 "http://yuvi.in/" "Mozilla/5.0 (X11; Linux i686) AppleWebKit/534.30 (KHTML, like Gecko) Chrome/12.0.742.112 Safari/534.30"
59.92.64.20 - - [12/Mar/2012:08:52:37 -0700] "GET /favicon.ico HTTP/1.1" 404 199 "-" "Mozilla/5.0 (X11; Linux i686) AppleWebKit/534.30 (KHTML, like Gecko) Chrome/12.0.742.112 Safari/534.30"
59.92.64.20 - - [12/Mar/2012:08:52:39 -0700] "GET /blog/category/personal/ HTTP/1.1" 200 14322 "http://yuvi.in/blog/" "Mozilla/5.0 (X11; Linux i686) AppleWebKit/534.30 (KHTML, like Gecko) Chrome/12.0.742.112 Safari/534.30"
59.92.64.20 - - [12/Mar/2012:08:52:41 -0700] "GET /favicon.ico HTTP/1.1" 404 199 "-" "Mozilla/5.0 (X11; Linux i686) AppleWebKit/534.30 (KHTML, like Gecko) Chrome/12.0.742.112 Safari/534.30"
59.92.64.20 - - [12/Mar/2012:08:52:43 -0700] "GET /blog/category/personal/page/2/ HTTP/1.1" 200 10806 "http://yuvi.in/blog/category/personal/" "Mozilla/5.0 (X11; Linux i686) AppleWebKit/534.30 (KHTML, like Gecko) Chrome/12.0.742.112 Safari/534.30"
59.92.64.20 - - [12/Mar/2012:08:52:44 -0700] "GET /favicon.ico HTTP/1.1" 404 199 "-" "Mozilla/5.0 (X11; Linux i686) AppleWebKit/534.30 (KHTML, like Gecko) Chrome/12.0.742.112 Safari/534.30"
85.17.88.169 - - [12/Mar/2012:08:54:14 -0700] "POST /blog/wp-cron.php?doing_wp_cron=1331567563 HTTP/1.0" 499 0 "-" "WordPress/3.3.1; http://yuvi.in/blog"
59.92.64.20 - - [12/Mar/2012:08:54:14 -0700] "GET /blog/category/personal/page/3/ HTTP/1.1" 200 8083 "http://yuvi.in/blog/category/personal/page/2/" "Mozilla/5.0 (X11; Linux i686) AppleWebKit/534.30 (KHTML, like Gecko) Chrome/12.0.742.112 Safari/534.30"
59.92.64.20 - - [12/Mar/2012:08:54:15 -0700] "GET /favicon.ico HTTP/1.1" 404 199 "-" "Mozilla/5.0 (X11; Linux i686) AppleWebKit/534.30 (KHTML, like Gecko) Chrome/12.0.742.112 Safari/534.30"
66.249.68.52 - - [12/Mar/2012:08:55:40 -0700] "GET /r/h2a HTTP/1.1" 301 255 "-" "Mozilla/5.0 (compatible; Googlebot/2.1; +http://www.google.com/bot.html)"
66.249.68.52 - - [12/Mar/2012:08:55:40 -0700] "GET /s/ta/h2a/ HTTP/1.1" 302 461 "-" "Mozilla/5.0 (compatible; Googlebot/2.1; +http://www.google.com/bot.html)"
85.17.88.169 - - [12/Mar/2012:08:55:53 -0700] "POST /blog/wp-cron.php?doing_wp_cron=1331567661 HTTP/1.0" 499 0 "-" "WordPress/3.3.1; http://yuvi.in/blog"
100.43.83.144 - - [12/Mar/2012:08:55:53 -0700] "GET /blog/gsoc-milestones-vala-build-using-autotools/ HTTP/1.1" 200 6322 "-" "Mozilla/5.0 (compatible; YandexBot/3.0; +http://yandex.com/bots)"
85.17.88.169 - - [12/Mar/2012:08:55:57 -0700] "POST /blog/wp-cron.php?doing_wp_cron=1331567666 HTTP/1.0" 499 0 "-" "WordPress/3.3.1; http://yuvi.in/blog"
100.43.83.144 - - [12/Mar/2012:08:55:58 -0700] "GET /blog/samsung-n210-review/ HTTP/1.1" 200 5594 "-" "Mozilla/5.0 (compatible; YandexBot/3.0; +http://yandex.com/bots)"
85.17.88.169 - - [12/Mar/2012:08:56:02 -0700] "POST /blog/wp-cron.php?doing_wp_cron=1331567671 HTTP/1.0" 499 0 "-" "WordPress/3.3.1; http://yuvi.in/blog"
100.43.83.144 - - [12/Mar/2012:08:56:02 -0700] "GET /blog/tag/sick/feed/ HTTP/1.1" 200 2483 "-" "Mozilla/5.0 (compatible; YandexBot/3.0; +http://yandex.com/bots)"
199.19.249.196 - - [12/Mar/2012:08:56:28 -0700] "GET /r/f8n HTTP/1.1" 301 255 "-" "Mozilla/4.0 (compatible; MSIE 7.0; Windows NT 5.1; InfoPath.1; .NET CLR 2.0.50727; .NET CLR 1.1.4322; MS-RTC LM 8; .NET CLR 3.0.4506.2152; .NET CLR 3.5.30729)"
199.19.249.196 - - [12/Mar/2012:08:56:29 -0700] "GET /s/ta/f8n/ HTTP/1.1" 302 421 "-" "Mozilla/4.0 (compatible; MSIE 7.0; Windows NT 5.1; InfoPath.1; .NET CLR 2.0.50727; .NET CLR 1.1.4322; MS-RTC LM 8; .NET CLR 3.0.4506.2152; .NET CLR 3.5.30729)"
117.193.254.46 - - [12/Mar/2012:08:56:29 -0700] "GET /r/f8n HTTP/1.1" 301 255 "http://ta.wikipedia.org/wiki/%E0%AE%B5%E0%AE%B2%E0%AF%8D%E0%AE%B2%E0%AE%BF%E0%AE%95%E0%AF%8D%E0%AE%95%E0%AE%A3%E0%AF%8D%E0%AE%A3%E0%AE%A9%E0%AF%8D" "Mozilla/5.0 (Windows NT 6.1; WOW64) AppleWebKit/535.11 (KHTML, like Gecko) Chrome/17.0.963.78 Safari/535.11"
199.19.249.196 - - [12/Mar/2012:08:56:30 -0700] "GET /s/ta/f8n HTTP/1.1" 301 255 "-" "Mozilla/4.0 (compatible; MSIE 7.0; Windows NT 5.1; InfoPath.1; .NET CLR 2.0.50727; .NET CLR 1.1.4322; MS-RTC LM 8; .NET CLR 3.0.4506.2152; .NET CLR 3.5.30729)"
199.19.249.196 - - [12/Mar/2012:08:56:30 -0700] "GET /s/ta/f8n/ HTTP/1.1" 302 421 "-" "Mozilla/4.0 (compatible; MSIE 7.0; Windows NT 5.1; InfoPath.1; .NET CLR 2.0.50727; .NET CLR 1.1.4322; MS-RTC LM 8; .NET CLR 3.0.4506.2152; .NET CLR 3.5.30729)"
117.193.254.46 - - [12/Mar/2012:08:56:31 -0700] "GET /s/ta/f8n/ HTTP/1.1" 302 421 "http://ta.wikipedia.org/wiki/%E0%AE%B5%E0%AE%B2%E0%AF%8D%E0%AE%B2%E0%AE%BF%E0%AE%95%E0%AF%8D%E0%AE%95%E0%AE%A3%E0%AF%8D%E0%AE%A3%E0%AE%A9%E0%AF%8D" "Mozilla/5.0 (Windows NT 6.1; WOW64) AppleWebKit/535.11 (KHTML, like Gecko) Chrome/17.0.963.78 Safari/535.11"
66.249.68.52 - - [12/Mar/2012:08:57:14 -0700] "GET /r/ry2 HTTP/1.1" 301 255 "-" "Mozilla/5.0 (compatible; Googlebot/2.1; +http://www.google.com/bot.html)"
66.249.68.52 - - [12/Mar/2012:08:57:14 -0700] "GET /s/ta/ry2/ HTTP/1.1" 302 377 "-" "Mozilla/5.0 (compatible; Googlebot/2.1; +http://www.google.com/bot.html)"
74.125.126.93 - - [12/Mar/2012:08:57:24 -0700] "GET /favicon.ico HTTP/1.1" 404 142 "-" "-"
85.17.88.169 - - [12/Mar/2012:08:57:35 -0700] "POST /blog/wp-cron.php?doing_wp_cron=1331567764 HTTP/1.0" 499 0 "-" "WordPress/3.3.1; http://yuvi.in/blog"
189.19.116.145 - - [12/Mar/2012:08:57:36 -0700] "GET /blog/story-average-indian-techie/ HTTP/1.1" 200 54253 "-" "Mozilla/5.0 (compatible; Googlebot/2.1; +http://www.google.com/bot.html)"
85.17.88.169 - - [12/Mar/2012:08:58:25 -0700] "POST /blog/wp-cron.php?doing_wp_cron=1331567814 HTTP/1.0" 499 0 "-" "WordPress/3.3.1; http://yuvi.in/blog"
59.92.64.20 - - [12/Mar/2012:08:58:25 -0700] "GET /blog/category/personal/page/4/ HTTP/1.1" 200 9293 "http://yuvi.in/blog/category/personal/page/3/" "Mozilla/5.0 (X11; Linux i686) AppleWebKit/534.30 (KHTML, like Gecko) Chrome/12.0.742.112 Safari/534.30"
59.92.64.20 - - [12/Mar/2012:08:58:27 -0700] "GET /media/evanescence-vids-tweets.png HTTP/1.1" 200 62781 "http://yuvi.in/blog/category/personal/page/4/" "Mozilla/5.0 (X11; Linux i686) AppleWebKit/534.30 (KHTML, like Gecko) Chrome/12.0.742.112 Safari/534.30"
59.92.64.20 - - [12/Mar/2012:08:58:29 -0700] "GET /favicon.ico HTTP/1.1" 404 199 "-" "Mozilla/5.0 (X11; Linux i686) AppleWebKit/534.30 (KHTML, like Gecko) Chrome/12.0.742.112 Safari/534.30"
66.249.68.52 - - [12/Mar/2012:08:58:56 -0700] "GET /r/h2b HTTP/1.1" 301 255 "-" "Mozilla/5.0 (compatible; Googlebot/2.1; +http://www.google.com/bot.html)"
66.249.68.52 - - [12/Mar/2012:08:58:57 -0700] "GET /s/ta/h2b/ HTTP/1.1" 302 573 "-" "Mozilla/5.0 (compatible; Googlebot/2.1; +http://www.google.com/bot.html)"
209.85.224.80 - - [12/Mar/2012:08:59:26 -0700] "GET /stories/feed HTTP/1.1" 200 13653 "-" "FeedBurner/1.0 (http://www.FeedBurner.com)"
66.249.68.52 - - [12/Mar/2012:08:59:34 -0700] "GET /s/ta/2gav%3E/ HTTP/1.1" 502 173 "-" "Mozilla/5.0 (compatible; Googlebot/2.1; +http://www.google.com/bot.html)"
141.0.9.4 - - [12/Mar/2012:09:00:50 -0700] "-" 400 0 "-" "-"
85.17.88.169 - - [12/Mar/2012:09:01:45 -0700] "POST /blog/wp-cron.php?doing_wp_cron=1331568014 HTTP/1.0" 499 0 "-" "WordPress/3.3.1; http://yuvi.in/blog"
209.85.238.115 - - [12/Mar/2012:09:01:45 -0700] "GET /blog/feed HTTP/1.1" 301 0 "-" "Feedfetcher-Google; (+http://www.google.com/feedfetcher.html; 3 subscribers; feed-id=17684830852112633560)"
85.17.88.169 - - [12/Mar/2012:09:01:47 -0700] "POST /blog/wp-cron.php?doing_wp_cron=1331568016 HTTP/1.0" 499 0 "-" "WordPress/3.3.1; http://yuvi.in/blog"
209.85.238.115 - - [12/Mar/2012:09:01:48 -0700] "GET /blog/feed/ HTTP/1.1" 304 0 "-" "Feedfetcher-Google; (+http://www.google.com/feedfetcher.html; 3 subscribers; feed-id=17684830852112633560)"
66.249.68.52 - - [12/Mar/2012:09:02:20 -0700] "GET /r/2je6 HTTP/1.1" 301 257 "-" "Mozilla/5.0 (compatible; Googlebot/2.1; +http://www.google.com/bot.html)"
66.249.68.52 - - [12/Mar/2012:09:02:20 -0700] "GET /s/ta/2je6/ HTTP/1.1" 302 653 "-" "Mozilla/5.0 (compatible; Googlebot/2.1; +http://www.google.com/bot.html)"
85.17.88.169 - - [12/Mar/2012:09:03:18 -0700] "POST /blog/wp-cron.php?doing_wp_cron=1331568107 HTTP/1.0" 499 0 "-" "WordPress/3.3.1; http://yuvi.in/blog"
59.92.64.20 - - [12/Mar/2012:09:03:18 -0700] "GET /blog/category/personal/page/5/ HTTP/1.1" 200 4335 "http://yuvi.in/blog/category/personal/page/4/" "Mozilla/5.0 (X11; Linux i686) AppleWebKit/534.30 (KHTML, like Gecko) Chrome/12.0.742.112 Safari/534.30"
59.92.64.20 - - [12/Mar/2012:09:03:20 -0700] "GET /favicon.ico HTTP/1.1" 404 199 "-" "Mozilla/5.0 (X11; Linux i686) AppleWebKit/534.30 (KHTML, like Gecko) Chrome/12.0.742.112 Safari/534.30"
66.249.68.52 - - [12/Mar/2012:09:03:38 -0700] "GET /s/ta/2fd%E0%AE%95%E0%AE%9F%E0%AF%8D%E0%AE%9F%E0%AE%B1%E0%AF%8D%E0%AE%B1/ HTTP/1.1" 502 173 "-" "Mozilla/5.0 (compatible; Googlebot/2.1; +http://www.google.com/bot.html)"
122.174.11.43 - - [12/Mar/2012:09:03:53 -0700] "-" 400 0 "-" "-"
207.46.204.163 - - [12/Mar/2012:09:03:55 -0700] "-" 400 0 "-" "-"
207.46.204.163 - - [12/Mar/2012:09:03:56 -0700] "-" 400 0 "-" "-"
207.46.204.163 - - [12/Mar/2012:09:03:57 -0700] "-" 400 0 "-" "-"
207.46.204.163 - - [12/Mar/2012:09:03:57 -0700] "-" 400 0 "-" "-"
85.17.88.169 - - [12/Mar/2012:09:03:57 -0700] "POST /blog/wp-cron.php?doing_wp_cron=1331568146 HTTP/1.0" 499 0 "-" "WordPress/3.3.1; http://yuvi.in/blog"
207.46.204.163 - - [12/Mar/2012:09:03:57 -0700] "-" 400 0 "-" "-"
207.46.204.163 - - [12/Mar/2012:09:03:57 -0700] "-" 400 0 "-" "-"
207.46.204.163 - - [12/Mar/2012:09:03:57 -0700] "-" 400 0 "-" "-"
207.46.204.163 - - [12/Mar/2012:09:03:57 -0700] "-" 400 0 "-" "-"
207.46.204.163 - - [12/Mar/2012:09:03:58 -0700] "-" 400 0 "-" "-"
207.46.204.163 - - [12/Mar/2012:09:03:58 -0700] "-" 400 0 "-" "-"
122.167.14.74 - - [12/Mar/2012:09:03:58 -0700] "GET /blog/program/ HTTP/1.1" 200 7453 "-" "Mozilla/5.0 (Macintosh; Intel Mac OS X 10_7_3) AppleWebKit/534.53.11 (KHTML, like Gecko) Version/5.1.3 Safari/534.53.10"
122.167.14.74 - - [12/Mar/2012:09:03:58 -0700] "GET /blog/wp-content/themes/cleanr/js/jquery.dropdown.js?ver=3.3.1 HTTP/1.1" 200 535 "http://yuvi.in/blog/program/" "Mozilla/5.0 (Macintosh; Intel Mac OS X 10_7_3) AppleWebKit/534.53.11 (KHTML, like Gecko) Version/5.1.3 Safari/534.53.10"
122.167.14.74 - - [12/Mar/2012:09:03:59 -0700] "GET /blog/wp-content/themes/cleanr/style.css HTTP/1.1" 200 10508 "http://yuvi.in/blog/program/" "Mozilla/5.0 (Macintosh; Intel Mac OS X 10_7_3) AppleWebKit/534.53.11 (KHTML, like Gecko) Version/5.1.3 Safari/534.53.10"
122.167.14.74 - - [12/Mar/2012:09:04:00 -0700] "GET /blog/wp-content/themes/cleanr/css/reset.css HTTP/1.1" 200 648 "http://yuvi.in/blog/program/" "Mozilla/5.0 (Macintosh; Intel Mac OS X 10_7_3) AppleWebKit/534.53.11 (KHTML, like Gecko) Version/5.1.3 Safari/534.53.10"
122.167.14.74 - - [12/Mar/2012:09:04:00 -0700] "GET /blog/wp-content/themes/cleanr/css/text.css HTTP/1.1" 200 420 "http://yuvi.in/blog/program/" "Mozilla/5.0 (Macintosh; Intel Mac OS X 10_7_3) AppleWebKit/534.53.11 (KHTML, like Gecko) Version/5.1.3 Safari/534.53.10"
122.167.14.74 - - [12/Mar/2012:09:04:00 -0700] "GET /blog/wp-content/themes/cleanr/css/960.css HTTP/1.1" 200 3628 "http://yuvi.in/blog/program/" "Mozilla/5.0 (Macintosh; Intel Mac OS X 10_7_3) AppleWebKit/534.53.11 (KHTML, like Gecko) Version/5.1.3 Safari/534.53.10"
122.167.14.74 - - [12/Mar/2012:09:04:00 -0700] "GET /blog/wp-includes/js/jquery/jquery.js?ver=1.7.1 HTTP/1.1" 200 93889 "http://yuvi.in/blog/program/" "Mozilla/5.0 (Macintosh; Intel Mac OS X 10_7_3) AppleWebKit/534.53.11 (KHTML, like Gecko) Version/5.1.3 Safari/534.53.10"
122.167.14.74 - - [12/Mar/2012:09:04:01 -0700] "GET /blog/wp-content/themes/cleanr/images/search_magnifier.gif HTTP/1.1" 200 394 "http://yuvi.in/blog/program/" "Mozilla/5.0 (Macintosh; Intel Mac OS X 10_7_3) AppleWebKit/534.53.11 (KHTML, like Gecko) Version/5.1.3 Safari/534.53.10"
66.249.68.52 - - [12/Mar/2012:09:04:02 -0700] "GET /r/2zm4 HTTP/1.1" 301 257 "-" "Mozilla/5.0 (compatible; Googlebot/2.1; +http://www.google.com/bot.html)"
66.249.68.52 - - [12/Mar/2012:09:04:02 -0700] "GET /s/ta/2zm4/ HTTP/1.1" 302 497 "-" "Mozilla/5.0 (compatible; Googlebot/2.1; +http://www.google.com/bot.html)"
122.167.14.74 - - [12/Mar/2012:09:04:06 -0700] "GET /favicon.ico HTTP/1.1" 404 142 "http://yuvi.in/blog/program/" "Mozilla/5.0 (Macintosh; Intel Mac OS X 10_7_3) AppleWebKit/534.53.11 (KHTML, like Gecko) Version/5.1.3 Safari/534.53.10"
85.17.88.169 - - [12/Mar/2012:09:04:07 -0700] "POST /blog/wp-cron.php?doing_wp_cron=1331568156 HTTP/1.0" 499 0 "-" "WordPress/3.3.1; http://yuvi.in/blog"
122.167.14.74 - - [12/Mar/2012:09:04:08 -0700] "GET /blog/program/?cf_action=sync_comments&post_id=381 HTTP/1.1" 200 48 "http://yuvi.in/blog/program/" "Mozilla/5.0 (Macintosh; Intel Mac OS X 10_7_3) AppleWebKit/534.53.11 (KHTML, like Gecko) Version/5.1.3 Safari/534.53.10"
91.66.30.215 - - [12/Mar/2012:09:04:16 -0700] "GET /blog/moving-to-vim-from-emacs.html HTTP/1.1" 200 2657 "http://www.google.co.uk/url?sa=t&rct=j&q=moving%20from%20emacs%20to%20vim&source=web&cd=2&ved=0CDAQFjAB&url=http%3A%2F%2Fyuvi.in%2Fblog%2Fmoving-to-vim-from-emacs.html&ei=Hx5eT-r5Iov14QTvkv2bDw&usg=AFQjCNFDH22f3e_OFiBflaVRz4z_s_6FcA&sig2=GWQCE4BHk8aMuVsNG2eOgA&cad=rja" "Mozilla/5.0 (X11; Linux x86_64) AppleWebKit/535.11 (KHTML, like Gecko) Ubuntu/11.10 Chromium/17.0.963.78 Chrome/17.0.963.78 Safari/535.11"
91.66.30.215 - - [12/Mar/2012:09:04:17 -0700] "GET /blog/static/style.css HTTP/1.1" 200 4753 "http://yuvi.in/blog/moving-to-vim-from-emacs.html" "Mozilla/5.0 (X11; Linux x86_64) AppleWebKit/535.11 (KHTML, like Gecko) Ubuntu/11.10 Chromium/17.0.963.78 Chrome/17.0.963.78 Safari/535.11"
91.66.30.215 - - [12/Mar/2012:09:04:17 -0700] "GET /blog/static/codehilite.css HTTP/1.1" 200 4012 "http://yuvi.in/blog/moving-to-vim-from-emacs.html" "Mozilla/5.0 (X11; Linux x86_64) AppleWebKit/535.11 (KHTML, like Gecko) Ubuntu/11.10 Chromium/17.0.963.78 Chrome/17.0.963.78 Safari/535.11"
91.66.30.215 - - [12/Mar/2012:09:04:18 -0700] "GET /favicon.ico HTTP/1.1" 404 199 "-" "Mozilla/5.0 (X11; Linux x86_64) AppleWebKit/535.11 (KHTML, like Gecko) Ubuntu/11.10 Chromium/17.0.963.78 Chrome/17.0.963.78 Safari/535.11"
117.230.13.208 - - [12/Mar/2012:09:04:19 -0700] "-" 400 0 "-" "-"
59.97.88.108 - - [12/Mar/2012:09:04:40 -0700] "GET / HTTP/1.1" 200 1430 "http://www.google.co.in/search?hl=en&source=hp&q=yuvi&gbv=2&oq=yuvi&aq=f&aqi=&aql=&gs_sm=3&gs_upl=11984l13672l0l14218l4l4l0l0l0l0l719l719l6-1l1l0" "Mozilla/4.0 (compatible; MSIE 6.0; Windows NT 5.1; SV1; chromeframe/17.0.963.78)"
59.97.88.108 - - [12/Mar/2012:09:04:40 -0700] "GET /blueprint/screen.css HTTP/1.1" 200 12058 "http://yuvi.in/" "Mozilla/4.0 (compatible; MSIE 6.0; Windows NT 5.1; SV1; chromeframe/17.0.963.78)"
59.97.88.108 - - [12/Mar/2012:09:04:44 -0700] "GET /blueprint/print.css HTTP/1.1" 200 1284 "http://yuvi.in/" "Mozilla/4.0 (compatible; MSIE 6.0; Windows NT 5.1; SV1; chromeframe/17.0.963.78)"
59.97.88.108 - - [12/Mar/2012:09:04:48 -0700] "GET /header.png HTTP/1.1" 200 14249 "http://yuvi.in/" "Mozilla/4.0 (compatible; MSIE 6.0; Windows NT 5.1; SV1; chromeframe/17.0.963.78)"
122.174.11.43 - - [12/Mar/2012:09:05:03 -0700] "-" 400 0 "-" "-"
69.171.224.251 - - [12/Mar/2012:09:05:25 -0700] "GET /r/p3f HTTP/1.1" 301 255 "-" "facebookexternalhit/1.1 (+http://www.facebook.com/externalhit_uatext.php)"
69.171.224.251 - - [12/Mar/2012:09:05:25 -0700] "GET /s/ta/p3f/ HTTP/1.1" 302 425 "-" "facebookexternalhit/1.1 (+http://www.facebook.com/externalhit_uatext.php)"
87.205.60.40 - - [12/Mar/2012:09:06:41 -0700] "GET /r/2kba HTTP/1.1" 301 257 "http://ta.wikipedia.org/wiki/%E0%AE%AE%E0%AF%81%E0%AE%A4%E0%AF%81%E0%AE%A4%E0%AE%A4%E0%AF%8D%E0%AE%A4%E0%AF%81%E0%AE%B5%E0%AE%AE%E0%AE%BE%E0%AE%A3%E0%AE%BF" "Mozilla/5.0 (Windows NT 6.1; WOW64) AppleWebKit/535.11 (KHTML, like Gecko) Chrome/17.0.963.78 Safari/535.11"
87.205.60.40 - - [12/Mar/2012:09:06:41 -0700] "GET /s/ta/2kba/ HTTP/1.1" 302 433 "http://ta.wikipedia.org/wiki/%E0%AE%AE%E0%AF%81%E0%AE%A4%E0%AF%81%E0%AE%A4%E0%AE%A4%E0%AF%8D%E0%AE%A4%E0%AF%81%E0%AE%B5%E0%AE%AE%E0%AE%BE%E0%AE%A3%E0%AE%BF" "Mozilla/5.0 (Windows NT 6.1; WOW64) AppleWebKit/535.11 (KHTML, like Gecko) Chrome/17.0.963.78 Safari/535.11"
208.115.111.68 - - [12/Mar/2012:09:06:47 -0700] "GET /robots.txt HTTP/1.1" 404 169 "-" "Mozilla/5.0 (compatible; Ezooms/1.0; ezooms.bot@gmail.com)"
87.205.60.40 - - [12/Mar/2012:09:06:55 -0700] "-" 400 0 "-" "-"
207.46.204.171 - - [12/Mar/2012:09:07:08 -0700] "-" 400 0 "-" "-"
207.46.204.171 - - [12/Mar/2012:09:07:09 -0700] "-" 400 0 "-" "-"
207.46.204.171 - - [12/Mar/2012:09:07:10 -0700] "-" 400 0 "-" "-"
207.46.204.171 - - [12/Mar/2012:09:07:10 -0700] "-" 400 0 "-" "-"
207.46.204.171 - - [12/Mar/2012:09:07:10 -0700] "-" 400 0 "-" "-"
207.46.204.171 - - [12/Mar/2012:09:07:10 -0700] "-" 400 0 "-" "-"
207.46.204.171 - - [12/Mar/2012:09:07:11 -0700] "-" 400 0 "-" "-"
207.46.204.171 - - [12/Mar/2012:09:07:11 -0700] "-" 400 0 "-" "-"
207.46.204.171 - - [12/Mar/2012:09:07:11 -0700] "-" 400 0 "-" "-"
207.46.204.171 - - [12/Mar/2012:09:07:11 -0700] "-" 400 0 "-" "-"
207.46.204.171 - - [12/Mar/2012:09:07:24 -0700] "-" 400 0 "-" "-"
122.174.11.43 - - [12/Mar/2012:09:07:33 -0700] "-" 400 0 "-" "-"
85.17.88.169 - - [12/Mar/2012:09:13:06 -0700] "POST /blog/wp-cron.php?doing_wp_cron=1331568694 HTTP/1.0" 499 0 "-" "WordPress/3.3.1; http://yuvi.in/blog"
209.85.224.94 - - [12/Mar/2012:09:13:06 -0700] "GET /blog/feed HTTP/1.1" 304 0 "-" "FeedBurner/1.0 (http://www.FeedBurner.com)"
66.249.68.52 - - [12/Mar/2012:09:14:14 -0700] "GET /r/h2d HTTP/1.1" 301 255 "-" "Mozilla/5.0 (compatible; Googlebot/2.1; +http://www.google.com/bot.html)"
66.249.68.52 - - [12/Mar/2012:09:14:15 -0700] "GET /s/ta/h2d/ HTTP/1.1" 302 585 "-" "Mozilla/5.0 (compatible; Googlebot/2.1; +http://www.google.com/bot.html)"
122.174.171.175 - - [12/Mar/2012:09:14:19 -0700] "-" 400 0 "-" "-"
117.193.242.255 - - [12/Mar/2012:09:15:12 -0700] "-" 400 0 "-" "-"
65.255.37.146 - - [12/Mar/2012:09:17:02 -0700] "GET /r/1z64 HTTP/1.1" 301 257 "http://www.muthukamalam.com/" "Nokia2700c-2/2.0 (09.98) Profile/MIDP-2.1 Configuration/CLDC-1.1 nokia2700c-2/UC Browser8.0.3.107/69/444 UNTRUSTED/1.0"
65.255.37.146 - - [12/Mar/2012:09:17:02 -0700] "GET /s/ta/1z64/ HTTP/1.1" 302 557 "http://www.muthukamalam.com/" "Nokia2700c-2/2.0 (09.98) Profile/MIDP-2.1 Configuration/CLDC-1.1 nokia2700c-2/UC Browser8.0.3.107/69/444 UNTRUSTED/1.0"
85.17.88.169 - - [12/Mar/2012:09:17:23 -0700] "POST /blog/wp-cron.php?doing_wp_cron=1331568951 HTTP/1.0" 499 0 "-" "WordPress/3.3.1; http://yuvi.in/blog"
207.46.204.208 - - [12/Mar/2012:09:17:23 -0700] "GET /blog/evanescence-enjoyed-best-without-the-music-vids/ HTTP/1.1" 200 3965 "-" "Mozilla/4.0 (compatible; MSIE 7.0; Windows NT 5.1;  SLCC1;  .NET CLR 1.1.4322;  .NET CLR 2.0.40607;  .NET CLR 3.0.04506.648)"
207.46.204.208 - - [12/Mar/2012:09:17:31 -0700] "GET /blog/wp-content/themes/cleanr/css/ie.css HTTP/1.1" 200 390 "http://yuvi.in/blog/evanescence-enjoyed-best-without-the-music-vids/" "Mozilla/4.0 (compatible; MSIE 7.0; Windows NT 5.1;  SLCC1;  .NET CLR 1.1.4322;  .NET CLR 2.0.40607;  .NET CLR 3.0.04506.648)"
207.46.204.208 - - [12/Mar/2012:09:17:31 -0700] "GET /blog/wp-content/themes/cleanr/style.css HTTP/1.1" 200 10508 "http://yuvi.in/blog/evanescence-enjoyed-best-without-the-music-vids/" "Mozilla/4.0 (compatible; MSIE 7.0; Windows NT 5.1;  SLCC1;  .NET CLR 1.1.4322;  .NET CLR 2.0.40607;  .NET CLR 3.0.04506.648)"
207.46.204.208 - - [12/Mar/2012:09:17:32 -0700] "GET /blog/wp-includes/js/jquery/jquery.js?ver=1.7.1 HTTP/1.1" 200 93889 "http://yuvi.in/blog/evanescence-enjoyed-best-without-the-music-vids/" "Mozilla/4.0 (compatible; MSIE 7.0; Windows NT 5.1;  SLCC1;  .NET CLR 1.1.4322;  .NET CLR 2.0.40607;  .NET CLR 3.0.04506.648)"
207.46.204.208 - - [12/Mar/2012:09:17:43 -0700] "GET /blog/wp-content/themes/cleanr/css/reset.css HTTP/1.1" 200 648 "http://yuvi.in/blog/evanescence-enjoyed-best-without-the-music-vids/" "Mozilla/4.0 (compatible; MSIE 7.0; Windows NT 5.1;  SLCC1;  .NET CLR 1.1.4322;  .NET CLR 2.0.40607;  .NET CLR 3.0.04506.648)"
207.46.204.208 - - [12/Mar/2012:09:17:48 -0700] "GET /blog/wp-content/themes/cleanr/css/text.css HTTP/1.1" 200 420 "http://yuvi.in/blog/evanescence-enjoyed-best-without-the-music-vids/" "Mozilla/4.0 (compatible; MSIE 7.0; Windows NT 5.1;  SLCC1;  .NET CLR 1.1.4322;  .NET CLR 2.0.40607;  .NET CLR 3.0.04506.648)"
207.46.204.208 - - [12/Mar/2012:09:17:51 -0700] "GET /blog/wp-content/themes/cleanr/css/960.css HTTP/1.1" 200 3628 "http://yuvi.in/blog/evanescence-enjoyed-best-without-the-music-vids/" "Mozilla/4.0 (compatible; MSIE 7.0; Windows NT 5.1;  SLCC1;  .NET CLR 1.1.4322;  .NET CLR 2.0.40607;  .NET CLR 3.0.04506.648)"
207.46.204.208 - - [12/Mar/2012:09:17:55 -0700] "GET /blog/wp-content/themes/cleanr/js/jquery.dropdown.js?ver=3.3.1 HTTP/1.1" 200 535 "http://yuvi.in/blog/evanescence-enjoyed-best-without-the-music-vids/" "Mozilla/4.0 (compatible; MSIE 7.0; Windows NT 5.1;  SLCC1;  .NET CLR 1.1.4322;  .NET CLR 2.0.40607;  .NET CLR 3.0.04506.648)"
220.225.211.3 - - [12/Mar/2012:09:18:39 -0700] "GET /r/yk HTTP/1.1" 301 253 "http://ta.wikipedia.org/wiki/%E0%AE%A4%E0%AF%87%E0%AE%B5%E0%AE%BE%E0%AE%B0%E0%AE%AE%E0%AF%8D" "Mozilla/4.0 (compatible; MSIE 8.0; Windows NT 6.1; Trident/4.0; SLCC2; .NET CLR 2.0.50727; .NET CLR 3.5.30729; .NET CLR 3.0.30729; Media Center PC 6.0; .NET4.0C; .NET4.0E; BRI/1)"
220.225.211.3 - - [12/Mar/2012:09:18:40 -0700] "GET /s/ta/yk/ HTTP/1.1" 302 349 "http://ta.wikipedia.org/wiki/%E0%AE%A4%E0%AF%87%E0%AE%B5%E0%AE%BE%E0%AE%B0%E0%AE%AE%E0%AF%8D" "Mozilla/4.0 (compatible; MSIE 8.0; Windows NT 6.1; Trident/4.0; SLCC2; .NET CLR 2.0.50727; .NET CLR 3.5.30729; .NET CLR 3.0.30729; Media Center PC 6.0; .NET4.0C; .NET4.0E; BRI/1)"
117.193.124.204 - - [12/Mar/2012:09:19:05 -0700] "-" 400 0 "-" "-"
66.220.158.245 - - [12/Mar/2012:09:20:07 -0700] "GET /r/p0f HTTP/1.1" 301 255 "-" "facebookexternalhit/1.1 (+http://www.facebook.com/externalhit_uatext.php)"
66.220.158.249 - - [12/Mar/2012:09:20:07 -0700] "GET /s/ta/p0f/ HTTP/1.1" 302 433 "-" "facebookexternalhit/1.1 (+http://www.facebook.com/externalhit_uatext.php)"
122.164.209.178 - - [12/Mar/2012:09:21:00 -0700] "-" 400 0 "-" "-"
122.164.209.178 - - [12/Mar/2012:09:21:00 -0700] "-" 400 0 "-" "-"
207.46.12.70 - - [12/Mar/2012:09:21:20 -0700] "-" 400 0 "-" "-"
207.46.12.70 - - [12/Mar/2012:09:21:22 -0700] "-" 400 0 "-" "-"
207.46.12.70 - - [12/Mar/2012:09:21:23 -0700] "-" 400 0 "-" "-"
207.46.12.70 - - [12/Mar/2012:09:21:23 -0700] "-" 400 0 "-" "-"
207.46.12.70 - - [12/Mar/2012:09:21:23 -0700] "-" 400 0 "-" "-"
207.46.12.70 - - [12/Mar/2012:09:21:23 -0700] "-" 400 0 "-" "-"
207.46.12.70 - - [12/Mar/2012:09:21:24 -0700] "-" 400 0 "-" "-"
207.46.12.70 - - [12/Mar/2012:09:21:24 -0700] "-" 400 0 "-" "-"
207.46.12.70 - - [12/Mar/2012:09:21:24 -0700] "-" 400 0 "-" "-"
207.46.12.70 - - [12/Mar/2012:09:21:25 -0700] "-" 400 0 "-" "-"
85.17.88.169 - - [12/Mar/2012:09:23:32 -0700] "POST /blog/wp-cron.php?doing_wp_cron=1331569320 HTTP/1.0" 499 0 "-" "WordPress/3.3.1; http://yuvi.in/blog"
100.43.83.144 - - [12/Mar/2012:09:23:32 -0700] "GET /blog/note-present-future-self-pre-book-travel-tickets/ HTTP/1.1" 200 5527 "-" "Mozilla/5.0 (compatible; YandexBot/3.0; +http://yandex.com/bots)"
85.17.88.169 - - [12/Mar/2012:09:23:36 -0700] "POST /blog/wp-cron.php?doing_wp_cron=1331569325 HTTP/1.0" 499 0 "-" "WordPress/3.3.1; http://yuvi.in/blog"
100.43.83.144 - - [12/Mar/2012:09:23:37 -0700] "GET /blog/anatomy-of-an-impromptu-hackathon-git-vs-svn/ HTTP/1.1" 200 5982 "-" "Mozilla/5.0 (compatible; YandexBot/3.0; +http://yandex.com/bots)"
100.43.83.144 - - [12/Mar/2012:09:23:40 -0700] "GET /blog/moving-to-vim-from-emacs.html HTTP/1.1" 200 2657 "-" "Mozilla/5.0 (compatible; YandexBot/3.0; +http://yandex.com/bots)"
66.249.68.52 - - [12/Mar/2012:09:24:01 -0700] "GET /s/ta/2n3fregardsBala/ HTTP/1.1" 502 173 "-" "Mozilla/5.0 (compatible; Googlebot/2.1; +http://www.google.com/bot.html)"
85.17.88.169 - - [12/Mar/2012:09:24:26 -0700] "POST /blog/wp-cron.php?doing_wp_cron=1331569375 HTTP/1.0" 499 0 "-" "WordPress/3.3.1; http://yuvi.in/blog"
189.12.39.106 - - [12/Mar/2012:09:24:26 -0700] "GET /blog/tag/code/ HTTP/1.1" 200 29776 "-" "Mozilla/5.0 (compatible; Googlebot/2.1; +http://www.google.com/bot.html)"
74.125.126.82 - - [12/Mar/2012:09:24:41 -0700] "GET /favicon.ico HTTP/1.1" 404 211 "-" "-"
117.193.135.109 - - [12/Mar/2012:09:25:02 -0700] "-" 400 0 "-" "-"
207.46.204.172 - - [12/Mar/2012:09:25:15 -0700] "-" 400 0 "-" "-"
207.46.204.172 - - [12/Mar/2012:09:25:15 -0700] "-" 400 0 "-" "-"
207.46.204.172 - - [12/Mar/2012:09:25:15 -0700] "-" 400 0 "-" "-"
207.46.204.172 - - [12/Mar/2012:09:25:16 -0700] "-" 400 0 "-" "-"
207.46.204.172 - - [12/Mar/2012:09:25:16 -0700] "-" 400 0 "-" "-"
207.46.204.172 - - [12/Mar/2012:09:25:17 -0700] "-" 400 0 "-" "-"
207.46.204.172 - - [12/Mar/2012:09:25:17 -0700] "-" 400 0 "-" "-"
207.46.204.172 - - [12/Mar/2012:09:25:18 -0700] "-" 400 0 "-" "-"
157.55.112.207 - - [12/Mar/2012:09:25:20 -0700] "-" 400 0 "-" "-"
157.55.112.207 - - [12/Mar/2012:09:25:22 -0700] "-" 400 0 "-" "-"
157.55.112.207 - - [12/Mar/2012:09:25:23 -0700] "-" 400 0 "-" "-"
157.55.112.207 - - [12/Mar/2012:09:25:24 -0700] "-" 400 0 "-" "-"
157.55.112.207 - - [12/Mar/2012:09:25:24 -0700] "-" 400 0 "-" "-"
157.55.112.207 - - [12/Mar/2012:09:25:24 -0700] "-" 400 0 "-" "-"
157.55.112.207 - - [12/Mar/2012:09:25:24 -0700] "-" 400 0 "-" "-"
157.55.112.207 - - [12/Mar/2012:09:25:24 -0700] "-" 400 0 "-" "-"
157.55.112.207 - - [12/Mar/2012:09:25:24 -0700] "-" 400 0 "-" "-"
157.55.112.207 - - [12/Mar/2012:09:25:24 -0700] "-" 400 0 "-" "-"
157.55.112.207 - - [12/Mar/2012:09:25:55 -0700] "-" 400 0 "-" "-"
207.46.204.172 - - [12/Mar/2012:09:26:06 -0700] "-" 400 0 "-" "-"
207.46.204.172 - - [12/Mar/2012:09:26:06 -0700] "-" 400 0 "-" "-"
207.46.204.172 - - [12/Mar/2012:09:26:06 -0700] "-" 400 0 "-" "-"
117.216.43.35 - - [12/Mar/2012:09:29:07 -0700] "-" 400 0 "-" "-"
117.216.43.35 - - [12/Mar/2012:09:29:07 -0700] "-" 400 0 "-" "-"
207.46.204.163 - - [12/Mar/2012:09:29:45 -0700] "-" 400 0 "-" "-"
207.46.204.163 - - [12/Mar/2012:09:29:45 -0700] "-" 400 0 "-" "-"
207.46.204.163 - - [12/Mar/2012:09:29:52 -0700] "-" 400 0 "-" "-"
207.46.204.163 - - [12/Mar/2012:09:29:53 -0700] "-" 400 0 "-" "-"
207.46.204.163 - - [12/Mar/2012:09:29:54 -0700] "-" 400 0 "-" "-"
207.46.204.163 - - [12/Mar/2012:09:29:54 -0700] "-" 400 0 "-" "-"
207.46.204.163 - - [12/Mar/2012:09:30:10 -0700] "-" 400 0 "-" "-"
207.46.204.163 - - [12/Mar/2012:09:30:11 -0700] "-" 400 0 "-" "-"
207.46.204.163 - - [12/Mar/2012:09:30:12 -0700] "-" 400 0 "-" "-"
207.46.204.163 - - [12/Mar/2012:09:30:12 -0700] "-" 400 0 "-" "-"
207.46.204.163 - - [12/Mar/2012:09:30:13 -0700] "-" 400 0 "-" "-"
207.46.204.163 - - [12/Mar/2012:09:30:30 -0700] "-" 400 0 "-" "-"
117.216.43.35 - - [12/Mar/2012:09:31:27 -0700] "-" 400 0 "-" "-"
117.216.43.35 - - [12/Mar/2012:09:31:27 -0700] "-" 400 0 "-" "-"
117.216.43.35 - - [12/Mar/2012:09:31:27 -0700] "-" 400 0 "-" "-"
117.216.43.35 - - [12/Mar/2012:09:31:47 -0700] "-" 400 0 "-" "-"
117.216.43.35 - - [12/Mar/2012:09:31:47 -0700] "-" 400 0 "-" "-"
122.167.67.111 - - [12/Mar/2012:09:31:54 -0700] "GET / HTTP/1.1" 200 1430 "-" "Reeder/1010.59.00 CFNetwork/520.3.2 Darwin/11.3.0 (x86_64) (iMac12%2C1)"
122.167.67.111 - - [12/Mar/2012:09:31:54 -0700] "GET /favicon.ico HTTP/1.1" 404 142 "-" "Reeder/1010.59.00 CFNetwork/520.3.2 Darwin/11.3.0 (x86_64) (iMac12%2C1)"
122.167.67.111 - - [12/Mar/2012:09:31:55 -0700] "GET / HTTP/1.1" 200 1430 "-" "Reeder/1010.59.00 CFNetwork/520.3.2 Darwin/11.3.0 (x86_64) (iMac12%2C1)"
122.167.67.111 - - [12/Mar/2012:09:31:55 -0700] "GET /apple-touch-icon.png HTTP/1.1" 404 142 "-" "Reeder/1010.59.00 CFNetwork/520.3.2 Darwin/11.3.0 (x86_64) (iMac12%2C1)"
122.167.67.111 - - [12/Mar/2012:09:31:55 -0700] "GET /apple-touch-icon-precomposed.png HTTP/1.1" 404 142 "-" "Reeder/1010.59.00 CFNetwork/520.3.2 Darwin/11.3.0 (x86_64) (iMac12%2C1)"
69.171.229.249 - - [12/Mar/2012:09:33:20 -0700] "GET /r/5d8\xE0\xAE\x95\xE0\xAE\x9F\xE0\xAF\x8D\xE0\xAE\x9F\xE0\xAE\xB1\xE0\xAF\x8D\xE0\xAE\xB1 HTTP/1.1" 301 381 "-" "facebookexternalhit/1.1 (+http://www.facebook.com/externalhit_uatext.php)"
69.171.229.248 - - [12/Mar/2012:09:33:20 -0700] "GET /s/ta/5d8%E0%AE%95%E0%AE%9F%E0%AF%8D%E0%AE%9F%E0%AE%B1%E0%AF%8D%E0%AE%B1/ HTTP/1.1" 502 173 "-" "facebookexternalhit/1.1 (+http://www.facebook.com/externalhit_uatext.php)"
180.76.6.20 - - [12/Mar/2012:09:33:26 -0700] "GET /blog/cheese-gsoc-report-week-8.html HTTP/1.1" 200 2591 "-" "Mozilla/5.0 (compatible; Baiduspider/2.0; +http://www.baidu.com/search/spider.html)"
115.241.22.134 - - [12/Mar/2012:09:35:59 -0700] "-" 400 0 "-" "-"
66.249.68.52 - - [12/Mar/2012:09:36:14 -0700] "GET /s/ta/gx3%E0%AE%95%E0%AE%9F%E0%AF%8D%E0%AE%9F%E0%AE%B1%E0%AF%8D%E0%AE%B1/ HTTP/1.1" 502 173 "-" "Mozilla/5.0 (compatible; Googlebot/2.1; +http://www.google.com/bot.html)"
115.241.22.134 - - [12/Mar/2012:09:36:36 -0700] "-" 400 0 "-" "-"
208.115.113.84 - - [12/Mar/2012:09:37:28 -0700] "GET /robots.txt HTTP/1.1" 404 169 "-" "Mozilla/5.0 (compatible; Ezooms/1.0; ezooms.bot@gmail.com)"
117.202.132.219 - - [12/Mar/2012:09:39:20 -0700] "-" 400 0 "-" "-"
117.202.132.219 - - [12/Mar/2012:09:39:20 -0700] "-" 400 0 "-" "-"
201.62.45.168 - - [12/Mar/2012:09:39:35 -0700] "GET /blog/ HTTP/1.1" 200 33230 "-" "Mozilla/5.0 (compatible; Googlebot/2.1; +http://www.google.com/bot.html)"
117.193.199.21 - - [12/Mar/2012:09:40:15 -0700] "-" 400 0 "-" "-"
66.249.68.52 - - [12/Mar/2012:09:40:18 -0700] "GET /s/ta/2%3Ca%20href%3D/ HTTP/1.1" 502 173 "-" "Mozilla/5.0 (compatible; Googlebot/2.1; +http://www.google.com/bot.html)"
85.17.88.169 - - [12/Mar/2012:09:40:27 -0700] "POST /blog/wp-cron.php?doing_wp_cron=1331570335 HTTP/1.0" 499 0 "-" "WordPress/3.3.1; http://yuvi.in/blog"
59.164.191.242 - - [12/Mar/2012:09:40:27 -0700] "GET /blog/ihave-a-motorbike/ HTTP/1.1" 200 4618 "http://sudarmuthu.com/wpfiles/wp-admin/admin.php?page=stats" "Mozilla/5.0 (Windows NT 6.1; rv:10.0.2) Gecko/20100101 Firefox/10.0.2"
59.164.191.242 - - [12/Mar/2012:09:40:28 -0700] "GET /blog/wp-content/themes/cleanr/style.css HTTP/1.1" 200 10508 "http://yuvi.in/blog/ihave-a-motorbike/" "Mozilla/5.0 (Windows NT 6.1; rv:10.0.2) Gecko/20100101 Firefox/10.0.2"
59.164.191.242 - - [12/Mar/2012:09:40:28 -0700] "GET /blog/wp-content/themes/cleanr/js/jquery.dropdown.js?ver=3.3.1 HTTP/1.1" 200 535 "http://yuvi.in/blog/ihave-a-motorbike/" "Mozilla/5.0 (Windows NT 6.1; rv:10.0.2) Gecko/20100101 Firefox/10.0.2"
59.164.191.242 - - [12/Mar/2012:09:40:29 -0700] "GET /blog/wp-content/themes/cleanr/css/text.css HTTP/1.1" 200 420 "http://yuvi.in/blog/wp-content/themes/cleanr/style.css" "Mozilla/5.0 (Windows NT 6.1; rv:10.0.2) Gecko/20100101 Firefox/10.0.2"
59.164.191.242 - - [12/Mar/2012:09:40:29 -0700] "GET /blog/wp-content/themes/cleanr/css/reset.css HTTP/1.1" 200 648 "http://yuvi.in/blog/wp-content/themes/cleanr/style.css" "Mozilla/5.0 (Windows NT 6.1; rv:10.0.2) Gecko/20100101 Firefox/10.0.2"
59.164.191.242 - - [12/Mar/2012:09:40:29 -0700] "GET /blog/wp-content/themes/cleanr/css/960.css HTTP/1.1" 200 3628 "http://yuvi.in/blog/wp-content/themes/cleanr/style.css" "Mozilla/5.0 (Windows NT 6.1; rv:10.0.2) Gecko/20100101 Firefox/10.0.2"
59.164.191.242 - - [12/Mar/2012:09:40:29 -0700] "GET /blog/wp-includes/js/jquery/jquery.js?ver=1.7.1 HTTP/1.1" 200 93889 "http://yuvi.in/blog/ihave-a-motorbike/" "Mozilla/5.0 (Windows NT 6.1; rv:10.0.2) Gecko/20100101 Firefox/10.0.2"
59.164.191.242 - - [12/Mar/2012:09:40:30 -0700] "GET /blog/wp-content/themes/cleanr/images/search_magnifier.gif HTTP/1.1" 200 394 "http://yuvi.in/blog/ihave-a-motorbike/" "Mozilla/5.0 (Windows NT 6.1; rv:10.0.2) Gecko/20100101 Firefox/10.0.2"
59.164.191.242 - - [12/Mar/2012:09:40:32 -0700] "-" 400 0 "-" "-"
59.164.191.242 - - [12/Mar/2012:09:40:32 -0700] "-" 400 0 "-" "-"
59.164.191.242 - - [12/Mar/2012:09:40:42 -0700] "GET /favicon.ico HTTP/1.1" 404 142 "-" "Mozilla/5.0 (Windows NT 6.1; rv:10.0.2) Gecko/20100101 Firefox/10.0.2"
59.164.191.242 - - [12/Mar/2012:09:40:42 -0700] "GET /favicon.ico HTTP/1.1" 404 142 "-" "Mozilla/5.0 (Windows NT 6.1; rv:10.0.2) Gecko/20100101 Firefox/10.0.2"
59.164.191.242 - - [12/Mar/2012:09:40:43 -0700] "GET /favicon.ico HTTP/1.1" 404 142 "-" "Mozilla/5.0 (Windows NT 6.1; rv:10.0.2) Gecko/20100101 Firefox/10.0.2"
85.17.88.169 - - [12/Mar/2012:09:40:45 -0700] "POST /blog/wp-cron.php?doing_wp_cron=1331570354 HTTP/1.0" 499 0 "-" "WordPress/3.3.1; http://yuvi.in/blog"
59.164.191.242 - - [12/Mar/2012:09:40:45 -0700] "GET /blog/ihave-a-motorbike/?cf_action=sync_comments&post_id=38 HTTP/1.1" 200 48 "http://yuvi.in/blog/ihave-a-motorbike/" "Mozilla/5.0 (Windows NT 6.1; rv:10.0.2) Gecko/20100101 Firefox/10.0.2"
117.193.138.110 - - [12/Mar/2012:09:42:02 -0700] "-" 400 0 "-" "-"
117.202.132.219 - - [12/Mar/2012:09:42:09 -0700] "-" 400 0 "-" "-"
122.164.170.11 - - [12/Mar/2012:09:42:22 -0700] "-" 400 0 "-" "-"
66.249.68.52 - - [12/Mar/2012:09:43:10 -0700] "GET /s/ta/2ukh/ HTTP/1.1" 302 465 "-" "Mozilla/5.0 (compatible; Googlebot/2.1; +http://www.google.com/bot.html)"
85.17.88.169 - - [12/Mar/2012:09:43:17 -0700] "POST /blog/wp-cron.php?doing_wp_cron=1331570506 HTTP/1.0" 499 0 "-" "WordPress/3.3.1; http://yuvi.in/blog"
85.17.88.169 - - [12/Mar/2012:09:43:17 -0700] "POST /blog/wp-cron.php?doing_wp_cron=1331570506 HTTP/1.0" 499 0 "-" "WordPress/3.3.1; http://yuvi.in/blog"
209.85.224.81 - - [12/Mar/2012:09:43:17 -0700] "GET /blog/feed HTTP/1.1" 304 0 "-" "FeedBurner/1.0 (http://www.FeedBurner.com)"
200.164.100.62 - - [12/Mar/2012:09:43:18 -0700] "GET /blog/my-vimrc/ HTTP/1.1" 200 15914 "-" "Mozilla/5.0 (compatible; Googlebot/2.1; +http://www.google.com/bot.html)"
92.97.253.71 - - [12/Mar/2012:09:44:08 -0700] "GET /r/w02 HTTP/1.1" 301 255 "http://ta.wikipedia.org/wiki/%E0%AE%AA%E0%AE%9F%E0%AE%BF%E0%AE%AE%E0%AE%AE%E0%AF%8D:Jeyamohan.jpg" "Mozilla/4.0 (compatible; MSIE 8.0; Windows NT 6.1; Trident/4.0; SLCC2; .NET CLR 2.0.50727; .NET CLR 3.5.30729; .NET CLR 3.0.30729; Media Center PC 6.0; InfoPath.3)"
92.97.253.71 - - [12/Mar/2012:09:44:08 -0700] "GET /s/ta/w02/ HTTP/1.1" 302 365 "http://ta.wikipedia.org/wiki/%E0%AE%AA%E0%AE%9F%E0%AE%BF%E0%AE%AE%E0%AE%AE%E0%AF%8D:Jeyamohan.jpg" "Mozilla/4.0 (compatible; MSIE 8.0; Windows NT 6.1; Trident/4.0; SLCC2; .NET CLR 2.0.50727; .NET CLR 3.5.30729; .NET CLR 3.0.30729; Media Center PC 6.0; InfoPath.3)"
66.220.153.248 - - [12/Mar/2012:09:45:25 -0700] "GET /r/p0f HTTP/1.1" 301 255 "-" "facebookexternalhit/1.1 (+http://www.facebook.com/externalhit_uatext.php)"
66.220.153.244 - - [12/Mar/2012:09:45:25 -0700] "GET /s/ta/p0f/ HTTP/1.1" 302 433 "-" "facebookexternalhit/1.1 (+http://www.facebook.com/externalhit_uatext.php)"
117.193.135.109 - - [12/Mar/2012:09:45:30 -0700] "-" 400 0 "-" "-"
85.17.88.169 - - [12/Mar/2012:09:47:17 -0700] "POST /blog/wp-cron.php?doing_wp_cron=1331570746 HTTP/1.0" 499 0 "-" "WordPress/3.3.1; http://yuvi.in/blog"
209.85.238.115 - - [12/Mar/2012:09:47:18 -0700] "GET /blog/feed/ HTTP/1.1" 304 0 "-" "Feedfetcher-Google; (+http://www.google.com/feedfetcher.html; 19 subscribers; feed-id=15064232456473204253)"
117.202.82.195 - - [12/Mar/2012:09:47:38 -0700] "-" 400 0 "-" "-"
103.246.38.196 - - [12/Mar/2012:09:49:36 -0700] "GET /r/1am HTTP/1.1" 301 255 "-" "Mozilla/4.0 (compatible; MSIE 7.0; Windows NT 5.1; InfoPath.1; .NET CLR 2.0.50727; .NET CLR 1.1.4322; MS-RTC LM 8; .NET CLR 3.0.4506.2152; .NET CLR 3.5.30729)"
103.246.38.196 - - [12/Mar/2012:09:49:37 -0700] "GET /s/ta/1am/ HTTP/1.1" 302 555 "-" "Mozilla/4.0 (compatible; MSIE 7.0; Windows NT 5.1; InfoPath.1; .NET CLR 2.0.50727; .NET CLR 1.1.4322; MS-RTC LM 8; .NET CLR 3.0.4506.2152; .NET CLR 3.5.30729)"
