59.163.27.11 - - [13/Apr/2012:10:53:42 -0700] "GET /AssessmentBar/r/Unassessed_India_articles/ HTTP/1.1" 302 311 "http://en.wikipedia.org/wiki/Portrayal_of_Tamil_Brahmins_in_popular_media" "Mozilla/5.0 (Windows NT 5.1) AppleWebKit/535.11 (KHTML, like Gecko) Chrome/17.0.963.83 Safari/535.11"
59.163.27.11 - - [13/Apr/2012:10:53:56 -0700] "GET /AssessmentBar/r/Unassessed_India_articles/ HTTP/1.1" 302 287 "http://en.wikipedia.org/wiki/Arya_Senior_Secondary_School" "Mozilla/5.0 (Windows NT 5.1) AppleWebKit/535.11 (KHTML, like Gecko) Chrome/17.0.963.83 Safari/535.11"
59.163.27.11 - - [13/Apr/2012:10:54:03 -0700] "GET /AssessmentBar/r/Unassessed_India_articles/ HTTP/1.1" 302 265 "http://en.wikipedia.org/wiki/Banegi_Apni_Baat" "Mozilla/5.0 (Windows NT 5.1) AppleWebKit/535.11 (KHTML, like Gecko) Chrome/17.0.963.83 Safari/535.11"
59.163.27.11 - - [13/Apr/2012:10:54:05 -0700] "GET /AssessmentBar/r/Unassessed_India_articles/ HTTP/1.1" 302 321 "http://en.wikipedia.org/wiki/Lenin_Raghuvanshi" "Mozilla/5.0 (Windows NT 5.1) AppleWebKit/535.11 (KHTML, like Gecko) Chrome/17.0.963.83 Safari/535.11"
59.163.27.11 - - [13/Apr/2012:10:54:22 -0700] "GET /AssessmentBar/r/Unassessed_India_articles/ HTTP/1.1" 302 311 "http://en.wikipedia.org/wiki/Gauna" "Mozilla/5.0 (Windows NT 5.1) AppleWebKit/535.11 (KHTML, like Gecko) Chrome/17.0.963.83 Safari/535.11"
59.163.27.11 - - [13/Apr/2012:10:54:38 -0700] "GET /AssessmentBar/r/Unassessed_India_articles/ HTTP/1.1" 302 297 "http://en.wikipedia.org/wiki/St._Xavier's_School_(Bokaro)" "Mozilla/5.0 (Windows NT 5.1) AppleWebKit/535.11 (KHTML, like Gecko) Chrome/17.0.963.83 Safari/535.11"
59.163.27.11 - - [13/Apr/2012:10:54:42 -0700] "GET /AssessmentBar/r/Unassessed_India_articles/ HTTP/1.1" 302 283 "http://en.wikipedia.org/wiki/Saraswatichandra_(disambiguation)" "Mozilla/5.0 (Windows NT 5.1) AppleWebKit/535.11 (KHTML, like Gecko) Chrome/17.0.963.83 Safari/535.11"
59.163.27.11 - - [13/Apr/2012:10:55:15 -0700] "GET /AssessmentBar/r/Unassessed_India_articles/ HTTP/1.1" 302 331 "http://en.wikipedia.org/wiki/Senaithalaivar" "Mozilla/5.0 (Windows NT 5.1) AppleWebKit/535.11 (KHTML, like Gecko) Chrome/17.0.963.83 Safari/535.11"
14.96.4.24 - - [13/Apr/2012:10:55:18 -0700] "-" 400 0 "-" "-"
59.163.27.11 - - [13/Apr/2012:10:55:20 -0700] "GET /AssessmentBar/r/Unassessed_India_articles/ HTTP/1.1" 302 279 "http://en.wikipedia.org/wiki/Chanwa_Ke_Take_Chakor" "Mozilla/5.0 (Windows NT 5.1) AppleWebKit/535.11 (KHTML, like Gecko) Chrome/17.0.963.83 Safari/535.11"
59.163.27.11 - - [13/Apr/2012:10:55:23 -0700] "GET /AssessmentBar/r/Unassessed_India_articles/ HTTP/1.1" 302 281 "http://en.wikipedia.org/wiki/Rajendra_Institute_of_Medical_Sciences" "Mozilla/5.0 (Windows NT 5.1) AppleWebKit/535.11 (KHTML, like Gecko) Chrome/17.0.963.83 Safari/535.11"
59.163.27.11 - - [13/Apr/2012:10:55:41 -0700] "GET /AssessmentBar/r/Unassessed_India_articles/ HTTP/1.1" 302 301 "http://en.wikipedia.org/wiki/Soan_Meeraas" "Mozilla/5.0 (Windows NT 5.1) AppleWebKit/535.11 (KHTML, like Gecko) Chrome/17.0.963.83 Safari/535.11"
59.163.27.11 - - [13/Apr/2012:10:55:51 -0700] "GET /AssessmentBar/r/Unassessed_India_articles/ HTTP/1.1" 302 315 "http://en.wikipedia.org/wiki/James_Fitzjames_Stephen" "Mozilla/5.0 (Windows NT 5.1) AppleWebKit/535.11 (KHTML, like Gecko) Chrome/17.0.963.83 Safari/535.11"
59.163.27.11 - - [13/Apr/2012:10:55:53 -0700] "GET /AssessmentBar/r/Unassessed_India_articles/ HTTP/1.1" 302 287 "http://en.wikipedia.org/wiki/Panna_Airport" "Mozilla/5.0 (Windows NT 5.1) AppleWebKit/535.11 (KHTML, like Gecko) Chrome/17.0.963.83 Safari/535.11"
59.163.27.11 - - [13/Apr/2012:10:56:38 -0700] "GET /AssessmentBar/r/Unassessed_India_articles/ HTTP/1.1" 302 271 "http://en.wikipedia.org/wiki/Raipur_Village,_Madhya_Pradesh" "Mozilla/5.0 (Windows NT 5.1) AppleWebKit/535.11 (KHTML, like Gecko) Chrome/17.0.963.83 Safari/535.11"
59.163.27.11 - - [13/Apr/2012:10:57:04 -0700] "GET /AssessmentBar/r/Unassessed_India_articles/ HTTP/1.1" 302 301 "http://en.wikipedia.org/wiki/Hindavi_Swarajya" "Mozilla/5.0 (Windows NT 5.1) AppleWebKit/535.11 (KHTML, like Gecko) Chrome/17.0.963.83 Safari/535.11"
59.163.27.11 - - [13/Apr/2012:10:57:15 -0700] "GET /AssessmentBar/r/Unassessed_India_articles/ HTTP/1.1" 302 287 "http://en.wikipedia.org/wiki/Henry_Percy,_Earl_Percy" "Mozilla/5.0 (Windows NT 5.1) AppleWebKit/535.11 (KHTML, like Gecko) Chrome/17.0.963.83 Safari/535.11"
59.163.27.11 - - [13/Apr/2012:10:57:17 -0700] "GET /AssessmentBar/r/Unassessed_India_articles/ HTTP/1.1" 302 285 "http://en.wikipedia.org/wiki/Matadana" "Mozilla/5.0 (Windows NT 5.1) AppleWebKit/535.11 (KHTML, like Gecko) Chrome/17.0.963.83 Safari/535.11"
117.193.191.64 - - [13/Apr/2012:10:57:28 -0700] "GET /r/29tu HTTP/1.1" 301 257 "http://ta.wikipedia.org/wiki/%E0%AE%A4%E0%AF%8A%E0%AE%B2%E0%AF%8D%E0%AE%95%E0%AE%BE%E0%AE%AA%E0%AF%8D%E0%AE%AA%E0%AE%BF%E0%AE%AF%E0%AE%AE%E0%AF%8D" "Mozilla/5.0 (Windows; U; Windows NT 6.1; en-GB; rv:1.9.2.28) Gecko/20120306 Firefox/3.6.28 SearchToolbar/1.2"
117.193.191.64 - - [13/Apr/2012:10:57:29 -0700] "GET /s/ta/29tu/ HTTP/1.1" 302 353 "http://ta.wikipedia.org/wiki/%E0%AE%A4%E0%AF%8A%E0%AE%B2%E0%AF%8D%E0%AE%95%E0%AE%BE%E0%AE%AA%E0%AF%8D%E0%AE%AA%E0%AE%BF%E0%AE%AF%E0%AE%AE%E0%AF%8D" "Mozilla/5.0 (Windows; U; Windows NT 6.1; en-GB; rv:1.9.2.28) Gecko/20120306 Firefox/3.6.28 SearchToolbar/1.2"
117.193.191.64 - - [13/Apr/2012:10:57:33 -0700] "GET /s/ta/29tu/ HTTP/1.1" 302 353 "http://ta.wikipedia.org/wiki/%E0%AE%A4%E0%AF%8A%E0%AE%B2%E0%AF%8D%E0%AE%95%E0%AE%BE%E0%AE%AA%E0%AF%8D%E0%AE%AA%E0%AE%BF%E0%AE%AF%E0%AE%AE%E0%AF%8D" "Mozilla/5.0 (Windows; U; Windows NT 6.1; en-GB; rv:1.9.2.28) Gecko/20120306 Firefox/3.6.28 SearchToolbar/1.2"
59.163.27.11 - - [13/Apr/2012:10:57:53 -0700] "GET /AssessmentBar/r/Unassessed_India_articles/ HTTP/1.1" 302 373 "http://en.wikipedia.org/wiki/Cyrus_Vandrevala" "Mozilla/5.0 (Windows NT 5.1) AppleWebKit/535.11 (KHTML, like Gecko) Chrome/17.0.963.83 Safari/535.11"
59.163.27.11 - - [13/Apr/2012:10:57:54 -0700] "GET /AssessmentBar/r/Unassessed_India_articles/ HTTP/1.1" 302 287 "http://en.wikipedia.org/wiki/Thaligaividuthi" "Mozilla/5.0 (Windows NT 5.1) AppleWebKit/535.11 (KHTML, like Gecko) Chrome/17.0.963.83 Safari/535.11"
59.163.27.11 - - [13/Apr/2012:10:58:00 -0700] "GET /AssessmentBar/r/Unassessed_India_articles/ HTTP/1.1" 302 287 "http://en.wikipedia.org/wiki/Zee_Cine_Award_for_Best_Actor_in_a_Supporting_Role_%E2%80%93_Male" "Mozilla/5.0 (Windows NT 5.1) AppleWebKit/535.11 (KHTML, like Gecko) Chrome/17.0.963.83 Safari/535.11"
117.193.219.111 - - [13/Apr/2012:10:58:02 -0700] "GET /r/7v5 HTTP/1.1" 301 255 "http://t.co/LreWo1sg" "Mozilla/5.0 (Windows NT 6.1; rv:11.0) Gecko/20100101 Firefox/11.0"
117.193.219.111 - - [13/Apr/2012:10:58:02 -0700] "GET /s/ta/7v5/ HTTP/1.1" 302 385 "http://t.co/LreWo1sg" "Mozilla/5.0 (Windows NT 6.1; rv:11.0) Gecko/20100101 Firefox/11.0"
117.193.219.111 - - [13/Apr/2012:10:58:07 -0700] "-" 400 0 "-" "-"
182.156.208.82 - - [13/Apr/2012:10:58:14 -0700] "-" 400 0 "-" "-"
59.163.27.11 - - [13/Apr/2012:10:58:16 -0700] "GET /AssessmentBar/r/Unassessed_India_articles/ HTTP/1.1" 302 281 "http://en.wikipedia.org/wiki/Kailash_Bhansali" "Mozilla/5.0 (Windows NT 5.1) AppleWebKit/535.11 (KHTML, like Gecko) Chrome/17.0.963.83 Safari/535.11"
182.156.208.82 - - [13/Apr/2012:10:58:20 -0700] "-" 400 0 "-" "-"
59.163.27.11 - - [13/Apr/2012:10:58:20 -0700] "GET /AssessmentBar/r/Unassessed_India_articles/ HTTP/1.1" 302 303 "http://en.wikipedia.org/wiki/Kathi_Kantha_Rao" "Mozilla/5.0 (Windows NT 5.1) AppleWebKit/535.11 (KHTML, like Gecko) Chrome/17.0.963.83 Safari/535.11"
59.163.27.11 - - [13/Apr/2012:10:58:22 -0700] "GET /AssessmentBar/r/Unassessed_India_articles/ HTTP/1.1" 302 279 "http://en.wikipedia.org/wiki/O._Abdurahman" "Mozilla/5.0 (Windows NT 5.1) AppleWebKit/535.11 (KHTML, like Gecko) Chrome/17.0.963.83 Safari/535.11"
117.193.191.64 - - [13/Apr/2012:10:58:25 -0700] "GET /r/29i5 HTTP/1.1" 301 257 "http://ta.wikipedia.org/wiki/%E0%AE%A4%E0%AF%8A%E0%AE%B2%E0%AF%8D%E0%AE%95%E0%AE%BE%E0%AE%AA%E0%AF%8D%E0%AE%AA%E0%AE%BF%E0%AE%AF%E0%AE%AE%E0%AF%8D" "Mozilla/5.0 (Windows; U; Windows NT 6.1; en-GB; rv:1.9.2.28) Gecko/20120306 Firefox/3.6.28 SearchToolbar/1.2"
117.193.191.64 - - [13/Apr/2012:10:58:25 -0700] "GET /s/ta/29i5/ HTTP/1.1" 302 353 "http://ta.wikipedia.org/wiki/%E0%AE%A4%E0%AF%8A%E0%AE%B2%E0%AF%8D%E0%AE%95%E0%AE%BE%E0%AE%AA%E0%AF%8D%E0%AE%AA%E0%AE%BF%E0%AE%AF%E0%AE%AE%E0%AF%8D" "Mozilla/5.0 (Windows; U; Windows NT 6.1; en-GB; rv:1.9.2.28) Gecko/20120306 Firefox/3.6.28 SearchToolbar/1.2"
59.163.27.11 - - [13/Apr/2012:10:58:43 -0700] "GET /AssessmentBar/r/Unassessed_India_articles/ HTTP/1.1" 302 279 "http://en.wikipedia.org/wiki/Loganatha_Perumal_Temple" "Mozilla/5.0 (Windows NT 5.1) AppleWebKit/535.11 (KHTML, like Gecko) Chrome/17.0.963.83 Safari/535.11"
59.163.27.11 - - [13/Apr/2012:10:58:48 -0700] "GET /AssessmentBar/r/Unassessed_India_articles/ HTTP/1.1" 302 287 "http://en.wikipedia.org/wiki/Pootharekulu" "Mozilla/5.0 (Windows NT 5.1) AppleWebKit/535.11 (KHTML, like Gecko) Chrome/17.0.963.83 Safari/535.11"
59.163.27.11 - - [13/Apr/2012:10:58:50 -0700] "GET /AssessmentBar/r/Unassessed_India_articles/ HTTP/1.1" 302 285 "http://en.wikipedia.org/wiki/Bambar_Baini" "Mozilla/5.0 (Windows NT 5.1) AppleWebKit/535.11 (KHTML, like Gecko) Chrome/17.0.963.83 Safari/535.11"
59.163.27.11 - - [13/Apr/2012:10:58:54 -0700] "GET /AssessmentBar/r/Unassessed_India_articles/ HTTP/1.1" 302 303 "http://en.wikipedia.org/wiki/Tara_(TV_series)" "Mozilla/5.0 (Windows NT 5.1) AppleWebKit/535.11 (KHTML, like Gecko) Chrome/17.0.963.83 Safari/535.11"
69.171.242.250 - - [13/Apr/2012:10:59:00 -0700] "GET /r/1hwd HTTP/1.1" 301 257 "-" "facebookexternalhit/1.1 (+http://www.facebook.com/externalhit_uatext.php)"
69.171.242.250 - - [13/Apr/2012:10:59:00 -0700] "GET /s/ta/1hwd/ HTTP/1.1" 302 461 "-" "facebookexternalhit/1.1 (+http://www.facebook.com/externalhit_uatext.php)"
77.30.66.222 - - [13/Apr/2012:10:59:42 -0700] "-" 400 0 "-" "-"
59.163.27.11 - - [13/Apr/2012:10:59:47 -0700] "GET /AssessmentBar/r/Unassessed_India_articles/ HTTP/1.1" 302 271 "http://en.wikipedia.org/wiki/Services_Selection_Board" "Mozilla/5.0 (Windows NT 5.1) AppleWebKit/535.11 (KHTML, like Gecko) Chrome/17.0.963.83 Safari/535.11"
59.163.27.11 - - [13/Apr/2012:10:59:49 -0700] "GET /AssessmentBar/r/Unassessed_India_articles/ HTTP/1.1" 302 323 "http://en.wikipedia.org/wiki/Tarkhan_Dynasty" "Mozilla/5.0 (Windows NT 5.1) AppleWebKit/535.11 (KHTML, like Gecko) Chrome/17.0.963.83 Safari/535.11"
115.241.68.162 - - [13/Apr/2012:11:00:00 -0700] "GET /r/2llr HTTP/1.1" 301 257 "http://www.facebook.com/l.php?u=http%3A%2F%2Ftawp.in%2Fr%2F2llr&h=wAQF9r3LPAQG2J9QDlag2fqqDcZsaRz5gcJRhZRuvU5E77A" "Mozilla/5.0 (Windows NT 6.1) AppleWebKit/535.19 (KHTML, like Gecko) Chrome/18.0.1025.152 Safari/535.19"
115.241.68.162 - - [13/Apr/2012:11:00:01 -0700] "GET /s/ta/2llr/ HTTP/1.1" 302 513 "http://www.facebook.com/l.php?u=http%3A%2F%2Ftawp.in%2Fr%2F2llr&h=wAQF9r3LPAQG2J9QDlag2fqqDcZsaRz5gcJRhZRuvU5E77A" "Mozilla/5.0 (Windows NT 6.1) AppleWebKit/535.19 (KHTML, like Gecko) Chrome/18.0.1025.152 Safari/535.19"
59.163.27.11 - - [13/Apr/2012:11:00:16 -0700] "GET /AssessmentBar/r/Unassessed_India_articles/ HTTP/1.1" 302 281 "http://en.wikipedia.org/wiki/Parumala" "Mozilla/5.0 (Windows NT 5.1) AppleWebKit/535.11 (KHTML, like Gecko) Chrome/17.0.963.83 Safari/535.11"
115.241.68.162 - - [13/Apr/2012:11:00:17 -0700] "-" 400 0 "-" "-"
59.163.27.11 - - [13/Apr/2012:11:00:18 -0700] "GET /AssessmentBar/r/Unassessed_India_articles/ HTTP/1.1" 302 267 "http://en.wikipedia.org/wiki/Srikakulam_(Assembly_Constituency)" "Mozilla/5.0 (Windows NT 5.1) AppleWebKit/535.11 (KHTML, like Gecko) Chrome/17.0.963.83 Safari/535.11"
59.163.27.11 - - [13/Apr/2012:11:00:21 -0700] "GET /AssessmentBar/r/Unassessed_India_articles/ HTTP/1.1" 302 281 "http://en.wikipedia.org/wiki/Manu_Bhardwaj" "Mozilla/5.0 (Windows NT 5.1) AppleWebKit/535.11 (KHTML, like Gecko) Chrome/17.0.963.83 Safari/535.11"
59.163.27.11 - - [13/Apr/2012:11:00:24 -0700] "GET /AssessmentBar/r/Unassessed_India_articles/ HTTP/1.1" 302 291 "http://en.wikipedia.org/wiki/Ambala" "Mozilla/5.0 (Windows NT 5.1) AppleWebKit/535.11 (KHTML, like Gecko) Chrome/17.0.963.83 Safari/535.11"
14.96.4.24 - - [13/Apr/2012:11:00:40 -0700] "-" 400 0 "-" "-"
59.163.27.11 - - [13/Apr/2012:11:00:47 -0700] "GET /AssessmentBar/r/Unassessed_India_articles/ HTTP/1.1" 302 281 "http://en.wikipedia.org/wiki/Ramatheertham" "Mozilla/5.0 (Windows NT 5.1) AppleWebKit/535.11 (KHTML, like Gecko) Chrome/17.0.963.83 Safari/535.11"
59.163.27.11 - - [13/Apr/2012:11:00:50 -0700] "GET /AssessmentBar/r/Unassessed_India_articles/ HTTP/1.1" 302 287 "http://en.wikipedia.org/wiki/Ambala" "Mozilla/5.0 (Windows NT 5.1) AppleWebKit/535.11 (KHTML, like Gecko) Chrome/17.0.963.83 Safari/535.11"
14.96.4.24 - - [13/Apr/2012:11:01:00 -0700] "-" 400 0 "-" "-"
14.96.4.24 - - [13/Apr/2012:11:01:32 -0700] "-" 400 0 "-" "-"
77.30.66.222 - - [13/Apr/2012:11:02:12 -0700] "-" 400 0 "-" "-"
117.193.241.62 - - [13/Apr/2012:11:02:14 -0700] "-" 400 0 "-" "-"
117.193.241.62 - - [13/Apr/2012:11:02:14 -0700] "-" 400 0 "-" "-"
117.193.241.62 - - [13/Apr/2012:11:02:14 -0700] "-" 400 0 "-" "-"
117.193.241.62 - - [13/Apr/2012:11:02:14 -0700] "-" 400 0 "-" "-"
117.193.241.62 - - [13/Apr/2012:11:02:24 -0700] "-" 400 0 "-" "-"
69.171.229.248 - - [13/Apr/2012:11:03:41 -0700] "GET /r/1qjc HTTP/1.1" 301 257 "-" "facebookexternalhit/1.1 (+http://www.facebook.com/externalhit_uatext.php)"
69.171.229.250 - - [13/Apr/2012:11:03:41 -0700] "GET /s/ta/1qjc/ HTTP/1.1" 302 361 "-" "facebookexternalhit/1.1 (+http://www.facebook.com/externalhit_uatext.php)"
59.163.27.11 - - [13/Apr/2012:11:03:56 -0700] "GET /AssessmentBar/r/Unassessed_India_articles/ HTTP/1.1" 302 275 "http://en.wikipedia.org/wiki/Housing_in_India" "Mozilla/5.0 (Windows NT 5.1) AppleWebKit/535.11 (KHTML, like Gecko) Chrome/17.0.963.83 Safari/535.11"
59.163.27.11 - - [13/Apr/2012:11:04:21 -0700] "GET /AssessmentBar/r/Unassessed_India_articles/ HTTP/1.1" 302 291 "http://en.wikipedia.org/wiki/Joseph_Rabban" "Mozilla/5.0 (Windows NT 5.1) AppleWebKit/535.11 (KHTML, like Gecko) Chrome/17.0.963.83 Safari/535.11"
59.163.27.11 - - [13/Apr/2012:11:04:24 -0700] "GET /AssessmentBar/r/Unassessed_India_articles/ HTTP/1.1" 302 289 "http://en.wikipedia.org/wiki/Medabalimi" "Mozilla/5.0 (Windows NT 5.1) AppleWebKit/535.11 (KHTML, like Gecko) Chrome/17.0.963.83 Safari/535.11"
59.163.27.11 - - [13/Apr/2012:11:04:29 -0700] "GET /AssessmentBar/r/Unassessed_India_articles/ HTTP/1.1" 302 277 "http://en.wikipedia.org/wiki/Yeh_Shaam_Mastani" "Mozilla/5.0 (Windows NT 5.1) AppleWebKit/535.11 (KHTML, like Gecko) Chrome/17.0.963.83 Safari/535.11"
59.163.27.11 - - [13/Apr/2012:11:04:31 -0700] "GET /AssessmentBar/r/Unassessed_India_articles/ HTTP/1.1" 302 271 "http://en.wikipedia.org/wiki/Ram_Gopal_(author)" "Mozilla/5.0 (Windows NT 5.1) AppleWebKit/535.11 (KHTML, like Gecko) Chrome/17.0.963.83 Safari/535.11"
59.163.27.11 - - [13/Apr/2012:11:04:34 -0700] "GET /AssessmentBar/r/Unassessed_India_articles/ HTTP/1.1" 302 291 "http://en.wikipedia.org/wiki/Parlakimidi" "Mozilla/5.0 (Windows NT 5.1) AppleWebKit/535.11 (KHTML, like Gecko) Chrome/17.0.963.83 Safari/535.11"
59.163.27.11 - - [13/Apr/2012:11:04:48 -0700] "GET /AssessmentBar/r/Unassessed_India_articles/ HTTP/1.1" 302 291 "http://en.wikipedia.org/wiki/Sahodaran_Ayyappan" "Mozilla/5.0 (Windows NT 5.1) AppleWebKit/535.11 (KHTML, like Gecko) Chrome/17.0.963.83 Safari/535.11"
59.163.27.11 - - [13/Apr/2012:11:04:50 -0700] "GET /AssessmentBar/r/Unassessed_India_articles/ HTTP/1.1" 302 281 "http://en.wikipedia.org/wiki/Moltable" "Mozilla/5.0 (Windows NT 5.1) AppleWebKit/535.11 (KHTML, like Gecko) Chrome/17.0.963.83 Safari/535.11"
59.163.27.11 - - [13/Apr/2012:11:05:10 -0700] "GET /AssessmentBar/r/Unassessed_India_articles/ HTTP/1.1" 302 299 "http://en.wikipedia.org/wiki/Shakespeare_Sarani" "Mozilla/5.0 (Windows NT 5.1) AppleWebKit/535.11 (KHTML, like Gecko) Chrome/17.0.963.83 Safari/535.11"
59.163.27.11 - - [13/Apr/2012:11:05:14 -0700] "GET /AssessmentBar/r/Unassessed_India_articles/ HTTP/1.1" 302 275 "http://en.wikipedia.org/wiki/Manav_Samaj_Seva_Party" "Mozilla/5.0 (Windows NT 5.1) AppleWebKit/535.11 (KHTML, like Gecko) Chrome/17.0.963.83 Safari/535.11"
59.163.27.11 - - [13/Apr/2012:11:05:18 -0700] "GET /AssessmentBar/r/Unassessed_India_articles/ HTTP/1.1" 302 279 "http://en.wikipedia.org/wiki/Sumantra_Bose" "Mozilla/5.0 (Windows NT 5.1) AppleWebKit/535.11 (KHTML, like Gecko) Chrome/17.0.963.83 Safari/535.11"
122.174.19.108 - - [13/Apr/2012:11:05:23 -0700] "-" 400 0 "-" "-"
59.163.27.11 - - [13/Apr/2012:11:05:30 -0700] "GET /AssessmentBar/r/Unassessed_India_articles/ HTTP/1.1" 302 301 "http://en.wikipedia.org/wiki/Damaramadugu" "Mozilla/5.0 (Windows NT 5.1) AppleWebKit/535.11 (KHTML, like Gecko) Chrome/17.0.963.83 Safari/535.11"
59.163.27.11 - - [13/Apr/2012:11:05:32 -0700] "GET /AssessmentBar/r/Unassessed_India_articles/ HTTP/1.1" 302 305 "http://en.wikipedia.org/wiki/Nakkasalem" "Mozilla/5.0 (Windows NT 5.1) AppleWebKit/535.11 (KHTML, like Gecko) Chrome/17.0.963.83 Safari/535.11"
101.63.255.7 - - [13/Apr/2012:11:05:33 -0700] "-" 400 0 "-" "-"
101.63.255.7 - - [13/Apr/2012:11:05:33 -0700] "-" 400 0 "-" "-"
101.63.255.7 - - [13/Apr/2012:11:05:33 -0700] "-" 400 0 "-" "-"
101.63.255.7 - - [13/Apr/2012:11:05:33 -0700] "-" 400 0 "-" "-"
101.63.255.7 - - [13/Apr/2012:11:05:33 -0700] "-" 400 0 "-" "-"
14.96.4.24 - - [13/Apr/2012:11:05:57 -0700] "-" 400 0 "-" "-"
14.96.4.24 - - [13/Apr/2012:11:05:58 -0700] "-" 400 0 "-" "-"
59.163.27.11 - - [13/Apr/2012:11:05:58 -0700] "GET /AssessmentBar/r/Unassessed_India_articles/ HTTP/1.1" 302 279 "http://en.wikipedia.org/wiki/Salfia_Muslim_Institute" "Mozilla/5.0 (Windows NT 5.1) AppleWebKit/535.11 (KHTML, like Gecko) Chrome/17.0.963.83 Safari/535.11"
59.163.27.11 - - [13/Apr/2012:11:06:02 -0700] "GET /AssessmentBar/r/Unassessed_India_articles/ HTTP/1.1" 302 333 "http://en.wikipedia.org/wiki/Hooghly_Collegiate_School" "Mozilla/5.0 (Windows NT 5.1) AppleWebKit/535.11 (KHTML, like Gecko) Chrome/17.0.963.83 Safari/535.11"
59.163.27.11 - - [13/Apr/2012:11:06:06 -0700] "GET /AssessmentBar/r/Unassessed_India_articles/ HTTP/1.1" 302 289 "http://en.wikipedia.org/wiki/Goramansingh" "Mozilla/5.0 (Windows NT 5.1) AppleWebKit/535.11 (KHTML, like Gecko) Chrome/17.0.963.83 Safari/535.11"
59.163.27.11 - - [13/Apr/2012:11:06:08 -0700] "GET /AssessmentBar/r/Unassessed_India_articles/ HTTP/1.1" 302 309 "http://en.wikipedia.org/wiki/Zee_Cine_Special_Award_for_Hall_of_Fame" "Mozilla/5.0 (Windows NT 5.1) AppleWebKit/535.11 (KHTML, like Gecko) Chrome/17.0.963.83 Safari/535.11"
59.163.27.11 - - [13/Apr/2012:11:06:23 -0700] "GET /AssessmentBar/r/Unassessed_India_articles/ HTTP/1.1" 302 413 "http://en.wikipedia.org/wiki/Monikangana_Dutta" "Mozilla/5.0 (Windows NT 5.1) AppleWebKit/535.11 (KHTML, like Gecko) Chrome/17.0.963.83 Safari/535.11"
59.163.27.11 - - [13/Apr/2012:11:06:28 -0700] "GET /AssessmentBar/r/Unassessed_India_articles/ HTTP/1.1" 302 299 "http://en.wikipedia.org/wiki/Swimming_at_the_2010_Commonwealth_Games_%E2%80%93_Women's_400_metre_individual_medley" "Mozilla/5.0 (Windows NT 5.1) AppleWebKit/535.11 (KHTML, like Gecko) Chrome/17.0.963.83 Safari/535.11"
59.163.27.11 - - [13/Apr/2012:11:06:30 -0700] "GET /AssessmentBar/r/Unassessed_India_articles/ HTTP/1.1" 302 271 "http://en.wikipedia.org/wiki/Ettumanoor_Mahadevar_Temple" "Mozilla/5.0 (Windows NT 5.1) AppleWebKit/535.11 (KHTML, like Gecko) Chrome/17.0.963.83 Safari/535.11"
77.30.66.222 - - [13/Apr/2012:11:07:32 -0700] "-" 400 0 "-" "-"
77.30.66.222 - - [13/Apr/2012:11:07:32 -0700] "-" 400 0 "-" "-"
77.30.66.222 - - [13/Apr/2012:11:07:32 -0700] "-" 400 0 "-" "-"
77.30.66.222 - - [13/Apr/2012:11:07:32 -0700] "-" 400 0 "-" "-"
77.30.66.222 - - [13/Apr/2012:11:07:32 -0700] "-" 400 0 "-" "-"
59.163.27.11 - - [13/Apr/2012:11:07:34 -0700] "GET /AssessmentBar/r/Unassessed_India_articles/ HTTP/1.1" 302 325 "http://en.wikipedia.org/wiki/Gohana" "Mozilla/5.0 (Windows NT 5.1) AppleWebKit/535.11 (KHTML, like Gecko) Chrome/17.0.963.83 Safari/535.11"
59.163.27.11 - - [13/Apr/2012:11:07:37 -0700] "GET /AssessmentBar/r/Unassessed_India_articles/ HTTP/1.1" 302 291 "http://en.wikipedia.org/wiki/Vijay_Award_for_Best_Music_Director" "Mozilla/5.0 (Windows NT 5.1) AppleWebKit/535.11 (KHTML, like Gecko) Chrome/17.0.963.83 Safari/535.11"
59.163.27.11 - - [13/Apr/2012:11:07:54 -0700] "GET /AssessmentBar/r/Unassessed_India_articles/ HTTP/1.1" 302 277 "http://en.wikipedia.org/wiki/Great_Basses_wreck" "Mozilla/5.0 (Windows NT 5.1) AppleWebKit/535.11 (KHTML, like Gecko) Chrome/17.0.963.83 Safari/535.11"
77.30.66.222 - - [13/Apr/2012:11:08:02 -0700] "-" 400 0 "-" "-"
59.163.27.11 - - [13/Apr/2012:11:08:03 -0700] "GET /AssessmentBar/r/Unassessed_India_articles/ HTTP/1.1" 302 299 "http://en.wikipedia.org/wiki/Frank_Warne" "Mozilla/5.0 (Windows NT 5.1) AppleWebKit/535.11 (KHTML, like Gecko) Chrome/17.0.963.83 Safari/535.11"
59.163.27.11 - - [13/Apr/2012:11:08:07 -0700] "GET /AssessmentBar/r/Unassessed_India_articles/ HTTP/1.1" 302 423 "http://en.wikipedia.org/wiki/Regional_Cancer_Centre" "Mozilla/5.0 (Windows NT 5.1) AppleWebKit/535.11 (KHTML, like Gecko) Chrome/17.0.963.83 Safari/535.11"
59.163.27.11 - - [13/Apr/2012:11:08:11 -0700] "GET /AssessmentBar/r/Unassessed_India_articles/ HTTP/1.1" 302 325 "http://en.wikipedia.org/wiki/Gymnastics_at_the_2010_Commonwealth_Games_%E2%80%93_Women's_rhythmic_individual_all-around" "Mozilla/5.0 (Windows NT 5.1) AppleWebKit/535.11 (KHTML, like Gecko) Chrome/17.0.963.83 Safari/535.11"
59.163.27.11 - - [13/Apr/2012:11:08:15 -0700] "GET /AssessmentBar/r/Unassessed_India_articles/ HTTP/1.1" 302 355 "http://en.wikipedia.org/wiki/Aga_Syed_Yusuf_Al-Moosavi_Al-Safavi" "Mozilla/5.0 (Windows NT 5.1) AppleWebKit/535.11 (KHTML, like Gecko) Chrome/17.0.963.83 Safari/535.11"
69.171.228.244 - - [13/Apr/2012:11:08:21 -0700] "GET /r/1qjc HTTP/1.1" 301 257 "-" "facebookexternalhit/1.1 (+http://www.facebook.com/externalhit_uatext.php)"
69.171.228.244 - - [13/Apr/2012:11:08:21 -0700] "GET /s/ta/1qjc/ HTTP/1.1" 302 361 "-" "facebookexternalhit/1.1 (+http://www.facebook.com/externalhit_uatext.php)"
59.163.27.11 - - [13/Apr/2012:11:08:22 -0700] "GET /AssessmentBar/r/Unassessed_India_articles/ HTTP/1.1" 302 267 "http://en.wikipedia.org/wiki/Shri_Krishan_Institute_Of_Engineering_&_Technology" "Mozilla/5.0 (Windows NT 5.1) AppleWebKit/535.11 (KHTML, like Gecko) Chrome/17.0.963.83 Safari/535.11"
59.163.27.11 - - [13/Apr/2012:11:08:50 -0700] "GET /AssessmentBar/r/Unassessed_India_articles/ HTTP/1.1" 302 295 "http://en.wikipedia.org/wiki/Holeya" "Mozilla/5.0 (Windows NT 5.1) AppleWebKit/535.11 (KHTML, like Gecko) Chrome/17.0.963.83 Safari/535.11"
85.17.88.169 - - [13/Apr/2012:11:09:28 -0700] "POST /blog/wp-cron.php?doing_wp_cron=1334340220 HTTP/1.0" 499 0 "-" "WordPress/3.3.1; http://yuvi.in/blog"
8.28.16.254 - - [13/Apr/2012:11:09:28 -0700] "GET /blog/infosys-tcs-or-wipro-none HTTP/1.1" 301 0 "-" "Mozilla/4.0 (compatible; MSIE 7.0; Windows NT 5.1; InfoPath.1; .NET CLR 2.0.50727; .NET CLR 1.1.4322; MS-RTC LM 8; .NET CLR 3.0.4506.2152; .NET CLR 3.5.30729)"
85.17.88.169 - - [13/Apr/2012:11:09:30 -0700] "POST /blog/wp-cron.php?doing_wp_cron=1334340223 HTTP/1.0" 499 0 "-" "WordPress/3.3.1; http://yuvi.in/blog"
85.17.88.169 - - [13/Apr/2012:11:09:30 -0700] "POST /blog/wp-cron.php?doing_wp_cron=1334340223 HTTP/1.0" 499 0 "-" "WordPress/3.3.1; http://yuvi.in/blog"
170.201.180.136 - - [13/Apr/2012:11:09:30 -0700] "GET /blog/infosys-tcs-or-wipro-none/ HTTP/1.1" 200 7089 "http://www.google.com/url?sa=t&rct=j&q=&esrc=s&source=web&cd=40&ved=0CGYQFjAJOB4&url=http%3A%2F%2Fyuvi.in%2Fblog%2Finfosys-tcs-or-wipro-none%2F&ei=5WiIT5b-NsacgQec2OS4CQ&usg=AFQjCNFFymVRTHm740-I9A4VqJxKWQnZng&sig2=CDrnEeS2iM4XvinpjpAy5g" "Mozilla/5.0 (Windows NT 5.1; rv:11.0) Gecko/20100101 Firefox/11.0"
8.28.16.254 - - [13/Apr/2012:11:09:30 -0700] "GET /blog/infosys-tcs-or-wipro-none/ HTTP/1.1" 200 12072 "-" "Mozilla/4.0 (compatible; MSIE 7.0; Windows NT 5.1; InfoPath.1; .NET CLR 2.0.50727; .NET CLR 1.1.4322; MS-RTC LM 8; .NET CLR 3.0.4506.2152; .NET CLR 3.5.30729)"
170.201.180.136 - - [13/Apr/2012:11:09:31 -0700] "GET /blog/wp-content/themes/cleanr/js/jquery.dropdown.js?ver=3.3.1 HTTP/1.1" 200 535 "http://yuvi.in/blog/infosys-tcs-or-wipro-none/" "Mozilla/5.0 (Windows NT 5.1; rv:11.0) Gecko/20100101 Firefox/11.0"
170.201.180.136 - - [13/Apr/2012:11:09:31 -0700] "GET /blog/wp-content/themes/cleanr/style.css HTTP/1.1" 200 10508 "http://yuvi.in/blog/infosys-tcs-or-wipro-none/" "Mozilla/5.0 (Windows NT 5.1; rv:11.0) Gecko/20100101 Firefox/11.0"
170.201.180.136 - - [13/Apr/2012:11:09:31 -0700] "GET /blog/wp-includes/js/jquery/jquery.js?ver=1.7.1 HTTP/1.1" 200 93889 "http://yuvi.in/blog/infosys-tcs-or-wipro-none/" "Mozilla/5.0 (Windows NT 5.1; rv:11.0) Gecko/20100101 Firefox/11.0"
170.201.180.136 - - [13/Apr/2012:11:09:31 -0700] "GET /blog/wp-content/themes/cleanr/css/text.css HTTP/1.1" 200 420 "http://yuvi.in/blog/wp-content/themes/cleanr/style.css" "Mozilla/5.0 (Windows NT 5.1; rv:11.0) Gecko/20100101 Firefox/11.0"
170.201.180.136 - - [13/Apr/2012:11:09:31 -0700] "GET /blog/wp-content/themes/cleanr/css/reset.css HTTP/1.1" 200 648 "http://yuvi.in/blog/wp-content/themes/cleanr/style.css" "Mozilla/5.0 (Windows NT 5.1; rv:11.0) Gecko/20100101 Firefox/11.0"
170.201.180.136 - - [13/Apr/2012:11:09:31 -0700] "GET /blog/wp-content/themes/cleanr/css/960.css HTTP/1.1" 200 3628 "http://yuvi.in/blog/wp-content/themes/cleanr/style.css" "Mozilla/5.0 (Windows NT 5.1; rv:11.0) Gecko/20100101 Firefox/11.0"
170.201.180.136 - - [13/Apr/2012:11:09:32 -0700] "GET /blog/wp-content/themes/cleanr/images/search_magnifier.gif HTTP/1.1" 200 394 "http://yuvi.in/blog/infosys-tcs-or-wipro-none/" "Mozilla/5.0 (Windows NT 5.1; rv:11.0) Gecko/20100101 Firefox/11.0"
170.201.180.136 - - [13/Apr/2012:11:09:32 -0700] "GET /favicon.ico HTTP/1.1" 404 142 "-" "Mozilla/5.0 (Windows NT 5.1; rv:11.0) Gecko/20100101 Firefox/11.0"
170.201.180.136 - - [13/Apr/2012:11:09:32 -0700] "GET /favicon.ico HTTP/1.1" 404 142 "-" "Mozilla/5.0 (Windows NT 5.1; rv:11.0) Gecko/20100101 Firefox/11.0"
85.17.88.169 - - [13/Apr/2012:11:09:34 -0700] "POST /blog/wp-cron.php?doing_wp_cron=1334340227 HTTP/1.0" 499 0 "-" "WordPress/3.3.1; http://yuvi.in/blog"
8.28.16.254 - - [13/Apr/2012:11:09:34 -0700] "GET /blog/working-big-co-unsatisfying HTTP/1.1" 301 0 "-" "Mozilla/4.0 (compatible; MSIE 7.0; Windows NT 5.1; InfoPath.1; .NET CLR 2.0.50727; .NET CLR 1.1.4322; MS-RTC LM 8; .NET CLR 3.0.4506.2152; .NET CLR 3.5.30729)"
170.201.180.136 - - [13/Apr/2012:11:09:36 -0700] "GET /blog/working-big-co-unsatisfying/ HTTP/1.1" 200 5047 "http://yuvi.in/blog/infosys-tcs-or-wipro-none/" "Mozilla/5.0 (Windows NT 5.1; rv:11.0) Gecko/20100101 Firefox/11.0"
85.17.88.169 - - [13/Apr/2012:11:09:36 -0700] "POST /blog/wp-cron.php?doing_wp_cron=1334340229 HTTP/1.0" 499 0 "-" "WordPress/3.3.1; http://yuvi.in/blog"
8.28.16.254 - - [13/Apr/2012:11:09:37 -0700] "GET /blog/working-big-co-unsatisfying/ HTTP/1.1" 200 18532 "-" "Mozilla/4.0 (compatible; MSIE 7.0; Windows NT 5.1; InfoPath.1; .NET CLR 2.0.50727; .NET CLR 1.1.4322; MS-RTC LM 8; .NET CLR 3.0.4506.2152; .NET CLR 3.5.30729)"
59.163.27.11 - - [13/Apr/2012:11:09:39 -0700] "GET /AssessmentBar/r/Unassessed_India_articles/ HTTP/1.1" 302 273 "http://en.wikipedia.org/wiki/Timothy_A._Gonsalves" "Mozilla/5.0 (Windows NT 5.1) AppleWebKit/535.11 (KHTML, like Gecko) Chrome/17.0.963.83 Safari/535.11"
59.163.27.11 - - [13/Apr/2012:11:09:47 -0700] "GET /AssessmentBar/r/Unassessed_India_articles/ HTTP/1.1" 302 279 "http://en.wikipedia.org/wiki/Fadanpura" "Mozilla/5.0 (Windows NT 5.1) AppleWebKit/535.11 (KHTML, like Gecko) Chrome/17.0.963.83 Safari/535.11"
59.163.27.11 - - [13/Apr/2012:11:09:52 -0700] "GET /AssessmentBar/r/Unassessed_India_articles/ HTTP/1.1" 302 303 "http://en.wikipedia.org/wiki/S._K._Saikia" "Mozilla/5.0 (Windows NT 5.1) AppleWebKit/535.11 (KHTML, like Gecko) Chrome/17.0.963.83 Safari/535.11"
182.156.208.82 - - [13/Apr/2012:11:09:55 -0700] "-" 400 0 "-" "-"
59.163.27.11 - - [13/Apr/2012:11:10:13 -0700] "GET /AssessmentBar/r/Unassessed_India_articles/ HTTP/1.1" 302 293 "http://en.wikipedia.org/wiki/Vanchinadha_Swamy_Temple" "Mozilla/5.0 (Windows NT 5.1) AppleWebKit/535.11 (KHTML, like Gecko) Chrome/17.0.963.83 Safari/535.11"
59.163.27.11 - - [13/Apr/2012:11:10:38 -0700] "GET /AssessmentBar/r/Unassessed_India_articles/ HTTP/1.1" 302 297 "http://en.wikipedia.org/wiki/East_Nimar_District" "Mozilla/5.0 (Windows NT 5.1) AppleWebKit/535.11 (KHTML, like Gecko) Chrome/17.0.963.83 Safari/535.11"
59.163.27.11 - - [13/Apr/2012:11:11:02 -0700] "GET /AssessmentBar/r/Unassessed_India_articles/ HTTP/1.1" 302 299 "http://en.wikipedia.org/wiki/Cohabitation_in_India" "Mozilla/5.0 (Windows NT 5.1) AppleWebKit/535.11 (KHTML, like Gecko) Chrome/17.0.963.83 Safari/535.11"
59.163.27.11 - - [13/Apr/2012:11:11:06 -0700] "GET /AssessmentBar/r/Unassessed_India_articles/ HTTP/1.1" 302 267 "http://en.wikipedia.org/wiki/Krishna_Reddy_(artist)" "Mozilla/5.0 (Windows NT 5.1) AppleWebKit/535.11 (KHTML, like Gecko) Chrome/17.0.963.83 Safari/535.11"
59.163.27.11 - - [13/Apr/2012:11:11:14 -0700] "GET /AssessmentBar/r/Unassessed_India_articles/ HTTP/1.1" 302 281 "http://en.wikipedia.org/wiki/Punpun" "Mozilla/5.0 (Windows NT 5.1) AppleWebKit/535.11 (KHTML, like Gecko) Chrome/17.0.963.83 Safari/535.11"
59.163.27.11 - - [13/Apr/2012:11:11:21 -0700] "GET /AssessmentBar/r/Unassessed_India_articles/ HTTP/1.1" 302 289 "http://en.wikipedia.org/wiki/Rishabhadatta" "Mozilla/5.0 (Windows NT 5.1) AppleWebKit/535.11 (KHTML, like Gecko) Chrome/17.0.963.83 Safari/535.11"
85.17.88.169 - - [13/Apr/2012:11:11:41 -0700] "POST /blog/wp-cron.php?doing_wp_cron=1334340353 HTTP/1.0" 499 0 "-" "WordPress/3.3.1; http://yuvi.in/blog"
209.85.224.93 - - [13/Apr/2012:11:11:41 -0700] "GET /blog/feed HTTP/1.1" 304 0 "-" "FeedBurner/1.0 (http://www.FeedBurner.com)"
182.156.208.82 - - [13/Apr/2012:11:13:08 -0700] "-" 400 0 "-" "-"
170.201.180.136 - - [13/Apr/2012:11:14:20 -0700] "GET /blog/ HTTP/1.1" 200 9195 "http://yuvi.in/blog/infosys-tcs-or-wipro-none/" "Mozilla/5.0 (Windows NT 5.1; rv:11.0) Gecko/20100101 Firefox/11.0"
170.201.172.69 - - [13/Apr/2012:11:14:20 -0700] "GET /blog/wp-content/themes/cleanr/js/jquery.dropdown.js?ver=3.3.1 HTTP/1.1" 200 535 "http://yuvi.in/blog/" "Mozilla/5.0 (Windows NT 5.1; rv:11.0) Gecko/20100101 Firefox/11.0"
170.201.172.69 - - [13/Apr/2012:11:14:21 -0700] "GET /blog/wp-includes/js/jquery/jquery.js?ver=1.7.1 HTTP/1.1" 200 93889 "http://yuvi.in/blog/" "Mozilla/5.0 (Windows NT 5.1; rv:11.0) Gecko/20100101 Firefox/11.0"
66.249.73.219 - - [13/Apr/2012:11:16:57 -0700] "GET /blog/gstreamer-101-at-gnome-asia-2011.html HTTP/1.1" 200 2313 "-" "Mozilla/5.0 (compatible; Googlebot/2.1; +http://www.google.com/bot.html)"
182.156.208.82 - - [13/Apr/2012:11:17:47 -0700] "-" 400 0 "-" "-"
85.17.88.169 - - [13/Apr/2012:11:18:08 -0700] "POST /blog/wp-cron.php?doing_wp_cron=1334340740 HTTP/1.0" 499 0 "-" "WordPress/3.3.1; http://yuvi.in/blog"
208.115.111.68 - - [13/Apr/2012:11:18:08 -0700] "GET /blog/tag/rant/feed/ HTTP/1.1" 200 18896 "-" "Mozilla/5.0 (compatible; Ezooms/1.0; ezooms.bot@gmail.com)"
85.17.88.169 - - [13/Apr/2012:11:18:11 -0700] "POST /blog/wp-cron.php?doing_wp_cron=1334340744 HTTP/1.0" 499 0 "-" "WordPress/3.3.1; http://yuvi.in/blog"
209.85.238.182 - - [13/Apr/2012:11:18:12 -0700] "GET /blog/feed/ HTTP/1.1" 304 0 "-" "Feedfetcher-Google; (+http://www.google.com/feedfetcher.html; 19 subscribers; feed-id=15064232456473204253)"
85.17.88.169 - - [13/Apr/2012:11:18:15 -0700] "POST /blog/wp-cron.php?doing_wp_cron=1334340748 HTTP/1.0" 499 0 "-" "WordPress/3.3.1; http://yuvi.in/blog"
208.115.111.68 - - [13/Apr/2012:11:18:15 -0700] "GET /blog/picks-from-autogenerated-freya-quotes-nsfw/feed/ HTTP/1.1" 200 819 "-" "Mozilla/5.0 (compatible; Ezooms/1.0; ezooms.bot@gmail.com)"
85.17.88.169 - - [13/Apr/2012:11:18:24 -0700] "POST /blog/wp-cron.php?doing_wp_cron=1334340757 HTTP/1.0" 499 0 "-" "WordPress/3.3.1; http://yuvi.in/blog"
208.115.111.68 - - [13/Apr/2012:11:18:24 -0700] "GET /blog/icc-rules-for-backyard-cricket/feed/ HTTP/1.1" 200 780 "-" "Mozilla/5.0 (compatible; Ezooms/1.0; ezooms.bot@gmail.com)"
208.115.113.84 - - [13/Apr/2012:11:18:28 -0700] "GET /robots.txt HTTP/1.1" 404 169 "-" "Mozilla/5.0 (compatible; Ezooms/1.0; ezooms.bot@gmail.com)"
63.79.88.128 - - [13/Apr/2012:11:18:40 -0700] "GET / HTTP/1.1" 200 1430 "-" "Caffeinated/1.1.2 CFNetwork/520.3.2 Darwin/11.3.0 (x86_64) (MacBookPro8%2C1)"
63.79.88.128 - - [13/Apr/2012:11:18:40 -0700] "GET /favicon.ico HTTP/1.1" 404 142 "-" "Caffeinated/1.1.2 CFNetwork/520.3.2 Darwin/11.3.0 (x86_64) (MacBookPro8%2C1)"
63.79.88.128 - - [13/Apr/2012:11:19:39 -0700] "GET / HTTP/1.1" 200 1430 "-" "Caffeinated/1.1.2 CFNetwork/520.3.2 Darwin/11.3.0 (x86_64) (MacBookPro8%2C1)"
63.79.88.128 - - [13/Apr/2012:11:19:39 -0700] "GET /favicon.ico HTTP/1.1" 404 142 "-" "Caffeinated/1.1.2 CFNetwork/520.3.2 Darwin/11.3.0 (x86_64) (MacBookPro8%2C1)"
94.228.34.209 - - [13/Apr/2012:11:21:32 -0700] "GET /blog/serendipity.html HTTP/1.1" 304 0 "-" "magpie-crawler/1.1 (U; Linux amd64; en-GB; +http://www.brandwatch.net)"
65.52.111.215 - - [13/Apr/2012:11:23:38 -0700] "-" 400 0 "-" "-"
65.52.111.215 - - [13/Apr/2012:11:23:38 -0700] "-" 400 0 "-" "-"
65.52.111.215 - - [13/Apr/2012:11:23:38 -0700] "-" 400 0 "-" "-"
65.52.111.215 - - [13/Apr/2012:11:23:39 -0700] "-" 400 0 "-" "-"
65.52.111.215 - - [13/Apr/2012:11:23:39 -0700] "-" 400 0 "-" "-"
65.52.111.215 - - [13/Apr/2012:11:23:39 -0700] "-" 400 0 "-" "-"
65.52.111.215 - - [13/Apr/2012:11:23:39 -0700] "-" 400 0 "-" "-"
65.52.111.215 - - [13/Apr/2012:11:23:39 -0700] "-" 400 0 "-" "-"
65.52.111.215 - - [13/Apr/2012:11:23:39 -0700] "-" 400 0 "-" "-"
122.164.31.171 - - [13/Apr/2012:11:24:49 -0700] "-" 400 0 "-" "-"
122.164.31.171 - - [13/Apr/2012:11:24:49 -0700] "-" 400 0 "-" "-"
122.164.31.171 - - [13/Apr/2012:11:24:49 -0700] "-" 400 0 "-" "-"
122.164.31.171 - - [13/Apr/2012:11:24:49 -0700] "-" 400 0 "-" "-"
122.164.31.171 - - [13/Apr/2012:11:24:49 -0700] "-" 400 0 "-" "-"
218.66.249.146 - - [13/Apr/2012:11:26:06 -0700] "GET /blog/ HTTP/1.0" 200 33162 "http://yuvi.in/blog/" "Mozilla/4.0 (compatible; MSIE 5.5; Windows NT 4.0)"
208.115.113.85 - - [13/Apr/2012:11:26:42 -0700] "GET /s/ta/2bzj/ HTTP/1.1" 302 577 "-" "Mozilla/5.0 (compatible; Ezooms/1.0; ezooms.bot@gmail.com)"
180.76.5.107 - - [13/Apr/2012:11:29:20 -0700] "GET /blog/tag/crap/ HTTP/1.1" 200 2970 "-" "Mozilla/5.0 (compatible; Baiduspider/2.0; +http://www.baidu.com/search/spider.html)"
85.17.88.169 - - [13/Apr/2012:11:29:20 -0700] "POST /blog/wp-cron.php?doing_wp_cron=1334341413 HTTP/1.0" 499 0 "-" "WordPress/3.3.1; http://yuvi.in/blog"
209.85.238.182 - - [13/Apr/2012:11:29:21 -0700] "GET /blog/feed HTTP/1.1" 301 0 "-" "Feedfetcher-Google; (+http://www.google.com/feedfetcher.html; 3 subscribers; feed-id=17684830852112633560)"
85.17.88.169 - - [13/Apr/2012:11:29:23 -0700] "POST /blog/wp-cron.php?doing_wp_cron=1334341415 HTTP/1.0" 499 0 "-" "WordPress/3.3.1; http://yuvi.in/blog"
209.85.238.182 - - [13/Apr/2012:11:29:23 -0700] "GET /blog/feed/ HTTP/1.1" 304 0 "-" "Feedfetcher-Google; (+http://www.google.com/feedfetcher.html; 3 subscribers; feed-id=17684830852112633560)"
85.17.88.169 - - [13/Apr/2012:11:31:37 -0700] "POST /blog/wp-cron.php?doing_wp_cron=1334341550 HTTP/1.0" 499 0 "-" "WordPress/3.3.1; http://yuvi.in/blog"
100.43.83.144 - - [13/Apr/2012:11:31:37 -0700] "GET /blog/note-present-future-self-pre-book-travel-tickets/feed/ HTTP/1.1" 200 4240 "-" "Mozilla/5.0 (compatible; YandexBot/3.0; +http://yandex.com/bots)"
209.85.144.86 - - [13/Apr/2012:11:32:28 -0700] "GET /stories/feed HTTP/1.1" 200 13653 "-" "FeedBurner/1.0 (http://www.FeedBurner.com)"
213.186.127.13 - - [13/Apr/2012:11:32:48 -0700] "GET /r/1yar HTTP/1.1" 301 257 "-" "Mozilla/5.0 (compatible; AhrefsBot/2.0; +http://ahrefs.com/robot/)"
85.17.88.169 - - [13/Apr/2012:11:36:58 -0700] "POST /blog/wp-cron.php?doing_wp_cron=1334341870 HTTP/1.0" 499 0 "-" "WordPress/3.3.1; http://yuvi.in/blog"
173.234.226.32 - - [13/Apr/2012:11:36:58 -0700] "GET /blog/learnt-reading-javascript-good-parts/ HTTP/1.1" 200 19541 "http://www.wordpress-subscribers.info" "Mozilla/5.0 (compatible; Googlebot/2.1; http://www.google.com/bot.html)"
69.171.242.248 - - [13/Apr/2012:11:38:01 -0700] "GET /r/1rxs HTTP/1.1" 301 257 "-" "facebookexternalhit/1.1 (+http://www.facebook.com/externalhit_uatext.php)"
69.171.242.247 - - [13/Apr/2012:11:38:01 -0700] "GET /s/ta/1rxs/ HTTP/1.1" 302 721 "-" "facebookexternalhit/1.1 (+http://www.facebook.com/externalhit_uatext.php)"
217.164.238.174 - - [13/Apr/2012:11:39:17 -0700] "GET /r/kfk HTTP/1.1" 301 255 "http://ta.wikipedia.org/wiki/%E0%AE%87%E0%AE%A8%E0%AF%8D%E0%AE%A4%E0%AE%BF%E0%AE%AF%E0%AE%95%E0%AF%8D_%E0%AE%95%E0%AF%81%E0%AE%9F%E0%AE%BF%E0%AE%AF%E0%AE%B0%E0%AE%9A%E0%AF%81%E0%AE%A4%E0%AF%8D_%E0%AE%A4%E0%AE%B2%E0%AF%88%E0%AE%B5%E0%AE%B0%E0%AF%8D" "Mozilla/4.0 (compatible; MSIE 8.0; Windows NT 5.1; Trident/4.0; InfoPath.2)"
217.164.238.174 - - [13/Apr/2012:11:39:18 -0700] "GET /s/ta/kfk/ HTTP/1.1" 302 561 "http://ta.wikipedia.org/wiki/%E0%AE%87%E0%AE%A8%E0%AF%8D%E0%AE%A4%E0%AE%BF%E0%AE%AF%E0%AE%95%E0%AF%8D_%E0%AE%95%E0%AF%81%E0%AE%9F%E0%AE%BF%E0%AE%AF%E0%AE%B0%E0%AE%9A%E0%AF%81%E0%AE%A4%E0%AF%8D_%E0%AE%A4%E0%AE%B2%E0%AF%88%E0%AE%B5%E0%AE%B0%E0%AF%8D" "Mozilla/4.0 (compatible; MSIE 8.0; Windows NT 5.1; Trident/4.0; InfoPath.2)"
69.171.234.3 - - [13/Apr/2012:11:40:46 -0700] "GET /r/1nvz HTTP/1.1" 301 257 "-" "facebookexternalhit/1.1 (+http://www.facebook.com/externalhit_uatext.php)"
69.171.234.1 - - [13/Apr/2012:11:40:46 -0700] "GET /s/ta/1nvz/ HTTP/1.1" 302 365 "-" "facebookexternalhit/1.1 (+http://www.facebook.com/externalhit_uatext.php)"
123.125.71.24 - - [13/Apr/2012:11:40:59 -0700] "GET / HTTP/1.1" 200 3439 "-" "Mozilla/5.0 (compatible; Baiduspider/2.0; +http://www.baidu.com/search/spider.html)"
14.96.4.24 - - [13/Apr/2012:11:41:12 -0700] "-" 400 0 "-" "-"
220.181.108.82 - - [13/Apr/2012:11:41:34 -0700] "GET / HTTP/1.1" 200 3439 "-" "Mozilla/5.0 (compatible; Baiduspider/2.0; +http://www.baidu.com/search/spider.html)"
85.17.88.169 - - [13/Apr/2012:11:41:48 -0700] "POST /blog/wp-cron.php?doing_wp_cron=1334342161 HTTP/1.0" 499 0 "-" "WordPress/3.3.1; http://yuvi.in/blog"
209.85.224.85 - - [13/Apr/2012:11:41:49 -0700] "GET /blog/feed HTTP/1.1" 304 0 "-" "FeedBurner/1.0 (http://www.FeedBurner.com)"
122.172.198.150 - - [13/Apr/2012:11:41:52 -0700] "GET / HTTP/1.1" 200 1430 "-" "Reeder/1010.69.00 CFNetwork/520.3.2 Darwin/11.3.0 (x86_64) (iMac12%2C1)"
122.172.198.150 - - [13/Apr/2012:11:41:53 -0700] "GET /favicon.ico HTTP/1.1" 404 142 "-" "Reeder/1010.69.00 CFNetwork/520.3.2 Darwin/11.3.0 (x86_64) (iMac12%2C1)"
122.172.198.150 - - [13/Apr/2012:11:41:53 -0700] "GET / HTTP/1.1" 200 1430 "-" "Reeder/1010.69.00 CFNetwork/520.3.2 Darwin/11.3.0 (x86_64) (iMac12%2C1)"
122.172.198.150 - - [13/Apr/2012:11:41:53 -0700] "GET /apple-touch-icon.png HTTP/1.1" 404 142 "-" "Reeder/1010.69.00 CFNetwork/520.3.2 Darwin/11.3.0 (x86_64) (iMac12%2C1)"
122.172.198.150 - - [13/Apr/2012:11:41:53 -0700] "GET /apple-touch-icon-precomposed.png HTTP/1.1" 404 142 "-" "Reeder/1010.69.00 CFNetwork/520.3.2 Darwin/11.3.0 (x86_64) (iMac12%2C1)"
207.46.204.214 - - [13/Apr/2012:11:42:00 -0700] "-" 400 0 "-" "-"
207.46.204.214 - - [13/Apr/2012:11:42:00 -0700] "-" 400 0 "-" "-"
207.46.204.214 - - [13/Apr/2012:11:42:00 -0700] "-" 400 0 "-" "-"
207.46.204.214 - - [13/Apr/2012:11:42:02 -0700] "-" 400 0 "-" "-"
207.46.204.214 - - [13/Apr/2012:11:42:03 -0700] "-" 400 0 "-" "-"
207.46.204.214 - - [13/Apr/2012:11:42:03 -0700] "-" 400 0 "-" "-"
207.46.204.214 - - [13/Apr/2012:11:42:04 -0700] "-" 400 0 "-" "-"
207.46.204.214 - - [13/Apr/2012:11:42:04 -0700] "-" 400 0 "-" "-"
207.46.204.214 - - [13/Apr/2012:11:42:05 -0700] "-" 400 0 "-" "-"
207.46.204.214 - - [13/Apr/2012:11:42:06 -0700] "-" 400 0 "-" "-"
207.46.204.214 - - [13/Apr/2012:11:42:06 -0700] "-" 400 0 "-" "-"
207.46.204.214 - - [13/Apr/2012:11:42:06 -0700] "-" 400 0 "-" "-"
207.46.204.214 - - [13/Apr/2012:11:42:43 -0700] "-" 400 0 "-" "-"
85.17.88.169 - - [13/Apr/2012:11:43:02 -0700] "POST /blog/wp-cron.php?doing_wp_cron=1334342235 HTTP/1.0" 499 0 "-" "WordPress/3.3.1; http://yuvi.in/blog"
100.43.83.144 - - [13/Apr/2012:11:43:03 -0700] "GET /blog/my-first-accepted-patch/ HTTP/1.1" 200 4753 "-" "Mozilla/5.0 (compatible; YandexBot/3.0; +http://yandex.com/bots)"
209.85.224.92 - - [13/Apr/2012:11:43:59 -0700] "GET /w/index.php?title=%E0%AE%9A%E0%AE%BF%E0%AE%B1%E0%AE%AA%E0%AF%8D%E0%AE%AA%E0%AF%81:RecentChanges&feed=atom HTTP/1.1" 404 211 "-" "Feedfetcher-Google; (+http://www.google.com/feedfetcher.html; feed-id=2187368390413514290)"
101.212.159.67 - - [13/Apr/2012:11:44:06 -0700] "GET / HTTP/1.1" 200 1430 "-" "Reeder/1000.09.00 CFNetwork/454.12.4 Darwin/10.8.0 (i386) (MacBookPro7%2C1)"
101.212.159.67 - - [13/Apr/2012:11:44:07 -0700] "GET /favicon.ico HTTP/1.1" 404 142 "-" "Reeder/1000.09.00 CFNetwork/454.12.4 Darwin/10.8.0 (i386) (MacBookPro7%2C1)"
101.212.159.67 - - [13/Apr/2012:11:44:08 -0700] "GET / HTTP/1.1" 200 1430 "-" "Reeder/1000.09.00 CFNetwork/454.12.4 Darwin/10.8.0 (i386) (MacBookPro7%2C1)"
101.212.159.67 - - [13/Apr/2012:11:44:09 -0700] "GET /apple-touch-icon.png HTTP/1.1" 404 142 "-" "Reeder/1000.09.00 CFNetwork/454.12.4 Darwin/10.8.0 (i386) (MacBookPro7%2C1)"
101.212.159.67 - - [13/Apr/2012:11:44:09 -0700] "GET /apple-touch-icon-precomposed.png HTTP/1.1" 404 142 "-" "Reeder/1000.09.00 CFNetwork/454.12.4 Darwin/10.8.0 (i386) (MacBookPro7%2C1)"
65.52.111.243 - - [13/Apr/2012:11:47:07 -0700] "-" 400 0 "-" "-"
65.52.111.243 - - [13/Apr/2012:11:47:07 -0700] "-" 400 0 "-" "-"
65.52.111.243 - - [13/Apr/2012:11:47:10 -0700] "-" 400 0 "-" "-"
65.52.111.243 - - [13/Apr/2012:11:47:10 -0700] "-" 400 0 "-" "-"
65.52.111.243 - - [13/Apr/2012:11:47:10 -0700] "-" 400 0 "-" "-"
65.52.111.243 - - [13/Apr/2012:11:47:10 -0700] "-" 400 0 "-" "-"
65.52.111.243 - - [13/Apr/2012:11:47:10 -0700] "-" 400 0 "-" "-"
65.52.111.243 - - [13/Apr/2012:11:47:10 -0700] "-" 400 0 "-" "-"
65.52.111.243 - - [13/Apr/2012:11:47:10 -0700] "-" 400 0 "-" "-"
65.52.111.243 - - [13/Apr/2012:11:47:10 -0700] "-" 400 0 "-" "-"
65.52.111.243 - - [13/Apr/2012:11:47:10 -0700] "-" 400 0 "-" "-"
63.79.88.128 - - [13/Apr/2012:11:48:38 -0700] "GET / HTTP/1.1" 200 1430 "-" "Caffeinated/1.1.2 CFNetwork/520.3.2 Darwin/11.3.0 (x86_64) (MacBookPro8%2C1)"
63.79.88.128 - - [13/Apr/2012:11:48:39 -0700] "GET /favicon.ico HTTP/1.1" 404 142 "-" "Caffeinated/1.1.2 CFNetwork/520.3.2 Darwin/11.3.0 (x86_64) (MacBookPro8%2C1)"
63.79.88.128 - - [13/Apr/2012:11:49:38 -0700] "GET / HTTP/1.1" 200 1430 "-" "Caffeinated/1.1.2 CFNetwork/520.3.2 Darwin/11.3.0 (x86_64) (MacBookPro8%2C1)"
63.79.88.128 - - [13/Apr/2012:11:49:39 -0700] "GET /favicon.ico HTTP/1.1" 404 142 "-" "Caffeinated/1.1.2 CFNetwork/520.3.2 Darwin/11.3.0 (x86_64) (MacBookPro8%2C1)"
117.226.179.141 - - [13/Apr/2012:11:50:08 -0700] "-" 400 0 "-" "-"
122.164.184.177 - - [13/Apr/2012:11:50:14 -0700] "-" 400 0 "-" "-"
83.226.3.111 - - [13/Apr/2012:11:52:53 -0700] "GET /POSM/ HTTP/1.1" 200 1963 "http://comments.gmane.org/gmane.comp.gis.openstreetmap.devel/24666" "Mozilla/5.0 (iPhone; CPU iPhone OS 5_1 like Mac OS X) AppleWebKit/534.46 (KHTML, like Gecko) Version/5.1 Mobile/9B179 Safari/7534.48.3"
141.0.9.124 - - [13/Apr/2012:11:52:53 -0700] "GET /r/o3z HTTP/1.1" 301 255 "http://ta.wikipedia.org/w/index.php?title=%E0%AE%AA%E0%AE%95%E0%AF%81%E0%AE%AA%E0%AF%8D%E0%AE%AA%E0%AF%81:%E0%AE%A4%E0%AF%8A%E0%AE%95%E0%AF%88%E0%AE%AF%E0%AE%9F%E0%AE%BF%E0%AE%AF%E0%AE%BE%E0%AE%B0%E0%AF%8D%E0%AE%95%E0%AE%B3%E0%AF%8D&mobileaction=toggle_view_desktop" "Opera/9.80 (J2ME/MIDP; Opera Mini/4.1.15082/27.1486; U; en) Presto/2.8.119 Version/11.10"
141.0.9.124 - - [13/Apr/2012:11:52:54 -0700] "GET /s/ta/o3z/ HTTP/1.1" 302 519 "http://ta.wikipedia.org/w/index.php?title=%E0%AE%AA%E0%AE%95%E0%AF%81%E0%AE%AA%E0%AF%8D%E0%AE%AA%E0%AF%81:%E0%AE%A4%E0%AF%8A%E0%AE%95%E0%AF%88%E0%AE%AF%E0%AE%9F%E0%AE%BF%E0%AE%AF%E0%AE%BE%E0%AE%B0%E0%AF%8D%E0%AE%95%E0%AE%B3%E0%AF%8D&mobileaction=toggle_view_desktop" "Opera/9.80 (J2ME/MIDP; Opera Mini/4.1.15082/27.1486; U; en) Presto/2.8.119 Version/11.10"
83.226.3.111 - - [13/Apr/2012:11:52:54 -0700] "GET /POSM/creds.js HTTP/1.1" 200 89 "http://yuvi.in/POSM/" "Mozilla/5.0 (iPhone; CPU iPhone OS 5_1 like Mac OS X) AppleWebKit/534.46 (KHTML, like Gecko) Version/5.1 Mobile/9B179 Safari/7534.48.3"
83.226.3.111 - - [13/Apr/2012:11:52:54 -0700] "GET /POSM/style.css HTTP/1.1" 200 1349 "http://yuvi.in/POSM/" "Mozilla/5.0 (iPhone; CPU iPhone OS 5_1 like Mac OS X) AppleWebKit/534.46 (KHTML, like Gecko) Version/5.1 Mobile/9B179 Safari/7534.48.3"
83.226.3.111 - - [13/Apr/2012:11:52:54 -0700] "GET /POSM/lib/leaflet/leaflet.css HTTP/1.1" 200 6437 "http://yuvi.in/POSM/" "Mozilla/5.0 (iPhone; CPU iPhone OS 5_1 like Mac OS X) AppleWebKit/534.46 (KHTML, like Gecko) Version/5.1 Mobile/9B179 Safari/7534.48.3"
83.226.3.111 - - [13/Apr/2012:11:52:54 -0700] "GET /POSM/lib/jquery.timeago.js HTTP/1.1" 200 4491 "http://yuvi.in/POSM/" "Mozilla/5.0 (iPhone; CPU iPhone OS 5_1 like Mac OS X) AppleWebKit/534.46 (KHTML, like Gecko) Version/5.1 Mobile/9B179 Safari/7534.48.3"
83.226.3.111 - - [13/Apr/2012:11:52:56 -0700] "GET /POSM/js/poi.js HTTP/1.1" 200 2031 "http://yuvi.in/POSM/" "Mozilla/5.0 (iPhone; CPU iPhone OS 5_1 like Mac OS X) AppleWebKit/534.46 (KHTML, like Gecko) Version/5.1 Mobile/9B179 Safari/7534.48.3"
83.226.3.111 - - [13/Apr/2012:11:52:56 -0700] "GET /POSM/js/curpos.js HTTP/1.1" 200 1793 "http://yuvi.in/POSM/" "Mozilla/5.0 (iPhone; CPU iPhone OS 5_1 like Mac OS X) AppleWebKit/534.46 (KHTML, like Gecko) Version/5.1 Mobile/9B179 Safari/7534.48.3"
83.226.3.111 - - [13/Apr/2012:11:52:57 -0700] "GET /POSM/lib/TileLayer.Bing.js HTTP/1.1" 200 5317 "http://yuvi.in/POSM/" "Mozilla/5.0 (iPhone; CPU iPhone OS 5_1 like Mac OS X) AppleWebKit/534.46 (KHTML, like Gecko) Version/5.1 Mobile/9B179 Safari/7534.48.3"
83.226.3.111 - - [13/Apr/2012:11:52:58 -0700] "GET /POSM/lib/jquery.mobile-1.0.1.css HTTP/1.1" 200 83437 "http://yuvi.in/POSM/" "Mozilla/5.0 (iPhone; CPU iPhone OS 5_1 like Mac OS X) AppleWebKit/534.46 (KHTML, like Gecko) Version/5.1 Mobile/9B179 Safari/7534.48.3"
83.226.3.111 - - [13/Apr/2012:11:52:58 -0700] "GET /POSM/js/changesets.js HTTP/1.1" 200 1226 "http://yuvi.in/POSM/" "Mozilla/5.0 (iPhone; CPU iPhone OS 5_1 like Mac OS X) AppleWebKit/534.46 (KHTML, like Gecko) Version/5.1 Mobile/9B179 Safari/7534.48.3"
83.226.3.111 - - [13/Apr/2012:11:52:58 -0700] "GET /POSM/lib/jquery.mobile.structure-1.0.1.css HTTP/1.1" 200 32452 "http://yuvi.in/POSM/" "Mozilla/5.0 (iPhone; CPU iPhone OS 5_1 like Mac OS X) AppleWebKit/534.46 (KHTML, like Gecko) Version/5.1 Mobile/9B179 Safari/7534.48.3"
83.226.3.111 - - [13/Apr/2012:11:52:59 -0700] "GET /POSM/js/main.js HTTP/1.1" 200 9616 "http://yuvi.in/POSM/" "Mozilla/5.0 (iPhone; CPU iPhone OS 5_1 like Mac OS X) AppleWebKit/534.46 (KHTML, like Gecko) Version/5.1 Mobile/9B179 Safari/7534.48.3"
83.226.3.111 - - [13/Apr/2012:11:52:59 -0700] "GET /POSM/js/poimanager.js HTTP/1.1" 200 9309 "http://yuvi.in/POSM/" "Mozilla/5.0 (iPhone; CPU iPhone OS 5_1 like Mac OS X) AppleWebKit/534.46 (KHTML, like Gecko) Version/5.1 Mobile/9B179 Safari/7534.48.3"
83.226.3.111 - - [13/Apr/2012:11:52:59 -0700] "GET /POSM/zoomData.js HTTP/1.1" 200 1573 "http://yuvi.in/POSM/" "Mozilla/5.0 (iPhone; CPU iPhone OS 5_1 like Mac OS X) AppleWebKit/534.46 (KHTML, like Gecko) Version/5.1 Mobile/9B179 Safari/7534.48.3"
83.226.3.111 - - [13/Apr/2012:11:52:59 -0700] "GET /POSM/lib/underscore.js HTTP/1.1" 200 35168 "http://yuvi.in/POSM/" "Mozilla/5.0 (iPhone; CPU iPhone OS 5_1 like Mac OS X) AppleWebKit/534.46 (KHTML, like Gecko) Version/5.1 Mobile/9B179 Safari/7534.48.3"
83.226.3.111 - - [13/Apr/2012:11:52:59 -0700] "GET /POSM/js/tapbar.js HTTP/1.1" 200 881 "http://yuvi.in/POSM/" "Mozilla/5.0 (iPhone; CPU iPhone OS 5_1 like Mac OS X) AppleWebKit/534.46 (KHTML, like Gecko) Version/5.1 Mobile/9B179 Safari/7534.48.3"
83.226.3.111 - - [13/Apr/2012:11:52:59 -0700] "GET /POSM/lib/templates.js HTTP/1.1" 200 426 "http://yuvi.in/POSM/" "Mozilla/5.0 (iPhone; CPU iPhone OS 5_1 like Mac OS X) AppleWebKit/534.46 (KHTML, like Gecko) Version/5.1 Mobile/9B179 Safari/7534.48.3"
83.226.3.111 - - [13/Apr/2012:11:53:00 -0700] "GET /POSM/lib/leaflet/leaflet-src.js HTTP/1.1" 200 133300 "http://yuvi.in/POSM/" "Mozilla/5.0 (iPhone; CPU iPhone OS 5_1 like Mac OS X) AppleWebKit/534.46 (KHTML, like Gecko) Version/5.1 Mobile/9B179 Safari/7534.48.3"
83.226.3.111 - - [13/Apr/2012:11:53:00 -0700] "GET /POSM/img/mapmode.png HTTP/1.1" 200 1168 "http://yuvi.in/POSM/" "Mozilla/5.0 (iPhone; CPU iPhone OS 5_1 like Mac OS X) AppleWebKit/534.46 (KHTML, like Gecko) Version/5.1 Mobile/9B179 Safari/7534.48.3"
83.226.3.111 - - [13/Apr/2012:11:53:00 -0700] "GET /POSM/img/preferences.png HTTP/1.1" 200 748 "http://yuvi.in/POSM/" "Mozilla/5.0 (iPhone; CPU iPhone OS 5_1 like Mac OS X) AppleWebKit/534.46 (KHTML, like Gecko) Version/5.1 Mobile/9B179 Safari/7534.48.3"
83.226.3.111 - - [13/Apr/2012:11:53:00 -0700] "GET /POSM/img/refresh.png HTTP/1.1" 200 868 "http://yuvi.in/POSM/" "Mozilla/5.0 (iPhone; CPU iPhone OS 5_1 like Mac OS X) AppleWebKit/534.46 (KHTML, like Gecko) Version/5.1 Mobile/9B179 Safari/7534.48.3"
83.226.3.111 - - [13/Apr/2012:11:53:00 -0700] "GET /POSM/img/mylocation.png HTTP/1.1" 200 803 "http://yuvi.in/POSM/" "Mozilla/5.0 (iPhone; CPU iPhone OS 5_1 like Mac OS X) AppleWebKit/534.46 (KHTML, like Gecko) Version/5.1 Mobile/9B179 Safari/7534.48.3"
83.226.3.111 - - [13/Apr/2012:11:53:00 -0700] "GET /POSM/img/back.png HTTP/1.1" 200 420 "http://yuvi.in/POSM/" "Mozilla/5.0 (iPhone; CPU iPhone OS 5_1 like Mac OS X) AppleWebKit/534.46 (KHTML, like Gecko) Version/5.1 Mobile/9B179 Safari/7534.48.3"
