67.215.230.27 - - [15/Apr/2012:08:38:52 -0700] "GET /stories HTTP/1.0" 301 185 "-" "Setooz/Nutch-1.2 (http://www.setooz.com)"
117.193.38.188 - - [15/Apr/2012:08:40:27 -0700] "-" 400 0 "-" "-"
117.193.38.188 - - [15/Apr/2012:08:40:27 -0700] "-" 400 0 "-" "-"
117.193.38.188 - - [15/Apr/2012:08:40:27 -0700] "-" 400 0 "-" "-"
117.193.38.188 - - [15/Apr/2012:08:40:27 -0700] "-" 400 0 "-" "-"
117.193.75.177 - - [15/Apr/2012:08:43:39 -0700] "-" 400 0 "-" "-"
176.45.7.48 - - [15/Apr/2012:08:43:57 -0700] "GET /AssessmentBar/r/Unassessed_India_articles/ HTTP/1.1" 302 279 "http://en.wikipedia.org/wiki/Talk:International_Indian_School_Jeddah" "Mozilla/5.0 (Windows NT 6.1) AppleWebKit/536.5 (KHTML, like Gecko) Chrome/19.0.1084.15 Safari/536.5"
122.164.161.143 - - [15/Apr/2012:08:44:01 -0700] "-" 400 0 "-" "-"
117.193.38.188 - - [15/Apr/2012:08:45:00 -0700] "-" 400 0 "-" "-"
176.45.7.48 - - [15/Apr/2012:08:45:07 -0700] "GET /AssessmentBar/r/Unassessed_India_articles/ HTTP/1.1" 302 309 "http://en.wikipedia.org/wiki/Talk:P._C._Chacko" "Mozilla/5.0 (Windows NT 6.1) AppleWebKit/536.5 (KHTML, like Gecko) Chrome/19.0.1084.15 Safari/536.5"
176.45.7.48 - - [15/Apr/2012:08:45:28 -0700] "GET /AssessmentBar/r/Unassessed_India_articles/ HTTP/1.1" 302 281 "http://en.wikipedia.org/wiki/Talk:P._C._Chacko" "Mozilla/5.0 (Windows NT 6.1) AppleWebKit/536.5 (KHTML, like Gecko) Chrome/19.0.1084.15 Safari/536.5"
66.54.75.241 - - [15/Apr/2012:08:45:42 -0700] "GET /r/hil HTTP/1.1" 301 255 "http://wikimapia.org/249597/%E0%AE%95%E0%AE%BE%E0%AE%B3%E0%AF%80%E0%AE%B8%E0%AF%8D%E0%AE%B5%E0%AE%B0%E0%AE%B0%E0%AF%8D-%E0%AE%A4%E0%AE%BF%E0%AE%B0%E0%AF%81%E0%AE%95%E0%AF%8D%E0%AE%95%E0%AF%8B%E0%AE%B5%E0%AE%BF%E0%AE%B2%E0%AF%8D-Kaleeswarar-Temple-PNT10" "Mozilla/5.0 (Series40; NokiaC2-02/06.52; Profile/MIDP-2.1 Configuration/CLDC-1.1) Gecko/20100401 S40OviBrowser/2.0.2.62.10"
66.54.75.241 - - [15/Apr/2012:08:45:42 -0700] "GET /s/ta/hil/ HTTP/1.1" 302 433 "http://wikimapia.org/249597/%E0%AE%95%E0%AE%BE%E0%AE%B3%E0%AF%80%E0%AE%B8%E0%AF%8D%E0%AE%B5%E0%AE%B0%E0%AE%B0%E0%AF%8D-%E0%AE%A4%E0%AE%BF%E0%AE%B0%E0%AF%81%E0%AE%95%E0%AF%8D%E0%AE%95%E0%AF%8B%E0%AE%B5%E0%AE%BF%E0%AE%B2%E0%AF%8D-Kaleeswarar-Temple-PNT10" "Mozilla/5.0 (Series40; NokiaC2-02/06.52; Profile/MIDP-2.1 Configuration/CLDC-1.1) Gecko/20100401 S40OviBrowser/2.0.2.62.10"
176.45.7.48 - - [15/Apr/2012:08:47:03 -0700] "GET /AssessmentBar/r/Unassessed_India_articles/ HTTP/1.1" 302 265 "http://en.wikipedia.org/wiki/Iti_Mrinalini" "Mozilla/5.0 (Windows NT 6.1) AppleWebKit/536.5 (KHTML, like Gecko) Chrome/19.0.1084.15 Safari/536.5"
100.43.83.144 - - [15/Apr/2012:08:47:12 -0700] "GET /blog/-we-must-take-india-as-it-is-jules-verne.html HTTP/1.1" 200 3774 "-" "Mozilla/5.0 (compatible; YandexBot/3.0; +http://yandex.com/bots)"
65.52.111.244 - - [15/Apr/2012:08:48:12 -0700] "-" 400 0 "-" "-"
65.52.111.244 - - [15/Apr/2012:08:48:12 -0700] "-" 400 0 "-" "-"
65.52.111.244 - - [15/Apr/2012:08:48:13 -0700] "-" 400 0 "-" "-"
65.52.111.244 - - [15/Apr/2012:08:48:13 -0700] "-" 400 0 "-" "-"
65.52.111.244 - - [15/Apr/2012:08:48:13 -0700] "-" 400 0 "-" "-"
65.52.111.244 - - [15/Apr/2012:08:48:13 -0700] "-" 400 0 "-" "-"
65.52.111.244 - - [15/Apr/2012:08:48:13 -0700] "-" 400 0 "-" "-"
65.52.111.244 - - [15/Apr/2012:08:48:14 -0700] "-" 400 0 "-" "-"
65.52.111.244 - - [15/Apr/2012:08:48:14 -0700] "-" 400 0 "-" "-"
65.52.111.244 - - [15/Apr/2012:08:48:14 -0700] "-" 400 0 "-" "-"
65.52.111.244 - - [15/Apr/2012:08:49:05 -0700] "-" 400 0 "-" "-"
85.25.184.208 - - [15/Apr/2012:08:49:30 -0700] "GET / HTTP/1.1" 404 238 "-" "Opera \x96 Opera/9.00 (Windows NT 5.1; U; en)"
180.215.6.79 - - [15/Apr/2012:08:52:29 -0700] "GET /r/3vb HTTP/1.1" 301 255 "http://ta.wikipedia.org/w/index.php?title=%E0%AE%9A%E0%AF%8B%E0%AE%A4%E0%AE%BF%E0%AE%9F%E0%AE%AE%E0%AF%8D&printable=yes" "Mozilla/5.0 (Windows NT 6.1; WOW64) AppleWebKit/535.19 (KHTML, like Gecko) Chrome/18.0.1017.2 Safari/535.19"
180.215.6.79 - - [15/Apr/2012:08:52:30 -0700] "GET /s/ta/3vb/ HTTP/1.1" 302 349 "http://ta.wikipedia.org/w/index.php?title=%E0%AE%9A%E0%AF%8B%E0%AE%A4%E0%AE%BF%E0%AE%9F%E0%AE%AE%E0%AF%8D&printable=yes" "Mozilla/5.0 (Windows NT 6.1; WOW64) AppleWebKit/535.19 (KHTML, like Gecko) Chrome/18.0.1017.2 Safari/535.19"
117.193.51.246 - - [15/Apr/2012:08:54:03 -0700] "-" 400 0 "-" "-"
85.17.88.169 - - [15/Apr/2012:08:54:43 -0700] "POST /blog/wp-cron.php?doing_wp_cron=1334504920 HTTP/1.0" 499 0 "-" "WordPress/3.3.1; http://yuvi.in/blog"
209.85.224.86 - - [15/Apr/2012:08:54:43 -0700] "GET /blog/feed HTTP/1.1" 304 0 "-" "FeedBurner/1.0 (http://www.FeedBurner.com)"
117.193.45.201 - - [15/Apr/2012:08:54:51 -0700] "-" 400 0 "-" "-"
117.193.45.201 - - [15/Apr/2012:08:54:51 -0700] "-" 400 0 "-" "-"
117.193.45.201 - - [15/Apr/2012:08:54:51 -0700] "-" 400 0 "-" "-"
117.193.45.201 - - [15/Apr/2012:08:54:51 -0700] "-" 400 0 "-" "-"
208.54.35.229 - - [15/Apr/2012:08:54:52 -0700] "GET /blog/moving-to-vim-from-emacs.html HTTP/1.1" 200 2657 "-" "Mozilla/5.0 (Linux; U; Android 2.3.7; en-us; HTC Vision Build/GRI40) AppleWebKit/533.1 (KHTML, like Gecko) Version/4.0 Mobile Safari/533.1"
208.54.35.229 - - [15/Apr/2012:08:54:53 -0700] "GET /blog/static/style.css HTTP/1.1" 200 4753 "http://yuvi.in/blog/moving-to-vim-from-emacs.html" "Mozilla/5.0 (Linux; U; Android 2.3.7; en-us; HTC Vision Build/GRI40) AppleWebKit/533.1 (KHTML, like Gecko) Version/4.0 Mobile Safari/533.1"
208.54.35.229 - - [15/Apr/2012:08:54:53 -0700] "GET /blog/static/codehilite.css HTTP/1.1" 200 4012 "http://yuvi.in/blog/moving-to-vim-from-emacs.html" "Mozilla/5.0 (Linux; U; Android 2.3.7; en-us; HTC Vision Build/GRI40) AppleWebKit/533.1 (KHTML, like Gecko) Version/4.0 Mobile Safari/533.1"
208.54.35.229 - - [15/Apr/2012:08:54:55 -0700] "GET /favicon.ico HTTP/1.1" 404 142 "http://yuvi.in/blog/moving-to-vim-from-emacs.html" "Mozilla/5.0 (Linux; U; Android 2.3.7; en-us; HTC Vision Build/GRI40) AppleWebKit/533.1 (KHTML, like Gecko) Version/4.0 Mobile Safari/533.1"
117.193.51.246 - - [15/Apr/2012:08:56:14 -0700] "-" 400 0 "-" "-"
117.193.51.246 - - [15/Apr/2012:08:56:14 -0700] "-" 400 0 "-" "-"
117.193.215.84 - - [15/Apr/2012:08:56:44 -0700] "-" 400 0 "-" "-"
117.193.215.84 - - [15/Apr/2012:08:57:26 -0700] "-" 400 0 "-" "-"
117.193.215.84 - - [15/Apr/2012:08:57:26 -0700] "-" 400 0 "-" "-"
117.193.215.84 - - [15/Apr/2012:08:57:26 -0700] "-" 400 0 "-" "-"
117.193.215.84 - - [15/Apr/2012:08:57:26 -0700] "-" 400 0 "-" "-"
117.193.51.246 - - [15/Apr/2012:08:58:24 -0700] "-" 400 0 "-" "-"
117.193.51.246 - - [15/Apr/2012:08:59:04 -0700] "-" 400 0 "-" "-"
117.193.51.246 - - [15/Apr/2012:08:59:04 -0700] "-" 400 0 "-" "-"
117.193.139.170 - - [15/Apr/2012:09:00:08 -0700] "-" 400 0 "-" "-"
85.17.88.169 - - [15/Apr/2012:09:03:37 -0700] "POST /blog/wp-cron.php?doing_wp_cron=1334505454 HTTP/1.0" 499 0 "-" "WordPress/3.3.1; http://yuvi.in/blog"
209.85.238.182 - - [15/Apr/2012:09:03:37 -0700] "GET /blog/feed/ HTTP/1.1" 304 0 "-" "Feedfetcher-Google; (+http://www.google.com/feedfetcher.html; 19 subscribers; feed-id=15064232456473204253)"
85.17.88.169 - - [15/Apr/2012:09:05:48 -0700] "POST /blog/wp-cron.php?doing_wp_cron=1334505585 HTTP/1.0" 499 0 "-" "WordPress/3.3.1; http://yuvi.in/blog"
101.226.33.180 - - [15/Apr/2012:09:05:48 -0700] "GET /blog/feed HTTP/1.0" 304 0 "-" "Mozilla/4.0 (compatible; Windows;)"
117.193.104.159 - - [15/Apr/2012:09:09:04 -0700] "-" 400 0 "-" "-"
117.193.104.159 - - [15/Apr/2012:09:09:13 -0700] "-" 400 0 "-" "-"
59.92.75.183 - - [15/Apr/2012:09:11:11 -0700] "-" 400 0 "-" "-"
59.92.75.183 - - [15/Apr/2012:09:12:31 -0700] "-" 400 0 "-" "-"
59.92.75.183 - - [15/Apr/2012:09:12:31 -0700] "-" 400 0 "-" "-"
59.92.75.183 - - [15/Apr/2012:09:12:31 -0700] "-" 400 0 "-" "-"
59.92.75.183 - - [15/Apr/2012:09:12:31 -0700] "-" 400 0 "-" "-"
59.92.75.183 - - [15/Apr/2012:09:12:31 -0700] "-" 400 0 "-" "-"
85.17.88.169 - - [15/Apr/2012:09:13:02 -0700] "POST /blog/wp-cron.php?doing_wp_cron=1334506019 HTTP/1.0" 499 0 "-" "WordPress/3.3.1; http://yuvi.in/blog"
100.43.83.144 - - [15/Apr/2012:09:13:03 -0700] "GET /blog/how-i-spent-the-day-today/ HTTP/1.1" 200 5184 "-" "Mozilla/5.0 (compatible; YandexBot/3.0; +http://yandex.com/bots)"
65.52.111.214 - - [15/Apr/2012:09:14:55 -0700] "-" 400 0 "-" "-"
65.52.111.214 - - [15/Apr/2012:09:14:55 -0700] "-" 400 0 "-" "-"
65.52.111.214 - - [15/Apr/2012:09:14:55 -0700] "-" 400 0 "-" "-"
65.52.111.214 - - [15/Apr/2012:09:14:58 -0700] "-" 400 0 "-" "-"
65.52.111.214 - - [15/Apr/2012:09:14:59 -0700] "-" 400 0 "-" "-"
65.52.111.214 - - [15/Apr/2012:09:14:59 -0700] "-" 400 0 "-" "-"
65.52.111.214 - - [15/Apr/2012:09:15:00 -0700] "-" 400 0 "-" "-"
65.52.111.214 - - [15/Apr/2012:09:15:00 -0700] "-" 400 0 "-" "-"
65.52.111.214 - - [15/Apr/2012:09:15:00 -0700] "-" 400 0 "-" "-"
65.52.111.214 - - [15/Apr/2012:09:15:01 -0700] "-" 400 0 "-" "-"
65.52.111.214 - - [15/Apr/2012:09:15:01 -0700] "-" 400 0 "-" "-"
65.52.111.214 - - [15/Apr/2012:09:15:01 -0700] "-" 400 0 "-" "-"
122.174.95.130 - - [15/Apr/2012:09:18:32 -0700] "-" 400 0 "-" "-"
208.115.111.68 - - [15/Apr/2012:09:19:26 -0700] "GET /robots.txt HTTP/1.1" 404 169 "-" "Mozilla/5.0 (compatible; Ezooms/1.0; ezooms.bot@gmail.com)"
85.17.88.169 - - [15/Apr/2012:09:20:25 -0700] "POST /blog/wp-cron.php?doing_wp_cron=1334506462 HTTP/1.0" 499 0 "-" "WordPress/3.3.1; http://yuvi.in/blog"
209.85.238.182 - - [15/Apr/2012:09:20:25 -0700] "GET /blog/feed HTTP/1.1" 301 0 "-" "Feedfetcher-Google; (+http://www.google.com/feedfetcher.html; 3 subscribers; feed-id=17684830852112633560)"
207.46.204.170 - - [15/Apr/2012:09:20:26 -0700] "-" 400 0 "-" "-"
207.46.204.170 - - [15/Apr/2012:09:20:26 -0700] "-" 400 0 "-" "-"
207.46.204.170 - - [15/Apr/2012:09:20:26 -0700] "-" 400 0 "-" "-"
85.17.88.169 - - [15/Apr/2012:09:20:27 -0700] "POST /blog/wp-cron.php?doing_wp_cron=1334506465 HTTP/1.0" 499 0 "-" "WordPress/3.3.1; http://yuvi.in/blog"
209.85.238.182 - - [15/Apr/2012:09:20:28 -0700] "GET /blog/feed/ HTTP/1.1" 304 0 "-" "Feedfetcher-Google; (+http://www.google.com/feedfetcher.html; 3 subscribers; feed-id=17684830852112633560)"
207.46.204.170 - - [15/Apr/2012:09:20:28 -0700] "-" 400 0 "-" "-"
207.46.204.170 - - [15/Apr/2012:09:20:29 -0700] "-" 400 0 "-" "-"
207.46.204.170 - - [15/Apr/2012:09:20:29 -0700] "-" 400 0 "-" "-"
207.46.204.170 - - [15/Apr/2012:09:20:29 -0700] "-" 400 0 "-" "-"
207.46.204.170 - - [15/Apr/2012:09:20:30 -0700] "-" 400 0 "-" "-"
207.46.204.170 - - [15/Apr/2012:09:20:30 -0700] "-" 400 0 "-" "-"
207.46.204.170 - - [15/Apr/2012:09:20:30 -0700] "-" 400 0 "-" "-"
207.46.204.170 - - [15/Apr/2012:09:20:32 -0700] "-" 400 0 "-" "-"
207.46.204.170 - - [15/Apr/2012:09:20:32 -0700] "-" 400 0 "-" "-"
85.17.88.169 - - [15/Apr/2012:09:21:32 -0700] "POST /blog/wp-cron.php?doing_wp_cron=1334506529 HTTP/1.0" 499 0 "-" "WordPress/3.3.1; http://yuvi.in/blog"
97.117.125.23 - - [15/Apr/2012:09:21:32 -0700] "GET /blog/favicon.ico HTTP/1.1" 404 3016 "-" "Mozilla/5.0 (Windows NT 5.1; rv:11.0) Gecko/20100101 Firefox/11.0"
85.17.88.169 - - [15/Apr/2012:09:21:59 -0700] "POST /blog/wp-cron.php?doing_wp_cron=1334506557 HTTP/1.0" 499 0 "-" "WordPress/3.3.1; http://yuvi.in/blog"
117.198.160.245 - - [15/Apr/2012:09:22:00 -0700] "GET /blog/infosys-tcs-or-wipro-none/ HTTP/1.1" 200 7089 "http://in.search.yahoo.com/search;_ylt=AgmYRYvCPwMns5VD7fZeetuuitIF;_ylc=X1MDOTc2ODQxNDIEX3IDMgRmcgN5ZnAtdC03MDQEbl9ncHMDMARvcmlnaW4DaW4ueWFob28uY29tBHF1ZXJ5A2luZm9zeXMsdGNzLHdpcHJvIGFyZSBnb29kIGZvciBjb21wdWVyIGVuZ2luZWVycz8Ec2FvAzE-?p=infosys%2Ctcs%2Cwipro+are+good+for+compuer+engineers%3F&toggle=1&cop=mss&ei=UTF-8&fr=yfp-t-704" "Mozilla/5.0 (Windows NT 5.1) AppleWebKit/535.19 (KHTML, like Gecko) Chrome/18.0.1025.162 Safari/535.19"
117.198.160.245 - - [15/Apr/2012:09:22:01 -0700] "GET /blog/wp-content/themes/cleanr/style.css HTTP/1.1" 200 10508 "http://yuvi.in/blog/infosys-tcs-or-wipro-none/" "Mozilla/5.0 (Windows NT 5.1) AppleWebKit/535.19 (KHTML, like Gecko) Chrome/18.0.1025.162 Safari/535.19"
117.198.160.245 - - [15/Apr/2012:09:22:01 -0700] "GET /blog/wp-content/themes/cleanr/js/jquery.dropdown.js?ver=3.3.1 HTTP/1.1" 200 535 "http://yuvi.in/blog/infosys-tcs-or-wipro-none/" "Mozilla/5.0 (Windows NT 5.1) AppleWebKit/535.19 (KHTML, like Gecko) Chrome/18.0.1025.162 Safari/535.19"
117.198.160.245 - - [15/Apr/2012:09:22:02 -0700] "GET /blog/wp-content/themes/cleanr/css/reset.css HTTP/1.1" 200 648 "http://yuvi.in/blog/infosys-tcs-or-wipro-none/" "Mozilla/5.0 (Windows NT 5.1) AppleWebKit/535.19 (KHTML, like Gecko) Chrome/18.0.1025.162 Safari/535.19"
117.198.160.245 - - [15/Apr/2012:09:22:02 -0700] "GET /blog/wp-content/themes/cleanr/css/960.css HTTP/1.1" 200 3628 "http://yuvi.in/blog/infosys-tcs-or-wipro-none/" "Mozilla/5.0 (Windows NT 5.1) AppleWebKit/535.19 (KHTML, like Gecko) Chrome/18.0.1025.162 Safari/535.19"
117.198.160.245 - - [15/Apr/2012:09:22:02 -0700] "GET /blog/wp-content/themes/cleanr/css/text.css HTTP/1.1" 200 420 "http://yuvi.in/blog/infosys-tcs-or-wipro-none/" "Mozilla/5.0 (Windows NT 5.1) AppleWebKit/535.19 (KHTML, like Gecko) Chrome/18.0.1025.162 Safari/535.19"
117.198.160.245 - - [15/Apr/2012:09:22:02 -0700] "GET /blog/wp-includes/js/jquery/jquery.js?ver=1.7.1 HTTP/1.1" 200 93889 "http://yuvi.in/blog/infosys-tcs-or-wipro-none/" "Mozilla/5.0 (Windows NT 5.1) AppleWebKit/535.19 (KHTML, like Gecko) Chrome/18.0.1025.162 Safari/535.19"
117.198.160.245 - - [15/Apr/2012:09:22:04 -0700] "GET /blog/wp-content/themes/cleanr/images/search_magnifier.gif HTTP/1.1" 200 394 "http://yuvi.in/blog/infosys-tcs-or-wipro-none/" "Mozilla/5.0 (Windows NT 5.1) AppleWebKit/535.19 (KHTML, like Gecko) Chrome/18.0.1025.162 Safari/535.19"
117.198.160.245 - - [15/Apr/2012:09:22:05 -0700] "GET /favicon.ico HTTP/1.1" 404 199 "-" "Mozilla/5.0 (Windows NT 5.1) AppleWebKit/535.19 (KHTML, like Gecko) Chrome/18.0.1025.162 Safari/535.19"
117.198.160.245 - - [15/Apr/2012:09:22:07 -0700] "GET /favicon.ico HTTP/1.1" 404 199 "-" "Mozilla/5.0 (Windows NT 5.1) AppleWebKit/535.19 (KHTML, like Gecko) Chrome/18.0.1025.162 Safari/535.19"
117.198.160.245 - - [15/Apr/2012:09:22:07 -0700] "GET /favicon.ico HTTP/1.1" 404 199 "-" "Mozilla/5.0 (Windows NT 5.1) AppleWebKit/535.19 (KHTML, like Gecko) Chrome/18.0.1025.162 Safari/535.19"
117.198.160.245 - - [15/Apr/2012:09:22:08 -0700] "GET /favicon.ico HTTP/1.1" 404 199 "-" "Mozilla/5.0 (Windows NT 5.1) AppleWebKit/535.19 (KHTML, like Gecko) Chrome/18.0.1025.162 Safari/535.19"
117.198.160.245 - - [15/Apr/2012:09:22:08 -0700] "GET /favicon.ico HTTP/1.1" 404 199 "-" "Mozilla/5.0 (Windows NT 5.1) AppleWebKit/535.19 (KHTML, like Gecko) Chrome/18.0.1025.162 Safari/535.19"
85.17.88.169 - - [15/Apr/2012:09:22:10 -0700] "POST /blog/wp-cron.php?doing_wp_cron=1334506567 HTTP/1.0" 499 0 "-" "WordPress/3.3.1; http://yuvi.in/blog"
117.198.160.245 - - [15/Apr/2012:09:22:10 -0700] "GET /blog/infosys-tcs-or-wipro-none/?cf_action=sync_comments&post_id=124 HTTP/1.1" 200 48 "http://yuvi.in/blog/infosys-tcs-or-wipro-none/" "Mozilla/5.0 (Windows NT 5.1) AppleWebKit/535.19 (KHTML, like Gecko) Chrome/18.0.1025.162 Safari/535.19"
208.115.111.69 - - [15/Apr/2012:09:22:28 -0700] "GET /robots.txt HTTP/1.1" 404 238 "-" "Mozilla/5.0 (compatible; Ezooms/1.0; ezooms.bot@gmail.com)"
117.193.104.159 - - [15/Apr/2012:09:23:25 -0700] "-" 400 0 "-" "-"
85.17.88.169 - - [15/Apr/2012:09:24:48 -0700] "POST /blog/wp-cron.php?doing_wp_cron=1334506726 HTTP/1.0" 499 0 "-" "WordPress/3.3.1; http://yuvi.in/blog"
209.85.224.94 - - [15/Apr/2012:09:24:49 -0700] "GET /blog/feed HTTP/1.1" 304 0 "-" "FeedBurner/1.0 (http://www.FeedBurner.com)"
100.43.83.144 - - [15/Apr/2012:09:25:26 -0700] "GET /robots.txt HTTP/1.1" 404 238 "-" "Mozilla/5.0 (compatible; YandexBot/3.0; +http://yandex.com/bots)"
100.43.83.144 - - [15/Apr/2012:09:25:28 -0700] "GET /r/1z64 HTTP/1.1" 301 257 "-" "Mozilla/5.0 (compatible; YandexBot/3.0; +http://yandex.com/bots)"
85.17.88.169 - - [15/Apr/2012:09:25:29 -0700] "POST /blog/wp-cron.php?doing_wp_cron=1334506766 HTTP/1.0" 499 0 "-" "WordPress/3.3.1; http://yuvi.in/blog"
100.43.83.144 - - [15/Apr/2012:09:25:29 -0700] "GET /blog/attraction-or-admiration/ HTTP/1.1" 200 4396 "-" "Mozilla/5.0 (compatible; YandexBot/3.0; +http://yandex.com/bots)"
141.0.8.82 - - [15/Apr/2012:09:27:58 -0700] "-" 400 0 "-" "-"
69.171.228.250 - - [15/Apr/2012:09:28:06 -0700] "GET /r/3g7 HTTP/1.1" 301 255 "-" "facebookexternalhit/1.1 (+http://www.facebook.com/externalhit_uatext.php)"
69.171.228.244 - - [15/Apr/2012:09:28:06 -0700] "GET /s/ta/3g7/ HTTP/1.1" 302 465 "-" "facebookexternalhit/1.1 (+http://www.facebook.com/externalhit_uatext.php)"
66.249.73.90 - - [15/Apr/2012:09:28:41 -0700] "GET /chennai/stage/2770/ HTTP/1.1" 404 142 "-" "Mozilla/5.0 (compatible; Googlebot/2.1; +http://www.google.com/bot.html)"
119.63.196.118 - - [15/Apr/2012:09:29:21 -0700] "GET / HTTP/1.1" 404 238 "-" "Mozilla/5.0 (compatible; Baiduspider/2.0; +http://www.baidu.com/search/spider.html)"
141.0.8.82 - - [15/Apr/2012:09:29:42 -0700] "-" 400 0 "-" "-"
117.193.39.151 - - [15/Apr/2012:09:30:18 -0700] "-" 400 0 "-" "-"
117.193.39.151 - - [15/Apr/2012:09:30:18 -0700] "-" 400 0 "-" "-"
117.193.39.151 - - [15/Apr/2012:09:30:18 -0700] "-" 400 0 "-" "-"
117.193.39.151 - - [15/Apr/2012:09:30:18 -0700] "-" 400 0 "-" "-"
180.76.5.54 - - [15/Apr/2012:09:31:04 -0700] "GET / HTTP/1.1" 200 3439 "-" "Mozilla/5.0 (compatible; Baiduspider/2.0; +http://www.baidu.com/search/spider.html)"
117.206.64.104 - - [15/Apr/2012:09:31:28 -0700] "GET /r/14b1 HTTP/1.1" 301 257 "http://ta.wikipedia.org/wiki/%E0%AE%AA%E0%AE%95%E0%AF%81%E0%AE%AA%E0%AF%8D%E0%AE%AA%E0%AF%81:%E0%AE%AA%E0%AE%BE%E0%AE%B2%E0%AE%BF%E0%AE%AF%E0%AE%B2%E0%AF%81%E0%AE%AE%E0%AF%8D_%E0%AE%9A%E0%AE%AE%E0%AF%82%E0%AE%95%E0%AE%AE%E0%AF%81%E0%AE%AE%E0%AF%8D" "Mozilla/5.0 (Windows NT 5.1) AppleWebKit/535.19 (KHTML, like Gecko) Chrome/18.0.1025.162 Safari/535.19"
117.206.64.104 - - [15/Apr/2012:09:31:29 -0700] "GET /s/ta/14b1/ HTTP/1.1" 302 559 "http://ta.wikipedia.org/wiki/%E0%AE%AA%E0%AE%95%E0%AF%81%E0%AE%AA%E0%AF%8D%E0%AE%AA%E0%AF%81:%E0%AE%AA%E0%AE%BE%E0%AE%B2%E0%AE%BF%E0%AE%AF%E0%AE%B2%E0%AF%81%E0%AE%AE%E0%AF%8D_%E0%AE%9A%E0%AE%AE%E0%AF%82%E0%AE%95%E0%AE%AE%E0%AF%81%E0%AE%AE%E0%AF%8D" "Mozilla/5.0 (Windows NT 5.1) AppleWebKit/535.19 (KHTML, like Gecko) Chrome/18.0.1025.162 Safari/535.19"
117.206.64.104 - - [15/Apr/2012:09:31:47 -0700] "-" 400 0 "-" "-"
85.17.88.169 - - [15/Apr/2012:09:34:22 -0700] "POST /blog/wp-cron.php?doing_wp_cron=1334507299 HTTP/1.0" 499 0 "-" "WordPress/3.3.1; http://yuvi.in/blog"
208.80.194.36 - - [15/Apr/2012:09:34:25 -0700] "GET /blog/story-average-indian-techie/ HTTP/1.0" 200 54292 "-" "Mozilla/4.0 (compatible; MSIE 6.0; Windows NT 5.0; NN5.1.2.1; .NET CLR 1.1.4322)"
209.85.224.83 - - [15/Apr/2012:09:34:46 -0700] "GET /stories/feed HTTP/1.1" 200 13653 "-" "FeedBurner/1.0 (http://www.FeedBurner.com)"
207.46.193.36 - - [15/Apr/2012:09:37:45 -0700] "-" 400 0 "-" "-"
207.46.193.36 - - [15/Apr/2012:09:37:45 -0700] "-" 400 0 "-" "-"
207.46.193.36 - - [15/Apr/2012:09:37:45 -0700] "-" 400 0 "-" "-"
207.46.193.36 - - [15/Apr/2012:09:37:45 -0700] "-" 400 0 "-" "-"
207.46.193.36 - - [15/Apr/2012:09:37:46 -0700] "-" 400 0 "-" "-"
207.46.193.36 - - [15/Apr/2012:09:37:47 -0700] "-" 400 0 "-" "-"
207.46.193.36 - - [15/Apr/2012:09:37:47 -0700] "-" 400 0 "-" "-"
207.46.193.36 - - [15/Apr/2012:09:37:47 -0700] "-" 400 0 "-" "-"
207.46.193.36 - - [15/Apr/2012:09:37:47 -0700] "-" 400 0 "-" "-"
207.46.193.36 - - [15/Apr/2012:09:37:48 -0700] "-" 400 0 "-" "-"
207.46.193.36 - - [15/Apr/2012:09:38:38 -0700] "-" 400 0 "-" "-"
85.17.88.169 - - [15/Apr/2012:09:40:23 -0700] "POST /blog/wp-cron.php?doing_wp_cron=1334507660 HTTP/1.0" 499 0 "-" "WordPress/3.3.1; http://yuvi.in/blog"
85.17.88.169 - - [15/Apr/2012:09:40:26 -0700] "POST /blog/wp-cron.php?doing_wp_cron=1334507663 HTTP/1.0" 499 0 "-" "WordPress/3.3.1; http://yuvi.in/blog"
117.193.165.168 - - [15/Apr/2012:09:43:18 -0700] "-" 400 0 "-" "-"
208.115.111.69 - - [15/Apr/2012:09:43:27 -0700] "GET /r/3a2 HTTP/1.1" 301 255 "-" "Mozilla/5.0 (compatible; Ezooms/1.0; ezooms.bot@gmail.com)"
69.171.229.248 - - [15/Apr/2012:09:45:16 -0700] "GET /r/c0m HTTP/1.1" 301 255 "-" "facebookexternalhit/1.1 (+http://www.facebook.com/externalhit_uatext.php)"
69.171.229.248 - - [15/Apr/2012:09:45:16 -0700] "GET /s/ta/c0m/ HTTP/1.1" 302 549 "-" "facebookexternalhit/1.1 (+http://www.facebook.com/externalhit_uatext.php)"
85.17.88.169 - - [15/Apr/2012:09:47:03 -0700] "POST /blog/wp-cron.php?doing_wp_cron=1334508061 HTTP/1.0" 499 0 "-" "WordPress/3.3.1; http://yuvi.in/blog"
77.20.154.156 - - [15/Apr/2012:09:47:06 -0700] "GET /blog/category/personal/ HTTP/1.1" 200 46148 "-" "findlinks/2.0.2 (+http://wortschatz.uni-leipzig.de/findlinks/)"
66.220.149.251 - - [15/Apr/2012:09:47:09 -0700] "GET /r/4i9 HTTP/1.1" 301 255 "-" "facebookexternalhit/1.1 (+http://www.facebook.com/externalhit_uatext.php)"
66.220.149.248 - - [15/Apr/2012:09:47:09 -0700] "GET /s/ta/4i9/ HTTP/1.1" 302 421 "-" "facebookexternalhit/1.1 (+http://www.facebook.com/externalhit_uatext.php)"
180.76.5.94 - - [15/Apr/2012:09:47:24 -0700] "GET / HTTP/1.1" 304 0 "-" "Mozilla/5.0 (compatible; Baiduspider/2.0; +http://www.baidu.com/search/spider.html)"
117.193.169.165 - - [15/Apr/2012:09:48:37 -0700] "-" 400 0 "-" "-"
117.193.169.165 - - [15/Apr/2012:09:49:07 -0700] "-" 400 0 "-" "-"
207.46.204.218 - - [15/Apr/2012:09:49:23 -0700] "-" 400 0 "-" "-"
207.46.204.218 - - [15/Apr/2012:09:49:24 -0700] "-" 400 0 "-" "-"
207.46.204.218 - - [15/Apr/2012:09:49:25 -0700] "-" 400 0 "-" "-"
207.46.204.218 - - [15/Apr/2012:09:49:25 -0700] "-" 400 0 "-" "-"
207.46.204.218 - - [15/Apr/2012:09:49:26 -0700] "-" 400 0 "-" "-"
207.46.204.218 - - [15/Apr/2012:09:49:27 -0700] "-" 400 0 "-" "-"
207.46.204.218 - - [15/Apr/2012:09:49:27 -0700] "-" 400 0 "-" "-"
207.46.204.218 - - [15/Apr/2012:09:49:27 -0700] "-" 400 0 "-" "-"
207.46.204.218 - - [15/Apr/2012:09:49:33 -0700] "-" 400 0 "-" "-"
207.46.204.218 - - [15/Apr/2012:09:49:33 -0700] "-" 400 0 "-" "-"
207.46.204.218 - - [15/Apr/2012:09:49:33 -0700] "-" 400 0 "-" "-"
69.171.229.248 - - [15/Apr/2012:09:49:38 -0700] "GET /r/3g7 HTTP/1.1" 301 255 "-" "facebookexternalhit/1.1 (+http://www.facebook.com/externalhit_uatext.php)"
69.171.229.249 - - [15/Apr/2012:09:49:38 -0700] "GET /s/ta/3g7/ HTTP/1.1" 302 465 "-" "facebookexternalhit/1.1 (+http://www.facebook.com/externalhit_uatext.php)"
117.193.169.165 - - [15/Apr/2012:09:49:57 -0700] "-" 400 0 "-" "-"
117.193.169.165 - - [15/Apr/2012:09:49:57 -0700] "-" 400 0 "-" "-"
117.193.169.165 - - [15/Apr/2012:09:49:57 -0700] "-" 400 0 "-" "-"
117.193.169.165 - - [15/Apr/2012:09:49:57 -0700] "-" 400 0 "-" "-"
117.193.169.165 - - [15/Apr/2012:09:49:57 -0700] "-" 400 0 "-" "-"
207.46.199.22 - - [15/Apr/2012:09:50:35 -0700] "-" 400 0 "-" "-"
207.46.199.22 - - [15/Apr/2012:09:50:35 -0700] "-" 400 0 "-" "-"
207.46.199.22 - - [15/Apr/2012:09:50:36 -0700] "-" 400 0 "-" "-"
207.46.199.22 - - [15/Apr/2012:09:50:38 -0700] "-" 400 0 "-" "-"
207.46.199.22 - - [15/Apr/2012:09:50:39 -0700] "-" 400 0 "-" "-"
207.46.199.22 - - [15/Apr/2012:09:50:39 -0700] "-" 400 0 "-" "-"
207.46.199.22 - - [15/Apr/2012:09:50:39 -0700] "-" 400 0 "-" "-"
207.46.199.22 - - [15/Apr/2012:09:50:41 -0700] "-" 400 0 "-" "-"
207.46.199.22 - - [15/Apr/2012:09:50:42 -0700] "-" 400 0 "-" "-"
207.46.199.22 - - [15/Apr/2012:09:50:42 -0700] "-" 400 0 "-" "-"
207.46.199.22 - - [15/Apr/2012:09:50:42 -0700] "-" 400 0 "-" "-"
207.46.199.22 - - [15/Apr/2012:09:50:42 -0700] "-" 400 0 "-" "-"
125.63.109.196 - - [15/Apr/2012:09:50:44 -0700] "GET /AssessmentBar/r/Unassessed_India_articles/ HTTP/1.1" 302 403 "http://en.wikipedia.org/wiki/Raita" "Mozilla/5.0 (Macintosh; Intel Mac OS X 10.7; rv:11.0) Gecko/20100101 Firefox/11.0"
125.63.109.196 - - [15/Apr/2012:09:50:49 -0700] "-" 400 0 "-" "-"
208.80.194.36 - - [15/Apr/2012:09:50:56 -0700] "GET /blog/story-average-indian-techie/ HTTP/1.0" 200 54312 "-" "Mozilla/4.0 (compatible; MSIE 7.0; Windows NT 5.1; .NET CLR 2.0.50727; .NET CLR 3.0.04506.30; .NET CLR 1.1.4322; InfoPath.1)"
85.17.88.169 - - [15/Apr/2012:09:51:19 -0700] "POST /blog/wp-cron.php?doing_wp_cron=1334508316 HTTP/1.0" 499 0 "-" "WordPress/3.3.1; http://yuvi.in/blog"
180.76.5.161 - - [15/Apr/2012:09:51:20 -0700] "GET /blog/2010/09/ HTTP/1.1" 200 6900 "-" "Mozilla/5.0 (compatible; Baiduspider/2.0; +http://www.baidu.com/search/spider.html)"
117.193.169.165 - - [15/Apr/2012:09:51:27 -0700] "-" 400 0 "-" "-"
117.193.169.165 - - [15/Apr/2012:09:51:27 -0700] "-" 400 0 "-" "-"
117.193.169.165 - - [15/Apr/2012:09:51:27 -0700] "-" 400 0 "-" "-"
117.193.169.165 - - [15/Apr/2012:09:51:27 -0700] "-" 400 0 "-" "-"
85.17.88.169 - - [15/Apr/2012:09:51:55 -0700] "POST /blog/wp-cron.php?doing_wp_cron=1334508352 HTTP/1.0" 499 0 "-" "WordPress/3.3.1; http://yuvi.in/blog"
100.43.83.144 - - [15/Apr/2012:09:51:55 -0700] "GET /blog/temptations/ HTTP/1.1" 200 4767 "-" "Mozilla/5.0 (compatible; YandexBot/3.0; +http://yandex.com/bots)"
117.193.169.165 - - [15/Apr/2012:09:51:57 -0700] "-" 400 0 "-" "-"
117.193.169.165 - - [15/Apr/2012:09:51:57 -0700] "-" 400 0 "-" "-"
117.193.169.165 - - [15/Apr/2012:09:51:57 -0700] "-" 400 0 "-" "-"
117.193.169.165 - - [15/Apr/2012:09:51:57 -0700] "-" 400 0 "-" "-"
117.193.169.165 - - [15/Apr/2012:09:51:57 -0700] "-" 400 0 "-" "-"
117.193.169.165 - - [15/Apr/2012:09:52:17 -0700] "-" 400 0 "-" "-"
117.193.169.165 - - [15/Apr/2012:09:52:57 -0700] "-" 400 0 "-" "-"
117.193.169.165 - - [15/Apr/2012:09:52:57 -0700] "-" 400 0 "-" "-"
117.193.169.165 - - [15/Apr/2012:09:52:57 -0700] "-" 400 0 "-" "-"
117.193.169.165 - - [15/Apr/2012:09:52:57 -0700] "-" 400 0 "-" "-"
207.46.204.166 - - [15/Apr/2012:09:53:28 -0700] "-" 400 0 "-" "-"
207.46.204.166 - - [15/Apr/2012:09:53:28 -0700] "-" 400 0 "-" "-"
207.46.204.166 - - [15/Apr/2012:09:53:28 -0700] "-" 400 0 "-" "-"
207.46.204.166 - - [15/Apr/2012:09:53:29 -0700] "-" 400 0 "-" "-"
207.46.204.166 - - [15/Apr/2012:09:53:29 -0700] "-" 400 0 "-" "-"
207.46.204.166 - - [15/Apr/2012:09:53:29 -0700] "-" 400 0 "-" "-"
207.46.204.166 - - [15/Apr/2012:09:53:29 -0700] "-" 400 0 "-" "-"
207.46.204.166 - - [15/Apr/2012:09:53:29 -0700] "-" 400 0 "-" "-"
207.46.204.166 - - [15/Apr/2012:09:53:29 -0700] "-" 400 0 "-" "-"
207.46.204.166 - - [15/Apr/2012:09:53:29 -0700] "-" 400 0 "-" "-"
207.46.204.166 - - [15/Apr/2012:09:53:29 -0700] "-" 400 0 "-" "-"
207.46.204.166 - - [15/Apr/2012:09:53:29 -0700] "-" 400 0 "-" "-"
207.46.204.166 - - [15/Apr/2012:09:54:28 -0700] "-" 400 0 "-" "-"
122.164.235.200 - - [15/Apr/2012:09:54:49 -0700] "GET /r/2vd1 HTTP/1.1" 301 257 "http://ta.wikipedia.org/wiki/%E0%AE%A4%E0%AE%AE%E0%AE%BF%E0%AE%B4%E0%AF%8D" "Mozilla/5.0 (Windows NT 6.1; rv:12.0) Gecko/20100101 Firefox/12.0"
122.164.235.200 - - [15/Apr/2012:09:54:50 -0700] "GET /s/ta/2vd1/ HTTP/1.1" 302 325 "http://ta.wikipedia.org/wiki/%E0%AE%A4%E0%AE%AE%E0%AE%BF%E0%AE%B4%E0%AF%8D" "Mozilla/5.0 (Windows NT 6.1; rv:12.0) Gecko/20100101 Firefox/12.0"
85.17.88.169 - - [15/Apr/2012:09:54:55 -0700] "POST /blog/wp-cron.php?doing_wp_cron=1334508532 HTTP/1.0" 499 0 "-" "WordPress/3.3.1; http://yuvi.in/blog"
122.164.235.200 - - [15/Apr/2012:09:54:55 -0700] "-" 400 0 "-" "-"
209.85.224.80 - - [15/Apr/2012:09:54:55 -0700] "GET /blog/feed HTTP/1.1" 304 0 "-" "FeedBurner/1.0 (http://www.FeedBurner.com)"
85.17.88.169 - - [15/Apr/2012:09:56:15 -0700] "POST /blog/wp-cron.php?doing_wp_cron=1334508613 HTTP/1.0" 499 0 "-" "WordPress/3.3.1; http://yuvi.in/blog"
209.85.238.182 - - [15/Apr/2012:09:56:16 -0700] "GET /blog/feed/ HTTP/1.1" 304 0 "-" "Feedfetcher-Google; (+http://www.google.com/feedfetcher.html; 19 subscribers; feed-id=15064232456473204253)"
46.165.197.141 - - [15/Apr/2012:09:57:10 -0700] "GET /robots.txt HTTP/1.0" 404 169 "-" "Mozilla/5.0 (compatible; MJ12bot/v1.4.2; http://www.majestic12.co.uk/bot.php?+)"
46.165.197.141 - - [15/Apr/2012:09:57:12 -0700] "GET /blog/blogging-from-under-the-table-during-class.html HTTP/1.0" 200 6290 "-" "Mozilla/5.0 (compatible; MJ12bot/v1.4.2; http://www.majestic12.co.uk/bot.php?+)"
125.63.109.196 - - [15/Apr/2012:09:57:13 -0700] "GET /AssessmentBar/r/Unassessed_India_articles/ HTTP/1.1" 302 273 "http://en.wikipedia.org/wiki/Rivalry_and_Tribute:_Society_and_Ritual_in_a_Telugu_village_in_South_India" "Mozilla/5.0 (Macintosh; Intel Mac OS X 10.7; rv:11.0) Gecko/20100101 Firefox/11.0"
125.63.109.196 - - [15/Apr/2012:09:57:19 -0700] "-" 400 0 "-" "-"
85.17.88.169 - - [15/Apr/2012:09:57:23 -0700] "POST /blog/wp-cron.php?doing_wp_cron=1334508680 HTTP/1.0" 499 0 "-" "WordPress/3.3.1; http://yuvi.in/blog"
85.17.88.169 - - [15/Apr/2012:09:57:34 -0700] "POST /blog/wp-cron.php?doing_wp_cron=1334508691 HTTP/1.0" 499 0 "-" "WordPress/3.3.1; http://yuvi.in/blog"
85.17.88.169 - - [15/Apr/2012:10:02:12 -0700] "POST /blog/wp-cron.php?doing_wp_cron=1334508969 HTTP/1.0" 499 0 "-" "WordPress/3.3.1; http://yuvi.in/blog"
119.63.196.30 - - [15/Apr/2012:10:02:12 -0700] "GET /blog/my-vim-setup/ HTTP/1.1" 200 7100 "-" "Mozilla/5.0 (compatible; Baiduspider/2.0; +http://www.baidu.com/search/spider.html)"
125.63.109.196 - - [15/Apr/2012:10:04:28 -0700] "GET /AssessmentBar/r/Unassessed_India_articles/ HTTP/1.1" 302 349 "http://en.wikipedia.org/wiki/Budharaja" "Mozilla/5.0 (Macintosh; Intel Mac OS X 10.7; rv:11.0) Gecko/20100101 Firefox/11.0"
125.63.109.196 - - [15/Apr/2012:10:04:33 -0700] "-" 400 0 "-" "-"
117.193.138.173 - - [15/Apr/2012:10:07:46 -0700] "-" 400 0 "-" "-"
157.55.112.204 - - [15/Apr/2012:10:07:57 -0700] "-" 400 0 "-" "-"
157.55.112.204 - - [15/Apr/2012:10:07:57 -0700] "-" 400 0 "-" "-"
157.55.112.204 - - [15/Apr/2012:10:07:57 -0700] "-" 400 0 "-" "-"
157.55.112.204 - - [15/Apr/2012:10:08:06 -0700] "-" 400 0 "-" "-"
157.55.112.204 - - [15/Apr/2012:10:08:07 -0700] "-" 400 0 "-" "-"
157.55.112.204 - - [15/Apr/2012:10:08:07 -0700] "-" 400 0 "-" "-"
157.55.112.204 - - [15/Apr/2012:10:08:07 -0700] "-" 400 0 "-" "-"
157.55.112.204 - - [15/Apr/2012:10:08:09 -0700] "-" 400 0 "-" "-"
157.55.112.204 - - [15/Apr/2012:10:08:09 -0700] "-" 400 0 "-" "-"
157.55.112.204 - - [15/Apr/2012:10:08:10 -0700] "-" 400 0 "-" "-"
157.55.112.204 - - [15/Apr/2012:10:08:10 -0700] "-" 400 0 "-" "-"
157.55.112.204 - - [15/Apr/2012:10:08:11 -0700] "-" 400 0 "-" "-"
157.55.112.204 - - [15/Apr/2012:10:08:56 -0700] "-" 400 0 "-" "-"
125.63.109.196 - - [15/Apr/2012:10:09:12 -0700] "GET /AssessmentBar/r/Unassessed_India_articles/ HTTP/1.1" 302 283 "http://en.wikipedia.org/wiki/Project_of_History_of_Indian_Science,_Philosophy_and_Culture" "Mozilla/5.0 (Macintosh; Intel Mac OS X 10.7; rv:11.0) Gecko/20100101 Firefox/11.0"
125.63.109.196 - - [15/Apr/2012:10:09:17 -0700] "-" 400 0 "-" "-"
65.49.14.75 - - [15/Apr/2012:10:10:48 -0700] "GET /favicon.ico HTTP/1.0" 404 169 "http://prashanth-kamle.blogspot.com/2008/08/life-at-iit-bombay.html" "Mozilla/5.0 (Windows NT 6.1; rv:9.0) Gecko/20100101 Firefox/9.0"
223.187.112.246 - - [15/Apr/2012:10:10:56 -0700] "-" 400 0 "-" "-"
59.92.67.5 - - [15/Apr/2012:10:11:27 -0700] "-" 400 0 "-" "-"
59.92.67.5 - - [15/Apr/2012:10:11:27 -0700] "-" 400 0 "-" "-"
59.92.67.5 - - [15/Apr/2012:10:11:27 -0700] "-" 400 0 "-" "-"
59.92.67.5 - - [15/Apr/2012:10:11:27 -0700] "-" 400 0 "-" "-"
59.92.67.5 - - [15/Apr/2012:10:11:27 -0700] "-" 400 0 "-" "-"
117.193.138.173 - - [15/Apr/2012:10:12:06 -0700] "-" 400 0 "-" "-"
125.63.109.196 - - [15/Apr/2012:10:12:27 -0700] "GET /AssessmentBar/r/Unassessed_India_articles/ HTTP/1.1" 302 289 "http://en.wikipedia.org/wiki/Inathukanpatti" "Mozilla/5.0 (Macintosh; Intel Mac OS X 10.7; rv:11.0) Gecko/20100101 Firefox/11.0"
125.63.109.196 - - [15/Apr/2012:10:12:33 -0700] "-" 400 0 "-" "-"
59.163.27.11 - - [15/Apr/2012:10:14:42 -0700] "GET /AssessmentBar/r/Unassessed_India_articles/ HTTP/1.1" 302 299 "http://en.wikipedia.org/wiki/Gohana" "Mozilla/5.0 (Windows NT 5.1) AppleWebKit/535.11 (KHTML, like Gecko) Chrome/17.0.963.83 Safari/535.11"
59.163.27.11 - - [15/Apr/2012:10:15:09 -0700] "GET /AssessmentBar/r/Unassessed_India_articles/ HTTP/1.1" 302 275 "http://en.wikipedia.org/wiki/Kalastavadi_Puttaswamy" "Mozilla/5.0 (Windows NT 5.1) AppleWebKit/535.11 (KHTML, like Gecko) Chrome/17.0.963.83 Safari/535.11"
59.163.27.11 - - [15/Apr/2012:10:15:35 -0700] "GET /AssessmentBar/r/Unassessed_India_articles/ HTTP/1.1" 302 281 "http://en.wikipedia.org/wiki/Kanakatara" "Mozilla/5.0 (Windows NT 5.1) AppleWebKit/535.11 (KHTML, like Gecko) Chrome/17.0.963.83 Safari/535.11"
101.2.181.108 - - [15/Apr/2012:10:15:41 -0700] "GET /r/4d6 HTTP/1.1" 301 255 "http://ta.wikipedia.org/wiki/%E0%AE%A4%E0%AF%8A%E0%AE%B4%E0%AE%BF%E0%AE%B2%E0%AF%8D_%E0%AE%AE%E0%AF%81%E0%AE%A9%E0%AF%88%E0%AE%B5%E0%AF%81" "Mozilla/4.0 (compatible; MSIE 6.0; Windows NT 5.1; SV1)"
101.2.181.108 - - [15/Apr/2012:10:15:42 -0700] "GET /s/ta/4d6/ HTTP/1.1" 302 413 "http://ta.wikipedia.org/wiki/%E0%AE%A4%E0%AF%8A%E0%AE%B4%E0%AE%BF%E0%AE%B2%E0%AF%8D_%E0%AE%AE%E0%AF%81%E0%AE%A9%E0%AF%88%E0%AE%B5%E0%AF%81" "Mozilla/4.0 (compatible; MSIE 6.0; Windows NT 5.1; SV1)"
100.43.83.144 - - [15/Apr/2012:10:15:45 -0700] "GET /blog/gsoc-2010-the-beginning.html HTTP/1.1" 200 2758 "-" "Mozilla/5.0 (compatible; YandexBot/3.0; +http://yandex.com/bots)"
100.43.83.144 - - [15/Apr/2012:10:15:47 -0700] "GET /r/1z5n HTTP/1.1" 301 257 "-" "Mozilla/5.0 (compatible; YandexBot/3.0; +http://yandex.com/bots)"
59.163.27.11 - - [15/Apr/2012:10:15:59 -0700] "GET /AssessmentBar/r/Unassessed_India_articles/ HTTP/1.1" 302 323 "http://en.wikipedia.org/wiki/Ratha_Kanneer" "Mozilla/5.0 (Windows NT 5.1) AppleWebKit/535.11 (KHTML, like Gecko) Chrome/17.0.963.83 Safari/535.11"
85.17.88.169 - - [15/Apr/2012:10:16:02 -0700] "POST /blog/wp-cron.php?doing_wp_cron=1334509799 HTTP/1.0" 499 0 "-" "WordPress/3.3.1; http://yuvi.in/blog"
177.81.162.200 - - [15/Apr/2012:10:16:03 -0700] "GET /blog/ HTTP/1.1" 200 33071 "-" "Mozilla/5.0 (compatible; Googlebot/2.1; +http://www.google.com/bot.html)"
59.163.27.11 - - [15/Apr/2012:10:16:06 -0700] "GET /AssessmentBar/r/Unassessed_India_articles/ HTTP/1.1" 302 287 "http://en.wikipedia.org/wiki/Vijay_Award_for_Best_Choreographer" "Mozilla/5.0 (Windows NT 5.1) AppleWebKit/535.11 (KHTML, like Gecko) Chrome/17.0.963.83 Safari/535.11"
59.163.27.11 - - [15/Apr/2012:10:16:12 -0700] "GET /AssessmentBar/r/Unassessed_India_articles/ HTTP/1.1" 302 287 "http://en.wikipedia.org/wiki/Manchi_Manushulu" "Mozilla/5.0 (Windows NT 5.1) AppleWebKit/535.11 (KHTML, like Gecko) Chrome/17.0.963.83 Safari/535.11"
59.163.27.11 - - [15/Apr/2012:10:16:32 -0700] "GET /AssessmentBar/r/Unassessed_India_articles/ HTTP/1.1" 302 293 "http://en.wikipedia.org/wiki/Bahishti_Maqbara" "Mozilla/5.0 (Windows NT 5.1) AppleWebKit/535.11 (KHTML, like Gecko) Chrome/17.0.963.83 Safari/535.11"
59.163.27.11 - - [15/Apr/2012:10:16:51 -0700] "GET /AssessmentBar/r/Unassessed_India_articles/ HTTP/1.1" 302 287 "http://en.wikipedia.org/wiki/Suseela_Prabhakaran" "Mozilla/5.0 (Windows NT 5.1) AppleWebKit/535.11 (KHTML, like Gecko) Chrome/17.0.963.83 Safari/535.11"
59.163.27.11 - - [15/Apr/2012:10:17:12 -0700] "GET /AssessmentBar/r/Unassessed_India_articles/ HTTP/1.1" 302 321 "http://en.wikipedia.org/wiki/Nairanjana_Ghosh" "Mozilla/5.0 (Windows NT 5.1) AppleWebKit/535.11 (KHTML, like Gecko) Chrome/17.0.963.83 Safari/535.11"
117.202.89.120 - - [15/Apr/2012:10:17:22 -0700] "-" 400 0 "-" "-"
85.17.88.169 - - [15/Apr/2012:10:17:45 -0700] "POST /blog/wp-cron.php?doing_wp_cron=1334509902 HTTP/1.0" 499 0 "-" "WordPress/3.3.1; http://yuvi.in/blog"
94.228.34.248 - - [15/Apr/2012:10:17:46 -0700] "GET /blog/ HTTP/1.1" 200 10128 "-" "magpie-crawler/1.1 (U; Linux amd64; en-GB; +http://www.brandwatch.net)"
117.202.89.120 - - [15/Apr/2012:10:18:22 -0700] "-" 400 0 "-" "-"
59.163.27.11 - - [15/Apr/2012:10:18:46 -0700] "GET /AssessmentBar/r/Unassessed_India_articles/ HTTP/1.1" 302 279 "http://en.wikipedia.org/wiki/National_Dairy_Research_Institute" "Mozilla/5.0 (Windows NT 5.1) AppleWebKit/535.11 (KHTML, like Gecko) Chrome/17.0.963.83 Safari/535.11"
59.163.27.11 - - [15/Apr/2012:10:18:51 -0700] "GET /AssessmentBar/r/Unassessed_India_articles/ HTTP/1.1" 302 293 "http://en.wikipedia.org/wiki/Sabari_River" "Mozilla/5.0 (Windows NT 5.1) AppleWebKit/535.11 (KHTML, like Gecko) Chrome/17.0.963.83 Safari/535.11"
59.92.67.5 - - [15/Apr/2012:10:19:00 -0700] "-" 400 0 "-" "-"
125.63.109.196 - - [15/Apr/2012:10:19:00 -0700] "GET /AssessmentBar/r/Unassessed_India_articles/ HTTP/1.1" 302 283 "http://en.wikipedia.org/wiki/Indore_Maha_Nagar" "Mozilla/5.0 (Macintosh; Intel Mac OS X 10.7; rv:11.0) Gecko/20100101 Firefox/11.0"
125.63.109.196 - - [15/Apr/2012:10:19:05 -0700] "-" 400 0 "-" "-"
59.163.27.11 - - [15/Apr/2012:10:19:38 -0700] "GET /AssessmentBar/r/Unassessed_India_articles/ HTTP/1.1" 302 263 "http://en.wikipedia.org/wiki/Indian_Telly_Awards" "Mozilla/5.0 (Windows NT 5.1) AppleWebKit/535.11 (KHTML, like Gecko) Chrome/17.0.963.83 Safari/535.11"
125.63.109.196 - - [15/Apr/2012:10:19:58 -0700] "GET /AssessmentBar/r/Unassessed_India_articles/ HTTP/1.1" 302 279 "http://en.wikipedia.org/wiki/D._M._Prakasam" "Mozilla/5.0 (Macintosh; Intel Mac OS X 10.7; rv:11.0) Gecko/20100101 Firefox/11.0"
14.96.152.117 - - [15/Apr/2012:10:20:39 -0700] "-" 400 0 "-" "-"
59.163.27.11 - - [15/Apr/2012:10:20:51 -0700] "GET /AssessmentBar/r/Unassessed_India_articles/ HTTP/1.1" 302 289 "http://en.wikipedia.org/wiki/Waqf" "Mozilla/5.0 (Windows NT 5.1) AppleWebKit/535.11 (KHTML, like Gecko) Chrome/17.0.963.83 Safari/535.11"
117.202.89.120 - - [15/Apr/2012:10:20:52 -0700] "-" 400 0 "-" "-"
117.202.89.120 - - [15/Apr/2012:10:21:12 -0700] "-" 400 0 "-" "-"
117.202.89.120 - - [15/Apr/2012:10:21:12 -0700] "-" 400 0 "-" "-"
117.202.89.120 - - [15/Apr/2012:10:21:12 -0700] "-" 400 0 "-" "-"
59.163.27.11 - - [15/Apr/2012:10:21:34 -0700] "GET /AssessmentBar/r/Unassessed_India_articles/ HTTP/1.1" 302 273 "http://en.wikipedia.org/w/index.php?title=Guru_Sikhya_Sahib&redirect=no" "Mozilla/5.0 (Windows NT 5.1) AppleWebKit/535.11 (KHTML, like Gecko) Chrome/17.0.963.83 Safari/535.11"
59.92.67.5 - - [15/Apr/2012:10:21:37 -0700] "-" 400 0 "-" "-"
59.92.67.5 - - [15/Apr/2012:10:21:37 -0700] "-" 400 0 "-" "-"
59.92.67.5 - - [15/Apr/2012:10:21:38 -0700] "-" 400 0 "-" "-"
59.92.67.5 - - [15/Apr/2012:10:21:38 -0700] "-" 400 0 "-" "-"
59.92.67.5 - - [15/Apr/2012:10:21:38 -0700] "-" 400 0 "-" "-"
59.92.67.5 - - [15/Apr/2012:10:21:38 -0700] "-" 400 0 "-" "-"
85.17.88.169 - - [15/Apr/2012:10:22:46 -0700] "POST /blog/wp-cron.php?doing_wp_cron=1334510202 HTTP/1.0" 499 0 "-" "WordPress/3.3.1; http://yuvi.in/blog"
209.85.238.182 - - [15/Apr/2012:10:22:46 -0700] "GET /blog/feed HTTP/1.1" 301 0 "-" "Feedfetcher-Google; (+http://www.google.com/feedfetcher.html; 3 subscribers; feed-id=17684830852112633560)"
85.17.88.169 - - [15/Apr/2012:10:22:48 -0700] "POST /blog/wp-cron.php?doing_wp_cron=1334510205 HTTP/1.0" 499 0 "-" "WordPress/3.3.1; http://yuvi.in/blog"
209.85.238.182 - - [15/Apr/2012:10:22:48 -0700] "GET /blog/feed/ HTTP/1.1" 304 0 "-" "Feedfetcher-Google; (+http://www.google.com/feedfetcher.html; 3 subscribers; feed-id=17684830852112633560)"
59.163.27.11 - - [15/Apr/2012:10:23:06 -0700] "GET /AssessmentBar/r/Unassessed_India_articles/ HTTP/1.1" 302 281 "http://en.wikipedia.org/wiki/Tata_Salt" "Mozilla/5.0 (Windows NT 5.1) AppleWebKit/535.11 (KHTML, like Gecko) Chrome/17.0.963.83 Safari/535.11"
59.163.27.11 - - [15/Apr/2012:10:24:47 -0700] "GET /AssessmentBar/r/Unassessed_India_articles/ HTTP/1.1" 302 273 "http://en.wikipedia.org/wiki/Amrinder_Gill" "Mozilla/5.0 (Windows NT 5.1) AppleWebKit/535.11 (KHTML, like Gecko) Chrome/17.0.963.83 Safari/535.11"
59.163.27.11 - - [15/Apr/2012:10:25:01 -0700] "GET /AssessmentBar/r/Unassessed_India_articles/ HTTP/1.1" 302 299 "http://en.wikipedia.org/wiki/Shubhendu" "Mozilla/5.0 (Windows NT 5.1) AppleWebKit/535.11 (KHTML, like Gecko) Chrome/17.0.963.83 Safari/535.11"
85.17.88.169 - - [15/Apr/2012:10:25:04 -0700] "POST /blog/wp-cron.php?doing_wp_cron=1334510341 HTTP/1.0" 499 0 "-" "WordPress/3.3.1; http://yuvi.in/blog"
209.85.224.84 - - [15/Apr/2012:10:25:04 -0700] "GET /blog/feed HTTP/1.1" 304 0 "-" "FeedBurner/1.0 (http://www.FeedBurner.com)"
106.192.99.64 - - [15/Apr/2012:10:25:13 -0700] "GET /r/2ize%E0%AE%95%E0%AE%9F%E0%AF%8D%E0%AE%9F%E0%AE%B1%E0%AF%8D%E0%AE%B1 HTTP/1.1" 301 383 "-" "Mozilla/5.0 (Windows NT 6.1; WOW64) AppleWebKit/535.19 (KHTML, like Gecko) Chrome/18.0.1025.162 Safari/535.19"
125.63.109.196 - - [15/Apr/2012:10:25:31 -0700] "GET /AssessmentBar/r/Unassessed_India_articles/ HTTP/1.1" 302 279 "http://en.wikipedia.org/wiki/Ceriyamundam" "Mozilla/5.0 (Macintosh; Intel Mac OS X 10.7; rv:11.0) Gecko/20100101 Firefox/11.0"
125.63.109.196 - - [15/Apr/2012:10:25:36 -0700] "-" 400 0 "-" "-"
85.17.88.169 - - [15/Apr/2012:10:26:02 -0700] "POST /blog/wp-cron.php?doing_wp_cron=1334510399 HTTP/1.0" 499 0 "-" "WordPress/3.3.1; http://yuvi.in/blog"
218.213.137.21 - - [15/Apr/2012:10:26:02 -0700] "GET /blog/devlog-december-26-2011/feed/ HTTP/1.1" 200 906 "-" "DoCoMo/2.0 P900i(c100;TB;W24H11) (compatible; ichiro/mobile goo; +http://search.goo.ne.jp/option/use/sub4/sub4-1/)"
122.174.0.111 - - [15/Apr/2012:10:26:25 -0700] "-" 400 0 "-" "-"
85.17.88.169 - - [15/Apr/2012:10:27:37 -0700] "POST /blog/wp-cron.php?doing_wp_cron=1334510494 HTTP/1.0" 499 0 "-" "WordPress/3.3.1; http://yuvi.in/blog"
218.213.137.21 - - [15/Apr/2012:10:27:38 -0700] "GET /blog/devlog-december-26-2011/ HTTP/1.1" 200 16737 "-" "DoCoMo/2.0 P900i(c100;TB;W24H11) (compatible; ichiro/mobile goo; +http://search.goo.ne.jp/option/use/sub4/sub4-1/)"
59.163.27.11 - - [15/Apr/2012:10:27:51 -0700] "GET /AssessmentBar/r/Unassessed_India_articles/ HTTP/1.1" 302 277 "http://en.wikipedia.org/wiki/Sonal_Shah_(economist)" "Mozilla/5.0 (Windows NT 5.1) AppleWebKit/535.11 (KHTML, like Gecko) Chrome/17.0.963.83 Safari/535.11"
59.163.27.11 - - [15/Apr/2012:10:27:56 -0700] "GET /AssessmentBar/r/Unassessed_India_articles/ HTTP/1.1" 302 283 "http://en.wikipedia.org/wiki/Chargesheet" "Mozilla/5.0 (Windows NT 5.1) AppleWebKit/535.11 (KHTML, like Gecko) Chrome/17.0.963.83 Safari/535.11"
122.164.115.20 - - [15/Apr/2012:10:28:31 -0700] "-" 400 0 "-" "-"
59.163.27.11 - - [15/Apr/2012:10:29:08 -0700] "GET /AssessmentBar/r/Unassessed_India_articles/ HTTP/1.1" 302 277 "http://en.wikipedia.org/wiki/Kharchia_wheat" "Mozilla/5.0 (Windows NT 5.1) AppleWebKit/535.11 (KHTML, like Gecko) Chrome/17.0.963.83 Safari/535.11"
59.92.67.5 - - [15/Apr/2012:10:29:13 -0700] "-" 400 0 "-" "-"
59.92.67.5 - - [15/Apr/2012:10:29:13 -0700] "-" 400 0 "-" "-"
59.92.67.5 - - [15/Apr/2012:10:29:13 -0700] "-" 400 0 "-" "-"
59.92.67.5 - - [15/Apr/2012:10:29:13 -0700] "-" 400 0 "-" "-"
59.92.67.5 - - [15/Apr/2012:10:29:13 -0700] "-" 400 0 "-" "-"
122.164.115.20 - - [15/Apr/2012:10:30:01 -0700] "-" 400 0 "-" "-"
85.17.88.169 - - [15/Apr/2012:10:30:26 -0700] "POST /blog/wp-cron.php?doing_wp_cron=1334510663 HTTP/1.0" 499 0 "-" "WordPress/3.3.1; http://yuvi.in/blog"
218.213.137.21 - - [15/Apr/2012:10:30:27 -0700] "GET /blog/devlog-december-21-2011/ HTTP/1.1" 200 17164 "-" "DoCoMo/2.0 P900i(c100;TB;W24H11) (compatible; ichiro/mobile goo; +http://search.goo.ne.jp/option/use/sub4/sub4-1/)"
122.174.0.111 - - [15/Apr/2012:10:33:55 -0700] "-" 400 0 "-" "-"
209.85.224.83 - - [15/Apr/2012:10:34:48 -0700] "GET /stories/feed HTTP/1.1" 200 13653 "-" "FeedBurner/1.0 (http://www.FeedBurner.com)"
207.46.204.165 - - [15/Apr/2012:10:35:07 -0700] "-" 400 0 "-" "-"
207.46.204.165 - - [15/Apr/2012:10:35:07 -0700] "-" 400 0 "-" "-"
207.46.204.165 - - [15/Apr/2012:10:35:07 -0700] "-" 400 0 "-" "-"
207.46.204.165 - - [15/Apr/2012:10:35:08 -0700] "-" 400 0 "-" "-"
207.46.204.165 - - [15/Apr/2012:10:35:08 -0700] "-" 400 0 "-" "-"
207.46.204.165 - - [15/Apr/2012:10:35:08 -0700] "-" 400 0 "-" "-"
207.46.204.165 - - [15/Apr/2012:10:35:08 -0700] "-" 400 0 "-" "-"
207.46.204.165 - - [15/Apr/2012:10:35:08 -0700] "-" 400 0 "-" "-"
207.46.204.165 - - [15/Apr/2012:10:35:08 -0700] "-" 400 0 "-" "-"
207.46.204.165 - - [15/Apr/2012:10:35:08 -0700] "-" 400 0 "-" "-"
207.46.204.165 - - [15/Apr/2012:10:35:08 -0700] "-" 400 0 "-" "-"
207.46.204.165 - - [15/Apr/2012:10:35:08 -0700] "-" 400 0 "-" "-"
69.171.229.248 - - [15/Apr/2012:10:35:36 -0700] "GET /r/3g7 HTTP/1.1" 301 255 "-" "facebookexternalhit/1.1 (+http://www.facebook.com/externalhit_uatext.php)"
69.171.229.246 - - [15/Apr/2012:10:35:36 -0700] "GET /s/ta/3g7/ HTTP/1.1" 302 465 "-" "facebookexternalhit/1.1 (+http://www.facebook.com/externalhit_uatext.php)"
141.0.8.245 - - [15/Apr/2012:10:35:40 -0700] "-" 400 0 "-" "-"
141.0.8.245 - - [15/Apr/2012:10:35:40 -0700] "-" 400 0 "-" "-"
141.0.8.245 - - [15/Apr/2012:10:35:40 -0700] "-" 400 0 "-" "-"
207.46.204.165 - - [15/Apr/2012:10:36:06 -0700] "-" 400 0 "-" "-"
14.96.152.117 - - [15/Apr/2012:10:36:08 -0700] "-" 400 0 "-" "-"
14.96.152.117 - - [15/Apr/2012:10:36:08 -0700] "-" 400 0 "-" "-"
14.96.152.117 - - [15/Apr/2012:10:36:08 -0700] "-" 400 0 "-" "-"
14.96.152.117 - - [15/Apr/2012:10:36:08 -0700] "-" 400 0 "-" "-"
14.96.152.117 - - [15/Apr/2012:10:36:09 -0700] "-" 400 0 "-" "-"
115.242.140.64 - - [15/Apr/2012:10:37:39 -0700] "-" 400 0 "-" "-"
125.63.109.196 - - [15/Apr/2012:10:38:09 -0700] "GET /AssessmentBar/r/Unassessed_India_articles/ HTTP/1.1" 302 281 "http://en.wikipedia.org/wiki/Nishit_Saran" "Mozilla/5.0 (Macintosh; Intel Mac OS X 10.7; rv:11.0) Gecko/20100101 Firefox/11.0"
125.63.109.196 - - [15/Apr/2012:10:38:14 -0700] "-" 400 0 "-" "-"
88.112.35.63 - - [15/Apr/2012:10:38:28 -0700] "GET /robots.txt HTTP/1.0" 404 169 "-" "Mozilla/5.0 (compatible; MJ12bot/v1.4.2; http://www.majestic12.co.uk/bot.php?+)"
85.17.88.169 - - [15/Apr/2012:10:38:32 -0700] "POST /blog/wp-cron.php?doing_wp_cron=1334511149 HTTP/1.0" 499 0 "-" "WordPress/3.3.1; http://yuvi.in/blog"
88.112.35.63 - - [15/Apr/2012:10:38:32 -0700] "GET /blog/story-average-indian-techie HTTP/1.1" 301 0 "-" "Mozilla/5.0 (compatible; MJ12bot/v1.4.2; http://www.majestic12.co.uk/bot.php?+)"
85.17.88.169 - - [15/Apr/2012:10:38:36 -0700] "POST /blog/wp-cron.php?doing_wp_cron=1334511153 HTTP/1.0" 499 0 "-" "WordPress/3.3.1; http://yuvi.in/blog"
88.112.35.63 - - [15/Apr/2012:10:38:37 -0700] "GET /blog/story-average-indian-techie/ HTTP/1.1" 200 54245 "-" "Mozilla/5.0 (compatible; MJ12bot/v1.4.2; http://www.majestic12.co.uk/bot.php?+)"
124.155.241.53 - - [15/Apr/2012:10:39:21 -0700] "GET /AssessmentBar/r/Unassessed_India_articles/ HTTP/1.1" 302 303 "http://en.wikipedia.org/wiki/Subrata_Roy_Sahara_Stadium" "Mozilla/5.0 (Windows NT 6.1; WOW64) AppleWebKit/535.19 (KHTML, like Gecko) Chrome/18.0.1025.152 Safari/535.19"
157.55.112.209 - - [15/Apr/2012:10:40:30 -0700] "-" 400 0 "-" "-"
157.55.112.209 - - [15/Apr/2012:10:40:30 -0700] "-" 400 0 "-" "-"
157.55.112.209 - - [15/Apr/2012:10:40:31 -0700] "-" 400 0 "-" "-"
157.55.112.209 - - [15/Apr/2012:10:40:31 -0700] "-" 400 0 "-" "-"
157.55.112.209 - - [15/Apr/2012:10:40:31 -0700] "-" 400 0 "-" "-"
157.55.112.209 - - [15/Apr/2012:10:40:31 -0700] "-" 400 0 "-" "-"
157.55.112.209 - - [15/Apr/2012:10:40:31 -0700] "-" 400 0 "-" "-"
157.55.112.209 - - [15/Apr/2012:10:40:31 -0700] "-" 400 0 "-" "-"
157.55.112.209 - - [15/Apr/2012:10:40:31 -0700] "-" 400 0 "-" "-"
157.55.112.209 - - [15/Apr/2012:10:40:31 -0700] "-" 400 0 "-" "-"
157.55.112.209 - - [15/Apr/2012:10:40:31 -0700] "-" 400 0 "-" "-"
157.55.112.209 - - [15/Apr/2012:10:40:51 -0700] "-" 400 0 "-" "-"
157.55.112.209 - - [15/Apr/2012:10:40:51 -0700] "-" 400 0 "-" "-"
124.155.241.53 - - [15/Apr/2012:10:41:09 -0700] "GET /AssessmentBar/r/Unassessed_India_articles/ HTTP/1.1" 302 295 "http://en.wikipedia.org/wiki/Prince_Aly_Khan_Hospital" "Mozilla/5.0 (Windows NT 6.1; WOW64) AppleWebKit/535.19 (KHTML, like Gecko) Chrome/18.0.1025.152 Safari/535.19"
85.17.88.169 - - [15/Apr/2012:10:41:14 -0700] "POST /blog/wp-cron.php?doing_wp_cron=1334511311 HTTP/1.0" 499 0 "-" "WordPress/3.3.1; http://yuvi.in/blog"
69.171.229.246 - - [15/Apr/2012:10:41:14 -0700] "GET /blog/story-average-indian-techie/ HTTP/1.1" 200 14155 "-" "facebookexternalhit/1.1 (+http://www.facebook.com/externalhit_uatext.php)"
141.0.11.50 - - [15/Apr/2012:10:41:19 -0700] "-" 400 0 "-" "-"
141.0.11.50 - - [15/Apr/2012:10:41:19 -0700] "-" 400 0 "-" "-"
141.0.11.50 - - [15/Apr/2012:10:41:19 -0700] "-" 400 0 "-" "-"
85.17.88.169 - - [15/Apr/2012:10:42:21 -0700] "POST /blog/wp-cron.php?doing_wp_cron=1334511378 HTTP/1.0" 499 0 "-" "WordPress/3.3.1; http://yuvi.in/blog"
100.43.83.144 - - [15/Apr/2012:10:42:21 -0700] "GET /blog/nen-first-dot-2010-what-i-learnt/ HTTP/1.1" 200 6191 "-" "Mozilla/5.0 (compatible; YandexBot/3.0; +http://yandex.com/bots)"
125.63.109.196 - - [15/Apr/2012:10:43:21 -0700] "GET /AssessmentBar/r/Unassessed_India_articles/ HTTP/1.1" 302 291 "http://en.wikipedia.org/wiki/K._Anbazhagan" "Mozilla/5.0 (Macintosh; Intel Mac OS X 10.7; rv:11.0) Gecko/20100101 Firefox/11.0"
125.63.109.196 - - [15/Apr/2012:10:43:26 -0700] "-" 400 0 "-" "-"
14.96.152.117 - - [15/Apr/2012:10:43:28 -0700] "-" 400 0 "-" "-"
14.96.152.117 - - [15/Apr/2012:10:44:48 -0700] "-" 400 0 "-" "-"
14.96.152.117 - - [15/Apr/2012:10:44:48 -0700] "-" 400 0 "-" "-"
14.96.152.117 - - [15/Apr/2012:10:44:48 -0700] "-" 400 0 "-" "-"
14.96.152.117 - - [15/Apr/2012:10:44:48 -0700] "-" 400 0 "-" "-"
14.96.152.117 - - [15/Apr/2012:10:44:48 -0700] "-" 400 0 "-" "-"
117.193.63.145 - - [15/Apr/2012:10:45:09 -0700] "-" 400 0 "-" "-"
117.193.63.145 - - [15/Apr/2012:10:45:39 -0700] "-" 400 0 "-" "-"
117.193.63.145 - - [15/Apr/2012:10:45:39 -0700] "-" 400 0 "-" "-"
117.193.63.145 - - [15/Apr/2012:10:45:39 -0700] "-" 400 0 "-" "-"
117.193.63.145 - - [15/Apr/2012:10:45:39 -0700] "-" 400 0 "-" "-"
117.193.63.145 - - [15/Apr/2012:10:45:39 -0700] "-" 400 0 "-" "-"
14.96.152.117 - - [15/Apr/2012:10:46:18 -0700] "-" 400 0 "-" "-"
123.125.71.19 - - [15/Apr/2012:10:47:56 -0700] "GET / HTTP/1.1" 200 3439 "-" "Mozilla/5.0 (compatible; Baiduspider/2.0; +http://www.baidu.com/search/spider.html)"
66.249.73.23 - - [15/Apr/2012:10:48:07 -0700] "GET /r/34xz HTTP/1.1" 301 257 "-" "Mozilla/5.0 (compatible; Googlebot/2.1; +http://www.google.com/bot.html)"
66.249.73.23 - - [15/Apr/2012:10:48:08 -0700] "GET /s/ta/34xz/ HTTP/1.1" 302 433 "-" "Mozilla/5.0 (compatible; Googlebot/2.1; +http://www.google.com/bot.html)"
