120.56.193.144 - - [24/Mar/2012:21:48:10 -0700] "-" 400 0 "-" "-"
120.56.193.144 - - [24/Mar/2012:21:48:10 -0700] "-" 400 0 "-" "-"
120.56.193.144 - - [24/Mar/2012:21:48:10 -0700] "-" 400 0 "-" "-"
120.56.193.144 - - [24/Mar/2012:21:48:10 -0700] "-" 400 0 "-" "-"
120.56.193.144 - - [24/Mar/2012:21:48:10 -0700] "-" 400 0 "-" "-"
120.56.193.144 - - [24/Mar/2012:21:48:10 -0700] "-" 400 0 "-" "-"
120.56.193.144 - - [24/Mar/2012:21:48:10 -0700] "-" 400 0 "-" "-"
120.56.193.144 - - [24/Mar/2012:21:48:10 -0700] "-" 400 0 "-" "-"
120.56.193.144 - - [24/Mar/2012:21:48:10 -0700] "-" 400 0 "-" "-"
120.56.193.144 - - [24/Mar/2012:21:48:13 -0700] "-" 400 0 "-" "-"
120.56.193.144 - - [24/Mar/2012:21:48:13 -0700] "-" 400 0 "-" "-"
120.56.193.144 - - [24/Mar/2012:21:48:13 -0700] "-" 400 0 "-" "-"
120.56.193.144 - - [24/Mar/2012:21:48:13 -0700] "-" 400 0 "-" "-"
120.56.193.144 - - [24/Mar/2012:21:48:13 -0700] "-" 400 0 "-" "-"
120.56.193.144 - - [24/Mar/2012:21:48:13 -0700] "-" 400 0 "-" "-"
120.56.193.144 - - [24/Mar/2012:21:48:13 -0700] "-" 400 0 "-" "-"
120.56.193.144 - - [24/Mar/2012:21:48:13 -0700] "-" 400 0 "-" "-"
120.56.193.144 - - [24/Mar/2012:21:48:13 -0700] "-" 400 0 "-" "-"
120.56.193.144 - - [24/Mar/2012:21:48:13 -0700] "-" 400 0 "-" "-"
120.56.193.144 - - [24/Mar/2012:21:48:13 -0700] "-" 400 0 "-" "-"
120.56.193.144 - - [24/Mar/2012:21:48:13 -0700] "-" 400 0 "-" "-"
120.56.193.144 - - [24/Mar/2012:21:48:13 -0700] "-" 400 0 "-" "-"
120.56.193.144 - - [24/Mar/2012:21:48:13 -0700] "-" 400 0 "-" "-"
120.56.193.144 - - [24/Mar/2012:21:48:13 -0700] "-" 400 0 "-" "-"
120.56.193.144 - - [24/Mar/2012:21:48:13 -0700] "-" 400 0 "-" "-"
120.56.193.144 - - [24/Mar/2012:21:48:13 -0700] "-" 400 0 "-" "-"
120.56.193.144 - - [24/Mar/2012:21:48:16 -0700] "-" 400 0 "-" "-"
120.56.193.144 - - [24/Mar/2012:21:48:16 -0700] "-" 400 0 "-" "-"
120.56.193.144 - - [24/Mar/2012:21:48:16 -0700] "-" 400 0 "-" "-"
120.56.193.144 - - [24/Mar/2012:21:48:16 -0700] "-" 400 0 "-" "-"
120.56.193.144 - - [24/Mar/2012:21:48:16 -0700] "-" 400 0 "-" "-"
120.56.193.144 - - [24/Mar/2012:21:48:16 -0700] "-" 400 0 "-" "-"
120.56.193.144 - - [24/Mar/2012:21:48:16 -0700] "-" 400 0 "-" "-"
120.56.193.144 - - [24/Mar/2012:21:48:16 -0700] "-" 400 0 "-" "-"
120.56.193.144 - - [24/Mar/2012:21:48:16 -0700] "-" 400 0 "-" "-"
120.56.193.144 - - [24/Mar/2012:21:48:16 -0700] "-" 400 0 "-" "-"
120.56.193.144 - - [24/Mar/2012:21:48:16 -0700] "-" 400 0 "-" "-"
120.56.193.144 - - [24/Mar/2012:21:48:16 -0700] "-" 400 0 "-" "-"
120.56.193.144 - - [24/Mar/2012:21:48:16 -0700] "-" 400 0 "-" "-"
120.56.193.144 - - [24/Mar/2012:21:48:16 -0700] "-" 400 0 "-" "-"
120.56.193.144 - - [24/Mar/2012:21:48:16 -0700] "-" 400 0 "-" "-"
120.56.193.144 - - [24/Mar/2012:21:48:16 -0700] "-" 400 0 "-" "-"
120.56.193.144 - - [24/Mar/2012:21:48:16 -0700] "-" 400 0 "-" "-"
120.56.193.144 - - [24/Mar/2012:21:48:16 -0700] "-" 400 0 "-" "-"
120.56.193.144 - - [24/Mar/2012:21:48:16 -0700] "-" 400 0 "-" "-"
120.56.193.144 - - [24/Mar/2012:21:48:16 -0700] "-" 400 0 "-" "-"
120.56.193.144 - - [24/Mar/2012:21:48:16 -0700] "-" 400 0 "-" "-"
120.56.193.144 - - [24/Mar/2012:21:48:16 -0700] "-" 400 0 "-" "-"
120.56.193.144 - - [24/Mar/2012:21:48:16 -0700] "-" 400 0 "-" "-"
120.56.193.144 - - [24/Mar/2012:21:48:16 -0700] "-" 400 0 "-" "-"
120.56.193.144 - - [24/Mar/2012:21:48:16 -0700] "-" 400 0 "-" "-"
120.56.193.144 - - [24/Mar/2012:21:48:16 -0700] "-" 400 0 "-" "-"
120.56.193.144 - - [24/Mar/2012:21:48:16 -0700] "-" 400 0 "-" "-"
120.56.193.144 - - [24/Mar/2012:21:48:16 -0700] "-" 400 0 "-" "-"
120.56.193.144 - - [24/Mar/2012:21:48:16 -0700] "-" 400 0 "-" "-"
120.56.193.144 - - [24/Mar/2012:21:48:16 -0700] "-" 400 0 "-" "-"
120.56.193.144 - - [24/Mar/2012:21:48:16 -0700] "-" 400 0 "-" "-"
120.56.193.144 - - [24/Mar/2012:21:48:17 -0700] "-" 400 0 "-" "-"
120.56.193.144 - - [24/Mar/2012:21:48:17 -0700] "-" 400 0 "-" "-"
120.56.193.144 - - [24/Mar/2012:21:48:17 -0700] "-" 400 0 "-" "-"
120.56.193.144 - - [24/Mar/2012:21:48:17 -0700] "-" 400 0 "-" "-"
120.56.193.144 - - [24/Mar/2012:21:48:17 -0700] "-" 400 0 "-" "-"
120.56.193.144 - - [24/Mar/2012:21:48:17 -0700] "-" 400 0 "-" "-"
120.56.193.144 - - [24/Mar/2012:21:48:17 -0700] "-" 400 0 "-" "-"
120.56.193.144 - - [24/Mar/2012:21:48:17 -0700] "-" 400 0 "-" "-"
120.56.193.144 - - [24/Mar/2012:21:48:17 -0700] "-" 400 0 "-" "-"
120.56.193.144 - - [24/Mar/2012:21:48:17 -0700] "-" 400 0 "-" "-"
120.56.193.144 - - [24/Mar/2012:21:48:17 -0700] "-" 400 0 "-" "-"
120.56.193.144 - - [24/Mar/2012:21:48:18 -0700] "-" 400 0 "-" "-"
120.56.193.144 - - [24/Mar/2012:21:48:18 -0700] "-" 400 0 "-" "-"
120.56.193.144 - - [24/Mar/2012:21:48:18 -0700] "-" 400 0 "-" "-"
120.56.193.144 - - [24/Mar/2012:21:48:18 -0700] "-" 400 0 "-" "-"
120.56.193.144 - - [24/Mar/2012:21:48:18 -0700] "-" 400 0 "-" "-"
120.56.193.144 - - [24/Mar/2012:21:48:18 -0700] "-" 400 0 "-" "-"
120.56.193.144 - - [24/Mar/2012:21:48:18 -0700] "-" 400 0 "-" "-"
120.56.193.144 - - [24/Mar/2012:21:48:19 -0700] "-" 400 0 "-" "-"
120.56.193.144 - - [24/Mar/2012:21:48:19 -0700] "-" 400 0 "-" "-"
120.56.193.144 - - [24/Mar/2012:21:48:19 -0700] "-" 400 0 "-" "-"
120.56.193.144 - - [24/Mar/2012:21:48:19 -0700] "-" 400 0 "-" "-"
120.56.193.144 - - [24/Mar/2012:21:48:19 -0700] "-" 400 0 "-" "-"
120.56.193.144 - - [24/Mar/2012:21:48:20 -0700] "-" 400 0 "-" "-"
120.56.193.144 - - [24/Mar/2012:21:48:20 -0700] "-" 400 0 "-" "-"
120.56.193.144 - - [24/Mar/2012:21:48:20 -0700] "-" 400 0 "-" "-"
120.56.193.144 - - [24/Mar/2012:21:48:20 -0700] "-" 400 0 "-" "-"
120.56.193.144 - - [24/Mar/2012:21:48:21 -0700] "-" 400 0 "-" "-"
120.56.193.144 - - [24/Mar/2012:21:48:21 -0700] "-" 400 0 "-" "-"
120.56.193.144 - - [24/Mar/2012:21:48:21 -0700] "-" 400 0 "-" "-"
120.56.193.144 - - [24/Mar/2012:21:48:22 -0700] "-" 400 0 "-" "-"
120.56.193.144 - - [24/Mar/2012:21:48:22 -0700] "-" 400 0 "-" "-"
117.193.171.127 - - [24/Mar/2012:21:48:39 -0700] "-" 400 0 "-" "-"
175.136.223.107 - - [24/Mar/2012:21:49:45 -0700] "GET /r/9bb HTTP/1.1" 301 255 "http://ta.wikipedia.org/w/index.php?title=%E0%AE%AA%E0%AE%BE%E0%AE%B0%E0%AE%A4%E0%AE%BF%E0%AE%A4%E0%AE%BE%E0%AE%9A%E0%AE%A9%E0%AF%8D&printable=yes" "Mozilla/4.0 (compatible; MSIE 7.0; Windows NT 5.1; priustest; .NET CLR 2.0.50727; priustest; InfoPath.2; handyCafeCln/3.3.21)"
175.136.223.107 - - [24/Mar/2012:21:49:46 -0700] "GET /s/ta/9bb/ HTTP/1.1" 302 385 "http://ta.wikipedia.org/w/index.php?title=%E0%AE%AA%E0%AE%BE%E0%AE%B0%E0%AE%A4%E0%AE%BF%E0%AE%A4%E0%AE%BE%E0%AE%9A%E0%AE%A9%E0%AF%8D&printable=yes" "Mozilla/4.0 (compatible; MSIE 7.0; Windows NT 5.1; priustest; .NET CLR 2.0.50727; priustest; InfoPath.2; handyCafeCln/3.3.21)"
117.193.167.41 - - [24/Mar/2012:21:51:43 -0700] "-" 400 0 "-" "-"
66.249.68.106 - - [24/Mar/2012:21:53:02 -0700] "GET /admin/routes/route/3231/ HTTP/1.1" 404 142 "-" "Mozilla/5.0 (compatible; Googlebot/2.1; +http://www.google.com/bot.html)"
85.17.88.169 - - [24/Mar/2012:21:53:28 -0700] "POST /blog/wp-cron.php?doing_wp_cron=1332651017 HTTP/1.0" 499 0 "-" "WordPress/3.3.1; http://yuvi.in/blog"
180.76.5.89 - - [24/Mar/2012:21:53:29 -0700] "GET /blog/?p=78 HTTP/1.1" 301 0 "-" "Mozilla/5.0 (compatible; Baiduspider/2.0; +http://www.baidu.com/search/spider.html)"
85.17.88.169 - - [24/Mar/2012:21:53:31 -0700] "POST /blog/wp-cron.php?doing_wp_cron=1332651020 HTTP/1.0" 499 0 "-" "WordPress/3.3.1; http://yuvi.in/blog"
180.76.5.88 - - [24/Mar/2012:21:53:31 -0700] "GET /blog/devlog-feb-2011/ HTTP/1.1" 200 5354 "-" "Mozilla/5.0 (compatible; Baiduspider/2.0; +http://www.baidu.com/search/spider.html)"
69.171.229.248 - - [24/Mar/2012:21:53:56 -0700] "GET /r/1a15 HTTP/1.1" 301 257 "-" "facebookexternalhit/1.1 (+http://www.facebook.com/externalhit_uatext.php)"
69.171.229.249 - - [24/Mar/2012:21:53:56 -0700] "GET /s/ta/1a15/ HTTP/1.1" 302 397 "-" "facebookexternalhit/1.1 (+http://www.facebook.com/externalhit_uatext.php)"
66.249.68.106 - - [24/Mar/2012:21:54:31 -0700] "GET /admin/routes/route/3236/ HTTP/1.1" 404 142 "-" "Mozilla/5.0 (compatible; Googlebot/2.1; +http://www.google.com/bot.html)"
66.220.147.247 - - [24/Mar/2012:21:54:46 -0700] "GET /r/nv0 HTTP/1.1" 301 255 "-" "facebookexternalhit/1.1 (+http://www.facebook.com/externalhit_uatext.php)"
66.220.147.244 - - [24/Mar/2012:21:54:46 -0700] "GET /s/ta/nv0/ HTTP/1.1" 302 437 "-" "facebookexternalhit/1.1 (+http://www.facebook.com/externalhit_uatext.php)"
66.249.68.106 - - [24/Mar/2012:21:56:08 -0700] "GET /admin/routes/route/3248/ HTTP/1.1" 404 142 "-" "Mozilla/5.0 (compatible; Googlebot/2.1; +http://www.google.com/bot.html)"
207.46.204.166 - - [24/Mar/2012:21:56:17 -0700] "-" 400 0 "-" "-"
207.46.204.166 - - [24/Mar/2012:21:56:17 -0700] "-" 400 0 "-" "-"
207.46.204.166 - - [24/Mar/2012:21:56:18 -0700] "-" 400 0 "-" "-"
207.46.204.166 - - [24/Mar/2012:21:56:18 -0700] "-" 400 0 "-" "-"
207.46.204.166 - - [24/Mar/2012:21:56:20 -0700] "-" 400 0 "-" "-"
207.46.204.166 - - [24/Mar/2012:21:56:20 -0700] "-" 400 0 "-" "-"
207.46.204.166 - - [24/Mar/2012:21:56:20 -0700] "-" 400 0 "-" "-"
207.46.204.166 - - [24/Mar/2012:21:56:21 -0700] "-" 400 0 "-" "-"
207.46.204.166 - - [24/Mar/2012:21:56:21 -0700] "-" 400 0 "-" "-"
207.46.204.166 - - [24/Mar/2012:21:56:21 -0700] "-" 400 0 "-" "-"
141.0.9.235 - - [24/Mar/2012:21:56:49 -0700] "-" 400 0 "-" "-"
207.46.204.166 - - [24/Mar/2012:21:56:50 -0700] "-" 400 0 "-" "-"
14.96.76.181 - - [24/Mar/2012:22:01:32 -0700] "-" 400 0 "-" "-"
141.0.9.235 - - [24/Mar/2012:22:03:18 -0700] "-" 400 0 "-" "-"
85.17.88.169 - - [24/Mar/2012:22:03:53 -0700] "POST /blog/wp-cron.php?doing_wp_cron=1332651642 HTTP/1.0" 499 0 "-" "WordPress/3.3.1; http://yuvi.in/blog"
209.85.238.115 - - [24/Mar/2012:22:03:54 -0700] "GET /blog/feed HTTP/1.1" 301 0 "-" "Feedfetcher-Google; (+http://www.google.com/feedfetcher.html; 3 subscribers; feed-id=17684830852112633560)"
85.17.88.169 - - [24/Mar/2012:22:03:56 -0700] "POST /blog/wp-cron.php?doing_wp_cron=1332651644 HTTP/1.0" 499 0 "-" "WordPress/3.3.1; http://yuvi.in/blog"
209.85.238.115 - - [24/Mar/2012:22:03:56 -0700] "GET /blog/feed/ HTTP/1.1" 304 0 "-" "Feedfetcher-Google; (+http://www.google.com/feedfetcher.html; 3 subscribers; feed-id=17684830852112633560)"
14.96.76.181 - - [24/Mar/2012:22:04:30 -0700] "-" 400 0 "-" "-"
122.174.43.155 - - [24/Mar/2012:22:06:32 -0700] "-" 400 0 "-" "-"
122.174.43.155 - - [24/Mar/2012:22:06:32 -0700] "-" 400 0 "-" "-"
122.174.43.155 - - [24/Mar/2012:22:06:32 -0700] "-" 400 0 "-" "-"
122.174.43.155 - - [24/Mar/2012:22:06:32 -0700] "-" 400 0 "-" "-"
122.174.43.155 - - [24/Mar/2012:22:06:32 -0700] "-" 400 0 "-" "-"
188.138.32.45 - - [24/Mar/2012:22:06:36 -0700] "-" 400 0 "-" "-"
122.174.43.155 - - [24/Mar/2012:22:07:17 -0700] "-" 400 0 "-" "-"
122.174.43.155 - - [24/Mar/2012:22:07:17 -0700] "-" 400 0 "-" "-"
122.174.43.155 - - [24/Mar/2012:22:07:17 -0700] "-" 400 0 "-" "-"
122.174.43.155 - - [24/Mar/2012:22:07:17 -0700] "-" 400 0 "-" "-"
122.174.43.155 - - [24/Mar/2012:22:07:17 -0700] "-" 400 0 "-" "-"
117.213.76.252 - - [24/Mar/2012:22:09:35 -0700] "-" 400 0 "-" "-"
85.17.88.169 - - [24/Mar/2012:22:10:02 -0700] "POST /blog/wp-cron.php?doing_wp_cron=1332652011 HTTP/1.0" 499 0 "-" "WordPress/3.3.1; http://yuvi.in/blog"
209.85.238.115 - - [24/Mar/2012:22:10:03 -0700] "GET /blog/feed/ HTTP/1.1" 304 0 "-" "Feedfetcher-Google; (+http://www.google.com/feedfetcher.html; 18 subscribers; feed-id=15064232456473204253)"
85.17.88.169 - - [24/Mar/2012:22:10:09 -0700] "POST /blog/wp-cron.php?doing_wp_cron=1332652018 HTTP/1.0" 499 0 "-" "WordPress/3.3.1; http://yuvi.in/blog"
209.85.224.90 - - [24/Mar/2012:22:10:09 -0700] "GET /blog/feed HTTP/1.1" 304 0 "-" "FeedBurner/1.0 (http://www.FeedBurner.com)"
202.65.155.10 - - [24/Mar/2012:22:11:55 -0700] "-" 400 0 "-" "-"
69.171.229.248 - - [24/Mar/2012:22:12:00 -0700] "GET /r/282s HTTP/1.1" 301 257 "-" "facebookexternalhit/1.1 (+http://www.facebook.com/externalhit_uatext.php)"
69.171.229.245 - - [24/Mar/2012:22:12:00 -0700] "GET /s/ta/282s/ HTTP/1.1" 302 549 "-" "facebookexternalhit/1.1 (+http://www.facebook.com/externalhit_uatext.php)"
209.85.224.98 - - [24/Mar/2012:22:14:28 -0700] "GET /stories/feed HTTP/1.1" 200 13653 "-" "FeedBurner/1.0 (http://www.FeedBurner.com)"
193.47.80.43 - - [24/Mar/2012:22:14:31 -0700] "GET /robots.txt HTTP/1.1" 404 142 "-" "Mozilla/5.0 (compatible; Exabot/3.0; +http://www.exabot.com/go/robot)"
193.47.80.43 - - [24/Mar/2012:22:14:31 -0700] "GET / HTTP/1.1" 304 0 "-" "Mozilla/5.0 (compatible; Exabot/3.0; +http://www.exabot.com/go/robot)"
69.171.228.248 - - [24/Mar/2012:22:15:35 -0700] "GET /r/1i49 HTTP/1.1" 301 257 "-" "facebookexternalhit/1.1 (+http://www.facebook.com/externalhit_uatext.php)"
69.171.228.249 - - [24/Mar/2012:22:15:35 -0700] "GET /s/ta/1i49/ HTTP/1.1" 302 437 "-" "facebookexternalhit/1.1 (+http://www.facebook.com/externalhit_uatext.php)"
199.59.149.166 - - [24/Mar/2012:22:15:53 -0700] "GET /r/1i49 HTTP/1.1" 301 257 "-" "Twitterbot/1.0"
66.228.54.132 - - [24/Mar/2012:22:15:54 -0700] "GET /r/1i49 HTTP/1.1" 301 257 "-" "InAGist URL Resolver (http://inagist.com)"
66.228.54.132 - - [24/Mar/2012:22:15:54 -0700] "GET /s/ta/1i49/ HTTP/1.1" 302 437 "-" "InAGist URL Resolver (http://inagist.com)"
199.59.149.166 - - [24/Mar/2012:22:15:54 -0700] "GET /s/ta/1i49/ HTTP/1.1" 302 437 "-" "Twitterbot/1.0"
107.21.118.229 - - [24/Mar/2012:22:15:54 -0700] "HEAD /r/1i49 HTTP/1.1" 301 0 "-" "MetaURI API/2.0 +metauri.com"
204.236.152.76 - - [24/Mar/2012:22:15:54 -0700] "HEAD /r/1i49 HTTP/1.1" 301 0 "-" "UnwindFetchor/1.0 (+http://www.gnip.com/)"
204.236.152.76 - - [24/Mar/2012:22:15:54 -0700] "HEAD /s/ta/1i49/ HTTP/1.1" 302 0 "-" "UnwindFetchor/1.0 (+http://www.gnip.com/)"
184.169.243.56 - - [24/Mar/2012:22:15:54 -0700] "HEAD /r/1i49 HTTP/1.1" 301 0 "-" "UnwindFetchor/1.0 (+http://www.gnip.com/)"
184.169.243.56 - - [24/Mar/2012:22:15:54 -0700] "HEAD /s/ta/1i49/ HTTP/1.1" 302 0 "-" "UnwindFetchor/1.0 (+http://www.gnip.com/)"
107.21.118.229 - - [24/Mar/2012:22:15:54 -0700] "HEAD /s/ta/1i49/ HTTP/1.1" 302 0 "-" "MetaURI API/2.0 +metauri.com"
46.20.47.43 - - [24/Mar/2012:22:15:55 -0700] "GET /r/1i49 HTTP/1.1" 301 257 "-" "Mozilla/5.0 (compatible"
89.151.116.53 - - [24/Mar/2012:22:15:55 -0700] "GET /r/1i49 HTTP/1.1" 301 257 "-" "Mozilla/5.0 (compatible; TweetmemeBot/2.11; +http://tweetmeme.com/)"
46.20.47.43 - - [24/Mar/2012:22:15:55 -0700] "GET /s/ta/1i49/ HTTP/1.1" 302 437 "-" "Mozilla/5.0 (compatible"
204.236.137.235 - - [24/Mar/2012:22:15:55 -0700] "GET /r/1i49 HTTP/1.1" 301 257 "-" "JS-Kit URL Resolver, http://js-kit.com/"
204.236.137.235 - - [24/Mar/2012:22:15:55 -0700] "GET /s/ta/1i49/ HTTP/1.1" 302 437 "-" "JS-Kit URL Resolver, http://js-kit.com/"
89.151.116.53 - - [24/Mar/2012:22:15:55 -0700] "GET /s/ta/1i49/ HTTP/1.1" 302 437 "-" "Mozilla/5.0 (compatible; TweetmemeBot/2.11; +http://tweetmeme.com/)"
184.73.126.115 - - [24/Mar/2012:22:15:57 -0700] "HEAD /r/1i49 HTTP/1.1" 301 0 "-" "PostRank/2.0 (postrank.com)"
184.73.126.115 - - [24/Mar/2012:22:15:58 -0700] "HEAD /s/ta/1i49/ HTTP/1.1" 302 0 "-" "PostRank/2.0 (postrank.com)"
65.52.0.205 - - [24/Mar/2012:22:15:58 -0700] "GET /r/1i49 HTTP/1.1" 301 257 "-" "Mozilla/4.0 (compatible; MSIE 7.0; Windows NT 6.0)"
65.52.0.205 - - [24/Mar/2012:22:15:58 -0700] "GET /s/ta/1i49/ HTTP/1.1" 302 437 "-" "Mozilla/4.0 (compatible; MSIE 7.0; Windows NT 6.0)"
161.69.220.1 - - [24/Mar/2012:22:16:03 -0700] "GET /r/1i49 HTTP/1.1" 301 257 "-" "MFE_expand/0.1"
161.69.220.1 - - [24/Mar/2012:22:16:04 -0700] "GET /s/ta/1i49/ HTTP/1.1" 302 437 "-" "MFE_expand/0.1"
175.41.249.4 - - [24/Mar/2012:22:16:09 -0700] "GET /r/1i49 HTTP/1.1" 301 257 "-" "Crowsnest/0.5 (+http://www.crowsnest.tv/)"
175.41.249.4 - - [24/Mar/2012:22:16:10 -0700] "GET /s/ta/1i49/ HTTP/1.1" 302 437 "-" "Crowsnest/0.5 (+http://www.crowsnest.tv/)"
74.112.131.131 - - [24/Mar/2012:22:16:42 -0700] "GET /r/1i49 HTTP/1.0" 301 257 "-" "Mozilla/5.0 (compatible; Butterfly/1.0; +http://labs.topsy.com/butterfly/) Gecko/2009032608 Firefox/3.0.8"
74.112.131.126 - - [24/Mar/2012:22:16:42 -0700] "GET /robots.txt HTTP/1.0" 404 238 "-" "Mozilla/5.0 (compatible; Butterfly/1.0; +http://labs.topsy.com/butterfly/) Gecko/2009032608 Firefox/3.0.8"
74.112.131.126 - - [24/Mar/2012:22:16:42 -0700] "GET /s/ta/1i49/ HTTP/1.0" 302 437 "-" "Mozilla/5.0 (compatible; Butterfly/1.0; +http://labs.topsy.com/butterfly/) Gecko/2009032608 Firefox/3.0.8"
69.171.228.247 - - [24/Mar/2012:22:16:58 -0700] "GET /r/1i49 HTTP/1.1" 301 257 "-" "facebookexternalhit/1.1 (+http://www.facebook.com/externalhit_uatext.php)"
69.171.228.248 - - [24/Mar/2012:22:16:58 -0700] "GET /s/ta/1i49/ HTTP/1.1" 302 437 "-" "facebookexternalhit/1.1 (+http://www.facebook.com/externalhit_uatext.php)"
50.16.4.106 - - [24/Mar/2012:22:17:40 -0700] "HEAD /r/1i49 HTTP/1.1" 301 0 "-" "Mozilla/5.0 (Windows; U; Windows NT 5.1; de; rv:1.9) Gecko/2008052906 Firefox/3.0"
50.16.4.106 - - [24/Mar/2012:22:17:41 -0700] "HEAD /s/ta/1i49/ HTTP/1.1" 302 0 "-" "Mozilla/5.0 (Windows; U; Windows NT 5.1; de; rv:1.9) Gecko/2008052906 Firefox/3.0"
101.212.144.147 - - [24/Mar/2012:22:17:43 -0700] "-" 400 0 "-" "-"
101.212.144.147 - - [24/Mar/2012:22:17:44 -0700] "-" 400 0 "-" "-"
101.212.144.147 - - [24/Mar/2012:22:17:45 -0700] "-" 400 0 "-" "-"
101.212.144.147 - - [24/Mar/2012:22:17:45 -0700] "-" 400 0 "-" "-"
69.171.228.246 - - [24/Mar/2012:22:18:12 -0700] "GET /r/1i49 HTTP/1.1" 301 257 "-" "facebookexternalhit/1.1 (+http://www.facebook.com/externalhit_uatext.php)"
69.171.228.245 - - [24/Mar/2012:22:18:12 -0700] "GET /s/ta/1i49/ HTTP/1.1" 302 437 "-" "facebookexternalhit/1.1 (+http://www.facebook.com/externalhit_uatext.php)"
101.212.144.147 - - [24/Mar/2012:22:18:54 -0700] "-" 400 0 "-" "-"
101.212.144.147 - - [24/Mar/2012:22:18:55 -0700] "-" 400 0 "-" "-"
101.212.144.147 - - [24/Mar/2012:22:18:55 -0700] "-" 400 0 "-" "-"
69.171.224.247 - - [24/Mar/2012:22:19:35 -0700] "GET /r/1i49 HTTP/1.1" 301 257 "-" "facebookexternalhit/1.1 (+http://www.facebook.com/externalhit_uatext.php)"
69.171.224.247 - - [24/Mar/2012:22:19:35 -0700] "GET /s/ta/1i49/ HTTP/1.1" 302 437 "-" "facebookexternalhit/1.1 (+http://www.facebook.com/externalhit_uatext.php)"
69.171.224.247 - - [24/Mar/2012:22:20:42 -0700] "GET /r/1i49 HTTP/1.1" 301 257 "-" "facebookexternalhit/1.1 (+http://www.facebook.com/externalhit_uatext.php)"
69.171.224.245 - - [24/Mar/2012:22:20:42 -0700] "GET /s/ta/1i49/ HTTP/1.1" 302 437 "-" "facebookexternalhit/1.1 (+http://www.facebook.com/externalhit_uatext.php)"
69.171.224.245 - - [24/Mar/2012:22:20:43 -0700] "GET /r/1i49 HTTP/1.1" 301 257 "-" "facebookexternalhit/1.1 (+http://www.facebook.com/externalhit_uatext.php)"
69.171.224.244 - - [24/Mar/2012:22:20:43 -0700] "GET /s/ta/1i49/ HTTP/1.1" 302 437 "-" "facebookexternalhit/1.1 (+http://www.facebook.com/externalhit_uatext.php)"
85.17.88.169 - - [24/Mar/2012:22:21:07 -0700] "POST /blog/wp-cron.php?doing_wp_cron=1332652676 HTTP/1.0" 499 0 "-" "WordPress/3.3.1; http://yuvi.in/blog"
66.249.67.123 - - [24/Mar/2012:22:21:08 -0700] "GET /blog/2012/01/ HTTP/1.1" 200 6404 "-" "Mozilla/5.0 (iPhone; U; CPU iPhone OS 4_1 like Mac OS X; en-us) AppleWebKit/532.9 (KHTML, like Gecko) Version/4.0.5 Mobile/8B117 Safari/6531.22.7 (compatible; Googlebot-Mobile/2.1; +http://www.google.com/bot.html)"
122.164.224.45 - - [24/Mar/2012:22:21:49 -0700] "-" 400 0 "-" "-"
66.220.147.245 - - [24/Mar/2012:22:22:03 -0700] "GET /r/1i49 HTTP/1.1" 301 257 "-" "facebookexternalhit/1.1 (+http://www.facebook.com/externalhit_uatext.php)"
66.220.147.245 - - [24/Mar/2012:22:22:03 -0700] "GET /s/ta/1i49/ HTTP/1.1" 302 437 "-" "facebookexternalhit/1.1 (+http://www.facebook.com/externalhit_uatext.php)"
220.255.2.80 - - [24/Mar/2012:22:23:02 -0700] "-" 400 0 "-" "-"
99.188.220.228 - - [24/Mar/2012:22:23:03 -0700] "GET / HTTP/1.1" 200 1430 "-" "Reeder/1.5.5 CFNetwork/548.1.4 Darwin/11.0.0"
99.188.220.228 - - [24/Mar/2012:22:23:03 -0700] "GET /favicon.ico HTTP/1.1" 404 142 "-" "Reeder/1.5.5 CFNetwork/548.1.4 Darwin/11.0.0"
99.188.220.228 - - [24/Mar/2012:22:23:04 -0700] "GET /apple-touch-icon.png HTTP/1.1" 404 142 "-" "Reeder/1.5.5 CFNetwork/548.1.4 Darwin/11.0.0"
99.188.220.228 - - [24/Mar/2012:22:23:04 -0700] "GET /apple-touch-icon-precomposed.png HTTP/1.1" 404 142 "-" "Reeder/1.5.5 CFNetwork/548.1.4 Darwin/11.0.0"
220.255.2.80 - - [24/Mar/2012:22:23:04 -0700] "-" 400 0 "-" "-"
66.220.147.250 - - [24/Mar/2012:22:23:06 -0700] "GET /r/1i49 HTTP/1.1" 301 257 "-" "facebookexternalhit/1.1 (+http://www.facebook.com/externalhit_uatext.php)"
66.220.147.244 - - [24/Mar/2012:22:23:06 -0700] "GET /s/ta/1i49/ HTTP/1.1" 302 437 "-" "facebookexternalhit/1.1 (+http://www.facebook.com/externalhit_uatext.php)"
122.165.227.159 - - [24/Mar/2012:22:23:50 -0700] "GET /r/1lv1 HTTP/1.1" 301 257 "http://ta.wikipedia.org/wiki/%E0%AE%A4%E0%AE%BF%E0%AE%B0%E0%AE%BF%E0%AE%AA%E0%AF%8D%E0%AE%B0%E0%AF%88%E0%AE%AF%E0%AE%BE%E0%AE%B0%E0%AF%8D_%E0%AE%B8%E0%AF%8D%E0%AE%B0%E0%AF%80_%E0%AE%B0%E0%AE%BE%E0%AE%AE%E0%AE%B0%E0%AF%8D_%E0%AE%95%E0%AF%8B%E0%AE%B5%E0%AE%BF%E0%AE%B2%E0%AF%8D" "Mozilla/5.0 (Windows NT 6.1; WOW64) AppleWebKit/535.11 (KHTML, like Gecko) Chrome/17.0.963.83 Safari/535.11"
122.165.227.159 - - [24/Mar/2012:22:23:50 -0700] "GET /s/ta/1lv1/ HTTP/1.1" 302 601 "http://ta.wikipedia.org/wiki/%E0%AE%A4%E0%AE%BF%E0%AE%B0%E0%AE%BF%E0%AE%AA%E0%AF%8D%E0%AE%B0%E0%AF%88%E0%AE%AF%E0%AE%BE%E0%AE%B0%E0%AF%8D_%E0%AE%B8%E0%AF%8D%E0%AE%B0%E0%AF%80_%E0%AE%B0%E0%AE%BE%E0%AE%AE%E0%AE%B0%E0%AF%8D_%E0%AE%95%E0%AF%8B%E0%AE%B5%E0%AE%BF%E0%AE%B2%E0%AF%8D" "Mozilla/5.0 (Windows NT 6.1; WOW64) AppleWebKit/535.11 (KHTML, like Gecko) Chrome/17.0.963.83 Safari/535.11"
122.165.227.159 - - [24/Mar/2012:22:24:03 -0700] "-" 400 0 "-" "-"
69.171.224.247 - - [24/Mar/2012:22:24:43 -0700] "GET /r/3g7 HTTP/1.1" 301 255 "-" "facebookexternalhit/1.1 (+http://www.facebook.com/externalhit_uatext.php)"
69.171.224.249 - - [24/Mar/2012:22:24:44 -0700] "GET /s/ta/3g7/ HTTP/1.1" 302 465 "-" "facebookexternalhit/1.1 (+http://www.facebook.com/externalhit_uatext.php)"
122.164.224.45 - - [24/Mar/2012:22:25:19 -0700] "-" 400 0 "-" "-"
195.188.228.30 - - [24/Mar/2012:22:26:05 -0700] "GET /robots.txt HTTP/1.0" 404 169 "-" "Mozilla/5.0 (compatible; MJ12bot/v1.4.2; http://www.majestic12.co.uk/bot.php?+)"
195.188.228.30 - - [24/Mar/2012:22:26:07 -0700] "GET /blog HTTP/1.1" 301 178 "-" "Mozilla/5.0 (compatible; MJ12bot/v1.4.2; http://www.majestic12.co.uk/bot.php?+)"
85.17.88.169 - - [24/Mar/2012:22:26:10 -0700] "POST /blog/wp-cron.php?doing_wp_cron=1332652979 HTTP/1.0" 499 0 "-" "WordPress/3.3.1; http://yuvi.in/blog"
195.188.228.30 - - [24/Mar/2012:22:26:11 -0700] "GET /blog/ HTTP/1.1" 200 33094 "-" "Mozilla/5.0 (compatible; MJ12bot/v1.4.2; http://www.majestic12.co.uk/bot.php?+)"
69.171.224.245 - - [24/Mar/2012:22:26:35 -0700] "GET /r/1i49 HTTP/1.1" 301 257 "-" "facebookexternalhit/1.1 (+http://www.facebook.com/externalhit_uatext.php)"
69.171.224.244 - - [24/Mar/2012:22:26:35 -0700] "GET /s/ta/1i49/ HTTP/1.1" 302 437 "-" "facebookexternalhit/1.1 (+http://www.facebook.com/externalhit_uatext.php)"
220.255.2.56 - - [24/Mar/2012:22:27:14 -0700] "-" 400 0 "-" "-"
69.171.224.250 - - [24/Mar/2012:22:29:09 -0700] "GET /r/1i49 HTTP/1.1" 301 257 "-" "facebookexternalhit/1.1 (+http://www.facebook.com/externalhit_uatext.php)"
69.171.224.251 - - [24/Mar/2012:22:29:09 -0700] "GET /s/ta/1i49/ HTTP/1.1" 302 437 "-" "facebookexternalhit/1.1 (+http://www.facebook.com/externalhit_uatext.php)"
173.64.125.132 - - [24/Mar/2012:22:29:25 -0700] "GET /blog HTTP/1.1" 301 178 "http://www.google.com/url?sa=D&q=http://yuvi.in/blog&usg=AFQjCNGaZb2yGZ8WeTjsoeParpTcJNncwg" "Mozilla/5.0 (Windows NT 6.1; WOW64) AppleWebKit/535.11 (KHTML, like Gecko) Chrome/17.0.963.83 Safari/535.11"
85.17.88.169 - - [24/Mar/2012:22:29:27 -0700] "POST /blog/wp-cron.php?doing_wp_cron=1332653176 HTTP/1.0" 200 0 "-" "WordPress/3.3.1; http://yuvi.in/blog"
173.64.125.132 - - [24/Mar/2012:22:29:28 -0700] "GET /blog/ HTTP/1.1" 200 9194 "http://www.google.com/url?sa=D&q=http://yuvi.in/blog&usg=AFQjCNGaZb2yGZ8WeTjsoeParpTcJNncwg" "Mozilla/5.0 (Windows NT 6.1; WOW64) AppleWebKit/535.11 (KHTML, like Gecko) Chrome/17.0.963.83 Safari/535.11"
173.64.125.132 - - [24/Mar/2012:22:29:28 -0700] "GET /blog/wp-content/themes/cleanr/js/jquery.dropdown.js?ver=3.3.1 HTTP/1.1" 200 535 "http://yuvi.in/blog/" "Mozilla/5.0 (Windows NT 6.1; WOW64) AppleWebKit/535.11 (KHTML, like Gecko) Chrome/17.0.963.83 Safari/535.11"
173.64.125.132 - - [24/Mar/2012:22:29:28 -0700] "GET /blog/wp-content/themes/cleanr/style.css HTTP/1.1" 200 10508 "http://yuvi.in/blog/" "Mozilla/5.0 (Windows NT 6.1; WOW64) AppleWebKit/535.11 (KHTML, like Gecko) Chrome/17.0.963.83 Safari/535.11"
173.64.125.132 - - [24/Mar/2012:22:29:29 -0700] "GET /blog/wp-content/themes/cleanr/css/text.css HTTP/1.1" 200 420 "http://yuvi.in/blog/" "Mozilla/5.0 (Windows NT 6.1; WOW64) AppleWebKit/535.11 (KHTML, like Gecko) Chrome/17.0.963.83 Safari/535.11"
173.64.125.132 - - [24/Mar/2012:22:29:29 -0700] "GET /blog/wp-content/themes/cleanr/css/reset.css HTTP/1.1" 200 648 "http://yuvi.in/blog/" "Mozilla/5.0 (Windows NT 6.1; WOW64) AppleWebKit/535.11 (KHTML, like Gecko) Chrome/17.0.963.83 Safari/535.11"
173.64.125.132 - - [24/Mar/2012:22:29:29 -0700] "GET /blog/wp-content/themes/cleanr/css/960.css HTTP/1.1" 200 3628 "http://yuvi.in/blog/" "Mozilla/5.0 (Windows NT 6.1; WOW64) AppleWebKit/535.11 (KHTML, like Gecko) Chrome/17.0.963.83 Safari/535.11"
173.64.125.132 - - [24/Mar/2012:22:29:29 -0700] "GET /blog/wp-includes/js/jquery/jquery.js?ver=1.7.1 HTTP/1.1" 200 93889 "http://yuvi.in/blog/" "Mozilla/5.0 (Windows NT 6.1; WOW64) AppleWebKit/535.11 (KHTML, like Gecko) Chrome/17.0.963.83 Safari/535.11"
173.64.125.132 - - [24/Mar/2012:22:29:29 -0700] "GET /blog/wp-content/themes/cleanr/images/search_magnifier.gif HTTP/1.1" 200 394 "http://yuvi.in/blog/" "Mozilla/5.0 (Windows NT 6.1; WOW64) AppleWebKit/535.11 (KHTML, like Gecko) Chrome/17.0.963.83 Safari/535.11"
173.64.125.132 - - [24/Mar/2012:22:29:29 -0700] "GET /favicon.ico HTTP/1.1" 404 199 "-" "Mozilla/5.0 (Windows NT 6.1; WOW64) AppleWebKit/535.11 (KHTML, like Gecko) Chrome/17.0.963.83 Safari/535.11"
69.171.247.5 - - [24/Mar/2012:22:30:33 -0700] "GET /r/1i49 HTTP/1.1" 301 257 "-" "facebookexternalhit/1.1 (+http://www.facebook.com/externalhit_uatext.php)"
69.171.247.7 - - [24/Mar/2012:22:30:33 -0700] "GET /s/ta/1i49/ HTTP/1.1" 302 437 "-" "facebookexternalhit/1.1 (+http://www.facebook.com/externalhit_uatext.php)"
85.17.88.169 - - [24/Mar/2012:22:31:03 -0700] "POST /blog/wp-cron.php?doing_wp_cron=1332653272 HTTP/1.0" 499 0 "-" "WordPress/3.3.1; http://yuvi.in/blog"
14.97.138.224 - - [24/Mar/2012:22:31:04 -0700] "GET /blog/infosys-tcs-or-wipro-none/ HTTP/1.1" 200 7089 "http://www.google.co.in/url?sa=t&rct=j&q=infosys%20experience%20blogs&source=web&cd=10&ved=0CF8QFjAJ&url=http%3A%2F%2Fyuvi.in%2Fblog%2Finfosys-tcs-or-wipro-none%2F&ei=bKxuT9vNKcfQrQfIqL2gDg&usg=AFQjCNFFymVRTHm740-I9A4VqJxKWQnZng" "Mozilla/5.0 (Windows NT 6.1; WOW64) AppleWebKit/535.11 (KHTML, like Gecko) Chrome/17.0.963.83 Safari/535.11"
14.97.138.224 - - [24/Mar/2012:22:31:07 -0700] "GET /blog/wp-content/themes/cleanr/style.css HTTP/1.1" 200 10508 "http://yuvi.in/blog/infosys-tcs-or-wipro-none/" "Mozilla/5.0 (Windows NT 6.1; WOW64) AppleWebKit/535.11 (KHTML, like Gecko) Chrome/17.0.963.83 Safari/535.11"
14.97.138.224 - - [24/Mar/2012:22:31:08 -0700] "GET /blog/wp-content/themes/cleanr/js/jquery.dropdown.js?ver=3.3.1 HTTP/1.1" 200 535 "http://yuvi.in/blog/infosys-tcs-or-wipro-none/" "Mozilla/5.0 (Windows NT 6.1; WOW64) AppleWebKit/535.11 (KHTML, like Gecko) Chrome/17.0.963.83 Safari/535.11"
14.97.138.224 - - [24/Mar/2012:22:31:13 -0700] "GET /blog/wp-content/themes/cleanr/css/reset.css HTTP/1.1" 200 648 "http://yuvi.in/blog/infosys-tcs-or-wipro-none/" "Mozilla/5.0 (Windows NT 6.1; WOW64) AppleWebKit/535.11 (KHTML, like Gecko) Chrome/17.0.963.83 Safari/535.11"
14.97.138.224 - - [24/Mar/2012:22:31:14 -0700] "GET /blog/wp-content/themes/cleanr/css/text.css HTTP/1.1" 200 420 "http://yuvi.in/blog/infosys-tcs-or-wipro-none/" "Mozilla/5.0 (Windows NT 6.1; WOW64) AppleWebKit/535.11 (KHTML, like Gecko) Chrome/17.0.963.83 Safari/535.11"
14.97.138.224 - - [24/Mar/2012:22:31:15 -0700] "GET /blog/wp-content/themes/cleanr/css/960.css HTTP/1.1" 200 3628 "http://yuvi.in/blog/infosys-tcs-or-wipro-none/" "Mozilla/5.0 (Windows NT 6.1; WOW64) AppleWebKit/535.11 (KHTML, like Gecko) Chrome/17.0.963.83 Safari/535.11"
14.97.138.224 - - [24/Mar/2012:22:31:18 -0700] "GET /blog/wp-includes/js/jquery/jquery.js?ver=1.7.1 HTTP/1.1" 200 93889 "http://yuvi.in/blog/infosys-tcs-or-wipro-none/" "Mozilla/5.0 (Windows NT 6.1; WOW64) AppleWebKit/535.11 (KHTML, like Gecko) Chrome/17.0.963.83 Safari/535.11"
14.97.138.224 - - [24/Mar/2012:22:31:24 -0700] "GET /blog/wp-content/themes/cleanr/images/search_magnifier.gif HTTP/1.1" 200 394 "http://yuvi.in/blog/infosys-tcs-or-wipro-none/" "Mozilla/5.0 (Windows NT 6.1; WOW64) AppleWebKit/535.11 (KHTML, like Gecko) Chrome/17.0.963.83 Safari/535.11"
14.97.138.224 - - [24/Mar/2012:22:31:27 -0700] "GET /favicon.ico HTTP/1.1" 404 199 "-" "Mozilla/5.0 (Windows NT 6.1; WOW64) AppleWebKit/535.11 (KHTML, like Gecko) Chrome/17.0.963.83 Safari/535.11"
85.17.88.169 - - [24/Mar/2012:22:31:34 -0700] "POST /blog/wp-cron.php?doing_wp_cron=1332653303 HTTP/1.0" 499 0 "-" "WordPress/3.3.1; http://yuvi.in/blog"
14.97.138.224 - - [24/Mar/2012:22:31:34 -0700] "GET /blog/infosys-tcs-or-wipro-none/?cf_action=sync_comments&post_id=124 HTTP/1.1" 200 48 "http://yuvi.in/blog/infosys-tcs-or-wipro-none/" "Mozilla/5.0 (Windows NT 6.1; WOW64) AppleWebKit/535.11 (KHTML, like Gecko) Chrome/17.0.963.83 Safari/535.11"
69.171.228.248 - - [24/Mar/2012:22:31:35 -0700] "GET /r/1i49 HTTP/1.1" 301 257 "-" "facebookexternalhit/1.1 (+http://www.facebook.com/externalhit_uatext.php)"
69.171.228.245 - - [24/Mar/2012:22:31:35 -0700] "GET /s/ta/1i49/ HTTP/1.1" 302 437 "-" "facebookexternalhit/1.1 (+http://www.facebook.com/externalhit_uatext.php)"
157.55.112.208 - - [24/Mar/2012:22:31:56 -0700] "-" 400 0 "-" "-"
157.55.112.208 - - [24/Mar/2012:22:32:04 -0700] "-" 400 0 "-" "-"
157.55.112.208 - - [24/Mar/2012:22:32:05 -0700] "-" 400 0 "-" "-"
157.55.112.208 - - [24/Mar/2012:22:32:06 -0700] "-" 400 0 "-" "-"
157.55.112.208 - - [24/Mar/2012:22:32:06 -0700] "-" 400 0 "-" "-"
157.55.112.208 - - [24/Mar/2012:22:32:06 -0700] "-" 400 0 "-" "-"
157.55.112.208 - - [24/Mar/2012:22:32:07 -0700] "-" 400 0 "-" "-"
157.55.112.208 - - [24/Mar/2012:22:32:07 -0700] "-" 400 0 "-" "-"
157.55.112.208 - - [24/Mar/2012:22:32:07 -0700] "-" 400 0 "-" "-"
157.55.112.208 - - [24/Mar/2012:22:32:07 -0700] "-" 400 0 "-" "-"
157.55.112.208 - - [24/Mar/2012:22:32:26 -0700] "-" 400 0 "-" "-"
69.171.224.251 - - [24/Mar/2012:22:32:57 -0700] "GET /r/1i49 HTTP/1.1" 301 257 "-" "facebookexternalhit/1.1 (+http://www.facebook.com/externalhit_uatext.php)"
69.171.224.247 - - [24/Mar/2012:22:32:57 -0700] "GET /s/ta/1i49/ HTTP/1.1" 302 437 "-" "facebookexternalhit/1.1 (+http://www.facebook.com/externalhit_uatext.php)"
122.174.50.93 - - [24/Mar/2012:22:33:03 -0700] "-" 400 0 "-" "-"
66.249.68.106 - - [24/Mar/2012:22:33:20 -0700] "GET / HTTP/1.1" 200 1430 "-" "Mozilla/5.0 (compatible; Googlebot/2.1; +http://www.google.com/bot.html)"
69.171.224.248 - - [24/Mar/2012:22:34:07 -0700] "GET /r/1i49 HTTP/1.1" 301 257 "-" "facebookexternalhit/1.1 (+http://www.facebook.com/externalhit_uatext.php)"
69.171.224.244 - - [24/Mar/2012:22:34:07 -0700] "GET /s/ta/1i49/ HTTP/1.1" 302 437 "-" "facebookexternalhit/1.1 (+http://www.facebook.com/externalhit_uatext.php)"
85.17.88.169 - - [24/Mar/2012:22:34:28 -0700] "POST /blog/wp-cron.php?doing_wp_cron=1332653476 HTTP/1.0" 499 0 "-" "WordPress/3.3.1; http://yuvi.in/blog"
14.97.138.224 - - [24/Mar/2012:22:34:28 -0700] "GET /blog/category/so-called-it/ HTTP/1.1" 200 11662 "http://yuvi.in/blog/infosys-tcs-or-wipro-none/" "Mozilla/5.0 (Windows NT 6.1; WOW64) AppleWebKit/535.11 (KHTML, like Gecko) Chrome/17.0.963.83 Safari/535.11"
14.97.138.224 - - [24/Mar/2012:22:34:33 -0700] "GET /favicon.ico HTTP/1.1" 404 199 "-" "Mozilla/5.0 (Windows NT 6.1; WOW64) AppleWebKit/535.11 (KHTML, like Gecko) Chrome/17.0.963.83 Safari/535.11"
14.97.138.224 - - [24/Mar/2012:22:34:42 -0700] "-" 400 0 "-" "-"
122.164.248.188 - - [24/Mar/2012:22:35:00 -0700] "-" 400 0 "-" "-"
66.220.149.246 - - [24/Mar/2012:22:35:51 -0700] "GET /r/1i49 HTTP/1.1" 301 257 "-" "facebookexternalhit/1.1 (+http://www.facebook.com/externalhit_uatext.php)"
66.220.149.247 - - [24/Mar/2012:22:35:51 -0700] "GET /s/ta/1i49/ HTTP/1.1" 302 437 "-" "facebookexternalhit/1.1 (+http://www.facebook.com/externalhit_uatext.php)"
85.17.88.169 - - [24/Mar/2012:22:36:17 -0700] "POST /blog/wp-cron.php?doing_wp_cron=1332653586 HTTP/1.0" 499 0 "-" "WordPress/3.3.1; http://yuvi.in/blog"
101.226.33.179 - - [24/Mar/2012:22:36:18 -0700] "GET /blog/feed HTTP/1.0" 304 0 "-" "Mozilla/4.0 (compatible; Windows;)"
14.97.138.224 - - [24/Mar/2012:22:37:36 -0700] "GET /favicon.ico HTTP/1.1" 404 199 "-" "Mozilla/5.0 (Windows NT 6.1; WOW64) AppleWebKit/535.11 (KHTML, like Gecko) Chrome/17.0.963.83 Safari/535.11"
14.97.138.224 - - [24/Mar/2012:22:37:52 -0700] "-" 400 0 "-" "-"
14.97.138.224 - - [24/Mar/2012:22:37:52 -0700] "-" 400 0 "-" "-"
14.97.138.224 - - [24/Mar/2012:22:37:52 -0700] "-" 400 0 "-" "-"
14.97.138.224 - - [24/Mar/2012:22:37:52 -0700] "-" 400 0 "-" "-"
14.97.138.224 - - [24/Mar/2012:22:37:52 -0700] "-" 400 0 "-" "-"
122.164.171.162 - - [24/Mar/2012:22:38:20 -0700] "-" 400 0 "-" "-"
157.55.112.204 - - [24/Mar/2012:22:38:51 -0700] "-" 400 0 "-" "-"
157.55.112.204 - - [24/Mar/2012:22:38:53 -0700] "-" 400 0 "-" "-"
157.55.112.204 - - [24/Mar/2012:22:38:53 -0700] "-" 400 0 "-" "-"
157.55.112.204 - - [24/Mar/2012:22:38:53 -0700] "-" 400 0 "-" "-"
157.55.112.204 - - [24/Mar/2012:22:38:55 -0700] "-" 400 0 "-" "-"
157.55.112.204 - - [24/Mar/2012:22:38:55 -0700] "-" 400 0 "-" "-"
157.55.112.204 - - [24/Mar/2012:22:38:56 -0700] "-" 400 0 "-" "-"
157.55.112.204 - - [24/Mar/2012:22:38:58 -0700] "-" 400 0 "-" "-"
157.55.112.204 - - [24/Mar/2012:22:38:58 -0700] "-" 400 0 "-" "-"
157.55.112.204 - - [24/Mar/2012:22:38:58 -0700] "-" 400 0 "-" "-"
157.56.80.74 - - [24/Mar/2012:22:39:01 -0700] "-" 400 0 "-" "-"
157.56.80.74 - - [24/Mar/2012:22:39:03 -0700] "-" 400 0 "-" "-"
157.56.80.74 - - [24/Mar/2012:22:39:04 -0700] "-" 400 0 "-" "-"
157.56.80.74 - - [24/Mar/2012:22:39:04 -0700] "-" 400 0 "-" "-"
157.56.80.74 - - [24/Mar/2012:22:39:06 -0700] "-" 400 0 "-" "-"
157.56.80.74 - - [24/Mar/2012:22:39:06 -0700] "-" 400 0 "-" "-"
157.56.80.74 - - [24/Mar/2012:22:39:06 -0700] "-" 400 0 "-" "-"
157.56.80.74 - - [24/Mar/2012:22:39:06 -0700] "-" 400 0 "-" "-"
157.56.80.74 - - [24/Mar/2012:22:39:07 -0700] "-" 400 0 "-" "-"
157.56.80.74 - - [24/Mar/2012:22:39:07 -0700] "-" 400 0 "-" "-"
157.55.112.204 - - [24/Mar/2012:22:39:31 -0700] "-" 400 0 "-" "-"
85.17.88.169 - - [24/Mar/2012:22:39:33 -0700] "POST /blog/wp-cron.php?doing_wp_cron=1332653782 HTTP/1.0" 499 0 "-" "WordPress/3.3.1; http://yuvi.in/blog"
66.249.67.123 - - [24/Mar/2012:22:39:34 -0700] "GET /blog/theMarianStar/Darius.pdf HTTP/1.1" 404 3016 "-" "Googlebot/2.1 (+http://www.google.com/bot.html)"
209.85.224.99 - - [24/Mar/2012:22:40:16 -0700] "GET /blog/feed HTTP/1.1" 304 0 "-" "FeedBurner/1.0 (http://www.FeedBurner.com)"
27.4.219.27 - - [24/Mar/2012:22:42:34 -0700] "-" 400 0 "-" "-"
66.249.68.106 - - [24/Mar/2012:22:43:02 -0700] "GET /blueprint/print.css HTTP/1.1" 200 1284 "-" "Mozilla/5.0 (compatible; Googlebot/2.1; +http://www.google.com/bot.html)"
66.249.68.106 - - [24/Mar/2012:22:43:03 -0700] "GET /blueprint/screen.css HTTP/1.1" 200 12058 "-" "Mozilla/5.0 (compatible; Googlebot/2.1; +http://www.google.com/bot.html)"
85.17.88.169 - - [24/Mar/2012:22:43:09 -0700] "POST /blog/wp-cron.php?doing_wp_cron=1332653998 HTTP/1.0" 499 0 "-" "WordPress/3.3.1; http://yuvi.in/blog"
220.181.108.166 - - [24/Mar/2012:22:43:10 -0700] "GET /blog/2011/05/ HTTP/1.1" 200 8920 "-" "Mozilla/5.0 (compatible; Baiduspider/2.0; +http://www.baidu.com/search/spider.html)"
85.17.88.169 - - [24/Mar/2012:22:43:35 -0700] "POST /blog/wp-cron.php?doing_wp_cron=1332654023 HTTP/1.0" 499 0 "-" "WordPress/3.3.1; http://yuvi.in/blog"
208.115.111.68 - - [24/Mar/2012:22:43:35 -0700] "GET /blog/2010/11/01/ HTTP/1.1" 200 15338 "-" "Mozilla/5.0 (compatible; Ezooms/1.0; ezooms.bot@gmail.com)"
85.17.88.169 - - [24/Mar/2012:22:43:42 -0700] "POST /blog/wp-cron.php?doing_wp_cron=1332654030 HTTP/1.0" 499 0 "-" "WordPress/3.3.1; http://yuvi.in/blog"
208.115.111.68 - - [24/Mar/2012:22:43:42 -0700] "GET /blog/cheese-gsoc-report-week-3/ HTTP/1.1" 200 17568 "-" "Mozilla/5.0 (compatible; Ezooms/1.0; ezooms.bot@gmail.com)"
85.17.88.169 - - [24/Mar/2012:22:43:48 -0700] "POST /blog/wp-cron.php?doing_wp_cron=1332654036 HTTP/1.0" 499 0 "-" "WordPress/3.3.1; http://yuvi.in/blog"
208.115.111.68 - - [24/Mar/2012:22:43:48 -0700] "GET /blog/page/8/ HTTP/1.1" 200 40088 "-" "Mozilla/5.0 (compatible; Ezooms/1.0; ezooms.bot@gmail.com)"
85.17.88.169 - - [24/Mar/2012:22:44:48 -0700] "POST /blog/wp-cron.php?doing_wp_cron=1332654097 HTTP/1.0" 499 0 "-" "WordPress/3.3.1; http://yuvi.in/blog"
65.52.109.146 - - [24/Mar/2012:22:44:49 -0700] "GET /blog/devlog-december-10-2011/ HTTP/1.1" 200 4530 "-" "Mozilla/5.0 (compatible; bingbot/2.0; +http://www.bing.com/bingbot.htm)"
69.171.229.246 - - [24/Mar/2012:22:45:09 -0700] "GET /r/1i49 HTTP/1.1" 301 257 "-" "facebookexternalhit/1.1 (+http://www.facebook.com/externalhit_uatext.php)"
69.171.229.251 - - [24/Mar/2012:22:45:09 -0700] "GET /s/ta/1i49/ HTTP/1.1" 302 437 "-" "facebookexternalhit/1.1 (+http://www.facebook.com/externalhit_uatext.php)"
208.115.113.84 - - [24/Mar/2012:22:45:12 -0700] "GET /robots.txt HTTP/1.1" 404 169 "-" "Mozilla/5.0 (compatible; Ezooms/1.0; ezooms.bot@gmail.com)"
66.220.149.246 - - [24/Mar/2012:22:45:45 -0700] "GET /r/p0f HTTP/1.1" 301 255 "-" "facebookexternalhit/1.1 (+http://www.facebook.com/externalhit_uatext.php)"
66.220.149.247 - - [24/Mar/2012:22:45:45 -0700] "GET /s/ta/p0f/ HTTP/1.1" 302 433 "-" "facebookexternalhit/1.1 (+http://www.facebook.com/externalhit_uatext.php)"
69.171.229.249 - - [24/Mar/2012:22:46:46 -0700] "GET /r/1i49 HTTP/1.1" 301 257 "-" "facebookexternalhit/1.1 (+http://www.facebook.com/externalhit_uatext.php)"
69.171.229.247 - - [24/Mar/2012:22:46:46 -0700] "GET /s/ta/1i49/ HTTP/1.1" 302 437 "-" "facebookexternalhit/1.1 (+http://www.facebook.com/externalhit_uatext.php)"
69.171.230.244 - - [24/Mar/2012:22:48:10 -0700] "GET /r/1i49 HTTP/1.1" 301 257 "-" "facebookexternalhit/1.1 (+http://www.facebook.com/externalhit_uatext.php)"
69.171.230.249 - - [24/Mar/2012:22:48:10 -0700] "GET /s/ta/1i49/ HTTP/1.1" 302 437 "-" "facebookexternalhit/1.1 (+http://www.facebook.com/externalhit_uatext.php)"
122.164.249.162 - - [24/Mar/2012:22:49:18 -0700] "GET /r/9ve HTTP/1.1" 301 255 "http://ta.wikipedia.org/wiki/%E0%AE%95%E0%AE%AE%E0%AF%8D%E0%AE%AA%E0%AE%B0%E0%AF%8D" "Mozilla/4.0 (compatible; MSIE 8.0; Windows NT 6.1; Trident/4.0; GTB7.3; SLCC2; .NET CLR 2.0.50727; .NET CLR 3.5.30729; .NET CLR 3.0.30729; Media Center PC 6.0; InfoPath.2)"
122.164.249.162 - - [24/Mar/2012:22:49:18 -0700] "GET /s/ta/9ve/ HTTP/1.1" 302 337 "http://ta.wikipedia.org/wiki/%E0%AE%95%E0%AE%AE%E0%AF%8D%E0%AE%AA%E0%AE%B0%E0%AF%8D" "Mozilla/4.0 (compatible; MSIE 8.0; Windows NT 6.1; Trident/4.0; GTB7.3; SLCC2; .NET CLR 2.0.50727; .NET CLR 3.5.30729; .NET CLR 3.0.30729; Media Center PC 6.0; InfoPath.2)"
69.171.234.1 - - [24/Mar/2012:22:49:37 -0700] "GET /r/1i49 HTTP/1.1" 301 257 "-" "facebookexternalhit/1.1 (+http://www.facebook.com/externalhit_uatext.php)"
69.171.234.7 - - [24/Mar/2012:22:49:37 -0700] "GET /s/ta/1i49/ HTTP/1.1" 302 437 "-" "facebookexternalhit/1.1 (+http://www.facebook.com/externalhit_uatext.php)"
66.249.68.52 - - [24/Mar/2012:22:50:47 -0700] "GET /robots.txt HTTP/1.1" 404 211 "-" "Mozilla/5.0 (compatible; Googlebot/2.1; +http://www.google.com/bot.html)"
66.249.68.52 - - [24/Mar/2012:22:50:47 -0700] "GET /s/ta/4yt/ HTTP/1.1" 302 421 "-" "Mozilla/5.0 (compatible; Googlebot/2.1; +http://www.google.com/bot.html)"
85.17.88.169 - - [24/Mar/2012:22:51:09 -0700] "POST /blog/wp-cron.php?doing_wp_cron=1332654477 HTTP/1.0" 499 0 "-" "WordPress/3.3.1; http://yuvi.in/blog"
85.17.88.169 - - [24/Mar/2012:22:51:09 -0700] "POST /blog/wp-cron.php?doing_wp_cron=1332654477 HTTP/1.0" 499 0 "-" "WordPress/3.3.1; http://yuvi.in/blog"
184.72.150.2 - - [24/Mar/2012:22:51:09 -0700] "GET /blog/3-reasons-people-join-it-companies/ HTTP/1.1" 200 5065 "-" "Mozilla/5.0 (Macintosh; U; Intel Mac OS X 10.6; en-US; rv:1.9.2) Gecko/20100115 Firefox/3.6 (FlipboardProxy/0.0.5; +http://flipboard.com/browserproxy)"
67.202.20.209 - - [24/Mar/2012:22:51:09 -0700] "GET /blog/belated-samsung-galaxy-3-review/ HTTP/1.1" 200 6120 "-" "Mozilla/5.0 (Macintosh; U; Intel Mac OS X 10.6; en-US; rv:1.9.2) Gecko/20100115 Firefox/3.6 (FlipboardProxy/0.0.5; +http://flipboard.com/browserproxy)"
69.171.228.248 - - [24/Mar/2012:22:51:20 -0700] "GET /r/1i49 HTTP/1.1" 301 257 "-" "facebookexternalhit/1.1 (+http://www.facebook.com/externalhit_uatext.php)"
69.171.228.248 - - [24/Mar/2012:22:51:21 -0700] "GET /s/ta/1i49/ HTTP/1.1" 302 437 "-" "facebookexternalhit/1.1 (+http://www.facebook.com/externalhit_uatext.php)"
69.171.228.251 - - [24/Mar/2012:22:54:49 -0700] "GET /r/1i49 HTTP/1.1" 301 257 "-" "facebookexternalhit/1.1 (+http://www.facebook.com/externalhit_uatext.php)"
69.171.228.249 - - [24/Mar/2012:22:54:49 -0700] "GET /s/ta/1i49/ HTTP/1.1" 302 437 "-" "facebookexternalhit/1.1 (+http://www.facebook.com/externalhit_uatext.php)"
100.43.83.144 - - [24/Mar/2012:22:56:07 -0700] "GET /robots.txt HTTP/1.1" 404 238 "-" "Mozilla/5.0 (compatible; YandexBot/3.0; +http://yandex.com/bots)"
85.17.88.169 - - [24/Mar/2012:22:56:08 -0700] "POST /blog/wp-cron.php?doing_wp_cron=1332654777 HTTP/1.0" 499 0 "-" "WordPress/3.3.1; http://yuvi.in/blog"
100.43.83.144 - - [24/Mar/2012:22:56:09 -0700] "GET /blog/program/ HTTP/1.1" 200 8229 "-" "Mozilla/5.0 (compatible; YandexBot/3.0; +http://yandex.com/bots)"
100.43.83.144 - - [24/Mar/2012:22:56:09 -0700] "GET /r/1i49 HTTP/1.1" 301 257 "-" "Mozilla/5.0 (compatible; YandexBot/3.0; +http://yandex.com/bots)"
69.171.229.244 - - [24/Mar/2012:22:56:35 -0700] "GET /r/1i49 HTTP/1.1" 301 257 "-" "facebookexternalhit/1.1 (+http://www.facebook.com/externalhit_uatext.php)"
69.171.229.251 - - [24/Mar/2012:22:56:35 -0700] "GET /s/ta/1i49/ HTTP/1.1" 302 437 "-" "facebookexternalhit/1.1 (+http://www.facebook.com/externalhit_uatext.php)"
69.171.228.250 - - [24/Mar/2012:22:57:54 -0700] "GET /r/2x9l HTTP/1.1" 301 257 "-" "facebookexternalhit/1.1 (+http://www.facebook.com/externalhit_uatext.php)"
69.171.228.249 - - [24/Mar/2012:22:57:54 -0700] "GET /s/ta/2x9l/ HTTP/1.1" 302 583 "-" "facebookexternalhit/1.1 (+http://www.facebook.com/externalhit_uatext.php)"
69.171.228.247 - - [24/Mar/2012:22:57:58 -0700] "GET /r/2bzj HTTP/1.1" 301 257 "-" "facebookexternalhit/1.1 (+http://www.facebook.com/externalhit_uatext.php)"
69.171.228.250 - - [24/Mar/2012:22:57:58 -0700] "GET /s/ta/2bzj/ HTTP/1.1" 302 577 "-" "facebookexternalhit/1.1 (+http://www.facebook.com/externalhit_uatext.php)"
69.171.228.250 - - [24/Mar/2012:22:57:59 -0700] "GET /r/13jy HTTP/1.1" 301 257 "-" "facebookexternalhit/1.1 (+http://www.facebook.com/externalhit_uatext.php)"
69.171.228.247 - - [24/Mar/2012:22:57:59 -0700] "GET /s/ta/13jy/ HTTP/1.1" 302 361 "-" "facebookexternalhit/1.1 (+http://www.facebook.com/externalhit_uatext.php)"
69.171.234.2 - - [24/Mar/2012:22:58:30 -0700] "GET /r/1i49 HTTP/1.1" 301 257 "-" "facebookexternalhit/1.1 (+http://www.facebook.com/externalhit_uatext.php)"
69.171.234.7 - - [24/Mar/2012:22:58:30 -0700] "GET /s/ta/1i49/ HTTP/1.1" 302 437 "-" "facebookexternalhit/1.1 (+http://www.facebook.com/externalhit_uatext.php)"
207.46.204.163 - - [24/Mar/2012:23:01:22 -0700] "-" 400 0 "-" "-"
207.46.204.163 - - [24/Mar/2012:23:01:23 -0700] "-" 400 0 "-" "-"
207.46.204.163 - - [24/Mar/2012:23:01:24 -0700] "-" 400 0 "-" "-"
207.46.204.163 - - [24/Mar/2012:23:01:24 -0700] "-" 400 0 "-" "-"
207.46.204.163 - - [24/Mar/2012:23:01:24 -0700] "-" 400 0 "-" "-"
207.46.204.163 - - [24/Mar/2012:23:01:25 -0700] "-" 400 0 "-" "-"
207.46.204.163 - - [24/Mar/2012:23:01:25 -0700] "-" 400 0 "-" "-"
207.46.204.163 - - [24/Mar/2012:23:01:25 -0700] "-" 400 0 "-" "-"
207.46.204.163 - - [24/Mar/2012:23:01:25 -0700] "-" 400 0 "-" "-"
207.46.204.163 - - [24/Mar/2012:23:01:26 -0700] "-" 400 0 "-" "-"
207.46.204.163 - - [24/Mar/2012:23:01:57 -0700] "-" 400 0 "-" "-"
85.17.88.169 - - [24/Mar/2012:23:02:49 -0700] "POST /blog/wp-cron.php?doing_wp_cron=1332655178 HTTP/1.0" 499 0 "-" "WordPress/3.3.1; http://yuvi.in/blog"
180.76.5.143 - - [24/Mar/2012:23:02:50 -0700] "GET /blog/?p=66 HTTP/1.1" 301 0 "-" "Mozilla/5.0 (compatible; Baiduspider/2.0; +http://www.baidu.com/search/spider.html)"
85.17.88.169 - - [24/Mar/2012:23:02:52 -0700] "POST /blog/wp-cron.php?doing_wp_cron=1332655180 HTTP/1.0" 499 0 "-" "WordPress/3.3.1; http://yuvi.in/blog"
180.76.5.136 - - [24/Mar/2012:23:02:52 -0700] "GET /blog/icc-rules-for-backyard-cricket/ HTTP/1.1" 200 4388 "-" "Mozilla/5.0 (compatible; Baiduspider/2.0; +http://www.baidu.com/search/spider.html)"
85.17.88.169 - - [24/Mar/2012:23:03:22 -0700] "POST /blog/wp-cron.php?doing_wp_cron=1332655211 HTTP/1.0" 499 0 "-" "WordPress/3.3.1; http://yuvi.in/blog"
209.85.238.115 - - [24/Mar/2012:23:03:23 -0700] "GET /blog/feed/ HTTP/1.1" 304 0 "-" "Feedfetcher-Google; (+http://www.google.com/feedfetcher.html; 18 subscribers; feed-id=15064232456473204253)"
69.171.230.247 - - [24/Mar/2012:23:03:31 -0700] "GET /r/1i49 HTTP/1.1" 301 257 "-" "facebookexternalhit/1.1 (+http://www.facebook.com/externalhit_uatext.php)"
69.171.230.246 - - [24/Mar/2012:23:03:32 -0700] "GET /s/ta/1i49/ HTTP/1.1" 302 437 "-" "facebookexternalhit/1.1 (+http://www.facebook.com/externalhit_uatext.php)"
94.228.34.248 - - [24/Mar/2012:23:05:11 -0700] "GET /blog/ HTTP/1.1" 200 9194 "-" "magpie-crawler/1.1 (U; Linux amd64; en-GB; +http://www.brandwatch.net)"
207.46.12.74 - - [24/Mar/2012:23:05:51 -0700] "-" 400 0 "-" "-"
207.46.12.74 - - [24/Mar/2012:23:05:51 -0700] "-" 400 0 "-" "-"
207.46.12.74 - - [24/Mar/2012:23:05:51 -0700] "-" 400 0 "-" "-"
207.46.12.74 - - [24/Mar/2012:23:05:51 -0700] "-" 400 0 "-" "-"
207.46.12.74 - - [24/Mar/2012:23:05:51 -0700] "-" 400 0 "-" "-"
207.46.12.74 - - [24/Mar/2012:23:05:52 -0700] "-" 400 0 "-" "-"
207.46.12.74 - - [24/Mar/2012:23:05:52 -0700] "-" 400 0 "-" "-"
207.46.12.74 - - [24/Mar/2012:23:05:52 -0700] "-" 400 0 "-" "-"
207.46.12.74 - - [24/Mar/2012:23:06:17 -0700] "-" 400 0 "-" "-"
207.46.12.74 - - [24/Mar/2012:23:06:18 -0700] "-" 400 0 "-" "-"
207.46.12.74 - - [24/Mar/2012:23:06:18 -0700] "-" 400 0 "-" "-"
85.17.88.169 - - [24/Mar/2012:23:08:03 -0700] "POST /blog/wp-cron.php?doing_wp_cron=1332655491 HTTP/1.0" 499 0 "-" "WordPress/3.3.1; http://yuvi.in/blog"
209.85.238.115 - - [24/Mar/2012:23:08:03 -0700] "GET /blog/feed HTTP/1.1" 301 0 "-" "Feedfetcher-Google; (+http://www.google.com/feedfetcher.html; 3 subscribers; feed-id=17684830852112633560)"
220.181.108.153 - - [24/Mar/2012:23:08:03 -0700] "GET /blog/tag/talk/ HTTP/1.1" 200 4042 "-" "Mozilla/5.0 (compatible; Baiduspider/2.0; +http://www.baidu.com/search/spider.html)"
85.17.88.169 - - [24/Mar/2012:23:08:05 -0700] "POST /blog/wp-cron.php?doing_wp_cron=1332655493 HTTP/1.0" 499 0 "-" "WordPress/3.3.1; http://yuvi.in/blog"
209.85.238.115 - - [24/Mar/2012:23:08:05 -0700] "GET /blog/feed/ HTTP/1.1" 304 0 "-" "Feedfetcher-Google; (+http://www.google.com/feedfetcher.html; 3 subscribers; feed-id=17684830852112633560)"
69.171.234.4 - - [24/Mar/2012:23:08:21 -0700] "GET /r/1eg5 HTTP/1.1" 301 257 "-" "facebookexternalhit/1.1 (+http://www.facebook.com/externalhit_uatext.php)"
69.171.234.1 - - [24/Mar/2012:23:08:22 -0700] "GET /s/ta/1eg5/ HTTP/1.1" 302 337 "-" "facebookexternalhit/1.1 (+http://www.facebook.com/externalhit_uatext.php)"
66.249.68.52 - - [24/Mar/2012:23:08:38 -0700] "GET /r/gvn HTTP/1.1" 301 255 "-" "Mozilla/5.0 (compatible; Googlebot/2.1; +http://www.google.com/bot.html)"
66.249.68.52 - - [24/Mar/2012:23:08:38 -0700] "GET /s/ta/gvn/ HTTP/1.1" 302 473 "-" "Mozilla/5.0 (compatible; Googlebot/2.1; +http://www.google.com/bot.html)"
66.220.149.246 - - [24/Mar/2012:23:08:44 -0700] "GET /r/1i49 HTTP/1.1" 301 257 "-" "facebookexternalhit/1.1 (+http://www.facebook.com/externalhit_uatext.php)"
66.220.149.244 - - [24/Mar/2012:23:08:44 -0700] "GET /s/ta/1i49/ HTTP/1.1" 302 437 "-" "facebookexternalhit/1.1 (+http://www.facebook.com/externalhit_uatext.php)"
14.99.84.157 - - [24/Mar/2012:23:08:57 -0700] "-" 400 0 "-" "-"
85.17.88.169 - - [24/Mar/2012:23:10:22 -0700] "POST /blog/wp-cron.php?doing_wp_cron=1332655630 HTTP/1.0" 499 0 "-" "WordPress/3.3.1; http://yuvi.in/blog"
209.85.224.99 - - [24/Mar/2012:23:10:22 -0700] "GET /blog/feed HTTP/1.1" 304 0 "-" "FeedBurner/1.0 (http://www.FeedBurner.com)"
207.46.204.169 - - [24/Mar/2012:23:11:09 -0700] "-" 400 0 "-" "-"
207.46.204.169 - - [24/Mar/2012:23:11:09 -0700] "-" 400 0 "-" "-"
207.46.204.169 - - [24/Mar/2012:23:11:10 -0700] "-" 400 0 "-" "-"
207.46.204.169 - - [24/Mar/2012:23:11:10 -0700] "-" 400 0 "-" "-"
207.46.204.169 - - [24/Mar/2012:23:11:10 -0700] "-" 400 0 "-" "-"
207.46.204.169 - - [24/Mar/2012:23:11:10 -0700] "-" 400 0 "-" "-"
207.46.204.169 - - [24/Mar/2012:23:11:10 -0700] "-" 400 0 "-" "-"
207.46.204.169 - - [24/Mar/2012:23:11:10 -0700] "-" 400 0 "-" "-"
207.46.204.169 - - [24/Mar/2012:23:11:10 -0700] "-" 400 0 "-" "-"
207.46.204.169 - - [24/Mar/2012:23:11:10 -0700] "-" 400 0 "-" "-"
69.171.229.248 - - [24/Mar/2012:23:13:41 -0700] "GET /r/1i49 HTTP/1.1" 301 257 "-" "facebookexternalhit/1.1 (+http://www.facebook.com/externalhit_uatext.php)"
69.171.229.249 - - [24/Mar/2012:23:13:41 -0700] "GET /s/ta/1i49/ HTTP/1.1" 302 437 "-" "facebookexternalhit/1.1 (+http://www.facebook.com/externalhit_uatext.php)"
209.85.224.80 - - [24/Mar/2012:23:14:31 -0700] "GET /stories/feed HTTP/1.1" 200 13653 "-" "FeedBurner/1.0 (http://www.FeedBurner.com)"
207.46.204.168 - - [24/Mar/2012:23:15:35 -0700] "-" 400 0 "-" "-"
