63.79.88.128 - - [13/Apr/2012:09:36:49 -0700] "GET / HTTP/1.1" 200 1430 "-" "Caffeinated/1.1.2 CFNetwork/520.3.2 Darwin/11.3.0 (x86_64) (MacBookPro8%2C1)"
63.79.88.128 - - [13/Apr/2012:09:36:50 -0700] "GET /favicon.ico HTTP/1.1" 404 142 "-" "Caffeinated/1.1.2 CFNetwork/520.3.2 Darwin/11.3.0 (x86_64) (MacBookPro8%2C1)"
85.17.88.169 - - [13/Apr/2012:09:36:52 -0700] "POST /blog/wp-cron.php?doing_wp_cron=1334334665 HTTP/1.0" 499 0 "-" "WordPress/3.3.1; http://yuvi.in/blog"
208.115.111.68 - - [13/Apr/2012:09:36:52 -0700] "GET /blog/tag/rant/feed/ HTTP/1.1" 200 18888 "-" "Mozilla/5.0 (compatible; Ezooms/1.0; ezooms.bot@gmail.com)"
85.17.88.169 - - [13/Apr/2012:09:36:59 -0700] "POST /blog/wp-cron.php?doing_wp_cron=1334334672 HTTP/1.0" 499 0 "-" "WordPress/3.3.1; http://yuvi.in/blog"
208.115.111.68 - - [13/Apr/2012:09:36:59 -0700] "GET /blog/picks-from-autogenerated-freya-quotes-nsfw/feed/ HTTP/1.1" 200 819 "-" "Mozilla/5.0 (compatible; Ezooms/1.0; ezooms.bot@gmail.com)"
85.17.88.169 - - [13/Apr/2012:09:37:06 -0700] "POST /blog/wp-cron.php?doing_wp_cron=1334334680 HTTP/1.0" 499 0 "-" "WordPress/3.3.1; http://yuvi.in/blog"
208.115.111.68 - - [13/Apr/2012:09:37:07 -0700] "GET /blog/icc-rules-for-backyard-cricket/feed/ HTTP/1.1" 200 780 "-" "Mozilla/5.0 (compatible; Ezooms/1.0; ezooms.bot@gmail.com)"
63.79.88.128 - - [13/Apr/2012:09:37:46 -0700] "GET / HTTP/1.1" 200 1430 "-" "Caffeinated/1.1.2 CFNetwork/520.3.2 Darwin/11.3.0 (x86_64) (MacBookPro8%2C1)"
63.79.88.128 - - [13/Apr/2012:09:37:46 -0700] "GET /favicon.ico HTTP/1.1" 404 142 "-" "Caffeinated/1.1.2 CFNetwork/520.3.2 Darwin/11.3.0 (x86_64) (MacBookPro8%2C1)"
117.193.236.4 - - [13/Apr/2012:09:37:55 -0700] "-" 400 0 "-" "-"
66.219.58.43 - - [13/Apr/2012:09:38:06 -0700] "GET /robots.txt HTTP/1.1" 404 142 "-" "MLBot (www.metadatalabs.com/mlbot)"
66.219.58.43 - - [13/Apr/2012:09:38:07 -0700] "GET / HTTP/1.1" 200 1430 "-" "MLBot (www.metadatalabs.com/mlbot)"
117.193.236.4 - - [13/Apr/2012:09:38:19 -0700] "-" 400 0 "-" "-"
202.156.8.244 - - [13/Apr/2012:09:38:33 -0700] "GET /r/1va HTTP/1.1" 301 255 "-" "Mozilla/5.0 (iPhone; CPU iPhone OS 5_1 like Mac OS X) AppleWebKit/534.46 (KHTML, like Gecko) Mobile/9B179"
202.156.8.244 - - [13/Apr/2012:09:38:33 -0700] "GET /s/ta/1va/ HTTP/1.1" 302 409 "-" "Mozilla/5.0 (iPhone; CPU iPhone OS 5_1 like Mac OS X) AppleWebKit/534.46 (KHTML, like Gecko) Mobile/9B179"
202.156.8.244 - - [13/Apr/2012:09:38:39 -0700] "GET /s/ta/1va/ HTTP/1.1" 302 409 "-" "Mozilla/5.0 (iPhone; CPU iPhone OS 5_1 like Mac OS X) AppleWebKit/534.46 (KHTML, like Gecko) Mobile/9B179"
202.156.8.244 - - [13/Apr/2012:09:38:50 -0700] "GET /r/23z HTTP/1.1" 301 255 "-" "Mozilla/5.0 (iPhone; CPU iPhone OS 5_1 like Mac OS X) AppleWebKit/534.46 (KHTML, like Gecko) Mobile/9B179"
202.156.8.244 - - [13/Apr/2012:09:38:51 -0700] "GET /s/ta/23z/ HTTP/1.1" 302 397 "-" "Mozilla/5.0 (iPhone; CPU iPhone OS 5_1 like Mac OS X) AppleWebKit/534.46 (KHTML, like Gecko) Mobile/9B179"
67.215.230.26 - - [13/Apr/2012:09:40:35 -0700] "GET /robots.txt HTTP/1.0" 404 169 "-" "Setooz/Nutch-1.2 (http://www.setooz.com)"
67.215.230.26 - - [13/Apr/2012:09:40:35 -0700] "GET / HTTP/1.0" 200 3439 "-" "Setooz/Nutch-1.2 (http://www.setooz.com)"
67.215.230.28 - - [13/Apr/2012:09:40:36 -0700] "GET /robots.txt HTTP/1.0" 404 169 "-" "Setooz/Nutch-1.2 (http://www.setooz.com)"
67.215.230.28 - - [13/Apr/2012:09:40:36 -0700] "GET /stories HTTP/1.0" 301 185 "-" "Setooz/Nutch-1.2 (http://www.setooz.com)"
85.17.88.169 - - [13/Apr/2012:09:41:21 -0700] "POST /blog/wp-cron.php?doing_wp_cron=1334334934 HTTP/1.0" 499 0 "-" "WordPress/3.3.1; http://yuvi.in/blog"
209.85.224.94 - - [13/Apr/2012:09:41:21 -0700] "GET /blog/feed HTTP/1.1" 304 0 "-" "FeedBurner/1.0 (http://www.FeedBurner.com)"
117.193.236.4 - - [13/Apr/2012:09:41:28 -0700] "-" 400 0 "-" "-"
207.46.204.214 - - [13/Apr/2012:09:42:58 -0700] "-" 400 0 "-" "-"
207.46.204.214 - - [13/Apr/2012:09:42:58 -0700] "-" 400 0 "-" "-"
207.46.204.214 - - [13/Apr/2012:09:42:59 -0700] "-" 400 0 "-" "-"
207.46.204.214 - - [13/Apr/2012:09:42:59 -0700] "-" 400 0 "-" "-"
207.46.204.214 - - [13/Apr/2012:09:42:59 -0700] "-" 400 0 "-" "-"
207.46.204.214 - - [13/Apr/2012:09:42:59 -0700] "-" 400 0 "-" "-"
207.46.204.214 - - [13/Apr/2012:09:42:59 -0700] "-" 400 0 "-" "-"
207.46.204.214 - - [13/Apr/2012:09:42:59 -0700] "-" 400 0 "-" "-"
207.46.204.214 - - [13/Apr/2012:09:42:59 -0700] "-" 400 0 "-" "-"
207.46.204.214 - - [13/Apr/2012:09:42:59 -0700] "-" 400 0 "-" "-"
207.46.204.214 - - [13/Apr/2012:09:42:59 -0700] "-" 400 0 "-" "-"
207.46.204.214 - - [13/Apr/2012:09:42:59 -0700] "-" 400 0 "-" "-"
115.184.76.193 - - [13/Apr/2012:09:43:00 -0700] "-" 400 0 "-" "-"
115.184.76.193 - - [13/Apr/2012:09:43:10 -0700] "-" 400 0 "-" "-"
117.193.236.4 - - [13/Apr/2012:09:43:34 -0700] "-" 400 0 "-" "-"
207.46.204.214 - - [13/Apr/2012:09:43:38 -0700] "-" 400 0 "-" "-"
59.163.27.11 - - [13/Apr/2012:09:44:14 -0700] "GET /AssessmentBar/r/Unassessed_India_articles/ HTTP/1.1" 302 315 "http://en.wikipedia.org/wiki/India%E2%80%93Japan_relations" "Mozilla/5.0 (Windows NT 5.1) AppleWebKit/535.11 (KHTML, like Gecko) Chrome/17.0.963.83 Safari/535.11"
59.163.27.11 - - [13/Apr/2012:09:44:20 -0700] "GET /AssessmentBar/r/Unassessed_India_articles/ HTTP/1.1" 302 269 "http://en.wikipedia.org/wiki/The_Barn_Owl's_Wondrous_Capers" "Mozilla/5.0 (Windows NT 5.1) AppleWebKit/535.11 (KHTML, like Gecko) Chrome/17.0.963.83 Safari/535.11"
59.163.27.11 - - [13/Apr/2012:09:44:25 -0700] "GET /AssessmentBar/r/Unassessed_India_articles/ HTTP/1.1" 302 295 "http://en.wikipedia.org/wiki/Paradhi" "Mozilla/5.0 (Windows NT 5.1) AppleWebKit/535.11 (KHTML, like Gecko) Chrome/17.0.963.83 Safari/535.11"
59.163.27.11 - - [13/Apr/2012:09:44:29 -0700] "GET /AssessmentBar/r/Unassessed_India_articles/ HTTP/1.1" 302 293 "http://en.wikipedia.org/wiki/Lok_Sangharsh_Morcha" "Mozilla/5.0 (Windows NT 5.1) AppleWebKit/535.11 (KHTML, like Gecko) Chrome/17.0.963.83 Safari/535.11"
207.46.199.23 - - [13/Apr/2012:09:44:29 -0700] "-" 400 0 "-" "-"
207.46.199.23 - - [13/Apr/2012:09:44:29 -0700] "-" 400 0 "-" "-"
207.46.199.23 - - [13/Apr/2012:09:44:30 -0700] "-" 400 0 "-" "-"
207.46.199.23 - - [13/Apr/2012:09:44:36 -0700] "-" 400 0 "-" "-"
207.46.199.23 - - [13/Apr/2012:09:44:38 -0700] "-" 400 0 "-" "-"
207.46.199.23 - - [13/Apr/2012:09:44:38 -0700] "-" 400 0 "-" "-"
207.46.199.23 - - [13/Apr/2012:09:44:39 -0700] "-" 400 0 "-" "-"
207.46.199.23 - - [13/Apr/2012:09:44:39 -0700] "-" 400 0 "-" "-"
207.46.199.23 - - [13/Apr/2012:09:44:39 -0700] "-" 400 0 "-" "-"
207.46.199.23 - - [13/Apr/2012:09:44:39 -0700] "-" 400 0 "-" "-"
207.46.199.23 - - [13/Apr/2012:09:44:40 -0700] "-" 400 0 "-" "-"
207.46.199.23 - - [13/Apr/2012:09:44:40 -0700] "-" 400 0 "-" "-"
115.184.76.193 - - [13/Apr/2012:09:45:00 -0700] "-" 400 0 "-" "-"
115.184.76.193 - - [13/Apr/2012:09:45:00 -0700] "-" 400 0 "-" "-"
115.184.76.193 - - [13/Apr/2012:09:45:00 -0700] "-" 400 0 "-" "-"
115.184.76.193 - - [13/Apr/2012:09:45:00 -0700] "-" 400 0 "-" "-"
59.163.27.11 - - [13/Apr/2012:09:45:05 -0700] "GET /AssessmentBar/r/Unassessed_India_articles/ HTTP/1.1" 302 283 "http://en.wikipedia.org/wiki/Suvarna_Film_Awards" "Mozilla/5.0 (Windows NT 5.1) AppleWebKit/535.11 (KHTML, like Gecko) Chrome/17.0.963.83 Safari/535.11"
59.163.27.11 - - [13/Apr/2012:09:45:10 -0700] "GET /AssessmentBar/r/Unassessed_India_articles/ HTTP/1.1" 302 283 "http://en.wikipedia.org/wiki/Aideu_Handique" "Mozilla/5.0 (Windows NT 5.1) AppleWebKit/535.11 (KHTML, like Gecko) Chrome/17.0.963.83 Safari/535.11"
59.163.27.11 - - [13/Apr/2012:09:45:22 -0700] "GET /AssessmentBar/r/Unassessed_India_articles/ HTTP/1.1" 302 289 "http://en.wikipedia.org/wiki/Sunil_Sivanand" "Mozilla/5.0 (Windows NT 5.1) AppleWebKit/535.11 (KHTML, like Gecko) Chrome/17.0.963.83 Safari/535.11"
207.46.199.23 - - [13/Apr/2012:09:45:37 -0700] "-" 400 0 "-" "-"
115.184.76.193 - - [13/Apr/2012:09:45:50 -0700] "-" 400 0 "-" "-"
115.184.76.193 - - [13/Apr/2012:09:45:50 -0700] "-" 400 0 "-" "-"
115.184.76.193 - - [13/Apr/2012:09:45:50 -0700] "-" 400 0 "-" "-"
115.184.76.193 - - [13/Apr/2012:09:45:50 -0700] "-" 400 0 "-" "-"
115.184.76.193 - - [13/Apr/2012:09:46:20 -0700] "-" 400 0 "-" "-"
115.184.76.193 - - [13/Apr/2012:09:46:20 -0700] "-" 400 0 "-" "-"
115.184.76.193 - - [13/Apr/2012:09:46:20 -0700] "-" 400 0 "-" "-"
115.184.76.193 - - [13/Apr/2012:09:46:20 -0700] "-" 400 0 "-" "-"
66.249.73.90 - - [13/Apr/2012:09:47:08 -0700] "GET /robots.txt HTTP/1.1" 404 142 "-" "Mozilla/5.0 (compatible; Googlebot/2.1; +http://www.google.com/bot.html)"
66.249.73.90 - - [13/Apr/2012:09:47:08 -0700] "GET /chennai/api/autocomplete/stages HTTP/1.1" 404 142 "-" "Mozilla/5.0 (compatible; Googlebot/2.1; +http://www.google.com/bot.html)"
59.163.27.11 - - [13/Apr/2012:09:47:20 -0700] "GET /AssessmentBar/r/Unassessed_India_articles/ HTTP/1.1" 302 407 "http://en.wikipedia.org/wiki/Aubrey_J._O'Brien" "Mozilla/5.0 (Windows NT 5.1) AppleWebKit/535.11 (KHTML, like Gecko) Chrome/17.0.963.83 Safari/535.11"
207.46.204.209 - - [13/Apr/2012:09:47:29 -0700] "-" 400 0 "-" "-"
207.46.204.209 - - [13/Apr/2012:09:47:29 -0700] "-" 400 0 "-" "-"
207.46.204.209 - - [13/Apr/2012:09:47:29 -0700] "-" 400 0 "-" "-"
207.46.204.209 - - [13/Apr/2012:09:47:31 -0700] "-" 400 0 "-" "-"
207.46.204.209 - - [13/Apr/2012:09:47:32 -0700] "-" 400 0 "-" "-"
207.46.204.209 - - [13/Apr/2012:09:47:33 -0700] "-" 400 0 "-" "-"
207.46.204.209 - - [13/Apr/2012:09:47:33 -0700] "-" 400 0 "-" "-"
207.46.204.209 - - [13/Apr/2012:09:47:34 -0700] "-" 400 0 "-" "-"
207.46.204.209 - - [13/Apr/2012:09:47:36 -0700] "-" 400 0 "-" "-"
207.46.204.209 - - [13/Apr/2012:09:47:36 -0700] "-" 400 0 "-" "-"
207.46.204.209 - - [13/Apr/2012:09:47:36 -0700] "-" 400 0 "-" "-"
207.46.204.209 - - [13/Apr/2012:09:47:37 -0700] "-" 400 0 "-" "-"
59.163.27.11 - - [13/Apr/2012:09:47:53 -0700] "GET /AssessmentBar/r/Unassessed_India_articles/ HTTP/1.1" 302 281 "http://en.wikipedia.org/wiki/Birla_Institute_of_Technology_%E2%80%93_Science_and_Technology_Entrepreneurs'_Park" "Mozilla/5.0 (Windows NT 5.1) AppleWebKit/535.11 (KHTML, like Gecko) Chrome/17.0.963.83 Safari/535.11"
59.163.27.11 - - [13/Apr/2012:09:47:59 -0700] "GET /AssessmentBar/r/Unassessed_India_articles/ HTTP/1.1" 302 321 "http://en.wikipedia.org/wiki/Kosal_Horizon" "Mozilla/5.0 (Windows NT 5.1) AppleWebKit/535.11 (KHTML, like Gecko) Chrome/17.0.963.83 Safari/535.11"
59.163.27.11 - - [13/Apr/2012:09:48:04 -0700] "GET /AssessmentBar/r/Unassessed_India_articles/ HTTP/1.1" 302 287 "http://en.wikipedia.org/wiki/Traditional_Cuisines_of_Jharkhand" "Mozilla/5.0 (Windows NT 5.1) AppleWebKit/535.11 (KHTML, like Gecko) Chrome/17.0.963.83 Safari/535.11"
115.242.204.138 - - [13/Apr/2012:09:48:13 -0700] "-" 400 0 "-" "-"
59.163.27.11 - - [13/Apr/2012:09:48:26 -0700] "GET /AssessmentBar/r/Unassessed_India_articles/ HTTP/1.1" 302 285 "http://en.wikipedia.org/wiki/Chemplast_Sanmar" "Mozilla/5.0 (Windows NT 5.1) AppleWebKit/535.11 (KHTML, like Gecko) Chrome/17.0.963.83 Safari/535.11"
117.192.88.114 - - [13/Apr/2012:09:48:30 -0700] "GET / HTTP/1.1" 200 3439 "-" "-"
117.192.88.114 - - [13/Apr/2012:09:48:31 -0700] "WebKit/535.19 (KHTML, like Gecko) Chrome/18.0.1025.152 Safari/535.19" 400 173 "-" "-"
117.192.88.114 - - [13/Apr/2012:09:48:32 -0700] "GET /AssessmentBar/r/Unassessed_India_articles/blueprint/print.css HTTP/1.1" 404 211 "http://yuvi.in/AssessmentBar/r/Unassessed_India_articles/" "Mozilla/5.0 (Windows NT 6.0) AppleWebKit/535.19 (KHTML, like Gecko) Chrome/18.0.1025.152 Safari/535.19"
117.192.88.114 - - [13/Apr/2012:09:48:34 -0700] "GET /AssessmentBar/r/Unassessed_India_articles/header.png HTTP/1.1" 404 211 "http://yuvi.in/AssessmentBar/r/Unassessed_India_articles/" "Mozilla/5.0 (Windows NT 6.0) AppleWebKit/535.19 (KHTML, like Gecko) Chrome/18.0.1025.152 Safari/535.19"
117.192.88.114 - - [13/Apr/2012:09:48:35 -0700] "GET /favicon.ico HTTP/1.1" 404 199 "-" "Mozilla/5.0 (Windows NT 6.0) AppleWebKit/535.19 (KHTML, like Gecko) Chrome/18.0.1025.152 Safari/535.19"
59.163.27.11 - - [13/Apr/2012:09:49:18 -0700] "GET /AssessmentBar/r/Unassessed_India_articles/ HTTP/1.1" 302 283 "http://en.wikipedia.org/wiki/Shiamak_Davar" "Mozilla/5.0 (Windows NT 5.1) AppleWebKit/535.11 (KHTML, like Gecko) Chrome/17.0.963.83 Safari/535.11"
59.163.27.11 - - [13/Apr/2012:09:49:39 -0700] "GET /AssessmentBar/r/Unassessed_India_articles/ HTTP/1.1" 302 275 "http://en.wikipedia.org/wiki/Shiamak_Davar" "Mozilla/5.0 (Windows NT 5.1) AppleWebKit/535.11 (KHTML, like Gecko) Chrome/17.0.963.83 Safari/535.11"
59.163.27.11 - - [13/Apr/2012:09:49:42 -0700] "GET /AssessmentBar/r/Unassessed_India_articles/ HTTP/1.1" 302 269 "http://en.wikipedia.org/wiki/UTV_Action" "Mozilla/5.0 (Windows NT 5.1) AppleWebKit/535.11 (KHTML, like Gecko) Chrome/17.0.963.83 Safari/535.11"
208.115.113.85 - - [13/Apr/2012:09:49:45 -0700] "GET /s/ta/3if/ HTTP/1.1" 302 403 "-" "Mozilla/5.0 (compatible; Ezooms/1.0; ezooms.bot@gmail.com)"
106.79.88.56 - - [13/Apr/2012:09:49:50 -0700] "GET /r/1eg5 HTTP/1.1" 301 257 "http://m.facebook.com/" "SAMSUNG-GT-C3200/1.0 NetFront/3.5 Profile/MIDP-2.0 Configuration/CLDC-1.1"
106.79.88.56 - - [13/Apr/2012:09:49:51 -0700] "GET /s/ta/1eg5/ HTTP/1.1" 302 337 "http://m.facebook.com/" "SAMSUNG-GT-C3200/1.0 NetFront/3.5 Profile/MIDP-2.0 Configuration/CLDC-1.1"
59.163.27.11 - - [13/Apr/2012:09:50:03 -0700] "GET /AssessmentBar/r/Unassessed_India_articles/ HTTP/1.1" 302 325 "http://en.wikipedia.org/wiki/Koodali" "Mozilla/5.0 (Windows NT 5.1) AppleWebKit/535.11 (KHTML, like Gecko) Chrome/17.0.963.83 Safari/535.11"
59.163.27.11 - - [13/Apr/2012:09:50:09 -0700] "GET /AssessmentBar/r/Unassessed_India_articles/ HTTP/1.1" 302 289 "http://en.wikipedia.org/wiki/Edward_Leigh_(cricketer,_born_1913)" "Mozilla/5.0 (Windows NT 5.1) AppleWebKit/535.11 (KHTML, like Gecko) Chrome/17.0.963.83 Safari/535.11"
59.163.27.11 - - [13/Apr/2012:09:50:33 -0700] "GET /AssessmentBar/r/Unassessed_India_articles/ HTTP/1.1" 302 277 "http://en.wikipedia.org/wiki/Shekar_Narasimhan" "Mozilla/5.0 (Windows NT 5.1) AppleWebKit/535.11 (KHTML, like Gecko) Chrome/17.0.963.83 Safari/535.11"
59.163.27.11 - - [13/Apr/2012:09:51:17 -0700] "GET /AssessmentBar/r/Unassessed_India_articles/ HTTP/1.1" 302 341 "http://en.wikipedia.org/wiki/Lewis_Pelly" "Mozilla/5.0 (Windows NT 5.1) AppleWebKit/535.11 (KHTML, like Gecko) Chrome/17.0.963.83 Safari/535.11"
115.242.204.138 - - [13/Apr/2012:09:51:43 -0700] "-" 400 0 "-" "-"
115.242.204.138 - - [13/Apr/2012:09:51:43 -0700] "-" 400 0 "-" "-"
115.242.204.138 - - [13/Apr/2012:09:51:43 -0700] "-" 400 0 "-" "-"
115.242.204.138 - - [13/Apr/2012:09:51:43 -0700] "-" 400 0 "-" "-"
115.242.204.138 - - [13/Apr/2012:09:51:43 -0700] "-" 400 0 "-" "-"
74.125.16.87 - - [13/Apr/2012:09:52:03 -0700] "GET /blueprint/screen.css HTTP/1.1" 200 12058 "http://yuvi.in/" "Mozilla/5.0 (en-us) AppleWebKit/534.14 (KHTML, like Gecko; Google Wireless Transcoder) Chrome/9.0.597 Safari/534.14"
59.163.27.11 - - [13/Apr/2012:09:52:33 -0700] "GET /AssessmentBar/r/Unassessed_India_articles/ HTTP/1.1" 302 325 "http://en.wikipedia.org/wiki/Confederation_of_Free_Trade_Unions_of_India" "Mozilla/5.0 (Windows NT 5.1) AppleWebKit/535.11 (KHTML, like Gecko) Chrome/17.0.963.83 Safari/535.11"
59.163.27.11 - - [13/Apr/2012:09:52:37 -0700] "GET /AssessmentBar/r/Unassessed_India_articles/ HTTP/1.1" 302 283 "http://en.wikipedia.org/wiki/Vijay_Award_for_Best_Stunt_Director" "Mozilla/5.0 (Windows NT 5.1) AppleWebKit/535.11 (KHTML, like Gecko) Chrome/17.0.963.83 Safari/535.11"
59.163.27.11 - - [13/Apr/2012:09:52:41 -0700] "GET /AssessmentBar/r/Unassessed_India_articles/ HTTP/1.1" 302 275 "http://en.wikipedia.org/wiki/Saiha_district" "Mozilla/5.0 (Windows NT 5.1) AppleWebKit/535.11 (KHTML, like Gecko) Chrome/17.0.963.83 Safari/535.11"
59.163.27.11 - - [13/Apr/2012:09:52:47 -0700] "GET /AssessmentBar/r/Unassessed_India_articles/ HTTP/1.1" 302 327 "http://en.wikipedia.org/wiki/Babhanpura" "Mozilla/5.0 (Windows NT 5.1) AppleWebKit/535.11 (KHTML, like Gecko) Chrome/17.0.963.83 Safari/535.11"
115.241.59.185 - - [13/Apr/2012:09:53:17 -0700] "-" 400 0 "-" "-"
209.85.224.91 - - [13/Apr/2012:09:56:11 -0700] "GET /w/index.php?title=%E0%AE%9A%E0%AE%BF%E0%AE%B1%E0%AE%AA%E0%AF%8D%E0%AE%AA%E0%AF%81:RecentChanges&feed=atom HTTP/1.1" 404 211 "-" "Feedfetcher-Google; (+http://www.google.com/feedfetcher.html; feed-id=2187368390413514290)"
220.181.108.88 - - [13/Apr/2012:09:56:17 -0700] "GET / HTTP/1.1" 200 3439 "-" "Mozilla/5.0 (compatible; Baiduspider/2.0; +http://www.baidu.com/search/spider.html)"
63.79.88.128 - - [13/Apr/2012:09:56:47 -0700] "GET / HTTP/1.1" 200 1430 "-" "Caffeinated/1.1.2 CFNetwork/520.3.2 Darwin/11.3.0 (x86_64) (MacBookPro8%2C1)"
63.79.88.128 - - [13/Apr/2012:09:56:47 -0700] "GET /favicon.ico HTTP/1.1" 404 142 "-" "Caffeinated/1.1.2 CFNetwork/520.3.2 Darwin/11.3.0 (x86_64) (MacBookPro8%2C1)"
65.52.111.244 - - [13/Apr/2012:09:57:35 -0700] "-" 400 0 "-" "-"
65.52.111.244 - - [13/Apr/2012:09:57:36 -0700] "-" 400 0 "-" "-"
65.52.111.244 - - [13/Apr/2012:09:57:36 -0700] "-" 400 0 "-" "-"
65.52.111.244 - - [13/Apr/2012:09:57:36 -0700] "-" 400 0 "-" "-"
65.52.111.244 - - [13/Apr/2012:09:57:36 -0700] "-" 400 0 "-" "-"
65.52.111.244 - - [13/Apr/2012:09:57:37 -0700] "-" 400 0 "-" "-"
65.52.111.244 - - [13/Apr/2012:09:57:37 -0700] "-" 400 0 "-" "-"
65.52.111.244 - - [13/Apr/2012:09:57:37 -0700] "-" 400 0 "-" "-"
65.52.111.244 - - [13/Apr/2012:09:57:37 -0700] "-" 400 0 "-" "-"
63.79.88.128 - - [13/Apr/2012:09:57:46 -0700] "GET / HTTP/1.1" 200 1430 "-" "Caffeinated/1.1.2 CFNetwork/520.3.2 Darwin/11.3.0 (x86_64) (MacBookPro8%2C1)"
63.79.88.128 - - [13/Apr/2012:09:57:46 -0700] "GET /favicon.ico HTTP/1.1" 404 142 "-" "Caffeinated/1.1.2 CFNetwork/520.3.2 Darwin/11.3.0 (x86_64) (MacBookPro8%2C1)"
112.79.40.85 - - [13/Apr/2012:09:57:54 -0700] "-" 400 0 "-" "-"
65.52.111.244 - - [13/Apr/2012:09:58:12 -0700] "-" 400 0 "-" "-"
65.52.111.244 - - [13/Apr/2012:09:58:13 -0700] "-" 400 0 "-" "-"
112.79.40.85 - - [13/Apr/2012:09:58:44 -0700] "-" 400 0 "-" "-"
112.79.40.85 - - [13/Apr/2012:09:58:44 -0700] "-" 400 0 "-" "-"
112.79.40.85 - - [13/Apr/2012:09:58:44 -0700] "-" 400 0 "-" "-"
112.79.40.85 - - [13/Apr/2012:09:59:18 -0700] "-" 400 0 "-" "-"
115.241.89.128 - - [13/Apr/2012:10:00:12 -0700] "-" 400 0 "-" "-"
115.241.89.128 - - [13/Apr/2012:10:02:52 -0700] "-" 400 0 "-" "-"
112.79.40.30 - - [13/Apr/2012:10:03:16 -0700] "-" 400 0 "-" "-"
115.241.89.128 - - [13/Apr/2012:10:03:22 -0700] "-" 400 0 "-" "-"
115.241.89.128 - - [13/Apr/2012:10:03:22 -0700] "-" 400 0 "-" "-"
115.241.89.128 - - [13/Apr/2012:10:03:22 -0700] "-" 400 0 "-" "-"
115.241.89.128 - - [13/Apr/2012:10:03:22 -0700] "-" 400 0 "-" "-"
115.241.89.128 - - [13/Apr/2012:10:03:22 -0700] "-" 400 0 "-" "-"
180.76.5.59 - - [13/Apr/2012:10:03:47 -0700] "GET /robots.txt HTTP/1.1" 404 142 "-" "Mozilla/5.0 (Windows NT 5.1; rv:6.0.2) Gecko/20100101 Firefox/6.0.2"
115.241.89.128 - - [13/Apr/2012:10:04:12 -0700] "-" 400 0 "-" "-"
122.172.40.167 - - [13/Apr/2012:10:05:12 -0700] "GET /r/2llr HTTP/1.1" 301 257 "http://www.facebook.com/l.php?u=http%3A%2F%2Ftawp.in%2Fr%2F2llr&h=NAQHDtVoWAQHFvGQpiyp_wDFZecghwKUvLqj7vuXqhz_hyA" "Mozilla/5.0 (Windows NT 6.0) AppleWebKit/535.19 (KHTML, like Gecko) Chrome/18.0.1025.152 Safari/535.19"
122.172.40.167 - - [13/Apr/2012:10:05:12 -0700] "GET /s/ta/2llr/ HTTP/1.1" 302 513 "http://www.facebook.com/l.php?u=http%3A%2F%2Ftawp.in%2Fr%2F2llr&h=NAQHDtVoWAQHFvGQpiyp_wDFZecghwKUvLqj7vuXqhz_hyA" "Mozilla/5.0 (Windows NT 6.0) AppleWebKit/535.19 (KHTML, like Gecko) Chrome/18.0.1025.152 Safari/535.19"
85.17.88.169 - - [13/Apr/2012:10:09:45 -0700] "POST /blog/wp-cron.php?doing_wp_cron=1334336638 HTTP/1.0" 499 0 "-" "WordPress/3.3.1; http://yuvi.in/blog"
94.228.34.248 - - [13/Apr/2012:10:09:45 -0700] "GET /blog/ HTTP/1.1" 200 10128 "-" "magpie-crawler/1.1 (U; Linux amd64; en-GB; +http://www.brandwatch.net)"
85.17.88.169 - - [13/Apr/2012:10:11:28 -0700] "POST /blog/wp-cron.php?doing_wp_cron=1334336741 HTTP/1.0" 499 0 "-" "WordPress/3.3.1; http://yuvi.in/blog"
209.85.224.91 - - [13/Apr/2012:10:11:28 -0700] "GET /blog/feed HTTP/1.1" 304 0 "-" "FeedBurner/1.0 (http://www.FeedBurner.com)"
66.249.73.23 - - [13/Apr/2012:10:11:55 -0700] "GET /robots.txt HTTP/1.1" 404 211 "-" "Mozilla/5.0 (compatible; Googlebot/2.1; +http://www.google.com/bot.html)"
66.249.73.23 - - [13/Apr/2012:10:11:56 -0700] "GET /r/2%3Ca%20href= HTTP/1.1" 301 279 "-" "Mozilla/5.0 (iPhone; U; CPU iPhone OS 4_1 like Mac OS X; en-us) AppleWebKit/532.9 (KHTML, like Gecko) Version/4.0.5 Mobile/8B117 Safari/6531.22.7 (compatible; Googlebot-Mobile/2.1; +http://www.google.com/bot.html)"
66.249.73.23 - - [13/Apr/2012:10:11:56 -0700] "GET /s/ta/2%3Ca%20href%3D/ HTTP/1.1" 502 173 "-" "Mozilla/5.0 (iPhone; U; CPU iPhone OS 4_1 like Mac OS X; en-us) AppleWebKit/532.9 (KHTML, like Gecko) Version/4.0.5 Mobile/8B117 Safari/6531.22.7 (compatible; Googlebot-Mobile/2.1; +http://www.google.com/bot.html)"
85.17.88.169 - - [13/Apr/2012:10:14:09 -0700] "POST /blog/wp-cron.php?doing_wp_cron=1334336902 HTTP/1.0" 499 0 "-" "WordPress/3.3.1; http://yuvi.in/blog"
100.43.83.144 - - [13/Apr/2012:10:14:09 -0700] "GET /blog/gsoc-2010-the-beginning/ HTTP/1.1" 200 4950 "-" "Mozilla/5.0 (compatible; YandexBot/3.0; +http://yandex.com/bots)"
69.171.228.247 - - [13/Apr/2012:10:14:40 -0700] "GET /r/teb HTTP/1.1" 301 255 "-" "facebookexternalhit/1.1 (+http://www.facebook.com/externalhit_uatext.php)"
69.171.228.249 - - [13/Apr/2012:10:14:40 -0700] "GET /s/ta/teb/ HTTP/1.1" 302 325 "-" "facebookexternalhit/1.1 (+http://www.facebook.com/externalhit_uatext.php)"
122.164.238.102 - - [13/Apr/2012:10:15:10 -0700] "-" 400 0 "-" "-"
209.85.238.182 - - [13/Apr/2012:10:16:00 -0700] "GET /blog/feed/ HTTP/1.1" 200 6694 "-" "Feedfetcher-Google; (+http://www.google.com/feedfetcher.html; 19 subscribers; feed-id=15064232456473204253)"
208.115.111.69 - - [13/Apr/2012:10:16:18 -0700] "GET /robots.txt HTTP/1.1" 404 238 "-" "Mozilla/5.0 (compatible; Ezooms/1.0; ezooms.bot@gmail.com)"
117.193.71.203 - - [13/Apr/2012:10:18:07 -0700] "-" 400 0 "-" "-"
117.193.71.203 - - [13/Apr/2012:10:18:07 -0700] "-" 400 0 "-" "-"
117.193.71.203 - - [13/Apr/2012:10:18:07 -0700] "-" 400 0 "-" "-"
117.193.71.203 - - [13/Apr/2012:10:18:07 -0700] "-" 400 0 "-" "-"
117.193.71.203 - - [13/Apr/2012:10:18:07 -0700] "-" 400 0 "-" "-"
117.193.71.203 - - [13/Apr/2012:10:19:36 -0700] "-" 400 0 "-" "-"
117.193.71.203 - - [13/Apr/2012:10:19:36 -0700] "-" 400 0 "-" "-"
117.193.71.203 - - [13/Apr/2012:10:19:36 -0700] "-" 400 0 "-" "-"
117.193.71.203 - - [13/Apr/2012:10:19:36 -0700] "-" 400 0 "-" "-"
117.193.71.203 - - [13/Apr/2012:10:19:36 -0700] "-" 400 0 "-" "-"
89.99.5.17 - - [13/Apr/2012:10:20:44 -0700] "GET /robots.txt HTTP/1.0" 404 169 "-" "Mozilla/5.0 (compatible; MJ12bot/v1.4.2; http://www.majestic12.co.uk/bot.php?+)"
89.99.5.17 - - [13/Apr/2012:10:20:47 -0700] "GET / HTTP/1.0" 200 3439 "-" "Mozilla/5.0 (compatible; MJ12bot/v1.4.2; http://www.majestic12.co.uk/bot.php?+)"
117.193.71.203 - - [13/Apr/2012:10:21:04 -0700] "-" 400 0 "-" "-"
117.193.71.203 - - [13/Apr/2012:10:21:04 -0700] "-" 400 0 "-" "-"
117.193.71.203 - - [13/Apr/2012:10:21:04 -0700] "-" 400 0 "-" "-"
117.193.71.203 - - [13/Apr/2012:10:21:04 -0700] "-" 400 0 "-" "-"
117.193.71.203 - - [13/Apr/2012:10:21:04 -0700] "-" 400 0 "-" "-"
117.193.71.203 - - [13/Apr/2012:10:21:39 -0700] "-" 400 0 "-" "-"
117.193.71.203 - - [13/Apr/2012:10:21:39 -0700] "-" 400 0 "-" "-"
117.193.71.203 - - [13/Apr/2012:10:21:39 -0700] "-" 400 0 "-" "-"
117.193.71.203 - - [13/Apr/2012:10:21:39 -0700] "-" 400 0 "-" "-"
117.193.71.203 - - [13/Apr/2012:10:21:39 -0700] "-" 400 0 "-" "-"
69.171.234.5 - - [13/Apr/2012:10:21:48 -0700] "GET /r/h2 HTTP/1.1" 301 253 "-" "facebookexternalhit/1.1 (+http://www.facebook.com/externalhit_uatext.php)"
69.171.234.3 - - [13/Apr/2012:10:21:48 -0700] "GET /s/ta/h2/ HTTP/1.1" 302 377 "-" "facebookexternalhit/1.1 (+http://www.facebook.com/externalhit_uatext.php)"
117.193.71.203 - - [13/Apr/2012:10:21:59 -0700] "-" 400 0 "-" "-"
14.99.33.166 - - [13/Apr/2012:10:23:04 -0700] "-" 400 0 "-" "-"
14.99.33.166 - - [13/Apr/2012:10:23:04 -0700] "-" 400 0 "-" "-"
14.99.33.166 - - [13/Apr/2012:10:23:04 -0700] "-" 400 0 "-" "-"
14.99.33.166 - - [13/Apr/2012:10:23:04 -0700] "-" 400 0 "-" "-"
117.193.71.203 - - [13/Apr/2012:10:26:20 -0700] "-" 400 0 "-" "-"
117.193.71.203 - - [13/Apr/2012:10:26:20 -0700] "-" 400 0 "-" "-"
117.193.71.203 - - [13/Apr/2012:10:26:20 -0700] "-" 400 0 "-" "-"
117.193.71.203 - - [13/Apr/2012:10:26:20 -0700] "-" 400 0 "-" "-"
117.193.71.203 - - [13/Apr/2012:10:26:20 -0700] "-" 400 0 "-" "-"
117.193.71.203 - - [13/Apr/2012:10:26:20 -0700] "-" 400 0 "-" "-"
208.115.111.68 - - [13/Apr/2012:10:26:48 -0700] "GET /robots.txt HTTP/1.1" 404 169 "-" "Mozilla/5.0 (compatible; Ezooms/1.0; ezooms.bot@gmail.com)"
101.63.151.77 - - [13/Apr/2012:10:27:47 -0700] "-" 400 0 "-" "-"
66.220.149.249 - - [13/Apr/2012:10:27:49 -0700] "GET /r/2x9l HTTP/1.1" 301 257 "-" "facebookexternalhit/1.1 (+http://www.facebook.com/externalhit_uatext.php)"
66.220.149.251 - - [13/Apr/2012:10:27:49 -0700] "GET /s/ta/2x9l/ HTTP/1.1" 302 583 "-" "facebookexternalhit/1.1 (+http://www.facebook.com/externalhit_uatext.php)"
117.193.20.170 - - [13/Apr/2012:10:28:00 -0700] "-" 400 0 "-" "-"
27.107.122.232 - - [13/Apr/2012:10:28:35 -0700] "-" 400 0 "-" "-"
117.193.109.67 - - [13/Apr/2012:10:29:35 -0700] "GET /r/29l HTTP/1.1" 301 255 "http://ta.wikipedia.org/wiki/%E0%AE%B5%E0%AE%BE%E0%AE%B2%E0%AE%BF_(%E0%AE%95%E0%AE%B5%E0%AE%BF%E0%AE%9E%E0%AE%B0%E0%AF%8D)" "Mozilla/4.0 (compatible; MSIE 8.0; Windows NT 5.1; Trident/4.0)"
117.193.109.67 - - [13/Apr/2012:10:29:38 -0700] "GET /s/ta/29l/ HTTP/1.1" 302 397 "http://ta.wikipedia.org/wiki/%E0%AE%B5%E0%AE%BE%E0%AE%B2%E0%AE%BF_(%E0%AE%95%E0%AE%B5%E0%AE%BF%E0%AE%9E%E0%AE%B0%E0%AF%8D)" "Mozilla/4.0 (compatible; MSIE 8.0; Windows NT 5.1; Trident/4.0)"
101.63.151.77 - - [13/Apr/2012:10:29:47 -0700] "-" 400 0 "-" "-"
85.17.88.169 - - [13/Apr/2012:10:30:10 -0700] "POST /blog/wp-cron.php?doing_wp_cron=1334337863 HTTP/1.0" 499 0 "-" "WordPress/3.3.1; http://yuvi.in/blog"
209.85.238.182 - - [13/Apr/2012:10:30:10 -0700] "GET /blog/feed HTTP/1.1" 301 0 "-" "Feedfetcher-Google; (+http://www.google.com/feedfetcher.html; 3 subscribers; feed-id=17684830852112633560)"
209.85.238.182 - - [13/Apr/2012:10:30:11 -0700] "GET /blog/feed/ HTTP/1.1" 200 6694 "-" "Feedfetcher-Google; (+http://www.google.com/feedfetcher.html; 3 subscribers; feed-id=17684830852112633560)"
101.63.151.77 - - [13/Apr/2012:10:31:07 -0700] "-" 400 0 "-" "-"
113.210.226.228 - - [13/Apr/2012:10:31:14 -0700] "GET /r/1z5n HTTP/1.1" 301 257 "http://www.muthukamalam.com/dailysites/fun/p40.html" "Mozilla/5.0 (Windows NT 5.1; rv:11.0) Gecko/20100101 Firefox/11.0"
113.210.226.228 - - [13/Apr/2012:10:31:15 -0700] "GET /s/ta/1z5n/ HTTP/1.1" 302 609 "http://www.muthukamalam.com/dailysites/fun/p40.html" "Mozilla/5.0 (Windows NT 5.1; rv:11.0) Gecko/20100101 Firefox/11.0"
113.210.226.228 - - [13/Apr/2012:10:31:19 -0700] "-" 400 0 "-" "-"
180.73.78.10 - - [13/Apr/2012:10:31:22 -0700] "GET /r/2ez0 HTTP/1.1" 301 257 "http://ta.wikipedia.org/wiki/%E0%AE%AE%E0%AF%81%E0%AE%B1%E0%AF%8D%E0%AE%95%E0%AE%BE%E0%AE%B2%E0%AE%9A%E0%AF%8D_%E0%AE%9A%E0%AF%8B%E0%AE%B4%E0%AE%B0%E0%AF%8D%E0%AE%95%E0%AE%B3%E0%AF%8D" "Mozilla/5.0 (Windows NT 6.1; WOW64) AppleWebKit/535.19 (KHTML, like Gecko) Chrome/18.0.1025.152 Safari/535.19"
180.73.78.10 - - [13/Apr/2012:10:31:23 -0700] "GET /s/ta/2ez0/ HTTP/1.1" 302 473 "http://ta.wikipedia.org/wiki/%E0%AE%AE%E0%AF%81%E0%AE%B1%E0%AF%8D%E0%AE%95%E0%AE%BE%E0%AE%B2%E0%AE%9A%E0%AF%8D_%E0%AE%9A%E0%AF%8B%E0%AE%B4%E0%AE%B0%E0%AF%8D%E0%AE%95%E0%AE%B3%E0%AF%8D" "Mozilla/5.0 (Windows NT 6.1; WOW64) AppleWebKit/535.19 (KHTML, like Gecko) Chrome/18.0.1025.152 Safari/535.19"
117.193.20.170 - - [13/Apr/2012:10:31:50 -0700] "-" 400 0 "-" "-"
209.85.224.84 - - [13/Apr/2012:10:32:26 -0700] "GET /stories/feed HTTP/1.1" 200 13653 "-" "FeedBurner/1.0 (http://www.FeedBurner.com)"
117.193.49.102 - - [13/Apr/2012:10:32:41 -0700] "-" 400 0 "-" "-"
122.174.37.62 - - [13/Apr/2012:10:33:02 -0700] "-" 400 0 "-" "-"
113.210.226.228 - - [13/Apr/2012:10:33:07 -0700] "GET /r/1z64 HTTP/1.1" 301 257 "http://www.muthukamalam.com/dailysites/fun/p40.html" "Mozilla/5.0 (Windows NT 5.1; rv:11.0) Gecko/20100101 Firefox/11.0"
113.210.226.228 - - [13/Apr/2012:10:33:07 -0700] "GET /s/ta/1z64/ HTTP/1.1" 302 557 "http://www.muthukamalam.com/dailysites/fun/p40.html" "Mozilla/5.0 (Windows NT 5.1; rv:11.0) Gecko/20100101 Firefox/11.0"
113.210.226.228 - - [13/Apr/2012:10:33:12 -0700] "-" 400 0 "-" "-"
101.63.151.77 - - [13/Apr/2012:10:33:17 -0700] "-" 400 0 "-" "-"
101.63.151.77 - - [13/Apr/2012:10:33:17 -0700] "-" 400 0 "-" "-"
101.63.151.77 - - [13/Apr/2012:10:33:17 -0700] "-" 400 0 "-" "-"
101.63.151.77 - - [13/Apr/2012:10:33:17 -0700] "-" 400 0 "-" "-"
27.107.122.232 - - [13/Apr/2012:10:34:06 -0700] "-" 400 0 "-" "-"
74.125.126.83 - - [13/Apr/2012:10:35:23 -0700] "GET /favicon.ico HTTP/1.1" 404 142 "-" "-"
85.17.88.169 - - [13/Apr/2012:10:35:35 -0700] "POST /blog/wp-cron.php?doing_wp_cron=1334338187 HTTP/1.0" 499 0 "-" "WordPress/3.3.1; http://yuvi.in/blog"
52.129.8.47 - - [13/Apr/2012:10:35:35 -0700] "GET /blog/ HTTP/1.1" 200 9195 "-" "Mozilla/5.0 (Windows NT 6.1) AppleWebKit/535.19 (KHTML, like Gecko) Chrome/18.0.1025.152 Safari/535.19"
52.129.8.47 - - [13/Apr/2012:10:35:36 -0700] "GET /blog/wp-content/themes/cleanr/style.css HTTP/1.1" 200 10508 "http://yuvi.in/blog/" "Mozilla/5.0 (Windows NT 6.1) AppleWebKit/535.19 (KHTML, like Gecko) Chrome/18.0.1025.152 Safari/535.19"
52.129.8.47 - - [13/Apr/2012:10:35:37 -0700] "GET /blog/wp-content/themes/cleanr/js/jquery.dropdown.js?ver=3.3.1 HTTP/1.1" 200 535 "http://yuvi.in/blog/" "Mozilla/5.0 (Windows NT 6.1) AppleWebKit/535.19 (KHTML, like Gecko) Chrome/18.0.1025.152 Safari/535.19"
52.129.8.47 - - [13/Apr/2012:10:35:39 -0700] "GET /blog/wp-includes/js/jquery/jquery.js?ver=1.7.1 HTTP/1.1" 200 93889 "http://yuvi.in/blog/" "Mozilla/5.0 (Windows NT 6.1) AppleWebKit/535.19 (KHTML, like Gecko) Chrome/18.0.1025.152 Safari/535.19"
52.129.8.47 - - [13/Apr/2012:10:35:45 -0700] "GET /blog/wp-content/themes/cleanr/css/reset.css HTTP/1.1" 200 648 "http://yuvi.in/blog/" "Mozilla/5.0 (Windows NT 6.1) AppleWebKit/535.19 (KHTML, like Gecko) Chrome/18.0.1025.152 Safari/535.19"
52.129.8.47 - - [13/Apr/2012:10:35:46 -0700] "GET /blog/wp-content/themes/cleanr/css/text.css HTTP/1.1" 200 420 "http://yuvi.in/blog/" "Mozilla/5.0 (Windows NT 6.1) AppleWebKit/535.19 (KHTML, like Gecko) Chrome/18.0.1025.152 Safari/535.19"
52.129.8.47 - - [13/Apr/2012:10:35:47 -0700] "GET /blog/wp-content/themes/cleanr/css/960.css HTTP/1.1" 200 3628 "http://yuvi.in/blog/" "Mozilla/5.0 (Windows NT 6.1) AppleWebKit/535.19 (KHTML, like Gecko) Chrome/18.0.1025.152 Safari/535.19"
85.17.88.169 - - [13/Apr/2012:10:35:59 -0700] "POST /blog/wp-cron.php?doing_wp_cron=1334338212 HTTP/1.0" 499 0 "-" "WordPress/3.3.1; http://yuvi.in/blog"
208.115.111.68 - - [13/Apr/2012:10:35:59 -0700] "GET /blog/2012/03/ HTTP/1.1" 200 14678 "-" "Mozilla/5.0 (compatible; Ezooms/1.0; ezooms.bot@gmail.com)"
207.46.193.39 - - [13/Apr/2012:10:40:33 -0700] "-" 400 0 "-" "-"
207.46.193.39 - - [13/Apr/2012:10:40:38 -0700] "-" 400 0 "-" "-"
207.46.193.39 - - [13/Apr/2012:10:40:39 -0700] "-" 400 0 "-" "-"
207.46.193.39 - - [13/Apr/2012:10:40:40 -0700] "-" 400 0 "-" "-"
207.46.193.39 - - [13/Apr/2012:10:40:42 -0700] "-" 400 0 "-" "-"
207.46.193.39 - - [13/Apr/2012:10:40:42 -0700] "-" 400 0 "-" "-"
207.46.193.39 - - [13/Apr/2012:10:40:43 -0700] "-" 400 0 "-" "-"
207.46.193.39 - - [13/Apr/2012:10:40:44 -0700] "-" 400 0 "-" "-"
207.46.193.39 - - [13/Apr/2012:10:40:44 -0700] "-" 400 0 "-" "-"
207.46.193.39 - - [13/Apr/2012:10:40:45 -0700] "-" 400 0 "-" "-"
14.139.220.33 - - [13/Apr/2012:10:40:46 -0700] "GET /AssessmentBar/r/Unassessed_India_articles/ HTTP/1.0" 302 273 "http://en.wikipedia.org/wiki/Talk:Seemanta_engineering_college" "Mozilla/5.0 (Ubuntu; X11; Linux i686; rv:9.0.1) Gecko/20100101 Firefox/9.0.1"
66.220.146.251 - - [13/Apr/2012:10:40:55 -0700] "GET /r/y3l HTTP/1.1" 404 142 "-" "facebookexternalhit/1.1 (+http://www.facebook.com/externalhit_uatext.php)"
66.220.146.246 - - [13/Apr/2012:10:40:56 -0700] "GET /r/1np5 HTTP/1.1" 404 142 "-" "facebookexternalhit/1.1 (+http://www.facebook.com/externalhit_uatext.php)"
182.156.208.82 - - [13/Apr/2012:10:41:00 -0700] "-" 400 0 "-" "-"
59.163.27.11 - - [13/Apr/2012:10:41:03 -0700] "GET /AssessmentBar/r/Unassessed_India_articles/ HTTP/1.1" 302 293 "http://en.wikipedia.org/wiki/Talk:GSAT-10" "Mozilla/5.0 (Windows NT 5.1) AppleWebKit/535.11 (KHTML, like Gecko) Chrome/17.0.963.83 Safari/535.11"
208.115.111.69 - - [13/Apr/2012:10:41:04 -0700] "GET /r/2cyp HTTP/1.1" 301 257 "-" "Mozilla/5.0 (compatible; Ezooms/1.0; ezooms.bot@gmail.com)"
59.163.27.11 - - [13/Apr/2012:10:41:07 -0700] "GET /AssessmentBar/r/Unassessed_India_articles/ HTTP/1.1" 302 289 "http://en.wikipedia.org/wiki/Gohana" "Mozilla/5.0 (Windows NT 5.1) AppleWebKit/535.11 (KHTML, like Gecko) Chrome/17.0.963.83 Safari/535.11"
207.46.193.39 - - [13/Apr/2012:10:41:25 -0700] "-" 400 0 "-" "-"
85.17.88.169 - - [13/Apr/2012:10:41:32 -0700] "POST /blog/wp-cron.php?doing_wp_cron=1334338545 HTTP/1.0" 499 0 "-" "WordPress/3.3.1; http://yuvi.in/blog"
209.85.224.95 - - [13/Apr/2012:10:41:33 -0700] "GET /blog/feed HTTP/1.1" 304 0 "-" "FeedBurner/1.0 (http://www.FeedBurner.com)"
59.163.27.11 - - [13/Apr/2012:10:41:45 -0700] "GET /AssessmentBar/r/Unassessed_India_articles/ HTTP/1.1" 302 293 "http://en.wikipedia.org/wiki/Sahara_Manoranjan" "Mozilla/5.0 (Windows NT 5.1) AppleWebKit/535.11 (KHTML, like Gecko) Chrome/17.0.963.83 Safari/535.11"
59.163.27.11 - - [13/Apr/2012:10:42:40 -0700] "GET /AssessmentBar/r/Unassessed_India_articles/ HTTP/1.1" 302 287 "http://en.wikipedia.org/wiki/Ranbir_Singh_Kanwar" "Mozilla/5.0 (Windows NT 5.1) AppleWebKit/535.11 (KHTML, like Gecko) Chrome/17.0.963.83 Safari/535.11"
59.163.27.11 - - [13/Apr/2012:10:43:19 -0700] "GET /AssessmentBar/r/Unassessed_India_articles/ HTTP/1.1" 302 271 "http://en.wikipedia.org/wiki/Shiv_Kumar_Patel" "Mozilla/5.0 (Windows NT 5.1) AppleWebKit/535.11 (KHTML, like Gecko) Chrome/17.0.963.83 Safari/535.11"
113.193.119.38 - - [13/Apr/2012:10:43:22 -0700] "-" 400 0 "-" "-"
59.163.27.11 - - [13/Apr/2012:10:43:49 -0700] "GET /AssessmentBar/r/Unassessed_India_articles/ HTTP/1.1" 302 269 "http://en.wikipedia.org/wiki/Banganga" "Mozilla/5.0 (Windows NT 5.1) AppleWebKit/535.11 (KHTML, like Gecko) Chrome/17.0.963.83 Safari/535.11"
59.163.27.11 - - [13/Apr/2012:10:44:19 -0700] "GET /AssessmentBar/r/Unassessed_India_articles/ HTTP/1.1" 302 329 "http://en.wikipedia.org/wiki/Pathani" "Mozilla/5.0 (Windows NT 5.1) AppleWebKit/535.11 (KHTML, like Gecko) Chrome/17.0.963.83 Safari/535.11"
59.163.27.11 - - [13/Apr/2012:10:44:20 -0700] "GET /AssessmentBar/r/Unassessed_India_articles/ HTTP/1.1" 302 299 "http://en.wikipedia.org/wiki/Gohana" "Mozilla/5.0 (Windows NT 5.1) AppleWebKit/535.11 (KHTML, like Gecko) Chrome/17.0.963.83 Safari/535.11"
59.163.27.11 - - [13/Apr/2012:10:44:25 -0700] "GET /AssessmentBar/r/Unassessed_India_articles/ HTTP/1.1" 302 275 "http://en.wikipedia.org/wiki/Sant_Kavi_Jagjivan_Das" "Mozilla/5.0 (Windows NT 5.1) AppleWebKit/535.11 (KHTML, like Gecko) Chrome/17.0.963.83 Safari/535.11"
59.163.27.11 - - [13/Apr/2012:10:44:28 -0700] "GET /AssessmentBar/r/Unassessed_India_articles/ HTTP/1.1" 302 285 "http://en.wikipedia.org/wiki/Vizianagaram_(Lok_Sabha_constituency)" "Mozilla/5.0 (Windows NT 5.1) AppleWebKit/535.11 (KHTML, like Gecko) Chrome/17.0.963.83 Safari/535.11"
59.163.27.11 - - [13/Apr/2012:10:44:52 -0700] "GET /AssessmentBar/r/Unassessed_India_articles/ HTTP/1.1" 302 285 "http://en.wikipedia.org/wiki/Bada_Kua_(Well)" "Mozilla/5.0 (Windows NT 5.1) AppleWebKit/535.11 (KHTML, like Gecko) Chrome/17.0.963.83 Safari/535.11"
113.193.119.38 - - [13/Apr/2012:10:44:57 -0700] "-" 400 0 "-" "-"
113.193.119.38 - - [13/Apr/2012:10:44:57 -0700] "-" 400 0 "-" "-"
113.193.119.38 - - [13/Apr/2012:10:44:57 -0700] "-" 400 0 "-" "-"
113.193.119.38 - - [13/Apr/2012:10:44:57 -0700] "-" 400 0 "-" "-"
113.193.119.38 - - [13/Apr/2012:10:44:57 -0700] "-" 400 0 "-" "-"
59.163.27.11 - - [13/Apr/2012:10:44:58 -0700] "GET /AssessmentBar/r/Unassessed_India_articles/ HTTP/1.1" 302 299 "http://en.wikipedia.org/wiki/Abbas_Sadriwala" "Mozilla/5.0 (Windows NT 5.1) AppleWebKit/535.11 (KHTML, like Gecko) Chrome/17.0.963.83 Safari/535.11"
59.163.27.11 - - [13/Apr/2012:10:45:00 -0700] "GET /AssessmentBar/r/Unassessed_India_articles/ HTTP/1.1" 302 279 "http://en.wikipedia.org/wiki/Kandireega" "Mozilla/5.0 (Windows NT 5.1) AppleWebKit/535.11 (KHTML, like Gecko) Chrome/17.0.963.83 Safari/535.11"
59.163.27.11 - - [13/Apr/2012:10:45:25 -0700] "GET /AssessmentBar/r/Unassessed_India_articles/ HTTP/1.1" 302 265 "http://en.wikipedia.org/wiki/Gaden_Choeling_Nunnery" "Mozilla/5.0 (Windows NT 5.1) AppleWebKit/535.11 (KHTML, like Gecko) Chrome/17.0.963.83 Safari/535.11"
207.46.204.169 - - [13/Apr/2012:10:45:31 -0700] "-" 400 0 "-" "-"
207.46.204.169 - - [13/Apr/2012:10:45:31 -0700] "-" 400 0 "-" "-"
207.46.204.169 - - [13/Apr/2012:10:45:32 -0700] "-" 400 0 "-" "-"
59.163.27.11 - - [13/Apr/2012:10:45:33 -0700] "GET /AssessmentBar/r/Unassessed_India_articles/ HTTP/1.1" 302 295 "http://en.wikipedia.org/wiki/Rajat_Sharma" "Mozilla/5.0 (Windows NT 5.1) AppleWebKit/535.11 (KHTML, like Gecko) Chrome/17.0.963.83 Safari/535.11"
59.163.27.11 - - [13/Apr/2012:10:45:36 -0700] "GET /AssessmentBar/r/Unassessed_India_articles/ HTTP/1.1" 302 275 "http://en.wikipedia.org/wiki/Patli" "Mozilla/5.0 (Windows NT 5.1) AppleWebKit/535.11 (KHTML, like Gecko) Chrome/17.0.963.83 Safari/535.11"
207.46.204.169 - - [13/Apr/2012:10:45:37 -0700] "-" 400 0 "-" "-"
207.46.204.169 - - [13/Apr/2012:10:45:38 -0700] "-" 400 0 "-" "-"
207.46.204.169 - - [13/Apr/2012:10:45:38 -0700] "-" 400 0 "-" "-"
207.46.204.169 - - [13/Apr/2012:10:45:39 -0700] "-" 400 0 "-" "-"
207.46.204.169 - - [13/Apr/2012:10:45:39 -0700] "-" 400 0 "-" "-"
207.46.204.169 - - [13/Apr/2012:10:45:39 -0700] "-" 400 0 "-" "-"
207.46.204.169 - - [13/Apr/2012:10:45:40 -0700] "-" 400 0 "-" "-"
207.46.204.169 - - [13/Apr/2012:10:45:41 -0700] "-" 400 0 "-" "-"
207.46.204.169 - - [13/Apr/2012:10:46:06 -0700] "-" 400 0 "-" "-"
59.163.27.11 - - [13/Apr/2012:10:46:10 -0700] "GET /AssessmentBar/r/Unassessed_India_articles/ HTTP/1.1" 302 297 "http://en.wikipedia.org/wiki/Shila_Devi" "Mozilla/5.0 (Windows NT 5.1) AppleWebKit/535.11 (KHTML, like Gecko) Chrome/17.0.963.83 Safari/535.11"
59.163.27.11 - - [13/Apr/2012:10:46:15 -0700] "GET /AssessmentBar/r/Unassessed_India_articles/ HTTP/1.1" 302 311 "http://en.wikipedia.org/wiki/Portuguese_Goa_State" "Mozilla/5.0 (Windows NT 5.1) AppleWebKit/535.11 (KHTML, like Gecko) Chrome/17.0.963.83 Safari/535.11"
207.46.204.169 - - [13/Apr/2012:10:46:18 -0700] "-" 400 0 "-" "-"
59.163.27.11 - - [13/Apr/2012:10:46:18 -0700] "GET /AssessmentBar/r/Unassessed_India_articles/ HTTP/1.1" 302 305 "http://en.wikipedia.org/wiki/Michael_Bates_(actor)" "Mozilla/5.0 (Windows NT 5.1) AppleWebKit/535.11 (KHTML, like Gecko) Chrome/17.0.963.83 Safari/535.11"
66.249.73.219 - - [13/Apr/2012:10:46:19 -0700] "GET /robots.txt HTTP/1.1" 404 142 "-" "Mozilla/5.0 (compatible; Googlebot/2.1; +http://www.google.com/bot.html)"
85.17.88.169 - - [13/Apr/2012:10:46:21 -0700] "POST /blog/wp-cron.php?doing_wp_cron=1334338834 HTTP/1.0" 499 0 "-" "WordPress/3.3.1; http://yuvi.in/blog"
66.249.73.219 - - [13/Apr/2012:10:46:22 -0700] "GET /blog/theMarianStar/Darius.pdf HTTP/1.1" 404 3016 "-" "Googlebot/2.1 (+http://www.google.com/bot.html)"
217.69.133.28 - - [13/Apr/2012:10:46:31 -0700] "GET /sitemap.xml HTTP/1.0" 404 169 "-" "Mozilla/5.0 (compatible; Mail.RU/2.0)"
59.163.27.11 - - [13/Apr/2012:10:46:53 -0700] "GET /AssessmentBar/r/Unassessed_India_articles/ HTTP/1.1" 302 269 "http://en.wikipedia.org/wiki/Power_Finance_Corporation" "Mozilla/5.0 (Windows NT 5.1) AppleWebKit/535.11 (KHTML, like Gecko) Chrome/17.0.963.83 Safari/535.11"
59.163.27.11 - - [13/Apr/2012:10:47:03 -0700] "GET /AssessmentBar/r/Unassessed_India_articles/ HTTP/1.1" 302 271 "http://en.wikipedia.org/wiki/Montagu%E2%80%93Chelmsford_Reforms" "Mozilla/5.0 (Windows NT 5.1) AppleWebKit/535.11 (KHTML, like Gecko) Chrome/17.0.963.83 Safari/535.11"
59.163.27.11 - - [13/Apr/2012:10:47:06 -0700] "GET /AssessmentBar/r/Unassessed_India_articles/ HTTP/1.1" 302 387 "http://en.wikipedia.org/wiki/Erumely" "Mozilla/5.0 (Windows NT 5.1) AppleWebKit/535.11 (KHTML, like Gecko) Chrome/17.0.963.83 Safari/535.11"
59.163.27.11 - - [13/Apr/2012:10:47:09 -0700] "GET /AssessmentBar/r/Unassessed_India_articles/ HTTP/1.1" 302 295 "http://en.wikipedia.org/wiki/Larambha" "Mozilla/5.0 (Windows NT 5.1) AppleWebKit/535.11 (KHTML, like Gecko) Chrome/17.0.963.83 Safari/535.11"
59.163.27.11 - - [13/Apr/2012:10:47:15 -0700] "GET /AssessmentBar/r/Unassessed_India_articles/ HTTP/1.1" 302 273 "http://en.wikipedia.org/wiki/Bengal_Film_Journalists'_Association_%E2%80%93_Best_Music_Director_Award" "Mozilla/5.0 (Windows NT 5.1) AppleWebKit/535.11 (KHTML, like Gecko) Chrome/17.0.963.83 Safari/535.11"
59.163.27.11 - - [13/Apr/2012:10:47:28 -0700] "GET /AssessmentBar/r/Unassessed_India_articles/ HTTP/1.1" 302 287 "http://en.wikipedia.org/wiki/Ambajogai" "Mozilla/5.0 (Windows NT 5.1) AppleWebKit/535.11 (KHTML, like Gecko) Chrome/17.0.963.83 Safari/535.11"
59.163.27.11 - - [13/Apr/2012:10:47:36 -0700] "GET /AssessmentBar/r/Unassessed_India_articles/ HTTP/1.1" 302 291 "http://en.wikipedia.org/wiki/Caribbean_Hindustani" "Mozilla/5.0 (Windows NT 5.1) AppleWebKit/535.11 (KHTML, like Gecko) Chrome/17.0.963.83 Safari/535.11"
59.163.27.11 - - [13/Apr/2012:10:47:39 -0700] "GET /AssessmentBar/r/Unassessed_India_articles/ HTTP/1.1" 302 275 "http://en.wikipedia.org/wiki/Durgapur_Barrage" "Mozilla/5.0 (Windows NT 5.1) AppleWebKit/535.11 (KHTML, like Gecko) Chrome/17.0.963.83 Safari/535.11"
113.193.119.38 - - [13/Apr/2012:10:48:27 -0700] "-" 400 0 "-" "-"
113.193.119.38 - - [13/Apr/2012:10:48:27 -0700] "-" 400 0 "-" "-"
113.193.119.38 - - [13/Apr/2012:10:48:27 -0700] "-" 400 0 "-" "-"
113.193.119.38 - - [13/Apr/2012:10:48:27 -0700] "-" 400 0 "-" "-"
113.193.119.38 - - [13/Apr/2012:10:48:29 -0700] "-" 400 0 "-" "-"
113.193.119.38 - - [13/Apr/2012:10:48:29 -0700] "-" 400 0 "-" "-"
100.43.83.144 - - [13/Apr/2012:10:48:50 -0700] "GET /blog/tag/funny.html HTTP/1.1" 200 2462 "-" "Mozilla/5.0 (compatible; YandexBot/3.0; +http://yandex.com/bots)"
59.163.27.11 - - [13/Apr/2012:10:49:00 -0700] "GET /AssessmentBar/r/Unassessed_India_articles/ HTTP/1.1" 302 273 "http://en.wikipedia.org/wiki/Maruti_Chitampalli" "Mozilla/5.0 (Windows NT 5.1) AppleWebKit/535.11 (KHTML, like Gecko) Chrome/17.0.963.83 Safari/535.11"
59.163.27.11 - - [13/Apr/2012:10:49:28 -0700] "GET /AssessmentBar/r/Unassessed_India_articles/ HTTP/1.1" 302 285 "http://en.wikipedia.org/wiki/Vakathanam" "Mozilla/5.0 (Windows NT 5.1) AppleWebKit/535.11 (KHTML, like Gecko) Chrome/17.0.963.83 Safari/535.11"
59.163.27.11 - - [13/Apr/2012:10:50:00 -0700] "GET /AssessmentBar/r/Unassessed_India_articles/ HTTP/1.1" 302 323 "http://en.wikipedia.org/wiki/Chaudhara" "Mozilla/5.0 (Windows NT 5.1) AppleWebKit/535.11 (KHTML, like Gecko) Chrome/17.0.963.83 Safari/535.11"
59.163.27.11 - - [13/Apr/2012:10:50:10 -0700] "GET /AssessmentBar/r/Unassessed_India_articles/ HTTP/1.1" 302 279 "http://en.wikipedia.org/wiki/Centre_for_India_&_Global_Business" "Mozilla/5.0 (Windows NT 5.1) AppleWebKit/535.11 (KHTML, like Gecko) Chrome/17.0.963.83 Safari/535.11"
59.163.27.11 - - [13/Apr/2012:10:50:12 -0700] "GET /AssessmentBar/r/Unassessed_India_articles/ HTTP/1.1" 302 307 "http://en.wikipedia.org/wiki/Nippo_Batteries" "Mozilla/5.0 (Windows NT 5.1) AppleWebKit/535.11 (KHTML, like Gecko) Chrome/17.0.963.83 Safari/535.11"
59.163.27.11 - - [13/Apr/2012:10:50:17 -0700] "GET /AssessmentBar/r/Unassessed_India_articles/ HTTP/1.1" 302 277 "http://en.wikipedia.org/wiki/Rajat_Sharma" "Mozilla/5.0 (Windows NT 5.1) AppleWebKit/535.11 (KHTML, like Gecko) Chrome/17.0.963.83 Safari/535.11"
59.163.27.11 - - [13/Apr/2012:10:50:40 -0700] "GET /AssessmentBar/r/Unassessed_India_articles/ HTTP/1.1" 302 283 "http://en.wikipedia.org/wiki/Astavadhani" "Mozilla/5.0 (Windows NT 5.1) AppleWebKit/535.11 (KHTML, like Gecko) Chrome/17.0.963.83 Safari/535.11"
59.163.27.11 - - [13/Apr/2012:10:50:47 -0700] "GET /AssessmentBar/r/Unassessed_India_articles/ HTTP/1.1" 302 303 "http://en.wikipedia.org/wiki/Nanmangalam_Reserve_Forest" "Mozilla/5.0 (Windows NT 5.1) AppleWebKit/535.11 (KHTML, like Gecko) Chrome/17.0.963.83 Safari/535.11"
59.163.27.11 - - [13/Apr/2012:10:50:50 -0700] "GET /AssessmentBar/r/Unassessed_India_articles/ HTTP/1.1" 302 291 "http://en.wikipedia.org/wiki/Syed_Ali_Akbar" "Mozilla/5.0 (Windows NT 5.1) AppleWebKit/535.11 (KHTML, like Gecko) Chrome/17.0.963.83 Safari/535.11"
59.163.27.11 - - [13/Apr/2012:10:51:10 -0700] "GET /AssessmentBar/r/Unassessed_India_articles/ HTTP/1.1" 302 289 "http://en.wikipedia.org/wiki/Thalai_Sanga_Nanmathiyam" "Mozilla/5.0 (Windows NT 5.1) AppleWebKit/535.11 (KHTML, like Gecko) Chrome/17.0.963.83 Safari/535.11"
59.163.27.11 - - [13/Apr/2012:10:51:18 -0700] "GET /AssessmentBar/r/Unassessed_India_articles/ HTTP/1.1" 302 295 "http://en.wikipedia.org/wiki/Asim_Mukhopadhyay" "Mozilla/5.0 (Windows NT 5.1) AppleWebKit/535.11 (KHTML, like Gecko) Chrome/17.0.963.83 Safari/535.11"
59.163.27.11 - - [13/Apr/2012:10:51:21 -0700] "GET /AssessmentBar/r/Unassessed_India_articles/ HTTP/1.1" 302 293 "http://en.wikipedia.org/wiki/Hindustan_Contessa" "Mozilla/5.0 (Windows NT 5.1) AppleWebKit/535.11 (KHTML, like Gecko) Chrome/17.0.963.83 Safari/535.11"
59.163.27.11 - - [13/Apr/2012:10:51:38 -0700] "GET /AssessmentBar/r/Unassessed_India_articles/ HTTP/1.1" 302 291 "http://en.wikipedia.org/wiki/Ayyavazhi_symbolism" "Mozilla/5.0 (Windows NT 5.1) AppleWebKit/535.11 (KHTML, like Gecko) Chrome/17.0.963.83 Safari/535.11"
59.163.27.11 - - [13/Apr/2012:10:51:40 -0700] "GET /AssessmentBar/r/Unassessed_India_articles/ HTTP/1.1" 302 277 "http://en.wikipedia.org/wiki/The_Himalayan_Beacon" "Mozilla/5.0 (Windows NT 5.1) AppleWebKit/535.11 (KHTML, like Gecko) Chrome/17.0.963.83 Safari/535.11"
59.163.27.11 - - [13/Apr/2012:10:51:43 -0700] "GET /AssessmentBar/r/Unassessed_India_articles/ HTTP/1.1" 302 321 "http://en.wikipedia.org/wiki/Hardev_Singh_Nehra" "Mozilla/5.0 (Windows NT 5.1) AppleWebKit/535.11 (KHTML, like Gecko) Chrome/17.0.963.83 Safari/535.11"
59.163.27.11 - - [13/Apr/2012:10:52:08 -0700] "GET /AssessmentBar/r/Unassessed_India_articles/ HTTP/1.1" 302 287 "http://en.wikipedia.org/wiki/Azad_Moopen" "Mozilla/5.0 (Windows NT 5.1) AppleWebKit/535.11 (KHTML, like Gecko) Chrome/17.0.963.83 Safari/535.11"
85.17.88.169 - - [13/Apr/2012:10:52:10 -0700] "POST /blog/wp-cron.php?doing_wp_cron=1334339183 HTTP/1.0" 499 0 "-" "WordPress/3.3.1; http://yuvi.in/blog"
101.226.33.188 - - [13/Apr/2012:10:52:10 -0700] "GET /blog/feed HTTP/1.0" 304 0 "-" "Mozilla/4.0 (compatible; Windows;)"
63.79.88.128 - - [13/Apr/2012:10:52:34 -0700] "GET / HTTP/1.1" 200 1430 "-" "Caffeinated/1.1.2 CFNetwork/520.3.2 Darwin/11.3.0 (x86_64) (MacBookPro8%2C1)"
63.79.88.128 - - [13/Apr/2012:10:52:34 -0700] "GET /favicon.ico HTTP/1.1" 404 142 "-" "Caffeinated/1.1.2 CFNetwork/520.3.2 Darwin/11.3.0 (x86_64) (MacBookPro8%2C1)"
59.163.27.11 - - [13/Apr/2012:10:52:40 -0700] "GET /AssessmentBar/r/Unassessed_India_articles/ HTTP/1.1" 302 307 "http://en.wikipedia.org/wiki/Lawrence_Kadoorie,_Baron_Kadoorie" "Mozilla/5.0 (Windows NT 5.1) AppleWebKit/535.11 (KHTML, like Gecko) Chrome/17.0.963.83 Safari/535.11"
59.163.27.11 - - [13/Apr/2012:10:52:45 -0700] "GET /AssessmentBar/r/Unassessed_India_articles/ HTTP/1.1" 302 287 "http://en.wikipedia.org/wiki/Mint_(newspaper)" "Mozilla/5.0 (Windows NT 5.1) AppleWebKit/535.11 (KHTML, like Gecko) Chrome/17.0.963.83 Safari/535.11"
59.163.27.11 - - [13/Apr/2012:10:52:47 -0700] "GET /AssessmentBar/r/Unassessed_India_articles/ HTTP/1.1" 302 297 "http://en.wikipedia.org/wiki/Bhausaheb_Bandodkar_Ground" "Mozilla/5.0 (Windows NT 5.1) AppleWebKit/535.11 (KHTML, like Gecko) Chrome/17.0.963.83 Safari/535.11"
59.163.27.11 - - [13/Apr/2012:10:52:50 -0700] "GET /AssessmentBar/r/Unassessed_India_articles/ HTTP/1.1" 302 309 "http://en.wikipedia.org/wiki/Sanadhya_Brahmin" "Mozilla/5.0 (Windows NT 5.1) AppleWebKit/535.11 (KHTML, like Gecko) Chrome/17.0.963.83 Safari/535.11"
59.163.27.11 - - [13/Apr/2012:10:52:52 -0700] "GET /AssessmentBar/r/Unassessed_India_articles/ HTTP/1.1" 302 291 "http://en.wikipedia.org/wiki/Kerala_Police_Academy" "Mozilla/5.0 (Windows NT 5.1) AppleWebKit/535.11 (KHTML, like Gecko) Chrome/17.0.963.83 Safari/535.11"
59.163.27.11 - - [13/Apr/2012:10:52:55 -0700] "GET /AssessmentBar/r/Unassessed_India_articles/ HTTP/1.1" 302 309 "http://en.wikipedia.org/wiki/Basavanagudi_Aquatic_Centre" "Mozilla/5.0 (Windows NT 5.1) AppleWebKit/535.11 (KHTML, like Gecko) Chrome/17.0.963.83 Safari/535.11"
59.163.27.11 - - [13/Apr/2012:10:53:24 -0700] "GET /AssessmentBar/r/Unassessed_India_articles/ HTTP/1.1" 302 343 "http://en.wikipedia.org/wiki/Subhankar_Banerjee" "Mozilla/5.0 (Windows NT 5.1) AppleWebKit/535.11 (KHTML, like Gecko) Chrome/17.0.963.83 Safari/535.11"
63.79.88.128 - - [13/Apr/2012:10:53:35 -0700] "GET / HTTP/1.1" 200 1430 "-" "Caffeinated/1.1.2 CFNetwork/520.3.2 Darwin/11.3.0 (x86_64) (MacBookPro8%2C1)"
63.79.88.128 - - [13/Apr/2012:10:53:36 -0700] "GET /favicon.ico HTTP/1.1" 404 142 "-" "Caffeinated/1.1.2 CFNetwork/520.3.2 Darwin/11.3.0 (x86_64) (MacBookPro8%2C1)"
59.163.27.11 - - [13/Apr/2012:10:53:38 -0700] "GET /AssessmentBar/r/Unassessed_India_articles/ HTTP/1.1" 302 289 "http://en.wikipedia.org/wiki/Patnam_Vachina_Pativrathalu" "Mozilla/5.0 (Windows NT 5.1) AppleWebKit/535.11 (KHTML, like Gecko) Chrome/17.0.963.83 Safari/535.11"
