69.171.247.2 - - [19/Apr/2012:06:27:08 -0700] "GET /r/1lvt HTTP/1.1" 301 257 "-" "facebookexternalhit/1.1 (+http://www.facebook.com/externalhit_uatext.php)"
69.171.247.5 - - [19/Apr/2012:06:27:08 -0700] "GET /s/ta/1lvt/ HTTP/1.1" 302 461 "-" "facebookexternalhit/1.1 (+http://www.facebook.com/externalhit_uatext.php)"
85.17.88.169 - - [19/Apr/2012:06:27:15 -0700] "POST /blog/wp-cron.php?doing_wp_cron=1334841642 HTTP/1.0" 499 0 "-" "WordPress/3.3.1; http://yuvi.in/blog"
66.249.73.219 - - [19/Apr/2012:06:27:16 -0700] "GET /blog/feed/ HTTP/1.1" 200 21737 "-" "DoCoMo/2.0 N905i(c100;TB;W24H16) (compatible; Googlebot-Mobile/2.1; +http://www.google.com/bot.html)"
117.213.92.93 - - [19/Apr/2012:06:28:49 -0700] "-" 400 0 "-" "-"
117.203.102.86 - - [19/Apr/2012:06:28:55 -0700] "GET /r/2gdq HTTP/1.1" 301 257 "http://ta.wikipedia.org/wiki/%E0%AE%9A%E0%AE%99%E0%AF%8D%E0%AE%95%E0%AE%95%E0%AE%BE%E0%AE%B2%E0%AE%AE%E0%AF%8D" "Mozilla/5.0 (Windows NT 6.1; WOW64) AppleWebKit/535.19 (KHTML, like Gecko) Chrome/18.0.1025.162 Safari/535.19"
117.203.102.86 - - [19/Apr/2012:06:28:56 -0700] "GET /s/ta/2gdq/ HTTP/1.1" 302 397 "http://ta.wikipedia.org/wiki/%E0%AE%9A%E0%AE%99%E0%AF%8D%E0%AE%95%E0%AE%95%E0%AE%BE%E0%AE%B2%E0%AE%AE%E0%AF%8D" "Mozilla/5.0 (Windows NT 6.1; WOW64) AppleWebKit/535.19 (KHTML, like Gecko) Chrome/18.0.1025.162 Safari/535.19"
117.203.102.86 - - [19/Apr/2012:06:29:06 -0700] "GET /s/ta/2gdq/ HTTP/1.1" 302 397 "-" "Mozilla/5.0 (Windows NT 6.1; WOW64) AppleWebKit/535.19 (KHTML, like Gecko) Chrome/18.0.1025.162 Safari/535.19"
117.203.102.86 - - [19/Apr/2012:06:29:08 -0700] "-" 400 0 "-" "-"
184.191.224.10 - - [19/Apr/2012:06:30:01 -0700] "GET / HTTP/1.1" 200 1430 "-" "Caffeinated/1.1.2 CFNetwork/520.3.2 Darwin/11.3.0 (x86_64) (MacBookPro8%2C1)"
184.191.224.10 - - [19/Apr/2012:06:30:01 -0700] "GET /favicon.ico HTTP/1.1" 404 142 "-" "Caffeinated/1.1.2 CFNetwork/520.3.2 Darwin/11.3.0 (x86_64) (MacBookPro8%2C1)"
117.202.81.109 - - [19/Apr/2012:06:30:20 -0700] "-" 400 0 "-" "-"
117.202.81.109 - - [19/Apr/2012:06:30:20 -0700] "-" 400 0 "-" "-"
117.202.81.109 - - [19/Apr/2012:06:30:20 -0700] "-" 400 0 "-" "-"
117.202.81.109 - - [19/Apr/2012:06:30:20 -0700] "-" 400 0 "-" "-"
184.191.224.10 - - [19/Apr/2012:06:30:58 -0700] "GET / HTTP/1.1" 200 1430 "-" "Caffeinated/1.1.2 CFNetwork/520.3.2 Darwin/11.3.0 (x86_64) (MacBookPro8%2C1)"
184.191.224.10 - - [19/Apr/2012:06:30:58 -0700] "GET /favicon.ico HTTP/1.1" 404 142 "-" "Caffeinated/1.1.2 CFNetwork/520.3.2 Darwin/11.3.0 (x86_64) (MacBookPro8%2C1)"
85.17.88.169 - - [19/Apr/2012:06:31:01 -0700] "POST /blog/wp-cron.php?doing_wp_cron=1334841867 HTTP/1.0" 499 0 "-" "WordPress/3.3.1; http://yuvi.in/blog"
122.164.209.249 - - [19/Apr/2012:06:31:01 -0700] "GET /blog/category/education/ HTTP/1.1" 200 14721 "http://www.facebook.com/l.php?u=http%3A%2F%2Fyuvi.in%2Fblog%2Fcategory%2Feducation%2F&h=QAQH93AHYAQFSqQZXsWDJg_m-j_PJBpCnfUgYFO-PNBPiaQ" "Mozilla/5.0 (Windows NT 6.0) AppleWebKit/536.5 (KHTML, like Gecko) Chrome/19.0.1084.30 Safari/536.5"
122.164.209.249 - - [19/Apr/2012:06:31:03 -0700] "GET /blog/wp-content/themes/cleanr/style.css HTTP/1.1" 200 10508 "http://yuvi.in/blog/category/education/" "Mozilla/5.0 (Windows NT 6.0) AppleWebKit/536.5 (KHTML, like Gecko) Chrome/19.0.1084.30 Safari/536.5"
122.164.209.249 - - [19/Apr/2012:06:31:05 -0700] "GET /blog/wp-content/themes/cleanr/js/jquery.dropdown.js?ver=3.3.1 HTTP/1.1" 200 535 "http://yuvi.in/blog/category/education/" "Mozilla/5.0 (Windows NT 6.0) AppleWebKit/536.5 (KHTML, like Gecko) Chrome/19.0.1084.30 Safari/536.5"
122.164.209.249 - - [19/Apr/2012:06:31:05 -0700] "GET /blog/wp-content/themes/cleanr/css/reset.css HTTP/1.1" 200 648 "http://yuvi.in/blog/category/education/" "Mozilla/5.0 (Windows NT 6.0) AppleWebKit/536.5 (KHTML, like Gecko) Chrome/19.0.1084.30 Safari/536.5"
122.164.209.249 - - [19/Apr/2012:06:31:06 -0700] "GET /blog/wp-content/themes/cleanr/css/text.css HTTP/1.1" 200 420 "http://yuvi.in/blog/category/education/" "Mozilla/5.0 (Windows NT 6.0) AppleWebKit/536.5 (KHTML, like Gecko) Chrome/19.0.1084.30 Safari/536.5"
122.164.209.249 - - [19/Apr/2012:06:31:06 -0700] "GET /blog/wp-content/themes/cleanr/css/960.css HTTP/1.1" 200 3628 "http://yuvi.in/blog/category/education/" "Mozilla/5.0 (Windows NT 6.0) AppleWebKit/536.5 (KHTML, like Gecko) Chrome/19.0.1084.30 Safari/536.5"
117.202.81.109 - - [19/Apr/2012:06:31:10 -0700] "-" 400 0 "-" "-"
122.164.209.249 - - [19/Apr/2012:06:31:11 -0700] "GET /blog/wp-includes/js/jquery/jquery.js?ver=1.7.1 HTTP/1.1" 200 93889 "http://yuvi.in/blog/category/education/" "Mozilla/5.0 (Windows NT 6.0) AppleWebKit/536.5 (KHTML, like Gecko) Chrome/19.0.1084.30 Safari/536.5"
122.164.209.249 - - [19/Apr/2012:06:31:12 -0700] "GET /blog/wp-content/themes/cleanr/images/search_magnifier.gif HTTP/1.1" 200 394 "http://yuvi.in/blog/category/education/" "Mozilla/5.0 (Windows NT 6.0) AppleWebKit/536.5 (KHTML, like Gecko) Chrome/19.0.1084.30 Safari/536.5"
122.164.209.249 - - [19/Apr/2012:06:31:13 -0700] "GET /favicon.ico HTTP/1.1" 404 199 "-" "Mozilla/5.0 (Windows NT 6.0) AppleWebKit/536.5 (KHTML, like Gecko) Chrome/19.0.1084.30 Safari/536.5"
141.0.11.78 - - [19/Apr/2012:06:31:14 -0700] "-" 400 0 "-" "-"
122.164.209.249 - - [19/Apr/2012:06:31:20 -0700] "-" 400 0 "-" "-"
85.17.88.169 - - [19/Apr/2012:06:31:28 -0700] "POST /blog/wp-cron.php?doing_wp_cron=1334841894 HTTP/1.0" 499 0 "-" "WordPress/3.3.1; http://yuvi.in/blog"
209.85.224.86 - - [19/Apr/2012:06:31:28 -0700] "GET /blog/feed HTTP/1.1" 304 0 "-" "FeedBurner/1.0 (http://www.FeedBurner.com)"
117.193.245.139 - - [19/Apr/2012:06:31:30 -0700] "-" 400 0 "-" "-"
117.193.245.139 - - [19/Apr/2012:06:31:31 -0700] "-" 400 0 "-" "-"
180.151.40.239 - - [19/Apr/2012:06:32:03 -0700] "-" 400 0 "-" "-"
180.151.40.239 - - [19/Apr/2012:06:32:03 -0700] "-" 400 0 "-" "-"
180.151.40.239 - - [19/Apr/2012:06:32:04 -0700] "-" 400 0 "-" "-"
180.151.40.239 - - [19/Apr/2012:06:32:04 -0700] "-" 400 0 "-" "-"
180.151.40.239 - - [19/Apr/2012:06:32:04 -0700] "-" 400 0 "-" "-"
180.151.40.239 - - [19/Apr/2012:06:32:24 -0700] "-" 400 0 "-" "-"
180.151.40.239 - - [19/Apr/2012:06:32:34 -0700] "-" 400 0 "-" "-"
180.151.40.239 - - [19/Apr/2012:06:32:34 -0700] "-" 400 0 "-" "-"
180.151.40.239 - - [19/Apr/2012:06:32:34 -0700] "-" 400 0 "-" "-"
180.151.40.239 - - [19/Apr/2012:06:32:34 -0700] "-" 400 0 "-" "-"
180.151.40.239 - - [19/Apr/2012:06:32:54 -0700] "-" 400 0 "-" "-"
117.193.62.11 - - [19/Apr/2012:06:33:04 -0700] "-" 400 0 "-" "-"
180.151.40.239 - - [19/Apr/2012:06:33:14 -0700] "-" 400 0 "-" "-"
180.151.40.239 - - [19/Apr/2012:06:33:14 -0700] "-" 400 0 "-" "-"
180.151.40.239 - - [19/Apr/2012:06:33:14 -0700] "-" 400 0 "-" "-"
180.151.40.239 - - [19/Apr/2012:06:33:14 -0700] "-" 400 0 "-" "-"
117.202.81.109 - - [19/Apr/2012:06:33:30 -0700] "-" 400 0 "-" "-"
180.151.40.239 - - [19/Apr/2012:06:34:24 -0700] "-" 400 0 "-" "-"
180.151.40.239 - - [19/Apr/2012:06:34:24 -0700] "-" 400 0 "-" "-"
180.151.40.239 - - [19/Apr/2012:06:34:24 -0700] "-" 400 0 "-" "-"
180.151.40.239 - - [19/Apr/2012:06:34:24 -0700] "-" 400 0 "-" "-"
180.151.40.239 - - [19/Apr/2012:06:34:24 -0700] "-" 400 0 "-" "-"
117.202.81.109 - - [19/Apr/2012:06:34:40 -0700] "-" 400 0 "-" "-"
117.202.81.109 - - [19/Apr/2012:06:35:20 -0700] "-" 400 0 "-" "-"
117.202.81.109 - - [19/Apr/2012:06:35:20 -0700] "-" 400 0 "-" "-"
117.202.81.109 - - [19/Apr/2012:06:35:20 -0700] "-" 400 0 "-" "-"
180.151.40.239 - - [19/Apr/2012:06:35:24 -0700] "-" 400 0 "-" "-"
180.151.40.239 - - [19/Apr/2012:06:35:24 -0700] "-" 400 0 "-" "-"
180.151.40.239 - - [19/Apr/2012:06:35:24 -0700] "-" 400 0 "-" "-"
180.151.40.239 - - [19/Apr/2012:06:35:24 -0700] "-" 400 0 "-" "-"
180.151.40.239 - - [19/Apr/2012:06:35:24 -0700] "-" 400 0 "-" "-"
117.193.245.139 - - [19/Apr/2012:06:36:15 -0700] "-" 400 0 "-" "-"
117.193.245.139 - - [19/Apr/2012:06:36:15 -0700] "-" 400 0 "-" "-"
117.193.245.139 - - [19/Apr/2012:06:36:15 -0700] "-" 400 0 "-" "-"
117.193.245.139 - - [19/Apr/2012:06:36:15 -0700] "-" 400 0 "-" "-"
117.193.245.139 - - [19/Apr/2012:06:36:15 -0700] "-" 400 0 "-" "-"
115.241.44.92 - - [19/Apr/2012:06:36:59 -0700] "-" 400 0 "-" "-"
115.241.44.92 - - [19/Apr/2012:06:37:48 -0700] "-" 400 0 "-" "-"
207.46.199.20 - - [19/Apr/2012:06:38:28 -0700] "-" 400 0 "-" "-"
207.46.199.20 - - [19/Apr/2012:06:38:31 -0700] "-" 400 0 "-" "-"
207.46.199.20 - - [19/Apr/2012:06:38:31 -0700] "-" 400 0 "-" "-"
207.46.199.20 - - [19/Apr/2012:06:38:31 -0700] "-" 400 0 "-" "-"
207.46.199.20 - - [19/Apr/2012:06:38:31 -0700] "-" 400 0 "-" "-"
207.46.199.20 - - [19/Apr/2012:06:38:31 -0700] "-" 400 0 "-" "-"
207.46.199.20 - - [19/Apr/2012:06:38:32 -0700] "-" 400 0 "-" "-"
207.46.199.20 - - [19/Apr/2012:06:38:32 -0700] "-" 400 0 "-" "-"
207.46.199.20 - - [19/Apr/2012:06:38:32 -0700] "-" 400 0 "-" "-"
207.46.199.20 - - [19/Apr/2012:06:38:32 -0700] "-" 400 0 "-" "-"
209.85.224.90 - - [19/Apr/2012:06:40:25 -0700] "GET /stories/feed HTTP/1.1" 200 13653 "-" "FeedBurner/1.0 (http://www.FeedBurner.com)"
110.227.76.134 - - [19/Apr/2012:06:41:09 -0700] "-" 400 0 "-" "-"
207.46.204.171 - - [19/Apr/2012:06:41:10 -0700] "-" 400 0 "-" "-"
207.46.204.171 - - [19/Apr/2012:06:41:10 -0700] "-" 400 0 "-" "-"
207.46.204.171 - - [19/Apr/2012:06:41:11 -0700] "-" 400 0 "-" "-"
207.46.204.171 - - [19/Apr/2012:06:41:12 -0700] "-" 400 0 "-" "-"
207.46.204.171 - - [19/Apr/2012:06:41:12 -0700] "-" 400 0 "-" "-"
207.46.204.171 - - [19/Apr/2012:06:41:13 -0700] "-" 400 0 "-" "-"
207.46.204.171 - - [19/Apr/2012:06:41:15 -0700] "-" 400 0 "-" "-"
207.46.204.171 - - [19/Apr/2012:06:41:15 -0700] "-" 400 0 "-" "-"
207.46.204.171 - - [19/Apr/2012:06:41:16 -0700] "-" 400 0 "-" "-"
207.46.204.171 - - [19/Apr/2012:06:41:17 -0700] "-" 400 0 "-" "-"
207.46.204.171 - - [19/Apr/2012:06:41:17 -0700] "-" 400 0 "-" "-"
207.46.204.171 - - [19/Apr/2012:06:41:17 -0700] "-" 400 0 "-" "-"
59.99.137.24 - - [19/Apr/2012:06:41:49 -0700] "GET /r/2ysj HTTP/1.1" 301 257 "http://ta.wikipedia.org/wiki/%E0%AE%9A%E0%AE%BF%E0%AE%B5%E0%AE%A8%E0%AF%8D%E0%AE%A4%E0%AE%BF" "Mozilla/5.0 (Windows NT 5.1; rv:9.0.1) Gecko/20100101 Firefox/9.0.1"
59.99.137.24 - - [19/Apr/2012:06:41:49 -0700] "GET /s/ta/2ysj/ HTTP/1.1" 302 349 "http://ta.wikipedia.org/wiki/%E0%AE%9A%E0%AE%BF%E0%AE%B5%E0%AE%A8%E0%AF%8D%E0%AE%A4%E0%AE%BF" "Mozilla/5.0 (Windows NT 5.1; rv:9.0.1) Gecko/20100101 Firefox/9.0.1"
207.46.204.171 - - [19/Apr/2012:06:42:11 -0700] "-" 400 0 "-" "-"
85.17.88.169 - - [19/Apr/2012:06:44:03 -0700] "POST /blog/wp-cron.php?doing_wp_cron=1334842650 HTTP/1.0" 499 0 "-" "WordPress/3.3.1; http://yuvi.in/blog"
66.249.73.219 - - [19/Apr/2012:06:44:04 -0700] "GET /blog/tag/review/ HTTP/1.1" 200 7728 "-" "Mozilla/5.0 (iPhone; U; CPU iPhone OS 4_1 like Mac OS X; en-us) AppleWebKit/532.9 (KHTML, like Gecko) Version/4.0.5 Mobile/8B117 Safari/6531.22.7 (compatible; Googlebot-Mobile/2.1; +http://www.google.com/bot.html)"
65.52.109.146 - - [19/Apr/2012:06:44:47 -0700] "GET /robots.txt HTTP/1.1" 404 169 "-" "Mozilla/5.0 (compatible; bingbot/2.0; +http://www.bing.com/bingbot.htm)"
110.227.76.134 - - [19/Apr/2012:06:45:22 -0700] "-" 400 0 "-" "-"
110.227.76.134 - - [19/Apr/2012:06:45:22 -0700] "-" 400 0 "-" "-"
110.227.76.134 - - [19/Apr/2012:06:45:22 -0700] "-" 400 0 "-" "-"
110.227.76.134 - - [19/Apr/2012:06:45:22 -0700] "-" 400 0 "-" "-"
110.227.76.134 - - [19/Apr/2012:06:45:22 -0700] "-" 400 0 "-" "-"
85.17.88.169 - - [19/Apr/2012:06:45:29 -0700] "POST /blog/wp-cron.php?doing_wp_cron=1334842736 HTTP/1.0" 499 0 "-" "WordPress/3.3.1; http://yuvi.in/blog"
183.178.85.181 - - [19/Apr/2012:06:45:30 -0700] "GET /blog/devlog-december-21-2011/trackback HTTP/1.1" 302 0 "-" "Mozilla/4.0 (compatible; MSIE 5.5; Windows NT)"
85.17.88.169 - - [19/Apr/2012:06:45:41 -0700] "POST /blog/wp-cron.php?doing_wp_cron=1334842748 HTTP/1.0" 499 0 "-" "WordPress/3.3.1; http://yuvi.in/blog"
183.178.85.181 - - [19/Apr/2012:06:45:42 -0700] "GET /blog/devlog-december-21-2011/ HTTP/1.1" 200 17164 "-" "Mozilla/4.0 (compatible; MSIE 5.5; Windows NT)"
65.52.109.146 - - [19/Apr/2012:06:45:47 -0700] "GET /blog/about-me.html HTTP/1.1" 200 3001 "-" "Mozilla/5.0 (compatible; bingbot/2.0; +http://www.bing.com/bingbot.htm)"
117.202.88.124 - - [19/Apr/2012:06:46:11 -0700] "-" 400 0 "-" "-"
85.17.88.169 - - [19/Apr/2012:06:47:49 -0700] "POST /blog/wp-cron.php?doing_wp_cron=1334842875 HTTP/1.0" 499 0 "-" "WordPress/3.3.1; http://yuvi.in/blog"
209.85.238.182 - - [19/Apr/2012:06:47:49 -0700] "GET /blog/feed HTTP/1.1" 301 0 "-" "Feedfetcher-Google; (+http://www.google.com/feedfetcher.html; 3 subscribers; feed-id=17684830852112633560)"
85.17.88.169 - - [19/Apr/2012:06:47:51 -0700] "POST /blog/wp-cron.php?doing_wp_cron=1334842877 HTTP/1.0" 499 0 "-" "WordPress/3.3.1; http://yuvi.in/blog"
209.85.238.182 - - [19/Apr/2012:06:47:51 -0700] "GET /blog/feed/ HTTP/1.1" 304 0 "-" "Feedfetcher-Google; (+http://www.google.com/feedfetcher.html; 3 subscribers; feed-id=17684830852112633560)"
49.138.137.170 - - [19/Apr/2012:06:48:29 -0700] "-" 400 0 "-" "-"
117.202.88.124 - - [19/Apr/2012:06:49:11 -0700] "-" 400 0 "-" "-"
164.100.134.231 - - [19/Apr/2012:06:49:17 -0700] "GET /r/3m8 HTTP/1.0" 301 255 "http://ta.wikipedia.org/wiki/%E0%AE%85%E0%AE%A3%E0%AF%8D%E0%AE%A3%E0%AE%BE_%E0%AE%AA%E0%AE%B2%E0%AF%8D%E0%AE%95%E0%AE%B2%E0%AF%88%E0%AE%95%E0%AF%8D%E0%AE%95%E0%AE%B4%E0%AE%95%E0%AE%AE%E0%AF%8D" "Mozilla/4.0 (compatible; MSIE 7.0; Windows NT 5.1; .NET CLR 1.1.4322)"
164.100.134.231 - - [19/Apr/2012:06:49:18 -0700] "GET /s/ta/3m8/ HTTP/1.0" 302 485 "http://ta.wikipedia.org/wiki/%E0%AE%85%E0%AE%A3%E0%AF%8D%E0%AE%A3%E0%AE%BE_%E0%AE%AA%E0%AE%B2%E0%AF%8D%E0%AE%95%E0%AE%B2%E0%AF%88%E0%AE%95%E0%AF%8D%E0%AE%95%E0%AE%B4%E0%AE%95%E0%AE%AE%E0%AF%8D" "Mozilla/4.0 (compatible; MSIE 7.0; Windows NT 5.1; .NET CLR 1.1.4322)"
115.184.0.217 - - [19/Apr/2012:06:49:31 -0700] "-" 400 0 "-" "-"
115.184.0.217 - - [19/Apr/2012:06:49:31 -0700] "-" 400 0 "-" "-"
115.184.0.217 - - [19/Apr/2012:06:49:31 -0700] "-" 400 0 "-" "-"
115.184.0.217 - - [19/Apr/2012:06:49:31 -0700] "-" 400 0 "-" "-"
115.184.0.217 - - [19/Apr/2012:06:49:31 -0700] "-" 400 0 "-" "-"
85.17.88.169 - - [19/Apr/2012:06:50:40 -0700] "POST /blog/wp-cron.php?doing_wp_cron=1334843047 HTTP/1.0" 499 0 "-" "WordPress/3.3.1; http://yuvi.in/blog"
101.226.33.188 - - [19/Apr/2012:06:50:41 -0700] "GET /blog/feed HTTP/1.0" 304 0 "-" "Mozilla/4.0 (compatible; Windows;)"
66.249.73.23 - - [19/Apr/2012:06:51:39 -0700] "GET /s/ta/235i/ HTTP/1.1" 302 437 "-" "Mozilla/5.0 (compatible; Googlebot/2.1; +http://www.google.com/bot.html)"
66.249.73.219 - - [19/Apr/2012:06:53:05 -0700] "GET /blog/my-gsoc-2010-proposal.html HTTP/1.1" 200 2258 "-" "Mozilla/5.0 (compatible; Googlebot/2.1; +http://www.google.com/bot.html)"
66.249.73.23 - - [19/Apr/2012:06:53:08 -0700] "GET /r/1o3v HTTP/1.1" 301 257 "-" "Mozilla/5.0 (compatible; Googlebot/2.1; +http://www.google.com/bot.html)"
66.249.73.23 - - [19/Apr/2012:06:53:09 -0700] "GET /s/ta/1o3v/ HTTP/1.1" 302 343 "-" "Mozilla/5.0 (compatible; Googlebot/2.1; +http://www.google.com/bot.html)"
150.70.64.197 - - [19/Apr/2012:06:54:29 -0700] "GET / HTTP/1.0" 404 238 "-" "Mozilla/4.0 (compatible; MSIE 6.0; Windows NT 5.1)"
69.171.234.6 - - [19/Apr/2012:06:54:36 -0700] "GET /r/1lvt HTTP/1.1" 301 257 "-" "facebookexternalhit/1.1 (+http://www.facebook.com/externalhit_uatext.php)"
69.171.234.2 - - [19/Apr/2012:06:54:37 -0700] "GET /s/ta/1lvt/ HTTP/1.1" 302 461 "-" "facebookexternalhit/1.1 (+http://www.facebook.com/externalhit_uatext.php)"
59.163.27.11 - - [19/Apr/2012:06:56:43 -0700] "GET /AssessmentBar/r/Unassessed_India_articles/ HTTP/1.1" 302 291 "http://en.wikipedia.org/wiki/Indian_Space_Research_Organisation" "Mozilla/5.0 (Windows NT 5.1) AppleWebKit/535.11 (KHTML, like Gecko) Chrome/17.0.963.83 Safari/535.11"
59.163.27.11 - - [19/Apr/2012:06:56:53 -0700] "GET /AssessmentBar/r/Unassessed_India_articles/ HTTP/1.1" 302 283 "http://en.wikipedia.org/wiki/Odanadi_Seva_Trust" "Mozilla/5.0 (Windows NT 5.1) AppleWebKit/535.11 (KHTML, like Gecko) Chrome/17.0.963.83 Safari/535.11"
117.202.88.124 - - [19/Apr/2012:06:57:02 -0700] "-" 400 0 "-" "-"
59.163.27.11 - - [19/Apr/2012:06:57:42 -0700] "GET /AssessmentBar/r/Unassessed_India_articles/ HTTP/1.1" 302 301 "http://en.wikipedia.org/wiki/Sorakaya_Swami" "Mozilla/5.0 (Windows NT 5.1) AppleWebKit/535.11 (KHTML, like Gecko) Chrome/17.0.963.83 Safari/535.11"
125.17.21.246 - - [19/Apr/2012:06:57:46 -0700] "-" 400 0 "-" "-"
125.17.21.246 - - [19/Apr/2012:06:57:46 -0700] "-" 400 0 "-" "-"
59.163.27.11 - - [19/Apr/2012:06:58:03 -0700] "GET /AssessmentBar/r/Unassessed_India_articles/ HTTP/1.1" 302 281 "http://en.wikipedia.org/wiki/India%E2%80%93Malta_relations" "Mozilla/5.0 (Windows NT 5.1) AppleWebKit/535.11 (KHTML, like Gecko) Chrome/17.0.963.83 Safari/535.11"
79.8.243.246 - - [19/Apr/2012:06:58:06 -0700] "-" 400 0 "-" "-"
59.163.27.11 - - [19/Apr/2012:06:58:11 -0700] "GET /AssessmentBar/r/Unassessed_India_articles/ HTTP/1.1" 302 285 "http://en.wikipedia.org/wiki/Sorakaya_Swami" "Mozilla/5.0 (Windows NT 5.1) AppleWebKit/535.11 (KHTML, like Gecko) Chrome/17.0.963.83 Safari/535.11"
59.163.27.11 - - [19/Apr/2012:06:58:15 -0700] "GET /AssessmentBar/r/Unassessed_India_articles/ HTTP/1.1" 302 267 "http://en.wikipedia.org/wiki/Henry_Beasley" "Mozilla/5.0 (Windows NT 5.1) AppleWebKit/535.11 (KHTML, like Gecko) Chrome/17.0.963.83 Safari/535.11"
59.163.27.11 - - [19/Apr/2012:06:58:28 -0700] "GET /AssessmentBar/r/Unassessed_India_articles/ HTTP/1.1" 302 335 "http://en.wikipedia.org/wiki/Sultanpur_Lodhi" "Mozilla/5.0 (Windows NT 5.1) AppleWebKit/535.11 (KHTML, like Gecko) Chrome/17.0.963.83 Safari/535.11"
59.163.27.11 - - [19/Apr/2012:06:58:36 -0700] "GET /AssessmentBar/r/Unassessed_India_articles/ HTTP/1.1" 302 307 "http://en.wikipedia.org/wiki/Mallya" "Mozilla/5.0 (Windows NT 5.1) AppleWebKit/535.11 (KHTML, like Gecko) Chrome/17.0.963.83 Safari/535.11"
59.163.27.11 - - [19/Apr/2012:06:58:49 -0700] "GET /AssessmentBar/r/Unassessed_India_articles/ HTTP/1.1" 302 275 "http://en.wikipedia.org/wiki/Delhi_Mumbai_Industrial_Corridor_Project" "Mozilla/5.0 (Windows NT 5.1) AppleWebKit/535.11 (KHTML, like Gecko) Chrome/17.0.963.83 Safari/535.11"
59.163.27.11 - - [19/Apr/2012:06:59:23 -0700] "GET /AssessmentBar/r/Unassessed_India_articles/ HTTP/1.1" 302 415 "http://en.wikipedia.org/wiki/Cope_India" "Mozilla/5.0 (Windows NT 5.1) AppleWebKit/535.11 (KHTML, like Gecko) Chrome/17.0.963.83 Safari/535.11"
59.163.27.11 - - [19/Apr/2012:06:59:25 -0700] "GET /AssessmentBar/r/Unassessed_India_articles/ HTTP/1.1" 302 281 "http://en.wikipedia.org/wiki/Batla_House_encounter_case" "Mozilla/5.0 (Windows NT 5.1) AppleWebKit/535.11 (KHTML, like Gecko) Chrome/17.0.963.83 Safari/535.11"
184.191.224.10 - - [19/Apr/2012:06:59:57 -0700] "GET / HTTP/1.1" 200 1430 "-" "Caffeinated/1.1.2 CFNetwork/520.3.2 Darwin/11.3.0 (x86_64) (MacBookPro8%2C1)"
184.191.224.10 - - [19/Apr/2012:06:59:57 -0700] "GET /favicon.ico HTTP/1.1" 404 142 "-" "Caffeinated/1.1.2 CFNetwork/520.3.2 Darwin/11.3.0 (x86_64) (MacBookPro8%2C1)"
67.215.230.26 - - [19/Apr/2012:07:00:14 -0700] "GET /robots.txt HTTP/1.0" 404 169 "-" "Setooz/Nutch-1.2 (http://www.setooz.com)"
67.215.230.26 - - [19/Apr/2012:07:00:14 -0700] "GET /stories/ HTTP/1.0" 200 3515 "-" "Setooz/Nutch-1.2 (http://www.setooz.com)"
184.191.224.10 - - [19/Apr/2012:07:00:55 -0700] "GET / HTTP/1.1" 200 1430 "-" "Caffeinated/1.1.2 CFNetwork/520.3.2 Darwin/11.3.0 (x86_64) (MacBookPro8%2C1)"
184.191.224.10 - - [19/Apr/2012:07:00:55 -0700] "GET /favicon.ico HTTP/1.1" 404 142 "-" "Caffeinated/1.1.2 CFNetwork/520.3.2 Darwin/11.3.0 (x86_64) (MacBookPro8%2C1)"
117.204.31.119 - - [19/Apr/2012:07:01:20 -0700] "-" 400 0 "-" "-"
66.220.149.244 - - [19/Apr/2012:07:01:24 -0700] "GET /r/1lvt HTTP/1.1" 301 257 "-" "facebookexternalhit/1.1 (+http://www.facebook.com/externalhit_uatext.php)"
66.220.149.246 - - [19/Apr/2012:07:01:24 -0700] "GET /s/ta/1lvt/ HTTP/1.1" 302 461 "-" "facebookexternalhit/1.1 (+http://www.facebook.com/externalhit_uatext.php)"
85.17.88.169 - - [19/Apr/2012:07:01:40 -0700] "POST /blog/wp-cron.php?doing_wp_cron=1334843706 HTTP/1.0" 499 0 "-" "WordPress/3.3.1; http://yuvi.in/blog"
209.85.224.80 - - [19/Apr/2012:07:01:41 -0700] "GET /blog/feed HTTP/1.1" 304 0 "-" "FeedBurner/1.0 (http://www.FeedBurner.com)"
119.63.196.112 - - [19/Apr/2012:07:01:59 -0700] "GET /robots.txt HTTP/1.1" 404 142 "-" "Baiduspider+(+http://www.baidu.com/search/spider.htm)"
119.63.196.114 - - [19/Apr/2012:07:02:11 -0700] "GET /robots.txt HTTP/1.1" 404 211 "-" "Baiduspider+(+http://www.baidu.com/search/spider.htm)"
59.163.27.11 - - [19/Apr/2012:07:02:41 -0700] "GET /AssessmentBar/r/Unassessed_India_articles/ HTTP/1.1" 302 297 "http://en.wikipedia.org/wiki/Rashmi_Bansal" "Mozilla/5.0 (Windows NT 5.1) AppleWebKit/535.11 (KHTML, like Gecko) Chrome/17.0.963.83 Safari/535.11"
85.17.88.169 - - [19/Apr/2012:07:02:48 -0700] "POST /blog/wp-cron.php?doing_wp_cron=1334843775 HTTP/1.0" 499 0 "-" "WordPress/3.3.1; http://yuvi.in/blog"
209.85.238.182 - - [19/Apr/2012:07:02:49 -0700] "GET /blog/feed/ HTTP/1.1" 304 0 "-" "Feedfetcher-Google; (+http://www.google.com/feedfetcher.html; 19 subscribers; feed-id=15064232456473204253)"
59.92.40.203 - - [19/Apr/2012:07:02:52 -0700] "-" 400 0 "-" "-"
59.163.27.11 - - [19/Apr/2012:07:03:01 -0700] "GET /AssessmentBar/r/Unassessed_India_articles/ HTTP/1.1" 302 277 "http://en.wikipedia.org/wiki/Asian_Heart_Institute" "Mozilla/5.0 (Windows NT 5.1) AppleWebKit/535.11 (KHTML, like Gecko) Chrome/17.0.963.83 Safari/535.11"
112.79.40.1 - - [19/Apr/2012:07:03:49 -0700] "-" 400 0 "-" "-"
115.242.201.38 - - [19/Apr/2012:07:03:50 -0700] "-" 400 0 "-" "-"
115.242.201.38 - - [19/Apr/2012:07:03:50 -0700] "-" 400 0 "-" "-"
112.79.40.1 - - [19/Apr/2012:07:03:55 -0700] "-" 400 0 "-" "-"
112.79.40.1 - - [19/Apr/2012:07:03:55 -0700] "-" 400 0 "-" "-"
59.163.27.11 - - [19/Apr/2012:07:04:43 -0700] "GET /AssessmentBar/r/Unassessed_India_articles/ HTTP/1.1" 302 297 "http://en.wikipedia.org/wiki/Halam_tribe" "Mozilla/5.0 (Windows NT 5.1) AppleWebKit/535.11 (KHTML, like Gecko) Chrome/17.0.963.83 Safari/535.11"
117.202.128.76 - - [19/Apr/2012:07:05:29 -0700] "-" 400 0 "-" "-"
79.180.27.53 - - [19/Apr/2012:07:06:36 -0700] "-" 400 0 "-" "-"
59.163.27.11 - - [19/Apr/2012:07:06:50 -0700] "GET /AssessmentBar/r/Unassessed_India_articles/ HTTP/1.1" 302 287 "http://en.wikipedia.org/wiki/Jayanta_Chattopadhyay" "Mozilla/5.0 (Windows NT 5.1) AppleWebKit/535.11 (KHTML, like Gecko) Chrome/17.0.963.83 Safari/535.11"
59.163.27.11 - - [19/Apr/2012:07:07:04 -0700] "GET /AssessmentBar/r/Unassessed_India_articles/ HTTP/1.1" 302 275 "http://en.wikipedia.org/wiki/Jayanta_Chattopadhyay" "Mozilla/5.0 (Windows NT 5.1) AppleWebKit/535.11 (KHTML, like Gecko) Chrome/17.0.963.83 Safari/535.11"
59.163.27.11 - - [19/Apr/2012:07:07:06 -0700] "GET /AssessmentBar/r/Unassessed_India_articles/ HTTP/1.1" 302 281 "http://en.wikipedia.org/wiki/Halam_tribe" "Mozilla/5.0 (Windows NT 5.1) AppleWebKit/535.11 (KHTML, like Gecko) Chrome/17.0.963.83 Safari/535.11"
59.163.27.11 - - [19/Apr/2012:07:07:07 -0700] "GET /AssessmentBar/r/Unassessed_India_articles/ HTTP/1.1" 302 291 "http://en.wikipedia.org/wiki/Halam_tribe" "Mozilla/5.0 (Windows NT 5.1) AppleWebKit/535.11 (KHTML, like Gecko) Chrome/17.0.963.83 Safari/535.11"
59.163.27.11 - - [19/Apr/2012:07:07:19 -0700] "GET /AssessmentBar/r/Unassessed_India_articles/ HTTP/1.1" 302 309 "http://en.wikipedia.org/wiki/Adheigundi" "Mozilla/5.0 (Windows NT 5.1) AppleWebKit/535.11 (KHTML, like Gecko) Chrome/17.0.963.83 Safari/535.11"
59.163.27.11 - - [19/Apr/2012:07:07:21 -0700] "GET /AssessmentBar/r/Unassessed_India_articles/ HTTP/1.1" 302 305 "http://en.wikipedia.org/wiki/Raj_Bhavan_(Jammu)" "Mozilla/5.0 (Windows NT 5.1) AppleWebKit/535.11 (KHTML, like Gecko) Chrome/17.0.963.83 Safari/535.11"
59.163.27.11 - - [19/Apr/2012:07:07:21 -0700] "GET /AssessmentBar/r/Unassessed_India_articles/ HTTP/1.1" 302 291 "http://en.wikipedia.org/wiki/Raj_Bhavan_(Jammu)" "Mozilla/5.0 (Windows NT 5.1) AppleWebKit/535.11 (KHTML, like Gecko) Chrome/17.0.963.83 Safari/535.11"
59.163.27.11 - - [19/Apr/2012:07:07:42 -0700] "GET /AssessmentBar/r/Unassessed_India_articles/ HTTP/1.1" 302 309 "http://en.wikipedia.org/wiki/Pramod_Chakravorty" "Mozilla/5.0 (Windows NT 5.1) AppleWebKit/535.11 (KHTML, like Gecko) Chrome/17.0.963.83 Safari/535.11"
59.163.27.11 - - [19/Apr/2012:07:07:47 -0700] "GET /AssessmentBar/r/Unassessed_India_articles/ HTTP/1.1" 302 311 "http://en.wikipedia.org/wiki/The_Sarai_Programme_at_CSDS" "Mozilla/5.0 (Windows NT 5.1) AppleWebKit/535.11 (KHTML, like Gecko) Chrome/17.0.963.83 Safari/535.11"
59.163.27.11 - - [19/Apr/2012:07:07:55 -0700] "GET /AssessmentBar/r/Unassessed_India_articles/ HTTP/1.1" 302 263 "http://en.wikipedia.org/wiki/Pol_(housing)" "Mozilla/5.0 (Windows NT 5.1) AppleWebKit/535.11 (KHTML, like Gecko) Chrome/17.0.963.83 Safari/535.11"
59.163.27.11 - - [19/Apr/2012:07:08:00 -0700] "GET /AssessmentBar/r/Unassessed_India_articles/ HTTP/1.1" 302 281 "http://en.wikipedia.org/wiki/Nimbo_Ka_Nath_Mahadev_Temple" "Mozilla/5.0 (Windows NT 5.1) AppleWebKit/535.11 (KHTML, like Gecko) Chrome/17.0.963.83 Safari/535.11"
115.242.201.38 - - [19/Apr/2012:07:08:10 -0700] "-" 400 0 "-" "-"
115.242.201.38 - - [19/Apr/2012:07:08:10 -0700] "-" 400 0 "-" "-"
115.242.201.38 - - [19/Apr/2012:07:08:10 -0700] "-" 400 0 "-" "-"
115.242.201.38 - - [19/Apr/2012:07:08:10 -0700] "-" 400 0 "-" "-"
115.242.201.38 - - [19/Apr/2012:07:08:10 -0700] "-" 400 0 "-" "-"
115.242.201.38 - - [19/Apr/2012:07:08:10 -0700] "-" 400 0 "-" "-"
59.163.27.11 - - [19/Apr/2012:07:08:10 -0700] "GET /AssessmentBar/r/Unassessed_India_articles/ HTTP/1.1" 302 279 "http://en.wikipedia.org/wiki/Gopal_Rajwani" "Mozilla/5.0 (Windows NT 5.1) AppleWebKit/535.11 (KHTML, like Gecko) Chrome/17.0.963.83 Safari/535.11"
59.163.27.11 - - [19/Apr/2012:07:08:18 -0700] "GET /AssessmentBar/r/Unassessed_India_articles/ HTTP/1.1" 302 331 "http://en.wikipedia.org/wiki/Middle_Indo-Aryan_languages" "Mozilla/5.0 (Windows NT 5.1) AppleWebKit/535.11 (KHTML, like Gecko) Chrome/17.0.963.83 Safari/535.11"
59.163.27.11 - - [19/Apr/2012:07:08:56 -0700] "GET /AssessmentBar/r/Unassessed_India_articles/ HTTP/1.1" 302 309 "http://en.wikipedia.org/wiki/The_Scouts/Guides_Organisation_(India)" "Mozilla/5.0 (Windows NT 5.1) AppleWebKit/535.11 (KHTML, like Gecko) Chrome/17.0.963.83 Safari/535.11"
59.163.27.11 - - [19/Apr/2012:07:08:58 -0700] "GET /AssessmentBar/r/Unassessed_India_articles/ HTTP/1.1" 302 275 "http://en.wikipedia.org/wiki/Gopal_Rajwani" "Mozilla/5.0 (Windows NT 5.1) AppleWebKit/535.11 (KHTML, like Gecko) Chrome/17.0.963.83 Safari/535.11"
59.163.27.11 - - [19/Apr/2012:07:09:00 -0700] "GET /AssessmentBar/r/Unassessed_India_articles/ HTTP/1.1" 302 263 "http://en.wikipedia.org/wiki/Sharana_Basaveshwara_Temple" "Mozilla/5.0 (Windows NT 5.1) AppleWebKit/535.11 (KHTML, like Gecko) Chrome/17.0.963.83 Safari/535.11"
59.163.27.11 - - [19/Apr/2012:07:09:02 -0700] "GET /AssessmentBar/r/Unassessed_India_articles/ HTTP/1.1" 302 283 "http://en.wikipedia.org/wiki/MPUH" "Mozilla/5.0 (Windows NT 5.1) AppleWebKit/535.11 (KHTML, like Gecko) Chrome/17.0.963.83 Safari/535.11"
59.163.27.11 - - [19/Apr/2012:07:09:05 -0700] "GET /AssessmentBar/r/Unassessed_India_articles/ HTTP/1.1" 302 287 "http://en.wikipedia.org/wiki/UTV_Movies" "Mozilla/5.0 (Windows NT 5.1) AppleWebKit/535.11 (KHTML, like Gecko) Chrome/17.0.963.83 Safari/535.11"
59.163.27.11 - - [19/Apr/2012:07:09:08 -0700] "GET /AssessmentBar/r/Unassessed_India_articles/ HTTP/1.1" 302 281 "http://en.wikipedia.org/wiki/Ekam" "Mozilla/5.0 (Windows NT 5.1) AppleWebKit/535.11 (KHTML, like Gecko) Chrome/17.0.963.83 Safari/535.11"
59.163.27.11 - - [19/Apr/2012:07:09:10 -0700] "GET /AssessmentBar/r/Unassessed_India_articles/ HTTP/1.1" 302 293 "http://en.wikipedia.org/wiki/Bihari_cuisine" "Mozilla/5.0 (Windows NT 5.1) AppleWebKit/535.11 (KHTML, like Gecko) Chrome/17.0.963.83 Safari/535.11"
59.163.27.11 - - [19/Apr/2012:07:09:14 -0700] "GET /AssessmentBar/r/Unassessed_India_articles/ HTTP/1.1" 302 291 "http://en.wikipedia.org/wiki/Thirumanikkoodam" "Mozilla/5.0 (Windows NT 5.1) AppleWebKit/535.11 (KHTML, like Gecko) Chrome/17.0.963.83 Safari/535.11"
207.46.199.24 - - [19/Apr/2012:07:09:21 -0700] "-" 400 0 "-" "-"
207.46.199.24 - - [19/Apr/2012:07:09:21 -0700] "-" 400 0 "-" "-"
207.46.199.24 - - [19/Apr/2012:07:09:22 -0700] "-" 400 0 "-" "-"
207.46.199.24 - - [19/Apr/2012:07:09:22 -0700] "-" 400 0 "-" "-"
207.46.199.24 - - [19/Apr/2012:07:09:22 -0700] "-" 400 0 "-" "-"
207.46.199.24 - - [19/Apr/2012:07:09:22 -0700] "-" 400 0 "-" "-"
207.46.199.24 - - [19/Apr/2012:07:09:23 -0700] "-" 400 0 "-" "-"
207.46.199.24 - - [19/Apr/2012:07:09:23 -0700] "-" 400 0 "-" "-"
207.46.199.24 - - [19/Apr/2012:07:09:24 -0700] "-" 400 0 "-" "-"
207.46.199.24 - - [19/Apr/2012:07:09:24 -0700] "-" 400 0 "-" "-"
207.46.199.24 - - [19/Apr/2012:07:09:24 -0700] "-" 400 0 "-" "-"
207.46.199.24 - - [19/Apr/2012:07:09:24 -0700] "-" 400 0 "-" "-"
141.0.9.125 - - [19/Apr/2012:07:09:54 -0700] "GET /r/ig7 HTTP/1.1" 301 255 "http://ta.wikipedia.org/w/index.php?title=%E0%AE%9A%E0%AF%8A%E0%AE%A4%E0%AF%8D%E0%AE%A4%E0%AF%81%E0%AE%B0%E0%AE%BF%E0%AE%AE%E0%AF%88" "Opera/9.80 (J2ME/MIDP; Opera Mini/4.1.13572/27.1530; U; en) Presto/2.8.119 Version/11.10"
141.0.9.125 - - [19/Apr/2012:07:09:54 -0700] "GET /s/ta/ig7/ HTTP/1.1" 302 385 "http://ta.wikipedia.org/w/index.php?title=%E0%AE%9A%E0%AF%8A%E0%AE%A4%E0%AF%8D%E0%AE%A4%E0%AF%81%E0%AE%B0%E0%AE%BF%E0%AE%AE%E0%AF%88" "Opera/9.80 (J2ME/MIDP; Opera Mini/4.1.13572/27.1530; U; en) Presto/2.8.119 Version/11.10"
117.202.88.124 - - [19/Apr/2012:07:10:19 -0700] "-" 400 0 "-" "-"
117.202.88.124 - - [19/Apr/2012:07:12:19 -0700] "-" 400 0 "-" "-"
59.163.27.11 - - [19/Apr/2012:07:13:09 -0700] "GET /AssessmentBar/r/Unassessed_India_articles/ HTTP/1.1" 302 295 "http://en.wikipedia.org/wiki/Escorts_Group" "Mozilla/5.0 (Windows NT 5.1) AppleWebKit/535.11 (KHTML, like Gecko) Chrome/17.0.963.83 Safari/535.11"
59.163.27.11 - - [19/Apr/2012:07:13:11 -0700] "GET /AssessmentBar/r/Unassessed_India_articles/ HTTP/1.1" 302 291 "http://en.wikipedia.org/wiki/Lingaraj_Rest_House" "Mozilla/5.0 (Windows NT 5.1) AppleWebKit/535.11 (KHTML, like Gecko) Chrome/17.0.963.83 Safari/535.11"
85.17.88.169 - - [19/Apr/2012:07:15:20 -0700] "POST /blog/wp-cron.php?doing_wp_cron=1334844526 HTTP/1.0" 499 0 "-" "WordPress/3.3.1; http://yuvi.in/blog"
213.133.123.53 - - [19/Apr/2012:07:15:20 -0700] "GET /blog/tag/photography/ HTTP/1.1" 200 8374 "-" "Mozilla/5.0 (Windows NT 6.1; WOW64; rv:2.0.1) Gecko/20100101 Firefox/4.0.1 WebMoney Advisor"
213.133.123.53 - - [19/Apr/2012:07:15:22 -0700] "GET /blog/tag/photography/ HTTP/1.1" 200 26473 "-" "Java/1.6.0_22"
59.163.27.11 - - [19/Apr/2012:07:16:47 -0700] "GET /AssessmentBar/r/Unassessed_India_articles/ HTTP/1.1" 302 271 "http://en.wikipedia.org/wiki/Padmasree_Warrior" "Mozilla/5.0 (Windows NT 5.1) AppleWebKit/535.11 (KHTML, like Gecko) Chrome/17.0.963.83 Safari/535.11"
65.52.109.26 - - [19/Apr/2012:07:17:08 -0700] "GET /blog/what-i-learnt-from-the-hackfest-at-iitm.html HTTP/1.1" 304 0 "-" "Mozilla/5.0 (compatible; bingbot/2.0; +http://www.bing.com/bingbot.htm)"
59.163.27.11 - - [19/Apr/2012:07:17:28 -0700] "GET /AssessmentBar/r/Unassessed_India_articles/ HTTP/1.1" 302 323 "http://en.wikipedia.org/wiki/Bhatiara" "Mozilla/5.0 (Windows NT 5.1) AppleWebKit/535.11 (KHTML, like Gecko) Chrome/17.0.963.83 Safari/535.11"
59.163.27.11 - - [19/Apr/2012:07:17:31 -0700] "GET /AssessmentBar/r/Unassessed_India_articles/ HTTP/1.1" 302 289 "http://en.wikipedia.org/wiki/Palai_Central_Bank" "Mozilla/5.0 (Windows NT 5.1) AppleWebKit/535.11 (KHTML, like Gecko) Chrome/17.0.963.83 Safari/535.11"
59.163.27.11 - - [19/Apr/2012:07:17:32 -0700] "GET /AssessmentBar/r/Unassessed_India_articles/ HTTP/1.1" 302 309 "http://en.wikipedia.org/wiki/Palai_Central_Bank" "Mozilla/5.0 (Windows NT 5.1) AppleWebKit/535.11 (KHTML, like Gecko) Chrome/17.0.963.83 Safari/535.11"
59.163.27.11 - - [19/Apr/2012:07:17:32 -0700] "GET /AssessmentBar/r/Unassessed_India_articles/ HTTP/1.1" 302 275 "http://en.wikipedia.org/wiki/Palai_Central_Bank" "Mozilla/5.0 (Windows NT 5.1) AppleWebKit/535.11 (KHTML, like Gecko) Chrome/17.0.963.83 Safari/535.11"
59.163.27.11 - - [19/Apr/2012:07:17:41 -0700] "GET /AssessmentBar/r/Unassessed_India_articles/ HTTP/1.1" 302 293 "http://en.wikipedia.org/wiki/Kukshi_(Vidhan_Sabha_constituency)" "Mozilla/5.0 (Windows NT 5.1) AppleWebKit/535.11 (KHTML, like Gecko) Chrome/17.0.963.83 Safari/535.11"
117.202.88.124 - - [19/Apr/2012:07:18:21 -0700] "-" 400 0 "-" "-"
85.17.88.169 - - [19/Apr/2012:07:18:43 -0700] "POST /blog/wp-cron.php?doing_wp_cron=1334844729 HTTP/1.0" 499 0 "-" "WordPress/3.3.1; http://yuvi.in/blog"
187.153.254.211 - - [19/Apr/2012:07:18:43 -0700] "GET /blog/ HTTP/1.1" 200 33079 "-" "Mozilla/5.0 (compatible; Googlebot/2.1; +http://www.google.com/bot.html)"
117.216.5.148 - - [19/Apr/2012:07:18:57 -0700] "GET /r/aag HTTP/1.1" 301 255 "http://ta.wikipedia.org/wiki/%E0%AE%AF%E0%AE%BE%E0%AE%B4%E0%AF%8D" "Mozilla/5.0 (Windows NT 5.1) AppleWebKit/535.7 (KHTML, like Gecko) Chrome/16.0.912.77 Safari/535.7"
117.216.5.148 - - [19/Apr/2012:07:18:58 -0700] "GET /s/ta/aag/ HTTP/1.1" 302 313 "http://ta.wikipedia.org/wiki/%E0%AE%AF%E0%AE%BE%E0%AE%B4%E0%AF%8D" "Mozilla/5.0 (Windows NT 5.1) AppleWebKit/535.7 (KHTML, like Gecko) Chrome/16.0.912.77 Safari/535.7"
122.164.180.202 - - [19/Apr/2012:07:19:23 -0700] "-" 400 0 "-" "-"
59.163.27.11 - - [19/Apr/2012:07:20:05 -0700] "GET /AssessmentBar/r/Unassessed_India_articles/ HTTP/1.1" 302 273 "http://en.wikipedia.org/wiki/Sarojini_Yogeswaran" "Mozilla/5.0 (Windows NT 5.1) AppleWebKit/535.11 (KHTML, like Gecko) Chrome/17.0.963.83 Safari/535.11"
59.163.27.11 - - [19/Apr/2012:07:20:13 -0700] "GET /AssessmentBar/r/Unassessed_India_articles/ HTTP/1.1" 302 299 "http://en.wikipedia.org/wiki/Mallepuvu" "Mozilla/5.0 (Windows NT 5.1) AppleWebKit/535.11 (KHTML, like Gecko) Chrome/17.0.963.83 Safari/535.11"
59.163.27.11 - - [19/Apr/2012:07:20:28 -0700] "GET /AssessmentBar/r/Unassessed_India_articles/ HTTP/1.1" 302 265 "http://en.wikipedia.org/wiki/Tatipudi,_Vizianagaram" "Mozilla/5.0 (Windows NT 5.1) AppleWebKit/535.11 (KHTML, like Gecko) Chrome/17.0.963.83 Safari/535.11"
59.163.27.11 - - [19/Apr/2012:07:20:33 -0700] "GET /AssessmentBar/r/Unassessed_India_articles/ HTTP/1.1" 302 309 "http://en.wikipedia.org/wiki/Masako_Ono" "Mozilla/5.0 (Windows NT 5.1) AppleWebKit/535.11 (KHTML, like Gecko) Chrome/17.0.963.83 Safari/535.11"
59.163.27.11 - - [19/Apr/2012:07:20:44 -0700] "GET /AssessmentBar/r/Unassessed_India_articles/ HTTP/1.1" 302 279 "http://en.wikipedia.org/wiki/The_Sarai_Programme_at_CSDS" "Mozilla/5.0 (Windows NT 5.1) AppleWebKit/535.11 (KHTML, like Gecko) Chrome/17.0.963.83 Safari/535.11"
66.249.73.23 - - [19/Apr/2012:07:20:57 -0700] "GET /s/ta/1sqc/ HTTP/1.1" 302 549 "-" "Mozilla/5.0 (compatible; Googlebot/2.1; +http://www.google.com/bot.html)"
59.163.27.11 - - [19/Apr/2012:07:21:08 -0700] "GET /AssessmentBar/r/Unassessed_India_articles/ HTTP/1.1" 302 291 "http://en.wikipedia.org/wiki/Pabal" "Mozilla/5.0 (Windows NT 5.1) AppleWebKit/535.11 (KHTML, like Gecko) Chrome/17.0.963.83 Safari/535.11"
59.163.27.11 - - [19/Apr/2012:07:21:11 -0700] "GET /AssessmentBar/r/Unassessed_India_articles/ HTTP/1.1" 302 275 "http://en.wikipedia.org/wiki/Neville_Tuli" "Mozilla/5.0 (Windows NT 5.1) AppleWebKit/535.11 (KHTML, like Gecko) Chrome/17.0.963.83 Safari/535.11"
59.163.27.11 - - [19/Apr/2012:07:21:13 -0700] "GET /AssessmentBar/r/Unassessed_India_articles/ HTTP/1.1" 302 279 "http://en.wikipedia.org/wiki/Rachpal_Singh_Gill" "Mozilla/5.0 (Windows NT 5.1) AppleWebKit/535.11 (KHTML, like Gecko) Chrome/17.0.963.83 Safari/535.11"
59.163.27.11 - - [19/Apr/2012:07:21:15 -0700] "GET /AssessmentBar/r/Unassessed_India_articles/ HTTP/1.1" 302 323 "http://en.wikipedia.org/wiki/Mizo_Union" "Mozilla/5.0 (Windows NT 5.1) AppleWebKit/535.11 (KHTML, like Gecko) Chrome/17.0.963.83 Safari/535.11"
207.46.204.163 - - [19/Apr/2012:07:21:48 -0700] "-" 400 0 "-" "-"
207.46.204.163 - - [19/Apr/2012:07:21:48 -0700] "-" 400 0 "-" "-"
207.46.204.163 - - [19/Apr/2012:07:21:48 -0700] "-" 400 0 "-" "-"
207.46.204.163 - - [19/Apr/2012:07:21:50 -0700] "-" 400 0 "-" "-"
207.46.204.163 - - [19/Apr/2012:07:21:51 -0700] "-" 400 0 "-" "-"
207.46.204.163 - - [19/Apr/2012:07:21:51 -0700] "-" 400 0 "-" "-"
207.46.204.163 - - [19/Apr/2012:07:21:51 -0700] "-" 400 0 "-" "-"
207.46.204.163 - - [19/Apr/2012:07:21:52 -0700] "-" 400 0 "-" "-"
207.46.204.163 - - [19/Apr/2012:07:21:53 -0700] "-" 400 0 "-" "-"
207.46.204.163 - - [19/Apr/2012:07:21:53 -0700] "-" 400 0 "-" "-"
207.46.204.163 - - [19/Apr/2012:07:21:53 -0700] "-" 400 0 "-" "-"
207.46.204.163 - - [19/Apr/2012:07:21:54 -0700] "-" 400 0 "-" "-"
207.241.237.237 - - [19/Apr/2012:07:21:57 -0700] "GET /favicon.ico HTTP/1.0" 404 238 "-" "Mozilla/5.0 (compatible; archive.org_bot +http://www.archive.org/details/archive.org_bot)"
59.163.27.11 - - [19/Apr/2012:07:22:10 -0700] "GET /AssessmentBar/r/Unassessed_India_articles/ HTTP/1.1" 302 281 "http://en.wikipedia.org/wiki/Talk:Garhwal_District" "Mozilla/5.0 (Windows NT 5.1) AppleWebKit/535.11 (KHTML, like Gecko) Chrome/17.0.963.83 Safari/535.11"
59.163.27.11 - - [19/Apr/2012:07:22:12 -0700] "GET /AssessmentBar/r/Unassessed_India_articles/ HTTP/1.1" 302 279 "http://en.wikipedia.org/wiki/Lakshmi_Puja" "Mozilla/5.0 (Windows NT 5.1) AppleWebKit/535.11 (KHTML, like Gecko) Chrome/17.0.963.83 Safari/535.11"
59.163.27.11 - - [19/Apr/2012:07:22:16 -0700] "GET /AssessmentBar/r/Unassessed_India_articles/ HTTP/1.1" 302 299 "http://en.wikipedia.org/wiki/Navleen_Kumar" "Mozilla/5.0 (Windows NT 5.1) AppleWebKit/535.11 (KHTML, like Gecko) Chrome/17.0.963.83 Safari/535.11"
115.242.172.218 - - [19/Apr/2012:07:22:23 -0700] "-" 400 0 "-" "-"
59.163.27.11 - - [19/Apr/2012:07:22:26 -0700] "GET /AssessmentBar/r/Unassessed_India_articles/ HTTP/1.1" 302 341 "http://en.wikipedia.org/wiki/Thikanas_of_Shekhawati" "Mozilla/5.0 (Windows NT 5.1) AppleWebKit/535.11 (KHTML, like Gecko) Chrome/17.0.963.83 Safari/535.11"
207.46.204.163 - - [19/Apr/2012:07:22:28 -0700] "-" 400 0 "-" "-"
59.163.27.11 - - [19/Apr/2012:07:22:54 -0700] "GET /AssessmentBar/r/Unassessed_India_articles/ HTTP/1.1" 302 269 "http://en.wikipedia.org/wiki/IndianOil_Institute_of_Petroleum_Management" "Mozilla/5.0 (Windows NT 5.1) AppleWebKit/535.11 (KHTML, like Gecko) Chrome/17.0.963.83 Safari/535.11"
59.163.27.11 - - [19/Apr/2012:07:22:57 -0700] "GET /AssessmentBar/r/Unassessed_India_articles/ HTTP/1.1" 302 289 "http://en.wikipedia.org/wiki/Mudaliyandan" "Mozilla/5.0 (Windows NT 5.1) AppleWebKit/535.11 (KHTML, like Gecko) Chrome/17.0.963.83 Safari/535.11"
115.242.172.218 - - [19/Apr/2012:07:23:13 -0700] "-" 400 0 "-" "-"
115.242.172.218 - - [19/Apr/2012:07:23:13 -0700] "-" 400 0 "-" "-"
115.242.172.218 - - [19/Apr/2012:07:23:13 -0700] "-" 400 0 "-" "-"
115.242.172.218 - - [19/Apr/2012:07:23:13 -0700] "-" 400 0 "-" "-"
223.231.0.118 - - [19/Apr/2012:07:24:54 -0700] "-" 400 0 "-" "-"
59.163.27.11 - - [19/Apr/2012:07:24:54 -0700] "GET /AssessmentBar/r/Unassessed_India_articles/ HTTP/1.1" 302 311 "http://en.wikipedia.org/wiki/Mahindra_Tractors" "Mozilla/5.0 (Windows NT 5.1) AppleWebKit/535.11 (KHTML, like Gecko) Chrome/17.0.963.83 Safari/535.11"
69.171.234.5 - - [19/Apr/2012:07:25:05 -0700] "GET /r/1lvt HTTP/1.1" 301 257 "-" "facebookexternalhit/1.1 (+http://www.facebook.com/externalhit_uatext.php)"
69.171.234.3 - - [19/Apr/2012:07:25:05 -0700] "GET /s/ta/1lvt/ HTTP/1.1" 302 461 "-" "facebookexternalhit/1.1 (+http://www.facebook.com/externalhit_uatext.php)"
59.163.27.11 - - [19/Apr/2012:07:25:22 -0700] "GET /AssessmentBar/r/Unassessed_India_articles/ HTTP/1.1" 302 283 "http://en.wikipedia.org/wiki/Panghal" "Mozilla/5.0 (Windows NT 5.1) AppleWebKit/535.11 (KHTML, like Gecko) Chrome/17.0.963.83 Safari/535.11"
59.163.27.11 - - [19/Apr/2012:07:25:29 -0700] "GET /AssessmentBar/r/Unassessed_India_articles/ HTTP/1.1" 302 279 "http://en.wikipedia.org/wiki/Lushai_Brigade" "Mozilla/5.0 (Windows NT 5.1) AppleWebKit/535.11 (KHTML, like Gecko) Chrome/17.0.963.83 Safari/535.11"
59.163.27.11 - - [19/Apr/2012:07:25:31 -0700] "GET /AssessmentBar/r/Unassessed_India_articles/ HTTP/1.1" 302 267 "http://en.wikipedia.org/wiki/Amanchi_Venkata_Subrahmanyam" "Mozilla/5.0 (Windows NT 5.1) AppleWebKit/535.11 (KHTML, like Gecko) Chrome/17.0.963.83 Safari/535.11"
188.227.181.211 - - [19/Apr/2012:07:25:38 -0700] "GET /blog/college-drop/ HTTP/1.0" 200 18395 "http://yuvi.in/blog/college-drop/" "Mozilla/4.0 (compatible; MSIE 6.0; Windows NT 5.1; KKman2.0)"
59.163.27.11 - - [19/Apr/2012:07:25:41 -0700] "GET /AssessmentBar/r/Unassessed_India_articles/ HTTP/1.1" 302 305 "http://en.wikipedia.org/wiki/Naropa" "Mozilla/5.0 (Windows NT 5.1) AppleWebKit/535.11 (KHTML, like Gecko) Chrome/17.0.963.83 Safari/535.11"
123.238.225.140 - - [19/Apr/2012:07:25:43 -0700] "GET /r/2xfb HTTP/1.1" 301 257 "http://wikimapia.org/8066163/SUNDARA-MAHALINGAM-%E0%AE%9A%E0%AF%81%E0%AE%A8%E0%AF%8D%E0%AE%A4%E0%AE%B0%E0%AE%AE%E0%AE%95%E0%AE%BE%E0%AE%B2%E0%AE%BF%E0%AE%99%E0%AF%8D%E0%AE%95%E0%AE%AE%E0%AF%8D" "Mozilla/5.0 (Windows NT 5.1) AppleWebKit/535.19 (KHTML, like Gecko) Chrome/18.0.1025.162 Safari/535.19"
123.238.225.140 - - [19/Apr/2012:07:25:44 -0700] "GET /s/ta/2xfb/ HTTP/1.1" 302 593 "http://wikimapia.org/8066163/SUNDARA-MAHALINGAM-%E0%AE%9A%E0%AF%81%E0%AE%A8%E0%AF%8D%E0%AE%A4%E0%AE%B0%E0%AE%AE%E0%AE%95%E0%AE%BE%E0%AE%B2%E0%AE%BF%E0%AE%99%E0%AF%8D%E0%AE%95%E0%AE%AE%E0%AF%8D" "Mozilla/5.0 (Windows NT 5.1) AppleWebKit/535.19 (KHTML, like Gecko) Chrome/18.0.1025.162 Safari/535.19"
59.163.27.11 - - [19/Apr/2012:07:25:46 -0700] "GET /AssessmentBar/r/Unassessed_India_articles/ HTTP/1.1" 302 289 "http://en.wikipedia.org/wiki/Ramachandran" "Mozilla/5.0 (Windows NT 5.1) AppleWebKit/535.11 (KHTML, like Gecko) Chrome/17.0.963.83 Safari/535.11"
123.238.225.140 - - [19/Apr/2012:07:25:50 -0700] "-" 400 0 "-" "-"
59.163.27.11 - - [19/Apr/2012:07:26:04 -0700] "GET /AssessmentBar/r/Unassessed_India_articles/ HTTP/1.1" 302 287 "http://en.wikipedia.org/wiki/Raja_Bhagwant_Das" "Mozilla/5.0 (Windows NT 5.1) AppleWebKit/535.11 (KHTML, like Gecko) Chrome/17.0.963.83 Safari/535.11"
66.249.73.23 - - [19/Apr/2012:07:26:04 -0700] "GET /r/2g6x HTTP/1.1" 301 257 "-" "Mozilla/5.0 (compatible; Googlebot/2.1; +http://www.google.com/bot.html)"
66.249.73.23 - - [19/Apr/2012:07:26:04 -0700] "GET /s/ta/2g6x/ HTTP/1.1" 302 757 "-" "Mozilla/5.0 (compatible; Googlebot/2.1; +http://www.google.com/bot.html)"
59.163.27.11 - - [19/Apr/2012:07:26:17 -0700] "GET /AssessmentBar/r/Unassessed_India_articles/ HTTP/1.1" 302 321 "http://en.wikipedia.org/wiki/Madras_Presidency_Matches" "Mozilla/5.0 (Windows NT 5.1) AppleWebKit/535.11 (KHTML, like Gecko) Chrome/17.0.963.83 Safari/535.11"
59.163.27.11 - - [19/Apr/2012:07:26:34 -0700] "GET /AssessmentBar/r/Unassessed_India_articles/ HTTP/1.1" 302 285 "http://en.wikipedia.org/wiki/Manibhadresvara_Siva_Temple_%E2%80%93_I" "Mozilla/5.0 (Windows NT 5.1) AppleWebKit/535.11 (KHTML, like Gecko) Chrome/17.0.963.83 Safari/535.11"
59.163.27.11 - - [19/Apr/2012:07:26:38 -0700] "GET /AssessmentBar/r/Unassessed_India_articles/ HTTP/1.1" 302 291 "http://en.wikipedia.org/wiki/Richard_Hingston" "Mozilla/5.0 (Windows NT 5.1) AppleWebKit/535.11 (KHTML, like Gecko) Chrome/17.0.963.83 Safari/535.11"
117.202.180.107 - - [19/Apr/2012:07:26:39 -0700] "-" 400 0 "-" "-"
59.163.27.11 - - [19/Apr/2012:07:26:58 -0700] "GET /AssessmentBar/r/Unassessed_India_articles/ HTTP/1.1" 302 295 "http://en.wikipedia.org/wiki/Anubhav_Srivastava" "Mozilla/5.0 (Windows NT 5.1) AppleWebKit/535.11 (KHTML, like Gecko) Chrome/17.0.963.83 Safari/535.11"
59.163.27.11 - - [19/Apr/2012:07:27:01 -0700] "GET /AssessmentBar/r/Unassessed_India_articles/ HTTP/1.1" 302 285 "http://en.wikipedia.org/wiki/Koru_Uppalapadu" "Mozilla/5.0 (Windows NT 5.1) AppleWebKit/535.11 (KHTML, like Gecko) Chrome/17.0.963.83 Safari/535.11"
59.163.27.11 - - [19/Apr/2012:07:27:04 -0700] "GET /AssessmentBar/r/Unassessed_India_articles/ HTTP/1.1" 302 269 "http://en.wikipedia.org/wiki/Imperial_Indian_Mail" "Mozilla/5.0 (Windows NT 5.1) AppleWebKit/535.11 (KHTML, like Gecko) Chrome/17.0.963.83 Safari/535.11"
59.163.27.11 - - [19/Apr/2012:07:27:06 -0700] "GET /AssessmentBar/r/Unassessed_India_articles/ HTTP/1.1" 302 297 "http://en.wikipedia.org/wiki/Duke's_Lemonade" "Mozilla/5.0 (Windows NT 5.1) AppleWebKit/535.11 (KHTML, like Gecko) Chrome/17.0.963.83 Safari/535.11"
59.163.27.11 - - [19/Apr/2012:07:27:08 -0700] "GET /AssessmentBar/r/Unassessed_India_articles/ HTTP/1.1" 302 295 "http://en.wikipedia.org/wiki/Kallara" "Mozilla/5.0 (Windows NT 5.1) AppleWebKit/535.11 (KHTML, like Gecko) Chrome/17.0.963.83 Safari/535.11"
59.163.27.11 - - [19/Apr/2012:07:27:32 -0700] "GET /AssessmentBar/r/Unassessed_India_articles/ HTTP/1.1" 302 301 "http://en.wikipedia.org/wiki/Brijmohan_Lall_Munjal" "Mozilla/5.0 (Windows NT 5.1) AppleWebKit/535.11 (KHTML, like Gecko) Chrome/17.0.963.83 Safari/535.11"
59.163.27.11 - - [19/Apr/2012:07:27:37 -0700] "GET /AssessmentBar/r/Unassessed_India_articles/ HTTP/1.1" 302 267 "http://en.wikipedia.org/wiki/K._S._Digvijaysinhji" "Mozilla/5.0 (Windows NT 5.1) AppleWebKit/535.11 (KHTML, like Gecko) Chrome/17.0.963.83 Safari/535.11"
59.163.27.11 - - [19/Apr/2012:07:27:40 -0700] "GET /AssessmentBar/r/Unassessed_India_articles/ HTTP/1.1" 302 307 "http://en.wikipedia.org/wiki/Timeline_of_the_Karavas" "Mozilla/5.0 (Windows NT 5.1) AppleWebKit/535.11 (KHTML, like Gecko) Chrome/17.0.963.83 Safari/535.11"
117.202.180.107 - - [19/Apr/2012:07:28:08 -0700] "-" 400 0 "-" "-"
117.202.180.107 - - [19/Apr/2012:07:28:08 -0700] "-" 400 0 "-" "-"
117.202.180.107 - - [19/Apr/2012:07:28:08 -0700] "-" 400 0 "-" "-"
117.202.180.107 - - [19/Apr/2012:07:28:08 -0700] "-" 400 0 "-" "-"
117.202.180.107 - - [19/Apr/2012:07:28:08 -0700] "-" 400 0 "-" "-"
59.163.27.11 - - [19/Apr/2012:07:28:12 -0700] "GET /AssessmentBar/r/Unassessed_India_articles/ HTTP/1.1" 302 311 "http://en.wikipedia.org/wiki/Dingal" "Mozilla/5.0 (Windows NT 5.1) AppleWebKit/535.11 (KHTML, like Gecko) Chrome/17.0.963.83 Safari/535.11"
69.171.234.6 - - [19/Apr/2012:07:28:21 -0700] "GET /r/33y0 HTTP/1.1" 301 257 "-" "facebookexternalhit/1.1 (+http://www.facebook.com/externalhit_uatext.php)"
69.171.234.1 - - [19/Apr/2012:07:28:21 -0700] "GET /s/ta/33y0/ HTTP/1.1" 302 609 "-" "facebookexternalhit/1.1 (+http://www.facebook.com/externalhit_uatext.php)"
69.171.234.4 - - [19/Apr/2012:07:28:21 -0700] "GET /r/3a3 HTTP/1.1" 301 255 "-" "facebookexternalhit/1.1 (+http://www.facebook.com/externalhit_uatext.php)"
69.171.234.6 - - [19/Apr/2012:07:28:21 -0700] "GET /s/ta/3a3/ HTTP/1.1" 302 485 "-" "facebookexternalhit/1.1 (+http://www.facebook.com/externalhit_uatext.php)"
59.163.27.11 - - [19/Apr/2012:07:28:24 -0700] "GET /AssessmentBar/r/Unassessed_India_articles/ HTTP/1.1" 302 319 "http://en.wikipedia.org/wiki/Hawa_Mahal_(radio_program)" "Mozilla/5.0 (Windows NT 5.1) AppleWebKit/535.11 (KHTML, like Gecko) Chrome/17.0.963.83 Safari/535.11"
117.202.180.107 - - [19/Apr/2012:07:28:42 -0700] "-" 400 0 "-" "-"
117.202.180.107 - - [19/Apr/2012:07:28:42 -0700] "-" 400 0 "-" "-"
117.202.180.107 - - [19/Apr/2012:07:28:42 -0700] "-" 400 0 "-" "-"
117.202.180.107 - - [19/Apr/2012:07:28:42 -0700] "-" 400 0 "-" "-"
117.202.180.107 - - [19/Apr/2012:07:28:42 -0700] "-" 400 0 "-" "-"
59.163.27.11 - - [19/Apr/2012:07:28:43 -0700] "GET /AssessmentBar/r/Unassessed_India_articles/ HTTP/1.1" 302 295 "http://en.wikipedia.org/wiki/Liquid_Propulsion_Systems_Centre" "Mozilla/5.0 (Windows NT 5.1) AppleWebKit/535.11 (KHTML, like Gecko) Chrome/17.0.963.83 Safari/535.11"
59.163.27.11 - - [19/Apr/2012:07:28:45 -0700] "GET /AssessmentBar/r/Unassessed_India_articles/ HTTP/1.1" 302 303 "http://en.wikipedia.org/wiki/Kamrup_Metropolitan_district" "Mozilla/5.0 (Windows NT 5.1) AppleWebKit/535.11 (KHTML, like Gecko) Chrome/17.0.963.83 Safari/535.11"
59.163.27.11 - - [19/Apr/2012:07:29:02 -0700] "GET /AssessmentBar/r/Unassessed_India_articles/ HTTP/1.1" 302 303 "http://en.wikipedia.org/wiki/National_Fertilizers" "Mozilla/5.0 (Windows NT 5.1) AppleWebKit/535.11 (KHTML, like Gecko) Chrome/17.0.963.83 Safari/535.11"
59.163.27.11 - - [19/Apr/2012:07:29:23 -0700] "GET /AssessmentBar/r/Unassessed_India_articles/ HTTP/1.1" 302 271 "http://en.wikipedia.org/wiki/Bangalore_Tamil_dialects" "Mozilla/5.0 (Windows NT 5.1) AppleWebKit/535.11 (KHTML, like Gecko) Chrome/17.0.963.83 Safari/535.11"
59.163.27.11 - - [19/Apr/2012:07:29:29 -0700] "GET /AssessmentBar/r/Unassessed_India_articles/ HTTP/1.1" 302 269 "http://en.wikipedia.org/wiki/Samatata" "Mozilla/5.0 (Windows NT 5.1) AppleWebKit/535.11 (KHTML, like Gecko) Chrome/17.0.963.83 Safari/535.11"
59.163.27.11 - - [19/Apr/2012:07:29:31 -0700] "GET /AssessmentBar/r/Unassessed_India_articles/ HTTP/1.1" 302 275 "http://en.wikipedia.org/wiki/Henry_James_Summer_Maine" "Mozilla/5.0 (Windows NT 5.1) AppleWebKit/535.11 (KHTML, like Gecko) Chrome/17.0.963.83 Safari/535.11"
66.249.73.23 - - [19/Apr/2012:07:29:31 -0700] "GET /r/354r HTTP/1.1" 301 257 "-" "Mozilla/5.0 (compatible; Googlebot/2.1; +http://www.google.com/bot.html)"
66.249.73.23 - - [19/Apr/2012:07:29:32 -0700] "GET /s/ta/354r/ HTTP/1.1" 302 385 "-" "Mozilla/5.0 (compatible; Googlebot/2.1; +http://www.google.com/bot.html)"
85.17.88.169 - - [19/Apr/2012:07:29:37 -0700] "POST /blog/wp-cron.php?doing_wp_cron=1334845383 HTTP/1.0" 499 0 "-" "WordPress/3.3.1; http://yuvi.in/blog"
94.228.34.248 - - [19/Apr/2012:07:29:37 -0700] "GET /blog/ HTTP/1.1" 200 10128 "-" "magpie-crawler/1.1 (U; Linux amd64; en-GB; +http://www.brandwatch.net)"
85.17.88.169 - - [19/Apr/2012:07:29:48 -0700] "POST /blog/wp-cron.php?doing_wp_cron=1334845394 HTTP/1.0" 499 0 "-" "WordPress/3.3.1; http://yuvi.in/blog"
94.228.34.248 - - [19/Apr/2012:07:29:49 -0700] "GET /blog/index.html HTTP/1.1" 404 3016 "http://yuvi.in/blog/" "magpie-crawler/1.1 (U; Linux amd64; en-GB; +http://www.brandwatch.net)"
207.46.204.162 - - [19/Apr/2012:07:29:50 -0700] "-" 400 0 "-" "-"
207.46.204.162 - - [19/Apr/2012:07:29:50 -0700] "-" 400 0 "-" "-"
