85.17.88.169 - - [17/Mar/2012:21:05:47 -0700] "POST /blog/wp-cron.php?doing_wp_cron=1332043412 HTTP/1.0" 499 0 "-" "WordPress/3.3.1; http://yuvi.in/blog"
209.85.238.115 - - [17/Mar/2012:21:05:48 -0700] "GET /blog/feed/ HTTP/1.1" 304 0 "-" "Feedfetcher-Google; (+http://www.google.com/feedfetcher.html; 3 subscribers; feed-id=17684830852112633560)"
85.17.88.169 - - [17/Mar/2012:21:07:22 -0700] "POST /blog/wp-cron.php?doing_wp_cron=1332043507 HTTP/1.0" 499 0 "-" "WordPress/3.3.1; http://yuvi.in/blog"
209.85.224.87 - - [17/Mar/2012:21:07:22 -0700] "GET /blog/feed HTTP/1.1" 304 0 "-" "FeedBurner/1.0 (http://www.FeedBurner.com)"
117.193.172.203 - - [17/Mar/2012:21:07:36 -0700] "-" 400 0 "-" "-"
117.193.172.203 - - [17/Mar/2012:21:07:36 -0700] "-" 400 0 "-" "-"
117.193.172.203 - - [17/Mar/2012:21:07:36 -0700] "-" 400 0 "-" "-"
117.193.172.203 - - [17/Mar/2012:21:08:05 -0700] "-" 400 0 "-" "-"
85.17.88.169 - - [17/Mar/2012:21:10:13 -0700] "POST /blog/wp-cron.php?doing_wp_cron=1332043678 HTTP/1.0" 499 0 "-" "WordPress/3.3.1; http://yuvi.in/blog"
207.46.204.188 - - [17/Mar/2012:21:10:14 -0700] "GET /blog/what-i-learnt-from-the-hackfest-at-iitm/ HTTP/1.1" 200 6073 "-" "Mozilla/5.0 (compatible; bingbot/2.0; +http://www.bing.com/bingbot.htm)"
69.171.229.246 - - [17/Mar/2012:21:10:38 -0700] "GET /r/1hea HTTP/1.1" 301 257 "-" "facebookexternalhit/1.1 (+http://www.facebook.com/externalhit_uatext.php)"
69.171.229.251 - - [17/Mar/2012:21:10:38 -0700] "GET /s/ta/1hea/ HTTP/1.1" 302 437 "-" "facebookexternalhit/1.1 (+http://www.facebook.com/externalhit_uatext.php)"
66.249.68.52 - - [17/Mar/2012:21:11:09 -0700] "GET /r/2yic HTTP/1.1" 301 257 "-" "Mozilla/5.0 (compatible; Googlebot/2.1; +http://www.google.com/bot.html)"
66.249.68.52 - - [17/Mar/2012:21:11:10 -0700] "GET /s/ta/2yic/ HTTP/1.1" 302 433 "-" "Mozilla/5.0 (compatible; Googlebot/2.1; +http://www.google.com/bot.html)"
69.171.229.247 - - [17/Mar/2012:21:12:03 -0700] "GET /r/1hea HTTP/1.1" 301 257 "-" "facebookexternalhit/1.1 (+http://www.facebook.com/externalhit_uatext.php)"
69.171.229.249 - - [17/Mar/2012:21:12:03 -0700] "GET /s/ta/1hea/ HTTP/1.1" 302 437 "-" "facebookexternalhit/1.1 (+http://www.facebook.com/externalhit_uatext.php)"
209.85.224.98 - - [17/Mar/2012:21:13:58 -0700] "GET /stories/feed HTTP/1.1" 200 13653 "-" "FeedBurner/1.0 (http://www.FeedBurner.com)"
117.193.8.91 - - [17/Mar/2012:21:14:04 -0700] "-" 400 0 "-" "-"
69.171.229.251 - - [17/Mar/2012:21:14:32 -0700] "GET /r/1eg5 HTTP/1.1" 301 257 "-" "facebookexternalhit/1.1 (+http://www.facebook.com/externalhit_uatext.php)"
69.171.229.247 - - [17/Mar/2012:21:14:32 -0700] "GET /s/ta/1eg5/ HTTP/1.1" 302 337 "-" "facebookexternalhit/1.1 (+http://www.facebook.com/externalhit_uatext.php)"
85.17.88.169 - - [17/Mar/2012:21:14:56 -0700] "POST /blog/wp-cron.php?doing_wp_cron=1332043961 HTTP/1.0" 499 0 "-" "WordPress/3.3.1; http://yuvi.in/blog"
180.76.6.225 - - [17/Mar/2012:21:14:57 -0700] "GET /blog/about/ HTTP/1.1" 200 4116 "-" "Mozilla/5.0 (compatible; Baiduspider/2.0; +http://www.baidu.com/search/spider.html)"
213.186.127.13 - - [17/Mar/2012:21:17:08 -0700] "GET /robots.txt HTTP/1.1" 404 211 "-" "Mozilla/5.0 (compatible; AhrefsBot/2.0; +http://ahrefs.com/robot/)"
213.186.127.13 - - [17/Mar/2012:21:17:08 -0700] "GET /robots.txt HTTP/1.1" 404 142 "-" "Mozilla/5.0 (compatible; AhrefsBot/2.0; +http://ahrefs.com/robot/)"
69.171.228.248 - - [17/Mar/2012:21:22:16 -0700] "GET /r/p3f HTTP/1.1" 301 255 "-" "facebookexternalhit/1.1 (+http://www.facebook.com/externalhit_uatext.php)"
69.171.228.249 - - [17/Mar/2012:21:22:16 -0700] "GET /s/ta/p3f/ HTTP/1.1" 302 425 "-" "facebookexternalhit/1.1 (+http://www.facebook.com/externalhit_uatext.php)"
112.79.40.39 - - [17/Mar/2012:21:22:16 -0700] "-" 400 0 "-" "-"
112.79.40.39 - - [17/Mar/2012:21:22:16 -0700] "-" 400 0 "-" "-"
178.32.28.114 - - [17/Mar/2012:21:23:36 -0700] "HEAD /favicon.ico HTTP/1.0" 404 0 "-" "Drupal (+http://drupal.org/)"
178.32.28.114 - - [17/Mar/2012:21:23:37 -0700] "GET / HTTP/1.0" 200 3439 "-" "Drupal (+http://drupal.org/)"
66.220.149.244 - - [17/Mar/2012:21:24:49 -0700] "GET /r/1x7m HTTP/1.1" 301 257 "-" "facebookexternalhit/1.1 (+http://www.facebook.com/externalhit_uatext.php)"
66.220.149.249 - - [17/Mar/2012:21:24:49 -0700] "GET /s/ta/1x7m/ HTTP/1.1" 302 513 "-" "facebookexternalhit/1.1 (+http://www.facebook.com/externalhit_uatext.php)"
207.46.204.209 - - [17/Mar/2012:21:29:23 -0700] "-" 400 0 "-" "-"
207.46.204.209 - - [17/Mar/2012:21:29:23 -0700] "-" 400 0 "-" "-"
207.46.204.209 - - [17/Mar/2012:21:29:24 -0700] "-" 400 0 "-" "-"
207.46.204.209 - - [17/Mar/2012:21:29:24 -0700] "-" 400 0 "-" "-"
207.46.204.209 - - [17/Mar/2012:21:29:24 -0700] "-" 400 0 "-" "-"
207.46.204.209 - - [17/Mar/2012:21:29:25 -0700] "-" 400 0 "-" "-"
207.46.204.209 - - [17/Mar/2012:21:29:25 -0700] "-" 400 0 "-" "-"
207.46.204.209 - - [17/Mar/2012:21:29:25 -0700] "-" 400 0 "-" "-"
207.46.204.209 - - [17/Mar/2012:21:29:25 -0700] "-" 400 0 "-" "-"
213.186.127.13 - - [17/Mar/2012:21:29:35 -0700] "GET /stories/proprietary-connections-lame-version.html HTTP/1.1" 200 1927 "-" "Mozilla/5.0 (compatible; AhrefsBot/2.0; +http://ahrefs.com/robot/)"
207.46.204.168 - - [17/Mar/2012:21:30:17 -0700] "-" 400 0 "-" "-"
207.46.204.209 - - [17/Mar/2012:21:30:19 -0700] "-" 400 0 "-" "-"
207.46.204.209 - - [17/Mar/2012:21:30:19 -0700] "-" 400 0 "-" "-"
207.46.204.168 - - [17/Mar/2012:21:30:19 -0700] "-" 400 0 "-" "-"
207.46.204.168 - - [17/Mar/2012:21:30:19 -0700] "-" 400 0 "-" "-"
207.46.204.168 - - [17/Mar/2012:21:30:20 -0700] "-" 400 0 "-" "-"
207.46.204.168 - - [17/Mar/2012:21:30:20 -0700] "-" 400 0 "-" "-"
207.46.204.168 - - [17/Mar/2012:21:30:20 -0700] "-" 400 0 "-" "-"
207.46.204.168 - - [17/Mar/2012:21:30:20 -0700] "-" 400 0 "-" "-"
207.46.204.168 - - [17/Mar/2012:21:30:21 -0700] "-" 400 0 "-" "-"
207.46.204.168 - - [17/Mar/2012:21:30:21 -0700] "-" 400 0 "-" "-"
207.46.204.168 - - [17/Mar/2012:21:30:21 -0700] "-" 400 0 "-" "-"
207.46.204.168 - - [17/Mar/2012:21:30:46 -0700] "-" 400 0 "-" "-"
85.17.88.169 - - [17/Mar/2012:21:32:05 -0700] "POST /blog/wp-cron.php?doing_wp_cron=1332044990 HTTP/1.0" 499 0 "-" "WordPress/3.3.1; http://yuvi.in/blog"
183.178.85.181 - - [17/Mar/2012:21:32:06 -0700] "GET /blog/category/devlog/feed HTTP/1.1" 301 0 "-" "Mozilla/4.0 (compatible; MSIE 5.5; Windows NT)"
85.17.88.169 - - [17/Mar/2012:21:32:08 -0700] "POST /blog/wp-cron.php?doing_wp_cron=1332044992 HTTP/1.0" 499 0 "-" "WordPress/3.3.1; http://yuvi.in/blog"
183.178.85.181 - - [17/Mar/2012:21:32:09 -0700] "GET /blog/category/devlog/feed/ HTTP/1.1" 200 32039 "-" "Mozilla/4.0 (compatible; MSIE 5.5; Windows NT)"
122.164.157.121 - - [17/Mar/2012:21:35:25 -0700] "-" 400 0 "-" "-"
122.164.157.121 - - [17/Mar/2012:21:35:25 -0700] "-" 400 0 "-" "-"
203.153.223.84 - - [17/Mar/2012:21:36:49 -0700] "GET /r/2zdq HTTP/1.1" 301 257 "http://ta.wikipedia.org/wiki/%E0%AE%95%E0%AF%81%E0%AE%B1%E0%AF%8D%E0%AE%B1%E0%AE%B2%E0%AF%88%E0%AE%A4%E0%AF%8D_%E0%AE%A4%E0%AE%BE%E0%AE%99%E0%AF%8D%E0%AE%95%E0%AE%BF" "Mozilla/5.0 (Windows NT 6.1) AppleWebKit/535.11 (KHTML, like Gecko) Chrome/17.0.963.79 Safari/535.11"
203.153.223.84 - - [17/Mar/2012:21:36:50 -0700] "GET /s/ta/2zdq/ HTTP/1.1" 302 449 "http://ta.wikipedia.org/wiki/%E0%AE%95%E0%AF%81%E0%AE%B1%E0%AF%8D%E0%AE%B1%E0%AE%B2%E0%AF%88%E0%AE%A4%E0%AF%8D_%E0%AE%A4%E0%AE%BE%E0%AE%99%E0%AF%8D%E0%AE%95%E0%AE%BF" "Mozilla/5.0 (Windows NT 6.1) AppleWebKit/535.11 (KHTML, like Gecko) Chrome/17.0.963.79 Safari/535.11"
203.153.223.84 - - [17/Mar/2012:21:36:59 -0700] "-" 400 0 "-" "-"
220.255.1.240 - - [17/Mar/2012:21:37:19 -0700] "GET /favicon.ico HTTP/1.1" 404 211 "-" "Mozilla/4.0 (compatible; MSIE 8.0; Windows NT 5.1; Trident/4.0; .NET CLR 1.1.4322; .NET CLR 2.0.50727; .NET CLR 3.0.4506.2152; .NET CLR 3.5.30729; OfficeLiveConnector.1.3; OfficeLivePatch.0.0)"
85.17.88.169 - - [17/Mar/2012:21:37:26 -0700] "POST /blog/wp-cron.php?doing_wp_cron=1332045310 HTTP/1.0" 499 0 "-" "WordPress/3.3.1; http://yuvi.in/blog"
209.85.224.94 - - [17/Mar/2012:21:37:26 -0700] "GET /blog/feed HTTP/1.1" 304 0 "-" "FeedBurner/1.0 (http://www.FeedBurner.com)"
220.255.2.116 - - [17/Mar/2012:21:37:30 -0700] "-" 400 0 "-" "-"
220.255.2.134 - - [17/Mar/2012:21:37:31 -0700] "-" 400 0 "-" "-"
180.76.5.110 - - [17/Mar/2012:21:37:37 -0700] "GET /blog/blogging-from-under-the-table-during-class.html HTTP/1.1" 200 2675 "-" "Mozilla/5.0 (compatible; Baiduspider/2.0; +http://www.baidu.com/search/spider.html)"
85.17.88.169 - - [17/Mar/2012:21:37:53 -0700] "POST /blog/wp-cron.php?doing_wp_cron=1332045338 HTTP/1.0" 499 0 "-" "WordPress/3.3.1; http://yuvi.in/blog"
183.82.78.91 - - [17/Mar/2012:21:37:53 -0700] "GET /blog/feed/ HTTP/1.0" 304 0 "-" "FeedDemon/4.0 (http://www.feeddemon.com/; Microsoft Windows)"
141.0.9.38 - - [17/Mar/2012:21:37:57 -0700] "-" 400 0 "-" "-"
69.171.229.246 - - [17/Mar/2012:21:38:20 -0700] "GET /r/1x7m HTTP/1.1" 301 257 "-" "facebookexternalhit/1.1 (+http://www.facebook.com/externalhit_uatext.php)"
69.171.229.244 - - [17/Mar/2012:21:38:20 -0700] "GET /s/ta/1x7m/ HTTP/1.1" 302 513 "-" "facebookexternalhit/1.1 (+http://www.facebook.com/externalhit_uatext.php)"
66.249.68.52 - - [17/Mar/2012:21:41:19 -0700] "GET /r/2uu2 HTTP/1.1" 301 257 "-" "Mozilla/5.0 (compatible; Googlebot/2.1; +http://www.google.com/bot.html)"
66.249.68.52 - - [17/Mar/2012:21:41:19 -0700] "GET /s/ta/2uu2/ HTTP/1.1" 302 685 "-" "Mozilla/5.0 (compatible; Googlebot/2.1; +http://www.google.com/bot.html)"
117.201.240.33 - - [17/Mar/2012:21:42:16 -0700] "-" 400 0 "-" "-"
66.249.68.52 - - [17/Mar/2012:21:45:05 -0700] "GET /r/vw8 HTTP/1.1" 301 255 "-" "Mozilla/5.0 (compatible; Googlebot/2.1; +http://www.google.com/bot.html)"
66.249.68.52 - - [17/Mar/2012:21:45:05 -0700] "GET /s/ta/vw8/ HTTP/1.1" 302 499 "-" "Mozilla/5.0 (compatible; Googlebot/2.1; +http://www.google.com/bot.html)"
59.92.32.43 - - [17/Mar/2012:21:46:05 -0700] "-" 400 0 "-" "-"
66.249.68.52 - - [17/Mar/2012:21:48:51 -0700] "GET /r/gke HTTP/1.1" 301 255 "-" "Mozilla/5.0 (compatible; Googlebot/2.1; +http://www.google.com/bot.html)"
66.249.68.52 - - [17/Mar/2012:21:48:51 -0700] "GET /s/ta/gke/ HTTP/1.1" 302 439 "-" "Mozilla/5.0 (compatible; Googlebot/2.1; +http://www.google.com/bot.html)"
122.164.52.165 - - [17/Mar/2012:21:48:56 -0700] "-" 400 0 "-" "-"
69.171.242.250 - - [17/Mar/2012:21:51:05 -0700] "GET /r/1x7m HTTP/1.1" 301 257 "-" "facebookexternalhit/1.1 (+http://www.facebook.com/externalhit_uatext.php)"
69.171.242.244 - - [17/Mar/2012:21:51:06 -0700] "GET /s/ta/1x7m/ HTTP/1.1" 302 513 "-" "facebookexternalhit/1.1 (+http://www.facebook.com/externalhit_uatext.php)"
14.99.17.240 - - [17/Mar/2012:21:53:04 -0700] "-" 400 0 "-" "-"
14.99.17.240 - - [17/Mar/2012:21:53:04 -0700] "-" 400 0 "-" "-"
14.99.17.240 - - [17/Mar/2012:21:53:04 -0700] "-" 400 0 "-" "-"
14.99.17.240 - - [17/Mar/2012:21:53:04 -0700] "-" 400 0 "-" "-"
14.99.17.240 - - [17/Mar/2012:21:53:04 -0700] "-" 400 0 "-" "-"
85.17.88.169 - - [17/Mar/2012:21:53:10 -0700] "POST /blog/wp-cron.php?doing_wp_cron=1332046254 HTTP/1.0" 499 0 "-" "WordPress/3.3.1; http://yuvi.in/blog"
101.226.33.171 - - [17/Mar/2012:21:53:10 -0700] "GET /blog/feed HTTP/1.0" 304 0 "-" "Mozilla/4.0 (compatible; Windows;)"
66.249.68.52 - - [17/Mar/2012:21:56:23 -0700] "GET /r/2tk9 HTTP/1.1" 301 257 "-" "Mozilla/5.0 (compatible; Googlebot/2.1; +http://www.google.com/bot.html)"
66.249.68.52 - - [17/Mar/2012:21:56:23 -0700] "GET /s/ta/2tk9/ HTTP/1.1" 302 449 "-" "Mozilla/5.0 (compatible; Googlebot/2.1; +http://www.google.com/bot.html)"
66.249.68.52 - - [17/Mar/2012:22:00:11 -0700] "GET /r/1g76 HTTP/1.1" 301 257 "-" "Mozilla/5.0 (compatible; Googlebot/2.1; +http://www.google.com/bot.html)"
66.249.68.52 - - [17/Mar/2012:22:00:11 -0700] "GET /s/ta/1g76/ HTTP/1.1" 302 625 "-" "Mozilla/5.0 (compatible; Googlebot/2.1; +http://www.google.com/bot.html)"
122.164.169.27 - - [17/Mar/2012:22:00:57 -0700] "-" 400 0 "-" "-"
122.164.169.27 - - [17/Mar/2012:22:00:57 -0700] "-" 400 0 "-" "-"
69.171.234.6 - - [17/Mar/2012:22:02:48 -0700] "GET /r/1eg5 HTTP/1.1" 301 257 "-" "facebookexternalhit/1.1 (+http://www.facebook.com/externalhit_uatext.php)"
69.171.234.1 - - [17/Mar/2012:22:02:48 -0700] "GET /s/ta/1eg5/ HTTP/1.1" 302 337 "-" "facebookexternalhit/1.1 (+http://www.facebook.com/externalhit_uatext.php)"
141.0.10.117 - - [17/Mar/2012:22:04:55 -0700] "-" 400 0 "-" "-"
141.0.10.117 - - [17/Mar/2012:22:04:55 -0700] "-" 400 0 "-" "-"
141.0.10.117 - - [17/Mar/2012:22:04:55 -0700] "-" 400 0 "-" "-"
208.115.113.85 - - [17/Mar/2012:22:07:18 -0700] "GET /robots.txt HTTP/1.1" 404 238 "-" "Mozilla/5.0 (compatible; Ezooms/1.0; ezooms.bot@gmail.com)"
85.17.88.169 - - [17/Mar/2012:22:07:37 -0700] "POST /blog/wp-cron.php?doing_wp_cron=1332047121 HTTP/1.0" 499 0 "-" "WordPress/3.3.1; http://yuvi.in/blog"
209.85.224.83 - - [17/Mar/2012:22:07:37 -0700] "GET /blog/feed HTTP/1.1" 304 0 "-" "FeedBurner/1.0 (http://www.FeedBurner.com)"
85.17.88.169 - - [17/Mar/2012:22:07:45 -0700] "POST /blog/wp-cron.php?doing_wp_cron=1332047130 HTTP/1.0" 499 0 "-" "WordPress/3.3.1; http://yuvi.in/blog"
180.76.5.97 - - [17/Mar/2012:22:07:46 -0700] "GET /blog/tag/book/feed/ HTTP/1.1" 200 3570 "-" "Mozilla/5.0 (compatible; Baiduspider/2.0; +http://www.baidu.com/search/spider.html)"
85.17.88.169 - - [17/Mar/2012:22:08:03 -0700] "POST /blog/wp-cron.php?doing_wp_cron=1332047147 HTTP/1.0" 499 0 "-" "WordPress/3.3.1; http://yuvi.in/blog"
100.43.83.144 - - [17/Mar/2012:22:08:03 -0700] "GET /blog/tag/education/ HTTP/1.1" 200 10857 "-" "Mozilla/5.0 (compatible; YandexBot/3.0; +http://yandex.com/bots)"
117.216.115.9 - - [17/Mar/2012:22:08:32 -0700] "-" 400 0 "-" "-"
69.171.228.249 - - [17/Mar/2012:22:09:05 -0700] "GET /r/252 HTTP/1.1" 301 255 "-" "facebookexternalhit/1.1 (+http://www.facebook.com/externalhit_uatext.php)"
69.171.228.246 - - [17/Mar/2012:22:09:05 -0700] "GET /s/ta/252/ HTTP/1.1" 302 461 "-" "facebookexternalhit/1.1 (+http://www.facebook.com/externalhit_uatext.php)"
85.17.88.169 - - [17/Mar/2012:22:09:06 -0700] "POST /blog/wp-cron.php?doing_wp_cron=1332047211 HTTP/1.0" 499 0 "-" "WordPress/3.3.1; http://yuvi.in/blog"
209.85.238.115 - - [17/Mar/2012:22:09:07 -0700] "GET /blog/feed/ HTTP/1.1" 304 0 "-" "Feedfetcher-Google; (+http://www.google.com/feedfetcher.html; 19 subscribers; feed-id=15064232456473204253)"
85.17.88.169 - - [17/Mar/2012:22:09:45 -0700] "POST /blog/wp-cron.php?doing_wp_cron=1332047249 HTTP/1.0" 499 0 "-" "WordPress/3.3.1; http://yuvi.in/blog"
209.85.238.115 - - [17/Mar/2012:22:09:45 -0700] "GET /blog/feed HTTP/1.1" 301 0 "-" "Feedfetcher-Google; (+http://www.google.com/feedfetcher.html; 3 subscribers; feed-id=17684830852112633560)"
85.17.88.169 - - [17/Mar/2012:22:09:47 -0700] "POST /blog/wp-cron.php?doing_wp_cron=1332047252 HTTP/1.0" 499 0 "-" "WordPress/3.3.1; http://yuvi.in/blog"
209.85.238.115 - - [17/Mar/2012:22:09:47 -0700] "GET /blog/feed/ HTTP/1.1" 304 0 "-" "Feedfetcher-Google; (+http://www.google.com/feedfetcher.html; 3 subscribers; feed-id=17684830852112633560)"
66.249.68.52 - - [17/Mar/2012:22:11:29 -0700] "GET /s/ta/2sxy/ HTTP/1.1" 302 445 "-" "Mozilla/5.0 (compatible; Googlebot/2.1; +http://www.google.com/bot.html)"
74.125.156.83 - - [17/Mar/2012:22:13:21 -0700] "GET /favicon.ico HTTP/1.1" 404 142 "-" "-"
85.17.88.169 - - [17/Mar/2012:22:13:49 -0700] "POST /blog/wp-cron.php?doing_wp_cron=1332047493 HTTP/1.0" 499 0 "-" "WordPress/3.3.1; http://yuvi.in/blog"
213.186.127.13 - - [17/Mar/2012:22:13:49 -0700] "GET /blog/tag/it/ HTTP/1.1" 200 4048 "-" "Mozilla/5.0 (compatible; AhrefsBot/2.0; +http://ahrefs.com/robot/)"
85.17.88.169 - - [17/Mar/2012:22:13:52 -0700] "POST /blog/wp-cron.php?doing_wp_cron=1332047497 HTTP/1.0" 499 0 "-" "WordPress/3.3.1; http://yuvi.in/blog"
183.82.78.91 - - [17/Mar/2012:22:13:52 -0700] "GET /blog/feed/ HTTP/1.0" 304 0 "-" "FeedDemon/4.0 (http://www.feeddemon.com/; Microsoft Windows)"
209.85.224.83 - - [17/Mar/2012:22:14:01 -0700] "GET /stories/feed HTTP/1.1" 200 13653 "-" "FeedBurner/1.0 (http://www.FeedBurner.com)"
85.17.88.169 - - [17/Mar/2012:22:18:10 -0700] "POST /blog/wp-cron.php?doing_wp_cron=1332047755 HTTP/1.0" 499 0 "-" "WordPress/3.3.1; http://yuvi.in/blog"
119.63.196.123 - - [17/Mar/2012:22:18:11 -0700] "GET /blog/story-average-indian-techie/ HTTP/1.1" 200 15981 "-" "Mozilla/5.0 (compatible; Baiduspider/2.0; +http://www.baidu.com/search/spider.html)"
85.17.88.169 - - [17/Mar/2012:22:18:20 -0700] "POST /blog/wp-cron.php?doing_wp_cron=1332047765 HTTP/1.0" 499 0 "-" "WordPress/3.3.1; http://yuvi.in/blog"
122.164.162.255 - - [17/Mar/2012:22:18:21 -0700] "GET /blog/ HTTP/1.1" 200 9194 "http://www.google.co.in/url?sa=t&rct=j&q=yuvi's%20art%20cafe&source=web&cd=5&ved=0CEYQFjAE&url=http%3A%2F%2Fyuvi.in%2Fblog%2F&ei=im9lT6zDFYjTrQeN1pi9Bw&usg=AFQjCNGjULU63rz2XQySjIp-B7_MMBejew" "Mozilla/5.0 (Windows NT 5.1) AppleWebKit/535.11 (KHTML, like Gecko) Chrome/17.0.963.79 Safari/535.11"
122.164.162.255 - - [17/Mar/2012:22:18:21 -0700] "GET /blog/wp-content/themes/cleanr/style.css HTTP/1.1" 200 10508 "http://yuvi.in/blog/" "Mozilla/5.0 (Windows NT 5.1) AppleWebKit/535.11 (KHTML, like Gecko) Chrome/17.0.963.79 Safari/535.11"
122.164.162.255 - - [17/Mar/2012:22:18:22 -0700] "GET /blog/wp-content/themes/cleanr/js/jquery.dropdown.js?ver=3.3.1 HTTP/1.1" 200 535 "http://yuvi.in/blog/" "Mozilla/5.0 (Windows NT 5.1) AppleWebKit/535.11 (KHTML, like Gecko) Chrome/17.0.963.79 Safari/535.11"
122.164.162.255 - - [17/Mar/2012:22:18:22 -0700] "GET /blog/wp-content/themes/cleanr/css/reset.css HTTP/1.1" 200 648 "http://yuvi.in/blog/" "Mozilla/5.0 (Windows NT 5.1) AppleWebKit/535.11 (KHTML, like Gecko) Chrome/17.0.963.79 Safari/535.11"
122.164.162.255 - - [17/Mar/2012:22:18:22 -0700] "GET /blog/wp-content/themes/cleanr/css/text.css HTTP/1.1" 200 420 "http://yuvi.in/blog/" "Mozilla/5.0 (Windows NT 5.1) AppleWebKit/535.11 (KHTML, like Gecko) Chrome/17.0.963.79 Safari/535.11"
122.164.162.255 - - [17/Mar/2012:22:18:22 -0700] "GET /blog/wp-content/themes/cleanr/css/960.css HTTP/1.1" 200 3628 "http://yuvi.in/blog/" "Mozilla/5.0 (Windows NT 5.1) AppleWebKit/535.11 (KHTML, like Gecko) Chrome/17.0.963.79 Safari/535.11"
122.164.162.255 - - [17/Mar/2012:22:18:23 -0700] "GET /blog/wp-includes/js/jquery/jquery.js?ver=1.7.1 HTTP/1.1" 200 93889 "http://yuvi.in/blog/" "Mozilla/5.0 (Windows NT 5.1) AppleWebKit/535.11 (KHTML, like Gecko) Chrome/17.0.963.79 Safari/535.11"
122.164.162.255 - - [17/Mar/2012:22:18:24 -0700] "GET /blog/wp-content/themes/cleanr/images/search_magnifier.gif HTTP/1.1" 200 394 "http://yuvi.in/blog/" "Mozilla/5.0 (Windows NT 5.1) AppleWebKit/535.11 (KHTML, like Gecko) Chrome/17.0.963.79 Safari/535.11"
122.164.162.255 - - [17/Mar/2012:22:18:25 -0700] "GET /favicon.ico HTTP/1.1" 404 199 "-" "Mozilla/5.0 (Windows NT 5.1) AppleWebKit/535.11 (KHTML, like Gecko) Chrome/17.0.963.79 Safari/535.11"
66.249.68.52 - - [17/Mar/2012:22:19:01 -0700] "GET /r/z34 HTTP/1.1" 301 255 "-" "Mozilla/5.0 (compatible; Googlebot/2.1; +http://www.google.com/bot.html)"
66.249.68.52 - - [17/Mar/2012:22:19:02 -0700] "GET /s/ta/z34/ HTTP/1.1" 302 401 "-" "Mozilla/5.0 (compatible; Googlebot/2.1; +http://www.google.com/bot.html)"
69.171.228.250 - - [17/Mar/2012:22:20:30 -0700] "GET /r/1x7m HTTP/1.1" 301 257 "-" "facebookexternalhit/1.1 (+http://www.facebook.com/externalhit_uatext.php)"
69.171.228.244 - - [17/Mar/2012:22:20:30 -0700] "GET /s/ta/1x7m/ HTTP/1.1" 302 513 "-" "facebookexternalhit/1.1 (+http://www.facebook.com/externalhit_uatext.php)"
207.46.204.165 - - [17/Mar/2012:22:22:13 -0700] "-" 400 0 "-" "-"
207.46.204.165 - - [17/Mar/2012:22:22:13 -0700] "-" 400 0 "-" "-"
207.46.204.165 - - [17/Mar/2012:22:22:13 -0700] "-" 400 0 "-" "-"
207.46.204.165 - - [17/Mar/2012:22:22:13 -0700] "-" 400 0 "-" "-"
207.46.204.165 - - [17/Mar/2012:22:22:14 -0700] "-" 400 0 "-" "-"
207.46.204.165 - - [17/Mar/2012:22:22:14 -0700] "-" 400 0 "-" "-"
207.46.204.165 - - [17/Mar/2012:22:22:14 -0700] "-" 400 0 "-" "-"
207.46.204.165 - - [17/Mar/2012:22:22:14 -0700] "-" 400 0 "-" "-"
207.46.204.165 - - [17/Mar/2012:22:22:14 -0700] "-" 400 0 "-" "-"
207.46.204.165 - - [17/Mar/2012:22:22:14 -0700] "-" 400 0 "-" "-"
208.115.113.84 - - [17/Mar/2012:22:22:20 -0700] "GET /robots.txt HTTP/1.1" 404 169 "-" "Mozilla/5.0 (compatible; Ezooms/1.0; ezooms.bot@gmail.com)"
141.0.10.54 - - [17/Mar/2012:22:23:50 -0700] "-" 400 0 "-" "-"
141.0.10.54 - - [17/Mar/2012:22:23:50 -0700] "-" 400 0 "-" "-"
208.115.113.85 - - [17/Mar/2012:22:25:22 -0700] "GET /r/3a7 HTTP/1.1" 301 255 "-" "Mozilla/5.0 (compatible; Ezooms/1.0; ezooms.bot@gmail.com)"
69.171.224.248 - - [17/Mar/2012:22:26:56 -0700] "GET /r/1eg5 HTTP/1.1" 301 257 "-" "facebookexternalhit/1.1 (+http://www.facebook.com/externalhit_uatext.php)"
69.171.224.250 - - [17/Mar/2012:22:26:56 -0700] "GET /s/ta/1eg5/ HTTP/1.1" 302 337 "-" "facebookexternalhit/1.1 (+http://www.facebook.com/externalhit_uatext.php)"
117.193.124.43 - - [17/Mar/2012:22:27:56 -0700] "-" 400 0 "-" "-"
117.193.124.43 - - [17/Mar/2012:22:27:56 -0700] "-" 400 0 "-" "-"
117.193.124.43 - - [17/Mar/2012:22:27:56 -0700] "-" 400 0 "-" "-"
117.193.124.43 - - [17/Mar/2012:22:27:56 -0700] "-" 400 0 "-" "-"
117.193.124.43 - - [17/Mar/2012:22:27:56 -0700] "-" 400 0 "-" "-"
85.17.88.169 - - [17/Mar/2012:22:28:15 -0700] "POST /blog/wp-cron.php?doing_wp_cron=1332048360 HTTP/1.0" 499 0 "-" "WordPress/3.3.1; http://yuvi.in/blog"
180.76.5.54 - - [17/Mar/2012:22:28:16 -0700] "GET /blog/category/uncategorized/ HTTP/1.1" 200 23025 "-" "Mozilla/5.0 (compatible; Baiduspider/2.0; +http://www.baidu.com/search/spider.html)"
66.220.158.248 - - [17/Mar/2012:22:29:26 -0700] "GET /r/b4o HTTP/1.1" 301 255 "-" "facebookexternalhit/1.1 (+http://www.facebook.com/externalhit_uatext.php)"
66.220.158.246 - - [17/Mar/2012:22:29:27 -0700] "GET /s/ta/b4o/ HTTP/1.1" 302 609 "-" "facebookexternalhit/1.1 (+http://www.facebook.com/externalhit_uatext.php)"
69.171.242.247 - - [17/Mar/2012:22:30:29 -0700] "GET /r/1x7m HTTP/1.1" 301 257 "-" "facebookexternalhit/1.1 (+http://www.facebook.com/externalhit_uatext.php)"
69.171.242.246 - - [17/Mar/2012:22:30:29 -0700] "GET /s/ta/1x7m/ HTTP/1.1" 302 513 "-" "facebookexternalhit/1.1 (+http://www.facebook.com/externalhit_uatext.php)"
141.0.10.44 - - [17/Mar/2012:22:31:31 -0700] "-" 400 0 "-" "-"
141.0.10.44 - - [17/Mar/2012:22:31:31 -0700] "-" 400 0 "-" "-"
141.0.10.44 - - [17/Mar/2012:22:31:31 -0700] "-" 400 0 "-" "-"
117.202.130.157 - - [17/Mar/2012:22:33:36 -0700] "-" 400 0 "-" "-"
66.249.68.52 - - [17/Mar/2012:22:34:04 -0700] "GET /r/hb3 HTTP/1.1" 301 255 "-" "Mozilla/5.0 (compatible; Googlebot/2.1; +http://www.google.com/bot.html)"
66.249.68.52 - - [17/Mar/2012:22:34:05 -0700] "GET /s/ta/hb3/ HTTP/1.1" 302 621 "-" "Mozilla/5.0 (compatible; Googlebot/2.1; +http://www.google.com/bot.html)"
85.17.88.169 - - [17/Mar/2012:22:37:49 -0700] "POST /blog/wp-cron.php?doing_wp_cron=1332048933 HTTP/1.0" 499 0 "-" "WordPress/3.3.1; http://yuvi.in/blog"
209.85.224.89 - - [17/Mar/2012:22:37:49 -0700] "GET /blog/feed HTTP/1.1" 304 0 "-" "FeedBurner/1.0 (http://www.FeedBurner.com)"
66.249.68.52 - - [17/Mar/2012:22:37:52 -0700] "GET /r/h2f HTTP/1.1" 301 255 "-" "Mozilla/5.0 (compatible; Googlebot/2.1; +http://www.google.com/bot.html)"
66.249.68.52 - - [17/Mar/2012:22:37:52 -0700] "GET /s/ta/h2f/ HTTP/1.1" 302 597 "-" "Mozilla/5.0 (compatible; Googlebot/2.1; +http://www.google.com/bot.html)"
66.249.68.52 - - [17/Mar/2012:22:41:37 -0700] "GET /s/ta/2rep/ HTTP/1.1" 302 683 "-" "Mozilla/5.0 (compatible; Googlebot/2.1; +http://www.google.com/bot.html)"
85.17.88.169 - - [17/Mar/2012:22:48:33 -0700] "POST /blog/wp-cron.php?doing_wp_cron=1332049577 HTTP/1.0" 499 0 "-" "WordPress/3.3.1; http://yuvi.in/blog"
180.76.5.189 - - [17/Mar/2012:22:48:34 -0700] "GET /blog/cheese-gsoc-report-week-8/ HTTP/1.1" 200 4788 "-" "Mozilla/5.0 (compatible; Baiduspider/2.0; +http://www.baidu.com/search/spider.html)"
85.17.88.169 - - [17/Mar/2012:22:49:49 -0700] "POST /blog/wp-cron.php?doing_wp_cron=1332049654 HTTP/1.0" 499 0 "-" "WordPress/3.3.1; http://yuvi.in/blog"
183.82.78.91 - - [17/Mar/2012:22:49:50 -0700] "GET /blog/feed/ HTTP/1.0" 304 0 "-" "FeedDemon/4.0 (http://www.feeddemon.com/; Microsoft Windows)"
115.242.182.131 - - [17/Mar/2012:22:49:55 -0700] "-" 400 0 "-" "-"
85.17.88.169 - - [17/Mar/2012:22:49:57 -0700] "POST /blog/wp-cron.php?doing_wp_cron=1332049661 HTTP/1.0" 499 0 "-" "WordPress/3.3.1; http://yuvi.in/blog"
109.109.254.138 - - [17/Mar/2012:22:49:57 -0700] "GET /blog/feed/atom/ HTTP/1.1" 304 0 "-" "SocialSearcher/0.1 Mozilla/5.0"
220.181.108.161 - - [17/Mar/2012:22:51:13 -0700] "GET /blog/samsung-n210-review.html HTTP/1.1" 200 3293 "-" "Mozilla/5.0 (compatible; Baiduspider/2.0; +http://www.baidu.com/search/spider.html)"
116.197.3.112 - - [17/Mar/2012:22:52:04 -0700] "GET /s/ta/1va/ HTTP/1.1" 302 409 "-" "Mozilla/5.0 (iPhone; CPU iPhone OS 5_0_1 like Mac OS X) AppleWebKit/534.46 (KHTML, like Gecko) Mobile/9A405"
141.0.8.139 - - [17/Mar/2012:22:52:44 -0700] "GET /r/cvo HTTP/1.1" 301 255 "http://wikimapia.org/10930538/POOMBUKAR-%E0%AE%AA%E0%AF%82%E0%AE%AE%E0%AF%8D%E0%AE%AA%E0%AF%81%E0%AE%95%E0%AE%BE%E0%AE%B0%E0%AF%8D" "Opera/9.80 (Windows NT 5.1; U; en) Presto/2.10.229 Version/11.61"
141.0.8.139 - - [17/Mar/2012:22:52:45 -0700] "GET /s/ta/cvo/ HTTP/1.1" 302 505 "http://wikimapia.org/10930538/POOMBUKAR-%E0%AE%AA%E0%AF%82%E0%AE%AE%E0%AF%8D%E0%AE%AA%E0%AF%81%E0%AE%95%E0%AE%BE%E0%AE%B0%E0%AF%8D" "Opera/9.80 (Windows NT 5.1; U; en) Presto/2.10.229 Version/11.61"
66.249.68.52 - - [17/Mar/2012:22:52:55 -0700] "GET /r/2rep HTTP/1.1" 301 257 "-" "Mozilla/5.0 (compatible; Googlebot/2.1; +http://www.google.com/bot.html)"
66.220.153.251 - - [17/Mar/2012:22:53:04 -0700] "GET /r/1x7m HTTP/1.1" 301 257 "-" "facebookexternalhit/1.1 (+http://www.facebook.com/externalhit_uatext.php)"
66.220.153.248 - - [17/Mar/2012:22:53:04 -0700] "GET /s/ta/1x7m/ HTTP/1.1" 302 513 "-" "facebookexternalhit/1.1 (+http://www.facebook.com/externalhit_uatext.php)"
69.171.234.7 - - [17/Mar/2012:22:53:16 -0700] "GET /r/1gux HTTP/1.1" 301 257 "-" "facebookexternalhit/1.1 (+http://www.facebook.com/externalhit_uatext.php)"
69.171.234.3 - - [17/Mar/2012:22:53:16 -0700] "GET /s/ta/1gux/ HTTP/1.1" 302 409 "-" "facebookexternalhit/1.1 (+http://www.facebook.com/externalhit_uatext.php)"
117.193.229.76 - - [17/Mar/2012:22:54:13 -0700] "-" 400 0 "-" "-"
173.234.233.158 - - [17/Mar/2012:22:55:49 -0700] "-" 400 0 "-" "-"
173.234.233.158 - - [17/Mar/2012:22:55:54 -0700] "-" 400 0 "-" "-"
173.234.233.158 - - [17/Mar/2012:22:55:54 -0700] "-" 400 0 "-" "-"
122.172.213.41 - - [17/Mar/2012:22:56:04 -0700] "GET /where.html HTTP/1.1" 200 96 "-" "Mozilla/5.0 (Macintosh; Intel Mac OS X 10_6_6) AppleWebKit/536.3 (KHTML, like Gecko) Chrome/19.0.1068.1 Safari/536.3"
122.172.213.41 - - [17/Mar/2012:22:56:05 -0700] "GET /favicon.ico HTTP/1.1" 404 199 "-" "Mozilla/5.0 (Macintosh; Intel Mac OS X 10_6_6) AppleWebKit/536.3 (KHTML, like Gecko) Chrome/19.0.1068.1 Safari/536.3"
122.172.213.41 - - [17/Mar/2012:22:56:18 -0700] "-" 400 0 "-" "-"
141.0.10.54 - - [17/Mar/2012:22:56:19 -0700] "-" 400 0 "-" "-"
141.0.10.54 - - [17/Mar/2012:22:56:19 -0700] "-" 400 0 "-" "-"
208.115.111.68 - - [17/Mar/2012:22:56:38 -0700] "GET /robots.txt HTTP/1.1" 404 169 "-" "Mozilla/5.0 (compatible; Ezooms/1.0; ezooms.bot@gmail.com)"
101.63.155.147 - - [17/Mar/2012:22:57:09 -0700] "-" 400 0 "-" "-"
122.174.98.38 - - [17/Mar/2012:22:59:22 -0700] "-" 400 0 "-" "-"
122.174.98.38 - - [17/Mar/2012:22:59:24 -0700] "-" 400 0 "-" "-"
122.174.98.38 - - [17/Mar/2012:22:59:24 -0700] "-" 400 0 "-" "-"
173.234.233.158 - - [17/Mar/2012:23:00:16 -0700] "-" 400 0 "-" "-"
66.220.158.249 - - [17/Mar/2012:23:00:18 -0700] "GET /r/1x7m HTTP/1.1" 301 257 "-" "facebookexternalhit/1.1 (+http://www.facebook.com/externalhit_uatext.php)"
66.220.158.246 - - [17/Mar/2012:23:00:18 -0700] "GET /s/ta/1x7m/ HTTP/1.1" 302 513 "-" "facebookexternalhit/1.1 (+http://www.facebook.com/externalhit_uatext.php)"
59.92.46.216 - - [17/Mar/2012:23:01:20 -0700] "-" 400 0 "-" "-"
59.92.46.216 - - [17/Mar/2012:23:01:20 -0700] "-" 400 0 "-" "-"
59.92.46.216 - - [17/Mar/2012:23:01:20 -0700] "-" 400 0 "-" "-"
59.92.46.216 - - [17/Mar/2012:23:01:20 -0700] "-" 400 0 "-" "-"
59.92.46.216 - - [17/Mar/2012:23:01:20 -0700] "-" 400 0 "-" "-"
157.55.112.201 - - [17/Mar/2012:23:01:49 -0700] "-" 400 0 "-" "-"
157.55.112.201 - - [17/Mar/2012:23:01:51 -0700] "-" 400 0 "-" "-"
157.55.112.201 - - [17/Mar/2012:23:01:51 -0700] "-" 400 0 "-" "-"
157.55.112.201 - - [17/Mar/2012:23:01:52 -0700] "-" 400 0 "-" "-"
157.55.112.201 - - [17/Mar/2012:23:01:52 -0700] "-" 400 0 "-" "-"
157.55.112.201 - - [17/Mar/2012:23:01:52 -0700] "-" 400 0 "-" "-"
157.55.112.201 - - [17/Mar/2012:23:01:53 -0700] "-" 400 0 "-" "-"
157.55.112.201 - - [17/Mar/2012:23:01:53 -0700] "-" 400 0 "-" "-"
157.55.112.201 - - [17/Mar/2012:23:01:53 -0700] "-" 400 0 "-" "-"
157.55.112.201 - - [17/Mar/2012:23:01:53 -0700] "-" 400 0 "-" "-"
85.17.88.169 - - [17/Mar/2012:23:02:16 -0700] "POST /blog/wp-cron.php?doing_wp_cron=1332050400 HTTP/1.0" 499 0 "-" "WordPress/3.3.1; http://yuvi.in/blog"
209.85.238.115 - - [17/Mar/2012:23:02:16 -0700] "GET /blog/feed HTTP/1.1" 301 0 "-" "Feedfetcher-Google; (+http://www.google.com/feedfetcher.html; 3 subscribers; feed-id=17684830852112633560)"
157.55.112.201 - - [17/Mar/2012:23:02:18 -0700] "-" 400 0 "-" "-"
85.17.88.169 - - [17/Mar/2012:23:02:18 -0700] "POST /blog/wp-cron.php?doing_wp_cron=1332050402 HTTP/1.0" 499 0 "-" "WordPress/3.3.1; http://yuvi.in/blog"
209.85.238.115 - - [17/Mar/2012:23:02:18 -0700] "GET /blog/feed/ HTTP/1.1" 304 0 "-" "Feedfetcher-Google; (+http://www.google.com/feedfetcher.html; 3 subscribers; feed-id=17684830852112633560)"
85.17.88.169 - - [17/Mar/2012:23:02:23 -0700] "POST /blog/wp-cron.php?doing_wp_cron=1332050407 HTTP/1.0" 499 0 "-" "WordPress/3.3.1; http://yuvi.in/blog"
117.194.232.241 - - [17/Mar/2012:23:02:23 -0700] "GET /blog/tag/rant/ HTTP/1.1" 200 9991 "http://www.google.co.in/url?sa=t&rct=j&q=&esrc=s&source=web&cd=3&sqi=2&ved=0CDQQFjAC&url=http%3A%2F%2Fyuvi.in%2Fblog%2Ftag%2Frant%2F&ei=iXllT5nsIIrtrAeGjOHXBQ&usg=AFQjCNHbaJQSlACqNGd4gkI89y4gm8swyQ&sig2=qtLQwbXiBgHsoK1Xy_O5XA" "Mozilla/5.0 (Windows NT 6.1; WOW64; rv:10.0.2) Gecko/20100101 Firefox/10.0.2"
117.194.232.241 - - [17/Mar/2012:23:02:24 -0700] "GET /blog/wp-content/themes/cleanr/style.css HTTP/1.1" 200 10508 "http://yuvi.in/blog/tag/rant/" "Mozilla/5.0 (Windows NT 6.1; WOW64; rv:10.0.2) Gecko/20100101 Firefox/10.0.2"
117.194.232.241 - - [17/Mar/2012:23:02:24 -0700] "GET /blog/wp-content/themes/cleanr/js/jquery.dropdown.js?ver=3.3.1 HTTP/1.1" 200 535 "http://yuvi.in/blog/tag/rant/" "Mozilla/5.0 (Windows NT 6.1; WOW64; rv:10.0.2) Gecko/20100101 Firefox/10.0.2"
117.194.232.241 - - [17/Mar/2012:23:02:25 -0700] "GET /blog/wp-content/themes/cleanr/css/reset.css HTTP/1.1" 200 648 "http://yuvi.in/blog/wp-content/themes/cleanr/style.css" "Mozilla/5.0 (Windows NT 6.1; WOW64; rv:10.0.2) Gecko/20100101 Firefox/10.0.2"
117.194.232.241 - - [17/Mar/2012:23:02:25 -0700] "GET /blog/wp-content/themes/cleanr/css/text.css HTTP/1.1" 200 420 "http://yuvi.in/blog/wp-content/themes/cleanr/style.css" "Mozilla/5.0 (Windows NT 6.1; WOW64; rv:10.0.2) Gecko/20100101 Firefox/10.0.2"
117.194.232.241 - - [17/Mar/2012:23:02:25 -0700] "GET /blog/wp-content/themes/cleanr/css/960.css HTTP/1.1" 200 3628 "http://yuvi.in/blog/wp-content/themes/cleanr/style.css" "Mozilla/5.0 (Windows NT 6.1; WOW64; rv:10.0.2) Gecko/20100101 Firefox/10.0.2"
117.194.232.241 - - [17/Mar/2012:23:02:25 -0700] "GET /blog/wp-includes/js/jquery/jquery.js?ver=1.7.1 HTTP/1.1" 200 93889 "http://yuvi.in/blog/tag/rant/" "Mozilla/5.0 (Windows NT 6.1; WOW64; rv:10.0.2) Gecko/20100101 Firefox/10.0.2"
117.194.232.241 - - [17/Mar/2012:23:02:28 -0700] "GET /blog/wp-content/themes/cleanr/images/search_magnifier.gif HTTP/1.1" 200 394 "http://yuvi.in/blog/tag/rant/" "Mozilla/5.0 (Windows NT 6.1; WOW64; rv:10.0.2) Gecko/20100101 Firefox/10.0.2"
117.194.232.241 - - [17/Mar/2012:23:02:29 -0700] "-" 400 0 "-" "-"
117.194.232.241 - - [17/Mar/2012:23:02:29 -0700] "-" 400 0 "-" "-"
117.194.232.241 - - [17/Mar/2012:23:02:31 -0700] "GET /favicon.ico HTTP/1.1" 404 142 "-" "Mozilla/5.0 (Windows NT 6.1; WOW64; rv:10.0.2) Gecko/20100101 Firefox/10.0.2"
117.194.232.241 - - [17/Mar/2012:23:02:31 -0700] "GET /favicon.ico HTTP/1.1" 404 142 "-" "Mozilla/5.0 (Windows NT 6.1; WOW64; rv:10.0.2) Gecko/20100101 Firefox/10.0.2"
117.194.232.241 - - [17/Mar/2012:23:02:31 -0700] "GET /favicon.ico HTTP/1.1" 404 142 "-" "Mozilla/5.0 (Windows NT 6.1; WOW64; rv:10.0.2) Gecko/20100101 Firefox/10.0.2"
122.178.147.230 - - [17/Mar/2012:23:04:55 -0700] "GET /r/1ssl HTTP/1.1" 301 257 "http://wikimapia.org/2377810/Thirumuruganpoondi-%E0%AE%A4%E0%AE%BF%E0%AE%B0%E0%AF%81%E0%AE%AE%E0%AF%81%E0%AE%B0%E0%AF%81%E0%AE%95%E0%AE%A9%E0%AF%8D-%E0%AE%AA%E0%AF%82%E0%AE%A3%E0%AF%8D%E0%AE%9F%E0%AE%BF" "Mozilla/5.0 (Windows NT 5.1) AppleWebKit/535.11 (KHTML, like Gecko) Chrome/17.0.963.79 Safari/535.11"
122.178.147.230 - - [17/Mar/2012:23:04:55 -0700] "GET /s/ta/1ssl/ HTTP/1.1" 302 469 "http://wikimapia.org/2377810/Thirumuruganpoondi-%E0%AE%A4%E0%AE%BF%E0%AE%B0%E0%AF%81%E0%AE%AE%E0%AF%81%E0%AE%B0%E0%AF%81%E0%AE%95%E0%AE%A9%E0%AF%8D-%E0%AE%AA%E0%AF%82%E0%AE%A3%E0%AF%8D%E0%AE%9F%E0%AE%BF" "Mozilla/5.0 (Windows NT 5.1) AppleWebKit/535.11 (KHTML, like Gecko) Chrome/17.0.963.79 Safari/535.11"
122.178.147.230 - - [17/Mar/2012:23:05:08 -0700] "-" 400 0 "-" "-"
117.193.227.59 - - [17/Mar/2012:23:05:57 -0700] "-" 400 0 "-" "-"
157.56.80.72 - - [17/Mar/2012:23:06:00 -0700] "-" 400 0 "-" "-"
157.56.80.72 - - [17/Mar/2012:23:06:00 -0700] "-" 400 0 "-" "-"
157.56.80.72 - - [17/Mar/2012:23:06:00 -0700] "-" 400 0 "-" "-"
157.56.80.72 - - [17/Mar/2012:23:06:01 -0700] "-" 400 0 "-" "-"
157.56.80.72 - - [17/Mar/2012:23:06:01 -0700] "-" 400 0 "-" "-"
157.56.80.72 - - [17/Mar/2012:23:06:02 -0700] "-" 400 0 "-" "-"
157.56.80.72 - - [17/Mar/2012:23:06:02 -0700] "-" 400 0 "-" "-"
157.56.80.72 - - [17/Mar/2012:23:06:03 -0700] "-" 400 0 "-" "-"
157.56.80.72 - - [17/Mar/2012:23:06:03 -0700] "-" 400 0 "-" "-"
157.56.80.72 - - [17/Mar/2012:23:06:03 -0700] "-" 400 0 "-" "-"
157.56.80.72 - - [17/Mar/2012:23:06:21 -0700] "-" 400 0 "-" "-"
157.56.80.72 - - [17/Mar/2012:23:06:21 -0700] "-" 400 0 "-" "-"
157.56.80.72 - - [17/Mar/2012:23:06:21 -0700] "-" 400 0 "-" "-"
117.193.230.48 - - [17/Mar/2012:23:06:50 -0700] "-" 400 0 "-" "-"
85.17.88.169 - - [17/Mar/2012:23:07:54 -0700] "POST /blog/wp-cron.php?doing_wp_cron=1332050738 HTTP/1.0" 499 0 "-" "WordPress/3.3.1; http://yuvi.in/blog"
209.85.224.94 - - [17/Mar/2012:23:07:55 -0700] "GET /blog/feed HTTP/1.1" 304 0 "-" "FeedBurner/1.0 (http://www.FeedBurner.com)"
59.92.46.216 - - [17/Mar/2012:23:08:40 -0700] "-" 400 0 "-" "-"
157.55.16.56 - - [17/Mar/2012:23:08:42 -0700] "GET /robots.txt HTTP/1.1" 404 169 "-" "Mozilla/5.0 (compatible; bingbot/2.0; +http://www.bing.com/bingbot.htm)"
59.92.46.216 - - [17/Mar/2012:23:09:49 -0700] "-" 400 0 "-" "-"
59.92.46.216 - - [17/Mar/2012:23:09:49 -0700] "-" 400 0 "-" "-"
59.92.46.216 - - [17/Mar/2012:23:09:49 -0700] "-" 400 0 "-" "-"
59.92.46.216 - - [17/Mar/2012:23:09:49 -0700] "-" 400 0 "-" "-"
59.92.46.216 - - [17/Mar/2012:23:09:49 -0700] "-" 400 0 "-" "-"
85.17.88.169 - - [17/Mar/2012:23:11:22 -0700] "POST /blog/wp-cron.php?doing_wp_cron=1332050946 HTTP/1.0" 499 0 "-" "WordPress/3.3.1; http://yuvi.in/blog"
180.76.5.179 - - [17/Mar/2012:23:11:23 -0700] "GET /blog/work-life-balance/ HTTP/1.1" 200 6456 "-" "Mozilla/5.0 (compatible; Baiduspider/2.0; +http://www.baidu.com/search/spider.html)"
220.255.1.140 - - [17/Mar/2012:23:12:13 -0700] "-" 400 0 "-" "-"
59.92.46.216 - - [17/Mar/2012:23:12:18 -0700] "-" 400 0 "-" "-"
59.92.46.216 - - [17/Mar/2012:23:12:18 -0700] "-" 400 0 "-" "-"
59.92.46.216 - - [17/Mar/2012:23:12:20 -0700] "-" 400 0 "-" "-"
59.92.46.216 - - [17/Mar/2012:23:12:20 -0700] "-" 400 0 "-" "-"
59.92.46.216 - - [17/Mar/2012:23:12:20 -0700] "-" 400 0 "-" "-"
59.92.46.216 - - [17/Mar/2012:23:12:20 -0700] "-" 400 0 "-" "-"
203.82.80.64 - - [17/Mar/2012:23:12:27 -0700] "GET /r/1n16 HTTP/1.1" 301 257 "http://ta.wikipedia.org/wiki/%E0%AE%95%E0%AE%B1%E0%AF%8D%E0%AE%AA%E0%AE%BF%E0%AE%95%E0%AF%8D%E0%AE%95%E0%AF%81%E0%AE%AE%E0%AF%8D_%E0%AE%A4%E0%AE%BF%E0%AE%B1%E0%AE%A9%E0%AF%8D" "Mozilla/5.0 (Windows NT 6.1) AppleWebKit/535.11 (KHTML, like Gecko) Chrome/17.0.963.79 Safari/535.11"
203.82.80.64 - - [17/Mar/2012:23:12:27 -0700] "GET /r/1n16 HTTP/1.1" 301 257 "http://ta.wikipedia.org/wiki/%E0%AE%95%E0%AE%B1%E0%AF%8D%E0%AE%AA%E0%AE%BF%E0%AE%95%E0%AF%8D%E0%AE%95%E0%AF%81%E0%AE%AE%E0%AF%8D_%E0%AE%A4%E0%AE%BF%E0%AE%B1%E0%AE%A9%E0%AF%8D" "Mozilla/5.0 (Windows NT 6.1) AppleWebKit/535.11 (KHTML, like Gecko) Chrome/17.0.963.79 Safari/535.11"
203.82.80.64 - - [17/Mar/2012:23:12:28 -0700] "GET /s/ta/1n16/ HTTP/1.1" 302 461 "http://ta.wikipedia.org/wiki/%E0%AE%95%E0%AE%B1%E0%AF%8D%E0%AE%AA%E0%AE%BF%E0%AE%95%E0%AF%8D%E0%AE%95%E0%AF%81%E0%AE%AE%E0%AF%8D_%E0%AE%A4%E0%AE%BF%E0%AE%B1%E0%AE%A9%E0%AF%8D" "Mozilla/5.0 (Windows NT 6.1) AppleWebKit/535.11 (KHTML, like Gecko) Chrome/17.0.963.79 Safari/535.11"
69.171.234.6 - - [17/Mar/2012:23:12:36 -0700] "GET /r/fmf HTTP/1.1" 301 255 "-" "facebookexternalhit/1.1 (+http://www.facebook.com/externalhit_uatext.php)"
69.171.234.0 - - [17/Mar/2012:23:12:36 -0700] "GET /s/ta/fmf/ HTTP/1.1" 302 349 "-" "facebookexternalhit/1.1 (+http://www.facebook.com/externalhit_uatext.php)"
209.85.224.96 - - [17/Mar/2012:23:14:04 -0700] "GET /stories/feed HTTP/1.1" 200 13653 "-" "FeedBurner/1.0 (http://www.FeedBurner.com)"
85.17.88.169 - - [17/Mar/2012:23:15:21 -0700] "POST /blog/wp-cron.php?doing_wp_cron=1332051185 HTTP/1.0" 499 0 "-" "WordPress/3.3.1; http://yuvi.in/blog"
209.85.238.115 - - [17/Mar/2012:23:15:22 -0700] "GET /blog/feed/ HTTP/1.1" 304 0 "-" "Feedfetcher-Google; (+http://www.google.com/feedfetcher.html; 19 subscribers; feed-id=15064232456473204253)"
69.171.224.250 - - [17/Mar/2012:23:15:45 -0700] "GET /r/1x7m HTTP/1.1" 301 257 "-" "facebookexternalhit/1.1 (+http://www.facebook.com/externalhit_uatext.php)"
69.171.224.246 - - [17/Mar/2012:23:15:46 -0700] "GET /s/ta/1x7m/ HTTP/1.1" 302 513 "-" "facebookexternalhit/1.1 (+http://www.facebook.com/externalhit_uatext.php)"
66.220.147.246 - - [17/Mar/2012:23:15:46 -0700] "GET /r/1eg5 HTTP/1.1" 301 257 "-" "facebookexternalhit/1.1 (+http://www.facebook.com/externalhit_uatext.php)"
66.220.147.247 - - [17/Mar/2012:23:15:46 -0700] "GET /s/ta/1eg5/ HTTP/1.1" 302 337 "-" "facebookexternalhit/1.1 (+http://www.facebook.com/externalhit_uatext.php)"
115.242.182.131 - - [17/Mar/2012:23:16:52 -0700] "-" 400 0 "-" "-"
69.171.234.4 - - [17/Mar/2012:23:17:52 -0700] "GET /r/1x7m HTTP/1.1" 301 257 "-" "facebookexternalhit/1.1 (+http://www.facebook.com/externalhit_uatext.php)"
69.171.234.5 - - [17/Mar/2012:23:17:52 -0700] "GET /s/ta/1x7m/ HTTP/1.1" 302 513 "-" "facebookexternalhit/1.1 (+http://www.facebook.com/externalhit_uatext.php)"
141.0.8.92 - - [17/Mar/2012:23:18:32 -0700] "-" 400 0 "-" "-"
117.192.46.39 - - [17/Mar/2012:23:23:41 -0700] "-" 400 0 "-" "-"
117.192.46.39 - - [17/Mar/2012:23:23:41 -0700] "-" 400 0 "-" "-"
117.192.46.39 - - [17/Mar/2012:23:23:41 -0700] "-" 400 0 "-" "-"
117.192.46.39 - - [17/Mar/2012:23:24:01 -0700] "-" 400 0 "-" "-"
123.238.11.153 - - [17/Mar/2012:23:25:02 -0700] "-" 400 0 "-" "-"
123.238.11.153 - - [17/Mar/2012:23:25:42 -0700] "-" 400 0 "-" "-"
69.171.229.251 - - [17/Mar/2012:23:25:47 -0700] "GET /r/1eg5 HTTP/1.1" 301 257 "-" "facebookexternalhit/1.1 (+http://www.facebook.com/externalhit_uatext.php)"
69.171.229.248 - - [17/Mar/2012:23:25:47 -0700] "GET /s/ta/1eg5/ HTTP/1.1" 302 337 "-" "facebookexternalhit/1.1 (+http://www.facebook.com/externalhit_uatext.php)"
85.17.88.169 - - [17/Mar/2012:23:25:51 -0700] "POST /blog/wp-cron.php?doing_wp_cron=1332051815 HTTP/1.0" 499 0 "-" "WordPress/3.3.1; http://yuvi.in/blog"
183.82.78.91 - - [17/Mar/2012:23:25:52 -0700] "GET /blog/feed/ HTTP/1.0" 304 0 "-" "FeedDemon/4.0 (http://www.feeddemon.com/; Microsoft Windows)"
69.171.230.249 - - [17/Mar/2012:23:26:03 -0700] "GET /r/1x7m HTTP/1.1" 301 257 "-" "facebookexternalhit/1.1 (+http://www.facebook.com/externalhit_uatext.php)"
69.171.230.245 - - [17/Mar/2012:23:26:03 -0700] "GET /s/ta/1x7m/ HTTP/1.1" 302 513 "-" "facebookexternalhit/1.1 (+http://www.facebook.com/externalhit_uatext.php)"
85.17.88.169 - - [17/Mar/2012:23:26:49 -0700] "POST /blog/wp-cron.php?doing_wp_cron=1332051873 HTTP/1.0" 499 0 "-" "WordPress/3.3.1; http://yuvi.in/blog"
157.55.16.56 - - [17/Mar/2012:23:26:50 -0700] "GET /blog/anatomy-of-an-impromptu-hackathon-git-vs-svn/ HTTP/1.1" 200 5982 "-" "Mozilla/5.0 (compatible; bingbot/2.0; +http://www.bing.com/bingbot.htm)"
123.238.11.153 - - [17/Mar/2012:23:29:02 -0700] "-" 400 0 "-" "-"
123.238.11.153 - - [17/Mar/2012:23:29:02 -0700] "-" 400 0 "-" "-"
123.238.11.153 - - [17/Mar/2012:23:29:02 -0700] "-" 400 0 "-" "-"
123.238.11.153 - - [17/Mar/2012:23:29:02 -0700] "-" 400 0 "-" "-"
123.238.11.153 - - [17/Mar/2012:23:29:52 -0700] "-" 400 0 "-" "-"
123.238.11.153 - - [17/Mar/2012:23:29:52 -0700] "-" 400 0 "-" "-"
123.238.11.153 - - [17/Mar/2012:23:30:22 -0700] "-" 400 0 "-" "-"
123.238.11.153 - - [17/Mar/2012:23:30:22 -0700] "-" 400 0 "-" "-"
123.238.11.153 - - [17/Mar/2012:23:30:22 -0700] "-" 400 0 "-" "-"
123.238.11.153 - - [17/Mar/2012:23:30:52 -0700] "-" 400 0 "-" "-"
123.238.11.153 - - [17/Mar/2012:23:30:52 -0700] "-" 400 0 "-" "-"
123.238.11.153 - - [17/Mar/2012:23:30:52 -0700] "-" 400 0 "-" "-"
113.193.115.146 - - [17/Mar/2012:23:31:28 -0700] "-" 400 0 "-" "-"
85.17.88.169 - - [17/Mar/2012:23:32:13 -0700] "POST /blog/wp-cron.php?doing_wp_cron=1332052198 HTTP/1.0" 499 0 "-" "WordPress/3.3.1; http://yuvi.in/blog"
180.76.5.110 - - [17/Mar/2012:23:32:14 -0700] "GET /blog/what-i-learnt-from-the-hackfest-at-iitm/ HTTP/1.1" 200 6073 "-" "Mozilla/5.0 (compatible; Baiduspider/2.0; +http://www.baidu.com/search/spider.html)"
223.235.157.91 - - [17/Mar/2012:23:32:21 -0700] "-" 400 0 "-" "-"
115.242.151.238 - - [17/Mar/2012:23:32:44 -0700] "-" 400 0 "-" "-"
66.249.68.52 - - [17/Mar/2012:23:34:24 -0700] "GET /r/2z02 HTTP/1.1" 301 257 "-" "Mozilla/5.0 (compatible; Googlebot/2.1; +http://www.google.com/bot.html)"
66.249.68.52 - - [17/Mar/2012:23:34:24 -0700] "GET /s/ta/2z02/ HTTP/1.1" 302 457 "-" "Mozilla/5.0 (compatible; Googlebot/2.1; +http://www.google.com/bot.html)"
85.17.88.169 - - [17/Mar/2012:23:38:00 -0700] "POST /blog/wp-cron.php?doing_wp_cron=1332052544 HTTP/1.0" 499 0 "-" "WordPress/3.3.1; http://yuvi.in/blog"
209.85.224.85 - - [17/Mar/2012:23:38:01 -0700] "GET /blog/feed HTTP/1.1" 304 0 "-" "FeedBurner/1.0 (http://www.FeedBurner.com)"
69.171.229.246 - - [17/Mar/2012:23:39:26 -0700] "GET /r/1eg5 HTTP/1.1" 301 257 "-" "facebookexternalhit/1.1 (+http://www.facebook.com/externalhit_uatext.php)"
69.171.229.250 - - [17/Mar/2012:23:39:26 -0700] "GET /s/ta/1eg5/ HTTP/1.1" 302 337 "-" "facebookexternalhit/1.1 (+http://www.facebook.com/externalhit_uatext.php)"
85.17.88.169 - - [17/Mar/2012:23:39:48 -0700] "POST /blog/wp-cron.php?doing_wp_cron=1332052652 HTTP/1.0" 499 0 "-" "WordPress/3.3.1; http://yuvi.in/blog"
208.115.113.84 - - [17/Mar/2012:23:39:49 -0700] "GET /blog/2011/05/13/ HTTP/1.1" 200 15180 "-" "Mozilla/5.0 (compatible; Ezooms/1.0; ezooms.bot@gmail.com)"
208.115.113.84 - - [17/Mar/2012:23:39:53 -0700] "GET /blog/cheese-gsoc-report-week-3.html HTTP/1.1" 200 7006 "-" "Mozilla/5.0 (compatible; Ezooms/1.0; ezooms.bot@gmail.com)"
85.17.88.169 - - [17/Mar/2012:23:39:57 -0700] "POST /blog/wp-cron.php?doing_wp_cron=1332052661 HTTP/1.0" 499 0 "-" "WordPress/3.3.1; http://yuvi.in/blog"
208.115.113.84 - - [17/Mar/2012:23:39:57 -0700] "GET /blog/devlog-december-10-2011/feed/ HTTP/1.1" 200 760 "-" "Mozilla/5.0 (compatible; Ezooms/1.0; ezooms.bot@gmail.com)"
208.115.113.84 - - [17/Mar/2012:23:40:02 -0700] "GET /blog/orwell-and-huxley.html HTTP/1.1" 200 5580 "-" "Mozilla/5.0 (compatible; Ezooms/1.0; ezooms.bot@gmail.com)"
66.220.158.249 - - [17/Mar/2012:23:40:37 -0700] "GET /r/1x7m HTTP/1.1" 301 257 "-" "facebookexternalhit/1.1 (+http://www.facebook.com/externalhit_uatext.php)"
66.220.158.245 - - [17/Mar/2012:23:40:37 -0700] "GET /s/ta/1x7m/ HTTP/1.1" 302 513 "-" "facebookexternalhit/1.1 (+http://www.facebook.com/externalhit_uatext.php)"
112.79.40.65 - - [17/Mar/2012:23:41:08 -0700] "-" 400 0 "-" "-"
112.79.40.65 - - [17/Mar/2012:23:41:08 -0700] "-" 400 0 "-" "-"
141.0.8.242 - - [17/Mar/2012:23:41:14 -0700] "-" 400 0 "-" "-"
141.0.8.242 - - [17/Mar/2012:23:41:14 -0700] "-" 400 0 "-" "-"
141.0.8.242 - - [17/Mar/2012:23:41:14 -0700] "-" 400 0 "-" "-"
157.55.112.204 - - [17/Mar/2012:23:41:48 -0700] "-" 400 0 "-" "-"
157.55.112.204 - - [17/Mar/2012:23:41:49 -0700] "-" 400 0 "-" "-"
157.55.112.204 - - [17/Mar/2012:23:41:50 -0700] "-" 400 0 "-" "-"
157.55.112.204 - - [17/Mar/2012:23:41:50 -0700] "-" 400 0 "-" "-"
157.55.112.204 - - [17/Mar/2012:23:41:50 -0700] "-" 400 0 "-" "-"
157.55.112.204 - - [17/Mar/2012:23:41:51 -0700] "-" 400 0 "-" "-"
157.55.112.204 - - [17/Mar/2012:23:41:51 -0700] "-" 400 0 "-" "-"
157.55.112.204 - - [17/Mar/2012:23:41:51 -0700] "-" 400 0 "-" "-"
157.55.112.204 - - [17/Mar/2012:23:41:52 -0700] "-" 400 0 "-" "-"
157.55.112.204 - - [17/Mar/2012:23:41:52 -0700] "-" 400 0 "-" "-"
65.52.104.20 - - [17/Mar/2012:23:42:26 -0700] "GET /blog/tag/cheese.html HTTP/1.1" 304 0 "-" "Mozilla/5.0 (compatible; bingbot/2.0; +http://www.bing.com/bingbot.htm)"
85.17.88.169 - - [17/Mar/2012:23:42:28 -0700] "POST /blog/wp-cron.php?doing_wp_cron=1332052812 HTTP/1.0" 499 0 "-" "WordPress/3.3.1; http://yuvi.in/blog"
65.52.104.20 - - [17/Mar/2012:23:42:28 -0700] "GET /blog/non-ascii-characters-http-headers/ HTTP/1.1" 200 5297 "-" "Mozilla/5.0 (compatible; bingbot/2.0; +http://www.bing.com/bingbot.htm)"
157.55.112.204 - - [17/Mar/2012:23:42:49 -0700] "-" 400 0 "-" "-"
180.76.5.183 - - [17/Mar/2012:23:45:05 -0700] "GET / HTTP/1.1" 200 3439 "-" "Mozilla/5.0 (compatible; Baiduspider/2.0; +http://www.baidu.com/search/spider.html)"
112.79.40.109 - - [17/Mar/2012:23:45:31 -0700] "-" 400 0 "-" "-"
112.79.40.109 - - [17/Mar/2012:23:45:32 -0700] "-" 400 0 "-" "-"
112.79.40.109 - - [17/Mar/2012:23:45:32 -0700] "-" 400 0 "-" "-"
112.79.40.109 - - [17/Mar/2012:23:45:32 -0700] "-" 400 0 "-" "-"
112.79.40.109 - - [17/Mar/2012:23:45:52 -0700] "-" 400 0 "-" "-"
112.79.40.109 - - [17/Mar/2012:23:45:52 -0700] "-" 400 0 "-" "-"
112.79.40.109 - - [17/Mar/2012:23:45:52 -0700] "-" 400 0 "-" "-"
112.79.40.109 - - [17/Mar/2012:23:45:52 -0700] "-" 400 0 "-" "-"
112.79.40.109 - - [17/Mar/2012:23:46:42 -0700] "-" 400 0 "-" "-"
83.110.152.2 - - [17/Mar/2012:23:48:24 -0700] "GET /r/1z64 HTTP/1.1" 301 257 "http://www.muthukamalam.com/story/shortstory/p114.html" "Mozilla/4.0 (compatible; MSIE 6.0; Windows NT 5.1; SV1; InfoPath.2)"
83.110.152.2 - - [17/Mar/2012:23:48:24 -0700] "GET /s/ta/1z64/ HTTP/1.1" 302 557 "http://www.muthukamalam.com/story/shortstory/p114.html" "Mozilla/4.0 (compatible; MSIE 6.0; Windows NT 5.1; SV1; InfoPath.2)"
113.193.115.64 - - [17/Mar/2012:23:48:49 -0700] "-" 400 0 "-" "-"
112.79.40.65 - - [17/Mar/2012:23:48:56 -0700] "-" 400 0 "-" "-"
69.171.224.245 - - [17/Mar/2012:23:49:01 -0700] "GET /r/1x7m HTTP/1.1" 301 257 "-" "facebookexternalhit/1.1 (+http://www.facebook.com/externalhit_uatext.php)"
69.171.224.245 - - [17/Mar/2012:23:49:01 -0700] "GET /s/ta/1x7m/ HTTP/1.1" 302 513 "-" "facebookexternalhit/1.1 (+http://www.facebook.com/externalhit_uatext.php)"
157.56.80.74 - - [17/Mar/2012:23:50:21 -0700] "-" 400 0 "-" "-"
157.56.80.74 - - [17/Mar/2012:23:50:22 -0700] "-" 400 0 "-" "-"
157.56.80.74 - - [17/Mar/2012:23:50:23 -0700] "-" 400 0 "-" "-"
157.56.80.74 - - [17/Mar/2012:23:50:23 -0700] "-" 400 0 "-" "-"
157.56.80.74 - - [17/Mar/2012:23:50:24 -0700] "-" 400 0 "-" "-"
157.56.80.74 - - [17/Mar/2012:23:50:25 -0700] "-" 400 0 "-" "-"
157.56.80.74 - - [17/Mar/2012:23:50:25 -0700] "-" 400 0 "-" "-"
157.56.80.74 - - [17/Mar/2012:23:50:26 -0700] "-" 400 0 "-" "-"
157.56.80.74 - - [17/Mar/2012:23:50:26 -0700] "-" 400 0 "-" "-"
157.56.80.74 - - [17/Mar/2012:23:50:27 -0700] "-" 400 0 "-" "-"
157.56.80.74 - - [17/Mar/2012:23:50:27 -0700] "-" 400 0 "-" "-"
157.56.80.74 - - [17/Mar/2012:23:50:27 -0700] "-" 400 0 "-" "-"
85.17.88.169 - - [17/Mar/2012:23:50:55 -0700] "POST /blog/wp-cron.php?doing_wp_cron=1332053319 HTTP/1.0" 499 0 "-" "WordPress/3.3.1; http://yuvi.in/blog"
94.228.34.248 - - [17/Mar/2012:23:50:56 -0700] "GET /blog/ HTTP/1.1" 200 10128 "-" "magpie-crawler/1.1 (U; Linux amd64; en-GB; +http://www.brandwatch.net)"
157.56.80.74 - - [17/Mar/2012:23:51:02 -0700] "-" 400 0 "-" "-"
66.249.68.52 - - [17/Mar/2012:23:53:14 -0700] "GET /r/2yyz HTTP/1.1" 301 257 "-" "Mozilla/5.0 (compatible; Googlebot/2.1; +http://www.google.com/bot.html)"
66.249.68.52 - - [17/Mar/2012:23:53:15 -0700] "GET /s/ta/2yyz/ HTTP/1.1" 302 517 "-" "Mozilla/5.0 (compatible; Googlebot/2.1; +http://www.google.com/bot.html)"
91.203.96.45 - - [17/Mar/2012:23:53:39 -0700] "GET /r/2wlr HTTP/1.1" 301 257 "http://ta.m.wikipedia.org/w/index.php?title=%E0%AE%95%E0%AE%BE%E0%AE%B5%E0%AE%B2%E0%AF%8D_%E0%AE%95%E0%AF%8B%E0%AE%9F%E0%AF%8D%E0%AE%9F%E0%AE%AE%E0%AF%8D&mobileaction=view_normal_site" "Opera/8.01 (J2ME/MIDP; Opera Mini/3.1.10423/1724; en; U; ssr)"
91.203.96.45 - - [17/Mar/2012:23:53:40 -0700] "GET /s/ta/2wlr/ HTTP/1.1" 302 413 "http://ta.m.wikipedia.org/w/index.php?title=%E0%AE%95%E0%AE%BE%E0%AE%B5%E0%AE%B2%E0%AF%8D_%E0%AE%95%E0%AF%8B%E0%AE%9F%E0%AF%8D%E0%AE%9F%E0%AE%AE%E0%AF%8D&mobileaction=view_normal_site" "Opera/8.01 (J2ME/MIDP; Opera Mini/3.1.10423/1724; en; U; ssr)"
91.203.96.45 - - [17/Mar/2012:23:54:13 -0700] "-" 400 0 "-" "-"
85.17.88.169 - - [17/Mar/2012:23:56:37 -0700] "POST /blog/wp-cron.php?doing_wp_cron=1332053661 HTTP/1.0" 499 0 "-" "WordPress/3.3.1; http://yuvi.in/blog"
180.76.5.56 - - [17/Mar/2012:23:56:37 -0700] "GET /blog/?p=34 HTTP/1.1" 301 0 "-" "Mozilla/5.0 (compatible; Baiduspider/2.0; +http://www.baidu.com/search/spider.html)"
85.17.88.169 - - [17/Mar/2012:23:56:39 -0700] "POST /blog/wp-cron.php?doing_wp_cron=1332053663 HTTP/1.0" 499 0 "-" "WordPress/3.3.1; http://yuvi.in/blog"
