98.215.146.75 - - [09/Mar/2012:10:36:18 -0800] "GET http://yuvi.in/blog/devlog-april-2011.html HTTP/1.0" 200 12560 "http://yuvi.in/blog/devlog-april-2011.html" "Mozilla/4.0 (compatible; MSIE 5.5; Windows 95)"
82.83.23.46 - - [09/Mar/2012:10:36:47 -0800] "GET /r/rpj HTTP/1.1" 301 255 "http://ta.wikipedia.org/wiki/%E0%AE%87%E0%AE%B2%E0%AE%99%E0%AF%8D%E0%AE%95%E0%AF%88_%E0%AE%87%E0%AE%A9%E0%AE%95%E0%AF%8D%E0%AE%95%E0%AE%B2%E0%AE%B5%E0%AE%B0%E0%AE%99%E0%AF%8D%E0%AE%95%E0%AE%B3%E0%AF%8D" "Mozilla/5.0 (Windows NT 6.1; WOW64) AppleWebKit/535.11 (KHTML, like Gecko) Chrome/17.0.963.78 Safari/535.11"
82.83.23.46 - - [09/Mar/2012:10:36:47 -0800] "GET /s/ta/rpj/ HTTP/1.1" 302 497 "http://ta.wikipedia.org/wiki/%E0%AE%87%E0%AE%B2%E0%AE%99%E0%AF%8D%E0%AE%95%E0%AF%88_%E0%AE%87%E0%AE%A9%E0%AE%95%E0%AF%8D%E0%AE%95%E0%AE%B2%E0%AE%B5%E0%AE%B0%E0%AE%99%E0%AF%8D%E0%AE%95%E0%AE%B3%E0%AF%8D" "Mozilla/5.0 (Windows NT 6.1; WOW64) AppleWebKit/535.11 (KHTML, like Gecko) Chrome/17.0.963.78 Safari/535.11"
85.17.88.169 - - [09/Mar/2012:10:37:13 -0800] "POST /blog/wp-cron.php?doing_wp_cron=1331318165 HTTP/1.0" 499 0 "-" "WordPress/3.3.1; http://yuvi.in/blog"
209.85.224.92 - - [09/Mar/2012:10:37:14 -0800] "GET /blog/feed HTTP/1.1" 304 0 "-" "FeedBurner/1.0 (http://www.FeedBurner.com)"
82.83.23.46 - - [09/Mar/2012:10:38:06 -0800] "GET /s/ta/rpj/ HTTP/1.1" 302 497 "http://ta.wikipedia.org/wiki/%E0%AE%87%E0%AE%B2%E0%AE%99%E0%AF%8D%E0%AE%95%E0%AF%88_%E0%AE%87%E0%AE%A9%E0%AE%95%E0%AF%8D%E0%AE%95%E0%AE%B2%E0%AE%B5%E0%AE%B0%E0%AE%99%E0%AF%8D%E0%AE%95%E0%AE%B3%E0%AF%8D" "Mozilla/5.0 (Windows NT 6.1; WOW64) AppleWebKit/535.11 (KHTML, like Gecko) Chrome/17.0.963.78 Safari/535.11"
85.17.88.169 - - [09/Mar/2012:10:39:32 -0800] "POST /blog/wp-cron.php?doing_wp_cron=1331318304 HTTP/1.0" 499 0 "-" "WordPress/3.3.1; http://yuvi.in/blog"
209.85.238.248 - - [09/Mar/2012:10:39:32 -0800] "GET /blog/feed HTTP/1.1" 301 0 "-" "Feedfetcher-Google; (+http://www.google.com/feedfetcher.html; 3 subscribers; feed-id=17684830852112633560)"
209.85.238.248 - - [09/Mar/2012:10:39:33 -0800] "GET /blog/feed/ HTTP/1.1" 200 6694 "-" "Feedfetcher-Google; (+http://www.google.com/feedfetcher.html; 3 subscribers; feed-id=17684830852112633560)"
207.46.204.163 - - [09/Mar/2012:10:39:35 -0800] "-" 400 0 "-" "-"
207.46.204.163 - - [09/Mar/2012:10:39:43 -0800] "-" 400 0 "-" "-"
207.46.204.163 - - [09/Mar/2012:10:39:43 -0800] "-" 400 0 "-" "-"
207.46.204.163 - - [09/Mar/2012:10:39:45 -0800] "-" 400 0 "-" "-"
207.46.204.163 - - [09/Mar/2012:10:39:45 -0800] "-" 400 0 "-" "-"
207.46.204.163 - - [09/Mar/2012:10:39:45 -0800] "-" 400 0 "-" "-"
207.46.204.163 - - [09/Mar/2012:10:39:45 -0800] "-" 400 0 "-" "-"
207.46.204.163 - - [09/Mar/2012:10:39:45 -0800] "-" 400 0 "-" "-"
207.46.204.163 - - [09/Mar/2012:10:39:46 -0800] "-" 400 0 "-" "-"
77.21.147.173 - - [09/Mar/2012:10:40:22 -0800] "GET /blog/devlog-jan-2011.html HTTP/1.1" 200 10437 "-" "findlinks/2.0.2 (+http://wortschatz.uni-leipzig.de/findlinks/)"
117.193.113.213 - - [09/Mar/2012:10:40:34 -0800] "-" 400 0 "-" "-"
183.83.184.198 - - [09/Mar/2012:10:40:57 -0800] "GET /r/5cw HTTP/1.1" 301 255 "-" "Mozilla/5.0 (X11; Ubuntu; Linux i686; rv:10.0.2) Gecko/20100101 Firefox/10.0.2"
183.83.184.198 - - [09/Mar/2012:10:40:58 -0800] "GET /s/ta/5cw/ HTTP/1.1" 302 727 "-" "Mozilla/5.0 (X11; Ubuntu; Linux i686; rv:10.0.2) Gecko/20100101 Firefox/10.0.2"
209.85.224.80 - - [09/Mar/2012:10:40:59 -0800] "GET /stories/feed HTTP/1.1" 200 13653 "-" "FeedBurner/1.0 (http://www.FeedBurner.com)"
183.83.184.198 - - [09/Mar/2012:10:41:03 -0800] "-" 400 0 "-" "-"
208.115.111.68 - - [09/Mar/2012:10:43:47 -0800] "GET /robots.txt HTTP/1.1" 404 169 "-" "Mozilla/5.0 (compatible; Ezooms/1.0; ezooms.bot@gmail.com)"
94.201.228.58 - - [09/Mar/2012:10:43:52 -0800] "GET /r/1x7m HTTP/1.1" 301 257 "http://www.facebook.com/" "Mozilla/4.0 (compatible; MSIE 8.0; Windows NT 6.1; WOW64; Trident/4.0; SLCC2; .NET CLR 2.0.50727; .NET CLR 3.5.30729; .NET CLR 3.0.30729; MALN; .NET4.0C; InfoPath.2; AskTbNG1V5/5.12.2.16749)"
94.201.228.58 - - [09/Mar/2012:10:43:54 -0800] "GET /s/ta/1x7m/ HTTP/1.1" 302 513 "http://www.facebook.com/" "Mozilla/4.0 (compatible; MSIE 8.0; Windows NT 6.1; WOW64; Trident/4.0; SLCC2; .NET CLR 2.0.50727; .NET CLR 3.5.30729; .NET CLR 3.0.30729; MALN; .NET4.0C; InfoPath.2; AskTbNG1V5/5.12.2.16749)"
66.249.72.238 - - [09/Mar/2012:10:45:32 -0800] "GET /s/ta/2fd%E0%AE%95%E0%AE%9F%E0%AF%8D%E0%AE%9F%E0%AE%B1%E0%AF%8D%E0%AE%B1/ HTTP/1.1" 502 173 "-" "Mozilla/5.0 (compatible; Googlebot/2.1; +http://www.google.com/bot.html)"
180.76.6.28 - - [09/Mar/2012:10:48:57 -0800] "GET / HTTP/1.1" 200 3439 "-" "Mozilla/5.0 (compatible; Baiduspider/2.0; +http://www.baidu.com/search/spider.html)"
66.249.72.238 - - [09/Mar/2012:10:53:33 -0800] "GET /r/hb3 HTTP/1.1" 301 255 "-" "Mozilla/5.0 (compatible; Googlebot/2.1; +http://www.google.com/bot.html)"
66.249.72.238 - - [09/Mar/2012:10:53:33 -0800] "GET /r/yde HTTP/1.1" 301 255 "-" "Mozilla/5.0 (compatible; Googlebot/2.1; +http://www.google.com/bot.html)"
66.249.72.238 - - [09/Mar/2012:10:53:34 -0800] "GET /s/ta/hb3/ HTTP/1.1" 302 621 "-" "Mozilla/5.0 (compatible; Googlebot/2.1; +http://www.google.com/bot.html)"
66.249.72.238 - - [09/Mar/2012:10:53:36 -0800] "GET /s/ta/yde/ HTTP/1.1" 302 449 "-" "Mozilla/5.0 (compatible; Googlebot/2.1; +http://www.google.com/bot.html)"
106.205.2.213 - - [09/Mar/2012:10:55:23 -0800] "-" 400 0 "-" "-"
106.205.2.213 - - [09/Mar/2012:10:55:23 -0800] "-" 400 0 "-" "-"
122.164.157.183 - - [09/Mar/2012:10:55:59 -0800] "-" 400 0 "-" "-"
212.118.143.38 - - [09/Mar/2012:10:56:15 -0800] "GET /r/8n1 HTTP/1.1" 301 255 "http://www.facebook.com/l.php?u=http%3A%2F%2Ftawp.in%2Fr%2F8n1&h=dAQHIhFb4AQFgcKP5UJo7zeOGd3_82lvGOHLugTv9_Z3A-A" "Mozilla/5.0 (Windows NT 5.1) AppleWebKit/535.11 (KHTML, like Gecko) Chrome/17.0.963.78 Safari/535.11"
212.118.143.38 - - [09/Mar/2012:10:56:15 -0800] "GET /s/ta/8n1/ HTTP/1.1" 302 377 "http://www.facebook.com/l.php?u=http%3A%2F%2Ftawp.in%2Fr%2F8n1&h=dAQHIhFb4AQFgcKP5UJo7zeOGd3_82lvGOHLugTv9_Z3A-A" "Mozilla/5.0 (Windows NT 5.1) AppleWebKit/535.11 (KHTML, like Gecko) Chrome/17.0.963.78 Safari/535.11"
117.198.132.114 - - [09/Mar/2012:10:56:18 -0800] "-" 400 0 "-" "-"
183.83.17.150 - - [09/Mar/2012:10:56:37 -0800] "GET /r/2ga HTTP/1.1" 301 255 "-" "Mozilla/5.0 (X11; Linux i686) AppleWebKit/535.11 (KHTML, like Gecko) Chrome/17.0.963.66 Safari/535.11"
183.83.17.150 - - [09/Mar/2012:10:56:38 -0800] "GET /s/ta/2ga/ HTTP/1.1" 302 711 "-" "Mozilla/5.0 (X11; Linux i686) AppleWebKit/535.11 (KHTML, like Gecko) Chrome/17.0.963.66 Safari/535.11"
183.83.17.150 - - [09/Mar/2012:10:56:48 -0800] "-" 400 0 "-" "-"
183.83.17.150 - - [09/Mar/2012:10:56:48 -0800] "-" 400 0 "-" "-"
117.198.132.114 - - [09/Mar/2012:10:56:48 -0800] "-" 400 0 "-" "-"
117.198.132.114 - - [09/Mar/2012:10:56:48 -0800] "-" 400 0 "-" "-"
117.198.132.114 - - [09/Mar/2012:10:56:48 -0800] "-" 400 0 "-" "-"
117.198.132.114 - - [09/Mar/2012:10:56:48 -0800] "-" 400 0 "-" "-"
82.83.23.46 - - [09/Mar/2012:10:57:46 -0800] "GET /rpj HTTP/1.1" 404 211 "-" "Mozilla/5.0 (Windows NT 6.1; WOW64) AppleWebKit/535.11 (KHTML, like Gecko) Chrome/17.0.963.78 Safari/535.11"
82.83.23.46 - - [09/Mar/2012:10:57:47 -0800] "GET /favicon.ico HTTP/1.1" 404 211 "-" "Mozilla/5.0 (Windows NT 6.1; WOW64) AppleWebKit/535.11 (KHTML, like Gecko) Chrome/17.0.963.78 Safari/535.11"
82.83.23.46 - - [09/Mar/2012:10:58:16 -0800] "GET /16d1 HTTP/1.1" 404 211 "-" "Mozilla/5.0 (Windows NT 6.1; WOW64) AppleWebKit/535.11 (KHTML, like Gecko) Chrome/17.0.963.78 Safari/535.11"
82.83.23.46 - - [09/Mar/2012:10:58:16 -0800] "GET /favicon.ico HTTP/1.1" 404 211 "-" "Mozilla/5.0 (Windows NT 6.1; WOW64) AppleWebKit/535.11 (KHTML, like Gecko) Chrome/17.0.963.78 Safari/535.11"
82.83.23.46 - - [09/Mar/2012:10:58:44 -0800] "GET /dji HTTP/1.1" 404 211 "-" "Mozilla/5.0 (Windows NT 6.1; WOW64) AppleWebKit/535.11 (KHTML, like Gecko) Chrome/17.0.963.78 Safari/535.11"
82.83.23.46 - - [09/Mar/2012:10:58:45 -0800] "GET /favicon.ico HTTP/1.1" 404 211 "-" "Mozilla/5.0 (Windows NT 6.1; WOW64) AppleWebKit/535.11 (KHTML, like Gecko) Chrome/17.0.963.78 Safari/535.11"
128.138.65.139 - - [09/Mar/2012:10:59:17 -0800] "GET /r/5cw HTTP/1.1" 301 255 "-" "Mozilla/5.0 (Macintosh; Intel Mac OS X 10.6; rv:10.0.2) Gecko/20100101 Firefox/10.0.2"
128.138.65.139 - - [09/Mar/2012:10:59:17 -0800] "GET /s/ta/5cw/ HTTP/1.1" 302 727 "-" "Mozilla/5.0 (Macintosh; Intel Mac OS X 10.6; rv:10.0.2) Gecko/20100101 Firefox/10.0.2"
85.17.88.169 - - [09/Mar/2012:10:59:30 -0800] "POST /blog/wp-cron.php?doing_wp_cron=1331319502 HTTP/1.0" 499 0 "-" "WordPress/3.3.1; http://yuvi.in/blog"
66.135.57.47 - - [09/Mar/2012:10:59:31 -0800] "GET /blog/my-vimrc/ HTTP/1.0" 200 16009 "-" "Mozilla/5.0 (Windows; U; Windows NT 5.1; rv:1.7.3) Gecko/20041001 Firefox/0.10.1"
85.17.88.169 - - [09/Mar/2012:10:59:35 -0800] "POST /blog/wp-cron.php?doing_wp_cron=1331319507 HTTP/1.0" 499 0 "-" "WordPress/3.3.1; http://yuvi.in/blog"
66.135.57.47 - - [09/Mar/2012:10:59:35 -0800] "GET /blog/college-drop/ HTTP/1.0" 200 18395 "-" "Mozilla/5.0 (Windows; U; Windows NT 5.1; rv:1.7.3) Gecko/20041001 Firefox/0.10.1"
85.17.88.169 - - [09/Mar/2012:10:59:38 -0800] "POST /blog/wp-cron.php?doing_wp_cron=1331319510 HTTP/1.0" 499 0 "-" "WordPress/3.3.1; http://yuvi.in/blog"
66.135.57.47 - - [09/Mar/2012:10:59:39 -0800] "GET /blog/passing-headers-proxying-nginx/ HTTP/1.0" 200 16690 "-" "Mozilla/5.0 (Windows; U; Windows NT 5.1; rv:1.7.3) Gecko/20041001 Firefox/0.10.1"
122.164.157.183 - - [09/Mar/2012:10:59:39 -0800] "-" 400 0 "-" "-"
85.17.88.169 - - [09/Mar/2012:10:59:42 -0800] "POST /blog/wp-cron.php?doing_wp_cron=1331319513 HTTP/1.0" 499 0 "-" "WordPress/3.3.1; http://yuvi.in/blog"
66.135.57.47 - - [09/Mar/2012:10:59:42 -0800] "GET /blog/program/ HTTP/1.0" 200 27214 "-" "Mozilla/5.0 (Windows; U; Windows NT 5.1; rv:1.7.3) Gecko/20041001 Firefox/0.10.1"
66.249.72.238 - - [09/Mar/2012:10:59:44 -0800] "GET /s/ta/2n3fregardsBala/ HTTP/1.1" 502 173 "-" "Mozilla/5.0 (compatible; Googlebot/2.1; +http://www.google.com/bot.html)"
85.17.88.169 - - [09/Mar/2012:10:59:45 -0800] "POST /blog/wp-cron.php?doing_wp_cron=1331319517 HTTP/1.0" 499 0 "-" "WordPress/3.3.1; http://yuvi.in/blog"
66.135.57.47 - - [09/Mar/2012:10:59:45 -0800] "GET /blog/devlog-december-26-2011/ HTTP/1.0" 200 16694 "-" "Mozilla/5.0 (Windows; U; Windows NT 5.1; rv:1.7.3) Gecko/20041001 Firefox/0.10.1"
85.17.88.169 - - [09/Mar/2012:10:59:50 -0800] "POST /blog/wp-cron.php?doing_wp_cron=1331319522 HTTP/1.0" 499 0 "-" "WordPress/3.3.1; http://yuvi.in/blog"
66.135.57.47 - - [09/Mar/2012:10:59:50 -0800] "GET /blog/devlog-december-23-2011/ HTTP/1.0" 200 16517 "-" "Mozilla/5.0 (Windows; U; Windows NT 5.1; rv:1.7.3) Gecko/20041001 Firefox/0.10.1"
85.17.88.169 - - [09/Mar/2012:10:59:54 -0800] "POST /blog/wp-cron.php?doing_wp_cron=1331319526 HTTP/1.0" 499 0 "-" "WordPress/3.3.1; http://yuvi.in/blog"
66.135.57.47 - - [09/Mar/2012:10:59:55 -0800] "GET /blog/devlog-december-21-2011/ HTTP/1.0" 200 17121 "-" "Mozilla/5.0 (Windows; U; Windows NT 5.1; rv:1.7.3) Gecko/20041001 Firefox/0.10.1"
85.17.88.169 - - [09/Mar/2012:10:59:58 -0800] "POST /blog/wp-cron.php?doing_wp_cron=1331319529 HTTP/1.0" 499 0 "-" "WordPress/3.3.1; http://yuvi.in/blog"
66.135.57.47 - - [09/Mar/2012:10:59:58 -0800] "GET /blog/devlog-december-11-2011/ HTTP/1.0" 200 16592 "-" "Mozilla/5.0 (Windows; U; Windows NT 5.1; rv:1.7.3) Gecko/20041001 Firefox/0.10.1"
122.164.157.183 - - [09/Mar/2012:10:59:59 -0800] "-" 400 0 "-" "-"
122.164.157.183 - - [09/Mar/2012:10:59:59 -0800] "-" 400 0 "-" "-"
122.164.157.183 - - [09/Mar/2012:10:59:59 -0800] "-" 400 0 "-" "-"
122.164.157.183 - - [09/Mar/2012:10:59:59 -0800] "-" 400 0 "-" "-"
85.17.88.169 - - [09/Mar/2012:11:00:03 -0800] "POST /blog/wp-cron.php?doing_wp_cron=1331319534 HTTP/1.0" 499 0 "-" "WordPress/3.3.1; http://yuvi.in/blog"
66.135.57.47 - - [09/Mar/2012:11:00:03 -0800] "GET /blog/devlog-december-10-2011/ HTTP/1.0" 200 16387 "-" "Mozilla/5.0 (Windows; U; Windows NT 5.1; rv:1.7.3) Gecko/20041001 Firefox/0.10.1"
85.17.88.169 - - [09/Mar/2012:11:00:07 -0800] "POST /blog/wp-cron.php?doing_wp_cron=1331319538 HTTP/1.0" 499 0 "-" "WordPress/3.3.1; http://yuvi.in/blog"
66.135.57.47 - - [09/Mar/2012:11:00:07 -0800] "GET /blog/devlog-december-7-2011/ HTTP/1.0" 200 16833 "-" "Mozilla/5.0 (Windows; U; Windows NT 5.1; rv:1.7.3) Gecko/20041001 Firefox/0.10.1"
82.83.23.46 - - [09/Mar/2012:11:00:27 -0800] "GET /15ms HTTP/1.1" 404 211 "-" "Mozilla/5.0 (Windows NT 6.1; WOW64) AppleWebKit/535.11 (KHTML, like Gecko) Chrome/17.0.963.78 Safari/535.11"
82.83.23.46 - - [09/Mar/2012:11:00:27 -0800] "GET /favicon.ico HTTP/1.1" 404 211 "-" "Mozilla/5.0 (Windows NT 6.1; WOW64) AppleWebKit/535.11 (KHTML, like Gecko) Chrome/17.0.963.78 Safari/535.11"
66.249.72.234 - - [09/Mar/2012:11:02:03 -0800] "GET /robots.txt HTTP/1.1" 404 142 "-" "Mozilla/5.0 (compatible; Googlebot/2.1; +http://www.google.com/bot.html)"
85.17.88.169 - - [09/Mar/2012:11:02:05 -0800] "POST /blog/wp-cron.php?doing_wp_cron=1331319657 HTTP/1.0" 499 0 "-" "WordPress/3.3.1; http://yuvi.in/blog"
66.249.72.234 - - [09/Mar/2012:11:02:06 -0800] "GET /blog/theMarianStar/Darius.pdf HTTP/1.1" 404 3016 "-" "Googlebot/2.1 (+http://www.google.com/bot.html)"
85.17.88.169 - - [09/Mar/2012:11:04:34 -0800] "POST /blog/wp-cron.php?doing_wp_cron=1331319806 HTTP/1.0" 499 0 "-" "WordPress/3.3.1; http://yuvi.in/blog"
209.85.238.248 - - [09/Mar/2012:11:04:35 -0800] "GET /blog/feed/ HTTP/1.1" 304 0 "-" "Feedfetcher-Google; (+http://www.google.com/feedfetcher.html; 18 subscribers; feed-id=15064232456473204253)"
117.202.129.31 - - [09/Mar/2012:11:05:38 -0800] "-" 400 0 "-" "-"
85.17.88.169 - - [09/Mar/2012:11:06:18 -0800] "POST /blog/wp-cron.php?doing_wp_cron=1331319910 HTTP/1.0" 499 0 "-" "WordPress/3.3.1; http://yuvi.in/blog"
107.20.53.209 - - [09/Mar/2012:11:06:18 -0800] "GET /blog/what-stop-child-athiest/ HTTP/1.1" 200 5573 "-" "Mozilla/5.0 (Macintosh; U; Intel Mac OS X 10.6; en-US; rv:1.9.2) Gecko/20100115 Firefox/3.6 (FlipboardProxy/1.1; +http://flipboard.com/browserproxy)"
81.249.183.200 - - [09/Mar/2012:11:07:06 -0800] "GET /header.png HTTP/1.1" 200 14249 "http://www.updowner.com/752/anon-irc" "Mozilla/5.0 (X11; Linux i686; rv:7.0.1) Gecko/20100101 Firefox/7.0.1"
85.17.88.169 - - [09/Mar/2012:11:07:23 -0800] "POST /blog/wp-cron.php?doing_wp_cron=1331319975 HTTP/1.0" 499 0 "-" "WordPress/3.3.1; http://yuvi.in/blog"
209.85.224.82 - - [09/Mar/2012:11:07:24 -0800] "GET /blog/feed HTTP/1.1" 304 0 "-" "FeedBurner/1.0 (http://www.FeedBurner.com)"
81.249.183.200 - - [09/Mar/2012:11:07:27 -0800] "-" 400 0 "-" "-"
59.92.77.176 - - [09/Mar/2012:11:08:14 -0800] "-" 400 0 "-" "-"
117.193.176.110 - - [09/Mar/2012:11:08:55 -0800] "-" 400 0 "-" "-"
66.249.72.238 - - [09/Mar/2012:11:08:58 -0800] "GET /s/ta/25fo/ HTTP/1.1" 302 401 "-" "Mozilla/5.0 (compatible; Googlebot/2.1; +http://www.google.com/bot.html)"
66.249.72.238 - - [09/Mar/2012:11:14:15 -0800] "GET /r/gx3%E0%AE%95%E0%AE%9F%E0%AF%8D%E0%AE%9F%E0%AE%B1%E0%AF%8D%E0%AE%B1 HTTP/1.1" 301 381 "-" "Mozilla/5.0 (compatible; Googlebot/2.1; +http://www.google.com/bot.html)"
66.249.72.238 - - [09/Mar/2012:11:14:16 -0800] "GET /s/ta/gx3%E0%AE%95%E0%AE%9F%E0%AF%8D%E0%AE%9F%E0%AE%B1%E0%AF%8D%E0%AE%B1/ HTTP/1.1" 502 173 "-" "Mozilla/5.0 (compatible; Googlebot/2.1; +http://www.google.com/bot.html)"
66.249.72.238 - - [09/Mar/2012:11:16:38 -0800] "GET /r/235i HTTP/1.1" 301 257 "-" "Mozilla/5.0 (compatible; Googlebot/2.1; +http://www.google.com/bot.html)"
66.249.72.238 - - [09/Mar/2012:11:16:39 -0800] "GET /s/ta/235i/ HTTP/1.1" 302 437 "-" "Mozilla/5.0 (compatible; Googlebot/2.1; +http://www.google.com/bot.html)"
85.17.88.169 - - [09/Mar/2012:11:17:14 -0800] "POST /blog/wp-cron.php?doing_wp_cron=1331320565 HTTP/1.0" 499 0 "-" "WordPress/3.3.1; http://yuvi.in/blog"
180.76.5.151 - - [09/Mar/2012:11:17:15 -0800] "GET /blog/2011/08/ HTTP/1.1" 200 18168 "-" "Mozilla/5.0 (compatible; Baiduspider/2.0; +http://www.baidu.com/search/spider.html)"
66.249.72.238 - - [09/Mar/2012:11:19:37 -0800] "GET /r/3a2 HTTP/1.1" 301 255 "-" "Mozilla/5.0 (compatible; Googlebot/2.1; +http://www.google.com/bot.html)"
66.249.72.238 - - [09/Mar/2012:11:19:39 -0800] "GET /s/ta/3a2/ HTTP/1.1" 302 479 "-" "Mozilla/5.0 (compatible; Googlebot/2.1; +http://www.google.com/bot.html)"
95.139.193.81 - - [09/Mar/2012:11:21:09 -0800] "GET /r/8jn HTTP/1.1" 301 255 "http://ta.wikipedia.org/wiki/%E0%AE%9A%E0%AF%87_%E0%AE%95%E0%AF%81%E0%AE%B5%E0%AF%87%E0%AE%B0%E0%AE%BE" "Opera/9.80 (Windows NT 5.1; U; ru) Presto/2.8.131 Version/11.10"
95.139.193.81 - - [09/Mar/2012:11:21:10 -0800] "GET /s/ta/8jn/ HTTP/1.1" 302 365 "http://ta.wikipedia.org/wiki/%E0%AE%9A%E0%AF%87_%E0%AE%95%E0%AF%81%E0%AE%B5%E0%AF%87%E0%AE%B0%E0%AE%BE" "Opera/9.80 (Windows NT 5.1; U; ru) Presto/2.8.131 Version/11.10"
66.249.72.238 - - [09/Mar/2012:11:21:30 -0800] "GET /r/2%3Ca%20href= HTTP/1.1" 301 279 "-" "Mozilla/5.0 (compatible; Googlebot/2.1; +http://www.google.com/bot.html)"
66.249.72.238 - - [09/Mar/2012:11:21:30 -0800] "GET /s/ta/2%3Ca%20href%3D/ HTTP/1.1" 502 173 "-" "Mozilla/5.0 (compatible; Googlebot/2.1; +http://www.google.com/bot.html)"
66.249.72.238 - - [09/Mar/2012:11:24:22 -0800] "GET /r/1fek HTTP/1.1" 301 257 "-" "Mozilla/5.0 (compatible; Googlebot/2.1; +http://www.google.com/bot.html)"
66.249.72.238 - - [09/Mar/2012:11:24:23 -0800] "GET /s/ta/1fek/ HTTP/1.1" 302 503 "-" "Mozilla/5.0 (compatible; Googlebot/2.1; +http://www.google.com/bot.html)"
14.96.73.146 - - [09/Mar/2012:11:24:49 -0800] "-" 400 0 "-" "-"
14.96.73.146 - - [09/Mar/2012:11:24:49 -0800] "-" 400 0 "-" "-"
14.96.73.146 - - [09/Mar/2012:11:24:49 -0800] "-" 400 0 "-" "-"
14.96.73.146 - - [09/Mar/2012:11:24:49 -0800] "-" 400 0 "-" "-"
14.96.73.146 - - [09/Mar/2012:11:25:28 -0800] "-" 400 0 "-" "-"
14.96.73.146 - - [09/Mar/2012:11:25:28 -0800] "-" 400 0 "-" "-"
14.96.73.146 - - [09/Mar/2012:11:25:28 -0800] "-" 400 0 "-" "-"
14.96.73.146 - - [09/Mar/2012:11:25:28 -0800] "-" 400 0 "-" "-"
14.96.73.146 - - [09/Mar/2012:11:25:28 -0800] "-" 400 0 "-" "-"
122.164.254.101 - - [09/Mar/2012:11:25:49 -0800] "-" 400 0 "-" "-"
122.164.254.101 - - [09/Mar/2012:11:25:49 -0800] "-" 400 0 "-" "-"
122.164.254.101 - - [09/Mar/2012:11:25:49 -0800] "-" 400 0 "-" "-"
122.164.254.101 - - [09/Mar/2012:11:25:49 -0800] "-" 400 0 "-" "-"
14.96.73.146 - - [09/Mar/2012:11:27:48 -0800] "-" 400 0 "-" "-"
14.96.73.146 - - [09/Mar/2012:11:27:48 -0800] "-" 400 0 "-" "-"
14.96.73.146 - - [09/Mar/2012:11:27:48 -0800] "-" 400 0 "-" "-"
14.96.73.146 - - [09/Mar/2012:11:27:48 -0800] "-" 400 0 "-" "-"
183.83.17.150 - - [09/Mar/2012:11:28:39 -0800] "-" 400 0 "-" "-"
183.83.17.150 - - [09/Mar/2012:11:28:39 -0800] "-" 400 0 "-" "-"
183.83.17.150 - - [09/Mar/2012:11:28:39 -0800] "-" 400 0 "-" "-"
14.96.73.146 - - [09/Mar/2012:11:30:48 -0800] "-" 400 0 "-" "-"
14.96.73.146 - - [09/Mar/2012:11:30:48 -0800] "-" 400 0 "-" "-"
14.96.73.146 - - [09/Mar/2012:11:30:48 -0800] "-" 400 0 "-" "-"
14.96.73.146 - - [09/Mar/2012:11:30:48 -0800] "-" 400 0 "-" "-"
14.96.73.146 - - [09/Mar/2012:11:30:48 -0800] "-" 400 0 "-" "-"
14.96.73.146 - - [09/Mar/2012:11:30:48 -0800] "-" 400 0 "-" "-"
66.249.72.238 - - [09/Mar/2012:11:31:17 -0800] "GET /r/5tv HTTP/1.1" 301 255 "-" "Mozilla/5.0 (compatible; Googlebot/2.1; +http://www.google.com/bot.html)"
66.249.72.238 - - [09/Mar/2012:11:31:18 -0800] "GET /s/ta/5tv/ HTTP/1.1" 302 385 "-" "Mozilla/5.0 (compatible; Googlebot/2.1; +http://www.google.com/bot.html)"
66.249.72.238 - - [09/Mar/2012:11:32:05 -0800] "GET /r/2boe HTTP/1.1" 301 257 "-" "Mozilla/5.0 (compatible; Googlebot/2.1; +http://www.google.com/bot.html)"
66.249.72.238 - - [09/Mar/2012:11:32:05 -0800] "GET /s/ta/2boe/ HTTP/1.1" 302 353 "-" "Mozilla/5.0 (compatible; Googlebot/2.1; +http://www.google.com/bot.html)"
85.17.88.169 - - [09/Mar/2012:11:32:39 -0800] "POST /blog/wp-cron.php?doing_wp_cron=1331321491 HTTP/1.0" 499 0 "-" "WordPress/3.3.1; http://yuvi.in/blog"
100.43.83.144 - - [09/Mar/2012:11:32:40 -0800] "GET /blog/why-i-moved-off-arch-on-my-netbook/ HTTP/1.1" 200 4794 "-" "Mozilla/5.0 (compatible; YandexBot/3.0; +http://yandex.com/bots)"
193.164.138.85 - - [09/Mar/2012:11:33:45 -0800] "GET /blog/my-first-accepted-patch.html HTTP/1.1" 200 6183 "-" "Zemanta Aggregator/0.7 +http://www.zemanta.com"
85.17.88.169 - - [09/Mar/2012:11:34:22 -0800] "POST /blog/wp-cron.php?doing_wp_cron=1331321594 HTTP/1.0" 499 0 "-" "WordPress/3.3.1; http://yuvi.in/blog"
209.85.238.248 - - [09/Mar/2012:11:34:22 -0800] "GET /blog/feed HTTP/1.1" 301 0 "-" "Feedfetcher-Google; (+http://www.google.com/feedfetcher.html; 3 subscribers; feed-id=17684830852112633560)"
85.17.88.169 - - [09/Mar/2012:11:34:24 -0800] "POST /blog/wp-cron.php?doing_wp_cron=1331321596 HTTP/1.0" 499 0 "-" "WordPress/3.3.1; http://yuvi.in/blog"
209.85.238.248 - - [09/Mar/2012:11:34:25 -0800] "GET /blog/feed/ HTTP/1.1" 304 0 "-" "Feedfetcher-Google; (+http://www.google.com/feedfetcher.html; 3 subscribers; feed-id=17684830852112633560)"
122.164.254.101 - - [09/Mar/2012:11:35:39 -0800] "-" 400 0 "-" "-"
122.164.254.101 - - [09/Mar/2012:11:35:39 -0800] "-" 400 0 "-" "-"
122.164.254.101 - - [09/Mar/2012:11:35:39 -0800] "-" 400 0 "-" "-"
122.164.254.101 - - [09/Mar/2012:11:35:39 -0800] "-" 400 0 "-" "-"
122.164.254.101 - - [09/Mar/2012:11:36:29 -0800] "-" 400 0 "-" "-"
85.17.88.169 - - [09/Mar/2012:11:37:28 -0800] "POST /blog/wp-cron.php?doing_wp_cron=1331321780 HTTP/1.0" 499 0 "-" "WordPress/3.3.1; http://yuvi.in/blog"
209.85.224.95 - - [09/Mar/2012:11:37:28 -0800] "GET /blog/feed HTTP/1.1" 304 0 "-" "FeedBurner/1.0 (http://www.FeedBurner.com)"
66.249.72.238 - - [09/Mar/2012:11:39:47 -0800] "GET /r/2g6x HTTP/1.1" 301 257 "-" "Mozilla/5.0 (compatible; Googlebot/2.1; +http://www.google.com/bot.html)"
66.249.72.238 - - [09/Mar/2012:11:39:48 -0800] "GET /s/ta/2g6x/ HTTP/1.1" 302 757 "-" "Mozilla/5.0 (compatible; Googlebot/2.1; +http://www.google.com/bot.html)"
85.17.88.169 - - [09/Mar/2012:11:40:01 -0800] "POST /blog/wp-cron.php?doing_wp_cron=1331321933 HTTP/1.0" 499 0 "-" "WordPress/3.3.1; http://yuvi.in/blog"
78.166.168.168 - - [09/Mar/2012:11:40:02 -0800] "GET /blog/category/devlog/ HTTP/1.1" 200 43222 "-" "Mozilla/5.0 (compatible; Googlebot/2.1; +http://www.google.com/bot.html)"
106.66.190.121 - - [09/Mar/2012:11:40:58 -0800] "GET /r/1d0d HTTP/1.1" 301 257 "http://ta.wikipedia.org/wiki/%E0%AE%9A%E0%AF%86%E0%AE%A9%E0%AF%8D%E0%AE%A9%E0%AF%88_%E0%AE%AE%E0%AF%86%E0%AE%9F%E0%AF%8D%E0%AE%B0%E0%AF%8B" "Mozilla/5.0 (compatible; MSIE 9.0; Windows NT 6.1; Trident/5.0)"
209.85.224.82 - - [09/Mar/2012:11:41:06 -0800] "GET /stories/feed HTTP/1.1" 200 13653 "-" "FeedBurner/1.0 (http://www.FeedBurner.com)"
82.155.159.99 - - [09/Mar/2012:11:41:36 -0800] "GET /blog/my-vimrc/ HTTP/1.1" 200 16057 "-" "Mozilla/5.0 (compatible; Googlebot/2.1; +http://www.google.com/bot.html)"
66.249.72.238 - - [09/Mar/2012:11:43:05 -0800] "GET /r/3a7 HTTP/1.1" 301 255 "-" "Mozilla/5.0 (compatible; Googlebot/2.1; +http://www.google.com/bot.html)"
66.249.72.238 - - [09/Mar/2012:11:43:06 -0800] "GET /s/ta/3a7/ HTTP/1.1" 302 361 "-" "Mozilla/5.0 (compatible; Googlebot/2.1; +http://www.google.com/bot.html)"
85.17.88.169 - - [09/Mar/2012:11:44:08 -0800] "POST /blog/wp-cron.php?doing_wp_cron=1331322179 HTTP/1.0" 499 0 "-" "WordPress/3.3.1; http://yuvi.in/blog"
177.9.211.67 - - [09/Mar/2012:11:44:11 -0800] "GET /blog/page/2/ HTTP/1.1" 200 76327 "-" "Mozilla/5.0 (compatible; Googlebot/2.1; +http://www.google.com/bot.html)"
207.58.165.196 - - [09/Mar/2012:11:44:18 -0800] "GET /?feed=rss2 HTTP/1.0" 200 3439 "-" "-"
75.45.182.145 - - [09/Mar/2012:11:45:16 -0800] "-" 400 0 "-" "-"
66.249.72.238 - - [09/Mar/2012:11:47:26 -0800] "GET /r/2l7d HTTP/1.1" 301 257 "-" "Mozilla/5.0 (compatible; Googlebot/2.1; +http://www.google.com/bot.html)"
66.249.72.238 - - [09/Mar/2012:11:47:27 -0800] "GET /s/ta/2l7d/ HTTP/1.1" 302 425 "-" "Mozilla/5.0 (compatible; Googlebot/2.1; +http://www.google.com/bot.html)"
122.179.43.157 - - [09/Mar/2012:11:47:55 -0800] "GET /favicon.ico HTTP/1.1" 404 199 "http://prashanth-kamle.blogspot.in/2009/11/i-miss-colourful-vtu-marks-sheets.html" "Mozilla/5.0 (Windows NT 6.1; WOW64) AppleWebKit/535.11 (KHTML, like Gecko) Chrome/17.0.963.66 Safari/535.11"
122.179.43.157 - - [09/Mar/2012:11:47:57 -0800] "GET /favicon.ico HTTP/1.1" 404 199 "http://prashanth-kamle.blogspot.in/2009/11/i-miss-colourful-vtu-marks-sheets.html" "Mozilla/5.0 (Windows NT 6.1; WOW64) AppleWebKit/535.11 (KHTML, like Gecko) Chrome/17.0.963.66 Safari/535.11"
122.179.43.157 - - [09/Mar/2012:11:48:07 -0800] "-" 400 0 "-" "-"
122.179.43.157 - - [09/Mar/2012:11:48:20 -0800] "GET /favicon.ico HTTP/1.1" 404 199 "http://prashanth-kamle.blogspot.in/2009/11/i-miss-colourful-vtu-marks-sheets.html" "Mozilla/5.0 (Windows NT 6.1; WOW64) AppleWebKit/535.11 (KHTML, like Gecko) Chrome/17.0.963.66 Safari/535.11"
122.179.43.157 - - [09/Mar/2012:11:48:22 -0800] "GET /favicon.ico HTTP/1.1" 404 199 "http://prashanth-kamle.blogspot.in/2009/11/i-miss-colourful-vtu-marks-sheets.html" "Mozilla/5.0 (Windows NT 6.1; WOW64) AppleWebKit/535.11 (KHTML, like Gecko) Chrome/17.0.963.66 Safari/535.11"
208.115.111.68 - - [09/Mar/2012:11:53:03 -0800] "GET /blog/2010/05/01/ HTTP/1.1" 200 17556 "-" "Mozilla/5.0 (compatible; Ezooms/1.0; ezooms.bot@gmail.com)"
208.115.111.68 - - [09/Mar/2012:11:53:09 -0800] "GET /blog/running-archlinux/ HTTP/1.1" 200 17407 "-" "Mozilla/5.0 (compatible; Ezooms/1.0; ezooms.bot@gmail.com)"
208.115.111.68 - - [09/Mar/2012:11:53:13 -0800] "GET /blog/tag/algorithm/feed/ HTTP/1.1" 200 2720 "-" "Mozilla/5.0 (compatible; Ezooms/1.0; ezooms.bot@gmail.com)"
66.249.72.238 - - [09/Mar/2012:11:53:29 -0800] "GET /r/jrv HTTP/1.1" 301 255 "-" "Mozilla/5.0 (compatible; Googlebot/2.1; +http://www.google.com/bot.html)"
66.249.72.238 - - [09/Mar/2012:11:53:30 -0800] "GET /s/ta/jrv/ HTTP/1.1" 302 391 "-" "Mozilla/5.0 (compatible; Googlebot/2.1; +http://www.google.com/bot.html)"
66.249.72.238 - - [09/Mar/2012:11:55:12 -0800] "GET /r/1i1g HTTP/1.1" 301 257 "-" "Mozilla/5.0 (compatible; Googlebot/2.1; +http://www.google.com/bot.html)"
66.249.72.238 - - [09/Mar/2012:11:55:13 -0800] "GET /s/ta/1i1g/ HTTP/1.1" 302 427 "-" "Mozilla/5.0 (compatible; Googlebot/2.1; +http://www.google.com/bot.html)"
100.43.83.144 - - [09/Mar/2012:11:57:24 -0800] "GET / HTTP/1.1" 200 1430 "-" "Mozilla/5.0 (compatible; YandexBot/3.0; +http://yandex.com/bots)"
208.115.113.84 - - [09/Mar/2012:11:57:37 -0800] "GET /robots.txt HTTP/1.1" 404 169 "-" "Mozilla/5.0 (compatible; Ezooms/1.0; ezooms.bot@gmail.com)"
82.145.211.46 - - [09/Mar/2012:12:00:54 -0800] "GET /r/9b1 HTTP/1.1" 301 255 "http://en.m.wikipedia.org/wiki/Jeyamohan" "Opera/9.80 (Series 60; Opera Mini/6.1.25570/27.1324; U; en) Presto/2.8.119 Version/11.10"
82.145.211.46 - - [09/Mar/2012:12:00:55 -0800] "GET /s/ta/9b1/ HTTP/1.1" 302 361 "http://en.m.wikipedia.org/wiki/Jeyamohan" "Opera/9.80 (Series 60; Opera Mini/6.1.25570/27.1324; U; en) Presto/2.8.119 Version/11.10"
130.83.167.153 - - [09/Mar/2012:12:01:14 -0800] "GET /stories/carrier-error.html HTTP/1.1" 200 3131 "-" "findlinks/2.1.5 (+http://wortschatz.uni-leipzig.de/findlinks/)"
66.249.72.238 - - [09/Mar/2012:12:02:49 -0800] "GET /r/924 HTTP/1.1" 301 255 "-" "Mozilla/5.0 (compatible; Googlebot/2.1; +http://www.google.com/bot.html)"
66.249.72.238 - - [09/Mar/2012:12:02:50 -0800] "GET /s/ta/924/ HTTP/1.1" 302 561 "-" "Mozilla/5.0 (compatible; Googlebot/2.1; +http://www.google.com/bot.html)"
85.17.88.169 - - [09/Mar/2012:12:06:47 -0800] "POST /blog/wp-cron.php?doing_wp_cron=1331323538 HTTP/1.0" 499 0 "-" "WordPress/3.3.1; http://yuvi.in/blog"
209.85.228.85 - - [09/Mar/2012:12:06:47 -0800] "GET /blog/tag/fiction/ HTTP/1.1" 200 4127 "http://www.google.com/search" "Mozilla/5.0 (X11; Linux x86_64) AppleWebKit/534.51 (KHTML, like Gecko; Google Web Preview) Chrome/12.0.742 Safari/534.51"
209.85.228.96 - - [09/Mar/2012:12:06:48 -0800] "GET /blog/wp-content/themes/cleanr/js/jquery.dropdown.js?ver=3.3.1 HTTP/1.1" 200 535 "http://yuvi.in/blog/tag/fiction/" "Mozilla/5.0 (X11; Linux x86_64) AppleWebKit/534.51 (KHTML, like Gecko; Google Web Preview) Chrome/12.0.742 Safari/534.51"
209.85.228.93 - - [09/Mar/2012:12:06:48 -0800] "GET /blog/wp-content/themes/cleanr/style.css HTTP/1.1" 200 10508 "http://yuvi.in/blog/tag/fiction/" "Mozilla/5.0 (X11; Linux x86_64) AppleWebKit/534.51 (KHTML, like Gecko; Google Web Preview) Chrome/12.0.742 Safari/534.51"
209.85.228.89 - - [09/Mar/2012:12:06:48 -0800] "GET /blog/wp-includes/js/jquery/jquery.js?ver=1.7.1 HTTP/1.1" 200 93889 "http://yuvi.in/blog/tag/fiction/" "Mozilla/5.0 (X11; Linux x86_64) AppleWebKit/534.51 (KHTML, like Gecko; Google Web Preview) Chrome/12.0.742 Safari/534.51"
209.85.228.96 - - [09/Mar/2012:12:06:49 -0800] "GET /blog/wp-content/themes/cleanr/css/960.css HTTP/1.1" 200 3628 "http://yuvi.in/blog/tag/fiction/" "Mozilla/5.0 (X11; Linux x86_64) AppleWebKit/534.51 (KHTML, like Gecko; Google Web Preview) Chrome/12.0.742 Safari/534.51"
209.85.228.87 - - [09/Mar/2012:12:06:49 -0800] "GET /blog/wp-content/themes/cleanr/css/text.css HTTP/1.1" 200 420 "http://yuvi.in/blog/tag/fiction/" "Mozilla/5.0 (X11; Linux x86_64) AppleWebKit/534.51 (KHTML, like Gecko; Google Web Preview) Chrome/12.0.742 Safari/534.51"
209.85.228.89 - - [09/Mar/2012:12:06:49 -0800] "GET /blog/wp-content/themes/cleanr/css/reset.css HTTP/1.1" 200 648 "http://yuvi.in/blog/tag/fiction/" "Mozilla/5.0 (X11; Linux x86_64) AppleWebKit/534.51 (KHTML, like Gecko; Google Web Preview) Chrome/12.0.742 Safari/534.51"
209.85.228.91 - - [09/Mar/2012:12:06:49 -0800] "GET /blog/wp-content/themes/cleanr/images/search_magnifier.gif HTTP/1.1" 200 394 "http://yuvi.in/blog/tag/fiction/" "Mozilla/5.0 (X11; Linux x86_64) AppleWebKit/534.51 (KHTML, like Gecko; Google Web Preview) Chrome/12.0.742 Safari/534.51"
85.17.88.169 - - [09/Mar/2012:12:07:35 -0800] "POST /blog/wp-cron.php?doing_wp_cron=1331323587 HTTP/1.0" 499 0 "-" "WordPress/3.3.1; http://yuvi.in/blog"
209.85.224.87 - - [09/Mar/2012:12:07:36 -0800] "GET /blog/feed HTTP/1.1" 304 0 "-" "FeedBurner/1.0 (http://www.FeedBurner.com)"
85.17.88.169 - - [09/Mar/2012:12:09:37 -0800] "POST /blog/wp-cron.php?doing_wp_cron=1331323708 HTTP/1.0" 499 0 "-" "WordPress/3.3.1; http://yuvi.in/blog"
209.85.228.93 - - [09/Mar/2012:12:09:37 -0800] "GET /blog/tag/personal/ HTTP/1.1" 200 13384 "http://www.google.com/search" "Mozilla/5.0 (X11; Linux x86_64) AppleWebKit/534.51 (KHTML, like Gecko; Google Web Preview) Chrome/12.0.742 Safari/534.51"
66.249.72.238 - - [09/Mar/2012:12:10:12 -0800] "GET /r/3if HTTP/1.1" 301 255 "-" "Mozilla/5.0 (compatible; Googlebot/2.1; +http://www.google.com/bot.html)"
66.249.72.238 - - [09/Mar/2012:12:10:14 -0800] "GET /s/ta/3if/ HTTP/1.1" 302 403 "-" "Mozilla/5.0 (compatible; Googlebot/2.1; +http://www.google.com/bot.html)"
208.115.113.84 - - [09/Mar/2012:12:10:29 -0800] "GET /blog/trip-to-kerala.html HTTP/1.1" 200 5836 "-" "Mozilla/5.0 (compatible; Ezooms/1.0; ezooms.bot@gmail.com)"
66.249.72.238 - - [09/Mar/2012:12:10:32 -0800] "GET /r/9yz HTTP/1.1" 301 255 "-" "Mozilla/5.0 (compatible; Googlebot/2.1; +http://www.google.com/bot.html)"
66.249.72.238 - - [09/Mar/2012:12:10:32 -0800] "GET /s/ta/9yz/ HTTP/1.1" 302 449 "-" "Mozilla/5.0 (compatible; Googlebot/2.1; +http://www.google.com/bot.html)"
85.17.88.169 - - [09/Mar/2012:12:11:37 -0800] "POST /blog/wp-cron.php?doing_wp_cron=1331323829 HTTP/1.0" 499 0 "-" "WordPress/3.3.1; http://yuvi.in/blog"
209.85.228.89 - - [09/Mar/2012:12:11:38 -0800] "GET /blog/2011/10/ HTTP/1.1" 200 4494 "http://www.google.com/search" "Mozilla/5.0 (X11; Linux x86_64) AppleWebKit/534.51 (KHTML, like Gecko; Google Web Preview) Chrome/12.0.742 Safari/534.51"
209.85.228.99 - - [09/Mar/2012:12:11:39 -0800] "GET /favicon.ico HTTP/1.1" 404 142 "-" "-"
207.46.199.35 - - [09/Mar/2012:12:12:07 -0800] "GET /blog/about-me.html HTTP/1.1" 304 0 "-" "Mozilla/5.0 (compatible; bingbot/2.0; +http://www.bing.com/bingbot.htm)"
85.17.88.169 - - [09/Mar/2012:12:13:55 -0800] "POST /blog/wp-cron.php?doing_wp_cron=1331323966 HTTP/1.0" 499 0 "-" "WordPress/3.3.1; http://yuvi.in/blog"
209.85.238.248 - - [09/Mar/2012:12:13:55 -0800] "GET /blog/feed/ HTTP/1.1" 304 0 "-" "Feedfetcher-Google; (+http://www.google.com/feedfetcher.html; 18 subscribers; feed-id=15064232456473204253)"
78.80.253.33 - - [09/Mar/2012:12:16:19 -0800] "GET /blog/gsoc-milestones-vala-build-using-autotools.html HTTP/1.1" 200 4062 "http://www.google.cz/url?sa=t&rct=j&q=&esrc=s&source=web&cd=11&cts=1331324110367&ved=0CCYQFjAAOAo&url=http%3A%2F%2Fyuvi.in%2Fblog%2Fgsoc-milestones-vala-build-using-autotools.html&ei=yWRaT4yFGZPU4QTsyr2fDw&usg=AFQjCNE_ph2ZaQh9VZWDkNqWQJE2Xc128Q" "Mozilla/5.0 (X11; Linux x86_64) AppleWebKit/535.11 (KHTML, like Gecko) Chrome/17.0.963.78 Safari/535.11"
78.80.253.33 - - [09/Mar/2012:12:16:19 -0800] "GET /blog/static/style.css HTTP/1.1" 200 4753 "http://yuvi.in/blog/gsoc-milestones-vala-build-using-autotools.html" "Mozilla/5.0 (X11; Linux x86_64) AppleWebKit/535.11 (KHTML, like Gecko) Chrome/17.0.963.78 Safari/535.11"
78.80.253.33 - - [09/Mar/2012:12:16:19 -0800] "GET /blog/static/codehilite.css HTTP/1.1" 200 4012 "http://yuvi.in/blog/gsoc-milestones-vala-build-using-autotools.html" "Mozilla/5.0 (X11; Linux x86_64) AppleWebKit/535.11 (KHTML, like Gecko) Chrome/17.0.963.78 Safari/535.11"
78.80.253.33 - - [09/Mar/2012:12:16:21 -0800] "GET /favicon.ico HTTP/1.1" 404 199 "-" "Mozilla/5.0 (X11; Linux x86_64) AppleWebKit/535.11 (KHTML, like Gecko) Chrome/17.0.963.78 Safari/535.11"
78.80.253.33 - - [09/Mar/2012:12:16:38 -0800] "-" 400 0 "-" "-"
85.17.88.169 - - [09/Mar/2012:12:18:05 -0800] "POST /blog/wp-cron.php?doing_wp_cron=1331324217 HTTP/1.0" 499 0 "-" "WordPress/3.3.1; http://yuvi.in/blog"
101.226.33.174 - - [09/Mar/2012:12:18:06 -0800] "GET /blog/feed HTTP/1.0" 304 0 "-" "Mozilla/4.0 (compatible; Windows;)"
66.249.72.238 - - [09/Mar/2012:12:18:14 -0800] "GET /r/1y92 HTTP/1.1" 301 257 "-" "Mozilla/5.0 (compatible; Googlebot/2.1; +http://www.google.com/bot.html)"
66.249.72.238 - - [09/Mar/2012:12:18:15 -0800] "GET /s/ta/1y92/ HTTP/1.1" 302 355 "-" "Mozilla/5.0 (compatible; Googlebot/2.1; +http://www.google.com/bot.html)"
117.193.58.100 - - [09/Mar/2012:12:22:14 -0800] "-" 400 0 "-" "-"
180.76.5.165 - - [09/Mar/2012:12:24:37 -0800] "GET / HTTP/1.1" 200 3439 "-" "Mozilla/5.0 (compatible; Baiduspider/2.0; +http://www.baidu.com/search/spider.html)"
85.17.88.169 - - [09/Mar/2012:12:24:42 -0800] "POST /blog/wp-cron.php?doing_wp_cron=1331324614 HTTP/1.0" 499 0 "-" "WordPress/3.3.1; http://yuvi.in/blog"
209.85.238.236 - - [09/Mar/2012:12:24:43 -0800] "GET /blog/feed HTTP/1.1" 301 0 "-" "Feedfetcher-Google; (+http://www.google.com/feedfetcher.html; 3 subscribers; feed-id=17684830852112633560)"
85.17.88.169 - - [09/Mar/2012:12:24:45 -0800] "POST /blog/wp-cron.php?doing_wp_cron=1331324616 HTTP/1.0" 499 0 "-" "WordPress/3.3.1; http://yuvi.in/blog"
209.85.238.236 - - [09/Mar/2012:12:24:45 -0800] "GET /blog/feed/ HTTP/1.1" 304 0 "-" "Feedfetcher-Google; (+http://www.google.com/feedfetcher.html; 3 subscribers; feed-id=17684830852112633560)"
207.46.204.173 - - [09/Mar/2012:12:25:33 -0800] "-" 400 0 "-" "-"
207.46.204.173 - - [09/Mar/2012:12:25:33 -0800] "-" 400 0 "-" "-"
207.46.204.173 - - [09/Mar/2012:12:25:33 -0800] "-" 400 0 "-" "-"
207.46.204.173 - - [09/Mar/2012:12:25:33 -0800] "-" 400 0 "-" "-"
207.46.204.173 - - [09/Mar/2012:12:25:33 -0800] "-" 400 0 "-" "-"
207.46.204.173 - - [09/Mar/2012:12:25:33 -0800] "-" 400 0 "-" "-"
207.46.204.173 - - [09/Mar/2012:12:25:33 -0800] "-" 400 0 "-" "-"
207.46.204.173 - - [09/Mar/2012:12:25:33 -0800] "-" 400 0 "-" "-"
66.249.72.238 - - [09/Mar/2012:12:25:37 -0800] "GET /r/1wqv HTTP/1.1" 301 257 "-" "Mozilla/5.0 (compatible; Googlebot/2.1; +http://www.google.com/bot.html)"
66.249.72.238 - - [09/Mar/2012:12:25:38 -0800] "GET /s/ta/1wqv/ HTTP/1.1" 302 409 "-" "Mozilla/5.0 (compatible; Googlebot/2.1; +http://www.google.com/bot.html)"
66.249.72.238 - - [09/Mar/2012:12:25:57 -0800] "GET /r/17g5 HTTP/1.1" 301 257 "-" "Mozilla/5.0 (compatible; Googlebot/2.1; +http://www.google.com/bot.html)"
66.249.72.238 - - [09/Mar/2012:12:25:57 -0800] "GET /s/ta/17g5/ HTTP/1.1" 302 515 "-" "Mozilla/5.0 (compatible; Googlebot/2.1; +http://www.google.com/bot.html)"
207.46.204.173 - - [09/Mar/2012:12:26:13 -0800] "-" 400 0 "-" "-"
207.46.204.173 - - [09/Mar/2012:12:26:13 -0800] "-" 400 0 "-" "-"
207.46.204.173 - - [09/Mar/2012:12:26:20 -0800] "-" 400 0 "-" "-"
86.19.251.219 - - [09/Mar/2012:12:28:03 -0800] "GET /r/ht HTTP/1.1" 301 253 "http://ta.wikipedia.org/wiki/%E0%AE%AF%E0%AE%BE%E0%AE%B4%E0%AF%8D%E0%AE%AA%E0%AF%8D%E0%AE%AA%E0%AE%BE%E0%AE%A3%E0%AE%AE%E0%AF%8D_(%E0%AE%A8%E0%AE%95%E0%AE%B0%E0%AE%AE%E0%AF%8D)" "Mozilla/5.0 (Windows NT 6.1; WOW64) AppleWebKit/535.19 (KHTML, like Gecko) Chrome/18.0.1025.45 Safari/535.19"
86.19.251.219 - - [09/Mar/2012:12:28:03 -0800] "GET /s/ta/ht/ HTTP/1.1" 302 469 "http://ta.wikipedia.org/wiki/%E0%AE%AF%E0%AE%BE%E0%AE%B4%E0%AF%8D%E0%AE%AA%E0%AF%8D%E0%AE%AA%E0%AE%BE%E0%AE%A3%E0%AE%AE%E0%AF%8D_(%E0%AE%A8%E0%AE%95%E0%AE%B0%E0%AE%AE%E0%AF%8D)" "Mozilla/5.0 (Windows NT 6.1; WOW64) AppleWebKit/535.19 (KHTML, like Gecko) Chrome/18.0.1025.45 Safari/535.19"
207.46.204.164 - - [09/Mar/2012:12:29:08 -0800] "-" 400 0 "-" "-"
207.46.204.164 - - [09/Mar/2012:12:29:09 -0800] "-" 400 0 "-" "-"
207.46.204.164 - - [09/Mar/2012:12:29:11 -0800] "-" 400 0 "-" "-"
207.46.204.164 - - [09/Mar/2012:12:29:11 -0800] "-" 400 0 "-" "-"
207.46.204.164 - - [09/Mar/2012:12:29:11 -0800] "-" 400 0 "-" "-"
207.46.204.164 - - [09/Mar/2012:12:29:11 -0800] "-" 400 0 "-" "-"
207.46.204.164 - - [09/Mar/2012:12:29:11 -0800] "-" 400 0 "-" "-"
207.46.204.164 - - [09/Mar/2012:12:29:12 -0800] "-" 400 0 "-" "-"
207.46.204.164 - - [09/Mar/2012:12:30:05 -0800] "-" 400 0 "-" "-"
207.46.204.164 - - [09/Mar/2012:12:30:05 -0800] "-" 400 0 "-" "-"
207.46.204.164 - - [09/Mar/2012:12:30:05 -0800] "-" 400 0 "-" "-"
88.72.29.152 - - [09/Mar/2012:12:33:46 -0800] "GET /stories/emacs.html HTTP/1.1" 200 4452 "-" "findlinks/1.1.6-beta1 (+http://wortschatz.uni-leipzig.de/findlinks/)"
66.249.72.238 - - [09/Mar/2012:12:33:46 -0800] "GET /r/ktk HTTP/1.1" 301 255 "-" "Mozilla/5.0 (compatible; Googlebot/2.1; +http://www.google.com/bot.html)"
66.249.72.238 - - [09/Mar/2012:12:33:47 -0800] "GET /s/ta/ktk/ HTTP/1.1" 302 485 "-" "Mozilla/5.0 (compatible; Googlebot/2.1; +http://www.google.com/bot.html)"
67.215.230.27 - - [09/Mar/2012:12:33:48 -0800] "GET /robots.txt HTTP/1.0" 404 169 "-" "Setooz/Nutch-1.2 (http://www.setooz.com)"
67.215.230.27 - - [09/Mar/2012:12:33:48 -0800] "GET / HTTP/1.0" 200 3439 "-" "Setooz/Nutch-1.2 (http://www.setooz.com)"
67.215.230.27 - - [09/Mar/2012:12:33:51 -0800] "GET /robots.txt HTTP/1.0" 404 169 "-" "Setooz/Nutch-1.2 (http://www.setooz.com)"
67.215.230.27 - - [09/Mar/2012:12:33:51 -0800] "GET /stories HTTP/1.0" 301 185 "-" "Setooz/Nutch-1.2 (http://www.setooz.com)"
85.17.88.169 - - [09/Mar/2012:12:37:40 -0800] "POST /blog/wp-cron.php?doing_wp_cron=1331325391 HTTP/1.0" 499 0 "-" "WordPress/3.3.1; http://yuvi.in/blog"
209.85.224.93 - - [09/Mar/2012:12:37:40 -0800] "GET /blog/feed HTTP/1.1" 304 0 "-" "FeedBurner/1.0 (http://www.FeedBurner.com)"
117.193.58.100 - - [09/Mar/2012:12:38:23 -0800] "-" 400 0 "-" "-"
66.249.72.238 - - [09/Mar/2012:12:38:43 -0800] "GET /r/1vz0 HTTP/1.1" 301 257 "-" "Mozilla/5.0 (compatible; Googlebot/2.1; +http://www.google.com/bot.html)"
66.249.72.238 - - [09/Mar/2012:12:38:44 -0800] "GET /s/ta/1vz0/ HTTP/1.1" 302 445 "-" "Mozilla/5.0 (compatible; Googlebot/2.1; +http://www.google.com/bot.html)"
209.85.224.86 - - [09/Mar/2012:12:40:16 -0800] "GET /stories/feed HTTP/1.1" 200 13653 "-" "FeedBurner/1.0 (http://www.FeedBurner.com)"
157.55.112.206 - - [09/Mar/2012:12:40:42 -0800] "-" 400 0 "-" "-"
157.55.112.206 - - [09/Mar/2012:12:40:42 -0800] "-" 400 0 "-" "-"
157.55.112.206 - - [09/Mar/2012:12:40:43 -0800] "-" 400 0 "-" "-"
157.55.112.206 - - [09/Mar/2012:12:40:43 -0800] "-" 400 0 "-" "-"
157.55.112.206 - - [09/Mar/2012:12:40:43 -0800] "-" 400 0 "-" "-"
157.55.112.206 - - [09/Mar/2012:12:40:44 -0800] "-" 400 0 "-" "-"
157.55.112.206 - - [09/Mar/2012:12:40:44 -0800] "-" 400 0 "-" "-"
157.55.112.206 - - [09/Mar/2012:12:40:44 -0800] "-" 400 0 "-" "-"
157.55.112.206 - - [09/Mar/2012:12:41:06 -0800] "-" 400 0 "-" "-"
157.55.112.206 - - [09/Mar/2012:12:41:12 -0800] "-" 400 0 "-" "-"
157.55.112.206 - - [09/Mar/2012:12:41:13 -0800] "-" 400 0 "-" "-"
122.176.131.140 - - [09/Mar/2012:12:41:57 -0800] "GET / HTTP/1.1" 200 1430 "-" "Mozilla/5.0 (X11; Linux x86_64; rv:10.0.2) Gecko/20100101 Firefox/10.0.2"
122.176.131.140 - - [09/Mar/2012:12:41:58 -0800] "GET /blueprint/screen.css HTTP/1.1" 200 12058 "http://yuvi.in/" "Mozilla/5.0 (X11; Linux x86_64; rv:10.0.2) Gecko/20100101 Firefox/10.0.2"
122.176.131.140 - - [09/Mar/2012:12:41:58 -0800] "GET /blueprint/print.css HTTP/1.1" 200 1284 "http://yuvi.in/" "Mozilla/5.0 (X11; Linux x86_64; rv:10.0.2) Gecko/20100101 Firefox/10.0.2"
122.176.131.140 - - [09/Mar/2012:12:41:58 -0800] "GET /header.png HTTP/1.1" 200 14249 "http://yuvi.in/" "Mozilla/5.0 (X11; Linux x86_64; rv:10.0.2) Gecko/20100101 Firefox/10.0.2"
122.176.131.140 - - [09/Mar/2012:12:41:59 -0800] "GET /favicon.ico HTTP/1.1" 404 142 "-" "Mozilla/5.0 (X11; Linux x86_64; rv:10.0.2) Gecko/20100101 Firefox/10.0.2"
122.176.131.140 - - [09/Mar/2012:12:42:00 -0800] "GET /favicon.ico HTTP/1.1" 404 142 "-" "Mozilla/5.0 (X11; Linux x86_64; rv:10.0.2) Gecko/20100101 Firefox/10.0.2"
122.176.131.140 - - [09/Mar/2012:12:42:03 -0800] "-" 400 0 "-" "-"
180.76.5.53 - - [09/Mar/2012:12:49:04 -0800] "GET /blog/new-email-id.html HTTP/1.1" 200 2049 "-" "Mozilla/5.0 (compatible; Baiduspider/2.0; +http://www.baidu.com/search/spider.html)"
66.249.72.238 - - [09/Mar/2012:12:49:28 -0800] "GET /s/ta/2zm4/ HTTP/1.1" 302 497 "-" "Mozilla/5.0 (compatible; Googlebot/2.1; +http://www.google.com/bot.html)"
213.186.127.13 - - [09/Mar/2012:12:50:03 -0800] "GET /stories/carrier-error.html HTTP/1.1" 200 1522 "-" "Mozilla/5.0 (compatible; AhrefsBot/2.0; +http://ahrefs.com/robot/)"
213.186.127.13 - - [09/Mar/2012:12:50:59 -0800] "GET /s/ta/xoh%7CHERE/ HTTP/1.1" 502 173 "-" "Mozilla/5.0 (compatible; AhrefsBot/2.0; +http://ahrefs.com/robot/)"
207.46.204.165 - - [09/Mar/2012:12:57:32 -0800] "-" 400 0 "-" "-"
207.46.204.165 - - [09/Mar/2012:12:57:34 -0800] "-" 400 0 "-" "-"
207.46.204.165 - - [09/Mar/2012:12:57:35 -0800] "-" 400 0 "-" "-"
207.46.204.165 - - [09/Mar/2012:12:57:35 -0800] "-" 400 0 "-" "-"
207.46.204.165 - - [09/Mar/2012:12:57:35 -0800] "-" 400 0 "-" "-"
207.46.204.165 - - [09/Mar/2012:12:57:36 -0800] "-" 400 0 "-" "-"
207.46.204.165 - - [09/Mar/2012:12:57:36 -0800] "-" 400 0 "-" "-"
207.46.204.165 - - [09/Mar/2012:12:57:36 -0800] "-" 400 0 "-" "-"
207.46.204.165 - - [09/Mar/2012:12:57:36 -0800] "-" 400 0 "-" "-"
122.172.254.29 - - [09/Mar/2012:12:57:42 -0800] "-" 400 0 "-" "-"
122.176.131.140 - - [09/Mar/2012:12:57:47 -0800] "GET /blog HTTP/1.1" 301 178 "http://yuvi.in/" "Mozilla/5.0 (X11; Linux x86_64; rv:10.0.2) Gecko/20100101 Firefox/10.0.2"
85.17.88.169 - - [09/Mar/2012:12:57:50 -0800] "POST /blog/wp-cron.php?doing_wp_cron=1331326602 HTTP/1.0" 499 0 "-" "WordPress/3.3.1; http://yuvi.in/blog"
122.176.131.140 - - [09/Mar/2012:12:57:51 -0800] "GET /blog/ HTTP/1.1" 200 9194 "http://yuvi.in/" "Mozilla/5.0 (X11; Linux x86_64; rv:10.0.2) Gecko/20100101 Firefox/10.0.2"
122.176.131.140 - - [09/Mar/2012:12:57:51 -0800] "GET /blog/wp-content/themes/cleanr/style.css HTTP/1.1" 200 10508 "http://yuvi.in/blog/" "Mozilla/5.0 (X11; Linux x86_64; rv:10.0.2) Gecko/20100101 Firefox/10.0.2"
122.176.131.140 - - [09/Mar/2012:12:57:52 -0800] "GET /blog/wp-content/themes/cleanr/js/jquery.dropdown.js?ver=3.3.1 HTTP/1.1" 200 535 "http://yuvi.in/blog/" "Mozilla/5.0 (X11; Linux x86_64; rv:10.0.2) Gecko/20100101 Firefox/10.0.2"
122.176.131.140 - - [09/Mar/2012:12:57:52 -0800] "GET /blog/wp-content/themes/cleanr/css/reset.css HTTP/1.1" 200 648 "http://yuvi.in/blog/wp-content/themes/cleanr/style.css" "Mozilla/5.0 (X11; Linux x86_64; rv:10.0.2) Gecko/20100101 Firefox/10.0.2"
122.176.131.140 - - [09/Mar/2012:12:57:52 -0800] "GET /blog/wp-content/themes/cleanr/css/960.css HTTP/1.1" 200 3628 "http://yuvi.in/blog/wp-content/themes/cleanr/style.css" "Mozilla/5.0 (X11; Linux x86_64; rv:10.0.2) Gecko/20100101 Firefox/10.0.2"
122.176.131.140 - - [09/Mar/2012:12:57:52 -0800] "GET /blog/wp-content/themes/cleanr/css/text.css HTTP/1.1" 200 420 "http://yuvi.in/blog/wp-content/themes/cleanr/style.css" "Mozilla/5.0 (X11; Linux x86_64; rv:10.0.2) Gecko/20100101 Firefox/10.0.2"
122.176.131.140 - - [09/Mar/2012:12:57:53 -0800] "GET /blog/wp-includes/js/jquery/jquery.js?ver=1.7.1 HTTP/1.1" 200 93889 "http://yuvi.in/blog/" "Mozilla/5.0 (X11; Linux x86_64; rv:10.0.2) Gecko/20100101 Firefox/10.0.2"
122.176.131.140 - - [09/Mar/2012:12:57:54 -0800] "GET /blog/wp-content/themes/cleanr/images/search_magnifier.gif HTTP/1.1" 200 394 "http://yuvi.in/blog/" "Mozilla/5.0 (X11; Linux x86_64; rv:10.0.2) Gecko/20100101 Firefox/10.0.2"
122.176.131.140 - - [09/Mar/2012:12:57:57 -0800] "-" 400 0 "-" "-"
207.46.204.165 - - [09/Mar/2012:12:58:33 -0800] "-" 400 0 "-" "-"
207.46.204.165 - - [09/Mar/2012:12:58:33 -0800] "-" 400 0 "-" "-"
85.17.88.169 - - [09/Mar/2012:13:01:07 -0800] "POST /blog/wp-cron.php?doing_wp_cron=1331326798 HTTP/1.0" 499 0 "-" "WordPress/3.3.1; http://yuvi.in/blog"
100.43.83.144 - - [09/Mar/2012:13:01:07 -0800] "GET /blog/category/so-called-it/ HTTP/1.1" 200 12881 "-" "Mozilla/5.0 (compatible; YandexBot/3.0; +http://yandex.com/bots)"
74.125.126.86 - - [09/Mar/2012:13:01:50 -0800] "GET /favicon.ico HTTP/1.1" 404 142 "-" "-"
157.55.112.201 - - [09/Mar/2012:13:02:00 -0800] "-" 400 0 "-" "-"
157.55.112.201 - - [09/Mar/2012:13:02:01 -0800] "-" 400 0 "-" "-"
157.55.112.201 - - [09/Mar/2012:13:02:01 -0800] "-" 400 0 "-" "-"
157.55.112.201 - - [09/Mar/2012:13:02:01 -0800] "-" 400 0 "-" "-"
157.55.112.201 - - [09/Mar/2012:13:02:01 -0800] "-" 400 0 "-" "-"
157.55.112.201 - - [09/Mar/2012:13:02:01 -0800] "-" 400 0 "-" "-"
157.55.112.201 - - [09/Mar/2012:13:02:01 -0800] "-" 400 0 "-" "-"
157.55.112.201 - - [09/Mar/2012:13:02:01 -0800] "-" 400 0 "-" "-"
157.55.112.201 - - [09/Mar/2012:13:02:01 -0800] "-" 400 0 "-" "-"
157.55.112.201 - - [09/Mar/2012:13:02:01 -0800] "-" 400 0 "-" "-"
157.55.112.201 - - [09/Mar/2012:13:02:46 -0800] "-" 400 0 "-" "-"
66.249.72.238 - - [09/Mar/2012:13:05:11 -0800] "GET /s/ta/6qf/ HTTP/1.1" 302 425 "-" "Mozilla/5.0 (compatible; Googlebot/2.1; +http://www.google.com/bot.html)"
122.176.131.140 - - [09/Mar/2012:13:05:41 -0800] "GET /blog/ HTTP/1.1" 200 9194 "http://yuvi.in/" "Mozilla/5.0 (X11; Linux x86_64; rv:10.0.2) Gecko/20100101 Firefox/10.0.2"
122.176.131.140 - - [09/Mar/2012:13:05:42 -0800] "GET /blog/wp-includes/js/jquery/jquery.js?ver=1.7.1 HTTP/1.1" 304 0 "http://yuvi.in/blog/" "Mozilla/5.0 (X11; Linux x86_64; rv:10.0.2) Gecko/20100101 Firefox/10.0.2"
122.176.131.140 - - [09/Mar/2012:13:05:42 -0800] "GET /blog/wp-content/themes/cleanr/js/jquery.dropdown.js?ver=3.3.1 HTTP/1.1" 304 0 "http://yuvi.in/blog/" "Mozilla/5.0 (X11; Linux x86_64; rv:10.0.2) Gecko/20100101 Firefox/10.0.2"
85.17.88.169 - - [09/Mar/2012:13:05:43 -0800] "POST /blog/wp-cron.php?doing_wp_cron=1331327074 HTTP/1.0" 499 0 "-" "WordPress/3.3.1; http://yuvi.in/blog"
208.115.113.84 - - [09/Mar/2012:13:05:43 -0800] "GET /blog/non-ascii-characters-http-headers/ HTTP/1.1" 200 18378 "-" "Mozilla/5.0 (compatible; Ezooms/1.0; ezooms.bot@gmail.com)"
122.176.131.140 - - [09/Mar/2012:13:05:47 -0800] "-" 400 0 "-" "-"
122.176.131.140 - - [09/Mar/2012:13:05:47 -0800] "-" 400 0 "-" "-"
85.17.88.169 - - [09/Mar/2012:13:05:49 -0800] "POST /blog/wp-cron.php?doing_wp_cron=1331327080 HTTP/1.0" 499 0 "-" "WordPress/3.3.1; http://yuvi.in/blog"
208.115.113.84 - - [09/Mar/2012:13:05:50 -0800] "GET /blog/non-ascii-characters-http-headers/feed/ HTTP/1.1" 200 1862 "-" "Mozilla/5.0 (compatible; Ezooms/1.0; ezooms.bot@gmail.com)"
85.17.88.169 - - [09/Mar/2012:13:05:57 -0800] "POST /blog/wp-cron.php?doing_wp_cron=1331327088 HTTP/1.0" 499 0 "-" "WordPress/3.3.1; http://yuvi.in/blog"
208.115.113.84 - - [09/Mar/2012:13:05:58 -0800] "GET /blog/tag/yahoo/ HTTP/1.1" 200 17014 "-" "Mozilla/5.0 (compatible; Ezooms/1.0; ezooms.bot@gmail.com)"
200.150.167.74 - - [09/Mar/2012:13:06:47 -0800] "GET /blog/ HTTP/1.1" 200 33230 "-" "Mozilla/5.0 (compatible; Googlebot/2.1; +http://www.google.com/bot.html)"
85.17.88.169 - - [09/Mar/2012:13:07:47 -0800] "POST /blog/wp-cron.php?doing_wp_cron=1331327199 HTTP/1.0" 499 0 "-" "WordPress/3.3.1; http://yuvi.in/blog"
209.85.224.91 - - [09/Mar/2012:13:07:48 -0800] "GET /blog/feed HTTP/1.1" 304 0 "-" "FeedBurner/1.0 (http://www.FeedBurner.com)"
67.188.133.158 - - [09/Mar/2012:13:10:00 -0800] "GET / HTTP/1.1" 200 1430 "-" "Reeder/1.5.4 CFNetwork/548.1.4 Darwin/11.0.0"
67.188.133.158 - - [09/Mar/2012:13:10:00 -0800] "GET /favicon.ico HTTP/1.1" 404 142 "-" "Reeder/1.5.4 CFNetwork/548.1.4 Darwin/11.0.0"
67.188.133.158 - - [09/Mar/2012:13:10:00 -0800] "GET / HTTP/1.1" 200 1430 "-" "Reeder/1.5.4 CFNetwork/548.1.4 Darwin/11.0.0"
67.188.133.158 - - [09/Mar/2012:13:10:00 -0800] "GET /apple-touch-icon.png HTTP/1.1" 404 142 "-" "Reeder/1.5.4 CFNetwork/548.1.4 Darwin/11.0.0"
67.188.133.158 - - [09/Mar/2012:13:10:00 -0800] "GET /apple-touch-icon-precomposed.png HTTP/1.1" 404 142 "-" "Reeder/1.5.4 CFNetwork/548.1.4 Darwin/11.0.0"
67.188.133.158 - - [09/Mar/2012:13:10:47 -0800] "GET / HTTP/1.1" 200 1430 "-" "Reeder/1.5.4 CFNetwork/548.1.4 Darwin/11.0.0"
67.188.133.158 - - [09/Mar/2012:13:10:47 -0800] "GET /favicon.ico HTTP/1.1" 404 142 "-" "Reeder/1.5.4 CFNetwork/548.1.4 Darwin/11.0.0"
67.188.133.158 - - [09/Mar/2012:13:10:47 -0800] "GET / HTTP/1.1" 200 1430 "-" "Reeder/1.5.4 CFNetwork/548.1.4 Darwin/11.0.0"
67.188.133.158 - - [09/Mar/2012:13:10:47 -0800] "GET /apple-touch-icon.png HTTP/1.1" 404 142 "-" "Reeder/1.5.4 CFNetwork/548.1.4 Darwin/11.0.0"
67.188.133.158 - - [09/Mar/2012:13:10:47 -0800] "GET /apple-touch-icon-precomposed.png HTTP/1.1" 404 142 "-" "Reeder/1.5.4 CFNetwork/548.1.4 Darwin/11.0.0"
