101.63.238.61 - - [31/Mar/2012:08:33:54 -0700] "-" 400 0 "-" "-"
98.180.220.78 - - [31/Mar/2012:08:33:57 -0700] "GET / HTTP/1.1" 200 1430 "-" "Caffeinated/1.1.1 CFNetwork/520.3.2 Darwin/11.3.0 (x86_64) (MacBookPro8%2C1)"
98.180.220.78 - - [31/Mar/2012:08:33:57 -0700] "GET /favicon.ico HTTP/1.1" 404 142 "-" "Caffeinated/1.1.1 CFNetwork/520.3.2 Darwin/11.3.0 (x86_64) (MacBookPro8%2C1)"
69.171.228.249 - - [31/Mar/2012:08:33:59 -0700] "GET /r/3g7 HTTP/1.1" 301 255 "-" "facebookexternalhit/1.1 (+http://www.facebook.com/externalhit_uatext.php)"
69.171.228.245 - - [31/Mar/2012:08:33:59 -0700] "GET /s/ta/3g7/ HTTP/1.1" 302 465 "-" "facebookexternalhit/1.1 (+http://www.facebook.com/externalhit_uatext.php)"
69.171.228.245 - - [31/Mar/2012:08:34:00 -0700] "GET /r/252 HTTP/1.1" 301 255 "-" "facebookexternalhit/1.1 (+http://www.facebook.com/externalhit_uatext.php)"
69.171.228.251 - - [31/Mar/2012:08:34:00 -0700] "GET /s/ta/252/ HTTP/1.1" 302 461 "-" "facebookexternalhit/1.1 (+http://www.facebook.com/externalhit_uatext.php)"
69.171.228.250 - - [31/Mar/2012:08:34:01 -0700] "GET /r/iki HTTP/1.1" 301 255 "-" "facebookexternalhit/1.1 (+http://www.facebook.com/externalhit_uatext.php)"
69.171.228.246 - - [31/Mar/2012:08:34:01 -0700] "GET /s/ta/iki/ HTTP/1.1" 302 589 "-" "facebookexternalhit/1.1 (+http://www.facebook.com/externalhit_uatext.php)"
98.180.220.78 - - [31/Mar/2012:08:34:28 -0700] "GET / HTTP/1.1" 200 1430 "-" "Caffeinated/1.1.1 CFNetwork/520.3.2 Darwin/11.3.0 (x86_64) (MacBookPro8%2C1)"
98.180.220.78 - - [31/Mar/2012:08:34:28 -0700] "GET /favicon.ico HTTP/1.1" 404 142 "-" "Caffeinated/1.1.1 CFNetwork/520.3.2 Darwin/11.3.0 (x86_64) (MacBookPro8%2C1)"
69.171.234.1 - - [31/Mar/2012:08:35:08 -0700] "GET /r/tpn HTTP/1.1" 301 255 "-" "facebookexternalhit/1.1 (+http://www.facebook.com/externalhit_uatext.php)"
69.171.234.5 - - [31/Mar/2012:08:35:09 -0700] "GET /s/ta/tpn/ HTTP/1.1" 302 265 "-" "facebookexternalhit/1.1 (+http://www.facebook.com/externalhit_uatext.php)"
101.63.238.61 - - [31/Mar/2012:08:35:18 -0700] "-" 400 0 "-" "-"
101.63.238.61 - - [31/Mar/2012:08:35:18 -0700] "-" 400 0 "-" "-"
101.63.238.61 - - [31/Mar/2012:08:35:18 -0700] "-" 400 0 "-" "-"
101.63.238.61 - - [31/Mar/2012:08:35:18 -0700] "-" 400 0 "-" "-"
101.63.238.61 - - [31/Mar/2012:08:35:18 -0700] "-" 400 0 "-" "-"
98.180.220.78 - - [31/Mar/2012:08:35:25 -0700] "GET / HTTP/1.1" 200 1430 "-" "Caffeinated/1.1.1 CFNetwork/520.3.2 Darwin/11.3.0 (x86_64) (MacBookPro8%2C1)"
98.180.220.78 - - [31/Mar/2012:08:35:25 -0700] "GET /favicon.ico HTTP/1.1" 404 142 "-" "Caffeinated/1.1.1 CFNetwork/520.3.2 Darwin/11.3.0 (x86_64) (MacBookPro8%2C1)"
14.99.161.16 - - [31/Mar/2012:08:35:36 -0700] "-" 400 0 "-" "-"
98.180.220.78 - - [31/Mar/2012:08:35:52 -0700] "GET / HTTP/1.1" 200 1430 "-" "Caffeinated/1.1.1 CFNetwork/520.3.2 Darwin/11.3.0 (x86_64) (MacBookPro8%2C1)"
98.180.220.78 - - [31/Mar/2012:08:35:53 -0700] "GET /favicon.ico HTTP/1.1" 404 142 "-" "Caffeinated/1.1.1 CFNetwork/520.3.2 Darwin/11.3.0 (x86_64) (MacBookPro8%2C1)"
66.220.146.244 - - [31/Mar/2012:08:36:07 -0700] "GET /r/3g7 HTTP/1.1" 301 255 "-" "facebookexternalhit/1.1 (+http://www.facebook.com/externalhit_uatext.php)"
66.220.146.249 - - [31/Mar/2012:08:36:07 -0700] "GET /s/ta/3g7/ HTTP/1.1" 302 465 "-" "facebookexternalhit/1.1 (+http://www.facebook.com/externalhit_uatext.php)"
98.180.220.78 - - [31/Mar/2012:08:36:51 -0700] "GET / HTTP/1.1" 200 1430 "-" "Caffeinated/1.1.1 CFNetwork/520.3.2 Darwin/11.3.0 (x86_64) (MacBookPro8%2C1)"
98.180.220.78 - - [31/Mar/2012:08:36:51 -0700] "GET /favicon.ico HTTP/1.1" 404 142 "-" "Caffeinated/1.1.1 CFNetwork/520.3.2 Darwin/11.3.0 (x86_64) (MacBookPro8%2C1)"
85.17.88.169 - - [31/Mar/2012:08:37:10 -0700] "POST /blog/wp-cron.php?doing_wp_cron=1333207987 HTTP/1.0" 499 0 "-" "WordPress/3.3.1; http://yuvi.in/blog"
207.46.204.188 - - [31/Mar/2012:08:37:10 -0700] "GET /blog/2009/08/ HTTP/1.1" 200 6295 "-" "Mozilla/5.0 (compatible; bingbot/2.0; +http://www.bing.com/bingbot.htm)"
98.180.220.78 - - [31/Mar/2012:08:37:19 -0700] "GET / HTTP/1.1" 200 1430 "-" "Caffeinated/1.1.1 CFNetwork/520.3.2 Darwin/11.3.0 (x86_64) (MacBookPro8%2C1)"
98.180.220.78 - - [31/Mar/2012:08:37:19 -0700] "GET /favicon.ico HTTP/1.1" 404 142 "-" "Caffeinated/1.1.1 CFNetwork/520.3.2 Darwin/11.3.0 (x86_64) (MacBookPro8%2C1)"
117.193.36.38 - - [31/Mar/2012:08:38:08 -0700] "-" 400 0 "-" "-"
69.171.229.250 - - [31/Mar/2012:08:38:13 -0700] "GET /r/1eg5 HTTP/1.1" 301 257 "-" "facebookexternalhit/1.1 (+http://www.facebook.com/externalhit_uatext.php)"
69.171.229.244 - - [31/Mar/2012:08:38:13 -0700] "GET /s/ta/1eg5/ HTTP/1.1" 302 337 "-" "facebookexternalhit/1.1 (+http://www.facebook.com/externalhit_uatext.php)"
98.180.220.78 - - [31/Mar/2012:08:38:18 -0700] "GET / HTTP/1.1" 200 1430 "-" "Caffeinated/1.1.1 CFNetwork/520.3.2 Darwin/11.3.0 (x86_64) (MacBookPro8%2C1)"
98.180.220.78 - - [31/Mar/2012:08:38:18 -0700] "GET /favicon.ico HTTP/1.1" 404 142 "-" "Caffeinated/1.1.1 CFNetwork/520.3.2 Darwin/11.3.0 (x86_64) (MacBookPro8%2C1)"
101.63.238.61 - - [31/Mar/2012:08:38:38 -0700] "-" 400 0 "-" "-"
98.180.220.78 - - [31/Mar/2012:08:38:45 -0700] "GET / HTTP/1.1" 200 1430 "-" "Caffeinated/1.1.1 CFNetwork/520.3.2 Darwin/11.3.0 (x86_64) (MacBookPro8%2C1)"
98.180.220.78 - - [31/Mar/2012:08:38:45 -0700] "GET /favicon.ico HTTP/1.1" 404 142 "-" "Caffeinated/1.1.1 CFNetwork/520.3.2 Darwin/11.3.0 (x86_64) (MacBookPro8%2C1)"
98.180.220.78 - - [31/Mar/2012:08:39:45 -0700] "GET / HTTP/1.1" 200 1430 "-" "Caffeinated/1.1.1 CFNetwork/520.3.2 Darwin/11.3.0 (x86_64) (MacBookPro8%2C1)"
98.180.220.78 - - [31/Mar/2012:08:39:45 -0700] "GET /favicon.ico HTTP/1.1" 404 142 "-" "Caffeinated/1.1.1 CFNetwork/520.3.2 Darwin/11.3.0 (x86_64) (MacBookPro8%2C1)"
98.180.220.78 - - [31/Mar/2012:08:40:10 -0700] "GET / HTTP/1.1" 200 1430 "-" "Caffeinated/1.1.1 CFNetwork/520.3.2 Darwin/11.3.0 (x86_64) (MacBookPro8%2C1)"
98.180.220.78 - - [31/Mar/2012:08:40:10 -0700] "GET /favicon.ico HTTP/1.1" 404 142 "-" "Caffeinated/1.1.1 CFNetwork/520.3.2 Darwin/11.3.0 (x86_64) (MacBookPro8%2C1)"
117.193.77.248 - - [31/Mar/2012:08:40:23 -0700] "-" 400 0 "-" "-"
14.99.161.16 - - [31/Mar/2012:08:40:45 -0700] "-" 400 0 "-" "-"
121.246.24.220 - - [31/Mar/2012:08:41:02 -0700] "-" 400 0 "-" "-"
98.180.220.78 - - [31/Mar/2012:08:41:10 -0700] "GET / HTTP/1.1" 200 1430 "-" "Caffeinated/1.1.1 CFNetwork/520.3.2 Darwin/11.3.0 (x86_64) (MacBookPro8%2C1)"
98.180.220.78 - - [31/Mar/2012:08:41:10 -0700] "GET /favicon.ico HTTP/1.1" 404 142 "-" "Caffeinated/1.1.1 CFNetwork/520.3.2 Darwin/11.3.0 (x86_64) (MacBookPro8%2C1)"
98.180.220.78 - - [31/Mar/2012:08:41:32 -0700] "GET / HTTP/1.1" 200 1430 "-" "Caffeinated/1.1.1 CFNetwork/520.3.2 Darwin/11.3.0 (x86_64) (MacBookPro8%2C1)"
98.180.220.78 - - [31/Mar/2012:08:41:32 -0700] "GET /favicon.ico HTTP/1.1" 404 142 "-" "Caffeinated/1.1.1 CFNetwork/520.3.2 Darwin/11.3.0 (x86_64) (MacBookPro8%2C1)"
14.99.161.16 - - [31/Mar/2012:08:41:56 -0700] "-" 400 0 "-" "-"
65.52.109.146 - - [31/Mar/2012:08:42:10 -0700] "GET /blog/tag/code.html HTTP/1.1" 200 21723 "-" "Mozilla/5.0 (compatible; bingbot/2.0; +http://www.bing.com/bingbot.htm)"
98.180.220.78 - - [31/Mar/2012:08:42:32 -0700] "GET / HTTP/1.1" 200 1430 "-" "Caffeinated/1.1.1 CFNetwork/520.3.2 Darwin/11.3.0 (x86_64) (MacBookPro8%2C1)"
98.180.220.78 - - [31/Mar/2012:08:42:32 -0700] "GET /favicon.ico HTTP/1.1" 404 142 "-" "Caffeinated/1.1.1 CFNetwork/520.3.2 Darwin/11.3.0 (x86_64) (MacBookPro8%2C1)"
98.180.220.78 - - [31/Mar/2012:08:43:00 -0700] "GET / HTTP/1.1" 200 1430 "-" "Caffeinated/1.1.1 CFNetwork/520.3.2 Darwin/11.3.0 (x86_64) (MacBookPro8%2C1)"
98.180.220.78 - - [31/Mar/2012:08:43:00 -0700] "GET /favicon.ico HTTP/1.1" 404 142 "-" "Caffeinated/1.1.1 CFNetwork/520.3.2 Darwin/11.3.0 (x86_64) (MacBookPro8%2C1)"
98.180.220.78 - - [31/Mar/2012:08:43:58 -0700] "GET / HTTP/1.1" 200 1430 "-" "Caffeinated/1.1.1 CFNetwork/520.3.2 Darwin/11.3.0 (x86_64) (MacBookPro8%2C1)"
98.180.220.78 - - [31/Mar/2012:08:43:58 -0700] "GET /favicon.ico HTTP/1.1" 404 142 "-" "Caffeinated/1.1.1 CFNetwork/520.3.2 Darwin/11.3.0 (x86_64) (MacBookPro8%2C1)"
117.193.27.38 - - [31/Mar/2012:08:44:10 -0700] "-" 400 0 "-" "-"
14.99.161.16 - - [31/Mar/2012:08:44:28 -0700] "-" 400 0 "-" "-"
98.180.220.78 - - [31/Mar/2012:08:44:30 -0700] "GET / HTTP/1.1" 200 1430 "-" "Caffeinated/1.1.1 CFNetwork/520.3.2 Darwin/11.3.0 (x86_64) (MacBookPro8%2C1)"
98.180.220.78 - - [31/Mar/2012:08:44:30 -0700] "GET /favicon.ico HTTP/1.1" 404 142 "-" "Caffeinated/1.1.1 CFNetwork/520.3.2 Darwin/11.3.0 (x86_64) (MacBookPro8%2C1)"
69.63.189.248 - - [31/Mar/2012:08:44:31 -0700] "GET /r/1x7m HTTP/1.1" 301 257 "-" "facebookexternalhit/1.1 (+http://www.facebook.com/externalhit_uatext.php)"
69.63.189.244 - - [31/Mar/2012:08:44:31 -0700] "GET /s/ta/1x7m/ HTTP/1.1" 302 513 "-" "facebookexternalhit/1.1 (+http://www.facebook.com/externalhit_uatext.php)"
98.180.220.78 - - [31/Mar/2012:08:45:29 -0700] "GET / HTTP/1.1" 200 1430 "-" "Caffeinated/1.1.1 CFNetwork/520.3.2 Darwin/11.3.0 (x86_64) (MacBookPro8%2C1)"
98.180.220.78 - - [31/Mar/2012:08:45:29 -0700] "GET /favicon.ico HTTP/1.1" 404 142 "-" "Caffeinated/1.1.1 CFNetwork/520.3.2 Darwin/11.3.0 (x86_64) (MacBookPro8%2C1)"
85.17.88.169 - - [31/Mar/2012:08:45:41 -0700] "POST /blog/wp-cron.php?doing_wp_cron=1333208498 HTTP/1.0" 499 0 "-" "WordPress/3.3.1; http://yuvi.in/blog"
66.249.73.27 - - [31/Mar/2012:08:45:42 -0700] "GET /blog/note-present-future-self-pre-book-travel-tickets/ HTTP/1.1" 200 5527 "-" "Mozilla/5.0 (compatible; Googlebot/2.1; +http://www.google.com/bot.html)"
98.180.220.78 - - [31/Mar/2012:08:45:55 -0700] "GET / HTTP/1.1" 200 1430 "-" "Caffeinated/1.1.1 CFNetwork/520.3.2 Darwin/11.3.0 (x86_64) (MacBookPro8%2C1)"
98.180.220.78 - - [31/Mar/2012:08:45:55 -0700] "GET /favicon.ico HTTP/1.1" 404 142 "-" "Caffeinated/1.1.1 CFNetwork/520.3.2 Darwin/11.3.0 (x86_64) (MacBookPro8%2C1)"
117.193.138.145 - - [31/Mar/2012:08:46:10 -0700] "-" 400 0 "-" "-"
117.193.138.145 - - [31/Mar/2012:08:46:10 -0700] "-" 400 0 "-" "-"
117.193.138.145 - - [31/Mar/2012:08:46:10 -0700] "-" 400 0 "-" "-"
117.193.138.145 - - [31/Mar/2012:08:46:10 -0700] "-" 400 0 "-" "-"
117.193.138.145 - - [31/Mar/2012:08:46:10 -0700] "-" 400 0 "-" "-"
117.193.138.145 - - [31/Mar/2012:08:46:30 -0700] "-" 400 0 "-" "-"
117.193.138.145 - - [31/Mar/2012:08:46:30 -0700] "-" 400 0 "-" "-"
117.193.138.145 - - [31/Mar/2012:08:46:30 -0700] "-" 400 0 "-" "-"
117.193.138.145 - - [31/Mar/2012:08:46:30 -0700] "-" 400 0 "-" "-"
117.193.138.145 - - [31/Mar/2012:08:46:30 -0700] "-" 400 0 "-" "-"
69.171.242.246 - - [31/Mar/2012:08:46:45 -0700] "GET /r/1x7m HTTP/1.1" 301 257 "-" "facebookexternalhit/1.1 (+http://www.facebook.com/externalhit_uatext.php)"
69.171.242.251 - - [31/Mar/2012:08:46:45 -0700] "GET /s/ta/1x7m/ HTTP/1.1" 302 513 "-" "facebookexternalhit/1.1 (+http://www.facebook.com/externalhit_uatext.php)"
98.180.220.78 - - [31/Mar/2012:08:46:55 -0700] "GET / HTTP/1.1" 200 1430 "-" "Caffeinated/1.1.1 CFNetwork/520.3.2 Darwin/11.3.0 (x86_64) (MacBookPro8%2C1)"
98.180.220.78 - - [31/Mar/2012:08:46:55 -0700] "GET /favicon.ico HTTP/1.1" 404 142 "-" "Caffeinated/1.1.1 CFNetwork/520.3.2 Darwin/11.3.0 (x86_64) (MacBookPro8%2C1)"
98.180.220.78 - - [31/Mar/2012:08:47:21 -0700] "GET / HTTP/1.1" 200 1430 "-" "Caffeinated/1.1.1 CFNetwork/520.3.2 Darwin/11.3.0 (x86_64) (MacBookPro8%2C1)"
98.180.220.78 - - [31/Mar/2012:08:47:21 -0700] "GET /favicon.ico HTTP/1.1" 404 142 "-" "Caffeinated/1.1.1 CFNetwork/520.3.2 Darwin/11.3.0 (x86_64) (MacBookPro8%2C1)"
66.220.146.251 - - [31/Mar/2012:08:47:33 -0700] "GET /r/1hea HTTP/1.1" 301 257 "-" "facebookexternalhit/1.1 (+http://www.facebook.com/externalhit_uatext.php)"
66.220.146.247 - - [31/Mar/2012:08:47:33 -0700] "GET /s/ta/1hea/ HTTP/1.1" 302 437 "-" "facebookexternalhit/1.1 (+http://www.facebook.com/externalhit_uatext.php)"
117.193.138.145 - - [31/Mar/2012:08:47:40 -0700] "-" 400 0 "-" "-"
85.17.88.169 - - [31/Mar/2012:08:47:56 -0700] "POST /blog/wp-cron.php?doing_wp_cron=1333208633 HTTP/1.0" 499 0 "-" "WordPress/3.3.1; http://yuvi.in/blog"
100.43.83.144 - - [31/Mar/2012:08:47:56 -0700] "GET /blog/tag/sick/ HTTP/1.1" 200 4047 "-" "Mozilla/5.0 (compatible; YandexBot/3.0; +http://yandex.com/bots)"
117.193.36.74 - - [31/Mar/2012:08:48:01 -0700] "-" 400 0 "-" "-"
14.99.161.16 - - [31/Mar/2012:08:48:07 -0700] "-" 400 0 "-" "-"
117.193.138.145 - - [31/Mar/2012:08:48:10 -0700] "-" 400 0 "-" "-"
117.193.138.145 - - [31/Mar/2012:08:48:10 -0700] "-" 400 0 "-" "-"
117.193.138.145 - - [31/Mar/2012:08:48:10 -0700] "-" 400 0 "-" "-"
117.193.138.145 - - [31/Mar/2012:08:48:13 -0700] "-" 400 0 "-" "-"
117.193.138.145 - - [31/Mar/2012:08:48:13 -0700] "-" 400 0 "-" "-"
98.180.220.78 - - [31/Mar/2012:08:48:20 -0700] "GET / HTTP/1.1" 200 1430 "-" "Caffeinated/1.1.1 CFNetwork/520.3.2 Darwin/11.3.0 (x86_64) (MacBookPro8%2C1)"
98.180.220.78 - - [31/Mar/2012:08:48:20 -0700] "GET /favicon.ico HTTP/1.1" 404 142 "-" "Caffeinated/1.1.1 CFNetwork/520.3.2 Darwin/11.3.0 (x86_64) (MacBookPro8%2C1)"
67.215.230.27 - - [31/Mar/2012:08:48:21 -0700] "GET /robots.txt HTTP/1.0" 404 169 "-" "Setooz/Nutch-1.2 (http://www.setooz.com)"
67.215.230.27 - - [31/Mar/2012:08:48:21 -0700] "GET /stories HTTP/1.0" 301 185 "-" "Setooz/Nutch-1.2 (http://www.setooz.com)"
67.215.230.26 - - [31/Mar/2012:08:48:23 -0700] "GET /robots.txt HTTP/1.0" 404 169 "-" "Setooz/Nutch-1.2 (http://www.setooz.com)"
67.215.230.26 - - [31/Mar/2012:08:48:23 -0700] "GET / HTTP/1.0" 200 3439 "-" "Setooz/Nutch-1.2 (http://www.setooz.com)"
141.0.10.21 - - [31/Mar/2012:08:48:29 -0700] "-" 400 0 "-" "-"
117.193.138.145 - - [31/Mar/2012:08:48:30 -0700] "-" 400 0 "-" "-"
98.180.220.78 - - [31/Mar/2012:08:48:47 -0700] "GET / HTTP/1.1" 200 1430 "-" "Caffeinated/1.1.1 CFNetwork/520.3.2 Darwin/11.3.0 (x86_64) (MacBookPro8%2C1)"
98.180.220.78 - - [31/Mar/2012:08:48:47 -0700] "GET /favicon.ico HTTP/1.1" 404 142 "-" "Caffeinated/1.1.1 CFNetwork/520.3.2 Darwin/11.3.0 (x86_64) (MacBookPro8%2C1)"
101.63.210.6 - - [31/Mar/2012:08:49:31 -0700] "-" 400 0 "-" "-"
98.180.220.78 - - [31/Mar/2012:08:49:45 -0700] "GET / HTTP/1.1" 200 1430 "-" "Caffeinated/1.1.1 CFNetwork/520.3.2 Darwin/11.3.0 (x86_64) (MacBookPro8%2C1)"
98.180.220.78 - - [31/Mar/2012:08:49:45 -0700] "GET /favicon.ico HTTP/1.1" 404 142 "-" "Caffeinated/1.1.1 CFNetwork/520.3.2 Darwin/11.3.0 (x86_64) (MacBookPro8%2C1)"
117.193.138.145 - - [31/Mar/2012:08:49:50 -0700] "-" 400 0 "-" "-"
117.193.138.145 - - [31/Mar/2012:08:49:50 -0700] "-" 400 0 "-" "-"
117.193.138.145 - - [31/Mar/2012:08:49:50 -0700] "-" 400 0 "-" "-"
117.193.138.145 - - [31/Mar/2012:08:49:50 -0700] "-" 400 0 "-" "-"
117.193.138.145 - - [31/Mar/2012:08:50:10 -0700] "-" 400 0 "-" "-"
117.193.138.145 - - [31/Mar/2012:08:50:10 -0700] "-" 400 0 "-" "-"
117.193.138.145 - - [31/Mar/2012:08:50:10 -0700] "-" 400 0 "-" "-"
117.193.138.145 - - [31/Mar/2012:08:50:10 -0700] "-" 400 0 "-" "-"
98.180.220.78 - - [31/Mar/2012:08:50:13 -0700] "GET / HTTP/1.1" 200 1430 "-" "Caffeinated/1.1.1 CFNetwork/520.3.2 Darwin/11.3.0 (x86_64) (MacBookPro8%2C1)"
98.180.220.78 - - [31/Mar/2012:08:50:13 -0700] "GET /favicon.ico HTTP/1.1" 404 142 "-" "Caffeinated/1.1.1 CFNetwork/520.3.2 Darwin/11.3.0 (x86_64) (MacBookPro8%2C1)"
117.193.138.145 - - [31/Mar/2012:08:50:30 -0700] "-" 400 0 "-" "-"
117.193.138.145 - - [31/Mar/2012:08:50:30 -0700] "-" 400 0 "-" "-"
117.193.138.145 - - [31/Mar/2012:08:50:30 -0700] "-" 400 0 "-" "-"
69.171.229.248 - - [31/Mar/2012:08:50:44 -0700] "GET /r/1x7m HTTP/1.1" 301 257 "-" "facebookexternalhit/1.1 (+http://www.facebook.com/externalhit_uatext.php)"
69.171.229.249 - - [31/Mar/2012:08:50:44 -0700] "GET /s/ta/1x7m/ HTTP/1.1" 302 513 "-" "facebookexternalhit/1.1 (+http://www.facebook.com/externalhit_uatext.php)"
101.63.210.6 - - [31/Mar/2012:08:51:11 -0700] "-" 400 0 "-" "-"
101.63.210.6 - - [31/Mar/2012:08:51:11 -0700] "-" 400 0 "-" "-"
101.63.210.6 - - [31/Mar/2012:08:51:11 -0700] "-" 400 0 "-" "-"
101.63.210.6 - - [31/Mar/2012:08:51:11 -0700] "-" 400 0 "-" "-"
98.180.220.78 - - [31/Mar/2012:08:51:12 -0700] "GET / HTTP/1.1" 200 1430 "-" "Caffeinated/1.1.1 CFNetwork/520.3.2 Darwin/11.3.0 (x86_64) (MacBookPro8%2C1)"
101.63.210.6 - - [31/Mar/2012:08:51:12 -0700] "-" 400 0 "-" "-"
101.63.210.6 - - [31/Mar/2012:08:51:12 -0700] "-" 400 0 "-" "-"
98.180.220.78 - - [31/Mar/2012:08:51:12 -0700] "GET /favicon.ico HTTP/1.1" 404 142 "-" "Caffeinated/1.1.1 CFNetwork/520.3.2 Darwin/11.3.0 (x86_64) (MacBookPro8%2C1)"
98.180.220.78 - - [31/Mar/2012:08:51:37 -0700] "GET / HTTP/1.1" 200 1430 "-" "Caffeinated/1.1.1 CFNetwork/520.3.2 Darwin/11.3.0 (x86_64) (MacBookPro8%2C1)"
98.180.220.78 - - [31/Mar/2012:08:51:37 -0700] "GET /favicon.ico HTTP/1.1" 404 142 "-" "Caffeinated/1.1.1 CFNetwork/520.3.2 Darwin/11.3.0 (x86_64) (MacBookPro8%2C1)"
98.180.220.78 - - [31/Mar/2012:08:52:36 -0700] "GET / HTTP/1.1" 200 1430 "-" "Caffeinated/1.1.1 CFNetwork/520.3.2 Darwin/11.3.0 (x86_64) (MacBookPro8%2C1)"
98.180.220.78 - - [31/Mar/2012:08:52:36 -0700] "GET /favicon.ico HTTP/1.1" 404 142 "-" "Caffeinated/1.1.1 CFNetwork/520.3.2 Darwin/11.3.0 (x86_64) (MacBookPro8%2C1)"
98.180.220.78 - - [31/Mar/2012:08:53:05 -0700] "GET / HTTP/1.1" 200 1430 "-" "Caffeinated/1.1.1 CFNetwork/520.3.2 Darwin/11.3.0 (x86_64) (MacBookPro8%2C1)"
98.180.220.78 - - [31/Mar/2012:08:53:05 -0700] "GET /favicon.ico HTTP/1.1" 404 142 "-" "Caffeinated/1.1.1 CFNetwork/520.3.2 Darwin/11.3.0 (x86_64) (MacBookPro8%2C1)"
69.171.247.4 - - [31/Mar/2012:08:53:19 -0700] "GET /r/1x7m HTTP/1.1" 301 257 "-" "facebookexternalhit/1.1 (+http://www.facebook.com/externalhit_uatext.php)"
69.171.247.3 - - [31/Mar/2012:08:53:19 -0700] "GET /s/ta/1x7m/ HTTP/1.1" 302 513 "-" "facebookexternalhit/1.1 (+http://www.facebook.com/externalhit_uatext.php)"
85.17.88.169 - - [31/Mar/2012:08:53:39 -0700] "POST /blog/wp-cron.php?doing_wp_cron=1333208976 HTTP/1.0" 499 0 "-" "WordPress/3.3.1; http://yuvi.in/blog"
209.85.224.97 - - [31/Mar/2012:08:53:40 -0700] "GET /blog/feed HTTP/1.1" 304 0 "-" "FeedBurner/1.0 (http://www.FeedBurner.com)"
94.23.42.135 - - [31/Mar/2012:08:53:45 -0700] "GET /robots.txt HTTP/1.0" 404 169 "-" "Mozilla/5.0 (compatible; MJ12bot/v1.4.2; http://www.majestic12.co.uk/bot.php?+)"
94.23.42.135 - - [31/Mar/2012:08:53:49 -0700] "GET /blog/devlog-april-2011.html HTTP/1.0" 200 12560 "-" "Mozilla/5.0 (compatible; MJ12bot/v1.4.2; http://www.majestic12.co.uk/bot.php?+)"
98.180.220.78 - - [31/Mar/2012:08:54:04 -0700] "GET / HTTP/1.1" 200 1430 "-" "Caffeinated/1.1.1 CFNetwork/520.3.2 Darwin/11.3.0 (x86_64) (MacBookPro8%2C1)"
98.180.220.78 - - [31/Mar/2012:08:54:04 -0700] "GET /favicon.ico HTTP/1.1" 404 142 "-" "Caffeinated/1.1.1 CFNetwork/520.3.2 Darwin/11.3.0 (x86_64) (MacBookPro8%2C1)"
98.180.220.78 - - [31/Mar/2012:08:54:37 -0700] "GET / HTTP/1.1" 200 1430 "-" "Caffeinated/1.1.1 CFNetwork/520.3.2 Darwin/11.3.0 (x86_64) (MacBookPro8%2C1)"
98.180.220.78 - - [31/Mar/2012:08:54:38 -0700] "GET /favicon.ico HTTP/1.1" 404 142 "-" "Caffeinated/1.1.1 CFNetwork/520.3.2 Darwin/11.3.0 (x86_64) (MacBookPro8%2C1)"
74.125.126.90 - - [31/Mar/2012:08:54:43 -0700] "GET /r/33y0 HTTP/1.1" 301 257 "-" "Mozilla/5.0 (en-us) AppleWebKit/534.14 (KHTML, like Gecko; Google Wireless Transcoder) Chrome/9.0.597 Safari/534.14"
74.125.126.94 - - [31/Mar/2012:08:54:43 -0700] "GET /s/ta/33y0/ HTTP/1.1" 302 609 "-" "Mozilla/5.0 (en-us) AppleWebKit/534.14 (KHTML, like Gecko; Google Wireless Transcoder) Chrome/9.0.597 Safari/534.14"
98.180.220.78 - - [31/Mar/2012:08:55:35 -0700] "GET / HTTP/1.1" 200 1430 "-" "Caffeinated/1.1.1 CFNetwork/520.3.2 Darwin/11.3.0 (x86_64) (MacBookPro8%2C1)"
98.180.220.78 - - [31/Mar/2012:08:55:35 -0700] "GET /favicon.ico HTTP/1.1" 404 142 "-" "Caffeinated/1.1.1 CFNetwork/520.3.2 Darwin/11.3.0 (x86_64) (MacBookPro8%2C1)"
98.180.220.78 - - [31/Mar/2012:08:56:09 -0700] "GET / HTTP/1.1" 200 1430 "-" "Caffeinated/1.1.1 CFNetwork/520.3.2 Darwin/11.3.0 (x86_64) (MacBookPro8%2C1)"
98.180.220.78 - - [31/Mar/2012:08:56:09 -0700] "GET /favicon.ico HTTP/1.1" 404 142 "-" "Caffeinated/1.1.1 CFNetwork/520.3.2 Darwin/11.3.0 (x86_64) (MacBookPro8%2C1)"
117.230.96.46 - - [31/Mar/2012:08:56:24 -0700] "-" 400 0 "-" "-"
117.230.96.46 - - [31/Mar/2012:08:56:25 -0700] "-" 400 0 "-" "-"
117.230.96.46 - - [31/Mar/2012:08:56:25 -0700] "-" 400 0 "-" "-"
117.230.96.46 - - [31/Mar/2012:08:56:25 -0700] "-" 400 0 "-" "-"
117.230.96.46 - - [31/Mar/2012:08:56:25 -0700] "-" 400 0 "-" "-"
98.180.220.78 - - [31/Mar/2012:08:57:10 -0700] "GET / HTTP/1.1" 200 1430 "-" "Caffeinated/1.1.1 CFNetwork/520.3.2 Darwin/11.3.0 (x86_64) (MacBookPro8%2C1)"
98.180.220.78 - - [31/Mar/2012:08:57:10 -0700] "GET /favicon.ico HTTP/1.1" 404 142 "-" "Caffeinated/1.1.1 CFNetwork/520.3.2 Darwin/11.3.0 (x86_64) (MacBookPro8%2C1)"
59.164.50.211 - - [31/Mar/2012:08:57:39 -0700] "GET /where.html HTTP/1.1" 200 98 "-" "Mozilla/5.0 (Windows NT 6.1; WOW64) AppleWebKit/535.19 (KHTML, like Gecko) Chrome/18.0.1025.142 Safari/535.19"
59.164.50.211 - - [31/Mar/2012:08:57:40 -0700] "GET /favicon.ico HTTP/1.1" 404 199 "-" "Mozilla/5.0 (Windows NT 6.1; WOW64) AppleWebKit/535.19 (KHTML, like Gecko) Chrome/18.0.1025.142 Safari/535.19"
98.180.220.78 - - [31/Mar/2012:08:57:44 -0700] "GET / HTTP/1.1" 200 1430 "-" "Caffeinated/1.1.1 CFNetwork/520.3.2 Darwin/11.3.0 (x86_64) (MacBookPro8%2C1)"
98.180.220.78 - - [31/Mar/2012:08:57:44 -0700] "GET /favicon.ico HTTP/1.1" 404 142 "-" "Caffeinated/1.1.1 CFNetwork/520.3.2 Darwin/11.3.0 (x86_64) (MacBookPro8%2C1)"
117.199.140.147 - - [31/Mar/2012:08:58:27 -0700] "-" 400 0 "-" "-"
98.180.220.78 - - [31/Mar/2012:08:58:39 -0700] "GET / HTTP/1.1" 200 1430 "-" "Caffeinated/1.1.1 CFNetwork/520.3.2 Darwin/11.3.0 (x86_64) (MacBookPro8%2C1)"
98.180.220.78 - - [31/Mar/2012:08:58:39 -0700] "GET /favicon.ico HTTP/1.1" 404 142 "-" "Caffeinated/1.1.1 CFNetwork/520.3.2 Darwin/11.3.0 (x86_64) (MacBookPro8%2C1)"
98.180.220.78 - - [31/Mar/2012:08:59:06 -0700] "GET / HTTP/1.1" 200 1430 "-" "Caffeinated/1.1.1 CFNetwork/520.3.2 Darwin/11.3.0 (x86_64) (MacBookPro8%2C1)"
98.180.220.78 - - [31/Mar/2012:08:59:06 -0700] "GET /favicon.ico HTTP/1.1" 404 142 "-" "Caffeinated/1.1.1 CFNetwork/520.3.2 Darwin/11.3.0 (x86_64) (MacBookPro8%2C1)"
117.199.140.147 - - [31/Mar/2012:08:59:47 -0700] "-" 400 0 "-" "-"
98.180.220.78 - - [31/Mar/2012:09:00:06 -0700] "GET / HTTP/1.1" 200 1430 "-" "Caffeinated/1.1.1 CFNetwork/520.3.2 Darwin/11.3.0 (x86_64) (MacBookPro8%2C1)"
98.180.220.78 - - [31/Mar/2012:09:00:06 -0700] "GET /favicon.ico HTTP/1.1" 404 142 "-" "Caffeinated/1.1.1 CFNetwork/520.3.2 Darwin/11.3.0 (x86_64) (MacBookPro8%2C1)"
98.180.220.78 - - [31/Mar/2012:09:00:48 -0700] "GET / HTTP/1.1" 200 1430 "-" "Caffeinated/1.1.1 CFNetwork/520.3.2 Darwin/11.3.0 (x86_64) (MacBookPro8%2C1)"
98.180.220.78 - - [31/Mar/2012:09:00:48 -0700] "GET /favicon.ico HTTP/1.1" 404 142 "-" "Caffeinated/1.1.1 CFNetwork/520.3.2 Darwin/11.3.0 (x86_64) (MacBookPro8%2C1)"
223.234.11.207 - - [31/Mar/2012:09:01:01 -0700] "-" 400 0 "-" "-"
66.220.147.250 - - [31/Mar/2012:09:01:04 -0700] "GET /r/252 HTTP/1.1" 301 255 "-" "facebookexternalhit/1.1 (+http://www.facebook.com/externalhit_uatext.php)"
66.220.147.249 - - [31/Mar/2012:09:01:04 -0700] "GET /s/ta/252/ HTTP/1.1" 302 461 "-" "facebookexternalhit/1.1 (+http://www.facebook.com/externalhit_uatext.php)"
74.125.126.100 - - [31/Mar/2012:09:01:14 -0700] "GET /r/33y0 HTTP/1.1" 301 257 "-" "Mozilla/5.0 (en-us) AppleWebKit/534.14 (KHTML, like Gecko; Google Wireless Transcoder) Chrome/9.0.597 Safari/534.14"
74.125.126.98 - - [31/Mar/2012:09:01:14 -0700] "GET /s/ta/33y0/ HTTP/1.1" 302 609 "-" "Mozilla/5.0 (en-us) AppleWebKit/534.14 (KHTML, like Gecko; Google Wireless Transcoder) Chrome/9.0.597 Safari/534.14"
98.180.220.78 - - [31/Mar/2012:09:01:33 -0700] "GET / HTTP/1.1" 200 1430 "-" "Caffeinated/1.1.1 CFNetwork/520.3.2 Darwin/11.3.0 (x86_64) (MacBookPro8%2C1)"
98.180.220.78 - - [31/Mar/2012:09:01:33 -0700] "GET /favicon.ico HTTP/1.1" 404 142 "-" "Caffeinated/1.1.1 CFNetwork/520.3.2 Darwin/11.3.0 (x86_64) (MacBookPro8%2C1)"
98.180.220.78 - - [31/Mar/2012:09:02:14 -0700] "GET / HTTP/1.1" 200 1430 "-" "Caffeinated/1.1.1 CFNetwork/520.3.2 Darwin/11.3.0 (x86_64) (MacBookPro8%2C1)"
98.180.220.78 - - [31/Mar/2012:09:02:14 -0700] "GET /favicon.ico HTTP/1.1" 404 142 "-" "Caffeinated/1.1.1 CFNetwork/520.3.2 Darwin/11.3.0 (x86_64) (MacBookPro8%2C1)"
208.115.113.84 - - [31/Mar/2012:09:02:20 -0700] "GET /robots.txt HTTP/1.1" 404 169 "-" "Mozilla/5.0 (compatible; Ezooms/1.0; ezooms.bot@gmail.com)"
85.17.88.169 - - [31/Mar/2012:09:02:49 -0700] "POST /blog/wp-cron.php?doing_wp_cron=1333209526 HTTP/1.0" 499 0 "-" "WordPress/3.3.1; http://yuvi.in/blog"
208.115.111.68 - - [31/Mar/2012:09:02:49 -0700] "GET /blog/devlog-december-26-2011/ HTTP/1.1" 200 16614 "-" "Mozilla/5.0 (compatible; Ezooms/1.0; ezooms.bot@gmail.com)"
66.249.73.27 - - [31/Mar/2012:09:02:51 -0700] "GET /blog/enthusiastic-teachers-and-naive-implementation-of-gauss-seidel-approximations.html HTTP/1.1" 200 2928 "-" "Mozilla/5.0 (compatible; Googlebot/2.1; +http://www.google.com/bot.html)"
98.180.220.78 - - [31/Mar/2012:09:03:00 -0700] "GET / HTTP/1.1" 200 1430 "-" "Caffeinated/1.1.1 CFNetwork/520.3.2 Darwin/11.3.0 (x86_64) (MacBookPro8%2C1)"
98.180.220.78 - - [31/Mar/2012:09:03:00 -0700] "GET /favicon.ico HTTP/1.1" 404 142 "-" "Caffeinated/1.1.1 CFNetwork/520.3.2 Darwin/11.3.0 (x86_64) (MacBookPro8%2C1)"
98.180.220.78 - - [31/Mar/2012:09:03:47 -0700] "GET / HTTP/1.1" 200 1430 "-" "Caffeinated/1.1.1 CFNetwork/520.3.2 Darwin/11.3.0 (x86_64) (MacBookPro8%2C1)"
98.180.220.78 - - [31/Mar/2012:09:03:47 -0700] "GET /favicon.ico HTTP/1.1" 404 142 "-" "Caffeinated/1.1.1 CFNetwork/520.3.2 Darwin/11.3.0 (x86_64) (MacBookPro8%2C1)"
117.193.113.208 - - [31/Mar/2012:09:03:52 -0700] "-" 400 0 "-" "-"
117.193.113.208 - - [31/Mar/2012:09:03:52 -0700] "-" 400 0 "-" "-"
117.193.113.208 - - [31/Mar/2012:09:03:52 -0700] "-" 400 0 "-" "-"
117.193.113.208 - - [31/Mar/2012:09:03:53 -0700] "-" 400 0 "-" "-"
117.193.113.208 - - [31/Mar/2012:09:03:53 -0700] "-" 400 0 "-" "-"
157.55.112.208 - - [31/Mar/2012:09:04:20 -0700] "-" 400 0 "-" "-"
157.55.112.208 - - [31/Mar/2012:09:04:20 -0700] "-" 400 0 "-" "-"
157.55.112.208 - - [31/Mar/2012:09:04:21 -0700] "-" 400 0 "-" "-"
157.55.112.208 - - [31/Mar/2012:09:04:21 -0700] "-" 400 0 "-" "-"
157.55.112.208 - - [31/Mar/2012:09:04:21 -0700] "-" 400 0 "-" "-"
157.55.112.208 - - [31/Mar/2012:09:04:22 -0700] "-" 400 0 "-" "-"
157.55.112.208 - - [31/Mar/2012:09:04:22 -0700] "-" 400 0 "-" "-"
157.55.112.208 - - [31/Mar/2012:09:04:22 -0700] "-" 400 0 "-" "-"
157.55.112.208 - - [31/Mar/2012:09:04:22 -0700] "-" 400 0 "-" "-"
207.46.204.165 - - [31/Mar/2012:09:04:42 -0700] "-" 400 0 "-" "-"
207.46.204.165 - - [31/Mar/2012:09:04:42 -0700] "-" 400 0 "-" "-"
207.46.204.165 - - [31/Mar/2012:09:04:42 -0700] "-" 400 0 "-" "-"
207.46.204.165 - - [31/Mar/2012:09:04:43 -0700] "-" 400 0 "-" "-"
207.46.204.165 - - [31/Mar/2012:09:04:43 -0700] "-" 400 0 "-" "-"
207.46.204.165 - - [31/Mar/2012:09:04:44 -0700] "-" 400 0 "-" "-"
207.46.204.165 - - [31/Mar/2012:09:04:45 -0700] "-" 400 0 "-" "-"
207.46.204.165 - - [31/Mar/2012:09:04:45 -0700] "-" 400 0 "-" "-"
207.46.204.165 - - [31/Mar/2012:09:04:45 -0700] "-" 400 0 "-" "-"
207.46.204.165 - - [31/Mar/2012:09:04:45 -0700] "-" 400 0 "-" "-"
98.180.220.78 - - [31/Mar/2012:09:04:46 -0700] "GET / HTTP/1.1" 200 1430 "-" "Caffeinated/1.1.1 CFNetwork/520.3.2 Darwin/11.3.0 (x86_64) (MacBookPro8%2C1)"
98.180.220.78 - - [31/Mar/2012:09:04:46 -0700] "GET /favicon.ico HTTP/1.1" 404 142 "-" "Caffeinated/1.1.1 CFNetwork/520.3.2 Darwin/11.3.0 (x86_64) (MacBookPro8%2C1)"
157.55.112.208 - - [31/Mar/2012:09:04:59 -0700] "-" 400 0 "-" "-"
157.55.112.208 - - [31/Mar/2012:09:04:59 -0700] "-" 400 0 "-" "-"
69.171.242.245 - - [31/Mar/2012:09:05:17 -0700] "GET /r/1x7m HTTP/1.1" 301 257 "-" "facebookexternalhit/1.1 (+http://www.facebook.com/externalhit_uatext.php)"
69.171.242.251 - - [31/Mar/2012:09:05:17 -0700] "GET /s/ta/1x7m/ HTTP/1.1" 302 513 "-" "facebookexternalhit/1.1 (+http://www.facebook.com/externalhit_uatext.php)"
223.234.11.207 - - [31/Mar/2012:09:05:21 -0700] "-" 400 0 "-" "-"
98.180.220.78 - - [31/Mar/2012:09:05:21 -0700] "GET / HTTP/1.1" 200 1430 "-" "Caffeinated/1.1.1 CFNetwork/520.3.2 Darwin/11.3.0 (x86_64) (MacBookPro8%2C1)"
98.180.220.78 - - [31/Mar/2012:09:05:21 -0700] "GET /favicon.ico HTTP/1.1" 404 142 "-" "Caffeinated/1.1.1 CFNetwork/520.3.2 Darwin/11.3.0 (x86_64) (MacBookPro8%2C1)"
98.180.220.78 - - [31/Mar/2012:09:06:20 -0700] "GET / HTTP/1.1" 200 1430 "-" "Caffeinated/1.1.1 CFNetwork/520.3.2 Darwin/11.3.0 (x86_64) (MacBookPro8%2C1)"
98.180.220.78 - - [31/Mar/2012:09:06:20 -0700] "GET /favicon.ico HTTP/1.1" 404 142 "-" "Caffeinated/1.1.1 CFNetwork/520.3.2 Darwin/11.3.0 (x86_64) (MacBookPro8%2C1)"
98.180.220.78 - - [31/Mar/2012:09:06:49 -0700] "GET / HTTP/1.1" 200 1430 "-" "Caffeinated/1.1.1 CFNetwork/520.3.2 Darwin/11.3.0 (x86_64) (MacBookPro8%2C1)"
98.180.220.78 - - [31/Mar/2012:09:06:49 -0700] "GET /favicon.ico HTTP/1.1" 404 142 "-" "Caffeinated/1.1.1 CFNetwork/520.3.2 Darwin/11.3.0 (x86_64) (MacBookPro8%2C1)"
117.193.113.208 - - [31/Mar/2012:09:07:22 -0700] "-" 400 0 "-" "-"
117.193.113.208 - - [31/Mar/2012:09:07:22 -0700] "-" 400 0 "-" "-"
117.193.113.208 - - [31/Mar/2012:09:07:23 -0700] "-" 400 0 "-" "-"
117.193.113.208 - - [31/Mar/2012:09:07:23 -0700] "-" 400 0 "-" "-"
98.180.220.78 - - [31/Mar/2012:09:07:48 -0700] "GET / HTTP/1.1" 200 1430 "-" "Caffeinated/1.1.1 CFNetwork/520.3.2 Darwin/11.3.0 (x86_64) (MacBookPro8%2C1)"
98.180.220.78 - - [31/Mar/2012:09:07:48 -0700] "GET /favicon.ico HTTP/1.1" 404 142 "-" "Caffeinated/1.1.1 CFNetwork/520.3.2 Darwin/11.3.0 (x86_64) (MacBookPro8%2C1)"
98.180.220.78 - - [31/Mar/2012:09:08:16 -0700] "GET / HTTP/1.1" 200 1430 "-" "Caffeinated/1.1.1 CFNetwork/520.3.2 Darwin/11.3.0 (x86_64) (MacBookPro8%2C1)"
98.180.220.78 - - [31/Mar/2012:09:08:16 -0700] "GET /favicon.ico HTTP/1.1" 404 142 "-" "Caffeinated/1.1.1 CFNetwork/520.3.2 Darwin/11.3.0 (x86_64) (MacBookPro8%2C1)"
122.174.71.66 - - [31/Mar/2012:09:08:39 -0700] "-" 400 0 "-" "-"
98.180.220.78 - - [31/Mar/2012:09:09:19 -0700] "GET / HTTP/1.1" 200 1430 "-" "Caffeinated/1.1.1 CFNetwork/520.3.2 Darwin/11.3.0 (x86_64) (MacBookPro8%2C1)"
98.180.220.78 - - [31/Mar/2012:09:09:19 -0700] "GET /favicon.ico HTTP/1.1" 404 142 "-" "Caffeinated/1.1.1 CFNetwork/520.3.2 Darwin/11.3.0 (x86_64) (MacBookPro8%2C1)"
122.164.185.201 - - [31/Mar/2012:09:09:23 -0700] "-" 400 0 "-" "-"
122.164.185.201 - - [31/Mar/2012:09:09:23 -0700] "-" 400 0 "-" "-"
122.164.185.201 - - [31/Mar/2012:09:09:23 -0700] "-" 400 0 "-" "-"
122.164.185.201 - - [31/Mar/2012:09:09:23 -0700] "-" 400 0 "-" "-"
122.164.185.201 - - [31/Mar/2012:09:09:23 -0700] "-" 400 0 "-" "-"
122.164.185.201 - - [31/Mar/2012:09:09:23 -0700] "-" 400 0 "-" "-"
122.178.195.254 - - [31/Mar/2012:09:09:43 -0700] "GET / HTTP/1.1" 200 1430 "-" "Mozilla/5.0 (X11; Linux x86_64; rv:11.0) Gecko/20100101 Firefox/11.0"
122.178.195.254 - - [31/Mar/2012:09:09:43 -0700] "GET /blueprint/screen.css HTTP/1.1" 200 12058 "http://yuvi.in/" "Mozilla/5.0 (X11; Linux x86_64; rv:11.0) Gecko/20100101 Firefox/11.0"
122.178.195.254 - - [31/Mar/2012:09:09:43 -0700] "GET /blueprint/print.css HTTP/1.1" 200 1284 "http://yuvi.in/" "Mozilla/5.0 (X11; Linux x86_64; rv:11.0) Gecko/20100101 Firefox/11.0"
122.178.195.254 - - [31/Mar/2012:09:09:43 -0700] "GET /header.png HTTP/1.1" 200 14249 "http://yuvi.in/" "Mozilla/5.0 (X11; Linux x86_64; rv:11.0) Gecko/20100101 Firefox/11.0"
122.178.195.254 - - [31/Mar/2012:09:09:44 -0700] "GET /favicon.ico HTTP/1.1" 404 142 "-" "Mozilla/5.0 (X11; Linux x86_64; rv:11.0) Gecko/20100101 Firefox/11.0"
122.178.195.254 - - [31/Mar/2012:09:09:44 -0700] "GET /favicon.ico HTTP/1.1" 404 142 "-" "Mozilla/5.0 (X11; Linux x86_64; rv:11.0) Gecko/20100101 Firefox/11.0"
98.180.220.78 - - [31/Mar/2012:09:09:45 -0700] "GET / HTTP/1.1" 200 1430 "-" "Caffeinated/1.1.1 CFNetwork/520.3.2 Darwin/11.3.0 (x86_64) (MacBookPro8%2C1)"
98.180.220.78 - - [31/Mar/2012:09:09:46 -0700] "GET /favicon.ico HTTP/1.1" 404 142 "-" "Caffeinated/1.1.1 CFNetwork/520.3.2 Darwin/11.3.0 (x86_64) (MacBookPro8%2C1)"
14.99.161.16 - - [31/Mar/2012:09:10:22 -0700] "-" 400 0 "-" "-"
117.193.219.44 - - [31/Mar/2012:09:10:44 -0700] "-" 400 0 "-" "-"
98.180.220.78 - - [31/Mar/2012:09:10:46 -0700] "GET / HTTP/1.1" 200 1430 "-" "Caffeinated/1.1.1 CFNetwork/520.3.2 Darwin/11.3.0 (x86_64) (MacBookPro8%2C1)"
98.180.220.78 - - [31/Mar/2012:09:10:46 -0700] "GET /favicon.ico HTTP/1.1" 404 142 "-" "Caffeinated/1.1.1 CFNetwork/520.3.2 Darwin/11.3.0 (x86_64) (MacBookPro8%2C1)"
115.241.19.127 - - [31/Mar/2012:09:10:47 -0700] "-" 400 0 "-" "-"
98.180.220.78 - - [31/Mar/2012:09:11:11 -0700] "GET / HTTP/1.1" 200 1430 "-" "Caffeinated/1.1.1 CFNetwork/520.3.2 Darwin/11.3.0 (x86_64) (MacBookPro8%2C1)"
98.180.220.78 - - [31/Mar/2012:09:11:12 -0700] "GET /favicon.ico HTTP/1.1" 404 142 "-" "Caffeinated/1.1.1 CFNetwork/520.3.2 Darwin/11.3.0 (x86_64) (MacBookPro8%2C1)"
70.173.156.133 - - [31/Mar/2012:09:11:17 -0700] "GET /favicon.ico HTTP/1.1" 404 199 "http://prashanth-kamle.blogspot.com/2009/03/viterbi-algorithm-for-second-order.html" "Mozilla/5.0 (Windows NT 6.1; WOW64) AppleWebKit/535.19 (KHTML, like Gecko) Chrome/18.0.1025.142 Safari/535.19"
122.174.71.66 - - [31/Mar/2012:09:11:19 -0700] "-" 400 0 "-" "-"
69.171.247.2 - - [31/Mar/2012:09:11:21 -0700] "GET /r/1x7m HTTP/1.1" 301 257 "-" "facebookexternalhit/1.1 (+http://www.facebook.com/externalhit_uatext.php)"
69.171.247.5 - - [31/Mar/2012:09:11:21 -0700] "GET /s/ta/1x7m/ HTTP/1.1" 302 513 "-" "facebookexternalhit/1.1 (+http://www.facebook.com/externalhit_uatext.php)"
60.48.250.29 - - [31/Mar/2012:09:11:26 -0700] "GET /r/1va HTTP/1.1" 301 255 "-" "Mozilla/5.0 (iPhone; CPU iPhone OS 5_1 like Mac OS X) AppleWebKit/534.46 (KHTML, like Gecko) Mobile/9B176"
60.48.250.29 - - [31/Mar/2012:09:11:27 -0700] "GET /s/ta/1va/ HTTP/1.1" 302 409 "-" "Mozilla/5.0 (iPhone; CPU iPhone OS 5_1 like Mac OS X) AppleWebKit/534.46 (KHTML, like Gecko) Mobile/9B176"
98.180.220.78 - - [31/Mar/2012:09:12:11 -0700] "GET / HTTP/1.1" 200 1430 "-" "Caffeinated/1.1.1 CFNetwork/520.3.2 Darwin/11.3.0 (x86_64) (MacBookPro8%2C1)"
98.180.220.78 - - [31/Mar/2012:09:12:11 -0700] "GET /favicon.ico HTTP/1.1" 404 142 "-" "Caffeinated/1.1.1 CFNetwork/520.3.2 Darwin/11.3.0 (x86_64) (MacBookPro8%2C1)"
98.180.220.78 - - [31/Mar/2012:09:12:36 -0700] "GET / HTTP/1.1" 200 1430 "-" "Caffeinated/1.1.1 CFNetwork/520.3.2 Darwin/11.3.0 (x86_64) (MacBookPro8%2C1)"
98.180.220.78 - - [31/Mar/2012:09:12:36 -0700] "GET /favicon.ico HTTP/1.1" 404 142 "-" "Caffeinated/1.1.1 CFNetwork/520.3.2 Darwin/11.3.0 (x86_64) (MacBookPro8%2C1)"
66.220.153.250 - - [31/Mar/2012:09:13:06 -0700] "GET /r/1x7m HTTP/1.1" 301 257 "-" "facebookexternalhit/1.1 (+http://www.facebook.com/externalhit_uatext.php)"
66.220.153.246 - - [31/Mar/2012:09:13:07 -0700] "GET /s/ta/1x7m/ HTTP/1.1" 302 513 "-" "facebookexternalhit/1.1 (+http://www.facebook.com/externalhit_uatext.php)"
98.180.220.78 - - [31/Mar/2012:09:13:40 -0700] "GET / HTTP/1.1" 200 1430 "-" "Caffeinated/1.1.1 CFNetwork/520.3.2 Darwin/11.3.0 (x86_64) (MacBookPro8%2C1)"
98.180.220.78 - - [31/Mar/2012:09:13:40 -0700] "GET /favicon.ico HTTP/1.1" 404 142 "-" "Caffeinated/1.1.1 CFNetwork/520.3.2 Darwin/11.3.0 (x86_64) (MacBookPro8%2C1)"
98.180.220.78 - - [31/Mar/2012:09:14:08 -0700] "GET / HTTP/1.1" 200 1430 "-" "Caffeinated/1.1.1 CFNetwork/520.3.2 Darwin/11.3.0 (x86_64) (MacBookPro8%2C1)"
98.180.220.78 - - [31/Mar/2012:09:14:08 -0700] "GET /favicon.ico HTTP/1.1" 404 142 "-" "Caffeinated/1.1.1 CFNetwork/520.3.2 Darwin/11.3.0 (x86_64) (MacBookPro8%2C1)"
115.241.19.127 - - [31/Mar/2012:09:14:27 -0700] "-" 400 0 "-" "-"
117.204.17.193 - - [31/Mar/2012:09:14:34 -0700] "-" 400 0 "-" "-"
117.204.17.193 - - [31/Mar/2012:09:14:34 -0700] "-" 400 0 "-" "-"
115.248.19.110 - - [31/Mar/2012:09:14:38 -0700] "GET /r/hre HTTP/1.1" 301 255 "http://ta.wikipedia.org/wiki/%E0%AE%89%E0%AE%B5%E0%AE%AE%E0%AF%88" "Mozilla/5.0 (Windows NT 5.1; rv:11.0) Gecko/20100101 Firefox/11.0"
115.248.19.110 - - [31/Mar/2012:09:14:43 -0700] "-" 400 0 "-" "-"
115.248.19.110 - - [31/Mar/2012:09:14:45 -0700] "GET /s/ta/hre/ HTTP/1.1" 302 313 "http://ta.wikipedia.org/wiki/%E0%AE%89%E0%AE%B5%E0%AE%AE%E0%AF%88" "Mozilla/5.0 (Windows NT 5.1; rv:11.0) Gecko/20100101 Firefox/11.0"
115.248.19.110 - - [31/Mar/2012:09:14:53 -0700] "GET /s/ta/hre/ HTTP/1.1" 302 313 "http://ta.wikipedia.org/wiki/%E0%AE%89%E0%AE%B5%E0%AE%AE%E0%AF%88" "Mozilla/5.0 (Windows NT 5.1; rv:11.0) Gecko/20100101 Firefox/11.0"
115.248.19.110 - - [31/Mar/2012:09:14:58 -0700] "-" 400 0 "-" "-"
85.17.88.169 - - [31/Mar/2012:09:15:04 -0700] "POST /blog/wp-cron.php?doing_wp_cron=1333210261 HTTP/1.0" 499 0 "-" "WordPress/3.3.1; http://yuvi.in/blog"
101.226.33.179 - - [31/Mar/2012:09:15:04 -0700] "GET /blog/feed HTTP/1.0" 304 0 "-" "Mozilla/4.0 (compatible; Windows;)"
98.180.220.78 - - [31/Mar/2012:09:15:05 -0700] "GET / HTTP/1.1" 200 1430 "-" "Caffeinated/1.1.1 CFNetwork/520.3.2 Darwin/11.3.0 (x86_64) (MacBookPro8%2C1)"
98.180.220.78 - - [31/Mar/2012:09:15:05 -0700] "GET /favicon.ico HTTP/1.1" 404 142 "-" "Caffeinated/1.1.1 CFNetwork/520.3.2 Darwin/11.3.0 (x86_64) (MacBookPro8%2C1)"
223.234.100.243 - - [31/Mar/2012:09:15:21 -0700] "-" 400 0 "-" "-"
117.202.137.216 - - [31/Mar/2012:09:15:30 -0700] "-" 400 0 "-" "-"
115.248.19.110 - - [31/Mar/2012:09:15:31 -0700] "GET /s/ta/hre/ HTTP/1.1" 302 313 "http://ta.wikipedia.org/wiki/%E0%AE%89%E0%AE%B5%E0%AE%AE%E0%AF%88" "Mozilla/5.0 (Windows NT 5.1; rv:11.0) Gecko/20100101 Firefox/11.0"
98.180.220.78 - - [31/Mar/2012:09:15:37 -0700] "GET / HTTP/1.1" 200 1430 "-" "Caffeinated/1.1.1 CFNetwork/520.3.2 Darwin/11.3.0 (x86_64) (MacBookPro8%2C1)"
98.180.220.78 - - [31/Mar/2012:09:15:37 -0700] "GET /favicon.ico HTTP/1.1" 404 142 "-" "Caffeinated/1.1.1 CFNetwork/520.3.2 Darwin/11.3.0 (x86_64) (MacBookPro8%2C1)"
98.180.220.78 - - [31/Mar/2012:09:16:36 -0700] "GET / HTTP/1.1" 200 1430 "-" "Caffeinated/1.1.1 CFNetwork/520.3.2 Darwin/11.3.0 (x86_64) (MacBookPro8%2C1)"
98.180.220.78 - - [31/Mar/2012:09:16:36 -0700] "GET /favicon.ico HTTP/1.1" 404 142 "-" "Caffeinated/1.1.1 CFNetwork/520.3.2 Darwin/11.3.0 (x86_64) (MacBookPro8%2C1)"
115.242.225.40 - - [31/Mar/2012:09:16:54 -0700] "-" 400 0 "-" "-"
98.180.220.78 - - [31/Mar/2012:09:17:05 -0700] "GET / HTTP/1.1" 200 1430 "-" "Caffeinated/1.1.1 CFNetwork/520.3.2 Darwin/11.3.0 (x86_64) (MacBookPro8%2C1)"
98.180.220.78 - - [31/Mar/2012:09:17:05 -0700] "GET /favicon.ico HTTP/1.1" 404 142 "-" "Caffeinated/1.1.1 CFNetwork/520.3.2 Darwin/11.3.0 (x86_64) (MacBookPro8%2C1)"
66.249.73.27 - - [31/Mar/2012:09:17:12 -0700] "GET /blog/nen-first-dot-2010-what-i-learnt.html HTTP/1.1" 304 0 "-" "Mozilla/5.0 (compatible; Googlebot/2.1; +http://www.google.com/bot.html)"
117.213.88.50 - - [31/Mar/2012:09:17:20 -0700] "-" 400 0 "-" "-"
101.212.220.246 - - [31/Mar/2012:09:17:27 -0700] "-" 400 0 "-" "-"
118.94.7.83 - - [31/Mar/2012:09:17:31 -0700] "GET /static/images/indicator.gif HTTP/1.1" 408 0 "http://busroutes.in/static/css/jquery.autocomplete.css" "Mozilla/5.0 (Windows; U; Windows NT 5.1; en-US; rv:1.9.2.26) Gecko/20120128 BTRS122291 Firefox/3.6.26"
69.171.234.0 - - [31/Mar/2012:09:17:39 -0700] "GET /r/fmf HTTP/1.1" 301 255 "-" "facebookexternalhit/1.1 (+http://www.facebook.com/externalhit_uatext.php)"
69.171.234.6 - - [31/Mar/2012:09:17:39 -0700] "GET /s/ta/fmf/ HTTP/1.1" 302 349 "-" "facebookexternalhit/1.1 (+http://www.facebook.com/externalhit_uatext.php)"
117.193.219.44 - - [31/Mar/2012:09:18:04 -0700] "-" 400 0 "-" "-"
117.193.219.44 - - [31/Mar/2012:09:18:04 -0700] "-" 400 0 "-" "-"
117.193.219.44 - - [31/Mar/2012:09:18:04 -0700] "-" 400 0 "-" "-"
117.193.219.44 - - [31/Mar/2012:09:18:04 -0700] "-" 400 0 "-" "-"
117.193.219.44 - - [31/Mar/2012:09:18:04 -0700] "-" 400 0 "-" "-"
117.193.219.44 - - [31/Mar/2012:09:18:04 -0700] "-" 400 0 "-" "-"
98.180.220.78 - - [31/Mar/2012:09:18:05 -0700] "GET / HTTP/1.1" 200 1430 "-" "Caffeinated/1.1.1 CFNetwork/520.3.2 Darwin/11.3.0 (x86_64) (MacBookPro8%2C1)"
98.180.220.78 - - [31/Mar/2012:09:18:06 -0700] "GET /favicon.ico HTTP/1.1" 404 142 "-" "Caffeinated/1.1.1 CFNetwork/520.3.2 Darwin/11.3.0 (x86_64) (MacBookPro8%2C1)"
98.180.220.78 - - [31/Mar/2012:09:18:31 -0700] "GET / HTTP/1.1" 200 1430 "-" "Caffeinated/1.1.1 CFNetwork/520.3.2 Darwin/11.3.0 (x86_64) (MacBookPro8%2C1)"
98.180.220.78 - - [31/Mar/2012:09:18:31 -0700] "GET /favicon.ico HTTP/1.1" 404 142 "-" "Caffeinated/1.1.1 CFNetwork/520.3.2 Darwin/11.3.0 (x86_64) (MacBookPro8%2C1)"
118.94.7.83 - - [31/Mar/2012:09:18:38 -0700] "GET /chennai/api/autocomplete/stages HTTP/1.1" 408 0 "http://busroutes.in/chennai/path/2048/3881/" "Mozilla/5.0 (Windows; U; Windows NT 5.1; en-US; rv:1.9.2.26) Gecko/20120128 BTRS122291 Firefox/3.6.26"
69.171.234.6 - - [31/Mar/2012:09:18:40 -0700] "GET /r/fmf HTTP/1.1" 301 255 "-" "facebookexternalhit/1.1 (+http://www.facebook.com/externalhit_uatext.php)"
69.171.234.5 - - [31/Mar/2012:09:18:40 -0700] "GET /s/ta/fmf/ HTTP/1.1" 302 349 "-" "facebookexternalhit/1.1 (+http://www.facebook.com/externalhit_uatext.php)"
117.204.17.193 - - [31/Mar/2012:09:18:50 -0700] "-" 400 0 "-" "-"
117.193.219.44 - - [31/Mar/2012:09:18:54 -0700] "-" 400 0 "-" "-"
66.249.73.27 - - [31/Mar/2012:09:19:01 -0700] "GET /blog/reddit-university-sicp-reading-group.html HTTP/1.1" 304 0 "-" "Mozilla/5.0 (compatible; Googlebot/2.1; +http://www.google.com/bot.html)"
117.193.219.44 - - [31/Mar/2012:09:19:04 -0700] "-" 400 0 "-" "-"
117.193.219.44 - - [31/Mar/2012:09:19:04 -0700] "-" 400 0 "-" "-"
117.193.219.44 - - [31/Mar/2012:09:19:04 -0700] "-" 400 0 "-" "-"
117.193.219.44 - - [31/Mar/2012:09:19:24 -0700] "-" 400 0 "-" "-"
98.180.220.78 - - [31/Mar/2012:09:19:31 -0700] "GET / HTTP/1.1" 200 1430 "-" "Caffeinated/1.1.1 CFNetwork/520.3.2 Darwin/11.3.0 (x86_64) (MacBookPro8%2C1)"
98.180.220.78 - - [31/Mar/2012:09:19:31 -0700] "GET /favicon.ico HTTP/1.1" 404 142 "-" "Caffeinated/1.1.1 CFNetwork/520.3.2 Darwin/11.3.0 (x86_64) (MacBookPro8%2C1)"
223.235.224.59 - - [31/Mar/2012:09:19:33 -0700] "-" 400 0 "-" "-"
209.85.224.80 - - [31/Mar/2012:09:19:58 -0700] "GET /stories/feed HTTP/1.1" 200 13653 "-" "FeedBurner/1.0 (http://www.FeedBurner.com)"
98.180.220.78 - - [31/Mar/2012:09:19:58 -0700] "GET / HTTP/1.1" 200 1430 "-" "Caffeinated/1.1.1 CFNetwork/520.3.2 Darwin/11.3.0 (x86_64) (MacBookPro8%2C1)"
98.180.220.78 - - [31/Mar/2012:09:19:58 -0700] "GET /favicon.ico HTTP/1.1" 404 142 "-" "Caffeinated/1.1.1 CFNetwork/520.3.2 Darwin/11.3.0 (x86_64) (MacBookPro8%2C1)"
180.215.57.36 - - [31/Mar/2012:09:20:06 -0700] "GET /r/14b9 HTTP/1.1" 301 257 "http://ta.wikipedia.org/wiki/%E0%AE%8E%E0%AE%A4%E0%AE%BF%E0%AE%B0%E0%AF%8D%E0%AE%AA%E0%AE%BE%E0%AE%B2%E0%AF%8D%E0%AE%9A%E0%AF%87%E0%AE%B0%E0%AF%8D%E0%AE%95%E0%AF%8D%E0%AE%95%E0%AF%88" "Mozilla/5.0 (Windows NT 5.1; rv:9.0.1) Gecko/20100101 Firefox/9.0.1"
180.215.57.36 - - [31/Mar/2012:09:20:08 -0700] "GET /s/ta/14b9/ HTTP/1.1" 302 469 "http://ta.wikipedia.org/wiki/%E0%AE%8E%E0%AE%A4%E0%AE%BF%E0%AE%B0%E0%AF%8D%E0%AE%AA%E0%AE%BE%E0%AE%B2%E0%AF%8D%E0%AE%9A%E0%AF%87%E0%AE%B0%E0%AF%8D%E0%AE%95%E0%AF%8D%E0%AE%95%E0%AF%88" "Mozilla/5.0 (Windows NT 5.1; rv:9.0.1) Gecko/20100101 Firefox/9.0.1"
117.193.219.44 - - [31/Mar/2012:09:20:24 -0700] "-" 400 0 "-" "-"
98.180.220.78 - - [31/Mar/2012:09:20:57 -0700] "GET / HTTP/1.1" 200 1430 "-" "Caffeinated/1.1.1 CFNetwork/520.3.2 Darwin/11.3.0 (x86_64) (MacBookPro8%2C1)"
98.180.220.78 - - [31/Mar/2012:09:20:57 -0700] "GET /favicon.ico HTTP/1.1" 404 142 "-" "Caffeinated/1.1.1 CFNetwork/520.3.2 Darwin/11.3.0 (x86_64) (MacBookPro8%2C1)"
101.212.220.246 - - [31/Mar/2012:09:20:57 -0700] "-" 400 0 "-" "-"
101.212.220.246 - - [31/Mar/2012:09:20:59 -0700] "-" 400 0 "-" "-"
117.193.219.44 - - [31/Mar/2012:09:21:04 -0700] "-" 400 0 "-" "-"
115.242.225.40 - - [31/Mar/2012:09:21:04 -0700] "-" 400 0 "-" "-"
115.242.225.40 - - [31/Mar/2012:09:21:04 -0700] "-" 400 0 "-" "-"
115.242.225.40 - - [31/Mar/2012:09:21:04 -0700] "-" 400 0 "-" "-"
98.180.220.78 - - [31/Mar/2012:09:21:27 -0700] "GET / HTTP/1.1" 200 1430 "-" "Caffeinated/1.1.1 CFNetwork/520.3.2 Darwin/11.3.0 (x86_64) (MacBookPro8%2C1)"
98.180.220.78 - - [31/Mar/2012:09:21:27 -0700] "GET /favicon.ico HTTP/1.1" 404 142 "-" "Caffeinated/1.1.1 CFNetwork/520.3.2 Darwin/11.3.0 (x86_64) (MacBookPro8%2C1)"
85.17.88.169 - - [31/Mar/2012:09:21:35 -0700] "POST /blog/wp-cron.php?doing_wp_cron=1333210652 HTTP/1.0" 499 0 "-" "WordPress/3.3.1; http://yuvi.in/blog"
209.85.238.244 - - [31/Mar/2012:09:21:35 -0700] "GET /blog/feed HTTP/1.1" 301 0 "-" "Feedfetcher-Google; (+http://www.google.com/feedfetcher.html; 3 subscribers; feed-id=17684830852112633560)"
85.17.88.169 - - [31/Mar/2012:09:21:37 -0700] "POST /blog/wp-cron.php?doing_wp_cron=1333210654 HTTP/1.0" 499 0 "-" "WordPress/3.3.1; http://yuvi.in/blog"
209.85.238.244 - - [31/Mar/2012:09:21:38 -0700] "GET /blog/feed/ HTTP/1.1" 304 0 "-" "Feedfetcher-Google; (+http://www.google.com/feedfetcher.html; 3 subscribers; feed-id=17684830852112633560)"
98.180.220.78 - - [31/Mar/2012:09:22:27 -0700] "GET / HTTP/1.1" 200 1430 "-" "Caffeinated/1.1.1 CFNetwork/520.3.2 Darwin/11.3.0 (x86_64) (MacBookPro8%2C1)"
98.180.220.78 - - [31/Mar/2012:09:22:27 -0700] "GET /favicon.ico HTTP/1.1" 404 142 "-" "Caffeinated/1.1.1 CFNetwork/520.3.2 Darwin/11.3.0 (x86_64) (MacBookPro8%2C1)"
117.193.219.44 - - [31/Mar/2012:09:22:34 -0700] "-" 400 0 "-" "-"
117.193.219.44 - - [31/Mar/2012:09:22:34 -0700] "-" 400 0 "-" "-"
117.193.219.44 - - [31/Mar/2012:09:22:34 -0700] "-" 400 0 "-" "-"
117.193.219.44 - - [31/Mar/2012:09:22:34 -0700] "-" 400 0 "-" "-"
117.193.219.44 - - [31/Mar/2012:09:22:34 -0700] "-" 400 0 "-" "-"
117.199.10.191 - - [31/Mar/2012:09:22:39 -0700] "-" 400 0 "-" "-"
117.199.10.191 - - [31/Mar/2012:09:22:39 -0700] "-" 400 0 "-" "-"
98.180.220.78 - - [31/Mar/2012:09:22:51 -0700] "GET / HTTP/1.1" 200 1430 "-" "Caffeinated/1.1.1 CFNetwork/520.3.2 Darwin/11.3.0 (x86_64) (MacBookPro8%2C1)"
98.180.220.78 - - [31/Mar/2012:09:22:51 -0700] "GET /favicon.ico HTTP/1.1" 404 142 "-" "Caffeinated/1.1.1 CFNetwork/520.3.2 Darwin/11.3.0 (x86_64) (MacBookPro8%2C1)"
117.204.17.193 - - [31/Mar/2012:09:22:53 -0700] "-" 400 0 "-" "-"
117.199.10.191 - - [31/Mar/2012:09:22:59 -0700] "-" 400 0 "-" "-"
117.199.10.191 - - [31/Mar/2012:09:22:59 -0700] "-" 400 0 "-" "-"
122.164.252.36 - - [31/Mar/2012:09:23:44 -0700] "-" 400 0 "-" "-"
122.164.252.36 - - [31/Mar/2012:09:23:44 -0700] "-" 400 0 "-" "-"
85.17.88.169 - - [31/Mar/2012:09:23:45 -0700] "POST /blog/wp-cron.php?doing_wp_cron=1333210782 HTTP/1.0" 499 0 "-" "WordPress/3.3.1; http://yuvi.in/blog"
209.85.224.89 - - [31/Mar/2012:09:23:45 -0700] "GET /blog/feed HTTP/1.1" 304 0 "-" "FeedBurner/1.0 (http://www.FeedBurner.com)"
98.180.220.78 - - [31/Mar/2012:09:24:02 -0700] "GET / HTTP/1.1" 200 1430 "-" "Caffeinated/1.1.1 CFNetwork/520.3.2 Darwin/11.3.0 (x86_64) (MacBookPro8%2C1)"
98.180.220.78 - - [31/Mar/2012:09:24:02 -0700] "GET /favicon.ico HTTP/1.1" 404 142 "-" "Caffeinated/1.1.1 CFNetwork/520.3.2 Darwin/11.3.0 (x86_64) (MacBookPro8%2C1)"
117.193.71.162 - - [31/Mar/2012:09:24:06 -0700] "-" 400 0 "-" "-"
117.193.71.162 - - [31/Mar/2012:09:24:06 -0700] "-" 400 0 "-" "-"
98.180.220.78 - - [31/Mar/2012:09:24:23 -0700] "GET / HTTP/1.1" 200 1430 "-" "Caffeinated/1.1.1 CFNetwork/520.3.2 Darwin/11.3.0 (x86_64) (MacBookPro8%2C1)"
98.180.220.78 - - [31/Mar/2012:09:24:23 -0700] "GET /favicon.ico HTTP/1.1" 404 142 "-" "Caffeinated/1.1.1 CFNetwork/520.3.2 Darwin/11.3.0 (x86_64) (MacBookPro8%2C1)"
69.171.242.245 - - [31/Mar/2012:09:24:24 -0700] "GET /r/1x7m HTTP/1.1" 301 257 "-" "facebookexternalhit/1.1 (+http://www.facebook.com/externalhit_uatext.php)"
69.171.242.248 - - [31/Mar/2012:09:24:24 -0700] "GET /s/ta/1x7m/ HTTP/1.1" 302 513 "-" "facebookexternalhit/1.1 (+http://www.facebook.com/externalhit_uatext.php)"
208.115.113.84 - - [31/Mar/2012:09:24:26 -0700] "GET /blog/devlog-feb-2011.html HTTP/1.1" 200 7216 "-" "Mozilla/5.0 (compatible; Ezooms/1.0; ezooms.bot@gmail.com)"
101.212.220.246 - - [31/Mar/2012:09:24:29 -0700] "-" 400 0 "-" "-"
101.212.220.246 - - [31/Mar/2012:09:24:31 -0700] "-" 400 0 "-" "-"
101.212.220.246 - - [31/Mar/2012:09:24:31 -0700] "-" 400 0 "-" "-"
101.212.220.246 - - [31/Mar/2012:09:24:32 -0700] "-" 400 0 "-" "-"
101.212.220.246 - - [31/Mar/2012:09:24:32 -0700] "-" 400 0 "-" "-"
101.212.220.246 - - [31/Mar/2012:09:24:32 -0700] "-" 400 0 "-" "-"
117.204.17.193 - - [31/Mar/2012:09:24:47 -0700] "-" 400 0 "-" "-"
115.242.225.40 - - [31/Mar/2012:09:25:14 -0700] "-" 400 0 "-" "-"
98.180.220.78 - - [31/Mar/2012:09:25:23 -0700] "GET / HTTP/1.1" 200 1430 "-" "Caffeinated/1.1.1 CFNetwork/520.3.2 Darwin/11.3.0 (x86_64) (MacBookPro8%2C1)"
98.180.220.78 - - [31/Mar/2012:09:25:23 -0700] "GET /favicon.ico HTTP/1.1" 404 142 "-" "Caffeinated/1.1.1 CFNetwork/520.3.2 Darwin/11.3.0 (x86_64) (MacBookPro8%2C1)"
117.199.10.191 - - [31/Mar/2012:09:25:29 -0700] "-" 400 0 "-" "-"
66.249.73.27 - - [31/Mar/2012:09:25:40 -0700] "GET /POSM/ HTTP/1.1" 200 1963 "-" "Mozilla/5.0 (compatible; Googlebot/2.1; +http://www.google.com/bot.html)"
98.180.220.78 - - [31/Mar/2012:09:25:49 -0700] "GET / HTTP/1.1" 200 1430 "-" "Caffeinated/1.1.1 CFNetwork/520.3.2 Darwin/11.3.0 (x86_64) (MacBookPro8%2C1)"
98.180.220.78 - - [31/Mar/2012:09:25:50 -0700] "GET /favicon.ico HTTP/1.1" 404 142 "-" "Caffeinated/1.1.1 CFNetwork/520.3.2 Darwin/11.3.0 (x86_64) (MacBookPro8%2C1)"
115.242.225.40 - - [31/Mar/2012:09:26:04 -0700] "-" 400 0 "-" "-"
115.242.225.40 - - [31/Mar/2012:09:26:04 -0700] "-" 400 0 "-" "-"
115.242.225.40 - - [31/Mar/2012:09:26:04 -0700] "-" 400 0 "-" "-"
115.242.225.40 - - [31/Mar/2012:09:26:04 -0700] "-" 400 0 "-" "-"
85.17.88.169 - - [31/Mar/2012:09:26:04 -0700] "POST /blog/wp-cron.php?doing_wp_cron=1333210921 HTTP/1.0" 499 0 "-" "WordPress/3.3.1; http://yuvi.in/blog"
115.69.159.213 - - [31/Mar/2012:09:26:04 -0700] "GET /blog/ HTTP/1.1" 200 9194 "http://www.google.com/m?q=yuvi&client=ms-opera-mobile&channel=new" "Opera/9.80 (S60; SymbOS; Opera Mobi/SYB-1203052170; U; en-GB) Presto/2.10.254 Version/12.00"
