122.165.81.97 - - [16/Apr/2012:01:47:47 -0700] "-" 400 0 "-" "-"
94.228.34.248 - - [16/Apr/2012:01:48:20 -0700] "GET /blog/ HTTP/1.1" 200 9195 "-" "magpie-crawler/1.1 (U; Linux amd64; en-GB; +http://www.brandwatch.net)"
180.76.5.110 - - [16/Apr/2012:01:48:55 -0700] "GET / HTTP/1.1" 200 3439 "-" "Mozilla/5.0 (compatible; Baiduspider/2.0; +http://www.baidu.com/search/spider.html)"
115.248.7.157 - - [16/Apr/2012:01:50:51 -0700] "GET /r/1bth HTTP/1.0" 301 257 "http://ta.wikipedia.org/wiki/%E0%AE%AA%E0%AE%BF._%E0%AE%95%E0%AE%95%E0%AF%8D%E0%AE%95%E0%AE%A9%E0%AF%8D" "Mozilla/5.0 (Windows NT 5.1; rv:11.0) Gecko/20100101 Firefox/11.0"
115.248.7.157 - - [16/Apr/2012:01:50:52 -0700] "GET /s/ta/1bth/ HTTP/1.0" 302 367 "http://ta.wikipedia.org/wiki/%E0%AE%AA%E0%AE%BF._%E0%AE%95%E0%AE%95%E0%AF%8D%E0%AE%95%E0%AE%A9%E0%AF%8D" "Mozilla/5.0 (Windows NT 5.1; rv:11.0) Gecko/20100101 Firefox/11.0"
115.248.7.157 - - [16/Apr/2012:01:50:53 -0700] "GET /s/ta/1bth/ HTTP/1.0" 302 367 "http://ta.wikipedia.org/wiki/%E0%AE%AA%E0%AE%BF._%E0%AE%95%E0%AE%95%E0%AF%8D%E0%AE%95%E0%AE%A9%E0%AF%8D" "Mozilla/5.0 (Windows NT 5.1; rv:11.0) Gecko/20100101 Firefox/11.0"
65.255.37.249 - - [16/Apr/2012:01:51:04 -0700] "GET /r/24ns HTTP/1.1" 301 257 "http://ta.wikipedia.org/wiki/%E0%AE%AA%E0%AF%87%E0%AE%9A%E0%AF%8D%E0%AE%9A%E0%AF%81:%E0%AE%B5%E0%AE%BE%E0%AE%9A%E0%AE%A9%E0%AF%8D_%E0%AE%95%E0%AE%A3%E0%AF%8D_%E0%AE%AE%E0%AE%B0%E0%AF%81%E0%AE%A4%E0%AF%8D%E0%AE%A4%E0%AF%81%E0%AE%B5%E0%AE%AE%E0%AE%A9%E0%AF%88" "NokiaC1-01/2.0 (p) Profile/MIDP-2.1 Configuration/CLDC-1.1 nokiac1-01/UC Browser7.9.0.102/69/352 UNTRUSTED/1.0"
65.255.37.249 - - [16/Apr/2012:01:51:05 -0700] "GET /s/ta/24ns/ HTTP/1.1" 302 575 "http://ta.wikipedia.org/wiki/%E0%AE%AA%E0%AF%87%E0%AE%9A%E0%AF%8D%E0%AE%9A%E0%AF%81:%E0%AE%B5%E0%AE%BE%E0%AE%9A%E0%AE%A9%E0%AF%8D_%E0%AE%95%E0%AE%A3%E0%AF%8D_%E0%AE%AE%E0%AE%B0%E0%AF%81%E0%AE%A4%E0%AF%8D%E0%AE%A4%E0%AF%81%E0%AE%B5%E0%AE%AE%E0%AE%A9%E0%AF%88" "NokiaC1-01/2.0 (p) Profile/MIDP-2.1 Configuration/CLDC-1.1 nokiac1-01/UC Browser7.9.0.102/69/352 UNTRUSTED/1.0"
117.193.239.119 - - [16/Apr/2012:01:51:58 -0700] "-" 400 0 "-" "-"
59.92.38.216 - - [16/Apr/2012:01:52:12 -0700] "-" 400 0 "-" "-"
59.92.38.216 - - [16/Apr/2012:01:52:12 -0700] "-" 400 0 "-" "-"
59.92.38.216 - - [16/Apr/2012:01:52:12 -0700] "-" 400 0 "-" "-"
59.92.38.216 - - [16/Apr/2012:01:52:12 -0700] "-" 400 0 "-" "-"
59.92.38.216 - - [16/Apr/2012:01:52:13 -0700] "-" 400 0 "-" "-"
85.17.88.169 - - [16/Apr/2012:01:54:01 -0700] "POST /blog/wp-cron.php?doing_wp_cron=1334566072 HTTP/1.0" 499 0 "-" "WordPress/3.3.1; http://yuvi.in/blog"
209.85.238.182 - - [16/Apr/2012:01:54:01 -0700] "GET /blog/feed HTTP/1.1" 301 0 "-" "Feedfetcher-Google; (+http://www.google.com/feedfetcher.html; 3 subscribers; feed-id=17684830852112633560)"
85.17.88.169 - - [16/Apr/2012:01:54:03 -0700] "POST /blog/wp-cron.php?doing_wp_cron=1334566075 HTTP/1.0" 499 0 "-" "WordPress/3.3.1; http://yuvi.in/blog"
209.85.238.182 - - [16/Apr/2012:01:54:03 -0700] "GET /blog/feed/ HTTP/1.1" 304 0 "-" "Feedfetcher-Google; (+http://www.google.com/feedfetcher.html; 3 subscribers; feed-id=17684830852112633560)"
85.17.88.169 - - [16/Apr/2012:01:54:22 -0700] "POST /blog/wp-cron.php?doing_wp_cron=1334566093 HTTP/1.0" 499 0 "-" "WordPress/3.3.1; http://yuvi.in/blog"
220.181.108.92 - - [16/Apr/2012:01:54:22 -0700] "GET /blog/2011/10/ HTTP/1.1" 200 4827 "-" "Mozilla/5.0 (compatible; Baiduspider/2.0; +http://www.baidu.com/search/spider.html)"
117.197.194.47 - - [16/Apr/2012:01:54:37 -0700] "GET /r/yv0 HTTP/1.1" 301 255 "http://ta.wikipedia.org/wiki/%E0%AE%B5%E0%AE%B3%E0%AE%B0%E0%AF%82%E0%AE%95%E0%AF%8D%E0%AE%95%E0%AE%BF" "Mozilla/4.0 (compatible; MSIE 6.0; Windows NT 5.1; SV1; BTRS129253; InfoPath.2)"
117.197.194.47 - - [16/Apr/2012:01:54:38 -0700] "GET /s/ta/yv0/ HTTP/1.1" 302 361 "http://ta.wikipedia.org/wiki/%E0%AE%B5%E0%AE%B3%E0%AE%B0%E0%AF%82%E0%AE%95%E0%AF%8D%E0%AE%95%E0%AE%BF" "Mozilla/4.0 (compatible; MSIE 6.0; Windows NT 5.1; SV1; BTRS129253; InfoPath.2)"
117.241.58.103 - - [16/Apr/2012:01:55:13 -0700] "GET /blog/ HTTP/1.1" 200 9195 "http://www.google.com/url?sa=t&rct=j&q=yuvi%20panda&source=web&cd=2&ved=0CDcQFjAB&url=http%3A%2F%2Fyuvi.in%2Fblog%2F&ei=79yLT-bJHMfmrAfg2-HMCw&usg=AFQjCNGjULU63rz2XQySjIp-B7_MMBejew" "Mozilla/5.0 (Windows; U; Windows NT 5.1; en-US; rv:1.9.2.27) Gecko/20120216 Firefox/3.6.27"
117.241.58.103 - - [16/Apr/2012:01:55:15 -0700] "GET /blog/wp-content/themes/cleanr/js/jquery.dropdown.js?ver=3.3.1 HTTP/1.1" 200 535 "http://yuvi.in/blog/" "Mozilla/5.0 (Windows; U; Windows NT 5.1; en-US; rv:1.9.2.27) Gecko/20120216 Firefox/3.6.27"
117.241.58.103 - - [16/Apr/2012:01:55:15 -0700] "GET /blog/wp-content/themes/cleanr/style.css HTTP/1.1" 200 10508 "http://yuvi.in/blog/" "Mozilla/5.0 (Windows; U; Windows NT 5.1; en-US; rv:1.9.2.27) Gecko/20120216 Firefox/3.6.27"
117.241.58.103 - - [16/Apr/2012:01:55:16 -0700] "GET /blog/wp-content/themes/cleanr/css/reset.css HTTP/1.1" 200 648 "http://yuvi.in/blog/wp-content/themes/cleanr/style.css" "Mozilla/5.0 (Windows; U; Windows NT 5.1; en-US; rv:1.9.2.27) Gecko/20120216 Firefox/3.6.27"
117.241.58.103 - - [16/Apr/2012:01:55:16 -0700] "GET /blog/wp-content/themes/cleanr/css/text.css HTTP/1.1" 200 420 "http://yuvi.in/blog/wp-content/themes/cleanr/style.css" "Mozilla/5.0 (Windows; U; Windows NT 5.1; en-US; rv:1.9.2.27) Gecko/20120216 Firefox/3.6.27"
117.241.58.103 - - [16/Apr/2012:01:55:17 -0700] "GET /blog/wp-includes/js/jquery/jquery.js?ver=1.7.1 HTTP/1.1" 200 93889 "http://yuvi.in/blog/" "Mozilla/5.0 (Windows; U; Windows NT 5.1; en-US; rv:1.9.2.27) Gecko/20120216 Firefox/3.6.27"
117.241.58.103 - - [16/Apr/2012:01:55:17 -0700] "GET /blog/wp-content/themes/cleanr/css/960.css HTTP/1.1" 200 3628 "http://yuvi.in/blog/wp-content/themes/cleanr/style.css" "Mozilla/5.0 (Windows; U; Windows NT 5.1; en-US; rv:1.9.2.27) Gecko/20120216 Firefox/3.6.27"
117.241.58.103 - - [16/Apr/2012:01:55:20 -0700] "GET /blog/wp-content/themes/cleanr/images/search_magnifier.gif HTTP/1.1" 200 394 "http://yuvi.in/blog/" "Mozilla/5.0 (Windows; U; Windows NT 5.1; en-US; rv:1.9.2.27) Gecko/20120216 Firefox/3.6.27"
117.241.58.103 - - [16/Apr/2012:01:55:22 -0700] "GET /favicon.ico HTTP/1.1" 404 142 "-" "Mozilla/5.0 (Windows; U; Windows NT 5.1; en-US; rv:1.9.2.27) Gecko/20120216 Firefox/3.6.27"
117.241.58.103 - - [16/Apr/2012:01:55:25 -0700] "GET /favicon.ico HTTP/1.1" 404 142 "-" "Mozilla/5.0 (Windows; U; Windows NT 5.1; en-US; rv:1.9.2.27) Gecko/20120216 Firefox/3.6.27"
85.17.88.169 - - [16/Apr/2012:01:56:34 -0700] "POST /blog/wp-cron.php?doing_wp_cron=1334566225 HTTP/1.0" 499 0 "-" "WordPress/3.3.1; http://yuvi.in/blog"
65.52.109.146 - - [16/Apr/2012:01:56:34 -0700] "GET /blog/tag/anniversary/ HTTP/1.1" 200 4141 "-" "Mozilla/5.0 (compatible; bingbot/2.0; +http://www.bing.com/bingbot.htm)"
122.174.81.223 - - [16/Apr/2012:01:57:33 -0700] "-" 400 0 "-" "-"
115.248.19.107 - - [16/Apr/2012:01:59:03 -0700] "-" 400 0 "-" "-"
115.69.80.50 - - [16/Apr/2012:01:59:18 -0700] "-" 400 0 "-" "-"
209.191.87.216 - - [16/Apr/2012:02:00:29 -0700] "GET / HTTP/1.0" 200 3439 "-" "Mozilla/4.0 (compatible; MSIE 6.0; Windows NT 5.1)"
113.193.113.66 - - [16/Apr/2012:02:00:48 -0700] "-" 400 0 "-" "-"
113.193.113.66 - - [16/Apr/2012:02:00:48 -0700] "-" 400 0 "-" "-"
113.193.113.66 - - [16/Apr/2012:02:00:48 -0700] "-" 400 0 "-" "-"
113.193.113.66 - - [16/Apr/2012:02:00:48 -0700] "-" 400 0 "-" "-"
113.193.113.66 - - [16/Apr/2012:02:01:08 -0700] "-" 400 0 "-" "-"
113.193.113.66 - - [16/Apr/2012:02:01:08 -0700] "-" 400 0 "-" "-"
113.193.113.66 - - [16/Apr/2012:02:01:08 -0700] "-" 400 0 "-" "-"
209.191.87.216 - - [16/Apr/2012:02:01:14 -0700] "GET / HTTP/1.0" 200 3439 "-" "Mozilla/4.0 (compatible; MSIE 6.0; Windows NT 5.1)"
113.193.113.66 - - [16/Apr/2012:02:02:08 -0700] "-" 400 0 "-" "-"
122.174.100.77 - - [16/Apr/2012:02:02:50 -0700] "GET /r/ehd HTTP/1.1" 301 255 "http://ta.wikipedia.org/wiki/%E0%AE%AE%E0%AF%81%E0%AE%A4%E0%AF%8D%E0%AE%A4%E0%AF%8A%E0%AE%B3%E0%AF%8D%E0%AE%B3%E0%AE%BE%E0%AE%AF%E0%AE%BF%E0%AE%B0%E0%AE%AE%E0%AF%8D" "Mozilla/4.0 (compatible; MSIE 8.0; Windows NT 5.1; Trident/4.0; FunWebProducts; .NET CLR 1.1.4322; FunWebProducts; .NET CLR 2.0.50727; .NET CLR 3.0.04506.30; AskTbARS/5.14.1.20007)"
122.174.100.77 - - [16/Apr/2012:02:02:50 -0700] "GET /s/ta/ehd/ HTTP/1.1" 302 445 "http://ta.wikipedia.org/wiki/%E0%AE%AE%E0%AF%81%E0%AE%A4%E0%AF%8D%E0%AE%A4%E0%AF%8A%E0%AE%B3%E0%AF%8D%E0%AE%B3%E0%AE%BE%E0%AE%AF%E0%AE%BF%E0%AE%B0%E0%AE%AE%E0%AF%8D" "Mozilla/4.0 (compatible; MSIE 8.0; Windows NT 5.1; Trident/4.0; FunWebProducts; .NET CLR 1.1.4322; FunWebProducts; .NET CLR 2.0.50727; .NET CLR 3.0.04506.30; AskTbARS/5.14.1.20007)"
113.193.113.66 - - [16/Apr/2012:02:03:08 -0700] "-" 400 0 "-" "-"
122.174.100.77 - - [16/Apr/2012:02:03:16 -0700] "GET /r/ehd HTTP/1.1" 301 255 "http://ta.wikipedia.org/wiki/%E0%AE%AE%E0%AF%81%E0%AE%A4%E0%AF%8D%E0%AE%A4%E0%AF%8A%E0%AE%B3%E0%AF%8D%E0%AE%B3%E0%AE%BE%E0%AE%AF%E0%AE%BF%E0%AE%B0%E0%AE%AE%E0%AF%8D" "Mozilla/4.0 (compatible; MSIE 8.0; Windows NT 5.1; Trident/4.0; FunWebProducts; .NET CLR 1.1.4322; FunWebProducts; .NET CLR 2.0.50727; .NET CLR 3.0.04506.30; AskTbARS/5.14.1.20007)"
122.174.100.77 - - [16/Apr/2012:02:03:16 -0700] "GET /s/ta/ehd/ HTTP/1.1" 302 445 "http://ta.wikipedia.org/wiki/%E0%AE%AE%E0%AF%81%E0%AE%A4%E0%AF%8D%E0%AE%A4%E0%AF%8A%E0%AE%B3%E0%AF%8D%E0%AE%B3%E0%AE%BE%E0%AE%AF%E0%AE%BF%E0%AE%B0%E0%AE%AE%E0%AF%8D" "Mozilla/4.0 (compatible; MSIE 8.0; Windows NT 5.1; Trident/4.0; FunWebProducts; .NET CLR 1.1.4322; FunWebProducts; .NET CLR 2.0.50727; .NET CLR 3.0.04506.30; AskTbARS/5.14.1.20007)"
207.46.199.22 - - [16/Apr/2012:02:03:21 -0700] "-" 400 0 "-" "-"
207.46.199.22 - - [16/Apr/2012:02:03:22 -0700] "-" 400 0 "-" "-"
207.46.199.22 - - [16/Apr/2012:02:03:22 -0700] "-" 400 0 "-" "-"
207.46.199.22 - - [16/Apr/2012:02:03:22 -0700] "-" 400 0 "-" "-"
207.46.199.22 - - [16/Apr/2012:02:03:22 -0700] "-" 400 0 "-" "-"
207.46.199.22 - - [16/Apr/2012:02:03:22 -0700] "-" 400 0 "-" "-"
207.46.199.22 - - [16/Apr/2012:02:03:22 -0700] "-" 400 0 "-" "-"
207.46.199.22 - - [16/Apr/2012:02:03:22 -0700] "-" 400 0 "-" "-"
207.46.199.22 - - [16/Apr/2012:02:03:22 -0700] "-" 400 0 "-" "-"
113.193.113.66 - - [16/Apr/2012:02:03:49 -0700] "-" 400 0 "-" "-"
113.193.113.66 - - [16/Apr/2012:02:03:49 -0700] "-" 400 0 "-" "-"
113.193.113.66 - - [16/Apr/2012:02:03:49 -0700] "-" 400 0 "-" "-"
122.164.189.172 - - [16/Apr/2012:02:06:21 -0700] "-" 400 0 "-" "-"
85.17.88.169 - - [16/Apr/2012:02:08:24 -0700] "POST /blog/wp-cron.php?doing_wp_cron=1334566935 HTTP/1.0" 499 0 "-" "WordPress/3.3.1; http://yuvi.in/blog"
209.85.224.82 - - [16/Apr/2012:02:08:24 -0700] "GET /blog/feed HTTP/1.1" 304 0 "-" "FeedBurner/1.0 (http://www.FeedBurner.com)"
113.193.113.66 - - [16/Apr/2012:02:10:50 -0700] "-" 400 0 "-" "-"
113.193.113.66 - - [16/Apr/2012:02:10:50 -0700] "-" 400 0 "-" "-"
113.193.113.66 - - [16/Apr/2012:02:10:50 -0700] "-" 400 0 "-" "-"
123.236.13.80 - - [16/Apr/2012:02:10:53 -0700] "GET /AssessmentBar/r/Unassessed_India_articles/ HTTP/1.1" 302 309 "http://en.wikipedia.org/wiki/Synagogues_in_India" "Mozilla/5.0 (Windows NT 6.1; WOW64) AppleWebKit/535.19 (KHTML, like Gecko) Chrome/18.0.1025.162 Safari/535.19"
123.236.13.80 - - [16/Apr/2012:02:11:07 -0700] "-" 400 0 "-" "-"
69.171.229.248 - - [16/Apr/2012:02:13:27 -0700] "GET /r/3zv HTTP/1.1" 301 255 "-" "facebookexternalhit/1.1 (+http://www.facebook.com/externalhit_uatext.php)"
69.171.229.248 - - [16/Apr/2012:02:13:27 -0700] "GET /s/ta/3zv/ HTTP/1.1" 302 397 "-" "facebookexternalhit/1.1 (+http://www.facebook.com/externalhit_uatext.php)"
69.171.229.250 - - [16/Apr/2012:02:13:29 -0700] "GET /r/1eg5 HTTP/1.1" 301 257 "-" "facebookexternalhit/1.1 (+http://www.facebook.com/externalhit_uatext.php)"
69.171.229.244 - - [16/Apr/2012:02:13:30 -0700] "GET /s/ta/1eg5/ HTTP/1.1" 302 337 "-" "facebookexternalhit/1.1 (+http://www.facebook.com/externalhit_uatext.php)"
85.17.88.169 - - [16/Apr/2012:02:13:43 -0700] "POST /blog/wp-cron.php?doing_wp_cron=1334567254 HTTP/1.0" 499 0 "-" "WordPress/3.3.1; http://yuvi.in/blog"
183.82.76.234 - - [16/Apr/2012:02:13:43 -0700] "GET /blog/feed/ HTTP/1.0" 304 0 "-" "FeedDemon/4.0 (http://www.feeddemon.com/; Microsoft Windows)"
115.111.235.230 - - [16/Apr/2012:02:13:43 -0700] "-" 400 0 "-" "-"
69.171.229.246 - - [16/Apr/2012:02:14:25 -0700] "GET /r/1eg5 HTTP/1.1" 301 257 "-" "facebookexternalhit/1.1 (+http://www.facebook.com/externalhit_uatext.php)"
69.171.229.248 - - [16/Apr/2012:02:14:25 -0700] "GET /s/ta/1eg5/ HTTP/1.1" 302 337 "-" "facebookexternalhit/1.1 (+http://www.facebook.com/externalhit_uatext.php)"
85.17.88.169 - - [16/Apr/2012:02:15:10 -0700] "POST /blog/wp-cron.php?doing_wp_cron=1334567342 HTTP/1.0" 499 0 "-" "WordPress/3.3.1; http://yuvi.in/blog"
220.181.108.80 - - [16/Apr/2012:02:15:11 -0700] "GET /blog/2011/11/ HTTP/1.1" 200 4533 "-" "Mozilla/5.0 (compatible; Baiduspider/2.0; +http://www.baidu.com/search/spider.html)"
122.164.159.154 - - [16/Apr/2012:02:15:56 -0700] "-" 400 0 "-" "-"
122.164.159.154 - - [16/Apr/2012:02:15:57 -0700] "-" 400 0 "-" "-"
122.164.159.154 - - [16/Apr/2012:02:15:57 -0700] "-" 400 0 "-" "-"
122.164.159.154 - - [16/Apr/2012:02:15:57 -0700] "-" 400 0 "-" "-"
122.164.159.154 - - [16/Apr/2012:02:15:57 -0700] "-" 400 0 "-" "-"
122.164.159.154 - - [16/Apr/2012:02:15:57 -0700] "-" 400 0 "-" "-"
122.164.159.154 - - [16/Apr/2012:02:15:57 -0700] "-" 400 0 "-" "-"
122.164.159.154 - - [16/Apr/2012:02:15:57 -0700] "-" 400 0 "-" "-"
122.164.159.154 - - [16/Apr/2012:02:15:57 -0700] "-" 400 0 "-" "-"
117.216.177.34 - - [16/Apr/2012:02:16:09 -0700] "GET / HTTP/1.1" 200 1430 "http://www.twenty19.com/blog/going-code-crazy/" "Mozilla/5.0 (Windows NT 6.1) AppleWebKit/535.19 (KHTML, like Gecko) Chrome/18.0.1025.162 Safari/535.19"
117.216.177.34 - - [16/Apr/2012:02:16:10 -0700] "GET /blueprint/screen.css HTTP/1.1" 200 12058 "http://yuvi.in/" "Mozilla/5.0 (Windows NT 6.1) AppleWebKit/535.19 (KHTML, like Gecko) Chrome/18.0.1025.162 Safari/535.19"
117.216.177.34 - - [16/Apr/2012:02:16:11 -0700] "GET /blueprint/print.css HTTP/1.1" 200 1284 "http://yuvi.in/" "Mozilla/5.0 (Windows NT 6.1) AppleWebKit/535.19 (KHTML, like Gecko) Chrome/18.0.1025.162 Safari/535.19"
117.216.177.34 - - [16/Apr/2012:02:16:11 -0700] "GET /header.png HTTP/1.1" 200 14249 "http://yuvi.in/" "Mozilla/5.0 (Windows NT 6.1) AppleWebKit/535.19 (KHTML, like Gecko) Chrome/18.0.1025.162 Safari/535.19"
117.216.177.34 - - [16/Apr/2012:02:16:12 -0700] "GET /favicon.ico HTTP/1.1" 404 199 "-" "Mozilla/5.0 (Windows NT 6.1) AppleWebKit/535.19 (KHTML, like Gecko) Chrome/18.0.1025.162 Safari/535.19"
117.216.177.34 - - [16/Apr/2012:02:16:17 -0700] "GET /blog HTTP/1.1" 301 178 "http://yuvi.in/" "Mozilla/5.0 (Windows NT 6.1) AppleWebKit/535.19 (KHTML, like Gecko) Chrome/18.0.1025.162 Safari/535.19"
117.216.177.34 - - [16/Apr/2012:02:16:18 -0700] "GET /blog/ HTTP/1.1" 200 9195 "http://yuvi.in/" "Mozilla/5.0 (Windows NT 6.1) AppleWebKit/535.19 (KHTML, like Gecko) Chrome/18.0.1025.162 Safari/535.19"
117.216.177.34 - - [16/Apr/2012:02:16:19 -0700] "GET /blog/wp-content/themes/cleanr/js/jquery.dropdown.js?ver=3.3.1 HTTP/1.1" 200 535 "http://yuvi.in/blog/" "Mozilla/5.0 (Windows NT 6.1) AppleWebKit/535.19 (KHTML, like Gecko) Chrome/18.0.1025.162 Safari/535.19"
117.216.177.34 - - [16/Apr/2012:02:16:19 -0700] "GET /blog/wp-content/themes/cleanr/style.css HTTP/1.1" 200 10508 "http://yuvi.in/blog/" "Mozilla/5.0 (Windows NT 6.1) AppleWebKit/535.19 (KHTML, like Gecko) Chrome/18.0.1025.162 Safari/535.19"
117.216.177.34 - - [16/Apr/2012:02:16:20 -0700] "GET /blog/wp-content/themes/cleanr/css/reset.css HTTP/1.1" 200 648 "http://yuvi.in/blog/" "Mozilla/5.0 (Windows NT 6.1) AppleWebKit/535.19 (KHTML, like Gecko) Chrome/18.0.1025.162 Safari/535.19"
117.216.177.34 - - [16/Apr/2012:02:16:20 -0700] "GET /blog/wp-content/themes/cleanr/css/text.css HTTP/1.1" 200 420 "http://yuvi.in/blog/" "Mozilla/5.0 (Windows NT 6.1) AppleWebKit/535.19 (KHTML, like Gecko) Chrome/18.0.1025.162 Safari/535.19"
117.216.177.34 - - [16/Apr/2012:02:16:20 -0700] "GET /blog/wp-content/themes/cleanr/css/960.css HTTP/1.1" 200 3628 "http://yuvi.in/blog/" "Mozilla/5.0 (Windows NT 6.1) AppleWebKit/535.19 (KHTML, like Gecko) Chrome/18.0.1025.162 Safari/535.19"
117.216.177.34 - - [16/Apr/2012:02:16:20 -0700] "GET /blog/wp-includes/js/jquery/jquery.js?ver=1.7.1 HTTP/1.1" 200 93889 "http://yuvi.in/blog/" "Mozilla/5.0 (Windows NT 6.1) AppleWebKit/535.19 (KHTML, like Gecko) Chrome/18.0.1025.162 Safari/535.19"
117.216.177.34 - - [16/Apr/2012:02:16:22 -0700] "GET /blog/wp-content/themes/cleanr/images/search_magnifier.gif HTTP/1.1" 200 394 "http://yuvi.in/blog/" "Mozilla/5.0 (Windows NT 6.1) AppleWebKit/535.19 (KHTML, like Gecko) Chrome/18.0.1025.162 Safari/535.19"
117.216.177.34 - - [16/Apr/2012:02:16:22 -0700] "GET /favicon.ico HTTP/1.1" 404 199 "-" "Mozilla/5.0 (Windows NT 6.1) AppleWebKit/535.19 (KHTML, like Gecko) Chrome/18.0.1025.162 Safari/535.19"
85.17.88.169 - - [16/Apr/2012:02:16:35 -0700] "POST /blog/wp-cron.php?doing_wp_cron=1334567427 HTTP/1.0" 499 0 "-" "WordPress/3.3.1; http://yuvi.in/blog"
117.216.177.34 - - [16/Apr/2012:02:16:35 -0700] "GET /blog/category/personal/ HTTP/1.1" 200 14322 "http://yuvi.in/blog/" "Mozilla/5.0 (Windows NT 6.1) AppleWebKit/535.19 (KHTML, like Gecko) Chrome/18.0.1025.162 Safari/535.19"
117.216.177.34 - - [16/Apr/2012:02:16:47 -0700] "GET /favicon.ico HTTP/1.1" 404 199 "-" "Mozilla/5.0 (Windows NT 6.1) AppleWebKit/535.19 (KHTML, like Gecko) Chrome/18.0.1025.162 Safari/535.19"
115.184.251.224 - - [16/Apr/2012:02:17:14 -0700] "-" 400 0 "-" "-"
117.216.177.34 - - [16/Apr/2012:02:17:15 -0700] "GET /favicon.ico HTTP/1.1" 404 199 "-" "Mozilla/5.0 (Windows NT 6.1) AppleWebKit/535.19 (KHTML, like Gecko) Chrome/18.0.1025.162 Safari/535.19"
117.216.177.34 - - [16/Apr/2012:02:17:16 -0700] "GET /favicon.ico HTTP/1.1" 404 199 "-" "Mozilla/5.0 (Windows NT 6.1) AppleWebKit/535.19 (KHTML, like Gecko) Chrome/18.0.1025.162 Safari/535.19"
117.216.177.34 - - [16/Apr/2012:02:17:34 -0700] "-" 400 0 "-" "-"
117.216.177.34 - - [16/Apr/2012:02:17:34 -0700] "-" 400 0 "-" "-"
117.216.177.34 - - [16/Apr/2012:02:17:56 -0700] "GET /favicon.ico HTTP/1.1" 404 199 "-" "Mozilla/5.0 (Windows NT 6.1) AppleWebKit/535.19 (KHTML, like Gecko) Chrome/18.0.1025.162 Safari/535.19"
117.216.177.34 - - [16/Apr/2012:02:18:14 -0700] "-" 400 0 "-" "-"
117.216.177.34 - - [16/Apr/2012:02:18:14 -0700] "-" 400 0 "-" "-"
117.216.177.34 - - [16/Apr/2012:02:18:14 -0700] "-" 400 0 "-" "-"
117.216.177.34 - - [16/Apr/2012:02:18:43 -0700] "GET /favicon.ico HTTP/1.1" 404 199 "-" "Mozilla/5.0 (Windows NT 6.1) AppleWebKit/535.19 (KHTML, like Gecko) Chrome/18.0.1025.162 Safari/535.19"
66.220.149.248 - - [16/Apr/2012:02:18:48 -0700] "GET /r/1eg5 HTTP/1.1" 301 257 "-" "facebookexternalhit/1.1 (+http://www.facebook.com/externalhit_uatext.php)"
66.220.149.250 - - [16/Apr/2012:02:18:49 -0700] "GET /s/ta/1eg5/ HTTP/1.1" 302 337 "-" "facebookexternalhit/1.1 (+http://www.facebook.com/externalhit_uatext.php)"
67.215.230.27 - - [16/Apr/2012:02:18:51 -0700] "GET /robots.txt HTTP/1.0" 404 169 "-" "Setooz/Nutch-1.2 (http://www.setooz.com)"
67.215.230.27 - - [16/Apr/2012:02:18:51 -0700] "GET /stories HTTP/1.0" 301 185 "-" "Setooz/Nutch-1.2 (http://www.setooz.com)"
117.216.177.34 - - [16/Apr/2012:02:18:54 -0700] "-" 400 0 "-" "-"
117.216.177.34 - - [16/Apr/2012:02:18:54 -0700] "-" 400 0 "-" "-"
67.215.230.27 - - [16/Apr/2012:02:18:58 -0700] "GET /robots.txt HTTP/1.0" 404 169 "-" "Setooz/Nutch-1.2 (http://www.setooz.com)"
67.215.230.27 - - [16/Apr/2012:02:19:01 -0700] "GET / HTTP/1.0" 200 3439 "-" "Setooz/Nutch-1.2 (http://www.setooz.com)"
223.234.23.230 - - [16/Apr/2012:02:19:35 -0700] "GET /r/1eg5 HTTP/1.1" 301 257 "http://m.facebook.com/l.php?u=http%3A%2F%2Ftawp.in%2Fr%2F1eg5&h=_AQF0h1Lq&enc=AZMZmXxm02JkXWNWviF2UG6RQWF71kK_bO8GNW8MtCs3Om-x9xfFqw_EXbrTZNwGcX5zVlRq_ta5z5N_c_JiL-HJK4RLycAhBPoksnWNvLYaOjc5P19-GForTyteV7kRj8iOI46PIvU56IKnOXRenVARa4Hw_IMEQOXSvnkbd9IyrDmaSzXgS7IhKpPKELiJc-dOwEQylAHThrQss7Tudrl4E-QBd52_3H4Z-Rh2edKo0vS00OQq6qeSrsJaaFOo127P94h7OI1Won3prpktVWLbuegVWACsx3EzLX3hvJCIs0fnLnwo5A203TblHimYAjs" "Nokia7230/5.0 (06.90) Profile/MIDP-2.1 Configuration/CLDC-1.1 Mozilla/5.0 AppleWebKit/420+ (KHTML, like Gecko) Safari/420+"
223.234.23.230 - - [16/Apr/2012:02:19:37 -0700] "GET /s/ta/1eg5/ HTTP/1.1" 302 337 "http://m.facebook.com/l.php?u=http%3A%2F%2Ftawp.in%2Fr%2F1eg5&h=_AQF0h1Lq&enc=AZMZmXxm02JkXWNWviF2UG6RQWF71kK_bO8GNW8MtCs3Om-x9xfFqw_EXbrTZNwGcX5zVlRq_ta5z5N_c_JiL-HJK4RLycAhBPoksnWNvLYaOjc5P19-GForTyteV7kRj8iOI46PIvU56IKnOXRenVARa4Hw_IMEQOXSvnkbd9IyrDmaSzXgS7IhKpPKELiJc-dOwEQylAHThrQss7Tudrl4E-QBd52_3H4Z-Rh2edKo0vS00OQq6qeSrsJaaFOo127P94h7OI1Won3prpktVWLbuegVWACsx3EzLX3hvJCIs0fnLnwo5A203TblHimYAjs" "Nokia7230/5.0 (06.90) Profile/MIDP-2.1 Configuration/CLDC-1.1 Mozilla/5.0 AppleWebKit/420+ (KHTML, like Gecko) Safari/420+"
117.193.59.57 - - [16/Apr/2012:02:27:51 -0700] "-" 400 0 "-" "-"
65.255.37.159 - - [16/Apr/2012:02:28:11 -0700] "GET / HTTP/1.1" 200 1430 "http://www.google.com/m?client=ms-aff-ucweb&output=xhtml&hl=en&q=Yuvi" "Nokia2690/2.0 (10.10) Profile/MIDP-2.1 Configuration/CLDC-1.1 nokia2690/UC Browser8.0.3.107/70/355"
65.255.37.159 - - [16/Apr/2012:02:28:11 -0700] "GET /blueprint/screen.css HTTP/1.1" 200 12058 "http://yuvi.in/" "Nokia2690/2.0 (10.10) Profile/MIDP-2.1 Configuration/CLDC-1.1 nokia2690/UC Browser8.0.3.107/70/355"
65.255.37.159 - - [16/Apr/2012:02:28:11 -0700] "GET /blueprint/print.css HTTP/1.1" 200 1284 "http://yuvi.in/" "Nokia2690/2.0 (10.10) Profile/MIDP-2.1 Configuration/CLDC-1.1 nokia2690/UC Browser8.0.3.107/70/355"
65.255.37.159 - - [16/Apr/2012:02:28:11 -0700] "GET /blueprint/src/grid.png HTTP/1.1" 200 161 "http://yuvi.in/" "Nokia2690/2.0 (10.10) Profile/MIDP-2.1 Configuration/CLDC-1.1 nokia2690/UC Browser8.0.3.107/70/355"
65.255.37.159 - - [16/Apr/2012:02:28:11 -0700] "GET /header.png HTTP/1.1" 200 14249 "http://yuvi.in/" "Nokia2690/2.0 (10.10) Profile/MIDP-2.1 Configuration/CLDC-1.1 nokia2690/UC Browser8.0.3.107/70/355"
65.255.37.159 - - [16/Apr/2012:02:28:11 -0700] "GET /favicon.ico HTTP/1.1" 404 142 "-" "Nokia2690/2.0 (10.10) Profile/MIDP-2.1 Configuration/CLDC-1.1 nokia2690/UC Browser8.0.3.107/70/355"
115.184.251.224 - - [16/Apr/2012:02:30:33 -0700] "-" 400 0 "-" "-"
115.184.251.224 - - [16/Apr/2012:02:30:40 -0700] "-" 400 0 "-" "-"
85.17.88.169 - - [16/Apr/2012:02:31:04 -0700] "POST /blog/wp-cron.php?doing_wp_cron=1334568296 HTTP/1.0" 499 0 "-" "WordPress/3.3.1; http://yuvi.in/blog"
220.181.108.76 - - [16/Apr/2012:02:31:05 -0700] "GET /blog/category/code/ HTTP/1.1" 200 12265 "-" "Mozilla/5.0 (compatible; Baiduspider/2.0; +http://www.baidu.com/search/spider.html)"
117.193.59.57 - - [16/Apr/2012:02:31:30 -0700] "-" 400 0 "-" "-"
66.220.147.250 - - [16/Apr/2012:02:35:10 -0700] "GET /r/2ols HTTP/1.1" 301 257 "-" "facebookexternalhit/1.1 (+http://www.facebook.com/externalhit_uatext.php)"
66.220.147.248 - - [16/Apr/2012:02:35:10 -0700] "GET /s/ta/2ols/ HTTP/1.1" 302 469 "-" "facebookexternalhit/1.1 (+http://www.facebook.com/externalhit_uatext.php)"
66.220.149.251 - - [16/Apr/2012:02:35:12 -0700] "GET /r/2ols HTTP/1.1" 301 257 "-" "facebookexternalhit/1.1 (+http://www.facebook.com/externalhit_uatext.php)"
66.220.149.251 - - [16/Apr/2012:02:35:12 -0700] "GET /s/ta/2ols/ HTTP/1.1" 302 469 "-" "facebookexternalhit/1.1 (+http://www.facebook.com/externalhit_uatext.php)"
95.223.104.61 - - [16/Apr/2012:02:35:13 -0700] "GET /r/h0 HTTP/1.1" 301 253 "http://ta.wikipedia.org/wiki/%E0%AE%A4%E0%AE%AE%E0%AE%BF%E0%AE%B4%E0%AE%B0%E0%AF%8D" "Mozilla/4.0 (compatible; MSIE 8.0; Windows NT 5.1; Trident/4.0; GTB7.3; .NET CLR 3.0.4506.2152; .NET CLR 3.5.30729; .NET CLR 2.0.50727; AskTbORJ/5.14.1.20007)"
95.223.104.61 - - [16/Apr/2012:02:35:14 -0700] "GET /s/ta/h0/ HTTP/1.1" 302 337 "http://ta.wikipedia.org/wiki/%E0%AE%A4%E0%AE%AE%E0%AE%BF%E0%AE%B4%E0%AE%B0%E0%AF%8D" "Mozilla/4.0 (compatible; MSIE 8.0; Windows NT 5.1; Trident/4.0; GTB7.3; .NET CLR 3.0.4506.2152; .NET CLR 3.5.30729; .NET CLR 2.0.50727; AskTbORJ/5.14.1.20007)"
143.215.62.120 - - [16/Apr/2012:02:35:39 -0700] "GET /r/1hwi HTTP/1.1" 301 257 "http://ta.wikipedia.org/wiki/%E0%AE%AA%E0%AF%81%E0%AE%B1%E0%AF%8D%E0%AE%B1%E0%AF%81%E0%AE%A8%E0%AF%8B%E0%AE%AF%E0%AF%8D" "Mozilla/5.0 (Windows NT 6.1; WOW64) AppleWebKit/535.19 (KHTML, like Gecko) Chrome/18.0.1025.162 Safari/535.19"
143.215.62.120 - - [16/Apr/2012:02:35:40 -0700] "GET /s/ta/1hwi/ HTTP/1.1" 302 385 "http://ta.wikipedia.org/wiki/%E0%AE%AA%E0%AF%81%E0%AE%B1%E0%AF%8D%E0%AE%B1%E0%AF%81%E0%AE%A8%E0%AF%8B%E0%AE%AF%E0%AF%8D" "Mozilla/5.0 (Windows NT 6.1; WOW64) AppleWebKit/535.19 (KHTML, like Gecko) Chrome/18.0.1025.162 Safari/535.19"
209.85.224.82 - - [16/Apr/2012:02:35:44 -0700] "GET /stories/feed HTTP/1.1" 200 13653 "-" "FeedBurner/1.0 (http://www.FeedBurner.com)"
207.46.199.20 - - [16/Apr/2012:02:37:46 -0700] "-" 400 0 "-" "-"
207.46.199.20 - - [16/Apr/2012:02:37:46 -0700] "-" 400 0 "-" "-"
207.46.199.20 - - [16/Apr/2012:02:37:46 -0700] "-" 400 0 "-" "-"
207.46.199.20 - - [16/Apr/2012:02:37:47 -0700] "-" 400 0 "-" "-"
207.46.199.20 - - [16/Apr/2012:02:37:47 -0700] "-" 400 0 "-" "-"
207.46.199.20 - - [16/Apr/2012:02:37:48 -0700] "-" 400 0 "-" "-"
207.46.199.20 - - [16/Apr/2012:02:37:49 -0700] "-" 400 0 "-" "-"
207.46.199.20 - - [16/Apr/2012:02:37:50 -0700] "-" 400 0 "-" "-"
207.46.199.20 - - [16/Apr/2012:02:37:50 -0700] "-" 400 0 "-" "-"
207.46.199.20 - - [16/Apr/2012:02:37:50 -0700] "-" 400 0 "-" "-"
207.46.199.20 - - [16/Apr/2012:02:37:50 -0700] "-" 400 0 "-" "-"
207.46.199.20 - - [16/Apr/2012:02:37:51 -0700] "-" 400 0 "-" "-"
69.171.228.246 - - [16/Apr/2012:02:37:53 -0700] "GET /r/2gbp HTTP/1.1" 301 257 "-" "facebookexternalhit/1.1 (+http://www.facebook.com/externalhit_uatext.php)"
69.171.228.247 - - [16/Apr/2012:02:37:54 -0700] "GET /s/ta/2gbp/ HTTP/1.1" 302 645 "-" "facebookexternalhit/1.1 (+http://www.facebook.com/externalhit_uatext.php)"
207.46.199.20 - - [16/Apr/2012:02:38:26 -0700] "-" 400 0 "-" "-"
85.17.88.169 - - [16/Apr/2012:02:38:34 -0700] "POST /blog/wp-cron.php?doing_wp_cron=1334568746 HTTP/1.0" 499 0 "-" "WordPress/3.3.1; http://yuvi.in/blog"
209.85.224.98 - - [16/Apr/2012:02:38:34 -0700] "GET /blog/feed HTTP/1.1" 304 0 "-" "FeedBurner/1.0 (http://www.FeedBurner.com)"
85.17.88.169 - - [16/Apr/2012:02:38:52 -0700] "POST /blog/wp-cron.php?doing_wp_cron=1334568763 HTTP/1.0" 499 0 "-" "WordPress/3.3.1; http://yuvi.in/blog"
124.176.123.184 - - [16/Apr/2012:02:38:52 -0700] "GET /blog/feed/ HTTP/1.1" 304 0 "-" "FeedDemon/3.0 (http://www.feeddemon.com/; Microsoft Windows XP)"
85.17.88.169 - - [16/Apr/2012:02:40:03 -0700] "POST /blog/wp-cron.php?doing_wp_cron=1334568834 HTTP/1.0" 499 0 "-" "WordPress/3.3.1; http://yuvi.in/blog"
65.52.110.147 - - [16/Apr/2012:02:40:03 -0700] "GET /blog/2011/01/ HTTP/1.1" 200 7831 "-" "Mozilla/5.0 (compatible; bingbot/2.0; +http://www.bing.com/bingbot.htm)"
207.46.193.39 - - [16/Apr/2012:02:40:19 -0700] "-" 400 0 "-" "-"
207.46.193.39 - - [16/Apr/2012:02:40:24 -0700] "-" 400 0 "-" "-"
207.46.193.39 - - [16/Apr/2012:02:40:25 -0700] "-" 400 0 "-" "-"
207.46.193.39 - - [16/Apr/2012:02:40:26 -0700] "-" 400 0 "-" "-"
207.46.193.39 - - [16/Apr/2012:02:40:26 -0700] "-" 400 0 "-" "-"
207.46.193.39 - - [16/Apr/2012:02:40:28 -0700] "-" 400 0 "-" "-"
207.46.193.39 - - [16/Apr/2012:02:40:29 -0700] "-" 400 0 "-" "-"
207.46.193.39 - - [16/Apr/2012:02:40:30 -0700] "-" 400 0 "-" "-"
207.46.193.39 - - [16/Apr/2012:02:40:32 -0700] "-" 400 0 "-" "-"
207.46.193.39 - - [16/Apr/2012:02:40:32 -0700] "-" 400 0 "-" "-"
223.234.23.230 - - [16/Apr/2012:02:40:39 -0700] "GET /r/1eg5 HTTP/1.1" 301 257 "http://m.facebook.com/l.php?u=http%3A%2F%2Ftawp.in%2Fr%2F1eg5&h=_AQF0h1Lq&enc=AZMZmXxm02JkXWNWviF2UG6RQWF71kK_bO8GNW8MtCs3Om-x9xfFqw_EXbrTZNwGcX5zVlRq_ta5z5N_c_JiL-HJK4RLycAhBPoksnWNvLYaOjc5P19-GForTyteV7kRj8iOI46PIvU56IKnOXRenVARa4Hw_IMEQOXSvnkbd9IyrDmaSzXgS7IhKpPKELiJc-dOwEQylAHThrQss7Tudrl4E-QBd52_3H4Z-Rh2edKo0vS00OQq6qeSrsJaaFOo127P94h7OI1Won3prpktVWLbuegVWACsx3EzLX3hvJCIs0fnLnwo5A203TblHimYAjs" "Nokia7230/5.0 (06.90) Profile/MIDP-2.1 Configuration/CLDC-1.1 Mozilla/5.0 AppleWebKit/420+ (KHTML, like Gecko) Safari/420+"
223.234.23.230 - - [16/Apr/2012:02:40:40 -0700] "GET /s/ta/1eg5/ HTTP/1.1" 302 337 "http://m.facebook.com/l.php?u=http%3A%2F%2Ftawp.in%2Fr%2F1eg5&h=_AQF0h1Lq&enc=AZMZmXxm02JkXWNWviF2UG6RQWF71kK_bO8GNW8MtCs3Om-x9xfFqw_EXbrTZNwGcX5zVlRq_ta5z5N_c_JiL-HJK4RLycAhBPoksnWNvLYaOjc5P19-GForTyteV7kRj8iOI46PIvU56IKnOXRenVARa4Hw_IMEQOXSvnkbd9IyrDmaSzXgS7IhKpPKELiJc-dOwEQylAHThrQss7Tudrl4E-QBd52_3H4Z-Rh2edKo0vS00OQq6qeSrsJaaFOo127P94h7OI1Won3prpktVWLbuegVWACsx3EzLX3hvJCIs0fnLnwo5A203TblHimYAjs" "Nokia7230/5.0 (06.90) Profile/MIDP-2.1 Configuration/CLDC-1.1 Mozilla/5.0 AppleWebKit/420+ (KHTML, like Gecko) Safari/420+"
85.17.88.169 - - [16/Apr/2012:02:40:49 -0700] "POST /blog/wp-cron.php?doing_wp_cron=1334568881 HTTP/1.0" 499 0 "-" "WordPress/3.3.1; http://yuvi.in/blog"
66.249.73.219 - - [16/Apr/2012:02:40:50 -0700] "GET /blog/my-new-canon-550d-from-flipkart/ HTTP/1.1" 200 5495 "-" "Mozilla/5.0 (iPhone; U; CPU iPhone OS 4_1 like Mac OS X; en-us) AppleWebKit/532.9 (KHTML, like Gecko) Version/4.0.5 Mobile/8B117 Safari/6531.22.7 (compatible; Googlebot-Mobile/2.1; +http://www.google.com/bot.html)"
207.46.193.39 - - [16/Apr/2012:02:41:26 -0700] "-" 400 0 "-" "-"
223.234.23.230 - - [16/Apr/2012:02:41:29 -0700] "GET /r/1eg5 HTTP/1.1" 301 257 "http://m.facebook.com/l.php?u=http%3A%2F%2Ftawp.in%2Fr%2F1eg5&h=_AQF0h1Lq&enc=AZMZmXxm02JkXWNWviF2UG6RQWF71kK_bO8GNW8MtCs3Om-x9xfFqw_EXbrTZNwGcX5zVlRq_ta5z5N_c_JiL-HJK4RLycAhBPoksnWNvLYaOjc5P19-GForTyteV7kRj8iOI46PIvU56IKnOXRenVARa4Hw_IMEQOXSvnkbd9IyrDmaSzXgS7IhKpPKELiJc-dOwEQylAHThrQss7Tudrl4E-QBd52_3H4Z-Rh2edKo0vS00OQq6qeSrsJaaFOo127P94h7OI1Won3prpktVWLbuegVWACsx3EzLX3hvJCIs0fnLnwo5A203TblHimYAjs" "Nokia7230/5.0 (06.90) Profile/MIDP-2.1 Configuration/CLDC-1.1 Mozilla/5.0 AppleWebKit/420+ (KHTML, like Gecko) Safari/420+"
223.234.23.230 - - [16/Apr/2012:02:41:31 -0700] "GET /s/ta/1eg5/ HTTP/1.1" 302 337 "http://m.facebook.com/l.php?u=http%3A%2F%2Ftawp.in%2Fr%2F1eg5&h=_AQF0h1Lq&enc=AZMZmXxm02JkXWNWviF2UG6RQWF71kK_bO8GNW8MtCs3Om-x9xfFqw_EXbrTZNwGcX5zVlRq_ta5z5N_c_JiL-HJK4RLycAhBPoksnWNvLYaOjc5P19-GForTyteV7kRj8iOI46PIvU56IKnOXRenVARa4Hw_IMEQOXSvnkbd9IyrDmaSzXgS7IhKpPKELiJc-dOwEQylAHThrQss7Tudrl4E-QBd52_3H4Z-Rh2edKo0vS00OQq6qeSrsJaaFOo127P94h7OI1Won3prpktVWLbuegVWACsx3EzLX3hvJCIs0fnLnwo5A203TblHimYAjs" "Nokia7230/5.0 (06.90) Profile/MIDP-2.1 Configuration/CLDC-1.1 Mozilla/5.0 AppleWebKit/420+ (KHTML, like Gecko) Safari/420+"
85.17.88.169 - - [16/Apr/2012:02:41:33 -0700] "POST /blog/wp-cron.php?doing_wp_cron=1334568924 HTTP/1.0" 499 0 "-" "WordPress/3.3.1; http://yuvi.in/blog"
209.85.238.182 - - [16/Apr/2012:02:41:33 -0700] "GET /blog/feed/ HTTP/1.1" 304 0 "-" "Feedfetcher-Google; (+http://www.google.com/feedfetcher.html; 19 subscribers; feed-id=15064232456473204253)"
157.55.112.199 - - [16/Apr/2012:02:43:49 -0700] "-" 400 0 "-" "-"
157.55.112.199 - - [16/Apr/2012:02:43:49 -0700] "-" 400 0 "-" "-"
157.55.112.199 - - [16/Apr/2012:02:43:53 -0700] "-" 400 0 "-" "-"
157.55.112.199 - - [16/Apr/2012:02:44:05 -0700] "-" 400 0 "-" "-"
157.55.112.199 - - [16/Apr/2012:02:44:07 -0700] "-" 400 0 "-" "-"
157.55.112.199 - - [16/Apr/2012:02:44:08 -0700] "-" 400 0 "-" "-"
157.55.112.199 - - [16/Apr/2012:02:44:15 -0700] "-" 400 0 "-" "-"
157.55.112.199 - - [16/Apr/2012:02:44:15 -0700] "-" 400 0 "-" "-"
157.55.112.199 - - [16/Apr/2012:02:44:16 -0700] "-" 400 0 "-" "-"
157.55.112.199 - - [16/Apr/2012:02:44:17 -0700] "-" 400 0 "-" "-"
157.55.112.199 - - [16/Apr/2012:02:44:17 -0700] "-" 400 0 "-" "-"
115.184.88.47 - - [16/Apr/2012:02:45:10 -0700] "-" 400 0 "-" "-"
85.17.88.169 - - [16/Apr/2012:02:45:10 -0700] "POST /blog/wp-cron.php?doing_wp_cron=1334569142 HTTP/1.0" 499 0 "-" "WordPress/3.3.1; http://yuvi.in/blog"
209.85.238.182 - - [16/Apr/2012:02:45:11 -0700] "GET /blog/feed HTTP/1.1" 301 0 "-" "Feedfetcher-Google; (+http://www.google.com/feedfetcher.html; 3 subscribers; feed-id=17684830852112633560)"
85.17.88.169 - - [16/Apr/2012:02:45:13 -0700] "POST /blog/wp-cron.php?doing_wp_cron=1334569144 HTTP/1.0" 499 0 "-" "WordPress/3.3.1; http://yuvi.in/blog"
209.85.238.182 - - [16/Apr/2012:02:45:13 -0700] "GET /blog/feed/ HTTP/1.1" 304 0 "-" "Feedfetcher-Google; (+http://www.google.com/feedfetcher.html; 3 subscribers; feed-id=17684830852112633560)"
85.17.88.169 - - [16/Apr/2012:02:49:37 -0700] "POST /blog/wp-cron.php?doing_wp_cron=1334569408 HTTP/1.0" 499 0 "-" "WordPress/3.3.1; http://yuvi.in/blog"
183.82.76.234 - - [16/Apr/2012:02:49:37 -0700] "GET /blog/feed/ HTTP/1.0" 304 0 "-" "FeedDemon/4.0 (http://www.feeddemon.com/; Microsoft Windows)"
115.184.88.47 - - [16/Apr/2012:02:52:09 -0700] "-" 400 0 "-" "-"
115.184.88.47 - - [16/Apr/2012:02:52:09 -0700] "-" 400 0 "-" "-"
115.184.88.47 - - [16/Apr/2012:02:52:09 -0700] "-" 400 0 "-" "-"
115.184.88.47 - - [16/Apr/2012:02:52:09 -0700] "-" 400 0 "-" "-"
85.17.88.169 - - [16/Apr/2012:02:52:18 -0700] "POST /blog/wp-cron.php?doing_wp_cron=1334569569 HTTP/1.0" 499 0 "-" "WordPress/3.3.1; http://yuvi.in/blog"
220.181.108.90 - - [16/Apr/2012:02:52:19 -0700] "GET /blog/category/devlog/ HTTP/1.1" 200 14854 "-" "Mozilla/5.0 (compatible; Baiduspider/2.0; +http://www.baidu.com/search/spider.html)"
69.171.229.250 - - [16/Apr/2012:02:55:29 -0700] "GET /r/1eg5 HTTP/1.1" 301 257 "-" "facebookexternalhit/1.1 (+http://www.facebook.com/externalhit_uatext.php)"
69.171.229.247 - - [16/Apr/2012:02:55:29 -0700] "GET /s/ta/1eg5/ HTTP/1.1" 302 337 "-" "facebookexternalhit/1.1 (+http://www.facebook.com/externalhit_uatext.php)"
14.139.187.68 - - [16/Apr/2012:02:58:06 -0700] "GET /r/34j4 HTTP/1.1" 301 257 "http://www.vallamai.com/literature/articles/18680/" "Mozilla/5.0 (Windows; U; Windows NT 5.1; en-US; rv:1.9.0.19) Gecko/2010031422 Firefox/3.0.19"
14.139.187.68 - - [16/Apr/2012:02:58:07 -0700] "GET /s/ta/34j4/ HTTP/1.1" 302 397 "http://www.vallamai.com/literature/articles/18680/" "Mozilla/5.0 (Windows; U; Windows NT 5.1; en-US; rv:1.9.0.19) Gecko/2010031422 Firefox/3.0.19"
66.220.149.245 - - [16/Apr/2012:02:58:11 -0700] "GET /r/1eg5 HTTP/1.1" 301 257 "-" "facebookexternalhit/1.1 (+http://www.facebook.com/externalhit_uatext.php)"
66.220.149.247 - - [16/Apr/2012:02:58:11 -0700] "GET /s/ta/1eg5/ HTTP/1.1" 302 337 "-" "facebookexternalhit/1.1 (+http://www.facebook.com/externalhit_uatext.php)"
120.56.241.220 - - [16/Apr/2012:02:59:20 -0700] "GET /stories/emacs.html HTTP/1.1" 200 2194 "http://t.co/RmQdIGbp" "Mozilla/5.0 (X11; Linux x86_64) AppleWebKit/535.19 (KHTML, like Gecko) Chrome/18.0.1025.151 Safari/535.19"
120.56.241.220 - - [16/Apr/2012:02:59:20 -0700] "GET /stories/static/style.css HTTP/1.1" 200 1274 "http://yuvi.in/stories/emacs.html" "Mozilla/5.0 (X11; Linux x86_64) AppleWebKit/535.19 (KHTML, like Gecko) Chrome/18.0.1025.151 Safari/535.19"
120.56.241.220 - - [16/Apr/2012:02:59:20 -0700] "GET /stories/static/codehilite.css HTTP/1.1" 200 4012 "http://yuvi.in/stories/emacs.html" "Mozilla/5.0 (X11; Linux x86_64) AppleWebKit/535.19 (KHTML, like Gecko) Chrome/18.0.1025.151 Safari/535.19"
120.56.241.220 - - [16/Apr/2012:02:59:25 -0700] "GET /favicon.ico HTTP/1.1" 404 199 "-" "Mozilla/5.0 (X11; Linux x86_64) AppleWebKit/535.19 (KHTML, like Gecko) Chrome/18.0.1025.151 Safari/535.19"
120.56.241.220 - - [16/Apr/2012:02:59:25 -0700] "GET /favicon.ico HTTP/1.1" 404 199 "-" "Mozilla/5.0 (X11; Linux x86_64) AppleWebKit/535.19 (KHTML, like Gecko) Chrome/18.0.1025.151 Safari/535.19"
120.56.241.220 - - [16/Apr/2012:02:59:25 -0700] "GET /favicon.ico HTTP/1.1" 404 199 "-" "Mozilla/5.0 (X11; Linux x86_64) AppleWebKit/535.19 (KHTML, like Gecko) Chrome/18.0.1025.151 Safari/535.19"
120.56.241.220 - - [16/Apr/2012:02:59:26 -0700] "GET /favicon.ico HTTP/1.1" 404 199 "-" "Mozilla/5.0 (X11; Linux x86_64) AppleWebKit/535.19 (KHTML, like Gecko) Chrome/18.0.1025.151 Safari/535.19"
120.56.241.220 - - [16/Apr/2012:03:00:30 -0700] "GET / HTTP/1.1" 200 1430 "http://yuvi.in/stories/emacs.html" "Mozilla/5.0 (X11; Linux x86_64) AppleWebKit/535.19 (KHTML, like Gecko) Chrome/18.0.1025.151 Safari/535.19"
120.56.241.220 - - [16/Apr/2012:03:00:31 -0700] "GET /blueprint/screen.css HTTP/1.1" 200 12058 "http://yuvi.in/" "Mozilla/5.0 (X11; Linux x86_64) AppleWebKit/535.19 (KHTML, like Gecko) Chrome/18.0.1025.151 Safari/535.19"
120.56.241.220 - - [16/Apr/2012:03:00:31 -0700] "GET /header.png HTTP/1.1" 200 14249 "http://yuvi.in/" "Mozilla/5.0 (X11; Linux x86_64) AppleWebKit/535.19 (KHTML, like Gecko) Chrome/18.0.1025.151 Safari/535.19"
120.56.241.220 - - [16/Apr/2012:03:00:32 -0700] "GET /blueprint/print.css HTTP/1.1" 200 1284 "http://yuvi.in/" "Mozilla/5.0 (X11; Linux x86_64) AppleWebKit/535.19 (KHTML, like Gecko) Chrome/18.0.1025.151 Safari/535.19"
120.56.241.220 - - [16/Apr/2012:03:00:32 -0700] "GET /favicon.ico HTTP/1.1" 404 199 "-" "Mozilla/5.0 (X11; Linux x86_64) AppleWebKit/535.19 (KHTML, like Gecko) Chrome/18.0.1025.151 Safari/535.19"
120.56.241.220 - - [16/Apr/2012:03:00:40 -0700] "GET /blog HTTP/1.1" 301 178 "http://yuvi.in/" "Mozilla/5.0 (X11; Linux x86_64) AppleWebKit/535.19 (KHTML, like Gecko) Chrome/18.0.1025.151 Safari/535.19"
85.17.88.169 - - [16/Apr/2012:03:00:43 -0700] "POST /blog/wp-cron.php?doing_wp_cron=1334570074 HTTP/1.0" 499 0 "-" "WordPress/3.3.1; http://yuvi.in/blog"
120.56.241.220 - - [16/Apr/2012:03:00:43 -0700] "GET /blog/ HTTP/1.1" 200 9195 "http://yuvi.in/" "Mozilla/5.0 (X11; Linux x86_64) AppleWebKit/535.19 (KHTML, like Gecko) Chrome/18.0.1025.151 Safari/535.19"
120.56.241.220 - - [16/Apr/2012:03:00:44 -0700] "GET /blog/wp-content/themes/cleanr/js/jquery.dropdown.js?ver=3.3.1 HTTP/1.1" 200 535 "http://yuvi.in/blog/" "Mozilla/5.0 (X11; Linux x86_64) AppleWebKit/535.19 (KHTML, like Gecko) Chrome/18.0.1025.151 Safari/535.19"
120.56.241.220 - - [16/Apr/2012:03:00:44 -0700] "GET /blog/wp-content/themes/cleanr/style.css HTTP/1.1" 200 10508 "http://yuvi.in/blog/" "Mozilla/5.0 (X11; Linux x86_64) AppleWebKit/535.19 (KHTML, like Gecko) Chrome/18.0.1025.151 Safari/535.19"
120.56.241.220 - - [16/Apr/2012:03:00:45 -0700] "GET /blog/wp-includes/js/jquery/jquery.js?ver=1.7.1 HTTP/1.1" 200 93889 "http://yuvi.in/blog/" "Mozilla/5.0 (X11; Linux x86_64) AppleWebKit/535.19 (KHTML, like Gecko) Chrome/18.0.1025.151 Safari/535.19"
120.56.241.220 - - [16/Apr/2012:03:00:45 -0700] "GET /blog/wp-content/themes/cleanr/css/reset.css HTTP/1.1" 200 648 "http://yuvi.in/blog/" "Mozilla/5.0 (X11; Linux x86_64) AppleWebKit/535.19 (KHTML, like Gecko) Chrome/18.0.1025.151 Safari/535.19"
120.56.241.220 - - [16/Apr/2012:03:00:45 -0700] "GET /blog/wp-content/themes/cleanr/css/text.css HTTP/1.1" 200 420 "http://yuvi.in/blog/" "Mozilla/5.0 (X11; Linux x86_64) AppleWebKit/535.19 (KHTML, like Gecko) Chrome/18.0.1025.151 Safari/535.19"
120.56.241.220 - - [16/Apr/2012:03:00:45 -0700] "GET /blog/wp-content/themes/cleanr/css/960.css HTTP/1.1" 200 3628 "http://yuvi.in/blog/" "Mozilla/5.0 (X11; Linux x86_64) AppleWebKit/535.19 (KHTML, like Gecko) Chrome/18.0.1025.151 Safari/535.19"
120.56.241.220 - - [16/Apr/2012:03:00:46 -0700] "GET /blog/wp-content/themes/cleanr/images/search_magnifier.gif HTTP/1.1" 200 394 "http://yuvi.in/blog/" "Mozilla/5.0 (X11; Linux x86_64) AppleWebKit/535.19 (KHTML, like Gecko) Chrome/18.0.1025.151 Safari/535.19"
180.76.6.211 - - [16/Apr/2012:03:00:48 -0700] "GET /r/2gik HTTP/1.1" 301 257 "-" "Mozilla/5.0 (compatible; Baiduspider/2.0; +http://www.baidu.com/search/spider.html)"
180.76.5.138 - - [16/Apr/2012:03:00:49 -0700] "GET /s/ta/2gik/ HTTP/1.1" 302 437 "-" "Mozilla/5.0 (compatible; Baiduspider/2.0; +http://www.baidu.com/search/spider.html)"
120.56.241.220 - - [16/Apr/2012:03:00:50 -0700] "GET /favicon.ico HTTP/1.1" 404 199 "-" "Mozilla/5.0 (X11; Linux x86_64) AppleWebKit/535.19 (KHTML, like Gecko) Chrome/18.0.1025.151 Safari/535.19"
120.56.241.220 - - [16/Apr/2012:03:05:31 -0700] "GET /favicon.ico HTTP/1.1" 404 199 "-" "Mozilla/5.0 (X11; Linux x86_64) AppleWebKit/535.19 (KHTML, like Gecko) Chrome/18.0.1025.151 Safari/535.19"
85.17.88.169 - - [16/Apr/2012:03:05:36 -0700] "POST /blog/wp-cron.php?doing_wp_cron=1334570368 HTTP/1.0" 499 0 "-" "WordPress/3.3.1; http://yuvi.in/blog"
120.56.241.220 - - [16/Apr/2012:03:05:36 -0700] "GET /blog/my-vimrc/ HTTP/1.1" 200 4116 "http://yuvi.in/blog/" "Mozilla/5.0 (X11; Linux x86_64) AppleWebKit/535.19 (KHTML, like Gecko) Chrome/18.0.1025.151 Safari/535.19"
120.56.241.220 - - [16/Apr/2012:03:05:38 -0700] "GET /favicon.ico HTTP/1.1" 404 199 "-" "Mozilla/5.0 (X11; Linux x86_64) AppleWebKit/535.19 (KHTML, like Gecko) Chrome/18.0.1025.151 Safari/535.19"
120.56.241.220 - - [16/Apr/2012:03:05:38 -0700] "GET /favicon.ico HTTP/1.1" 404 199 "-" "Mozilla/5.0 (X11; Linux x86_64) AppleWebKit/535.19 (KHTML, like Gecko) Chrome/18.0.1025.151 Safari/535.19"
120.56.241.220 - - [16/Apr/2012:03:05:38 -0700] "GET /favicon.ico HTTP/1.1" 404 199 "-" "Mozilla/5.0 (X11; Linux x86_64) AppleWebKit/535.19 (KHTML, like Gecko) Chrome/18.0.1025.151 Safari/535.19"
85.17.88.169 - - [16/Apr/2012:03:05:40 -0700] "POST /blog/wp-cron.php?doing_wp_cron=1334570371 HTTP/1.0" 499 0 "-" "WordPress/3.3.1; http://yuvi.in/blog"
120.56.241.220 - - [16/Apr/2012:03:05:40 -0700] "GET /blog/my-vimrc/?cf_action=sync_comments&post_id=398 HTTP/1.1" 200 48 "http://yuvi.in/blog/my-vimrc/" "Mozilla/5.0 (X11; Linux x86_64) AppleWebKit/535.19 (KHTML, like Gecko) Chrome/18.0.1025.151 Safari/535.19"
120.56.241.220 - - [16/Apr/2012:03:05:47 -0700] "-" 400 0 "-" "-"
120.56.241.220 - - [16/Apr/2012:03:05:47 -0700] "-" 400 0 "-" "-"
120.56.241.220 - - [16/Apr/2012:03:05:52 -0700] "GET /favicon.ico HTTP/1.1" 404 199 "-" "Mozilla/5.0 (X11; Linux x86_64) AppleWebKit/535.19 (KHTML, like Gecko) Chrome/18.0.1025.151 Safari/535.19"
112.79.40.84 - - [16/Apr/2012:03:07:00 -0700] "-" 400 0 "-" "-"
112.79.40.84 - - [16/Apr/2012:03:07:49 -0700] "-" 400 0 "-" "-"
85.17.88.169 - - [16/Apr/2012:03:08:43 -0700] "POST /blog/wp-cron.php?doing_wp_cron=1334570555 HTTP/1.0" 499 0 "-" "WordPress/3.3.1; http://yuvi.in/blog"
209.85.224.82 - - [16/Apr/2012:03:08:44 -0700] "GET /blog/feed HTTP/1.1" 304 0 "-" "FeedBurner/1.0 (http://www.FeedBurner.com)"
112.79.40.84 - - [16/Apr/2012:03:09:00 -0700] "-" 400 0 "-" "-"
112.79.40.84 - - [16/Apr/2012:03:09:00 -0700] "-" 400 0 "-" "-"
112.79.40.84 - - [16/Apr/2012:03:09:00 -0700] "-" 400 0 "-" "-"
112.79.40.84 - - [16/Apr/2012:03:09:00 -0700] "-" 400 0 "-" "-"
112.79.40.84 - - [16/Apr/2012:03:09:00 -0700] "-" 400 0 "-" "-"
207.46.204.215 - - [16/Apr/2012:03:09:01 -0700] "-" 400 0 "-" "-"
207.46.204.215 - - [16/Apr/2012:03:09:03 -0700] "-" 400 0 "-" "-"
207.46.204.215 - - [16/Apr/2012:03:09:04 -0700] "-" 400 0 "-" "-"
207.46.204.215 - - [16/Apr/2012:03:09:04 -0700] "-" 400 0 "-" "-"
207.46.204.215 - - [16/Apr/2012:03:09:04 -0700] "-" 400 0 "-" "-"
207.46.204.215 - - [16/Apr/2012:03:09:04 -0700] "-" 400 0 "-" "-"
207.46.204.215 - - [16/Apr/2012:03:09:04 -0700] "-" 400 0 "-" "-"
207.46.204.215 - - [16/Apr/2012:03:09:04 -0700] "-" 400 0 "-" "-"
207.46.204.215 - - [16/Apr/2012:03:09:05 -0700] "-" 400 0 "-" "-"
207.46.204.215 - - [16/Apr/2012:03:09:05 -0700] "-" 400 0 "-" "-"
112.79.40.84 - - [16/Apr/2012:03:09:19 -0700] "-" 400 0 "-" "-"
112.79.40.84 - - [16/Apr/2012:03:09:19 -0700] "-" 400 0 "-" "-"
112.79.40.84 - - [16/Apr/2012:03:09:19 -0700] "-" 400 0 "-" "-"
112.79.40.84 - - [16/Apr/2012:03:09:19 -0700] "-" 400 0 "-" "-"
112.79.40.84 - - [16/Apr/2012:03:09:19 -0700] "-" 400 0 "-" "-"
112.79.40.84 - - [16/Apr/2012:03:09:19 -0700] "-" 400 0 "-" "-"
207.46.204.215 - - [16/Apr/2012:03:10:01 -0700] "-" 400 0 "-" "-"
66.220.146.246 - - [16/Apr/2012:03:10:26 -0700] "GET /r/1eg5 HTTP/1.1" 301 257 "-" "facebookexternalhit/1.1 (+http://www.facebook.com/externalhit_uatext.php)"
66.220.146.245 - - [16/Apr/2012:03:10:26 -0700] "GET /s/ta/1eg5/ HTTP/1.1" 302 337 "-" "facebookexternalhit/1.1 (+http://www.facebook.com/externalhit_uatext.php)"
112.79.40.84 - - [16/Apr/2012:03:11:09 -0700] "-" 400 0 "-" "-"
112.79.40.84 - - [16/Apr/2012:03:11:09 -0700] "-" 400 0 "-" "-"
112.79.40.84 - - [16/Apr/2012:03:11:09 -0700] "-" 400 0 "-" "-"
85.17.88.169 - - [16/Apr/2012:03:11:32 -0700] "POST /blog/wp-cron.php?doing_wp_cron=1334570724 HTTP/1.0" 499 0 "-" "WordPress/3.3.1; http://yuvi.in/blog"
220.181.108.97 - - [16/Apr/2012:03:11:34 -0700] "GET /blog/category/education/ HTTP/1.1" 200 16511 "-" "Mozilla/5.0 (compatible; Baiduspider/2.0; +http://www.baidu.com/search/spider.html)"
112.79.40.84 - - [16/Apr/2012:03:11:39 -0700] "-" 400 0 "-" "-"
112.79.40.84 - - [16/Apr/2012:03:11:52 -0700] "-" 400 0 "-" "-"
85.17.88.169 - - [16/Apr/2012:03:12:50 -0700] "POST /blog/wp-cron.php?doing_wp_cron=1334570802 HTTP/1.0" 499 0 "-" "WordPress/3.3.1; http://yuvi.in/blog"
69.171.234.3 - - [16/Apr/2012:03:12:51 -0700] "GET /blog/story-average-indian-techie/ HTTP/1.1" 200 14155 "-" "facebookexternalhit/1.1 (+http://www.facebook.com/externalhit_uatext.php)"
207.46.204.210 - - [16/Apr/2012:03:13:07 -0700] "-" 400 0 "-" "-"
207.46.204.210 - - [16/Apr/2012:03:13:07 -0700] "-" 400 0 "-" "-"
207.46.204.210 - - [16/Apr/2012:03:13:08 -0700] "-" 400 0 "-" "-"
207.46.204.210 - - [16/Apr/2012:03:13:10 -0700] "-" 400 0 "-" "-"
207.46.204.210 - - [16/Apr/2012:03:13:11 -0700] "-" 400 0 "-" "-"
207.46.204.210 - - [16/Apr/2012:03:13:11 -0700] "-" 400 0 "-" "-"
207.46.204.210 - - [16/Apr/2012:03:13:11 -0700] "-" 400 0 "-" "-"
207.46.204.210 - - [16/Apr/2012:03:13:12 -0700] "-" 400 0 "-" "-"
207.46.204.210 - - [16/Apr/2012:03:13:13 -0700] "-" 400 0 "-" "-"
207.46.204.210 - - [16/Apr/2012:03:13:14 -0700] "-" 400 0 "-" "-"
207.46.204.210 - - [16/Apr/2012:03:13:14 -0700] "-" 400 0 "-" "-"
207.46.204.210 - - [16/Apr/2012:03:13:15 -0700] "-" 400 0 "-" "-"
115.242.142.132 - - [16/Apr/2012:03:13:45 -0700] "-" 400 0 "-" "-"
69.171.234.7 - - [16/Apr/2012:03:14:53 -0700] "GET /r/1eg5 HTTP/1.1" 301 257 "-" "facebookexternalhit/1.1 (+http://www.facebook.com/externalhit_uatext.php)"
69.171.234.2 - - [16/Apr/2012:03:14:53 -0700] "GET /s/ta/1eg5/ HTTP/1.1" 302 337 "-" "facebookexternalhit/1.1 (+http://www.facebook.com/externalhit_uatext.php)"
69.171.234.6 - - [16/Apr/2012:03:18:12 -0700] "GET /r/1eg5 HTTP/1.1" 301 257 "-" "facebookexternalhit/1.1 (+http://www.facebook.com/externalhit_uatext.php)"
69.171.234.6 - - [16/Apr/2012:03:18:12 -0700] "GET /s/ta/1eg5/ HTTP/1.1" 302 337 "-" "facebookexternalhit/1.1 (+http://www.facebook.com/externalhit_uatext.php)"
85.17.88.169 - - [16/Apr/2012:03:19:19 -0700] "POST /blog/wp-cron.php?doing_wp_cron=1334571190 HTTP/1.0" 499 0 "-" "WordPress/3.3.1; http://yuvi.in/blog"
66.249.73.219 - - [16/Apr/2012:03:19:19 -0700] "GET /blog/devlog-feb-2011/ HTTP/1.1" 200 5354 "-" "Mozilla/5.0 (compatible; Googlebot/2.1; +http://www.google.com/bot.html)"
203.116.254.3 - - [16/Apr/2012:03:21:31 -0700] "GET /r/1va HTTP/1.1" 301 255 "-" "Mozilla/5.0 (iPhone; U; CPU iPhone OS 4_3_1 like Mac OS X; en-us) AppleWebKit/533.17.9 (KHTML, like Gecko) Mobile/8G4"
203.116.254.3 - - [16/Apr/2012:03:21:33 -0700] "GET /s/ta/1va/ HTTP/1.1" 302 409 "-" "Mozilla/5.0 (iPhone; U; CPU iPhone OS 4_3_1 like Mac OS X; en-us) AppleWebKit/533.17.9 (KHTML, like Gecko) Mobile/8G4"
150.70.75.37 - - [16/Apr/2012:03:21:37 -0700] "GET /js/mage/adminhtml/wysiwyg/tiny_mce/plugins/magentovariable/editor_plugin.js HTTP/1.0" 404 571 "-" "Mozilla/4.0 (compatible; MSIE 6.0; Windows NT 5.1)"
203.116.254.3 - - [16/Apr/2012:03:21:41 -0700] "GET /r/23z HTTP/1.1" 301 255 "-" "Mozilla/5.0 (iPhone; U; CPU iPhone OS 4_3_1 like Mac OS X; en-us) AppleWebKit/533.17.9 (KHTML, like Gecko) Mobile/8G4"
203.116.254.3 - - [16/Apr/2012:03:21:43 -0700] "GET /s/ta/23z/ HTTP/1.1" 302 397 "-" "Mozilla/5.0 (iPhone; U; CPU iPhone OS 4_3_1 like Mac OS X; en-us) AppleWebKit/533.17.9 (KHTML, like Gecko) Mobile/8G4"
85.17.88.169 - - [16/Apr/2012:03:21:57 -0700] "POST /blog/wp-cron.php?doing_wp_cron=1334571349 HTTP/1.0" 499 0 "-" "WordPress/3.3.1; http://yuvi.in/blog"
124.176.123.184 - - [16/Apr/2012:03:21:58 -0700] "GET /blog/feed/ HTTP/1.1" 304 0 "-" "FeedDemon/3.0 (http://www.feeddemon.com/; Microsoft Windows XP)"
101.220.77.136 - - [16/Apr/2012:03:23:39 -0700] "GET /r/1zba HTTP/1.1" 301 257 "http://ta.wikipedia.org/wiki/%E0%AE%A4%E0%AE%BF%E0%AE%B0%E0%AF%81%E0%AE%AE%E0%AE%A3%E0%AE%AA%E0%AF%8D_%E0%AE%AA%E0%AF%8A%E0%AE%B0%E0%AF%81%E0%AE%A4%E0%AF%8D%E0%AE%A4%E0%AE%AE%E0%AF%8D" "Mozilla/5.0 (Windows; U; Windows NT 5.1; ) AppleWebKit/534.12 (KHTML, like Gecko) Maxthon/3.0 Safari/534.12"
101.220.77.136 - - [16/Apr/2012:03:23:55 -0700] "GET /s/ta/1zba/ HTTP/1.1" 302 473 "http://ta.wikipedia.org/wiki/%E0%AE%A4%E0%AE%BF%E0%AE%B0%E0%AF%81%E0%AE%AE%E0%AE%A3%E0%AE%AA%E0%AF%8D_%E0%AE%AA%E0%AF%8A%E0%AE%B0%E0%AF%81%E0%AE%A4%E0%AF%8D%E0%AE%A4%E0%AE%AE%E0%AF%8D" "Mozilla/5.0 (Windows; U; Windows NT 5.1; ) AppleWebKit/534.12 (KHTML, like Gecko) Maxthon/3.0 Safari/534.12"
101.220.77.136 - - [16/Apr/2012:03:24:06 -0700] "-" 400 0 "-" "-"
85.17.88.169 - - [16/Apr/2012:03:24:51 -0700] "POST /blog/wp-cron.php?doing_wp_cron=1334571523 HTTP/1.0" 499 0 "-" "WordPress/3.3.1; http://yuvi.in/blog"
66.249.73.219 - - [16/Apr/2012:03:24:52 -0700] "GET /blog/devlog-jan-2011/ HTTP/1.1" 200 7023 "-" "Mozilla/5.0 (compatible; Googlebot/2.1; +http://www.google.com/bot.html)"
157.55.17.192 - - [16/Apr/2012:03:25:32 -0700] "GET /robots.txt HTTP/1.1" 404 238 "-" "Mozilla/5.0 (compatible; bingbot/2.0; +http://www.bing.com/bingbot.htm)"
85.17.88.169 - - [16/Apr/2012:03:25:42 -0700] "POST /blog/wp-cron.php?doing_wp_cron=1334571573 HTTP/1.0" 499 0 "-" "WordPress/3.3.1; http://yuvi.in/blog"
183.82.76.234 - - [16/Apr/2012:03:25:42 -0700] "GET /blog/feed/ HTTP/1.0" 304 0 "-" "FeedDemon/4.0 (http://www.feeddemon.com/; Microsoft Windows)"
66.220.149.249 - - [16/Apr/2012:03:26:05 -0700] "GET /r/3g7 HTTP/1.1" 301 255 "-" "facebookexternalhit/1.1 (+http://www.facebook.com/externalhit_uatext.php)"
66.220.149.249 - - [16/Apr/2012:03:26:05 -0700] "GET /s/ta/3g7/ HTTP/1.1" 302 465 "-" "facebookexternalhit/1.1 (+http://www.facebook.com/externalhit_uatext.php)"
122.164.133.212 - - [16/Apr/2012:03:27:48 -0700] "-" 400 0 "-" "-"
