183.83.53.187 - - [03/Mar/2012:12:43:49 -0800] "GET /r/4fr HTTP/1.1" 301 255 "http://ta.wikipedia.org/wiki/%E0%AE%A4%E0%AE%BF%E0%AE%B0%E0%AF%81%E0%AE%B5%E0%AE%B0%E0%AF%81%E0%AE%9F%E0%AF%8D%E0%AE%AA%E0%AE%BE" "Mozilla/5.0 (Windows NT 6.1) AppleWebKit/535.11 (KHTML, like Gecko) Chrome/17.0.963.56 Safari/535.11"
183.83.53.187 - - [03/Mar/2012:12:43:50 -0800] "GET /s/ta/4fr/ HTTP/1.1" 302 397 "http://ta.wikipedia.org/wiki/%E0%AE%A4%E0%AE%BF%E0%AE%B0%E0%AF%81%E0%AE%B5%E0%AE%B0%E0%AF%81%E0%AE%9F%E0%AF%8D%E0%AE%AA%E0%AE%BE" "Mozilla/5.0 (Windows NT 6.1) AppleWebKit/535.11 (KHTML, like Gecko) Chrome/17.0.963.56 Safari/535.11"
183.83.53.187 - - [03/Mar/2012:12:44:02 -0800] "-" 400 0 "-" "-"
85.17.88.169 - - [03/Mar/2012:12:46:30 -0800] "POST /blog/wp-cron.php?doing_wp_cron=1330807569 HTTP/1.0" 499 0 "-" "WordPress/3.3.1; http://yuvi.in/blog"
213.186.127.13 - - [03/Mar/2012:12:46:30 -0800] "GET /blog/six-years-of-blogging-and-eleven-years-of-coding/ HTTP/1.1" 200 4668 "-" "Mozilla/5.0 (compatible; AhrefsBot/2.0; +http://ahrefs.com/robot/)"
82.36.80.120 - - [03/Mar/2012:12:47:02 -0800] "GET / HTTP/1.1" 200 1430 "http://uk.search-results.com/web?l=dis&o=1918&q=yuvi&atb=sysid%3D1%3Aappid%3D224%3Auid%3Daff73d7488a3cc7a%3Auc%3D1328027188%3Aq%3Dyuvi%3Asrc%3Dcrb%3Ao%3D1918" "Mozilla/5.0 (Windows NT 6.1; WOW64) AppleWebKit/535.11 (KHTML, like Gecko) Chrome/17.0.963.56 Safari/535.11"
82.36.80.120 - - [03/Mar/2012:12:47:02 -0800] "GET /blueprint/screen.css HTTP/1.1" 200 12058 "http://yuvi.in/" "Mozilla/5.0 (Windows NT 6.1; WOW64) AppleWebKit/535.11 (KHTML, like Gecko) Chrome/17.0.963.56 Safari/535.11"
82.36.80.120 - - [03/Mar/2012:12:47:03 -0800] "GET /blueprint/print.css HTTP/1.1" 200 1284 "http://yuvi.in/" "Mozilla/5.0 (Windows NT 6.1; WOW64) AppleWebKit/535.11 (KHTML, like Gecko) Chrome/17.0.963.56 Safari/535.11"
82.36.80.120 - - [03/Mar/2012:12:47:03 -0800] "GET /header.png HTTP/1.1" 200 14249 "http://yuvi.in/" "Mozilla/5.0 (Windows NT 6.1; WOW64) AppleWebKit/535.11 (KHTML, like Gecko) Chrome/17.0.963.56 Safari/535.11"
82.36.80.120 - - [03/Mar/2012:12:47:04 -0800] "GET /favicon.ico HTTP/1.1" 404 199 "-" "Mozilla/5.0 (Windows NT 6.1; WOW64) AppleWebKit/535.11 (KHTML, like Gecko) Chrome/17.0.963.56 Safari/535.11"
82.36.80.120 - - [03/Mar/2012:12:47:12 -0800] "GET /stories HTTP/1.1" 301 185 "http://yuvi.in/" "Mozilla/5.0 (Windows NT 6.1; WOW64) AppleWebKit/535.11 (KHTML, like Gecko) Chrome/17.0.963.56 Safari/535.11"
85.17.88.169 - - [03/Mar/2012:12:47:12 -0800] "POST /blog/wp-cron.php?doing_wp_cron=1330807611 HTTP/1.0" 499 0 "-" "WordPress/3.3.1; http://yuvi.in/blog"
82.36.80.120 - - [03/Mar/2012:12:47:12 -0800] "GET /stories/ HTTP/1.1" 200 1271 "http://yuvi.in/" "Mozilla/5.0 (Windows NT 6.1; WOW64) AppleWebKit/535.11 (KHTML, like Gecko) Chrome/17.0.963.56 Safari/535.11"
74.125.18.156 - - [03/Mar/2012:12:47:12 -0800] "GET /blog/autokrish-because-we-dont-get-enough-jilpa/ HTTP/1.1" 200 4303 "-" "Mozilla/5.0 (Windows NT 6.1; rv:6.0) Gecko/20110814 Firefox/6.0"
82.36.80.120 - - [03/Mar/2012:12:47:12 -0800] "GET /stories/static/style.css HTTP/1.1" 200 1274 "http://yuvi.in/stories/" "Mozilla/5.0 (Windows NT 6.1; WOW64) AppleWebKit/535.11 (KHTML, like Gecko) Chrome/17.0.963.56 Safari/535.11"
82.36.80.120 - - [03/Mar/2012:12:47:12 -0800] "GET /stories/static/codehilite.css HTTP/1.1" 200 4012 "http://yuvi.in/stories/" "Mozilla/5.0 (Windows NT 6.1; WOW64) AppleWebKit/535.11 (KHTML, like Gecko) Chrome/17.0.963.56 Safari/535.11"
82.36.80.120 - - [03/Mar/2012:12:47:13 -0800] "GET /favicon.ico HTTP/1.1" 404 199 "-" "Mozilla/5.0 (Windows NT 6.1; WOW64) AppleWebKit/535.11 (KHTML, like Gecko) Chrome/17.0.963.56 Safari/535.11"
207.46.204.213 - - [03/Mar/2012:12:49:11 -0800] "-" 400 0 "-" "-"
207.46.204.213 - - [03/Mar/2012:12:49:12 -0800] "-" 400 0 "-" "-"
207.46.204.213 - - [03/Mar/2012:12:49:12 -0800] "-" 400 0 "-" "-"
207.46.204.213 - - [03/Mar/2012:12:49:12 -0800] "-" 400 0 "-" "-"
207.46.204.213 - - [03/Mar/2012:12:49:13 -0800] "-" 400 0 "-" "-"
207.46.204.213 - - [03/Mar/2012:12:49:13 -0800] "-" 400 0 "-" "-"
207.46.204.213 - - [03/Mar/2012:12:49:13 -0800] "-" 400 0 "-" "-"
207.46.204.213 - - [03/Mar/2012:12:49:14 -0800] "-" 400 0 "-" "-"
207.46.204.213 - - [03/Mar/2012:12:49:14 -0800] "-" 400 0 "-" "-"
207.46.204.213 - - [03/Mar/2012:12:49:51 -0800] "-" 400 0 "-" "-"
207.46.204.213 - - [03/Mar/2012:12:49:51 -0800] "-" 400 0 "-" "-"
84.13.215.226 - - [03/Mar/2012:12:51:37 -0800] "GET /blog HTTP/1.1" 301 178 "-" "Mozilla/5.0 (Macintosh; Intel Mac OS X 10_7) AppleWebKit/534.48.3 (KHTML, like Gecko) Version/5.1 Safari/534.48.3"
84.13.215.226 - - [03/Mar/2012:12:51:39 -0800] "GET /blog/ HTTP/1.1" 200 13757 "-" "Mozilla/5.0 (Macintosh; Intel Mac OS X 10_7) AppleWebKit/534.48.3 (KHTML, like Gecko) Version/5.1 Safari/534.48.3"
84.13.215.226 - - [03/Mar/2012:12:51:39 -0800] "GET /blog/wp-content/themes/cleanr/js/jquery.dropdown.js?ver=3.3.1 HTTP/1.1" 200 535 "http://yuvi.in/blog/" "Mozilla/5.0 (Macintosh; Intel Mac OS X 10_7) AppleWebKit/534.48.3 (KHTML, like Gecko) Version/5.1 Safari/534.48.3"
84.13.215.226 - - [03/Mar/2012:12:51:39 -0800] "GET /blog/wp-content/themes/cleanr/style.css HTTP/1.1" 200 10508 "http://yuvi.in/blog/" "Mozilla/5.0 (Macintosh; Intel Mac OS X 10_7) AppleWebKit/534.48.3 (KHTML, like Gecko) Version/5.1 Safari/534.48.3"
84.13.215.226 - - [03/Mar/2012:12:51:40 -0800] "GET /blog/wp-content/themes/cleanr/css/text.css HTTP/1.1" 200 420 "http://yuvi.in/blog/" "Mozilla/5.0 (Macintosh; Intel Mac OS X 10_7) AppleWebKit/534.48.3 (KHTML, like Gecko) Version/5.1 Safari/534.48.3"
84.13.215.226 - - [03/Mar/2012:12:51:40 -0800] "GET /blog/wp-content/themes/cleanr/css/960.css HTTP/1.1" 200 3628 "http://yuvi.in/blog/" "Mozilla/5.0 (Macintosh; Intel Mac OS X 10_7) AppleWebKit/534.48.3 (KHTML, like Gecko) Version/5.1 Safari/534.48.3"
84.13.215.226 - - [03/Mar/2012:12:51:40 -0800] "GET /blog/wp-content/themes/cleanr/css/reset.css HTTP/1.1" 200 648 "http://yuvi.in/blog/" "Mozilla/5.0 (Macintosh; Intel Mac OS X 10_7) AppleWebKit/534.48.3 (KHTML, like Gecko) Version/5.1 Safari/534.48.3"
84.13.215.226 - - [03/Mar/2012:12:51:40 -0800] "GET /blog/wp-includes/js/jquery/jquery.js?ver=1.7.1 HTTP/1.1" 200 93889 "http://yuvi.in/blog/" "Mozilla/5.0 (Macintosh; Intel Mac OS X 10_7) AppleWebKit/534.48.3 (KHTML, like Gecko) Version/5.1 Safari/534.48.3"
84.13.215.226 - - [03/Mar/2012:12:51:41 -0800] "GET /blog/wp-content/themes/cleanr/images/search_magnifier.gif HTTP/1.1" 200 394 "http://yuvi.in/blog/" "Mozilla/5.0 (Macintosh; Intel Mac OS X 10_7) AppleWebKit/534.48.3 (KHTML, like Gecko) Version/5.1 Safari/534.48.3"
85.17.88.169 - - [03/Mar/2012:12:51:44 -0800] "POST /blog/wp-cron.php?doing_wp_cron=1330807883 HTTP/1.0" 499 0 "-" "WordPress/3.3.1; http://yuvi.in/blog"
84.13.215.226 - - [03/Mar/2012:12:51:44 -0800] "GET /blog/feed/atom/ HTTP/1.1" 200 11233 "-" "Apple-PubSub/65.28"
74.125.18.156 - - [03/Mar/2012:12:52:11 -0800] "GET /blog/nen-first-dot-2010-what-i-learnt.html HTTP/1.1" 200 3898 "http://www.google.com/search" "Mozilla/5.0 (X11; Linux x86_64) AppleWebKit/534.51 (KHTML, like Gecko; Google Web Preview) Chrome/12.0.742 Safari/534.51"
74.125.18.144 - - [03/Mar/2012:12:52:12 -0800] "GET /blog/static/style.css HTTP/1.1" 200 4753 "http://yuvi.in/blog/nen-first-dot-2010-what-i-learnt.html" "Mozilla/5.0 (X11; Linux x86_64) AppleWebKit/534.51 (KHTML, like Gecko; Google Web Preview) Chrome/12.0.742 Safari/534.51"
74.125.18.154 - - [03/Mar/2012:12:52:12 -0800] "GET /blog/static/codehilite.css HTTP/1.1" 200 4012 "http://yuvi.in/blog/nen-first-dot-2010-what-i-learnt.html" "Mozilla/5.0 (X11; Linux x86_64) AppleWebKit/534.51 (KHTML, like Gecko; Google Web Preview) Chrome/12.0.742 Safari/534.51"
62.24.222.131 - - [03/Mar/2012:12:52:12 -0800] "GET /robots.txt HTTP/1.0" 404 571 "http://yuvi.in/robots.txt" "Mozilla/4.0 (compatible; MSIE 8.0; Windows NT 5.1; Trident/4.0; .NET CLR 2.0.50727; .NET CLR 3.0.04506.648; .NET CLR 3.5.21022; .NET CLR 3.0.4506.2152; .NET CLR 3.5.30729; InfoPath.2)"
85.17.88.169 - - [03/Mar/2012:12:52:14 -0800] "POST /blog/wp-cron.php?doing_wp_cron=1330807913 HTTP/1.0" 499 0 "-" "WordPress/3.3.1; http://yuvi.in/blog"
62.24.222.131 - - [03/Mar/2012:12:52:15 -0800] "GET /blog/feed/atom/ HTTP/1.0" 200 35206 "http://yuvi.in/blog/feed/atom/" "Mozilla/4.0 (compatible; MSIE 8.0; Windows NT 5.1; Trident/4.0; .NET CLR 2.0.50727; .NET CLR 3.0.04506.648; .NET CLR 3.5.21022; .NET CLR 3.0.4506.2152; .NET CLR 3.5.30729; InfoPath.2)"
85.17.88.169 - - [03/Mar/2012:12:52:31 -0800] "POST /blog/wp-cron.php?doing_wp_cron=1330807930 HTTP/1.0" 499 0 "-" "WordPress/3.3.1; http://yuvi.in/blog"
66.249.71.97 - - [03/Mar/2012:12:52:32 -0800] "GET /blog/theMarianStar/Nicky.pdf HTTP/1.1" 404 3006 "-" "Googlebot/2.1 (+http://www.google.com/bot.html)"
75.131.206.131 - - [03/Mar/2012:12:53:20 -0800] "GET / HTTP/1.1" 200 1430 "-" "Reeder/1.5.4 CFNetwork/548.0.4 Darwin/11.0.0"
75.131.206.131 - - [03/Mar/2012:12:53:20 -0800] "GET /favicon.ico HTTP/1.1" 404 142 "-" "Reeder/1.5.4 CFNetwork/548.0.4 Darwin/11.0.0"
75.131.206.131 - - [03/Mar/2012:12:53:20 -0800] "GET / HTTP/1.1" 200 1430 "-" "Reeder/1.5.4 CFNetwork/548.0.4 Darwin/11.0.0"
75.131.206.131 - - [03/Mar/2012:12:53:20 -0800] "GET /apple-touch-icon.png HTTP/1.1" 404 142 "-" "Reeder/1.5.4 CFNetwork/548.0.4 Darwin/11.0.0"
75.131.206.131 - - [03/Mar/2012:12:53:20 -0800] "GET /apple-touch-icon-precomposed.png HTTP/1.1" 404 142 "-" "Reeder/1.5.4 CFNetwork/548.0.4 Darwin/11.0.0"
85.17.88.169 - - [03/Mar/2012:12:53:49 -0800] "POST /blog/wp-cron.php?doing_wp_cron=1330808008 HTTP/1.0" 499 0 "-" "WordPress/3.3.1; http://yuvi.in/blog"
209.85.224.97 - - [03/Mar/2012:12:53:49 -0800] "GET /blog/feed HTTP/1.1" 304 0 "-" "FeedBurner/1.0 (http://www.FeedBurner.com)"
66.249.71.116 - - [03/Mar/2012:13:02:45 -0800] "GET /s/ta/gx3%E0%AE%95%E0%AE%9F%E0%AF%8D%E0%AE%9F%E0%AE%B1%E0%AF%8D%E0%AE%B1/ HTTP/1.1" 502 173 "-" "Mozilla/5.0 (compatible; Googlebot/2.1; +http://www.google.com/bot.html)"
85.17.88.169 - - [03/Mar/2012:13:03:05 -0800] "POST /blog/wp-cron.php?doing_wp_cron=1330808564 HTTP/1.0" 499 0 "-" "WordPress/3.3.1; http://yuvi.in/blog"
72.14.199.121 - - [03/Mar/2012:13:03:05 -0800] "GET /blog/feed HTTP/1.1" 301 0 "-" "Feedfetcher-Google; (+http://www.google.com/feedfetcher.html; 3 subscribers; feed-id=17684830852112633560)"
85.17.88.169 - - [03/Mar/2012:13:03:07 -0800] "POST /blog/wp-cron.php?doing_wp_cron=1330808566 HTTP/1.0" 499 0 "-" "WordPress/3.3.1; http://yuvi.in/blog"
72.14.199.121 - - [03/Mar/2012:13:03:07 -0800] "GET /blog/feed/ HTTP/1.1" 304 0 "-" "Feedfetcher-Google; (+http://www.google.com/feedfetcher.html; 3 subscribers; feed-id=17684830852112633560)"
85.17.88.169 - - [03/Mar/2012:13:04:46 -0800] "POST /blog/wp-cron.php?doing_wp_cron=1330808665 HTTP/1.0" 499 0 "-" "WordPress/3.3.1; http://yuvi.in/blog"
72.14.199.121 - - [03/Mar/2012:13:04:47 -0800] "GET /blog/feed/ HTTP/1.1" 304 0 "-" "Feedfetcher-Google; (+http://www.google.com/feedfetcher.html; 18 subscribers; feed-id=15064232456473204253)"
85.17.88.169 - - [03/Mar/2012:13:05:34 -0800] "POST /blog/wp-cron.php?doing_wp_cron=1330808713 HTTP/1.0" 499 0 "-" "WordPress/3.3.1; http://yuvi.in/blog"
91.224.160.132 - - [03/Mar/2012:13:05:34 -0800] "POST /blog/wp-login.php HTTP/1.1" 200 1460 "-" "Mozilla/5.0 (Windows NT 6.1; WOW64) AppleWebKit/535.1 (KHTML, like Gecko) Chrome/14.0.814.0 Safari/535.1"
85.17.88.169 - - [03/Mar/2012:13:05:36 -0800] "POST /blog/wp-cron.php?doing_wp_cron=1330808715 HTTP/1.0" 499 0 "-" "WordPress/3.3.1; http://yuvi.in/blog"
91.224.160.132 - - [03/Mar/2012:13:05:37 -0800] "POST /blog/wp-login.php HTTP/1.1" 200 1460 "-" "Mozilla/5.0 (compatible; MSIE 8.0; Windows NT 5.1; Trident/4.0; InfoPath.2; SLCC1; .NET CLR 3.0.4506.2152; .NET CLR 3.5.30729; .NET CLR 2.0.50727)"
85.17.88.169 - - [03/Mar/2012:13:05:39 -0800] "POST /blog/wp-cron.php?doing_wp_cron=1330808718 HTTP/1.0" 499 0 "-" "WordPress/3.3.1; http://yuvi.in/blog"
91.224.160.132 - - [03/Mar/2012:13:05:39 -0800] "POST /blog/wp-login.php HTTP/1.1" 200 1460 "-" "Mozilla/5.0 (Windows NT 6.1; WOW64; rv:6.0a2) Gecko/20110613 Firefox/6.0a2"
85.17.88.169 - - [03/Mar/2012:13:05:41 -0800] "POST /blog/wp-cron.php?doing_wp_cron=1330808720 HTTP/1.0" 499 0 "-" "WordPress/3.3.1; http://yuvi.in/blog"
91.224.160.132 - - [03/Mar/2012:13:05:42 -0800] "POST /blog/wp-login.php HTTP/1.1" 200 1460 "-" "Mozilla/4.0 (compatible; MSIE 8.0; Windows NT 6.1; WOW64; Trident/4.0; SLCC2; Media Center PC 6.0; InfoPath.2; MS-RTC LM 8"
85.17.88.169 - - [03/Mar/2012:13:05:44 -0800] "POST /blog/wp-cron.php?doing_wp_cron=1330808723 HTTP/1.0" 499 0 "-" "WordPress/3.3.1; http://yuvi.in/blog"
91.224.160.132 - - [03/Mar/2012:13:05:44 -0800] "POST /blog/wp-login.php HTTP/1.1" 200 1460 "-" "Mozilla/5.0 (compatible; MSIE 9.0; Windows NT 6.1; Trident/5.0; FunWebProducts)"
85.17.88.169 - - [03/Mar/2012:13:05:46 -0800] "POST /blog/wp-cron.php?doing_wp_cron=1330808725 HTTP/1.0" 499 0 "-" "WordPress/3.3.1; http://yuvi.in/blog"
91.224.160.132 - - [03/Mar/2012:13:05:47 -0800] "POST /blog/wp-login.php HTTP/1.1" 200 1460 "-" "Mozilla/5.0 (Windows NT 5.2; WOW64; rv:5.0) Gecko/20100101 Firefox/5.0"
85.17.88.169 - - [03/Mar/2012:13:05:49 -0800] "POST /blog/wp-cron.php?doing_wp_cron=1330808728 HTTP/1.0" 499 0 "-" "WordPress/3.3.1; http://yuvi.in/blog"
91.224.160.132 - - [03/Mar/2012:13:05:49 -0800] "POST /blog/wp-login.php HTTP/1.1" 200 1460 "-" "Mozilla/5.0 (Macintosh; U; Intel Mac OS X 10_6_8; de-at) AppleWebKit/533.21.1 (KHTML, like Gecko) Version/5.0.5 Safari/533.21.1"
85.17.88.169 - - [03/Mar/2012:13:05:51 -0800] "POST /blog/wp-cron.php?doing_wp_cron=1330808730 HTTP/1.0" 499 0 "-" "WordPress/3.3.1; http://yuvi.in/blog"
91.224.160.132 - - [03/Mar/2012:13:05:52 -0800] "POST /blog/wp-login.php HTTP/1.1" 200 1460 "-" "Mozilla/5.0 (X11; Linux x86_64) AppleWebKit/535.1 (KHTML, like Gecko) Chrome/14.0.824.0 Safari/535.1"
85.17.88.169 - - [03/Mar/2012:13:05:54 -0800] "POST /blog/wp-cron.php?doing_wp_cron=1330808733 HTTP/1.0" 499 0 "-" "WordPress/3.3.1; http://yuvi.in/blog"
91.224.160.132 - - [03/Mar/2012:13:05:55 -0800] "POST /blog/wp-login.php HTTP/1.1" 200 1460 "-" "Mozilla/5.0 (Macintosh; U; Intel Mac OS X 10_6_7; ja-jp) AppleWebKit/533.20.25 (KHTML, like Gecko) Version/5.0.4 Safari/533.20.27"
85.17.88.169 - - [03/Mar/2012:13:05:57 -0800] "POST /blog/wp-cron.php?doing_wp_cron=1330808736 HTTP/1.0" 499 0 "-" "WordPress/3.3.1; http://yuvi.in/blog"
91.224.160.132 - - [03/Mar/2012:13:05:57 -0800] "POST /blog/wp-login.php HTTP/1.1" 200 1460 "-" "Mozilla/5.0 (Windows NT 6.1; Win64; x64; rv:5.0) Gecko/20100101 Firefox/5.0"
85.17.88.169 - - [03/Mar/2012:13:05:59 -0800] "POST /blog/wp-cron.php?doing_wp_cron=1330808738 HTTP/1.0" 499 0 "-" "WordPress/3.3.1; http://yuvi.in/blog"
91.224.160.132 - - [03/Mar/2012:13:06:00 -0800] "POST /blog/wp-login.php HTTP/1.1" 200 1460 "-" "Mozilla/5.0 (Macintosh; Intel Mac OS X 10_6_7) AppleWebKit/535.1 (KHTML, like Gecko) Chrome/14.0.813.0 Safari/535.1"
85.17.88.169 - - [03/Mar/2012:13:06:02 -0800] "POST /blog/wp-cron.php?doing_wp_cron=1330808741 HTTP/1.0" 499 0 "-" "WordPress/3.3.1; http://yuvi.in/blog"
91.224.160.132 - - [03/Mar/2012:13:06:02 -0800] "POST /blog/wp-login.php HTTP/1.1" 200 1460 "-" "Mozilla/5.0 (compatible; MSIE 9.0; Windows NT 6.1; Trident/5.0; yie8)"
85.17.88.169 - - [03/Mar/2012:13:06:04 -0800] "POST /blog/wp-cron.php?doing_wp_cron=1330808743 HTTP/1.0" 499 0 "-" "WordPress/3.3.1; http://yuvi.in/blog"
91.224.160.132 - - [03/Mar/2012:13:06:05 -0800] "POST /blog/wp-login.php HTTP/1.1" 200 1460 "-" "Opera/9.80 (X11; Linux i686; U; ru) Presto/2.8.131 Version/11.11"
85.17.88.169 - - [03/Mar/2012:13:06:07 -0800] "POST /blog/wp-cron.php?doing_wp_cron=1330808746 HTTP/1.0" 499 0 "-" "WordPress/3.3.1; http://yuvi.in/blog"
91.224.160.132 - - [03/Mar/2012:13:06:07 -0800] "POST /blog/wp-login.php HTTP/1.1" 200 1460 "-" "Mozilla/5.0 (X11; Linux ppc; rv:5.0) Gecko/20100101 Firefox/5.0"
85.17.88.169 - - [03/Mar/2012:13:06:09 -0800] "POST /blog/wp-cron.php?doing_wp_cron=1330808748 HTTP/1.0" 499 0 "-" "WordPress/3.3.1; http://yuvi.in/blog"
91.224.160.132 - - [03/Mar/2012:13:06:10 -0800] "POST /blog/wp-login.php HTTP/1.1" 200 1460 "-" "Mozilla/5.0 (compatible; MSIE 8.0; Windows NT 5.0; Trident/4.0; InfoPath.1; SV1; .NET CLR 3.0.4506.2152; .NET CLR 3.5.30729; .NET CLR 3.0.04506.30)"
85.17.88.169 - - [03/Mar/2012:13:06:12 -0800] "POST /blog/wp-cron.php?doing_wp_cron=1330808751 HTTP/1.0" 499 0 "-" "WordPress/3.3.1; http://yuvi.in/blog"
91.224.160.132 - - [03/Mar/2012:13:06:12 -0800] "POST /blog/wp-login.php HTTP/1.1" 200 1460 "-" "Mozilla/4.0 (compatible; MSIE 8.0; Windows NT 6.1; WOW64; Trident/4.0; SLCC2; Media Center PC 6.0; InfoPath.2; MS-RTC LM 8"
85.17.88.169 - - [03/Mar/2012:13:06:14 -0800] "POST /blog/wp-cron.php?doing_wp_cron=1330808753 HTTP/1.0" 499 0 "-" "WordPress/3.3.1; http://yuvi.in/blog"
91.224.160.132 - - [03/Mar/2012:13:06:15 -0800] "POST /blog/wp-login.php HTTP/1.1" 200 1460 "-" "Mozilla/5.0 (compatible; MSIE 9.0; Windows NT 6.1; WOW64; Trident/5.0; .NET CLR 3.5.30729; .NET CLR 3.0.30729; .NET CLR 2.0.50727; Media Center PC 6.0)"
85.17.88.169 - - [03/Mar/2012:13:06:18 -0800] "POST /blog/wp-cron.php?doing_wp_cron=1330808757 HTTP/1.0" 499 0 "-" "WordPress/3.3.1; http://yuvi.in/blog"
91.224.160.132 - - [03/Mar/2012:13:06:18 -0800] "POST /blog/wp-login.php HTTP/1.1" 200 1460 "-" "Opera/9.80 (Windows NT 6.1; U; en-US) Presto/2.7.62 Version/11.01"
85.17.88.169 - - [03/Mar/2012:13:06:20 -0800] "POST /blog/wp-cron.php?doing_wp_cron=1330808759 HTTP/1.0" 499 0 "-" "WordPress/3.3.1; http://yuvi.in/blog"
91.224.160.132 - - [03/Mar/2012:13:06:21 -0800] "POST /blog/wp-login.php HTTP/1.1" 200 1460 "-" "Mozilla/5.0 (Windows NT 5.2; WOW64; rv:5.0) Gecko/20100101 Firefox/5.0"
85.17.88.169 - - [03/Mar/2012:13:06:23 -0800] "POST /blog/wp-cron.php?doing_wp_cron=1330808762 HTTP/1.0" 499 0 "-" "WordPress/3.3.1; http://yuvi.in/blog"
91.224.160.132 - - [03/Mar/2012:13:06:23 -0800] "POST /blog/wp-login.php HTTP/1.1" 200 1460 "-" "Mozilla/5.0 (compatible; MSIE 7.0; Windows NT 5.0; Trident/4.0; FBSMTWB; .NET CLR 2.0.34861; .NET CLR 3.0.3746.3218; .NET CLR 3.5.33652; msn OptimizedIE8;ENUS)"
85.17.88.169 - - [03/Mar/2012:13:06:25 -0800] "POST /blog/wp-cron.php?doing_wp_cron=1330808764 HTTP/1.0" 499 0 "-" "WordPress/3.3.1; http://yuvi.in/blog"
91.224.160.132 - - [03/Mar/2012:13:06:26 -0800] "POST /blog/wp-login.php HTTP/1.1" 200 1460 "-" "Mozilla/4.0 (compatible; MSIE 8.0; Windows NT 6.1; WOW64; Trident/4.0; SLCC2; .NET CLR 2.0.50727; .NET CLR 3.5.30729; .NET CLR 3.0.30729; Media Center PC 6.0; MS-RTC LM 8; .NET4.0C; .NET4.0E; Zune 4.7)"
85.17.88.169 - - [03/Mar/2012:13:06:28 -0800] "POST /blog/wp-cron.php?doing_wp_cron=1330808767 HTTP/1.0" 499 0 "-" "WordPress/3.3.1; http://yuvi.in/blog"
91.224.160.132 - - [03/Mar/2012:13:06:28 -0800] "POST /blog/wp-login.php HTTP/1.1" 200 1460 "-" "Mozilla/5.0 (X11; Linux AMD64) Gecko Firefox/5.0"
85.17.88.169 - - [03/Mar/2012:13:06:30 -0800] "POST /blog/wp-cron.php?doing_wp_cron=1330808769 HTTP/1.0" 499 0 "-" "WordPress/3.3.1; http://yuvi.in/blog"
91.224.160.132 - - [03/Mar/2012:13:06:31 -0800] "POST /blog/wp-login.php HTTP/1.1" 200 1460 "-" "Mozilla/5.0 (Windows NT 6.1; U; de; rv:1.9.1.6) Gecko/20091201 Firefox/3.5.6 Opera 11.01"
85.17.88.169 - - [03/Mar/2012:13:06:33 -0800] "POST /blog/wp-cron.php?doing_wp_cron=1330808772 HTTP/1.0" 499 0 "-" "WordPress/3.3.1; http://yuvi.in/blog"
91.224.160.132 - - [03/Mar/2012:13:06:33 -0800] "POST /blog/wp-login.php HTTP/1.1" 200 1460 "-" "Mozilla/5.0 (compatible; MSIE 9.0; Windows NT 6.1; Trident/5.0; SLCC2; .NET CLR 2.0.50727; .NET CLR 3.5.30729; .NET CLR 3.0.30729; Media Center PC 6.0; InfoPath.2; .NET CLR 1.1.4322; .NET4.0C; Tablet PC 2.0)"
85.17.88.169 - - [03/Mar/2012:13:06:35 -0800] "POST /blog/wp-cron.php?doing_wp_cron=1330808774 HTTP/1.0" 499 0 "-" "WordPress/3.3.1; http://yuvi.in/blog"
91.224.160.132 - - [03/Mar/2012:13:06:36 -0800] "POST /blog/wp-login.php HTTP/1.1" 200 1460 "-" "Opera/9.80 (X11; Linux x86_64; U; bg) Presto/2.8.131 Version/11.10"
85.17.88.169 - - [03/Mar/2012:13:06:38 -0800] "POST /blog/wp-cron.php?doing_wp_cron=1330808777 HTTP/1.0" 499 0 "-" "WordPress/3.3.1; http://yuvi.in/blog"
91.224.160.132 - - [03/Mar/2012:13:06:38 -0800] "POST /blog/wp-login.php HTTP/1.1" 200 1460 "-" "Mozilla/5.0 (X11; U; Linux i586; de; rv:5.0) Gecko/20100101 Firefox/5.0"
85.17.88.169 - - [03/Mar/2012:13:06:40 -0800] "POST /blog/wp-cron.php?doing_wp_cron=1330808779 HTTP/1.0" 499 0 "-" "WordPress/3.3.1; http://yuvi.in/blog"
91.224.160.132 - - [03/Mar/2012:13:06:41 -0800] "POST /blog/wp-login.php HTTP/1.1" 200 1460 "-" "Opera/9.80 (Windows NT 6.0; U; en) Presto/2.8.99 Version/11.10"
85.17.88.169 - - [03/Mar/2012:13:06:43 -0800] "POST /blog/wp-cron.php?doing_wp_cron=1330808782 HTTP/1.0" 499 0 "-" "WordPress/3.3.1; http://yuvi.in/blog"
91.224.160.132 - - [03/Mar/2012:13:06:43 -0800] "POST /blog/wp-login.php HTTP/1.1" 200 1460 "-" "Mozilla/5.0 (X11; U; Linux amd64; en-US; rv:5.0) Gecko/20110619 Firefox/5.0"
85.17.88.169 - - [03/Mar/2012:13:06:46 -0800] "POST /blog/wp-cron.php?doing_wp_cron=1330808785 HTTP/1.0" 499 0 "-" "WordPress/3.3.1; http://yuvi.in/blog"
91.224.160.132 - - [03/Mar/2012:13:06:46 -0800] "POST /blog/wp-login.php HTTP/1.1" 200 1460 "-" "Mozilla/5.0 (compatible; MSIE 9.0; Windows NT 7.1; Trident/5.0)"
85.17.88.169 - - [03/Mar/2012:13:06:48 -0800] "POST /blog/wp-cron.php?doing_wp_cron=1330808787 HTTP/1.0" 499 0 "-" "WordPress/3.3.1; http://yuvi.in/blog"
91.224.160.132 - - [03/Mar/2012:13:06:48 -0800] "POST /blog/wp-login.php HTTP/1.1" 200 1460 "-" "Mozilla/5.0 (Windows; U; Windows NT 6.1; en-US; rv:1.9.2.13) Gecko/20101213 Opera/9.80 (Windows NT 6.1; U; zh-tw) Presto/2.7.62 Version/11.01"
85.17.88.169 - - [03/Mar/2012:13:06:51 -0800] "POST /blog/wp-cron.php?doing_wp_cron=1330808790 HTTP/1.0" 499 0 "-" "WordPress/3.3.1; http://yuvi.in/blog"
91.224.160.132 - - [03/Mar/2012:13:06:51 -0800] "POST /blog/wp-login.php HTTP/1.1" 200 1460 "-" "Mozilla/5.0 (compatible; MSIE 8.0; Windows NT 6.0; Trident/4.0; WOW64; Trident/4.0; SLCC2; .NET CLR 2.0.50727; .NET CLR 3.5.30729; .NET CLR 3.0.30729; .NET CLR 1.0.3705; .NET CLR 1.1.4322)"
85.17.88.169 - - [03/Mar/2012:13:06:53 -0800] "POST /blog/wp-cron.php?doing_wp_cron=1330808792 HTTP/1.0" 499 0 "-" "WordPress/3.3.1; http://yuvi.in/blog"
91.224.160.132 - - [03/Mar/2012:13:06:54 -0800] "POST /blog/wp-login.php HTTP/1.1" 200 1460 "-" "Mozilla/5.0 (X11; Linux x86_64) AppleWebKit/535.2 (KHTML, like Gecko) Ubuntu/11.04 Chromium/15.0.871.0 Chrome/15.0.871.0 Safari/535.2"
85.17.88.169 - - [03/Mar/2012:13:06:56 -0800] "POST /blog/wp-cron.php?doing_wp_cron=1330808795 HTTP/1.0" 499 0 "-" "WordPress/3.3.1; http://yuvi.in/blog"
91.224.160.132 - - [03/Mar/2012:13:06:56 -0800] "POST /blog/wp-login.php HTTP/1.1" 200 1460 "-" "Mozilla/5.0 (Windows NT 6.1; U; nl; rv:1.9.1.6) Gecko/20091201 Firefox/3.5.6 Opera 11.01"
85.17.88.169 - - [03/Mar/2012:13:06:58 -0800] "POST /blog/wp-cron.php?doing_wp_cron=1330808797 HTTP/1.0" 499 0 "-" "WordPress/3.3.1; http://yuvi.in/blog"
91.224.160.132 - - [03/Mar/2012:13:06:59 -0800] "POST /blog/wp-login.php HTTP/1.1" 200 1460 "-" "Mozilla/5.0 (Windows; U; Windows NT 6.1; en-US; rv:1.9.2.13) Gecko/20101213 Opera/9.80 (Windows NT 6.1; U; zh-tw) Presto/2.7.62 Version/11.01"
85.17.88.169 - - [03/Mar/2012:13:07:01 -0800] "POST /blog/wp-cron.php?doing_wp_cron=1330808800 HTTP/1.0" 499 0 "-" "WordPress/3.3.1; http://yuvi.in/blog"
91.224.160.132 - - [03/Mar/2012:13:07:01 -0800] "POST /blog/wp-login.php HTTP/1.1" 200 1460 "-" "Mozilla/5.0 (X11; Linux ppc; rv:5.0) Gecko/20100101 Firefox/5.0"
85.17.88.169 - - [03/Mar/2012:13:07:03 -0800] "POST /blog/wp-cron.php?doing_wp_cron=1330808802 HTTP/1.0" 499 0 "-" "WordPress/3.3.1; http://yuvi.in/blog"
91.224.160.132 - - [03/Mar/2012:13:07:04 -0800] "POST /blog/wp-login.php HTTP/1.1" 200 1460 "-" "Mozilla/5.0 (Windows NT 6.1; Win64; x64; rv:5.0) Gecko/20100101 Firefox/5.0"
85.17.88.169 - - [03/Mar/2012:13:07:06 -0800] "POST /blog/wp-cron.php?doing_wp_cron=1330808805 HTTP/1.0" 499 0 "-" "WordPress/3.3.1; http://yuvi.in/blog"
91.224.160.132 - - [03/Mar/2012:13:07:06 -0800] "POST /blog/wp-login.php HTTP/1.1" 200 1460 "-" "Mozilla/5.0 (X11; Linux i686) AppleWebKit/535.1 (KHTML, like Gecko) Ubuntu/11.04 Chromium/14.0.825.0 Chrome/14.0.825.0 Safari/535.1"
85.17.88.169 - - [03/Mar/2012:13:07:08 -0800] "POST /blog/wp-cron.php?doing_wp_cron=1330808807 HTTP/1.0" 499 0 "-" "WordPress/3.3.1; http://yuvi.in/blog"
91.224.160.132 - - [03/Mar/2012:13:07:09 -0800] "POST /blog/wp-login.php HTTP/1.1" 200 1460 "-" "Mozilla/5.0 (X11; Linux i686) AppleWebKit/535.1 (KHTML, like Gecko) Ubuntu/11.04 Chromium/14.0.825.0 Chrome/14.0.825.0 Safari/535.1"
85.17.88.169 - - [03/Mar/2012:13:07:10 -0800] "POST /blog/wp-cron.php?doing_wp_cron=1330808809 HTTP/1.0" 499 0 "-" "WordPress/3.3.1; http://yuvi.in/blog"
208.115.113.84 - - [03/Mar/2012:13:07:10 -0800] "GET /blog/2011/05/13/ HTTP/1.1" 200 15088 "-" "Mozilla/5.0 (compatible; Ezooms/1.0; ezooms.bot@gmail.com)"
85.17.88.169 - - [03/Mar/2012:13:07:11 -0800] "POST /blog/wp-cron.php?doing_wp_cron=1330808810 HTTP/1.0" 499 0 "-" "WordPress/3.3.1; http://yuvi.in/blog"
91.224.160.132 - - [03/Mar/2012:13:07:11 -0800] "POST /blog/wp-login.php HTTP/1.1" 200 1460 "-" "Mozilla/5.0 (compatible; MSIE 9.0; Windows NT 6.1; Win64; x64; Trident/5.0"
85.17.88.169 - - [03/Mar/2012:13:07:13 -0800] "POST /blog/wp-cron.php?doing_wp_cron=1330808812 HTTP/1.0" 499 0 "-" "WordPress/3.3.1; http://yuvi.in/blog"
91.224.160.132 - - [03/Mar/2012:13:07:13 -0800] "POST /blog/wp-login.php HTTP/1.1" 200 1460 "-" "Opera/9.80 (X11; Linux i686; U; ru) Presto/2.8.131 Version/11.11"
208.115.113.84 - - [03/Mar/2012:13:07:14 -0800] "GET /blog/cheese-gsoc-report-week-3.html HTTP/1.1" 200 7006 "-" "Mozilla/5.0 (compatible; Ezooms/1.0; ezooms.bot@gmail.com)"
85.17.88.169 - - [03/Mar/2012:13:07:16 -0800] "POST /blog/wp-cron.php?doing_wp_cron=1330808815 HTTP/1.0" 499 0 "-" "WordPress/3.3.1; http://yuvi.in/blog"
91.224.160.132 - - [03/Mar/2012:13:07:16 -0800] "POST /blog/wp-login.php HTTP/1.1" 200 1460 "-" "Mozilla/5.0 (X11; Linux ppc; rv:5.0) Gecko/20100101 Firefox/5.0"
85.17.88.169 - - [03/Mar/2012:13:07:18 -0800] "POST /blog/wp-cron.php?doing_wp_cron=1330808817 HTTP/1.0" 499 0 "-" "WordPress/3.3.1; http://yuvi.in/blog"
91.224.160.132 - - [03/Mar/2012:13:07:19 -0800] "POST /blog/wp-login.php HTTP/1.1" 200 1460 "-" "Mozilla/5.0 (Macintosh; U; Intel Mac OS X 10_6_6; es-es) AppleWebKit/533.20.25 (KHTML, like Gecko) Version/5.0.4 Safari/533.20.27"
85.17.88.169 - - [03/Mar/2012:13:07:20 -0800] "POST /blog/wp-cron.php?doing_wp_cron=1330808819 HTTP/1.0" 499 0 "-" "WordPress/3.3.1; http://yuvi.in/blog"
91.224.160.132 - - [03/Mar/2012:13:07:20 -0800] "POST /blog/wp-login.php HTTP/1.1" 200 1460 "-" "Mozilla/5.0 (Windows; U; Windows NT 6.0; en-US) AppleWebKit/533.20.25 (KHTML, like Gecko) Version/5.0.4 Safari/533.20.27"
208.115.113.84 - - [03/Mar/2012:13:07:20 -0800] "GET /blog/devlog-december-10-2011/feed/ HTTP/1.1" 200 760 "-" "Mozilla/5.0 (compatible; Ezooms/1.0; ezooms.bot@gmail.com)"
85.17.88.169 - - [03/Mar/2012:13:07:22 -0800] "POST /blog/wp-cron.php?doing_wp_cron=1330808821 HTTP/1.0" 499 0 "-" "WordPress/3.3.1; http://yuvi.in/blog"
91.224.160.132 - - [03/Mar/2012:13:07:23 -0800] "POST /blog/wp-login.php HTTP/1.1" 200 1460 "-" "Mozilla/5.0 (Macintosh; U; Intel Mac OS X 10_6_6; es-es) AppleWebKit/533.20.25 (KHTML, like Gecko) Version/5.0.4 Safari/533.20.27"
85.17.88.169 - - [03/Mar/2012:13:07:25 -0800] "POST /blog/wp-cron.php?doing_wp_cron=1330808824 HTTP/1.0" 499 0 "-" "WordPress/3.3.1; http://yuvi.in/blog"
91.224.160.132 - - [03/Mar/2012:13:07:25 -0800] "POST /blog/wp-login.php HTTP/1.1" 200 1460 "-" "mozilla/3.0 (Windows NT 6.1; rv:2.0.1) Gecko/20100101 Firefox/5.0.1"
208.115.113.84 - - [03/Mar/2012:13:07:26 -0800] "GET /blog/orwell-and-huxley.html HTTP/1.1" 200 5580 "-" "Mozilla/5.0 (compatible; Ezooms/1.0; ezooms.bot@gmail.com)"
85.17.88.169 - - [03/Mar/2012:13:07:27 -0800] "POST /blog/wp-cron.php?doing_wp_cron=1330808826 HTTP/1.0" 499 0 "-" "WordPress/3.3.1; http://yuvi.in/blog"
91.224.160.132 - - [03/Mar/2012:13:07:28 -0800] "POST /blog/wp-login.php HTTP/1.1" 200 1422 "-" "Mozilla/5.0 (compatible; MSIE 8.0; Windows NT 5.1; Trident/4.0; .NET CLR 1.1.4322; .NET CLR 2.0.50727)"
85.17.88.169 - - [03/Mar/2012:13:07:30 -0800] "POST /blog/wp-cron.php?doing_wp_cron=1330808829 HTTP/1.0" 499 0 "-" "WordPress/3.3.1; http://yuvi.in/blog"
91.224.160.132 - - [03/Mar/2012:13:07:30 -0800] "POST /blog/wp-login.php HTTP/1.1" 200 1422 "-" "Mozilla/4.0 (compatible; MSIE 8.0; Windows NT 6.1; WOW64; Trident/4.0; SLCC2; .NET CLR 2.0.50727; .NET CLR 3.5.30729; .NET CLR 3.0.30729; Media Center PC 6.0; InfoPath.3; Zune 4.0)"
85.17.88.169 - - [03/Mar/2012:13:07:33 -0800] "POST /blog/wp-cron.php?doing_wp_cron=1330808831 HTTP/1.0" 499 0 "-" "WordPress/3.3.1; http://yuvi.in/blog"
91.224.160.132 - - [03/Mar/2012:13:07:33 -0800] "POST /blog/wp-login.php HTTP/1.1" 200 1422 "-" "Opera/9.80 (Windows NT 5.1; U; zh-tw) Presto/2.8.131 Version/11.10"
85.17.88.169 - - [03/Mar/2012:13:07:35 -0800] "POST /blog/wp-cron.php?doing_wp_cron=1330808834 HTTP/1.0" 200 0 "-" "WordPress/3.3.1; http://yuvi.in/blog"
91.224.160.132 - - [03/Mar/2012:13:07:36 -0800] "POST /blog/wp-login.php HTTP/1.1" 200 1422 "-" "Mozilla/5.0 (X11; Linux i686 on x86_64; rv:5.0a2) Gecko/20110524 Firefox/5.0a2"
85.17.88.169 - - [03/Mar/2012:13:07:38 -0800] "POST /blog/wp-cron.php?doing_wp_cron=1330808837 HTTP/1.0" 499 0 "-" "WordPress/3.3.1; http://yuvi.in/blog"
91.224.160.132 - - [03/Mar/2012:13:07:38 -0800] "POST /blog/wp-login.php HTTP/1.1" 200 1422 "-" "Mozilla/5.0 (X11; Linux x86_64; rv:5.0) Gecko/20100101 Firefox/5.0 Firefox/5.0"
85.17.88.169 - - [03/Mar/2012:13:07:40 -0800] "POST /blog/wp-cron.php?doing_wp_cron=1330808839 HTTP/1.0" 499 0 "-" "WordPress/3.3.1; http://yuvi.in/blog"
91.224.160.132 - - [03/Mar/2012:13:07:41 -0800] "POST /blog/wp-login.php HTTP/1.1" 200 1422 "-" "Opera/9.80 (X11; Linux i686; U; ru) Presto/2.8.131 Version/11.11"
85.17.88.169 - - [03/Mar/2012:13:07:43 -0800] "POST /blog/wp-cron.php?doing_wp_cron=1330808842 HTTP/1.0" 499 0 "-" "WordPress/3.3.1; http://yuvi.in/blog"
91.224.160.132 - - [03/Mar/2012:13:07:43 -0800] "POST /blog/wp-login.php HTTP/1.1" 200 1422 "-" "Opera/9.80 (X11; Linux i686; U; es-ES) Presto/2.8.131 Version/11.11"
85.17.88.169 - - [03/Mar/2012:13:07:45 -0800] "POST /blog/wp-cron.php?doing_wp_cron=1330808844 HTTP/1.0" 499 0 "-" "WordPress/3.3.1; http://yuvi.in/blog"
91.224.160.132 - - [03/Mar/2012:13:07:49 -0800] "POST /blog/wp-login.php HTTP/1.1" 200 1422 "-" "Opera/9.80 (X11; Linux x86_64; U; Ubuntu/10.10 (maverick); pl) Presto/2.7.62 Version/11.01"
85.17.88.169 - - [03/Mar/2012:13:07:51 -0800] "POST /blog/wp-cron.php?doing_wp_cron=1330808850 HTTP/1.0" 499 0 "-" "WordPress/3.3.1; http://yuvi.in/blog"
91.224.160.132 - - [03/Mar/2012:13:07:51 -0800] "POST /blog/wp-login.php HTTP/1.1" 200 1460 "-" "Mozilla/5.0 (Windows NT 6.1; WOW64; rv:6.0a2) Gecko/20110613 Firefox/6.0a2"
85.17.88.169 - - [03/Mar/2012:13:07:53 -0800] "POST /blog/wp-cron.php?doing_wp_cron=1330808852 HTTP/1.0" 499 0 "-" "WordPress/3.3.1; http://yuvi.in/blog"
91.224.160.132 - - [03/Mar/2012:13:07:54 -0800] "POST /blog/wp-login.php HTTP/1.1" 200 1460 "-" "Opera/9.80 (Windows NT 5.2; U; ru) Presto/2.7.62 Version/11.01"
85.17.88.169 - - [03/Mar/2012:13:07:56 -0800] "POST /blog/wp-cron.php?doing_wp_cron=1330808855 HTTP/1.0" 499 0 "-" "WordPress/3.3.1; http://yuvi.in/blog"
91.224.160.132 - - [03/Mar/2012:13:07:57 -0800] "POST /blog/wp-login.php HTTP/1.1" 200 1460 "-" "Mozilla/5.0 (Windows; U; Windows NT 6.1; fr-FR) AppleWebKit/533.20.25 (KHTML, like Gecko) Version/5.0.4 Safari/533.20.27"
85.17.88.169 - - [03/Mar/2012:13:07:59 -0800] "POST /blog/wp-cron.php?doing_wp_cron=1330808858 HTTP/1.0" 499 0 "-" "WordPress/3.3.1; http://yuvi.in/blog"
91.224.160.132 - - [03/Mar/2012:13:07:59 -0800] "POST /blog/wp-login.php HTTP/1.1" 200 1460 "-" "Mozilla/4.0 (compatible; MSIE 8.0; Windows NT 6.1; WOW64; Trident/4.0; SLCC2; .NET CLR 2.0.50727; .NET CLR 3.5.30729; .NET CLR 3.0.30729; Media Center PC 6.0; MS-RTC LM 8)"
85.17.88.169 - - [03/Mar/2012:13:08:01 -0800] "POST /blog/wp-cron.php?doing_wp_cron=1330808860 HTTP/1.0" 499 0 "-" "WordPress/3.3.1; http://yuvi.in/blog"
91.224.160.132 - - [03/Mar/2012:13:08:02 -0800] "POST /blog/wp-login.php HTTP/1.1" 200 1460 "-" "Mozilla/5.0 (X11; Linux) Gecko Firefox/5.0"
85.17.88.169 - - [03/Mar/2012:13:08:04 -0800] "POST /blog/wp-cron.php?doing_wp_cron=1330808863 HTTP/1.0" 499 0 "-" "WordPress/3.3.1; http://yuvi.in/blog"
91.224.160.132 - - [03/Mar/2012:13:08:04 -0800] "POST /blog/wp-login.php HTTP/1.1" 200 1460 "-" "Mozilla/5.0 (X11; Linux i686) AppleWebKit/535.1 (KHTML, like Gecko) Ubuntu/10.04 Chromium/14.0.813.0 Chrome/14.0.813.0 Safari/535.1"
85.17.88.169 - - [03/Mar/2012:13:08:06 -0800] "POST /blog/wp-cron.php?doing_wp_cron=1330808865 HTTP/1.0" 499 0 "-" "WordPress/3.3.1; http://yuvi.in/blog"
91.224.160.132 - - [03/Mar/2012:13:08:07 -0800] "POST /blog/wp-login.php HTTP/1.1" 200 1460 "-" "Mozilla/5.0 (Windows; U; Windows NT 6.1; cs-CZ) AppleWebKit/533.20.25 (KHTML, like Gecko) Version/5.0.4 Safari/533.20.27"
85.17.88.169 - - [03/Mar/2012:13:08:09 -0800] "POST /blog/wp-cron.php?doing_wp_cron=1330808868 HTTP/1.0" 499 0 "-" "WordPress/3.3.1; http://yuvi.in/blog"
91.224.160.132 - - [03/Mar/2012:13:08:10 -0800] "POST /blog/wp-login.php HTTP/1.1" 200 1460 "-" "Chrome/15.0.860.0 (Windows; U; Windows NT 6.0; en-US) AppleWebKit/533.20.25 (KHTML, like Gecko) Version/15.0.860.0"
85.17.88.169 - - [03/Mar/2012:13:08:12 -0800] "POST /blog/wp-cron.php?doing_wp_cron=1330808871 HTTP/1.0" 499 0 "-" "WordPress/3.3.1; http://yuvi.in/blog"
91.224.160.132 - - [03/Mar/2012:13:08:12 -0800] "POST /blog/wp-login.php HTTP/1.1" 200 1460 "-" "Mozilla/5.0 (compatible; MSIE 9.0; Windows NT 6.1; Trident/5.0; SLCC2; .NET CLR 2.0.50727; .NET CLR 3.5.30729; .NET CLR 3.0.30729; Media Center PC 6.0; InfoPath.2; .NET CLR 1.1.4322; .NET4.0C; Tablet PC 2.0)"
85.17.88.169 - - [03/Mar/2012:13:08:14 -0800] "POST /blog/wp-cron.php?doing_wp_cron=1330808873 HTTP/1.0" 499 0 "-" "WordPress/3.3.1; http://yuvi.in/blog"
91.224.160.132 - - [03/Mar/2012:13:08:15 -0800] "POST /blog/wp-login.php HTTP/1.1" 200 1460 "-" "Mozilla/5.0 (X11; Linux i686 on x86_64; rv:5.0a2) Gecko/20110524 Firefox/5.0a2"
85.17.88.169 - - [03/Mar/2012:13:08:17 -0800] "POST /blog/wp-cron.php?doing_wp_cron=1330808876 HTTP/1.0" 499 0 "-" "WordPress/3.3.1; http://yuvi.in/blog"
91.224.160.132 - - [03/Mar/2012:13:08:17 -0800] "POST /blog/wp-login.php HTTP/1.1" 200 1460 "-" "Mozilla/5.0 (X11; U; Linux amd64; rv:5.0) Gecko/20100101 Firefox/5.0 (Debian)"
85.17.88.169 - - [03/Mar/2012:13:08:19 -0800] "POST /blog/wp-cron.php?doing_wp_cron=1330808878 HTTP/1.0" 499 0 "-" "WordPress/3.3.1; http://yuvi.in/blog"
91.224.160.132 - - [03/Mar/2012:13:08:20 -0800] "POST /blog/wp-login.php HTTP/1.1" 200 1460 "-" "Mozilla/5.0 (X11; FreeBSD amd64; rv:5.0) Gecko/20100101 Firefox/5.0"
85.17.88.169 - - [03/Mar/2012:13:08:22 -0800] "POST /blog/wp-cron.php?doing_wp_cron=1330808881 HTTP/1.0" 499 0 "-" "WordPress/3.3.1; http://yuvi.in/blog"
91.224.160.132 - - [03/Mar/2012:13:08:22 -0800] "POST /blog/wp-login.php HTTP/1.1" 200 1460 "-" "Mozilla/5.0 (Windows NT 5.2) AppleWebKit/535.1 (KHTML, like Gecko) Chrome/14.0.813.0 Safari/535.1"
85.17.88.169 - - [03/Mar/2012:13:08:24 -0800] "POST /blog/wp-cron.php?doing_wp_cron=1330808883 HTTP/1.0" 499 0 "-" "WordPress/3.3.1; http://yuvi.in/blog"
91.224.160.132 - - [03/Mar/2012:13:08:25 -0800] "POST /blog/wp-login.php HTTP/1.1" 200 1460 "-" "Mozilla/5.0 (compatible; MSIE 7.0; Windows NT 5.0; Trident/4.0; FBSMTWB; .NET CLR 2.0.34861; .NET CLR 3.0.3746.3218; .NET CLR 3.5.33652; msn OptimizedIE8;ENUS)"
85.17.88.169 - - [03/Mar/2012:13:08:27 -0800] "POST /blog/wp-cron.php?doing_wp_cron=1330808886 HTTP/1.0" 499 0 "-" "WordPress/3.3.1; http://yuvi.in/blog"
91.224.160.132 - - [03/Mar/2012:13:08:27 -0800] "POST /blog/wp-login.php HTTP/1.1" 200 1460 "-" "Mozilla/5.0 (Windows NT 6.1; Win64; x64; rv:5.0) Gecko/20100101 Firefox/5.0"
85.17.88.169 - - [03/Mar/2012:13:08:29 -0800] "POST /blog/wp-cron.php?doing_wp_cron=1330808888 HTTP/1.0" 499 0 "-" "WordPress/3.3.1; http://yuvi.in/blog"
91.224.160.132 - - [03/Mar/2012:13:08:30 -0800] "POST /blog/wp-login.php HTTP/1.1" 200 1460 "-" "Mozilla/5.0 (X11; Linux AMD64) Gecko Firefox/5.0"
85.17.88.169 - - [03/Mar/2012:13:08:32 -0800] "POST /blog/wp-cron.php?doing_wp_cron=1330808891 HTTP/1.0" 499 0 "-" "WordPress/3.3.1; http://yuvi.in/blog"
91.224.160.132 - - [03/Mar/2012:13:08:32 -0800] "POST /blog/wp-login.php HTTP/1.1" 200 1460 "-" "Mozilla/5.0 (compatible; MSIE 8.0; Windows NT 5.2; Trident/4.0; Media Center PC 4.0; SLCC1; .NET CLR 3.0.04320)"
85.17.88.169 - - [03/Mar/2012:13:08:34 -0800] "POST /blog/wp-cron.php?doing_wp_cron=1330808893 HTTP/1.0" 499 0 "-" "WordPress/3.3.1; http://yuvi.in/blog"
91.224.160.132 - - [03/Mar/2012:13:08:35 -0800] "POST /blog/wp-login.php HTTP/1.1" 200 1460 "-" "Opera/9.80 (X11; Linux i686; U; ru) Presto/2.8.131 Version/11.11"
85.17.88.169 - - [03/Mar/2012:13:08:37 -0800] "POST /blog/wp-cron.php?doing_wp_cron=1330808896 HTTP/1.0" 499 0 "-" "WordPress/3.3.1; http://yuvi.in/blog"
91.224.160.132 - - [03/Mar/2012:13:08:37 -0800] "POST /blog/wp-login.php HTTP/1.1" 200 1460 "-" "Mozilla/5.0 (Macintosh; Intel Mac OS X 10_7_0) AppleWebKit/535.2 (KHTML, like Gecko) Chrome/15.0.861.0 Safari/535.2"
85.17.88.169 - - [03/Mar/2012:13:08:39 -0800] "POST /blog/wp-cron.php?doing_wp_cron=1330808898 HTTP/1.0" 499 0 "-" "WordPress/3.3.1; http://yuvi.in/blog"
91.224.160.132 - - [03/Mar/2012:13:08:40 -0800] "POST /blog/wp-login.php HTTP/1.1" 200 1460 "-" "Opera/9.80 (X11; Linux x86_64; U; Ubuntu/10.10 (maverick); pl) Presto/2.7.62 Version/11.01"
85.17.88.169 - - [03/Mar/2012:13:08:42 -0800] "POST /blog/wp-cron.php?doing_wp_cron=1330808901 HTTP/1.0" 499 0 "-" "WordPress/3.3.1; http://yuvi.in/blog"
91.224.160.132 - - [03/Mar/2012:13:08:42 -0800] "POST /blog/wp-login.php HTTP/1.1" 200 1460 "-" "Mozilla/5.0 (Macintosh; U; PPC Mac OS X 10_5_8; zh-cn) AppleWebKit/533.20.25 (KHTML, like Gecko) Version/5.0.4 Safari/533.20.27"
85.17.88.169 - - [03/Mar/2012:13:08:45 -0800] "POST /blog/wp-cron.php?doing_wp_cron=1330808903 HTTP/1.0" 499 0 "-" "WordPress/3.3.1; http://yuvi.in/blog"
91.224.160.132 - - [03/Mar/2012:13:08:48 -0800] "POST /blog/wp-login.php HTTP/1.1" 200 1422 "-" "Mozilla/5.0 (X11; U; Linux i586; de; rv:5.0) Gecko/20100101 Firefox/5.0"
85.17.88.169 - - [03/Mar/2012:13:08:50 -0800] "POST /blog/wp-cron.php?doing_wp_cron=1330808909 HTTP/1.0" 499 0 "-" "WordPress/3.3.1; http://yuvi.in/blog"
91.224.160.132 - - [03/Mar/2012:13:08:50 -0800] "POST /blog/wp-login.php HTTP/1.1" 200 1460 "-" "Mozilla/5.0 (compatible; MSIE 9.0; Windows NT 6.1; WOW64; Trident/5.0; .NET CLR 3.5.30729; .NET CLR 3.0.30729; .NET CLR 2.0.50727; Media Center PC 6.0)"
85.17.88.169 - - [03/Mar/2012:13:08:53 -0800] "POST /blog/wp-cron.php?doing_wp_cron=1330808911 HTTP/1.0" 499 0 "-" "WordPress/3.3.1; http://yuvi.in/blog"
91.224.160.132 - - [03/Mar/2012:13:08:53 -0800] "POST /blog/wp-login.php HTTP/1.1" 200 1460 "-" "Mozilla/5.0 (compatible; MSIE 9.0; Windows NT 6.1; Trident/5.0) chromeframe/10.0.648.205"
85.17.88.169 - - [03/Mar/2012:13:08:55 -0800] "POST /blog/wp-cron.php?doing_wp_cron=1330808914 HTTP/1.0" 499 0 "-" "WordPress/3.3.1; http://yuvi.in/blog"
91.224.160.132 - - [03/Mar/2012:13:08:56 -0800] "POST /blog/wp-login.php HTTP/1.1" 200 1460 "-" "Mozilla/5.0 (Windows; U; Windows NT 6.0; en-US) AppleWebKit/533.20.25 (KHTML, like Gecko) Version/5.0.4 Safari/533.20.27"
85.17.88.169 - - [03/Mar/2012:13:08:58 -0800] "POST /blog/wp-cron.php?doing_wp_cron=1330808917 HTTP/1.0" 499 0 "-" "WordPress/3.3.1; http://yuvi.in/blog"
91.224.160.132 - - [03/Mar/2012:13:08:58 -0800] "POST /blog/wp-login.php HTTP/1.1" 200 1460 "-" "Mozilla/5.0 (Macintosh; U; Intel Mac OS X 10_6_6; fr-fr) AppleWebKit/533.20.25 (KHTML, like Gecko) Version/5.0.4 Safari/533.20.27"
85.17.88.169 - - [03/Mar/2012:13:09:00 -0800] "POST /blog/wp-cron.php?doing_wp_cron=1330808919 HTTP/1.0" 499 0 "-" "WordPress/3.3.1; http://yuvi.in/blog"
91.224.160.132 - - [03/Mar/2012:13:09:01 -0800] "POST /blog/wp-login.php HTTP/1.1" 200 1460 "-" "Mozilla/4.0 (compatible; MSIE 8.0; Windows NT 6.1; WOW64; Trident/4.0; SLCC2; .NET CLR 2.0.50727; InfoPath.2)"
85.17.88.169 - - [03/Mar/2012:13:09:03 -0800] "POST /blog/wp-cron.php?doing_wp_cron=1330808922 HTTP/1.0" 499 0 "-" "WordPress/3.3.1; http://yuvi.in/blog"
91.224.160.132 - - [03/Mar/2012:13:09:03 -0800] "POST /blog/wp-login.php HTTP/1.1" 200 1460 "-" "Mozilla/5.0 (compatible; MSIE 9.0; Windows NT 6.1; WOW64; Trident/5.0; .NET CLR 3.5.30729; .NET CLR 3.0.30729; .NET CLR 2.0.50727; Media Center PC 6.0)"
85.17.88.169 - - [03/Mar/2012:13:09:05 -0800] "POST /blog/wp-cron.php?doing_wp_cron=1330808924 HTTP/1.0" 499 0 "-" "WordPress/3.3.1; http://yuvi.in/blog"
91.224.160.132 - - [03/Mar/2012:13:09:06 -0800] "POST /blog/wp-login.php HTTP/1.1" 200 1460 "-" "Mozilla/4.0 (compatible; MSIE 8.0; Windows NT 6.1; WOW64; Trident/4.0; SLCC2; .NET CLR 2.0.50727; .NET CLR 3.5.30729; .NET CLR 3.0.30729; Media Center PC 6.0; MS-RTC LM 8; .NET4.0C; .NET4.0E; Zune 4.7)"
85.17.88.169 - - [03/Mar/2012:13:09:08 -0800] "POST /blog/wp-cron.php?doing_wp_cron=1330808927 HTTP/1.0" 499 0 "-" "WordPress/3.3.1; http://yuvi.in/blog"
91.224.160.132 - - [03/Mar/2012:13:09:08 -0800] "POST /blog/wp-login.php HTTP/1.1" 200 1460 "-" "Mozilla/5.0 (X11; Linux x86_64) AppleWebKit/535.2 (KHTML, like Gecko) Ubuntu/11.04 Chromium/15.0.871.0 Chrome/15.0.871.0 Safari/535.2"
85.17.88.169 - - [03/Mar/2012:13:09:10 -0800] "POST /blog/wp-cron.php?doing_wp_cron=1330808929 HTTP/1.0" 499 0 "-" "WordPress/3.3.1; http://yuvi.in/blog"
91.224.160.132 - - [03/Mar/2012:13:09:11 -0800] "POST /blog/wp-login.php HTTP/1.1" 200 1460 "-" "Mozilla/5.0 (Macintosh; U; Intel Mac OS X 10_6_6; ko-kr) AppleWebKit/533.20.25 (KHTML, like Gecko) Version/5.0.4 Safari/533.20.27"
85.17.88.169 - - [03/Mar/2012:13:09:13 -0800] "POST /blog/wp-cron.php?doing_wp_cron=1330808932 HTTP/1.0" 499 0 "-" "WordPress/3.3.1; http://yuvi.in/blog"
91.224.160.132 - - [03/Mar/2012:13:09:14 -0800] "POST /blog/wp-login.php HTTP/1.1" 200 1460 "-" "Mozilla/5.0 (Windows NT 6.1; U; nl; rv:1.9.1.6) Gecko/20091201 Firefox/3.5.6 Opera 11.01"
85.17.88.169 - - [03/Mar/2012:13:09:16 -0800] "POST /blog/wp-cron.php?doing_wp_cron=1330808935 HTTP/1.0" 499 0 "-" "WordPress/3.3.1; http://yuvi.in/blog"
91.224.160.132 - - [03/Mar/2012:13:09:16 -0800] "POST /blog/wp-login.php HTTP/1.1" 200 1460 "-" "Mozilla/5.0 (Macintosh; Intel Mac OS X 10_6_7) AppleWebKit/535.1 (KHTML, like Gecko) Chrome/14.0.813.0 Safari/535.1"
85.17.88.169 - - [03/Mar/2012:13:09:18 -0800] "POST /blog/wp-cron.php?doing_wp_cron=1330808937 HTTP/1.0" 499 0 "-" "WordPress/3.3.1; http://yuvi.in/blog"
91.224.160.132 - - [03/Mar/2012:13:09:19 -0800] "POST /blog/wp-login.php HTTP/1.1" 200 1460 "-" "Mozilla/5.0 (compatible; MSIE 8.0; Windows NT 5.1; Trident/4.0; InfoPath.2; SLCC1; .NET CLR 3.0.4506.2152; .NET CLR 3.5.30729; .NET CLR 2.0.50727)"
85.17.88.169 - - [03/Mar/2012:13:09:21 -0800] "POST /blog/wp-cron.php?doing_wp_cron=1330808940 HTTP/1.0" 499 0 "-" "WordPress/3.3.1; http://yuvi.in/blog"
91.224.160.132 - - [03/Mar/2012:13:09:21 -0800] "POST /blog/wp-login.php HTTP/1.1" 200 1460 "-" "Mozilla/5.0 (compatible; MSIE 9.0; Windows NT 6.1; WOW64; Trident/5.0; SLCC2; Media Center PC 6.0; InfoPath.3; MS-RTC LM 8; Zune 4.7"
85.17.88.169 - - [03/Mar/2012:13:09:23 -0800] "POST /blog/wp-cron.php?doing_wp_cron=1330808942 HTTP/1.0" 499 0 "-" "WordPress/3.3.1; http://yuvi.in/blog"
91.224.160.132 - - [03/Mar/2012:13:09:24 -0800] "POST /blog/wp-login.php HTTP/1.1" 200 1460 "-" "Mozilla/5.0 (X11; Linux ppc; rv:5.0) Gecko/20100101 Firefox/5.0"
85.17.88.169 - - [03/Mar/2012:13:09:26 -0800] "POST /blog/wp-cron.php?doing_wp_cron=1330808945 HTTP/1.0" 499 0 "-" "WordPress/3.3.1; http://yuvi.in/blog"
91.224.160.132 - - [03/Mar/2012:13:09:26 -0800] "POST /blog/wp-login.php HTTP/1.1" 200 1460 "-" "Mozilla/5.0 (compatible; MSIE 9.0; Windows NT 6.0; Trident/5.0; chromeframe/11.0.696.57)"
85.17.88.169 - - [03/Mar/2012:13:09:28 -0800] "POST /blog/wp-cron.php?doing_wp_cron=1330808947 HTTP/1.0" 499 0 "-" "WordPress/3.3.1; http://yuvi.in/blog"
91.224.160.132 - - [03/Mar/2012:13:09:29 -0800] "POST /blog/wp-login.php HTTP/1.1" 200 1460 "-" "Mozilla/5.0 (Macintosh; U; Intel Mac OS X 10_6_6; ko-kr) AppleWebKit/533.20.25 (KHTML, like Gecko) Version/5.0.4 Safari/533.20.27"
85.17.88.169 - - [03/Mar/2012:13:09:31 -0800] "POST /blog/wp-cron.php?doing_wp_cron=1330808950 HTTP/1.0" 499 0 "-" "WordPress/3.3.1; http://yuvi.in/blog"
91.224.160.132 - - [03/Mar/2012:13:09:31 -0800] "POST /blog/wp-login.php HTTP/1.1" 200 1460 "-" "Mozilla/5.0 (Macintosh; U; Intel Mac OS X 10_6_6; de-de) AppleWebKit/533.20.25 (KHTML, like Gecko) Version/5.0.4 Safari/533.20.27"
85.17.88.169 - - [03/Mar/2012:13:09:34 -0800] "POST /blog/wp-cron.php?doing_wp_cron=1330808952 HTTP/1.0" 499 0 "-" "WordPress/3.3.1; http://yuvi.in/blog"
91.224.160.132 - - [03/Mar/2012:13:09:34 -0800] "POST /blog/wp-login.php HTTP/1.1" 200 1460 "-" "Opera/9.80 (Windows NT 6.1; U; zh-tw) Presto/2.7.62 Version/11.01"
85.17.88.169 - - [03/Mar/2012:13:09:36 -0800] "POST /blog/wp-cron.php?doing_wp_cron=1330808955 HTTP/1.0" 499 0 "-" "WordPress/3.3.1; http://yuvi.in/blog"
91.224.160.132 - - [03/Mar/2012:13:09:36 -0800] "POST /blog/wp-login.php HTTP/1.1" 200 1460 "-" "Mozilla/5.0 (Windows NT 5.1) AppleWebKit/535.2 (KHTML, like Gecko) Chrome/15.0.860.0 Safari/535.2"
85.17.88.169 - - [03/Mar/2012:13:09:39 -0800] "POST /blog/wp-cron.php?doing_wp_cron=1330808958 HTTP/1.0" 499 0 "-" "WordPress/3.3.1; http://yuvi.in/blog"
91.224.160.132 - - [03/Mar/2012:13:09:39 -0800] "POST /blog/wp-login.php HTTP/1.1" 200 1460 "-" "Opera/9.80 (X11; Linux i686; U; ja) Presto/2.7.62 Version/11.01"
85.17.88.169 - - [03/Mar/2012:13:09:41 -0800] "POST /blog/wp-cron.php?doing_wp_cron=1330808960 HTTP/1.0" 499 0 "-" "WordPress/3.3.1; http://yuvi.in/blog"
91.224.160.132 - - [03/Mar/2012:13:09:41 -0800] "POST /blog/wp-login.php HTTP/1.1" 200 1460 "-" "Mozilla/5.0 (Windows NT 5.1) AppleWebKit/535.2 (KHTML, like Gecko) Chrome/15.0.864.0 Safari/535.2"
85.17.88.169 - - [03/Mar/2012:13:09:44 -0800] "POST /blog/wp-cron.php?doing_wp_cron=1330808963 HTTP/1.0" 499 0 "-" "WordPress/3.3.1; http://yuvi.in/blog"
91.224.160.132 - - [03/Mar/2012:13:09:44 -0800] "POST /blog/wp-login.php HTTP/1.1" 200 1460 "-" "Mozilla/5.0 (X11; Linux) Gecko Firefox/5.0"
85.17.88.169 - - [03/Mar/2012:13:09:46 -0800] "POST /blog/wp-cron.php?doing_wp_cron=1330808965 HTTP/1.0" 499 0 "-" "WordPress/3.3.1; http://yuvi.in/blog"
91.224.160.132 - - [03/Mar/2012:13:09:47 -0800] "POST /blog/wp-login.php HTTP/1.1" 200 1460 "-" "Mozilla/5.0 (compatible; MSIE 8.0; Windows NT 5.1; Trident/4.0; SLCC1; .NET CLR 3.0.4506.2152; .NET CLR 3.5.30729; .NET CLR 1.1.4322)"
85.17.88.169 - - [03/Mar/2012:13:09:49 -0800] "POST /blog/wp-cron.php?doing_wp_cron=1330808968 HTTP/1.0" 499 0 "-" "WordPress/3.3.1; http://yuvi.in/blog"
91.224.160.132 - - [03/Mar/2012:13:09:49 -0800] "POST /blog/wp-login.php HTTP/1.1" 200 1460 "-" "Mozilla/5.0 (Macintosh; U; Intel Mac OS X 10_6_6; sv-se) AppleWebKit/533.20.25 (KHTML, like Gecko) Version/5.0.4 Safari/533.20.27"
85.17.88.169 - - [03/Mar/2012:13:09:51 -0800] "POST /blog/wp-cron.php?doing_wp_cron=1330808970 HTTP/1.0" 499 0 "-" "WordPress/3.3.1; http://yuvi.in/blog"
91.224.160.132 - - [03/Mar/2012:13:09:52 -0800] "POST /blog/wp-login.php HTTP/1.1" 200 1460 "-" "Mozilla/5.0 (Windows; U; Windows NT 6.1; en-US; rv:1.9.2.13) Gecko/20101213 Opera/9.80 (Windows NT 6.1; U; zh-tw) Presto/2.7.62 Version/11.01"
85.17.88.169 - - [03/Mar/2012:13:09:54 -0800] "POST /blog/wp-cron.php?doing_wp_cron=1330808973 HTTP/1.0" 499 0 "-" "WordPress/3.3.1; http://yuvi.in/blog"
91.224.160.132 - - [03/Mar/2012:13:09:54 -0800] "POST /blog/wp-login.php HTTP/1.1" 200 1460 "-" "Mozilla/5.0 (X11; Linux i686) AppleWebKit/535.1 (KHTML, like Gecko) Ubuntu/11.04 Chromium/14.0.814.0 Chrome/14.0.814.0 Safari/535.1"
85.17.88.169 - - [03/Mar/2012:13:09:56 -0800] "POST /blog/wp-cron.php?doing_wp_cron=1330808975 HTTP/1.0" 499 0 "-" "WordPress/3.3.1; http://yuvi.in/blog"
91.224.160.132 - - [03/Mar/2012:13:09:57 -0800] "POST /blog/wp-login.php HTTP/1.1" 200 1460 "-" "Mozilla/5.0 (X11; Linux i686) AppleWebKit/535.1 (KHTML, like Gecko) Ubuntu/10.04 Chromium/14.0.813.0 Chrome/14.0.813.0 Safari/535.1"
85.17.88.169 - - [03/Mar/2012:13:09:59 -0800] "POST /blog/wp-cron.php?doing_wp_cron=1330808978 HTTP/1.0" 499 0 "-" "WordPress/3.3.1; http://yuvi.in/blog"
91.224.160.132 - - [03/Mar/2012:13:09:59 -0800] "POST /blog/wp-login.php HTTP/1.1" 200 1460 "-" "Mozilla/5.0 (compatible; MSIE 7.0; Windows NT 5.0; Trident/4.0; FBSMTWB; .NET CLR 2.0.34861; .NET CLR 3.0.3746.3218; .NET CLR 3.5.33652; msn OptimizedIE8;ENUS)"
85.17.88.169 - - [03/Mar/2012:13:10:01 -0800] "POST /blog/wp-cron.php?doing_wp_cron=1330808980 HTTP/1.0" 499 0 "-" "WordPress/3.3.1; http://yuvi.in/blog"
91.224.160.132 - - [03/Mar/2012:13:10:02 -0800] "POST /blog/wp-login.php HTTP/1.1" 200 1460 "-" "Opera/9.80 (Windows NT 5.1; U;) Presto/2.7.62 Version/11.01"
85.17.88.169 - - [03/Mar/2012:13:10:04 -0800] "POST /blog/wp-cron.php?doing_wp_cron=1330808983 HTTP/1.0" 499 0 "-" "WordPress/3.3.1; http://yuvi.in/blog"
91.224.160.132 - - [03/Mar/2012:13:10:04 -0800] "POST /blog/wp-login.php HTTP/1.1" 200 1460 "-" "Mozilla/5.0 (compatible; MSIE 8.0; Windows NT 5.0; Trident/4.0; InfoPath.1; SV1; .NET CLR 3.0.4506.2152; .NET CLR 3.5.30729; .NET CLR 3.0.04506.30)"
85.17.88.169 - - [03/Mar/2012:13:10:06 -0800] "POST /blog/wp-cron.php?doing_wp_cron=1330808985 HTTP/1.0" 499 0 "-" "WordPress/3.3.1; http://yuvi.in/blog"
91.224.160.132 - - [03/Mar/2012:13:10:07 -0800] "POST /blog/wp-login.php HTTP/1.1" 200 1460 "-" "Mozilla/5.0 (Macintosh; U; PPC Mac OS X 10_5_8; zh-cn) AppleWebKit/533.20.25 (KHTML, like Gecko) Version/5.0.4 Safari/533.20.27"
