193.167.239.155 - - [08/Mar/2012:08:03:12 -0800] "GET /r/2eq3 HTTP/1.1" 301 257 "http://www.facebook.com/l.php?u=http%3A%2F%2Ftawp.in%2Fr%2F2eq3&h=tAQGnQITl" "Mozilla/5.0 (Windows NT 6.1; rv:10.0.2) Gecko/20100101 Firefox/10.0.2"
193.167.239.155 - - [08/Mar/2012:08:03:12 -0800] "GET /s/ta/2eq3/ HTTP/1.1" 302 373 "http://www.facebook.com/l.php?u=http%3A%2F%2Ftawp.in%2Fr%2F2eq3&h=tAQGnQITl" "Mozilla/5.0 (Windows NT 6.1; rv:10.0.2) Gecko/20100101 Firefox/10.0.2"
85.17.88.169 - - [08/Mar/2012:08:03:14 -0800] "POST /blog/wp-cron.php?doing_wp_cron=1331222535 HTTP/1.0" 499 0 "-" "WordPress/3.3.1; http://yuvi.in/blog"
100.43.83.144 - - [08/Mar/2012:08:03:15 -0800] "GET /blog/my-vimrc/ HTTP/1.1" 200 4448 "-" "Mozilla/5.0 (compatible; YandexBot/3.0; +http://yandex.com/bots)"
85.17.88.169 - - [08/Mar/2012:08:04:43 -0800] "POST /blog/wp-cron.php?doing_wp_cron=1331222624 HTTP/1.0" 499 0 "-" "WordPress/3.3.1; http://yuvi.in/blog"
180.76.5.94 - - [08/Mar/2012:08:04:44 -0800] "GET /blog/2010/09/ HTTP/1.1" 200 6900 "-" "Mozilla/5.0 (compatible; Baiduspider/2.0; +http://www.baidu.com/search/spider.html)"
85.17.88.169 - - [08/Mar/2012:08:05:15 -0800] "POST /blog/wp-cron.php?doing_wp_cron=1331222655 HTTP/1.0" 499 0 "-" "WordPress/3.3.1; http://yuvi.in/blog"
100.43.83.144 - - [08/Mar/2012:08:05:15 -0800] "GET /blog/trip-to-kerala/ HTTP/1.1" 200 4694 "-" "Mozilla/5.0 (compatible; YandexBot/3.0; +http://yandex.com/bots)"
117.241.120.55 - - [08/Mar/2012:08:06:34 -0800] "-" 400 0 "-" "-"
202.156.9.245 - - [08/Mar/2012:08:06:48 -0800] "GET /r/30b7 HTTP/1.1" 301 257 "http://ta.wikipedia.org/wiki/%E0%AE%9A%E0%AF%8B%E0%AE%B4%E0%AE%B0%E0%AF%8D%E0%AE%95%E0%AE%BE%E0%AE%B2_%E0%AE%86%E0%AE%9F%E0%AF%8D%E0%AE%9A%E0%AE%BF" "Mozilla/5.0 (Windows NT 5.1; rv:9.0.1) Gecko/20100101 Firefox/9.0.1"
202.156.9.245 - - [08/Mar/2012:08:06:49 -0800] "GET /s/ta/30b7/ HTTP/1.1" 302 425 "http://ta.wikipedia.org/wiki/%E0%AE%9A%E0%AF%8B%E0%AE%B4%E0%AE%B0%E0%AF%8D%E0%AE%95%E0%AE%BE%E0%AE%B2_%E0%AE%86%E0%AE%9F%E0%AF%8D%E0%AE%9A%E0%AE%BF" "Mozilla/5.0 (Windows NT 5.1; rv:9.0.1) Gecko/20100101 Firefox/9.0.1"
85.17.88.169 - - [08/Mar/2012:08:07:50 -0800] "POST /blog/wp-cron.php?doing_wp_cron=1331222810 HTTP/1.0" 499 0 "-" "WordPress/3.3.1; http://yuvi.in/blog"
66.249.71.97 - - [08/Mar/2012:08:07:50 -0800] "GET /blog/devlog-december-11-2011/ HTTP/1.1" 200 4638 "-" "Mozilla/5.0 (compatible; Googlebot/2.1; +http://www.google.com/bot.html)"
117.241.120.55 - - [08/Mar/2012:08:07:54 -0800] "-" 400 0 "-" "-"
117.241.120.55 - - [08/Mar/2012:08:07:56 -0800] "-" 400 0 "-" "-"
117.193.81.236 - - [08/Mar/2012:08:09:09 -0800] "-" 400 0 "-" "-"
117.193.81.236 - - [08/Mar/2012:08:09:09 -0800] "-" 400 0 "-" "-"
117.193.81.236 - - [08/Mar/2012:08:09:09 -0800] "-" 400 0 "-" "-"
117.193.81.236 - - [08/Mar/2012:08:09:09 -0800] "-" 400 0 "-" "-"
117.193.81.236 - - [08/Mar/2012:08:09:09 -0800] "-" 400 0 "-" "-"
117.193.81.236 - - [08/Mar/2012:08:09:09 -0800] "-" 400 0 "-" "-"
117.193.81.236 - - [08/Mar/2012:08:09:09 -0800] "-" 400 0 "-" "-"
117.193.81.236 - - [08/Mar/2012:08:09:09 -0800] "-" 400 0 "-" "-"
117.193.81.236 - - [08/Mar/2012:08:09:09 -0800] "-" 400 0 "-" "-"
117.193.81.236 - - [08/Mar/2012:08:09:09 -0800] "-" 400 0 "-" "-"
117.193.81.236 - - [08/Mar/2012:08:09:09 -0800] "-" 400 0 "-" "-"
117.193.81.236 - - [08/Mar/2012:08:09:09 -0800] "-" 400 0 "-" "-"
117.193.81.236 - - [08/Mar/2012:08:09:09 -0800] "-" 400 0 "-" "-"
117.193.81.236 - - [08/Mar/2012:08:09:09 -0800] "-" 400 0 "-" "-"
117.193.81.236 - - [08/Mar/2012:08:09:09 -0800] "-" 400 0 "-" "-"
117.193.81.236 - - [08/Mar/2012:08:09:09 -0800] "-" 400 0 "-" "-"
117.193.81.236 - - [08/Mar/2012:08:09:09 -0800] "-" 400 0 "-" "-"
117.193.81.236 - - [08/Mar/2012:08:09:09 -0800] "-" 400 0 "-" "-"
117.193.81.236 - - [08/Mar/2012:08:09:09 -0800] "-" 400 0 "-" "-"
117.193.81.236 - - [08/Mar/2012:08:09:09 -0800] "-" 400 0 "-" "-"
117.193.81.236 - - [08/Mar/2012:08:09:09 -0800] "-" 400 0 "-" "-"
117.193.81.236 - - [08/Mar/2012:08:09:09 -0800] "-" 400 0 "-" "-"
117.193.81.236 - - [08/Mar/2012:08:09:09 -0800] "-" 400 0 "-" "-"
117.193.81.236 - - [08/Mar/2012:08:09:09 -0800] "-" 400 0 "-" "-"
117.193.81.236 - - [08/Mar/2012:08:09:09 -0800] "-" 400 0 "-" "-"
117.193.81.236 - - [08/Mar/2012:08:09:09 -0800] "-" 400 0 "-" "-"
117.193.81.236 - - [08/Mar/2012:08:09:09 -0800] "-" 400 0 "-" "-"
117.193.81.236 - - [08/Mar/2012:08:09:09 -0800] "-" 400 0 "-" "-"
117.193.81.236 - - [08/Mar/2012:08:09:09 -0800] "-" 400 0 "-" "-"
117.193.81.236 - - [08/Mar/2012:08:09:09 -0800] "-" 400 0 "-" "-"
117.193.81.236 - - [08/Mar/2012:08:09:09 -0800] "-" 400 0 "-" "-"
117.193.81.236 - - [08/Mar/2012:08:09:09 -0800] "-" 400 0 "-" "-"
117.193.81.236 - - [08/Mar/2012:08:09:09 -0800] "-" 400 0 "-" "-"
117.193.81.236 - - [08/Mar/2012:08:09:09 -0800] "-" 400 0 "-" "-"
117.193.81.236 - - [08/Mar/2012:08:09:09 -0800] "-" 400 0 "-" "-"
117.193.81.236 - - [08/Mar/2012:08:09:09 -0800] "-" 400 0 "-" "-"
117.193.81.236 - - [08/Mar/2012:08:09:09 -0800] "-" 400 0 "-" "-"
117.193.81.236 - - [08/Mar/2012:08:09:09 -0800] "-" 400 0 "-" "-"
117.193.81.236 - - [08/Mar/2012:08:09:09 -0800] "-" 400 0 "-" "-"
117.193.81.236 - - [08/Mar/2012:08:09:09 -0800] "-" 400 0 "-" "-"
117.193.81.236 - - [08/Mar/2012:08:09:09 -0800] "-" 400 0 "-" "-"
117.193.81.236 - - [08/Mar/2012:08:09:09 -0800] "-" 400 0 "-" "-"
117.193.81.236 - - [08/Mar/2012:08:09:09 -0800] "-" 400 0 "-" "-"
117.193.81.236 - - [08/Mar/2012:08:09:09 -0800] "-" 400 0 "-" "-"
117.193.81.236 - - [08/Mar/2012:08:09:10 -0800] "-" 400 0 "-" "-"
117.193.81.236 - - [08/Mar/2012:08:09:10 -0800] "-" 400 0 "-" "-"
117.193.81.236 - - [08/Mar/2012:08:09:10 -0800] "-" 400 0 "-" "-"
117.193.81.236 - - [08/Mar/2012:08:09:10 -0800] "-" 400 0 "-" "-"
117.193.81.236 - - [08/Mar/2012:08:09:10 -0800] "-" 400 0 "-" "-"
117.193.81.236 - - [08/Mar/2012:08:09:10 -0800] "-" 400 0 "-" "-"
117.193.81.236 - - [08/Mar/2012:08:09:10 -0800] "-" 400 0 "-" "-"
117.193.81.236 - - [08/Mar/2012:08:09:10 -0800] "-" 400 0 "-" "-"
117.193.81.236 - - [08/Mar/2012:08:09:10 -0800] "-" 400 0 "-" "-"
117.193.81.236 - - [08/Mar/2012:08:09:10 -0800] "-" 400 0 "-" "-"
117.193.81.236 - - [08/Mar/2012:08:09:10 -0800] "-" 400 0 "-" "-"
117.193.81.236 - - [08/Mar/2012:08:09:10 -0800] "-" 400 0 "-" "-"
117.193.81.236 - - [08/Mar/2012:08:09:10 -0800] "-" 400 0 "-" "-"
117.193.81.236 - - [08/Mar/2012:08:09:10 -0800] "-" 400 0 "-" "-"
117.193.81.236 - - [08/Mar/2012:08:09:10 -0800] "-" 400 0 "-" "-"
117.193.81.236 - - [08/Mar/2012:08:09:10 -0800] "-" 400 0 "-" "-"
117.193.81.236 - - [08/Mar/2012:08:09:10 -0800] "-" 400 0 "-" "-"
117.193.81.236 - - [08/Mar/2012:08:09:10 -0800] "-" 400 0 "-" "-"
117.193.81.236 - - [08/Mar/2012:08:09:10 -0800] "-" 400 0 "-" "-"
117.193.81.236 - - [08/Mar/2012:08:09:10 -0800] "-" 400 0 "-" "-"
117.193.81.236 - - [08/Mar/2012:08:09:10 -0800] "-" 400 0 "-" "-"
117.193.81.236 - - [08/Mar/2012:08:09:10 -0800] "-" 400 0 "-" "-"
117.193.81.236 - - [08/Mar/2012:08:09:10 -0800] "-" 400 0 "-" "-"
117.193.81.236 - - [08/Mar/2012:08:09:10 -0800] "-" 400 0 "-" "-"
117.193.81.236 - - [08/Mar/2012:08:09:10 -0800] "-" 400 0 "-" "-"
117.193.81.236 - - [08/Mar/2012:08:09:10 -0800] "-" 400 0 "-" "-"
117.193.81.236 - - [08/Mar/2012:08:09:10 -0800] "-" 400 0 "-" "-"
117.193.81.236 - - [08/Mar/2012:08:09:10 -0800] "-" 400 0 "-" "-"
117.193.81.236 - - [08/Mar/2012:08:09:10 -0800] "-" 400 0 "-" "-"
117.193.81.236 - - [08/Mar/2012:08:09:10 -0800] "-" 400 0 "-" "-"
117.193.81.236 - - [08/Mar/2012:08:09:10 -0800] "-" 400 0 "-" "-"
117.193.81.236 - - [08/Mar/2012:08:09:10 -0800] "-" 400 0 "-" "-"
117.193.81.236 - - [08/Mar/2012:08:09:10 -0800] "-" 400 0 "-" "-"
117.193.81.236 - - [08/Mar/2012:08:09:10 -0800] "-" 400 0 "-" "-"
117.193.81.236 - - [08/Mar/2012:08:09:10 -0800] "-" 400 0 "-" "-"
117.193.81.236 - - [08/Mar/2012:08:09:10 -0800] "-" 400 0 "-" "-"
117.193.81.236 - - [08/Mar/2012:08:09:10 -0800] "-" 400 0 "-" "-"
117.193.81.236 - - [08/Mar/2012:08:09:10 -0800] "-" 400 0 "-" "-"
117.193.81.236 - - [08/Mar/2012:08:09:10 -0800] "-" 400 0 "-" "-"
117.193.81.236 - - [08/Mar/2012:08:09:10 -0800] "-" 400 0 "-" "-"
117.193.81.236 - - [08/Mar/2012:08:09:10 -0800] "-" 400 0 "-" "-"
117.193.81.236 - - [08/Mar/2012:08:09:10 -0800] "-" 400 0 "-" "-"
117.193.81.236 - - [08/Mar/2012:08:09:10 -0800] "-" 400 0 "-" "-"
117.193.81.236 - - [08/Mar/2012:08:09:10 -0800] "-" 400 0 "-" "-"
117.193.81.236 - - [08/Mar/2012:08:09:10 -0800] "-" 400 0 "-" "-"
117.193.81.236 - - [08/Mar/2012:08:09:10 -0800] "-" 400 0 "-" "-"
117.193.81.236 - - [08/Mar/2012:08:09:10 -0800] "-" 400 0 "-" "-"
117.193.81.236 - - [08/Mar/2012:08:09:10 -0800] "-" 400 0 "-" "-"
117.193.81.236 - - [08/Mar/2012:08:09:10 -0800] "-" 400 0 "-" "-"
117.193.81.236 - - [08/Mar/2012:08:09:10 -0800] "-" 400 0 "-" "-"
117.193.81.236 - - [08/Mar/2012:08:09:10 -0800] "-" 400 0 "-" "-"
117.193.81.236 - - [08/Mar/2012:08:09:10 -0800] "-" 400 0 "-" "-"
117.193.81.236 - - [08/Mar/2012:08:09:10 -0800] "-" 400 0 "-" "-"
117.193.81.236 - - [08/Mar/2012:08:09:10 -0800] "-" 400 0 "-" "-"
117.193.81.236 - - [08/Mar/2012:08:09:10 -0800] "-" 400 0 "-" "-"
117.193.81.236 - - [08/Mar/2012:08:09:10 -0800] "-" 400 0 "-" "-"
117.193.81.236 - - [08/Mar/2012:08:09:10 -0800] "-" 400 0 "-" "-"
117.193.81.236 - - [08/Mar/2012:08:09:10 -0800] "-" 400 0 "-" "-"
117.193.81.236 - - [08/Mar/2012:08:09:10 -0800] "-" 400 0 "-" "-"
117.193.81.236 - - [08/Mar/2012:08:09:10 -0800] "-" 400 0 "-" "-"
117.193.81.236 - - [08/Mar/2012:08:09:10 -0800] "-" 400 0 "-" "-"
117.193.81.236 - - [08/Mar/2012:08:09:10 -0800] "-" 400 0 "-" "-"
117.193.81.236 - - [08/Mar/2012:08:09:10 -0800] "-" 400 0 "-" "-"
117.193.81.236 - - [08/Mar/2012:08:09:10 -0800] "-" 400 0 "-" "-"
117.193.81.236 - - [08/Mar/2012:08:09:10 -0800] "-" 400 0 "-" "-"
117.193.81.236 - - [08/Mar/2012:08:09:10 -0800] "-" 400 0 "-" "-"
117.193.81.236 - - [08/Mar/2012:08:09:10 -0800] "-" 400 0 "-" "-"
117.193.81.236 - - [08/Mar/2012:08:09:10 -0800] "-" 400 0 "-" "-"
117.193.81.236 - - [08/Mar/2012:08:09:10 -0800] "-" 400 0 "-" "-"
117.193.81.236 - - [08/Mar/2012:08:09:10 -0800] "-" 400 0 "-" "-"
117.193.81.236 - - [08/Mar/2012:08:09:10 -0800] "-" 400 0 "-" "-"
117.193.81.236 - - [08/Mar/2012:08:09:10 -0800] "-" 400 0 "-" "-"
117.193.81.236 - - [08/Mar/2012:08:09:10 -0800] "-" 400 0 "-" "-"
117.193.81.236 - - [08/Mar/2012:08:09:10 -0800] "-" 400 0 "-" "-"
117.193.81.236 - - [08/Mar/2012:08:09:10 -0800] "-" 400 0 "-" "-"
117.193.81.236 - - [08/Mar/2012:08:09:10 -0800] "-" 400 0 "-" "-"
117.193.81.236 - - [08/Mar/2012:08:09:10 -0800] "-" 400 0 "-" "-"
117.193.81.236 - - [08/Mar/2012:08:09:10 -0800] "-" 400 0 "-" "-"
117.193.81.236 - - [08/Mar/2012:08:09:10 -0800] "-" 400 0 "-" "-"
117.193.81.236 - - [08/Mar/2012:08:09:10 -0800] "-" 400 0 "-" "-"
117.193.81.236 - - [08/Mar/2012:08:09:10 -0800] "-" 400 0 "-" "-"
117.193.81.236 - - [08/Mar/2012:08:09:10 -0800] "-" 400 0 "-" "-"
117.193.81.236 - - [08/Mar/2012:08:09:28 -0800] "-" 400 0 "-" "-"
117.193.81.236 - - [08/Mar/2012:08:09:28 -0800] "-" 400 0 "-" "-"
117.193.81.236 - - [08/Mar/2012:08:09:28 -0800] "-" 400 0 "-" "-"
117.193.81.236 - - [08/Mar/2012:08:09:28 -0800] "-" 400 0 "-" "-"
117.193.81.236 - - [08/Mar/2012:08:09:28 -0800] "-" 400 0 "-" "-"
117.193.81.236 - - [08/Mar/2012:08:09:28 -0800] "-" 400 0 "-" "-"
117.193.81.236 - - [08/Mar/2012:08:09:28 -0800] "-" 400 0 "-" "-"
117.193.81.236 - - [08/Mar/2012:08:09:28 -0800] "-" 400 0 "-" "-"
117.193.81.236 - - [08/Mar/2012:08:09:28 -0800] "-" 400 0 "-" "-"
117.193.81.236 - - [08/Mar/2012:08:09:28 -0800] "-" 400 0 "-" "-"
117.193.81.236 - - [08/Mar/2012:08:09:28 -0800] "-" 400 0 "-" "-"
117.193.81.236 - - [08/Mar/2012:08:09:28 -0800] "-" 400 0 "-" "-"
117.193.81.236 - - [08/Mar/2012:08:09:28 -0800] "-" 400 0 "-" "-"
117.193.81.236 - - [08/Mar/2012:08:09:28 -0800] "-" 400 0 "-" "-"
117.193.81.236 - - [08/Mar/2012:08:09:28 -0800] "-" 400 0 "-" "-"
117.193.81.236 - - [08/Mar/2012:08:09:28 -0800] "-" 400 0 "-" "-"
117.193.81.236 - - [08/Mar/2012:08:09:28 -0800] "-" 400 0 "-" "-"
117.193.81.236 - - [08/Mar/2012:08:09:28 -0800] "-" 400 0 "-" "-"
117.193.81.236 - - [08/Mar/2012:08:09:28 -0800] "-" 400 0 "-" "-"
117.193.81.236 - - [08/Mar/2012:08:09:28 -0800] "-" 400 0 "-" "-"
117.193.81.236 - - [08/Mar/2012:08:09:28 -0800] "-" 400 0 "-" "-"
117.193.81.236 - - [08/Mar/2012:08:09:28 -0800] "-" 400 0 "-" "-"
117.193.81.236 - - [08/Mar/2012:08:09:28 -0800] "-" 400 0 "-" "-"
117.193.81.236 - - [08/Mar/2012:08:09:28 -0800] "-" 400 0 "-" "-"
117.193.81.236 - - [08/Mar/2012:08:09:28 -0800] "-" 400 0 "-" "-"
117.193.81.236 - - [08/Mar/2012:08:09:28 -0800] "-" 400 0 "-" "-"
117.193.81.236 - - [08/Mar/2012:08:09:28 -0800] "-" 400 0 "-" "-"
117.193.81.236 - - [08/Mar/2012:08:09:28 -0800] "-" 400 0 "-" "-"
117.193.81.236 - - [08/Mar/2012:08:09:28 -0800] "-" 400 0 "-" "-"
117.193.81.236 - - [08/Mar/2012:08:09:28 -0800] "-" 400 0 "-" "-"
117.193.81.236 - - [08/Mar/2012:08:09:28 -0800] "-" 400 0 "-" "-"
117.193.81.236 - - [08/Mar/2012:08:09:28 -0800] "-" 400 0 "-" "-"
117.193.81.236 - - [08/Mar/2012:08:09:28 -0800] "-" 400 0 "-" "-"
117.193.81.236 - - [08/Mar/2012:08:09:28 -0800] "-" 400 0 "-" "-"
117.193.81.236 - - [08/Mar/2012:08:09:28 -0800] "-" 400 0 "-" "-"
117.193.81.236 - - [08/Mar/2012:08:09:28 -0800] "-" 400 0 "-" "-"
117.193.81.236 - - [08/Mar/2012:08:09:28 -0800] "-" 400 0 "-" "-"
117.193.81.236 - - [08/Mar/2012:08:09:28 -0800] "-" 400 0 "-" "-"
117.193.81.236 - - [08/Mar/2012:08:09:28 -0800] "-" 400 0 "-" "-"
117.193.81.236 - - [08/Mar/2012:08:09:28 -0800] "-" 400 0 "-" "-"
117.193.81.236 - - [08/Mar/2012:08:09:28 -0800] "-" 400 0 "-" "-"
117.193.81.236 - - [08/Mar/2012:08:09:28 -0800] "-" 400 0 "-" "-"
117.193.81.236 - - [08/Mar/2012:08:09:28 -0800] "-" 400 0 "-" "-"
117.193.81.236 - - [08/Mar/2012:08:09:28 -0800] "-" 400 0 "-" "-"
117.193.81.236 - - [08/Mar/2012:08:09:28 -0800] "-" 400 0 "-" "-"
117.193.81.236 - - [08/Mar/2012:08:09:28 -0800] "-" 400 0 "-" "-"
117.193.81.236 - - [08/Mar/2012:08:09:28 -0800] "-" 400 0 "-" "-"
117.193.81.236 - - [08/Mar/2012:08:09:28 -0800] "-" 400 0 "-" "-"
117.193.81.236 - - [08/Mar/2012:08:09:30 -0800] "-" 400 0 "-" "-"
117.193.81.236 - - [08/Mar/2012:08:09:30 -0800] "-" 400 0 "-" "-"
117.193.81.236 - - [08/Mar/2012:08:09:30 -0800] "-" 400 0 "-" "-"
117.193.81.236 - - [08/Mar/2012:08:09:30 -0800] "-" 400 0 "-" "-"
117.193.81.236 - - [08/Mar/2012:08:09:30 -0800] "-" 400 0 "-" "-"
117.193.81.236 - - [08/Mar/2012:08:09:30 -0800] "-" 400 0 "-" "-"
117.193.81.236 - - [08/Mar/2012:08:09:30 -0800] "-" 400 0 "-" "-"
117.193.81.236 - - [08/Mar/2012:08:09:30 -0800] "-" 400 0 "-" "-"
117.193.81.236 - - [08/Mar/2012:08:09:30 -0800] "-" 400 0 "-" "-"
117.193.81.236 - - [08/Mar/2012:08:09:30 -0800] "-" 400 0 "-" "-"
117.193.81.236 - - [08/Mar/2012:08:09:30 -0800] "-" 400 0 "-" "-"
117.193.81.236 - - [08/Mar/2012:08:09:30 -0800] "-" 400 0 "-" "-"
117.193.81.236 - - [08/Mar/2012:08:09:30 -0800] "-" 400 0 "-" "-"
117.193.81.236 - - [08/Mar/2012:08:09:30 -0800] "-" 400 0 "-" "-"
117.193.81.236 - - [08/Mar/2012:08:09:30 -0800] "-" 400 0 "-" "-"
117.193.81.236 - - [08/Mar/2012:08:09:30 -0800] "-" 400 0 "-" "-"
117.193.81.236 - - [08/Mar/2012:08:09:30 -0800] "-" 400 0 "-" "-"
117.193.81.236 - - [08/Mar/2012:08:09:30 -0800] "-" 400 0 "-" "-"
117.193.81.236 - - [08/Mar/2012:08:09:30 -0800] "-" 400 0 "-" "-"
117.193.81.236 - - [08/Mar/2012:08:09:30 -0800] "-" 400 0 "-" "-"
117.193.81.236 - - [08/Mar/2012:08:09:30 -0800] "-" 400 0 "-" "-"
117.193.81.236 - - [08/Mar/2012:08:09:30 -0800] "-" 400 0 "-" "-"
117.193.81.236 - - [08/Mar/2012:08:09:30 -0800] "-" 400 0 "-" "-"
117.193.81.236 - - [08/Mar/2012:08:09:30 -0800] "-" 400 0 "-" "-"
117.193.81.236 - - [08/Mar/2012:08:09:30 -0800] "-" 400 0 "-" "-"
117.193.81.236 - - [08/Mar/2012:08:09:30 -0800] "-" 400 0 "-" "-"
117.193.81.236 - - [08/Mar/2012:08:09:30 -0800] "-" 400 0 "-" "-"
117.193.81.236 - - [08/Mar/2012:08:09:30 -0800] "-" 400 0 "-" "-"
117.193.81.236 - - [08/Mar/2012:08:09:30 -0800] "-" 400 0 "-" "-"
117.193.81.236 - - [08/Mar/2012:08:09:30 -0800] "-" 400 0 "-" "-"
117.193.81.236 - - [08/Mar/2012:08:09:30 -0800] "-" 400 0 "-" "-"
117.193.81.236 - - [08/Mar/2012:08:09:30 -0800] "-" 400 0 "-" "-"
117.193.81.236 - - [08/Mar/2012:08:09:30 -0800] "-" 400 0 "-" "-"
117.193.81.236 - - [08/Mar/2012:08:09:30 -0800] "-" 400 0 "-" "-"
117.193.81.236 - - [08/Mar/2012:08:09:30 -0800] "-" 400 0 "-" "-"
117.193.81.236 - - [08/Mar/2012:08:09:30 -0800] "-" 400 0 "-" "-"
117.193.81.236 - - [08/Mar/2012:08:09:30 -0800] "-" 400 0 "-" "-"
117.193.81.236 - - [08/Mar/2012:08:09:30 -0800] "-" 400 0 "-" "-"
117.193.81.236 - - [08/Mar/2012:08:09:30 -0800] "-" 400 0 "-" "-"
117.193.81.236 - - [08/Mar/2012:08:09:30 -0800] "-" 400 0 "-" "-"
117.193.81.236 - - [08/Mar/2012:08:09:30 -0800] "-" 400 0 "-" "-"
117.193.81.236 - - [08/Mar/2012:08:09:30 -0800] "-" 400 0 "-" "-"
117.193.81.236 - - [08/Mar/2012:08:09:30 -0800] "-" 400 0 "-" "-"
117.193.81.236 - - [08/Mar/2012:08:09:30 -0800] "-" 400 0 "-" "-"
117.193.81.236 - - [08/Mar/2012:08:09:30 -0800] "-" 400 0 "-" "-"
117.193.81.236 - - [08/Mar/2012:08:09:30 -0800] "-" 400 0 "-" "-"
117.193.81.236 - - [08/Mar/2012:08:09:30 -0800] "-" 400 0 "-" "-"
117.193.81.236 - - [08/Mar/2012:08:09:30 -0800] "-" 400 0 "-" "-"
88.250.67.32 - - [08/Mar/2012:08:10:13 -0800] "GET /favicon.ico HTTP/1.1" 404 142 "http://prashanth-kamle.blogspot.com/2011_05_01_archive.html" "Mozilla/5.0 (Windows; U; Windows NT 5.1; tr; rv:1.9.2.25) Gecko/20111212 Firefox/3.6.25"
67.188.133.158 - - [08/Mar/2012:08:10:48 -0800] "GET / HTTP/1.1" 200 1430 "-" "Reeder/1.5.4 CFNetwork/548.0.4 Darwin/11.0.0"
67.188.133.158 - - [08/Mar/2012:08:10:48 -0800] "GET /favicon.ico HTTP/1.1" 404 142 "-" "Reeder/1.5.4 CFNetwork/548.0.4 Darwin/11.0.0"
67.188.133.158 - - [08/Mar/2012:08:10:48 -0800] "GET / HTTP/1.1" 200 1430 "-" "Reeder/1.5.4 CFNetwork/548.0.4 Darwin/11.0.0"
67.188.133.158 - - [08/Mar/2012:08:10:48 -0800] "GET /apple-touch-icon.png HTTP/1.1" 404 142 "-" "Reeder/1.5.4 CFNetwork/548.0.4 Darwin/11.0.0"
67.188.133.158 - - [08/Mar/2012:08:10:48 -0800] "GET /apple-touch-icon-precomposed.png HTTP/1.1" 404 142 "-" "Reeder/1.5.4 CFNetwork/548.0.4 Darwin/11.0.0"
117.193.81.236 - - [08/Mar/2012:08:11:20 -0800] "-" 400 0 "-" "-"
117.193.81.236 - - [08/Mar/2012:08:11:20 -0800] "-" 400 0 "-" "-"
117.193.81.236 - - [08/Mar/2012:08:11:20 -0800] "-" 400 0 "-" "-"
85.17.88.169 - - [08/Mar/2012:08:11:26 -0800] "POST /blog/wp-cron.php?doing_wp_cron=1331223027 HTTP/1.0" 499 0 "-" "WordPress/3.3.1; http://yuvi.in/blog"
72.14.199.121 - - [08/Mar/2012:08:11:27 -0800] "GET /blog/feed/ HTTP/1.1" 304 0 "-" "Feedfetcher-Google; (+http://www.google.com/feedfetcher.html; 18 subscribers; feed-id=15064232456473204253)"
85.17.88.169 - - [08/Mar/2012:08:11:43 -0800] "POST /blog/wp-cron.php?doing_wp_cron=1331223044 HTTP/1.0" 499 0 "-" "WordPress/3.3.1; http://yuvi.in/blog"
72.14.199.121 - - [08/Mar/2012:08:11:43 -0800] "GET /blog/feed HTTP/1.1" 301 0 "-" "Feedfetcher-Google; (+http://www.google.com/feedfetcher.html; 3 subscribers; feed-id=17684830852112633560)"
85.17.88.169 - - [08/Mar/2012:08:11:46 -0800] "POST /blog/wp-cron.php?doing_wp_cron=1331223047 HTTP/1.0" 499 0 "-" "WordPress/3.3.1; http://yuvi.in/blog"
72.14.199.121 - - [08/Mar/2012:08:11:47 -0800] "GET /blog/feed/ HTTP/1.1" 304 0 "-" "Feedfetcher-Google; (+http://www.google.com/feedfetcher.html; 3 subscribers; feed-id=17684830852112633560)"
117.241.120.55 - - [08/Mar/2012:08:11:54 -0800] "-" 400 0 "-" "-"
117.241.120.55 - - [08/Mar/2012:08:12:04 -0800] "-" 400 0 "-" "-"
117.241.120.55 - - [08/Mar/2012:08:12:04 -0800] "-" 400 0 "-" "-"
117.241.120.55 - - [08/Mar/2012:08:12:04 -0800] "-" 400 0 "-" "-"
117.241.120.55 - - [08/Mar/2012:08:12:04 -0800] "-" 400 0 "-" "-"
115.184.181.158 - - [08/Mar/2012:08:12:58 -0800] "-" 400 0 "-" "-"
115.184.181.158 - - [08/Mar/2012:08:13:28 -0800] "-" 400 0 "-" "-"
117.241.120.55 - - [08/Mar/2012:08:14:04 -0800] "-" 400 0 "-" "-"
117.241.120.55 - - [08/Mar/2012:08:14:04 -0800] "-" 400 0 "-" "-"
117.241.120.55 - - [08/Mar/2012:08:14:34 -0800] "-" 400 0 "-" "-"
207.46.204.173 - - [08/Mar/2012:08:16:36 -0800] "-" 400 0 "-" "-"
207.46.204.173 - - [08/Mar/2012:08:16:36 -0800] "-" 400 0 "-" "-"
207.46.204.173 - - [08/Mar/2012:08:16:36 -0800] "-" 400 0 "-" "-"
207.46.204.173 - - [08/Mar/2012:08:16:37 -0800] "-" 400 0 "-" "-"
207.46.204.173 - - [08/Mar/2012:08:16:37 -0800] "-" 400 0 "-" "-"
207.46.204.173 - - [08/Mar/2012:08:16:38 -0800] "-" 400 0 "-" "-"
207.46.204.173 - - [08/Mar/2012:08:16:38 -0800] "-" 400 0 "-" "-"
207.46.204.173 - - [08/Mar/2012:08:16:38 -0800] "-" 400 0 "-" "-"
77.248.48.35 - - [08/Mar/2012:08:16:46 -0800] "GET /robots.txt HTTP/1.0" 404 169 "-" "Mozilla/5.0 (compatible; MJ12bot/v1.4.2; http://www.majestic12.co.uk/bot.php?+)"
77.248.48.35 - - [08/Mar/2012:08:16:47 -0800] "GET / HTTP/1.1" 200 3439 "-" "Mozilla/5.0 (compatible; MJ12bot/v1.4.2; http://www.majestic12.co.uk/bot.php?+)"
157.55.112.207 - - [08/Mar/2012:08:17:53 -0800] "-" 400 0 "-" "-"
157.55.112.207 - - [08/Mar/2012:08:17:57 -0800] "-" 400 0 "-" "-"
157.55.112.207 - - [08/Mar/2012:08:17:57 -0800] "-" 400 0 "-" "-"
157.55.112.207 - - [08/Mar/2012:08:17:59 -0800] "-" 400 0 "-" "-"
157.55.112.207 - - [08/Mar/2012:08:17:59 -0800] "-" 400 0 "-" "-"
117.207.112.45 - - [08/Mar/2012:08:18:00 -0800] "-" 400 0 "-" "-"
157.55.112.207 - - [08/Mar/2012:08:18:02 -0800] "-" 400 0 "-" "-"
157.55.112.207 - - [08/Mar/2012:08:18:02 -0800] "-" 400 0 "-" "-"
157.55.112.207 - - [08/Mar/2012:08:18:02 -0800] "-" 400 0 "-" "-"
157.55.112.207 - - [08/Mar/2012:08:18:02 -0800] "-" 400 0 "-" "-"
157.55.112.207 - - [08/Mar/2012:08:18:03 -0800] "-" 400 0 "-" "-"
117.193.81.236 - - [08/Mar/2012:08:18:11 -0800] "-" 400 0 "-" "-"
117.193.81.236 - - [08/Mar/2012:08:18:11 -0800] "-" 400 0 "-" "-"
117.193.81.236 - - [08/Mar/2012:08:18:11 -0800] "-" 400 0 "-" "-"
117.193.81.236 - - [08/Mar/2012:08:18:11 -0800] "-" 400 0 "-" "-"
117.193.81.236 - - [08/Mar/2012:08:18:11 -0800] "-" 400 0 "-" "-"
117.193.81.236 - - [08/Mar/2012:08:18:11 -0800] "-" 400 0 "-" "-"
117.193.81.236 - - [08/Mar/2012:08:18:11 -0800] "-" 400 0 "-" "-"
117.193.81.236 - - [08/Mar/2012:08:18:11 -0800] "-" 400 0 "-" "-"
117.193.81.236 - - [08/Mar/2012:08:18:11 -0800] "-" 400 0 "-" "-"
117.193.81.236 - - [08/Mar/2012:08:18:11 -0800] "-" 400 0 "-" "-"
117.193.81.236 - - [08/Mar/2012:08:18:11 -0800] "-" 400 0 "-" "-"
117.193.81.236 - - [08/Mar/2012:08:18:11 -0800] "-" 400 0 "-" "-"
117.193.81.236 - - [08/Mar/2012:08:18:11 -0800] "-" 400 0 "-" "-"
117.193.81.236 - - [08/Mar/2012:08:18:11 -0800] "-" 400 0 "-" "-"
117.193.81.236 - - [08/Mar/2012:08:18:11 -0800] "-" 400 0 "-" "-"
117.193.81.236 - - [08/Mar/2012:08:18:11 -0800] "-" 400 0 "-" "-"
117.193.81.236 - - [08/Mar/2012:08:18:11 -0800] "-" 400 0 "-" "-"
117.193.81.236 - - [08/Mar/2012:08:18:11 -0800] "-" 400 0 "-" "-"
117.193.81.236 - - [08/Mar/2012:08:18:11 -0800] "-" 400 0 "-" "-"
117.193.81.236 - - [08/Mar/2012:08:18:11 -0800] "-" 400 0 "-" "-"
50.17.163.154 - - [08/Mar/2012:08:18:13 -0800] "GET /robots.txt HTTP/1.0" 404 169 "-" "linkdex.com/v2.0"
85.17.88.169 - - [08/Mar/2012:08:18:15 -0800] "POST /blog/wp-cron.php?doing_wp_cron=1331223435 HTTP/1.0" 499 0 "-" "WordPress/3.3.1; http://yuvi.in/blog"
174.129.139.127 - - [08/Mar/2012:08:18:15 -0800] "GET /blog/infosys-tcs-or-wipro-none HTTP/1.0" 301 0 "-" "linkdex.com/v2.0"
85.17.88.169 - - [08/Mar/2012:08:18:17 -0800] "POST /blog/wp-cron.php?doing_wp_cron=1331223438 HTTP/1.0" 499 0 "-" "WordPress/3.3.1; http://yuvi.in/blog"
174.129.139.127 - - [08/Mar/2012:08:18:17 -0800] "GET /blog/infosys-tcs-or-wipro-none/ HTTP/1.0" 200 7089 "-" "linkdex.com/v2.0"
117.193.81.236 - - [08/Mar/2012:08:18:20 -0800] "-" 400 0 "-" "-"
117.193.81.236 - - [08/Mar/2012:08:18:20 -0800] "-" 400 0 "-" "-"
117.193.81.236 - - [08/Mar/2012:08:18:20 -0800] "-" 400 0 "-" "-"
117.193.81.236 - - [08/Mar/2012:08:18:20 -0800] "-" 400 0 "-" "-"
117.193.81.236 - - [08/Mar/2012:08:18:20 -0800] "-" 400 0 "-" "-"
117.193.81.236 - - [08/Mar/2012:08:18:20 -0800] "-" 400 0 "-" "-"
117.193.81.236 - - [08/Mar/2012:08:18:20 -0800] "-" 400 0 "-" "-"
117.193.81.236 - - [08/Mar/2012:08:18:20 -0800] "-" 400 0 "-" "-"
117.193.81.236 - - [08/Mar/2012:08:18:20 -0800] "-" 400 0 "-" "-"
117.193.81.236 - - [08/Mar/2012:08:18:20 -0800] "-" 400 0 "-" "-"
117.193.81.236 - - [08/Mar/2012:08:18:20 -0800] "-" 400 0 "-" "-"
117.193.81.236 - - [08/Mar/2012:08:18:20 -0800] "-" 400 0 "-" "-"
117.193.81.236 - - [08/Mar/2012:08:18:20 -0800] "-" 400 0 "-" "-"
117.193.81.236 - - [08/Mar/2012:08:18:20 -0800] "-" 400 0 "-" "-"
117.193.81.236 - - [08/Mar/2012:08:18:20 -0800] "-" 400 0 "-" "-"
117.193.81.236 - - [08/Mar/2012:08:18:20 -0800] "-" 400 0 "-" "-"
117.193.81.236 - - [08/Mar/2012:08:18:20 -0800] "-" 400 0 "-" "-"
117.193.81.236 - - [08/Mar/2012:08:18:20 -0800] "-" 400 0 "-" "-"
117.193.81.236 - - [08/Mar/2012:08:18:20 -0800] "-" 400 0 "-" "-"
117.193.81.236 - - [08/Mar/2012:08:18:20 -0800] "-" 400 0 "-" "-"
117.193.81.236 - - [08/Mar/2012:08:18:20 -0800] "-" 400 0 "-" "-"
117.193.81.236 - - [08/Mar/2012:08:18:20 -0800] "-" 400 0 "-" "-"
117.193.81.236 - - [08/Mar/2012:08:18:20 -0800] "-" 400 0 "-" "-"
117.193.81.236 - - [08/Mar/2012:08:18:20 -0800] "-" 400 0 "-" "-"
117.193.81.236 - - [08/Mar/2012:08:18:20 -0800] "-" 400 0 "-" "-"
117.193.81.236 - - [08/Mar/2012:08:18:20 -0800] "-" 400 0 "-" "-"
117.193.81.236 - - [08/Mar/2012:08:18:20 -0800] "-" 400 0 "-" "-"
117.193.81.236 - - [08/Mar/2012:08:18:20 -0800] "-" 400 0 "-" "-"
117.193.81.236 - - [08/Mar/2012:08:18:20 -0800] "-" 400 0 "-" "-"
117.193.81.236 - - [08/Mar/2012:08:18:20 -0800] "-" 400 0 "-" "-"
117.193.81.236 - - [08/Mar/2012:08:18:20 -0800] "-" 400 0 "-" "-"
117.193.81.236 - - [08/Mar/2012:08:18:20 -0800] "-" 400 0 "-" "-"
117.193.81.236 - - [08/Mar/2012:08:18:20 -0800] "-" 400 0 "-" "-"
117.193.81.236 - - [08/Mar/2012:08:18:20 -0800] "-" 400 0 "-" "-"
117.193.81.236 - - [08/Mar/2012:08:18:20 -0800] "-" 400 0 "-" "-"
117.193.81.236 - - [08/Mar/2012:08:18:20 -0800] "-" 400 0 "-" "-"
117.193.81.236 - - [08/Mar/2012:08:18:20 -0800] "-" 400 0 "-" "-"
117.193.81.236 - - [08/Mar/2012:08:18:20 -0800] "-" 400 0 "-" "-"
117.193.81.236 - - [08/Mar/2012:08:18:20 -0800] "-" 400 0 "-" "-"
117.193.81.236 - - [08/Mar/2012:08:18:20 -0800] "-" 400 0 "-" "-"
117.193.81.236 - - [08/Mar/2012:08:18:20 -0800] "-" 400 0 "-" "-"
117.193.81.236 - - [08/Mar/2012:08:18:20 -0800] "-" 400 0 "-" "-"
117.193.81.236 - - [08/Mar/2012:08:18:20 -0800] "-" 400 0 "-" "-"
117.193.81.236 - - [08/Mar/2012:08:18:20 -0800] "-" 400 0 "-" "-"
117.193.81.236 - - [08/Mar/2012:08:18:20 -0800] "-" 400 0 "-" "-"
117.193.81.236 - - [08/Mar/2012:08:18:20 -0800] "-" 400 0 "-" "-"
117.193.81.236 - - [08/Mar/2012:08:18:20 -0800] "-" 400 0 "-" "-"
117.193.81.236 - - [08/Mar/2012:08:18:20 -0800] "-" 400 0 "-" "-"
117.193.81.236 - - [08/Mar/2012:08:18:25 -0800] "-" 400 0 "-" "-"
117.193.81.236 - - [08/Mar/2012:08:18:25 -0800] "-" 400 0 "-" "-"
117.193.81.236 - - [08/Mar/2012:08:18:25 -0800] "-" 400 0 "-" "-"
117.193.81.236 - - [08/Mar/2012:08:18:25 -0800] "-" 400 0 "-" "-"
117.193.81.236 - - [08/Mar/2012:08:18:25 -0800] "-" 400 0 "-" "-"
117.193.81.236 - - [08/Mar/2012:08:18:25 -0800] "-" 400 0 "-" "-"
117.193.81.236 - - [08/Mar/2012:08:18:25 -0800] "-" 400 0 "-" "-"
117.193.81.236 - - [08/Mar/2012:08:18:25 -0800] "-" 400 0 "-" "-"
117.193.81.236 - - [08/Mar/2012:08:18:25 -0800] "-" 400 0 "-" "-"
117.193.81.236 - - [08/Mar/2012:08:18:25 -0800] "-" 400 0 "-" "-"
117.193.81.236 - - [08/Mar/2012:08:18:25 -0800] "-" 400 0 "-" "-"
117.193.81.236 - - [08/Mar/2012:08:18:25 -0800] "-" 400 0 "-" "-"
117.193.81.236 - - [08/Mar/2012:08:18:25 -0800] "-" 400 0 "-" "-"
117.193.81.236 - - [08/Mar/2012:08:18:25 -0800] "-" 400 0 "-" "-"
117.193.81.236 - - [08/Mar/2012:08:18:25 -0800] "-" 400 0 "-" "-"
117.193.81.236 - - [08/Mar/2012:08:18:25 -0800] "-" 400 0 "-" "-"
117.193.81.236 - - [08/Mar/2012:08:18:25 -0800] "-" 400 0 "-" "-"
117.193.81.236 - - [08/Mar/2012:08:18:25 -0800] "-" 400 0 "-" "-"
117.193.81.236 - - [08/Mar/2012:08:18:25 -0800] "-" 400 0 "-" "-"
117.193.81.236 - - [08/Mar/2012:08:18:25 -0800] "-" 400 0 "-" "-"
117.193.81.236 - - [08/Mar/2012:08:18:25 -0800] "-" 400 0 "-" "-"
117.193.81.236 - - [08/Mar/2012:08:18:25 -0800] "-" 400 0 "-" "-"
117.193.81.236 - - [08/Mar/2012:08:18:25 -0800] "-" 400 0 "-" "-"
117.193.81.236 - - [08/Mar/2012:08:18:25 -0800] "-" 400 0 "-" "-"
117.193.81.236 - - [08/Mar/2012:08:18:25 -0800] "-" 400 0 "-" "-"
117.193.81.236 - - [08/Mar/2012:08:18:25 -0800] "-" 400 0 "-" "-"
117.193.81.236 - - [08/Mar/2012:08:18:25 -0800] "-" 400 0 "-" "-"
117.193.81.236 - - [08/Mar/2012:08:18:25 -0800] "-" 400 0 "-" "-"
117.193.81.236 - - [08/Mar/2012:08:18:25 -0800] "-" 400 0 "-" "-"
117.193.81.236 - - [08/Mar/2012:08:18:25 -0800] "-" 400 0 "-" "-"
117.193.81.236 - - [08/Mar/2012:08:18:25 -0800] "-" 400 0 "-" "-"
117.193.81.236 - - [08/Mar/2012:08:18:25 -0800] "-" 400 0 "-" "-"
117.193.81.236 - - [08/Mar/2012:08:18:25 -0800] "-" 400 0 "-" "-"
117.193.81.236 - - [08/Mar/2012:08:18:25 -0800] "-" 400 0 "-" "-"
117.193.81.236 - - [08/Mar/2012:08:18:25 -0800] "-" 400 0 "-" "-"
117.193.81.236 - - [08/Mar/2012:08:18:25 -0800] "-" 400 0 "-" "-"
117.193.81.236 - - [08/Mar/2012:08:18:25 -0800] "-" 400 0 "-" "-"
117.193.81.236 - - [08/Mar/2012:08:18:25 -0800] "-" 400 0 "-" "-"
117.193.81.236 - - [08/Mar/2012:08:18:25 -0800] "-" 400 0 "-" "-"
117.193.81.236 - - [08/Mar/2012:08:18:25 -0800] "-" 400 0 "-" "-"
117.193.81.236 - - [08/Mar/2012:08:18:25 -0800] "-" 400 0 "-" "-"
117.193.81.236 - - [08/Mar/2012:08:18:25 -0800] "-" 400 0 "-" "-"
117.193.81.236 - - [08/Mar/2012:08:18:25 -0800] "-" 400 0 "-" "-"
117.193.81.236 - - [08/Mar/2012:08:18:25 -0800] "-" 400 0 "-" "-"
117.193.81.236 - - [08/Mar/2012:08:18:25 -0800] "-" 400 0 "-" "-"
117.193.81.236 - - [08/Mar/2012:08:18:25 -0800] "-" 400 0 "-" "-"
117.193.81.236 - - [08/Mar/2012:08:18:25 -0800] "-" 400 0 "-" "-"
117.193.81.236 - - [08/Mar/2012:08:18:25 -0800] "-" 400 0 "-" "-"
117.206.85.90 - - [08/Mar/2012:08:18:26 -0800] "GET /r/12ul HTTP/1.1" 301 257 "http://ta.wikipedia.org/wiki/%E0%AE%A4%E0%AE%95%E0%AE%B5%E0%AE%B2%E0%AF%8D" "Mozilla/4.0 (compatible; MSIE 8.0; Windows NT 5.1)"
117.193.81.236 - - [08/Mar/2012:08:18:26 -0800] "-" 400 0 "-" "-"
117.193.81.236 - - [08/Mar/2012:08:18:26 -0800] "-" 400 0 "-" "-"
117.193.81.236 - - [08/Mar/2012:08:18:26 -0800] "-" 400 0 "-" "-"
117.193.81.236 - - [08/Mar/2012:08:18:26 -0800] "-" 400 0 "-" "-"
117.193.81.236 - - [08/Mar/2012:08:18:26 -0800] "-" 400 0 "-" "-"
117.193.81.236 - - [08/Mar/2012:08:18:26 -0800] "-" 400 0 "-" "-"
117.193.81.236 - - [08/Mar/2012:08:18:26 -0800] "-" 400 0 "-" "-"
117.193.81.236 - - [08/Mar/2012:08:18:26 -0800] "-" 400 0 "-" "-"
117.193.81.236 - - [08/Mar/2012:08:18:26 -0800] "-" 400 0 "-" "-"
117.193.81.236 - - [08/Mar/2012:08:18:26 -0800] "-" 400 0 "-" "-"
117.193.81.236 - - [08/Mar/2012:08:18:26 -0800] "-" 400 0 "-" "-"
117.193.81.236 - - [08/Mar/2012:08:18:26 -0800] "-" 400 0 "-" "-"
117.193.81.236 - - [08/Mar/2012:08:18:26 -0800] "-" 400 0 "-" "-"
117.193.81.236 - - [08/Mar/2012:08:18:26 -0800] "-" 400 0 "-" "-"
117.193.81.236 - - [08/Mar/2012:08:18:26 -0800] "-" 400 0 "-" "-"
117.193.81.236 - - [08/Mar/2012:08:18:26 -0800] "-" 400 0 "-" "-"
117.193.81.236 - - [08/Mar/2012:08:18:26 -0800] "-" 400 0 "-" "-"
117.193.81.236 - - [08/Mar/2012:08:18:26 -0800] "-" 400 0 "-" "-"
117.193.81.236 - - [08/Mar/2012:08:18:26 -0800] "-" 400 0 "-" "-"
117.193.81.236 - - [08/Mar/2012:08:18:26 -0800] "-" 400 0 "-" "-"
117.193.81.236 - - [08/Mar/2012:08:18:26 -0800] "-" 400 0 "-" "-"
117.193.81.236 - - [08/Mar/2012:08:18:27 -0800] "-" 400 0 "-" "-"
117.193.81.236 - - [08/Mar/2012:08:18:27 -0800] "-" 400 0 "-" "-"
117.193.81.236 - - [08/Mar/2012:08:18:27 -0800] "-" 400 0 "-" "-"
117.193.81.236 - - [08/Mar/2012:08:18:27 -0800] "-" 400 0 "-" "-"
117.193.81.236 - - [08/Mar/2012:08:18:27 -0800] "-" 400 0 "-" "-"
117.193.81.236 - - [08/Mar/2012:08:18:27 -0800] "-" 400 0 "-" "-"
117.206.85.90 - - [08/Mar/2012:08:18:28 -0800] "GET /s/ta/12ul/ HTTP/1.1" 302 325 "http://ta.wikipedia.org/wiki/%E0%AE%A4%E0%AE%95%E0%AE%B5%E0%AE%B2%E0%AF%8D" "Mozilla/4.0 (compatible; MSIE 8.0; Windows NT 5.1)"
157.55.112.207 - - [08/Mar/2012:08:18:48 -0800] "-" 400 0 "-" "-"
207.46.12.75 - - [08/Mar/2012:08:19:15 -0800] "-" 400 0 "-" "-"
207.46.12.75 - - [08/Mar/2012:08:19:15 -0800] "-" 400 0 "-" "-"
207.46.12.75 - - [08/Mar/2012:08:19:15 -0800] "-" 400 0 "-" "-"
207.46.12.75 - - [08/Mar/2012:08:19:15 -0800] "-" 400 0 "-" "-"
207.46.12.75 - - [08/Mar/2012:08:19:15 -0800] "-" 400 0 "-" "-"
207.46.12.75 - - [08/Mar/2012:08:19:15 -0800] "-" 400 0 "-" "-"
207.46.12.75 - - [08/Mar/2012:08:19:15 -0800] "-" 400 0 "-" "-"
207.46.12.75 - - [08/Mar/2012:08:19:16 -0800] "-" 400 0 "-" "-"
117.241.120.55 - - [08/Mar/2012:08:19:54 -0800] "-" 400 0 "-" "-"
117.241.120.55 - - [08/Mar/2012:08:19:54 -0800] "-" 400 0 "-" "-"
207.46.12.75 - - [08/Mar/2012:08:20:13 -0800] "-" 400 0 "-" "-"
207.46.12.75 - - [08/Mar/2012:08:20:13 -0800] "-" 400 0 "-" "-"
207.46.12.75 - - [08/Mar/2012:08:20:13 -0800] "-" 400 0 "-" "-"
85.17.88.169 - - [08/Mar/2012:08:20:20 -0800] "POST /blog/wp-cron.php?doing_wp_cron=1331223561 HTTP/1.0" 499 0 "-" "WordPress/3.3.1; http://yuvi.in/blog"
66.249.71.97 - - [08/Mar/2012:08:20:20 -0800] "GET /blog/devlog-december-11-2011/?cf_action=sync_comments&post_id=366 HTTP/1.1" 200 48 "-" "Mozilla/5.0 (compatible; Googlebot/2.1; +http://www.google.com/bot.html)"
85.17.88.169 - - [08/Mar/2012:08:20:22 -0800] "POST /blog/wp-cron.php?doing_wp_cron=1331223563 HTTP/1.0" 499 0 "-" "WordPress/3.3.1; http://yuvi.in/blog"
66.249.71.97 - - [08/Mar/2012:08:20:23 -0800] "GET /blog/3-reasons-people-join-it-companies/ HTTP/1.1" 200 5580 "-" "Mozilla/5.0 (compatible; Googlebot/2.1; +http://www.google.com/bot.html)"
117.202.143.201 - - [08/Mar/2012:08:21:26 -0800] "-" 400 0 "-" "-"
205.213.104.120 - - [08/Mar/2012:08:21:30 -0800] "GET /header.png HTTP/1.1" 200 14249 "http://www.updowner.com/e/the-future-of-libraries" "Mozilla/4.0 (compatible; MSIE 8.0; Windows NT 5.1; Trident/4.0; MS-RTC LM 8; .NET CLR 2.0.50727; .NET CLR 3.0.04506.30; .NET4.0C; .NET4.0E)"
193.164.138.85 - - [08/Mar/2012:08:21:36 -0800] "GET /blog/my-vimrc/ HTTP/1.1" 200 16044 "-" "Zemanta Aggregator/0.7 +http://www.zemanta.com"
101.226.33.180 - - [08/Mar/2012:08:21:50 -0800] "GET /blog/feed HTTP/1.0" 304 0 "-" "Mozilla/4.0 (compatible; Windows;)"
117.206.85.90 - - [08/Mar/2012:08:22:29 -0800] "GET /r/3dm HTTP/1.1" 301 255 "http://ta.wikipedia.org/wiki/%E0%AE%95%E0%AE%A3%E0%AE%BF%E0%AE%A9%E0%AE%BF_%E0%AE%B5%E0%AE%B2%E0%AF%88%E0%AE%AF%E0%AE%AE%E0%AF%88%E0%AE%AA%E0%AF%8D%E0%AE%AA%E0%AF%81" "Mozilla/4.0 (compatible; MSIE 8.0; Windows NT 5.1)"
122.164.13.123 - - [08/Mar/2012:08:22:32 -0800] "-" 400 0 "-" "-"
85.17.88.169 - - [08/Mar/2012:08:22:44 -0800] "POST /blog/wp-cron.php?doing_wp_cron=1331223705 HTTP/1.0" 499 0 "-" "WordPress/3.3.1; http://yuvi.in/blog"
107.20.90.242 - - [08/Mar/2012:08:22:44 -0800] "GET /blog/infosys-tcs-or-wipro-none HTTP/1.0" 301 0 "-" "linkdex.com/v2.0"
107.20.90.242 - - [08/Mar/2012:08:22:45 -0800] "GET /blog/infosys-tcs-or-wipro-none/ HTTP/1.0" 200 7089 "-" "linkdex.com/v2.0"
101.63.155.218 - - [08/Mar/2012:08:24:57 -0800] "-" 400 0 "-" "-"
117.206.85.90 - - [08/Mar/2012:08:25:14 -0800] "GET /r/2j29 HTTP/1.1" 301 257 "http://ta.wikipedia.org/wiki/%E0%AE%87%E0%AE%A3%E0%AF%88%E0%AE%AF%E0%AE%AE%E0%AF%8D" "Mozilla/4.0 (compatible; MSIE 8.0; Windows NT 5.1)"
117.206.85.90 - - [08/Mar/2012:08:25:16 -0800] "GET /s/ta/2j29/ HTTP/1.1" 302 337 "http://ta.wikipedia.org/wiki/%E0%AE%87%E0%AE%A3%E0%AF%88%E0%AE%AF%E0%AE%AE%E0%AF%8D" "Mozilla/4.0 (compatible; MSIE 8.0; Windows NT 5.1)"
122.164.13.123 - - [08/Mar/2012:08:25:52 -0800] "-" 400 0 "-" "-"
85.17.88.169 - - [08/Mar/2012:08:26:14 -0800] "POST /blog/wp-cron.php?doing_wp_cron=1331223914 HTTP/1.0" 499 0 "-" "WordPress/3.3.1; http://yuvi.in/blog"
107.20.90.242 - - [08/Mar/2012:08:26:14 -0800] "GET /blog/category/education HTTP/1.0" 301 0 "-" "linkdex.com/v2.0"
85.17.88.169 - - [08/Mar/2012:08:26:19 -0800] "POST /blog/wp-cron.php?doing_wp_cron=1331223920 HTTP/1.0" 499 0 "-" "WordPress/3.3.1; http://yuvi.in/blog"
107.20.90.242 - - [08/Mar/2012:08:26:23 -0800] "GET /blog/category/education/ HTTP/1.0" 200 14722 "-" "linkdex.com/v2.0"
117.202.143.201 - - [08/Mar/2012:08:26:27 -0800] "-" 400 0 "-" "-"
117.202.143.201 - - [08/Mar/2012:08:26:27 -0800] "-" 400 0 "-" "-"
117.202.143.201 - - [08/Mar/2012:08:26:27 -0800] "-" 400 0 "-" "-"
117.202.143.201 - - [08/Mar/2012:08:26:37 -0800] "-" 400 0 "-" "-"
117.202.143.201 - - [08/Mar/2012:08:26:37 -0800] "-" 400 0 "-" "-"
207.46.204.166 - - [08/Mar/2012:08:27:03 -0800] "-" 400 0 "-" "-"
207.46.204.166 - - [08/Mar/2012:08:27:03 -0800] "-" 400 0 "-" "-"
207.46.204.166 - - [08/Mar/2012:08:27:03 -0800] "-" 400 0 "-" "-"
207.46.204.166 - - [08/Mar/2012:08:27:03 -0800] "-" 400 0 "-" "-"
207.46.204.166 - - [08/Mar/2012:08:27:03 -0800] "-" 400 0 "-" "-"
207.46.204.166 - - [08/Mar/2012:08:27:03 -0800] "-" 400 0 "-" "-"
207.46.204.166 - - [08/Mar/2012:08:27:03 -0800] "-" 400 0 "-" "-"
207.46.204.166 - - [08/Mar/2012:08:27:04 -0800] "-" 400 0 "-" "-"
207.46.204.166 - - [08/Mar/2012:08:27:04 -0800] "-" 400 0 "-" "-"
207.46.204.166 - - [08/Mar/2012:08:27:04 -0800] "-" 400 0 "-" "-"
85.17.88.169 - - [08/Mar/2012:08:27:04 -0800] "POST /blog/wp-cron.php?doing_wp_cron=1331223964 HTTP/1.0" 499 0 "-" "WordPress/3.3.1; http://yuvi.in/blog"
107.20.90.242 - - [08/Mar/2012:08:27:04 -0800] "GET /blog/category/so-called-it HTTP/1.0" 301 0 "-" "linkdex.com/v2.0"
85.17.88.169 - - [08/Mar/2012:08:27:06 -0800] "POST /blog/wp-cron.php?doing_wp_cron=1331223967 HTTP/1.0" 499 0 "-" "WordPress/3.3.1; http://yuvi.in/blog"
107.20.90.242 - - [08/Mar/2012:08:27:07 -0800] "GET /blog/category/so-called-it/ HTTP/1.0" 200 11663 "-" "linkdex.com/v2.0"
223.231.163.50 - - [08/Mar/2012:08:27:47 -0800] "GET /r/2h44 HTTP/1.1" 301 257 "http://ta.wikipedia.org/wiki/%E0%AE%AA%E0%AE%A4%E0%AF%8D%E0%AE%AE%E0%AE%9A%E0%AE%BE%E0%AE%B2%E0%AE%BF%E0%AE%AF%E0%AE%B0%E0%AF%8D" "Mozilla/5.0 (Windows NT 5.1; rv:10.0.2) Gecko/20100101 Firefox/10.0.2"
223.231.163.50 - - [08/Mar/2012:08:27:48 -0800] "GET /s/ta/2h44/ HTTP/1.1" 302 397 "http://ta.wikipedia.org/wiki/%E0%AE%AA%E0%AE%A4%E0%AF%8D%E0%AE%AE%E0%AE%9A%E0%AE%BE%E0%AE%B2%E0%AE%BF%E0%AE%AF%E0%AE%B0%E0%AF%8D" "Mozilla/5.0 (Windows NT 5.1; rv:10.0.2) Gecko/20100101 Firefox/10.0.2"
223.231.163.50 - - [08/Mar/2012:08:27:52 -0800] "-" 400 0 "-" "-"
85.17.88.169 - - [08/Mar/2012:08:28:01 -0800] "POST /blog/wp-cron.php?doing_wp_cron=1331224022 HTTP/1.0" 499 0 "-" "WordPress/3.3.1; http://yuvi.in/blog"
107.20.90.242 - - [08/Mar/2012:08:28:01 -0800] "GET /blog/tag/link HTTP/1.0" 301 0 "-" "linkdex.com/v2.0"
85.17.88.169 - - [08/Mar/2012:08:28:03 -0800] "POST /blog/wp-cron.php?doing_wp_cron=1331224024 HTTP/1.0" 499 0 "-" "WordPress/3.3.1; http://yuvi.in/blog"
107.20.90.242 - - [08/Mar/2012:08:28:04 -0800] "GET /blog/tag/link/ HTTP/1.0" 200 6583 "-" "linkdex.com/v2.0"
122.174.124.236 - - [08/Mar/2012:08:28:07 -0800] "-" 400 0 "-" "-"
85.17.88.169 - - [08/Mar/2012:08:28:24 -0800] "POST /blog/wp-cron.php?doing_wp_cron=1331224044 HTTP/1.0" 499 0 "-" "WordPress/3.3.1; http://yuvi.in/blog"
209.85.224.80 - - [08/Mar/2012:08:28:24 -0800] "GET /blog/feed HTTP/1.1" 304 0 "-" "FeedBurner/1.0 (http://www.FeedBurner.com)"
88.149.177.239 - - [08/Mar/2012:08:29:22 -0800] "GET /r/28d1 HTTP/1.0" 301 257 "http://ta.wikipedia.org/wiki/%E0%AE%AA%E0%AE%B0%E0%AF%81%E0%AE%A4%E0%AF%8D%E0%AE%A4%E0%AE%BF%E0%AE%A4%E0%AF%8D%E0%AE%A4%E0%AF%81%E0%AE%B1%E0%AF%88_%E0%AE%AA%E0%AF%86%E0%AE%B0%E0%AE%BF%E0%AE%AF_%E0%AE%AA%E0%AE%BF%E0%AE%B3%E0%AF%8D%E0%AE%B3%E0%AF%88%E0%AE%AF%E0%AE%BE%E0%AE%B0%E0%AF%8D_%E0%AE%95%E0%AF%8B%E0%AE%B5%E0%AE%BF%E0%AE%B2%E0%AF%8D" "Mozilla/5.0 (X11; U; Linux i686; it; rv:1.9.2.11) Gecko/20101013 Ubuntu/9.04 (jaunty) Firefox/3.6.11"
88.149.177.239 - - [08/Mar/2012:08:29:22 -0800] "GET /s/ta/28d1/ HTTP/1.0" 302 685 "http://ta.wikipedia.org/wiki/%E0%AE%AA%E0%AE%B0%E0%AF%81%E0%AE%A4%E0%AF%8D%E0%AE%A4%E0%AE%BF%E0%AE%A4%E0%AF%8D%E0%AE%A4%E0%AF%81%E0%AE%B1%E0%AF%88_%E0%AE%AA%E0%AF%86%E0%AE%B0%E0%AE%BF%E0%AE%AF_%E0%AE%AA%E0%AE%BF%E0%AE%B3%E0%AF%8D%E0%AE%B3%E0%AF%88%E0%AE%AF%E0%AE%BE%E0%AE%B0%E0%AF%8D_%E0%AE%95%E0%AF%8B%E0%AE%B5%E0%AE%BF%E0%AE%B2%E0%AF%8D" "Mozilla/5.0 (X11; U; Linux i686; it; rv:1.9.2.11) Gecko/20101013 Ubuntu/9.04 (jaunty) Firefox/3.6.11"
117.241.120.55 - - [08/Mar/2012:08:30:55 -0800] "-" 400 0 "-" "-"
117.241.120.55 - - [08/Mar/2012:08:31:24 -0800] "-" 400 0 "-" "-"
85.17.88.169 - - [08/Mar/2012:08:32:21 -0800] "POST /blog/wp-cron.php?doing_wp_cron=1331224282 HTTP/1.0" 499 0 "-" "WordPress/3.3.1; http://yuvi.in/blog"
174.129.139.127 - - [08/Mar/2012:08:32:22 -0800] "GET /blog/2011/06 HTTP/1.0" 301 0 "-" "linkdex.com/v2.0"
85.17.88.169 - - [08/Mar/2012:08:32:24 -0800] "POST /blog/wp-cron.php?doing_wp_cron=1331224284 HTTP/1.0" 499 0 "-" "WordPress/3.3.1; http://yuvi.in/blog"
174.129.139.127 - - [08/Mar/2012:08:32:24 -0800] "GET /blog/2011/06/ HTTP/1.0" 200 17727 "-" "linkdex.com/v2.0"
189.124.237.47 - - [08/Mar/2012:08:32:26 -0800] "GET /blog/ HTTP/1.1" 200 33230 "-" "Mozilla/5.0 (compatible; Googlebot/2.1; +http://www.google.com/bot.html)"
74.125.126.96 - - [08/Mar/2012:08:32:58 -0800] "GET /favicon.ico HTTP/1.1" 404 142 "-" "-"
207.46.204.173 - - [08/Mar/2012:08:33:07 -0800] "-" 400 0 "-" "-"
207.46.204.173 - - [08/Mar/2012:08:33:15 -0800] "-" 400 0 "-" "-"
207.46.204.173 - - [08/Mar/2012:08:33:26 -0800] "-" 400 0 "-" "-"
207.46.204.173 - - [08/Mar/2012:08:33:26 -0800] "-" 400 0 "-" "-"
207.46.204.173 - - [08/Mar/2012:08:33:29 -0800] "-" 400 0 "-" "-"
207.46.204.173 - - [08/Mar/2012:08:33:34 -0800] "-" 400 0 "-" "-"
207.46.204.173 - - [08/Mar/2012:08:33:35 -0800] "-" 400 0 "-" "-"
207.46.204.173 - - [08/Mar/2012:08:33:35 -0800] "-" 400 0 "-" "-"
207.46.204.173 - - [08/Mar/2012:08:33:35 -0800] "-" 400 0 "-" "-"
207.46.204.173 - - [08/Mar/2012:08:33:47 -0800] "-" 400 0 "-" "-"
141.217.79.67 - - [08/Mar/2012:08:34:21 -0800] "-" 400 0 "-" "-"
141.217.79.67 - - [08/Mar/2012:08:34:21 -0800] "-" 400 0 "-" "-"
141.217.79.67 - - [08/Mar/2012:08:34:21 -0800] "-" 400 0 "-" "-"
141.217.79.67 - - [08/Mar/2012:08:34:21 -0800] "-" 400 0 "-" "-"
141.217.79.67 - - [08/Mar/2012:08:34:21 -0800] "-" 400 0 "-" "-"
141.217.79.67 - - [08/Mar/2012:08:34:41 -0800] "-" 400 0 "-" "-"
141.217.79.67 - - [08/Mar/2012:08:34:41 -0800] "-" 400 0 "-" "-"
141.217.79.67 - - [08/Mar/2012:08:34:41 -0800] "-" 400 0 "-" "-"
141.217.79.67 - - [08/Mar/2012:08:34:51 -0800] "-" 400 0 "-" "-"
141.217.79.67 - - [08/Mar/2012:08:34:51 -0800] "-" 400 0 "-" "-"
117.206.85.90 - - [08/Mar/2012:08:35:56 -0800] "GET /r/4an HTTP/1.1" 301 255 "http://ta.wikipedia.org/wiki/%E0%AE%95%E0%AE%A3%E0%AE%BF%E0%AE%A9%E0%AE%BF" "Mozilla/4.0 (compatible; MSIE 8.0; Windows NT 5.1)"
117.206.85.90 - - [08/Mar/2012:08:35:57 -0800] "GET /s/ta/4an/ HTTP/1.1" 302 325 "http://ta.wikipedia.org/wiki/%E0%AE%95%E0%AE%A3%E0%AE%BF%E0%AE%A9%E0%AE%BF" "Mozilla/4.0 (compatible; MSIE 8.0; Windows NT 5.1)"
122.164.116.58 - - [08/Mar/2012:08:36:34 -0800] "-" 400 0 "-" "-"
122.164.116.58 - - [08/Mar/2012:08:36:54 -0800] "-" 400 0 "-" "-"
78.53.205.43 - - [08/Mar/2012:08:37:47 -0800] "GET /r/78q HTTP/1.1" 301 255 "http://ta.wikipedia.org/wiki/%E0%AE%95%E0%AF%8B%E0%AE%B5%E0%AF%88_(%E0%AE%A8%E0%AE%BF%E0%AE%B0%E0%AE%B2%E0%AE%BE%E0%AE%95%E0%AF%8D%E0%AE%95%E0%AE%AE%E0%AF%8D)" "Mozilla/5.0 (Windows NT 5.1; rv:8.0.1) Gecko/20100101 Firefox/8.0.1"
78.53.205.43 - - [08/Mar/2012:08:37:48 -0800] "GET /s/ta/78q/ HTTP/1.1" 302 445 "http://ta.wikipedia.org/wiki/%E0%AE%95%E0%AF%8B%E0%AE%B5%E0%AF%88_(%E0%AE%A8%E0%AE%BF%E0%AE%B0%E0%AE%B2%E0%AE%BE%E0%AE%95%E0%AF%8D%E0%AE%95%E0%AE%AE%E0%AF%8D)" "Mozilla/5.0 (Windows NT 5.1; rv:8.0.1) Gecko/20100101 Firefox/8.0.1"
78.53.205.43 - - [08/Mar/2012:08:37:54 -0800] "GET /s/ta/78q/ HTTP/1.1" 302 445 "http://ta.wikipedia.org/wiki/%E0%AE%95%E0%AF%8B%E0%AE%B5%E0%AF%88_(%E0%AE%A8%E0%AE%BF%E0%AE%B0%E0%AE%B2%E0%AE%BE%E0%AE%95%E0%AF%8D%E0%AE%95%E0%AE%AE%E0%AF%8D)" "Mozilla/5.0 (Windows NT 5.1; rv:8.0.1) Gecko/20100101 Firefox/8.0.1"
85.17.88.169 - - [08/Mar/2012:08:38:03 -0800] "POST /blog/wp-cron.php?doing_wp_cron=1331224623 HTTP/1.0" 499 0 "-" "WordPress/3.3.1; http://yuvi.in/blog"
50.17.163.154 - - [08/Mar/2012:08:38:03 -0800] "GET /blog/category/so-called-it HTTP/1.0" 301 0 "-" "linkdex.com/v2.0"
50.17.163.154 - - [08/Mar/2012:08:38:04 -0800] "GET /blog/category/so-called-it/ HTTP/1.0" 200 11663 "-" "linkdex.com/v2.0"
14.96.102.164 - - [08/Mar/2012:08:38:48 -0800] "-" 400 0 "-" "-"
117.202.93.127 - - [08/Mar/2012:08:39:07 -0800] "-" 400 0 "-" "-"
117.202.93.127 - - [08/Mar/2012:08:39:17 -0800] "-" 400 0 "-" "-"
117.202.93.127 - - [08/Mar/2012:08:39:17 -0800] "-" 400 0 "-" "-"
85.17.88.169 - - [08/Mar/2012:08:39:28 -0800] "POST /blog/wp-cron.php?doing_wp_cron=1331224709 HTTP/1.0" 499 0 "-" "WordPress/3.3.1; http://yuvi.in/blog"
50.17.163.154 - - [08/Mar/2012:08:39:28 -0800] "GET /blog/2011/06 HTTP/1.0" 301 0 "-" "linkdex.com/v2.0"
50.17.163.154 - - [08/Mar/2012:08:39:29 -0800] "GET /blog/2011/06/ HTTP/1.0" 200 17727 "-" "linkdex.com/v2.0"
85.17.88.169 - - [08/Mar/2012:08:39:36 -0800] "POST /blog/wp-cron.php?doing_wp_cron=1331224717 HTTP/1.0" 499 0 "-" "WordPress/3.3.1; http://yuvi.in/blog"
174.129.139.127 - - [08/Mar/2012:08:39:37 -0800] "GET /blog/category/education HTTP/1.0" 301 0 "-" "linkdex.com/v2.0"
174.129.139.127 - - [08/Mar/2012:08:39:37 -0800] "GET /blog/category/education/ HTTP/1.0" 200 14722 "-" "linkdex.com/v2.0"
209.85.224.80 - - [08/Mar/2012:08:39:46 -0800] "GET /stories/feed HTTP/1.1" 200 13653 "-" "FeedBurner/1.0 (http://www.FeedBurner.com)"
85.17.88.169 - - [08/Mar/2012:08:40:28 -0800] "POST /blog/wp-cron.php?doing_wp_cron=1331224768 HTTP/1.0" 499 0 "-" "WordPress/3.3.1; http://yuvi.in/blog"
14.99.184.153 - - [08/Mar/2012:08:40:29 -0800] "POST /blog/wp-admin/admin-ajax.php HTTP/1.1" 200 288 "http://yuvi.in/blog/wp-admin/post.php?post=398&action=edit&message=1" "Mozilla/5.0 (Macintosh; Intel Mac OS X 10_7_3) AppleWebKit/535.11 (KHTML, like Gecko) Chrome/17.0.963.56 Safari/535.11"
85.17.88.169 - - [08/Mar/2012:08:40:31 -0800] "POST /blog/wp-cron.php?doing_wp_cron=1331224771 HTTP/1.0" 499 0 "-" "WordPress/3.3.1; http://yuvi.in/blog"
174.129.139.127 - - [08/Mar/2012:08:40:31 -0800] "GET /blog/tag/link HTTP/1.0" 301 0 "-" "linkdex.com/v2.0"
174.129.139.127 - - [08/Mar/2012:08:40:32 -0800] "GET /blog/tag/link/ HTTP/1.0" 200 6583 "-" "linkdex.com/v2.0"
117.206.85.90 - - [08/Mar/2012:08:40:45 -0800] "GET /r/2qu HTTP/1.1" 301 255 "http://ta.wikipedia.org/wiki/%E0%AE%B5%E0%AE%BE%E0%AE%A9%E0%AF%8A%E0%AE%B2%E0%AE%BF" "Mozilla/4.0 (compatible; MSIE 8.0; Windows NT 5.1)"
117.206.85.90 - - [08/Mar/2012:08:40:46 -0800] "GET /s/ta/2qu/ HTTP/1.1" 302 337 "http://ta.wikipedia.org/wiki/%E0%AE%B5%E0%AE%BE%E0%AE%A9%E0%AF%8A%E0%AE%B2%E0%AE%BF" "Mozilla/4.0 (compatible; MSIE 8.0; Windows NT 5.1)"
205.156.84.229 - - [08/Mar/2012:08:40:49 -0800] "GET /r/2re HTTP/1.1" 301 255 "http://ta.wikipedia.org/wiki/%E0%AE%AA%E0%AE%9A%E0%AF%8D%E0%AE%9A%E0%AF%88%E0%AE%AF%E0%AE%AE%E0%AF%8D" "Mozilla/5.0 (Windows NT 5.1; rv:10.0.2) Gecko/20100101 Firefox/10.0.2"
205.156.84.229 - - [08/Mar/2012:08:40:50 -0800] "GET /s/ta/2re/ HTTP/1.1" 302 361 "http://ta.wikipedia.org/wiki/%E0%AE%AA%E0%AE%9A%E0%AF%8D%E0%AE%9A%E0%AF%88%E0%AE%AF%E0%AE%AE%E0%AF%8D" "Mozilla/5.0 (Windows NT 5.1; rv:10.0.2) Gecko/20100101 Firefox/10.0.2"
205.156.84.229 - - [08/Mar/2012:08:40:54 -0800] "GET /s/ta/2re/ HTTP/1.1" 302 361 "http://ta.wikipedia.org/wiki/%E0%AE%AA%E0%AE%9A%E0%AF%8D%E0%AE%9A%E0%AF%88%E0%AE%AF%E0%AE%AE%E0%AF%8D" "Mozilla/5.0 (Windows NT 5.1; rv:10.0.2) Gecko/20100101 Firefox/10.0.2"
205.156.84.229 - - [08/Mar/2012:08:41:12 -0800] "GET /s/ta/2re/ HTTP/1.1" 302 361 "http://www.mayyam.com/talk/showthread.php?3862-Rahul-Dravid-The-Wall/page64" "Mozilla/5.0 (Windows NT 5.1; rv:10.0.2) Gecko/20100101 Firefox/10.0.2"
85.17.88.169 - - [08/Mar/2012:08:41:27 -0800] "POST /blog/wp-cron.php?doing_wp_cron=1331224827 HTTP/1.0" 499 0 "-" "WordPress/3.3.1; http://yuvi.in/blog"
14.99.184.153 - - [08/Mar/2012:08:41:27 -0800] "POST /blog/wp-admin/admin-ajax.php HTTP/1.1" 200 288 "http://yuvi.in/blog/wp-admin/post.php?post=398&action=edit&message=1" "Mozilla/5.0 (Macintosh; Intel Mac OS X 10_7_3) AppleWebKit/535.11 (KHTML, like Gecko) Chrome/17.0.963.56 Safari/535.11"
85.17.88.169 - - [08/Mar/2012:08:42:27 -0800] "POST /blog/wp-cron.php?doing_wp_cron=1331224888 HTTP/1.0" 499 0 "-" "WordPress/3.3.1; http://yuvi.in/blog"
14.99.184.153 - - [08/Mar/2012:08:42:27 -0800] "POST /blog/wp-admin/admin-ajax.php HTTP/1.1" 200 288 "http://yuvi.in/blog/wp-admin/post.php?post=398&action=edit&message=1" "Mozilla/5.0 (Macintosh; Intel Mac OS X 10_7_3) AppleWebKit/535.11 (KHTML, like Gecko) Chrome/17.0.963.56 Safari/535.11"
85.17.88.169 - - [08/Mar/2012:08:43:18 -0800] "POST /blog/wp-cron.php?doing_wp_cron=1331224939 HTTP/1.0" 499 0 "-" "WordPress/3.3.1; http://yuvi.in/blog"
14.99.184.153 - - [08/Mar/2012:08:43:19 -0800] "GET /blog/wp-admin/plugins.php HTTP/1.1" 200 12246 "http://yuvi.in/blog/wp-admin/post.php?post=398&action=edit&message=1" "Mozilla/5.0 (Macintosh; Intel Mac OS X 10_7_3) AppleWebKit/535.11 (KHTML, like Gecko) Chrome/17.0.963.56 Safari/535.11"
85.17.88.169 - - [08/Mar/2012:08:43:22 -0800] "POST /blog/wp-cron.php?doing_wp_cron=1331224942 HTTP/1.0" 499 0 "-" "WordPress/3.3.1; http://yuvi.in/blog"
14.99.184.153 - - [08/Mar/2012:08:43:22 -0800] "POST /blog/wp-admin/admin-ajax.php HTTP/1.1" 200 32 "http://yuvi.in/blog/wp-admin/post.php?post=398&action=edit&message=1" "Mozilla/5.0 (Macintosh; Intel Mac OS X 10_7_3) AppleWebKit/535.11 (KHTML, like Gecko) Chrome/17.0.963.56 Safari/535.11"
