173.169.226.223 - - [12/Apr/2012:17:45:24 -0700] "GET /AssessmentBar/r/Unassessed_India_articles/ HTTP/1.1" 302 267 "http://en.wikipedia.org/wiki/Riha_(garment)" "Mozilla/5.0 (Windows NT 6.1) AppleWebKit/534.54.16 (KHTML, like Gecko) Version/5.1.4 Safari/534.54.16"
173.169.226.223 - - [12/Apr/2012:17:45:53 -0700] "GET /AssessmentBar/r/Unassessed_India_articles/ HTTP/1.1" 302 275 "http://en.wikipedia.org/wiki/ICFOSS" "Mozilla/5.0 (Windows NT 6.1) AppleWebKit/534.54.16 (KHTML, like Gecko) Version/5.1.4 Safari/534.54.16"
173.169.226.223 - - [12/Apr/2012:17:46:15 -0700] "GET /AssessmentBar/r/Unassessed_India_articles/ HTTP/1.1" 302 277 "http://en.wikipedia.org/wiki/Prajasakti" "Mozilla/5.0 (Windows NT 6.1) AppleWebKit/534.54.16 (KHTML, like Gecko) Version/5.1.4 Safari/534.54.16"
173.169.226.223 - - [12/Apr/2012:17:46:19 -0700] "GET /AssessmentBar/r/Unassessed_India_articles/ HTTP/1.1" 302 309 "http://en.wikipedia.org/wiki/Jui_Gadkari" "Mozilla/5.0 (Windows NT 6.1) AppleWebKit/534.54.16 (KHTML, like Gecko) Version/5.1.4 Safari/534.54.16"
65.52.111.238 - - [12/Apr/2012:17:46:19 -0700] "-" 400 0 "-" "-"
65.52.111.238 - - [12/Apr/2012:17:46:19 -0700] "-" 400 0 "-" "-"
65.52.111.238 - - [12/Apr/2012:17:46:21 -0700] "-" 400 0 "-" "-"
65.52.111.238 - - [12/Apr/2012:17:46:22 -0700] "-" 400 0 "-" "-"
65.52.111.238 - - [12/Apr/2012:17:46:23 -0700] "-" 400 0 "-" "-"
65.52.111.238 - - [12/Apr/2012:17:46:25 -0700] "-" 400 0 "-" "-"
65.52.111.238 - - [12/Apr/2012:17:46:25 -0700] "-" 400 0 "-" "-"
65.52.111.238 - - [12/Apr/2012:17:46:25 -0700] "-" 400 0 "-" "-"
65.52.111.238 - - [12/Apr/2012:17:46:26 -0700] "-" 400 0 "-" "-"
65.52.111.238 - - [12/Apr/2012:17:46:26 -0700] "-" 400 0 "-" "-"
65.52.111.238 - - [12/Apr/2012:17:46:26 -0700] "-" 400 0 "-" "-"
65.52.111.238 - - [12/Apr/2012:17:46:27 -0700] "-" 400 0 "-" "-"
173.169.226.223 - - [12/Apr/2012:17:46:49 -0700] "GET /AssessmentBar/r/Unassessed_India_articles/ HTTP/1.1" 302 283 "http://en.wikipedia.org/wiki/Bhopal_Jan_Shatabdi_Express" "Mozilla/5.0 (Windows NT 6.1) AppleWebKit/534.54.16 (KHTML, like Gecko) Version/5.1.4 Safari/534.54.16"
173.169.226.223 - - [12/Apr/2012:17:46:53 -0700] "GET /AssessmentBar/r/Unassessed_India_articles/ HTTP/1.1" 302 387 "http://en.wikipedia.org/wiki/Mansa_District" "Mozilla/5.0 (Windows NT 6.1) AppleWebKit/534.54.16 (KHTML, like Gecko) Version/5.1.4 Safari/534.54.16"
173.169.226.223 - - [12/Apr/2012:17:46:59 -0700] "GET /AssessmentBar/r/Unassessed_India_articles/ HTTP/1.1" 302 273 "http://en.wikipedia.org/wiki/Bengal_Film_Journalists'_Association_%E2%80%93_Best_Music_Director_Award" "Mozilla/5.0 (Windows NT 6.1) AppleWebKit/534.54.16 (KHTML, like Gecko) Version/5.1.4 Safari/534.54.16"
66.249.71.101 - - [12/Apr/2012:17:47:19 -0700] "GET /chennai/stage/2730/ HTTP/1.1" 404 142 "-" "Mozilla/5.0 (compatible; Googlebot/2.1; +http://www.google.com/bot.html)"
65.52.111.238 - - [12/Apr/2012:17:47:20 -0700] "-" 400 0 "-" "-"
173.169.226.223 - - [12/Apr/2012:17:47:32 -0700] "GET /AssessmentBar/r/Unassessed_India_articles/ HTTP/1.1" 302 285 "http://en.wikipedia.org/wiki/Haridatta" "Mozilla/5.0 (Windows NT 6.1) AppleWebKit/534.54.16 (KHTML, like Gecko) Version/5.1.4 Safari/534.54.16"
173.169.226.223 - - [12/Apr/2012:17:47:38 -0700] "GET /AssessmentBar/r/Unassessed_India_articles/ HTTP/1.1" 302 303 "http://en.wikipedia.org/wiki/Kerala_New_Year" "Mozilla/5.0 (Windows NT 6.1) AppleWebKit/534.54.16 (KHTML, like Gecko) Version/5.1.4 Safari/534.54.16"
180.76.5.148 - - [12/Apr/2012:17:48:43 -0700] "GET / HTTP/1.1" 200 3439 "-" "Mozilla/5.0 (compatible; Baiduspider/2.0; +http://www.baidu.com/search/spider.html)"
173.169.226.223 - - [12/Apr/2012:17:48:47 -0700] "GET /AssessmentBar/r/Unassessed_India_articles/ HTTP/1.1" 302 279 "http://en.wikipedia.org/wiki/Thalai_Sanga_Nanmathiyam" "Mozilla/5.0 (Windows NT 6.1) AppleWebKit/534.54.16 (KHTML, like Gecko) Version/5.1.4 Safari/534.54.16"
173.169.226.223 - - [12/Apr/2012:17:49:58 -0700] "GET /AssessmentBar/r/Unassessed_India_articles/ HTTP/1.1" 302 283 "http://en.wikipedia.org/wiki/Vasanth_&_Co" "Mozilla/5.0 (Windows NT 6.1) AppleWebKit/534.54.16 (KHTML, like Gecko) Version/5.1.4 Safari/534.54.16"
173.169.226.223 - - [12/Apr/2012:17:50:01 -0700] "GET /AssessmentBar/r/Unassessed_India_articles/ HTTP/1.1" 302 269 "http://en.wikipedia.org/wiki/T._Swaminathan" "Mozilla/5.0 (Windows NT 6.1) AppleWebKit/534.54.16 (KHTML, like Gecko) Version/5.1.4 Safari/534.54.16"
173.169.226.223 - - [12/Apr/2012:17:50:41 -0700] "GET /AssessmentBar/r/Unassessed_India_articles/ HTTP/1.1" 302 281 "http://en.wikipedia.org/wiki/Ghandla" "Mozilla/5.0 (Windows NT 6.1) AppleWebKit/534.54.16 (KHTML, like Gecko) Version/5.1.4 Safari/534.54.16"
173.169.226.223 - - [12/Apr/2012:17:50:45 -0700] "GET /AssessmentBar/r/Unassessed_India_articles/ HTTP/1.1" 302 339 "http://en.wikipedia.org/wiki/Vidya_Bharati" "Mozilla/5.0 (Windows NT 6.1) AppleWebKit/534.54.16 (KHTML, like Gecko) Version/5.1.4 Safari/534.54.16"
173.169.226.223 - - [12/Apr/2012:17:50:48 -0700] "GET /AssessmentBar/r/Unassessed_India_articles/ HTTP/1.1" 302 329 "http://en.wikipedia.org/wiki/Newton's_Institute_of_Engineering_Macherla" "Mozilla/5.0 (Windows NT 6.1) AppleWebKit/534.54.16 (KHTML, like Gecko) Version/5.1.4 Safari/534.54.16"
66.171.62.133 - - [12/Apr/2012:17:51:18 -0700] "GET /r/4sb HTTP/1.1" 301 255 "http://horticulture.forumgratuit.tv/viewtopic.php?f=18&t=1799" "Mozilla/5.0 (compatible; MSIE 9.0; Windows NT 6.1; Trident/5.0)"
66.171.62.133 - - [12/Apr/2012:17:51:19 -0700] "GET /s/ta/4sb/ HTTP/1.1" 302 349 "http://horticulture.forumgratuit.tv/viewtopic.php?f=18&t=1799" "Mozilla/5.0 (compatible; MSIE 9.0; Windows NT 6.1; Trident/5.0)"
173.169.226.223 - - [12/Apr/2012:17:51:20 -0700] "GET /AssessmentBar/r/Unassessed_India_articles/ HTTP/1.1" 302 295 "http://en.wikipedia.org/wiki/French_India_municipal_election,_1946" "Mozilla/5.0 (Windows NT 6.1) AppleWebKit/534.54.16 (KHTML, like Gecko) Version/5.1.4 Safari/534.54.16"
173.169.226.223 - - [12/Apr/2012:17:51:53 -0700] "GET /AssessmentBar/r/Unassessed_India_articles/ HTTP/1.1" 302 289 "http://en.wikipedia.org/wiki/Royal_Wahingdoh_F.C." "Mozilla/5.0 (Windows NT 6.1) AppleWebKit/534.54.16 (KHTML, like Gecko) Version/5.1.4 Safari/534.54.16"
173.169.226.223 - - [12/Apr/2012:17:51:57 -0700] "GET /AssessmentBar/r/Unassessed_India_articles/ HTTP/1.1" 302 291 "http://en.wikipedia.org/wiki/Ayyavazhi_beliefs" "Mozilla/5.0 (Windows NT 6.1) AppleWebKit/534.54.16 (KHTML, like Gecko) Version/5.1.4 Safari/534.54.16"
173.169.226.223 - - [12/Apr/2012:17:52:01 -0700] "GET /AssessmentBar/r/Unassessed_India_articles/ HTTP/1.1" 302 291 "http://en.wikipedia.org/wiki/Rachpal_Singh_Gill" "Mozilla/5.0 (Windows NT 6.1) AppleWebKit/534.54.16 (KHTML, like Gecko) Version/5.1.4 Safari/534.54.16"
173.169.226.223 - - [12/Apr/2012:17:52:32 -0700] "GET /AssessmentBar/r/Unassessed_India_articles/ HTTP/1.1" 302 295 "http://en.wikipedia.org/wiki/Madathukulam_taluk" "Mozilla/5.0 (Windows NT 6.1) AppleWebKit/534.54.16 (KHTML, like Gecko) Version/5.1.4 Safari/534.54.16"
173.169.226.223 - - [12/Apr/2012:17:53:04 -0700] "GET /AssessmentBar/r/Unassessed_India_articles/ HTTP/1.1" 302 321 "http://en.wikipedia.org/wiki/Thazhathangady_Pally" "Mozilla/5.0 (Windows NT 6.1) AppleWebKit/534.54.16 (KHTML, like Gecko) Version/5.1.4 Safari/534.54.16"
173.169.226.223 - - [12/Apr/2012:17:53:09 -0700] "GET /AssessmentBar/r/Unassessed_India_articles/ HTTP/1.1" 302 281 "http://en.wikipedia.org/wiki/Zee_Cine_Award_True_Indian_Beauty" "Mozilla/5.0 (Windows NT 6.1) AppleWebKit/534.54.16 (KHTML, like Gecko) Version/5.1.4 Safari/534.54.16"
173.169.226.223 - - [12/Apr/2012:17:53:56 -0700] "GET /AssessmentBar/r/Unassessed_India_articles/ HTTP/1.1" 302 283 "http://en.wikipedia.org/wiki/Yamuna_Karjee" "Mozilla/5.0 (Windows NT 6.1) AppleWebKit/534.54.16 (KHTML, like Gecko) Version/5.1.4 Safari/534.54.16"
85.17.88.169 - - [12/Apr/2012:17:54:41 -0700] "POST /blog/wp-cron.php?doing_wp_cron=1334278139 HTTP/1.0" 499 0 "-" "WordPress/3.3.1; http://yuvi.in/blog"
208.115.111.68 - - [12/Apr/2012:17:54:41 -0700] "GET /blog/devlog-jan-2011/feed/ HTTP/1.1" 200 736 "-" "Mozilla/5.0 (compatible; Ezooms/1.0; ezooms.bot@gmail.com)"
173.169.226.223 - - [12/Apr/2012:17:54:47 -0700] "GET /AssessmentBar/r/Unassessed_India_articles/ HTTP/1.1" 302 337 "http://en.wikipedia.org/wiki/Upper_Kuttanad" "Mozilla/5.0 (Windows NT 6.1) AppleWebKit/534.54.16 (KHTML, like Gecko) Version/5.1.4 Safari/534.54.16"
173.169.226.223 - - [12/Apr/2012:17:54:53 -0700] "GET /AssessmentBar/r/Unassessed_India_articles/ HTTP/1.1" 302 283 "http://en.wikipedia.org/wiki/Board_of_Radiation_and_Isotope_Technology" "Mozilla/5.0 (Windows NT 6.1) AppleWebKit/534.54.16 (KHTML, like Gecko) Version/5.1.4 Safari/534.54.16"
207.46.199.23 - - [12/Apr/2012:17:55:26 -0700] "-" 400 0 "-" "-"
207.46.199.23 - - [12/Apr/2012:17:55:26 -0700] "-" 400 0 "-" "-"
207.46.199.23 - - [12/Apr/2012:17:55:26 -0700] "-" 400 0 "-" "-"
207.46.199.23 - - [12/Apr/2012:17:55:26 -0700] "-" 400 0 "-" "-"
207.46.199.23 - - [12/Apr/2012:17:55:26 -0700] "-" 400 0 "-" "-"
207.46.199.23 - - [12/Apr/2012:17:55:26 -0700] "-" 400 0 "-" "-"
207.46.199.23 - - [12/Apr/2012:17:55:27 -0700] "-" 400 0 "-" "-"
207.46.199.23 - - [12/Apr/2012:17:55:27 -0700] "-" 400 0 "-" "-"
207.46.199.23 - - [12/Apr/2012:17:55:27 -0700] "-" 400 0 "-" "-"
207.46.199.23 - - [12/Apr/2012:17:55:27 -0700] "-" 400 0 "-" "-"
85.17.88.169 - - [12/Apr/2012:17:55:36 -0700] "POST /blog/wp-cron.php?doing_wp_cron=1334278194 HTTP/1.0" 499 0 "-" "WordPress/3.3.1; http://yuvi.in/blog"
72.14.199.121 - - [12/Apr/2012:17:55:36 -0700] "GET /blog/feed/ HTTP/1.1" 304 0 "-" "Feedfetcher-Google; (+http://www.google.com/feedfetcher.html; 19 subscribers; feed-id=15064232456473204253)"
173.169.226.223 - - [12/Apr/2012:17:55:38 -0700] "GET /AssessmentBar/r/Unassessed_India_articles/ HTTP/1.1" 302 305 "http://en.wikipedia.org/wiki/Kalinga_Navada" "Mozilla/5.0 (Windows NT 6.1) AppleWebKit/534.54.16 (KHTML, like Gecko) Version/5.1.4 Safari/534.54.16"
173.169.226.223 - - [12/Apr/2012:17:56:19 -0700] "GET /AssessmentBar/r/Unassessed_India_articles/ HTTP/1.1" 302 301 "http://en.wikipedia.org/wiki/Hate_speech_laws_in_India" "Mozilla/5.0 (Windows NT 6.1) AppleWebKit/534.54.16 (KHTML, like Gecko) Version/5.1.4 Safari/534.54.16"
66.249.71.101 - - [12/Apr/2012:17:56:27 -0700] "GET /chennai/stage/2731/ HTTP/1.1" 404 142 "-" "Mozilla/5.0 (compatible; Googlebot/2.1; +http://www.google.com/bot.html)"
173.169.226.223 - - [12/Apr/2012:17:56:50 -0700] "GET /AssessmentBar/r/Unassessed_India_articles/ HTTP/1.1" 302 273 "http://en.wikipedia.org/wiki/Thiruarimeya_Vinnagaram" "Mozilla/5.0 (Windows NT 6.1) AppleWebKit/534.54.16 (KHTML, like Gecko) Version/5.1.4 Safari/534.54.16"
173.169.226.223 - - [12/Apr/2012:17:57:11 -0700] "GET /AssessmentBar/r/Unassessed_India_articles/ HTTP/1.1" 302 309 "http://en.wikipedia.org/wiki/Surkotada" "Mozilla/5.0 (Windows NT 6.1) AppleWebKit/534.54.16 (KHTML, like Gecko) Version/5.1.4 Safari/534.54.16"
173.169.226.223 - - [12/Apr/2012:17:57:52 -0700] "GET /AssessmentBar/r/Unassessed_India_articles/ HTTP/1.1" 302 283 "http://en.wikipedia.org/wiki/Kateri_hydroelectric_system" "Mozilla/5.0 (Windows NT 6.1) AppleWebKit/534.54.16 (KHTML, like Gecko) Version/5.1.4 Safari/534.54.16"
141.0.10.133 - - [12/Apr/2012:17:57:56 -0700] "-" 400 0 "-" "-"
173.169.226.223 - - [12/Apr/2012:17:58:27 -0700] "GET /AssessmentBar/r/Unassessed_India_articles/ HTTP/1.1" 302 267 "http://en.wikipedia.org/wiki/Shailesh_Lodha" "Mozilla/5.0 (Windows NT 6.1) AppleWebKit/534.54.16 (KHTML, like Gecko) Version/5.1.4 Safari/534.54.16"
202.185.110.150 - - [12/Apr/2012:17:58:29 -0700] "GET /r/4vz HTTP/1.1" 301 255 "http://www.facebook.com/l/WAQEaQJh0/tawp.in/r/4vz" "Mozilla/5.0 (Windows; U; Windows NT 6.1; en-US; rv:1.9.2.28) Gecko/20120306 Firefox/3.6.28"
202.185.110.150 - - [12/Apr/2012:17:58:29 -0700] "GET /s/ta/4vz/ HTTP/1.1" 302 473 "http://www.facebook.com/l/WAQEaQJh0/tawp.in/r/4vz" "Mozilla/5.0 (Windows; U; Windows NT 6.1; en-US; rv:1.9.2.28) Gecko/20120306 Firefox/3.6.28"
173.169.226.223 - - [12/Apr/2012:17:58:51 -0700] "GET /AssessmentBar/r/Unassessed_India_articles/ HTTP/1.1" 302 269 "http://en.wikipedia.org/wiki/Harika" "Mozilla/5.0 (Windows NT 6.1) AppleWebKit/534.54.16 (KHTML, like Gecko) Version/5.1.4 Safari/534.54.16"
173.169.226.223 - - [12/Apr/2012:17:58:57 -0700] "GET /AssessmentBar/r/Unassessed_India_articles/ HTTP/1.1" 302 287 "http://en.wikipedia.org/wiki/Deogaon" "Mozilla/5.0 (Windows NT 6.1) AppleWebKit/534.54.16 (KHTML, like Gecko) Version/5.1.4 Safari/534.54.16"
173.169.226.223 - - [12/Apr/2012:17:59:01 -0700] "GET /AssessmentBar/r/Unassessed_India_articles/ HTTP/1.1" 302 279 "http://en.wikipedia.org/wiki/Bharani_Pictures" "Mozilla/5.0 (Windows NT 6.1) AppleWebKit/534.54.16 (KHTML, like Gecko) Version/5.1.4 Safari/534.54.16"
173.169.226.223 - - [12/Apr/2012:17:59:38 -0700] "GET /AssessmentBar/r/Unassessed_India_articles/ HTTP/1.1" 302 301 "http://en.wikipedia.org/wiki/Guite_people" "Mozilla/5.0 (Windows NT 6.1) AppleWebKit/534.54.16 (KHTML, like Gecko) Version/5.1.4 Safari/534.54.16"
65.52.110.147 - - [12/Apr/2012:18:00:10 -0700] "GET /robots.txt HTTP/1.1" 404 169 "-" "Mozilla/5.0 (compatible; bingbot/2.0; +http://www.bing.com/bingbot.htm)"
85.17.88.169 - - [12/Apr/2012:18:00:48 -0700] "POST /blog/wp-cron.php?doing_wp_cron=1334278506 HTTP/1.0" 499 0 "-" "WordPress/3.3.1; http://yuvi.in/blog"
65.52.110.147 - - [12/Apr/2012:18:00:48 -0700] "GET /blog/tag/devlog-dec-2011/ HTTP/1.1" 200 4460 "-" "Mozilla/5.0 (compatible; bingbot/2.0; +http://www.bing.com/bingbot.htm)"
66.249.71.101 - - [12/Apr/2012:18:01:03 -0700] "GET /chennai/stage/2732/ HTTP/1.1" 404 142 "-" "Mozilla/5.0 (compatible; Googlebot/2.1; +http://www.google.com/bot.html)"
173.169.226.223 - - [12/Apr/2012:18:01:32 -0700] "GET /AssessmentBar/r/Unassessed_India_articles/ HTTP/1.1" 302 275 "http://en.wikipedia.org/wiki/National_Institute_of_Computer_Technology" "Mozilla/5.0 (Windows NT 6.1) AppleWebKit/534.54.16 (KHTML, like Gecko) Version/5.1.4 Safari/534.54.16"
173.169.226.223 - - [12/Apr/2012:18:02:18 -0700] "GET /AssessmentBar/r/Unassessed_India_articles/ HTTP/1.1" 302 291 "http://en.wikipedia.org/wiki/Urdu_Bazar" "Mozilla/5.0 (Windows NT 6.1) AppleWebKit/534.54.16 (KHTML, like Gecko) Version/5.1.4 Safari/534.54.16"
207.46.204.209 - - [12/Apr/2012:18:02:38 -0700] "-" 400 0 "-" "-"
207.46.204.209 - - [12/Apr/2012:18:02:38 -0700] "-" 400 0 "-" "-"
207.46.204.209 - - [12/Apr/2012:18:02:40 -0700] "-" 400 0 "-" "-"
207.46.204.209 - - [12/Apr/2012:18:02:48 -0700] "-" 400 0 "-" "-"
173.169.226.223 - - [12/Apr/2012:18:02:49 -0700] "GET /AssessmentBar/r/Unassessed_India_articles/ HTTP/1.1" 302 329 "http://en.wikipedia.org/wiki/Lachhmi_Dhar_Kalla" "Mozilla/5.0 (Windows NT 6.1) AppleWebKit/534.54.16 (KHTML, like Gecko) Version/5.1.4 Safari/534.54.16"
207.46.204.209 - - [12/Apr/2012:18:02:51 -0700] "-" 400 0 "-" "-"
207.46.204.209 - - [12/Apr/2012:18:02:53 -0700] "-" 400 0 "-" "-"
207.46.204.209 - - [12/Apr/2012:18:02:53 -0700] "-" 400 0 "-" "-"
207.46.204.209 - - [12/Apr/2012:18:03:00 -0700] "-" 400 0 "-" "-"
207.46.204.209 - - [12/Apr/2012:18:03:01 -0700] "-" 400 0 "-" "-"
207.46.204.209 - - [12/Apr/2012:18:03:02 -0700] "-" 400 0 "-" "-"
207.46.204.209 - - [12/Apr/2012:18:03:02 -0700] "-" 400 0 "-" "-"
207.46.204.209 - - [12/Apr/2012:18:03:05 -0700] "-" 400 0 "-" "-"
207.46.204.209 - - [12/Apr/2012:18:03:06 -0700] "-" 400 0 "-" "-"
173.169.226.223 - - [12/Apr/2012:18:03:15 -0700] "GET /AssessmentBar/r/Unassessed_India_articles/ HTTP/1.1" 302 315 "http://en.wikipedia.org/wiki/Tamil_Nadu_Civil_Supplies_Corporation" "Mozilla/5.0 (Windows NT 6.1) AppleWebKit/534.54.16 (KHTML, like Gecko) Version/5.1.4 Safari/534.54.16"
173.169.226.223 - - [12/Apr/2012:18:04:06 -0700] "GET /AssessmentBar/r/Unassessed_India_articles/ HTTP/1.1" 302 277 "http://en.wikipedia.org/wiki/History_of_South_Asian_cuisine" "Mozilla/5.0 (Windows NT 6.1) AppleWebKit/534.54.16 (KHTML, like Gecko) Version/5.1.4 Safari/534.54.16"
173.169.226.223 - - [12/Apr/2012:18:04:16 -0700] "GET /AssessmentBar/r/Unassessed_India_articles/ HTTP/1.1" 302 263 "http://en.wikipedia.org/wiki/Udden_Gadda" "Mozilla/5.0 (Windows NT 6.1) AppleWebKit/534.54.16 (KHTML, like Gecko) Version/5.1.4 Safari/534.54.16"
173.169.226.223 - - [12/Apr/2012:18:05:08 -0700] "GET /AssessmentBar/r/Unassessed_India_articles/ HTTP/1.1" 302 289 "http://en.wikipedia.org/wiki/SSDG" "Mozilla/5.0 (Windows NT 6.1) AppleWebKit/534.54.16 (KHTML, like Gecko) Version/5.1.4 Safari/534.54.16"
66.249.71.101 - - [12/Apr/2012:18:05:36 -0700] "GET /chennai/stage/2733/ HTTP/1.1" 404 142 "-" "Mozilla/5.0 (compatible; Googlebot/2.1; +http://www.google.com/bot.html)"
85.17.88.169 - - [12/Apr/2012:18:06:29 -0700] "POST /blog/wp-cron.php?doing_wp_cron=1334278847 HTTP/1.0" 499 0 "-" "WordPress/3.3.1; http://yuvi.in/blog"
209.85.144.86 - - [12/Apr/2012:18:06:29 -0700] "GET /blog/feed HTTP/1.1" 304 0 "-" "FeedBurner/1.0 (http://www.FeedBurner.com)"
121.205.215.97 - - [12/Apr/2012:18:07:38 -0700] "GET /blog/my-gsoc-2010-proposal.html HTTP/1.0" 200 5748 "http://yuvi.in/blog/my-gsoc-2010-proposal.html" "Mozilla/4.0 (compatible; MSIE 7.0; Windows NT 5.1; SV1; .NET CLR 2.0.50727)"
117.192.149.213 - - [12/Apr/2012:18:09:23 -0700] "GET /r/2llr HTTP/1.1" 301 257 "http://www.facebook.com/l.php?u=http%3A%2F%2Ftawp.in%2Fr%2F2llr&h=mAQFWdofcAQHYCzKZdYwkevP_EHizdE4vB13_pmhG3gsaCQ" "Mozilla/5.0 (Windows NT 6.1; WOW64) AppleWebKit/535.19 (KHTML, like Gecko) Chrome/18.0.1025.152 Safari/535.19"
117.192.149.213 - - [12/Apr/2012:18:09:23 -0700] "GET /s/ta/2llr/ HTTP/1.1" 302 513 "http://www.facebook.com/l.php?u=http%3A%2F%2Ftawp.in%2Fr%2F2llr&h=mAQFWdofcAQHYCzKZdYwkevP_EHizdE4vB13_pmhG3gsaCQ" "Mozilla/5.0 (Windows NT 6.1; WOW64) AppleWebKit/535.19 (KHTML, like Gecko) Chrome/18.0.1025.152 Safari/535.19"
66.249.71.101 - - [12/Apr/2012:18:10:11 -0700] "GET /chennai/stage/2734/ HTTP/1.1" 404 142 "-" "Mozilla/5.0 (compatible; Googlebot/2.1; +http://www.google.com/bot.html)"
209.117.161.166 - - [12/Apr/2012:18:10:57 -0700] "GET / HTTP/1.1" 200 3439 "-" "-"
65.93.157.248 - - [12/Apr/2012:18:10:59 -0700] "GET /r/4sb HTTP/1.1" 301 255 "http://horticulture.forumgratuit.tv/viewtopic.php?f=18&t=1799" "Mozilla/4.0 (compatible; MSIE 8.0; Windows NT 5.1; Trident/4.0; BTRS129253; GTB7.3; InfoPath.1)"
65.93.157.248 - - [12/Apr/2012:18:10:59 -0700] "GET /s/ta/4sb/ HTTP/1.1" 302 349 "http://horticulture.forumgratuit.tv/viewtopic.php?f=18&t=1799" "Mozilla/4.0 (compatible; MSIE 8.0; Windows NT 5.1; Trident/4.0; BTRS129253; GTB7.3; InfoPath.1)"
65.52.111.245 - - [12/Apr/2012:18:12:24 -0700] "-" 400 0 "-" "-"
65.52.111.245 - - [12/Apr/2012:18:12:24 -0700] "-" 400 0 "-" "-"
65.52.111.245 - - [12/Apr/2012:18:12:26 -0700] "-" 400 0 "-" "-"
65.52.111.245 - - [12/Apr/2012:18:12:31 -0700] "-" 400 0 "-" "-"
65.52.111.245 - - [12/Apr/2012:18:12:31 -0700] "-" 400 0 "-" "-"
65.52.111.245 - - [12/Apr/2012:18:12:31 -0700] "-" 400 0 "-" "-"
65.52.111.245 - - [12/Apr/2012:18:12:32 -0700] "-" 400 0 "-" "-"
65.52.111.245 - - [12/Apr/2012:18:12:33 -0700] "-" 400 0 "-" "-"
65.52.111.245 - - [12/Apr/2012:18:12:33 -0700] "-" 400 0 "-" "-"
65.52.111.245 - - [12/Apr/2012:18:12:34 -0700] "-" 400 0 "-" "-"
65.52.111.245 - - [12/Apr/2012:18:12:34 -0700] "-" 400 0 "-" "-"
85.17.88.169 - - [12/Apr/2012:18:13:00 -0700] "POST /blog/wp-cron.php?doing_wp_cron=1334279238 HTTP/1.0" 499 0 "-" "WordPress/3.3.1; http://yuvi.in/blog"
66.160.192.50 - - [12/Apr/2012:18:13:00 -0700] "GET /blog/feed/ HTTP/1.1" 200 6672 "http://www.feedly.com" "Mozilla/5.0 (Macintosh; U; Intel Mac OS X 10.5; en-US; rv:1.9.0.7) Gecko/2009021906 Firefox/3.0.7"
65.52.111.245 - - [12/Apr/2012:18:13:31 -0700] "-" 400 0 "-" "-"
65.52.111.245 - - [12/Apr/2012:18:13:32 -0700] "-" 400 0 "-" "-"
98.16.239.98 - - [12/Apr/2012:18:14:01 -0700] "GET /favicon.ico HTTP/1.1" 404 199 "http://thatched-house.blogspot.com/2009/02/plant-of-leon.html" "Mozilla/5.0 (compatible; MSIE 9.0; Windows NT 6.1; WOW64; Trident/5.0)"
98.16.239.98 - - [12/Apr/2012:18:14:20 -0700] "-" 400 0 "-" "-"
66.249.71.101 - - [12/Apr/2012:18:14:45 -0700] "GET /chennai/stage/2735/ HTTP/1.1" 404 142 "-" "Mozilla/5.0 (compatible; Googlebot/2.1; +http://www.google.com/bot.html)"
166.147.112.141 - - [12/Apr/2012:18:16:29 -0700] "GET /favicon.ico HTTP/1.1" 404 142 "-" "Reeder/1.5.5 CFNetwork/548.1.4 Darwin/11.0.0"
66.249.71.101 - - [12/Apr/2012:18:19:19 -0700] "GET /chennai/stage/2746/ HTTP/1.1" 404 142 "-" "Mozilla/5.0 (compatible; Googlebot/2.1; +http://www.google.com/bot.html)"
85.17.88.169 - - [12/Apr/2012:18:21:24 -0700] "POST /blog/wp-cron.php?doing_wp_cron=1334279742 HTTP/1.0" 499 0 "-" "WordPress/3.3.1; http://yuvi.in/blog"
101.226.33.188 - - [12/Apr/2012:18:21:25 -0700] "GET /blog/feed HTTP/1.0" 304 0 "-" "Mozilla/4.0 (compatible; Windows;)"
85.17.88.169 - - [12/Apr/2012:18:21:32 -0700] "POST /blog/wp-cron.php?doing_wp_cron=1334279750 HTTP/1.0" 499 0 "-" "WordPress/3.3.1; http://yuvi.in/blog"
218.213.137.21 - - [12/Apr/2012:18:21:32 -0700] "GET /blog/tag/android/feed/ HTTP/1.1" 200 5243 "-" "DoCoMo/2.0 P900i(c100;TB;W24H11) (compatible; ichiro/mobile goo; +http://search.goo.ne.jp/option/use/sub4/sub4-1/)"
115.248.4.161 - - [12/Apr/2012:18:21:36 -0700] "-" 400 0 "-" "-"
65.52.111.213 - - [12/Apr/2012:18:22:12 -0700] "-" 400 0 "-" "-"
65.52.111.213 - - [12/Apr/2012:18:22:12 -0700] "-" 400 0 "-" "-"
65.52.111.213 - - [12/Apr/2012:18:22:13 -0700] "-" 400 0 "-" "-"
65.52.111.213 - - [12/Apr/2012:18:22:13 -0700] "-" 400 0 "-" "-"
65.52.111.213 - - [12/Apr/2012:18:22:14 -0700] "-" 400 0 "-" "-"
65.52.111.213 - - [12/Apr/2012:18:22:15 -0700] "-" 400 0 "-" "-"
65.52.111.213 - - [12/Apr/2012:18:22:15 -0700] "-" 400 0 "-" "-"
65.52.111.213 - - [12/Apr/2012:18:22:15 -0700] "-" 400 0 "-" "-"
65.52.111.213 - - [12/Apr/2012:18:22:15 -0700] "-" 400 0 "-" "-"
65.52.111.213 - - [12/Apr/2012:18:22:15 -0700] "-" 400 0 "-" "-"
65.52.111.213 - - [12/Apr/2012:18:22:15 -0700] "-" 400 0 "-" "-"
157.56.94.179 - - [12/Apr/2012:18:22:30 -0700] "GET /r/k0x HTTP/1.1" 404 142 "-" "msnbot/2.0b (+http://search.msn.com/msnbot.htm)"
85.17.88.169 - - [12/Apr/2012:18:22:42 -0700] "POST /blog/wp-cron.php?doing_wp_cron=1334279820 HTTP/1.0" 499 0 "-" "WordPress/3.3.1; http://yuvi.in/blog"
218.213.137.21 - - [12/Apr/2012:18:22:42 -0700] "GET /blog/tag/anniversary/ HTTP/1.1" 200 15526 "-" "DoCoMo/2.0 P900i(c100;TB;W24H11) (compatible; ichiro/mobile goo; +http://search.goo.ne.jp/option/use/sub4/sub4-1/)"
157.56.94.179 - - [12/Apr/2012:18:22:49 -0700] "GET /r/g2 HTTP/1.1" 404 142 "-" "msnbot/2.0b (+http://search.msn.com/msnbot.htm)"
85.17.88.169 - - [12/Apr/2012:18:23:44 -0700] "POST /blog/wp-cron.php?doing_wp_cron=1334279882 HTTP/1.0" 499 0 "-" "WordPress/3.3.1; http://yuvi.in/blog"
72.14.199.121 - - [12/Apr/2012:18:23:44 -0700] "GET /blog/feed HTTP/1.1" 301 0 "-" "Feedfetcher-Google; (+http://www.google.com/feedfetcher.html; 3 subscribers; feed-id=17684830852112633560)"
72.14.199.121 - - [12/Apr/2012:18:23:45 -0700] "GET /blog/feed/ HTTP/1.1" 200 6691 "-" "Feedfetcher-Google; (+http://www.google.com/feedfetcher.html; 3 subscribers; feed-id=17684830852112633560)"
66.249.71.101 - - [12/Apr/2012:18:24:00 -0700] "GET /chennai/stage/2747/ HTTP/1.1" 404 142 "-" "Mozilla/5.0 (compatible; Googlebot/2.1; +http://www.google.com/bot.html)"
66.249.71.101 - - [12/Apr/2012:18:28:28 -0700] "GET /chennai/stage/2750/ HTTP/1.1" 404 142 "-" "Mozilla/5.0 (compatible; Googlebot/2.1; +http://www.google.com/bot.html)"
70.162.85.179 - - [12/Apr/2012:18:31:31 -0700] "HEAD / HTTP/1.1" 200 0 "-" "-"
209.85.224.80 - - [12/Apr/2012:18:31:40 -0700] "GET /stories/feed HTTP/1.1" 200 13653 "-" "FeedBurner/1.0 (http://www.FeedBurner.com)"
59.92.125.5 - - [12/Apr/2012:18:35:48 -0700] "-" 400 0 "-" "-"
59.92.125.5 - - [12/Apr/2012:18:35:58 -0700] "-" 400 0 "-" "-"
115.248.4.161 - - [12/Apr/2012:18:36:03 -0700] "-" 400 0 "-" "-"
85.17.88.169 - - [12/Apr/2012:18:36:35 -0700] "POST /blog/wp-cron.php?doing_wp_cron=1334280653 HTTP/1.0" 499 0 "-" "WordPress/3.3.1; http://yuvi.in/blog"
209.85.224.97 - - [12/Apr/2012:18:36:35 -0700] "GET /blog/feed HTTP/1.1" 304 0 "-" "FeedBurner/1.0 (http://www.FeedBurner.com)"
115.248.4.161 - - [12/Apr/2012:18:37:20 -0700] "-" 400 0 "-" "-"
115.248.4.161 - - [12/Apr/2012:18:37:20 -0700] "-" 400 0 "-" "-"
66.249.71.101 - - [12/Apr/2012:18:37:37 -0700] "GET /chennai/stage/2760/ HTTP/1.1" 404 142 "-" "Mozilla/5.0 (compatible; Googlebot/2.1; +http://www.google.com/bot.html)"
207.46.204.219 - - [12/Apr/2012:18:44:03 -0700] "-" 400 0 "-" "-"
207.46.204.219 - - [12/Apr/2012:18:44:07 -0700] "-" 400 0 "-" "-"
207.46.204.219 - - [12/Apr/2012:18:44:07 -0700] "-" 400 0 "-" "-"
66.249.71.43 - - [12/Apr/2012:18:44:07 -0700] "GET /r/1z5n HTTP/1.1" 301 257 "-" "Mozilla/5.0 (compatible; Googlebot/2.1; +http://www.google.com/bot.html)"
207.46.204.219 - - [12/Apr/2012:18:44:07 -0700] "-" 400 0 "-" "-"
66.249.71.43 - - [12/Apr/2012:18:44:07 -0700] "GET /s/ta/1z5n/ HTTP/1.1" 302 609 "-" "Mozilla/5.0 (compatible; Googlebot/2.1; +http://www.google.com/bot.html)"
207.46.204.219 - - [12/Apr/2012:18:44:08 -0700] "-" 400 0 "-" "-"
207.46.204.219 - - [12/Apr/2012:18:44:08 -0700] "-" 400 0 "-" "-"
207.46.204.219 - - [12/Apr/2012:18:44:08 -0700] "-" 400 0 "-" "-"
207.46.204.219 - - [12/Apr/2012:18:44:08 -0700] "-" 400 0 "-" "-"
207.46.204.219 - - [12/Apr/2012:18:44:08 -0700] "-" 400 0 "-" "-"
207.46.204.219 - - [12/Apr/2012:18:44:08 -0700] "-" 400 0 "-" "-"
207.46.204.219 - - [12/Apr/2012:18:44:57 -0700] "-" 400 0 "-" "-"
207.46.204.163 - - [12/Apr/2012:18:46:02 -0700] "-" 400 0 "-" "-"
207.46.204.163 - - [12/Apr/2012:18:46:02 -0700] "-" 400 0 "-" "-"
207.46.204.163 - - [12/Apr/2012:18:46:02 -0700] "-" 400 0 "-" "-"
207.46.204.163 - - [12/Apr/2012:18:46:04 -0700] "-" 400 0 "-" "-"
207.46.204.163 - - [12/Apr/2012:18:46:05 -0700] "-" 400 0 "-" "-"
207.46.204.163 - - [12/Apr/2012:18:46:05 -0700] "-" 400 0 "-" "-"
207.46.204.163 - - [12/Apr/2012:18:46:05 -0700] "-" 400 0 "-" "-"
207.46.204.163 - - [12/Apr/2012:18:46:06 -0700] "-" 400 0 "-" "-"
207.46.204.163 - - [12/Apr/2012:18:46:06 -0700] "-" 400 0 "-" "-"
207.46.204.163 - - [12/Apr/2012:18:46:07 -0700] "-" 400 0 "-" "-"
207.46.204.163 - - [12/Apr/2012:18:46:07 -0700] "-" 400 0 "-" "-"
207.46.204.163 - - [12/Apr/2012:18:46:08 -0700] "-" 400 0 "-" "-"
66.249.71.101 - - [12/Apr/2012:18:46:46 -0700] "GET /chennai/stage/2757/ HTTP/1.1" 404 142 "-" "Mozilla/5.0 (compatible; Googlebot/2.1; +http://www.google.com/bot.html)"
207.46.204.163 - - [12/Apr/2012:18:46:57 -0700] "-" 400 0 "-" "-"
65.52.111.212 - - [12/Apr/2012:18:49:53 -0700] "-" 400 0 "-" "-"
65.52.111.212 - - [12/Apr/2012:18:49:53 -0700] "-" 400 0 "-" "-"
65.52.111.212 - - [12/Apr/2012:18:49:54 -0700] "-" 400 0 "-" "-"
65.52.111.212 - - [12/Apr/2012:18:49:54 -0700] "-" 400 0 "-" "-"
65.52.111.212 - - [12/Apr/2012:18:49:55 -0700] "-" 400 0 "-" "-"
65.52.111.212 - - [12/Apr/2012:18:49:55 -0700] "-" 400 0 "-" "-"
65.52.111.212 - - [12/Apr/2012:18:49:55 -0700] "-" 400 0 "-" "-"
65.52.111.212 - - [12/Apr/2012:18:49:55 -0700] "-" 400 0 "-" "-"
65.52.111.212 - - [12/Apr/2012:18:49:56 -0700] "-" 400 0 "-" "-"
65.52.111.212 - - [12/Apr/2012:18:49:56 -0700] "-" 400 0 "-" "-"
65.52.111.212 - - [12/Apr/2012:18:49:56 -0700] "-" 400 0 "-" "-"
65.52.111.212 - - [12/Apr/2012:18:49:56 -0700] "-" 400 0 "-" "-"
66.249.71.101 - - [12/Apr/2012:18:51:20 -0700] "GET /chennai/stage/2764/ HTTP/1.1" 404 142 "-" "Mozilla/5.0 (compatible; Googlebot/2.1; +http://www.google.com/bot.html)"
115.248.4.161 - - [12/Apr/2012:18:52:28 -0700] "-" 400 0 "-" "-"
74.125.126.94 - - [12/Apr/2012:18:52:51 -0700] "GET /favicon.ico HTTP/1.1" 404 142 "-" "-"
72.14.199.121 - - [12/Apr/2012:18:55:15 -0700] "GET /blog/feed/ HTTP/1.1" 200 6691 "-" "Feedfetcher-Google; (+http://www.google.com/feedfetcher.html; 19 subscribers; feed-id=15064232456473204253)"
117.201.16.215 - - [12/Apr/2012:18:55:54 -0700] "GET /r/29x2 HTTP/1.1" 301 257 "http://ta.wikipedia.org/wiki/%E0%AE%8E%E0%AE%A3%E0%AF%8D%E0%AE%A3%E0%AE%BF%E0%AE%AF%E0%AE%B2%E0%AF%8D_%E0%AE%AA%E0%AE%9F%E0%AE%95%E0%AF%8D%E0%AE%95%E0%AE%B0%E0%AF%81%E0%AE%B5%E0%AE%BF" "Mozilla/5.0 (Windows NT 5.1; rv:11.0) Gecko/20100101 Firefox/11.0"
66.249.71.101 - - [12/Apr/2012:18:55:55 -0700] "GET /chennai/stage/2762/ HTTP/1.1" 404 142 "-" "Mozilla/5.0 (compatible; Googlebot/2.1; +http://www.google.com/bot.html)"
117.201.16.215 - - [12/Apr/2012:18:55:55 -0700] "GET /s/ta/29x2/ HTTP/1.1" 302 473 "http://ta.wikipedia.org/wiki/%E0%AE%8E%E0%AE%A3%E0%AF%8D%E0%AE%A3%E0%AE%BF%E0%AE%AF%E0%AE%B2%E0%AF%8D_%E0%AE%AA%E0%AE%9F%E0%AE%95%E0%AF%8D%E0%AE%95%E0%AE%B0%E0%AF%81%E0%AE%B5%E0%AE%BF" "Mozilla/5.0 (Windows NT 5.1; rv:11.0) Gecko/20100101 Firefox/11.0"
117.201.16.215 - - [12/Apr/2012:18:55:59 -0700] "-" 400 0 "-" "-"
117.192.247.26 - - [12/Apr/2012:18:56:00 -0700] "-" 400 0 "-" "-"
66.249.71.13 - - [12/Apr/2012:18:56:20 -0700] "GET /blog/the-end-of-gsoc-2010.html HTTP/1.1" 200 2626 "-" "SAMSUNG-SGH-E250/1.0 Profile/MIDP-2.0 Configuration/CLDC-1.1 UP.Browser/6.2.3.3.c.1.101 (GUI) MMP/2.0 (compatible; Googlebot-Mobile/2.1; +http://www.google.com/bot.html)"
14.99.228.247 - - [12/Apr/2012:18:57:01 -0700] "-" 400 0 "-" "-"
184.146.237.174 - - [12/Apr/2012:18:58:03 -0700] "GET /s/ta/4sb/ HTTP/1.1" 302 349 "http://horticulture.forumgratuit.tv/viewtopic.php?f=18&t=1799&p=19521" "Mozilla/5.0 (Windows NT 6.1; WOW64) AppleWebKit/535.19 (KHTML, like Gecko) Chrome/18.0.1025.152 Safari/535.19"
66.249.71.101 - - [12/Apr/2012:19:00:29 -0700] "GET /chennai/stage/2765/ HTTP/1.1" 404 142 "-" "Mozilla/5.0 (compatible; Googlebot/2.1; +http://www.google.com/bot.html)"
141.0.10.16 - - [12/Apr/2012:19:04:00 -0700] "-" 400 0 "-" "-"
123.201.138.164 - - [12/Apr/2012:19:04:51 -0700] "-" 400 0 "-" "-"
123.201.138.164 - - [12/Apr/2012:19:04:51 -0700] "-" 400 0 "-" "-"
123.201.138.164 - - [12/Apr/2012:19:04:51 -0700] "-" 400 0 "-" "-"
123.201.138.164 - - [12/Apr/2012:19:04:51 -0700] "-" 400 0 "-" "-"
123.201.138.164 - - [12/Apr/2012:19:04:51 -0700] "-" 400 0 "-" "-"
66.249.71.101 - - [12/Apr/2012:19:05:08 -0700] "GET /chennai/stage/2766/ HTTP/1.1" 404 142 "-" "Mozilla/5.0 (compatible; Googlebot/2.1; +http://www.google.com/bot.html)"
66.249.71.13 - - [12/Apr/2012:19:05:26 -0700] "GET /blog/more-effects-for-cheese.html HTTP/1.1" 200 2311 "-" "SAMSUNG-SGH-E250/1.0 Profile/MIDP-2.0 Configuration/CLDC-1.1 UP.Browser/6.2.3.3.c.1.101 (GUI) MMP/2.0 (compatible; Googlebot-Mobile/2.1; +http://www.google.com/bot.html)"
123.201.138.164 - - [12/Apr/2012:19:05:31 -0700] "-" 400 0 "-" "-"
14.96.250.169 - - [12/Apr/2012:19:05:35 -0700] "-" 400 0 "-" "-"
123.201.138.164 - - [12/Apr/2012:19:05:41 -0700] "-" 400 0 "-" "-"
123.201.138.164 - - [12/Apr/2012:19:05:41 -0700] "-" 400 0 "-" "-"
123.201.138.164 - - [12/Apr/2012:19:05:41 -0700] "-" 400 0 "-" "-"
123.201.138.164 - - [12/Apr/2012:19:05:41 -0700] "-" 400 0 "-" "-"
123.201.138.164 - - [12/Apr/2012:19:06:31 -0700] "-" 400 0 "-" "-"
85.17.88.169 - - [12/Apr/2012:19:06:49 -0700] "POST /blog/wp-cron.php?doing_wp_cron=1334282466 HTTP/1.0" 499 0 "-" "WordPress/3.3.1; http://yuvi.in/blog"
209.85.224.83 - - [12/Apr/2012:19:06:49 -0700] "GET /blog/feed HTTP/1.1" 304 0 "-" "FeedBurner/1.0 (http://www.FeedBurner.com)"
14.96.250.169 - - [12/Apr/2012:19:07:33 -0700] "-" 400 0 "-" "-"
123.201.138.164 - - [12/Apr/2012:19:08:41 -0700] "-" 400 0 "-" "-"
123.201.138.164 - - [12/Apr/2012:19:08:41 -0700] "-" 400 0 "-" "-"
123.201.138.164 - - [12/Apr/2012:19:08:41 -0700] "-" 400 0 "-" "-"
66.249.71.101 - - [12/Apr/2012:19:09:38 -0700] "GET /chennai/stage/2768/ HTTP/1.1" 404 142 "-" "Mozilla/5.0 (compatible; Googlebot/2.1; +http://www.google.com/bot.html)"
123.201.138.164 - - [12/Apr/2012:19:09:41 -0700] "-" 400 0 "-" "-"
66.249.71.101 - - [12/Apr/2012:19:14:12 -0700] "GET /chennai/stage/2767/ HTTP/1.1" 404 142 "-" "Mozilla/5.0 (compatible; Googlebot/2.1; +http://www.google.com/bot.html)"
65.52.111.214 - - [12/Apr/2012:19:14:57 -0700] "-" 400 0 "-" "-"
65.52.111.214 - - [12/Apr/2012:19:14:57 -0700] "-" 400 0 "-" "-"
65.52.111.214 - - [12/Apr/2012:19:14:57 -0700] "-" 400 0 "-" "-"
65.52.111.214 - - [12/Apr/2012:19:15:00 -0700] "-" 400 0 "-" "-"
65.52.111.214 - - [12/Apr/2012:19:15:00 -0700] "-" 400 0 "-" "-"
65.52.111.214 - - [12/Apr/2012:19:15:01 -0700] "-" 400 0 "-" "-"
65.52.111.214 - - [12/Apr/2012:19:15:01 -0700] "-" 400 0 "-" "-"
65.52.111.214 - - [12/Apr/2012:19:15:01 -0700] "-" 400 0 "-" "-"
65.52.111.214 - - [12/Apr/2012:19:15:02 -0700] "-" 400 0 "-" "-"
65.52.111.214 - - [12/Apr/2012:19:15:02 -0700] "-" 400 0 "-" "-"
65.52.111.214 - - [12/Apr/2012:19:15:02 -0700] "-" 400 0 "-" "-"
65.52.111.214 - - [12/Apr/2012:19:15:02 -0700] "-" 400 0 "-" "-"
66.249.71.13 - - [12/Apr/2012:19:15:27 -0700] "GET /blog/moving-to-vim-from-emacs.html HTTP/1.1" 200 2657 "-" "SAMSUNG-SGH-E250/1.0 Profile/MIDP-2.0 Configuration/CLDC-1.1 UP.Browser/6.2.3.3.c.1.101 (GUI) MMP/2.0 (compatible; Googlebot-Mobile/2.1; +http://www.google.com/bot.html)"
123.201.138.164 - - [12/Apr/2012:19:16:38 -0700] "-" 400 0 "-" "-"
123.201.138.164 - - [12/Apr/2012:19:16:38 -0700] "-" 400 0 "-" "-"
123.201.138.164 - - [12/Apr/2012:19:16:38 -0700] "-" 400 0 "-" "-"
123.201.138.164 - - [12/Apr/2012:19:16:38 -0700] "-" 400 0 "-" "-"
123.201.138.164 - - [12/Apr/2012:19:16:38 -0700] "-" 400 0 "-" "-"
123.201.138.164 - - [12/Apr/2012:19:16:38 -0700] "-" 400 0 "-" "-"
123.201.138.164 - - [12/Apr/2012:19:18:08 -0700] "-" 400 0 "-" "-"
66.249.71.101 - - [12/Apr/2012:19:18:46 -0700] "GET /chennai/stage/2769/ HTTP/1.1" 404 142 "-" "Mozilla/5.0 (compatible; Googlebot/2.1; +http://www.google.com/bot.html)"
70.162.85.179 - - [12/Apr/2012:19:20:12 -0700] "HEAD / HTTP/1.1" 200 0 "-" "-"
123.201.138.164 - - [12/Apr/2012:19:21:28 -0700] "-" 400 0 "-" "-"
71.202.188.217 - - [12/Apr/2012:19:21:57 -0700] "GET /r/1jro HTTP/1.1" 301 257 "http://ta.wikipedia.org/wiki/%E0%AE%B5%E0%AE%BF%E0%AE%B7%E0%AF%82" "Mozilla/5.0 (Windows NT 6.1; WOW64) AppleWebKit/535.19 (KHTML, like Gecko) Chrome/18.0.1025.152 Safari/535.19"
71.202.188.217 - - [12/Apr/2012:19:21:58 -0700] "GET /s/ta/1jro/ HTTP/1.1" 302 313 "http://ta.wikipedia.org/wiki/%E0%AE%B5%E0%AE%BF%E0%AE%B7%E0%AF%82" "Mozilla/5.0 (Windows NT 6.1; WOW64) AppleWebKit/535.19 (KHTML, like Gecko) Chrome/18.0.1025.152 Safari/535.19"
123.201.138.164 - - [12/Apr/2012:19:22:08 -0700] "-" 400 0 "-" "-"
123.201.138.164 - - [12/Apr/2012:19:22:08 -0700] "-" 400 0 "-" "-"
123.201.138.164 - - [12/Apr/2012:19:22:08 -0700] "-" 400 0 "-" "-"
123.201.138.164 - - [12/Apr/2012:19:22:08 -0700] "-" 400 0 "-" "-"
71.202.188.217 - - [12/Apr/2012:19:23:16 -0700] "GET /r/1jro HTTP/1.0" 301 257 "-" "Mozilla/5.0 URL/Emacs (i686-pc-linux-gnu; TTY)"
71.202.188.217 - - [12/Apr/2012:19:23:16 -0700] "GET /s/ta/1jro/ HTTP/1.0" 302 313 "-" "Mozilla/5.0 URL/Emacs (i686-pc-linux-gnu; TTY)"
66.249.71.101 - - [12/Apr/2012:19:23:21 -0700] "GET /chennai/stage/2770/ HTTP/1.1" 404 142 "-" "Mozilla/5.0 (compatible; Googlebot/2.1; +http://www.google.com/bot.html)"
208.115.111.68 - - [12/Apr/2012:19:23:30 -0700] "GET /robots.txt HTTP/1.1" 404 169 "-" "Mozilla/5.0 (compatible; Ezooms/1.0; ezooms.bot@gmail.com)"
85.17.88.169 - - [12/Apr/2012:19:23:44 -0700] "POST /blog/wp-cron.php?doing_wp_cron=1334283482 HTTP/1.0" 499 0 "-" "WordPress/3.3.1; http://yuvi.in/blog"
72.14.199.121 - - [12/Apr/2012:19:23:45 -0700] "GET /blog/feed HTTP/1.1" 301 0 "-" "Feedfetcher-Google; (+http://www.google.com/feedfetcher.html; 3 subscribers; feed-id=17684830852112633560)"
85.17.88.169 - - [12/Apr/2012:19:23:47 -0700] "POST /blog/wp-cron.php?doing_wp_cron=1334283485 HTTP/1.0" 499 0 "-" "WordPress/3.3.1; http://yuvi.in/blog"
72.14.199.121 - - [12/Apr/2012:19:23:47 -0700] "GET /blog/feed/ HTTP/1.1" 304 0 "-" "Feedfetcher-Google; (+http://www.google.com/feedfetcher.html; 3 subscribers; feed-id=17684830852112633560)"
157.56.94.179 - - [12/Apr/2012:19:24:21 -0700] "GET /robots.txt HTTP/1.1" 404 142 "-" "msnbot/2.0b (+http://search.msn.com/msnbot.htm)"
157.56.94.179 - - [12/Apr/2012:19:24:22 -0700] "GET /r/v9m HTTP/1.1" 404 142 "-" "msnbot/2.0b (+http://search.msn.com/msnbot.htm)"
157.56.94.179 - - [12/Apr/2012:19:24:23 -0700] "GET /r/vwi HTTP/1.1" 404 142 "-" "msnbot/2.0b (+http://search.msn.com/msnbot.htm)"
180.76.5.48 - - [12/Apr/2012:19:25:50 -0700] "GET /POSM/style.css HTTP/1.1" 200 1349 "-" "Mozilla/5.0 (compatible; Baiduspider/2.0; +http://www.baidu.com/search/spider.html)"
123.201.138.164 - - [12/Apr/2012:19:26:58 -0700] "-" 400 0 "-" "-"
123.201.138.164 - - [12/Apr/2012:19:26:58 -0700] "-" 400 0 "-" "-"
123.201.138.164 - - [12/Apr/2012:19:26:58 -0700] "-" 400 0 "-" "-"
123.201.138.164 - - [12/Apr/2012:19:26:58 -0700] "-" 400 0 "-" "-"
85.17.88.169 - - [12/Apr/2012:19:27:30 -0700] "POST /blog/wp-cron.php?doing_wp_cron=1334283708 HTTP/1.0" 499 0 "-" "WordPress/3.3.1; http://yuvi.in/blog"
77.20.4.67 - - [12/Apr/2012:19:27:31 -0700] "GET /blog/feed/atom/ HTTP/1.1" 200 24215 "-" "findlinks/2.0.2 (+http://wortschatz.uni-leipzig.de/findlinks/)"
66.249.71.101 - - [12/Apr/2012:19:28:03 -0700] "GET /chennai/stage/2777/ HTTP/1.1" 404 142 "-" "Mozilla/5.0 (compatible; Googlebot/2.1; +http://www.google.com/bot.html)"
71.202.188.217 - - [12/Apr/2012:19:28:52 -0700] "GET /r/1jro HTTP/1.0" 301 257 "-" "Lynx/2.8.7dev.11 libwww-FM/2.14 SSL-MM/1.4.1"
71.202.188.217 - - [12/Apr/2012:19:28:52 -0700] "GET /s/ta/1jro/ HTTP/1.0" 302 313 "-" "Lynx/2.8.7dev.11 libwww-FM/2.14 SSL-MM/1.4.1"
85.17.88.169 - - [12/Apr/2012:19:29:38 -0700] "POST /blog/wp-cron.php?doing_wp_cron=1334283836 HTTP/1.0" 499 0 "-" "WordPress/3.3.1; http://yuvi.in/blog"
115.252.5.59 - - [12/Apr/2012:19:29:38 -0700] "GET /blog/infosys-tcs-or-wipro-none/ HTTP/1.1" 200 7089 "http://www.google.co.in/url?sa=t&rct=j&q=join%20tcs%20infosys&source=web&cd=1&ved=0CDYQFjAA&url=http%3A%2F%2Fyuvi.in%2Fblog%2Finfosys-tcs-or-wipro-none%2F&ei=OI6HT_3YDoynrAfCg-GQBw&usg=AFQjCNFFymVRTHm740-I9A4VqJxKWQnZng&cad=rja" "Mozilla/5.0 (Windows NT 5.1) AppleWebKit/535.19 (KHTML, like Gecko) Chrome/18.0.1025.152 Safari/535.19"
115.252.5.59 - - [12/Apr/2012:19:29:39 -0700] "GET /blog/wp-content/themes/cleanr/style.css HTTP/1.1" 200 10508 "http://yuvi.in/blog/infosys-tcs-or-wipro-none/" "Mozilla/5.0 (Windows NT 5.1) AppleWebKit/535.19 (KHTML, like Gecko) Chrome/18.0.1025.152 Safari/535.19"
115.252.5.59 - - [12/Apr/2012:19:29:39 -0700] "GET /blog/wp-content/themes/cleanr/js/jquery.dropdown.js?ver=3.3.1 HTTP/1.1" 200 535 "http://yuvi.in/blog/infosys-tcs-or-wipro-none/" "Mozilla/5.0 (Windows NT 5.1) AppleWebKit/535.19 (KHTML, like Gecko) Chrome/18.0.1025.152 Safari/535.19"
115.252.5.59 - - [12/Apr/2012:19:29:40 -0700] "GET /blog/wp-content/themes/cleanr/css/reset.css HTTP/1.1" 200 648 "http://yuvi.in/blog/infosys-tcs-or-wipro-none/" "Mozilla/5.0 (Windows NT 5.1) AppleWebKit/535.19 (KHTML, like Gecko) Chrome/18.0.1025.152 Safari/535.19"
115.252.5.59 - - [12/Apr/2012:19:29:40 -0700] "GET /blog/wp-content/themes/cleanr/css/960.css HTTP/1.1" 200 3628 "http://yuvi.in/blog/infosys-tcs-or-wipro-none/" "Mozilla/5.0 (Windows NT 5.1) AppleWebKit/535.19 (KHTML, like Gecko) Chrome/18.0.1025.152 Safari/535.19"
115.252.5.59 - - [12/Apr/2012:19:29:40 -0700] "GET /blog/wp-content/themes/cleanr/css/text.css HTTP/1.1" 200 420 "http://yuvi.in/blog/infosys-tcs-or-wipro-none/" "Mozilla/5.0 (Windows NT 5.1) AppleWebKit/535.19 (KHTML, like Gecko) Chrome/18.0.1025.152 Safari/535.19"
115.252.5.59 - - [12/Apr/2012:19:29:42 -0700] "GET /blog/wp-includes/js/jquery/jquery.js?ver=1.7.1 HTTP/1.1" 200 93889 "http://yuvi.in/blog/infosys-tcs-or-wipro-none/" "Mozilla/5.0 (Windows NT 5.1) AppleWebKit/535.19 (KHTML, like Gecko) Chrome/18.0.1025.152 Safari/535.19"
115.252.5.59 - - [12/Apr/2012:19:29:43 -0700] "GET /blog/wp-content/themes/cleanr/images/search_magnifier.gif HTTP/1.1" 200 394 "http://yuvi.in/blog/infosys-tcs-or-wipro-none/" "Mozilla/5.0 (Windows NT 5.1) AppleWebKit/535.19 (KHTML, like Gecko) Chrome/18.0.1025.152 Safari/535.19"
115.252.5.59 - - [12/Apr/2012:19:29:44 -0700] "GET /blog/wp-content/themes/cleanr/images/arrow-down.gif HTTP/1.1" 200 823 "http://yuvi.in/blog/infosys-tcs-or-wipro-none/" "Mozilla/5.0 (Windows NT 5.1) AppleWebKit/535.19 (KHTML, like Gecko) Chrome/18.0.1025.152 Safari/535.19"
115.252.5.59 - - [12/Apr/2012:19:29:45 -0700] "GET /favicon.ico HTTP/1.1" 404 199 "-" "Mozilla/5.0 (Windows NT 5.1) AppleWebKit/535.19 (KHTML, like Gecko) Chrome/18.0.1025.152 Safari/535.19"
85.17.88.169 - - [12/Apr/2012:19:29:47 -0700] "POST /blog/wp-cron.php?doing_wp_cron=1334283845 HTTP/1.0" 499 0 "-" "WordPress/3.3.1; http://yuvi.in/blog"
115.252.5.59 - - [12/Apr/2012:19:29:48 -0700] "GET /blog/infosys-tcs-or-wipro-none/?cf_action=sync_comments&post_id=124 HTTP/1.1" 200 48 "http://yuvi.in/blog/infosys-tcs-or-wipro-none/" "Mozilla/5.0 (Windows NT 5.1) AppleWebKit/535.19 (KHTML, like Gecko) Chrome/18.0.1025.152 Safari/535.19"
141.0.9.176 - - [12/Apr/2012:19:30:19 -0700] "-" 400 0 "-" "-"
66.249.71.43 - - [12/Apr/2012:19:31:21 -0700] "GET / HTTP/1.1" 404 211 "-" "Mozilla/5.0 (iPhone; U; CPU iPhone OS 4_1 like Mac OS X; en-us) AppleWebKit/532.9 (KHTML, like Gecko) Version/4.0.5 Mobile/8B117 Safari/6531.22.7 (compatible; Googlebot-Mobile/2.1; +http://www.google.com/bot.html)"
209.85.144.94 - - [12/Apr/2012:19:31:43 -0700] "GET /stories/feed HTTP/1.1" 200 13653 "-" "FeedBurner/1.0 (http://www.FeedBurner.com)"
101.115.172.52 - - [12/Apr/2012:19:34:57 -0700] "GET /blog HTTP/1.1" 301 178 "-" "Mozilla/5.0 (Macintosh; U; Intel Mac OS X 10.6; en-US; rv:1.9.2.28) Gecko/20120306 Firefox/3.6.28"
85.17.88.169 - - [12/Apr/2012:19:35:02 -0700] "POST /blog/wp-cron.php?doing_wp_cron=1334284160 HTTP/1.0" 499 0 "-" "WordPress/3.3.1; http://yuvi.in/blog"
101.115.172.52 - - [12/Apr/2012:19:35:03 -0700] "GET /blog/ HTTP/1.1" 200 9194 "-" "Mozilla/5.0 (Macintosh; U; Intel Mac OS X 10.6; en-US; rv:1.9.2.28) Gecko/20120306 Firefox/3.6.28"
101.115.172.52 - - [12/Apr/2012:19:35:04 -0700] "GET /blog/wp-content/themes/cleanr/js/jquery.dropdown.js?ver=3.3.1 HTTP/1.1" 200 535 "http://yuvi.in/blog/" "Mozilla/5.0 (Macintosh; U; Intel Mac OS X 10.6; en-US; rv:1.9.2.28) Gecko/20120306 Firefox/3.6.28"
101.115.172.52 - - [12/Apr/2012:19:35:04 -0700] "GET /blog/wp-content/themes/cleanr/style.css HTTP/1.1" 200 10508 "http://yuvi.in/blog/" "Mozilla/5.0 (Macintosh; U; Intel Mac OS X 10.6; en-US; rv:1.9.2.28) Gecko/20120306 Firefox/3.6.28"
101.115.172.52 - - [12/Apr/2012:19:35:05 -0700] "GET /blog/wp-content/themes/cleanr/css/reset.css HTTP/1.1" 200 648 "http://yuvi.in/blog/wp-content/themes/cleanr/style.css" "Mozilla/5.0 (Macintosh; U; Intel Mac OS X 10.6; en-US; rv:1.9.2.28) Gecko/20120306 Firefox/3.6.28"
101.115.172.52 - - [12/Apr/2012:19:35:05 -0700] "GET /blog/wp-content/themes/cleanr/css/text.css HTTP/1.1" 200 420 "http://yuvi.in/blog/wp-content/themes/cleanr/style.css" "Mozilla/5.0 (Macintosh; U; Intel Mac OS X 10.6; en-US; rv:1.9.2.28) Gecko/20120306 Firefox/3.6.28"
101.115.172.52 - - [12/Apr/2012:19:35:05 -0700] "GET /blog/wp-content/themes/cleanr/css/960.css HTTP/1.1" 200 3628 "http://yuvi.in/blog/wp-content/themes/cleanr/style.css" "Mozilla/5.0 (Macintosh; U; Intel Mac OS X 10.6; en-US; rv:1.9.2.28) Gecko/20120306 Firefox/3.6.28"
101.115.172.52 - - [12/Apr/2012:19:35:06 -0700] "GET /blog/wp-includes/js/jquery/jquery.js?ver=1.7.1 HTTP/1.1" 200 93889 "http://yuvi.in/blog/" "Mozilla/5.0 (Macintosh; U; Intel Mac OS X 10.6; en-US; rv:1.9.2.28) Gecko/20120306 Firefox/3.6.28"
101.115.172.52 - - [12/Apr/2012:19:35:07 -0700] "GET /blog/wp-content/themes/cleanr/images/search_magnifier.gif HTTP/1.1" 200 394 "http://yuvi.in/blog/" "Mozilla/5.0 (Macintosh; U; Intel Mac OS X 10.6; en-US; rv:1.9.2.28) Gecko/20120306 Firefox/3.6.28"
101.115.172.52 - - [12/Apr/2012:19:35:09 -0700] "GET /favicon.ico HTTP/1.1" 404 142 "-" "Mozilla/5.0 (Macintosh; U; Intel Mac OS X 10.6; en-US; rv:1.9.2.28) Gecko/20120306 Firefox/3.6.28"
101.115.172.52 - - [12/Apr/2012:19:35:12 -0700] "GET /favicon.ico HTTP/1.1" 404 142 "-" "Mozilla/5.0 (Macintosh; U; Intel Mac OS X 10.6; en-US; rv:1.9.2.28) Gecko/20120306 Firefox/3.6.28"
166.147.112.141 - - [12/Apr/2012:19:35:48 -0700] "GET /favicon.ico HTTP/1.1" 404 142 "-" "Reeder/1.5.5 CFNetwork/548.1.4 Darwin/11.0.0"
85.17.88.169 - - [12/Apr/2012:19:36:56 -0700] "POST /blog/wp-cron.php?doing_wp_cron=1334284274 HTTP/1.0" 499 0 "-" "WordPress/3.3.1; http://yuvi.in/blog"
209.85.224.94 - - [12/Apr/2012:19:36:56 -0700] "GET /blog/feed HTTP/1.1" 304 0 "-" "FeedBurner/1.0 (http://www.FeedBurner.com)"
119.63.196.95 - - [12/Apr/2012:19:37:31 -0700] "GET / HTTP/1.1" 404 211 "-" "Mozilla/5.0 (compatible; Baiduspider/2.0; +http://www.baidu.com/search/spider.html)"
101.115.172.52 - - [12/Apr/2012:19:38:37 -0700] "GET / HTTP/1.1" 200 1430 "-" "Mozilla/5.0 (Macintosh; U; Intel Mac OS X 10.6; en-US; rv:1.9.2.28) Gecko/20120306 Firefox/3.6.28"
101.115.172.52 - - [12/Apr/2012:19:38:38 -0700] "GET /blueprint/screen.css HTTP/1.1" 200 12058 "http://yuvi.in/" "Mozilla/5.0 (Macintosh; U; Intel Mac OS X 10.6; en-US; rv:1.9.2.28) Gecko/20120306 Firefox/3.6.28"
101.115.172.52 - - [12/Apr/2012:19:38:38 -0700] "GET /blueprint/print.css HTTP/1.1" 200 1284 "http://yuvi.in/" "Mozilla/5.0 (Macintosh; U; Intel Mac OS X 10.6; en-US; rv:1.9.2.28) Gecko/20120306 Firefox/3.6.28"
101.115.172.52 - - [12/Apr/2012:19:38:38 -0700] "GET /header.png HTTP/1.1" 200 14249 "http://yuvi.in/" "Mozilla/5.0 (Macintosh; U; Intel Mac OS X 10.6; en-US; rv:1.9.2.28) Gecko/20120306 Firefox/3.6.28"
117.193.45.81 - - [12/Apr/2012:19:40:04 -0700] "-" 400 0 "-" "-"
71.202.188.217 - - [12/Apr/2012:19:41:29 -0700] "GET /r/1jro HTTP/1.0" 301 257 "-" "Mozilla/5.0 URL/Emacs (i686-pc-linux-gnu; TTY)"
71.202.188.217 - - [12/Apr/2012:19:41:29 -0700] "GET /s/ta/1jro/ HTTP/1.0" 302 313 "-" "Mozilla/5.0 URL/Emacs (i686-pc-linux-gnu; TTY)"
122.174.82.144 - - [12/Apr/2012:19:43:49 -0700] "-" 400 0 "-" "-"
67.215.230.27 - - [12/Apr/2012:19:47:04 -0700] "GET /robots.txt HTTP/1.0" 404 169 "-" "Setooz/Nutch-1.2 (http://www.setooz.com)"
67.215.230.27 - - [12/Apr/2012:19:47:04 -0700] "GET /stories HTTP/1.0" 301 185 "-" "Setooz/Nutch-1.2 (http://www.setooz.com)"
67.215.230.27 - - [12/Apr/2012:19:47:05 -0700] "GET /robots.txt HTTP/1.0" 404 169 "-" "Setooz/Nutch-1.2 (http://www.setooz.com)"
67.215.230.27 - - [12/Apr/2012:19:47:05 -0700] "GET / HTTP/1.0" 200 3439 "-" "Setooz/Nutch-1.2 (http://www.setooz.com)"
85.17.88.169 - - [12/Apr/2012:19:47:22 -0700] "POST /blog/wp-cron.php?doing_wp_cron=1334284899 HTTP/1.0" 499 0 "-" "WordPress/3.3.1; http://yuvi.in/blog"
100.43.83.144 - - [12/Apr/2012:19:47:22 -0700] "GET /blog/2011/05/ HTTP/1.1" 200 8920 "-" "Mozilla/5.0 (compatible; YandexBot/3.0; +http://yandex.com/bots)"
66.249.71.43 - - [12/Apr/2012:19:49:24 -0700] "GET /r/1z64 HTTP/1.1" 301 257 "-" "Mozilla/5.0 (compatible; Googlebot/2.1; +http://www.google.com/bot.html)"
66.249.71.43 - - [12/Apr/2012:19:49:25 -0700] "GET /s/ta/1z64/ HTTP/1.1" 302 557 "-" "Mozilla/5.0 (compatible; Googlebot/2.1; +http://www.google.com/bot.html)"
208.115.113.84 - - [12/Apr/2012:19:49:38 -0700] "GET /robots.txt HTTP/1.1" 404 169 "-" "Mozilla/5.0 (compatible; Ezooms/1.0; ezooms.bot@gmail.com)"
66.249.71.101 - - [12/Apr/2012:19:50:47 -0700] "GET /chennai/stage/2778/ HTTP/1.1" 404 142 "-" "Mozilla/5.0 (compatible; Googlebot/2.1; +http://www.google.com/bot.html)"
66.249.71.101 - - [12/Apr/2012:19:55:21 -0700] "GET /chennai/stage/2780/ HTTP/1.1" 404 142 "-" "Mozilla/5.0 (compatible; Googlebot/2.1; +http://www.google.com/bot.html)"
59.92.93.41 - - [12/Apr/2012:19:57:25 -0700] "-" 400 0 "-" "-"
85.17.88.169 - - [12/Apr/2012:19:58:07 -0700] "POST /blog/wp-cron.php?doing_wp_cron=1334285544 HTTP/1.0" 499 0 "-" "WordPress/3.3.1; http://yuvi.in/blog"
72.14.199.121 - - [12/Apr/2012:19:58:07 -0700] "GET /blog/feed/ HTTP/1.1" 304 0 "-" "Feedfetcher-Google; (+http://www.google.com/feedfetcher.html; 19 subscribers; feed-id=15064232456473204253)"
66.220.149.250 - - [12/Apr/2012:20:00:12 -0700] "GET /r/39d HTTP/1.1" 301 255 "-" "facebookexternalhit/1.1 (+http://www.facebook.com/externalhit_uatext.php)"
66.220.149.251 - - [12/Apr/2012:20:00:12 -0700] "GET /s/ta/39d/ HTTP/1.1" 302 325 "-" "facebookexternalhit/1.1 (+http://www.facebook.com/externalhit_uatext.php)"
14.96.19.97 - - [12/Apr/2012:20:06:20 -0700] "-" 400 0 "-" "-"
85.17.88.169 - - [12/Apr/2012:20:07:03 -0700] "POST /blog/wp-cron.php?doing_wp_cron=1334286080 HTTP/1.0" 499 0 "-" "WordPress/3.3.1; http://yuvi.in/blog"
209.85.224.80 - - [12/Apr/2012:20:07:03 -0700] "GET /blog/feed HTTP/1.1" 304 0 "-" "FeedBurner/1.0 (http://www.FeedBurner.com)"
150.70.172.109 - - [12/Apr/2012:20:07:59 -0700] "GET /favicon.ico HTTP/1.0" 404 571 "-" "Mozilla/4.0 (compatible; MSIE 6.0; Windows NT 5.1)"
66.249.71.101 - - [12/Apr/2012:20:09:05 -0700] "GET /chennai/ HTTP/1.1" 404 142 "-" "Mozilla/5.0 (compatible; Googlebot/2.1; +http://www.google.com/bot.html)"
117.244.21.216 - - [12/Apr/2012:20:09:37 -0700] "-" 400 0 "-" "-"
157.56.94.179 - - [12/Apr/2012:20:12:35 -0700] "GET /r/33y0 HTTP/1.1" 404 142 "-" "msnbot/2.0b (+http://search.msn.com/msnbot.htm)"
85.17.88.169 - - [12/Apr/2012:20:14:19 -0700] "POST /blog/wp-cron.php?doing_wp_cron=1334286517 HTTP/1.0" 499 0 "-" "WordPress/3.3.1; http://yuvi.in/blog"
65.52.110.147 - - [12/Apr/2012:20:14:20 -0700] "GET /blog/category/so-called-it/ HTTP/1.1" 200 12881 "-" "Mozilla/5.0 (compatible; bingbot/2.0; +http://www.bing.com/bingbot.htm)"
69.171.228.251 - - [12/Apr/2012:20:15:10 -0700] "GET /r/eya HTTP/1.1" 301 255 "-" "facebookexternalhit/1.1 (+http://www.facebook.com/externalhit_uatext.php)"
69.171.228.251 - - [12/Apr/2012:20:15:10 -0700] "GET /s/ta/eya/ HTTP/1.1" 302 401 "-" "facebookexternalhit/1.1 (+http://www.facebook.com/externalhit_uatext.php)"
123.236.73.121 - - [12/Apr/2012:20:15:11 -0700] "-" 400 0 "-" "-"
123.236.73.121 - - [12/Apr/2012:20:15:11 -0700] "-" 400 0 "-" "-"
123.236.73.121 - - [12/Apr/2012:20:15:11 -0700] "-" 400 0 "-" "-"
123.236.73.121 - - [12/Apr/2012:20:15:41 -0700] "-" 400 0 "-" "-"
65.52.111.245 - - [12/Apr/2012:20:17:06 -0700] "-" 400 0 "-" "-"
65.52.111.245 - - [12/Apr/2012:20:17:06 -0700] "-" 400 0 "-" "-"
