180.151.40.138 - - [10/Apr/2012:06:25:09 -0700] "-" 400 0 "-" "-"
209.85.238.112 - - [10/Apr/2012:06:25:34 -0700] "GET /blog/feed HTTP/1.1" 301 0 "-" "Feedfetcher-Google; (+http://www.google.com/feedfetcher.html; 3 subscribers; feed-id=17684830852112633560)"
85.17.88.169 - - [10/Apr/2012:06:25:34 -0700] "POST /blog/wp-cron.php?doing_wp_cron=1334064012 HTTP/1.0" 499 0 "-" "WordPress/3.3.1; http://yuvi.in/blog"
85.17.88.169 - - [10/Apr/2012:06:25:36 -0700] "POST /blog/wp-cron.php?doing_wp_cron=1334064014 HTTP/1.0" 499 0 "-" "WordPress/3.3.1; http://yuvi.in/blog"
209.85.238.112 - - [10/Apr/2012:06:25:38 -0700] "GET /blog/feed/ HTTP/1.1" 502 682 "-" "Feedfetcher-Google; (+http://www.google.com/feedfetcher.html; 3 subscribers; feed-id=17684830852112633560)"
85.17.88.169 - - [10/Apr/2012:06:25:43 -0700] "POST /blog/wp-cron.php?doing_wp_cron=1334064021 HTTP/1.0" 200 0 "-" "WordPress/3.3.1; http://yuvi.in/blog"
65.52.109.152 - - [10/Apr/2012:06:25:45 -0700] "GET /blog/trip-to-kerala/ HTTP/1.1" 200 4694 "-" "Mozilla/5.0 (compatible; bingbot/2.0; +http://www.bing.com/bingbot.htm)"
209.85.238.112 - - [10/Apr/2012:06:25:50 -0700] "GET /blog/feed/ HTTP/1.1" 200 6692 "-" "Feedfetcher-Google; (+http://www.google.com/feedfetcher.html; 19 subscribers; feed-id=15064232456473204253)"
115.242.200.207 - - [10/Apr/2012:06:25:52 -0700] "GET / HTTP/1.1" 200 1430 "http://www.google.co.in/url?sa=t&rct=j&q=yuvi%20pandiyan&source=web&cd=3&ved=0CDMQFjAC&url=http%3A%2F%2Fyuvi.in%2F&ei=jDOET43vKsuCrQfRsszEBA&usg=AFQjCNGCp_KinRzG9gFsQqxb60Cy8lsxnA" "Mozilla/5.0 (Windows NT 6.1) AppleWebKit/536.5 (KHTML, like Gecko) Chrome/19.0.1084.15 Safari/536.5"
115.242.200.207 - - [10/Apr/2012:06:25:54 -0700] "GET /blueprint/screen.css HTTP/1.1" 200 12058 "http://yuvi.in/" "Mozilla/5.0 (Windows NT 6.1) AppleWebKit/536.5 (KHTML, like Gecko) Chrome/19.0.1084.15 Safari/536.5"
115.242.200.207 - - [10/Apr/2012:06:25:58 -0700] "GET /blueprint/print.css HTTP/1.1" 200 1284 "http://yuvi.in/" "Mozilla/5.0 (Windows NT 6.1) AppleWebKit/536.5 (KHTML, like Gecko) Chrome/19.0.1084.15 Safari/536.5"
115.242.200.207 - - [10/Apr/2012:06:25:58 -0700] "GET /header.png HTTP/1.1" 200 14249 "http://yuvi.in/" "Mozilla/5.0 (Windows NT 6.1) AppleWebKit/536.5 (KHTML, like Gecko) Chrome/19.0.1084.15 Safari/536.5"
115.242.200.207 - - [10/Apr/2012:06:26:03 -0700] "GET /favicon.ico HTTP/1.1" 404 199 "-" "Mozilla/5.0 (Windows NT 6.1) AppleWebKit/536.5 (KHTML, like Gecko) Chrome/19.0.1084.15 Safari/536.5"
115.242.200.207 - - [10/Apr/2012:06:27:08 -0700] "GET /blog HTTP/1.1" 301 178 "http://yuvi.in/" "Mozilla/5.0 (Windows NT 6.1) AppleWebKit/536.5 (KHTML, like Gecko) Chrome/19.0.1084.15 Safari/536.5"
115.242.200.207 - - [10/Apr/2012:06:27:12 -0700] "GET /blog/ HTTP/1.1" 200 9194 "http://yuvi.in/" "Mozilla/5.0 (Windows NT 6.1) AppleWebKit/536.5 (KHTML, like Gecko) Chrome/19.0.1084.15 Safari/536.5"
115.242.200.207 - - [10/Apr/2012:06:27:16 -0700] "GET /blog/wp-content/themes/cleanr/style.css HTTP/1.1" 200 10508 "http://yuvi.in/blog/" "Mozilla/5.0 (Windows NT 6.1) AppleWebKit/536.5 (KHTML, like Gecko) Chrome/19.0.1084.15 Safari/536.5"
115.242.200.207 - - [10/Apr/2012:06:27:16 -0700] "GET /blog/wp-content/themes/cleanr/js/jquery.dropdown.js?ver=3.3.1 HTTP/1.1" 200 535 "http://yuvi.in/blog/" "Mozilla/5.0 (Windows NT 6.1) AppleWebKit/536.5 (KHTML, like Gecko) Chrome/19.0.1084.15 Safari/536.5"
180.151.40.138 - - [10/Apr/2012:06:27:18 -0700] "GET /AssessmentBar/r/Unassessed_India_articles/ HTTP/1.1" 302 275 "http://en.wikipedia.org/wiki/Aakash_(tablet)" "Mozilla/5.0 (Windows NT 5.1; rv:11.0) Gecko/20100101 Firefox/11.0"
115.242.200.207 - - [10/Apr/2012:06:27:18 -0700] "GET /blog/wp-content/themes/cleanr/css/reset.css HTTP/1.1" 200 648 "http://yuvi.in/blog/" "Mozilla/5.0 (Windows NT 6.1) AppleWebKit/536.5 (KHTML, like Gecko) Chrome/19.0.1084.15 Safari/536.5"
115.242.200.207 - - [10/Apr/2012:06:27:18 -0700] "GET /blog/wp-content/themes/cleanr/css/text.css HTTP/1.1" 200 420 "http://yuvi.in/blog/" "Mozilla/5.0 (Windows NT 6.1) AppleWebKit/536.5 (KHTML, like Gecko) Chrome/19.0.1084.15 Safari/536.5"
115.242.200.207 - - [10/Apr/2012:06:27:18 -0700] "GET /blog/wp-content/themes/cleanr/css/960.css HTTP/1.1" 200 3628 "http://yuvi.in/blog/" "Mozilla/5.0 (Windows NT 6.1) AppleWebKit/536.5 (KHTML, like Gecko) Chrome/19.0.1084.15 Safari/536.5"
180.151.40.138 - - [10/Apr/2012:06:27:23 -0700] "GET /AssessmentBar/r/Unassessed_India_articles/ HTTP/1.1" 302 287 "http://en.wikipedia.org/wiki/Kovilpathu" "Mozilla/5.0 (Windows NT 5.1; rv:11.0) Gecko/20100101 Firefox/11.0"
115.242.200.207 - - [10/Apr/2012:06:27:23 -0700] "GET /blog/wp-includes/js/jquery/jquery.js?ver=1.7.1 HTTP/1.1" 200 93889 "http://yuvi.in/blog/" "Mozilla/5.0 (Windows NT 6.1) AppleWebKit/536.5 (KHTML, like Gecko) Chrome/19.0.1084.15 Safari/536.5"
180.151.40.138 - - [10/Apr/2012:06:27:23 -0700] "-" 400 0 "-" "-"
115.242.200.207 - - [10/Apr/2012:06:27:27 -0700] "GET /blog/wp-content/themes/cleanr/images/search_magnifier.gif HTTP/1.1" 200 394 "http://yuvi.in/blog/" "Mozilla/5.0 (Windows NT 6.1) AppleWebKit/536.5 (KHTML, like Gecko) Chrome/19.0.1084.15 Safari/536.5"
115.242.200.207 - - [10/Apr/2012:06:27:29 -0700] "GET /favicon.ico HTTP/1.1" 404 199 "-" "Mozilla/5.0 (Windows NT 6.1) AppleWebKit/536.5 (KHTML, like Gecko) Chrome/19.0.1084.15 Safari/536.5"
180.151.40.138 - - [10/Apr/2012:06:27:31 -0700] "GET /AssessmentBar/r/Unassessed_India_articles/ HTTP/1.1" 302 277 "http://en.wikipedia.org/wiki/Ekasarana_Dharma" "Mozilla/5.0 (Windows NT 5.1; rv:11.0) Gecko/20100101 Firefox/11.0"
180.151.40.138 - - [10/Apr/2012:06:27:35 -0700] "GET /AssessmentBar/r/Unassessed_India_articles/ HTTP/1.1" 302 319 "http://en.wikipedia.org/wiki/Changtongya" "Mozilla/5.0 (Windows NT 5.1; rv:11.0) Gecko/20100101 Firefox/11.0"
180.151.40.138 - - [10/Apr/2012:06:27:42 -0700] "GET /AssessmentBar/r/Unassessed_India_articles/ HTTP/1.1" 302 285 "http://en.wikipedia.org/wiki/Kamboj_in_Muslim_and_British_Era" "Mozilla/5.0 (Windows NT 5.1; rv:11.0) Gecko/20100101 Firefox/11.0"
180.151.40.138 - - [10/Apr/2012:06:28:20 -0700] "GET /AssessmentBar/r/Unassessed_India_articles/ HTTP/1.1" 302 281 "http://en.wikipedia.org/wiki/Kastaharni_Ghat" "Mozilla/5.0 (Windows NT 5.1; rv:11.0) Gecko/20100101 Firefox/11.0"
85.17.88.169 - - [10/Apr/2012:06:28:25 -0700] "POST /blog/wp-cron.php?doing_wp_cron=1334064183 HTTP/1.0" 499 0 "-" "WordPress/3.3.1; http://yuvi.in/blog"
115.242.200.207 - - [10/Apr/2012:06:28:25 -0700] "GET /blog/category/code/ HTTP/1.1" 200 11068 "http://yuvi.in/blog/" "Mozilla/5.0 (Windows NT 6.1) AppleWebKit/536.5 (KHTML, like Gecko) Chrome/19.0.1084.15 Safari/536.5"
180.151.40.138 - - [10/Apr/2012:06:28:27 -0700] "GET /AssessmentBar/r/Unassessed_India_articles/ HTTP/1.1" 302 279 "http://en.wikipedia.org/wiki/Bagra_(caste)" "Mozilla/5.0 (Windows NT 5.1; rv:11.0) Gecko/20100101 Firefox/11.0"
180.151.40.138 - - [10/Apr/2012:06:28:33 -0700] "GET /AssessmentBar/r/Unassessed_India_articles/ HTTP/1.1" 302 315 "http://en.wikipedia.org/wiki/Kannyar_Kali" "Mozilla/5.0 (Windows NT 5.1; rv:11.0) Gecko/20100101 Firefox/11.0"
115.242.200.207 - - [10/Apr/2012:06:28:37 -0700] "GET /favicon.ico HTTP/1.1" 404 199 "-" "Mozilla/5.0 (Windows NT 6.1) AppleWebKit/536.5 (KHTML, like Gecko) Chrome/19.0.1084.15 Safari/536.5"
115.242.200.207 - - [10/Apr/2012:06:28:37 -0700] "-" 400 0 "-" "-"
161.53.248.222 - - [10/Apr/2012:06:29:06 -0700] "GET /POSM HTTP/1.1" 301 185 "http://www.google.com/url?sa=D&q=http://yuvi.in/POSM&usg=AFQjCNFgzJP1noBGX3zec1s6S8sFE_Km4A" "Mozilla/5.0 (Windows NT 6.1; rv:11.0) Gecko/20100101 Firefox/11.0"
161.53.248.222 - - [10/Apr/2012:06:29:06 -0700] "GET /POSM/ HTTP/1.1" 200 1963 "http://www.google.com/url?sa=D&q=http://yuvi.in/POSM&usg=AFQjCNFgzJP1noBGX3zec1s6S8sFE_Km4A" "Mozilla/5.0 (Windows NT 6.1; rv:11.0) Gecko/20100101 Firefox/11.0"
161.53.248.222 - - [10/Apr/2012:06:29:06 -0700] "GET /POSM/creds.js HTTP/1.1" 200 89 "http://yuvi.in/POSM/" "Mozilla/5.0 (Windows NT 6.1; rv:11.0) Gecko/20100101 Firefox/11.0"
161.53.248.222 - - [10/Apr/2012:06:29:07 -0700] "GET /POSM/lib/jquery.mobile.structure-1.0.1.css HTTP/1.1" 200 32452 "http://yuvi.in/POSM/" "Mozilla/5.0 (Windows NT 6.1; rv:11.0) Gecko/20100101 Firefox/11.0"
161.53.248.222 - - [10/Apr/2012:06:29:07 -0700] "GET /POSM/lib/underscore.js HTTP/1.1" 200 35168 "http://yuvi.in/POSM/" "Mozilla/5.0 (Windows NT 6.1; rv:11.0) Gecko/20100101 Firefox/11.0"
161.53.248.222 - - [10/Apr/2012:06:29:07 -0700] "GET /POSM/lib/jquery.timeago.js HTTP/1.1" 200 4491 "http://yuvi.in/POSM/" "Mozilla/5.0 (Windows NT 6.1; rv:11.0) Gecko/20100101 Firefox/11.0"
161.53.248.222 - - [10/Apr/2012:06:29:07 -0700] "GET /POSM/lib/templates.js HTTP/1.1" 200 426 "http://yuvi.in/POSM/" "Mozilla/5.0 (Windows NT 6.1; rv:11.0) Gecko/20100101 Firefox/11.0"
161.53.248.222 - - [10/Apr/2012:06:29:07 -0700] "GET /POSM/js/tapbar.js HTTP/1.1" 200 881 "http://yuvi.in/POSM/" "Mozilla/5.0 (Windows NT 6.1; rv:11.0) Gecko/20100101 Firefox/11.0"
161.53.248.222 - - [10/Apr/2012:06:29:07 -0700] "GET /POSM/lib/leaflet/leaflet.css HTTP/1.1" 200 6437 "http://yuvi.in/POSM/" "Mozilla/5.0 (Windows NT 6.1; rv:11.0) Gecko/20100101 Firefox/11.0"
161.53.248.222 - - [10/Apr/2012:06:29:07 -0700] "GET /POSM/zoomData.js HTTP/1.1" 200 1573 "http://yuvi.in/POSM/" "Mozilla/5.0 (Windows NT 6.1; rv:11.0) Gecko/20100101 Firefox/11.0"
161.53.248.222 - - [10/Apr/2012:06:29:07 -0700] "GET /POSM/style.css HTTP/1.1" 200 1349 "http://yuvi.in/POSM/" "Mozilla/5.0 (Windows NT 6.1; rv:11.0) Gecko/20100101 Firefox/11.0"
161.53.248.222 - - [10/Apr/2012:06:29:07 -0700] "GET /POSM/lib/phonegap.js HTTP/1.1" 200 144879 "http://yuvi.in/POSM/" "Mozilla/5.0 (Windows NT 6.1; rv:11.0) Gecko/20100101 Firefox/11.0"
161.53.248.222 - - [10/Apr/2012:06:29:07 -0700] "GET /POSM/lib/jquery.mobile-1.0.1.css HTTP/1.1" 200 83437 "http://yuvi.in/POSM/" "Mozilla/5.0 (Windows NT 6.1; rv:11.0) Gecko/20100101 Firefox/11.0"
161.53.248.222 - - [10/Apr/2012:06:29:07 -0700] "GET /POSM/lib/TileLayer.Bing.js HTTP/1.1" 200 5317 "http://yuvi.in/POSM/" "Mozilla/5.0 (Windows NT 6.1; rv:11.0) Gecko/20100101 Firefox/11.0"
161.53.248.222 - - [10/Apr/2012:06:29:07 -0700] "GET /POSM/js/poi.js HTTP/1.1" 200 2031 "http://yuvi.in/POSM/" "Mozilla/5.0 (Windows NT 6.1; rv:11.0) Gecko/20100101 Firefox/11.0"
161.53.248.222 - - [10/Apr/2012:06:29:07 -0700] "GET /POSM/js/poimanager.js HTTP/1.1" 200 9309 "http://yuvi.in/POSM/" "Mozilla/5.0 (Windows NT 6.1; rv:11.0) Gecko/20100101 Firefox/11.0"
161.53.248.222 - - [10/Apr/2012:06:29:07 -0700] "GET /POSM/js/curpos.js HTTP/1.1" 200 1793 "http://yuvi.in/POSM/" "Mozilla/5.0 (Windows NT 6.1; rv:11.0) Gecko/20100101 Firefox/11.0"
161.53.248.222 - - [10/Apr/2012:06:29:07 -0700] "GET /POSM/js/changesets.js HTTP/1.1" 200 1226 "http://yuvi.in/POSM/" "Mozilla/5.0 (Windows NT 6.1; rv:11.0) Gecko/20100101 Firefox/11.0"
161.53.248.222 - - [10/Apr/2012:06:29:07 -0700] "GET /POSM/js/main.js HTTP/1.1" 200 9616 "http://yuvi.in/POSM/" "Mozilla/5.0 (Windows NT 6.1; rv:11.0) Gecko/20100101 Firefox/11.0"
161.53.248.222 - - [10/Apr/2012:06:29:07 -0700] "GET /POSM/img/mapmode.png HTTP/1.1" 200 1168 "http://yuvi.in/POSM/" "Mozilla/5.0 (Windows NT 6.1; rv:11.0) Gecko/20100101 Firefox/11.0"
161.53.248.222 - - [10/Apr/2012:06:29:07 -0700] "GET /POSM/img/preferences.png HTTP/1.1" 200 748 "http://yuvi.in/POSM/" "Mozilla/5.0 (Windows NT 6.1; rv:11.0) Gecko/20100101 Firefox/11.0"
161.53.248.222 - - [10/Apr/2012:06:29:07 -0700] "GET /POSM/lib/jquery-1.7.1.min.js HTTP/1.1" 200 93868 "http://yuvi.in/POSM/" "Mozilla/5.0 (Windows NT 6.1; rv:11.0) Gecko/20100101 Firefox/11.0"
161.53.248.222 - - [10/Apr/2012:06:29:07 -0700] "GET /POSM/img/mylocation.png HTTP/1.1" 200 803 "http://yuvi.in/POSM/" "Mozilla/5.0 (Windows NT 6.1; rv:11.0) Gecko/20100101 Firefox/11.0"
161.53.248.222 - - [10/Apr/2012:06:29:07 -0700] "GET /POSM/img/back.png HTTP/1.1" 200 420 "http://yuvi.in/POSM/" "Mozilla/5.0 (Windows NT 6.1; rv:11.0) Gecko/20100101 Firefox/11.0"
161.53.248.222 - - [10/Apr/2012:06:29:08 -0700] "GET /POSM/lib/leaflet/leaflet-src.js HTTP/1.1" 200 133300 "http://yuvi.in/POSM/" "Mozilla/5.0 (Windows NT 6.1; rv:11.0) Gecko/20100101 Firefox/11.0"
161.53.248.222 - - [10/Apr/2012:06:29:08 -0700] "GET /POSM/img/refresh.png HTTP/1.1" 200 868 "http://yuvi.in/POSM/" "Mozilla/5.0 (Windows NT 6.1; rv:11.0) Gecko/20100101 Firefox/11.0"
161.53.248.222 - - [10/Apr/2012:06:29:08 -0700] "GET /POSM/img/save.png HTTP/1.1" 404 142 "http://yuvi.in/POSM/" "Mozilla/5.0 (Windows NT 6.1; rv:11.0) Gecko/20100101 Firefox/11.0"
161.53.248.222 - - [10/Apr/2012:06:29:08 -0700] "GET /POSM/lib/jquery.mobile-1.0.1.js HTTP/1.1" 200 221124 "http://yuvi.in/POSM/" "Mozilla/5.0 (Windows NT 6.1; rv:11.0) Gecko/20100101 Firefox/11.0"
161.53.248.222 - - [10/Apr/2012:06:29:09 -0700] "GET /POSM/img/save.png HTTP/1.1" 404 142 "http://yuvi.in/POSM/" "Mozilla/5.0 (Windows NT 6.1; rv:11.0) Gecko/20100101 Firefox/11.0"
161.53.248.222 - - [10/Apr/2012:06:29:09 -0700] "GET /POSM/lib/images/ajax-loader.png HTTP/1.1" 200 366 "http://yuvi.in/POSM/lib/jquery.mobile-1.0.1.css" "Mozilla/5.0 (Windows NT 6.1; rv:11.0) Gecko/20100101 Firefox/11.0"
161.53.248.222 - - [10/Apr/2012:06:29:09 -0700] "GET /POSM/lib/leaflet/images/zoom-in.png HTTP/1.1" 200 963 "http://yuvi.in/POSM/lib/leaflet/leaflet.css" "Mozilla/5.0 (Windows NT 6.1; rv:11.0) Gecko/20100101 Firefox/11.0"
161.53.248.222 - - [10/Apr/2012:06:29:09 -0700] "GET /POSM/lib/leaflet/images/zoom-out.png HTTP/1.1" 200 959 "http://yuvi.in/POSM/lib/leaflet/leaflet.css" "Mozilla/5.0 (Windows NT 6.1; rv:11.0) Gecko/20100101 Firefox/11.0"
161.53.248.222 - - [10/Apr/2012:06:29:09 -0700] "GET /favicon.ico HTTP/1.1" 404 142 "-" "Mozilla/5.0 (Windows NT 6.1; rv:11.0) Gecko/20100101 Firefox/11.0"
161.53.248.222 - - [10/Apr/2012:06:29:09 -0700] "GET /favicon.ico HTTP/1.1" 404 142 "-" "Mozilla/5.0 (Windows NT 6.1; rv:11.0) Gecko/20100101 Firefox/11.0"
161.53.248.222 - - [10/Apr/2012:06:29:10 -0700] "GET /favicon.ico HTTP/1.1" 404 142 "-" "Mozilla/5.0 (Windows NT 6.1; rv:11.0) Gecko/20100101 Firefox/11.0"
180.151.40.138 - - [10/Apr/2012:06:29:12 -0700] "GET /AssessmentBar/r/Unassessed_India_articles/ HTTP/1.1" 302 279 "http://en.wikipedia.org/wiki/Kendriya_Vidyalaya_Ganeshkhind" "Mozilla/5.0 (Windows NT 5.1; rv:11.0) Gecko/20100101 Firefox/11.0"
115.242.200.207 - - [10/Apr/2012:06:29:46 -0700] "-" 400 0 "-" "-"
115.242.200.207 - - [10/Apr/2012:06:29:47 -0700] "-" 400 0 "-" "-"
141.0.9.166 - - [10/Apr/2012:06:30:18 -0700] "GET / HTTP/1.1" 200 1430 "-" "Opera/9.80 (J2ME/MIDP; Opera Mini/4.1.13907/27.1407; U; en) Presto/2.8.119 Version/11.10"
141.0.9.166 - - [10/Apr/2012:06:30:18 -0700] "GET /blueprint/screen.css HTTP/1.1" 200 12058 "http://yuvi.in/" "Opera/9.80 (J2ME/MIDP; Opera Mini/4.1.13907/27.1407; U; en) Presto/2.8.119 Version/11.10"
141.0.9.166 - - [10/Apr/2012:06:30:18 -0700] "GET /blueprint/print.css HTTP/1.1" 200 1284 "http://yuvi.in/" "Opera/9.80 (J2ME/MIDP; Opera Mini/4.1.13907/27.1407; U; en) Presto/2.8.119 Version/11.10"
141.0.9.166 - - [10/Apr/2012:06:30:18 -0700] "GET /favicon.ico HTTP/1.1" 404 142 "http://yuvi.in/" "Opera/9.80 (J2ME/MIDP; Opera Mini/4.1.13907/27.1407; U; en) Presto/2.8.119 Version/11.10"
141.0.9.166 - - [10/Apr/2012:06:30:18 -0700] "GET /header.png HTTP/1.1" 200 14249 "http://yuvi.in/" "Opera/9.80 (J2ME/MIDP; Opera Mini/4.1.13907/27.1407; U; en) Presto/2.8.119 Version/11.10"
184.191.224.10 - - [10/Apr/2012:06:30:41 -0700] "GET / HTTP/1.1" 200 1430 "-" "Caffeinated/1.1.1 CFNetwork/520.3.2 Darwin/11.3.0 (x86_64) (MacBookPro8%2C1)"
184.191.224.10 - - [10/Apr/2012:06:30:41 -0700] "GET /favicon.ico HTTP/1.1" 404 142 "-" "Caffeinated/1.1.1 CFNetwork/520.3.2 Darwin/11.3.0 (x86_64) (MacBookPro8%2C1)"
184.191.224.10 - - [10/Apr/2012:06:31:37 -0700] "GET / HTTP/1.1" 200 1430 "-" "Caffeinated/1.1.1 CFNetwork/520.3.2 Darwin/11.3.0 (x86_64) (MacBookPro8%2C1)"
184.191.224.10 - - [10/Apr/2012:06:31:37 -0700] "GET /favicon.ico HTTP/1.1" 404 142 "-" "Caffeinated/1.1.1 CFNetwork/520.3.2 Darwin/11.3.0 (x86_64) (MacBookPro8%2C1)"
106.208.92.125 - - [10/Apr/2012:06:31:40 -0700] "GET /AssessmentBar/r/Unassessed_India_articles/ HTTP/1.1" 302 285 "http://en.wikipedia.org/wiki/1987_Cricket_World_Cup" "Mozilla/5.0 (Windows NT 5.1) AppleWebKit/535.11 (KHTML, like Gecko) Chrome/17.0.963.56 Safari/535.11"
106.208.92.125 - - [10/Apr/2012:06:31:51 -0700] "-" 400 0 "-" "-"
184.191.224.10 - - [10/Apr/2012:06:31:58 -0700] "GET / HTTP/1.1" 200 1430 "-" "Caffeinated/1.1.1 CFNetwork/520.3.2 Darwin/11.3.0 (x86_64) (MacBookPro8%2C1)"
184.191.224.10 - - [10/Apr/2012:06:31:58 -0700] "GET /favicon.ico HTTP/1.1" 404 142 "-" "Caffeinated/1.1.1 CFNetwork/520.3.2 Darwin/11.3.0 (x86_64) (MacBookPro8%2C1)"
122.164.175.189 - - [10/Apr/2012:06:32:22 -0700] "GET /r/t99 HTTP/1.1" 301 255 "http://wikimapia.org/21506692/chenjji-senji-%E0%AE%9A%E0%AF%86%E0%AE%9E%E0%AF%8D%E0%AE%9A%E0%AE%BF" "Mozilla/4.0 (compatible; MSIE 8.0; Windows NT 5.1; Trident/4.0; InfoPath.2)"
122.164.175.189 - - [10/Apr/2012:06:32:22 -0700] "GET /s/ta/t99/ HTTP/1.1" 302 437 "http://wikimapia.org/21506692/chenjji-senji-%E0%AE%9A%E0%AF%86%E0%AE%9E%E0%AF%8D%E0%AE%9A%E0%AE%BF" "Mozilla/4.0 (compatible; MSIE 8.0; Windows NT 5.1; Trident/4.0; InfoPath.2)"
115.242.200.207 - - [10/Apr/2012:06:32:57 -0700] "-" 400 0 "-" "-"
115.242.200.207 - - [10/Apr/2012:06:32:57 -0700] "-" 400 0 "-" "-"
115.242.200.207 - - [10/Apr/2012:06:32:57 -0700] "-" 400 0 "-" "-"
184.191.224.10 - - [10/Apr/2012:06:32:57 -0700] "GET / HTTP/1.1" 200 1430 "-" "Caffeinated/1.1.1 CFNetwork/520.3.2 Darwin/11.3.0 (x86_64) (MacBookPro8%2C1)"
184.191.224.10 - - [10/Apr/2012:06:32:57 -0700] "GET /favicon.ico HTTP/1.1" 404 142 "-" "Caffeinated/1.1.1 CFNetwork/520.3.2 Darwin/11.3.0 (x86_64) (MacBookPro8%2C1)"
184.191.224.10 - - [10/Apr/2012:06:33:16 -0700] "GET / HTTP/1.1" 200 1430 "-" "Caffeinated/1.1.1 CFNetwork/520.3.2 Darwin/11.3.0 (x86_64) (MacBookPro8%2C1)"
184.191.224.10 - - [10/Apr/2012:06:33:16 -0700] "GET /favicon.ico HTTP/1.1" 404 142 "-" "Caffeinated/1.1.1 CFNetwork/520.3.2 Darwin/11.3.0 (x86_64) (MacBookPro8%2C1)"
106.208.92.125 - - [10/Apr/2012:06:33:43 -0700] "GET /AssessmentBar/r/Unassessed_India_articles/ HTTP/1.1" 302 321 "http://en.wikipedia.org/wiki/Mohammad_Baluch" "Mozilla/5.0 (Windows NT 5.1) AppleWebKit/535.11 (KHTML, like Gecko) Chrome/17.0.963.56 Safari/535.11"
106.208.92.125 - - [10/Apr/2012:06:34:01 -0700] "-" 400 0 "-" "-"
184.191.224.10 - - [10/Apr/2012:06:34:15 -0700] "GET / HTTP/1.1" 200 1430 "-" "Caffeinated/1.1.1 CFNetwork/520.3.2 Darwin/11.3.0 (x86_64) (MacBookPro8%2C1)"
184.191.224.10 - - [10/Apr/2012:06:34:15 -0700] "GET /favicon.ico HTTP/1.1" 404 142 "-" "Caffeinated/1.1.1 CFNetwork/520.3.2 Darwin/11.3.0 (x86_64) (MacBookPro8%2C1)"
203.82.92.83 - - [10/Apr/2012:06:34:31 -0700] "GET /r/1dmw HTTP/1.1" 301 257 "http://ta.wikipedia.org/wiki/%E0%AE%92%E0%AE%B2%E0%AE%BF_%E0%AE%AE%E0%AE%BE%E0%AE%9A%E0%AF%81" "Mozilla/4.0 (compatible; MSIE 8.0; Windows NT 6.0)"
203.82.92.83 - - [10/Apr/2012:06:34:32 -0700] "GET /s/ta/1dmw/ HTTP/1.1" 302 353 "http://ta.wikipedia.org/wiki/%E0%AE%92%E0%AE%B2%E0%AE%BF_%E0%AE%AE%E0%AE%BE%E0%AE%9A%E0%AF%81" "Mozilla/4.0 (compatible; MSIE 8.0; Windows NT 6.0)"
184.191.224.10 - - [10/Apr/2012:06:34:34 -0700] "GET / HTTP/1.1" 200 1430 "-" "Caffeinated/1.1.1 CFNetwork/520.3.2 Darwin/11.3.0 (x86_64) (MacBookPro8%2C1)"
184.191.224.10 - - [10/Apr/2012:06:34:34 -0700] "GET /favicon.ico HTTP/1.1" 404 142 "-" "Caffeinated/1.1.1 CFNetwork/520.3.2 Darwin/11.3.0 (x86_64) (MacBookPro8%2C1)"
69.171.234.1 - - [10/Apr/2012:06:34:40 -0700] "GET /r/fmf HTTP/1.1" 301 255 "-" "facebookexternalhit/1.1 (+http://www.facebook.com/externalhit_uatext.php)"
69.171.234.3 - - [10/Apr/2012:06:34:40 -0700] "GET /s/ta/fmf/ HTTP/1.1" 302 349 "-" "facebookexternalhit/1.1 (+http://www.facebook.com/externalhit_uatext.php)"
112.79.40.23 - - [10/Apr/2012:06:35:03 -0700] "GET /r/1lw9 HTTP/1.1" 301 257 "http://ta.wikipedia.org/wiki/%E0%AE%AE%E0%AE%BE%E0%AE%B0%E0%AF%8D%E0%AE%95%E0%AF%8D_%E0%AE%9A%E0%AE%95%E0%AF%8D%E0%AE%95%E0%AE%B0%E0%AF%8D%E0%AE%AA%E0%AF%86%E0%AE%B0%E0%AF%8D%E0%AE%95%E0%AF%8D" "Mozilla/5.0 (Windows NT 6.1) AppleWebKit/535.19 (KHTML, like Gecko) Chrome/18.0.1025.151 Safari/535.19"
112.79.40.23 - - [10/Apr/2012:06:35:05 -0700] "GET /s/ta/1lw9/ HTTP/1.1" 302 485 "http://ta.wikipedia.org/wiki/%E0%AE%AE%E0%AE%BE%E0%AE%B0%E0%AF%8D%E0%AE%95%E0%AF%8D_%E0%AE%9A%E0%AE%95%E0%AF%8D%E0%AE%95%E0%AE%B0%E0%AF%8D%E0%AE%AA%E0%AF%86%E0%AE%B0%E0%AF%8D%E0%AE%95%E0%AF%8D" "Mozilla/5.0 (Windows NT 6.1) AppleWebKit/535.19 (KHTML, like Gecko) Chrome/18.0.1025.151 Safari/535.19"
106.208.92.125 - - [10/Apr/2012:06:35:25 -0700] "GET /AssessmentBar/r/Unassessed_India_articles/ HTTP/1.1" 302 267 "http://en.wikipedia.org/wiki/Solidarity_Youth_Movement,_Kerala" "Mozilla/5.0 (Windows NT 5.1) AppleWebKit/535.11 (KHTML, like Gecko) Chrome/17.0.963.56 Safari/535.11"
184.191.224.10 - - [10/Apr/2012:06:35:35 -0700] "GET / HTTP/1.1" 200 1430 "-" "Caffeinated/1.1.1 CFNetwork/520.3.2 Darwin/11.3.0 (x86_64) (MacBookPro8%2C1)"
184.191.224.10 - - [10/Apr/2012:06:35:35 -0700] "GET /favicon.ico HTTP/1.1" 404 142 "-" "Caffeinated/1.1.1 CFNetwork/520.3.2 Darwin/11.3.0 (x86_64) (MacBookPro8%2C1)"
106.208.92.125 - - [10/Apr/2012:06:35:44 -0700] "-" 400 0 "-" "-"
122.174.85.2 - - [10/Apr/2012:06:35:47 -0700] "-" 400 0 "-" "-"
184.191.224.10 - - [10/Apr/2012:06:35:53 -0700] "GET / HTTP/1.1" 200 1430 "-" "Caffeinated/1.1.1 CFNetwork/520.3.2 Darwin/11.3.0 (x86_64) (MacBookPro8%2C1)"
184.191.224.10 - - [10/Apr/2012:06:35:53 -0700] "GET /favicon.ico HTTP/1.1" 404 142 "-" "Caffeinated/1.1.1 CFNetwork/520.3.2 Darwin/11.3.0 (x86_64) (MacBookPro8%2C1)"
59.92.70.193 - - [10/Apr/2012:06:35:59 -0700] "-" 400 0 "-" "-"
184.191.224.10 - - [10/Apr/2012:06:36:54 -0700] "GET / HTTP/1.1" 200 1430 "-" "Caffeinated/1.1.1 CFNetwork/520.3.2 Darwin/11.3.0 (x86_64) (MacBookPro8%2C1)"
184.191.224.10 - - [10/Apr/2012:06:36:54 -0700] "GET /favicon.ico HTTP/1.1" 404 142 "-" "Caffeinated/1.1.1 CFNetwork/520.3.2 Darwin/11.3.0 (x86_64) (MacBookPro8%2C1)"
14.96.41.86 - - [10/Apr/2012:06:37:03 -0700] "-" 400 0 "-" "-"
14.96.41.86 - - [10/Apr/2012:06:37:03 -0700] "-" 400 0 "-" "-"
14.96.41.86 - - [10/Apr/2012:06:37:03 -0700] "-" 400 0 "-" "-"
184.191.224.10 - - [10/Apr/2012:06:37:15 -0700] "GET / HTTP/1.1" 200 1430 "-" "Caffeinated/1.1.1 CFNetwork/520.3.2 Darwin/11.3.0 (x86_64) (MacBookPro8%2C1)"
184.191.224.10 - - [10/Apr/2012:06:37:15 -0700] "GET /favicon.ico HTTP/1.1" 404 142 "-" "Caffeinated/1.1.1 CFNetwork/520.3.2 Darwin/11.3.0 (x86_64) (MacBookPro8%2C1)"
184.191.224.10 - - [10/Apr/2012:06:38:15 -0700] "GET / HTTP/1.1" 200 1430 "-" "Caffeinated/1.1.1 CFNetwork/520.3.2 Darwin/11.3.0 (x86_64) (MacBookPro8%2C1)"
184.191.224.10 - - [10/Apr/2012:06:38:15 -0700] "GET /favicon.ico HTTP/1.1" 404 142 "-" "Caffeinated/1.1.1 CFNetwork/520.3.2 Darwin/11.3.0 (x86_64) (MacBookPro8%2C1)"
184.191.224.10 - - [10/Apr/2012:06:38:38 -0700] "GET / HTTP/1.1" 200 1430 "-" "Caffeinated/1.1.1 CFNetwork/520.3.2 Darwin/11.3.0 (x86_64) (MacBookPro8%2C1)"
184.191.224.10 - - [10/Apr/2012:06:38:38 -0700] "GET /favicon.ico HTTP/1.1" 404 142 "-" "Caffeinated/1.1.1 CFNetwork/520.3.2 Darwin/11.3.0 (x86_64) (MacBookPro8%2C1)"
161.53.248.222 - - [10/Apr/2012:06:38:39 -0700] "GET /POSM/img/save.png HTTP/1.1" 404 142 "http://yuvi.in/POSM/" "Mozilla/5.0 (Windows NT 6.1; rv:11.0) Gecko/20100101 Firefox/11.0"
122.174.85.2 - - [10/Apr/2012:06:38:50 -0700] "-" 400 0 "-" "-"
69.171.234.7 - - [10/Apr/2012:06:39:00 -0700] "GET /r/1lvt HTTP/1.1" 301 257 "-" "facebookexternalhit/1.1 (+http://www.facebook.com/externalhit_uatext.php)"
69.171.234.4 - - [10/Apr/2012:06:39:00 -0700] "GET /s/ta/1lvt/ HTTP/1.1" 302 461 "-" "facebookexternalhit/1.1 (+http://www.facebook.com/externalhit_uatext.php)"
122.174.85.2 - - [10/Apr/2012:06:39:02 -0700] "-" 400 0 "-" "-"
14.96.41.86 - - [10/Apr/2012:06:39:03 -0700] "-" 400 0 "-" "-"
14.96.41.86 - - [10/Apr/2012:06:39:03 -0700] "-" 400 0 "-" "-"
14.96.41.86 - - [10/Apr/2012:06:39:03 -0700] "-" 400 0 "-" "-"
122.174.85.2 - - [10/Apr/2012:06:39:08 -0700] "-" 400 0 "-" "-"
122.174.85.2 - - [10/Apr/2012:06:39:09 -0700] "-" 400 0 "-" "-"
208.115.111.68 - - [10/Apr/2012:06:39:34 -0700] "GET /robots.txt HTTP/1.1" 404 169 "-" "Mozilla/5.0 (compatible; Ezooms/1.0; ezooms.bot@gmail.com)"
106.208.92.125 - - [10/Apr/2012:06:39:43 -0700] "GET /AssessmentBar/r/Unassessed_India_articles/ HTTP/1.1" 302 285 "http://en.wikipedia.org/wiki/Rajgir" "Mozilla/5.0 (Windows NT 5.1) AppleWebKit/535.11 (KHTML, like Gecko) Chrome/17.0.963.56 Safari/535.11"
184.191.224.10 - - [10/Apr/2012:06:39:49 -0700] "GET / HTTP/1.1" 200 1430 "-" "Caffeinated/1.1.1 CFNetwork/520.3.2 Darwin/11.3.0 (x86_64) (MacBookPro8%2C1)"
184.191.224.10 - - [10/Apr/2012:06:39:50 -0700] "GET /favicon.ico HTTP/1.1" 404 142 "-" "Caffeinated/1.1.1 CFNetwork/520.3.2 Darwin/11.3.0 (x86_64) (MacBookPro8%2C1)"
106.208.92.125 - - [10/Apr/2012:06:40:01 -0700] "-" 400 0 "-" "-"
184.191.224.10 - - [10/Apr/2012:06:40:48 -0700] "GET / HTTP/1.1" 200 1430 "-" "Caffeinated/1.1.1 CFNetwork/520.3.2 Darwin/11.3.0 (x86_64) (MacBookPro8%2C1)"
184.191.224.10 - - [10/Apr/2012:06:40:48 -0700] "GET /favicon.ico HTTP/1.1" 404 142 "-" "Caffeinated/1.1.1 CFNetwork/520.3.2 Darwin/11.3.0 (x86_64) (MacBookPro8%2C1)"
117.202.187.234 - - [10/Apr/2012:06:41:41 -0700] "-" 400 0 "-" "-"
117.202.187.234 - - [10/Apr/2012:06:41:41 -0700] "-" 400 0 "-" "-"
117.202.187.234 - - [10/Apr/2012:06:41:41 -0700] "-" 400 0 "-" "-"
117.202.187.234 - - [10/Apr/2012:06:41:41 -0700] "-" 400 0 "-" "-"
117.202.187.234 - - [10/Apr/2012:06:41:41 -0700] "-" 400 0 "-" "-"
184.191.224.10 - - [10/Apr/2012:06:41:51 -0700] "GET / HTTP/1.1" 200 1430 "-" "Caffeinated/1.1.1 CFNetwork/520.3.2 Darwin/11.3.0 (x86_64) (MacBookPro8%2C1)"
184.191.224.10 - - [10/Apr/2012:06:41:51 -0700] "GET /favicon.ico HTTP/1.1" 404 142 "-" "Caffeinated/1.1.1 CFNetwork/520.3.2 Darwin/11.3.0 (x86_64) (MacBookPro8%2C1)"
124.184.254.201 - - [10/Apr/2012:06:42:07 -0700] "GET /blog/feed/ HTTP/1.1" 200 6692 "-" "FeedDemon/3.0 (http://www.feeddemon.com/; Microsoft Windows XP)"
184.191.224.10 - - [10/Apr/2012:06:42:18 -0700] "GET / HTTP/1.1" 200 1430 "-" "Caffeinated/1.1.1 CFNetwork/520.3.2 Darwin/11.3.0 (x86_64) (MacBookPro8%2C1)"
184.191.224.10 - - [10/Apr/2012:06:42:18 -0700] "GET /favicon.ico HTTP/1.1" 404 142 "-" "Caffeinated/1.1.1 CFNetwork/520.3.2 Darwin/11.3.0 (x86_64) (MacBookPro8%2C1)"
106.208.92.125 - - [10/Apr/2012:06:42:18 -0700] "GET /AssessmentBar/r/Unassessed_India_articles/ HTTP/1.1" 302 287 "http://en.wikipedia.org/wiki/Duke's_Lemonade" "Mozilla/5.0 (Windows NT 5.1) AppleWebKit/535.11 (KHTML, like Gecko) Chrome/17.0.963.56 Safari/535.11"
69.171.247.6 - - [10/Apr/2012:06:42:25 -0700] "GET /r/woh HTTP/1.1" 301 255 "-" "facebookexternalhit/1.1 (+http://www.facebook.com/externalhit_uatext.php)"
69.171.247.4 - - [10/Apr/2012:06:42:25 -0700] "GET /s/ta/woh/ HTTP/1.1" 302 385 "-" "facebookexternalhit/1.1 (+http://www.facebook.com/externalhit_uatext.php)"
106.208.92.125 - - [10/Apr/2012:06:42:31 -0700] "-" 400 0 "-" "-"
184.191.224.10 - - [10/Apr/2012:06:43:12 -0700] "GET / HTTP/1.1" 200 1430 "-" "Caffeinated/1.1.1 CFNetwork/520.3.2 Darwin/11.3.0 (x86_64) (MacBookPro8%2C1)"
184.191.224.10 - - [10/Apr/2012:06:43:12 -0700] "GET /favicon.ico HTTP/1.1" 404 142 "-" "Caffeinated/1.1.1 CFNetwork/520.3.2 Darwin/11.3.0 (x86_64) (MacBookPro8%2C1)"
14.99.234.109 - - [10/Apr/2012:06:43:40 -0700] "-" 400 0 "-" "-"
14.99.234.109 - - [10/Apr/2012:06:43:40 -0700] "-" 400 0 "-" "-"
14.99.234.109 - - [10/Apr/2012:06:43:40 -0700] "-" 400 0 "-" "-"
14.99.234.109 - - [10/Apr/2012:06:43:40 -0700] "-" 400 0 "-" "-"
122.165.24.148 - - [10/Apr/2012:06:43:50 -0700] "-" 400 0 "-" "-"
122.165.24.148 - - [10/Apr/2012:06:43:50 -0700] "-" 400 0 "-" "-"
122.165.24.148 - - [10/Apr/2012:06:43:50 -0700] "-" 400 0 "-" "-"
122.165.24.148 - - [10/Apr/2012:06:43:50 -0700] "-" 400 0 "-" "-"
122.165.24.148 - - [10/Apr/2012:06:43:50 -0700] "-" 400 0 "-" "-"
106.208.92.125 - - [10/Apr/2012:06:44:20 -0700] "GET /AssessmentBar/r/Unassessed_India_articles/ HTTP/1.1" 302 271 "http://en.wikipedia.org/wiki/Shailender_Singh" "Mozilla/5.0 (Windows NT 5.1) AppleWebKit/535.11 (KHTML, like Gecko) Chrome/17.0.963.56 Safari/535.11"
14.96.41.86 - - [10/Apr/2012:06:44:23 -0700] "-" 400 0 "-" "-"
184.191.224.10 - - [10/Apr/2012:06:44:31 -0700] "GET / HTTP/1.1" 200 1430 "-" "Caffeinated/1.1.1 CFNetwork/520.3.2 Darwin/11.3.0 (x86_64) (MacBookPro8%2C1)"
184.191.224.10 - - [10/Apr/2012:06:44:31 -0700] "GET /favicon.ico HTTP/1.1" 404 142 "-" "Caffeinated/1.1.1 CFNetwork/520.3.2 Darwin/11.3.0 (x86_64) (MacBookPro8%2C1)"
106.208.92.125 - - [10/Apr/2012:06:44:41 -0700] "-" 400 0 "-" "-"
106.208.92.125 - - [10/Apr/2012:06:45:10 -0700] "GET /AssessmentBar/r/Unassessed_India_articles/ HTTP/1.1" 302 289 "http://en.wikipedia.org/wiki/Peace_TV" "Mozilla/5.0 (Windows NT 5.1) AppleWebKit/535.11 (KHTML, like Gecko) Chrome/17.0.963.56 Safari/535.11"
14.96.41.86 - - [10/Apr/2012:06:45:23 -0700] "-" 400 0 "-" "-"
106.208.92.125 - - [10/Apr/2012:06:45:30 -0700] "GET /AssessmentBar/r/Unassessed_India_articles/ HTTP/1.1" 302 299 "http://en.wikipedia.org/wiki/Nandanar_(author)" "Mozilla/5.0 (Windows NT 5.1) AppleWebKit/535.11 (KHTML, like Gecko) Chrome/17.0.963.56 Safari/535.11"
184.191.224.10 - - [10/Apr/2012:06:45:40 -0700] "GET / HTTP/1.1" 200 1430 "-" "Caffeinated/1.1.1 CFNetwork/520.3.2 Darwin/11.3.0 (x86_64) (MacBookPro8%2C1)"
184.191.224.10 - - [10/Apr/2012:06:45:40 -0700] "GET /favicon.ico HTTP/1.1" 404 142 "-" "Caffeinated/1.1.1 CFNetwork/520.3.2 Darwin/11.3.0 (x86_64) (MacBookPro8%2C1)"
66.220.147.244 - - [10/Apr/2012:06:45:59 -0700] "GET /r/1lvt HTTP/1.1" 301 257 "-" "facebookexternalhit/1.1 (+http://www.facebook.com/externalhit_uatext.php)"
66.220.147.246 - - [10/Apr/2012:06:45:59 -0700] "GET /s/ta/1lvt/ HTTP/1.1" 302 461 "-" "facebookexternalhit/1.1 (+http://www.facebook.com/externalhit_uatext.php)"
106.208.92.125 - - [10/Apr/2012:06:46:15 -0700] "GET /AssessmentBar/r/Unassessed_India_articles/ HTTP/1.1" 302 281 "http://en.wikipedia.org/wiki/Gangesvara_Siva_Temple" "Mozilla/5.0 (Windows NT 5.1) AppleWebKit/535.11 (KHTML, like Gecko) Chrome/17.0.963.56 Safari/535.11"
106.208.92.125 - - [10/Apr/2012:06:46:37 -0700] "GET /AssessmentBar/r/Unassessed_India_articles/ HTTP/1.1" 302 267 "http://en.wikipedia.org/wiki/Stuart_Rogers" "Mozilla/5.0 (Windows NT 5.1) AppleWebKit/535.11 (KHTML, like Gecko) Chrome/17.0.963.56 Safari/535.11"
184.191.224.10 - - [10/Apr/2012:06:46:49 -0700] "GET / HTTP/1.1" 200 1430 "-" "Caffeinated/1.1.1 CFNetwork/520.3.2 Darwin/11.3.0 (x86_64) (MacBookPro8%2C1)"
184.191.224.10 - - [10/Apr/2012:06:46:50 -0700] "GET /favicon.ico HTTP/1.1" 404 142 "-" "Caffeinated/1.1.1 CFNetwork/520.3.2 Darwin/11.3.0 (x86_64) (MacBookPro8%2C1)"
209.85.144.89 - - [10/Apr/2012:06:46:55 -0700] "GET /blog/feed HTTP/1.1" 304 0 "-" "FeedBurner/1.0 (http://www.FeedBurner.com)"
85.17.88.169 - - [10/Apr/2012:06:46:55 -0700] "POST /blog/wp-cron.php?doing_wp_cron=1334065293 HTTP/1.0" 200 0 "-" "WordPress/3.3.1; http://yuvi.in/blog"
184.191.224.10 - - [10/Apr/2012:06:47:01 -0700] "GET / HTTP/1.1" 200 1430 "-" "Caffeinated/1.1.1 CFNetwork/520.3.2 Darwin/11.3.0 (x86_64) (MacBookPro8%2C1)"
184.191.224.10 - - [10/Apr/2012:06:47:01 -0700] "GET /favicon.ico HTTP/1.1" 404 142 "-" "Caffeinated/1.1.1 CFNetwork/520.3.2 Darwin/11.3.0 (x86_64) (MacBookPro8%2C1)"
106.208.92.125 - - [10/Apr/2012:06:47:36 -0700] "GET /AssessmentBar/r/Unassessed_India_articles/ HTTP/1.1" 302 295 "http://en.wikipedia.org/wiki/Raikat" "Mozilla/5.0 (Windows NT 5.1) AppleWebKit/535.11 (KHTML, like Gecko) Chrome/17.0.963.56 Safari/535.11"
69.171.234.3 - - [10/Apr/2012:06:47:50 -0700] "GET /blog/story-average-indian-techie/ HTTP/1.1" 200 14155 "-" "facebookexternalhit/1.1 (+http://www.facebook.com/externalhit_uatext.php)"
184.191.224.10 - - [10/Apr/2012:06:48:00 -0700] "GET / HTTP/1.1" 200 1430 "-" "Caffeinated/1.1.1 CFNetwork/520.3.2 Darwin/11.3.0 (x86_64) (MacBookPro8%2C1)"
184.191.224.10 - - [10/Apr/2012:06:48:00 -0700] "GET /favicon.ico HTTP/1.1" 404 142 "-" "Caffeinated/1.1.1 CFNetwork/520.3.2 Darwin/11.3.0 (x86_64) (MacBookPro8%2C1)"
184.191.224.10 - - [10/Apr/2012:06:48:20 -0700] "GET / HTTP/1.1" 200 1430 "-" "Caffeinated/1.1.1 CFNetwork/520.3.2 Darwin/11.3.0 (x86_64) (MacBookPro8%2C1)"
184.191.224.10 - - [10/Apr/2012:06:48:20 -0700] "GET /favicon.ico HTTP/1.1" 404 142 "-" "Caffeinated/1.1.1 CFNetwork/520.3.2 Darwin/11.3.0 (x86_64) (MacBookPro8%2C1)"
106.208.92.125 - - [10/Apr/2012:06:48:20 -0700] "GET /AssessmentBar/r/Unassessed_India_articles/ HTTP/1.1" 302 271 "http://en.wikipedia.org/wiki/Rudrangshu_Mukherjee" "Mozilla/5.0 (Windows NT 5.1) AppleWebKit/535.11 (KHTML, like Gecko) Chrome/17.0.963.56 Safari/535.11"
85.17.88.169 - - [10/Apr/2012:06:48:39 -0700] "POST /blog/wp-cron.php?doing_wp_cron=1334065397 HTTP/1.0" 499 0 "-" "WordPress/3.3.1; http://yuvi.in/blog"
91.201.64.85 - - [10/Apr/2012:06:48:39 -0700] "POST /blog//wp-content/plugins/mowpop/submit.php HTTP/1.1" 404 12300 "-" "Mozilla/5.0 (compatible; Googlebot/2.1; +http://www.google.com/bot.html)"
122.164.11.216 - - [10/Apr/2012:06:48:51 -0700] "-" 400 0 "-" "-"
106.208.92.125 - - [10/Apr/2012:06:49:15 -0700] "GET /AssessmentBar/r/Unassessed_India_articles/ HTTP/1.1" 302 283 "http://en.wikipedia.org/wiki/Nilaiyur" "Mozilla/5.0 (Windows NT 5.1) AppleWebKit/535.11 (KHTML, like Gecko) Chrome/17.0.963.56 Safari/535.11"
184.191.224.10 - - [10/Apr/2012:06:49:21 -0700] "GET / HTTP/1.1" 200 1430 "-" "Caffeinated/1.1.1 CFNetwork/520.3.2 Darwin/11.3.0 (x86_64) (MacBookPro8%2C1)"
184.191.224.10 - - [10/Apr/2012:06:49:21 -0700] "GET /favicon.ico HTTP/1.1" 404 142 "-" "Caffeinated/1.1.1 CFNetwork/520.3.2 Darwin/11.3.0 (x86_64) (MacBookPro8%2C1)"
106.208.92.125 - - [10/Apr/2012:06:49:32 -0700] "GET /AssessmentBar/r/Unassessed_India_articles/ HTTP/1.1" 302 333 "http://en.wikipedia.org/wiki/Ippadikku_Rose" "Mozilla/5.0 (Windows NT 5.1) AppleWebKit/535.11 (KHTML, like Gecko) Chrome/17.0.963.56 Safari/535.11"
184.191.224.10 - - [10/Apr/2012:06:49:40 -0700] "GET / HTTP/1.1" 200 1430 "-" "Caffeinated/1.1.1 CFNetwork/520.3.2 Darwin/11.3.0 (x86_64) (MacBookPro8%2C1)"
184.191.224.10 - - [10/Apr/2012:06:49:40 -0700] "GET /favicon.ico HTTP/1.1" 404 142 "-" "Caffeinated/1.1.1 CFNetwork/520.3.2 Darwin/11.3.0 (x86_64) (MacBookPro8%2C1)"
207.46.204.169 - - [10/Apr/2012:06:50:00 -0700] "-" 400 0 "-" "-"
207.46.204.169 - - [10/Apr/2012:06:50:00 -0700] "-" 400 0 "-" "-"
106.208.92.125 - - [10/Apr/2012:06:50:02 -0700] "GET /AssessmentBar/r/Unassessed_India_articles/ HTTP/1.1" 302 285 "http://en.wikipedia.org/wiki/Jhalawar-Baran_(Lok_Sabha_constituency)" "Mozilla/5.0 (Windows NT 5.1) AppleWebKit/535.11 (KHTML, like Gecko) Chrome/17.0.963.56 Safari/535.11"
207.46.204.169 - - [10/Apr/2012:06:50:04 -0700] "-" 400 0 "-" "-"
207.46.204.169 - - [10/Apr/2012:06:50:08 -0700] "-" 400 0 "-" "-"
207.46.204.169 - - [10/Apr/2012:06:50:13 -0700] "-" 400 0 "-" "-"
207.46.204.169 - - [10/Apr/2012:06:50:13 -0700] "-" 400 0 "-" "-"
207.46.204.169 - - [10/Apr/2012:06:50:13 -0700] "-" 400 0 "-" "-"
207.46.204.169 - - [10/Apr/2012:06:50:14 -0700] "-" 400 0 "-" "-"
207.46.204.169 - - [10/Apr/2012:06:50:14 -0700] "-" 400 0 "-" "-"
207.46.204.169 - - [10/Apr/2012:06:50:14 -0700] "-" 400 0 "-" "-"
106.208.92.125 - - [10/Apr/2012:06:50:15 -0700] "GET /AssessmentBar/r/Unassessed_India_articles/ HTTP/1.1" 302 289 "http://en.wikipedia.org/wiki/Gothra_Bhukaran" "Mozilla/5.0 (Windows NT 5.1) AppleWebKit/535.11 (KHTML, like Gecko) Chrome/17.0.963.56 Safari/535.11"
207.46.204.169 - - [10/Apr/2012:06:50:15 -0700] "-" 400 0 "-" "-"
184.191.224.10 - - [10/Apr/2012:06:50:40 -0700] "GET / HTTP/1.1" 200 1430 "-" "Caffeinated/1.1.1 CFNetwork/520.3.2 Darwin/11.3.0 (x86_64) (MacBookPro8%2C1)"
184.191.224.10 - - [10/Apr/2012:06:50:40 -0700] "GET /favicon.ico HTTP/1.1" 404 142 "-" "Caffeinated/1.1.1 CFNetwork/520.3.2 Darwin/11.3.0 (x86_64) (MacBookPro8%2C1)"
106.208.92.125 - - [10/Apr/2012:06:50:45 -0700] "GET /AssessmentBar/r/Unassessed_India_articles/ HTTP/1.1" 302 285 "http://en.wikipedia.org/wiki/Banwari_Lal_Joshi" "Mozilla/5.0 (Windows NT 5.1) AppleWebKit/535.11 (KHTML, like Gecko) Chrome/17.0.963.56 Safari/535.11"
184.191.224.10 - - [10/Apr/2012:06:51:03 -0700] "GET / HTTP/1.1" 200 1430 "-" "Caffeinated/1.1.1 CFNetwork/520.3.2 Darwin/11.3.0 (x86_64) (MacBookPro8%2C1)"
184.191.224.10 - - [10/Apr/2012:06:51:03 -0700] "GET /favicon.ico HTTP/1.1" 404 142 "-" "Caffeinated/1.1.1 CFNetwork/520.3.2 Darwin/11.3.0 (x86_64) (MacBookPro8%2C1)"
27.251.30.70 - - [10/Apr/2012:06:51:17 -0700] "GET /r/3ya HTTP/1.0" 301 255 "http://ta.wikipedia.org/wiki/%E0%AE%AA%E0%AE%BF%E0%AE%B2%E0%AF%8D%E0%AE%B2%E0%AE%BF%E0%AE%AF%E0%AE%A9%E0%AF%8D" "Mozilla/5.0 (Windows NT 6.1; WOW64) AppleWebKit/535.19 (KHTML, like Gecko) Chrome/18.0.1025.151 Safari/535.19"
27.251.30.70 - - [10/Apr/2012:06:51:18 -0700] "GET /s/ta/3ya/ HTTP/1.0" 302 373 "http://ta.wikipedia.org/wiki/%E0%AE%AA%E0%AE%BF%E0%AE%B2%E0%AF%8D%E0%AE%B2%E0%AE%BF%E0%AE%AF%E0%AE%A9%E0%AF%8D" "Mozilla/5.0 (Windows NT 6.1; WOW64) AppleWebKit/535.19 (KHTML, like Gecko) Chrome/18.0.1025.151 Safari/535.19"
106.208.92.125 - - [10/Apr/2012:06:51:22 -0700] "GET /AssessmentBar/r/Unassessed_India_articles/ HTTP/1.1" 302 293 "http://en.wikipedia.org/wiki/Pericles_(ship)" "Mozilla/5.0 (Windows NT 5.1) AppleWebKit/535.11 (KHTML, like Gecko) Chrome/17.0.963.56 Safari/535.11"
117.201.13.116 - - [10/Apr/2012:06:51:33 -0700] "GET /r/34nh HTTP/1.1" 301 257 "http://www.facebook.com/" "Mozilla/5.0 (Windows NT 6.0) AppleWebKit/535.19 (KHTML, like Gecko) Chrome/18.0.1025.152 Safari/535.19"
117.201.13.116 - - [10/Apr/2012:06:51:33 -0700] "GET /s/ta/34nh/ HTTP/1.1" 302 511 "http://www.facebook.com/" "Mozilla/5.0 (Windows NT 6.0) AppleWebKit/535.19 (KHTML, like Gecko) Chrome/18.0.1025.152 Safari/535.19"
117.201.13.116 - - [10/Apr/2012:06:51:49 -0700] "-" 400 0 "-" "-"
106.208.92.125 - - [10/Apr/2012:06:51:53 -0700] "GET /AssessmentBar/r/Unassessed_India_articles/ HTTP/1.1" 302 277 "http://en.wikipedia.org/wiki/Teja_Singh_Samundri" "Mozilla/5.0 (Windows NT 5.1) AppleWebKit/535.11 (KHTML, like Gecko) Chrome/17.0.963.56 Safari/535.11"
184.191.224.10 - - [10/Apr/2012:06:52:01 -0700] "GET / HTTP/1.1" 200 1430 "-" "Caffeinated/1.1.1 CFNetwork/520.3.2 Darwin/11.3.0 (x86_64) (MacBookPro8%2C1)"
184.191.224.10 - - [10/Apr/2012:06:52:01 -0700] "GET /favicon.ico HTTP/1.1" 404 142 "-" "Caffeinated/1.1.1 CFNetwork/520.3.2 Darwin/11.3.0 (x86_64) (MacBookPro8%2C1)"
184.191.224.10 - - [10/Apr/2012:06:52:23 -0700] "GET / HTTP/1.1" 200 1430 "-" "Caffeinated/1.1.1 CFNetwork/520.3.2 Darwin/11.3.0 (x86_64) (MacBookPro8%2C1)"
184.191.224.10 - - [10/Apr/2012:06:52:23 -0700] "GET /favicon.ico HTTP/1.1" 404 142 "-" "Caffeinated/1.1.1 CFNetwork/520.3.2 Darwin/11.3.0 (x86_64) (MacBookPro8%2C1)"
69.171.228.250 - - [10/Apr/2012:06:53:19 -0700] "GET /r/39d HTTP/1.1" 301 255 "-" "facebookexternalhit/1.1 (+http://www.facebook.com/externalhit_uatext.php)"
69.171.228.247 - - [10/Apr/2012:06:53:19 -0700] "GET /s/ta/39d/ HTTP/1.1" 302 325 "-" "facebookexternalhit/1.1 (+http://www.facebook.com/externalhit_uatext.php)"
184.191.224.10 - - [10/Apr/2012:06:53:21 -0700] "GET / HTTP/1.1" 200 1430 "-" "Caffeinated/1.1.1 CFNetwork/520.3.2 Darwin/11.3.0 (x86_64) (MacBookPro8%2C1)"
184.191.224.10 - - [10/Apr/2012:06:53:21 -0700] "GET /favicon.ico HTTP/1.1" 404 142 "-" "Caffeinated/1.1.1 CFNetwork/520.3.2 Darwin/11.3.0 (x86_64) (MacBookPro8%2C1)"
184.191.224.10 - - [10/Apr/2012:06:53:49 -0700] "GET / HTTP/1.1" 200 1430 "-" "Caffeinated/1.1.1 CFNetwork/520.3.2 Darwin/11.3.0 (x86_64) (MacBookPro8%2C1)"
184.191.224.10 - - [10/Apr/2012:06:53:49 -0700] "GET /favicon.ico HTTP/1.1" 404 142 "-" "Caffeinated/1.1.1 CFNetwork/520.3.2 Darwin/11.3.0 (x86_64) (MacBookPro8%2C1)"
97.117.125.23 - - [10/Apr/2012:06:53:58 -0700] "GET /blog/favicon.ico HTTP/1.1" 404 3016 "-" "Mozilla/5.0 (Windows NT 5.1; rv:11.0) Gecko/20100101 Firefox/11.0"
184.191.224.10 - - [10/Apr/2012:06:54:48 -0700] "GET / HTTP/1.1" 200 1430 "-" "Caffeinated/1.1.1 CFNetwork/520.3.2 Darwin/11.3.0 (x86_64) (MacBookPro8%2C1)"
184.191.224.10 - - [10/Apr/2012:06:54:48 -0700] "GET /favicon.ico HTTP/1.1" 404 142 "-" "Caffeinated/1.1.1 CFNetwork/520.3.2 Darwin/11.3.0 (x86_64) (MacBookPro8%2C1)"
184.191.224.10 - - [10/Apr/2012:06:55:09 -0700] "GET / HTTP/1.1" 200 1430 "-" "Caffeinated/1.1.1 CFNetwork/520.3.2 Darwin/11.3.0 (x86_64) (MacBookPro8%2C1)"
184.191.224.10 - - [10/Apr/2012:06:55:09 -0700] "GET /favicon.ico HTTP/1.1" 404 142 "-" "Caffeinated/1.1.1 CFNetwork/520.3.2 Darwin/11.3.0 (x86_64) (MacBookPro8%2C1)"
106.208.92.125 - - [10/Apr/2012:06:55:16 -0700] "GET /AssessmentBar/r/Unassessed_India_articles/ HTTP/1.1" 302 317 "http://en.wikipedia.org/wiki/Frank_Warne" "Mozilla/5.0 (Windows NT 5.1) AppleWebKit/535.11 (KHTML, like Gecko) Chrome/17.0.963.56 Safari/535.11"
106.208.92.125 - - [10/Apr/2012:06:55:34 -0700] "-" 400 0 "-" "-"
184.191.224.10 - - [10/Apr/2012:06:56:09 -0700] "GET / HTTP/1.1" 200 1430 "-" "Caffeinated/1.1.1 CFNetwork/520.3.2 Darwin/11.3.0 (x86_64) (MacBookPro8%2C1)"
184.191.224.10 - - [10/Apr/2012:06:56:09 -0700] "GET /favicon.ico HTTP/1.1" 404 142 "-" "Caffeinated/1.1.1 CFNetwork/520.3.2 Darwin/11.3.0 (x86_64) (MacBookPro8%2C1)"
184.191.224.10 - - [10/Apr/2012:06:56:32 -0700] "GET / HTTP/1.1" 200 1430 "-" "Caffeinated/1.1.1 CFNetwork/520.3.2 Darwin/11.3.0 (x86_64) (MacBookPro8%2C1)"
184.191.224.10 - - [10/Apr/2012:06:56:32 -0700] "GET /favicon.ico HTTP/1.1" 404 142 "-" "Caffeinated/1.1.1 CFNetwork/520.3.2 Darwin/11.3.0 (x86_64) (MacBookPro8%2C1)"
106.208.92.125 - - [10/Apr/2012:06:56:59 -0700] "GET /AssessmentBar/r/Unassessed_India_articles/ HTTP/1.1" 302 271 "http://en.wikipedia.org/wiki/Historical_battles_of_Rajasthan" "Mozilla/5.0 (Windows NT 5.1) AppleWebKit/535.11 (KHTML, like Gecko) Chrome/17.0.963.56 Safari/535.11"
106.208.92.125 - - [10/Apr/2012:06:57:15 -0700] "-" 400 0 "-" "-"
184.191.224.10 - - [10/Apr/2012:06:57:43 -0700] "GET / HTTP/1.1" 200 1430 "-" "Caffeinated/1.1.1 CFNetwork/520.3.2 Darwin/11.3.0 (x86_64) (MacBookPro8%2C1)"
184.191.224.10 - - [10/Apr/2012:06:57:43 -0700] "GET /favicon.ico HTTP/1.1" 404 142 "-" "Caffeinated/1.1.1 CFNetwork/520.3.2 Darwin/11.3.0 (x86_64) (MacBookPro8%2C1)"
122.174.31.160 - - [10/Apr/2012:06:57:56 -0700] "-" 400 0 "-" "-"
184.191.224.10 - - [10/Apr/2012:06:58:01 -0700] "GET / HTTP/1.1" 200 1430 "-" "Caffeinated/1.1.1 CFNetwork/520.3.2 Darwin/11.3.0 (x86_64) (MacBookPro8%2C1)"
184.191.224.10 - - [10/Apr/2012:06:58:02 -0700] "GET /favicon.ico HTTP/1.1" 404 142 "-" "Caffeinated/1.1.1 CFNetwork/520.3.2 Darwin/11.3.0 (x86_64) (MacBookPro8%2C1)"
113.193.117.239 - - [10/Apr/2012:06:58:09 -0700] "-" 400 0 "-" "-"
113.193.117.239 - - [10/Apr/2012:06:58:09 -0700] "-" 400 0 "-" "-"
113.193.117.239 - - [10/Apr/2012:06:58:59 -0700] "-" 400 0 "-" "-"
184.191.224.10 - - [10/Apr/2012:06:59:00 -0700] "GET / HTTP/1.1" 200 1430 "-" "Caffeinated/1.1.1 CFNetwork/520.3.2 Darwin/11.3.0 (x86_64) (MacBookPro8%2C1)"
184.191.224.10 - - [10/Apr/2012:06:59:00 -0700] "GET /favicon.ico HTTP/1.1" 404 142 "-" "Caffeinated/1.1.1 CFNetwork/520.3.2 Darwin/11.3.0 (x86_64) (MacBookPro8%2C1)"
113.193.117.239 - - [10/Apr/2012:06:59:19 -0700] "-" 400 0 "-" "-"
184.191.224.10 - - [10/Apr/2012:06:59:24 -0700] "GET / HTTP/1.1" 200 1430 "-" "Caffeinated/1.1.1 CFNetwork/520.3.2 Darwin/11.3.0 (x86_64) (MacBookPro8%2C1)"
184.191.224.10 - - [10/Apr/2012:06:59:25 -0700] "GET /favicon.ico HTTP/1.1" 404 142 "-" "Caffeinated/1.1.1 CFNetwork/520.3.2 Darwin/11.3.0 (x86_64) (MacBookPro8%2C1)"
203.82.92.83 - - [10/Apr/2012:06:59:55 -0700] "GET /r/2fd HTTP/1.1" 301 255 "http://ta.wikipedia.org/wiki/%E0%AE%86%E0%AE%B4%E0%AE%BF%E0%AE%AA%E0%AF%8D%E0%AE%AA%E0%AF%87%E0%AE%B0%E0%AE%B2%E0%AF%88" "Mozilla/4.0 (compatible; MSIE 8.0; Windows NT 6.0)"
203.82.92.83 - - [10/Apr/2012:06:59:56 -0700] "GET /s/ta/2fd/ HTTP/1.1" 302 385 "http://ta.wikipedia.org/wiki/%E0%AE%86%E0%AE%B4%E0%AE%BF%E0%AE%AA%E0%AF%8D%E0%AE%AA%E0%AF%87%E0%AE%B0%E0%AE%B2%E0%AF%88" "Mozilla/4.0 (compatible; MSIE 8.0; Windows NT 6.0)"
184.191.224.10 - - [10/Apr/2012:07:00:24 -0700] "GET / HTTP/1.1" 200 1430 "-" "Caffeinated/1.1.1 CFNetwork/520.3.2 Darwin/11.3.0 (x86_64) (MacBookPro8%2C1)"
184.191.224.10 - - [10/Apr/2012:07:00:24 -0700] "GET /favicon.ico HTTP/1.1" 404 142 "-" "Caffeinated/1.1.1 CFNetwork/520.3.2 Darwin/11.3.0 (x86_64) (MacBookPro8%2C1)"
184.191.224.10 - - [10/Apr/2012:07:00:48 -0700] "GET / HTTP/1.1" 200 1430 "-" "Caffeinated/1.1.1 CFNetwork/520.3.2 Darwin/11.3.0 (x86_64) (MacBookPro8%2C1)"
184.191.224.10 - - [10/Apr/2012:07:00:48 -0700] "GET /favicon.ico HTTP/1.1" 404 142 "-" "Caffeinated/1.1.1 CFNetwork/520.3.2 Darwin/11.3.0 (x86_64) (MacBookPro8%2C1)"
66.220.149.244 - - [10/Apr/2012:07:01:33 -0700] "GET /r/1ck4 HTTP/1.1" 301 257 "-" "facebookexternalhit/1.1 (+http://www.facebook.com/externalhit_uatext.php)"
66.220.149.250 - - [10/Apr/2012:07:01:33 -0700] "GET /s/ta/1ck4/ HTTP/1.1" 302 349 "-" "facebookexternalhit/1.1 (+http://www.facebook.com/externalhit_uatext.php)"
184.191.224.10 - - [10/Apr/2012:07:01:45 -0700] "GET / HTTP/1.1" 200 1430 "-" "Caffeinated/1.1.1 CFNetwork/520.3.2 Darwin/11.3.0 (x86_64) (MacBookPro8%2C1)"
184.191.224.10 - - [10/Apr/2012:07:01:45 -0700] "GET /favicon.ico HTTP/1.1" 404 142 "-" "Caffeinated/1.1.1 CFNetwork/520.3.2 Darwin/11.3.0 (x86_64) (MacBookPro8%2C1)"
184.191.224.10 - - [10/Apr/2012:07:02:08 -0700] "GET / HTTP/1.1" 200 1430 "-" "Caffeinated/1.1.1 CFNetwork/520.3.2 Darwin/11.3.0 (x86_64) (MacBookPro8%2C1)"
184.191.224.10 - - [10/Apr/2012:07:02:08 -0700] "GET /favicon.ico HTTP/1.1" 404 142 "-" "Caffeinated/1.1.1 CFNetwork/520.3.2 Darwin/11.3.0 (x86_64) (MacBookPro8%2C1)"
77.20.4.67 - - [10/Apr/2012:07:02:33 -0700] "GET /code HTTP/1.1" 404 169 "-" "findlinks/2.0.2 (+http://wortschatz.uni-leipzig.de/findlinks/)"
184.191.224.10 - - [10/Apr/2012:07:03:09 -0700] "GET / HTTP/1.1" 200 1430 "-" "Caffeinated/1.1.1 CFNetwork/520.3.2 Darwin/11.3.0 (x86_64) (MacBookPro8%2C1)"
184.191.224.10 - - [10/Apr/2012:07:03:09 -0700] "GET /favicon.ico HTTP/1.1" 404 142 "-" "Caffeinated/1.1.1 CFNetwork/520.3.2 Darwin/11.3.0 (x86_64) (MacBookPro8%2C1)"
184.191.224.10 - - [10/Apr/2012:07:03:28 -0700] "GET / HTTP/1.1" 200 1430 "-" "Caffeinated/1.1.1 CFNetwork/520.3.2 Darwin/11.3.0 (x86_64) (MacBookPro8%2C1)"
184.191.224.10 - - [10/Apr/2012:07:03:28 -0700] "GET /favicon.ico HTTP/1.1" 404 142 "-" "Caffeinated/1.1.1 CFNetwork/520.3.2 Darwin/11.3.0 (x86_64) (MacBookPro8%2C1)"
117.193.243.130 - - [10/Apr/2012:07:06:33 -0700] "GET /r/b0k HTTP/1.1" 301 255 "http://www.facebook.com/l.php?u=http%3A%2F%2Ftawp.in%2Fr%2Fb0k&h=AAQFIO-WY" "Mozilla/5.0 (Windows NT 6.1; rv:11.0) Gecko/20100101 Firefox/11.0"
117.193.243.130 - - [10/Apr/2012:07:06:33 -0700] "GET /s/ta/b0k/ HTTP/1.1" 302 409 "http://www.facebook.com/l.php?u=http%3A%2F%2Ftawp.in%2Fr%2Fb0k&h=AAQFIO-WY" "Mozilla/5.0 (Windows NT 6.1; rv:11.0) Gecko/20100101 Firefox/11.0"
117.193.243.130 - - [10/Apr/2012:07:06:39 -0700] "-" 400 0 "-" "-"
122.164.11.216 - - [10/Apr/2012:07:07:06 -0700] "-" 400 0 "-" "-"
112.79.41.173 - - [10/Apr/2012:07:07:21 -0700] "-" 400 0 "-" "-"
112.79.41.173 - - [10/Apr/2012:07:07:21 -0700] "-" 400 0 "-" "-"
14.99.235.34 - - [10/Apr/2012:07:08:02 -0700] "-" 400 0 "-" "-"
59.165.108.181 - - [10/Apr/2012:07:08:03 -0700] "-" 400 0 "-" "-"
122.164.11.216 - - [10/Apr/2012:07:09:14 -0700] "-" 400 0 "-" "-"
74.116.63.13 - - [10/Apr/2012:07:11:06 -0700] "GET /r/34nh HTTP/1.1" 301 257 "http://www.facebook.com/l.php?u=http%3A%2F%2Ftawp.in%2Fr%2F34nh&h=1AQGqiyOdAQGXUnfyMdbAoULC_4wZFYQcJuIiBaRpi1MExA" "Mozilla/5.0 (Windows NT 5.1; rv:11.0) Gecko/20100101 Firefox/11.0"
74.116.63.13 - - [10/Apr/2012:07:11:06 -0700] "GET /s/ta/34nh/ HTTP/1.1" 302 511 "http://www.facebook.com/l.php?u=http%3A%2F%2Ftawp.in%2Fr%2F34nh&h=1AQGqiyOdAQGXUnfyMdbAoULC_4wZFYQcJuIiBaRpi1MExA" "Mozilla/5.0 (Windows NT 5.1; rv:11.0) Gecko/20100101 Firefox/11.0"
14.99.235.34 - - [10/Apr/2012:07:11:36 -0700] "-" 400 0 "-" "-"
14.99.235.34 - - [10/Apr/2012:07:11:36 -0700] "-" 400 0 "-" "-"
14.99.235.34 - - [10/Apr/2012:07:11:36 -0700] "-" 400 0 "-" "-"
14.99.235.34 - - [10/Apr/2012:07:11:36 -0700] "-" 400 0 "-" "-"
14.99.235.34 - - [10/Apr/2012:07:11:36 -0700] "-" 400 0 "-" "-"
14.99.235.34 - - [10/Apr/2012:07:11:36 -0700] "-" 400 0 "-" "-"
207.46.199.23 - - [10/Apr/2012:07:11:42 -0700] "-" 400 0 "-" "-"
207.46.199.23 - - [10/Apr/2012:07:11:42 -0700] "-" 400 0 "-" "-"
207.46.199.23 - - [10/Apr/2012:07:11:42 -0700] "-" 400 0 "-" "-"
207.46.199.23 - - [10/Apr/2012:07:11:42 -0700] "-" 400 0 "-" "-"
207.46.199.23 - - [10/Apr/2012:07:11:43 -0700] "-" 400 0 "-" "-"
207.46.199.23 - - [10/Apr/2012:07:11:43 -0700] "-" 400 0 "-" "-"
207.46.199.23 - - [10/Apr/2012:07:11:43 -0700] "-" 400 0 "-" "-"
209.85.224.93 - - [10/Apr/2012:07:11:51 -0700] "GET /stories/feed HTTP/1.1" 200 13653 "-" "FeedBurner/1.0 (http://www.FeedBurner.com)"
14.99.235.34 - - [10/Apr/2012:07:11:54 -0700] "-" 400 0 "-" "-"
14.99.235.34 - - [10/Apr/2012:07:11:54 -0700] "-" 400 0 "-" "-"
14.99.235.34 - - [10/Apr/2012:07:11:54 -0700] "-" 400 0 "-" "-"
112.79.41.173 - - [10/Apr/2012:07:12:29 -0700] "-" 400 0 "-" "-"
207.46.199.23 - - [10/Apr/2012:07:12:30 -0700] "-" 400 0 "-" "-"
122.164.11.216 - - [10/Apr/2012:07:13:23 -0700] "-" 400 0 "-" "-"
122.164.11.216 - - [10/Apr/2012:07:13:23 -0700] "-" 400 0 "-" "-"
122.164.11.216 - - [10/Apr/2012:07:13:23 -0700] "-" 400 0 "-" "-"
122.164.11.216 - - [10/Apr/2012:07:13:23 -0700] "-" 400 0 "-" "-"
157.55.112.207 - - [10/Apr/2012:07:14:43 -0700] "-" 400 0 "-" "-"
157.55.112.207 - - [10/Apr/2012:07:14:43 -0700] "-" 400 0 "-" "-"
157.55.112.207 - - [10/Apr/2012:07:14:44 -0700] "-" 400 0 "-" "-"
157.55.112.207 - - [10/Apr/2012:07:14:50 -0700] "-" 400 0 "-" "-"
157.55.112.207 - - [10/Apr/2012:07:14:51 -0700] "-" 400 0 "-" "-"
157.55.112.207 - - [10/Apr/2012:07:14:55 -0700] "-" 400 0 "-" "-"
157.55.112.207 - - [10/Apr/2012:07:14:55 -0700] "-" 400 0 "-" "-"
157.55.112.207 - - [10/Apr/2012:07:14:55 -0700] "-" 400 0 "-" "-"
157.55.112.207 - - [10/Apr/2012:07:14:55 -0700] "-" 400 0 "-" "-"
