59.163.27.11 - - [14/Apr/2012:12:30:47 -0700] "GET /AssessmentBar/r/Unassessed_India_articles/ HTTP/1.1" 302 265 "http://en.wikipedia.org/wiki/Central_Pollution_Control_Board" "Mozilla/5.0 (Windows NT 5.1) AppleWebKit/535.11 (KHTML, like Gecko) Chrome/17.0.963.83 Safari/535.11"
59.163.27.11 - - [14/Apr/2012:12:30:52 -0700] "GET /AssessmentBar/r/Unassessed_India_articles/ HTTP/1.1" 302 275 "http://en.wikipedia.org/wiki/Koshti" "Mozilla/5.0 (Windows NT 5.1) AppleWebKit/535.11 (KHTML, like Gecko) Chrome/17.0.963.83 Safari/535.11"
59.163.27.11 - - [14/Apr/2012:12:30:56 -0700] "GET /AssessmentBar/r/Unassessed_India_articles/ HTTP/1.1" 302 383 "http://en.wikipedia.org/wiki/Gohana" "Mozilla/5.0 (Windows NT 5.1) AppleWebKit/535.11 (KHTML, like Gecko) Chrome/17.0.963.83 Safari/535.11"
59.163.27.11 - - [14/Apr/2012:12:31:18 -0700] "GET /AssessmentBar/r/Unassessed_India_articles/ HTTP/1.1" 302 281 "http://en.wikipedia.org/wiki/Vedal" "Mozilla/5.0 (Windows NT 5.1) AppleWebKit/535.11 (KHTML, like Gecko) Chrome/17.0.963.83 Safari/535.11"
59.163.27.11 - - [14/Apr/2012:12:31:21 -0700] "GET /AssessmentBar/r/Unassessed_India_articles/ HTTP/1.1" 302 309 "http://en.wikipedia.org/wiki/Archery_at_the_2010_Commonwealth_Games_%E2%80%93_Women's_compound_team" "Mozilla/5.0 (Windows NT 5.1) AppleWebKit/535.11 (KHTML, like Gecko) Chrome/17.0.963.83 Safari/535.11"
59.163.27.11 - - [14/Apr/2012:12:31:27 -0700] "GET /AssessmentBar/r/Unassessed_India_articles/ HTTP/1.1" 302 309 "http://en.wikipedia.org/wiki/Savitri_River" "Mozilla/5.0 (Windows NT 5.1) AppleWebKit/535.11 (KHTML, like Gecko) Chrome/17.0.963.83 Safari/535.11"
223.236.158.209 - - [14/Apr/2012:12:32:08 -0700] "-" 400 0 "-" "-"
223.236.158.209 - - [14/Apr/2012:12:32:08 -0700] "-" 400 0 "-" "-"
59.163.27.11 - - [14/Apr/2012:12:32:12 -0700] "GET /AssessmentBar/r/Unassessed_India_articles/ HTTP/1.1" 302 325 "http://en.wikipedia.org/wiki/Self-Realization_Fellowship" "Mozilla/5.0 (Windows NT 5.1) AppleWebKit/535.11 (KHTML, like Gecko) Chrome/17.0.963.83 Safari/535.11"
59.163.27.11 - - [14/Apr/2012:12:32:41 -0700] "GET /AssessmentBar/r/Unassessed_India_articles/ HTTP/1.1" 302 281 "http://en.wikipedia.org/wiki/Chandrakar" "Mozilla/5.0 (Windows NT 5.1) AppleWebKit/535.11 (KHTML, like Gecko) Chrome/17.0.963.83 Safari/535.11"
59.163.27.11 - - [14/Apr/2012:12:32:43 -0700] "GET /AssessmentBar/r/Unassessed_India_articles/ HTTP/1.1" 302 301 "http://en.wikipedia.org/wiki/Rural_Development_Foundation,_India" "Mozilla/5.0 (Windows NT 5.1) AppleWebKit/535.11 (KHTML, like Gecko) Chrome/17.0.963.83 Safari/535.11"
59.163.27.11 - - [14/Apr/2012:12:32:48 -0700] "GET /AssessmentBar/r/Unassessed_India_articles/ HTTP/1.1" 302 271 "http://en.wikipedia.org/wiki/Sitaram_Kesri" "Mozilla/5.0 (Windows NT 5.1) AppleWebKit/535.11 (KHTML, like Gecko) Chrome/17.0.963.83 Safari/535.11"
59.163.27.11 - - [14/Apr/2012:12:32:51 -0700] "GET /AssessmentBar/r/Unassessed_India_articles/ HTTP/1.1" 302 285 "http://en.wikipedia.org/wiki/Palayam,_Thiruvananthapuram" "Mozilla/5.0 (Windows NT 5.1) AppleWebKit/535.11 (KHTML, like Gecko) Chrome/17.0.963.83 Safari/535.11"
59.163.27.11 - - [14/Apr/2012:12:32:54 -0700] "GET /AssessmentBar/r/Unassessed_India_articles/ HTTP/1.1" 302 275 "http://en.wikipedia.org/wiki/R._S._Puram,_Coimbatore" "Mozilla/5.0 (Windows NT 5.1) AppleWebKit/535.11 (KHTML, like Gecko) Chrome/17.0.963.83 Safari/535.11"
59.163.27.11 - - [14/Apr/2012:12:33:24 -0700] "GET /AssessmentBar/r/Unassessed_India_articles/ HTTP/1.1" 302 317 "http://en.wikipedia.org/wiki/Chastana" "Mozilla/5.0 (Windows NT 5.1) AppleWebKit/535.11 (KHTML, like Gecko) Chrome/17.0.963.83 Safari/535.11"
217.69.133.28 - - [14/Apr/2012:12:33:35 -0700] "GET /robots.txt HTTP/1.0" 404 169 "-" "Mozilla/5.0 (compatible; Mail.RU/2.0)"
209.85.224.90 - - [14/Apr/2012:12:33:51 -0700] "GET /stories/feed HTTP/1.1" 200 13653 "-" "FeedBurner/1.0 (http://www.FeedBurner.com)"
59.163.27.11 - - [14/Apr/2012:12:33:58 -0700] "GET /AssessmentBar/r/Unassessed_India_articles/ HTTP/1.1" 302 293 "http://en.wikipedia.org/wiki/Rajasthani" "Mozilla/5.0 (Windows NT 5.1) AppleWebKit/535.11 (KHTML, like Gecko) Chrome/17.0.963.83 Safari/535.11"
59.163.27.11 - - [14/Apr/2012:12:34:01 -0700] "GET /AssessmentBar/r/Unassessed_India_articles/ HTTP/1.1" 302 291 "http://en.wikipedia.org/wiki/Zafar_Ali_Naqvi" "Mozilla/5.0 (Windows NT 5.1) AppleWebKit/535.11 (KHTML, like Gecko) Chrome/17.0.963.83 Safari/535.11"
59.163.27.11 - - [14/Apr/2012:12:34:02 -0700] "GET /AssessmentBar/r/Unassessed_India_articles/ HTTP/1.1" 302 341 "http://en.wikipedia.org/wiki/Kingfisher_Airlines_Tennis_Open" "Mozilla/5.0 (Windows NT 5.1) AppleWebKit/535.11 (KHTML, like Gecko) Chrome/17.0.963.83 Safari/535.11"
115.112.233.233 - - [14/Apr/2012:12:34:25 -0700] "GET /AssessmentBar/r/Unassessed_India_articles/ HTTP/1.1" 302 283 "http://en.wikipedia.org/wiki/Yusuf_Sarai" "Opera/9.80 (Windows NT 5.1; U; en) Presto/2.10.229 Version/11.61"
59.163.27.11 - - [14/Apr/2012:12:34:40 -0700] "GET /AssessmentBar/r/Unassessed_India_articles/ HTTP/1.1" 302 279 "http://en.wikipedia.org/wiki/Vijay_Award_for_Best_Female_Playback_Singer" "Mozilla/5.0 (Windows NT 5.1) AppleWebKit/535.11 (KHTML, like Gecko) Chrome/17.0.963.83 Safari/535.11"
59.163.27.11 - - [14/Apr/2012:12:34:44 -0700] "GET /AssessmentBar/r/Unassessed_India_articles/ HTTP/1.1" 302 277 "http://en.wikipedia.org/wiki/Berger_Paints_India" "Mozilla/5.0 (Windows NT 5.1) AppleWebKit/535.11 (KHTML, like Gecko) Chrome/17.0.963.83 Safari/535.11"
59.163.27.11 - - [14/Apr/2012:12:34:57 -0700] "GET /AssessmentBar/r/Unassessed_India_articles/ HTTP/1.1" 302 263 "http://en.wikipedia.org/wiki/Bharti_Enterprises" "Mozilla/5.0 (Windows NT 5.1) AppleWebKit/535.11 (KHTML, like Gecko) Chrome/17.0.963.83 Safari/535.11"
59.163.27.11 - - [14/Apr/2012:12:34:59 -0700] "GET /AssessmentBar/r/Unassessed_India_articles/ HTTP/1.1" 302 285 "http://en.wikipedia.org/wiki/Anginda_peak" "Mozilla/5.0 (Windows NT 5.1) AppleWebKit/535.11 (KHTML, like Gecko) Chrome/17.0.963.83 Safari/535.11"
59.163.27.11 - - [14/Apr/2012:12:35:02 -0700] "GET /AssessmentBar/r/Unassessed_India_articles/ HTTP/1.1" 302 283 "http://en.wikipedia.org/wiki/Prem_Bhatia" "Mozilla/5.0 (Windows NT 5.1) AppleWebKit/535.11 (KHTML, like Gecko) Chrome/17.0.963.83 Safari/535.11"
59.163.27.11 - - [14/Apr/2012:12:35:04 -0700] "GET /AssessmentBar/r/Unassessed_India_articles/ HTTP/1.1" 302 281 "http://en.wikipedia.org/wiki/Narindar_Saroop" "Mozilla/5.0 (Windows NT 5.1) AppleWebKit/535.11 (KHTML, like Gecko) Chrome/17.0.963.83 Safari/535.11"
115.112.233.233 - - [14/Apr/2012:12:35:13 -0700] "GET /AssessmentBar/r/Unassessed_India_articles/ HTTP/1.1" 302 287 "http://en.wikipedia.org/wiki/Karishma_Tanna" "Opera/9.80 (Windows NT 5.1; U; en) Presto/2.10.229 Version/11.61"
59.163.27.11 - - [14/Apr/2012:12:35:16 -0700] "GET /AssessmentBar/r/Unassessed_India_articles/ HTTP/1.1" 302 277 "http://en.wikipedia.org/wiki/Vatakku_Vasal" "Mozilla/5.0 (Windows NT 5.1) AppleWebKit/535.11 (KHTML, like Gecko) Chrome/17.0.963.83 Safari/535.11"
59.163.27.11 - - [14/Apr/2012:12:35:23 -0700] "GET /AssessmentBar/r/Unassessed_India_articles/ HTTP/1.1" 302 281 "http://en.wikipedia.org/wiki/Jishu_Sengupta" "Mozilla/5.0 (Windows NT 5.1) AppleWebKit/535.11 (KHTML, like Gecko) Chrome/17.0.963.83 Safari/535.11"
59.163.27.11 - - [14/Apr/2012:12:35:49 -0700] "GET /AssessmentBar/r/Unassessed_India_articles/ HTTP/1.1" 302 267 "http://en.wikipedia.org/wiki/Pravarakhyudu" "Mozilla/5.0 (Windows NT 5.1) AppleWebKit/535.11 (KHTML, like Gecko) Chrome/17.0.963.83 Safari/535.11"
59.163.27.11 - - [14/Apr/2012:12:35:53 -0700] "GET /AssessmentBar/r/Unassessed_India_articles/ HTTP/1.1" 302 293 "http://en.wikipedia.org/wiki/Paddy_Upton" "Mozilla/5.0 (Windows NT 5.1) AppleWebKit/535.11 (KHTML, like Gecko) Chrome/17.0.963.83 Safari/535.11"
59.163.27.11 - - [14/Apr/2012:12:35:55 -0700] "GET /AssessmentBar/r/Unassessed_India_articles/ HTTP/1.1" 302 303 "http://en.wikipedia.org/wiki/FTWZ" "Mozilla/5.0 (Windows NT 5.1) AppleWebKit/535.11 (KHTML, like Gecko) Chrome/17.0.963.83 Safari/535.11"
115.112.233.233 - - [14/Apr/2012:12:35:57 -0700] "GET /AssessmentBar/r/Unassessed_India_articles/ HTTP/1.1" 302 287 "http://en.wikipedia.org/wiki/Talk:Allen_Forest_Zoo" "Opera/9.80 (Windows NT 5.1; U; en) Presto/2.10.229 Version/11.61"
59.163.27.11 - - [14/Apr/2012:12:36:22 -0700] "GET /AssessmentBar/r/Unassessed_India_articles/ HTTP/1.1" 302 271 "http://en.wikipedia.org/wiki/Kalka_Mandir,_Delhi" "Mozilla/5.0 (Windows NT 5.1) AppleWebKit/535.11 (KHTML, like Gecko) Chrome/17.0.963.83 Safari/535.11"
59.163.27.11 - - [14/Apr/2012:12:36:24 -0700] "GET /AssessmentBar/r/Unassessed_India_articles/ HTTP/1.1" 302 265 "http://en.wikipedia.org/wiki/Roman_Catholicism_in_Goa" "Mozilla/5.0 (Windows NT 5.1) AppleWebKit/535.11 (KHTML, like Gecko) Chrome/17.0.963.83 Safari/535.11"
59.163.27.11 - - [14/Apr/2012:12:36:39 -0700] "GET /AssessmentBar/r/Unassessed_India_articles/ HTTP/1.1" 302 271 "http://en.wikipedia.org/wiki/Azimabad" "Mozilla/5.0 (Windows NT 5.1) AppleWebKit/535.11 (KHTML, like Gecko) Chrome/17.0.963.83 Safari/535.11"
59.163.27.11 - - [14/Apr/2012:12:36:53 -0700] "GET /AssessmentBar/r/Unassessed_India_articles/ HTTP/1.1" 302 329 "http://en.wikipedia.org/wiki/Ghotra" "Mozilla/5.0 (Windows NT 5.1) AppleWebKit/535.11 (KHTML, like Gecko) Chrome/17.0.963.83 Safari/535.11"
59.163.27.11 - - [14/Apr/2012:12:37:06 -0700] "GET /AssessmentBar/r/Unassessed_India_articles/ HTTP/1.1" 302 299 "http://en.wikipedia.org/wiki/Thangadu" "Mozilla/5.0 (Windows NT 5.1) AppleWebKit/535.11 (KHTML, like Gecko) Chrome/17.0.963.83 Safari/535.11"
59.163.27.11 - - [14/Apr/2012:12:38:11 -0700] "GET /AssessmentBar/r/Unassessed_India_articles/ HTTP/1.1" 302 285 "http://en.wikipedia.org/wiki/Devi_Ahilya_University" "Mozilla/5.0 (Windows NT 5.1) AppleWebKit/535.11 (KHTML, like Gecko) Chrome/17.0.963.83 Safari/535.11"
59.163.27.11 - - [14/Apr/2012:12:38:39 -0700] "GET /AssessmentBar/r/Unassessed_India_articles/ HTTP/1.1" 302 323 "http://en.wikipedia.org/wiki/External_commercial_borrowing_(India)" "Mozilla/5.0 (Windows NT 5.1) AppleWebKit/535.11 (KHTML, like Gecko) Chrome/17.0.963.83 Safari/535.11"
85.17.88.169 - - [14/Apr/2012:12:38:40 -0700] "POST /blog/wp-cron.php?doing_wp_cron=1334431964 HTTP/1.0" 499 0 "-" "WordPress/3.3.1; http://yuvi.in/blog"
66.135.57.47 - - [14/Apr/2012:12:38:40 -0700] "GET /blog/my-vimrc/ HTTP/1.0" 200 16009 "-" "Mozilla/5.0 (Windows; U; Windows NT 5.1; rv:1.7.3) Gecko/20041001 Firefox/0.10.1"
59.163.27.11 - - [14/Apr/2012:12:38:41 -0700] "GET /AssessmentBar/r/Unassessed_India_articles/ HTTP/1.1" 302 315 "http://en.wikipedia.org/wiki/Prarthana_Samaj" "Mozilla/5.0 (Windows NT 5.1) AppleWebKit/535.11 (KHTML, like Gecko) Chrome/17.0.963.83 Safari/535.11"
85.17.88.169 - - [14/Apr/2012:12:38:43 -0700] "POST /blog/wp-cron.php?doing_wp_cron=1334431967 HTTP/1.0" 499 0 "-" "WordPress/3.3.1; http://yuvi.in/blog"
59.163.27.11 - - [14/Apr/2012:12:38:43 -0700] "GET /AssessmentBar/r/Unassessed_India_articles/ HTTP/1.1" 302 361 "http://en.wikipedia.org/wiki/Kirtu" "Mozilla/5.0 (Windows NT 5.1) AppleWebKit/535.11 (KHTML, like Gecko) Chrome/17.0.963.83 Safari/535.11"
66.135.57.47 - - [14/Apr/2012:12:38:43 -0700] "GET /blog/college-drop/ HTTP/1.0" 200 18395 "-" "Mozilla/5.0 (Windows; U; Windows NT 5.1; rv:1.7.3) Gecko/20041001 Firefox/0.10.1"
59.163.27.11 - - [14/Apr/2012:12:38:46 -0700] "GET /AssessmentBar/r/Unassessed_India_articles/ HTTP/1.1" 302 313 "http://en.wikipedia.org/wiki/Air_Force_Golden_Jubilee_Institute" "Mozilla/5.0 (Windows NT 5.1) AppleWebKit/535.11 (KHTML, like Gecko) Chrome/17.0.963.83 Safari/535.11"
85.17.88.169 - - [14/Apr/2012:12:38:46 -0700] "POST /blog/wp-cron.php?doing_wp_cron=1334431970 HTTP/1.0" 499 0 "-" "WordPress/3.3.1; http://yuvi.in/blog"
66.135.57.47 - - [14/Apr/2012:12:38:47 -0700] "GET /blog/passing-headers-proxying-nginx/ HTTP/1.0" 200 16690 "-" "Mozilla/5.0 (Windows; U; Windows NT 5.1; rv:1.7.3) Gecko/20041001 Firefox/0.10.1"
59.163.27.11 - - [14/Apr/2012:12:38:48 -0700] "GET /AssessmentBar/r/Unassessed_India_articles/ HTTP/1.1" 302 345 "http://en.wikipedia.org/wiki/Lok_Raj_Party_Himachal_Pradesh" "Mozilla/5.0 (Windows NT 5.1) AppleWebKit/535.11 (KHTML, like Gecko) Chrome/17.0.963.83 Safari/535.11"
85.17.88.169 - - [14/Apr/2012:12:38:50 -0700] "POST /blog/wp-cron.php?doing_wp_cron=1334431974 HTTP/1.0" 499 0 "-" "WordPress/3.3.1; http://yuvi.in/blog"
66.135.57.47 - - [14/Apr/2012:12:38:50 -0700] "GET /blog/program/ HTTP/1.0" 200 27214 "-" "Mozilla/5.0 (Windows; U; Windows NT 5.1; rv:1.7.3) Gecko/20041001 Firefox/0.10.1"
85.17.88.169 - - [14/Apr/2012:12:38:53 -0700] "POST /blog/wp-cron.php?doing_wp_cron=1334431977 HTTP/1.0" 499 0 "-" "WordPress/3.3.1; http://yuvi.in/blog"
66.135.57.47 - - [14/Apr/2012:12:38:53 -0700] "GET /blog/devlog-december-26-2011/ HTTP/1.0" 200 16694 "-" "Mozilla/5.0 (Windows; U; Windows NT 5.1; rv:1.7.3) Gecko/20041001 Firefox/0.10.1"
85.17.88.169 - - [14/Apr/2012:12:38:56 -0700] "POST /blog/wp-cron.php?doing_wp_cron=1334431980 HTTP/1.0" 499 0 "-" "WordPress/3.3.1; http://yuvi.in/blog"
66.135.57.47 - - [14/Apr/2012:12:38:57 -0700] "GET /blog/devlog-december-23-2011/ HTTP/1.0" 200 16517 "-" "Mozilla/5.0 (Windows; U; Windows NT 5.1; rv:1.7.3) Gecko/20041001 Firefox/0.10.1"
85.17.88.169 - - [14/Apr/2012:12:38:59 -0700] "POST /blog/wp-cron.php?doing_wp_cron=1334431984 HTTP/1.0" 499 0 "-" "WordPress/3.3.1; http://yuvi.in/blog"
66.135.57.47 - - [14/Apr/2012:12:39:01 -0700] "GET /blog/devlog-december-21-2011/ HTTP/1.0" 200 17121 "-" "Mozilla/5.0 (Windows; U; Windows NT 5.1; rv:1.7.3) Gecko/20041001 Firefox/0.10.1"
85.17.88.169 - - [14/Apr/2012:12:39:03 -0700] "POST /blog/wp-cron.php?doing_wp_cron=1334431988 HTTP/1.0" 499 0 "-" "WordPress/3.3.1; http://yuvi.in/blog"
66.135.57.47 - - [14/Apr/2012:12:39:04 -0700] "GET /blog/devlog-december-11-2011/ HTTP/1.0" 200 16592 "-" "Mozilla/5.0 (Windows; U; Windows NT 5.1; rv:1.7.3) Gecko/20041001 Firefox/0.10.1"
85.17.88.169 - - [14/Apr/2012:12:39:07 -0700] "POST /blog/wp-cron.php?doing_wp_cron=1334431991 HTTP/1.0" 499 0 "-" "WordPress/3.3.1; http://yuvi.in/blog"
66.135.57.47 - - [14/Apr/2012:12:39:07 -0700] "GET /blog/devlog-december-10-2011/ HTTP/1.0" 200 16387 "-" "Mozilla/5.0 (Windows; U; Windows NT 5.1; rv:1.7.3) Gecko/20041001 Firefox/0.10.1"
85.17.88.169 - - [14/Apr/2012:12:39:10 -0700] "POST /blog/wp-cron.php?doing_wp_cron=1334431994 HTTP/1.0" 499 0 "-" "WordPress/3.3.1; http://yuvi.in/blog"
66.135.57.47 - - [14/Apr/2012:12:39:10 -0700] "GET /blog/devlog-december-7-2011/ HTTP/1.0" 200 16833 "-" "Mozilla/5.0 (Windows; U; Windows NT 5.1; rv:1.7.3) Gecko/20041001 Firefox/0.10.1"
59.163.27.11 - - [14/Apr/2012:12:39:42 -0700] "GET /AssessmentBar/r/Unassessed_India_articles/ HTTP/1.1" 302 275 "http://en.wikipedia.org/wiki/Syro-Malabar_Catholic_Archdiocese_of_Thrissur" "Mozilla/5.0 (Windows NT 5.1) AppleWebKit/535.11 (KHTML, like Gecko) Chrome/17.0.963.83 Safari/535.11"
59.163.27.11 - - [14/Apr/2012:12:39:51 -0700] "GET /AssessmentBar/r/Unassessed_India_articles/ HTTP/1.1" 302 311 "http://en.wikipedia.org/wiki/Etikoppaka" "Mozilla/5.0 (Windows NT 5.1) AppleWebKit/535.11 (KHTML, like Gecko) Chrome/17.0.963.83 Safari/535.11"
59.163.27.11 - - [14/Apr/2012:12:39:53 -0700] "GET /AssessmentBar/r/Unassessed_India_articles/ HTTP/1.1" 302 301 "http://en.wikipedia.org/wiki/Vyasanakere_Prabhanjanacharya" "Mozilla/5.0 (Windows NT 5.1) AppleWebKit/535.11 (KHTML, like Gecko) Chrome/17.0.963.83 Safari/535.11"
59.163.27.11 - - [14/Apr/2012:12:39:56 -0700] "GET /AssessmentBar/r/Unassessed_India_articles/ HTTP/1.1" 302 313 "http://en.wikipedia.org/wiki/Gohana" "Mozilla/5.0 (Windows NT 5.1) AppleWebKit/535.11 (KHTML, like Gecko) Chrome/17.0.963.83 Safari/535.11"
59.163.27.11 - - [14/Apr/2012:12:39:58 -0700] "GET /AssessmentBar/r/Unassessed_India_articles/ HTTP/1.1" 302 317 "http://en.wikipedia.org/wiki/Famous_people_of_West_Bengal" "Mozilla/5.0 (Windows NT 5.1) AppleWebKit/535.11 (KHTML, like Gecko) Chrome/17.0.963.83 Safari/535.11"
59.163.27.11 - - [14/Apr/2012:12:40:28 -0700] "GET /AssessmentBar/r/Unassessed_India_articles/ HTTP/1.1" 302 267 "http://en.wikipedia.org/wiki/Pollution_of_the_Ganges" "Mozilla/5.0 (Windows NT 5.1) AppleWebKit/535.11 (KHTML, like Gecko) Chrome/17.0.963.83 Safari/535.11"
59.163.27.11 - - [14/Apr/2012:12:41:03 -0700] "GET /AssessmentBar/r/Unassessed_India_articles/ HTTP/1.1" 302 331 "http://en.wikipedia.org/wiki/Indian_National_Youth_Orchestra" "Mozilla/5.0 (Windows NT 5.1) AppleWebKit/535.11 (KHTML, like Gecko) Chrome/17.0.963.83 Safari/535.11"
59.163.27.11 - - [14/Apr/2012:12:41:27 -0700] "GET /AssessmentBar/r/Unassessed_India_articles/ HTTP/1.1" 302 275 "http://en.wikipedia.org/wiki/Daaman" "Mozilla/5.0 (Windows NT 5.1) AppleWebKit/535.11 (KHTML, like Gecko) Chrome/17.0.963.83 Safari/535.11"
59.163.27.11 - - [14/Apr/2012:12:41:29 -0700] "GET /AssessmentBar/r/Unassessed_India_articles/ HTTP/1.1" 302 361 "http://en.wikipedia.org/wiki/Villages_in_Pilibhit_District" "Mozilla/5.0 (Windows NT 5.1) AppleWebKit/535.11 (KHTML, like Gecko) Chrome/17.0.963.83 Safari/535.11"
59.163.27.11 - - [14/Apr/2012:12:41:31 -0700] "GET /AssessmentBar/r/Unassessed_India_articles/ HTTP/1.1" 302 279 "http://en.wikipedia.org/wiki/RCVP_Noronha_Academy_of_Administration" "Mozilla/5.0 (Windows NT 5.1) AppleWebKit/535.11 (KHTML, like Gecko) Chrome/17.0.963.83 Safari/535.11"
59.163.27.11 - - [14/Apr/2012:12:41:37 -0700] "GET /AssessmentBar/r/Unassessed_India_articles/ HTTP/1.1" 302 283 "http://en.wikipedia.org/wiki/Aryan_Rajesh" "Mozilla/5.0 (Windows NT 5.1) AppleWebKit/535.11 (KHTML, like Gecko) Chrome/17.0.963.83 Safari/535.11"
59.163.27.11 - - [14/Apr/2012:12:41:39 -0700] "GET /AssessmentBar/r/Unassessed_India_articles/ HTTP/1.1" 302 281 "http://en.wikipedia.org/wiki/Sarvepalli" "Mozilla/5.0 (Windows NT 5.1) AppleWebKit/535.11 (KHTML, like Gecko) Chrome/17.0.963.83 Safari/535.11"
59.163.27.11 - - [14/Apr/2012:12:41:41 -0700] "GET /AssessmentBar/r/Unassessed_India_articles/ HTTP/1.1" 302 265 "http://en.wikipedia.org/wiki/Prince_of_Wales_Institute_Of_Engineering_&_Technology" "Mozilla/5.0 (Windows NT 5.1) AppleWebKit/535.11 (KHTML, like Gecko) Chrome/17.0.963.83 Safari/535.11"
59.163.27.11 - - [14/Apr/2012:12:41:48 -0700] "GET /AssessmentBar/r/Unassessed_India_articles/ HTTP/1.1" 302 277 "http://en.wikipedia.org/wiki/Terai" "Mozilla/5.0 (Windows NT 5.1) AppleWebKit/535.11 (KHTML, like Gecko) Chrome/17.0.963.83 Safari/535.11"
59.163.27.11 - - [14/Apr/2012:12:41:50 -0700] "GET /AssessmentBar/r/Unassessed_India_articles/ HTTP/1.1" 302 333 "http://en.wikipedia.org/wiki/Radhanath_Ray" "Mozilla/5.0 (Windows NT 5.1) AppleWebKit/535.11 (KHTML, like Gecko) Chrome/17.0.963.83 Safari/535.11"
59.163.27.11 - - [14/Apr/2012:12:42:11 -0700] "GET /AssessmentBar/r/Unassessed_India_articles/ HTTP/1.1" 302 283 "http://en.wikipedia.org/wiki/Sport_in_Delhi" "Mozilla/5.0 (Windows NT 5.1) AppleWebKit/535.11 (KHTML, like Gecko) Chrome/17.0.963.83 Safari/535.11"
59.163.27.11 - - [14/Apr/2012:12:42:24 -0700] "GET /AssessmentBar/r/Unassessed_India_articles/ HTTP/1.1" 302 339 "http://en.wikipedia.org/wiki/A.M.Sreedharan" "Mozilla/5.0 (Windows NT 5.1) AppleWebKit/535.11 (KHTML, like Gecko) Chrome/17.0.963.83 Safari/535.11"
59.163.27.11 - - [14/Apr/2012:12:42:26 -0700] "GET /AssessmentBar/r/Unassessed_India_articles/ HTTP/1.1" 302 287 "http://en.wikipedia.org/wiki/Shiromani_Gurdwara_Parbandhak_Committee" "Mozilla/5.0 (Windows NT 5.1) AppleWebKit/535.11 (KHTML, like Gecko) Chrome/17.0.963.83 Safari/535.11"
59.163.27.11 - - [14/Apr/2012:12:42:35 -0700] "GET /AssessmentBar/r/Unassessed_India_articles/ HTTP/1.1" 302 273 "http://en.wikipedia.org/wiki/Part_Fourteen_of_the_Constitution_of_India" "Mozilla/5.0 (Windows NT 5.1) AppleWebKit/535.11 (KHTML, like Gecko) Chrome/17.0.963.83 Safari/535.11"
59.163.27.11 - - [14/Apr/2012:12:42:38 -0700] "GET /AssessmentBar/r/Unassessed_India_articles/ HTTP/1.1" 302 303 "http://en.wikipedia.org/wiki/Adiyeduttharulal" "Mozilla/5.0 (Windows NT 5.1) AppleWebKit/535.11 (KHTML, like Gecko) Chrome/17.0.963.83 Safari/535.11"
59.163.27.11 - - [14/Apr/2012:12:42:40 -0700] "GET /AssessmentBar/r/Unassessed_India_articles/ HTTP/1.1" 302 285 "http://en.wikipedia.org/wiki/Manoj_Joshi" "Mozilla/5.0 (Windows NT 5.1) AppleWebKit/535.11 (KHTML, like Gecko) Chrome/17.0.963.83 Safari/535.11"
59.163.27.11 - - [14/Apr/2012:12:42:52 -0700] "GET /AssessmentBar/r/Unassessed_India_articles/ HTTP/1.1" 302 293 "http://en.wikipedia.org/wiki/Luv_Sinha" "Mozilla/5.0 (Windows NT 5.1) AppleWebKit/535.11 (KHTML, like Gecko) Chrome/17.0.963.83 Safari/535.11"
59.163.27.11 - - [14/Apr/2012:12:42:55 -0700] "GET /AssessmentBar/r/Unassessed_India_articles/ HTTP/1.1" 302 289 "http://en.wikipedia.org/wiki/Vindhya_Pradesh" "Mozilla/5.0 (Windows NT 5.1) AppleWebKit/535.11 (KHTML, like Gecko) Chrome/17.0.963.83 Safari/535.11"
59.163.27.11 - - [14/Apr/2012:12:42:57 -0700] "GET /AssessmentBar/r/Unassessed_India_articles/ HTTP/1.1" 302 265 "http://en.wikipedia.org/wiki/Muhammad_Yaqub_Nanautawi" "Mozilla/5.0 (Windows NT 5.1) AppleWebKit/535.11 (KHTML, like Gecko) Chrome/17.0.963.83 Safari/535.11"
59.163.27.11 - - [14/Apr/2012:12:42:59 -0700] "GET /AssessmentBar/r/Unassessed_India_articles/ HTTP/1.1" 302 309 "http://en.wikipedia.org/wiki/G._Kuppuswami_Naidu" "Mozilla/5.0 (Windows NT 5.1) AppleWebKit/535.11 (KHTML, like Gecko) Chrome/17.0.963.83 Safari/535.11"
59.163.27.11 - - [14/Apr/2012:12:43:02 -0700] "GET /AssessmentBar/r/Unassessed_India_articles/ HTTP/1.1" 302 279 "http://en.wikipedia.org/wiki/Vedal" "Mozilla/5.0 (Windows NT 5.1) AppleWebKit/535.11 (KHTML, like Gecko) Chrome/17.0.963.83 Safari/535.11"
59.163.27.11 - - [14/Apr/2012:12:43:26 -0700] "GET /AssessmentBar/r/Unassessed_India_articles/ HTTP/1.1" 302 279 "http://en.wikipedia.org/wiki/Chak-e-Arsala_Khan,_Kashmir" "Mozilla/5.0 (Windows NT 5.1) AppleWebKit/535.11 (KHTML, like Gecko) Chrome/17.0.963.83 Safari/535.11"
59.163.27.11 - - [14/Apr/2012:12:43:28 -0700] "GET /AssessmentBar/r/Unassessed_India_articles/ HTTP/1.1" 302 285 "http://en.wikipedia.org/wiki/Hemant_Joshi" "Mozilla/5.0 (Windows NT 5.1) AppleWebKit/535.11 (KHTML, like Gecko) Chrome/17.0.963.83 Safari/535.11"
59.163.27.11 - - [14/Apr/2012:12:43:31 -0700] "GET /AssessmentBar/r/Unassessed_India_articles/ HTTP/1.1" 302 305 "http://en.wikipedia.org/wiki/Swami_Sundaranand" "Mozilla/5.0 (Windows NT 5.1) AppleWebKit/535.11 (KHTML, like Gecko) Chrome/17.0.963.83 Safari/535.11"
59.163.27.11 - - [14/Apr/2012:12:44:26 -0700] "GET /AssessmentBar/r/Unassessed_India_articles/ HTTP/1.1" 302 283 "http://en.wikipedia.org/wiki/Baba_Balak_Nath" "Mozilla/5.0 (Windows NT 5.1) AppleWebKit/535.11 (KHTML, like Gecko) Chrome/17.0.963.83 Safari/535.11"
59.163.27.11 - - [14/Apr/2012:12:44:28 -0700] "GET /AssessmentBar/r/Unassessed_India_articles/ HTTP/1.1" 302 285 "http://en.wikipedia.org/wiki/HELP_Tourism" "Mozilla/5.0 (Windows NT 5.1) AppleWebKit/535.11 (KHTML, like Gecko) Chrome/17.0.963.83 Safari/535.11"
59.163.27.11 - - [14/Apr/2012:12:44:43 -0700] "GET /AssessmentBar/r/Unassessed_India_articles/ HTTP/1.1" 302 341 "http://en.wikipedia.org/wiki/Baba_Balak_Nath" "Mozilla/5.0 (Windows NT 5.1) AppleWebKit/535.11 (KHTML, like Gecko) Chrome/17.0.963.83 Safari/535.11"
115.112.233.233 - - [14/Apr/2012:12:45:06 -0700] "GET /AssessmentBar/r/Unassessed_India_articles/ HTTP/1.1" 302 301 "http://en.wikipedia.org/wiki/K._R._Ramanathan" "Opera/9.80 (Windows NT 5.1; U; en) Presto/2.10.229 Version/11.61"
85.17.88.169 - - [14/Apr/2012:12:45:10 -0700] "POST /blog/wp-cron.php?doing_wp_cron=1334432354 HTTP/1.0" 499 0 "-" "WordPress/3.3.1; http://yuvi.in/blog"
100.43.83.144 - - [14/Apr/2012:12:45:11 -0700] "GET /blog/tag/code/ HTTP/1.1" 200 9000 "-" "Mozilla/5.0 (compatible; YandexBot/3.0; +http://yandex.com/bots)"
59.163.27.11 - - [14/Apr/2012:12:45:11 -0700] "GET /AssessmentBar/r/Unassessed_India_articles/ HTTP/1.1" 302 311 "http://en.wikipedia.org/wiki/Sasthamangalam" "Mozilla/5.0 (Windows NT 5.1) AppleWebKit/535.11 (KHTML, like Gecko) Chrome/17.0.963.83 Safari/535.11"
59.163.27.11 - - [14/Apr/2012:12:45:14 -0700] "GET /AssessmentBar/r/Unassessed_India_articles/ HTTP/1.1" 302 293 "http://en.wikipedia.org/wiki/Girideepam_Bethany_School" "Mozilla/5.0 (Windows NT 5.1) AppleWebKit/535.11 (KHTML, like Gecko) Chrome/17.0.963.83 Safari/535.11"
59.163.27.11 - - [14/Apr/2012:12:45:16 -0700] "GET /AssessmentBar/r/Unassessed_India_articles/ HTTP/1.1" 302 287 "http://en.wikipedia.org/wiki/Naranjan_Dhalla" "Mozilla/5.0 (Windows NT 5.1) AppleWebKit/535.11 (KHTML, like Gecko) Chrome/17.0.963.83 Safari/535.11"
59.163.27.11 - - [14/Apr/2012:12:45:45 -0700] "GET /AssessmentBar/r/Unassessed_India_articles/ HTTP/1.1" 302 267 "http://en.wikipedia.org/wiki/Places_of_importance_in_Malappuram_district" "Mozilla/5.0 (Windows NT 5.1) AppleWebKit/535.11 (KHTML, like Gecko) Chrome/17.0.963.83 Safari/535.11"
59.163.27.11 - - [14/Apr/2012:12:46:21 -0700] "GET /AssessmentBar/r/Unassessed_India_articles/ HTTP/1.1" 302 271 "http://en.wikipedia.org/wiki/Isha_Home_School" "Mozilla/5.0 (Windows NT 5.1) AppleWebKit/535.11 (KHTML, like Gecko) Chrome/17.0.963.83 Safari/535.11"
59.163.27.11 - - [14/Apr/2012:12:46:51 -0700] "GET /AssessmentBar/r/Unassessed_India_articles/ HTTP/1.1" 302 291 "http://en.wikipedia.org/wiki/Cravingz" "Mozilla/5.0 (Windows NT 5.1) AppleWebKit/535.11 (KHTML, like Gecko) Chrome/17.0.963.83 Safari/535.11"
59.163.27.11 - - [14/Apr/2012:12:46:53 -0700] "GET /AssessmentBar/r/Unassessed_India_articles/ HTTP/1.1" 302 281 "http://en.wikipedia.org/wiki/Vemana" "Mozilla/5.0 (Windows NT 5.1) AppleWebKit/535.11 (KHTML, like Gecko) Chrome/17.0.963.83 Safari/535.11"
59.163.27.11 - - [14/Apr/2012:12:46:55 -0700] "GET /AssessmentBar/r/Unassessed_India_articles/ HTTP/1.1" 302 273 "http://en.wikipedia.org/wiki/Thanjavur_Subha_Rao" "Mozilla/5.0 (Windows NT 5.1) AppleWebKit/535.11 (KHTML, like Gecko) Chrome/17.0.963.83 Safari/535.11"
59.163.27.11 - - [14/Apr/2012:12:47:02 -0700] "GET /AssessmentBar/r/Unassessed_India_articles/ HTTP/1.1" 302 287 "http://en.wikipedia.org/wiki/Neelan_Tiruchelvam" "Mozilla/5.0 (Windows NT 5.1) AppleWebKit/535.11 (KHTML, like Gecko) Chrome/17.0.963.83 Safari/535.11"
115.112.233.233 - - [14/Apr/2012:12:47:18 -0700] "GET /AssessmentBar/r/Unassessed_India_articles/ HTTP/1.1" 302 287 "http://en.wikipedia.org/wiki/Talk:India%E2%80%93Malta_relations" "Opera/9.80 (Windows NT 5.1; U; en) Presto/2.10.229 Version/11.61"
115.112.233.233 - - [14/Apr/2012:12:47:40 -0700] "GET /AssessmentBar/r/Unassessed_India_articles/ HTTP/1.1" 302 287 "http://en.wikipedia.org/wiki/Housing_in_India" "Opera/9.80 (Windows NT 5.1; U; en) Presto/2.10.229 Version/11.61"
59.163.27.11 - - [14/Apr/2012:12:47:53 -0700] "GET /AssessmentBar/r/Unassessed_India_articles/ HTTP/1.1" 302 279 "http://en.wikipedia.org/wiki/Kesalingayapalli" "Mozilla/5.0 (Windows NT 5.1) AppleWebKit/535.11 (KHTML, like Gecko) Chrome/17.0.963.83 Safari/535.11"
115.112.233.233 - - [14/Apr/2012:12:48:15 -0700] "GET /AssessmentBar/r/Unassessed_India_articles/ HTTP/1.1" 302 333 "http://en.wikipedia.org/wiki/Gautham_Hospital" "Opera/9.80 (Windows NT 5.1; U; en) Presto/2.10.229 Version/11.61"
59.163.27.11 - - [14/Apr/2012:12:48:17 -0700] "GET /AssessmentBar/r/Unassessed_India_articles/ HTTP/1.1" 302 291 "http://en.wikipedia.org/wiki/Kesalingayapalli" "Mozilla/5.0 (Windows NT 5.1) AppleWebKit/535.11 (KHTML, like Gecko) Chrome/17.0.963.83 Safari/535.11"
59.163.27.11 - - [14/Apr/2012:12:48:19 -0700] "GET /AssessmentBar/r/Unassessed_India_articles/ HTTP/1.1" 302 289 "http://en.wikipedia.org/wiki/Suvetha_River" "Mozilla/5.0 (Windows NT 5.1) AppleWebKit/535.11 (KHTML, like Gecko) Chrome/17.0.963.83 Safari/535.11"
59.163.27.11 - - [14/Apr/2012:12:48:23 -0700] "GET /AssessmentBar/r/Unassessed_India_articles/ HTTP/1.1" 302 309 "http://en.wikipedia.org/wiki/Samaspur_Sanctuary" "Mozilla/5.0 (Windows NT 5.1) AppleWebKit/535.11 (KHTML, like Gecko) Chrome/17.0.963.83 Safari/535.11"
59.163.27.11 - - [14/Apr/2012:12:48:25 -0700] "GET /AssessmentBar/r/Unassessed_India_articles/ HTTP/1.1" 302 285 "http://en.wikipedia.org/wiki/Karri_Sriram" "Mozilla/5.0 (Windows NT 5.1) AppleWebKit/535.11 (KHTML, like Gecko) Chrome/17.0.963.83 Safari/535.11"
59.163.27.11 - - [14/Apr/2012:12:48:26 -0700] "GET /AssessmentBar/r/Unassessed_India_articles/ HTTP/1.1" 302 289 "http://en.wikipedia.org/wiki/Lal_Chowk" "Mozilla/5.0 (Windows NT 5.1) AppleWebKit/535.11 (KHTML, like Gecko) Chrome/17.0.963.83 Safari/535.11"
59.163.27.11 - - [14/Apr/2012:12:48:28 -0700] "GET /AssessmentBar/r/Unassessed_India_articles/ HTTP/1.1" 302 271 "http://en.wikipedia.org/wiki/John_Scudder,_Sr." "Mozilla/5.0 (Windows NT 5.1) AppleWebKit/535.11 (KHTML, like Gecko) Chrome/17.0.963.83 Safari/535.11"
59.163.27.11 - - [14/Apr/2012:12:48:31 -0700] "GET /AssessmentBar/r/Unassessed_India_articles/ HTTP/1.1" 302 303 "http://en.wikipedia.org/wiki/Orisha_hooch_tragedy_(2012)" "Mozilla/5.0 (Windows NT 5.1) AppleWebKit/535.11 (KHTML, like Gecko) Chrome/17.0.963.83 Safari/535.11"
59.163.27.11 - - [14/Apr/2012:12:48:40 -0700] "GET /AssessmentBar/r/Unassessed_India_articles/ HTTP/1.1" 302 369 "http://en.wikipedia.org/wiki/Bachgoti" "Mozilla/5.0 (Windows NT 5.1) AppleWebKit/535.11 (KHTML, like Gecko) Chrome/17.0.963.83 Safari/535.11"
59.163.27.11 - - [14/Apr/2012:12:48:42 -0700] "GET /AssessmentBar/r/Unassessed_India_articles/ HTTP/1.1" 302 279 "http://en.wikipedia.org/wiki/Patika_Kusulaka" "Mozilla/5.0 (Windows NT 5.1) AppleWebKit/535.11 (KHTML, like Gecko) Chrome/17.0.963.83 Safari/535.11"
115.112.233.233 - - [14/Apr/2012:12:48:43 -0700] "GET /AssessmentBar/r/Unassessed_India_articles/ HTTP/1.1" 302 283 "http://en.wikipedia.org/wiki/National_Centre_for_Science_Information" "Opera/9.80 (Windows NT 5.1; U; en) Presto/2.10.229 Version/11.61"
59.163.27.11 - - [14/Apr/2012:12:48:55 -0700] "GET /AssessmentBar/r/Unassessed_India_articles/ HTTP/1.1" 302 283 "http://en.wikipedia.org/wiki/Gymnastics_at_the_2010_Commonwealth_Games_%E2%80%93_Men's_floor" "Mozilla/5.0 (Windows NT 5.1) AppleWebKit/535.11 (KHTML, like Gecko) Chrome/17.0.963.83 Safari/535.11"
85.17.88.169 - - [14/Apr/2012:12:49:02 -0700] "POST /blog/wp-cron.php?doing_wp_cron=1334432586 HTTP/1.0" 499 0 "-" "WordPress/3.3.1; http://yuvi.in/blog"
209.85.144.80 - - [14/Apr/2012:12:49:02 -0700] "GET /blog/feed HTTP/1.1" 304 0 "-" "FeedBurner/1.0 (http://www.FeedBurner.com)"
59.163.27.11 - - [14/Apr/2012:12:49:21 -0700] "GET /AssessmentBar/r/Unassessed_India_articles/ HTTP/1.1" 302 315 "http://en.wikipedia.org/wiki/Magadheerudu" "Mozilla/5.0 (Windows NT 5.1) AppleWebKit/535.11 (KHTML, like Gecko) Chrome/17.0.963.83 Safari/535.11"
59.163.27.11 - - [14/Apr/2012:12:49:22 -0700] "GET /AssessmentBar/r/Unassessed_India_articles/ HTTP/1.1" 302 297 "http://en.wikipedia.org/wiki/Thiruvananthapuram_taluk" "Mozilla/5.0 (Windows NT 5.1) AppleWebKit/535.11 (KHTML, like Gecko) Chrome/17.0.963.83 Safari/535.11"
59.163.27.11 - - [14/Apr/2012:12:49:56 -0700] "GET /AssessmentBar/r/Unassessed_India_articles/ HTTP/1.1" 302 307 "http://en.wikipedia.org/wiki/Shah_Nyalchand" "Mozilla/5.0 (Windows NT 5.1) AppleWebKit/535.11 (KHTML, like Gecko) Chrome/17.0.963.83 Safari/535.11"
59.163.27.11 - - [14/Apr/2012:12:49:59 -0700] "GET /AssessmentBar/r/Unassessed_India_articles/ HTTP/1.1" 302 291 "http://en.wikipedia.org/wiki/Sri_Vanamamalai_Perumal_Temple" "Mozilla/5.0 (Windows NT 5.1) AppleWebKit/535.11 (KHTML, like Gecko) Chrome/17.0.963.83 Safari/535.11"
59.163.27.11 - - [14/Apr/2012:12:50:03 -0700] "GET /AssessmentBar/r/Unassessed_India_articles/ HTTP/1.1" 302 323 "http://en.wikipedia.org/wiki/2011_I-League_2nd_Division" "Mozilla/5.0 (Windows NT 5.1) AppleWebKit/535.11 (KHTML, like Gecko) Chrome/17.0.963.83 Safari/535.11"
59.163.27.11 - - [14/Apr/2012:12:50:04 -0700] "GET /AssessmentBar/r/Unassessed_India_articles/ HTTP/1.1" 302 287 "http://en.wikipedia.org/wiki/Reginald_Teague-Jones" "Mozilla/5.0 (Windows NT 5.1) AppleWebKit/535.11 (KHTML, like Gecko) Chrome/17.0.963.83 Safari/535.11"
59.163.27.11 - - [14/Apr/2012:12:50:35 -0700] "GET /AssessmentBar/r/Unassessed_India_articles/ HTTP/1.1" 302 311 "http://en.wikipedia.org/wiki/Ramadevi_Choudhury" "Mozilla/5.0 (Windows NT 5.1) AppleWebKit/535.11 (KHTML, like Gecko) Chrome/17.0.963.83 Safari/535.11"
59.163.27.11 - - [14/Apr/2012:12:50:35 -0700] "GET /AssessmentBar/r/Unassessed_India_articles/ HTTP/1.1" 302 319 "http://en.wikipedia.org/wiki/Section_1_of_the_Indian_Penal_Code" "Mozilla/5.0 (Windows NT 5.1) AppleWebKit/535.11 (KHTML, like Gecko) Chrome/17.0.963.83 Safari/535.11"
59.163.27.11 - - [14/Apr/2012:12:50:38 -0700] "GET /AssessmentBar/r/Unassessed_India_articles/ HTTP/1.1" 302 279 "http://en.wikipedia.org/wiki/Badmaash_Company" "Mozilla/5.0 (Windows NT 5.1) AppleWebKit/535.11 (KHTML, like Gecko) Chrome/17.0.963.83 Safari/535.11"
59.163.27.11 - - [14/Apr/2012:12:51:06 -0700] "GET /AssessmentBar/r/Unassessed_India_articles/ HTTP/1.1" 302 289 "http://en.wikipedia.org/wiki/Uranium_Corporation_of_India" "Mozilla/5.0 (Windows NT 5.1) AppleWebKit/535.11 (KHTML, like Gecko) Chrome/17.0.963.83 Safari/535.11"
59.163.27.11 - - [14/Apr/2012:12:51:15 -0700] "GET /AssessmentBar/r/Unassessed_India_articles/ HTTP/1.1" 302 281 "http://en.wikipedia.org/wiki/Mohit_Sehgal" "Mozilla/5.0 (Windows NT 5.1) AppleWebKit/535.11 (KHTML, like Gecko) Chrome/17.0.963.83 Safari/535.11"
115.112.233.233 - - [14/Apr/2012:12:51:52 -0700] "GET /AssessmentBar/r/Unassessed_India_articles/ HTTP/1.1" 302 337 "http://en.wikipedia.org/wiki/B._B._Tandon" "Opera/9.80 (Windows NT 5.1; U; en) Presto/2.10.229 Version/11.61"
85.17.88.169 - - [14/Apr/2012:12:52:00 -0700] "POST /blog/wp-cron.php?doing_wp_cron=1334432764 HTTP/1.0" 499 0 "-" "WordPress/3.3.1; http://yuvi.in/blog"
209.85.238.182 - - [14/Apr/2012:12:52:01 -0700] "GET /blog/feed/ HTTP/1.1" 304 0 "-" "Feedfetcher-Google; (+http://www.google.com/feedfetcher.html; 19 subscribers; feed-id=15064232456473204253)"
59.163.27.11 - - [14/Apr/2012:12:52:55 -0700] "GET /AssessmentBar/r/Unassessed_India_articles/ HTTP/1.1" 302 275 "http://en.wikipedia.org/wiki/Centre_for_Policy_Research_(CPR)" "Mozilla/5.0 (Windows NT 5.1) AppleWebKit/535.11 (KHTML, like Gecko) Chrome/17.0.963.83 Safari/535.11"
59.163.27.11 - - [14/Apr/2012:12:52:56 -0700] "GET /AssessmentBar/r/Unassessed_India_articles/ HTTP/1.1" 302 295 "http://en.wikipedia.org/wiki/Rajasthani_Cinema" "Mozilla/5.0 (Windows NT 5.1) AppleWebKit/535.11 (KHTML, like Gecko) Chrome/17.0.963.83 Safari/535.11"
59.163.27.11 - - [14/Apr/2012:12:52:59 -0700] "GET /AssessmentBar/r/Unassessed_India_articles/ HTTP/1.1" 302 301 "http://en.wikipedia.org/wiki/Rajasthani_Cinema" "Mozilla/5.0 (Windows NT 5.1) AppleWebKit/535.11 (KHTML, like Gecko) Chrome/17.0.963.83 Safari/535.11"
59.163.27.11 - - [14/Apr/2012:12:53:01 -0700] "GET /AssessmentBar/r/Unassessed_India_articles/ HTTP/1.1" 302 305 "http://en.wikipedia.org/wiki/Geetha_(film)" "Mozilla/5.0 (Windows NT 5.1) AppleWebKit/535.11 (KHTML, like Gecko) Chrome/17.0.963.83 Safari/535.11"
59.163.27.11 - - [14/Apr/2012:12:53:14 -0700] "GET /AssessmentBar/r/Unassessed_India_articles/ HTTP/1.1" 302 277 "http://en.wikipedia.org/wiki/Markazu_Saqafathi_Sunniya" "Mozilla/5.0 (Windows NT 5.1) AppleWebKit/535.11 (KHTML, like Gecko) Chrome/17.0.963.83 Safari/535.11"
59.163.27.11 - - [14/Apr/2012:12:53:17 -0700] "GET /AssessmentBar/r/Unassessed_India_articles/ HTTP/1.1" 302 289 "http://en.wikipedia.org/wiki/Bodoland_People's_Front" "Mozilla/5.0 (Windows NT 5.1) AppleWebKit/535.11 (KHTML, like Gecko) Chrome/17.0.963.83 Safari/535.11"
59.163.27.11 - - [14/Apr/2012:12:53:19 -0700] "GET /AssessmentBar/r/Unassessed_India_articles/ HTTP/1.1" 302 339 "http://en.wikipedia.org/wiki/Karamchedu" "Mozilla/5.0 (Windows NT 5.1) AppleWebKit/535.11 (KHTML, like Gecko) Chrome/17.0.963.83 Safari/535.11"
85.17.88.169 - - [14/Apr/2012:12:53:22 -0700] "POST /blog/wp-cron.php?doing_wp_cron=1334432846 HTTP/1.0" 499 0 "-" "WordPress/3.3.1; http://yuvi.in/blog"
70.24.232.106 - - [14/Apr/2012:12:53:22 -0700] "GET /blog/tag/code/ HTTP/1.1" 200 29898 "-" "-"
59.163.27.11 - - [14/Apr/2012:12:53:23 -0700] "GET /AssessmentBar/r/Unassessed_India_articles/ HTTP/1.1" 302 305 "http://en.wikipedia.org/wiki/Shripad_Dabholkar" "Mozilla/5.0 (Windows NT 5.1) AppleWebKit/535.11 (KHTML, like Gecko) Chrome/17.0.963.83 Safari/535.11"
85.17.88.169 - - [14/Apr/2012:12:53:24 -0700] "POST /blog/wp-cron.php?doing_wp_cron=1334432849 HTTP/1.0" 499 0 "-" "WordPress/3.3.1; http://yuvi.in/blog"
70.24.232.106 - - [14/Apr/2012:12:53:25 -0700] "GET /blog/wp-content/themes/cleanr/assets/js/thumb.php HTTP/1.1" 404 12307 "-" "Mozilla/5.0 (Windows NT 6.1) AppleWebKit/534.30 (KHTML, like Gecko) Chrome/12.0.742.122 Safari/534.30"
59.163.27.11 - - [14/Apr/2012:12:53:25 -0700] "GET /AssessmentBar/r/Unassessed_India_articles/ HTTP/1.1" 302 325 "http://en.wikipedia.org/wiki/Dalip_Kaur_Tiwana" "Mozilla/5.0 (Windows NT 5.1) AppleWebKit/535.11 (KHTML, like Gecko) Chrome/17.0.963.83 Safari/535.11"
85.17.88.169 - - [14/Apr/2012:12:53:27 -0700] "POST /blog/wp-cron.php?doing_wp_cron=1334432851 HTTP/1.0" 499 0 "-" "WordPress/3.3.1; http://yuvi.in/blog"
59.163.27.11 - - [14/Apr/2012:12:53:27 -0700] "GET /AssessmentBar/r/Unassessed_India_articles/ HTTP/1.1" 302 297 "http://en.wikipedia.org/wiki/Indian_Gray_Mongoose" "Mozilla/5.0 (Windows NT 5.1) AppleWebKit/535.11 (KHTML, like Gecko) Chrome/17.0.963.83 Safari/535.11"
70.24.232.106 - - [14/Apr/2012:12:53:28 -0700] "GET /blog/wp-content/themes/cleanr/assets/js/timthumb.php HTTP/1.1" 404 12307 "-" "Mozilla/5.0 (Windows NT 6.1) AppleWebKit/534.30 (KHTML, like Gecko) Chrome/12.0.742.122 Safari/534.30"
85.17.88.169 - - [14/Apr/2012:12:53:31 -0700] "POST /blog/wp-cron.php?doing_wp_cron=1334432855 HTTP/1.0" 499 0 "-" "WordPress/3.3.1; http://yuvi.in/blog"
70.24.232.106 - - [14/Apr/2012:12:53:31 -0700] "GET /blog/wp-content/themes/cleanr/classes/thumb.php HTTP/1.1" 404 12307 "-" "Mozilla/5.0 (Windows NT 6.1) AppleWebKit/534.30 (KHTML, like Gecko) Chrome/12.0.742.122 Safari/534.30"
85.17.88.169 - - [14/Apr/2012:12:53:34 -0700] "POST /blog/wp-cron.php?doing_wp_cron=1334432858 HTTP/1.0" 499 0 "-" "WordPress/3.3.1; http://yuvi.in/blog"
70.24.232.106 - - [14/Apr/2012:12:53:34 -0700] "GET /blog/wp-content/themes/cleanr/classes/timthumb.php HTTP/1.1" 404 12307 "-" "Mozilla/5.0 (Windows NT 6.1) AppleWebKit/534.30 (KHTML, like Gecko) Chrome/12.0.742.122 Safari/534.30"
85.17.88.169 - - [14/Apr/2012:12:53:36 -0700] "POST /blog/wp-cron.php?doing_wp_cron=1334432860 HTTP/1.0" 499 0 "-" "WordPress/3.3.1; http://yuvi.in/blog"
70.24.232.106 - - [14/Apr/2012:12:53:37 -0700] "GET /blog/wp-content/themes/cleanr/core/libs/thumb.php HTTP/1.1" 404 12307 "-" "Mozilla/5.0 (Windows NT 6.1) AppleWebKit/534.30 (KHTML, like Gecko) Chrome/12.0.742.122 Safari/534.30"
85.17.88.169 - - [14/Apr/2012:12:53:38 -0700] "POST /blog/wp-cron.php?doing_wp_cron=1334432862 HTTP/1.0" 499 0 "-" "WordPress/3.3.1; http://yuvi.in/blog"
209.85.238.182 - - [14/Apr/2012:12:53:38 -0700] "GET /blog/feed HTTP/1.1" 301 0 "-" "Feedfetcher-Google; (+http://www.google.com/feedfetcher.html; 3 subscribers; feed-id=17684830852112633560)"
70.24.232.106 - - [14/Apr/2012:12:53:38 -0700] "GET /blog/wp-content/themes/cleanr/core/libs/thumbnails/thumb.php HTTP/1.1" 404 12307 "-" "Mozilla/5.0 (Windows NT 6.1) AppleWebKit/534.30 (KHTML, like Gecko) Chrome/12.0.742.122 Safari/534.30"
70.24.232.106 - - [14/Apr/2012:12:53:39 -0700] "GET /blog/wp-content/themes/cleanr/core/libs/thumbnails/timthumb.php HTTP/1.1" 404 12307 "-" "Mozilla/5.0 (Windows NT 6.1) AppleWebKit/534.30 (KHTML, like Gecko) Chrome/12.0.742.122 Safari/534.30"
85.17.88.169 - - [14/Apr/2012:12:53:41 -0700] "POST /blog/wp-cron.php?doing_wp_cron=1334432864 HTTP/1.0" 200 0 "-" "WordPress/3.3.1; http://yuvi.in/blog"
209.85.238.182 - - [14/Apr/2012:12:53:41 -0700] "GET /blog/feed/ HTTP/1.1" 304 0 "-" "Feedfetcher-Google; (+http://www.google.com/feedfetcher.html; 3 subscribers; feed-id=17684830852112633560)"
59.163.27.11 - - [14/Apr/2012:12:53:41 -0700] "GET /AssessmentBar/r/Unassessed_India_articles/ HTTP/1.1" 302 305 "http://en.wikipedia.org/wiki/Institute_for_Defence_Studies_and_Analyses" "Mozilla/5.0 (Windows NT 5.1) AppleWebKit/535.11 (KHTML, like Gecko) Chrome/17.0.963.83 Safari/535.11"
85.17.88.169 - - [14/Apr/2012:12:53:41 -0700] "POST /blog/wp-cron.php?doing_wp_cron=1334432866 HTTP/1.0" 499 0 "-" "WordPress/3.3.1; http://yuvi.in/blog"
70.24.232.106 - - [14/Apr/2012:12:53:42 -0700] "GET /blog/wp-content/themes/cleanr/core/libs/timthumb.php HTTP/1.1" 404 12307 "-" "Mozilla/5.0 (Windows NT 6.1) AppleWebKit/534.30 (KHTML, like Gecko) Chrome/12.0.742.122 Safari/534.30"
85.17.88.169 - - [14/Apr/2012:12:53:44 -0700] "POST /blog/wp-cron.php?doing_wp_cron=1334432868 HTTP/1.0" 499 0 "-" "WordPress/3.3.1; http://yuvi.in/blog"
70.24.232.106 - - [14/Apr/2012:12:53:44 -0700] "GET /blog/wp-content/themes/cleanr/core/thumb.php HTTP/1.1" 404 12307 "-" "Mozilla/5.0 (Windows NT 6.1) AppleWebKit/534.30 (KHTML, like Gecko) Chrome/12.0.742.122 Safari/534.30"
85.17.88.169 - - [14/Apr/2012:12:53:46 -0700] "POST /blog/wp-cron.php?doing_wp_cron=1334432871 HTTP/1.0" 499 0 "-" "WordPress/3.3.1; http://yuvi.in/blog"
70.24.232.106 - - [14/Apr/2012:12:53:47 -0700] "GET /blog/wp-content/themes/cleanr/core/timthumb.php HTTP/1.1" 404 12307 "-" "Mozilla/5.0 (Windows NT 6.1) AppleWebKit/534.30 (KHTML, like Gecko) Chrome/12.0.742.122 Safari/534.30"
85.17.88.169 - - [14/Apr/2012:12:53:49 -0700] "POST /blog/wp-cron.php?doing_wp_cron=1334432873 HTTP/1.0" 499 0 "-" "WordPress/3.3.1; http://yuvi.in/blog"
70.24.232.106 - - [14/Apr/2012:12:53:49 -0700] "GET /blog/wp-content/themes/cleanr/cores/thumbnails/thumb.php HTTP/1.1" 404 12307 "-" "Mozilla/5.0 (Windows NT 6.1) AppleWebKit/534.30 (KHTML, like Gecko) Chrome/12.0.742.122 Safari/534.30"
85.17.88.169 - - [14/Apr/2012:12:53:52 -0700] "POST /blog/wp-cron.php?doing_wp_cron=1334432876 HTTP/1.0" 499 0 "-" "WordPress/3.3.1; http://yuvi.in/blog"
70.24.232.106 - - [14/Apr/2012:12:53:52 -0700] "GET /blog/wp-content/themes/cleanr/cores/thumbnails/timthumb.php HTTP/1.1" 404 12307 "-" "Mozilla/5.0 (Windows NT 6.1) AppleWebKit/534.30 (KHTML, like Gecko) Chrome/12.0.742.122 Safari/534.30"
59.163.27.11 - - [14/Apr/2012:12:53:53 -0700] "GET /AssessmentBar/r/Unassessed_India_articles/ HTTP/1.1" 302 311 "http://en.wikipedia.org/wiki/Hith_Harivansh_Mahaprabhu" "Mozilla/5.0 (Windows NT 5.1) AppleWebKit/535.11 (KHTML, like Gecko) Chrome/17.0.963.83 Safari/535.11"
85.17.88.169 - - [14/Apr/2012:12:53:54 -0700] "POST /blog/wp-cron.php?doing_wp_cron=1334432878 HTTP/1.0" 499 0 "-" "WordPress/3.3.1; http://yuvi.in/blog"
59.163.27.11 - - [14/Apr/2012:12:53:54 -0700] "GET /AssessmentBar/r/Unassessed_India_articles/ HTTP/1.1" 302 333 "http://en.wikipedia.org/wiki/Hitesh_Modi" "Mozilla/5.0 (Windows NT 5.1) AppleWebKit/535.11 (KHTML, like Gecko) Chrome/17.0.963.83 Safari/535.11"
70.24.232.106 - - [14/Apr/2012:12:53:55 -0700] "GET /blog/wp-content/themes/cleanr/extensions/auto-thumb/thumb.php HTTP/1.1" 404 12300 "-" "Mozilla/5.0 (Windows NT 6.1) AppleWebKit/534.30 (KHTML, like Gecko) Chrome/12.0.742.122 Safari/534.30"
59.163.27.11 - - [14/Apr/2012:12:53:55 -0700] "GET /AssessmentBar/r/Unassessed_India_articles/ HTTP/1.1" 302 357 "http://en.wikipedia.org/wiki/Hitesh_Modi" "Mozilla/5.0 (Windows NT 5.1) AppleWebKit/535.11 (KHTML, like Gecko) Chrome/17.0.963.83 Safari/535.11"
85.17.88.169 - - [14/Apr/2012:12:53:57 -0700] "POST /blog/wp-cron.php?doing_wp_cron=1334432881 HTTP/1.0" 499 0 "-" "WordPress/3.3.1; http://yuvi.in/blog"
70.24.232.106 - - [14/Apr/2012:12:53:57 -0700] "GET /blog/wp-content/themes/cleanr/extensions/auto-thumb/timthumb.php HTTP/1.1" 404 12307 "-" "Mozilla/5.0 (Windows NT 6.1) AppleWebKit/534.30 (KHTML, like Gecko) Chrome/12.0.742.122 Safari/534.30"
59.163.27.11 - - [14/Apr/2012:12:53:57 -0700] "GET /AssessmentBar/r/Unassessed_India_articles/ HTTP/1.1" 302 301 "http://en.wikipedia.org/wiki/Swami_Chidanand_Saraswati" "Mozilla/5.0 (Windows NT 5.1) AppleWebKit/535.11 (KHTML, like Gecko) Chrome/17.0.963.83 Safari/535.11"
85.17.88.169 - - [14/Apr/2012:12:53:59 -0700] "POST /blog/wp-cron.php?doing_wp_cron=1334432883 HTTP/1.0" 499 0 "-" "WordPress/3.3.1; http://yuvi.in/blog"
70.24.232.106 - - [14/Apr/2012:12:54:00 -0700] "GET /blog/wp-content/themes/cleanr/extensions/thumb.php HTTP/1.1" 404 12307 "-" "Mozilla/5.0 (Windows NT 6.1) AppleWebKit/534.30 (KHTML, like Gecko) Chrome/12.0.742.122 Safari/534.30"
85.17.88.169 - - [14/Apr/2012:12:54:02 -0700] "POST /blog/wp-cron.php?doing_wp_cron=1334432886 HTTP/1.0" 499 0 "-" "WordPress/3.3.1; http://yuvi.in/blog"
70.24.232.106 - - [14/Apr/2012:12:54:02 -0700] "GET /blog/wp-content/themes/cleanr/extensions/timthumb.php HTTP/1.1" 404 12307 "-" "Mozilla/5.0 (Windows NT 6.1) AppleWebKit/534.30 (KHTML, like Gecko) Chrome/12.0.742.122 Safari/534.30"
85.17.88.169 - - [14/Apr/2012:12:54:04 -0700] "POST /blog/wp-cron.php?doing_wp_cron=1334432888 HTTP/1.0" 499 0 "-" "WordPress/3.3.1; http://yuvi.in/blog"
70.24.232.106 - - [14/Apr/2012:12:54:05 -0700] "GET /blog/wp-content/themes/cleanr/functions/thumb.php HTTP/1.1" 404 12300 "-" "Mozilla/5.0 (Windows NT 6.1) AppleWebKit/534.30 (KHTML, like Gecko) Chrome/12.0.742.122 Safari/534.30"
59.163.27.11 - - [14/Apr/2012:12:54:05 -0700] "GET /AssessmentBar/r/Unassessed_India_articles/ HTTP/1.1" 302 319 "http://en.wikipedia.org/wiki/Our_Lady_of_Fatima_Higher_Secondary_School,_Aligarh" "Mozilla/5.0 (Windows NT 5.1) AppleWebKit/535.11 (KHTML, like Gecko) Chrome/17.0.963.83 Safari/535.11"
85.17.88.169 - - [14/Apr/2012:12:54:07 -0700] "POST /blog/wp-cron.php?doing_wp_cron=1334432891 HTTP/1.0" 499 0 "-" "WordPress/3.3.1; http://yuvi.in/blog"
70.24.232.106 - - [14/Apr/2012:12:54:07 -0700] "GET /blog/wp-content/themes/cleanr/functions/timthumb.php HTTP/1.1" 404 12307 "-" "Mozilla/5.0 (Windows NT 6.1) AppleWebKit/534.30 (KHTML, like Gecko) Chrome/12.0.742.122 Safari/534.30"
59.163.27.11 - - [14/Apr/2012:12:54:08 -0700] "GET /AssessmentBar/r/Unassessed_India_articles/ HTTP/1.1" 302 285 "http://en.wikipedia.org/wiki/National_Policy_on_Education" "Mozilla/5.0 (Windows NT 5.1) AppleWebKit/535.11 (KHTML, like Gecko) Chrome/17.0.963.83 Safari/535.11"
85.17.88.169 - - [14/Apr/2012:12:54:09 -0700] "POST /blog/wp-cron.php?doing_wp_cron=1334432894 HTTP/1.0" 499 0 "-" "WordPress/3.3.1; http://yuvi.in/blog"
70.24.232.106 - - [14/Apr/2012:12:54:10 -0700] "GET /blog/wp-content/themes/cleanr/images/thumb.php HTTP/1.1" 404 12307 "-" "Mozilla/5.0 (Windows NT 6.1) AppleWebKit/534.30 (KHTML, like Gecko) Chrome/12.0.742.122 Safari/534.30"
59.163.27.11 - - [14/Apr/2012:12:54:10 -0700] "GET /AssessmentBar/r/Unassessed_India_articles/ HTTP/1.1" 302 287 "http://en.wikipedia.org/wiki/Indians_in_Bangladesh" "Mozilla/5.0 (Windows NT 5.1) AppleWebKit/535.11 (KHTML, like Gecko) Chrome/17.0.963.83 Safari/535.11"
85.17.88.169 - - [14/Apr/2012:12:54:12 -0700] "POST /blog/wp-cron.php?doing_wp_cron=1334432896 HTTP/1.0" 499 0 "-" "WordPress/3.3.1; http://yuvi.in/blog"
59.163.27.11 - - [14/Apr/2012:12:54:12 -0700] "GET /AssessmentBar/r/Unassessed_India_articles/ HTTP/1.1" 302 285 "http://en.wikipedia.org/wiki/Srinivasa_Perumal_Temple,_Kudavasal" "Mozilla/5.0 (Windows NT 5.1) AppleWebKit/535.11 (KHTML, like Gecko) Chrome/17.0.963.83 Safari/535.11"
70.24.232.106 - - [14/Apr/2012:12:54:12 -0700] "GET /blog/wp-content/themes/cleanr/images/timthumb.php HTTP/1.1" 404 12300 "-" "Mozilla/5.0 (Windows NT 6.1) AppleWebKit/534.30 (KHTML, like Gecko) Chrome/12.0.742.122 Safari/534.30"
85.17.88.169 - - [14/Apr/2012:12:54:14 -0700] "POST /blog/wp-cron.php?doing_wp_cron=1334432899 HTTP/1.0" 499 0 "-" "WordPress/3.3.1; http://yuvi.in/blog"
70.24.232.106 - - [14/Apr/2012:12:54:15 -0700] "GET /blog/wp-content/themes/cleanr/inc/classes/thumb.php HTTP/1.1" 404 12307 "-" "Mozilla/5.0 (Windows NT 6.1) AppleWebKit/534.30 (KHTML, like Gecko) Chrome/12.0.742.122 Safari/534.30"
85.17.88.169 - - [14/Apr/2012:12:54:17 -0700] "POST /blog/wp-cron.php?doing_wp_cron=1334432901 HTTP/1.0" 499 0 "-" "WordPress/3.3.1; http://yuvi.in/blog"
70.24.232.106 - - [14/Apr/2012:12:54:17 -0700] "GET /blog/wp-content/themes/cleanr/inc/classes/timthumb.php HTTP/1.1" 404 12307 "-" "Mozilla/5.0 (Windows NT 6.1) AppleWebKit/534.30 (KHTML, like Gecko) Chrome/12.0.742.122 Safari/534.30"
85.17.88.169 - - [14/Apr/2012:12:54:19 -0700] "POST /blog/wp-cron.php?doing_wp_cron=1334432904 HTTP/1.0" 499 0 "-" "WordPress/3.3.1; http://yuvi.in/blog"
70.24.232.106 - - [14/Apr/2012:12:54:20 -0700] "GET /blog/wp-content/themes/cleanr/inc/thumb.php HTTP/1.1" 404 12307 "-" "Mozilla/5.0 (Windows NT 6.1) AppleWebKit/534.30 (KHTML, like Gecko) Chrome/12.0.742.122 Safari/534.30"
85.17.88.169 - - [14/Apr/2012:12:54:22 -0700] "POST /blog/wp-cron.php?doing_wp_cron=1334432906 HTTP/1.0" 499 0 "-" "WordPress/3.3.1; http://yuvi.in/blog"
70.24.232.106 - - [14/Apr/2012:12:54:22 -0700] "GET /blog/wp-content/themes/cleanr/inc/timthumb.php HTTP/1.1" 404 12307 "-" "Mozilla/5.0 (Windows NT 6.1) AppleWebKit/534.30 (KHTML, like Gecko) Chrome/12.0.742.122 Safari/534.30"
85.17.88.169 - - [14/Apr/2012:12:54:24 -0700] "POST /blog/wp-cron.php?doing_wp_cron=1334432909 HTTP/1.0" 499 0 "-" "WordPress/3.3.1; http://yuvi.in/blog"
70.24.232.106 - - [14/Apr/2012:12:54:25 -0700] "GET /blog/wp-content/themes/cleanr/inc/upload.php HTTP/1.1" 404 12307 "-" "Mozilla/5.0 (Windows NT 6.1) AppleWebKit/534.30 (KHTML, like Gecko) Chrome/12.0.742.122 Safari/534.30"
85.17.88.169 - - [14/Apr/2012:12:54:27 -0700] "POST /blog/wp-cron.php?doing_wp_cron=1334432911 HTTP/1.0" 499 0 "-" "WordPress/3.3.1; http://yuvi.in/blog"
70.24.232.106 - - [14/Apr/2012:12:54:27 -0700] "GET /blog/wp-content/themes/cleanr/include/thumb.php HTTP/1.1" 404 12300 "-" "Mozilla/5.0 (Windows NT 6.1) AppleWebKit/534.30 (KHTML, like Gecko) Chrome/12.0.742.122 Safari/534.30"
85.17.88.169 - - [14/Apr/2012:12:54:31 -0700] "POST /blog/wp-cron.php?doing_wp_cron=1334432915 HTTP/1.0" 499 0 "-" "WordPress/3.3.1; http://yuvi.in/blog"
