100.43.83.144 - - [14/Apr/2012:17:23:36 -0700] "GET /blog/page/4/ HTTP/1.1" 200 16144 "-" "Mozilla/5.0 (compatible; YandexBot/3.0; +http://yandex.com/bots)"
208.115.111.68 - - [14/Apr/2012:17:26:36 -0700] "GET /blog/how-to-increase-cheese-s-burst-mode-photo-count.html HTTP/1.1" 200 5966 "-" "Mozilla/5.0 (compatible; Ezooms/1.0; ezooms.bot@gmail.com)"
88.131.106.22 - - [14/Apr/2012:17:27:47 -0700] "GET /robots.txt HTTP/1.0" 404 169 "-" "Mozilla/5.0 (Windows; U; Windows NT 5.1; en-US) Speedy Spider (http://www.entireweb.com/about/search_tech/speedy_spider/)"
88.131.106.22 - - [14/Apr/2012:17:27:48 -0700] "GET /blog/emacs.html HTTP/1.0" 200 7528 "-" "Mozilla/5.0 (Windows; U; Windows NT 5.1; en-US) Speedy Spider (http://www.entireweb.com/about/search_tech/speedy_spider/)"
110.23.155.160 - - [14/Apr/2012:17:29:35 -0700] "GET /blog HTTP/1.1" 301 178 "http://lists.wikimedia.org/pipermail/mobile-l/2012-March/005457.html" "Mozilla/5.0 (Linux; U; Android 2.3.6; en-nz; GT-S5690 Build/GINGERBREAD) AppleWebKit/533.1 (KHTML, like Gecko) Version/4.0 Mobile Safari/533.1"
85.17.88.169 - - [14/Apr/2012:17:29:37 -0700] "POST /blog/wp-cron.php?doing_wp_cron=1334449420 HTTP/1.0" 499 0 "-" "WordPress/3.3.1; http://yuvi.in/blog"
110.23.155.160 - - [14/Apr/2012:17:29:38 -0700] "GET /blog/ HTTP/1.1" 200 9194 "http://lists.wikimedia.org/pipermail/mobile-l/2012-March/005457.html" "Mozilla/5.0 (Linux; U; Android 2.3.6; en-nz; GT-S5690 Build/GINGERBREAD) AppleWebKit/533.1 (KHTML, like Gecko) Version/4.0 Mobile Safari/533.1"
110.23.155.160 - - [14/Apr/2012:17:29:39 -0700] "GET /blog/wp-content/themes/cleanr/js/jquery.dropdown.js?ver=3.3.1 HTTP/1.1" 200 535 "http://yuvi.in/blog/" "Mozilla/5.0 (Linux; U; Android 2.3.6; en-nz; GT-S5690 Build/GINGERBREAD) AppleWebKit/533.1 (KHTML, like Gecko) Version/4.0 Mobile Safari/533.1"
110.23.155.160 - - [14/Apr/2012:17:29:39 -0700] "GET /blog/wp-content/themes/cleanr/style.css HTTP/1.1" 200 10508 "http://yuvi.in/blog/" "Mozilla/5.0 (Linux; U; Android 2.3.6; en-nz; GT-S5690 Build/GINGERBREAD) AppleWebKit/533.1 (KHTML, like Gecko) Version/4.0 Mobile Safari/533.1"
110.23.155.160 - - [14/Apr/2012:17:29:41 -0700] "GET /blog/wp-content/themes/cleanr/css/reset.css HTTP/1.1" 200 648 "http://yuvi.in/blog/" "Mozilla/5.0 (Linux; U; Android 2.3.6; en-nz; GT-S5690 Build/GINGERBREAD) AppleWebKit/533.1 (KHTML, like Gecko) Version/4.0 Mobile Safari/533.1"
110.23.155.160 - - [14/Apr/2012:17:29:41 -0700] "GET /blog/wp-content/themes/cleanr/css/text.css HTTP/1.1" 200 420 "http://yuvi.in/blog/" "Mozilla/5.0 (Linux; U; Android 2.3.6; en-nz; GT-S5690 Build/GINGERBREAD) AppleWebKit/533.1 (KHTML, like Gecko) Version/4.0 Mobile Safari/533.1"
110.23.155.160 - - [14/Apr/2012:17:29:41 -0700] "GET /blog/wp-content/themes/cleanr/css/960.css HTTP/1.1" 200 3628 "http://yuvi.in/blog/" "Mozilla/5.0 (Linux; U; Android 2.3.6; en-nz; GT-S5690 Build/GINGERBREAD) AppleWebKit/533.1 (KHTML, like Gecko) Version/4.0 Mobile Safari/533.1"
110.23.155.160 - - [14/Apr/2012:17:29:41 -0700] "GET /blog/wp-includes/js/jquery/jquery.js?ver=1.7.1 HTTP/1.1" 200 93889 "http://yuvi.in/blog/" "Mozilla/5.0 (Linux; U; Android 2.3.6; en-nz; GT-S5690 Build/GINGERBREAD) AppleWebKit/533.1 (KHTML, like Gecko) Version/4.0 Mobile Safari/533.1"
110.23.155.160 - - [14/Apr/2012:17:29:43 -0700] "GET /blog/wp-content/themes/cleanr/images/search_magnifier.gif HTTP/1.1" 200 394 "http://yuvi.in/blog/" "Mozilla/5.0 (Linux; U; Android 2.3.6; en-nz; GT-S5690 Build/GINGERBREAD) AppleWebKit/533.1 (KHTML, like Gecko) Version/4.0 Mobile Safari/533.1"
110.23.155.160 - - [14/Apr/2012:17:29:45 -0700] "GET /favicon.ico HTTP/1.1" 404 142 "http://yuvi.in/blog/" "Mozilla/5.0 (Linux; U; Android 2.3.6; en-nz; GT-S5690 Build/GINGERBREAD) AppleWebKit/533.1 (KHTML, like Gecko) Version/4.0 Mobile Safari/533.1"
209.85.224.81 - - [14/Apr/2012:17:34:01 -0700] "GET /stories/feed HTTP/1.1" 200 13653 "-" "FeedBurner/1.0 (http://www.FeedBurner.com)"
123.125.71.21 - - [14/Apr/2012:17:37:54 -0700] "GET / HTTP/1.1" 200 3439 "-" "Mozilla/5.0 (compatible; Baiduspider/2.0; +http://www.baidu.com/search/spider.html)"
207.46.204.215 - - [14/Apr/2012:17:38:09 -0700] "-" 400 0 "-" "-"
207.46.204.215 - - [14/Apr/2012:17:38:09 -0700] "-" 400 0 "-" "-"
207.46.204.215 - - [14/Apr/2012:17:38:09 -0700] "-" 400 0 "-" "-"
207.46.204.215 - - [14/Apr/2012:17:38:10 -0700] "-" 400 0 "-" "-"
207.46.204.215 - - [14/Apr/2012:17:38:10 -0700] "-" 400 0 "-" "-"
207.46.204.215 - - [14/Apr/2012:17:38:10 -0700] "-" 400 0 "-" "-"
207.46.204.215 - - [14/Apr/2012:17:38:11 -0700] "-" 400 0 "-" "-"
207.46.204.215 - - [14/Apr/2012:17:38:11 -0700] "-" 400 0 "-" "-"
207.46.204.215 - - [14/Apr/2012:17:38:11 -0700] "-" 400 0 "-" "-"
220.181.108.88 - - [14/Apr/2012:17:38:30 -0700] "GET / HTTP/1.1" 200 3439 "-" "Mozilla/5.0 (compatible; Baiduspider/2.0; +http://www.baidu.com/search/spider.html)"
207.46.204.215 - - [14/Apr/2012:17:39:05 -0700] "-" 400 0 "-" "-"
207.46.204.215 - - [14/Apr/2012:17:39:05 -0700] "-" 400 0 "-" "-"
188.223.12.143 - - [14/Apr/2012:17:39:46 -0700] "GET / HTTP/1.1" 200 1430 "-" "Reeder/1.5.5 CFNetwork/548.1.4 Darwin/11.0.0"
188.223.12.143 - - [14/Apr/2012:17:39:46 -0700] "GET /favicon.ico HTTP/1.1" 404 142 "-" "Reeder/1.5.5 CFNetwork/548.1.4 Darwin/11.0.0"
188.223.12.143 - - [14/Apr/2012:17:39:46 -0700] "GET /apple-touch-icon.png HTTP/1.1" 404 142 "-" "Reeder/1.5.5 CFNetwork/548.1.4 Darwin/11.0.0"
188.223.12.143 - - [14/Apr/2012:17:39:46 -0700] "GET /apple-touch-icon-precomposed.png HTTP/1.1" 404 142 "-" "Reeder/1.5.5 CFNetwork/548.1.4 Darwin/11.0.0"
122.164.38.95 - - [14/Apr/2012:17:39:57 -0700] "-" 400 0 "-" "-"
85.17.88.169 - - [14/Apr/2012:17:40:51 -0700] "POST /blog/wp-cron.php?doing_wp_cron=1334450093 HTTP/1.0" 499 0 "-" "WordPress/3.3.1; http://yuvi.in/blog"
61.160.200.203 - - [14/Apr/2012:17:40:52 -0700] "GET /blog/ HTTP/1.0" 200 33142 "http://yuvi.in/blog/" "Mozilla/4.0 (compatible; MSIE 6.0; Windows NT 5.1; SV1; InfoPath.1"
207.46.193.36 - - [14/Apr/2012:17:40:57 -0700] "-" 400 0 "-" "-"
207.46.193.36 - - [14/Apr/2012:17:40:57 -0700] "-" 400 0 "-" "-"
207.46.193.36 - - [14/Apr/2012:17:40:57 -0700] "-" 400 0 "-" "-"
207.46.193.36 - - [14/Apr/2012:17:40:59 -0700] "-" 400 0 "-" "-"
207.46.193.36 - - [14/Apr/2012:17:41:00 -0700] "-" 400 0 "-" "-"
207.46.193.36 - - [14/Apr/2012:17:41:00 -0700] "-" 400 0 "-" "-"
207.46.193.36 - - [14/Apr/2012:17:41:03 -0700] "-" 400 0 "-" "-"
207.46.193.36 - - [14/Apr/2012:17:41:03 -0700] "-" 400 0 "-" "-"
207.46.193.36 - - [14/Apr/2012:17:41:03 -0700] "-" 400 0 "-" "-"
207.46.193.36 - - [14/Apr/2012:17:41:06 -0700] "-" 400 0 "-" "-"
207.46.193.36 - - [14/Apr/2012:17:41:06 -0700] "-" 400 0 "-" "-"
207.46.193.36 - - [14/Apr/2012:17:41:07 -0700] "-" 400 0 "-" "-"
69.171.234.2 - - [14/Apr/2012:17:42:01 -0700] "GET /r/7bu HTTP/1.1" 301 255 "-" "facebookexternalhit/1.1 (+http://www.facebook.com/externalhit_uatext.php)"
69.171.234.6 - - [14/Apr/2012:17:42:02 -0700] "GET /s/ta/7bu/ HTTP/1.1" 302 337 "-" "facebookexternalhit/1.1 (+http://www.facebook.com/externalhit_uatext.php)"
188.223.12.143 - - [14/Apr/2012:17:43:30 -0700] "GET / HTTP/1.1" 200 1430 "-" "Reeder/1.5.5 CFNetwork/548.1.4 Darwin/11.0.0"
188.223.12.143 - - [14/Apr/2012:17:43:30 -0700] "GET /favicon.ico HTTP/1.1" 404 142 "-" "Reeder/1.5.5 CFNetwork/548.1.4 Darwin/11.0.0"
188.223.12.143 - - [14/Apr/2012:17:43:30 -0700] "GET /apple-touch-icon.png HTTP/1.1" 404 142 "-" "Reeder/1.5.5 CFNetwork/548.1.4 Darwin/11.0.0"
188.223.12.143 - - [14/Apr/2012:17:43:31 -0700] "GET /apple-touch-icon-precomposed.png HTTP/1.1" 404 142 "-" "Reeder/1.5.5 CFNetwork/548.1.4 Darwin/11.0.0"
122.164.38.95 - - [14/Apr/2012:17:45:17 -0700] "-" 400 0 "-" "-"
122.164.38.95 - - [14/Apr/2012:17:45:17 -0700] "-" 400 0 "-" "-"
122.164.38.95 - - [14/Apr/2012:17:45:17 -0700] "-" 400 0 "-" "-"
122.164.38.95 - - [14/Apr/2012:17:45:17 -0700] "-" 400 0 "-" "-"
122.164.38.95 - - [14/Apr/2012:17:45:17 -0700] "-" 400 0 "-" "-"
122.164.38.95 - - [14/Apr/2012:17:45:17 -0700] "-" 400 0 "-" "-"
85.17.88.169 - - [14/Apr/2012:17:47:59 -0700] "POST /blog/wp-cron.php?doing_wp_cron=1334450521 HTTP/1.0" 499 0 "-" "WordPress/3.3.1; http://yuvi.in/blog"
124.184.254.201 - - [14/Apr/2012:17:47:59 -0700] "GET /blog/feed/ HTTP/1.1" 304 0 "-" "FeedDemon/3.0 (http://www.feeddemon.com/; Microsoft Windows XP)"
85.17.88.169 - - [14/Apr/2012:17:49:52 -0700] "POST /blog/wp-cron.php?doing_wp_cron=1334450635 HTTP/1.0" 499 0 "-" "WordPress/3.3.1; http://yuvi.in/blog"
66.249.73.219 - - [14/Apr/2012:17:49:52 -0700] "GET /blog/sleepsort-4chan/feed/ HTTP/1.1" 200 740 "-" "DoCoMo/2.0 N905i(c100;TB;W24H16) (compatible; Googlebot-Mobile/2.1; +http://www.google.com/bot.html)"
85.17.88.169 - - [14/Apr/2012:17:50:12 -0700] "POST /blog/wp-cron.php?doing_wp_cron=1334450654 HTTP/1.0" 499 0 "-" "WordPress/3.3.1; http://yuvi.in/blog"
209.85.238.182 - - [14/Apr/2012:17:50:12 -0700] "GET /blog/feed/ HTTP/1.1" 304 0 "-" "Feedfetcher-Google; (+http://www.google.com/feedfetcher.html; 19 subscribers; feed-id=15064232456473204253)"
85.17.88.169 - - [14/Apr/2012:17:50:16 -0700] "POST /blog/wp-cron.php?doing_wp_cron=1334450659 HTTP/1.0" 499 0 "-" "WordPress/3.3.1; http://yuvi.in/blog"
209.85.144.94 - - [14/Apr/2012:17:50:17 -0700] "GET /blog/feed HTTP/1.1" 304 0 "-" "FeedBurner/1.0 (http://www.FeedBurner.com)"
85.17.88.169 - - [14/Apr/2012:17:52:54 -0700] "POST /blog/wp-cron.php?doing_wp_cron=1334450816 HTTP/1.0" 499 0 "-" "WordPress/3.3.1; http://yuvi.in/blog"
100.43.83.144 - - [14/Apr/2012:17:52:55 -0700] "GET /blog/2009/07/ HTTP/1.1" 200 10287 "-" "Mozilla/5.0 (compatible; YandexBot/3.0; +http://yandex.com/bots)"
223.190.215.25 - - [14/Apr/2012:17:53:24 -0700] "-" 400 0 "-" "-"
223.190.215.25 - - [14/Apr/2012:17:53:24 -0700] "-" 400 0 "-" "-"
85.17.88.169 - - [14/Apr/2012:17:54:08 -0700] "POST /blog/wp-cron.php?doing_wp_cron=1334450891 HTTP/1.0" 499 0 "-" "WordPress/3.3.1; http://yuvi.in/blog"
101.226.33.179 - - [14/Apr/2012:17:54:09 -0700] "GET /blog/feed HTTP/1.0" 304 0 "-" "Mozilla/4.0 (compatible; Windows;)"
113.193.112.207 - - [14/Apr/2012:17:57:02 -0700] "-" 400 0 "-" "-"
122.174.61.132 - - [14/Apr/2012:17:58:18 -0700] "-" 400 0 "-" "-"
122.174.61.132 - - [14/Apr/2012:17:58:59 -0700] "-" 400 0 "-" "-"
122.174.61.132 - - [14/Apr/2012:17:59:00 -0700] "-" 400 0 "-" "-"
122.174.61.132 - - [14/Apr/2012:17:59:00 -0700] "-" 400 0 "-" "-"
66.249.73.90 - - [14/Apr/2012:18:05:34 -0700] "GET /robots.txt HTTP/1.1" 404 142 "-" "Mozilla/5.0 (compatible; Googlebot/2.1; +http://www.google.com/bot.html)"
66.249.73.90 - - [14/Apr/2012:18:05:34 -0700] "GET /chennai/stage/1892/ HTTP/1.1" 404 142 "-" "Mozilla/5.0 (compatible; Googlebot/2.1; +http://www.google.com/bot.html)"
110.23.155.160 - - [14/Apr/2012:18:07:04 -0700] "GET /blog/ HTTP/1.1" 200 9194 "http://lists.wikimedia.org/pipermail/mobile-l/2012-March/005457.html" "Mozilla/5.0 (Linux; U; Android 2.3.6; en-nz; GT-S5690 Build/GINGERBREAD) AppleWebKit/533.1 (KHTML, like Gecko) Version/4.0 Mobile Safari/533.1"
66.249.73.90 - - [14/Apr/2012:18:08:55 -0700] "GET /chennai/stage/1892 HTTP/1.1" 404 142 "-" "Mozilla/5.0 (compatible; Googlebot/2.1; +http://www.google.com/bot.html)"
66.249.73.23 - - [14/Apr/2012:18:09:02 -0700] "GET /r/1y92 HTTP/1.1" 301 257 "-" "Mozilla/5.0 (compatible; Googlebot/2.1; +http://www.google.com/bot.html)"
66.249.73.23 - - [14/Apr/2012:18:09:02 -0700] "GET /s/ta/1y92/ HTTP/1.1" 302 355 "-" "Mozilla/5.0 (compatible; Googlebot/2.1; +http://www.google.com/bot.html)"
85.17.88.169 - - [14/Apr/2012:18:10:10 -0700] "POST /blog/wp-cron.php?doing_wp_cron=1334451853 HTTP/1.0" 499 0 "-" "WordPress/3.3.1; http://yuvi.in/blog"
94.102.150.50 - - [14/Apr/2012:18:10:11 -0700] "GET /blog/feed/atom/ HTTP/1.1" 304 0 "-" "SocialSearcher/0.1  Mozilla/5.0"
157.55.112.203 - - [14/Apr/2012:18:10:19 -0700] "-" 400 0 "-" "-"
157.55.112.203 - - [14/Apr/2012:18:10:19 -0700] "-" 400 0 "-" "-"
157.55.112.203 - - [14/Apr/2012:18:10:20 -0700] "-" 400 0 "-" "-"
157.55.112.203 - - [14/Apr/2012:18:10:21 -0700] "-" 400 0 "-" "-"
157.55.112.203 - - [14/Apr/2012:18:10:21 -0700] "-" 400 0 "-" "-"
157.55.112.203 - - [14/Apr/2012:18:10:22 -0700] "-" 400 0 "-" "-"
157.55.112.203 - - [14/Apr/2012:18:10:22 -0700] "-" 400 0 "-" "-"
157.55.112.203 - - [14/Apr/2012:18:10:22 -0700] "-" 400 0 "-" "-"
157.55.112.203 - - [14/Apr/2012:18:10:23 -0700] "-" 400 0 "-" "-"
157.55.112.203 - - [14/Apr/2012:18:10:23 -0700] "-" 400 0 "-" "-"
157.55.112.203 - - [14/Apr/2012:18:10:24 -0700] "-" 400 0 "-" "-"
157.55.112.203 - - [14/Apr/2012:18:10:24 -0700] "-" 400 0 "-" "-"
207.46.193.39 - - [14/Apr/2012:18:11:28 -0700] "-" 400 0 "-" "-"
207.46.193.39 - - [14/Apr/2012:18:11:31 -0700] "-" 400 0 "-" "-"
207.46.193.39 - - [14/Apr/2012:18:11:33 -0700] "-" 400 0 "-" "-"
207.46.193.39 - - [14/Apr/2012:18:11:35 -0700] "-" 400 0 "-" "-"
207.46.193.39 - - [14/Apr/2012:18:11:35 -0700] "-" 400 0 "-" "-"
207.46.193.39 - - [14/Apr/2012:18:11:35 -0700] "-" 400 0 "-" "-"
207.46.193.39 - - [14/Apr/2012:18:11:36 -0700] "-" 400 0 "-" "-"
207.46.193.39 - - [14/Apr/2012:18:11:37 -0700] "-" 400 0 "-" "-"
207.46.193.39 - - [14/Apr/2012:18:11:37 -0700] "-" 400 0 "-" "-"
207.46.193.39 - - [14/Apr/2012:18:11:37 -0700] "-" 400 0 "-" "-"
85.17.88.169 - - [14/Apr/2012:18:11:40 -0700] "POST /blog/wp-cron.php?doing_wp_cron=1334451942 HTTP/1.0" 499 0 "-" "WordPress/3.3.1; http://yuvi.in/blog"
209.85.238.182 - - [14/Apr/2012:18:11:40 -0700] "GET /blog/feed HTTP/1.1" 301 0 "-" "Feedfetcher-Google; (+http://www.google.com/feedfetcher.html; 3 subscribers; feed-id=17684830852112633560)"
85.17.88.169 - - [14/Apr/2012:18:11:42 -0700] "POST /blog/wp-cron.php?doing_wp_cron=1334451945 HTTP/1.0" 499 0 "-" "WordPress/3.3.1; http://yuvi.in/blog"
209.85.238.182 - - [14/Apr/2012:18:11:43 -0700] "GET /blog/feed/ HTTP/1.1" 304 0 "-" "Feedfetcher-Google; (+http://www.google.com/feedfetcher.html; 3 subscribers; feed-id=17684830852112633560)"
207.46.193.39 - - [14/Apr/2012:18:12:34 -0700] "-" 400 0 "-" "-"
122.174.24.39 - - [14/Apr/2012:18:13:18 -0700] "-" 400 0 "-" "-"
122.174.24.39 - - [14/Apr/2012:18:13:18 -0700] "-" 400 0 "-" "-"
122.174.24.39 - - [14/Apr/2012:18:13:21 -0700] "-" 400 0 "-" "-"
122.174.24.39 - - [14/Apr/2012:18:13:21 -0700] "-" 400 0 "-" "-"
122.174.24.39 - - [14/Apr/2012:18:13:21 -0700] "-" 400 0 "-" "-"
85.17.88.169 - - [14/Apr/2012:18:20:25 -0700] "POST /blog/wp-cron.php?doing_wp_cron=1334452467 HTTP/1.0" 499 0 "-" "WordPress/3.3.1; http://yuvi.in/blog"
209.85.224.81 - - [14/Apr/2012:18:20:26 -0700] "GET /blog/feed HTTP/1.1" 304 0 "-" "FeedBurner/1.0 (http://www.FeedBurner.com)"
14.99.100.21 - - [14/Apr/2012:18:21:38 -0700] "-" 400 0 "-" "-"
14.99.100.21 - - [14/Apr/2012:18:22:08 -0700] "-" 400 0 "-" "-"
14.99.100.21 - - [14/Apr/2012:18:24:58 -0700] "-" 400 0 "-" "-"
220.181.108.83 - - [14/Apr/2012:18:25:29 -0700] "GET /blog/work-life-balance.html HTTP/1.1" 304 0 "-" "Mozilla/5.0 (compatible; Baiduspider/2.0; +http://www.baidu.com/search/spider.html)"
85.17.88.169 - - [14/Apr/2012:18:25:45 -0700] "POST /blog/wp-cron.php?doing_wp_cron=1334452787 HTTP/1.0" 499 0 "-" "WordPress/3.3.1; http://yuvi.in/blog"
100.43.83.144 - - [14/Apr/2012:18:25:46 -0700] "GET /blog/2011/10/ HTTP/1.1" 200 4827 "-" "Mozilla/5.0 (compatible; YandexBot/3.0; +http://yandex.com/bots)"
14.99.100.21 - - [14/Apr/2012:18:31:59 -0700] "-" 400 0 "-" "-"
207.46.204.165 - - [14/Apr/2012:18:32:41 -0700] "-" 400 0 "-" "-"
207.46.204.165 - - [14/Apr/2012:18:32:41 -0700] "-" 400 0 "-" "-"
207.46.204.165 - - [14/Apr/2012:18:32:41 -0700] "-" 400 0 "-" "-"
207.46.204.165 - - [14/Apr/2012:18:32:43 -0700] "-" 400 0 "-" "-"
207.46.204.165 - - [14/Apr/2012:18:32:43 -0700] "-" 400 0 "-" "-"
85.17.88.169 - - [14/Apr/2012:18:32:43 -0700] "POST /blog/wp-cron.php?doing_wp_cron=1334453206 HTTP/1.0" 499 0 "-" "WordPress/3.3.1; http://yuvi.in/blog"
207.46.204.165 - - [14/Apr/2012:18:32:44 -0700] "-" 400 0 "-" "-"
207.46.204.165 - - [14/Apr/2012:18:32:44 -0700] "-" 400 0 "-" "-"
124.184.254.201 - - [14/Apr/2012:18:32:44 -0700] "GET /blog/feed/ HTTP/1.1" 304 0 "-" "FeedDemon/3.0 (http://www.feeddemon.com/; Microsoft Windows XP)"
207.46.204.165 - - [14/Apr/2012:18:32:44 -0700] "-" 400 0 "-" "-"
207.46.204.165 - - [14/Apr/2012:18:32:44 -0700] "-" 400 0 "-" "-"
207.46.204.165 - - [14/Apr/2012:18:32:45 -0700] "-" 400 0 "-" "-"
207.46.204.165 - - [14/Apr/2012:18:32:45 -0700] "-" 400 0 "-" "-"
207.46.204.165 - - [14/Apr/2012:18:32:45 -0700] "-" 400 0 "-" "-"
14.99.100.21 - - [14/Apr/2012:18:33:19 -0700] "-" 400 0 "-" "-"
14.99.100.21 - - [14/Apr/2012:18:33:19 -0700] "-" 400 0 "-" "-"
14.99.100.21 - - [14/Apr/2012:18:33:19 -0700] "-" 400 0 "-" "-"
14.99.100.21 - - [14/Apr/2012:18:33:19 -0700] "-" 400 0 "-" "-"
14.99.100.21 - - [14/Apr/2012:18:33:19 -0700] "-" 400 0 "-" "-"
112.79.44.230 - - [14/Apr/2012:18:33:55 -0700] "GET /r/2hoj HTTP/1.1" 301 257 "http://ta.wikipedia.org/wiki/%E0%AE%AE%E0%AF%81%E0%AE%95%E0%AF%88%E0%AE%A4%E0%AF%80%E0%AE%A9%E0%AF%8D_%E0%AE%9A%E0%AE%BE%E0%AE%9A%E0%AF%88%E0%AE%AF%E0%AE%A4%E0%AF%8D_%E0%AE%85%E0%AE%AA%E0%AF%8D%E0%AE%A4%E0%AF%81%E0%AE%B2%E0%AF%8D_%E0%AE%95%E0%AE%BE%E0%AE%A4%E0%AE%B0%E0%AF%8D_%E0%AE%9A%E0%AE%BF%E0%AE%B2%E0%AE%BE%E0%AE%A9%E0%AE%BF" "Mozilla/5.0 (Windows NT 5.1) AppleWebKit/534.30 (KHTML, like Gecko) Chrome/12.0.742.9 Safari/534.30"
112.79.44.230 - - [14/Apr/2012:18:33:57 -0700] "GET /s/ta/2hoj/ HTTP/1.1" 302 677 "http://ta.wikipedia.org/wiki/%E0%AE%AE%E0%AF%81%E0%AE%95%E0%AF%88%E0%AE%A4%E0%AF%80%E0%AE%A9%E0%AF%8D_%E0%AE%9A%E0%AE%BE%E0%AE%9A%E0%AF%88%E0%AE%AF%E0%AE%A4%E0%AF%8D_%E0%AE%85%E0%AE%AA%E0%AF%8D%E0%AE%A4%E0%AF%81%E0%AE%B2%E0%AF%8D_%E0%AE%95%E0%AE%BE%E0%AE%A4%E0%AE%B0%E0%AF%8D_%E0%AE%9A%E0%AE%BF%E0%AE%B2%E0%AE%BE%E0%AE%A9%E0%AE%BF" "Mozilla/5.0 (Windows NT 5.1) AppleWebKit/534.30 (KHTML, like Gecko) Chrome/12.0.742.9 Safari/534.30"
209.85.224.87 - - [14/Apr/2012:18:34:03 -0700] "GET /stories/feed HTTP/1.1" 200 13653 "-" "FeedBurner/1.0 (http://www.FeedBurner.com)"
14.99.100.21 - - [14/Apr/2012:18:34:19 -0700] "-" 400 0 "-" "-"
14.99.100.21 - - [14/Apr/2012:18:34:19 -0700] "-" 400 0 "-" "-"
14.99.100.21 - - [14/Apr/2012:18:34:19 -0700] "-" 400 0 "-" "-"
14.99.100.21 - - [14/Apr/2012:18:34:19 -0700] "-" 400 0 "-" "-"
14.99.100.21 - - [14/Apr/2012:18:34:19 -0700] "-" 400 0 "-" "-"
14.99.100.21 - - [14/Apr/2012:18:34:39 -0700] "-" 400 0 "-" "-"
14.99.100.21 - - [14/Apr/2012:18:34:39 -0700] "-" 400 0 "-" "-"
14.99.100.21 - - [14/Apr/2012:18:34:39 -0700] "-" 400 0 "-" "-"
85.17.88.169 - - [14/Apr/2012:18:36:57 -0700] "POST /blog/wp-cron.php?doing_wp_cron=1334453460 HTTP/1.0" 499 0 "-" "WordPress/3.3.1; http://yuvi.in/blog"
66.249.73.219 - - [14/Apr/2012:18:36:58 -0700] "GET /blog/2011/06/06/ HTTP/1.1" 200 4140 "-" "Mozilla/5.0 (compatible; Googlebot/2.1; +http://www.google.com/bot.html)"
85.17.88.169 - - [14/Apr/2012:18:38:18 -0700] "POST /blog/wp-cron.php?doing_wp_cron=1334453540 HTTP/1.0" 499 0 "-" "WordPress/3.3.1; http://yuvi.in/blog"
97.117.125.23 - - [14/Apr/2012:18:38:18 -0700] "GET /blog/favicon.ico HTTP/1.1" 404 3016 "-" "Mozilla/5.0 (Windows NT 5.1; rv:11.0) Gecko/20100101 Firefox/11.0"
85.17.88.169 - - [14/Apr/2012:18:39:18 -0700] "POST /blog/wp-cron.php?doing_wp_cron=1334453601 HTTP/1.0" 499 0 "-" "WordPress/3.3.1; http://yuvi.in/blog"
98.140.73.189 - - [14/Apr/2012:18:39:18 -0700] "GET /blog/what-stop-child-athiest/ HTTP/1.1" 200 5573 "http://search.yahoo.com/search;_ylt=AkWtSqnVLl1M3CNw94v3Ezrj1KIX;_ylv=3?p=what+is+the+best+way+to+stop+your+child+from+becoming+an+aethiest&fr=ush-ans" "Mozilla/5.0 (Windows NT 6.1; WOW64) AppleWebKit/535.19 (KHTML, like Gecko) Chrome/18.0.1025.162 Safari/535.19"
98.140.73.189 - - [14/Apr/2012:18:39:19 -0700] "GET /blog/wp-content/themes/cleanr/js/jquery.dropdown.js?ver=3.3.1 HTTP/1.1" 200 535 "http://yuvi.in/blog/what-stop-child-athiest/" "Mozilla/5.0 (Windows NT 6.1; WOW64) AppleWebKit/535.19 (KHTML, like Gecko) Chrome/18.0.1025.162 Safari/535.19"
98.140.73.189 - - [14/Apr/2012:18:39:19 -0700] "GET /blog/wp-content/themes/cleanr/style.css HTTP/1.1" 200 10508 "http://yuvi.in/blog/what-stop-child-athiest/" "Mozilla/5.0 (Windows NT 6.1; WOW64) AppleWebKit/535.19 (KHTML, like Gecko) Chrome/18.0.1025.162 Safari/535.19"
98.140.73.189 - - [14/Apr/2012:18:39:20 -0700] "GET /blog/wp-content/themes/cleanr/css/reset.css HTTP/1.1" 200 648 "http://yuvi.in/blog/what-stop-child-athiest/" "Mozilla/5.0 (Windows NT 6.1; WOW64) AppleWebKit/535.19 (KHTML, like Gecko) Chrome/18.0.1025.162 Safari/535.19"
98.140.73.189 - - [14/Apr/2012:18:39:20 -0700] "GET /blog/wp-content/themes/cleanr/css/text.css HTTP/1.1" 200 420 "http://yuvi.in/blog/what-stop-child-athiest/" "Mozilla/5.0 (Windows NT 6.1; WOW64) AppleWebKit/535.19 (KHTML, like Gecko) Chrome/18.0.1025.162 Safari/535.19"
98.140.73.189 - - [14/Apr/2012:18:39:20 -0700] "GET /blog/wp-content/themes/cleanr/css/960.css HTTP/1.1" 200 3628 "http://yuvi.in/blog/what-stop-child-athiest/" "Mozilla/5.0 (Windows NT 6.1; WOW64) AppleWebKit/535.19 (KHTML, like Gecko) Chrome/18.0.1025.162 Safari/535.19"
98.140.73.189 - - [14/Apr/2012:18:39:20 -0700] "GET /blog/wp-includes/js/jquery/jquery.js?ver=1.7.1 HTTP/1.1" 200 93889 "http://yuvi.in/blog/what-stop-child-athiest/" "Mozilla/5.0 (Windows NT 6.1; WOW64) AppleWebKit/535.19 (KHTML, like Gecko) Chrome/18.0.1025.162 Safari/535.19"
98.140.73.189 - - [14/Apr/2012:18:39:20 -0700] "GET /blog/wp-content/themes/cleanr/images/search_magnifier.gif HTTP/1.1" 499 0 "http://yuvi.in/blog/what-stop-child-athiest/" "Mozilla/5.0 (Windows NT 6.1; WOW64) AppleWebKit/535.19 (KHTML, like Gecko) Chrome/18.0.1025.162 Safari/535.19"
85.17.88.169 - - [14/Apr/2012:18:40:56 -0700] "POST /blog/wp-cron.php?doing_wp_cron=1334453699 HTTP/1.0" 499 0 "-" "WordPress/3.3.1; http://yuvi.in/blog"
66.249.73.219 - - [14/Apr/2012:18:40:57 -0700] "GET /blog/category/personal/page/4/ HTTP/1.1" 200 10272 "-" "Mozilla/5.0 (compatible; Googlebot/2.1; +http://www.google.com/bot.html)"
115.184.118.81 - - [14/Apr/2012:18:41:24 -0700] "-" 400 0 "-" "-"
220.181.108.95 - - [14/Apr/2012:18:41:57 -0700] "GET / HTTP/1.1" 200 3439 "-" "Mozilla/5.0 (compatible; Baiduspider/2.0; +http://www.baidu.com/search/spider.html)"
115.184.118.81 - - [14/Apr/2012:18:42:35 -0700] "-" 400 0 "-" "-"
85.17.88.169 - - [14/Apr/2012:18:44:56 -0700] "POST /blog/wp-cron.php?doing_wp_cron=1334453938 HTTP/1.0" 499 0 "-" "WordPress/3.3.1; http://yuvi.in/blog"
66.249.73.219 - - [14/Apr/2012:18:44:56 -0700] "GET /blog/?dem_action=view HTTP/1.1" 200 10139 "-" "Mozilla/5.0 (compatible; Googlebot/2.1; +http://www.google.com/bot.html)"
141.0.10.56 - - [14/Apr/2012:18:46:11 -0700] "-" 400 0 "-" "-"
85.17.88.169 - - [14/Apr/2012:18:48:55 -0700] "POST /blog/wp-cron.php?doing_wp_cron=1334454177 HTTP/1.0" 499 0 "-" "WordPress/3.3.1; http://yuvi.in/blog"
66.249.73.219 - - [14/Apr/2012:18:48:55 -0700] "GET /blog/category/devlog/page/2/ HTTP/1.1" 200 5839 "-" "Mozilla/5.0 (compatible; Googlebot/2.1; +http://www.google.com/bot.html)"
85.17.88.169 - - [14/Apr/2012:18:50:29 -0700] "POST /blog/wp-cron.php?doing_wp_cron=1334454271 HTTP/1.0" 499 0 "-" "WordPress/3.3.1; http://yuvi.in/blog"
209.85.224.87 - - [14/Apr/2012:18:50:30 -0700] "GET /blog/feed HTTP/1.1" 304 0 "-" "FeedBurner/1.0 (http://www.FeedBurner.com)"
157.55.112.207 - - [14/Apr/2012:18:52:41 -0700] "-" 400 0 "-" "-"
157.55.112.207 - - [14/Apr/2012:18:52:42 -0700] "-" 400 0 "-" "-"
157.55.112.207 - - [14/Apr/2012:18:52:43 -0700] "-" 400 0 "-" "-"
157.55.112.207 - - [14/Apr/2012:18:52:45 -0700] "-" 400 0 "-" "-"
157.55.112.207 - - [14/Apr/2012:18:52:45 -0700] "-" 400 0 "-" "-"
157.55.112.207 - - [14/Apr/2012:18:52:45 -0700] "-" 400 0 "-" "-"
157.55.112.207 - - [14/Apr/2012:18:52:45 -0700] "-" 400 0 "-" "-"
157.55.112.207 - - [14/Apr/2012:18:52:45 -0700] "-" 400 0 "-" "-"
157.55.112.207 - - [14/Apr/2012:18:52:45 -0700] "-" 400 0 "-" "-"
157.55.112.207 - - [14/Apr/2012:18:52:47 -0700] "-" 400 0 "-" "-"
69.171.234.6 - - [14/Apr/2012:18:53:43 -0700] "GET /r/39d HTTP/1.1" 301 255 "-" "facebookexternalhit/1.1 (+http://www.facebook.com/externalhit_uatext.php)"
69.171.234.2 - - [14/Apr/2012:18:53:43 -0700] "GET /s/ta/39d/ HTTP/1.1" 302 325 "-" "facebookexternalhit/1.1 (+http://www.facebook.com/externalhit_uatext.php)"
85.17.88.169 - - [14/Apr/2012:18:53:54 -0700] "POST /blog/wp-cron.php?doing_wp_cron=1334454476 HTTP/1.0" 499 0 "-" "WordPress/3.3.1; http://yuvi.in/blog"
201.17.176.131 - - [14/Apr/2012:18:53:54 -0700] "GET /blog/enthusiastic-teachers-and-naive-implementation-of-gauss-seidel-approximations/ HTTP/1.1" 200 18184 "http://magicsubmitters.net/" "Mozilla/5.0 (Windows; U; Windows NT 5.1; pl; rv:1.9.1.3) Gecko/20090824 Firefox/3.5.3"
207.46.204.209 - - [14/Apr/2012:18:54:41 -0700] "-" 400 0 "-" "-"
207.46.204.209 - - [14/Apr/2012:18:54:41 -0700] "-" 400 0 "-" "-"
207.46.204.209 - - [14/Apr/2012:18:54:41 -0700] "-" 400 0 "-" "-"
207.46.204.209 - - [14/Apr/2012:18:54:41 -0700] "-" 400 0 "-" "-"
207.46.204.209 - - [14/Apr/2012:18:54:41 -0700] "-" 400 0 "-" "-"
207.46.204.209 - - [14/Apr/2012:18:54:41 -0700] "-" 400 0 "-" "-"
207.46.204.209 - - [14/Apr/2012:18:54:42 -0700] "-" 400 0 "-" "-"
207.46.204.209 - - [14/Apr/2012:18:54:42 -0700] "-" 400 0 "-" "-"
207.46.204.209 - - [14/Apr/2012:18:54:42 -0700] "-" 400 0 "-" "-"
207.46.204.209 - - [14/Apr/2012:18:54:43 -0700] "-" 400 0 "-" "-"
67.215.230.28 - - [14/Apr/2012:18:55:59 -0700] "GET /robots.txt HTTP/1.0" 404 169 "-" "Setooz/Nutch-1.2 (http://www.setooz.com)"
67.215.230.28 - - [14/Apr/2012:18:56:02 -0700] "GET /stories HTTP/1.0" 301 185 "-" "Setooz/Nutch-1.2 (http://www.setooz.com)"
67.215.230.26 - - [14/Apr/2012:18:56:08 -0700] "GET /robots.txt HTTP/1.0" 404 169 "-" "Setooz/Nutch-1.2 (http://www.setooz.com)"
67.215.230.26 - - [14/Apr/2012:18:56:08 -0700] "GET / HTTP/1.0" 200 3439 "-" "Setooz/Nutch-1.2 (http://www.setooz.com)"
85.17.88.169 - - [14/Apr/2012:18:57:12 -0700] "POST /blog/wp-cron.php?doing_wp_cron=1334454674 HTTP/1.0" 499 0 "-" "WordPress/3.3.1; http://yuvi.in/blog"
209.85.238.182 - - [14/Apr/2012:18:57:12 -0700] "GET /blog/feed/ HTTP/1.1" 304 0 "-" "Feedfetcher-Google; (+http://www.google.com/feedfetcher.html; 19 subscribers; feed-id=15064232456473204253)"
85.17.88.169 - - [14/Apr/2012:18:57:32 -0700] "POST /blog/wp-cron.php?doing_wp_cron=1334454695 HTTP/1.0" 499 0 "-" "WordPress/3.3.1; http://yuvi.in/blog"
101.226.33.188 - - [14/Apr/2012:18:57:33 -0700] "GET /blog/feed HTTP/1.0" 304 0 "-" "Mozilla/4.0 (compatible; Windows;)"
85.17.88.169 - - [14/Apr/2012:18:58:35 -0700] "POST /blog/wp-cron.php?doing_wp_cron=1334454757 HTTP/1.0" 499 0 "-" "WordPress/3.3.1; http://yuvi.in/blog"
100.43.83.144 - - [14/Apr/2012:18:58:36 -0700] "GET /blog/anatomy-of-an-impromptu-hackathon-git-vs-svn/ HTTP/1.1" 200 5982 "-" "Mozilla/5.0 (compatible; YandexBot/3.0; +http://yandex.com/bots)"
69.171.228.247 - - [14/Apr/2012:18:59:37 -0700] "GET /r/bxu HTTP/1.1" 301 255 "-" "facebookexternalhit/1.1 (+http://www.facebook.com/externalhit_uatext.php)"
69.171.228.244 - - [14/Apr/2012:18:59:38 -0700] "GET /s/ta/bxu/ HTTP/1.1" 302 413 "-" "facebookexternalhit/1.1 (+http://www.facebook.com/externalhit_uatext.php)"
66.249.73.219 - - [14/Apr/2012:19:00:51 -0700] "GET /blog/lessons-learnt-from-working-with-the-symposium.html HTTP/1.1" 200 2433 "-" "Mozilla/5.0 (compatible; Googlebot/2.1; +http://www.google.com/bot.html)"
85.17.88.169 - - [14/Apr/2012:19:02:20 -0700] "POST /blog/wp-cron.php?doing_wp_cron=1334454982 HTTP/1.0" 499 0 "-" "WordPress/3.3.1; http://yuvi.in/blog"
209.85.238.182 - - [14/Apr/2012:19:02:20 -0700] "GET /blog/feed HTTP/1.1" 301 0 "-" "Feedfetcher-Google; (+http://www.google.com/feedfetcher.html; 3 subscribers; feed-id=17684830852112633560)"
85.17.88.169 - - [14/Apr/2012:19:02:22 -0700] "POST /blog/wp-cron.php?doing_wp_cron=1334454984 HTTP/1.0" 499 0 "-" "WordPress/3.3.1; http://yuvi.in/blog"
209.85.238.182 - - [14/Apr/2012:19:02:23 -0700] "GET /blog/feed/ HTTP/1.1" 304 0 "-" "Feedfetcher-Google; (+http://www.google.com/feedfetcher.html; 3 subscribers; feed-id=17684830852112633560)"
173.169.226.223 - - [14/Apr/2012:19:02:40 -0700] "GET /AssessmentBar/r/Unassessed_India_articles/ HTTP/1.1" 302 277 "-" "Mozilla/5.0 (Windows NT 6.1) AppleWebKit/534.54.16 (KHTML, like Gecko) Version/5.1.4 Safari/534.54.16"
208.115.113.84 - - [14/Apr/2012:19:03:06 -0700] "GET /robots.txt HTTP/1.1" 404 169 "-" "Mozilla/5.0 (compatible; Ezooms/1.0; ezooms.bot@gmail.com)"
117.202.141.95 - - [14/Apr/2012:19:03:28 -0700] "-" 400 0 "-" "-"
173.169.226.223 - - [14/Apr/2012:19:03:31 -0700] "GET /AssessmentBar/r/Unassessed_India_articles/ HTTP/1.1" 302 265 "http://en.wikipedia.org/wiki/V.K._Joseph" "Mozilla/5.0 (Windows NT 6.1) AppleWebKit/534.54.16 (KHTML, like Gecko) Version/5.1.4 Safari/534.54.16"
173.169.226.223 - - [14/Apr/2012:19:03:56 -0700] "GET /AssessmentBar/r/Unassessed_India_articles/ HTTP/1.1" 302 273 "http://en.wikipedia.org/wiki/Web18" "Mozilla/5.0 (Windows NT 6.1) AppleWebKit/534.54.16 (KHTML, like Gecko) Version/5.1.4 Safari/534.54.16"
117.202.141.95 - - [14/Apr/2012:19:03:58 -0700] "-" 400 0 "-" "-"
113.193.117.245 - - [14/Apr/2012:19:04:05 -0700] "-" 400 0 "-" "-"
173.169.226.223 - - [14/Apr/2012:19:04:42 -0700] "GET /AssessmentBar/r/Unassessed_India_articles/ HTTP/1.1" 302 291 "http://en.wikipedia.org/wiki/Medampudi" "Mozilla/5.0 (Windows NT 6.1) AppleWebKit/534.54.16 (KHTML, like Gecko) Version/5.1.4 Safari/534.54.16"
174.45.181.117 - - [14/Apr/2012:19:04:44 -0700] "-" 400 0 "-" "-"
173.169.226.223 - - [14/Apr/2012:19:05:04 -0700] "GET /AssessmentBar/r/Unassessed_India_articles/ HTTP/1.1" 302 277 "http://en.wikipedia.org/wiki/Nirmal_Chander_Vij" "Mozilla/5.0 (Windows NT 6.1) AppleWebKit/534.54.16 (KHTML, like Gecko) Version/5.1.4 Safari/534.54.16"
173.169.226.223 - - [14/Apr/2012:19:05:17 -0700] "GET /AssessmentBar/r/Unassessed_India_articles/ HTTP/1.1" 302 297 "http://en.wikipedia.org/wiki/NRB_Bearing" "Mozilla/5.0 (Windows NT 6.1) AppleWebKit/534.54.16 (KHTML, like Gecko) Version/5.1.4 Safari/534.54.16"
69.171.228.251 - - [14/Apr/2012:19:05:30 -0700] "GET /r/g2 HTTP/1.1" 301 253 "-" "facebookexternalhit/1.1 (+http://www.facebook.com/externalhit_uatext.php)"
69.171.228.249 - - [14/Apr/2012:19:05:31 -0700] "GET /s/ta/g2/ HTTP/1.1" 302 349 "-" "facebookexternalhit/1.1 (+http://www.facebook.com/externalhit_uatext.php)"
69.171.228.244 - - [14/Apr/2012:19:05:33 -0700] "GET /r/vwi HTTP/1.1" 301 255 "-" "facebookexternalhit/1.1 (+http://www.facebook.com/externalhit_uatext.php)"
69.171.228.250 - - [14/Apr/2012:19:05:33 -0700] "GET /s/ta/vwi/ HTTP/1.1" 302 365 "-" "facebookexternalhit/1.1 (+http://www.facebook.com/externalhit_uatext.php)"
173.169.226.223 - - [14/Apr/2012:19:06:58 -0700] "GET /AssessmentBar/r/Unassessed_India_articles/ HTTP/1.1" 302 289 "http://en.wikipedia.org/wiki/Raj_Hamsa_Ultralights" "Mozilla/5.0 (Windows NT 6.1) AppleWebKit/534.54.16 (KHTML, like Gecko) Version/5.1.4 Safari/534.54.16"
141.0.10.210 - - [14/Apr/2012:19:08:05 -0700] "-" 400 0 "-" "-"
141.0.10.210 - - [14/Apr/2012:19:08:05 -0700] "-" 400 0 "-" "-"
141.0.10.210 - - [14/Apr/2012:19:08:05 -0700] "-" 400 0 "-" "-"
95.108.150.235 - - [14/Apr/2012:19:08:09 -0700] "GET /robots.txt HTTP/1.1" 404 169 "-" "Mozilla/5.0 (compatible; YandexBot/3.0; +http://yandex.com/bots)"
95.108.150.235 - - [14/Apr/2012:19:08:10 -0700] "GET / HTTP/1.1" 200 1430 "-" "Mozilla/5.0 (compatible; YandexBot/3.0; +http://yandex.com/bots)"
95.108.150.235 - - [14/Apr/2012:19:08:11 -0700] "GET / HTTP/1.1" 200 1430 "-" "Mozilla/5.0 (compatible; YandexBot/3.0; +http://yandex.com/bots)"
173.169.226.223 - - [14/Apr/2012:19:08:13 -0700] "GET /AssessmentBar/r/Unassessed_India_articles/ HTTP/1.1" 302 281 "http://en.wikipedia.org/wiki/JK_Lakshmi_Cement" "Mozilla/5.0 (Windows NT 6.1) AppleWebKit/534.54.16 (KHTML, like Gecko) Version/5.1.4 Safari/534.54.16"
173.169.226.223 - - [14/Apr/2012:19:08:23 -0700] "GET /AssessmentBar/r/Unassessed_India_articles/ HTTP/1.1" 302 271 "http://en.wikipedia.org/wiki/Zahir_Howaida" "Mozilla/5.0 (Windows NT 6.1) AppleWebKit/534.54.16 (KHTML, like Gecko) Version/5.1.4 Safari/534.54.16"
173.169.226.223 - - [14/Apr/2012:19:08:46 -0700] "GET /AssessmentBar/r/Unassessed_India_articles/ HTTP/1.1" 302 281 "http://en.wikipedia.org/wiki/Prakaram" "Mozilla/5.0 (Windows NT 6.1) AppleWebKit/534.54.16 (KHTML, like Gecko) Version/5.1.4 Safari/534.54.16"
85.17.88.169 - - [14/Apr/2012:19:08:50 -0700] "POST /blog/wp-cron.php?doing_wp_cron=1334455372 HTTP/1.0" 499 0 "-" "WordPress/3.3.1; http://yuvi.in/blog"
66.249.73.219 - - [14/Apr/2012:19:08:51 -0700] "GET /blog/shirts/ HTTP/1.1" 200 4284 "-" "Mozilla/5.0 (compatible; Googlebot/2.1; +http://www.google.com/bot.html)"
173.169.226.223 - - [14/Apr/2012:19:09:30 -0700] "GET /AssessmentBar/r/Unassessed_India_articles/ HTTP/1.1" 302 303 "http://en.wikipedia.org/wiki/Mochi_(Hindu)" "Mozilla/5.0 (Windows NT 6.1) AppleWebKit/534.54.16 (KHTML, like Gecko) Version/5.1.4 Safari/534.54.16"
85.17.88.169 - - [14/Apr/2012:19:10:03 -0700] "POST /blog/wp-cron.php?doing_wp_cron=1334455445 HTTP/1.0" 499 0 "-" "WordPress/3.3.1; http://yuvi.in/blog"
207.46.204.188 - - [14/Apr/2012:19:10:04 -0700] "GET /blog/ HTTP/1.1" 200 10128 "-" "Mozilla/5.0 (compatible; bingbot/2.0; +http://www.bing.com/bingbot.htm)"
173.169.226.223 - - [14/Apr/2012:19:10:11 -0700] "GET /AssessmentBar/r/Unassessed_India_articles/ HTTP/1.1" 302 285 "http://en.wikipedia.org/wiki/Narcotics_Control_Bureau" "Mozilla/5.0 (Windows NT 6.1) AppleWebKit/534.54.16 (KHTML, like Gecko) Version/5.1.4 Safari/534.54.16"
85.17.88.169 - - [14/Apr/2012:19:10:24 -0700] "POST /blog/wp-cron.php?doing_wp_cron=1334455466 HTTP/1.0" 499 0 "-" "WordPress/3.3.1; http://yuvi.in/blog"
77.20.154.156 - - [14/Apr/2012:19:10:24 -0700] "GET /blog/devlog-december-23-2011/trackback/ HTTP/1.1" 302 0 "-" "findlinks/2.0.2 (+http://wortschatz.uni-leipzig.de/findlinks/)"
85.17.88.169 - - [14/Apr/2012:19:10:27 -0700] "POST /blog/wp-cron.php?doing_wp_cron=1334455469 HTTP/1.0" 499 0 "-" "WordPress/3.3.1; http://yuvi.in/blog"
77.20.154.156 - - [14/Apr/2012:19:10:28 -0700] "GET /blog/devlog-december-23-2011/ HTTP/1.1" 200 16552 "-" "findlinks/2.0.2 (+http://wortschatz.uni-leipzig.de/findlinks/)"
85.17.88.169 - - [14/Apr/2012:19:12:49 -0700] "POST /blog/wp-cron.php?doing_wp_cron=1334455611 HTTP/1.0" 499 0 "-" "WordPress/3.3.1; http://yuvi.in/blog"
66.249.73.219 - - [14/Apr/2012:19:12:50 -0700] "GET /blog/page/12/ HTTP/1.1" 200 7149 "-" "Mozilla/5.0 (compatible; Googlebot/2.1; +http://www.google.com/bot.html)"
117.193.171.13 - - [14/Apr/2012:19:12:58 -0700] "-" 400 0 "-" "-"
85.17.88.169 - - [14/Apr/2012:19:16:09 -0700] "POST /blog/wp-cron.php?doing_wp_cron=1334455811 HTTP/1.0" 499 0 "-" "WordPress/3.3.1; http://yuvi.in/blog"
110.23.155.160 - - [14/Apr/2012:19:16:11 -0700] "GET /blog/category/personal/ HTTP/1.1" 200 14322 "http://yuvi.in/blog/" "Mozilla/5.0 (Linux; U; Android 2.3.6; en-nz; GT-S5690 Build/GINGERBREAD) AppleWebKit/533.1 (KHTML, like Gecko) Version/4.0 Mobile Safari/533.1"
110.23.155.160 - - [14/Apr/2012:19:16:41 -0700] "GET /blog/category/personal/ HTTP/1.1" 200 14322 "http://yuvi.in/blog/category/personal/" "Mozilla/5.0 (Linux; U; Android 2.3.6; en-nz; GT-S5690 Build/GINGERBREAD) AppleWebKit/533.1 (KHTML, like Gecko) Version/4.0 Mobile Safari/533.1"
110.23.155.160 - - [14/Apr/2012:19:16:57 -0700] "GET /blog/category/personal/ HTTP/1.1" 200 14322 "http://yuvi.in/blog/category/personal/" "Mozilla/5.0 (Linux; U; Android 2.3.6; en-nz; GT-S5690 Build/GINGERBREAD) AppleWebKit/533.1 (KHTML, like Gecko) Version/4.0 Mobile Safari/533.1"
85.17.88.169 - - [14/Apr/2012:19:17:10 -0700] "POST /blog/wp-cron.php?doing_wp_cron=1334455872 HTTP/1.0" 499 0 "-" "WordPress/3.3.1; http://yuvi.in/blog"
124.184.254.201 - - [14/Apr/2012:19:17:11 -0700] "GET /blog/feed/ HTTP/1.1" 304 0 "-" "FeedDemon/3.0 (http://www.feeddemon.com/; Microsoft Windows XP)"
110.23.155.160 - - [14/Apr/2012:19:17:24 -0700] "GET /blog/category/personal/ HTTP/1.1" 200 14322 "http://yuvi.in/blog/category/personal/" "Mozilla/5.0 (Linux; U; Android 2.3.6; en-nz; GT-S5690 Build/GINGERBREAD) AppleWebKit/533.1 (KHTML, like Gecko) Version/4.0 Mobile Safari/533.1"
85.17.88.169 - - [14/Apr/2012:19:17:35 -0700] "POST /blog/wp-cron.php?doing_wp_cron=1334455897 HTTP/1.0" 499 0 "-" "WordPress/3.3.1; http://yuvi.in/blog"
110.23.155.160 - - [14/Apr/2012:19:17:36 -0700] "GET /blog/college-drop/ HTTP/1.1" 200 4510 "http://yuvi.in/blog/category/personal/" "Mozilla/5.0 (Linux; U; Android 2.3.6; en-nz; GT-S5690 Build/GINGERBREAD) AppleWebKit/533.1 (KHTML, like Gecko) Version/4.0 Mobile Safari/533.1"
85.17.88.169 - - [14/Apr/2012:19:17:46 -0700] "POST /blog/wp-cron.php?doing_wp_cron=1334455909 HTTP/1.0" 499 0 "-" "WordPress/3.3.1; http://yuvi.in/blog"
110.23.155.160 - - [14/Apr/2012:19:17:47 -0700] "GET /blog/college-drop/?cf_action=sync_comments&post_id=393 HTTP/1.1" 200 48 "http://yuvi.in/blog/college-drop/" "Mozilla/5.0 (Linux; U; Android 2.3.6; en-nz; GT-S5690 Build/GINGERBREAD) AppleWebKit/533.1 (KHTML, like Gecko) Version/4.0 Mobile Safari/533.1"
85.17.88.169 - - [14/Apr/2012:19:18:23 -0700] "POST /blog/wp-cron.php?doing_wp_cron=1334455945 HTTP/1.0" 499 0 "-" "WordPress/3.3.1; http://yuvi.in/blog"
110.23.155.160 - - [14/Apr/2012:19:18:24 -0700] "GET /blog/tag/atleast-not-yet/ HTTP/1.1" 200 3622 "http://yuvi.in/blog/college-drop/" "Mozilla/5.0 (Linux; U; Android 2.3.6; en-nz; GT-S5690 Build/GINGERBREAD) AppleWebKit/533.1 (KHTML, like Gecko) Version/4.0 Mobile Safari/533.1"
208.115.113.85 - - [14/Apr/2012:19:18:29 -0700] "GET /robots.txt HTTP/1.1" 404 238 "-" "Mozilla/5.0 (compatible; Ezooms/1.0; ezooms.bot@gmail.com)"
110.23.155.160 - - [14/Apr/2012:19:18:41 -0700] "GET /blog/college-drop/ HTTP/1.1" 200 4510 "http://yuvi.in/blog/tag/atleast-not-yet/" "Mozilla/5.0 (Linux; U; Android 2.3.6; en-nz; GT-S5690 Build/GINGERBREAD) AppleWebKit/533.1 (KHTML, like Gecko) Version/4.0 Mobile Safari/533.1"
85.17.88.169 - - [14/Apr/2012:19:18:47 -0700] "POST /blog/wp-cron.php?doing_wp_cron=1334455969 HTTP/1.0" 499 0 "-" "WordPress/3.3.1; http://yuvi.in/blog"
110.23.155.160 - - [14/Apr/2012:19:18:47 -0700] "GET /blog/college-drop/?cf_action=sync_comments&post_id=393 HTTP/1.1" 200 48 "http://yuvi.in/blog/college-drop/" "Mozilla/5.0 (Linux; U; Android 2.3.6; en-nz; GT-S5690 Build/GINGERBREAD) AppleWebKit/533.1 (KHTML, like Gecko) Version/4.0 Mobile Safari/533.1"
85.17.88.169 - - [14/Apr/2012:19:19:57 -0700] "POST /blog/wp-cron.php?doing_wp_cron=1334456039 HTTP/1.0" 499 0 "-" "WordPress/3.3.1; http://yuvi.in/blog"
110.23.155.160 - - [14/Apr/2012:19:19:59 -0700] "GET /blog/2011/12/ HTTP/1.1" 200 12051 "http://yuvi.in/blog/college-drop/" "Mozilla/5.0 (Linux; U; Android 2.3.6; en-nz; GT-S5690 Build/GINGERBREAD) AppleWebKit/533.1 (KHTML, like Gecko) Version/4.0 Mobile Safari/533.1"
85.17.88.169 - - [14/Apr/2012:19:20:40 -0700] "POST /blog/wp-cron.php?doing_wp_cron=1334456082 HTTP/1.0" 499 0 "-" "WordPress/3.3.1; http://yuvi.in/blog"
209.85.224.93 - - [14/Apr/2012:19:20:40 -0700] "GET /blog/feed HTTP/1.1" 304 0 "-" "FeedBurner/1.0 (http://www.FeedBurner.com)"
69.171.234.0 - - [14/Apr/2012:19:21:07 -0700] "GET /r/o7q HTTP/1.1" 301 255 "-" "facebookexternalhit/1.1 (+http://www.facebook.com/externalhit_uatext.php)"
69.171.234.7 - - [14/Apr/2012:19:21:07 -0700] "GET /s/ta/o7q/ HTTP/1.1" 302 337 "-" "facebookexternalhit/1.1 (+http://www.facebook.com/externalhit_uatext.php)"
71.95.175.57 - - [14/Apr/2012:19:21:52 -0700] "GET /r/2lk1 HTTP/1.1" 301 257 "http://ta.wikipedia.org/wiki/%E0%AE%AA%E0%AF%87%E0%AE%9A%E0%AF%8D%E0%AE%9A%E0%AF%81:%E0%AE%A4%E0%AE%BE%E0%AE%B2%E0%AE%BF" "Mozilla/5.0 (X11; U; Linux i686; en-US) AppleWebKit/534.16 (KHTML, like Gecko) Ubuntu/10.10 Chromium/10.0.648.133 Chrome/10.0.648.133 Safari/534.16"
71.95.175.57 - - [14/Apr/2012:19:21:52 -0700] "GET /s/ta/2lk1/ HTTP/1.1" 302 387 "http://ta.wikipedia.org/wiki/%E0%AE%AA%E0%AF%87%E0%AE%9A%E0%AF%8D%E0%AE%9A%E0%AF%81:%E0%AE%A4%E0%AE%BE%E0%AE%B2%E0%AE%BF" "Mozilla/5.0 (X11; U; Linux i686; en-US) AppleWebKit/534.16 (KHTML, like Gecko) Ubuntu/10.10 Chromium/10.0.648.133 Chrome/10.0.648.133 Safari/534.16"
180.153.227.53 - - [14/Apr/2012:19:22:02 -0700] "-" 400 0 "-" "-"
85.17.88.169 - - [14/Apr/2012:19:23:38 -0700] "POST /blog/wp-cron.php?doing_wp_cron=1334456260 HTTP/1.0" 499 0 "-" "WordPress/3.3.1; http://yuvi.in/blog"
208.115.111.68 - - [14/Apr/2012:19:23:39 -0700] "GET /blog/devlog-december-10-2011/ HTTP/1.1" 200 16306 "-" "Mozilla/5.0 (compatible; Ezooms/1.0; ezooms.bot@gmail.com)"
141.0.10.53 - - [14/Apr/2012:19:25:57 -0700] "-" 400 0 "-" "-"
208.115.113.84 - - [14/Apr/2012:19:26:43 -0700] "GET /blog/devlog-feb-2011.html HTTP/1.1" 200 7216 "-" "Mozilla/5.0 (compatible; Ezooms/1.0; ezooms.bot@gmail.com)"
85.17.88.169 - - [14/Apr/2012:19:28:46 -0700] "POST /blog/wp-cron.php?doing_wp_cron=1334456568 HTTP/1.0" 499 0 "-" "WordPress/3.3.1; http://yuvi.in/blog"
85.17.88.169 - - [14/Apr/2012:19:28:46 -0700] "POST /blog/wp-cron.php?doing_wp_cron=1334456568 HTTP/1.0" 499 0 "-" "WordPress/3.3.1; http://yuvi.in/blog"
66.249.73.219 - - [14/Apr/2012:19:28:46 -0700] "GET /blog/evanescence-enjoyed-best-without-the-music-vids/ HTTP/1.1" 200 4293 "-" "Mozilla/5.0 (compatible; Googlebot/2.1; +http://www.google.com/bot.html)"
187.72.104.49 - - [14/Apr/2012:19:28:46 -0700] "GET /blog/ HTTP/1.1" 200 33086 "-" "Mozilla/5.0 (compatible; Googlebot/2.1; +http://www.google.com/bot.html)"
85.17.88.169 - - [14/Apr/2012:19:29:11 -0700] "POST /blog/wp-cron.php?doing_wp_cron=1334456593 HTTP/1.0" 499 0 "-" "WordPress/3.3.1; http://yuvi.in/blog"
110.23.155.160 - - [14/Apr/2012:19:29:13 -0700] "GET /blog/category/uncategorized/ HTTP/1.1" 200 20201 "http://yuvi.in/blog/2011/12/" "Mozilla/5.0 (Linux; U; Android 2.3.6; en-nz; GT-S5690 Build/GINGERBREAD) AppleWebKit/533.1 (KHTML, like Gecko) Version/4.0 Mobile Safari/533.1"
180.76.5.140 - - [14/Apr/2012:19:32:33 -0700] "GET /robots.txt HTTP/1.1" 404 142 "-" "Mozilla/5.0 (Windows NT 5.1; rv:6.0.2) Gecko/20100101 Firefox/6.0.2"
209.85.224.95 - - [14/Apr/2012:19:34:07 -0700] "GET /stories/feed HTTP/1.1" 200 13653 "-" "FeedBurner/1.0 (http://www.FeedBurner.com)"
205.209.190.116 - - [14/Apr/2012:19:36:12 -0700] "GET /robots.txt HTTP/1.0" 404 169 "-" "Mozilla/5.0 (compatible; MJ12bot/v1.4.2; http://www.majestic12.co.uk/bot.php?+)"
85.17.88.169 - - [14/Apr/2012:19:36:15 -0700] "POST /blog/wp-cron.php?doing_wp_cron=1334457017 HTTP/1.0" 499 0 "-" "WordPress/3.3.1; http://yuvi.in/blog"
205.209.190.116 - - [14/Apr/2012:19:36:16 -0700] "GET /blog/what-stop-child-athiest HTTP/1.1" 301 0 "-" "Mozilla/5.0 (compatible; MJ12bot/v1.4.2; http://www.majestic12.co.uk/bot.php?+)"
205.209.190.116 - - [14/Apr/2012:19:36:18 -0700] "GET /blog/what-stop-child-athiest/ HTTP/1.1" 200 21156 "-" "Mozilla/5.0 (compatible; MJ12bot/v1.4.2; http://www.majestic12.co.uk/bot.php?+)"
208.115.113.85 - - [14/Apr/2012:19:38:36 -0700] "GET /s/ta/2rvk/ HTTP/1.1" 302 603 "-" "Mozilla/5.0 (compatible; Ezooms/1.0; ezooms.bot@gmail.com)"
117.193.57.254 - - [14/Apr/2012:19:38:48 -0700] "-" 400 0 "-" "-"
117.193.57.254 - - [14/Apr/2012:19:38:48 -0700] "-" 400 0 "-" "-"
147.243.216.116 - - [14/Apr/2012:19:40:39 -0700] "-" 400 0 "-" "-"
66.220.146.247 - - [14/Apr/2012:19:41:36 -0700] "GET /r/33y1 HTTP/1.1" 301 257 "-" "facebookexternalhit/1.1 (+http://www.facebook.com/externalhit_uatext.php)"
66.220.146.248 - - [14/Apr/2012:19:41:36 -0700] "GET /s/ta/33y1/ HTTP/1.1" 302 615 "-" "facebookexternalhit/1.1 (+http://www.facebook.com/externalhit_uatext.php)"
117.193.57.254 - - [14/Apr/2012:19:41:39 -0700] "-" 400 0 "-" "-"
117.193.57.254 - - [14/Apr/2012:19:41:39 -0700] "-" 400 0 "-" "-"
117.193.57.254 - - [14/Apr/2012:19:41:39 -0700] "-" 400 0 "-" "-"
117.193.57.254 - - [14/Apr/2012:19:41:39 -0700] "-" 400 0 "-" "-"
117.193.57.254 - - [14/Apr/2012:19:41:39 -0700] "-" 400 0 "-" "-"
117.193.57.254 - - [14/Apr/2012:19:41:39 -0700] "-" 400 0 "-" "-"
117.193.57.254 - - [14/Apr/2012:19:41:39 -0700] "-" 400 0 "-" "-"
117.193.57.254 - - [14/Apr/2012:19:41:39 -0700] "-" 400 0 "-" "-"
117.193.57.254 - - [14/Apr/2012:19:41:39 -0700] "-" 400 0 "-" "-"
117.193.57.254 - - [14/Apr/2012:19:41:39 -0700] "-" 400 0 "-" "-"
117.193.57.254 - - [14/Apr/2012:19:41:39 -0700] "-" 400 0 "-" "-"
117.193.57.254 - - [14/Apr/2012:19:41:39 -0700] "-" 400 0 "-" "-"
117.193.57.254 - - [14/Apr/2012:19:41:39 -0700] "-" 400 0 "-" "-"
117.193.57.254 - - [14/Apr/2012:19:41:39 -0700] "-" 400 0 "-" "-"
117.193.57.254 - - [14/Apr/2012:19:41:39 -0700] "-" 400 0 "-" "-"
117.193.57.254 - - [14/Apr/2012:19:41:39 -0700] "-" 400 0 "-" "-"
117.193.57.254 - - [14/Apr/2012:19:41:39 -0700] "-" 400 0 "-" "-"
117.193.57.254 - - [14/Apr/2012:19:41:39 -0700] "-" 400 0 "-" "-"
117.193.57.254 - - [14/Apr/2012:19:41:39 -0700] "-" 400 0 "-" "-"
117.193.57.254 - - [14/Apr/2012:19:41:39 -0700] "-" 400 0 "-" "-"
117.193.57.254 - - [14/Apr/2012:19:41:39 -0700] "-" 400 0 "-" "-"
117.193.57.254 - - [14/Apr/2012:19:41:39 -0700] "-" 400 0 "-" "-"
117.193.57.254 - - [14/Apr/2012:19:41:39 -0700] "-" 400 0 "-" "-"
117.193.57.254 - - [14/Apr/2012:19:41:39 -0700] "-" 400 0 "-" "-"
117.193.57.254 - - [14/Apr/2012:19:41:39 -0700] "-" 400 0 "-" "-"
117.193.57.254 - - [14/Apr/2012:19:41:39 -0700] "-" 400 0 "-" "-"
117.193.57.254 - - [14/Apr/2012:19:41:39 -0700] "-" 400 0 "-" "-"
117.193.57.254 - - [14/Apr/2012:19:41:39 -0700] "-" 400 0 "-" "-"
117.193.57.254 - - [14/Apr/2012:19:41:39 -0700] "-" 400 0 "-" "-"
117.193.57.254 - - [14/Apr/2012:19:41:39 -0700] "-" 400 0 "-" "-"
117.193.57.254 - - [14/Apr/2012:19:41:39 -0700] "-" 400 0 "-" "-"
117.193.57.254 - - [14/Apr/2012:19:41:39 -0700] "-" 400 0 "-" "-"
117.193.57.254 - - [14/Apr/2012:19:41:39 -0700] "-" 400 0 "-" "-"
117.193.57.254 - - [14/Apr/2012:19:41:39 -0700] "-" 400 0 "-" "-"
117.193.57.254 - - [14/Apr/2012:19:41:39 -0700] "-" 400 0 "-" "-"
117.193.57.254 - - [14/Apr/2012:19:41:39 -0700] "-" 400 0 "-" "-"
117.193.57.254 - - [14/Apr/2012:19:41:39 -0700] "-" 400 0 "-" "-"
117.193.57.254 - - [14/Apr/2012:19:41:39 -0700] "-" 400 0 "-" "-"
117.193.57.254 - - [14/Apr/2012:19:41:39 -0700] "-" 400 0 "-" "-"
117.193.57.254 - - [14/Apr/2012:19:41:39 -0700] "-" 400 0 "-" "-"
117.193.57.254 - - [14/Apr/2012:19:41:39 -0700] "-" 400 0 "-" "-"
117.193.57.254 - - [14/Apr/2012:19:41:39 -0700] "-" 400 0 "-" "-"
117.193.57.254 - - [14/Apr/2012:19:41:39 -0700] "-" 400 0 "-" "-"
117.193.57.254 - - [14/Apr/2012:19:41:39 -0700] "-" 400 0 "-" "-"
117.193.57.254 - - [14/Apr/2012:19:41:39 -0700] "-" 400 0 "-" "-"
117.193.57.254 - - [14/Apr/2012:19:41:39 -0700] "-" 400 0 "-" "-"
117.193.57.254 - - [14/Apr/2012:19:41:39 -0700] "-" 400 0 "-" "-"
117.193.57.254 - - [14/Apr/2012:19:41:39 -0700] "-" 400 0 "-" "-"
180.76.5.94 - - [14/Apr/2012:19:47:36 -0700] "GET / HTTP/1.1" 200 3439 "-" "Mozilla/5.0 (compatible; Baiduspider/2.0; +http://www.baidu.com/search/spider.html)"
117.193.99.78 - - [14/Apr/2012:19:47:49 -0700] "-" 400 0 "-" "-"
85.17.88.169 - - [14/Apr/2012:19:50:49 -0700] "POST /blog/wp-cron.php?doing_wp_cron=1334457891 HTTP/1.0" 499 0 "-" "WordPress/3.3.1; http://yuvi.in/blog"
209.85.224.86 - - [14/Apr/2012:19:50:50 -0700] "GET /blog/feed HTTP/1.1" 304 0 "-" "FeedBurner/1.0 (http://www.FeedBurner.com)"
117.193.99.78 - - [14/Apr/2012:19:51:29 -0700] "-" 400 0 "-" "-"
110.23.155.160 - - [14/Apr/2012:19:52:30 -0700] "GET /blog/wp-content/themes/cleanr/js/jquery.dropdown.js?ver=3.3.1 HTTP/1.1" 200 535 "http://yuvi.in/blog/category/uncategorized/" "Mozilla/5.0 (Linux; U; Android 2.3.6; en-nz; GT-S5690 Build/GINGERBREAD) AppleWebKit/533.1 (KHTML, like Gecko) Version/4.0 Mobile Safari/533.1"
110.23.155.160 - - [14/Apr/2012:19:52:30 -0700] "GET /blog/wp-content/themes/cleanr/style.css HTTP/1.1" 200 10508 "http://yuvi.in/blog/category/uncategorized/" "Mozilla/5.0 (Linux; U; Android 2.3.6; en-nz; GT-S5690 Build/GINGERBREAD) AppleWebKit/533.1 (KHTML, like Gecko) Version/4.0 Mobile Safari/533.1"
110.23.155.160 - - [14/Apr/2012:19:52:31 -0700] "GET /blog/wp-includes/js/jquery/jquery.js?ver=1.7.1 HTTP/1.1" 200 93889 "http://yuvi.in/blog/category/uncategorized/" "Mozilla/5.0 (Linux; U; Android 2.3.6; en-nz; GT-S5690 Build/GINGERBREAD) AppleWebKit/533.1 (KHTML, like Gecko) Version/4.0 Mobile Safari/533.1"
110.23.155.160 - - [14/Apr/2012:19:52:31 -0700] "GET /blog/wp-content/themes/cleanr/css/reset.css HTTP/1.1" 200 648 "http://yuvi.in/blog/category/uncategorized/" "Mozilla/5.0 (Linux; U; Android 2.3.6; en-nz; GT-S5690 Build/GINGERBREAD) AppleWebKit/533.1 (KHTML, like Gecko) Version/4.0 Mobile Safari/533.1"
110.23.155.160 - - [14/Apr/2012:19:52:31 -0700] "GET /blog/wp-content/themes/cleanr/css/text.css HTTP/1.1" 200 420 "http://yuvi.in/blog/category/uncategorized/" "Mozilla/5.0 (Linux; U; Android 2.3.6; en-nz; GT-S5690 Build/GINGERBREAD) AppleWebKit/533.1 (KHTML, like Gecko) Version/4.0 Mobile Safari/533.1"
110.23.155.160 - - [14/Apr/2012:19:52:31 -0700] "GET /blog/wp-content/themes/cleanr/css/960.css HTTP/1.1" 200 3628 "http://yuvi.in/blog/category/uncategorized/" "Mozilla/5.0 (Linux; U; Android 2.3.6; en-nz; GT-S5690 Build/GINGERBREAD) AppleWebKit/533.1 (KHTML, like Gecko) Version/4.0 Mobile Safari/533.1"
110.23.155.160 - - [14/Apr/2012:19:52:33 -0700] "GET /blog/wp-content/themes/cleanr/images/search_magnifier.gif HTTP/1.1" 200 394 "http://yuvi.in/blog/category/uncategorized/" "Mozilla/5.0 (Linux; U; Android 2.3.6; en-nz; GT-S5690 Build/GINGERBREAD) AppleWebKit/533.1 (KHTML, like Gecko) Version/4.0 Mobile Safari/533.1"
66.220.146.248 - - [14/Apr/2012:19:53:44 -0700] "GET /r/39d HTTP/1.1" 301 255 "-" "facebookexternalhit/1.1 (+http://www.facebook.com/externalhit_uatext.php)"
66.220.146.248 - - [14/Apr/2012:19:53:44 -0700] "GET /s/ta/39d/ HTTP/1.1" 302 325 "-" "facebookexternalhit/1.1 (+http://www.facebook.com/externalhit_uatext.php)"
69.171.229.249 - - [14/Apr/2012:19:55:08 -0700] "GET /r/3g7 HTTP/1.1" 301 255 "-" "facebookexternalhit/1.1 (+http://www.facebook.com/externalhit_uatext.php)"
69.171.229.250 - - [14/Apr/2012:19:55:08 -0700] "GET /s/ta/3g7/ HTTP/1.1" 302 465 "-" "facebookexternalhit/1.1 (+http://www.facebook.com/externalhit_uatext.php)"
