117.193.254.46 - - [12/Mar/2012:09:49:37 -0700] "GET /r/1am HTTP/1.1" 301 255 "http://ta.wikipedia.org/wiki/%E0%AE%B5%E0%AE%BF%E0%AE%95%E0%AF%8D%E0%AE%95%E0%AE%BF%E0%AE%AA%E0%AF%8D%E0%AE%AA%E0%AF%80%E0%AE%9F%E0%AE%BF%E0%AE%AF%E0%AE%BE:%E0%AE%AE%E0%AE%A3%E0%AE%B2%E0%AF%8D%E0%AE%A4%E0%AF%8A%E0%AE%9F%E0%AF%8D%E0%AE%9F%E0%AE%BF" "Mozilla/5.0 (Windows NT 6.1; WOW64) AppleWebKit/535.11 (KHTML, like Gecko) Chrome/17.0.963.78 Safari/535.11"
103.246.38.196 - - [12/Mar/2012:09:49:38 -0700] "GET /s/ta/1am HTTP/1.1" 301 255 "-" "Mozilla/4.0 (compatible; MSIE 7.0; Windows NT 5.1; InfoPath.1; .NET CLR 2.0.50727; .NET CLR 1.1.4322; MS-RTC LM 8; .NET CLR 3.0.4506.2152; .NET CLR 3.5.30729)"
103.246.38.196 - - [12/Mar/2012:09:49:38 -0700] "GET /s/ta/1am/ HTTP/1.1" 302 555 "-" "Mozilla/4.0 (compatible; MSIE 7.0; Windows NT 5.1; InfoPath.1; .NET CLR 2.0.50727; .NET CLR 1.1.4322; MS-RTC LM 8; .NET CLR 3.0.4506.2152; .NET CLR 3.5.30729)"
117.193.254.46 - - [12/Mar/2012:09:49:39 -0700] "GET /s/ta/1am/ HTTP/1.1" 302 555 "http://ta.wikipedia.org/wiki/%E0%AE%B5%E0%AE%BF%E0%AE%95%E0%AF%8D%E0%AE%95%E0%AE%BF%E0%AE%AA%E0%AF%8D%E0%AE%AA%E0%AF%80%E0%AE%9F%E0%AE%BF%E0%AE%AF%E0%AE%BE:%E0%AE%AE%E0%AE%A3%E0%AE%B2%E0%AF%8D%E0%AE%A4%E0%AF%8A%E0%AE%9F%E0%AF%8D%E0%AE%9F%E0%AE%BF" "Mozilla/5.0 (Windows NT 6.1; WOW64) AppleWebKit/535.11 (KHTML, like Gecko) Chrome/17.0.963.78 Safari/535.11"
14.99.211.14 - - [12/Mar/2012:09:51:13 -0700] "-" 400 0 "-" "-"
14.99.211.14 - - [12/Mar/2012:09:51:13 -0700] "-" 400 0 "-" "-"
14.99.211.14 - - [12/Mar/2012:09:51:13 -0700] "-" 400 0 "-" "-"
14.99.211.14 - - [12/Mar/2012:09:51:13 -0700] "-" 400 0 "-" "-"
14.99.211.14 - - [12/Mar/2012:09:51:13 -0700] "-" 400 0 "-" "-"
67.215.230.28 - - [12/Mar/2012:09:52:15 -0700] "GET /robots.txt HTTP/1.0" 404 169 "-" "Setooz/Nutch-1.2 (http://www.setooz.com)"
67.215.230.28 - - [12/Mar/2012:09:52:15 -0700] "GET /stories HTTP/1.0" 301 185 "-" "Setooz/Nutch-1.2 (http://www.setooz.com)"
67.215.230.28 - - [12/Mar/2012:09:52:17 -0700] "GET /robots.txt HTTP/1.0" 404 169 "-" "Setooz/Nutch-1.2 (http://www.setooz.com)"
67.215.230.28 - - [12/Mar/2012:09:52:17 -0700] "GET / HTTP/1.0" 200 3439 "-" "Setooz/Nutch-1.2 (http://www.setooz.com)"
223.234.132.133 - - [12/Mar/2012:09:55:53 -0700] "-" 400 0 "-" "-"
223.234.132.133 - - [12/Mar/2012:09:55:53 -0700] "-" 400 0 "-" "-"
223.234.132.133 - - [12/Mar/2012:09:55:53 -0700] "-" 400 0 "-" "-"
74.125.126.100 - - [12/Mar/2012:09:57:53 -0700] "GET /favicon.ico HTTP/1.1" 404 211 "-" "-"
141.0.8.93 - - [12/Mar/2012:09:58:09 -0700] "-" 400 0 "-" "-"
85.17.88.169 - - [12/Mar/2012:09:58:29 -0700] "POST /blog/wp-cron.php?doing_wp_cron=1331571418 HTTP/1.0" 499 0 "-" "WordPress/3.3.1; http://yuvi.in/blog"
66.249.67.123 - - [12/Mar/2012:09:58:30 -0700] "GET /blog/2009/08/ HTTP/1.1" 200 6295 "-" "Mozilla/5.0 (compatible; Googlebot/2.1; +http://www.google.com/bot.html)"
209.85.224.94 - - [12/Mar/2012:09:59:28 -0700] "GET /stories/feed HTTP/1.1" 200 13653 "-" "FeedBurner/1.0 (http://www.FeedBurner.com)"
184.73.145.56 - - [12/Mar/2012:10:00:59 -0700] "GET / HTTP/1.1" 200 3439 "-" "Mozilla/5.0 (Windows NT 6.0) AppleWebKit/534.24 (KHTML, like Gecko) Chrome/11.0.696.60 Safari/534.24"
46.4.121.243 - - [12/Mar/2012:10:01:00 -0700] "GET / HTTP/1.1" 200 1430 "-" "Mozilla/5.0 (Windows; U; Windows NT 6.1; en-US) AppleWebKit/534.13 (KHTML, like Gecko) Chrome/9.0.597.107 Safari/534.13 BuiltWith/1.2"
184.73.145.56 - - [12/Mar/2012:10:01:00 -0700] "GET / HTTP/1.1" 200 3439 "-" "Mozilla/5.0 (Windows NT 6.0) AppleWebKit/534.24 (KHTML, like Gecko) Chrome/11.0.696.60 Safari/534.24"
184.73.145.56 - - [12/Mar/2012:10:01:00 -0700] "GET /stories HTTP/1.1" 301 185 "-" "Mozilla/5.0 (Windows NT 6.0) AppleWebKit/534.24 (KHTML, like Gecko) Chrome/11.0.696.60 Safari/534.24"
184.73.145.56 - - [12/Mar/2012:10:01:00 -0700] "GET / HTTP/1.1" 200 3439 "-" "Mozilla/5.0 (iPhone; U; CPU like Mac OS X; en) AppleWebKit/420+ (KHTML, like Gecko) Version/3.0 Mobile/1A543a Safari/419.3"
184.73.145.56 - - [12/Mar/2012:10:01:00 -0700] "GET /stories/ HTTP/1.1" 206 201 "-" "Mozilla/5.0 (Windows NT 6.0) AppleWebKit/534.24 (KHTML, like Gecko) Chrome/11.0.696.60 Safari/534.24"
184.73.145.56 - - [12/Mar/2012:10:01:01 -0700] "GET /blueprint/screen.css HTTP/1.1" 200 12058 "-" "Mozilla/5.0 (Windows NT 6.0) AppleWebKit/534.24 (KHTML, like Gecko) Chrome/11.0.696.60 Safari/534.24"
184.73.145.56 - - [12/Mar/2012:10:01:01 -0700] "GET /stories/ HTTP/1.1" 200 3515 "-" "Mozilla/5.0 (Windows NT 6.0) AppleWebKit/534.24 (KHTML, like Gecko) Chrome/11.0.696.60 Safari/534.24"
184.73.145.56 - - [12/Mar/2012:10:01:01 -0700] "GET /blog HTTP/1.1" 301 178 "-" "Mozilla/5.0 (Windows NT 6.0) AppleWebKit/534.24 (KHTML, like Gecko) Chrome/11.0.696.60 Safari/534.24"
184.73.145.56 - - [12/Mar/2012:10:01:01 -0700] "GET /blog HTTP/1.1" 301 178 "-" "Mozilla/5.0 (Windows NT 6.0) AppleWebKit/534.24 (KHTML, like Gecko) Chrome/11.0.696.60 Safari/534.24"
184.73.145.56 - - [12/Mar/2012:10:01:01 -0700] "GET /blueprint/print.css HTTP/1.1" 200 1284 "-" "Mozilla/5.0 (Windows NT 6.0) AppleWebKit/534.24 (KHTML, like Gecko) Chrome/11.0.696.60 Safari/534.24"
85.17.88.169 - - [12/Mar/2012:10:01:03 -0700] "POST /blog/wp-cron.php?doing_wp_cron=1331571571 HTTP/1.0" 499 0 "-" "WordPress/3.3.1; http://yuvi.in/blog"
85.17.88.169 - - [12/Mar/2012:10:01:03 -0700] "POST /blog/wp-cron.php?doing_wp_cron=1331571571 HTTP/1.0" 499 0 "-" "WordPress/3.3.1; http://yuvi.in/blog"
184.73.145.56 - - [12/Mar/2012:10:01:03 -0700] "GET /blog/ HTTP/1.1" 200 33210 "-" "Mozilla/5.0 (Windows NT 6.0) AppleWebKit/534.24 (KHTML, like Gecko) Chrome/11.0.696.60 Safari/534.24"
184.73.145.56 - - [12/Mar/2012:10:01:03 -0700] "GET /blog/ HTTP/1.1" 200 33210 "-" "Mozilla/5.0 (Windows NT 6.0) AppleWebKit/534.24 (KHTML, like Gecko) Chrome/11.0.696.60 Safari/534.24"
85.17.88.169 - - [12/Mar/2012:10:01:05 -0700] "POST /blog/wp-cron.php?doing_wp_cron=1331571574 HTTP/1.0" 499 0 "-" "WordPress/3.3.1; http://yuvi.in/blog"
184.73.145.56 - - [12/Mar/2012:10:01:06 -0700] "GET /blog/feed/ HTTP/1.1" 200 21860 "-" "Mozilla/5.0 (Windows NT 6.0) AppleWebKit/534.24 (KHTML, like Gecko) Chrome/11.0.696.60 Safari/534.24"
115.184.62.254 - - [12/Mar/2012:10:01:07 -0700] "-" 400 0 "-" "-"
85.17.88.169 - - [12/Mar/2012:10:01:12 -0700] "POST /blog/wp-cron.php?doing_wp_cron=1331571580 HTTP/1.0" 499 0 "-" "WordPress/3.3.1; http://yuvi.in/blog"
184.73.145.56 - - [12/Mar/2012:10:01:12 -0700] "GET /blog/my-vimrc/ HTTP/1.1" 200 16044 "-" "Mozilla/5.0 (Windows NT 6.0) AppleWebKit/534.24 (KHTML, like Gecko) Chrome/11.0.696.60 Safari/534.24"
100.43.83.144 - - [12/Mar/2012:10:01:47 -0700] "GET / HTTP/1.1" 200 1430 "-" "Mozilla/5.0 (compatible; YandexBot/3.0; +http://yandex.com/bots)"
100.43.83.144 - - [12/Mar/2012:10:01:48 -0700] "GET /r/1av1 HTTP/1.1" 301 257 "-" "Mozilla/5.0 (compatible; YandexBot/3.0; +http://yandex.com/bots)"
115.184.62.254 - - [12/Mar/2012:10:02:17 -0700] "-" 400 0 "-" "-"
115.184.62.254 - - [12/Mar/2012:10:02:17 -0700] "-" 400 0 "-" "-"
115.184.62.254 - - [12/Mar/2012:10:02:17 -0700] "-" 400 0 "-" "-"
115.184.62.254 - - [12/Mar/2012:10:02:17 -0700] "-" 400 0 "-" "-"
115.184.62.254 - - [12/Mar/2012:10:02:17 -0700] "-" 400 0 "-" "-"
66.249.68.52 - - [12/Mar/2012:10:05:16 -0700] "GET /r/2sna HTTP/1.1" 301 257 "-" "Mozilla/5.0 (compatible; Googlebot/2.1; +http://www.google.com/bot.html)"
66.249.68.52 - - [12/Mar/2012:10:05:16 -0700] "GET /s/ta/2sna/ HTTP/1.1" 302 463 "-" "Mozilla/5.0 (compatible; Googlebot/2.1; +http://www.google.com/bot.html)"
117.201.29.141 - - [12/Mar/2012:10:05:32 -0700] "-" 400 0 "-" "-"
117.201.29.141 - - [12/Mar/2012:10:05:32 -0700] "-" 400 0 "-" "-"
117.201.29.141 - - [12/Mar/2012:10:05:32 -0700] "-" 400 0 "-" "-"
117.201.29.141 - - [12/Mar/2012:10:05:32 -0700] "-" 400 0 "-" "-"
117.201.29.141 - - [12/Mar/2012:10:05:32 -0700] "-" 400 0 "-" "-"
117.201.29.141 - - [12/Mar/2012:10:06:32 -0700] "-" 400 0 "-" "-"
85.17.88.169 - - [12/Mar/2012:10:07:14 -0700] "POST /blog/wp-cron.php?doing_wp_cron=1331571943 HTTP/1.0" 499 0 "-" "WordPress/3.3.1; http://yuvi.in/blog"
100.43.83.144 - - [12/Mar/2012:10:07:15 -0700] "GET /blog/category/uncategorized/ HTTP/1.1" 200 23025 "-" "Mozilla/5.0 (compatible; YandexBot/3.0; +http://yandex.com/bots)"
101.63.206.234 - - [12/Mar/2012:10:07:17 -0700] "-" 400 0 "-" "-"
85.17.88.169 - - [12/Mar/2012:10:07:20 -0700] "POST /blog/wp-cron.php?doing_wp_cron=1331571948 HTTP/1.0" 499 0 "-" "WordPress/3.3.1; http://yuvi.in/blog"
100.43.83.144 - - [12/Mar/2012:10:07:20 -0700] "GET /blog/tag/fiction/feed/ HTTP/1.1" 200 3086 "-" "Mozilla/5.0 (compatible; YandexBot/3.0; +http://yandex.com/bots)"
74.125.18.157 - - [12/Mar/2012:10:08:19 -0700] "GET /favicon.ico HTTP/1.1" 404 142 "-" "-"
117.193.241.188 - - [12/Mar/2012:10:08:39 -0700] "-" 400 0 "-" "-"
141.0.8.207 - - [12/Mar/2012:10:09:13 -0700] "-" 400 0 "-" "-"
141.0.8.207 - - [12/Mar/2012:10:09:13 -0700] "-" 400 0 "-" "-"
85.17.88.169 - - [12/Mar/2012:10:09:15 -0700] "POST /blog/wp-cron.php?doing_wp_cron=1331572063 HTTP/1.0" 499 0 "-" "WordPress/3.3.1; http://yuvi.in/blog"
209.85.238.115 - - [12/Mar/2012:10:09:15 -0700] "GET /blog/feed HTTP/1.1" 301 0 "-" "Feedfetcher-Google; (+http://www.google.com/feedfetcher.html; 3 subscribers; feed-id=17684830852112633560)"
85.17.88.169 - - [12/Mar/2012:10:09:17 -0700] "POST /blog/wp-cron.php?doing_wp_cron=1331572066 HTTP/1.0" 499 0 "-" "WordPress/3.3.1; http://yuvi.in/blog"
209.85.238.115 - - [12/Mar/2012:10:09:18 -0700] "GET /blog/feed/ HTTP/1.1" 304 0 "-" "Feedfetcher-Google; (+http://www.google.com/feedfetcher.html; 3 subscribers; feed-id=17684830852112633560)"
101.63.206.234 - - [12/Mar/2012:10:09:40 -0700] "-" 400 0 "-" "-"
85.17.88.169 - - [12/Mar/2012:10:13:33 -0700] "POST /blog/wp-cron.php?doing_wp_cron=1331572321 HTTP/1.0" 499 0 "-" "WordPress/3.3.1; http://yuvi.in/blog"
209.85.224.85 - - [12/Mar/2012:10:13:33 -0700] "GET /blog/feed HTTP/1.1" 304 0 "-" "FeedBurner/1.0 (http://www.FeedBurner.com)"
85.17.88.169 - - [12/Mar/2012:10:14:35 -0700] "POST /blog/wp-cron.php?doing_wp_cron=1331572384 HTTP/1.0" 499 0 "-" "WordPress/3.3.1; http://yuvi.in/blog"
2.124.30.67 - - [12/Mar/2012:10:14:37 -0700] "GET /blog/page/2/ HTTP/1.1" 200 76264 "-" "Mozilla/5.0 (compatible; Googlebot/2.1; +http://www.google.com/bot.html)"
122.164.164.145 - - [12/Mar/2012:10:15:00 -0700] "GET /blog HTTP/1.1" 301 178 "-" "Mozilla/5.0 (X11; Linux x86_64) AppleWebKit/535.11 (KHTML, like Gecko) Chrome/17.0.963.79 Safari/535.11"
122.164.164.145 - - [12/Mar/2012:10:15:01 -0700] "GET /blog/ HTTP/1.1" 200 9195 "-" "Mozilla/5.0 (X11; Linux x86_64) AppleWebKit/535.11 (KHTML, like Gecko) Chrome/17.0.963.79 Safari/535.11"
122.164.164.145 - - [12/Mar/2012:10:15:01 -0700] "GET /blog/wp-content/themes/cleanr/style.css HTTP/1.1" 200 10508 "http://yuvi.in/blog/" "Mozilla/5.0 (X11; Linux x86_64) AppleWebKit/535.11 (KHTML, like Gecko) Chrome/17.0.963.79 Safari/535.11"
122.164.164.145 - - [12/Mar/2012:10:15:01 -0700] "GET /blog/wp-content/themes/cleanr/js/jquery.dropdown.js?ver=3.3.1 HTTP/1.1" 200 535 "http://yuvi.in/blog/" "Mozilla/5.0 (X11; Linux x86_64) AppleWebKit/535.11 (KHTML, like Gecko) Chrome/17.0.963.79 Safari/535.11"
122.164.164.145 - - [12/Mar/2012:10:15:02 -0700] "GET /blog/wp-content/themes/cleanr/css/reset.css HTTP/1.1" 200 648 "http://yuvi.in/blog/" "Mozilla/5.0 (X11; Linux x86_64) AppleWebKit/535.11 (KHTML, like Gecko) Chrome/17.0.963.79 Safari/535.11"
122.164.164.145 - - [12/Mar/2012:10:15:02 -0700] "GET /blog/wp-content/themes/cleanr/css/text.css HTTP/1.1" 200 420 "http://yuvi.in/blog/" "Mozilla/5.0 (X11; Linux x86_64) AppleWebKit/535.11 (KHTML, like Gecko) Chrome/17.0.963.79 Safari/535.11"
122.164.164.145 - - [12/Mar/2012:10:15:02 -0700] "GET /blog/wp-content/themes/cleanr/css/960.css HTTP/1.1" 200 3628 "http://yuvi.in/blog/" "Mozilla/5.0 (X11; Linux x86_64) AppleWebKit/535.11 (KHTML, like Gecko) Chrome/17.0.963.79 Safari/535.11"
122.164.164.145 - - [12/Mar/2012:10:15:02 -0700] "GET /blog/wp-includes/js/jquery/jquery.js?ver=1.7.1 HTTP/1.1" 200 93889 "http://yuvi.in/blog/" "Mozilla/5.0 (X11; Linux x86_64) AppleWebKit/535.11 (KHTML, like Gecko) Chrome/17.0.963.79 Safari/535.11"
122.164.164.145 - - [12/Mar/2012:10:15:03 -0700] "GET /blog/wp-content/themes/cleanr/images/search_magnifier.gif HTTP/1.1" 200 394 "http://yuvi.in/blog/" "Mozilla/5.0 (X11; Linux x86_64) AppleWebKit/535.11 (KHTML, like Gecko) Chrome/17.0.963.79 Safari/535.11"
122.164.164.145 - - [12/Mar/2012:10:15:04 -0700] "GET /favicon.ico HTTP/1.1" 404 199 "-" "Mozilla/5.0 (X11; Linux x86_64) AppleWebKit/535.11 (KHTML, like Gecko) Chrome/17.0.963.79 Safari/535.11"
122.164.164.145 - - [12/Mar/2012:10:15:16 -0700] "-" 400 0 "-" "-"
101.63.206.234 - - [12/Mar/2012:10:15:40 -0700] "-" 400 0 "-" "-"
85.17.88.169 - - [12/Mar/2012:10:15:55 -0700] "POST /blog/wp-cron.php?doing_wp_cron=1331572464 HTTP/1.0" 499 0 "-" "WordPress/3.3.1; http://yuvi.in/blog"
50.115.165.93 - - [12/Mar/2012:10:16:01 -0700] "GET /blog/2011/05/ HTTP/1.0" 200 26854 "http://www.3xmk.de/modules/smf_forum/smf/index.php?action=profile;u=17666" "Mozilla/5.0 (Windows; U; Windows NT 5.1; de; rv:1.9.1.3) Gecko/20090824 Firefox/3.5.3 (.NET CLR 3.5.30729)"
85.17.88.169 - - [12/Mar/2012:10:16:29 -0700] "POST /blog/wp-cron.php?doing_wp_cron=1331572498 HTTP/1.0" 499 0 "-" "WordPress/3.3.1; http://yuvi.in/blog"
180.76.5.62 - - [12/Mar/2012:10:16:30 -0700] "GET /blog/2010/03/ HTTP/1.1" 200 7208 "-" "Mozilla/5.0 (compatible; Baiduspider/2.0; +http://www.baidu.com/search/spider.html)"
66.249.68.52 - - [12/Mar/2012:10:17:10 -0700] "GET /r/hvu HTTP/1.1" 301 255 "-" "Mozilla/5.0 (compatible; Googlebot/2.1; +http://www.google.com/bot.html)"
66.249.68.52 - - [12/Mar/2012:10:17:10 -0700] "GET /s/ta/hvu/ HTTP/1.1" 302 437 "-" "Mozilla/5.0 (compatible; Googlebot/2.1; +http://www.google.com/bot.html)"
117.193.150.196 - - [12/Mar/2012:10:17:56 -0700] "GET /favicon.ico HTTP/1.1" 404 199 "-" "Mozilla/5.0 (X11; Linux i686) AppleWebKit/535.11 (KHTML, like Gecko) Ubuntu/11.10 Chromium/17.0.963.78 Chrome/17.0.963.78 Safari/535.11"
59.179.159.28 - - [12/Mar/2012:10:18:11 -0700] "GET / HTTP/1.1" 200 1430 "-" "Mozilla/5.0 (X11; Linux i686) AppleWebKit/535.11 (KHTML, like Gecko) Ubuntu/11.04 Chromium/17.0.963.65 Chrome/17.0.963.65 Safari/535.11"
117.193.150.196 - - [12/Mar/2012:10:18:12 -0700] "-" 400 0 "-" "-"
59.179.159.28 - - [12/Mar/2012:10:18:17 -0700] "GET /blueprint/screen.css HTTP/1.1" 200 12058 "http://yuvi.in/" "Mozilla/5.0 (X11; Linux i686) AppleWebKit/535.11 (KHTML, like Gecko) Ubuntu/11.04 Chromium/17.0.963.65 Chrome/17.0.963.65 Safari/535.11"
59.179.159.28 - - [12/Mar/2012:10:18:47 -0700] "GET /blueprint/print.css HTTP/1.1" 200 1284 "http://yuvi.in/" "Mozilla/5.0 (X11; Linux i686) AppleWebKit/535.11 (KHTML, like Gecko) Ubuntu/11.04 Chromium/17.0.963.65 Chrome/17.0.963.65 Safari/535.11"
157.55.112.199 - - [12/Mar/2012:10:18:47 -0700] "-" 400 0 "-" "-"
59.179.159.28 - - [12/Mar/2012:10:18:49 -0700] "GET /header.png HTTP/1.1" 200 14249 "http://yuvi.in/" "Mozilla/5.0 (X11; Linux i686) AppleWebKit/535.11 (KHTML, like Gecko) Ubuntu/11.04 Chromium/17.0.963.65 Chrome/17.0.963.65 Safari/535.11"
157.55.112.199 - - [12/Mar/2012:10:18:49 -0700] "-" 400 0 "-" "-"
157.55.112.199 - - [12/Mar/2012:10:18:50 -0700] "-" 400 0 "-" "-"
157.55.112.199 - - [12/Mar/2012:10:18:50 -0700] "-" 400 0 "-" "-"
157.55.112.199 - - [12/Mar/2012:10:18:51 -0700] "-" 400 0 "-" "-"
157.55.112.199 - - [12/Mar/2012:10:18:51 -0700] "-" 400 0 "-" "-"
157.55.112.199 - - [12/Mar/2012:10:18:51 -0700] "-" 400 0 "-" "-"
157.55.112.199 - - [12/Mar/2012:10:18:52 -0700] "-" 400 0 "-" "-"
157.55.112.199 - - [12/Mar/2012:10:18:52 -0700] "-" 400 0 "-" "-"
59.179.159.28 - - [12/Mar/2012:10:18:53 -0700] "GET /favicon.ico HTTP/1.1" 404 199 "-" "Mozilla/5.0 (X11; Linux i686) AppleWebKit/535.11 (KHTML, like Gecko) Ubuntu/11.04 Chromium/17.0.963.65 Chrome/17.0.963.65 Safari/535.11"
101.63.206.234 - - [12/Mar/2012:10:18:58 -0700] "-" 400 0 "-" "-"
85.17.88.169 - - [12/Mar/2012:10:18:58 -0700] "POST /blog/wp-cron.php?doing_wp_cron=1331572647 HTTP/1.0" 499 0 "-" "WordPress/3.3.1; http://yuvi.in/blog"
100.43.83.144 - - [12/Mar/2012:10:18:59 -0700] "GET /blog/the-fridge-at-interviewstreet-office/ HTTP/1.1" 200 4986 "-" "Mozilla/5.0 (compatible; YandexBot/3.0; +http://yandex.com/bots)"
59.179.159.28 - - [12/Mar/2012:10:19:02 -0700] "-" 400 0 "-" "-"
115.242.192.249 - - [12/Mar/2012:10:20:21 -0700] "-" 400 0 "-" "-"
115.184.10.76 - - [12/Mar/2012:10:23:11 -0700] "-" 400 0 "-" "-"
157.55.112.202 - - [12/Mar/2012:10:23:33 -0700] "-" 400 0 "-" "-"
157.55.112.202 - - [12/Mar/2012:10:23:35 -0700] "-" 400 0 "-" "-"
157.55.112.202 - - [12/Mar/2012:10:23:37 -0700] "-" 400 0 "-" "-"
157.55.112.202 - - [12/Mar/2012:10:23:38 -0700] "-" 400 0 "-" "-"
157.55.112.202 - - [12/Mar/2012:10:23:38 -0700] "-" 400 0 "-" "-"
157.55.112.202 - - [12/Mar/2012:10:23:38 -0700] "-" 400 0 "-" "-"
157.55.112.202 - - [12/Mar/2012:10:23:39 -0700] "-" 400 0 "-" "-"
157.55.112.202 - - [12/Mar/2012:10:23:39 -0700] "-" 400 0 "-" "-"
157.55.112.202 - - [12/Mar/2012:10:23:40 -0700] "-" 400 0 "-" "-"
85.17.88.169 - - [12/Mar/2012:10:24:00 -0700] "POST /blog/wp-cron.php?doing_wp_cron=1331572948 HTTP/1.0" 499 0 "-" "WordPress/3.3.1; http://yuvi.in/blog"
157.55.112.202 - - [12/Mar/2012:10:24:00 -0700] "-" 400 0 "-" "-"
157.55.112.202 - - [12/Mar/2012:10:24:00 -0700] "-" 400 0 "-" "-"
66.249.67.123 - - [12/Mar/2012:10:24:00 -0700] "GET /blog/the-fridge-at-interviewstreet-office/ HTTP/1.1" 200 4986 "-" "Mozilla/5.0 (compatible; Googlebot/2.1; +http://www.google.com/bot.html)"
59.179.159.28 - - [12/Mar/2012:10:24:34 -0700] "GET /blog HTTP/1.1" 301 178 "http://yuvi.in/" "Mozilla/5.0 (X11; Linux i686) AppleWebKit/535.11 (KHTML, like Gecko) Ubuntu/11.04 Chromium/17.0.963.65 Chrome/17.0.963.65 Safari/535.11"
59.179.159.28 - - [12/Mar/2012:10:24:36 -0700] "GET /blog/ HTTP/1.1" 200 9195 "http://yuvi.in/" "Mozilla/5.0 (X11; Linux i686) AppleWebKit/535.11 (KHTML, like Gecko) Ubuntu/11.04 Chromium/17.0.963.65 Chrome/17.0.963.65 Safari/535.11"
59.179.159.28 - - [12/Mar/2012:10:24:37 -0700] "GET /blog/wp-content/themes/cleanr/style.css HTTP/1.1" 200 10508 "http://yuvi.in/blog/" "Mozilla/5.0 (X11; Linux i686) AppleWebKit/535.11 (KHTML, like Gecko) Ubuntu/11.04 Chromium/17.0.963.65 Chrome/17.0.963.65 Safari/535.11"
59.179.159.28 - - [12/Mar/2012:10:24:39 -0700] "GET /blog/wp-content/themes/cleanr/js/jquery.dropdown.js?ver=3.3.1 HTTP/1.1" 200 535 "http://yuvi.in/blog/" "Mozilla/5.0 (X11; Linux i686) AppleWebKit/535.11 (KHTML, like Gecko) Ubuntu/11.04 Chromium/17.0.963.65 Chrome/17.0.963.65 Safari/535.11"
59.179.159.28 - - [12/Mar/2012:10:24:41 -0700] "GET /blog/wp-content/themes/cleanr/css/reset.css HTTP/1.1" 200 648 "http://yuvi.in/blog/" "Mozilla/5.0 (X11; Linux i686) AppleWebKit/535.11 (KHTML, like Gecko) Ubuntu/11.04 Chromium/17.0.963.65 Chrome/17.0.963.65 Safari/535.11"
59.179.159.28 - - [12/Mar/2012:10:24:41 -0700] "GET /blog/wp-content/themes/cleanr/css/text.css HTTP/1.1" 200 420 "http://yuvi.in/blog/" "Mozilla/5.0 (X11; Linux i686) AppleWebKit/535.11 (KHTML, like Gecko) Ubuntu/11.04 Chromium/17.0.963.65 Chrome/17.0.963.65 Safari/535.11"
59.179.159.28 - - [12/Mar/2012:10:24:41 -0700] "GET /blog/wp-content/themes/cleanr/css/960.css HTTP/1.1" 200 3628 "http://yuvi.in/blog/" "Mozilla/5.0 (X11; Linux i686) AppleWebKit/535.11 (KHTML, like Gecko) Ubuntu/11.04 Chromium/17.0.963.65 Chrome/17.0.963.65 Safari/535.11"
59.179.159.28 - - [12/Mar/2012:10:24:42 -0700] "GET /blog/wp-includes/js/jquery/jquery.js?ver=1.7.1 HTTP/1.1" 200 93889 "http://yuvi.in/blog/" "Mozilla/5.0 (X11; Linux i686) AppleWebKit/535.11 (KHTML, like Gecko) Ubuntu/11.04 Chromium/17.0.963.65 Chrome/17.0.963.65 Safari/535.11"
59.179.159.28 - - [12/Mar/2012:10:24:58 -0700] "GET /blog/wp-content/themes/cleanr/images/search_magnifier.gif HTTP/1.1" 200 394 "http://yuvi.in/blog/" "Mozilla/5.0 (X11; Linux i686) AppleWebKit/535.11 (KHTML, like Gecko) Ubuntu/11.04 Chromium/17.0.963.65 Chrome/17.0.963.65 Safari/535.11"
59.179.159.28 - - [12/Mar/2012:10:25:05 -0700] "GET /favicon.ico HTTP/1.1" 404 199 "-" "Mozilla/5.0 (X11; Linux i686) AppleWebKit/535.11 (KHTML, like Gecko) Ubuntu/11.04 Chromium/17.0.963.65 Chrome/17.0.963.65 Safari/535.11"
100.43.83.144 - - [12/Mar/2012:10:28:36 -0700] "GET /blog/tag/cheese.html HTTP/1.1" 200 7974 "-" "Mozilla/5.0 (compatible; YandexBot/3.0; +http://yandex.com/bots)"
100.43.83.144 - - [12/Mar/2012:10:28:39 -0700] "GET /blog/cheese-gsoc-report-week-1.html HTTP/1.1" 200 2800 "-" "Mozilla/5.0 (compatible; YandexBot/3.0; +http://yandex.com/bots)"
207.171.191.60 - - [12/Mar/2012:10:31:19 -0700] "GET / HTTP/1.1" 200 1430 "http://www.google.com/url?sa=t&rct=j&q=&esrc=s&source=web&cd=1&cts=1331573389199&ved=0CCcQFjAA&url=http%3A%2F%2Fyuvi.in%2F&ei=ijJeT-OVJMSziQKH4dndCw&usg=AFQjCNGCp_KinRzG9gFsQqxb60Cy8lsxnA&sig2=fIMVdh3V3qL1Wpycj3ZB4g" "Mozilla/5.0 (Macintosh; Intel Mac OS X 10.7; rv:10.0.2) Gecko/20100101 Firefox/10.0.2"
207.171.191.60 - - [12/Mar/2012:10:31:20 -0700] "GET /blueprint/screen.css HTTP/1.1" 200 12058 "http://yuvi.in/" "Mozilla/5.0 (Macintosh; Intel Mac OS X 10.7; rv:10.0.2) Gecko/20100101 Firefox/10.0.2"
207.171.191.61 - - [12/Mar/2012:10:31:20 -0700] "GET /header.png HTTP/1.1" 200 14249 "http://yuvi.in/" "Mozilla/5.0 (Macintosh; Intel Mac OS X 10.7; rv:10.0.2) Gecko/20100101 Firefox/10.0.2"
207.171.191.61 - - [12/Mar/2012:10:31:20 -0700] "GET /blueprint/print.css HTTP/1.1" 200 1284 "http://yuvi.in/" "Mozilla/5.0 (Macintosh; Intel Mac OS X 10.7; rv:10.0.2) Gecko/20100101 Firefox/10.0.2"
207.171.191.61 - - [12/Mar/2012:10:31:20 -0700] "GET /favicon.ico HTTP/1.1" 404 142 "-" "Mozilla/5.0 (Macintosh; Intel Mac OS X 10.7; rv:10.0.2) Gecko/20100101 Firefox/10.0.2"
207.171.191.61 - - [12/Mar/2012:10:31:20 -0700] "GET /favicon.ico HTTP/1.1" 404 142 "-" "Mozilla/5.0 (Macintosh; Intel Mac OS X 10.7; rv:10.0.2) Gecko/20100101 Firefox/10.0.2"
207.171.191.61 - - [12/Mar/2012:10:31:26 -0700] "GET /blog HTTP/1.1" 301 178 "http://yuvi.in/" "Mozilla/5.0 (Macintosh; Intel Mac OS X 10.7; rv:10.0.2) Gecko/20100101 Firefox/10.0.2"
207.171.191.61 - - [12/Mar/2012:10:31:27 -0700] "GET /blog/ HTTP/1.1" 200 9195 "http://yuvi.in/" "Mozilla/5.0 (Macintosh; Intel Mac OS X 10.7; rv:10.0.2) Gecko/20100101 Firefox/10.0.2"
207.171.191.60 - - [12/Mar/2012:10:31:27 -0700] "GET /blog/wp-content/themes/cleanr/js/jquery.dropdown.js?ver=3.3.1 HTTP/1.1" 200 535 "http://yuvi.in/blog/" "Mozilla/5.0 (Macintosh; Intel Mac OS X 10.7; rv:10.0.2) Gecko/20100101 Firefox/10.0.2"
207.171.191.60 - - [12/Mar/2012:10:31:27 -0700] "GET /blog/wp-content/themes/cleanr/style.css HTTP/1.1" 200 10508 "http://yuvi.in/blog/" "Mozilla/5.0 (Macintosh; Intel Mac OS X 10.7; rv:10.0.2) Gecko/20100101 Firefox/10.0.2"
207.171.191.61 - - [12/Mar/2012:10:31:28 -0700] "GET /blog/wp-includes/js/jquery/jquery.js?ver=1.7.1 HTTP/1.1" 200 93889 "http://yuvi.in/blog/" "Mozilla/5.0 (Macintosh; Intel Mac OS X 10.7; rv:10.0.2) Gecko/20100101 Firefox/10.0.2"
207.171.191.60 - - [12/Mar/2012:10:31:28 -0700] "GET /blog/wp-content/themes/cleanr/css/960.css HTTP/1.1" 200 3628 "http://yuvi.in/blog/wp-content/themes/cleanr/style.css" "Mozilla/5.0 (Macintosh; Intel Mac OS X 10.7; rv:10.0.2) Gecko/20100101 Firefox/10.0.2"
207.171.191.61 - - [12/Mar/2012:10:31:28 -0700] "GET /blog/wp-content/themes/cleanr/css/reset.css HTTP/1.1" 200 648 "http://yuvi.in/blog/wp-content/themes/cleanr/style.css" "Mozilla/5.0 (Macintosh; Intel Mac OS X 10.7; rv:10.0.2) Gecko/20100101 Firefox/10.0.2"
207.171.191.61 - - [12/Mar/2012:10:31:28 -0700] "GET /blog/wp-content/themes/cleanr/css/text.css HTTP/1.1" 200 420 "http://yuvi.in/blog/wp-content/themes/cleanr/style.css" "Mozilla/5.0 (Macintosh; Intel Mac OS X 10.7; rv:10.0.2) Gecko/20100101 Firefox/10.0.2"
207.171.191.61 - - [12/Mar/2012:10:31:28 -0700] "GET /blog/wp-content/themes/cleanr/images/search_magnifier.gif HTTP/1.1" 200 394 "http://yuvi.in/blog/" "Mozilla/5.0 (Macintosh; Intel Mac OS X 10.7; rv:10.0.2) Gecko/20100101 Firefox/10.0.2"
85.17.88.169 - - [12/Mar/2012:10:31:57 -0700] "POST /blog/wp-cron.php?doing_wp_cron=1331573425 HTTP/1.0" 499 0 "-" "WordPress/3.3.1; http://yuvi.in/blog"
59.179.159.28 - - [12/Mar/2012:10:31:59 -0700] "GET /blog/page/2/ HTTP/1.1" 200 22955 "http://yuvi.in/blog/" "Mozilla/5.0 (X11; Linux i686) AppleWebKit/535.11 (KHTML, like Gecko) Ubuntu/11.04 Chromium/17.0.963.65 Chrome/17.0.963.65 Safari/535.11"
59.179.159.28 - - [12/Mar/2012:10:32:13 -0700] "-" 400 0 "-" "-"
59.179.159.28 - - [12/Mar/2012:10:32:14 -0700] "GET /favicon.ico HTTP/1.1" 404 199 "-" "Mozilla/5.0 (X11; Linux i686) AppleWebKit/535.11 (KHTML, like Gecko) Ubuntu/11.04 Chromium/17.0.963.65 Chrome/17.0.963.65 Safari/535.11"
61.16.160.66 - - [12/Mar/2012:10:32:53 -0700] "-" 400 0 "-" "-"
115.184.10.76 - - [12/Mar/2012:10:33:20 -0700] "-" 400 0 "-" "-"
117.193.197.75 - - [12/Mar/2012:10:33:23 -0700] "-" 400 0 "-" "-"
88.252.188.102 - - [12/Mar/2012:10:33:48 -0700] "GET /blog/ HTTP/1.1" 200 33230 "-" "Mozilla/5.0 (compatible; Googlebot/2.1; +http://www.google.com/bot.html)"
88.214.193.166 - - [12/Mar/2012:10:34:23 -0700] "GET / HTTP/1.1" 200 3439 "http://www.semrush.com/info/yuvi.in" "Mozilla/5.0 (Macintosh; U; Intel Mac OS X 10_6_2; de-de) AppleWebKit/531.9 (KHTML, like Gecko) Version/4.0.3 Safari/531.9"
117.204.125.129 - - [12/Mar/2012:10:34:58 -0700] "GET /POSM/ HTTP/1.1" 200 1914 "-" "Mozilla/5.0 (X11; Linux i686) AppleWebKit/535.7 (KHTML, like Gecko) Chrome/16.0.912.75 Safari/535.7"
117.204.125.129 - - [12/Mar/2012:10:34:59 -0700] "GET /POSM/lib/jquery.mobile.structure-1.0.1.css HTTP/1.1" 200 32452 "http://yuvi.in/POSM/" "Mozilla/5.0 (X11; Linux i686) AppleWebKit/535.7 (KHTML, like Gecko) Chrome/16.0.912.75 Safari/535.7"
117.204.125.129 - - [12/Mar/2012:10:34:59 -0700] "GET /POSM/lib/underscore.js HTTP/1.1" 200 35168 "http://yuvi.in/POSM/" "Mozilla/5.0 (X11; Linux i686) AppleWebKit/535.7 (KHTML, like Gecko) Chrome/16.0.912.75 Safari/535.7"
117.204.125.129 - - [12/Mar/2012:10:35:00 -0700] "GET /POSM/lib/phonegap.js HTTP/1.1" 200 144879 "http://yuvi.in/POSM/" "Mozilla/5.0 (X11; Linux i686) AppleWebKit/535.7 (KHTML, like Gecko) Chrome/16.0.912.75 Safari/535.7"
117.204.125.129 - - [12/Mar/2012:10:35:00 -0700] "GET /POSM/lib/jquery.mobile-1.0.1.css HTTP/1.1" 200 83437 "http://yuvi.in/POSM/" "Mozilla/5.0 (X11; Linux i686) AppleWebKit/535.7 (KHTML, like Gecko) Chrome/16.0.912.75 Safari/535.7"
117.204.125.129 - - [12/Mar/2012:10:35:00 -0700] "GET /POSM/lib/jquery.timeago.js HTTP/1.1" 200 4491 "http://yuvi.in/POSM/" "Mozilla/5.0 (X11; Linux i686) AppleWebKit/535.7 (KHTML, like Gecko) Chrome/16.0.912.75 Safari/535.7"
117.204.125.129 - - [12/Mar/2012:10:35:01 -0700] "GET /POSM/lib/templates.js HTTP/1.1" 200 426 "http://yuvi.in/POSM/" "Mozilla/5.0 (X11; Linux i686) AppleWebKit/535.7 (KHTML, like Gecko) Chrome/16.0.912.75 Safari/535.7"
117.204.125.129 - - [12/Mar/2012:10:35:01 -0700] "GET /POSM/lib/jquery-1.7.1.min.js HTTP/1.1" 200 93868 "http://yuvi.in/POSM/" "Mozilla/5.0 (X11; Linux i686) AppleWebKit/535.7 (KHTML, like Gecko) Chrome/16.0.912.75 Safari/535.7"
117.204.125.129 - - [12/Mar/2012:10:35:01 -0700] "GET /POSM/js/tapbar.js HTTP/1.1" 200 881 "http://yuvi.in/POSM/" "Mozilla/5.0 (X11; Linux i686) AppleWebKit/535.7 (KHTML, like Gecko) Chrome/16.0.912.75 Safari/535.7"
117.204.125.129 - - [12/Mar/2012:10:35:01 -0700] "GET /POSM/lib/leaflet/leaflet.css HTTP/1.1" 200 6437 "http://yuvi.in/POSM/" "Mozilla/5.0 (X11; Linux i686) AppleWebKit/535.7 (KHTML, like Gecko) Chrome/16.0.912.75 Safari/535.7"
117.204.125.129 - - [12/Mar/2012:10:35:01 -0700] "GET /POSM/zoomData.js HTTP/1.1" 200 1573 "http://yuvi.in/POSM/" "Mozilla/5.0 (X11; Linux i686) AppleWebKit/535.7 (KHTML, like Gecko) Chrome/16.0.912.75 Safari/535.7"
117.204.125.129 - - [12/Mar/2012:10:35:01 -0700] "GET /POSM/style.css HTTP/1.1" 200 1499 "http://yuvi.in/POSM/" "Mozilla/5.0 (X11; Linux i686) AppleWebKit/535.7 (KHTML, like Gecko) Chrome/16.0.912.75 Safari/535.7"
117.204.125.129 - - [12/Mar/2012:10:35:01 -0700] "GET /POSM/js/poi.js HTTP/1.1" 200 2031 "http://yuvi.in/POSM/" "Mozilla/5.0 (X11; Linux i686) AppleWebKit/535.7 (KHTML, like Gecko) Chrome/16.0.912.75 Safari/535.7"
117.204.125.129 - - [12/Mar/2012:10:35:01 -0700] "GET /POSM/js/poimanager.js HTTP/1.1" 200 9309 "http://yuvi.in/POSM/" "Mozilla/5.0 (X11; Linux i686) AppleWebKit/535.7 (KHTML, like Gecko) Chrome/16.0.912.75 Safari/535.7"
117.204.125.129 - - [12/Mar/2012:10:35:01 -0700] "GET /POSM/js/curpos.js HTTP/1.1" 200 1793 "http://yuvi.in/POSM/" "Mozilla/5.0 (X11; Linux i686) AppleWebKit/535.7 (KHTML, like Gecko) Chrome/16.0.912.75 Safari/535.7"
117.204.125.129 - - [12/Mar/2012:10:35:02 -0700] "GET /POSM/js/changesets.js HTTP/1.1" 200 1226 "http://yuvi.in/POSM/" "Mozilla/5.0 (X11; Linux i686) AppleWebKit/535.7 (KHTML, like Gecko) Chrome/16.0.912.75 Safari/535.7"
117.204.125.129 - - [12/Mar/2012:10:35:02 -0700] "GET /POSM/js/main.js HTTP/1.1" 200 8592 "http://yuvi.in/POSM/" "Mozilla/5.0 (X11; Linux i686) AppleWebKit/535.7 (KHTML, like Gecko) Chrome/16.0.912.75 Safari/535.7"
117.204.125.129 - - [12/Mar/2012:10:35:06 -0700] "GET /POSM/lib/jquery.mobile-1.0.1.js HTTP/1.1" 200 221124 "http://yuvi.in/POSM/" "Mozilla/5.0 (X11; Linux i686) AppleWebKit/535.7 (KHTML, like Gecko) Chrome/16.0.912.75 Safari/535.7"
117.204.125.129 - - [12/Mar/2012:10:35:07 -0700] "GET /POSM/lib/leaflet/leaflet-src.js HTTP/1.1" 200 133300 "http://yuvi.in/POSM/" "Mozilla/5.0 (X11; Linux i686) AppleWebKit/535.7 (KHTML, like Gecko) Chrome/16.0.912.75 Safari/535.7"
117.204.125.129 - - [12/Mar/2012:10:35:13 -0700] "GET /POSM/img/preferences.png HTTP/1.1" 200 748 "http://yuvi.in/POSM/" "Mozilla/5.0 (X11; Linux i686) AppleWebKit/535.7 (KHTML, like Gecko) Chrome/16.0.912.75 Safari/535.7"
117.204.125.129 - - [12/Mar/2012:10:35:13 -0700] "GET /POSM/img/refresh.png HTTP/1.1" 200 868 "http://yuvi.in/POSM/" "Mozilla/5.0 (X11; Linux i686) AppleWebKit/535.7 (KHTML, like Gecko) Chrome/16.0.912.75 Safari/535.7"
117.204.125.129 - - [12/Mar/2012:10:35:13 -0700] "GET /POSM/img/mylocation.png HTTP/1.1" 200 803 "http://yuvi.in/POSM/" "Mozilla/5.0 (X11; Linux i686) AppleWebKit/535.7 (KHTML, like Gecko) Chrome/16.0.912.75 Safari/535.7"
117.204.125.129 - - [12/Mar/2012:10:35:13 -0700] "GET /POSM/img/back.png HTTP/1.1" 200 420 "http://yuvi.in/POSM/" "Mozilla/5.0 (X11; Linux i686) AppleWebKit/535.7 (KHTML, like Gecko) Chrome/16.0.912.75 Safari/535.7"
117.204.125.129 - - [12/Mar/2012:10:35:13 -0700] "GET /POSM/img/save.png HTTP/1.1" 404 199 "http://yuvi.in/POSM/" "Mozilla/5.0 (X11; Linux i686) AppleWebKit/535.7 (KHTML, like Gecko) Chrome/16.0.912.75 Safari/535.7"
117.204.125.129 - - [12/Mar/2012:10:35:13 -0700] "GET /POSM/lib/images/ajax-loader.png HTTP/1.1" 200 366 "http://yuvi.in/POSM/" "Mozilla/5.0 (X11; Linux i686) AppleWebKit/535.7 (KHTML, like Gecko) Chrome/16.0.912.75 Safari/535.7"
117.204.125.129 - - [12/Mar/2012:10:35:14 -0700] "GET /POSM/lib/leaflet/images/zoom-in.png HTTP/1.1" 200 963 "http://yuvi.in/POSM/" "Mozilla/5.0 (X11; Linux i686) AppleWebKit/535.7 (KHTML, like Gecko) Chrome/16.0.912.75 Safari/535.7"
117.204.125.129 - - [12/Mar/2012:10:35:14 -0700] "GET /POSM/lib/leaflet/images/zoom-out.png HTTP/1.1" 200 959 "http://yuvi.in/POSM/" "Mozilla/5.0 (X11; Linux i686) AppleWebKit/535.7 (KHTML, like Gecko) Chrome/16.0.912.75 Safari/535.7"
117.204.125.129 - - [12/Mar/2012:10:35:33 -0700] "GET /favicon.ico HTTP/1.1" 404 199 "-" "Mozilla/5.0 (X11; Linux i686) AppleWebKit/535.7 (KHTML, like Gecko) Chrome/16.0.912.75 Safari/535.7"
85.17.88.169 - - [12/Mar/2012:10:35:48 -0700] "POST /blog/wp-cron.php?doing_wp_cron=1331573657 HTTP/1.0" 499 0 "-" "WordPress/3.3.1; http://yuvi.in/blog"
208.115.111.68 - - [12/Mar/2012:10:35:49 -0700] "GET /blog/2011/06/ HTTP/1.1" 200 54222 "-" "Mozilla/5.0 (compatible; Ezooms/1.0; ezooms.bot@gmail.com)"
101.63.154.65 - - [12/Mar/2012:10:35:55 -0700] "-" 400 0 "-" "-"
85.17.88.169 - - [12/Mar/2012:10:35:55 -0700] "POST /blog/wp-cron.php?doing_wp_cron=1331573664 HTTP/1.0" 499 0 "-" "WordPress/3.3.1; http://yuvi.in/blog"
208.115.111.68 - - [12/Mar/2012:10:35:56 -0700] "GET /blog/devlog-jan-2011/ HTTP/1.1" 200 21369 "-" "Mozilla/5.0 (compatible; Ezooms/1.0; ezooms.bot@gmail.com)"
85.17.88.169 - - [12/Mar/2012:10:36:02 -0700] "POST /blog/wp-cron.php?doing_wp_cron=1331573670 HTTP/1.0" 499 0 "-" "WordPress/3.3.1; http://yuvi.in/blog"
208.115.111.68 - - [12/Mar/2012:10:36:02 -0700] "GET /blog/tag/algorithm/ HTTP/1.1" 200 15295 "-" "Mozilla/5.0 (compatible; Ezooms/1.0; ezooms.bot@gmail.com)"
222.165.158.162 - - [12/Mar/2012:10:36:13 -0700] "GET /r/i57 HTTP/1.1" 301 255 "-" "Mozilla/4.0 (compatible; MSIE 7.0; Windows NT 5.1; .NET CLR 2.0.50727; .NET CLR 3.0.4506.2152; .NET CLR 3.5.30729)"
222.165.158.162 - - [12/Mar/2012:10:36:16 -0700] "GET /s/ta/i57/ HTTP/1.1" 302 937 "-" "Mozilla/4.0 (compatible; MSIE 7.0; Windows NT 5.1; .NET CLR 2.0.50727; .NET CLR 3.0.4506.2152; .NET CLR 3.5.30729)"
122.164.254.203 - - [12/Mar/2012:10:37:04 -0700] "-" 400 0 "-" "-"
122.164.254.203 - - [12/Mar/2012:10:37:04 -0700] "-" 400 0 "-" "-"
66.249.67.123 - - [12/Mar/2012:10:37:42 -0700] "GET /blog/ HTTP/1.1" 200 9195 "-" "Mozilla/5.0 (compatible; Googlebot/2.1; +http://www.google.com/bot.html)"
101.63.154.65 - - [12/Mar/2012:10:38:34 -0700] "-" 400 0 "-" "-"
128.59.151.161 - - [12/Mar/2012:10:38:38 -0700] "GET /POSM/ HTTP/1.1" 200 1914 "-" "Mozilla/5.0 (X11; Linux i686) AppleWebKit/535.1 (KHTML, like Gecko) Ubuntu/11.10 Chromium/14.0.835.202 Chrome/14.0.835.202 Safari/535.1"
128.59.151.161 - - [12/Mar/2012:10:38:38 -0700] "GET /POSM/lib/jquery.mobile.structure-1.0.1.css HTTP/1.1" 200 32452 "http://yuvi.in/POSM/" "Mozilla/5.0 (X11; Linux i686) AppleWebKit/535.1 (KHTML, like Gecko) Ubuntu/11.10 Chromium/14.0.835.202 Chrome/14.0.835.202 Safari/535.1"
128.59.151.161 - - [12/Mar/2012:10:38:38 -0700] "GET /POSM/lib/underscore.js HTTP/1.1" 200 35168 "http://yuvi.in/POSM/" "Mozilla/5.0 (X11; Linux i686) AppleWebKit/535.1 (KHTML, like Gecko) Ubuntu/11.10 Chromium/14.0.835.202 Chrome/14.0.835.202 Safari/535.1"
128.59.151.161 - - [12/Mar/2012:10:38:39 -0700] "GET /POSM/lib/phonegap.js HTTP/1.1" 200 144879 "http://yuvi.in/POSM/" "Mozilla/5.0 (X11; Linux i686) AppleWebKit/535.1 (KHTML, like Gecko) Ubuntu/11.10 Chromium/14.0.835.202 Chrome/14.0.835.202 Safari/535.1"
128.59.151.161 - - [12/Mar/2012:10:38:39 -0700] "GET /POSM/lib/jquery-1.7.1.min.js HTTP/1.1" 200 93868 "http://yuvi.in/POSM/" "Mozilla/5.0 (X11; Linux i686) AppleWebKit/535.1 (KHTML, like Gecko) Ubuntu/11.10 Chromium/14.0.835.202 Chrome/14.0.835.202 Safari/535.1"
128.59.151.161 - - [12/Mar/2012:10:38:39 -0700] "GET /POSM/lib/jquery.timeago.js HTTP/1.1" 200 4491 "http://yuvi.in/POSM/" "Mozilla/5.0 (X11; Linux i686) AppleWebKit/535.1 (KHTML, like Gecko) Ubuntu/11.10 Chromium/14.0.835.202 Chrome/14.0.835.202 Safari/535.1"
128.59.151.161 - - [12/Mar/2012:10:38:39 -0700] "GET /POSM/lib/templates.js HTTP/1.1" 200 426 "http://yuvi.in/POSM/" "Mozilla/5.0 (X11; Linux i686) AppleWebKit/535.1 (KHTML, like Gecko) Ubuntu/11.10 Chromium/14.0.835.202 Chrome/14.0.835.202 Safari/535.1"
128.59.151.161 - - [12/Mar/2012:10:38:39 -0700] "GET /POSM/js/tapbar.js HTTP/1.1" 200 881 "http://yuvi.in/POSM/" "Mozilla/5.0 (X11; Linux i686) AppleWebKit/535.1 (KHTML, like Gecko) Ubuntu/11.10 Chromium/14.0.835.202 Chrome/14.0.835.202 Safari/535.1"
128.59.151.161 - - [12/Mar/2012:10:38:39 -0700] "GET /POSM/lib/leaflet/leaflet.css HTTP/1.1" 200 6437 "http://yuvi.in/POSM/" "Mozilla/5.0 (X11; Linux i686) AppleWebKit/535.1 (KHTML, like Gecko) Ubuntu/11.10 Chromium/14.0.835.202 Chrome/14.0.835.202 Safari/535.1"
128.59.151.161 - - [12/Mar/2012:10:38:39 -0700] "GET /POSM/zoomData.js HTTP/1.1" 200 1573 "http://yuvi.in/POSM/" "Mozilla/5.0 (X11; Linux i686) AppleWebKit/535.1 (KHTML, like Gecko) Ubuntu/11.10 Chromium/14.0.835.202 Chrome/14.0.835.202 Safari/535.1"
128.59.151.161 - - [12/Mar/2012:10:38:39 -0700] "GET /POSM/style.css HTTP/1.1" 200 1499 "http://yuvi.in/POSM/" "Mozilla/5.0 (X11; Linux i686) AppleWebKit/535.1 (KHTML, like Gecko) Ubuntu/11.10 Chromium/14.0.835.202 Chrome/14.0.835.202 Safari/535.1"
128.59.151.161 - - [12/Mar/2012:10:38:39 -0700] "GET /POSM/js/poi.js HTTP/1.1" 200 2031 "http://yuvi.in/POSM/" "Mozilla/5.0 (X11; Linux i686) AppleWebKit/535.1 (KHTML, like Gecko) Ubuntu/11.10 Chromium/14.0.835.202 Chrome/14.0.835.202 Safari/535.1"
128.59.151.161 - - [12/Mar/2012:10:38:39 -0700] "GET /POSM/lib/jquery.mobile-1.0.1.js HTTP/1.1" 200 221124 "http://yuvi.in/POSM/" "Mozilla/5.0 (X11; Linux i686) AppleWebKit/535.1 (KHTML, like Gecko) Ubuntu/11.10 Chromium/14.0.835.202 Chrome/14.0.835.202 Safari/535.1"
128.59.151.161 - - [12/Mar/2012:10:38:39 -0700] "GET /POSM/js/poimanager.js HTTP/1.1" 200 9309 "http://yuvi.in/POSM/" "Mozilla/5.0 (X11; Linux i686) AppleWebKit/535.1 (KHTML, like Gecko) Ubuntu/11.10 Chromium/14.0.835.202 Chrome/14.0.835.202 Safari/535.1"
128.59.151.161 - - [12/Mar/2012:10:38:39 -0700] "GET /POSM/js/curpos.js HTTP/1.1" 200 1793 "http://yuvi.in/POSM/" "Mozilla/5.0 (X11; Linux i686) AppleWebKit/535.1 (KHTML, like Gecko) Ubuntu/11.10 Chromium/14.0.835.202 Chrome/14.0.835.202 Safari/535.1"
128.59.151.161 - - [12/Mar/2012:10:38:39 -0700] "GET /POSM/js/changesets.js HTTP/1.1" 200 1226 "http://yuvi.in/POSM/" "Mozilla/5.0 (X11; Linux i686) AppleWebKit/535.1 (KHTML, like Gecko) Ubuntu/11.10 Chromium/14.0.835.202 Chrome/14.0.835.202 Safari/535.1"
128.59.151.161 - - [12/Mar/2012:10:38:39 -0700] "GET /POSM/js/main.js HTTP/1.1" 200 8592 "http://yuvi.in/POSM/" "Mozilla/5.0 (X11; Linux i686) AppleWebKit/535.1 (KHTML, like Gecko) Ubuntu/11.10 Chromium/14.0.835.202 Chrome/14.0.835.202 Safari/535.1"
128.59.151.161 - - [12/Mar/2012:10:38:39 -0700] "GET /POSM/lib/leaflet/leaflet-src.js HTTP/1.1" 200 133300 "http://yuvi.in/POSM/" "Mozilla/5.0 (X11; Linux i686) AppleWebKit/535.1 (KHTML, like Gecko) Ubuntu/11.10 Chromium/14.0.835.202 Chrome/14.0.835.202 Safari/535.1"
128.59.151.161 - - [12/Mar/2012:10:38:40 -0700] "GET /POSM/lib/jquery.mobile-1.0.1.css HTTP/1.1" 200 83437 "http://yuvi.in/POSM/" "Mozilla/5.0 (X11; Linux i686) AppleWebKit/535.1 (KHTML, like Gecko) Ubuntu/11.10 Chromium/14.0.835.202 Chrome/14.0.835.202 Safari/535.1"
128.59.151.161 - - [12/Mar/2012:10:38:41 -0700] "GET /POSM/img/preferences.png HTTP/1.1" 200 748 "http://yuvi.in/POSM/" "Mozilla/5.0 (X11; Linux i686) AppleWebKit/535.1 (KHTML, like Gecko) Ubuntu/11.10 Chromium/14.0.835.202 Chrome/14.0.835.202 Safari/535.1"
128.59.151.161 - - [12/Mar/2012:10:38:41 -0700] "GET /POSM/img/refresh.png HTTP/1.1" 200 868 "http://yuvi.in/POSM/" "Mozilla/5.0 (X11; Linux i686) AppleWebKit/535.1 (KHTML, like Gecko) Ubuntu/11.10 Chromium/14.0.835.202 Chrome/14.0.835.202 Safari/535.1"
128.59.151.161 - - [12/Mar/2012:10:38:41 -0700] "GET /POSM/img/mylocation.png HTTP/1.1" 200 803 "http://yuvi.in/POSM/" "Mozilla/5.0 (X11; Linux i686) AppleWebKit/535.1 (KHTML, like Gecko) Ubuntu/11.10 Chromium/14.0.835.202 Chrome/14.0.835.202 Safari/535.1"
128.59.151.161 - - [12/Mar/2012:10:38:41 -0700] "GET /POSM/img/back.png HTTP/1.1" 200 420 "http://yuvi.in/POSM/" "Mozilla/5.0 (X11; Linux i686) AppleWebKit/535.1 (KHTML, like Gecko) Ubuntu/11.10 Chromium/14.0.835.202 Chrome/14.0.835.202 Safari/535.1"
128.59.151.161 - - [12/Mar/2012:10:38:41 -0700] "GET /POSM/img/save.png HTTP/1.1" 404 199 "http://yuvi.in/POSM/" "Mozilla/5.0 (X11; Linux i686) AppleWebKit/535.1 (KHTML, like Gecko) Ubuntu/11.10 Chromium/14.0.835.202 Chrome/14.0.835.202 Safari/535.1"
128.59.151.161 - - [12/Mar/2012:10:38:41 -0700] "GET /POSM/lib/images/ajax-loader.png HTTP/1.1" 200 366 "http://yuvi.in/POSM/" "Mozilla/5.0 (X11; Linux i686) AppleWebKit/535.1 (KHTML, like Gecko) Ubuntu/11.10 Chromium/14.0.835.202 Chrome/14.0.835.202 Safari/535.1"
128.59.151.161 - - [12/Mar/2012:10:38:41 -0700] "GET /POSM/lib/leaflet/images/zoom-out.png HTTP/1.1" 200 959 "http://yuvi.in/POSM/" "Mozilla/5.0 (X11; Linux i686) AppleWebKit/535.1 (KHTML, like Gecko) Ubuntu/11.10 Chromium/14.0.835.202 Chrome/14.0.835.202 Safari/535.1"
128.59.151.161 - - [12/Mar/2012:10:38:41 -0700] "GET /POSM/lib/leaflet/images/zoom-in.png HTTP/1.1" 200 963 "http://yuvi.in/POSM/" "Mozilla/5.0 (X11; Linux i686) AppleWebKit/535.1 (KHTML, like Gecko) Ubuntu/11.10 Chromium/14.0.835.202 Chrome/14.0.835.202 Safari/535.1"
128.59.151.161 - - [12/Mar/2012:10:38:42 -0700] "GET /favicon.ico HTTP/1.1" 404 199 "-" "Mozilla/5.0 (X11; Linux i686) AppleWebKit/535.1 (KHTML, like Gecko) Ubuntu/11.10 Chromium/14.0.835.202 Chrome/14.0.835.202 Safari/535.1"
128.59.151.161 - - [12/Mar/2012:10:38:49 -0700] "GET /favicon.ico HTTP/1.1" 404 199 "-" "Mozilla/5.0 (X11; Linux i686) AppleWebKit/535.1 (KHTML, like Gecko) Ubuntu/11.10 Chromium/14.0.835.202 Chrome/14.0.835.202 Safari/535.1"
128.59.151.161 - - [12/Mar/2012:10:38:49 -0700] "GET /favicon.ico HTTP/1.1" 404 199 "-" "Mozilla/5.0 (X11; Linux i686) AppleWebKit/535.1 (KHTML, like Gecko) Ubuntu/11.10 Chromium/14.0.835.202 Chrome/14.0.835.202 Safari/535.1"
128.59.151.161 - mlberg [12/Mar/2012:10:38:55 -0700] "POST /osm/api/0.6/changeset/create HTTP/1.1" 200 28 "http://yuvi.in/POSM/" "Mozilla/5.0 (X11; Linux i686) AppleWebKit/535.1 (KHTML, like Gecko) Ubuntu/11.10 Chromium/14.0.835.202 Chrome/14.0.835.202 Safari/535.1"
128.59.151.161 - - [12/Mar/2012:10:38:55 -0700] "GET /favicon.ico HTTP/1.1" 404 199 "-" "Mozilla/5.0 (X11; Linux i686) AppleWebKit/535.1 (KHTML, like Gecko) Ubuntu/11.10 Chromium/14.0.835.202 Chrome/14.0.835.202 Safari/535.1"
128.59.151.161 - - [12/Mar/2012:10:39:00 -0700] "GET /POSM/img/new-marker.png HTTP/1.1" 200 1683 "http://yuvi.in/POSM/" "Mozilla/5.0 (X11; Linux i686) AppleWebKit/535.1 (KHTML, like Gecko) Ubuntu/11.10 Chromium/14.0.835.202 Chrome/14.0.835.202 Safari/535.1"
128.59.151.161 - - [12/Mar/2012:10:39:00 -0700] "GET /POSM/lib/leaflet/images/marker-shadow.png HTTP/1.1" 200 1649 "http://yuvi.in/POSM/" "Mozilla/5.0 (X11; Linux i686) AppleWebKit/535.1 (KHTML, like Gecko) Ubuntu/11.10 Chromium/14.0.835.202 Chrome/14.0.835.202 Safari/535.1"
157.55.112.208 - - [12/Mar/2012:10:39:18 -0700] "-" 400 0 "-" "-"
157.55.112.208 - - [12/Mar/2012:10:39:19 -0700] "-" 400 0 "-" "-"
157.55.112.208 - - [12/Mar/2012:10:39:19 -0700] "-" 400 0 "-" "-"
157.55.112.208 - - [12/Mar/2012:10:39:19 -0700] "-" 400 0 "-" "-"
157.55.112.208 - - [12/Mar/2012:10:39:20 -0700] "-" 400 0 "-" "-"
157.55.112.208 - - [12/Mar/2012:10:39:20 -0700] "-" 400 0 "-" "-"
157.55.112.208 - - [12/Mar/2012:10:39:20 -0700] "-" 400 0 "-" "-"
157.55.112.208 - - [12/Mar/2012:10:39:20 -0700] "-" 400 0 "-" "-"
157.55.112.208 - - [12/Mar/2012:10:39:20 -0700] "-" 400 0 "-" "-"
157.55.112.208 - - [12/Mar/2012:10:39:21 -0700] "-" 400 0 "-" "-"
128.59.151.161 - - [12/Mar/2012:10:39:31 -0700] "GET /overpass?data=%0A++++%0A++++++++(%0A++++++++%0A++++++++node(-0.39550467153200675%2C+-4.94384765625%2C+14.71113475887066%2C+26.69677734375)%0A++++++++++++%0A++++++++++++++++%5B%22place%22%3D%22country%22%5D%0A++++++++++++%0A++++++++%3B%0A++++++++%0A++++++++node(-0.39550467153200675%2C+-4.94384765625%2C+14.71113475887066%2C+26.69677734375)%0A++++++++++++%0A++++++++++++++++%5B%22place%22%3D%22state%22%5D%0A++++++++++++%0A++++++++%3B%0A++++++++%0A++++++++node(-0.39550467153200675%2C+-4.94384765625%2C+14.71113475887066%2C+26.69677734375)%0A++++++++++++%0A++++++++++++++++%5B%22place%22%3D%22city%22%5D%0A++++++++++++%0A++++++++++++++++%5B%22admin_level%22%3D%224%22%5D%0A++++++++++++%0A++++++++%3B%0A++++++++%0A++++++++node(-0.39550467153200675%2C+-4.94384765625%2C+14.71113475887066%2C+26.69677734375)%0A++++++++++++%0A++++++++++++++++%5B%22place%22%3D%22city%22%5D%0A++++++++++++%0A++++++++++++++++%5B%22admin_level%22%3D%225%22%5D%0A++++++++++++%0A++++++++%3B%0A++++++++%0A++++++++)%3B%0A++++%0A++++out+meta%3B%0A HTTP/1.1" 200 42100 "http://yuvi.in/POSM/" "Mozilla/5.0 (X11; Linux i686) AppleWebKit/535.1 (KHTML, like Gecko) Ubuntu/11.10 Chromium/14.0.835.202 Chrome/14.0.835.202 Safari/535.1"
128.59.151.161 - - [12/Mar/2012:10:39:32 -0700] "GET /POSM/lib/leaflet/images/marker.png HTTP/1.1" 200 2519 "http://yuvi.in/POSM/" "Mozilla/5.0 (X11; Linux i686) AppleWebKit/535.1 (KHTML, like Gecko) Ubuntu/11.10 Chromium/14.0.835.202 Chrome/14.0.835.202 Safari/535.1"
157.55.112.208 - - [12/Mar/2012:10:39:58 -0700] "-" 400 0 "-" "-"
128.59.151.161 - - [12/Mar/2012:10:40:00 -0700] "GET /overpass?data=%0A++++%0A++++++++(%0A++++++++%0A++++++++node(-7.623886853120036%2C+-19.0283203125%2C+22.309425841200177%2C+44.2529296875)%0A++++++++++++%0A++++++++++++++++%5B%22place%22%3D%22country%22%5D%0A++++++++++++%0A++++++++%3B%0A++++++++%0A++++++++node(-7.623886853120036%2C+-19.0283203125%2C+22.309425841200177%2C+44.2529296875)%0A++++++++++++%0A++++++++++++++++%5B%22place%22%3D%22state%22%5D%0A++++++++++++%0A++++++++%3B%0A++++++++%0A++++++++node(-7.623886853120036%2C+-19.0283203125%2C+22.309425841200177%2C+44.2529296875)%0A++++++++++++%0A++++++++++++++++%5B%22place%22%3D%22city%22%5D%0A++++++++++++%0A++++++++++++++++%5B%22admin_level%22%3D%224%22%5D%0A++++++++++++%0A++++++++%3B%0A++++++++%0A++++++++)%3B%0A++++%0A++++out+meta%3B%0A HTTP/1.1" 200 141129 "http://yuvi.in/POSM/" "Mozilla/5.0 (X11; Linux i686) AppleWebKit/535.1 (KHTML, like Gecko) Ubuntu/11.10 Chromium/14.0.835.202 Chrome/14.0.835.202 Safari/535.1"
128.59.151.161 - - [12/Mar/2012:10:40:15 -0700] "GET /overpass?data=%0A++++%0A++++++++(%0A++++++++%0A++++++++node(-44.339565248097124%2C+-96.6796875%2C+58.53959476664049%2C+156.4453125)%0A++++++++++++%0A++++++++++++++++%5B%22place%22%3D%22country%22%5D%0A++++++++++++%0A++++++++%3B%0A++++++++%0A++++++++)%3B%0A++++%0A++++out+meta%3B%0A HTTP/1.1" 504 585 "http://yuvi.in/POSM/" "Mozilla/5.0 (X11; Linux i686) AppleWebKit/535.1 (KHTML, like Gecko) Ubuntu/11.10 Chromium/14.0.835.202 Chrome/14.0.835.202 Safari/535.1"
128.59.151.161 - - [12/Mar/2012:10:40:16 -0700] "GET /overpass?data=%0A++++%0A++++++++(%0A++++++++%0A++++++++node(-21.616579336740593%2C+-47.28515625%2C+36.24427318493909%2C+79.27734374999999)%0A++++++++++++%0A++++++++++++++++%5B%22place%22%3D%22country%22%5D%0A++++++++++++%0A++++++++%3B%0A++++++++%0A++++++++node(-21.616579336740593%2C+-47.28515625%2C+36.24427318493909%2C+79.27734374999999)%0A++++++++++++%0A++++++++++++++++%5B%22place%22%3D%22state%22%5D%0A++++++++++++%0A++++++++%3B%0A++++++++%0A++++++++)%3B%0A++++%0A++++out+meta%3B%0A HTTP/1.1" 504 585 "http://yuvi.in/POSM/" "Mozilla/5.0 (X11; Linux i686) AppleWebKit/535.1 (KHTML, like Gecko) Ubuntu/11.10 Chromium/14.0.835.202 Chrome/14.0.835.202 Safari/535.1"
128.59.151.161 - - [12/Mar/2012:10:40:17 -0700] "GET /overpass?data=%0A++++%0A++++++++(%0A++++++++%0A++++++++node(-45.46013063792099%2C+-103.53515625%2C+57.70414723434193%2C+149.58984375)%0A++++++++++++%0A++++++++++++++++%5B%22place%22%3D%22country%22%5D%0A++++++++++++%0A++++++++%3B%0A++++++++%0A++++++++)%3B%0A++++%0A++++out+meta%3B%0A HTTP/1.1" 504 585 "http://yuvi.in/POSM/" "Mozilla/5.0 (X11; Linux i686) AppleWebKit/535.1 (KHTML, like Gecko) Ubuntu/11.10 Chromium/14.0.835.202 Chrome/14.0.835.202 Safari/535.1"
128.59.151.161 - - [12/Mar/2012:10:40:18 -0700] "GET /overpass?data=%0A++++%0A++++++++(%0A++++++++%0A++++++++node(-21.616579336740593%2C+-47.197265625%2C+36.24427318493909%2C+79.365234375)%0A++++++++++++%0A++++++++++++++++%5B%22place%22%3D%22country%22%5D%0A++++++++++++%0A++++++++%3B%0A++++++++%0A++++++++node(-21.616579336740593%2C+-47.197265625%2C+36.24427318493909%2C+79.365234375)%0A++++++++++++%0A++++++++++++++++%5B%22place%22%3D%22state%22%5D%0A++++++++++++%0A++++++++%3B%0A++++++++%0A++++++++)%3B%0A++++%0A++++out+meta%3B%0A HTTP/1.1" 504 585 "http://yuvi.in/POSM/" "Mozilla/5.0 (X11; Linux i686) AppleWebKit/535.1 (KHTML, like Gecko) Ubuntu/11.10 Chromium/14.0.835.202 Chrome/14.0.835.202 Safari/535.1"
85.17.88.169 - - [12/Mar/2012:10:40:54 -0700] "POST /blog/wp-cron.php?doing_wp_cron=1331573962 HTTP/1.0" 499 0 "-" "WordPress/3.3.1; http://yuvi.in/blog"
190.139.133.13 - - [12/Mar/2012:10:40:55 -0700] "GET /blog/2011/08/ HTTP/1.1" 200 55587 "-" "Mozilla/5.0 (compatible; Googlebot/2.1; +http://www.google.com/bot.html)"
216.104.15.142 - - [12/Mar/2012:10:41:03 -0700] "GET /blog HTTP/1.0" 301 178 "-" "Mozilla/4.0 (compatible; MSIE 6.0; Windows NT 5.1)"
216.104.15.134 - - [12/Mar/2012:10:41:08 -0700] "GET /blog HTTP/1.0" 301 178 "-" "Mozilla/4.0 (compatible; MSIE 6.0; Windows NT 5.1)"
128.59.151.161 - - [12/Mar/2012:10:41:15 -0700] "GET /overpass?data=%0A++++%0A++++++++(%0A++++++++%0A++++++++node(-44.339565248097124%2C+-96.6796875%2C+58.53959476664049%2C+156.4453125)%0A++++++++++++%0A++++++++++++++++%5B%22place%22%3D%22country%22%5D%0A++++++++++++%0A++++++++%3B%0A++++++++%0A++++++++)%3B%0A++++%0A++++out+meta%3B%0A HTTP/1.1" 504 585 "http://yuvi.in/POSM/" "Mozilla/5.0 (X11; Linux i686) AppleWebKit/535.1 (KHTML, like Gecko) Ubuntu/11.10 Chromium/14.0.835.202 Chrome/14.0.835.202 Safari/535.1"
117.196.131.75 - - [12/Mar/2012:10:41:40 -0700] "-" 400 0 "-" "-"
117.193.176.238 - - [12/Mar/2012:10:42:14 -0700] "-" 400 0 "-" "-"
117.193.176.238 - - [12/Mar/2012:10:42:14 -0700] "-" 400 0 "-" "-"
85.17.88.169 - - [12/Mar/2012:10:43:39 -0700] "POST /blog/wp-cron.php?doing_wp_cron=1331574127 HTTP/1.0" 499 0 "-" "WordPress/3.3.1; http://yuvi.in/blog"
209.85.224.81 - - [12/Mar/2012:10:43:39 -0700] "GET /blog/feed HTTP/1.1" 304 0 "-" "FeedBurner/1.0 (http://www.FeedBurner.com)"
117.193.144.239 - - [12/Mar/2012:10:47:54 -0700] "-" 400 0 "-" "-"
66.220.147.249 - - [12/Mar/2012:10:48:14 -0700] "GET /r/tj4 HTTP/1.1" 301 255 "-" "facebookexternalhit/1.1 (+http://www.facebook.com/externalhit_uatext.php)"
66.220.147.251 - - [12/Mar/2012:10:48:14 -0700] "GET /s/ta/tj4/ HTTP/1.1" 302 425 "-" "facebookexternalhit/1.1 (+http://www.facebook.com/externalhit_uatext.php)"
65.52.0.56 - - [12/Mar/2012:10:48:33 -0700] "GET /r/tj4 HTTP/1.1" 404 199 "-" "Mozilla/4.0 (compatible; MSIE 7.0; Windows NT 6.0)"
85.17.88.169 - - [12/Mar/2012:10:49:08 -0700] "POST /blog/wp-cron.php?doing_wp_cron=1331574456 HTTP/1.0" 499 0 "-" "WordPress/3.3.1; http://yuvi.in/blog"
209.85.238.115 - - [12/Mar/2012:10:49:08 -0700] "GET /blog/feed/ HTTP/1.1" 304 0 "-" "Feedfetcher-Google; (+http://www.google.com/feedfetcher.html; 19 subscribers; feed-id=15064232456473204253)"
