83.200.68.174 - - [16/Mar/2012:23:07:37 -0700] "GET /r/1kbt HTTP/1.1" 301 257 "http://ta.wikipedia.org/wiki/%E0%AE%AA%E0%AF%86%E0%AE%B0%E0%AF%81%E0%AE%99%E0%AF%8D%E0%AE%95%E0%AE%BE%E0%AE%AF%E0%AE%AE%E0%AF%8D" "Mozilla/4.0 (compatible; MSIE 8.0; Windows NT 6.1; WOW64; Trident/4.0; GTB7.3; SLCC2; .NET CLR 2.0.50727; .NET CLR 3.5.30729; .NET CLR 3.0.30729; Media Center PC 6.0; MDDC; .NET4.0C; BRI/2; Creative AutoUpdate v1.40.03)"
83.200.68.174 - - [16/Mar/2012:23:07:37 -0700] "GET /s/ta/1kbt/ HTTP/1.1" 302 397 "http://ta.wikipedia.org/wiki/%E0%AE%AA%E0%AF%86%E0%AE%B0%E0%AF%81%E0%AE%99%E0%AF%8D%E0%AE%95%E0%AE%BE%E0%AE%AF%E0%AE%AE%E0%AF%8D" "Mozilla/4.0 (compatible; MSIE 8.0; Windows NT 6.1; WOW64; Trident/4.0; GTB7.3; SLCC2; .NET CLR 2.0.50727; .NET CLR 3.5.30729; .NET CLR 3.0.30729; Media Center PC 6.0; MDDC; .NET4.0C; BRI/2; Creative AutoUpdate v1.40.03)"
122.164.133.241 - - [16/Mar/2012:23:07:57 -0700] "-" 400 0 "-" "-"
14.99.104.113 - - [16/Mar/2012:23:09:04 -0700] "-" 400 0 "-" "-"
14.99.104.113 - - [16/Mar/2012:23:09:04 -0700] "-" 400 0 "-" "-"
14.99.104.113 - - [16/Mar/2012:23:09:05 -0700] "-" 400 0 "-" "-"
14.99.104.113 - - [16/Mar/2012:23:09:06 -0700] "-" 400 0 "-" "-"
14.99.104.113 - - [16/Mar/2012:23:09:06 -0700] "-" 400 0 "-" "-"
14.99.104.113 - - [16/Mar/2012:23:09:09 -0700] "-" 400 0 "-" "-"
14.99.104.113 - - [16/Mar/2012:23:09:09 -0700] "-" 400 0 "-" "-"
208.115.111.68 - - [16/Mar/2012:23:11:02 -0700] "GET /blog/how-to-increase-cheese-s-burst-mode-photo-count.html HTTP/1.1" 200 5966 "-" "Mozilla/5.0 (compatible; Ezooms/1.0; ezooms.bot@gmail.com)"
14.99.104.113 - - [16/Mar/2012:23:11:43 -0700] "-" 400 0 "-" "-"
122.164.133.241 - - [16/Mar/2012:23:12:07 -0700] "-" 400 0 "-" "-"
122.164.133.241 - - [16/Mar/2012:23:12:07 -0700] "-" 400 0 "-" "-"
209.85.224.86 - - [16/Mar/2012:23:12:18 -0700] "GET /stories/feed HTTP/1.1" 200 13653 "-" "FeedBurner/1.0 (http://www.FeedBurner.com)"
117.193.142.24 - - [16/Mar/2012:23:14:16 -0700] "-" 400 0 "-" "-"
117.193.142.24 - - [16/Mar/2012:23:14:16 -0700] "-" 400 0 "-" "-"
117.193.142.24 - - [16/Mar/2012:23:14:16 -0700] "-" 400 0 "-" "-"
117.193.142.24 - - [16/Mar/2012:23:14:16 -0700] "-" 400 0 "-" "-"
117.193.142.24 - - [16/Mar/2012:23:14:16 -0700] "-" 400 0 "-" "-"
122.164.133.241 - - [16/Mar/2012:23:14:27 -0700] "-" 400 0 "-" "-"
122.164.133.241 - - [16/Mar/2012:23:14:27 -0700] "-" 400 0 "-" "-"
122.164.133.241 - - [16/Mar/2012:23:14:27 -0700] "-" 400 0 "-" "-"
85.17.88.169 - - [16/Mar/2012:23:14:45 -0700] "POST /blog/wp-cron.php?doing_wp_cron=1331964757 HTTP/1.0" 499 0 "-" "WordPress/3.3.1; http://yuvi.in/blog"
180.76.5.155 - - [16/Mar/2012:23:14:46 -0700] "GET /blog/tag/algorithm/ HTTP/1.1" 200 4221 "-" "Mozilla/5.0 (compatible; Baiduspider/2.0; +http://www.baidu.com/search/spider.html)"
14.99.104.113 - - [16/Mar/2012:23:14:47 -0700] "-" 400 0 "-" "-"
85.17.88.169 - - [16/Mar/2012:23:17:25 -0700] "POST /blog/wp-cron.php?doing_wp_cron=1331964917 HTTP/1.0" 499 0 "-" "WordPress/3.3.1; http://yuvi.in/blog"
183.82.78.91 - - [16/Mar/2012:23:17:25 -0700] "GET /blog/feed/ HTTP/1.0" 304 0 "-" "FeedDemon/4.0 (http://www.feeddemon.com/; Microsoft Windows)"
49.137.37.84 - - [16/Mar/2012:23:17:52 -0700] "-" 400 0 "-" "-"
49.137.37.84 - - [16/Mar/2012:23:17:52 -0700] "-" 400 0 "-" "-"
49.137.37.84 - - [16/Mar/2012:23:17:52 -0700] "-" 400 0 "-" "-"
49.137.37.84 - - [16/Mar/2012:23:17:52 -0700] "-" 400 0 "-" "-"
49.137.37.84 - - [16/Mar/2012:23:17:52 -0700] "-" 400 0 "-" "-"
180.151.57.242 - - [16/Mar/2012:23:18:43 -0700] "GET /e/WP:VP HTTP/1.1" 301 261 "-" "Mozilla/5.0 (Windows NT 6.2; rv:9.0.1) Gecko/20100101 Firefox/9.0.1"
180.151.57.242 - - [16/Mar/2012:23:18:43 -0700] "GET /en/ta/WP:VP/ HTTP/1.1" 302 543 "-" "Mozilla/5.0 (Windows NT 6.2; rv:9.0.1) Gecko/20100101 Firefox/9.0.1"
180.151.57.242 - - [16/Mar/2012:23:18:48 -0700] "-" 400 0 "-" "-"
141.0.10.13 - - [16/Mar/2012:23:20:10 -0700] "-" 400 0 "-" "-"
208.80.194.62 - - [16/Mar/2012:23:20:11 -0700] "GET /favicon.ico HTTP/1.0" 404 571 "-" "Mozilla/4.0 (compatible; MSIE 7.0; America Online Browser 1.1; Windows NT 5.1; FunWebProducts; .NET CLR 1.0.3705; .NET CLR 1.1.4322; SpamBlockerUtility 4.8.0; ZangoToolbar 4.8.2)"
112.79.40.1 - - [16/Mar/2012:23:27:22 -0700] "-" 400 0 "-" "-"
176.9.87.106 - - [16/Mar/2012:23:28:09 -0700] "GET /robots.txt HTTP/1.0" 404 238 "-" "Acoon v4.10.3 (www.acoon.de)"
176.9.87.106 - - [16/Mar/2012:23:28:09 -0700] "GET /r/1z64 HTTP/1.0" 301 257 "-" "Acoon v4.10.3 (www.acoon.de)"
85.17.88.169 - - [16/Mar/2012:23:28:22 -0700] "POST /blog/wp-cron.php?doing_wp_cron=1331965574 HTTP/1.0" 499 0 "-" "WordPress/3.3.1; http://yuvi.in/blog"
183.178.85.181 - - [16/Mar/2012:23:28:23 -0700] "GET /blog/3hours-of-code-1-blog-post-per-day/ HTTP/1.1" 200 16601 "-" "Mozilla/4.0 (compatible; MSIE 5.5; Windows NT)"
85.17.88.169 - - [16/Mar/2012:23:28:39 -0700] "POST /blog/wp-cron.php?doing_wp_cron=1331965591 HTTP/1.0" 499 0 "-" "WordPress/3.3.1; http://yuvi.in/blog"
66.249.67.123 - - [16/Mar/2012:23:28:39 -0700] "GET /blog/devlog-december-11-2011/trackback/ HTTP/1.1" 302 0 "-" "Mozilla/5.0 (compatible; Googlebot/2.1; +http://www.google.com/bot.html)"
59.164.51.242 - - [16/Mar/2012:23:29:04 -0700] "-" 400 0 "-" "-"
66.249.68.52 - - [16/Mar/2012:23:29:37 -0700] "GET /s/ta/pag%E0%AE%95%E0%AE%9F%E0%AF%8D%E0%AE%9F%E0%AE%B1%E0%AF%8D%E0%AE%B1/ HTTP/1.1" 502 173 "-" "Mozilla/5.0 (compatible; Googlebot/2.1; +http://www.google.com/bot.html)"
117.193.120.9 - - [16/Mar/2012:23:29:47 -0700] "GET /r/3b0 HTTP/1.1" 301 255 "http://ta.wikipedia.org/wiki/%E0%AE%AE%E0%AE%BE%E0%AE%AE%E0%AE%B2%E0%AF%8D%E0%AE%B2%E0%AE%AA%E0%AF%81%E0%AE%B0%E0%AE%AE%E0%AF%8D" "Mozilla/5.0 (Windows NT 6.0; rv:10.0.2) Gecko/20100101 Firefox/10.0.2"
117.193.120.9 - - [16/Mar/2012:23:29:48 -0700] "GET /s/ta/3b0/ HTTP/1.1" 302 397 "http://ta.wikipedia.org/wiki/%E0%AE%AE%E0%AE%BE%E0%AE%AE%E0%AE%B2%E0%AF%8D%E0%AE%B2%E0%AE%AA%E0%AF%81%E0%AE%B0%E0%AE%AE%E0%AF%8D" "Mozilla/5.0 (Windows NT 6.0; rv:10.0.2) Gecko/20100101 Firefox/10.0.2"
117.193.120.9 - - [16/Mar/2012:23:29:53 -0700] "-" 400 0 "-" "-"
85.17.88.169 - - [16/Mar/2012:23:30:54 -0700] "POST /blog/wp-cron.php?doing_wp_cron=1331965726 HTTP/1.0" 499 0 "-" "WordPress/3.3.1; http://yuvi.in/blog"
100.43.83.144 - - [16/Mar/2012:23:30:54 -0700] "GET /blog/my-involvement-in-novelrace/ HTTP/1.1" 200 4698 "-" "Mozilla/5.0 (compatible; YandexBot/3.0; +http://yandex.com/bots)"
112.79.40.1 - - [16/Mar/2012:23:31:12 -0700] "-" 400 0 "-" "-"
112.79.40.1 - - [16/Mar/2012:23:31:12 -0700] "-" 400 0 "-" "-"
112.79.40.1 - - [16/Mar/2012:23:31:12 -0700] "-" 400 0 "-" "-"
112.79.40.1 - - [16/Mar/2012:23:31:12 -0700] "-" 400 0 "-" "-"
112.79.40.1 - - [16/Mar/2012:23:31:12 -0700] "-" 400 0 "-" "-"
157.55.112.202 - - [16/Mar/2012:23:31:14 -0700] "-" 400 0 "-" "-"
157.55.112.202 - - [16/Mar/2012:23:31:14 -0700] "-" 400 0 "-" "-"
157.55.112.202 - - [16/Mar/2012:23:31:14 -0700] "-" 400 0 "-" "-"
157.55.112.202 - - [16/Mar/2012:23:31:14 -0700] "-" 400 0 "-" "-"
157.55.112.202 - - [16/Mar/2012:23:31:14 -0700] "-" 400 0 "-" "-"
157.55.112.202 - - [16/Mar/2012:23:31:14 -0700] "-" 400 0 "-" "-"
157.55.112.202 - - [16/Mar/2012:23:31:14 -0700] "-" 400 0 "-" "-"
157.55.112.202 - - [16/Mar/2012:23:31:14 -0700] "-" 400 0 "-" "-"
85.17.88.169 - - [16/Mar/2012:23:31:27 -0700] "POST /blog/wp-cron.php?doing_wp_cron=1331965760 HTTP/1.0" 499 0 "-" "WordPress/3.3.1; http://yuvi.in/blog"
209.85.224.81 - - [16/Mar/2012:23:31:28 -0700] "GET /blog/feed HTTP/1.1" 304 0 "-" "FeedBurner/1.0 (http://www.FeedBurner.com)"
112.79.40.1 - - [16/Mar/2012:23:31:32 -0700] "-" 400 0 "-" "-"
112.79.40.1 - - [16/Mar/2012:23:31:32 -0700] "-" 400 0 "-" "-"
112.79.40.1 - - [16/Mar/2012:23:31:32 -0700] "-" 400 0 "-" "-"
112.79.40.1 - - [16/Mar/2012:23:31:32 -0700] "-" 400 0 "-" "-"
157.55.112.202 - - [16/Mar/2012:23:31:38 -0700] "-" 400 0 "-" "-"
157.55.112.202 - - [16/Mar/2012:23:31:47 -0700] "-" 400 0 "-" "-"
157.55.112.202 - - [16/Mar/2012:23:31:47 -0700] "-" 400 0 "-" "-"
112.79.40.1 - - [16/Mar/2012:23:31:52 -0700] "-" 400 0 "-" "-"
112.79.40.1 - - [16/Mar/2012:23:31:52 -0700] "-" 400 0 "-" "-"
112.79.40.1 - - [16/Mar/2012:23:32:12 -0700] "-" 400 0 "-" "-"
112.79.40.1 - - [16/Mar/2012:23:32:42 -0700] "-" 400 0 "-" "-"
122.174.126.121 - - [16/Mar/2012:23:34:30 -0700] "-" 400 0 "-" "-"
180.76.5.180 - - [16/Mar/2012:23:39:21 -0700] "GET /blog/pycon-2009-are-you-coming.html HTTP/1.1" 200 2118 "-" "Mozilla/5.0 (compatible; Baiduspider/2.0; +http://www.baidu.com/search/spider.html)"
207.46.12.74 - - [16/Mar/2012:23:40:06 -0700] "-" 400 0 "-" "-"
207.46.12.74 - - [16/Mar/2012:23:40:07 -0700] "-" 400 0 "-" "-"
207.46.12.74 - - [16/Mar/2012:23:40:07 -0700] "-" 400 0 "-" "-"
207.46.12.74 - - [16/Mar/2012:23:40:07 -0700] "-" 400 0 "-" "-"
207.46.12.74 - - [16/Mar/2012:23:40:09 -0700] "-" 400 0 "-" "-"
207.46.12.74 - - [16/Mar/2012:23:40:09 -0700] "-" 400 0 "-" "-"
207.46.12.74 - - [16/Mar/2012:23:40:09 -0700] "-" 400 0 "-" "-"
207.46.12.74 - - [16/Mar/2012:23:40:10 -0700] "-" 400 0 "-" "-"
207.46.12.74 - - [16/Mar/2012:23:40:11 -0700] "-" 400 0 "-" "-"
207.46.12.74 - - [16/Mar/2012:23:40:11 -0700] "-" 400 0 "-" "-"
85.17.88.169 - - [16/Mar/2012:23:40:18 -0700] "POST /blog/wp-cron.php?doing_wp_cron=1331966290 HTTP/1.0" 499 0 "-" "WordPress/3.3.1; http://yuvi.in/blog"
178.11.42.20 - - [16/Mar/2012:23:40:19 -0700] "GET /blog/category/code/ HTTP/1.1" 200 38711 "-" "Mozilla/5.0 (compatible; Googlebot/2.1; +http://www.google.com/bot.html)"
85.17.88.169 - - [16/Mar/2012:23:40:45 -0700] "POST /blog/wp-cron.php?doing_wp_cron=1331966317 HTTP/1.0" 499 0 "-" "WordPress/3.3.1; http://yuvi.in/blog"
66.249.67.123 - - [16/Mar/2012:23:40:46 -0700] "GET /blog/tag/book/ HTTP/1.1" 200 4546 "-" "Mozilla/5.0 (compatible; Googlebot/2.1; +http://www.google.com/bot.html)"
69.171.224.245 - - [16/Mar/2012:23:41:06 -0700] "GET /r/1i49 HTTP/1.1" 301 257 "-" "facebookexternalhit/1.1 (+http://www.facebook.com/externalhit_uatext.php)"
69.171.224.247 - - [16/Mar/2012:23:41:07 -0700] "GET /s/ta/1i49/ HTTP/1.1" 302 437 "-" "facebookexternalhit/1.1 (+http://www.facebook.com/externalhit_uatext.php)"
207.46.204.162 - - [16/Mar/2012:23:41:51 -0700] "-" 400 0 "-" "-"
207.46.204.162 - - [16/Mar/2012:23:41:53 -0700] "-" 400 0 "-" "-"
207.46.204.162 - - [16/Mar/2012:23:41:53 -0700] "-" 400 0 "-" "-"
207.46.204.162 - - [16/Mar/2012:23:41:53 -0700] "-" 400 0 "-" "-"
207.46.204.162 - - [16/Mar/2012:23:41:53 -0700] "-" 400 0 "-" "-"
207.46.204.162 - - [16/Mar/2012:23:41:54 -0700] "-" 400 0 "-" "-"
207.46.204.162 - - [16/Mar/2012:23:41:55 -0700] "-" 400 0 "-" "-"
207.46.204.162 - - [16/Mar/2012:23:41:55 -0700] "-" 400 0 "-" "-"
207.46.204.162 - - [16/Mar/2012:23:41:55 -0700] "-" 400 0 "-" "-"
207.46.204.162 - - [16/Mar/2012:23:41:55 -0700] "-" 400 0 "-" "-"
207.46.204.162 - - [16/Mar/2012:23:42:30 -0700] "-" 400 0 "-" "-"
100.43.83.144 - - [16/Mar/2012:23:44:49 -0700] "GET / HTTP/1.1" 200 1430 "-" "Mozilla/5.0 (compatible; YandexBot/3.0; +http://yandex.com/bots)"
180.76.6.37 - - [16/Mar/2012:23:45:03 -0700] "GET / HTTP/1.1" 200 3439 "-" "Mozilla/5.0 (compatible; Baiduspider/2.0; +http://www.baidu.com/search/spider.html)"
49.137.47.60 - - [16/Mar/2012:23:45:12 -0700] "-" 400 0 "-" "-"
49.137.47.60 - - [16/Mar/2012:23:45:12 -0700] "-" 400 0 "-" "-"
49.137.47.60 - - [16/Mar/2012:23:45:12 -0700] "-" 400 0 "-" "-"
49.137.47.60 - - [16/Mar/2012:23:45:12 -0700] "-" 400 0 "-" "-"
49.137.47.60 - - [16/Mar/2012:23:45:12 -0700] "-" 400 0 "-" "-"
85.17.88.169 - - [16/Mar/2012:23:46:36 -0700] "POST /blog/wp-cron.php?doing_wp_cron=1331966668 HTTP/1.0" 499 0 "-" "WordPress/3.3.1; http://yuvi.in/blog"
209.85.238.115 - - [16/Mar/2012:23:46:36 -0700] "GET /blog/feed/ HTTP/1.1" 304 0 "-" "Feedfetcher-Google; (+http://www.google.com/feedfetcher.html; 19 subscribers; feed-id=15064232456473204253)"
223.235.58.8 - - [16/Mar/2012:23:46:56 -0700] "-" 400 0 "-" "-"
223.235.58.8 - - [16/Mar/2012:23:46:58 -0700] "-" 400 0 "-" "-"
223.235.58.8 - - [16/Mar/2012:23:46:58 -0700] "-" 400 0 "-" "-"
223.235.58.8 - - [16/Mar/2012:23:46:58 -0700] "-" 400 0 "-" "-"
208.80.153.192 - - [16/Mar/2012:23:47:09 -0700] "GET /MadamHut/r/Unassessed_India_articles/' HTTP/1.1" 404 238 "-" "LinkSaver/2.0"
208.80.153.192 - - [16/Mar/2012:23:47:10 -0700] "HEAD /MadamHut/r/Unassessed_India_articles/' HTTP/1.1" 404 0 "-" "LinkParser/2.0"
223.236.129.63 - - [16/Mar/2012:23:47:35 -0700] "-" 400 0 "-" "-"
208.80.153.192 - - [16/Mar/2012:23:48:05 -0700] "GET /MadamHut/r/Unassessed_India_articles/' HTTP/1.1" 404 238 "-" "LinkSaver/2.0"
208.80.153.192 - - [16/Mar/2012:23:48:34 -0700] "HEAD /MadamHut/r/Unassessed_India_articles/' HTTP/1.1" 404 0 "-" "LinkParser/2.0"
180.151.57.242 - - [16/Mar/2012:23:49:07 -0700] "GET / HTTP/1.1" 404 211 "-" "Mozilla/5.0 (Windows NT 6.2) AppleWebKit/535.11 (KHTML, like Gecko) Chrome/17.0.963.79 Safari/535.11"
180.151.57.242 - - [16/Mar/2012:23:49:08 -0700] "GET /favicon.ico HTTP/1.1" 404 211 "-" "Mozilla/5.0 (Windows NT 6.2) AppleWebKit/535.11 (KHTML, like Gecko) Chrome/17.0.963.79 Safari/535.11"
180.151.57.242 - - [16/Mar/2012:23:49:20 -0700] "GET /r/0 HTTP/1.1" 301 251 "-" "Mozilla/5.0 (Windows NT 6.2) AppleWebKit/535.11 (KHTML, like Gecko) Chrome/17.0.963.79 Safari/535.11"
180.151.57.242 - - [16/Mar/2012:23:49:20 -0700] "-" 400 0 "-" "-"
180.151.57.242 - - [16/Mar/2012:23:49:20 -0700] "-" 400 0 "-" "-"
180.151.57.242 - - [16/Mar/2012:23:49:21 -0700] "GET /s/ta/0/ HTTP/1.1" 502 575 "-" "Mozilla/5.0 (Windows NT 6.2) AppleWebKit/535.11 (KHTML, like Gecko) Chrome/17.0.963.79 Safari/535.11"
180.151.57.242 - - [16/Mar/2012:23:49:21 -0700] "GET /favicon.ico HTTP/1.1" 404 211 "-" "Mozilla/5.0 (Windows NT 6.2) AppleWebKit/535.11 (KHTML, like Gecko) Chrome/17.0.963.79 Safari/535.11"
180.151.57.242 - - [16/Mar/2012:23:49:28 -0700] "GET /e/0 HTTP/1.1" 301 253 "-" "Mozilla/5.0 (Windows NT 6.2) AppleWebKit/535.11 (KHTML, like Gecko) Chrome/17.0.963.79 Safari/535.11"
180.151.57.242 - - [16/Mar/2012:23:49:29 -0700] "GET /en/ta/0/ HTTP/1.1" 302 265 "-" "Mozilla/5.0 (Windows NT 6.2) AppleWebKit/535.11 (KHTML, like Gecko) Chrome/17.0.963.79 Safari/535.11"
117.201.36.240 - - [16/Mar/2012:23:49:31 -0700] "GET /r/1ar HTTP/1.1" 301 255 "http://ta.wikipedia.org/wiki/%E0%AE%B5%E0%AE%BF%E0%AE%95%E0%AF%8D%E0%AE%95%E0%AE%BF%E0%AE%AA%E0%AF%8D%E0%AE%AA%E0%AF%80%E0%AE%9F%E0%AE%BF%E0%AE%AF%E0%AE%BE_%E0%AE%AA%E0%AF%87%E0%AE%9A%E0%AF%8D%E0%AE%9A%E0%AF%81:%E0%AE%AE%E0%AE%A3%E0%AE%B2%E0%AF%8D%E0%AE%A4%E0%AF%8A%E0%AE%9F%E0%AF%8D%E0%AE%9F%E0%AE%BF" "Mozilla/5.0 (Windows NT 5.1) AppleWebKit/535.11 (KHTML, like Gecko) Chrome/17.0.963.79 Safari/535.11"
117.201.36.240 - - [16/Mar/2012:23:49:32 -0700] "GET /s/ta/1ar/ HTTP/1.1" 302 631 "http://ta.wikipedia.org/wiki/%E0%AE%B5%E0%AE%BF%E0%AE%95%E0%AF%8D%E0%AE%95%E0%AE%BF%E0%AE%AA%E0%AF%8D%E0%AE%AA%E0%AF%80%E0%AE%9F%E0%AE%BF%E0%AE%AF%E0%AE%BE_%E0%AE%AA%E0%AF%87%E0%AE%9A%E0%AF%8D%E0%AE%9A%E0%AF%81:%E0%AE%AE%E0%AE%A3%E0%AE%B2%E0%AF%8D%E0%AE%A4%E0%AF%8A%E0%AE%9F%E0%AF%8D%E0%AE%9F%E0%AE%BF" "Mozilla/5.0 (Windows NT 5.1) AppleWebKit/535.11 (KHTML, like Gecko) Chrome/17.0.963.79 Safari/535.11"
180.151.57.242 - - [16/Mar/2012:23:49:40 -0700] "-" 400 0 "-" "-"
117.201.36.240 - - [16/Mar/2012:23:49:42 -0700] "-" 400 0 "-" "-"
208.80.153.192 - - [16/Mar/2012:23:50:22 -0700] "HEAD /MadamHut/r/Unassessed_India_articles/' HTTP/1.1" 404 0 "-" "LinkParser/2.0"
49.137.47.60 - - [16/Mar/2012:23:51:15 -0700] "-" 400 0 "-" "-"
49.137.47.60 - - [16/Mar/2012:23:51:15 -0700] "-" 400 0 "-" "-"
49.137.47.60 - - [16/Mar/2012:23:51:15 -0700] "-" 400 0 "-" "-"
49.137.47.60 - - [16/Mar/2012:23:51:15 -0700] "-" 400 0 "-" "-"
49.137.47.60 - - [16/Mar/2012:23:51:15 -0700] "-" 400 0 "-" "-"
49.137.47.60 - - [16/Mar/2012:23:51:15 -0700] "-" 400 0 "-" "-"
180.151.57.242 - - [16/Mar/2012:23:52:15 -0700] "GET /MadamHut/r/Unassessed_India_articles/ HTTP/1.1" 302 337 "http://www.mediawiki.org/wiki/Gadget_kitchen" "Mozilla/5.0 (X11; Linux i686) AppleWebKit/535.7 (KHTML, like Gecko) Chrome/16.0.912.77 Safari/535.7"
85.17.88.169 - - [16/Mar/2012:23:53:31 -0700] "POST /blog/wp-cron.php?doing_wp_cron=1331967083 HTTP/1.0" 499 0 "-" "WordPress/3.3.1; http://yuvi.in/blog"
183.82.78.91 - - [16/Mar/2012:23:53:31 -0700] "GET /blog/feed/ HTTP/1.0" 304 0 "-" "FeedDemon/4.0 (http://www.feeddemon.com/; Microsoft Windows)"
180.151.57.242 - - [16/Mar/2012:23:54:14 -0700] "GET /MadamHut/r/Unassessed_India_articles/ HTTP/1.1" 302 277 "http://www.mediawiki.org/wiki/Chennai_Hackathon_March_2012" "Mozilla/5.0 (X11; Linux i686) AppleWebKit/535.7 (KHTML, like Gecko) Chrome/16.0.912.77 Safari/535.7"
180.151.57.242 - - [16/Mar/2012:23:54:34 -0700] "-" 400 0 "-" "-"
157.55.112.204 - - [16/Mar/2012:23:54:51 -0700] "-" 400 0 "-" "-"
157.55.112.204 - - [16/Mar/2012:23:54:51 -0700] "-" 400 0 "-" "-"
157.55.112.204 - - [16/Mar/2012:23:54:52 -0700] "-" 400 0 "-" "-"
157.55.112.204 - - [16/Mar/2012:23:54:52 -0700] "-" 400 0 "-" "-"
157.55.112.204 - - [16/Mar/2012:23:54:52 -0700] "-" 400 0 "-" "-"
157.55.112.204 - - [16/Mar/2012:23:54:52 -0700] "-" 400 0 "-" "-"
157.55.112.204 - - [16/Mar/2012:23:54:52 -0700] "-" 400 0 "-" "-"
157.55.112.204 - - [16/Mar/2012:23:54:52 -0700] "-" 400 0 "-" "-"
157.55.112.204 - - [16/Mar/2012:23:54:52 -0700] "-" 400 0 "-" "-"
157.55.112.204 - - [16/Mar/2012:23:54:52 -0700] "-" 400 0 "-" "-"
66.249.68.52 - - [16/Mar/2012:23:55:52 -0700] "GET /s/ta/ndn/ HTTP/1.1" 302 397 "-" "Mozilla/5.0 (compatible; Googlebot/2.1; +http://www.google.com/bot.html)"
85.17.88.169 - - [16/Mar/2012:23:56:37 -0700] "POST /blog/wp-cron.php?doing_wp_cron=1331967269 HTTP/1.0" 499 0 "-" "WordPress/3.3.1; http://yuvi.in/blog"
207.46.204.188 - - [16/Mar/2012:23:56:37 -0700] "GET /blog/devlog-december-2011/ HTTP/1.1" 200 5005 "-" "Mozilla/5.0 (compatible; bingbot/2.0; +http://www.bing.com/bingbot.htm)"
59.92.32.235 - - [16/Mar/2012:23:57:15 -0700] "GET /s/ta/23z/ HTTP/1.1" 302 397 "-" "Mozilla/5.0 (iPhone; CPU iPhone OS 5_0_1 like Mac OS X) AppleWebKit/534.46 (KHTML, like Gecko) Mobile/9A405"
59.92.32.235 - - [16/Mar/2012:23:57:29 -0700] "GET /s/ta/1va/ HTTP/1.1" 302 409 "-" "Mozilla/5.0 (iPhone; CPU iPhone OS 5_0_1 like Mac OS X) AppleWebKit/534.46 (KHTML, like Gecko) Mobile/9A405"
59.92.32.235 - - [16/Mar/2012:23:57:31 -0700] "GET /s/ta/1va/ HTTP/1.1" 302 409 "-" "Mozilla/5.0 (iPhone; CPU iPhone OS 5_0_1 like Mac OS X) AppleWebKit/534.46 (KHTML, like Gecko) Mobile/9A405"
207.46.204.168 - - [17/Mar/2012:00:00:56 -0700] "-" 400 0 "-" "-"
207.46.204.168 - - [17/Mar/2012:00:00:58 -0700] "-" 400 0 "-" "-"
207.46.204.168 - - [17/Mar/2012:00:00:59 -0700] "-" 400 0 "-" "-"
207.46.204.168 - - [17/Mar/2012:00:01:01 -0700] "-" 400 0 "-" "-"
207.46.204.168 - - [17/Mar/2012:00:01:01 -0700] "-" 400 0 "-" "-"
207.46.204.168 - - [17/Mar/2012:00:01:01 -0700] "-" 400 0 "-" "-"
207.46.204.168 - - [17/Mar/2012:00:01:03 -0700] "-" 400 0 "-" "-"
207.46.204.168 - - [17/Mar/2012:00:01:04 -0700] "-" 400 0 "-" "-"
207.46.204.168 - - [17/Mar/2012:00:01:04 -0700] "-" 400 0 "-" "-"
85.17.88.169 - - [17/Mar/2012:00:01:35 -0700] "POST /blog/wp-cron.php?doing_wp_cron=1331967567 HTTP/1.0" 499 0 "-" "WordPress/3.3.1; http://yuvi.in/blog"
209.85.224.83 - - [17/Mar/2012:00:01:36 -0700] "GET /blog/feed HTTP/1.1" 304 0 "-" "FeedBurner/1.0 (http://www.FeedBurner.com)"
208.115.113.84 - - [17/Mar/2012:00:01:43 -0700] "GET /robots.txt HTTP/1.1" 404 169 "-" "Mozilla/5.0 (compatible; Ezooms/1.0; ezooms.bot@gmail.com)"
208.80.153.192 - - [17/Mar/2012:00:03:20 -0700] "GET /MadamHut/r/Unassessed_India_articles/' HTTP/1.1" 404 238 "-" "LinkSaver/2.0"
208.80.153.192 - - [17/Mar/2012:00:03:20 -0700] "HEAD /MadamHut/r/Unassessed_India_articles/' HTTP/1.1" 404 0 "-" "LinkParser/2.0"
180.151.57.242 - - [17/Mar/2012:00:03:47 -0700] "GET /MadamHut/r/Unassessed_India_articles/ HTTP/1.1" 302 295 "http://www.mediawiki.org/wiki/User:Yuvipanda/Madam_Hut" "Mozilla/5.0 (X11; Linux i686) AppleWebKit/535.7 (KHTML, like Gecko) Chrome/16.0.912.77 Safari/535.7"
180.151.57.242 - - [17/Mar/2012:00:03:58 -0700] "-" 400 0 "-" "-"
66.249.68.52 - - [17/Mar/2012:00:04:20 -0700] "GET /r/1nm3 HTTP/1.1" 301 257 "-" "Mozilla/5.0 (compatible; Googlebot/2.1; +http://www.google.com/bot.html)"
66.249.68.52 - - [17/Mar/2012:00:04:21 -0700] "GET /s/ta/1nm3/ HTTP/1.1" 302 433 "-" "Mozilla/5.0 (compatible; Googlebot/2.1; +http://www.google.com/bot.html)"
207.46.204.170 - - [17/Mar/2012:00:05:05 -0700] "-" 400 0 "-" "-"
207.46.204.170 - - [17/Mar/2012:00:05:05 -0700] "-" 400 0 "-" "-"
207.46.204.170 - - [17/Mar/2012:00:05:05 -0700] "-" 400 0 "-" "-"
207.46.204.170 - - [17/Mar/2012:00:05:05 -0700] "-" 400 0 "-" "-"
207.46.204.170 - - [17/Mar/2012:00:05:05 -0700] "-" 400 0 "-" "-"
207.46.204.170 - - [17/Mar/2012:00:05:05 -0700] "-" 400 0 "-" "-"
207.46.204.170 - - [17/Mar/2012:00:05:05 -0700] "-" 400 0 "-" "-"
207.46.204.170 - - [17/Mar/2012:00:05:05 -0700] "-" 400 0 "-" "-"
207.46.204.170 - - [17/Mar/2012:00:05:05 -0700] "-" 400 0 "-" "-"
207.46.204.170 - - [17/Mar/2012:00:05:05 -0700] "-" 400 0 "-" "-"
122.174.44.212 - - [17/Mar/2012:00:05:15 -0700] "-" 400 0 "-" "-"
85.17.88.169 - - [17/Mar/2012:00:05:19 -0700] "POST /blog/wp-cron.php?doing_wp_cron=1331967791 HTTP/1.0" 499 0 "-" "WordPress/3.3.1; http://yuvi.in/blog"
180.76.5.54 - - [17/Mar/2012:00:05:19 -0700] "GET /blog/?p=366 HTTP/1.1" 301 0 "-" "Mozilla/5.0 (compatible; Baiduspider/2.0; +http://www.baidu.com/search/spider.html)"
85.17.88.169 - - [17/Mar/2012:00:05:21 -0700] "POST /blog/wp-cron.php?doing_wp_cron=1331967793 HTTP/1.0" 499 0 "-" "WordPress/3.3.1; http://yuvi.in/blog"
180.76.5.95 - - [17/Mar/2012:00:05:22 -0700] "GET /blog/devlog-december-11-2011/ HTTP/1.1" 200 4638 "-" "Mozilla/5.0 (compatible; Baiduspider/2.0; +http://www.baidu.com/search/spider.html)"
207.46.204.170 - - [17/Mar/2012:00:05:28 -0700] "-" 400 0 "-" "-"
208.80.153.192 - - [17/Mar/2012:00:08:49 -0700] "GET /MadamHut/r/Unassessed_India_articles/' HTTP/1.1" 404 238 "-" "LinkSaver/2.0"
208.80.153.192 - - [17/Mar/2012:00:08:49 -0700] "HEAD /MadamHut/r/Unassessed_India_articles/' HTTP/1.1" 404 0 "-" "LinkParser/2.0"
85.17.88.169 - - [17/Mar/2012:00:09:38 -0700] "POST /blog/wp-cron.php?doing_wp_cron=1331968049 HTTP/1.0" 499 0 "-" "WordPress/3.3.1; http://yuvi.in/blog"
209.85.238.115 - - [17/Mar/2012:00:09:38 -0700] "GET /blog/feed HTTP/1.1" 301 0 "-" "Feedfetcher-Google; (+http://www.google.com/feedfetcher.html; 3 subscribers; feed-id=17684830852112633560)"
85.17.88.169 - - [17/Mar/2012:00:09:40 -0700] "POST /blog/wp-cron.php?doing_wp_cron=1331968052 HTTP/1.0" 499 0 "-" "WordPress/3.3.1; http://yuvi.in/blog"
209.85.238.115 - - [17/Mar/2012:00:09:40 -0700] "GET /blog/feed/ HTTP/1.1" 304 0 "-" "Feedfetcher-Google; (+http://www.google.com/feedfetcher.html; 3 subscribers; feed-id=17684830852112633560)"
14.99.75.235 - - [17/Mar/2012:00:09:55 -0700] "-" 400 0 "-" "-"
208.80.153.192 - - [17/Mar/2012:00:10:28 -0700] "HEAD /MadamHut/r/Unassessed_India_articles/' HTTP/1.1" 404 0 "-" "LinkParser/2.0"
85.17.88.169 - - [17/Mar/2012:00:11:03 -0700] "POST /blog/wp-cron.php?doing_wp_cron=1331968135 HTTP/1.0" 499 0 "-" "WordPress/3.3.1; http://yuvi.in/blog"
66.249.67.123 - - [17/Mar/2012:00:11:04 -0700] "GET /blog/category/code/ HTTP/1.1" 200 12265 "-" "Mozilla/5.0 (compatible; Googlebot/2.1; +http://www.google.com/bot.html)"
112.79.40.32 - - [17/Mar/2012:00:11:07 -0700] "-" 400 0 "-" "-"
112.79.40.32 - - [17/Mar/2012:00:11:08 -0700] "-" 400 0 "-" "-"
112.79.40.32 - - [17/Mar/2012:00:11:08 -0700] "-" 400 0 "-" "-"
112.79.40.32 - - [17/Mar/2012:00:11:08 -0700] "-" 400 0 "-" "-"
180.151.57.242 - - [17/Mar/2012:00:11:56 -0700] "GET /MadamHut/r/Unassessed_India_articles/ HTTP/1.1" 302 277 "http://en.wikipedia.org/wiki/Hackathon" "Mozilla/5.0 (X11; Linux i686) AppleWebKit/535.7 (KHTML, like Gecko) Chrome/16.0.912.77 Safari/535.7"
115.184.80.89 - - [17/Mar/2012:00:12:00 -0700] "-" 400 0 "-" "-"
209.85.224.89 - - [17/Mar/2012:00:12:21 -0700] "GET /stories/feed HTTP/1.1" 200 13653 "-" "FeedBurner/1.0 (http://www.FeedBurner.com)"
180.151.57.242 - - [17/Mar/2012:00:12:48 -0700] "GET /MadamHut/r/Unassessed_India_articles/ HTTP/1.1" 302 279 "http://en.wikipedia.org/wiki/Moosrambagh" "Mozilla/5.0 (X11; Linux i686) AppleWebKit/535.7 (KHTML, like Gecko) Chrome/16.0.912.77 Safari/535.7"
122.174.44.212 - - [17/Mar/2012:00:13:05 -0700] "-" 400 0 "-" "-"
122.174.44.212 - - [17/Mar/2012:00:13:05 -0700] "-" 400 0 "-" "-"
122.174.44.212 - - [17/Mar/2012:00:13:05 -0700] "-" 400 0 "-" "-"
112.79.40.32 - - [17/Mar/2012:00:13:07 -0700] "-" 400 0 "-" "-"
122.174.44.212 - - [17/Mar/2012:00:13:15 -0700] "-" 400 0 "-" "-"
59.99.192.25 - - [17/Mar/2012:00:13:41 -0700] "GET /r/1skd HTTP/1.1" 301 257 "http://ta.wikipedia.org/wiki/%E0%AE%AA%E0%AE%95%E0%AF%81%E0%AE%AA%E0%AF%8D%E0%AE%AA%E0%AF%81:%E0%AE%A4%E0%AE%AE%E0%AE%BF%E0%AE%B4%E0%AF%8D_%E0%AE%85%E0%AE%B1_%E0%AE%A8%E0%AF%82%E0%AE%B2%E0%AF%8D%E0%AE%95%E0%AE%B3%E0%AF%8D" "Mozilla/5.0 (Windows NT 6.1; rv:10.0.2) Gecko/20100101 Firefox/10.0.2"
59.99.192.25 - - [17/Mar/2012:00:13:41 -0700] "GET /s/ta/1skd/ HTTP/1.1" 302 527 "http://ta.wikipedia.org/wiki/%E0%AE%AA%E0%AE%95%E0%AF%81%E0%AE%AA%E0%AF%8D%E0%AE%AA%E0%AF%81:%E0%AE%A4%E0%AE%AE%E0%AE%BF%E0%AE%B4%E0%AF%8D_%E0%AE%85%E0%AE%B1_%E0%AE%A8%E0%AF%82%E0%AE%B2%E0%AF%8D%E0%AE%95%E0%AE%B3%E0%AF%8D" "Mozilla/5.0 (Windows NT 6.1; rv:10.0.2) Gecko/20100101 Firefox/10.0.2"
59.99.192.25 - - [17/Mar/2012:00:13:46 -0700] "-" 400 0 "-" "-"
208.80.153.192 - - [17/Mar/2012:00:13:58 -0700] "HEAD /MadamHut/r/Unassessed_India_articles/' HTTP/1.1" 404 0 "-" "LinkParser/2.0"
112.79.40.32 - - [17/Mar/2012:00:15:42 -0700] "-" 400 0 "-" "-"
14.99.75.235 - - [17/Mar/2012:00:16:55 -0700] "-" 400 0 "-" "-"
14.99.75.235 - - [17/Mar/2012:00:16:55 -0700] "-" 400 0 "-" "-"
14.99.75.235 - - [17/Mar/2012:00:16:55 -0700] "-" 400 0 "-" "-"
14.99.75.235 - - [17/Mar/2012:00:16:55 -0700] "-" 400 0 "-" "-"
59.165.104.43 - - [17/Mar/2012:00:21:01 -0700] "GET /r/d4h HTTP/1.1" 301 255 "http://ta.wikipedia.org/wiki/%E0%AE%85%E0%AE%AF%E0%AF%8D%E0%AE%AF%E0%AE%AE%E0%AF%8D%E0%AE%AA%E0%AF%87%E0%AE%9F%E0%AF%8D%E0%AE%9F%E0%AF%88" "Mozilla/5.0 (Windows NT 5.1) AppleWebKit/535.11 (KHTML, like Gecko) Chrome/17.0.963.79 Safari/535.11"
59.165.104.43 - - [17/Mar/2012:00:21:02 -0700] "GET /s/ta/d4h/ HTTP/1.1" 302 409 "http://ta.wikipedia.org/wiki/%E0%AE%85%E0%AE%AF%E0%AF%8D%E0%AE%AF%E0%AE%AE%E0%AF%8D%E0%AE%AA%E0%AF%87%E0%AE%9F%E0%AF%8D%E0%AE%9F%E0%AF%88" "Mozilla/5.0 (Windows NT 5.1) AppleWebKit/535.11 (KHTML, like Gecko) Chrome/17.0.963.79 Safari/535.11"
59.165.104.43 - - [17/Mar/2012:00:21:17 -0700] "-" 400 0 "-" "-"
124.43.107.55 - - [17/Mar/2012:00:24:19 -0700] "GET /r/2vrv HTTP/1.1" 301 257 "http://ta.wikipedia.org/wiki/%E0%AE%AE%E0%AF%81%E0%AE%B0%E0%AF%81%E0%AE%95%E0%AF%87%E0%AE%9A%E0%AF%81_%E0%AE%9A%E0%AF%81%E0%AE%B5%E0%AE%BE%E0%AE%AE%E0%AE%BF%E0%AE%95%E0%AE%B3%E0%AF%8D" "Mozilla/5.0 (compatible; MSIE 9.0; Windows NT 6.1; Trident/5.0)"
124.43.107.55 - - [17/Mar/2012:00:24:20 -0700] "GET /s/ta/2vrv/ HTTP/1.1" 302 473 "http://ta.wikipedia.org/wiki/%E0%AE%AE%E0%AF%81%E0%AE%B0%E0%AF%81%E0%AE%95%E0%AF%87%E0%AE%9A%E0%AF%81_%E0%AE%9A%E0%AF%81%E0%AE%B5%E0%AE%BE%E0%AE%AE%E0%AE%BF%E0%AE%95%E0%AE%B3%E0%AF%8D" "Mozilla/5.0 (compatible; MSIE 9.0; Windows NT 6.1; Trident/5.0)"
14.99.104.113 - - [17/Mar/2012:00:27:03 -0700] "-" 400 0 "-" "-"
85.17.88.169 - - [17/Mar/2012:00:27:23 -0700] "POST /blog/wp-cron.php?doing_wp_cron=1331969114 HTTP/1.0" 499 0 "-" "WordPress/3.3.1; http://yuvi.in/blog"
180.76.5.64 - - [17/Mar/2012:00:27:23 -0700] "GET /blog/note-present-future-self-pre-book-travel-tickets/ HTTP/1.1" 200 5527 "-" "Mozilla/5.0 (compatible; Baiduspider/2.0; +http://www.baidu.com/search/spider.html)"
85.17.88.169 - - [17/Mar/2012:00:29:29 -0700] "POST /blog/wp-cron.php?doing_wp_cron=1331969241 HTTP/1.0" 499 0 "-" "WordPress/3.3.1; http://yuvi.in/blog"
183.82.78.91 - - [17/Mar/2012:00:29:29 -0700] "GET /blog/feed/ HTTP/1.0" 304 0 "-" "FeedDemon/4.0 (http://www.feeddemon.com/; Microsoft Windows)"
85.17.88.169 - - [17/Mar/2012:00:29:32 -0700] "POST /blog/wp-cron.php?doing_wp_cron=1331969243 HTTP/1.0" 499 0 "-" "WordPress/3.3.1; http://yuvi.in/blog"
94.228.34.248 - - [17/Mar/2012:00:29:32 -0700] "GET /blog/ HTTP/1.1" 200 10128 "-" "magpie-crawler/1.1 (U; Linux amd64; en-GB; +http://www.brandwatch.net)"
59.92.14.215 - - [17/Mar/2012:00:29:58 -0700] "-" 400 0 "-" "-"
85.17.88.169 - - [17/Mar/2012:00:30:09 -0700] "POST /blog/wp-cron.php?doing_wp_cron=1331969281 HTTP/1.0" 499 0 "-" "WordPress/3.3.1; http://yuvi.in/blog"
208.115.111.68 - - [17/Mar/2012:00:30:10 -0700] "GET /blog/devlog-december-10-2011/ HTTP/1.1" 200 16306 "-" "Mozilla/5.0 (compatible; Ezooms/1.0; ezooms.bot@gmail.com)"
208.115.111.68 - - [17/Mar/2012:00:30:16 -0700] "GET /stories/tag/hopeless.html HTTP/1.1" 200 1990 "-" "Mozilla/5.0 (compatible; Ezooms/1.0; ezooms.bot@gmail.com)"
69.171.224.251 - - [17/Mar/2012:00:30:24 -0700] "GET /r/2f4z HTTP/1.1" 301 257 "-" "facebookexternalhit/1.1 (+http://www.facebook.com/externalhit_uatext.php)"
69.171.224.246 - - [17/Mar/2012:00:30:24 -0700] "GET /s/ta/2f4z/ HTTP/1.1" 302 313 "-" "facebookexternalhit/1.1 (+http://www.facebook.com/externalhit_uatext.php)"
69.171.224.248 - - [17/Mar/2012:00:30:34 -0700] "GET /r/2x9l HTTP/1.1" 301 257 "-" "facebookexternalhit/1.1 (+http://www.facebook.com/externalhit_uatext.php)"
69.171.224.244 - - [17/Mar/2012:00:30:35 -0700] "GET /s/ta/2x9l/ HTTP/1.1" 302 583 "-" "facebookexternalhit/1.1 (+http://www.facebook.com/externalhit_uatext.php)"
85.17.88.169 - - [17/Mar/2012:00:31:40 -0700] "POST /blog/wp-cron.php?doing_wp_cron=1331969372 HTTP/1.0" 499 0 "-" "WordPress/3.3.1; http://yuvi.in/blog"
209.85.224.82 - - [17/Mar/2012:00:31:41 -0700] "GET /blog/feed HTTP/1.1" 304 0 "-" "FeedBurner/1.0 (http://www.FeedBurner.com)"
69.171.234.5 - - [17/Mar/2012:00:35:48 -0700] "GET /r/eya HTTP/1.1" 301 255 "-" "facebookexternalhit/1.1 (+http://www.facebook.com/externalhit_uatext.php)"
69.171.234.3 - - [17/Mar/2012:00:35:48 -0700] "GET /s/ta/eya/ HTTP/1.1" 302 401 "-" "facebookexternalhit/1.1 (+http://www.facebook.com/externalhit_uatext.php)"
180.151.57.242 - - [17/Mar/2012:00:35:58 -0700] "GET /e/0 HTTP/1.1" 301 253 "-" "Mozilla/5.0 (compatible; MSIE 10.0; Windows NT 6.2; Trident/6.0)"
180.151.57.242 - - [17/Mar/2012:00:35:58 -0700] "GET /en/ta/0/ HTTP/1.1" 302 265 "-" "Mozilla/5.0 (compatible; MSIE 10.0; Windows NT 6.2; Trident/6.0)"
157.55.112.204 - - [17/Mar/2012:00:38:45 -0700] "-" 400 0 "-" "-"
157.55.112.204 - - [17/Mar/2012:00:38:46 -0700] "-" 400 0 "-" "-"
157.55.112.204 - - [17/Mar/2012:00:38:46 -0700] "-" 400 0 "-" "-"
157.55.112.204 - - [17/Mar/2012:00:38:46 -0700] "-" 400 0 "-" "-"
157.55.112.204 - - [17/Mar/2012:00:38:47 -0700] "-" 400 0 "-" "-"
157.55.112.204 - - [17/Mar/2012:00:38:47 -0700] "-" 400 0 "-" "-"
157.55.112.204 - - [17/Mar/2012:00:38:48 -0700] "-" 400 0 "-" "-"
157.55.112.204 - - [17/Mar/2012:00:38:48 -0700] "-" 400 0 "-" "-"
157.55.112.204 - - [17/Mar/2012:00:38:48 -0700] "-" 400 0 "-" "-"
157.55.112.204 - - [17/Mar/2012:00:38:48 -0700] "-" 400 0 "-" "-"
117.193.47.186 - - [17/Mar/2012:00:38:50 -0700] "-" 400 0 "-" "-"
141.0.8.242 - - [17/Mar/2012:00:38:57 -0700] "-" 400 0 "-" "-"
69.171.234.6 - - [17/Mar/2012:00:40:29 -0700] "GET /r/p0f HTTP/1.1" 301 255 "-" "facebookexternalhit/1.1 (+http://www.facebook.com/externalhit_uatext.php)"
69.171.234.7 - - [17/Mar/2012:00:40:29 -0700] "GET /s/ta/p0f/ HTTP/1.1" 302 433 "-" "facebookexternalhit/1.1 (+http://www.facebook.com/externalhit_uatext.php)"
117.193.47.186 - - [17/Mar/2012:00:40:31 -0700] "-" 400 0 "-" "-"
117.193.47.186 - - [17/Mar/2012:00:43:02 -0700] "-" 400 0 "-" "-"
117.239.97.226 - - [17/Mar/2012:00:43:26 -0700] "GET /r/304b HTTP/1.1" 301 257 "-" "Opera/9.80 (Windows NT 5.1; U; en) Presto/2.10.229 Version/11.61"
117.239.97.226 - - [17/Mar/2012:00:43:28 -0700] "GET /s/ta/304b/ HTTP/1.1" 302 389 "-" "Opera/9.80 (Windows NT 5.1; U; en) Presto/2.10.229 Version/11.61"
180.151.57.242 - - [17/Mar/2012:00:44:12 -0700] "GET /chennai HTTP/1.1" 404 211 "-" "Mozilla/5.0 (Windows NT 6.2; rv:11.0) Gecko/20100101 Firefox/11.0"
180.151.57.242 - - [17/Mar/2012:00:44:12 -0700] "GET /favicon.ico HTTP/1.1" 404 211 "-" "Mozilla/5.0 (Windows NT 6.2; rv:11.0) Gecko/20100101 Firefox/11.0"
180.151.57.242 - - [17/Mar/2012:00:44:12 -0700] "GET /favicon.ico HTTP/1.1" 404 211 "-" "Mozilla/5.0 (Windows NT 6.2; rv:11.0) Gecko/20100101 Firefox/11.0"
180.151.57.242 - - [17/Mar/2012:00:44:13 -0700] "GET /favicon.ico HTTP/1.1" 404 211 "-" "Mozilla/5.0 (Windows NT 6.2; rv:11.0) Gecko/20100101 Firefox/11.0"
180.151.57.242 - - [17/Mar/2012:00:44:17 -0700] "-" 400 0 "-" "-"
122.174.44.212 - - [17/Mar/2012:00:44:24 -0700] "-" 400 0 "-" "-"
122.183.188.162 - - [17/Mar/2012:00:45:32 -0700] "-" 400 0 "-" "-"
117.193.47.186 - - [17/Mar/2012:00:45:35 -0700] "-" 400 0 "-" "-"
150.70.172.204 - - [17/Mar/2012:00:46:01 -0700] "GET /r/304b HTTP/1.0" 301 257 "-" "Mozilla/4.0 (compatible; MSIE 6.0; Windows NT 5.1)"
150.70.172.204 - - [17/Mar/2012:00:46:03 -0700] "GET /s/ta/304b/ HTTP/1.0" 302 389 "-" "Mozilla/4.0 (compatible; MSIE 6.0; Windows NT 5.1)"
150.70.172.204 - - [17/Mar/2012:00:46:10 -0700] "GET /r/304b HTTP/1.0" 301 257 "-" "Mozilla/4.0 (compatible; MSIE 6.0; Windows NT 5.1)"
150.70.172.204 - - [17/Mar/2012:00:46:12 -0700] "GET /s/ta/304b/ HTTP/1.0" 302 389 "-" "Mozilla/4.0 (compatible; MSIE 6.0; Windows NT 5.1)"
122.174.171.130 - - [17/Mar/2012:00:46:41 -0700] "GET /r/1mmq HTTP/1.1" 301 257 "http://ta.wikipedia.org/wiki/%E0%AE%9A%E0%AE%AE%E0%AE%AF%E0%AE%AA%E0%AF%81%E0%AE%B0%E0%AE%AE%E0%AF%8D_%E0%AE%AE%E0%AE%BE%E0%AE%B0%E0%AE%BF%E0%AE%AF%E0%AE%AE%E0%AF%8D%E0%AE%AE%E0%AE%A9%E0%AF%8D_%E0%AE%95%E0%AF%8B%E0%AE%AF%E0%AE%BF%E0%AE%B2%E0%AF%8D" "Mozilla/5.0 (Windows NT 5.1) AppleWebKit/535.11 (KHTML, like Gecko) Chrome/17.0.963.79 Safari/535.11"
122.174.171.130 - - [17/Mar/2012:00:46:42 -0700] "GET /s/ta/1mmq/ HTTP/1.1" 302 561 "http://ta.wikipedia.org/wiki/%E0%AE%9A%E0%AE%AE%E0%AE%AF%E0%AE%AA%E0%AF%81%E0%AE%B0%E0%AE%AE%E0%AF%8D_%E0%AE%AE%E0%AE%BE%E0%AE%B0%E0%AE%BF%E0%AE%AF%E0%AE%AE%E0%AF%8D%E0%AE%AE%E0%AE%A9%E0%AF%8D_%E0%AE%95%E0%AF%8B%E0%AE%AF%E0%AE%BF%E0%AE%B2%E0%AF%8D" "Mozilla/5.0 (Windows NT 5.1) AppleWebKit/535.11 (KHTML, like Gecko) Chrome/17.0.963.79 Safari/535.11"
122.174.171.130 - - [17/Mar/2012:00:46:55 -0700] "-" 400 0 "-" "-"
117.193.47.186 - - [17/Mar/2012:00:47:00 -0700] "-" 400 0 "-" "-"
117.193.41.178 - - [17/Mar/2012:00:47:20 -0700] "-" 400 0 "-" "-"
117.193.47.186 - - [17/Mar/2012:00:47:38 -0700] "-" 400 0 "-" "-"
208.80.153.192 - - [17/Mar/2012:00:48:03 -0700] "GET /e/' HTTP/1.1" 301 257 "-" "LinkSaver/2.0"
208.80.153.192 - - [17/Mar/2012:00:48:03 -0700] "GET /en/ta/%27/ HTTP/1.1" 302 265 "-" "LinkSaver/2.0"
208.80.153.192 - - [17/Mar/2012:00:48:04 -0700] "HEAD /e/' HTTP/1.1" 301 0 "-" "LinkParser/2.0"
208.80.153.192 - - [17/Mar/2012:00:48:04 -0700] "HEAD /en/ta/%27/ HTTP/1.1" 302 0 "-" "LinkParser/2.0"
208.80.153.192 - - [17/Mar/2012:00:48:05 -0700] "GET /r/' HTTP/1.1" 301 255 "-" "LinkSaver/2.0"
208.80.153.192 - - [17/Mar/2012:00:48:05 -0700] "GET /s/ta/%27/ HTTP/1.1" 502 173 "-" "LinkSaver/2.0"
208.80.153.192 - - [17/Mar/2012:00:48:06 -0700] "HEAD /r/' HTTP/1.1" 301 0 "-" "LinkParser/2.0"
208.80.153.192 - - [17/Mar/2012:00:48:06 -0700] "HEAD /s/ta/%27/ HTTP/1.1" 502 0 "-" "LinkParser/2.0"
117.193.47.186 - - [17/Mar/2012:00:48:31 -0700] "-" 400 0 "-" "-"
208.80.153.192 - - [17/Mar/2012:00:48:48 -0700] "HEAD /e/' HTTP/1.1" 301 0 "-" "LinkParser/2.0"
208.80.153.192 - - [17/Mar/2012:00:48:49 -0700] "HEAD /en/ta/%27/ HTTP/1.1" 302 0 "-" "LinkParser/2.0"
112.79.40.70 - - [17/Mar/2012:00:49:17 -0700] "-" 400 0 "-" "-"
112.79.40.70 - - [17/Mar/2012:00:49:17 -0700] "-" 400 0 "-" "-"
112.79.40.70 - - [17/Mar/2012:00:49:17 -0700] "-" 400 0 "-" "-"
112.79.40.70 - - [17/Mar/2012:00:49:17 -0700] "-" 400 0 "-" "-"
122.183.188.162 - - [17/Mar/2012:00:49:30 -0700] "-" 400 0 "-" "-"
122.183.188.162 - - [17/Mar/2012:00:49:53 -0700] "-" 400 0 "-" "-"
208.80.194.58 - - [17/Mar/2012:00:50:59 -0700] "GET /blog/wp-content/themes/cleanr/css/reset.css HTTP/1.0" 200 648 "-" "Mozilla/4.0 (compatible; MSIE 6.0; Windows NT 5.1; {4701423A-673E-BBFB-0244-850AE6AE9A45})"
112.79.40.70 - - [17/Mar/2012:00:51:08 -0700] "-" 400 0 "-" "-"
112.79.40.70 - - [17/Mar/2012:00:51:08 -0700] "-" 400 0 "-" "-"
112.79.40.70 - - [17/Mar/2012:00:51:08 -0700] "-" 400 0 "-" "-"
112.79.40.70 - - [17/Mar/2012:00:51:08 -0700] "-" 400 0 "-" "-"
112.79.40.70 - - [17/Mar/2012:00:51:08 -0700] "-" 400 0 "-" "-"
112.79.40.70 - - [17/Mar/2012:00:51:47 -0700] "-" 400 0 "-" "-"
117.193.47.186 - - [17/Mar/2012:00:52:39 -0700] "-" 400 0 "-" "-"
85.17.88.169 - - [17/Mar/2012:00:52:57 -0700] "POST /blog/wp-cron.php?doing_wp_cron=1331970648 HTTP/1.0" 499 0 "-" "WordPress/3.3.1; http://yuvi.in/blog"
209.85.238.115 - - [17/Mar/2012:00:52:57 -0700] "GET /blog/feed/ HTTP/1.1" 304 0 "-" "Feedfetcher-Google; (+http://www.google.com/feedfetcher.html; 19 subscribers; feed-id=15064232456473204253)"
85.17.88.169 - - [17/Mar/2012:00:56:06 -0700] "POST /blog/wp-cron.php?doing_wp_cron=1331970838 HTTP/1.0" 499 0 "-" "WordPress/3.3.1; http://yuvi.in/blog"
101.226.33.179 - - [17/Mar/2012:00:56:07 -0700] "GET /blog/feed HTTP/1.0" 304 0 "-" "Mozilla/4.0 (compatible; Windows;)"
69.171.234.6 - - [17/Mar/2012:00:56:17 -0700] "GET /r/1nvz HTTP/1.1" 301 257 "-" "facebookexternalhit/1.1 (+http://www.facebook.com/externalhit_uatext.php)"
69.171.234.5 - - [17/Mar/2012:00:56:17 -0700] "GET /s/ta/1nvz/ HTTP/1.1" 302 365 "-" "facebookexternalhit/1.1 (+http://www.facebook.com/externalhit_uatext.php)"
85.17.88.169 - - [17/Mar/2012:00:58:21 -0700] "POST /blog/wp-cron.php?doing_wp_cron=1331970972 HTTP/1.0" 499 0 "-" "WordPress/3.3.1; http://yuvi.in/blog"
180.76.6.233 - - [17/Mar/2012:00:58:22 -0700] "GET /blog/moving-to-vim-from-emacs/ HTTP/1.1" 200 4939 "-" "Mozilla/5.0 (compatible; Baiduspider/2.0; +http://www.baidu.com/search/spider.html)"
59.90.244.198 - - [17/Mar/2012:01:01:31 -0700] "-" 400 0 "-" "-"
85.17.88.169 - - [17/Mar/2012:01:01:49 -0700] "POST /blog/wp-cron.php?doing_wp_cron=1331971181 HTTP/1.0" 499 0 "-" "WordPress/3.3.1; http://yuvi.in/blog"
209.85.224.95 - - [17/Mar/2012:01:01:49 -0700] "GET /blog/feed HTTP/1.1" 304 0 "-" "FeedBurner/1.0 (http://www.FeedBurner.com)"
59.90.244.198 - - [17/Mar/2012:01:04:01 -0700] "-" 400 0 "-" "-"
207.46.204.218 - - [17/Mar/2012:01:04:21 -0700] "-" 400 0 "-" "-"
207.46.204.218 - - [17/Mar/2012:01:04:21 -0700] "-" 400 0 "-" "-"
207.46.204.218 - - [17/Mar/2012:01:04:21 -0700] "-" 400 0 "-" "-"
207.46.204.218 - - [17/Mar/2012:01:04:21 -0700] "-" 400 0 "-" "-"
207.46.204.218 - - [17/Mar/2012:01:04:21 -0700] "-" 400 0 "-" "-"
207.46.204.218 - - [17/Mar/2012:01:04:22 -0700] "-" 400 0 "-" "-"
207.46.204.218 - - [17/Mar/2012:01:04:22 -0700] "-" 400 0 "-" "-"
207.46.204.218 - - [17/Mar/2012:01:04:22 -0700] "-" 400 0 "-" "-"
85.17.88.169 - - [17/Mar/2012:01:05:36 -0700] "POST /blog/wp-cron.php?doing_wp_cron=1331971408 HTTP/1.0" 499 0 "-" "WordPress/3.3.1; http://yuvi.in/blog"
183.82.78.91 - - [17/Mar/2012:01:05:37 -0700] "GET /blog/feed/ HTTP/1.0" 304 0 "-" "FeedDemon/4.0 (http://www.feeddemon.com/; Microsoft Windows)"
113.193.113.11 - - [17/Mar/2012:01:06:09 -0700] "-" 400 0 "-" "-"
89.123.0.78 - - [17/Mar/2012:01:06:45 -0700] "GET / HTTP/1.1" 404 238 "-" "Java/1.6.0_22"
66.249.68.52 - - [17/Mar/2012:01:10:32 -0700] "GET /r/gov HTTP/1.1" 301 255 "-" "Mozilla/5.0 (compatible; Googlebot/2.1; +http://www.google.com/bot.html)"
66.249.68.52 - - [17/Mar/2012:01:10:33 -0700] "GET /r/gbw HTTP/1.1" 301 255 "-" "Mozilla/5.0 (compatible; Googlebot/2.1; +http://www.google.com/bot.html)"
66.249.68.52 - - [17/Mar/2012:01:10:34 -0700] "GET /s/ta/gov/ HTTP/1.1" 302 481 "-" "Mozilla/5.0 (compatible; Googlebot/2.1; +http://www.google.com/bot.html)"
66.249.68.52 - - [17/Mar/2012:01:10:34 -0700] "GET /s/ta/gbw/ HTTP/1.1" 302 361 "-" "Mozilla/5.0 (compatible; Googlebot/2.1; +http://www.google.com/bot.html)"
117.202.184.21 - - [17/Mar/2012:01:10:41 -0700] "-" 400 0 "-" "-"
117.231.37.231 - - [17/Mar/2012:01:11:39 -0700] "-" 400 0 "-" "-"
209.85.224.89 - - [17/Mar/2012:01:12:26 -0700] "GET /stories/feed HTTP/1.1" 200 13653 "-" "FeedBurner/1.0 (http://www.FeedBurner.com)"
85.17.88.169 - - [17/Mar/2012:01:12:58 -0700] "POST /blog/wp-cron.php?doing_wp_cron=1331971850 HTTP/1.0" 499 0 "-" "WordPress/3.3.1; http://yuvi.in/blog"
209.85.238.115 - - [17/Mar/2012:01:12:59 -0700] "GET /blog/feed HTTP/1.1" 301 0 "-" "Feedfetcher-Google; (+http://www.google.com/feedfetcher.html; 3 subscribers; feed-id=17684830852112633560)"
85.17.88.169 - - [17/Mar/2012:01:13:01 -0700] "POST /blog/wp-cron.php?doing_wp_cron=1331971852 HTTP/1.0" 499 0 "-" "WordPress/3.3.1; http://yuvi.in/blog"
59.90.244.198 - - [17/Mar/2012:01:13:01 -0700] "-" 400 0 "-" "-"
209.85.238.115 - - [17/Mar/2012:01:13:01 -0700] "GET /blog/feed/ HTTP/1.1" 304 0 "-" "Feedfetcher-Google; (+http://www.google.com/feedfetcher.html; 3 subscribers; feed-id=17684830852112633560)"
59.164.187.220 - - [17/Mar/2012:01:13:25 -0700] "-" 400 0 "-" "-"
85.17.88.169 - - [17/Mar/2012:01:13:41 -0700] "POST /blog/wp-cron.php?doing_wp_cron=1331971892 HTTP/1.0" 499 0 "-" "WordPress/3.3.1; http://yuvi.in/blog"
213.186.127.13 - - [17/Mar/2012:01:13:42 -0700] "GET /blog/tag/india/ HTTP/1.1" 200 9221 "-" "Mozilla/5.0 (compatible; AhrefsBot/2.0; +http://ahrefs.com/robot/)"
117.231.37.231 - - [17/Mar/2012:01:13:49 -0700] "-" 400 0 "-" "-"
157.55.112.208 - - [17/Mar/2012:01:15:25 -0700] "-" 400 0 "-" "-"
157.55.112.208 - - [17/Mar/2012:01:15:26 -0700] "-" 400 0 "-" "-"
157.55.112.208 - - [17/Mar/2012:01:15:26 -0700] "-" 400 0 "-" "-"
157.55.112.208 - - [17/Mar/2012:01:15:26 -0700] "-" 400 0 "-" "-"
157.55.112.208 - - [17/Mar/2012:01:15:26 -0700] "-" 400 0 "-" "-"
157.55.112.208 - - [17/Mar/2012:01:15:27 -0700] "-" 400 0 "-" "-"
157.55.112.208 - - [17/Mar/2012:01:15:27 -0700] "-" 400 0 "-" "-"
157.55.112.208 - - [17/Mar/2012:01:15:28 -0700] "-" 400 0 "-" "-"
157.55.112.208 - - [17/Mar/2012:01:15:28 -0700] "-" 400 0 "-" "-"
157.55.112.208 - - [17/Mar/2012:01:15:28 -0700] "-" 400 0 "-" "-"
157.55.112.208 - - [17/Mar/2012:01:16:19 -0700] "-" 400 0 "-" "-"
59.164.187.220 - - [17/Mar/2012:01:16:35 -0700] "-" 400 0 "-" "-"
59.164.187.220 - - [17/Mar/2012:01:16:35 -0700] "-" 400 0 "-" "-"
59.164.187.220 - - [17/Mar/2012:01:16:35 -0700] "-" 400 0 "-" "-"
85.17.88.169 - - [17/Mar/2012:01:17:26 -0700] "POST /blog/wp-cron.php?doing_wp_cron=1331972117 HTTP/1.0" 499 0 "-" "WordPress/3.3.1; http://yuvi.in/blog"
65.52.110.147 - - [17/Mar/2012:01:17:26 -0700] "GET /blog/devlog-may-2011/feed/ HTTP/1.1" 200 1914 "-" "Mozilla/5.0 (compatible; bingbot/2.0; +http://www.bing.com/bingbot.htm)"
122.174.45.82 - - [17/Mar/2012:01:18:56 -0700] "-" 400 0 "-" "-"
85.17.88.169 - - [17/Mar/2012:01:19:27 -0700] "POST /blog/wp-cron.php?doing_wp_cron=1331972238 HTTP/1.0" 499 0 "-" "WordPress/3.3.1; http://yuvi.in/blog"
180.76.5.141 - - [17/Mar/2012:01:19:28 -0700] "GET /blog/2010/06/06/ HTTP/1.1" 200 4676 "-" "Mozilla/5.0 (compatible; Baiduspider/2.0; +http://www.baidu.com/search/spider.html)"
217.249.131.43 - - [17/Mar/2012:01:19:30 -0700] "GET /robots.txt HTTP/1.1" 404 169 "-" "findlinks/2.0.2 (+http://wortschatz.uni-leipzig.de/findlinks/)"
117.193.245.92 - - [17/Mar/2012:01:20:11 -0700] "-" 400 0 "-" "-"
117.202.184.21 - - [17/Mar/2012:01:22:37 -0700] "-" 400 0 "-" "-"
85.17.88.169 - - [17/Mar/2012:01:24:10 -0700] "POST /blog/wp-cron.php?doing_wp_cron=1331972521 HTTP/1.0" 499 0 "-" "WordPress/3.3.1; http://yuvi.in/blog"
80.243.191.115 - - [17/Mar/2012:01:24:11 -0700] "GET /blog/programmer-run-code-head/ HTTP/1.0" 200 18108 "http://yuvi.in/blog/programmer-run-code-head/" "Mozilla/4.0 (compatible; MSIE 6.0; Windows NT 5.1; Q312461)"
117.202.184.21 - - [17/Mar/2012:01:25:16 -0700] "-" 400 0 "-" "-"
117.202.184.21 - - [17/Mar/2012:01:26:21 -0700] "-" 400 0 "-" "-"
85.17.88.169 - - [17/Mar/2012:01:26:41 -0700] "POST /blog/wp-cron.php?doing_wp_cron=1331972672 HTTP/1.0" 499 0 "-" "WordPress/3.3.1; http://yuvi.in/blog"
208.115.113.84 - - [17/Mar/2012:01:26:41 -0700] "GET /blog/category/education/feed/ HTTP/1.1" 200 36445 "-" "Mozilla/5.0 (compatible; Ezooms/1.0; ezooms.bot@gmail.com)"
85.17.88.169 - - [17/Mar/2012:01:26:47 -0700] "POST /blog/wp-cron.php?doing_wp_cron=1331972678 HTTP/1.0" 499 0 "-" "WordPress/3.3.1; http://yuvi.in/blog"
208.115.113.84 - - [17/Mar/2012:01:26:47 -0700] "GET /blog/cheese-gsoc-report-week-7/feed/ HTTP/1.1" 200 773 "-" "Mozilla/5.0 (compatible; Ezooms/1.0; ezooms.bot@gmail.com)"
85.17.88.169 - - [17/Mar/2012:01:26:53 -0700] "POST /blog/wp-cron.php?doing_wp_cron=1331972684 HTTP/1.0" 499 0 "-" "WordPress/3.3.1; http://yuvi.in/blog"
208.115.113.84 - - [17/Mar/2012:01:26:53 -0700] "GET /blog/chennais-concentration-camps-aka-colleges/feed/ HTTP/1.1" 200 822 "-" "Mozilla/5.0 (compatible; Ezooms/1.0; ezooms.bot@gmail.com)"
85.17.88.169 - - [17/Mar/2012:01:26:59 -0700] "POST /blog/wp-cron.php?doing_wp_cron=1331972690 HTTP/1.0" 499 0 "-" "WordPress/3.3.1; http://yuvi.in/blog"
208.115.113.84 - - [17/Mar/2012:01:26:59 -0700] "GET /blog/vala-gtkbuilder-and-autoconnecting-signal-handlers/feed/ HTTP/1.1" 200 841 "-" "Mozilla/5.0 (compatible; Ezooms/1.0; ezooms.bot@gmail.com)"
85.17.88.169 - - [17/Mar/2012:01:27:04 -0700] "POST /blog/wp-cron.php?doing_wp_cron=1331972696 HTTP/1.0" 499 0 "-" "WordPress/3.3.1; http://yuvi.in/blog"
208.115.113.84 - - [17/Mar/2012:01:27:05 -0700] "GET /blog/2011/07/17/ HTTP/1.1" 200 14601 "-" "Mozilla/5.0 (compatible; Ezooms/1.0; ezooms.bot@gmail.com)"
85.17.88.169 - - [17/Mar/2012:01:27:12 -0700] "POST /blog/wp-cron.php?doing_wp_cron=1331972703 HTTP/1.0" 499 0 "-" "WordPress/3.3.1; http://yuvi.in/blog"
208.115.113.84 - - [17/Mar/2012:01:27:12 -0700] "GET /blog/abigger-binary-heart/ HTTP/1.1" 200 16015 "-" "Mozilla/5.0 (compatible; Ezooms/1.0; ezooms.bot@gmail.com)"
157.55.112.204 - - [17/Mar/2012:01:27:15 -0700] "-" 400 0 "-" "-"
157.55.112.204 - - [17/Mar/2012:01:27:17 -0700] "-" 400 0 "-" "-"
157.55.112.204 - - [17/Mar/2012:01:27:17 -0700] "-" 400 0 "-" "-"
157.55.112.204 - - [17/Mar/2012:01:27:17 -0700] "-" 400 0 "-" "-"
157.55.112.204 - - [17/Mar/2012:01:27:17 -0700] "-" 400 0 "-" "-"
157.55.112.204 - - [17/Mar/2012:01:27:18 -0700] "-" 400 0 "-" "-"
157.55.112.204 - - [17/Mar/2012:01:27:19 -0700] "-" 400 0 "-" "-"
157.55.112.204 - - [17/Mar/2012:01:27:19 -0700] "-" 400 0 "-" "-"
157.55.112.204 - - [17/Mar/2012:01:27:19 -0700] "-" 400 0 "-" "-"
117.193.245.92 - - [17/Mar/2012:01:29:17 -0700] "-" 400 0 "-" "-"
141.0.8.86 - - [17/Mar/2012:01:30:59 -0700] "-" 400 0 "-" "-"
85.17.88.169 - - [17/Mar/2012:01:31:54 -0700] "POST /blog/wp-cron.php?doing_wp_cron=1331972986 HTTP/1.0" 499 0 "-" "WordPress/3.3.1; http://yuvi.in/blog"
209.85.224.95 - - [17/Mar/2012:01:31:55 -0700] "GET /blog/feed HTTP/1.1" 304 0 "-" "FeedBurner/1.0 (http://www.FeedBurner.com)"
141.0.8.86 - - [17/Mar/2012:01:33:09 -0700] "-" 400 0 "-" "-"
141.0.8.86 - - [17/Mar/2012:01:33:53 -0700] "-" 400 0 "-" "-"
100.43.83.144 - - [17/Mar/2012:01:33:58 -0700] "GET /blog/how-to-increase-cheese-s-burst-mode-photo-count.html HTTP/1.1" 200 2407 "-" "Mozilla/5.0 (compatible; YandexBot/3.0; +http://yandex.com/bots)"
123.125.71.33 - - [17/Mar/2012:01:34:46 -0700] "GET / HTTP/1.1" 200 3439 "-" "Mozilla/5.0 (compatible; Baiduspider/2.0; +http://www.baidu.com/search/spider.html)"
117.244.67.144 - - [17/Mar/2012:01:34:46 -0700] "-" 400 0 "-" "-"
220.181.108.84 - - [17/Mar/2012:01:35:23 -0700] "GET / HTTP/1.1" 200 3439 "-" "Mozilla/5.0 (compatible; Baiduspider/2.0; +http://www.baidu.com/search/spider.html)"
117.207.146.200 - - [17/Mar/2012:01:35:45 -0700] "-" 400 0 "-" "-"
1.22.248.37 - - [17/Mar/2012:01:37:25 -0700] "GET /r/10t1 HTTP/1.1" 301 257 "http://ta.wikipedia.org/wiki/%E0%AE%83%E0%AE%AA%E0%AE%BE%E0%AE%9F%E0%AF%8D_%E0%AE%AE%E0%AF%87%E0%AE%A9%E0%AF%8D" "Mozilla/5.0 (Windows NT 5.1; rv:10.0.2) Gecko/20100101 Firefox/10.0.2"
1.22.248.37 - - [17/Mar/2012:01:37:26 -0700] "GET /s/ta/10t1/ HTTP/1.1" 302 377 "http://ta.wikipedia.org/wiki/%E0%AE%83%E0%AE%AA%E0%AE%BE%E0%AE%9F%E0%AF%8D_%E0%AE%AE%E0%AF%87%E0%AE%A9%E0%AF%8D" "Mozilla/5.0 (Windows NT 5.1; rv:10.0.2) Gecko/20100101 Firefox/10.0.2"
1.22.248.37 - - [17/Mar/2012:01:37:30 -0700] "-" 400 0 "-" "-"
69.171.228.246 - - [17/Mar/2012:01:38:37 -0700] "GET /r/3lp HTTP/1.1" 301 255 "-" "facebookexternalhit/1.1 (+http://www.facebook.com/externalhit_uatext.php)"
69.171.228.247 - - [17/Mar/2012:01:38:37 -0700] "GET /s/ta/3lp/ HTTP/1.1" 302 361 "-" "facebookexternalhit/1.1 (+http://www.facebook.com/externalhit_uatext.php)"
59.164.187.220 - - [17/Mar/2012:01:38:51 -0700] "-" 400 0 "-" "-"
59.164.187.220 - - [17/Mar/2012:01:38:51 -0700] "-" 400 0 "-" "-"
59.164.187.220 - - [17/Mar/2012:01:38:51 -0700] "-" 400 0 "-" "-"
59.164.187.220 - - [17/Mar/2012:01:40:01 -0700] "-" 400 0 "-" "-"
59.164.187.220 - - [17/Mar/2012:01:40:51 -0700] "-" 400 0 "-" "-"
59.164.187.220 - - [17/Mar/2012:01:40:51 -0700] "-" 400 0 "-" "-"
59.164.187.220 - - [17/Mar/2012:01:40:51 -0700] "-" 400 0 "-" "-"
85.17.88.169 - - [17/Mar/2012:01:41:43 -0700] "POST /blog/wp-cron.php?doing_wp_cron=1331973574 HTTP/1.0" 499 0 "-" "WordPress/3.3.1; http://yuvi.in/blog"
183.82.78.91 - - [17/Mar/2012:01:41:43 -0700] "GET /blog/feed/ HTTP/1.0" 304 0 "-" "FeedDemon/4.0 (http://www.feeddemon.com/; Microsoft Windows)"
69.28.58.72 - - [17/Mar/2012:01:41:47 -0700] "GET /robots.txt HTTP/1.0" 404 238 "-" "nutch-1.4/Nutch-1.4"
69.28.58.72 - - [17/Mar/2012:01:41:47 -0700] "GET /r/1z5n HTTP/1.0" 301 257 "-" "nutch-1.4/Nutch-1.4"
115.242.229.68 - - [17/Mar/2012:01:41:50 -0700] "-" 400 0 "-" "-"
115.242.229.68 - - [17/Mar/2012:01:41:50 -0700] "-" 400 0 "-" "-"
115.242.229.68 - - [17/Mar/2012:01:41:50 -0700] "-" 400 0 "-" "-"
115.242.229.68 - - [17/Mar/2012:01:41:50 -0700] "-" 400 0 "-" "-"
115.242.229.68 - - [17/Mar/2012:01:41:50 -0700] "-" 400 0 "-" "-"
115.242.229.68 - - [17/Mar/2012:01:41:50 -0700] "-" 400 0 "-" "-"
69.171.229.246 - - [17/Mar/2012:01:41:52 -0700] "GET /r/1nvz HTTP/1.1" 301 257 "-" "facebookexternalhit/1.1 (+http://www.facebook.com/externalhit_uatext.php)"
