85.17.88.169 - - [27/Mar/2012:13:19:17 -0700] "POST /blog/wp-cron.php?doing_wp_cron=1332879345 HTTP/1.0" 499 0 "-" "WordPress/3.3.1; http://yuvi.in/blog"
72.14.199.121 - - [27/Mar/2012:13:19:17 -0700] "GET /blog/feed/ HTTP/1.1" 304 0 "-" "Feedfetcher-Google; (+http://www.google.com/feedfetcher.html; 3 subscribers; feed-id=17684830852112633560)"
98.172.15.254 - - [27/Mar/2012:13:20:09 -0700] "GET /favicon.ico HTTP/1.1" 404 169 "-" "Caffeinated/1.1.1 CFNetwork/520.3.2 Darwin/11.3.0 (x86_64) (MacBookPro8%2C1)"
98.172.15.254 - - [27/Mar/2012:13:20:37 -0700] "GET /favicon.ico HTTP/1.1" 404 169 "-" "Caffeinated/1.1.1 CFNetwork/520.3.2 Darwin/11.3.0 (x86_64) (MacBookPro8%2C1)"
98.172.15.254 - - [27/Mar/2012:13:21:35 -0700] "GET /favicon.ico HTTP/1.1" 404 169 "-" "Caffeinated/1.1.1 CFNetwork/520.3.2 Darwin/11.3.0 (x86_64) (MacBookPro8%2C1)"
98.172.15.254 - - [27/Mar/2012:13:22:01 -0700] "GET /favicon.ico HTTP/1.1" 404 169 "-" "Caffeinated/1.1.1 CFNetwork/520.3.2 Darwin/11.3.0 (x86_64) (MacBookPro8%2C1)"
98.172.15.254 - - [27/Mar/2012:13:23:00 -0700] "GET /favicon.ico HTTP/1.1" 404 169 "-" "Caffeinated/1.1.1 CFNetwork/520.3.2 Darwin/11.3.0 (x86_64) (MacBookPro8%2C1)"
98.172.15.254 - - [27/Mar/2012:13:23:29 -0700] "GET /favicon.ico HTTP/1.1" 404 169 "-" "Caffeinated/1.1.1 CFNetwork/520.3.2 Darwin/11.3.0 (x86_64) (MacBookPro8%2C1)"
98.172.15.254 - - [27/Mar/2012:13:24:27 -0700] "GET / HTTP/1.1" 304 0 "-" "Caffeinated/1.1.1 CFNetwork/520.3.2 Darwin/11.3.0 (x86_64) (MacBookPro8%2C1)"
98.172.15.254 - - [27/Mar/2012:13:24:27 -0700] "GET /favicon.ico HTTP/1.1" 404 169 "-" "Caffeinated/1.1.1 CFNetwork/520.3.2 Darwin/11.3.0 (x86_64) (MacBookPro8%2C1)"
85.17.88.169 - - [27/Mar/2012:13:24:51 -0700] "POST /blog/wp-cron.php?doing_wp_cron=1332879678 HTTP/1.0" 499 0 "-" "WordPress/3.3.1; http://yuvi.in/blog"
97.117.125.23 - - [27/Mar/2012:13:24:51 -0700] "GET /blog/favicon.ico HTTP/1.1" 404 3016 "-" "Mozilla/5.0 (Windows NT 5.1; rv:11.0) Gecko/20100101 Firefox/11.0"
98.172.15.254 - - [27/Mar/2012:13:24:58 -0700] "GET /favicon.ico HTTP/1.1" 404 169 "-" "Caffeinated/1.1.1 CFNetwork/520.3.2 Darwin/11.3.0 (x86_64) (MacBookPro8%2C1)"
98.172.15.254 - - [27/Mar/2012:13:25:55 -0700] "GET /favicon.ico HTTP/1.1" 404 169 "-" "Caffeinated/1.1.1 CFNetwork/520.3.2 Darwin/11.3.0 (x86_64) (MacBookPro8%2C1)"
98.172.15.254 - - [27/Mar/2012:13:26:29 -0700] "GET /favicon.ico HTTP/1.1" 404 169 "-" "Caffeinated/1.1.1 CFNetwork/520.3.2 Darwin/11.3.0 (x86_64) (MacBookPro8%2C1)"
98.172.15.254 - - [27/Mar/2012:13:27:21 -0700] "GET /favicon.ico HTTP/1.1" 404 169 "-" "Caffeinated/1.1.1 CFNetwork/520.3.2 Darwin/11.3.0 (x86_64) (MacBookPro8%2C1)"
98.172.15.254 - - [27/Mar/2012:13:28:20 -0700] "GET /favicon.ico HTTP/1.1" 404 169 "-" "Caffeinated/1.1.1 CFNetwork/520.3.2 Darwin/11.3.0 (x86_64) (MacBookPro8%2C1)"
85.17.88.169 - - [27/Mar/2012:13:28:39 -0700] "POST /blog/wp-cron.php?doing_wp_cron=1332879906 HTTP/1.0" 499 0 "-" "WordPress/3.3.1; http://yuvi.in/blog"
209.85.224.91 - - [27/Mar/2012:13:28:39 -0700] "GET /blog/feed HTTP/1.1" 304 0 "-" "FeedBurner/1.0 (http://www.FeedBurner.com)"
98.172.15.254 - - [27/Mar/2012:13:28:51 -0700] "GET /favicon.ico HTTP/1.1" 404 169 "-" "Caffeinated/1.1.1 CFNetwork/520.3.2 Darwin/11.3.0 (x86_64) (MacBookPro8%2C1)"
98.172.15.254 - - [27/Mar/2012:13:29:49 -0700] "GET / HTTP/1.1" 304 0 "-" "Caffeinated/1.1.1 CFNetwork/520.3.2 Darwin/11.3.0 (x86_64) (MacBookPro8%2C1)"
98.172.15.254 - - [27/Mar/2012:13:29:49 -0700] "GET /favicon.ico HTTP/1.1" 404 169 "-" "Caffeinated/1.1.1 CFNetwork/520.3.2 Darwin/11.3.0 (x86_64) (MacBookPro8%2C1)"
98.172.15.254 - - [27/Mar/2012:13:30:27 -0700] "GET /favicon.ico HTTP/1.1" 404 169 "-" "Caffeinated/1.1.1 CFNetwork/520.3.2 Darwin/11.3.0 (x86_64) (MacBookPro8%2C1)"
98.172.15.254 - - [27/Mar/2012:13:31:25 -0700] "GET /favicon.ico HTTP/1.1" 404 169 "-" "Caffeinated/1.1.1 CFNetwork/520.3.2 Darwin/11.3.0 (x86_64) (MacBookPro8%2C1)"
98.172.15.254 - - [27/Mar/2012:13:31:55 -0700] "GET /favicon.ico HTTP/1.1" 404 169 "-" "Caffeinated/1.1.1 CFNetwork/520.3.2 Darwin/11.3.0 (x86_64) (MacBookPro8%2C1)"
98.172.15.254 - - [27/Mar/2012:13:32:53 -0700] "GET /favicon.ico HTTP/1.1" 404 169 "-" "Caffeinated/1.1.1 CFNetwork/520.3.2 Darwin/11.3.0 (x86_64) (MacBookPro8%2C1)"
98.172.15.254 - - [27/Mar/2012:13:33:22 -0700] "GET /favicon.ico HTTP/1.1" 404 169 "-" "Caffeinated/1.1.1 CFNetwork/520.3.2 Darwin/11.3.0 (x86_64) (MacBookPro8%2C1)"
98.172.15.254 - - [27/Mar/2012:13:34:19 -0700] "GET /favicon.ico HTTP/1.1" 404 169 "-" "Caffeinated/1.1.1 CFNetwork/520.3.2 Darwin/11.3.0 (x86_64) (MacBookPro8%2C1)"
98.172.15.254 - - [27/Mar/2012:13:34:50 -0700] "GET / HTTP/1.1" 304 0 "-" "Caffeinated/1.1.1 CFNetwork/520.3.2 Darwin/11.3.0 (x86_64) (MacBookPro8%2C1)"
98.172.15.254 - - [27/Mar/2012:13:34:50 -0700] "GET /favicon.ico HTTP/1.1" 404 169 "-" "Caffeinated/1.1.1 CFNetwork/520.3.2 Darwin/11.3.0 (x86_64) (MacBookPro8%2C1)"
98.172.15.254 - - [27/Mar/2012:13:35:50 -0700] "GET /favicon.ico HTTP/1.1" 404 169 "-" "Caffeinated/1.1.1 CFNetwork/520.3.2 Darwin/11.3.0 (x86_64) (MacBookPro8%2C1)"
98.172.15.254 - - [27/Mar/2012:13:36:26 -0700] "GET /favicon.ico HTTP/1.1" 404 169 "-" "Caffeinated/1.1.1 CFNetwork/520.3.2 Darwin/11.3.0 (x86_64) (MacBookPro8%2C1)"
98.172.15.254 - - [27/Mar/2012:13:37:22 -0700] "GET /favicon.ico HTTP/1.1" 404 169 "-" "Caffeinated/1.1.1 CFNetwork/520.3.2 Darwin/11.3.0 (x86_64) (MacBookPro8%2C1)"
98.172.15.254 - - [27/Mar/2012:13:37:51 -0700] "GET /favicon.ico HTTP/1.1" 404 169 "-" "Caffeinated/1.1.1 CFNetwork/520.3.2 Darwin/11.3.0 (x86_64) (MacBookPro8%2C1)"
98.172.15.254 - - [27/Mar/2012:13:38:50 -0700] "GET /favicon.ico HTTP/1.1" 404 169 "-" "Caffeinated/1.1.1 CFNetwork/520.3.2 Darwin/11.3.0 (x86_64) (MacBookPro8%2C1)"
98.172.15.254 - - [27/Mar/2012:13:39:19 -0700] "GET /favicon.ico HTTP/1.1" 404 169 "-" "Caffeinated/1.1.1 CFNetwork/520.3.2 Darwin/11.3.0 (x86_64) (MacBookPro8%2C1)"
98.172.15.254 - - [27/Mar/2012:13:40:20 -0700] "GET / HTTP/1.1" 304 0 "-" "Caffeinated/1.1.1 CFNetwork/520.3.2 Darwin/11.3.0 (x86_64) (MacBookPro8%2C1)"
98.172.15.254 - - [27/Mar/2012:13:40:20 -0700] "GET /favicon.ico HTTP/1.1" 404 169 "-" "Caffeinated/1.1.1 CFNetwork/520.3.2 Darwin/11.3.0 (x86_64) (MacBookPro8%2C1)"
98.172.15.254 - - [27/Mar/2012:13:40:47 -0700] "GET /favicon.ico HTTP/1.1" 404 169 "-" "Caffeinated/1.1.1 CFNetwork/520.3.2 Darwin/11.3.0 (x86_64) (MacBookPro8%2C1)"
98.172.15.254 - - [27/Mar/2012:13:41:47 -0700] "GET /favicon.ico HTTP/1.1" 404 169 "-" "Caffeinated/1.1.1 CFNetwork/520.3.2 Darwin/11.3.0 (x86_64) (MacBookPro8%2C1)"
98.172.15.254 - - [27/Mar/2012:13:42:14 -0700] "GET /favicon.ico HTTP/1.1" 404 169 "-" "Caffeinated/1.1.1 CFNetwork/520.3.2 Darwin/11.3.0 (x86_64) (MacBookPro8%2C1)"
98.172.15.254 - - [27/Mar/2012:13:43:13 -0700] "GET /favicon.ico HTTP/1.1" 404 169 "-" "Caffeinated/1.1.1 CFNetwork/520.3.2 Darwin/11.3.0 (x86_64) (MacBookPro8%2C1)"
85.17.88.169 - - [27/Mar/2012:13:43:38 -0700] "POST /blog/wp-cron.php?doing_wp_cron=1332880805 HTTP/1.0" 499 0 "-" "WordPress/3.3.1; http://yuvi.in/blog"
66.249.71.13 - - [27/Mar/2012:13:43:39 -0700] "GET /blog/tag/code/ HTTP/1.1" 200 9000 "-" "Mozilla/5.0 (iPhone; U; CPU iPhone OS 4_1 like Mac OS X; en-us) AppleWebKit/532.9 (KHTML, like Gecko) Version/4.0.5 Mobile/8B117 Safari/6531.22.7 (compatible; Googlebot-Mobile/2.1; +http://www.google.com/bot.html)"
98.172.15.254 - - [27/Mar/2012:13:43:44 -0700] "GET /favicon.ico HTTP/1.1" 404 169 "-" "Caffeinated/1.1.1 CFNetwork/520.3.2 Darwin/11.3.0 (x86_64) (MacBookPro8%2C1)"
98.172.15.254 - - [27/Mar/2012:13:44:42 -0700] "GET /favicon.ico HTTP/1.1" 404 169 "-" "Caffeinated/1.1.1 CFNetwork/520.3.2 Darwin/11.3.0 (x86_64) (MacBookPro8%2C1)"
180.76.5.110 - - [27/Mar/2012:13:44:44 -0700] "GET / HTTP/1.1" 304 0 "-" "Mozilla/5.0 (compatible; Baiduspider/2.0; +http://www.baidu.com/search/spider.html)"
98.172.15.254 - - [27/Mar/2012:13:45:10 -0700] "GET /favicon.ico HTTP/1.1" 404 169 "-" "Caffeinated/1.1.1 CFNetwork/520.3.2 Darwin/11.3.0 (x86_64) (MacBookPro8%2C1)"
98.172.15.254 - - [27/Mar/2012:13:46:10 -0700] "GET / HTTP/1.1" 304 0 "-" "Caffeinated/1.1.1 CFNetwork/520.3.2 Darwin/11.3.0 (x86_64) (MacBookPro8%2C1)"
98.172.15.254 - - [27/Mar/2012:13:46:10 -0700] "GET /favicon.ico HTTP/1.1" 404 169 "-" "Caffeinated/1.1.1 CFNetwork/520.3.2 Darwin/11.3.0 (x86_64) (MacBookPro8%2C1)"
98.172.15.254 - - [27/Mar/2012:13:46:54 -0700] "GET /favicon.ico HTTP/1.1" 404 169 "-" "Caffeinated/1.1.1 CFNetwork/520.3.2 Darwin/11.3.0 (x86_64) (MacBookPro8%2C1)"
98.172.15.254 - - [27/Mar/2012:13:47:37 -0700] "GET /favicon.ico HTTP/1.1" 404 169 "-" "Caffeinated/1.1.1 CFNetwork/520.3.2 Darwin/11.3.0 (x86_64) (MacBookPro8%2C1)"
98.172.15.254 - - [27/Mar/2012:13:48:21 -0700] "GET /favicon.ico HTTP/1.1" 404 169 "-" "Caffeinated/1.1.1 CFNetwork/520.3.2 Darwin/11.3.0 (x86_64) (MacBookPro8%2C1)"
78.12.158.200 - - [27/Mar/2012:13:48:22 -0700] "GET /r/1zuw HTTP/1.1" 301 257 "-" "Mozilla/5.0 (Windows NT 6.1; WOW64; rv:11.0) Gecko/20100101 Firefox/11.0"
78.12.158.200 - - [27/Mar/2012:13:48:23 -0700] "GET /s/ta/1zuw/ HTTP/1.1" 302 485 "-" "Mozilla/5.0 (Windows NT 6.1; WOW64; rv:11.0) Gecko/20100101 Firefox/11.0"
98.172.15.254 - - [27/Mar/2012:13:49:07 -0700] "GET /favicon.ico HTTP/1.1" 404 169 "-" "Caffeinated/1.1.1 CFNetwork/520.3.2 Darwin/11.3.0 (x86_64) (MacBookPro8%2C1)"
178.3.162.247 - - [27/Mar/2012:13:49:44 -0700] "GET /r/ad0 HTTP/1.1" 301 255 "http://www.inaippu.blog.com/" "Mozilla/5.0 (Windows NT 6.1; WOW64) AppleWebKit/535.11 (KHTML, like Gecko) Chrome/17.0.963.83 Safari/535.11"
178.3.162.247 - - [27/Mar/2012:13:49:45 -0700] "GET /s/ta/ad0/ HTTP/1.1" 302 741 "http://www.inaippu.blog.com/" "Mozilla/5.0 (Windows NT 6.1; WOW64) AppleWebKit/535.11 (KHTML, like Gecko) Chrome/17.0.963.83 Safari/535.11"
98.172.15.254 - - [27/Mar/2012:13:49:50 -0700] "GET /favicon.ico HTTP/1.1" 404 169 "-" "Caffeinated/1.1.1 CFNetwork/520.3.2 Darwin/11.3.0 (x86_64) (MacBookPro8%2C1)"
98.172.15.254 - - [27/Mar/2012:13:50:35 -0700] "GET /favicon.ico HTTP/1.1" 404 169 "-" "Caffeinated/1.1.1 CFNetwork/520.3.2 Darwin/11.3.0 (x86_64) (MacBookPro8%2C1)"
98.172.15.254 - - [27/Mar/2012:13:51:17 -0700] "GET / HTTP/1.1" 304 0 "-" "Caffeinated/1.1.1 CFNetwork/520.3.2 Darwin/11.3.0 (x86_64) (MacBookPro8%2C1)"
98.172.15.254 - - [27/Mar/2012:13:51:17 -0700] "GET /favicon.ico HTTP/1.1" 404 169 "-" "Caffeinated/1.1.1 CFNetwork/520.3.2 Darwin/11.3.0 (x86_64) (MacBookPro8%2C1)"
98.172.15.254 - - [27/Mar/2012:13:52:00 -0700] "GET /favicon.ico HTTP/1.1" 404 169 "-" "Caffeinated/1.1.1 CFNetwork/520.3.2 Darwin/11.3.0 (x86_64) (MacBookPro8%2C1)"
98.172.15.254 - - [27/Mar/2012:13:52:44 -0700] "GET /favicon.ico HTTP/1.1" 404 169 "-" "Caffeinated/1.1.1 CFNetwork/520.3.2 Darwin/11.3.0 (x86_64) (MacBookPro8%2C1)"
98.172.15.254 - - [27/Mar/2012:13:53:25 -0700] "GET /favicon.ico HTTP/1.1" 404 169 "-" "Caffeinated/1.1.1 CFNetwork/520.3.2 Darwin/11.3.0 (x86_64) (MacBookPro8%2C1)"
204.236.244.115 - - [27/Mar/2012:13:53:59 -0700] "GET /robots.txt HTTP/1.1" 404 142 "" "EC2LinkFinder"
204.236.244.115 - - [27/Mar/2012:13:53:59 -0700] "GET / HTTP/1.1" 200 1430 "" "EC2LinkFinder"
204.236.244.115 - - [27/Mar/2012:13:54:01 -0700] "GET /blog HTTP/1.1" 301 178 "" "EC2LinkFinder"
85.17.88.169 - - [27/Mar/2012:13:54:03 -0700] "POST /blog/wp-cron.php?doing_wp_cron=1332881430 HTTP/1.0" 499 0 "-" "WordPress/3.3.1; http://yuvi.in/blog"
204.236.244.115 - - [27/Mar/2012:13:54:03 -0700] "GET /blog/ HTTP/1.1" 200 9193 "" "EC2LinkFinder"
204.236.244.115 - - [27/Mar/2012:13:54:04 -0700] "GET /stories HTTP/1.1" 301 185 "" "EC2LinkFinder"
204.236.244.115 - - [27/Mar/2012:13:54:04 -0700] "GET /stories/ HTTP/1.1" 200 1271 "" "EC2LinkFinder"
85.17.88.169 - - [27/Mar/2012:13:54:07 -0700] "POST /blog/wp-cron.php?doing_wp_cron=1332881435 HTTP/1.0" 499 0 "-" "WordPress/3.3.1; http://yuvi.in/blog"
204.236.244.115 - - [27/Mar/2012:13:54:08 -0700] "GET /blog/index.html HTTP/1.1" 404 3016 "" "EC2LinkFinder"
85.17.88.169 - - [27/Mar/2012:13:54:11 -0700] "POST /blog/wp-cron.php?doing_wp_cron=1332881438 HTTP/1.0" 499 0 "-" "WordPress/3.3.1; http://yuvi.in/blog"
204.236.244.115 - - [27/Mar/2012:13:54:11 -0700] "GET /blog/category/code HTTP/1.1" 301 0 "" "EC2LinkFinder"
85.17.88.169 - - [27/Mar/2012:13:54:13 -0700] "POST /blog/wp-cron.php?doing_wp_cron=1332881440 HTTP/1.0" 499 0 "-" "WordPress/3.3.1; http://yuvi.in/blog"
204.236.244.115 - - [27/Mar/2012:13:54:13 -0700] "GET /blog/category/code/ HTTP/1.1" 200 11067 "" "EC2LinkFinder"
85.17.88.169 - - [27/Mar/2012:13:54:16 -0700] "POST /blog/wp-cron.php?doing_wp_cron=1332881444 HTTP/1.0" 499 0 "-" "WordPress/3.3.1; http://yuvi.in/blog"
204.236.244.115 - - [27/Mar/2012:13:54:17 -0700] "GET /blog/my-vimrc HTTP/1.1" 301 0 "" "EC2LinkFinder"
85.17.88.169 - - [27/Mar/2012:13:54:19 -0700] "POST /blog/wp-cron.php?doing_wp_cron=1332881446 HTTP/1.0" 499 0 "-" "WordPress/3.3.1; http://yuvi.in/blog"
204.236.244.115 - - [27/Mar/2012:13:54:19 -0700] "GET /blog/my-vimrc/ HTTP/1.1" 200 4114 "" "EC2LinkFinder"
85.17.88.169 - - [27/Mar/2012:13:54:22 -0700] "POST /blog/wp-cron.php?doing_wp_cron=1332881449 HTTP/1.0" 499 0 "-" "WordPress/3.3.1; http://yuvi.in/blog"
204.236.244.115 - - [27/Mar/2012:13:54:22 -0700] "GET /blog/category/personal HTTP/1.1" 301 0 "" "EC2LinkFinder"
98.172.15.254 - - [27/Mar/2012:13:54:24 -0700] "GET /favicon.ico HTTP/1.1" 404 169 "-" "Caffeinated/1.1.1 CFNetwork/520.3.2 Darwin/11.3.0 (x86_64) (MacBookPro8%2C1)"
85.17.88.169 - - [27/Mar/2012:13:54:24 -0700] "POST /blog/wp-cron.php?doing_wp_cron=1332881452 HTTP/1.0" 499 0 "-" "WordPress/3.3.1; http://yuvi.in/blog"
204.236.244.115 - - [27/Mar/2012:13:54:24 -0700] "GET /blog/category/personal/ HTTP/1.1" 200 14318 "" "EC2LinkFinder"
85.17.88.169 - - [27/Mar/2012:13:54:27 -0700] "POST /blog/wp-cron.php?doing_wp_cron=1332881455 HTTP/1.0" 499 0 "-" "WordPress/3.3.1; http://yuvi.in/blog"
204.236.244.115 - - [27/Mar/2012:13:54:28 -0700] "GET /blog/college-drop HTTP/1.1" 301 0 "" "EC2LinkFinder"
85.17.88.169 - - [27/Mar/2012:13:54:30 -0700] "POST /blog/wp-cron.php?doing_wp_cron=1332881457 HTTP/1.0" 499 0 "-" "WordPress/3.3.1; http://yuvi.in/blog"
204.236.244.115 - - [27/Mar/2012:13:54:30 -0700] "GET /blog/college-drop/ HTTP/1.1" 200 4509 "" "EC2LinkFinder"
85.17.88.169 - - [27/Mar/2012:13:54:33 -0700] "POST /blog/wp-cron.php?doing_wp_cron=1332881460 HTTP/1.0" 499 0 "-" "WordPress/3.3.1; http://yuvi.in/blog"
204.236.244.115 - - [27/Mar/2012:13:54:33 -0700] "GET /blog/passing-headers-proxying-nginx HTTP/1.1" 301 0 "" "EC2LinkFinder"
85.17.88.169 - - [27/Mar/2012:13:54:35 -0700] "POST /blog/wp-cron.php?doing_wp_cron=1332881463 HTTP/1.0" 499 0 "-" "WordPress/3.3.1; http://yuvi.in/blog"
204.236.244.115 - - [27/Mar/2012:13:54:35 -0700] "GET /blog/passing-headers-proxying-nginx/ HTTP/1.1" 200 4279 "" "EC2LinkFinder"
85.17.88.169 - - [27/Mar/2012:13:54:38 -0700] "POST /blog/wp-cron.php?doing_wp_cron=1332881466 HTTP/1.0" 499 0 "-" "WordPress/3.3.1; http://yuvi.in/blog"
204.236.244.115 - - [27/Mar/2012:13:54:39 -0700] "GET /blog/program HTTP/1.1" 301 0 "" "EC2LinkFinder"
85.17.88.169 - - [27/Mar/2012:13:54:40 -0700] "POST /blog/wp-cron.php?doing_wp_cron=1332881468 HTTP/1.0" 499 0 "-" "WordPress/3.3.1; http://yuvi.in/blog"
204.236.244.115 - - [27/Mar/2012:13:54:41 -0700] "GET /blog/program/ HTTP/1.1" 200 7451 "" "EC2LinkFinder"
85.17.88.169 - - [27/Mar/2012:13:54:44 -0700] "POST /blog/wp-cron.php?doing_wp_cron=1332881471 HTTP/1.0" 499 0 "-" "WordPress/3.3.1; http://yuvi.in/blog"
204.236.244.115 - - [27/Mar/2012:13:54:44 -0700] "GET /blog/category/devlog HTTP/1.1" 301 0 "" "EC2LinkFinder"
85.17.88.169 - - [27/Mar/2012:13:54:46 -0700] "POST /blog/wp-cron.php?doing_wp_cron=1332881473 HTTP/1.0" 499 0 "-" "WordPress/3.3.1; http://yuvi.in/blog"
204.236.244.115 - - [27/Mar/2012:13:54:46 -0700] "GET /blog/category/devlog/ HTTP/1.1" 200 13379 "" "EC2LinkFinder"
85.17.88.169 - - [27/Mar/2012:13:54:49 -0700] "POST /blog/wp-cron.php?doing_wp_cron=1332881477 HTTP/1.0" 499 0 "-" "WordPress/3.3.1; http://yuvi.in/blog"
204.236.244.115 - - [27/Mar/2012:13:54:50 -0700] "GET /blog/devlog-december-26-2011 HTTP/1.1" 301 0 "" "EC2LinkFinder"
85.17.88.169 - - [27/Mar/2012:13:54:51 -0700] "POST /blog/wp-cron.php?doing_wp_cron=1332881479 HTTP/1.0" 499 0 "-" "WordPress/3.3.1; http://yuvi.in/blog"
204.236.244.115 - - [27/Mar/2012:13:54:51 -0700] "GET /blog/devlog-december-26-2011/ HTTP/1.1" 200 4355 "" "EC2LinkFinder"
85.17.88.169 - - [27/Mar/2012:13:54:55 -0700] "POST /blog/wp-cron.php?doing_wp_cron=1332881482 HTTP/1.0" 499 0 "-" "WordPress/3.3.1; http://yuvi.in/blog"
204.236.244.115 - - [27/Mar/2012:13:54:55 -0700] "GET /blog/devlog-december-23-2011 HTTP/1.1" 301 0 "" "EC2LinkFinder"
85.17.88.169 - - [27/Mar/2012:13:54:57 -0700] "POST /blog/wp-cron.php?doing_wp_cron=1332881484 HTTP/1.0" 499 0 "-" "WordPress/3.3.1; http://yuvi.in/blog"
204.236.244.115 - - [27/Mar/2012:13:54:57 -0700] "GET /blog/devlog-december-23-2011/ HTTP/1.1" 200 4279 "" "EC2LinkFinder"
85.17.88.169 - - [27/Mar/2012:13:55:00 -0700] "POST /blog/wp-cron.php?doing_wp_cron=1332881488 HTTP/1.0" 499 0 "-" "WordPress/3.3.1; http://yuvi.in/blog"
204.236.244.115 - - [27/Mar/2012:13:55:01 -0700] "GET /blog/devlog-december-21-2011 HTTP/1.1" 301 0 "" "EC2LinkFinder"
85.17.88.169 - - [27/Mar/2012:13:55:03 -0700] "POST /blog/wp-cron.php?doing_wp_cron=1332881490 HTTP/1.0" 499 0 "-" "WordPress/3.3.1; http://yuvi.in/blog"
204.236.244.115 - - [27/Mar/2012:13:55:03 -0700] "GET /blog/devlog-december-21-2011/ HTTP/1.1" 200 4628 "" "EC2LinkFinder"
85.17.88.169 - - [27/Mar/2012:13:55:06 -0700] "POST /blog/wp-cron.php?doing_wp_cron=1332881493 HTTP/1.0" 499 0 "-" "WordPress/3.3.1; http://yuvi.in/blog"
204.236.244.115 - - [27/Mar/2012:13:55:06 -0700] "GET /blog/devlog-december-11-2011 HTTP/1.1" 301 0 "" "EC2LinkFinder"
85.17.88.169 - - [27/Mar/2012:13:55:08 -0700] "POST /blog/wp-cron.php?doing_wp_cron=1332881496 HTTP/1.0" 499 0 "-" "WordPress/3.3.1; http://yuvi.in/blog"
204.236.244.115 - - [27/Mar/2012:13:55:08 -0700] "GET /blog/devlog-december-11-2011/ HTTP/1.1" 200 4309 "" "EC2LinkFinder"
208.115.113.84 - - [27/Mar/2012:13:55:10 -0700] "GET /robots.txt HTTP/1.1" 404 169 "-" "Mozilla/5.0 (compatible; Ezooms/1.0; ezooms.bot@gmail.com)"
85.17.88.169 - - [27/Mar/2012:13:55:11 -0700] "POST /blog/wp-cron.php?doing_wp_cron=1332881499 HTTP/1.0" 499 0 "-" "WordPress/3.3.1; http://yuvi.in/blog"
204.236.244.115 - - [27/Mar/2012:13:55:12 -0700] "GET /blog/devlog-december-10-2011 HTTP/1.1" 301 0 "" "EC2LinkFinder"
85.17.88.169 - - [27/Mar/2012:13:55:13 -0700] "POST /blog/wp-cron.php?doing_wp_cron=1332881501 HTTP/1.0" 499 0 "-" "WordPress/3.3.1; http://yuvi.in/blog"
204.236.244.115 - - [27/Mar/2012:13:55:13 -0700] "GET /blog/devlog-december-10-2011/ HTTP/1.1" 200 4199 "" "EC2LinkFinder"
85.17.88.169 - - [27/Mar/2012:13:55:16 -0700] "POST /blog/wp-cron.php?doing_wp_cron=1332881504 HTTP/1.0" 499 0 "-" "WordPress/3.3.1; http://yuvi.in/blog"
204.236.244.115 - - [27/Mar/2012:13:55:17 -0700] "GET /blog/devlog-december-7-2011 HTTP/1.1" 301 0 "" "EC2LinkFinder"
85.17.88.169 - - [27/Mar/2012:13:55:19 -0700] "POST /blog/wp-cron.php?doing_wp_cron=1332881506 HTTP/1.0" 499 0 "-" "WordPress/3.3.1; http://yuvi.in/blog"
204.236.244.115 - - [27/Mar/2012:13:55:19 -0700] "GET /blog/devlog-december-7-2011/ HTTP/1.1" 200 4469 "" "EC2LinkFinder"
98.172.15.254 - - [27/Mar/2012:13:55:22 -0700] "GET /favicon.ico HTTP/1.1" 404 169 "-" "Caffeinated/1.1.1 CFNetwork/520.3.2 Darwin/11.3.0 (x86_64) (MacBookPro8%2C1)"
85.17.88.169 - - [27/Mar/2012:13:55:22 -0700] "POST /blog/wp-cron.php?doing_wp_cron=1332881509 HTTP/1.0" 499 0 "-" "WordPress/3.3.1; http://yuvi.in/blog"
204.236.244.115 - - [27/Mar/2012:13:55:22 -0700] "GET /blog/page/2 HTTP/1.1" 301 0 "" "EC2LinkFinder"
85.17.88.169 - - [27/Mar/2012:13:55:24 -0700] "POST /blog/wp-cron.php?doing_wp_cron=1332881512 HTTP/1.0" 499 0 "-" "WordPress/3.3.1; http://yuvi.in/blog"
204.236.244.115 - - [27/Mar/2012:13:55:25 -0700] "GET /blog/page/2/ HTTP/1.1" 200 22954 "" "EC2LinkFinder"
85.17.88.169 - - [27/Mar/2012:13:55:28 -0700] "POST /blog/wp-cron.php?doing_wp_cron=1332881515 HTTP/1.0" 499 0 "-" "WordPress/3.3.1; http://yuvi.in/blog"
204.236.244.115 - - [27/Mar/2012:13:55:28 -0700] "GET /blog/category/education HTTP/1.1" 301 0 "" "EC2LinkFinder"
85.17.88.169 - - [27/Mar/2012:13:55:30 -0700] "POST /blog/wp-cron.php?doing_wp_cron=1332881518 HTTP/1.0" 499 0 "-" "WordPress/3.3.1; http://yuvi.in/blog"
204.236.244.115 - - [27/Mar/2012:13:55:30 -0700] "GET /blog/category/education/ HTTP/1.1" 200 14721 "" "EC2LinkFinder"
85.17.88.169 - - [27/Mar/2012:13:55:33 -0700] "POST /blog/wp-cron.php?doing_wp_cron=1332881521 HTTP/1.0" 499 0 "-" "WordPress/3.3.1; http://yuvi.in/blog"
204.236.244.115 - - [27/Mar/2012:13:55:34 -0700] "GET /blog/category/events HTTP/1.1" 301 0 "" "EC2LinkFinder"
85.17.88.169 - - [27/Mar/2012:13:55:36 -0700] "POST /blog/wp-cron.php?doing_wp_cron=1332881523 HTTP/1.0" 499 0 "-" "WordPress/3.3.1; http://yuvi.in/blog"
204.236.244.115 - - [27/Mar/2012:13:55:36 -0700] "GET /blog/category/events/ HTTP/1.1" 200 12502 "" "EC2LinkFinder"
85.17.88.169 - - [27/Mar/2012:13:55:39 -0700] "POST /blog/wp-cron.php?doing_wp_cron=1332881526 HTTP/1.0" 499 0 "-" "WordPress/3.3.1; http://yuvi.in/blog"
204.236.244.115 - - [27/Mar/2012:13:55:39 -0700] "GET /blog/category/so-called-it HTTP/1.1" 301 0 "" "EC2LinkFinder"
85.17.88.169 - - [27/Mar/2012:13:55:41 -0700] "POST /blog/wp-cron.php?doing_wp_cron=1332881529 HTTP/1.0" 499 0 "-" "WordPress/3.3.1; http://yuvi.in/blog"
204.236.244.115 - - [27/Mar/2012:13:55:41 -0700] "GET /blog/category/so-called-it/ HTTP/1.1" 200 11661 "" "EC2LinkFinder"
85.17.88.169 - - [27/Mar/2012:13:55:44 -0700] "POST /blog/wp-cron.php?doing_wp_cron=1332881532 HTTP/1.0" 499 0 "-" "WordPress/3.3.1; http://yuvi.in/blog"
204.236.244.115 - - [27/Mar/2012:13:55:45 -0700] "GET /blog/category/uncategorized HTTP/1.1" 301 0 "" "EC2LinkFinder"
85.17.88.169 - - [27/Mar/2012:13:55:47 -0700] "POST /blog/wp-cron.php?doing_wp_cron=1332881534 HTTP/1.0" 499 0 "-" "WordPress/3.3.1; http://yuvi.in/blog"
204.236.244.115 - - [27/Mar/2012:13:55:47 -0700] "GET /blog/category/uncategorized/ HTTP/1.1" 200 20201 "" "EC2LinkFinder"
85.17.88.169 - - [27/Mar/2012:13:55:50 -0700] "POST /blog/wp-cron.php?doing_wp_cron=1332881538 HTTP/1.0" 499 0 "-" "WordPress/3.3.1; http://yuvi.in/blog"
204.236.244.115 - - [27/Mar/2012:13:55:51 -0700] "GET /blog/tag/algorithm HTTP/1.1" 301 0 "" "EC2LinkFinder"
98.172.15.254 - - [27/Mar/2012:13:55:51 -0700] "GET /favicon.ico HTTP/1.1" 404 169 "-" "Caffeinated/1.1.1 CFNetwork/520.3.2 Darwin/11.3.0 (x86_64) (MacBookPro8%2C1)"
85.17.88.169 - - [27/Mar/2012:13:55:52 -0700] "POST /blog/wp-cron.php?doing_wp_cron=1332881540 HTTP/1.0" 499 0 "-" "WordPress/3.3.1; http://yuvi.in/blog"
204.236.244.115 - - [27/Mar/2012:13:55:53 -0700] "GET /blog/tag/algorithm/ HTTP/1.1" 200 3941 "" "EC2LinkFinder"
85.17.88.169 - - [27/Mar/2012:13:55:55 -0700] "POST /blog/wp-cron.php?doing_wp_cron=1332881543 HTTP/1.0" 499 0 "-" "WordPress/3.3.1; http://yuvi.in/blog"
204.236.244.115 - - [27/Mar/2012:13:55:56 -0700] "GET /blog/tag/android HTTP/1.1" 301 0 "" "EC2LinkFinder"
85.17.88.169 - - [27/Mar/2012:13:55:58 -0700] "POST /blog/wp-cron.php?doing_wp_cron=1332881545 HTTP/1.0" 499 0 "-" "WordPress/3.3.1; http://yuvi.in/blog"
204.236.244.115 - - [27/Mar/2012:13:55:58 -0700] "GET /blog/tag/android/ HTTP/1.1" 200 5037 "" "EC2LinkFinder"
85.17.88.169 - - [27/Mar/2012:13:56:01 -0700] "POST /blog/wp-cron.php?doing_wp_cron=1332881548 HTTP/1.0" 499 0 "-" "WordPress/3.3.1; http://yuvi.in/blog"
204.236.244.115 - - [27/Mar/2012:13:56:01 -0700] "GET /blog/tag/anniversary HTTP/1.1" 301 0 "" "EC2LinkFinder"
85.17.88.169 - - [27/Mar/2012:13:56:03 -0700] "POST /blog/wp-cron.php?doing_wp_cron=1332881551 HTTP/1.0" 499 0 "-" "WordPress/3.3.1; http://yuvi.in/blog"
204.236.244.115 - - [27/Mar/2012:13:56:03 -0700] "GET /blog/tag/anniversary/ HTTP/1.1" 200 3860 "" "EC2LinkFinder"
85.17.88.169 - - [27/Mar/2012:13:56:06 -0700] "POST /blog/wp-cron.php?doing_wp_cron=1332881554 HTTP/1.0" 499 0 "-" "WordPress/3.3.1; http://yuvi.in/blog"
204.236.244.115 - - [27/Mar/2012:13:56:07 -0700] "GET /blog/tag/answers HTTP/1.1" 301 0 "" "EC2LinkFinder"
85.17.88.169 - - [27/Mar/2012:13:56:08 -0700] "POST /blog/wp-cron.php?doing_wp_cron=1332881556 HTTP/1.0" 499 0 "-" "WordPress/3.3.1; http://yuvi.in/blog"
204.236.244.115 - - [27/Mar/2012:13:56:09 -0700] "GET /blog/tag/answers/ HTTP/1.1" 200 4628 "" "EC2LinkFinder"
85.17.88.169 - - [27/Mar/2012:13:56:12 -0700] "POST /blog/wp-cron.php?doing_wp_cron=1332881559 HTTP/1.0" 499 0 "-" "WordPress/3.3.1; http://yuvi.in/blog"
204.236.244.115 - - [27/Mar/2012:13:56:12 -0700] "GET /blog/tag/athiesm HTTP/1.1" 301 0 "" "EC2LinkFinder"
85.17.88.169 - - [27/Mar/2012:13:56:13 -0700] "POST /blog/wp-cron.php?doing_wp_cron=1332881561 HTTP/1.0" 499 0 "-" "WordPress/3.3.1; http://yuvi.in/blog"
204.236.244.115 - - [27/Mar/2012:13:56:14 -0700] "GET /blog/tag/athiesm/ HTTP/1.1" 200 4630 "" "EC2LinkFinder"
85.17.88.169 - - [27/Mar/2012:13:56:17 -0700] "POST /blog/wp-cron.php?doing_wp_cron=1332881564 HTTP/1.0" 499 0 "-" "WordPress/3.3.1; http://yuvi.in/blog"
204.236.244.115 - - [27/Mar/2012:13:56:17 -0700] "GET /blog/tag/atleast-not-yet HTTP/1.1" 301 0 "" "EC2LinkFinder"
85.17.88.169 - - [27/Mar/2012:13:56:19 -0700] "POST /blog/wp-cron.php?doing_wp_cron=1332881566 HTTP/1.0" 499 0 "-" "WordPress/3.3.1; http://yuvi.in/blog"
204.236.244.115 - - [27/Mar/2012:13:56:19 -0700] "GET /blog/tag/atleast-not-yet/ HTTP/1.1" 200 3621 "" "EC2LinkFinder"
85.17.88.169 - - [27/Mar/2012:13:56:22 -0700] "POST /blog/wp-cron.php?doing_wp_cron=1332881569 HTTP/1.0" 499 0 "-" "WordPress/3.3.1; http://yuvi.in/blog"
204.236.244.115 - - [27/Mar/2012:13:56:22 -0700] "GET /blog/tag/bigco HTTP/1.1" 301 0 "" "EC2LinkFinder"
85.17.88.169 - - [27/Mar/2012:13:56:24 -0700] "POST /blog/wp-cron.php?doing_wp_cron=1332881572 HTTP/1.0" 499 0 "-" "WordPress/3.3.1; http://yuvi.in/blog"
204.236.244.115 - - [27/Mar/2012:13:56:24 -0700] "GET /blog/tag/bigco/ HTTP/1.1" 200 4550 "" "EC2LinkFinder"
85.17.88.169 - - [27/Mar/2012:13:56:27 -0700] "POST /blog/wp-cron.php?doing_wp_cron=1332881575 HTTP/1.0" 499 0 "-" "WordPress/3.3.1; http://yuvi.in/blog"
204.236.244.115 - - [27/Mar/2012:13:56:28 -0700] "GET /blog/tag/bigotry HTTP/1.1" 301 0 "" "EC2LinkFinder"
85.17.88.169 - - [27/Mar/2012:13:56:29 -0700] "POST /blog/wp-cron.php?doing_wp_cron=1332881577 HTTP/1.0" 499 0 "-" "WordPress/3.3.1; http://yuvi.in/blog"
204.236.244.115 - - [27/Mar/2012:13:56:30 -0700] "GET /blog/tag/bigotry/ HTTP/1.1" 200 4631 "" "EC2LinkFinder"
85.17.88.169 - - [27/Mar/2012:13:56:33 -0700] "POST /blog/wp-cron.php?doing_wp_cron=1332881580 HTTP/1.0" 499 0 "-" "WordPress/3.3.1; http://yuvi.in/blog"
204.236.244.115 - - [27/Mar/2012:13:56:33 -0700] "GET /blog/tag/blogging HTTP/1.1" 301 0 "" "EC2LinkFinder"
85.17.88.169 - - [27/Mar/2012:13:56:35 -0700] "POST /blog/wp-cron.php?doing_wp_cron=1332881582 HTTP/1.0" 499 0 "-" "WordPress/3.3.1; http://yuvi.in/blog"
204.236.244.115 - - [27/Mar/2012:13:56:35 -0700] "GET /blog/tag/blogging/ HTTP/1.1" 200 3857 "" "EC2LinkFinder"
85.17.88.169 - - [27/Mar/2012:13:56:38 -0700] "POST /blog/wp-cron.php?doing_wp_cron=1332881585 HTTP/1.0" 499 0 "-" "WordPress/3.3.1; http://yuvi.in/blog"
204.236.244.115 - - [27/Mar/2012:13:56:38 -0700] "GET /blog/tag/book HTTP/1.1" 301 0 "" "EC2LinkFinder"
85.17.88.169 - - [27/Mar/2012:13:56:40 -0700] "POST /blog/wp-cron.php?doing_wp_cron=1332881588 HTTP/1.0" 499 0 "-" "WordPress/3.3.1; http://yuvi.in/blog"
204.236.244.115 - - [27/Mar/2012:13:56:40 -0700] "GET /blog/tag/book/ HTTP/1.1" 200 4237 "" "EC2LinkFinder"
85.17.88.169 - - [27/Mar/2012:13:56:43 -0700] "POST /blog/wp-cron.php?doing_wp_cron=1332881591 HTTP/1.0" 499 0 "-" "WordPress/3.3.1; http://yuvi.in/blog"
204.236.244.115 - - [27/Mar/2012:13:56:44 -0700] "GET /blog/tag/code HTTP/1.1" 301 0 "" "EC2LinkFinder"
85.17.88.169 - - [27/Mar/2012:13:56:45 -0700] "POST /blog/wp-cron.php?doing_wp_cron=1332881593 HTTP/1.0" 499 0 "-" "WordPress/3.3.1; http://yuvi.in/blog"
204.236.244.115 - - [27/Mar/2012:13:56:46 -0700] "GET /blog/tag/code/ HTTP/1.1" 200 8169 "" "EC2LinkFinder"
98.172.15.254 - - [27/Mar/2012:13:56:48 -0700] "GET / HTTP/1.1" 304 0 "-" "Caffeinated/1.1.1 CFNetwork/520.3.2 Darwin/11.3.0 (x86_64) (MacBookPro8%2C1)"
98.172.15.254 - - [27/Mar/2012:13:56:49 -0700] "GET /favicon.ico HTTP/1.1" 404 169 "-" "Caffeinated/1.1.1 CFNetwork/520.3.2 Darwin/11.3.0 (x86_64) (MacBookPro8%2C1)"
85.17.88.169 - - [27/Mar/2012:13:56:49 -0700] "POST /blog/wp-cron.php?doing_wp_cron=1332881596 HTTP/1.0" 499 0 "-" "WordPress/3.3.1; http://yuvi.in/blog"
204.236.244.115 - - [27/Mar/2012:13:56:49 -0700] "GET /blog/tag/crime HTTP/1.1" 301 0 "" "EC2LinkFinder"
85.17.88.169 - - [27/Mar/2012:13:56:51 -0700] "POST /blog/wp-cron.php?doing_wp_cron=1332881599 HTTP/1.0" 499 0 "-" "WordPress/3.3.1; http://yuvi.in/blog"
204.236.244.115 - - [27/Mar/2012:13:56:51 -0700] "GET /blog/tag/crime/ HTTP/1.1" 200 7551 "" "EC2LinkFinder"
85.17.88.169 - - [27/Mar/2012:13:56:54 -0700] "POST /blog/wp-cron.php?doing_wp_cron=1332881602 HTTP/1.0" 499 0 "-" "WordPress/3.3.1; http://yuvi.in/blog"
204.236.244.115 - - [27/Mar/2012:13:56:55 -0700] "GET /blog/tag/devlog HTTP/1.1" 301 0 "" "EC2LinkFinder"
85.17.88.169 - - [27/Mar/2012:13:56:56 -0700] "POST /blog/wp-cron.php?doing_wp_cron=1332881604 HTTP/1.0" 499 0 "-" "WordPress/3.3.1; http://yuvi.in/blog"
204.236.244.115 - - [27/Mar/2012:13:56:57 -0700] "GET /blog/tag/devlog/ HTTP/1.1" 200 14554 "" "EC2LinkFinder"
85.17.88.169 - - [27/Mar/2012:13:57:00 -0700] "POST /blog/wp-cron.php?doing_wp_cron=1332881607 HTTP/1.0" 499 0 "-" "WordPress/3.3.1; http://yuvi.in/blog"
204.236.244.115 - - [27/Mar/2012:13:57:00 -0700] "GET /blog/tag/devlog-dec-2011 HTTP/1.1" 301 0 "" "EC2LinkFinder"
85.17.88.169 - - [27/Mar/2012:13:57:02 -0700] "POST /blog/wp-cron.php?doing_wp_cron=1332881610 HTTP/1.0" 499 0 "-" "WordPress/3.3.1; http://yuvi.in/blog"
204.236.244.115 - - [27/Mar/2012:13:57:02 -0700] "GET /blog/tag/devlog-dec-2011/ HTTP/1.1" 200 4152 "" "EC2LinkFinder"
85.17.88.169 - - [27/Mar/2012:13:57:05 -0700] "POST /blog/wp-cron.php?doing_wp_cron=1332881613 HTTP/1.0" 499 0 "-" "WordPress/3.3.1; http://yuvi.in/blog"
204.236.244.115 - - [27/Mar/2012:13:57:06 -0700] "GET /blog/tag/education HTTP/1.1" 301 0 "" "EC2LinkFinder"
85.17.88.169 - - [27/Mar/2012:13:57:07 -0700] "POST /blog/wp-cron.php?doing_wp_cron=1332881615 HTTP/1.0" 499 0 "-" "WordPress/3.3.1; http://yuvi.in/blog"
204.236.244.115 - - [27/Mar/2012:13:57:08 -0700] "GET /blog/tag/education/ HTTP/1.1" 200 9895 "" "EC2LinkFinder"
85.17.88.169 - - [27/Mar/2012:13:57:11 -0700] "POST /blog/wp-cron.php?doing_wp_cron=1332881618 HTTP/1.0" 499 0 "-" "WordPress/3.3.1; http://yuvi.in/blog"
204.236.244.115 - - [27/Mar/2012:13:57:11 -0700] "GET /blog/tag/fiction HTTP/1.1" 301 0 "" "EC2LinkFinder"
85.17.88.169 - - [27/Mar/2012:13:57:13 -0700] "POST /blog/wp-cron.php?doing_wp_cron=1332881620 HTTP/1.0" 499 0 "-" "WordPress/3.3.1; http://yuvi.in/blog"
204.236.244.115 - - [27/Mar/2012:13:57:13 -0700] "GET /blog/tag/fiction/ HTTP/1.1" 200 4128 "" "EC2LinkFinder"
85.17.88.169 - - [27/Mar/2012:13:57:16 -0700] "POST /blog/wp-cron.php?doing_wp_cron=1332881624 HTTP/1.0" 499 0 "-" "WordPress/3.3.1; http://yuvi.in/blog"
204.236.244.115 - - [27/Mar/2012:13:57:16 -0700] "GET /blog/tag/flipkart HTTP/1.1" 301 0 "" "EC2LinkFinder"
85.17.88.169 - - [27/Mar/2012:13:57:18 -0700] "POST /blog/wp-cron.php?doing_wp_cron=1332881626 HTTP/1.0" 499 0 "-" "WordPress/3.3.1; http://yuvi.in/blog"
204.236.244.115 - - [27/Mar/2012:13:57:18 -0700] "GET /blog/tag/flipkart/ HTTP/1.1" 200 4392 "" "EC2LinkFinder"
98.172.15.254 - - [27/Mar/2012:13:57:19 -0700] "GET /favicon.ico HTTP/1.1" 404 169 "-" "Caffeinated/1.1.1 CFNetwork/520.3.2 Darwin/11.3.0 (x86_64) (MacBookPro8%2C1)"
84.208.224.142 - - [27/Mar/2012:13:57:20 -0700] "GET /r/0 HTTP/1.1" 301 251 "http://ta.wikipedia.org/wiki/%E0%AE%AA%E0%AE%9F%E0%AE%BF%E0%AE%AE%E0%AE%AE%E0%AF%8D:Saudi_Arabia_in_its_region.svg" "Mozilla/4.0 (compatible; MSIE 6.0; Windows NT 5.1; SV1)"
84.208.224.142 - - [27/Mar/2012:13:57:21 -0700] "GET /s/ta/0/ HTTP/1.1" 502 575 "http://ta.wikipedia.org/wiki/%E0%AE%AA%E0%AE%9F%E0%AE%BF%E0%AE%AE%E0%AE%AE%E0%AF%8D:Saudi_Arabia_in_its_region.svg" "Mozilla/4.0 (compatible; MSIE 6.0; Windows NT 5.1; SV1)"
85.17.88.169 - - [27/Mar/2012:13:57:21 -0700] "POST /blog/wp-cron.php?doing_wp_cron=1332881629 HTTP/1.0" 499 0 "-" "WordPress/3.3.1; http://yuvi.in/blog"
204.236.244.115 - - [27/Mar/2012:13:57:22 -0700] "GET /blog/tag/india HTTP/1.1" 301 0 "" "EC2LinkFinder"
85.17.88.169 - - [27/Mar/2012:13:57:24 -0700] "POST /blog/wp-cron.php?doing_wp_cron=1332881631 HTTP/1.0" 499 0 "-" "WordPress/3.3.1; http://yuvi.in/blog"
204.236.244.115 - - [27/Mar/2012:13:57:24 -0700] "GET /blog/tag/india/ HTTP/1.1" 200 8456 "" "EC2LinkFinder"
85.17.88.169 - - [27/Mar/2012:13:57:27 -0700] "POST /blog/wp-cron.php?doing_wp_cron=1332881634 HTTP/1.0" 499 0 "-" "WordPress/3.3.1; http://yuvi.in/blog"
204.236.244.115 - - [27/Mar/2012:13:57:27 -0700] "GET /blog/tag/interview HTTP/1.1" 301 0 "" "EC2LinkFinder"
85.17.88.169 - - [27/Mar/2012:13:57:29 -0700] "POST /blog/wp-cron.php?doing_wp_cron=1332881637 HTTP/1.0" 499 0 "-" "WordPress/3.3.1; http://yuvi.in/blog"
204.236.244.115 - - [27/Mar/2012:13:57:29 -0700] "GET /blog/tag/interview/ HTTP/1.1" 200 12715 "" "EC2LinkFinder"
85.17.88.169 - - [27/Mar/2012:13:57:32 -0700] "POST /blog/wp-cron.php?doing_wp_cron=1332881640 HTTP/1.0" 499 0 "-" "WordPress/3.3.1; http://yuvi.in/blog"
204.236.244.115 - - [27/Mar/2012:13:57:33 -0700] "GET /blog/tag/it HTTP/1.1" 301 0 "" "EC2LinkFinder"
85.17.88.169 - - [27/Mar/2012:13:57:35 -0700] "POST /blog/wp-cron.php?doing_wp_cron=1332881642 HTTP/1.0" 499 0 "-" "WordPress/3.3.1; http://yuvi.in/blog"
204.236.244.115 - - [27/Mar/2012:13:57:35 -0700] "GET /blog/tag/it/ HTTP/1.1" 200 3763 "" "EC2LinkFinder"
85.17.88.169 - - [27/Mar/2012:13:57:38 -0700] "POST /blog/wp-cron.php?doing_wp_cron=1332881645 HTTP/1.0" 499 0 "-" "WordPress/3.3.1; http://yuvi.in/blog"
204.236.244.115 - - [27/Mar/2012:13:57:38 -0700] "GET /blog/tag/js HTTP/1.1" 301 0 "" "EC2LinkFinder"
85.17.88.169 - - [27/Mar/2012:13:57:40 -0700] "POST /blog/wp-cron.php?doing_wp_cron=1332881647 HTTP/1.0" 499 0 "-" "WordPress/3.3.1; http://yuvi.in/blog"
204.236.244.115 - - [27/Mar/2012:13:57:40 -0700] "GET /blog/tag/js/ HTTP/1.1" 200 4232 "" "EC2LinkFinder"
85.17.88.169 - - [27/Mar/2012:13:57:43 -0700] "POST /blog/wp-cron.php?doing_wp_cron=1332881651 HTTP/1.0" 499 0 "-" "WordPress/3.3.1; http://yuvi.in/blog"
204.236.244.115 - - [27/Mar/2012:13:57:43 -0700] "GET /blog/tag/link HTTP/1.1" 301 0 "" "EC2LinkFinder"
85.17.88.169 - - [27/Mar/2012:13:57:45 -0700] "POST /blog/wp-cron.php?doing_wp_cron=1332881653 HTTP/1.0" 499 0 "-" "WordPress/3.3.1; http://yuvi.in/blog"
204.236.244.115 - - [27/Mar/2012:13:57:46 -0700] "GET /blog/tag/link/ HTTP/1.1" 200 6582 "" "EC2LinkFinder"
85.17.88.169 - - [27/Mar/2012:13:57:48 -0700] "POST /blog/wp-cron.php?doing_wp_cron=1332881656 HTTP/1.0" 499 0 "-" "WordPress/3.3.1; http://yuvi.in/blog"
204.236.244.115 - - [27/Mar/2012:13:57:49 -0700] "GET /blog/tag/note-to-future-self HTTP/1.1" 301 0 "" "EC2LinkFinder"
85.17.88.169 - - [27/Mar/2012:13:57:51 -0700] "POST /blog/wp-cron.php?doing_wp_cron=1332881658 HTTP/1.0" 499 0 "-" "WordPress/3.3.1; http://yuvi.in/blog"
204.236.244.115 - - [27/Mar/2012:13:57:51 -0700] "GET /blog/tag/note-to-future-self/ HTTP/1.1" 200 3891 "" "EC2LinkFinder"
85.17.88.169 - - [27/Mar/2012:13:57:54 -0700] "POST /blog/wp-cron.php?doing_wp_cron=1332881661 HTTP/1.0" 499 0 "-" "WordPress/3.3.1; http://yuvi.in/blog"
204.236.244.115 - - [27/Mar/2012:13:57:54 -0700] "GET /blog/tag/parenting HTTP/1.1" 301 0 "" "EC2LinkFinder"
85.17.88.169 - - [27/Mar/2012:13:57:56 -0700] "POST /blog/wp-cron.php?doing_wp_cron=1332881664 HTTP/1.0" 499 0 "-" "WordPress/3.3.1; http://yuvi.in/blog"
204.236.244.115 - - [27/Mar/2012:13:57:56 -0700] "GET /blog/tag/parenting/ HTTP/1.1" 200 4631 "" "EC2LinkFinder"
85.17.88.169 - - [27/Mar/2012:13:57:59 -0700] "POST /blog/wp-cron.php?doing_wp_cron=1332881667 HTTP/1.0" 499 0 "-" "WordPress/3.3.1; http://yuvi.in/blog"
204.236.244.115 - - [27/Mar/2012:13:58:00 -0700] "GET /blog/tag/personal HTTP/1.1" 301 0 "" "EC2LinkFinder"
85.17.88.169 - - [27/Mar/2012:13:58:01 -0700] "POST /blog/wp-cron.php?doing_wp_cron=1332881669 HTTP/1.0" 499 0 "-" "WordPress/3.3.1; http://yuvi.in/blog"
204.236.244.115 - - [27/Mar/2012:13:58:02 -0700] "GET /blog/tag/personal/ HTTP/1.1" 200 13384 "" "EC2LinkFinder"
85.17.88.169 - - [27/Mar/2012:13:58:05 -0700] "POST /blog/wp-cron.php?doing_wp_cron=1332881672 HTTP/1.0" 499 0 "-" "WordPress/3.3.1; http://yuvi.in/blog"
204.236.244.115 - - [27/Mar/2012:13:58:05 -0700] "GET /blog/tag/photo HTTP/1.1" 301 0 "" "EC2LinkFinder"
85.17.88.169 - - [27/Mar/2012:13:58:07 -0700] "POST /blog/wp-cron.php?doing_wp_cron=1332881675 HTTP/1.0" 499 0 "-" "WordPress/3.3.1; http://yuvi.in/blog"
204.236.244.115 - - [27/Mar/2012:13:58:07 -0700] "GET /blog/tag/photo/ HTTP/1.1" 200 4394 "" "EC2LinkFinder"
85.17.88.169 - - [27/Mar/2012:13:58:10 -0700] "POST /blog/wp-cron.php?doing_wp_cron=1332881678 HTTP/1.0" 499 0 "-" "WordPress/3.3.1; http://yuvi.in/blog"
204.236.244.115 - - [27/Mar/2012:13:58:11 -0700] "GET /blog/tag/photography HTTP/1.1" 301 0 "" "EC2LinkFinder"
85.17.88.169 - - [27/Mar/2012:13:58:12 -0700] "POST /blog/wp-cron.php?doing_wp_cron=1332881680 HTTP/1.0" 499 0 "-" "WordPress/3.3.1; http://yuvi.in/blog"
204.236.244.115 - - [27/Mar/2012:13:58:13 -0700] "GET /blog/tag/photography/ HTTP/1.1" 200 8377 "" "EC2LinkFinder"
85.17.88.169 - - [27/Mar/2012:13:58:16 -0700] "POST /blog/wp-cron.php?doing_wp_cron=1332881683 HTTP/1.0" 499 0 "-" "WordPress/3.3.1; http://yuvi.in/blog"
204.236.244.115 - - [27/Mar/2012:13:58:16 -0700] "GET /blog/tag/php HTTP/1.1" 301 0 "" "EC2LinkFinder"
98.172.15.254 - - [27/Mar/2012:13:58:17 -0700] "GET /favicon.ico HTTP/1.1" 404 169 "-" "Caffeinated/1.1.1 CFNetwork/520.3.2 Darwin/11.3.0 (x86_64) (MacBookPro8%2C1)"
85.17.88.169 - - [27/Mar/2012:13:58:18 -0700] "POST /blog/wp-cron.php?doing_wp_cron=1332881685 HTTP/1.0" 499 0 "-" "WordPress/3.3.1; http://yuvi.in/blog"
204.236.244.115 - - [27/Mar/2012:13:58:18 -0700] "GET /blog/tag/php/ HTTP/1.1" 200 4232 "" "EC2LinkFinder"
85.17.88.169 - - [27/Mar/2012:13:58:21 -0700] "POST /blog/wp-cron.php?doing_wp_cron=1332881688 HTTP/1.0" 499 0 "-" "WordPress/3.3.1; http://yuvi.in/blog"
204.236.244.115 - - [27/Mar/2012:13:58:21 -0700] "GET /blog/tag/rant HTTP/1.1" 301 0 "" "EC2LinkFinder"
85.17.88.169 - - [27/Mar/2012:13:58:23 -0700] "POST /blog/wp-cron.php?doing_wp_cron=1332881691 HTTP/1.0" 499 0 "-" "WordPress/3.3.1; http://yuvi.in/blog"
204.236.244.115 - - [27/Mar/2012:13:58:23 -0700] "GET /blog/tag/rant/ HTTP/1.1" 200 9990 "" "EC2LinkFinder"
85.17.88.169 - - [27/Mar/2012:13:58:27 -0700] "POST /blog/wp-cron.php?doing_wp_cron=1332881694 HTTP/1.0" 499 0 "-" "WordPress/3.3.1; http://yuvi.in/blog"
204.236.244.115 - - [27/Mar/2012:13:58:27 -0700] "GET /blog/tag/reddit HTTP/1.1" 301 0 "" "EC2LinkFinder"
85.17.88.169 - - [27/Mar/2012:13:58:29 -0700] "POST /blog/wp-cron.php?doing_wp_cron=1332881696 HTTP/1.0" 499 0 "-" "WordPress/3.3.1; http://yuvi.in/blog"
204.236.244.115 - - [27/Mar/2012:13:58:29 -0700] "GET /blog/tag/reddit/ HTTP/1.1" 200 8461 "" "EC2LinkFinder"
85.17.88.169 - - [27/Mar/2012:13:58:32 -0700] "POST /blog/wp-cron.php?doing_wp_cron=1332881699 HTTP/1.0" 499 0 "-" "WordPress/3.3.1; http://yuvi.in/blog"
204.236.244.115 - - [27/Mar/2012:13:58:32 -0700] "GET /blog/tag/reprint HTTP/1.1" 301 0 "" "EC2LinkFinder"
85.17.88.169 - - [27/Mar/2012:13:58:34 -0700] "POST /blog/wp-cron.php?doing_wp_cron=1332881702 HTTP/1.0" 499 0 "-" "WordPress/3.3.1; http://yuvi.in/blog"
204.236.244.115 - - [27/Mar/2012:13:58:35 -0700] "GET /blog/tag/reprint/ HTTP/1.1" 200 12715 "" "EC2LinkFinder"
85.17.88.169 - - [27/Mar/2012:13:58:38 -0700] "POST /blog/wp-cron.php?doing_wp_cron=1332881705 HTTP/1.0" 499 0 "-" "WordPress/3.3.1; http://yuvi.in/blog"
204.236.244.115 - - [27/Mar/2012:13:58:38 -0700] "GET /blog/tag/review HTTP/1.1" 301 0 "" "EC2LinkFinder"
85.17.88.169 - - [27/Mar/2012:13:58:40 -0700] "POST /blog/wp-cron.php?doing_wp_cron=1332881707 HTTP/1.0" 499 0 "-" "WordPress/3.3.1; http://yuvi.in/blog"
204.236.244.115 - - [27/Mar/2012:13:58:40 -0700] "GET /blog/tag/review/ HTTP/1.1" 200 7149 "" "EC2LinkFinder"
85.17.88.169 - - [27/Mar/2012:13:58:43 -0700] "POST /blog/wp-cron.php?doing_wp_cron=1332881711 HTTP/1.0" 499 0 "-" "WordPress/3.3.1; http://yuvi.in/blog"
204.236.244.115 - - [27/Mar/2012:13:58:43 -0700] "GET /blog/tag/rights HTTP/1.1" 301 0 "" "EC2LinkFinder"
209.85.224.84 - - [27/Mar/2012:13:58:45 -0700] "GET /blog/feed HTTP/1.1" 304 0 "-" "FeedBurner/1.0 (http://www.FeedBurner.com)"
85.17.88.169 - - [27/Mar/2012:13:58:45 -0700] "POST /blog/wp-cron.php?doing_wp_cron=1332881713 HTTP/1.0" 200 0 "-" "WordPress/3.3.1; http://yuvi.in/blog"
204.236.244.115 - - [27/Mar/2012:13:58:45 -0700] "GET /blog/tag/rights/ HTTP/1.1" 200 7549 "" "EC2LinkFinder"
98.172.15.254 - - [27/Mar/2012:13:58:47 -0700] "GET /favicon.ico HTTP/1.1" 404 169 "-" "Caffeinated/1.1.1 CFNetwork/520.3.2 Darwin/11.3.0 (x86_64) (MacBookPro8%2C1)"
85.17.88.169 - - [27/Mar/2012:13:58:48 -0700] "POST /blog/wp-cron.php?doing_wp_cron=1332881716 HTTP/1.0" 499 0 "-" "WordPress/3.3.1; http://yuvi.in/blog"
204.236.244.115 - - [27/Mar/2012:13:58:49 -0700] "GET /blog/tag/sick HTTP/1.1" 301 0 "" "EC2LinkFinder"
85.17.88.169 - - [27/Mar/2012:13:58:51 -0700] "POST /blog/wp-cron.php?doing_wp_cron=1332881718 HTTP/1.0" 499 0 "-" "WordPress/3.3.1; http://yuvi.in/blog"
204.236.244.115 - - [27/Mar/2012:13:58:51 -0700] "GET /blog/tag/sick/ HTTP/1.1" 200 3766 "" "EC2LinkFinder"
85.17.88.169 - - [27/Mar/2012:13:58:54 -0700] "POST /blog/wp-cron.php?doing_wp_cron=1332881721 HTTP/1.0" 499 0 "-" "WordPress/3.3.1; http://yuvi.in/blog"
204.236.244.115 - - [27/Mar/2012:13:58:54 -0700] "GET /blog/tag/sriram HTTP/1.1" 301 0 "" "EC2LinkFinder"
85.17.88.169 - - [27/Mar/2012:13:58:56 -0700] "POST /blog/wp-cron.php?doing_wp_cron=1332881723 HTTP/1.0" 499 0 "-" "WordPress/3.3.1; http://yuvi.in/blog"
204.236.244.115 - - [27/Mar/2012:13:58:56 -0700] "GET /blog/tag/sriram/ HTTP/1.1" 200 12712 "" "EC2LinkFinder"
85.17.88.169 - - [27/Mar/2012:13:58:59 -0700] "POST /blog/wp-cron.php?doing_wp_cron=1332881727 HTTP/1.0" 499 0 "-" "WordPress/3.3.1; http://yuvi.in/blog"
204.236.244.115 - - [27/Mar/2012:13:59:00 -0700] "GET /blog/tag/talk HTTP/1.1" 301 0 "" "EC2LinkFinder"
85.17.88.169 - - [27/Mar/2012:13:59:01 -0700] "POST /blog/wp-cron.php?doing_wp_cron=1332881729 HTTP/1.0" 499 0 "-" "WordPress/3.3.1; http://yuvi.in/blog"
204.236.244.115 - - [27/Mar/2012:13:59:02 -0700] "GET /blog/tag/talk/ HTTP/1.1" 200 3763 "" "EC2LinkFinder"
85.17.88.169 - - [27/Mar/2012:13:59:04 -0700] "POST /blog/wp-cron.php?doing_wp_cron=1332881732 HTTP/1.0" 499 0 "-" "WordPress/3.3.1; http://yuvi.in/blog"
204.236.244.115 - - [27/Mar/2012:13:59:05 -0700] "GET /blog/tag/travel HTTP/1.1" 301 0 "" "EC2LinkFinder"
85.17.88.169 - - [27/Mar/2012:13:59:07 -0700] "POST /blog/wp-cron.php?doing_wp_cron=1332881734 HTTP/1.0" 499 0 "-" "WordPress/3.3.1; http://yuvi.in/blog"
204.236.244.115 - - [27/Mar/2012:13:59:07 -0700] "GET /blog/tag/travel/ HTTP/1.1" 200 3886 "" "EC2LinkFinder"
85.17.88.169 - - [27/Mar/2012:13:59:10 -0700] "POST /blog/wp-cron.php?doing_wp_cron=1332881737 HTTP/1.0" 499 0 "-" "WordPress/3.3.1; http://yuvi.in/blog"
204.236.244.115 - - [27/Mar/2012:13:59:10 -0700] "GET /blog/tag/wordpress HTTP/1.1" 301 0 "" "EC2LinkFinder"
85.17.88.169 - - [27/Mar/2012:13:59:12 -0700] "POST /blog/wp-cron.php?doing_wp_cron=1332881740 HTTP/1.0" 499 0 "-" "WordPress/3.3.1; http://yuvi.in/blog"
204.236.244.115 - - [27/Mar/2012:13:59:12 -0700] "GET /blog/tag/wordpress/ HTTP/1.1" 200 3876 "" "EC2LinkFinder"
85.17.88.169 - - [27/Mar/2012:13:59:15 -0700] "POST /blog/wp-cron.php?doing_wp_cron=1332881743 HTTP/1.0" 499 0 "-" "WordPress/3.3.1; http://yuvi.in/blog"
204.236.244.115 - - [27/Mar/2012:13:59:16 -0700] "GET /blog/tag/work HTTP/1.1" 301 0 "" "EC2LinkFinder"
85.17.88.169 - - [27/Mar/2012:13:59:17 -0700] "POST /blog/wp-cron.php?doing_wp_cron=1332881745 HTTP/1.0" 499 0 "-" "WordPress/3.3.1; http://yuvi.in/blog"
204.236.244.115 - - [27/Mar/2012:13:59:18 -0700] "GET /blog/tag/work/ HTTP/1.1" 200 6584 "" "EC2LinkFinder"
85.17.88.169 - - [27/Mar/2012:13:59:21 -0700] "POST /blog/wp-cron.php?doing_wp_cron=1332881748 HTTP/1.0" 499 0 "-" "WordPress/3.3.1; http://yuvi.in/blog"
204.236.244.115 - - [27/Mar/2012:13:59:21 -0700] "GET /blog/tag/yahoo HTTP/1.1" 301 0 "" "EC2LinkFinder"
85.17.88.169 - - [27/Mar/2012:13:59:23 -0700] "POST /blog/wp-cron.php?doing_wp_cron=1332881750 HTTP/1.0" 499 0 "-" "WordPress/3.3.1; http://yuvi.in/blog"
204.236.244.115 - - [27/Mar/2012:13:59:23 -0700] "GET /blog/tag/yahoo/ HTTP/1.1" 200 4626 "" "EC2LinkFinder"
85.17.88.169 - - [27/Mar/2012:13:59:26 -0700] "POST /blog/wp-cron.php?doing_wp_cron=1332881753 HTTP/1.0" 499 0 "-" "WordPress/3.3.1; http://yuvi.in/blog"
204.236.244.115 - - [27/Mar/2012:13:59:26 -0700] "GET /blog/2012/03 HTTP/1.1" 301 0 "" "EC2LinkFinder"
85.17.88.169 - - [27/Mar/2012:13:59:28 -0700] "POST /blog/wp-cron.php?doing_wp_cron=1332881756 HTTP/1.0" 499 0 "-" "WordPress/3.3.1; http://yuvi.in/blog"
204.236.244.115 - - [27/Mar/2012:13:59:28 -0700] "GET /blog/2012/03/ HTTP/1.1" 200 3678 "" "EC2LinkFinder"
85.17.88.169 - - [27/Mar/2012:13:59:31 -0700] "POST /blog/wp-cron.php?doing_wp_cron=1332881759 HTTP/1.0" 499 0 "-" "WordPress/3.3.1; http://yuvi.in/blog"
204.236.244.115 - - [27/Mar/2012:13:59:32 -0700] "GET /blog/2012/02 HTTP/1.1" 301 0 "" "EC2LinkFinder"
85.17.88.169 - - [27/Mar/2012:13:59:34 -0700] "POST /blog/wp-cron.php?doing_wp_cron=1332881761 HTTP/1.0" 499 0 "-" "WordPress/3.3.1; http://yuvi.in/blog"
204.236.244.115 - - [27/Mar/2012:13:59:34 -0700] "GET /blog/2012/02/ HTTP/1.1" 200 4089 "" "EC2LinkFinder"
85.17.88.169 - - [27/Mar/2012:13:59:37 -0700] "POST /blog/wp-cron.php?doing_wp_cron=1332881764 HTTP/1.0" 499 0 "-" "WordPress/3.3.1; http://yuvi.in/blog"
204.236.244.115 - - [27/Mar/2012:13:59:37 -0700] "GET /blog/2012/01 HTTP/1.1" 301 0 "" "EC2LinkFinder"
85.17.88.169 - - [27/Mar/2012:13:59:39 -0700] "POST /blog/wp-cron.php?doing_wp_cron=1332881767 HTTP/1.0" 499 0 "-" "WordPress/3.3.1; http://yuvi.in/blog"
204.236.244.115 - - [27/Mar/2012:13:59:39 -0700] "GET /blog/2012/01/ HTTP/1.1" 200 5957 "" "EC2LinkFinder"
98.172.15.254 - - [27/Mar/2012:13:59:41 -0700] "GET /favicon.ico HTTP/1.1" 404 169 "-" "Caffeinated/1.1.1 CFNetwork/520.3.2 Darwin/11.3.0 (x86_64) (MacBookPro8%2C1)"
85.17.88.169 - - [27/Mar/2012:13:59:42 -0700] "POST /blog/wp-cron.php?doing_wp_cron=1332881770 HTTP/1.0" 499 0 "-" "WordPress/3.3.1; http://yuvi.in/blog"
204.236.244.115 - - [27/Mar/2012:13:59:43 -0700] "GET /blog/2011/12 HTTP/1.1" 301 0 "" "EC2LinkFinder"
85.17.88.169 - - [27/Mar/2012:13:59:44 -0700] "POST /blog/wp-cron.php?doing_wp_cron=1332881772 HTTP/1.0" 499 0 "-" "WordPress/3.3.1; http://yuvi.in/blog"
204.236.244.115 - - [27/Mar/2012:13:59:45 -0700] "GET /blog/2011/12/ HTTP/1.1" 200 12051 "" "EC2LinkFinder"
85.17.88.169 - - [27/Mar/2012:13:59:48 -0700] "POST /blog/wp-cron.php?doing_wp_cron=1332881775 HTTP/1.0" 499 0 "-" "WordPress/3.3.1; http://yuvi.in/blog"
204.236.244.115 - - [27/Mar/2012:13:59:48 -0700] "GET /blog/2011/11 HTTP/1.1" 301 0 "" "EC2LinkFinder"
85.17.88.169 - - [27/Mar/2012:13:59:50 -0700] "POST /blog/wp-cron.php?doing_wp_cron=1332881778 HTTP/1.0" 499 0 "-" "WordPress/3.3.1; http://yuvi.in/blog"
204.236.244.115 - - [27/Mar/2012:13:59:50 -0700] "GET /blog/2011/11/ HTTP/1.1" 200 4216 "" "EC2LinkFinder"
85.17.88.169 - - [27/Mar/2012:13:59:53 -0700] "POST /blog/wp-cron.php?doing_wp_cron=1332881781 HTTP/1.0" 499 0 "-" "WordPress/3.3.1; http://yuvi.in/blog"
204.236.244.115 - - [27/Mar/2012:13:59:54 -0700] "GET /blog/2011/10 HTTP/1.1" 301 0 "" "EC2LinkFinder"
85.17.88.169 - - [27/Mar/2012:13:59:55 -0700] "POST /blog/wp-cron.php?doing_wp_cron=1332881783 HTTP/1.0" 499 0 "-" "WordPress/3.3.1; http://yuvi.in/blog"
204.236.244.115 - - [27/Mar/2012:13:59:56 -0700] "GET /blog/2011/10/ HTTP/1.1" 200 4495 "" "EC2LinkFinder"
85.17.88.169 - - [27/Mar/2012:13:59:59 -0700] "POST /blog/wp-cron.php?doing_wp_cron=1332881786 HTTP/1.0" 499 0 "-" "WordPress/3.3.1; http://yuvi.in/blog"
204.236.244.115 - - [27/Mar/2012:13:59:59 -0700] "GET /blog/2011/08 HTTP/1.1" 301 0 "" "EC2LinkFinder"
85.17.88.169 - - [27/Mar/2012:14:00:01 -0700] "POST /blog/wp-cron.php?doing_wp_cron=1332881788 HTTP/1.0" 499 0 "-" "WordPress/3.3.1; http://yuvi.in/blog"
204.236.244.115 - - [27/Mar/2012:14:00:01 -0700] "GET /blog/2011/08/ HTTP/1.1" 200 15970 "" "EC2LinkFinder"
85.17.88.169 - - [27/Mar/2012:14:00:04 -0700] "POST /blog/wp-cron.php?doing_wp_cron=1332881792 HTTP/1.0" 499 0 "-" "WordPress/3.3.1; http://yuvi.in/blog"
204.236.244.115 - - [27/Mar/2012:14:00:05 -0700] "GET /blog/2011/07 HTTP/1.1" 301 0 "" "EC2LinkFinder"
85.17.88.169 - - [27/Mar/2012:14:00:06 -0700] "POST /blog/wp-cron.php?doing_wp_cron=1332881794 HTTP/1.0" 499 0 "-" "WordPress/3.3.1; http://yuvi.in/blog"
204.236.244.115 - - [27/Mar/2012:14:00:07 -0700] "GET /blog/2011/07/ HTTP/1.1" 200 3612 "" "EC2LinkFinder"
85.17.88.169 - - [27/Mar/2012:14:00:10 -0700] "POST /blog/wp-cron.php?doing_wp_cron=1332881797 HTTP/1.0" 499 0 "-" "WordPress/3.3.1; http://yuvi.in/blog"
204.236.244.115 - - [27/Mar/2012:14:00:10 -0700] "GET /blog/2011/06 HTTP/1.1" 301 0 "" "EC2LinkFinder"
85.17.88.169 - - [27/Mar/2012:14:00:12 -0700] "POST /blog/wp-cron.php?doing_wp_cron=1332881800 HTTP/1.0" 499 0 "-" "WordPress/3.3.1; http://yuvi.in/blog"
204.236.244.115 - - [27/Mar/2012:14:00:13 -0700] "GET /blog/2011/06/ HTTP/1.1" 200 17726 "" "EC2LinkFinder"
98.172.15.254 - - [27/Mar/2012:14:00:13 -0700] "GET /favicon.ico HTTP/1.1" 404 169 "-" "Caffeinated/1.1.1 CFNetwork/520.3.2 Darwin/11.3.0 (x86_64) (MacBookPro8%2C1)"
85.17.88.169 - - [27/Mar/2012:14:00:15 -0700] "POST /blog/wp-cron.php?doing_wp_cron=1332881803 HTTP/1.0" 499 0 "-" "WordPress/3.3.1; http://yuvi.in/blog"
