117.193.168.61 - - [19/Mar/2012:11:02:55 -0700] "-" 400 0 "-" "-"
69.171.224.249 - - [19/Mar/2012:11:03:04 -0700] "GET /r/252 HTTP/1.1" 301 255 "-" "facebookexternalhit/1.1 (+http://www.facebook.com/externalhit_uatext.php)"
69.171.224.248 - - [19/Mar/2012:11:03:04 -0700] "GET /s/ta/252/ HTTP/1.1" 302 461 "-" "facebookexternalhit/1.1 (+http://www.facebook.com/externalhit_uatext.php)"
72.163.217.103 - - [19/Mar/2012:11:04:44 -0700] "GET /blog/2012/03/ HTTP/1.1" 200 3678 "http://yuvi.in/blog/category/so-called-it/" "Mozilla/5.0 (Windows NT 6.1; WOW64; rv:10.0.2) Gecko/20100101 Firefox/10.0.2"
72.163.217.103 - - [19/Mar/2012:11:04:45 -0700] "GET /blog/wp-includes/js/jquery/jquery.js?ver=1.7.1 HTTP/1.1" 304 0 "http://yuvi.in/blog/2012/03/" "Mozilla/5.0 (Windows NT 6.1; WOW64; rv:10.0.2) Gecko/20100101 Firefox/10.0.2"
72.163.217.103 - - [19/Mar/2012:11:04:45 -0700] "GET /blog/wp-content/themes/cleanr/js/jquery.dropdown.js?ver=3.3.1 HTTP/1.1" 304 0 "http://yuvi.in/blog/2012/03/" "Mozilla/5.0 (Windows NT 6.1; WOW64; rv:10.0.2) Gecko/20100101 Firefox/10.0.2"
85.17.88.169 - - [19/Mar/2012:11:04:54 -0700] "POST /blog/wp-cron.php?doing_wp_cron=1332180146 HTTP/1.0" 499 0 "-" "WordPress/3.3.1; http://yuvi.in/blog"
72.163.217.103 - - [19/Mar/2012:11:04:54 -0700] "GET /blog/2012/02/ HTTP/1.1" 200 4090 "http://yuvi.in/blog/2012/03/" "Mozilla/5.0 (Windows NT 6.1; WOW64; rv:10.0.2) Gecko/20100101 Firefox/10.0.2"
72.163.217.103 - - [19/Mar/2012:11:04:55 -0700] "GET /blog/wp-includes/js/jquery/jquery.js?ver=1.7.1 HTTP/1.1" 304 0 "http://yuvi.in/blog/2012/02/" "Mozilla/5.0 (Windows NT 6.1; WOW64; rv:10.0.2) Gecko/20100101 Firefox/10.0.2"
72.163.217.103 - - [19/Mar/2012:11:04:55 -0700] "GET /blog/wp-content/themes/cleanr/js/jquery.dropdown.js?ver=3.3.1 HTTP/1.1" 304 0 "http://yuvi.in/blog/2012/02/" "Mozilla/5.0 (Windows NT 6.1; WOW64; rv:10.0.2) Gecko/20100101 Firefox/10.0.2"
85.17.88.169 - - [19/Mar/2012:11:05:12 -0700] "POST /blog/wp-cron.php?doing_wp_cron=1332180165 HTTP/1.0" 499 0 "-" "WordPress/3.3.1; http://yuvi.in/blog"
72.163.217.103 - - [19/Mar/2012:11:05:13 -0700] "GET /blog/2012/01/ HTTP/1.1" 200 5958 "http://yuvi.in/blog/2012/02/" "Mozilla/5.0 (Windows NT 6.1; WOW64; rv:10.0.2) Gecko/20100101 Firefox/10.0.2"
72.163.217.103 - - [19/Mar/2012:11:05:14 -0700] "GET /blog/wp-includes/js/jquery/jquery.js?ver=1.7.1 HTTP/1.1" 304 0 "http://yuvi.in/blog/2012/01/" "Mozilla/5.0 (Windows NT 6.1; WOW64; rv:10.0.2) Gecko/20100101 Firefox/10.0.2"
72.163.217.103 - - [19/Mar/2012:11:05:14 -0700] "GET /blog/wp-content/themes/cleanr/js/jquery.dropdown.js?ver=3.3.1 HTTP/1.1" 304 0 "http://yuvi.in/blog/2012/01/" "Mozilla/5.0 (Windows NT 6.1; WOW64; rv:10.0.2) Gecko/20100101 Firefox/10.0.2"
72.163.217.103 - - [19/Mar/2012:11:05:21 -0700] "GET /blog/2011/12/ HTTP/1.1" 200 12053 "http://yuvi.in/blog/2012/01/" "Mozilla/5.0 (Windows NT 6.1; WOW64; rv:10.0.2) Gecko/20100101 Firefox/10.0.2"
72.163.217.103 - - [19/Mar/2012:11:05:22 -0700] "GET /blog/wp-includes/js/jquery/jquery.js?ver=1.7.1 HTTP/1.1" 304 0 "http://yuvi.in/blog/2011/12/" "Mozilla/5.0 (Windows NT 6.1; WOW64; rv:10.0.2) Gecko/20100101 Firefox/10.0.2"
72.163.217.103 - - [19/Mar/2012:11:05:23 -0700] "GET /blog/wp-content/themes/cleanr/js/jquery.dropdown.js?ver=3.3.1 HTTP/1.1" 304 0 "http://yuvi.in/blog/2011/12/" "Mozilla/5.0 (Windows NT 6.1; WOW64; rv:10.0.2) Gecko/20100101 Firefox/10.0.2"
117.193.168.61 - - [19/Mar/2012:11:06:04 -0700] "-" 400 0 "-" "-"
122.172.6.112 - - [19/Mar/2012:11:06:12 -0700] "GET / HTTP/1.1" 200 1430 "-" "Reeder/1.5.5 CFNetwork/548.1.4 Darwin/11.0.0"
122.172.6.112 - - [19/Mar/2012:11:06:13 -0700] "GET /favicon.ico HTTP/1.1" 404 142 "-" "Reeder/1.5.5 CFNetwork/548.1.4 Darwin/11.0.0"
122.172.6.112 - - [19/Mar/2012:11:06:13 -0700] "GET /apple-touch-icon.png HTTP/1.1" 404 142 "-" "Reeder/1.5.5 CFNetwork/548.1.4 Darwin/11.0.0"
122.172.6.112 - - [19/Mar/2012:11:06:13 -0700] "GET /apple-touch-icon-precomposed.png HTTP/1.1" 404 142 "-" "Reeder/1.5.5 CFNetwork/548.1.4 Darwin/11.0.0"
85.17.88.169 - - [19/Mar/2012:11:06:18 -0700] "POST /blog/wp-cron.php?doing_wp_cron=1332180230 HTTP/1.0" 499 0 "-" "WordPress/3.3.1; http://yuvi.in/blog"
72.163.217.103 - - [19/Mar/2012:11:06:18 -0700] "GET /blog/?s=college&x=11&y=10 HTTP/1.1" 200 4291 "http://yuvi.in/blog/2011/12/" "Mozilla/5.0 (Windows NT 6.1; WOW64; rv:10.0.2) Gecko/20100101 Firefox/10.0.2"
72.163.217.103 - - [19/Mar/2012:11:06:19 -0700] "GET /blog/wp-includes/js/jquery/jquery.js?ver=1.7.1 HTTP/1.1" 304 0 "http://yuvi.in/blog/?s=college&x=11&y=10" "Mozilla/5.0 (Windows NT 6.1; WOW64; rv:10.0.2) Gecko/20100101 Firefox/10.0.2"
72.163.217.103 - - [19/Mar/2012:11:06:19 -0700] "GET /blog/wp-content/themes/cleanr/js/jquery.dropdown.js?ver=3.3.1 HTTP/1.1" 304 0 "http://yuvi.in/blog/?s=college&x=11&y=10" "Mozilla/5.0 (Windows NT 6.1; WOW64; rv:10.0.2) Gecko/20100101 Firefox/10.0.2"
72.163.217.103 - - [19/Mar/2012:11:06:36 -0700] "GET /blog/interview-sriram-krishnan-5-years-old/ HTTP/1.1" 200 14240 "http://yuvi.in/blog/?s=college&x=11&y=10" "Mozilla/5.0 (Windows NT 6.1; WOW64; rv:10.0.2) Gecko/20100101 Firefox/10.0.2"
85.17.88.169 - - [19/Mar/2012:11:06:36 -0700] "POST /blog/wp-cron.php?doing_wp_cron=1332180248 HTTP/1.0" 499 0 "-" "WordPress/3.3.1; http://yuvi.in/blog"
72.163.217.103 - - [19/Mar/2012:11:06:36 -0700] "GET /blog/infosys-tcs-or-wipro-none/ HTTP/1.1" 200 7089 "http://yuvi.in/blog/?s=college&x=11&y=10" "Mozilla/5.0 (Windows NT 6.1; WOW64; rv:10.0.2) Gecko/20100101 Firefox/10.0.2"
72.163.217.103 - - [19/Mar/2012:11:06:37 -0700] "GET /blog/wp-includes/js/jquery/jquery.js?ver=1.7.1 HTTP/1.1" 304 0 "http://yuvi.in/blog/interview-sriram-krishnan-5-years-old/" "Mozilla/5.0 (Windows NT 6.1; WOW64; rv:10.0.2) Gecko/20100101 Firefox/10.0.2"
72.163.217.103 - - [19/Mar/2012:11:06:37 -0700] "GET /blog/wp-content/themes/cleanr/js/jquery.dropdown.js?ver=3.3.1 HTTP/1.1" 304 0 "http://yuvi.in/blog/interview-sriram-krishnan-5-years-old/" "Mozilla/5.0 (Windows NT 6.1; WOW64; rv:10.0.2) Gecko/20100101 Firefox/10.0.2"
85.17.88.169 - - [19/Mar/2012:11:06:42 -0700] "POST /blog/wp-cron.php?doing_wp_cron=1332180254 HTTP/1.0" 499 0 "-" "WordPress/3.3.1; http://yuvi.in/blog"
72.163.217.103 - - [19/Mar/2012:11:06:42 -0700] "GET /blog/greatest-fear-flash-fade/ HTTP/1.1" 200 4816 "http://yuvi.in/blog/interview-sriram-krishnan-5-years-old/" "Mozilla/5.0 (Windows NT 6.1; WOW64; rv:10.0.2) Gecko/20100101 Firefox/10.0.2"
72.163.217.103 - - [19/Mar/2012:11:06:43 -0700] "GET /blog/infosys-tcs-or-wipro-none/?cf_action=sync_comments&post_id=124 HTTP/1.1" 200 48 "http://yuvi.in/blog/infosys-tcs-or-wipro-none/" "Mozilla/5.0 (Windows NT 6.1; WOW64; rv:10.0.2) Gecko/20100101 Firefox/10.0.2"
85.17.88.169 - - [19/Mar/2012:11:06:43 -0700] "POST /blog/wp-cron.php?doing_wp_cron=1332180255 HTTP/1.0" 499 0 "-" "WordPress/3.3.1; http://yuvi.in/blog"
72.163.217.103 - - [19/Mar/2012:11:06:43 -0700] "GET /blog/interview-sriram-krishnan-5-years-old/?cf_action=sync_comments&post_id=184 HTTP/1.1" 200 48 "http://yuvi.in/blog/interview-sriram-krishnan-5-years-old/" "Mozilla/5.0 (Windows NT 6.1; WOW64; rv:10.0.2) Gecko/20100101 Firefox/10.0.2"
122.164.14.39 - - [19/Mar/2012:11:06:57 -0700] "-" 400 0 "-" "-"
122.164.185.83 - - [19/Mar/2012:11:07:39 -0700] "-" 400 0 "-" "-"
72.163.217.103 - - [19/Mar/2012:11:09:23 -0700] "GET /blog/2011/01/ HTTP/1.1" 200 7199 "http://yuvi.in/blog/infosys-tcs-or-wipro-none/" "Mozilla/5.0 (Windows NT 6.1; WOW64; rv:10.0.2) Gecko/20100101 Firefox/10.0.2"
72.163.217.103 - - [19/Mar/2012:11:09:24 -0700] "GET /blog/wp-includes/js/jquery/jquery.js?ver=1.7.1 HTTP/1.1" 304 0 "http://yuvi.in/blog/2011/01/" "Mozilla/5.0 (Windows NT 6.1; WOW64; rv:10.0.2) Gecko/20100101 Firefox/10.0.2"
72.163.217.103 - - [19/Mar/2012:11:09:25 -0700] "GET /blog/wp-content/themes/cleanr/js/jquery.dropdown.js?ver=3.3.1 HTTP/1.1" 304 0 "http://yuvi.in/blog/2011/01/" "Mozilla/5.0 (Windows NT 6.1; WOW64; rv:10.0.2) Gecko/20100101 Firefox/10.0.2"
85.17.88.169 - - [19/Mar/2012:11:10:38 -0700] "POST /blog/wp-cron.php?doing_wp_cron=1332180490 HTTP/1.0" 499 0 "-" "WordPress/3.3.1; http://yuvi.in/blog"
72.163.217.103 - - [19/Mar/2012:11:10:38 -0700] "GET /blog/2011/06/ HTTP/1.1" 200 17727 "http://yuvi.in/blog/2011/01/" "Mozilla/5.0 (Windows NT 6.1; WOW64; rv:10.0.2) Gecko/20100101 Firefox/10.0.2"
72.163.217.103 - - [19/Mar/2012:11:10:39 -0700] "GET /blog/wp-includes/js/jquery/jquery.js?ver=1.7.1 HTTP/1.1" 304 0 "http://yuvi.in/blog/2011/06/" "Mozilla/5.0 (Windows NT 6.1; WOW64; rv:10.0.2) Gecko/20100101 Firefox/10.0.2"
72.163.217.103 - - [19/Mar/2012:11:10:40 -0700] "GET /blog/wp-content/themes/cleanr/js/jquery.dropdown.js?ver=3.3.1 HTTP/1.1" 304 0 "http://yuvi.in/blog/2011/06/" "Mozilla/5.0 (Windows NT 6.1; WOW64; rv:10.0.2) Gecko/20100101 Firefox/10.0.2"
85.17.88.169 - - [19/Mar/2012:11:12:32 -0700] "POST /blog/wp-cron.php?doing_wp_cron=1332180604 HTTP/1.0" 499 0 "-" "WordPress/3.3.1; http://yuvi.in/blog"
69.171.234.4 - - [19/Mar/2012:11:12:32 -0700] "GET /blog/story-average-indian-techie/ HTTP/1.1" 200 14155 "-" "facebookexternalhit/1.1 (+http://www.facebook.com/externalhit_uatext.php)"
49.137.207.75 - - [19/Mar/2012:11:15:39 -0700] "GET /r/e1f HTTP/1.1" 301 255 "http://ta.wikipedia.org/wiki/%E0%AE%AA%E0%AE%9A%E0%AF%81" "Mozilla/5.0 (Windows NT 6.1; rv:8.0) Gecko/20100101 Firefox/8.0"
49.137.207.75 - - [19/Mar/2012:11:15:40 -0700] "GET /s/ta/e1f/ HTTP/1.1" 302 301 "http://ta.wikipedia.org/wiki/%E0%AE%AA%E0%AE%9A%E0%AF%81" "Mozilla/5.0 (Windows NT 6.1; rv:8.0) Gecko/20100101 Firefox/8.0"
49.137.207.75 - - [19/Mar/2012:11:15:44 -0700] "-" 400 0 "-" "-"
85.17.88.169 - - [19/Mar/2012:11:19:40 -0700] "POST /blog/wp-cron.php?doing_wp_cron=1332181032 HTTP/1.0" 499 0 "-" "WordPress/3.3.1; http://yuvi.in/blog"
101.226.33.189 - - [19/Mar/2012:11:19:41 -0700] "GET /blog/feed HTTP/1.0" 304 0 "-" "Mozilla/4.0 (compatible; Windows;)"
85.17.88.169 - - [19/Mar/2012:11:19:49 -0700] "POST /blog/wp-cron.php?doing_wp_cron=1332181042 HTTP/1.0" 499 0 "-" "WordPress/3.3.1; http://yuvi.in/blog"
180.76.5.190 - - [19/Mar/2012:11:19:50 -0700] "GET /blog/tag/bigco/feed/ HTTP/1.1" 200 4097 "-" "Mozilla/5.0 (compatible; Baiduspider/2.0; +http://www.baidu.com/search/spider.html)"
85.17.88.169 - - [19/Mar/2012:11:22:02 -0700] "POST /blog/wp-cron.php?doing_wp_cron=1332181175 HTTP/1.0" 499 0 "-" "WordPress/3.3.1; http://yuvi.in/blog"
177.40.168.25 - - [19/Mar/2012:11:22:03 -0700] "GET /blog/program/ HTTP/1.0" 200 27091 "-" "Mozilla/5.0 (compatible; Googlebot/2.1; +http://www.google.com/bot.html)"
14.96.2.219 - - [19/Mar/2012:11:22:11 -0700] "-" 400 0 "-" "-"
209.85.224.90 - - [19/Mar/2012:11:22:16 -0700] "GET /stories/feed HTTP/1.1" 200 13653 "-" "FeedBurner/1.0 (http://www.FeedBurner.com)"
122.172.6.112 - - [19/Mar/2012:11:22:27 -0700] "GET / HTTP/1.1" 200 1430 "-" "Reeder/1.5.5 CFNetwork/548.1.4 Darwin/11.0.0"
122.172.6.112 - - [19/Mar/2012:11:22:27 -0700] "GET /favicon.ico HTTP/1.1" 404 142 "-" "Reeder/1.5.5 CFNetwork/548.1.4 Darwin/11.0.0"
122.172.6.112 - - [19/Mar/2012:11:22:27 -0700] "GET /apple-touch-icon.png HTTP/1.1" 404 142 "-" "Reeder/1.5.5 CFNetwork/548.1.4 Darwin/11.0.0"
85.17.88.169 - - [19/Mar/2012:11:22:27 -0700] "POST /blog/wp-cron.php?doing_wp_cron=1332181200 HTTP/1.0" 499 0 "-" "WordPress/3.3.1; http://yuvi.in/blog"
122.172.6.112 - - [19/Mar/2012:11:22:28 -0700] "GET /apple-touch-icon-precomposed.png HTTP/1.1" 404 142 "-" "Reeder/1.5.5 CFNetwork/548.1.4 Darwin/11.0.0"
209.85.238.115 - - [19/Mar/2012:11:22:28 -0700] "GET /blog/feed HTTP/1.1" 301 0 "-" "Feedfetcher-Google; (+http://www.google.com/feedfetcher.html; 3 subscribers; feed-id=17684830852112633560)"
85.17.88.169 - - [19/Mar/2012:11:22:30 -0700] "POST /blog/wp-cron.php?doing_wp_cron=1332181202 HTTP/1.0" 499 0 "-" "WordPress/3.3.1; http://yuvi.in/blog"
209.85.238.115 - - [19/Mar/2012:11:22:30 -0700] "GET /blog/feed/ HTTP/1.1" 200 6672 "-" "Feedfetcher-Google; (+http://www.google.com/feedfetcher.html; 3 subscribers; feed-id=17684830852112633560)"
74.125.126.85 - - [19/Mar/2012:11:29:29 -0700] "GET /favicon.ico HTTP/1.1" 404 142 "-" "-"
85.17.88.169 - - [19/Mar/2012:11:29:58 -0700] "POST /blog/wp-cron.php?doing_wp_cron=1332181650 HTTP/1.0" 499 0 "-" "WordPress/3.3.1; http://yuvi.in/blog"
209.85.224.82 - - [19/Mar/2012:11:29:58 -0700] "GET /blog/feed HTTP/1.1" 304 0 "-" "FeedBurner/1.0 (http://www.FeedBurner.com)"
95.69.78.4 - - [19/Mar/2012:11:30:39 -0700] "GET /blog/ HTTP/1.1" 200 33222 "-" "Mozilla/5.0 (compatible; Googlebot/2.1; +http://www.google.com/bot.html)"
100.43.83.144 - - [19/Mar/2012:11:32:15 -0700] "GET /s/ta/hjr/ HTTP/1.1" 302 585 "-" "Mozilla/5.0 (compatible; YandexBot/3.0; +http://yandex.com/bots)"
141.0.8.234 - - [19/Mar/2012:11:33:55 -0700] "GET /r/l01 HTTP/1.1" 301 255 "http://ta.wikipedia.org/wiki/%E0%AE%95%E0%AF%8B%E0%AE%B3%E0%AF%8D_(%E0%AE%9A%E0%AF%8B%E0%AE%A4%E0%AE%BF%E0%AE%9F%E0%AE%AE%E0%AF%8D)" "Opera/9.80 (J2ME/MIDP; Opera Mini/6.1.25378/27.1350; U; en) Presto/2.8.119 Version/11.10"
141.0.8.234 - - [19/Mar/2012:11:33:56 -0700] "GET /s/ta/l01/ HTTP/1.1" 302 409 "http://ta.wikipedia.org/wiki/%E0%AE%95%E0%AF%8B%E0%AE%B3%E0%AF%8D_(%E0%AE%9A%E0%AF%8B%E0%AE%A4%E0%AE%BF%E0%AE%9F%E0%AE%AE%E0%AF%8D)" "Opera/9.80 (J2ME/MIDP; Opera Mini/6.1.25378/27.1350; U; en) Presto/2.8.119 Version/11.10"
82.145.211.117 - - [19/Mar/2012:11:37:20 -0700] "GET /r/33cr HTTP/1.1" 301 257 "-" "Opera/9.80 (J2ME/MIDP; Opera Mini/4.2.14912/27.1350; U; en) Presto/2.8.119 Version/11.10"
82.145.211.117 - - [19/Mar/2012:11:37:21 -0700] "GET /s/ta/33cr/ HTTP/1.1" 302 593 "-" "Opera/9.80 (J2ME/MIDP; Opera Mini/4.2.14912/27.1350; U; en) Presto/2.8.119 Version/11.10"
85.17.88.169 - - [19/Mar/2012:11:39:06 -0700] "POST /blog/wp-cron.php?doing_wp_cron=1332182198 HTTP/1.0" 499 0 "-" "WordPress/3.3.1; http://yuvi.in/blog"
66.249.67.123 - - [19/Mar/2012:11:39:07 -0700] "GET /blog/page/6/ HTTP/1.1" 200 13180 "-" "Mozilla/5.0 (compatible; Googlebot/2.1; +http://www.google.com/bot.html)"
85.17.88.169 - - [19/Mar/2012:11:39:50 -0700] "POST /blog/wp-cron.php?doing_wp_cron=1332182242 HTTP/1.0" 499 0 "-" "WordPress/3.3.1; http://yuvi.in/blog"
66.249.67.123 - - [19/Mar/2012:11:39:50 -0700] "GET /blog/working-big-co-unsatisfying/feed/ HTTP/1.1" 200 795 "-" "Mozilla/5.0 (compatible; Googlebot/2.1; +http://www.google.com/bot.html)"
141.0.10.222 - - [19/Mar/2012:11:40:30 -0700] "-" 400 0 "-" "-"
141.0.10.222 - - [19/Mar/2012:11:40:30 -0700] "-" 400 0 "-" "-"
85.17.88.169 - - [19/Mar/2012:11:40:31 -0700] "POST /blog/wp-cron.php?doing_wp_cron=1332182283 HTTP/1.0" 499 0 "-" "WordPress/3.3.1; http://yuvi.in/blog"
66.249.67.123 - - [19/Mar/2012:11:40:32 -0700] "GET /blog/more-effects-for-cheese/ HTTP/1.1" 200 4511 "-" "Mozilla/5.0 (compatible; Googlebot/2.1; +http://www.google.com/bot.html)"
74.6.13.95 - - [19/Mar/2012:11:41:02 -0700] "GET / HTTP/1.1" 200 1430 "-" "Mozilla/5.0 (compatible; Yahoo! Slurp/3.0; http://help.yahoo.com/help/us/ysearch/slurp)"
74.6.13.95 - - [19/Mar/2012:11:41:08 -0700] "-" 400 0 "-" "-"
85.17.88.169 - - [19/Mar/2012:11:41:12 -0700] "POST /blog/wp-cron.php?doing_wp_cron=1332182324 HTTP/1.0" 499 0 "-" "WordPress/3.3.1; http://yuvi.in/blog"
66.249.67.123 - - [19/Mar/2012:11:41:13 -0700] "GET /blog/tag/travel/feed/ HTTP/1.1" 200 2814 "-" "Mozilla/5.0 (compatible; Googlebot/2.1; +http://www.google.com/bot.html)"
74.6.13.95 - - [19/Mar/2012:11:41:15 -0700] "GET /blueprint/screen.css HTTP/1.1" 200 12058 "http://yuvi.in/" "Mozilla/5.0 (compatible; Yahoo! Slurp/3.0; http://help.yahoo.com/help/us/ysearch/slurp)"
74.6.13.95 - - [19/Mar/2012:11:41:15 -0700] "GET /blueprint/print.css HTTP/1.1" 200 1284 "http://yuvi.in/" "Mozilla/5.0 (compatible; Yahoo! Slurp/3.0; http://help.yahoo.com/help/us/ysearch/slurp)"
74.6.13.95 - - [19/Mar/2012:11:41:15 -0700] "GET /header.png HTTP/1.1" 200 14249 "http://yuvi.in/" "Mozilla/5.0 (compatible; Yahoo! Slurp/3.0; http://help.yahoo.com/help/us/ysearch/slurp)"
85.17.88.169 - - [19/Mar/2012:11:41:55 -0700] "POST /blog/wp-cron.php?doing_wp_cron=1332182367 HTTP/1.0" 499 0 "-" "WordPress/3.3.1; http://yuvi.in/blog"
66.249.67.123 - - [19/Mar/2012:11:41:56 -0700] "GET /blog/moving-to-vim-from-emacs/ HTTP/1.1" 200 4939 "-" "Mozilla/5.0 (compatible; Googlebot/2.1; +http://www.google.com/bot.html)"
85.17.88.169 - - [19/Mar/2012:11:42:38 -0700] "POST /blog/wp-cron.php?doing_wp_cron=1332182410 HTTP/1.0" 499 0 "-" "WordPress/3.3.1; http://yuvi.in/blog"
66.249.67.123 - - [19/Mar/2012:11:42:38 -0700] "GET /blog/working-big-co-unsatisfying/trackback/ HTTP/1.1" 302 0 "-" "Mozilla/5.0 (compatible; Googlebot/2.1; +http://www.google.com/bot.html)"
85.17.88.169 - - [19/Mar/2012:11:42:40 -0700] "POST /blog/wp-cron.php?doing_wp_cron=1332182412 HTTP/1.0" 499 0 "-" "WordPress/3.3.1; http://yuvi.in/blog"
66.249.67.123 - - [19/Mar/2012:11:42:40 -0700] "GET /blog/working-big-co-unsatisfying/ HTTP/1.1" 200 5431 "-" "Mozilla/5.0 (compatible; Googlebot/2.1; +http://www.google.com/bot.html)"
85.17.88.169 - - [19/Mar/2012:11:43:20 -0700] "POST /blog/wp-cron.php?doing_wp_cron=1332182452 HTTP/1.0" 499 0 "-" "WordPress/3.3.1; http://yuvi.in/blog"
66.249.67.123 - - [19/Mar/2012:11:43:21 -0700] "GET /blog/tag/algorithm/feed/ HTTP/1.1" 200 2720 "-" "Mozilla/5.0 (compatible; Googlebot/2.1; +http://www.google.com/bot.html)"
180.76.6.225 - - [19/Mar/2012:11:44:52 -0700] "GET / HTTP/1.1" 200 3439 "-" "Mozilla/5.0 (compatible; Baiduspider/2.0; +http://www.baidu.com/search/spider.html)"
207.46.204.173 - - [19/Mar/2012:11:45:59 -0700] "-" 400 0 "-" "-"
207.46.204.173 - - [19/Mar/2012:11:46:00 -0700] "-" 400 0 "-" "-"
207.46.204.173 - - [19/Mar/2012:11:46:00 -0700] "-" 400 0 "-" "-"
207.46.204.173 - - [19/Mar/2012:11:46:00 -0700] "-" 400 0 "-" "-"
207.46.204.173 - - [19/Mar/2012:11:46:01 -0700] "-" 400 0 "-" "-"
207.46.204.173 - - [19/Mar/2012:11:46:01 -0700] "-" 400 0 "-" "-"
207.46.204.173 - - [19/Mar/2012:11:46:01 -0700] "-" 400 0 "-" "-"
207.46.204.173 - - [19/Mar/2012:11:46:01 -0700] "-" 400 0 "-" "-"
207.46.204.173 - - [19/Mar/2012:11:46:01 -0700] "-" 400 0 "-" "-"
207.46.204.173 - - [19/Mar/2012:11:46:02 -0700] "-" 400 0 "-" "-"
117.204.17.200 - - [19/Mar/2012:11:46:27 -0700] "-" 400 0 "-" "-"
207.46.204.173 - - [19/Mar/2012:11:46:34 -0700] "-" 400 0 "-" "-"
117.204.17.200 - - [19/Mar/2012:11:47:56 -0700] "-" 400 0 "-" "-"
85.17.88.169 - - [19/Mar/2012:11:48:27 -0700] "POST /blog/wp-cron.php?doing_wp_cron=1332182760 HTTP/1.0" 499 0 "-" "WordPress/3.3.1; http://yuvi.in/blog"
65.52.109.146 - - [19/Mar/2012:11:48:28 -0700] "GET /blog/devlog-december-23-2011/ HTTP/1.1" 200 4625 "-" "Mozilla/5.0 (compatible; bingbot/2.0; +http://www.bing.com/bingbot.htm)"
117.204.17.200 - - [19/Mar/2012:11:48:56 -0700] "-" 400 0 "-" "-"
117.204.17.200 - - [19/Mar/2012:11:48:56 -0700] "-" 400 0 "-" "-"
117.204.17.200 - - [19/Mar/2012:11:48:56 -0700] "-" 400 0 "-" "-"
209.85.238.115 - - [19/Mar/2012:11:49:37 -0700] "GET /blog/feed/ HTTP/1.1" 200 6691 "-" "Feedfetcher-Google; (+http://www.google.com/feedfetcher.html; 19 subscribers; feed-id=15064232456473204253)"
117.204.17.200 - - [19/Mar/2012:11:49:46 -0700] "-" 400 0 "-" "-"
117.204.17.200 - - [19/Mar/2012:11:50:46 -0700] "-" 400 0 "-" "-"
85.17.88.169 - - [19/Mar/2012:11:51:20 -0700] "POST /blog/wp-cron.php?doing_wp_cron=1332182932 HTTP/1.0" 499 0 "-" "WordPress/3.3.1; http://yuvi.in/blog"
180.76.5.50 - - [19/Mar/2012:11:51:21 -0700] "GET /blog/?p=398 HTTP/1.1" 301 0 "-" "Mozilla/5.0 (compatible; Baiduspider/2.0; +http://www.baidu.com/search/spider.html)"
180.76.5.101 - - [19/Mar/2012:11:51:21 -0700] "GET /blog/my-vimrc/ HTTP/1.1" 200 4115 "-" "Mozilla/5.0 (compatible; Baiduspider/2.0; +http://www.baidu.com/search/spider.html)"
49.203.165.187 - - [19/Mar/2012:11:52:36 -0700] "GET /r/1va HTTP/1.1" 301 255 "-" "Mozilla/5.0 (iPhone; CPU iPhone OS 5_0_1 like Mac OS X) AppleWebKit/534.46 (KHTML, like Gecko) Mobile/9A405"
49.203.165.187 - - [19/Mar/2012:11:52:38 -0700] "GET /s/ta/1va/ HTTP/1.1" 302 409 "-" "Mozilla/5.0 (iPhone; CPU iPhone OS 5_0_1 like Mac OS X) AppleWebKit/534.46 (KHTML, like Gecko) Mobile/9A405"
49.203.165.187 - - [19/Mar/2012:11:52:39 -0700] "GET /r/23z HTTP/1.1" 301 255 "-" "Mozilla/5.0 (iPhone; CPU iPhone OS 5_0_1 like Mac OS X) AppleWebKit/534.46 (KHTML, like Gecko) Mobile/9A405"
49.203.165.187 - - [19/Mar/2012:11:52:41 -0700] "GET /s/ta/23z/ HTTP/1.1" 302 397 "-" "Mozilla/5.0 (iPhone; CPU iPhone OS 5_0_1 like Mac OS X) AppleWebKit/534.46 (KHTML, like Gecko) Mobile/9A405"
49.203.165.187 - - [19/Mar/2012:11:52:45 -0700] "GET /s/ta/23z/ HTTP/1.1" 302 397 "-" "Mozilla/5.0 (iPhone; CPU iPhone OS 5_0_1 like Mac OS X) AppleWebKit/534.46 (KHTML, like Gecko) Mobile/9A405"
49.203.165.187 - - [19/Mar/2012:11:52:46 -0700] "GET /s/ta/1va/ HTTP/1.1" 302 409 "-" "Mozilla/5.0 (iPhone; CPU iPhone OS 5_0_1 like Mac OS X) AppleWebKit/534.46 (KHTML, like Gecko) Mobile/9A405"
117.204.17.200 - - [19/Mar/2012:11:53:46 -0700] "-" 400 0 "-" "-"
117.204.17.200 - - [19/Mar/2012:11:53:46 -0700] "-" 400 0 "-" "-"
123.238.229.117 - - [19/Mar/2012:11:54:53 -0700] "-" 400 0 "-" "-"
123.238.229.117 - - [19/Mar/2012:11:55:13 -0700] "-" 400 0 "-" "-"
123.238.229.117 - - [19/Mar/2012:11:55:13 -0700] "-" 400 0 "-" "-"
123.238.229.117 - - [19/Mar/2012:11:55:13 -0700] "-" 400 0 "-" "-"
123.238.229.117 - - [19/Mar/2012:11:55:23 -0700] "-" 400 0 "-" "-"
85.17.88.169 - - [19/Mar/2012:11:56:41 -0700] "POST /blog/wp-cron.php?doing_wp_cron=1332183253 HTTP/1.0" 499 0 "-" "WordPress/3.3.1; http://yuvi.in/blog"
94.228.34.248 - - [19/Mar/2012:11:56:41 -0700] "GET /blog/ HTTP/1.1" 200 10128 "-" "magpie-crawler/1.1 (U; Linux amd64; en-GB; +http://www.brandwatch.net)"
85.17.88.169 - - [19/Mar/2012:12:00:05 -0700] "POST /blog/wp-cron.php?doing_wp_cron=1332183457 HTTP/1.0" 499 0 "-" "WordPress/3.3.1; http://yuvi.in/blog"
209.85.224.87 - - [19/Mar/2012:12:00:06 -0700] "GET /blog/feed HTTP/1.1" 304 0 "-" "FeedBurner/1.0 (http://www.FeedBurner.com)"
88.131.106.22 - - [19/Mar/2012:12:04:42 -0700] "GET /robots.txt HTTP/1.0" 404 169 "-" "Mozilla/5.0 (Windows; U; Windows NT 5.1; en-US) Speedy Spider (http://www.entireweb.com/about/search_tech/speedy_spider/)"
88.131.106.22 - - [19/Mar/2012:12:04:46 -0700] "GET /blog/reddit-university-sicp-reading-group.html HTTP/1.0" 200 5728 "-" "Mozilla/5.0 (Windows; U; Windows NT 5.1; en-US) Speedy Spider (http://www.entireweb.com/about/search_tech/speedy_spider/)"
117.193.171.195 - - [19/Mar/2012:12:08:01 -0700] "GET / HTTP/1.1" 200 1430 "http://www.google.co.in/url?sa=t&rct=j&q=yuvi%20website&source=web&cd=8&sqi=2&ved=0CEsQFjAH&url=http%3A%2F%2Fyuvi.in%2F&ei=doNnT7DqDca4rAe9__nYBw&usg=AFQjCNGCp_KinRzG9gFsQqxb60Cy8lsxnA" "Mozilla/5.0 (Windows NT 6.1) AppleWebKit/535.11 (KHTML, like Gecko) Chrome/17.0.963.79 Safari/535.11"
117.193.171.195 - - [19/Mar/2012:12:08:01 -0700] "GET /blueprint/screen.css HTTP/1.1" 200 12058 "http://yuvi.in/" "Mozilla/5.0 (Windows NT 6.1) AppleWebKit/535.11 (KHTML, like Gecko) Chrome/17.0.963.79 Safari/535.11"
117.193.171.195 - - [19/Mar/2012:12:08:03 -0700] "GET /blueprint/print.css HTTP/1.1" 200 1284 "http://yuvi.in/" "Mozilla/5.0 (Windows NT 6.1) AppleWebKit/535.11 (KHTML, like Gecko) Chrome/17.0.963.79 Safari/535.11"
117.193.171.195 - - [19/Mar/2012:12:08:03 -0700] "GET /header.png HTTP/1.1" 200 14249 "http://yuvi.in/" "Mozilla/5.0 (Windows NT 6.1) AppleWebKit/535.11 (KHTML, like Gecko) Chrome/17.0.963.79 Safari/535.11"
117.193.171.195 - - [19/Mar/2012:12:08:04 -0700] "GET /favicon.ico HTTP/1.1" 404 199 "-" "Mozilla/5.0 (Windows NT 6.1) AppleWebKit/535.11 (KHTML, like Gecko) Chrome/17.0.963.79 Safari/535.11"
85.17.88.169 - - [19/Mar/2012:12:10:10 -0700] "POST /blog/wp-cron.php?doing_wp_cron=1332184062 HTTP/1.0" 499 0 "-" "WordPress/3.3.1; http://yuvi.in/blog"
65.52.104.20 - - [19/Mar/2012:12:10:11 -0700] "GET /blog/note-present-future-self-pre-book-travel-tickets/feed/ HTTP/1.1" 200 4240 "-" "Mozilla/5.0 (compatible; bingbot/2.0; +http://www.bing.com/bingbot.htm)"
117.193.7.8 - - [19/Mar/2012:12:12:23 -0700] "-" 400 0 "-" "-"
117.193.7.8 - - [19/Mar/2012:12:12:23 -0700] "-" 400 0 "-" "-"
117.193.7.8 - - [19/Mar/2012:12:12:23 -0700] "-" 400 0 "-" "-"
122.174.106.187 - - [19/Mar/2012:12:12:30 -0700] "-" 400 0 "-" "-"
85.17.88.169 - - [19/Mar/2012:12:14:46 -0700] "POST /blog/wp-cron.php?doing_wp_cron=1332184338 HTTP/1.0" 499 0 "-" "WordPress/3.3.1; http://yuvi.in/blog"
207.46.13.99 - - [19/Mar/2012:12:14:47 -0700] "GET /blog/category/education/page/2/ HTTP/1.1" 200 4086 "-" "Mozilla/5.0 (compatible; bingbot/2.0; +http://www.bing.com/bingbot.htm)"
85.17.88.169 - - [19/Mar/2012:12:17:18 -0700] "POST /blog/wp-cron.php?doing_wp_cron=1332184490 HTTP/1.0" 499 0 "-" "WordPress/3.3.1; http://yuvi.in/blog"
209.85.238.115 - - [19/Mar/2012:12:17:18 -0700] "GET /blog/feed HTTP/1.1" 301 0 "-" "Feedfetcher-Google; (+http://www.google.com/feedfetcher.html; 3 subscribers; feed-id=17684830852112633560)"
209.85.238.115 - - [19/Mar/2012:12:17:19 -0700] "GET /blog/feed/ HTTP/1.1" 200 6691 "-" "Feedfetcher-Google; (+http://www.google.com/feedfetcher.html; 3 subscribers; feed-id=17684830852112633560)"
101.215.120.54 - - [19/Mar/2012:12:17:40 -0700] "GET / HTTP/1.1" 200 1430 "http://www.google.co.in/url?sa=t&rct=j&q=yuvi+panda&source=web&cd=1&ved=0CCYQFjAA&url=http%3A%2F%2Fyuvi.in%2F&ei=moVnT83jJMG8rAf44PGCCA&usg=AFQjCNGCp_KinRzG9gFsQqxb60Cy8lsxnA" "Opera/9.80 (Windows NT 5.1; U; en) Presto/2.10.229 Version/11.60"
101.215.120.54 - - [19/Mar/2012:12:17:42 -0700] "GET /blueprint/screen.css HTTP/1.1" 200 12058 "http://yuvi.in/" "Opera/9.80 (Windows NT 5.1; U; en) Presto/2.10.229 Version/11.60"
101.215.120.54 - - [19/Mar/2012:12:17:46 -0700] "GET /blueprint/print.css HTTP/1.1" 200 1284 "http://yuvi.in/" "Opera/9.80 (Windows NT 5.1; U; en) Presto/2.10.229 Version/11.60"
101.215.120.54 - - [19/Mar/2012:12:17:47 -0700] "GET /favicon.ico HTTP/1.1" 404 142 "http://yuvi.in/" "Opera/9.80 (Windows NT 5.1; U; en) Presto/2.10.229 Version/11.60"
101.215.120.54 - - [19/Mar/2012:12:17:48 -0700] "GET /header.png HTTP/1.1" 200 14249 "http://yuvi.in/" "Opera/9.80 (Windows NT 5.1; U; en) Presto/2.10.229 Version/11.60"
101.215.120.54 - - [19/Mar/2012:12:18:13 -0700] "GET /stories HTTP/1.1" 301 185 "http://yuvi.in/" "Opera/9.80 (Windows NT 5.1; U; en) Presto/2.10.229 Version/11.60"
101.215.120.54 - - [19/Mar/2012:12:18:14 -0700] "GET /stories/ HTTP/1.1" 200 1271 "http://yuvi.in/" "Opera/9.80 (Windows NT 5.1; U; en) Presto/2.10.229 Version/11.60"
101.215.120.54 - - [19/Mar/2012:12:18:19 -0700] "GET /stories/static/style.css HTTP/1.1" 200 1274 "http://yuvi.in/stories/" "Opera/9.80 (Windows NT 5.1; U; en) Presto/2.10.229 Version/11.60"
101.215.120.54 - - [19/Mar/2012:12:18:24 -0700] "GET /stories/static/codehilite.css HTTP/1.1" 200 4012 "http://yuvi.in/stories/" "Opera/9.80 (Windows NT 5.1; U; en) Presto/2.10.229 Version/11.60"
101.215.120.54 - - [19/Mar/2012:12:18:41 -0700] "GET /stories/carrier-error.html HTTP/1.1" 200 1522 "http://yuvi.in/stories/" "Opera/9.80 (Windows NT 5.1; U; en) Presto/2.10.229 Version/11.60"
122.174.106.187 - - [19/Mar/2012:12:19:19 -0700] "-" 400 0 "-" "-"
69.171.242.250 - - [19/Mar/2012:12:19:33 -0700] "GET /r/1br HTTP/1.1" 301 255 "-" "facebookexternalhit/1.1 (+http://www.facebook.com/externalhit_uatext.php)"
69.171.242.246 - - [19/Mar/2012:12:19:34 -0700] "GET /s/ta/1br/ HTTP/1.1" 302 361 "-" "facebookexternalhit/1.1 (+http://www.facebook.com/externalhit_uatext.php)"
85.17.88.169 - - [19/Mar/2012:12:20:30 -0700] "POST /blog/wp-cron.php?doing_wp_cron=1332184682 HTTP/1.0" 499 0 "-" "WordPress/3.3.1; http://yuvi.in/blog"
180.76.5.177 - - [19/Mar/2012:12:20:30 -0700] "GET /blog/devlog-mar-2011/feed/ HTTP/1.1" 200 736 "-" "Mozilla/5.0 (compatible; Baiduspider/2.0; +http://www.baidu.com/search/spider.html)"
209.85.224.89 - - [19/Mar/2012:12:22:19 -0700] "GET /stories/feed HTTP/1.1" 200 13653 "-" "FeedBurner/1.0 (http://www.FeedBurner.com)"
85.17.88.169 - - [19/Mar/2012:12:30:15 -0700] "POST /blog/wp-cron.php?doing_wp_cron=1332185266 HTTP/1.0" 499 0 "-" "WordPress/3.3.1; http://yuvi.in/blog"
209.85.224.95 - - [19/Mar/2012:12:30:15 -0700] "GET /blog/feed HTTP/1.1" 304 0 "-" "FeedBurner/1.0 (http://www.FeedBurner.com)"
85.17.88.169 - - [19/Mar/2012:12:31:57 -0700] "POST /blog/wp-cron.php?doing_wp_cron=1332185368 HTTP/1.0" 499 0 "-" "WordPress/3.3.1; http://yuvi.in/blog"
66.249.67.123 - - [19/Mar/2012:12:31:57 -0700] "GET /blog/theMarianStar/Selvi.pdf HTTP/1.1" 404 3016 "-" "Googlebot/2.1 (+http://www.google.com/bot.html)"
85.17.88.169 - - [19/Mar/2012:12:32:00 -0700] "POST /blog/wp-cron.php?doing_wp_cron=1332185372 HTTP/1.0" 499 0 "-" "WordPress/3.3.1; http://yuvi.in/blog"
66.249.67.123 - - [19/Mar/2012:12:32:01 -0700] "GET /blog/programmer-run-code-head/ HTTP/1.1" 200 5231 "-" "Mozilla/5.0 (compatible; Googlebot/2.1; +http://www.google.com/bot.html)"
69.171.234.3 - - [19/Mar/2012:12:37:50 -0700] "GET /r/1x7m HTTP/1.1" 301 257 "-" "facebookexternalhit/1.1 (+http://www.facebook.com/externalhit_uatext.php)"
69.171.234.5 - - [19/Mar/2012:12:37:51 -0700] "GET /s/ta/1x7m/ HTTP/1.1" 302 513 "-" "facebookexternalhit/1.1 (+http://www.facebook.com/externalhit_uatext.php)"
69.171.234.6 - - [19/Mar/2012:12:39:23 -0700] "GET /r/3g7 HTTP/1.1" 301 255 "-" "facebookexternalhit/1.1 (+http://www.facebook.com/externalhit_uatext.php)"
69.171.234.3 - - [19/Mar/2012:12:39:24 -0700] "GET /s/ta/3g7/ HTTP/1.1" 302 465 "-" "facebookexternalhit/1.1 (+http://www.facebook.com/externalhit_uatext.php)"
207.46.204.212 - - [19/Mar/2012:12:42:46 -0700] "-" 400 0 "-" "-"
207.46.204.212 - - [19/Mar/2012:12:42:47 -0700] "-" 400 0 "-" "-"
207.46.204.212 - - [19/Mar/2012:12:42:48 -0700] "-" 400 0 "-" "-"
207.46.204.212 - - [19/Mar/2012:12:42:48 -0700] "-" 400 0 "-" "-"
207.46.204.212 - - [19/Mar/2012:12:42:48 -0700] "-" 400 0 "-" "-"
207.46.204.212 - - [19/Mar/2012:12:42:49 -0700] "-" 400 0 "-" "-"
207.46.204.212 - - [19/Mar/2012:12:42:49 -0700] "-" 400 0 "-" "-"
207.46.204.212 - - [19/Mar/2012:12:42:50 -0700] "-" 400 0 "-" "-"
207.46.204.212 - - [19/Mar/2012:12:42:50 -0700] "-" 400 0 "-" "-"
207.46.204.212 - - [19/Mar/2012:12:42:50 -0700] "-" 400 0 "-" "-"
207.46.204.212 - - [19/Mar/2012:12:43:35 -0700] "-" 400 0 "-" "-"
193.71.162.34 - - [19/Mar/2012:12:45:45 -0700] "GET /robots.txt HTTP/1.0" 404 169 "-" "Mozilla/5.0 (compatible; MJ12bot/v1.4.2; http://www.majestic12.co.uk/bot.php?+)"
85.17.88.169 - - [19/Mar/2012:12:45:48 -0700] "POST /blog/wp-cron.php?doing_wp_cron=1332186200 HTTP/1.0" 499 0 "-" "WordPress/3.3.1; http://yuvi.in/blog"
193.71.162.34 - - [19/Mar/2012:12:45:49 -0700] "GET /blog/story-average-indian-techie HTTP/1.0" 301 0 "-" "Mozilla/5.0 (compatible; MJ12bot/v1.4.2; http://www.majestic12.co.uk/bot.php?+)"
123.125.71.44 - - [19/Mar/2012:12:45:50 -0700] "GET /robots.txt HTTP/1.1" 404 211 "-" "Mozilla/5.0 (compatible; Baiduspider/2.0; +http://www.baidu.com/search/spider.html)"
85.17.88.169 - - [19/Mar/2012:12:45:52 -0700] "POST /blog/wp-cron.php?doing_wp_cron=1332186204 HTTP/1.0" 499 0 "-" "WordPress/3.3.1; http://yuvi.in/blog"
193.71.162.34 - - [19/Mar/2012:12:45:53 -0700] "GET /blog/story-average-indian-techie/ HTTP/1.0" 200 54169 "-" "Mozilla/5.0 (compatible; MJ12bot/v1.4.2; http://www.majestic12.co.uk/bot.php?+)"
123.125.71.78 - - [19/Mar/2012:12:45:55 -0700] "GET /robots.txt HTTP/1.1" 404 142 "-" "Mozilla/5.0 (compatible; Baiduspider/2.0; +http://www.baidu.com/search/spider.html)"
85.17.88.169 - - [19/Mar/2012:12:47:39 -0700] "POST /blog/wp-cron.php?doing_wp_cron=1332186310 HTTP/1.0" 499 0 "-" "WordPress/3.3.1; http://yuvi.in/blog"
66.135.57.47 - - [19/Mar/2012:12:47:39 -0700] "GET /blog/my-vimrc/ HTTP/1.0" 200 16009 "-" "Mozilla/5.0 (Windows; U; Windows NT 5.1; rv:1.7.3) Gecko/20041001 Firefox/0.10.1"
207.46.195.239 - - [19/Mar/2012:12:47:42 -0700] "GET /blog/what-stop-child-athiest/ HTTP/1.1" 200 6093 "-" "Mozilla/5.0 (compatible; bingbot/2.0; +http://www.bing.com/bingbot.htm)"
85.17.88.169 - - [19/Mar/2012:12:47:42 -0700] "POST /blog/wp-cron.php?doing_wp_cron=1332186314 HTTP/1.0" 200 0 "-" "WordPress/3.3.1; http://yuvi.in/blog"
66.135.57.47 - - [19/Mar/2012:12:47:42 -0700] "GET /blog/college-drop/ HTTP/1.0" 200 18395 "-" "Mozilla/5.0 (Windows; U; Windows NT 5.1; rv:1.7.3) Gecko/20041001 Firefox/0.10.1"
85.17.88.169 - - [19/Mar/2012:12:47:45 -0700] "POST /blog/wp-cron.php?doing_wp_cron=1332186317 HTTP/1.0" 499 0 "-" "WordPress/3.3.1; http://yuvi.in/blog"
66.135.57.47 - - [19/Mar/2012:12:47:45 -0700] "GET /blog/passing-headers-proxying-nginx/ HTTP/1.0" 200 16690 "-" "Mozilla/5.0 (Windows; U; Windows NT 5.1; rv:1.7.3) Gecko/20041001 Firefox/0.10.1"
85.17.88.169 - - [19/Mar/2012:12:47:48 -0700] "POST /blog/wp-cron.php?doing_wp_cron=1332186320 HTTP/1.0" 499 0 "-" "WordPress/3.3.1; http://yuvi.in/blog"
66.135.57.47 - - [19/Mar/2012:12:47:48 -0700] "GET /blog/program/ HTTP/1.0" 200 27214 "-" "Mozilla/5.0 (Windows; U; Windows NT 5.1; rv:1.7.3) Gecko/20041001 Firefox/0.10.1"
85.17.88.169 - - [19/Mar/2012:12:47:51 -0700] "POST /blog/wp-cron.php?doing_wp_cron=1332186323 HTTP/1.0" 499 0 "-" "WordPress/3.3.1; http://yuvi.in/blog"
66.135.57.47 - - [19/Mar/2012:12:47:52 -0700] "GET /blog/devlog-december-26-2011/ HTTP/1.0" 200 16694 "-" "Mozilla/5.0 (Windows; U; Windows NT 5.1; rv:1.7.3) Gecko/20041001 Firefox/0.10.1"
85.17.88.169 - - [19/Mar/2012:12:47:55 -0700] "POST /blog/wp-cron.php?doing_wp_cron=1332186327 HTTP/1.0" 499 0 "-" "WordPress/3.3.1; http://yuvi.in/blog"
66.135.57.47 - - [19/Mar/2012:12:47:55 -0700] "GET /blog/devlog-december-23-2011/ HTTP/1.0" 200 16517 "-" "Mozilla/5.0 (Windows; U; Windows NT 5.1; rv:1.7.3) Gecko/20041001 Firefox/0.10.1"
66.135.57.47 - - [19/Mar/2012:12:47:57 -0700] "GET /blog/devlog-december-21-2011/ HTTP/1.0" 200 17121 "-" "Mozilla/5.0 (Windows; U; Windows NT 5.1; rv:1.7.3) Gecko/20041001 Firefox/0.10.1"
85.17.88.169 - - [19/Mar/2012:12:47:58 -0700] "POST /blog/wp-cron.php?doing_wp_cron=1332186329 HTTP/1.0" 200 0 "-" "WordPress/3.3.1; http://yuvi.in/blog"
85.17.88.169 - - [19/Mar/2012:12:48:00 -0700] "POST /blog/wp-cron.php?doing_wp_cron=1332186332 HTTP/1.0" 200 0 "-" "WordPress/3.3.1; http://yuvi.in/blog"
66.135.57.47 - - [19/Mar/2012:12:48:01 -0700] "GET /blog/devlog-december-11-2011/ HTTP/1.0" 200 16592 "-" "Mozilla/5.0 (Windows; U; Windows NT 5.1; rv:1.7.3) Gecko/20041001 Firefox/0.10.1"
180.76.5.100 - - [19/Mar/2012:12:48:01 -0700] "GET /blog/first-binary-dream/feed/ HTTP/1.1" 200 744 "-" "Mozilla/5.0 (compatible; Baiduspider/2.0; +http://www.baidu.com/search/spider.html)"
85.17.88.169 - - [19/Mar/2012:12:48:04 -0700] "POST /blog/wp-cron.php?doing_wp_cron=1332186335 HTTP/1.0" 499 0 "-" "WordPress/3.3.1; http://yuvi.in/blog"
66.135.57.47 - - [19/Mar/2012:12:48:04 -0700] "GET /blog/devlog-december-10-2011/ HTTP/1.0" 200 16387 "-" "Mozilla/5.0 (Windows; U; Windows NT 5.1; rv:1.7.3) Gecko/20041001 Firefox/0.10.1"
85.17.88.169 - - [19/Mar/2012:12:48:07 -0700] "POST /blog/wp-cron.php?doing_wp_cron=1332186339 HTTP/1.0" 499 0 "-" "WordPress/3.3.1; http://yuvi.in/blog"
66.135.57.47 - - [19/Mar/2012:12:48:08 -0700] "GET /blog/devlog-december-7-2011/ HTTP/1.0" 200 16833 "-" "Mozilla/5.0 (Windows; U; Windows NT 5.1; rv:1.7.3) Gecko/20041001 Firefox/0.10.1"
85.17.88.169 - - [19/Mar/2012:12:49:22 -0700] "POST /blog/wp-cron.php?doing_wp_cron=1332186414 HTTP/1.0" 499 0 "-" "WordPress/3.3.1; http://yuvi.in/blog"
66.249.67.123 - - [19/Mar/2012:12:49:22 -0700] "GET /blog/theMarianStar/Nicky.pdf HTTP/1.1" 404 3016 "-" "Googlebot/2.1 (+http://www.google.com/bot.html)"
85.17.88.169 - - [19/Mar/2012:12:56:49 -0700] "POST /blog/wp-cron.php?doing_wp_cron=1332186861 HTTP/1.0" 499 0 "-" "WordPress/3.3.1; http://yuvi.in/blog"
209.85.238.115 - - [19/Mar/2012:12:56:50 -0700] "GET /blog/feed/ HTTP/1.1" 304 0 "-" "Feedfetcher-Google; (+http://www.google.com/feedfetcher.html; 19 subscribers; feed-id=15064232456473204253)"
85.17.88.169 - - [19/Mar/2012:12:57:26 -0700] "POST /blog/wp-cron.php?doing_wp_cron=1332186898 HTTP/1.0" 499 0 "-" "WordPress/3.3.1; http://yuvi.in/blog"
65.52.109.26 - - [19/Mar/2012:12:57:27 -0700] "GET /blog/functional-programming-geekweekend-at-thoughtworks/ HTTP/1.1" 200 6433 "-" "Mozilla/5.0 (compatible; bingbot/2.0; +http://www.bing.com/bingbot.htm)"
178.195.135.43 - - [19/Mar/2012:12:57:59 -0700] "GET /r/1fke HTTP/1.1" 301 257 "http://ta.wikipedia.org/wiki/%E0%AE%AA%E0%AE%9F%E0%AE%BF%E0%AE%AE%E0%AE%AE%E0%AF%8D:Kanakampikai.jpg" "Mozilla/5.0 (compatible; MSIE 9.0; Windows NT 6.1; WOW64; Trident/5.0)"
178.195.135.43 - - [19/Mar/2012:12:58:00 -0700] "GET /s/ta/1fke/ HTTP/1.1" 302 371 "http://ta.wikipedia.org/wiki/%E0%AE%AA%E0%AE%9F%E0%AE%BF%E0%AE%AE%E0%AE%AE%E0%AF%8D:Kanakampikai.jpg" "Mozilla/5.0 (compatible; MSIE 9.0; Windows NT 6.1; WOW64; Trident/5.0)"
85.17.88.169 - - [19/Mar/2012:13:00:18 -0700] "POST /blog/wp-cron.php?doing_wp_cron=1332187070 HTTP/1.0" 499 0 "-" "WordPress/3.3.1; http://yuvi.in/blog"
209.85.224.82 - - [19/Mar/2012:13:00:19 -0700] "GET /blog/feed HTTP/1.1" 304 0 "-" "FeedBurner/1.0 (http://www.FeedBurner.com)"
94.237.87.148 - - [19/Mar/2012:13:00:35 -0700] "GET /blog/moving-to-vim-from-emacs.html HTTP/1.1" 200 2657 "http://www.google.fi/url?sa=t&rct=j&q=&esrc=s&source=web&cd=10&ved=0CIUBEBYwCQ&url=http%3A%2F%2Fyuvi.in%2Fblog%2Fmoving-to-vim-from-emacs.html&ei=wo9nT874Eufa4QTj4cmkCA&usg=AFQjCNFDH22f3e_OFiBflaVRz4z_s_6FcA" "Opera/9.80 (X11; Linux x86_64; U; en) Presto/2.10.229 Version/11.61"
94.237.87.148 - - [19/Mar/2012:13:00:35 -0700] "GET /blog/static/style.css HTTP/1.1" 200 4753 "http://yuvi.in/blog/moving-to-vim-from-emacs.html" "Opera/9.80 (X11; Linux x86_64; U; en) Presto/2.10.229 Version/11.61"
94.237.87.148 - - [19/Mar/2012:13:00:36 -0700] "GET /favicon.ico HTTP/1.1" 404 142 "http://yuvi.in/blog/moving-to-vim-from-emacs.html" "Opera/9.80 (X11; Linux x86_64; U; en) Presto/2.10.229 Version/11.61"
94.237.87.148 - - [19/Mar/2012:13:00:36 -0700] "GET /blog/static/codehilite.css HTTP/1.1" 200 4012 "http://yuvi.in/blog/moving-to-vim-from-emacs.html" "Opera/9.80 (X11; Linux x86_64; U; en) Presto/2.10.229 Version/11.61"
130.89.170.71 - - [19/Mar/2012:13:02:14 -0700] "GET /favicon.ico HTTP/1.1" 404 142 "-" "Mozilla/5.0 (compatible; Google Desktop/5.9.1005.12335; http://desktop.google.com/)"
109.82.157.50 - - [19/Mar/2012:13:04:53 -0700] "GET /r/14c8 HTTP/1.1" 301 257 "http://ta.wikipedia.org/wiki/%E0%AE%87%E0%AE%B0%E0%AE%BE%E0%AE%B5%E0%AF%81%E0%AE%A4%E0%AF%8D%E0%AE%A4%E0%AE%B0%E0%AF%8D" "Mozilla/5.0 (compatible; MSIE 9.0; Windows NT 6.1; Trident/5.0)"
109.82.157.50 - - [19/Mar/2012:13:04:54 -0700] "GET /s/ta/14c8/ HTTP/1.1" 302 385 "http://ta.wikipedia.org/wiki/%E0%AE%87%E0%AE%B0%E0%AE%BE%E0%AE%B5%E0%AF%81%E0%AE%A4%E0%AF%8D%E0%AE%A4%E0%AE%B0%E0%AF%8D" "Mozilla/5.0 (compatible; MSIE 9.0; Windows NT 6.1; Trident/5.0)"
85.17.88.169 - - [19/Mar/2012:13:08:37 -0700] "POST /blog/wp-cron.php?doing_wp_cron=1332187569 HTTP/1.0" 499 0 "-" "WordPress/3.3.1; http://yuvi.in/blog"
180.76.5.107 - - [19/Mar/2012:13:08:38 -0700] "GET /blog/gsoc-milestone-0-what-does-my-project-do/feed/ HTTP/1.1" 200 819 "-" "Mozilla/5.0 (compatible; Baiduspider/2.0; +http://www.baidu.com/search/spider.html)"
85.17.88.169 - - [19/Mar/2012:13:14:05 -0700] "POST /blog/wp-cron.php?doing_wp_cron=1332187897 HTTP/1.0" 499 0 "-" "WordPress/3.3.1; http://yuvi.in/blog"
79.25.27.143 - - [19/Mar/2012:13:14:06 -0700] "GET /blog/ HTTP/1.1" 200 33079 "-" "Mozilla/5.0 (compatible; Googlebot/2.1; +http://www.google.com/bot.html)"
85.17.88.169 - - [19/Mar/2012:13:15:48 -0700] "POST /blog/wp-cron.php?doing_wp_cron=1332188000 HTTP/1.0" 499 0 "-" "WordPress/3.3.1; http://yuvi.in/blog"
209.85.238.115 - - [19/Mar/2012:13:15:48 -0700] "GET /blog/feed HTTP/1.1" 301 0 "-" "Feedfetcher-Google; (+http://www.google.com/feedfetcher.html; 3 subscribers; feed-id=17684830852112633560)"
85.17.88.169 - - [19/Mar/2012:13:15:50 -0700] "POST /blog/wp-cron.php?doing_wp_cron=1332188002 HTTP/1.0" 499 0 "-" "WordPress/3.3.1; http://yuvi.in/blog"
209.85.238.115 - - [19/Mar/2012:13:15:51 -0700] "GET /blog/feed/ HTTP/1.1" 304 0 "-" "Feedfetcher-Google; (+http://www.google.com/feedfetcher.html; 3 subscribers; feed-id=17684830852112633560)"
74.125.19.23 - - [19/Mar/2012:13:21:27 -0700] "GET /favicon.ico HTTP/1.1" 404 142 "-" "-"
209.85.224.81 - - [19/Mar/2012:13:22:22 -0700] "GET /stories/feed HTTP/1.1" 200 13653 "-" "FeedBurner/1.0 (http://www.FeedBurner.com)"
94.228.34.209 - - [19/Mar/2012:13:25:21 -0700] "GET /blog/serendipity.html HTTP/1.1" 304 0 "-" "magpie-crawler/1.1 (U; Linux amd64; en-GB; +http://www.brandwatch.net)"
199.48.144.62 - - [19/Mar/2012:13:25:27 -0700] "GET / HTTP/1.1" 200 1430 "-" "Mozilla/5.0 (compatible; ERIPPbot; +http://eripp.com)"
85.17.88.169 - - [19/Mar/2012:13:30:25 -0700] "POST /blog/wp-cron.php?doing_wp_cron=1332188877 HTTP/1.0" 499 0 "-" "WordPress/3.3.1; http://yuvi.in/blog"
209.85.224.85 - - [19/Mar/2012:13:30:25 -0700] "GET /blog/feed HTTP/1.1" 304 0 "-" "FeedBurner/1.0 (http://www.FeedBurner.com)"
141.0.9.157 - - [19/Mar/2012:13:30:38 -0700] "-" 400 0 "-" "-"
141.0.9.157 - - [19/Mar/2012:13:30:38 -0700] "-" 400 0 "-" "-"
207.46.204.215 - - [19/Mar/2012:13:33:41 -0700] "-" 400 0 "-" "-"
207.46.204.215 - - [19/Mar/2012:13:33:41 -0700] "-" 400 0 "-" "-"
207.46.204.215 - - [19/Mar/2012:13:33:41 -0700] "-" 400 0 "-" "-"
207.46.204.215 - - [19/Mar/2012:13:33:41 -0700] "-" 400 0 "-" "-"
207.46.204.215 - - [19/Mar/2012:13:33:42 -0700] "-" 400 0 "-" "-"
207.46.204.215 - - [19/Mar/2012:13:33:42 -0700] "-" 400 0 "-" "-"
207.46.204.215 - - [19/Mar/2012:13:33:42 -0700] "-" 400 0 "-" "-"
207.46.204.215 - - [19/Mar/2012:13:33:42 -0700] "-" 400 0 "-" "-"
207.46.204.215 - - [19/Mar/2012:13:33:42 -0700] "-" 400 0 "-" "-"
207.46.204.215 - - [19/Mar/2012:13:33:42 -0700] "-" 400 0 "-" "-"
67.215.230.27 - - [19/Mar/2012:13:34:09 -0700] "GET /robots.txt HTTP/1.0" 404 169 "-" "Setooz/Nutch-1.2 (http://www.setooz.com)"
67.215.230.27 - - [19/Mar/2012:13:34:09 -0700] "GET / HTTP/1.0" 200 3439 "-" "Setooz/Nutch-1.2 (http://www.setooz.com)"
67.215.230.27 - - [19/Mar/2012:13:34:15 -0700] "GET /robots.txt HTTP/1.0" 404 169 "-" "Setooz/Nutch-1.2 (http://www.setooz.com)"
67.215.230.27 - - [19/Mar/2012:13:34:15 -0700] "GET /stories HTTP/1.0" 301 185 "-" "Setooz/Nutch-1.2 (http://www.setooz.com)"
207.46.204.215 - - [19/Mar/2012:13:34:22 -0700] "-" 400 0 "-" "-"
119.63.196.93 - - [19/Mar/2012:13:36:15 -0700] "GET / HTTP/1.1" 304 0 "-" "Mozilla/5.0 (compatible; Baiduspider/2.0; +http://www.baidu.com/search/spider.html)"
85.17.88.169 - - [19/Mar/2012:13:36:56 -0700] "POST /blog/wp-cron.php?doing_wp_cron=1332189267 HTTP/1.0" 499 0 "-" "WordPress/3.3.1; http://yuvi.in/blog"
50.19.65.61 - - [19/Mar/2012:13:36:56 -0700] "GET /robots.txt HTTP/1.1" 404 211 "-" "Mozilla/5.0 (Macintosh; U; Intel Mac OS X 10.6; en-US; rv:1.9.2) Gecko/20100115 Firefox/3.6 (FlipboardProxy/1.1; +http://flipboard.com/browserproxy)"
180.76.5.90 - - [19/Mar/2012:13:36:56 -0700] "GET /blog/icc-rules-for-backyard-cricket/feed/ HTTP/1.1" 200 780 "-" "Mozilla/5.0 (compatible; Baiduspider/2.0; +http://www.baidu.com/search/spider.html)"
50.19.65.61 - - [19/Mar/2012:13:36:57 -0700] "GET /r/1txa HTTP/1.1" 301 257 "-" "Mozilla/5.0 (Macintosh; U; Intel Mac OS X 10.6; en-US; rv:1.9.2) Gecko/20100115 Firefox/3.6 (FlipboardProxy/1.1; +http://flipboard.com/browserproxy)"
50.19.65.61 - - [19/Mar/2012:13:36:57 -0700] "GET /s/ta/1txa/ HTTP/1.1" 302 413 "-" "Mozilla/5.0 (Macintosh; U; Intel Mac OS X 10.6; en-US; rv:1.9.2) Gecko/20100115 Firefox/3.6 (FlipboardProxy/1.1; +http://flipboard.com/browserproxy)"
85.17.88.169 - - [19/Mar/2012:13:44:56 -0700] "POST /blog/wp-cron.php?doing_wp_cron=1332189747 HTTP/1.0" 499 0 "-" "WordPress/3.3.1; http://yuvi.in/blog"
101.226.33.187 - - [19/Mar/2012:13:44:56 -0700] "GET /blog/feed HTTP/1.0" 304 0 "-" "Mozilla/4.0 (compatible; Windows;)"
207.46.204.216 - - [19/Mar/2012:13:48:57 -0700] "-" 400 0 "-" "-"
207.46.204.216 - - [19/Mar/2012:13:48:59 -0700] "-" 400 0 "-" "-"
207.46.204.216 - - [19/Mar/2012:13:48:59 -0700] "-" 400 0 "-" "-"
207.46.204.216 - - [19/Mar/2012:13:48:59 -0700] "-" 400 0 "-" "-"
207.46.204.216 - - [19/Mar/2012:13:49:00 -0700] "-" 400 0 "-" "-"
207.46.204.216 - - [19/Mar/2012:13:49:00 -0700] "-" 400 0 "-" "-"
207.46.204.216 - - [19/Mar/2012:13:49:00 -0700] "-" 400 0 "-" "-"
207.46.204.216 - - [19/Mar/2012:13:49:01 -0700] "-" 400 0 "-" "-"
207.46.204.216 - - [19/Mar/2012:13:49:01 -0700] "-" 400 0 "-" "-"
207.46.204.216 - - [19/Mar/2012:13:49:01 -0700] "-" 400 0 "-" "-"
207.46.204.216 - - [19/Mar/2012:13:49:51 -0700] "-" 400 0 "-" "-"
208.115.113.84 - - [19/Mar/2012:13:53:13 -0700] "GET /robots.txt HTTP/1.1" 404 169 "-" "Mozilla/5.0 (compatible; Ezooms/1.0; ezooms.bot@gmail.com)"
85.17.88.169 - - [19/Mar/2012:13:54:50 -0700] "POST /blog/wp-cron.php?doing_wp_cron=1332190341 HTTP/1.0" 499 0 "-" "WordPress/3.3.1; http://yuvi.in/blog"
209.85.238.115 - - [19/Mar/2012:13:54:50 -0700] "GET /blog/feed/ HTTP/1.1" 304 0 "-" "Feedfetcher-Google; (+http://www.google.com/feedfetcher.html; 19 subscribers; feed-id=15064232456473204253)"
208.115.111.68 - - [19/Mar/2012:13:56:13 -0700] "GET /robots.txt HTTP/1.1" 404 169 "-" "Mozilla/5.0 (compatible; Ezooms/1.0; ezooms.bot@gmail.com)"
14.96.78.50 - - [19/Mar/2012:14:00:19 -0700] "-" 400 0 "-" "-"
85.17.88.169 - - [19/Mar/2012:14:00:31 -0700] "POST /blog/wp-cron.php?doing_wp_cron=1332190682 HTTP/1.0" 499 0 "-" "WordPress/3.3.1; http://yuvi.in/blog"
209.85.224.90 - - [19/Mar/2012:14:00:31 -0700] "GET /blog/feed HTTP/1.1" 304 0 "-" "FeedBurner/1.0 (http://www.FeedBurner.com)"
14.96.78.50 - - [19/Mar/2012:14:00:39 -0700] "-" 400 0 "-" "-"
65.52.109.152 - - [19/Mar/2012:14:02:59 -0700] "GET /robots.txt HTTP/1.1" 404 169 "-" "Mozilla/5.0 (compatible; bingbot/2.0; +http://www.bing.com/bingbot.htm)"
78.143.142.168 - - [19/Mar/2012:14:03:02 -0700] "GET /POSM/ HTTP/1.1" 200 1963 "-" "Mozilla/5.0 (iPad; CPU OS 5_1 like Mac OS X) AppleWebKit/534.46 (KHTML, like Gecko) Version/5.1 Mobile/9B176 Safari/7534.48.3"
78.143.142.168 - - [19/Mar/2012:14:03:07 -0700] "GET /POSM/creds.js HTTP/1.1" 200 89 "http://yuvi.in/POSM/" "Mozilla/5.0 (iPad; CPU OS 5_1 like Mac OS X) AppleWebKit/534.46 (KHTML, like Gecko) Version/5.1 Mobile/9B176 Safari/7534.48.3"
78.143.142.168 - - [19/Mar/2012:14:03:10 -0700] "GET /POSM/lib/leaflet/leaflet.css HTTP/1.1" 200 6437 "http://yuvi.in/POSM/" "Mozilla/5.0 (iPad; CPU OS 5_1 like Mac OS X) AppleWebKit/534.46 (KHTML, like Gecko) Version/5.1 Mobile/9B176 Safari/7534.48.3"
78.143.142.168 - - [19/Mar/2012:14:03:10 -0700] "GET /POSM/style.css HTTP/1.1" 200 1349 "http://yuvi.in/POSM/" "Mozilla/5.0 (iPad; CPU OS 5_1 like Mac OS X) AppleWebKit/534.46 (KHTML, like Gecko) Version/5.1 Mobile/9B176 Safari/7534.48.3"
78.143.142.168 - - [19/Mar/2012:14:03:10 -0700] "GET /POSM/lib/jquery.mobile.structure-1.0.1.css HTTP/1.1" 200 32452 "http://yuvi.in/POSM/" "Mozilla/5.0 (iPad; CPU OS 5_1 like Mac OS X) AppleWebKit/534.46 (KHTML, like Gecko) Version/5.1 Mobile/9B176 Safari/7534.48.3"
78.143.142.168 - - [19/Mar/2012:14:03:11 -0700] "GET /POSM/lib/jquery.timeago.js HTTP/1.1" 200 4491 "http://yuvi.in/POSM/" "Mozilla/5.0 (iPad; CPU OS 5_1 like Mac OS X) AppleWebKit/534.46 (KHTML, like Gecko) Version/5.1 Mobile/9B176 Safari/7534.48.3"
78.143.142.168 - - [19/Mar/2012:14:03:11 -0700] "GET /POSM/lib/templates.js HTTP/1.1" 200 426 "http://yuvi.in/POSM/" "Mozilla/5.0 (iPad; CPU OS 5_1 like Mac OS X) AppleWebKit/534.46 (KHTML, like Gecko) Version/5.1 Mobile/9B176 Safari/7534.48.3"
78.143.142.168 - - [19/Mar/2012:14:03:11 -0700] "GET /POSM/js/tapbar.js HTTP/1.1" 200 881 "http://yuvi.in/POSM/" "Mozilla/5.0 (iPad; CPU OS 5_1 like Mac OS X) AppleWebKit/534.46 (KHTML, like Gecko) Version/5.1 Mobile/9B176 Safari/7534.48.3"
78.143.142.168 - - [19/Mar/2012:14:03:11 -0700] "GET /POSM/lib/jquery.mobile-1.0.1.css HTTP/1.1" 200 83437 "http://yuvi.in/POSM/" "Mozilla/5.0 (iPad; CPU OS 5_1 like Mac OS X) AppleWebKit/534.46 (KHTML, like Gecko) Version/5.1 Mobile/9B176 Safari/7534.48.3"
78.143.142.168 - - [19/Mar/2012:14:03:11 -0700] "GET /POSM/zoomData.js HTTP/1.1" 200 1573 "http://yuvi.in/POSM/" "Mozilla/5.0 (iPad; CPU OS 5_1 like Mac OS X) AppleWebKit/534.46 (KHTML, like Gecko) Version/5.1 Mobile/9B176 Safari/7534.48.3"
78.143.142.168 - - [19/Mar/2012:14:03:11 -0700] "GET /POSM/lib/TileLayer.Bing.js HTTP/1.1" 200 5317 "http://yuvi.in/POSM/" "Mozilla/5.0 (iPad; CPU OS 5_1 like Mac OS X) AppleWebKit/534.46 (KHTML, like Gecko) Version/5.1 Mobile/9B176 Safari/7534.48.3"
78.143.142.168 - - [19/Mar/2012:14:03:11 -0700] "GET /POSM/js/changesets.js HTTP/1.1" 200 1226 "http://yuvi.in/POSM/" "Mozilla/5.0 (iPad; CPU OS 5_1 like Mac OS X) AppleWebKit/534.46 (KHTML, like Gecko) Version/5.1 Mobile/9B176 Safari/7534.48.3"
78.143.142.168 - - [19/Mar/2012:14:03:11 -0700] "GET /POSM/js/poi.js HTTP/1.1" 200 2031 "http://yuvi.in/POSM/" "Mozilla/5.0 (iPad; CPU OS 5_1 like Mac OS X) AppleWebKit/534.46 (KHTML, like Gecko) Version/5.1 Mobile/9B176 Safari/7534.48.3"
78.143.142.168 - - [19/Mar/2012:14:03:11 -0700] "GET /POSM/lib/phonegap.js HTTP/1.1" 200 144879 "http://yuvi.in/POSM/" "Mozilla/5.0 (iPad; CPU OS 5_1 like Mac OS X) AppleWebKit/534.46 (KHTML, like Gecko) Version/5.1 Mobile/9B176 Safari/7534.48.3"
78.143.142.168 - - [19/Mar/2012:14:03:11 -0700] "GET /POSM/js/curpos.js HTTP/1.1" 200 1793 "http://yuvi.in/POSM/" "Mozilla/5.0 (iPad; CPU OS 5_1 like Mac OS X) AppleWebKit/534.46 (KHTML, like Gecko) Version/5.1 Mobile/9B176 Safari/7534.48.3"
78.143.142.168 - - [19/Mar/2012:14:03:11 -0700] "GET /POSM/js/main.js HTTP/1.1" 200 9616 "http://yuvi.in/POSM/" "Mozilla/5.0 (iPad; CPU OS 5_1 like Mac OS X) AppleWebKit/534.46 (KHTML, like Gecko) Version/5.1 Mobile/9B176 Safari/7534.48.3"
78.143.142.168 - - [19/Mar/2012:14:03:11 -0700] "GET /POSM/lib/underscore.js HTTP/1.1" 200 35168 "http://yuvi.in/POSM/" "Mozilla/5.0 (iPad; CPU OS 5_1 like Mac OS X) AppleWebKit/534.46 (KHTML, like Gecko) Version/5.1 Mobile/9B176 Safari/7534.48.3"
78.143.142.168 - - [19/Mar/2012:14:03:12 -0700] "GET /POSM/js/poimanager.js HTTP/1.1" 200 9309 "http://yuvi.in/POSM/" "Mozilla/5.0 (iPad; CPU OS 5_1 like Mac OS X) AppleWebKit/534.46 (KHTML, like Gecko) Version/5.1 Mobile/9B176 Safari/7534.48.3"
