207.46.204.219 - - [16/Apr/2012:11:47:03 -0700] "-" 400 0 "-" "-"
207.46.204.219 - - [16/Apr/2012:11:47:03 -0700] "-" 400 0 "-" "-"
207.46.204.219 - - [16/Apr/2012:11:47:04 -0700] "-" 400 0 "-" "-"
207.46.204.219 - - [16/Apr/2012:11:47:04 -0700] "-" 400 0 "-" "-"
207.46.204.219 - - [16/Apr/2012:11:47:05 -0700] "-" 400 0 "-" "-"
207.46.204.219 - - [16/Apr/2012:11:47:45 -0700] "-" 400 0 "-" "-"
66.249.73.23 - - [16/Apr/2012:11:48:10 -0700] "GET /r/2yyc HTTP/1.1" 301 257 "-" "Mozilla/5.0 (compatible; Googlebot/2.1; +http://www.google.com/bot.html)"
66.249.73.23 - - [16/Apr/2012:11:48:11 -0700] "GET /s/ta/2yyc/ HTTP/1.1" 302 409 "-" "Mozilla/5.0 (compatible; Googlebot/2.1; +http://www.google.com/bot.html)"
85.17.88.169 - - [16/Apr/2012:11:48:36 -0700] "POST /blog/wp-cron.php?doing_wp_cron=1334601745 HTTP/1.0" 499 0 "-" "WordPress/3.3.1; http://yuvi.in/blog"
220.181.108.123 - - [16/Apr/2012:11:48:37 -0700] "GET /blog/category/personal/ HTTP/1.1" 200 15880 "-" "Mozilla/5.0 (compatible; Baiduspider/2.0; +http://www.baidu.com/search/spider.html)"
61.16.160.66 - - [16/Apr/2012:11:50:30 -0700] "-" 400 0 "-" "-"
85.17.88.169 - - [16/Apr/2012:11:50:40 -0700] "POST /blog/wp-cron.php?doing_wp_cron=1334601868 HTTP/1.0" 499 0 "-" "WordPress/3.3.1; http://yuvi.in/blog"
208.115.113.84 - - [16/Apr/2012:11:50:40 -0700] "GET /blog/tag/link/ HTTP/1.1" 200 22448 "-" "Mozilla/5.0 (compatible; Ezooms/1.0; ezooms.bot@gmail.com)"
208.115.113.84 - - [16/Apr/2012:11:50:46 -0700] "GET /blog/tag/bs.html HTTP/1.1" 200 5548 "-" "Mozilla/5.0 (compatible; Ezooms/1.0; ezooms.bot@gmail.com)"
85.17.88.169 - - [16/Apr/2012:11:50:49 -0700] "POST /blog/wp-cron.php?doing_wp_cron=1334601878 HTTP/1.0" 499 0 "-" "WordPress/3.3.1; http://yuvi.in/blog"
208.115.113.84 - - [16/Apr/2012:11:50:50 -0700] "GET /blog/tag/android/feed/ HTTP/1.1" 200 5120 "-" "Mozilla/5.0 (compatible; Ezooms/1.0; ezooms.bot@gmail.com)"
85.17.88.169 - - [16/Apr/2012:11:50:51 -0700] "POST /blog/wp-cron.php?doing_wp_cron=1334601879 HTTP/1.0" 499 0 "-" "WordPress/3.3.1; http://yuvi.in/blog"
208.115.113.84 - - [16/Apr/2012:11:50:51 -0700] "GET /blog/lessons-learnt-from-working-with-the-symposium/feed/ HTTP/1.1" 200 828 "-" "Mozilla/5.0 (compatible; Ezooms/1.0; ezooms.bot@gmail.com)"
85.17.88.169 - - [16/Apr/2012:11:50:56 -0700] "POST /blog/wp-cron.php?doing_wp_cron=1334601885 HTTP/1.0" 499 0 "-" "WordPress/3.3.1; http://yuvi.in/blog"
208.115.113.84 - - [16/Apr/2012:11:50:57 -0700] "GET /blog/author/admin/feed/ HTTP/1.1" 200 39113 "-" "Mozilla/5.0 (compatible; Ezooms/1.0; ezooms.bot@gmail.com)"
85.17.88.169 - - [16/Apr/2012:11:51:03 -0700] "POST /blog/wp-cron.php?doing_wp_cron=1334601891 HTTP/1.0" 499 0 "-" "WordPress/3.3.1; http://yuvi.in/blog"
208.115.113.84 - - [16/Apr/2012:11:51:03 -0700] "GET /blog/anatomy-of-an-impromptu-hackathon-git-vs-svn/feed/ HTTP/1.1" 200 824 "-" "Mozilla/5.0 (compatible; Ezooms/1.0; ezooms.bot@gmail.com)"
210.212.92.194 - - [16/Apr/2012:11:51:39 -0700] "GET /favicon.ico HTTP/1.1" 404 571 "http://prashanth-kamle.blogspot.in/" "Mozilla/4.0 (compatible; MSIE 8.0; Windows NT 5.1; Trident/4.0; chromeframe/18.0.1025.162; InfoPath.2; .NET CLR 1.1.4322; .NET4.0C; .NET CLR 2.0.50727)"
208.115.111.69 - - [16/Apr/2012:11:55:50 -0700] "GET /s/ta/2g6x/ HTTP/1.1" 302 757 "-" "Mozilla/5.0 (compatible; Ezooms/1.0; ezooms.bot@gmail.com)"
66.249.73.219 - - [16/Apr/2012:11:59:18 -0700] "GET /blog/i-m-jealous-of-her.html HTTP/1.1" 200 2174 "-" "Mozilla/5.0 (compatible; Googlebot/2.1; +http://www.google.com/bot.html)"
184.191.224.10 - - [16/Apr/2012:12:00:29 -0700] "GET / HTTP/1.1" 200 1430 "-" "Caffeinated/1.1.2 CFNetwork/520.3.2 Darwin/11.3.0 (x86_64) (MacBookPro8%2C1)"
184.191.224.10 - - [16/Apr/2012:12:00:29 -0700] "GET /favicon.ico HTTP/1.1" 404 142 "-" "Caffeinated/1.1.2 CFNetwork/520.3.2 Darwin/11.3.0 (x86_64) (MacBookPro8%2C1)"
184.191.224.10 - - [16/Apr/2012:12:01:26 -0700] "GET / HTTP/1.1" 200 1430 "-" "Caffeinated/1.1.2 CFNetwork/520.3.2 Darwin/11.3.0 (x86_64) (MacBookPro8%2C1)"
184.191.224.10 - - [16/Apr/2012:12:01:26 -0700] "GET /favicon.ico HTTP/1.1" 404 142 "-" "Caffeinated/1.1.2 CFNetwork/520.3.2 Darwin/11.3.0 (x86_64) (MacBookPro8%2C1)"
85.17.88.169 - - [16/Apr/2012:12:01:45 -0700] "POST /blog/wp-cron.php?doing_wp_cron=1334602533 HTTP/1.0" 499 0 "-" "WordPress/3.3.1; http://yuvi.in/blog"
101.226.33.179 - - [16/Apr/2012:12:01:45 -0700] "GET /blog/feed HTTP/1.0" 304 0 "-" "Mozilla/4.0 (compatible; Windows;)"
122.183.228.46 - - [16/Apr/2012:12:04:15 -0700] "GET /r/1j7m HTTP/1.0" 301 257 "http://ta.wikipedia.org/wiki/%E0%AE%AE%E0%AF%88%E0%AE%9A%E0%AF%80%E0%AE%95%E0%AF%8D%E0%AE%95%E0%AF%81%E0%AE%B5%E0%AF%86%E0%AE%B2%E0%AF%8D" "Mozilla/5.0 (Windows NT 5.1; rv:6.0) Gecko/20100101 Firefox/6.0"
122.183.228.46 - - [16/Apr/2012:12:04:15 -0700] "GET /s/ta/1j7m/ HTTP/1.0" 302 409 "http://ta.wikipedia.org/wiki/%E0%AE%AE%E0%AF%88%E0%AE%9A%E0%AF%80%E0%AE%95%E0%AF%8D%E0%AE%95%E0%AF%81%E0%AE%B5%E0%AF%86%E0%AE%B2%E0%AF%8D" "Mozilla/5.0 (Windows NT 5.1; rv:6.0) Gecko/20100101 Firefox/6.0"
98.139.241.244 - - [16/Apr/2012:12:06:16 -0700] "GET / HTTP/1.1" 200 3439 "-" "YahooCacheSystem"
98.139.241.244 - - [16/Apr/2012:12:06:17 -0700] "GET /favicon.ico HTTP/1.1" 404 169 "-" "YahooCacheSystem"
196.15.16.105 - - [16/Apr/2012:12:06:35 -0700] "GET /stories/it-s-never-over.html HTTP/1.1" 200 1780 "http://yuvi.in/stories/" "Mozilla/5.0 (Windows NT 6.1; WOW64) AppleWebKit/535.19 (KHTML, like Gecko) Chrome/18.0.1025.162 Safari/535.19"
196.15.16.105 - - [16/Apr/2012:12:06:35 -0700] "GET /stories/ HTTP/1.1" 200 1271 "http://yuvi.in/" "Mozilla/5.0 (Windows NT 6.1; WOW64) AppleWebKit/535.19 (KHTML, like Gecko) Chrome/18.0.1025.162 Safari/535.19"
196.15.16.105 - - [16/Apr/2012:12:06:35 -0700] "GET /stories/hopeless-romantic.html HTTP/1.1" 200 2031 "http://yuvi.in/stories/" "Mozilla/5.0 (Windows NT 6.1; WOW64) AppleWebKit/535.19 (KHTML, like Gecko) Chrome/18.0.1025.162 Safari/535.19"
196.15.16.105 - - [16/Apr/2012:12:08:28 -0700] "GET /stories/static/codehilite.css HTTP/1.1" 200 4012 "http://yuvi.in/stories/hopeless-romantic.html" "Mozilla/5.0 (Windows NT 6.1; WOW64) AppleWebKit/535.19 (KHTML, like Gecko) Chrome/18.0.1025.162 Safari/535.19"
196.15.16.105 - - [16/Apr/2012:12:08:28 -0700] "GET /stories/static/style.css HTTP/1.1" 200 1274 "http://yuvi.in/stories/it-s-never-over.html" "Mozilla/5.0 (Windows NT 6.1; WOW64) AppleWebKit/535.19 (KHTML, like Gecko) Chrome/18.0.1025.162 Safari/535.19"
196.15.16.105 - - [16/Apr/2012:12:08:28 -0700] "GET /stories/static/style.css HTTP/1.1" 200 1274 "http://yuvi.in/stories/" "Mozilla/5.0 (Windows NT 6.1; WOW64) AppleWebKit/535.19 (KHTML, like Gecko) Chrome/18.0.1025.162 Safari/535.19"
196.15.16.105 - - [16/Apr/2012:12:08:29 -0700] "GET /stories/static/codehilite.css HTTP/1.1" 200 4012 "http://yuvi.in/stories/it-s-never-over.html" "Mozilla/5.0 (Windows NT 6.1; WOW64) AppleWebKit/535.19 (KHTML, like Gecko) Chrome/18.0.1025.162 Safari/535.19"
196.15.16.105 - - [16/Apr/2012:12:08:29 -0700] "GET /stories/static/style.css HTTP/1.1" 200 1274 "http://yuvi.in/stories/hopeless-romantic.html" "Mozilla/5.0 (Windows NT 6.1; WOW64) AppleWebKit/535.19 (KHTML, like Gecko) Chrome/18.0.1025.162 Safari/535.19"
196.15.16.105 - - [16/Apr/2012:12:08:29 -0700] "GET /stories/static/codehilite.css HTTP/1.1" 200 4012 "http://yuvi.in/stories/" "Mozilla/5.0 (Windows NT 6.1; WOW64) AppleWebKit/535.19 (KHTML, like Gecko) Chrome/18.0.1025.162 Safari/535.19"
196.15.16.105 - - [16/Apr/2012:12:09:39 -0700] "GET /favicon.ico HTTP/1.1" 404 199 "-" "Mozilla/5.0 (Windows NT 6.1; WOW64) AppleWebKit/535.19 (KHTML, like Gecko) Chrome/18.0.1025.162 Safari/535.19"
196.15.16.105 - - [16/Apr/2012:12:09:39 -0700] "GET /favicon.ico HTTP/1.1" 404 199 "-" "Mozilla/5.0 (Windows NT 6.1; WOW64) AppleWebKit/535.19 (KHTML, like Gecko) Chrome/18.0.1025.162 Safari/535.19"
196.15.16.105 - - [16/Apr/2012:12:09:39 -0700] "GET /favicon.ico HTTP/1.1" 404 199 "-" "Mozilla/5.0 (Windows NT 6.1; WOW64) AppleWebKit/535.19 (KHTML, like Gecko) Chrome/18.0.1025.162 Safari/535.19"
85.17.88.169 - - [16/Apr/2012:12:09:58 -0700] "POST /blog/wp-cron.php?doing_wp_cron=1334603027 HTTP/1.0" 499 0 "-" "WordPress/3.3.1; http://yuvi.in/blog"
65.52.109.146 - - [16/Apr/2012:12:09:59 -0700] "GET /blog/2010/01/ HTTP/1.1" 200 5764 "-" "Mozilla/5.0 (compatible; bingbot/2.0; +http://www.bing.com/bingbot.htm)"
85.17.88.169 - - [16/Apr/2012:12:10:19 -0700] "POST /blog/wp-cron.php?doing_wp_cron=1334603048 HTTP/1.0" 499 0 "-" "WordPress/3.3.1; http://yuvi.in/blog"
220.181.108.169 - - [16/Apr/2012:12:10:21 -0700] "GET /blog/category/uncategorized/ HTTP/1.1" 200 23025 "-" "Mozilla/5.0 (compatible; Baiduspider/2.0; +http://www.baidu.com/search/spider.html)"
85.17.88.169 - - [16/Apr/2012:12:11:29 -0700] "POST /blog/wp-cron.php?doing_wp_cron=1334603118 HTTP/1.0" 499 0 "-" "WordPress/3.3.1; http://yuvi.in/blog"
209.85.224.96 - - [16/Apr/2012:12:11:30 -0700] "GET /blog/feed HTTP/1.1" 304 0 "-" "FeedBurner/1.0 (http://www.FeedBurner.com)"
61.6.56.2 - - [16/Apr/2012:12:16:15 -0700] "GET /favicon.ico HTTP/1.1" 404 211 "-" "Mozilla/5.0 (compatible; MSIE 9.0; Windows NT 6.1; WOW64; Trident/5.0)"
66.220.146.250 - - [16/Apr/2012:12:16:16 -0700] "GET /r/o7q HTTP/1.1" 301 255 "-" "facebookexternalhit/1.1 (+http://www.facebook.com/externalhit_uatext.php)"
66.220.146.248 - - [16/Apr/2012:12:16:16 -0700] "GET /s/ta/o7q/ HTTP/1.1" 302 337 "-" "facebookexternalhit/1.1 (+http://www.facebook.com/externalhit_uatext.php)"
61.6.56.2 - - [16/Apr/2012:12:16:17 -0700] "GET /r/2dz HTTP/1.1" 301 255 "http://ta.wikipedia.org/wiki/%E0%AE%A4%E0%AE%BF%E0%AE%B2%E0%AF%80%E0%AE%AA%E0%AF%8D%E0%AE%95%E0%AF%81%E0%AE%AE%E0%AE%BE%E0%AE%B0%E0%AF%8D_(%E0%AE%8E%E0%AE%B4%E0%AF%81%E0%AE%A4%E0%AF%8D%E0%AE%A4%E0%AE%BE%E0%AE%B3%E0%AE%B0%E0%AF%8D)" "Mozilla/5.0 (compatible; MSIE 9.0; Windows NT 6.1; WOW64; Trident/5.0)"
61.6.56.2 - - [16/Apr/2012:12:16:17 -0700] "GET /s/ta/2dz/ HTTP/1.1" 302 541 "http://ta.wikipedia.org/wiki/%E0%AE%A4%E0%AE%BF%E0%AE%B2%E0%AF%80%E0%AE%AA%E0%AF%8D%E0%AE%95%E0%AF%81%E0%AE%AE%E0%AE%BE%E0%AE%B0%E0%AF%8D_(%E0%AE%8E%E0%AE%B4%E0%AF%81%E0%AE%A4%E0%AF%8D%E0%AE%A4%E0%AE%BE%E0%AE%B3%E0%AE%B0%E0%AF%8D)" "Mozilla/5.0 (compatible; MSIE 9.0; Windows NT 6.1; WOW64; Trident/5.0)"
184.191.224.10 - - [16/Apr/2012:12:20:30 -0700] "GET / HTTP/1.1" 200 1430 "-" "Caffeinated/1.1.2 CFNetwork/520.3.2 Darwin/11.3.0 (x86_64) (MacBookPro8%2C1)"
184.191.224.10 - - [16/Apr/2012:12:20:30 -0700] "GET /favicon.ico HTTP/1.1" 404 142 "-" "Caffeinated/1.1.2 CFNetwork/520.3.2 Darwin/11.3.0 (x86_64) (MacBookPro8%2C1)"
184.191.224.10 - - [16/Apr/2012:12:21:29 -0700] "GET / HTTP/1.1" 200 1430 "-" "Caffeinated/1.1.2 CFNetwork/520.3.2 Darwin/11.3.0 (x86_64) (MacBookPro8%2C1)"
184.191.224.10 - - [16/Apr/2012:12:21:29 -0700] "GET /favicon.ico HTTP/1.1" 404 142 "-" "Caffeinated/1.1.2 CFNetwork/520.3.2 Darwin/11.3.0 (x86_64) (MacBookPro8%2C1)"
109.246.4.197 - - [16/Apr/2012:12:23:23 -0700] "-" 400 0 "-" "-"
109.246.4.197 - - [16/Apr/2012:12:23:23 -0700] "-" 400 0 "-" "-"
109.246.4.197 - - [16/Apr/2012:12:23:23 -0700] "-" 400 0 "-" "-"
109.246.4.197 - - [16/Apr/2012:12:23:23 -0700] "-" 400 0 "-" "-"
109.246.4.197 - - [16/Apr/2012:12:23:23 -0700] "-" 400 0 "-" "-"
85.17.88.169 - - [16/Apr/2012:12:25:12 -0700] "POST /blog/wp-cron.php?doing_wp_cron=1334603940 HTTP/1.0" 499 0 "-" "WordPress/3.3.1; http://yuvi.in/blog"
94.102.150.50 - - [16/Apr/2012:12:25:12 -0700] "GET /blog/feed/atom/ HTTP/1.1" 304 0 "-" "SocialSearcher/0.1  Mozilla/5.0"
109.246.4.197 - - [16/Apr/2012:12:27:03 -0700] "-" 400 0 "-" "-"
109.246.4.197 - - [16/Apr/2012:12:27:03 -0700] "-" 400 0 "-" "-"
109.246.4.197 - - [16/Apr/2012:12:27:03 -0700] "-" 400 0 "-" "-"
109.246.4.197 - - [16/Apr/2012:12:27:03 -0700] "-" 400 0 "-" "-"
85.17.88.169 - - [16/Apr/2012:12:27:23 -0700] "POST /blog/wp-cron.php?doing_wp_cron=1334604071 HTTP/1.0" 499 0 "-" "WordPress/3.3.1; http://yuvi.in/blog"
220.181.108.80 - - [16/Apr/2012:12:27:24 -0700] "GET /blog/devlog-december-10-2011/ HTTP/1.1" 200 4530 "-" "Mozilla/5.0 (compatible; Baiduspider/2.0; +http://www.baidu.com/search/spider.html)"
85.17.88.169 - - [16/Apr/2012:12:31:26 -0700] "POST /blog/wp-cron.php?doing_wp_cron=1334604314 HTTP/1.0" 499 0 "-" "WordPress/3.3.1; http://yuvi.in/blog"
209.85.238.182 - - [16/Apr/2012:12:31:27 -0700] "GET /blog/feed/ HTTP/1.1" 304 0 "-" "Feedfetcher-Google; (+http://www.google.com/feedfetcher.html; 19 subscribers; feed-id=15064232456473204253)"
77.40.224.122 - - [16/Apr/2012:12:33:02 -0700] "GET /AssessmentBar/r/Unassessed_India_articles/ HTTP/1.1" 302 327 "http://en.wikipedia.org/wiki/Salman_Khan" "Mozilla/5.0 (Windows NT 5.1) AppleWebKit/535.19 (KHTML, like Gecko) Chrome/18.0.1025.162 Safari/535.19"
85.17.88.169 - - [16/Apr/2012:12:34:22 -0700] "POST /blog/wp-cron.php?doing_wp_cron=1334604490 HTTP/1.0" 499 0 "-" "WordPress/3.3.1; http://yuvi.in/blog"
66.135.57.47 - - [16/Apr/2012:12:34:22 -0700] "GET /blog/my-vimrc/ HTTP/1.0" 200 16009 "-" "Mozilla/5.0 (Windows; U; Windows NT 5.1; rv:1.7.3) Gecko/20041001 Firefox/0.10.1"
85.17.88.169 - - [16/Apr/2012:12:34:25 -0700] "POST /blog/wp-cron.php?doing_wp_cron=1334604493 HTTP/1.0" 499 0 "-" "WordPress/3.3.1; http://yuvi.in/blog"
66.135.57.47 - - [16/Apr/2012:12:34:25 -0700] "GET /blog/college-drop/ HTTP/1.0" 200 18395 "-" "Mozilla/5.0 (Windows; U; Windows NT 5.1; rv:1.7.3) Gecko/20041001 Firefox/0.10.1"
85.17.88.169 - - [16/Apr/2012:12:34:27 -0700] "POST /blog/wp-cron.php?doing_wp_cron=1334604496 HTTP/1.0" 499 0 "-" "WordPress/3.3.1; http://yuvi.in/blog"
66.135.57.47 - - [16/Apr/2012:12:34:28 -0700] "GET /blog/passing-headers-proxying-nginx/ HTTP/1.0" 200 16690 "-" "Mozilla/5.0 (Windows; U; Windows NT 5.1; rv:1.7.3) Gecko/20041001 Firefox/0.10.1"
85.17.88.169 - - [16/Apr/2012:12:34:30 -0700] "POST /blog/wp-cron.php?doing_wp_cron=1334604499 HTTP/1.0" 499 0 "-" "WordPress/3.3.1; http://yuvi.in/blog"
66.135.57.47 - - [16/Apr/2012:12:34:31 -0700] "GET /blog/program/ HTTP/1.0" 200 27214 "-" "Mozilla/5.0 (Windows; U; Windows NT 5.1; rv:1.7.3) Gecko/20041001 Firefox/0.10.1"
85.17.88.169 - - [16/Apr/2012:12:34:34 -0700] "POST /blog/wp-cron.php?doing_wp_cron=1334604502 HTTP/1.0" 499 0 "-" "WordPress/3.3.1; http://yuvi.in/blog"
66.135.57.47 - - [16/Apr/2012:12:34:34 -0700] "GET /blog/devlog-december-26-2011/ HTTP/1.0" 200 16694 "-" "Mozilla/5.0 (Windows; U; Windows NT 5.1; rv:1.7.3) Gecko/20041001 Firefox/0.10.1"
85.17.88.169 - - [16/Apr/2012:12:34:37 -0700] "POST /blog/wp-cron.php?doing_wp_cron=1334604505 HTTP/1.0" 499 0 "-" "WordPress/3.3.1; http://yuvi.in/blog"
66.135.57.47 - - [16/Apr/2012:12:34:37 -0700] "GET /blog/devlog-december-23-2011/ HTTP/1.0" 200 16517 "-" "Mozilla/5.0 (Windows; U; Windows NT 5.1; rv:1.7.3) Gecko/20041001 Firefox/0.10.1"
85.17.88.169 - - [16/Apr/2012:12:34:40 -0700] "POST /blog/wp-cron.php?doing_wp_cron=1334604508 HTTP/1.0" 499 0 "-" "WordPress/3.3.1; http://yuvi.in/blog"
66.135.57.47 - - [16/Apr/2012:12:34:40 -0700] "GET /blog/devlog-december-21-2011/ HTTP/1.0" 200 17121 "-" "Mozilla/5.0 (Windows; U; Windows NT 5.1; rv:1.7.3) Gecko/20041001 Firefox/0.10.1"
85.17.88.169 - - [16/Apr/2012:12:34:43 -0700] "POST /blog/wp-cron.php?doing_wp_cron=1334604511 HTTP/1.0" 499 0 "-" "WordPress/3.3.1; http://yuvi.in/blog"
66.135.57.47 - - [16/Apr/2012:12:34:43 -0700] "GET /blog/devlog-december-11-2011/ HTTP/1.0" 200 16592 "-" "Mozilla/5.0 (Windows; U; Windows NT 5.1; rv:1.7.3) Gecko/20041001 Firefox/0.10.1"
85.17.88.169 - - [16/Apr/2012:12:34:46 -0700] "POST /blog/wp-cron.php?doing_wp_cron=1334604514 HTTP/1.0" 499 0 "-" "WordPress/3.3.1; http://yuvi.in/blog"
66.135.57.47 - - [16/Apr/2012:12:34:46 -0700] "GET /blog/devlog-december-10-2011/ HTTP/1.0" 200 16387 "-" "Mozilla/5.0 (Windows; U; Windows NT 5.1; rv:1.7.3) Gecko/20041001 Firefox/0.10.1"
85.17.88.169 - - [16/Apr/2012:12:34:49 -0700] "POST /blog/wp-cron.php?doing_wp_cron=1334604517 HTTP/1.0" 499 0 "-" "WordPress/3.3.1; http://yuvi.in/blog"
66.135.57.47 - - [16/Apr/2012:12:34:49 -0700] "GET /blog/devlog-december-7-2011/ HTTP/1.0" 200 16833 "-" "Mozilla/5.0 (Windows; U; Windows NT 5.1; rv:1.7.3) Gecko/20041001 Firefox/0.10.1"
209.85.224.99 - - [16/Apr/2012:12:36:30 -0700] "GET /stories/feed HTTP/1.1" 200 13653 "-" "FeedBurner/1.0 (http://www.FeedBurner.com)"
74.125.90.85 - - [16/Apr/2012:12:36:43 -0700] "GET /favicon.ico HTTP/1.1" 404 142 "-" "-"
115.240.76.105 - - [16/Apr/2012:12:36:54 -0700] "-" 400 0 "-" "-"
180.151.27.57 - - [16/Apr/2012:12:38:36 -0700] "GET /AssessmentBar/r/Unassessed_India_articles/ HTTP/1.1" 302 265 "http://en.wikipedia.org/wiki/Battle_of_Koregaon" "Mozilla/5.0 (Macintosh; Intel Mac OS X 10.7; rv:11.0) Gecko/20100101 Firefox/11.0"
180.151.27.57 - - [16/Apr/2012:12:38:41 -0700] "-" 400 0 "-" "-"
85.17.88.169 - - [16/Apr/2012:12:40:44 -0700] "POST /blog/wp-cron.php?doing_wp_cron=1334604872 HTTP/1.0" 499 0 "-" "WordPress/3.3.1; http://yuvi.in/blog"
209.85.238.182 - - [16/Apr/2012:12:40:44 -0700] "GET /blog/feed HTTP/1.1" 301 0 "-" "Feedfetcher-Google; (+http://www.google.com/feedfetcher.html; 3 subscribers; feed-id=17684830852112633560)"
85.17.88.169 - - [16/Apr/2012:12:40:46 -0700] "POST /blog/wp-cron.php?doing_wp_cron=1334604874 HTTP/1.0" 499 0 "-" "WordPress/3.3.1; http://yuvi.in/blog"
209.85.238.182 - - [16/Apr/2012:12:40:47 -0700] "GET /blog/feed/ HTTP/1.1" 304 0 "-" "Feedfetcher-Google; (+http://www.google.com/feedfetcher.html; 3 subscribers; feed-id=17684830852112633560)"
109.246.4.197 - - [16/Apr/2012:12:41:04 -0700] "-" 400 0 "-" "-"
109.246.4.197 - - [16/Apr/2012:12:41:04 -0700] "-" 400 0 "-" "-"
109.246.4.197 - - [16/Apr/2012:12:41:04 -0700] "-" 400 0 "-" "-"
213.186.127.13 - - [16/Apr/2012:12:41:05 -0700] "GET /r/g0h HTTP/1.1" 301 255 "-" "Mozilla/5.0 (compatible; AhrefsBot/2.0; +http://ahrefs.com/robot/)"
109.246.4.197 - - [16/Apr/2012:12:41:24 -0700] "-" 400 0 "-" "-"
109.246.4.197 - - [16/Apr/2012:12:41:24 -0700] "-" 400 0 "-" "-"
95.108.151.244 - - [16/Apr/2012:12:41:30 -0700] "GET /robots.txt HTTP/1.1" 404 238 "-" "Mozilla/5.0 (compatible; YandexBot/3.0; +http://yandex.com/bots)"
95.108.151.244 - - [16/Apr/2012:12:41:31 -0700] "GET / HTTP/1.1" 404 211 "-" "Mozilla/5.0 (compatible; YandexBot/3.0; +http://yandex.com/bots)"
95.108.151.244 - - [16/Apr/2012:12:41:32 -0700] "GET / HTTP/1.1" 404 211 "-" "Mozilla/5.0 (compatible; YandexBot/3.0; +http://yandex.com/bots)"
180.151.27.57 - - [16/Apr/2012:12:41:38 -0700] "GET /AssessmentBar/r/Unassessed_India_articles/ HTTP/1.1" 302 267 "http://en.wikipedia.org/wiki/Pahar" "Mozilla/5.0 (Macintosh; Intel Mac OS X 10.7; rv:11.0) Gecko/20100101 Firefox/11.0"
85.17.88.169 - - [16/Apr/2012:12:41:38 -0700] "POST /blog/wp-cron.php?doing_wp_cron=1334604927 HTTP/1.0" 499 0 "-" "WordPress/3.3.1; http://yuvi.in/blog"
209.85.144.93 - - [16/Apr/2012:12:41:39 -0700] "GET /blog/feed HTTP/1.1" 304 0 "-" "FeedBurner/1.0 (http://www.FeedBurner.com)"
180.151.27.57 - - [16/Apr/2012:12:41:43 -0700] "-" 400 0 "-" "-"
115.240.76.105 - - [16/Apr/2012:12:42:04 -0700] "-" 400 0 "-" "-"
115.240.76.105 - - [16/Apr/2012:12:42:04 -0700] "-" 400 0 "-" "-"
180.151.27.57 - - [16/Apr/2012:12:42:31 -0700] "GET /AssessmentBar/r/Unassessed_India_articles/ HTTP/1.1" 302 267 "http://en.wikipedia.org/wiki/Sirali" "Mozilla/5.0 (Macintosh; Intel Mac OS X 10.7; rv:11.0) Gecko/20100101 Firefox/11.0"
69.171.234.3 - - [16/Apr/2012:12:42:43 -0700] "GET /r/33y0 HTTP/1.1" 301 257 "-" "facebookexternalhit/1.1 (+http://www.facebook.com/externalhit_uatext.php)"
69.171.234.4 - - [16/Apr/2012:12:42:43 -0700] "GET /s/ta/33y0/ HTTP/1.1" 302 609 "-" "facebookexternalhit/1.1 (+http://www.facebook.com/externalhit_uatext.php)"
109.246.4.197 - - [16/Apr/2012:12:43:14 -0700] "-" 400 0 "-" "-"
65.52.104.20 - - [16/Apr/2012:12:45:35 -0700] "GET /blog/tag/cheese.html HTTP/1.1" 200 7974 "-" "Mozilla/5.0 (compatible; bingbot/2.0; +http://www.bing.com/bingbot.htm)"
220.181.108.149 - - [16/Apr/2012:12:46:16 -0700] "GET /blog/devlog-december-21-2011/ HTTP/1.1" 200 4629 "-" "Mozilla/5.0 (compatible; Baiduspider/2.0; +http://www.baidu.com/search/spider.html)"
111.91.86.233 - - [16/Apr/2012:12:46:46 -0700] "GET /r/12la HTTP/1.1" 301 257 "http://ta.wikipedia.org/wiki/%E0%AE%B0%E0%AF%82%E0%AE%AA%E0%AF%8D%E0%AE%AA%E0%AE%B0%E0%AF%8D%E0%AE%9F%E0%AF%8D_%E0%AE%AE%E0%AE%B0%E0%AF%8D%E0%AE%9F%E0%AE%BE%E0%AE%95%E0%AF%8D" "Mozilla/5.0 (Windows NT 6.1) AppleWebKit/535.19 (KHTML, like Gecko) Chrome/18.0.1025.152 Safari/535.19"
111.91.86.233 - - [16/Apr/2012:12:46:47 -0700] "GET /s/ta/12la/ HTTP/1.1" 302 461 "http://ta.wikipedia.org/wiki/%E0%AE%B0%E0%AF%82%E0%AE%AA%E0%AF%8D%E0%AE%AA%E0%AE%B0%E0%AF%8D%E0%AE%9F%E0%AF%8D_%E0%AE%AE%E0%AE%B0%E0%AF%8D%E0%AE%9F%E0%AE%BE%E0%AE%95%E0%AF%8D" "Mozilla/5.0 (Windows NT 6.1) AppleWebKit/535.19 (KHTML, like Gecko) Chrome/18.0.1025.152 Safari/535.19"
66.220.149.249 - - [16/Apr/2012:12:46:49 -0700] "GET /r/2pay HTTP/1.1" 301 257 "-" "facebookexternalhit/1.1 (+http://www.facebook.com/externalhit_uatext.php)"
66.220.149.248 - - [16/Apr/2012:12:46:49 -0700] "GET /s/ta/2pay/ HTTP/1.1" 302 465 "-" "facebookexternalhit/1.1 (+http://www.facebook.com/externalhit_uatext.php)"
111.91.86.233 - - [16/Apr/2012:12:47:01 -0700] "-" 400 0 "-" "-"
212.103.139.74 - - [16/Apr/2012:12:47:59 -0700] "GET /w00tw00t.at.blackhats.romanian.anti-sec:) HTTP/1.1" 404 142 "-" "ZmEu"
212.103.139.74 - - [16/Apr/2012:12:48:00 -0700] "GET /3rdparty/phpMyAdmin/scripts/setup.php HTTP/1.1" 404 142 "-" "ZmEu"
212.103.139.74 - - [16/Apr/2012:12:48:01 -0700] "GET /admin/mysql/scripts/setup.php HTTP/1.1" 404 142 "-" "ZmEu"
212.103.139.74 - - [16/Apr/2012:12:48:01 -0700] "GET /admin/phpmyadmin/scripts/setup.php HTTP/1.1" 404 142 "-" "ZmEu"
212.103.139.74 - - [16/Apr/2012:12:48:02 -0700] "GET /admin/pma/scripts/setup.php HTTP/1.1" 404 142 "-" "ZmEu"
212.103.139.74 - - [16/Apr/2012:12:48:03 -0700] "GET /_admin/scripts/setup.php HTTP/1.1" 404 142 "-" "ZmEu"
212.103.139.74 - - [16/Apr/2012:12:48:03 -0700] "GET /admin/scripts/setup.php HTTP/1.1" 404 142 "-" "ZmEu"
212.103.139.74 - - [16/Apr/2012:12:48:04 -0700] "GET admin/scripts/setup.php HTTP/1.1" 400 173 "-" "-"
212.103.139.74 - - [16/Apr/2012:12:48:05 -0700] "GET /admm/scripts/setup.php HTTP/1.1" 404 142 "-" "ZmEu"
212.103.139.74 - - [16/Apr/2012:12:48:05 -0700] "GET /admn/scripts/setup.php HTTP/1.1" 404 142 "-" "ZmEu"
212.103.139.74 - - [16/Apr/2012:12:48:05 -0700] "GET /backup/phpmyadmin/scripts/setup.php HTTP/1.1" 404 142 "-" "ZmEu"
212.103.139.74 - - [16/Apr/2012:12:48:06 -0700] "GET /backup/phpMyAdmin/scripts/setup.php HTTP/1.1" 404 142 "-" "ZmEu"
212.103.139.74 - - [16/Apr/2012:12:48:06 -0700] "GET /bbs/data/scripts/setup.php HTTP/1.1" 404 142 "-" "ZmEu"
212.103.139.74 - - [16/Apr/2012:12:48:06 -0700] "GET /bkup/phpmyadmin/scripts/setup.php HTTP/1.1" 404 142 "-" "ZmEu"
212.103.139.74 - - [16/Apr/2012:12:48:08 -0700] "GET /bkup/phpMyAdmin/scripts/setup.php HTTP/1.1" 404 142 "-" "ZmEu"
212.103.139.74 - - [16/Apr/2012:12:48:08 -0700] "GET /cpadmindb/scripts/setup.php HTTP/1.1" 404 142 "-" "ZmEu"
212.103.139.74 - - [16/Apr/2012:12:48:08 -0700] "GET /cpadmin/scripts/setup.php HTTP/1.1" 404 142 "-" "ZmEu"
212.103.139.74 - - [16/Apr/2012:12:48:09 -0700] "GET /cpanelmysql/scripts/setup.php HTTP/1.1" 404 142 "-" "ZmEu"
212.103.139.74 - - [16/Apr/2012:12:48:09 -0700] "GET /cpanelphpmyadmin/scripts/setup.php HTTP/1.1" 404 142 "-" "ZmEu"
212.103.139.74 - - [16/Apr/2012:12:48:10 -0700] "GET /cpanelsql/scripts/setup.php HTTP/1.1" 404 142 "-" "ZmEu"
213.186.122.3 - - [16/Apr/2012:12:48:10 -0700] "GET /r/1i1g HTTP/1.1" 301 257 "-" "Mozilla/5.0 (compatible; AhrefsBot/3.0; +http://ahrefs.com/robot/)"
212.103.139.74 - - [16/Apr/2012:12:48:10 -0700] "GET /cpdbadmin/scripts/setup.php HTTP/1.1" 404 142 "-" "ZmEu"
212.103.139.74 - - [16/Apr/2012:12:48:10 -0700] "GET /cpphpmyadmin/scripts/setup.php HTTP/1.1" 404 142 "-" "ZmEu"
212.103.139.74 - - [16/Apr/2012:12:48:11 -0700] "GET /databaseadmin/scripts/setup.php HTTP/1.1" 404 142 "-" "ZmEu"
212.103.139.74 - - [16/Apr/2012:12:48:11 -0700] "GET /dbadmin/scripts/setup.php HTTP/1.1" 404 142 "-" "ZmEu"
212.103.139.74 - - [16/Apr/2012:12:48:12 -0700] "GET /db/scripts/setup.php HTTP/1.1" 404 142 "-" "ZmEu"
212.103.139.74 - - [16/Apr/2012:12:48:12 -0700] "GET /myadmin/scripts/setup.php HTTP/1.1" 404 142 "-" "ZmEu"
212.103.139.74 - - [16/Apr/2012:12:48:12 -0700] "GET /MyAdmin/scripts/setup.php HTTP/1.1" 404 142 "-" "ZmEu"
212.103.139.74 - - [16/Apr/2012:12:48:13 -0700] "GET /mysqladminconfig/scripts/setup.php HTTP/1.1" 404 142 "-" "ZmEu"
212.103.139.74 - - [16/Apr/2012:12:48:13 -0700] "GET /mysql-admin/scripts/setup.php HTTP/1.1" 404 142 "-" "ZmEu"
212.103.139.74 - - [16/Apr/2012:12:48:13 -0700] "GET /mysqladmin/scripts/setup.php HTTP/1.1" 404 142 "-" "ZmEu"
212.103.139.74 - - [16/Apr/2012:12:48:14 -0700] "GET /MySQLAdmin/scripts/setup.php HTTP/1.1" 404 142 "-" "ZmEu"
212.103.139.74 - - [16/Apr/2012:12:48:14 -0700] "GET /mysqlmanager/scripts/setup.php HTTP/1.1" 404 142 "-" "ZmEu"
212.103.139.74 - - [16/Apr/2012:12:48:15 -0700] "GET /mysql/scripts/setup.php HTTP/1.1" 404 142 "-" "ZmEu"
212.103.139.74 - - [16/Apr/2012:12:48:15 -0700] "GET /phpadmin/scripts/setup.php HTTP/1.1" 404 142 "-" "ZmEu"
212.103.139.74 - - [16/Apr/2012:12:48:16 -0700] "GET /phpmanager/scripts/setup.php HTTP/1.1" 404 142 "-" "ZmEu"
212.103.139.74 - - [16/Apr/2012:12:48:16 -0700] "GET /phpm/scripts/setup.php HTTP/1.1" 404 142 "-" "ZmEu"
212.103.139.74 - - [16/Apr/2012:12:48:22 -0700] "GET /_phpmyadmin/scripts/setup.php HTTP/1.1" 404 142 "-" "ZmEu"
212.103.139.74 - - [16/Apr/2012:12:48:23 -0700] "GET /php-my-admin/scripts/setup.php HTTP/1.1" 404 142 "-" "ZmEu"
212.103.139.74 - - [16/Apr/2012:12:48:23 -0700] "GET /php-myadmin/scripts/setup.php HTTP/1.1" 404 142 "-" "ZmEu"
212.103.139.74 - - [16/Apr/2012:12:48:23 -0700] "GET /phpmy-admin/scripts/setup.php HTTP/1.1" 404 142 "-" "ZmEu"
212.103.139.74 - - [16/Apr/2012:12:48:24 -0700] "GET /phpmyadmin/scripts/setup.php HTTP/1.1" 404 142 "-" "ZmEu"
69.171.234.5 - - [16/Apr/2012:12:48:24 -0700] "GET /r/33y0 HTTP/1.1" 301 257 "-" "facebookexternalhit/1.1 (+http://www.facebook.com/externalhit_uatext.php)"
212.103.139.74 - - [16/Apr/2012:12:48:24 -0700] "GET /_phpMyAdmin/scripts/setup.php HTTP/1.1" 404 142 "-" "ZmEu"
69.171.234.7 - - [16/Apr/2012:12:48:24 -0700] "GET /s/ta/33y0/ HTTP/1.1" 302 609 "-" "facebookexternalhit/1.1 (+http://www.facebook.com/externalhit_uatext.php)"
212.103.139.74 - - [16/Apr/2012:12:48:25 -0700] "GET /phpMyAdmin/scripts/setup.php HTTP/1.1" 404 142 "-" "ZmEu"
212.103.139.74 - - [16/Apr/2012:12:48:25 -0700] "GET /pHpMyAdMiN/scripts/setup.php HTTP/1.1" 404 142 "-" "ZmEu"
212.103.139.74 - - [16/Apr/2012:12:48:25 -0700] "GET /PHPMYADMIN/scripts/setup.php HTTP/1.1" 404 142 "-" "ZmEu"
212.103.139.74 - - [16/Apr/2012:12:48:29 -0700] "GET /phpmyad/scripts/setup.php HTTP/1.1" 404 142 "-" "ZmEu"
212.103.139.74 - - [16/Apr/2012:12:48:29 -0700] "GET /phpMyAds/scripts/setup.php HTTP/1.1" 404 142 "-" "ZmEu"
212.103.139.74 - - [16/Apr/2012:12:48:30 -0700] "GET /phpmyad-sys/scripts/setup.php HTTP/1.1" 404 142 "-" "ZmEu"
212.103.139.74 - - [16/Apr/2012:12:48:30 -0700] "GET /phpmya/scripts/setup.php HTTP/1.1" 404 142 "-" "ZmEu"
212.103.139.74 - - [16/Apr/2012:12:48:30 -0700] "GET /phpMyA/scripts/setup.php HTTP/1.1" 404 142 "-" "ZmEu"
212.103.139.74 - - [16/Apr/2012:12:48:31 -0700] "GET /phpmy/scripts/setup.php HTTP/1.1" 404 142 "-" "ZmEu"
212.103.139.74 - - [16/Apr/2012:12:48:31 -0700] "GET /pHpMy/scripts/setup.php HTTP/1.1" 404 142 "-" "ZmEu"
212.103.139.74 - - [16/Apr/2012:12:48:32 -0700] "GET /php/scripts/setup.php HTTP/1.1" 404 142 "-" "ZmEu"
212.103.139.74 - - [16/Apr/2012:12:48:32 -0700] "GET /pma2005/scripts/setup.php HTTP/1.1" 404 142 "-" "ZmEu"
212.103.139.74 - - [16/Apr/2012:12:48:33 -0700] "GET /PMA2005/scripts/setup.php HTTP/1.1" 404 142 "-" "ZmEu"
212.103.139.74 - - [16/Apr/2012:12:48:33 -0700] "GET /p/m/a/scripts/setup.php HTTP/1.1" 404 142 "-" "ZmEu"
212.103.139.74 - - [16/Apr/2012:12:48:34 -0700] "GET /pma/scripts/setup.php HTTP/1.1" 404 142 "-" "ZmEu"
212.103.139.74 - - [16/Apr/2012:12:48:34 -0700] "GET /pMA/scripts/setup.php HTTP/1.1" 404 142 "-" "ZmEu"
212.103.139.74 - - [16/Apr/2012:12:48:34 -0700] "GET /~/PMA/scripts/setup.php HTTP/1.1" 404 142 "-" "ZmEu"
212.103.139.74 - - [16/Apr/2012:12:48:35 -0700] "GET /PMA/scripts/setup.php HTTP/1.1" 404 142 "-" "ZmEu"
212.103.139.74 - - [16/Apr/2012:12:48:35 -0700] "GET /roundcube/scripts/setup.php HTTP/1.1" 404 142 "-" "ZmEu"
212.103.139.74 - - [16/Apr/2012:12:48:36 -0700] "GET /scripts/setup.php HTTP/1.1" 404 142 "-" "ZmEu"
212.103.139.74 - - [16/Apr/2012:12:48:36 -0700] "GET /sl2/data/scripts/setup.php HTTP/1.1" 404 142 "-" "ZmEu"
212.103.139.74 - - [16/Apr/2012:12:48:36 -0700] "GET /sqladmin/scripts/setup.php HTTP/1.1" 404 142 "-" "ZmEu"
212.103.139.74 - - [16/Apr/2012:12:48:37 -0700] "GET /sqlmanager/scripts/setup.php HTTP/1.1" 404 142 "-" "ZmEu"
212.103.139.74 - - [16/Apr/2012:12:48:37 -0700] "GET /sql/scripts/setup.php HTTP/1.1" 404 142 "-" "ZmEu"
212.103.139.74 - - [16/Apr/2012:12:48:37 -0700] "GET /SQL/scripts/setup.php HTTP/1.1" 404 142 "-" "ZmEu"
212.103.139.74 - - [16/Apr/2012:12:48:38 -0700] "GET /sqlweb/scripts/setup.php HTTP/1.1" 404 142 "-" "ZmEu"
212.103.139.74 - - [16/Apr/2012:12:48:38 -0700] "GET /SSLMySQLAdmin/scripts/setup.php HTTP/1.1" 404 142 "-" "ZmEu"
212.103.139.74 - - [16/Apr/2012:12:48:39 -0700] "GET /typo3/phpmyadmin/scripts/setup.php HTTP/1.1" 404 142 "-" "ZmEu"
212.103.139.74 - - [16/Apr/2012:12:48:39 -0700] "GET /vhcs2/tools/pma/scripts/setup.php HTTP/1.1" 404 142 "-" "ZmEu"
212.103.139.74 - - [16/Apr/2012:12:48:39 -0700] "GET /webadmin/scripts/setup.php HTTP/1.1" 404 142 "-" "ZmEu"
212.103.139.74 - - [16/Apr/2012:12:48:40 -0700] "GET /webdb/scripts/setup.php HTTP/1.1" 404 142 "-" "ZmEu"
212.103.139.74 - - [16/Apr/2012:12:48:40 -0700] "GET /web/phpmyadmin/scripts/setup.php HTTP/1.1" 404 142 "-" "ZmEu"
212.103.139.74 - - [16/Apr/2012:12:48:40 -0700] "GET /web/phpMyAdmin/scripts/setup.php HTTP/1.1" 404 142 "-" "ZmEu"
212.103.139.74 - - [16/Apr/2012:12:48:40 -0700] "GET /websql/scripts/setup.php HTTP/1.1" 404 142 "-" "ZmEu"
212.103.139.74 - - [16/Apr/2012:12:48:40 -0700] "GET /web/scripts/setup.php HTTP/1.1" 404 142 "-" "ZmEu"
212.103.139.74 - - [16/Apr/2012:12:48:40 -0700] "GET /wp-content/plugins/wp-phpmyadmin/wp-phpmyadmin/phpmyadmin/scripts/setup.php HTTP/1.1" 404 142 "-" "ZmEu"
212.103.139.74 - - [16/Apr/2012:12:48:40 -0700] "GET /wp-phpmyadmin/phpmyadmin/scripts/setup.php HTTP/1.1" 404 142 "-" "ZmEu"
212.103.139.74 - - [16/Apr/2012:12:48:40 -0700] "GET /xampp/phpmyadmin/scripts/setup.php HTTP/1.1" 404 142 "-" "ZmEu"
212.103.139.74 - - [16/Apr/2012:12:48:40 -0700] "GET /wp-phpmyadmin/scripts/setup.php HTTP/1.1" 404 142 "-" "ZmEu"
212.103.139.74 - - [16/Apr/2012:12:48:40 -0700] "GET  HTTP/1.1" 400 173 "-" "-"
66.249.73.90 - - [16/Apr/2012:12:49:23 -0700] "GET /chennai/stage/2704/ HTTP/1.1" 404 142 "-" "Mozilla/5.0 (compatible; Googlebot/2.1; +http://www.google.com/bot.html)"
207.46.193.39 - - [16/Apr/2012:12:50:02 -0700] "-" 400 0 "-" "-"
207.46.193.39 - - [16/Apr/2012:12:50:04 -0700] "-" 400 0 "-" "-"
207.46.193.39 - - [16/Apr/2012:12:50:05 -0700] "-" 400 0 "-" "-"
207.46.193.39 - - [16/Apr/2012:12:50:05 -0700] "-" 400 0 "-" "-"
207.46.193.39 - - [16/Apr/2012:12:50:07 -0700] "-" 400 0 "-" "-"
207.46.193.39 - - [16/Apr/2012:12:50:07 -0700] "-" 400 0 "-" "-"
207.46.193.39 - - [16/Apr/2012:12:50:07 -0700] "-" 400 0 "-" "-"
207.46.193.39 - - [16/Apr/2012:12:50:07 -0700] "-" 400 0 "-" "-"
207.46.193.39 - - [16/Apr/2012:12:50:08 -0700] "-" 400 0 "-" "-"
207.46.193.39 - - [16/Apr/2012:12:50:08 -0700] "-" 400 0 "-" "-"
157.55.112.210 - - [16/Apr/2012:12:55:06 -0700] "-" 400 0 "-" "-"
157.55.112.210 - - [16/Apr/2012:12:55:09 -0700] "-" 400 0 "-" "-"
157.55.112.210 - - [16/Apr/2012:12:55:10 -0700] "-" 400 0 "-" "-"
157.55.112.210 - - [16/Apr/2012:12:55:10 -0700] "-" 400 0 "-" "-"
157.55.112.210 - - [16/Apr/2012:12:55:11 -0700] "-" 400 0 "-" "-"
157.55.112.210 - - [16/Apr/2012:12:55:11 -0700] "-" 400 0 "-" "-"
157.55.112.210 - - [16/Apr/2012:12:55:12 -0700] "-" 400 0 "-" "-"
157.55.112.210 - - [16/Apr/2012:12:55:12 -0700] "-" 400 0 "-" "-"
157.55.112.210 - - [16/Apr/2012:12:55:12 -0700] "-" 400 0 "-" "-"
157.55.112.210 - - [16/Apr/2012:12:55:13 -0700] "-" 400 0 "-" "-"
69.171.229.250 - - [16/Apr/2012:12:57:37 -0700] "GET /r/o7q HTTP/1.1" 301 255 "-" "facebookexternalhit/1.1 (+http://www.facebook.com/externalhit_uatext.php)"
69.171.229.245 - - [16/Apr/2012:12:57:37 -0700] "GET /s/ta/o7q/ HTTP/1.1" 302 337 "-" "facebookexternalhit/1.1 (+http://www.facebook.com/externalhit_uatext.php)"
193.164.138.35 - - [16/Apr/2012:13:04:38 -0700] "GET /blog/cheese-gsoc-report-week-8.html HTTP/1.1" 200 6324 "-" "Zemanta Aggregator/0.7 +http://www.zemanta.com"
67.215.230.27 - - [16/Apr/2012:13:06:28 -0700] "GET /robots.txt HTTP/1.0" 404 169 "-" "Setooz/Nutch-1.2 (http://www.setooz.com)"
67.215.230.27 - - [16/Apr/2012:13:06:28 -0700] "GET /stories/ HTTP/1.0" 200 3515 "-" "Setooz/Nutch-1.2 (http://www.setooz.com)"
220.181.108.139 - - [16/Apr/2012:13:07:07 -0700] "GET /r/3bt HTTP/1.1" 301 255 "-" "Mozilla/5.0 (compatible; Baiduspider/2.0; +http://www.baidu.com/search/spider.html)"
220.181.108.182 - - [16/Apr/2012:13:07:08 -0700] "GET /s/ta/3bt/ HTTP/1.1" 302 425 "-" "Mozilla/5.0 (compatible; Baiduspider/2.0; +http://www.baidu.com/search/spider.html)"
220.181.108.85 - - [16/Apr/2012:13:09:53 -0700] "GET /blog/devlog-december-26-2011/ HTTP/1.1" 200 4356 "-" "Mozilla/5.0 (compatible; Baiduspider/2.0; +http://www.baidu.com/search/spider.html)"
85.17.88.169 - - [16/Apr/2012:13:11:46 -0700] "POST /blog/wp-cron.php?doing_wp_cron=1334606734 HTTP/1.0" 499 0 "-" "WordPress/3.3.1; http://yuvi.in/blog"
209.85.224.88 - - [16/Apr/2012:13:11:46 -0700] "GET /blog/feed HTTP/1.1" 304 0 "-" "FeedBurner/1.0 (http://www.FeedBurner.com)"
74.95.112.181 - - [16/Apr/2012:13:15:30 -0700] "GET /blog/college-drop/ HTTP/1.0" 200 18415 "http://nipplecoversuk.posterous.com" "Opera/9.64(Windows NT 5.1; U; en) Presto/2.1.1"
69.171.228.246 - - [16/Apr/2012:13:17:48 -0700] "GET /r/7gb HTTP/1.1" 301 255 "-" "facebookexternalhit/1.1 (+http://www.facebook.com/externalhit_uatext.php)"
69.171.228.246 - - [16/Apr/2012:13:17:48 -0700] "GET /s/ta/7gb/ HTTP/1.1" 302 497 "-" "facebookexternalhit/1.1 (+http://www.facebook.com/externalhit_uatext.php)"
66.249.73.23 - - [16/Apr/2012:13:20:00 -0700] "GET /r/2vcm HTTP/1.1" 301 257 "-" "Mozilla/5.0 (compatible; Googlebot/2.1; +http://www.google.com/bot.html)"
66.249.73.23 - - [16/Apr/2012:13:20:01 -0700] "GET /s/ta/2vcm/ HTTP/1.1" 302 497 "-" "Mozilla/5.0 (compatible; Googlebot/2.1; +http://www.google.com/bot.html)"
66.249.73.23 - - [16/Apr/2012:13:22:47 -0700] "GET /s/ta/2ygy/ HTTP/1.1" 302 469 "-" "Mozilla/5.0 (compatible; Googlebot/2.1; +http://www.google.com/bot.html)"
67.215.230.27 - - [16/Apr/2012:13:23:00 -0700] "GET /blog HTTP/1.0" 301 178 "-" "Setooz/Nutch-1.2 (http://www.setooz.com)"
207.46.204.166 - - [16/Apr/2012:13:23:34 -0700] "-" 400 0 "-" "-"
207.46.204.166 - - [16/Apr/2012:13:23:34 -0700] "-" 400 0 "-" "-"
207.46.204.166 - - [16/Apr/2012:13:23:34 -0700] "-" 400 0 "-" "-"
207.46.204.166 - - [16/Apr/2012:13:23:36 -0700] "-" 400 0 "-" "-"
207.46.204.166 - - [16/Apr/2012:13:23:36 -0700] "-" 400 0 "-" "-"
207.46.204.166 - - [16/Apr/2012:13:23:36 -0700] "-" 400 0 "-" "-"
207.46.204.166 - - [16/Apr/2012:13:23:37 -0700] "-" 400 0 "-" "-"
207.46.204.166 - - [16/Apr/2012:13:23:37 -0700] "-" 400 0 "-" "-"
207.46.204.166 - - [16/Apr/2012:13:23:37 -0700] "-" 400 0 "-" "-"
207.46.204.166 - - [16/Apr/2012:13:23:37 -0700] "-" 400 0 "-" "-"
207.46.204.166 - - [16/Apr/2012:13:23:38 -0700] "-" 400 0 "-" "-"
119.235.237.92 - - [16/Apr/2012:13:26:48 -0700] "GET /robots.txt HTTP/1.1" 404 238 "-" "Yeti/1.0 (NHN Corp.; http://help.naver.com/robots/)"
119.235.237.92 - - [16/Apr/2012:13:26:48 -0700] "GET /r/xq3 HTTP/1.1" 301 255 "-" "Yeti/1.0 (NHN Corp.; http://help.naver.com/robots/)"
119.235.237.18 - - [16/Apr/2012:13:27:09 -0700] "GET /s/ta/xq3/ HTTP/1.1" 302 385 "-" "Yeti/1.0 (NHN Corp.; http://help.naver.com/robots/)"
85.17.88.169 - - [16/Apr/2012:13:27:46 -0700] "POST /blog/wp-cron.php?doing_wp_cron=1334607694 HTTP/1.0" 499 0 "-" "WordPress/3.3.1; http://yuvi.in/blog"
209.85.238.182 - - [16/Apr/2012:13:27:47 -0700] "GET /blog/feed/ HTTP/1.1" 304 0 "-" "Feedfetcher-Google; (+http://www.google.com/feedfetcher.html; 19 subscribers; feed-id=15064232456473204253)"
85.17.88.169 - - [16/Apr/2012:13:28:56 -0700] "POST /blog/wp-cron.php?doing_wp_cron=1334607765 HTTP/1.0" 499 0 "-" "WordPress/3.3.1; http://yuvi.in/blog"
220.181.108.75 - - [16/Apr/2012:13:28:57 -0700] "GET /blog/feed/ HTTP/1.1" 200 21730 "-" "Mozilla/5.0 (compatible; Baiduspider/2.0; +http://www.baidu.com/search/spider.html)"
85.17.88.169 - - [16/Apr/2012:13:29:39 -0700] "POST /blog/wp-cron.php?doing_wp_cron=1334607807 HTTP/1.0" 499 0 "-" "WordPress/3.3.1; http://yuvi.in/blog"
94.102.150.50 - - [16/Apr/2012:13:29:39 -0700] "GET /blog/feed/atom/ HTTP/1.1" 304 0 "-" "SocialSearcher/0.1  Mozilla/5.0"
180.76.5.140 - - [16/Apr/2012:13:33:33 -0700] "GET /r/w1o HTTP/1.1" 301 255 "-" "Mozilla/5.0 (compatible; Baiduspider/2.0; +http://www.baidu.com/search/spider.html)"
180.76.5.88 - - [16/Apr/2012:13:33:34 -0700] "GET /s/ta/w1o/ HTTP/1.1" 302 349 "-" "Mozilla/5.0 (compatible; Baiduspider/2.0; +http://www.baidu.com/search/spider.html)"
209.85.144.80 - - [16/Apr/2012:13:36:32 -0700] "GET /stories/feed HTTP/1.1" 200 13653 "-" "FeedBurner/1.0 (http://www.FeedBurner.com)"
157.55.112.199 - - [16/Apr/2012:13:38:28 -0700] "-" 400 0 "-" "-"
157.55.112.199 - - [16/Apr/2012:13:38:28 -0700] "-" 400 0 "-" "-"
157.55.112.199 - - [16/Apr/2012:13:38:28 -0700] "-" 400 0 "-" "-"
157.55.112.199 - - [16/Apr/2012:13:38:33 -0700] "-" 400 0 "-" "-"
157.55.112.199 - - [16/Apr/2012:13:38:34 -0700] "-" 400 0 "-" "-"
157.55.112.199 - - [16/Apr/2012:13:38:35 -0700] "-" 400 0 "-" "-"
157.55.112.199 - - [16/Apr/2012:13:38:35 -0700] "-" 400 0 "-" "-"
157.55.112.199 - - [16/Apr/2012:13:38:40 -0700] "-" 400 0 "-" "-"
157.55.112.199 - - [16/Apr/2012:13:38:41 -0700] "-" 400 0 "-" "-"
157.55.112.199 - - [16/Apr/2012:13:38:41 -0700] "-" 400 0 "-" "-"
157.55.112.199 - - [16/Apr/2012:13:38:41 -0700] "-" 400 0 "-" "-"
157.55.112.199 - - [16/Apr/2012:13:38:41 -0700] "-" 400 0 "-" "-"
85.17.88.169 - - [16/Apr/2012:13:41:56 -0700] "POST /blog/wp-cron.php?doing_wp_cron=1334608544 HTTP/1.0" 499 0 "-" "WordPress/3.3.1; http://yuvi.in/blog"
209.85.144.95 - - [16/Apr/2012:13:41:56 -0700] "GET /blog/feed HTTP/1.1" 304 0 "-" "FeedBurner/1.0 (http://www.FeedBurner.com)"
85.17.88.169 - - [16/Apr/2012:13:42:59 -0700] "POST /blog/wp-cron.php?doing_wp_cron=1334608607 HTTP/1.0" 499 0 "-" "WordPress/3.3.1; http://yuvi.in/blog"
201.13.255.59 - - [16/Apr/2012:13:43:00 -0700] "GET /blog/3-reasons-people-join-it-companies/ HTTP/1.1" 200 21803 "-" "-"
85.17.88.169 - - [16/Apr/2012:13:43:03 -0700] "POST /blog/wp-cron.php?doing_wp_cron=1334608611 HTTP/1.0" 499 0 "-" "WordPress/3.3.1; http://yuvi.in/blog"
201.13.255.59 - - [16/Apr/2012:13:43:03 -0700] "GET /blog/wp-content/themes/cleanr/assets/js/thumb.php HTTP/1.1" 404 12307 "-" "Mozilla/5.0 (Windows NT 6.1) AppleWebKit/534.30 (KHTML, like Gecko) Chrome/12.0.742.122 Safari/534.30"
85.17.88.169 - - [16/Apr/2012:13:43:06 -0700] "POST /blog/wp-cron.php?doing_wp_cron=1334608614 HTTP/1.0" 499 0 "-" "WordPress/3.3.1; http://yuvi.in/blog"
201.13.255.59 - - [16/Apr/2012:13:43:06 -0700] "GET /blog/wp-content/themes/cleanr/assets/js/timthumb.php HTTP/1.1" 404 12307 "-" "Mozilla/5.0 (Windows NT 6.1) AppleWebKit/534.30 (KHTML, like Gecko) Chrome/12.0.742.122 Safari/534.30"
85.17.88.169 - - [16/Apr/2012:13:43:09 -0700] "POST /blog/wp-cron.php?doing_wp_cron=1334608617 HTTP/1.0" 499 0 "-" "WordPress/3.3.1; http://yuvi.in/blog"
201.13.255.59 - - [16/Apr/2012:13:43:09 -0700] "GET /blog/wp-content/themes/cleanr/classes/thumb.php HTTP/1.1" 404 12307 "-" "Mozilla/5.0 (Windows NT 6.1) AppleWebKit/534.30 (KHTML, like Gecko) Chrome/12.0.742.122 Safari/534.30"
85.17.88.169 - - [16/Apr/2012:13:43:12 -0700] "POST /blog/wp-cron.php?doing_wp_cron=1334608620 HTTP/1.0" 499 0 "-" "WordPress/3.3.1; http://yuvi.in/blog"
201.13.255.59 - - [16/Apr/2012:13:43:13 -0700] "GET /blog/wp-content/themes/cleanr/classes/timthumb.php HTTP/1.1" 404 12300 "-" "Mozilla/5.0 (Windows NT 6.1) AppleWebKit/534.30 (KHTML, like Gecko) Chrome/12.0.742.122 Safari/534.30"
85.17.88.169 - - [16/Apr/2012:13:43:15 -0700] "POST /blog/wp-cron.php?doing_wp_cron=1334608623 HTTP/1.0" 499 0 "-" "WordPress/3.3.1; http://yuvi.in/blog"
201.13.255.59 - - [16/Apr/2012:13:43:16 -0700] "GET /blog/wp-content/themes/cleanr/core/libs/thumb.php HTTP/1.1" 404 12307 "-" "Mozilla/5.0 (Windows NT 6.1) AppleWebKit/534.30 (KHTML, like Gecko) Chrome/12.0.742.122 Safari/534.30"
85.17.88.169 - - [16/Apr/2012:13:43:18 -0700] "POST /blog/wp-cron.php?doing_wp_cron=1334608626 HTTP/1.0" 499 0 "-" "WordPress/3.3.1; http://yuvi.in/blog"
201.13.255.59 - - [16/Apr/2012:13:43:19 -0700] "GET /blog/wp-content/themes/cleanr/core/libs/thumbnails/thumb.php HTTP/1.1" 404 12307 "-" "Mozilla/5.0 (Windows NT 6.1) AppleWebKit/534.30 (KHTML, like Gecko) Chrome/12.0.742.122 Safari/534.30"
85.17.88.169 - - [16/Apr/2012:13:43:21 -0700] "POST /blog/wp-cron.php?doing_wp_cron=1334608629 HTTP/1.0" 499 0 "-" "WordPress/3.3.1; http://yuvi.in/blog"
201.13.255.59 - - [16/Apr/2012:13:43:22 -0700] "GET /blog/wp-content/themes/cleanr/core/libs/thumbnails/timthumb.php HTTP/1.1" 404 12300 "-" "Mozilla/5.0 (Windows NT 6.1) AppleWebKit/534.30 (KHTML, like Gecko) Chrome/12.0.742.122 Safari/534.30"
85.17.88.169 - - [16/Apr/2012:13:43:24 -0700] "POST /blog/wp-cron.php?doing_wp_cron=1334608632 HTTP/1.0" 499 0 "-" "WordPress/3.3.1; http://yuvi.in/blog"
201.13.255.59 - - [16/Apr/2012:13:43:25 -0700] "GET /blog/wp-content/themes/cleanr/core/libs/timthumb.php HTTP/1.1" 404 12307 "-" "Mozilla/5.0 (Windows NT 6.1) AppleWebKit/534.30 (KHTML, like Gecko) Chrome/12.0.742.122 Safari/534.30"
85.17.88.169 - - [16/Apr/2012:13:43:28 -0700] "POST /blog/wp-cron.php?doing_wp_cron=1334608636 HTTP/1.0" 499 0 "-" "WordPress/3.3.1; http://yuvi.in/blog"
201.13.255.59 - - [16/Apr/2012:13:43:28 -0700] "GET /blog/wp-content/themes/cleanr/core/thumb.php HTTP/1.1" 404 12307 "-" "Mozilla/5.0 (Windows NT 6.1) AppleWebKit/534.30 (KHTML, like Gecko) Chrome/12.0.742.122 Safari/534.30"
85.17.88.169 - - [16/Apr/2012:13:43:31 -0700] "POST /blog/wp-cron.php?doing_wp_cron=1334608639 HTTP/1.0" 499 0 "-" "WordPress/3.3.1; http://yuvi.in/blog"
201.13.255.59 - - [16/Apr/2012:13:43:31 -0700] "GET /blog/wp-content/themes/cleanr/core/timthumb.php HTTP/1.1" 404 12300 "-" "Mozilla/5.0 (Windows NT 6.1) AppleWebKit/534.30 (KHTML, like Gecko) Chrome/12.0.742.122 Safari/534.30"
85.17.88.169 - - [16/Apr/2012:13:43:34 -0700] "POST /blog/wp-cron.php?doing_wp_cron=1334608642 HTTP/1.0" 499 0 "-" "WordPress/3.3.1; http://yuvi.in/blog"
201.13.255.59 - - [16/Apr/2012:13:43:34 -0700] "GET /blog/wp-content/themes/cleanr/cores/thumbnails/thumb.php HTTP/1.1" 404 12307 "-" "Mozilla/5.0 (Windows NT 6.1) AppleWebKit/534.30 (KHTML, like Gecko) Chrome/12.0.742.122 Safari/534.30"
85.17.88.169 - - [16/Apr/2012:13:43:37 -0700] "POST /blog/wp-cron.php?doing_wp_cron=1334608645 HTTP/1.0" 499 0 "-" "WordPress/3.3.1; http://yuvi.in/blog"
201.13.255.59 - - [16/Apr/2012:13:43:37 -0700] "GET /blog/wp-content/themes/cleanr/cores/thumbnails/timthumb.php HTTP/1.1" 404 12307 "-" "Mozilla/5.0 (Windows NT 6.1) AppleWebKit/534.30 (KHTML, like Gecko) Chrome/12.0.742.122 Safari/534.30"
85.17.88.169 - - [16/Apr/2012:13:43:40 -0700] "POST /blog/wp-cron.php?doing_wp_cron=1334608648 HTTP/1.0" 499 0 "-" "WordPress/3.3.1; http://yuvi.in/blog"
201.13.255.59 - - [16/Apr/2012:13:43:40 -0700] "GET /blog/wp-content/themes/cleanr/extensions/auto-thumb/thumb.php HTTP/1.1" 404 12307 "-" "Mozilla/5.0 (Windows NT 6.1) AppleWebKit/534.30 (KHTML, like Gecko) Chrome/12.0.742.122 Safari/534.30"
65.52.111.213 - - [16/Apr/2012:13:43:41 -0700] "-" 400 0 "-" "-"
65.52.111.213 - - [16/Apr/2012:13:43:41 -0700] "-" 400 0 "-" "-"
65.52.111.213 - - [16/Apr/2012:13:43:42 -0700] "-" 400 0 "-" "-"
65.52.111.213 - - [16/Apr/2012:13:43:42 -0700] "-" 400 0 "-" "-"
65.52.111.213 - - [16/Apr/2012:13:43:42 -0700] "-" 400 0 "-" "-"
65.52.111.213 - - [16/Apr/2012:13:43:42 -0700] "-" 400 0 "-" "-"
85.17.88.169 - - [16/Apr/2012:13:43:43 -0700] "POST /blog/wp-cron.php?doing_wp_cron=1334608651 HTTP/1.0" 499 0 "-" "WordPress/3.3.1; http://yuvi.in/blog"
65.52.111.213 - - [16/Apr/2012:13:43:43 -0700] "-" 400 0 "-" "-"
65.52.111.213 - - [16/Apr/2012:13:43:43 -0700] "-" 400 0 "-" "-"
65.52.111.213 - - [16/Apr/2012:13:43:43 -0700] "-" 400 0 "-" "-"
65.52.111.213 - - [16/Apr/2012:13:43:43 -0700] "-" 400 0 "-" "-"
201.13.255.59 - - [16/Apr/2012:13:43:43 -0700] "GET /blog/wp-content/themes/cleanr/extensions/auto-thumb/timthumb.php HTTP/1.1" 404 12307 "-" "Mozilla/5.0 (Windows NT 6.1) AppleWebKit/534.30 (KHTML, like Gecko) Chrome/12.0.742.122 Safari/534.30"
85.17.88.169 - - [16/Apr/2012:13:43:46 -0700] "POST /blog/wp-cron.php?doing_wp_cron=1334608654 HTTP/1.0" 499 0 "-" "WordPress/3.3.1; http://yuvi.in/blog"
201.13.255.59 - - [16/Apr/2012:13:43:47 -0700] "GET /blog/wp-content/themes/cleanr/extensions/thumb.php HTTP/1.1" 404 12307 "-" "Mozilla/5.0 (Windows NT 6.1) AppleWebKit/534.30 (KHTML, like Gecko) Chrome/12.0.742.122 Safari/534.30"
85.17.88.169 - - [16/Apr/2012:13:43:49 -0700] "POST /blog/wp-cron.php?doing_wp_cron=1334608657 HTTP/1.0" 499 0 "-" "WordPress/3.3.1; http://yuvi.in/blog"
201.13.255.59 - - [16/Apr/2012:13:43:49 -0700] "GET /blog/wp-content/themes/cleanr/extensions/timthumb.php HTTP/1.1" 404 12300 "-" "Mozilla/5.0 (Windows NT 6.1) AppleWebKit/534.30 (KHTML, like Gecko) Chrome/12.0.742.122 Safari/534.30"
85.17.88.169 - - [16/Apr/2012:13:43:52 -0700] "POST /blog/wp-cron.php?doing_wp_cron=1334608660 HTTP/1.0" 499 0 "-" "WordPress/3.3.1; http://yuvi.in/blog"
201.13.255.59 - - [16/Apr/2012:13:43:52 -0700] "GET /blog/wp-content/themes/cleanr/functions/thumb.php HTTP/1.1" 404 12307 "-" "Mozilla/5.0 (Windows NT 6.1) AppleWebKit/534.30 (KHTML, like Gecko) Chrome/12.0.742.122 Safari/534.30"
85.17.88.169 - - [16/Apr/2012:13:43:55 -0700] "POST /blog/wp-cron.php?doing_wp_cron=1334608663 HTTP/1.0" 499 0 "-" "WordPress/3.3.1; http://yuvi.in/blog"
201.13.255.59 - - [16/Apr/2012:13:43:56 -0700] "GET /blog/wp-content/themes/cleanr/functions/timthumb.php HTTP/1.1" 404 12307 "-" "Mozilla/5.0 (Windows NT 6.1) AppleWebKit/534.30 (KHTML, like Gecko) Chrome/12.0.742.122 Safari/534.30"
85.17.88.169 - - [16/Apr/2012:13:43:58 -0700] "POST /blog/wp-cron.php?doing_wp_cron=1334608666 HTTP/1.0" 499 0 "-" "WordPress/3.3.1; http://yuvi.in/blog"
201.13.255.59 - - [16/Apr/2012:13:43:59 -0700] "GET /blog/wp-content/themes/cleanr/images/thumb.php HTTP/1.1" 404 12307 "-" "Mozilla/5.0 (Windows NT 6.1) AppleWebKit/534.30 (KHTML, like Gecko) Chrome/12.0.742.122 Safari/534.30"
85.17.88.169 - - [16/Apr/2012:13:44:01 -0700] "POST /blog/wp-cron.php?doing_wp_cron=1334608669 HTTP/1.0" 499 0 "-" "WordPress/3.3.1; http://yuvi.in/blog"
201.13.255.59 - - [16/Apr/2012:13:44:02 -0700] "GET /blog/wp-content/themes/cleanr/images/timthumb.php HTTP/1.1" 404 12307 "-" "Mozilla/5.0 (Windows NT 6.1) AppleWebKit/534.30 (KHTML, like Gecko) Chrome/12.0.742.122 Safari/534.30"
85.17.88.169 - - [16/Apr/2012:13:44:04 -0700] "POST /blog/wp-cron.php?doing_wp_cron=1334608672 HTTP/1.0" 499 0 "-" "WordPress/3.3.1; http://yuvi.in/blog"
201.13.255.59 - - [16/Apr/2012:13:44:05 -0700] "GET /blog/wp-content/themes/cleanr/inc/classes/thumb.php HTTP/1.1" 404 12307 "-" "Mozilla/5.0 (Windows NT 6.1) AppleWebKit/534.30 (KHTML, like Gecko) Chrome/12.0.742.122 Safari/534.30"
85.17.88.169 - - [16/Apr/2012:13:44:07 -0700] "POST /blog/wp-cron.php?doing_wp_cron=1334608675 HTTP/1.0" 499 0 "-" "WordPress/3.3.1; http://yuvi.in/blog"
201.13.255.59 - - [16/Apr/2012:13:44:08 -0700] "GET /blog/wp-content/themes/cleanr/inc/classes/timthumb.php HTTP/1.1" 404 12307 "-" "Mozilla/5.0 (Windows NT 6.1) AppleWebKit/534.30 (KHTML, like Gecko) Chrome/12.0.742.122 Safari/534.30"
85.17.88.169 - - [16/Apr/2012:13:44:10 -0700] "POST /blog/wp-cron.php?doing_wp_cron=1334608678 HTTP/1.0" 499 0 "-" "WordPress/3.3.1; http://yuvi.in/blog"
201.13.255.59 - - [16/Apr/2012:13:44:11 -0700] "GET /blog/wp-content/themes/cleanr/inc/thumb.php HTTP/1.1" 404 12307 "-" "Mozilla/5.0 (Windows NT 6.1) AppleWebKit/534.30 (KHTML, like Gecko) Chrome/12.0.742.122 Safari/534.30"
85.17.88.169 - - [16/Apr/2012:13:44:13 -0700] "POST /blog/wp-cron.php?doing_wp_cron=1334608681 HTTP/1.0" 499 0 "-" "WordPress/3.3.1; http://yuvi.in/blog"
201.13.255.59 - - [16/Apr/2012:13:44:14 -0700] "GET /blog/wp-content/themes/cleanr/inc/timthumb.php HTTP/1.1" 404 12307 "-" "Mozilla/5.0 (Windows NT 6.1) AppleWebKit/534.30 (KHTML, like Gecko) Chrome/12.0.742.122 Safari/534.30"
85.17.88.169 - - [16/Apr/2012:13:44:16 -0700] "POST /blog/wp-cron.php?doing_wp_cron=1334608684 HTTP/1.0" 499 0 "-" "WordPress/3.3.1; http://yuvi.in/blog"
201.13.255.59 - - [16/Apr/2012:13:44:16 -0700] "GET /blog/wp-content/themes/cleanr/inc/upload.php HTTP/1.1" 404 12307 "-" "Mozilla/5.0 (Windows NT 6.1) AppleWebKit/534.30 (KHTML, like Gecko) Chrome/12.0.742.122 Safari/534.30"
85.17.88.169 - - [16/Apr/2012:13:44:19 -0700] "POST /blog/wp-cron.php?doing_wp_cron=1334608687 HTTP/1.0" 499 0 "-" "WordPress/3.3.1; http://yuvi.in/blog"
201.13.255.59 - - [16/Apr/2012:13:44:20 -0700] "GET /blog/wp-content/themes/cleanr/include/thumb.php HTTP/1.1" 404 12307 "-" "Mozilla/5.0 (Windows NT 6.1) AppleWebKit/534.30 (KHTML, like Gecko) Chrome/12.0.742.122 Safari/534.30"
85.17.88.169 - - [16/Apr/2012:13:44:22 -0700] "POST /blog/wp-cron.php?doing_wp_cron=1334608690 HTTP/1.0" 499 0 "-" "WordPress/3.3.1; http://yuvi.in/blog"
201.13.255.59 - - [16/Apr/2012:13:44:22 -0700] "GET /blog/wp-content/themes/cleanr/include/timthumb.php HTTP/1.1" 404 12307 "-" "Mozilla/5.0 (Windows NT 6.1) AppleWebKit/534.30 (KHTML, like Gecko) Chrome/12.0.742.122 Safari/534.30"
