98.172.15.254 - - [29/Mar/2012:08:27:06 -0700] "GET /favicon.ico HTTP/1.1" 404 169 "-" "Caffeinated/1.1.1 CFNetwork/520.3.2 Darwin/11.3.0 (x86_64) (MacBookPro8%2C1)"
98.172.15.254 - - [29/Mar/2012:08:27:35 -0700] "GET /favicon.ico HTTP/1.1" 404 169 "-" "Caffeinated/1.1.1 CFNetwork/520.3.2 Darwin/11.3.0 (x86_64) (MacBookPro8%2C1)"
85.17.88.169 - - [29/Mar/2012:08:27:44 -0700] "POST /blog/wp-cron.php?doing_wp_cron=1333034637 HTTP/1.0" 499 0 "-" "WordPress/3.3.1; http://yuvi.in/blog"
128.2.207.79 - - [29/Mar/2012:08:27:44 -0700] "GET /blog/cheese-gsoc-report-week-2/feed/ HTTP/1.0" 200 761 "http://yuvi.in/blog/cheese-gsoc-report-week-2/" "Mozilla/5.0 (compatible; lemurwebcrawler admin@lemurproject.org; +http://boston.lti.cs.cmu.edu/crawler_12/)"
98.172.15.254 - - [29/Mar/2012:08:28:33 -0700] "GET /favicon.ico HTTP/1.1" 404 169 "-" "Caffeinated/1.1.1 CFNetwork/520.3.2 Darwin/11.3.0 (x86_64) (MacBookPro8%2C1)"
98.172.15.254 - - [29/Mar/2012:08:29:05 -0700] "GET /favicon.ico HTTP/1.1" 404 169 "-" "Caffeinated/1.1.1 CFNetwork/520.3.2 Darwin/11.3.0 (x86_64) (MacBookPro8%2C1)"
85.17.88.169 - - [29/Mar/2012:08:29:13 -0700] "POST /blog/wp-cron.php?doing_wp_cron=1333034726 HTTP/1.0" 499 0 "-" "WordPress/3.3.1; http://yuvi.in/blog"
128.2.207.79 - - [29/Mar/2012:08:29:13 -0700] "GET /blog/?p=32 HTTP/1.0" 301 0 "http://yuvi.in/blog/cheese-gsoc-report-week-2/" "Mozilla/5.0 (compatible; lemurwebcrawler admin@lemurproject.org; +http://boston.lti.cs.cmu.edu/crawler_12/)"
85.17.88.169 - - [29/Mar/2012:08:29:44 -0700] "POST /blog/wp-cron.php?doing_wp_cron=1333034757 HTTP/1.0" 499 0 "-" "WordPress/3.3.1; http://yuvi.in/blog"
175.44.29.137 - - [29/Mar/2012:08:29:45 -0700] "GET /blog/ HTTP/1.0" 200 33142 "http://yuvi.in/blog/" "Mozilla/4.0 (compatible; MSIE 5.5; Windows NT 5.0)"
67.215.230.27 - - [29/Mar/2012:08:29:50 -0700] "GET /robots.txt HTTP/1.0" 404 169 "-" "Setooz/Nutch-1.2 (http://www.setooz.com)"
67.215.230.27 - - [29/Mar/2012:08:29:50 -0700] "GET /stories HTTP/1.0" 301 185 "-" "Setooz/Nutch-1.2 (http://www.setooz.com)"
67.215.230.27 - - [29/Mar/2012:08:29:51 -0700] "GET /robots.txt HTTP/1.0" 404 169 "-" "Setooz/Nutch-1.2 (http://www.setooz.com)"
67.215.230.27 - - [29/Mar/2012:08:29:51 -0700] "GET / HTTP/1.0" 200 3439 "-" "Setooz/Nutch-1.2 (http://www.setooz.com)"
98.172.15.254 - - [29/Mar/2012:08:29:56 -0700] "GET /favicon.ico HTTP/1.1" 404 169 "-" "Caffeinated/1.1.1 CFNetwork/520.3.2 Darwin/11.3.0 (x86_64) (MacBookPro8%2C1)"
85.17.88.169 - - [29/Mar/2012:08:30:23 -0700] "POST /blog/wp-cron.php?doing_wp_cron=1333034797 HTTP/1.0" 499 0 "-" "WordPress/3.3.1; http://yuvi.in/blog"
128.2.207.79 - - [29/Mar/2012:08:30:24 -0700] "GET /blog/cheese-gsoc-report-week-3/ HTTP/1.0" 200 17525 "http://yuvi.in/blog/2010/06/" "Mozilla/5.0 (compatible; lemurwebcrawler admin@lemurproject.org; +http://boston.lti.cs.cmu.edu/crawler_12/)"
98.172.15.254 - - [29/Mar/2012:08:30:33 -0700] "GET /favicon.ico HTTP/1.1" 404 169 "-" "Caffeinated/1.1.1 CFNetwork/520.3.2 Darwin/11.3.0 (x86_64) (MacBookPro8%2C1)"
207.46.204.213 - - [29/Mar/2012:08:31:29 -0700] "-" 400 0 "-" "-"
207.46.204.213 - - [29/Mar/2012:08:31:30 -0700] "-" 400 0 "-" "-"
207.46.204.213 - - [29/Mar/2012:08:31:30 -0700] "-" 400 0 "-" "-"
207.46.204.213 - - [29/Mar/2012:08:31:30 -0700] "-" 400 0 "-" "-"
207.46.204.213 - - [29/Mar/2012:08:31:30 -0700] "-" 400 0 "-" "-"
207.46.204.213 - - [29/Mar/2012:08:31:30 -0700] "-" 400 0 "-" "-"
207.46.204.213 - - [29/Mar/2012:08:31:30 -0700] "-" 400 0 "-" "-"
98.172.15.254 - - [29/Mar/2012:08:31:33 -0700] "GET / HTTP/1.1" 304 0 "-" "Caffeinated/1.1.1 CFNetwork/520.3.2 Darwin/11.3.0 (x86_64) (MacBookPro8%2C1)"
98.172.15.254 - - [29/Mar/2012:08:31:33 -0700] "GET /favicon.ico HTTP/1.1" 404 169 "-" "Caffeinated/1.1.1 CFNetwork/520.3.2 Darwin/11.3.0 (x86_64) (MacBookPro8%2C1)"
85.17.88.169 - - [29/Mar/2012:08:31:46 -0700] "POST /blog/wp-cron.php?doing_wp_cron=1333034879 HTTP/1.0" 499 0 "-" "WordPress/3.3.1; http://yuvi.in/blog"
128.2.207.79 - - [29/Mar/2012:08:31:46 -0700] "GET /blog/?p=42 HTTP/1.0" 301 0 "http://yuvi.in/blog/cheese-gsoc-report-week-3/" "Mozilla/5.0 (compatible; lemurwebcrawler admin@lemurproject.org; +http://boston.lti.cs.cmu.edu/crawler_12/)"
207.46.204.213 - - [29/Mar/2012:08:31:49 -0700] "-" 400 0 "-" "-"
207.46.204.213 - - [29/Mar/2012:08:31:50 -0700] "-" 400 0 "-" "-"
207.46.204.213 - - [29/Mar/2012:08:31:50 -0700] "-" 400 0 "-" "-"
207.46.204.213 - - [29/Mar/2012:08:31:50 -0700] "-" 400 0 "-" "-"
98.172.15.254 - - [29/Mar/2012:08:32:17 -0700] "GET /favicon.ico HTTP/1.1" 404 169 "-" "Caffeinated/1.1.1 CFNetwork/520.3.2 Darwin/11.3.0 (x86_64) (MacBookPro8%2C1)"
85.17.88.169 - - [29/Mar/2012:08:33:00 -0700] "POST /blog/wp-cron.php?doing_wp_cron=1333034954 HTTP/1.0" 499 0 "-" "WordPress/3.3.1; http://yuvi.in/blog"
128.2.207.79 - - [29/Mar/2012:08:33:01 -0700] "GET /blog/cheese-gsoc-report-week-4/ HTTP/1.0" 200 16495 "http://yuvi.in/blog/2010/06/" "Mozilla/5.0 (compatible; lemurwebcrawler admin@lemurproject.org; +http://boston.lti.cs.cmu.edu/crawler_12/)"
98.172.15.254 - - [29/Mar/2012:08:33:15 -0700] "GET /favicon.ico HTTP/1.1" 404 169 "-" "Caffeinated/1.1.1 CFNetwork/520.3.2 Darwin/11.3.0 (x86_64) (MacBookPro8%2C1)"
98.172.15.254 - - [29/Mar/2012:08:33:44 -0700] "GET /favicon.ico HTTP/1.1" 404 169 "-" "Caffeinated/1.1.1 CFNetwork/520.3.2 Darwin/11.3.0 (x86_64) (MacBookPro8%2C1)"
85.17.88.169 - - [29/Mar/2012:08:34:24 -0700] "POST /blog/wp-cron.php?doing_wp_cron=1333035038 HTTP/1.0" 499 0 "-" "WordPress/3.3.1; http://yuvi.in/blog"
128.2.207.79 - - [29/Mar/2012:08:34:25 -0700] "GET /blog/cheese-gsoc-report-week-4/feed/ HTTP/1.0" 200 761 "http://yuvi.in/blog/cheese-gsoc-report-week-4/" "Mozilla/5.0 (compatible; lemurwebcrawler admin@lemurproject.org; +http://boston.lti.cs.cmu.edu/crawler_12/)"
98.172.15.254 - - [29/Mar/2012:08:34:43 -0700] "GET /favicon.ico HTTP/1.1" 404 169 "-" "Caffeinated/1.1.1 CFNetwork/520.3.2 Darwin/11.3.0 (x86_64) (MacBookPro8%2C1)"
117.193.25.15 - - [29/Mar/2012:08:35:08 -0700] "-" 400 0 "-" "-"
98.172.15.254 - - [29/Mar/2012:08:35:18 -0700] "GET /favicon.ico HTTP/1.1" 404 169 "-" "Caffeinated/1.1.1 CFNetwork/520.3.2 Darwin/11.3.0 (x86_64) (MacBookPro8%2C1)"
94.228.34.248 - - [29/Mar/2012:08:35:37 -0700] "GET /blog/ HTTP/1.1" 200 9195 "-" "magpie-crawler/1.1 (U; Linux amd64; en-GB; +http://www.brandwatch.net)"
85.17.88.169 - - [29/Mar/2012:08:35:52 -0700] "POST /blog/wp-cron.php?doing_wp_cron=1333035125 HTTP/1.0" 499 0 "-" "WordPress/3.3.1; http://yuvi.in/blog"
128.2.207.79 - - [29/Mar/2012:08:35:52 -0700] "GET /blog/?p=49 HTTP/1.0" 301 0 "http://yuvi.in/blog/cheese-gsoc-report-week-4/" "Mozilla/5.0 (compatible; lemurwebcrawler admin@lemurproject.org; +http://boston.lti.cs.cmu.edu/crawler_12/)"
69.171.229.246 - - [29/Mar/2012:08:36:06 -0700] "GET /blog/story-average-indian-techie/ HTTP/1.1" 200 14155 "-" "facebookexternalhit/1.1 (+http://www.facebook.com/externalhit_uatext.php)"
98.172.15.254 - - [29/Mar/2012:08:36:13 -0700] "GET /favicon.ico HTTP/1.1" 404 169 "-" "Caffeinated/1.1.1 CFNetwork/520.3.2 Darwin/11.3.0 (x86_64) (MacBookPro8%2C1)"
180.151.68.61 - - [29/Mar/2012:08:36:43 -0700] "-" 400 0 "-" "-"
98.172.15.254 - - [29/Mar/2012:08:36:49 -0700] "GET / HTTP/1.1" 304 0 "-" "Caffeinated/1.1.1 CFNetwork/520.3.2 Darwin/11.3.0 (x86_64) (MacBookPro8%2C1)"
98.172.15.254 - - [29/Mar/2012:08:36:49 -0700] "GET /favicon.ico HTTP/1.1" 404 169 "-" "Caffeinated/1.1.1 CFNetwork/520.3.2 Darwin/11.3.0 (x86_64) (MacBookPro8%2C1)"
85.17.88.169 - - [29/Mar/2012:08:37:05 -0700] "POST /blog/wp-cron.php?doing_wp_cron=1333035198 HTTP/1.0" 499 0 "-" "WordPress/3.3.1; http://yuvi.in/blog"
209.85.238.244 - - [29/Mar/2012:08:37:05 -0700] "GET /blog/feed HTTP/1.1" 301 0 "-" "Feedfetcher-Google; (+http://www.google.com/feedfetcher.html; 3 subscribers; feed-id=17684830852112633560)"
85.17.88.169 - - [29/Mar/2012:08:37:07 -0700] "POST /blog/wp-cron.php?doing_wp_cron=1333035201 HTTP/1.0" 499 0 "-" "WordPress/3.3.1; http://yuvi.in/blog"
209.85.238.244 - - [29/Mar/2012:08:37:08 -0700] "GET /blog/feed/ HTTP/1.1" 304 0 "-" "Feedfetcher-Google; (+http://www.google.com/feedfetcher.html; 3 subscribers; feed-id=17684830852112633560)"
85.17.88.169 - - [29/Mar/2012:08:37:12 -0700] "POST /blog/wp-cron.php?doing_wp_cron=1333035205 HTTP/1.0" 499 0 "-" "WordPress/3.3.1; http://yuvi.in/blog"
128.2.207.79 - - [29/Mar/2012:08:37:17 -0700] "GET /blog/devlog-december-23-2011/trackback/ HTTP/1.0" 302 0 "http://yuvi.in/blog/devlog-december-23-2011/" "Mozilla/5.0 (compatible; lemurwebcrawler admin@lemurproject.org; +http://boston.lti.cs.cmu.edu/crawler_12/)"
98.172.15.254 - - [29/Mar/2012:08:37:40 -0700] "GET /favicon.ico HTTP/1.1" 404 169 "-" "Caffeinated/1.1.1 CFNetwork/520.3.2 Darwin/11.3.0 (x86_64) (MacBookPro8%2C1)"
85.17.88.169 - - [29/Mar/2012:08:37:47 -0700] "POST /blog/wp-cron.php?doing_wp_cron=1333035240 HTTP/1.0" 499 0 "-" "WordPress/3.3.1; http://yuvi.in/blog"
209.85.224.83 - - [29/Mar/2012:08:37:47 -0700] "GET /blog/feed HTTP/1.1" 304 0 "-" "FeedBurner/1.0 (http://www.FeedBurner.com)"
117.193.111.3 - - [29/Mar/2012:08:37:54 -0700] "-" 400 0 "-" "-"
98.172.15.254 - - [29/Mar/2012:08:38:13 -0700] "GET /favicon.ico HTTP/1.1" 404 169 "-" "Caffeinated/1.1.1 CFNetwork/520.3.2 Darwin/11.3.0 (x86_64) (MacBookPro8%2C1)"
98.172.15.254 - - [29/Mar/2012:08:39:13 -0700] "GET /favicon.ico HTTP/1.1" 404 169 "-" "Caffeinated/1.1.1 CFNetwork/520.3.2 Darwin/11.3.0 (x86_64) (MacBookPro8%2C1)"
98.172.15.254 - - [29/Mar/2012:08:39:45 -0700] "GET /favicon.ico HTTP/1.1" 404 169 "-" "Caffeinated/1.1.1 CFNetwork/520.3.2 Darwin/11.3.0 (x86_64) (MacBookPro8%2C1)"
85.17.88.169 - - [29/Mar/2012:08:39:59 -0700] "POST /blog/wp-cron.php?doing_wp_cron=1333035372 HTTP/1.0" 499 0 "-" "WordPress/3.3.1; http://yuvi.in/blog"
128.2.207.79 - - [29/Mar/2012:08:40:00 -0700] "GET /blog/college-drop/trackback/ HTTP/1.0" 302 0 "http://yuvi.in/blog/college-drop/" "Mozilla/5.0 (compatible; lemurwebcrawler admin@lemurproject.org; +http://boston.lti.cs.cmu.edu/crawler_12/)"
85.17.88.169 - - [29/Mar/2012:08:40:24 -0700] "POST /blog/wp-cron.php?doing_wp_cron=1333035397 HTTP/1.0" 499 0 "-" "WordPress/3.3.1; http://yuvi.in/blog"
208.115.111.68 - - [29/Mar/2012:08:40:24 -0700] "GET /blog/category/personal/ HTTP/1.1" 200 46050 "-" "Mozilla/5.0 (compatible; Ezooms/1.0; ezooms.bot@gmail.com)"
85.17.88.169 - - [29/Mar/2012:08:40:30 -0700] "POST /blog/wp-cron.php?doing_wp_cron=1333035403 HTTP/1.0" 499 0 "-" "WordPress/3.3.1; http://yuvi.in/blog"
208.115.111.68 - - [29/Mar/2012:08:40:31 -0700] "GET /blog/tag/wordpress/ HTTP/1.1" 200 15397 "-" "Mozilla/5.0 (compatible; Ezooms/1.0; ezooms.bot@gmail.com)"
98.172.15.254 - - [29/Mar/2012:08:40:42 -0700] "GET /favicon.ico HTTP/1.1" 404 169 "-" "Caffeinated/1.1.1 CFNetwork/520.3.2 Darwin/11.3.0 (x86_64) (MacBookPro8%2C1)"
85.17.88.169 - - [29/Mar/2012:08:41:14 -0700] "POST /blog/wp-cron.php?doing_wp_cron=1333035447 HTTP/1.0" 499 0 "-" "WordPress/3.3.1; http://yuvi.in/blog"
209.85.238.244 - - [29/Mar/2012:08:41:14 -0700] "GET /blog/feed/ HTTP/1.1" 304 0 "-" "Feedfetcher-Google; (+http://www.google.com/feedfetcher.html; 18 subscribers; feed-id=15064232456473204253)"
98.172.15.254 - - [29/Mar/2012:08:41:35 -0700] "GET /favicon.ico HTTP/1.1" 404 169 "-" "Caffeinated/1.1.1 CFNetwork/520.3.2 Darwin/11.3.0 (x86_64) (MacBookPro8%2C1)"
85.17.88.169 - - [29/Mar/2012:08:42:08 -0700] "POST /blog/wp-cron.php?doing_wp_cron=1333035501 HTTP/1.0" 499 0 "-" "WordPress/3.3.1; http://yuvi.in/blog"
101.226.33.180 - - [29/Mar/2012:08:42:08 -0700] "GET /blog/feed HTTP/1.0" 304 0 "-" "Mozilla/4.0 (compatible; Windows;)"
85.17.88.169 - - [29/Mar/2012:08:42:13 -0700] "POST /blog/wp-cron.php?doing_wp_cron=1333035506 HTTP/1.0" 499 0 "-" "WordPress/3.3.1; http://yuvi.in/blog"
128.2.207.79 - - [29/Mar/2012:08:42:14 -0700] "GET /blog/nen-first-dot-2010-what-i-learnt/ HTTP/1.0" 200 19682 "http://yuvi.in/blog/2011/01/" "Mozilla/5.0 (compatible; lemurwebcrawler admin@lemurproject.org; +http://boston.lti.cs.cmu.edu/crawler_12/)"
98.172.15.254 - - [29/Mar/2012:08:42:17 -0700] "GET / HTTP/1.1" 304 0 "-" "Caffeinated/1.1.1 CFNetwork/520.3.2 Darwin/11.3.0 (x86_64) (MacBookPro8%2C1)"
98.172.15.254 - - [29/Mar/2012:08:42:17 -0700] "GET /favicon.ico HTTP/1.1" 404 169 "-" "Caffeinated/1.1.1 CFNetwork/520.3.2 Darwin/11.3.0 (x86_64) (MacBookPro8%2C1)"
98.172.15.254 - - [29/Mar/2012:08:43:02 -0700] "GET /favicon.ico HTTP/1.1" 404 169 "-" "Caffeinated/1.1.1 CFNetwork/520.3.2 Darwin/11.3.0 (x86_64) (MacBookPro8%2C1)"
85.17.88.169 - - [29/Mar/2012:08:43:26 -0700] "POST /blog/wp-cron.php?doing_wp_cron=1333035580 HTTP/1.0" 499 0 "-" "WordPress/3.3.1; http://yuvi.in/blog"
128.2.207.79 - - [29/Mar/2012:08:43:27 -0700] "GET /blog/nen-first-dot-2010-what-i-learnt/feed/ HTTP/1.0" 200 782 "http://yuvi.in/blog/nen-first-dot-2010-what-i-learnt/" "Mozilla/5.0 (compatible; lemurwebcrawler admin@lemurproject.org; +http://boston.lti.cs.cmu.edu/crawler_12/)"
98.172.15.254 - - [29/Mar/2012:08:43:43 -0700] "GET /favicon.ico HTTP/1.1" 404 169 "-" "Caffeinated/1.1.1 CFNetwork/520.3.2 Darwin/11.3.0 (x86_64) (MacBookPro8%2C1)"
98.172.15.254 - - [29/Mar/2012:08:44:30 -0700] "GET /favicon.ico HTTP/1.1" 404 169 "-" "Caffeinated/1.1.1 CFNetwork/520.3.2 Darwin/11.3.0 (x86_64) (MacBookPro8%2C1)"
85.17.88.169 - - [29/Mar/2012:08:45:03 -0700] "POST /blog/wp-cron.php?doing_wp_cron=1333035676 HTTP/1.0" 499 0 "-" "WordPress/3.3.1; http://yuvi.in/blog"
128.2.207.79 - - [29/Mar/2012:08:45:03 -0700] "GET /blog/?p=29 HTTP/1.0" 301 0 "http://yuvi.in/blog/nen-first-dot-2010-what-i-learnt/" "Mozilla/5.0 (compatible; lemurwebcrawler admin@lemurproject.org; +http://boston.lti.cs.cmu.edu/crawler_12/)"
98.172.15.254 - - [29/Mar/2012:08:45:13 -0700] "GET /favicon.ico HTTP/1.1" 404 169 "-" "Caffeinated/1.1.1 CFNetwork/520.3.2 Darwin/11.3.0 (x86_64) (MacBookPro8%2C1)"
98.172.15.254 - - [29/Mar/2012:08:45:57 -0700] "GET /favicon.ico HTTP/1.1" 404 169 "-" "Caffeinated/1.1.1 CFNetwork/520.3.2 Darwin/11.3.0 (x86_64) (MacBookPro8%2C1)"
85.17.88.169 - - [29/Mar/2012:08:46:27 -0700] "POST /blog/wp-cron.php?doing_wp_cron=1333035761 HTTP/1.0" 499 0 "-" "WordPress/3.3.1; http://yuvi.in/blog"
128.2.207.79 - - [29/Mar/2012:08:46:28 -0700] "GET /blog/category/personal/page/2/ HTTP/1.0" 200 37874 "http://yuvi.in/blog/category/personal/" "Mozilla/5.0 (compatible; lemurwebcrawler admin@lemurproject.org; +http://boston.lti.cs.cmu.edu/crawler_12/)"
98.172.15.254 - - [29/Mar/2012:08:46:37 -0700] "GET /favicon.ico HTTP/1.1" 404 169 "-" "Caffeinated/1.1.1 CFNetwork/520.3.2 Darwin/11.3.0 (x86_64) (MacBookPro8%2C1)"
98.172.15.254 - - [29/Mar/2012:08:47:25 -0700] "GET / HTTP/1.1" 304 0 "-" "Caffeinated/1.1.1 CFNetwork/520.3.2 Darwin/11.3.0 (x86_64) (MacBookPro8%2C1)"
98.172.15.254 - - [29/Mar/2012:08:47:25 -0700] "GET /favicon.ico HTTP/1.1" 404 169 "-" "Caffeinated/1.1.1 CFNetwork/520.3.2 Darwin/11.3.0 (x86_64) (MacBookPro8%2C1)"
91.140.183.24 - - [29/Mar/2012:08:47:32 -0700] "GET /r/1ooj HTTP/1.1" 301 257 "http://ta.wikipedia.org/wiki/%E0%AE%9A%E0%AE%A3%E0%AF%8D%E0%AE%AE%E0%AF%81%E0%AE%95%E0%AE%BE_%E0%AE%95%E0%AE%B2%E0%AF%88,_%E0%AE%85%E0%AE%B1%E0%AE%BF%E0%AE%B5%E0%AE%BF%E0%AE%AF%E0%AE%B2%E0%AF%8D,_%E0%AE%A4%E0%AF%8A%E0%AE%B4%E0%AE%BF%E0%AE%B2%E0%AF%8D%E0%AE%A8%E0%AF%81%E0%AE%9F%E0%AF%8D%E0%AE%AA%E0%AE%AE%E0%AF%8D_%E0%AE%AE%E0%AE%B1%E0%AF%8D%E0%AE%B1%E0%AF%81%E0%AE%AE%E0%AF%8D_%E0%AE%86%E0%AE%B0%E0%AE%BE%E0%AE%AF%E0%AF%8D%E0%AE%9A%E0%AF%8D%E0%AE%9A%E0%AE%BF_%E0%AE%85%E0%AE%95%E0%AE%BE%E0%AE%A4%E0%AE%AE%E0%AE%BF" "Mozilla/5.0 (compatible; MSIE 9.0; Windows NT 6.1; Trident/5.0)"
91.140.183.24 - - [29/Mar/2012:08:47:34 -0700] "GET /s/ta/1ooj/ HTTP/1.1" 302 933 "http://ta.wikipedia.org/wiki/%E0%AE%9A%E0%AE%A3%E0%AF%8D%E0%AE%AE%E0%AF%81%E0%AE%95%E0%AE%BE_%E0%AE%95%E0%AE%B2%E0%AF%88,_%E0%AE%85%E0%AE%B1%E0%AE%BF%E0%AE%B5%E0%AE%BF%E0%AE%AF%E0%AE%B2%E0%AF%8D,_%E0%AE%A4%E0%AF%8A%E0%AE%B4%E0%AE%BF%E0%AE%B2%E0%AF%8D%E0%AE%A8%E0%AF%81%E0%AE%9F%E0%AF%8D%E0%AE%AA%E0%AE%AE%E0%AF%8D_%E0%AE%AE%E0%AE%B1%E0%AF%8D%E0%AE%B1%E0%AF%81%E0%AE%AE%E0%AF%8D_%E0%AE%86%E0%AE%B0%E0%AE%BE%E0%AE%AF%E0%AF%8D%E0%AE%9A%E0%AF%8D%E0%AE%9A%E0%AE%BF_%E0%AE%85%E0%AE%95%E0%AE%BE%E0%AE%A4%E0%AE%AE%E0%AE%BF" "Mozilla/5.0 (compatible; MSIE 9.0; Windows NT 6.1; Trident/5.0)"
85.17.88.169 - - [29/Mar/2012:08:47:41 -0700] "POST /blog/wp-cron.php?doing_wp_cron=1333035834 HTTP/1.0" 499 0 "-" "WordPress/3.3.1; http://yuvi.in/blog"
128.2.207.79 - - [29/Mar/2012:08:47:42 -0700] "GET /blog/cheese-gsoc-report-week-5/ HTTP/1.0" 200 16924 "http://yuvi.in/blog/2010/07/" "Mozilla/5.0 (compatible; lemurwebcrawler admin@lemurproject.org; +http://boston.lti.cs.cmu.edu/crawler_12/)"
98.172.15.254 - - [29/Mar/2012:08:48:03 -0700] "GET /favicon.ico HTTP/1.1" 404 169 "-" "Caffeinated/1.1.1 CFNetwork/520.3.2 Darwin/11.3.0 (x86_64) (MacBookPro8%2C1)"
91.7.193.35 - - [29/Mar/2012:08:48:31 -0700] "GET /r/118r HTTP/1.1" 301 257 "http://ta.wikipedia.org/wiki/%E0%AE%9A%E0%AE%A8%E0%AF%8D%E0%AE%A4%E0%AE%BF%E0%AE%B0%E0%AE%B5%E0%AE%A4%E0%AE%A9%E0%AE%BE_%E0%AE%9A%E0%AF%86%E0%AE%B2%E0%AF%8D%E0%AE%B5%E0%AE%95%E0%AF%81%E0%AE%AE%E0%AE%BE%E0%AE%B0%E0%AE%A9%E0%AF%8D" "Mozilla/5.0 (Windows NT 5.1; rv:11.0) Gecko/20100101 Firefox/11.0"
91.7.193.35 - - [29/Mar/2012:08:48:32 -0700] "GET /s/ta/118r/ HTTP/1.1" 302 533 "http://ta.wikipedia.org/wiki/%E0%AE%9A%E0%AE%A8%E0%AF%8D%E0%AE%A4%E0%AE%BF%E0%AE%B0%E0%AE%B5%E0%AE%A4%E0%AE%A9%E0%AE%BE_%E0%AE%9A%E0%AF%86%E0%AE%B2%E0%AF%8D%E0%AE%B5%E0%AE%95%E0%AF%81%E0%AE%AE%E0%AE%BE%E0%AE%B0%E0%AE%A9%E0%AF%8D" "Mozilla/5.0 (Windows NT 5.1; rv:11.0) Gecko/20100101 Firefox/11.0"
91.7.193.35 - - [29/Mar/2012:08:48:40 -0700] "GET /s/ta/118r/ HTTP/1.1" 302 533 "http://ta.wikipedia.org/wiki/%E0%AE%9A%E0%AE%A8%E0%AF%8D%E0%AE%A4%E0%AE%BF%E0%AE%B0%E0%AE%B5%E0%AE%A4%E0%AE%A9%E0%AE%BE_%E0%AE%9A%E0%AF%86%E0%AE%B2%E0%AF%8D%E0%AE%B5%E0%AE%95%E0%AF%81%E0%AE%AE%E0%AE%BE%E0%AE%B0%E0%AE%A9%E0%AF%8D" "Mozilla/5.0 (Windows NT 5.1; rv:11.0) Gecko/20100101 Firefox/11.0"
98.172.15.254 - - [29/Mar/2012:08:48:51 -0700] "GET /favicon.ico HTTP/1.1" 404 169 "-" "Caffeinated/1.1.1 CFNetwork/520.3.2 Darwin/11.3.0 (x86_64) (MacBookPro8%2C1)"
85.17.88.169 - - [29/Mar/2012:08:49:06 -0700] "POST /blog/wp-cron.php?doing_wp_cron=1333035919 HTTP/1.0" 499 0 "-" "WordPress/3.3.1; http://yuvi.in/blog"
128.2.207.79 - - [29/Mar/2012:08:49:06 -0700] "GET /blog/cheese-gsoc-report-week-5/feed/ HTTP/1.0" 200 761 "http://yuvi.in/blog/cheese-gsoc-report-week-5/" "Mozilla/5.0 (compatible; lemurwebcrawler admin@lemurproject.org; +http://boston.lti.cs.cmu.edu/crawler_12/)"
98.172.15.254 - - [29/Mar/2012:08:49:32 -0700] "GET /favicon.ico HTTP/1.1" 404 169 "-" "Caffeinated/1.1.1 CFNetwork/520.3.2 Darwin/11.3.0 (x86_64) (MacBookPro8%2C1)"
69.171.224.248 - - [29/Mar/2012:08:49:38 -0700] "GET /r/2x9l HTTP/1.1" 301 257 "-" "facebookexternalhit/1.1 (+http://www.facebook.com/externalhit_uatext.php)"
69.171.224.251 - - [29/Mar/2012:08:49:38 -0700] "GET /s/ta/2x9l/ HTTP/1.1" 302 583 "-" "facebookexternalhit/1.1 (+http://www.facebook.com/externalhit_uatext.php)"
98.172.15.254 - - [29/Mar/2012:08:50:17 -0700] "GET /favicon.ico HTTP/1.1" 404 169 "-" "Caffeinated/1.1.1 CFNetwork/520.3.2 Darwin/11.3.0 (x86_64) (MacBookPro8%2C1)"
85.17.88.169 - - [29/Mar/2012:08:50:36 -0700] "POST /blog/wp-cron.php?doing_wp_cron=1333036009 HTTP/1.0" 499 0 "-" "WordPress/3.3.1; http://yuvi.in/blog"
128.2.207.79 - - [29/Mar/2012:08:50:36 -0700] "GET /blog/?p=73 HTTP/1.0" 301 0 "http://yuvi.in/blog/cheese-gsoc-report-week-5/" "Mozilla/5.0 (compatible; lemurwebcrawler admin@lemurproject.org; +http://boston.lti.cs.cmu.edu/crawler_12/)"
98.172.15.254 - - [29/Mar/2012:08:50:57 -0700] "GET /favicon.ico HTTP/1.1" 404 169 "-" "Caffeinated/1.1.1 CFNetwork/520.3.2 Darwin/11.3.0 (x86_64) (MacBookPro8%2C1)"
98.172.15.254 - - [29/Mar/2012:08:51:45 -0700] "GET /favicon.ico HTTP/1.1" 404 169 "-" "Caffeinated/1.1.1 CFNetwork/520.3.2 Darwin/11.3.0 (x86_64) (MacBookPro8%2C1)"
85.17.88.169 - - [29/Mar/2012:08:51:52 -0700] "POST /blog/wp-cron.php?doing_wp_cron=1333036085 HTTP/1.0" 499 0 "-" "WordPress/3.3.1; http://yuvi.in/blog"
128.2.207.79 - - [29/Mar/2012:08:51:53 -0700] "GET /blog/cheese-2-31-1-released/ HTTP/1.0" 200 20539 "http://yuvi.in/blog/2010/07/" "Mozilla/5.0 (compatible; lemurwebcrawler admin@lemurproject.org; +http://boston.lti.cs.cmu.edu/crawler_12/)"
98.172.15.254 - - [29/Mar/2012:08:52:27 -0700] "GET / HTTP/1.1" 304 0 "-" "Caffeinated/1.1.1 CFNetwork/520.3.2 Darwin/11.3.0 (x86_64) (MacBookPro8%2C1)"
98.172.15.254 - - [29/Mar/2012:08:52:27 -0700] "GET /favicon.ico HTTP/1.1" 404 169 "-" "Caffeinated/1.1.1 CFNetwork/520.3.2 Darwin/11.3.0 (x86_64) (MacBookPro8%2C1)"
98.172.15.254 - - [29/Mar/2012:08:53:09 -0700] "GET /favicon.ico HTTP/1.1" 404 169 "-" "Caffeinated/1.1.1 CFNetwork/520.3.2 Darwin/11.3.0 (x86_64) (MacBookPro8%2C1)"
85.17.88.169 - - [29/Mar/2012:08:53:11 -0700] "POST /blog/wp-cron.php?doing_wp_cron=1333036164 HTTP/1.0" 499 0 "-" "WordPress/3.3.1; http://yuvi.in/blog"
128.2.207.79 - - [29/Mar/2012:08:53:11 -0700] "GET /blog/cheese-2-31-1-released/feed/ HTTP/1.0" 200 744 "http://yuvi.in/blog/cheese-2-31-1-released/" "Mozilla/5.0 (compatible; lemurwebcrawler admin@lemurproject.org; +http://boston.lti.cs.cmu.edu/crawler_12/)"
98.172.15.254 - - [29/Mar/2012:08:53:56 -0700] "GET /favicon.ico HTTP/1.1" 404 169 "-" "Caffeinated/1.1.1 CFNetwork/520.3.2 Darwin/11.3.0 (x86_64) (MacBookPro8%2C1)"
85.17.88.169 - - [29/Mar/2012:08:54:30 -0700] "POST /blog/wp-cron.php?doing_wp_cron=1333036244 HTTP/1.0" 499 0 "-" "WordPress/3.3.1; http://yuvi.in/blog"
128.2.207.79 - - [29/Mar/2012:08:54:31 -0700] "GET /blog/?p=87 HTTP/1.0" 301 0 "http://yuvi.in/blog/cheese-2-31-1-released/" "Mozilla/5.0 (compatible; lemurwebcrawler admin@lemurproject.org; +http://boston.lti.cs.cmu.edu/crawler_12/)"
98.172.15.254 - - [29/Mar/2012:08:54:36 -0700] "GET /favicon.ico HTTP/1.1" 404 169 "-" "Caffeinated/1.1.1 CFNetwork/520.3.2 Darwin/11.3.0 (x86_64) (MacBookPro8%2C1)"
69.171.234.0 - - [29/Mar/2012:08:55:05 -0700] "GET /r/fmf HTTP/1.1" 301 255 "-" "facebookexternalhit/1.1 (+http://www.facebook.com/externalhit_uatext.php)"
69.171.234.3 - - [29/Mar/2012:08:55:05 -0700] "GET /s/ta/fmf/ HTTP/1.1" 302 349 "-" "facebookexternalhit/1.1 (+http://www.facebook.com/externalhit_uatext.php)"
98.172.15.254 - - [29/Mar/2012:08:55:23 -0700] "GET /favicon.ico HTTP/1.1" 404 169 "-" "Caffeinated/1.1.1 CFNetwork/520.3.2 Darwin/11.3.0 (x86_64) (MacBookPro8%2C1)"
85.17.88.169 - - [29/Mar/2012:08:55:54 -0700] "POST /blog/wp-cron.php?doing_wp_cron=1333036327 HTTP/1.0" 499 0 "-" "WordPress/3.3.1; http://yuvi.in/blog"
128.2.207.79 - - [29/Mar/2012:08:55:54 -0700] "GET /blog/reddit-university-sicp-reading-group/ HTTP/1.0" 200 16598 "http://yuvi.in/blog/2010/07/" "Mozilla/5.0 (compatible; lemurwebcrawler admin@lemurproject.org; +http://boston.lti.cs.cmu.edu/crawler_12/)"
98.172.15.254 - - [29/Mar/2012:08:56:03 -0700] "GET /favicon.ico HTTP/1.1" 404 169 "-" "Caffeinated/1.1.1 CFNetwork/520.3.2 Darwin/11.3.0 (x86_64) (MacBookPro8%2C1)"
98.172.15.254 - - [29/Mar/2012:08:56:47 -0700] "GET /favicon.ico HTTP/1.1" 404 169 "-" "Caffeinated/1.1.1 CFNetwork/520.3.2 Darwin/11.3.0 (x86_64) (MacBookPro8%2C1)"
85.17.88.169 - - [29/Mar/2012:08:57:13 -0700] "POST /blog/wp-cron.php?doing_wp_cron=1333036406 HTTP/1.0" 499 0 "-" "WordPress/3.3.1; http://yuvi.in/blog"
128.2.207.79 - - [29/Mar/2012:08:57:14 -0700] "GET /blog/reddit-university-sicp-reading-group/feed/ HTTP/1.0" 200 794 "http://yuvi.in/blog/reddit-university-sicp-reading-group/" "Mozilla/5.0 (compatible; lemurwebcrawler admin@lemurproject.org; +http://boston.lti.cs.cmu.edu/crawler_12/)"
98.172.15.254 - - [29/Mar/2012:08:57:31 -0700] "GET / HTTP/1.1" 304 0 "-" "Caffeinated/1.1.1 CFNetwork/520.3.2 Darwin/11.3.0 (x86_64) (MacBookPro8%2C1)"
98.172.15.254 - - [29/Mar/2012:08:57:31 -0700] "GET /favicon.ico HTTP/1.1" 404 169 "-" "Caffeinated/1.1.1 CFNetwork/520.3.2 Darwin/11.3.0 (x86_64) (MacBookPro8%2C1)"
98.172.15.254 - - [29/Mar/2012:08:58:17 -0700] "GET /favicon.ico HTTP/1.1" 404 169 "-" "Caffeinated/1.1.1 CFNetwork/520.3.2 Darwin/11.3.0 (x86_64) (MacBookPro8%2C1)"
85.17.88.169 - - [29/Mar/2012:08:58:40 -0700] "POST /blog/wp-cron.php?doing_wp_cron=1333036493 HTTP/1.0" 499 0 "-" "WordPress/3.3.1; http://yuvi.in/blog"
128.2.207.79 - - [29/Mar/2012:08:58:41 -0700] "GET /blog/?p=56 HTTP/1.0" 301 0 "http://yuvi.in/blog/reddit-university-sicp-reading-group/" "Mozilla/5.0 (compatible; lemurwebcrawler admin@lemurproject.org; +http://boston.lti.cs.cmu.edu/crawler_12/)"
98.172.15.254 - - [29/Mar/2012:08:58:57 -0700] "GET /favicon.ico HTTP/1.1" 404 169 "-" "Caffeinated/1.1.1 CFNetwork/520.3.2 Darwin/11.3.0 (x86_64) (MacBookPro8%2C1)"
98.172.15.254 - - [29/Mar/2012:08:59:46 -0700] "GET /favicon.ico HTTP/1.1" 404 169 "-" "Caffeinated/1.1.1 CFNetwork/520.3.2 Darwin/11.3.0 (x86_64) (MacBookPro8%2C1)"
85.17.88.169 - - [29/Mar/2012:08:59:54 -0700] "POST /blog/wp-cron.php?doing_wp_cron=1333036567 HTTP/1.0" 499 0 "-" "WordPress/3.3.1; http://yuvi.in/blog"
128.2.207.79 - - [29/Mar/2012:08:59:55 -0700] "GET /blog/cheese-gsoc-report-week-7/ HTTP/1.0" 200 16850 "http://yuvi.in/blog/2010/07/" "Mozilla/5.0 (compatible; lemurwebcrawler admin@lemurproject.org; +http://boston.lti.cs.cmu.edu/crawler_12/)"
98.172.15.254 - - [29/Mar/2012:09:00:23 -0700] "GET /favicon.ico HTTP/1.1" 404 169 "-" "Caffeinated/1.1.1 CFNetwork/520.3.2 Darwin/11.3.0 (x86_64) (MacBookPro8%2C1)"
98.172.15.254 - - [29/Mar/2012:09:01:16 -0700] "GET /favicon.ico HTTP/1.1" 404 169 "-" "Caffeinated/1.1.1 CFNetwork/520.3.2 Darwin/11.3.0 (x86_64) (MacBookPro8%2C1)"
85.17.88.169 - - [29/Mar/2012:09:01:24 -0700] "POST /blog/wp-cron.php?doing_wp_cron=1333036657 HTTP/1.0" 499 0 "-" "WordPress/3.3.1; http://yuvi.in/blog"
128.2.207.79 - - [29/Mar/2012:09:01:24 -0700] "GET /blog/cheese-gsoc-report-week-7/feed/ HTTP/1.0" 200 761 "http://yuvi.in/blog/cheese-gsoc-report-week-7/" "Mozilla/5.0 (compatible; lemurwebcrawler admin@lemurproject.org; +http://boston.lti.cs.cmu.edu/crawler_12/)"
203.82.80.78 - - [29/Mar/2012:09:01:41 -0700] "GET /r/rnk HTTP/1.1" 301 255 "http://ta.wikipedia.org/wiki/%E0%AE%AA%E0%AE%95%E0%AF%81%E0%AE%AA%E0%AF%8D%E0%AE%AA%E0%AF%81:%E0%AE%B0%E0%AE%B7%E0%AF%8D%E0%AE%AF%E0%AE%BE%E0%AE%B5%E0%AE%BF%E0%AE%A9%E0%AF%8D_%E0%AE%93%E0%AE%AA%E0%AF%8D%E0%AE%B2%E0%AE%B8%E0%AF%8D%E0%AE%A4%E0%AF%81%E0%AE%95%E0%AE%B3%E0%AF%8D" "Mozilla/5.0 (compatible; MSIE 9.0; Windows NT 6.1; WOW64; Trident/5.0; FunWebProducts)"
203.82.80.78 - - [29/Mar/2012:09:01:41 -0700] "GET /s/ta/rnk/ HTTP/1.1" 302 595 "http://ta.wikipedia.org/wiki/%E0%AE%AA%E0%AE%95%E0%AF%81%E0%AE%AA%E0%AF%8D%E0%AE%AA%E0%AF%81:%E0%AE%B0%E0%AE%B7%E0%AF%8D%E0%AE%AF%E0%AE%BE%E0%AE%B5%E0%AE%BF%E0%AE%A9%E0%AF%8D_%E0%AE%93%E0%AE%AA%E0%AF%8D%E0%AE%B2%E0%AE%B8%E0%AF%8D%E0%AE%A4%E0%AF%81%E0%AE%95%E0%AE%B3%E0%AF%8D" "Mozilla/5.0 (compatible; MSIE 9.0; Windows NT 6.1; WOW64; Trident/5.0; FunWebProducts)"
98.172.15.254 - - [29/Mar/2012:09:01:49 -0700] "GET /favicon.ico HTTP/1.1" 404 169 "-" "Caffeinated/1.1.1 CFNetwork/520.3.2 Darwin/11.3.0 (x86_64) (MacBookPro8%2C1)"
122.164.188.137 - - [29/Mar/2012:09:02:33 -0700] "-" 400 0 "-" "-"
115.241.16.236 - - [29/Mar/2012:09:02:40 -0700] "-" 400 0 "-" "-"
98.172.15.254 - - [29/Mar/2012:09:02:47 -0700] "GET / HTTP/1.1" 304 0 "-" "Caffeinated/1.1.1 CFNetwork/520.3.2 Darwin/11.3.0 (x86_64) (MacBookPro8%2C1)"
98.172.15.254 - - [29/Mar/2012:09:02:47 -0700] "GET /favicon.ico HTTP/1.1" 404 169 "-" "Caffeinated/1.1.1 CFNetwork/520.3.2 Darwin/11.3.0 (x86_64) (MacBookPro8%2C1)"
85.17.88.169 - - [29/Mar/2012:09:02:48 -0700] "POST /blog/wp-cron.php?doing_wp_cron=1333036741 HTTP/1.0" 499 0 "-" "WordPress/3.3.1; http://yuvi.in/blog"
128.2.207.79 - - [29/Mar/2012:09:02:49 -0700] "GET /blog/?p=71 HTTP/1.0" 301 0 "http://yuvi.in/blog/cheese-gsoc-report-week-7/" "Mozilla/5.0 (compatible; lemurwebcrawler admin@lemurproject.org; +http://boston.lti.cs.cmu.edu/crawler_12/)"
98.172.15.254 - - [29/Mar/2012:09:03:25 -0700] "GET /favicon.ico HTTP/1.1" 404 169 "-" "Caffeinated/1.1.1 CFNetwork/520.3.2 Darwin/11.3.0 (x86_64) (MacBookPro8%2C1)"
85.17.88.169 - - [29/Mar/2012:09:03:33 -0700] "POST /blog/wp-cron.php?doing_wp_cron=1333036786 HTTP/1.0" 499 0 "-" "WordPress/3.3.1; http://yuvi.in/blog"
100.43.83.144 - - [29/Mar/2012:09:03:34 -0700] "GET /blog/page/2/ HTTP/1.1" 200 26316 "-" "Mozilla/5.0 (compatible; YandexBot/3.0; +http://yandex.com/bots)"
112.79.44.224 - - [29/Mar/2012:09:03:57 -0700] "GET /r/1z64 HTTP/1.1" 301 257 "http://www.muthukamalam.com/tidbits/p132.html" "Mozilla/5.0 (Linux; U; Android 2.3.6; en-us; GT-S5360 Build/GINGERBREAD) AppleWebKit/533.1 (KHTML, like Gecko) Version/4.0 Mobile Safari/533.1"
112.79.44.224 - - [29/Mar/2012:09:03:59 -0700] "GET /s/ta/1z64/ HTTP/1.1" 302 557 "http://www.muthukamalam.com/tidbits/p132.html" "Mozilla/5.0 (Linux; U; Android 2.3.6; en-us; GT-S5360 Build/GINGERBREAD) AppleWebKit/533.1 (KHTML, like Gecko) Version/4.0 Mobile Safari/533.1"
85.17.88.169 - - [29/Mar/2012:09:04:05 -0700] "POST /blog/wp-cron.php?doing_wp_cron=1333036818 HTTP/1.0" 499 0 "-" "WordPress/3.3.1; http://yuvi.in/blog"
128.2.207.79 - - [29/Mar/2012:09:04:06 -0700] "GET /blog/cheese-gsoc-report-week-8/ HTTP/1.0" 200 16862 "http://yuvi.in/blog/2010/07/" "Mozilla/5.0 (compatible; lemurwebcrawler admin@lemurproject.org; +http://boston.lti.cs.cmu.edu/crawler_12/)"
98.172.15.254 - - [29/Mar/2012:09:04:16 -0700] "GET /favicon.ico HTTP/1.1" 404 169 "-" "Caffeinated/1.1.1 CFNetwork/520.3.2 Darwin/11.3.0 (x86_64) (MacBookPro8%2C1)"
122.164.167.98 - - [29/Mar/2012:09:04:51 -0700] "-" 400 0 "-" "-"
98.172.15.254 - - [29/Mar/2012:09:05:02 -0700] "GET /favicon.ico HTTP/1.1" 404 169 "-" "Caffeinated/1.1.1 CFNetwork/520.3.2 Darwin/11.3.0 (x86_64) (MacBookPro8%2C1)"
85.17.88.169 - - [29/Mar/2012:09:05:26 -0700] "POST /blog/wp-cron.php?doing_wp_cron=1333036899 HTTP/1.0" 499 0 "-" "WordPress/3.3.1; http://yuvi.in/blog"
128.2.207.79 - - [29/Mar/2012:09:05:26 -0700] "GET /blog/?p=74 HTTP/1.0" 301 0 "http://yuvi.in/blog/cheese-gsoc-report-week-8/" "Mozilla/5.0 (compatible; lemurwebcrawler admin@lemurproject.org; +http://boston.lti.cs.cmu.edu/crawler_12/)"
98.172.15.254 - - [29/Mar/2012:09:05:57 -0700] "GET /favicon.ico HTTP/1.1" 404 169 "-" "Caffeinated/1.1.1 CFNetwork/520.3.2 Darwin/11.3.0 (x86_64) (MacBookPro8%2C1)"
98.172.15.254 - - [29/Mar/2012:09:06:27 -0700] "GET /favicon.ico HTTP/1.1" 404 169 "-" "Caffeinated/1.1.1 CFNetwork/520.3.2 Darwin/11.3.0 (x86_64) (MacBookPro8%2C1)"
85.17.88.169 - - [29/Mar/2012:09:07:00 -0700] "POST /blog/wp-cron.php?doing_wp_cron=1333036993 HTTP/1.0" 499 0 "-" "WordPress/3.3.1; http://yuvi.in/blog"
128.2.207.79 - - [29/Mar/2012:09:07:00 -0700] "GET /blog/my-gsoc-2010-proposal/ HTTP/1.0" 200 16326 "http://yuvi.in/blog/2010/07/" "Mozilla/5.0 (compatible; lemurwebcrawler admin@lemurproject.org; +http://boston.lti.cs.cmu.edu/crawler_12/)"
98.172.15.254 - - [29/Mar/2012:09:07:25 -0700] "GET /favicon.ico HTTP/1.1" 404 169 "-" "Caffeinated/1.1.1 CFNetwork/520.3.2 Darwin/11.3.0 (x86_64) (MacBookPro8%2C1)"
74.125.126.87 - - [29/Mar/2012:09:07:50 -0700] "GET /favicon.ico HTTP/1.1" 404 142 "-" "-"
98.172.15.254 - - [29/Mar/2012:09:07:53 -0700] "GET / HTTP/1.1" 304 0 "-" "Caffeinated/1.1.1 CFNetwork/520.3.2 Darwin/11.3.0 (x86_64) (MacBookPro8%2C1)"
98.172.15.254 - - [29/Mar/2012:09:07:53 -0700] "GET /favicon.ico HTTP/1.1" 404 169 "-" "Caffeinated/1.1.1 CFNetwork/520.3.2 Darwin/11.3.0 (x86_64) (MacBookPro8%2C1)"
85.17.88.169 - - [29/Mar/2012:09:07:54 -0700] "POST /blog/wp-cron.php?doing_wp_cron=1333037047 HTTP/1.0" 499 0 "-" "WordPress/3.3.1; http://yuvi.in/blog"
209.85.224.91 - - [29/Mar/2012:09:07:54 -0700] "GET /blog/feed HTTP/1.1" 304 0 "-" "FeedBurner/1.0 (http://www.FeedBurner.com)"
85.17.88.169 - - [29/Mar/2012:09:08:25 -0700] "POST /blog/wp-cron.php?doing_wp_cron=1333037078 HTTP/1.0" 499 0 "-" "WordPress/3.3.1; http://yuvi.in/blog"
128.2.207.79 - - [29/Mar/2012:09:08:26 -0700] "GET /blog/?p=89 HTTP/1.0" 301 0 "http://yuvi.in/blog/my-gsoc-2010-proposal/" "Mozilla/5.0 (compatible; lemurwebcrawler admin@lemurproject.org; +http://boston.lti.cs.cmu.edu/crawler_12/)"
98.172.15.254 - - [29/Mar/2012:09:08:51 -0700] "GET /favicon.ico HTTP/1.1" 404 169 "-" "Caffeinated/1.1.1 CFNetwork/520.3.2 Darwin/11.3.0 (x86_64) (MacBookPro8%2C1)"
98.172.15.254 - - [29/Mar/2012:09:09:22 -0700] "GET /favicon.ico HTTP/1.1" 404 169 "-" "Caffeinated/1.1.1 CFNetwork/520.3.2 Darwin/11.3.0 (x86_64) (MacBookPro8%2C1)"
85.17.88.169 - - [29/Mar/2012:09:09:52 -0700] "POST /blog/wp-cron.php?doing_wp_cron=1333037165 HTTP/1.0" 499 0 "-" "WordPress/3.3.1; http://yuvi.in/blog"
128.2.207.79 - - [29/Mar/2012:09:09:57 -0700] "GET /blog/passing-headers-proxying-nginx/trackback/ HTTP/1.0" 302 0 "http://yuvi.in/blog/passing-headers-proxying-nginx/" "Mozilla/5.0 (compatible; lemurwebcrawler admin@lemurproject.org; +http://boston.lti.cs.cmu.edu/crawler_12/)"
98.172.15.254 - - [29/Mar/2012:09:10:23 -0700] "GET /favicon.ico HTTP/1.1" 404 169 "-" "Caffeinated/1.1.1 CFNetwork/520.3.2 Darwin/11.3.0 (x86_64) (MacBookPro8%2C1)"
98.172.15.254 - - [29/Mar/2012:09:10:57 -0700] "GET /favicon.ico HTTP/1.1" 404 169 "-" "Caffeinated/1.1.1 CFNetwork/520.3.2 Darwin/11.3.0 (x86_64) (MacBookPro8%2C1)"
85.17.88.169 - - [29/Mar/2012:09:11:34 -0700] "POST /blog/wp-cron.php?doing_wp_cron=1333037267 HTTP/1.0" 499 0 "-" "WordPress/3.3.1; http://yuvi.in/blog"
220.181.108.151 - - [29/Mar/2012:09:11:35 -0700] "GET /blog/tag/devlog-dec-2011/ HTTP/1.1" 200 4460 "-" "Mozilla/5.0 (compatible; Baiduspider/2.0; +http://www.baidu.com/search/spider.html)"
122.164.14.222 - - [29/Mar/2012:09:11:50 -0700] "-" 400 0 "-" "-"
98.172.15.254 - - [29/Mar/2012:09:11:59 -0700] "GET /favicon.ico HTTP/1.1" 404 169 "-" "Caffeinated/1.1.1 CFNetwork/520.3.2 Darwin/11.3.0 (x86_64) (MacBookPro8%2C1)"
98.172.15.254 - - [29/Mar/2012:09:12:26 -0700] "GET /favicon.ico HTTP/1.1" 404 169 "-" "Caffeinated/1.1.1 CFNetwork/520.3.2 Darwin/11.3.0 (x86_64) (MacBookPro8%2C1)"
85.17.88.169 - - [29/Mar/2012:09:12:28 -0700] "POST /blog/wp-cron.php?doing_wp_cron=1333037321 HTTP/1.0" 499 0 "-" "WordPress/3.3.1; http://yuvi.in/blog"
128.2.207.79 - - [29/Mar/2012:09:12:28 -0700] "GET /blog/devlog-december-10-2011/feed/ HTTP/1.0" 200 748 "http://yuvi.in/blog/devlog-december-10-2011/" "Mozilla/5.0 (compatible; lemurwebcrawler admin@lemurproject.org; +http://boston.lti.cs.cmu.edu/crawler_12/)"
78.46.63.15 - - [29/Mar/2012:09:13:03 -0700] "GET /blog/cheese-2-31-1-released.html HTTP/1.1" 200 10050 "-" "Mozilla/5.0 (compatible; Googlebot/2.1; +http://www.google.com/bot.html)"
98.172.15.254 - - [29/Mar/2012:09:13:24 -0700] "GET / HTTP/1.1" 304 0 "-" "Caffeinated/1.1.1 CFNetwork/520.3.2 Darwin/11.3.0 (x86_64) (MacBookPro8%2C1)"
98.172.15.254 - - [29/Mar/2012:09:13:24 -0700] "GET /favicon.ico HTTP/1.1" 404 169 "-" "Caffeinated/1.1.1 CFNetwork/520.3.2 Darwin/11.3.0 (x86_64) (MacBookPro8%2C1)"
85.17.88.169 - - [29/Mar/2012:09:13:47 -0700] "POST /blog/wp-cron.php?doing_wp_cron=1333037400 HTTP/1.0" 499 0 "-" "WordPress/3.3.1; http://yuvi.in/blog"
128.2.207.79 - - [29/Mar/2012:09:13:48 -0700] "GET /blog/devlog-december-10-2011/trackback/ HTTP/1.0" 302 0 "http://yuvi.in/blog/devlog-december-10-2011/" "Mozilla/5.0 (compatible; lemurwebcrawler admin@lemurproject.org; +http://boston.lti.cs.cmu.edu/crawler_12/)"
98.172.15.254 - - [29/Mar/2012:09:13:55 -0700] "GET /favicon.ico HTTP/1.1" 404 169 "-" "Caffeinated/1.1.1 CFNetwork/520.3.2 Darwin/11.3.0 (x86_64) (MacBookPro8%2C1)"
122.164.14.222 - - [29/Mar/2012:09:13:57 -0700] "-" 400 0 "-" "-"
98.172.15.254 - - [29/Mar/2012:09:14:53 -0700] "GET /favicon.ico HTTP/1.1" 404 169 "-" "Caffeinated/1.1.1 CFNetwork/520.3.2 Darwin/11.3.0 (x86_64) (MacBookPro8%2C1)"
85.17.88.169 - - [29/Mar/2012:09:15:07 -0700] "POST /blog/wp-cron.php?doing_wp_cron=1333037480 HTTP/1.0" 499 0 "-" "WordPress/3.3.1; http://yuvi.in/blog"
128.2.207.79 - - [29/Mar/2012:09:15:08 -0700] "GET /blog/enthusiastic-teachers-and-naive-implementation-of-gauss-seidel-approximations/ HTTP/1.0" 200 18026 "http://yuvi.in/blog/category/education/" "Mozilla/5.0 (compatible; lemurwebcrawler admin@lemurproject.org; +http://boston.lti.cs.cmu.edu/crawler_12/)"
85.17.88.169 - - [29/Mar/2012:09:15:28 -0700] "POST /blog/wp-cron.php?doing_wp_cron=1333037501 HTTP/1.0" 499 0 "-" "WordPress/3.3.1; http://yuvi.in/blog"
100.43.83.144 - - [29/Mar/2012:09:15:29 -0700] "GET /blog/category/education/ HTTP/1.1" 200 16511 "-" "Mozilla/5.0 (compatible; YandexBot/3.0; +http://yandex.com/bots)"
98.172.15.254 - - [29/Mar/2012:09:15:55 -0700] "GET /favicon.ico HTTP/1.1" 404 169 "-" "Caffeinated/1.1.1 CFNetwork/520.3.2 Darwin/11.3.0 (x86_64) (MacBookPro8%2C1)"
85.17.88.169 - - [29/Mar/2012:09:16:19 -0700] "POST /blog/wp-cron.php?doing_wp_cron=1333037552 HTTP/1.0" 499 0 "-" "WordPress/3.3.1; http://yuvi.in/blog"
128.2.207.79 - - [29/Mar/2012:09:16:20 -0700] "GET /blog/?p=75 HTTP/1.0" 301 0 "http://yuvi.in/blog/enthusiastic-teachers-and-naive-implementation-of-gauss-seidel-approximations/" "Mozilla/5.0 (compatible; lemurwebcrawler admin@lemurproject.org; +http://boston.lti.cs.cmu.edu/crawler_12/)"
98.172.15.254 - - [29/Mar/2012:09:16:32 -0700] "GET /favicon.ico HTTP/1.1" 404 169 "-" "Caffeinated/1.1.1 CFNetwork/520.3.2 Darwin/11.3.0 (x86_64) (MacBookPro8%2C1)"
74.125.70.87 - - [29/Mar/2012:09:17:05 -0700] "GET / HTTP/1.1" 200 1430 "-" "Mozilla/5.0 (en-us) AppleWebKit/534.14 (KHTML, like Gecko; Google Wireless Transcoder) Chrome/9.0.597 Safari/534.14"
74.125.16.93 - - [29/Mar/2012:09:17:06 -0700] "GET /header.png HTTP/1.1" 200 14249 "http://yuvi.in/" "Mozilla/5.0 (en-us) AppleWebKit/534.14 (KHTML, like Gecko; Google Wireless Transcoder) Chrome/9.0.597 Safari/534.14"
74.125.16.223 - - [29/Mar/2012:09:17:07 -0700] "GET /blueprint/print.css HTTP/1.1" 200 1284 "http://yuvi.in/" "Mozilla/5.0 (en-us) AppleWebKit/534.14 (KHTML, like Gecko; Google Wireless Transcoder) Chrome/9.0.597 Safari/534.14"
98.172.15.254 - - [29/Mar/2012:09:17:25 -0700] "GET /favicon.ico HTTP/1.1" 404 169 "-" "Caffeinated/1.1.1 CFNetwork/520.3.2 Darwin/11.3.0 (x86_64) (MacBookPro8%2C1)"
85.17.88.169 - - [29/Mar/2012:09:17:50 -0700] "POST /blog/wp-cron.php?doing_wp_cron=1333037643 HTTP/1.0" 499 0 "-" "WordPress/3.3.1; http://yuvi.in/blog"
128.2.207.79 - - [29/Mar/2012:09:17:51 -0700] "GET /blog/orwell-and-huxley/ HTTP/1.0" 200 16104 "http://yuvi.in/blog/category/education/" "Mozilla/5.0 (compatible; lemurwebcrawler admin@lemurproject.org; +http://boston.lti.cs.cmu.edu/crawler_12/)"
209.85.224.80 - - [29/Mar/2012:09:17:56 -0700] "GET /stories/feed HTTP/1.1" 200 13653 "-" "FeedBurner/1.0 (http://www.FeedBurner.com)"
98.172.15.254 - - [29/Mar/2012:09:18:01 -0700] "GET /favicon.ico HTTP/1.1" 404 169 "-" "Caffeinated/1.1.1 CFNetwork/520.3.2 Darwin/11.3.0 (x86_64) (MacBookPro8%2C1)"
98.172.15.254 - - [29/Mar/2012:09:18:55 -0700] "GET / HTTP/1.1" 304 0 "-" "Caffeinated/1.1.1 CFNetwork/520.3.2 Darwin/11.3.0 (x86_64) (MacBookPro8%2C1)"
98.172.15.254 - - [29/Mar/2012:09:18:55 -0700] "GET /favicon.ico HTTP/1.1" 404 169 "-" "Caffeinated/1.1.1 CFNetwork/520.3.2 Darwin/11.3.0 (x86_64) (MacBookPro8%2C1)"
115.184.190.10 - - [29/Mar/2012:09:19:06 -0700] "-" 400 0 "-" "-"
85.17.88.169 - - [29/Mar/2012:09:19:17 -0700] "POST /blog/wp-cron.php?doing_wp_cron=1333037730 HTTP/1.0" 499 0 "-" "WordPress/3.3.1; http://yuvi.in/blog"
128.2.207.79 - - [29/Mar/2012:09:19:17 -0700] "GET /blog/?p=13 HTTP/1.0" 301 0 "http://yuvi.in/blog/orwell-and-huxley/" "Mozilla/5.0 (compatible; lemurwebcrawler admin@lemurproject.org; +http://boston.lti.cs.cmu.edu/crawler_12/)"
98.172.15.254 - - [29/Mar/2012:09:19:44 -0700] "GET /favicon.ico HTTP/1.1" 404 169 "-" "Caffeinated/1.1.1 CFNetwork/520.3.2 Darwin/11.3.0 (x86_64) (MacBookPro8%2C1)"
115.184.190.10 - - [29/Mar/2012:09:20:08 -0700] "-" 400 0 "-" "-"
115.184.190.10 - - [29/Mar/2012:09:20:08 -0700] "-" 400 0 "-" "-"
115.184.190.10 - - [29/Mar/2012:09:20:08 -0700] "-" 400 0 "-" "-"
115.184.190.10 - - [29/Mar/2012:09:20:08 -0700] "-" 400 0 "-" "-"
115.184.190.10 - - [29/Mar/2012:09:20:08 -0700] "-" 400 0 "-" "-"
98.172.15.254 - - [29/Mar/2012:09:20:26 -0700] "GET /favicon.ico HTTP/1.1" 404 169 "-" "Caffeinated/1.1.1 CFNetwork/520.3.2 Darwin/11.3.0 (x86_64) (MacBookPro8%2C1)"
85.17.88.169 - - [29/Mar/2012:09:20:36 -0700] "POST /blog/wp-cron.php?doing_wp_cron=1333037809 HTTP/1.0" 499 0 "-" "WordPress/3.3.1; http://yuvi.in/blog"
128.2.207.79 - - [29/Mar/2012:09:20:36 -0700] "GET /blog/category/education/page/2/ HTTP/1.0" 200 15421 "http://yuvi.in/blog/category/education/" "Mozilla/5.0 (compatible; lemurwebcrawler admin@lemurproject.org; +http://boston.lti.cs.cmu.edu/crawler_12/)"
69.171.224.251 - - [29/Mar/2012:09:21:01 -0700] "GET /r/k8h HTTP/1.1" 301 255 "-" "facebookexternalhit/1.1 (+http://www.facebook.com/externalhit_uatext.php)"
69.171.224.244 - - [29/Mar/2012:09:21:02 -0700] "GET /s/ta/k8h/ HTTP/1.1" 302 401 "-" "facebookexternalhit/1.1 (+http://www.facebook.com/externalhit_uatext.php)"
98.172.15.254 - - [29/Mar/2012:09:21:11 -0700] "GET /favicon.ico HTTP/1.1" 404 169 "-" "Caffeinated/1.1.1 CFNetwork/520.3.2 Darwin/11.3.0 (x86_64) (MacBookPro8%2C1)"
85.17.88.169 - - [29/Mar/2012:09:21:54 -0700] "POST /blog/wp-cron.php?doing_wp_cron=1333037887 HTTP/1.0" 499 0 "-" "WordPress/3.3.1; http://yuvi.in/blog"
128.2.207.79 - - [29/Mar/2012:09:21:55 -0700] "GET /blog/how-i-spent-the-day-today/ HTTP/1.0" 200 17811 "http://yuvi.in/blog/2010/04/" "Mozilla/5.0 (compatible; lemurwebcrawler admin@lemurproject.org; +http://boston.lti.cs.cmu.edu/crawler_12/)"
98.172.15.254 - - [29/Mar/2012:09:21:57 -0700] "GET /favicon.ico HTTP/1.1" 404 169 "-" "Caffeinated/1.1.1 CFNetwork/520.3.2 Darwin/11.3.0 (x86_64) (MacBookPro8%2C1)"
98.172.15.254 - - [29/Mar/2012:09:22:49 -0700] "GET /favicon.ico HTTP/1.1" 404 169 "-" "Caffeinated/1.1.1 CFNetwork/520.3.2 Darwin/11.3.0 (x86_64) (MacBookPro8%2C1)"
85.17.88.169 - - [29/Mar/2012:09:23:22 -0700] "POST /blog/wp-cron.php?doing_wp_cron=1333037975 HTTP/1.0" 499 0 "-" "WordPress/3.3.1; http://yuvi.in/blog"
128.2.207.79 - - [29/Mar/2012:09:23:23 -0700] "GET /blog/how-i-spent-the-day-today/feed/ HTTP/1.0" 200 753 "http://yuvi.in/blog/how-i-spent-the-day-today/" "Mozilla/5.0 (compatible; lemurwebcrawler admin@lemurproject.org; +http://boston.lti.cs.cmu.edu/crawler_12/)"
98.172.15.254 - - [29/Mar/2012:09:23:27 -0700] "GET /favicon.ico HTTP/1.1" 404 169 "-" "Caffeinated/1.1.1 CFNetwork/520.3.2 Darwin/11.3.0 (x86_64) (MacBookPro8%2C1)"
203.189.186.114 - - [29/Mar/2012:09:24:23 -0700] "GET /r/2xrt HTTP/1.1" 301 257 "http://ta.wikipedia.org/wiki/%E0%AE%AA%E0%AE%9F%E0%AE%BF%E0%AE%AE%E0%AE%AE%E0%AF%8D:Nethra_TV.jpeg" "Mozilla/5.0 (Windows NT 5.1; rv:2.0) Gecko/20100101 Firefox/4.0"
203.189.186.114 - - [29/Mar/2012:09:24:25 -0700] "GET /s/ta/2xrt/ HTTP/1.1" 302 369 "http://ta.wikipedia.org/wiki/%E0%AE%AA%E0%AE%9F%E0%AE%BF%E0%AE%AE%E0%AE%AE%E0%AF%8D:Nethra_TV.jpeg" "Mozilla/5.0 (Windows NT 5.1; rv:2.0) Gecko/20100101 Firefox/4.0"
98.172.15.254 - - [29/Mar/2012:09:24:27 -0700] "GET / HTTP/1.1" 304 0 "-" "Caffeinated/1.1.1 CFNetwork/520.3.2 Darwin/11.3.0 (x86_64) (MacBookPro8%2C1)"
98.172.15.254 - - [29/Mar/2012:09:24:27 -0700] "GET /favicon.ico HTTP/1.1" 404 169 "-" "Caffeinated/1.1.1 CFNetwork/520.3.2 Darwin/11.3.0 (x86_64) (MacBookPro8%2C1)"
85.17.88.169 - - [29/Mar/2012:09:24:48 -0700] "POST /blog/wp-cron.php?doing_wp_cron=1333038061 HTTP/1.0" 499 0 "-" "WordPress/3.3.1; http://yuvi.in/blog"
128.2.207.79 - - [29/Mar/2012:09:24:48 -0700] "GET /blog/?p=22 HTTP/1.0" 301 0 "http://yuvi.in/blog/how-i-spent-the-day-today/" "Mozilla/5.0 (compatible; lemurwebcrawler admin@lemurproject.org; +http://boston.lti.cs.cmu.edu/crawler_12/)"
123.236.72.54 - - [29/Mar/2012:09:25:33 -0700] "-" 400 0 "-" "-"
123.236.72.54 - - [29/Mar/2012:09:25:33 -0700] "-" 400 0 "-" "-"
123.236.72.54 - - [29/Mar/2012:09:25:33 -0700] "-" 400 0 "-" "-"
98.172.15.254 - - [29/Mar/2012:09:26:11 -0700] "GET /favicon.ico HTTP/1.1" 404 169 "-" "Caffeinated/1.1.1 CFNetwork/520.3.2 Darwin/11.3.0 (x86_64) (MacBookPro8%2C1)"
85.17.88.169 - - [29/Mar/2012:09:26:12 -0700] "POST /blog/wp-cron.php?doing_wp_cron=1333038145 HTTP/1.0" 499 0 "-" "WordPress/3.3.1; http://yuvi.in/blog"
128.2.207.79 - - [29/Mar/2012:09:26:13 -0700] "GET /blog/dokuwiki-plugin-to-easily-embed-gists/ HTTP/1.0" 200 16259 "http://yuvi.in/blog/2010/04/" "Mozilla/5.0 (compatible; lemurwebcrawler admin@lemurproject.org; +http://boston.lti.cs.cmu.edu/crawler_12/)"
123.236.72.54 - - [29/Mar/2012:09:26:13 -0700] "-" 400 0 "-" "-"
123.236.72.54 - - [29/Mar/2012:09:26:33 -0700] "-" 400 0 "-" "-"
123.236.72.54 - - [29/Mar/2012:09:26:33 -0700] "-" 400 0 "-" "-"
98.172.15.254 - - [29/Mar/2012:09:26:44 -0700] "GET /favicon.ico HTTP/1.1" 404 169 "-" "Caffeinated/1.1.1 CFNetwork/520.3.2 Darwin/11.3.0 (x86_64) (MacBookPro8%2C1)"
123.236.72.54 - - [29/Mar/2012:09:27:13 -0700] "-" 400 0 "-" "-"
207.46.204.212 - - [29/Mar/2012:09:27:14 -0700] "-" 400 0 "-" "-"
207.46.204.212 - - [29/Mar/2012:09:27:15 -0700] "-" 400 0 "-" "-"
207.46.204.212 - - [29/Mar/2012:09:27:16 -0700] "-" 400 0 "-" "-"
207.46.204.212 - - [29/Mar/2012:09:27:16 -0700] "-" 400 0 "-" "-"
207.46.204.212 - - [29/Mar/2012:09:27:16 -0700] "-" 400 0 "-" "-"
207.46.204.212 - - [29/Mar/2012:09:27:16 -0700] "-" 400 0 "-" "-"
207.46.204.212 - - [29/Mar/2012:09:27:17 -0700] "-" 400 0 "-" "-"
207.46.204.212 - - [29/Mar/2012:09:27:17 -0700] "-" 400 0 "-" "-"
207.46.204.212 - - [29/Mar/2012:09:27:18 -0700] "-" 400 0 "-" "-"
207.46.204.212 - - [29/Mar/2012:09:27:18 -0700] "-" 400 0 "-" "-"
85.17.88.169 - - [29/Mar/2012:09:27:27 -0700] "POST /blog/wp-cron.php?doing_wp_cron=1333038220 HTTP/1.0" 499 0 "-" "WordPress/3.3.1; http://yuvi.in/blog"
128.2.207.79 - - [29/Mar/2012:09:27:27 -0700] "GET /blog/?p=46 HTTP/1.0" 301 0 "http://yuvi.in/blog/dokuwiki-plugin-to-easily-embed-gists/" "Mozilla/5.0 (compatible; lemurwebcrawler admin@lemurproject.org; +http://boston.lti.cs.cmu.edu/crawler_12/)"
98.172.15.254 - - [29/Mar/2012:09:27:43 -0700] "GET /favicon.ico HTTP/1.1" 404 169 "-" "Caffeinated/1.1.1 CFNetwork/520.3.2 Darwin/11.3.0 (x86_64) (MacBookPro8%2C1)"
207.46.204.212 - - [29/Mar/2012:09:28:13 -0700] "-" 400 0 "-" "-"
85.17.88.169 - - [29/Mar/2012:09:28:46 -0700] "POST /blog/wp-cron.php?doing_wp_cron=1333038299 HTTP/1.0" 499 0 "-" "WordPress/3.3.1; http://yuvi.in/blog"
128.2.207.79 - - [29/Mar/2012:09:28:47 -0700] "GET /blog/hacking-more/ HTTP/1.0" 200 16715 "http://yuvi.in/blog/2010/04/" "Mozilla/5.0 (compatible; lemurwebcrawler admin@lemurproject.org; +http://boston.lti.cs.cmu.edu/crawler_12/)"
98.172.15.254 - - [29/Mar/2012:09:29:04 -0700] "GET /favicon.ico HTTP/1.1" 404 169 "-" "Caffeinated/1.1.1 CFNetwork/520.3.2 Darwin/11.3.0 (x86_64) (MacBookPro8%2C1)"
115.184.174.69 - - [29/Mar/2012:09:29:43 -0700] "-" 400 0 "-" "-"
115.184.174.69 - - [29/Mar/2012:09:29:43 -0700] "-" 400 0 "-" "-"
115.184.174.69 - - [29/Mar/2012:09:29:43 -0700] "-" 400 0 "-" "-"
85.17.88.169 - - [29/Mar/2012:09:30:10 -0700] "POST /blog/wp-cron.php?doing_wp_cron=1333038383 HTTP/1.0" 499 0 "-" "WordPress/3.3.1; http://yuvi.in/blog"
128.2.207.79 - - [29/Mar/2012:09:30:11 -0700] "GET /blog/?p=15 HTTP/1.0" 301 0 "http://yuvi.in/blog/hacking-more/" "Mozilla/5.0 (compatible; lemurwebcrawler admin@lemurproject.org; +http://boston.lti.cs.cmu.edu/crawler_12/)"
98.172.15.254 - - [29/Mar/2012:09:30:34 -0700] "GET / HTTP/1.1" 304 0 "-" "Caffeinated/1.1.1 CFNetwork/520.3.2 Darwin/11.3.0 (x86_64) (MacBookPro8%2C1)"
98.172.15.254 - - [29/Mar/2012:09:30:34 -0700] "GET /favicon.ico HTTP/1.1" 404 169 "-" "Caffeinated/1.1.1 CFNetwork/520.3.2 Darwin/11.3.0 (x86_64) (MacBookPro8%2C1)"
85.17.88.169 - - [29/Mar/2012:09:31:26 -0700] "POST /blog/wp-cron.php?doing_wp_cron=1333038459 HTTP/1.0" 499 0 "-" "WordPress/3.3.1; http://yuvi.in/blog"
128.2.207.79 - - [29/Mar/2012:09:31:26 -0700] "GET /blog/devlog-december-7-2011/trackback/ HTTP/1.0" 302 0 "http://yuvi.in/blog/devlog-december-7-2011/" "Mozilla/5.0 (compatible; lemurwebcrawler admin@lemurproject.org; +http://boston.lti.cs.cmu.edu/crawler_12/)"
98.172.15.254 - - [29/Mar/2012:09:32:04 -0700] "GET /favicon.ico HTTP/1.1" 404 169 "-" "Caffeinated/1.1.1 CFNetwork/520.3.2 Darwin/11.3.0 (x86_64) (MacBookPro8%2C1)"
85.17.88.169 - - [29/Mar/2012:09:32:40 -0700] "POST /blog/wp-cron.php?doing_wp_cron=1333038533 HTTP/1.0" 499 0 "-" "WordPress/3.3.1; http://yuvi.in/blog"
128.2.207.79 - - [29/Mar/2012:09:32:40 -0700] "GET /blog/devlog-december-7-2011/feed/ HTTP/1.0" 200 745 "http://yuvi.in/blog/devlog-december-7-2011/" "Mozilla/5.0 (compatible; lemurwebcrawler admin@lemurproject.org; +http://boston.lti.cs.cmu.edu/crawler_12/)"
85.17.88.169 - - [29/Mar/2012:09:33:14 -0700] "POST /blog/wp-cron.php?doing_wp_cron=1333038567 HTTP/1.0" 499 0 "-" "WordPress/3.3.1; http://yuvi.in/blog"
209.85.238.244 - - [29/Mar/2012:09:33:15 -0700] "GET /blog/feed/ HTTP/1.1" 304 0 "-" "Feedfetcher-Google; (+http://www.google.com/feedfetcher.html; 18 subscribers; feed-id=15064232456473204253)"
98.172.15.254 - - [29/Mar/2012:09:33:18 -0700] "GET /favicon.ico HTTP/1.1" 404 169 "-" "Caffeinated/1.1.1 CFNetwork/520.3.2 Darwin/11.3.0 (x86_64) (MacBookPro8%2C1)"
85.17.88.169 - - [29/Mar/2012:09:34:10 -0700] "POST /blog/wp-cron.php?doing_wp_cron=1333038623 HTTP/1.0" 499 0 "-" "WordPress/3.3.1; http://yuvi.in/blog"
128.2.207.79 - - [29/Mar/2012:09:34:10 -0700] "GET /blog/program/trackback/ HTTP/1.0" 302 0 "http://yuvi.in/blog/program/" "Mozilla/5.0 (compatible; lemurwebcrawler admin@lemurproject.org; +http://boston.lti.cs.cmu.edu/crawler_12/)"
98.172.15.254 - - [29/Mar/2012:09:34:16 -0700] "GET /favicon.ico HTTP/1.1" 404 169 "-" "Caffeinated/1.1.1 CFNetwork/520.3.2 Darwin/11.3.0 (x86_64) (MacBookPro8%2C1)"
123.236.72.54 - - [29/Mar/2012:09:34:54 -0700] "-" 400 0 "-" "-"
85.17.88.169 - - [29/Mar/2012:09:35:24 -0700] "POST /blog/wp-cron.php?doing_wp_cron=1333038697 HTTP/1.0" 499 0 "-" "WordPress/3.3.1; http://yuvi.in/blog"
128.2.207.79 - - [29/Mar/2012:09:35:25 -0700] "GET /blog/abigger-binary-heart/ HTTP/1.0" 200 15980 "http://yuvi.in/blog/category/uncategorized/" "Mozilla/5.0 (compatible; lemurwebcrawler admin@lemurproject.org; +http://boston.lti.cs.cmu.edu/crawler_12/)"
