182.72.66.178 - - [13/Apr/2012:06:25:17 -0700] "-" 400 0 "-" "-"
207.46.199.24 - - [13/Apr/2012:06:25:25 -0700] "-" 400 0 "-" "-"
207.46.199.24 - - [13/Apr/2012:06:25:25 -0700] "-" 400 0 "-" "-"
207.46.199.24 - - [13/Apr/2012:06:25:25 -0700] "-" 400 0 "-" "-"
207.46.199.24 - - [13/Apr/2012:06:25:28 -0700] "-" 400 0 "-" "-"
207.46.199.24 - - [13/Apr/2012:06:25:28 -0700] "-" 400 0 "-" "-"
207.46.199.24 - - [13/Apr/2012:06:25:28 -0700] "-" 400 0 "-" "-"
207.46.199.24 - - [13/Apr/2012:06:25:29 -0700] "-" 400 0 "-" "-"
207.46.199.24 - - [13/Apr/2012:06:25:30 -0700] "-" 400 0 "-" "-"
207.46.199.24 - - [13/Apr/2012:06:25:30 -0700] "-" 400 0 "-" "-"
207.46.199.24 - - [13/Apr/2012:06:25:31 -0700] "-" 400 0 "-" "-"
207.46.199.24 - - [13/Apr/2012:06:25:31 -0700] "-" 400 0 "-" "-"
207.46.199.24 - - [13/Apr/2012:06:25:31 -0700] "-" 400 0 "-" "-"
66.249.71.43 - - [13/Apr/2012:06:27:39 -0700] "GET /r/2xjx HTTP/1.1" 301 257 "-" "Mozilla/5.0 (compatible; Googlebot/2.1; +http://www.google.com/bot.html)"
66.249.71.43 - - [13/Apr/2012:06:27:41 -0700] "GET /s/ta/2xjx/ HTTP/1.1" 302 425 "-" "Mozilla/5.0 (compatible; Googlebot/2.1; +http://www.google.com/bot.html)"
117.202.85.127 - - [13/Apr/2012:06:28:15 -0700] "-" 400 0 "-" "-"
213.176.224.11 - - [13/Apr/2012:06:28:35 -0700] "GET /r/1xh2 HTTP/1.1" 301 257 "http://ta.wikipedia.org/wiki/%E0%AE%AA%E0%AF%8A%E0%AE%A4%E0%AF%8D%E0%AE%A4%E0%AF%81%E0%AE%B5%E0%AE%BF%E0%AE%B2%E0%AF%8D" "Opera/9.80 (Windows NT 5.1; U; ru) Presto/2.10.229 Version/11.62"
213.176.224.11 - - [13/Apr/2012:06:28:36 -0700] "GET /s/ta/1xh2/ HTTP/1.1" 302 385 "http://ta.wikipedia.org/wiki/%E0%AE%AA%E0%AF%8A%E0%AE%A4%E0%AF%8D%E0%AE%A4%E0%AF%81%E0%AE%B5%E0%AE%BF%E0%AE%B2%E0%AF%8D" "Opera/9.80 (Windows NT 5.1; U; ru) Presto/2.10.229 Version/11.62"
207.46.199.21 - - [13/Apr/2012:06:30:00 -0700] "-" 400 0 "-" "-"
207.46.199.21 - - [13/Apr/2012:06:30:00 -0700] "-" 400 0 "-" "-"
207.46.199.21 - - [13/Apr/2012:06:30:00 -0700] "-" 400 0 "-" "-"
207.46.199.21 - - [13/Apr/2012:06:30:05 -0700] "-" 400 0 "-" "-"
207.46.199.21 - - [13/Apr/2012:06:30:05 -0700] "-" 400 0 "-" "-"
207.46.199.21 - - [13/Apr/2012:06:30:05 -0700] "-" 400 0 "-" "-"
207.46.199.21 - - [13/Apr/2012:06:30:05 -0700] "-" 400 0 "-" "-"
207.46.199.21 - - [13/Apr/2012:06:30:07 -0700] "-" 400 0 "-" "-"
207.46.199.21 - - [13/Apr/2012:06:30:08 -0700] "-" 400 0 "-" "-"
207.46.199.21 - - [13/Apr/2012:06:30:09 -0700] "-" 400 0 "-" "-"
207.46.199.21 - - [13/Apr/2012:06:30:11 -0700] "-" 400 0 "-" "-"
207.46.199.21 - - [13/Apr/2012:06:30:11 -0700] "-" 400 0 "-" "-"
85.17.88.169 - - [13/Apr/2012:06:30:32 -0700] "POST /blog/wp-cron.php?doing_wp_cron=1334323486 HTTP/1.0" 499 0 "-" "WordPress/3.3.1; http://yuvi.in/blog"
66.249.71.13 - - [13/Apr/2012:06:30:33 -0700] "GET /blog/ HTTP/1.1" 200 10128 "-" "Mozilla/5.0 (iPhone; U; CPU iPhone OS 4_1 like Mac OS X; en-us) AppleWebKit/532.9 (KHTML, like Gecko) Version/4.0.5 Mobile/8B117 Safari/6531.22.7 (compatible; Googlebot-Mobile/2.1; +http://www.google.com/bot.html)"
207.46.199.21 - - [13/Apr/2012:06:30:43 -0700] "-" 400 0 "-" "-"
141.0.8.240 - - [13/Apr/2012:06:31:25 -0700] "-" 400 0 "-" "-"
141.0.8.240 - - [13/Apr/2012:06:31:25 -0700] "-" 400 0 "-" "-"
141.0.8.240 - - [13/Apr/2012:06:31:25 -0700] "-" 400 0 "-" "-"
209.85.224.80 - - [13/Apr/2012:06:32:13 -0700] "GET /stories/feed HTTP/1.1" 200 13653 "-" "FeedBurner/1.0 (http://www.FeedBurner.com)"
85.17.88.169 - - [13/Apr/2012:06:32:26 -0700] "POST /blog/wp-cron.php?doing_wp_cron=1334323600 HTTP/1.0" 499 0 "-" "WordPress/3.3.1; http://yuvi.in/blog"
208.115.111.68 - - [13/Apr/2012:06:32:26 -0700] "GET /blog/samsung-n210-review/feed/ HTTP/1.1" 200 747 "-" "Mozilla/5.0 (compatible; Ezooms/1.0; ezooms.bot@gmail.com)"
69.171.230.250 - - [13/Apr/2012:06:33:49 -0700] "GET /r/28mm HTTP/1.1" 301 257 "-" "facebookexternalhit/1.1 (+http://www.facebook.com/externalhit_uatext.php)"
69.171.230.249 - - [13/Apr/2012:06:33:49 -0700] "GET /s/ta/28mm/ HTTP/1.1" 302 373 "-" "facebookexternalhit/1.1 (+http://www.facebook.com/externalhit_uatext.php)"
85.17.88.169 - - [13/Apr/2012:06:34:37 -0700] "POST /blog/wp-cron.php?doing_wp_cron=1334323732 HTTP/1.0" 499 0 "-" "WordPress/3.3.1; http://yuvi.in/blog"
189.11.134.147 - - [13/Apr/2012:06:34:38 -0700] "GET /blog/program/ HTTP/1.1" 200 27150 "-" "Mozilla/5.0 (compatible; Googlebot/2.1; +http://www.google.com/bot.html)"
8.28.16.254 - - [13/Apr/2012:06:39:55 -0700] "GET / HTTP/1.1" 404 238 "-" "Mozilla/4.0 (compatible;)"
122.164.24.128 - - [13/Apr/2012:06:40:19 -0700] "-" 400 0 "-" "-"
85.17.88.169 - - [13/Apr/2012:06:40:22 -0700] "POST /blog/wp-cron.php?doing_wp_cron=1334324076 HTTP/1.0" 499 0 "-" "WordPress/3.3.1; http://yuvi.in/blog"
209.85.224.84 - - [13/Apr/2012:06:40:22 -0700] "GET /blog/feed HTTP/1.1" 304 0 "-" "FeedBurner/1.0 (http://www.FeedBurner.com)"
122.178.248.206 - - [13/Apr/2012:06:41:00 -0700] "-" 400 0 "-" "-"
14.99.179.158 - - [13/Apr/2012:06:41:06 -0700] "-" 400 0 "-" "-"
69.171.229.248 - - [13/Apr/2012:06:41:27 -0700] "GET /r/39d HTTP/1.1" 301 255 "-" "facebookexternalhit/1.1 (+http://www.facebook.com/externalhit_uatext.php)"
69.171.229.246 - - [13/Apr/2012:06:41:27 -0700] "GET /s/ta/39d/ HTTP/1.1" 302 325 "-" "facebookexternalhit/1.1 (+http://www.facebook.com/externalhit_uatext.php)"
14.99.179.158 - - [13/Apr/2012:06:45:06 -0700] "-" 400 0 "-" "-"
14.99.179.158 - - [13/Apr/2012:06:45:06 -0700] "-" 400 0 "-" "-"
14.99.179.158 - - [13/Apr/2012:06:45:06 -0700] "-" 400 0 "-" "-"
14.99.179.158 - - [13/Apr/2012:06:45:06 -0700] "-" 400 0 "-" "-"
14.99.179.158 - - [13/Apr/2012:06:45:06 -0700] "-" 400 0 "-" "-"
14.99.179.158 - - [13/Apr/2012:06:45:06 -0700] "-" 400 0 "-" "-"
85.17.88.169 - - [13/Apr/2012:06:47:48 -0700] "POST /blog/wp-cron.php?doing_wp_cron=1334324522 HTTP/1.0" 499 0 "-" "WordPress/3.3.1; http://yuvi.in/blog"
72.14.199.121 - - [13/Apr/2012:06:47:48 -0700] "GET /blog/feed HTTP/1.1" 301 0 "-" "Feedfetcher-Google; (+http://www.google.com/feedfetcher.html; 3 subscribers; feed-id=17684830852112633560)"
85.17.88.169 - - [13/Apr/2012:06:47:50 -0700] "POST /blog/wp-cron.php?doing_wp_cron=1334324525 HTTP/1.0" 499 0 "-" "WordPress/3.3.1; http://yuvi.in/blog"
72.14.199.121 - - [13/Apr/2012:06:47:51 -0700] "GET /blog/feed/ HTTP/1.1" 304 0 "-" "Feedfetcher-Google; (+http://www.google.com/feedfetcher.html; 3 subscribers; feed-id=17684830852112633560)"
207.46.204.210 - - [13/Apr/2012:06:50:32 -0700] "-" 400 0 "-" "-"
207.46.204.210 - - [13/Apr/2012:06:50:32 -0700] "-" 400 0 "-" "-"
207.46.204.210 - - [13/Apr/2012:06:50:32 -0700] "-" 400 0 "-" "-"
207.46.204.210 - - [13/Apr/2012:06:50:34 -0700] "-" 400 0 "-" "-"
207.46.204.210 - - [13/Apr/2012:06:50:34 -0700] "-" 400 0 "-" "-"
207.46.204.210 - - [13/Apr/2012:06:50:36 -0700] "-" 400 0 "-" "-"
207.46.204.210 - - [13/Apr/2012:06:50:36 -0700] "-" 400 0 "-" "-"
207.46.204.210 - - [13/Apr/2012:06:50:37 -0700] "-" 400 0 "-" "-"
207.46.204.210 - - [13/Apr/2012:06:50:37 -0700] "-" 400 0 "-" "-"
207.46.204.210 - - [13/Apr/2012:06:50:37 -0700] "-" 400 0 "-" "-"
207.46.204.210 - - [13/Apr/2012:06:50:38 -0700] "-" 400 0 "-" "-"
207.46.204.210 - - [13/Apr/2012:06:50:38 -0700] "-" 400 0 "-" "-"
207.46.204.210 - - [13/Apr/2012:06:51:37 -0700] "-" 400 0 "-" "-"
112.134.226.213 - - [13/Apr/2012:06:51:53 -0700] "GET /r/13r5 HTTP/1.1" 301 257 "http://ta.wikipedia.org/wiki/%E0%AE%95%E0%AE%A3%E0%AE%BF%E0%AE%AA%E0%AF%8D%E0%AE%AA%E0%AE%BE%E0%AE%A9%E0%AF%8D" "Mozilla/5.0 (Windows NT 5.1; rv:11.0) Gecko/20100101 Firefox/11.0"
112.134.226.213 - - [13/Apr/2012:06:51:54 -0700] "GET /s/ta/13r5/ HTTP/1.1" 302 373 "http://ta.wikipedia.org/wiki/%E0%AE%95%E0%AE%A3%E0%AE%BF%E0%AE%AA%E0%AF%8D%E0%AE%AA%E0%AE%BE%E0%AE%A9%E0%AF%8D" "Mozilla/5.0 (Windows NT 5.1; rv:11.0) Gecko/20100101 Firefox/11.0"
117.193.154.199 - - [13/Apr/2012:06:52:36 -0700] "GET /r/70w HTTP/1.1" 301 255 "http://ta.wikipedia.org/wiki/%E0%AE%B9%E0%AE%BE%E0%AE%B0%E0%AE%BF_%E0%AE%AA%E0%AE%BE%E0%AE%9F%E0%AF%8D%E0%AE%9F%E0%AE%B0%E0%AF%8D" "Mozilla/5.0 (Windows NT 6.1) AppleWebKit/535.11 (KHTML, like Gecko) Chrome/17.0.963.0 Safari/535.11"
117.193.154.199 - - [13/Apr/2012:06:52:37 -0700] "GET /s/ta/70w/ HTTP/1.1" 302 401 "http://ta.wikipedia.org/wiki/%E0%AE%B9%E0%AE%BE%E0%AE%B0%E0%AE%BF_%E0%AE%AA%E0%AE%BE%E0%AE%9F%E0%AF%8D%E0%AE%9F%E0%AE%B0%E0%AF%8D" "Mozilla/5.0 (Windows NT 6.1) AppleWebKit/535.11 (KHTML, like Gecko) Chrome/17.0.963.0 Safari/535.11"
122.172.17.192 - - [13/Apr/2012:06:54:44 -0700] "-" 400 0 "-" "-"
122.172.17.192 - - [13/Apr/2012:06:54:44 -0700] "-" 400 0 "-" "-"
122.172.17.192 - - [13/Apr/2012:06:54:44 -0700] "-" 400 0 "-" "-"
122.172.17.192 - - [13/Apr/2012:06:54:44 -0700] "-" 400 0 "-" "-"
66.249.71.13 - - [13/Apr/2012:06:55:59 -0700] "GET /blog/wp-content/themes/cleanr/style.css HTTP/1.1" 200 10508 "-" "Mozilla/5.0 (compatible; Googlebot/2.1; +http://www.google.com/bot.html)"
66.249.71.13 - - [13/Apr/2012:06:56:00 -0700] "GET /blog/wp-content/themes/cleanr/css/960.css HTTP/1.1" 200 3628 "-" "Mozilla/5.0 (compatible; Googlebot/2.1; +http://www.google.com/bot.html)"
66.249.71.13 - - [13/Apr/2012:06:56:01 -0700] "GET /blog/wp-content/themes/cleanr/css/reset.css HTTP/1.1" 200 648 "-" "Mozilla/5.0 (compatible; Googlebot/2.1; +http://www.google.com/bot.html)"
66.249.71.13 - - [13/Apr/2012:06:56:01 -0700] "GET /blog/wp-content/themes/cleanr/css/text.css HTTP/1.1" 200 420 "-" "Mozilla/5.0 (compatible; Googlebot/2.1; +http://www.google.com/bot.html)"
118.102.193.66 - - [13/Apr/2012:06:57:20 -0700] "GET / HTTP/1.1" 200 1430 "http://vhanda.in/blog/2011/09/shaastra/" "Mozilla/5.0 (X11; Ubuntu; Linux i686; rv:11.0) Gecko/20100101 Firefox/11.0"
118.102.193.66 - - [13/Apr/2012:06:57:21 -0700] "GET /blueprint/screen.css HTTP/1.1" 200 12058 "http://yuvi.in/" "Mozilla/5.0 (X11; Ubuntu; Linux i686; rv:11.0) Gecko/20100101 Firefox/11.0"
118.102.193.66 - - [13/Apr/2012:06:57:21 -0700] "GET /blueprint/print.css HTTP/1.1" 200 1284 "http://yuvi.in/" "Mozilla/5.0 (X11; Ubuntu; Linux i686; rv:11.0) Gecko/20100101 Firefox/11.0"
118.102.193.66 - - [13/Apr/2012:06:57:21 -0700] "GET /header.png HTTP/1.1" 200 14249 "http://yuvi.in/" "Mozilla/5.0 (X11; Ubuntu; Linux i686; rv:11.0) Gecko/20100101 Firefox/11.0"
118.102.193.66 - - [13/Apr/2012:06:57:25 -0700] "GET /favicon.ico HTTP/1.1" 404 142 "-" "Mozilla/5.0 (X11; Ubuntu; Linux i686; rv:11.0) Gecko/20100101 Firefox/11.0"
118.102.193.66 - - [13/Apr/2012:06:57:27 -0700] "-" 400 0 "-" "-"
118.102.193.66 - - [13/Apr/2012:06:57:27 -0700] "-" 400 0 "-" "-"
115.248.76.69 - - [13/Apr/2012:06:57:27 -0700] "-" 400 0 "-" "-"
117.193.163.164 - - [13/Apr/2012:06:57:32 -0700] "-" 400 0 "-" "-"
118.102.193.66 - - [13/Apr/2012:06:57:45 -0700] "GET /blog HTTP/1.1" 301 178 "http://yuvi.in/" "Mozilla/5.0 (X11; Ubuntu; Linux i686; rv:11.0) Gecko/20100101 Firefox/11.0"
85.17.88.169 - - [13/Apr/2012:06:57:48 -0700] "POST /blog/wp-cron.php?doing_wp_cron=1334325122 HTTP/1.0" 499 0 "-" "WordPress/3.3.1; http://yuvi.in/blog"
118.102.193.66 - - [13/Apr/2012:06:57:48 -0700] "GET /blog/ HTTP/1.1" 200 9194 "http://yuvi.in/" "Mozilla/5.0 (X11; Ubuntu; Linux i686; rv:11.0) Gecko/20100101 Firefox/11.0"
118.102.193.66 - - [13/Apr/2012:06:57:49 -0700] "GET /blog/wp-content/themes/cleanr/style.css HTTP/1.1" 200 10508 "http://yuvi.in/blog/" "Mozilla/5.0 (X11; Ubuntu; Linux i686; rv:11.0) Gecko/20100101 Firefox/11.0"
118.102.193.66 - - [13/Apr/2012:06:57:49 -0700] "GET /blog/wp-content/themes/cleanr/js/jquery.dropdown.js?ver=3.3.1 HTTP/1.1" 200 535 "http://yuvi.in/blog/" "Mozilla/5.0 (X11; Ubuntu; Linux i686; rv:11.0) Gecko/20100101 Firefox/11.0"
118.102.193.66 - - [13/Apr/2012:06:57:51 -0700] "GET /blog/wp-content/themes/cleanr/css/text.css HTTP/1.1" 200 420 "http://yuvi.in/blog/wp-content/themes/cleanr/style.css" "Mozilla/5.0 (X11; Ubuntu; Linux i686; rv:11.0) Gecko/20100101 Firefox/11.0"
118.102.193.66 - - [13/Apr/2012:06:57:51 -0700] "GET /blog/wp-content/themes/cleanr/css/reset.css HTTP/1.1" 200 648 "http://yuvi.in/blog/wp-content/themes/cleanr/style.css" "Mozilla/5.0 (X11; Ubuntu; Linux i686; rv:11.0) Gecko/20100101 Firefox/11.0"
115.248.76.69 - - [13/Apr/2012:06:57:51 -0700] "GET /blog/wp-content/themes/cleanr/css/960.css HTTP/1.1" 200 3628 "http://yuvi.in/blog/wp-content/themes/cleanr/style.css" "Mozilla/5.0 (X11; Ubuntu; Linux i686; rv:11.0) Gecko/20100101 Firefox/11.0"
118.102.193.66 - - [13/Apr/2012:06:57:56 -0700] "GET /blog/wp-includes/js/jquery/jquery.js?ver=1.7.1 HTTP/1.1" 200 93889 "http://yuvi.in/blog/" "Mozilla/5.0 (X11; Ubuntu; Linux i686; rv:11.0) Gecko/20100101 Firefox/11.0"
118.102.193.66 - - [13/Apr/2012:06:57:57 -0700] "-" 400 0 "-" "-"
118.102.193.66 - - [13/Apr/2012:06:57:58 -0700] "GET /blog/wp-content/themes/cleanr/images/search_magnifier.gif HTTP/1.1" 200 394 "http://yuvi.in/blog/" "Mozilla/5.0 (X11; Ubuntu; Linux i686; rv:11.0) Gecko/20100101 Firefox/11.0"
207.46.204.170 - - [13/Apr/2012:06:59:06 -0700] "-" 400 0 "-" "-"
207.46.204.170 - - [13/Apr/2012:06:59:06 -0700] "-" 400 0 "-" "-"
207.46.204.170 - - [13/Apr/2012:06:59:07 -0700] "-" 400 0 "-" "-"
207.46.204.170 - - [13/Apr/2012:06:59:13 -0700] "-" 400 0 "-" "-"
207.46.204.170 - - [13/Apr/2012:06:59:13 -0700] "-" 400 0 "-" "-"
207.46.204.170 - - [13/Apr/2012:06:59:13 -0700] "-" 400 0 "-" "-"
207.46.204.170 - - [13/Apr/2012:06:59:13 -0700] "-" 400 0 "-" "-"
207.46.204.170 - - [13/Apr/2012:06:59:15 -0700] "-" 400 0 "-" "-"
207.46.204.170 - - [13/Apr/2012:06:59:15 -0700] "-" 400 0 "-" "-"
207.46.204.170 - - [13/Apr/2012:06:59:15 -0700] "-" 400 0 "-" "-"
207.46.204.170 - - [13/Apr/2012:06:59:16 -0700] "-" 400 0 "-" "-"
207.46.204.170 - - [13/Apr/2012:06:59:16 -0700] "-" 400 0 "-" "-"
66.220.146.249 - - [13/Apr/2012:06:59:30 -0700] "GET /r/4i9 HTTP/1.1" 301 255 "-" "facebookexternalhit/1.1 (+http://www.facebook.com/externalhit_uatext.php)"
66.220.146.245 - - [13/Apr/2012:06:59:30 -0700] "GET /s/ta/4i9/ HTTP/1.1" 302 421 "-" "facebookexternalhit/1.1 (+http://www.facebook.com/externalhit_uatext.php)"
117.193.237.162 - - [13/Apr/2012:06:59:55 -0700] "-" 400 0 "-" "-"
117.193.237.162 - - [13/Apr/2012:06:59:55 -0700] "-" 400 0 "-" "-"
117.193.237.162 - - [13/Apr/2012:06:59:55 -0700] "-" 400 0 "-" "-"
117.193.237.162 - - [13/Apr/2012:06:59:55 -0700] "-" 400 0 "-" "-"
117.193.237.162 - - [13/Apr/2012:06:59:55 -0700] "-" 400 0 "-" "-"
118.102.193.66 - - [13/Apr/2012:07:02:20 -0700] "GET /blog/ HTTP/1.1" 200 9194 "http://yuvi.in/" "Mozilla/5.0 (X11; Ubuntu; Linux i686; rv:11.0) Gecko/20100101 Firefox/11.0"
118.102.193.66 - - [13/Apr/2012:07:02:21 -0700] "GET /blog/wp-includes/js/jquery/jquery.js?ver=1.7.1 HTTP/1.1" 304 0 "http://yuvi.in/blog/" "Mozilla/5.0 (X11; Ubuntu; Linux i686; rv:11.0) Gecko/20100101 Firefox/11.0"
115.248.76.69 - - [13/Apr/2012:07:02:21 -0700] "GET /blog/wp-content/themes/cleanr/js/jquery.dropdown.js?ver=3.3.1 HTTP/1.1" 304 0 "http://yuvi.in/blog/" "Mozilla/5.0 (X11; Ubuntu; Linux i686; rv:11.0) Gecko/20100101 Firefox/11.0"
118.102.193.66 - - [13/Apr/2012:07:02:28 -0700] "-" 400 0 "-" "-"
85.17.88.169 - - [13/Apr/2012:07:03:09 -0700] "POST /blog/wp-cron.php?doing_wp_cron=1334325443 HTTP/1.0" 499 0 "-" "WordPress/3.3.1; http://yuvi.in/blog"
118.102.193.66 - - [13/Apr/2012:07:03:09 -0700] "GET /blog/passing-headers-proxying-nginx/ HTTP/1.1" 200 4281 "http://yuvi.in/blog/" "Mozilla/5.0 (X11; Ubuntu; Linux i686; rv:11.0) Gecko/20100101 Firefox/11.0"
118.102.193.66 - - [13/Apr/2012:07:03:10 -0700] "GET /blog/wp-includes/js/jquery/jquery.js?ver=1.7.1 HTTP/1.1" 304 0 "http://yuvi.in/blog/passing-headers-proxying-nginx/" "Mozilla/5.0 (X11; Ubuntu; Linux i686; rv:11.0) Gecko/20100101 Firefox/11.0"
115.248.76.69 - - [13/Apr/2012:07:03:10 -0700] "GET /blog/wp-content/themes/cleanr/js/jquery.dropdown.js?ver=3.3.1 HTTP/1.1" 304 0 "http://yuvi.in/blog/passing-headers-proxying-nginx/" "Mozilla/5.0 (X11; Ubuntu; Linux i686; rv:11.0) Gecko/20100101 Firefox/11.0"
85.17.88.169 - - [13/Apr/2012:07:03:18 -0700] "POST /blog/wp-cron.php?doing_wp_cron=1334325451 HTTP/1.0" 499 0 "-" "WordPress/3.3.1; http://yuvi.in/blog"
118.102.193.66 - - [13/Apr/2012:07:03:18 -0700] "GET /blog/college-drop/ HTTP/1.1" 200 4511 "http://yuvi.in/blog/" "Mozilla/5.0 (X11; Ubuntu; Linux i686; rv:11.0) Gecko/20100101 Firefox/11.0"
118.102.193.66 - - [13/Apr/2012:07:03:19 -0700] "GET /blog/wp-includes/js/jquery/jquery.js?ver=1.7.1 HTTP/1.1" 304 0 "http://yuvi.in/blog/college-drop/" "Mozilla/5.0 (X11; Ubuntu; Linux i686; rv:11.0) Gecko/20100101 Firefox/11.0"
115.248.76.69 - - [13/Apr/2012:07:03:19 -0700] "GET /blog/wp-content/themes/cleanr/js/jquery.dropdown.js?ver=3.3.1 HTTP/1.1" 304 0 "http://yuvi.in/blog/college-drop/" "Mozilla/5.0 (X11; Ubuntu; Linux i686; rv:11.0) Gecko/20100101 Firefox/11.0"
85.17.88.169 - - [13/Apr/2012:07:03:25 -0700] "POST /blog/wp-cron.php?doing_wp_cron=1334325459 HTTP/1.0" 499 0 "-" "WordPress/3.3.1; http://yuvi.in/blog"
118.102.193.66 - - [13/Apr/2012:07:03:25 -0700] "GET /blog/college-drop/?cf_action=sync_comments&post_id=393 HTTP/1.1" 200 48 "http://yuvi.in/blog/college-drop/" "Mozilla/5.0 (X11; Ubuntu; Linux i686; rv:11.0) Gecko/20100101 Firefox/11.0"
2.51.57.125 - - [13/Apr/2012:07:04:08 -0700] "GET /r/1eg5 HTTP/1.0" 301 257 "-" "Mozilla/5.0 (BlackBerry; U; BlackBerry 9900; en-GB) AppleWebKit/534.11+ (KHTML, like Gecko) Version/7.0.0.585 Mobile Safari/534.11+"
2.51.57.125 - - [13/Apr/2012:07:04:09 -0700] "GET /s/ta/1eg5/ HTTP/1.0" 302 337 "-" "Mozilla/5.0 (BlackBerry; U; BlackBerry 9900; en-GB) AppleWebKit/534.11+ (KHTML, like Gecko) Version/7.0.0.585 Mobile Safari/534.11+"
207.46.204.172 - - [13/Apr/2012:07:04:25 -0700] "-" 400 0 "-" "-"
207.46.204.172 - - [13/Apr/2012:07:04:25 -0700] "-" 400 0 "-" "-"
207.46.204.172 - - [13/Apr/2012:07:04:25 -0700] "-" 400 0 "-" "-"
207.46.204.172 - - [13/Apr/2012:07:04:25 -0700] "-" 400 0 "-" "-"
207.46.204.172 - - [13/Apr/2012:07:04:25 -0700] "-" 400 0 "-" "-"
207.46.204.172 - - [13/Apr/2012:07:04:26 -0700] "-" 400 0 "-" "-"
207.46.204.172 - - [13/Apr/2012:07:04:27 -0700] "-" 400 0 "-" "-"
207.46.204.172 - - [13/Apr/2012:07:04:27 -0700] "-" 400 0 "-" "-"
207.46.204.172 - - [13/Apr/2012:07:04:28 -0700] "-" 400 0 "-" "-"
207.46.204.172 - - [13/Apr/2012:07:04:28 -0700] "-" 400 0 "-" "-"
207.46.204.172 - - [13/Apr/2012:07:04:28 -0700] "-" 400 0 "-" "-"
85.17.88.169 - - [13/Apr/2012:07:04:59 -0700] "POST /blog/wp-cron.php?doing_wp_cron=1334325553 HTTP/1.0" 499 0 "-" "WordPress/3.3.1; http://yuvi.in/blog"
118.102.193.66 - - [13/Apr/2012:07:04:59 -0700] "GET /blog/2009/11/ HTTP/1.1" 200 3813 "http://yuvi.in/blog/college-drop/" "Mozilla/5.0 (X11; Ubuntu; Linux i686; rv:11.0) Gecko/20100101 Firefox/11.0"
115.248.76.69 - - [13/Apr/2012:07:05:00 -0700] "GET /blog/wp-includes/js/jquery/jquery.js?ver=1.7.1 HTTP/1.1" 304 0 "http://yuvi.in/blog/2009/11/" "Mozilla/5.0 (X11; Ubuntu; Linux i686; rv:11.0) Gecko/20100101 Firefox/11.0"
118.102.193.66 - - [13/Apr/2012:07:05:01 -0700] "GET /blog/wp-content/themes/cleanr/js/jquery.dropdown.js?ver=3.3.1 HTTP/1.1" 304 0 "http://yuvi.in/blog/2009/11/" "Mozilla/5.0 (X11; Ubuntu; Linux i686; rv:11.0) Gecko/20100101 Firefox/11.0"
115.248.76.69 - - [13/Apr/2012:07:05:08 -0700] "-" 400 0 "-" "-"
223.190.138.144 - - [13/Apr/2012:07:07:19 -0700] "GET /r/1va HTTP/1.1" 301 255 "-" "Mozilla/5.0 (iPhone; U; CPU iPhone OS 4_2_1 like Mac OS X; en-us) AppleWebKit/533.17.9 (KHTML, like Gecko) Mobile/8C148"
223.190.138.144 - - [13/Apr/2012:07:07:19 -0700] "GET /s/ta/1va/ HTTP/1.1" 302 409 "-" "Mozilla/5.0 (iPhone; U; CPU iPhone OS 4_2_1 like Mac OS X; en-us) AppleWebKit/533.17.9 (KHTML, like Gecko) Mobile/8C148"
223.190.138.144 - - [13/Apr/2012:07:07:22 -0700] "GET /r/23z HTTP/1.1" 301 255 "-" "Mozilla/5.0 (iPhone; U; CPU iPhone OS 4_2_1 like Mac OS X; en-us) AppleWebKit/533.17.9 (KHTML, like Gecko) Mobile/8C148"
223.190.138.144 - - [13/Apr/2012:07:07:22 -0700] "GET /s/ta/23z/ HTTP/1.1" 302 397 "-" "Mozilla/5.0 (iPhone; U; CPU iPhone OS 4_2_1 like Mac OS X; en-us) AppleWebKit/533.17.9 (KHTML, like Gecko) Mobile/8C148"
223.190.138.144 - - [13/Apr/2012:07:08:08 -0700] "GET /r/23z HTTP/1.1" 301 255 "-" "Mozilla/5.0 (iPhone; U; CPU iPhone OS 4_2_1 like Mac OS X; en-us) AppleWebKit/533.17.9 (KHTML, like Gecko) Mobile/8C148"
65.52.109.152 - - [13/Apr/2012:07:09:31 -0700] "GET / HTTP/1.1" 304 0 "-" "Mozilla/5.0 (compatible; bingbot/2.0; +http://www.bing.com/bingbot.htm)"
85.17.88.169 - - [13/Apr/2012:07:10:29 -0700] "POST /blog/wp-cron.php?doing_wp_cron=1334325883 HTTP/1.0" 499 0 "-" "WordPress/3.3.1; http://yuvi.in/blog"
209.85.144.83 - - [13/Apr/2012:07:10:29 -0700] "GET /blog/feed HTTP/1.1" 304 0 "-" "FeedBurner/1.0 (http://www.FeedBurner.com)"
69.171.228.251 - - [13/Apr/2012:07:10:34 -0700] "GET /r/14k2 HTTP/1.1" 301 257 "-" "facebookexternalhit/1.1 (+http://www.facebook.com/externalhit_uatext.php)"
69.171.228.251 - - [13/Apr/2012:07:10:35 -0700] "GET /s/ta/14k2/ HTTP/1.1" 302 561 "-" "facebookexternalhit/1.1 (+http://www.facebook.com/externalhit_uatext.php)"
69.171.228.250 - - [13/Apr/2012:07:13:00 -0700] "GET /r/gn HTTP/1.1" 301 253 "-" "facebookexternalhit/1.1 (+http://www.facebook.com/externalhit_uatext.php)"
69.171.228.244 - - [13/Apr/2012:07:13:01 -0700] "GET /s/ta/gn/ HTTP/1.1" 302 573 "-" "facebookexternalhit/1.1 (+http://www.facebook.com/externalhit_uatext.php)"
207.46.204.165 - - [13/Apr/2012:07:13:01 -0700] "-" 400 0 "-" "-"
207.46.204.165 - - [13/Apr/2012:07:13:01 -0700] "-" 400 0 "-" "-"
207.46.204.165 - - [13/Apr/2012:07:13:01 -0700] "-" 400 0 "-" "-"
207.46.204.165 - - [13/Apr/2012:07:13:02 -0700] "-" 400 0 "-" "-"
207.46.204.165 - - [13/Apr/2012:07:13:02 -0700] "-" 400 0 "-" "-"
207.46.204.165 - - [13/Apr/2012:07:13:02 -0700] "-" 400 0 "-" "-"
207.46.204.165 - - [13/Apr/2012:07:13:02 -0700] "-" 400 0 "-" "-"
207.46.204.165 - - [13/Apr/2012:07:13:02 -0700] "-" 400 0 "-" "-"
207.46.204.165 - - [13/Apr/2012:07:13:02 -0700] "-" 400 0 "-" "-"
207.46.204.165 - - [13/Apr/2012:07:13:37 -0700] "-" 400 0 "-" "-"
65.52.109.146 - - [13/Apr/2012:07:14:04 -0700] "GET /blog/gsoc-2010-the-beginning.html HTTP/1.1" 200 2758 "-" "Mozilla/5.0 (compatible; bingbot/2.0; +http://www.bing.com/bingbot.htm)"
49.137.107.148 - - [13/Apr/2012:07:14:25 -0700] "-" 400 0 "-" "-"
49.137.107.148 - - [13/Apr/2012:07:14:25 -0700] "-" 400 0 "-" "-"
149.154.158.162 - - [13/Apr/2012:07:15:32 -0700] "GET /robots.txt HTTP/1.0" 404 169 "-" "Mozilla/5.0 (compatible; MJ12bot/v1.4.2; http://www.majestic12.co.uk/bot.php?+)"
85.17.88.169 - - [13/Apr/2012:07:15:36 -0700] "POST /blog/wp-cron.php?doing_wp_cron=1334326190 HTTP/1.0" 499 0 "-" "WordPress/3.3.1; http://yuvi.in/blog"
149.154.158.162 - - [13/Apr/2012:07:15:37 -0700] "GET /blog/story-average-indian-techie HTTP/1.0" 301 0 "-" "Mozilla/5.0 (compatible; MJ12bot/v1.4.2; http://www.majestic12.co.uk/bot.php?+)"
85.17.88.169 - - [13/Apr/2012:07:15:40 -0700] "POST /blog/wp-cron.php?doing_wp_cron=1334326194 HTTP/1.0" 499 0 "-" "WordPress/3.3.1; http://yuvi.in/blog"
149.154.158.162 - - [13/Apr/2012:07:15:41 -0700] "GET /blog/story-average-indian-techie/ HTTP/1.0" 200 54169 "-" "Mozilla/5.0 (compatible; MJ12bot/v1.4.2; http://www.majestic12.co.uk/bot.php?+)"
207.46.204.209 - - [13/Apr/2012:07:18:18 -0700] "-" 400 0 "-" "-"
207.46.204.209 - - [13/Apr/2012:07:18:18 -0700] "-" 400 0 "-" "-"
207.46.204.209 - - [13/Apr/2012:07:18:18 -0700] "-" 400 0 "-" "-"
207.46.204.209 - - [13/Apr/2012:07:18:18 -0700] "-" 400 0 "-" "-"
207.46.204.209 - - [13/Apr/2012:07:18:18 -0700] "-" 400 0 "-" "-"
207.46.204.209 - - [13/Apr/2012:07:18:19 -0700] "-" 400 0 "-" "-"
207.46.204.209 - - [13/Apr/2012:07:18:19 -0700] "-" 400 0 "-" "-"
207.46.204.209 - - [13/Apr/2012:07:18:19 -0700] "-" 400 0 "-" "-"
207.46.204.209 - - [13/Apr/2012:07:18:19 -0700] "-" 400 0 "-" "-"
207.46.204.209 - - [13/Apr/2012:07:18:19 -0700] "-" 400 0 "-" "-"
207.46.204.209 - - [13/Apr/2012:07:18:20 -0700] "-" 400 0 "-" "-"
223.235.62.54 - - [13/Apr/2012:07:18:25 -0700] "GET /r/44o HTTP/1.1" 301 255 "http://ta.wikipedia.org/wiki/%E0%AE%9A%E0%AE%B0%E0%AF%8D%E0%AE%B5%E0%AE%AA%E0%AE%B3%E0%AF%8D%E0%AE%B3%E0%AE%BF_%E0%AE%B0%E0%AE%BE%E0%AE%A4%E0%AE%BE%E0%AE%95%E0%AE%BF%E0%AE%B0%E0%AF%81%E0%AE%B7%E0%AF%8D%E0%AE%A3%E0%AE%A9%E0%AF%8D" "Mozilla/4.0 (compatible; MSIE 6.0; Windows NT 5.1)"
223.235.62.54 - - [13/Apr/2012:07:18:28 -0700] "GET /s/ta/44o/ HTTP/1.1" 302 533 "http://ta.wikipedia.org/wiki/%E0%AE%9A%E0%AE%B0%E0%AF%8D%E0%AE%B5%E0%AE%AA%E0%AE%B3%E0%AF%8D%E0%AE%B3%E0%AE%BF_%E0%AE%B0%E0%AE%BE%E0%AE%A4%E0%AE%BE%E0%AE%95%E0%AE%BF%E0%AE%B0%E0%AF%81%E0%AE%B7%E0%AF%8D%E0%AE%A3%E0%AE%A9%E0%AF%8D" "Mozilla/4.0 (compatible; MSIE 6.0; Windows NT 5.1)"
207.46.204.171 - - [13/Apr/2012:07:18:28 -0700] "-" 400 0 "-" "-"
207.46.204.171 - - [13/Apr/2012:07:18:28 -0700] "-" 400 0 "-" "-"
207.46.204.171 - - [13/Apr/2012:07:18:29 -0700] "-" 400 0 "-" "-"
207.46.204.171 - - [13/Apr/2012:07:18:31 -0700] "-" 400 0 "-" "-"
207.46.204.171 - - [13/Apr/2012:07:18:32 -0700] "-" 400 0 "-" "-"
207.46.204.171 - - [13/Apr/2012:07:18:33 -0700] "-" 400 0 "-" "-"
207.46.204.171 - - [13/Apr/2012:07:18:33 -0700] "-" 400 0 "-" "-"
207.46.204.171 - - [13/Apr/2012:07:18:34 -0700] "-" 400 0 "-" "-"
207.46.204.171 - - [13/Apr/2012:07:18:34 -0700] "-" 400 0 "-" "-"
207.46.204.171 - - [13/Apr/2012:07:18:34 -0700] "-" 400 0 "-" "-"
207.46.204.171 - - [13/Apr/2012:07:18:34 -0700] "-" 400 0 "-" "-"
117.193.237.162 - - [13/Apr/2012:07:18:55 -0700] "-" 400 0 "-" "-"
207.46.204.209 - - [13/Apr/2012:07:18:57 -0700] "-" 400 0 "-" "-"
207.46.204.209 - - [13/Apr/2012:07:18:58 -0700] "-" 400 0 "-" "-"
49.137.107.148 - - [13/Apr/2012:07:19:06 -0700] "-" 400 0 "-" "-"
117.193.237.162 - - [13/Apr/2012:07:19:25 -0700] "-" 400 0 "-" "-"
117.193.237.162 - - [13/Apr/2012:07:20:05 -0700] "-" 400 0 "-" "-"
117.193.237.162 - - [13/Apr/2012:07:20:05 -0700] "-" 400 0 "-" "-"
117.193.237.162 - - [13/Apr/2012:07:20:06 -0700] "-" 400 0 "-" "-"
117.193.237.162 - - [13/Apr/2012:07:20:06 -0700] "-" 400 0 "-" "-"
117.193.237.162 - - [13/Apr/2012:07:21:05 -0700] "-" 400 0 "-" "-"
85.17.88.169 - - [13/Apr/2012:07:23:40 -0700] "POST /blog/wp-cron.php?doing_wp_cron=1334326674 HTTP/1.0" 499 0 "-" "WordPress/3.3.1; http://yuvi.in/blog"
72.14.199.121 - - [13/Apr/2012:07:23:41 -0700] "GET /blog/feed/ HTTP/1.1" 304 0 "-" "Feedfetcher-Google; (+http://www.google.com/feedfetcher.html; 19 subscribers; feed-id=15064232456473204253)"
141.0.10.99 - - [13/Apr/2012:07:25:24 -0700] "-" 400 0 "-" "-"
141.0.10.99 - - [13/Apr/2012:07:25:24 -0700] "-" 400 0 "-" "-"
141.0.10.99 - - [13/Apr/2012:07:25:24 -0700] "-" 400 0 "-" "-"
178.137.160.135 - - [13/Apr/2012:07:26:41 -0700] "GET /blog/nen-first-dot-2010-what-i-learnt.html HTTP/1.0" 200 8854 "http://replicashop.org/" "Mozilla/4.0 (compatible; MSIE 6.0; Windows NT 5.0; APC; .NET CLR 1.0.3705; .NET CLR 1.1.4322; .NET CLR 2.0.50215; InfoPath.1)"
118.102.194.149 - - [13/Apr/2012:07:27:43 -0700] "GET /r/25rv HTTP/1.1" 301 257 "http://ta.wikipedia.org/wiki/%E0%AE%A8%E0%AF%86%E0%AE%AF%E0%AF%8D%E0%AE%B5%E0%AF%87%E0%AE%B2%E0%AE%BF_%E0%AE%AA%E0%AE%B4%E0%AF%81%E0%AE%AA%E0%AF%8D%E0%AE%AA%E0%AF%81_%E0%AE%A8%E0%AE%BF%E0%AE%B2%E0%AE%95%E0%AF%8D%E0%AE%95%E0%AE%B0%E0%AE%BF_%E0%AE%A8%E0%AE%BF%E0%AE%B1%E0%AF%81%E0%AE%B5%E0%AE%A9%E0%AE%AE%E0%AF%8D" "Mozilla/5.0 (Windows NT 6.1; WOW64) AppleWebKit/535.12 (KHTML, like Gecko) Maxthon/3.3.6.2000 Chrome/18.0.966.0 Safari/535.12"
118.102.194.149 - - [13/Apr/2012:07:27:44 -0700] "GET /s/ta/25rv/ HTTP/1.1" 302 649 "http://ta.wikipedia.org/wiki/%E0%AE%A8%E0%AF%86%E0%AE%AF%E0%AF%8D%E0%AE%B5%E0%AF%87%E0%AE%B2%E0%AE%BF_%E0%AE%AA%E0%AE%B4%E0%AF%81%E0%AE%AA%E0%AF%8D%E0%AE%AA%E0%AF%81_%E0%AE%A8%E0%AE%BF%E0%AE%B2%E0%AE%95%E0%AF%8D%E0%AE%95%E0%AE%B0%E0%AE%BF_%E0%AE%A8%E0%AE%BF%E0%AE%B1%E0%AF%81%E0%AE%B5%E0%AE%A9%E0%AE%AE%E0%AF%8D" "Mozilla/5.0 (Windows NT 6.1; WOW64) AppleWebKit/535.12 (KHTML, like Gecko) Maxthon/3.3.6.2000 Chrome/18.0.966.0 Safari/535.12"
118.102.194.149 - - [13/Apr/2012:07:27:53 -0700] "-" 400 0 "-" "-"
49.137.107.148 - - [13/Apr/2012:07:29:30 -0700] "-" 400 0 "-" "-"
49.137.107.148 - - [13/Apr/2012:07:29:50 -0700] "-" 400 0 "-" "-"
123.238.128.66 - - [13/Apr/2012:07:31:43 -0700] "-" 400 0 "-" "-"
209.85.224.83 - - [13/Apr/2012:07:32:18 -0700] "GET /stories/feed HTTP/1.1" 200 13653 "-" "FeedBurner/1.0 (http://www.FeedBurner.com)"
124.115.6.10 - - [13/Apr/2012:07:33:17 -0700] "GET /robots.txt HTTP/1.1" 404 142 "-" "Sosospider+(+http://help.soso.com/webspider.htm)"
14.99.216.46 - - [13/Apr/2012:07:35:09 -0700] "-" 400 0 "-" "-"
188.48.8.102 - - [13/Apr/2012:07:35:55 -0700] "GET /r/1eg5 HTTP/1.1" 301 257 "http://m.facebook.com/l.php?u=http%3A%2F%2Ftawp.in%2Fr%2F1eg5&h=YAQGRkloo&enc=AZPumG9NqLKBIQY1Ih9nsWKhIq2NINF3aiApaQws18uP3ltmlXWs9EOG4r6TdhItyr0xlIyE-dzzv9vIA0BPMWbZMAZrK4e39Rc0mZqLZ7-UtOjpfWzOFOFayuPMSgKKkpzC2Xf3UWNgrlq7YujX6zms" "Mozilla/5.0 (SymbianOS/9.4; U; Series60/5.0 Nokia5800d-1/31.0.101; Profile/MIDP-2.1 Configuration/CLDC-1.1 ) AppleWebKit/413 (KHTML, like Gecko) Safari/413"
188.48.8.102 - - [13/Apr/2012:07:35:56 -0700] "GET /s/ta/1eg5/ HTTP/1.1" 302 337 "http://m.facebook.com/l.php?u=http%3A%2F%2Ftawp.in%2Fr%2F1eg5&h=YAQGRkloo&enc=AZPumG9NqLKBIQY1Ih9nsWKhIq2NINF3aiApaQws18uP3ltmlXWs9EOG4r6TdhItyr0xlIyE-dzzv9vIA0BPMWbZMAZrK4e39Rc0mZqLZ7-UtOjpfWzOFOFayuPMSgKKkpzC2Xf3UWNgrlq7YujX6zms" "Mozilla/5.0 (SymbianOS/9.4; U; Series60/5.0 Nokia5800d-1/31.0.101; Profile/MIDP-2.1 Configuration/CLDC-1.1 ) AppleWebKit/413 (KHTML, like Gecko) Safari/413"
123.125.71.24 - - [13/Apr/2012:07:36:44 -0700] "GET / HTTP/1.1" 200 3439 "-" "Mozilla/5.0 (compatible; Baiduspider/2.0; +http://www.baidu.com/search/spider.html)"
220.181.108.77 - - [13/Apr/2012:07:37:17 -0700] "GET / HTTP/1.1" 200 3439 "-" "Mozilla/5.0 (compatible; Baiduspider/2.0; +http://www.baidu.com/search/spider.html)"
14.96.138.40 - - [13/Apr/2012:07:38:15 -0700] "-" 400 0 "-" "-"
85.17.88.169 - - [13/Apr/2012:07:39:00 -0700] "POST /blog/wp-cron.php?doing_wp_cron=1334327594 HTTP/1.0" 499 0 "-" "WordPress/3.3.1; http://yuvi.in/blog"
46.137.71.213 - - [13/Apr/2012:07:39:00 -0700] "HEAD /blog/story-average-indian-techie/ HTTP/1.1" 200 0 "-" "-"
46.137.71.213 - - [13/Apr/2012:07:39:01 -0700] "GET /blog/story-average-indian-techie/ HTTP/1.1" 200 14155 "-" "Mozilla/5.0 (Windows; U; Windows NT 5.1; rv:1.7.3) Gecko/20041001 Firefox/0.10.1"
59.163.27.11 - - [13/Apr/2012:07:39:07 -0700] "GET /AssessmentBar/r/Unassessed_India_articles/ HTTP/1.1" 302 281 "http://en.wikipedia.org/wiki/Gohana" "Mozilla/5.0 (Windows NT 5.1) AppleWebKit/535.11 (KHTML, like Gecko) Chrome/17.0.963.83 Safari/535.11"
59.163.27.11 - - [13/Apr/2012:07:39:16 -0700] "GET /AssessmentBar/r/Unassessed_India_articles/ HTTP/1.1" 302 321 "http://en.wikipedia.org/wiki/Premier_(car)" "Mozilla/5.0 (Windows NT 5.1) AppleWebKit/535.11 (KHTML, like Gecko) Chrome/17.0.963.83 Safari/535.11"
85.17.88.169 - - [13/Apr/2012:07:39:19 -0700] "POST /blog/wp-cron.php?doing_wp_cron=1334327612 HTTP/1.0" 499 0 "-" "WordPress/3.3.1; http://yuvi.in/blog"
79.125.64.99 - - [13/Apr/2012:07:39:19 -0700] "HEAD /blog/interview-sriram-krishnan-5-years-old/ HTTP/1.1" 200 0 "-" "-"
79.125.64.99 - - [13/Apr/2012:07:39:20 -0700] "GET /blog/interview-sriram-krishnan-5-years-old/ HTTP/1.1" 200 14240 "-" "Mozilla/5.0 (Windows; U; Windows NT 5.1; rv:1.7.3) Gecko/20041001 Firefox/0.10.1"
14.96.138.40 - - [13/Apr/2012:07:39:25 -0700] "-" 400 0 "-" "-"
207.46.204.170 - - [13/Apr/2012:07:40:13 -0700] "-" 400 0 "-" "-"
207.46.204.170 - - [13/Apr/2012:07:40:13 -0700] "-" 400 0 "-" "-"
207.46.204.170 - - [13/Apr/2012:07:40:14 -0700] "-" 400 0 "-" "-"
207.46.204.170 - - [13/Apr/2012:07:40:14 -0700] "-" 400 0 "-" "-"
207.46.204.170 - - [13/Apr/2012:07:40:15 -0700] "-" 400 0 "-" "-"
207.46.204.170 - - [13/Apr/2012:07:40:15 -0700] "-" 400 0 "-" "-"
207.46.204.170 - - [13/Apr/2012:07:40:16 -0700] "-" 400 0 "-" "-"
207.46.204.170 - - [13/Apr/2012:07:40:17 -0700] "-" 400 0 "-" "-"
207.46.204.170 - - [13/Apr/2012:07:40:18 -0700] "-" 400 0 "-" "-"
207.46.204.170 - - [13/Apr/2012:07:40:18 -0700] "-" 400 0 "-" "-"
207.46.204.170 - - [13/Apr/2012:07:40:20 -0700] "-" 400 0 "-" "-"
207.46.204.170 - - [13/Apr/2012:07:40:20 -0700] "-" 400 0 "-" "-"
59.163.27.11 - - [13/Apr/2012:07:40:36 -0700] "GET /AssessmentBar/r/Unassessed_India_articles/ HTTP/1.1" 302 317 "http://en.wikipedia.org/wiki/Kochi_International_Book_Festival" "Mozilla/5.0 (Windows NT 5.1) AppleWebKit/535.11 (KHTML, like Gecko) Chrome/17.0.963.83 Safari/535.11"
85.17.88.169 - - [13/Apr/2012:07:40:41 -0700] "POST /blog/wp-cron.php?doing_wp_cron=1334327695 HTTP/1.0" 499 0 "-" "WordPress/3.3.1; http://yuvi.in/blog"
209.85.224.84 - - [13/Apr/2012:07:40:42 -0700] "GET /blog/feed HTTP/1.1" 304 0 "-" "FeedBurner/1.0 (http://www.FeedBurner.com)"
59.163.27.11 - - [13/Apr/2012:07:40:58 -0700] "GET /AssessmentBar/r/Unassessed_India_articles/ HTTP/1.1" 302 289 "http://en.wikipedia.org/wiki/Wanakbori_Thermal_Power_Station" "Mozilla/5.0 (Windows NT 5.1) AppleWebKit/535.11 (KHTML, like Gecko) Chrome/17.0.963.83 Safari/535.11"
59.163.27.11 - - [13/Apr/2012:07:41:17 -0700] "GET /AssessmentBar/r/Unassessed_India_articles/ HTTP/1.1" 302 303 "http://en.wikipedia.org/wiki/Prabha_Kiran_Jain" "Mozilla/5.0 (Windows NT 5.1) AppleWebKit/535.11 (KHTML, like Gecko) Chrome/17.0.963.83 Safari/535.11"
59.163.27.11 - - [13/Apr/2012:07:41:41 -0700] "GET /AssessmentBar/r/Unassessed_India_articles/ HTTP/1.1" 302 285 "http://en.wikipedia.org/wiki/Brahmadesam_(Veppanthai)" "Mozilla/5.0 (Windows NT 5.1) AppleWebKit/535.11 (KHTML, like Gecko) Chrome/17.0.963.83 Safari/535.11"
59.163.27.11 - - [13/Apr/2012:07:42:11 -0700] "GET /AssessmentBar/r/Unassessed_India_articles/ HTTP/1.1" 302 299 "http://en.wikipedia.org/wiki/Gurjinder_Kumar" "Mozilla/5.0 (Windows NT 5.1) AppleWebKit/535.11 (KHTML, like Gecko) Chrome/17.0.963.83 Safari/535.11"
117.207.102.61 - - [13/Apr/2012:07:42:17 -0700] "GET /r/1kru HTTP/1.1" 301 257 "-" "Mozilla/5.0 (Windows NT 5.1; rv:11.0) Gecko/20100101 Firefox/11.0"
117.207.102.61 - - [13/Apr/2012:07:42:17 -0700] "GET /s/ta/1kru/ HTTP/1.1" 302 337 "-" "Mozilla/5.0 (Windows NT 5.1; rv:11.0) Gecko/20100101 Firefox/11.0"
59.163.27.11 - - [13/Apr/2012:07:42:37 -0700] "GET /AssessmentBar/r/Unassessed_India_articles/ HTTP/1.1" 302 277 "http://en.wikipedia.org/wiki/Thimmasamudram,_Kadapa" "Mozilla/5.0 (Windows NT 5.1) AppleWebKit/535.11 (KHTML, like Gecko) Chrome/17.0.963.83 Safari/535.11"
59.163.27.11 - - [13/Apr/2012:07:42:44 -0700] "GET /AssessmentBar/r/Unassessed_India_articles/ HTTP/1.1" 302 269 "http://en.wikipedia.org/wiki/Mal_(caste)" "Mozilla/5.0 (Windows NT 5.1) AppleWebKit/535.11 (KHTML, like Gecko) Chrome/17.0.963.83 Safari/535.11"
85.17.88.169 - - [13/Apr/2012:07:42:49 -0700] "POST /blog/wp-cron.php?doing_wp_cron=1334327822 HTTP/1.0" 499 0 "-" "WordPress/3.3.1; http://yuvi.in/blog"
72.14.199.121 - - [13/Apr/2012:07:42:49 -0700] "GET /blog/feed HTTP/1.1" 301 0 "-" "Feedfetcher-Google; (+http://www.google.com/feedfetcher.html; 3 subscribers; feed-id=17684830852112633560)"
59.163.27.11 - - [13/Apr/2012:07:42:50 -0700] "GET /AssessmentBar/r/Unassessed_India_articles/ HTTP/1.1" 302 293 "http://en.wikipedia.org/wiki/Taimung" "Mozilla/5.0 (Windows NT 5.1) AppleWebKit/535.11 (KHTML, like Gecko) Chrome/17.0.963.83 Safari/535.11"
59.163.27.11 - - [13/Apr/2012:07:42:50 -0700] "GET /AssessmentBar/r/Unassessed_India_articles/ HTTP/1.1" 302 351 "http://en.wikipedia.org/wiki/Taimung" "Mozilla/5.0 (Windows NT 5.1) AppleWebKit/535.11 (KHTML, like Gecko) Chrome/17.0.963.83 Safari/535.11"
85.17.88.169 - - [13/Apr/2012:07:42:51 -0700] "POST /blog/wp-cron.php?doing_wp_cron=1334327825 HTTP/1.0" 499 0 "-" "WordPress/3.3.1; http://yuvi.in/blog"
72.14.199.121 - - [13/Apr/2012:07:42:51 -0700] "GET /blog/feed/ HTTP/1.1" 304 0 "-" "Feedfetcher-Google; (+http://www.google.com/feedfetcher.html; 3 subscribers; feed-id=17684830852112633560)"
59.163.27.11 - - [13/Apr/2012:07:42:58 -0700] "GET /AssessmentBar/r/Unassessed_India_articles/ HTTP/1.1" 302 285 "http://en.wikipedia.org/wiki/Zee_Cine_Award_for_Best_Playback_Singer_%E2%80%93_Male" "Mozilla/5.0 (Windows NT 5.1) AppleWebKit/535.11 (KHTML, like Gecko) Chrome/17.0.963.83 Safari/535.11"
59.163.27.11 - - [13/Apr/2012:07:43:06 -0700] "GET /AssessmentBar/r/Unassessed_India_articles/ HTTP/1.1" 302 281 "http://en.wikipedia.org/wiki/Kerala_Varma_IV" "Mozilla/5.0 (Windows NT 5.1) AppleWebKit/535.11 (KHTML, like Gecko) Chrome/17.0.963.83 Safari/535.11"
59.163.27.11 - - [13/Apr/2012:07:43:12 -0700] "GET /AssessmentBar/r/Unassessed_India_articles/ HTTP/1.1" 302 281 "http://en.wikipedia.org/wiki/Ernad_Express" "Mozilla/5.0 (Windows NT 5.1) AppleWebKit/535.11 (KHTML, like Gecko) Chrome/17.0.963.83 Safari/535.11"
59.163.27.11 - - [13/Apr/2012:07:43:22 -0700] "GET /AssessmentBar/r/Unassessed_India_articles/ HTTP/1.1" 302 267 "http://en.wikipedia.org/wiki/Ignatius_Dias" "Mozilla/5.0 (Windows NT 5.1) AppleWebKit/535.11 (KHTML, like Gecko) Chrome/17.0.963.83 Safari/535.11"
85.17.88.169 - - [13/Apr/2012:07:45:17 -0700] "POST /blog/wp-cron.php?doing_wp_cron=1334327971 HTTP/1.0" 499 0 "-" "WordPress/3.3.1; http://yuvi.in/blog"
101.226.33.189 - - [13/Apr/2012:07:45:17 -0700] "GET /blog/feed HTTP/1.0" 304 0 "-" "Mozilla/4.0 (compatible; Windows;)"
122.164.24.128 - - [13/Apr/2012:07:50:35 -0700] "-" 400 0 "-" "-"
117.197.218.55 - - [13/Apr/2012:07:51:34 -0700] "-" 400 0 "-" "-"
207.46.193.36 - - [13/Apr/2012:07:53:13 -0700] "-" 400 0 "-" "-"
207.46.193.36 - - [13/Apr/2012:07:53:17 -0700] "-" 400 0 "-" "-"
207.46.193.36 - - [13/Apr/2012:07:53:18 -0700] "-" 400 0 "-" "-"
207.46.193.36 - - [13/Apr/2012:07:53:20 -0700] "-" 400 0 "-" "-"
207.46.193.36 - - [13/Apr/2012:07:53:20 -0700] "-" 400 0 "-" "-"
207.46.193.36 - - [13/Apr/2012:07:53:20 -0700] "-" 400 0 "-" "-"
207.46.193.36 - - [13/Apr/2012:07:53:22 -0700] "-" 400 0 "-" "-"
207.46.193.36 - - [13/Apr/2012:07:53:22 -0700] "-" 400 0 "-" "-"
207.46.193.36 - - [13/Apr/2012:07:53:22 -0700] "-" 400 0 "-" "-"
207.46.193.36 - - [13/Apr/2012:07:53:23 -0700] "-" 400 0 "-" "-"
112.135.1.122 - - [13/Apr/2012:07:53:51 -0700] "GET /r/13r5 HTTP/1.1" 301 257 "http://ta.wikipedia.org/wiki/%E0%AE%95%E0%AE%A3%E0%AE%BF%E0%AE%AA%E0%AF%8D%E0%AE%AA%E0%AE%BE%E0%AE%A9%E0%AF%8D" "Mozilla/5.0 (Windows; U; Windows NT 5.1; en-US; rv:1.9.0.11) Gecko/2009060215 Firefox/3.0.11"
112.135.1.122 - - [13/Apr/2012:07:53:51 -0700] "GET /s/ta/13r5/ HTTP/1.1" 302 373 "http://ta.wikipedia.org/wiki/%E0%AE%95%E0%AE%A3%E0%AE%BF%E0%AE%AA%E0%AF%8D%E0%AE%AA%E0%AE%BE%E0%AE%A9%E0%AF%8D" "Mozilla/5.0 (Windows; U; Windows NT 5.1; en-US; rv:1.9.0.11) Gecko/2009060215 Firefox/3.0.11"
117.197.218.55 - - [13/Apr/2012:07:54:04 -0700] "-" 400 0 "-" "-"
117.197.218.55 - - [13/Apr/2012:07:54:04 -0700] "-" 400 0 "-" "-"
117.197.218.55 - - [13/Apr/2012:07:54:04 -0700] "-" 400 0 "-" "-"
207.46.193.36 - - [13/Apr/2012:07:54:08 -0700] "-" 400 0 "-" "-"
85.17.88.169 - - [13/Apr/2012:07:54:28 -0700] "POST /blog/wp-cron.php?doing_wp_cron=1334328522 HTTP/1.0" 499 0 "-" "WordPress/3.3.1; http://yuvi.in/blog"
100.43.83.144 - - [13/Apr/2012:07:54:29 -0700] "GET /blog/3-reasons-people-join-it-companies/ HTTP/1.1" 200 5580 "-" "Mozilla/5.0 (compatible; YandexBot/3.0; +http://yandex.com/bots)"
117.197.218.55 - - [13/Apr/2012:07:54:44 -0700] "-" 400 0 "-" "-"
117.197.218.55 - - [13/Apr/2012:07:55:30 -0700] "-" 400 0 "-" "-"
59.92.77.66 - - [13/Apr/2012:07:55:39 -0700] "-" 400 0 "-" "-"
59.92.77.66 - - [13/Apr/2012:07:55:39 -0700] "-" 400 0 "-" "-"
59.92.77.66 - - [13/Apr/2012:07:55:39 -0700] "-" 400 0 "-" "-"
59.92.77.66 - - [13/Apr/2012:07:55:39 -0700] "-" 400 0 "-" "-"
59.92.77.66 - - [13/Apr/2012:07:56:09 -0700] "-" 400 0 "-" "-"
59.92.77.66 - - [13/Apr/2012:07:56:09 -0700] "-" 400 0 "-" "-"
59.92.77.66 - - [13/Apr/2012:07:56:09 -0700] "-" 400 0 "-" "-"
59.92.77.66 - - [13/Apr/2012:07:56:09 -0700] "-" 400 0 "-" "-"
59.92.77.66 - - [13/Apr/2012:07:56:09 -0700] "-" 400 0 "-" "-"
59.92.77.66 - - [13/Apr/2012:07:56:39 -0700] "-" 400 0 "-" "-"
59.92.77.66 - - [13/Apr/2012:07:56:49 -0700] "-" 400 0 "-" "-"
59.92.77.66 - - [13/Apr/2012:07:56:49 -0700] "-" 400 0 "-" "-"
59.92.77.66 - - [13/Apr/2012:07:56:49 -0700] "-" 400 0 "-" "-"
59.92.77.66 - - [13/Apr/2012:07:56:49 -0700] "-" 400 0 "-" "-"
117.197.218.55 - - [13/Apr/2012:07:57:09 -0700] "-" 400 0 "-" "-"
59.92.77.66 - - [13/Apr/2012:07:57:29 -0700] "-" 400 0 "-" "-"
117.197.218.55 - - [13/Apr/2012:07:57:58 -0700] "-" 400 0 "-" "-"
59.92.77.66 - - [13/Apr/2012:07:57:59 -0700] "-" 400 0 "-" "-"
59.92.77.66 - - [13/Apr/2012:07:57:59 -0700] "-" 400 0 "-" "-"
59.92.77.66 - - [13/Apr/2012:07:57:59 -0700] "-" 400 0 "-" "-"
65.52.109.146 - - [13/Apr/2012:07:59:25 -0700] "GET /blog/a-bigger-binary-heart.html HTTP/1.1" 304 0 "-" "Mozilla/5.0 (compatible; bingbot/2.0; +http://www.bing.com/bingbot.htm)"
117.197.218.55 - - [13/Apr/2012:08:00:05 -0700] "-" 400 0 "-" "-"
117.197.218.55 - - [13/Apr/2012:08:00:05 -0700] "-" 400 0 "-" "-"
59.92.77.66 - - [13/Apr/2012:08:00:09 -0700] "-" 400 0 "-" "-"
59.92.77.66 - - [13/Apr/2012:08:00:09 -0700] "-" 400 0 "-" "-"
59.92.77.66 - - [13/Apr/2012:08:00:09 -0700] "-" 400 0 "-" "-"
59.92.77.66 - - [13/Apr/2012:08:00:39 -0700] "-" 400 0 "-" "-"
59.92.77.66 - - [13/Apr/2012:08:00:39 -0700] "-" 400 0 "-" "-"
117.254.156.161 - - [13/Apr/2012:08:01:23 -0700] "-" 400 0 "-" "-"
117.197.218.55 - - [13/Apr/2012:08:01:37 -0700] "-" 400 0 "-" "-"
117.254.156.161 - - [13/Apr/2012:08:01:43 -0700] "-" 400 0 "-" "-"
117.197.218.55 - - [13/Apr/2012:08:01:58 -0700] "-" 400 0 "-" "-"
209.85.224.96 - - [13/Apr/2012:08:02:49 -0700] "GET /stories/feed HTTP/1.1" 200 13653 "-" "FeedBurner/1.0 (http://www.FeedBurner.com)"
117.254.156.161 - - [13/Apr/2012:08:02:53 -0700] "-" 400 0 "-" "-"
117.213.91.83 - - [13/Apr/2012:08:03:21 -0700] "-" 400 0 "-" "-"
117.254.156.161 - - [13/Apr/2012:08:03:43 -0700] "-" 400 0 "-" "-"
141.0.10.221 - - [13/Apr/2012:08:03:44 -0700] "GET /r/34ti HTTP/1.1" 301 257 "http://ta.wikipedia.org/wiki/%E0%AE%AA%E0%AE%BE%E0%AE%B0%E0%AF%8D%E0%AE%B5%E0%AE%A4%E0%AE%BF_%E0%AE%9A%E0%AF%8B%E0%AE%AE%E0%AE%A9%E0%AF%8D" "Opera/9.80 (J2ME/MIDP; Opera Mini/6.5.26955/27.1486; U; en) Presto/2.8.119 Version/11.10"
141.0.10.221 - - [13/Apr/2012:08:03:45 -0700] "GET /s/ta/34ti/ HTTP/1.1" 302 413 "http://ta.wikipedia.org/wiki/%E0%AE%AA%E0%AE%BE%E0%AE%B0%E0%AF%8D%E0%AE%B5%E0%AE%A4%E0%AE%BF_%E0%AE%9A%E0%AF%8B%E0%AE%AE%E0%AE%A9%E0%AF%8D" "Opera/9.80 (J2ME/MIDP; Opera Mini/6.5.26955/27.1486; U; en) Presto/2.8.119 Version/11.10"
59.92.77.66 - - [13/Apr/2012:08:03:49 -0700] "-" 400 0 "-" "-"
59.92.77.66 - - [13/Apr/2012:08:03:49 -0700] "-" 400 0 "-" "-"
117.197.218.55 - - [13/Apr/2012:08:04:06 -0700] "-" 400 0 "-" "-"
117.254.156.161 - - [13/Apr/2012:08:04:23 -0700] "-" 400 0 "-" "-"
117.254.156.161 - - [13/Apr/2012:08:04:23 -0700] "-" 400 0 "-" "-"
117.254.156.161 - - [13/Apr/2012:08:04:23 -0700] "-" 400 0 "-" "-"
117.254.156.161 - - [13/Apr/2012:08:04:23 -0700] "-" 400 0 "-" "-"
117.254.156.161 - - [13/Apr/2012:08:04:23 -0700] "-" 400 0 "-" "-"
189.71.255.113 - - [13/Apr/2012:08:04:52 -0700] "GET /blog/ HTTP/1.1" 200 33230 "-" "Mozilla/5.0 (compatible; Googlebot/2.1; +http://www.google.com/bot.html)"
117.197.218.55 - - [13/Apr/2012:08:05:06 -0700] "-" 400 0 "-" "-"
182.156.208.82 - - [13/Apr/2012:08:05:08 -0700] "-" 400 0 "-" "-"
141.0.9.34 - - [13/Apr/2012:08:05:18 -0700] "GET /r/qzj HTTP/1.1" 301 255 "-" "Opera/9.80 (J2ME/MIDP; Opera Mini/4.1.15082/27.1486; U; en) Presto/2.8.119 Version/11.10"
141.0.9.34 - - [13/Apr/2012:08:05:18 -0700] "GET /s/ta/qzj/ HTTP/1.1" 302 805 "-" "Opera/9.80 (J2ME/MIDP; Opera Mini/4.1.15082/27.1486; U; en) Presto/2.8.119 Version/11.10"
117.254.156.161 - - [13/Apr/2012:08:05:24 -0700] "-" 400 0 "-" "-"
117.254.156.161 - - [13/Apr/2012:08:05:24 -0700] "-" 400 0 "-" "-"
117.197.218.55 - - [13/Apr/2012:08:07:13 -0700] "-" 400 0 "-" "-"
117.197.218.55 - - [13/Apr/2012:08:07:13 -0700] "-" 400 0 "-" "-"
117.197.218.55 - - [13/Apr/2012:08:07:13 -0700] "-" 400 0 "-" "-"
115.241.67.125 - - [13/Apr/2012:08:07:29 -0700] "-" 400 0 "-" "-"
117.195.162.233 - - [13/Apr/2012:08:09:19 -0700] "GET / HTTP/1.1" 200 1430 "-" "Mozilla/5.0 (Macintosh; Intel Mac OS X 10.6; rv:11.0) Gecko/20100101 Firefox/11.0"
117.195.162.233 - - [13/Apr/2012:08:09:19 -0700] "GET /blueprint/screen.css HTTP/1.1" 200 12058 "http://yuvi.in/" "Mozilla/5.0 (Macintosh; Intel Mac OS X 10.6; rv:11.0) Gecko/20100101 Firefox/11.0"
117.195.162.233 - - [13/Apr/2012:08:09:19 -0700] "GET /blueprint/print.css HTTP/1.1" 200 1284 "http://yuvi.in/" "Mozilla/5.0 (Macintosh; Intel Mac OS X 10.6; rv:11.0) Gecko/20100101 Firefox/11.0"
117.195.162.233 - - [13/Apr/2012:08:09:20 -0700] "GET /header.png HTTP/1.1" 200 14249 "http://yuvi.in/" "Mozilla/5.0 (Macintosh; Intel Mac OS X 10.6; rv:11.0) Gecko/20100101 Firefox/11.0"
117.195.162.233 - - [13/Apr/2012:08:09:21 -0700] "GET /favicon.ico HTTP/1.1" 404 142 "-" "Mozilla/5.0 (Macintosh; Intel Mac OS X 10.6; rv:11.0) Gecko/20100101 Firefox/11.0"
117.195.162.233 - - [13/Apr/2012:08:09:21 -0700] "GET /favicon.ico HTTP/1.1" 404 142 "-" "Mozilla/5.0 (Macintosh; Intel Mac OS X 10.6; rv:11.0) Gecko/20100101 Firefox/11.0"
117.195.162.233 - - [13/Apr/2012:08:09:25 -0700] "-" 400 0 "-" "-"
117.193.180.53 - - [13/Apr/2012:08:10:06 -0700] "-" 400 0 "-" "-"
117.193.180.53 - - [13/Apr/2012:08:10:06 -0700] "-" 400 0 "-" "-"
117.193.180.53 - - [13/Apr/2012:08:10:16 -0700] "-" 400 0 "-" "-"
117.193.180.53 - - [13/Apr/2012:08:10:36 -0700] "-" 400 0 "-" "-"
117.193.180.53 - - [13/Apr/2012:08:10:36 -0700] "-" 400 0 "-" "-"
117.195.162.233 - - [13/Apr/2012:08:10:46 -0700] "GET /blog HTTP/1.1" 301 178 "http://yuvi.in/" "Mozilla/5.0 (Macintosh; Intel Mac OS X 10.6; rv:11.0) Gecko/20100101 Firefox/11.0"
117.193.180.53 - - [13/Apr/2012:08:10:46 -0700] "-" 400 0 "-" "-"
117.195.162.233 - - [13/Apr/2012:08:10:47 -0700] "GET /blog/ HTTP/1.1" 200 9194 "http://yuvi.in/" "Mozilla/5.0 (Macintosh; Intel Mac OS X 10.6; rv:11.0) Gecko/20100101 Firefox/11.0"
117.195.162.233 - - [13/Apr/2012:08:10:47 -0700] "GET /blog/wp-content/themes/cleanr/style.css HTTP/1.1" 200 10508 "http://yuvi.in/blog/" "Mozilla/5.0 (Macintosh; Intel Mac OS X 10.6; rv:11.0) Gecko/20100101 Firefox/11.0"
117.195.162.233 - - [13/Apr/2012:08:10:48 -0700] "GET /blog/wp-content/themes/cleanr/js/jquery.dropdown.js?ver=3.3.1 HTTP/1.1" 200 535 "http://yuvi.in/blog/" "Mozilla/5.0 (Macintosh; Intel Mac OS X 10.6; rv:11.0) Gecko/20100101 Firefox/11.0"
117.195.162.233 - - [13/Apr/2012:08:10:48 -0700] "GET /blog/wp-content/themes/cleanr/css/reset.css HTTP/1.1" 200 648 "http://yuvi.in/blog/wp-content/themes/cleanr/style.css" "Mozilla/5.0 (Macintosh; Intel Mac OS X 10.6; rv:11.0) Gecko/20100101 Firefox/11.0"
117.195.162.233 - - [13/Apr/2012:08:10:48 -0700] "GET /blog/wp-content/themes/cleanr/css/960.css HTTP/1.1" 200 3628 "http://yuvi.in/blog/wp-content/themes/cleanr/style.css" "Mozilla/5.0 (Macintosh; Intel Mac OS X 10.6; rv:11.0) Gecko/20100101 Firefox/11.0"
117.195.162.233 - - [13/Apr/2012:08:10:48 -0700] "GET /blog/wp-content/themes/cleanr/css/text.css HTTP/1.1" 200 420 "http://yuvi.in/blog/wp-content/themes/cleanr/style.css" "Mozilla/5.0 (Macintosh; Intel Mac OS X 10.6; rv:11.0) Gecko/20100101 Firefox/11.0"
85.17.88.169 - - [13/Apr/2012:08:10:50 -0700] "POST /blog/wp-cron.php?doing_wp_cron=1334329504 HTTP/1.0" 499 0 "-" "WordPress/3.3.1; http://yuvi.in/blog"
117.195.162.233 - - [13/Apr/2012:08:10:50 -0700] "GET /blog/wp-includes/js/jquery/jquery.js?ver=1.7.1 HTTP/1.1" 200 93889 "http://yuvi.in/blog/" "Mozilla/5.0 (Macintosh; Intel Mac OS X 10.6; rv:11.0) Gecko/20100101 Firefox/11.0"
209.85.224.95 - - [13/Apr/2012:08:10:51 -0700] "GET /blog/feed HTTP/1.1" 304 0 "-" "FeedBurner/1.0 (http://www.FeedBurner.com)"
117.195.162.233 - - [13/Apr/2012:08:10:51 -0700] "GET /blog/wp-content/themes/cleanr/images/search_magnifier.gif HTTP/1.1" 200 394 "http://yuvi.in/blog/" "Mozilla/5.0 (Macintosh; Intel Mac OS X 10.6; rv:11.0) Gecko/20100101 Firefox/11.0"
117.195.162.233 - - [13/Apr/2012:08:10:52 -0700] "-" 400 0 "-" "-"
85.17.88.169 - - [13/Apr/2012:08:11:37 -0700] "POST /blog/wp-cron.php?doing_wp_cron=1334329551 HTTP/1.0" 499 0 "-" "WordPress/3.3.1; http://yuvi.in/blog"
117.195.162.233 - - [13/Apr/2012:08:11:38 -0700] "GET /blog/category/personal/ HTTP/1.1" 200 14322 "http://yuvi.in/blog/" "Mozilla/5.0 (Macintosh; Intel Mac OS X 10.6; rv:11.0) Gecko/20100101 Firefox/11.0"
117.195.162.233 - - [13/Apr/2012:08:11:38 -0700] "GET /blog/wp-includes/js/jquery/jquery.js?ver=1.7.1 HTTP/1.1" 304 0 "http://yuvi.in/blog/category/personal/" "Mozilla/5.0 (Macintosh; Intel Mac OS X 10.6; rv:11.0) Gecko/20100101 Firefox/11.0"
117.195.162.233 - - [13/Apr/2012:08:11:38 -0700] "GET /blog/wp-content/themes/cleanr/js/jquery.dropdown.js?ver=3.3.1 HTTP/1.1" 304 0 "http://yuvi.in/blog/category/personal/" "Mozilla/5.0 (Macintosh; Intel Mac OS X 10.6; rv:11.0) Gecko/20100101 Firefox/11.0"
208.115.113.84 - - [13/Apr/2012:08:11:41 -0700] "GET /robots.txt HTTP/1.1" 404 169 "-" "Mozilla/5.0 (compatible; Ezooms/1.0; ezooms.bot@gmail.com)"
85.17.88.169 - - [13/Apr/2012:08:13:33 -0700] "POST /blog/wp-cron.php?doing_wp_cron=1334329667 HTTP/1.0" 499 0 "-" "WordPress/3.3.1; http://yuvi.in/blog"
117.195.162.233 - - [13/Apr/2012:08:13:33 -0700] "GET /blog/ HTTP/1.1" 200 9195 "http://yuvi.in/" "Mozilla/5.0 (Macintosh; Intel Mac OS X 10.6; rv:11.0) Gecko/20100101 Firefox/11.0"
117.195.162.233 - - [13/Apr/2012:08:13:34 -0700] "GET /blog/wp-includes/js/jquery/jquery.js?ver=1.7.1 HTTP/1.1" 304 0 "http://yuvi.in/blog/" "Mozilla/5.0 (Macintosh; Intel Mac OS X 10.6; rv:11.0) Gecko/20100101 Firefox/11.0"
117.195.162.233 - - [13/Apr/2012:08:13:34 -0700] "GET /blog/wp-content/themes/cleanr/js/jquery.dropdown.js?ver=3.3.1 HTTP/1.1" 304 0 "http://yuvi.in/blog/" "Mozilla/5.0 (Macintosh; Intel Mac OS X 10.6; rv:11.0) Gecko/20100101 Firefox/11.0"
117.195.162.233 - - [13/Apr/2012:08:13:39 -0700] "-" 400 0 "-" "-"
117.195.162.233 - - [13/Apr/2012:08:13:40 -0700] "-" 400 0 "-" "-"
85.17.88.169 - - [13/Apr/2012:08:13:45 -0700] "POST /blog/wp-cron.php?doing_wp_cron=1334329679 HTTP/1.0" 499 0 "-" "WordPress/3.3.1; http://yuvi.in/blog"
