207.46.204.211 - - [20/Mar/2012:17:17:42 -0700] "-" 400 0 "-" "-"
207.46.12.71 - - [20/Mar/2012:17:20:14 -0700] "-" 400 0 "-" "-"
207.46.12.71 - - [20/Mar/2012:17:20:15 -0700] "-" 400 0 "-" "-"
207.46.12.71 - - [20/Mar/2012:17:20:15 -0700] "-" 400 0 "-" "-"
207.46.12.71 - - [20/Mar/2012:17:20:16 -0700] "-" 400 0 "-" "-"
207.46.12.71 - - [20/Mar/2012:17:20:16 -0700] "-" 400 0 "-" "-"
207.46.12.71 - - [20/Mar/2012:17:20:16 -0700] "-" 400 0 "-" "-"
207.46.12.71 - - [20/Mar/2012:17:20:17 -0700] "-" 400 0 "-" "-"
207.46.12.71 - - [20/Mar/2012:17:20:17 -0700] "-" 400 0 "-" "-"
207.46.12.71 - - [20/Mar/2012:17:20:17 -0700] "-" 400 0 "-" "-"
207.46.12.71 - - [20/Mar/2012:17:20:17 -0700] "-" 400 0 "-" "-"
207.46.12.71 - - [20/Mar/2012:17:20:46 -0700] "-" 400 0 "-" "-"
209.85.224.92 - - [20/Mar/2012:17:23:28 -0700] "GET /stories/feed HTTP/1.1" 200 13653 "-" "FeedBurner/1.0 (http://www.FeedBurner.com)"
69.171.228.247 - - [20/Mar/2012:17:26:18 -0700] "GET /r/3g7 HTTP/1.1" 301 255 "-" "facebookexternalhit/1.1 (+http://www.facebook.com/externalhit_uatext.php)"
69.171.228.247 - - [20/Mar/2012:17:26:18 -0700] "GET /s/ta/3g7/ HTTP/1.1" 302 465 "-" "facebookexternalhit/1.1 (+http://www.facebook.com/externalhit_uatext.php)"
85.17.88.169 - - [20/Mar/2012:17:26:28 -0700] "POST /blog/wp-cron.php?doing_wp_cron=1332289431 HTTP/1.0" 499 0 "-" "WordPress/3.3.1; http://yuvi.in/blog"
180.76.6.35 - - [20/Mar/2012:17:26:29 -0700] "GET /blog/webfaction-review/feed/ HTTP/1.1" 200 741 "-" "Mozilla/5.0 (compatible; Baiduspider/2.0; +http://www.baidu.com/search/spider.html)"
85.17.88.169 - - [20/Mar/2012:17:31:06 -0700] "POST /blog/wp-cron.php?doing_wp_cron=1332289708 HTTP/1.0" 499 0 "-" "WordPress/3.3.1; http://yuvi.in/blog"
109.230.217.46 - - [20/Mar/2012:17:31:07 -0700] "GET /blog/ HTTP/1.0" 200 33142 "http://yuvi.in/blog/" "Mozilla/4.0 (compatible; MSIE 6.0; Windows NT 5.2; Win64; AMD64)"
207.46.204.171 - - [20/Mar/2012:17:33:50 -0700] "-" 400 0 "-" "-"
207.46.204.171 - - [20/Mar/2012:17:33:55 -0700] "-" 400 0 "-" "-"
207.46.204.171 - - [20/Mar/2012:17:33:57 -0700] "-" 400 0 "-" "-"
207.46.204.171 - - [20/Mar/2012:17:33:58 -0700] "-" 400 0 "-" "-"
207.46.204.171 - - [20/Mar/2012:17:33:58 -0700] "-" 400 0 "-" "-"
207.46.204.171 - - [20/Mar/2012:17:34:00 -0700] "-" 400 0 "-" "-"
207.46.204.171 - - [20/Mar/2012:17:34:04 -0700] "-" 400 0 "-" "-"
207.46.204.171 - - [20/Mar/2012:17:34:08 -0700] "-" 400 0 "-" "-"
207.46.204.171 - - [20/Mar/2012:17:34:08 -0700] "-" 400 0 "-" "-"
207.46.204.171 - - [20/Mar/2012:17:34:08 -0700] "-" 400 0 "-" "-"
117.230.6.215 - - [20/Mar/2012:17:34:09 -0700] "GET /r/264h HTTP/1.1" 301 257 "-" "Mozilla/5.0 (Windows; U; Windows NT 6.1; en-US) AppleWebKit/532.5 (KHTML, like Gecko) Chrome/4.0.249.43 Safari/532.5"
117.230.6.215 - - [20/Mar/2012:17:34:10 -0700] "GET /s/ta/264h/ HTTP/1.1" 302 485 "-" "Mozilla/5.0 (Windows; U; Windows NT 6.1; en-US) AppleWebKit/532.5 (KHTML, like Gecko) Chrome/4.0.249.43 Safari/532.5"
117.230.6.215 - - [20/Mar/2012:17:34:22 -0700] "-" 400 0 "-" "-"
207.46.204.171 - - [20/Mar/2012:17:35:07 -0700] "-" 400 0 "-" "-"
101.115.185.68 - - [20/Mar/2012:17:38:25 -0700] "GET / HTTP/1.1" 200 1430 "http://users.leafletjs.com/" "Mozilla/5.0 (Macintosh; U; Intel Mac OS X 10.6; en-US; rv:1.9.2.28) Gecko/20120306 Firefox/3.6.28"
101.115.185.68 - - [20/Mar/2012:17:38:26 -0700] "GET /blueprint/screen.css HTTP/1.1" 200 12058 "http://yuvi.in/" "Mozilla/5.0 (Macintosh; U; Intel Mac OS X 10.6; en-US; rv:1.9.2.28) Gecko/20120306 Firefox/3.6.28"
101.115.185.68 - - [20/Mar/2012:17:38:26 -0700] "GET /blueprint/print.css HTTP/1.1" 200 1284 "http://yuvi.in/" "Mozilla/5.0 (Macintosh; U; Intel Mac OS X 10.6; en-US; rv:1.9.2.28) Gecko/20120306 Firefox/3.6.28"
101.115.185.68 - - [20/Mar/2012:17:38:26 -0700] "GET /header.png HTTP/1.1" 200 14249 "http://yuvi.in/" "Mozilla/5.0 (Macintosh; U; Intel Mac OS X 10.6; en-US; rv:1.9.2.28) Gecko/20120306 Firefox/3.6.28"
101.115.185.68 - - [20/Mar/2012:17:38:27 -0700] "GET /favicon.ico HTTP/1.1" 404 142 "-" "Mozilla/5.0 (Macintosh; U; Intel Mac OS X 10.6; en-US; rv:1.9.2.28) Gecko/20120306 Firefox/3.6.28"
85.17.88.169 - - [20/Mar/2012:17:39:50 -0700] "POST /blog/wp-cron.php?doing_wp_cron=1332290233 HTTP/1.0" 499 0 "-" "WordPress/3.3.1; http://yuvi.in/blog"
209.85.224.84 - - [20/Mar/2012:17:39:51 -0700] "GET /blog/feed HTTP/1.1" 304 0 "-" "FeedBurner/1.0 (http://www.FeedBurner.com)"
207.46.13.99 - - [20/Mar/2012:17:42:34 -0700] "GET /robots.txt HTTP/1.1" 404 169 "-" "Mozilla/5.0 (compatible; bingbot/2.0; +http://www.bing.com/bingbot.htm)"
85.17.88.169 - - [20/Mar/2012:17:42:43 -0700] "POST /blog/wp-cron.php?doing_wp_cron=1332290405 HTTP/1.0" 499 0 "-" "WordPress/3.3.1; http://yuvi.in/blog"
69.171.229.250 - - [20/Mar/2012:17:42:44 -0700] "GET /r/26ft HTTP/1.1" 301 257 "-" "facebookexternalhit/1.1 (+http://www.facebook.com/externalhit_uatext.php)"
69.171.229.249 - - [20/Mar/2012:17:42:44 -0700] "GET /s/ta/26ft/ HTTP/1.1" 302 373 "-" "facebookexternalhit/1.1 (+http://www.facebook.com/externalhit_uatext.php)"
207.46.13.99 - - [20/Mar/2012:17:42:44 -0700] "GET /blog/tag/fiction/ HTTP/1.1" 200 4423 "-" "Mozilla/5.0 (compatible; bingbot/2.0; +http://www.bing.com/bingbot.htm)"
85.17.88.169 - - [20/Mar/2012:17:48:33 -0700] "POST /blog/wp-cron.php?doing_wp_cron=1332290755 HTTP/1.0" 499 0 "-" "WordPress/3.3.1; http://yuvi.in/blog"
180.76.5.89 - - [20/Mar/2012:17:48:34 -0700] "GET /blog/2010/12/ HTTP/1.1" 200 6270 "-" "Mozilla/5.0 (compatible; Baiduspider/2.0; +http://www.baidu.com/search/spider.html)"
85.17.88.169 - - [20/Mar/2012:17:51:12 -0700] "POST /blog/wp-cron.php?doing_wp_cron=1332290915 HTTP/1.0" 499 0 "-" "WordPress/3.3.1; http://yuvi.in/blog"
128.208.6.75 - - [20/Mar/2012:17:51:12 -0700] "GET /blog/tag/travel/ HTTP/1.0" 200 3886 "-" "Mozilla/5.0/heritrix/3.1.0 (compatible;; http://vancouver.cs.washington.edu:8080/)"
85.17.88.169 - - [20/Mar/2012:17:55:47 -0700] "POST /blog/wp-cron.php?doing_wp_cron=1332291190 HTTP/1.0" 499 0 "-" "WordPress/3.3.1; http://yuvi.in/blog"
209.85.238.115 - - [20/Mar/2012:17:55:48 -0700] "GET /blog/feed HTTP/1.1" 301 0 "-" "Feedfetcher-Google; (+http://www.google.com/feedfetcher.html; 3 subscribers; feed-id=17684830852112633560)"
85.17.88.169 - - [20/Mar/2012:17:55:50 -0700] "POST /blog/wp-cron.php?doing_wp_cron=1332291192 HTTP/1.0" 499 0 "-" "WordPress/3.3.1; http://yuvi.in/blog"
209.85.238.115 - - [20/Mar/2012:17:55:50 -0700] "GET /blog/feed/ HTTP/1.1" 304 0 "-" "Feedfetcher-Google; (+http://www.google.com/feedfetcher.html; 3 subscribers; feed-id=17684830852112633560)"
85.17.88.169 - - [20/Mar/2012:17:57:09 -0700] "POST /blog/wp-cron.php?doing_wp_cron=1332291271 HTTP/1.0" 499 0 "-" "WordPress/3.3.1; http://yuvi.in/blog"
209.85.238.115 - - [20/Mar/2012:17:57:09 -0700] "GET /blog/feed/ HTTP/1.1" 304 0 "-" "Feedfetcher-Google; (+http://www.google.com/feedfetcher.html; 19 subscribers; feed-id=15064232456473204253)"
209.85.224.97 - - [20/Mar/2012:17:57:42 -0700] "GET /stories/feed HTTP/1.1" 200 13653 "-" "FeedBurner/1.0 (http://www.FeedBurner.com)"
213.186.127.13 - - [20/Mar/2012:17:57:54 -0700] "GET /s/ta/3b6/ HTTP/1.1" 302 325 "-" "Mozilla/5.0 (compatible; AhrefsBot/2.0; +http://ahrefs.com/robot/)"
85.17.88.169 - - [20/Mar/2012:18:04:11 -0700] "POST /blog/wp-cron.php?doing_wp_cron=1332291693 HTTP/1.0" 499 0 "-" "WordPress/3.3.1; http://yuvi.in/blog"
128.208.6.75 - - [20/Mar/2012:18:04:12 -0700] "GET /blog/tag/link/ HTTP/1.0" 200 6582 "-" "Mozilla/5.0/heritrix/3.1.0 (compatible;; http://vancouver.cs.washington.edu:8080/)"
66.249.68.52 - - [20/Mar/2012:18:04:42 -0700] "GET /robots.txt HTTP/1.1" 404 211 "-" "Mozilla/5.0 (compatible; Googlebot/2.1; +http://www.google.com/bot.html)"
66.249.68.52 - - [20/Mar/2012:18:04:43 -0700] "GET /s/ta/2%3Ca%20href%3D/ HTTP/1.1" 502 173 "-" "Mozilla/5.0 (compatible; Googlebot/2.1; +http://www.google.com/bot.html)"
71.168.105.197 - - [20/Mar/2012:18:05:17 -0700] "GET /robots.txt HTTP/1.0" 404 169 "-" "Mozilla/5.0 (compatible; MJ12bot/v1.4.2; http://www.majestic12.co.uk/bot.php?+)"
85.17.88.169 - - [20/Mar/2012:18:05:21 -0700] "POST /blog/wp-cron.php?doing_wp_cron=1332291763 HTTP/1.0" 499 0 "-" "WordPress/3.3.1; http://yuvi.in/blog"
71.168.105.197 - - [20/Mar/2012:18:05:21 -0700] "GET /blog/devlog-may-2011/trackback HTTP/1.1" 302 0 "-" "Mozilla/5.0 (compatible; MJ12bot/v1.4.2; http://www.majestic12.co.uk/bot.php?+)"
85.17.88.169 - - [20/Mar/2012:18:05:24 -0700] "POST /blog/wp-cron.php?doing_wp_cron=1332291767 HTTP/1.0" 499 0 "-" "WordPress/3.3.1; http://yuvi.in/blog"
71.168.105.197 - - [20/Mar/2012:18:05:25 -0700] "GET /blog/devlog-may-2011/ HTTP/1.1" 200 22834 "-" "Mozilla/5.0 (compatible; MJ12bot/v1.4.2; http://www.majestic12.co.uk/bot.php?+)"
85.17.88.169 - - [20/Mar/2012:18:05:29 -0700] "POST /blog/wp-cron.php?doing_wp_cron=1332291771 HTTP/1.0" 499 0 "-" "WordPress/3.3.1; http://yuvi.in/blog"
71.168.105.197 - - [20/Mar/2012:18:05:30 -0700] "GET /blog/non-ascii-characters-http-headers/trackback HTTP/1.1" 302 0 "-" "Mozilla/5.0 (compatible; MJ12bot/v1.4.2; http://www.majestic12.co.uk/bot.php?+)"
85.17.88.169 - - [20/Mar/2012:18:05:33 -0700] "POST /blog/wp-cron.php?doing_wp_cron=1332291775 HTTP/1.0" 499 0 "-" "WordPress/3.3.1; http://yuvi.in/blog"
71.168.105.197 - - [20/Mar/2012:18:05:34 -0700] "GET /blog/non-ascii-characters-http-headers/ HTTP/1.1" 200 5297 "-" "Mozilla/5.0 (compatible; MJ12bot/v1.4.2; http://www.majestic12.co.uk/bot.php?+)"
85.17.88.169 - - [20/Mar/2012:18:05:37 -0700] "POST /blog/wp-cron.php?doing_wp_cron=1332291780 HTTP/1.0" 499 0 "-" "WordPress/3.3.1; http://yuvi.in/blog"
71.168.105.197 - - [20/Mar/2012:18:05:38 -0700] "GET /blog/note-present-future-self-pre-book-travel-tickets/trackback HTTP/1.1" 302 0 "-" "Mozilla/5.0 (compatible; MJ12bot/v1.4.2; http://www.majestic12.co.uk/bot.php?+)"
85.17.88.169 - - [20/Mar/2012:18:05:42 -0700] "POST /blog/wp-cron.php?doing_wp_cron=1332291784 HTTP/1.0" 499 0 "-" "WordPress/3.3.1; http://yuvi.in/blog"
71.168.105.197 - - [20/Mar/2012:18:05:42 -0700] "GET /blog/note-present-future-self-pre-book-travel-tickets/ HTTP/1.1" 200 5527 "-" "Mozilla/5.0 (compatible; MJ12bot/v1.4.2; http://www.majestic12.co.uk/bot.php?+)"
85.17.88.169 - - [20/Mar/2012:18:05:46 -0700] "POST /blog/wp-cron.php?doing_wp_cron=1332291788 HTTP/1.0" 499 0 "-" "WordPress/3.3.1; http://yuvi.in/blog"
71.168.105.197 - - [20/Mar/2012:18:05:47 -0700] "GET /blog/programmer-run-code-head/trackback HTTP/1.1" 302 0 "-" "Mozilla/5.0 (compatible; MJ12bot/v1.4.2; http://www.majestic12.co.uk/bot.php?+)"
85.17.88.169 - - [20/Mar/2012:18:05:50 -0700] "POST /blog/wp-cron.php?doing_wp_cron=1332291792 HTTP/1.0" 499 0 "-" "WordPress/3.3.1; http://yuvi.in/blog"
71.168.105.197 - - [20/Mar/2012:18:05:51 -0700] "GET /blog/programmer-run-code-head/ HTTP/1.1" 200 5231 "-" "Mozilla/5.0 (compatible; MJ12bot/v1.4.2; http://www.majestic12.co.uk/bot.php?+)"
85.17.88.169 - - [20/Mar/2012:18:05:55 -0700] "POST /blog/wp-cron.php?doing_wp_cron=1332291797 HTTP/1.0" 499 0 "-" "WordPress/3.3.1; http://yuvi.in/blog"
71.168.105.197 - - [20/Mar/2012:18:05:55 -0700] "GET /blog/temptations/trackback HTTP/1.1" 302 0 "-" "Mozilla/5.0 (compatible; MJ12bot/v1.4.2; http://www.majestic12.co.uk/bot.php?+)"
85.17.88.169 - - [20/Mar/2012:18:06:00 -0700] "POST /blog/wp-cron.php?doing_wp_cron=1332291802 HTTP/1.0" 499 0 "-" "WordPress/3.3.1; http://yuvi.in/blog"
71.168.105.197 - - [20/Mar/2012:18:06:00 -0700] "GET /blog/temptations/ HTTP/1.1" 200 4767 "-" "Mozilla/5.0 (compatible; MJ12bot/v1.4.2; http://www.majestic12.co.uk/bot.php?+)"
85.17.88.169 - - [20/Mar/2012:18:06:09 -0700] "POST /blog/wp-cron.php?doing_wp_cron=1332291811 HTTP/1.0" 499 0 "-" "WordPress/3.3.1; http://yuvi.in/blog"
71.168.105.197 - - [20/Mar/2012:18:06:10 -0700] "GET /blog/what-stop-child-athiest/trackback HTTP/1.1" 302 0 "-" "Mozilla/5.0 (compatible; MJ12bot/v1.4.2; http://www.majestic12.co.uk/bot.php?+)"
85.17.88.169 - - [20/Mar/2012:18:06:16 -0700] "POST /blog/wp-cron.php?doing_wp_cron=1332291818 HTTP/1.0" 499 0 "-" "WordPress/3.3.1; http://yuvi.in/blog"
71.168.105.197 - - [20/Mar/2012:18:06:16 -0700] "GET /blog/what-stop-child-athiest/ HTTP/1.1" 200 6093 "-" "Mozilla/5.0 (compatible; MJ12bot/v1.4.2; http://www.majestic12.co.uk/bot.php?+)"
85.17.88.169 - - [20/Mar/2012:18:06:19 -0700] "POST /blog/wp-cron.php?doing_wp_cron=1332291821 HTTP/1.0" 499 0 "-" "WordPress/3.3.1; http://yuvi.in/blog"
128.208.6.75 - - [20/Mar/2012:18:06:19 -0700] "GET /blog/tag/crime/ HTTP/1.0" 200 7552 "-" "Mozilla/5.0/heritrix/3.1.0 (compatible;; http://vancouver.cs.washington.edu:8080/)"
69.171.234.7 - - [20/Mar/2012:18:06:45 -0700] "GET /r/1x7m HTTP/1.1" 301 257 "-" "facebookexternalhit/1.1 (+http://www.facebook.com/externalhit_uatext.php)"
69.171.234.7 - - [20/Mar/2012:18:06:46 -0700] "GET /s/ta/1x7m/ HTTP/1.1" 302 513 "-" "facebookexternalhit/1.1 (+http://www.facebook.com/externalhit_uatext.php)"
124.125.203.195 - - [20/Mar/2012:18:09:52 -0700] "-" 400 0 "-" "-"
85.17.88.169 - - [20/Mar/2012:18:09:56 -0700] "POST /blog/wp-cron.php?doing_wp_cron=1332292038 HTTP/1.0" 499 0 "-" "WordPress/3.3.1; http://yuvi.in/blog"
209.85.224.85 - - [20/Mar/2012:18:09:56 -0700] "GET /blog/feed HTTP/1.1" 304 0 "-" "FeedBurner/1.0 (http://www.FeedBurner.com)"
85.17.88.169 - - [20/Mar/2012:18:10:06 -0700] "POST /blog/wp-cron.php?doing_wp_cron=1332292048 HTTP/1.0" 499 0 "-" "WordPress/3.3.1; http://yuvi.in/blog"
183.178.85.181 - - [20/Mar/2012:18:10:07 -0700] "GET /blog/what-i-learnt-from-the-hackfest-at-iitm/feed HTTP/1.1" 301 0 "-" "Mozilla/4.0 (compatible; MSIE 5.5; Windows NT)"
85.17.88.169 - - [20/Mar/2012:18:10:09 -0700] "POST /blog/wp-cron.php?doing_wp_cron=1332292051 HTTP/1.0" 499 0 "-" "WordPress/3.3.1; http://yuvi.in/blog"
183.178.85.181 - - [20/Mar/2012:18:10:09 -0700] "GET /blog/what-i-learnt-from-the-hackfest-at-iitm/feed/ HTTP/1.1" 200 930 "-" "Mozilla/4.0 (compatible; MSIE 5.5; Windows NT)"
85.17.88.169 - - [20/Mar/2012:18:10:43 -0700] "POST /blog/wp-cron.php?doing_wp_cron=1332292085 HTTP/1.0" 499 0 "-" "WordPress/3.3.1; http://yuvi.in/blog"
180.76.5.190 - - [20/Mar/2012:18:10:43 -0700] "GET /blog/?p=67 HTTP/1.1" 301 0 "-" "Mozilla/5.0 (compatible; Baiduspider/2.0; +http://www.baidu.com/search/spider.html)"
85.17.88.169 - - [20/Mar/2012:18:10:46 -0700] "POST /blog/wp-cron.php?doing_wp_cron=1332292088 HTTP/1.0" 499 0 "-" "WordPress/3.3.1; http://yuvi.in/blog"
180.76.6.224 - - [20/Mar/2012:18:10:46 -0700] "GET /blog/six-years-of-blogging-and-eleven-years-of-coding/ HTTP/1.1" 200 4680 "-" "Mozilla/5.0 (compatible; Baiduspider/2.0; +http://www.baidu.com/search/spider.html)"
85.17.88.169 - - [20/Mar/2012:18:13:14 -0700] "POST /blog/wp-cron.php?doing_wp_cron=1332292236 HTTP/1.0" 499 0 "-" "WordPress/3.3.1; http://yuvi.in/blog"
94.102.150.50 - - [20/Mar/2012:18:13:15 -0700] "GET /blog/feed/atom/ HTTP/1.1" 304 0 "-" "SocialSearcher/0.1  Mozilla/5.0"
124.125.203.195 - - [20/Mar/2012:18:16:43 -0700] "-" 400 0 "-" "-"
124.125.203.195 - - [20/Mar/2012:18:16:43 -0700] "-" 400 0 "-" "-"
124.125.203.195 - - [20/Mar/2012:18:16:43 -0700] "-" 400 0 "-" "-"
124.125.203.195 - - [20/Mar/2012:18:16:43 -0700] "-" 400 0 "-" "-"
124.125.203.195 - - [20/Mar/2012:18:16:43 -0700] "-" 400 0 "-" "-"
124.125.203.195 - - [20/Mar/2012:18:16:43 -0700] "-" 400 0 "-" "-"
124.125.203.195 - - [20/Mar/2012:18:18:25 -0700] "-" 400 0 "-" "-"
66.249.68.52 - - [20/Mar/2012:18:18:44 -0700] "GET /r/3352 HTTP/1.1" 301 257 "-" "Mozilla/5.0 (compatible; Googlebot/2.1; +http://www.google.com/bot.html)"
66.249.68.52 - - [20/Mar/2012:18:18:45 -0700] "GET /s/ta/3352/ HTTP/1.1" 302 377 "-" "Mozilla/5.0 (compatible; Googlebot/2.1; +http://www.google.com/bot.html)"
85.17.88.169 - - [20/Mar/2012:18:19:28 -0700] "POST /blog/wp-cron.php?doing_wp_cron=1332292609 HTTP/1.0" 499 0 "-" "WordPress/3.3.1; http://yuvi.in/blog"
187.17.243.75 - - [20/Mar/2012:18:19:28 -0700] "GET /blog/program/ HTTP/1.1" 200 27150 "-" "Mozilla/5.0 (compatible; Googlebot/2.1; +http://www.google.com/bot.html)"
85.17.88.169 - - [20/Mar/2012:18:19:56 -0700] "POST /blog/wp-cron.php?doing_wp_cron=1332292638 HTTP/1.0" 499 0 "-" "WordPress/3.3.1; http://yuvi.in/blog"
180.76.5.57 - - [20/Mar/2012:18:19:57 -0700] "GET /blog/xmlrpc.php HTTP/1.1" 200 53 "-" "Mozilla/5.0 (compatible; Baiduspider/2.0; +http://www.baidu.com/search/spider.html)"
220.181.108.77 - - [20/Mar/2012:18:29:14 -0700] "GET / HTTP/1.1" 304 0 "-" "Mozilla/5.0 (compatible; Baiduspider/2.0; +http://www.baidu.com/search/spider.html)"
59.92.86.4 - - [20/Mar/2012:18:29:40 -0700] "-" 400 0 "-" "-"
59.92.86.4 - - [20/Mar/2012:18:29:40 -0700] "-" 400 0 "-" "-"
59.92.86.4 - - [20/Mar/2012:18:29:43 -0700] "-" 400 0 "-" "-"
59.92.86.4 - - [20/Mar/2012:18:29:44 -0700] "-" 400 0 "-" "-"
59.92.86.4 - - [20/Mar/2012:18:29:44 -0700] "-" 400 0 "-" "-"
59.92.86.4 - - [20/Mar/2012:18:29:44 -0700] "-" 400 0 "-" "-"
85.17.88.169 - - [20/Mar/2012:18:30:07 -0700] "POST /blog/wp-cron.php?doing_wp_cron=1332293249 HTTP/1.0" 499 0 "-" "WordPress/3.3.1; http://yuvi.in/blog"
180.76.6.36 - - [20/Mar/2012:18:30:07 -0700] "GET /blog/temptations/ HTTP/1.1" 200 4767 "-" "Mozilla/5.0 (compatible; Baiduspider/2.0; +http://www.baidu.com/search/spider.html)"
128.208.6.246 - - [20/Mar/2012:18:30:23 -0700] "GET /robots.txt HTTP/1.0" 404 169 "-" "Mozilla/5.0/heritrix/3.1.0 (compatible;; http://vancouver.cs.washington.edu:8080/)"
85.17.88.169 - - [20/Mar/2012:18:30:24 -0700] "POST /blog/wp-cron.php?doing_wp_cron=1332293266 HTTP/1.0" 499 0 "-" "WordPress/3.3.1; http://yuvi.in/blog"
128.208.6.246 - - [20/Mar/2012:18:30:25 -0700] "GET /blog/category/devlog/ HTTP/1.0" 200 13380 "-" "Mozilla/5.0/heritrix/3.1.0 (compatible;; http://vancouver.cs.washington.edu:8080/)"
85.17.88.169 - - [20/Mar/2012:18:31:14 -0700] "POST /blog/wp-cron.php?doing_wp_cron=1332293316 HTTP/1.0" 499 0 "-" "WordPress/3.3.1; http://yuvi.in/blog"
213.186.127.13 - - [20/Mar/2012:18:31:14 -0700] "GET /blog/2010/09/ HTTP/1.1" 200 6900 "-" "Mozilla/5.0 (compatible; AhrefsBot/2.0; +http://ahrefs.com/robot/)"
117.193.153.25 - - [20/Mar/2012:18:31:35 -0700] "-" 400 0 "-" "-"
157.55.112.205 - - [20/Mar/2012:18:32:41 -0700] "-" 400 0 "-" "-"
157.55.112.205 - - [20/Mar/2012:18:32:41 -0700] "-" 400 0 "-" "-"
157.55.112.205 - - [20/Mar/2012:18:32:41 -0700] "-" 400 0 "-" "-"
157.55.112.205 - - [20/Mar/2012:18:32:41 -0700] "-" 400 0 "-" "-"
157.55.112.205 - - [20/Mar/2012:18:32:41 -0700] "-" 400 0 "-" "-"
157.55.112.205 - - [20/Mar/2012:18:32:41 -0700] "-" 400 0 "-" "-"
157.55.112.205 - - [20/Mar/2012:18:32:41 -0700] "-" 400 0 "-" "-"
157.55.112.205 - - [20/Mar/2012:18:32:41 -0700] "-" 400 0 "-" "-"
157.55.112.205 - - [20/Mar/2012:18:32:41 -0700] "-" 400 0 "-" "-"
157.55.112.205 - - [20/Mar/2012:18:33:24 -0700] "-" 400 0 "-" "-"
157.55.112.205 - - [20/Mar/2012:18:33:24 -0700] "-" 400 0 "-" "-"
157.55.112.205 - - [20/Mar/2012:18:33:25 -0700] "-" 400 0 "-" "-"
117.193.153.25 - - [20/Mar/2012:18:33:55 -0700] "-" 400 0 "-" "-"
85.17.88.169 - - [20/Mar/2012:18:40:01 -0700] "POST /blog/wp-cron.php?doing_wp_cron=1332293843 HTTP/1.0" 499 0 "-" "WordPress/3.3.1; http://yuvi.in/blog"
209.85.224.82 - - [20/Mar/2012:18:40:02 -0700] "GET /blog/feed HTTP/1.1" 304 0 "-" "FeedBurner/1.0 (http://www.FeedBurner.com)"
85.17.88.169 - - [20/Mar/2012:18:40:59 -0700] "POST /blog/wp-cron.php?doing_wp_cron=1332293901 HTTP/1.0" 499 0 "-" "WordPress/3.3.1; http://yuvi.in/blog"
101.226.33.180 - - [20/Mar/2012:18:40:59 -0700] "GET /blog/feed HTTP/1.0" 304 0 "-" "Mozilla/4.0 (compatible; Windows;)"
207.46.204.213 - - [20/Mar/2012:18:43:31 -0700] "-" 400 0 "-" "-"
207.46.204.213 - - [20/Mar/2012:18:43:31 -0700] "-" 400 0 "-" "-"
207.46.204.213 - - [20/Mar/2012:18:43:31 -0700] "-" 400 0 "-" "-"
207.46.204.213 - - [20/Mar/2012:18:43:31 -0700] "-" 400 0 "-" "-"
207.46.204.213 - - [20/Mar/2012:18:43:31 -0700] "-" 400 0 "-" "-"
207.46.204.213 - - [20/Mar/2012:18:43:31 -0700] "-" 400 0 "-" "-"
207.46.204.213 - - [20/Mar/2012:18:43:31 -0700] "-" 400 0 "-" "-"
207.46.204.213 - - [20/Mar/2012:18:43:31 -0700] "-" 400 0 "-" "-"
207.46.204.213 - - [20/Mar/2012:18:43:31 -0700] "-" 400 0 "-" "-"
207.46.204.213 - - [20/Mar/2012:18:43:58 -0700] "-" 400 0 "-" "-"
207.46.204.213 - - [20/Mar/2012:18:43:58 -0700] "-" 400 0 "-" "-"
141.0.10.47 - - [20/Mar/2012:18:48:07 -0700] "-" 400 0 "-" "-"
208.115.111.68 - - [20/Mar/2012:18:50:28 -0700] "GET /robots.txt HTTP/1.1" 404 169 "-" "Mozilla/5.0 (compatible; Ezooms/1.0; ezooms.bot@gmail.com)"
69.171.234.6 - - [20/Mar/2012:18:50:30 -0700] "GET /r/26ft HTTP/1.1" 301 257 "-" "facebookexternalhit/1.1 (+http://www.facebook.com/externalhit_uatext.php)"
69.171.234.4 - - [20/Mar/2012:18:50:30 -0700] "GET /s/ta/26ft/ HTTP/1.1" 302 373 "-" "facebookexternalhit/1.1 (+http://www.facebook.com/externalhit_uatext.php)"
66.220.149.246 - - [20/Mar/2012:18:51:58 -0700] "GET /r/1hea HTTP/1.1" 301 257 "-" "facebookexternalhit/1.1 (+http://www.facebook.com/externalhit_uatext.php)"
66.220.149.244 - - [20/Mar/2012:18:51:58 -0700] "GET /s/ta/1hea/ HTTP/1.1" 302 437 "-" "facebookexternalhit/1.1 (+http://www.facebook.com/externalhit_uatext.php)"
85.17.88.169 - - [20/Mar/2012:18:52:59 -0700] "POST /blog/wp-cron.php?doing_wp_cron=1332294621 HTTP/1.0" 499 0 "-" "WordPress/3.3.1; http://yuvi.in/blog"
209.85.238.115 - - [20/Mar/2012:18:53:00 -0700] "GET /blog/feed/ HTTP/1.1" 304 0 "-" "Feedfetcher-Google; (+http://www.google.com/feedfetcher.html; 19 subscribers; feed-id=15064232456473204253)"
66.220.149.250 - - [20/Mar/2012:18:55:08 -0700] "GET /r/eya HTTP/1.1" 301 255 "-" "facebookexternalhit/1.1 (+http://www.facebook.com/externalhit_uatext.php)"
66.220.149.249 - - [20/Mar/2012:18:55:08 -0700] "GET /s/ta/eya/ HTTP/1.1" 302 401 "-" "facebookexternalhit/1.1 (+http://www.facebook.com/externalhit_uatext.php)"
85.17.88.169 - - [20/Mar/2012:18:59:08 -0700] "POST /blog/wp-cron.php?doing_wp_cron=1332294990 HTTP/1.0" 499 0 "-" "WordPress/3.3.1; http://yuvi.in/blog"
209.85.238.115 - - [20/Mar/2012:18:59:08 -0700] "GET /blog/feed HTTP/1.1" 301 0 "-" "Feedfetcher-Google; (+http://www.google.com/feedfetcher.html; 3 subscribers; feed-id=17684830852112633560)"
85.17.88.169 - - [20/Mar/2012:18:59:10 -0700] "POST /blog/wp-cron.php?doing_wp_cron=1332294992 HTTP/1.0" 499 0 "-" "WordPress/3.3.1; http://yuvi.in/blog"
209.85.238.115 - - [20/Mar/2012:18:59:11 -0700] "GET /blog/feed/ HTTP/1.1" 304 0 "-" "Feedfetcher-Google; (+http://www.google.com/feedfetcher.html; 3 subscribers; feed-id=17684830852112633560)"
157.55.112.208 - - [20/Mar/2012:19:00:09 -0700] "-" 400 0 "-" "-"
157.55.112.208 - - [20/Mar/2012:19:00:09 -0700] "-" 400 0 "-" "-"
157.55.112.208 - - [20/Mar/2012:19:00:09 -0700] "-" 400 0 "-" "-"
157.55.112.208 - - [20/Mar/2012:19:00:10 -0700] "-" 400 0 "-" "-"
157.55.112.208 - - [20/Mar/2012:19:00:10 -0700] "-" 400 0 "-" "-"
157.55.112.208 - - [20/Mar/2012:19:00:10 -0700] "-" 400 0 "-" "-"
157.55.112.208 - - [20/Mar/2012:19:00:10 -0700] "-" 400 0 "-" "-"
157.55.112.208 - - [20/Mar/2012:19:00:10 -0700] "-" 400 0 "-" "-"
157.55.112.208 - - [20/Mar/2012:19:00:10 -0700] "-" 400 0 "-" "-"
157.55.112.208 - - [20/Mar/2012:19:00:10 -0700] "-" 400 0 "-" "-"
157.55.112.208 - - [20/Mar/2012:19:00:58 -0700] "-" 400 0 "-" "-"
66.220.149.244 - - [20/Mar/2012:19:01:13 -0700] "GET /r/eya HTTP/1.1" 301 255 "-" "facebookexternalhit/1.1 (+http://www.facebook.com/externalhit_uatext.php)"
66.220.149.251 - - [20/Mar/2012:19:01:13 -0700] "GET /s/ta/eya/ HTTP/1.1" 302 401 "-" "facebookexternalhit/1.1 (+http://www.facebook.com/externalhit_uatext.php)"
59.92.62.182 - - [20/Mar/2012:19:02:22 -0700] "GET /r/219a HTTP/1.1" 301 257 "http://ta.wikipedia.org/wiki/%E0%AE%AA%E0%AE%95%E0%AF%81%E0%AE%AA%E0%AF%8D%E0%AE%AA%E0%AF%81:%E0%AE%A4%E0%AE%AE%E0%AE%BF%E0%AE%B4%E0%AF%8D_%E0%AE%9A%E0%AF%8A%E0%AE%B1%E0%AF%8D%E0%AE%95%E0%AE%B3%E0%AF%8D" "Mozilla/5.0 (Windows NT 6.1; WOW64) AppleWebKit/535.11 (KHTML, like Gecko) Chrome/17.0.963.79 Safari/535.11"
59.92.62.182 - - [20/Mar/2012:19:02:23 -0700] "GET /s/ta/219a/ HTTP/1.1" 302 499 "http://ta.wikipedia.org/wiki/%E0%AE%AA%E0%AE%95%E0%AF%81%E0%AE%AA%E0%AF%8D%E0%AE%AA%E0%AF%81:%E0%AE%A4%E0%AE%AE%E0%AE%BF%E0%AE%B4%E0%AF%8D_%E0%AE%9A%E0%AF%8A%E0%AE%B1%E0%AF%8D%E0%AE%95%E0%AE%B3%E0%AF%8D" "Mozilla/5.0 (Windows NT 6.1; WOW64) AppleWebKit/535.11 (KHTML, like Gecko) Chrome/17.0.963.79 Safari/535.11"
59.92.62.182 - - [20/Mar/2012:19:02:40 -0700] "-" 400 0 "-" "-"
117.193.100.175 - - [20/Mar/2012:19:03:22 -0700] "-" 400 0 "-" "-"
180.76.5.179 - - [20/Mar/2012:19:05:01 -0700] "GET / HTTP/1.1" 304 0 "-" "Mozilla/5.0 (compatible; Baiduspider/2.0; +http://www.baidu.com/search/spider.html)"
122.164.254.229 - - [20/Mar/2012:19:05:49 -0700] "-" 400 0 "-" "-"
117.193.100.175 - - [20/Mar/2012:19:06:22 -0700] "-" 400 0 "-" "-"
117.193.100.175 - - [20/Mar/2012:19:06:22 -0700] "-" 400 0 "-" "-"
65.52.110.16 - - [20/Mar/2012:19:06:45 -0700] "GET /robots.txt HTTP/1.1" 404 169 "-" "Mozilla/5.0 (compatible; bingbot/2.0; +http://www.bing.com/bingbot.htm)"
69.171.228.247 - - [20/Mar/2012:19:07:03 -0700] "GET /r/fmf HTTP/1.1" 301 255 "-" "facebookexternalhit/1.1 (+http://www.facebook.com/externalhit_uatext.php)"
69.171.228.244 - - [20/Mar/2012:19:07:03 -0700] "GET /s/ta/fmf/ HTTP/1.1" 302 349 "-" "facebookexternalhit/1.1 (+http://www.facebook.com/externalhit_uatext.php)"
85.17.88.169 - - [20/Mar/2012:19:08:54 -0700] "POST /blog/wp-cron.php?doing_wp_cron=1332295575 HTTP/1.0" 499 0 "-" "WordPress/3.3.1; http://yuvi.in/blog"
180.76.5.99 - - [20/Mar/2012:19:08:55 -0700] "GET /blog/abigger-binary-heart/feed/ HTTP/1.1" 200 751 "-" "Mozilla/5.0 (compatible; Baiduspider/2.0; +http://www.baidu.com/search/spider.html)"
117.193.109.132 - - [20/Mar/2012:19:09:01 -0700] "-" 400 0 "-" "-"
85.17.88.169 - - [20/Mar/2012:19:10:11 -0700] "POST /blog/wp-cron.php?doing_wp_cron=1332295653 HTTP/1.0" 499 0 "-" "WordPress/3.3.1; http://yuvi.in/blog"
209.85.224.93 - - [20/Mar/2012:19:10:12 -0700] "GET /blog/feed HTTP/1.1" 304 0 "-" "FeedBurner/1.0 (http://www.FeedBurner.com)"
85.17.88.169 - - [20/Mar/2012:19:13:22 -0700] "POST /blog/wp-cron.php?doing_wp_cron=1332295844 HTTP/1.0" 499 0 "-" "WordPress/3.3.1; http://yuvi.in/blog"
128.208.6.75 - - [20/Mar/2012:19:13:22 -0700] "GET /blog/tag/flipkart/ HTTP/1.0" 200 4392 "-" "Mozilla/5.0/heritrix/3.1.0 (compatible;; http://vancouver.cs.washington.edu:8080/)"
85.17.88.169 - - [20/Mar/2012:19:15:37 -0700] "POST /blog/wp-cron.php?doing_wp_cron=1332295979 HTTP/1.0" 499 0 "-" "WordPress/3.3.1; http://yuvi.in/blog"
65.52.109.146 - - [20/Mar/2012:19:15:38 -0700] "GET /blog/devlog-mar-2011/ HTTP/1.1" 200 5205 "-" "Mozilla/5.0 (compatible; bingbot/2.0; +http://www.bing.com/bingbot.htm)"
115.242.134.56 - - [20/Mar/2012:19:16:08 -0700] "-" 400 0 "-" "-"
115.242.134.56 - - [20/Mar/2012:19:16:08 -0700] "-" 400 0 "-" "-"
115.242.134.56 - - [20/Mar/2012:19:16:08 -0700] "-" 400 0 "-" "-"
115.242.134.56 - - [20/Mar/2012:19:16:28 -0700] "-" 400 0 "-" "-"
115.242.134.56 - - [20/Mar/2012:19:17:08 -0700] "-" 400 0 "-" "-"
75.131.206.131 - - [20/Mar/2012:19:17:33 -0700] "GET / HTTP/1.1" 200 1430 "-" "Reeder/1.5.5 CFNetwork/548.1.4 Darwin/11.0.0"
75.131.206.131 - - [20/Mar/2012:19:17:33 -0700] "GET /favicon.ico HTTP/1.1" 404 142 "-" "Reeder/1.5.5 CFNetwork/548.1.4 Darwin/11.0.0"
75.131.206.131 - - [20/Mar/2012:19:17:33 -0700] "GET /apple-touch-icon.png HTTP/1.1" 404 142 "-" "Reeder/1.5.5 CFNetwork/548.1.4 Darwin/11.0.0"
75.131.206.131 - - [20/Mar/2012:19:17:33 -0700] "GET /apple-touch-icon-precomposed.png HTTP/1.1" 404 142 "-" "Reeder/1.5.5 CFNetwork/548.1.4 Darwin/11.0.0"
115.242.134.56 - - [20/Mar/2012:19:17:58 -0700] "-" 400 0 "-" "-"
115.242.134.56 - - [20/Mar/2012:19:17:58 -0700] "-" 400 0 "-" "-"
115.242.134.56 - - [20/Mar/2012:19:17:58 -0700] "-" 400 0 "-" "-"
207.46.204.165 - - [20/Mar/2012:19:19:14 -0700] "-" 400 0 "-" "-"
207.46.204.165 - - [20/Mar/2012:19:19:15 -0700] "-" 400 0 "-" "-"
207.46.204.165 - - [20/Mar/2012:19:19:15 -0700] "-" 400 0 "-" "-"
207.46.204.165 - - [20/Mar/2012:19:19:15 -0700] "-" 400 0 "-" "-"
207.46.204.165 - - [20/Mar/2012:19:19:15 -0700] "-" 400 0 "-" "-"
207.46.204.165 - - [20/Mar/2012:19:19:16 -0700] "-" 400 0 "-" "-"
207.46.204.165 - - [20/Mar/2012:19:19:16 -0700] "-" 400 0 "-" "-"
207.46.204.165 - - [20/Mar/2012:19:19:16 -0700] "-" 400 0 "-" "-"
207.46.204.165 - - [20/Mar/2012:19:19:16 -0700] "-" 400 0 "-" "-"
207.46.204.165 - - [20/Mar/2012:19:19:17 -0700] "-" 400 0 "-" "-"
69.171.229.245 - - [20/Mar/2012:19:20:48 -0700] "GET /r/3g7 HTTP/1.1" 301 255 "-" "facebookexternalhit/1.1 (+http://www.facebook.com/externalhit_uatext.php)"
69.171.229.250 - - [20/Mar/2012:19:20:48 -0700] "GET /s/ta/3g7/ HTTP/1.1" 302 465 "-" "facebookexternalhit/1.1 (+http://www.facebook.com/externalhit_uatext.php)"
122.172.6.112 - - [20/Mar/2012:19:22:48 -0700] "GET / HTTP/1.1" 200 1430 "-" "Reeder/1.5.5 CFNetwork/548.1.4 Darwin/11.0.0"
122.172.6.112 - - [20/Mar/2012:19:22:48 -0700] "GET /favicon.ico HTTP/1.1" 404 142 "-" "Reeder/1.5.5 CFNetwork/548.1.4 Darwin/11.0.0"
122.172.6.112 - - [20/Mar/2012:19:22:49 -0700] "GET /apple-touch-icon.png HTTP/1.1" 404 142 "-" "Reeder/1.5.5 CFNetwork/548.1.4 Darwin/11.0.0"
122.172.6.112 - - [20/Mar/2012:19:22:49 -0700] "GET /apple-touch-icon-precomposed.png HTTP/1.1" 404 142 "-" "Reeder/1.5.5 CFNetwork/548.1.4 Darwin/11.0.0"
75.131.206.131 - - [20/Mar/2012:19:23:16 -0700] "GET / HTTP/1.1" 200 1430 "-" "Reeder/1.5.5 CFNetwork/548.1.4 Darwin/11.0.0"
75.131.206.131 - - [20/Mar/2012:19:23:16 -0700] "GET /favicon.ico HTTP/1.1" 404 142 "-" "Reeder/1.5.5 CFNetwork/548.1.4 Darwin/11.0.0"
75.131.206.131 - - [20/Mar/2012:19:23:16 -0700] "GET /apple-touch-icon.png HTTP/1.1" 404 142 "-" "Reeder/1.5.5 CFNetwork/548.1.4 Darwin/11.0.0"
75.131.206.131 - - [20/Mar/2012:19:23:16 -0700] "GET /apple-touch-icon-precomposed.png HTTP/1.1" 404 142 "-" "Reeder/1.5.5 CFNetwork/548.1.4 Darwin/11.0.0"
209.85.224.96 - - [20/Mar/2012:19:23:32 -0700] "GET /stories/feed HTTP/1.1" 200 13653 "-" "FeedBurner/1.0 (http://www.FeedBurner.com)"
122.174.101.142 - - [20/Mar/2012:19:25:42 -0700] "-" 400 0 "-" "-"
69.171.234.3 - - [20/Mar/2012:19:26:28 -0700] "GET /r/1x7m HTTP/1.1" 301 257 "-" "facebookexternalhit/1.1 (+http://www.facebook.com/externalhit_uatext.php)"
69.171.234.6 - - [20/Mar/2012:19:26:28 -0700] "GET /s/ta/1x7m/ HTTP/1.1" 302 513 "-" "facebookexternalhit/1.1 (+http://www.facebook.com/externalhit_uatext.php)"
69.171.229.246 - - [20/Mar/2012:19:26:54 -0700] "GET /r/2x9l HTTP/1.1" 301 257 "-" "facebookexternalhit/1.1 (+http://www.facebook.com/externalhit_uatext.php)"
69.171.229.245 - - [20/Mar/2012:19:26:54 -0700] "GET /s/ta/2x9l/ HTTP/1.1" 302 583 "-" "facebookexternalhit/1.1 (+http://www.facebook.com/externalhit_uatext.php)"
128.146.172.238 - - [20/Mar/2012:19:30:55 -0700] "GET /favicon.ico HTTP/1.1" 404 142 "http://prashanth-kamle.blogspot.com/2009/03/viterbi-algorithm-for-second-order.html" "Mozilla/5.0 (X11; U; Linux i686; en-US; rv:1.9.0.19) Gecko/2011081514 Iceweasel/3.0.6 (Debian-3.0.6-3)"
65.52.109.152 - - [20/Mar/2012:19:32:09 -0700] "GET /robots.txt HTTP/1.1" 404 169 "-" "Mozilla/5.0 (compatible; bingbot/2.0; +http://www.bing.com/bingbot.htm)"
14.99.188.35 - - [20/Mar/2012:19:34:11 -0700] "-" 400 0 "-" "-"
92.251.193.80 - - [20/Mar/2012:19:35:28 -0700] "GET /POSM/ HTTP/1.1" 304 0 "-" "Mozilla/5.0 (iPad; CPU OS 5_1 like Mac OS X) AppleWebKit/534.46 (KHTML, like Gecko) Version/5.1 Mobile/9B176 Safari/7534.48.3"
92.251.193.80 - - [20/Mar/2012:19:35:29 -0700] "GET /POSM/creds.js HTTP/1.1" 304 0 "http://yuvi.in/POSM/" "Mozilla/5.0 (iPad; CPU OS 5_1 like Mac OS X) AppleWebKit/534.46 (KHTML, like Gecko) Version/5.1 Mobile/9B176 Safari/7534.48.3"
92.251.193.80 - - [20/Mar/2012:19:35:29 -0700] "GET /POSM/style.css HTTP/1.1" 200 1349 "http://yuvi.in/POSM/" "Mozilla/5.0 (iPad; CPU OS 5_1 like Mac OS X) AppleWebKit/534.46 (KHTML, like Gecko) Version/5.1 Mobile/9B176 Safari/7534.48.3"
92.251.193.80 - - [20/Mar/2012:19:35:29 -0700] "GET /POSM/lib/leaflet/leaflet.css HTTP/1.1" 200 6437 "http://yuvi.in/POSM/" "Mozilla/5.0 (iPad; CPU OS 5_1 like Mac OS X) AppleWebKit/534.46 (KHTML, like Gecko) Version/5.1 Mobile/9B176 Safari/7534.48.3"
92.251.193.80 - - [20/Mar/2012:19:35:29 -0700] "GET /POSM/lib/jquery.timeago.js HTTP/1.1" 200 4491 "http://yuvi.in/POSM/" "Mozilla/5.0 (iPad; CPU OS 5_1 like Mac OS X) AppleWebKit/534.46 (KHTML, like Gecko) Version/5.1 Mobile/9B176 Safari/7534.48.3"
92.251.193.80 - - [20/Mar/2012:19:35:29 -0700] "GET /POSM/lib/templates.js HTTP/1.1" 200 426 "http://yuvi.in/POSM/" "Mozilla/5.0 (iPad; CPU OS 5_1 like Mac OS X) AppleWebKit/534.46 (KHTML, like Gecko) Version/5.1 Mobile/9B176 Safari/7534.48.3"
92.251.193.80 - - [20/Mar/2012:19:35:29 -0700] "GET /POSM/js/tapbar.js HTTP/1.1" 200 881 "http://yuvi.in/POSM/" "Mozilla/5.0 (iPad; CPU OS 5_1 like Mac OS X) AppleWebKit/534.46 (KHTML, like Gecko) Version/5.1 Mobile/9B176 Safari/7534.48.3"
92.251.193.80 - - [20/Mar/2012:19:35:30 -0700] "GET /POSM/lib/jquery.mobile.structure-1.0.1.css HTTP/1.1" 200 32452 "http://yuvi.in/POSM/" "Mozilla/5.0 (iPad; CPU OS 5_1 like Mac OS X) AppleWebKit/534.46 (KHTML, like Gecko) Version/5.1 Mobile/9B176 Safari/7534.48.3"
92.251.193.80 - - [20/Mar/2012:19:35:30 -0700] "GET /POSM/js/poi.js HTTP/1.1" 200 2031 "http://yuvi.in/POSM/" "Mozilla/5.0 (iPad; CPU OS 5_1 like Mac OS X) AppleWebKit/534.46 (KHTML, like Gecko) Version/5.1 Mobile/9B176 Safari/7534.48.3"
92.251.193.80 - - [20/Mar/2012:19:35:30 -0700] "GET /POSM/js/curpos.js HTTP/1.1" 200 1793 "http://yuvi.in/POSM/" "Mozilla/5.0 (iPad; CPU OS 5_1 like Mac OS X) AppleWebKit/534.46 (KHTML, like Gecko) Version/5.1 Mobile/9B176 Safari/7534.48.3"
92.251.193.80 - - [20/Mar/2012:19:35:30 -0700] "GET /POSM/lib/jquery.mobile-1.0.1.css HTTP/1.1" 200 83437 "http://yuvi.in/POSM/" "Mozilla/5.0 (iPad; CPU OS 5_1 like Mac OS X) AppleWebKit/534.46 (KHTML, like Gecko) Version/5.1 Mobile/9B176 Safari/7534.48.3"
92.251.193.80 - - [20/Mar/2012:19:35:30 -0700] "GET /POSM/lib/TileLayer.Bing.js HTTP/1.1" 200 5317 "http://yuvi.in/POSM/" "Mozilla/5.0 (iPad; CPU OS 5_1 like Mac OS X) AppleWebKit/534.46 (KHTML, like Gecko) Version/5.1 Mobile/9B176 Safari/7534.48.3"
92.251.193.80 - - [20/Mar/2012:19:35:31 -0700] "GET /POSM/js/changesets.js HTTP/1.1" 200 1226 "http://yuvi.in/POSM/" "Mozilla/5.0 (iPad; CPU OS 5_1 like Mac OS X) AppleWebKit/534.46 (KHTML, like Gecko) Version/5.1 Mobile/9B176 Safari/7534.48.3"
92.251.193.80 - - [20/Mar/2012:19:35:31 -0700] "GET /POSM/zoomData.js HTTP/1.1" 200 1573 "http://yuvi.in/POSM/" "Mozilla/5.0 (iPad; CPU OS 5_1 like Mac OS X) AppleWebKit/534.46 (KHTML, like Gecko) Version/5.1 Mobile/9B176 Safari/7534.48.3"
92.251.193.80 - - [20/Mar/2012:19:35:31 -0700] "GET /POSM/lib/underscore.js HTTP/1.1" 200 35168 "http://yuvi.in/POSM/" "Mozilla/5.0 (iPad; CPU OS 5_1 like Mac OS X) AppleWebKit/534.46 (KHTML, like Gecko) Version/5.1 Mobile/9B176 Safari/7534.48.3"
92.251.193.80 - - [20/Mar/2012:19:35:31 -0700] "GET /POSM/js/main.js HTTP/1.1" 200 9616 "http://yuvi.in/POSM/" "Mozilla/5.0 (iPad; CPU OS 5_1 like Mac OS X) AppleWebKit/534.46 (KHTML, like Gecko) Version/5.1 Mobile/9B176 Safari/7534.48.3"
92.251.193.80 - - [20/Mar/2012:19:35:31 -0700] "GET /POSM/js/poimanager.js HTTP/1.1" 200 9309 "http://yuvi.in/POSM/" "Mozilla/5.0 (iPad; CPU OS 5_1 like Mac OS X) AppleWebKit/534.46 (KHTML, like Gecko) Version/5.1 Mobile/9B176 Safari/7534.48.3"
92.251.193.80 - - [20/Mar/2012:19:35:32 -0700] "GET /POSM/lib/jquery-1.7.1.min.js HTTP/1.1" 200 93868 "http://yuvi.in/POSM/" "Mozilla/5.0 (iPad; CPU OS 5_1 like Mac OS X) AppleWebKit/534.46 (KHTML, like Gecko) Version/5.1 Mobile/9B176 Safari/7534.48.3"
92.251.193.80 - - [20/Mar/2012:19:35:32 -0700] "GET /POSM/img/mylocation.png HTTP/1.1" 200 803 "http://yuvi.in/POSM/" "Mozilla/5.0 (iPad; CPU OS 5_1 like Mac OS X) AppleWebKit/534.46 (KHTML, like Gecko) Version/5.1 Mobile/9B176 Safari/7534.48.3"
92.251.193.80 - - [20/Mar/2012:19:35:32 -0700] "GET /POSM/img/mapmode.png HTTP/1.1" 200 1168 "http://yuvi.in/POSM/" "Mozilla/5.0 (iPad; CPU OS 5_1 like Mac OS X) AppleWebKit/534.46 (KHTML, like Gecko) Version/5.1 Mobile/9B176 Safari/7534.48.3"
92.251.193.80 - - [20/Mar/2012:19:35:32 -0700] "GET /POSM/img/save.png HTTP/1.1" 404 142 "http://yuvi.in/POSM/" "Mozilla/5.0 (iPad; CPU OS 5_1 like Mac OS X) AppleWebKit/534.46 (KHTML, like Gecko) Version/5.1 Mobile/9B176 Safari/7534.48.3"
92.251.193.80 - - [20/Mar/2012:19:35:32 -0700] "GET /POSM/img/back.png HTTP/1.1" 200 420 "http://yuvi.in/POSM/" "Mozilla/5.0 (iPad; CPU OS 5_1 like Mac OS X) AppleWebKit/534.46 (KHTML, like Gecko) Version/5.1 Mobile/9B176 Safari/7534.48.3"
92.251.193.80 - - [20/Mar/2012:19:35:33 -0700] "GET /POSM/lib/jquery.mobile-1.0.1.js HTTP/1.1" 200 221124 "http://yuvi.in/POSM/" "Mozilla/5.0 (iPad; CPU OS 5_1 like Mac OS X) AppleWebKit/534.46 (KHTML, like Gecko) Version/5.1 Mobile/9B176 Safari/7534.48.3"
92.251.193.80 - - [20/Mar/2012:19:35:33 -0700] "GET /POSM/lib/leaflet/leaflet-src.js HTTP/1.1" 200 133300 "http://yuvi.in/POSM/" "Mozilla/5.0 (iPad; CPU OS 5_1 like Mac OS X) AppleWebKit/534.46 (KHTML, like Gecko) Version/5.1 Mobile/9B176 Safari/7534.48.3"
92.251.193.80 - - [20/Mar/2012:19:35:34 -0700] "GET /POSM/img/save.png HTTP/1.1" 404 142 "http://yuvi.in/POSM/" "Mozilla/5.0 (iPad; CPU OS 5_1 like Mac OS X) AppleWebKit/534.46 (KHTML, like Gecko) Version/5.1 Mobile/9B176 Safari/7534.48.3"
92.251.193.80 - - [20/Mar/2012:19:35:35 -0700] "GET /POSM/lib/images/ajax-loader.png HTTP/1.1" 200 366 "http://yuvi.in/POSM/" "Mozilla/5.0 (iPad; CPU OS 5_1 like Mac OS X) AppleWebKit/534.46 (KHTML, like Gecko) Version/5.1 Mobile/9B176 Safari/7534.48.3"
92.251.193.80 - - [20/Mar/2012:19:35:39 -0700] "GET /POSM/img/curpos.png HTTP/1.1" 200 1205 "http://yuvi.in/POSM/" "Mozilla/5.0 (iPad; CPU OS 5_1 like Mac OS X) AppleWebKit/534.46 (KHTML, like Gecko) Version/5.1 Mobile/9B176 Safari/7534.48.3"
92.251.193.80 - - [20/Mar/2012:19:35:42 -0700] "GET /overpass?data=%0A++++%0A++++++++node(53.39243040574558%2C+-6.379784345626831%2C+53.39339008544973%2C+-6.374291181564331)%3B%0A++++%0A++++out+meta%3B%0A HTTP/1.1" 200 34672 "http://yuvi.in/POSM/" "Mozilla/5.0 (iPad; CPU OS 5_1 like Mac OS X) AppleWebKit/534.46 (KHTML, like Gecko) Version/5.1 Mobile/9B176 Safari/7534.48.3"
92.251.193.80 - - [20/Mar/2012:19:35:42 -0700] "GET /overpass?data=%0A++++%0A++++++++node(53.39243040574558%2C+-6.379784345626831%2C+53.39339008544973%2C+-6.374291181564331)%3B%0A++++%0A++++out+meta%3B%0A HTTP/1.1" 200 34656 "http://yuvi.in/POSM/" "Mozilla/5.0 (iPad; CPU OS 5_1 like Mac OS X) AppleWebKit/534.46 (KHTML, like Gecko) Version/5.1 Mobile/9B176 Safari/7534.48.3"
69.171.224.249 - - [20/Mar/2012:19:36:29 -0700] "GET /r/1f1c HTTP/1.1" 301 257 "-" "facebookexternalhit/1.1 (+http://www.facebook.com/externalhit_uatext.php)"
69.171.224.250 - - [20/Mar/2012:19:36:29 -0700] "GET /s/ta/1f1c/ HTTP/1.1" 302 389 "-" "facebookexternalhit/1.1 (+http://www.facebook.com/externalhit_uatext.php)"
69.171.229.247 - - [20/Mar/2012:19:37:23 -0700] "GET /r/2x9l HTTP/1.1" 301 257 "-" "facebookexternalhit/1.1 (+http://www.facebook.com/externalhit_uatext.php)"
69.171.229.251 - - [20/Mar/2012:19:37:23 -0700] "GET /s/ta/2x9l/ HTTP/1.1" 302 583 "-" "facebookexternalhit/1.1 (+http://www.facebook.com/externalhit_uatext.php)"
69.171.229.244 - - [20/Mar/2012:19:37:26 -0700] "GET /r/2bzj HTTP/1.1" 301 257 "-" "facebookexternalhit/1.1 (+http://www.facebook.com/externalhit_uatext.php)"
69.171.229.247 - - [20/Mar/2012:19:37:26 -0700] "GET /s/ta/2bzj/ HTTP/1.1" 302 577 "-" "facebookexternalhit/1.1 (+http://www.facebook.com/externalhit_uatext.php)"
69.171.229.250 - - [20/Mar/2012:19:37:28 -0700] "GET /r/13jy HTTP/1.1" 301 257 "-" "facebookexternalhit/1.1 (+http://www.facebook.com/externalhit_uatext.php)"
69.171.229.246 - - [20/Mar/2012:19:37:28 -0700] "GET /s/ta/13jy/ HTTP/1.1" 302 361 "-" "facebookexternalhit/1.1 (+http://www.facebook.com/externalhit_uatext.php)"
85.17.88.169 - - [20/Mar/2012:19:38:12 -0700] "POST /blog/wp-cron.php?doing_wp_cron=1332297333 HTTP/1.0" 499 0 "-" "WordPress/3.3.1; http://yuvi.in/blog"
65.52.109.152 - - [20/Mar/2012:19:38:12 -0700] "GET /blog/programmer-run-code-head/trackback/ HTTP/1.1" 302 0 "-" "Mozilla/5.0 (compatible; bingbot/2.0; +http://www.bing.com/bingbot.htm)"
85.17.88.169 - - [20/Mar/2012:19:40:17 -0700] "POST /blog/wp-cron.php?doing_wp_cron=1332297459 HTTP/1.0" 499 0 "-" "WordPress/3.3.1; http://yuvi.in/blog"
209.85.224.88 - - [20/Mar/2012:19:40:18 -0700] "GET /blog/feed HTTP/1.1" 304 0 "-" "FeedBurner/1.0 (http://www.FeedBurner.com)"
141.0.9.217 - - [20/Mar/2012:19:41:52 -0700] "-" 400 0 "-" "-"
117.193.111.124 - - [20/Mar/2012:19:42:22 -0700] "-" 400 0 "-" "-"
180.76.5.188 - - [20/Mar/2012:19:43:14 -0700] "GET / HTTP/1.1" 200 3439 "-" "Mozilla/5.0 (compatible; Baiduspider/2.0; +http://www.baidu.com/search/spider.html)"
74.125.126.84 - - [20/Mar/2012:19:43:48 -0700] "GET /favicon.ico HTTP/1.1" 404 142 "-" "-"
67.215.230.28 - - [20/Mar/2012:19:44:14 -0700] "GET /robots.txt HTTP/1.0" 404 169 "-" "Setooz/Nutch-1.2 (http://www.setooz.com)"
67.215.230.28 - - [20/Mar/2012:19:44:14 -0700] "GET /stories HTTP/1.0" 301 185 "-" "Setooz/Nutch-1.2 (http://www.setooz.com)"
67.215.230.26 - - [20/Mar/2012:19:44:43 -0700] "GET /robots.txt HTTP/1.0" 404 169 "-" "Setooz/Nutch-1.2 (http://www.setooz.com)"
67.215.230.26 - - [20/Mar/2012:19:44:43 -0700] "GET / HTTP/1.0" 200 3439 "-" "Setooz/Nutch-1.2 (http://www.setooz.com)"
207.46.13.99 - - [20/Mar/2012:19:45:11 -0700] "GET /robots.txt HTTP/1.1" 404 169 "-" "Mozilla/5.0 (compatible; bingbot/2.0; +http://www.bing.com/bingbot.htm)"
141.0.10.115 - - [20/Mar/2012:19:45:19 -0700] "-" 400 0 "-" "-"
122.164.178.93 - - [20/Mar/2012:19:45:31 -0700] "-" 400 0 "-" "-"
122.164.178.93 - - [20/Mar/2012:19:45:31 -0700] "-" 400 0 "-" "-"
122.164.178.93 - - [20/Mar/2012:19:45:31 -0700] "-" 400 0 "-" "-"
122.164.178.93 - - [20/Mar/2012:19:45:31 -0700] "-" 400 0 "-" "-"
85.17.88.169 - - [20/Mar/2012:19:45:32 -0700] "POST /blog/wp-cron.php?doing_wp_cron=1332297773 HTTP/1.0" 499 0 "-" "WordPress/3.3.1; http://yuvi.in/blog"
207.46.13.99 - - [20/Mar/2012:19:45:32 -0700] "GET /blog/devlog-december-11-2011/feed/ HTTP/1.1" 200 761 "-" "Mozilla/5.0 (compatible; bingbot/2.0; +http://www.bing.com/bingbot.htm)"
69.171.229.251 - - [20/Mar/2012:19:47:38 -0700] "GET /r/3hg HTTP/1.1" 301 255 "-" "facebookexternalhit/1.1 (+http://www.facebook.com/externalhit_uatext.php)"
69.171.229.248 - - [20/Mar/2012:19:47:39 -0700] "GET /s/ta/3hg/ HTTP/1.1" 302 497 "-" "facebookexternalhit/1.1 (+http://www.facebook.com/externalhit_uatext.php)"
14.99.243.220 - - [20/Mar/2012:19:48:02 -0700] "-" 400 0 "-" "-"
14.99.243.220 - - [20/Mar/2012:19:48:02 -0700] "-" 400 0 "-" "-"
77.125.112.73 - - [20/Mar/2012:19:48:45 -0700] "GET /blog/gsoc-2010-proposal.html HTTP/1.0" 200 13699 "http://yuvi.in/blog/gsoc-2010-proposal.html" "Mozilla/4.0 (compatible; MSIE 5.5; Windows NT 5.0; T312461)"
14.99.243.220 - - [20/Mar/2012:19:49:22 -0700] "-" 400 0 "-" "-"
69.171.234.0 - - [20/Mar/2012:19:50:58 -0700] "GET /r/fmf HTTP/1.1" 301 255 "-" "facebookexternalhit/1.1 (+http://www.facebook.com/externalhit_uatext.php)"
69.171.234.2 - - [20/Mar/2012:19:50:58 -0700] "GET /s/ta/fmf/ HTTP/1.1" 302 349 "-" "facebookexternalhit/1.1 (+http://www.facebook.com/externalhit_uatext.php)"
85.17.88.169 - - [20/Mar/2012:19:51:38 -0700] "POST /blog/wp-cron.php?doing_wp_cron=1332298140 HTTP/1.0" 499 0 "-" "WordPress/3.3.1; http://yuvi.in/blog"
209.85.238.115 - - [20/Mar/2012:19:51:39 -0700] "GET /blog/feed HTTP/1.1" 301 0 "-" "Feedfetcher-Google; (+http://www.google.com/feedfetcher.html; 3 subscribers; feed-id=17684830852112633560)"
85.17.88.169 - - [20/Mar/2012:19:51:41 -0700] "POST /blog/wp-cron.php?doing_wp_cron=1332298142 HTTP/1.0" 499 0 "-" "WordPress/3.3.1; http://yuvi.in/blog"
209.85.238.115 - - [20/Mar/2012:19:51:41 -0700] "GET /blog/feed/ HTTP/1.1" 304 0 "-" "Feedfetcher-Google; (+http://www.google.com/feedfetcher.html; 3 subscribers; feed-id=17684830852112633560)"
122.164.38.223 - - [20/Mar/2012:19:52:15 -0700] "-" 400 0 "-" "-"
85.17.88.169 - - [20/Mar/2012:19:52:19 -0700] "POST /blog/wp-cron.php?doing_wp_cron=1332298181 HTTP/1.0" 499 0 "-" "WordPress/3.3.1; http://yuvi.in/blog"
209.85.238.115 - - [20/Mar/2012:19:52:20 -0700] "GET /blog/feed/ HTTP/1.1" 304 0 "-" "Feedfetcher-Google; (+http://www.google.com/feedfetcher.html; 19 subscribers; feed-id=15064232456473204253)"
14.99.243.220 - - [20/Mar/2012:19:54:12 -0700] "-" 400 0 "-" "-"
85.17.88.169 - - [20/Mar/2012:19:54:36 -0700] "POST /blog/wp-cron.php?doing_wp_cron=1332298317 HTTP/1.0" 499 0 "-" "WordPress/3.3.1; http://yuvi.in/blog"
128.208.6.75 - - [20/Mar/2012:19:54:36 -0700] "GET /blog/index.html HTTP/1.0" 404 12272 "-" "Mozilla/5.0/heritrix/3.1.0 (compatible;; http://vancouver.cs.washington.edu:8080/)"
141.0.10.115 - - [20/Mar/2012:19:54:57 -0700] "-" 400 0 "-" "-"
14.99.243.220 - - [20/Mar/2012:19:55:02 -0700] "-" 400 0 "-" "-"
14.99.243.220 - - [20/Mar/2012:19:56:02 -0700] "-" 400 0 "-" "-"
85.17.88.169 - - [20/Mar/2012:19:57:59 -0700] "POST /blog/wp-cron.php?doing_wp_cron=1332298520 HTTP/1.0" 499 0 "-" "WordPress/3.3.1; http://yuvi.in/blog"
128.208.6.75 - - [20/Mar/2012:19:57:59 -0700] "GET /blog/2012/01/ HTTP/1.0" 200 5957 "-" "Mozilla/5.0/heritrix/3.1.0 (compatible;; http://vancouver.cs.washington.edu:8080/)"
157.55.112.202 - - [20/Mar/2012:19:59:45 -0700] "-" 400 0 "-" "-"
157.55.112.202 - - [20/Mar/2012:19:59:46 -0700] "-" 400 0 "-" "-"
157.55.112.202 - - [20/Mar/2012:19:59:46 -0700] "-" 400 0 "-" "-"
157.55.112.202 - - [20/Mar/2012:19:59:46 -0700] "-" 400 0 "-" "-"
157.55.112.202 - - [20/Mar/2012:19:59:46 -0700] "-" 400 0 "-" "-"
157.55.112.202 - - [20/Mar/2012:19:59:46 -0700] "-" 400 0 "-" "-"
157.55.112.202 - - [20/Mar/2012:19:59:46 -0700] "-" 400 0 "-" "-"
157.55.112.202 - - [20/Mar/2012:19:59:46 -0700] "-" 400 0 "-" "-"
157.55.112.202 - - [20/Mar/2012:19:59:46 -0700] "-" 400 0 "-" "-"
157.55.112.202 - - [20/Mar/2012:19:59:46 -0700] "-" 400 0 "-" "-"
157.55.112.202 - - [20/Mar/2012:20:00:21 -0700] "-" 400 0 "-" "-"
117.193.154.109 - - [20/Mar/2012:20:00:24 -0700] "-" 400 0 "-" "-"
223.234.50.223 - - [20/Mar/2012:20:02:25 -0700] "-" 400 0 "-" "-"
223.234.50.223 - - [20/Mar/2012:20:02:25 -0700] "-" 400 0 "-" "-"
85.17.88.169 - - [20/Mar/2012:20:02:32 -0700] "POST /blog/wp-cron.php?doing_wp_cron=1332298793 HTTP/1.0" 499 0 "-" "WordPress/3.3.1; http://yuvi.in/blog"
208.115.111.68 - - [20/Mar/2012:20:02:32 -0700] "GET /blog/greatest-fear-flash-fade/feed/ HTTP/1.1" 200 1220 "-" "Mozilla/5.0 (compatible; Ezooms/1.0; ezooms.bot@gmail.com)"
85.17.88.169 - - [20/Mar/2012:20:02:42 -0700] "POST /blog/wp-cron.php?doing_wp_cron=1332298803 HTTP/1.0" 499 0 "-" "WordPress/3.3.1; http://yuvi.in/blog"
208.115.111.68 - - [20/Mar/2012:20:02:42 -0700] "GET /blog/reddit-university-sicp-reading-group/ HTTP/1.1" 200 16634 "-" "Mozilla/5.0 (compatible; Ezooms/1.0; ezooms.bot@gmail.com)"
85.17.88.169 - - [20/Mar/2012:20:02:52 -0700] "POST /blog/wp-cron.php?doing_wp_cron=1332298814 HTTP/1.0" 499 0 "-" "WordPress/3.3.1; http://yuvi.in/blog"
208.115.111.68 - - [20/Mar/2012:20:02:53 -0700] "GET /blog/tag/note-to-future-self/feed/ HTTP/1.1" 200 2840 "-" "Mozilla/5.0 (compatible; Ezooms/1.0; ezooms.bot@gmail.com)"
85.17.88.169 - - [20/Mar/2012:20:03:03 -0700] "POST /blog/wp-cron.php?doing_wp_cron=1332298825 HTTP/1.0" 499 0 "-" "WordPress/3.3.1; http://yuvi.in/blog"
208.115.111.68 - - [20/Mar/2012:20:03:04 -0700] "GET /blog/2010/05/06/ HTTP/1.1" 200 18620 "-" "Mozilla/5.0 (compatible; Ezooms/1.0; ezooms.bot@gmail.com)"
75.131.206.131 - - [20/Mar/2012:20:03:16 -0700] "GET / HTTP/1.1" 200 1430 "-" "Reeder/1.5.5 CFNetwork/548.1.4 Darwin/11.0.0"
75.131.206.131 - - [20/Mar/2012:20:03:16 -0700] "GET /favicon.ico HTTP/1.1" 404 142 "-" "Reeder/1.5.5 CFNetwork/548.1.4 Darwin/11.0.0"
75.131.206.131 - - [20/Mar/2012:20:03:16 -0700] "GET /apple-touch-icon.png HTTP/1.1" 404 142 "-" "Reeder/1.5.5 CFNetwork/548.1.4 Darwin/11.0.0"
75.131.206.131 - - [20/Mar/2012:20:03:17 -0700] "GET /apple-touch-icon-precomposed.png HTTP/1.1" 404 142 "-" "Reeder/1.5.5 CFNetwork/548.1.4 Darwin/11.0.0"
207.46.12.70 - - [20/Mar/2012:20:04:14 -0700] "-" 400 0 "-" "-"
207.46.12.70 - - [20/Mar/2012:20:04:16 -0700] "-" 400 0 "-" "-"
207.46.12.70 - - [20/Mar/2012:20:04:16 -0700] "-" 400 0 "-" "-"
85.17.88.169 - - [20/Mar/2012:20:04:16 -0700] "POST /blog/wp-cron.php?doing_wp_cron=1332298897 HTTP/1.0" 499 0 "-" "WordPress/3.3.1; http://yuvi.in/blog"
207.46.12.70 - - [20/Mar/2012:20:04:16 -0700] "-" 400 0 "-" "-"
207.46.12.70 - - [20/Mar/2012:20:04:16 -0700] "-" 400 0 "-" "-"
180.76.5.92 - - [20/Mar/2012:20:04:17 -0700] "GET /blog/?p=144 HTTP/1.1" 301 0 "-" "Mozilla/5.0 (compatible; Baiduspider/2.0; +http://www.baidu.com/search/spider.html)"
207.46.12.70 - - [20/Mar/2012:20:04:18 -0700] "-" 400 0 "-" "-"
207.46.12.70 - - [20/Mar/2012:20:04:18 -0700] "-" 400 0 "-" "-"
207.46.12.70 - - [20/Mar/2012:20:04:18 -0700] "-" 400 0 "-" "-"
207.46.12.70 - - [20/Mar/2012:20:04:18 -0700] "-" 400 0 "-" "-"
207.46.12.70 - - [20/Mar/2012:20:04:19 -0700] "-" 400 0 "-" "-"
85.17.88.169 - - [20/Mar/2012:20:04:19 -0700] "POST /blog/wp-cron.php?doing_wp_cron=1332298900 HTTP/1.0" 499 0 "-" "WordPress/3.3.1; http://yuvi.in/blog"
180.76.5.190 - - [20/Mar/2012:20:04:19 -0700] "GET /blog/note-present-future-self-pre-book-travel-tickets/ HTTP/1.1" 200 5527 "-" "Mozilla/5.0 (compatible; Baiduspider/2.0; +http://www.baidu.com/search/spider.html)"
207.46.12.70 - - [20/Mar/2012:20:04:56 -0700] "-" 400 0 "-" "-"
117.193.231.81 - - [20/Mar/2012:20:06:35 -0700] "-" 400 0 "-" "-"
74.125.158.83 - - [20/Mar/2012:20:06:54 -0700] "GET /favicon.ico HTTP/1.1" 404 142 "-" "-"
101.212.169.1 - - [20/Mar/2012:20:07:13 -0700] "-" 400 0 "-" "-"
69.171.242.249 - - [20/Mar/2012:20:07:38 -0700] "GET /r/252 HTTP/1.1" 301 255 "-" "facebookexternalhit/1.1 (+http://www.facebook.com/externalhit_uatext.php)"
69.171.242.249 - - [20/Mar/2012:20:07:38 -0700] "GET /s/ta/252/ HTTP/1.1" 302 461 "-" "facebookexternalhit/1.1 (+http://www.facebook.com/externalhit_uatext.php)"
85.17.88.169 - - [20/Mar/2012:20:08:37 -0700] "POST /blog/wp-cron.php?doing_wp_cron=1332299159 HTTP/1.0" 499 0 "-" "WordPress/3.3.1; http://yuvi.in/blog"
