207.46.204.209 - - [09/Mar/2012:21:16:52 -0800] "-" 400 0 "-" "-"
207.46.204.209 - - [09/Mar/2012:21:16:52 -0800] "-" 400 0 "-" "-"
207.46.204.209 - - [09/Mar/2012:21:16:52 -0800] "-" 400 0 "-" "-"
207.46.204.209 - - [09/Mar/2012:21:16:52 -0800] "-" 400 0 "-" "-"
207.46.204.209 - - [09/Mar/2012:21:16:52 -0800] "-" 400 0 "-" "-"
207.46.204.209 - - [09/Mar/2012:21:17:24 -0800] "-" 400 0 "-" "-"
74.125.126.80 - - [09/Mar/2012:21:18:24 -0800] "GET /favicon.ico HTTP/1.1" 404 142 "-" "-"
96.2.82.137 - - [09/Mar/2012:21:21:31 -0800] "GET /robots.txt HTTP/1.0" 404 169 "-" "Mozilla/5.0 (compatible; MJ12bot/v1.4.2; http://www.majestic12.co.uk/bot.php?+)"
96.2.82.137 - - [09/Mar/2012:21:21:33 -0800] "GET / HTTP/1.1" 200 3439 "-" "Mozilla/5.0 (compatible; MJ12bot/v1.4.2; http://www.majestic12.co.uk/bot.php?+)"
85.17.88.169 - - [09/Mar/2012:21:22:44 -0800] "POST /blog/wp-cron.php?doing_wp_cron=1331356893 HTTP/1.0" 499 0 "-" "WordPress/3.3.1; http://yuvi.in/blog"
66.249.72.132 - - [09/Mar/2012:21:22:45 -0800] "GET /blog/2010/06/ HTTP/1.1" 200 5809 "-" "Mozilla/5.0 (compatible; Googlebot/2.1; +http://www.google.com/bot.html)"
69.171.242.249 - - [09/Mar/2012:21:25:25 -0800] "GET /r/1x7m HTTP/1.1" 301 257 "-" "facebookexternalhit/1.1 (+http://www.facebook.com/externalhit_uatext.php)"
69.171.242.248 - - [09/Mar/2012:21:25:25 -0800] "GET /s/ta/1x7m/ HTTP/1.1" 302 513 "-" "facebookexternalhit/1.1 (+http://www.facebook.com/externalhit_uatext.php)"
122.164.175.207 - - [09/Mar/2012:21:26:51 -0800] "-" 400 0 "-" "-"
124.125.95.12 - - [09/Mar/2012:21:27:17 -0800] "GET /r/32nx HTTP/1.1" 301 257 "http://ta.wikipedia.org/wiki/State_bank_of_india_and_there_details" "Mozilla/5.0 (Windows NT 6.1) AppleWebKit/535.11 (KHTML, like Gecko) Chrome/17.0.963.78 Safari/535.11"
124.125.95.12 - - [09/Mar/2012:21:27:17 -0800] "GET /s/ta/32nx/ HTTP/1.1" 302 351 "http://ta.wikipedia.org/wiki/State_bank_of_india_and_there_details" "Mozilla/5.0 (Windows NT 6.1) AppleWebKit/535.11 (KHTML, like Gecko) Chrome/17.0.963.78 Safari/535.11"
117.213.10.168 - - [09/Mar/2012:21:27:33 -0800] "GET /r/2u2s HTTP/1.1" 301 257 "-" "Mozilla/4.0 (compatible; MSIE 6.0; Windows NT 5.1; SV1; GTB6; BTRS98794; .NET CLR 2.0.50727)"
117.213.10.168 - - [09/Mar/2012:21:27:33 -0800] "GET /s/ta/2u2s/ HTTP/1.1" 302 373 "-" "Mozilla/4.0 (compatible; MSIE 6.0; Windows NT 5.1; SV1; GTB6; BTRS98794; .NET CLR 2.0.50727)"
124.125.95.12 - - [09/Mar/2012:21:27:34 -0800] "-" 400 0 "-" "-"
100.43.83.144 - - [09/Mar/2012:21:28:53 -0800] "GET /robots.txt HTTP/1.1" 404 169 "-" "Mozilla/5.0 (compatible; YandexBot/3.0; +http://yandex.com/bots)"
180.76.6.20 - - [09/Mar/2012:21:29:07 -0800] "GET /blog/tag/code-tools.html HTTP/1.1" 200 2364 "-" "Mozilla/5.0 (compatible; Baiduspider/2.0; +http://www.baidu.com/search/spider.html)"
122.174.87.168 - - [09/Mar/2012:21:30:12 -0800] "-" 400 0 "-" "-"
117.193.15.232 - - [09/Mar/2012:21:31:40 -0800] "-" 400 0 "-" "-"
122.174.87.168 - - [09/Mar/2012:21:32:01 -0800] "-" 400 0 "-" "-"
117.193.15.232 - - [09/Mar/2012:21:33:00 -0800] "-" 400 0 "-" "-"
117.193.187.214 - - [09/Mar/2012:21:34:37 -0800] "-" 400 0 "-" "-"
141.0.9.118 - - [09/Mar/2012:21:36:00 -0800] "-" 400 0 "-" "-"
85.17.88.169 - - [09/Mar/2012:21:40:34 -0800] "POST /blog/wp-cron.php?doing_wp_cron=1331357962 HTTP/1.0" 499 0 "-" "WordPress/3.3.1; http://yuvi.in/blog"
209.85.224.98 - - [09/Mar/2012:21:40:34 -0800] "GET /blog/feed HTTP/1.1" 304 0 "-" "FeedBurner/1.0 (http://www.FeedBurner.com)"
85.17.88.169 - - [09/Mar/2012:21:41:06 -0800] "POST /blog/wp-cron.php?doing_wp_cron=1331357994 HTTP/1.0" 499 0 "-" "WordPress/3.3.1; http://yuvi.in/blog"
100.43.83.144 - - [09/Mar/2012:21:41:06 -0800] "GET /blog/broke-nonexistent-law/ HTTP/1.1" 200 9587 "-" "Mozilla/5.0 (compatible; YandexBot/3.0; +http://yandex.com/bots)"
123.238.236.59 - - [09/Mar/2012:21:41:07 -0800] "-" 400 0 "-" "-"
115.242.167.38 - - [09/Mar/2012:21:41:36 -0800] "-" 400 0 "-" "-"
115.242.167.38 - - [09/Mar/2012:21:41:36 -0800] "-" 400 0 "-" "-"
115.242.167.38 - - [09/Mar/2012:21:41:36 -0800] "-" 400 0 "-" "-"
115.242.167.38 - - [09/Mar/2012:21:41:36 -0800] "-" 400 0 "-" "-"
115.242.167.38 - - [09/Mar/2012:21:45:46 -0800] "-" 400 0 "-" "-"
115.242.167.38 - - [09/Mar/2012:21:45:46 -0800] "-" 400 0 "-" "-"
60.48.205.47 - - [09/Mar/2012:21:46:04 -0800] "GET /r/1bo HTTP/1.1" 301 255 "http://ta.wikipedia.org/wiki/%E0%AE%AE%E0%AE%B2%E0%AF%87%E0%AE%9A%E0%AE%BF%E0%AE%AF%E0%AE%BE" "Mozilla/5.0 (Windows NT 5.1; rv:9.0.1) Gecko/20100101 Firefox/9.0.1"
60.48.205.47 - - [09/Mar/2012:21:46:04 -0800] "GET /s/ta/1bo/ HTTP/1.1" 302 349 "http://ta.wikipedia.org/wiki/%E0%AE%AE%E0%AE%B2%E0%AF%87%E0%AE%9A%E0%AE%BF%E0%AE%AF%E0%AE%BE" "Mozilla/5.0 (Windows NT 5.1; rv:9.0.1) Gecko/20100101 Firefox/9.0.1"
60.48.205.47 - - [09/Mar/2012:21:46:09 -0800] "-" 400 0 "-" "-"
115.241.69.196 - - [09/Mar/2012:21:46:37 -0800] "-" 400 0 "-" "-"
59.92.32.90 - - [09/Mar/2012:21:49:08 -0800] "-" 400 0 "-" "-"
112.79.40.22 - - [09/Mar/2012:21:49:32 -0800] "-" 400 0 "-" "-"
117.204.18.0 - - [09/Mar/2012:21:50:54 -0800] "-" 400 0 "-" "-"
117.204.18.0 - - [09/Mar/2012:21:50:54 -0800] "-" 400 0 "-" "-"
117.204.18.0 - - [09/Mar/2012:21:50:54 -0800] "-" 400 0 "-" "-"
117.204.18.0 - - [09/Mar/2012:21:50:54 -0800] "-" 400 0 "-" "-"
117.204.18.0 - - [09/Mar/2012:21:50:54 -0800] "-" 400 0 "-" "-"
85.17.88.169 - - [09/Mar/2012:21:55:48 -0800] "POST /blog/wp-cron.php?doing_wp_cron=1331358876 HTTP/1.0" 499 0 "-" "WordPress/3.3.1; http://yuvi.in/blog"
199.16.186.98 - - [09/Mar/2012:21:55:49 -0800] "GET /blog/my-vimrc/feed/ HTTP/1.1" 304 0 "-" "BoardReader/1.0 (http://boardreader.com/info/robots.htm)-CommentCrawler5"
122.174.161.64 - - [09/Mar/2012:21:56:17 -0800] "-" 400 0 "-" "-"
117.193.15.232 - - [09/Mar/2012:21:56:20 -0800] "-" 400 0 "-" "-"
117.193.15.232 - - [09/Mar/2012:21:56:20 -0800] "-" 400 0 "-" "-"
117.193.15.232 - - [09/Mar/2012:21:56:20 -0800] "-" 400 0 "-" "-"
117.193.15.232 - - [09/Mar/2012:21:56:20 -0800] "-" 400 0 "-" "-"
117.193.15.232 - - [09/Mar/2012:21:56:20 -0800] "-" 400 0 "-" "-"
117.193.15.232 - - [09/Mar/2012:21:56:20 -0800] "-" 400 0 "-" "-"
209.85.224.90 - - [09/Mar/2012:21:56:30 -0800] "GET /stories/feed HTTP/1.1" 200 13653 "-" "FeedBurner/1.0 (http://www.FeedBurner.com)"
112.79.40.22 - - [09/Mar/2012:21:56:44 -0800] "-" 400 0 "-" "-"
112.79.40.22 - - [09/Mar/2012:21:56:44 -0800] "-" 400 0 "-" "-"
112.79.40.22 - - [09/Mar/2012:21:56:44 -0800] "-" 400 0 "-" "-"
112.79.40.22 - - [09/Mar/2012:21:56:44 -0800] "-" 400 0 "-" "-"
112.79.40.22 - - [09/Mar/2012:21:56:44 -0800] "-" 400 0 "-" "-"
66.249.72.238 - - [09/Mar/2012:21:58:08 -0800] "GET /r/2gdy HTTP/1.1" 301 257 "-" "Mozilla/5.0 (compatible; Googlebot/2.1; +http://www.google.com/bot.html)"
66.249.72.238 - - [09/Mar/2012:21:58:09 -0800] "GET /s/ta/2gdy/ HTTP/1.1" 302 445 "-" "Mozilla/5.0 (compatible; Googlebot/2.1; +http://www.google.com/bot.html)"
85.17.88.169 - - [09/Mar/2012:21:58:38 -0800] "POST /blog/wp-cron.php?doing_wp_cron=1331359046 HTTP/1.0" 499 0 "-" "WordPress/3.3.1; http://yuvi.in/blog"
208.115.111.68 - - [09/Mar/2012:21:58:39 -0800] "GET /blog/tag/parenting/ HTTP/1.1" 200 17030 "-" "Mozilla/5.0 (compatible; Ezooms/1.0; ezooms.bot@gmail.com)"
85.17.88.169 - - [09/Mar/2012:21:59:08 -0800] "POST /blog/wp-cron.php?doing_wp_cron=1331359076 HTTP/1.0" 499 0 "-" "WordPress/3.3.1; http://yuvi.in/blog"
209.85.238.248 - - [09/Mar/2012:21:59:08 -0800] "GET /blog/feed/ HTTP/1.1" 304 0 "-" "Feedfetcher-Google; (+http://www.google.com/feedfetcher.html; 18 subscribers; feed-id=15064232456473204253)"
122.164.34.151 - - [09/Mar/2012:22:01:09 -0800] "-" 400 0 "-" "-"
117.200.78.134 - - [09/Mar/2012:22:01:26 -0800] "GET / HTTP/1.1" 200 1430 "http://home.speedbit.com/search.aspx?q=yuvi&site=web&prevsite=web&aff=205&btn=Search" "Mozilla/5.0 (Windows NT 6.1) AppleWebKit/535.11 (KHTML, like Gecko) Chrome/17.0.963.78 Safari/535.11"
117.200.78.134 - - [09/Mar/2012:22:01:27 -0800] "GET /blueprint/screen.css HTTP/1.1" 200 12058 "http://yuvi.in/" "Mozilla/5.0 (Windows NT 6.1) AppleWebKit/535.11 (KHTML, like Gecko) Chrome/17.0.963.78 Safari/535.11"
117.200.78.134 - - [09/Mar/2012:22:01:28 -0800] "GET /blueprint/print.css HTTP/1.1" 200 1284 "http://yuvi.in/" "Mozilla/5.0 (Windows NT 6.1) AppleWebKit/535.11 (KHTML, like Gecko) Chrome/17.0.963.78 Safari/535.11"
117.200.78.134 - - [09/Mar/2012:22:01:28 -0800] "GET /header.png HTTP/1.1" 200 14249 "http://yuvi.in/" "Mozilla/5.0 (Windows NT 6.1) AppleWebKit/535.11 (KHTML, like Gecko) Chrome/17.0.963.78 Safari/535.11"
117.200.78.134 - - [09/Mar/2012:22:01:30 -0800] "GET /favicon.ico HTTP/1.1" 404 199 "-" "Mozilla/5.0 (Windows NT 6.1) AppleWebKit/535.11 (KHTML, like Gecko) Chrome/17.0.963.78 Safari/535.11"
122.164.34.151 - - [09/Mar/2012:22:01:59 -0800] "-" 400 0 "-" "-"
122.164.34.151 - - [09/Mar/2012:22:01:59 -0800] "-" 400 0 "-" "-"
122.164.34.151 - - [09/Mar/2012:22:01:59 -0800] "-" 400 0 "-" "-"
122.164.34.151 - - [09/Mar/2012:22:01:59 -0800] "-" 400 0 "-" "-"
122.164.34.151 - - [09/Mar/2012:22:01:59 -0800] "-" 400 0 "-" "-"
112.79.40.22 - - [09/Mar/2012:22:03:33 -0800] "-" 400 0 "-" "-"
85.17.88.169 - - [09/Mar/2012:22:03:37 -0800] "POST /blog/wp-cron.php?doing_wp_cron=1331359345 HTTP/1.0" 499 0 "-" "WordPress/3.3.1; http://yuvi.in/blog"
100.43.83.144 - - [09/Mar/2012:22:03:38 -0800] "GET /blog/sicp-and-brainfuck/ HTTP/1.1" 200 4736 "-" "Mozilla/5.0 (compatible; YandexBot/3.0; +http://yandex.com/bots)"
85.17.88.169 - - [09/Mar/2012:22:10:41 -0800] "POST /blog/wp-cron.php?doing_wp_cron=1331359769 HTTP/1.0" 499 0 "-" "WordPress/3.3.1; http://yuvi.in/blog"
209.85.224.96 - - [09/Mar/2012:22:10:42 -0800] "GET /blog/feed HTTP/1.1" 304 0 "-" "FeedBurner/1.0 (http://www.FeedBurner.com)"
66.249.72.238 - - [09/Mar/2012:22:11:24 -0800] "GET /s/ta/amj/ HTTP/1.1" 302 385 "-" "Mozilla/5.0 (compatible; Googlebot/2.1; +http://www.google.com/bot.html)"
115.241.6.126 - - [09/Mar/2012:22:11:38 -0800] "-" 400 0 "-" "-"
115.241.6.126 - - [09/Mar/2012:22:11:38 -0800] "-" 400 0 "-" "-"
115.241.6.126 - - [09/Mar/2012:22:11:38 -0800] "-" 400 0 "-" "-"
115.241.6.126 - - [09/Mar/2012:22:11:38 -0800] "-" 400 0 "-" "-"
115.241.6.126 - - [09/Mar/2012:22:11:38 -0800] "-" 400 0 "-" "-"
115.241.6.126 - - [09/Mar/2012:22:11:38 -0800] "-" 400 0 "-" "-"
85.17.88.169 - - [09/Mar/2012:22:11:43 -0800] "POST /blog/wp-cron.php?doing_wp_cron=1331359831 HTTP/1.0" 499 0 "-" "WordPress/3.3.1; http://yuvi.in/blog"
122.168.159.204 - - [09/Mar/2012:22:11:43 -0800] "GET /blog/page/3/ HTTP/1.1" 200 16753 "http://yuvi.in/blog/page/2/" "Mozilla/5.0 (X11; Linux x86_64) AppleWebKit/534.30 (KHTML, like Gecko) Chrome/12.0.742.124 Safari/534.30"
122.168.159.204 - - [09/Mar/2012:22:11:46 -0800] "GET /favicon.ico HTTP/1.1" 404 199 "-" "Mozilla/5.0 (X11; Linux x86_64) AppleWebKit/534.30 (KHTML, like Gecko) Chrome/12.0.742.124 Safari/534.30"
112.79.40.22 - - [09/Mar/2012:22:13:24 -0800] "-" 400 0 "-" "-"
117.201.39.173 - - [09/Mar/2012:22:14:03 -0800] "GET /r/16l HTTP/1.1" 301 255 "http://ta.wikipedia.org/wiki/%E0%AE%AA%E0%AF%81%E0%AE%A4%E0%AE%A9%E0%AF%8D_(%E0%AE%95%E0%AF%8B%E0%AE%B3%E0%AF%8D)" "Mozilla/5.0 (Windows NT 5.1) AppleWebKit/535.11 (KHTML, like Gecko) Chrome/17.0.963.0 Safari/535.11"
117.201.39.173 - - [09/Mar/2012:22:14:04 -0800] "GET /s/ta/16l/ HTTP/1.1" 302 385 "http://ta.wikipedia.org/wiki/%E0%AE%AA%E0%AF%81%E0%AE%A4%E0%AE%A9%E0%AF%8D_(%E0%AE%95%E0%AF%8B%E0%AE%B3%E0%AF%8D)" "Mozilla/5.0 (Windows NT 5.1) AppleWebKit/535.11 (KHTML, like Gecko) Chrome/17.0.963.0 Safari/535.11"
117.201.39.173 - - [09/Mar/2012:22:14:14 -0800] "-" 400 0 "-" "-"
117.201.39.173 - - [09/Mar/2012:22:14:14 -0800] "-" 400 0 "-" "-"
85.17.88.169 - - [09/Mar/2012:22:15:56 -0800] "POST /blog/wp-cron.php?doing_wp_cron=1331360083 HTTP/1.0" 499 0 "-" "WordPress/3.3.1; http://yuvi.in/blog"
209.85.238.248 - - [09/Mar/2012:22:15:56 -0800] "GET /blog/feed HTTP/1.1" 301 0 "-" "Feedfetcher-Google; (+http://www.google.com/feedfetcher.html; 3 subscribers; feed-id=17684830852112633560)"
85.17.88.169 - - [09/Mar/2012:22:15:58 -0800] "POST /blog/wp-cron.php?doing_wp_cron=1331360086 HTTP/1.0" 499 0 "-" "WordPress/3.3.1; http://yuvi.in/blog"
209.85.238.248 - - [09/Mar/2012:22:15:58 -0800] "GET /blog/feed/ HTTP/1.1" 304 0 "-" "Feedfetcher-Google; (+http://www.google.com/feedfetcher.html; 3 subscribers; feed-id=17684830852112633560)"
115.241.6.126 - - [09/Mar/2012:22:16:18 -0800] "-" 400 0 "-" "-"
115.241.6.126 - - [09/Mar/2012:22:16:18 -0800] "-" 400 0 "-" "-"
115.241.6.126 - - [09/Mar/2012:22:16:18 -0800] "-" 400 0 "-" "-"
115.241.6.126 - - [09/Mar/2012:22:16:38 -0800] "-" 400 0 "-" "-"
115.241.6.126 - - [09/Mar/2012:22:16:38 -0800] "-" 400 0 "-" "-"
112.79.40.22 - - [09/Mar/2012:22:18:54 -0800] "-" 400 0 "-" "-"
182.72.197.25 - - [09/Mar/2012:22:20:02 -0800] "-" 400 0 "-" "-"
182.72.197.25 - - [09/Mar/2012:22:21:02 -0800] "-" 400 0 "-" "-"
182.72.197.25 - - [09/Mar/2012:22:21:02 -0800] "-" 400 0 "-" "-"
182.72.197.25 - - [09/Mar/2012:22:21:02 -0800] "-" 400 0 "-" "-"
182.72.197.25 - - [09/Mar/2012:22:21:02 -0800] "-" 400 0 "-" "-"
182.72.197.25 - - [09/Mar/2012:22:21:02 -0800] "-" 400 0 "-" "-"
117.202.84.80 - - [09/Mar/2012:22:22:31 -0800] "-" 400 0 "-" "-"
180.215.107.233 - - [09/Mar/2012:22:22:44 -0800] "GET /r/28v HTTP/1.1" 301 255 "http://ta.wikipedia.org/wiki/%E0%AE%95%E0%AE%B2%E0%AF%8D%E0%AE%95%E0%AE%BF_(%E0%AE%8E%E0%AE%B4%E0%AF%81%E0%AE%A4%E0%AF%8D%E0%AE%A4%E0%AE%BE%E0%AE%B3%E0%AE%B0%E0%AF%8D)" "Opera/9.80 (Windows NT 5.1; U; en) Presto/2.10.229 Version/11.61"
180.215.107.233 - - [09/Mar/2012:22:22:45 -0800] "GET /s/ta/28v/ HTTP/1.1" 302 457 "http://ta.wikipedia.org/wiki/%E0%AE%95%E0%AE%B2%E0%AF%8D%E0%AE%95%E0%AE%BF_(%E0%AE%8E%E0%AE%B4%E0%AF%81%E0%AE%A4%E0%AF%8D%E0%AE%A4%E0%AE%BE%E0%AE%B3%E0%AE%B0%E0%AF%8D)" "Opera/9.80 (Windows NT 5.1; U; en) Presto/2.10.229 Version/11.61"
182.72.197.25 - - [09/Mar/2012:22:23:12 -0800] "-" 400 0 "-" "-"
182.72.197.25 - - [09/Mar/2012:22:23:12 -0800] "-" 400 0 "-" "-"
182.72.197.25 - - [09/Mar/2012:22:23:12 -0800] "-" 400 0 "-" "-"
182.72.197.25 - - [09/Mar/2012:22:23:12 -0800] "-" 400 0 "-" "-"
182.72.197.25 - - [09/Mar/2012:22:23:12 -0800] "-" 400 0 "-" "-"
182.72.197.25 - - [09/Mar/2012:22:25:22 -0800] "-" 400 0 "-" "-"
182.72.197.25 - - [09/Mar/2012:22:25:22 -0800] "-" 400 0 "-" "-"
182.72.197.25 - - [09/Mar/2012:22:25:22 -0800] "-" 400 0 "-" "-"
112.79.40.22 - - [09/Mar/2012:22:25:34 -0800] "-" 400 0 "-" "-"
182.72.197.25 - - [09/Mar/2012:22:26:12 -0800] "-" 400 0 "-" "-"
180.76.5.193 - - [09/Mar/2012:22:26:22 -0800] "GET / HTTP/1.1" 200 3439 "-" "Mozilla/5.0 (compatible; Baiduspider/2.0; +http://www.baidu.com/search/spider.html)"
115.242.167.38 - - [09/Mar/2012:22:26:31 -0800] "-" 400 0 "-" "-"
117.197.217.166 - - [09/Mar/2012:22:26:57 -0800] "-" 400 0 "-" "-"
113.211.216.135 - - [09/Mar/2012:22:27:17 -0800] "GET /r/q4h HTTP/1.0" 301 255 "http://ta.wikipedia.org/wiki/%E0%AE%A4%E0%AF%87%E0%AE%9A%E0%AE%BF%E0%AE%95_%E0%AE%B5%E0%AE%BF%E0%AE%A8%E0%AE%BE%E0%AE%AF%E0%AE%95%E0%AE%AE%E0%AF%8D_%E0%AE%AA%E0%AE%BF%E0%AE%B3%E0%AF%8D%E0%AE%B3%E0%AF%88" "Mozilla/5.0 (compatible; MSIE 9.0; Windows NT 6.1; Trident/5.0)"
113.211.216.135 - - [09/Mar/2012:22:27:18 -0800] "GET /s/ta/q4h/ HTTP/1.0" 302 501 "http://ta.wikipedia.org/wiki/%E0%AE%A4%E0%AF%87%E0%AE%9A%E0%AE%BF%E0%AE%95_%E0%AE%B5%E0%AE%BF%E0%AE%A8%E0%AE%BE%E0%AE%AF%E0%AE%95%E0%AE%AE%E0%AF%8D_%E0%AE%AA%E0%AE%BF%E0%AE%B3%E0%AF%8D%E0%AE%B3%E0%AF%88" "Mozilla/5.0 (compatible; MSIE 9.0; Windows NT 6.1; Trident/5.0)"
115.242.167.38 - - [09/Mar/2012:22:27:31 -0800] "-" 400 0 "-" "-"
207.46.12.70 - - [09/Mar/2012:22:27:53 -0800] "-" 400 0 "-" "-"
207.46.12.70 - - [09/Mar/2012:22:27:53 -0800] "-" 400 0 "-" "-"
207.46.12.70 - - [09/Mar/2012:22:27:53 -0800] "-" 400 0 "-" "-"
207.46.12.70 - - [09/Mar/2012:22:27:53 -0800] "-" 400 0 "-" "-"
207.46.12.70 - - [09/Mar/2012:22:27:53 -0800] "-" 400 0 "-" "-"
207.46.12.70 - - [09/Mar/2012:22:27:53 -0800] "-" 400 0 "-" "-"
207.46.12.70 - - [09/Mar/2012:22:27:53 -0800] "-" 400 0 "-" "-"
207.46.12.70 - - [09/Mar/2012:22:27:53 -0800] "-" 400 0 "-" "-"
207.46.12.70 - - [09/Mar/2012:22:27:53 -0800] "-" 400 0 "-" "-"
207.46.12.70 - - [09/Mar/2012:22:27:53 -0800] "-" 400 0 "-" "-"
117.193.74.249 - - [09/Mar/2012:22:28:02 -0800] "-" 400 0 "-" "-"
207.46.12.70 - - [09/Mar/2012:22:28:14 -0800] "-" 400 0 "-" "-"
66.249.72.238 - - [09/Mar/2012:22:29:06 -0800] "GET /r/2u6t HTTP/1.1" 301 257 "-" "Mozilla/5.0 (compatible; Googlebot/2.1; +http://www.google.com/bot.html)"
66.249.72.238 - - [09/Mar/2012:22:29:07 -0800] "GET /s/ta/2u6t/ HTTP/1.1" 302 409 "-" "Mozilla/5.0 (compatible; Googlebot/2.1; +http://www.google.com/bot.html)"
203.101.73.51 - - [09/Mar/2012:22:29:08 -0800] "-" 400 0 "-" "-"
203.101.73.51 - - [09/Mar/2012:22:29:09 -0800] "-" 400 0 "-" "-"
95.71.192.237 - - [09/Mar/2012:22:32:56 -0800] "GET /favicon.ico HTTP/1.1" 404 142 "-" "Reeder/2.5.4 CFNetwork/548.1.4 Darwin/11.0.0"
95.71.192.237 - - [09/Mar/2012:22:32:57 -0800] "GET / HTTP/1.1" 200 1430 "-" "Reeder/2.5.4 CFNetwork/548.1.4 Darwin/11.0.0"
95.71.192.237 - - [09/Mar/2012:22:32:57 -0800] "GET /apple-touch-icon.png HTTP/1.1" 404 142 "-" "Reeder/2.5.4 CFNetwork/548.1.4 Darwin/11.0.0"
95.71.192.237 - - [09/Mar/2012:22:32:57 -0800] "GET /apple-touch-icon-precomposed.png HTTP/1.1" 404 142 "-" "Reeder/2.5.4 CFNetwork/548.1.4 Darwin/11.0.0"
220.227.35.177 - - [09/Mar/2012:22:33:26 -0800] "GET /r/19c HTTP/1.1" 301 255 "http://tawp.in/r/" "Mozilla/4.0 (compatible; MSIE 8.0; Windows NT 6.0)"
220.227.35.177 - - [09/Mar/2012:22:33:27 -0800] "GET /s/ta/19c/ HTTP/1.1" 302 349 "http://tawp.in/r/19c" "Mozilla/4.0 (compatible; MSIE 8.0; Windows NT 6.0)"
85.17.88.169 - - [09/Mar/2012:22:33:32 -0800] "POST /blog/wp-cron.php?doing_wp_cron=1331361140 HTTP/1.0" 499 0 "-" "WordPress/3.3.1; http://yuvi.in/blog"
66.249.72.132 - - [09/Mar/2012:22:33:32 -0800] "GET /blog/2009/07/10/ HTTP/1.1" 200 3858 "-" "Mozilla/5.0 (compatible; Googlebot/2.1; +http://www.google.com/bot.html)"
117.193.244.216 - - [09/Mar/2012:22:37:10 -0800] "-" 400 0 "-" "-"
117.193.244.216 - - [09/Mar/2012:22:37:15 -0800] "-" 400 0 "-" "-"
117.193.244.216 - - [09/Mar/2012:22:37:15 -0800] "-" 400 0 "-" "-"
66.249.72.238 - - [09/Mar/2012:22:37:58 -0800] "GET /r/1pph HTTP/1.1" 301 257 "-" "Mozilla/5.0 (compatible; Googlebot/2.1; +http://www.google.com/bot.html)"
66.249.72.238 - - [09/Mar/2012:22:37:59 -0800] "GET /s/ta/1pph/ HTTP/1.1" 302 409 "-" "Mozilla/5.0 (compatible; Googlebot/2.1; +http://www.google.com/bot.html)"
219.91.219.46 - - [09/Mar/2012:22:38:39 -0800] "-" 400 0 "-" "-"
219.91.219.46 - - [09/Mar/2012:22:38:39 -0800] "-" 400 0 "-" "-"
219.91.219.46 - - [09/Mar/2012:22:38:42 -0800] "-" 400 0 "-" "-"
122.165.76.213 - - [09/Mar/2012:22:39:08 -0800] "-" 400 0 "-" "-"
157.55.112.200 - - [09/Mar/2012:22:40:17 -0800] "-" 400 0 "-" "-"
157.55.112.200 - - [09/Mar/2012:22:40:18 -0800] "-" 400 0 "-" "-"
157.55.112.200 - - [09/Mar/2012:22:40:19 -0800] "-" 400 0 "-" "-"
157.55.112.200 - - [09/Mar/2012:22:40:19 -0800] "-" 400 0 "-" "-"
157.55.112.200 - - [09/Mar/2012:22:40:19 -0800] "-" 400 0 "-" "-"
157.55.112.200 - - [09/Mar/2012:22:40:20 -0800] "-" 400 0 "-" "-"
157.55.112.200 - - [09/Mar/2012:22:40:20 -0800] "-" 400 0 "-" "-"
157.55.112.200 - - [09/Mar/2012:22:40:20 -0800] "-" 400 0 "-" "-"
157.55.112.200 - - [09/Mar/2012:22:40:21 -0800] "-" 400 0 "-" "-"
157.55.112.200 - - [09/Mar/2012:22:40:21 -0800] "-" 400 0 "-" "-"
85.17.88.169 - - [09/Mar/2012:22:40:50 -0800] "POST /blog/wp-cron.php?doing_wp_cron=1331361578 HTTP/1.0" 499 0 "-" "WordPress/3.3.1; http://yuvi.in/blog"
209.85.224.91 - - [09/Mar/2012:22:40:50 -0800] "GET /blog/feed HTTP/1.1" 304 0 "-" "FeedBurner/1.0 (http://www.FeedBurner.com)"
157.55.112.200 - - [09/Mar/2012:22:41:03 -0800] "-" 400 0 "-" "-"
223.234.228.127 - - [09/Mar/2012:22:41:23 -0800] "-" 400 0 "-" "-"
85.17.88.169 - - [09/Mar/2012:22:41:35 -0800] "POST /blog/wp-cron.php?doing_wp_cron=1331361623 HTTP/1.0" 499 0 "-" "WordPress/3.3.1; http://yuvi.in/blog"
101.226.33.188 - - [09/Mar/2012:22:41:35 -0800] "GET /blog/feed HTTP/1.0" 304 0 "-" "Mozilla/4.0 (compatible; Windows;)"
66.249.72.238 - - [09/Mar/2012:22:42:22 -0800] "GET /r/ndn HTTP/1.1" 301 255 "-" "Mozilla/5.0 (compatible; Googlebot/2.1; +http://www.google.com/bot.html)"
66.249.72.238 - - [09/Mar/2012:22:42:22 -0800] "GET /s/ta/ndn/ HTTP/1.1" 302 397 "-" "Mozilla/5.0 (compatible; Googlebot/2.1; +http://www.google.com/bot.html)"
117.193.178.3 - - [09/Mar/2012:22:43:00 -0800] "-" 400 0 "-" "-"
85.17.88.169 - - [09/Mar/2012:22:43:18 -0800] "POST /blog/wp-cron.php?doing_wp_cron=1331361726 HTTP/1.0" 499 0 "-" "WordPress/3.3.1; http://yuvi.in/blog"
125.16.180.5 - - [09/Mar/2012:22:43:18 -0800] "GET /blog/program HTTP/1.1" 301 0 "-" "Mozilla/5.0 (Windows NT 6.1) AppleWebKit/535.7 (KHTML, like Gecko) Chrome/16.0.912.63 Safari/535.7"
85.17.88.169 - - [09/Mar/2012:22:43:20 -0800] "POST /blog/wp-cron.php?doing_wp_cron=1331361728 HTTP/1.0" 499 0 "-" "WordPress/3.3.1; http://yuvi.in/blog"
125.16.180.5 - - [09/Mar/2012:22:43:21 -0800] "GET /blog/program/ HTTP/1.1" 200 27273 "-" "Mozilla/5.0 (Windows NT 6.1) AppleWebKit/535.7 (KHTML, like Gecko) Chrome/16.0.912.63 Safari/535.7"
125.16.180.5 - - [09/Mar/2012:22:43:22 -0800] "GET /blog/wp-content/themes/cleanr/style.css HTTP/1.1" 200 10508 "http://yuvi.in/blog/program/" "Mozilla/5.0 (Windows NT 6.1) AppleWebKit/535.7 (KHTML, like Gecko) Chrome/16.0.912.63 Safari/535.7"
125.16.180.5 - - [09/Mar/2012:22:43:22 -0800] "GET /blog/wp-content/themes/cleanr/js/jquery.dropdown.js?ver=3.3.1 HTTP/1.1" 200 535 "http://yuvi.in/blog/program/" "Mozilla/5.0 (Windows NT 6.1) AppleWebKit/535.7 (KHTML, like Gecko) Chrome/16.0.912.63 Safari/535.7"
125.16.180.5 - - [09/Mar/2012:22:43:23 -0800] "GET /blog/wp-content/themes/cleanr/css/reset.css HTTP/1.1" 200 648 "http://yuvi.in/blog/program/" "Mozilla/5.0 (Windows NT 6.1) AppleWebKit/535.7 (KHTML, like Gecko) Chrome/16.0.912.63 Safari/535.7"
125.16.180.5 - - [09/Mar/2012:22:43:23 -0800] "GET /blog/wp-content/themes/cleanr/css/text.css HTTP/1.1" 200 420 "http://yuvi.in/blog/program/" "Mozilla/5.0 (Windows NT 6.1) AppleWebKit/535.7 (KHTML, like Gecko) Chrome/16.0.912.63 Safari/535.7"
125.16.180.5 - - [09/Mar/2012:22:43:23 -0800] "GET /blog/wp-content/themes/cleanr/css/960.css HTTP/1.1" 200 3628 "http://yuvi.in/blog/program/" "Mozilla/5.0 (Windows NT 6.1) AppleWebKit/535.7 (KHTML, like Gecko) Chrome/16.0.912.63 Safari/535.7"
125.16.180.5 - - [09/Mar/2012:22:43:24 -0800] "GET /blog/wp-includes/js/jquery/jquery.js?ver=1.7.1 HTTP/1.1" 200 93889 "http://yuvi.in/blog/program/" "Mozilla/5.0 (Windows NT 6.1) AppleWebKit/535.7 (KHTML, like Gecko) Chrome/16.0.912.63 Safari/535.7"
125.16.180.5 - - [09/Mar/2012:22:43:25 -0800] "GET /blog/wp-content/themes/cleanr/images/search_magnifier.gif HTTP/1.1" 200 394 "http://yuvi.in/blog/program/" "Mozilla/5.0 (Windows NT 6.1) AppleWebKit/535.7 (KHTML, like Gecko) Chrome/16.0.912.63 Safari/535.7"
125.16.180.5 - - [09/Mar/2012:22:43:26 -0800] "GET /favicon.ico HTTP/1.1" 404 571 "-" "Mozilla/5.0 (Windows NT 6.1) AppleWebKit/535.7 (KHTML, like Gecko) Chrome/16.0.912.63 Safari/535.7"
125.16.180.5 - - [09/Mar/2012:22:43:27 -0800] "GET /favicon.ico HTTP/1.1" 404 571 "-" "Mozilla/5.0 (Windows NT 6.1) AppleWebKit/535.7 (KHTML, like Gecko) Chrome/16.0.912.63 Safari/535.7"
125.16.180.5 - - [09/Mar/2012:22:43:27 -0800] "GET /favicon.ico HTTP/1.1" 404 571 "-" "Mozilla/5.0 (Windows NT 6.1) AppleWebKit/535.7 (KHTML, like Gecko) Chrome/16.0.912.63 Safari/535.7"
125.16.180.5 - - [09/Mar/2012:22:43:29 -0800] "GET /favicon.ico HTTP/1.1" 404 571 "-" "Mozilla/5.0 (Windows NT 6.1) AppleWebKit/535.7 (KHTML, like Gecko) Chrome/16.0.912.63 Safari/535.7"
85.17.88.169 - - [09/Mar/2012:22:43:29 -0800] "POST /blog/wp-cron.php?doing_wp_cron=1331361737 HTTP/1.0" 499 0 "-" "WordPress/3.3.1; http://yuvi.in/blog"
125.16.180.5 - - [09/Mar/2012:22:43:29 -0800] "GET /blog/program/?cf_action=sync_comments&post_id=381 HTTP/1.1" 200 28 "http://yuvi.in/blog/program/" "Mozilla/5.0 (Windows NT 6.1) AppleWebKit/535.7 (KHTML, like Gecko) Chrome/16.0.912.63 Safari/535.7"
182.72.197.25 - - [09/Mar/2012:22:44:21 -0800] "-" 400 0 "-" "-"
223.234.228.127 - - [09/Mar/2012:22:45:49 -0800] "-" 400 0 "-" "-"
85.17.88.169 - - [09/Mar/2012:22:47:40 -0800] "POST /blog/wp-cron.php?doing_wp_cron=1331361988 HTTP/1.0" 499 0 "-" "WordPress/3.3.1; http://yuvi.in/blog"
125.16.180.5 - - [09/Mar/2012:22:47:40 -0800] "GET /blog/ HTTP/1.1" 200 33202 "http://yuvi.in/blog/program/" "Mozilla/5.0 (Windows NT 6.1) AppleWebKit/535.7 (KHTML, like Gecko) Chrome/16.0.912.63 Safari/535.7"
125.16.180.5 - - [09/Mar/2012:22:47:42 -0800] "GET /favicon.ico HTTP/1.1" 404 571 "-" "Mozilla/5.0 (Windows NT 6.1) AppleWebKit/535.7 (KHTML, like Gecko) Chrome/16.0.912.63 Safari/535.7"
125.16.180.5 - - [09/Mar/2012:22:47:47 -0800] "GET / HTTP/1.1" 200 3439 "-" "Mozilla/5.0 (Windows NT 6.1) AppleWebKit/535.7 (KHTML, like Gecko) Chrome/16.0.912.63 Safari/535.7"
125.16.180.5 - - [09/Mar/2012:22:47:47 -0800] "GET /blueprint/screen.css HTTP/1.1" 200 12058 "http://yuvi.in/" "Mozilla/5.0 (Windows NT 6.1) AppleWebKit/535.7 (KHTML, like Gecko) Chrome/16.0.912.63 Safari/535.7"
125.16.180.5 - - [09/Mar/2012:22:47:48 -0800] "GET /header.png HTTP/1.1" 200 14249 "http://yuvi.in/" "Mozilla/5.0 (Windows NT 6.1) AppleWebKit/535.7 (KHTML, like Gecko) Chrome/16.0.912.63 Safari/535.7"
125.16.180.5 - - [09/Mar/2012:22:47:48 -0800] "GET /blueprint/print.css HTTP/1.1" 200 1284 "http://yuvi.in/" "Mozilla/5.0 (Windows NT 6.1) AppleWebKit/535.7 (KHTML, like Gecko) Chrome/16.0.912.63 Safari/535.7"
125.16.180.5 - - [09/Mar/2012:22:47:49 -0800] "GET /favicon.ico HTTP/1.1" 404 571 "-" "Mozilla/5.0 (Windows NT 6.1) AppleWebKit/535.7 (KHTML, like Gecko) Chrome/16.0.912.63 Safari/535.7"
125.16.180.5 - - [09/Mar/2012:22:47:50 -0800] "GET /favicon.ico HTTP/1.1" 404 571 "-" "Mozilla/5.0 (Windows NT 6.1) AppleWebKit/535.7 (KHTML, like Gecko) Chrome/16.0.912.63 Safari/535.7"
180.76.5.66 - - [09/Mar/2012:22:48:24 -0800] "GET /r/1ywq HTTP/1.1" 301 257 "-" "Mozilla/5.0 (compatible; Baiduspider/2.0; +http://www.baidu.com/search/spider.html)"
180.76.5.94 - - [09/Mar/2012:22:48:25 -0800] "GET /s/ta/1ywq/ HTTP/1.1" 302 349 "-" "Mozilla/5.0 (compatible; Baiduspider/2.0; +http://www.baidu.com/search/spider.html)"
14.139.188.174 - - [09/Mar/2012:22:48:41 -0800] "-" 400 0 "-" "-"
14.139.188.174 - - [09/Mar/2012:22:48:41 -0800] "-" 400 0 "-" "-"
14.139.188.174 - - [09/Mar/2012:22:48:41 -0800] "-" 400 0 "-" "-"
14.139.188.174 - - [09/Mar/2012:22:48:41 -0800] "-" 400 0 "-" "-"
117.193.244.216 - - [09/Mar/2012:22:49:33 -0800] "-" 400 0 "-" "-"
117.193.244.216 - - [09/Mar/2012:22:49:35 -0800] "-" 400 0 "-" "-"
117.193.244.216 - - [09/Mar/2012:22:49:35 -0800] "-" 400 0 "-" "-"
117.193.244.216 - - [09/Mar/2012:22:49:35 -0800] "-" 400 0 "-" "-"
117.193.244.216 - - [09/Mar/2012:22:49:35 -0800] "-" 400 0 "-" "-"
117.193.244.216 - - [09/Mar/2012:22:49:35 -0800] "-" 400 0 "-" "-"
117.193.244.216 - - [09/Mar/2012:22:49:35 -0800] "-" 400 0 "-" "-"
124.124.89.169 - - [09/Mar/2012:22:50:42 -0800] "GET /r/19c HTTP/1.1" 301 255 "http://tawp.in/r/" "Mozilla/4.0 (compatible; MSIE 8.0; Windows NT 6.0)"
124.124.89.169 - - [09/Mar/2012:22:50:43 -0800] "GET /s/ta/19c/ HTTP/1.1" 302 349 "http://tawp.in/r/19c" "Mozilla/4.0 (compatible; MSIE 8.0; Windows NT 6.0)"
124.124.89.169 - - [09/Mar/2012:22:51:28 -0800] "GET /r/1e2 HTTP/1.1" 301 255 "http://tawp.in/r/" "Mozilla/4.0 (compatible; MSIE 8.0; Windows NT 6.0)"
124.124.89.169 - - [09/Mar/2012:22:51:29 -0800] "GET /s/ta/1e2/ HTTP/1.1" 302 485 "http://tawp.in/r/1e2" "Mozilla/4.0 (compatible; MSIE 8.0; Windows NT 6.0)"
14.139.188.174 - - [09/Mar/2012:22:52:52 -0800] "-" 400 0 "-" "-"
14.139.188.174 - - [09/Mar/2012:22:52:52 -0800] "-" 400 0 "-" "-"
14.139.188.174 - - [09/Mar/2012:22:52:52 -0800] "-" 400 0 "-" "-"
14.139.188.174 - - [09/Mar/2012:22:52:52 -0800] "-" 400 0 "-" "-"
122.174.93.24 - - [09/Mar/2012:22:53:31 -0800] "-" 400 0 "-" "-"
122.174.93.24 - - [09/Mar/2012:22:53:31 -0800] "-" 400 0 "-" "-"
14.139.188.174 - - [09/Mar/2012:22:53:42 -0800] "-" 400 0 "-" "-"
85.17.88.169 - - [09/Mar/2012:22:53:48 -0800] "POST /blog/wp-cron.php?doing_wp_cron=1331362356 HTTP/1.0" 499 0 "-" "WordPress/3.3.1; http://yuvi.in/blog"
209.85.238.248 - - [09/Mar/2012:22:53:49 -0800] "GET /blog/feed/ HTTP/1.1" 304 0 "-" "Feedfetcher-Google; (+http://www.google.com/feedfetcher.html; 18 subscribers; feed-id=15064232456473204253)"
115.241.109.73 - - [09/Mar/2012:22:54:16 -0800] "-" 400 0 "-" "-"
176.44.86.74 - - [09/Mar/2012:22:54:20 -0800] "GET /blog/ HTTP/1.1" 200 33230 "-" "Mozilla/5.0 (compatible; Googlebot/2.1; +http://www.google.com/bot.html)"
117.202.135.155 - - [09/Mar/2012:22:54:31 -0800] "-" 400 0 "-" "-"
117.202.135.155 - - [09/Mar/2012:22:54:31 -0800] "-" 400 0 "-" "-"
117.202.135.155 - - [09/Mar/2012:22:54:31 -0800] "-" 400 0 "-" "-"
117.202.135.155 - - [09/Mar/2012:22:54:31 -0800] "-" 400 0 "-" "-"
117.202.135.155 - - [09/Mar/2012:22:54:31 -0800] "-" 400 0 "-" "-"
14.139.188.174 - - [09/Mar/2012:22:54:32 -0800] "-" 400 0 "-" "-"
14.139.188.174 - - [09/Mar/2012:22:54:32 -0800] "-" 400 0 "-" "-"
117.202.135.155 - - [09/Mar/2012:22:54:32 -0800] "-" 400 0 "-" "-"
117.202.135.155 - - [09/Mar/2012:22:54:49 -0800] "-" 400 0 "-" "-"
117.207.103.169 - - [09/Mar/2012:22:54:53 -0800] "GET /r/2ols HTTP/1.1" 301 257 "http://www.facebook.com/" "Mozilla/5.0 (Windows NT 6.1; rv:10.0.2) Gecko/20100101 Firefox/10.0.2"
117.207.103.169 - - [09/Mar/2012:22:54:54 -0800] "GET /s/ta/2ols/ HTTP/1.1" 302 469 "http://www.facebook.com/" "Mozilla/5.0 (Windows NT 6.1; rv:10.0.2) Gecko/20100101 Firefox/10.0.2"
14.139.188.174 - - [09/Mar/2012:22:55:02 -0800] "-" 400 0 "-" "-"
117.207.103.169 - - [09/Mar/2012:22:55:03 -0800] "-" 400 0 "-" "-"
60.229.254.159 - - [09/Mar/2012:22:55:37 -0800] "GET /r/24tt HTTP/1.1" 301 257 "http://ta.wikipedia.org/wiki/%E0%AE%AE%E0%AE%9F%E0%AE%95%E0%AF%8D%E0%AE%95%E0%AF%88" "Mozilla/5.0 (Windows NT 6.0; WOW64; rv:10.0.2) Gecko/20100101 Firefox/10.0.2"
60.229.254.159 - - [09/Mar/2012:22:55:37 -0800] "GET /s/ta/24tt/ HTTP/1.1" 302 337 "http://ta.wikipedia.org/wiki/%E0%AE%AE%E0%AE%9F%E0%AE%95%E0%AF%8D%E0%AE%95%E0%AF%88" "Mozilla/5.0 (Windows NT 6.0; WOW64; rv:10.0.2) Gecko/20100101 Firefox/10.0.2"
66.249.72.238 - - [09/Mar/2012:22:55:38 -0800] "GET /r/amj HTTP/1.1" 301 255 "-" "Mozilla/5.0 (compatible; Googlebot/2.1; +http://www.google.com/bot.html)"
14.99.94.126 - - [09/Mar/2012:22:56:03 -0800] "-" 400 0 "-" "-"
203.82.82.38 - - [09/Mar/2012:22:56:22 -0800] "GET /r/2p43 HTTP/1.1" 301 257 "http://ta.wikipedia.org/wiki/%E0%AE%AE%E0%AE%95%E0%AF%8D%E0%AE%95%E0%AE%B3%E0%AF%8D_%E0%AE%93%E0%AE%9A%E0%AF%88" "Mozilla/5.0 (Windows NT 6.1; WOW64; rv:6.0) Gecko/20100101 Firefox/6.0"
203.82.82.38 - - [09/Mar/2012:22:56:23 -0800] "GET /s/ta/2p43/ HTTP/1.1" 302 377 "http://ta.wikipedia.org/wiki/%E0%AE%AE%E0%AE%95%E0%AF%8D%E0%AE%95%E0%AE%B3%E0%AF%8D_%E0%AE%93%E0%AE%9A%E0%AF%88" "Mozilla/5.0 (Windows NT 6.1; WOW64; rv:6.0) Gecko/20100101 Firefox/6.0"
203.82.82.38 - - [09/Mar/2012:22:56:27 -0800] "-" 400 0 "-" "-"
209.85.224.96 - - [09/Mar/2012:22:56:32 -0800] "GET /stories/feed HTTP/1.1" 200 13653 "-" "FeedBurner/1.0 (http://www.FeedBurner.com)"
122.165.76.213 - - [09/Mar/2012:22:58:37 -0800] "-" 400 0 "-" "-"
122.165.76.213 - - [09/Mar/2012:22:58:37 -0800] "-" 400 0 "-" "-"
122.165.76.213 - - [09/Mar/2012:22:58:37 -0800] "-" 400 0 "-" "-"
122.165.76.213 - - [09/Mar/2012:22:58:37 -0800] "-" 400 0 "-" "-"
122.165.76.213 - - [09/Mar/2012:22:58:37 -0800] "-" 400 0 "-" "-"
122.164.236.14 - - [09/Mar/2012:22:59:36 -0800] "-" 400 0 "-" "-"
14.96.53.196 - - [09/Mar/2012:22:59:45 -0800] "-" 400 0 "-" "-"
157.55.112.209 - - [09/Mar/2012:22:59:56 -0800] "-" 400 0 "-" "-"
122.165.76.213 - - [09/Mar/2012:22:59:57 -0800] "-" 400 0 "-" "-"
157.55.112.209 - - [09/Mar/2012:22:59:58 -0800] "-" 400 0 "-" "-"
157.55.112.209 - - [09/Mar/2012:22:59:59 -0800] "-" 400 0 "-" "-"
157.55.112.209 - - [09/Mar/2012:22:59:59 -0800] "-" 400 0 "-" "-"
157.55.112.209 - - [09/Mar/2012:22:59:59 -0800] "-" 400 0 "-" "-"
157.55.112.209 - - [09/Mar/2012:23:00:00 -0800] "-" 400 0 "-" "-"
157.55.112.209 - - [09/Mar/2012:23:00:00 -0800] "-" 400 0 "-" "-"
157.55.112.209 - - [09/Mar/2012:23:00:00 -0800] "-" 400 0 "-" "-"
157.55.112.209 - - [09/Mar/2012:23:00:00 -0800] "-" 400 0 "-" "-"
223.236.231.180 - - [09/Mar/2012:23:00:03 -0800] "-" 400 0 "-" "-"
66.249.72.238 - - [09/Mar/2012:23:00:05 -0800] "GET /s/ta/h2e/ HTTP/1.1" 302 585 "-" "Mozilla/5.0 (compatible; Googlebot/2.1; +http://www.google.com/bot.html)"
157.55.112.209 - - [09/Mar/2012:23:00:27 -0800] "-" 400 0 "-" "-"
157.55.112.209 - - [09/Mar/2012:23:00:28 -0800] "-" 400 0 "-" "-"
122.164.231.158 - - [09/Mar/2012:23:00:49 -0800] "-" 400 0 "-" "-"
14.139.188.174 - - [09/Mar/2012:23:00:52 -0800] "-" 400 0 "-" "-"
220.255.2.245 - - [09/Mar/2012:23:00:59 -0800] "GET /r/ihk HTTP/1.1" 301 255 "http://ta.wikipedia.org/wiki/%E0%AE%A8%E0%AF%88%E0%AE%AF%E0%AE%BE%E0%AE%A3%E0%AF%8D%E0%AE%9F%E0%AE%BF%E0%AE%AA%E0%AF%8D_%E0%AE%AA%E0%AF%8B%E0%AE%B2%E0%AE%BF" "Mozilla/5.0 (compatible; MSIE 9.0; Windows NT 6.1; WOW64; Trident/5.0)"
220.255.1.210 - - [09/Mar/2012:23:01:00 -0800] "GET /s/ta/ihk/ HTTP/1.1" 302 437 "http://ta.wikipedia.org/wiki/%E0%AE%A8%E0%AF%88%E0%AE%AF%E0%AE%BE%E0%AE%A3%E0%AF%8D%E0%AE%9F%E0%AE%BF%E0%AE%AA%E0%AF%8D_%E0%AE%AA%E0%AF%8B%E0%AE%B2%E0%AE%BF" "Mozilla/5.0 (compatible; MSIE 9.0; Windows NT 6.1; WOW64; Trident/5.0)"
14.139.188.174 - - [09/Mar/2012:23:01:02 -0800] "-" 400 0 "-" "-"
220.255.1.86 - - [09/Mar/2012:23:01:10 -0800] "-" 400 0 "-" "-"
220.255.1.33 - - [09/Mar/2012:23:01:15 -0800] "-" 400 0 "-" "-"
220.181.51.79 - - [09/Mar/2012:23:01:59 -0800] "GET / HTTP/1.1" 200 1430 "-" "Mozilla/5.0 (Windows NT 5.1; rv:6.0.2) Gecko/20100101 Firefox/6.0.2"
67.215.230.27 - - [09/Mar/2012:23:02:26 -0800] "GET /robots.txt HTTP/1.0" 404 169 "-" "Setooz/Nutch-1.2 (http://www.setooz.com)"
67.215.230.27 - - [09/Mar/2012:23:02:26 -0800] "GET /stories HTTP/1.0" 301 185 "-" "Setooz/Nutch-1.2 (http://www.setooz.com)"
67.215.230.28 - - [09/Mar/2012:23:02:26 -0800] "GET /robots.txt HTTP/1.0" 404 169 "-" "Setooz/Nutch-1.2 (http://www.setooz.com)"
67.215.230.28 - - [09/Mar/2012:23:02:26 -0800] "GET / HTTP/1.0" 200 3439 "-" "Setooz/Nutch-1.2 (http://www.setooz.com)"
117.193.69.237 - - [09/Mar/2012:23:03:42 -0800] "-" 400 0 "-" "-"
117.193.69.237 - - [09/Mar/2012:23:03:42 -0800] "-" 400 0 "-" "-"
117.193.69.237 - - [09/Mar/2012:23:03:42 -0800] "-" 400 0 "-" "-"
117.193.69.237 - - [09/Mar/2012:23:03:42 -0800] "-" 400 0 "-" "-"
117.193.69.237 - - [09/Mar/2012:23:03:42 -0800] "-" 400 0 "-" "-"
117.193.69.237 - - [09/Mar/2012:23:03:42 -0800] "-" 400 0 "-" "-"
220.227.35.177 - - [09/Mar/2012:23:04:01 -0800] "GET /r/1q30 HTTP/1.1" 301 257 "http://ta.wikipedia.org/wiki/%E0%AE%A4%E0%AE%AE%E0%AE%BF%E0%AE%B4%E0%AF%8D%E0%AE%AA%E0%AF%8D_%E0%AE%AA%E0%AE%A3%E0%AF%8D%E0%AE%AA%E0%AE%BE%E0%AE%9F%E0%AF%8D%E0%AE%9F%E0%AE%BF%E0%AE%A9%E0%AF%8D_%E0%AE%95%E0%AF%82%E0%AE%B1%E0%AF%81%E0%AE%95%E0%AE%B3%E0%AF%8D" "Mozilla/4.0 (compatible; MSIE 8.0; Windows NT 6.0)"
220.227.35.177 - - [09/Mar/2012:23:04:02 -0800] "GET /s/ta/1q30/ HTTP/1.1" 302 573 "http://ta.wikipedia.org/wiki/%E0%AE%A4%E0%AE%AE%E0%AE%BF%E0%AE%B4%E0%AF%8D%E0%AE%AA%E0%AF%8D_%E0%AE%AA%E0%AE%A3%E0%AF%8D%E0%AE%AA%E0%AE%BE%E0%AE%9F%E0%AF%8D%E0%AE%9F%E0%AE%BF%E0%AE%A9%E0%AF%8D_%E0%AE%95%E0%AF%82%E0%AE%B1%E0%AF%81%E0%AE%95%E0%AE%B3%E0%AF%8D" "Mozilla/4.0 (compatible; MSIE 8.0; Windows NT 6.0)"
223.236.231.180 - - [09/Mar/2012:23:04:03 -0800] "-" 400 0 "-" "-"
220.227.35.177 - - [09/Mar/2012:23:04:28 -0800] "GET /r/1q33 HTTP/1.1" 301 257 "http://ta.wikipedia.org/wiki/%E0%AE%88%E0%AE%95%E0%AF%88" "Mozilla/4.0 (compatible; MSIE 8.0; Windows NT 6.0)"
220.227.35.177 - - [09/Mar/2012:23:04:29 -0800] "GET /s/ta/1q33/ HTTP/1.1" 302 301 "http://ta.wikipedia.org/wiki/%E0%AE%88%E0%AE%95%E0%AF%88" "Mozilla/4.0 (compatible; MSIE 8.0; Windows NT 6.0)"
66.249.72.238 - - [09/Mar/2012:23:04:29 -0800] "GET /r/1lup HTTP/1.1" 301 257 "-" "Mozilla/5.0 (compatible; Googlebot/2.1; +http://www.google.com/bot.html)"
66.249.72.238 - - [09/Mar/2012:23:04:30 -0800] "GET /s/ta/1lup/ HTTP/1.1" 302 561 "-" "Mozilla/5.0 (compatible; Googlebot/2.1; +http://www.google.com/bot.html)"
122.165.76.213 - - [09/Mar/2012:23:04:47 -0800] "-" 400 0 "-" "-"
122.165.76.213 - - [09/Mar/2012:23:04:47 -0800] "-" 400 0 "-" "-"
122.165.76.213 - - [09/Mar/2012:23:04:47 -0800] "-" 400 0 "-" "-"
122.165.76.213 - - [09/Mar/2012:23:05:07 -0800] "-" 400 0 "-" "-"
122.165.76.213 - - [09/Mar/2012:23:05:07 -0800] "-" 400 0 "-" "-"
122.165.76.213 - - [09/Mar/2012:23:05:07 -0800] "-" 400 0 "-" "-"
101.212.20.30 - - [09/Mar/2012:23:05:15 -0800] "-" 400 0 "-" "-"
14.99.94.126 - - [09/Mar/2012:23:05:26 -0800] "-" 400 0 "-" "-"
14.99.94.126 - - [09/Mar/2012:23:05:26 -0800] "-" 400 0 "-" "-"
14.99.94.126 - - [09/Mar/2012:23:05:26 -0800] "-" 400 0 "-" "-"
14.99.94.126 - - [09/Mar/2012:23:05:26 -0800] "-" 400 0 "-" "-"
122.165.76.213 - - [09/Mar/2012:23:05:27 -0800] "-" 400 0 "-" "-"
220.227.35.177 - - [09/Mar/2012:23:05:27 -0800] "GET /r/1q34 HTTP/1.1" 301 257 "http://ta.wikipedia.org/wiki/%E0%AE%89%E0%AE%B2%E0%AE%95_%E0%AE%92%E0%AE%B0%E0%AF%81%E0%AE%AE%E0%AF%88%E0%AE%AA%E0%AF%8D%E0%AE%AA%E0%AE%BE%E0%AE%9F%E0%AF%81" "Mozilla/4.0 (compatible; MSIE 8.0; Windows NT 6.0)"
122.165.76.213 - - [09/Mar/2012:23:05:27 -0800] "-" 400 0 "-" "-"
220.227.35.177 - - [09/Mar/2012:23:05:28 -0800] "GET /s/ta/1q34/ HTTP/1.1" 302 437 "http://ta.wikipedia.org/wiki/%E0%AE%89%E0%AE%B2%E0%AE%95_%E0%AE%92%E0%AE%B0%E0%AF%81%E0%AE%AE%E0%AF%88%E0%AE%AA%E0%AF%8D%E0%AE%AA%E0%AE%BE%E0%AE%9F%E0%AF%81" "Mozilla/4.0 (compatible; MSIE 8.0; Windows NT 6.0)"
122.164.231.158 - - [09/Mar/2012:23:05:49 -0800] "-" 400 0 "-" "-"
122.165.76.213 - - [09/Mar/2012:23:06:17 -0800] "-" 400 0 "-" "-"
14.99.94.126 - - [09/Mar/2012:23:06:24 -0800] "-" 400 0 "-" "-"
14.99.94.126 - - [09/Mar/2012:23:06:24 -0800] "-" 400 0 "-" "-"
223.236.231.180 - - [09/Mar/2012:23:07:04 -0800] "-" 400 0 "-" "-"
223.236.231.180 - - [09/Mar/2012:23:07:04 -0800] "-" 400 0 "-" "-"
77.21.147.173 - - [09/Mar/2012:23:08:45 -0800] "GET /blog HTTP/1.1" 301 178 "-" "findlinks/2.0.2 (+http://wortschatz.uni-leipzig.de/findlinks/)"
101.212.20.30 - - [09/Mar/2012:23:08:45 -0800] "-" 400 0 "-" "-"
101.212.20.30 - - [09/Mar/2012:23:08:45 -0800] "-" 400 0 "-" "-"
101.212.20.30 - - [09/Mar/2012:23:08:45 -0800] "-" 400 0 "-" "-"
77.21.147.173 - - [09/Mar/2012:23:08:46 -0800] "GET /blog/ HTTP/1.1" 200 33230 "-" "findlinks/2.0.2 (+http://wortschatz.uni-leipzig.de/findlinks/)"
85.17.88.169 - - [09/Mar/2012:23:09:46 -0800] "POST /blog/wp-cron.php?doing_wp_cron=1331363313 HTTP/1.0" 499 0 "-" "WordPress/3.3.1; http://yuvi.in/blog"
129.34.20.23 - - [09/Mar/2012:23:09:46 -0800] "GET /blog/feed/ HTTP/1.1" 200 21860 "-" "Mozilla/5.0 (Windows; U; Windows NT 5.1; en-US; rv:1.9.0.3) Gecko/2008092417 Firefox/3.0.3"
85.17.88.169 - - [09/Mar/2012:23:09:50 -0800] "POST /blog/wp-cron.php?doing_wp_cron=1331363318 HTTP/1.0" 499 0 "-" "WordPress/3.3.1; http://yuvi.in/blog"
129.34.20.23 - - [09/Mar/2012:23:09:50 -0800] "GET /blog/my-vimrc/ HTTP/1.1" 200 16044 "-" "Mozilla/5.0 (Windows; U; Windows NT 5.1; en-US; rv:1.9.0.3) Gecko/2008092417 Firefox/3.0.3"
122.165.80.137 - - [09/Mar/2012:23:09:57 -0800] "-" 400 0 "-" "-"
122.164.231.158 - - [09/Mar/2012:23:10:09 -0800] "-" 400 0 "-" "-"
122.164.231.158 - - [09/Mar/2012:23:10:09 -0800] "-" 400 0 "-" "-"
122.164.231.158 - - [09/Mar/2012:23:10:09 -0800] "-" 400 0 "-" "-"
122.164.231.158 - - [09/Mar/2012:23:10:09 -0800] "-" 400 0 "-" "-"
122.164.231.158 - - [09/Mar/2012:23:10:09 -0800] "-" 400 0 "-" "-"
122.165.80.137 - - [09/Mar/2012:23:10:15 -0800] "-" 400 0 "-" "-"
85.17.88.169 - - [09/Mar/2012:23:10:56 -0800] "POST /blog/wp-cron.php?doing_wp_cron=1331363384 HTTP/1.0" 499 0 "-" "WordPress/3.3.1; http://yuvi.in/blog"
209.85.224.87 - - [09/Mar/2012:23:10:56 -0800] "GET /blog/feed HTTP/1.1" 304 0 "-" "FeedBurner/1.0 (http://www.FeedBurner.com)"
59.90.247.164 - - [09/Mar/2012:23:11:13 -0800] "-" 400 0 "-" "-"
122.164.231.158 - - [09/Mar/2012:23:11:29 -0800] "-" 400 0 "-" "-"
122.164.231.158 - - [09/Mar/2012:23:12:19 -0800] "-" 400 0 "-" "-"
121.246.27.77 - - [09/Mar/2012:23:14:11 -0800] "-" 400 0 "-" "-"
85.17.88.169 - - [09/Mar/2012:23:14:26 -0800] "POST /blog/wp-cron.php?doing_wp_cron=1331363594 HTTP/1.0" 499 0 "-" "WordPress/3.3.1; http://yuvi.in/blog"
209.85.238.248 - - [09/Mar/2012:23:14:26 -0800] "GET /blog/feed HTTP/1.1" 301 0 "-" "Feedfetcher-Google; (+http://www.google.com/feedfetcher.html; 3 subscribers; feed-id=17684830852112633560)"
85.17.88.169 - - [09/Mar/2012:23:14:28 -0800] "POST /blog/wp-cron.php?doing_wp_cron=1331363596 HTTP/1.0" 499 0 "-" "WordPress/3.3.1; http://yuvi.in/blog"
209.85.238.248 - - [09/Mar/2012:23:14:29 -0800] "GET /blog/feed/ HTTP/1.1" 304 0 "-" "Feedfetcher-Google; (+http://www.google.com/feedfetcher.html; 3 subscribers; feed-id=17684830852112633560)"
117.239.71.113 - - [09/Mar/2012:23:17:29 -0800] "GET /r/lcu HTTP/1.1" 301 255 "http://ta.wikipedia.org/wiki/%E0%AE%B5%E0%AF%87%E0%AE%B2%E0%AF%88%E0%AE%95%E0%AF%8D%E0%AE%95%E0%AE%BE%E0%AE%B0%E0%AE%BF_(%E0%AE%A4%E0%AE%BF%E0%AE%B0%E0%AF%88%E0%AE%AA%E0%AF%8D%E0%AE%AA%E0%AE%9F%E0%AE%AE%E0%AF%8D)" "Mozilla/5.0 (Windows NT 5.1; rv:5.0) Gecko/20100101 Firefox/5.0"
117.239.71.113 - - [09/Mar/2012:23:17:31 -0800] "GET /s/ta/lcu/ HTTP/1.1" 302 517 "http://ta.wikipedia.org/wiki/%E0%AE%B5%E0%AF%87%E0%AE%B2%E0%AF%88%E0%AE%95%E0%AF%8D%E0%AE%95%E0%AE%BE%E0%AE%B0%E0%AE%BF_(%E0%AE%A4%E0%AE%BF%E0%AE%B0%E0%AF%88%E0%AE%AA%E0%AF%8D%E0%AE%AA%E0%AE%9F%E0%AE%AE%E0%AF%8D)" "Mozilla/5.0 (Windows NT 5.1; rv:5.0) Gecko/20100101 Firefox/5.0"
117.239.71.113 - - [09/Mar/2012:23:18:14 -0800] "GET /s/ta/lcu/ HTTP/1.1" 302 517 "http://ta.wikipedia.org/wiki/%E0%AE%B5%E0%AF%87%E0%AE%B2%E0%AF%88%E0%AE%95%E0%AF%8D%E0%AE%95%E0%AE%BE%E0%AE%B0%E0%AE%BF_(%E0%AE%A4%E0%AE%BF%E0%AE%B0%E0%AF%88%E0%AE%AA%E0%AF%8D%E0%AE%AA%E0%AE%9F%E0%AE%AE%E0%AF%8D)" "Mozilla/5.0 (Windows NT 5.1; rv:5.0) Gecko/20100101 Firefox/5.0"
115.242.170.82 - - [09/Mar/2012:23:18:57 -0800] "-" 400 0 "-" "-"
122.174.2.190 - - [09/Mar/2012:23:19:15 -0800] "-" 400 0 "-" "-"
122.174.2.190 - - [09/Mar/2012:23:19:15 -0800] "-" 400 0 "-" "-"
121.246.27.77 - - [09/Mar/2012:23:21:12 -0800] "-" 400 0 "-" "-"
121.246.27.77 - - [09/Mar/2012:23:21:44 -0800] "-" 400 0 "-" "-"
202.89.110.98 - - [09/Mar/2012:23:23:12 -0800] "GET /r/226a HTTP/1.1" 301 257 "http://ta.wikipedia.org/wiki/%E0%AE%AE%E0%AE%BE%E0%AE%B1%E0%AF%8D%E0%AE%B1%E0%AF%81%E0%AE%A4%E0%AF%8D_%E0%AE%A4%E0%AE%BF%E0%AE%B1%E0%AE%A9%E0%AE%BE%E0%AE%B3%E0%AE%BF%E0%AE%95%E0%AE%B3%E0%AF%81%E0%AE%95%E0%AF%8D%E0%AE%95%E0%AE%BE%E0%AE%A9_%E0%AE%87%E0%AE%B2%E0%AE%B5%E0%AE%9A%E0%AE%AA%E0%AF%8D_%E0%AE%AA%E0%AE%AF%E0%AE%A3%E0%AE%9A%E0%AF%8D_%E0%AE%9A%E0%AE%B2%E0%AF%81%E0%AE%95%E0%AF%88" "Mozilla/5.0 (Windows NT 5.1) AppleWebKit/535.11 (KHTML, like Gecko) Chrome/17.0.963.78 Safari/535.11"
202.89.110.98 - - [09/Mar/2012:23:23:13 -0800] "GET /s/ta/226a/ HTTP/1.1" 302 749 "http://ta.wikipedia.org/wiki/%E0%AE%AE%E0%AE%BE%E0%AE%B1%E0%AF%8D%E0%AE%B1%E0%AF%81%E0%AE%A4%E0%AF%8D_%E0%AE%A4%E0%AE%BF%E0%AE%B1%E0%AE%A9%E0%AE%BE%E0%AE%B3%E0%AE%BF%E0%AE%95%E0%AE%B3%E0%AF%81%E0%AE%95%E0%AF%8D%E0%AE%95%E0%AE%BE%E0%AE%A9_%E0%AE%87%E0%AE%B2%E0%AE%B5%E0%AE%9A%E0%AE%AA%E0%AF%8D_%E0%AE%AA%E0%AE%AF%E0%AE%A3%E0%AE%9A%E0%AF%8D_%E0%AE%9A%E0%AE%B2%E0%AF%81%E0%AE%95%E0%AF%88" "Mozilla/5.0 (Windows NT 5.1) AppleWebKit/535.11 (KHTML, like Gecko) Chrome/17.0.963.78 Safari/535.11"
66.249.72.132 - - [09/Mar/2012:23:23:15 -0800] "GET /robots.txt HTTP/1.1" 404 142 "-" "Mozilla/5.0 (compatible; Googlebot/2.1; +http://www.google.com/bot.html)"
66.249.72.132 - - [09/Mar/2012:23:23:15 -0800] "GET /stories/tag/black.html HTTP/1.1" 200 1118 "-" "Mozilla/5.0 (iPhone; U; CPU iPhone OS 4_1 like Mac OS X; en-us) AppleWebKit/532.9 (KHTML, like Gecko) Version/4.0.5 Mobile/8B117 Safari/6531.22.7 (compatible; Googlebot-Mobile/2.1; +http://www.google.com/bot.html)"
121.246.27.77 - - [09/Mar/2012:23:24:03 -0800] "-" 400 0 "-" "-"
122.164.245.102 - - [09/Mar/2012:23:24:13 -0800] "-" 400 0 "-" "-"
208.115.113.84 - - [09/Mar/2012:23:24:17 -0800] "GET /robots.txt HTTP/1.1" 404 169 "-" "Mozilla/5.0 (compatible; Ezooms/1.0; ezooms.bot@gmail.com)"
207.46.204.164 - - [09/Mar/2012:23:24:27 -0800] "-" 400 0 "-" "-"
207.46.204.164 - - [09/Mar/2012:23:24:29 -0800] "-" 400 0 "-" "-"
207.46.204.164 - - [09/Mar/2012:23:24:29 -0800] "-" 400 0 "-" "-"
207.46.204.164 - - [09/Mar/2012:23:24:30 -0800] "-" 400 0 "-" "-"
207.46.204.164 - - [09/Mar/2012:23:24:30 -0800] "-" 400 0 "-" "-"
207.46.204.164 - - [09/Mar/2012:23:24:31 -0800] "-" 400 0 "-" "-"
207.46.204.164 - - [09/Mar/2012:23:24:31 -0800] "-" 400 0 "-" "-"
207.46.204.164 - - [09/Mar/2012:23:24:31 -0800] "-" 400 0 "-" "-"
207.46.204.164 - - [09/Mar/2012:23:24:31 -0800] "-" 400 0 "-" "-"
207.46.204.164 - - [09/Mar/2012:23:24:32 -0800] "-" 400 0 "-" "-"
121.246.27.77 - - [09/Mar/2012:23:24:39 -0800] "-" 400 0 "-" "-"
207.46.204.164 - - [09/Mar/2012:23:25:11 -0800] "-" 400 0 "-" "-"
85.17.88.169 - - [09/Mar/2012:23:26:36 -0800] "POST /blog/wp-cron.php?doing_wp_cron=1331364324 HTTP/1.0" 499 0 "-" "WordPress/3.3.1; http://yuvi.in/blog"
180.76.5.147 - - [09/Mar/2012:23:26:37 -0800] "GET /blog/2009/08/28/ HTTP/1.1" 200 4212 "-" "Mozilla/5.0 (compatible; Baiduspider/2.0; +http://www.baidu.com/search/spider.html)"
85.17.88.169 - - [09/Mar/2012:23:26:40 -0800] "POST /blog/wp-cron.php?doing_wp_cron=1331364327 HTTP/1.0" 499 0 "-" "WordPress/3.3.1; http://yuvi.in/blog"
66.249.72.132 - - [09/Mar/2012:23:26:40 -0800] "GET /blog/non-ascii-characters-http-headers/feed/atom/ HTTP/1.1" 200 2223 "-" "Mozilla/5.0 (compatible; Googlebot/2.1; +http://www.google.com/bot.html)"
202.179.73.22 - - [09/Mar/2012:23:28:58 -0800] "-" 400 0 "-" "-"
117.230.169.216 - - [09/Mar/2012:23:29:08 -0800] "GET /r/9jy HTTP/1.1" 301 255 "http://ta.wikipedia.org/wiki/%E0%AE%AE%E0%AF%82%E0%AE%95%E0%AF%8D%E0%AE%95%E0%AF%81%E0%AE%9A%E0%AF%8D%E0%AE%9A%E0%AE%B3%E0%AE%BF" "Mozilla/5.0 (Windows NT 5.1) AppleWebKit/535.11 (KHTML, like Gecko) Chrome/17.0.963.56 Safari/535.11"
117.230.169.216 - - [09/Mar/2012:23:29:10 -0800] "GET /s/ta/9jy/ HTTP/1.1" 302 397 "http://ta.wikipedia.org/wiki/%E0%AE%AE%E0%AF%82%E0%AE%95%E0%AF%8D%E0%AE%95%E0%AF%81%E0%AE%9A%E0%AF%8D%E0%AE%9A%E0%AE%B3%E0%AE%BF" "Mozilla/5.0 (Windows NT 5.1) AppleWebKit/535.11 (KHTML, like Gecko) Chrome/17.0.963.56 Safari/535.11"
121.246.27.77 - - [09/Mar/2012:23:30:32 -0800] "-" 400 0 "-" "-"
141.0.8.132 - - [09/Mar/2012:23:30:44 -0800] "-" 400 0 "-" "-"
141.0.8.132 - - [09/Mar/2012:23:30:44 -0800] "-" 400 0 "-" "-"
141.0.8.132 - - [09/Mar/2012:23:30:44 -0800] "-" 400 0 "-" "-"
122.164.41.248 - - [09/Mar/2012:23:31:17 -0800] "-" 400 0 "-" "-"
122.164.41.248 - - [09/Mar/2012:23:31:27 -0800] "-" 400 0 "-" "-"
85.17.88.169 - - [09/Mar/2012:23:32:31 -0800] "POST /blog/wp-cron.php?doing_wp_cron=1331364679 HTTP/1.0" 499 0 "-" "WordPress/3.3.1; http://yuvi.in/blog"
63.223.125.207 - - [09/Mar/2012:23:32:31 -0800] "GET /blog/feed/atom/ HTTP/1.1" 304 0 "-" "Mozilla/5.0 (compatible; MSIE 9.0; Windows NT 6.1; WOW64; Trident/5.0; .NET CLR 3.5.30729; .NET CLR 3.0.30729; .NET CLR 2.0.50727; Media Center PC 6.0)"
121.246.27.77 - - [09/Mar/2012:23:33:13 -0800] "-" 400 0 "-" "-"
207.46.204.166 - - [09/Mar/2012:23:33:27 -0800] "-" 400 0 "-" "-"
207.46.204.166 - - [09/Mar/2012:23:33:27 -0800] "-" 400 0 "-" "-"
207.46.204.166 - - [09/Mar/2012:23:33:27 -0800] "-" 400 0 "-" "-"
207.46.204.166 - - [09/Mar/2012:23:33:27 -0800] "-" 400 0 "-" "-"
207.46.204.166 - - [09/Mar/2012:23:33:27 -0800] "-" 400 0 "-" "-"
207.46.204.166 - - [09/Mar/2012:23:33:27 -0800] "-" 400 0 "-" "-"
207.46.204.166 - - [09/Mar/2012:23:33:27 -0800] "-" 400 0 "-" "-"
207.46.204.166 - - [09/Mar/2012:23:33:27 -0800] "-" 400 0 "-" "-"
66.249.72.238 - - [09/Mar/2012:23:35:27 -0800] "GET /r/2bzj HTTP/1.1" 301 257 "-" "Mozilla/5.0 (compatible; Googlebot/2.1; +http://www.google.com/bot.html)"
66.249.72.238 - - [09/Mar/2012:23:35:28 -0800] "GET /s/ta/2bzj/ HTTP/1.1" 302 577 "-" "Mozilla/5.0 (compatible; Googlebot/2.1; +http://www.google.com/bot.html)"
210.212.254.66 - - [09/Mar/2012:23:36:19 -0800] "GET /r/ezz HTTP/1.0" 301 255 "http://ta.wikipedia.org/wiki/%E0%AE%B5%E0%AE%9F%E0%AF%8D%E0%AE%9F%E0%AF%86%E0%AE%B4%E0%AF%81%E0%AE%A4%E0%AF%8D%E0%AE%A4%E0%AF%81" "Mozilla/4.0 (compatible; MSIE 6.0; Windows NT 5.1; SV1; InfoPath.2)"
210.212.254.66 - - [09/Mar/2012:23:36:19 -0800] "GET /s/ta/ezz/ HTTP/1.0" 302 397 "http://ta.wikipedia.org/wiki/%E0%AE%B5%E0%AE%9F%E0%AF%8D%E0%AE%9F%E0%AF%86%E0%AE%B4%E0%AF%81%E0%AE%A4%E0%AF%8D%E0%AE%A4%E0%AF%81" "Mozilla/4.0 (compatible; MSIE 6.0; Windows NT 5.1; SV1; InfoPath.2)"
96.2.82.137 - - [09/Mar/2012:23:37:03 -0800] "GET /robots.txt HTTP/1.0" 404 169 "-" "Mozilla/5.0 (compatible; MJ12bot/v1.4.2; http://www.majestic12.co.uk/bot.php?+)"
85.17.88.169 - - [09/Mar/2012:23:37:07 -0800] "POST /blog/wp-cron.php?doing_wp_cron=1331364955 HTTP/1.0" 499 0 "-" "WordPress/3.3.1; http://yuvi.in/blog"
96.2.82.137 - - [09/Mar/2012:23:37:08 -0800] "GET /blog/2009/06 HTTP/1.1" 301 0 "-" "Mozilla/5.0 (compatible; MJ12bot/v1.4.2; http://www.majestic12.co.uk/bot.php?+)"
85.17.88.169 - - [09/Mar/2012:23:37:11 -0800] "POST /blog/wp-cron.php?doing_wp_cron=1331364958 HTTP/1.0" 499 0 "-" "WordPress/3.3.1; http://yuvi.in/blog"
96.2.82.137 - - [09/Mar/2012:23:37:11 -0800] "GET /blog/2009/06/ HTTP/1.1" 200 27930 "-" "Mozilla/5.0 (compatible; MJ12bot/v1.4.2; http://www.majestic12.co.uk/bot.php?+)"
85.17.88.169 - - [09/Mar/2012:23:37:17 -0800] "POST /blog/wp-cron.php?doing_wp_cron=1331364965 HTTP/1.0" 499 0 "-" "WordPress/3.3.1; http://yuvi.in/blog"
96.2.82.137 - - [09/Mar/2012:23:37:17 -0800] "GET /blog/devlog-december-10-2011 HTTP/1.1" 301 0 "-" "Mozilla/5.0 (compatible; MJ12bot/v1.4.2; http://www.majestic12.co.uk/bot.php?+)"
85.17.88.169 - - [09/Mar/2012:23:37:21 -0800] "POST /blog/wp-cron.php?doing_wp_cron=1331364969 HTTP/1.0" 499 0 "-" "WordPress/3.3.1; http://yuvi.in/blog"
