98.172.15.254 - - [26/Mar/2012:08:57:39 -0700] "GET /favicon.ico HTTP/1.1" 404 169 "-" "Caffeinated/1.1.1 CFNetwork/520.3.2 Darwin/11.3.0 (x86_64) (MacBookPro8%2C1)"
72.229.228.226 - - [26/Mar/2012:08:57:40 -0700] "GET /blog/ HTTP/1.1" 200 9194 "-" "Mozilla/5.0 (X11; Ubuntu; Linux x86_64; rv:11.0) Gecko/20100101 Firefox/11.0"
72.229.228.226 - - [26/Mar/2012:08:57:40 -0700] "GET /blog/wp-includes/js/jquery/jquery.js?ver=1.7.1 HTTP/1.1" 304 0 "http://yuvi.in/blog/" "Mozilla/5.0 (X11; Ubuntu; Linux x86_64; rv:11.0) Gecko/20100101 Firefox/11.0"
72.229.228.226 - - [26/Mar/2012:08:57:40 -0700] "GET /blog/wp-content/themes/cleanr/js/jquery.dropdown.js?ver=3.3.1 HTTP/1.1" 304 0 "http://yuvi.in/blog/" "Mozilla/5.0 (X11; Ubuntu; Linux x86_64; rv:11.0) Gecko/20100101 Firefox/11.0"
98.172.15.254 - - [26/Mar/2012:08:58:28 -0700] "GET /favicon.ico HTTP/1.1" 404 169 "-" "Caffeinated/1.1.1 CFNetwork/520.3.2 Darwin/11.3.0 (x86_64) (MacBookPro8%2C1)"
98.172.15.254 - - [26/Mar/2012:08:59:07 -0700] "GET /favicon.ico HTTP/1.1" 404 169 "-" "Caffeinated/1.1.1 CFNetwork/520.3.2 Darwin/11.3.0 (x86_64) (MacBookPro8%2C1)"
207.46.12.246 - - [26/Mar/2012:08:59:33 -0700] "-" 400 0 "-" "-"
207.46.12.246 - - [26/Mar/2012:08:59:33 -0700] "-" 400 0 "-" "-"
207.46.12.246 - - [26/Mar/2012:08:59:33 -0700] "-" 400 0 "-" "-"
207.46.12.246 - - [26/Mar/2012:08:59:33 -0700] "-" 400 0 "-" "-"
207.46.12.246 - - [26/Mar/2012:08:59:33 -0700] "-" 400 0 "-" "-"
207.46.12.246 - - [26/Mar/2012:08:59:33 -0700] "-" 400 0 "-" "-"
207.46.12.246 - - [26/Mar/2012:08:59:33 -0700] "-" 400 0 "-" "-"
141.0.9.136 - - [26/Mar/2012:08:59:53 -0700] "-" 400 0 "-" "-"
98.172.15.254 - - [26/Mar/2012:09:00:01 -0700] "GET /favicon.ico HTTP/1.1" 404 169 "-" "Caffeinated/1.1.1 CFNetwork/520.3.2 Darwin/11.3.0 (x86_64) (MacBookPro8%2C1)"
207.46.12.246 - - [26/Mar/2012:09:00:07 -0700] "-" 400 0 "-" "-"
207.46.12.246 - - [26/Mar/2012:09:00:07 -0700] "-" 400 0 "-" "-"
207.46.12.246 - - [26/Mar/2012:09:00:17 -0700] "-" 400 0 "-" "-"
207.46.12.246 - - [26/Mar/2012:09:00:17 -0700] "-" 400 0 "-" "-"
98.172.15.254 - - [26/Mar/2012:09:01:00 -0700] "GET /favicon.ico HTTP/1.1" 404 169 "-" "Caffeinated/1.1.1 CFNetwork/520.3.2 Darwin/11.3.0 (x86_64) (MacBookPro8%2C1)"
98.172.15.254 - - [26/Mar/2012:09:01:41 -0700] "GET /favicon.ico HTTP/1.1" 404 169 "-" "Caffeinated/1.1.1 CFNetwork/520.3.2 Darwin/11.3.0 (x86_64) (MacBookPro8%2C1)"
59.92.24.120 - - [26/Mar/2012:09:02:31 -0700] "-" 400 0 "-" "-"
98.172.15.254 - - [26/Mar/2012:09:02:36 -0700] "GET / HTTP/1.1" 304 0 "-" "Caffeinated/1.1.1 CFNetwork/520.3.2 Darwin/11.3.0 (x86_64) (MacBookPro8%2C1)"
98.172.15.254 - - [26/Mar/2012:09:02:36 -0700] "GET /favicon.ico HTTP/1.1" 404 169 "-" "Caffeinated/1.1.1 CFNetwork/520.3.2 Darwin/11.3.0 (x86_64) (MacBookPro8%2C1)"
98.172.15.254 - - [26/Mar/2012:09:03:11 -0700] "GET /favicon.ico HTTP/1.1" 404 169 "-" "Caffeinated/1.1.1 CFNetwork/520.3.2 Darwin/11.3.0 (x86_64) (MacBookPro8%2C1)"
100.43.83.144 - - [26/Mar/2012:09:03:42 -0700] "GET /blog/picks-from-autogenerated-freya-quotes-nsfw.html HTTP/1.1" 200 3136 "-" "Mozilla/5.0 (compatible; YandexBot/3.0; +http://yandex.com/bots)"
59.92.24.120 - - [26/Mar/2012:09:04:01 -0700] "-" 400 0 "-" "-"
98.172.15.254 - - [26/Mar/2012:09:04:09 -0700] "GET /favicon.ico HTTP/1.1" 404 169 "-" "Caffeinated/1.1.1 CFNetwork/520.3.2 Darwin/11.3.0 (x86_64) (MacBookPro8%2C1)"
115.249.210.42 - - [26/Mar/2012:09:04:20 -0700] "-" 400 0 "-" "-"
115.249.210.42 - - [26/Mar/2012:09:04:20 -0700] "-" 400 0 "-" "-"
115.249.210.42 - - [26/Mar/2012:09:04:20 -0700] "-" 400 0 "-" "-"
115.249.210.42 - - [26/Mar/2012:09:04:20 -0700] "-" 400 0 "-" "-"
98.172.15.254 - - [26/Mar/2012:09:04:39 -0700] "GET /favicon.ico HTTP/1.1" 404 169 "-" "Caffeinated/1.1.1 CFNetwork/520.3.2 Darwin/11.3.0 (x86_64) (MacBookPro8%2C1)"
98.172.15.254 - - [26/Mar/2012:09:05:38 -0700] "GET /favicon.ico HTTP/1.1" 404 169 "-" "Caffeinated/1.1.1 CFNetwork/520.3.2 Darwin/11.3.0 (x86_64) (MacBookPro8%2C1)"
98.172.15.254 - - [26/Mar/2012:09:06:04 -0700] "GET /favicon.ico HTTP/1.1" 404 169 "-" "Caffeinated/1.1.1 CFNetwork/520.3.2 Darwin/11.3.0 (x86_64) (MacBookPro8%2C1)"
98.172.15.254 - - [26/Mar/2012:09:07:04 -0700] "GET /favicon.ico HTTP/1.1" 404 169 "-" "Caffeinated/1.1.1 CFNetwork/520.3.2 Darwin/11.3.0 (x86_64) (MacBookPro8%2C1)"
98.172.15.254 - - [26/Mar/2012:09:07:34 -0700] "GET /favicon.ico HTTP/1.1" 404 169 "-" "Caffeinated/1.1.1 CFNetwork/520.3.2 Darwin/11.3.0 (x86_64) (MacBookPro8%2C1)"
112.135.36.67 - - [26/Mar/2012:09:07:49 -0700] "GET /r/1am HTTP/1.1" 301 255 "http://ta.wikipedia.org/wiki/%E0%AE%B5%E0%AE%BF%E0%AE%95%E0%AF%8D%E0%AE%95%E0%AE%BF%E0%AE%AA%E0%AF%8D%E0%AE%AA%E0%AF%80%E0%AE%9F%E0%AE%BF%E0%AE%AF%E0%AE%BE:%E0%AE%AE%E0%AE%A3%E0%AE%B2%E0%AF%8D%E0%AE%A4%E0%AF%8A%E0%AE%9F%E0%AF%8D%E0%AE%9F%E0%AE%BF" "Mozilla/5.0 (Windows NT 5.1; rv:11.0) Gecko/20100101 Firefox/11.0"
112.135.36.67 - - [26/Mar/2012:09:07:49 -0700] "GET /s/ta/1am/ HTTP/1.1" 302 555 "http://ta.wikipedia.org/wiki/%E0%AE%B5%E0%AE%BF%E0%AE%95%E0%AF%8D%E0%AE%95%E0%AE%BF%E0%AE%AA%E0%AF%8D%E0%AE%AA%E0%AF%80%E0%AE%9F%E0%AE%BF%E0%AE%AF%E0%AE%BE:%E0%AE%AE%E0%AE%A3%E0%AE%B2%E0%AF%8D%E0%AE%A4%E0%AF%8A%E0%AE%9F%E0%AF%8D%E0%AE%9F%E0%AE%BF" "Mozilla/5.0 (Windows NT 5.1; rv:11.0) Gecko/20100101 Firefox/11.0"
98.172.15.254 - - [26/Mar/2012:09:08:33 -0700] "GET / HTTP/1.1" 304 0 "-" "Caffeinated/1.1.1 CFNetwork/520.3.2 Darwin/11.3.0 (x86_64) (MacBookPro8%2C1)"
98.172.15.254 - - [26/Mar/2012:09:08:33 -0700] "GET /favicon.ico HTTP/1.1" 404 169 "-" "Caffeinated/1.1.1 CFNetwork/520.3.2 Darwin/11.3.0 (x86_64) (MacBookPro8%2C1)"
141.0.8.45 - - [26/Mar/2012:09:08:46 -0700] "GET /r/2y0h HTTP/1.1" 301 257 "-" "Opera/9.80 (J2ME/MIDP; Opera Mini/4.1.15082/27.1366; U; en) Presto/2.8.119 Version/11.10"
141.0.8.45 - - [26/Mar/2012:09:08:46 -0700] "GET /s/ta/2y0h/ HTTP/1.1" 302 425 "-" "Opera/9.80 (J2ME/MIDP; Opera Mini/4.1.15082/27.1366; U; en) Presto/2.8.119 Version/11.10"
141.0.8.45 - - [26/Mar/2012:09:08:57 -0700] "GET /r/2y0h HTTP/1.1" 301 257 "-" "Opera/9.80 (J2ME/MIDP; Opera Mini/4.1.15082/27.1366; U; en) Presto/2.8.119 Version/11.10"
141.0.8.45 - - [26/Mar/2012:09:08:57 -0700] "GET /s/ta/2y0h/ HTTP/1.1" 302 425 "-" "Opera/9.80 (J2ME/MIDP; Opera Mini/4.1.15082/27.1366; U; en) Presto/2.8.119 Version/11.10"
98.172.15.254 - - [26/Mar/2012:09:09:01 -0700] "GET /favicon.ico HTTP/1.1" 404 169 "-" "Caffeinated/1.1.1 CFNetwork/520.3.2 Darwin/11.3.0 (x86_64) (MacBookPro8%2C1)"
66.249.68.52 - - [26/Mar/2012:09:09:47 -0700] "GET /r/2jl9 HTTP/1.1" 301 257 "-" "Mozilla/5.0 (compatible; Googlebot/2.1; +http://www.google.com/bot.html)"
66.249.68.52 - - [26/Mar/2012:09:09:48 -0700] "GET /s/ta/2jl9/ HTTP/1.1" 302 573 "-" "Mozilla/5.0 (compatible; Googlebot/2.1; +http://www.google.com/bot.html)"
98.172.15.254 - - [26/Mar/2012:09:10:01 -0700] "GET /favicon.ico HTTP/1.1" 404 169 "-" "Caffeinated/1.1.1 CFNetwork/520.3.2 Darwin/11.3.0 (x86_64) (MacBookPro8%2C1)"
98.172.15.254 - - [26/Mar/2012:09:10:33 -0700] "GET /favicon.ico HTTP/1.1" 404 169 "-" "Caffeinated/1.1.1 CFNetwork/520.3.2 Darwin/11.3.0 (x86_64) (MacBookPro8%2C1)"
59.92.24.120 - - [26/Mar/2012:09:10:41 -0700] "-" 400 0 "-" "-"
59.92.24.120 - - [26/Mar/2012:09:10:41 -0700] "-" 400 0 "-" "-"
59.92.24.120 - - [26/Mar/2012:09:10:41 -0700] "-" 400 0 "-" "-"
59.92.24.120 - - [26/Mar/2012:09:10:41 -0700] "-" 400 0 "-" "-"
117.193.207.123 - - [26/Mar/2012:09:10:42 -0700] "-" 400 0 "-" "-"
117.193.207.123 - - [26/Mar/2012:09:10:43 -0700] "-" 400 0 "-" "-"
117.193.207.123 - - [26/Mar/2012:09:10:43 -0700] "-" 400 0 "-" "-"
117.193.207.123 - - [26/Mar/2012:09:10:43 -0700] "-" 400 0 "-" "-"
117.193.207.123 - - [26/Mar/2012:09:10:43 -0700] "-" 400 0 "-" "-"
117.193.207.123 - - [26/Mar/2012:09:10:43 -0700] "-" 400 0 "-" "-"
207.46.204.213 - - [26/Mar/2012:09:10:50 -0700] "-" 400 0 "-" "-"
207.46.204.213 - - [26/Mar/2012:09:10:51 -0700] "-" 400 0 "-" "-"
207.46.204.213 - - [26/Mar/2012:09:10:51 -0700] "-" 400 0 "-" "-"
207.46.204.213 - - [26/Mar/2012:09:10:52 -0700] "-" 400 0 "-" "-"
207.46.204.213 - - [26/Mar/2012:09:10:52 -0700] "-" 400 0 "-" "-"
207.46.204.213 - - [26/Mar/2012:09:10:53 -0700] "-" 400 0 "-" "-"
207.46.204.213 - - [26/Mar/2012:09:10:53 -0700] "-" 400 0 "-" "-"
207.46.204.213 - - [26/Mar/2012:09:10:54 -0700] "-" 400 0 "-" "-"
207.46.204.213 - - [26/Mar/2012:09:10:54 -0700] "-" 400 0 "-" "-"
98.172.15.254 - - [26/Mar/2012:09:11:31 -0700] "GET /favicon.ico HTTP/1.1" 404 169 "-" "Caffeinated/1.1.1 CFNetwork/520.3.2 Darwin/11.3.0 (x86_64) (MacBookPro8%2C1)"
122.174.183.156 - - [26/Mar/2012:09:11:42 -0700] "-" 400 0 "-" "-"
141.0.8.45 - - [26/Mar/2012:09:11:53 -0700] "GET /r/2ets HTTP/1.1" 301 257 "-" "Opera/9.80 (J2ME/MIDP; Opera Mini/4.1.15082/27.1366; U; en) Presto/2.8.119 Version/11.10"
141.0.8.45 - - [26/Mar/2012:09:11:53 -0700] "GET /s/ta/2ets/ HTTP/1.1" 302 349 "-" "Opera/9.80 (J2ME/MIDP; Opera Mini/4.1.15082/27.1366; U; en) Presto/2.8.119 Version/11.10"
98.172.15.254 - - [26/Mar/2012:09:12:02 -0700] "GET /favicon.ico HTTP/1.1" 404 169 "-" "Caffeinated/1.1.1 CFNetwork/520.3.2 Darwin/11.3.0 (x86_64) (MacBookPro8%2C1)"
66.249.68.52 - - [26/Mar/2012:09:12:10 -0700] "GET /r/2rbo HTTP/1.1" 301 257 "-" "SAMSUNG-SGH-E250/1.0 Profile/MIDP-2.0 Configuration/CLDC-1.1 UP.Browser/6.2.3.3.c.1.101 (GUI) MMP/2.0 (compatible; Googlebot-Mobile/2.1; +http://www.google.com/bot.html)"
66.249.68.52 - - [26/Mar/2012:09:12:11 -0700] "GET /s/ta/2rbo/ HTTP/1.1" 302 499 "-" "SAMSUNG-SGH-E250/1.0 Profile/MIDP-2.0 Configuration/CLDC-1.1 UP.Browser/6.2.3.3.c.1.101 (GUI) MMP/2.0 (compatible; Googlebot-Mobile/2.1; +http://www.google.com/bot.html)"
122.164.41.131 - - [26/Mar/2012:09:12:31 -0700] "-" 400 0 "-" "-"
59.92.24.120 - - [26/Mar/2012:09:12:31 -0700] "-" 400 0 "-" "-"
59.92.24.120 - - [26/Mar/2012:09:12:31 -0700] "-" 400 0 "-" "-"
59.92.24.120 - - [26/Mar/2012:09:12:31 -0700] "-" 400 0 "-" "-"
59.92.24.120 - - [26/Mar/2012:09:12:31 -0700] "-" 400 0 "-" "-"
59.92.24.120 - - [26/Mar/2012:09:12:31 -0700] "-" 400 0 "-" "-"
59.92.24.120 - - [26/Mar/2012:09:12:31 -0700] "-" 400 0 "-" "-"
122.164.41.131 - - [26/Mar/2012:09:12:33 -0700] "-" 400 0 "-" "-"
98.172.15.254 - - [26/Mar/2012:09:13:03 -0700] "GET /favicon.ico HTTP/1.1" 404 169 "-" "Caffeinated/1.1.1 CFNetwork/520.3.2 Darwin/11.3.0 (x86_64) (MacBookPro8%2C1)"
98.172.15.254 - - [26/Mar/2012:09:13:34 -0700] "GET / HTTP/1.1" 304 0 "-" "Caffeinated/1.1.1 CFNetwork/520.3.2 Darwin/11.3.0 (x86_64) (MacBookPro8%2C1)"
98.172.15.254 - - [26/Mar/2012:09:13:34 -0700] "GET /favicon.ico HTTP/1.1" 404 169 "-" "Caffeinated/1.1.1 CFNetwork/520.3.2 Darwin/11.3.0 (x86_64) (MacBookPro8%2C1)"
207.46.204.216 - - [26/Mar/2012:09:13:48 -0700] "-" 400 0 "-" "-"
207.46.204.216 - - [26/Mar/2012:09:13:48 -0700] "-" 400 0 "-" "-"
207.46.204.216 - - [26/Mar/2012:09:13:48 -0700] "-" 400 0 "-" "-"
207.46.204.216 - - [26/Mar/2012:09:13:49 -0700] "-" 400 0 "-" "-"
207.46.204.216 - - [26/Mar/2012:09:13:49 -0700] "-" 400 0 "-" "-"
207.46.204.216 - - [26/Mar/2012:09:13:49 -0700] "-" 400 0 "-" "-"
207.46.204.216 - - [26/Mar/2012:09:13:49 -0700] "-" 400 0 "-" "-"
59.92.24.120 - - [26/Mar/2012:09:14:01 -0700] "-" 400 0 "-" "-"
98.172.15.254 - - [26/Mar/2012:09:14:32 -0700] "GET /favicon.ico HTTP/1.1" 404 169 "-" "Caffeinated/1.1.1 CFNetwork/520.3.2 Darwin/11.3.0 (x86_64) (MacBookPro8%2C1)"
207.46.204.216 - - [26/Mar/2012:09:14:32 -0700] "-" 400 0 "-" "-"
207.46.204.216 - - [26/Mar/2012:09:14:32 -0700] "-" 400 0 "-" "-"
207.46.204.216 - - [26/Mar/2012:09:14:32 -0700] "-" 400 0 "-" "-"
207.46.204.216 - - [26/Mar/2012:09:14:32 -0700] "-" 400 0 "-" "-"
117.193.168.235 - - [26/Mar/2012:09:14:33 -0700] "-" 400 0 "-" "-"
209.85.224.90 - - [26/Mar/2012:09:14:35 -0700] "GET /stories/feed HTTP/1.1" 200 13653 "-" "FeedBurner/1.0 (http://www.FeedBurner.com)"
207.46.204.173 - - [26/Mar/2012:09:14:49 -0700] "-" 400 0 "-" "-"
207.46.204.173 - - [26/Mar/2012:09:14:51 -0700] "-" 400 0 "-" "-"
207.46.204.173 - - [26/Mar/2012:09:14:51 -0700] "-" 400 0 "-" "-"
207.46.204.173 - - [26/Mar/2012:09:14:52 -0700] "-" 400 0 "-" "-"
207.46.204.173 - - [26/Mar/2012:09:14:52 -0700] "-" 400 0 "-" "-"
207.46.204.173 - - [26/Mar/2012:09:14:53 -0700] "-" 400 0 "-" "-"
207.46.204.173 - - [26/Mar/2012:09:14:53 -0700] "-" 400 0 "-" "-"
207.46.204.173 - - [26/Mar/2012:09:14:53 -0700] "-" 400 0 "-" "-"
207.46.204.173 - - [26/Mar/2012:09:14:53 -0700] "-" 400 0 "-" "-"
207.46.204.173 - - [26/Mar/2012:09:14:53 -0700] "-" 400 0 "-" "-"
98.172.15.254 - - [26/Mar/2012:09:15:03 -0700] "GET /favicon.ico HTTP/1.1" 404 169 "-" "Caffeinated/1.1.1 CFNetwork/520.3.2 Darwin/11.3.0 (x86_64) (MacBookPro8%2C1)"
213.93.87.91 - - [26/Mar/2012:09:15:48 -0700] "GET /robots.txt HTTP/1.0" 404 169 "-" "Mozilla/5.0 (compatible; MJ12bot/v1.4.2; http://www.majestic12.co.uk/bot.php?+)"
213.93.87.91 - - [26/Mar/2012:09:15:50 -0700] "GET / HTTP/1.1" 200 3439 "-" "Mozilla/5.0 (compatible; MJ12bot/v1.4.2; http://www.majestic12.co.uk/bot.php?+)"
98.172.15.254 - - [26/Mar/2012:09:16:02 -0700] "GET /favicon.ico HTTP/1.1" 404 169 "-" "Caffeinated/1.1.1 CFNetwork/520.3.2 Darwin/11.3.0 (x86_64) (MacBookPro8%2C1)"
117.193.168.235 - - [26/Mar/2012:09:16:02 -0700] "-" 400 0 "-" "-"
98.172.15.254 - - [26/Mar/2012:09:16:32 -0700] "GET /favicon.ico HTTP/1.1" 404 169 "-" "Caffeinated/1.1.1 CFNetwork/520.3.2 Darwin/11.3.0 (x86_64) (MacBookPro8%2C1)"
117.193.168.235 - - [26/Mar/2012:09:16:32 -0700] "-" 400 0 "-" "-"
117.193.168.235 - - [26/Mar/2012:09:16:32 -0700] "-" 400 0 "-" "-"
117.193.168.235 - - [26/Mar/2012:09:16:32 -0700] "-" 400 0 "-" "-"
117.193.168.235 - - [26/Mar/2012:09:16:32 -0700] "-" 400 0 "-" "-"
117.193.168.235 - - [26/Mar/2012:09:16:32 -0700] "-" 400 0 "-" "-"
207.46.204.169 - - [26/Mar/2012:09:16:45 -0700] "-" 400 0 "-" "-"
207.46.204.169 - - [26/Mar/2012:09:16:47 -0700] "-" 400 0 "-" "-"
207.46.204.169 - - [26/Mar/2012:09:16:48 -0700] "-" 400 0 "-" "-"
207.46.204.169 - - [26/Mar/2012:09:16:49 -0700] "-" 400 0 "-" "-"
207.46.204.169 - - [26/Mar/2012:09:16:49 -0700] "-" 400 0 "-" "-"
207.46.204.169 - - [26/Mar/2012:09:16:49 -0700] "-" 400 0 "-" "-"
207.46.204.169 - - [26/Mar/2012:09:16:49 -0700] "-" 400 0 "-" "-"
207.46.204.169 - - [26/Mar/2012:09:16:49 -0700] "-" 400 0 "-" "-"
207.46.204.169 - - [26/Mar/2012:09:16:49 -0700] "-" 400 0 "-" "-"
122.174.183.156 - - [26/Mar/2012:09:17:03 -0700] "-" 400 0 "-" "-"
122.174.183.156 - - [26/Mar/2012:09:17:03 -0700] "-" 400 0 "-" "-"
122.174.183.156 - - [26/Mar/2012:09:17:03 -0700] "-" 400 0 "-" "-"
122.174.183.156 - - [26/Mar/2012:09:17:03 -0700] "-" 400 0 "-" "-"
207.46.204.210 - - [26/Mar/2012:09:17:25 -0700] "-" 400 0 "-" "-"
207.46.204.210 - - [26/Mar/2012:09:17:31 -0700] "-" 400 0 "-" "-"
98.172.15.254 - - [26/Mar/2012:09:17:33 -0700] "GET /favicon.ico HTTP/1.1" 404 169 "-" "Caffeinated/1.1.1 CFNetwork/520.3.2 Darwin/11.3.0 (x86_64) (MacBookPro8%2C1)"
207.46.204.210 - - [26/Mar/2012:09:17:33 -0700] "-" 400 0 "-" "-"
207.46.204.210 - - [26/Mar/2012:09:17:33 -0700] "-" 400 0 "-" "-"
207.46.204.210 - - [26/Mar/2012:09:17:34 -0700] "-" 400 0 "-" "-"
207.46.204.210 - - [26/Mar/2012:09:17:36 -0700] "-" 400 0 "-" "-"
207.46.204.210 - - [26/Mar/2012:09:17:37 -0700] "-" 400 0 "-" "-"
207.46.204.210 - - [26/Mar/2012:09:17:39 -0700] "-" 400 0 "-" "-"
207.46.204.210 - - [26/Mar/2012:09:17:40 -0700] "-" 400 0 "-" "-"
207.46.204.210 - - [26/Mar/2012:09:17:40 -0700] "-" 400 0 "-" "-"
98.172.15.254 - - [26/Mar/2012:09:18:06 -0700] "GET /favicon.ico HTTP/1.1" 404 169 "-" "Caffeinated/1.1.1 CFNetwork/520.3.2 Darwin/11.3.0 (x86_64) (MacBookPro8%2C1)"
85.17.88.169 - - [26/Mar/2012:09:18:22 -0700] "POST /blog/wp-cron.php?doing_wp_cron=1332778499 HTTP/1.0" 499 0 "-" "WordPress/3.3.1; http://yuvi.in/blog"
66.220.147.250 - - [26/Mar/2012:09:18:23 -0700] "GET /blog/story-average-indian-techie/ HTTP/1.1" 200 14155 "-" "facebookexternalhit/1.1 (+http://www.facebook.com/externalhit_uatext.php)"
122.164.41.131 - - [26/Mar/2012:09:18:49 -0700] "-" 400 0 "-" "-"
122.164.41.131 - - [26/Mar/2012:09:18:52 -0700] "-" 400 0 "-" "-"
122.164.41.131 - - [26/Mar/2012:09:18:58 -0700] "-" 400 0 "-" "-"
98.172.15.254 - - [26/Mar/2012:09:19:03 -0700] "GET / HTTP/1.1" 304 0 "-" "Caffeinated/1.1.1 CFNetwork/520.3.2 Darwin/11.3.0 (x86_64) (MacBookPro8%2C1)"
98.172.15.254 - - [26/Mar/2012:09:19:03 -0700] "GET /favicon.ico HTTP/1.1" 404 169 "-" "Caffeinated/1.1.1 CFNetwork/520.3.2 Darwin/11.3.0 (x86_64) (MacBookPro8%2C1)"
85.17.88.169 - - [26/Mar/2012:09:19:29 -0700] "POST /blog/wp-cron.php?doing_wp_cron=1332778566 HTTP/1.0" 499 0 "-" "WordPress/3.3.1; http://yuvi.in/blog"
180.76.5.89 - - [26/Mar/2012:09:19:30 -0700] "GET /blog/?p=59 HTTP/1.1" 301 0 "-" "Mozilla/5.0 (compatible; Baiduspider/2.0; +http://www.baidu.com/search/spider.html)"
85.17.88.169 - - [26/Mar/2012:09:19:32 -0700] "POST /blog/wp-cron.php?doing_wp_cron=1332778569 HTTP/1.0" 499 0 "-" "WordPress/3.3.1; http://yuvi.in/blog"
180.76.5.65 - - [26/Mar/2012:09:19:33 -0700] "GET /blog/functional-programming-geekweekend-at-thoughtworks/ HTTP/1.1" 200 6433 "-" "Mozilla/5.0 (compatible; Baiduspider/2.0; +http://www.baidu.com/search/spider.html)"
98.172.15.254 - - [26/Mar/2012:09:19:35 -0700] "GET /favicon.ico HTTP/1.1" 404 169 "-" "Caffeinated/1.1.1 CFNetwork/520.3.2 Darwin/11.3.0 (x86_64) (MacBookPro8%2C1)"
117.193.168.235 - - [26/Mar/2012:09:20:02 -0700] "-" 400 0 "-" "-"
117.193.168.235 - - [26/Mar/2012:09:20:02 -0700] "-" 400 0 "-" "-"
117.193.168.235 - - [26/Mar/2012:09:20:02 -0700] "-" 400 0 "-" "-"
117.193.168.235 - - [26/Mar/2012:09:20:02 -0700] "-" 400 0 "-" "-"
117.193.168.235 - - [26/Mar/2012:09:20:02 -0700] "-" 400 0 "-" "-"
117.193.168.235 - - [26/Mar/2012:09:20:02 -0700] "-" 400 0 "-" "-"
85.17.88.169 - - [26/Mar/2012:09:20:16 -0700] "POST /blog/wp-cron.php?doing_wp_cron=1332778614 HTTP/1.0" 499 0 "-" "WordPress/3.3.1; http://yuvi.in/blog"
209.85.224.88 - - [26/Mar/2012:09:20:17 -0700] "GET /blog/feed HTTP/1.1" 304 0 "-" "FeedBurner/1.0 (http://www.FeedBurner.com)"
98.172.15.254 - - [26/Mar/2012:09:20:33 -0700] "GET /favicon.ico HTTP/1.1" 404 169 "-" "Caffeinated/1.1.1 CFNetwork/520.3.2 Darwin/11.3.0 (x86_64) (MacBookPro8%2C1)"
98.172.15.254 - - [26/Mar/2012:09:21:05 -0700] "GET /favicon.ico HTTP/1.1" 404 169 "-" "Caffeinated/1.1.1 CFNetwork/520.3.2 Darwin/11.3.0 (x86_64) (MacBookPro8%2C1)"
98.172.15.254 - - [26/Mar/2012:09:22:07 -0700] "GET /favicon.ico HTTP/1.1" 404 169 "-" "Caffeinated/1.1.1 CFNetwork/520.3.2 Darwin/11.3.0 (x86_64) (MacBookPro8%2C1)"
94.228.34.209 - - [26/Mar/2012:09:22:20 -0700] "GET /blog/serendipity.html HTTP/1.1" 304 0 "-" "magpie-crawler/1.1 (U; Linux amd64; en-GB; +http://www.brandwatch.net)"
66.220.147.250 - - [26/Mar/2012:09:22:28 -0700] "GET /blog/story-average-indian-techie/ HTTP/1.1" 200 14155 "-" "facebookexternalhit/1.1 (+http://www.facebook.com/externalhit_uatext.php)"
98.172.15.254 - - [26/Mar/2012:09:22:37 -0700] "GET /favicon.ico HTTP/1.1" 404 169 "-" "Caffeinated/1.1.1 CFNetwork/520.3.2 Darwin/11.3.0 (x86_64) (MacBookPro8%2C1)"
69.171.229.247 - - [26/Mar/2012:09:22:44 -0700] "GET /r/252 HTTP/1.1" 301 255 "-" "facebookexternalhit/1.1 (+http://www.facebook.com/externalhit_uatext.php)"
69.171.229.244 - - [26/Mar/2012:09:22:44 -0700] "GET /s/ta/252/ HTTP/1.1" 302 461 "-" "facebookexternalhit/1.1 (+http://www.facebook.com/externalhit_uatext.php)"
98.172.15.254 - - [26/Mar/2012:09:23:34 -0700] "GET /favicon.ico HTTP/1.1" 404 169 "-" "Caffeinated/1.1.1 CFNetwork/520.3.2 Darwin/11.3.0 (x86_64) (MacBookPro8%2C1)"
98.172.15.254 - - [26/Mar/2012:09:24:09 -0700] "GET / HTTP/1.1" 304 0 "-" "Caffeinated/1.1.1 CFNetwork/520.3.2 Darwin/11.3.0 (x86_64) (MacBookPro8%2C1)"
98.172.15.254 - - [26/Mar/2012:09:24:09 -0700] "GET /favicon.ico HTTP/1.1" 404 169 "-" "Caffeinated/1.1.1 CFNetwork/520.3.2 Darwin/11.3.0 (x86_64) (MacBookPro8%2C1)"
98.172.15.254 - - [26/Mar/2012:09:25:08 -0700] "GET /favicon.ico HTTP/1.1" 404 169 "-" "Caffeinated/1.1.1 CFNetwork/520.3.2 Darwin/11.3.0 (x86_64) (MacBookPro8%2C1)"
98.172.15.254 - - [26/Mar/2012:09:25:35 -0700] "GET /favicon.ico HTTP/1.1" 404 169 "-" "Caffeinated/1.1.1 CFNetwork/520.3.2 Darwin/11.3.0 (x86_64) (MacBookPro8%2C1)"
85.17.88.169 - - [26/Mar/2012:09:25:59 -0700] "POST /blog/wp-cron.php?doing_wp_cron=1332778955 HTTP/1.0" 499 0 "-" "WordPress/3.3.1; http://yuvi.in/blog"
151.67.221.95 - - [26/Mar/2012:09:25:59 -0700] "GET /blog/2010/07/ HTTP/1.1" 200 30238 "-" "Mozilla/5.0 (compatible; Googlebot/2.1; +http://www.google.com/bot.html)"
98.172.15.254 - - [26/Mar/2012:09:26:36 -0700] "GET /favicon.ico HTTP/1.1" 404 169 "-" "Caffeinated/1.1.1 CFNetwork/520.3.2 Darwin/11.3.0 (x86_64) (MacBookPro8%2C1)"
98.172.15.254 - - [26/Mar/2012:09:27:05 -0700] "GET /favicon.ico HTTP/1.1" 404 169 "-" "Caffeinated/1.1.1 CFNetwork/520.3.2 Darwin/11.3.0 (x86_64) (MacBookPro8%2C1)"
66.249.67.123 - - [26/Mar/2012:09:27:53 -0700] "GET /blog/tag/linux.html HTTP/1.1" 200 3402 "-" "Mozilla/5.0 (compatible; Googlebot/2.1; +http://www.google.com/bot.html)"
98.172.15.254 - - [26/Mar/2012:09:28:05 -0700] "GET /favicon.ico HTTP/1.1" 404 169 "-" "Caffeinated/1.1.1 CFNetwork/520.3.2 Darwin/11.3.0 (x86_64) (MacBookPro8%2C1)"
98.172.15.254 - - [26/Mar/2012:09:29:21 -0700] "GET / HTTP/1.1" 304 0 "-" "Caffeinated/1.1.1 CFNetwork/520.3.2 Darwin/11.3.0 (x86_64) (MacBookPro8%2C1)"
98.172.15.254 - - [26/Mar/2012:09:29:21 -0700] "GET /favicon.ico HTTP/1.1" 404 169 "-" "Caffeinated/1.1.1 CFNetwork/520.3.2 Darwin/11.3.0 (x86_64) (MacBookPro8%2C1)"
98.172.15.254 - - [26/Mar/2012:09:29:46 -0700] "GET /favicon.ico HTTP/1.1" 404 169 "-" "Caffeinated/1.1.1 CFNetwork/520.3.2 Darwin/11.3.0 (x86_64) (MacBookPro8%2C1)"
66.249.68.52 - - [26/Mar/2012:09:30:35 -0700] "GET /r/2yyz HTTP/1.1" 301 257 "-" "Mozilla/5.0 (compatible; Googlebot/2.1; +http://www.google.com/bot.html)"
66.249.68.52 - - [26/Mar/2012:09:30:36 -0700] "GET /s/ta/2yyz/ HTTP/1.1" 302 517 "-" "Mozilla/5.0 (compatible; Googlebot/2.1; +http://www.google.com/bot.html)"
98.172.15.254 - - [26/Mar/2012:09:30:45 -0700] "GET /favicon.ico HTTP/1.1" 404 169 "-" "Caffeinated/1.1.1 CFNetwork/520.3.2 Darwin/11.3.0 (x86_64) (MacBookPro8%2C1)"
98.172.15.254 - - [26/Mar/2012:09:31:20 -0700] "GET /favicon.ico HTTP/1.1" 404 169 "-" "Caffeinated/1.1.1 CFNetwork/520.3.2 Darwin/11.3.0 (x86_64) (MacBookPro8%2C1)"
85.17.88.169 - - [26/Mar/2012:09:31:24 -0700] "POST /blog/wp-cron.php?doing_wp_cron=1332779281 HTTP/1.0" 499 0 "-" "WordPress/3.3.1; http://yuvi.in/blog"
209.85.238.115 - - [26/Mar/2012:09:31:24 -0700] "GET /blog/feed/ HTTP/1.1" 304 0 "-" "Feedfetcher-Google; (+http://www.google.com/feedfetcher.html; 18 subscribers; feed-id=15064232456473204253)"
85.17.88.169 - - [26/Mar/2012:09:31:46 -0700] "POST /blog/wp-cron.php?doing_wp_cron=1332779303 HTTP/1.0" 499 0 "-" "WordPress/3.3.1; http://yuvi.in/blog"
101.226.33.182 - - [26/Mar/2012:09:31:46 -0700] "GET /blog/feed HTTP/1.0" 304 0 "-" "Mozilla/4.0 (compatible; Windows;)"
98.172.15.254 - - [26/Mar/2012:09:32:19 -0700] "GET /favicon.ico HTTP/1.1" 404 169 "-" "Caffeinated/1.1.1 CFNetwork/520.3.2 Darwin/11.3.0 (x86_64) (MacBookPro8%2C1)"
207.46.12.253 - - [26/Mar/2012:09:32:34 -0700] "-" 400 0 "-" "-"
207.46.12.253 - - [26/Mar/2012:09:32:34 -0700] "-" 400 0 "-" "-"
207.46.12.253 - - [26/Mar/2012:09:32:34 -0700] "-" 400 0 "-" "-"
207.46.12.253 - - [26/Mar/2012:09:32:35 -0700] "-" 400 0 "-" "-"
207.46.12.253 - - [26/Mar/2012:09:32:36 -0700] "-" 400 0 "-" "-"
207.46.12.253 - - [26/Mar/2012:09:32:36 -0700] "-" 400 0 "-" "-"
207.46.12.253 - - [26/Mar/2012:09:32:36 -0700] "-" 400 0 "-" "-"
207.46.12.253 - - [26/Mar/2012:09:32:37 -0700] "-" 400 0 "-" "-"
207.46.12.253 - - [26/Mar/2012:09:32:37 -0700] "-" 400 0 "-" "-"
207.46.12.253 - - [26/Mar/2012:09:32:37 -0700] "-" 400 0 "-" "-"
207.46.12.253 - - [26/Mar/2012:09:32:37 -0700] "-" 400 0 "-" "-"
85.17.88.169 - - [26/Mar/2012:09:32:53 -0700] "POST /blog/wp-cron.php?doing_wp_cron=1332779370 HTTP/1.0" 499 0 "-" "WordPress/3.3.1; http://yuvi.in/blog"
65.52.109.152 - - [26/Mar/2012:09:32:54 -0700] "GET /blog/my-vimrc/ HTTP/1.1" 200 4448 "-" "Mozilla/5.0 (compatible; bingbot/2.0; +http://www.bing.com/bingbot.htm)"
98.172.15.254 - - [26/Mar/2012:09:33:22 -0700] "GET /favicon.ico HTTP/1.1" 404 169 "-" "Caffeinated/1.1.1 CFNetwork/520.3.2 Darwin/11.3.0 (x86_64) (MacBookPro8%2C1)"
207.46.12.253 - - [26/Mar/2012:09:33:26 -0700] "-" 400 0 "-" "-"
207.46.12.253 - - [26/Mar/2012:09:33:26 -0700] "-" 400 0 "-" "-"
98.172.15.254 - - [26/Mar/2012:09:33:55 -0700] "GET /favicon.ico HTTP/1.1" 404 169 "-" "Caffeinated/1.1.1 CFNetwork/520.3.2 Darwin/11.3.0 (x86_64) (MacBookPro8%2C1)"
122.174.46.178 - - [26/Mar/2012:09:34:02 -0700] "-" 400 0 "-" "-"
122.174.46.178 - - [26/Mar/2012:09:34:02 -0700] "-" 400 0 "-" "-"
122.174.46.178 - - [26/Mar/2012:09:34:02 -0700] "-" 400 0 "-" "-"
122.174.46.178 - - [26/Mar/2012:09:34:02 -0700] "-" 400 0 "-" "-"
122.174.46.178 - - [26/Mar/2012:09:34:02 -0700] "-" 400 0 "-" "-"
98.172.15.254 - - [26/Mar/2012:09:34:51 -0700] "GET / HTTP/1.1" 304 0 "-" "Caffeinated/1.1.1 CFNetwork/520.3.2 Darwin/11.3.0 (x86_64) (MacBookPro8%2C1)"
98.172.15.254 - - [26/Mar/2012:09:34:52 -0700] "GET /favicon.ico HTTP/1.1" 404 169 "-" "Caffeinated/1.1.1 CFNetwork/520.3.2 Darwin/11.3.0 (x86_64) (MacBookPro8%2C1)"
98.172.15.254 - - [26/Mar/2012:09:35:23 -0700] "GET /favicon.ico HTTP/1.1" 404 169 "-" "Caffeinated/1.1.1 CFNetwork/520.3.2 Darwin/11.3.0 (x86_64) (MacBookPro8%2C1)"
122.165.29.45 - - [26/Mar/2012:09:36:03 -0700] "-" 400 0 "-" "-"
98.172.15.254 - - [26/Mar/2012:09:36:20 -0700] "GET /favicon.ico HTTP/1.1" 404 169 "-" "Caffeinated/1.1.1 CFNetwork/520.3.2 Darwin/11.3.0 (x86_64) (MacBookPro8%2C1)"
203.223.188.230 - - [26/Mar/2012:09:36:48 -0700] "-" 400 0 "-" "-"
98.172.15.254 - - [26/Mar/2012:09:36:50 -0700] "GET /favicon.ico HTTP/1.1" 404 169 "-" "Caffeinated/1.1.1 CFNetwork/520.3.2 Darwin/11.3.0 (x86_64) (MacBookPro8%2C1)"
27.107.117.234 - - [26/Mar/2012:09:36:52 -0700] "-" 400 0 "-" "-"
203.223.188.230 - - [26/Mar/2012:09:36:58 -0700] "-" 400 0 "-" "-"
203.223.188.230 - - [26/Mar/2012:09:36:58 -0700] "-" 400 0 "-" "-"
203.223.188.230 - - [26/Mar/2012:09:36:58 -0700] "-" 400 0 "-" "-"
203.223.188.230 - - [26/Mar/2012:09:36:58 -0700] "-" 400 0 "-" "-"
98.172.15.254 - - [26/Mar/2012:09:37:50 -0700] "GET /favicon.ico HTTP/1.1" 404 169 "-" "Caffeinated/1.1.1 CFNetwork/520.3.2 Darwin/11.3.0 (x86_64) (MacBookPro8%2C1)"
98.172.15.254 - - [26/Mar/2012:09:38:19 -0700] "GET /favicon.ico HTTP/1.1" 404 169 "-" "Caffeinated/1.1.1 CFNetwork/520.3.2 Darwin/11.3.0 (x86_64) (MacBookPro8%2C1)"
98.172.15.254 - - [26/Mar/2012:09:39:20 -0700] "GET /favicon.ico HTTP/1.1" 404 169 "-" "Caffeinated/1.1.1 CFNetwork/520.3.2 Darwin/11.3.0 (x86_64) (MacBookPro8%2C1)"
98.172.15.254 - - [26/Mar/2012:09:39:49 -0700] "GET /favicon.ico HTTP/1.1" 404 169 "-" "Caffeinated/1.1.1 CFNetwork/520.3.2 Darwin/11.3.0 (x86_64) (MacBookPro8%2C1)"
98.172.15.254 - - [26/Mar/2012:09:40:47 -0700] "GET / HTTP/1.1" 304 0 "-" "Caffeinated/1.1.1 CFNetwork/520.3.2 Darwin/11.3.0 (x86_64) (MacBookPro8%2C1)"
98.172.15.254 - - [26/Mar/2012:09:40:47 -0700] "GET /favicon.ico HTTP/1.1" 404 169 "-" "Caffeinated/1.1.1 CFNetwork/520.3.2 Darwin/11.3.0 (x86_64) (MacBookPro8%2C1)"
98.172.15.254 - - [26/Mar/2012:09:41:17 -0700] "GET /favicon.ico HTTP/1.1" 404 169 "-" "Caffeinated/1.1.1 CFNetwork/520.3.2 Darwin/11.3.0 (x86_64) (MacBookPro8%2C1)"
66.220.147.251 - - [26/Mar/2012:09:42:01 -0700] "GET /blog/story-average-indian-techie/ HTTP/1.1" 200 14155 "-" "facebookexternalhit/1.1 (+http://www.facebook.com/externalhit_uatext.php)"
98.172.15.254 - - [26/Mar/2012:09:42:15 -0700] "GET /favicon.ico HTTP/1.1" 404 169 "-" "Caffeinated/1.1.1 CFNetwork/520.3.2 Darwin/11.3.0 (x86_64) (MacBookPro8%2C1)"
98.172.15.254 - - [26/Mar/2012:09:42:47 -0700] "GET /favicon.ico HTTP/1.1" 404 169 "-" "Caffeinated/1.1.1 CFNetwork/520.3.2 Darwin/11.3.0 (x86_64) (MacBookPro8%2C1)"
98.172.15.254 - - [26/Mar/2012:09:43:46 -0700] "GET /favicon.ico HTTP/1.1" 404 169 "-" "Caffeinated/1.1.1 CFNetwork/520.3.2 Darwin/11.3.0 (x86_64) (MacBookPro8%2C1)"
69.171.234.7 - - [26/Mar/2012:09:44:02 -0700] "GET /r/1eg5 HTTP/1.1" 301 257 "-" "facebookexternalhit/1.1 (+http://www.facebook.com/externalhit_uatext.php)"
69.171.234.1 - - [26/Mar/2012:09:44:02 -0700] "GET /s/ta/1eg5/ HTTP/1.1" 302 337 "-" "facebookexternalhit/1.1 (+http://www.facebook.com/externalhit_uatext.php)"
98.172.15.254 - - [26/Mar/2012:09:44:19 -0700] "GET /favicon.ico HTTP/1.1" 404 169 "-" "Caffeinated/1.1.1 CFNetwork/520.3.2 Darwin/11.3.0 (x86_64) (MacBookPro8%2C1)"
85.17.88.169 - - [26/Mar/2012:09:44:55 -0700] "POST /blog/wp-cron.php?doing_wp_cron=1332780092 HTTP/1.0" 499 0 "-" "WordPress/3.3.1; http://yuvi.in/blog"
209.85.238.115 - - [26/Mar/2012:09:44:56 -0700] "GET /blog/feed HTTP/1.1" 301 0 "-" "Feedfetcher-Google; (+http://www.google.com/feedfetcher.html; 3 subscribers; feed-id=17684830852112633560)"
85.17.88.169 - - [26/Mar/2012:09:44:58 -0700] "POST /blog/wp-cron.php?doing_wp_cron=1332780095 HTTP/1.0" 499 0 "-" "WordPress/3.3.1; http://yuvi.in/blog"
209.85.238.115 - - [26/Mar/2012:09:44:58 -0700] "GET /blog/feed/ HTTP/1.1" 304 0 "-" "Feedfetcher-Google; (+http://www.google.com/feedfetcher.html; 3 subscribers; feed-id=17684830852112633560)"
141.0.10.135 - - [26/Mar/2012:09:45:07 -0700] "-" 400 0 "-" "-"
98.172.15.254 - - [26/Mar/2012:09:45:16 -0700] "GET /favicon.ico HTTP/1.1" 404 169 "-" "Caffeinated/1.1.1 CFNetwork/520.3.2 Darwin/11.3.0 (x86_64) (MacBookPro8%2C1)"
49.200.153.5 - - [26/Mar/2012:09:45:27 -0700] "-" 400 0 "-" "-"
98.172.15.254 - - [26/Mar/2012:09:45:52 -0700] "GET / HTTP/1.1" 304 0 "-" "Caffeinated/1.1.1 CFNetwork/520.3.2 Darwin/11.3.0 (x86_64) (MacBookPro8%2C1)"
98.172.15.254 - - [26/Mar/2012:09:45:52 -0700] "GET /favicon.ico HTTP/1.1" 404 169 "-" "Caffeinated/1.1.1 CFNetwork/520.3.2 Darwin/11.3.0 (x86_64) (MacBookPro8%2C1)"
66.249.67.123 - - [26/Mar/2012:09:45:58 -0700] "GET /robots.txt HTTP/1.1" 404 142 "-" "Mozilla/5.0 (compatible; Googlebot/2.1; +http://www.google.com/bot.html)"
85.17.88.169 - - [26/Mar/2012:09:46:00 -0700] "POST /blog/wp-cron.php?doing_wp_cron=1332780157 HTTP/1.0" 499 0 "-" "WordPress/3.3.1; http://yuvi.in/blog"
66.249.67.123 - - [26/Mar/2012:09:46:00 -0700] "GET /blog/tag/book/ HTTP/1.1" 200 4546 "-" "Mozilla/5.0 (iPhone; U; CPU iPhone OS 4_1 like Mac OS X; en-us) AppleWebKit/532.9 (KHTML, like Gecko) Version/4.0.5 Mobile/8B117 Safari/6531.22.7 (compatible; Googlebot-Mobile/2.1; +http://www.google.com/bot.html)"
122.164.240.246 - - [26/Mar/2012:09:46:38 -0700] "-" 400 0 "-" "-"
122.164.240.246 - - [26/Mar/2012:09:46:38 -0700] "-" 400 0 "-" "-"
122.164.240.246 - - [26/Mar/2012:09:46:38 -0700] "-" 400 0 "-" "-"
98.172.15.254 - - [26/Mar/2012:09:46:43 -0700] "GET /favicon.ico HTTP/1.1" 404 169 "-" "Caffeinated/1.1.1 CFNetwork/520.3.2 Darwin/11.3.0 (x86_64) (MacBookPro8%2C1)"
98.172.15.254 - - [26/Mar/2012:09:47:16 -0700] "GET /favicon.ico HTTP/1.1" 404 169 "-" "Caffeinated/1.1.1 CFNetwork/520.3.2 Darwin/11.3.0 (x86_64) (MacBookPro8%2C1)"
207.46.12.247 - - [26/Mar/2012:09:47:53 -0700] "-" 400 0 "-" "-"
207.46.12.247 - - [26/Mar/2012:09:47:53 -0700] "-" 400 0 "-" "-"
207.46.12.247 - - [26/Mar/2012:09:47:53 -0700] "-" 400 0 "-" "-"
207.46.12.247 - - [26/Mar/2012:09:47:53 -0700] "-" 400 0 "-" "-"
207.46.12.247 - - [26/Mar/2012:09:47:54 -0700] "-" 400 0 "-" "-"
207.46.12.247 - - [26/Mar/2012:09:47:54 -0700] "-" 400 0 "-" "-"
207.46.12.247 - - [26/Mar/2012:09:47:54 -0700] "-" 400 0 "-" "-"
207.46.12.247 - - [26/Mar/2012:09:47:54 -0700] "-" 400 0 "-" "-"
207.46.12.247 - - [26/Mar/2012:09:47:54 -0700] "-" 400 0 "-" "-"
207.46.12.247 - - [26/Mar/2012:09:47:54 -0700] "-" 400 0 "-" "-"
122.164.240.246 - - [26/Mar/2012:09:47:56 -0700] "-" 400 0 "-" "-"
98.172.15.254 - - [26/Mar/2012:09:48:17 -0700] "GET /favicon.ico HTTP/1.1" 404 169 "-" "Caffeinated/1.1.1 CFNetwork/520.3.2 Darwin/11.3.0 (x86_64) (MacBookPro8%2C1)"
98.172.15.254 - - [26/Mar/2012:09:48:48 -0700] "GET /favicon.ico HTTP/1.1" 404 169 "-" "Caffeinated/1.1.1 CFNetwork/520.3.2 Darwin/11.3.0 (x86_64) (MacBookPro8%2C1)"
207.46.12.247 - - [26/Mar/2012:09:48:54 -0700] "-" 400 0 "-" "-"
98.172.15.254 - - [26/Mar/2012:09:49:47 -0700] "GET /favicon.ico HTTP/1.1" 404 169 "-" "Caffeinated/1.1.1 CFNetwork/520.3.2 Darwin/11.3.0 (x86_64) (MacBookPro8%2C1)"
98.172.15.254 - - [26/Mar/2012:09:50:17 -0700] "GET /favicon.ico HTTP/1.1" 404 169 "-" "Caffeinated/1.1.1 CFNetwork/520.3.2 Darwin/11.3.0 (x86_64) (MacBookPro8%2C1)"
49.200.153.5 - - [26/Mar/2012:09:50:22 -0700] "-" 400 0 "-" "-"
49.200.153.5 - - [26/Mar/2012:09:50:22 -0700] "-" 400 0 "-" "-"
49.200.153.5 - - [26/Mar/2012:09:50:22 -0700] "-" 400 0 "-" "-"
49.200.153.5 - - [26/Mar/2012:09:50:22 -0700] "-" 400 0 "-" "-"
49.200.153.5 - - [26/Mar/2012:09:50:22 -0700] "-" 400 0 "-" "-"
49.200.153.5 - - [26/Mar/2012:09:50:22 -0700] "-" 400 0 "-" "-"
85.17.88.169 - - [26/Mar/2012:09:50:29 -0700] "POST /blog/wp-cron.php?doing_wp_cron=1332780425 HTTP/1.0" 499 0 "-" "WordPress/3.3.1; http://yuvi.in/blog"
209.85.224.94 - - [26/Mar/2012:09:50:29 -0700] "GET /blog/feed HTTP/1.1" 304 0 "-" "FeedBurner/1.0 (http://www.FeedBurner.com)"
98.172.15.254 - - [26/Mar/2012:09:51:17 -0700] "GET / HTTP/1.1" 304 0 "-" "Caffeinated/1.1.1 CFNetwork/520.3.2 Darwin/11.3.0 (x86_64) (MacBookPro8%2C1)"
98.172.15.254 - - [26/Mar/2012:09:51:17 -0700] "GET /favicon.ico HTTP/1.1" 404 169 "-" "Caffeinated/1.1.1 CFNetwork/520.3.2 Darwin/11.3.0 (x86_64) (MacBookPro8%2C1)"
66.249.68.52 - - [26/Mar/2012:09:51:19 -0700] "GET /r/14ns HTTP/1.1" 301 257 "-" "Mozilla/5.0 (compatible; Googlebot/2.1; +http://www.google.com/bot.html)"
66.249.68.52 - - [26/Mar/2012:09:51:19 -0700] "GET /s/ta/14ns/ HTTP/1.1" 302 385 "-" "Mozilla/5.0 (compatible; Googlebot/2.1; +http://www.google.com/bot.html)"
98.172.15.254 - - [26/Mar/2012:09:51:44 -0700] "GET /favicon.ico HTTP/1.1" 404 169 "-" "Caffeinated/1.1.1 CFNetwork/520.3.2 Darwin/11.3.0 (x86_64) (MacBookPro8%2C1)"
98.172.15.254 - - [26/Mar/2012:09:52:46 -0700] "GET /favicon.ico HTTP/1.1" 404 169 "-" "Caffeinated/1.1.1 CFNetwork/520.3.2 Darwin/11.3.0 (x86_64) (MacBookPro8%2C1)"
98.172.15.254 - - [26/Mar/2012:09:53:17 -0700] "GET /favicon.ico HTTP/1.1" 404 169 "-" "Caffeinated/1.1.1 CFNetwork/520.3.2 Darwin/11.3.0 (x86_64) (MacBookPro8%2C1)"
100.43.83.144 - - [26/Mar/2012:09:54:01 -0700] "GET /robots.txt HTTP/1.1" 404 238 "-" "Mozilla/5.0 (compatible; YandexBot/3.0; +http://yandex.com/bots)"
100.43.83.144 - - [26/Mar/2012:09:54:02 -0700] "GET /blog/cute-dress.html HTTP/1.1" 200 3125 "-" "Mozilla/5.0 (compatible; YandexBot/3.0; +http://yandex.com/bots)"
100.43.83.144 - - [26/Mar/2012:09:54:03 -0700] "GET /r/3u8 HTTP/1.1" 301 255 "-" "Mozilla/5.0 (compatible; YandexBot/3.0; +http://yandex.com/bots)"
98.172.15.254 - - [26/Mar/2012:09:54:16 -0700] "GET /favicon.ico HTTP/1.1" 404 169 "-" "Caffeinated/1.1.1 CFNetwork/520.3.2 Darwin/11.3.0 (x86_64) (MacBookPro8%2C1)"
98.172.15.254 - - [26/Mar/2012:09:54:44 -0700] "GET /favicon.ico HTTP/1.1" 404 169 "-" "Caffeinated/1.1.1 CFNetwork/520.3.2 Darwin/11.3.0 (x86_64) (MacBookPro8%2C1)"
69.171.229.245 - - [26/Mar/2012:09:54:51 -0700] "GET /r/7gb HTTP/1.1" 301 255 "-" "facebookexternalhit/1.1 (+http://www.facebook.com/externalhit_uatext.php)"
69.171.229.251 - - [26/Mar/2012:09:54:51 -0700] "GET /s/ta/7gb/ HTTP/1.1" 302 497 "-" "facebookexternalhit/1.1 (+http://www.facebook.com/externalhit_uatext.php)"
59.92.138.128 - - [26/Mar/2012:09:54:57 -0700] "-" 400 0 "-" "-"
208.115.113.84 - - [26/Mar/2012:09:54:59 -0700] "GET /robots.txt HTTP/1.1" 404 169 "-" "Mozilla/5.0 (compatible; Ezooms/1.0; ezooms.bot@gmail.com)"
49.200.153.5 - - [26/Mar/2012:09:55:19 -0700] "-" 400 0 "-" "-"
49.200.153.5 - - [26/Mar/2012:09:55:19 -0700] "-" 400 0 "-" "-"
49.200.153.5 - - [26/Mar/2012:09:55:19 -0700] "-" 400 0 "-" "-"
49.200.153.5 - - [26/Mar/2012:09:55:19 -0700] "-" 400 0 "-" "-"
49.200.153.5 - - [26/Mar/2012:09:55:29 -0700] "-" 400 0 "-" "-"
98.172.15.254 - - [26/Mar/2012:09:55:45 -0700] "GET /favicon.ico HTTP/1.1" 404 169 "-" "Caffeinated/1.1.1 CFNetwork/520.3.2 Darwin/11.3.0 (x86_64) (MacBookPro8%2C1)"
98.172.15.254 - - [26/Mar/2012:09:56:19 -0700] "GET / HTTP/1.1" 304 0 "-" "Caffeinated/1.1.1 CFNetwork/520.3.2 Darwin/11.3.0 (x86_64) (MacBookPro8%2C1)"
98.172.15.254 - - [26/Mar/2012:09:56:19 -0700] "GET /favicon.ico HTTP/1.1" 404 169 "-" "Caffeinated/1.1.1 CFNetwork/520.3.2 Darwin/11.3.0 (x86_64) (MacBookPro8%2C1)"
174.129.237.157 - - [26/Mar/2012:09:56:36 -0700] "GET /robots.txt HTTP/1.0" 404 238 "-" "ia_archiver (+http://www.alexa.com/site/help/webmasters; crawler@alexa.com)"
174.129.237.157 - - [26/Mar/2012:09:56:36 -0700] "GET /r/1i1g HTTP/1.0" 301 257 "-" "ia_archiver (+http://www.alexa.com/site/help/webmasters; crawler@alexa.com)"
174.129.237.157 - - [26/Mar/2012:09:56:36 -0700] "GET /s/ta/1i1g/ HTTP/1.0" 302 427 "-" "ia_archiver (+http://www.alexa.com/site/help/webmasters; crawler@alexa.com)"
59.92.138.128 - - [26/Mar/2012:09:56:47 -0700] "-" 400 0 "-" "-"
59.92.138.128 - - [26/Mar/2012:09:56:47 -0700] "-" 400 0 "-" "-"
59.92.138.128 - - [26/Mar/2012:09:56:47 -0700] "-" 400 0 "-" "-"
59.92.138.128 - - [26/Mar/2012:09:56:47 -0700] "-" 400 0 "-" "-"
59.92.138.128 - - [26/Mar/2012:09:56:47 -0700] "-" 400 0 "-" "-"
59.92.138.128 - - [26/Mar/2012:09:56:47 -0700] "-" 400 0 "-" "-"
98.172.15.254 - - [26/Mar/2012:09:57:13 -0700] "GET /favicon.ico HTTP/1.1" 404 169 "-" "Caffeinated/1.1.1 CFNetwork/520.3.2 Darwin/11.3.0 (x86_64) (MacBookPro8%2C1)"
98.172.15.254 - - [26/Mar/2012:09:57:46 -0700] "GET /favicon.ico HTTP/1.1" 404 169 "-" "Caffeinated/1.1.1 CFNetwork/520.3.2 Darwin/11.3.0 (x86_64) (MacBookPro8%2C1)"
98.172.15.254 - - [26/Mar/2012:09:58:39 -0700] "GET /favicon.ico HTTP/1.1" 404 169 "-" "Caffeinated/1.1.1 CFNetwork/520.3.2 Darwin/11.3.0 (x86_64) (MacBookPro8%2C1)"
98.172.15.254 - - [26/Mar/2012:09:59:20 -0700] "GET /favicon.ico HTTP/1.1" 404 169 "-" "Caffeinated/1.1.1 CFNetwork/520.3.2 Darwin/11.3.0 (x86_64) (MacBookPro8%2C1)"
98.172.15.254 - - [26/Mar/2012:10:00:07 -0700] "GET /favicon.ico HTTP/1.1" 404 169 "-" "Caffeinated/1.1.1 CFNetwork/520.3.2 Darwin/11.3.0 (x86_64) (MacBookPro8%2C1)"
98.172.15.254 - - [26/Mar/2012:10:00:48 -0700] "GET /favicon.ico HTTP/1.1" 404 169 "-" "Caffeinated/1.1.1 CFNetwork/520.3.2 Darwin/11.3.0 (x86_64) (MacBookPro8%2C1)"
117.207.70.53 - - [26/Mar/2012:10:01:02 -0700] "GET /r/2y9e HTTP/1.1" 301 257 "http://ta.wikipedia.org/wiki/%E0%AE%87%E0%AE%B0%E0%AE%BE%E0%AE%AE%E0%AE%B0%E0%AF%8D" "Mozilla/5.0 (Windows NT 5.1; rv:8.0.1) Gecko/20100101 Firefox/8.0.1"
117.207.70.53 - - [26/Mar/2012:10:01:03 -0700] "GET /s/ta/2y9e/ HTTP/1.1" 302 337 "http://ta.wikipedia.org/wiki/%E0%AE%87%E0%AE%B0%E0%AE%BE%E0%AE%AE%E0%AE%B0%E0%AF%8D" "Mozilla/5.0 (Windows NT 5.1; rv:8.0.1) Gecko/20100101 Firefox/8.0.1"
117.207.70.53 - - [26/Mar/2012:10:01:07 -0700] "-" 400 0 "-" "-"
117.216.112.230 - - [26/Mar/2012:10:01:22 -0700] "-" 400 0 "-" "-"
117.216.112.230 - - [26/Mar/2012:10:01:22 -0700] "-" 400 0 "-" "-"
117.216.112.230 - - [26/Mar/2012:10:01:24 -0700] "-" 400 0 "-" "-"
117.216.112.230 - - [26/Mar/2012:10:01:25 -0700] "-" 400 0 "-" "-"
85.74.131.38 - - [26/Mar/2012:10:01:34 -0700] "GET /favicon.ico HTTP/1.1" 404 199 "http://thatched-house.blogspot.com/2009/02/plant-of-leon.html" "Mozilla/5.0 (X11; Linux i686) AppleWebKit/535.11 (KHTML, like Gecko) Ubuntu/10.04 Chromium/17.0.963.79 Chrome/17.0.963.79 Safari/535.11"
98.172.15.254 - - [26/Mar/2012:10:01:50 -0700] "GET / HTTP/1.1" 304 0 "-" "Caffeinated/1.1.1 CFNetwork/520.3.2 Darwin/11.3.0 (x86_64) (MacBookPro8%2C1)"
98.172.15.254 - - [26/Mar/2012:10:01:50 -0700] "GET /favicon.ico HTTP/1.1" 404 169 "-" "Caffeinated/1.1.1 CFNetwork/520.3.2 Darwin/11.3.0 (x86_64) (MacBookPro8%2C1)"
98.172.15.254 - - [26/Mar/2012:10:02:42 -0700] "GET /favicon.ico HTTP/1.1" 404 169 "-" "Caffeinated/1.1.1 CFNetwork/520.3.2 Darwin/11.3.0 (x86_64) (MacBookPro8%2C1)"
98.172.15.254 - - [26/Mar/2012:10:03:28 -0700] "GET /favicon.ico HTTP/1.1" 404 169 "-" "Caffeinated/1.1.1 CFNetwork/520.3.2 Darwin/11.3.0 (x86_64) (MacBookPro8%2C1)"
98.172.15.254 - - [26/Mar/2012:10:04:26 -0700] "GET /favicon.ico HTTP/1.1" 404 169 "-" "Caffeinated/1.1.1 CFNetwork/520.3.2 Darwin/11.3.0 (x86_64) (MacBookPro8%2C1)"
98.172.15.254 - - [26/Mar/2012:10:04:59 -0700] "GET /favicon.ico HTTP/1.1" 404 169 "-" "Caffeinated/1.1.1 CFNetwork/520.3.2 Darwin/11.3.0 (x86_64) (MacBookPro8%2C1)"
98.172.15.254 - - [26/Mar/2012:10:05:54 -0700] "GET /favicon.ico HTTP/1.1" 404 169 "-" "Caffeinated/1.1.1 CFNetwork/520.3.2 Darwin/11.3.0 (x86_64) (MacBookPro8%2C1)"
85.17.88.169 - - [26/Mar/2012:10:06:26 -0700] "POST /blog/wp-cron.php?doing_wp_cron=1332781383 HTTP/1.0" 499 0 "-" "WordPress/3.3.1; http://yuvi.in/blog"
98.172.15.254 - - [26/Mar/2012:10:06:26 -0700] "GET /favicon.ico HTTP/1.1" 404 169 "-" "Caffeinated/1.1.1 CFNetwork/520.3.2 Darwin/11.3.0 (x86_64) (MacBookPro8%2C1)"
201.40.95.125 - - [26/Mar/2012:10:06:28 -0700] "GET /blog/category/devlog/ HTTP/1.1" 200 43198 "-" "Mozilla/5.0 (compatible; Googlebot/2.1; +http://www.google.com/bot.html)"
117.206.90.57 - - [26/Mar/2012:10:06:45 -0700] "GET /r/exj HTTP/1.1" 301 255 "-" "Mozilla/4.0 (compatible; MSIE 7.0; Windows NT 5.1; BTRS7219; .NET CLR 1.1.4322; .NET CLR 2.0.50727; .NET CLR 3.0.4506.2152; .NET CLR 3.5.30729; InfoPath.2; FDM; .NET4.0C)"
117.206.90.57 - - [26/Mar/2012:10:06:46 -0700] "GET /s/ta/exj/ HTTP/1.1" 302 473 "-" "Mozilla/4.0 (compatible; MSIE 7.0; Windows NT 5.1; BTRS7219; .NET CLR 1.1.4322; .NET CLR 2.0.50727; .NET CLR 3.0.4506.2152; .NET CLR 3.5.30729; InfoPath.2; FDM; .NET4.0C)"
85.17.88.169 - - [26/Mar/2012:10:06:56 -0700] "POST /blog/wp-cron.php?doing_wp_cron=1332781413 HTTP/1.0" 499 0 "-" "WordPress/3.3.1; http://yuvi.in/blog"
208.115.111.68 - - [26/Mar/2012:10:06:57 -0700] "GET /blog/2011/06/ HTTP/1.1" 200 54198 "-" "Mozilla/5.0 (compatible; Ezooms/1.0; ezooms.bot@gmail.com)"
85.17.88.169 - - [26/Mar/2012:10:07:03 -0700] "POST /blog/wp-cron.php?doing_wp_cron=1332781420 HTTP/1.0" 499 0 "-" "WordPress/3.3.1; http://yuvi.in/blog"
208.115.111.68 - - [26/Mar/2012:10:07:04 -0700] "GET /blog/devlog-jan-2011/ HTTP/1.1" 200 21362 "-" "Mozilla/5.0 (compatible; Ezooms/1.0; ezooms.bot@gmail.com)"
85.17.88.169 - - [26/Mar/2012:10:07:09 -0700] "POST /blog/wp-cron.php?doing_wp_cron=1332781426 HTTP/1.0" 499 0 "-" "WordPress/3.3.1; http://yuvi.in/blog"
208.115.111.68 - - [26/Mar/2012:10:07:10 -0700] "GET /blog/premature-greying/trackback/ HTTP/1.1" 302 0 "-" "Mozilla/5.0 (compatible; Ezooms/1.0; ezooms.bot@gmail.com)"
85.17.88.169 - - [26/Mar/2012:10:07:22 -0700] "POST /blog/wp-cron.php?doing_wp_cron=1332781439 HTTP/1.0" 499 0 "-" "WordPress/3.3.1; http://yuvi.in/blog"
208.115.111.68 - - [26/Mar/2012:10:07:23 -0700] "GET /blog/tag/algorithm/ HTTP/1.1" 200 15295 "-" "Mozilla/5.0 (compatible; Ezooms/1.0; ezooms.bot@gmail.com)"
98.172.15.254 - - [26/Mar/2012:10:07:23 -0700] "GET / HTTP/1.1" 304 0 "-" "Caffeinated/1.1.1 CFNetwork/520.3.2 Darwin/11.3.0 (x86_64) (MacBookPro8%2C1)"
98.172.15.254 - - [26/Mar/2012:10:07:23 -0700] "GET /favicon.ico HTTP/1.1" 404 169 "-" "Caffeinated/1.1.1 CFNetwork/520.3.2 Darwin/11.3.0 (x86_64) (MacBookPro8%2C1)"
98.172.15.254 - - [26/Mar/2012:10:07:53 -0700] "GET /favicon.ico HTTP/1.1" 404 169 "-" "Caffeinated/1.1.1 CFNetwork/520.3.2 Darwin/11.3.0 (x86_64) (MacBookPro8%2C1)"
98.172.15.254 - - [26/Mar/2012:10:08:49 -0700] "GET /favicon.ico HTTP/1.1" 404 169 "-" "Caffeinated/1.1.1 CFNetwork/520.3.2 Darwin/11.3.0 (x86_64) (MacBookPro8%2C1)"
98.172.15.254 - - [26/Mar/2012:10:09:28 -0700] "GET /favicon.ico HTTP/1.1" 404 169 "-" "Caffeinated/1.1.1 CFNetwork/520.3.2 Darwin/11.3.0 (x86_64) (MacBookPro8%2C1)"
220.181.108.178 - - [26/Mar/2012:10:10:05 -0700] "GET / HTTP/1.1" 304 0 "-" "Mozilla/5.0 (compatible; Baiduspider/2.0; +http://www.baidu.com/search/spider.html)"
98.172.15.254 - - [26/Mar/2012:10:10:26 -0700] "GET /favicon.ico HTTP/1.1" 404 169 "-" "Caffeinated/1.1.1 CFNetwork/520.3.2 Darwin/11.3.0 (x86_64) (MacBookPro8%2C1)"
85.17.88.169 - - [26/Mar/2012:10:10:42 -0700] "POST /blog/wp-cron.php?doing_wp_cron=1332781639 HTTP/1.0" 499 0 "-" "WordPress/3.3.1; http://yuvi.in/blog"
100.43.83.144 - - [26/Mar/2012:10:10:42 -0700] "GET /blog/devlog-december-21-2011/ HTTP/1.1" 200 4985 "-" "Mozilla/5.0 (compatible; YandexBot/3.0; +http://yandex.com/bots)"
49.200.153.5 - - [26/Mar/2012:10:10:46 -0700] "-" 400 0 "-" "-"
98.172.15.254 - - [26/Mar/2012:10:10:57 -0700] "GET /favicon.ico HTTP/1.1" 404 169 "-" "Caffeinated/1.1.1 CFNetwork/520.3.2 Darwin/11.3.0 (x86_64) (MacBookPro8%2C1)"
207.46.12.72 - - [26/Mar/2012:10:11:29 -0700] "-" 400 0 "-" "-"
207.46.12.72 - - [26/Mar/2012:10:11:30 -0700] "-" 400 0 "-" "-"
207.46.12.72 - - [26/Mar/2012:10:11:30 -0700] "-" 400 0 "-" "-"
207.46.12.72 - - [26/Mar/2012:10:11:30 -0700] "-" 400 0 "-" "-"
207.46.12.72 - - [26/Mar/2012:10:11:30 -0700] "-" 400 0 "-" "-"
207.46.12.72 - - [26/Mar/2012:10:11:30 -0700] "-" 400 0 "-" "-"
207.46.12.72 - - [26/Mar/2012:10:11:30 -0700] "-" 400 0 "-" "-"
207.46.12.72 - - [26/Mar/2012:10:11:30 -0700] "-" 400 0 "-" "-"
207.46.12.72 - - [26/Mar/2012:10:11:30 -0700] "-" 400 0 "-" "-"
207.46.12.72 - - [26/Mar/2012:10:11:30 -0700] "-" 400 0 "-" "-"
98.172.15.254 - - [26/Mar/2012:10:12:01 -0700] "GET /favicon.ico HTTP/1.1" 404 169 "-" "Caffeinated/1.1.1 CFNetwork/520.3.2 Darwin/11.3.0 (x86_64) (MacBookPro8%2C1)"
98.172.15.254 - - [26/Mar/2012:10:12:27 -0700] "GET / HTTP/1.1" 304 0 "-" "Caffeinated/1.1.1 CFNetwork/520.3.2 Darwin/11.3.0 (x86_64) (MacBookPro8%2C1)"
98.172.15.254 - - [26/Mar/2012:10:12:28 -0700] "GET /favicon.ico HTTP/1.1" 404 169 "-" "Caffeinated/1.1.1 CFNetwork/520.3.2 Darwin/11.3.0 (x86_64) (MacBookPro8%2C1)"
98.172.15.254 - - [26/Mar/2012:10:13:28 -0700] "GET /favicon.ico HTTP/1.1" 404 169 "-" "Caffeinated/1.1.1 CFNetwork/520.3.2 Darwin/11.3.0 (x86_64) (MacBookPro8%2C1)"
85.17.88.169 - - [26/Mar/2012:10:13:59 -0700] "POST /blog/wp-cron.php?doing_wp_cron=1332781836 HTTP/1.0" 499 0 "-" "WordPress/3.3.1; http://yuvi.in/blog"
220.181.108.151 - - [26/Mar/2012:10:14:00 -0700] "GET /blog/tag/rights/ HTTP/1.1" 200 8148 "-" "Mozilla/5.0 (compatible; Baiduspider/2.0; +http://www.baidu.com/search/spider.html)"
98.172.15.254 - - [26/Mar/2012:10:14:04 -0700] "GET /favicon.ico HTTP/1.1" 404 169 "-" "Caffeinated/1.1.1 CFNetwork/520.3.2 Darwin/11.3.0 (x86_64) (MacBookPro8%2C1)"
209.85.224.97 - - [26/Mar/2012:10:14:36 -0700] "GET /stories/feed HTTP/1.1" 200 13653 "-" "FeedBurner/1.0 (http://www.FeedBurner.com)"
98.172.15.254 - - [26/Mar/2012:10:15:02 -0700] "GET /favicon.ico HTTP/1.1" 404 169 "-" "Caffeinated/1.1.1 CFNetwork/520.3.2 Darwin/11.3.0 (x86_64) (MacBookPro8%2C1)"
98.172.15.254 - - [26/Mar/2012:10:15:38 -0700] "GET /favicon.ico HTTP/1.1" 404 169 "-" "Caffeinated/1.1.1 CFNetwork/520.3.2 Darwin/11.3.0 (x86_64) (MacBookPro8%2C1)"
117.202.95.215 - - [26/Mar/2012:10:16:02 -0700] "-" 400 0 "-" "-"
98.172.15.254 - - [26/Mar/2012:10:16:33 -0700] "GET /favicon.ico HTTP/1.1" 404 169 "-" "Caffeinated/1.1.1 CFNetwork/520.3.2 Darwin/11.3.0 (x86_64) (MacBookPro8%2C1)"
217.164.238.27 - - [26/Mar/2012:10:16:36 -0700] "GET /r/8n1 HTTP/1.1" 301 255 "http://www.facebook.com/l.php?u=http%3A%2F%2Ftawp.in%2Fr%2F8n1&h=ZAQFL8Ma1AQGpTRUMkO72nbCbMX2QfEKjtw2IPiKkVmuL3w" "Mozilla/5.0 (Windows NT 5.1) AppleWebKit/535.11 (KHTML, like Gecko) Chrome/17.0.963.83 Safari/535.11"
217.164.238.27 - - [26/Mar/2012:10:16:38 -0700] "GET /s/ta/8n1/ HTTP/1.1" 302 377 "http://www.facebook.com/l.php?u=http%3A%2F%2Ftawp.in%2Fr%2F8n1&h=ZAQFL8Ma1AQGpTRUMkO72nbCbMX2QfEKjtw2IPiKkVmuL3w" "Mozilla/5.0 (Windows NT 5.1) AppleWebKit/535.11 (KHTML, like Gecko) Chrome/17.0.963.83 Safari/535.11"
98.172.15.254 - - [26/Mar/2012:10:17:03 -0700] "GET /favicon.ico HTTP/1.1" 404 169 "-" "Caffeinated/1.1.1 CFNetwork/520.3.2 Darwin/11.3.0 (x86_64) (MacBookPro8%2C1)"
122.178.243.33 - - [26/Mar/2012:10:17:32 -0700] "GET / HTTP/1.1" 200 1430 "-" "Reeder/1010.59.00 CFNetwork/520.3.2 Darwin/11.3.0 (x86_64) (iMac12%2C1)"
122.178.243.33 - - [26/Mar/2012:10:17:32 -0700] "GET /favicon.ico HTTP/1.1" 404 142 "-" "Reeder/1010.59.00 CFNetwork/520.3.2 Darwin/11.3.0 (x86_64) (iMac12%2C1)"
122.178.243.33 - - [26/Mar/2012:10:17:33 -0700] "GET / HTTP/1.1" 200 1430 "-" "Reeder/1010.59.00 CFNetwork/520.3.2 Darwin/11.3.0 (x86_64) (iMac12%2C1)"
122.178.243.33 - - [26/Mar/2012:10:17:33 -0700] "GET /apple-touch-icon.png HTTP/1.1" 404 142 "-" "Reeder/1010.59.00 CFNetwork/520.3.2 Darwin/11.3.0 (x86_64) (iMac12%2C1)"
122.178.243.33 - - [26/Mar/2012:10:17:33 -0700] "GET /apple-touch-icon-precomposed.png HTTP/1.1" 404 142 "-" "Reeder/1010.59.00 CFNetwork/520.3.2 Darwin/11.3.0 (x86_64) (iMac12%2C1)"
98.172.15.254 - - [26/Mar/2012:10:18:03 -0700] "GET / HTTP/1.1" 304 0 "-" "Caffeinated/1.1.1 CFNetwork/520.3.2 Darwin/11.3.0 (x86_64) (MacBookPro8%2C1)"
98.172.15.254 - - [26/Mar/2012:10:18:03 -0700] "GET /favicon.ico HTTP/1.1" 404 169 "-" "Caffeinated/1.1.1 CFNetwork/520.3.2 Darwin/11.3.0 (x86_64) (MacBookPro8%2C1)"
98.172.15.254 - - [26/Mar/2012:10:18:31 -0700] "GET /favicon.ico HTTP/1.1" 404 169 "-" "Caffeinated/1.1.1 CFNetwork/520.3.2 Darwin/11.3.0 (x86_64) (MacBookPro8%2C1)"
98.172.15.254 - - [26/Mar/2012:10:19:29 -0700] "GET /favicon.ico HTTP/1.1" 404 169 "-" "Caffeinated/1.1.1 CFNetwork/520.3.2 Darwin/11.3.0 (x86_64) (MacBookPro8%2C1)"
207.46.199.149 - - [26/Mar/2012:10:19:57 -0700] "-" 400 0 "-" "-"
207.46.199.149 - - [26/Mar/2012:10:20:03 -0700] "-" 400 0 "-" "-"
207.46.199.149 - - [26/Mar/2012:10:20:03 -0700] "-" 400 0 "-" "-"
207.46.199.149 - - [26/Mar/2012:10:20:03 -0700] "-" 400 0 "-" "-"
207.46.199.149 - - [26/Mar/2012:10:20:03 -0700] "-" 400 0 "-" "-"
207.46.199.149 - - [26/Mar/2012:10:20:04 -0700] "-" 400 0 "-" "-"
207.46.199.149 - - [26/Mar/2012:10:20:04 -0700] "-" 400 0 "-" "-"
207.46.199.149 - - [26/Mar/2012:10:20:04 -0700] "-" 400 0 "-" "-"
207.46.199.149 - - [26/Mar/2012:10:20:04 -0700] "-" 400 0 "-" "-"
207.46.199.149 - - [26/Mar/2012:10:20:04 -0700] "-" 400 0 "-" "-"
98.172.15.254 - - [26/Mar/2012:10:20:05 -0700] "GET /favicon.ico HTTP/1.1" 404 169 "-" "Caffeinated/1.1.1 CFNetwork/520.3.2 Darwin/11.3.0 (x86_64) (MacBookPro8%2C1)"
