90.29.27.91 - - [21/Apr/2012:06:25:05 -0700] "-" 400 0 "-" "-"
67.9.45.191 - - [21/Apr/2012:06:25:13 -0700] "GET /r/2rvb HTTP/1.0" 301 257 "http://ta.wikipedia.org/wiki/%E0%AE%B5%E0%AE%B2%E0%AF%88%E0%AE%B5%E0%AE%BE%E0%AE%9A%E0%AE%B2%E0%AF%8D:%E0%AE%8A%E0%AE%9F%E0%AE%95%E0%AE%AA%E0%AF%8D_%E0%AE%AA%E0%AF%8B%E0%AE%9F%E0%AF%8D%E0%AE%9F%E0%AE%BF/en" "Mozilla/4.0 (compatible; MSIE 6.0; Windows 98; .NET CLR 2.0.50727)"
67.9.45.191 - - [21/Apr/2012:06:25:13 -0700] "GET /s/ta/2rvb/ HTTP/1.0" 302 505 "http://ta.wikipedia.org/wiki/%E0%AE%B5%E0%AE%B2%E0%AF%88%E0%AE%B5%E0%AE%BE%E0%AE%9A%E0%AE%B2%E0%AF%8D:%E0%AE%8A%E0%AE%9F%E0%AE%95%E0%AE%AA%E0%AF%8D_%E0%AE%AA%E0%AF%8B%E0%AE%9F%E0%AF%8D%E0%AE%9F%E0%AE%BF/en" "Mozilla/4.0 (compatible; MSIE 6.0; Windows 98; .NET CLR 2.0.50727)"
117.200.14.177 - - [21/Apr/2012:06:25:42 -0700] "-" 400 0 "-" "-"
117.200.14.177 - - [21/Apr/2012:06:25:42 -0700] "-" 400 0 "-" "-"
117.200.14.177 - - [21/Apr/2012:06:26:32 -0700] "-" 400 0 "-" "-"
117.200.14.177 - - [21/Apr/2012:06:28:32 -0700] "-" 400 0 "-" "-"
117.200.14.177 - - [21/Apr/2012:06:28:32 -0700] "-" 400 0 "-" "-"
117.200.14.177 - - [21/Apr/2012:06:28:32 -0700] "-" 400 0 "-" "-"
117.200.14.177 - - [21/Apr/2012:06:28:32 -0700] "-" 400 0 "-" "-"
117.200.14.177 - - [21/Apr/2012:06:28:32 -0700] "-" 400 0 "-" "-"
85.17.88.169 - - [21/Apr/2012:06:28:56 -0700] "POST /blog/wp-cron.php?doing_wp_cron=1335014526 HTTP/1.0" 499 0 "-" "WordPress/3.3.1; http://yuvi.in/blog"
209.85.238.182 - - [21/Apr/2012:06:28:56 -0700] "GET /blog/feed HTTP/1.1" 301 0 "-" "Feedfetcher-Google; (+http://www.google.com/feedfetcher.html; 3 subscribers; feed-id=17684830852112633560)"
85.17.88.169 - - [21/Apr/2012:06:28:58 -0700] "POST /blog/wp-cron.php?doing_wp_cron=1335014529 HTTP/1.0" 499 0 "-" "WordPress/3.3.1; http://yuvi.in/blog"
209.85.238.182 - - [21/Apr/2012:06:28:58 -0700] "GET /blog/feed/ HTTP/1.1" 304 0 "-" "Feedfetcher-Google; (+http://www.google.com/feedfetcher.html; 3 subscribers; feed-id=17684830852112633560)"
66.220.147.247 - - [21/Apr/2012:06:29:19 -0700] "GET /r/1256 HTTP/1.1" 301 257 "-" "facebookexternalhit/1.1 (+http://www.facebook.com/externalhit_uatext.php)"
66.220.147.247 - - [21/Apr/2012:06:29:19 -0700] "GET /s/ta/1256/ HTTP/1.1" 302 461 "-" "facebookexternalhit/1.1 (+http://www.facebook.com/externalhit_uatext.php)"
117.197.146.232 - - [21/Apr/2012:06:30:04 -0700] "GET / HTTP/1.1" 200 1430 "http://www.twenty19.com/blog/going-code-crazy/" "Mozilla/5.0 (Windows NT 6.1; WOW64) AppleWebKit/535.19 (KHTML, like Gecko) Chrome/18.0.1025.1 Safari/535.19"
117.197.146.232 - - [21/Apr/2012:06:30:05 -0700] "GET /blueprint/screen.css HTTP/1.1" 200 12058 "http://yuvi.in/" "Mozilla/5.0 (Windows NT 6.1; WOW64) AppleWebKit/535.19 (KHTML, like Gecko) Chrome/18.0.1025.1 Safari/535.19"
117.197.146.232 - - [21/Apr/2012:06:30:05 -0700] "GET /blueprint/print.css HTTP/1.1" 200 1284 "http://yuvi.in/" "Mozilla/5.0 (Windows NT 6.1; WOW64) AppleWebKit/535.19 (KHTML, like Gecko) Chrome/18.0.1025.1 Safari/535.19"
117.197.146.232 - - [21/Apr/2012:06:30:05 -0700] "GET /header.png HTTP/1.1" 200 14249 "http://yuvi.in/" "Mozilla/5.0 (Windows NT 6.1; WOW64) AppleWebKit/535.19 (KHTML, like Gecko) Chrome/18.0.1025.1 Safari/535.19"
117.197.146.232 - - [21/Apr/2012:06:30:06 -0700] "GET /favicon.ico HTTP/1.1" 404 199 "-" "Mozilla/5.0 (Windows NT 6.1; WOW64) AppleWebKit/535.19 (KHTML, like Gecko) Chrome/18.0.1025.1 Safari/535.19"
117.197.146.232 - - [21/Apr/2012:06:30:38 -0700] "GET /blog HTTP/1.1" 301 178 "http://yuvi.in/" "Mozilla/5.0 (Windows NT 6.1; WOW64) AppleWebKit/535.19 (KHTML, like Gecko) Chrome/18.0.1025.1 Safari/535.19"
85.17.88.169 - - [21/Apr/2012:06:30:40 -0700] "POST /blog/wp-cron.php?doing_wp_cron=1335014630 HTTP/1.0" 499 0 "-" "WordPress/3.3.1; http://yuvi.in/blog"
117.197.146.232 - - [21/Apr/2012:06:30:40 -0700] "GET /blog/ HTTP/1.1" 200 9194 "http://yuvi.in/" "Mozilla/5.0 (Windows NT 6.1; WOW64) AppleWebKit/535.19 (KHTML, like Gecko) Chrome/18.0.1025.1 Safari/535.19"
117.197.146.232 - - [21/Apr/2012:06:30:42 -0700] "GET /blog/wp-content/themes/cleanr/js/jquery.dropdown.js?ver=3.3.1 HTTP/1.1" 200 535 "http://yuvi.in/blog/" "Mozilla/5.0 (Windows NT 6.1; WOW64) AppleWebKit/535.19 (KHTML, like Gecko) Chrome/18.0.1025.1 Safari/535.19"
117.197.146.232 - - [21/Apr/2012:06:30:42 -0700] "GET /blog/wp-content/themes/cleanr/style.css HTTP/1.1" 200 10508 "http://yuvi.in/blog/" "Mozilla/5.0 (Windows NT 6.1; WOW64) AppleWebKit/535.19 (KHTML, like Gecko) Chrome/18.0.1025.1 Safari/535.19"
59.92.38.82 - - [21/Apr/2012:06:30:46 -0700] "-" 400 0 "-" "-"
117.197.146.232 - - [21/Apr/2012:06:30:47 -0700] "GET /blog/wp-content/themes/cleanr/css/960.css HTTP/1.1" 200 3628 "http://yuvi.in/blog/" "Mozilla/5.0 (Windows NT 6.1; WOW64) AppleWebKit/535.19 (KHTML, like Gecko) Chrome/18.0.1025.1 Safari/535.19"
117.197.146.232 - - [21/Apr/2012:06:30:47 -0700] "GET /blog/wp-content/themes/cleanr/css/reset.css HTTP/1.1" 200 648 "http://yuvi.in/blog/" "Mozilla/5.0 (Windows NT 6.1; WOW64) AppleWebKit/535.19 (KHTML, like Gecko) Chrome/18.0.1025.1 Safari/535.19"
117.197.146.232 - - [21/Apr/2012:06:30:47 -0700] "GET /blog/wp-content/themes/cleanr/css/text.css HTTP/1.1" 200 420 "http://yuvi.in/blog/" "Mozilla/5.0 (Windows NT 6.1; WOW64) AppleWebKit/535.19 (KHTML, like Gecko) Chrome/18.0.1025.1 Safari/535.19"
117.197.146.232 - - [21/Apr/2012:06:30:50 -0700] "-" 400 0 "-" "-"
117.197.146.232 - - [21/Apr/2012:06:31:06 -0700] "GET /blog/wp-includes/js/jquery/jquery.js?ver=1.7.1 HTTP/1.1" 200 93889 "http://yuvi.in/blog/" "Mozilla/5.0 (Windows NT 6.1; WOW64) AppleWebKit/535.19 (KHTML, like Gecko) Chrome/18.0.1025.1 Safari/535.19"
117.197.146.232 - - [21/Apr/2012:06:31:09 -0700] "GET /blog/wp-content/themes/cleanr/images/search_magnifier.gif HTTP/1.1" 200 394 "http://yuvi.in/blog/" "Mozilla/5.0 (Windows NT 6.1; WOW64) AppleWebKit/535.19 (KHTML, like Gecko) Chrome/18.0.1025.1 Safari/535.19"
117.197.146.232 - - [21/Apr/2012:06:31:10 -0700] "GET /favicon.ico HTTP/1.1" 404 199 "-" "Mozilla/5.0 (Windows NT 6.1; WOW64) AppleWebKit/535.19 (KHTML, like Gecko) Chrome/18.0.1025.1 Safari/535.19"
207.189.121.46 - - [21/Apr/2012:06:31:13 -0700] "GET / HTTP/1.1" 404 238 "-" "Mozilla/5.0 (Windows; U; Windows NT 5.1; en-US; rv:1.9.2.8) Gecko/20100721 Firefox/3.6.8"
117.204.21.192 - - [21/Apr/2012:06:32:11 -0700] "GET /r/1kee HTTP/1.1" 301 257 "http://ta.wikipedia.org/w/index.php?title=%E0%AE%AA%E0%AF%81%E0%AE%95%E0%AF%88%E0%AE%AF%E0%AE%BF%E0%AE%B2%E0%AF%88_%E0%AE%AA%E0%AE%BF%E0%AE%9F%E0%AE%BF%E0%AE%A4%E0%AF%8D%E0%AE%A4%E0%AE%B2%E0%AF%8D&printable=yes" "Mozilla/5.0 (Windows NT 6.1; rv:12.0) Gecko/20100101 Firefox/12.0"
117.204.21.192 - - [21/Apr/2012:06:32:12 -0700] "GET /s/ta/1kee/ HTTP/1.1" 302 473 "http://ta.wikipedia.org/w/index.php?title=%E0%AE%AA%E0%AF%81%E0%AE%95%E0%AF%88%E0%AE%AF%E0%AE%BF%E0%AE%B2%E0%AF%88_%E0%AE%AA%E0%AE%BF%E0%AE%9F%E0%AE%BF%E0%AE%A4%E0%AF%8D%E0%AE%A4%E0%AE%B2%E0%AF%8D&printable=yes" "Mozilla/5.0 (Windows NT 6.1; rv:12.0) Gecko/20100101 Firefox/12.0"
69.171.228.251 - - [21/Apr/2012:06:35:02 -0700] "GET /r/252 HTTP/1.1" 301 255 "-" "facebookexternalhit/1.1 (+http://www.facebook.com/externalhit_uatext.php)"
69.171.228.246 - - [21/Apr/2012:06:35:02 -0700] "GET /s/ta/252/ HTTP/1.1" 302 461 "-" "facebookexternalhit/1.1 (+http://www.facebook.com/externalhit_uatext.php)"
208.107.186.77 - - [21/Apr/2012:06:36:17 -0700] "GET /robots.txt HTTP/1.0" 404 169 "-" "Mozilla/5.0 (compatible; MJ12bot/v1.4.2; http://www.majestic12.co.uk/bot.php?+)"
208.107.186.77 - - [21/Apr/2012:06:36:19 -0700] "GET /blog/devlog-feb-2011.html HTTP/1.1" 200 7216 "-" "Mozilla/5.0 (compatible; MJ12bot/v1.4.2; http://www.majestic12.co.uk/bot.php?+)"
208.107.186.77 - - [21/Apr/2012:06:36:29 -0700] "GET /robots.txt HTTP/1.0" 404 169 "-" "Mozilla/5.0 (compatible; MJ12bot/v1.4.2; http://www.majestic12.co.uk/bot.php?+)"
208.107.186.77 - - [21/Apr/2012:06:36:33 -0700] "GET /blog/devlog-mar-2011.html HTTP/1.1" 200 6871 "-" "Mozilla/5.0 (compatible; MJ12bot/v1.4.2; http://www.majestic12.co.uk/bot.php?+)"
208.107.186.77 - - [21/Apr/2012:06:36:35 -0700] "GET /blog/gstreamer-101-at-gnome-asia-2011.html HTTP/1.1" 200 2313 "-" "Mozilla/5.0 (compatible; MJ12bot/v1.4.2; http://www.majestic12.co.uk/bot.php?+)"
115.184.19.158 - - [21/Apr/2012:06:36:47 -0700] "-" 400 0 "-" "-"
115.184.19.158 - - [21/Apr/2012:06:36:47 -0700] "-" 400 0 "-" "-"
115.184.19.158 - - [21/Apr/2012:06:36:47 -0700] "-" 400 0 "-" "-"
115.184.19.158 - - [21/Apr/2012:06:36:47 -0700] "-" 400 0 "-" "-"
66.220.149.244 - - [21/Apr/2012:06:37:02 -0700] "GET /r/1qjc HTTP/1.1" 301 257 "-" "facebookexternalhit/1.1 (+http://www.facebook.com/externalhit_uatext.php)"
66.220.149.250 - - [21/Apr/2012:06:37:02 -0700] "GET /s/ta/1qjc/ HTTP/1.1" 302 361 "-" "facebookexternalhit/1.1 (+http://www.facebook.com/externalhit_uatext.php)"
66.249.73.23 - - [21/Apr/2012:06:39:09 -0700] "GET /s/ta/2z65/ HTTP/1.1" 302 733 "-" "SAMSUNG-SGH-E250/1.0 Profile/MIDP-2.0 Configuration/CLDC-1.1 UP.Browser/6.2.3.3.c.1.101 (GUI) MMP/2.0 (compatible; Googlebot-Mobile/2.1; +http://www.google.com/bot.html)"
208.117.30.91 - - [21/Apr/2012:06:39:22 -0700] "GET / HTTP/1.1" 404 238 "http://seoresearch.com/check/?url=tawp.in" "Mozilla/5.0 (Windows NT 6.1; WOW64) AppleWebKit/535.19 (KHTML, like Gecko) Chrome/18.0.1025.152 Safari/535.19"
122.164.177.218 - - [21/Apr/2012:06:39:34 -0700] "-" 400 0 "-" "-"
122.164.177.218 - - [21/Apr/2012:06:40:14 -0700] "-" 400 0 "-" "-"
122.164.177.218 - - [21/Apr/2012:06:40:14 -0700] "-" 400 0 "-" "-"
122.164.177.218 - - [21/Apr/2012:06:40:14 -0700] "-" 400 0 "-" "-"
122.164.177.218 - - [21/Apr/2012:06:40:14 -0700] "-" 400 0 "-" "-"
122.164.177.218 - - [21/Apr/2012:06:40:14 -0700] "-" 400 0 "-" "-"
122.164.177.218 - - [21/Apr/2012:06:40:34 -0700] "-" 400 0 "-" "-"
122.164.177.218 - - [21/Apr/2012:06:40:34 -0700] "-" 400 0 "-" "-"
122.164.177.218 - - [21/Apr/2012:06:40:34 -0700] "-" 400 0 "-" "-"
122.164.177.218 - - [21/Apr/2012:06:40:34 -0700] "-" 400 0 "-" "-"
122.164.177.218 - - [21/Apr/2012:06:40:34 -0700] "-" 400 0 "-" "-"
223.236.47.13 - - [21/Apr/2012:06:41:34 -0700] "-" 400 0 "-" "-"
209.85.224.85 - - [21/Apr/2012:06:43:05 -0700] "GET /stories/feed HTTP/1.1" 200 13653 "-" "FeedBurner/1.0 (http://www.FeedBurner.com)"
66.249.73.219 - - [21/Apr/2012:06:43:59 -0700] "GET / HTTP/1.1" 200 1430 "-" "DoCoMo/2.0 N905i(c100;TB;W24H16) (compatible; Googlebot-Mobile/2.1; +http://www.google.com/bot.html)"
59.92.75.183 - - [21/Apr/2012:06:45:03 -0700] "-" 400 0 "-" "-"
117.193.171.45 - - [21/Apr/2012:06:45:12 -0700] "-" 400 0 "-" "-"
74.125.126.90 - - [21/Apr/2012:06:45:22 -0700] "GET /favicon.ico HTTP/1.1" 404 142 "-" "-"
85.17.88.169 - - [21/Apr/2012:06:45:36 -0700] "POST /blog/wp-cron.php?doing_wp_cron=1335015526 HTTP/1.0" 499 0 "-" "WordPress/3.3.1; http://yuvi.in/blog"
209.85.224.87 - - [21/Apr/2012:06:45:37 -0700] "GET /blog/feed HTTP/1.1" 304 0 "-" "FeedBurner/1.0 (http://www.FeedBurner.com)"
207.46.193.36 - - [21/Apr/2012:06:45:59 -0700] "-" 400 0 "-" "-"
207.46.193.36 - - [21/Apr/2012:06:46:01 -0700] "-" 400 0 "-" "-"
207.46.193.36 - - [21/Apr/2012:06:46:02 -0700] "-" 400 0 "-" "-"
207.46.193.36 - - [21/Apr/2012:06:46:03 -0700] "-" 400 0 "-" "-"
207.46.193.36 - - [21/Apr/2012:06:46:03 -0700] "-" 400 0 "-" "-"
207.46.193.36 - - [21/Apr/2012:06:46:04 -0700] "-" 400 0 "-" "-"
207.46.193.36 - - [21/Apr/2012:06:46:05 -0700] "-" 400 0 "-" "-"
207.46.193.36 - - [21/Apr/2012:06:46:05 -0700] "-" 400 0 "-" "-"
207.46.193.36 - - [21/Apr/2012:06:46:06 -0700] "-" 400 0 "-" "-"
85.17.88.169 - - [21/Apr/2012:06:46:21 -0700] "POST /blog/wp-cron.php?doing_wp_cron=1335015572 HTTP/1.0" 499 0 "-" "WordPress/3.3.1; http://yuvi.in/blog"
66.249.73.219 - - [21/Apr/2012:06:46:22 -0700] "GET /blog/2011/12/04/ HTTP/1.1" 200 4423 "-" "Mozilla/5.0 (compatible; Googlebot/2.1; +http://www.google.com/bot.html)"
150.70.172.105 - - [21/Apr/2012:06:48:11 -0700] "GET /r/9bb HTTP/1.0" 301 255 "-" "Mozilla/4.0 (compatible; MSIE 6.0; Windows NT 5.1)"
85.17.88.169 - - [21/Apr/2012:06:50:24 -0700] "POST /blog/wp-cron.php?doing_wp_cron=1335015814 HTTP/1.0" 499 0 "-" "WordPress/3.3.1; http://yuvi.in/blog"
209.85.238.182 - - [21/Apr/2012:06:50:24 -0700] "GET /blog/feed/ HTTP/1.1" 304 0 "-" "Feedfetcher-Google; (+http://www.google.com/feedfetcher.html; 19 subscribers; feed-id=15064232456473204253)"
85.17.88.169 - - [21/Apr/2012:06:50:29 -0700] "POST /blog/wp-cron.php?doing_wp_cron=1335015820 HTTP/1.0" 499 0 "-" "WordPress/3.3.1; http://yuvi.in/blog"
183.82.65.128 - - [21/Apr/2012:06:50:30 -0700] "GET /blog/feed/ HTTP/1.0" 304 0 "-" "FeedDemon/4.0 (http://www.feeddemon.com/; Microsoft Windows)"
173.73.93.126 - - [21/Apr/2012:06:52:27 -0700] "GET /r/352o HTTP/1.1" 301 257 "-" "Mozilla/5.0 (iPhone; U; CPU iPhone OS 4_3_4 like Mac OS X; en-us) AppleWebKit/533.17.9 (KHTML, like Gecko) Mobile/8K2"
173.73.93.126 - - [21/Apr/2012:06:52:27 -0700] "GET /s/ta/352o/ HTTP/1.1" 302 741 "-" "Mozilla/5.0 (iPhone; U; CPU iPhone OS 4_3_4 like Mac OS X; en-us) AppleWebKit/533.17.9 (KHTML, like Gecko) Mobile/8K2"
207.46.204.188 - - [21/Apr/2012:06:53:35 -0700] "GET /robots.txt HTTP/1.1" 404 169 "-" "Mozilla/5.0 (compatible; bingbot/2.0; +http://www.bing.com/bingbot.htm)"
207.46.204.188 - - [21/Apr/2012:06:54:24 -0700] "GET /blog/gsoc-2010-proposal.html HTTP/1.1" 200 5857 "-" "Mozilla/5.0 (compatible; bingbot/2.0; +http://www.bing.com/bingbot.htm)"
69.171.230.249 - - [21/Apr/2012:06:55:01 -0700] "GET /r/2rvh HTTP/1.1" 301 257 "-" "facebookexternalhit/1.1 (+http://www.facebook.com/externalhit_uatext.php)"
69.171.230.247 - - [21/Apr/2012:06:55:01 -0700] "GET /s/ta/2rvh/ HTTP/1.1" 302 591 "-" "facebookexternalhit/1.1 (+http://www.facebook.com/externalhit_uatext.php)"
85.17.88.169 - - [21/Apr/2012:06:55:13 -0700] "POST /blog/wp-cron.php?doing_wp_cron=1335016103 HTTP/1.0" 499 0 "-" "WordPress/3.3.1; http://yuvi.in/blog"
66.249.73.219 - - [21/Apr/2012:06:55:13 -0700] "GET /blog/2011/07/ HTTP/1.1" 200 3882 "-" "Mozilla/5.0 (compatible; Googlebot/2.1; +http://www.google.com/bot.html)"
27.251.30.70 - - [21/Apr/2012:06:57:23 -0700] "GET /r/ggj HTTP/1.0" 301 255 "http://ta.wikipedia.org/wiki/%E0%AE%AA%E0%AE%B3%E0%AF%8D%E0%AE%B3%E0%AE%BF%E0%AE%AA%E0%AE%BE%E0%AE%B3%E0%AF%88%E0%AE%AF%E0%AE%AE%E0%AF%8D" "Mozilla/5.0 (Windows NT 6.1; WOW64) AppleWebKit/535.19 (KHTML, like Gecko) Chrome/18.0.1025.162 Safari/535.19"
27.251.30.70 - - [21/Apr/2012:06:57:24 -0700] "GET /s/ta/ggj/ HTTP/1.0" 302 409 "http://ta.wikipedia.org/wiki/%E0%AE%AA%E0%AE%B3%E0%AF%8D%E0%AE%B3%E0%AE%BF%E0%AE%AA%E0%AE%BE%E0%AE%B3%E0%AF%88%E0%AE%AF%E0%AE%AE%E0%AF%8D" "Mozilla/5.0 (Windows NT 6.1; WOW64) AppleWebKit/535.19 (KHTML, like Gecko) Chrome/18.0.1025.162 Safari/535.19"
74.125.126.94 - - [21/Apr/2012:06:59:31 -0700] "GET /favicon.ico HTTP/1.1" 404 211 "-" "-"
180.76.6.29 - - [21/Apr/2012:06:59:42 -0700] "GET /blog/tag/reading.html HTTP/1.1" 200 4021 "-" "Mozilla/5.0 (compatible; Baiduspider/2.0; +http://www.baidu.com/search/spider.html)"
122.164.247.198 - - [21/Apr/2012:07:01:00 -0700] "-" 400 0 "-" "-"
122.164.247.198 - - [21/Apr/2012:07:01:00 -0700] "-" 400 0 "-" "-"
122.164.247.198 - - [21/Apr/2012:07:01:00 -0700] "-" 400 0 "-" "-"
173.169.226.223 - - [21/Apr/2012:07:01:09 -0700] "GET /AssessmentBar/r/Unassessed_India_articles/ HTTP/1.1" 302 279 "-" "Mozilla/5.0 (Windows NT 6.1) AppleWebKit/534.54.16 (KHTML, like Gecko) Version/5.1.4 Safari/534.54.16"
173.169.226.223 - - [21/Apr/2012:07:01:23 -0700] "GET /AssessmentBar/r/Unassessed_India_articles/ HTTP/1.1" 302 349 "http://en.wikipedia.org/wiki/Kittie_Party" "Mozilla/5.0 (Windows NT 6.1) AppleWebKit/534.54.16 (KHTML, like Gecko) Version/5.1.4 Safari/534.54.16"
173.169.226.223 - - [21/Apr/2012:07:01:52 -0700] "GET /AssessmentBar/r/Unassessed_India_articles/ HTTP/1.1" 302 275 "http://en.wikipedia.org/wiki/Indira_Gandhi_Institute_of_Development_Research" "Mozilla/5.0 (Windows NT 6.1) AppleWebKit/534.54.16 (KHTML, like Gecko) Version/5.1.4 Safari/534.54.16"
173.169.226.223 - - [21/Apr/2012:07:02:16 -0700] "GET /AssessmentBar/r/Unassessed_India_articles/ HTTP/1.1" 302 293 "http://en.wikipedia.org/wiki/Talk:Dola_Yatra" "Mozilla/5.0 (Windows NT 6.1) AppleWebKit/534.54.16 (KHTML, like Gecko) Version/5.1.4 Safari/534.54.16"
173.169.226.223 - - [21/Apr/2012:07:02:26 -0700] "GET /AssessmentBar/r/Unassessed_India_articles/ HTTP/1.1" 302 309 "http://en.wikipedia.org/wiki/Talk:Rama_Devi_Choudhury" "Mozilla/5.0 (Windows NT 6.1) AppleWebKit/534.54.16 (KHTML, like Gecko) Version/5.1.4 Safari/534.54.16"
14.96.129.253 - - [21/Apr/2012:07:02:30 -0700] "-" 400 0 "-" "-"
115.184.19.158 - - [21/Apr/2012:07:02:40 -0700] "-" 400 0 "-" "-"
173.169.226.223 - - [21/Apr/2012:07:03:07 -0700] "GET /AssessmentBar/r/Unassessed_India_articles/ HTTP/1.1" 302 297 "http://en.wikipedia.org/w/index.php?title=Talk:Somvanshi_Pathare_Kshatriya&action=edit" "Mozilla/5.0 (Windows NT 6.1) AppleWebKit/534.54.16 (KHTML, like Gecko) Version/5.1.4 Safari/534.54.16"
173.169.226.223 - - [21/Apr/2012:07:03:13 -0700] "GET /AssessmentBar/r/Unassessed_India_articles/ HTTP/1.1" 302 371 "http://en.wikipedia.org/wiki/Indians_in_Bangladesh" "Mozilla/5.0 (Windows NT 6.1) AppleWebKit/534.54.16 (KHTML, like Gecko) Version/5.1.4 Safari/534.54.16"
173.169.226.223 - - [21/Apr/2012:07:03:39 -0700] "GET /AssessmentBar/r/Unassessed_India_articles/ HTTP/1.1" 302 309 "http://en.wikipedia.org/wiki/VIT_University_School_of_Computing_Science_and_Engineering" "Mozilla/5.0 (Windows NT 6.1) AppleWebKit/534.54.16 (KHTML, like Gecko) Version/5.1.4 Safari/534.54.16"
173.169.226.223 - - [21/Apr/2012:07:03:47 -0700] "GET /AssessmentBar/r/Unassessed_India_articles/ HTTP/1.1" 302 271 "http://en.wikipedia.org/wiki/Bhopal%E2%80%93Pratapgarh_Express" "Mozilla/5.0 (Windows NT 6.1) AppleWebKit/534.54.16 (KHTML, like Gecko) Version/5.1.4 Safari/534.54.16"
115.241.57.168 - - [21/Apr/2012:07:04:00 -0700] "-" 400 0 "-" "-"
173.169.226.223 - - [21/Apr/2012:07:04:08 -0700] "GET /AssessmentBar/r/Unassessed_India_articles/ HTTP/1.1" 302 279 "http://en.wikipedia.org/wiki/Sugandha" "Mozilla/5.0 (Windows NT 6.1) AppleWebKit/534.54.16 (KHTML, like Gecko) Version/5.1.4 Safari/534.54.16"
115.252.191.40 - - [21/Apr/2012:07:04:59 -0700] "-" 400 0 "-" "-"
115.252.191.40 - - [21/Apr/2012:07:05:04 -0700] "-" 400 0 "-" "-"
117.202.185.249 - - [21/Apr/2012:07:05:55 -0700] "-" 400 0 "-" "-"
117.202.185.249 - - [21/Apr/2012:07:05:55 -0700] "-" 400 0 "-" "-"
117.202.185.249 - - [21/Apr/2012:07:05:55 -0700] "-" 400 0 "-" "-"
117.202.185.249 - - [21/Apr/2012:07:05:55 -0700] "-" 400 0 "-" "-"
173.169.226.223 - - [21/Apr/2012:07:06:05 -0700] "GET /AssessmentBar/r/Unassessed_India_articles/ HTTP/1.1" 302 309 "http://en.wikipedia.org/wiki/Mother_Meera" "Mozilla/5.0 (Windows NT 6.1) AppleWebKit/534.54.16 (KHTML, like Gecko) Version/5.1.4 Safari/534.54.16"
117.213.118.244 - - [21/Apr/2012:07:06:46 -0700] "GET /r/21vh HTTP/1.1" 301 257 "http://ta.wikipedia.org/wiki/%E0%AE%A4%E0%AE%AE%E0%AE%BF%E0%AE%B4%E0%AF%8D%E0%AE%A8%E0%AE%BE%E0%AE%9F%E0%AF%81_%E0%AE%95%E0%AE%BE%E0%AE%B5%E0%AE%B2%E0%AF%8D%E0%AE%A4%E0%AF%81%E0%AE%B1%E0%AF%88" "Mozilla/5.0 (Windows NT 5.1) AppleWebKit/535.19 (KHTML, like Gecko) Chrome/18.0.1025.162 Safari/535.19"
117.213.118.244 - - [21/Apr/2012:07:06:47 -0700] "GET /s/ta/21vh/ HTTP/1.1" 302 485 "http://ta.wikipedia.org/wiki/%E0%AE%A4%E0%AE%AE%E0%AE%BF%E0%AE%B4%E0%AF%8D%E0%AE%A8%E0%AE%BE%E0%AE%9F%E0%AF%81_%E0%AE%95%E0%AE%BE%E0%AE%B5%E0%AE%B2%E0%AF%8D%E0%AE%A4%E0%AF%81%E0%AE%B1%E0%AF%88" "Mozilla/5.0 (Windows NT 5.1) AppleWebKit/535.19 (KHTML, like Gecko) Chrome/18.0.1025.162 Safari/535.19"
117.202.185.249 - - [21/Apr/2012:07:06:55 -0700] "-" 400 0 "-" "-"
173.169.226.223 - - [21/Apr/2012:07:06:58 -0700] "GET /AssessmentBar/r/Unassessed_India_articles/ HTTP/1.1" 302 287 "http://en.wikipedia.org/wiki/Indira_Gandhi_Stadium_(Una)" "Mozilla/5.0 (Windows NT 6.1) AppleWebKit/534.54.16 (KHTML, like Gecko) Version/5.1.4 Safari/534.54.16"
173.169.226.223 - - [21/Apr/2012:07:07:04 -0700] "GET /AssessmentBar/r/Unassessed_India_articles/ HTTP/1.1" 302 291 "http://en.wikipedia.org/wiki/Molangoor_Quilla" "Mozilla/5.0 (Windows NT 6.1) AppleWebKit/534.54.16 (KHTML, like Gecko) Version/5.1.4 Safari/534.54.16"
117.213.118.244 - - [21/Apr/2012:07:07:04 -0700] "-" 400 0 "-" "-"
117.213.118.244 - - [21/Apr/2012:07:07:04 -0700] "-" 400 0 "-" "-"
119.63.196.93 - - [21/Apr/2012:07:07:33 -0700] "GET / HTTP/1.1" 200 1430 "-" "Mozilla/5.0 (compatible; Baiduspider/2.0; +http://www.baidu.com/search/spider.html)"
208.115.111.68 - - [21/Apr/2012:07:07:35 -0700] "GET /robots.txt HTTP/1.1" 404 169 "-" "Mozilla/5.0 (compatible; Ezooms/1.0; ezooms.bot@gmail.com)"
117.201.26.72 - - [21/Apr/2012:07:08:07 -0700] "GET /r/33gy HTTP/1.1" 301 257 "http://ta.wikipedia.org/wiki/%E0%AE%AA%E0%AE%95%E0%AF%81%E0%AE%AA%E0%AF%8D%E0%AE%AA%E0%AF%81:%E0%AE%9A%E0%AF%80%E0%AE%A9_%E0%AE%85%E0%AE%B0%E0%AE%9A%E0%AE%AE%E0%AE%B0%E0%AE%AA%E0%AF%81%E0%AE%95%E0%AE%B3%E0%AF%8D" "Mozilla/5.0 (Windows NT 5.1) AppleWebKit/535.19 (KHTML, like Gecko) Chrome/18.0.1025.162 Safari/535.19"
117.201.26.72 - - [21/Apr/2012:07:08:08 -0700] "GET /s/ta/33gy/ HTTP/1.1" 302 511 "http://ta.wikipedia.org/wiki/%E0%AE%AA%E0%AE%95%E0%AF%81%E0%AE%AA%E0%AF%8D%E0%AE%AA%E0%AF%81:%E0%AE%9A%E0%AF%80%E0%AE%A9_%E0%AE%85%E0%AE%B0%E0%AE%9A%E0%AE%AE%E0%AE%B0%E0%AE%AA%E0%AF%81%E0%AE%95%E0%AE%B3%E0%AF%8D" "Mozilla/5.0 (Windows NT 5.1) AppleWebKit/535.19 (KHTML, like Gecko) Chrome/18.0.1025.162 Safari/535.19"
117.201.26.72 - - [21/Apr/2012:07:08:20 -0700] "-" 400 0 "-" "-"
69.171.228.247 - - [21/Apr/2012:07:09:37 -0700] "GET /stories/emacs.html HTTP/1.1" 200 2194 "-" "facebookexternalhit/1.1 (+http://www.facebook.com/externalhit_uatext.php)"
117.193.190.70 - - [21/Apr/2012:07:10:10 -0700] "-" 400 0 "-" "-"
173.169.226.223 - - [21/Apr/2012:07:12:36 -0700] "GET /AssessmentBar/r/Unassessed_India_articles/ HTTP/1.1" 302 309 "http://en.wikipedia.org/w/index.php?title=Talk:Hamunaptra_(Egypt)&action=edit" "Mozilla/5.0 (Windows NT 6.1) AppleWebKit/534.54.16 (KHTML, like Gecko) Version/5.1.4 Safari/534.54.16"
173.169.226.223 - - [21/Apr/2012:07:12:59 -0700] "GET /AssessmentBar/r/Unassessed_India_articles/ HTTP/1.1" 302 291 "http://en.wikipedia.org/wiki/Indore_%E2%80%93_Dehradun_Express" "Mozilla/5.0 (Windows NT 6.1) AppleWebKit/534.54.16 (KHTML, like Gecko) Version/5.1.4 Safari/534.54.16"
150.70.75.28 - - [21/Apr/2012:07:14:33 -0700] "GET /r/9bb HTTP/1.0" 301 255 "-" "Mozilla/4.0 (compatible; MSIE 6.0; Windows NT 5.1)"
210.210.123.119 - - [21/Apr/2012:07:15:12 -0700] "-" 400 0 "-" "-"
85.17.88.169 - - [21/Apr/2012:07:15:44 -0700] "POST /blog/wp-cron.php?doing_wp_cron=1335017334 HTTP/1.0" 499 0 "-" "WordPress/3.3.1; http://yuvi.in/blog"
209.85.224.84 - - [21/Apr/2012:07:15:44 -0700] "GET /blog/feed HTTP/1.1" 304 0 "-" "FeedBurner/1.0 (http://www.FeedBurner.com)"
122.174.44.118 - - [21/Apr/2012:07:17:18 -0700] "-" 400 0 "-" "-"
173.169.226.223 - - [21/Apr/2012:07:17:19 -0700] "GET /AssessmentBar/r/Unassessed_India_articles/ HTTP/1.1" 302 291 "http://en.wikipedia.org/wiki/James_Braid_Taylor" "Mozilla/5.0 (Windows NT 6.1) AppleWebKit/534.54.16 (KHTML, like Gecko) Version/5.1.4 Safari/534.54.16"
59.92.35.187 - - [21/Apr/2012:07:17:32 -0700] "-" 400 0 "-" "-"
122.164.117.187 - - [21/Apr/2012:07:17:33 -0700] "-" 400 0 "-" "-"
117.193.63.191 - - [21/Apr/2012:07:18:36 -0700] "-" 400 0 "-" "-"
59.92.12.1 - - [21/Apr/2012:07:20:22 -0700] "-" 400 0 "-" "-"
59.92.12.1 - - [21/Apr/2012:07:20:22 -0700] "-" 400 0 "-" "-"
59.92.12.1 - - [21/Apr/2012:07:20:22 -0700] "-" 400 0 "-" "-"
59.92.12.1 - - [21/Apr/2012:07:20:22 -0700] "-" 400 0 "-" "-"
59.92.12.1 - - [21/Apr/2012:07:20:22 -0700] "-" 400 0 "-" "-"
59.92.12.1 - - [21/Apr/2012:07:20:42 -0700] "-" 400 0 "-" "-"
85.17.88.169 - - [21/Apr/2012:07:20:45 -0700] "POST /blog/wp-cron.php?doing_wp_cron=1335017635 HTTP/1.0" 499 0 "-" "WordPress/3.3.1; http://yuvi.in/blog"
209.85.238.182 - - [21/Apr/2012:07:20:46 -0700] "GET /blog/feed HTTP/1.1" 301 0 "-" "Feedfetcher-Google; (+http://www.google.com/feedfetcher.html; 3 subscribers; feed-id=17684830852112633560)"
85.17.88.169 - - [21/Apr/2012:07:20:48 -0700] "POST /blog/wp-cron.php?doing_wp_cron=1335017638 HTTP/1.0" 499 0 "-" "WordPress/3.3.1; http://yuvi.in/blog"
209.85.238.182 - - [21/Apr/2012:07:20:48 -0700] "GET /blog/feed/ HTTP/1.1" 304 0 "-" "Feedfetcher-Google; (+http://www.google.com/feedfetcher.html; 3 subscribers; feed-id=17684830852112633560)"
59.99.194.0 - - [21/Apr/2012:07:21:13 -0700] "GET /r/1sdo HTTP/1.1" 301 257 "http://ta.wikipedia.org/wiki/%E0%AE%AA%E0%AE%A4%E0%AF%81%E0%AE%B0%E0%AF%81%E0%AE%AA%E0%AF%8D_%E0%AE%AA%E0%AF%8B%E0%AE%B0%E0%AF%8D" "Mozilla/5.0 (Windows NT 5.1; rv:8.0.1) Gecko/20100101 Firefox/8.0.1"
59.99.194.0 - - [21/Apr/2012:07:21:15 -0700] "GET /s/ta/1sdo/ HTTP/1.1" 302 401 "http://ta.wikipedia.org/wiki/%E0%AE%AA%E0%AE%A4%E0%AF%81%E0%AE%B0%E0%AF%81%E0%AE%AA%E0%AF%8D_%E0%AE%AA%E0%AF%8B%E0%AE%B0%E0%AF%8D" "Mozilla/5.0 (Windows NT 5.1; rv:8.0.1) Gecko/20100101 Firefox/8.0.1"
59.99.194.0 - - [21/Apr/2012:07:21:16 -0700] "GET /s/ta/1sdo/ HTTP/1.1" 302 401 "http://ta.wikipedia.org/wiki/%E0%AE%AA%E0%AE%A4%E0%AF%81%E0%AE%B0%E0%AF%81%E0%AE%AA%E0%AF%8D_%E0%AE%AA%E0%AF%8B%E0%AE%B0%E0%AF%8D" "Mozilla/5.0 (Windows NT 5.1; rv:8.0.1) Gecko/20100101 Firefox/8.0.1"
59.99.194.0 - - [21/Apr/2012:07:21:17 -0700] "GET /s/ta/1sdo/ HTTP/1.1" 302 401 "http://ta.wikipedia.org/wiki/%E0%AE%AA%E0%AE%A4%E0%AF%81%E0%AE%B0%E0%AF%81%E0%AE%AA%E0%AF%8D_%E0%AE%AA%E0%AF%8B%E0%AE%B0%E0%AF%8D" "Mozilla/5.0 (Windows NT 5.1; rv:8.0.1) Gecko/20100101 Firefox/8.0.1"
173.169.226.223 - - [21/Apr/2012:07:21:17 -0700] "GET /AssessmentBar/r/Unassessed_India_articles/ HTTP/1.1" 302 287 "http://en.wikipedia.org/wiki/Madivala_Machideva" "Mozilla/5.0 (Windows NT 6.1) AppleWebKit/534.54.16 (KHTML, like Gecko) Version/5.1.4 Safari/534.54.16"
59.99.194.0 - - [21/Apr/2012:07:21:18 -0700] "-" 400 0 "-" "-"
173.169.226.223 - - [21/Apr/2012:07:22:18 -0700] "GET /AssessmentBar/r/Unassessed_India_articles/ HTTP/1.1" 302 303 "http://en.wikipedia.org/wiki/Ramadhar_Kashyap" "Mozilla/5.0 (Windows NT 6.1) AppleWebKit/534.54.16 (KHTML, like Gecko) Version/5.1.4 Safari/534.54.16"
173.169.226.223 - - [21/Apr/2012:07:22:24 -0700] "GET /AssessmentBar/r/Unassessed_India_articles/ HTTP/1.1" 302 293 "http://en.wikipedia.org/wiki/Sainik_School,_Korukonda" "Mozilla/5.0 (Windows NT 6.1) AppleWebKit/534.54.16 (KHTML, like Gecko) Version/5.1.4 Safari/534.54.16"
117.193.63.191 - - [21/Apr/2012:07:22:50 -0700] "-" 400 0 "-" "-"
117.193.63.191 - - [21/Apr/2012:07:22:50 -0700] "-" 400 0 "-" "-"
117.193.63.191 - - [21/Apr/2012:07:22:50 -0700] "-" 400 0 "-" "-"
117.193.63.191 - - [21/Apr/2012:07:22:50 -0700] "-" 400 0 "-" "-"
117.193.190.70 - - [21/Apr/2012:07:24:16 -0700] "-" 400 0 "-" "-"
173.169.226.223 - - [21/Apr/2012:07:24:20 -0700] "GET /AssessmentBar/r/Unassessed_India_articles/ HTTP/1.1" 302 289 "http://en.wikipedia.org/wiki/Bharat_Jhunjhunwala" "Mozilla/5.0 (Windows NT 6.1) AppleWebKit/534.54.16 (KHTML, like Gecko) Version/5.1.4 Safari/534.54.16"
91.203.96.29 - - [21/Apr/2012:07:24:36 -0700] "-" 400 0 "-" "-"
173.169.226.223 - - [21/Apr/2012:07:24:45 -0700] "GET /AssessmentBar/r/Unassessed_India_articles/ HTTP/1.1" 302 263 "http://en.wikipedia.org/wiki/Geetha_Rajashekar" "Mozilla/5.0 (Windows NT 6.1) AppleWebKit/534.54.16 (KHTML, like Gecko) Version/5.1.4 Safari/534.54.16"
85.17.88.169 - - [21/Apr/2012:07:24:48 -0700] "POST /blog/wp-cron.php?doing_wp_cron=1335017879 HTTP/1.0" 499 0 "-" "WordPress/3.3.1; http://yuvi.in/blog"
182.68.226.220 - - [21/Apr/2012:07:24:49 -0700] "GET /blog/infosys-tcs-or-wipro-none/ HTTP/1.1" 200 7089 "http://www.google.co.in/url?sa=t&rct=j&q=infosys%20job%20experience&source=web&cd=25&ved=0CFYQFjAEOBQ&url=http%3A%2F%2Fyuvi.in%2Fblog%2Finfosys-tcs-or-wipro-none%2F&ei=fsGST9TKKc-zrAeD3JCdBQ&usg=AFQjCNFFymVRTHm740-I9A4VqJxKWQnZng" "Mozilla/5.0 (Windows NT 5.1; rv:11.0) Gecko/20100101 Firefox/11.0"
182.68.226.220 - - [21/Apr/2012:07:24:50 -0700] "GET /blog/wp-content/themes/cleanr/js/jquery.dropdown.js?ver=3.3.1 HTTP/1.1" 200 535 "http://yuvi.in/blog/infosys-tcs-or-wipro-none/" "Mozilla/5.0 (Windows NT 5.1; rv:11.0) Gecko/20100101 Firefox/11.0"
182.68.226.220 - - [21/Apr/2012:07:24:50 -0700] "GET /blog/wp-content/themes/cleanr/style.css HTTP/1.1" 200 10508 "http://yuvi.in/blog/infosys-tcs-or-wipro-none/" "Mozilla/5.0 (Windows NT 5.1; rv:11.0) Gecko/20100101 Firefox/11.0"
182.68.226.220 - - [21/Apr/2012:07:24:52 -0700] "GET /blog/wp-content/themes/cleanr/css/reset.css HTTP/1.1" 200 648 "http://yuvi.in/blog/wp-content/themes/cleanr/style.css" "Mozilla/5.0 (Windows NT 5.1; rv:11.0) Gecko/20100101 Firefox/11.0"
182.68.226.220 - - [21/Apr/2012:07:24:52 -0700] "GET /blog/wp-content/themes/cleanr/css/960.css HTTP/1.1" 200 3628 "http://yuvi.in/blog/wp-content/themes/cleanr/style.css" "Mozilla/5.0 (Windows NT 5.1; rv:11.0) Gecko/20100101 Firefox/11.0"
173.169.226.223 - - [21/Apr/2012:07:24:54 -0700] "GET /AssessmentBar/r/Unassessed_India_articles/ HTTP/1.1" 302 299 "http://en.wikipedia.org/wiki/Sahu" "Mozilla/5.0 (Windows NT 6.1) AppleWebKit/534.54.16 (KHTML, like Gecko) Version/5.1.4 Safari/534.54.16"
182.68.226.220 - - [21/Apr/2012:07:24:55 -0700] "GET /blog/wp-includes/js/jquery/jquery.js?ver=1.7.1 HTTP/1.1" 200 93889 "http://yuvi.in/blog/infosys-tcs-or-wipro-none/" "Mozilla/5.0 (Windows NT 5.1; rv:11.0) Gecko/20100101 Firefox/11.0"
182.68.226.220 - - [21/Apr/2012:07:24:55 -0700] "-" 400 0 "-" "-"
182.68.226.220 - - [21/Apr/2012:07:24:55 -0700] "GET /blog/wp-content/themes/cleanr/css/text.css HTTP/1.1" 200 420 "http://yuvi.in/blog/wp-content/themes/cleanr/style.css" "Mozilla/5.0 (Windows NT 5.1; rv:11.0) Gecko/20100101 Firefox/11.0"
182.68.226.220 - - [21/Apr/2012:07:24:57 -0700] "GET /blog/wp-content/themes/cleanr/images/search_magnifier.gif HTTP/1.1" 200 394 "http://yuvi.in/blog/infosys-tcs-or-wipro-none/" "Mozilla/5.0 (Windows NT 5.1; rv:11.0) Gecko/20100101 Firefox/11.0"
182.68.226.220 - - [21/Apr/2012:07:25:04 -0700] "GET /favicon.ico HTTP/1.1" 404 142 "-" "Mozilla/5.0 (Windows NT 5.1; rv:11.0) Gecko/20100101 Firefox/11.0"
182.68.226.220 - - [21/Apr/2012:07:25:05 -0700] "GET /favicon.ico HTTP/1.1" 404 142 "-" "Mozilla/5.0 (Windows NT 5.1; rv:11.0) Gecko/20100101 Firefox/11.0"
85.17.88.169 - - [21/Apr/2012:07:25:09 -0700] "POST /blog/wp-cron.php?doing_wp_cron=1335017899 HTTP/1.0" 499 0 "-" "WordPress/3.3.1; http://yuvi.in/blog"
85.17.88.169 - - [21/Apr/2012:07:25:09 -0700] "POST /blog/wp-cron.php?doing_wp_cron=1335017899 HTTP/1.0" 499 0 "-" "WordPress/3.3.1; http://yuvi.in/blog"
182.68.226.220 - - [21/Apr/2012:07:25:09 -0700] "GET /blog/infosys-tcs-or-wipro-none/?cf_action=sync_comments&post_id=124 HTTP/1.1" 200 48 "http://yuvi.in/blog/infosys-tcs-or-wipro-none/" "Mozilla/5.0 (Windows NT 5.1; rv:11.0) Gecko/20100101 Firefox/11.0"
182.68.226.220 - - [21/Apr/2012:07:25:09 -0700] "GET /blog/working-big-co-unsatisfying/ HTTP/1.1" 200 5047 "http://yuvi.in/blog/infosys-tcs-or-wipro-none/" "Mozilla/5.0 (Windows NT 5.1; rv:11.0) Gecko/20100101 Firefox/11.0"
173.169.226.223 - - [21/Apr/2012:07:25:34 -0700] "GET /AssessmentBar/r/Unassessed_India_articles/ HTTP/1.1" 302 293 "http://en.wikipedia.org/wiki/Sri_Nrusimha_Bharati_V" "Mozilla/5.0 (Windows NT 6.1) AppleWebKit/534.54.16 (KHTML, like Gecko) Version/5.1.4 Safari/534.54.16"
117.193.190.70 - - [21/Apr/2012:07:26:05 -0700] "-" 400 0 "-" "-"
173.169.226.223 - - [21/Apr/2012:07:26:15 -0700] "GET /AssessmentBar/r/Unassessed_India_articles/ HTTP/1.1" 302 323 "http://en.wikipedia.org/wiki/Hari_Shankar_Tiwari" "Mozilla/5.0 (Windows NT 6.1) AppleWebKit/534.54.16 (KHTML, like Gecko) Version/5.1.4 Safari/534.54.16"
85.17.88.169 - - [21/Apr/2012:07:26:18 -0700] "POST /blog/wp-cron.php?doing_wp_cron=1335017968 HTTP/1.0" 499 0 "-" "WordPress/3.3.1; http://yuvi.in/blog"
183.82.65.128 - - [21/Apr/2012:07:26:19 -0700] "GET /blog/feed/ HTTP/1.0" 304 0 "-" "FeedDemon/4.0 (http://www.feeddemon.com/; Microsoft Windows)"
173.169.226.223 - - [21/Apr/2012:07:26:23 -0700] "GET /AssessmentBar/r/Unassessed_India_articles/ HTTP/1.1" 302 277 "http://en.wikipedia.org/wiki/Air_Force_Golden_Jubilee_Institute" "Mozilla/5.0 (Windows NT 6.1) AppleWebKit/534.54.16 (KHTML, like Gecko) Version/5.1.4 Safari/534.54.16"
173.169.226.223 - - [21/Apr/2012:07:26:30 -0700] "GET /AssessmentBar/r/Unassessed_India_articles/ HTTP/1.1" 302 277 "http://en.wikipedia.org/wiki/Falgu_River" "Mozilla/5.0 (Windows NT 6.1) AppleWebKit/534.54.16 (KHTML, like Gecko) Version/5.1.4 Safari/534.54.16"
173.169.226.223 - - [21/Apr/2012:07:26:50 -0700] "GET /AssessmentBar/r/Unassessed_India_articles/ HTTP/1.1" 302 329 "http://en.wikipedia.org/wiki/Talk:Satya_Sinha" "Mozilla/5.0 (Windows NT 6.1) AppleWebKit/534.54.16 (KHTML, like Gecko) Version/5.1.4 Safari/534.54.16"
173.169.226.223 - - [21/Apr/2012:07:26:55 -0700] "GET /AssessmentBar/r/Unassessed_India_articles/ HTTP/1.1" 302 283 "http://en.wikipedia.org/wiki/Swamijis_of_the_Ashta_Mathas_of_Udupi" "Mozilla/5.0 (Windows NT 6.1) AppleWebKit/534.54.16 (KHTML, like Gecko) Version/5.1.4 Safari/534.54.16"
173.169.226.223 - - [21/Apr/2012:07:27:00 -0700] "GET /AssessmentBar/r/Unassessed_India_articles/ HTTP/1.1" 302 275 "http://en.wikipedia.org/wiki/V._V._Paranjpe" "Mozilla/5.0 (Windows NT 6.1) AppleWebKit/534.54.16 (KHTML, like Gecko) Version/5.1.4 Safari/534.54.16"
173.169.226.223 - - [21/Apr/2012:07:27:08 -0700] "GET /AssessmentBar/r/Unassessed_India_articles/ HTTP/1.1" 302 277 "http://en.wikipedia.org/wiki/Rath_tribe" "Mozilla/5.0 (Windows NT 6.1) AppleWebKit/534.54.16 (KHTML, like Gecko) Version/5.1.4 Safari/534.54.16"
117.193.67.244 - - [21/Apr/2012:07:28:04 -0700] "-" 400 0 "-" "-"
117.193.190.70 - - [21/Apr/2012:07:28:27 -0700] "-" 400 0 "-" "-"
92.15.137.241 - - [21/Apr/2012:07:29:52 -0700] "-" 400 0 "-" "-"
92.15.137.241 - - [21/Apr/2012:07:29:52 -0700] "-" 400 0 "-" "-"
92.15.137.241 - - [21/Apr/2012:07:29:52 -0700] "-" 400 0 "-" "-"
92.15.137.241 - - [21/Apr/2012:07:29:52 -0700] "-" 400 0 "-" "-"
92.15.137.241 - - [21/Apr/2012:07:29:52 -0700] "-" 400 0 "-" "-"
117.203.107.12 - - [21/Apr/2012:07:31:19 -0700] "GET /r/2d67 HTTP/1.1" 301 257 "http://ta.wikipedia.org/wiki/%E0%AE%9A%E0%AE%BE%E0%AE%B2%E0%AF%88_%E0%AE%B5%E0%AE%BF%E0%AE%AA%E0%AE%A4%E0%AF%8D%E0%AE%A4%E0%AF%81" "Mozilla/4.0 (compatible; MSIE 6.0; Windows NT 5.1; SV1; InfoPath.2)"
117.203.107.12 - - [21/Apr/2012:07:31:20 -0700] "GET /s/ta/2d67/ HTTP/1.1" 302 401 "http://ta.wikipedia.org/wiki/%E0%AE%9A%E0%AE%BE%E0%AE%B2%E0%AF%88_%E0%AE%B5%E0%AE%BF%E0%AE%AA%E0%AE%A4%E0%AF%8D%E0%AE%A4%E0%AF%81" "Mozilla/4.0 (compatible; MSIE 6.0; Windows NT 5.1; SV1; InfoPath.2)"
59.92.40.180 - - [21/Apr/2012:07:32:26 -0700] "-" 400 0 "-" "-"
59.92.40.180 - - [21/Apr/2012:07:32:26 -0700] "-" 400 0 "-" "-"
59.92.40.180 - - [21/Apr/2012:07:32:27 -0700] "-" 400 0 "-" "-"
122.174.44.118 - - [21/Apr/2012:07:33:17 -0700] "-" 400 0 "-" "-"
122.174.44.118 - - [21/Apr/2012:07:34:07 -0700] "-" 400 0 "-" "-"
122.174.44.118 - - [21/Apr/2012:07:34:07 -0700] "-" 400 0 "-" "-"
117.193.139.127 - - [21/Apr/2012:07:34:36 -0700] "-" 400 0 "-" "-"
117.193.139.127 - - [21/Apr/2012:07:34:36 -0700] "-" 400 0 "-" "-"
117.193.67.244 - - [21/Apr/2012:07:34:45 -0700] "-" 400 0 "-" "-"
150.70.64.197 - - [21/Apr/2012:07:35:33 -0700] "GET / HTTP/1.0" 404 238 "-" "Mozilla/4.0 (compatible; MSIE 6.0; Windows NT 5.1)"
101.63.201.226 - - [21/Apr/2012:07:36:07 -0700] "-" 400 0 "-" "-"
101.63.201.226 - - [21/Apr/2012:07:36:07 -0700] "-" 400 0 "-" "-"
101.63.201.226 - - [21/Apr/2012:07:36:07 -0700] "-" 400 0 "-" "-"
223.236.226.249 - - [21/Apr/2012:07:36:16 -0700] "-" 400 0 "-" "-"
101.63.201.226 - - [21/Apr/2012:07:36:27 -0700] "-" 400 0 "-" "-"
101.63.201.226 - - [21/Apr/2012:07:36:27 -0700] "-" 400 0 "-" "-"
101.63.201.226 - - [21/Apr/2012:07:36:27 -0700] "-" 400 0 "-" "-"
101.63.201.226 - - [21/Apr/2012:07:36:37 -0700] "-" 400 0 "-" "-"
101.63.201.226 - - [21/Apr/2012:07:36:47 -0700] "-" 400 0 "-" "-"
101.63.201.226 - - [21/Apr/2012:07:36:47 -0700] "-" 400 0 "-" "-"
101.63.201.226 - - [21/Apr/2012:07:36:47 -0700] "-" 400 0 "-" "-"
123.125.71.33 - - [21/Apr/2012:07:36:50 -0700] "GET / HTTP/1.1" 200 3439 "-" "Mozilla/5.0 (compatible; Baiduspider/2.0; +http://www.baidu.com/search/spider.html)"
101.63.201.226 - - [21/Apr/2012:07:36:57 -0700] "-" 400 0 "-" "-"
101.63.201.226 - - [21/Apr/2012:07:37:07 -0700] "-" 400 0 "-" "-"
101.63.201.226 - - [21/Apr/2012:07:37:07 -0700] "-" 400 0 "-" "-"
101.63.201.226 - - [21/Apr/2012:07:37:17 -0700] "-" 400 0 "-" "-"
101.63.201.226 - - [21/Apr/2012:07:37:17 -0700] "-" 400 0 "-" "-"
220.181.108.94 - - [21/Apr/2012:07:37:23 -0700] "GET / HTTP/1.1" 200 3439 "-" "Mozilla/5.0 (compatible; Baiduspider/2.0; +http://www.baidu.com/search/spider.html)"
101.63.201.226 - - [21/Apr/2012:07:37:27 -0700] "-" 400 0 "-" "-"
101.63.201.226 - - [21/Apr/2012:07:37:27 -0700] "-" 400 0 "-" "-"
180.76.5.91 - - [21/Apr/2012:07:37:32 -0700] "GET /s/ta/22q2/ HTTP/1.1" 302 685 "-" "Mozilla/5.0 (compatible; Baiduspider/2.0; +http://www.baidu.com/search/spider.html)"
101.63.201.226 - - [21/Apr/2012:07:37:37 -0700] "-" 400 0 "-" "-"
101.63.201.226 - - [21/Apr/2012:07:37:37 -0700] "-" 400 0 "-" "-"
101.63.201.226 - - [21/Apr/2012:07:37:49 -0700] "-" 400 0 "-" "-"
101.63.201.226 - - [21/Apr/2012:07:37:49 -0700] "-" 400 0 "-" "-"
85.17.88.169 - - [21/Apr/2012:07:40:04 -0700] "POST /blog/wp-cron.php?doing_wp_cron=1335018794 HTTP/1.0" 499 0 "-" "WordPress/3.3.1; http://yuvi.in/blog"
180.76.6.213 - - [21/Apr/2012:07:40:05 -0700] "GET /blog/2009/10/07/ HTTP/1.1" 200 5572 "-" "Mozilla/5.0 (compatible; Baiduspider/2.0; +http://www.baidu.com/search/spider.html)"
69.171.234.5 - - [21/Apr/2012:07:40:49 -0700] "GET /r/2rvb HTTP/1.1" 301 257 "-" "facebookexternalhit/1.1 (+http://www.facebook.com/externalhit_uatext.php)"
69.171.234.2 - - [21/Apr/2012:07:40:50 -0700] "GET /s/ta/2rvb/ HTTP/1.1" 302 505 "-" "facebookexternalhit/1.1 (+http://www.facebook.com/externalhit_uatext.php)"
208.115.113.85 - - [21/Apr/2012:07:41:02 -0700] "GET /robots.txt HTTP/1.1" 404 238 "-" "Mozilla/5.0 (compatible; Ezooms/1.0; ezooms.bot@gmail.com)"
85.17.88.169 - - [21/Apr/2012:07:41:22 -0700] "POST /blog/wp-cron.php?doing_wp_cron=1335018872 HTTP/1.0" 499 0 "-" "WordPress/3.3.1; http://yuvi.in/blog"
66.249.73.219 - - [21/Apr/2012:07:41:22 -0700] "GET /blog/2010/09/07/ HTTP/1.1" 200 4419 "-" "Mozilla/5.0 (compatible; Googlebot/2.1; +http://www.google.com/bot.html)"
182.72.224.14 - - [21/Apr/2012:07:41:36 -0700] "GET /e/Chennai HTTP/1.0" 301 265 "http://ta.wikipedia.org/w/index.php?title=%E0%AE%B5%E0%AE%BF%E0%AE%95%E0%AF%8D%E0%AE%95%E0%AE%BF%E0%AE%AA%E0%AF%8D%E0%AE%AA%E0%AF%80%E0%AE%9F%E0%AE%BF%E0%AE%AF%E0%AE%BE:%E0%AE%86%E0%AE%B2%E0%AE%AE%E0%AE%B0%E0%AE%A4%E0%AF%8D%E0%AE%A4%E0%AE%9F%E0%AE%BF&curid=2810&diff=1091222&oldid=1091214" "Mozilla/5.0 (Windows NT 5.1) AppleWebKit/535.19 (KHTML, like Gecko) Chrome/18.0.1025.162 Safari/535.19"
182.72.224.14 - - [21/Apr/2012:07:41:36 -0700] "GET /en/ta/Chennai/ HTTP/1.0" 302 337 "http://ta.wikipedia.org/w/index.php?title=%E0%AE%B5%E0%AE%BF%E0%AE%95%E0%AF%8D%E0%AE%95%E0%AE%BF%E0%AE%AA%E0%AF%8D%E0%AE%AA%E0%AF%80%E0%AE%9F%E0%AE%BF%E0%AE%AF%E0%AE%BE:%E0%AE%86%E0%AE%B2%E0%AE%AE%E0%AE%B0%E0%AE%A4%E0%AF%8D%E0%AE%A4%E0%AE%9F%E0%AE%BF&curid=2810&diff=1091222&oldid=1091214" "Mozilla/5.0 (Windows NT 5.1) AppleWebKit/535.19 (KHTML, like Gecko) Chrome/18.0.1025.162 Safari/535.19"
209.85.224.80 - - [21/Apr/2012:07:43:08 -0700] "GET /stories/feed HTTP/1.1" 200 13653 "-" "FeedBurner/1.0 (http://www.FeedBurner.com)"
117.193.39.145 - - [21/Apr/2012:07:43:11 -0700] "-" 400 0 "-" "-"
112.134.235.141 - - [21/Apr/2012:07:43:36 -0700] "GET /r/12uk HTTP/1.1" 301 257 "http://ta.wikipedia.org/wiki/%E0%AE%8A%E0%AE%9F%E0%AE%95%E0%AE%B5%E0%AE%BF%E0%AE%AF%E0%AE%B2%E0%AF%8D" "Mozilla/5.0 (Windows NT 5.1) AppleWebKit/535.19 (KHTML, like Gecko) Chrome/18.0.1025.162 Safari/535.19"
112.134.235.141 - - [21/Apr/2012:07:43:37 -0700] "GET /s/ta/12uk/ HTTP/1.1" 302 361 "http://ta.wikipedia.org/wiki/%E0%AE%8A%E0%AE%9F%E0%AE%95%E0%AE%B5%E0%AE%BF%E0%AE%AF%E0%AE%B2%E0%AF%8D" "Mozilla/5.0 (Windows NT 5.1) AppleWebKit/535.19 (KHTML, like Gecko) Chrome/18.0.1025.162 Safari/535.19"
220.181.108.162 - - [21/Apr/2012:07:43:39 -0700] "GET /blog/about-me.html HTTP/1.1" 200 3001 "-" "Mozilla/5.0 (compatible; Baiduspider/2.0; +http://www.baidu.com/search/spider.html)"
112.134.235.141 - - [21/Apr/2012:07:43:48 -0700] "-" 400 0 "-" "-"
115.184.63.219 - - [21/Apr/2012:07:43:59 -0700] "-" 400 0 "-" "-"
117.193.39.145 - - [21/Apr/2012:07:44:46 -0700] "-" 400 0 "-" "-"
117.193.39.145 - - [21/Apr/2012:07:44:46 -0700] "-" 400 0 "-" "-"
117.193.39.145 - - [21/Apr/2012:07:44:55 -0700] "-" 400 0 "-" "-"
117.201.41.239 - - [21/Apr/2012:07:45:50 -0700] "GET /r/1356 HTTP/1.1" 301 257 "http://ta.wikipedia.org/wiki/%E0%AE%A4%E0%AE%AE%E0%AE%BF%E0%AE%B4%E0%AF%8D%E0%AE%A8%E0%AE%BE%E0%AE%9F%E0%AF%8D%E0%AE%9F%E0%AF%81%E0%AE%AA%E0%AF%8D_%E0%AE%AA%E0%AF%8A%E0%AE%B0%E0%AF%81%E0%AE%B3%E0%AE%BE%E0%AE%A4%E0%AE%BE%E0%AE%B0%E0%AE%AE%E0%AF%8D" "Mozilla/5.0 (compatible; MSIE 9.0; Windows NT 6.1; Trident/5.0)"
85.17.88.169 - - [21/Apr/2012:07:45:51 -0700] "POST /blog/wp-cron.php?doing_wp_cron=1335019141 HTTP/1.0" 499 0 "-" "WordPress/3.3.1; http://yuvi.in/blog"
209.85.224.80 - - [21/Apr/2012:07:45:51 -0700] "GET /blog/feed HTTP/1.1" 304 0 "-" "FeedBurner/1.0 (http://www.FeedBurner.com)"
117.201.41.239 - - [21/Apr/2012:07:45:51 -0700] "GET /s/ta/1356/ HTTP/1.1" 302 557 "http://ta.wikipedia.org/wiki/%E0%AE%A4%E0%AE%AE%E0%AE%BF%E0%AE%B4%E0%AF%8D%E0%AE%A8%E0%AE%BE%E0%AE%9F%E0%AF%8D%E0%AE%9F%E0%AF%81%E0%AE%AA%E0%AF%8D_%E0%AE%AA%E0%AF%8A%E0%AE%B0%E0%AF%81%E0%AE%B3%E0%AE%BE%E0%AE%A4%E0%AE%BE%E0%AE%B0%E0%AE%AE%E0%AF%8D" "Mozilla/5.0 (compatible; MSIE 9.0; Windows NT 6.1; Trident/5.0)"
85.17.88.169 - - [21/Apr/2012:07:46:31 -0700] "POST /blog/wp-cron.php?doing_wp_cron=1335019181 HTTP/1.0" 499 0 "-" "WordPress/3.3.1; http://yuvi.in/blog"
77.65.48.239 - - [21/Apr/2012:07:46:32 -0700] "GET /blog/ HTTP/1.0" 200 33142 "http://yuvi.in/blog/" "Mozilla/4.0 (compatible; MSIE 6.0; Windows NT 5.1) Opera 7.54 [en]"
150.70.172.105 - - [21/Apr/2012:07:46:37 -0700] "GET / HTTP/1.0" 404 238 "-" "Mozilla/4.0 (compatible; MSIE 6.0; Windows NT 5.1)"
150.70.172.105 - - [21/Apr/2012:07:46:38 -0700] "GET / HTTP/1.0" 404 238 "-" "Mozilla/4.0 (compatible; MSIE 6.0; Windows NT 5.1)"
117.193.66.136 - - [21/Apr/2012:07:46:46 -0700] "-" 400 0 "-" "-"
117.193.66.136 - - [21/Apr/2012:07:46:46 -0700] "-" 400 0 "-" "-"
117.193.66.136 - - [21/Apr/2012:07:46:46 -0700] "-" 400 0 "-" "-"
117.193.66.136 - - [21/Apr/2012:07:46:46 -0700] "-" 400 0 "-" "-"
180.76.5.96 - - [21/Apr/2012:07:47:11 -0700] "GET / HTTP/1.1" 200 3439 "-" "Mozilla/5.0 (compatible; Baiduspider/2.0; +http://www.baidu.com/search/spider.html)"
117.193.66.136 - - [21/Apr/2012:07:47:16 -0700] "-" 400 0 "-" "-"
117.193.66.136 - - [21/Apr/2012:07:47:16 -0700] "-" 400 0 "-" "-"
117.193.66.136 - - [21/Apr/2012:07:47:16 -0700] "-" 400 0 "-" "-"
117.193.66.136 - - [21/Apr/2012:07:47:16 -0700] "-" 400 0 "-" "-"
117.193.66.136 - - [21/Apr/2012:07:47:36 -0700] "-" 400 0 "-" "-"
117.193.66.136 - - [21/Apr/2012:07:47:46 -0700] "-" 400 0 "-" "-"
117.193.66.136 - - [21/Apr/2012:07:47:46 -0700] "-" 400 0 "-" "-"
41.34.239.232 - - [21/Apr/2012:07:48:36 -0700] "GET /favicon.ico HTTP/1.1" 404 571 "-" "Mozilla/4.0 (compatible; GoogleToolbar 7.3.2710.138; Windows 6.1; MSIE 9.0.8112.16421)"
41.34.239.232 - - [21/Apr/2012:07:48:37 -0700] "GET /favicon.gif HTTP/1.1" 404 571 "-" "Mozilla/4.0 (compatible; GoogleToolbar 7.3.2710.138; Windows 6.1; MSIE 9.0.8112.16421)"
122.164.237.240 - - [21/Apr/2012:07:48:50 -0700] "-" 400 0 "-" "-"
14.96.9.26 - - [21/Apr/2012:07:51:03 -0700] "-" 400 0 "-" "-"
150.70.172.204 - - [21/Apr/2012:07:53:09 -0700] "GET / HTTP/1.0" 404 238 "-" "Mozilla/4.0 (compatible; MSIE 6.0; Windows NT 5.1)"
115.242.228.206 - - [21/Apr/2012:07:53:37 -0700] "-" 400 0 "-" "-"
115.242.228.206 - - [21/Apr/2012:07:53:37 -0700] "-" 400 0 "-" "-"
117.217.168.104 - - [21/Apr/2012:07:54:37 -0700] "-" 400 0 "-" "-"
117.217.168.104 - - [21/Apr/2012:07:54:37 -0700] "-" 400 0 "-" "-"
117.217.168.104 - - [21/Apr/2012:07:54:37 -0700] "-" 400 0 "-" "-"
117.217.168.104 - - [21/Apr/2012:07:54:37 -0700] "-" 400 0 "-" "-"
207.46.204.168 - - [21/Apr/2012:07:55:17 -0700] "-" 400 0 "-" "-"
207.46.204.168 - - [21/Apr/2012:07:55:30 -0700] "-" 400 0 "-" "-"
207.46.204.168 - - [21/Apr/2012:07:55:31 -0700] "-" 400 0 "-" "-"
207.46.204.168 - - [21/Apr/2012:07:55:31 -0700] "-" 400 0 "-" "-"
207.46.204.168 - - [21/Apr/2012:07:55:31 -0700] "-" 400 0 "-" "-"
207.46.204.168 - - [21/Apr/2012:07:55:33 -0700] "-" 400 0 "-" "-"
207.46.204.168 - - [21/Apr/2012:07:55:33 -0700] "-" 400 0 "-" "-"
207.46.204.168 - - [21/Apr/2012:07:55:34 -0700] "-" 400 0 "-" "-"
207.46.204.168 - - [21/Apr/2012:07:55:34 -0700] "-" 400 0 "-" "-"
207.46.204.168 - - [21/Apr/2012:07:55:36 -0700] "-" 400 0 "-" "-"
150.70.75.28 - - [21/Apr/2012:07:55:41 -0700] "GET /r/9bb HTTP/1.0" 301 255 "-" "Mozilla/4.0 (compatible; MSIE 6.0; Windows NT 5.1)"
85.17.88.169 - - [21/Apr/2012:07:55:54 -0700] "POST /blog/wp-cron.php?doing_wp_cron=1335019744 HTTP/1.0" 499 0 "-" "WordPress/3.3.1; http://yuvi.in/blog"
209.85.238.182 - - [21/Apr/2012:07:55:55 -0700] "GET /blog/feed/ HTTP/1.1" 304 0 "-" "Feedfetcher-Google; (+http://www.google.com/feedfetcher.html; 19 subscribers; feed-id=15064232456473204253)"
65.52.109.152 - - [21/Apr/2012:07:56:38 -0700] "GET /blog/gsoc-milestones-vala-build-using-autotools.html HTTP/1.1" 200 4062 "-" "Mozilla/5.0 (compatible; bingbot/2.0; +http://www.bing.com/bingbot.htm)"
187.63.160.3 - - [21/Apr/2012:07:57:23 -0700] "GET /blog/ HTTP/1.1" 200 33214 "-" "Mozilla/5.0 (compatible; Googlebot/2.1; +http://www.google.com/bot.html)"
117.217.168.104 - - [21/Apr/2012:07:59:37 -0700] "-" 400 0 "-" "-"
173.169.226.223 - - [21/Apr/2012:08:00:07 -0700] "GET /AssessmentBar/r/Unassessed_India_articles/ HTTP/1.1" 302 337 "http://en.wikipedia.org/wiki/Pairi_River" "Mozilla/5.0 (Windows NT 6.1) AppleWebKit/534.54.16 (KHTML, like Gecko) Version/5.1.4 Safari/534.54.16"
173.169.226.223 - - [21/Apr/2012:08:00:11 -0700] "GET /AssessmentBar/r/Unassessed_India_articles/ HTTP/1.1" 302 287 "http://en.wikipedia.org/wiki/Pt._G.B._Pant_High_Altitude_Zoo,_Nainital" "Mozilla/5.0 (Windows NT 6.1) AppleWebKit/534.54.16 (KHTML, like Gecko) Version/5.1.4 Safari/534.54.16"
59.163.27.11 - - [21/Apr/2012:08:00:30 -0700] "GET /AssessmentBar/r/Unassessed_India_articles/ HTTP/1.1" 302 279 "http://en.wikipedia.org/wiki/Narayana_Pandit" "Mozilla/5.0 (Windows NT 5.1) AppleWebKit/535.11 (KHTML, like Gecko) Chrome/17.0.963.83 Safari/535.11"
173.169.226.223 - - [21/Apr/2012:08:00:39 -0700] "GET /AssessmentBar/r/Unassessed_India_articles/ HTTP/1.1" 302 283 "http://en.wikipedia.org/wiki/Varaprasad_Reddy" "Mozilla/5.0 (Windows NT 6.1) AppleWebKit/534.54.16 (KHTML, like Gecko) Version/5.1.4 Safari/534.54.16"
117.202.190.14 - - [21/Apr/2012:08:01:07 -0700] "-" 400 0 "-" "-"
173.169.226.223 - - [21/Apr/2012:08:01:21 -0700] "GET /AssessmentBar/r/Unassessed_India_articles/ HTTP/1.1" 302 277 "http://en.wikipedia.org/wiki/Maveli_Express" "Mozilla/5.0 (Windows NT 6.1) AppleWebKit/534.54.16 (KHTML, like Gecko) Version/5.1.4 Safari/534.54.16"
207.46.13.99 - - [21/Apr/2012:08:01:29 -0700] "GET /stories/ HTTP/1.1" 304 0 "-" "Mozilla/5.0 (compatible; bingbot/2.0; +http://www.bing.com/bingbot.htm)"
173.169.226.223 - - [21/Apr/2012:08:01:40 -0700] "GET /AssessmentBar/r/Unassessed_India_articles/ HTTP/1.1" 302 285 "http://en.wikipedia.org/wiki/Shubh_Kadam" "Mozilla/5.0 (Windows NT 6.1) AppleWebKit/534.54.16 (KHTML, like Gecko) Version/5.1.4 Safari/534.54.16"
173.169.226.223 - - [21/Apr/2012:08:01:48 -0700] "GET /AssessmentBar/r/Unassessed_India_articles/ HTTP/1.1" 302 297 "http://en.wikipedia.org/wiki/Duke's_Lemonade" "Mozilla/5.0 (Windows NT 6.1) AppleWebKit/534.54.16 (KHTML, like Gecko) Version/5.1.4 Safari/534.54.16"
173.169.226.223 - - [21/Apr/2012:08:02:09 -0700] "GET /AssessmentBar/r/Unassessed_India_articles/ HTTP/1.1" 302 295 "http://en.wikipedia.org/wiki/Sudhakar_Krishnamurti" "Mozilla/5.0 (Windows NT 6.1) AppleWebKit/534.54.16 (KHTML, like Gecko) Version/5.1.4 Safari/534.54.16"
85.17.88.169 - - [21/Apr/2012:08:02:12 -0700] "POST /blog/wp-cron.php?doing_wp_cron=1335020122 HTTP/1.0" 499 0 "-" "WordPress/3.3.1; http://yuvi.in/blog"
183.82.65.128 - - [21/Apr/2012:08:02:12 -0700] "GET /blog/feed/ HTTP/1.0" 304 0 "-" "FeedDemon/4.0 (http://www.feeddemon.com/; Microsoft Windows)"
173.169.226.223 - - [21/Apr/2012:08:02:13 -0700] "GET /AssessmentBar/r/Unassessed_India_articles/ HTTP/1.1" 302 281 "http://en.wikipedia.org/wiki/Calcutta_Racket_Club" "Mozilla/5.0 (Windows NT 6.1) AppleWebKit/534.54.16 (KHTML, like Gecko) Version/5.1.4 Safari/534.54.16"
115.242.155.142 - - [21/Apr/2012:08:03:22 -0700] "-" 400 0 "-" "-"
115.242.155.142 - - [21/Apr/2012:08:03:22 -0700] "-" 400 0 "-" "-"
173.169.226.223 - - [21/Apr/2012:08:03:29 -0700] "GET /AssessmentBar/r/Unassessed_India_articles/ HTTP/1.1" 302 295 "http://en.wikipedia.org/w/index.php?title=Talk:Rashid_Haider&action=edit" "Mozilla/5.0 (Windows NT 6.1) AppleWebKit/534.54.16 (KHTML, like Gecko) Version/5.1.4 Safari/534.54.16"
173.169.226.223 - - [21/Apr/2012:08:04:37 -0700] "GET /AssessmentBar/r/Unassessed_India_articles/ HTTP/1.1" 302 393 "http://en.wikipedia.org/wiki/Culture_of_Rajasthan" "Mozilla/5.0 (Windows NT 6.1) AppleWebKit/534.54.16 (KHTML, like Gecko) Version/5.1.4 Safari/534.54.16"
173.169.226.223 - - [21/Apr/2012:08:04:42 -0700] "GET /AssessmentBar/r/Unassessed_India_articles/ HTTP/1.1" 302 299 "http://en.wikipedia.org/wiki/Shooting_at_the_2010_Commonwealth_Games_%E2%80%93_Men's_double_trap_singles" "Mozilla/5.0 (Windows NT 6.1) AppleWebKit/534.54.16 (KHTML, like Gecko) Version/5.1.4 Safari/534.54.16"
107.22.153.219 - - [21/Apr/2012:08:04:45 -0700] "HEAD /r/352o HTTP/1.1" 301 0 "-" "-"
107.22.153.219 - - [21/Apr/2012:08:04:45 -0700] "HEAD /s/ta/352o/ HTTP/1.1" 302 0 "-" "-"
69.171.228.244 - - [21/Apr/2012:08:05:10 -0700] "GET /r/1nvz HTTP/1.1" 301 257 "-" "facebookexternalhit/1.1 (+http://www.facebook.com/externalhit_uatext.php)"
