69.171.228.248 - - [24/Mar/2012:06:25:41 -0700] "GET /stories/emacs.html HTTP/1.1" 200 2194 "-" "facebookexternalhit/1.1 (+http://www.facebook.com/externalhit_uatext.php)"
117.193.207.85 - - [24/Mar/2012:06:25:46 -0700] "-" 400 0 "-" "-"
117.216.118.126 - - [24/Mar/2012:06:26:36 -0700] "-" 400 0 "-" "-"
117.216.118.126 - - [24/Mar/2012:06:26:36 -0700] "-" 400 0 "-" "-"
117.216.118.126 - - [24/Mar/2012:06:26:53 -0700] "-" 400 0 "-" "-"
207.46.204.170 - - [24/Mar/2012:06:28:19 -0700] "-" 400 0 "-" "-"
207.46.204.170 - - [24/Mar/2012:06:28:19 -0700] "-" 400 0 "-" "-"
207.46.204.170 - - [24/Mar/2012:06:28:19 -0700] "-" 400 0 "-" "-"
207.46.204.170 - - [24/Mar/2012:06:28:19 -0700] "-" 400 0 "-" "-"
207.46.204.170 - - [24/Mar/2012:06:28:19 -0700] "-" 400 0 "-" "-"
207.46.204.170 - - [24/Mar/2012:06:28:19 -0700] "-" 400 0 "-" "-"
207.46.204.170 - - [24/Mar/2012:06:28:19 -0700] "-" 400 0 "-" "-"
207.46.204.170 - - [24/Mar/2012:06:28:20 -0700] "-" 400 0 "-" "-"
207.46.204.170 - - [24/Mar/2012:06:28:20 -0700] "-" 400 0 "-" "-"
66.220.149.250 - - [24/Mar/2012:06:29:19 -0700] "GET /r/2x9l HTTP/1.1" 301 257 "-" "facebookexternalhit/1.1 (+http://www.facebook.com/externalhit_uatext.php)"
66.220.149.244 - - [24/Mar/2012:06:29:19 -0700] "GET /s/ta/2x9l/ HTTP/1.1" 302 583 "-" "facebookexternalhit/1.1 (+http://www.facebook.com/externalhit_uatext.php)"
85.17.88.169 - - [24/Mar/2012:06:29:40 -0700] "POST /blog/wp-cron.php?doing_wp_cron=1332595594 HTTP/1.0" 499 0 "-" "WordPress/3.3.1; http://yuvi.in/blog"
213.186.127.13 - - [24/Mar/2012:06:29:40 -0700] "GET /blog/2011/01/ HTTP/1.1" 200 7831 "-" "Mozilla/5.0 (compatible; AhrefsBot/2.0; +http://ahrefs.com/robot/)"
69.171.228.246 - - [24/Mar/2012:06:30:32 -0700] "GET /r/3g7 HTTP/1.1" 301 255 "-" "facebookexternalhit/1.1 (+http://www.facebook.com/externalhit_uatext.php)"
69.171.228.251 - - [24/Mar/2012:06:30:32 -0700] "GET /s/ta/3g7/ HTTP/1.1" 302 465 "-" "facebookexternalhit/1.1 (+http://www.facebook.com/externalhit_uatext.php)"
69.171.228.247 - - [24/Mar/2012:06:30:33 -0700] "GET /r/252 HTTP/1.1" 301 255 "-" "facebookexternalhit/1.1 (+http://www.facebook.com/externalhit_uatext.php)"
69.171.228.248 - - [24/Mar/2012:06:30:33 -0700] "GET /s/ta/252/ HTTP/1.1" 302 461 "-" "facebookexternalhit/1.1 (+http://www.facebook.com/externalhit_uatext.php)"
69.171.228.244 - - [24/Mar/2012:06:30:34 -0700] "GET /r/iki HTTP/1.1" 301 255 "-" "facebookexternalhit/1.1 (+http://www.facebook.com/externalhit_uatext.php)"
69.171.228.251 - - [24/Mar/2012:06:30:35 -0700] "GET /s/ta/iki/ HTTP/1.1" 302 589 "-" "facebookexternalhit/1.1 (+http://www.facebook.com/externalhit_uatext.php)"
208.115.111.68 - - [24/Mar/2012:06:33:11 -0700] "GET /robots.txt HTTP/1.1" 404 169 "-" "Mozilla/5.0 (compatible; Ezooms/1.0; ezooms.bot@gmail.com)"
115.249.44.252 - - [24/Mar/2012:06:34:18 -0700] "GET /r/hn2 HTTP/1.1" 301 255 "-" "Mozilla/4.0 (compatible; MSIE 8.0; Windows NT 6.1; WOW64; Trident/4.0; SLCC2; .NET CLR 2.0.50727; .NET CLR 3.5.30729; .NET CLR 3.0.30729; Media Center PC 6.0; InfoPath.2; .NET4.0C; .NET4.0E)"
115.249.44.252 - - [24/Mar/2012:06:34:23 -0700] "GET /s/ta/hn2/ HTTP/1.1" 302 473 "-" "Mozilla/4.0 (compatible; MSIE 8.0; Windows NT 6.1; WOW64; Trident/4.0; SLCC2; .NET CLR 2.0.50727; .NET CLR 3.5.30729; .NET CLR 3.0.30729; Media Center PC 6.0; InfoPath.2; .NET4.0C; .NET4.0E)"
94.228.34.209 - - [24/Mar/2012:06:35:15 -0700] "GET /blog/serendipity.html HTTP/1.1" 304 0 "-" "magpie-crawler/1.1 (U; Linux amd64; en-GB; +http://www.brandwatch.net)"
69.171.234.7 - - [24/Mar/2012:06:35:36 -0700] "GET /r/3g7 HTTP/1.1" 301 255 "-" "facebookexternalhit/1.1 (+http://www.facebook.com/externalhit_uatext.php)"
69.171.234.4 - - [24/Mar/2012:06:35:36 -0700] "GET /s/ta/3g7/ HTTP/1.1" 302 465 "-" "facebookexternalhit/1.1 (+http://www.facebook.com/externalhit_uatext.php)"
69.171.234.1 - - [24/Mar/2012:06:35:37 -0700] "GET /r/252 HTTP/1.1" 301 255 "-" "facebookexternalhit/1.1 (+http://www.facebook.com/externalhit_uatext.php)"
69.171.234.4 - - [24/Mar/2012:06:35:37 -0700] "GET /s/ta/252/ HTTP/1.1" 302 461 "-" "facebookexternalhit/1.1 (+http://www.facebook.com/externalhit_uatext.php)"
69.171.234.5 - - [24/Mar/2012:06:35:38 -0700] "GET /r/iki HTTP/1.1" 301 255 "-" "facebookexternalhit/1.1 (+http://www.facebook.com/externalhit_uatext.php)"
69.171.234.7 - - [24/Mar/2012:06:35:38 -0700] "GET /s/ta/iki/ HTTP/1.1" 302 589 "-" "facebookexternalhit/1.1 (+http://www.facebook.com/externalhit_uatext.php)"
85.17.88.169 - - [24/Mar/2012:06:36:25 -0700] "POST /blog/wp-cron.php?doing_wp_cron=1332595998 HTTP/1.0" 499 0 "-" "WordPress/3.3.1; http://yuvi.in/blog"
209.85.224.90 - - [24/Mar/2012:06:36:25 -0700] "GET /blog/feed HTTP/1.1" 304 0 "-" "FeedBurner/1.0 (http://www.FeedBurner.com)"
85.17.88.169 - - [24/Mar/2012:06:36:41 -0700] "POST /blog/wp-cron.php?doing_wp_cron=1332596015 HTTP/1.0" 499 0 "-" "WordPress/3.3.1; http://yuvi.in/blog"
187.74.162.110 - - [24/Mar/2012:06:36:41 -0700] "GET /blog/ HTTP/1.1" 200 33087 "-" "Mozilla/5.0 (compatible; Googlebot/2.1; +http://www.google.com/bot.html)"
220.227.30.54 - - [24/Mar/2012:06:38:09 -0700] "-" 400 0 "-" "-"
157.55.112.202 - - [24/Mar/2012:06:40:49 -0700] "-" 400 0 "-" "-"
157.55.112.202 - - [24/Mar/2012:06:40:49 -0700] "-" 400 0 "-" "-"
157.55.112.202 - - [24/Mar/2012:06:40:49 -0700] "-" 400 0 "-" "-"
157.55.112.202 - - [24/Mar/2012:06:40:49 -0700] "-" 400 0 "-" "-"
157.55.112.202 - - [24/Mar/2012:06:40:49 -0700] "-" 400 0 "-" "-"
157.55.112.202 - - [24/Mar/2012:06:40:49 -0700] "-" 400 0 "-" "-"
157.55.112.202 - - [24/Mar/2012:06:40:49 -0700] "-" 400 0 "-" "-"
117.193.62.18 - - [24/Mar/2012:06:41:27 -0700] "-" 400 0 "-" "-"
117.193.62.18 - - [24/Mar/2012:06:41:27 -0700] "-" 400 0 "-" "-"
117.193.62.18 - - [24/Mar/2012:06:41:27 -0700] "-" 400 0 "-" "-"
117.193.62.18 - - [24/Mar/2012:06:41:27 -0700] "-" 400 0 "-" "-"
157.55.112.202 - - [24/Mar/2012:06:41:47 -0700] "-" 400 0 "-" "-"
157.55.112.202 - - [24/Mar/2012:06:41:47 -0700] "-" 400 0 "-" "-"
157.55.112.202 - - [24/Mar/2012:06:41:48 -0700] "-" 400 0 "-" "-"
157.55.112.202 - - [24/Mar/2012:06:41:49 -0700] "-" 400 0 "-" "-"
69.171.224.245 - - [24/Mar/2012:06:42:15 -0700] "GET /r/2x9l HTTP/1.1" 301 257 "-" "facebookexternalhit/1.1 (+http://www.facebook.com/externalhit_uatext.php)"
69.171.224.250 - - [24/Mar/2012:06:42:16 -0700] "GET /s/ta/2x9l/ HTTP/1.1" 302 583 "-" "facebookexternalhit/1.1 (+http://www.facebook.com/externalhit_uatext.php)"
69.171.224.245 - - [24/Mar/2012:06:42:18 -0700] "GET /r/2bzj HTTP/1.1" 301 257 "-" "facebookexternalhit/1.1 (+http://www.facebook.com/externalhit_uatext.php)"
69.171.224.251 - - [24/Mar/2012:06:42:18 -0700] "GET /s/ta/2bzj/ HTTP/1.1" 302 577 "-" "facebookexternalhit/1.1 (+http://www.facebook.com/externalhit_uatext.php)"
69.171.224.246 - - [24/Mar/2012:06:42:19 -0700] "GET /r/13jy HTTP/1.1" 301 257 "-" "facebookexternalhit/1.1 (+http://www.facebook.com/externalhit_uatext.php)"
69.171.224.245 - - [24/Mar/2012:06:42:20 -0700] "GET /s/ta/13jy/ HTTP/1.1" 302 361 "-" "facebookexternalhit/1.1 (+http://www.facebook.com/externalhit_uatext.php)"
101.63.148.159 - - [24/Mar/2012:06:43:01 -0700] "GET /r/5xm HTTP/1.1" 301 255 "http://tawp.in/r/" "Mozilla/4.0 (compatible; MSIE 8.0; Windows NT 5.1)"
157.55.112.208 - - [24/Mar/2012:06:43:03 -0700] "-" 400 0 "-" "-"
101.63.148.159 - - [24/Mar/2012:06:43:03 -0700] "GET /s/ta/5xm/ HTTP/1.1" 302 437 "http://tawp.in/r/5xm" "Mozilla/4.0 (compatible; MSIE 8.0; Windows NT 5.1)"
157.55.112.208 - - [24/Mar/2012:06:43:04 -0700] "-" 400 0 "-" "-"
157.55.112.208 - - [24/Mar/2012:06:43:05 -0700] "-" 400 0 "-" "-"
157.55.112.208 - - [24/Mar/2012:06:43:06 -0700] "-" 400 0 "-" "-"
157.55.112.208 - - [24/Mar/2012:06:43:06 -0700] "-" 400 0 "-" "-"
157.55.112.208 - - [24/Mar/2012:06:43:07 -0700] "-" 400 0 "-" "-"
157.55.112.208 - - [24/Mar/2012:06:43:08 -0700] "-" 400 0 "-" "-"
157.55.112.208 - - [24/Mar/2012:06:43:08 -0700] "-" 400 0 "-" "-"
157.55.112.208 - - [24/Mar/2012:06:43:08 -0700] "-" 400 0 "-" "-"
157.55.112.208 - - [24/Mar/2012:06:43:08 -0700] "-" 400 0 "-" "-"
101.63.148.159 - - [24/Mar/2012:06:43:20 -0700] "GET /r/5xm HTTP/1.1" 301 255 "-" "Mozilla/4.0 (compatible; MSIE 8.0; Windows NT 5.1)"
101.63.148.159 - - [24/Mar/2012:06:43:22 -0700] "GET /s/ta/5xm/ HTTP/1.1" 302 437 "http://tawp.in/r/5xm" "Mozilla/4.0 (compatible; MSIE 8.0; Windows NT 5.1)"
117.193.62.18 - - [24/Mar/2012:06:43:57 -0700] "-" 400 0 "-" "-"
117.193.62.18 - - [24/Mar/2012:06:43:57 -0700] "-" 400 0 "-" "-"
157.55.112.208 - - [24/Mar/2012:06:43:58 -0700] "-" 400 0 "-" "-"
66.249.68.52 - - [24/Mar/2012:06:44:15 -0700] "GET /r/26iu HTTP/1.1" 301 257 "-" "Mozilla/5.0 (compatible; Googlebot/2.1; +http://www.google.com/bot.html)"
71.168.105.197 - - [24/Mar/2012:06:44:23 -0700] "GET /robots.txt HTTP/1.0" 404 169 "-" "Mozilla/5.0 (compatible; MJ12bot/v1.4.2; http://www.majestic12.co.uk/bot.php?+)"
117.206.107.184 - - [24/Mar/2012:06:44:26 -0700] "GET /r/1gyo HTTP/1.1" 301 257 "http://ta.wikipedia.org/wiki/%E0%AE%B5%E0%AE%B2%E0%AF%88%E0%AE%B5%E0%AE%BE%E0%AE%9A%E0%AE%B2%E0%AF%8D:%E0%AE%AA%E0%AF%81%E0%AE%B5%E0%AE%BF%E0%AE%AF%E0%AE%BF%E0%AE%AF%E0%AE%B2%E0%AF%8D" "Mozilla/5.0 (Windows NT 5.1) AppleWebKit/534.54.16 (KHTML, like Gecko) Version/5.1.4 Safari/534.54.16"
117.206.107.184 - - [24/Mar/2012:06:44:27 -0700] "GET /s/ta/1gyo/ HTTP/1.1" 302 471 "http://ta.wikipedia.org/wiki/%E0%AE%B5%E0%AE%B2%E0%AF%88%E0%AE%B5%E0%AE%BE%E0%AE%9A%E0%AE%B2%E0%AF%8D:%E0%AE%AA%E0%AF%81%E0%AE%B5%E0%AE%BF%E0%AE%AF%E0%AE%BF%E0%AE%AF%E0%AE%B2%E0%AF%8D" "Mozilla/5.0 (Windows NT 5.1) AppleWebKit/534.54.16 (KHTML, like Gecko) Version/5.1.4 Safari/534.54.16"
85.17.88.169 - - [24/Mar/2012:06:44:31 -0700] "POST /blog/wp-cron.php?doing_wp_cron=1332596485 HTTP/1.0" 499 0 "-" "WordPress/3.3.1; http://yuvi.in/blog"
71.168.105.197 - - [24/Mar/2012:06:44:31 -0700] "GET /blog/temptations HTTP/1.1" 301 0 "-" "Mozilla/5.0 (compatible; MJ12bot/v1.4.2; http://www.majestic12.co.uk/bot.php?+)"
85.17.88.169 - - [24/Mar/2012:06:44:35 -0700] "POST /blog/wp-cron.php?doing_wp_cron=1332596489 HTTP/1.0" 499 0 "-" "WordPress/3.3.1; http://yuvi.in/blog"
71.168.105.197 - - [24/Mar/2012:06:44:36 -0700] "GET /blog/temptations/ HTTP/1.1" 200 17212 "-" "Mozilla/5.0 (compatible; MJ12bot/v1.4.2; http://www.majestic12.co.uk/bot.php?+)"
124.115.6.10 - - [24/Mar/2012:06:45:29 -0700] "GET /robots.txt HTTP/1.1" 404 142 "-" "Sosospider+(+http://help.soso.com/webspider.htm)"
117.193.62.18 - - [24/Mar/2012:06:45:47 -0700] "-" 400 0 "-" "-"
117.193.62.18 - - [24/Mar/2012:06:45:47 -0700] "-" 400 0 "-" "-"
117.193.62.18 - - [24/Mar/2012:06:45:47 -0700] "-" 400 0 "-" "-"
117.193.62.18 - - [24/Mar/2012:06:45:57 -0700] "-" 400 0 "-" "-"
66.220.158.244 - - [24/Mar/2012:06:46:07 -0700] "GET /r/nv0 HTTP/1.1" 301 255 "-" "facebookexternalhit/1.1 (+http://www.facebook.com/externalhit_uatext.php)"
66.220.158.247 - - [24/Mar/2012:06:46:08 -0700] "GET /s/ta/nv0/ HTTP/1.1" 302 437 "-" "facebookexternalhit/1.1 (+http://www.facebook.com/externalhit_uatext.php)"
85.17.88.169 - - [24/Mar/2012:06:46:08 -0700] "POST /blog/wp-cron.php?doing_wp_cron=1332596582 HTTP/1.0" 499 0 "-" "WordPress/3.3.1; http://yuvi.in/blog"
209.85.238.115 - - [24/Mar/2012:06:46:09 -0700] "GET /blog/feed HTTP/1.1" 301 0 "-" "Feedfetcher-Google; (+http://www.google.com/feedfetcher.html; 3 subscribers; feed-id=17684830852112633560)"
85.17.88.169 - - [24/Mar/2012:06:46:11 -0700] "POST /blog/wp-cron.php?doing_wp_cron=1332596584 HTTP/1.0" 499 0 "-" "WordPress/3.3.1; http://yuvi.in/blog"
209.85.238.115 - - [24/Mar/2012:06:46:11 -0700] "GET /blog/feed/ HTTP/1.1" 304 0 "-" "Feedfetcher-Google; (+http://www.google.com/feedfetcher.html; 3 subscribers; feed-id=17684830852112633560)"
209.85.224.82 - - [24/Mar/2012:06:46:13 -0700] "GET /stories/feed HTTP/1.1" 200 13653 "-" "FeedBurner/1.0 (http://www.FeedBurner.com)"
117.230.196.95 - - [24/Mar/2012:06:46:22 -0700] "GET /r/jj8 HTTP/1.1" 301 255 "http://ta.wikipedia.org/wiki/%E0%AE%AA%E0%AF%82%E0%AE%9F%E0%AF%8D%E0%AE%9F%E0%AE%BE%E0%AE%A4_%E0%AE%AA%E0%AF%82%E0%AE%9F%E0%AF%8D%E0%AE%9F%E0%AF%81%E0%AE%95%E0%AE%B3%E0%AF%8D" "Mozilla/4.0 (compatible; MSIE 6.0; Windows NT 5.1; SV1)"
117.230.196.95 - - [24/Mar/2012:06:46:23 -0700] "GET /s/ta/jj8/ HTTP/1.1" 302 461 "http://ta.wikipedia.org/wiki/%E0%AE%AA%E0%AF%82%E0%AE%9F%E0%AF%8D%E0%AE%9F%E0%AE%BE%E0%AE%A4_%E0%AE%AA%E0%AF%82%E0%AE%9F%E0%AF%8D%E0%AE%9F%E0%AF%81%E0%AE%95%E0%AE%B3%E0%AF%8D" "Mozilla/4.0 (compatible; MSIE 6.0; Windows NT 5.1; SV1)"
85.17.88.169 - - [24/Mar/2012:06:46:41 -0700] "POST /blog/wp-cron.php?doing_wp_cron=1332596615 HTTP/1.0" 499 0 "-" "WordPress/3.3.1; http://yuvi.in/blog"
67.198.133.163 - - [24/Mar/2012:06:46:41 -0700] "GET /blog/ HTTP/1.0" 200 33142 "http://yuvi.in/blog/" "Mozilla/4.0 (compatible; MSIE 7.0; Windows NT 5.1; SV1; .NET CLR 2.0.50727)"
117.193.62.18 - - [24/Mar/2012:06:47:57 -0700] "-" 400 0 "-" "-"
85.17.88.169 - - [24/Mar/2012:06:50:20 -0700] "POST /blog/wp-cron.php?doing_wp_cron=1332596834 HTTP/1.0" 499 0 "-" "WordPress/3.3.1; http://yuvi.in/blog"
66.85.153.154 - - [24/Mar/2012:06:50:21 -0700] "GET /blog/sicp-and-brainfuck/ HTTP/1.0" 200 16778 "http://yuvi.in/blog/sicp-and-brainfuck/" "Mozilla/5.0 (Windows; U; Windows NT 5.1; de; rv:1.9.1.3) Gecko/20090824 Firefox/3.5.3 (.NET CLR 3.5.30729)"
117.193.62.18 - - [24/Mar/2012:06:51:26 -0700] "-" 400 0 "-" "-"
117.206.107.184 - - [24/Mar/2012:06:52:19 -0700] "GET /r/1gyo HTTP/1.1" 301 257 "-" "Mozilla/5.0 (Windows NT 5.1) AppleWebKit/534.54.16 (KHTML, like Gecko) Version/5.1.4 Safari/534.54.16"
117.206.107.184 - - [24/Mar/2012:06:52:20 -0700] "GET /s/ta/1gyo/ HTTP/1.1" 302 471 "-" "Mozilla/5.0 (Windows NT 5.1) AppleWebKit/534.54.16 (KHTML, like Gecko) Version/5.1.4 Safari/534.54.16"
117.193.62.18 - - [24/Mar/2012:06:52:26 -0700] "-" 400 0 "-" "-"
117.193.62.18 - - [24/Mar/2012:06:52:26 -0700] "-" 400 0 "-" "-"
117.193.62.18 - - [24/Mar/2012:06:52:26 -0700] "-" 400 0 "-" "-"
69.171.224.251 - - [24/Mar/2012:06:53:00 -0700] "GET /r/1i49 HTTP/1.1" 301 257 "-" "facebookexternalhit/1.1 (+http://www.facebook.com/externalhit_uatext.php)"
69.171.224.248 - - [24/Mar/2012:06:53:00 -0700] "GET /s/ta/1i49/ HTTP/1.1" 302 437 "-" "facebookexternalhit/1.1 (+http://www.facebook.com/externalhit_uatext.php)"
117.193.58.3 - - [24/Mar/2012:06:53:56 -0700] "-" 400 0 "-" "-"
117.193.58.3 - - [24/Mar/2012:06:56:33 -0700] "-" 400 0 "-" "-"
85.17.88.169 - - [24/Mar/2012:06:56:57 -0700] "POST /blog/wp-cron.php?doing_wp_cron=1332597231 HTTP/1.0" 499 0 "-" "WordPress/3.3.1; http://yuvi.in/blog"
209.85.238.115 - - [24/Mar/2012:06:56:58 -0700] "GET /blog/feed/ HTTP/1.1" 304 0 "-" "Feedfetcher-Google; (+http://www.google.com/feedfetcher.html; 18 subscribers; feed-id=15064232456473204253)"
117.193.58.3 - - [24/Mar/2012:06:57:32 -0700] "-" 400 0 "-" "-"
112.79.40.97 - - [24/Mar/2012:06:57:41 -0700] "-" 400 0 "-" "-"
69.171.224.248 - - [24/Mar/2012:07:00:21 -0700] "GET /r/2x9l HTTP/1.1" 301 257 "-" "facebookexternalhit/1.1 (+http://www.facebook.com/externalhit_uatext.php)"
69.171.224.246 - - [24/Mar/2012:07:00:21 -0700] "GET /s/ta/2x9l/ HTTP/1.1" 302 583 "-" "facebookexternalhit/1.1 (+http://www.facebook.com/externalhit_uatext.php)"
180.151.55.76 - - [24/Mar/2012:07:00:23 -0700] "GET / HTTP/1.1" 200 1430 "http://ha.ckers.in/" "Mozilla/5.0 (Windows NT 6.1) AppleWebKit/535.11 (KHTML, like Gecko) Chrome/17.0.963.83 Safari/535.11"
180.151.55.76 - - [24/Mar/2012:07:00:24 -0700] "GET /blueprint/screen.css HTTP/1.1" 200 12058 "http://yuvi.in/" "Mozilla/5.0 (Windows NT 6.1) AppleWebKit/535.11 (KHTML, like Gecko) Chrome/17.0.963.83 Safari/535.11"
180.151.55.76 - - [24/Mar/2012:07:00:25 -0700] "GET /header.png HTTP/1.1" 200 14249 "http://yuvi.in/" "Mozilla/5.0 (Windows NT 6.1) AppleWebKit/535.11 (KHTML, like Gecko) Chrome/17.0.963.83 Safari/535.11"
180.151.55.76 - - [24/Mar/2012:07:00:27 -0700] "GET /blueprint/print.css HTTP/1.1" 200 1284 "http://yuvi.in/" "Mozilla/5.0 (Windows NT 6.1) AppleWebKit/535.11 (KHTML, like Gecko) Chrome/17.0.963.83 Safari/535.11"
180.151.55.76 - - [24/Mar/2012:07:00:28 -0700] "GET /favicon.ico HTTP/1.1" 404 199 "-" "Mozilla/5.0 (Windows NT 6.1) AppleWebKit/535.11 (KHTML, like Gecko) Chrome/17.0.963.83 Safari/535.11"
180.151.55.76 - - [24/Mar/2012:07:00:38 -0700] "GET /favicon.ico HTTP/1.1" 404 199 "-" "Mozilla/5.0 (Windows NT 6.1) AppleWebKit/535.11 (KHTML, like Gecko) Chrome/17.0.963.83 Safari/535.11"
180.151.55.76 - - [24/Mar/2012:07:00:40 -0700] "-" 400 0 "-" "-"
180.151.55.76 - - [24/Mar/2012:07:00:43 -0700] "GET /blog HTTP/1.1" 301 178 "http://yuvi.in/" "Mozilla/5.0 (Windows NT 6.1) AppleWebKit/535.11 (KHTML, like Gecko) Chrome/17.0.963.83 Safari/535.11"
180.151.55.76 - - [24/Mar/2012:07:00:44 -0700] "GET /blog/ HTTP/1.1" 200 9195 "http://yuvi.in/" "Mozilla/5.0 (Windows NT 6.1) AppleWebKit/535.11 (KHTML, like Gecko) Chrome/17.0.963.83 Safari/535.11"
180.151.55.76 - - [24/Mar/2012:07:00:44 -0700] "GET /blog/wp-content/themes/cleanr/js/jquery.dropdown.js?ver=3.3.1 HTTP/1.1" 200 535 "http://yuvi.in/blog/" "Mozilla/5.0 (Windows NT 6.1) AppleWebKit/535.11 (KHTML, like Gecko) Chrome/17.0.963.83 Safari/535.11"
180.151.55.76 - - [24/Mar/2012:07:00:44 -0700] "GET /blog/wp-content/themes/cleanr/style.css HTTP/1.1" 200 10508 "http://yuvi.in/blog/" "Mozilla/5.0 (Windows NT 6.1) AppleWebKit/535.11 (KHTML, like Gecko) Chrome/17.0.963.83 Safari/535.11"
180.151.55.76 - - [24/Mar/2012:07:00:46 -0700] "GET /blog/wp-content/themes/cleanr/css/960.css HTTP/1.1" 200 3628 "http://yuvi.in/blog/" "Mozilla/5.0 (Windows NT 6.1) AppleWebKit/535.11 (KHTML, like Gecko) Chrome/17.0.963.83 Safari/535.11"
180.151.55.76 - - [24/Mar/2012:07:00:46 -0700] "GET /blog/wp-content/themes/cleanr/css/reset.css HTTP/1.1" 200 648 "http://yuvi.in/blog/" "Mozilla/5.0 (Windows NT 6.1) AppleWebKit/535.11 (KHTML, like Gecko) Chrome/17.0.963.83 Safari/535.11"
180.151.55.76 - - [24/Mar/2012:07:00:46 -0700] "GET /blog/wp-content/themes/cleanr/css/text.css HTTP/1.1" 200 420 "http://yuvi.in/blog/" "Mozilla/5.0 (Windows NT 6.1) AppleWebKit/535.11 (KHTML, like Gecko) Chrome/17.0.963.83 Safari/535.11"
180.151.55.76 - - [24/Mar/2012:07:00:46 -0700] "GET /blog/wp-includes/js/jquery/jquery.js?ver=1.7.1 HTTP/1.1" 200 68080 "http://yuvi.in/blog/" "Mozilla/5.0 (Windows NT 6.1) AppleWebKit/535.11 (KHTML, like Gecko) Chrome/17.0.963.83 Safari/535.11"
180.151.55.76 - - [24/Mar/2012:07:00:46 -0700] "GET /favicon.ico HTTP/1.1" 404 199 "-" "Mozilla/5.0 (Windows NT 6.1) AppleWebKit/535.11 (KHTML, like Gecko) Chrome/17.0.963.83 Safari/535.11"
180.151.55.76 - - [24/Mar/2012:07:01:00 -0700] "-" 400 0 "-" "-"
157.56.80.74 - - [24/Mar/2012:07:04:53 -0700] "-" 400 0 "-" "-"
157.56.80.74 - - [24/Mar/2012:07:04:54 -0700] "-" 400 0 "-" "-"
157.56.80.74 - - [24/Mar/2012:07:05:01 -0700] "-" 400 0 "-" "-"
157.56.80.74 - - [24/Mar/2012:07:05:01 -0700] "-" 400 0 "-" "-"
157.56.80.74 - - [24/Mar/2012:07:05:01 -0700] "-" 400 0 "-" "-"
157.56.80.74 - - [24/Mar/2012:07:05:02 -0700] "-" 400 0 "-" "-"
157.56.80.74 - - [24/Mar/2012:07:05:02 -0700] "-" 400 0 "-" "-"
157.56.80.74 - - [24/Mar/2012:07:05:04 -0700] "-" 400 0 "-" "-"
157.56.80.74 - - [24/Mar/2012:07:05:04 -0700] "-" 400 0 "-" "-"
157.56.80.74 - - [24/Mar/2012:07:05:07 -0700] "-" 400 0 "-" "-"
157.56.80.74 - - [24/Mar/2012:07:05:27 -0700] "-" 400 0 "-" "-"
157.56.80.74 - - [24/Mar/2012:07:05:27 -0700] "-" 400 0 "-" "-"
157.56.80.74 - - [24/Mar/2012:07:05:27 -0700] "-" 400 0 "-" "-"
69.171.234.7 - - [24/Mar/2012:07:06:08 -0700] "GET /r/3g7 HTTP/1.1" 301 255 "-" "facebookexternalhit/1.1 (+http://www.facebook.com/externalhit_uatext.php)"
69.171.234.0 - - [24/Mar/2012:07:06:08 -0700] "GET /s/ta/3g7/ HTTP/1.1" 302 465 "-" "facebookexternalhit/1.1 (+http://www.facebook.com/externalhit_uatext.php)"
69.171.234.3 - - [24/Mar/2012:07:06:10 -0700] "GET /r/252 HTTP/1.1" 301 255 "-" "facebookexternalhit/1.1 (+http://www.facebook.com/externalhit_uatext.php)"
69.171.234.4 - - [24/Mar/2012:07:06:10 -0700] "GET /s/ta/252/ HTTP/1.1" 302 461 "-" "facebookexternalhit/1.1 (+http://www.facebook.com/externalhit_uatext.php)"
69.171.234.2 - - [24/Mar/2012:07:06:11 -0700] "GET /r/iki HTTP/1.1" 301 255 "-" "facebookexternalhit/1.1 (+http://www.facebook.com/externalhit_uatext.php)"
69.171.234.3 - - [24/Mar/2012:07:06:11 -0700] "GET /s/ta/iki/ HTTP/1.1" 302 589 "-" "facebookexternalhit/1.1 (+http://www.facebook.com/externalhit_uatext.php)"
66.220.149.251 - - [24/Mar/2012:07:06:18 -0700] "GET /r/7gb HTTP/1.1" 301 255 "-" "facebookexternalhit/1.1 (+http://www.facebook.com/externalhit_uatext.php)"
66.220.149.251 - - [24/Mar/2012:07:06:18 -0700] "GET /s/ta/7gb/ HTTP/1.1" 302 497 "-" "facebookexternalhit/1.1 (+http://www.facebook.com/externalhit_uatext.php)"
85.17.88.169 - - [24/Mar/2012:07:06:35 -0700] "POST /blog/wp-cron.php?doing_wp_cron=1332597808 HTTP/1.0" 499 0 "-" "WordPress/3.3.1; http://yuvi.in/blog"
209.85.224.89 - - [24/Mar/2012:07:06:35 -0700] "GET /blog/feed HTTP/1.1" 304 0 "-" "FeedBurner/1.0 (http://www.FeedBurner.com)"
199.59.149.166 - - [24/Mar/2012:07:09:37 -0700] "GET /robots.txt HTTP/1.1" 404 211 "-" "Twitterbot/1.0"
199.59.149.166 - - [24/Mar/2012:07:09:37 -0700] "GET /r/3wo HTTP/1.1" 301 255 "-" "Twitterbot/1.0"
50.18.235.65 - - [24/Mar/2012:07:09:37 -0700] "HEAD /r/3wo HTTP/1.1" 301 0 "-" "UnwindFetchor/1.0 (+http://www.gnip.com/)"
50.18.235.65 - - [24/Mar/2012:07:09:37 -0700] "HEAD /s/ta/3wo/ HTTP/1.1" 302 0 "-" "UnwindFetchor/1.0 (+http://www.gnip.com/)"
184.169.248.212 - - [24/Mar/2012:07:09:37 -0700] "HEAD /r/3wo HTTP/1.1" 301 0 "-" "UnwindFetchor/1.0 (+http://www.gnip.com/)"
199.59.149.166 - - [24/Mar/2012:07:09:38 -0700] "GET /s/ta/3wo/ HTTP/1.1" 302 413 "-" "Twitterbot/1.0"
184.169.248.212 - - [24/Mar/2012:07:09:38 -0700] "HEAD /s/ta/3wo/ HTTP/1.1" 302 0 "-" "UnwindFetchor/1.0 (+http://www.gnip.com/)"
89.151.116.52 - - [24/Mar/2012:07:09:38 -0700] "GET /r/3wo HTTP/1.1" 301 255 "-" "Mozilla/5.0 (compatible; TweetmemeBot/2.11; +http://tweetmeme.com/)"
89.151.116.52 - - [24/Mar/2012:07:09:38 -0700] "GET /s/ta/3wo/ HTTP/1.1" 302 413 "-" "Mozilla/5.0 (compatible; TweetmemeBot/2.11; +http://tweetmeme.com/)"
85.17.88.169 - - [24/Mar/2012:07:09:57 -0700] "POST /blog/wp-cron.php?doing_wp_cron=1332598011 HTTP/1.0" 499 0 "-" "WordPress/3.3.1; http://yuvi.in/blog"
220.181.108.97 - - [24/Mar/2012:07:09:58 -0700] "GET /blog/tag/android/ HTTP/1.1" 200 5387 "-" "Mozilla/5.0 (compatible; Baiduspider/2.0; +http://www.baidu.com/search/spider.html)"
184.73.52.85 - - [24/Mar/2012:07:10:06 -0700] "HEAD /r/3wo HTTP/1.1" 301 0 "-" "Mozilla/5.0 (Windows; U; Windows NT 5.1; de; rv:1.9) Gecko/2008052906 Firefox/3.0"
184.73.52.85 - - [24/Mar/2012:07:10:08 -0700] "HEAD /s/ta/3wo/ HTTP/1.1" 302 0 "-" "Mozilla/5.0 (Windows; U; Windows NT 5.1; de; rv:1.9) Gecko/2008052906 Firefox/3.0"
74.112.131.126 - - [24/Mar/2012:07:10:16 -0700] "GET /robots.txt HTTP/1.0" 404 238 "-" "Mozilla/5.0 (compatible; Butterfly/1.0; +http://labs.topsy.com/butterfly/) Gecko/2009032608 Firefox/3.0.8"
74.112.131.133 - - [24/Mar/2012:07:10:16 -0700] "GET /r/3wo HTTP/1.0" 301 255 "-" "Mozilla/5.0 (compatible; Butterfly/1.0; +http://labs.topsy.com/butterfly/) Gecko/2009032608 Firefox/3.0.8"
74.112.131.128 - - [24/Mar/2012:07:10:17 -0700] "GET /s/ta/3wo/ HTTP/1.0" 302 413 "-" "Mozilla/5.0 (compatible; Butterfly/1.0; +http://labs.topsy.com/butterfly/) Gecko/2009032608 Firefox/3.0.8"
65.52.0.205 - - [24/Mar/2012:07:10:18 -0700] "GET /r/3wo HTTP/1.1" 301 255 "-" "Mozilla/4.0 (compatible; MSIE 7.0; Windows NT 6.0)"
65.52.0.205 - - [24/Mar/2012:07:10:19 -0700] "GET /s/ta/3wo/ HTTP/1.1" 302 413 "-" "Mozilla/4.0 (compatible; MSIE 7.0; Windows NT 6.0)"
113.193.115.4 - - [24/Mar/2012:07:12:09 -0700] "-" 400 0 "-" "-"
117.213.9.241 - - [24/Mar/2012:07:16:29 -0700] "-" 400 0 "-" "-"
115.249.36.229 - - [24/Mar/2012:07:17:12 -0700] "-" 400 0 "-" "-"
122.174.124.74 - - [24/Mar/2012:07:17:49 -0700] "-" 400 0 "-" "-"
115.249.36.229 - - [24/Mar/2012:07:17:50 -0700] "-" 400 0 "-" "-"
117.254.109.92 - - [24/Mar/2012:07:18:32 -0700] "-" 400 0 "-" "-"
117.204.16.99 - - [24/Mar/2012:07:19:03 -0700] "GET /r/dsy HTTP/1.1" 301 255 "-" "Mozilla/4.0 (compatible; MSIE 6.0; Windows NT 5.1; SV1; BTRS122332; .NET CLR 2.0.50727; .NET CLR 3.0.04506.30; .NET4.0C; .NET4.0E; InfoPath.2; .NET CLR 1.1.4322; .NET CLR 3.0.04506.648; .NET CLR 3.5.21022)"
117.204.16.99 - - [24/Mar/2012:07:19:03 -0700] "GET /s/ta/dsy/ HTTP/1.1" 302 373 "-" "Mozilla/4.0 (compatible; MSIE 6.0; Windows NT 5.1; SV1; BTRS122332; .NET CLR 2.0.50727; .NET CLR 3.0.04506.30; .NET4.0C; .NET4.0E; InfoPath.2; .NET CLR 1.1.4322; .NET CLR 3.0.04506.648; .NET CLR 3.5.21022)"
117.204.16.99 - - [24/Mar/2012:07:19:05 -0700] "GET /r/dsy HTTP/1.1" 301 255 "-" "Mozilla/4.0 (compatible; MSIE 6.0; Windows NT 5.1; SV1; BTRS122332; .NET CLR 2.0.50727; .NET CLR 3.0.04506.30; .NET4.0C; .NET4.0E; InfoPath.2; .NET CLR 1.1.4322; .NET CLR 3.0.04506.648; .NET CLR 3.5.21022)"
117.204.16.99 - - [24/Mar/2012:07:19:06 -0700] "GET /s/ta/dsy/ HTTP/1.1" 302 373 "-" "Mozilla/4.0 (compatible; MSIE 6.0; Windows NT 5.1; SV1; BTRS122332; .NET CLR 2.0.50727; .NET CLR 3.0.04506.30; .NET4.0C; .NET4.0E; InfoPath.2; .NET CLR 1.1.4322; .NET CLR 3.0.04506.648; .NET CLR 3.5.21022)"
122.174.124.74 - - [24/Mar/2012:07:19:29 -0700] "-" 400 0 "-" "-"
122.174.124.74 - - [24/Mar/2012:07:19:29 -0700] "-" 400 0 "-" "-"
122.174.124.74 - - [24/Mar/2012:07:19:29 -0700] "-" 400 0 "-" "-"
69.171.224.248 - - [24/Mar/2012:07:20:29 -0700] "GET /r/3g7 HTTP/1.1" 301 255 "-" "facebookexternalhit/1.1 (+http://www.facebook.com/externalhit_uatext.php)"
69.171.224.245 - - [24/Mar/2012:07:20:30 -0700] "GET /s/ta/3g7/ HTTP/1.1" 302 465 "-" "facebookexternalhit/1.1 (+http://www.facebook.com/externalhit_uatext.php)"
69.171.224.244 - - [24/Mar/2012:07:20:37 -0700] "GET /r/252 HTTP/1.1" 301 255 "-" "facebookexternalhit/1.1 (+http://www.facebook.com/externalhit_uatext.php)"
69.171.224.244 - - [24/Mar/2012:07:20:37 -0700] "GET /s/ta/252/ HTTP/1.1" 302 461 "-" "facebookexternalhit/1.1 (+http://www.facebook.com/externalhit_uatext.php)"
69.171.224.248 - - [24/Mar/2012:07:20:40 -0700] "GET /r/iki HTTP/1.1" 301 255 "-" "facebookexternalhit/1.1 (+http://www.facebook.com/externalhit_uatext.php)"
69.171.224.246 - - [24/Mar/2012:07:20:40 -0700] "GET /s/ta/iki/ HTTP/1.1" 302 589 "-" "facebookexternalhit/1.1 (+http://www.facebook.com/externalhit_uatext.php)"
117.202.139.240 - - [24/Mar/2012:07:22:49 -0700] "-" 400 0 "-" "-"
85.17.88.169 - - [24/Mar/2012:07:23:43 -0700] "POST /blog/wp-cron.php?doing_wp_cron=1332598836 HTTP/1.0" 499 0 "-" "WordPress/3.3.1; http://yuvi.in/blog"
101.226.33.172 - - [24/Mar/2012:07:23:43 -0700] "GET /blog/feed HTTP/1.0" 304 0 "-" "Mozilla/4.0 (compatible; Windows;)"
122.174.8.56 - - [24/Mar/2012:07:25:55 -0700] "-" 400 0 "-" "-"
122.174.8.56 - - [24/Mar/2012:07:25:55 -0700] "-" 400 0 "-" "-"
122.174.8.56 - - [24/Mar/2012:07:25:55 -0700] "-" 400 0 "-" "-"
122.174.8.56 - - [24/Mar/2012:07:25:55 -0700] "-" 400 0 "-" "-"
122.174.122.223 - - [24/Mar/2012:07:26:46 -0700] "GET /r/zbb HTTP/1.1" 301 255 "http://ta.wikipedia.org/wiki/%E0%AE%87%E0%AE%A8%E0%AF%8D%E0%AE%A4%E0%AE%BF%E0%AE%AF_%E0%AE%AA%E0%AE%BE%E0%AE%B0%E0%AE%AE%E0%AF%8D%E0%AE%AA%E0%AE%B0%E0%AE%BF%E0%AE%AF_%E0%AE%85%E0%AE%B1%E0%AE%BF%E0%AE%B5%E0%AE%BF%E0%AE%AF%E0%AE%B2%E0%AF%8D_%E0%AE%AE%E0%AF%88%E0%AE%AF%E0%AE%AE%E0%AF%8D" "Mozilla/5.0 (Windows; U; Windows NT 5.1; en-US; rv:1.9.0.4) Gecko/2008102920 Firefox/3.0.4"
122.174.122.223 - - [24/Mar/2012:07:26:46 -0700] "GET /s/ta/zbb/ HTTP/1.1" 302 613 "http://ta.wikipedia.org/wiki/%E0%AE%87%E0%AE%A8%E0%AF%8D%E0%AE%A4%E0%AE%BF%E0%AE%AF_%E0%AE%AA%E0%AE%BE%E0%AE%B0%E0%AE%AE%E0%AF%8D%E0%AE%AA%E0%AE%B0%E0%AE%BF%E0%AE%AF_%E0%AE%85%E0%AE%B1%E0%AE%BF%E0%AE%B5%E0%AE%BF%E0%AE%AF%E0%AE%B2%E0%AF%8D_%E0%AE%AE%E0%AF%88%E0%AE%AF%E0%AE%AE%E0%AF%8D" "Mozilla/5.0 (Windows; U; Windows NT 5.1; en-US; rv:1.9.0.4) Gecko/2008102920 Firefox/3.0.4"
122.174.122.223 - - [24/Mar/2012:07:27:22 -0700] "GET /r/zbb HTTP/1.1" 301 255 "http://ta.wikipedia.org/wiki/%E0%AE%87%E0%AE%A8%E0%AF%8D%E0%AE%A4%E0%AE%BF%E0%AE%AF_%E0%AE%AA%E0%AE%BE%E0%AE%B0%E0%AE%AE%E0%AF%8D%E0%AE%AA%E0%AE%B0%E0%AE%BF%E0%AE%AF_%E0%AE%85%E0%AE%B1%E0%AE%BF%E0%AE%B5%E0%AE%BF%E0%AE%AF%E0%AE%B2%E0%AF%8D_%E0%AE%AE%E0%AF%88%E0%AE%AF%E0%AE%AE%E0%AF%8D" "Mozilla/5.0 (Windows; U; Windows NT 5.1; en-US; rv:1.9.0.4) Gecko/2008102920 Firefox/3.0.4"
122.174.122.223 - - [24/Mar/2012:07:27:22 -0700] "GET /s/ta/zbb/ HTTP/1.1" 302 613 "http://ta.wikipedia.org/wiki/%E0%AE%87%E0%AE%A8%E0%AF%8D%E0%AE%A4%E0%AE%BF%E0%AE%AF_%E0%AE%AA%E0%AE%BE%E0%AE%B0%E0%AE%AE%E0%AF%8D%E0%AE%AA%E0%AE%B0%E0%AE%BF%E0%AE%AF_%E0%AE%85%E0%AE%B1%E0%AE%BF%E0%AE%B5%E0%AE%BF%E0%AE%AF%E0%AE%B2%E0%AF%8D_%E0%AE%AE%E0%AF%88%E0%AE%AF%E0%AE%AE%E0%AF%8D" "Mozilla/5.0 (Windows; U; Windows NT 5.1; en-US; rv:1.9.0.4) Gecko/2008102920 Firefox/3.0.4"
117.193.191.130 - - [24/Mar/2012:07:28:13 -0700] "-" 400 0 "-" "-"
122.174.8.56 - - [24/Mar/2012:07:28:26 -0700] "-" 400 0 "-" "-"
122.174.8.56 - - [24/Mar/2012:07:28:26 -0700] "-" 400 0 "-" "-"
122.174.8.56 - - [24/Mar/2012:07:28:26 -0700] "-" 400 0 "-" "-"
122.174.8.56 - - [24/Mar/2012:07:28:26 -0700] "-" 400 0 "-" "-"
122.174.8.56 - - [24/Mar/2012:07:28:45 -0700] "-" 400 0 "-" "-"
122.174.8.56 - - [24/Mar/2012:07:28:45 -0700] "-" 400 0 "-" "-"
122.174.8.56 - - [24/Mar/2012:07:28:45 -0700] "-" 400 0 "-" "-"
74.125.126.103 - - [24/Mar/2012:07:30:51 -0700] "GET /favicon.ico HTTP/1.1" 404 142 "-" "-"
207.46.204.212 - - [24/Mar/2012:07:30:57 -0700] "-" 400 0 "-" "-"
207.46.204.212 - - [24/Mar/2012:07:30:57 -0700] "-" 400 0 "-" "-"
207.46.204.212 - - [24/Mar/2012:07:30:57 -0700] "-" 400 0 "-" "-"
207.46.204.212 - - [24/Mar/2012:07:30:58 -0700] "-" 400 0 "-" "-"
207.46.204.212 - - [24/Mar/2012:07:30:58 -0700] "-" 400 0 "-" "-"
207.46.204.212 - - [24/Mar/2012:07:30:58 -0700] "-" 400 0 "-" "-"
207.46.204.212 - - [24/Mar/2012:07:30:58 -0700] "-" 400 0 "-" "-"
207.46.204.212 - - [24/Mar/2012:07:30:58 -0700] "-" 400 0 "-" "-"
207.46.204.212 - - [24/Mar/2012:07:30:58 -0700] "-" 400 0 "-" "-"
207.46.204.212 - - [24/Mar/2012:07:31:34 -0700] "-" 400 0 "-" "-"
207.46.204.212 - - [24/Mar/2012:07:31:42 -0700] "-" 400 0 "-" "-"
157.55.112.208 - - [24/Mar/2012:07:31:52 -0700] "-" 400 0 "-" "-"
157.55.112.208 - - [24/Mar/2012:07:31:53 -0700] "-" 400 0 "-" "-"
157.55.112.208 - - [24/Mar/2012:07:31:54 -0700] "-" 400 0 "-" "-"
157.55.112.208 - - [24/Mar/2012:07:31:54 -0700] "-" 400 0 "-" "-"
157.55.112.208 - - [24/Mar/2012:07:31:54 -0700] "-" 400 0 "-" "-"
157.55.112.208 - - [24/Mar/2012:07:31:55 -0700] "-" 400 0 "-" "-"
157.55.112.208 - - [24/Mar/2012:07:31:56 -0700] "-" 400 0 "-" "-"
157.55.112.208 - - [24/Mar/2012:07:31:56 -0700] "-" 400 0 "-" "-"
157.55.112.208 - - [24/Mar/2012:07:31:56 -0700] "-" 400 0 "-" "-"
157.55.112.208 - - [24/Mar/2012:07:31:56 -0700] "-" 400 0 "-" "-"
157.55.112.208 - - [24/Mar/2012:07:32:53 -0700] "-" 400 0 "-" "-"
175.157.187.5 - - [24/Mar/2012:07:34:30 -0700] "GET /r/2uen HTTP/1.1" 301 257 "http://www.flickr.com/photos/ajinhari/6997312391/in/photostream" "Mozilla/4.0 (compatible; MSIE 8.0; Windows NT 6.1; Trident/4.0; SLCC2; .NET CLR 2.0.50727; .NET CLR 3.5.30729; .NET CLR 3.0.30729; Media Center PC 6.0; InfoPath.2; .NET4.0C; .NET4.0E; Tablet PC 2.0)"
175.157.187.5 - - [24/Mar/2012:07:34:31 -0700] "GET /s/ta/2uen/ HTTP/1.1" 302 397 "http://www.flickr.com/photos/ajinhari/6997312391/in/photostream" "Mozilla/4.0 (compatible; MSIE 8.0; Windows NT 6.1; Trident/4.0; SLCC2; .NET CLR 2.0.50727; .NET CLR 3.5.30729; .NET CLR 3.0.30729; Media Center PC 6.0; InfoPath.2; .NET4.0C; .NET4.0E; Tablet PC 2.0)"
117.193.191.130 - - [24/Mar/2012:07:35:13 -0700] "-" 400 0 "-" "-"
85.17.88.169 - - [24/Mar/2012:07:36:50 -0700] "POST /blog/wp-cron.php?doing_wp_cron=1332599623 HTTP/1.0" 499 0 "-" "WordPress/3.3.1; http://yuvi.in/blog"
209.85.224.93 - - [24/Mar/2012:07:36:50 -0700] "GET /blog/feed HTTP/1.1" 304 0 "-" "FeedBurner/1.0 (http://www.FeedBurner.com)"
157.55.112.204 - - [24/Mar/2012:07:37:44 -0700] "-" 400 0 "-" "-"
157.55.112.204 - - [24/Mar/2012:07:37:46 -0700] "-" 400 0 "-" "-"
157.55.112.204 - - [24/Mar/2012:07:37:46 -0700] "-" 400 0 "-" "-"
157.55.112.204 - - [24/Mar/2012:07:37:46 -0700] "-" 400 0 "-" "-"
157.55.112.204 - - [24/Mar/2012:07:37:46 -0700] "-" 400 0 "-" "-"
157.55.112.204 - - [24/Mar/2012:07:37:47 -0700] "-" 400 0 "-" "-"
157.55.112.204 - - [24/Mar/2012:07:37:48 -0700] "-" 400 0 "-" "-"
157.55.112.204 - - [24/Mar/2012:07:37:48 -0700] "-" 400 0 "-" "-"
157.55.112.204 - - [24/Mar/2012:07:37:48 -0700] "-" 400 0 "-" "-"
157.55.112.204 - - [24/Mar/2012:07:37:49 -0700] "-" 400 0 "-" "-"
180.76.5.176 - - [24/Mar/2012:07:38:11 -0700] "GET /robots.txt HTTP/1.1" 404 142 "-" "Baiduspider+(+http://www.baidu.com/search/spider.htm)"
117.193.191.130 - - [24/Mar/2012:07:38:42 -0700] "-" 400 0 "-" "-"
117.193.191.130 - - [24/Mar/2012:07:38:52 -0700] "-" 400 0 "-" "-"
117.193.191.130 - - [24/Mar/2012:07:39:12 -0700] "-" 400 0 "-" "-"
117.193.191.130 - - [24/Mar/2012:07:39:12 -0700] "-" 400 0 "-" "-"
117.193.191.130 - - [24/Mar/2012:07:39:52 -0700] "-" 400 0 "-" "-"
117.193.112.182 - - [24/Mar/2012:07:41:16 -0700] "-" 400 0 "-" "-"
117.193.112.182 - - [24/Mar/2012:07:42:06 -0700] "-" 400 0 "-" "-"
117.193.112.182 - - [24/Mar/2012:07:42:06 -0700] "-" 400 0 "-" "-"
117.193.112.182 - - [24/Mar/2012:07:42:06 -0700] "-" 400 0 "-" "-"
117.193.112.182 - - [24/Mar/2012:07:42:06 -0700] "-" 400 0 "-" "-"
117.193.112.182 - - [24/Mar/2012:07:42:06 -0700] "-" 400 0 "-" "-"
180.76.5.91 - - [24/Mar/2012:07:42:56 -0700] "GET / HTTP/1.1" 200 3439 "-" "Mozilla/5.0 (compatible; Baiduspider/2.0; +http://www.baidu.com/search/spider.html)"
208.115.111.68 - - [24/Mar/2012:07:43:10 -0700] "GET /blog/cheese-gsoc-report-week-7.html HTTP/1.1" 200 6355 "-" "Mozilla/5.0 (compatible; Ezooms/1.0; ezooms.bot@gmail.com)"
117.193.191.130 - - [24/Mar/2012:07:43:12 -0700] "-" 400 0 "-" "-"
117.193.191.130 - - [24/Mar/2012:07:43:12 -0700] "-" 400 0 "-" "-"
117.193.191.130 - - [24/Mar/2012:07:43:12 -0700] "-" 400 0 "-" "-"
117.193.191.130 - - [24/Mar/2012:07:43:12 -0700] "-" 400 0 "-" "-"
117.193.191.130 - - [24/Mar/2012:07:43:12 -0700] "-" 400 0 "-" "-"
117.193.191.130 - - [24/Mar/2012:07:43:12 -0700] "-" 400 0 "-" "-"
85.17.88.169 - - [24/Mar/2012:07:43:14 -0700] "POST /blog/wp-cron.php?doing_wp_cron=1332600008 HTTP/1.0" 499 0 "-" "WordPress/3.3.1; http://yuvi.in/blog"
208.115.111.68 - - [24/Mar/2012:07:43:15 -0700] "GET /blog/feed/ HTTP/1.1" 200 21737 "-" "Mozilla/5.0 (compatible; Ezooms/1.0; ezooms.bot@gmail.com)"
117.193.112.182 - - [24/Mar/2012:07:43:46 -0700] "-" 400 0 "-" "-"
117.193.112.182 - - [24/Mar/2012:07:43:46 -0700] "-" 400 0 "-" "-"
117.193.112.182 - - [24/Mar/2012:07:43:46 -0700] "-" 400 0 "-" "-"
117.193.112.182 - - [24/Mar/2012:07:43:46 -0700] "-" 400 0 "-" "-"
117.193.112.182 - - [24/Mar/2012:07:43:46 -0700] "-" 400 0 "-" "-"
117.193.112.182 - - [24/Mar/2012:07:43:46 -0700] "-" 400 0 "-" "-"
157.55.112.207 - - [24/Mar/2012:07:44:20 -0700] "-" 400 0 "-" "-"
157.55.112.207 - - [24/Mar/2012:07:44:23 -0700] "-" 400 0 "-" "-"
157.55.112.207 - - [24/Mar/2012:07:44:23 -0700] "-" 400 0 "-" "-"
157.55.112.207 - - [24/Mar/2012:07:44:23 -0700] "-" 400 0 "-" "-"
157.55.112.207 - - [24/Mar/2012:07:44:23 -0700] "-" 400 0 "-" "-"
157.55.112.207 - - [24/Mar/2012:07:44:24 -0700] "-" 400 0 "-" "-"
157.55.112.207 - - [24/Mar/2012:07:44:24 -0700] "-" 400 0 "-" "-"
157.55.112.207 - - [24/Mar/2012:07:44:24 -0700] "-" 400 0 "-" "-"
157.55.112.207 - - [24/Mar/2012:07:44:24 -0700] "-" 400 0 "-" "-"
157.55.112.207 - - [24/Mar/2012:07:44:25 -0700] "-" 400 0 "-" "-"
117.193.112.182 - - [24/Mar/2012:07:45:56 -0700] "-" 400 0 "-" "-"
117.193.112.182 - - [24/Mar/2012:07:45:56 -0700] "-" 400 0 "-" "-"
117.193.112.182 - - [24/Mar/2012:07:45:56 -0700] "-" 400 0 "-" "-"
117.193.112.182 - - [24/Mar/2012:07:45:56 -0700] "-" 400 0 "-" "-"
117.193.112.182 - - [24/Mar/2012:07:45:56 -0700] "-" 400 0 "-" "-"
117.193.112.182 - - [24/Mar/2012:07:45:56 -0700] "-" 400 0 "-" "-"
207.46.204.218 - - [24/Mar/2012:07:46:17 -0700] "-" 400 0 "-" "-"
207.46.204.218 - - [24/Mar/2012:07:46:17 -0700] "-" 400 0 "-" "-"
207.46.204.218 - - [24/Mar/2012:07:46:17 -0700] "-" 400 0 "-" "-"
207.46.204.218 - - [24/Mar/2012:07:46:17 -0700] "-" 400 0 "-" "-"
207.46.204.218 - - [24/Mar/2012:07:46:17 -0700] "-" 400 0 "-" "-"
207.46.204.218 - - [24/Mar/2012:07:46:17 -0700] "-" 400 0 "-" "-"
207.46.204.218 - - [24/Mar/2012:07:46:17 -0700] "-" 400 0 "-" "-"
207.46.204.218 - - [24/Mar/2012:07:46:17 -0700] "-" 400 0 "-" "-"
207.46.204.218 - - [24/Mar/2012:07:46:17 -0700] "-" 400 0 "-" "-"
207.46.204.218 - - [24/Mar/2012:07:46:28 -0700] "-" 400 0 "-" "-"
207.46.204.218 - - [24/Mar/2012:07:46:28 -0700] "-" 400 0 "-" "-"
207.46.204.210 - - [24/Mar/2012:07:46:50 -0700] "-" 400 0 "-" "-"
207.46.204.210 - - [24/Mar/2012:07:46:50 -0700] "-" 400 0 "-" "-"
207.46.204.210 - - [24/Mar/2012:07:46:50 -0700] "-" 400 0 "-" "-"
207.46.204.210 - - [24/Mar/2012:07:46:51 -0700] "-" 400 0 "-" "-"
207.46.204.210 - - [24/Mar/2012:07:46:51 -0700] "-" 400 0 "-" "-"
207.46.204.210 - - [24/Mar/2012:07:46:51 -0700] "-" 400 0 "-" "-"
207.46.204.210 - - [24/Mar/2012:07:46:51 -0700] "-" 400 0 "-" "-"
207.46.204.210 - - [24/Mar/2012:07:46:51 -0700] "-" 400 0 "-" "-"
207.46.204.210 - - [24/Mar/2012:07:46:51 -0700] "-" 400 0 "-" "-"
207.46.204.210 - - [24/Mar/2012:07:46:51 -0700] "-" 400 0 "-" "-"
117.193.112.182 - - [24/Mar/2012:07:46:58 -0700] "-" 400 0 "-" "-"
207.46.204.210 - - [24/Mar/2012:07:47:36 -0700] "-" 400 0 "-" "-"
112.134.206.185 - - [24/Mar/2012:07:49:19 -0700] "GET /r/9vj HTTP/1.1" 301 255 "http://ta.wikipedia.org/wiki/%E0%AE%A8%E0%AE%95%E0%AF%81%E0%AE%B2%E0%AF%87%E0%AE%B8%E0%AF%8D%E0%AE%B5%E0%AE%B0%E0%AE%AE%E0%AF%8D" "Mozilla/5.0 (Windows NT 6.1) AppleWebKit/535.11 (KHTML, like Gecko) Chrome/17.0.963.83 Safari/535.11"
112.134.206.185 - - [24/Mar/2012:07:49:20 -0700] "GET /s/ta/9vj/ HTTP/1.1" 302 397 "http://ta.wikipedia.org/wiki/%E0%AE%A8%E0%AE%95%E0%AF%81%E0%AE%B2%E0%AF%87%E0%AE%B8%E0%AF%8D%E0%AE%B5%E0%AE%B0%E0%AE%AE%E0%AF%8D" "Mozilla/5.0 (Windows NT 6.1) AppleWebKit/535.11 (KHTML, like Gecko) Chrome/17.0.963.83 Safari/535.11"
112.134.206.185 - - [24/Mar/2012:07:49:38 -0700] "-" 400 0 "-" "-"
112.134.206.185 - - [24/Mar/2012:07:49:38 -0700] "-" 400 0 "-" "-"
117.193.112.182 - - [24/Mar/2012:07:49:42 -0700] "-" 400 0 "-" "-"
117.193.112.182 - - [24/Mar/2012:07:49:42 -0700] "-" 400 0 "-" "-"
117.193.112.182 - - [24/Mar/2012:07:49:43 -0700] "-" 400 0 "-" "-"
117.193.112.182 - - [24/Mar/2012:07:49:43 -0700] "-" 400 0 "-" "-"
117.193.112.182 - - [24/Mar/2012:07:50:02 -0700] "-" 400 0 "-" "-"
117.193.112.182 - - [24/Mar/2012:07:50:03 -0700] "-" 400 0 "-" "-"
117.193.112.182 - - [24/Mar/2012:07:50:03 -0700] "-" 400 0 "-" "-"
117.193.112.182 - - [24/Mar/2012:07:50:23 -0700] "-" 400 0 "-" "-"
117.193.112.182 - - [24/Mar/2012:07:50:23 -0700] "-" 400 0 "-" "-"
117.193.112.182 - - [24/Mar/2012:07:52:13 -0700] "-" 400 0 "-" "-"
85.17.88.169 - - [24/Mar/2012:07:52:46 -0700] "POST /blog/wp-cron.php?doing_wp_cron=1332600579 HTTP/1.0" 499 0 "-" "WordPress/3.3.1; http://yuvi.in/blog"
108.62.16.135 - - [24/Mar/2012:07:52:47 -0700] "GET /blog/2011/08/ HTTP/1.1" 200 55726 "hollymance.com" "Mozilla/5.0 (X11; U; Linux i686; it-IT; rv:1.9.0.2) Gecko/2008092313 Ubuntu/9.25 (jaunty) Firefox/3.8"
85.17.88.169 - - [24/Mar/2012:07:54:57 -0700] "POST /blog/wp-cron.php?doing_wp_cron=1332600711 HTTP/1.0" 499 0 "-" "WordPress/3.3.1; http://yuvi.in/blog"
209.85.238.115 - - [24/Mar/2012:07:54:58 -0700] "GET /blog/feed/ HTTP/1.1" 304 0 "-" "Feedfetcher-Google; (+http://www.google.com/feedfetcher.html; 18 subscribers; feed-id=15064232456473204253)"
85.17.88.169 - - [24/Mar/2012:07:55:21 -0700] "POST /blog/wp-cron.php?doing_wp_cron=1332600735 HTTP/1.0" 499 0 "-" "WordPress/3.3.1; http://yuvi.in/blog"
201.19.104.118 - - [24/Mar/2012:07:55:25 -0700] "GET /blog/category/devlog/ HTTP/1.1" 200 43215 "-" "Mozilla/5.0 (compatible; Googlebot/2.1; +http://www.google.com/bot.html)"
85.17.88.169 - - [24/Mar/2012:07:56:18 -0700] "POST /blog/wp-cron.php?doing_wp_cron=1332600792 HTTP/1.0" 499 0 "-" "WordPress/3.3.1; http://yuvi.in/blog"
209.85.238.115 - - [24/Mar/2012:07:56:19 -0700] "GET /blog/feed HTTP/1.1" 301 0 "-" "Feedfetcher-Google; (+http://www.google.com/feedfetcher.html; 3 subscribers; feed-id=17684830852112633560)"
85.17.88.169 - - [24/Mar/2012:07:56:21 -0700] "POST /blog/wp-cron.php?doing_wp_cron=1332600794 HTTP/1.0" 499 0 "-" "WordPress/3.3.1; http://yuvi.in/blog"
209.85.238.115 - - [24/Mar/2012:07:56:21 -0700] "GET /blog/feed/ HTTP/1.1" 304 0 "-" "Feedfetcher-Google; (+http://www.google.com/feedfetcher.html; 3 subscribers; feed-id=17684830852112633560)"
117.204.122.55 - - [24/Mar/2012:07:56:35 -0700] "GET / HTTP/1.1" 200 1430 "http://www.google.co.in/url?sa=t&rct=j&q=yuvi&source=web&cd=1&sqi=2&ved=0CDgQFjAA&url=http%3A%2F%2Fyuvi.in%2F&ei=5d9tT-m2HIm8rAeY2digDg&usg=AFQjCNGCp_KinRzG9gFsQqxb60Cy8lsxnA" "Mozilla/4.0 (compatible; MSIE 8.0; Windows NT 6.1; Trident/4.0; FunWebProducts; SLCC2; .NET CLR 2.0.50727; .NET CLR 3.5.30729; .NET CLR 3.0.30729; Media Center PC 6.0; InfoPath.2; FunWebProducts)"
117.204.122.55 - - [24/Mar/2012:07:56:36 -0700] "GET /blueprint/print.css HTTP/1.1" 200 1284 "http://yuvi.in/" "Mozilla/4.0 (compatible; MSIE 8.0; Windows NT 6.1; Trident/4.0; FunWebProducts; SLCC2; .NET CLR 2.0.50727; .NET CLR 3.5.30729; .NET CLR 3.0.30729; Media Center PC 6.0; InfoPath.2; FunWebProducts)"
117.204.122.55 - - [24/Mar/2012:07:56:36 -0700] "GET /blueprint/screen.css HTTP/1.1" 200 12058 "http://yuvi.in/" "Mozilla/4.0 (compatible; MSIE 8.0; Windows NT 6.1; Trident/4.0; FunWebProducts; SLCC2; .NET CLR 2.0.50727; .NET CLR 3.5.30729; .NET CLR 3.0.30729; Media Center PC 6.0; InfoPath.2; FunWebProducts)"
117.204.122.55 - - [24/Mar/2012:07:56:38 -0700] "GET /header.png HTTP/1.1" 200 14249 "http://yuvi.in/" "Mozilla/4.0 (compatible; MSIE 8.0; Windows NT 6.1; Trident/4.0; FunWebProducts; SLCC2; .NET CLR 2.0.50727; .NET CLR 3.5.30729; .NET CLR 3.0.30729; Media Center PC 6.0; InfoPath.2; FunWebProducts)"
117.204.122.55 - - [24/Mar/2012:07:56:40 -0700] "GET /favicon.ico HTTP/1.1" 404 199 "-" "Mozilla/4.0 (compatible; MSIE 8.0; Windows NT 6.1; Trident/4.0; FunWebProducts; SLCC2; .NET CLR 2.0.50727; .NET CLR 3.5.30729; .NET CLR 3.0.30729; Media Center PC 6.0; InfoPath.2; FunWebProducts)"
59.92.53.25 - - [24/Mar/2012:07:59:53 -0700] "-" 400 0 "-" "-"
117.202.95.95 - - [24/Mar/2012:08:00:52 -0700] "-" 400 0 "-" "-"
117.202.95.95 - - [24/Mar/2012:08:00:52 -0700] "-" 400 0 "-" "-"
117.202.95.95 - - [24/Mar/2012:08:00:52 -0700] "-" 400 0 "-" "-"
122.164.190.2 - - [24/Mar/2012:08:02:18 -0700] "-" 400 0 "-" "-"
209.85.224.80 - - [24/Mar/2012:08:02:47 -0700] "GET /stories/feed HTTP/1.1" 200 13653 "-" "FeedBurner/1.0 (http://www.FeedBurner.com)"
85.17.88.169 - - [24/Mar/2012:08:03:13 -0700] "POST /blog/wp-cron.php?doing_wp_cron=1332601207 HTTP/1.0" 499 0 "-" "WordPress/3.3.1; http://yuvi.in/blog"
78.164.184.186 - - [24/Mar/2012:08:03:14 -0700] "GET /blog/ HTTP/1.1" 200 33087 "-" "Mozilla/5.0 (compatible; Googlebot/2.1; +http://www.google.com/bot.html)"
157.55.112.205 - - [24/Mar/2012:08:03:51 -0700] "-" 400 0 "-" "-"
157.55.112.205 - - [24/Mar/2012:08:03:51 -0700] "-" 400 0 "-" "-"
157.55.112.205 - - [24/Mar/2012:08:03:51 -0700] "-" 400 0 "-" "-"
157.55.112.205 - - [24/Mar/2012:08:03:51 -0700] "-" 400 0 "-" "-"
157.55.112.205 - - [24/Mar/2012:08:03:51 -0700] "-" 400 0 "-" "-"
157.55.112.205 - - [24/Mar/2012:08:03:51 -0700] "-" 400 0 "-" "-"
157.55.112.205 - - [24/Mar/2012:08:03:51 -0700] "-" 400 0 "-" "-"
157.55.112.205 - - [24/Mar/2012:08:03:51 -0700] "-" 400 0 "-" "-"
157.55.112.205 - - [24/Mar/2012:08:03:51 -0700] "-" 400 0 "-" "-"
157.55.112.205 - - [24/Mar/2012:08:03:51 -0700] "-" 400 0 "-" "-"
157.55.112.205 - - [24/Mar/2012:08:04:21 -0700] "-" 400 0 "-" "-"
122.164.190.2 - - [24/Mar/2012:08:04:48 -0700] "-" 400 0 "-" "-"
46.185.71.246 - - [24/Mar/2012:08:05:37 -0700] "GET /robots.txt HTTP/1.0" 404 169 "-" "Mozilla/5.0 (compatible; MJ12bot/v1.4.2; http://www.majestic12.co.uk/bot.php?+)"
46.185.71.246 - - [24/Mar/2012:08:05:40 -0700] "GET /blog/devlog-feb-2011.html HTTP/1.1" 200 7216 "-" "Mozilla/5.0 (compatible; MJ12bot/v1.4.2; http://www.majestic12.co.uk/bot.php?+)"
141.0.11.14 - - [24/Mar/2012:08:05:41 -0700] "-" 400 0 "-" "-"
46.185.71.246 - - [24/Mar/2012:08:05:43 -0700] "GET /blog/devlog-mar-2011.html HTTP/1.1" 200 2970 "-" "Mozilla/5.0 (compatible; MJ12bot/v1.4.2; http://www.majestic12.co.uk/bot.php?+)"
46.185.71.246 - - [24/Mar/2012:08:05:47 -0700] "GET /blog/gstreamer-101-at-gnome-asia-2011.html HTTP/1.1" 200 2313 "-" "Mozilla/5.0 (compatible; MJ12bot/v1.4.2; http://www.majestic12.co.uk/bot.php?+)"
85.17.88.169 - - [24/Mar/2012:08:07:01 -0700] "POST /blog/wp-cron.php?doing_wp_cron=1332601435 HTTP/1.0" 499 0 "-" "WordPress/3.3.1; http://yuvi.in/blog"
209.85.224.82 - - [24/Mar/2012:08:07:02 -0700] "GET /blog/feed HTTP/1.1" 304 0 "-" "FeedBurner/1.0 (http://www.FeedBurner.com)"
69.171.234.1 - - [24/Mar/2012:08:08:26 -0700] "GET /r/fmf HTTP/1.1" 301 255 "-" "facebookexternalhit/1.1 (+http://www.facebook.com/externalhit_uatext.php)"
69.171.234.7 - - [24/Mar/2012:08:08:26 -0700] "GET /s/ta/fmf/ HTTP/1.1" 302 349 "-" "facebookexternalhit/1.1 (+http://www.facebook.com/externalhit_uatext.php)"
85.17.88.169 - - [24/Mar/2012:08:10:20 -0700] "POST /blog/wp-cron.php?doing_wp_cron=1332601633 HTTP/1.0" 499 0 "-" "WordPress/3.3.1; http://yuvi.in/blog"
14.194.225.242 - - [24/Mar/2012:08:11:25 -0700] "-" 400 0 "-" "-"
157.55.112.206 - - [24/Mar/2012:08:11:31 -0700] "-" 400 0 "-" "-"
157.55.112.206 - - [24/Mar/2012:08:11:31 -0700] "-" 400 0 "-" "-"
157.55.112.206 - - [24/Mar/2012:08:11:31 -0700] "-" 400 0 "-" "-"
157.55.112.206 - - [24/Mar/2012:08:11:31 -0700] "-" 400 0 "-" "-"
157.55.112.206 - - [24/Mar/2012:08:11:31 -0700] "-" 400 0 "-" "-"
157.55.112.206 - - [24/Mar/2012:08:11:31 -0700] "-" 400 0 "-" "-"
157.55.112.206 - - [24/Mar/2012:08:11:31 -0700] "-" 400 0 "-" "-"
157.55.112.206 - - [24/Mar/2012:08:11:31 -0700] "-" 400 0 "-" "-"
157.55.112.206 - - [24/Mar/2012:08:11:32 -0700] "-" 400 0 "-" "-"
157.55.112.206 - - [24/Mar/2012:08:11:32 -0700] "-" 400 0 "-" "-"
112.79.40.13 - - [24/Mar/2012:08:11:39 -0700] "-" 400 0 "-" "-"
67.215.230.28 - - [24/Mar/2012:08:12:03 -0700] "GET /robots.txt HTTP/1.0" 404 169 "-" "Setooz/Nutch-1.2 (http://www.setooz.com)"
67.215.230.28 - - [24/Mar/2012:08:12:03 -0700] "GET /stories HTTP/1.0" 301 185 "-" "Setooz/Nutch-1.2 (http://www.setooz.com)"
67.215.230.27 - - [24/Mar/2012:08:12:12 -0700] "GET /robots.txt HTTP/1.0" 404 169 "-" "Setooz/Nutch-1.2 (http://www.setooz.com)"
67.215.230.27 - - [24/Mar/2012:08:12:12 -0700] "GET / HTTP/1.0" 200 3439 "-" "Setooz/Nutch-1.2 (http://www.setooz.com)"
157.55.112.206 - - [24/Mar/2012:08:12:19 -0700] "-" 400 0 "-" "-"
14.194.225.242 - - [24/Mar/2012:08:12:30 -0700] "-" 400 0 "-" "-"
141.0.11.72 - - [24/Mar/2012:08:13:13 -0700] "-" 400 0 "-" "-"
141.0.11.72 - - [24/Mar/2012:08:13:13 -0700] "-" 400 0 "-" "-"
117.193.39.221 - - [24/Mar/2012:08:16:21 -0700] "-" 400 0 "-" "-"
117.193.39.221 - - [24/Mar/2012:08:16:21 -0700] "-" 400 0 "-" "-"
117.202.188.227 - - [24/Mar/2012:08:16:35 -0700] "-" 400 0 "-" "-"
117.202.188.227 - - [24/Mar/2012:08:16:35 -0700] "-" 400 0 "-" "-"
117.202.188.227 - - [24/Mar/2012:08:16:35 -0700] "-" 400 0 "-" "-"
117.202.188.227 - - [24/Mar/2012:08:16:35 -0700] "-" 400 0 "-" "-"
117.202.188.227 - - [24/Mar/2012:08:16:35 -0700] "-" 400 0 "-" "-"
208.115.113.84 - - [24/Mar/2012:08:16:57 -0700] "GET /robots.txt HTTP/1.1" 404 169 "-" "Mozilla/5.0 (compatible; Ezooms/1.0; ezooms.bot@gmail.com)"
117.202.188.227 - - [24/Mar/2012:08:17:55 -0700] "-" 400 0 "-" "-"
117.202.188.227 - - [24/Mar/2012:08:17:55 -0700] "-" 400 0 "-" "-"
117.202.188.227 - - [24/Mar/2012:08:17:55 -0700] "-" 400 0 "-" "-"
117.202.188.227 - - [24/Mar/2012:08:17:55 -0700] "-" 400 0 "-" "-"
117.202.188.227 - - [24/Mar/2012:08:17:55 -0700] "-" 400 0 "-" "-"
117.193.39.221 - - [24/Mar/2012:08:18:11 -0700] "-" 400 0 "-" "-"
117.193.39.221 - - [24/Mar/2012:08:18:11 -0700] "-" 400 0 "-" "-"
65.52.109.152 - - [24/Mar/2012:08:18:35 -0700] "GET /robots.txt HTTP/1.1" 404 169 "-" "Mozilla/5.0 (compatible; bingbot/2.0; +http://www.bing.com/bingbot.htm)"
117.202.188.227 - - [24/Mar/2012:08:18:45 -0700] "-" 400 0 "-" "-"
117.202.188.227 - - [24/Mar/2012:08:18:45 -0700] "-" 400 0 "-" "-"
117.202.188.227 - - [24/Mar/2012:08:18:45 -0700] "-" 400 0 "-" "-"
117.202.188.227 - - [24/Mar/2012:08:18:45 -0700] "-" 400 0 "-" "-"
117.193.39.221 - - [24/Mar/2012:08:20:51 -0700] "-" 400 0 "-" "-"
117.193.242.21 - - [24/Mar/2012:08:21:25 -0700] "-" 400 0 "-" "-"
117.204.35.164 - - [24/Mar/2012:08:21:47 -0700] "-" 400 0 "-" "-"
122.174.76.11 - - [24/Mar/2012:08:21:48 -0700] "-" 400 0 "-" "-"
122.174.76.11 - - [24/Mar/2012:08:21:48 -0700] "-" 400 0 "-" "-"
66.220.149.251 - - [24/Mar/2012:08:22:08 -0700] "GET /r/eya HTTP/1.1" 301 255 "-" "facebookexternalhit/1.1 (+http://www.facebook.com/externalhit_uatext.php)"
66.220.149.246 - - [24/Mar/2012:08:22:08 -0700] "GET /s/ta/eya/ HTTP/1.1" 302 401 "-" "facebookexternalhit/1.1 (+http://www.facebook.com/externalhit_uatext.php)"
85.17.88.169 - - [24/Mar/2012:08:23:25 -0700] "POST /blog/wp-cron.php?doing_wp_cron=1332602418 HTTP/1.0" 499 0 "-" "WordPress/3.3.1; http://yuvi.in/blog"
180.76.5.182 - - [24/Mar/2012:08:23:25 -0700] "GET /blog/tag/talk/ HTTP/1.1" 200 4042 "-" "Mozilla/5.0 (compatible; Baiduspider/2.0; +http://www.baidu.com/search/spider.html)"
85.17.88.169 - - [24/Mar/2012:08:23:43 -0700] "POST /blog/wp-cron.php?doing_wp_cron=1332602436 HTTP/1.0" 499 0 "-" "WordPress/3.3.1; http://yuvi.in/blog"
157.55.16.56 - - [24/Mar/2012:08:23:43 -0700] "GET /blog/2011/10/21/ HTTP/1.1" 200 4406 "-" "Mozilla/5.0 (compatible; bingbot/2.0; +http://www.bing.com/bingbot.htm)"
117.193.242.21 - - [24/Mar/2012:08:24:09 -0700] "-" 400 0 "-" "-"
14.194.225.242 - - [24/Mar/2012:08:24:13 -0700] "-" 400 0 "-" "-"
117.204.35.164 - - [24/Mar/2012:08:25:27 -0700] "-" 400 0 "-" "-"
66.220.158.245 - - [24/Mar/2012:08:27:16 -0700] "GET /r/p0f HTTP/1.1" 301 255 "-" "facebookexternalhit/1.1 (+http://www.facebook.com/externalhit_uatext.php)"
