123.136.106.12 - - [14/Mar/2012:06:25:36 -0700] "GET /r/252 HTTP/1.1" 301 255 "http://ta.wikipedia.org/wiki/%E0%AE%9A%E0%AF%81%E0%AE%AA%E0%AF%8D%E0%AE%AA%E0%AE%BF%E0%AE%B0%E0%AE%AE%E0%AE%A3%E0%AE%BF%E0%AE%AF_%E0%AE%AA%E0%AE%BE%E0%AE%B0%E0%AE%A4%E0%AE%BF" "Mozilla/5.0 (Windows; U; Windows NT 6.1; en-US) AppleWebKit/534.7 (KHTML, like Gecko) Chrome/7.0.517.8 Safari/534.7"
123.136.106.12 - - [14/Mar/2012:06:25:37 -0700] "GET /s/ta/252/ HTTP/1.1" 302 461 "http://ta.wikipedia.org/wiki/%E0%AE%9A%E0%AF%81%E0%AE%AA%E0%AF%8D%E0%AE%AA%E0%AE%BF%E0%AE%B0%E0%AE%AE%E0%AE%A3%E0%AE%BF%E0%AE%AF_%E0%AE%AA%E0%AE%BE%E0%AE%B0%E0%AE%A4%E0%AE%BF" "Mozilla/5.0 (Windows; U; Windows NT 6.1; en-US) AppleWebKit/534.7 (KHTML, like Gecko) Chrome/7.0.517.8 Safari/534.7"
122.164.25.26 - - [14/Mar/2012:06:25:44 -0700] "-" 400 0 "-" "-"
123.136.106.12 - - [14/Mar/2012:06:25:44 -0700] "GET /s/ta/252/ HTTP/1.1" 302 461 "http://ta.wikipedia.org/wiki/%E0%AE%9A%E0%AF%81%E0%AE%AA%E0%AF%8D%E0%AE%AA%E0%AE%BF%E0%AE%B0%E0%AE%AE%E0%AE%A3%E0%AE%BF%E0%AE%AF_%E0%AE%AA%E0%AE%BE%E0%AE%B0%E0%AE%A4%E0%AE%BF" "Mozilla/5.0 (Windows; U; Windows NT 6.1; en-US) AppleWebKit/534.7 (KHTML, like Gecko) Chrome/7.0.517.8 Safari/534.7"
85.17.88.169 - - [14/Mar/2012:06:26:37 -0700] "POST /blog/wp-cron.php?doing_wp_cron=1331731491 HTTP/1.0" 499 0 "-" "WordPress/3.3.1; http://yuvi.in/blog"
209.85.224.92 - - [14/Mar/2012:06:26:37 -0700] "GET /blog/feed HTTP/1.1" 304 0 "-" "FeedBurner/1.0 (http://www.FeedBurner.com)"
24.148.77.105 - - [14/Mar/2012:06:26:49 -0700] "GET /favicon.ico HTTP/1.1" 404 142 "http://prashanth-kamle.blogspot.com/2009/03/viterbi-algorithm-for-second-order.html" "Mozilla/5.0 (X11; Ubuntu; Linux i686; rv:10.0.2) Gecko/20100101 Firefox/10.0.2"
66.249.68.52 - - [14/Mar/2012:06:27:40 -0700] "GET /r/amj HTTP/1.1" 301 255 "-" "Mozilla/5.0 (compatible; Googlebot/2.1; +http://www.google.com/bot.html)"
66.249.68.52 - - [14/Mar/2012:06:27:41 -0700] "GET /s/ta/amj/ HTTP/1.1" 302 385 "-" "Mozilla/5.0 (compatible; Googlebot/2.1; +http://www.google.com/bot.html)"
141.0.9.201 - - [14/Mar/2012:06:27:51 -0700] "-" 400 0 "-" "-"
66.249.68.52 - - [14/Mar/2012:06:30:28 -0700] "GET /r/ad0 HTTP/1.1" 301 255 "-" "Mozilla/5.0 (compatible; Googlebot/2.1; +http://www.google.com/bot.html)"
66.249.68.52 - - [14/Mar/2012:06:30:29 -0700] "GET /s/ta/ad0/ HTTP/1.1" 302 741 "-" "Mozilla/5.0 (compatible; Googlebot/2.1; +http://www.google.com/bot.html)"
223.236.36.234 - - [14/Mar/2012:06:31:17 -0700] "-" 400 0 "-" "-"
123.125.71.15 - - [14/Mar/2012:06:32:19 -0700] "GET / HTTP/1.1" 200 3439 "-" "Mozilla/5.0 (compatible; Baiduspider/2.0; +http://www.baidu.com/search/spider.html)"
94.203.117.32 - - [14/Mar/2012:06:32:30 -0700] "GET /r/1x7m HTTP/1.1" 301 257 "http://www.facebook.com/l.php?u=http%3A%2F%2Ftawp.in%2Fr%2F1x7m&h=fAQFuzuMhAQFguHwd8Pebr00y4hB83Z4HKfpkfOfy9BoW9A&enc=AZMuGlurnVFkpjhtRdw2R7f7nuYAQYyBQxzhihnIJpe-KTYf1uqX1RBIfj7dE3I0MTfAs2zRJiyzgX0VXK5XU_vl" "Mozilla/5.0 (Windows NT 6.1; WOW64) AppleWebKit/535.11 (KHTML, like Gecko) Chrome/17.0.963.79 Safari/535.11"
94.203.117.32 - - [14/Mar/2012:06:32:30 -0700] "GET /s/ta/1x7m/ HTTP/1.1" 302 513 "http://www.facebook.com/l.php?u=http%3A%2F%2Ftawp.in%2Fr%2F1x7m&h=fAQFuzuMhAQFguHwd8Pebr00y4hB83Z4HKfpkfOfy9BoW9A&enc=AZMuGlurnVFkpjhtRdw2R7f7nuYAQYyBQxzhihnIJpe-KTYf1uqX1RBIfj7dE3I0MTfAs2zRJiyzgX0VXK5XU_vl" "Mozilla/5.0 (Windows NT 6.1; WOW64) AppleWebKit/535.11 (KHTML, like Gecko) Chrome/17.0.963.79 Safari/535.11"
74.125.126.89 - - [14/Mar/2012:06:32:47 -0700] "GET /favicon.ico HTTP/1.1" 404 142 "-" "-"
220.181.108.84 - - [14/Mar/2012:06:32:51 -0700] "GET / HTTP/1.1" 200 3439 "-" "Mozilla/5.0 (compatible; Baiduspider/2.0; +http://www.baidu.com/search/spider.html)"
66.249.68.52 - - [14/Mar/2012:06:33:16 -0700] "GET /s/ta/2g6x/ HTTP/1.1" 302 757 "-" "Mozilla/5.0 (compatible; Googlebot/2.1; +http://www.google.com/bot.html)"
87.101.155.9 - - [14/Mar/2012:06:33:58 -0700] "GET /r/1m3c HTTP/1.1" 301 257 "-" "Mozilla/4.0 (compatible; MSIE 7.0; Windows NT 5.1; .NET CLR 1.1.4322; .NET CLR 2.0.50727; InfoPath.2; .NET4.0C; .NET4.0E)"
87.101.155.9 - - [14/Mar/2012:06:33:58 -0700] "GET /s/ta/1m3c/ HTTP/1.1" 302 413 "-" "Mozilla/4.0 (compatible; MSIE 7.0; Windows NT 5.1; .NET CLR 1.1.4322; .NET CLR 2.0.50727; InfoPath.2; .NET4.0C; .NET4.0E)"
66.249.68.52 - - [14/Mar/2012:06:36:03 -0700] "GET /s/ta/d7k/ HTTP/1.1" 302 349 "-" "Mozilla/5.0 (compatible; Googlebot/2.1; +http://www.google.com/bot.html)"
208.115.111.68 - - [14/Mar/2012:06:37:38 -0700] "GET /robots.txt HTTP/1.1" 404 169 "-" "Mozilla/5.0 (compatible; Ezooms/1.0; ezooms.bot@gmail.com)"
122.174.182.110 - - [14/Mar/2012:06:38:26 -0700] "-" 400 0 "-" "-"
69.171.234.6 - - [14/Mar/2012:06:38:48 -0700] "GET /r/2x9l HTTP/1.1" 301 257 "-" "facebookexternalhit/1.1 (+http://www.facebook.com/externalhit_uatext.php)"
69.171.234.4 - - [14/Mar/2012:06:38:48 -0700] "GET /s/ta/2x9l/ HTTP/1.1" 302 583 "-" "facebookexternalhit/1.1 (+http://www.facebook.com/externalhit_uatext.php)"
66.249.68.52 - - [14/Mar/2012:06:38:51 -0700] "GET /s/ta/2zb1/ HTTP/1.1" 302 705 "-" "Mozilla/5.0 (compatible; Googlebot/2.1; +http://www.google.com/bot.html)"
122.165.226.165 - - [14/Mar/2012:06:40:00 -0700] "GET /r/1lg9 HTTP/1.1" 301 257 "http://ta.wikipedia.org/wiki/%E0%AE%9A%E0%AE%BF%E0%AE%B8%E0%AF%8D%E0%AE%9F%E0%AE%AE%E0%AE%BF%E0%AE%95%E0%AF%8D_%E0%AE%B2%E0%AF%82%E0%AE%AA%E0%AE%B8%E0%AF%8D_%E0%AE%8E%E0%AE%B0%E0%AE%BF%E0%AE%A4%E0%AE%BF%E0%AE%AE%E0%AE%BE%E0%AE%9F%E0%AF%8B%E0%AE%9A%E0%AE%B8%E0%AF%8D" "Mozilla/5.0 (Windows NT 5.1; rv:8.0) Gecko/20100101 Firefox/8.0"
122.165.226.165 - - [14/Mar/2012:06:40:00 -0700] "GET /s/ta/1lg9/ HTTP/1.1" 302 585 "http://ta.wikipedia.org/wiki/%E0%AE%9A%E0%AE%BF%E0%AE%B8%E0%AF%8D%E0%AE%9F%E0%AE%AE%E0%AE%BF%E0%AE%95%E0%AF%8D_%E0%AE%B2%E0%AF%82%E0%AE%AA%E0%AE%B8%E0%AF%8D_%E0%AE%8E%E0%AE%B0%E0%AE%BF%E0%AE%A4%E0%AE%BF%E0%AE%AE%E0%AE%BE%E0%AE%9F%E0%AF%8B%E0%AE%9A%E0%AE%B8%E0%AF%8D" "Mozilla/5.0 (Windows NT 5.1; rv:8.0) Gecko/20100101 Firefox/8.0"
122.165.226.165 - - [14/Mar/2012:06:40:05 -0700] "-" 400 0 "-" "-"
85.17.88.169 - - [14/Mar/2012:06:40:34 -0700] "POST /blog/wp-cron.php?doing_wp_cron=1331732328 HTTP/1.0" 499 0 "-" "WordPress/3.3.1; http://yuvi.in/blog"
190.160.251.3 - - [14/Mar/2012:06:40:35 -0700] "GET /blog/what-stop-child-athiest/ HTTP/1.1" 200 5574 "-" "Mozilla/5.0 (Macintosh; Intel Mac OS X 10.6; rv:10.0.2) Gecko/20100101 Firefox/10.0.2"
190.160.251.3 - - [14/Mar/2012:06:40:35 -0700] "GET /blog/wp-content/themes/cleanr/style.css HTTP/1.1" 200 10508 "http://yuvi.in/blog/what-stop-child-athiest/" "Mozilla/5.0 (Macintosh; Intel Mac OS X 10.6; rv:10.0.2) Gecko/20100101 Firefox/10.0.2"
190.160.251.3 - - [14/Mar/2012:06:40:35 -0700] "GET /blog/wp-content/themes/cleanr/images/search_magnifier.gif HTTP/1.1" 200 394 "http://yuvi.in/blog/what-stop-child-athiest/" "Mozilla/5.0 (Macintosh; Intel Mac OS X 10.6; rv:10.0.2) Gecko/20100101 Firefox/10.0.2"
190.160.251.3 - - [14/Mar/2012:06:40:36 -0700] "GET /blog/wp-content/themes/cleanr/css/text.css HTTP/1.1" 200 420 "http://yuvi.in/blog/wp-content/themes/cleanr/style.css" "Mozilla/5.0 (Macintosh; Intel Mac OS X 10.6; rv:10.0.2) Gecko/20100101 Firefox/10.0.2"
190.160.251.3 - - [14/Mar/2012:06:40:36 -0700] "GET /blog/wp-content/themes/cleanr/css/960.css HTTP/1.1" 200 3628 "http://yuvi.in/blog/wp-content/themes/cleanr/style.css" "Mozilla/5.0 (Macintosh; Intel Mac OS X 10.6; rv:10.0.2) Gecko/20100101 Firefox/10.0.2"
190.160.251.3 - - [14/Mar/2012:06:40:36 -0700] "GET /blog/wp-content/themes/cleanr/css/reset.css HTTP/1.1" 200 648 "http://yuvi.in/blog/wp-content/themes/cleanr/style.css" "Mozilla/5.0 (Macintosh; Intel Mac OS X 10.6; rv:10.0.2) Gecko/20100101 Firefox/10.0.2"
190.160.251.3 - - [14/Mar/2012:06:40:37 -0700] "GET /favicon.ico HTTP/1.1" 404 142 "-" "Mozilla/5.0 (Macintosh; Intel Mac OS X 10.6; rv:10.0.2) Gecko/20100101 Firefox/10.0.2"
190.160.251.3 - - [14/Mar/2012:06:40:37 -0700] "GET /favicon.ico HTTP/1.1" 404 142 "-" "Mozilla/5.0 (Macintosh; Intel Mac OS X 10.6; rv:10.0.2) Gecko/20100101 Firefox/10.0.2"
85.17.88.169 - - [14/Mar/2012:06:40:39 -0700] "POST /blog/wp-cron.php?doing_wp_cron=1331732332 HTTP/1.0" 499 0 "-" "WordPress/3.3.1; http://yuvi.in/blog"
190.160.251.3 - - [14/Mar/2012:06:40:39 -0700] "GET /blog/temptations/ HTTP/1.1" 200 4392 "http://yuvi.in/blog/what-stop-child-athiest/" "Mozilla/5.0 (Macintosh; Intel Mac OS X 10.6; rv:10.0.2) Gecko/20100101 Firefox/10.0.2"
209.85.224.91 - - [14/Mar/2012:06:40:50 -0700] "GET /stories/feed HTTP/1.1" 200 13653 "-" "FeedBurner/1.0 (http://www.FeedBurner.com)"
122.174.182.110 - - [14/Mar/2012:06:40:56 -0700] "-" 400 0 "-" "-"
122.174.182.110 - - [14/Mar/2012:06:40:56 -0700] "-" 400 0 "-" "-"
122.174.182.110 - - [14/Mar/2012:06:40:56 -0700] "-" 400 0 "-" "-"
122.174.182.110 - - [14/Mar/2012:06:40:56 -0700] "-" 400 0 "-" "-"
122.174.182.110 - - [14/Mar/2012:06:40:56 -0700] "-" 400 0 "-" "-"
85.17.88.169 - - [14/Mar/2012:06:43:10 -0700] "POST /blog/wp-cron.php?doing_wp_cron=1331732483 HTTP/1.0" 499 0 "-" "WordPress/3.3.1; http://yuvi.in/blog"
180.76.5.96 - - [14/Mar/2012:06:43:10 -0700] "GET /blog/why-i-got-rid-of-my-fork-of-waffle/ HTTP/1.1" 200 4681 "-" "Mozilla/5.0 (compatible; Baiduspider/2.0; +http://www.baidu.com/search/spider.html)"
117.193.178.106 - - [14/Mar/2012:06:47:05 -0700] "-" 400 0 "-" "-"
66.249.67.123 - - [14/Mar/2012:06:49:45 -0700] "GET /robots.txt HTTP/1.1" 404 142 "-" "Mozilla/5.0 (compatible; Googlebot/2.1; +http://www.google.com/bot.html)"
117.193.178.106 - - [14/Mar/2012:06:50:55 -0700] "-" 400 0 "-" "-"
117.193.178.106 - - [14/Mar/2012:06:51:55 -0700] "-" 400 0 "-" "-"
92.113.24.200 - - [14/Mar/2012:06:52:17 -0700] "GET /blog/why-i-moved-off-arch-on-my-netbook.html HTTP/1.1" 200 2546 "http://arosenfeld.wordpress.com/2010/11/02/move-to-ubuntu/" "Mozilla/5.0 (Windows NT 6.1; WOW64; rv:11.0) Gecko/20100101 Firefox/11.0"
92.113.24.200 - - [14/Mar/2012:06:52:18 -0700] "GET /blog/static/codehilite.css HTTP/1.1" 200 4012 "http://yuvi.in/blog/why-i-moved-off-arch-on-my-netbook.html" "Mozilla/5.0 (Windows NT 6.1; WOW64; rv:11.0) Gecko/20100101 Firefox/11.0"
92.113.24.200 - - [14/Mar/2012:06:52:18 -0700] "GET /blog/static/style.css HTTP/1.1" 200 4753 "http://yuvi.in/blog/why-i-moved-off-arch-on-my-netbook.html" "Mozilla/5.0 (Windows NT 6.1; WOW64; rv:11.0) Gecko/20100101 Firefox/11.0"
92.113.24.200 - - [14/Mar/2012:06:52:19 -0700] "GET /favicon.ico HTTP/1.1" 404 142 "-" "Mozilla/5.0 (Windows NT 6.1; WOW64; rv:11.0) Gecko/20100101 Firefox/11.0"
66.249.68.52 - - [14/Mar/2012:06:52:38 -0700] "GET /s/ta/20ls/ HTTP/1.1" 302 537 "-" "Mozilla/5.0 (compatible; Googlebot/2.1; +http://www.google.com/bot.html)"
59.90.242.12 - - [14/Mar/2012:06:52:59 -0700] "GET /r/rsd HTTP/1.1" 301 255 "http://ta.wikipedia.org/wiki/%E0%AE%89%E0%AE%B3%E0%AE%B5%E0%AE%BF%E0%AE%AF%E0%AE%B2%E0%AF%8D" "Mozilla/5.0 (Windows NT 5.1; rv:11.0) Gecko/20100101 Firefox/11.0"
59.90.242.12 - - [14/Mar/2012:06:52:59 -0700] "GET /s/ta/rsd/ HTTP/1.1" 302 349 "http://ta.wikipedia.org/wiki/%E0%AE%89%E0%AE%B3%E0%AE%B5%E0%AE%BF%E0%AE%AF%E0%AE%B2%E0%AF%8D" "Mozilla/5.0 (Windows NT 5.1; rv:11.0) Gecko/20100101 Firefox/11.0"
59.90.242.12 - - [14/Mar/2012:06:53:04 -0700] "-" 400 0 "-" "-"
207.46.204.210 - - [14/Mar/2012:06:54:08 -0700] "-" 400 0 "-" "-"
207.46.204.210 - - [14/Mar/2012:06:54:10 -0700] "-" 400 0 "-" "-"
207.46.204.210 - - [14/Mar/2012:06:54:10 -0700] "-" 400 0 "-" "-"
207.46.204.210 - - [14/Mar/2012:06:54:10 -0700] "-" 400 0 "-" "-"
207.46.204.210 - - [14/Mar/2012:06:54:10 -0700] "-" 400 0 "-" "-"
207.46.204.210 - - [14/Mar/2012:06:54:10 -0700] "-" 400 0 "-" "-"
207.46.204.210 - - [14/Mar/2012:06:54:10 -0700] "-" 400 0 "-" "-"
207.46.204.210 - - [14/Mar/2012:06:54:45 -0700] "-" 400 0 "-" "-"
207.46.204.210 - - [14/Mar/2012:06:54:47 -0700] "-" 400 0 "-" "-"
207.46.204.210 - - [14/Mar/2012:06:54:47 -0700] "-" 400 0 "-" "-"
207.46.204.210 - - [14/Mar/2012:06:54:47 -0700] "-" 400 0 "-" "-"
27.107.61.37 - - [14/Mar/2012:06:55:04 -0700] "-" 400 0 "-" "-"
27.107.61.37 - - [14/Mar/2012:06:55:04 -0700] "-" 400 0 "-" "-"
66.249.68.52 - - [14/Mar/2012:06:55:26 -0700] "GET /s/ta/2715/ HTTP/1.1" 302 585 "-" "Mozilla/5.0 (compatible; Googlebot/2.1; +http://www.google.com/bot.html)"
117.213.80.157 - - [14/Mar/2012:06:56:07 -0700] "-" 400 0 "-" "-"
85.17.88.169 - - [14/Mar/2012:06:56:45 -0700] "POST /blog/wp-cron.php?doing_wp_cron=1331733298 HTTP/1.0" 499 0 "-" "WordPress/3.3.1; http://yuvi.in/blog"
209.85.224.99 - - [14/Mar/2012:06:56:45 -0700] "GET /blog/feed HTTP/1.1" 304 0 "-" "FeedBurner/1.0 (http://www.FeedBurner.com)"
66.249.68.52 - - [14/Mar/2012:06:58:14 -0700] "GET /s/ta/25fo/ HTTP/1.1" 302 401 "-" "Mozilla/5.0 (compatible; Googlebot/2.1; +http://www.google.com/bot.html)"
122.167.246.117 - - [14/Mar/2012:06:59:48 -0700] "-" 400 0 "-" "-"
117.211.93.74 - - [14/Mar/2012:07:00:46 -0700] "GET / HTTP/1.1" 200 1430 "-" "Mozilla/5.0 (X11; Linux i686) AppleWebKit/535.7 (KHTML, like Gecko) Chrome/16.0.912.77 Safari/535.7"
117.211.93.74 - - [14/Mar/2012:07:00:46 -0700] "GET /blueprint/screen.css HTTP/1.1" 200 12058 "http://yuvi.in/" "Mozilla/5.0 (X11; Linux i686) AppleWebKit/535.7 (KHTML, like Gecko) Chrome/16.0.912.77 Safari/535.7"
117.211.93.74 - - [14/Mar/2012:07:00:47 -0700] "GET /blueprint/print.css HTTP/1.1" 200 1284 "http://yuvi.in/" "Mozilla/5.0 (X11; Linux i686) AppleWebKit/535.7 (KHTML, like Gecko) Chrome/16.0.912.77 Safari/535.7"
117.211.93.74 - - [14/Mar/2012:07:00:48 -0700] "GET /header.png HTTP/1.1" 200 14249 "http://yuvi.in/" "Mozilla/5.0 (X11; Linux i686) AppleWebKit/535.7 (KHTML, like Gecko) Chrome/16.0.912.77 Safari/535.7"
117.211.93.74 - - [14/Mar/2012:07:00:49 -0700] "GET /favicon.ico HTTP/1.1" 404 199 "-" "Mozilla/5.0 (X11; Linux i686) AppleWebKit/535.7 (KHTML, like Gecko) Chrome/16.0.912.77 Safari/535.7"
117.213.80.157 - - [14/Mar/2012:07:00:56 -0700] "-" 400 0 "-" "-"
66.249.68.52 - - [14/Mar/2012:07:01:02 -0700] "GET /s/ta/16o3/ HTTP/1.1" 302 609 "-" "Mozilla/5.0 (compatible; Googlebot/2.1; +http://www.google.com/bot.html)"
117.213.80.157 - - [14/Mar/2012:07:01:16 -0700] "-" 400 0 "-" "-"
117.211.93.74 - - [14/Mar/2012:07:01:22 -0700] "GET /favicon.ico HTTP/1.1" 404 199 "-" "Mozilla/5.0 (X11; Linux i686) AppleWebKit/535.7 (KHTML, like Gecko) Chrome/16.0.912.77 Safari/535.7"
122.184.128.195 - - [14/Mar/2012:07:02:09 -0700] "-" 400 0 "-" "-"
122.184.128.195 - - [14/Mar/2012:07:02:19 -0700] "-" 400 0 "-" "-"
122.184.128.195 - - [14/Mar/2012:07:02:19 -0700] "-" 400 0 "-" "-"
122.184.128.195 - - [14/Mar/2012:07:02:19 -0700] "-" 400 0 "-" "-"
122.184.128.195 - - [14/Mar/2012:07:02:19 -0700] "-" 400 0 "-" "-"
117.193.178.106 - - [14/Mar/2012:07:03:05 -0700] "-" 400 0 "-" "-"
117.193.178.106 - - [14/Mar/2012:07:05:05 -0700] "-" 400 0 "-" "-"
85.17.88.169 - - [14/Mar/2012:07:05:23 -0700] "POST /blog/wp-cron.php?doing_wp_cron=1331733816 HTTP/1.0" 499 0 "-" "WordPress/3.3.1; http://yuvi.in/blog"
208.92.218.130 - - [14/Mar/2012:07:05:23 -0700] "GET /blog/my-vimrc/feed/ HTTP/1.1" 304 0 "-" "BoardReader/1.0 (http://boardreader.com/info/robots.htm)-CommentCrawler5"
117.193.178.106 - - [14/Mar/2012:07:05:45 -0700] "-" 400 0 "-" "-"
117.193.178.106 - - [14/Mar/2012:07:05:45 -0700] "-" 400 0 "-" "-"
117.193.178.106 - - [14/Mar/2012:07:05:45 -0700] "-" 400 0 "-" "-"
117.193.178.106 - - [14/Mar/2012:07:05:45 -0700] "-" 400 0 "-" "-"
141.0.9.201 - - [14/Mar/2012:07:06:58 -0700] "-" 400 0 "-" "-"
85.17.88.169 - - [14/Mar/2012:07:09:03 -0700] "POST /blog/wp-cron.php?doing_wp_cron=1331734036 HTTP/1.0" 499 0 "-" "WordPress/3.3.1; http://yuvi.in/blog"
201.66.97.113 - - [14/Mar/2012:07:09:04 -0700] "GET /blog/ HTTP/1.1" 200 33071 "-" "Mozilla/5.0 (compatible; Googlebot/2.1; +http://www.google.com/bot.html)"
180.76.5.87 - - [14/Mar/2012:07:09:53 -0700] "GET /blog/about-me.html HTTP/1.1" 200 3001 "-" "Mozilla/5.0 (compatible; Baiduspider/2.0; +http://www.baidu.com/search/spider.html)"
85.17.88.169 - - [14/Mar/2012:07:12:34 -0700] "POST /blog/wp-cron.php?doing_wp_cron=1331734248 HTTP/1.0" 499 0 "-" "WordPress/3.3.1; http://yuvi.in/blog"
209.85.238.115 - - [14/Mar/2012:07:12:35 -0700] "GET /blog/feed/ HTTP/1.1" 304 0 "-" "Feedfetcher-Google; (+http://www.google.com/feedfetcher.html; 19 subscribers; feed-id=15064232456473204253)"
180.76.5.96 - - [14/Mar/2012:07:14:00 -0700] "GET /blog/3-hours-of-code-1-blog-post-per-day.html HTTP/1.1" 200 2297 "-" "Mozilla/5.0 (compatible; Baiduspider/2.0; +http://www.baidu.com/search/spider.html)"
207.46.204.215 - - [14/Mar/2012:07:14:47 -0700] "-" 400 0 "-" "-"
207.46.204.215 - - [14/Mar/2012:07:14:47 -0700] "-" 400 0 "-" "-"
207.46.204.215 - - [14/Mar/2012:07:14:47 -0700] "-" 400 0 "-" "-"
207.46.204.215 - - [14/Mar/2012:07:14:47 -0700] "-" 400 0 "-" "-"
207.46.204.215 - - [14/Mar/2012:07:14:47 -0700] "-" 400 0 "-" "-"
207.46.204.215 - - [14/Mar/2012:07:14:48 -0700] "-" 400 0 "-" "-"
207.46.204.215 - - [14/Mar/2012:07:14:48 -0700] "-" 400 0 "-" "-"
207.46.204.215 - - [14/Mar/2012:07:14:48 -0700] "-" 400 0 "-" "-"
207.46.204.215 - - [14/Mar/2012:07:14:48 -0700] "-" 400 0 "-" "-"
207.46.204.215 - - [14/Mar/2012:07:14:48 -0700] "-" 400 0 "-" "-"
66.249.68.52 - - [14/Mar/2012:07:15:05 -0700] "GET /s/ta/26hx/ HTTP/1.1" 302 337 "-" "Mozilla/5.0 (compatible; Googlebot/2.1; +http://www.google.com/bot.html)"
66.220.153.244 - - [14/Mar/2012:07:15:38 -0700] "GET /r/1br HTTP/1.1" 301 255 "-" "facebookexternalhit/1.1 (+http://www.facebook.com/externalhit_uatext.php)"
66.220.153.245 - - [14/Mar/2012:07:15:39 -0700] "GET /s/ta/1br/ HTTP/1.1" 302 361 "-" "facebookexternalhit/1.1 (+http://www.facebook.com/externalhit_uatext.php)"
115.242.167.225 - - [14/Mar/2012:07:16:07 -0700] "-" 400 0 "-" "-"
217.86.228.217 - - [14/Mar/2012:07:16:19 -0700] "GET /blog HTTP/1.1" 301 178 "http://www.google.com/url?sa=D&q=http://yuvi.in/blog&usg=AFQjCNGaZb2yGZ8WeTjsoeParpTcJNncwg" "Mozilla/5.0 (Windows NT 5.1; rv:10.0.2) Gecko/20100101 Firefox/10.0.2"
217.86.228.217 - - [14/Mar/2012:07:16:20 -0700] "GET /blog/ HTTP/1.1" 499 0 "http://www.google.com/url?sa=D&q=http://yuvi.in/blog&usg=AFQjCNGaZb2yGZ8WeTjsoeParpTcJNncwg" "Mozilla/5.0 (Windows NT 5.1; rv:10.0.2) Gecko/20100101 Firefox/10.0.2"
217.86.228.217 - - [14/Mar/2012:07:16:21 -0700] "GET /blog/ HTTP/1.1" 200 9192 "-" "Mozilla/5.0 (Windows NT 5.1; rv:10.0.2) Gecko/20100101 Firefox/10.0.2"
85.17.88.169 - - [14/Mar/2012:07:16:21 -0700] "POST /blog/wp-cron.php?doing_wp_cron=1331734474 HTTP/1.0" 499 0 "-" "WordPress/3.3.1; http://yuvi.in/blog"
217.86.228.217 - - [14/Mar/2012:07:16:22 -0700] "GET /blog/wp-content/themes/cleanr/js/jquery.dropdown.js?ver=3.3.1 HTTP/1.1" 200 535 "http://yuvi.in/blog/" "Mozilla/5.0 (Windows NT 5.1; rv:10.0.2) Gecko/20100101 Firefox/10.0.2"
217.86.228.217 - - [14/Mar/2012:07:16:22 -0700] "GET /blog/wp-content/themes/cleanr/style.css HTTP/1.1" 200 10508 "http://yuvi.in/blog/" "Mozilla/5.0 (Windows NT 5.1; rv:10.0.2) Gecko/20100101 Firefox/10.0.2"
217.86.228.217 - - [14/Mar/2012:07:16:22 -0700] "GET /blog/wp-content/themes/cleanr/css/text.css HTTP/1.1" 200 420 "http://yuvi.in/blog/wp-content/themes/cleanr/style.css" "Mozilla/5.0 (Windows NT 5.1; rv:10.0.2) Gecko/20100101 Firefox/10.0.2"
217.86.228.217 - - [14/Mar/2012:07:16:22 -0700] "GET /blog/wp-content/themes/cleanr/css/reset.css HTTP/1.1" 200 648 "http://yuvi.in/blog/wp-content/themes/cleanr/style.css" "Mozilla/5.0 (Windows NT 5.1; rv:10.0.2) Gecko/20100101 Firefox/10.0.2"
217.86.228.217 - - [14/Mar/2012:07:16:22 -0700] "GET /blog/wp-content/themes/cleanr/css/960.css HTTP/1.1" 200 3628 "http://yuvi.in/blog/wp-content/themes/cleanr/style.css" "Mozilla/5.0 (Windows NT 5.1; rv:10.0.2) Gecko/20100101 Firefox/10.0.2"
217.86.228.217 - - [14/Mar/2012:07:16:23 -0700] "GET /blog/wp-includes/js/jquery/jquery.js?ver=1.7.1 HTTP/1.1" 200 93889 "http://yuvi.in/blog/" "Mozilla/5.0 (Windows NT 5.1; rv:10.0.2) Gecko/20100101 Firefox/10.0.2"
217.86.228.217 - - [14/Mar/2012:07:16:24 -0700] "GET /blog/wp-content/themes/cleanr/images/search_magnifier.gif HTTP/1.1" 200 394 "http://yuvi.in/blog/" "Mozilla/5.0 (Windows NT 5.1; rv:10.0.2) Gecko/20100101 Firefox/10.0.2"
217.86.228.217 - - [14/Mar/2012:07:16:25 -0700] "GET /favicon.ico HTTP/1.1" 404 142 "-" "Mozilla/5.0 (Windows NT 5.1; rv:10.0.2) Gecko/20100101 Firefox/10.0.2"
217.86.228.217 - - [14/Mar/2012:07:16:25 -0700] "GET /favicon.ico HTTP/1.1" 404 142 "-" "Mozilla/5.0 (Windows NT 5.1; rv:10.0.2) Gecko/20100101 Firefox/10.0.2"
115.242.167.225 - - [14/Mar/2012:07:16:47 -0700] "-" 400 0 "-" "-"
115.242.167.225 - - [14/Mar/2012:07:18:17 -0700] "-" 400 0 "-" "-"
115.242.167.225 - - [14/Mar/2012:07:18:17 -0700] "-" 400 0 "-" "-"
115.242.167.225 - - [14/Mar/2012:07:18:17 -0700] "-" 400 0 "-" "-"
115.242.167.225 - - [14/Mar/2012:07:18:17 -0700] "-" 400 0 "-" "-"
115.242.167.225 - - [14/Mar/2012:07:18:17 -0700] "-" 400 0 "-" "-"
130.83.167.153 - - [14/Mar/2012:07:18:21 -0700] "GET /stories/it-s-never-over.html HTTP/1.1" 200 3634 "-" "findlinks/2.1.5 (+http://wortschatz.uni-leipzig.de/findlinks/)"
223.236.38.229 - - [14/Mar/2012:07:18:33 -0700] "GET /r/d89 HTTP/1.1" 301 255 "http://ta.wikipedia.org/wiki/%E0%AE%9A%E0%AF%86%E0%AE%99%E0%AF%8D%E0%AE%95%E0%AE%BF%E0%AE%B8%E0%AF%8D_%E0%AE%95%E0%AE%BE%E0%AE%A9%E0%AF%8D" "Mozilla/5.0 (Windows NT 6.1) AppleWebKit/535.2 (KHTML, like Gecko) Chrome/15.0.874.121 Safari/535.2"
223.236.38.229 - - [14/Mar/2012:07:18:39 -0700] "GET /s/ta/d89/ HTTP/1.1" 302 413 "http://ta.wikipedia.org/wiki/%E0%AE%9A%E0%AF%86%E0%AE%99%E0%AF%8D%E0%AE%95%E0%AE%BF%E0%AE%B8%E0%AF%8D_%E0%AE%95%E0%AE%BE%E0%AE%A9%E0%AF%8D" "Mozilla/5.0 (Windows NT 6.1) AppleWebKit/535.2 (KHTML, like Gecko) Chrome/15.0.874.121 Safari/535.2"
115.242.167.225 - - [14/Mar/2012:07:18:47 -0700] "-" 400 0 "-" "-"
122.174.23.33 - - [14/Mar/2012:07:19:27 -0700] "-" 400 0 "-" "-"
122.174.23.33 - - [14/Mar/2012:07:19:28 -0700] "-" 400 0 "-" "-"
122.174.23.33 - - [14/Mar/2012:07:19:31 -0700] "-" 400 0 "-" "-"
85.17.88.169 - - [14/Mar/2012:07:20:16 -0700] "POST /blog/wp-cron.php?doing_wp_cron=1331734710 HTTP/1.0" 499 0 "-" "WordPress/3.3.1; http://yuvi.in/blog"
209.85.238.115 - - [14/Mar/2012:07:20:16 -0700] "GET /blog/feed HTTP/1.1" 301 0 "-" "Feedfetcher-Google; (+http://www.google.com/feedfetcher.html; 3 subscribers; feed-id=17684830852112633560)"
85.17.88.169 - - [14/Mar/2012:07:20:18 -0700] "POST /blog/wp-cron.php?doing_wp_cron=1331734712 HTTP/1.0" 499 0 "-" "WordPress/3.3.1; http://yuvi.in/blog"
122.174.23.33 - - [14/Mar/2012:07:20:19 -0700] "-" 400 0 "-" "-"
209.85.238.115 - - [14/Mar/2012:07:20:19 -0700] "GET /blog/feed/ HTTP/1.1" 304 0 "-" "Feedfetcher-Google; (+http://www.google.com/feedfetcher.html; 3 subscribers; feed-id=17684830852112633560)"
122.174.23.33 - - [14/Mar/2012:07:20:21 -0700] "-" 400 0 "-" "-"
122.174.23.33 - - [14/Mar/2012:07:20:22 -0700] "-" 400 0 "-" "-"
66.249.67.123 - - [14/Mar/2012:07:21:30 -0700] "GET /blog/cheese-2-31-1-released.html HTTP/1.1" 200 4393 "-" "Mozilla/5.0 (compatible; Googlebot/2.1; +http://www.google.com/bot.html)"
115.184.156.86 - - [14/Mar/2012:07:21:43 -0700] "-" 400 0 "-" "-"
66.249.68.52 - - [14/Mar/2012:07:26:12 -0700] "GET /s/ta/2rep/ HTTP/1.1" 302 683 "-" "Mozilla/5.0 (compatible; Googlebot/2.1; +http://www.google.com/bot.html)"
209.85.224.97 - - [14/Mar/2012:07:26:50 -0700] "GET /blog/feed HTTP/1.1" 304 0 "-" "FeedBurner/1.0 (http://www.FeedBurner.com)"
67.215.230.28 - - [14/Mar/2012:07:26:54 -0700] "GET /robots.txt HTTP/1.0" 404 169 "-" "Setooz/Nutch-1.2 (http://www.setooz.com)"
67.215.230.28 - - [14/Mar/2012:07:26:54 -0700] "GET /stories HTTP/1.0" 301 185 "-" "Setooz/Nutch-1.2 (http://www.setooz.com)"
67.215.230.26 - - [14/Mar/2012:07:26:59 -0700] "GET /robots.txt HTTP/1.0" 404 169 "-" "Setooz/Nutch-1.2 (http://www.setooz.com)"
67.215.230.26 - - [14/Mar/2012:07:26:59 -0700] "GET / HTTP/1.0" 200 3439 "-" "Setooz/Nutch-1.2 (http://www.setooz.com)"
219.91.239.178 - - [14/Mar/2012:07:27:32 -0700] "-" 400 0 "-" "-"
59.177.40.39 - - [14/Mar/2012:07:27:33 -0700] "-" 400 0 "-" "-"
59.177.40.39 - - [14/Mar/2012:07:27:53 -0700] "-" 400 0 "-" "-"
66.249.68.52 - - [14/Mar/2012:07:28:59 -0700] "GET /s/ta/hjr/ HTTP/1.1" 302 585 "-" "Mozilla/5.0 (compatible; Googlebot/2.1; +http://www.google.com/bot.html)"
85.17.88.169 - - [14/Mar/2012:07:29:12 -0700] "POST /blog/wp-cron.php?doing_wp_cron=1331735245 HTTP/1.0" 499 0 "-" "WordPress/3.3.1; http://yuvi.in/blog"
199.180.253.234 - - [14/Mar/2012:07:29:13 -0700] "GET /blog/feed/atom/ HTTP/1.1" 304 0 "-" "Opera/9.25 (Windows NT 6.0; U; en)"
66.249.68.52 - - [14/Mar/2012:07:31:47 -0700] "GET /s/ta/hii/ HTTP/1.1" 302 497 "-" "Mozilla/5.0 (compatible; Googlebot/2.1; +http://www.google.com/bot.html)"
14.99.205.48 - - [14/Mar/2012:07:32:46 -0700] "GET /POSM/ HTTP/1.1" 200 1963 "-" "Mozilla/5.0 (iPhone Simulator; CPU iPhone OS 5_0 like Mac OS X) AppleWebKit/534.46 (KHTML, like Gecko) Version/5.1 Mobile/9A334 Safari/7534.48.3"
14.99.205.48 - - [14/Mar/2012:07:32:47 -0700] "GET /POSM/lib/phonegap.js HTTP/1.1" 304 0 "http://yuvi.in/POSM/" "Mozilla/5.0 (iPhone Simulator; CPU iPhone OS 5_0 like Mac OS X) AppleWebKit/534.46 (KHTML, like Gecko) Version/5.1 Mobile/9A334 Safari/7534.48.3"
14.99.205.48 - - [14/Mar/2012:07:32:47 -0700] "GET /POSM/creds.js HTTP/1.1" 200 89 "http://yuvi.in/POSM/" "Mozilla/5.0 (iPhone Simulator; CPU iPhone OS 5_0 like Mac OS X) AppleWebKit/534.46 (KHTML, like Gecko) Version/5.1 Mobile/9A334 Safari/7534.48.3"
14.99.205.48 - - [14/Mar/2012:07:32:47 -0700] "GET /POSM/style.css HTTP/1.1" 200 1499 "http://yuvi.in/POSM/" "Mozilla/5.0 (iPhone Simulator; CPU iPhone OS 5_0 like Mac OS X) AppleWebKit/534.46 (KHTML, like Gecko) Version/5.1 Mobile/9A334 Safari/7534.48.3"
14.99.205.48 - - [14/Mar/2012:07:32:47 -0700] "GET /POSM/lib/leaflet/leaflet.css HTTP/1.1" 304 0 "http://yuvi.in/POSM/" "Mozilla/5.0 (iPhone Simulator; CPU iPhone OS 5_0 like Mac OS X) AppleWebKit/534.46 (KHTML, like Gecko) Version/5.1 Mobile/9A334 Safari/7534.48.3"
14.99.205.48 - - [14/Mar/2012:07:32:48 -0700] "GET /POSM/lib/jquery.timeago.js HTTP/1.1" 200 4491 "http://yuvi.in/POSM/" "Mozilla/5.0 (iPhone Simulator; CPU iPhone OS 5_0 like Mac OS X) AppleWebKit/534.46 (KHTML, like Gecko) Version/5.1 Mobile/9A334 Safari/7534.48.3"
14.99.205.48 - - [14/Mar/2012:07:32:48 -0700] "GET /POSM/lib/jquery.mobile.structure-1.0.1.css HTTP/1.1" 200 32452 "http://yuvi.in/POSM/" "Mozilla/5.0 (iPhone Simulator; CPU iPhone OS 5_0 like Mac OS X) AppleWebKit/534.46 (KHTML, like Gecko) Version/5.1 Mobile/9A334 Safari/7534.48.3"
14.99.205.48 - - [14/Mar/2012:07:32:49 -0700] "GET /POSM/js/curpos.js HTTP/1.1" 200 1793 "http://yuvi.in/POSM/" "Mozilla/5.0 (iPhone Simulator; CPU iPhone OS 5_0 like Mac OS X) AppleWebKit/534.46 (KHTML, like Gecko) Version/5.1 Mobile/9A334 Safari/7534.48.3"
14.99.205.48 - - [14/Mar/2012:07:32:49 -0700] "GET /POSM/js/poi.js HTTP/1.1" 200 2031 "http://yuvi.in/POSM/" "Mozilla/5.0 (iPhone Simulator; CPU iPhone OS 5_0 like Mac OS X) AppleWebKit/534.46 (KHTML, like Gecko) Version/5.1 Mobile/9A334 Safari/7534.48.3"
14.99.205.48 - - [14/Mar/2012:07:32:49 -0700] "GET /POSM/lib/jquery.mobile-1.0.1.css HTTP/1.1" 200 83437 "http://yuvi.in/POSM/" "Mozilla/5.0 (iPhone Simulator; CPU iPhone OS 5_0 like Mac OS X) AppleWebKit/534.46 (KHTML, like Gecko) Version/5.1 Mobile/9A334 Safari/7534.48.3"
14.99.205.48 - - [14/Mar/2012:07:32:50 -0700] "GET /POSM/lib/templates.js HTTP/1.1" 304 0 "http://yuvi.in/POSM/" "Mozilla/5.0 (iPhone Simulator; CPU iPhone OS 5_0 like Mac OS X) AppleWebKit/534.46 (KHTML, like Gecko) Version/5.1 Mobile/9A334 Safari/7534.48.3"
14.99.205.48 - - [14/Mar/2012:07:32:50 -0700] "GET /POSM/js/tapbar.js HTTP/1.1" 200 881 "http://yuvi.in/POSM/" "Mozilla/5.0 (iPhone Simulator; CPU iPhone OS 5_0 like Mac OS X) AppleWebKit/534.46 (KHTML, like Gecko) Version/5.1 Mobile/9A334 Safari/7534.48.3"
14.99.205.48 - - [14/Mar/2012:07:32:50 -0700] "GET /POSM/lib/TileLayer.Bing.js HTTP/1.1" 200 5317 "http://yuvi.in/POSM/" "Mozilla/5.0 (iPhone Simulator; CPU iPhone OS 5_0 like Mac OS X) AppleWebKit/534.46 (KHTML, like Gecko) Version/5.1 Mobile/9A334 Safari/7534.48.3"
14.99.205.48 - - [14/Mar/2012:07:32:50 -0700] "GET /POSM/js/changesets.js HTTP/1.1" 304 0 "http://yuvi.in/POSM/" "Mozilla/5.0 (iPhone Simulator; CPU iPhone OS 5_0 like Mac OS X) AppleWebKit/534.46 (KHTML, like Gecko) Version/5.1 Mobile/9A334 Safari/7534.48.3"
14.99.205.48 - - [14/Mar/2012:07:32:51 -0700] "GET /POSM/js/main.js HTTP/1.1" 200 8948 "http://yuvi.in/POSM/" "Mozilla/5.0 (iPhone Simulator; CPU iPhone OS 5_0 like Mac OS X) AppleWebKit/534.46 (KHTML, like Gecko) Version/5.1 Mobile/9A334 Safari/7534.48.3"
14.99.205.48 - - [14/Mar/2012:07:32:51 -0700] "GET /POSM/lib/jquery-1.7.1.min.js HTTP/1.1" 200 93868 "http://yuvi.in/POSM/" "Mozilla/5.0 (iPhone Simulator; CPU iPhone OS 5_0 like Mac OS X) AppleWebKit/534.46 (KHTML, like Gecko) Version/5.1 Mobile/9A334 Safari/7534.48.3"
14.99.205.48 - - [14/Mar/2012:07:32:51 -0700] "GET /POSM/js/poimanager.js HTTP/1.1" 200 9309 "http://yuvi.in/POSM/" "Mozilla/5.0 (iPhone Simulator; CPU iPhone OS 5_0 like Mac OS X) AppleWebKit/534.46 (KHTML, like Gecko) Version/5.1 Mobile/9A334 Safari/7534.48.3"
14.99.205.48 - - [14/Mar/2012:07:32:51 -0700] "GET /POSM/zoomData.js HTTP/1.1" 200 1573 "http://yuvi.in/POSM/" "Mozilla/5.0 (iPhone Simulator; CPU iPhone OS 5_0 like Mac OS X) AppleWebKit/534.46 (KHTML, like Gecko) Version/5.1 Mobile/9A334 Safari/7534.48.3"
14.99.205.48 - - [14/Mar/2012:07:32:52 -0700] "GET /POSM/lib/underscore.js HTTP/1.1" 200 35168 "http://yuvi.in/POSM/" "Mozilla/5.0 (iPhone Simulator; CPU iPhone OS 5_0 like Mac OS X) AppleWebKit/534.46 (KHTML, like Gecko) Version/5.1 Mobile/9A334 Safari/7534.48.3"
14.99.205.48 - - [14/Mar/2012:07:32:52 -0700] "GET /POSM/img/preferences.png HTTP/1.1" 200 748 "http://yuvi.in/POSM/" "Mozilla/5.0 (iPhone Simulator; CPU iPhone OS 5_0 like Mac OS X) AppleWebKit/534.46 (KHTML, like Gecko) Version/5.1 Mobile/9A334 Safari/7534.48.3"
14.99.205.48 - - [14/Mar/2012:07:32:52 -0700] "GET /POSM/img/save.png HTTP/1.1" 404 142 "http://yuvi.in/POSM/" "Mozilla/5.0 (iPhone Simulator; CPU iPhone OS 5_0 like Mac OS X) AppleWebKit/534.46 (KHTML, like Gecko) Version/5.1 Mobile/9A334 Safari/7534.48.3"
14.99.205.48 - - [14/Mar/2012:07:32:52 -0700] "GET /POSM/img/refresh.png HTTP/1.1" 200 868 "http://yuvi.in/POSM/" "Mozilla/5.0 (iPhone Simulator; CPU iPhone OS 5_0 like Mac OS X) AppleWebKit/534.46 (KHTML, like Gecko) Version/5.1 Mobile/9A334 Safari/7534.48.3"
14.99.205.48 - - [14/Mar/2012:07:32:52 -0700] "GET /POSM/img/mylocation.png HTTP/1.1" 200 803 "http://yuvi.in/POSM/" "Mozilla/5.0 (iPhone Simulator; CPU iPhone OS 5_0 like Mac OS X) AppleWebKit/534.46 (KHTML, like Gecko) Version/5.1 Mobile/9A334 Safari/7534.48.3"
14.99.205.48 - - [14/Mar/2012:07:32:52 -0700] "GET /POSM/img/back.png HTTP/1.1" 200 420 "http://yuvi.in/POSM/" "Mozilla/5.0 (iPhone Simulator; CPU iPhone OS 5_0 like Mac OS X) AppleWebKit/534.46 (KHTML, like Gecko) Version/5.1 Mobile/9A334 Safari/7534.48.3"
14.99.205.48 - - [14/Mar/2012:07:32:52 -0700] "GET /POSM/lib/leaflet/leaflet-src.js HTTP/1.1" 200 133300 "http://yuvi.in/POSM/" "Mozilla/5.0 (iPhone Simulator; CPU iPhone OS 5_0 like Mac OS X) AppleWebKit/534.46 (KHTML, like Gecko) Version/5.1 Mobile/9A334 Safari/7534.48.3"
14.99.205.48 - - [14/Mar/2012:07:32:52 -0700] "GET /POSM/img/mapmode.png HTTP/1.1" 200 1168 "http://yuvi.in/POSM/" "Mozilla/5.0 (iPhone Simulator; CPU iPhone OS 5_0 like Mac OS X) AppleWebKit/534.46 (KHTML, like Gecko) Version/5.1 Mobile/9A334 Safari/7534.48.3"
14.99.205.48 - - [14/Mar/2012:07:32:53 -0700] "GET /POSM/lib/jquery.mobile-1.0.1.js HTTP/1.1" 200 221124 "http://yuvi.in/POSM/" "Mozilla/5.0 (iPhone Simulator; CPU iPhone OS 5_0 like Mac OS X) AppleWebKit/534.46 (KHTML, like Gecko) Version/5.1 Mobile/9A334 Safari/7534.48.3"
14.99.205.48 - - [14/Mar/2012:07:32:53 -0700] "GET /POSM/img/save.png HTTP/1.1" 404 142 "http://yuvi.in/POSM/" "Mozilla/5.0 (iPhone Simulator; CPU iPhone OS 5_0 like Mac OS X) AppleWebKit/534.46 (KHTML, like Gecko) Version/5.1 Mobile/9A334 Safari/7534.48.3"
14.99.205.48 - - [14/Mar/2012:07:32:53 -0700] "GET /POSM/lib/images/ajax-loader.png HTTP/1.1" 304 0 "http://yuvi.in/POSM/" "Mozilla/5.0 (iPhone Simulator; CPU iPhone OS 5_0 like Mac OS X) AppleWebKit/534.46 (KHTML, like Gecko) Version/5.1 Mobile/9A334 Safari/7534.48.3"
14.99.205.48 - - [14/Mar/2012:07:32:54 -0700] "GET /POSM/lib/leaflet/images/zoom-out.png HTTP/1.1" 304 0 "http://yuvi.in/POSM/" "Mozilla/5.0 (iPhone Simulator; CPU iPhone OS 5_0 like Mac OS X) AppleWebKit/534.46 (KHTML, like Gecko) Version/5.1 Mobile/9A334 Safari/7534.48.3"
14.99.205.48 - - [14/Mar/2012:07:32:54 -0700] "GET /POSM/lib/leaflet/images/zoom-in.png HTTP/1.1" 304 0 "http://yuvi.in/POSM/" "Mozilla/5.0 (iPhone Simulator; CPU iPhone OS 5_0 like Mac OS X) AppleWebKit/534.46 (KHTML, like Gecko) Version/5.1 Mobile/9A334 Safari/7534.48.3"
14.99.205.48 - - [14/Mar/2012:07:33:07 -0700] "GET /POSM/img/curpos.png HTTP/1.1" 304 0 "http://yuvi.in/POSM/" "Mozilla/5.0 (iPhone Simulator; CPU iPhone OS 5_0 like Mac OS X) AppleWebKit/534.46 (KHTML, like Gecko) Version/5.1 Mobile/9A334 Safari/7534.48.3"
14.99.205.48 - - [14/Mar/2012:07:33:09 -0700] "GET /overpass?data=%0A++++%0A++++++++node(37.78502894901505%2C+-122.40727543830872%2C+37.78663997214301%2C+-122.40555882453917)%3B%0A++++%0A++++out+meta%3B%0A HTTP/1.1" 200 18933 "http://yuvi.in/POSM/" "Mozilla/5.0 (iPhone Simulator; CPU iPhone OS 5_0 like Mac OS X) AppleWebKit/534.46 (KHTML, like Gecko) Version/5.1 Mobile/9A334 Safari/7534.48.3"
14.99.205.48 - - [14/Mar/2012:07:33:09 -0700] "GET /overpass?data=%0A++++%0A++++++++node(37.78502894901505%2C+-122.40727543830872%2C+37.78663997214301%2C+-122.40555882453917)%3B%0A++++%0A++++out+meta%3B%0A HTTP/1.1" 200 18939 "http://yuvi.in/POSM/" "Mozilla/5.0 (iPhone Simulator; CPU iPhone OS 5_0 like Mac OS X) AppleWebKit/534.46 (KHTML, like Gecko) Version/5.1 Mobile/9A334 Safari/7534.48.3"
14.99.205.48 - - [14/Mar/2012:07:33:10 -0700] "GET /POSM/lib/leaflet/images/marker-shadow.png HTTP/1.1" 304 0 "http://yuvi.in/POSM/" "Mozilla/5.0 (iPhone Simulator; CPU iPhone OS 5_0 like Mac OS X) AppleWebKit/534.46 (KHTML, like Gecko) Version/5.1 Mobile/9A334 Safari/7534.48.3"
14.99.205.48 - - [14/Mar/2012:07:33:10 -0700] "GET /POSM/lib/leaflet/images/marker.png HTTP/1.1" 304 0 "http://yuvi.in/POSM/" "Mozilla/5.0 (iPhone Simulator; CPU iPhone OS 5_0 like Mac OS X) AppleWebKit/534.46 (KHTML, like Gecko) Version/5.1 Mobile/9A334 Safari/7534.48.3"
14.99.205.48 - - [14/Mar/2012:07:33:17 -0700] "GET /apple-touch-icon-57x57-precomposed.png HTTP/1.1" 404 142 "-" "MobileSafari/7534.48.3 CFNetwork/548.0.3 Darwin/11.3.0"
14.99.205.48 - - [14/Mar/2012:07:33:18 -0700] "GET /apple-touch-icon-57x57.png HTTP/1.1" 404 142 "-" "MobileSafari/7534.48.3 CFNetwork/548.0.3 Darwin/11.3.0"
14.99.205.48 - - [14/Mar/2012:07:33:18 -0700] "GET /apple-touch-icon-precomposed.png HTTP/1.1" 404 142 "-" "MobileSafari/7534.48.3 CFNetwork/548.0.3 Darwin/11.3.0"
14.99.205.48 - - [14/Mar/2012:07:33:19 -0700] "GET /apple-touch-icon.png HTTP/1.1" 404 142 "-" "MobileSafari/7534.48.3 CFNetwork/548.0.3 Darwin/11.3.0"
14.99.205.48 - - [14/Mar/2012:07:33:27 -0700] "GET /POSM/ HTTP/1.1" 200 1963 "-" "Mozilla/5.0 (iPhone Simulator; CPU iPhone OS 5_0 like Mac OS X) AppleWebKit/534.46 (KHTML, like Gecko) Mobile/9A334"
14.99.205.48 - - [14/Mar/2012:07:33:27 -0700] "GET /POSM/creds.js HTTP/1.1" 200 89 "http://yuvi.in/POSM/" "Mozilla/5.0 (iPhone Simulator; CPU iPhone OS 5_0 like Mac OS X) AppleWebKit/534.46 (KHTML, like Gecko) Mobile/9A334"
14.99.205.48 - - [14/Mar/2012:07:33:28 -0700] "GET /POSM/lib/leaflet/leaflet.css HTTP/1.1" 200 6437 "http://yuvi.in/POSM/" "Mozilla/5.0 (iPhone Simulator; CPU iPhone OS 5_0 like Mac OS X) AppleWebKit/534.46 (KHTML, like Gecko) Mobile/9A334"
14.99.205.48 - - [14/Mar/2012:07:33:28 -0700] "GET /POSM/lib/jquery.mobile.structure-1.0.1.css HTTP/1.1" 200 32452 "http://yuvi.in/POSM/" "Mozilla/5.0 (iPhone Simulator; CPU iPhone OS 5_0 like Mac OS X) AppleWebKit/534.46 (KHTML, like Gecko) Mobile/9A334"
14.99.205.48 - - [14/Mar/2012:07:33:28 -0700] "GET /POSM/style.css HTTP/1.1" 200 1499 "http://yuvi.in/POSM/" "Mozilla/5.0 (iPhone Simulator; CPU iPhone OS 5_0 like Mac OS X) AppleWebKit/534.46 (KHTML, like Gecko) Mobile/9A334"
14.99.205.48 - - [14/Mar/2012:07:33:29 -0700] "GET /POSM/lib/jquery.mobile-1.0.1.css HTTP/1.1" 200 83437 "http://yuvi.in/POSM/" "Mozilla/5.0 (iPhone Simulator; CPU iPhone OS 5_0 like Mac OS X) AppleWebKit/534.46 (KHTML, like Gecko) Mobile/9A334"
14.99.205.48 - - [14/Mar/2012:07:33:30 -0700] "GET /POSM/lib/underscore.js HTTP/1.1" 200 35168 "http://yuvi.in/POSM/" "Mozilla/5.0 (iPhone Simulator; CPU iPhone OS 5_0 like Mac OS X) AppleWebKit/534.46 (KHTML, like Gecko) Mobile/9A334"
14.99.205.48 - - [14/Mar/2012:07:33:30 -0700] "GET /POSM/lib/jquery.timeago.js HTTP/1.1" 200 4491 "http://yuvi.in/POSM/" "Mozilla/5.0 (iPhone Simulator; CPU iPhone OS 5_0 like Mac OS X) AppleWebKit/534.46 (KHTML, like Gecko) Mobile/9A334"
14.99.205.48 - - [14/Mar/2012:07:33:30 -0700] "GET /POSM/lib/templates.js HTTP/1.1" 200 426 "http://yuvi.in/POSM/" "Mozilla/5.0 (iPhone Simulator; CPU iPhone OS 5_0 like Mac OS X) AppleWebKit/534.46 (KHTML, like Gecko) Mobile/9A334"
14.99.205.48 - - [14/Mar/2012:07:33:31 -0700] "GET /POSM/lib/jquery-1.7.1.min.js HTTP/1.1" 200 93868 "http://yuvi.in/POSM/" "Mozilla/5.0 (iPhone Simulator; CPU iPhone OS 5_0 like Mac OS X) AppleWebKit/534.46 (KHTML, like Gecko) Mobile/9A334"
14.99.205.48 - - [14/Mar/2012:07:33:31 -0700] "GET /POSM/js/tapbar.js HTTP/1.1" 200 881 "http://yuvi.in/POSM/" "Mozilla/5.0 (iPhone Simulator; CPU iPhone OS 5_0 like Mac OS X) AppleWebKit/534.46 (KHTML, like Gecko) Mobile/9A334"
14.99.205.48 - - [14/Mar/2012:07:33:31 -0700] "GET /POSM/js/poimanager.js HTTP/1.1" 200 9309 "http://yuvi.in/POSM/" "Mozilla/5.0 (iPhone Simulator; CPU iPhone OS 5_0 like Mac OS X) AppleWebKit/534.46 (KHTML, like Gecko) Mobile/9A334"
14.99.205.48 - - [14/Mar/2012:07:33:31 -0700] "GET /POSM/js/poi.js HTTP/1.1" 304 0 "http://yuvi.in/POSM/" "Mozilla/5.0 (iPhone Simulator; CPU iPhone OS 5_0 like Mac OS X) AppleWebKit/534.46 (KHTML, like Gecko) Mobile/9A334"
14.99.205.48 - - [14/Mar/2012:07:33:31 -0700] "GET /POSM/lib/TileLayer.Bing.js HTTP/1.1" 200 5317 "http://yuvi.in/POSM/" "Mozilla/5.0 (iPhone Simulator; CPU iPhone OS 5_0 like Mac OS X) AppleWebKit/534.46 (KHTML, like Gecko) Mobile/9A334"
14.99.205.48 - - [14/Mar/2012:07:33:31 -0700] "GET /POSM/js/curpos.js HTTP/1.1" 200 1793 "http://yuvi.in/POSM/" "Mozilla/5.0 (iPhone Simulator; CPU iPhone OS 5_0 like Mac OS X) AppleWebKit/534.46 (KHTML, like Gecko) Mobile/9A334"
14.99.205.48 - - [14/Mar/2012:07:33:31 -0700] "GET /POSM/zoomData.js HTTP/1.1" 200 1573 "http://yuvi.in/POSM/" "Mozilla/5.0 (iPhone Simulator; CPU iPhone OS 5_0 like Mac OS X) AppleWebKit/534.46 (KHTML, like Gecko) Mobile/9A334"
14.99.205.48 - - [14/Mar/2012:07:33:32 -0700] "GET /POSM/js/changesets.js HTTP/1.1" 200 1226 "http://yuvi.in/POSM/" "Mozilla/5.0 (iPhone Simulator; CPU iPhone OS 5_0 like Mac OS X) AppleWebKit/534.46 (KHTML, like Gecko) Mobile/9A334"
14.99.205.48 - - [14/Mar/2012:07:33:32 -0700] "GET /POSM/js/main.js HTTP/1.1" 200 8948 "http://yuvi.in/POSM/" "Mozilla/5.0 (iPhone Simulator; CPU iPhone OS 5_0 like Mac OS X) AppleWebKit/534.46 (KHTML, like Gecko) Mobile/9A334"
14.99.205.48 - - [14/Mar/2012:07:33:33 -0700] "GET /POSM/lib/jquery.mobile-1.0.1.js HTTP/1.1" 200 221124 "http://yuvi.in/POSM/" "Mozilla/5.0 (iPhone Simulator; CPU iPhone OS 5_0 like Mac OS X) AppleWebKit/534.46 (KHTML, like Gecko) Mobile/9A334"
14.99.205.48 - - [14/Mar/2012:07:33:35 -0700] "GET /POSM/lib/leaflet/leaflet-src.js HTTP/1.1" 200 133300 "http://yuvi.in/POSM/" "Mozilla/5.0 (iPhone Simulator; CPU iPhone OS 5_0 like Mac OS X) AppleWebKit/534.46 (KHTML, like Gecko) Mobile/9A334"
14.99.205.48 - - [14/Mar/2012:07:33:36 -0700] "GET /POSM/img/mapmode.png HTTP/1.1" 200 1168 "http://yuvi.in/POSM/" "Mozilla/5.0 (iPhone Simulator; CPU iPhone OS 5_0 like Mac OS X) AppleWebKit/534.46 (KHTML, like Gecko) Mobile/9A334"
14.99.205.48 - - [14/Mar/2012:07:33:36 -0700] "GET /POSM/img/preferences.png HTTP/1.1" 200 748 "http://yuvi.in/POSM/" "Mozilla/5.0 (iPhone Simulator; CPU iPhone OS 5_0 like Mac OS X) AppleWebKit/534.46 (KHTML, like Gecko) Mobile/9A334"
14.99.205.48 - - [14/Mar/2012:07:33:36 -0700] "GET /POSM/img/mylocation.png HTTP/1.1" 200 803 "http://yuvi.in/POSM/" "Mozilla/5.0 (iPhone Simulator; CPU iPhone OS 5_0 like Mac OS X) AppleWebKit/534.46 (KHTML, like Gecko) Mobile/9A334"
14.99.205.48 - - [14/Mar/2012:07:33:36 -0700] "GET /POSM/img/back.png HTTP/1.1" 200 420 "http://yuvi.in/POSM/" "Mozilla/5.0 (iPhone Simulator; CPU iPhone OS 5_0 like Mac OS X) AppleWebKit/534.46 (KHTML, like Gecko) Mobile/9A334"
14.99.205.48 - - [14/Mar/2012:07:33:36 -0700] "GET /POSM/img/refresh.png HTTP/1.1" 200 868 "http://yuvi.in/POSM/" "Mozilla/5.0 (iPhone Simulator; CPU iPhone OS 5_0 like Mac OS X) AppleWebKit/534.46 (KHTML, like Gecko) Mobile/9A334"
14.99.205.48 - - [14/Mar/2012:07:33:36 -0700] "GET /POSM/img/save.png HTTP/1.1" 404 142 "http://yuvi.in/POSM/" "Mozilla/5.0 (iPhone Simulator; CPU iPhone OS 5_0 like Mac OS X) AppleWebKit/534.46 (KHTML, like Gecko) Mobile/9A334"
14.99.205.48 - - [14/Mar/2012:07:33:42 -0700] "GET /overpass?data=%0A++++%0A++++++++node(37.78502894901505%2C+-122.40727543830872%2C+37.78663997214301%2C+-122.40555882453917)%3B%0A++++%0A++++out+meta%3B%0A HTTP/1.1" 200 18932 "http://yuvi.in/POSM/" "Mozilla/5.0 (iPhone Simulator; CPU iPhone OS 5_0 like Mac OS X) AppleWebKit/534.46 (KHTML, like Gecko) Mobile/9A334"
14.99.205.48 - - [14/Mar/2012:07:33:42 -0700] "GET /overpass?data=%0A++++%0A++++++++node(37.78502894901505%2C+-122.40727543830872%2C+37.78663997214301%2C+-122.40555882453917)%3B%0A++++%0A++++out+meta%3B%0A HTTP/1.1" 200 18932 "http://yuvi.in/POSM/" "Mozilla/5.0 (iPhone Simulator; CPU iPhone OS 5_0 like Mac OS X) AppleWebKit/534.46 (KHTML, like Gecko) Mobile/9A334"
14.99.205.48 - - [14/Mar/2012:07:33:43 -0700] "GET /apple-touch-icon-57x57-precomposed.png HTTP/1.1" 404 142 "-" "Web/1.0 CFNetwork/548.0.3 Darwin/11.3.0"
14.99.205.48 - - [14/Mar/2012:07:33:43 -0700] "GET /apple-touch-icon-57x57.png HTTP/1.1" 404 142 "-" "Web/1.0 CFNetwork/548.0.3 Darwin/11.3.0"
14.99.205.48 - - [14/Mar/2012:07:33:44 -0700] "GET /apple-touch-icon-precomposed.png HTTP/1.1" 404 142 "-" "Web/1.0 CFNetwork/548.0.3 Darwin/11.3.0"
14.99.205.48 - - [14/Mar/2012:07:33:44 -0700] "GET /apple-touch-icon.png HTTP/1.1" 404 142 "-" "Web/1.0 CFNetwork/548.0.3 Darwin/11.3.0"
14.99.205.48 - - [14/Mar/2012:07:33:55 -0700] "GET /overpass?data=%0A++++%0A++++++++node(37.78546986409845%2C+-122.40670680999756%2C+37.787080877614905%2C+-122.40499019622801)%3B%0A++++%0A++++out+meta%3B%0A HTTP/1.1" 200 21816 "http://yuvi.in/POSM/" "Mozilla/5.0 (iPhone Simulator; CPU iPhone OS 5_0 like Mac OS X) AppleWebKit/534.46 (KHTML, like Gecko) Mobile/9A334"
14.99.205.48 - - [14/Mar/2012:07:33:55 -0700] "GET /POSM/lib/leaflet/images/popup-close.png HTTP/1.1" 200 1125 "http://yuvi.in/POSM/" "Mozilla/5.0 (iPhone Simulator; CPU iPhone OS 5_0 like Mac OS X) AppleWebKit/534.46 (KHTML, like Gecko) Mobile/9A334"
14.99.205.48 - - [14/Mar/2012:07:34:01 -0700] "GET /overpass?data=%0A++++%0A++++++++node(37.78546986409845%2C+-122.4064975976944%2C+37.787080877614905%2C+-122.40478098392487)%3B%0A++++%0A++++out+meta%3B%0A HTTP/1.1" 200 23171 "http://yuvi.in/POSM/" "Mozilla/5.0 (iPhone Simulator; CPU iPhone OS 5_0 like Mac OS X) AppleWebKit/534.46 (KHTML, like Gecko) Mobile/9A334"
14.99.205.48 - - [14/Mar/2012:07:34:05 -0700] "GET /overpass?data=%0A++++%0A++++++++node(37.78522396947254%2C+-122.406787276268%2C+37.78683498834927%2C+-122.40507066249846)%3B%0A++++%0A++++out+meta%3B%0A HTTP/1.1" 200 22671 "http://yuvi.in/POSM/" "Mozilla/5.0 (iPhone Simulator; CPU iPhone OS 5_0 like Mac OS X) AppleWebKit/534.46 (KHTML, like Gecko) Mobile/9A334"
14.99.205.48 - - [14/Mar/2012:07:34:07 -0700] "GET /overpass?data=%0A++++%0A++++++++node(37.78479577170561%2C+-122.40714132785797%2C+37.78640679991658%2C+-122.40542471408844)%3B%0A++++%0A++++out+meta%3B%0A HTTP/1.1" 200 16429 "http://yuvi.in/POSM/" "Mozilla/5.0 (iPhone Simulator; CPU iPhone OS 5_0 like Mac OS X) AppleWebKit/534.46 (KHTML, like Gecko) Mobile/9A334"
115.184.75.199 - - [14/Mar/2012:07:34:33 -0700] "-" 400 0 "-" "-"
14.99.205.48 - - [14/Mar/2012:07:36:20 -0700] "GET /overpass?data=%0A++++%0A++++++++node(37.78479577170561%2C+-122.40757048130034%2C+37.78640679991658%2C+-122.40499556064604)%3B%0A++++%0A++++out+meta%3B%0A HTTP/1.1" 200 23131 "http://yuvi.in/POSM/" "Mozilla/5.0 (iPhone Simulator; CPU iPhone OS 5_0 like Mac OS X) AppleWebKit/534.46 (KHTML, like Gecko) Mobile/9A334"
14.99.205.48 - - [14/Mar/2012:07:36:23 -0700] "GET /overpass?data=%0A++++%0A++++++++node(37.78445236378305%2C+-122.40758121013641%2C+37.78606339947988%2C+-122.40500628948212)%3B%0A++++%0A++++out+meta%3B%0A HTTP/1.1" 200 22527 "http://yuvi.in/POSM/" "Mozilla/5.0 (iPhone Simulator; CPU iPhone OS 5_0 like Mac OS X) AppleWebKit/534.46 (KHTML, like Gecko) Mobile/9A334"
14.99.205.48 - - [14/Mar/2012:07:36:25 -0700] "GET /overpass?data=%0A++++%0A++++++++node(37.78383337757154%2C+-122.40921735763548%2C+37.78544442676132%2C+-122.40664243698119)%3B%0A++++%0A++++out+meta%3B%0A HTTP/1.1" 200 32408 "http://yuvi.in/POSM/" "Mozilla/5.0 (iPhone Simulator; CPU iPhone OS 5_0 like Mac OS X) AppleWebKit/534.46 (KHTML, like Gecko) Mobile/9A334"
14.99.205.48 - - [14/Mar/2012:07:36:27 -0700] "GET /overpass?data=%0A++++%0A++++++++node(37.78394784801506%2C+-122.40786015987398%2C+37.78555889470956%2C+-122.40528523921967)%3B%0A++++%0A++++out+meta%3B%0A HTTP/1.1" 200 16407 "http://yuvi.in/POSM/" "Mozilla/5.0 (iPhone Simulator; CPU iPhone OS 5_0 like Mac OS X) AppleWebKit/534.46 (KHTML, like Gecko) Mobile/9A334"
14.99.205.48 - - [14/Mar/2012:07:36:30 -0700] "GET /overpass?data=%0A++++%0A++++++++node(37.78356627918051%2C+-122.40786552429199%2C+37.78517733419256%2C+-122.4052906036377)%3B%0A++++%0A++++out+meta%3B%0A HTTP/1.1" 200 11787 "http://yuvi.in/POSM/" "Mozilla/5.0 (iPhone Simulator; CPU iPhone OS 5_0 like Mac OS X) AppleWebKit/534.46 (KHTML, like Gecko) Mobile/9A334"
128.227.40.39 - - [14/Mar/2012:07:37:05 -0700] "-" 400 0 "-" "-"
14.99.205.48 - - [14/Mar/2012:07:37:31 -0700] "GET /POSM/creds.js HTTP/1.1" 200 89 "http://yuvi.in/POSM/" "Mozilla/5.0 (iPhone Simulator; CPU iPhone OS 5_0 like Mac OS X) AppleWebKit/534.46 (KHTML, like Gecko) Version/5.1 Mobile/9A334 Safari/7534.48.3"
14.99.205.48 - - [14/Mar/2012:07:37:32 -0700] "GET /POSM/img/save.png HTTP/1.1" 404 142 "http://yuvi.in/POSM/" "Mozilla/5.0 (iPhone Simulator; CPU iPhone OS 5_0 like Mac OS X) AppleWebKit/534.46 (KHTML, like Gecko) Version/5.1 Mobile/9A334 Safari/7534.48.3"
14.99.205.48 - - [14/Mar/2012:07:37:33 -0700] "GET /POSM/lib/jquery.mobile-1.0.1.css HTTP/1.1" 200 83437 "http://yuvi.in/POSM/" "Mozilla/5.0 (iPhone Simulator; CPU iPhone OS 5_0 like Mac OS X) AppleWebKit/534.46 (KHTML, like Gecko) Version/5.1 Mobile/9A334 Safari/7534.48.3"
14.99.205.48 - - [14/Mar/2012:07:37:34 -0700] "GET /POSM/lib/jquery-1.7.1.min.js HTTP/1.1" 200 93868 "http://yuvi.in/POSM/" "Mozilla/5.0 (iPhone Simulator; CPU iPhone OS 5_0 like Mac OS X) AppleWebKit/534.46 (KHTML, like Gecko) Version/5.1 Mobile/9A334 Safari/7534.48.3"
14.99.205.48 - - [14/Mar/2012:07:37:34 -0700] "GET /POSM/creds.js HTTP/1.1" 200 89 "http://yuvi.in/POSM/" "Mozilla/5.0 (iPhone Simulator; CPU iPhone OS 5_0 like Mac OS X) AppleWebKit/534.46 (KHTML, like Gecko) Mobile/9A334"
14.99.205.48 - - [14/Mar/2012:07:37:34 -0700] "GET /POSM/lib/templates.js HTTP/1.1" 200 426 "http://yuvi.in/POSM/" "Mozilla/5.0 (iPhone Simulator; CPU iPhone OS 5_0 like Mac OS X) AppleWebKit/534.46 (KHTML, like Gecko) Mobile/9A334"
14.99.205.48 - - [14/Mar/2012:07:37:34 -0700] "GET /POSM/lib/underscore.js HTTP/1.1" 200 35168 "http://yuvi.in/POSM/" "Mozilla/5.0 (iPhone Simulator; CPU iPhone OS 5_0 like Mac OS X) AppleWebKit/534.46 (KHTML, like Gecko) Mobile/9A334"
14.99.205.48 - - [14/Mar/2012:07:37:34 -0700] "GET /POSM/lib/leaflet/leaflet.css HTTP/1.1" 200 6437 "http://yuvi.in/POSM/" "Mozilla/5.0 (iPhone Simulator; CPU iPhone OS 5_0 like Mac OS X) AppleWebKit/534.46 (KHTML, like Gecko) Mobile/9A334"
14.99.205.48 - - [14/Mar/2012:07:37:34 -0700] "GET /POSM/js/tapbar.js HTTP/1.1" 200 881 "http://yuvi.in/POSM/" "Mozilla/5.0 (iPhone Simulator; CPU iPhone OS 5_0 like Mac OS X) AppleWebKit/534.46 (KHTML, like Gecko) Mobile/9A334"
14.99.205.48 - - [14/Mar/2012:07:37:35 -0700] "GET /POSM/style.css HTTP/1.1" 200 1499 "http://yuvi.in/POSM/" "Mozilla/5.0 (iPhone Simulator; CPU iPhone OS 5_0 like Mac OS X) AppleWebKit/534.46 (KHTML, like Gecko) Mobile/9A334"
14.99.205.48 - - [14/Mar/2012:07:37:35 -0700] "GET /POSM/lib/jquery.mobile-1.0.1.js HTTP/1.1" 200 221124 "http://yuvi.in/POSM/" "Mozilla/5.0 (iPhone Simulator; CPU iPhone OS 5_0 like Mac OS X) AppleWebKit/534.46 (KHTML, like Gecko) Version/5.1 Mobile/9A334 Safari/7534.48.3"
14.99.205.48 - - [14/Mar/2012:07:37:36 -0700] "GET /POSM/img/save.png HTTP/1.1" 404 142 "http://yuvi.in/POSM/" "Mozilla/5.0 (iPhone Simulator; CPU iPhone OS 5_0 like Mac OS X) AppleWebKit/534.46 (KHTML, like Gecko) Version/5.1 Mobile/9A334 Safari/7534.48.3"
14.99.205.48 - - [14/Mar/2012:07:37:37 -0700] "GET /POSM/lib/jquery-1.7.1.min.js HTTP/1.1" 200 93868 "http://yuvi.in/POSM/" "Mozilla/5.0 (iPhone Simulator; CPU iPhone OS 5_0 like Mac OS X) AppleWebKit/534.46 (KHTML, like Gecko) Mobile/9A334"
14.99.205.48 - - [14/Mar/2012:07:37:37 -0700] "GET /POSM/lib/jquery.mobile-1.0.1.js HTTP/1.1" 200 221124 "http://yuvi.in/POSM/" "Mozilla/5.0 (iPhone Simulator; CPU iPhone OS 5_0 like Mac OS X) AppleWebKit/534.46 (KHTML, like Gecko) Mobile/9A334"
14.99.205.48 - - [14/Mar/2012:07:37:39 -0700] "GET /POSM/zoomData.js HTTP/1.1" 200 1573 "http://yuvi.in/POSM/" "Mozilla/5.0 (iPhone Simulator; CPU iPhone OS 5_0 like Mac OS X) AppleWebKit/534.46 (KHTML, like Gecko) Mobile/9A334"
14.99.205.48 - - [14/Mar/2012:07:37:39 -0700] "GET /POSM/lib/TileLayer.Bing.js HTTP/1.1" 200 5317 "http://yuvi.in/POSM/" "Mozilla/5.0 (iPhone Simulator; CPU iPhone OS 5_0 like Mac OS X) AppleWebKit/534.46 (KHTML, like Gecko) Mobile/9A334"
