207.46.193.39 - - [17/Apr/2012:06:25:07 -0700] "-" 400 0 "-" "-"
207.46.193.39 - - [17/Apr/2012:06:25:07 -0700] "-" 400 0 "-" "-"
207.46.193.39 - - [17/Apr/2012:06:25:08 -0700] "-" 400 0 "-" "-"
207.46.193.39 - - [17/Apr/2012:06:25:09 -0700] "-" 400 0 "-" "-"
207.46.193.39 - - [17/Apr/2012:06:25:09 -0700] "-" 400 0 "-" "-"
207.46.193.39 - - [17/Apr/2012:06:25:09 -0700] "-" 400 0 "-" "-"
207.46.193.39 - - [17/Apr/2012:06:25:11 -0700] "-" 400 0 "-" "-"
207.46.193.39 - - [17/Apr/2012:06:25:11 -0700] "-" 400 0 "-" "-"
207.46.193.39 - - [17/Apr/2012:06:25:12 -0700] "-" 400 0 "-" "-"
207.46.193.39 - - [17/Apr/2012:06:25:57 -0700] "-" 400 0 "-" "-"
207.46.193.39 - - [17/Apr/2012:06:25:58 -0700] "-" 400 0 "-" "-"
59.163.27.11 - - [17/Apr/2012:06:27:45 -0700] "GET /AssessmentBar/r/Unassessed_India_articles/ HTTP/1.1" 302 289 "http://en.wikipedia.org/wiki/Insight_%E2%80%93_ICT_for_the_differently_abled" "Mozilla/5.0 (Windows NT 5.1) AppleWebKit/535.11 (KHTML, like Gecko) Chrome/17.0.963.83 Safari/535.11"
59.163.27.11 - - [17/Apr/2012:06:28:18 -0700] "GET /AssessmentBar/r/Unassessed_India_articles/ HTTP/1.1" 302 321 "http://en.wikipedia.org/wiki/C._Krishna_Pillai" "Mozilla/5.0 (Windows NT 5.1) AppleWebKit/535.11 (KHTML, like Gecko) Chrome/17.0.963.83 Safari/535.11"
184.191.224.10 - - [17/Apr/2012:06:28:41 -0700] "GET / HTTP/1.1" 200 1430 "-" "Caffeinated/1.1.2 CFNetwork/520.3.2 Darwin/11.3.0 (x86_64) (MacBookPro8%2C1)"
184.191.224.10 - - [17/Apr/2012:06:28:41 -0700] "GET /favicon.ico HTTP/1.1" 404 142 "-" "Caffeinated/1.1.2 CFNetwork/520.3.2 Darwin/11.3.0 (x86_64) (MacBookPro8%2C1)"
184.191.224.10 - - [17/Apr/2012:06:29:40 -0700] "GET / HTTP/1.1" 200 1430 "-" "Caffeinated/1.1.2 CFNetwork/520.3.2 Darwin/11.3.0 (x86_64) (MacBookPro8%2C1)"
184.191.224.10 - - [17/Apr/2012:06:29:41 -0700] "GET /favicon.ico HTTP/1.1" 404 142 "-" "Caffeinated/1.1.2 CFNetwork/520.3.2 Darwin/11.3.0 (x86_64) (MacBookPro8%2C1)"
121.246.208.126 - - [17/Apr/2012:06:29:55 -0700] "-" 400 0 "-" "-"
59.97.73.175 - - [17/Apr/2012:06:30:48 -0700] "-" 400 0 "-" "-"
59.97.73.175 - - [17/Apr/2012:06:30:48 -0700] "-" 400 0 "-" "-"
59.97.73.175 - - [17/Apr/2012:06:30:48 -0700] "-" 400 0 "-" "-"
59.97.73.175 - - [17/Apr/2012:06:30:48 -0700] "-" 400 0 "-" "-"
59.97.73.175 - - [17/Apr/2012:06:30:48 -0700] "-" 400 0 "-" "-"
59.97.73.175 - - [17/Apr/2012:06:31:18 -0700] "-" 400 0 "-" "-"
59.97.73.175 - - [17/Apr/2012:06:31:18 -0700] "-" 400 0 "-" "-"
59.97.73.175 - - [17/Apr/2012:06:31:48 -0700] "-" 400 0 "-" "-"
59.97.73.175 - - [17/Apr/2012:06:31:48 -0700] "-" 400 0 "-" "-"
208.115.111.68 - - [17/Apr/2012:06:32:40 -0700] "GET /robots.txt HTTP/1.1" 404 169 "-" "Mozilla/5.0 (compatible; Ezooms/1.0; ezooms.bot@gmail.com)"
66.249.73.219 - - [17/Apr/2012:06:33:18 -0700] "GET /blog/anatomy-of-an-impromptu-hackathon-git-vs-svn.html HTTP/1.1" 304 0 "-" "Mozilla/5.0 (compatible; Googlebot/2.1; +http://www.google.com/bot.html)"
66.220.158.251 - - [17/Apr/2012:06:33:37 -0700] "GET /r/vwi HTTP/1.1" 301 255 "-" "facebookexternalhit/1.1 (+http://www.facebook.com/externalhit_uatext.php)"
66.220.158.251 - - [17/Apr/2012:06:33:37 -0700] "GET /s/ta/vwi/ HTTP/1.1" 302 365 "-" "facebookexternalhit/1.1 (+http://www.facebook.com/externalhit_uatext.php)"
85.17.88.169 - - [17/Apr/2012:06:34:04 -0700] "POST /blog/wp-cron.php?doing_wp_cron=1334669267 HTTP/1.0" 499 0 "-" "WordPress/3.3.1; http://yuvi.in/blog"
209.85.238.182 - - [17/Apr/2012:06:34:05 -0700] "GET /blog/feed HTTP/1.1" 301 0 "-" "Feedfetcher-Google; (+http://www.google.com/feedfetcher.html; 3 subscribers; feed-id=17684830852112633560)"
59.163.27.11 - - [17/Apr/2012:06:34:08 -0700] "GET /AssessmentBar/r/Unassessed_India_articles/ HTTP/1.1" 302 283 "http://en.wikipedia.org/wiki/South_Western_Air_Command_(India)" "Mozilla/5.0 (Windows NT 5.1) AppleWebKit/535.11 (KHTML, like Gecko) Chrome/17.0.963.83 Safari/535.11"
85.17.88.169 - - [17/Apr/2012:06:34:12 -0700] "POST /blog/wp-cron.php?doing_wp_cron=1334669274 HTTP/1.0" 499 0 "-" "WordPress/3.3.1; http://yuvi.in/blog"
209.85.238.182 - - [17/Apr/2012:06:34:12 -0700] "GET /blog/feed/ HTTP/1.1" 304 0 "-" "Feedfetcher-Google; (+http://www.google.com/feedfetcher.html; 3 subscribers; feed-id=17684830852112633560)"
85.17.88.169 - - [17/Apr/2012:06:34:27 -0700] "POST /blog/wp-cron.php?doing_wp_cron=1334669289 HTTP/1.0" 499 0 "-" "WordPress/3.3.1; http://yuvi.in/blog"
66.249.73.219 - - [17/Apr/2012:06:34:27 -0700] "GET /blog/tag/reddit/ HTTP/1.1" 200 9226 "-" "Mozilla/5.0 (iPhone; U; CPU iPhone OS 4_1 like Mac OS X; en-us) AppleWebKit/532.9 (KHTML, like Gecko) Version/4.0.5 Mobile/8B117 Safari/6531.22.7 (compatible; Googlebot-Mobile/2.1; +http://www.google.com/bot.html)"
122.174.69.167 - - [17/Apr/2012:06:34:35 -0700] "-" 400 0 "-" "-"
122.174.173.29 - - [17/Apr/2012:06:36:41 -0700] "-" 400 0 "-" "-"
209.85.224.94 - - [17/Apr/2012:06:37:35 -0700] "GET /stories/feed HTTP/1.1" 200 13653 "-" "FeedBurner/1.0 (http://www.FeedBurner.com)"
122.174.173.29 - - [17/Apr/2012:06:38:50 -0700] "-" 400 0 "-" "-"
122.174.173.29 - - [17/Apr/2012:06:38:50 -0700] "-" 400 0 "-" "-"
122.174.173.29 - - [17/Apr/2012:06:38:50 -0700] "-" 400 0 "-" "-"
122.174.173.29 - - [17/Apr/2012:06:38:50 -0700] "-" 400 0 "-" "-"
207.46.204.172 - - [17/Apr/2012:06:39:38 -0700] "-" 400 0 "-" "-"
207.46.204.172 - - [17/Apr/2012:06:39:41 -0700] "-" 400 0 "-" "-"
207.46.204.172 - - [17/Apr/2012:06:39:42 -0700] "-" 400 0 "-" "-"
207.46.204.172 - - [17/Apr/2012:06:39:43 -0700] "-" 400 0 "-" "-"
207.46.204.172 - - [17/Apr/2012:06:39:43 -0700] "-" 400 0 "-" "-"
207.46.204.172 - - [17/Apr/2012:06:39:43 -0700] "-" 400 0 "-" "-"
207.46.204.172 - - [17/Apr/2012:06:39:44 -0700] "-" 400 0 "-" "-"
207.46.204.172 - - [17/Apr/2012:06:39:44 -0700] "-" 400 0 "-" "-"
207.46.204.172 - - [17/Apr/2012:06:39:45 -0700] "-" 400 0 "-" "-"
207.46.204.172 - - [17/Apr/2012:06:39:45 -0700] "-" 400 0 "-" "-"
122.174.173.29 - - [17/Apr/2012:06:39:50 -0700] "-" 400 0 "-" "-"
122.174.173.29 - - [17/Apr/2012:06:39:50 -0700] "-" 400 0 "-" "-"
122.174.173.29 - - [17/Apr/2012:06:39:50 -0700] "-" 400 0 "-" "-"
122.174.173.29 - - [17/Apr/2012:06:40:10 -0700] "-" 400 0 "-" "-"
122.174.173.29 - - [17/Apr/2012:06:40:40 -0700] "-" 400 0 "-" "-"
122.174.173.29 - - [17/Apr/2012:06:40:40 -0700] "-" 400 0 "-" "-"
66.220.146.251 - - [17/Apr/2012:06:41:51 -0700] "GET /r/33y0 HTTP/1.1" 301 257 "-" "facebookexternalhit/1.1 (+http://www.facebook.com/externalhit_uatext.php)"
66.220.146.251 - - [17/Apr/2012:06:41:51 -0700] "GET /s/ta/33y0/ HTTP/1.1" 302 609 "-" "facebookexternalhit/1.1 (+http://www.facebook.com/externalhit_uatext.php)"
120.56.162.69 - - [17/Apr/2012:06:43:28 -0700] "GET /r/33zx HTTP/1.1" 404 199 "-" "Mozilla/5.0 (Windows NT 6.1; WOW64) AppleWebKit/535.19 (KHTML, like Gecko) Chrome/18.0.1025.162 Safari/535.19"
120.56.162.69 - - [17/Apr/2012:06:43:28 -0700] "GET /favicon.ico HTTP/1.1" 404 199 "-" "Mozilla/5.0 (Windows NT 6.1; WOW64) AppleWebKit/535.19 (KHTML, like Gecko) Chrome/18.0.1025.162 Safari/535.19"
120.56.162.69 - - [17/Apr/2012:06:43:41 -0700] "-" 400 0 "-" "-"
69.171.247.5 - - [17/Apr/2012:06:46:18 -0700] "GET /r/1a15 HTTP/1.1" 301 257 "-" "facebookexternalhit/1.1 (+http://www.facebook.com/externalhit_uatext.php)"
69.171.247.3 - - [17/Apr/2012:06:46:18 -0700] "GET /s/ta/1a15/ HTTP/1.1" 302 397 "-" "facebookexternalhit/1.1 (+http://www.facebook.com/externalhit_uatext.php)"
208.107.186.76 - - [17/Apr/2012:06:46:31 -0700] "GET /robots.txt HTTP/1.0" 404 169 "-" "Mozilla/5.0 (compatible; MJ12bot/v1.4.2; http://www.majestic12.co.uk/bot.php?+)"
208.107.186.76 - - [17/Apr/2012:06:46:32 -0700] "GET / HTTP/1.1" 200 3439 "-" "Mozilla/5.0 (compatible; MJ12bot/v1.4.2; http://www.majestic12.co.uk/bot.php?+)"
65.52.111.245 - - [17/Apr/2012:06:46:44 -0700] "-" 400 0 "-" "-"
65.52.111.245 - - [17/Apr/2012:06:46:44 -0700] "-" 400 0 "-" "-"
65.52.111.245 - - [17/Apr/2012:06:46:45 -0700] "-" 400 0 "-" "-"
65.52.111.245 - - [17/Apr/2012:06:46:55 -0700] "-" 400 0 "-" "-"
65.52.111.245 - - [17/Apr/2012:06:46:57 -0700] "-" 400 0 "-" "-"
65.52.111.245 - - [17/Apr/2012:06:46:57 -0700] "-" 400 0 "-" "-"
65.52.111.245 - - [17/Apr/2012:06:46:57 -0700] "-" 400 0 "-" "-"
65.52.111.245 - - [17/Apr/2012:06:46:58 -0700] "-" 400 0 "-" "-"
65.52.111.245 - - [17/Apr/2012:06:46:59 -0700] "-" 400 0 "-" "-"
65.52.111.245 - - [17/Apr/2012:06:46:59 -0700] "-" 400 0 "-" "-"
65.52.111.245 - - [17/Apr/2012:06:47:02 -0700] "-" 400 0 "-" "-"
65.52.111.245 - - [17/Apr/2012:06:47:02 -0700] "-" 400 0 "-" "-"
65.52.111.245 - - [17/Apr/2012:06:47:26 -0700] "-" 400 0 "-" "-"
85.17.88.169 - - [17/Apr/2012:06:47:34 -0700] "POST /blog/wp-cron.php?doing_wp_cron=1334670076 HTTP/1.0" 499 0 "-" "WordPress/3.3.1; http://yuvi.in/blog"
209.85.144.84 - - [17/Apr/2012:06:47:34 -0700] "GET /blog/feed HTTP/1.1" 304 0 "-" "FeedBurner/1.0 (http://www.FeedBurner.com)"
122.174.80.189 - - [17/Apr/2012:06:47:48 -0700] "-" 400 0 "-" "-"
85.17.88.169 - - [17/Apr/2012:06:48:42 -0700] "POST /blog/wp-cron.php?doing_wp_cron=1334670145 HTTP/1.0" 499 0 "-" "WordPress/3.3.1; http://yuvi.in/blog"
183.82.73.33 - - [17/Apr/2012:06:48:43 -0700] "GET /blog/feed/ HTTP/1.0" 304 0 "-" "FeedDemon/4.0 (http://www.feeddemon.com/; Microsoft Windows)"
122.164.251.239 - - [17/Apr/2012:06:49:01 -0700] "-" 400 0 "-" "-"
207.241.237.237 - - [17/Apr/2012:06:49:48 -0700] "GET /favicon.ico HTTP/1.0" 404 238 "-" "Mozilla/5.0 (compatible; archive.org_bot +http://www.archive.org/details/archive.org_bot)"
209.191.87.215 - - [17/Apr/2012:06:50:16 -0700] "GET / HTTP/1.0" 404 238 "-" "Mozilla/4.0 (compatible; MSIE 6.0; Windows NT 5.1)"
209.191.87.215 - - [17/Apr/2012:06:50:43 -0700] "GET / HTTP/1.0" 404 238 "-" "Mozilla/4.0 (compatible; MSIE 6.0; Windows NT 5.1)"
65.52.110.16 - - [17/Apr/2012:06:56:53 -0700] "GET /blog/icc-rules-for-backyard-cricket.html HTTP/1.1" 304 0 "-" "Mozilla/5.0 (compatible; bingbot/2.0; +http://www.bing.com/bingbot.htm)"
184.191.224.10 - - [17/Apr/2012:06:58:44 -0700] "GET / HTTP/1.1" 200 1430 "-" "Caffeinated/1.1.2 CFNetwork/520.3.2 Darwin/11.3.0 (x86_64) (MacBookPro8%2C1)"
184.191.224.10 - - [17/Apr/2012:06:58:44 -0700] "GET /favicon.ico HTTP/1.1" 404 142 "-" "Caffeinated/1.1.2 CFNetwork/520.3.2 Darwin/11.3.0 (x86_64) (MacBookPro8%2C1)"
184.191.224.10 - - [17/Apr/2012:06:59:40 -0700] "GET / HTTP/1.1" 200 1430 "-" "Caffeinated/1.1.2 CFNetwork/520.3.2 Darwin/11.3.0 (x86_64) (MacBookPro8%2C1)"
184.191.224.10 - - [17/Apr/2012:06:59:40 -0700] "GET /favicon.ico HTTP/1.1" 404 142 "-" "Caffeinated/1.1.2 CFNetwork/520.3.2 Darwin/11.3.0 (x86_64) (MacBookPro8%2C1)"
66.249.73.23 - - [17/Apr/2012:06:59:41 -0700] "GET /r/2yth HTTP/1.1" 301 257 "-" "Mozilla/5.0 (compatible; Googlebot/2.1; +http://www.google.com/bot.html)"
66.249.73.23 - - [17/Apr/2012:06:59:43 -0700] "GET /s/ta/2yth/ HTTP/1.1" 302 607 "-" "Mozilla/5.0 (compatible; Googlebot/2.1; +http://www.google.com/bot.html)"
85.17.88.169 - - [17/Apr/2012:07:02:12 -0700] "POST /blog/wp-cron.php?doing_wp_cron=1334670954 HTTP/1.0" 499 0 "-" "WordPress/3.3.1; http://yuvi.in/blog"
180.76.5.160 - - [17/Apr/2012:07:02:12 -0700] "GET /blog/xmlrpc.php?rsd HTTP/1.1" 200 822 "-" "Mozilla/5.0 (compatible; Baiduspider/2.0; +http://www.baidu.com/search/spider.html)"
67.215.230.28 - - [17/Apr/2012:07:03:58 -0700] "GET /blog HTTP/1.0" 301 178 "-" "Setooz/Nutch-1.2 (http://www.setooz.com)"
123.231.86.24 - - [17/Apr/2012:07:09:34 -0700] "GET /r/9is HTTP/1.1" 301 255 "http://ta.wikipedia.org/wiki/%E0%AE%AA%E0%AE%95%E0%AF%81%E0%AE%AA%E0%AF%8D%E0%AE%AA%E0%AF%81:%E0%AE%89%E0%AE%9F%E0%AE%B2%E0%AF%8D_%E0%AE%89%E0%AE%B1%E0%AF%81%E0%AE%AA%E0%AF%8D%E0%AE%AA%E0%AF%81%E0%AE%95%E0%AF%8D%E0%AE%95%E0%AE%B3%E0%AF%8D" "Mozilla/5.0 (Windows NT 6.1) AppleWebKit/535.19 (KHTML, like Gecko) Chrome/18.0.1025.162 Safari/535.19"
123.231.86.24 - - [17/Apr/2012:07:09:35 -0700] "GET /s/ta/9is/ HTTP/1.1" 302 547 "http://ta.wikipedia.org/wiki/%E0%AE%AA%E0%AE%95%E0%AF%81%E0%AE%AA%E0%AF%8D%E0%AE%AA%E0%AF%81:%E0%AE%89%E0%AE%9F%E0%AE%B2%E0%AF%8D_%E0%AE%89%E0%AE%B1%E0%AF%81%E0%AE%AA%E0%AF%8D%E0%AE%AA%E0%AF%81%E0%AE%95%E0%AF%8D%E0%AE%95%E0%AE%B3%E0%AF%8D" "Mozilla/5.0 (Windows NT 6.1) AppleWebKit/535.19 (KHTML, like Gecko) Chrome/18.0.1025.162 Safari/535.19"
123.231.86.24 - - [17/Apr/2012:07:09:44 -0700] "-" 400 0 "-" "-"
101.63.251.60 - - [17/Apr/2012:07:10:31 -0700] "-" 400 0 "-" "-"
85.17.88.169 - - [17/Apr/2012:07:11:12 -0700] "POST /blog/wp-cron.php?doing_wp_cron=1334671494 HTTP/1.0" 499 0 "-" "WordPress/3.3.1; http://yuvi.in/blog"
209.85.238.182 - - [17/Apr/2012:07:11:13 -0700] "GET /blog/feed/ HTTP/1.1" 304 0 "-" "Feedfetcher-Google; (+http://www.google.com/feedfetcher.html; 19 subscribers; feed-id=15064232456473204253)"
117.193.108.41 - - [17/Apr/2012:07:12:42 -0700] "-" 400 0 "-" "-"
122.164.139.116 - - [17/Apr/2012:07:13:18 -0700] "-" 400 0 "-" "-"
122.164.139.116 - - [17/Apr/2012:07:13:18 -0700] "-" 400 0 "-" "-"
122.164.139.116 - - [17/Apr/2012:07:13:18 -0700] "-" 400 0 "-" "-"
122.164.139.116 - - [17/Apr/2012:07:13:18 -0700] "-" 400 0 "-" "-"
122.164.139.116 - - [17/Apr/2012:07:13:18 -0700] "-" 400 0 "-" "-"
122.164.139.116 - - [17/Apr/2012:07:13:18 -0700] "-" 400 0 "-" "-"
119.63.196.61 - - [17/Apr/2012:07:13:20 -0700] "GET /blog/more-effects-for-cheese.html HTTP/1.1" 200 2311 "-" "Mozilla/5.0 (compatible; Baiduspider/2.0; +http://www.baidu.com/search/spider.html)"
182.71.231.68 - - [17/Apr/2012:07:14:18 -0700] "GET /r/33y1 HTTP/1.1" 301 257 "-" "Mozilla/5.0 (Windows NT 6.1; rv:7.0) Gecko/20100101 Firefox/7.0"
182.71.231.68 - - [17/Apr/2012:07:14:18 -0700] "GET /s/ta/33y1/ HTTP/1.1" 302 615 "-" "Mozilla/5.0 (Windows NT 6.1; rv:7.0) Gecko/20100101 Firefox/7.0"
182.71.231.68 - - [17/Apr/2012:07:14:20 -0700] "GET /r/33zx HTTP/1.1" 301 257 "-" "Mozilla/5.0 (Windows NT 6.1; rv:7.0) Gecko/20100101 Firefox/7.0"
182.71.231.68 - - [17/Apr/2012:07:14:21 -0700] "GET /s/ta/33zx/ HTTP/1.1" 302 631 "-" "Mozilla/5.0 (Windows NT 6.1; rv:7.0) Gecko/20100101 Firefox/7.0"
66.249.73.90 - - [17/Apr/2012:07:15:50 -0700] "GET /chennai/stage/2709/ HTTP/1.1" 404 142 "-" "Mozilla/5.0 (compatible; Googlebot/2.1; +http://www.google.com/bot.html)"
150.70.64.197 - - [17/Apr/2012:07:16:14 -0700] "GET /app/scripts/jquery/placeholder.min.js HTTP/1.0" 404 571 "-" "Mozilla/4.0 (compatible; MSIE 6.0; Windows NT 5.1)"
85.17.88.169 - - [17/Apr/2012:07:17:41 -0700] "POST /blog/wp-cron.php?doing_wp_cron=1334671884 HTTP/1.0" 499 0 "-" "WordPress/3.3.1; http://yuvi.in/blog"
209.85.224.89 - - [17/Apr/2012:07:17:42 -0700] "GET /blog/feed HTTP/1.1" 304 0 "-" "FeedBurner/1.0 (http://www.FeedBurner.com)"
85.17.88.169 - - [17/Apr/2012:07:18:38 -0700] "POST /blog/wp-cron.php?doing_wp_cron=1334671940 HTTP/1.0" 499 0 "-" "WordPress/3.3.1; http://yuvi.in/blog"
59.78.15.179 - - [17/Apr/2012:07:18:39 -0700] "GET /blog/page/2/ HTTP/1.1" 200 22955 "http://yuvi.in/blog/" "Mozilla/5.0 (Windows NT 6.1) AppleWebKit/535.19 (KHTML, like Gecko) Chrome/18.0.1025.162 Safari/535.19"
184.191.224.10 - - [17/Apr/2012:07:18:40 -0700] "GET / HTTP/1.1" 200 1430 "-" "Caffeinated/1.1.2 CFNetwork/520.3.2 Darwin/11.3.0 (x86_64) (MacBookPro8%2C1)"
184.191.224.10 - - [17/Apr/2012:07:18:41 -0700] "GET /favicon.ico HTTP/1.1" 404 142 "-" "Caffeinated/1.1.2 CFNetwork/520.3.2 Darwin/11.3.0 (x86_64) (MacBookPro8%2C1)"
59.78.15.179 - - [17/Apr/2012:07:18:45 -0700] "GET /favicon.ico HTTP/1.1" 404 199 "-" "Mozilla/5.0 (Windows NT 6.1) AppleWebKit/535.19 (KHTML, like Gecko) Chrome/18.0.1025.162 Safari/535.19"
101.63.251.60 - - [17/Apr/2012:07:19:29 -0700] "-" 400 0 "-" "-"
101.63.251.60 - - [17/Apr/2012:07:19:29 -0700] "-" 400 0 "-" "-"
101.63.251.60 - - [17/Apr/2012:07:19:29 -0700] "-" 400 0 "-" "-"
101.63.251.60 - - [17/Apr/2012:07:19:29 -0700] "-" 400 0 "-" "-"
101.63.251.60 - - [17/Apr/2012:07:19:29 -0700] "-" 400 0 "-" "-"
101.63.251.60 - - [17/Apr/2012:07:19:29 -0700] "-" 400 0 "-" "-"
184.191.224.10 - - [17/Apr/2012:07:19:41 -0700] "GET / HTTP/1.1" 200 1430 "-" "Caffeinated/1.1.2 CFNetwork/520.3.2 Darwin/11.3.0 (x86_64) (MacBookPro8%2C1)"
184.191.224.10 - - [17/Apr/2012:07:19:41 -0700] "GET /favicon.ico HTTP/1.1" 404 142 "-" "Caffeinated/1.1.2 CFNetwork/520.3.2 Darwin/11.3.0 (x86_64) (MacBookPro8%2C1)"
66.249.73.90 - - [17/Apr/2012:07:19:52 -0700] "GET /chennai/stage/2710/ HTTP/1.1" 404 142 "-" "Mozilla/5.0 (compatible; Googlebot/2.1; +http://www.google.com/bot.html)"
220.225.129.57 - - [17/Apr/2012:07:19:54 -0700] "-" 400 0 "-" "-"
220.225.129.57 - - [17/Apr/2012:07:19:54 -0700] "-" 400 0 "-" "-"
27.116.23.10 - - [17/Apr/2012:07:19:55 -0700] "-" 400 0 "-" "-"
27.116.23.10 - - [17/Apr/2012:07:19:55 -0700] "-" 400 0 "-" "-"
117.199.4.11 - - [17/Apr/2012:07:20:26 -0700] "-" 400 0 "-" "-"
220.225.129.57 - - [17/Apr/2012:07:20:44 -0700] "-" 400 0 "-" "-"
95.211.139.1 - - [17/Apr/2012:07:20:46 -0700] "GET /robots.txt HTTP/1.0" 404 238 "-" "Mozilla/5.0 (compatible; AcoonBot/4.10.6; +http://www.acoon.de/robot.asp)"
95.211.139.1 - - [17/Apr/2012:07:20:47 -0700] "GET /s/ta/2rvk/ HTTP/1.0" 302 603 "-" "Mozilla/5.0 (compatible; AcoonBot/4.10.6; +http://www.acoon.de/robot.asp)"
220.225.129.57 - - [17/Apr/2012:07:21:04 -0700] "-" 400 0 "-" "-"
220.225.129.57 - - [17/Apr/2012:07:21:15 -0700] "-" 400 0 "-" "-"
220.225.129.57 - - [17/Apr/2012:07:21:15 -0700] "-" 400 0 "-" "-"
220.225.129.57 - - [17/Apr/2012:07:21:15 -0700] "-" 400 0 "-" "-"
220.225.129.57 - - [17/Apr/2012:07:21:15 -0700] "-" 400 0 "-" "-"
88.131.106.22 - - [17/Apr/2012:07:21:30 -0700] "GET /robots.txt HTTP/1.0" 404 169 "-" "Mozilla/5.0 (Windows; U; Windows NT 5.1; en-US) Speedy Spider (http://www.entireweb.com/about/search_tech/speedy_spider/)"
85.17.88.169 - - [17/Apr/2012:07:21:32 -0700] "POST /blog/wp-cron.php?doing_wp_cron=1334672114 HTTP/1.0" 499 0 "-" "WordPress/3.3.1; http://yuvi.in/blog"
88.131.106.22 - - [17/Apr/2012:07:21:32 -0700] "GET /blog/?dem_action=view&dem_poll_id=3&paged=2 HTTP/1.0" 301 0 "-" "Mozilla/5.0 (Windows; U; Windows NT 5.1; en-US) Speedy Spider (http://www.entireweb.com/about/search_tech/speedy_spider/)"
85.17.88.169 - - [17/Apr/2012:07:21:35 -0700] "POST /blog/wp-cron.php?doing_wp_cron=1334672117 HTTP/1.0" 200 0 "-" "WordPress/3.3.1; http://yuvi.in/blog"
88.131.106.22 - - [17/Apr/2012:07:21:36 -0700] "GET /blog/page/2/?dem_action=view&dem_poll_id=3 HTTP/1.0" 200 76250 "-" "Mozilla/5.0 (Windows; U; Windows NT 5.1; en-US) Speedy Spider (http://www.entireweb.com/about/search_tech/speedy_spider/)"
220.225.129.57 - - [17/Apr/2012:07:22:04 -0700] "-" 400 0 "-" "-"
74.125.126.80 - - [17/Apr/2012:07:23:28 -0700] "GET /favicon.ico HTTP/1.1" 404 211 "-" "-"
85.17.88.169 - - [17/Apr/2012:07:24:25 -0700] "POST /blog/wp-cron.php?doing_wp_cron=1334672287 HTTP/1.0" 499 0 "-" "WordPress/3.3.1; http://yuvi.in/blog"
59.78.15.179 - - [17/Apr/2012:07:24:25 -0700] "GET /blog/greatest-fear-flash-fade/ HTTP/1.1" 200 4815 "http://yuvi.in/blog/page/2/" "Mozilla/5.0 (Windows NT 6.1) AppleWebKit/535.19 (KHTML, like Gecko) Chrome/18.0.1025.162 Safari/535.19"
59.78.15.179 - - [17/Apr/2012:07:24:28 -0700] "GET /favicon.ico HTTP/1.1" 404 199 "-" "Mozilla/5.0 (Windows NT 6.1) AppleWebKit/535.19 (KHTML, like Gecko) Chrome/18.0.1025.162 Safari/535.19"
122.164.47.118 - - [17/Apr/2012:07:24:29 -0700] "-" 400 0 "-" "-"
122.164.47.118 - - [17/Apr/2012:07:24:29 -0700] "-" 400 0 "-" "-"
59.78.15.179 - - [17/Apr/2012:07:24:29 -0700] "GET /favicon.ico HTTP/1.1" 404 199 "-" "Mozilla/5.0 (Windows NT 6.1) AppleWebKit/535.19 (KHTML, like Gecko) Chrome/18.0.1025.162 Safari/535.19"
85.17.88.169 - - [17/Apr/2012:07:24:31 -0700] "POST /blog/wp-cron.php?doing_wp_cron=1334672294 HTTP/1.0" 499 0 "-" "WordPress/3.3.1; http://yuvi.in/blog"
59.78.15.179 - - [17/Apr/2012:07:24:32 -0700] "GET /blog/interview-sriram-krishnan-5-years-old/ HTTP/1.1" 200 14240 "http://yuvi.in/blog/page/2/" "Mozilla/5.0 (Windows NT 6.1) AppleWebKit/535.19 (KHTML, like Gecko) Chrome/18.0.1025.162 Safari/535.19"
59.78.15.179 - - [17/Apr/2012:07:24:36 -0700] "GET /favicon.ico HTTP/1.1" 404 199 "-" "Mozilla/5.0 (Windows NT 6.1) AppleWebKit/535.19 (KHTML, like Gecko) Chrome/18.0.1025.162 Safari/535.19"
59.78.15.179 - - [17/Apr/2012:07:24:38 -0700] "GET /favicon.ico HTTP/1.1" 404 199 "-" "Mozilla/5.0 (Windows NT 6.1) AppleWebKit/535.19 (KHTML, like Gecko) Chrome/18.0.1025.162 Safari/535.19"
59.78.15.179 - - [17/Apr/2012:07:24:38 -0700] "GET /favicon.ico HTTP/1.1" 404 199 "-" "Mozilla/5.0 (Windows NT 6.1) AppleWebKit/535.19 (KHTML, like Gecko) Chrome/18.0.1025.162 Safari/535.19"
59.78.15.179 - - [17/Apr/2012:07:24:43 -0700] "GET /favicon.ico HTTP/1.1" 404 199 "-" "Mozilla/5.0 (Windows NT 6.1) AppleWebKit/535.19 (KHTML, like Gecko) Chrome/18.0.1025.162 Safari/535.19"
59.78.15.179 - - [17/Apr/2012:07:24:43 -0700] "GET /blog/interview-sriram-krishnan-5-years-old/?cf_action=sync_comments&post_id=184 HTTP/1.1" 200 48 "http://yuvi.in/blog/interview-sriram-krishnan-5-years-old/" "Mozilla/5.0 (Windows NT 6.1) AppleWebKit/535.19 (KHTML, like Gecko) Chrome/18.0.1025.162 Safari/535.19"
183.82.73.33 - - [17/Apr/2012:07:24:43 -0700] "GET /blog/feed/ HTTP/1.0" 304 0 "-" "FeedDemon/4.0 (http://www.feeddemon.com/; Microsoft Windows)"
94.141.20.69 - - [17/Apr/2012:07:24:49 -0700] "HEAD / HTTP/1.0" 200 0 "-" "-"
59.78.15.179 - - [17/Apr/2012:07:24:49 -0700] "GET /favicon.ico HTTP/1.1" 404 199 "-" "Mozilla/5.0 (Windows NT 6.1) AppleWebKit/535.19 (KHTML, like Gecko) Chrome/18.0.1025.162 Safari/535.19"
59.182.38.107 - - [17/Apr/2012:07:25:12 -0700] "GET /blog/infosys-tcs-or-wipro-none/ HTTP/1.1" 200 7090 "-" "Mozilla/5.0 (X11; Linux x86_64) AppleWebKit/535.19 (KHTML, like Gecko) Chrome/18.0.1025.162 Safari/535.19"
59.182.38.107 - - [17/Apr/2012:07:25:13 -0700] "GET /blog/wp-content/themes/cleanr/style.css HTTP/1.1" 200 10508 "http://yuvi.in/blog/infosys-tcs-or-wipro-none/" "Mozilla/5.0 (X11; Linux x86_64) AppleWebKit/535.19 (KHTML, like Gecko) Chrome/18.0.1025.162 Safari/535.19"
59.182.38.107 - - [17/Apr/2012:07:25:13 -0700] "GET /blog/wp-content/themes/cleanr/js/jquery.dropdown.js?ver=3.3.1 HTTP/1.1" 200 535 "http://yuvi.in/blog/infosys-tcs-or-wipro-none/" "Mozilla/5.0 (X11; Linux x86_64) AppleWebKit/535.19 (KHTML, like Gecko) Chrome/18.0.1025.162 Safari/535.19"
59.182.38.107 - - [17/Apr/2012:07:25:14 -0700] "GET /blog/wp-content/themes/cleanr/css/text.css HTTP/1.1" 200 420 "http://yuvi.in/blog/infosys-tcs-or-wipro-none/" "Mozilla/5.0 (X11; Linux x86_64) AppleWebKit/535.19 (KHTML, like Gecko) Chrome/18.0.1025.162 Safari/535.19"
59.182.38.107 - - [17/Apr/2012:07:25:14 -0700] "GET /blog/wp-content/themes/cleanr/css/reset.css HTTP/1.1" 200 648 "http://yuvi.in/blog/infosys-tcs-or-wipro-none/" "Mozilla/5.0 (X11; Linux x86_64) AppleWebKit/535.19 (KHTML, like Gecko) Chrome/18.0.1025.162 Safari/535.19"
59.182.38.107 - - [17/Apr/2012:07:25:14 -0700] "GET /blog/wp-content/themes/cleanr/css/960.css HTTP/1.1" 200 3628 "http://yuvi.in/blog/infosys-tcs-or-wipro-none/" "Mozilla/5.0 (X11; Linux x86_64) AppleWebKit/535.19 (KHTML, like Gecko) Chrome/18.0.1025.162 Safari/535.19"
59.182.38.107 - - [17/Apr/2012:07:25:15 -0700] "GET /blog/wp-includes/js/jquery/jquery.js?ver=1.7.1 HTTP/1.1" 200 93889 "http://yuvi.in/blog/infosys-tcs-or-wipro-none/" "Mozilla/5.0 (X11; Linux x86_64) AppleWebKit/535.19 (KHTML, like Gecko) Chrome/18.0.1025.162 Safari/535.19"
59.182.38.107 - - [17/Apr/2012:07:25:17 -0700] "GET /blog/wp-content/themes/cleanr/images/search_magnifier.gif HTTP/1.1" 200 394 "http://yuvi.in/blog/infosys-tcs-or-wipro-none/" "Mozilla/5.0 (X11; Linux x86_64) AppleWebKit/535.19 (KHTML, like Gecko) Chrome/18.0.1025.162 Safari/535.19"
59.182.38.107 - - [17/Apr/2012:07:25:17 -0700] "GET /favicon.ico HTTP/1.1" 404 199 "-" "Mozilla/5.0 (X11; Linux x86_64) AppleWebKit/535.19 (KHTML, like Gecko) Chrome/18.0.1025.162 Safari/535.19"
59.182.38.107 - - [17/Apr/2012:07:25:22 -0700] "GET /blog/infosys-tcs-or-wipro-none/?cf_action=sync_comments&post_id=124 HTTP/1.1" 200 48 "http://yuvi.in/blog/infosys-tcs-or-wipro-none/" "Mozilla/5.0 (X11; Linux x86_64) AppleWebKit/535.19 (KHTML, like Gecko) Chrome/18.0.1025.162 Safari/535.19"
69.171.229.247 - - [17/Apr/2012:07:25:44 -0700] "GET /r/33y0 HTTP/1.1" 301 257 "-" "facebookexternalhit/1.1 (+http://www.facebook.com/externalhit_uatext.php)"
69.171.229.249 - - [17/Apr/2012:07:25:44 -0700] "GET /s/ta/33y0/ HTTP/1.1" 302 609 "-" "facebookexternalhit/1.1 (+http://www.facebook.com/externalhit_uatext.php)"
125.21.45.57 - - [17/Apr/2012:07:25:52 -0700] "GET /r/1da1 HTTP/1.1" 301 257 "http://ta.wikipedia.org/wiki/%E0%AE%AA%E0%AE%95%E0%AF%81%E0%AE%AA%E0%AF%8D%E0%AE%AA%E0%AF%81:%E0%AE%A4%E0%AE%AE%E0%AE%BF%E0%AE%B4%E0%AE%B0%E0%AF%8D_%E0%AE%AE%E0%AE%A9%E0%AE%BF%E0%AE%A4_%E0%AE%89%E0%AE%B0%E0%AE%BF%E0%AE%AE%E0%AF%88_%E0%AE%85%E0%AE%AE%E0%AF%88%E0%AE%AA%E0%AF%8D%E0%AE%AA%E0%AF%81%E0%AE%95%E0%AE%B3%E0%AF%8D" "Mozilla/4.0 (compatible; MSIE 6.0; Windows NT 5.1; SV1; InfoPath.2)"
125.21.45.57 - - [17/Apr/2012:07:25:53 -0700] "GET /s/ta/1da1/ HTTP/1.1" 302 663 "http://ta.wikipedia.org/wiki/%E0%AE%AA%E0%AE%95%E0%AF%81%E0%AE%AA%E0%AF%8D%E0%AE%AA%E0%AF%81:%E0%AE%A4%E0%AE%AE%E0%AE%BF%E0%AE%B4%E0%AE%B0%E0%AF%8D_%E0%AE%AE%E0%AE%A9%E0%AE%BF%E0%AE%A4_%E0%AE%89%E0%AE%B0%E0%AE%BF%E0%AE%AE%E0%AF%88_%E0%AE%85%E0%AE%AE%E0%AF%88%E0%AE%AA%E0%AF%8D%E0%AE%AA%E0%AF%81%E0%AE%95%E0%AE%B3%E0%AF%8D" "Mozilla/4.0 (compatible; MSIE 6.0; Windows NT 5.1; SV1; InfoPath.2)"
101.63.251.60 - - [17/Apr/2012:07:26:49 -0700] "-" 400 0 "-" "-"
122.172.35.197 - - [17/Apr/2012:07:27:33 -0700] "GET /r/1qj2 HTTP/1.1" 301 257 "-" "Mozilla/5.0 (X11; Linux i686) AppleWebKit/535.19 (KHTML, like Gecko) Ubuntu/11.10 Chromium/18.0.1025.142 Chrome/18.0.1025.142 Safari/535.19"
122.172.35.197 - - [17/Apr/2012:07:27:34 -0700] "GET /s/ta/1qj2/ HTTP/1.1" 302 325 "-" "Mozilla/5.0 (X11; Linux i686) AppleWebKit/535.19 (KHTML, like Gecko) Ubuntu/11.10 Chromium/18.0.1025.142 Chrome/18.0.1025.142 Safari/535.19"
122.172.35.197 - - [17/Apr/2012:07:27:48 -0700] "-" 400 0 "-" "-"
122.172.35.197 - - [17/Apr/2012:07:27:48 -0700] "-" 400 0 "-" "-"
59.163.27.11 - - [17/Apr/2012:07:28:17 -0700] "GET /AssessmentBar/r/Unassessed_India_articles/ HTTP/1.1" 302 285 "http://en.wikipedia.org/wiki/Jose_Thettayil" "Mozilla/5.0 (Windows NT 5.1) AppleWebKit/535.11 (KHTML, like Gecko) Chrome/17.0.963.83 Safari/535.11"
59.163.27.11 - - [17/Apr/2012:07:28:25 -0700] "GET /AssessmentBar/r/Unassessed_India_articles/ HTTP/1.1" 302 281 "http://en.wikipedia.org/wiki/Babla_&_Kanchan" "Mozilla/5.0 (Windows NT 5.1) AppleWebKit/535.11 (KHTML, like Gecko) Chrome/17.0.963.83 Safari/535.11"
59.92.45.160 - - [17/Apr/2012:07:30:49 -0700] "-" 400 0 "-" "-"
59.92.45.160 - - [17/Apr/2012:07:30:49 -0700] "-" 400 0 "-" "-"
59.92.45.160 - - [17/Apr/2012:07:30:49 -0700] "-" 400 0 "-" "-"
207.46.204.211 - - [17/Apr/2012:07:31:06 -0700] "-" 400 0 "-" "-"
207.46.204.211 - - [17/Apr/2012:07:31:06 -0700] "-" 400 0 "-" "-"
207.46.204.211 - - [17/Apr/2012:07:31:06 -0700] "-" 400 0 "-" "-"
207.46.204.211 - - [17/Apr/2012:07:31:09 -0700] "-" 400 0 "-" "-"
207.46.204.211 - - [17/Apr/2012:07:31:10 -0700] "-" 400 0 "-" "-"
207.46.204.211 - - [17/Apr/2012:07:31:10 -0700] "-" 400 0 "-" "-"
207.46.204.211 - - [17/Apr/2012:07:31:10 -0700] "-" 400 0 "-" "-"
207.46.204.211 - - [17/Apr/2012:07:31:11 -0700] "-" 400 0 "-" "-"
207.46.204.211 - - [17/Apr/2012:07:31:11 -0700] "-" 400 0 "-" "-"
207.46.204.211 - - [17/Apr/2012:07:31:12 -0700] "-" 400 0 "-" "-"
207.46.204.211 - - [17/Apr/2012:07:31:13 -0700] "-" 400 0 "-" "-"
207.46.204.211 - - [17/Apr/2012:07:31:13 -0700] "-" 400 0 "-" "-"
101.63.251.60 - - [17/Apr/2012:07:31:58 -0700] "-" 400 0 "-" "-"
207.46.204.211 - - [17/Apr/2012:07:32:12 -0700] "-" 400 0 "-" "-"
124.115.0.103 - - [17/Apr/2012:07:32:49 -0700] "GET / HTTP/1.1" 304 0 "-" "Sosospider+(+http://help.soso.com/webspider.htm)"
180.76.5.169 - - [17/Apr/2012:07:33:02 -0700] "GET / HTTP/1.1" 200 3439 "-" "Mozilla/5.0 (compatible; Baiduspider/2.0; +http://www.baidu.com/search/spider.html)"
157.55.112.205 - - [17/Apr/2012:07:33:45 -0700] "-" 400 0 "-" "-"
157.55.112.205 - - [17/Apr/2012:07:33:45 -0700] "-" 400 0 "-" "-"
157.55.112.205 - - [17/Apr/2012:07:33:45 -0700] "-" 400 0 "-" "-"
157.55.112.205 - - [17/Apr/2012:07:33:45 -0700] "-" 400 0 "-" "-"
157.55.112.205 - - [17/Apr/2012:07:33:46 -0700] "-" 400 0 "-" "-"
157.55.112.205 - - [17/Apr/2012:07:33:46 -0700] "-" 400 0 "-" "-"
157.55.112.205 - - [17/Apr/2012:07:33:46 -0700] "-" 400 0 "-" "-"
157.55.112.205 - - [17/Apr/2012:07:33:46 -0700] "-" 400 0 "-" "-"
157.55.112.205 - - [17/Apr/2012:07:33:46 -0700] "-" 400 0 "-" "-"
157.55.112.205 - - [17/Apr/2012:07:33:46 -0700] "-" 400 0 "-" "-"
157.55.112.205 - - [17/Apr/2012:07:33:46 -0700] "-" 400 0 "-" "-"
157.55.112.205 - - [17/Apr/2012:07:33:46 -0700] "-" 400 0 "-" "-"
157.55.112.205 - - [17/Apr/2012:07:34:43 -0700] "-" 400 0 "-" "-"
85.17.88.169 - - [17/Apr/2012:07:35:00 -0700] "POST /blog/wp-cron.php?doing_wp_cron=1334672922 HTTP/1.0" 499 0 "-" "WordPress/3.3.1; http://yuvi.in/blog"
101.226.33.179 - - [17/Apr/2012:07:35:00 -0700] "GET /blog/feed HTTP/1.0" 304 0 "-" "Mozilla/4.0 (compatible; Windows;)"
101.63.251.60 - - [17/Apr/2012:07:36:47 -0700] "-" 400 0 "-" "-"
101.63.251.60 - - [17/Apr/2012:07:36:47 -0700] "-" 400 0 "-" "-"
101.63.251.60 - - [17/Apr/2012:07:36:47 -0700] "-" 400 0 "-" "-"
101.63.251.60 - - [17/Apr/2012:07:36:47 -0700] "-" 400 0 "-" "-"
101.63.251.60 - - [17/Apr/2012:07:36:47 -0700] "-" 400 0 "-" "-"
101.63.251.60 - - [17/Apr/2012:07:36:47 -0700] "-" 400 0 "-" "-"
209.85.224.99 - - [17/Apr/2012:07:37:37 -0700] "GET /stories/feed HTTP/1.1" 200 13653 "-" "FeedBurner/1.0 (http://www.FeedBurner.com)"
122.178.160.175 - - [17/Apr/2012:07:38:24 -0700] "GET /r/16a2 HTTP/1.1" 301 257 "http://ta.wikipedia.org/wiki/%E0%AE%A4%E0%AE%BF%E0%AE%B0%E0%AF%88%E0%AE%95%E0%AF%8D%E0%AE%95%E0%AE%A4%E0%AF%88" "Mozilla/5.0 (Windows NT 5.2; WOW64; rv:11.0) Gecko/20100101 Firefox/11.0"
122.178.160.175 - - [17/Apr/2012:07:38:25 -0700] "GET /s/ta/16a2/ HTTP/1.1" 302 373 "http://ta.wikipedia.org/wiki/%E0%AE%A4%E0%AE%BF%E0%AE%B0%E0%AF%88%E0%AE%95%E0%AF%8D%E0%AE%95%E0%AE%A4%E0%AF%88" "Mozilla/5.0 (Windows NT 5.2; WOW64; rv:11.0) Gecko/20100101 Firefox/11.0"
85.17.88.169 - - [17/Apr/2012:07:39:35 -0700] "POST /blog/wp-cron.php?doing_wp_cron=1334673197 HTTP/1.0" 499 0 "-" "WordPress/3.3.1; http://yuvi.in/blog"
59.78.15.179 - - [17/Apr/2012:07:39:36 -0700] "GET /blog/index.html HTTP/1.1" 404 3016 "http://yuvi.in/blog/interview-sriram-krishnan-5-years-old/" "Mozilla/5.0 (Windows NT 6.1) AppleWebKit/535.19 (KHTML, like Gecko) Chrome/18.0.1025.162 Safari/535.19"
59.78.15.179 - - [17/Apr/2012:07:39:38 -0700] "GET /favicon.ico HTTP/1.1" 404 199 "-" "Mozilla/5.0 (Windows NT 6.1) AppleWebKit/535.19 (KHTML, like Gecko) Chrome/18.0.1025.162 Safari/535.19"
220.181.108.97 - - [17/Apr/2012:07:39:53 -0700] "GET / HTTP/1.1" 200 3439 "-" "Mozilla/5.0 (compatible; Baiduspider/2.0; +http://www.baidu.com/search/spider.html)"
69.171.234.3 - - [17/Apr/2012:07:39:59 -0700] "GET /r/5gx HTTP/1.1" 301 255 "-" "facebookexternalhit/1.1 (+http://www.facebook.com/externalhit_uatext.php)"
69.171.234.0 - - [17/Apr/2012:07:39:59 -0700] "GET /s/ta/5gx/ HTTP/1.1" 302 721 "-" "facebookexternalhit/1.1 (+http://www.facebook.com/externalhit_uatext.php)"
123.125.71.32 - - [17/Apr/2012:07:41:26 -0700] "GET / HTTP/1.1" 200 3439 "-" "Mozilla/5.0 (compatible; Baiduspider/2.0; +http://www.baidu.com/search/spider.html)"
85.17.88.169 - - [17/Apr/2012:07:43:53 -0700] "POST /blog/wp-cron.php?doing_wp_cron=1334673455 HTTP/1.0" 499 0 "-" "WordPress/3.3.1; http://yuvi.in/blog"
209.85.238.182 - - [17/Apr/2012:07:43:54 -0700] "GET /blog/feed HTTP/1.1" 301 0 "-" "Feedfetcher-Google; (+http://www.google.com/feedfetcher.html; 3 subscribers; feed-id=17684830852112633560)"
85.17.88.169 - - [17/Apr/2012:07:43:55 -0700] "POST /blog/wp-cron.php?doing_wp_cron=1334673458 HTTP/1.0" 499 0 "-" "WordPress/3.3.1; http://yuvi.in/blog"
209.85.238.182 - - [17/Apr/2012:07:43:56 -0700] "GET /blog/feed/ HTTP/1.1" 304 0 "-" "Feedfetcher-Google; (+http://www.google.com/feedfetcher.html; 3 subscribers; feed-id=17684830852112633560)"
74.125.126.103 - - [17/Apr/2012:07:44:55 -0700] "GET /favicon.ico HTTP/1.1" 404 142 "-" "-"
117.216.112.170 - - [17/Apr/2012:07:45:37 -0700] "-" 400 0 "-" "-"
207.46.204.220 - - [17/Apr/2012:07:46:32 -0700] "-" 400 0 "-" "-"
207.46.204.220 - - [17/Apr/2012:07:46:35 -0700] "-" 400 0 "-" "-"
207.46.204.220 - - [17/Apr/2012:07:46:35 -0700] "-" 400 0 "-" "-"
207.46.204.220 - - [17/Apr/2012:07:46:36 -0700] "-" 400 0 "-" "-"
207.46.204.220 - - [17/Apr/2012:07:46:36 -0700] "-" 400 0 "-" "-"
207.46.204.220 - - [17/Apr/2012:07:46:44 -0700] "-" 400 0 "-" "-"
207.46.204.220 - - [17/Apr/2012:07:46:45 -0700] "-" 400 0 "-" "-"
207.46.204.220 - - [17/Apr/2012:07:46:45 -0700] "-" 400 0 "-" "-"
207.46.204.220 - - [17/Apr/2012:07:46:46 -0700] "-" 400 0 "-" "-"
207.46.204.220 - - [17/Apr/2012:07:46:46 -0700] "-" 400 0 "-" "-"
207.46.204.220 - - [17/Apr/2012:07:47:17 -0700] "-" 400 0 "-" "-"
85.17.88.169 - - [17/Apr/2012:07:47:46 -0700] "POST /blog/wp-cron.php?doing_wp_cron=1334673688 HTTP/1.0" 499 0 "-" "WordPress/3.3.1; http://yuvi.in/blog"
209.85.224.98 - - [17/Apr/2012:07:47:46 -0700] "GET /blog/feed HTTP/1.1" 304 0 "-" "FeedBurner/1.0 (http://www.FeedBurner.com)"
117.216.112.170 - - [17/Apr/2012:07:47:57 -0700] "-" 400 0 "-" "-"
117.216.112.170 - - [17/Apr/2012:07:47:57 -0700] "-" 400 0 "-" "-"
117.216.112.170 - - [17/Apr/2012:07:47:57 -0700] "-" 400 0 "-" "-"
117.216.112.170 - - [17/Apr/2012:07:47:57 -0700] "-" 400 0 "-" "-"
117.216.122.1 - - [17/Apr/2012:07:48:06 -0700] "-" 400 0 "-" "-"
117.216.112.170 - - [17/Apr/2012:07:48:27 -0700] "-" 400 0 "-" "-"
117.216.112.170 - - [17/Apr/2012:07:48:27 -0700] "-" 400 0 "-" "-"
117.216.112.170 - - [17/Apr/2012:07:48:27 -0700] "-" 400 0 "-" "-"
117.216.112.170 - - [17/Apr/2012:07:49:57 -0700] "-" 400 0 "-" "-"
117.216.112.170 - - [17/Apr/2012:07:49:57 -0700] "-" 400 0 "-" "-"
117.216.112.170 - - [17/Apr/2012:07:49:57 -0700] "-" 400 0 "-" "-"
117.216.112.170 - - [17/Apr/2012:07:49:57 -0700] "-" 400 0 "-" "-"
117.216.122.1 - - [17/Apr/2012:07:51:06 -0700] "-" 400 0 "-" "-"
117.216.122.1 - - [17/Apr/2012:07:51:06 -0700] "-" 400 0 "-" "-"
117.216.122.1 - - [17/Apr/2012:07:51:06 -0700] "-" 400 0 "-" "-"
117.216.122.1 - - [17/Apr/2012:07:51:06 -0700] "-" 400 0 "-" "-"
117.216.122.1 - - [17/Apr/2012:07:51:06 -0700] "-" 400 0 "-" "-"
182.72.202.81 - - [17/Apr/2012:07:51:22 -0700] "-" 400 0 "-" "-"
182.72.202.81 - - [17/Apr/2012:07:51:22 -0700] "-" 400 0 "-" "-"
182.72.202.81 - - [17/Apr/2012:07:51:22 -0700] "-" 400 0 "-" "-"
182.72.202.81 - - [17/Apr/2012:07:51:22 -0700] "-" 400 0 "-" "-"
182.72.202.81 - - [17/Apr/2012:07:51:22 -0700] "-" 400 0 "-" "-"
182.72.202.81 - - [17/Apr/2012:07:51:22 -0700] "-" 400 0 "-" "-"
208.115.113.84 - - [17/Apr/2012:07:51:30 -0700] "GET /robots.txt HTTP/1.1" 404 169 "-" "Mozilla/5.0 (compatible; Ezooms/1.0; ezooms.bot@gmail.com)"
117.216.122.1 - - [17/Apr/2012:07:53:16 -0700] "-" 400 0 "-" "-"
59.92.92.111 - - [17/Apr/2012:07:53:49 -0700] "-" 400 0 "-" "-"
59.92.92.111 - - [17/Apr/2012:07:53:49 -0700] "-" 400 0 "-" "-"
59.92.92.111 - - [17/Apr/2012:07:53:49 -0700] "-" 400 0 "-" "-"
59.92.92.111 - - [17/Apr/2012:07:53:49 -0700] "-" 400 0 "-" "-"
69.171.234.5 - - [17/Apr/2012:07:54:47 -0700] "GET /r/33y0 HTTP/1.1" 301 257 "-" "facebookexternalhit/1.1 (+http://www.facebook.com/externalhit_uatext.php)"
69.171.234.2 - - [17/Apr/2012:07:54:47 -0700] "GET /s/ta/33y0/ HTTP/1.1" 302 609 "-" "facebookexternalhit/1.1 (+http://www.facebook.com/externalhit_uatext.php)"
117.217.168.155 - - [17/Apr/2012:07:54:53 -0700] "-" 400 0 "-" "-"
207.46.13.99 - - [17/Apr/2012:07:54:58 -0700] "GET /robots.txt HTTP/1.1" 404 169 "-" "Mozilla/5.0 (compatible; bingbot/2.0; +http://www.bing.com/bingbot.htm)"
207.46.13.99 - - [17/Apr/2012:07:55:00 -0700] "GET /blog/running-archlinux.html HTTP/1.1" 304 0 "-" "Mozilla/5.0 (compatible; bingbot/2.0; +http://www.bing.com/bingbot.htm)"
115.241.98.226 - - [17/Apr/2012:07:57:18 -0700] "-" 400 0 "-" "-"
117.216.112.170 - - [17/Apr/2012:07:57:27 -0700] "-" 400 0 "-" "-"
117.216.112.170 - - [17/Apr/2012:07:57:27 -0700] "-" 400 0 "-" "-"
117.216.112.170 - - [17/Apr/2012:07:58:37 -0700] "-" 400 0 "-" "-"
124.124.215.157 - - [17/Apr/2012:07:59:07 -0700] "-" 400 0 "-" "-"
85.17.88.169 - - [17/Apr/2012:08:00:35 -0700] "POST /blog/wp-cron.php?doing_wp_cron=1334674457 HTTP/1.0" 499 0 "-" "WordPress/3.3.1; http://yuvi.in/blog"
183.82.73.33 - - [17/Apr/2012:08:00:36 -0700] "GET /blog/feed/ HTTP/1.0" 304 0 "-" "FeedDemon/4.0 (http://www.feeddemon.com/; Microsoft Windows)"
85.17.88.169 - - [17/Apr/2012:08:00:43 -0700] "POST /blog/wp-cron.php?doing_wp_cron=1334674465 HTTP/1.0" 499 0 "-" "WordPress/3.3.1; http://yuvi.in/blog"
71.32.205.80 - - [17/Apr/2012:08:00:44 -0700] "GET /blog/favicon.ico HTTP/1.1" 404 3016 "-" "Mozilla/5.0 (Windows NT 5.1; rv:11.0) Gecko/20100101 Firefox/11.0"
117.216.112.170 - - [17/Apr/2012:08:02:17 -0700] "-" 400 0 "-" "-"
117.193.208.11 - - [17/Apr/2012:08:03:29 -0700] "-" 400 0 "-" "-"
117.193.208.11 - - [17/Apr/2012:08:04:09 -0700] "-" 400 0 "-" "-"
117.193.208.11 - - [17/Apr/2012:08:04:09 -0700] "-" 400 0 "-" "-"
117.193.208.11 - - [17/Apr/2012:08:04:09 -0700] "-" 400 0 "-" "-"
117.193.208.11 - - [17/Apr/2012:08:04:10 -0700] "-" 400 0 "-" "-"
117.193.208.11 - - [17/Apr/2012:08:04:50 -0700] "-" 400 0 "-" "-"
117.193.208.11 - - [17/Apr/2012:08:05:30 -0700] "-" 400 0 "-" "-"
117.193.208.11 - - [17/Apr/2012:08:05:30 -0700] "-" 400 0 "-" "-"
117.193.208.11 - - [17/Apr/2012:08:05:30 -0700] "-" 400 0 "-" "-"
117.193.208.11 - - [17/Apr/2012:08:05:30 -0700] "-" 400 0 "-" "-"
117.193.208.11 - - [17/Apr/2012:08:06:10 -0700] "-" 400 0 "-" "-"
121.246.208.126 - - [17/Apr/2012:08:06:23 -0700] "-" 400 0 "-" "-"
141.0.9.132 - - [17/Apr/2012:08:06:35 -0700] "-" 400 0 "-" "-"
141.0.9.132 - - [17/Apr/2012:08:06:35 -0700] "-" 400 0 "-" "-"
141.0.11.64 - - [17/Apr/2012:08:07:50 -0700] "-" 400 0 "-" "-"
117.216.112.170 - - [17/Apr/2012:08:08:13 -0700] "-" 400 0 "-" "-"
117.216.112.170 - - [17/Apr/2012:08:08:13 -0700] "-" 400 0 "-" "-"
117.216.112.170 - - [17/Apr/2012:08:10:43 -0700] "-" 400 0 "-" "-"
122.174.17.86 - - [17/Apr/2012:08:11:14 -0700] "-" 400 0 "-" "-"
101.63.251.60 - - [17/Apr/2012:08:13:09 -0700] "-" 400 0 "-" "-"
101.63.251.60 - - [17/Apr/2012:08:13:09 -0700] "-" 400 0 "-" "-"
101.63.251.60 - - [17/Apr/2012:08:13:09 -0700] "-" 400 0 "-" "-"
101.63.251.60 - - [17/Apr/2012:08:13:09 -0700] "-" 400 0 "-" "-"
101.63.251.60 - - [17/Apr/2012:08:13:09 -0700] "-" 400 0 "-" "-"
117.193.208.11 - - [17/Apr/2012:08:13:16 -0700] "-" 400 0 "-" "-"
117.193.208.11 - - [17/Apr/2012:08:13:16 -0700] "-" 400 0 "-" "-"
117.193.208.11 - - [17/Apr/2012:08:13:16 -0700] "-" 400 0 "-" "-"
117.193.208.11 - - [17/Apr/2012:08:13:16 -0700] "-" 400 0 "-" "-"
117.193.208.11 - - [17/Apr/2012:08:13:16 -0700] "-" 400 0 "-" "-"
122.174.17.86 - - [17/Apr/2012:08:13:33 -0700] "-" 400 0 "-" "-"
117.193.208.11 - - [17/Apr/2012:08:14:16 -0700] "-" 400 0 "-" "-"
122.174.17.86 - - [17/Apr/2012:08:14:43 -0700] "-" 400 0 "-" "-"
122.174.17.86 - - [17/Apr/2012:08:14:53 -0700] "-" 400 0 "-" "-"
117.193.208.11 - - [17/Apr/2012:08:15:16 -0700] "-" 400 0 "-" "-"
122.174.17.86 - - [17/Apr/2012:08:15:23 -0700] "-" 400 0 "-" "-"
117.193.208.11 - - [17/Apr/2012:08:15:36 -0700] "-" 400 0 "-" "-"
117.193.208.11 - - [17/Apr/2012:08:15:36 -0700] "-" 400 0 "-" "-"
117.193.208.11 - - [17/Apr/2012:08:15:36 -0700] "-" 400 0 "-" "-"
117.193.208.11 - - [17/Apr/2012:08:15:36 -0700] "-" 400 0 "-" "-"
124.124.215.157 - - [17/Apr/2012:08:17:45 -0700] "-" 400 0 "-" "-"
152.133.6.4 - - [17/Apr/2012:08:17:46 -0700] "GET /AssessmentBar/r/Unassessed_India_articles/ HTTP/1.1" 302 275 "http://en.wikipedia.org/wiki/Devdoot_(1995_film)" "Mozilla/5.0 (Windows NT 5.1; rv:5.0) Gecko/20100101 Firefox/5.0"
85.17.88.169 - - [17/Apr/2012:08:17:58 -0700] "POST /blog/wp-cron.php?doing_wp_cron=1334675500 HTTP/1.0" 499 0 "-" "WordPress/3.3.1; http://yuvi.in/blog"
209.85.224.86 - - [17/Apr/2012:08:17:59 -0700] "GET /blog/feed HTTP/1.1" 304 0 "-" "FeedBurner/1.0 (http://www.FeedBurner.com)"
85.17.88.169 - - [17/Apr/2012:08:18:02 -0700] "POST /blog/wp-cron.php?doing_wp_cron=1334675504 HTTP/1.0" 499 0 "-" "WordPress/3.3.1; http://yuvi.in/blog"
209.85.238.182 - - [17/Apr/2012:08:18:03 -0700] "GET /blog/feed/ HTTP/1.1" 304 0 "-" "Feedfetcher-Google; (+http://www.google.com/feedfetcher.html; 19 subscribers; feed-id=15064232456473204253)"
66.249.73.23 - - [17/Apr/2012:08:19:19 -0700] "GET /r/2yqp HTTP/1.1" 301 257 "-" "Mozilla/5.0 (compatible; Googlebot/2.1; +http://www.google.com/bot.html)"
66.249.73.23 - - [17/Apr/2012:08:19:20 -0700] "GET /s/ta/2yqp/ HTTP/1.1" 302 373 "-" "Mozilla/5.0 (compatible; Googlebot/2.1; +http://www.google.com/bot.html)"
117.202.88.217 - - [17/Apr/2012:08:20:07 -0700] "-" 400 0 "-" "-"
207.46.13.101 - - [17/Apr/2012:08:20:17 -0700] "GET /robots.txt HTTP/1.1" 404 238 "-" "Mozilla/5.0 (compatible; bingbot/2.0; +http://www.bing.com/bingbot.htm)"
207.46.13.101 - - [17/Apr/2012:08:22:23 -0700] "GET /r/0 HTTP/1.1" 301 251 "-" "Mozilla/5.0 (compatible; bingbot/2.0; +http://www.bing.com/bingbot.htm)"
59.97.120.217 - - [17/Apr/2012:08:25:39 -0700] "GET /r/4xd HTTP/1.1" 301 255 "http://ta.wikipedia.org/wiki/%E0%AE%86%E0%AE%A4%E0%AF%8D%E0%AE%A4%E0%AE%BF%E0%AE%9A%E0%AF%82%E0%AE%9F%E0%AE%BF" "Mozilla/5.0 (Windows NT 5.1) AppleWebKit/535.19 (KHTML, like Gecko) Chrome/18.0.1025.162 Safari/535.19"
59.97.120.217 - - [17/Apr/2012:08:25:39 -0700] "GET /s/ta/4xd/ HTTP/1.1" 302 373 "http://ta.wikipedia.org/wiki/%E0%AE%86%E0%AE%A4%E0%AF%8D%E0%AE%A4%E0%AE%BF%E0%AE%9A%E0%AF%82%E0%AE%9F%E0%AE%BF" "Mozilla/5.0 (Windows NT 5.1) AppleWebKit/535.19 (KHTML, like Gecko) Chrome/18.0.1025.162 Safari/535.19"
59.97.120.217 - - [17/Apr/2012:08:25:56 -0700] "-" 400 0 "-" "-"
85.17.88.169 - - [17/Apr/2012:08:28:27 -0700] "POST /blog/wp-cron.php?doing_wp_cron=1334676129 HTTP/1.0" 499 0 "-" "WordPress/3.3.1; http://yuvi.in/blog"
65.52.109.146 - - [17/Apr/2012:08:28:28 -0700] "GET /blog/tag/photography/ HTTP/1.1" 200 9105 "-" "Mozilla/5.0 (compatible; bingbot/2.0; +http://www.bing.com/bingbot.htm)"
117.202.82.250 - - [17/Apr/2012:08:28:49 -0700] "-" 400 0 "-" "-"
124.125.37.134 - - [17/Apr/2012:08:30:02 -0700] "-" 400 0 "-" "-"
122.174.14.164 - - [17/Apr/2012:08:30:12 -0700] "-" 400 0 "-" "-"
122.174.14.164 - - [17/Apr/2012:08:30:12 -0700] "-" 400 0 "-" "-"
122.174.14.164 - - [17/Apr/2012:08:30:12 -0700] "-" 400 0 "-" "-"
122.174.14.164 - - [17/Apr/2012:08:30:12 -0700] "-" 400 0 "-" "-"
117.202.82.250 - - [17/Apr/2012:08:30:45 -0700] "-" 400 0 "-" "-"
66.220.147.245 - - [17/Apr/2012:08:30:52 -0700] "GET /r/1ck4 HTTP/1.1" 301 257 "-" "facebookexternalhit/1.1 (+http://www.facebook.com/externalhit_uatext.php)"
66.220.147.246 - - [17/Apr/2012:08:30:53 -0700] "GET /s/ta/1ck4/ HTTP/1.1" 302 349 "-" "facebookexternalhit/1.1 (+http://www.facebook.com/externalhit_uatext.php)"
117.207.66.103 - - [17/Apr/2012:08:31:43 -0700] "-" 400 0 "-" "-"
117.207.66.103 - - [17/Apr/2012:08:31:43 -0700] "-" 400 0 "-" "-"
117.207.66.103 - - [17/Apr/2012:08:31:43 -0700] "-" 400 0 "-" "-"
117.207.66.103 - - [17/Apr/2012:08:31:43 -0700] "-" 400 0 "-" "-"
122.174.96.14 - - [17/Apr/2012:08:32:16 -0700] "-" 400 0 "-" "-"
122.174.14.164 - - [17/Apr/2012:08:32:21 -0700] "-" 400 0 "-" "-"
122.174.14.164 - - [17/Apr/2012:08:32:21 -0700] "-" 400 0 "-" "-"
122.174.14.164 - - [17/Apr/2012:08:32:21 -0700] "-" 400 0 "-" "-"
122.174.14.164 - - [17/Apr/2012:08:32:21 -0700] "-" 400 0 "-" "-"
117.207.66.103 - - [17/Apr/2012:08:32:23 -0700] "-" 400 0 "-" "-"
59.92.85.211 - - [17/Apr/2012:08:32:53 -0700] "-" 400 0 "-" "-"
69.171.234.5 - - [17/Apr/2012:08:33:00 -0700] "GET /r/ts0 HTTP/1.1" 301 255 "-" "facebookexternalhit/1.1 (+http://www.facebook.com/externalhit_uatext.php)"
69.171.234.2 - - [17/Apr/2012:08:33:00 -0700] "GET /s/ta/ts0/ HTTP/1.1" 302 425 "-" "facebookexternalhit/1.1 (+http://www.facebook.com/externalhit_uatext.php)"
175.157.252.177 - - [17/Apr/2012:08:33:21 -0700] "GET /r/2ql HTTP/1.1" 301 255 "http://ta.wikipedia.org/wiki/%E0%AE%AA%E0%AE%95%E0%AF%81%E0%AE%AA%E0%AF%8D%E0%AE%AA%E0%AF%81:%E0%AE%92%E0%AE%B2%E0%AE%BF%E0%AE%AF%E0%AE%BF%E0%AE%AF%E0%AE%B2%E0%AF%8D" "Mozilla/5.0 (Windows NT 6.1) AppleWebKit/536.5 (KHTML, like Gecko) Chrome/19.0.1084.24 Safari/536.5"
175.157.252.177 - - [17/Apr/2012:08:33:23 -0700] "GET /s/ta/2ql/ HTTP/1.1" 302 447 "http://ta.wikipedia.org/wiki/%E0%AE%AA%E0%AE%95%E0%AF%81%E0%AE%AA%E0%AF%8D%E0%AE%AA%E0%AF%81:%E0%AE%92%E0%AE%B2%E0%AE%BF%E0%AE%AF%E0%AE%BF%E0%AE%AF%E0%AE%B2%E0%AF%8D" "Mozilla/5.0 (Windows NT 6.1) AppleWebKit/536.5 (KHTML, like Gecko) Chrome/19.0.1084.24 Safari/536.5"
117.202.82.250 - - [17/Apr/2012:08:33:25 -0700] "-" 400 0 "-" "-"
124.123.204.226 - - [17/Apr/2012:08:33:27 -0700] "GET /r/33zx HTTP/1.1" 404 199 "-" "Mozilla/5.0 (Windows NT 6.1; WOW64) AppleWebKit/535.19 (KHTML, like Gecko) Chrome/18.0.1025.142 Safari/535.19"
124.123.204.226 - - [17/Apr/2012:08:33:27 -0700] "GET /favicon.ico HTTP/1.1" 404 199 "-" "Mozilla/5.0 (Windows NT 6.1; WOW64) AppleWebKit/535.19 (KHTML, like Gecko) Chrome/18.0.1025.142 Safari/535.19"
175.157.252.177 - - [17/Apr/2012:08:33:34 -0700] "-" 400 0 "-" "-"
124.123.204.226 - - [17/Apr/2012:08:33:45 -0700] "-" 400 0 "-" "-"
124.123.204.226 - - [17/Apr/2012:08:33:56 -0700] "GET /favicon.ico HTTP/1.1" 404 199 "-" "Mozilla/5.0 (Windows NT 6.1; WOW64) AppleWebKit/535.19 (KHTML, like Gecko) Chrome/18.0.1025.142 Safari/535.19"
124.123.204.226 - - [17/Apr/2012:08:33:59 -0700] "GET / HTTP/1.1" 200 1430 "-" "Mozilla/5.0 (Windows NT 6.1; WOW64) AppleWebKit/535.19 (KHTML, like Gecko) Chrome/18.0.1025.142 Safari/535.19"
124.123.204.226 - - [17/Apr/2012:08:33:59 -0700] "GET /blueprint/screen.css HTTP/1.1" 200 12058 "http://www.tawp.in/" "Mozilla/5.0 (Windows NT 6.1; WOW64) AppleWebKit/535.19 (KHTML, like Gecko) Chrome/18.0.1025.142 Safari/535.19"
124.123.204.226 - - [17/Apr/2012:08:33:59 -0700] "GET /blueprint/print.css HTTP/1.1" 200 1284 "http://www.tawp.in/" "Mozilla/5.0 (Windows NT 6.1; WOW64) AppleWebKit/535.19 (KHTML, like Gecko) Chrome/18.0.1025.142 Safari/535.19"
124.123.204.226 - - [17/Apr/2012:08:33:59 -0700] "GET /header.png HTTP/1.1" 200 14249 "http://www.tawp.in/" "Mozilla/5.0 (Windows NT 6.1; WOW64) AppleWebKit/535.19 (KHTML, like Gecko) Chrome/18.0.1025.142 Safari/535.19"
124.123.204.226 - - [17/Apr/2012:08:34:00 -0700] "GET /favicon.ico HTTP/1.1" 404 199 "-" "Mozilla/5.0 (Windows NT 6.1; WOW64) AppleWebKit/535.19 (KHTML, like Gecko) Chrome/18.0.1025.142 Safari/535.19"
124.123.204.226 - - [17/Apr/2012:08:34:17 -0700] "GET /blog HTTP/1.1" 301 178 "http://www.tawp.in/" "Mozilla/5.0 (Windows NT 6.1; WOW64) AppleWebKit/535.19 (KHTML, like Gecko) Chrome/18.0.1025.142 Safari/535.19"
85.17.88.169 - - [17/Apr/2012:08:34:19 -0700] "POST /blog/wp-cron.php?doing_wp_cron=1334676481 HTTP/1.0" 499 0 "-" "WordPress/3.3.1; http://yuvi.in/blog"
124.123.204.226 - - [17/Apr/2012:08:34:19 -0700] "GET /blog/ HTTP/1.1" 200 9194 "http://www.tawp.in/" "Mozilla/5.0 (Windows NT 6.1; WOW64) AppleWebKit/535.19 (KHTML, like Gecko) Chrome/18.0.1025.142 Safari/535.19"
124.123.204.226 - - [17/Apr/2012:08:34:20 -0700] "GET /blog/wp-content/themes/cleanr/style.css HTTP/1.1" 200 10508 "http://yuvi.in/blog/" "Mozilla/5.0 (Windows NT 6.1; WOW64) AppleWebKit/535.19 (KHTML, like Gecko) Chrome/18.0.1025.142 Safari/535.19"
124.123.204.226 - - [17/Apr/2012:08:34:20 -0700] "GET /blog/wp-content/themes/cleanr/js/jquery.dropdown.js?ver=3.3.1 HTTP/1.1" 200 535 "http://yuvi.in/blog/" "Mozilla/5.0 (Windows NT 6.1; WOW64) AppleWebKit/535.19 (KHTML, like Gecko) Chrome/18.0.1025.142 Safari/535.19"
124.123.204.226 - - [17/Apr/2012:08:34:20 -0700] "GET /stories HTTP/1.1" 301 185 "http://www.tawp.in/" "Mozilla/5.0 (Windows NT 6.1; WOW64) AppleWebKit/535.19 (KHTML, like Gecko) Chrome/18.0.1025.142 Safari/535.19"
124.123.204.226 - - [17/Apr/2012:08:34:20 -0700] "GET /stories/ HTTP/1.1" 200 1271 "http://www.tawp.in/" "Mozilla/5.0 (Windows NT 6.1; WOW64) AppleWebKit/535.19 (KHTML, like Gecko) Chrome/18.0.1025.142 Safari/535.19"
124.123.204.226 - - [17/Apr/2012:08:34:21 -0700] "GET /stories/static/style.css HTTP/1.1" 200 1274 "http://yuvi.in/stories/" "Mozilla/5.0 (Windows NT 6.1; WOW64) AppleWebKit/535.19 (KHTML, like Gecko) Chrome/18.0.1025.142 Safari/535.19"
124.123.204.226 - - [17/Apr/2012:08:34:21 -0700] "GET /blog/wp-content/themes/cleanr/css/text.css HTTP/1.1" 200 420 "http://yuvi.in/blog/" "Mozilla/5.0 (Windows NT 6.1; WOW64) AppleWebKit/535.19 (KHTML, like Gecko) Chrome/18.0.1025.142 Safari/535.19"
124.123.204.226 - - [17/Apr/2012:08:34:21 -0700] "GET /blog/wp-content/themes/cleanr/css/reset.css HTTP/1.1" 200 648 "http://yuvi.in/blog/" "Mozilla/5.0 (Windows NT 6.1; WOW64) AppleWebKit/535.19 (KHTML, like Gecko) Chrome/18.0.1025.142 Safari/535.19"
124.123.204.226 - - [17/Apr/2012:08:34:21 -0700] "GET /blog/wp-content/themes/cleanr/css/960.css HTTP/1.1" 200 3628 "http://yuvi.in/blog/" "Mozilla/5.0 (Windows NT 6.1; WOW64) AppleWebKit/535.19 (KHTML, like Gecko) Chrome/18.0.1025.142 Safari/535.19"
124.123.204.226 - - [17/Apr/2012:08:34:21 -0700] "GET /stories/static/codehilite.css HTTP/1.1" 200 4012 "http://yuvi.in/stories/" "Mozilla/5.0 (Windows NT 6.1; WOW64) AppleWebKit/535.19 (KHTML, like Gecko) Chrome/18.0.1025.142 Safari/535.19"
124.123.204.226 - - [17/Apr/2012:08:34:21 -0700] "GET /blog/wp-includes/js/jquery/jquery.js?ver=1.7.1 HTTP/1.1" 200 93889 "http://yuvi.in/blog/" "Mozilla/5.0 (Windows NT 6.1; WOW64) AppleWebKit/535.19 (KHTML, like Gecko) Chrome/18.0.1025.142 Safari/535.19"
124.123.204.226 - - [17/Apr/2012:08:34:22 -0700] "GET /blog/wp-content/themes/cleanr/images/search_magnifier.gif HTTP/1.1" 200 394 "http://yuvi.in/blog/" "Mozilla/5.0 (Windows NT 6.1; WOW64) AppleWebKit/535.19 (KHTML, like Gecko) Chrome/18.0.1025.142 Safari/535.19"
124.123.204.226 - - [17/Apr/2012:08:34:23 -0700] "GET /favicon.ico HTTP/1.1" 404 199 "-" "Mozilla/5.0 (Windows NT 6.1; WOW64) AppleWebKit/535.19 (KHTML, like Gecko) Chrome/18.0.1025.142 Safari/535.19"
