117.192.119.12 - - [20/Mar/2012:11:54:47 -0700] "GET /blog/wp-content/themes/cleanr/css/text.css HTTP/1.1" 200 420 "http://yuvi.in/blog/wp-content/themes/cleanr/style.css" "Mozilla/5.0 (X11; Linux x86_64; rv:11.0) Gecko/20100101 Firefox/11.0"
117.192.119.12 - - [20/Mar/2012:11:54:47 -0700] "GET /blog/wp-includes/js/jquery/jquery.js?ver=1.7.1 HTTP/1.1" 200 93889 "http://yuvi.in/blog/" "Mozilla/5.0 (X11; Linux x86_64; rv:11.0) Gecko/20100101 Firefox/11.0"
117.192.119.12 - - [20/Mar/2012:11:54:47 -0700] "GET /blog/wp-content/themes/cleanr/css/960.css HTTP/1.1" 200 3628 "http://yuvi.in/blog/wp-content/themes/cleanr/style.css" "Mozilla/5.0 (X11; Linux x86_64; rv:11.0) Gecko/20100101 Firefox/11.0"
117.192.119.12 - - [20/Mar/2012:11:54:48 -0700] "GET /blog/wp-content/themes/cleanr/images/search_magnifier.gif HTTP/1.1" 200 394 "http://yuvi.in/blog/" "Mozilla/5.0 (X11; Linux x86_64; rv:11.0) Gecko/20100101 Firefox/11.0"
117.192.119.12 - - [20/Mar/2012:11:54:51 -0700] "-" 400 0 "-" "-"
117.192.119.12 - - [20/Mar/2012:11:54:51 -0700] "-" 400 0 "-" "-"
85.17.88.169 - - [20/Mar/2012:11:55:10 -0700] "POST /blog/wp-cron.php?doing_wp_cron=1332269554 HTTP/1.0" 499 0 "-" "WordPress/3.3.1; http://yuvi.in/blog"
209.85.224.94 - - [20/Mar/2012:11:55:10 -0700] "GET /blog/feed HTTP/1.1" 304 0 "-" "FeedBurner/1.0 (http://www.FeedBurner.com)"
66.249.68.52 - - [20/Mar/2012:11:55:22 -0700] "GET /s/ta/2fd%E0%AE%95%E0%AE%9F%E0%AF%8D%E0%AE%9F%E0%AE%B1%E0%AF%8D%E0%AE%B1/ HTTP/1.1" 502 173 "-" "Mozilla/5.0 (compatible; Googlebot/2.1; +http://www.google.com/bot.html)"
66.249.68.106 - - [20/Mar/2012:11:55:37 -0700] "GET /admin/routes/route/3221/ HTTP/1.1" 404 142 "-" "Mozilla/5.0 (compatible; Googlebot/2.1; +http://www.google.com/bot.html)"
208.80.194.30 - - [20/Mar/2012:11:57:03 -0700] "GET /r/2rvb HTTP/1.0" 301 257 "-" "Mozilla/4.0 (compatible; MSIE 7.0; Windows NT 5.1; YPC 3.2.0; .NET CLR 1.1.4322; yplus 5.3.03b)"
66.249.68.106 - - [20/Mar/2012:11:57:42 -0700] "GET /admin/routes/route/3219/ HTTP/1.1" 404 142 "-" "Mozilla/5.0 (compatible; Googlebot/2.1; +http://www.google.com/bot.html)"
208.80.194.30 - - [20/Mar/2012:11:58:18 -0700] "GET /s/ta/2rvb/ HTTP/1.0" 302 505 "-" "Mozilla/4.0 (compatible; MSIE 6.0; Windows NT 5.1; FunWebProducts; SV1; Windows-Media-Player/10.00.00.3990)"
207.46.12.72 - - [20/Mar/2012:11:58:33 -0700] "-" 400 0 "-" "-"
207.46.12.72 - - [20/Mar/2012:11:58:34 -0700] "-" 400 0 "-" "-"
207.46.12.72 - - [20/Mar/2012:11:58:34 -0700] "-" 400 0 "-" "-"
207.46.12.72 - - [20/Mar/2012:11:58:34 -0700] "-" 400 0 "-" "-"
207.46.12.72 - - [20/Mar/2012:11:58:34 -0700] "-" 400 0 "-" "-"
207.46.12.72 - - [20/Mar/2012:11:58:35 -0700] "-" 400 0 "-" "-"
207.46.12.72 - - [20/Mar/2012:11:58:36 -0700] "-" 400 0 "-" "-"
207.46.12.72 - - [20/Mar/2012:11:58:36 -0700] "-" 400 0 "-" "-"
207.46.12.72 - - [20/Mar/2012:11:58:36 -0700] "-" 400 0 "-" "-"
208.80.194.28 - - [20/Mar/2012:11:59:20 -0700] "GET /blog/story-average-indian-techie/ HTTP/1.0" 200 54312 "-" "Mozilla/4.0 (compatible; MSIE 6.0; AOL 9.0; Windows NT 5.1; SV1; .NET CLR 1.0.3705; .NET CLR 2.0.50215; .NET CLR 1.1.4322; Windows-Media-Player/10.00.00.3990)"
109.230.217.46 - - [20/Mar/2012:11:59:39 -0700] "GET /blog/ HTTP/1.0" 200 33162 "http://yuvi.in/blog/" "Mozilla/4.0 (compatible; MSIE 6.0; Windows NT 5.0)"
122.174.21.8 - - [20/Mar/2012:11:59:40 -0700] "-" 400 0 "-" "-"
122.174.21.8 - - [20/Mar/2012:11:59:40 -0700] "-" 400 0 "-" "-"
122.174.21.8 - - [20/Mar/2012:11:59:40 -0700] "-" 400 0 "-" "-"
66.249.68.106 - - [20/Mar/2012:11:59:47 -0700] "GET /admin/routes/route/3223/ HTTP/1.1" 404 142 "-" "Mozilla/5.0 (compatible; Googlebot/2.1; +http://www.google.com/bot.html)"
66.249.68.106 - - [20/Mar/2012:12:01:53 -0700] "GET /admin/routes/route/3231/ HTTP/1.1" 404 142 "-" "Mozilla/5.0 (compatible; Googlebot/2.1; +http://www.google.com/bot.html)"
122.174.39.48 - - [20/Mar/2012:12:02:27 -0700] "-" 400 0 "-" "-"
122.174.39.48 - - [20/Mar/2012:12:02:47 -0700] "-" 400 0 "-" "-"
85.17.88.169 - - [20/Mar/2012:12:03:36 -0700] "POST /blog/wp-cron.php?doing_wp_cron=1332270060 HTTP/1.0" 499 0 "-" "WordPress/3.3.1; http://yuvi.in/blog"
180.76.5.197 - - [20/Mar/2012:12:03:37 -0700] "GET /blog/2010/06/ HTTP/1.1" 200 5809 "-" "Mozilla/5.0 (compatible; Baiduspider/2.0; +http://www.baidu.com/search/spider.html)"
122.174.39.48 - - [20/Mar/2012:12:03:57 -0700] "-" 400 0 "-" "-"
122.174.39.48 - - [20/Mar/2012:12:03:57 -0700] "-" 400 0 "-" "-"
122.174.39.48 - - [20/Mar/2012:12:03:57 -0700] "-" 400 0 "-" "-"
122.174.39.48 - - [20/Mar/2012:12:03:57 -0700] "-" 400 0 "-" "-"
66.249.68.106 - - [20/Mar/2012:12:03:58 -0700] "GET /admin/routes/route/3237/ HTTP/1.1" 404 142 "-" "Mozilla/5.0 (compatible; Googlebot/2.1; +http://www.google.com/bot.html)"
85.17.88.169 - - [20/Mar/2012:12:04:09 -0700] "POST /blog/wp-cron.php?doing_wp_cron=1332270093 HTTP/1.0" 499 0 "-" "WordPress/3.3.1; http://yuvi.in/blog"
189.29.158.114 - - [20/Mar/2012:12:04:09 -0700] "GET /blog/my-vimrc/ HTTP/1.1" 200 15921 "-" "Mozilla/5.0 (compatible; Googlebot/2.1; +http://www.google.com/bot.html)"
122.174.39.48 - - [20/Mar/2012:12:05:27 -0700] "-" 400 0 "-" "-"
66.249.68.106 - - [20/Mar/2012:12:06:03 -0700] "GET /admin/routes/route/3251/ HTTP/1.1" 404 142 "-" "Mozilla/5.0 (compatible; Googlebot/2.1; +http://www.google.com/bot.html)"
66.249.68.106 - - [20/Mar/2012:12:08:15 -0700] "GET /admin/routes/route/3248/ HTTP/1.1" 404 142 "-" "Mozilla/5.0 (compatible; Googlebot/2.1; +http://www.google.com/bot.html)"
157.55.112.203 - - [20/Mar/2012:12:08:21 -0700] "-" 400 0 "-" "-"
157.55.112.203 - - [20/Mar/2012:12:08:27 -0700] "-" 400 0 "-" "-"
157.55.112.203 - - [20/Mar/2012:12:08:30 -0700] "-" 400 0 "-" "-"
157.55.112.203 - - [20/Mar/2012:12:08:31 -0700] "-" 400 0 "-" "-"
157.55.112.203 - - [20/Mar/2012:12:08:31 -0700] "-" 400 0 "-" "-"
157.55.112.203 - - [20/Mar/2012:12:08:33 -0700] "-" 400 0 "-" "-"
157.55.112.203 - - [20/Mar/2012:12:08:36 -0700] "-" 400 0 "-" "-"
157.55.112.203 - - [20/Mar/2012:12:08:38 -0700] "-" 400 0 "-" "-"
157.55.112.203 - - [20/Mar/2012:12:08:38 -0700] "-" 400 0 "-" "-"
157.55.112.203 - - [20/Mar/2012:12:08:38 -0700] "-" 400 0 "-" "-"
157.55.112.203 - - [20/Mar/2012:12:09:22 -0700] "-" 400 0 "-" "-"
66.249.68.106 - - [20/Mar/2012:12:10:00 -0700] "GET /admin/routes/route/3258/ HTTP/1.1" 404 142 "-" "Mozilla/5.0 (compatible; Googlebot/2.1; +http://www.google.com/bot.html)"
208.115.111.68 - - [20/Mar/2012:12:11:36 -0700] "GET /robots.txt HTTP/1.1" 404 169 "-" "Mozilla/5.0 (compatible; Ezooms/1.0; ezooms.bot@gmail.com)"
85.17.88.169 - - [20/Mar/2012:12:12:18 -0700] "POST /blog/wp-cron.php?doing_wp_cron=1332270582 HTTP/1.0" 499 0 "-" "WordPress/3.3.1; http://yuvi.in/blog"
100.43.83.144 - - [20/Mar/2012:12:12:19 -0700] "GET /blog/more-effects-for-cheese/feed/ HTTP/1.1" 200 760 "-" "Mozilla/5.0 (compatible; YandexBot/3.0; +http://yandex.com/bots)"
66.249.68.106 - - [20/Mar/2012:12:14:02 -0700] "GET /admin/routes/route/3293/ HTTP/1.1" 404 142 "-" "Mozilla/5.0 (compatible; Googlebot/2.1; +http://www.google.com/bot.html)"
122.174.39.48 - - [20/Mar/2012:12:15:47 -0700] "-" 400 0 "-" "-"
66.249.68.106 - - [20/Mar/2012:12:16:03 -0700] "GET /admin/routes/route/3330/ HTTP/1.1" 404 142 "-" "Mozilla/5.0 (compatible; Googlebot/2.1; +http://www.google.com/bot.html)"
122.174.39.48 - - [20/Mar/2012:12:16:07 -0700] "-" 400 0 "-" "-"
122.174.39.48 - - [20/Mar/2012:12:16:07 -0700] "-" 400 0 "-" "-"
66.249.68.106 - - [20/Mar/2012:12:18:09 -0700] "GET /admin/routes/route/3321/ HTTP/1.1" 404 142 "-" "Mozilla/5.0 (compatible; Googlebot/2.1; +http://www.google.com/bot.html)"
85.17.88.169 - - [20/Mar/2012:12:19:22 -0700] "POST /blog/wp-cron.php?doing_wp_cron=1332271006 HTTP/1.0" 499 0 "-" "WordPress/3.3.1; http://yuvi.in/blog"
128.208.6.75 - - [20/Mar/2012:12:19:22 -0700] "GET /blog/passing-headers-proxying-nginx/ HTTP/1.0" 200 4281 "-" "Mozilla/5.0/heritrix/3.1.0 (compatible;; http://vancouver.cs.washington.edu:8080/)"
66.249.68.106 - - [20/Mar/2012:12:20:05 -0700] "GET /admin/routes/route/3343/ HTTP/1.1" 404 142 "-" "Mozilla/5.0 (compatible; Googlebot/2.1; +http://www.google.com/bot.html)"
69.171.224.249 - - [20/Mar/2012:12:20:08 -0700] "GET /r/2rj0 HTTP/1.1" 301 257 "-" "facebookexternalhit/1.1 (+http://www.facebook.com/externalhit_uatext.php)"
69.171.224.250 - - [20/Mar/2012:12:20:09 -0700] "GET /s/ta/2rj0/ HTTP/1.1" 302 265 "-" "facebookexternalhit/1.1 (+http://www.facebook.com/externalhit_uatext.php)"
69.171.234.3 - - [20/Mar/2012:12:21:41 -0700] "GET /r/1x7m HTTP/1.1" 301 257 "-" "facebookexternalhit/1.1 (+http://www.facebook.com/externalhit_uatext.php)"
69.171.234.0 - - [20/Mar/2012:12:21:41 -0700] "GET /s/ta/1x7m/ HTTP/1.1" 302 513 "-" "facebookexternalhit/1.1 (+http://www.facebook.com/externalhit_uatext.php)"
66.249.68.106 - - [20/Mar/2012:12:22:06 -0700] "GET /admin/routes/route/3345/ HTTP/1.1" 404 142 "-" "Mozilla/5.0 (compatible; Googlebot/2.1; +http://www.google.com/bot.html)"
208.80.194.73 - - [20/Mar/2012:12:22:59 -0700] "GET /blog/infosys-tcs-or-wipro-none/ HTTP/1.0" 200 24512 "-" "Mozilla/4.0 (compatible; MSIE 7.0; Windows NT 5.1; KB0:716854; PeoplePal 3.0; PeoplePal 6.1; .NET CLR 1.1.4322)"
85.17.88.169 - - [20/Mar/2012:12:23:03 -0700] "POST /blog/wp-cron.php?doing_wp_cron=1332271227 HTTP/1.0" 499 0 "-" "WordPress/3.3.1; http://yuvi.in/blog"
180.76.5.142 - - [20/Mar/2012:12:23:04 -0700] "GET /blog/gsoc-milestones-vala-build-using-autotools/feed/ HTTP/1.1" 200 824 "-" "Mozilla/5.0 (compatible; Baiduspider/2.0; +http://www.baidu.com/search/spider.html)"
209.85.224.92 - - [20/Mar/2012:12:23:16 -0700] "GET /stories/feed HTTP/1.1" 200 13653 "-" "FeedBurner/1.0 (http://www.FeedBurner.com)"
66.249.68.106 - - [20/Mar/2012:12:24:10 -0700] "GET /admin/routes/route/3359/ HTTP/1.1" 404 142 "-" "Mozilla/5.0 (compatible; Googlebot/2.1; +http://www.google.com/bot.html)"
66.249.68.106 - - [20/Mar/2012:12:26:08 -0700] "GET /admin/routes/route/3236/ HTTP/1.1" 404 142 "-" "Mozilla/5.0 (compatible; Googlebot/2.1; +http://www.google.com/bot.html)"
208.115.111.68 - - [20/Mar/2012:12:26:10 -0700] "GET /blog/running-archlinux.html HTTP/1.1" 200 6760 "-" "Mozilla/5.0 (compatible; Ezooms/1.0; ezooms.bot@gmail.com)"
85.237.227.60 - - [20/Mar/2012:12:27:09 -0700] "GET /blog/more-effects-for-cheese.html HTTP/1.1" 200 2311 "http://www.google.com/cse?cx=partner-pub-9300639326172081%3A1124340513&ie=UTF-8&sa=Search&q=cheese+more+effects&hl=en" "Mozilla/5.0 (X11; Linux x86_64; rv:7.0.1) Gecko/20100101 Firefox/7.0.1"
85.237.227.60 - - [20/Mar/2012:12:27:10 -0700] "GET /blog/static/style.css HTTP/1.1" 200 4753 "http://yuvi.in/blog/more-effects-for-cheese.html" "Mozilla/5.0 (X11; Linux x86_64; rv:7.0.1) Gecko/20100101 Firefox/7.0.1"
85.237.227.60 - - [20/Mar/2012:12:27:10 -0700] "GET /blog/static/codehilite.css HTTP/1.1" 200 4012 "http://yuvi.in/blog/more-effects-for-cheese.html" "Mozilla/5.0 (X11; Linux x86_64; rv:7.0.1) Gecko/20100101 Firefox/7.0.1"
85.237.227.60 - - [20/Mar/2012:12:27:12 -0700] "GET /favicon.ico HTTP/1.1" 404 142 "-" "Mozilla/5.0 (X11; Linux x86_64; rv:7.0.1) Gecko/20100101 Firefox/7.0.1"
85.237.227.60 - - [20/Mar/2012:12:27:12 -0700] "GET /favicon.ico HTTP/1.1" 404 142 "-" "Mozilla/5.0 (X11; Linux x86_64; rv:7.0.1) Gecko/20100101 Firefox/7.0.1"
66.249.68.106 - - [20/Mar/2012:12:28:05 -0700] "GET /admin/routes/route/3466/ HTTP/1.1" 404 142 "-" "Mozilla/5.0 (compatible; Googlebot/2.1; +http://www.google.com/bot.html)"
122.174.80.96 - - [20/Mar/2012:12:28:16 -0700] "-" 400 0 "-" "-"
122.174.80.96 - - [20/Mar/2012:12:28:16 -0700] "-" 400 0 "-" "-"
122.174.80.96 - - [20/Mar/2012:12:28:16 -0700] "-" 400 0 "-" "-"
122.174.80.96 - - [20/Mar/2012:12:28:16 -0700] "-" 400 0 "-" "-"
122.174.80.96 - - [20/Mar/2012:12:28:16 -0700] "-" 400 0 "-" "-"
207.46.204.214 - - [20/Mar/2012:12:28:18 -0700] "-" 400 0 "-" "-"
207.46.204.214 - - [20/Mar/2012:12:28:20 -0700] "-" 400 0 "-" "-"
207.46.204.214 - - [20/Mar/2012:12:28:21 -0700] "-" 400 0 "-" "-"
207.46.204.214 - - [20/Mar/2012:12:28:21 -0700] "-" 400 0 "-" "-"
207.46.204.214 - - [20/Mar/2012:12:28:21 -0700] "-" 400 0 "-" "-"
207.46.204.214 - - [20/Mar/2012:12:28:22 -0700] "-" 400 0 "-" "-"
207.46.204.214 - - [20/Mar/2012:12:28:22 -0700] "-" 400 0 "-" "-"
207.46.204.214 - - [20/Mar/2012:12:28:22 -0700] "-" 400 0 "-" "-"
207.46.204.214 - - [20/Mar/2012:12:28:22 -0700] "-" 400 0 "-" "-"
122.172.6.112 - - [20/Mar/2012:12:28:22 -0700] "GET / HTTP/1.1" 200 1430 "-" "Reeder/1.5.5 CFNetwork/548.1.4 Darwin/11.0.0"
122.172.6.112 - - [20/Mar/2012:12:28:23 -0700] "GET /favicon.ico HTTP/1.1" 404 142 "-" "Reeder/1.5.5 CFNetwork/548.1.4 Darwin/11.0.0"
122.172.6.112 - - [20/Mar/2012:12:28:23 -0700] "GET /apple-touch-icon.png HTTP/1.1" 404 142 "-" "Reeder/1.5.5 CFNetwork/548.1.4 Darwin/11.0.0"
122.172.6.112 - - [20/Mar/2012:12:28:23 -0700] "GET /apple-touch-icon-precomposed.png HTTP/1.1" 404 142 "-" "Reeder/1.5.5 CFNetwork/548.1.4 Darwin/11.0.0"
207.46.204.214 - - [20/Mar/2012:12:29:03 -0700] "-" 400 0 "-" "-"
207.46.204.214 - - [20/Mar/2012:12:29:03 -0700] "-" 400 0 "-" "-"
85.17.88.169 - - [20/Mar/2012:12:29:50 -0700] "POST /blog/wp-cron.php?doing_wp_cron=1332271634 HTTP/1.0" 499 0 "-" "WordPress/3.3.1; http://yuvi.in/blog"
209.85.224.80 - - [20/Mar/2012:12:29:50 -0700] "GET /blog/feed HTTP/1.1" 304 0 "-" "FeedBurner/1.0 (http://www.FeedBurner.com)"
66.249.68.106 - - [20/Mar/2012:12:30:05 -0700] "GET /admin/routes/route/3434/ HTTP/1.1" 404 142 "-" "Mozilla/5.0 (compatible; Googlebot/2.1; +http://www.google.com/bot.html)"
66.249.68.106 - - [20/Mar/2012:12:32:04 -0700] "GET /admin/routes/route/3368/ HTTP/1.1" 404 142 "-" "Mozilla/5.0 (compatible; Googlebot/2.1; +http://www.google.com/bot.html)"
66.249.68.106 - - [20/Mar/2012:12:34:04 -0700] "GET /robots.txt HTTP/1.1" 404 142 "-" "Mozilla/5.0 (compatible; Googlebot/2.1; +http://www.google.com/bot.html)"
66.249.68.106 - - [20/Mar/2012:12:34:04 -0700] "GET /admin/routes/route/3474/ HTTP/1.1" 404 142 "-" "Mozilla/5.0 (compatible; Googlebot/2.1; +http://www.google.com/bot.html)"
66.249.68.106 - - [20/Mar/2012:12:36:03 -0700] "GET /admin/routes/route/3476/ HTTP/1.1" 404 142 "-" "Mozilla/5.0 (compatible; Googlebot/2.1; +http://www.google.com/bot.html)"
85.17.88.169 - - [20/Mar/2012:12:39:18 -0700] "POST /blog/wp-cron.php?doing_wp_cron=1332272202 HTTP/1.0" 499 0 "-" "WordPress/3.3.1; http://yuvi.in/blog"
64.62.243.84 - - [20/Mar/2012:12:39:19 -0700] "HEAD /blog/story-average-indian-techie/ HTTP/1.1" 200 0 "-" "-"
66.249.68.106 - - [20/Mar/2012:12:40:53 -0700] "GET /admin/routes/route/3274/ HTTP/1.1" 404 142 "-" "Mozilla/5.0 (compatible; Googlebot/2.1; +http://www.google.com/bot.html)"
66.249.68.106 - - [20/Mar/2012:12:41:48 -0700] "GET /admin/routes/route/3490/ HTTP/1.1" 404 142 "-" "Mozilla/5.0 (compatible; Googlebot/2.1; +http://www.google.com/bot.html)"
85.17.88.169 - - [20/Mar/2012:12:41:50 -0700] "POST /blog/wp-cron.php?doing_wp_cron=1332272354 HTTP/1.0" 499 0 "-" "WordPress/3.3.1; http://yuvi.in/blog"
94.228.34.248 - - [20/Mar/2012:12:41:51 -0700] "GET /blog/ HTTP/1.1" 200 10128 "-" "magpie-crawler/1.1 (U; Linux amd64; en-GB; +http://www.brandwatch.net)"
66.249.68.106 - - [20/Mar/2012:12:42:46 -0700] "GET /admin/routes/route/3491/ HTTP/1.1" 404 142 "-" "Mozilla/5.0 (compatible; Googlebot/2.1; +http://www.google.com/bot.html)"
85.17.88.169 - - [20/Mar/2012:12:43:04 -0700] "POST /blog/wp-cron.php?doing_wp_cron=1332272427 HTTP/1.0" 200 0 "-" "WordPress/3.3.1; http://yuvi.in/blog"
66.135.57.47 - - [20/Mar/2012:12:43:04 -0700] "GET /blog/my-vimrc/ HTTP/1.0" 200 16009 "-" "Mozilla/5.0 (Windows; U; Windows NT 5.1; rv:1.7.3) Gecko/20041001 Firefox/0.10.1"
85.17.88.169 - - [20/Mar/2012:12:43:07 -0700] "POST /blog/wp-cron.php?doing_wp_cron=1332272431 HTTP/1.0" 499 0 "-" "WordPress/3.3.1; http://yuvi.in/blog"
66.135.57.47 - - [20/Mar/2012:12:43:08 -0700] "GET /blog/college-drop/ HTTP/1.0" 200 18395 "-" "Mozilla/5.0 (Windows; U; Windows NT 5.1; rv:1.7.3) Gecko/20041001 Firefox/0.10.1"
66.135.57.47 - - [20/Mar/2012:12:43:10 -0700] "GET /blog/passing-headers-proxying-nginx/ HTTP/1.0" 200 16710 "-" "Mozilla/5.0 (Windows; U; Windows NT 5.1; rv:1.7.3) Gecko/20041001 Firefox/0.10.1"
85.17.88.169 - - [20/Mar/2012:12:43:12 -0700] "POST /blog/wp-cron.php?doing_wp_cron=1332272436 HTTP/1.0" 499 0 "-" "WordPress/3.3.1; http://yuvi.in/blog"
66.135.57.47 - - [20/Mar/2012:12:43:13 -0700] "GET /blog/program/ HTTP/1.0" 200 27214 "-" "Mozilla/5.0 (Windows; U; Windows NT 5.1; rv:1.7.3) Gecko/20041001 Firefox/0.10.1"
85.17.88.169 - - [20/Mar/2012:12:43:16 -0700] "POST /blog/wp-cron.php?doing_wp_cron=1332272440 HTTP/1.0" 499 0 "-" "WordPress/3.3.1; http://yuvi.in/blog"
66.135.57.47 - - [20/Mar/2012:12:43:16 -0700] "GET /blog/devlog-december-26-2011/ HTTP/1.0" 200 16694 "-" "Mozilla/5.0 (Windows; U; Windows NT 5.1; rv:1.7.3) Gecko/20041001 Firefox/0.10.1"
85.17.88.169 - - [20/Mar/2012:12:43:17 -0700] "POST /blog/wp-cron.php?doing_wp_cron=1332272441 HTTP/1.0" 499 0 "-" "WordPress/3.3.1; http://yuvi.in/blog"
208.80.194.73 - - [20/Mar/2012:12:43:18 -0700] "GET /blog/category/so-called-it/ HTTP/1.0" 200 36439 "-" "Mozilla/4.0 (compatible; MSIE 7.0; Windows NT 5.1; FunWebProducts; .NET CLR 1.1.4322; .NET CLR 2.0.50727; .NET CLR 3.0.04506.30; Zune 2.0)"
85.17.88.169 - - [20/Mar/2012:12:43:21 -0700] "POST /blog/wp-cron.php?doing_wp_cron=1332272444 HTTP/1.0" 499 0 "-" "WordPress/3.3.1; http://yuvi.in/blog"
66.135.57.47 - - [20/Mar/2012:12:43:21 -0700] "GET /blog/devlog-december-23-2011/ HTTP/1.0" 200 16517 "-" "Mozilla/5.0 (Windows; U; Windows NT 5.1; rv:1.7.3) Gecko/20041001 Firefox/0.10.1"
122.172.6.112 - - [20/Mar/2012:12:43:23 -0700] "GET / HTTP/1.1" 200 1430 "-" "Reeder/1.5.5 CFNetwork/548.1.4 Darwin/11.0.0"
122.172.6.112 - - [20/Mar/2012:12:43:23 -0700] "GET /favicon.ico HTTP/1.1" 404 142 "-" "Reeder/1.5.5 CFNetwork/548.1.4 Darwin/11.0.0"
122.172.6.112 - - [20/Mar/2012:12:43:24 -0700] "GET /apple-touch-icon.png HTTP/1.1" 404 142 "-" "Reeder/1.5.5 CFNetwork/548.1.4 Darwin/11.0.0"
122.172.6.112 - - [20/Mar/2012:12:43:24 -0700] "GET /apple-touch-icon-precomposed.png HTTP/1.1" 404 142 "-" "Reeder/1.5.5 CFNetwork/548.1.4 Darwin/11.0.0"
85.17.88.169 - - [20/Mar/2012:12:43:24 -0700] "POST /blog/wp-cron.php?doing_wp_cron=1332272448 HTTP/1.0" 499 0 "-" "WordPress/3.3.1; http://yuvi.in/blog"
66.135.57.47 - - [20/Mar/2012:12:43:24 -0700] "GET /blog/devlog-december-21-2011/ HTTP/1.0" 200 17121 "-" "Mozilla/5.0 (Windows; U; Windows NT 5.1; rv:1.7.3) Gecko/20041001 Firefox/0.10.1"
85.17.88.169 - - [20/Mar/2012:12:43:27 -0700] "POST /blog/wp-cron.php?doing_wp_cron=1332272451 HTTP/1.0" 499 0 "-" "WordPress/3.3.1; http://yuvi.in/blog"
66.135.57.47 - - [20/Mar/2012:12:43:28 -0700] "GET /blog/devlog-december-11-2011/ HTTP/1.0" 200 16592 "-" "Mozilla/5.0 (Windows; U; Windows NT 5.1; rv:1.7.3) Gecko/20041001 Firefox/0.10.1"
85.17.88.169 - - [20/Mar/2012:12:43:31 -0700] "POST /blog/wp-cron.php?doing_wp_cron=1332272455 HTTP/1.0" 499 0 "-" "WordPress/3.3.1; http://yuvi.in/blog"
66.135.57.47 - - [20/Mar/2012:12:43:32 -0700] "GET /blog/devlog-december-10-2011/ HTTP/1.0" 200 16387 "-" "Mozilla/5.0 (Windows; U; Windows NT 5.1; rv:1.7.3) Gecko/20041001 Firefox/0.10.1"
85.17.88.169 - - [20/Mar/2012:12:43:34 -0700] "POST /blog/wp-cron.php?doing_wp_cron=1332272458 HTTP/1.0" 499 0 "-" "WordPress/3.3.1; http://yuvi.in/blog"
66.135.57.47 - - [20/Mar/2012:12:43:35 -0700] "GET /blog/devlog-december-7-2011/ HTTP/1.0" 200 16833 "-" "Mozilla/5.0 (Windows; U; Windows NT 5.1; rv:1.7.3) Gecko/20041001 Firefox/0.10.1"
66.249.68.106 - - [20/Mar/2012:12:43:48 -0700] "GET /admin/routes/route/3496/ HTTP/1.1" 404 142 "-" "Mozilla/5.0 (compatible; Googlebot/2.1; +http://www.google.com/bot.html)"
69.171.228.251 - - [20/Mar/2012:12:44:15 -0700] "GET /r/3g7 HTTP/1.1" 301 255 "-" "facebookexternalhit/1.1 (+http://www.facebook.com/externalhit_uatext.php)"
69.171.228.246 - - [20/Mar/2012:12:44:15 -0700] "GET /s/ta/3g7/ HTTP/1.1" 302 465 "-" "facebookexternalhit/1.1 (+http://www.facebook.com/externalhit_uatext.php)"
85.17.88.169 - - [20/Mar/2012:12:44:46 -0700] "POST /blog/wp-cron.php?doing_wp_cron=1332272529 HTTP/1.0" 499 0 "-" "WordPress/3.3.1; http://yuvi.in/blog"
209.85.238.115 - - [20/Mar/2012:12:44:46 -0700] "GET /blog/feed HTTP/1.1" 301 0 "-" "Feedfetcher-Google; (+http://www.google.com/feedfetcher.html; 3 subscribers; feed-id=17684830852112633560)"
85.17.88.169 - - [20/Mar/2012:12:44:48 -0700] "POST /blog/wp-cron.php?doing_wp_cron=1332272532 HTTP/1.0" 499 0 "-" "WordPress/3.3.1; http://yuvi.in/blog"
209.85.238.115 - - [20/Mar/2012:12:44:49 -0700] "GET /blog/feed/ HTTP/1.1" 304 0 "-" "Feedfetcher-Google; (+http://www.google.com/feedfetcher.html; 3 subscribers; feed-id=17684830852112633560)"
85.17.88.169 - - [20/Mar/2012:12:44:56 -0700] "POST /blog/wp-cron.php?doing_wp_cron=1332272540 HTTP/1.0" 499 0 "-" "WordPress/3.3.1; http://yuvi.in/blog"
180.76.5.183 - - [20/Mar/2012:12:44:56 -0700] "GET /blog/?p=129 HTTP/1.1" 301 0 "-" "Mozilla/5.0 (compatible; Baiduspider/2.0; +http://www.baidu.com/search/spider.html)"
85.17.88.169 - - [20/Mar/2012:12:44:58 -0700] "POST /blog/wp-cron.php?doing_wp_cron=1332272542 HTTP/1.0" 499 0 "-" "WordPress/3.3.1; http://yuvi.in/blog"
180.76.6.20 - - [20/Mar/2012:12:44:59 -0700] "GET /blog/working-big-co-unsatisfying/ HTTP/1.1" 200 5431 "-" "Mozilla/5.0 (compatible; Baiduspider/2.0; +http://www.baidu.com/search/spider.html)"
66.249.68.106 - - [20/Mar/2012:12:45:40 -0700] "GET /admin/routes/route/3522/ HTTP/1.1" 404 142 "-" "Mozilla/5.0 (compatible; Googlebot/2.1; +http://www.google.com/bot.html)"
69.171.228.245 - - [20/Mar/2012:12:46:29 -0700] "GET /r/3g7 HTTP/1.1" 301 255 "-" "facebookexternalhit/1.1 (+http://www.facebook.com/externalhit_uatext.php)"
69.171.228.251 - - [20/Mar/2012:12:46:29 -0700] "GET /s/ta/3g7/ HTTP/1.1" 302 465 "-" "facebookexternalhit/1.1 (+http://www.facebook.com/externalhit_uatext.php)"
66.249.68.106 - - [20/Mar/2012:12:47:45 -0700] "GET /admin/routes/route/3520/ HTTP/1.1" 404 142 "-" "Mozilla/5.0 (compatible; Googlebot/2.1; +http://www.google.com/bot.html)"
85.17.88.169 - - [20/Mar/2012:12:49:27 -0700] "POST /blog/wp-cron.php?doing_wp_cron=1332272811 HTTP/1.0" 499 0 "-" "WordPress/3.3.1; http://yuvi.in/blog"
209.85.238.115 - - [20/Mar/2012:12:49:27 -0700] "GET /blog/feed/ HTTP/1.1" 304 0 "-" "Feedfetcher-Google; (+http://www.google.com/feedfetcher.html; 19 subscribers; feed-id=15064232456473204253)"
66.249.68.106 - - [20/Mar/2012:12:49:50 -0700] "GET /admin/routes/route/3498/ HTTP/1.1" 404 142 "-" "Mozilla/5.0 (compatible; Googlebot/2.1; +http://www.google.com/bot.html)"
183.83.11.61 - - [20/Mar/2012:12:50:34 -0700] "GET / HTTP/1.1" 200 1430 "http://ha.ckers.in/" "Mozilla/5.0 (X11; Ubuntu; Linux i686; rv:11.0) Gecko/20100101 Firefox/11.0"
183.83.11.61 - - [20/Mar/2012:12:50:34 -0700] "GET /blueprint/screen.css HTTP/1.1" 200 12058 "http://yuvi.in/" "Mozilla/5.0 (X11; Ubuntu; Linux i686; rv:11.0) Gecko/20100101 Firefox/11.0"
183.83.11.61 - - [20/Mar/2012:12:50:34 -0700] "GET /blueprint/print.css HTTP/1.1" 200 1284 "http://yuvi.in/" "Mozilla/5.0 (X11; Ubuntu; Linux i686; rv:11.0) Gecko/20100101 Firefox/11.0"
183.83.11.61 - - [20/Mar/2012:12:50:35 -0700] "GET /header.png HTTP/1.1" 200 14249 "http://yuvi.in/" "Mozilla/5.0 (X11; Ubuntu; Linux i686; rv:11.0) Gecko/20100101 Firefox/11.0"
183.83.11.61 - - [20/Mar/2012:12:50:35 -0700] "GET /favicon.ico HTTP/1.1" 404 142 "-" "Mozilla/5.0 (X11; Ubuntu; Linux i686; rv:11.0) Gecko/20100101 Firefox/11.0"
183.83.11.61 - - [20/Mar/2012:12:50:36 -0700] "GET /favicon.ico HTTP/1.1" 404 142 "-" "Mozilla/5.0 (X11; Ubuntu; Linux i686; rv:11.0) Gecko/20100101 Firefox/11.0"
183.83.11.61 - - [20/Mar/2012:12:50:39 -0700] "-" 400 0 "-" "-"
85.17.88.169 - - [20/Mar/2012:12:50:40 -0700] "POST /blog/wp-cron.php?doing_wp_cron=1332272884 HTTP/1.0" 499 0 "-" "WordPress/3.3.1; http://yuvi.in/blog"
207.46.13.99 - - [20/Mar/2012:12:50:40 -0700] "GET /blog/devlog-december-23-2011/feed/ HTTP/1.1" 200 761 "-" "Mozilla/5.0 (compatible; bingbot/2.0; +http://www.bing.com/bingbot.htm)"
183.83.11.61 - - [20/Mar/2012:12:50:40 -0700] "-" 400 0 "-" "-"
183.83.11.61 - - [20/Mar/2012:12:50:40 -0700] "-" 400 0 "-" "-"
85.17.88.169 - - [20/Mar/2012:12:50:49 -0700] "POST /blog/wp-cron.php?doing_wp_cron=1332272892 HTTP/1.0" 499 0 "-" "WordPress/3.3.1; http://yuvi.in/blog"
201.26.21.15 - - [20/Mar/2012:12:50:49 -0700] "GET /blog/category/personal/ HTTP/1.1" 200 46042 "-" "Mozilla/5.0 (compatible; Googlebot/2.1; +http://www.google.com/bot.html)"
84.209.87.63 - - [20/Mar/2012:12:57:13 -0700] "GET /r/hxy HTTP/1.1" 301 255 "http://ta.wikipedia.org/wiki/%E0%AE%A8%E0%AE%BE%E0%AE%95%E0%AF%8D%E0%AE%95%E0%AF%81" "Mozilla/5.0 (compatible; MSIE 9.0; Windows NT 6.1; Trident/5.0; yie9)"
84.209.87.63 - - [20/Mar/2012:12:57:14 -0700] "GET /s/ta/hxy/ HTTP/1.1" 302 337 "http://ta.wikipedia.org/wiki/%E0%AE%A8%E0%AE%BE%E0%AE%95%E0%AF%8D%E0%AE%95%E0%AF%81" "Mozilla/5.0 (compatible; MSIE 9.0; Windows NT 6.1; Trident/5.0; yie9)"
209.85.224.88 - - [20/Mar/2012:12:59:31 -0700] "GET /favicon.ico HTTP/1.1" 404 142 "-" "-"
85.17.88.169 - - [20/Mar/2012:13:01:42 -0700] "POST /blog/wp-cron.php?doing_wp_cron=1332273546 HTTP/1.0" 499 0 "-" "WordPress/3.3.1; http://yuvi.in/blog"
209.85.224.93 - - [20/Mar/2012:13:01:42 -0700] "GET /blog/feed HTTP/1.1" 304 0 "-" "FeedBurner/1.0 (http://www.FeedBurner.com)"
85.17.88.169 - - [20/Mar/2012:13:03:32 -0700] "POST /blog/wp-cron.php?doing_wp_cron=1332273656 HTTP/1.0" 499 0 "-" "WordPress/3.3.1; http://yuvi.in/blog"
208.80.194.73 - - [20/Mar/2012:13:03:33 -0700] "GET /blog/infosys-tcs-or-wipro-none/ HTTP/1.0" 200 24492 "-" "Mozilla/4.0 (compatible; MSIE 7.0; Windows NT 5.1; .NET CLR 1.0.3705; .NET CLR 1.1.4322; Media Center PC 4.0; .NET CLR 2.0.50727; MSN 9.0;MSN 9.1; MSNbQ002; MSNmen-us; MSNcIA)"
85.17.88.169 - - [20/Mar/2012:13:06:11 -0700] "POST /blog/wp-cron.php?doing_wp_cron=1332273815 HTTP/1.0" 499 0 "-" "WordPress/3.3.1; http://yuvi.in/blog"
100.43.83.144 - - [20/Mar/2012:13:06:12 -0700] "GET /blog/cheese-2-31-1-released/feed/ HTTP/1.1" 200 756 "-" "Mozilla/5.0 (compatible; YandexBot/3.0; +http://yandex.com/bots)"
100.43.83.144 - - [20/Mar/2012:13:06:14 -0700] "GET /blog/progress-on-hislain-1.html HTTP/1.1" 200 2208 "-" "Mozilla/5.0 (compatible; YandexBot/3.0; +http://yandex.com/bots)"
85.17.88.169 - - [20/Mar/2012:13:06:18 -0700] "POST /blog/wp-cron.php?doing_wp_cron=1332273822 HTTP/1.0" 499 0 "-" "WordPress/3.3.1; http://yuvi.in/blog"
100.43.83.144 - - [20/Mar/2012:13:06:19 -0700] "GET /blog/chennais-concentration-camps-aka-colleges/feed/ HTTP/1.1" 200 822 "-" "Mozilla/5.0 (compatible; YandexBot/3.0; +http://yandex.com/bots)"
85.17.88.169 - - [20/Mar/2012:13:06:23 -0700] "POST /blog/wp-cron.php?doing_wp_cron=1332273826 HTTP/1.0" 499 0 "-" "WordPress/3.3.1; http://yuvi.in/blog"
100.43.83.144 - - [20/Mar/2012:13:06:23 -0700] "GET /blog/ HTTP/1.1" 200 10128 "-" "Mozilla/5.0 (compatible; YandexBot/3.0; +http://yandex.com/bots)"
66.249.68.52 - - [20/Mar/2012:13:08:12 -0700] "GET /s/ta/2n3fregardsBala/ HTTP/1.1" 502 173 "-" "Mozilla/5.0 (compatible; Googlebot/2.1; +http://www.google.com/bot.html)"
85.17.88.169 - - [20/Mar/2012:13:09:59 -0700] "POST /blog/wp-cron.php?doing_wp_cron=1332274042 HTTP/1.0" 499 0 "-" "WordPress/3.3.1; http://yuvi.in/blog"
180.76.5.143 - - [20/Mar/2012:13:09:59 -0700] "GET /blog/abigger-binary-heart/ HTTP/1.1" 200 4386 "-" "Mozilla/5.0 (compatible; Baiduspider/2.0; +http://www.baidu.com/search/spider.html)"
65.52.109.152 - - [20/Mar/2012:13:10:34 -0700] "GET /robots.txt HTTP/1.1" 404 169 "-" "Mozilla/5.0 (compatible; bingbot/2.0; +http://www.bing.com/bingbot.htm)"
85.17.88.169 - - [20/Mar/2012:13:10:55 -0700] "POST /blog/wp-cron.php?doing_wp_cron=1332274099 HTTP/1.0" 499 0 "-" "WordPress/3.3.1; http://yuvi.in/blog"
65.52.109.152 - - [20/Mar/2012:13:10:56 -0700] "GET /blog/belated-samsung-galaxy-3-review/trackback/ HTTP/1.1" 302 0 "-" "Mozilla/5.0 (compatible; bingbot/2.0; +http://www.bing.com/bingbot.htm)"
85.17.88.169 - - [20/Mar/2012:13:12:02 -0700] "POST /blog/wp-cron.php?doing_wp_cron=1332274166 HTTP/1.0" 499 0 "-" "WordPress/3.3.1; http://yuvi.in/blog"
128.208.6.75 - - [20/Mar/2012:13:12:03 -0700] "GET /blog/tag/code/ HTTP/1.0" 200 8169 "-" "Mozilla/5.0/heritrix/3.1.0 (compatible;; http://vancouver.cs.washington.edu:8080/)"
85.17.88.169 - - [20/Mar/2012:13:16:12 -0700] "POST /blog/wp-cron.php?doing_wp_cron=1332274416 HTTP/1.0" 499 0 "-" "WordPress/3.3.1; http://yuvi.in/blog"
213.186.127.13 - - [20/Mar/2012:13:16:13 -0700] "GET /blog/category/devlog/ HTTP/1.1" 200 14854 "-" "Mozilla/5.0 (compatible; AhrefsBot/2.0; +http://ahrefs.com/robot/)"
85.17.88.169 - - [20/Mar/2012:13:20:52 -0700] "POST /blog/wp-cron.php?doing_wp_cron=1332274696 HTTP/1.0" 499 0 "-" "WordPress/3.3.1; http://yuvi.in/blog"
208.115.111.68 - - [20/Mar/2012:13:20:53 -0700] "GET /blog/2011/06/26/ HTTP/1.1" 200 16876 "-" "Mozilla/5.0 (compatible; Ezooms/1.0; ezooms.bot@gmail.com)"
85.17.88.169 - - [20/Mar/2012:13:21:04 -0700] "POST /blog/wp-cron.php?doing_wp_cron=1332274708 HTTP/1.0" 499 0 "-" "WordPress/3.3.1; http://yuvi.in/blog"
208.115.111.68 - - [20/Mar/2012:13:21:04 -0700] "GET /blog/cheese-gsoc-report-week-5/ HTTP/1.1" 200 16960 "-" "Mozilla/5.0 (compatible; Ezooms/1.0; ezooms.bot@gmail.com)"
66.249.68.106 - - [20/Mar/2012:13:21:09 -0700] "GET /admin/routes/route/3545/ HTTP/1.1" 404 142 "-" "Mozilla/5.0 (compatible; Googlebot/2.1; +http://www.google.com/bot.html)"
66.249.68.106 - - [20/Mar/2012:13:21:10 -0700] "GET /admin/routes/route/3539/ HTTP/1.1" 404 142 "-" "Mozilla/5.0 (compatible; Googlebot/2.1; +http://www.google.com/bot.html)"
85.17.88.169 - - [20/Mar/2012:13:21:10 -0700] "POST /blog/wp-cron.php?doing_wp_cron=1332274713 HTTP/1.0" 499 0 "-" "WordPress/3.3.1; http://yuvi.in/blog"
66.249.68.106 - - [20/Mar/2012:13:21:10 -0700] "GET /admin/routes/route/3556/ HTTP/1.1" 404 142 "-" "Mozilla/5.0 (compatible; Googlebot/2.1; +http://www.google.com/bot.html)"
208.115.111.68 - - [20/Mar/2012:13:21:10 -0700] "GET /blog/new-email-id/ HTTP/1.1" 200 15653 "-" "Mozilla/5.0 (compatible; Ezooms/1.0; ezooms.bot@gmail.com)"
66.249.68.106 - - [20/Mar/2012:13:21:11 -0700] "GET /admin/routes/route/3560/ HTTP/1.1" 404 142 "-" "Mozilla/5.0 (compatible; Googlebot/2.1; +http://www.google.com/bot.html)"
208.115.111.68 - - [20/Mar/2012:13:21:15 -0700] "GET /blog/tag/college.html HTTP/1.1" 200 9995 "-" "Mozilla/5.0 (compatible; Ezooms/1.0; ezooms.bot@gmail.com)"
208.80.194.58 - - [20/Mar/2012:13:23:13 -0700] "GET /blueprint/screen.css HTTP/1.0" 200 12058 "-" "Mozilla/4.0 (compatible; MSIE 6.0; Windows NT 5.1; SV1; InfoPath.1; .NET CLR 2.0.50727; .NET CLR 3.0.04506.30; .NET CLR 1.1.4322)"
209.85.224.99 - - [20/Mar/2012:13:23:18 -0700] "GET /stories/feed HTTP/1.1" 200 13653 "-" "FeedBurner/1.0 (http://www.FeedBurner.com)"
208.80.194.71 - - [20/Mar/2012:13:23:30 -0700] "GET /header.png HTTP/1.0" 200 14249 "-" "Mozilla/4.0 (compatible; MSIE 7.0; Windows NT 5.1; IEMB3; .NET CLR 1.0.3705; .NET CLR 1.1.4322; Media Center PC 3.1)"
207.46.12.68 - - [20/Mar/2012:13:24:08 -0700] "-" 400 0 "-" "-"
207.46.12.68 - - [20/Mar/2012:13:24:08 -0700] "-" 400 0 "-" "-"
207.46.12.68 - - [20/Mar/2012:13:24:08 -0700] "-" 400 0 "-" "-"
207.46.12.68 - - [20/Mar/2012:13:24:08 -0700] "-" 400 0 "-" "-"
207.46.12.68 - - [20/Mar/2012:13:24:09 -0700] "-" 400 0 "-" "-"
207.46.12.68 - - [20/Mar/2012:13:24:09 -0700] "-" 400 0 "-" "-"
207.46.12.68 - - [20/Mar/2012:13:24:09 -0700] "-" 400 0 "-" "-"
207.46.12.68 - - [20/Mar/2012:13:24:09 -0700] "-" 400 0 "-" "-"
207.46.12.68 - - [20/Mar/2012:13:24:09 -0700] "-" 400 0 "-" "-"
207.46.12.68 - - [20/Mar/2012:13:24:34 -0700] "-" 400 0 "-" "-"
207.46.12.68 - - [20/Mar/2012:13:24:34 -0700] "-" 400 0 "-" "-"
208.80.194.73 - - [20/Mar/2012:13:24:36 -0700] "GET / HTTP/1.0" 200 3439 "-" "Mozilla/4.0 (compatible; MSIE 6.0; Windows NT 5.1; SV1; TheFreeDictionary.com; SIMBAR Enabled; SIMBAR={3F0551A6-4398-40cd-B32F-B91866A1A2C1}; .NET CLR 1.1.4322)"
85.17.88.169 - - [20/Mar/2012:13:26:38 -0700] "POST /blog/wp-cron.php?doing_wp_cron=1332275042 HTTP/1.0" 499 0 "-" "WordPress/3.3.1; http://yuvi.in/blog"
187.78.232.214 - - [20/Mar/2012:13:26:39 -0700] "GET /blog/category/devlog/ HTTP/1.1" 200 43222 "-" "Mozilla/5.0 (compatible; Googlebot/2.1; +http://www.google.com/bot.html)"
67.215.230.27 - - [20/Mar/2012:13:28:03 -0700] "GET /robots.txt HTTP/1.0" 404 169 "-" "Setooz/Nutch-1.2 (http://www.setooz.com)"
67.215.230.27 - - [20/Mar/2012:13:28:03 -0700] "GET /stories HTTP/1.0" 301 185 "-" "Setooz/Nutch-1.2 (http://www.setooz.com)"
67.215.230.26 - - [20/Mar/2012:13:28:13 -0700] "GET /robots.txt HTTP/1.0" 404 169 "-" "Setooz/Nutch-1.2 (http://www.setooz.com)"
67.215.230.26 - - [20/Mar/2012:13:28:13 -0700] "GET / HTTP/1.0" 200 3439 "-" "Setooz/Nutch-1.2 (http://www.setooz.com)"
208.80.194.73 - - [20/Mar/2012:13:28:30 -0700] "GET /blueprint/print.css HTTP/1.0" 200 1284 "-" "Mozilla/4.0 (compatible; MSIE 6.0; Windows NT 5.1; RTC BR 1.0; FunWebProducts; .NET CLR 1.1.4322)"
176.31.247.216 - - [20/Mar/2012:13:28:35 -0700] "GET /robots.txt HTTP/1.0" 404 169 "-" "Mozilla/5.0 (compatible; MJ12bot/v1.4.2; http://www.majestic12.co.uk/bot.php?+)"
85.17.88.169 - - [20/Mar/2012:13:28:38 -0700] "POST /blog/wp-cron.php?doing_wp_cron=1332275162 HTTP/1.0" 499 0 "-" "WordPress/3.3.1; http://yuvi.in/blog"
176.31.247.216 - - [20/Mar/2012:13:28:39 -0700] "GET /blog/story-average-indian-techie HTTP/1.0" 301 0 "-" "Mozilla/5.0 (compatible; MJ12bot/v1.4.2; http://www.majestic12.co.uk/bot.php?+)"
176.31.247.216 - - [20/Mar/2012:13:28:42 -0700] "GET /blog/story-average-indian-techie/ HTTP/1.0" 200 14155 "-" "Mozilla/5.0 (compatible; MJ12bot/v1.4.2; http://www.majestic12.co.uk/bot.php?+)"
85.17.88.169 - - [20/Mar/2012:13:30:57 -0700] "POST /blog/wp-cron.php?doing_wp_cron=1332275300 HTTP/1.0" 499 0 "-" "WordPress/3.3.1; http://yuvi.in/blog"
180.76.6.26 - - [20/Mar/2012:13:30:57 -0700] "GET /blog/2011/04/ HTTP/1.1" 200 6200 "-" "Mozilla/5.0 (compatible; Baiduspider/2.0; +http://www.baidu.com/search/spider.html)"
85.17.88.169 - - [20/Mar/2012:13:33:46 -0700] "POST /blog/wp-cron.php?doing_wp_cron=1332275469 HTTP/1.0" 499 0 "-" "WordPress/3.3.1; http://yuvi.in/blog"
209.85.224.95 - - [20/Mar/2012:13:33:46 -0700] "GET /blog/feed HTTP/1.1" 304 0 "-" "FeedBurner/1.0 (http://www.FeedBurner.com)"
85.17.88.169 - - [20/Mar/2012:13:34:34 -0700] "POST /blog/wp-cron.php?doing_wp_cron=1332275518 HTTP/1.0" 499 0 "-" "WordPress/3.3.1; http://yuvi.in/blog"
91.210.104.31 - - [20/Mar/2012:13:34:35 -0700] "GET /blog/ HTTP/1.0" 200 33142 "http://yuvi.in/blog/" "Mozilla/4.0 (compatible; MSIE 5.5; Windows NT 5.0; .NET CLR 1.1.4322)"
85.17.88.169 - - [20/Mar/2012:13:38:36 -0700] "POST /blog/wp-cron.php?doing_wp_cron=1332275760 HTTP/1.0" 499 0 "-" "WordPress/3.3.1; http://yuvi.in/blog"
209.85.238.115 - - [20/Mar/2012:13:38:37 -0700] "GET /blog/feed HTTP/1.1" 301 0 "-" "Feedfetcher-Google; (+http://www.google.com/feedfetcher.html; 3 subscribers; feed-id=17684830852112633560)"
85.17.88.169 - - [20/Mar/2012:13:38:39 -0700] "POST /blog/wp-cron.php?doing_wp_cron=1332275762 HTTP/1.0" 499 0 "-" "WordPress/3.3.1; http://yuvi.in/blog"
209.85.238.115 - - [20/Mar/2012:13:38:39 -0700] "GET /blog/feed/ HTTP/1.1" 304 0 "-" "Feedfetcher-Google; (+http://www.google.com/feedfetcher.html; 3 subscribers; feed-id=17684830852112633560)"
122.172.6.112 - - [20/Mar/2012:13:39:12 -0700] "GET / HTTP/1.1" 200 1430 "-" "Reeder/1.5.5 CFNetwork/548.1.4 Darwin/11.0.0"
122.172.6.112 - - [20/Mar/2012:13:39:12 -0700] "GET /favicon.ico HTTP/1.1" 404 142 "-" "Reeder/1.5.5 CFNetwork/548.1.4 Darwin/11.0.0"
122.172.6.112 - - [20/Mar/2012:13:39:13 -0700] "GET /apple-touch-icon.png HTTP/1.1" 404 142 "-" "Reeder/1.5.5 CFNetwork/548.1.4 Darwin/11.0.0"
122.172.6.112 - - [20/Mar/2012:13:39:13 -0700] "GET /apple-touch-icon-precomposed.png HTTP/1.1" 404 142 "-" "Reeder/1.5.5 CFNetwork/548.1.4 Darwin/11.0.0"
205.209.190.116 - - [20/Mar/2012:13:40:07 -0700] "GET /robots.txt HTTP/1.0" 404 169 "-" "Mozilla/5.0 (compatible; MJ12bot/v1.4.2; http://www.majestic12.co.uk/bot.php?+)"
205.209.190.116 - - [20/Mar/2012:13:40:11 -0700] "GET / HTTP/1.1" 200 3439 "-" "Mozilla/5.0 (compatible; MJ12bot/v1.4.2; http://www.majestic12.co.uk/bot.php?+)"
14.99.53.86 - - [20/Mar/2012:13:40:41 -0700] "GET /r/zzv HTTP/1.1" 301 255 "http://ta.wikipedia.org/wiki/%E0%AE%9A%E0%AE%9F%E0%AF%8D%E0%AE%9F%E0%AE%AE%E0%AF%8D_%E0%AE%A4%E0%AE%B2%E0%AF%88%E0%AE%AA%E0%AF%8D%E0%AE%AA%E0%AF%81%E0%AE%95%E0%AE%B3%E0%AF%8D_%E0%AE%AA%E0%AE%9F%E0%AF%8D%E0%AE%9F%E0%AE%BF%E0%AE%AF%E0%AE%B2%E0%AF%8D" "Mozilla/4.0 (compatible; MSIE 8.0; Windows NT 6.1; Trident/4.0; SLCC2; .NET CLR 2.0.50727; .NET CLR 3.5.30729; .NET CLR 3.0.30729; Media Center PC 6.0; InfoPath.2; AskTbFF/5.13.2.19379)"
14.99.53.86 - - [20/Mar/2012:13:40:42 -0700] "GET /s/ta/zzv/ HTTP/1.1" 302 561 "http://ta.wikipedia.org/wiki/%E0%AE%9A%E0%AE%9F%E0%AF%8D%E0%AE%9F%E0%AE%AE%E0%AF%8D_%E0%AE%A4%E0%AE%B2%E0%AF%88%E0%AE%AA%E0%AF%8D%E0%AE%AA%E0%AF%81%E0%AE%95%E0%AE%B3%E0%AF%8D_%E0%AE%AA%E0%AE%9F%E0%AF%8D%E0%AE%9F%E0%AE%BF%E0%AE%AF%E0%AE%B2%E0%AF%8D" "Mozilla/4.0 (compatible; MSIE 8.0; Windows NT 6.1; Trident/4.0; SLCC2; .NET CLR 2.0.50727; .NET CLR 3.5.30729; .NET CLR 3.0.30729; Media Center PC 6.0; InfoPath.2; AskTbFF/5.13.2.19379)"
208.80.194.30 - - [20/Mar/2012:13:51:38 -0700] "GET /blog/ HTTP/1.0" 200 33162 "-" "Mozilla/4.0 (compatible; MSIE 6.0; Windows NT 5.1; Q312461; YPC 3.0.1; SV1)"
85.17.88.169 - - [20/Mar/2012:13:52:08 -0700] "POST /blog/wp-cron.php?doing_wp_cron=1332276572 HTTP/1.0" 499 0 "-" "WordPress/3.3.1; http://yuvi.in/blog"
209.85.238.115 - - [20/Mar/2012:13:52:09 -0700] "GET /blog/feed/ HTTP/1.1" 304 0 "-" "Feedfetcher-Google; (+http://www.google.com/feedfetcher.html; 19 subscribers; feed-id=15064232456473204253)"
85.17.88.169 - - [20/Mar/2012:13:52:53 -0700] "POST /blog/wp-cron.php?doing_wp_cron=1332276617 HTTP/1.0" 499 0 "-" "WordPress/3.3.1; http://yuvi.in/blog"
180.76.5.151 - - [20/Mar/2012:13:52:55 -0700] "GET /blog/tag/devlog/feed/ HTTP/1.1" 200 33325 "-" "Mozilla/5.0 (compatible; Baiduspider/2.0; +http://www.baidu.com/search/spider.html)"
85.17.88.169 - - [20/Mar/2012:13:53:04 -0700] "POST /blog/wp-cron.php?doing_wp_cron=1332276627 HTTP/1.0" 499 0 "-" "WordPress/3.3.1; http://yuvi.in/blog"
208.80.194.30 - - [20/Mar/2012:13:53:05 -0700] "GET /blog/program HTTP/1.0" 301 0 "-" "Mozilla/4.0 (compatible; MSIE 6.0; Windows NT 5.1; YComp 5.0.0.0; SV1; FunWebProducts; .NET CLR 1.1.4322)"
85.17.88.169 - - [20/Mar/2012:13:53:07 -0700] "POST /blog/wp-cron.php?doing_wp_cron=1332276631 HTTP/1.0" 499 0 "-" "WordPress/3.3.1; http://yuvi.in/blog"
208.80.194.30 - - [20/Mar/2012:13:53:08 -0700] "GET /blog/program/ HTTP/1.0" 200 27214 "-" "Mozilla/4.0 (compatible; MSIE 7.0; Windows NT 5.1; acc=baadshah; InfoPath.1)"
208.80.194.30 - - [20/Mar/2012:14:01:23 -0700] "GET /blog/program/ HTTP/1.0" 200 27234 "-" "Mozilla/4.0 (compatible; MSIE 6.0; Windows NT 5.1; (none); YPC 3.2.0; SV1; (R1 1.3); .NET CLR 1.1.4322)"
208.80.194.30 - - [20/Mar/2012:14:01:51 -0700] "GET /blog/program/ HTTP/1.0" 200 27234 "-" "Mozilla/4.0 (compatible; MSIE 7.0; AOL 9.0; Windows NT 5.1; Tesco; .NET CLR 1.1.4322)"
213.186.127.13 - - [20/Mar/2012:14:04:11 -0700] "GET /stories/tag/blue.html HTTP/1.1" 200 1107 "-" "Mozilla/5.0 (compatible; AhrefsBot/2.0; +http://ahrefs.com/robot/)"
85.17.88.169 - - [20/Mar/2012:14:08:42 -0700] "POST /blog/wp-cron.php?doing_wp_cron=1332277565 HTTP/1.0" 499 0 "-" "WordPress/3.3.1; http://yuvi.in/blog"
209.85.144.82 - - [20/Mar/2012:14:08:42 -0700] "GET /blog/feed HTTP/1.1" 304 0 "-" "FeedBurner/1.0 (http://www.FeedBurner.com)"
85.17.88.169 - - [20/Mar/2012:14:08:50 -0700] "POST /blog/wp-cron.php?doing_wp_cron=1332277573 HTTP/1.0" 499 0 "-" "WordPress/3.3.1; http://yuvi.in/blog"
101.226.33.179 - - [20/Mar/2012:14:08:50 -0700] "GET /blog/feed HTTP/1.0" 304 0 "-" "Mozilla/4.0 (compatible; Windows;)"
85.17.88.169 - - [20/Mar/2012:14:09:47 -0700] "POST /blog/wp-cron.php?doing_wp_cron=1332277630 HTTP/1.0" 499 0 "-" "WordPress/3.3.1; http://yuvi.in/blog"
128.208.6.75 - - [20/Mar/2012:14:09:47 -0700] "GET /blog/devlog-december-21-2011/ HTTP/1.0" 200 4628 "-" "Mozilla/5.0/heritrix/3.1.0 (compatible;; http://vancouver.cs.washington.edu:8080/)"
85.17.88.169 - - [20/Mar/2012:14:13:02 -0700] "POST /blog/wp-cron.php?doing_wp_cron=1332277826 HTTP/1.0" 499 0 "-" "WordPress/3.3.1; http://yuvi.in/blog"
110.142.78.177 - - [20/Mar/2012:14:13:03 -0700] "POST /blog/wp-login.php HTTP/1.1" 200 3475 "http://yuvi.in/blog/wp-login.php" "Mozilla/5.0 (Windows NT 6.1; WOW64; rv:8.0.1) Gecko/20100101 Firefox/8.0.1"
85.17.88.169 - - [20/Mar/2012:14:13:05 -0700] "POST /blog/wp-cron.php?doing_wp_cron=1332277828 HTTP/1.0" 499 0 "-" "WordPress/3.3.1; http://yuvi.in/blog"
110.142.78.177 - - [20/Mar/2012:14:13:05 -0700] "POST /blog/wp-login.php HTTP/1.1" 200 3475 "http://yuvi.in/blog/wp-login.php" "Mozilla/5.0 (Windows NT 6.1; WOW64; rv:8.0.1) Gecko/20100101 Firefox/8.0.1"
85.17.88.169 - - [20/Mar/2012:14:13:08 -0700] "POST /blog/wp-cron.php?doing_wp_cron=1332277831 HTTP/1.0" 499 0 "-" "WordPress/3.3.1; http://yuvi.in/blog"
110.142.78.177 - - [20/Mar/2012:14:13:08 -0700] "POST /blog/wp-login.php HTTP/1.1" 200 3475 "http://yuvi.in/blog/wp-login.php" "Mozilla/5.0 (Windows NT 6.1; WOW64; rv:8.0.1) Gecko/20100101 Firefox/8.0.1"
85.17.88.169 - - [20/Mar/2012:14:13:11 -0700] "POST /blog/wp-cron.php?doing_wp_cron=1332277834 HTTP/1.0" 499 0 "-" "WordPress/3.3.1; http://yuvi.in/blog"
110.142.78.177 - - [20/Mar/2012:14:13:11 -0700] "POST /blog/wp-login.php HTTP/1.1" 200 3475 "http://yuvi.in/blog/wp-login.php" "Mozilla/5.0 (Windows NT 6.1; WOW64; rv:8.0.1) Gecko/20100101 Firefox/8.0.1"
85.17.88.169 - - [20/Mar/2012:14:13:14 -0700] "POST /blog/wp-cron.php?doing_wp_cron=1332277837 HTTP/1.0" 499 0 "-" "WordPress/3.3.1; http://yuvi.in/blog"
110.142.78.177 - - [20/Mar/2012:14:13:14 -0700] "POST /blog/wp-login.php HTTP/1.1" 200 3475 "http://yuvi.in/blog/wp-login.php" "Mozilla/5.0 (Windows NT 6.1; WOW64; rv:8.0.1) Gecko/20100101 Firefox/8.0.1"
85.17.88.169 - - [20/Mar/2012:14:13:37 -0700] "POST /blog/wp-cron.php?doing_wp_cron=1332277860 HTTP/1.0" 499 0 "-" "WordPress/3.3.1; http://yuvi.in/blog"
180.76.5.148 - - [20/Mar/2012:14:13:38 -0700] "GET /blog/about/feed/ HTTP/1.1" 200 1111 "-" "Mozilla/5.0 (compatible; Baiduspider/2.0; +http://www.baidu.com/search/spider.html)"
85.17.88.169 - - [20/Mar/2012:14:14:56 -0700] "POST /blog/wp-cron.php?doing_wp_cron=1332277940 HTTP/1.0" 499 0 "-" "WordPress/3.3.1; http://yuvi.in/blog"
80.36.162.99 - - [20/Mar/2012:14:14:57 -0700] "POST /blog/wp-login.php HTTP/1.1" 200 3475 "http://yuvi.in/blog/wp-login.php" "Mozilla/5.0 (Windows NT 6.1; WOW64; rv:8.0.1) Gecko/20100101 Firefox/8.0.1"
85.17.88.169 - - [20/Mar/2012:14:14:59 -0700] "POST /blog/wp-cron.php?doing_wp_cron=1332277942 HTTP/1.0" 499 0 "-" "WordPress/3.3.1; http://yuvi.in/blog"
80.36.162.99 - - [20/Mar/2012:14:15:00 -0700] "POST /blog/wp-login.php HTTP/1.1" 200 3475 "http://yuvi.in/blog/wp-login.php" "Mozilla/5.0 (Windows NT 6.1; WOW64; rv:8.0.1) Gecko/20100101 Firefox/8.0.1"
85.17.88.169 - - [20/Mar/2012:14:15:02 -0700] "POST /blog/wp-cron.php?doing_wp_cron=1332277945 HTTP/1.0" 499 0 "-" "WordPress/3.3.1; http://yuvi.in/blog"
80.36.162.99 - - [20/Mar/2012:14:15:02 -0700] "POST /blog/wp-login.php HTTP/1.1" 200 3475 "http://yuvi.in/blog/wp-login.php" "Mozilla/5.0 (Windows NT 6.1; WOW64; rv:8.0.1) Gecko/20100101 Firefox/8.0.1"
85.17.88.169 - - [20/Mar/2012:14:15:05 -0700] "POST /blog/wp-cron.php?doing_wp_cron=1332277948 HTTP/1.0" 499 0 "-" "WordPress/3.3.1; http://yuvi.in/blog"
80.36.162.99 - - [20/Mar/2012:14:15:05 -0700] "POST /blog/wp-login.php HTTP/1.1" 200 3475 "http://yuvi.in/blog/wp-login.php" "Mozilla/5.0 (Windows NT 6.1; WOW64; rv:8.0.1) Gecko/20100101 Firefox/8.0.1"
85.17.88.169 - - [20/Mar/2012:14:15:08 -0700] "POST /blog/wp-cron.php?doing_wp_cron=1332277951 HTTP/1.0" 499 0 "-" "WordPress/3.3.1; http://yuvi.in/blog"
80.36.162.99 - - [20/Mar/2012:14:15:08 -0700] "POST /blog/wp-login.php HTTP/1.1" 200 3475 "http://yuvi.in/blog/wp-login.php" "Mozilla/5.0 (Windows NT 6.1; WOW64; rv:8.0.1) Gecko/20100101 Firefox/8.0.1"
82.231.198.56 - - [20/Mar/2012:14:16:59 -0700] "GET /r/10nq HTTP/1.1" 301 257 "http://ta.wikipedia.org/wiki/%E0%AE%B5%E0%AE%BF%E0%AE%B3%E0%AE%95%E0%AF%8D%E0%AE%95%E0%AF%81" "Mozilla/5.0 (Windows NT 6.0) AppleWebKit/535.11 (KHTML, like Gecko) Chrome/17.0.963.79 Safari/535.11"
82.231.198.56 - - [20/Mar/2012:14:17:00 -0700] "GET /s/ta/10nq/ HTTP/1.1" 302 349 "http://ta.wikipedia.org/wiki/%E0%AE%B5%E0%AE%BF%E0%AE%B3%E0%AE%95%E0%AF%8D%E0%AE%95%E0%AF%81" "Mozilla/5.0 (Windows NT 6.0) AppleWebKit/535.11 (KHTML, like Gecko) Chrome/17.0.963.79 Safari/535.11"
82.231.198.56 - - [20/Mar/2012:14:17:06 -0700] "GET /s/ta/10nq/ HTTP/1.1" 302 349 "http://ta.wikipedia.org/wiki/%E0%AE%B5%E0%AE%BF%E0%AE%B3%E0%AE%95%E0%AF%8D%E0%AE%95%E0%AF%81" "Mozilla/5.0 (Windows NT 6.0) AppleWebKit/535.11 (KHTML, like Gecko) Chrome/17.0.963.79 Safari/535.11"
207.46.12.70 - - [20/Mar/2012:14:18:08 -0700] "-" 400 0 "-" "-"
207.46.12.70 - - [20/Mar/2012:14:18:09 -0700] "-" 400 0 "-" "-"
207.46.12.70 - - [20/Mar/2012:14:18:09 -0700] "-" 400 0 "-" "-"
207.46.12.70 - - [20/Mar/2012:14:18:09 -0700] "-" 400 0 "-" "-"
207.46.12.70 - - [20/Mar/2012:14:18:09 -0700] "-" 400 0 "-" "-"
207.46.12.70 - - [20/Mar/2012:14:18:09 -0700] "-" 400 0 "-" "-"
207.46.12.70 - - [20/Mar/2012:14:18:09 -0700] "-" 400 0 "-" "-"
207.46.12.70 - - [20/Mar/2012:14:18:09 -0700] "-" 400 0 "-" "-"
82.43.50.214 - - [20/Mar/2012:14:18:59 -0700] "-" 400 0 "-" "-"
82.43.50.214 - - [20/Mar/2012:14:18:59 -0700] "-" 400 0 "-" "-"
82.43.50.214 - - [20/Mar/2012:14:18:59 -0700] "-" 400 0 "-" "-"
82.43.50.214 - - [20/Mar/2012:14:18:59 -0700] "-" 400 0 "-" "-"
82.43.50.214 - - [20/Mar/2012:14:18:59 -0700] "-" 400 0 "-" "-"
82.43.50.214 - - [20/Mar/2012:14:19:59 -0700] "-" 400 0 "-" "-"
82.43.50.214 - - [20/Mar/2012:14:21:19 -0700] "-" 400 0 "-" "-"
69.63.190.246 - - [20/Mar/2012:14:23:08 -0700] "GET /r/14k2 HTTP/1.1" 301 257 "-" "facebookexternalhit/1.1 (+http://www.facebook.com/externalhit_uatext.php)"
69.63.190.251 - - [20/Mar/2012:14:23:09 -0700] "GET /s/ta/14k2/ HTTP/1.1" 302 561 "-" "facebookexternalhit/1.1 (+http://www.facebook.com/externalhit_uatext.php)"
209.85.224.99 - - [20/Mar/2012:14:23:20 -0700] "GET /stories/feed HTTP/1.1" 200 13653 "-" "FeedBurner/1.0 (http://www.FeedBurner.com)"
69.171.228.250 - - [20/Mar/2012:14:24:25 -0700] "GET /r/3g7 HTTP/1.1" 301 255 "-" "facebookexternalhit/1.1 (+http://www.facebook.com/externalhit_uatext.php)"
69.171.228.251 - - [20/Mar/2012:14:24:25 -0700] "GET /s/ta/3g7/ HTTP/1.1" 302 465 "-" "facebookexternalhit/1.1 (+http://www.facebook.com/externalhit_uatext.php)"
85.17.88.169 - - [20/Mar/2012:14:27:35 -0700] "POST /blog/wp-cron.php?doing_wp_cron=1332278698 HTTP/1.0" 499 0 "-" "WordPress/3.3.1; http://yuvi.in/blog"
50.16.88.195 - - [20/Mar/2012:14:27:35 -0700] "GET /blog/sleepsort-4chan/ HTTP/1.1" 200 4446 "-" "Mozilla/5.0 (Macintosh; U; Intel Mac OS X 10.6; en-US; rv:1.9.2) Gecko/20100115 Firefox/3.6 (FlipboardProxy/1.1; +http://flipboard.com/browserproxy)"
85.17.88.169 - - [20/Mar/2012:14:31:38 -0700] "POST /blog/wp-cron.php?doing_wp_cron=1332278941 HTTP/1.0" 499 0 "-" "WordPress/3.3.1; http://yuvi.in/blog"
199.30.81.105 - - [20/Mar/2012:14:31:38 -0700] "GET /blog/interview-sriram-krishnan-5-years-old/ HTTP/1.1" 200 14239 "http://www.stumbleupon.com/su/" "Mozilla/5.0 (X11; Linux x86_64) AppleWebKit/535.2 (KHTML, like Gecko) Chrome/15.0.874.121 Safari/535.2"
199.30.81.105 - - [20/Mar/2012:14:31:38 -0700] "GET /blog/wp-content/themes/cleanr/js/jquery.dropdown.js?ver=3.3.1 HTTP/1.1" 200 535 "http://yuvi.in/blog/interview-sriram-krishnan-5-years-old/" "Mozilla/5.0 (X11; Linux x86_64) AppleWebKit/535.2 (KHTML, like Gecko) Chrome/15.0.874.121 Safari/535.2"
199.30.81.105 - - [20/Mar/2012:14:31:39 -0700] "GET /blog/wp-content/themes/cleanr/style.css HTTP/1.1" 200 10508 "http://yuvi.in/blog/interview-sriram-krishnan-5-years-old/" "Mozilla/5.0 (X11; Linux x86_64) AppleWebKit/535.2 (KHTML, like Gecko) Chrome/15.0.874.121 Safari/535.2"
199.30.81.105 - - [20/Mar/2012:14:31:39 -0700] "GET /blog/wp-content/themes/cleanr/css/text.css HTTP/1.1" 200 420 "http://yuvi.in/blog/interview-sriram-krishnan-5-years-old/" "Mozilla/5.0 (X11; Linux x86_64) AppleWebKit/535.2 (KHTML, like Gecko) Chrome/15.0.874.121 Safari/535.2"
199.30.81.105 - - [20/Mar/2012:14:31:39 -0700] "GET /blog/wp-content/themes/cleanr/css/reset.css HTTP/1.1" 200 648 "http://yuvi.in/blog/interview-sriram-krishnan-5-years-old/" "Mozilla/5.0 (X11; Linux x86_64) AppleWebKit/535.2 (KHTML, like Gecko) Chrome/15.0.874.121 Safari/535.2"
199.30.81.105 - - [20/Mar/2012:14:31:39 -0700] "GET /blog/wp-content/themes/cleanr/css/960.css HTTP/1.1" 200 3628 "http://yuvi.in/blog/interview-sriram-krishnan-5-years-old/" "Mozilla/5.0 (X11; Linux x86_64) AppleWebKit/535.2 (KHTML, like Gecko) Chrome/15.0.874.121 Safari/535.2"
199.30.81.105 - - [20/Mar/2012:14:31:39 -0700] "GET /blog/wp-includes/js/jquery/jquery.js?ver=1.7.1 HTTP/1.1" 200 93889 "http://yuvi.in/blog/interview-sriram-krishnan-5-years-old/" "Mozilla/5.0 (X11; Linux x86_64) AppleWebKit/535.2 (KHTML, like Gecko) Chrome/15.0.874.121 Safari/535.2"
199.30.81.105 - - [20/Mar/2012:14:31:40 -0700] "GET /blog/wp-content/themes/cleanr/images/search_magnifier.gif HTTP/1.1" 200 394 "http://yuvi.in/blog/interview-sriram-krishnan-5-years-old/" "Mozilla/5.0 (X11; Linux x86_64) AppleWebKit/535.2 (KHTML, like Gecko) Chrome/15.0.874.121 Safari/535.2"
199.30.81.105 - - [20/Mar/2012:14:31:40 -0700] "GET /favicon.ico HTTP/1.1" 404 199 "-" "Mozilla/5.0 (X11; Linux x86_64) AppleWebKit/535.2 (KHTML, like Gecko) Chrome/15.0.874.121 Safari/535.2"
199.30.81.105 - - [20/Mar/2012:14:31:40 -0700] "GET /favicon.ico HTTP/1.1" 404 199 "-" "Mozilla/5.0 (X11; Linux x86_64) AppleWebKit/535.2 (KHTML, like Gecko) Chrome/15.0.874.121 Safari/535.2"
199.30.81.105 - - [20/Mar/2012:14:31:40 -0700] "GET /favicon.ico HTTP/1.1" 404 199 "-" "Mozilla/5.0 (X11; Linux x86_64) AppleWebKit/535.2 (KHTML, like Gecko) Chrome/15.0.874.121 Safari/535.2"
