66.249.71.101 - - [06/Mar/2012:23:05:55 -0800] "GET /chennai/route/s557/ HTTP/1.1" 404 142 "-" "Mozilla/5.0 (compatible; Googlebot/2.1; +http://www.google.com/bot.html)"
66.249.71.101 - - [06/Mar/2012:23:07:02 -0800] "GET /chennai/route/s557a/ HTTP/1.1" 404 142 "-" "Mozilla/5.0 (compatible; Googlebot/2.1; +http://www.google.com/bot.html)"
66.249.71.101 - - [06/Mar/2012:23:08:08 -0800] "GET /chennai/route/s563/ HTTP/1.1" 404 142 "-" "Mozilla/5.0 (compatible; Googlebot/2.1; +http://www.google.com/bot.html)"
66.249.71.101 - - [06/Mar/2012:23:09:15 -0800] "GET /chennai/route/s562a/ HTTP/1.1" 404 142 "-" "Mozilla/5.0 (compatible; Googlebot/2.1; +http://www.google.com/bot.html)"
66.249.71.101 - - [06/Mar/2012:23:10:21 -0800] "GET /chennai/route/s558b/ HTTP/1.1" 404 142 "-" "Mozilla/5.0 (compatible; Googlebot/2.1; +http://www.google.com/bot.html)"
66.249.71.101 - - [06/Mar/2012:23:11:28 -0800] "GET /chennai/route/s555/ HTTP/1.1" 404 142 "-" "Mozilla/5.0 (compatible; Googlebot/2.1; +http://www.google.com/bot.html)"
66.249.71.101 - - [06/Mar/2012:23:12:28 -0800] "GET /chennai/route/s565/ HTTP/1.1" 404 142 "-" "Mozilla/5.0 (compatible; Googlebot/2.1; +http://www.google.com/bot.html)"
66.249.71.101 - - [06/Mar/2012:23:13:29 -0800] "GET /chennai/route/s566a/ HTTP/1.1" 404 142 "-" "Mozilla/5.0 (compatible; Googlebot/2.1; +http://www.google.com/bot.html)"
66.249.71.101 - - [06/Mar/2012:23:14:36 -0800] "GET /chennai/route/s565a/ HTTP/1.1" 404 142 "-" "Mozilla/5.0 (compatible; Googlebot/2.1; +http://www.google.com/bot.html)"
66.249.71.101 - - [06/Mar/2012:23:15:43 -0800] "GET /chennai/route/s568/ HTTP/1.1" 404 142 "-" "Mozilla/5.0 (compatible; Googlebot/2.1; +http://www.google.com/bot.html)"
122.183.249.146 - - [06/Mar/2012:23:16:09 -0800] "-" 400 0 "-" "-"
122.183.249.146 - - [06/Mar/2012:23:16:29 -0800] "-" 400 0 "-" "-"
66.249.71.101 - - [06/Mar/2012:23:16:50 -0800] "GET /chennai/route/s571/ HTTP/1.1" 404 142 "-" "Mozilla/5.0 (compatible; Googlebot/2.1; +http://www.google.com/bot.html)"
66.249.71.101 - - [06/Mar/2012:23:17:56 -0800] "GET /chennai/route/s579a/ HTTP/1.1" 404 142 "-" "Mozilla/5.0 (compatible; Googlebot/2.1; +http://www.google.com/bot.html)"
207.46.12.68 - - [06/Mar/2012:23:18:54 -0800] "-" 400 0 "-" "-"
207.46.12.68 - - [06/Mar/2012:23:18:56 -0800] "-" 400 0 "-" "-"
207.46.12.68 - - [06/Mar/2012:23:18:56 -0800] "-" 400 0 "-" "-"
207.46.12.68 - - [06/Mar/2012:23:18:56 -0800] "-" 400 0 "-" "-"
207.46.12.68 - - [06/Mar/2012:23:18:56 -0800] "-" 400 0 "-" "-"
207.46.12.68 - - [06/Mar/2012:23:18:57 -0800] "-" 400 0 "-" "-"
207.46.12.68 - - [06/Mar/2012:23:18:58 -0800] "-" 400 0 "-" "-"
207.46.12.68 - - [06/Mar/2012:23:18:58 -0800] "-" 400 0 "-" "-"
207.46.12.68 - - [06/Mar/2012:23:18:58 -0800] "-" 400 0 "-" "-"
207.46.12.68 - - [06/Mar/2012:23:18:59 -0800] "-" 400 0 "-" "-"
66.249.71.101 - - [06/Mar/2012:23:19:03 -0800] "GET /chennai/route/s56p/ HTTP/1.1" 404 142 "-" "Mozilla/5.0 (compatible; Googlebot/2.1; +http://www.google.com/bot.html)"
207.46.12.68 - - [06/Mar/2012:23:19:44 -0800] "-" 400 0 "-" "-"
66.249.71.101 - - [06/Mar/2012:23:20:10 -0800] "GET /chennai/route/s578/ HTTP/1.1" 404 142 "-" "Mozilla/5.0 (compatible; Googlebot/2.1; +http://www.google.com/bot.html)"
66.249.71.101 - - [06/Mar/2012:23:21:17 -0800] "GET /chennai/route/s583a/ HTTP/1.1" 404 142 "-" "Mozilla/5.0 (compatible; Googlebot/2.1; +http://www.google.com/bot.html)"
85.17.88.169 - - [06/Mar/2012:23:21:24 -0800] "POST /blog/wp-cron.php?doing_wp_cron=1331104835 HTTP/1.0" 499 0 "-" "WordPress/3.3.1; http://yuvi.in/blog"
209.85.224.97 - - [06/Mar/2012:23:21:24 -0800] "GET /blog/feed HTTP/1.1" 304 0 "-" "FeedBurner/1.0 (http://www.FeedBurner.com)"
207.46.204.172 - - [06/Mar/2012:23:21:55 -0800] "-" 400 0 "-" "-"
207.46.204.172 - - [06/Mar/2012:23:21:55 -0800] "-" 400 0 "-" "-"
207.46.204.172 - - [06/Mar/2012:23:21:55 -0800] "-" 400 0 "-" "-"
207.46.204.172 - - [06/Mar/2012:23:21:55 -0800] "-" 400 0 "-" "-"
207.46.204.172 - - [06/Mar/2012:23:21:55 -0800] "-" 400 0 "-" "-"
207.46.204.172 - - [06/Mar/2012:23:21:55 -0800] "-" 400 0 "-" "-"
207.46.204.172 - - [06/Mar/2012:23:21:55 -0800] "-" 400 0 "-" "-"
207.46.204.172 - - [06/Mar/2012:23:21:56 -0800] "-" 400 0 "-" "-"
207.46.204.172 - - [06/Mar/2012:23:21:56 -0800] "-" 400 0 "-" "-"
207.46.204.172 - - [06/Mar/2012:23:21:56 -0800] "-" 400 0 "-" "-"
66.249.71.101 - - [06/Mar/2012:23:22:23 -0800] "GET /chennai/route/s57f/ HTTP/1.1" 404 142 "-" "Mozilla/5.0 (compatible; Googlebot/2.1; +http://www.google.com/bot.html)"
207.46.204.172 - - [06/Mar/2012:23:22:25 -0800] "-" 400 0 "-" "-"
66.249.71.101 - - [06/Mar/2012:23:23:30 -0800] "GET /chennai/route/s57/ HTTP/1.1" 404 142 "-" "Mozilla/5.0 (compatible; Googlebot/2.1; +http://www.google.com/bot.html)"
59.164.48.74 - - [06/Mar/2012:23:23:41 -0800] "-" 400 0 "-" "-"
66.249.71.101 - - [06/Mar/2012:23:24:37 -0800] "GET /chennai/route/s582/ HTTP/1.1" 404 142 "-" "Mozilla/5.0 (compatible; Googlebot/2.1; +http://www.google.com/bot.html)"
157.55.112.199 - - [06/Mar/2012:23:24:47 -0800] "-" 400 0 "-" "-"
157.55.112.199 - - [06/Mar/2012:23:24:47 -0800] "-" 400 0 "-" "-"
157.55.112.199 - - [06/Mar/2012:23:24:47 -0800] "-" 400 0 "-" "-"
157.55.112.199 - - [06/Mar/2012:23:24:47 -0800] "-" 400 0 "-" "-"
157.55.112.199 - - [06/Mar/2012:23:24:47 -0800] "-" 400 0 "-" "-"
157.55.112.199 - - [06/Mar/2012:23:24:47 -0800] "-" 400 0 "-" "-"
157.55.112.199 - - [06/Mar/2012:23:24:47 -0800] "-" 400 0 "-" "-"
157.55.112.199 - - [06/Mar/2012:23:24:48 -0800] "-" 400 0 "-" "-"
157.55.112.199 - - [06/Mar/2012:23:24:48 -0800] "-" 400 0 "-" "-"
157.55.112.199 - - [06/Mar/2012:23:24:48 -0800] "-" 400 0 "-" "-"
157.55.112.199 - - [06/Mar/2012:23:25:13 -0800] "-" 400 0 "-" "-"
207.46.204.162 - - [06/Mar/2012:23:25:23 -0800] "-" 400 0 "-" "-"
85.17.88.169 - - [06/Mar/2012:23:25:24 -0800] "POST /blog/wp-cron.php?doing_wp_cron=1331105076 HTTP/1.0" 499 0 "-" "WordPress/3.3.1; http://yuvi.in/blog"
72.14.199.121 - - [06/Mar/2012:23:25:24 -0800] "GET /blog/feed/ HTTP/1.1" 304 0 "-" "Feedfetcher-Google; (+http://www.google.com/feedfetcher.html; 18 subscribers; feed-id=15064232456473204253)"
207.46.204.162 - - [06/Mar/2012:23:25:30 -0800] "-" 400 0 "-" "-"
207.46.204.162 - - [06/Mar/2012:23:25:31 -0800] "-" 400 0 "-" "-"
207.46.204.162 - - [06/Mar/2012:23:25:32 -0800] "-" 400 0 "-" "-"
207.46.204.162 - - [06/Mar/2012:23:25:32 -0800] "-" 400 0 "-" "-"
207.46.204.162 - - [06/Mar/2012:23:25:34 -0800] "-" 400 0 "-" "-"
207.46.204.162 - - [06/Mar/2012:23:25:34 -0800] "-" 400 0 "-" "-"
207.46.204.162 - - [06/Mar/2012:23:25:34 -0800] "-" 400 0 "-" "-"
207.46.204.162 - - [06/Mar/2012:23:25:35 -0800] "-" 400 0 "-" "-"
207.46.204.162 - - [06/Mar/2012:23:25:35 -0800] "-" 400 0 "-" "-"
66.249.71.101 - - [06/Mar/2012:23:25:44 -0800] "GET /chennai/route/s570/ HTTP/1.1" 404 142 "-" "Mozilla/5.0 (compatible; Googlebot/2.1; +http://www.google.com/bot.html)"
59.92.3.179 - - [06/Mar/2012:23:26:14 -0800] "-" 400 0 "-" "-"
66.249.71.101 - - [06/Mar/2012:23:26:50 -0800] "GET /chennai/route/s587/ HTTP/1.1" 404 142 "-" "Mozilla/5.0 (compatible; Googlebot/2.1; +http://www.google.com/bot.html)"
66.249.71.101 - - [06/Mar/2012:23:27:57 -0800] "GET /chennai/route/s583c/ HTTP/1.1" 404 142 "-" "Mozilla/5.0 (compatible; Googlebot/2.1; +http://www.google.com/bot.html)"
85.17.88.169 - - [06/Mar/2012:23:28:06 -0800] "POST /blog/wp-cron.php?doing_wp_cron=1331105237 HTTP/1.0" 499 0 "-" "WordPress/3.3.1; http://yuvi.in/blog"
69.171.229.249 - - [06/Mar/2012:23:28:06 -0800] "GET /blog/broke-nonexistent-law/ HTTP/1.1" 200 8779 "-" "facebookexternalhit/1.1 (+http://www.facebook.com/externalhit_uatext.php)"
157.55.112.208 - - [06/Mar/2012:23:28:39 -0800] "-" 400 0 "-" "-"
157.55.112.208 - - [06/Mar/2012:23:28:40 -0800] "-" 400 0 "-" "-"
157.55.112.208 - - [06/Mar/2012:23:28:40 -0800] "-" 400 0 "-" "-"
157.55.112.208 - - [06/Mar/2012:23:28:40 -0800] "-" 400 0 "-" "-"
157.55.112.208 - - [06/Mar/2012:23:28:40 -0800] "-" 400 0 "-" "-"
157.55.112.208 - - [06/Mar/2012:23:28:40 -0800] "-" 400 0 "-" "-"
157.55.112.208 - - [06/Mar/2012:23:28:40 -0800] "-" 400 0 "-" "-"
157.55.112.208 - - [06/Mar/2012:23:28:41 -0800] "-" 400 0 "-" "-"
157.55.112.208 - - [06/Mar/2012:23:28:41 -0800] "-" 400 0 "-" "-"
157.55.112.208 - - [06/Mar/2012:23:28:41 -0800] "-" 400 0 "-" "-"
66.249.71.101 - - [06/Mar/2012:23:29:04 -0800] "GET /chennai/route/s591a/ HTTP/1.1" 404 142 "-" "Mozilla/5.0 (compatible; Googlebot/2.1; +http://www.google.com/bot.html)"
85.17.88.169 - - [06/Mar/2012:23:29:11 -0800] "POST /blog/wp-cron.php?doing_wp_cron=1331105303 HTTP/1.0" 499 0 "-" "WordPress/3.3.1; http://yuvi.in/blog"
95.170.208.194 - - [06/Mar/2012:23:29:12 -0800] "GET /blog/tag/code/ HTTP/1.1" 200 29676 "-" "Mozilla/5.0 (compatible; Googlebot/2.1; +http://www.google.com/bot.html)"
203.62.174.4 - - [06/Mar/2012:23:29:22 -0800] "-" 400 0 "-" "-"
203.62.174.4 - - [06/Mar/2012:23:29:22 -0800] "-" 400 0 "-" "-"
203.62.174.4 - - [06/Mar/2012:23:29:22 -0800] "-" 400 0 "-" "-"
203.62.174.4 - - [06/Mar/2012:23:29:24 -0800] "-" 400 0 "-" "-"
203.62.174.4 - - [06/Mar/2012:23:29:24 -0800] "-" 400 0 "-" "-"
203.62.174.4 - - [06/Mar/2012:23:29:24 -0800] "-" 400 0 "-" "-"
157.55.112.208 - - [06/Mar/2012:23:29:39 -0800] "-" 400 0 "-" "-"
66.249.71.101 - - [06/Mar/2012:23:30:11 -0800] "GET /chennai/route/s592/ HTTP/1.1" 404 142 "-" "Mozilla/5.0 (compatible; Googlebot/2.1; +http://www.google.com/bot.html)"
85.17.88.169 - - [06/Mar/2012:23:30:22 -0800] "POST /blog/wp-cron.php?doing_wp_cron=1331105373 HTTP/1.0" 499 0 "-" "WordPress/3.3.1; http://yuvi.in/blog"
72.14.199.121 - - [06/Mar/2012:23:30:22 -0800] "GET /blog/feed HTTP/1.1" 301 0 "-" "Feedfetcher-Google; (+http://www.google.com/feedfetcher.html; 3 subscribers; feed-id=17684830852112633560)"
122.174.2.167 - - [06/Mar/2012:23:30:23 -0800] "-" 400 0 "-" "-"
85.17.88.169 - - [06/Mar/2012:23:30:24 -0800] "POST /blog/wp-cron.php?doing_wp_cron=1331105376 HTTP/1.0" 499 0 "-" "WordPress/3.3.1; http://yuvi.in/blog"
72.14.199.121 - - [06/Mar/2012:23:30:25 -0800] "GET /blog/feed/ HTTP/1.1" 304 0 "-" "Feedfetcher-Google; (+http://www.google.com/feedfetcher.html; 3 subscribers; feed-id=17684830852112633560)"
122.174.67.159 - - [06/Mar/2012:23:31:08 -0800] "-" 400 0 "-" "-"
66.249.71.101 - - [06/Mar/2012:23:31:18 -0800] "GET /chennai/route/s589/ HTTP/1.1" 404 142 "-" "Mozilla/5.0 (compatible; Googlebot/2.1; +http://www.google.com/bot.html)"
117.204.22.115 - - [06/Mar/2012:23:31:29 -0800] "-" 400 0 "-" "-"
66.249.71.101 - - [06/Mar/2012:23:32:24 -0800] "GET /chennai/route/s583b/ HTTP/1.1" 404 142 "-" "Mozilla/5.0 (compatible; Googlebot/2.1; +http://www.google.com/bot.html)"
66.249.71.101 - - [06/Mar/2012:23:33:31 -0800] "GET /chennai/route/s588/ HTTP/1.1" 404 142 "-" "Mozilla/5.0 (compatible; Googlebot/2.1; +http://www.google.com/bot.html)"
119.63.196.27 - - [06/Mar/2012:23:34:26 -0800] "GET /robots.txt HTTP/1.1" 404 142 "-" "Baiduspider+(+http://www.baidu.com/search/spider.htm)"
209.85.224.91 - - [06/Mar/2012:23:34:28 -0800] "GET /stories/feed HTTP/1.1" 200 13653 "-" "FeedBurner/1.0 (http://www.FeedBurner.com)"
66.249.71.101 - - [06/Mar/2012:23:34:38 -0800] "GET /chennai/route/s591b/ HTTP/1.1" 404 142 "-" "Mozilla/5.0 (compatible; Googlebot/2.1; +http://www.google.com/bot.html)"
66.249.71.101 - - [06/Mar/2012:23:35:44 -0800] "GET /chennai/route/s596a/ HTTP/1.1" 404 142 "-" "Mozilla/5.0 (compatible; Googlebot/2.1; +http://www.google.com/bot.html)"
122.174.74.11 - - [06/Mar/2012:23:35:45 -0800] "GET /r/2yic HTTP/1.1" 301 257 "http://wikimapia.org/9593473/THIRUKOSHTIYUR-%E0%AE%A4%E0%AE%BF%E0%AE%B0%E0%AF%81%E0%AE%95%E0%AF%8B%E0%AE%B7%E0%AF%8D%E0%AE%9F%E0%AE%BF%E0%AE%AF%E0%AF%82%E0%AE%B0%E0%AF%8D" "Mozilla/5.0 (Windows NT 5.1) AppleWebKit/535.11 (KHTML, like Gecko) Chrome/17.0.963.65 Safari/535.11"
122.174.74.11 - - [06/Mar/2012:23:35:45 -0800] "GET /s/ta/2yic/ HTTP/1.1" 302 433 "http://wikimapia.org/9593473/THIRUKOSHTIYUR-%E0%AE%A4%E0%AE%BF%E0%AE%B0%E0%AF%81%E0%AE%95%E0%AF%8B%E0%AE%B7%E0%AF%8D%E0%AE%9F%E0%AE%BF%E0%AE%AF%E0%AF%82%E0%AE%B0%E0%AF%8D" "Mozilla/5.0 (Windows NT 5.1) AppleWebKit/535.11 (KHTML, like Gecko) Chrome/17.0.963.65 Safari/535.11"
66.249.71.101 - - [06/Mar/2012:23:36:51 -0800] "GET /chennai/route/s62/ HTTP/1.1" 404 142 "-" "Mozilla/5.0 (compatible; Googlebot/2.1; +http://www.google.com/bot.html)"
66.249.71.101 - - [06/Mar/2012:23:37:58 -0800] "GET /chennai/route/s70d/ HTTP/1.1" 404 142 "-" "Mozilla/5.0 (compatible; Googlebot/2.1; +http://www.google.com/bot.html)"
69.171.234.5 - - [06/Mar/2012:23:38:22 -0800] "GET /r/1grd HTTP/1.1" 301 257 "-" "facebookexternalhit/1.1 (+http://www.facebook.com/externalhit_uatext.php)"
69.171.234.2 - - [06/Mar/2012:23:38:22 -0800] "GET /s/ta/1grd/ HTTP/1.1" 302 449 "-" "facebookexternalhit/1.1 (+http://www.facebook.com/externalhit_uatext.php)"
66.249.71.101 - - [06/Mar/2012:23:39:05 -0800] "GET /chennai/route/s5b/ HTTP/1.1" 404 142 "-" "Mozilla/5.0 (compatible; Googlebot/2.1; +http://www.google.com/bot.html)"
85.17.88.169 - - [06/Mar/2012:23:40:01 -0800] "POST /blog/wp-cron.php?doing_wp_cron=1331105953 HTTP/1.0" 499 0 "-" "WordPress/3.3.1; http://yuvi.in/blog"
79.169.162.78 - - [06/Mar/2012:23:40:02 -0800] "GET /blog/what-stop-child-athiest/ HTTP/1.1" 200 20921 "-" "Mozilla/5.0 (compatible; Googlebot/2.1; +http://www.google.com/bot.html)"
66.249.71.101 - - [06/Mar/2012:23:40:11 -0800] "GET /chennai/route/s597/ HTTP/1.1" 404 142 "-" "Mozilla/5.0 (compatible; Googlebot/2.1; +http://www.google.com/bot.html)"
59.90.88.198 - - [06/Mar/2012:23:40:52 -0800] "-" 400 0 "-" "-"
223.235.163.91 - - [06/Mar/2012:23:41:05 -0800] "GET / HTTP/1.1" 200 1430 "http://www.google.co.in/m?q=Yuvi" "NokiaX3-00/5.0 (08.40) Profile/MIDP-2.1 Configuration/CLDC-1.1 Mozilla/5.0 AppleWebKit/420+ (KHTML, like Gecko) Safari/420+"
223.235.163.91 - - [06/Mar/2012:23:41:09 -0800] "GET /blueprint/print.css HTTP/1.1" 200 1284 "http://yuvi.in/" "NokiaX3-00/5.0 (08.40) Profile/MIDP-2.1 Configuration/CLDC-1.1 Mozilla/5.0 AppleWebKit/420+ (KHTML, like Gecko) Safari/420+"
223.235.163.91 - - [06/Mar/2012:23:41:11 -0800] "GET /blueprint/screen.css HTTP/1.1" 200 12058 "http://yuvi.in/" "NokiaX3-00/5.0 (08.40) Profile/MIDP-2.1 Configuration/CLDC-1.1 Mozilla/5.0 AppleWebKit/420+ (KHTML, like Gecko) Safari/420+"
59.90.88.198 - - [06/Mar/2012:23:41:13 -0800] "-" 400 0 "-" "-"
59.90.88.198 - - [06/Mar/2012:23:41:13 -0800] "-" 400 0 "-" "-"
59.90.88.198 - - [06/Mar/2012:23:41:13 -0800] "-" 400 0 "-" "-"
66.249.71.101 - - [06/Mar/2012:23:41:18 -0800] "GET /chennai/route/s5a/ HTTP/1.1" 404 142 "-" "Mozilla/5.0 (compatible; Googlebot/2.1; +http://www.google.com/bot.html)"
223.235.163.91 - - [06/Mar/2012:23:41:25 -0800] "GET /header.png HTTP/1.1" 200 14249 "http://yuvi.in/" "NokiaX3-00/5.0 (08.40) Profile/MIDP-2.1 Configuration/CLDC-1.1 Mozilla/5.0 AppleWebKit/420+ (KHTML, like Gecko) Safari/420+"
66.249.71.101 - - [06/Mar/2012:23:42:25 -0800] "GET /chennai/route/s71e/ HTTP/1.1" 404 142 "-" "Mozilla/5.0 (compatible; Googlebot/2.1; +http://www.google.com/bot.html)"
117.202.178.197 - - [06/Mar/2012:23:42:51 -0800] "-" 400 0 "-" "-"
66.85.133.142 - - [06/Mar/2012:23:43:20 -0800] "-" 400 0 "-" "-"
66.85.133.142 - - [06/Mar/2012:23:43:30 -0800] "-" 400 0 "-" "-"
66.85.133.142 - - [06/Mar/2012:23:43:30 -0800] "-" 400 0 "-" "-"
66.85.133.142 - - [06/Mar/2012:23:43:30 -0800] "-" 400 0 "-" "-"
66.85.133.142 - - [06/Mar/2012:23:43:30 -0800] "-" 400 0 "-" "-"
66.249.71.101 - - [06/Mar/2012:23:43:32 -0800] "GET /chennai/route/s599/ HTTP/1.1" 404 142 "-" "Mozilla/5.0 (compatible; Googlebot/2.1; +http://www.google.com/bot.html)"
117.202.178.197 - - [06/Mar/2012:23:44:01 -0800] "-" 400 0 "-" "-"
117.202.178.197 - - [06/Mar/2012:23:44:01 -0800] "-" 400 0 "-" "-"
117.202.178.197 - - [06/Mar/2012:23:44:01 -0800] "-" 400 0 "-" "-"
117.202.178.197 - - [06/Mar/2012:23:44:01 -0800] "-" 400 0 "-" "-"
117.202.178.197 - - [06/Mar/2012:23:44:01 -0800] "-" 400 0 "-" "-"
59.90.88.198 - - [06/Mar/2012:23:44:23 -0800] "-" 400 0 "-" "-"
66.249.71.101 - - [06/Mar/2012:23:44:38 -0800] "GET /chennai/route/s7m/ HTTP/1.1" 404 142 "-" "Mozilla/5.0 (compatible; Googlebot/2.1; +http://www.google.com/bot.html)"
117.202.178.197 - - [06/Mar/2012:23:44:51 -0800] "-" 400 0 "-" "-"
117.202.178.197 - - [06/Mar/2012:23:44:51 -0800] "-" 400 0 "-" "-"
117.202.178.197 - - [06/Mar/2012:23:44:51 -0800] "-" 400 0 "-" "-"
117.202.178.197 - - [06/Mar/2012:23:44:51 -0800] "-" 400 0 "-" "-"
117.202.178.197 - - [06/Mar/2012:23:44:51 -0800] "-" 400 0 "-" "-"
66.249.71.101 - - [06/Mar/2012:23:45:45 -0800] "GET /chennai/route/sa1/ HTTP/1.1" 404 142 "-" "Mozilla/5.0 (compatible; Googlebot/2.1; +http://www.google.com/bot.html)"
42.109.39.190 - - [06/Mar/2012:23:46:40 -0800] "GET /POIOSM HTTP/1.1" 404 142 "-" "Opera/9.80 (Android 2.3.4; Linux; Opera Mobi/ADR-1202231246; U; en-GB) Presto/2.10.254 Version/12.00"
42.109.39.190 - - [06/Mar/2012:23:46:42 -0800] "GET /favicon.ico HTTP/1.1" 404 142 "http://yuvi.in/POIOSM" "Opera/9.80 (Android 2.3.4; Linux; Opera Mobi/ADR-1202231246; U; en-GB) Presto/2.10.254 Version/12.00"
66.249.71.101 - - [06/Mar/2012:23:46:52 -0800] "GET /chennai/route/s7h/ HTTP/1.1" 404 142 "-" "Mozilla/5.0 (compatible; Googlebot/2.1; +http://www.google.com/bot.html)"
42.109.39.190 - - [06/Mar/2012:23:46:53 -0800] "GET /POIOSM HTTP/1.1" 404 142 "-" "Opera/9.80 (Android 2.3.4; Linux; Opera Mobi/ADR-1202231246; U; en-GB) Presto/2.10.254 Version/12.00"
85.17.88.169 - - [06/Mar/2012:23:47:04 -0800] "POST /blog/wp-cron.php?doing_wp_cron=1331106376 HTTP/1.0" 499 0 "-" "WordPress/3.3.1; http://yuvi.in/blog"
157.55.112.240 - - [06/Mar/2012:23:47:05 -0800] "GET /blog/page/2/ HTTP/1.1" 200 19040 "-" "Mozilla/4.0 (compatible; MSIE 7.0; Windows NT 5.1;  SLCC1;  .NET CLR 1.1.4322;  .NET CLR 2.0.50727;  .NET CLR 3.0.30729;  .NET CLR 3.5.30729;  MS-RTC LM 8)"
157.55.112.240 - - [06/Mar/2012:23:47:11 -0800] "GET /blog/wp-content/themes/cleanr/style.css HTTP/1.1" 200 10508 "http://yuvi.in/blog/page/2/" "Mozilla/4.0 (compatible; MSIE 7.0; Windows NT 5.1;  SLCC1;  .NET CLR 1.1.4322;  .NET CLR 2.0.50727;  .NET CLR 3.0.30729;  .NET CLR 3.5.30729;  MS-RTC LM 8)"
42.109.39.190 - - [06/Mar/2012:23:47:16 -0800] "GET /POIOSM HTTP/1.1" 404 142 "-" "Opera/9.80 (Android 2.3.4; Linux; Opera Mobi/ADR-1202231246; U; en-GB) Presto/2.10.254 Version/12.00"
157.55.112.240 - - [06/Mar/2012:23:47:17 -0800] "GET /blog/wp-content/themes/cleanr/css/ie.css HTTP/1.1" 200 390 "http://yuvi.in/blog/page/2/" "Mozilla/4.0 (compatible; MSIE 7.0; Windows NT 5.1;  SLCC1;  .NET CLR 1.1.4322;  .NET CLR 2.0.50727;  .NET CLR 3.0.30729;  .NET CLR 3.5.30729;  MS-RTC LM 8)"
157.55.112.240 - - [06/Mar/2012:23:47:18 -0800] "GET /blog/wp-includes/js/jquery/jquery.js?ver=1.7.1 HTTP/1.1" 200 93889 "http://yuvi.in/blog/page/2/" "Mozilla/4.0 (compatible; MSIE 7.0; Windows NT 5.1;  SLCC1;  .NET CLR 1.1.4322;  .NET CLR 2.0.50727;  .NET CLR 3.0.30729;  .NET CLR 3.5.30729;  MS-RTC LM 8)"
157.55.112.240 - - [06/Mar/2012:23:47:20 -0800] "GET /blog/wp-content/themes/cleanr/css/reset.css HTTP/1.1" 200 648 "http://yuvi.in/blog/page/2/" "Mozilla/4.0 (compatible; MSIE 7.0; Windows NT 5.1;  SLCC1;  .NET CLR 1.1.4322;  .NET CLR 2.0.50727;  .NET CLR 3.0.30729;  .NET CLR 3.5.30729;  MS-RTC LM 8)"
157.55.112.240 - - [06/Mar/2012:23:47:24 -0800] "GET /blog/wp-content/themes/cleanr/css/text.css HTTP/1.1" 200 420 "http://yuvi.in/blog/page/2/" "Mozilla/4.0 (compatible; MSIE 7.0; Windows NT 5.1;  SLCC1;  .NET CLR 1.1.4322;  .NET CLR 2.0.50727;  .NET CLR 3.0.30729;  .NET CLR 3.5.30729;  MS-RTC LM 8)"
157.55.112.240 - - [06/Mar/2012:23:47:24 -0800] "GET /blog/wp-content/themes/cleanr/css/960.css HTTP/1.1" 200 3628 "http://yuvi.in/blog/page/2/" "Mozilla/4.0 (compatible; MSIE 7.0; Windows NT 5.1;  SLCC1;  .NET CLR 1.1.4322;  .NET CLR 2.0.50727;  .NET CLR 3.0.30729;  .NET CLR 3.5.30729;  MS-RTC LM 8)"
157.55.112.240 - - [06/Mar/2012:23:47:25 -0800] "GET /blog/wp-content/themes/cleanr/js/jquery.dropdown.js?ver=3.3.1 HTTP/1.1" 200 535 "http://yuvi.in/blog/page/2/" "Mozilla/4.0 (compatible; MSIE 7.0; Windows NT 5.1;  SLCC1;  .NET CLR 1.1.4322;  .NET CLR 2.0.50727;  .NET CLR 3.0.30729;  .NET CLR 3.5.30729;  MS-RTC LM 8)"
42.109.39.190 - - [06/Mar/2012:23:47:34 -0800] "GET /POSM HTTP/1.1" 301 185 "-" "Opera/9.80 (Android 2.3.4; Linux; Opera Mobi/ADR-1202231246; U; en-GB) Presto/2.10.254 Version/12.00"
42.109.39.190 - - [06/Mar/2012:23:47:35 -0800] "GET /POSM/ HTTP/1.1" 200 1833 "-" "Opera/9.80 (Android 2.3.4; Linux; Opera Mobi/ADR-1202231246; U; en-GB) Presto/2.10.254 Version/12.00"
42.109.39.190 - - [06/Mar/2012:23:47:38 -0800] "GET /POSM/lib/templates.js HTTP/1.1" 200 426 "http://yuvi.in/POSM/" "Opera/9.80 (Android 2.3.4; Linux; Opera Mobi/ADR-1202231246; U; en-GB) Presto/2.10.254 Version/12.00"
42.109.39.190 - - [06/Mar/2012:23:47:38 -0800] "GET /POSM/js/curpos.js HTTP/1.1" 200 1793 "http://yuvi.in/POSM/" "Opera/9.80 (Android 2.3.4; Linux; Opera Mobi/ADR-1202231246; U; en-GB) Presto/2.10.254 Version/12.00"
42.109.39.190 - - [06/Mar/2012:23:47:39 -0800] "GET /POSM/js/changesets.js HTTP/1.1" 200 1207 "http://yuvi.in/POSM/" "Opera/9.80 (Android 2.3.4; Linux; Opera Mobi/ADR-1202231246; U; en-GB) Presto/2.10.254 Version/12.00"
42.109.39.190 - - [06/Mar/2012:23:47:39 -0800] "GET /POSM/img/save.png HTTP/1.1" 404 142 "http://yuvi.in/POSM/" "Opera/9.80 (Android 2.3.4; Linux; Opera Mobi/ADR-1202231246; U; en-GB) Presto/2.10.254 Version/12.00"
42.109.39.190 - - [06/Mar/2012:23:47:41 -0800] "GET /POSM/zoomData.js HTTP/1.1" 200 1573 "http://yuvi.in/POSM/" "Opera/9.80 (Android 2.3.4; Linux; Opera Mobi/ADR-1202231246; U; en-GB) Presto/2.10.254 Version/12.00"
42.109.39.190 - - [06/Mar/2012:23:47:42 -0800] "GET /POSM/style.css HTTP/1.1" 200 1349 "http://yuvi.in/POSM/" "Opera/9.80 (Android 2.3.4; Linux; Opera Mobi/ADR-1202231246; U; en-GB) Presto/2.10.254 Version/12.00"
42.109.39.190 - - [06/Mar/2012:23:47:42 -0800] "GET /POSM/img/back.png HTTP/1.1" 200 420 "http://yuvi.in/POSM/" "Opera/9.80 (Android 2.3.4; Linux; Opera Mobi/ADR-1202231246; U; en-GB) Presto/2.10.254 Version/12.00"
42.109.39.190 - - [06/Mar/2012:23:47:45 -0800] "GET /POSM/js/poimanager.js HTTP/1.1" 200 9309 "http://yuvi.in/POSM/" "Opera/9.80 (Android 2.3.4; Linux; Opera Mobi/ADR-1202231246; U; en-GB) Presto/2.10.254 Version/12.00"
42.109.39.190 - - [06/Mar/2012:23:47:46 -0800] "GET /POSM/img/mylocation.png HTTP/1.1" 200 803 "http://yuvi.in/POSM/" "Opera/9.80 (Android 2.3.4; Linux; Opera Mobi/ADR-1202231246; U; en-GB) Presto/2.10.254 Version/12.00"
42.109.39.190 - - [06/Mar/2012:23:47:46 -0800] "GET /POSM/lib/jquery.timeago.js HTTP/1.1" 200 4491 "http://yuvi.in/POSM/" "Opera/9.80 (Android 2.3.4; Linux; Opera Mobi/ADR-1202231246; U; en-GB) Presto/2.10.254 Version/12.00"
14.96.250.96 - - [06/Mar/2012:23:47:50 -0800] "-" 400 0 "-" "-"
14.96.250.96 - - [06/Mar/2012:23:47:50 -0800] "-" 400 0 "-" "-"
14.96.250.96 - - [06/Mar/2012:23:47:50 -0800] "-" 400 0 "-" "-"
14.96.250.96 - - [06/Mar/2012:23:47:50 -0800] "-" 400 0 "-" "-"
14.96.250.96 - - [06/Mar/2012:23:47:50 -0800] "-" 400 0 "-" "-"
14.96.250.96 - - [06/Mar/2012:23:47:50 -0800] "-" 400 0 "-" "-"
42.109.39.190 - - [06/Mar/2012:23:47:52 -0800] "GET /POSM/js/tapbar.js HTTP/1.1" 200 881 "http://yuvi.in/POSM/" "Opera/9.80 (Android 2.3.4; Linux; Opera Mobi/ADR-1202231246; U; en-GB) Presto/2.10.254 Version/12.00"
42.109.39.190 - - [06/Mar/2012:23:47:52 -0800] "GET /POSM/js/poi.js HTTP/1.1" 200 2031 "http://yuvi.in/POSM/" "Opera/9.80 (Android 2.3.4; Linux; Opera Mobi/ADR-1202231246; U; en-GB) Presto/2.10.254 Version/12.00"
42.109.39.190 - - [06/Mar/2012:23:47:53 -0800] "GET /POSM/lib/underscore.js HTTP/1.1" 200 35168 "http://yuvi.in/POSM/" "Opera/9.80 (Android 2.3.4; Linux; Opera Mobi/ADR-1202231246; U; en-GB) Presto/2.10.254 Version/12.00"
42.109.39.190 - - [06/Mar/2012:23:47:54 -0800] "GET /POSM/lib/jquery-1.7.1.min.js HTTP/1.1" 200 93868 "http://yuvi.in/POSM/" "Opera/9.80 (Android 2.3.4; Linux; Opera Mobi/ADR-1202231246; U; en-GB) Presto/2.10.254 Version/12.00"
66.249.71.101 - - [06/Mar/2012:23:47:59 -0800] "GET /chennai/route/s7b/ HTTP/1.1" 404 142 "-" "Mozilla/5.0 (compatible; Googlebot/2.1; +http://www.google.com/bot.html)"
42.109.39.190 - - [06/Mar/2012:23:48:03 -0800] "GET /POSM/img/refresh.png HTTP/1.1" 200 868 "http://yuvi.in/POSM/" "Opera/9.80 (Android 2.3.4; Linux; Opera Mobi/ADR-1202231246; U; en-GB) Presto/2.10.254 Version/12.00"
42.109.39.190 - - [06/Mar/2012:23:48:03 -0800] "GET /POSM/lib/leaflet/leaflet.css HTTP/1.1" 200 6437 "http://yuvi.in/POSM/" "Opera/9.80 (Android 2.3.4; Linux; Opera Mobi/ADR-1202231246; U; en-GB) Presto/2.10.254 Version/12.00"
42.109.39.190 - - [06/Mar/2012:23:48:09 -0800] "GET /POSM/js/main.js HTTP/1.1" 200 8871 "http://yuvi.in/POSM/" "Opera/9.80 (Android 2.3.4; Linux; Opera Mobi/ADR-1202231246; U; en-GB) Presto/2.10.254 Version/12.00"
42.109.39.190 - - [06/Mar/2012:23:48:11 -0800] "GET /POSM/img/preferences.png HTTP/1.1" 200 748 "http://yuvi.in/POSM/" "Opera/9.80 (Android 2.3.4; Linux; Opera Mobi/ADR-1202231246; U; en-GB) Presto/2.10.254 Version/12.00"
42.109.39.190 - - [06/Mar/2012:23:48:14 -0800] "GET /POSM/lib/jquery.mobile-1.0.1.css HTTP/1.1" 200 83437 "http://yuvi.in/POSM/" "Opera/9.80 (Android 2.3.4; Linux; Opera Mobi/ADR-1202231246; U; en-GB) Presto/2.10.254 Version/12.00"
42.109.39.190 - - [06/Mar/2012:23:48:17 -0800] "GET /POSM/lib/jquery.mobile.structure-1.0.1.css HTTP/1.1" 200 32452 "http://yuvi.in/POSM/" "Opera/9.80 (Android 2.3.4; Linux; Opera Mobi/ADR-1202231246; U; en-GB) Presto/2.10.254 Version/12.00"
42.109.39.190 - - [06/Mar/2012:23:48:20 -0800] "GET /POSM/lib/jquery.mobile-1.0.1.js HTTP/1.1" 200 221124 "http://yuvi.in/POSM/" "Opera/9.80 (Android 2.3.4; Linux; Opera Mobi/ADR-1202231246; U; en-GB) Presto/2.10.254 Version/12.00"
42.109.39.190 - - [06/Mar/2012:23:48:35 -0800] "GET /POSM/lib/phonegap.js HTTP/1.1" 200 144879 "http://yuvi.in/POSM/" "Opera/9.80 (Android 2.3.4; Linux; Opera Mobi/ADR-1202231246; U; en-GB) Presto/2.10.254 Version/12.00"
42.109.39.190 - - [06/Mar/2012:23:48:46 -0800] "GET /POSM/lib/leaflet/leaflet-src.js HTTP/1.1" 200 133300 "http://yuvi.in/POSM/" "Opera/9.80 (Android 2.3.4; Linux; Opera Mobi/ADR-1202231246; U; en-GB) Presto/2.10.254 Version/12.00"
66.249.71.101 - - [06/Mar/2012:23:49:05 -0800] "GET /chennai/route/sa18/ HTTP/1.1" 404 142 "-" "Mozilla/5.0 (compatible; Googlebot/2.1; +http://www.google.com/bot.html)"
176.9.87.106 - - [06/Mar/2012:23:49:49 -0800] "GET /robots.txt HTTP/1.0" 404 169 "-" "Acoon v4.10.3 (www.acoon.de)"
176.9.87.106 - - [06/Mar/2012:23:49:49 -0800] "GET / HTTP/1.0" 200 3439 "-" "Acoon v4.10.3 (www.acoon.de)"
66.249.71.101 - - [06/Mar/2012:23:50:12 -0800] "GET /chennai/route/s88k/ HTTP/1.1" 404 142 "-" "Mozilla/5.0 (compatible; Googlebot/2.1; +http://www.google.com/bot.html)"
122.174.54.172 - - [06/Mar/2012:23:50:49 -0800] "-" 400 0 "-" "-"
207.46.92.19 - - [06/Mar/2012:23:51:03 -0800] "GET /favicon.ico HTTP/1.1" 404 571 "http://prashanth-kamle.blogspot.com/2009/03/viterbi-algorithm-for-second-order.html" "Mozilla/5.0 (compatible; MSIE 9.0; Windows NT 6.1; Trident/5.0)"
66.249.71.101 - - [06/Mar/2012:23:51:19 -0800] "GET /chennai/route/s88/ HTTP/1.1" 404 142 "-" "Mozilla/5.0 (compatible; Googlebot/2.1; +http://www.google.com/bot.html)"
85.17.88.169 - - [06/Mar/2012:23:51:30 -0800] "POST /blog/wp-cron.php?doing_wp_cron=1331106642 HTTP/1.0" 499 0 "-" "WordPress/3.3.1; http://yuvi.in/blog"
209.85.224.88 - - [06/Mar/2012:23:51:31 -0800] "GET /blog/feed HTTP/1.1" 304 0 "-" "FeedBurner/1.0 (http://www.FeedBurner.com)"
121.49.127.41 - - [06/Mar/2012:23:52:06 -0800] "GET /favicon.ico HTTP/1.1" 404 199 "http://prashanth-kamle.blogspot.com/2009/03/viterbi-algorithm-for-second-order.html" "Mozilla/5.0 (X11; Linux x86_64) AppleWebKit/535.11 (KHTML, like Gecko) Chrome/17.0.963.65 Safari/535.11"
66.249.71.101 - - [06/Mar/2012:23:52:26 -0800] "GET /chennai/route/sa47/ HTTP/1.1" 404 142 "-" "Mozilla/5.0 (compatible; Googlebot/2.1; +http://www.google.com/bot.html)"
66.249.71.101 - - [06/Mar/2012:23:53:32 -0800] "GET /chennai/route/sa51/ HTTP/1.1" 404 142 "-" "Mozilla/5.0 (compatible; Googlebot/2.1; +http://www.google.com/bot.html)"
66.249.71.101 - - [06/Mar/2012:23:54:39 -0800] "GET /chennai/route/sb51ex/ HTTP/1.1" 404 142 "-" "Mozilla/5.0 (compatible; Googlebot/2.1; +http://www.google.com/bot.html)"
66.249.71.101 - - [06/Mar/2012:23:55:46 -0800] "GET /chennai/route/sa70/ HTTP/1.1" 404 142 "-" "Mozilla/5.0 (compatible; Googlebot/2.1; +http://www.google.com/bot.html)"
66.249.71.101 - - [06/Mar/2012:23:56:53 -0800] "GET /chennai/route/sb51/ HTTP/1.1" 404 142 "-" "Mozilla/5.0 (compatible; Googlebot/2.1; +http://www.google.com/bot.html)"
66.249.71.101 - - [06/Mar/2012:23:57:59 -0800] "GET /chennai/route/sc70/ HTTP/1.1" 404 142 "-" "Mozilla/5.0 (compatible; Googlebot/2.1; +http://www.google.com/bot.html)"
66.249.71.101 - - [07/Mar/2012:00:00:13 -0800] "GET /chennai/route/sd70ex/ HTTP/1.1" 404 142 "-" "Mozilla/5.0 (compatible; Googlebot/2.1; +http://www.google.com/bot.html)"
66.249.71.101 - - [07/Mar/2012:00:01:20 -0800] "GET /chennai/route/se18/ HTTP/1.1" 404 142 "-" "Mozilla/5.0 (compatible; Googlebot/2.1; +http://www.google.com/bot.html)"
66.249.71.101 - - [07/Mar/2012:00:02:26 -0800] "GET /chennai/route/sd18/ HTTP/1.1" 404 142 "-" "Mozilla/5.0 (compatible; Googlebot/2.1; +http://www.google.com/bot.html)"
66.249.71.101 - - [07/Mar/2012:00:03:33 -0800] "GET /chennai/route/sg18/ HTTP/1.1" 404 142 "-" "Mozilla/5.0 (compatible; Googlebot/2.1; +http://www.google.com/bot.html)"
66.249.71.101 - - [07/Mar/2012:00:04:40 -0800] "GET /chennai/route/sd70/ HTTP/1.1" 404 142 "-" "Mozilla/5.0 (compatible; Googlebot/2.1; +http://www.google.com/bot.html)"
66.249.71.101 - - [07/Mar/2012:00:05:47 -0800] "GET /chennai/route/sg21/ HTTP/1.1" 404 142 "-" "Mozilla/5.0 (compatible; Googlebot/2.1; +http://www.google.com/bot.html)"
106.198.103.236 - - [07/Mar/2012:00:06:00 -0800] "-" 400 0 "-" "-"
207.46.204.219 - - [07/Mar/2012:00:06:07 -0800] "-" 400 0 "-" "-"
207.46.204.219 - - [07/Mar/2012:00:06:09 -0800] "-" 400 0 "-" "-"
207.46.204.219 - - [07/Mar/2012:00:06:10 -0800] "-" 400 0 "-" "-"
207.46.204.219 - - [07/Mar/2012:00:06:10 -0800] "-" 400 0 "-" "-"
207.46.204.219 - - [07/Mar/2012:00:06:12 -0800] "-" 400 0 "-" "-"
207.46.204.219 - - [07/Mar/2012:00:06:12 -0800] "-" 400 0 "-" "-"
207.46.204.219 - - [07/Mar/2012:00:06:12 -0800] "-" 400 0 "-" "-"
207.46.204.219 - - [07/Mar/2012:00:06:12 -0800] "-" 400 0 "-" "-"
207.46.204.219 - - [07/Mar/2012:00:06:13 -0800] "-" 400 0 "-" "-"
207.46.204.219 - - [07/Mar/2012:00:06:13 -0800] "-" 400 0 "-" "-"
66.249.71.101 - - [07/Mar/2012:00:06:38 -0800] "GET /chennai/route/sm17mc/ HTTP/1.1" 404 142 "-" "Mozilla/5.0 (compatible; Googlebot/2.1; +http://www.google.com/bot.html)"
207.46.204.219 - - [07/Mar/2012:00:06:46 -0800] "-" 400 0 "-" "-"
66.249.71.101 - - [07/Mar/2012:00:07:00 -0800] "GET /chennai/route/sm15ex/ HTTP/1.1" 404 142 "-" "Mozilla/5.0 (compatible; Googlebot/2.1; +http://www.google.com/bot.html)"
59.90.240.79 - - [07/Mar/2012:00:07:14 -0800] "-" 400 0 "-" "-"
66.249.71.101 - - [07/Mar/2012:00:07:37 -0800] "GET /chennai/route/sh70/ HTTP/1.1" 404 142 "-" "Mozilla/5.0 (compatible; Googlebot/2.1; +http://www.google.com/bot.html)"
66.249.71.101 - - [07/Mar/2012:00:08:14 -0800] "GET /chennai/route/sm7/ HTTP/1.1" 404 142 "-" "Mozilla/5.0 (compatible; Googlebot/2.1; +http://www.google.com/bot.html)"
66.249.71.101 - - [07/Mar/2012:00:08:51 -0800] "GET /chennai/route/sm18m/ HTTP/1.1" 404 142 "-" "Mozilla/5.0 (compatible; Googlebot/2.1; +http://www.google.com/bot.html)"
66.249.71.101 - - [07/Mar/2012:00:09:29 -0800] "GET /chennai/route/sm18c/ HTTP/1.1" 404 142 "-" "Mozilla/5.0 (compatible; Googlebot/2.1; +http://www.google.com/bot.html)"
199.16.196.239 - - [07/Mar/2012:00:10:06 -0800] "GET /r/9b1 HTTP/1.1" 301 255 "http://en.wikipedia.org/wiki/Jeyamohan" "Mozilla/5.0 (Windows NT 6.1; WOW64; rv:5.0) Gecko/20100101 Firefox/5.0"
199.16.196.239 - - [07/Mar/2012:00:10:07 -0800] "GET /s/ta/9b1/ HTTP/1.1" 302 361 "http://en.wikipedia.org/wiki/Jeyamohan" "Mozilla/5.0 (Windows NT 6.1; WOW64; rv:5.0) Gecko/20100101 Firefox/5.0"
66.249.71.101 - - [07/Mar/2012:00:10:07 -0800] "GET /chennai/route/sm70/ HTTP/1.1" 404 142 "-" "Mozilla/5.0 (compatible; Googlebot/2.1; +http://www.google.com/bot.html)"
208.115.113.84 - - [07/Mar/2012:00:10:45 -0800] "GET /robots.txt HTTP/1.1" 404 169 "-" "Mozilla/5.0 (compatible; Ezooms/1.0; ezooms.bot@gmail.com)"
66.249.71.101 - - [07/Mar/2012:00:10:46 -0800] "GET /chennai/route/sm88/ HTTP/1.1" 404 142 "-" "Mozilla/5.0 (compatible; Googlebot/2.1; +http://www.google.com/bot.html)"
66.249.71.101 - - [07/Mar/2012:00:11:24 -0800] "GET /chennai/route/spp19e/ HTTP/1.1" 404 142 "-" "Mozilla/5.0 (compatible; Googlebot/2.1; +http://www.google.com/bot.html)"
66.249.71.101 - - [07/Mar/2012:00:12:03 -0800] "GET /chennai/route/spp19/ HTTP/1.1" 404 142 "-" "Mozilla/5.0 (compatible; Googlebot/2.1; +http://www.google.com/bot.html)"
66.249.71.101 - - [07/Mar/2012:00:12:42 -0800] "GET /chennai/route/sp56d/ HTTP/1.1" 404 142 "-" "Mozilla/5.0 (compatible; Googlebot/2.1; +http://www.google.com/bot.html)"
66.249.71.101 - - [07/Mar/2012:00:13:22 -0800] "GET /chennai/route/spp66/ HTTP/1.1" 404 142 "-" "Mozilla/5.0 (compatible; Googlebot/2.1; +http://www.google.com/bot.html)"
66.249.71.101 - - [07/Mar/2012:00:14:03 -0800] "GET /chennai/route/spp49/ HTTP/1.1" 404 142 "-" "Mozilla/5.0 (compatible; Googlebot/2.1; +http://www.google.com/bot.html)"
150.70.64.193 - - [07/Mar/2012:00:14:20 -0800] "GET / HTTP/1.0" 404 238 "-" "Mozilla/4.0 (compatible; MSIE 6.0; Windows NT 5.1)"
66.249.71.101 - - [07/Mar/2012:00:14:43 -0800] "GET /chennai/route/t1/ HTTP/1.1" 404 142 "-" "Mozilla/5.0 (compatible; Googlebot/2.1; +http://www.google.com/bot.html)"
85.17.88.169 - - [07/Mar/2012:00:14:48 -0800] "POST /blog/wp-cron.php?doing_wp_cron=1331108039 HTTP/1.0" 499 0 "-" "WordPress/3.3.1; http://yuvi.in/blog"
59.90.244.84 - - [07/Mar/2012:00:14:48 -0800] "GET /blog/the-fridge-at-interviewstreet-office/ HTTP/1.1" 200 4576 "http://www.google.co.in/imgres?q=dark+fantasy+choco+fills&hl=en&sa=X&rlz=1W1ADFA_enIN441&biw=1024&bih=516&tbm=isch&prmd=imvns&tbnid=ItJfLKx9N-fnZM:&imgrefurl=http://yuvi.in/blog/the-fridge-at-interviewstreet-office/&docid=SPvkqnxrKQD4OM&imgurl=https://lh4.googleusercontent.com/-XYJudYtQiNc/TlIGAvOnTrI/AAAAAAAABHI/CCqigvtFDSk/IMG_4879.JPG&w=341&h=512&ei=3BRXT5vOCcrJrAeZwLXzCw&zoom=1&iact=rc&dur=219&sig=108128105691794279337&page=3&tbnh=153&tbnw=130&start=20&ndsp=12&ved=1t:429,r:0,s:20&tx=47&ty=70" "Mozilla/4.0 (compatible; MSIE 8.0; Windows NT 5.1; Trident/4.0; BTRS122257; GTB7.3; InfoPath.2; .NET4.0C; .NET CLR 2.0.50727; .NET CLR 3.0.4506.2152; .NET CLR 3.5.30729)"
117.204.20.36 - - [07/Mar/2012:00:15:12 -0800] "GET /r/9ve HTTP/1.1" 301 255 "-" "Mozilla/5.0 (Windows NT 5.1) AppleWebKit/535.11 (KHTML, like Gecko) Chrome/17.0.963.56 Safari/535.11"
117.204.20.36 - - [07/Mar/2012:00:15:13 -0800] "GET /s/ta/9ve/ HTTP/1.1" 302 337 "-" "Mozilla/5.0 (Windows NT 5.1) AppleWebKit/535.11 (KHTML, like Gecko) Chrome/17.0.963.56 Safari/535.11"
117.204.20.36 - - [07/Mar/2012:00:15:22 -0800] "-" 400 0 "-" "-"
66.249.71.101 - - [07/Mar/2012:00:15:24 -0800] "GET /chennai/route/sv51/ HTTP/1.1" 404 142 "-" "Mozilla/5.0 (compatible; Googlebot/2.1; +http://www.google.com/bot.html)"
66.249.71.101 - - [07/Mar/2012:00:16:06 -0800] "GET /chennai/route/st151/ HTTP/1.1" 404 142 "-" "Mozilla/5.0 (compatible; Googlebot/2.1; +http://www.google.com/bot.html)"
117.193.62.121 - - [07/Mar/2012:00:16:13 -0800] "-" 400 0 "-" "-"
66.249.71.101 - - [07/Mar/2012:00:16:48 -0800] "GET /chennai/route/t21/ HTTP/1.1" 404 142 "-" "Mozilla/5.0 (compatible; Googlebot/2.1; +http://www.google.com/bot.html)"
117.193.62.121 - - [07/Mar/2012:00:18:03 -0800] "-" 400 0 "-" "-"
207.46.204.169 - - [07/Mar/2012:00:18:55 -0800] "-" 400 0 "-" "-"
207.46.204.169 - - [07/Mar/2012:00:18:55 -0800] "-" 400 0 "-" "-"
207.46.204.169 - - [07/Mar/2012:00:18:55 -0800] "-" 400 0 "-" "-"
207.46.204.169 - - [07/Mar/2012:00:18:55 -0800] "-" 400 0 "-" "-"
207.46.204.169 - - [07/Mar/2012:00:18:55 -0800] "-" 400 0 "-" "-"
207.46.204.169 - - [07/Mar/2012:00:18:55 -0800] "-" 400 0 "-" "-"
207.46.204.169 - - [07/Mar/2012:00:18:55 -0800] "-" 400 0 "-" "-"
207.46.204.169 - - [07/Mar/2012:00:18:55 -0800] "-" 400 0 "-" "-"
207.46.204.169 - - [07/Mar/2012:00:18:55 -0800] "-" 400 0 "-" "-"
85.17.88.169 - - [07/Mar/2012:00:19:04 -0800] "POST /blog/wp-cron.php?doing_wp_cron=1331108296 HTTP/1.0" 499 0 "-" "WordPress/3.3.1; http://yuvi.in/blog"
72.14.199.121 - - [07/Mar/2012:00:19:05 -0800] "GET /blog/feed/ HTTP/1.1" 304 0 "-" "Feedfetcher-Google; (+http://www.google.com/feedfetcher.html; 18 subscribers; feed-id=15064232456473204253)"
207.46.204.169 - - [07/Mar/2012:00:19:27 -0800] "-" 400 0 "-" "-"
207.46.204.169 - - [07/Mar/2012:00:19:27 -0800] "-" 400 0 "-" "-"
65.161.188.11 - - [07/Mar/2012:00:19:52 -0800] "-" 400 0 "-" "-"
66.249.71.101 - - [07/Mar/2012:00:20:36 -0800] "GET /chennai/route/w1b/ HTTP/1.1" 404 142 "-" "Mozilla/5.0 (compatible; Googlebot/2.1; +http://www.google.com/bot.html)"
66.249.71.101 - - [07/Mar/2012:00:20:54 -0800] "GET /chennai/route/w17d/ HTTP/1.1" 404 142 "-" "Mozilla/5.0 (compatible; Googlebot/2.1; +http://www.google.com/bot.html)"
66.249.71.101 - - [07/Mar/2012:00:21:13 -0800] "GET /chennai/route/w19b/ HTTP/1.1" 404 142 "-" "Mozilla/5.0 (compatible; Googlebot/2.1; +http://www.google.com/bot.html)"
66.249.71.101 - - [07/Mar/2012:00:21:32 -0800] "GET /chennai/route/w219a/ HTTP/1.1" 404 142 "-" "Mozilla/5.0 (compatible; Googlebot/2.1; +http://www.google.com/bot.html)"
85.17.88.169 - - [07/Mar/2012:00:21:41 -0800] "POST /blog/wp-cron.php?doing_wp_cron=1331108453 HTTP/1.0" 499 0 "-" "WordPress/3.3.1; http://yuvi.in/blog"
209.85.224.96 - - [07/Mar/2012:00:21:42 -0800] "GET /blog/feed HTTP/1.1" 304 0 "-" "FeedBurner/1.0 (http://www.FeedBurner.com)"
66.249.71.101 - - [07/Mar/2012:00:21:55 -0800] "GET /chennai/route/w21g/ HTTP/1.1" 404 142 "-" "Mozilla/5.0 (compatible; Googlebot/2.1; +http://www.google.com/bot.html)"
66.249.71.101 - - [07/Mar/2012:00:22:11 -0800] "GET /chennai/route/w500/ HTTP/1.1" 404 142 "-" "Mozilla/5.0 (compatible; Googlebot/2.1; +http://www.google.com/bot.html)"
66.249.71.101 - - [07/Mar/2012:00:22:32 -0800] "GET /chennai/route/w21h/ HTTP/1.1" 404 142 "-" "Mozilla/5.0 (compatible; Googlebot/2.1; +http://www.google.com/bot.html)"
66.249.71.101 - - [07/Mar/2012:00:23:14 -0800] "GET /chennai/route/w599/ HTTP/1.1" 404 142 "-" "Mozilla/5.0 (compatible; Googlebot/2.1; +http://www.google.com/bot.html)"
65.161.188.11 - - [07/Mar/2012:00:23:32 -0800] "-" 400 0 "-" "-"
65.161.188.11 - - [07/Mar/2012:00:23:32 -0800] "-" 400 0 "-" "-"
65.161.188.11 - - [07/Mar/2012:00:23:32 -0800] "-" 400 0 "-" "-"
65.161.188.11 - - [07/Mar/2012:00:23:32 -0800] "-" 400 0 "-" "-"
65.161.188.11 - - [07/Mar/2012:00:23:32 -0800] "-" 400 0 "-" "-"
66.249.71.101 - - [07/Mar/2012:00:23:56 -0800] "GET /chennai/route/w570/ HTTP/1.1" 404 142 "-" "Mozilla/5.0 (compatible; Googlebot/2.1; +http://www.google.com/bot.html)"
66.249.71.101 - - [07/Mar/2012:00:24:39 -0800] "GET /chennai/route/w568c/ HTTP/1.1" 404 142 "-" "Mozilla/5.0 (compatible; Googlebot/2.1; +http://www.google.com/bot.html)"
66.249.71.101 - - [07/Mar/2012:00:25:23 -0800] "GET /chennai/route/w500c/ HTTP/1.1" 404 142 "-" "Mozilla/5.0 (compatible; Googlebot/2.1; +http://www.google.com/bot.html)"
188.223.12.143 - - [07/Mar/2012:00:25:53 -0800] "GET / HTTP/1.1" 200 1430 "-" "Reeder/1.5.4 CFNetwork/548.0.4 Darwin/11.0.0"
188.223.12.143 - - [07/Mar/2012:00:25:53 -0800] "GET /favicon.ico HTTP/1.1" 404 142 "-" "Reeder/1.5.4 CFNetwork/548.0.4 Darwin/11.0.0"
188.223.12.143 - - [07/Mar/2012:00:25:53 -0800] "GET / HTTP/1.1" 200 1430 "-" "Reeder/1.5.4 CFNetwork/548.0.4 Darwin/11.0.0"
188.223.12.143 - - [07/Mar/2012:00:25:53 -0800] "GET /apple-touch-icon.png HTTP/1.1" 404 142 "-" "Reeder/1.5.4 CFNetwork/548.0.4 Darwin/11.0.0"
188.223.12.143 - - [07/Mar/2012:00:25:54 -0800] "GET /apple-touch-icon-precomposed.png HTTP/1.1" 404 142 "-" "Reeder/1.5.4 CFNetwork/548.0.4 Darwin/11.0.0"
66.249.71.101 - - [07/Mar/2012:00:26:09 -0800] "GET /chennai/route/wd70/ HTTP/1.1" 404 142 "-" "Mozilla/5.0 (compatible; Googlebot/2.1; +http://www.google.com/bot.html)"
66.249.71.101 - - [07/Mar/2012:00:26:56 -0800] "GET /chennai/route/we18/ HTTP/1.1" 404 142 "-" "Mozilla/5.0 (compatible; Googlebot/2.1; +http://www.google.com/bot.html)"
66.249.71.101 - - [07/Mar/2012:00:27:44 -0800] "GET /chennai/route/wa51/ HTTP/1.1" 404 142 "-" "Mozilla/5.0 (compatible; Googlebot/2.1; +http://www.google.com/bot.html)"
66.249.71.101 - - [07/Mar/2012:00:28:34 -0800] "GET /admin/routes/route/3293/ HTTP/1.1" 404 142 "-" "Mozilla/5.0 (compatible; Googlebot/2.1; +http://www.google.com/bot.html)"
66.249.71.101 - - [07/Mar/2012:00:29:26 -0800] "GET /chennai/route/wa1/ HTTP/1.1" 404 142 "-" "Mozilla/5.0 (compatible; Googlebot/2.1; +http://www.google.com/bot.html)"
66.249.71.116 - - [07/Mar/2012:00:30:20 -0800] "GET /r/2fj8 HTTP/1.1" 301 257 "-" "Mozilla/5.0 (compatible; Googlebot/2.1; +http://www.google.com/bot.html)"
66.249.71.116 - - [07/Mar/2012:00:30:21 -0800] "GET /s/ta/2fj8/ HTTP/1.1" 302 449 "-" "Mozilla/5.0 (compatible; Googlebot/2.1; +http://www.google.com/bot.html)"
66.249.71.97 - - [07/Mar/2012:00:31:16 -0800] "GET /blog/page/2/ HTTP/1.1" 200 19040 "-" "Mozilla/5.0 (compatible; Googlebot/2.1; +http://www.google.com/bot.html)"
123.125.71.25 - - [07/Mar/2012:00:31:26 -0800] "GET / HTTP/1.1" 200 3439 "-" "Mozilla/5.0 (compatible; Baiduspider/2.0; +http://www.baidu.com/search/spider.html)"
220.181.108.95 - - [07/Mar/2012:00:32:03 -0800] "GET / HTTP/1.1" 200 3439 "-" "Mozilla/5.0 (compatible; Baiduspider/2.0; +http://www.baidu.com/search/spider.html)"
117.193.131.177 - - [07/Mar/2012:00:32:27 -0800] "-" 400 0 "-" "-"
85.17.88.169 - - [07/Mar/2012:00:33:52 -0800] "POST /blog/wp-cron.php?doing_wp_cron=1331109183 HTTP/1.0" 499 0 "-" "WordPress/3.3.1; http://yuvi.in/blog"
72.14.199.121 - - [07/Mar/2012:00:33:53 -0800] "GET /blog/feed HTTP/1.1" 301 0 "-" "Feedfetcher-Google; (+http://www.google.com/feedfetcher.html; 3 subscribers; feed-id=17684830852112633560)"
85.17.88.169 - - [07/Mar/2012:00:33:55 -0800] "POST /blog/wp-cron.php?doing_wp_cron=1331109186 HTTP/1.0" 499 0 "-" "WordPress/3.3.1; http://yuvi.in/blog"
72.14.199.121 - - [07/Mar/2012:00:33:55 -0800] "GET /blog/feed/ HTTP/1.1" 304 0 "-" "Feedfetcher-Google; (+http://www.google.com/feedfetcher.html; 3 subscribers; feed-id=17684830852112633560)"
85.17.88.169 - - [07/Mar/2012:00:33:57 -0800] "POST /blog/wp-cron.php?doing_wp_cron=1331109188 HTTP/1.0" 499 0 "-" "WordPress/3.3.1; http://yuvi.in/blog"
66.249.71.97 - - [07/Mar/2012:00:33:57 -0800] "GET /blog/tag/devlog-dec-2011/ HTTP/1.1" 200 4451 "-" "Mozilla/5.0 (compatible; Googlebot/2.1; +http://www.google.com/bot.html)"
85.17.88.169 - - [07/Mar/2012:00:34:30 -0800] "POST /blog/wp-cron.php?doing_wp_cron=1331109221 HTTP/1.0" 499 0 "-" "WordPress/3.3.1; http://yuvi.in/blog"
101.226.33.171 - - [07/Mar/2012:00:34:30 -0800] "GET /blog/feed HTTP/1.0" 304 0 "-" "Mozilla/4.0 (compatible; Windows;)"
209.85.224.91 - - [07/Mar/2012:00:34:33 -0800] "GET /stories/feed HTTP/1.1" 200 13653 "-" "FeedBurner/1.0 (http://www.FeedBurner.com)"
203.62.174.4 - - [07/Mar/2012:00:34:42 -0800] "-" 400 0 "-" "-"
85.17.88.169 - - [07/Mar/2012:00:34:49 -0800] "POST /blog/wp-cron.php?doing_wp_cron=1331109240 HTTP/1.0" 499 0 "-" "WordPress/3.3.1; http://yuvi.in/blog"
66.249.71.97 - - [07/Mar/2012:00:34:49 -0800] "GET /blog/category/devlog/page/2/ HTTP/1.1" 200 5829 "-" "Mozilla/5.0 (compatible; Googlebot/2.1; +http://www.google.com/bot.html)"
203.62.174.4 - - [07/Mar/2012:00:34:54 -0800] "-" 400 0 "-" "-"
203.62.174.4 - - [07/Mar/2012:00:34:54 -0800] "-" 400 0 "-" "-"
203.62.174.4 - - [07/Mar/2012:00:35:02 -0800] "-" 400 0 "-" "-"
66.249.71.116 - - [07/Mar/2012:00:35:39 -0800] "GET /r/glm HTTP/1.1" 301 255 "-" "Mozilla/5.0 (compatible; Googlebot/2.1; +http://www.google.com/bot.html)"
66.249.71.116 - - [07/Mar/2012:00:35:39 -0800] "GET /s/ta/glm/ HTTP/1.1" 302 481 "-" "Mozilla/5.0 (compatible; Googlebot/2.1; +http://www.google.com/bot.html)"
66.249.71.116 - - [07/Mar/2012:00:36:06 -0800] "GET /r/gx3%E0%AE%95%E0%AE%9F%E0%AF%8D%E0%AE%9F%E0%AE%B1%E0%AF%8D%E0%AE%B1 HTTP/1.1" 301 381 "-" "Mozilla/5.0 (compatible; Googlebot/2.1; +http://www.google.com/bot.html)"
66.249.71.116 - - [07/Mar/2012:00:36:06 -0800] "GET /s/ta/gx3%E0%AE%95%E0%AE%9F%E0%AF%8D%E0%AE%9F%E0%AE%B1%E0%AF%8D%E0%AE%B1/ HTTP/1.1" 502 173 "-" "Mozilla/5.0 (compatible; Googlebot/2.1; +http://www.google.com/bot.html)"
66.249.71.101 - - [07/Mar/2012:00:36:21 -0800] "GET /robots.txt HTTP/1.1" 404 142 "-" "Mozilla/5.0 (compatible; Googlebot/2.1; +http://www.google.com/bot.html)"
66.249.71.101 - - [07/Mar/2012:00:36:22 -0800] "GET /chennai/route/w15b/ HTTP/1.1" 404 142 "-" "Mozilla/5.0 (compatible; Googlebot/2.1; +http://www.google.com/bot.html)"
59.165.104.54 - - [07/Mar/2012:00:37:48 -0800] "-" 400 0 "-" "-"
117.193.131.177 - - [07/Mar/2012:00:38:49 -0800] "-" 400 0 "-" "-"
66.249.71.101 - - [07/Mar/2012:00:38:49 -0800] "GET /admin/routes/route/3274/ HTTP/1.1" 404 142 "-" "Mozilla/5.0 (compatible; Googlebot/2.1; +http://www.google.com/bot.html)"
74.125.126.99 - - [07/Mar/2012:00:38:54 -0800] "GET /favicon.ico HTTP/1.1" 404 211 "-" "-"
66.249.71.116 - - [07/Mar/2012:00:39:24 -0800] "GET /r/2%3Ca%20href= HTTP/1.1" 301 279 "-" "Mozilla/5.0 (compatible; Googlebot/2.1; +http://www.google.com/bot.html)"
66.249.71.116 - - [07/Mar/2012:00:39:25 -0800] "GET /s/ta/2%3Ca%20href%3D/ HTTP/1.1" 502 173 "-" "Mozilla/5.0 (compatible; Googlebot/2.1; +http://www.google.com/bot.html)"
121.243.114.162 - - [07/Mar/2012:00:39:28 -0800] "-" 400 0 "-" "-"
195.68.112.65 - - [07/Mar/2012:00:41:45 -0800] "GET /r/z2o HTTP/1.1" 301 255 "-" "Mozilla/4.0 (compatible; MSIE 8.0; Windows NT 5.1; Trident/4.0; .NET4.0C)"
195.68.112.65 - - [07/Mar/2012:00:41:46 -0800] "GET /s/ta/z2o/ HTTP/1.1" 302 473 "-" "Mozilla/4.0 (compatible; MSIE 8.0; Windows NT 5.1; Trident/4.0; .NET4.0C)"
207.46.204.218 - - [07/Mar/2012:00:43:00 -0800] "-" 400 0 "-" "-"
207.46.204.218 - - [07/Mar/2012:00:43:02 -0800] "-" 400 0 "-" "-"
207.46.204.218 - - [07/Mar/2012:00:43:02 -0800] "-" 400 0 "-" "-"
207.46.204.218 - - [07/Mar/2012:00:43:02 -0800] "-" 400 0 "-" "-"
207.46.204.218 - - [07/Mar/2012:00:43:03 -0800] "-" 400 0 "-" "-"
207.46.204.218 - - [07/Mar/2012:00:43:03 -0800] "-" 400 0 "-" "-"
207.46.204.218 - - [07/Mar/2012:00:43:03 -0800] "-" 400 0 "-" "-"
207.46.204.218 - - [07/Mar/2012:00:43:04 -0800] "-" 400 0 "-" "-"
207.46.204.218 - - [07/Mar/2012:00:43:06 -0800] "-" 400 0 "-" "-"
207.46.204.218 - - [07/Mar/2012:00:43:06 -0800] "-" 400 0 "-" "-"
14.139.184.14 - - [07/Mar/2012:00:43:12 -0800] "-" 400 0 "-" "-"
14.139.184.14 - - [07/Mar/2012:00:43:12 -0800] "-" 400 0 "-" "-"
14.139.184.14 - - [07/Mar/2012:00:43:12 -0800] "-" 400 0 "-" "-"
14.139.184.14 - - [07/Mar/2012:00:43:16 -0800] "-" 400 0 "-" "-"
14.139.184.14 - - [07/Mar/2012:00:43:16 -0800] "-" 400 0 "-" "-"
14.139.184.14 - - [07/Mar/2012:00:43:16 -0800] "-" 400 0 "-" "-"
14.139.184.14 - - [07/Mar/2012:00:43:20 -0800] "-" 400 0 "-" "-"
14.139.184.14 - - [07/Mar/2012:00:43:23 -0800] "-" 400 0 "-" "-"
14.139.184.14 - - [07/Mar/2012:00:43:25 -0800] "-" 400 0 "-" "-"
14.139.184.14 - - [07/Mar/2012:00:43:25 -0800] "-" 400 0 "-" "-"
14.139.184.14 - - [07/Mar/2012:00:43:25 -0800] "-" 400 0 "-" "-"
14.139.184.14 - - [07/Mar/2012:00:43:25 -0800] "-" 400 0 "-" "-"
14.139.184.14 - - [07/Mar/2012:00:43:26 -0800] "-" 400 0 "-" "-"
14.139.184.14 - - [07/Mar/2012:00:43:26 -0800] "-" 400 0 "-" "-"
14.139.184.14 - - [07/Mar/2012:00:43:26 -0800] "-" 400 0 "-" "-"
14.139.184.14 - - [07/Mar/2012:00:43:27 -0800] "-" 400 0 "-" "-"
14.139.184.14 - - [07/Mar/2012:00:43:28 -0800] "-" 400 0 "-" "-"
14.139.184.14 - - [07/Mar/2012:00:43:28 -0800] "-" 400 0 "-" "-"
14.139.184.14 - - [07/Mar/2012:00:43:29 -0800] "-" 400 0 "-" "-"
14.139.184.14 - - [07/Mar/2012:00:43:29 -0800] "-" 400 0 "-" "-"
14.139.184.14 - - [07/Mar/2012:00:43:29 -0800] "-" 400 0 "-" "-"
14.139.184.14 - - [07/Mar/2012:00:43:29 -0800] "-" 400 0 "-" "-"
14.139.184.14 - - [07/Mar/2012:00:43:29 -0800] "-" 400 0 "-" "-"
14.139.184.14 - - [07/Mar/2012:00:43:29 -0800] "-" 400 0 "-" "-"
14.139.184.14 - - [07/Mar/2012:00:43:29 -0800] "-" 400 0 "-" "-"
14.139.184.14 - - [07/Mar/2012:00:43:31 -0800] "-" 400 0 "-" "-"
14.139.184.14 - - [07/Mar/2012:00:43:31 -0800] "-" 400 0 "-" "-"
14.139.184.14 - - [07/Mar/2012:00:43:31 -0800] "-" 400 0 "-" "-"
14.139.184.14 - - [07/Mar/2012:00:43:31 -0800] "-" 400 0 "-" "-"
14.139.184.14 - - [07/Mar/2012:00:43:31 -0800] "-" 400 0 "-" "-"
14.139.184.14 - - [07/Mar/2012:00:43:31 -0800] "-" 400 0 "-" "-"
14.139.184.14 - - [07/Mar/2012:00:43:31 -0800] "-" 400 0 "-" "-"
14.139.184.14 - - [07/Mar/2012:00:43:31 -0800] "-" 400 0 "-" "-"
14.139.184.14 - - [07/Mar/2012:00:43:31 -0800] "-" 400 0 "-" "-"
14.139.184.14 - - [07/Mar/2012:00:43:31 -0800] "-" 400 0 "-" "-"
14.139.184.14 - - [07/Mar/2012:00:43:31 -0800] "-" 400 0 "-" "-"
14.139.184.14 - - [07/Mar/2012:00:43:31 -0800] "-" 400 0 "-" "-"
14.139.184.14 - - [07/Mar/2012:00:43:31 -0800] "-" 400 0 "-" "-"
14.139.184.14 - - [07/Mar/2012:00:43:31 -0800] "-" 400 0 "-" "-"
14.139.184.14 - - [07/Mar/2012:00:43:31 -0800] "-" 400 0 "-" "-"
14.139.184.14 - - [07/Mar/2012:00:43:31 -0800] "-" 400 0 "-" "-"
14.139.184.14 - - [07/Mar/2012:00:43:31 -0800] "-" 400 0 "-" "-"
14.139.184.14 - - [07/Mar/2012:00:43:32 -0800] "-" 400 0 "-" "-"
14.139.184.14 - - [07/Mar/2012:00:43:32 -0800] "-" 400 0 "-" "-"
14.139.184.14 - - [07/Mar/2012:00:43:32 -0800] "-" 400 0 "-" "-"
14.139.184.14 - - [07/Mar/2012:00:43:32 -0800] "-" 400 0 "-" "-"
14.139.184.14 - - [07/Mar/2012:00:43:32 -0800] "-" 400 0 "-" "-"
14.139.184.14 - - [07/Mar/2012:00:43:32 -0800] "-" 400 0 "-" "-"
14.139.184.14 - - [07/Mar/2012:00:43:32 -0800] "-" 400 0 "-" "-"
14.139.184.14 - - [07/Mar/2012:00:43:32 -0800] "-" 400 0 "-" "-"
14.139.184.14 - - [07/Mar/2012:00:43:32 -0800] "-" 400 0 "-" "-"
14.139.184.14 - - [07/Mar/2012:00:43:32 -0800] "-" 400 0 "-" "-"
