98.172.15.254 - - [29/Mar/2012:13:32:40 -0700] "GET /favicon.ico HTTP/1.1" 404 169 "-" "Caffeinated/1.1.1 CFNetwork/520.3.2 Darwin/11.3.0 (x86_64) (MacBookPro8%2C1)"
85.17.88.169 - - [29/Mar/2012:13:32:59 -0700] "POST /blog/wp-cron.php?doing_wp_cron=1333052950 HTTP/1.0" 499 0 "-" "WordPress/3.3.1; http://yuvi.in/blog"
128.2.207.79 - - [29/Mar/2012:13:32:59 -0700] "GET /blog/hackfest-09-expectations/feed/ HTTP/1.0" 200 765 "http://yuvi.in/blog/hackfest-09-expectations/" "Mozilla/5.0 (compatible; lemurwebcrawler admin@lemurproject.org; +http://boston.lti.cs.cmu.edu/crawler_12/)"
66.249.73.23 - - [29/Mar/2012:13:33:38 -0700] "GET /r/6pp HTTP/1.1" 301 255 "-" "Mozilla/5.0 (compatible; Googlebot/2.1; +http://www.google.com/bot.html)"
66.249.73.23 - - [29/Mar/2012:13:33:39 -0700] "GET /s/ta/6pp/ HTTP/1.1" 302 413 "-" "Mozilla/5.0 (compatible; Googlebot/2.1; +http://www.google.com/bot.html)"
98.172.15.254 - - [29/Mar/2012:13:33:39 -0700] "GET /favicon.ico HTTP/1.1" 404 169 "-" "Caffeinated/1.1.1 CFNetwork/520.3.2 Darwin/11.3.0 (x86_64) (MacBookPro8%2C1)"
98.172.15.254 - - [29/Mar/2012:13:34:13 -0700] "GET /favicon.ico HTTP/1.1" 404 169 "-" "Caffeinated/1.1.1 CFNetwork/520.3.2 Darwin/11.3.0 (x86_64) (MacBookPro8%2C1)"
128.2.207.79 - - [29/Mar/2012:13:34:17 -0700] "GET /blog/hackfest-09-expectations/trackback/ HTTP/1.0" 302 0 "http://yuvi.in/blog/hackfest-09-expectations/" "Mozilla/5.0 (compatible; lemurwebcrawler admin@lemurproject.org; +http://boston.lti.cs.cmu.edu/crawler_12/)"
98.172.15.254 - - [29/Mar/2012:13:35:11 -0700] "GET /favicon.ico HTTP/1.1" 404 169 "-" "Caffeinated/1.1.1 CFNetwork/520.3.2 Darwin/11.3.0 (x86_64) (MacBookPro8%2C1)"
123.125.71.15 - - [29/Mar/2012:13:35:31 -0700] "GET / HTTP/1.1" 200 3439 "-" "Mozilla/5.0 (compatible; Baiduspider/2.0; +http://www.baidu.com/search/spider.html)"
85.17.88.169 - - [29/Mar/2012:13:35:40 -0700] "POST /blog/wp-cron.php?doing_wp_cron=1333053112 HTTP/1.0" 499 0 "-" "WordPress/3.3.1; http://yuvi.in/blog"
128.2.207.79 - - [29/Mar/2012:13:35:41 -0700] "GET /blog/pycon-india-2009/trackback/ HTTP/1.0" 302 0 "http://yuvi.in/blog/pycon-india-2009/" "Mozilla/5.0 (compatible; lemurwebcrawler admin@lemurproject.org; +http://boston.lti.cs.cmu.edu/crawler_12/)"
98.172.15.254 - - [29/Mar/2012:13:35:41 -0700] "GET / HTTP/1.1" 304 0 "-" "Caffeinated/1.1.1 CFNetwork/520.3.2 Darwin/11.3.0 (x86_64) (MacBookPro8%2C1)"
98.172.15.254 - - [29/Mar/2012:13:35:42 -0700] "GET /favicon.ico HTTP/1.1" 404 169 "-" "Caffeinated/1.1.1 CFNetwork/520.3.2 Darwin/11.3.0 (x86_64) (MacBookPro8%2C1)"
220.181.108.93 - - [29/Mar/2012:13:36:04 -0700] "GET / HTTP/1.1" 200 3439 "-" "Mozilla/5.0 (compatible; Baiduspider/2.0; +http://www.baidu.com/search/spider.html)"
98.172.15.254 - - [29/Mar/2012:13:36:42 -0700] "GET /favicon.ico HTTP/1.1" 404 169 "-" "Caffeinated/1.1.1 CFNetwork/520.3.2 Darwin/11.3.0 (x86_64) (MacBookPro8%2C1)"
98.172.15.254 - - [29/Mar/2012:13:37:09 -0700] "GET /favicon.ico HTTP/1.1" 404 169 "-" "Caffeinated/1.1.1 CFNetwork/520.3.2 Darwin/11.3.0 (x86_64) (MacBookPro8%2C1)"
128.2.207.79 - - [29/Mar/2012:13:37:09 -0700] "GET /blog/what-i-learnt-from-the-hackfest-at-iitm/trackback/ HTTP/1.0" 302 0 "http://yuvi.in/blog/what-i-learnt-from-the-hackfest-at-iitm/" "Mozilla/5.0 (compatible; lemurwebcrawler admin@lemurproject.org; +http://boston.lti.cs.cmu.edu/crawler_12/)"
98.172.15.254 - - [29/Mar/2012:13:38:08 -0700] "GET /favicon.ico HTTP/1.1" 404 169 "-" "Caffeinated/1.1.1 CFNetwork/520.3.2 Darwin/11.3.0 (x86_64) (MacBookPro8%2C1)"
85.17.88.169 - - [29/Mar/2012:13:38:27 -0700] "POST /blog/wp-cron.php?doing_wp_cron=1333053279 HTTP/1.0" 499 0 "-" "WordPress/3.3.1; http://yuvi.in/blog"
128.2.207.79 - - [29/Mar/2012:13:38:28 -0700] "GET /blog/what-i-learnt-from-the-hackfest-at-iitm/feed/ HTTP/1.0" 200 795 "http://yuvi.in/blog/what-i-learnt-from-the-hackfest-at-iitm/" "Mozilla/5.0 (compatible; lemurwebcrawler admin@lemurproject.org; +http://boston.lti.cs.cmu.edu/crawler_12/)"
98.172.15.254 - - [29/Mar/2012:13:38:59 -0700] "GET /favicon.ico HTTP/1.1" 404 169 "-" "Caffeinated/1.1.1 CFNetwork/520.3.2 Darwin/11.3.0 (x86_64) (MacBookPro8%2C1)"
85.17.88.169 - - [29/Mar/2012:13:39:12 -0700] "POST /blog/wp-cron.php?doing_wp_cron=1333053323 HTTP/1.0" 499 0 "-" "WordPress/3.3.1; http://yuvi.in/blog"
209.85.224.91 - - [29/Mar/2012:13:39:12 -0700] "GET /blog/feed HTTP/1.1" 304 0 "-" "FeedBurner/1.0 (http://www.FeedBurner.com)"
98.172.15.254 - - [29/Mar/2012:13:39:38 -0700] "GET /favicon.ico HTTP/1.1" 404 169 "-" "Caffeinated/1.1.1 CFNetwork/520.3.2 Darwin/11.3.0 (x86_64) (MacBookPro8%2C1)"
128.2.207.79 - - [29/Mar/2012:13:39:41 -0700] "GET /blog/lessons-learnt-from-working-with-the-symposium/trackback/ HTTP/1.0" 302 0 "http://yuvi.in/blog/lessons-learnt-from-working-with-the-symposium/" "Mozilla/5.0 (compatible; lemurwebcrawler admin@lemurproject.org; +http://boston.lti.cs.cmu.edu/crawler_12/)"
66.249.73.23 - - [29/Mar/2012:13:40:15 -0700] "GET /r/1tt HTTP/1.1" 301 255 "-" "Mozilla/5.0 (compatible; Googlebot/2.1; +http://www.google.com/bot.html)"
66.249.73.23 - - [29/Mar/2012:13:40:16 -0700] "GET /s/ta/1tt/ HTTP/1.1" 302 791 "-" "Mozilla/5.0 (compatible; Googlebot/2.1; +http://www.google.com/bot.html)"
98.172.15.254 - - [29/Mar/2012:13:40:34 -0700] "GET /favicon.ico HTTP/1.1" 404 169 "-" "Caffeinated/1.1.1 CFNetwork/520.3.2 Darwin/11.3.0 (x86_64) (MacBookPro8%2C1)"
85.17.88.169 - - [29/Mar/2012:13:40:56 -0700] "POST /blog/wp-cron.php?doing_wp_cron=1333053428 HTTP/1.0" 499 0 "-" "WordPress/3.3.1; http://yuvi.in/blog"
128.2.207.79 - - [29/Mar/2012:13:40:57 -0700] "GET /blog/lessons-learnt-from-working-with-the-symposium/feed/ HTTP/1.0" 200 816 "http://yuvi.in/blog/lessons-learnt-from-working-with-the-symposium/" "Mozilla/5.0 (compatible; lemurwebcrawler admin@lemurproject.org; +http://boston.lti.cs.cmu.edu/crawler_12/)"
98.172.15.254 - - [29/Mar/2012:13:41:02 -0700] "GET / HTTP/1.1" 304 0 "-" "Caffeinated/1.1.1 CFNetwork/520.3.2 Darwin/11.3.0 (x86_64) (MacBookPro8%2C1)"
98.172.15.254 - - [29/Mar/2012:13:41:02 -0700] "GET /favicon.ico HTTP/1.1" 404 169 "-" "Caffeinated/1.1.1 CFNetwork/520.3.2 Darwin/11.3.0 (x86_64) (MacBookPro8%2C1)"
98.172.15.254 - - [29/Mar/2012:13:42:02 -0700] "GET /favicon.ico HTTP/1.1" 404 169 "-" "Caffeinated/1.1.1 CFNetwork/520.3.2 Darwin/11.3.0 (x86_64) (MacBookPro8%2C1)"
85.17.88.169 - - [29/Mar/2012:13:42:17 -0700] "POST /blog/wp-cron.php?doing_wp_cron=1333053509 HTTP/1.0" 499 0 "-" "WordPress/3.3.1; http://yuvi.in/blog"
209.85.238.244 - - [29/Mar/2012:13:42:18 -0700] "GET /blog/feed HTTP/1.1" 301 0 "-" "Feedfetcher-Google; (+http://www.google.com/feedfetcher.html; 3 subscribers; feed-id=17684830852112633560)"
85.17.88.169 - - [29/Mar/2012:13:42:20 -0700] "POST /blog/wp-cron.php?doing_wp_cron=1333053512 HTTP/1.0" 499 0 "-" "WordPress/3.3.1; http://yuvi.in/blog"
209.85.238.244 - - [29/Mar/2012:13:42:21 -0700] "GET /blog/feed/ HTTP/1.1" 304 0 "-" "Feedfetcher-Google; (+http://www.google.com/feedfetcher.html; 3 subscribers; feed-id=17684830852112633560)"
85.17.88.169 - - [29/Mar/2012:13:42:28 -0700] "POST /blog/wp-cron.php?doing_wp_cron=1333053520 HTTP/1.0" 499 0 "-" "WordPress/3.3.1; http://yuvi.in/blog"
128.2.207.79 - - [29/Mar/2012:13:42:29 -0700] "GET /blog/pycon-2009-are-you-coming/trackback/ HTTP/1.0" 302 0 "http://yuvi.in/blog/pycon-2009-are-you-coming/" "Mozilla/5.0 (compatible; lemurwebcrawler admin@lemurproject.org; +http://boston.lti.cs.cmu.edu/crawler_12/)"
98.172.15.254 - - [29/Mar/2012:13:42:54 -0700] "GET /favicon.ico HTTP/1.1" 404 169 "-" "Caffeinated/1.1.1 CFNetwork/520.3.2 Darwin/11.3.0 (x86_64) (MacBookPro8%2C1)"
213.186.127.13 - - [29/Mar/2012:13:43:18 -0700] "GET /r/hb3 HTTP/1.1" 301 255 "-" "Mozilla/5.0 (compatible; AhrefsBot/2.0; +http://ahrefs.com/robot/)"
69.171.228.249 - - [29/Mar/2012:13:43:20 -0700] "GET /r/fmf HTTP/1.1" 301 255 "-" "facebookexternalhit/1.1 (+http://www.facebook.com/externalhit_uatext.php)"
69.171.228.250 - - [29/Mar/2012:13:43:20 -0700] "GET /s/ta/fmf/ HTTP/1.1" 302 349 "-" "facebookexternalhit/1.1 (+http://www.facebook.com/externalhit_uatext.php)"
67.215.230.28 - - [29/Mar/2012:13:43:21 -0700] "GET /robots.txt HTTP/1.0" 404 169 "-" "Setooz/Nutch-1.2 (http://www.setooz.com)"
67.215.230.28 - - [29/Mar/2012:13:43:21 -0700] "GET /stories HTTP/1.0" 301 185 "-" "Setooz/Nutch-1.2 (http://www.setooz.com)"
98.172.15.254 - - [29/Mar/2012:13:43:35 -0700] "GET /favicon.ico HTTP/1.1" 404 169 "-" "Caffeinated/1.1.1 CFNetwork/520.3.2 Darwin/11.3.0 (x86_64) (MacBookPro8%2C1)"
67.215.230.26 - - [29/Mar/2012:13:43:40 -0700] "GET /robots.txt HTTP/1.0" 404 169 "-" "Setooz/Nutch-1.2 (http://www.setooz.com)"
67.215.230.26 - - [29/Mar/2012:13:43:40 -0700] "GET / HTTP/1.0" 200 3439 "-" "Setooz/Nutch-1.2 (http://www.setooz.com)"
98.172.15.254 - - [29/Mar/2012:13:44:22 -0700] "GET /favicon.ico HTTP/1.1" 404 169 "-" "Caffeinated/1.1.1 CFNetwork/520.3.2 Darwin/11.3.0 (x86_64) (MacBookPro8%2C1)"
85.17.88.169 - - [29/Mar/2012:13:44:58 -0700] "POST /blog/wp-cron.php?doing_wp_cron=1333053670 HTTP/1.0" 499 0 "-" "WordPress/3.3.1; http://yuvi.in/blog"
128.2.207.79 - - [29/Mar/2012:13:44:59 -0700] "GET /blog/trip-to-kerala/feed/ HTTP/1.0" 200 720 "http://yuvi.in/blog/trip-to-kerala/" "Mozilla/5.0 (compatible; lemurwebcrawler admin@lemurproject.org; +http://boston.lti.cs.cmu.edu/crawler_12/)"
98.172.15.254 - - [29/Mar/2012:13:45:05 -0700] "GET /favicon.ico HTTP/1.1" 404 169 "-" "Caffeinated/1.1.1 CFNetwork/520.3.2 Darwin/11.3.0 (x86_64) (MacBookPro8%2C1)"
98.172.15.254 - - [29/Mar/2012:13:45:49 -0700] "GET /favicon.ico HTTP/1.1" 404 169 "-" "Caffeinated/1.1.1 CFNetwork/520.3.2 Darwin/11.3.0 (x86_64) (MacBookPro8%2C1)"
85.17.88.169 - - [29/Mar/2012:13:46:23 -0700] "POST /blog/wp-cron.php?doing_wp_cron=1333053754 HTTP/1.0" 499 0 "-" "WordPress/3.3.1; http://yuvi.in/blog"
128.2.207.79 - - [29/Mar/2012:13:46:25 -0700] "GET /blog/trip-to-kerala/trackback/ HTTP/1.0" 302 0 "http://yuvi.in/blog/trip-to-kerala/" "Mozilla/5.0 (compatible; lemurwebcrawler admin@lemurproject.org; +http://boston.lti.cs.cmu.edu/crawler_12/)"
98.172.15.254 - - [29/Mar/2012:13:46:33 -0700] "GET / HTTP/1.1" 304 0 "-" "Caffeinated/1.1.1 CFNetwork/520.3.2 Darwin/11.3.0 (x86_64) (MacBookPro8%2C1)"
98.172.15.254 - - [29/Mar/2012:13:46:33 -0700] "GET /favicon.ico HTTP/1.1" 404 169 "-" "Caffeinated/1.1.1 CFNetwork/520.3.2 Darwin/11.3.0 (x86_64) (MacBookPro8%2C1)"
98.172.15.254 - - [29/Mar/2012:13:47:18 -0700] "GET /favicon.ico HTTP/1.1" 404 169 "-" "Caffeinated/1.1.1 CFNetwork/520.3.2 Darwin/11.3.0 (x86_64) (MacBookPro8%2C1)"
98.172.15.254 - - [29/Mar/2012:13:48:59 -0700] "GET /favicon.ico HTTP/1.1" 404 169 "-" "Caffeinated/1.1.1 CFNetwork/520.3.2 Darwin/11.3.0 (x86_64) (MacBookPro8%2C1)"
98.172.15.254 - - [29/Mar/2012:13:49:52 -0700] "GET /favicon.ico HTTP/1.1" 404 169 "-" "Caffeinated/1.1.1 CFNetwork/520.3.2 Darwin/11.3.0 (x86_64) (MacBookPro8%2C1)"
85.17.88.169 - - [29/Mar/2012:13:50:11 -0700] "POST /blog/wp-cron.php?doing_wp_cron=1333053982 HTTP/1.0" 499 0 "-" "WordPress/3.3.1; http://yuvi.in/blog"
128.2.207.79 - - [29/Mar/2012:13:50:12 -0700] "GET /blog/the-python-workshop/trackback/ HTTP/1.0" 302 0 "http://yuvi.in/blog/the-python-workshop/" "Mozilla/5.0 (compatible; lemurwebcrawler admin@lemurproject.org; +http://boston.lti.cs.cmu.edu/crawler_12/)"
98.172.15.254 - - [29/Mar/2012:13:50:26 -0700] "GET /favicon.ico HTTP/1.1" 404 169 "-" "Caffeinated/1.1.1 CFNetwork/520.3.2 Darwin/11.3.0 (x86_64) (MacBookPro8%2C1)"
98.172.15.254 - - [29/Mar/2012:13:51:24 -0700] "GET /favicon.ico HTTP/1.1" 404 169 "-" "Caffeinated/1.1.1 CFNetwork/520.3.2 Darwin/11.3.0 (x86_64) (MacBookPro8%2C1)"
98.172.15.254 - - [29/Mar/2012:13:52:53 -0700] "GET / HTTP/1.1" 304 0 "-" "Caffeinated/1.1.1 CFNetwork/520.3.2 Darwin/11.3.0 (x86_64) (MacBookPro8%2C1)"
98.172.15.254 - - [29/Mar/2012:13:52:54 -0700] "GET /favicon.ico HTTP/1.1" 404 169 "-" "Caffeinated/1.1.1 CFNetwork/520.3.2 Darwin/11.3.0 (x86_64) (MacBookPro8%2C1)"
85.17.88.169 - - [29/Mar/2012:13:52:57 -0700] "POST /blog/wp-cron.php?doing_wp_cron=1333054149 HTTP/1.0" 499 0 "-" "WordPress/3.3.1; http://yuvi.in/blog"
128.2.207.79 - - [29/Mar/2012:13:52:58 -0700] "GET /blog/gstreamer-101-at-gnome-asia-2011/trackback/ HTTP/1.0" 302 0 "http://yuvi.in/blog/gstreamer-101-at-gnome-asia-2011/" "Mozilla/5.0 (compatible; lemurwebcrawler admin@lemurproject.org; +http://boston.lti.cs.cmu.edu/crawler_12/)"
66.249.73.23 - - [29/Mar/2012:13:53:28 -0700] "GET /r/1gov HTTP/1.1" 301 257 "-" "Mozilla/5.0 (compatible; Googlebot/2.1; +http://www.google.com/bot.html)"
66.249.73.23 - - [29/Mar/2012:13:53:29 -0700] "GET /s/ta/1gov/ HTTP/1.1" 302 413 "-" "Mozilla/5.0 (compatible; Googlebot/2.1; +http://www.google.com/bot.html)"
98.172.15.254 - - [29/Mar/2012:13:54:08 -0700] "GET /favicon.ico HTTP/1.1" 404 169 "-" "Caffeinated/1.1.1 CFNetwork/520.3.2 Darwin/11.3.0 (x86_64) (MacBookPro8%2C1)"
98.172.15.254 - - [29/Mar/2012:13:55:23 -0700] "GET /favicon.ico HTTP/1.1" 404 169 "-" "Caffeinated/1.1.1 CFNetwork/520.3.2 Darwin/11.3.0 (x86_64) (MacBookPro8%2C1)"
85.17.88.169 - - [29/Mar/2012:13:55:32 -0700] "POST /blog/wp-cron.php?doing_wp_cron=1333054303 HTTP/1.0" 499 0 "-" "WordPress/3.3.1; http://yuvi.in/blog"
128.2.207.79 - - [29/Mar/2012:13:55:34 -0700] "GET /blog/gstreamer-101-at-gnome-asia-2011/feed/ HTTP/1.0" 200 774 "http://yuvi.in/blog/gstreamer-101-at-gnome-asia-2011/" "Mozilla/5.0 (compatible; lemurwebcrawler admin@lemurproject.org; +http://boston.lti.cs.cmu.edu/crawler_12/)"
98.172.15.254 - - [29/Mar/2012:13:55:37 -0700] "GET /favicon.ico HTTP/1.1" 404 169 "-" "Caffeinated/1.1.1 CFNetwork/520.3.2 Darwin/11.3.0 (x86_64) (MacBookPro8%2C1)"
98.172.15.254 - - [29/Mar/2012:13:56:36 -0700] "GET /favicon.ico HTTP/1.1" 404 169 "-" "Caffeinated/1.1.1 CFNetwork/520.3.2 Darwin/11.3.0 (x86_64) (MacBookPro8%2C1)"
123.30.175.69 - - [29/Mar/2012:13:56:38 -0700] "GET /robots.txt HTTP/1.0" 404 238 "-" "itim"
123.30.175.69 - - [29/Mar/2012:13:56:55 -0700] "GET / HTTP/1.0" 404 238 "-" "itim"
123.30.175.69 - - [29/Mar/2012:13:56:57 -0700] "GET / HTTP/1.0" 404 238 "-" "itim"
98.172.15.254 - - [29/Mar/2012:13:57:59 -0700] "GET / HTTP/1.1" 304 0 "-" "Caffeinated/1.1.1 CFNetwork/520.3.2 Darwin/11.3.0 (x86_64) (MacBookPro8%2C1)"
98.172.15.254 - - [29/Mar/2012:13:57:59 -0700] "GET /favicon.ico HTTP/1.1" 404 169 "-" "Caffeinated/1.1.1 CFNetwork/520.3.2 Darwin/11.3.0 (x86_64) (MacBookPro8%2C1)"
98.172.15.254 - - [29/Mar/2012:13:58:29 -0700] "GET /favicon.ico HTTP/1.1" 404 169 "-" "Caffeinated/1.1.1 CFNetwork/520.3.2 Darwin/11.3.0 (x86_64) (MacBookPro8%2C1)"
85.17.88.169 - - [29/Mar/2012:13:59:11 -0700] "POST /blog/wp-cron.php?doing_wp_cron=1333054523 HTTP/1.0" 499 0 "-" "WordPress/3.3.1; http://yuvi.in/blog"
128.2.207.79 - - [29/Mar/2012:13:59:12 -0700] "GET /blog/devlog-may-2011/trackback/ HTTP/1.0" 302 0 "http://yuvi.in/blog/devlog-may-2011/" "Mozilla/5.0 (compatible; lemurwebcrawler admin@lemurproject.org; +http://boston.lti.cs.cmu.edu/crawler_12/)"
98.172.15.254 - - [29/Mar/2012:13:59:16 -0700] "GET /favicon.ico HTTP/1.1" 404 169 "-" "Caffeinated/1.1.1 CFNetwork/520.3.2 Darwin/11.3.0 (x86_64) (MacBookPro8%2C1)"
98.172.15.254 - - [29/Mar/2012:13:59:57 -0700] "GET /favicon.ico HTTP/1.1" 404 169 "-" "Caffeinated/1.1.1 CFNetwork/520.3.2 Darwin/11.3.0 (x86_64) (MacBookPro8%2C1)"
66.249.73.23 - - [29/Mar/2012:14:00:05 -0700] "GET /s/ta/2na0/ HTTP/1.1" 302 693 "-" "Mozilla/5.0 (compatible; Googlebot/2.1; +http://www.google.com/bot.html)"
98.172.15.254 - - [29/Mar/2012:14:00:43 -0700] "GET /favicon.ico HTTP/1.1" 404 169 "-" "Caffeinated/1.1.1 CFNetwork/520.3.2 Darwin/11.3.0 (x86_64) (MacBookPro8%2C1)"
98.172.15.254 - - [29/Mar/2012:14:01:24 -0700] "GET /favicon.ico HTTP/1.1" 404 169 "-" "Caffeinated/1.1.1 CFNetwork/520.3.2 Darwin/11.3.0 (x86_64) (MacBookPro8%2C1)"
85.17.88.169 - - [29/Mar/2012:14:01:43 -0700] "POST /blog/wp-cron.php?doing_wp_cron=1333054674 HTTP/1.0" 499 0 "-" "WordPress/3.3.1; http://yuvi.in/blog"
128.2.207.79 - - [29/Mar/2012:14:01:43 -0700] "GET /blog/devlog-april-2011/trackback/ HTTP/1.0" 302 0 "http://yuvi.in/blog/devlog-april-2011/" "Mozilla/5.0 (compatible; lemurwebcrawler admin@lemurproject.org; +http://boston.lti.cs.cmu.edu/crawler_12/)"
98.172.15.254 - - [29/Mar/2012:14:02:12 -0700] "GET /favicon.ico HTTP/1.1" 404 169 "-" "Caffeinated/1.1.1 CFNetwork/520.3.2 Darwin/11.3.0 (x86_64) (MacBookPro8%2C1)"
98.172.15.254 - - [29/Mar/2012:14:02:54 -0700] "GET /favicon.ico HTTP/1.1" 404 169 "-" "Caffeinated/1.1.1 CFNetwork/520.3.2 Darwin/11.3.0 (x86_64) (MacBookPro8%2C1)"
128.2.207.79 - - [29/Mar/2012:14:03:30 -0700] "GET /blog/devlog-december-5-2011/trackback/ HTTP/1.0" 302 0 "http://yuvi.in/blog/devlog-december-5-2011/" "Mozilla/5.0 (compatible; lemurwebcrawler admin@lemurproject.org; +http://boston.lti.cs.cmu.edu/crawler_12/)"
98.172.15.254 - - [29/Mar/2012:14:03:41 -0700] "GET / HTTP/1.1" 304 0 "-" "Caffeinated/1.1.1 CFNetwork/520.3.2 Darwin/11.3.0 (x86_64) (MacBookPro8%2C1)"
98.172.15.254 - - [29/Mar/2012:14:03:41 -0700] "GET /favicon.ico HTTP/1.1" 404 169 "-" "Caffeinated/1.1.1 CFNetwork/520.3.2 Darwin/11.3.0 (x86_64) (MacBookPro8%2C1)"
98.172.15.254 - - [29/Mar/2012:14:04:39 -0700] "GET /favicon.ico HTTP/1.1" 404 169 "-" "Caffeinated/1.1.1 CFNetwork/520.3.2 Darwin/11.3.0 (x86_64) (MacBookPro8%2C1)"
98.172.15.254 - - [29/Mar/2012:14:05:10 -0700] "GET /favicon.ico HTTP/1.1" 404 169 "-" "Caffeinated/1.1.1 CFNetwork/520.3.2 Darwin/11.3.0 (x86_64) (MacBookPro8%2C1)"
59.97.49.66 - - [29/Mar/2012:14:05:45 -0700] "-" 400 0 "-" "-"
85.17.88.169 - - [29/Mar/2012:14:05:52 -0700] "POST /blog/wp-cron.php?doing_wp_cron=1333054924 HTTP/1.0" 499 0 "-" "WordPress/3.3.1; http://yuvi.in/blog"
128.2.207.79 - - [29/Mar/2012:14:05:58 -0700] "GET /blog/devlog-december-5-2011/feed/ HTTP/1.0" 200 1123 "http://yuvi.in/blog/devlog-december-5-2011/" "Mozilla/5.0 (compatible; lemurwebcrawler admin@lemurproject.org; +http://boston.lti.cs.cmu.edu/crawler_12/)"
98.172.15.254 - - [29/Mar/2012:14:06:04 -0700] "GET /favicon.ico HTTP/1.1" 404 169 "-" "Caffeinated/1.1.1 CFNetwork/520.3.2 Darwin/11.3.0 (x86_64) (MacBookPro8%2C1)"
59.97.49.66 - - [29/Mar/2012:14:06:15 -0700] "-" 400 0 "-" "-"
98.172.15.254 - - [29/Mar/2012:14:06:36 -0700] "GET /favicon.ico HTTP/1.1" 404 169 "-" "Caffeinated/1.1.1 CFNetwork/520.3.2 Darwin/11.3.0 (x86_64) (MacBookPro8%2C1)"
66.249.73.23 - - [29/Mar/2012:14:06:42 -0700] "GET /r/1y92 HTTP/1.1" 301 257 "-" "Mozilla/5.0 (compatible; Googlebot/2.1; +http://www.google.com/bot.html)"
66.249.73.23 - - [29/Mar/2012:14:06:43 -0700] "GET /s/ta/1y92/ HTTP/1.1" 302 355 "-" "Mozilla/5.0 (compatible; Googlebot/2.1; +http://www.google.com/bot.html)"
66.249.73.23 - - [29/Mar/2012:14:07:20 -0700] "GET /r/33ed HTTP/1.1" 301 257 "-" "Mozilla/5.0 (compatible; Googlebot/2.1; +http://www.google.com/bot.html)"
66.249.73.23 - - [29/Mar/2012:14:07:22 -0700] "GET /s/ta/33ed/ HTTP/1.1" 302 421 "-" "Mozilla/5.0 (compatible; Googlebot/2.1; +http://www.google.com/bot.html)"
98.172.15.254 - - [29/Mar/2012:14:07:32 -0700] "GET /favicon.ico HTTP/1.1" 404 169 "-" "Caffeinated/1.1.1 CFNetwork/520.3.2 Darwin/11.3.0 (x86_64) (MacBookPro8%2C1)"
98.172.15.254 - - [29/Mar/2012:14:08:02 -0700] "GET /favicon.ico HTTP/1.1" 404 169 "-" "Caffeinated/1.1.1 CFNetwork/520.3.2 Darwin/11.3.0 (x86_64) (MacBookPro8%2C1)"
85.17.88.169 - - [29/Mar/2012:14:08:28 -0700] "POST /blog/wp-cron.php?doing_wp_cron=1333055079 HTTP/1.0" 499 0 "-" "WordPress/3.3.1; http://yuvi.in/blog"
128.2.207.79 - - [29/Mar/2012:14:08:28 -0700] "GET /blog/devlog-december-2011/trackback/ HTTP/1.0" 302 0 "http://yuvi.in/blog/devlog-december-2011/" "Mozilla/5.0 (compatible; lemurwebcrawler admin@lemurproject.org; +http://boston.lti.cs.cmu.edu/crawler_12/)"
98.172.15.254 - - [29/Mar/2012:14:08:58 -0700] "GET / HTTP/1.1" 304 0 "-" "Caffeinated/1.1.1 CFNetwork/520.3.2 Darwin/11.3.0 (x86_64) (MacBookPro8%2C1)"
98.172.15.254 - - [29/Mar/2012:14:08:59 -0700] "GET /favicon.ico HTTP/1.1" 404 169 "-" "Caffeinated/1.1.1 CFNetwork/520.3.2 Darwin/11.3.0 (x86_64) (MacBookPro8%2C1)"
85.17.88.169 - - [29/Mar/2012:14:09:20 -0700] "POST /blog/wp-cron.php?doing_wp_cron=1333055132 HTTP/1.0" 499 0 "-" "WordPress/3.3.1; http://yuvi.in/blog"
209.85.224.85 - - [29/Mar/2012:14:09:21 -0700] "GET /blog/feed HTTP/1.1" 304 0 "-" "FeedBurner/1.0 (http://www.FeedBurner.com)"
98.172.15.254 - - [29/Mar/2012:14:09:43 -0700] "GET /favicon.ico HTTP/1.1" 404 169 "-" "Caffeinated/1.1.1 CFNetwork/520.3.2 Darwin/11.3.0 (x86_64) (MacBookPro8%2C1)"
213.186.127.13 - - [29/Mar/2012:14:09:44 -0700] "GET /s/ta/2gap/ HTTP/1.1" 302 583 "-" "Mozilla/5.0 (compatible; AhrefsBot/2.0; +http://ahrefs.com/robot/)"
85.17.88.169 - - [29/Mar/2012:14:09:48 -0700] "POST /blog/wp-cron.php?doing_wp_cron=1333055160 HTTP/1.0" 499 0 "-" "WordPress/3.3.1; http://yuvi.in/blog"
128.2.207.79 - - [29/Mar/2012:14:09:54 -0700] "GET /blog/devlog-december-2011/feed/ HTTP/1.0" 200 738 "http://yuvi.in/blog/devlog-december-2011/" "Mozilla/5.0 (compatible; lemurwebcrawler admin@lemurproject.org; +http://boston.lti.cs.cmu.edu/crawler_12/)"
98.172.15.254 - - [29/Mar/2012:14:10:41 -0700] "GET /favicon.ico HTTP/1.1" 404 169 "-" "Caffeinated/1.1.1 CFNetwork/520.3.2 Darwin/11.3.0 (x86_64) (MacBookPro8%2C1)"
65.52.110.147 - - [29/Mar/2012:14:10:49 -0700] "GET /robots.txt HTTP/1.1" 404 169 "-" "Mozilla/5.0 (compatible; bingbot/2.0; +http://www.bing.com/bingbot.htm)"
98.172.15.254 - - [29/Mar/2012:14:11:28 -0700] "GET /favicon.ico HTTP/1.1" 404 169 "-" "Caffeinated/1.1.1 CFNetwork/520.3.2 Darwin/11.3.0 (x86_64) (MacBookPro8%2C1)"
65.52.110.147 - - [29/Mar/2012:14:11:39 -0700] "GET /blog/archives.html HTTP/1.1" 304 0 "-" "Mozilla/5.0 (compatible; bingbot/2.0; +http://www.bing.com/bingbot.htm)"
66.187.233.202 - - [29/Mar/2012:14:12:19 -0700] "GET / HTTP/1.1" 200 1430 "http://ha.ckers.in/" "Mozilla/5.0 (X11; U; Linux x86_64; en-US; rv:1.9.2.17) Gecko/20110428 Fedora/3.6.17-1.fc13 Firefox/3.6.17"
66.187.233.202 - - [29/Mar/2012:14:12:19 -0700] "GET /blueprint/screen.css HTTP/1.1" 200 12058 "http://yuvi.in/" "Mozilla/5.0 (X11; U; Linux x86_64; en-US; rv:1.9.2.17) Gecko/20110428 Fedora/3.6.17-1.fc13 Firefox/3.6.17"
66.187.233.202 - - [29/Mar/2012:14:12:19 -0700] "GET /blueprint/print.css HTTP/1.1" 200 1284 "http://yuvi.in/" "Mozilla/5.0 (X11; U; Linux x86_64; en-US; rv:1.9.2.17) Gecko/20110428 Fedora/3.6.17-1.fc13 Firefox/3.6.17"
66.187.233.202 - - [29/Mar/2012:14:12:19 -0700] "GET /header.png HTTP/1.1" 200 14249 "http://yuvi.in/" "Mozilla/5.0 (X11; U; Linux x86_64; en-US; rv:1.9.2.17) Gecko/20110428 Fedora/3.6.17-1.fc13 Firefox/3.6.17"
66.187.233.202 - - [29/Mar/2012:14:12:19 -0700] "GET /favicon.ico HTTP/1.1" 404 142 "-" "Mozilla/5.0 (X11; U; Linux x86_64; en-US; rv:1.9.2.17) Gecko/20110428 Fedora/3.6.17-1.fc13 Firefox/3.6.17"
66.187.233.202 - - [29/Mar/2012:14:12:19 -0700] "GET /favicon.ico HTTP/1.1" 404 142 "-" "Mozilla/5.0 (X11; U; Linux x86_64; en-US; rv:1.9.2.17) Gecko/20110428 Fedora/3.6.17-1.fc13 Firefox/3.6.17"
98.172.15.254 - - [29/Mar/2012:14:12:27 -0700] "GET /favicon.ico HTTP/1.1" 404 169 "-" "Caffeinated/1.1.1 CFNetwork/520.3.2 Darwin/11.3.0 (x86_64) (MacBookPro8%2C1)"
98.172.15.254 - - [29/Mar/2012:14:12:55 -0700] "GET /favicon.ico HTTP/1.1" 404 169 "-" "Caffeinated/1.1.1 CFNetwork/520.3.2 Darwin/11.3.0 (x86_64) (MacBookPro8%2C1)"
24.132.63.154 - - [29/Mar/2012:14:13:06 -0700] "GET /robots.txt HTTP/1.0" 404 169 "-" "Mozilla/5.0 (compatible; MJ12bot/v1.4.2; http://www.majestic12.co.uk/bot.php?+)"
24.132.63.154 - - [29/Mar/2012:14:13:24 -0700] "GET /blog/?p=398 HTTP/1.0" 301 0 "-" "Mozilla/5.0 (compatible; MJ12bot/v1.4.2; http://www.majestic12.co.uk/bot.php?+)"
128.2.207.79 - - [29/Mar/2012:14:13:32 -0700] "GET /blog/sicp-and-brainfuck/trackback/ HTTP/1.0" 302 0 "http://yuvi.in/blog/sicp-and-brainfuck/" "Mozilla/5.0 (compatible; lemurwebcrawler admin@lemurproject.org; +http://boston.lti.cs.cmu.edu/crawler_12/)"
124.115.0.108 - - [29/Mar/2012:14:13:40 -0700] "GET / HTTP/1.1" 304 0 "-" "Sosospider+(+http://help.soso.com/webspider.htm)"
24.132.63.154 - - [29/Mar/2012:14:13:46 -0700] "GET /blog/my-vimrc/ HTTP/1.0" 200 15886 "-" "Mozilla/5.0 (compatible; MJ12bot/v1.4.2; http://www.majestic12.co.uk/bot.php?+)"
24.132.63.154 - - [29/Mar/2012:14:13:54 -0700] "GET /blog/my-vimrc/feed HTTP/1.0" 301 0 "-" "Mozilla/5.0 (compatible; MJ12bot/v1.4.2; http://www.majestic12.co.uk/bot.php?+)"
24.132.63.154 - - [29/Mar/2012:14:14:01 -0700] "GET /blog/my-vimrc/feed/ HTTP/1.0" 200 703 "-" "Mozilla/5.0 (compatible; MJ12bot/v1.4.2; http://www.majestic12.co.uk/bot.php?+)"
98.172.15.254 - - [29/Mar/2012:14:14:17 -0700] "GET / HTTP/1.1" 304 0 "-" "Caffeinated/1.1.1 CFNetwork/520.3.2 Darwin/11.3.0 (x86_64) (MacBookPro8%2C1)"
98.172.15.254 - - [29/Mar/2012:14:14:17 -0700] "GET /favicon.ico HTTP/1.1" 404 169 "-" "Caffeinated/1.1.1 CFNetwork/520.3.2 Darwin/11.3.0 (x86_64) (MacBookPro8%2C1)"
98.172.15.254 - - [29/Mar/2012:14:14:57 -0700] "GET /favicon.ico HTTP/1.1" 404 169 "-" "Caffeinated/1.1.1 CFNetwork/520.3.2 Darwin/11.3.0 (x86_64) (MacBookPro8%2C1)"
220.181.108.86 - - [29/Mar/2012:14:15:29 -0700] "GET /blog/tag/math.html HTTP/1.1" 200 2835 "-" "Mozilla/5.0 (compatible; Baiduspider/2.0; +http://www.baidu.com/search/spider.html)"
85.17.88.169 - - [29/Mar/2012:14:16:08 -0700] "POST /blog/wp-cron.php?doing_wp_cron=1333055539 HTTP/1.0" 499 0 "-" "WordPress/3.3.1; http://yuvi.in/blog"
128.2.207.79 - - [29/Mar/2012:14:16:09 -0700] "GET /blog/sicp-and-brainfuck/feed/ HTTP/1.0" 200 732 "http://yuvi.in/blog/sicp-and-brainfuck/" "Mozilla/5.0 (compatible; lemurwebcrawler admin@lemurproject.org; +http://boston.lti.cs.cmu.edu/crawler_12/)"
98.172.15.254 - - [29/Mar/2012:14:16:19 -0700] "GET /favicon.ico HTTP/1.1" 404 169 "-" "Caffeinated/1.1.1 CFNetwork/520.3.2 Darwin/11.3.0 (x86_64) (MacBookPro8%2C1)"
98.172.15.254 - - [29/Mar/2012:14:17:45 -0700] "GET /favicon.ico HTTP/1.1" 404 169 "-" "Caffeinated/1.1.1 CFNetwork/520.3.2 Darwin/11.3.0 (x86_64) (MacBookPro8%2C1)"
99.227.82.241 - - [29/Mar/2012:14:18:05 -0700] "GET /r/33y1 HTTP/1.1" 301 257 "http://www.facebook.com/" "Mozilla/5.0 (Windows NT 5.1; rv:11.0) Gecko/20100101 Firefox/11.0"
99.227.82.241 - - [29/Mar/2012:14:18:05 -0700] "GET /s/ta/33y1/ HTTP/1.1" 302 615 "http://www.facebook.com/" "Mozilla/5.0 (Windows NT 5.1; rv:11.0) Gecko/20100101 Firefox/11.0"
209.85.144.87 - - [29/Mar/2012:14:18:08 -0700] "GET /stories/feed HTTP/1.1" 200 13653 "-" "FeedBurner/1.0 (http://www.FeedBurner.com)"
98.172.15.254 - - [29/Mar/2012:14:18:10 -0700] "GET /favicon.ico HTTP/1.1" 404 169 "-" "Caffeinated/1.1.1 CFNetwork/520.3.2 Darwin/11.3.0 (x86_64) (MacBookPro8%2C1)"
85.17.88.169 - - [29/Mar/2012:14:18:54 -0700] "POST /blog/wp-cron.php?doing_wp_cron=1333055705 HTTP/1.0" 499 0 "-" "WordPress/3.3.1; http://yuvi.in/blog"
128.2.207.79 - - [29/Mar/2012:14:18:54 -0700] "GET /blog/my-vim-setup/trackback/ HTTP/1.0" 302 0 "http://yuvi.in/blog/my-vim-setup/" "Mozilla/5.0 (compatible; lemurwebcrawler admin@lemurproject.org; +http://boston.lti.cs.cmu.edu/crawler_12/)"
98.172.15.254 - - [29/Mar/2012:14:19:08 -0700] "GET /favicon.ico HTTP/1.1" 404 169 "-" "Caffeinated/1.1.1 CFNetwork/520.3.2 Darwin/11.3.0 (x86_64) (MacBookPro8%2C1)"
98.172.15.254 - - [29/Mar/2012:14:19:36 -0700] "GET / HTTP/1.1" 304 0 "-" "Caffeinated/1.1.1 CFNetwork/520.3.2 Darwin/11.3.0 (x86_64) (MacBookPro8%2C1)"
98.172.15.254 - - [29/Mar/2012:14:19:36 -0700] "GET /favicon.ico HTTP/1.1" 404 169 "-" "Caffeinated/1.1.1 CFNetwork/520.3.2 Darwin/11.3.0 (x86_64) (MacBookPro8%2C1)"
66.249.73.23 - - [29/Mar/2012:14:19:55 -0700] "GET /r/1hod HTTP/1.1" 301 257 "-" "Mozilla/5.0 (compatible; Googlebot/2.1; +http://www.google.com/bot.html)"
66.249.73.23 - - [29/Mar/2012:14:19:56 -0700] "GET /s/ta/1hod/ HTTP/1.1" 302 573 "-" "Mozilla/5.0 (compatible; Googlebot/2.1; +http://www.google.com/bot.html)"
180.76.6.222 - - [29/Mar/2012:14:20:33 -0700] "GET /r/2if HTTP/1.1" 301 255 "-" "Mozilla/5.0 (compatible; Baiduspider/2.0; +http://www.baidu.com/search/spider.html)"
180.76.5.103 - - [29/Mar/2012:14:20:34 -0700] "GET /s/ta/2if/ HTTP/1.1" 302 313 "-" "Mozilla/5.0 (compatible; Baiduspider/2.0; +http://www.baidu.com/search/spider.html)"
98.172.15.254 - - [29/Mar/2012:14:20:36 -0700] "GET /favicon.ico HTTP/1.1" 404 169 "-" "Caffeinated/1.1.1 CFNetwork/520.3.2 Darwin/11.3.0 (x86_64) (MacBookPro8%2C1)"
157.55.112.203 - - [29/Mar/2012:14:20:41 -0700] "-" 400 0 "-" "-"
157.55.112.203 - - [29/Mar/2012:14:20:41 -0700] "-" 400 0 "-" "-"
157.55.112.203 - - [29/Mar/2012:14:20:41 -0700] "-" 400 0 "-" "-"
157.55.112.203 - - [29/Mar/2012:14:20:41 -0700] "-" 400 0 "-" "-"
157.55.112.203 - - [29/Mar/2012:14:20:41 -0700] "-" 400 0 "-" "-"
157.55.112.203 - - [29/Mar/2012:14:20:41 -0700] "-" 400 0 "-" "-"
157.55.112.203 - - [29/Mar/2012:14:20:41 -0700] "-" 400 0 "-" "-"
157.55.112.203 - - [29/Mar/2012:14:20:41 -0700] "-" 400 0 "-" "-"
157.55.112.203 - - [29/Mar/2012:14:20:41 -0700] "-" 400 0 "-" "-"
157.55.112.203 - - [29/Mar/2012:14:20:41 -0700] "-" 400 0 "-" "-"
59.97.49.66 - - [29/Mar/2012:14:20:42 -0700] "-" 400 0 "-" "-"
59.97.49.66 - - [29/Mar/2012:14:20:42 -0700] "-" 400 0 "-" "-"
59.97.49.66 - - [29/Mar/2012:14:20:42 -0700] "-" 400 0 "-" "-"
98.172.15.254 - - [29/Mar/2012:14:21:12 -0700] "GET /favicon.ico HTTP/1.1" 404 169 "-" "Caffeinated/1.1.1 CFNetwork/520.3.2 Darwin/11.3.0 (x86_64) (MacBookPro8%2C1)"
85.17.88.169 - - [29/Mar/2012:14:21:25 -0700] "POST /blog/wp-cron.php?doing_wp_cron=1333055856 HTTP/1.0" 499 0 "-" "WordPress/3.3.1; http://yuvi.in/blog"
128.2.207.79 - - [29/Mar/2012:14:21:25 -0700] "GET /blog/hello-world-again/trackback/ HTTP/1.0" 302 0 "http://yuvi.in/blog/hello-world-again/" "Mozilla/5.0 (compatible; lemurwebcrawler admin@lemurproject.org; +http://boston.lti.cs.cmu.edu/crawler_12/)"
157.55.112.203 - - [29/Mar/2012:14:21:35 -0700] "-" 400 0 "-" "-"
98.172.15.254 - - [29/Mar/2012:14:22:12 -0700] "GET /favicon.ico HTTP/1.1" 404 169 "-" "Caffeinated/1.1.1 CFNetwork/520.3.2 Darwin/11.3.0 (x86_64) (MacBookPro8%2C1)"
98.172.15.254 - - [29/Mar/2012:14:22:39 -0700] "GET /favicon.ico HTTP/1.1" 404 169 "-" "Caffeinated/1.1.1 CFNetwork/520.3.2 Darwin/11.3.0 (x86_64) (MacBookPro8%2C1)"
98.172.15.254 - - [29/Mar/2012:14:23:39 -0700] "GET /favicon.ico HTTP/1.1" 404 169 "-" "Caffeinated/1.1.1 CFNetwork/520.3.2 Darwin/11.3.0 (x86_64) (MacBookPro8%2C1)"
98.172.15.254 - - [29/Mar/2012:14:24:07 -0700] "GET /favicon.ico HTTP/1.1" 404 169 "-" "Caffeinated/1.1.1 CFNetwork/520.3.2 Darwin/11.3.0 (x86_64) (MacBookPro8%2C1)"
24.132.63.154 - - [29/Mar/2012:14:24:14 -0700] "GET /robots.txt HTTP/1.0" 404 169 "-" "Mozilla/5.0 (compatible; MJ12bot/v1.4.2; http://www.majestic12.co.uk/bot.php?+)"
85.17.88.169 - - [29/Mar/2012:14:24:20 -0700] "POST /blog/wp-cron.php?doing_wp_cron=1333056031 HTTP/1.0" 499 0 "-" "WordPress/3.3.1; http://yuvi.in/blog"
24.132.63.154 - - [29/Mar/2012:14:24:20 -0700] "GET /blog/2009/06 HTTP/1.0" 301 0 "-" "Mozilla/5.0 (compatible; MJ12bot/v1.4.2; http://www.majestic12.co.uk/bot.php?+)"
85.17.88.169 - - [29/Mar/2012:14:24:25 -0700] "POST /blog/wp-cron.php?doing_wp_cron=1333056036 HTTP/1.0" 499 0 "-" "WordPress/3.3.1; http://yuvi.in/blog"
24.132.63.154 - - [29/Mar/2012:14:24:27 -0700] "GET /blog/2009/06/ HTTP/1.0" 200 27879 "-" "Mozilla/5.0 (compatible; MJ12bot/v1.4.2; http://www.majestic12.co.uk/bot.php?+)"
85.17.88.169 - - [29/Mar/2012:14:24:49 -0700] "POST /blog/wp-cron.php?doing_wp_cron=1333056060 HTTP/1.0" 499 0 "-" "WordPress/3.3.1; http://yuvi.in/blog"
24.132.63.154 - - [29/Mar/2012:14:24:49 -0700] "GET /blog/devlog-december-10-2011 HTTP/1.0" 301 0 "-" "Mozilla/5.0 (compatible; MJ12bot/v1.4.2; http://www.majestic12.co.uk/bot.php?+)"
85.17.88.169 - - [29/Mar/2012:14:24:57 -0700] "POST /blog/wp-cron.php?doing_wp_cron=1333056069 HTTP/1.0" 499 0 "-" "WordPress/3.3.1; http://yuvi.in/blog"
24.132.63.154 - - [29/Mar/2012:14:24:58 -0700] "GET /blog/devlog-december-10-2011/ HTTP/1.0" 200 16264 "-" "Mozilla/5.0 (compatible; MJ12bot/v1.4.2; http://www.majestic12.co.uk/bot.php?+)"
85.17.88.169 - - [29/Mar/2012:14:28:06 -0700] "POST /blog/wp-cron.php?doing_wp_cron=1333056257 HTTP/1.0" 499 0 "-" "WordPress/3.3.1; http://yuvi.in/blog"
128.2.207.79 - - [29/Mar/2012:14:28:11 -0700] "GET /blog/hello-world-again/feed/ HTTP/1.0" 200 731 "http://yuvi.in/blog/hello-world-again/" "Mozilla/5.0 (compatible; lemurwebcrawler admin@lemurproject.org; +http://boston.lti.cs.cmu.edu/crawler_12/)"
85.17.88.169 - - [29/Mar/2012:14:30:39 -0700] "POST /blog/wp-cron.php?doing_wp_cron=1333056411 HTTP/1.0" 499 0 "-" "WordPress/3.3.1; http://yuvi.in/blog"
128.2.207.79 - - [29/Mar/2012:14:30:45 -0700] "GET /blog/sleepsort-4chan/trackback/ HTTP/1.0" 302 0 "http://yuvi.in/blog/sleepsort-4chan/" "Mozilla/5.0 (compatible; lemurwebcrawler admin@lemurproject.org; +http://boston.lti.cs.cmu.edu/crawler_12/)"
207.46.204.210 - - [29/Mar/2012:14:31:07 -0700] "-" 400 0 "-" "-"
207.46.204.210 - - [29/Mar/2012:14:31:08 -0700] "-" 400 0 "-" "-"
207.46.204.210 - - [29/Mar/2012:14:31:09 -0700] "-" 400 0 "-" "-"
207.46.204.210 - - [29/Mar/2012:14:31:10 -0700] "-" 400 0 "-" "-"
207.46.204.210 - - [29/Mar/2012:14:31:10 -0700] "-" 400 0 "-" "-"
207.46.204.210 - - [29/Mar/2012:14:31:10 -0700] "-" 400 0 "-" "-"
207.46.204.210 - - [29/Mar/2012:14:31:10 -0700] "-" 400 0 "-" "-"
207.46.204.210 - - [29/Mar/2012:14:31:10 -0700] "-" 400 0 "-" "-"
207.46.204.210 - - [29/Mar/2012:14:31:11 -0700] "-" 400 0 "-" "-"
207.46.204.210 - - [29/Mar/2012:14:31:11 -0700] "-" 400 0 "-" "-"
207.46.204.172 - - [29/Mar/2012:14:31:53 -0700] "-" 400 0 "-" "-"
207.46.204.172 - - [29/Mar/2012:14:31:56 -0700] "-" 400 0 "-" "-"
207.46.204.172 - - [29/Mar/2012:14:31:59 -0700] "-" 400 0 "-" "-"
207.46.204.172 - - [29/Mar/2012:14:32:00 -0700] "-" 400 0 "-" "-"
207.46.204.172 - - [29/Mar/2012:14:32:00 -0700] "-" 400 0 "-" "-"
207.46.204.172 - - [29/Mar/2012:14:32:02 -0700] "-" 400 0 "-" "-"
207.46.204.172 - - [29/Mar/2012:14:32:03 -0700] "-" 400 0 "-" "-"
207.46.204.172 - - [29/Mar/2012:14:32:04 -0700] "-" 400 0 "-" "-"
207.46.204.172 - - [29/Mar/2012:14:32:04 -0700] "-" 400 0 "-" "-"
207.46.204.172 - - [29/Mar/2012:14:32:06 -0700] "-" 400 0 "-" "-"
207.46.204.172 - - [29/Mar/2012:14:32:24 -0700] "-" 400 0 "-" "-"
85.17.88.169 - - [29/Mar/2012:14:34:05 -0700] "POST /blog/wp-cron.php?doing_wp_cron=1333056616 HTTP/1.0" 499 0 "-" "WordPress/3.3.1; http://yuvi.in/blog"
79.116.189.116 - - [29/Mar/2012:14:34:05 -0700] "GET /blog/block-cursor-vs-post-cursor-gvim-vs-emacs/ HTTP/1.1" 200 4350 "http://www.google.ro/url?sa=t&rct=j&q=&esrc=s&source=web&cd=5&ved=0CFIQFjAE&url=http%3A%2F%2Fyuvi.in%2Fblog%2Fblock-cursor-vs-post-cursor-gvim-vs-emacs%2F&ei=YdR0T5jgDsiGswaE4IzTDQ&usg=AFQjCNFyS0jSOEEO9GXXFayE75q7NYzkeA&sig2=1o-GhzaGdJtJWrtltnMvLQ" "Opera/9.80 (X11; Linux i686; U; Edition Next; en) Presto/2.10.282 Version/12.00"
79.116.189.116 - - [29/Mar/2012:14:34:06 -0700] "GET /blog/wp-content/themes/cleanr/js/jquery.dropdown.js?ver=3.3.1 HTTP/1.1" 200 535 "http://yuvi.in/blog/block-cursor-vs-post-cursor-gvim-vs-emacs/" "Opera/9.80 (X11; Linux i686; U; Edition Next; en) Presto/2.10.282 Version/12.00"
79.116.189.116 - - [29/Mar/2012:14:34:06 -0700] "GET /blog/wp-content/themes/cleanr/style.css HTTP/1.1" 200 10508 "http://yuvi.in/blog/block-cursor-vs-post-cursor-gvim-vs-emacs/" "Opera/9.80 (X11; Linux i686; U; Edition Next; en) Presto/2.10.282 Version/12.00"
79.116.189.116 - - [29/Mar/2012:14:34:07 -0700] "GET /blog/wp-includes/js/jquery/jquery.js?ver=1.7.1 HTTP/1.1" 200 93889 "http://yuvi.in/blog/block-cursor-vs-post-cursor-gvim-vs-emacs/" "Opera/9.80 (X11; Linux i686; U; Edition Next; en) Presto/2.10.282 Version/12.00"
79.116.189.116 - - [29/Mar/2012:14:34:07 -0700] "GET /blog/wp-content/themes/cleanr/css/text.css HTTP/1.1" 200 420 "http://yuvi.in/blog/block-cursor-vs-post-cursor-gvim-vs-emacs/" "Opera/9.80 (X11; Linux i686; U; Edition Next; en) Presto/2.10.282 Version/12.00"
79.116.189.116 - - [29/Mar/2012:14:34:07 -0700] "GET /blog/wp-content/themes/cleanr/css/reset.css HTTP/1.1" 200 648 "http://yuvi.in/blog/block-cursor-vs-post-cursor-gvim-vs-emacs/" "Opera/9.80 (X11; Linux i686; U; Edition Next; en) Presto/2.10.282 Version/12.00"
79.116.189.116 - - [29/Mar/2012:14:34:07 -0700] "GET /blog/wp-content/themes/cleanr/css/960.css HTTP/1.1" 200 3628 "http://yuvi.in/blog/block-cursor-vs-post-cursor-gvim-vs-emacs/" "Opera/9.80 (X11; Linux i686; U; Edition Next; en) Presto/2.10.282 Version/12.00"
79.116.189.116 - - [29/Mar/2012:14:34:07 -0700] "GET /favicon.ico HTTP/1.1" 404 142 "http://yuvi.in/blog/block-cursor-vs-post-cursor-gvim-vs-emacs/" "Opera/9.80 (X11; Linux i686; U; Edition Next; en) Presto/2.10.282 Version/12.00"
79.116.189.116 - - [29/Mar/2012:14:34:07 -0700] "GET /blog/wp-content/themes/cleanr/images/search_magnifier.gif HTTP/1.1" 200 394 "http://yuvi.in/blog/block-cursor-vs-post-cursor-gvim-vs-emacs/" "Opera/9.80 (X11; Linux i686; U; Edition Next; en) Presto/2.10.282 Version/12.00"
85.17.88.169 - - [29/Mar/2012:14:34:25 -0700] "POST /blog/wp-cron.php?doing_wp_cron=1333056636 HTTP/1.0" 499 0 "-" "WordPress/3.3.1; http://yuvi.in/blog"
128.2.207.79 - - [29/Mar/2012:14:34:25 -0700] "GET /blog/sleepsort-4chan/feed/ HTTP/1.0" 200 728 "http://yuvi.in/blog/sleepsort-4chan/" "Mozilla/5.0 (compatible; lemurwebcrawler admin@lemurproject.org; +http://boston.lti.cs.cmu.edu/crawler_12/)"
79.116.189.116 - - [29/Mar/2012:14:34:31 -0700] "-" 400 0 "-" "-"
85.17.88.169 - - [29/Mar/2012:14:34:52 -0700] "POST /blog/wp-cron.php?doing_wp_cron=1333056663 HTTP/1.0" 499 0 "-" "WordPress/3.3.1; http://yuvi.in/blog"
180.76.5.61 - - [29/Mar/2012:14:34:53 -0700] "GET /blog/chennais-concentration-camps-aka-colleges/ HTTP/1.1" 200 4575 "-" "Mozilla/5.0 (compatible; Baiduspider/2.0; +http://www.baidu.com/search/spider.html)"
128.2.207.79 - - [29/Mar/2012:14:35:45 -0700] "GET /blog/devlog-feb-2011.html HTTP/1.0" 200 7216 "http://yuvi.in/blog/oldindex.html" "Mozilla/5.0 (compatible; lemurwebcrawler admin@lemurproject.org; +http://boston.lti.cs.cmu.edu/crawler_12/)"
128.2.207.79 - - [29/Mar/2012:14:37:11 -0700] "GET /blog/six-years-of-blogging-and-eleven-years-of-coding.html HTTP/1.0" 200 5954 "http://yuvi.in/blog/oldindex.html" "Mozilla/5.0 (compatible; lemurwebcrawler admin@lemurproject.org; +http://boston.lti.cs.cmu.edu/crawler_12/)"
209.85.238.244 - - [29/Mar/2012:14:37:57 -0700] "GET /blog/feed/ HTTP/1.1" 304 0 "-" "Feedfetcher-Google; (+http://www.google.com/feedfetcher.html; 18 subscribers; feed-id=15064232456473204253)"
85.17.88.169 - - [29/Mar/2012:14:38:57 -0700] "POST /blog/wp-cron.php?doing_wp_cron=1333056908 HTTP/1.0" 499 0 "-" "WordPress/3.3.1; http://yuvi.in/blog"
209.85.238.244 - - [29/Mar/2012:14:38:57 -0700] "GET /blog/feed HTTP/1.1" 301 0 "-" "Feedfetcher-Google; (+http://www.google.com/feedfetcher.html; 3 subscribers; feed-id=17684830852112633560)"
85.17.88.169 - - [29/Mar/2012:14:38:59 -0700] "POST /blog/wp-cron.php?doing_wp_cron=1333056911 HTTP/1.0" 499 0 "-" "WordPress/3.3.1; http://yuvi.in/blog"
209.85.238.244 - - [29/Mar/2012:14:39:00 -0700] "GET /blog/feed/ HTTP/1.1" 304 0 "-" "Feedfetcher-Google; (+http://www.google.com/feedfetcher.html; 3 subscribers; feed-id=17684830852112633560)"
85.17.88.169 - - [29/Mar/2012:14:39:29 -0700] "POST /blog/wp-cron.php?doing_wp_cron=1333056940 HTTP/1.0" 499 0 "-" "WordPress/3.3.1; http://yuvi.in/blog"
209.85.224.87 - - [29/Mar/2012:14:39:29 -0700] "GET /blog/feed HTTP/1.1" 304 0 "-" "FeedBurner/1.0 (http://www.FeedBurner.com)"
128.2.207.79 - - [29/Mar/2012:14:39:37 -0700] "GET /blog/tag/blogging.html HTTP/1.0" 200 5638 "http://yuvi.in/blog/oldindex.html" "Mozilla/5.0 (compatible; lemurwebcrawler admin@lemurproject.org; +http://boston.lti.cs.cmu.edu/crawler_12/)"
66.249.73.23 - - [29/Mar/2012:14:39:45 -0700] "GET /r/2rbo HTTP/1.1" 301 257 "-" "Mozilla/5.0 (compatible; Googlebot/2.1; +http://www.google.com/bot.html)"
66.249.73.23 - - [29/Mar/2012:14:39:45 -0700] "GET /s/ta/2rbo/ HTTP/1.1" 302 499 "-" "Mozilla/5.0 (compatible; Googlebot/2.1; +http://www.google.com/bot.html)"
128.2.207.79 - - [29/Mar/2012:14:42:12 -0700] "GET /blog/gstreamer-101-at-gnome-asia-2011.html HTTP/1.0" 200 5753 "http://yuvi.in/blog/oldindex.html" "Mozilla/5.0 (compatible; lemurwebcrawler admin@lemurproject.org; +http://boston.lti.cs.cmu.edu/crawler_12/)"
128.2.207.79 - - [29/Mar/2012:14:43:37 -0700] "GET /blog/devlog-april-2011.html HTTP/1.0" 200 12560 "http://yuvi.in/blog/oldindex.html" "Mozilla/5.0 (compatible; lemurwebcrawler admin@lemurproject.org; +http://boston.lti.cs.cmu.edu/crawler_12/)"
128.2.207.79 - - [29/Mar/2012:14:44:50 -0700] "GET /blog/nen-first-dot-2010-what-i-learnt.html HTTP/1.0" 200 8854 "http://yuvi.in/blog/oldindex.html" "Mozilla/5.0 (compatible; lemurwebcrawler admin@lemurproject.org; +http://boston.lti.cs.cmu.edu/crawler_12/)"
128.2.207.79 - - [29/Mar/2012:14:46:10 -0700] "GET /blog/devlog-mar-2011.html HTTP/1.0" 200 6871 "http://yuvi.in/blog/oldindex.html" "Mozilla/5.0 (compatible; lemurwebcrawler admin@lemurproject.org; +http://boston.lti.cs.cmu.edu/crawler_12/)"
128.2.207.79 - - [29/Mar/2012:14:47:38 -0700] "GET /blog/orwell-and-huxley.html HTTP/1.0" 200 5580 "http://yuvi.in/blog/oldindex.html" "Mozilla/5.0 (compatible; lemurwebcrawler admin@lemurproject.org; +http://boston.lti.cs.cmu.edu/crawler_12/)"
128.2.207.79 - - [29/Mar/2012:14:49:03 -0700] "GET /blog/tag/reading.html HTTP/1.0" 200 9373 "http://yuvi.in/blog/oldindex.html" "Mozilla/5.0 (compatible; lemurwebcrawler admin@lemurproject.org; +http://boston.lti.cs.cmu.edu/crawler_12/)"
66.249.73.27 - - [29/Mar/2012:14:49:58 -0700] "GET /robots.txt HTTP/1.1" 404 142 "-" "Mozilla/5.0 (compatible; Googlebot/2.1; +http://www.google.com/bot.html)"
85.17.88.169 - - [29/Mar/2012:14:50:00 -0700] "POST /blog/wp-cron.php?doing_wp_cron=1333057571 HTTP/1.0" 499 0 "-" "WordPress/3.3.1; http://yuvi.in/blog"
66.249.73.27 - - [29/Mar/2012:14:50:00 -0700] "GET /blog/serendipity/feed/ HTTP/1.1" 200 723 "-" "Mozilla/5.0 (compatible; Googlebot/2.1; +http://www.google.com/bot.html)"
166.147.115.248 - - [29/Mar/2012:14:51:20 -0700] "GET /favicon.ico HTTP/1.1" 404 142 "-" "Reeder/1.5.5 CFNetwork/548.1.4 Darwin/11.0.0"
128.2.207.79 - - [29/Mar/2012:14:52:44 -0700] "GET /blog/tag/nen.html HTTP/1.0" 200 8547 "http://yuvi.in/blog/oldindex.html" "Mozilla/5.0 (compatible; lemurwebcrawler admin@lemurproject.org; +http://boston.lti.cs.cmu.edu/crawler_12/)"
128.2.207.79 - - [29/Mar/2012:14:54:09 -0700] "GET /blog/tag/devlog.html HTTP/1.0" 200 23470 "http://yuvi.in/blog/oldindex.html" "Mozilla/5.0 (compatible; lemurwebcrawler admin@lemurproject.org; +http://boston.lti.cs.cmu.edu/crawler_12/)"
72.14.199.130 - - [29/Mar/2012:14:54:14 -0700] "GET /w/index.php?title=%E0%AE%9A%E0%AE%BF%E0%AE%B1%E0%AE%AA%E0%AF%8D%E0%AE%AA%E0%AF%81:RecentChanges&feed=atom HTTP/1.1" 404 211 "-" "Feedfetcher-Google; (+http://www.google.com/feedfetcher.html; 1 subscribers; feed-id=2187368390413514290)"
128.2.207.79 - - [29/Mar/2012:14:56:33 -0700] "GET /blog/tag/gstreamer.html HTTP/1.0" 200 5454 "http://yuvi.in/blog/oldindex.html" "Mozilla/5.0 (compatible; lemurwebcrawler admin@lemurproject.org; +http://boston.lti.cs.cmu.edu/crawler_12/)"
208.115.111.68 - - [29/Mar/2012:14:56:58 -0700] "GET /robots.txt HTTP/1.1" 404 169 "-" "Mozilla/5.0 (compatible; Ezooms/1.0; ezooms.bot@gmail.com)"
128.2.207.79 - - [29/Mar/2012:14:58:12 -0700] "GET /blog/devlog-jan-2011.html HTTP/1.0" 200 10437 "http://yuvi.in/blog/oldindex.html" "Mozilla/5.0 (compatible; lemurwebcrawler admin@lemurproject.org; +http://boston.lti.cs.cmu.edu/crawler_12/)"
128.2.207.79 - - [29/Mar/2012:15:01:44 -0700] "GET /blog/programmer-run-code-head/trackback/ HTTP/1.0" 302 0 "http://yuvi.in/blog/programmer-run-code-head/" "Mozilla/5.0 (compatible; lemurwebcrawler admin@lemurproject.org; +http://boston.lti.cs.cmu.edu/crawler_12/)"
85.17.88.169 - - [29/Mar/2012:15:03:33 -0700] "POST /blog/wp-cron.php?doing_wp_cron=1333058384 HTTP/1.0" 499 0 "-" "WordPress/3.3.1; http://yuvi.in/blog"
100.43.83.144 - - [29/Mar/2012:15:03:33 -0700] "GET /blog/devlog-jan-2011/ HTTP/1.1" 200 7023 "-" "Mozilla/5.0 (compatible; YandexBot/3.0; +http://yandex.com/bots)"
85.17.88.169 - - [29/Mar/2012:15:04:03 -0700] "POST /blog/wp-cron.php?doing_wp_cron=1333058414 HTTP/1.0" 499 0 "-" "WordPress/3.3.1; http://yuvi.in/blog"
173.234.59.46 - - [29/Mar/2012:15:04:03 -0700] "GET /blog/devlog-december-26-2011/ HTTP/1.1" 200 16737 "http://www.wordpress-subscribers.info" "Mozilla/5.0 (Windows; U; Windows NT 5.1; pl; rv:1.9.1.3) Gecko/20090824 Firefox/3.5.3"
85.17.88.169 - - [29/Mar/2012:15:04:24 -0700] "POST /blog/wp-cron.php?doing_wp_cron=1333058436 HTTP/1.0" 499 0 "-" "WordPress/3.3.1; http://yuvi.in/blog"
128.2.207.79 - - [29/Mar/2012:15:04:25 -0700] "GET /blog/moving-back-to-wordpress/trackback/ HTTP/1.0" 302 0 "http://yuvi.in/blog/moving-back-to-wordpress/" "Mozilla/5.0 (compatible; lemurwebcrawler admin@lemurproject.org; +http://boston.lti.cs.cmu.edu/crawler_12/)"
85.17.88.169 - - [29/Mar/2012:15:05:46 -0700] "POST /blog/wp-cron.php?doing_wp_cron=1333058517 HTTP/1.0" 499 0 "-" "WordPress/3.3.1; http://yuvi.in/blog"
128.2.207.79 - - [29/Mar/2012:15:05:46 -0700] "GET /blog/non-ascii-characters-http-headers/trackback/ HTTP/1.0" 302 0 "http://yuvi.in/blog/non-ascii-characters-http-headers/" "Mozilla/5.0 (compatible; lemurwebcrawler admin@lemurproject.org; +http://boston.lti.cs.cmu.edu/crawler_12/)"
66.249.73.23 - - [29/Mar/2012:15:06:12 -0700] "GET /s/ta/1z64/ HTTP/1.1" 302 557 "-" "Mozilla/5.0 (compatible; Googlebot/2.1; +http://www.google.com/bot.html)"
85.17.88.169 - - [29/Mar/2012:15:07:06 -0700] "POST /blog/wp-cron.php?doing_wp_cron=1333058598 HTTP/1.0" 499 0 "-" "WordPress/3.3.1; http://yuvi.in/blog"
128.2.207.79 - - [29/Mar/2012:15:07:07 -0700] "GET /blog/story-average-indian-techie/trackback/ HTTP/1.0" 302 0 "http://yuvi.in/blog/story-average-indian-techie/" "Mozilla/5.0 (compatible; lemurwebcrawler admin@lemurproject.org; +http://boston.lti.cs.cmu.edu/crawler_12/)"
85.17.88.169 - - [29/Mar/2012:15:08:42 -0700] "POST /blog/wp-cron.php?doing_wp_cron=1333058693 HTTP/1.0" 499 0 "-" "WordPress/3.3.1; http://yuvi.in/blog"
128.2.207.79 - - [29/Mar/2012:15:08:42 -0700] "GET /blog/story-average-indian-techie/feed/ HTTP/1.0" 200 10260 "http://yuvi.in/blog/story-average-indian-techie/" "Mozilla/5.0 (compatible; lemurwebcrawler admin@lemurproject.org; +http://boston.lti.cs.cmu.edu/crawler_12/)"
85.17.88.169 - - [29/Mar/2012:15:09:36 -0700] "POST /blog/wp-cron.php?doing_wp_cron=1333058748 HTTP/1.0" 499 0 "-" "WordPress/3.3.1; http://yuvi.in/blog"
209.85.224.94 - - [29/Mar/2012:15:09:37 -0700] "GET /blog/feed HTTP/1.1" 304 0 "-" "FeedBurner/1.0 (http://www.FeedBurner.com)"
85.17.88.169 - - [29/Mar/2012:15:09:59 -0700] "POST /blog/wp-cron.php?doing_wp_cron=1333058771 HTTP/1.0" 499 0 "-" "WordPress/3.3.1; http://yuvi.in/blog"
128.2.207.79 - - [29/Mar/2012:15:10:00 -0700] "GET /blog/optimizing-life/feed/ HTTP/1.0" 200 723 "http://yuvi.in/blog/optimizing-life/" "Mozilla/5.0 (compatible; lemurwebcrawler admin@lemurproject.org; +http://boston.lti.cs.cmu.edu/crawler_12/)"
85.17.88.169 - - [29/Mar/2012:15:11:18 -0700] "POST /blog/wp-cron.php?doing_wp_cron=1333058849 HTTP/1.0" 499 0 "-" "WordPress/3.3.1; http://yuvi.in/blog"
128.2.207.79 - - [29/Mar/2012:15:11:18 -0700] "GET /blog/optimizing-life/trackback/ HTTP/1.0" 302 0 "http://yuvi.in/blog/optimizing-life/" "Mozilla/5.0 (compatible; lemurwebcrawler admin@lemurproject.org; +http://boston.lti.cs.cmu.edu/crawler_12/)"
85.17.88.169 - - [29/Mar/2012:15:12:01 -0700] "POST /blog/wp-cron.php?doing_wp_cron=1333058892 HTTP/1.0" 499 0 "-" "WordPress/3.3.1; http://yuvi.in/blog"
101.226.33.187 - - [29/Mar/2012:15:12:01 -0700] "GET /blog/feed HTTP/1.0" 304 0 "-" "Mozilla/4.0 (compatible; Windows;)"
117.254.130.189 - - [29/Mar/2012:15:12:06 -0700] "-" 400 0 "-" "-"
85.17.88.169 - - [29/Mar/2012:15:12:34 -0700] "POST /blog/wp-cron.php?doing_wp_cron=1333058926 HTTP/1.0" 499 0 "-" "WordPress/3.3.1; http://yuvi.in/blog"
128.2.207.79 - - [29/Mar/2012:15:12:35 -0700] "GET /blog/evanescence-enjoyed-best-without-the-music-vids/trackback/ HTTP/1.0" 302 0 "http://yuvi.in/blog/evanescence-enjoyed-best-without-the-music-vids/" "Mozilla/5.0 (compatible; lemurwebcrawler admin@lemurproject.org; +http://boston.lti.cs.cmu.edu/crawler_12/)"
85.17.88.169 - - [29/Mar/2012:15:14:01 -0700] "POST /blog/wp-cron.php?doing_wp_cron=1333059012 HTTP/1.0" 499 0 "-" "WordPress/3.3.1; http://yuvi.in/blog"
128.2.207.79 - - [29/Mar/2012:15:14:01 -0700] "GET /blog/things-i-need-time-to-do/trackback/ HTTP/1.0" 302 0 "http://yuvi.in/blog/things-i-need-time-to-do/" "Mozilla/5.0 (compatible; lemurwebcrawler admin@lemurproject.org; +http://boston.lti.cs.cmu.edu/crawler_12/)"
85.17.88.169 - - [29/Mar/2012:15:15:22 -0700] "POST /blog/wp-cron.php?doing_wp_cron=1333059093 HTTP/1.0" 499 0 "-" "WordPress/3.3.1; http://yuvi.in/blog"
128.2.207.79 - - [29/Mar/2012:15:15:22 -0700] "GET /blog/things-i-need-time-to-do/feed/ HTTP/1.0" 200 750 "http://yuvi.in/blog/things-i-need-time-to-do/" "Mozilla/5.0 (compatible; lemurwebcrawler admin@lemurproject.org; +http://boston.lti.cs.cmu.edu/crawler_12/)"
157.55.112.205 - - [29/Mar/2012:15:15:43 -0700] "-" 400 0 "-" "-"
157.55.112.205 - - [29/Mar/2012:15:15:43 -0700] "-" 400 0 "-" "-"
157.55.112.205 - - [29/Mar/2012:15:15:43 -0700] "-" 400 0 "-" "-"
157.55.112.205 - - [29/Mar/2012:15:15:43 -0700] "-" 400 0 "-" "-"
157.55.112.205 - - [29/Mar/2012:15:15:44 -0700] "-" 400 0 "-" "-"
157.55.112.205 - - [29/Mar/2012:15:15:44 -0700] "-" 400 0 "-" "-"
157.55.112.205 - - [29/Mar/2012:15:15:44 -0700] "-" 400 0 "-" "-"
157.55.112.205 - - [29/Mar/2012:15:15:44 -0700] "-" 400 0 "-" "-"
157.55.112.205 - - [29/Mar/2012:15:15:44 -0700] "-" 400 0 "-" "-"
157.55.112.205 - - [29/Mar/2012:15:15:44 -0700] "-" 400 0 "-" "-"
157.55.112.205 - - [29/Mar/2012:15:16:15 -0700] "-" 400 0 "-" "-"
85.17.88.169 - - [29/Mar/2012:15:17:48 -0700] "POST /blog/wp-cron.php?doing_wp_cron=1333059239 HTTP/1.0" 499 0 "-" "WordPress/3.3.1; http://yuvi.in/blog"
