124.123.204.226 - - [17/Apr/2012:08:34:24 -0700] "GET /favicon.ico HTTP/1.1" 404 199 "-" "Mozilla/5.0 (Windows NT 6.1; WOW64) AppleWebKit/535.19 (KHTML, like Gecko) Chrome/18.0.1025.142 Safari/535.19"
122.164.30.127 - - [17/Apr/2012:08:34:49 -0700] "-" 400 0 "-" "-"
122.164.30.127 - - [17/Apr/2012:08:34:49 -0700] "-" 400 0 "-" "-"
122.164.30.127 - - [17/Apr/2012:08:34:49 -0700] "-" 400 0 "-" "-"
122.164.30.127 - - [17/Apr/2012:08:34:49 -0700] "-" 400 0 "-" "-"
124.123.204.226 - - [17/Apr/2012:08:35:16 -0700] "GET /stories/hopeless-romantic.html HTTP/1.1" 200 2031 "http://yuvi.in/stories/" "Mozilla/5.0 (Windows NT 6.1; WOW64) AppleWebKit/535.19 (KHTML, like Gecko) Chrome/18.0.1025.142 Safari/535.19"
117.217.168.155 - - [17/Apr/2012:08:35:17 -0700] "-" 400 0 "-" "-"
124.123.204.226 - - [17/Apr/2012:08:35:17 -0700] "GET /favicon.ico HTTP/1.1" 404 199 "-" "Mozilla/5.0 (Windows NT 6.1; WOW64) AppleWebKit/535.19 (KHTML, like Gecko) Chrome/18.0.1025.142 Safari/535.19"
124.123.204.226 - - [17/Apr/2012:08:35:18 -0700] "GET /favicon.ico HTTP/1.1" 404 199 "-" "Mozilla/5.0 (Windows NT 6.1; WOW64) AppleWebKit/535.19 (KHTML, like Gecko) Chrome/18.0.1025.142 Safari/535.19"
124.123.204.226 - - [17/Apr/2012:08:35:18 -0700] "GET /favicon.ico HTTP/1.1" 404 199 "-" "Mozilla/5.0 (Windows NT 6.1; WOW64) AppleWebKit/535.19 (KHTML, like Gecko) Chrome/18.0.1025.142 Safari/535.19"
124.123.204.226 - - [17/Apr/2012:08:35:18 -0700] "GET /favicon.ico HTTP/1.1" 404 199 "-" "Mozilla/5.0 (Windows NT 6.1; WOW64) AppleWebKit/535.19 (KHTML, like Gecko) Chrome/18.0.1025.142 Safari/535.19"
124.123.204.226 - - [17/Apr/2012:08:35:19 -0700] "GET /favicon.ico HTTP/1.1" 404 199 "-" "Mozilla/5.0 (Windows NT 6.1; WOW64) AppleWebKit/535.19 (KHTML, like Gecko) Chrome/18.0.1025.142 Safari/535.19"
85.17.88.169 - - [17/Apr/2012:08:35:23 -0700] "POST /blog/wp-cron.php?doing_wp_cron=1334676545 HTTP/1.0" 499 0 "-" "WordPress/3.3.1; http://yuvi.in/blog"
209.85.238.182 - - [17/Apr/2012:08:35:24 -0700] "GET /blog/feed HTTP/1.1" 301 0 "-" "Feedfetcher-Google; (+http://www.google.com/feedfetcher.html; 3 subscribers; feed-id=17684830852112633560)"
122.174.155.168 - - [17/Apr/2012:08:35:26 -0700] "-" 400 0 "-" "-"
85.17.88.169 - - [17/Apr/2012:08:35:26 -0700] "POST /blog/wp-cron.php?doing_wp_cron=1334676547 HTTP/1.0" 499 0 "-" "WordPress/3.3.1; http://yuvi.in/blog"
209.85.238.182 - - [17/Apr/2012:08:35:26 -0700] "GET /blog/feed/ HTTP/1.1" 304 0 "-" "Feedfetcher-Google; (+http://www.google.com/feedfetcher.html; 3 subscribers; feed-id=17684830852112633560)"
123.236.90.172 - - [17/Apr/2012:08:36:34 -0700] "-" 400 0 "-" "-"
123.236.90.172 - - [17/Apr/2012:08:36:34 -0700] "-" 400 0 "-" "-"
123.236.90.172 - - [17/Apr/2012:08:36:34 -0700] "-" 400 0 "-" "-"
123.236.90.172 - - [17/Apr/2012:08:36:34 -0700] "-" 400 0 "-" "-"
85.17.88.169 - - [17/Apr/2012:08:36:47 -0700] "POST /blog/wp-cron.php?doing_wp_cron=1334676629 HTTP/1.0" 499 0 "-" "WordPress/3.3.1; http://yuvi.in/blog"
183.82.73.33 - - [17/Apr/2012:08:36:47 -0700] "GET /blog/feed/ HTTP/1.0" 304 0 "-" "FeedDemon/4.0 (http://www.feeddemon.com/; Microsoft Windows)"
209.85.224.93 - - [17/Apr/2012:08:37:40 -0700] "GET /stories/feed HTTP/1.1" 200 13653 "-" "FeedBurner/1.0 (http://www.FeedBurner.com)"
122.174.96.14 - - [17/Apr/2012:08:38:16 -0700] "-" 400 0 "-" "-"
117.193.22.137 - - [17/Apr/2012:08:38:35 -0700] "-" 400 0 "-" "-"
117.207.100.21 - - [17/Apr/2012:08:38:54 -0700] "GET /r/1z5n HTTP/1.1" 301 257 "http://www.muthukamalam.com/essay/serial/p5i.html" "Mozilla/5.0 (Windows NT 5.1) AppleWebKit/535.11 (KHTML, like Gecko) Chrome/17.0.963.79 Safari/535.11"
117.207.100.21 - - [17/Apr/2012:08:38:54 -0700] "GET /s/ta/1z5n/ HTTP/1.1" 302 609 "http://www.muthukamalam.com/essay/serial/p5i.html" "Mozilla/5.0 (Windows NT 5.1) AppleWebKit/535.11 (KHTML, like Gecko) Chrome/17.0.963.79 Safari/535.11"
122.164.93.26 - - [17/Apr/2012:08:39:04 -0700] "-" 400 0 "-" "-"
115.241.77.130 - - [17/Apr/2012:08:39:32 -0700] "-" 400 0 "-" "-"
115.241.77.130 - - [17/Apr/2012:08:39:52 -0700] "-" 400 0 "-" "-"
117.217.168.155 - - [17/Apr/2012:08:40:20 -0700] "-" 400 0 "-" "-"
115.241.77.130 - - [17/Apr/2012:08:42:42 -0700] "-" 400 0 "-" "-"
115.241.77.130 - - [17/Apr/2012:08:42:42 -0700] "-" 400 0 "-" "-"
115.241.77.130 - - [17/Apr/2012:08:42:42 -0700] "-" 400 0 "-" "-"
115.241.77.130 - - [17/Apr/2012:08:42:42 -0700] "-" 400 0 "-" "-"
115.241.77.130 - - [17/Apr/2012:08:42:42 -0700] "-" 400 0 "-" "-"
115.241.77.130 - - [17/Apr/2012:08:43:02 -0700] "-" 400 0 "-" "-"
115.241.77.130 - - [17/Apr/2012:08:43:02 -0700] "-" 400 0 "-" "-"
115.241.77.130 - - [17/Apr/2012:08:43:02 -0700] "-" 400 0 "-" "-"
115.241.77.130 - - [17/Apr/2012:08:43:02 -0700] "-" 400 0 "-" "-"
115.241.77.130 - - [17/Apr/2012:08:43:02 -0700] "-" 400 0 "-" "-"
115.241.77.130 - - [17/Apr/2012:08:43:22 -0700] "-" 400 0 "-" "-"
115.241.77.130 - - [17/Apr/2012:08:43:23 -0700] "-" 400 0 "-" "-"
115.241.77.130 - - [17/Apr/2012:08:43:23 -0700] "-" 400 0 "-" "-"
115.241.77.130 - - [17/Apr/2012:08:44:02 -0700] "-" 400 0 "-" "-"
122.164.93.26 - - [17/Apr/2012:08:44:34 -0700] "-" 400 0 "-" "-"
122.164.93.26 - - [17/Apr/2012:08:44:34 -0700] "-" 400 0 "-" "-"
122.164.93.26 - - [17/Apr/2012:08:44:34 -0700] "-" 400 0 "-" "-"
122.164.93.26 - - [17/Apr/2012:08:44:34 -0700] "-" 400 0 "-" "-"
122.164.93.26 - - [17/Apr/2012:08:44:34 -0700] "-" 400 0 "-" "-"
122.164.93.26 - - [17/Apr/2012:08:45:14 -0700] "-" 400 0 "-" "-"
122.164.93.26 - - [17/Apr/2012:08:45:14 -0700] "-" 400 0 "-" "-"
85.17.88.169 - - [17/Apr/2012:08:46:52 -0700] "POST /blog/wp-cron.php?doing_wp_cron=1334677233 HTTP/1.0" 499 0 "-" "WordPress/3.3.1; http://yuvi.in/blog"
80.36.162.99 - - [17/Apr/2012:08:46:52 -0700] "POST /blog/wp-login.php HTTP/1.1" 200 3475 "http://yuvi.in/blog/wp-login.php" "Mozilla/5.0 (Windows NT 6.1; WOW64; rv:8.0.1) Gecko/20100101 Firefox/8.0.1"
85.17.88.169 - - [17/Apr/2012:08:46:55 -0700] "POST /blog/wp-cron.php?doing_wp_cron=1334677237 HTTP/1.0" 499 0 "-" "WordPress/3.3.1; http://yuvi.in/blog"
80.36.162.99 - - [17/Apr/2012:08:46:55 -0700] "POST /blog/wp-login.php HTTP/1.1" 200 3475 "http://yuvi.in/blog/wp-login.php" "Mozilla/5.0 (Windows NT 6.1; WOW64; rv:8.0.1) Gecko/20100101 Firefox/8.0.1"
85.17.88.169 - - [17/Apr/2012:08:46:58 -0700] "POST /blog/wp-cron.php?doing_wp_cron=1334677240 HTTP/1.0" 499 0 "-" "WordPress/3.3.1; http://yuvi.in/blog"
80.36.162.99 - - [17/Apr/2012:08:46:58 -0700] "POST /blog/wp-login.php HTTP/1.1" 200 3475 "http://yuvi.in/blog/wp-login.php" "Mozilla/5.0 (Windows NT 6.1; WOW64; rv:8.0.1) Gecko/20100101 Firefox/8.0.1"
85.17.88.169 - - [17/Apr/2012:08:47:01 -0700] "POST /blog/wp-cron.php?doing_wp_cron=1334677243 HTTP/1.0" 499 0 "-" "WordPress/3.3.1; http://yuvi.in/blog"
80.36.162.99 - - [17/Apr/2012:08:47:02 -0700] "POST /blog/wp-login.php HTTP/1.1" 200 3475 "http://yuvi.in/blog/wp-login.php" "Mozilla/5.0 (Windows NT 6.1; WOW64; rv:8.0.1) Gecko/20100101 Firefox/8.0.1"
85.17.88.169 - - [17/Apr/2012:08:47:04 -0700] "POST /blog/wp-cron.php?doing_wp_cron=1334677246 HTTP/1.0" 499 0 "-" "WordPress/3.3.1; http://yuvi.in/blog"
80.36.162.99 - - [17/Apr/2012:08:47:04 -0700] "POST /blog/wp-login.php HTTP/1.1" 200 3475 "http://yuvi.in/blog/wp-login.php" "Mozilla/5.0 (Windows NT 6.1; WOW64; rv:8.0.1) Gecko/20100101 Firefox/8.0.1"
175.136.20.191 - - [17/Apr/2012:08:47:15 -0700] "GET /r/0 HTTP/1.1" 301 251 "http://ta.wikipedia.org/wiki/%E0%AE%AA%E0%AE%9F%E0%AE%BF%E0%AE%AE%E0%AE%AE%E0%AF%8D:Thiruvalluvane.jpg" "Mozilla/5.0 (Windows NT 6.1; WOW64; rv:11.0) Gecko/20100101 Firefox/11.0"
175.136.20.191 - - [17/Apr/2012:08:47:16 -0700] "GET /s/ta/0/ HTTP/1.1" 502 173 "http://ta.wikipedia.org/wiki/%E0%AE%AA%E0%AE%9F%E0%AE%BF%E0%AE%AE%E0%AE%AE%E0%AF%8D:Thiruvalluvane.jpg" "Mozilla/5.0 (Windows NT 6.1; WOW64; rv:11.0) Gecko/20100101 Firefox/11.0"
175.136.20.191 - - [17/Apr/2012:08:47:17 -0700] "GET /s/ta/0/%5Bobject%20Object%5D://www.wxdownload.info/worker/init.js?b=2&l=0 HTTP/1.1" 404 211 "http://tawp.in/s/ta/0/" "Mozilla/5.0 (Windows NT 6.1; WOW64; rv:11.0) Gecko/20100101 Firefox/11.0"
175.136.20.191 - - [17/Apr/2012:08:47:17 -0700] "GET /favicon.ico HTTP/1.1" 404 211 "-" "Mozilla/5.0 (Windows NT 6.1; WOW64; rv:11.0) Gecko/20100101 Firefox/11.0"
175.136.20.191 - - [17/Apr/2012:08:47:17 -0700] "GET /favicon.ico HTTP/1.1" 404 211 "-" "Mozilla/5.0 (Windows NT 6.1; WOW64; rv:11.0) Gecko/20100101 Firefox/11.0"
175.136.20.191 - - [17/Apr/2012:08:47:18 -0700] "GET /favicon.ico HTTP/1.1" 404 211 "-" "Mozilla/5.0 (Windows NT 6.1; WOW64; rv:11.0) Gecko/20100101 Firefox/11.0"
85.17.88.169 - - [17/Apr/2012:08:48:06 -0700] "POST /blog/wp-cron.php?doing_wp_cron=1334677308 HTTP/1.0" 499 0 "-" "WordPress/3.3.1; http://yuvi.in/blog"
209.85.224.91 - - [17/Apr/2012:08:48:07 -0700] "GET /blog/feed HTTP/1.1" 304 0 "-" "FeedBurner/1.0 (http://www.FeedBurner.com)"
85.17.88.169 - - [17/Apr/2012:08:49:19 -0700] "POST /blog/wp-cron.php?doing_wp_cron=1334677381 HTTP/1.0" 499 0 "-" "WordPress/3.3.1; http://yuvi.in/blog"
80.28.254.179 - - [17/Apr/2012:08:49:19 -0700] "POST /blog/wp-login.php HTTP/1.1" 200 3475 "http://yuvi.in/blog/wp-login.php" "Mozilla/5.0 (Windows NT 6.1; WOW64; rv:8.0.1) Gecko/20100101 Firefox/8.0.1"
85.17.88.169 - - [17/Apr/2012:08:49:22 -0700] "POST /blog/wp-cron.php?doing_wp_cron=1334677384 HTTP/1.0" 200 0 "-" "WordPress/3.3.1; http://yuvi.in/blog"
80.28.254.179 - - [17/Apr/2012:08:49:22 -0700] "POST /blog/wp-login.php HTTP/1.1" 200 3475 "http://yuvi.in/blog/wp-login.php" "Mozilla/5.0 (Windows NT 6.1; WOW64; rv:8.0.1) Gecko/20100101 Firefox/8.0.1"
85.17.88.169 - - [17/Apr/2012:08:49:25 -0700] "POST /blog/wp-cron.php?doing_wp_cron=1334677386 HTTP/1.0" 499 0 "-" "WordPress/3.3.1; http://yuvi.in/blog"
80.28.254.179 - - [17/Apr/2012:08:49:25 -0700] "POST /blog/wp-login.php HTTP/1.1" 200 3475 "http://yuvi.in/blog/wp-login.php" "Mozilla/5.0 (Windows NT 6.1; WOW64; rv:8.0.1) Gecko/20100101 Firefox/8.0.1"
85.17.88.169 - - [17/Apr/2012:08:49:28 -0700] "POST /blog/wp-cron.php?doing_wp_cron=1334677389 HTTP/1.0" 499 0 "-" "WordPress/3.3.1; http://yuvi.in/blog"
80.28.254.179 - - [17/Apr/2012:08:49:28 -0700] "POST /blog/wp-login.php HTTP/1.1" 200 3475 "http://yuvi.in/blog/wp-login.php" "Mozilla/5.0 (Windows NT 6.1; WOW64; rv:8.0.1) Gecko/20100101 Firefox/8.0.1"
85.17.88.169 - - [17/Apr/2012:08:49:31 -0700] "POST /blog/wp-cron.php?doing_wp_cron=1334677392 HTTP/1.0" 499 0 "-" "WordPress/3.3.1; http://yuvi.in/blog"
80.28.254.179 - - [17/Apr/2012:08:49:31 -0700] "POST /blog/wp-login.php HTTP/1.1" 200 3475 "http://yuvi.in/blog/wp-login.php" "Mozilla/5.0 (Windows NT 6.1; WOW64; rv:8.0.1) Gecko/20100101 Firefox/8.0.1"
59.92.56.167 - - [17/Apr/2012:08:50:38 -0700] "GET /r/dcr HTTP/1.1" 301 255 "http://ta.wikipedia.org/wiki/%E0%AE%9A%E0%AE%A8%E0%AF%8D%E0%AE%A4%E0%AE%BF%E0%AE%B0%E0%AE%AA%E0%AE%BE%E0%AE%AA%E0%AF%81_(%E0%AE%A8%E0%AE%9F%E0%AE%BF%E0%AE%95%E0%AE%B0%E0%AF%8D)" "Mozilla/5.0 (Windows NT 6.1; WOW64; rv:2.0.1) Gecko/20100101 Firefox/4.0.1"
59.92.56.167 - - [17/Apr/2012:08:50:39 -0700] "GET /s/ta/dcr/ HTTP/1.1" 302 469 "http://ta.wikipedia.org/wiki/%E0%AE%9A%E0%AE%A8%E0%AF%8D%E0%AE%A4%E0%AE%BF%E0%AE%B0%E0%AE%AA%E0%AE%BE%E0%AE%AA%E0%AF%81_(%E0%AE%A8%E0%AE%9F%E0%AE%BF%E0%AE%95%E0%AE%B0%E0%AF%8D)" "Mozilla/5.0 (Windows NT 6.1; WOW64; rv:2.0.1) Gecko/20100101 Firefox/4.0.1"
207.46.199.22 - - [17/Apr/2012:08:52:31 -0700] "-" 400 0 "-" "-"
207.46.199.22 - - [17/Apr/2012:08:52:31 -0700] "-" 400 0 "-" "-"
207.46.199.22 - - [17/Apr/2012:08:52:32 -0700] "-" 400 0 "-" "-"
207.46.199.22 - - [17/Apr/2012:08:52:32 -0700] "-" 400 0 "-" "-"
207.46.199.22 - - [17/Apr/2012:08:52:32 -0700] "-" 400 0 "-" "-"
207.46.199.22 - - [17/Apr/2012:08:52:32 -0700] "-" 400 0 "-" "-"
207.46.199.22 - - [17/Apr/2012:08:52:32 -0700] "-" 400 0 "-" "-"
207.46.199.22 - - [17/Apr/2012:08:52:32 -0700] "-" 400 0 "-" "-"
207.46.199.22 - - [17/Apr/2012:08:52:32 -0700] "-" 400 0 "-" "-"
207.46.199.22 - - [17/Apr/2012:08:52:32 -0700] "-" 400 0 "-" "-"
207.46.199.22 - - [17/Apr/2012:08:52:58 -0700] "-" 400 0 "-" "-"
85.17.88.169 - - [17/Apr/2012:08:53:06 -0700] "POST /blog/wp-cron.php?doing_wp_cron=1334677607 HTTP/1.0" 499 0 "-" "WordPress/3.3.1; http://yuvi.in/blog"
59.178.63.24 - - [17/Apr/2012:08:53:06 -0700] "GET /blog/college-drop/ HTTP/1.1" 200 4512 "http://www.facebook.com/l.php?u=http%3A%2F%2Fyuvi.in%2Fblog%2Fcollege-drop%2F&h=SAQGWiF0O" "Mozilla/5.0 (X11; Linux i686) AppleWebKit/535.11 (KHTML, like Gecko) Chrome/17.0.963.78 Safari/535.11"
59.178.63.24 - - [17/Apr/2012:08:53:07 -0700] "GET /blog/wp-content/themes/cleanr/js/jquery.dropdown.js?ver=3.3.1 HTTP/1.1" 200 535 "http://yuvi.in/blog/college-drop/" "Mozilla/5.0 (X11; Linux i686) AppleWebKit/535.11 (KHTML, like Gecko) Chrome/17.0.963.78 Safari/535.11"
59.178.63.24 - - [17/Apr/2012:08:53:07 -0700] "GET /blog/wp-content/themes/cleanr/style.css HTTP/1.1" 200 10508 "http://yuvi.in/blog/college-drop/" "Mozilla/5.0 (X11; Linux i686) AppleWebKit/535.11 (KHTML, like Gecko) Chrome/17.0.963.78 Safari/535.11"
59.178.63.24 - - [17/Apr/2012:08:53:08 -0700] "GET /blog/wp-content/themes/cleanr/css/reset.css HTTP/1.1" 200 648 "http://yuvi.in/blog/college-drop/" "Mozilla/5.0 (X11; Linux i686) AppleWebKit/535.11 (KHTML, like Gecko) Chrome/17.0.963.78 Safari/535.11"
59.178.63.24 - - [17/Apr/2012:08:53:08 -0700] "GET /blog/wp-content/themes/cleanr/css/text.css HTTP/1.1" 200 420 "http://yuvi.in/blog/college-drop/" "Mozilla/5.0 (X11; Linux i686) AppleWebKit/535.11 (KHTML, like Gecko) Chrome/17.0.963.78 Safari/535.11"
59.178.63.24 - - [17/Apr/2012:08:53:08 -0700] "GET /blog/wp-content/themes/cleanr/css/960.css HTTP/1.1" 200 3628 "http://yuvi.in/blog/college-drop/" "Mozilla/5.0 (X11; Linux i686) AppleWebKit/535.11 (KHTML, like Gecko) Chrome/17.0.963.78 Safari/535.11"
59.178.63.24 - - [17/Apr/2012:08:53:08 -0700] "GET /blog/wp-includes/js/jquery/jquery.js?ver=1.7.1 HTTP/1.1" 200 93889 "http://yuvi.in/blog/college-drop/" "Mozilla/5.0 (X11; Linux i686) AppleWebKit/535.11 (KHTML, like Gecko) Chrome/17.0.963.78 Safari/535.11"
59.178.63.24 - - [17/Apr/2012:08:53:10 -0700] "GET /blog/wp-content/themes/cleanr/images/search_magnifier.gif HTTP/1.1" 200 394 "http://yuvi.in/blog/college-drop/" "Mozilla/5.0 (X11; Linux i686) AppleWebKit/535.11 (KHTML, like Gecko) Chrome/17.0.963.78 Safari/535.11"
117.199.130.49 - - [17/Apr/2012:08:53:18 -0700] "-" 400 0 "-" "-"
59.178.63.24 - - [17/Apr/2012:08:53:23 -0700] "GET /favicon.ico HTTP/1.1" 404 199 "-" "Mozilla/5.0 (X11; Linux i686) AppleWebKit/535.11 (KHTML, like Gecko) Chrome/17.0.963.78 Safari/535.11"
199.48.147.35 - - [17/Apr/2012:08:53:48 -0700] "-" 400 0 "-" "-"
199.48.147.35 - - [17/Apr/2012:08:53:48 -0700] "-" 400 0 "-" "-"
199.48.147.35 - - [17/Apr/2012:08:53:48 -0700] "-" 400 0 "-" "-"
117.199.130.49 - - [17/Apr/2012:08:53:48 -0700] "-" 400 0 "-" "-"
199.48.147.35 - - [17/Apr/2012:08:53:55 -0700] "-" 400 0 "-" "-"
199.48.147.35 - - [17/Apr/2012:08:53:55 -0700] "-" 400 0 "-" "-"
199.48.147.35 - - [17/Apr/2012:08:53:55 -0700] "-" 400 0 "-" "-"
117.199.130.49 - - [17/Apr/2012:08:54:18 -0700] "-" 400 0 "-" "-"
69.171.228.244 - - [17/Apr/2012:08:54:45 -0700] "GET /r/33y0 HTTP/1.1" 301 257 "-" "facebookexternalhit/1.1 (+http://www.facebook.com/externalhit_uatext.php)"
69.171.228.250 - - [17/Apr/2012:08:54:45 -0700] "GET /s/ta/33y0/ HTTP/1.1" 302 609 "-" "facebookexternalhit/1.1 (+http://www.facebook.com/externalhit_uatext.php)"
117.199.130.49 - - [17/Apr/2012:08:54:48 -0700] "-" 400 0 "-" "-"
66.230.230.230 - - [17/Apr/2012:08:54:56 -0700] "-" 400 0 "-" "-"
66.230.230.230 - - [17/Apr/2012:08:55:30 -0700] "-" 400 0 "-" "-"
117.193.110.200 - - [17/Apr/2012:08:55:59 -0700] "-" 400 0 "-" "-"
66.230.230.230 - - [17/Apr/2012:08:56:21 -0700] "-" 400 0 "-" "-"
117.202.148.1 - - [17/Apr/2012:08:56:31 -0700] "-" 400 0 "-" "-"
66.230.230.230 - - [17/Apr/2012:08:57:06 -0700] "-" 400 0 "-" "-"
202.137.209.43 - - [17/Apr/2012:08:57:15 -0700] "GET /favicon.ico HTTP/1.1" 404 199 "http://prashanth-kamle.blogspot.in/2008/08/life-at-iit-bombay.html" "Mozilla/5.0 (Windows NT 6.1; WOW64) AppleWebKit/535.19 (KHTML, like Gecko) Chrome/18.0.1025.162 Safari/535.19"
66.230.230.230 - - [17/Apr/2012:08:57:31 -0700] "-" 400 0 "-" "-"
117.202.148.1 - - [17/Apr/2012:08:57:41 -0700] "-" 400 0 "-" "-"
117.193.110.200 - - [17/Apr/2012:08:58:59 -0700] "-" 400 0 "-" "-"
117.193.110.200 - - [17/Apr/2012:08:58:59 -0700] "-" 400 0 "-" "-"
117.193.110.200 - - [17/Apr/2012:08:58:59 -0700] "-" 400 0 "-" "-"
117.193.110.200 - - [17/Apr/2012:08:58:59 -0700] "-" 400 0 "-" "-"
85.17.88.169 - - [17/Apr/2012:08:59:26 -0700] "POST /blog/wp-cron.php?doing_wp_cron=1334677987 HTTP/1.0" 499 0 "-" "WordPress/3.3.1; http://yuvi.in/blog"
65.52.109.26 - - [17/Apr/2012:08:59:26 -0700] "GET /blog/2009/12/ HTTP/1.1" 200 5535 "-" "Mozilla/5.0 (compatible; bingbot/2.0; +http://www.bing.com/bingbot.htm)"
117.202.148.1 - - [17/Apr/2012:08:59:31 -0700] "-" 400 0 "-" "-"
117.202.148.1 - - [17/Apr/2012:08:59:31 -0700] "-" 400 0 "-" "-"
117.202.148.1 - - [17/Apr/2012:08:59:31 -0700] "-" 400 0 "-" "-"
117.202.148.1 - - [17/Apr/2012:08:59:31 -0700] "-" 400 0 "-" "-"
117.202.148.1 - - [17/Apr/2012:08:59:31 -0700] "-" 400 0 "-" "-"
117.202.148.1 - - [17/Apr/2012:08:59:31 -0700] "-" 400 0 "-" "-"
117.193.110.200 - - [17/Apr/2012:08:59:49 -0700] "-" 400 0 "-" "-"
66.249.73.90 - - [17/Apr/2012:09:00:40 -0700] "GET /chennai/stage/2711/ HTTP/1.1" 404 142 "-" "Mozilla/5.0 (compatible; Googlebot/2.1; +http://www.google.com/bot.html)"
69.171.228.245 - - [17/Apr/2012:09:00:46 -0700] "GET /r/33y0 HTTP/1.1" 301 257 "-" "facebookexternalhit/1.1 (+http://www.facebook.com/externalhit_uatext.php)"
69.171.228.250 - - [17/Apr/2012:09:00:46 -0700] "GET /s/ta/33y0/ HTTP/1.1" 302 609 "-" "facebookexternalhit/1.1 (+http://www.facebook.com/externalhit_uatext.php)"
117.202.148.1 - - [17/Apr/2012:09:01:41 -0700] "-" 400 0 "-" "-"
117.202.148.1 - - [17/Apr/2012:09:01:41 -0700] "-" 400 0 "-" "-"
117.202.148.1 - - [17/Apr/2012:09:01:41 -0700] "-" 400 0 "-" "-"
117.202.148.1 - - [17/Apr/2012:09:01:41 -0700] "-" 400 0 "-" "-"
117.202.148.1 - - [17/Apr/2012:09:01:41 -0700] "-" 400 0 "-" "-"
117.213.52.24 - - [17/Apr/2012:09:02:42 -0700] "GET / HTTP/1.1" 404 211 "-" "Mozilla/5.0 (Windows NT 6.1; rv:2.0.1) Gecko/20100101 Firefox/4.0.1"
117.213.52.24 - - [17/Apr/2012:09:02:42 -0700] "GET /favicon.ico HTTP/1.1" 404 211 "-" "Mozilla/5.0 (Windows NT 6.1; rv:2.0.1) Gecko/20100101 Firefox/4.0.1"
117.213.52.24 - - [17/Apr/2012:09:02:43 -0700] "GET /favicon.ico HTTP/1.1" 404 211 "-" "Mozilla/5.0 (Windows NT 6.1; rv:2.0.1) Gecko/20100101 Firefox/4.0.1"
117.213.52.24 - - [17/Apr/2012:09:02:43 -0700] "GET /favicon.ico HTTP/1.1" 404 211 "-" "Mozilla/5.0 (Windows NT 6.1; rv:2.0.1) Gecko/20100101 Firefox/4.0.1"
119.63.196.52 - - [17/Apr/2012:09:03:07 -0700] "GET /robots.txt HTTP/1.1" 404 142 "-" "Baiduspider+(+http://www.baidu.com/search/spider.htm)"
119.63.196.120 - - [17/Apr/2012:09:03:19 -0700] "GET /robots.txt HTTP/1.1" 404 211 "-" "Baiduspider+(+http://www.baidu.com/search/spider.htm)"
203.153.223.72 - - [17/Apr/2012:09:03:35 -0700] "GET /r/3kj HTTP/1.1" 301 255 "http://ta.wikipedia.org/wiki/%E0%AE%95%E0%AF%88%E0%AE%AA%E0%AF%8D%E0%AE%AA%E0%AE%A8%E0%AF%8D%E0%AE%A4%E0%AE%BE%E0%AE%9F%E0%AF%8D%E0%AE%9F%E0%AE%AE%E0%AF%8D" "Mozilla/5.0 (Windows NT 6.1) AppleWebKit/535.19 (KHTML, like Gecko) Chrome/18.0.1025.162 Safari/535.19"
203.153.223.72 - - [17/Apr/2012:09:03:36 -0700] "GET /s/ta/3kj/ HTTP/1.1" 302 433 "http://ta.wikipedia.org/wiki/%E0%AE%95%E0%AF%88%E0%AE%AA%E0%AF%8D%E0%AE%AA%E0%AE%A8%E0%AF%8D%E0%AE%A4%E0%AE%BE%E0%AE%9F%E0%AF%8D%E0%AE%9F%E0%AE%AE%E0%AF%8D" "Mozilla/5.0 (Windows NT 6.1) AppleWebKit/535.19 (KHTML, like Gecko) Chrome/18.0.1025.162 Safari/535.19"
203.153.223.72 - - [17/Apr/2012:09:03:49 -0700] "-" 400 0 "-" "-"
85.17.88.169 - - [17/Apr/2012:09:04:19 -0700] "POST /blog/wp-cron.php?doing_wp_cron=1334678280 HTTP/1.0" 499 0 "-" "WordPress/3.3.1; http://yuvi.in/blog"
208.115.111.68 - - [17/Apr/2012:09:04:19 -0700] "GET /blog/tag/bigco/ HTTP/1.1" 200 16805 "-" "Mozilla/5.0 (compatible; Ezooms/1.0; ezooms.bot@gmail.com)"
117.199.130.49 - - [17/Apr/2012:09:04:38 -0700] "-" 400 0 "-" "-"
69.171.229.250 - - [17/Apr/2012:09:04:45 -0700] "GET /r/heh HTTP/1.1" 301 255 "-" "facebookexternalhit/1.1 (+http://www.facebook.com/externalhit_uatext.php)"
69.171.229.247 - - [17/Apr/2012:09:04:45 -0700] "GET /s/ta/heh/ HTTP/1.1" 302 549 "-" "facebookexternalhit/1.1 (+http://www.facebook.com/externalhit_uatext.php)"
117.199.130.49 - - [17/Apr/2012:09:04:58 -0700] "-" 400 0 "-" "-"
117.193.107.173 - - [17/Apr/2012:09:05:36 -0700] "-" 400 0 "-" "-"
117.193.107.173 - - [17/Apr/2012:09:07:46 -0700] "-" 400 0 "-" "-"
117.193.107.173 - - [17/Apr/2012:09:07:46 -0700] "-" 400 0 "-" "-"
117.193.107.173 - - [17/Apr/2012:09:07:46 -0700] "-" 400 0 "-" "-"
69.171.229.249 - - [17/Apr/2012:09:07:51 -0700] "GET /r/33y0 HTTP/1.1" 301 257 "-" "facebookexternalhit/1.1 (+http://www.facebook.com/externalhit_uatext.php)"
69.171.229.245 - - [17/Apr/2012:09:07:51 -0700] "GET /s/ta/33y0/ HTTP/1.1" 302 609 "-" "facebookexternalhit/1.1 (+http://www.facebook.com/externalhit_uatext.php)"
117.193.107.173 - - [17/Apr/2012:09:08:26 -0700] "-" 400 0 "-" "-"
117.193.107.173 - - [17/Apr/2012:09:08:26 -0700] "-" 400 0 "-" "-"
117.193.107.173 - - [17/Apr/2012:09:09:06 -0700] "-" 400 0 "-" "-"
117.193.107.173 - - [17/Apr/2012:09:09:06 -0700] "-" 400 0 "-" "-"
117.193.101.178 - - [17/Apr/2012:09:09:33 -0700] "-" 400 0 "-" "-"
117.202.148.1 - - [17/Apr/2012:09:10:09 -0700] "-" 400 0 "-" "-"
117.193.101.178 - - [17/Apr/2012:09:10:33 -0700] "-" 400 0 "-" "-"
117.254.120.156 - - [17/Apr/2012:09:11:41 -0700] "-" 400 0 "-" "-"
85.17.88.169 - - [17/Apr/2012:09:12:32 -0700] "POST /blog/wp-cron.php?doing_wp_cron=1334678773 HTTP/1.0" 499 0 "-" "WordPress/3.3.1; http://yuvi.in/blog"
183.82.73.33 - - [17/Apr/2012:09:12:32 -0700] "GET /blog/feed/ HTTP/1.0" 304 0 "-" "FeedDemon/4.0 (http://www.feeddemon.com/; Microsoft Windows)"
66.249.73.90 - - [17/Apr/2012:09:12:46 -0700] "GET /chennai/stage/2712/ HTTP/1.1" 404 142 "-" "Mozilla/5.0 (compatible; Googlebot/2.1; +http://www.google.com/bot.html)"
101.63.209.48 - - [17/Apr/2012:09:15:49 -0700] "-" 400 0 "-" "-"
85.17.88.169 - - [17/Apr/2012:09:18:19 -0700] "POST /blog/wp-cron.php?doing_wp_cron=1334679120 HTTP/1.0" 499 0 "-" "WordPress/3.3.1; http://yuvi.in/blog"
209.85.224.97 - - [17/Apr/2012:09:18:19 -0700] "GET /blog/feed HTTP/1.1" 304 0 "-" "FeedBurner/1.0 (http://www.FeedBurner.com)"
157.55.112.199 - - [17/Apr/2012:09:19:01 -0700] "-" 400 0 "-" "-"
157.55.112.199 - - [17/Apr/2012:09:19:03 -0700] "-" 400 0 "-" "-"
157.55.112.199 - - [17/Apr/2012:09:19:03 -0700] "-" 400 0 "-" "-"
157.55.112.199 - - [17/Apr/2012:09:19:03 -0700] "-" 400 0 "-" "-"
157.55.112.199 - - [17/Apr/2012:09:19:03 -0700] "-" 400 0 "-" "-"
157.55.112.199 - - [17/Apr/2012:09:19:03 -0700] "-" 400 0 "-" "-"
157.55.112.199 - - [17/Apr/2012:09:19:04 -0700] "-" 400 0 "-" "-"
157.55.112.199 - - [17/Apr/2012:09:19:04 -0700] "-" 400 0 "-" "-"
157.55.112.199 - - [17/Apr/2012:09:19:04 -0700] "-" 400 0 "-" "-"
157.55.112.199 - - [17/Apr/2012:09:19:04 -0700] "-" 400 0 "-" "-"
117.213.141.44 - - [17/Apr/2012:09:19:10 -0700] "-" 400 0 "-" "-"
117.193.101.178 - - [17/Apr/2012:09:19:23 -0700] "-" 400 0 "-" "-"
85.17.88.169 - - [17/Apr/2012:09:21:23 -0700] "POST /blog/wp-cron.php?doing_wp_cron=1334679304 HTTP/1.0" 499 0 "-" "WordPress/3.3.1; http://yuvi.in/blog"
209.85.238.182 - - [17/Apr/2012:09:21:23 -0700] "GET /blog/feed/ HTTP/1.1" 304 0 "-" "Feedfetcher-Google; (+http://www.google.com/feedfetcher.html; 19 subscribers; feed-id=15064232456473204253)"
193.164.138.35 - - [17/Apr/2012:09:21:33 -0700] "GET /blog/trip-to-kerala.html HTTP/1.1" 200 5836 "-" "Zemanta Aggregator/0.7 +http://www.zemanta.com"
122.164.133.210 - - [17/Apr/2012:09:21:55 -0700] "-" 400 0 "-" "-"
122.164.133.210 - - [17/Apr/2012:09:21:55 -0700] "-" 400 0 "-" "-"
122.164.133.210 - - [17/Apr/2012:09:21:55 -0700] "-" 400 0 "-" "-"
122.164.133.210 - - [17/Apr/2012:09:21:55 -0700] "-" 400 0 "-" "-"
122.164.133.210 - - [17/Apr/2012:09:21:55 -0700] "-" 400 0 "-" "-"
122.164.133.210 - - [17/Apr/2012:09:21:55 -0700] "-" 400 0 "-" "-"
122.164.133.210 - - [17/Apr/2012:09:21:55 -0700] "-" 400 0 "-" "-"
122.164.133.210 - - [17/Apr/2012:09:21:55 -0700] "-" 400 0 "-" "-"
122.164.133.210 - - [17/Apr/2012:09:21:55 -0700] "-" 400 0 "-" "-"
122.164.133.210 - - [17/Apr/2012:09:21:55 -0700] "-" 400 0 "-" "-"
122.164.133.210 - - [17/Apr/2012:09:21:57 -0700] "-" 400 0 "-" "-"
122.164.133.210 - - [17/Apr/2012:09:21:57 -0700] "-" 400 0 "-" "-"
122.164.133.210 - - [17/Apr/2012:09:21:57 -0700] "-" 400 0 "-" "-"
122.164.133.210 - - [17/Apr/2012:09:21:57 -0700] "-" 400 0 "-" "-"
122.164.133.210 - - [17/Apr/2012:09:21:57 -0700] "-" 400 0 "-" "-"
122.164.133.210 - - [17/Apr/2012:09:21:59 -0700] "-" 400 0 "-" "-"
122.164.133.210 - - [17/Apr/2012:09:21:59 -0700] "-" 400 0 "-" "-"
122.164.133.210 - - [17/Apr/2012:09:22:00 -0700] "-" 400 0 "-" "-"
122.164.133.210 - - [17/Apr/2012:09:22:00 -0700] "-" 400 0 "-" "-"
122.164.133.210 - - [17/Apr/2012:09:22:01 -0700] "-" 400 0 "-" "-"
223.236.241.51 - - [17/Apr/2012:09:22:03 -0700] "-" 400 0 "-" "-"
141.0.11.26 - - [17/Apr/2012:09:24:21 -0700] "-" 400 0 "-" "-"
141.0.11.26 - - [17/Apr/2012:09:24:21 -0700] "-" 400 0 "-" "-"
223.236.241.51 - - [17/Apr/2012:09:24:28 -0700] "-" 400 0 "-" "-"
209.85.224.94 - - [17/Apr/2012:09:27:44 -0700] "GET /stories/feed HTTP/1.1" 200 13653 "-" "FeedBurner/1.0 (http://www.FeedBurner.com)"
223.236.241.51 - - [17/Apr/2012:09:28:11 -0700] "-" 400 0 "-" "-"
66.249.73.23 - - [17/Apr/2012:09:28:54 -0700] "GET /r/2rbo HTTP/1.1" 301 257 "-" "Mozilla/5.0 (compatible; Googlebot/2.1; +http://www.google.com/bot.html)"
66.249.73.23 - - [17/Apr/2012:09:28:55 -0700] "GET /s/ta/2rbo/ HTTP/1.1" 302 499 "-" "Mozilla/5.0 (compatible; Googlebot/2.1; +http://www.google.com/bot.html)"
180.76.5.190 - - [17/Apr/2012:09:30:35 -0700] "GET / HTTP/1.1" 200 3439 "-" "Mozilla/5.0 (compatible; Baiduspider/2.0; +http://www.baidu.com/search/spider.html)"
117.213.141.44 - - [17/Apr/2012:09:30:56 -0700] "-" 400 0 "-" "-"
186.205.61.3 - - [17/Apr/2012:09:33:16 -0700] "GET /r/9b1 HTTP/1.1" 301 255 "http://en.wikipedia.org/wiki/Jeyamohan" "Mozilla/5.0 (Windows NT 6.1; WOW64; rv:11.0) Gecko/20100101 Firefox/11.0"
186.205.61.3 - - [17/Apr/2012:09:33:16 -0700] "GET /s/ta/9b1/ HTTP/1.1" 302 361 "http://en.wikipedia.org/wiki/Jeyamohan" "Mozilla/5.0 (Windows NT 6.1; WOW64; rv:11.0) Gecko/20100101 Firefox/11.0"
186.205.61.3 - - [17/Apr/2012:09:33:21 -0700] "-" 400 0 "-" "-"
122.174.182.181 - - [17/Apr/2012:09:34:38 -0700] "-" 400 0 "-" "-"
117.193.68.192 - - [17/Apr/2012:09:35:29 -0700] "-" 400 0 "-" "-"
117.193.128.167 - - [17/Apr/2012:09:36:41 -0700] "GET / HTTP/1.1" 200 1430 "-" "Mozilla/5.0 (Windows NT 5.1) AppleWebKit/535.19 (KHTML, like Gecko) Chrome/18.0.1025.152 Safari/535.19"
117.193.128.167 - - [17/Apr/2012:09:36:41 -0700] "GET /blueprint/screen.css HTTP/1.1" 200 12058 "http://yuvi.in/" "Mozilla/5.0 (Windows NT 5.1) AppleWebKit/535.19 (KHTML, like Gecko) Chrome/18.0.1025.152 Safari/535.19"
117.193.128.167 - - [17/Apr/2012:09:36:41 -0700] "GET /blueprint/print.css HTTP/1.1" 200 1284 "http://yuvi.in/" "Mozilla/5.0 (Windows NT 5.1) AppleWebKit/535.19 (KHTML, like Gecko) Chrome/18.0.1025.152 Safari/535.19"
117.193.128.167 - - [17/Apr/2012:09:36:42 -0700] "GET /header.png HTTP/1.1" 200 14249 "http://yuvi.in/" "Mozilla/5.0 (Windows NT 5.1) AppleWebKit/535.19 (KHTML, like Gecko) Chrome/18.0.1025.152 Safari/535.19"
117.193.128.167 - - [17/Apr/2012:09:36:43 -0700] "GET /favicon.ico HTTP/1.1" 404 199 "-" "Mozilla/5.0 (Windows NT 5.1) AppleWebKit/535.19 (KHTML, like Gecko) Chrome/18.0.1025.152 Safari/535.19"
117.193.128.167 - - [17/Apr/2012:09:36:44 -0700] "GET /favicon.ico HTTP/1.1" 404 199 "-" "Mozilla/5.0 (Windows NT 5.1) AppleWebKit/535.19 (KHTML, like Gecko) Chrome/18.0.1025.152 Safari/535.19"
117.193.128.167 - - [17/Apr/2012:09:36:46 -0700] "GET /favicon.ico HTTP/1.1" 404 199 "-" "Mozilla/5.0 (Windows NT 5.1) AppleWebKit/535.19 (KHTML, like Gecko) Chrome/18.0.1025.152 Safari/535.19"
117.193.128.167 - - [17/Apr/2012:09:37:02 -0700] "-" 400 0 "-" "-"
182.156.19.77 - - [17/Apr/2012:09:37:35 -0700] "GET /r/1z64 HTTP/1.1" 301 257 "http://www.muthukamalam.com/" "Mozilla/5.0 (Linux; U; Android 2.2.1; en-gb; GT-S5570 Build/FROYO) AppleWebKit/533.1 (KHTML, like Gecko) Version/4.0 Mobile Safari/533.1"
182.156.19.77 - - [17/Apr/2012:09:37:36 -0700] "GET /s/ta/1z64/ HTTP/1.1" 302 557 "http://www.muthukamalam.com/" "Mozilla/5.0 (Linux; U; Android 2.2.1; en-gb; GT-S5570 Build/FROYO) AppleWebKit/533.1 (KHTML, like Gecko) Version/4.0 Mobile Safari/533.1"
182.72.224.14 - - [17/Apr/2012:09:37:52 -0700] "GET /r/1jiz HTTP/1.0" 301 257 "http://www.natthhu.blogspot.in/2012/04/blog-post.html" "Mozilla/5.0 (Windows NT 5.1) AppleWebKit/535.19 (KHTML, like Gecko) Chrome/18.0.1025.162 Safari/535.19"
182.72.224.14 - - [17/Apr/2012:09:37:52 -0700] "GET /s/ta/1jiz/ HTTP/1.0" 302 479 "http://www.natthhu.blogspot.in/2012/04/blog-post.html" "Mozilla/5.0 (Windows NT 5.1) AppleWebKit/535.19 (KHTML, like Gecko) Chrome/18.0.1025.162 Safari/535.19"
182.72.224.14 - - [17/Apr/2012:09:37:54 -0700] "GET /r/1z64 HTTP/1.0" 301 257 "http://www.natthhu.blogspot.in/2012/04/blog-post.html" "Mozilla/5.0 (Windows NT 5.1) AppleWebKit/535.19 (KHTML, like Gecko) Chrome/18.0.1025.162 Safari/535.19"
182.72.224.14 - - [17/Apr/2012:09:37:54 -0700] "GET /s/ta/1z64/ HTTP/1.0" 302 557 "http://www.natthhu.blogspot.in/2012/04/blog-post.html" "Mozilla/5.0 (Windows NT 5.1) AppleWebKit/535.19 (KHTML, like Gecko) Chrome/18.0.1025.162 Safari/535.19"
122.169.149.186 - - [17/Apr/2012:09:38:06 -0700] "GET /r/33zx HTTP/1.1" 404 142 "-" "Mozilla/5.0 (X11; Ubuntu; Linux i686; rv:11.0) Gecko/20100101 Firefox/11.0"
122.169.149.186 - - [17/Apr/2012:09:38:07 -0700] "GET /favicon.ico HTTP/1.1" 404 142 "-" "Mozilla/5.0 (X11; Ubuntu; Linux i686; rv:11.0) Gecko/20100101 Firefox/11.0"
122.169.149.186 - - [17/Apr/2012:09:38:07 -0700] "GET /favicon.ico HTTP/1.1" 404 142 "-" "Mozilla/5.0 (X11; Ubuntu; Linux i686; rv:11.0) Gecko/20100101 Firefox/11.0"
122.174.182.181 - - [17/Apr/2012:09:38:19 -0700] "-" 400 0 "-" "-"
85.17.88.169 - - [17/Apr/2012:09:38:25 -0700] "POST /blog/wp-cron.php?doing_wp_cron=1334680327 HTTP/1.0" 499 0 "-" "WordPress/3.3.1; http://yuvi.in/blog"
209.85.238.182 - - [17/Apr/2012:09:38:26 -0700] "GET /blog/feed HTTP/1.1" 301 0 "-" "Feedfetcher-Google; (+http://www.google.com/feedfetcher.html; 3 subscribers; feed-id=17684830852112633560)"
85.17.88.169 - - [17/Apr/2012:09:38:28 -0700] "POST /blog/wp-cron.php?doing_wp_cron=1334680329 HTTP/1.0" 499 0 "-" "WordPress/3.3.1; http://yuvi.in/blog"
209.85.238.182 - - [17/Apr/2012:09:38:28 -0700] "GET /blog/feed/ HTTP/1.1" 304 0 "-" "Feedfetcher-Google; (+http://www.google.com/feedfetcher.html; 3 subscribers; feed-id=17684830852112633560)"
14.96.98.106 - - [17/Apr/2012:09:38:55 -0700] "-" 400 0 "-" "-"
122.174.182.181 - - [17/Apr/2012:09:38:59 -0700] "-" 400 0 "-" "-"
117.254.120.156 - - [17/Apr/2012:09:39:02 -0700] "-" 400 0 "-" "-"
122.174.182.181 - - [17/Apr/2012:09:39:29 -0700] "-" 400 0 "-" "-"
117.254.120.156 - - [17/Apr/2012:09:39:32 -0700] "-" 400 0 "-" "-"
117.254.120.156 - - [17/Apr/2012:09:39:32 -0700] "-" 400 0 "-" "-"
117.254.120.156 - - [17/Apr/2012:09:39:32 -0700] "-" 400 0 "-" "-"
117.254.120.156 - - [17/Apr/2012:09:39:32 -0700] "-" 400 0 "-" "-"
85.17.88.169 - - [17/Apr/2012:09:39:45 -0700] "POST /blog/wp-cron.php?doing_wp_cron=1334680406 HTTP/1.0" 499 0 "-" "WordPress/3.3.1; http://yuvi.in/blog"
74.93.189.161 - - [17/Apr/2012:09:39:45 -0700] "GET /blog/2012/03/ HTTP/1.1" 200 14801 "http://magicsubmitters.net/" "Mozilla/5.0 (Windows; U; Windows NT 5.1; pl; rv:1.9.1.3) Gecko/20090824 Firefox/3.5.3"
117.254.120.156 - - [17/Apr/2012:09:40:22 -0700] "-" 400 0 "-" "-"
117.254.120.156 - - [17/Apr/2012:09:40:22 -0700] "-" 400 0 "-" "-"
117.254.120.156 - - [17/Apr/2012:09:40:32 -0700] "-" 400 0 "-" "-"
117.254.120.156 - - [17/Apr/2012:09:40:32 -0700] "-" 400 0 "-" "-"
117.254.120.156 - - [17/Apr/2012:09:40:32 -0700] "-" 400 0 "-" "-"
14.96.98.106 - - [17/Apr/2012:09:40:55 -0700] "-" 400 0 "-" "-"
117.254.120.156 - - [17/Apr/2012:09:43:12 -0700] "-" 400 0 "-" "-"
117.254.120.156 - - [17/Apr/2012:09:43:12 -0700] "-" 400 0 "-" "-"
117.254.120.156 - - [17/Apr/2012:09:43:22 -0700] "-" 400 0 "-" "-"
117.254.120.156 - - [17/Apr/2012:09:43:22 -0700] "-" 400 0 "-" "-"
117.254.120.156 - - [17/Apr/2012:09:43:22 -0700] "-" 400 0 "-" "-"
115.184.112.138 - - [17/Apr/2012:09:43:36 -0700] "-" 400 0 "-" "-"
38.127.197.123 - - [17/Apr/2012:09:43:40 -0700] "GET /blog HTTP/1.1" 301 178 "-" "Mozilla/4.0 (compatible; MSIE 7.0;  Windows NT 5.1)"
175.136.20.191 - - [17/Apr/2012:09:43:41 -0700] "GET /r/1z64 HTTP/1.1" 301 257 "http://www.muthukamalam.com/medicine/naturalandyoga/main.html" "Mozilla/5.0 (Windows NT 6.1; WOW64; rv:11.0) Gecko/20100101 Firefox/11.0"
175.136.20.191 - - [17/Apr/2012:09:43:42 -0700] "GET /s/ta/1z64/ HTTP/1.1" 302 557 "http://www.muthukamalam.com/medicine/naturalandyoga/main.html" "Mozilla/5.0 (Windows NT 6.1; WOW64; rv:11.0) Gecko/20100101 Firefox/11.0"
175.136.20.191 - - [17/Apr/2012:09:43:47 -0700] "-" 400 0 "-" "-"
50.97.98.131 - - [17/Apr/2012:09:43:59 -0700] "GET /blog HTTP/1.1" 301 178 "-" "Mozilla/4.0 (compatible; MSIE 7.0; Windows NT 6.0)"
85.17.88.169 - - [17/Apr/2012:09:44:01 -0700] "POST /blog/wp-cron.php?doing_wp_cron=1334680662 HTTP/1.0" 499 0 "-" "WordPress/3.3.1; http://yuvi.in/blog"
50.97.98.131 - - [17/Apr/2012:09:44:02 -0700] "GET /blog/ HTTP/1.1" 200 33202 "-" "Mozilla/4.0 (compatible; MSIE 7.0; Windows NT 6.0)"
38.127.197.123 - - [17/Apr/2012:09:44:45 -0700] "GET /blog/ HTTP/1.1" 200 33222 "-" "Mozilla/4.0 (compatible; MSIE 7.0;  Windows NT 5.1)"
66.249.73.23 - - [17/Apr/2012:09:45:02 -0700] "GET /r/1nkh HTTP/1.1" 301 257 "-" "Mozilla/5.0 (compatible; Googlebot/2.1; +http://www.google.com/bot.html)"
66.249.73.23 - - [17/Apr/2012:09:45:03 -0700] "GET /s/ta/1nkh/ HTTP/1.1" 302 347 "-" "Mozilla/5.0 (compatible; Googlebot/2.1; +http://www.google.com/bot.html)"
38.127.197.123 - - [17/Apr/2012:09:45:15 -0700] "GET /blog/wp-includes/js/jquery/jquery.js?ver=1.7.1 HTTP/1.1" 200 93889 "-" "Mozilla/4.0 (compatible; MSIE 6.0b; Windows 98)"
38.127.197.123 - - [17/Apr/2012:09:45:15 -0700] "GET /blog/wp-content/themes/cleanr/js/jquery.dropdown.js?ver=3.3.1 HTTP/1.1" 200 535 "-" "Mozilla/4.0 (compatible; MSIE 6.0b; Windows 98)"
157.56.94.179 - - [17/Apr/2012:09:46:05 -0700] "GET /robots.txt HTTP/1.1" 404 142 "-" "msnbot/2.0b (+http://search.msn.com/msnbot.htm)"
157.56.94.179 - - [17/Apr/2012:09:46:05 -0700] "GET /r/jai HTTP/1.1" 404 142 "-" "msnbot/2.0b (+http://search.msn.com/msnbot.htm)"
150.70.172.102 - - [17/Apr/2012:09:47:13 -0700] "GET /s/ta/1z64/ HTTP/1.0" 302 557 "-" "Mozilla/4.0 (compatible; MSIE 6.0; Windows NT 5.1)"
150.70.172.102 - - [17/Apr/2012:09:47:14 -0700] "GET /s/ta/1z64/ HTTP/1.0" 302 557 "-" "Mozilla/4.0 (compatible; MSIE 6.0; Windows NT 5.1)"
150.70.172.102 - - [17/Apr/2012:09:47:30 -0700] "GET /r/1z64 HTTP/1.0" 301 257 "-" "Mozilla/4.0 (compatible; MSIE 6.0; Windows NT 5.1)"
150.70.172.102 - - [17/Apr/2012:09:47:40 -0700] "GET /r/1z64 HTTP/1.0" 301 257 "-" "Mozilla/4.0 (compatible; MSIE 6.0; Windows NT 5.1)"
193.47.80.43 - - [17/Apr/2012:09:47:43 -0700] "GET /robots.txt HTTP/1.1" 404 142 "-" "Mozilla/5.0 (compatible; Exabot/3.0; +http://www.exabot.com/go/robot)"
193.47.80.43 - - [17/Apr/2012:09:47:43 -0700] "GET / HTTP/1.1" 304 0 "-" "Mozilla/5.0 (compatible; Exabot/3.0; +http://www.exabot.com/go/robot)"
85.17.88.169 - - [17/Apr/2012:09:48:27 -0700] "POST /blog/wp-cron.php?doing_wp_cron=1334680928 HTTP/1.0" 499 0 "-" "WordPress/3.3.1; http://yuvi.in/blog"
209.85.224.99 - - [17/Apr/2012:09:48:27 -0700] "GET /blog/feed HTTP/1.1" 304 0 "-" "FeedBurner/1.0 (http://www.FeedBurner.com)"
85.17.88.169 - - [17/Apr/2012:09:48:48 -0700] "POST /blog/wp-cron.php?doing_wp_cron=1334680949 HTTP/1.0" 499 0 "-" "WordPress/3.3.1; http://yuvi.in/blog"
183.82.73.33 - - [17/Apr/2012:09:48:50 -0700] "GET /blog/feed/ HTTP/1.0" 304 0 "-" "FeedDemon/4.0 (http://www.feeddemon.com/; Microsoft Windows)"
117.216.63.145 - - [17/Apr/2012:09:50:07 -0700] "-" 400 0 "-" "-"
117.216.63.145 - - [17/Apr/2012:09:50:07 -0700] "-" 400 0 "-" "-"
117.216.63.145 - - [17/Apr/2012:09:50:07 -0700] "-" 400 0 "-" "-"
117.216.63.145 - - [17/Apr/2012:09:50:07 -0700] "-" 400 0 "-" "-"
117.216.63.145 - - [17/Apr/2012:09:50:07 -0700] "-" 400 0 "-" "-"
117.216.63.145 - - [17/Apr/2012:09:50:07 -0700] "-" 400 0 "-" "-"
117.216.63.145 - - [17/Apr/2012:09:51:07 -0700] "-" 400 0 "-" "-"
117.216.63.145 - - [17/Apr/2012:09:51:07 -0700] "-" 400 0 "-" "-"
117.216.63.145 - - [17/Apr/2012:09:51:07 -0700] "-" 400 0 "-" "-"
117.216.63.145 - - [17/Apr/2012:09:51:07 -0700] "-" 400 0 "-" "-"
117.216.63.145 - - [17/Apr/2012:09:51:07 -0700] "-" 400 0 "-" "-"
117.216.63.145 - - [17/Apr/2012:09:51:07 -0700] "-" 400 0 "-" "-"
85.17.88.169 - - [17/Apr/2012:09:51:35 -0700] "POST /blog/wp-cron.php?doing_wp_cron=1334681116 HTTP/1.0" 499 0 "-" "WordPress/3.3.1; http://yuvi.in/blog"
116.202.142.31 - - [17/Apr/2012:09:51:35 -0700] "GET /blog/infosys-tcs-or-wipro-none/ HTTP/1.1" 200 7089 "http://www.google.co.in/url?sa=t&rct=j&q=wipro+or+TCS&source=web&cd=14&ved=0CD4QFjADOAo&url=http%3A%2F%2Fyuvi.in%2Fblog%2Finfosys-tcs-or-wipro-none%2F&ei=A56NT6ysB8itrAfU54mpCQ&usg=AFQjCNFFymVRTHm740-I9A4VqJxKWQnZng" "Mozilla/4.0 (compatible; MSIE 8.0; Windows NT 6.1; WOW64; Trident/4.0; GTB7.3; SLCC2; .NET CLR 2.0.50727; .NET CLR 3.5.30729; .NET CLR 3.0.30729; MALN; BRI/1; .NET4.0C; InfoPath.2)"
116.202.142.31 - - [17/Apr/2012:09:51:37 -0700] "GET /blog/wp-content/themes/cleanr/style.css HTTP/1.1" 200 10508 "http://yuvi.in/blog/infosys-tcs-or-wipro-none/" "Mozilla/4.0 (compatible; MSIE 8.0; Windows NT 6.1; WOW64; Trident/4.0; GTB7.3; SLCC2; .NET CLR 2.0.50727; .NET CLR 3.5.30729; .NET CLR 3.0.30729; MALN; BRI/1; .NET4.0C; InfoPath.2)"
116.202.142.31 - - [17/Apr/2012:09:51:38 -0700] "GET /blog/wp-content/themes/cleanr/css/reset.css HTTP/1.1" 200 648 "http://yuvi.in/blog/infosys-tcs-or-wipro-none/" "Mozilla/4.0 (compatible; MSIE 8.0; Windows NT 6.1; WOW64; Trident/4.0; GTB7.3; SLCC2; .NET CLR 2.0.50727; .NET CLR 3.5.30729; .NET CLR 3.0.30729; MALN; BRI/1; .NET4.0C; InfoPath.2)"
116.202.142.31 - - [17/Apr/2012:09:51:38 -0700] "GET /blog/wp-content/themes/cleanr/css/960.css HTTP/1.1" 200 3628 "http://yuvi.in/blog/infosys-tcs-or-wipro-none/" "Mozilla/4.0 (compatible; MSIE 8.0; Windows NT 6.1; WOW64; Trident/4.0; GTB7.3; SLCC2; .NET CLR 2.0.50727; .NET CLR 3.5.30729; .NET CLR 3.0.30729; MALN; BRI/1; .NET4.0C; InfoPath.2)"
116.202.142.31 - - [17/Apr/2012:09:51:39 -0700] "GET /blog/wp-content/themes/cleanr/css/text.css HTTP/1.1" 200 420 "http://yuvi.in/blog/infosys-tcs-or-wipro-none/" "Mozilla/4.0 (compatible; MSIE 8.0; Windows NT 6.1; WOW64; Trident/4.0; GTB7.3; SLCC2; .NET CLR 2.0.50727; .NET CLR 3.5.30729; .NET CLR 3.0.30729; MALN; BRI/1; .NET4.0C; InfoPath.2)"
116.202.142.31 - - [17/Apr/2012:09:51:39 -0700] "GET /blog/wp-content/themes/cleanr/css/ie.css HTTP/1.1" 200 390 "http://yuvi.in/blog/infosys-tcs-or-wipro-none/" "Mozilla/4.0 (compatible; MSIE 8.0; Windows NT 6.1; WOW64; Trident/4.0; GTB7.3; SLCC2; .NET CLR 2.0.50727; .NET CLR 3.5.30729; .NET CLR 3.0.30729; MALN; BRI/1; .NET4.0C; InfoPath.2)"
116.202.142.31 - - [17/Apr/2012:09:51:40 -0700] "GET /blog/wp-content/themes/cleanr/js/jquery.dropdown.js?ver=3.3.1 HTTP/1.1" 200 535 "http://yuvi.in/blog/infosys-tcs-or-wipro-none/" "Mozilla/4.0 (compatible; MSIE 8.0; Windows NT 6.1; WOW64; Trident/4.0; GTB7.3; SLCC2; .NET CLR 2.0.50727; .NET CLR 3.5.30729; .NET CLR 3.0.30729; MALN; BRI/1; .NET4.0C; InfoPath.2)"
116.202.142.31 - - [17/Apr/2012:09:51:41 -0700] "GET /blog/wp-includes/js/jquery/jquery.js?ver=1.7.1 HTTP/1.1" 200 93889 "http://yuvi.in/blog/infosys-tcs-or-wipro-none/" "Mozilla/4.0 (compatible; MSIE 8.0; Windows NT 6.1; WOW64; Trident/4.0; GTB7.3; SLCC2; .NET CLR 2.0.50727; .NET CLR 3.5.30729; .NET CLR 3.0.30729; MALN; BRI/1; .NET4.0C; InfoPath.2)"
116.202.142.31 - - [17/Apr/2012:09:51:42 -0700] "GET /blog/wp-content/themes/cleanr/images/search_magnifier.gif HTTP/1.1" 200 394 "http://yuvi.in/blog/infosys-tcs-or-wipro-none/" "Mozilla/4.0 (compatible; MSIE 8.0; Windows NT 6.1; WOW64; Trident/4.0; GTB7.3; SLCC2; .NET CLR 2.0.50727; .NET CLR 3.5.30729; .NET CLR 3.0.30729; MALN; BRI/1; .NET4.0C; InfoPath.2)"
116.202.142.31 - - [17/Apr/2012:09:51:43 -0700] "GET /favicon.ico HTTP/1.1" 404 199 "-" "Mozilla/4.0 (compatible; MSIE 8.0; Windows NT 6.1; WOW64; Trident/4.0; GTB7.3; SLCC2; .NET CLR 2.0.50727; .NET CLR 3.5.30729; .NET CLR 3.0.30729; MALN; BRI/1; .NET4.0C; InfoPath.2)"
85.17.88.169 - - [17/Apr/2012:09:51:55 -0700] "POST /blog/wp-cron.php?doing_wp_cron=1334681136 HTTP/1.0" 499 0 "-" "WordPress/3.3.1; http://yuvi.in/blog"
116.202.142.31 - - [17/Apr/2012:09:51:55 -0700] "GET /blog/infosys-tcs-or-wipro-none/?cf_action=sync_comments&post_id=124 HTTP/1.1" 200 48 "http://yuvi.in/blog/infosys-tcs-or-wipro-none/" "Mozilla/4.0 (compatible; MSIE 8.0; Windows NT 6.1; WOW64; Trident/4.0; GTB7.3; SLCC2; .NET CLR 2.0.50727; .NET CLR 3.5.30729; .NET CLR 3.0.30729; MALN; BRI/1; .NET4.0C; InfoPath.2)"
116.202.142.31 - - [17/Apr/2012:09:52:10 -0700] "GET /blog/infosys-tcs-or-wipro-none/ HTTP/1.1" 200 7089 "http://www.google.co.in/url?sa=t&rct=j&q=wipro+or+TCS&source=web&cd=14&ved=0CD4QFjADOAo&url=http%3A%2F%2Fyuvi.in%2Fblog%2Finfosys-tcs-or-wipro-none%2F&ei=A56NT6ysB8itrAfU54mpCQ&usg=AFQjCNFFymVRTHm740-I9A4VqJxKWQnZng" "Mozilla/4.0 (compatible; MSIE 8.0; Windows NT 6.1; WOW64; Trident/4.0; GTB7.3; SLCC2; .NET CLR 2.0.50727; .NET CLR 3.5.30729; .NET CLR 3.0.30729; MALN; BRI/1; .NET4.0C; InfoPath.2)"
116.202.142.31 - - [17/Apr/2012:09:52:11 -0700] "GET /favicon.ico HTTP/1.1" 404 199 "-" "Mozilla/4.0 (compatible; MSIE 8.0; Windows NT 6.1; WOW64; Trident/4.0; GTB7.3; SLCC2; .NET CLR 2.0.50727; .NET CLR 3.5.30729; .NET CLR 3.0.30729; MALN; BRI/1; .NET4.0C; InfoPath.2)"
85.17.88.169 - - [17/Apr/2012:09:52:16 -0700] "POST /blog/wp-cron.php?doing_wp_cron=1334681157 HTTP/1.0" 499 0 "-" "WordPress/3.3.1; http://yuvi.in/blog"
116.202.142.31 - - [17/Apr/2012:09:52:16 -0700] "GET /blog/infosys-tcs-or-wipro-none/?cf_action=sync_comments&post_id=124 HTTP/1.1" 200 48 "http://yuvi.in/blog/infosys-tcs-or-wipro-none/" "Mozilla/4.0 (compatible; MSIE 8.0; Windows NT 6.1; WOW64; Trident/4.0; GTB7.3; SLCC2; .NET CLR 2.0.50727; .NET CLR 3.5.30729; .NET CLR 3.0.30729; MALN; BRI/1; .NET4.0C; InfoPath.2)"
71.168.105.197 - - [17/Apr/2012:09:53:59 -0700] "GET /robots.txt HTTP/1.0" 404 169 "-" "Mozilla/5.0 (compatible; MJ12bot/v1.4.2; http://www.majestic12.co.uk/bot.php?+)"
85.17.88.169 - - [17/Apr/2012:09:54:03 -0700] "POST /blog/wp-cron.php?doing_wp_cron=1334681264 HTTP/1.0" 499 0 "-" "WordPress/3.3.1; http://yuvi.in/blog"
71.168.105.197 - - [17/Apr/2012:09:54:04 -0700] "GET /blog/what-stop-child-athiest HTTP/1.1" 301 0 "-" "Mozilla/5.0 (compatible; MJ12bot/v1.4.2; http://www.majestic12.co.uk/bot.php?+)"
85.17.88.169 - - [17/Apr/2012:09:54:08 -0700] "POST /blog/wp-cron.php?doing_wp_cron=1334681269 HTTP/1.0" 499 0 "-" "WordPress/3.3.1; http://yuvi.in/blog"
71.168.105.197 - - [17/Apr/2012:09:54:08 -0700] "GET /blog/what-stop-child-athiest/ HTTP/1.1" 200 21012 "-" "Mozilla/5.0 (compatible; MJ12bot/v1.4.2; http://www.majestic12.co.uk/bot.php?+)"
99.114.192.18 - - [17/Apr/2012:09:54:14 -0700] "GET /POSM/js/main.js HTTP/1.1" 200 9616 "-" "Mozilla/5.0 (Macintosh; Intel Mac OS X 10_7_3) AppleWebKit/534.55.3 (KHTML, like Gecko) Version/5.1.5 Safari/534.55.3"
99.114.192.18 - - [17/Apr/2012:09:54:14 -0700] "GET /favicon.ico HTTP/1.1" 404 142 "http://yuvi.in/POSM/js/main.js" "Mozilla/5.0 (Macintosh; Intel Mac OS X 10_7_3) AppleWebKit/534.55.3 (KHTML, like Gecko) Version/5.1.5 Safari/534.55.3"
117.193.42.131 - - [17/Apr/2012:09:55:09 -0700] "-" 400 0 "-" "-"
38.127.197.123 - - [17/Apr/2012:09:55:42 -0700] "GET / HTTP/1.1" 200 3439 "-" "Mozilla/4.0 (compatible; MSIE 7.0;  Windows NT 5.1)"
50.97.98.131 - - [17/Apr/2012:09:55:42 -0700] "GET / HTTP/1.1" 200 3439 "-" "Mozilla/4.0 (compatible; MSIE 7.0; Windows NT 6.0)"
117.193.42.131 - - [17/Apr/2012:09:56:09 -0700] "-" 400 0 "-" "-"
117.193.42.131 - - [17/Apr/2012:09:56:59 -0700] "-" 400 0 "-" "-"
117.193.42.131 - - [17/Apr/2012:09:56:59 -0700] "-" 400 0 "-" "-"
117.193.42.131 - - [17/Apr/2012:09:56:59 -0700] "-" 400 0 "-" "-"
209.120.218.204 - - [17/Apr/2012:09:57:37 -0700] "HEAD /blog HTTP/1.1" 301 0 "-" "Mozilla/5.0 (Windows; U; Windows NT 5.1; tr; rv:1.9.2.8) Gecko/20100722 Firefox/3.6.8 ( .NET CLR 3.5.30729; .NET4.0E)"
209.120.218.204 - - [17/Apr/2012:09:57:37 -0700] "HEAD /blog/ HTTP/1.1" 200 0 "-" "Mozilla/5.0 (Windows; U; Windows NT 5.1; tr; rv:1.9.2.8) Gecko/20100722 Firefox/3.6.8 ( .NET CLR 3.5.30729; .NET4.0E)"
209.120.218.204 - - [17/Apr/2012:09:57:38 -0700] "HEAD /blog HTTP/1.1" 301 0 "-" "Mozilla/5.0 (Windows; U; Windows NT 5.1; tr; rv:1.9.2.8) Gecko/20100722 Firefox/3.6.8 ( .NET CLR 3.5.30729; .NET4.0E)"
209.120.218.204 - - [17/Apr/2012:09:57:38 -0700] "HEAD /blog/ HTTP/1.1" 200 0 "-" "Mozilla/5.0 (Windows; U; Windows NT 5.1; tr; rv:1.9.2.8) Gecko/20100722 Firefox/3.6.8 ( .NET CLR 3.5.30729; .NET4.0E)"
209.120.218.204 - - [17/Apr/2012:09:57:39 -0700] "GET /blog HTTP/1.1" 301 178 "-" "Mozilla/5.0 (Windows; U; Windows NT 5.1; tr; rv:1.9.2.8) Gecko/20100722 Firefox/3.6.8 ( .NET CLR 3.5.30729; .NET4.0E)"
209.120.218.204 - - [17/Apr/2012:09:57:40 -0700] "GET /blog/ HTTP/1.1" 200 33214 "-" "Mozilla/5.0 (Windows; U; Windows NT 5.1; tr; rv:1.9.2.8) Gecko/20100722 Firefox/3.6.8 ( .NET CLR 3.5.30729; .NET4.0E)"
117.193.42.131 - - [17/Apr/2012:09:57:59 -0700] "-" 400 0 "-" "-"
117.193.42.131 - - [17/Apr/2012:09:57:59 -0700] "-" 400 0 "-" "-"
117.193.42.131 - - [17/Apr/2012:09:57:59 -0700] "-" 400 0 "-" "-"
117.193.42.131 - - [17/Apr/2012:09:59:19 -0700] "-" 400 0 "-" "-"
85.17.88.169 - - [17/Apr/2012:10:00:34 -0700] "POST /blog/wp-cron.php?doing_wp_cron=1334681655 HTTP/1.0" 499 0 "-" "WordPress/3.3.1; http://yuvi.in/blog"
183.178.85.181 - - [17/Apr/2012:10:00:35 -0700] "GET /blog/gsoc-2010-the-beginning/trackback HTTP/1.1" 302 0 "-" "Mozilla/4.0 (compatible; MSIE 5.5; Windows NT)"
85.17.88.169 - - [17/Apr/2012:10:00:37 -0700] "POST /blog/wp-cron.php?doing_wp_cron=1334681658 HTTP/1.0" 499 0 "-" "WordPress/3.3.1; http://yuvi.in/blog"
183.178.85.181 - - [17/Apr/2012:10:00:38 -0700] "GET /blog/gsoc-2010-the-beginning/ HTTP/1.1" 200 17282 "-" "Mozilla/4.0 (compatible; MSIE 5.5; Windows NT)"
203.153.223.70 - - [17/Apr/2012:10:03:27 -0700] "GET /r/yc HTTP/1.1" 301 253 "http://ta.wikipedia.org/wiki/%E0%AE%AA%E0%AE%B0%E0%AE%A4%E0%AE%A8%E0%AE%BE%E0%AE%9F%E0%AF%8D%E0%AE%9F%E0%AE%BF%E0%AE%AF%E0%AE%AE%E0%AF%8D" "Mozilla/4.0 (compatible; MSIE 8.0; Windows NT 6.1; Trident/4.0; GTB7.3; SLCC2; .NET CLR 2.0.50727; .NET CLR 3.5.30729; .NET CLR 3.0.30729; Media Center PC 6.0)"
203.153.223.70 - - [17/Apr/2012:10:03:28 -0700] "GET /s/ta/yc/ HTTP/1.1" 302 409 "http://ta.wikipedia.org/wiki/%E0%AE%AA%E0%AE%B0%E0%AE%A4%E0%AE%A8%E0%AE%BE%E0%AE%9F%E0%AF%8D%E0%AE%9F%E0%AE%BF%E0%AE%AF%E0%AE%AE%E0%AF%8D" "Mozilla/4.0 (compatible; MSIE 8.0; Windows NT 6.1; Trident/4.0; GTB7.3; SLCC2; .NET CLR 2.0.50727; .NET CLR 3.5.30729; .NET CLR 3.0.30729; Media Center PC 6.0)"
89.145.108.202 - - [17/Apr/2012:10:04:34 -0700] "GET /r/yc HTTP/1.1" 301 253 "-" "Mozilla/4.0 (compatible; MSIE 7.0; Windows NT 5.1; .NET CLR 1.1.4322; .NET CLR 2.0.50727; .NET CLR 3.0.4506.2152; .NET CLR 3.5.30729; InfoPath.2; MS-RTC LM 8)"
89.145.108.202 - - [17/Apr/2012:10:04:34 -0700] "GET /s/ta/yc/ HTTP/1.1" 302 409 "-" "Mozilla/4.0 (compatible; MSIE 7.0; Windows NT 5.1; .NET CLR 1.1.4322; .NET CLR 2.0.50727; .NET CLR 3.0.4506.2152; .NET CLR 3.5.30729; InfoPath.2; MS-RTC LM 8)"
66.249.73.90 - - [17/Apr/2012:10:04:44 -0700] "GET /chennai/stage/2715/ HTTP/1.1" 404 142 "-" "Mozilla/5.0 (compatible; Googlebot/2.1; +http://www.google.com/bot.html)"
66.249.73.90 - - [17/Apr/2012:10:04:45 -0700] "GET /chennai/stage/2713/ HTTP/1.1" 404 142 "-" "Mozilla/5.0 (compatible; Googlebot/2.1; +http://www.google.com/bot.html)"
66.249.73.90 - - [17/Apr/2012:10:04:54 -0700] "GET /chennai/stage/2714/ HTTP/1.1" 404 142 "-" "Mozilla/5.0 (compatible; Googlebot/2.1; +http://www.google.com/bot.html)"
66.249.73.90 - - [17/Apr/2012:10:04:55 -0700] "GET /chennai/stage/2716/ HTTP/1.1" 404 142 "-" "Mozilla/5.0 (compatible; Googlebot/2.1; +http://www.google.com/bot.html)"
66.249.73.23 - - [17/Apr/2012:10:04:58 -0700] "GET /r/jrv HTTP/1.1" 301 255 "-" "Mozilla/5.0 (compatible; Googlebot/2.1; +http://www.google.com/bot.html)"
66.249.73.23 - - [17/Apr/2012:10:05:00 -0700] "GET /s/ta/p9c/ HTTP/1.1" 302 557 "-" "Mozilla/5.0 (compatible; Googlebot/2.1; +http://www.google.com/bot.html)"
66.249.73.90 - - [17/Apr/2012:10:05:03 -0700] "GET /chennai/stage/2717/ HTTP/1.1" 404 142 "-" "Mozilla/5.0 (compatible; Googlebot/2.1; +http://www.google.com/bot.html)"
66.249.73.90 - - [17/Apr/2012:10:05:05 -0700] "GET /chennai/stage/2720/ HTTP/1.1" 404 142 "-" "Mozilla/5.0 (compatible; Googlebot/2.1; +http://www.google.com/bot.html)"
66.249.73.90 - - [17/Apr/2012:10:05:07 -0700] "GET /chennai/stage/2721/ HTTP/1.1" 404 142 "-" "Mozilla/5.0 (compatible; Googlebot/2.1; +http://www.google.com/bot.html)"
66.249.73.90 - - [17/Apr/2012:10:05:10 -0700] "GET /chennai/stage/2722/ HTTP/1.1" 404 142 "-" "Mozilla/5.0 (compatible; Googlebot/2.1; +http://www.google.com/bot.html)"
66.249.73.23 - - [17/Apr/2012:10:05:12 -0700] "GET /s/ta/jrv/ HTTP/1.1" 302 391 "-" "Mozilla/5.0 (compatible; Googlebot/2.1; +http://www.google.com/bot.html)"
69.171.229.249 - - [17/Apr/2012:10:08:19 -0700] "GET /r/15fj\xE0\xAE\x95\xE0\xAE\x9F\xE0\xAF\x8D\xE0\xAE\x9F\xE0\xAE\xB1\xE0\xAF\x8D\xE0\xAE\xB1\xE0\xAE\x95\xE0\xAE\xB2\xE0\xAF\x88\xE0\xAE\x95\xE0\xAF\x8D\xE0\xAE\x95\xE0\xAE\xB3\xE0\xAE\x9E\xE0\xAF\x8D\xE0\xAE\x9A\xE0\xAE\xBF\xE0\xAE\xAF\xE0\xAE\xAE\xE0\xAE\xBE\xE0\xAE\xA9 HTTP/1.1" 301 653 "-" "facebookexternalhit/1.1 (+http://www.facebook.com/externalhit_uatext.php)"
