115.248.253.81 - - [20/Apr/2012:13:46:23 -0700] "-" 400 0 "-" "-"
115.248.253.81 - - [20/Apr/2012:13:46:23 -0700] "-" 400 0 "-" "-"
115.248.253.81 - - [20/Apr/2012:13:46:23 -0700] "-" 400 0 "-" "-"
115.248.253.81 - - [20/Apr/2012:13:46:23 -0700] "-" 400 0 "-" "-"
69.171.234.0 - - [20/Apr/2012:13:46:49 -0700] "GET /r/1uj HTTP/1.1" 301 255 "-" "facebookexternalhit/1.1 (+http://www.facebook.com/externalhit_uatext.php)"
69.171.234.0 - - [20/Apr/2012:13:46:50 -0700] "GET /s/ta/1uj/ HTTP/1.1" 302 501 "-" "facebookexternalhit/1.1 (+http://www.facebook.com/externalhit_uatext.php)"
115.248.253.81 - - [20/Apr/2012:13:47:22 -0700] "-" 400 0 "-" "-"
115.248.253.81 - - [20/Apr/2012:13:47:23 -0700] "-" 400 0 "-" "-"
115.248.253.81 - - [20/Apr/2012:13:47:23 -0700] "-" 400 0 "-" "-"
115.248.253.81 - - [20/Apr/2012:13:49:43 -0700] "-" 400 0 "-" "-"
180.76.5.166 - - [20/Apr/2012:13:49:57 -0700] "GET / HTTP/1.1" 200 3439 "-" "Mozilla/5.0 (compatible; Baiduspider/2.0; +http://www.baidu.com/search/spider.html)"
115.248.253.81 - - [20/Apr/2012:13:50:13 -0700] "-" 400 0 "-" "-"
115.248.253.81 - - [20/Apr/2012:13:51:04 -0700] "-" 400 0 "-" "-"
115.248.253.81 - - [20/Apr/2012:13:51:04 -0700] "-" 400 0 "-" "-"
85.17.88.169 - - [20/Apr/2012:13:55:35 -0700] "POST /blog/wp-cron.php?doing_wp_cron=1334954931 HTTP/1.0" 499 0 "-" "WordPress/3.3.1; http://yuvi.in/blog"
101.226.33.188 - - [20/Apr/2012:13:55:36 -0700] "GET /blog/feed HTTP/1.0" 304 0 "-" "Mozilla/4.0 (compatible; Windows;)"
85.17.88.169 - - [20/Apr/2012:13:57:10 -0700] "POST /blog/wp-cron.php?doing_wp_cron=1334955026 HTTP/1.0" 499 0 "-" "WordPress/3.3.1; http://yuvi.in/blog"
97.117.105.82 - - [20/Apr/2012:13:57:10 -0700] "GET /blog/favicon.ico HTTP/1.1" 404 3016 "-" "Mozilla/5.0 (Windows NT 5.1; rv:11.0) Gecko/20100101 Firefox/11.0"
85.17.88.169 - - [20/Apr/2012:13:58:49 -0700] "POST /blog/wp-cron.php?doing_wp_cron=1334955125 HTTP/1.0" 499 0 "-" "WordPress/3.3.1; http://yuvi.in/blog"
100.43.83.144 - - [20/Apr/2012:13:58:49 -0700] "GET /blog/lessons-learnt-from-working-with-the-symposium/ HTTP/1.1" 200 4717 "-" "Mozilla/5.0 (compatible; YandexBot/3.0; +http://yandex.com/bots)"
195.188.228.30 - - [20/Apr/2012:13:59:04 -0700] "GET /robots.txt HTTP/1.0" 404 169 "-" "Mozilla/5.0 (compatible; MJ12bot/v1.4.2; http://www.majestic12.co.uk/bot.php?+)"
195.188.228.30 - - [20/Apr/2012:13:59:06 -0700] "GET /blog/about-me.html HTTP/1.0" 200 6863 "-" "Mozilla/5.0 (compatible; MJ12bot/v1.4.2; http://www.majestic12.co.uk/bot.php?+)"
195.188.228.30 - - [20/Apr/2012:13:59:08 -0700] "GET /blog/archives.html HTTP/1.0" 200 17087 "-" "Mozilla/5.0 (compatible; MJ12bot/v1.4.2; http://www.majestic12.co.uk/bot.php?+)"
195.188.228.30 - - [20/Apr/2012:13:59:11 -0700] "GET /blog/blogging-from-under-the-table-during-class.html HTTP/1.0" 200 6290 "-" "Mozilla/5.0 (compatible; MJ12bot/v1.4.2; http://www.majestic12.co.uk/bot.php?+)"
195.188.228.30 - - [20/Apr/2012:13:59:13 -0700] "GET /blog/gsoc-milestones-vala-build-using-autotools.html HTTP/1.0" 200 9275 "-" "Mozilla/5.0 (compatible; MJ12bot/v1.4.2; http://www.majestic12.co.uk/bot.php?+)"
195.188.228.30 - - [20/Apr/2012:13:59:15 -0700] "GET /blog/how-to-increase-cheese-s-burst-mode-photo-count.html HTTP/1.0" 200 5966 "-" "Mozilla/5.0 (compatible; MJ12bot/v1.4.2; http://www.majestic12.co.uk/bot.php?+)"
195.188.228.30 - - [20/Apr/2012:13:59:18 -0700] "GET /blog/i-have-a-motorbike.html HTTP/1.0" 200 6392 "-" "Mozilla/5.0 (compatible; MJ12bot/v1.4.2; http://www.majestic12.co.uk/bot.php?+)"
195.188.228.30 - - [20/Apr/2012:13:59:20 -0700] "GET /blog/more-effects-for-cheese.html HTTP/1.0" 200 5775 "-" "Mozilla/5.0 (compatible; MJ12bot/v1.4.2; http://www.majestic12.co.uk/bot.php?+)"
195.188.228.30 - - [20/Apr/2012:13:59:22 -0700] "GET /blog/moving-to-vim-from-emacs.html HTTP/1.0" 200 6340 "-" "Mozilla/5.0 (compatible; MJ12bot/v1.4.2; http://www.majestic12.co.uk/bot.php?+)"
195.188.228.30 - - [20/Apr/2012:13:59:25 -0700] "GET /blog/tag/arch.html HTTP/1.0" 200 5864 "-" "Mozilla/5.0 (compatible; MJ12bot/v1.4.2; http://www.majestic12.co.uk/bot.php?+)"
195.188.228.30 - - [20/Apr/2012:13:59:27 -0700] "GET /blog/tag/biking.html HTTP/1.0" 200 6103 "-" "Mozilla/5.0 (compatible; MJ12bot/v1.4.2; http://www.majestic12.co.uk/bot.php?+)"
195.188.228.30 - - [20/Apr/2012:13:59:29 -0700] "GET /blog/tag/bs.html HTTP/1.0" 200 5548 "-" "Mozilla/5.0 (compatible; MJ12bot/v1.4.2; http://www.majestic12.co.uk/bot.php?+)"
195.188.228.30 - - [20/Apr/2012:13:59:32 -0700] "GET /blog/tag/cheese.html HTTP/1.0" 200 21086 "-" "Mozilla/5.0 (compatible; MJ12bot/v1.4.2; http://www.majestic12.co.uk/bot.php?+)"
195.188.228.30 - - [20/Apr/2012:13:59:35 -0700] "GET /blog/tag/code.html HTTP/1.0" 200 60902 "-" "Mozilla/5.0 (compatible; MJ12bot/v1.4.2; http://www.majestic12.co.uk/bot.php?+)"
195.188.228.30 - - [20/Apr/2012:13:59:38 -0700] "GET /blog/tag/devlog.html HTTP/1.0" 200 23470 "-" "Mozilla/5.0 (compatible; MJ12bot/v1.4.2; http://www.majestic12.co.uk/bot.php?+)"
195.188.228.30 - - [20/Apr/2012:13:59:41 -0700] "GET /blog/tag/education.html HTTP/1.0" 200 10963 "-" "Mozilla/5.0 (compatible; MJ12bot/v1.4.2; http://www.majestic12.co.uk/bot.php?+)"
195.188.228.30 - - [20/Apr/2012:13:59:43 -0700] "GET /blog/tag/events.html HTTP/1.0" 200 14931 "-" "Mozilla/5.0 (compatible; MJ12bot/v1.4.2; http://www.majestic12.co.uk/bot.php?+)"
195.188.228.30 - - [20/Apr/2012:13:59:47 -0700] "GET /blog/tag/gnome.html HTTP/1.0" 200 27319 "-" "Mozilla/5.0 (compatible; MJ12bot/v1.4.2; http://www.majestic12.co.uk/bot.php?+)"
195.188.228.30 - - [20/Apr/2012:13:59:50 -0700] "GET /blog/tag/linux.html HTTP/1.0" 200 8182 "-" "Mozilla/5.0 (compatible; MJ12bot/v1.4.2; http://www.majestic12.co.uk/bot.php?+)"
195.188.228.30 - - [20/Apr/2012:13:59:52 -0700] "GET /blog/tag/math.html HTTP/1.0" 200 6598 "-" "Mozilla/5.0 (compatible; MJ12bot/v1.4.2; http://www.majestic12.co.uk/bot.php?+)"
100.43.83.144 - - [20/Apr/2012:13:59:54 -0700] "GET / HTTP/1.1" 200 1430 "-" "Mozilla/5.0 (compatible; YandexBot/3.0; +http://yandex.com/bots)"
195.188.228.30 - - [20/Apr/2012:13:59:55 -0700] "GET /blog/tag/nen.html HTTP/1.0" 200 8547 "-" "Mozilla/5.0 (compatible; MJ12bot/v1.4.2; http://www.majestic12.co.uk/bot.php?+)"
195.188.228.30 - - [20/Apr/2012:13:59:57 -0700] "GET /blog/tag/personal.html HTTP/1.0" 200 21665 "-" "Mozilla/5.0 (compatible; MJ12bot/v1.4.2; http://www.majestic12.co.uk/bot.php?+)"
195.188.228.30 - - [20/Apr/2012:14:00:03 -0700] "GET /blog/tag/travel.html HTTP/1.0" 200 5552 "-" "Mozilla/5.0 (compatible; MJ12bot/v1.4.2; http://www.majestic12.co.uk/bot.php?+)"
195.188.228.30 - - [20/Apr/2012:14:00:05 -0700] "GET /blog/the-end-of-gsoc-2010.html HTTP/1.0" 200 6215 "-" "Mozilla/5.0 (compatible; MJ12bot/v1.4.2; http://www.majestic12.co.uk/bot.php?+)"
195.188.228.30 - - [20/Apr/2012:14:00:08 -0700] "GET /blog/trip-to-kerala.html HTTP/1.0" 200 5836 "-" "Mozilla/5.0 (compatible; MJ12bot/v1.4.2; http://www.majestic12.co.uk/bot.php?+)"
195.188.228.30 - - [20/Apr/2012:14:00:10 -0700] "GET /blog/why-i-moved-off-arch-on-my-netbook.html HTTP/1.0" 200 6172 "-" "Mozilla/5.0 (compatible; MJ12bot/v1.4.2; http://www.majestic12.co.uk/bot.php?+)"
195.188.228.30 - - [20/Apr/2012:14:00:11 -0700] "GET /stories HTTP/1.0" 301 185 "-" "Mozilla/5.0 (compatible; MJ12bot/v1.4.2; http://www.majestic12.co.uk/bot.php?+)"
195.188.228.30 - - [20/Apr/2012:14:00:13 -0700] "GET /stories/ HTTP/1.0" 200 3515 "-" "Mozilla/5.0 (compatible; MJ12bot/v1.4.2; http://www.majestic12.co.uk/bot.php?+)"
75.131.207.97 - - [20/Apr/2012:14:03:00 -0700] "GET / HTTP/1.1" 200 1430 "-" "Reeder/1.5.5 CFNetwork/548.1.4 Darwin/11.0.0"
75.131.207.97 - - [20/Apr/2012:14:03:00 -0700] "GET /favicon.ico HTTP/1.1" 404 142 "-" "Reeder/1.5.5 CFNetwork/548.1.4 Darwin/11.0.0"
75.131.207.97 - - [20/Apr/2012:14:03:00 -0700] "GET /apple-touch-icon.png HTTP/1.1" 404 142 "-" "Reeder/1.5.5 CFNetwork/548.1.4 Darwin/11.0.0"
75.131.207.97 - - [20/Apr/2012:14:03:01 -0700] "GET /apple-touch-icon-precomposed.png HTTP/1.1" 404 142 "-" "Reeder/1.5.5 CFNetwork/548.1.4 Darwin/11.0.0"
85.17.88.169 - - [20/Apr/2012:14:05:45 -0700] "POST /blog/wp-cron.php?doing_wp_cron=1334955541 HTTP/1.0" 499 0 "-" "WordPress/3.3.1; http://yuvi.in/blog"
122.164.51.126 - - [20/Apr/2012:14:05:46 -0700] "GET /blog/infosys-tcs-or-wipro-none/ HTTP/1.1" 200 7089 "http://www.google.co.in/url?sa=t&rct=j&q=tcs%20glass%20door&source=web&cd=9&ved=0CGcQFjAI&url=http%3A%2F%2Fyuvi.in%2Fblog%2Finfosys-tcs-or-wipro-none%2F&ei=rMyRT53WPIHQrQfg5JD8BA&usg=AFQjCNFFymVRTHm740-I9A4VqJxKWQnZng" "Mozilla/5.0 (Windows; U; Windows NT 5.1; en-US; rv:1.9.0.19) Gecko/2010031422 Firefox/3.0.19"
122.164.51.126 - - [20/Apr/2012:14:05:47 -0700] "GET /blog/wp-content/themes/cleanr/style.css HTTP/1.1" 200 10508 "http://yuvi.in/blog/infosys-tcs-or-wipro-none/" "Mozilla/5.0 (Windows; U; Windows NT 5.1; en-US; rv:1.9.0.19) Gecko/2010031422 Firefox/3.0.19"
122.164.51.126 - - [20/Apr/2012:14:05:47 -0700] "GET /blog/wp-content/themes/cleanr/css/text.css HTTP/1.1" 200 420 "http://yuvi.in/blog/wp-content/themes/cleanr/style.css" "Mozilla/5.0 (Windows; U; Windows NT 5.1; en-US; rv:1.9.0.19) Gecko/2010031422 Firefox/3.0.19"
122.164.51.126 - - [20/Apr/2012:14:05:47 -0700] "GET /blog/wp-content/themes/cleanr/css/reset.css HTTP/1.1" 200 648 "http://yuvi.in/blog/wp-content/themes/cleanr/style.css" "Mozilla/5.0 (Windows; U; Windows NT 5.1; en-US; rv:1.9.0.19) Gecko/2010031422 Firefox/3.0.19"
122.164.51.126 - - [20/Apr/2012:14:05:48 -0700] "GET /blog/wp-content/themes/cleanr/css/960.css HTTP/1.1" 200 3628 "http://yuvi.in/blog/wp-content/themes/cleanr/style.css" "Mozilla/5.0 (Windows; U; Windows NT 5.1; en-US; rv:1.9.0.19) Gecko/2010031422 Firefox/3.0.19"
122.164.51.126 - - [20/Apr/2012:14:05:48 -0700] "GET /blog/wp-includes/js/jquery/jquery.js?ver=1.7.1 HTTP/1.1" 200 93889 "http://yuvi.in/blog/infosys-tcs-or-wipro-none/" "Mozilla/5.0 (Windows; U; Windows NT 5.1; en-US; rv:1.9.0.19) Gecko/2010031422 Firefox/3.0.19"
122.164.51.126 - - [20/Apr/2012:14:05:49 -0700] "GET /blog/wp-content/themes/cleanr/js/jquery.dropdown.js?ver=3.3.1 HTTP/1.1" 200 535 "http://yuvi.in/blog/infosys-tcs-or-wipro-none/" "Mozilla/5.0 (Windows; U; Windows NT 5.1; en-US; rv:1.9.0.19) Gecko/2010031422 Firefox/3.0.19"
122.164.51.126 - - [20/Apr/2012:14:05:49 -0700] "GET /blog/wp-content/themes/cleanr/images/search_magnifier.gif HTTP/1.1" 200 394 "http://yuvi.in/blog/infosys-tcs-or-wipro-none/" "Mozilla/5.0 (Windows; U; Windows NT 5.1; en-US; rv:1.9.0.19) Gecko/2010031422 Firefox/3.0.19"
122.164.51.126 - - [20/Apr/2012:14:05:52 -0700] "GET /blog/working-big-co-unsatisfying/ HTTP/1.1" 499 0 "http://yuvi.in/blog/infosys-tcs-or-wipro-none/" "Mozilla/5.0 (Windows; U; Windows NT 5.1; en-US; rv:1.9.0.19) Gecko/2010031422 Firefox/3.0.19"
85.17.88.169 - - [20/Apr/2012:14:05:55 -0700] "POST /blog/wp-cron.php?doing_wp_cron=1334955551 HTTP/1.0" 499 0 "-" "WordPress/3.3.1; http://yuvi.in/blog"
122.164.51.126 - - [20/Apr/2012:14:05:55 -0700] "GET /blog/infosys-tcs-or-wipro-none/?cf_action=sync_comments&post_id=124 HTTP/1.1" 200 48 "http://yuvi.in/blog/infosys-tcs-or-wipro-none/" "Mozilla/5.0 (Windows; U; Windows NT 5.1; en-US; rv:1.9.0.19) Gecko/2010031422 Firefox/3.0.19"
122.164.51.126 - - [20/Apr/2012:14:05:55 -0700] "GET /favicon.ico HTTP/1.1" 404 142 "-" "Mozilla/5.0 (Windows; U; Windows NT 5.1; en-US; rv:1.9.0.19) Gecko/2010031422 Firefox/3.0.19"
122.164.51.126 - - [20/Apr/2012:14:05:58 -0700] "GET /favicon.ico HTTP/1.1" 404 142 "-" "Mozilla/5.0 (Windows; U; Windows NT 5.1; en-US; rv:1.9.0.19) Gecko/2010031422 Firefox/3.0.19"
184.191.224.10 - - [20/Apr/2012:14:06:57 -0700] "GET / HTTP/1.1" 200 1430 "-" "Caffeinated/1.1.2 CFNetwork/520.3.2 Darwin/11.3.0 (x86_64) (MacBookPro8%2C1)"
184.191.224.10 - - [20/Apr/2012:14:06:57 -0700] "GET /favicon.ico HTTP/1.1" 404 142 "-" "Caffeinated/1.1.2 CFNetwork/520.3.2 Darwin/11.3.0 (x86_64) (MacBookPro8%2C1)"
184.191.224.10 - - [20/Apr/2012:14:07:53 -0700] "GET / HTTP/1.1" 200 1430 "-" "Caffeinated/1.1.2 CFNetwork/520.3.2 Darwin/11.3.0 (x86_64) (MacBookPro8%2C1)"
184.191.224.10 - - [20/Apr/2012:14:07:53 -0700] "GET /favicon.ico HTTP/1.1" 404 142 "-" "Caffeinated/1.1.2 CFNetwork/520.3.2 Darwin/11.3.0 (x86_64) (MacBookPro8%2C1)"
85.17.88.169 - - [20/Apr/2012:14:10:59 -0700] "POST /blog/wp-cron.php?doing_wp_cron=1334955855 HTTP/1.0" 499 0 "-" "WordPress/3.3.1; http://yuvi.in/blog"
209.85.224.97 - - [20/Apr/2012:14:11:00 -0700] "GET /blog/feed HTTP/1.1" 304 0 "-" "FeedBurner/1.0 (http://www.FeedBurner.com)"
122.164.173.222 - - [20/Apr/2012:14:11:09 -0700] "GET /r/24mh HTTP/1.1" 301 257 "http://ta.wikipedia.org/wiki/%E0%AE%86%E0%AE%B0%E0%AE%BF%E0%AE%AF_%E0%AE%AE%E0%AE%BE%E0%AE%AF%E0%AF%88" "Mozilla/5.0 (Windows NT 5.1) AppleWebKit/535.19 (KHTML, like Gecko) Chrome/18.0.1025.162 Safari/535.19"
122.164.173.222 - - [20/Apr/2012:14:11:10 -0700] "GET /s/ta/24mh/ HTTP/1.1" 302 365 "http://ta.wikipedia.org/wiki/%E0%AE%86%E0%AE%B0%E0%AE%BF%E0%AE%AF_%E0%AE%AE%E0%AE%BE%E0%AE%AF%E0%AF%88" "Mozilla/5.0 (Windows NT 5.1) AppleWebKit/535.19 (KHTML, like Gecko) Chrome/18.0.1025.162 Safari/535.19"
109.247.60.43 - - [20/Apr/2012:14:13:04 -0700] "GET /r/mpw HTTP/1.1" 301 255 "http://ta.wikipedia.org/wiki/%E0%AE%95%E0%AE%9F%E0%AE%B1%E0%AF%8D%E0%AE%AA%E0%AF%81%E0%AE%B2%E0%AE%BF%E0%AE%95%E0%AE%B3%E0%AF%8D" "Mozilla/5.0 (compatible; MSIE 9.0; Windows NT 6.1; Trident/5.0; BOIE9;NBNO)"
109.247.60.43 - - [20/Apr/2012:14:13:04 -0700] "GET /s/ta/mpw/ HTTP/1.1" 302 397 "http://ta.wikipedia.org/wiki/%E0%AE%95%E0%AE%9F%E0%AE%B1%E0%AF%8D%E0%AE%AA%E0%AF%81%E0%AE%B2%E0%AE%BF%E0%AE%95%E0%AE%B3%E0%AF%8D" "Mozilla/5.0 (compatible; MSIE 9.0; Windows NT 6.1; Trident/5.0; BOIE9;NBNO)"
14.99.48.51 - - [20/Apr/2012:14:13:27 -0700] "GET / HTTP/1.1" 200 1430 "-" "Mozilla/5.0 (Macintosh; Intel Mac OS X 10_7_3) AppleWebKit/535.19 (KHTML, like Gecko) Chrome/18.0.1025.163 Safari/535.19"
14.99.48.51 - - [20/Apr/2012:14:13:28 -0700] "GET /blueprint/screen.css HTTP/1.1" 200 12058 "http://yuvi.in/" "Mozilla/5.0 (Macintosh; Intel Mac OS X 10_7_3) AppleWebKit/535.19 (KHTML, like Gecko) Chrome/18.0.1025.163 Safari/535.19"
14.99.48.51 - - [20/Apr/2012:14:13:28 -0700] "GET /blueprint/print.css HTTP/1.1" 200 1284 "http://yuvi.in/" "Mozilla/5.0 (Macintosh; Intel Mac OS X 10_7_3) AppleWebKit/535.19 (KHTML, like Gecko) Chrome/18.0.1025.163 Safari/535.19"
14.99.48.51 - - [20/Apr/2012:14:13:29 -0700] "GET /header.png HTTP/1.1" 200 14249 "http://yuvi.in/" "Mozilla/5.0 (Macintosh; Intel Mac OS X 10_7_3) AppleWebKit/535.19 (KHTML, like Gecko) Chrome/18.0.1025.163 Safari/535.19"
14.99.48.51 - - [20/Apr/2012:14:13:30 -0700] "GET /favicon.ico HTTP/1.1" 404 199 "-" "Mozilla/5.0 (Macintosh; Intel Mac OS X 10_7_3) AppleWebKit/535.19 (KHTML, like Gecko) Chrome/18.0.1025.163 Safari/535.19"
70.187.173.44 - - [20/Apr/2012:14:13:45 -0700] "GET /favicon.ico HTTP/1.1" 404 142 "http://prashanth-kamle.blogspot.com/" "Mozilla/5.0 (Macintosh; Intel Mac OS X 10_6_8) AppleWebKit/534.51.22 (KHTML, like Gecko) Version/5.1.1 Safari/534.51.22"
14.99.48.51 - - [20/Apr/2012:14:13:45 -0700] "-" 400 0 "-" "-"
95.16.66.237 - - [20/Apr/2012:14:20:07 -0700] "GET /blog/vala-gtkbuilder-and-autoconnecting-signal-handlers.html HTTP/1.1" 200 2954 "-" "Mozilla/5.0 (X11; Linux x86_64; rv:11.0) Gecko/20100101 Firefox/11.0"
95.16.66.237 - - [20/Apr/2012:14:20:08 -0700] "GET /blog/static/style.css HTTP/1.1" 200 4753 "http://yuvi.in/blog/vala-gtkbuilder-and-autoconnecting-signal-handlers.html" "Mozilla/5.0 (X11; Linux x86_64; rv:11.0) Gecko/20100101 Firefox/11.0"
95.16.66.237 - - [20/Apr/2012:14:20:08 -0700] "GET /blog/static/codehilite.css HTTP/1.1" 200 4012 "http://yuvi.in/blog/vala-gtkbuilder-and-autoconnecting-signal-handlers.html" "Mozilla/5.0 (X11; Linux x86_64; rv:11.0) Gecko/20100101 Firefox/11.0"
95.16.66.237 - - [20/Apr/2012:14:20:08 -0700] "GET /favicon.ico HTTP/1.1" 404 142 "-" "Mozilla/5.0 (X11; Linux x86_64; rv:11.0) Gecko/20100101 Firefox/11.0"
95.16.66.237 - - [20/Apr/2012:14:20:08 -0700] "GET /favicon.ico HTTP/1.1" 404 142 "-" "Mozilla/5.0 (X11; Linux x86_64; rv:11.0) Gecko/20100101 Firefox/11.0"
66.220.146.246 - - [20/Apr/2012:14:26:07 -0700] "GET /r/fmf HTTP/1.1" 301 255 "-" "facebookexternalhit/1.1 (+http://www.facebook.com/externalhit_uatext.php)"
66.220.146.246 - - [20/Apr/2012:14:26:07 -0700] "GET /s/ta/fmf/ HTTP/1.1" 302 349 "-" "facebookexternalhit/1.1 (+http://www.facebook.com/externalhit_uatext.php)"
202.56.221.30 - - [20/Apr/2012:14:26:32 -0700] "GET /user/soapCaller.bs HTTP/1.1" 404 142 "-" "Morfeus Fucking Scanner"
184.191.224.10 - - [20/Apr/2012:14:26:59 -0700] "GET / HTTP/1.1" 200 1430 "-" "Caffeinated/1.1.2 CFNetwork/520.3.2 Darwin/11.3.0 (x86_64) (MacBookPro8%2C1)"
184.191.224.10 - - [20/Apr/2012:14:26:59 -0700] "GET /favicon.ico HTTP/1.1" 404 142 "-" "Caffeinated/1.1.2 CFNetwork/520.3.2 Darwin/11.3.0 (x86_64) (MacBookPro8%2C1)"
85.17.88.169 - - [20/Apr/2012:14:27:20 -0700] "POST /blog/wp-cron.php?doing_wp_cron=1334956836 HTTP/1.0" 499 0 "-" "WordPress/3.3.1; http://yuvi.in/blog"
94.228.34.248 - - [20/Apr/2012:14:27:21 -0700] "GET /blog/ HTTP/1.1" 200 10128 "-" "magpie-crawler/1.1 (U; Linux amd64; en-GB; +http://www.brandwatch.net)"
184.191.224.10 - - [20/Apr/2012:14:27:53 -0700] "GET / HTTP/1.1" 200 1430 "-" "Caffeinated/1.1.2 CFNetwork/520.3.2 Darwin/11.3.0 (x86_64) (MacBookPro8%2C1)"
184.191.224.10 - - [20/Apr/2012:14:27:53 -0700] "GET /favicon.ico HTTP/1.1" 404 142 "-" "Caffeinated/1.1.2 CFNetwork/520.3.2 Darwin/11.3.0 (x86_64) (MacBookPro8%2C1)"
69.171.229.249 - - [20/Apr/2012:14:29:40 -0700] "GET /r/1uj HTTP/1.1" 301 255 "-" "facebookexternalhit/1.1 (+http://www.facebook.com/externalhit_uatext.php)"
69.171.229.244 - - [20/Apr/2012:14:29:40 -0700] "GET /s/ta/1uj/ HTTP/1.1" 302 501 "-" "facebookexternalhit/1.1 (+http://www.facebook.com/externalhit_uatext.php)"
207.46.199.22 - - [20/Apr/2012:14:30:29 -0700] "-" 400 0 "-" "-"
207.46.199.22 - - [20/Apr/2012:14:30:29 -0700] "-" 400 0 "-" "-"
207.46.199.22 - - [20/Apr/2012:14:30:30 -0700] "-" 400 0 "-" "-"
207.46.199.22 - - [20/Apr/2012:14:30:30 -0700] "-" 400 0 "-" "-"
207.46.199.22 - - [20/Apr/2012:14:30:30 -0700] "-" 400 0 "-" "-"
207.46.199.22 - - [20/Apr/2012:14:30:30 -0700] "-" 400 0 "-" "-"
207.46.199.22 - - [20/Apr/2012:14:30:30 -0700] "-" 400 0 "-" "-"
207.46.199.22 - - [20/Apr/2012:14:30:30 -0700] "-" 400 0 "-" "-"
207.46.199.22 - - [20/Apr/2012:14:30:30 -0700] "-" 400 0 "-" "-"
85.17.88.169 - - [20/Apr/2012:14:31:38 -0700] "POST /blog/wp-cron.php?doing_wp_cron=1334957094 HTTP/1.0" 499 0 "-" "WordPress/3.3.1; http://yuvi.in/blog"
151.25.228.116 - - [20/Apr/2012:14:31:39 -0700] "GET /blog/ HTTP/1.1" 200 33071 "-" "Mozilla/5.0 (compatible; Googlebot/2.1; +http://www.google.com/bot.html)"
85.17.88.169 - - [20/Apr/2012:14:36:39 -0700] "POST /blog/wp-cron.php?doing_wp_cron=1334957395 HTTP/1.0" 499 0 "-" "WordPress/3.3.1; http://yuvi.in/blog"
209.85.238.182 - - [20/Apr/2012:14:36:40 -0700] "GET /blog/feed HTTP/1.1" 301 0 "-" "Feedfetcher-Google; (+http://www.google.com/feedfetcher.html; 3 subscribers; feed-id=17684830852112633560)"
85.17.88.169 - - [20/Apr/2012:14:36:42 -0700] "POST /blog/wp-cron.php?doing_wp_cron=1334957398 HTTP/1.0" 499 0 "-" "WordPress/3.3.1; http://yuvi.in/blog"
209.85.238.182 - - [20/Apr/2012:14:36:42 -0700] "GET /blog/feed/ HTTP/1.1" 304 0 "-" "Feedfetcher-Google; (+http://www.google.com/feedfetcher.html; 3 subscribers; feed-id=17684830852112633560)"
75.131.207.97 - - [20/Apr/2012:14:40:58 -0700] "GET / HTTP/1.1" 200 1430 "-" "Reeder/1.5.5 CFNetwork/548.1.4 Darwin/11.0.0"
75.131.207.97 - - [20/Apr/2012:14:40:58 -0700] "GET /favicon.ico HTTP/1.1" 404 142 "-" "Reeder/1.5.5 CFNetwork/548.1.4 Darwin/11.0.0"
75.131.207.97 - - [20/Apr/2012:14:40:58 -0700] "GET /apple-touch-icon.png HTTP/1.1" 404 142 "-" "Reeder/1.5.5 CFNetwork/548.1.4 Darwin/11.0.0"
75.131.207.97 - - [20/Apr/2012:14:40:58 -0700] "GET /apple-touch-icon-precomposed.png HTTP/1.1" 404 142 "-" "Reeder/1.5.5 CFNetwork/548.1.4 Darwin/11.0.0"
85.17.88.169 - - [20/Apr/2012:14:41:04 -0700] "POST /blog/wp-cron.php?doing_wp_cron=1334957660 HTTP/1.0" 499 0 "-" "WordPress/3.3.1; http://yuvi.in/blog"
100.43.83.144 - - [20/Apr/2012:14:41:05 -0700] "GET /blog/how-i-spent-the-day-today/ HTTP/1.1" 200 5184 "-" "Mozilla/5.0 (compatible; YandexBot/3.0; +http://yandex.com/bots)"
85.17.88.169 - - [20/Apr/2012:14:41:08 -0700] "POST /blog/wp-cron.php?doing_wp_cron=1334957664 HTTP/1.0" 499 0 "-" "WordPress/3.3.1; http://yuvi.in/blog"
209.85.224.89 - - [20/Apr/2012:14:41:08 -0700] "GET /blog/feed HTTP/1.1" 304 0 "-" "FeedBurner/1.0 (http://www.FeedBurner.com)"
209.85.224.88 - - [20/Apr/2012:14:42:22 -0700] "GET /stories/feed HTTP/1.1" 200 13653 "-" "FeedBurner/1.0 (http://www.FeedBurner.com)"
85.17.88.169 - - [20/Apr/2012:14:42:38 -0700] "POST /blog/wp-cron.php?doing_wp_cron=1334957754 HTTP/1.0" 499 0 "-" "WordPress/3.3.1; http://yuvi.in/blog"
209.85.238.182 - - [20/Apr/2012:14:42:39 -0700] "GET /blog/feed/ HTTP/1.1" 304 0 "-" "Feedfetcher-Google; (+http://www.google.com/feedfetcher.html; 19 subscribers; feed-id=15064232456473204253)"
85.17.88.169 - - [20/Apr/2012:14:44:39 -0700] "POST /blog/wp-cron.php?doing_wp_cron=1334957875 HTTP/1.0" 499 0 "-" "WordPress/3.3.1; http://yuvi.in/blog"
101.226.33.180 - - [20/Apr/2012:14:44:39 -0700] "GET /blog/feed HTTP/1.0" 304 0 "-" "Mozilla/4.0 (compatible; Windows;)"
180.76.5.103 - - [20/Apr/2012:14:45:07 -0700] "GET /blog/devlog-feb-2011.html?utm_source=twitterfeed&utm_medium=twitter HTTP/1.1" 200 3089 "-" "Mozilla/5.0 (compatible; Baiduspider/2.0; +http://www.baidu.com/search/spider.html)"
124.115.6.10 - - [20/Apr/2012:14:45:20 -0700] "GET /robots.txt HTTP/1.1" 404 142 "-" "Sosospider+(+http://help.soso.com/webspider.htm)"
85.17.88.169 - - [20/Apr/2012:14:55:38 -0700] "POST /blog/wp-cron.php?doing_wp_cron=1334958534 HTTP/1.0" 499 0 "-" "WordPress/3.3.1; http://yuvi.in/blog"
208.80.194.30 - - [20/Apr/2012:14:55:39 -0700] "GET /blog/story-average-indian-techie/ HTTP/1.0" 200 54292 "-" "Mozilla/4.0 (compatible; MSIE 7.0; Windows NT 5.1; Media Center PC 3.0; .NET CLR 1.0.3705; .NET CLR 1.1.4322; Comcast; Comcast)"
75.131.207.97 - - [20/Apr/2012:14:56:40 -0700] "GET / HTTP/1.1" 200 1430 "-" "Reeder/1.5.5 CFNetwork/548.1.4 Darwin/11.0.0"
75.131.207.97 - - [20/Apr/2012:14:56:40 -0700] "GET /favicon.ico HTTP/1.1" 404 142 "-" "Reeder/1.5.5 CFNetwork/548.1.4 Darwin/11.0.0"
75.131.207.97 - - [20/Apr/2012:14:56:40 -0700] "GET /apple-touch-icon.png HTTP/1.1" 404 142 "-" "Reeder/1.5.5 CFNetwork/548.1.4 Darwin/11.0.0"
75.131.207.97 - - [20/Apr/2012:14:56:40 -0700] "GET /apple-touch-icon-precomposed.png HTTP/1.1" 404 142 "-" "Reeder/1.5.5 CFNetwork/548.1.4 Darwin/11.0.0"
85.17.88.169 - - [20/Apr/2012:14:56:52 -0700] "POST /blog/wp-cron.php?doing_wp_cron=1334958607 HTTP/1.0" 499 0 "-" "WordPress/3.3.1; http://yuvi.in/blog"
75.148.153.193 - - [20/Apr/2012:14:56:52 -0700] "GET /blog/wp-login.php HTTP/1.1" 200 2362 "-" "Opera/9.80 (Windows NT 5.1; U; en) Presto/2.2.15 Version/10.10"
85.17.88.169 - - [20/Apr/2012:14:56:54 -0700] "POST /blog/wp-cron.php?doing_wp_cron=1334958610 HTTP/1.0" 499 0 "-" "WordPress/3.3.1; http://yuvi.in/blog"
75.148.153.193 - - [20/Apr/2012:14:56:54 -0700] "POST /blog/wp-login.php HTTP/1.1" 200 3277 "-" "Opera/9.80 (Windows NT 5.1; U; en) Presto/2.2.15 Version/10.10"
85.17.88.169 - - [20/Apr/2012:14:56:57 -0700] "POST /blog/wp-cron.php?doing_wp_cron=1334958612 HTTP/1.0" 499 0 "-" "WordPress/3.3.1; http://yuvi.in/blog"
75.148.153.193 - - [20/Apr/2012:14:56:57 -0700] "POST /blog/wp-login.php HTTP/1.1" 200 3277 "-" "Opera/9.80 (Windows NT 5.1; U; en) Presto/2.2.15 Version/10.10"
85.17.88.169 - - [20/Apr/2012:14:56:59 -0700] "POST /blog/wp-cron.php?doing_wp_cron=1334958615 HTTP/1.0" 499 0 "-" "WordPress/3.3.1; http://yuvi.in/blog"
75.148.153.193 - - [20/Apr/2012:14:56:59 -0700] "POST /blog/wp-login.php HTTP/1.1" 200 3277 "-" "Opera/9.80 (Windows NT 5.1; U; en) Presto/2.2.15 Version/10.10"
85.17.88.169 - - [20/Apr/2012:14:57:02 -0700] "POST /blog/wp-cron.php?doing_wp_cron=1334958617 HTTP/1.0" 499 0 "-" "WordPress/3.3.1; http://yuvi.in/blog"
75.148.153.193 - - [20/Apr/2012:14:57:02 -0700] "POST /blog/wp-login.php HTTP/1.1" 200 3277 "-" "Opera/9.80 (Windows NT 5.1; U; en) Presto/2.2.15 Version/10.10"
85.17.88.169 - - [20/Apr/2012:14:57:04 -0700] "POST /blog/wp-cron.php?doing_wp_cron=1334958620 HTTP/1.0" 499 0 "-" "WordPress/3.3.1; http://yuvi.in/blog"
75.148.153.193 - - [20/Apr/2012:14:57:04 -0700] "POST /blog/wp-login.php HTTP/1.1" 200 3277 "-" "Opera/9.80 (Windows NT 5.1; U; en) Presto/2.2.15 Version/10.10"
208.80.194.27 - - [20/Apr/2012:15:01:34 -0700] "GET /blog/wp-includes/js/jquery/jquery.js HTTP/1.0" 200 93889 "-" "Mozilla/4.0 (compatible; MSIE 6.0; Windows NT 5.1; SV1; SIMBAR Enabled; SIMBAR=0)"
75.131.207.97 - - [20/Apr/2012:15:11:07 -0700] "GET / HTTP/1.1" 200 1430 "-" "Reeder/1.5.5 CFNetwork/548.1.4 Darwin/11.0.0"
75.131.207.97 - - [20/Apr/2012:15:11:07 -0700] "GET /favicon.ico HTTP/1.1" 404 142 "-" "Reeder/1.5.5 CFNetwork/548.1.4 Darwin/11.0.0"
75.131.207.97 - - [20/Apr/2012:15:11:07 -0700] "GET /apple-touch-icon.png HTTP/1.1" 404 142 "-" "Reeder/1.5.5 CFNetwork/548.1.4 Darwin/11.0.0"
75.131.207.97 - - [20/Apr/2012:15:11:07 -0700] "GET /apple-touch-icon-precomposed.png HTTP/1.1" 404 142 "-" "Reeder/1.5.5 CFNetwork/548.1.4 Darwin/11.0.0"
69.171.234.7 - - [20/Apr/2012:15:11:16 -0700] "GET /r/vwi HTTP/1.1" 301 255 "-" "facebookexternalhit/1.1 (+http://www.facebook.com/externalhit_uatext.php)"
69.171.234.5 - - [20/Apr/2012:15:11:16 -0700] "GET /s/ta/vwi/ HTTP/1.1" 302 365 "-" "facebookexternalhit/1.1 (+http://www.facebook.com/externalhit_uatext.php)"
85.17.88.169 - - [20/Apr/2012:15:11:18 -0700] "POST /blog/wp-cron.php?doing_wp_cron=1334959473 HTTP/1.0" 499 0 "-" "WordPress/3.3.1; http://yuvi.in/blog"
209.85.224.91 - - [20/Apr/2012:15:11:18 -0700] "GET /blog/feed HTTP/1.1" 304 0 "-" "FeedBurner/1.0 (http://www.FeedBurner.com)"
208.80.194.30 - - [20/Apr/2012:15:11:42 -0700] "GET /blog/story-average-indian-techie/ HTTP/1.0" 200 54312 "-" "Mozilla/4.0 (compatible; MSIE 7.0; Windows NT 5.1; (R1 1.5); .NET CLR 1.0.3705; .NET CLR 1.1.4322; Media Center PC 4.0; .NET CLR 2.0.50727; Windows-Media-Player/10.00.00.3990)"
220.181.108.153 - - [20/Apr/2012:15:12:55 -0700] "GET /blog/static/style.css HTTP/1.1" 200 4753 "-" "Mozilla/5.0 (compatible; Baiduspider/2.0; +http://www.baidu.com/search/spider.html)"
208.80.194.27 - - [20/Apr/2012:15:14:16 -0700] "GET /r/2rvb HTTP/1.0" 301 257 "-" "Mozilla/4.0 (compatible; MSIE 7.0; Windows NT 5.1; SIMBAR Enabled; SIMBAR={69BFC609-9222-4e26-9435-F9925DD68BD7}; .NET CLR 1.0.3705; AVPersonalSerial 5e50186c28164e4474521a173fb966040c7737b9; .NET CLR 2.0.50727)"
207.46.204.212 - - [20/Apr/2012:15:15:58 -0700] "-" 400 0 "-" "-"
207.46.204.212 - - [20/Apr/2012:15:15:58 -0700] "-" 400 0 "-" "-"
207.46.204.212 - - [20/Apr/2012:15:15:58 -0700] "-" 400 0 "-" "-"
207.46.204.212 - - [20/Apr/2012:15:15:59 -0700] "-" 400 0 "-" "-"
207.46.204.212 - - [20/Apr/2012:15:15:59 -0700] "-" 400 0 "-" "-"
207.46.204.212 - - [20/Apr/2012:15:15:59 -0700] "-" 400 0 "-" "-"
207.46.204.212 - - [20/Apr/2012:15:16:00 -0700] "-" 400 0 "-" "-"
207.46.204.212 - - [20/Apr/2012:15:16:00 -0700] "-" 400 0 "-" "-"
207.46.204.212 - - [20/Apr/2012:15:16:00 -0700] "-" 400 0 "-" "-"
207.46.204.212 - - [20/Apr/2012:15:16:01 -0700] "-" 400 0 "-" "-"
207.46.204.212 - - [20/Apr/2012:15:16:01 -0700] "-" 400 0 "-" "-"
207.46.204.212 - - [20/Apr/2012:15:16:01 -0700] "-" 400 0 "-" "-"
208.80.194.27 - - [20/Apr/2012:15:17:16 -0700] "GET /s/ta/2rvb/ HTTP/1.0" 302 505 "-" "Mozilla/4.0 (compatible; MSIE 7.0; AOL 9.0; Windows NT 5.1; .NET CLR 1.0.3705; .NET CLR 1.1.4322; Media Center PC 4.0; .NET CLR 2.0.50727; .NET CLR 3.0.04506.30)"
209.85.144.80 - - [20/Apr/2012:15:18:00 -0700] "GET /stories/feed HTTP/1.1" 200 13653 "-" "FeedBurner/1.0 (http://www.FeedBurner.com)"
109.86.192.200 - - [20/Apr/2012:15:18:12 -0700] "GET /robots.txt HTTP/1.0" 404 169 "-" "Mozilla/5.0 (compatible; MJ12bot/v1.4.2; http://www.majestic12.co.uk/bot.php?+)"
85.17.88.169 - - [20/Apr/2012:15:18:15 -0700] "POST /blog/wp-cron.php?doing_wp_cron=1334959891 HTTP/1.0" 499 0 "-" "WordPress/3.3.1; http://yuvi.in/blog"
109.86.192.200 - - [20/Apr/2012:15:18:16 -0700] "GET /blog/story-average-indian-techie HTTP/1.0" 301 0 "-" "Mozilla/5.0 (compatible; MJ12bot/v1.4.2; http://www.majestic12.co.uk/bot.php?+)"
109.86.192.200 - - [20/Apr/2012:15:18:19 -0700] "GET /blog/story-average-indian-techie/ HTTP/1.0" 200 14156 "-" "Mozilla/5.0 (compatible; MJ12bot/v1.4.2; http://www.majestic12.co.uk/bot.php?+)"
75.131.207.97 - - [20/Apr/2012:15:18:36 -0700] "GET / HTTP/1.1" 200 1430 "-" "Reeder/1.5.5 CFNetwork/548.1.4 Darwin/11.0.0"
75.131.207.97 - - [20/Apr/2012:15:18:36 -0700] "GET /favicon.ico HTTP/1.1" 404 142 "-" "Reeder/1.5.5 CFNetwork/548.1.4 Darwin/11.0.0"
75.131.207.97 - - [20/Apr/2012:15:18:36 -0700] "GET /apple-touch-icon.png HTTP/1.1" 404 142 "-" "Reeder/1.5.5 CFNetwork/548.1.4 Darwin/11.0.0"
75.131.207.97 - - [20/Apr/2012:15:18:36 -0700] "GET /apple-touch-icon-precomposed.png HTTP/1.1" 404 142 "-" "Reeder/1.5.5 CFNetwork/548.1.4 Darwin/11.0.0"
207.46.193.39 - - [20/Apr/2012:15:19:49 -0700] "-" 400 0 "-" "-"
207.46.193.39 - - [20/Apr/2012:15:19:51 -0700] "-" 400 0 "-" "-"
207.46.193.39 - - [20/Apr/2012:15:19:54 -0700] "-" 400 0 "-" "-"
207.46.193.39 - - [20/Apr/2012:15:19:54 -0700] "-" 400 0 "-" "-"
207.46.193.39 - - [20/Apr/2012:15:19:54 -0700] "-" 400 0 "-" "-"
207.46.193.39 - - [20/Apr/2012:15:19:56 -0700] "-" 400 0 "-" "-"
207.46.193.39 - - [20/Apr/2012:15:19:57 -0700] "-" 400 0 "-" "-"
207.46.193.39 - - [20/Apr/2012:15:19:59 -0700] "-" 400 0 "-" "-"
207.46.193.39 - - [20/Apr/2012:15:19:59 -0700] "-" 400 0 "-" "-"
207.46.193.39 - - [20/Apr/2012:15:19:59 -0700] "-" 400 0 "-" "-"
207.46.193.39 - - [20/Apr/2012:15:20:23 -0700] "-" 400 0 "-" "-"
85.17.88.169 - - [20/Apr/2012:15:20:43 -0700] "POST /blog/wp-cron.php?doing_wp_cron=1334960039 HTTP/1.0" 499 0 "-" "WordPress/3.3.1; http://yuvi.in/blog"
208.115.113.84 - - [20/Apr/2012:15:20:44 -0700] "GET /blog/we-must-take-india-as-it-is-jules-verne/ HTTP/1.1" 200 19690 "-" "Mozilla/5.0 (compatible; Ezooms/1.0; ezooms.bot@gmail.com)"
85.17.88.169 - - [20/Apr/2012:15:20:48 -0700] "POST /blog/wp-cron.php?doing_wp_cron=1334960043 HTTP/1.0" 499 0 "-" "WordPress/3.3.1; http://yuvi.in/blog"
208.115.113.84 - - [20/Apr/2012:15:20:48 -0700] "GET /blog/tag/plugin.html HTTP/1.1" 200 5395 "-" "Mozilla/5.0 (compatible; Ezooms/1.0; ezooms.bot@gmail.com)"
208.80.194.30 - - [20/Apr/2012:15:20:49 -0700] "GET /blog/infosys-tcs-or-wipro-none/ HTTP/1.0" 200 24492 "-" "Mozilla/4.0 (compatible; MSIE 6.0; Windows NT 5.1; .NET CLR 1.0.3705; MSN 9.0; MSNbQ002; MSNmen-us; MSNcOTH)"
85.17.88.169 - - [20/Apr/2012:15:20:52 -0700] "POST /blog/wp-cron.php?doing_wp_cron=1334960048 HTTP/1.0" 499 0 "-" "WordPress/3.3.1; http://yuvi.in/blog"
208.115.113.84 - - [20/Apr/2012:15:20:53 -0700] "GET /blog/devlog-december-11-2011/feed/ HTTP/1.1" 200 761 "-" "Mozilla/5.0 (compatible; Ezooms/1.0; ezooms.bot@gmail.com)"
100.43.83.144 - - [20/Apr/2012:15:22:14 -0700] "GET /blog/-room-full-of-people-like-me.html HTTP/1.1" 304 0 "-" "Mozilla/5.0 (compatible; YandexBot/3.0; +http://yandex.com/bots)"
85.17.88.169 - - [20/Apr/2012:15:24:15 -0700] "POST /blog/wp-cron.php?doing_wp_cron=1334960250 HTTP/1.0" 499 0 "-" "WordPress/3.3.1; http://yuvi.in/blog"
208.80.194.30 - - [20/Apr/2012:15:24:16 -0700] "GET /blog/category/so-called-it/ HTTP/1.0" 200 36439 "-" "Mozilla/4.0 (compatible; MSIE 7.0; Windows NT 5.1; QS 4.2.0.0; .NET CLR 1.1.4322)"
69.171.229.249 - - [20/Apr/2012:15:24:27 -0700] "GET /r/2rvh HTTP/1.1" 301 257 "-" "facebookexternalhit/1.1 (+http://www.facebook.com/externalhit_uatext.php)"
69.171.229.248 - - [20/Apr/2012:15:24:27 -0700] "GET /s/ta/2rvh/ HTTP/1.1" 302 591 "-" "facebookexternalhit/1.1 (+http://www.facebook.com/externalhit_uatext.php)"
208.80.194.30 - - [20/Apr/2012:15:27:13 -0700] "GET /blog/infosys-tcs-or-wipro-none/ HTTP/1.0" 200 24512 "-" "Mozilla/4.0 (compatible; MSIE 7.0; Windows NT 5.1; FunWebProducts; SIMBAR Enabled; Ringo; SIMBAR={311EDBA8-369D-4d6b-9773-9C71220B22A2}; .NET CLR 1.1.4322; SpamBlockerUtility 4.8.0)"
85.17.88.169 - - [20/Apr/2012:15:27:34 -0700] "POST /blog/wp-cron.php?doing_wp_cron=1334960449 HTTP/1.0" 499 0 "-" "WordPress/3.3.1; http://yuvi.in/blog"
87.11.61.223 - - [20/Apr/2012:15:27:34 -0700] "GET /blog/ HTTP/1.1" 200 33071 "-" "Mozilla/5.0 (compatible; Googlebot/2.1; +http://www.google.com/bot.html)"
85.17.88.169 - - [20/Apr/2012:15:28:31 -0700] "POST /blog/wp-cron.php?doing_wp_cron=1334960506 HTTP/1.0" 499 0 "-" "WordPress/3.3.1; http://yuvi.in/blog"
209.85.238.182 - - [20/Apr/2012:15:28:31 -0700] "GET /blog/feed HTTP/1.1" 301 0 "-" "Feedfetcher-Google; (+http://www.google.com/feedfetcher.html; 3 subscribers; feed-id=17684830852112633560)"
85.17.88.169 - - [20/Apr/2012:15:28:33 -0700] "POST /blog/wp-cron.php?doing_wp_cron=1334960509 HTTP/1.0" 499 0 "-" "WordPress/3.3.1; http://yuvi.in/blog"
209.85.238.182 - - [20/Apr/2012:15:28:33 -0700] "GET /blog/feed/ HTTP/1.1" 304 0 "-" "Feedfetcher-Google; (+http://www.google.com/feedfetcher.html; 3 subscribers; feed-id=17684830852112633560)"
180.76.5.110 - - [20/Apr/2012:15:28:41 -0700] "GET / HTTP/1.1" 200 3439 "-" "Mozilla/5.0 (compatible; Baiduspider/2.0; +http://www.baidu.com/search/spider.html)"
76.182.207.229 - - [20/Apr/2012:15:32:15 -0700] "GET /r/46r HTTP/1.1" 301 255 "http://ta.wikipedia.org/wiki/%E0%AE%AA%E0%AE%95%E0%AF%81%E0%AE%AA%E0%AF%8D%E0%AE%AA%E0%AF%81:%E0%AE%AE%E0%AE%95%E0%AE%BE%E0%AE%AA%E0%AE%BE%E0%AE%B0%E0%AE%A4%E0%AE%AE%E0%AF%8D" "Mozilla/5.0 (iPad; CPU OS 5_1 like Mac OS X) AppleWebKit/534.46 (KHTML, like Gecko) Mobile/9B176"
76.182.207.229 - - [20/Apr/2012:15:32:16 -0700] "GET /s/ta/46r/ HTTP/1.1" 302 459 "http://ta.wikipedia.org/wiki/%E0%AE%AA%E0%AE%95%E0%AF%81%E0%AE%AA%E0%AF%8D%E0%AE%AA%E0%AF%81:%E0%AE%AE%E0%AE%95%E0%AE%BE%E0%AE%AA%E0%AE%BE%E0%AE%B0%E0%AE%A4%E0%AE%AE%E0%AF%8D" "Mozilla/5.0 (iPad; CPU OS 5_1 like Mac OS X) AppleWebKit/534.46 (KHTML, like Gecko) Mobile/9B176"
170.163.27.226 - - [20/Apr/2012:15:36:02 -0700] "GET /AssessmentBar/r/Unassessed_India_articles/ HTTP/1.1" 302 285 "http://en.wikipedia.org/wiki/Archita_Sahu" "Mozilla/5.0 (Windows NT 5.1) AppleWebKit/535.19 (KHTML, like Gecko) Chrome/18.0.1025.162 Safari/535.19"
170.163.27.226 - - [20/Apr/2012:15:36:05 -0700] "GET /favicon.ico HTTP/1.1" 404 199 "-" "Mozilla/5.0 (Windows NT 5.1) AppleWebKit/535.19 (KHTML, like Gecko) Chrome/18.0.1025.162 Safari/535.19"
188.223.12.143 - - [20/Apr/2012:15:38:00 -0700] "GET / HTTP/1.1" 200 1430 "-" "Reeder/1.5.5 CFNetwork/548.1.4 Darwin/11.0.0"
188.223.12.143 - - [20/Apr/2012:15:38:00 -0700] "GET /favicon.ico HTTP/1.1" 404 142 "-" "Reeder/1.5.5 CFNetwork/548.1.4 Darwin/11.0.0"
188.223.12.143 - - [20/Apr/2012:15:38:00 -0700] "GET /apple-touch-icon.png HTTP/1.1" 404 142 "-" "Reeder/1.5.5 CFNetwork/548.1.4 Darwin/11.0.0"
188.223.12.143 - - [20/Apr/2012:15:38:00 -0700] "GET /apple-touch-icon-precomposed.png HTTP/1.1" 404 142 "-" "Reeder/1.5.5 CFNetwork/548.1.4 Darwin/11.0.0"
95.108.240.251 - - [20/Apr/2012:15:38:52 -0700] "GET / HTTP/1.1" 200 1430 "-" "Mozilla/5.0 (compatible; YandexBot/3.0; +http://yandex.com/bots)"
85.17.88.169 - - [20/Apr/2012:15:41:22 -0700] "POST /blog/wp-cron.php?doing_wp_cron=1334961278 HTTP/1.0" 499 0 "-" "WordPress/3.3.1; http://yuvi.in/blog"
209.85.144.95 - - [20/Apr/2012:15:41:23 -0700] "GET /blog/feed HTTP/1.1" 304 0 "-" "FeedBurner/1.0 (http://www.FeedBurner.com)"
65.52.111.237 - - [20/Apr/2012:15:42:59 -0700] "-" 400 0 "-" "-"
65.52.111.237 - - [20/Apr/2012:15:43:01 -0700] "-" 400 0 "-" "-"
65.52.111.237 - - [20/Apr/2012:15:43:01 -0700] "-" 400 0 "-" "-"
65.52.111.237 - - [20/Apr/2012:15:43:01 -0700] "-" 400 0 "-" "-"
65.52.111.237 - - [20/Apr/2012:15:43:01 -0700] "-" 400 0 "-" "-"
65.52.111.237 - - [20/Apr/2012:15:43:01 -0700] "-" 400 0 "-" "-"
65.52.111.237 - - [20/Apr/2012:15:43:01 -0700] "-" 400 0 "-" "-"
65.52.111.237 - - [20/Apr/2012:15:43:01 -0700] "-" 400 0 "-" "-"
85.17.88.169 - - [20/Apr/2012:15:50:49 -0700] "POST /blog/wp-cron.php?doing_wp_cron=1334961844 HTTP/1.0" 499 0 "-" "WordPress/3.3.1; http://yuvi.in/blog"
209.85.238.182 - - [20/Apr/2012:15:50:49 -0700] "GET /blog/feed/ HTTP/1.1" 304 0 "-" "Feedfetcher-Google; (+http://www.google.com/feedfetcher.html; 19 subscribers; feed-id=15064232456473204253)"
85.17.88.169 - - [20/Apr/2012:15:56:23 -0700] "POST /blog/wp-cron.php?doing_wp_cron=1334962178 HTTP/1.0" 499 0 "-" "WordPress/3.3.1; http://yuvi.in/blog"
180.76.5.194 - - [20/Apr/2012:15:56:24 -0700] "GET /blog/tag/book/ HTTP/1.1" 200 4546 "-" "Mozilla/5.0 (compatible; Baiduspider/2.0; +http://www.baidu.com/search/spider.html)"
85.17.88.169 - - [20/Apr/2012:15:58:41 -0700] "POST /blog/wp-cron.php?doing_wp_cron=1334962317 HTTP/1.0" 499 0 "-" "WordPress/3.3.1; http://yuvi.in/blog"
208.115.111.68 - - [20/Apr/2012:15:58:42 -0700] "GET /blog/cheese-gsoc-report-week-4/feed/ HTTP/1.1" 200 773 "-" "Mozilla/5.0 (compatible; Ezooms/1.0; ezooms.bot@gmail.com)"
85.17.88.169 - - [20/Apr/2012:15:58:47 -0700] "POST /blog/wp-cron.php?doing_wp_cron=1334962323 HTTP/1.0" 499 0 "-" "WordPress/3.3.1; http://yuvi.in/blog"
208.115.111.68 - - [20/Apr/2012:15:58:48 -0700] "GET /blog/belated-samsung-galaxy-3-review/feed/ HTTP/1.1" 200 3031 "-" "Mozilla/5.0 (compatible; Ezooms/1.0; ezooms.bot@gmail.com)"
85.17.88.169 - - [20/Apr/2012:15:58:53 -0700] "POST /blog/wp-cron.php?doing_wp_cron=1334962329 HTTP/1.0" 499 0 "-" "WordPress/3.3.1; http://yuvi.in/blog"
208.115.111.68 - - [20/Apr/2012:15:58:54 -0700] "GET /blog/2011/04/ HTTP/1.1" 200 20594 "-" "Mozilla/5.0 (compatible; Ezooms/1.0; ezooms.bot@gmail.com)"
85.17.88.169 - - [20/Apr/2012:15:59:00 -0700] "POST /blog/wp-cron.php?doing_wp_cron=1334962335 HTTP/1.0" 499 0 "-" "WordPress/3.3.1; http://yuvi.in/blog"
208.115.111.68 - - [20/Apr/2012:15:59:00 -0700] "GET /blog/2009/06/ HTTP/1.1" 200 27930 "-" "Mozilla/5.0 (compatible; Ezooms/1.0; ezooms.bot@gmail.com)"
207.46.193.48 - - [20/Apr/2012:16:03:51 -0700] "-" 400 0 "-" "-"
207.46.193.48 - - [20/Apr/2012:16:03:51 -0700] "-" 400 0 "-" "-"
207.46.193.48 - - [20/Apr/2012:16:03:53 -0700] "-" 400 0 "-" "-"
207.46.193.48 - - [20/Apr/2012:16:03:59 -0700] "-" 400 0 "-" "-"
207.46.193.48 - - [20/Apr/2012:16:04:00 -0700] "-" 400 0 "-" "-"
207.46.193.48 - - [20/Apr/2012:16:04:02 -0700] "-" 400 0 "-" "-"
207.46.193.48 - - [20/Apr/2012:16:04:02 -0700] "-" 400 0 "-" "-"
207.46.193.48 - - [20/Apr/2012:16:04:02 -0700] "-" 400 0 "-" "-"
207.46.193.48 - - [20/Apr/2012:16:04:03 -0700] "-" 400 0 "-" "-"
207.46.193.48 - - [20/Apr/2012:16:04:04 -0700] "-" 400 0 "-" "-"
207.46.193.48 - - [20/Apr/2012:16:04:04 -0700] "-" 400 0 "-" "-"
207.46.193.48 - - [20/Apr/2012:16:04:05 -0700] "-" 400 0 "-" "-"
157.55.112.206 - - [20/Apr/2012:16:07:56 -0700] "-" 400 0 "-" "-"
157.55.112.206 - - [20/Apr/2012:16:07:56 -0700] "-" 400 0 "-" "-"
157.55.112.206 - - [20/Apr/2012:16:07:57 -0700] "-" 400 0 "-" "-"
157.55.112.206 - - [20/Apr/2012:16:07:59 -0700] "-" 400 0 "-" "-"
157.55.112.206 - - [20/Apr/2012:16:08:00 -0700] "-" 400 0 "-" "-"
157.55.112.206 - - [20/Apr/2012:16:08:02 -0700] "-" 400 0 "-" "-"
157.55.112.206 - - [20/Apr/2012:16:08:02 -0700] "-" 400 0 "-" "-"
157.55.112.206 - - [20/Apr/2012:16:08:03 -0700] "-" 400 0 "-" "-"
157.55.112.206 - - [20/Apr/2012:16:08:03 -0700] "-" 400 0 "-" "-"
157.55.112.206 - - [20/Apr/2012:16:08:04 -0700] "-" 400 0 "-" "-"
157.55.112.206 - - [20/Apr/2012:16:08:04 -0700] "-" 400 0 "-" "-"
157.55.112.206 - - [20/Apr/2012:16:08:05 -0700] "-" 400 0 "-" "-"
157.55.112.206 - - [20/Apr/2012:16:08:32 -0700] "-" 400 0 "-" "-"
122.174.13.114 - - [20/Apr/2012:16:09:31 -0700] "-" 400 0 "-" "-"
98.180.220.78 - - [20/Apr/2012:16:11:13 -0700] "GET / HTTP/1.1" 200 1430 "-" "Caffeinated/1.1.2 CFNetwork/520.3.2 Darwin/11.3.0 (x86_64) (MacBookPro8%2C1)"
98.180.220.78 - - [20/Apr/2012:16:11:13 -0700] "GET /favicon.ico HTTP/1.1" 404 142 "-" "Caffeinated/1.1.2 CFNetwork/520.3.2 Darwin/11.3.0 (x86_64) (MacBookPro8%2C1)"
85.17.88.169 - - [20/Apr/2012:16:11:33 -0700] "POST /blog/wp-cron.php?doing_wp_cron=1334963088 HTTP/1.0" 499 0 "-" "WordPress/3.3.1; http://yuvi.in/blog"
209.85.224.97 - - [20/Apr/2012:16:11:33 -0700] "GET /blog/feed HTTP/1.1" 304 0 "-" "FeedBurner/1.0 (http://www.FeedBurner.com)"
98.180.220.78 - - [20/Apr/2012:16:12:10 -0700] "GET / HTTP/1.1" 200 1430 "-" "Caffeinated/1.1.2 CFNetwork/520.3.2 Darwin/11.3.0 (x86_64) (MacBookPro8%2C1)"
98.180.220.78 - - [20/Apr/2012:16:12:11 -0700] "GET /favicon.ico HTTP/1.1" 404 142 "-" "Caffeinated/1.1.2 CFNetwork/520.3.2 Darwin/11.3.0 (x86_64) (MacBookPro8%2C1)"
69.171.234.1 - - [20/Apr/2012:16:12:11 -0700] "GET /r/fmf HTTP/1.1" 301 255 "-" "facebookexternalhit/1.1 (+http://www.facebook.com/externalhit_uatext.php)"
69.171.234.5 - - [20/Apr/2012:16:12:11 -0700] "GET /s/ta/fmf/ HTTP/1.1" 302 349 "-" "facebookexternalhit/1.1 (+http://www.facebook.com/externalhit_uatext.php)"
85.17.88.169 - - [20/Apr/2012:16:15:53 -0700] "POST /blog/wp-cron.php?doing_wp_cron=1334963348 HTTP/1.0" 499 0 "-" "WordPress/3.3.1; http://yuvi.in/blog"
100.43.83.144 - - [20/Apr/2012:16:15:53 -0700] "GET /blog/the-fridge-at-interviewstreet-office/ HTTP/1.1" 200 4986 "-" "Mozilla/5.0 (compatible; YandexBot/3.0; +http://yandex.com/bots)"
180.76.5.161 - - [20/Apr/2012:16:20:10 -0700] "GET /r/2r1f HTTP/1.1" 301 257 "-" "Mozilla/5.0 (compatible; Baiduspider/2.0; +http://www.baidu.com/search/spider.html)"
180.76.5.148 - - [20/Apr/2012:16:20:11 -0700] "GET /s/ta/2r1f/ HTTP/1.1" 302 595 "-" "Mozilla/5.0 (compatible; Baiduspider/2.0; +http://www.baidu.com/search/spider.html)"
94.228.34.209 - - [20/Apr/2012:16:21:44 -0700] "GET /blog/serendipity.html HTTP/1.1" 304 0 "-" "magpie-crawler/1.1 (U; Linux amd64; en-GB; +http://www.brandwatch.net)"
85.17.88.169 - - [20/Apr/2012:16:22:07 -0700] "POST /blog/wp-cron.php?doing_wp_cron=1334963723 HTTP/1.0" 499 0 "-" "WordPress/3.3.1; http://yuvi.in/blog"
100.43.83.144 - - [20/Apr/2012:16:22:08 -0700] "GET /blog/hello-world-again/ HTTP/1.1" 200 5651 "-" "Mozilla/5.0 (compatible; YandexBot/3.0; +http://yandex.com/bots)"
85.17.88.169 - - [20/Apr/2012:16:24:20 -0700] "POST /blog/wp-cron.php?doing_wp_cron=1334963855 HTTP/1.0" 499 0 "-" "WordPress/3.3.1; http://yuvi.in/blog"
209.85.238.182 - - [20/Apr/2012:16:24:20 -0700] "GET /blog/feed HTTP/1.1" 301 0 "-" "Feedfetcher-Google; (+http://www.google.com/feedfetcher.html; 3 subscribers; feed-id=17684830852112633560)"
85.17.88.169 - - [20/Apr/2012:16:24:22 -0700] "POST /blog/wp-cron.php?doing_wp_cron=1334963857 HTTP/1.0" 499 0 "-" "WordPress/3.3.1; http://yuvi.in/blog"
209.85.238.182 - - [20/Apr/2012:16:24:23 -0700] "GET /blog/feed/ HTTP/1.1" 304 0 "-" "Feedfetcher-Google; (+http://www.google.com/feedfetcher.html; 3 subscribers; feed-id=17684830852112633560)"
107.22.11.14 - - [20/Apr/2012:16:27:44 -0700] "GET /blog/cheese-gsoc-report-week-5.html HTTP/1.1" 200 2651 "-" "Mozilla/5.0 (Macintosh; U; Intel Mac OS X 10.6; en-US; rv:1.9.2) Gecko/20100115 Firefox/3.6 (FlipboardProxy/1.1; +http://flipboard.com/browserproxy)"
207.46.204.219 - - [20/Apr/2012:16:34:02 -0700] "-" 400 0 "-" "-"
207.46.204.219 - - [20/Apr/2012:16:34:02 -0700] "-" 400 0 "-" "-"
207.46.204.219 - - [20/Apr/2012:16:34:02 -0700] "-" 400 0 "-" "-"
207.46.204.219 - - [20/Apr/2012:16:34:02 -0700] "-" 400 0 "-" "-"
207.46.204.219 - - [20/Apr/2012:16:34:03 -0700] "-" 400 0 "-" "-"
207.46.204.219 - - [20/Apr/2012:16:34:03 -0700] "-" 400 0 "-" "-"
207.46.204.219 - - [20/Apr/2012:16:34:03 -0700] "-" 400 0 "-" "-"
207.46.204.219 - - [20/Apr/2012:16:34:03 -0700] "-" 400 0 "-" "-"
207.46.204.219 - - [20/Apr/2012:16:34:03 -0700] "-" 400 0 "-" "-"
207.46.204.219 - - [20/Apr/2012:16:34:03 -0700] "-" 400 0 "-" "-"
207.46.204.219 - - [20/Apr/2012:16:34:03 -0700] "-" 400 0 "-" "-"
207.46.204.219 - - [20/Apr/2012:16:34:03 -0700] "-" 400 0 "-" "-"
85.17.88.169 - - [20/Apr/2012:16:41:00 -0700] "POST /blog/wp-cron.php?doing_wp_cron=1334964855 HTTP/1.0" 499 0 "-" "WordPress/3.3.1; http://yuvi.in/blog"
209.85.238.182 - - [20/Apr/2012:16:41:00 -0700] "GET /blog/feed/ HTTP/1.1" 304 0 "-" "Feedfetcher-Google; (+http://www.google.com/feedfetcher.html; 19 subscribers; feed-id=15064232456473204253)"
98.180.220.78 - - [20/Apr/2012:16:41:13 -0700] "GET / HTTP/1.1" 200 1430 "-" "Caffeinated/1.1.2 CFNetwork/520.3.2 Darwin/11.3.0 (x86_64) (MacBookPro8%2C1)"
98.180.220.78 - - [20/Apr/2012:16:41:14 -0700] "GET /favicon.ico HTTP/1.1" 404 142 "-" "Caffeinated/1.1.2 CFNetwork/520.3.2 Darwin/11.3.0 (x86_64) (MacBookPro8%2C1)"
123.125.71.20 - - [20/Apr/2012:16:41:26 -0700] "GET / HTTP/1.1" 200 3439 "-" "Mozilla/5.0 (compatible; Baiduspider/2.0; +http://www.baidu.com/search/spider.html)"
85.17.88.169 - - [20/Apr/2012:16:41:37 -0700] "POST /blog/wp-cron.php?doing_wp_cron=1334964892 HTTP/1.0" 499 0 "-" "WordPress/3.3.1; http://yuvi.in/blog"
209.85.224.98 - - [20/Apr/2012:16:41:37 -0700] "GET /blog/feed HTTP/1.1" 304 0 "-" "FeedBurner/1.0 (http://www.FeedBurner.com)"
220.181.108.94 - - [20/Apr/2012:16:42:07 -0700] "GET / HTTP/1.1" 200 3439 "-" "Mozilla/5.0 (compatible; Baiduspider/2.0; +http://www.baidu.com/search/spider.html)"
85.17.88.169 - - [20/Apr/2012:16:42:11 -0700] "POST /blog/wp-cron.php?doing_wp_cron=1334964925 HTTP/1.0" 499 0 "-" "WordPress/3.3.1; http://yuvi.in/blog"
98.180.220.78 - - [20/Apr/2012:16:42:11 -0700] "GET / HTTP/1.1" 200 1430 "-" "Caffeinated/1.1.2 CFNetwork/520.3.2 Darwin/11.3.0 (x86_64) (MacBookPro8%2C1)"
98.180.220.78 - - [20/Apr/2012:16:42:11 -0700] "GET /favicon.ico HTTP/1.1" 404 142 "-" "Caffeinated/1.1.2 CFNetwork/520.3.2 Darwin/11.3.0 (x86_64) (MacBookPro8%2C1)"
66.249.73.219 - - [20/Apr/2012:16:42:12 -0700] "GET /blog/broke-nonexistent-law/ HTTP/1.1" 200 9587 "-" "Mozilla/5.0 (iPhone; U; CPU iPhone OS 4_1 like Mac OS X; en-us) AppleWebKit/532.9 (KHTML, like Gecko) Version/4.0.5 Mobile/8B117 Safari/6531.22.7 (compatible; Googlebot-Mobile/2.1; +http://www.google.com/bot.html)"
209.85.224.85 - - [20/Apr/2012:16:42:28 -0700] "GET /stories/feed HTTP/1.1" 200 13653 "-" "FeedBurner/1.0 (http://www.FeedBurner.com)"
69.171.228.247 - - [20/Apr/2012:16:48:13 -0700] "GET /r/252 HTTP/1.1" 301 255 "-" "facebookexternalhit/1.1 (+http://www.facebook.com/externalhit_uatext.php)"
69.171.228.250 - - [20/Apr/2012:16:48:13 -0700] "GET /s/ta/252/ HTTP/1.1" 302 461 "-" "facebookexternalhit/1.1 (+http://www.facebook.com/externalhit_uatext.php)"
85.17.88.169 - - [20/Apr/2012:16:51:25 -0700] "POST /blog/wp-cron.php?doing_wp_cron=1334965480 HTTP/1.0" 499 0 "-" "WordPress/3.3.1; http://yuvi.in/blog"
183.178.85.181 - - [20/Apr/2012:16:51:26 -0700] "GET /blog/moving-back-to-wordpress/ HTTP/1.1" 200 17638 "-" "Mozilla/4.0 (compatible; MSIE 5.5; Windows NT)"
101.63.214.49 - - [20/Apr/2012:16:56:21 -0700] "-" 400 0 "-" "-"
208.115.113.84 - - [20/Apr/2012:16:56:42 -0700] "GET /robots.txt HTTP/1.1" 404 169 "-" "Mozilla/5.0 (compatible; Ezooms/1.0; ezooms.bot@gmail.com)"
101.63.214.49 - - [20/Apr/2012:16:56:46 -0700] "-" 400 0 "-" "-"
85.17.88.169 - - [20/Apr/2012:16:58:47 -0700] "POST /blog/wp-cron.php?doing_wp_cron=1334965922 HTTP/1.0" 499 0 "-" "WordPress/3.3.1; http://yuvi.in/blog"
101.226.33.189 - - [20/Apr/2012:16:58:48 -0700] "GET /blog/feed HTTP/1.0" 304 0 "-" "Mozilla/4.0 (compatible; Windows;)"
101.63.214.49 - - [20/Apr/2012:16:59:52 -0700] "-" 400 0 "-" "-"
66.220.147.249 - - [20/Apr/2012:17:00:11 -0700] "GET /r/b0k HTTP/1.1" 301 255 "-" "facebookexternalhit/1.1 (+http://www.facebook.com/externalhit_uatext.php)"
66.220.147.245 - - [20/Apr/2012:17:00:11 -0700] "GET /s/ta/b0k/ HTTP/1.1" 302 409 "-" "facebookexternalhit/1.1 (+http://www.facebook.com/externalhit_uatext.php)"
101.63.214.49 - - [20/Apr/2012:17:01:00 -0700] "-" 400 0 "-" "-"
101.63.214.49 - - [20/Apr/2012:17:01:00 -0700] "-" 400 0 "-" "-"
101.63.214.49 - - [20/Apr/2012:17:01:00 -0700] "-" 400 0 "-" "-"
98.180.220.78 - - [20/Apr/2012:17:01:11 -0700] "GET / HTTP/1.1" 200 1430 "-" "Caffeinated/1.1.2 CFNetwork/520.3.2 Darwin/11.3.0 (x86_64) (MacBookPro8%2C1)"
98.180.220.78 - - [20/Apr/2012:17:01:11 -0700] "GET /favicon.ico HTTP/1.1" 404 142 "-" "Caffeinated/1.1.2 CFNetwork/520.3.2 Darwin/11.3.0 (x86_64) (MacBookPro8%2C1)"
98.180.220.78 - - [20/Apr/2012:17:02:12 -0700] "GET / HTTP/1.1" 200 1430 "-" "Caffeinated/1.1.2 CFNetwork/520.3.2 Darwin/11.3.0 (x86_64) (MacBookPro8%2C1)"
98.180.220.78 - - [20/Apr/2012:17:02:12 -0700] "GET /favicon.ico HTTP/1.1" 404 142 "-" "Caffeinated/1.1.2 CFNetwork/520.3.2 Darwin/11.3.0 (x86_64) (MacBookPro8%2C1)"
180.76.5.107 - - [20/Apr/2012:17:05:31 -0700] "GET /blog/progress-on-hislain-1.html HTTP/1.1" 200 2208 "-" "Mozilla/5.0 (compatible; Baiduspider/2.0; +http://www.baidu.com/search/spider.html)"
141.0.10.198 - - [20/Apr/2012:17:06:34 -0700] "-" 400 0 "-" "-"
85.17.88.169 - - [20/Apr/2012:17:06:55 -0700] "POST /blog/wp-cron.php?doing_wp_cron=1334966410 HTTP/1.0" 499 0 "-" "WordPress/3.3.1; http://yuvi.in/blog"
100.43.83.144 - - [20/Apr/2012:17:06:56 -0700] "GET /blog/category/code/page/2/ HTTP/1.1" 200 15527 "-" "Mozilla/5.0 (compatible; YandexBot/3.0; +http://yandex.com/bots)"
85.17.88.169 - - [20/Apr/2012:17:08:35 -0700] "POST /blog/wp-cron.php?doing_wp_cron=1334966510 HTTP/1.0" 499 0 "-" "WordPress/3.3.1; http://yuvi.in/blog"
69.171.234.2 - - [20/Apr/2012:17:08:35 -0700] "GET /blog/story-average-indian-techie/ HTTP/1.1" 200 14155 "-" "facebookexternalhit/1.1 (+http://www.facebook.com/externalhit_uatext.php)"
66.220.149.249 - - [20/Apr/2012:17:08:38 -0700] "GET /r/7bu HTTP/1.1" 301 255 "-" "facebookexternalhit/1.1 (+http://www.facebook.com/externalhit_uatext.php)"
66.220.149.244 - - [20/Apr/2012:17:08:38 -0700] "GET /s/ta/7bu/ HTTP/1.1" 302 337 "-" "facebookexternalhit/1.1 (+http://www.facebook.com/externalhit_uatext.php)"
85.17.88.169 - - [20/Apr/2012:17:10:59 -0700] "POST /blog/wp-cron.php?doing_wp_cron=1334966654 HTTP/1.0" 499 0 "-" "WordPress/3.3.1; http://yuvi.in/blog"
100.43.83.144 - - [20/Apr/2012:17:11:00 -0700] "GET /blog/why-i-got-rid-of-my-fork-of-waffle/ HTTP/1.1" 200 4681 "-" "Mozilla/5.0 (compatible; YandexBot/3.0; +http://yandex.com/bots)"
