98.172.15.254 - - [28/Mar/2012:11:36:57 -0700] "GET / HTTP/1.1" 304 0 "-" "Caffeinated/1.1.1 CFNetwork/520.3.2 Darwin/11.3.0 (x86_64) (MacBookPro8%2C1)"
98.172.15.254 - - [28/Mar/2012:11:36:57 -0700] "GET /favicon.ico HTTP/1.1" 404 169 "-" "Caffeinated/1.1.1 CFNetwork/520.3.2 Darwin/11.3.0 (x86_64) (MacBookPro8%2C1)"
98.172.15.254 - - [28/Mar/2012:11:37:35 -0700] "GET /favicon.ico HTTP/1.1" 404 169 "-" "Caffeinated/1.1.1 CFNetwork/520.3.2 Darwin/11.3.0 (x86_64) (MacBookPro8%2C1)"
98.172.15.254 - - [28/Mar/2012:11:38:23 -0700] "GET /favicon.ico HTTP/1.1" 404 169 "-" "Caffeinated/1.1.1 CFNetwork/520.3.2 Darwin/11.3.0 (x86_64) (MacBookPro8%2C1)"
98.172.15.254 - - [28/Mar/2012:11:38:58 -0700] "GET /favicon.ico HTTP/1.1" 404 169 "-" "Caffeinated/1.1.1 CFNetwork/520.3.2 Darwin/11.3.0 (x86_64) (MacBookPro8%2C1)"
98.172.15.254 - - [28/Mar/2012:11:39:59 -0700] "GET /favicon.ico HTTP/1.1" 404 169 "-" "Caffeinated/1.1.1 CFNetwork/520.3.2 Darwin/11.3.0 (x86_64) (MacBookPro8%2C1)"
98.172.15.254 - - [28/Mar/2012:11:40:24 -0700] "GET /favicon.ico HTTP/1.1" 404 169 "-" "Caffeinated/1.1.1 CFNetwork/520.3.2 Darwin/11.3.0 (x86_64) (MacBookPro8%2C1)"
86.71.213.243 - - [28/Mar/2012:11:40:30 -0700] "GET /r/1gtu HTTP/1.1" 301 257 "http://ta.wikipedia.org/wiki/%E0%AE%AA%E0%AE%BF%E0%AE%A3%E0%AF%88%E0%AE%AF_%E0%AE%A8%E0%AE%BF%E0%AE%B2%E0%AF%88%E0%AE%AE%E0%AE%BE%E0%AE%B1%E0%AF%8D%E0%AE%B1%E0%AE%BF" "Mozilla/5.0 (Windows NT 6.1; WOW64) AppleWebKit/535.11 (KHTML, like Gecko) Chrome/17.0.963.83 Safari/535.11"
86.71.213.243 - - [28/Mar/2012:11:40:31 -0700] "GET /s/ta/1gtu/ HTTP/1.1" 302 449 "http://ta.wikipedia.org/wiki/%E0%AE%AA%E0%AE%BF%E0%AE%A3%E0%AF%88%E0%AE%AF_%E0%AE%A8%E0%AE%BF%E0%AE%B2%E0%AF%88%E0%AE%AE%E0%AE%BE%E0%AE%B1%E0%AF%8D%E0%AE%B1%E0%AE%BF" "Mozilla/5.0 (Windows NT 6.1; WOW64) AppleWebKit/535.11 (KHTML, like Gecko) Chrome/17.0.963.83 Safari/535.11"
98.172.15.254 - - [28/Mar/2012:11:41:22 -0700] "GET /favicon.ico HTTP/1.1" 404 169 "-" "Caffeinated/1.1.1 CFNetwork/520.3.2 Darwin/11.3.0 (x86_64) (MacBookPro8%2C1)"
98.172.15.254 - - [28/Mar/2012:11:41:51 -0700] "GET /favicon.ico HTTP/1.1" 404 169 "-" "Caffeinated/1.1.1 CFNetwork/520.3.2 Darwin/11.3.0 (x86_64) (MacBookPro8%2C1)"
98.172.15.254 - - [28/Mar/2012:11:42:49 -0700] "GET / HTTP/1.1" 304 0 "-" "Caffeinated/1.1.1 CFNetwork/520.3.2 Darwin/11.3.0 (x86_64) (MacBookPro8%2C1)"
98.172.15.254 - - [28/Mar/2012:11:42:49 -0700] "GET /favicon.ico HTTP/1.1" 404 169 "-" "Caffeinated/1.1.1 CFNetwork/520.3.2 Darwin/11.3.0 (x86_64) (MacBookPro8%2C1)"
85.17.88.169 - - [28/Mar/2012:11:43:14 -0700] "POST /blog/wp-cron.php?doing_wp_cron=1332959974 HTTP/1.0" 499 0 "-" "WordPress/3.3.1; http://yuvi.in/blog"
85.17.88.169 - - [28/Mar/2012:11:43:14 -0700] "POST /blog/wp-cron.php?doing_wp_cron=1332959974 HTTP/1.0" 499 0 "-" "WordPress/3.3.1; http://yuvi.in/blog"
69.171.228.248 - - [28/Mar/2012:11:43:14 -0700] "GET /blog/3-reasons-people-join-it-companies/ HTTP/1.1" 200 5065 "-" "facebookexternalhit/1.1 (+http://www.facebook.com/externalhit_uatext.php)"
62.61.182.232 - - [28/Mar/2012:11:43:14 -0700] "GET /blog/story-average-indian-techie/ HTTP/1.1" 200 14155 "http://www.google.co.in/url?sa=t&rct=j&q=&esrc=s&frm=1&source=web&cd=16&ved=0CFgQFjAFOAo&url=http%3A%2F%2Fyuvi.in%2Fblog%2Fstory-average-indian-techie%2F&ei=qlpzT7mGEKytiQeRrfnjDw&usg=AFQjCNGYyWfAaF3g9QY5OV1FVEpScLlqlg" "Mozilla/4.0 (compatible; MSIE 8.0; Windows NT 6.1; Trident/4.0; SLCC2; .NET CLR 2.0.50727; .NET CLR 3.5.30729; .NET CLR 3.0.30729; Tablet PC 2.0; HPNTDF; InfoPath.2; AskTbORJ/5.12.3.17451)"
85.17.88.169 - - [28/Mar/2012:11:43:15 -0700] "POST /blog/wp-cron.php?doing_wp_cron=1332959975 HTTP/1.0" 499 0 "-" "WordPress/3.3.1; http://yuvi.in/blog"
209.85.224.90 - - [28/Mar/2012:11:43:15 -0700] "GET /blog/feed HTTP/1.1" 304 0 "-" "FeedBurner/1.0 (http://www.FeedBurner.com)"
62.61.182.232 - - [28/Mar/2012:11:43:16 -0700] "GET /blog/wp-content/themes/cleanr/style.css HTTP/1.1" 200 10508 "http://yuvi.in/blog/story-average-indian-techie/" "Mozilla/4.0 (compatible; MSIE 8.0; Windows NT 6.1; Trident/4.0; SLCC2; .NET CLR 2.0.50727; .NET CLR 3.5.30729; .NET CLR 3.0.30729; Tablet PC 2.0; HPNTDF; InfoPath.2; AskTbORJ/5.12.3.17451)"
98.172.15.254 - - [28/Mar/2012:11:43:16 -0700] "GET /favicon.ico HTTP/1.1" 404 169 "-" "Caffeinated/1.1.1 CFNetwork/520.3.2 Darwin/11.3.0 (x86_64) (MacBookPro8%2C1)"
62.61.182.232 - - [28/Mar/2012:11:43:19 -0700] "GET /blog/wp-content/themes/cleanr/css/reset.css HTTP/1.1" 200 648 "http://yuvi.in/blog/story-average-indian-techie/" "Mozilla/4.0 (compatible; MSIE 8.0; Windows NT 6.1; Trident/4.0; SLCC2; .NET CLR 2.0.50727; .NET CLR 3.5.30729; .NET CLR 3.0.30729; Tablet PC 2.0; HPNTDF; InfoPath.2; AskTbORJ/5.12.3.17451)"
62.61.182.232 - - [28/Mar/2012:11:43:19 -0700] "GET /blog/wp-content/themes/cleanr/css/text.css HTTP/1.1" 200 420 "http://yuvi.in/blog/story-average-indian-techie/" "Mozilla/4.0 (compatible; MSIE 8.0; Windows NT 6.1; Trident/4.0; SLCC2; .NET CLR 2.0.50727; .NET CLR 3.5.30729; .NET CLR 3.0.30729; Tablet PC 2.0; HPNTDF; InfoPath.2; AskTbORJ/5.12.3.17451)"
62.61.182.232 - - [28/Mar/2012:11:43:19 -0700] "GET /blog/wp-content/themes/cleanr/css/960.css HTTP/1.1" 200 3628 "http://yuvi.in/blog/story-average-indian-techie/" "Mozilla/4.0 (compatible; MSIE 8.0; Windows NT 6.1; Trident/4.0; SLCC2; .NET CLR 2.0.50727; .NET CLR 3.5.30729; .NET CLR 3.0.30729; Tablet PC 2.0; HPNTDF; InfoPath.2; AskTbORJ/5.12.3.17451)"
62.61.182.232 - - [28/Mar/2012:11:43:20 -0700] "GET /blog/wp-content/themes/cleanr/css/ie.css HTTP/1.1" 200 390 "http://yuvi.in/blog/story-average-indian-techie/" "Mozilla/4.0 (compatible; MSIE 8.0; Windows NT 6.1; Trident/4.0; SLCC2; .NET CLR 2.0.50727; .NET CLR 3.5.30729; .NET CLR 3.0.30729; Tablet PC 2.0; HPNTDF; InfoPath.2; AskTbORJ/5.12.3.17451)"
62.61.182.232 - - [28/Mar/2012:11:43:21 -0700] "GET /blog/wp-content/themes/cleanr/js/jquery.dropdown.js?ver=3.3.1 HTTP/1.1" 200 535 "http://yuvi.in/blog/story-average-indian-techie/" "Mozilla/4.0 (compatible; MSIE 8.0; Windows NT 6.1; Trident/4.0; SLCC2; .NET CLR 2.0.50727; .NET CLR 3.5.30729; .NET CLR 3.0.30729; Tablet PC 2.0; HPNTDF; InfoPath.2; AskTbORJ/5.12.3.17451)"
62.61.182.232 - - [28/Mar/2012:11:43:32 -0700] "GET /blog/wp-includes/js/jquery/jquery.js?ver=1.7.1 HTTP/1.1" 200 93889 "http://yuvi.in/blog/story-average-indian-techie/" "Mozilla/4.0 (compatible; MSIE 8.0; Windows NT 6.1; Trident/4.0; SLCC2; .NET CLR 2.0.50727; .NET CLR 3.5.30729; .NET CLR 3.0.30729; Tablet PC 2.0; HPNTDF; InfoPath.2; AskTbORJ/5.12.3.17451)"
62.61.182.232 - - [28/Mar/2012:11:43:34 -0700] "GET /blog/wp-content/themes/cleanr/images/search_magnifier.gif HTTP/1.1" 200 394 "http://yuvi.in/blog/story-average-indian-techie/" "Mozilla/4.0 (compatible; MSIE 8.0; Windows NT 6.1; Trident/4.0; SLCC2; .NET CLR 2.0.50727; .NET CLR 3.5.30729; .NET CLR 3.0.30729; Tablet PC 2.0; HPNTDF; InfoPath.2; AskTbORJ/5.12.3.17451)"
62.61.182.232 - - [28/Mar/2012:11:43:35 -0700] "GET /favicon.ico HTTP/1.1" 404 199 "-" "Mozilla/4.0 (compatible; MSIE 8.0; Windows NT 6.1; Trident/4.0; SLCC2; .NET CLR 2.0.50727; .NET CLR 3.5.30729; .NET CLR 3.0.30729; Tablet PC 2.0; HPNTDF; InfoPath.2; AskTbORJ/5.12.3.17451)"
85.17.88.169 - - [28/Mar/2012:11:43:52 -0700] "POST /blog/wp-cron.php?doing_wp_cron=1332960013 HTTP/1.0" 499 0 "-" "WordPress/3.3.1; http://yuvi.in/blog"
62.61.182.232 - - [28/Mar/2012:11:43:52 -0700] "GET /blog/story-average-indian-techie/?cf_action=sync_comments&post_id=220 HTTP/1.1" 200 48 "http://yuvi.in/blog/story-average-indian-techie/" "Mozilla/4.0 (compatible; MSIE 8.0; Windows NT 6.1; Trident/4.0; SLCC2; .NET CLR 2.0.50727; .NET CLR 3.5.30729; .NET CLR 3.0.30729; Tablet PC 2.0; HPNTDF; InfoPath.2; AskTbORJ/5.12.3.17451)"
115.248.50.23 - - [28/Mar/2012:11:44:00 -0700] "-" 400 0 "-" "-"
98.172.15.254 - - [28/Mar/2012:11:44:17 -0700] "GET /favicon.ico HTTP/1.1" 404 169 "-" "Caffeinated/1.1.1 CFNetwork/520.3.2 Darwin/11.3.0 (x86_64) (MacBookPro8%2C1)"
67.215.230.28 - - [28/Mar/2012:11:45:14 -0700] "GET /robots.txt HTTP/1.0" 404 169 "-" "Setooz/Nutch-1.2 (http://www.setooz.com)"
67.215.230.28 - - [28/Mar/2012:11:45:14 -0700] "GET /stories HTTP/1.0" 301 185 "-" "Setooz/Nutch-1.2 (http://www.setooz.com)"
67.215.230.28 - - [28/Mar/2012:11:45:15 -0700] "GET /robots.txt HTTP/1.0" 404 169 "-" "Setooz/Nutch-1.2 (http://www.setooz.com)"
67.215.230.28 - - [28/Mar/2012:11:45:15 -0700] "GET / HTTP/1.0" 200 3439 "-" "Setooz/Nutch-1.2 (http://www.setooz.com)"
98.172.15.254 - - [28/Mar/2012:11:45:25 -0700] "GET /favicon.ico HTTP/1.1" 404 169 "-" "Caffeinated/1.1.1 CFNetwork/520.3.2 Darwin/11.3.0 (x86_64) (MacBookPro8%2C1)"
98.172.15.254 - - [28/Mar/2012:11:46:04 -0700] "GET /favicon.ico HTTP/1.1" 404 169 "-" "Caffeinated/1.1.1 CFNetwork/520.3.2 Darwin/11.3.0 (x86_64) (MacBookPro8%2C1)"
115.248.50.23 - - [28/Mar/2012:11:46:15 -0700] "-" 400 0 "-" "-"
115.248.50.23 - - [28/Mar/2012:11:46:15 -0700] "-" 400 0 "-" "-"
115.248.50.23 - - [28/Mar/2012:11:46:15 -0700] "-" 400 0 "-" "-"
115.248.50.23 - - [28/Mar/2012:11:46:15 -0700] "-" 400 0 "-" "-"
115.248.50.23 - - [28/Mar/2012:11:46:15 -0700] "-" 400 0 "-" "-"
115.248.50.23 - - [28/Mar/2012:11:46:15 -0700] "-" 400 0 "-" "-"
180.76.5.136 - - [28/Mar/2012:11:46:26 -0700] "GET / HTTP/1.1" 200 3439 "-" "Mozilla/5.0 (compatible; Baiduspider/2.0; +http://www.baidu.com/search/spider.html)"
98.172.15.254 - - [28/Mar/2012:11:46:54 -0700] "GET /favicon.ico HTTP/1.1" 404 169 "-" "Caffeinated/1.1.1 CFNetwork/520.3.2 Darwin/11.3.0 (x86_64) (MacBookPro8%2C1)"
85.17.88.169 - - [28/Mar/2012:11:46:58 -0700] "POST /blog/wp-cron.php?doing_wp_cron=1332960199 HTTP/1.0" 499 0 "-" "WordPress/3.3.1; http://yuvi.in/blog"
66.249.67.123 - - [28/Mar/2012:11:47:00 -0700] "GET /blog/page/10/ HTTP/1.1" 200 7103 "-" "Mozilla/5.0 (compatible; Googlebot/2.1; +http://www.google.com/bot.html)"
98.172.15.254 - - [28/Mar/2012:11:47:33 -0700] "GET /favicon.ico HTTP/1.1" 404 169 "-" "Caffeinated/1.1.1 CFNetwork/520.3.2 Darwin/11.3.0 (x86_64) (MacBookPro8%2C1)"
98.172.15.254 - - [28/Mar/2012:11:48:21 -0700] "GET / HTTP/1.1" 304 0 "-" "Caffeinated/1.1.1 CFNetwork/520.3.2 Darwin/11.3.0 (x86_64) (MacBookPro8%2C1)"
98.172.15.254 - - [28/Mar/2012:11:48:21 -0700] "GET /favicon.ico HTTP/1.1" 404 169 "-" "Caffeinated/1.1.1 CFNetwork/520.3.2 Darwin/11.3.0 (x86_64) (MacBookPro8%2C1)"
98.172.15.254 - - [28/Mar/2012:11:49:02 -0700] "GET /favicon.ico HTTP/1.1" 404 169 "-" "Caffeinated/1.1.1 CFNetwork/520.3.2 Darwin/11.3.0 (x86_64) (MacBookPro8%2C1)"
98.172.15.254 - - [28/Mar/2012:11:49:45 -0700] "GET /favicon.ico HTTP/1.1" 404 169 "-" "Caffeinated/1.1.1 CFNetwork/520.3.2 Darwin/11.3.0 (x86_64) (MacBookPro8%2C1)"
98.172.15.254 - - [28/Mar/2012:11:50:30 -0700] "GET /favicon.ico HTTP/1.1" 404 169 "-" "Caffeinated/1.1.1 CFNetwork/520.3.2 Darwin/11.3.0 (x86_64) (MacBookPro8%2C1)"
98.172.15.254 - - [28/Mar/2012:11:51:11 -0700] "GET /favicon.ico HTTP/1.1" 404 169 "-" "Caffeinated/1.1.1 CFNetwork/520.3.2 Darwin/11.3.0 (x86_64) (MacBookPro8%2C1)"
117.193.60.160 - - [28/Mar/2012:11:51:31 -0700] "-" 400 0 "-" "-"
117.193.60.160 - - [28/Mar/2012:11:51:31 -0700] "-" 400 0 "-" "-"
117.193.60.160 - - [28/Mar/2012:11:51:31 -0700] "-" 400 0 "-" "-"
117.193.60.160 - - [28/Mar/2012:11:51:31 -0700] "-" 400 0 "-" "-"
117.193.60.160 - - [28/Mar/2012:11:51:31 -0700] "-" 400 0 "-" "-"
117.193.60.160 - - [28/Mar/2012:11:51:31 -0700] "-" 400 0 "-" "-"
122.168.144.171 - - [28/Mar/2012:11:51:33 -0700] "-" 400 0 "-" "-"
122.168.144.171 - - [28/Mar/2012:11:51:33 -0700] "-" 400 0 "-" "-"
98.172.15.254 - - [28/Mar/2012:11:51:58 -0700] "GET /favicon.ico HTTP/1.1" 404 169 "-" "Caffeinated/1.1.1 CFNetwork/520.3.2 Darwin/11.3.0 (x86_64) (MacBookPro8%2C1)"
98.172.15.254 - - [28/Mar/2012:11:52:35 -0700] "GET /favicon.ico HTTP/1.1" 404 169 "-" "Caffeinated/1.1.1 CFNetwork/520.3.2 Darwin/11.3.0 (x86_64) (MacBookPro8%2C1)"
98.172.15.254 - - [28/Mar/2012:11:53:22 -0700] "GET / HTTP/1.1" 304 0 "-" "Caffeinated/1.1.1 CFNetwork/520.3.2 Darwin/11.3.0 (x86_64) (MacBookPro8%2C1)"
98.172.15.254 - - [28/Mar/2012:11:53:22 -0700] "GET /favicon.ico HTTP/1.1" 404 169 "-" "Caffeinated/1.1.1 CFNetwork/520.3.2 Darwin/11.3.0 (x86_64) (MacBookPro8%2C1)"
98.172.15.254 - - [28/Mar/2012:11:54:03 -0700] "GET /favicon.ico HTTP/1.1" 404 169 "-" "Caffeinated/1.1.1 CFNetwork/520.3.2 Darwin/11.3.0 (x86_64) (MacBookPro8%2C1)"
122.168.144.171 - - [28/Mar/2012:11:54:53 -0700] "-" 400 0 "-" "-"
122.168.144.171 - - [28/Mar/2012:11:54:53 -0700] "-" 400 0 "-" "-"
122.168.144.171 - - [28/Mar/2012:11:54:53 -0700] "-" 400 0 "-" "-"
122.168.144.171 - - [28/Mar/2012:11:54:53 -0700] "-" 400 0 "-" "-"
122.168.144.171 - - [28/Mar/2012:11:54:53 -0700] "-" 400 0 "-" "-"
98.172.15.254 - - [28/Mar/2012:11:54:54 -0700] "GET /favicon.ico HTTP/1.1" 404 169 "-" "Caffeinated/1.1.1 CFNetwork/520.3.2 Darwin/11.3.0 (x86_64) (MacBookPro8%2C1)"
122.168.144.171 - - [28/Mar/2012:11:55:33 -0700] "-" 400 0 "-" "-"
122.168.144.171 - - [28/Mar/2012:11:55:33 -0700] "-" 400 0 "-" "-"
122.168.144.171 - - [28/Mar/2012:11:55:33 -0700] "-" 400 0 "-" "-"
122.168.144.171 - - [28/Mar/2012:11:55:33 -0700] "-" 400 0 "-" "-"
122.168.144.171 - - [28/Mar/2012:11:55:33 -0700] "-" 400 0 "-" "-"
207.46.12.76 - - [28/Mar/2012:11:55:38 -0700] "-" 400 0 "-" "-"
207.46.12.76 - - [28/Mar/2012:11:55:38 -0700] "-" 400 0 "-" "-"
207.46.12.76 - - [28/Mar/2012:11:55:38 -0700] "-" 400 0 "-" "-"
207.46.12.76 - - [28/Mar/2012:11:55:38 -0700] "-" 400 0 "-" "-"
207.46.12.76 - - [28/Mar/2012:11:55:40 -0700] "-" 400 0 "-" "-"
207.46.12.76 - - [28/Mar/2012:11:55:40 -0700] "-" 400 0 "-" "-"
207.46.12.76 - - [28/Mar/2012:11:55:40 -0700] "-" 400 0 "-" "-"
207.46.12.76 - - [28/Mar/2012:11:55:40 -0700] "-" 400 0 "-" "-"
98.172.15.254 - - [28/Mar/2012:11:55:40 -0700] "GET /favicon.ico HTTP/1.1" 404 169 "-" "Caffeinated/1.1.1 CFNetwork/520.3.2 Darwin/11.3.0 (x86_64) (MacBookPro8%2C1)"
207.46.12.76 - - [28/Mar/2012:11:56:38 -0700] "-" 400 0 "-" "-"
98.172.15.254 - - [28/Mar/2012:11:56:39 -0700] "GET /favicon.ico HTTP/1.1" 404 169 "-" "Caffeinated/1.1.1 CFNetwork/520.3.2 Darwin/11.3.0 (x86_64) (MacBookPro8%2C1)"
98.172.15.254 - - [28/Mar/2012:11:57:14 -0700] "GET /favicon.ico HTTP/1.1" 404 169 "-" "Caffeinated/1.1.1 CFNetwork/520.3.2 Darwin/11.3.0 (x86_64) (MacBookPro8%2C1)"
98.172.15.254 - - [28/Mar/2012:11:58:09 -0700] "GET /favicon.ico HTTP/1.1" 404 169 "-" "Caffeinated/1.1.1 CFNetwork/520.3.2 Darwin/11.3.0 (x86_64) (MacBookPro8%2C1)"
98.172.15.254 - - [28/Mar/2012:11:58:45 -0700] "GET / HTTP/1.1" 304 0 "-" "Caffeinated/1.1.1 CFNetwork/520.3.2 Darwin/11.3.0 (x86_64) (MacBookPro8%2C1)"
98.172.15.254 - - [28/Mar/2012:11:58:46 -0700] "GET /favicon.ico HTTP/1.1" 404 169 "-" "Caffeinated/1.1.1 CFNetwork/520.3.2 Darwin/11.3.0 (x86_64) (MacBookPro8%2C1)"
193.164.138.82 - - [28/Mar/2012:11:59:15 -0700] "GET /blog/-we-must-take-india-as-it-is-jules-verne.html HTTP/1.1" 200 8558 "-" "Zemanta Aggregator/0.7 +http://www.zemanta.com"
78.52.150.49 - - [28/Mar/2012:11:59:37 -0700] "GET /r/nce HTTP/1.1" 301 255 "http://ta.wikipedia.org/wiki/%E0%AE%A8%E0%AE%BE%E0%AE%9A%E0%AE%BF%E0%AE%9A%E0%AE%AE%E0%AF%8D" "Mozilla/5.0 (Windows NT 6.0) AppleWebKit/535.19 (KHTML, like Gecko) Chrome/18.0.1025.142 Safari/535.19"
78.52.150.49 - - [28/Mar/2012:11:59:38 -0700] "GET /s/ta/nce/ HTTP/1.1" 302 349 "http://ta.wikipedia.org/wiki/%E0%AE%A8%E0%AE%BE%E0%AE%9A%E0%AE%BF%E0%AE%9A%E0%AE%AE%E0%AF%8D" "Mozilla/5.0 (Windows NT 6.0) AppleWebKit/535.19 (KHTML, like Gecko) Chrome/18.0.1025.142 Safari/535.19"
98.172.15.254 - - [28/Mar/2012:11:59:45 -0700] "GET /favicon.ico HTTP/1.1" 404 169 "-" "Caffeinated/1.1.1 CFNetwork/520.3.2 Darwin/11.3.0 (x86_64) (MacBookPro8%2C1)"
78.52.150.49 - - [28/Mar/2012:11:59:56 -0700] "-" 400 0 "-" "-"
98.172.15.254 - - [28/Mar/2012:12:00:20 -0700] "GET /favicon.ico HTTP/1.1" 404 169 "-" "Caffeinated/1.1.1 CFNetwork/520.3.2 Darwin/11.3.0 (x86_64) (MacBookPro8%2C1)"
188.54.214.247 - - [28/Mar/2012:12:00:30 -0700] "GET /r/oex HTTP/1.1" 301 255 "http://ta.wikipedia.org/wiki/%E0%AE%AA%E0%AE%BF%E0%AE%A9%E0%AF%8D%E0%AE%A8%E0%AE%B5%E0%AF%80%E0%AE%A9%E0%AE%A4%E0%AF%8D%E0%AE%A4%E0%AF%81%E0%AE%B5%E0%AE%AE%E0%AF%8D" "Mozilla/5.0 (Windows NT 5.1) AppleWebKit/535.11 (KHTML, like Gecko) Chrome/17.0.963.83 Safari/535.11"
188.54.214.247 - - [28/Mar/2012:12:00:30 -0700] "GET /s/ta/oex/ HTTP/1.1" 302 445 "http://ta.wikipedia.org/wiki/%E0%AE%AA%E0%AE%BF%E0%AE%A9%E0%AF%8D%E0%AE%A8%E0%AE%B5%E0%AF%80%E0%AE%A9%E0%AE%A4%E0%AF%8D%E0%AE%A4%E0%AF%81%E0%AE%B5%E0%AE%AE%E0%AF%8D" "Mozilla/5.0 (Windows NT 5.1) AppleWebKit/535.11 (KHTML, like Gecko) Chrome/17.0.963.83 Safari/535.11"
98.172.15.254 - - [28/Mar/2012:12:01:13 -0700] "GET /favicon.ico HTTP/1.1" 404 169 "-" "Caffeinated/1.1.1 CFNetwork/520.3.2 Darwin/11.3.0 (x86_64) (MacBookPro8%2C1)"
122.164.185.87 - - [28/Mar/2012:12:01:21 -0700] "-" 400 0 "-" "-"
188.54.214.247 - - [28/Mar/2012:12:02:03 -0700] "GET /s/ta/oex/ HTTP/1.1" 302 445 "http://ta.wikipedia.org/wiki/%E0%AE%AA%E0%AE%BF%E0%AE%A9%E0%AF%8D%E0%AE%A8%E0%AE%B5%E0%AF%80%E0%AE%A9%E0%AE%A4%E0%AF%8D%E0%AE%A4%E0%AF%81%E0%AE%B5%E0%AE%AE%E0%AF%8D" "Mozilla/5.0 (Windows NT 5.1) AppleWebKit/535.11 (KHTML, like Gecko) Chrome/17.0.963.83 Safari/535.11"
98.172.15.254 - - [28/Mar/2012:12:02:08 -0700] "GET /favicon.ico HTTP/1.1" 404 169 "-" "Caffeinated/1.1.1 CFNetwork/520.3.2 Darwin/11.3.0 (x86_64) (MacBookPro8%2C1)"
66.249.68.106 - - [28/Mar/2012:12:02:11 -0700] "GET /chennai/stage/2712/ HTTP/1.1" 404 142 "-" "Mozilla/5.0 (compatible; Googlebot/2.1; +http://www.google.com/bot.html)"
122.168.144.171 - - [28/Mar/2012:12:02:23 -0700] "-" 400 0 "-" "-"
122.168.144.171 - - [28/Mar/2012:12:02:23 -0700] "-" 400 0 "-" "-"
122.168.144.171 - - [28/Mar/2012:12:02:23 -0700] "-" 400 0 "-" "-"
98.172.15.254 - - [28/Mar/2012:12:02:40 -0700] "GET /favicon.ico HTTP/1.1" 404 169 "-" "Caffeinated/1.1.1 CFNetwork/520.3.2 Darwin/11.3.0 (x86_64) (MacBookPro8%2C1)"
98.139.241.240 - - [28/Mar/2012:12:03:14 -0700] "GET / HTTP/1.1" 200 3439 "-" "Mozilla/5.0 (SymbianOS/9.2; U; Series60/3.1 NokiaE66-1/210.21.007; Profile/MIDP-2.0 Configuration/CLDC-1.1 ) AppleWebKit/413 (KHTML, like Gecko) Safari/413"
98.139.241.240 - - [28/Mar/2012:12:03:14 -0700] "GET /favicon.ico HTTP/1.1" 404 169 "-" "Mozilla/5.0 (SymbianOS/9.2; U; Series60/3.1 NokiaE66-1/210.21.007; Profile/MIDP-2.0 Configuration/CLDC-1.1 ) AppleWebKit/413 (KHTML, like Gecko) Safari/413"
122.168.144.171 - - [28/Mar/2012:12:03:23 -0700] "-" 400 0 "-" "-"
122.168.144.171 - - [28/Mar/2012:12:03:23 -0700] "-" 400 0 "-" "-"
122.168.144.171 - - [28/Mar/2012:12:03:23 -0700] "-" 400 0 "-" "-"
122.168.144.171 - - [28/Mar/2012:12:03:33 -0700] "-" 400 0 "-" "-"
98.172.15.254 - - [28/Mar/2012:12:03:40 -0700] "GET /favicon.ico HTTP/1.1" 404 169 "-" "Caffeinated/1.1.1 CFNetwork/520.3.2 Darwin/11.3.0 (x86_64) (MacBookPro8%2C1)"
98.172.15.254 - - [28/Mar/2012:12:04:11 -0700] "GET / HTTP/1.1" 304 0 "-" "Caffeinated/1.1.1 CFNetwork/520.3.2 Darwin/11.3.0 (x86_64) (MacBookPro8%2C1)"
98.172.15.254 - - [28/Mar/2012:12:04:11 -0700] "GET /favicon.ico HTTP/1.1" 404 169 "-" "Caffeinated/1.1.1 CFNetwork/520.3.2 Darwin/11.3.0 (x86_64) (MacBookPro8%2C1)"
98.172.15.254 - - [28/Mar/2012:12:05:09 -0700] "GET /favicon.ico HTTP/1.1" 404 169 "-" "Caffeinated/1.1.1 CFNetwork/520.3.2 Darwin/11.3.0 (x86_64) (MacBookPro8%2C1)"
98.172.15.254 - - [28/Mar/2012:12:05:36 -0700] "GET /favicon.ico HTTP/1.1" 404 169 "-" "Caffeinated/1.1.1 CFNetwork/520.3.2 Darwin/11.3.0 (x86_64) (MacBookPro8%2C1)"
98.172.15.254 - - [28/Mar/2012:12:06:37 -0700] "GET /favicon.ico HTTP/1.1" 404 169 "-" "Caffeinated/1.1.1 CFNetwork/520.3.2 Darwin/11.3.0 (x86_64) (MacBookPro8%2C1)"
122.168.144.171 - - [28/Mar/2012:12:06:37 -0700] "-" 400 0 "-" "-"
122.168.144.171 - - [28/Mar/2012:12:06:37 -0700] "-" 400 0 "-" "-"
122.168.144.171 - - [28/Mar/2012:12:06:37 -0700] "-" 400 0 "-" "-"
122.168.144.171 - - [28/Mar/2012:12:06:37 -0700] "-" 400 0 "-" "-"
122.174.56.139 - - [28/Mar/2012:12:06:37 -0700] "-" 400 0 "-" "-"
98.172.15.254 - - [28/Mar/2012:12:07:08 -0700] "GET /favicon.ico HTTP/1.1" 404 169 "-" "Caffeinated/1.1.1 CFNetwork/520.3.2 Darwin/11.3.0 (x86_64) (MacBookPro8%2C1)"
85.17.88.169 - - [28/Mar/2012:12:07:55 -0700] "POST /blog/wp-cron.php?doing_wp_cron=1332961455 HTTP/1.0" 499 0 "-" "WordPress/3.3.1; http://yuvi.in/blog"
66.249.67.123 - - [28/Mar/2012:12:07:55 -0700] "GET /blog/theMarianStar/Selvi.pdf HTTP/1.1" 404 3016 "-" "Googlebot/2.1 (+http://www.google.com/bot.html)"
98.172.15.254 - - [28/Mar/2012:12:08:05 -0700] "GET /favicon.ico HTTP/1.1" 404 169 "-" "Caffeinated/1.1.1 CFNetwork/520.3.2 Darwin/11.3.0 (x86_64) (MacBookPro8%2C1)"
98.172.15.254 - - [28/Mar/2012:12:08:33 -0700] "GET /favicon.ico HTTP/1.1" 404 169 "-" "Caffeinated/1.1.1 CFNetwork/520.3.2 Darwin/11.3.0 (x86_64) (MacBookPro8%2C1)"
98.172.15.254 - - [28/Mar/2012:12:09:34 -0700] "GET / HTTP/1.1" 304 0 "-" "Caffeinated/1.1.1 CFNetwork/520.3.2 Darwin/11.3.0 (x86_64) (MacBookPro8%2C1)"
98.172.15.254 - - [28/Mar/2012:12:09:34 -0700] "GET /favicon.ico HTTP/1.1" 404 169 "-" "Caffeinated/1.1.1 CFNetwork/520.3.2 Darwin/11.3.0 (x86_64) (MacBookPro8%2C1)"
66.249.68.52 - - [28/Mar/2012:12:09:58 -0700] "GET /r/2fd%E0%AE%95%E0%AE%9F%E0%AF%8D%E0%AE%9F%E0%AE%B1%E0%AF%8D%E0%AE%B1 HTTP/1.1" 301 381 "-" "Mozilla/5.0 (compatible; Googlebot/2.1; +http://www.google.com/bot.html)"
66.249.68.52 - - [28/Mar/2012:12:09:59 -0700] "GET /s/ta/2fd%E0%AE%95%E0%AE%9F%E0%AF%8D%E0%AE%9F%E0%AE%B1%E0%AF%8D%E0%AE%B1/ HTTP/1.1" 502 173 "-" "Mozilla/5.0 (compatible; Googlebot/2.1; +http://www.google.com/bot.html)"
98.172.15.254 - - [28/Mar/2012:12:10:00 -0700] "GET /favicon.ico HTTP/1.1" 404 169 "-" "Caffeinated/1.1.1 CFNetwork/520.3.2 Darwin/11.3.0 (x86_64) (MacBookPro8%2C1)"
69.171.234.5 - - [28/Mar/2012:12:10:57 -0700] "GET /r/fmf HTTP/1.1" 301 255 "-" "facebookexternalhit/1.1 (+http://www.facebook.com/externalhit_uatext.php)"
69.171.234.2 - - [28/Mar/2012:12:10:57 -0700] "GET /s/ta/fmf/ HTTP/1.1" 302 349 "-" "facebookexternalhit/1.1 (+http://www.facebook.com/externalhit_uatext.php)"
98.172.15.254 - - [28/Mar/2012:12:10:59 -0700] "GET /favicon.ico HTTP/1.1" 404 169 "-" "Caffeinated/1.1.1 CFNetwork/520.3.2 Darwin/11.3.0 (x86_64) (MacBookPro8%2C1)"
150.70.75.37 - - [28/Mar/2012:12:11:18 -0700] "GET /close/2SQmdz02zSLO-yAK/11 HTTP/1.0" 404 571 "-" "Mozilla/4.0 (compatible; MSIE 6.0; Windows NT 5.1)"
85.17.88.169 - - [28/Mar/2012:12:11:22 -0700] "POST /blog/wp-cron.php?doing_wp_cron=1332961662 HTTP/1.0" 499 0 "-" "WordPress/3.3.1; http://yuvi.in/blog"
209.85.238.115 - - [28/Mar/2012:12:11:22 -0700] "GET /blog/feed HTTP/1.1" 301 0 "-" "Feedfetcher-Google; (+http://www.google.com/feedfetcher.html; 3 subscribers; feed-id=17684830852112633560)"
85.17.88.169 - - [28/Mar/2012:12:11:24 -0700] "POST /blog/wp-cron.php?doing_wp_cron=1332961664 HTTP/1.0" 499 0 "-" "WordPress/3.3.1; http://yuvi.in/blog"
209.85.238.115 - - [28/Mar/2012:12:11:25 -0700] "GET /blog/feed/ HTTP/1.1" 304 0 "-" "Feedfetcher-Google; (+http://www.google.com/feedfetcher.html; 3 subscribers; feed-id=17684830852112633560)"
98.172.15.254 - - [28/Mar/2012:12:11:28 -0700] "GET /favicon.ico HTTP/1.1" 404 169 "-" "Caffeinated/1.1.1 CFNetwork/520.3.2 Darwin/11.3.0 (x86_64) (MacBookPro8%2C1)"
98.172.15.254 - - [28/Mar/2012:12:12:26 -0700] "GET /favicon.ico HTTP/1.1" 404 169 "-" "Caffeinated/1.1.1 CFNetwork/520.3.2 Darwin/11.3.0 (x86_64) (MacBookPro8%2C1)"
98.172.15.254 - - [28/Mar/2012:12:12:59 -0700] "GET /favicon.ico HTTP/1.1" 404 169 "-" "Caffeinated/1.1.1 CFNetwork/520.3.2 Darwin/11.3.0 (x86_64) (MacBookPro8%2C1)"
85.17.88.169 - - [28/Mar/2012:12:13:23 -0700] "POST /blog/wp-cron.php?doing_wp_cron=1332961783 HTTP/1.0" 499 0 "-" "WordPress/3.3.1; http://yuvi.in/blog"
209.85.224.85 - - [28/Mar/2012:12:13:24 -0700] "GET /blog/feed HTTP/1.1" 304 0 "-" "FeedBurner/1.0 (http://www.FeedBurner.com)"
98.172.15.254 - - [28/Mar/2012:12:13:57 -0700] "GET /favicon.ico HTTP/1.1" 404 169 "-" "Caffeinated/1.1.1 CFNetwork/520.3.2 Darwin/11.3.0 (x86_64) (MacBookPro8%2C1)"
98.172.15.254 - - [28/Mar/2012:12:14:29 -0700] "GET /favicon.ico HTTP/1.1" 404 169 "-" "Caffeinated/1.1.1 CFNetwork/520.3.2 Darwin/11.3.0 (x86_64) (MacBookPro8%2C1)"
98.172.15.254 - - [28/Mar/2012:12:15:27 -0700] "GET / HTTP/1.1" 304 0 "-" "Caffeinated/1.1.1 CFNetwork/520.3.2 Darwin/11.3.0 (x86_64) (MacBookPro8%2C1)"
98.172.15.254 - - [28/Mar/2012:12:15:27 -0700] "GET /favicon.ico HTTP/1.1" 404 169 "-" "Caffeinated/1.1.1 CFNetwork/520.3.2 Darwin/11.3.0 (x86_64) (MacBookPro8%2C1)"
98.172.15.254 - - [28/Mar/2012:12:15:56 -0700] "GET /favicon.ico HTTP/1.1" 404 169 "-" "Caffeinated/1.1.1 CFNetwork/520.3.2 Darwin/11.3.0 (x86_64) (MacBookPro8%2C1)"
117.193.226.213 - - [28/Mar/2012:12:16:06 -0700] "-" 400 0 "-" "-"
209.85.144.81 - - [28/Mar/2012:12:16:44 -0700] "GET /stories/feed HTTP/1.1" 200 13653 "-" "FeedBurner/1.0 (http://www.FeedBurner.com)"
98.172.15.254 - - [28/Mar/2012:12:17:01 -0700] "GET /favicon.ico HTTP/1.1" 404 169 "-" "Caffeinated/1.1.1 CFNetwork/520.3.2 Darwin/11.3.0 (x86_64) (MacBookPro8%2C1)"
98.172.15.254 - - [28/Mar/2012:12:17:28 -0700] "GET /favicon.ico HTTP/1.1" 404 169 "-" "Caffeinated/1.1.1 CFNetwork/520.3.2 Darwin/11.3.0 (x86_64) (MacBookPro8%2C1)"
98.172.15.254 - - [28/Mar/2012:12:18:26 -0700] "GET /favicon.ico HTTP/1.1" 404 169 "-" "Caffeinated/1.1.1 CFNetwork/520.3.2 Darwin/11.3.0 (x86_64) (MacBookPro8%2C1)"
207.46.204.162 - - [28/Mar/2012:12:18:32 -0700] "-" 400 0 "-" "-"
207.46.204.162 - - [28/Mar/2012:12:18:32 -0700] "-" 400 0 "-" "-"
207.46.204.162 - - [28/Mar/2012:12:18:32 -0700] "-" 400 0 "-" "-"
207.46.204.162 - - [28/Mar/2012:12:18:32 -0700] "-" 400 0 "-" "-"
207.46.204.162 - - [28/Mar/2012:12:18:32 -0700] "-" 400 0 "-" "-"
207.46.204.162 - - [28/Mar/2012:12:18:34 -0700] "-" 400 0 "-" "-"
207.46.204.162 - - [28/Mar/2012:12:18:34 -0700] "-" 400 0 "-" "-"
207.46.204.162 - - [28/Mar/2012:12:18:34 -0700] "-" 400 0 "-" "-"
98.172.15.254 - - [28/Mar/2012:12:18:59 -0700] "GET /favicon.ico HTTP/1.1" 404 169 "-" "Caffeinated/1.1.1 CFNetwork/520.3.2 Darwin/11.3.0 (x86_64) (MacBookPro8%2C1)"
98.172.15.254 - - [28/Mar/2012:12:19:54 -0700] "GET /favicon.ico HTTP/1.1" 404 169 "-" "Caffeinated/1.1.1 CFNetwork/520.3.2 Darwin/11.3.0 (x86_64) (MacBookPro8%2C1)"
98.172.15.254 - - [28/Mar/2012:12:20:33 -0700] "GET / HTTP/1.1" 304 0 "-" "Caffeinated/1.1.1 CFNetwork/520.3.2 Darwin/11.3.0 (x86_64) (MacBookPro8%2C1)"
98.172.15.254 - - [28/Mar/2012:12:20:33 -0700] "GET /favicon.ico HTTP/1.1" 404 169 "-" "Caffeinated/1.1.1 CFNetwork/520.3.2 Darwin/11.3.0 (x86_64) (MacBookPro8%2C1)"
98.172.15.254 - - [28/Mar/2012:12:21:22 -0700] "GET /favicon.ico HTTP/1.1" 404 169 "-" "Caffeinated/1.1.1 CFNetwork/520.3.2 Darwin/11.3.0 (x86_64) (MacBookPro8%2C1)"
98.172.15.254 - - [28/Mar/2012:12:22:12 -0700] "GET /favicon.ico HTTP/1.1" 404 169 "-" "Caffeinated/1.1.1 CFNetwork/520.3.2 Darwin/11.3.0 (x86_64) (MacBookPro8%2C1)"
98.172.15.254 - - [28/Mar/2012:12:22:50 -0700] "GET /favicon.ico HTTP/1.1" 404 169 "-" "Caffeinated/1.1.1 CFNetwork/520.3.2 Darwin/11.3.0 (x86_64) (MacBookPro8%2C1)"
66.249.67.123 - - [28/Mar/2012:12:23:07 -0700] "GET /favicon.ico HTTP/1.1" 404 142 "-" "Mozilla/5.0 (compatible; Googlebot/2.1; +http://www.google.com/bot.html)"
98.172.15.254 - - [28/Mar/2012:12:23:42 -0700] "GET /favicon.ico HTTP/1.1" 404 169 "-" "Caffeinated/1.1.1 CFNetwork/520.3.2 Darwin/11.3.0 (x86_64) (MacBookPro8%2C1)"
98.172.15.254 - - [28/Mar/2012:12:24:16 -0700] "GET /favicon.ico HTTP/1.1" 404 169 "-" "Caffeinated/1.1.1 CFNetwork/520.3.2 Darwin/11.3.0 (x86_64) (MacBookPro8%2C1)"
66.249.68.106 - - [28/Mar/2012:12:25:03 -0700] "GET /chennai/stage/2713/ HTTP/1.1" 404 142 "-" "Mozilla/5.0 (compatible; Googlebot/2.1; +http://www.google.com/bot.html)"
98.172.15.254 - - [28/Mar/2012:12:25:13 -0700] "GET /favicon.ico HTTP/1.1" 404 169 "-" "Caffeinated/1.1.1 CFNetwork/520.3.2 Darwin/11.3.0 (x86_64) (MacBookPro8%2C1)"
98.172.15.254 - - [28/Mar/2012:12:25:45 -0700] "GET / HTTP/1.1" 304 0 "-" "Caffeinated/1.1.1 CFNetwork/520.3.2 Darwin/11.3.0 (x86_64) (MacBookPro8%2C1)"
98.172.15.254 - - [28/Mar/2012:12:25:45 -0700] "GET /favicon.ico HTTP/1.1" 404 169 "-" "Caffeinated/1.1.1 CFNetwork/520.3.2 Darwin/11.3.0 (x86_64) (MacBookPro8%2C1)"
98.172.15.254 - - [28/Mar/2012:12:26:43 -0700] "GET /favicon.ico HTTP/1.1" 404 169 "-" "Caffeinated/1.1.1 CFNetwork/520.3.2 Darwin/11.3.0 (x86_64) (MacBookPro8%2C1)"
98.172.15.254 - - [28/Mar/2012:12:27:09 -0700] "GET /favicon.ico HTTP/1.1" 404 169 "-" "Caffeinated/1.1.1 CFNetwork/520.3.2 Darwin/11.3.0 (x86_64) (MacBookPro8%2C1)"
208.115.111.68 - - [28/Mar/2012:12:27:55 -0700] "GET /robots.txt HTTP/1.1" 404 169 "-" "Mozilla/5.0 (compatible; Ezooms/1.0; ezooms.bot@gmail.com)"
98.172.15.254 - - [28/Mar/2012:12:28:09 -0700] "GET /favicon.ico HTTP/1.1" 404 169 "-" "Caffeinated/1.1.1 CFNetwork/520.3.2 Darwin/11.3.0 (x86_64) (MacBookPro8%2C1)"
98.172.15.254 - - [28/Mar/2012:12:28:42 -0700] "GET /favicon.ico HTTP/1.1" 404 169 "-" "Caffeinated/1.1.1 CFNetwork/520.3.2 Darwin/11.3.0 (x86_64) (MacBookPro8%2C1)"
117.193.226.213 - - [28/Mar/2012:12:29:16 -0700] "-" 400 0 "-" "-"
117.193.226.213 - - [28/Mar/2012:12:29:16 -0700] "-" 400 0 "-" "-"
117.193.226.213 - - [28/Mar/2012:12:29:16 -0700] "-" 400 0 "-" "-"
117.193.226.213 - - [28/Mar/2012:12:29:16 -0700] "-" 400 0 "-" "-"
117.193.226.213 - - [28/Mar/2012:12:29:16 -0700] "-" 400 0 "-" "-"
117.193.226.213 - - [28/Mar/2012:12:29:16 -0700] "-" 400 0 "-" "-"
98.172.15.254 - - [28/Mar/2012:12:29:37 -0700] "GET /favicon.ico HTTP/1.1" 404 169 "-" "Caffeinated/1.1.1 CFNetwork/520.3.2 Darwin/11.3.0 (x86_64) (MacBookPro8%2C1)"
85.17.88.169 - - [28/Mar/2012:12:29:39 -0700] "POST /blog/wp-cron.php?doing_wp_cron=1332962759 HTTP/1.0" 499 0 "-" "WordPress/3.3.1; http://yuvi.in/blog"
66.135.57.47 - - [28/Mar/2012:12:29:39 -0700] "GET /blog/my-vimrc/ HTTP/1.0" 200 16009 "-" "Mozilla/5.0 (Windows; U; Windows NT 5.1; rv:1.7.3) Gecko/20041001 Firefox/0.10.1"
85.17.88.169 - - [28/Mar/2012:12:29:42 -0700] "POST /blog/wp-cron.php?doing_wp_cron=1332962762 HTTP/1.0" 499 0 "-" "WordPress/3.3.1; http://yuvi.in/blog"
66.135.57.47 - - [28/Mar/2012:12:29:42 -0700] "GET /blog/college-drop/ HTTP/1.0" 200 18395 "-" "Mozilla/5.0 (Windows; U; Windows NT 5.1; rv:1.7.3) Gecko/20041001 Firefox/0.10.1"
85.17.88.169 - - [28/Mar/2012:12:29:45 -0700] "POST /blog/wp-cron.php?doing_wp_cron=1332962765 HTTP/1.0" 499 0 "-" "WordPress/3.3.1; http://yuvi.in/blog"
66.135.57.47 - - [28/Mar/2012:12:29:46 -0700] "GET /blog/passing-headers-proxying-nginx/ HTTP/1.0" 200 16690 "-" "Mozilla/5.0 (Windows; U; Windows NT 5.1; rv:1.7.3) Gecko/20041001 Firefox/0.10.1"
85.17.88.169 - - [28/Mar/2012:12:29:49 -0700] "POST /blog/wp-cron.php?doing_wp_cron=1332962769 HTTP/1.0" 499 0 "-" "WordPress/3.3.1; http://yuvi.in/blog"
66.135.57.47 - - [28/Mar/2012:12:29:49 -0700] "GET /blog/program/ HTTP/1.0" 200 27214 "-" "Mozilla/5.0 (Windows; U; Windows NT 5.1; rv:1.7.3) Gecko/20041001 Firefox/0.10.1"
85.17.88.169 - - [28/Mar/2012:12:29:52 -0700] "POST /blog/wp-cron.php?doing_wp_cron=1332962772 HTTP/1.0" 499 0 "-" "WordPress/3.3.1; http://yuvi.in/blog"
66.135.57.47 - - [28/Mar/2012:12:29:53 -0700] "GET /blog/devlog-december-26-2011/ HTTP/1.0" 200 16694 "-" "Mozilla/5.0 (Windows; U; Windows NT 5.1; rv:1.7.3) Gecko/20041001 Firefox/0.10.1"
85.17.88.169 - - [28/Mar/2012:12:29:56 -0700] "POST /blog/wp-cron.php?doing_wp_cron=1332962776 HTTP/1.0" 499 0 "-" "WordPress/3.3.1; http://yuvi.in/blog"
66.135.57.47 - - [28/Mar/2012:12:29:56 -0700] "GET /blog/devlog-december-23-2011/ HTTP/1.0" 200 16517 "-" "Mozilla/5.0 (Windows; U; Windows NT 5.1; rv:1.7.3) Gecko/20041001 Firefox/0.10.1"
85.17.88.169 - - [28/Mar/2012:12:29:59 -0700] "POST /blog/wp-cron.php?doing_wp_cron=1332962779 HTTP/1.0" 499 0 "-" "WordPress/3.3.1; http://yuvi.in/blog"
66.135.57.47 - - [28/Mar/2012:12:30:00 -0700] "GET /blog/devlog-december-21-2011/ HTTP/1.0" 200 17121 "-" "Mozilla/5.0 (Windows; U; Windows NT 5.1; rv:1.7.3) Gecko/20041001 Firefox/0.10.1"
85.17.88.169 - - [28/Mar/2012:12:30:02 -0700] "POST /blog/wp-cron.php?doing_wp_cron=1332962782 HTTP/1.0" 499 0 "-" "WordPress/3.3.1; http://yuvi.in/blog"
66.135.57.47 - - [28/Mar/2012:12:30:03 -0700] "GET /blog/devlog-december-11-2011/ HTTP/1.0" 200 16592 "-" "Mozilla/5.0 (Windows; U; Windows NT 5.1; rv:1.7.3) Gecko/20041001 Firefox/0.10.1"
85.17.88.169 - - [28/Mar/2012:12:30:05 -0700] "POST /blog/wp-cron.php?doing_wp_cron=1332962785 HTTP/1.0" 499 0 "-" "WordPress/3.3.1; http://yuvi.in/blog"
66.135.57.47 - - [28/Mar/2012:12:30:06 -0700] "GET /blog/devlog-december-10-2011/ HTTP/1.0" 200 16387 "-" "Mozilla/5.0 (Windows; U; Windows NT 5.1; rv:1.7.3) Gecko/20041001 Firefox/0.10.1"
85.17.88.169 - - [28/Mar/2012:12:30:08 -0700] "POST /blog/wp-cron.php?doing_wp_cron=1332962788 HTTP/1.0" 499 0 "-" "WordPress/3.3.1; http://yuvi.in/blog"
66.135.57.47 - - [28/Mar/2012:12:30:09 -0700] "GET /blog/devlog-december-7-2011/ HTTP/1.0" 200 16833 "-" "Mozilla/5.0 (Windows; U; Windows NT 5.1; rv:1.7.3) Gecko/20041001 Firefox/0.10.1"
98.172.15.254 - - [28/Mar/2012:12:30:14 -0700] "GET /favicon.ico HTTP/1.1" 404 169 "-" "Caffeinated/1.1.1 CFNetwork/520.3.2 Darwin/11.3.0 (x86_64) (MacBookPro8%2C1)"
66.249.67.123 - - [28/Mar/2012:12:30:45 -0700] "GET /apple-touch-icon.png HTTP/1.1" 404 142 "-" "Mozilla/5.0 (compatible; Googlebot/2.1; +http://www.google.com/bot.html)"
98.172.15.254 - - [28/Mar/2012:12:31:04 -0700] "GET / HTTP/1.1" 304 0 "-" "Caffeinated/1.1.1 CFNetwork/520.3.2 Darwin/11.3.0 (x86_64) (MacBookPro8%2C1)"
98.172.15.254 - - [28/Mar/2012:12:31:04 -0700] "GET /favicon.ico HTTP/1.1" 404 169 "-" "Caffeinated/1.1.1 CFNetwork/520.3.2 Darwin/11.3.0 (x86_64) (MacBookPro8%2C1)"
117.207.94.32 - - [28/Mar/2012:12:31:30 -0700] "GET / HTTP/1.1" 200 1430 "-" "Mozilla/5.0 (X11; Linux x86_64) AppleWebKit/535.11 (KHTML, like Gecko) Ubuntu/11.10 Chromium/17.0.963.79 Chrome/17.0.963.79 Safari/535.11"
117.207.94.32 - - [28/Mar/2012:12:31:31 -0700] "GET /blueprint/screen.css HTTP/1.1" 200 12058 "http://yuvi.in/" "Mozilla/5.0 (X11; Linux x86_64) AppleWebKit/535.11 (KHTML, like Gecko) Ubuntu/11.10 Chromium/17.0.963.79 Chrome/17.0.963.79 Safari/535.11"
117.207.94.32 - - [28/Mar/2012:12:31:31 -0700] "GET /blueprint/print.css HTTP/1.1" 200 1284 "http://yuvi.in/" "Mozilla/5.0 (X11; Linux x86_64) AppleWebKit/535.11 (KHTML, like Gecko) Ubuntu/11.10 Chromium/17.0.963.79 Chrome/17.0.963.79 Safari/535.11"
117.207.94.32 - - [28/Mar/2012:12:31:32 -0700] "GET /header.png HTTP/1.1" 200 14249 "http://yuvi.in/" "Mozilla/5.0 (X11; Linux x86_64) AppleWebKit/535.11 (KHTML, like Gecko) Ubuntu/11.10 Chromium/17.0.963.79 Chrome/17.0.963.79 Safari/535.11"
117.207.94.32 - - [28/Mar/2012:12:31:32 -0700] "GET /favicon.ico HTTP/1.1" 404 199 "-" "Mozilla/5.0 (X11; Linux x86_64) AppleWebKit/535.11 (KHTML, like Gecko) Ubuntu/11.10 Chromium/17.0.963.79 Chrome/17.0.963.79 Safari/535.11"
93.185.177.68 - - [28/Mar/2012:12:31:36 -0700] "GET /favicon.ico HTTP/1.1" 404 142 "-" "Reeder/2.5.4 CFNetwork/548.1.4 Darwin/11.0.0"
93.185.177.68 - - [28/Mar/2012:12:31:36 -0700] "GET / HTTP/1.1" 200 1430 "-" "Reeder/2.5.4 CFNetwork/548.1.4 Darwin/11.0.0"
93.185.177.68 - - [28/Mar/2012:12:31:36 -0700] "GET /apple-touch-icon.png HTTP/1.1" 404 142 "-" "Reeder/2.5.4 CFNetwork/548.1.4 Darwin/11.0.0"
93.185.177.68 - - [28/Mar/2012:12:31:37 -0700] "GET /apple-touch-icon-precomposed.png HTTP/1.1" 404 142 "-" "Reeder/2.5.4 CFNetwork/548.1.4 Darwin/11.0.0"
98.172.15.254 - - [28/Mar/2012:12:31:39 -0700] "GET /favicon.ico HTTP/1.1" 404 169 "-" "Caffeinated/1.1.1 CFNetwork/520.3.2 Darwin/11.3.0 (x86_64) (MacBookPro8%2C1)"
117.207.94.32 - - [28/Mar/2012:12:31:47 -0700] "-" 400 0 "-" "-"
141.0.9.242 - - [28/Mar/2012:12:31:58 -0700] "-" 400 0 "-" "-"
85.17.88.169 - - [28/Mar/2012:12:32:01 -0700] "POST /blog/wp-cron.php?doing_wp_cron=1332962901 HTTP/1.0" 499 0 "-" "WordPress/3.3.1; http://yuvi.in/blog"
209.85.238.115 - - [28/Mar/2012:12:32:01 -0700] "GET /blog/feed/ HTTP/1.1" 304 0 "-" "Feedfetcher-Google; (+http://www.google.com/feedfetcher.html; 18 subscribers; feed-id=15064232456473204253)"
98.172.15.254 - - [28/Mar/2012:12:32:30 -0700] "GET /favicon.ico HTTP/1.1" 404 169 "-" "Caffeinated/1.1.1 CFNetwork/520.3.2 Darwin/11.3.0 (x86_64) (MacBookPro8%2C1)"
66.249.68.106 - - [28/Mar/2012:12:32:40 -0700] "GET /chennai/stage/2716/ HTTP/1.1" 404 142 "-" "Mozilla/5.0 (compatible; Googlebot/2.1; +http://www.google.com/bot.html)"
98.172.15.254 - - [28/Mar/2012:12:33:04 -0700] "GET /favicon.ico HTTP/1.1" 404 169 "-" "Caffeinated/1.1.1 CFNetwork/520.3.2 Darwin/11.3.0 (x86_64) (MacBookPro8%2C1)"
98.172.15.254 - - [28/Mar/2012:12:34:03 -0700] "GET /favicon.ico HTTP/1.1" 404 169 "-" "Caffeinated/1.1.1 CFNetwork/520.3.2 Darwin/11.3.0 (x86_64) (MacBookPro8%2C1)"
98.172.15.254 - - [28/Mar/2012:12:34:54 -0700] "GET /favicon.ico HTTP/1.1" 404 169 "-" "Caffeinated/1.1.1 CFNetwork/520.3.2 Darwin/11.3.0 (x86_64) (MacBookPro8%2C1)"
98.172.15.254 - - [28/Mar/2012:12:35:32 -0700] "GET /favicon.ico HTTP/1.1" 404 169 "-" "Caffeinated/1.1.1 CFNetwork/520.3.2 Darwin/11.3.0 (x86_64) (MacBookPro8%2C1)"
98.172.15.254 - - [28/Mar/2012:12:36:18 -0700] "GET / HTTP/1.1" 304 0 "-" "Caffeinated/1.1.1 CFNetwork/520.3.2 Darwin/11.3.0 (x86_64) (MacBookPro8%2C1)"
98.172.15.254 - - [28/Mar/2012:12:36:19 -0700] "GET /favicon.ico HTTP/1.1" 404 169 "-" "Caffeinated/1.1.1 CFNetwork/520.3.2 Darwin/11.3.0 (x86_64) (MacBookPro8%2C1)"
98.172.15.254 - - [28/Mar/2012:12:36:58 -0700] "GET /favicon.ico HTTP/1.1" 404 169 "-" "Caffeinated/1.1.1 CFNetwork/520.3.2 Darwin/11.3.0 (x86_64) (MacBookPro8%2C1)"
182.177.84.221 - - [28/Mar/2012:12:37:40 -0700] "-" 400 0 "-" "-"
66.249.68.106 - - [28/Mar/2012:12:37:45 -0700] "GET /chennai/stage/2715/ HTTP/1.1" 404 142 "-" "Mozilla/5.0 (compatible; Googlebot/2.1; +http://www.google.com/bot.html)"
98.172.15.254 - - [28/Mar/2012:12:37:58 -0700] "GET /favicon.ico HTTP/1.1" 404 169 "-" "Caffeinated/1.1.1 CFNetwork/520.3.2 Darwin/11.3.0 (x86_64) (MacBookPro8%2C1)"
141.0.9.88 - - [28/Mar/2012:12:38:27 -0700] "-" 400 0 "-" "-"
98.172.15.254 - - [28/Mar/2012:12:38:28 -0700] "GET /favicon.ico HTTP/1.1" 404 169 "-" "Caffeinated/1.1.1 CFNetwork/520.3.2 Darwin/11.3.0 (x86_64) (MacBookPro8%2C1)"
85.17.88.169 - - [28/Mar/2012:12:38:43 -0700] "POST /blog/wp-cron.php?doing_wp_cron=1332963303 HTTP/1.0" 499 0 "-" "WordPress/3.3.1; http://yuvi.in/blog"
208.115.111.68 - - [28/Mar/2012:12:38:44 -0700] "GET /blog/ HTTP/1.1" 200 33087 "-" "Mozilla/5.0 (compatible; Ezooms/1.0; ezooms.bot@gmail.com)"
98.172.15.254 - - [28/Mar/2012:12:39:27 -0700] "GET /favicon.ico HTTP/1.1" 404 169 "-" "Caffeinated/1.1.1 CFNetwork/520.3.2 Darwin/11.3.0 (x86_64) (MacBookPro8%2C1)"
98.172.15.254 - - [28/Mar/2012:12:39:56 -0700] "GET /favicon.ico HTTP/1.1" 404 169 "-" "Caffeinated/1.1.1 CFNetwork/520.3.2 Darwin/11.3.0 (x86_64) (MacBookPro8%2C1)"
98.172.15.254 - - [28/Mar/2012:12:40:55 -0700] "GET /favicon.ico HTTP/1.1" 404 169 "-" "Caffeinated/1.1.1 CFNetwork/520.3.2 Darwin/11.3.0 (x86_64) (MacBookPro8%2C1)"
98.172.15.254 - - [28/Mar/2012:12:41:21 -0700] "GET / HTTP/1.1" 304 0 "-" "Caffeinated/1.1.1 CFNetwork/520.3.2 Darwin/11.3.0 (x86_64) (MacBookPro8%2C1)"
98.172.15.254 - - [28/Mar/2012:12:41:21 -0700] "GET /favicon.ico HTTP/1.1" 404 169 "-" "Caffeinated/1.1.1 CFNetwork/520.3.2 Darwin/11.3.0 (x86_64) (MacBookPro8%2C1)"
141.0.9.242 - - [28/Mar/2012:12:41:28 -0700] "-" 400 0 "-" "-"
141.0.9.242 - - [28/Mar/2012:12:41:28 -0700] "-" 400 0 "-" "-"
98.172.15.254 - - [28/Mar/2012:12:42:18 -0700] "GET /favicon.ico HTTP/1.1" 404 169 "-" "Caffeinated/1.1.1 CFNetwork/520.3.2 Darwin/11.3.0 (x86_64) (MacBookPro8%2C1)"
98.172.15.254 - - [28/Mar/2012:12:42:47 -0700] "GET /favicon.ico HTTP/1.1" 404 169 "-" "Caffeinated/1.1.1 CFNetwork/520.3.2 Darwin/11.3.0 (x86_64) (MacBookPro8%2C1)"
85.17.88.169 - - [28/Mar/2012:12:43:34 -0700] "POST /blog/wp-cron.php?doing_wp_cron=1332963594 HTTP/1.0" 499 0 "-" "WordPress/3.3.1; http://yuvi.in/blog"
209.85.224.88 - - [28/Mar/2012:12:43:34 -0700] "GET /blog/feed HTTP/1.1" 304 0 "-" "FeedBurner/1.0 (http://www.FeedBurner.com)"
98.172.15.254 - - [28/Mar/2012:12:43:47 -0700] "GET /favicon.ico HTTP/1.1" 404 169 "-" "Caffeinated/1.1.1 CFNetwork/520.3.2 Darwin/11.3.0 (x86_64) (MacBookPro8%2C1)"
141.0.9.88 - - [28/Mar/2012:12:44:05 -0700] "-" 400 0 "-" "-"
98.172.15.254 - - [28/Mar/2012:12:44:17 -0700] "GET /favicon.ico HTTP/1.1" 404 169 "-" "Caffeinated/1.1.1 CFNetwork/520.3.2 Darwin/11.3.0 (x86_64) (MacBookPro8%2C1)"
66.220.153.244 - - [28/Mar/2012:12:44:22 -0700] "GET /r/26ft HTTP/1.1" 301 257 "-" "facebookexternalhit/1.1 (+http://www.facebook.com/externalhit_uatext.php)"
66.220.153.244 - - [28/Mar/2012:12:44:23 -0700] "GET /s/ta/26ft/ HTTP/1.1" 302 373 "-" "facebookexternalhit/1.1 (+http://www.facebook.com/externalhit_uatext.php)"
98.172.15.254 - - [28/Mar/2012:12:45:15 -0700] "GET /favicon.ico HTTP/1.1" 404 169 "-" "Caffeinated/1.1.1 CFNetwork/520.3.2 Darwin/11.3.0 (x86_64) (MacBookPro8%2C1)"
98.172.15.254 - - [28/Mar/2012:12:45:45 -0700] "GET /favicon.ico HTTP/1.1" 404 169 "-" "Caffeinated/1.1.1 CFNetwork/520.3.2 Darwin/11.3.0 (x86_64) (MacBookPro8%2C1)"
141.0.9.242 - - [28/Mar/2012:12:46:06 -0700] "-" 400 0 "-" "-"
141.0.9.218 - - [28/Mar/2012:12:46:13 -0700] "-" 400 0 "-" "-"
98.172.15.254 - - [28/Mar/2012:12:46:44 -0700] "GET / HTTP/1.1" 304 0 "-" "Caffeinated/1.1.1 CFNetwork/520.3.2 Darwin/11.3.0 (x86_64) (MacBookPro8%2C1)"
98.172.15.254 - - [28/Mar/2012:12:46:45 -0700] "GET /favicon.ico HTTP/1.1" 404 169 "-" "Caffeinated/1.1.1 CFNetwork/520.3.2 Darwin/11.3.0 (x86_64) (MacBookPro8%2C1)"
98.172.15.254 - - [28/Mar/2012:12:47:10 -0700] "GET /favicon.ico HTTP/1.1" 404 169 "-" "Caffeinated/1.1.1 CFNetwork/520.3.2 Darwin/11.3.0 (x86_64) (MacBookPro8%2C1)"
66.249.68.106 - - [28/Mar/2012:12:47:55 -0700] "GET /chennai/stage/2717/ HTTP/1.1" 404 142 "-" "Mozilla/5.0 (compatible; Googlebot/2.1; +http://www.google.com/bot.html)"
98.172.15.254 - - [28/Mar/2012:12:48:11 -0700] "GET /favicon.ico HTTP/1.1" 404 169 "-" "Caffeinated/1.1.1 CFNetwork/520.3.2 Darwin/11.3.0 (x86_64) (MacBookPro8%2C1)"
98.172.15.254 - - [28/Mar/2012:12:48:36 -0700] "GET /favicon.ico HTTP/1.1" 404 169 "-" "Caffeinated/1.1.1 CFNetwork/520.3.2 Darwin/11.3.0 (x86_64) (MacBookPro8%2C1)"
85.17.88.169 - - [28/Mar/2012:12:48:54 -0700] "POST /blog/wp-cron.php?doing_wp_cron=1332963914 HTTP/1.0" 499 0 "-" "WordPress/3.3.1; http://yuvi.in/blog"
77.95.18.242 - - [28/Mar/2012:12:48:59 -0700] "POST /blog/wp-login.php HTTP/1.1" 200 3473 "-" "Mozilla/4.0 (compatible; MSIE 6.0; Windows NT 5.1)"
98.172.15.254 - - [28/Mar/2012:12:49:35 -0700] "GET /favicon.ico HTTP/1.1" 404 169 "-" "Caffeinated/1.1.1 CFNetwork/520.3.2 Darwin/11.3.0 (x86_64) (MacBookPro8%2C1)"
98.172.15.254 - - [28/Mar/2012:12:50:06 -0700] "GET /favicon.ico HTTP/1.1" 404 169 "-" "Caffeinated/1.1.1 CFNetwork/520.3.2 Darwin/11.3.0 (x86_64) (MacBookPro8%2C1)"
98.172.15.254 - - [28/Mar/2012:12:51:07 -0700] "GET /favicon.ico HTTP/1.1" 404 169 "-" "Caffeinated/1.1.1 CFNetwork/520.3.2 Darwin/11.3.0 (x86_64) (MacBookPro8%2C1)"
98.172.15.254 - - [28/Mar/2012:12:51:37 -0700] "GET /favicon.ico HTTP/1.1" 404 169 "-" "Caffeinated/1.1.1 CFNetwork/520.3.2 Darwin/11.3.0 (x86_64) (MacBookPro8%2C1)"
69.171.224.249 - - [28/Mar/2012:12:52:25 -0700] "GET /r/fmf HTTP/1.1" 301 255 "-" "facebookexternalhit/1.1 (+http://www.facebook.com/externalhit_uatext.php)"
69.171.224.248 - - [28/Mar/2012:12:52:26 -0700] "GET /s/ta/fmf/ HTTP/1.1" 302 349 "-" "facebookexternalhit/1.1 (+http://www.facebook.com/externalhit_uatext.php)"
98.172.15.254 - - [28/Mar/2012:12:52:35 -0700] "GET / HTTP/1.1" 304 0 "-" "Caffeinated/1.1.1 CFNetwork/520.3.2 Darwin/11.3.0 (x86_64) (MacBookPro8%2C1)"
98.172.15.254 - - [28/Mar/2012:12:52:35 -0700] "GET /favicon.ico HTTP/1.1" 404 169 "-" "Caffeinated/1.1.1 CFNetwork/520.3.2 Darwin/11.3.0 (x86_64) (MacBookPro8%2C1)"
184.72.150.2 - - [28/Mar/2012:12:52:57 -0700] "GET /robots.txt HTTP/1.1" 404 169 "-" "Mozilla/5.0 (Macintosh; U; Intel Mac OS X 10.6; en-US; rv:1.9.2) Gecko/20100115 Firefox/3.6 (FlipboardProxy/0.0.5; +http://flipboard.com/browserproxy)"
85.17.88.169 - - [28/Mar/2012:12:52:59 -0700] "POST /blog/wp-cron.php?doing_wp_cron=1332964158 HTTP/1.0" 499 0 "-" "WordPress/3.3.1; http://yuvi.in/blog"
184.72.150.2 - - [28/Mar/2012:12:52:59 -0700] "GET /blog/3-reasons-people-join-it-companies/ HTTP/1.1" 200 5065 "-" "Mozilla/5.0 (Macintosh; U; Intel Mac OS X 10.6; en-US; rv:1.9.2) Gecko/20100115 Firefox/3.6 (FlipboardProxy/0.0.5; +http://flipboard.com/browserproxy)"
98.172.15.254 - - [28/Mar/2012:12:53:02 -0700] "GET /favicon.ico HTTP/1.1" 404 169 "-" "Caffeinated/1.1.1 CFNetwork/520.3.2 Darwin/11.3.0 (x86_64) (MacBookPro8%2C1)"
98.172.15.254 - - [28/Mar/2012:12:54:02 -0700] "GET /favicon.ico HTTP/1.1" 404 169 "-" "Caffeinated/1.1.1 CFNetwork/520.3.2 Darwin/11.3.0 (x86_64) (MacBookPro8%2C1)"
98.172.15.254 - - [28/Mar/2012:12:54:29 -0700] "GET /favicon.ico HTTP/1.1" 404 169 "-" "Caffeinated/1.1.1 CFNetwork/520.3.2 Darwin/11.3.0 (x86_64) (MacBookPro8%2C1)"
98.172.15.254 - - [28/Mar/2012:12:55:28 -0700] "GET /favicon.ico HTTP/1.1" 404 169 "-" "Caffeinated/1.1.1 CFNetwork/520.3.2 Darwin/11.3.0 (x86_64) (MacBookPro8%2C1)"
98.172.15.254 - - [28/Mar/2012:12:55:53 -0700] "GET /favicon.ico HTTP/1.1" 404 169 "-" "Caffeinated/1.1.1 CFNetwork/520.3.2 Darwin/11.3.0 (x86_64) (MacBookPro8%2C1)"
207.46.12.70 - - [28/Mar/2012:12:56:18 -0700] "-" 400 0 "-" "-"
207.46.12.70 - - [28/Mar/2012:12:56:18 -0700] "-" 400 0 "-" "-"
207.46.12.70 - - [28/Mar/2012:12:56:19 -0700] "-" 400 0 "-" "-"
207.46.12.70 - - [28/Mar/2012:12:56:19 -0700] "-" 400 0 "-" "-"
207.46.12.70 - - [28/Mar/2012:12:56:20 -0700] "-" 400 0 "-" "-"
207.46.12.70 - - [28/Mar/2012:12:56:20 -0700] "-" 400 0 "-" "-"
207.46.12.70 - - [28/Mar/2012:12:56:20 -0700] "-" 400 0 "-" "-"
207.46.12.70 - - [28/Mar/2012:12:56:21 -0700] "-" 400 0 "-" "-"
207.46.12.70 - - [28/Mar/2012:12:56:21 -0700] "-" 400 0 "-" "-"
98.172.15.254 - - [28/Mar/2012:12:56:52 -0700] "GET /favicon.ico HTTP/1.1" 404 169 "-" "Caffeinated/1.1.1 CFNetwork/520.3.2 Darwin/11.3.0 (x86_64) (MacBookPro8%2C1)"
98.172.15.254 - - [28/Mar/2012:12:57:19 -0700] "GET /favicon.ico HTTP/1.1" 404 169 "-" "Caffeinated/1.1.1 CFNetwork/520.3.2 Darwin/11.3.0 (x86_64) (MacBookPro8%2C1)"
207.46.12.70 - - [28/Mar/2012:12:57:21 -0700] "-" 400 0 "-" "-"
14.96.136.200 - - [28/Mar/2012:12:57:42 -0700] "GET / HTTP/1.1" 200 1430 "http://www.facebook.com/l.php?u=http%3A%2F%2Fyuvi.in%2F&h=nAQFRcJiq" "Mozilla/5.0 (Windows NT 6.1) AppleWebKit/535.22 (KHTML, like Gecko) Chrome/19.0.1049.3 Safari/535.22"
14.96.136.200 - - [28/Mar/2012:12:57:44 -0700] "GET /blueprint/screen.css HTTP/1.1" 200 12058 "http://yuvi.in/" "Mozilla/5.0 (Windows NT 6.1) AppleWebKit/535.22 (KHTML, like Gecko) Chrome/19.0.1049.3 Safari/535.22"
14.96.136.200 - - [28/Mar/2012:12:57:56 -0700] "GET /header.png HTTP/1.1" 200 14249 "http://yuvi.in/" "Mozilla/5.0 (Windows NT 6.1) AppleWebKit/535.22 (KHTML, like Gecko) Chrome/19.0.1049.3 Safari/535.22"
14.96.136.200 - - [28/Mar/2012:12:58:00 -0700] "GET /blueprint/print.css HTTP/1.1" 200 1284 "http://yuvi.in/" "Mozilla/5.0 (Windows NT 6.1) AppleWebKit/535.22 (KHTML, like Gecko) Chrome/19.0.1049.3 Safari/535.22"
14.96.136.200 - - [28/Mar/2012:12:58:02 -0700] "GET /favicon.ico HTTP/1.1" 404 199 "-" "Mozilla/5.0 (Windows NT 6.1) AppleWebKit/535.22 (KHTML, like Gecko) Chrome/19.0.1049.3 Safari/535.22"
98.172.15.254 - - [28/Mar/2012:12:58:19 -0700] "GET / HTTP/1.1" 304 0 "-" "Caffeinated/1.1.1 CFNetwork/520.3.2 Darwin/11.3.0 (x86_64) (MacBookPro8%2C1)"
98.172.15.254 - - [28/Mar/2012:12:58:19 -0700] "GET /favicon.ico HTTP/1.1" 404 169 "-" "Caffeinated/1.1.1 CFNetwork/520.3.2 Darwin/11.3.0 (x86_64) (MacBookPro8%2C1)"
98.172.15.254 - - [28/Mar/2012:12:58:49 -0700] "GET /favicon.ico HTTP/1.1" 404 169 "-" "Caffeinated/1.1.1 CFNetwork/520.3.2 Darwin/11.3.0 (x86_64) (MacBookPro8%2C1)"
98.172.15.254 - - [28/Mar/2012:12:59:48 -0700] "GET /favicon.ico HTTP/1.1" 404 169 "-" "Caffeinated/1.1.1 CFNetwork/520.3.2 Darwin/11.3.0 (x86_64) (MacBookPro8%2C1)"
220.181.108.94 - - [28/Mar/2012:13:00:00 -0700] "GET /blog/serendipity.html HTTP/1.1" 304 0 "-" "Mozilla/5.0 (compatible; Baiduspider/2.0; +http://www.baidu.com/search/spider.html)"
98.172.15.254 - - [28/Mar/2012:13:00:41 -0700] "GET /favicon.ico HTTP/1.1" 404 169 "-" "Caffeinated/1.1.1 CFNetwork/520.3.2 Darwin/11.3.0 (x86_64) (MacBookPro8%2C1)"
98.172.15.254 - - [28/Mar/2012:13:01:23 -0700] "GET /favicon.ico HTTP/1.1" 404 169 "-" "Caffeinated/1.1.1 CFNetwork/520.3.2 Darwin/11.3.0 (x86_64) (MacBookPro8%2C1)"
98.172.15.254 - - [28/Mar/2012:13:02:09 -0700] "GET /favicon.ico HTTP/1.1" 404 169 "-" "Caffeinated/1.1.1 CFNetwork/520.3.2 Darwin/11.3.0 (x86_64) (MacBookPro8%2C1)"
69.171.234.4 - - [28/Mar/2012:13:02:22 -0700] "GET /r/nzo HTTP/1.1" 301 255 "-" "facebookexternalhit/1.1 (+http://www.facebook.com/externalhit_uatext.php)"
69.171.234.5 - - [28/Mar/2012:13:02:23 -0700] "GET /s/ta/nzo/ HTTP/1.1" 302 341 "-" "facebookexternalhit/1.1 (+http://www.facebook.com/externalhit_uatext.php)"
14.96.136.200 - - [28/Mar/2012:13:02:51 -0700] "GET /blog HTTP/1.1" 301 178 "http://yuvi.in/" "Mozilla/5.0 (Windows NT 6.1) AppleWebKit/535.22 (KHTML, like Gecko) Chrome/19.0.1049.3 Safari/535.22"
85.17.88.169 - - [28/Mar/2012:13:02:54 -0700] "POST /blog/wp-cron.php?doing_wp_cron=1332964754 HTTP/1.0" 499 0 "-" "WordPress/3.3.1; http://yuvi.in/blog"
14.96.136.200 - - [28/Mar/2012:13:02:55 -0700] "GET /blog/ HTTP/1.1" 200 9195 "http://yuvi.in/" "Mozilla/5.0 (Windows NT 6.1) AppleWebKit/535.22 (KHTML, like Gecko) Chrome/19.0.1049.3 Safari/535.22"
14.96.136.200 - - [28/Mar/2012:13:02:58 -0700] "GET /stories HTTP/1.1" 301 185 "http://yuvi.in/" "Mozilla/5.0 (Windows NT 6.1) AppleWebKit/535.22 (KHTML, like Gecko) Chrome/19.0.1049.3 Safari/535.22"
14.96.136.200 - - [28/Mar/2012:13:03:00 -0700] "GET /stories/ HTTP/1.1" 200 1271 "http://yuvi.in/" "Mozilla/5.0 (Windows NT 6.1) AppleWebKit/535.22 (KHTML, like Gecko) Chrome/19.0.1049.3 Safari/535.22"
14.96.136.200 - - [28/Mar/2012:13:03:02 -0700] "GET /stories/static/style.css HTTP/1.1" 200 1274 "http://yuvi.in/stories/" "Mozilla/5.0 (Windows NT 6.1) AppleWebKit/535.22 (KHTML, like Gecko) Chrome/19.0.1049.3 Safari/535.22"
