184.191.224.10 - - [30/Mar/2012:13:33:08 -0700] "GET / HTTP/1.1" 200 1430 "-" "Caffeinated/1.1.1 CFNetwork/520.3.2 Darwin/11.3.0 (x86_64) (MacBookPro8%2C1)"
184.191.224.10 - - [30/Mar/2012:13:33:08 -0700] "GET /favicon.ico HTTP/1.1" 404 142 "-" "Caffeinated/1.1.1 CFNetwork/520.3.2 Darwin/11.3.0 (x86_64) (MacBookPro8%2C1)"
184.191.224.10 - - [30/Mar/2012:13:33:46 -0700] "GET / HTTP/1.1" 200 1430 "-" "Caffeinated/1.1.1 CFNetwork/520.3.2 Darwin/11.3.0 (x86_64) (MacBookPro8%2C1)"
184.191.224.10 - - [30/Mar/2012:13:33:46 -0700] "GET /favicon.ico HTTP/1.1" 404 142 "-" "Caffeinated/1.1.1 CFNetwork/520.3.2 Darwin/11.3.0 (x86_64) (MacBookPro8%2C1)"
184.191.224.10 - - [30/Mar/2012:13:34:42 -0700] "GET / HTTP/1.1" 200 1430 "-" "Caffeinated/1.1.1 CFNetwork/520.3.2 Darwin/11.3.0 (x86_64) (MacBookPro8%2C1)"
184.191.224.10 - - [30/Mar/2012:13:34:42 -0700] "GET /favicon.ico HTTP/1.1" 404 142 "-" "Caffeinated/1.1.1 CFNetwork/520.3.2 Darwin/11.3.0 (x86_64) (MacBookPro8%2C1)"
184.191.224.10 - - [30/Mar/2012:13:35:36 -0700] "GET / HTTP/1.1" 200 1430 "-" "Caffeinated/1.1.1 CFNetwork/520.3.2 Darwin/11.3.0 (x86_64) (MacBookPro8%2C1)"
184.191.224.10 - - [30/Mar/2012:13:35:36 -0700] "GET /favicon.ico HTTP/1.1" 404 142 "-" "Caffeinated/1.1.1 CFNetwork/520.3.2 Darwin/11.3.0 (x86_64) (MacBookPro8%2C1)"
24.255.5.237 - - [30/Mar/2012:13:35:43 -0700] "-" 400 0 "-" "-"
184.191.224.10 - - [30/Mar/2012:13:36:17 -0700] "GET / HTTP/1.1" 200 1430 "-" "Caffeinated/1.1.1 CFNetwork/520.3.2 Darwin/11.3.0 (x86_64) (MacBookPro8%2C1)"
184.191.224.10 - - [30/Mar/2012:13:36:17 -0700] "GET /favicon.ico HTTP/1.1" 404 142 "-" "Caffeinated/1.1.1 CFNetwork/520.3.2 Darwin/11.3.0 (x86_64) (MacBookPro8%2C1)"
117.254.134.5 - - [30/Mar/2012:13:36:25 -0700] "-" 400 0 "-" "-"
184.191.224.10 - - [30/Mar/2012:13:37:01 -0700] "GET / HTTP/1.1" 200 1430 "-" "Caffeinated/1.1.1 CFNetwork/520.3.2 Darwin/11.3.0 (x86_64) (MacBookPro8%2C1)"
184.191.224.10 - - [30/Mar/2012:13:37:01 -0700] "GET /favicon.ico HTTP/1.1" 404 142 "-" "Caffeinated/1.1.1 CFNetwork/520.3.2 Darwin/11.3.0 (x86_64) (MacBookPro8%2C1)"
184.191.224.10 - - [30/Mar/2012:13:37:43 -0700] "GET / HTTP/1.1" 200 1430 "-" "Caffeinated/1.1.1 CFNetwork/520.3.2 Darwin/11.3.0 (x86_64) (MacBookPro8%2C1)"
184.191.224.10 - - [30/Mar/2012:13:37:44 -0700] "GET /favicon.ico HTTP/1.1" 404 142 "-" "Caffeinated/1.1.1 CFNetwork/520.3.2 Darwin/11.3.0 (x86_64) (MacBookPro8%2C1)"
74.125.156.90 - - [30/Mar/2012:13:38:19 -0700] "GET /favicon.ico HTTP/1.1" 404 211 "-" "-"
184.191.224.10 - - [30/Mar/2012:13:38:32 -0700] "GET / HTTP/1.1" 200 1430 "-" "Caffeinated/1.1.1 CFNetwork/520.3.2 Darwin/11.3.0 (x86_64) (MacBookPro8%2C1)"
184.191.224.10 - - [30/Mar/2012:13:38:32 -0700] "GET /favicon.ico HTTP/1.1" 404 142 "-" "Caffeinated/1.1.1 CFNetwork/520.3.2 Darwin/11.3.0 (x86_64) (MacBookPro8%2C1)"
184.191.224.10 - - [30/Mar/2012:13:39:17 -0700] "GET / HTTP/1.1" 200 1430 "-" "Caffeinated/1.1.1 CFNetwork/520.3.2 Darwin/11.3.0 (x86_64) (MacBookPro8%2C1)"
184.191.224.10 - - [30/Mar/2012:13:39:17 -0700] "GET /favicon.ico HTTP/1.1" 404 142 "-" "Caffeinated/1.1.1 CFNetwork/520.3.2 Darwin/11.3.0 (x86_64) (MacBookPro8%2C1)"
85.17.88.169 - - [30/Mar/2012:13:39:40 -0700] "POST /blog/wp-cron.php?doing_wp_cron=1333139744 HTTP/1.0" 499 0 "-" "WordPress/3.3.1; http://yuvi.in/blog"
119.63.196.125 - - [30/Mar/2012:13:39:41 -0700] "GET /blog/my-vim-setup/ HTTP/1.1" 200 7100 "-" "Mozilla/5.0 (compatible; Baiduspider/2.0; +http://www.baidu.com/search/spider.html)"
117.254.134.5 - - [30/Mar/2012:13:39:55 -0700] "-" 400 0 "-" "-"
184.191.224.10 - - [30/Mar/2012:13:40:02 -0700] "GET / HTTP/1.1" 200 1430 "-" "Caffeinated/1.1.1 CFNetwork/520.3.2 Darwin/11.3.0 (x86_64) (MacBookPro8%2C1)"
184.191.224.10 - - [30/Mar/2012:13:40:02 -0700] "GET /favicon.ico HTTP/1.1" 404 142 "-" "Caffeinated/1.1.1 CFNetwork/520.3.2 Darwin/11.3.0 (x86_64) (MacBookPro8%2C1)"
184.191.224.10 - - [30/Mar/2012:13:40:42 -0700] "GET / HTTP/1.1" 200 1430 "-" "Caffeinated/1.1.1 CFNetwork/520.3.2 Darwin/11.3.0 (x86_64) (MacBookPro8%2C1)"
184.191.224.10 - - [30/Mar/2012:13:40:42 -0700] "GET /favicon.ico HTTP/1.1" 404 142 "-" "Caffeinated/1.1.1 CFNetwork/520.3.2 Darwin/11.3.0 (x86_64) (MacBookPro8%2C1)"
184.191.224.10 - - [30/Mar/2012:13:41:26 -0700] "GET / HTTP/1.1" 200 1430 "-" "Caffeinated/1.1.1 CFNetwork/520.3.2 Darwin/11.3.0 (x86_64) (MacBookPro8%2C1)"
184.191.224.10 - - [30/Mar/2012:13:41:26 -0700] "GET /favicon.ico HTTP/1.1" 404 142 "-" "Caffeinated/1.1.1 CFNetwork/520.3.2 Darwin/11.3.0 (x86_64) (MacBookPro8%2C1)"
184.191.224.10 - - [30/Mar/2012:13:42:07 -0700] "GET / HTTP/1.1" 200 1430 "-" "Caffeinated/1.1.1 CFNetwork/520.3.2 Darwin/11.3.0 (x86_64) (MacBookPro8%2C1)"
184.191.224.10 - - [30/Mar/2012:13:42:07 -0700] "GET /favicon.ico HTTP/1.1" 404 142 "-" "Caffeinated/1.1.1 CFNetwork/520.3.2 Darwin/11.3.0 (x86_64) (MacBookPro8%2C1)"
184.191.224.10 - - [30/Mar/2012:13:42:48 -0700] "GET / HTTP/1.1" 200 1430 "-" "Caffeinated/1.1.1 CFNetwork/520.3.2 Darwin/11.3.0 (x86_64) (MacBookPro8%2C1)"
184.191.224.10 - - [30/Mar/2012:13:42:48 -0700] "GET /favicon.ico HTTP/1.1" 404 142 "-" "Caffeinated/1.1.1 CFNetwork/520.3.2 Darwin/11.3.0 (x86_64) (MacBookPro8%2C1)"
123.125.71.31 - - [30/Mar/2012:13:43:02 -0700] "GET / HTTP/1.1" 200 3439 "-" "Mozilla/5.0 (compatible; Baiduspider/2.0; +http://www.baidu.com/search/spider.html)"
184.191.224.10 - - [30/Mar/2012:13:43:36 -0700] "GET / HTTP/1.1" 200 1430 "-" "Caffeinated/1.1.1 CFNetwork/520.3.2 Darwin/11.3.0 (x86_64) (MacBookPro8%2C1)"
184.191.224.10 - - [30/Mar/2012:13:43:36 -0700] "GET /favicon.ico HTTP/1.1" 404 142 "-" "Caffeinated/1.1.1 CFNetwork/520.3.2 Darwin/11.3.0 (x86_64) (MacBookPro8%2C1)"
70.173.156.133 - - [30/Mar/2012:13:43:43 -0700] "GET /favicon.ico HTTP/1.1" 404 199 "http://prashanth-kamle.blogspot.com/2009/03/viterbi-algorithm-for-second-order.html" "Mozilla/5.0 (X11; Linux i686) AppleWebKit/535.11 (KHTML, like Gecko) Chrome/17.0.963.83 Safari/535.11"
220.181.108.94 - - [30/Mar/2012:13:43:48 -0700] "GET / HTTP/1.1" 200 3439 "-" "Mozilla/5.0 (compatible; Baiduspider/2.0; +http://www.baidu.com/search/spider.html)"
184.191.224.10 - - [30/Mar/2012:13:44:12 -0700] "GET / HTTP/1.1" 200 1430 "-" "Caffeinated/1.1.1 CFNetwork/520.3.2 Darwin/11.3.0 (x86_64) (MacBookPro8%2C1)"
184.191.224.10 - - [30/Mar/2012:13:44:13 -0700] "GET /favicon.ico HTTP/1.1" 404 142 "-" "Caffeinated/1.1.1 CFNetwork/520.3.2 Darwin/11.3.0 (x86_64) (MacBookPro8%2C1)"
85.17.88.169 - - [30/Mar/2012:13:44:57 -0700] "POST /blog/wp-cron.php?doing_wp_cron=1333140061 HTTP/1.0" 499 0 "-" "WordPress/3.3.1; http://yuvi.in/blog"
124.187.143.37 - - [30/Mar/2012:13:44:58 -0700] "GET /blog/feed/ HTTP/1.1" 304 0 "-" "FeedDemon/3.0 (http://www.feeddemon.com/; Microsoft Windows XP)"
184.191.224.10 - - [30/Mar/2012:13:44:59 -0700] "GET / HTTP/1.1" 200 1430 "-" "Caffeinated/1.1.1 CFNetwork/520.3.2 Darwin/11.3.0 (x86_64) (MacBookPro8%2C1)"
184.191.224.10 - - [30/Mar/2012:13:45:00 -0700] "GET /favicon.ico HTTP/1.1" 404 142 "-" "Caffeinated/1.1.1 CFNetwork/520.3.2 Darwin/11.3.0 (x86_64) (MacBookPro8%2C1)"
184.191.224.10 - - [30/Mar/2012:13:45:38 -0700] "GET / HTTP/1.1" 200 1430 "-" "Caffeinated/1.1.1 CFNetwork/520.3.2 Darwin/11.3.0 (x86_64) (MacBookPro8%2C1)"
184.191.224.10 - - [30/Mar/2012:13:45:38 -0700] "GET /favicon.ico HTTP/1.1" 404 142 "-" "Caffeinated/1.1.1 CFNetwork/520.3.2 Darwin/11.3.0 (x86_64) (MacBookPro8%2C1)"
122.174.12.19 - - [30/Mar/2012:13:45:58 -0700] "-" 400 0 "-" "-"
184.191.224.10 - - [30/Mar/2012:13:46:27 -0700] "GET / HTTP/1.1" 200 1430 "-" "Caffeinated/1.1.1 CFNetwork/520.3.2 Darwin/11.3.0 (x86_64) (MacBookPro8%2C1)"
184.191.224.10 - - [30/Mar/2012:13:46:27 -0700] "GET /favicon.ico HTTP/1.1" 404 142 "-" "Caffeinated/1.1.1 CFNetwork/520.3.2 Darwin/11.3.0 (x86_64) (MacBookPro8%2C1)"
184.191.224.10 - - [30/Mar/2012:13:47:02 -0700] "GET / HTTP/1.1" 200 1430 "-" "Caffeinated/1.1.1 CFNetwork/520.3.2 Darwin/11.3.0 (x86_64) (MacBookPro8%2C1)"
184.191.224.10 - - [30/Mar/2012:13:47:02 -0700] "GET /favicon.ico HTTP/1.1" 404 142 "-" "Caffeinated/1.1.1 CFNetwork/520.3.2 Darwin/11.3.0 (x86_64) (MacBookPro8%2C1)"
184.191.224.10 - - [30/Mar/2012:13:47:55 -0700] "GET / HTTP/1.1" 200 1430 "-" "Caffeinated/1.1.1 CFNetwork/520.3.2 Darwin/11.3.0 (x86_64) (MacBookPro8%2C1)"
184.191.224.10 - - [30/Mar/2012:13:47:55 -0700] "GET /favicon.ico HTTP/1.1" 404 142 "-" "Caffeinated/1.1.1 CFNetwork/520.3.2 Darwin/11.3.0 (x86_64) (MacBookPro8%2C1)"
184.191.224.10 - - [30/Mar/2012:13:48:26 -0700] "GET / HTTP/1.1" 200 1430 "-" "Caffeinated/1.1.1 CFNetwork/520.3.2 Darwin/11.3.0 (x86_64) (MacBookPro8%2C1)"
184.191.224.10 - - [30/Mar/2012:13:48:26 -0700] "GET /favicon.ico HTTP/1.1" 404 142 "-" "Caffeinated/1.1.1 CFNetwork/520.3.2 Darwin/11.3.0 (x86_64) (MacBookPro8%2C1)"
85.17.88.169 - - [30/Mar/2012:13:48:46 -0700] "POST /blog/wp-cron.php?doing_wp_cron=1333140289 HTTP/1.0" 499 0 "-" "WordPress/3.3.1; http://yuvi.in/blog"
209.85.224.99 - - [30/Mar/2012:13:48:46 -0700] "GET /blog/feed HTTP/1.1" 304 0 "-" "FeedBurner/1.0 (http://www.FeedBurner.com)"
184.191.224.10 - - [30/Mar/2012:13:49:25 -0700] "GET / HTTP/1.1" 200 1430 "-" "Caffeinated/1.1.1 CFNetwork/520.3.2 Darwin/11.3.0 (x86_64) (MacBookPro8%2C1)"
184.191.224.10 - - [30/Mar/2012:13:49:25 -0700] "GET /favicon.ico HTTP/1.1" 404 142 "-" "Caffeinated/1.1.1 CFNetwork/520.3.2 Darwin/11.3.0 (x86_64) (MacBookPro8%2C1)"
122.174.12.19 - - [30/Mar/2012:13:49:38 -0700] "-" 400 0 "-" "-"
184.191.224.10 - - [30/Mar/2012:13:49:52 -0700] "GET / HTTP/1.1" 200 1430 "-" "Caffeinated/1.1.1 CFNetwork/520.3.2 Darwin/11.3.0 (x86_64) (MacBookPro8%2C1)"
184.191.224.10 - - [30/Mar/2012:13:49:53 -0700] "GET /favicon.ico HTTP/1.1" 404 142 "-" "Caffeinated/1.1.1 CFNetwork/520.3.2 Darwin/11.3.0 (x86_64) (MacBookPro8%2C1)"
122.174.12.19 - - [30/Mar/2012:13:50:08 -0700] "-" 400 0 "-" "-"
69.171.234.2 - - [30/Mar/2012:13:50:13 -0700] "GET /r/3bl HTTP/1.1" 301 255 "-" "facebookexternalhit/1.1 (+http://www.facebook.com/externalhit_uatext.php)"
69.171.234.4 - - [30/Mar/2012:13:50:13 -0700] "GET /s/ta/3bl/ HTTP/1.1" 302 413 "-" "facebookexternalhit/1.1 (+http://www.facebook.com/externalhit_uatext.php)"
69.171.234.5 - - [30/Mar/2012:13:50:16 -0700] "GET /r/1a21 HTTP/1.1" 301 257 "-" "facebookexternalhit/1.1 (+http://www.facebook.com/externalhit_uatext.php)"
69.171.234.0 - - [30/Mar/2012:13:50:17 -0700] "GET /s/ta/1a21/ HTTP/1.1" 302 385 "-" "facebookexternalhit/1.1 (+http://www.facebook.com/externalhit_uatext.php)"
69.171.234.7 - - [30/Mar/2012:13:50:17 -0700] "GET /r/3g7 HTTP/1.1" 301 255 "-" "facebookexternalhit/1.1 (+http://www.facebook.com/externalhit_uatext.php)"
69.171.234.5 - - [30/Mar/2012:13:50:17 -0700] "GET /s/ta/3g7/ HTTP/1.1" 302 465 "-" "facebookexternalhit/1.1 (+http://www.facebook.com/externalhit_uatext.php)"
69.171.234.0 - - [30/Mar/2012:13:50:19 -0700] "GET /r/qkg HTTP/1.1" 301 255 "-" "facebookexternalhit/1.1 (+http://www.facebook.com/externalhit_uatext.php)"
69.171.234.3 - - [30/Mar/2012:13:50:19 -0700] "GET /s/ta/qkg/ HTTP/1.1" 302 349 "-" "facebookexternalhit/1.1 (+http://www.facebook.com/externalhit_uatext.php)"
69.171.234.7 - - [30/Mar/2012:13:50:20 -0700] "GET /r/1uz HTTP/1.1" 301 255 "-" "facebookexternalhit/1.1 (+http://www.facebook.com/externalhit_uatext.php)"
69.171.234.6 - - [30/Mar/2012:13:50:20 -0700] "GET /s/ta/1uz/ HTTP/1.1" 302 781 "-" "facebookexternalhit/1.1 (+http://www.facebook.com/externalhit_uatext.php)"
69.171.234.1 - - [30/Mar/2012:13:50:21 -0700] "GET /r/7v5 HTTP/1.1" 301 255 "-" "facebookexternalhit/1.1 (+http://www.facebook.com/externalhit_uatext.php)"
69.171.234.7 - - [30/Mar/2012:13:50:21 -0700] "GET /s/ta/7v5/ HTTP/1.1" 302 385 "-" "facebookexternalhit/1.1 (+http://www.facebook.com/externalhit_uatext.php)"
69.171.234.1 - - [30/Mar/2012:13:50:22 -0700] "GET /r/1t4r HTTP/1.1" 301 257 "-" "facebookexternalhit/1.1 (+http://www.facebook.com/externalhit_uatext.php)"
69.171.234.2 - - [30/Mar/2012:13:50:23 -0700] "GET /s/ta/1t4r/ HTTP/1.1" 302 561 "-" "facebookexternalhit/1.1 (+http://www.facebook.com/externalhit_uatext.php)"
69.171.234.7 - - [30/Mar/2012:13:50:24 -0700] "GET /r/252 HTTP/1.1" 301 255 "-" "facebookexternalhit/1.1 (+http://www.facebook.com/externalhit_uatext.php)"
69.171.234.4 - - [30/Mar/2012:13:50:24 -0700] "GET /s/ta/252/ HTTP/1.1" 302 461 "-" "facebookexternalhit/1.1 (+http://www.facebook.com/externalhit_uatext.php)"
69.171.234.7 - - [30/Mar/2012:13:50:25 -0700] "GET /r/iki HTTP/1.1" 301 255 "-" "facebookexternalhit/1.1 (+http://www.facebook.com/externalhit_uatext.php)"
69.171.234.6 - - [30/Mar/2012:13:50:25 -0700] "GET /s/ta/iki/ HTTP/1.1" 302 589 "-" "facebookexternalhit/1.1 (+http://www.facebook.com/externalhit_uatext.php)"
69.171.234.3 - - [30/Mar/2012:13:50:27 -0700] "GET /r/3hd HTTP/1.1" 301 255 "-" "facebookexternalhit/1.1 (+http://www.facebook.com/externalhit_uatext.php)"
69.171.234.7 - - [30/Mar/2012:13:50:28 -0700] "GET /s/ta/3hd/ HTTP/1.1" 302 409 "-" "facebookexternalhit/1.1 (+http://www.facebook.com/externalhit_uatext.php)"
184.191.224.10 - - [30/Mar/2012:13:50:49 -0700] "GET / HTTP/1.1" 200 1430 "-" "Caffeinated/1.1.1 CFNetwork/520.3.2 Darwin/11.3.0 (x86_64) (MacBookPro8%2C1)"
184.191.224.10 - - [30/Mar/2012:13:50:49 -0700] "GET /favicon.ico HTTP/1.1" 404 142 "-" "Caffeinated/1.1.1 CFNetwork/520.3.2 Darwin/11.3.0 (x86_64) (MacBookPro8%2C1)"
85.17.88.169 - - [30/Mar/2012:13:51:12 -0700] "POST /blog/wp-cron.php?doing_wp_cron=1333140435 HTTP/1.0" 499 0 "-" "WordPress/3.3.1; http://yuvi.in/blog"
109.109.254.138 - - [30/Mar/2012:13:51:12 -0700] "GET /blog/feed/atom/ HTTP/1.1" 304 0 "-" "SocialSearcher/0.1  Mozilla/5.0"
184.191.224.10 - - [30/Mar/2012:13:51:19 -0700] "GET / HTTP/1.1" 200 1430 "-" "Caffeinated/1.1.1 CFNetwork/520.3.2 Darwin/11.3.0 (x86_64) (MacBookPro8%2C1)"
184.191.224.10 - - [30/Mar/2012:13:51:19 -0700] "GET /favicon.ico HTTP/1.1" 404 142 "-" "Caffeinated/1.1.1 CFNetwork/520.3.2 Darwin/11.3.0 (x86_64) (MacBookPro8%2C1)"
184.191.224.10 - - [30/Mar/2012:13:52:13 -0700] "GET / HTTP/1.1" 200 1430 "-" "Caffeinated/1.1.1 CFNetwork/520.3.2 Darwin/11.3.0 (x86_64) (MacBookPro8%2C1)"
184.191.224.10 - - [30/Mar/2012:13:52:13 -0700] "GET /favicon.ico HTTP/1.1" 404 142 "-" "Caffeinated/1.1.1 CFNetwork/520.3.2 Darwin/11.3.0 (x86_64) (MacBookPro8%2C1)"
184.191.224.10 - - [30/Mar/2012:13:52:45 -0700] "GET / HTTP/1.1" 200 1430 "-" "Caffeinated/1.1.1 CFNetwork/520.3.2 Darwin/11.3.0 (x86_64) (MacBookPro8%2C1)"
184.191.224.10 - - [30/Mar/2012:13:52:45 -0700] "GET /favicon.ico HTTP/1.1" 404 142 "-" "Caffeinated/1.1.1 CFNetwork/520.3.2 Darwin/11.3.0 (x86_64) (MacBookPro8%2C1)"
184.191.224.10 - - [30/Mar/2012:13:53:47 -0700] "GET / HTTP/1.1" 200 1430 "-" "Caffeinated/1.1.1 CFNetwork/520.3.2 Darwin/11.3.0 (x86_64) (MacBookPro8%2C1)"
184.191.224.10 - - [30/Mar/2012:13:53:47 -0700] "GET /favicon.ico HTTP/1.1" 404 142 "-" "Caffeinated/1.1.1 CFNetwork/520.3.2 Darwin/11.3.0 (x86_64) (MacBookPro8%2C1)"
184.191.224.10 - - [30/Mar/2012:13:54:15 -0700] "GET / HTTP/1.1" 200 1430 "-" "Caffeinated/1.1.1 CFNetwork/520.3.2 Darwin/11.3.0 (x86_64) (MacBookPro8%2C1)"
184.191.224.10 - - [30/Mar/2012:13:54:15 -0700] "GET /favicon.ico HTTP/1.1" 404 142 "-" "Caffeinated/1.1.1 CFNetwork/520.3.2 Darwin/11.3.0 (x86_64) (MacBookPro8%2C1)"
66.249.73.23 - - [30/Mar/2012:13:54:49 -0700] "GET /s/ta/2%3Ca%20href%3D/ HTTP/1.1" 502 173 "-" "Mozilla/5.0 (compatible; Googlebot/2.1; +http://www.google.com/bot.html)"
184.191.224.10 - - [30/Mar/2012:13:55:15 -0700] "GET / HTTP/1.1" 200 1430 "-" "Caffeinated/1.1.1 CFNetwork/520.3.2 Darwin/11.3.0 (x86_64) (MacBookPro8%2C1)"
184.191.224.10 - - [30/Mar/2012:13:55:15 -0700] "GET /favicon.ico HTTP/1.1" 404 142 "-" "Caffeinated/1.1.1 CFNetwork/520.3.2 Darwin/11.3.0 (x86_64) (MacBookPro8%2C1)"
69.171.234.1 - - [30/Mar/2012:13:55:35 -0700] "GET /r/3g7 HTTP/1.1" 301 255 "-" "facebookexternalhit/1.1 (+http://www.facebook.com/externalhit_uatext.php)"
69.171.234.3 - - [30/Mar/2012:13:55:35 -0700] "GET /s/ta/3g7/ HTTP/1.1" 302 465 "-" "facebookexternalhit/1.1 (+http://www.facebook.com/externalhit_uatext.php)"
69.171.234.4 - - [30/Mar/2012:13:55:37 -0700] "GET /r/252 HTTP/1.1" 301 255 "-" "facebookexternalhit/1.1 (+http://www.facebook.com/externalhit_uatext.php)"
69.171.234.2 - - [30/Mar/2012:13:55:37 -0700] "GET /s/ta/252/ HTTP/1.1" 302 461 "-" "facebookexternalhit/1.1 (+http://www.facebook.com/externalhit_uatext.php)"
69.171.234.5 - - [30/Mar/2012:13:55:38 -0700] "GET /r/iki HTTP/1.1" 301 255 "-" "facebookexternalhit/1.1 (+http://www.facebook.com/externalhit_uatext.php)"
69.171.234.4 - - [30/Mar/2012:13:55:38 -0700] "GET /s/ta/iki/ HTTP/1.1" 302 589 "-" "facebookexternalhit/1.1 (+http://www.facebook.com/externalhit_uatext.php)"
184.191.224.10 - - [30/Mar/2012:13:55:40 -0700] "GET / HTTP/1.1" 200 1430 "-" "Caffeinated/1.1.1 CFNetwork/520.3.2 Darwin/11.3.0 (x86_64) (MacBookPro8%2C1)"
184.191.224.10 - - [30/Mar/2012:13:55:40 -0700] "GET /favicon.ico HTTP/1.1" 404 142 "-" "Caffeinated/1.1.1 CFNetwork/520.3.2 Darwin/11.3.0 (x86_64) (MacBookPro8%2C1)"
122.174.12.19 - - [30/Mar/2012:13:55:48 -0700] "-" 400 0 "-" "-"
122.174.12.19 - - [30/Mar/2012:13:55:48 -0700] "-" 400 0 "-" "-"
122.174.12.19 - - [30/Mar/2012:13:55:48 -0700] "-" 400 0 "-" "-"
122.174.12.19 - - [30/Mar/2012:13:55:48 -0700] "-" 400 0 "-" "-"
124.115.6.10 - - [30/Mar/2012:13:56:39 -0700] "GET /robots.txt HTTP/1.1" 404 142 "-" "Sosospider+(+http://help.soso.com/webspider.htm)"
184.191.224.10 - - [30/Mar/2012:13:56:39 -0700] "GET / HTTP/1.1" 200 1430 "-" "Caffeinated/1.1.1 CFNetwork/520.3.2 Darwin/11.3.0 (x86_64) (MacBookPro8%2C1)"
184.191.224.10 - - [30/Mar/2012:13:56:40 -0700] "GET /favicon.ico HTTP/1.1" 404 142 "-" "Caffeinated/1.1.1 CFNetwork/520.3.2 Darwin/11.3.0 (x86_64) (MacBookPro8%2C1)"
184.191.224.10 - - [30/Mar/2012:13:57:07 -0700] "GET / HTTP/1.1" 200 1430 "-" "Caffeinated/1.1.1 CFNetwork/520.3.2 Darwin/11.3.0 (x86_64) (MacBookPro8%2C1)"
184.191.224.10 - - [30/Mar/2012:13:57:07 -0700] "GET /favicon.ico HTTP/1.1" 404 142 "-" "Caffeinated/1.1.1 CFNetwork/520.3.2 Darwin/11.3.0 (x86_64) (MacBookPro8%2C1)"
184.191.224.10 - - [30/Mar/2012:13:58:06 -0700] "GET / HTTP/1.1" 200 1430 "-" "Caffeinated/1.1.1 CFNetwork/520.3.2 Darwin/11.3.0 (x86_64) (MacBookPro8%2C1)"
184.191.224.10 - - [30/Mar/2012:13:58:06 -0700] "GET /favicon.ico HTTP/1.1" 404 142 "-" "Caffeinated/1.1.1 CFNetwork/520.3.2 Darwin/11.3.0 (x86_64) (MacBookPro8%2C1)"
184.191.224.10 - - [30/Mar/2012:13:58:33 -0700] "GET / HTTP/1.1" 200 1430 "-" "Caffeinated/1.1.1 CFNetwork/520.3.2 Darwin/11.3.0 (x86_64) (MacBookPro8%2C1)"
184.191.224.10 - - [30/Mar/2012:13:58:33 -0700] "GET /favicon.ico HTTP/1.1" 404 142 "-" "Caffeinated/1.1.1 CFNetwork/520.3.2 Darwin/11.3.0 (x86_64) (MacBookPro8%2C1)"
184.191.224.10 - - [30/Mar/2012:13:59:32 -0700] "GET / HTTP/1.1" 200 1430 "-" "Caffeinated/1.1.1 CFNetwork/520.3.2 Darwin/11.3.0 (x86_64) (MacBookPro8%2C1)"
184.191.224.10 - - [30/Mar/2012:13:59:32 -0700] "GET /favicon.ico HTTP/1.1" 404 142 "-" "Caffeinated/1.1.1 CFNetwork/520.3.2 Darwin/11.3.0 (x86_64) (MacBookPro8%2C1)"
184.191.224.10 - - [30/Mar/2012:14:00:01 -0700] "GET / HTTP/1.1" 200 1430 "-" "Caffeinated/1.1.1 CFNetwork/520.3.2 Darwin/11.3.0 (x86_64) (MacBookPro8%2C1)"
184.191.224.10 - - [30/Mar/2012:14:00:01 -0700] "GET /favicon.ico HTTP/1.1" 404 142 "-" "Caffeinated/1.1.1 CFNetwork/520.3.2 Darwin/11.3.0 (x86_64) (MacBookPro8%2C1)"
184.191.224.10 - - [30/Mar/2012:14:00:55 -0700] "GET / HTTP/1.1" 200 1430 "-" "Caffeinated/1.1.1 CFNetwork/520.3.2 Darwin/11.3.0 (x86_64) (MacBookPro8%2C1)"
184.191.224.10 - - [30/Mar/2012:14:00:55 -0700] "GET /favicon.ico HTTP/1.1" 404 142 "-" "Caffeinated/1.1.1 CFNetwork/520.3.2 Darwin/11.3.0 (x86_64) (MacBookPro8%2C1)"
184.191.224.10 - - [30/Mar/2012:14:01:20 -0700] "GET / HTTP/1.1" 200 1430 "-" "Caffeinated/1.1.1 CFNetwork/520.3.2 Darwin/11.3.0 (x86_64) (MacBookPro8%2C1)"
184.191.224.10 - - [30/Mar/2012:14:01:20 -0700] "GET /favicon.ico HTTP/1.1" 404 142 "-" "Caffeinated/1.1.1 CFNetwork/520.3.2 Darwin/11.3.0 (x86_64) (MacBookPro8%2C1)"
65.52.110.16 - - [30/Mar/2012:14:01:32 -0700] "GET /blog/the-end-of-gsoc-2010.html HTTP/1.1" 304 0 "-" "Mozilla/5.0 (compatible; bingbot/2.0; +http://www.bing.com/bingbot.htm)"
184.191.224.10 - - [30/Mar/2012:14:02:17 -0700] "GET / HTTP/1.1" 200 1430 "-" "Caffeinated/1.1.1 CFNetwork/520.3.2 Darwin/11.3.0 (x86_64) (MacBookPro8%2C1)"
184.191.224.10 - - [30/Mar/2012:14:02:17 -0700] "GET /favicon.ico HTTP/1.1" 404 142 "-" "Caffeinated/1.1.1 CFNetwork/520.3.2 Darwin/11.3.0 (x86_64) (MacBookPro8%2C1)"
85.17.88.169 - - [30/Mar/2012:14:02:33 -0700] "POST /blog/wp-cron.php?doing_wp_cron=1333141117 HTTP/1.0" 499 0 "-" "WordPress/3.3.1; http://yuvi.in/blog"
41.0.25.2 - - [30/Mar/2012:14:02:34 -0700] "GET /blog/interview-sriram-krishnan-5-years-old/ HTTP/1.0" 200 14239 "http://www.google.co.za/url?sa=t&rct=j&q=interview+to+5+year+old+examples&source=web&cd=7&ved=0CFYQFjAG&url=http%3A%2F%2Fyuvi.in%2Fblog%2Finterview-sriram-krishnan-5-years-old%2F&ei=IBx2T_-xJZG2hAfKyNTFDQ&usg=AFQjCNGMOWmdanL_AeeIlFJ3gOWK423mdQ" "Mozilla/5.0 (Windows NT 5.1) AppleWebKit/535.11 (KHTML, like Gecko) Chrome/17.0.963.79 Safari/535.11"
41.0.25.2 - - [30/Mar/2012:14:02:36 -0700] "GET /blog/wp-content/themes/cleanr/js/jquery.dropdown.js?ver=3.3.1 HTTP/1.0" 200 535 "http://yuvi.in/blog/interview-sriram-krishnan-5-years-old/" "Mozilla/5.0 (Windows NT 5.1) AppleWebKit/535.11 (KHTML, like Gecko) Chrome/17.0.963.79 Safari/535.11"
41.0.25.2 - - [30/Mar/2012:14:02:36 -0700] "GET /blog/wp-content/themes/cleanr/style.css HTTP/1.0" 200 10508 "http://yuvi.in/blog/interview-sriram-krishnan-5-years-old/" "Mozilla/5.0 (Windows NT 5.1) AppleWebKit/535.11 (KHTML, like Gecko) Chrome/17.0.963.79 Safari/535.11"
41.0.25.2 - - [30/Mar/2012:14:02:40 -0700] "GET /blog/wp-content/themes/cleanr/css/reset.css HTTP/1.1" 200 648 "http://yuvi.in/blog/interview-sriram-krishnan-5-years-old/" "Mozilla/5.0 (Windows NT 5.1) AppleWebKit/535.11 (KHTML, like Gecko) Chrome/17.0.963.79 Safari/535.11"
41.0.25.2 - - [30/Mar/2012:14:02:40 -0700] "GET /blog/wp-content/themes/cleanr/css/960.css HTTP/1.1" 200 3628 "http://yuvi.in/blog/interview-sriram-krishnan-5-years-old/" "Mozilla/5.0 (Windows NT 5.1) AppleWebKit/535.11 (KHTML, like Gecko) Chrome/17.0.963.79 Safari/535.11"
41.0.25.2 - - [30/Mar/2012:14:02:40 -0700] "GET /blog/wp-content/themes/cleanr/css/text.css HTTP/1.1" 200 420 "http://yuvi.in/blog/interview-sriram-krishnan-5-years-old/" "Mozilla/5.0 (Windows NT 5.1) AppleWebKit/535.11 (KHTML, like Gecko) Chrome/17.0.963.79 Safari/535.11"
184.191.224.10 - - [30/Mar/2012:14:02:44 -0700] "GET / HTTP/1.1" 200 1430 "-" "Caffeinated/1.1.1 CFNetwork/520.3.2 Darwin/11.3.0 (x86_64) (MacBookPro8%2C1)"
184.191.224.10 - - [30/Mar/2012:14:02:44 -0700] "GET /favicon.ico HTTP/1.1" 404 142 "-" "Caffeinated/1.1.1 CFNetwork/520.3.2 Darwin/11.3.0 (x86_64) (MacBookPro8%2C1)"
41.0.25.2 - - [30/Mar/2012:14:02:54 -0700] "GET /blog/wp-includes/js/jquery/jquery.js?ver=1.7.1 HTTP/1.0" 200 93889 "http://yuvi.in/blog/interview-sriram-krishnan-5-years-old/" "Mozilla/5.0 (Windows NT 5.1) AppleWebKit/535.11 (KHTML, like Gecko) Chrome/17.0.963.79 Safari/535.11"
41.0.25.2 - - [30/Mar/2012:14:03:02 -0700] "GET /blog/wp-content/themes/cleanr/images/search_magnifier.gif HTTP/1.1" 200 394 "http://yuvi.in/blog/interview-sriram-krishnan-5-years-old/" "Mozilla/5.0 (Windows NT 5.1) AppleWebKit/535.11 (KHTML, like Gecko) Chrome/17.0.963.79 Safari/535.11"
41.0.25.2 - - [30/Mar/2012:14:03:05 -0700] "GET /favicon.ico HTTP/1.1" 404 571 "-" "Mozilla/5.0 (Windows NT 5.1) AppleWebKit/535.11 (KHTML, like Gecko) Chrome/17.0.963.79 Safari/535.11"
41.0.25.2 - - [30/Mar/2012:14:03:18 -0700] "GET /favicon.ico HTTP/1.1" 404 571 "-" "Mozilla/5.0 (Windows NT 5.1) AppleWebKit/535.11 (KHTML, like Gecko) Chrome/17.0.963.79 Safari/535.11"
41.0.25.2 - - [30/Mar/2012:14:03:18 -0700] "GET /favicon.ico HTTP/1.1" 404 571 "-" "Mozilla/5.0 (Windows NT 5.1) AppleWebKit/535.11 (KHTML, like Gecko) Chrome/17.0.963.79 Safari/535.11"
41.0.25.2 - - [30/Mar/2012:14:03:20 -0700] "GET /favicon.ico HTTP/1.1" 404 571 "-" "Mozilla/5.0 (Windows NT 5.1) AppleWebKit/535.11 (KHTML, like Gecko) Chrome/17.0.963.79 Safari/535.11"
41.0.25.2 - - [30/Mar/2012:14:03:25 -0700] "GET /favicon.ico HTTP/1.1" 404 571 "-" "Mozilla/5.0 (Windows NT 5.1) AppleWebKit/535.11 (KHTML, like Gecko) Chrome/17.0.963.79 Safari/535.11"
41.0.25.2 - - [30/Mar/2012:14:03:26 -0700] "GET /favicon.ico HTTP/1.1" 404 571 "-" "Mozilla/5.0 (Windows NT 5.1) AppleWebKit/535.11 (KHTML, like Gecko) Chrome/17.0.963.79 Safari/535.11"
41.0.25.2 - - [30/Mar/2012:14:03:34 -0700] "GET /favicon.ico HTTP/1.1" 404 571 "-" "Mozilla/5.0 (Windows NT 5.1) AppleWebKit/535.11 (KHTML, like Gecko) Chrome/17.0.963.79 Safari/535.11"
85.17.88.169 - - [30/Mar/2012:14:03:36 -0700] "POST /blog/wp-cron.php?doing_wp_cron=1333141179 HTTP/1.0" 499 0 "-" "WordPress/3.3.1; http://yuvi.in/blog"
41.0.25.2 - - [30/Mar/2012:14:03:36 -0700] "GET /blog/interview-sriram-krishnan-5-years-old/?cf_action=sync_comments&post_id=184 HTTP/1.1" 200 48 "http://yuvi.in/blog/interview-sriram-krishnan-5-years-old/" "Mozilla/5.0 (Windows NT 5.1) AppleWebKit/535.11 (KHTML, like Gecko) Chrome/17.0.963.79 Safari/535.11"
184.191.224.10 - - [30/Mar/2012:14:03:41 -0700] "GET / HTTP/1.1" 200 1430 "-" "Caffeinated/1.1.1 CFNetwork/520.3.2 Darwin/11.3.0 (x86_64) (MacBookPro8%2C1)"
184.191.224.10 - - [30/Mar/2012:14:03:41 -0700] "GET /favicon.ico HTTP/1.1" 404 142 "-" "Caffeinated/1.1.1 CFNetwork/520.3.2 Darwin/11.3.0 (x86_64) (MacBookPro8%2C1)"
184.191.224.10 - - [30/Mar/2012:14:04:09 -0700] "GET / HTTP/1.1" 200 1430 "-" "Caffeinated/1.1.1 CFNetwork/520.3.2 Darwin/11.3.0 (x86_64) (MacBookPro8%2C1)"
184.191.224.10 - - [30/Mar/2012:14:04:09 -0700] "GET /favicon.ico HTTP/1.1" 404 142 "-" "Caffeinated/1.1.1 CFNetwork/520.3.2 Darwin/11.3.0 (x86_64) (MacBookPro8%2C1)"
184.191.224.10 - - [30/Mar/2012:14:05:09 -0700] "GET / HTTP/1.1" 200 1430 "-" "Caffeinated/1.1.1 CFNetwork/520.3.2 Darwin/11.3.0 (x86_64) (MacBookPro8%2C1)"
184.191.224.10 - - [30/Mar/2012:14:05:09 -0700] "GET /favicon.ico HTTP/1.1" 404 142 "-" "Caffeinated/1.1.1 CFNetwork/520.3.2 Darwin/11.3.0 (x86_64) (MacBookPro8%2C1)"
184.191.224.10 - - [30/Mar/2012:14:05:39 -0700] "GET / HTTP/1.1" 200 1430 "-" "Caffeinated/1.1.1 CFNetwork/520.3.2 Darwin/11.3.0 (x86_64) (MacBookPro8%2C1)"
184.191.224.10 - - [30/Mar/2012:14:05:39 -0700] "GET /favicon.ico HTTP/1.1" 404 142 "-" "Caffeinated/1.1.1 CFNetwork/520.3.2 Darwin/11.3.0 (x86_64) (MacBookPro8%2C1)"
184.191.224.10 - - [30/Mar/2012:14:06:51 -0700] "GET / HTTP/1.1" 200 1430 "-" "Caffeinated/1.1.1 CFNetwork/520.3.2 Darwin/11.3.0 (x86_64) (MacBookPro8%2C1)"
184.191.224.10 - - [30/Mar/2012:14:06:51 -0700] "GET /favicon.ico HTTP/1.1" 404 142 "-" "Caffeinated/1.1.1 CFNetwork/520.3.2 Darwin/11.3.0 (x86_64) (MacBookPro8%2C1)"
184.191.224.10 - - [30/Mar/2012:14:07:10 -0700] "GET / HTTP/1.1" 200 1430 "-" "Caffeinated/1.1.1 CFNetwork/520.3.2 Darwin/11.3.0 (x86_64) (MacBookPro8%2C1)"
184.191.224.10 - - [30/Mar/2012:14:07:10 -0700] "GET /favicon.ico HTTP/1.1" 404 142 "-" "Caffeinated/1.1.1 CFNetwork/520.3.2 Darwin/11.3.0 (x86_64) (MacBookPro8%2C1)"
184.191.224.10 - - [30/Mar/2012:14:08:08 -0700] "GET / HTTP/1.1" 200 1430 "-" "Caffeinated/1.1.1 CFNetwork/520.3.2 Darwin/11.3.0 (x86_64) (MacBookPro8%2C1)"
184.191.224.10 - - [30/Mar/2012:14:08:08 -0700] "GET /favicon.ico HTTP/1.1" 404 142 "-" "Caffeinated/1.1.1 CFNetwork/520.3.2 Darwin/11.3.0 (x86_64) (MacBookPro8%2C1)"
184.191.224.10 - - [30/Mar/2012:14:08:50 -0700] "GET / HTTP/1.1" 200 1430 "-" "Caffeinated/1.1.1 CFNetwork/520.3.2 Darwin/11.3.0 (x86_64) (MacBookPro8%2C1)"
184.191.224.10 - - [30/Mar/2012:14:08:50 -0700] "GET /favicon.ico HTTP/1.1" 404 142 "-" "Caffeinated/1.1.1 CFNetwork/520.3.2 Darwin/11.3.0 (x86_64) (MacBookPro8%2C1)"
121.242.39.146 - - [30/Mar/2012:14:09:00 -0700] "-" 400 0 "-" "-"
184.191.224.10 - - [30/Mar/2012:14:09:43 -0700] "GET / HTTP/1.1" 200 1430 "-" "Caffeinated/1.1.1 CFNetwork/520.3.2 Darwin/11.3.0 (x86_64) (MacBookPro8%2C1)"
184.191.224.10 - - [30/Mar/2012:14:09:43 -0700] "GET /favicon.ico HTTP/1.1" 404 142 "-" "Caffeinated/1.1.1 CFNetwork/520.3.2 Darwin/11.3.0 (x86_64) (MacBookPro8%2C1)"
184.191.224.10 - - [30/Mar/2012:14:10:15 -0700] "GET / HTTP/1.1" 200 1430 "-" "Caffeinated/1.1.1 CFNetwork/520.3.2 Darwin/11.3.0 (x86_64) (MacBookPro8%2C1)"
184.191.224.10 - - [30/Mar/2012:14:10:15 -0700] "GET /favicon.ico HTTP/1.1" 404 142 "-" "Caffeinated/1.1.1 CFNetwork/520.3.2 Darwin/11.3.0 (x86_64) (MacBookPro8%2C1)"
85.17.88.169 - - [30/Mar/2012:14:11:00 -0700] "POST /blog/wp-cron.php?doing_wp_cron=1333141624 HTTP/1.0" 499 0 "-" "WordPress/3.3.1; http://yuvi.in/blog"
209.85.238.244 - - [30/Mar/2012:14:11:01 -0700] "GET /blog/feed/ HTTP/1.1" 304 0 "-" "Feedfetcher-Google; (+http://www.google.com/feedfetcher.html; 18 subscribers; feed-id=15064232456473204253)"
184.191.224.10 - - [30/Mar/2012:14:11:07 -0700] "GET / HTTP/1.1" 200 1430 "-" "Caffeinated/1.1.1 CFNetwork/520.3.2 Darwin/11.3.0 (x86_64) (MacBookPro8%2C1)"
184.191.224.10 - - [30/Mar/2012:14:11:07 -0700] "GET /favicon.ico HTTP/1.1" 404 142 "-" "Caffeinated/1.1.1 CFNetwork/520.3.2 Darwin/11.3.0 (x86_64) (MacBookPro8%2C1)"
184.191.224.10 - - [30/Mar/2012:14:11:39 -0700] "GET / HTTP/1.1" 200 1430 "-" "Caffeinated/1.1.1 CFNetwork/520.3.2 Darwin/11.3.0 (x86_64) (MacBookPro8%2C1)"
184.191.224.10 - - [30/Mar/2012:14:11:39 -0700] "GET /favicon.ico HTTP/1.1" 404 142 "-" "Caffeinated/1.1.1 CFNetwork/520.3.2 Darwin/11.3.0 (x86_64) (MacBookPro8%2C1)"
85.17.88.169 - - [30/Mar/2012:14:11:55 -0700] "POST /blog/wp-cron.php?doing_wp_cron=1333141679 HTTP/1.0" 499 0 "-" "WordPress/3.3.1; http://yuvi.in/blog"
66.249.73.27 - - [30/Mar/2012:14:11:56 -0700] "GET /blog/about/ HTTP/1.1" 200 4116 "-" "Mozilla/5.0 (compatible; Googlebot/2.1; +http://www.google.com/bot.html)"
66.249.73.23 - - [30/Mar/2012:14:11:56 -0700] "GET /s/ta/gx3%E0%AE%95%E0%AE%9F%E0%AF%8D%E0%AE%9F%E0%AE%B1%E0%AF%8D%E0%AE%B1/ HTTP/1.1" 502 173 "-" "Mozilla/5.0 (compatible; Googlebot/2.1; +http://www.google.com/bot.html)"
184.191.224.10 - - [30/Mar/2012:14:12:32 -0700] "GET / HTTP/1.1" 200 1430 "-" "Caffeinated/1.1.1 CFNetwork/520.3.2 Darwin/11.3.0 (x86_64) (MacBookPro8%2C1)"
184.191.224.10 - - [30/Mar/2012:14:12:32 -0700] "GET /favicon.ico HTTP/1.1" 404 142 "-" "Caffeinated/1.1.1 CFNetwork/520.3.2 Darwin/11.3.0 (x86_64) (MacBookPro8%2C1)"
184.191.224.10 - - [30/Mar/2012:14:13:01 -0700] "GET / HTTP/1.1" 200 1430 "-" "Caffeinated/1.1.1 CFNetwork/520.3.2 Darwin/11.3.0 (x86_64) (MacBookPro8%2C1)"
184.191.224.10 - - [30/Mar/2012:14:13:01 -0700] "GET /favicon.ico HTTP/1.1" 404 142 "-" "Caffeinated/1.1.1 CFNetwork/520.3.2 Darwin/11.3.0 (x86_64) (MacBookPro8%2C1)"
184.191.224.10 - - [30/Mar/2012:14:14:00 -0700] "GET / HTTP/1.1" 200 1430 "-" "Caffeinated/1.1.1 CFNetwork/520.3.2 Darwin/11.3.0 (x86_64) (MacBookPro8%2C1)"
184.191.224.10 - - [30/Mar/2012:14:14:00 -0700] "GET /favicon.ico HTTP/1.1" 404 142 "-" "Caffeinated/1.1.1 CFNetwork/520.3.2 Darwin/11.3.0 (x86_64) (MacBookPro8%2C1)"
184.191.224.10 - - [30/Mar/2012:14:14:28 -0700] "GET / HTTP/1.1" 200 1430 "-" "Caffeinated/1.1.1 CFNetwork/520.3.2 Darwin/11.3.0 (x86_64) (MacBookPro8%2C1)"
184.191.224.10 - - [30/Mar/2012:14:14:28 -0700] "GET /favicon.ico HTTP/1.1" 404 142 "-" "Caffeinated/1.1.1 CFNetwork/520.3.2 Darwin/11.3.0 (x86_64) (MacBookPro8%2C1)"
184.191.224.10 - - [30/Mar/2012:14:15:25 -0700] "GET / HTTP/1.1" 200 1430 "-" "Caffeinated/1.1.1 CFNetwork/520.3.2 Darwin/11.3.0 (x86_64) (MacBookPro8%2C1)"
184.191.224.10 - - [30/Mar/2012:14:15:25 -0700] "GET /favicon.ico HTTP/1.1" 404 142 "-" "Caffeinated/1.1.1 CFNetwork/520.3.2 Darwin/11.3.0 (x86_64) (MacBookPro8%2C1)"
184.191.224.10 - - [30/Mar/2012:14:15:55 -0700] "GET / HTTP/1.1" 200 1430 "-" "Caffeinated/1.1.1 CFNetwork/520.3.2 Darwin/11.3.0 (x86_64) (MacBookPro8%2C1)"
184.191.224.10 - - [30/Mar/2012:14:15:55 -0700] "GET /favicon.ico HTTP/1.1" 404 142 "-" "Caffeinated/1.1.1 CFNetwork/520.3.2 Darwin/11.3.0 (x86_64) (MacBookPro8%2C1)"
69.171.228.247 - - [30/Mar/2012:14:16:10 -0700] "GET /r/fmf HTTP/1.1" 301 255 "-" "facebookexternalhit/1.1 (+http://www.facebook.com/externalhit_uatext.php)"
69.171.228.245 - - [30/Mar/2012:14:16:10 -0700] "GET /s/ta/fmf/ HTTP/1.1" 302 349 "-" "facebookexternalhit/1.1 (+http://www.facebook.com/externalhit_uatext.php)"
184.191.224.10 - - [30/Mar/2012:14:16:55 -0700] "GET / HTTP/1.1" 200 1430 "-" "Caffeinated/1.1.1 CFNetwork/520.3.2 Darwin/11.3.0 (x86_64) (MacBookPro8%2C1)"
184.191.224.10 - - [30/Mar/2012:14:16:56 -0700] "GET /favicon.ico HTTP/1.1" 404 142 "-" "Caffeinated/1.1.1 CFNetwork/520.3.2 Darwin/11.3.0 (x86_64) (MacBookPro8%2C1)"
184.191.224.10 - - [30/Mar/2012:14:17:22 -0700] "GET / HTTP/1.1" 200 1430 "-" "Caffeinated/1.1.1 CFNetwork/520.3.2 Darwin/11.3.0 (x86_64) (MacBookPro8%2C1)"
184.191.224.10 - - [30/Mar/2012:14:17:22 -0700] "GET /favicon.ico HTTP/1.1" 404 142 "-" "Caffeinated/1.1.1 CFNetwork/520.3.2 Darwin/11.3.0 (x86_64) (MacBookPro8%2C1)"
184.191.224.10 - - [30/Mar/2012:14:18:25 -0700] "GET / HTTP/1.1" 200 1430 "-" "Caffeinated/1.1.1 CFNetwork/520.3.2 Darwin/11.3.0 (x86_64) (MacBookPro8%2C1)"
184.191.224.10 - - [30/Mar/2012:14:18:25 -0700] "GET /favicon.ico HTTP/1.1" 404 142 "-" "Caffeinated/1.1.1 CFNetwork/520.3.2 Darwin/11.3.0 (x86_64) (MacBookPro8%2C1)"
85.17.88.169 - - [30/Mar/2012:14:18:50 -0700] "POST /blog/wp-cron.php?doing_wp_cron=1333142094 HTTP/1.0" 499 0 "-" "WordPress/3.3.1; http://yuvi.in/blog"
209.85.224.83 - - [30/Mar/2012:14:18:51 -0700] "GET /blog/feed HTTP/1.1" 304 0 "-" "FeedBurner/1.0 (http://www.FeedBurner.com)"
184.191.224.10 - - [30/Mar/2012:14:19:00 -0700] "GET / HTTP/1.1" 200 1430 "-" "Caffeinated/1.1.1 CFNetwork/520.3.2 Darwin/11.3.0 (x86_64) (MacBookPro8%2C1)"
184.191.224.10 - - [30/Mar/2012:14:19:00 -0700] "GET /favicon.ico HTTP/1.1" 404 142 "-" "Caffeinated/1.1.1 CFNetwork/520.3.2 Darwin/11.3.0 (x86_64) (MacBookPro8%2C1)"
209.85.224.84 - - [30/Mar/2012:14:19:10 -0700] "GET /stories/feed HTTP/1.1" 200 13653 "-" "FeedBurner/1.0 (http://www.FeedBurner.com)"
184.191.224.10 - - [30/Mar/2012:14:19:47 -0700] "GET / HTTP/1.1" 200 1430 "-" "Caffeinated/1.1.1 CFNetwork/520.3.2 Darwin/11.3.0 (x86_64) (MacBookPro8%2C1)"
184.191.224.10 - - [30/Mar/2012:14:19:47 -0700] "GET /favicon.ico HTTP/1.1" 404 142 "-" "Caffeinated/1.1.1 CFNetwork/520.3.2 Darwin/11.3.0 (x86_64) (MacBookPro8%2C1)"
184.191.224.10 - - [30/Mar/2012:14:20:24 -0700] "GET / HTTP/1.1" 200 1430 "-" "Caffeinated/1.1.1 CFNetwork/520.3.2 Darwin/11.3.0 (x86_64) (MacBookPro8%2C1)"
184.191.224.10 - - [30/Mar/2012:14:20:24 -0700] "GET /favicon.ico HTTP/1.1" 404 142 "-" "Caffeinated/1.1.1 CFNetwork/520.3.2 Darwin/11.3.0 (x86_64) (MacBookPro8%2C1)"
184.191.224.10 - - [30/Mar/2012:14:21:13 -0700] "GET / HTTP/1.1" 200 1430 "-" "Caffeinated/1.1.1 CFNetwork/520.3.2 Darwin/11.3.0 (x86_64) (MacBookPro8%2C1)"
184.191.224.10 - - [30/Mar/2012:14:21:13 -0700] "GET /favicon.ico HTTP/1.1" 404 142 "-" "Caffeinated/1.1.1 CFNetwork/520.3.2 Darwin/11.3.0 (x86_64) (MacBookPro8%2C1)"
184.191.224.10 - - [30/Mar/2012:14:21:45 -0700] "GET / HTTP/1.1" 200 1430 "-" "Caffeinated/1.1.1 CFNetwork/520.3.2 Darwin/11.3.0 (x86_64) (MacBookPro8%2C1)"
184.191.224.10 - - [30/Mar/2012:14:21:45 -0700] "GET /favicon.ico HTTP/1.1" 404 142 "-" "Caffeinated/1.1.1 CFNetwork/520.3.2 Darwin/11.3.0 (x86_64) (MacBookPro8%2C1)"
184.191.224.10 - - [30/Mar/2012:14:22:41 -0700] "GET / HTTP/1.1" 200 1430 "-" "Caffeinated/1.1.1 CFNetwork/520.3.2 Darwin/11.3.0 (x86_64) (MacBookPro8%2C1)"
184.191.224.10 - - [30/Mar/2012:14:22:41 -0700] "GET /favicon.ico HTTP/1.1" 404 142 "-" "Caffeinated/1.1.1 CFNetwork/520.3.2 Darwin/11.3.0 (x86_64) (MacBookPro8%2C1)"
184.191.224.10 - - [30/Mar/2012:14:23:09 -0700] "GET / HTTP/1.1" 200 1430 "-" "Caffeinated/1.1.1 CFNetwork/520.3.2 Darwin/11.3.0 (x86_64) (MacBookPro8%2C1)"
184.191.224.10 - - [30/Mar/2012:14:23:09 -0700] "GET /favicon.ico HTTP/1.1" 404 142 "-" "Caffeinated/1.1.1 CFNetwork/520.3.2 Darwin/11.3.0 (x86_64) (MacBookPro8%2C1)"
184.191.224.10 - - [30/Mar/2012:14:24:10 -0700] "GET / HTTP/1.1" 200 1430 "-" "Caffeinated/1.1.1 CFNetwork/520.3.2 Darwin/11.3.0 (x86_64) (MacBookPro8%2C1)"
184.191.224.10 - - [30/Mar/2012:14:24:11 -0700] "GET /favicon.ico HTTP/1.1" 404 142 "-" "Caffeinated/1.1.1 CFNetwork/520.3.2 Darwin/11.3.0 (x86_64) (MacBookPro8%2C1)"
184.191.224.10 - - [30/Mar/2012:14:24:37 -0700] "GET / HTTP/1.1" 200 1430 "-" "Caffeinated/1.1.1 CFNetwork/520.3.2 Darwin/11.3.0 (x86_64) (MacBookPro8%2C1)"
184.191.224.10 - - [30/Mar/2012:14:24:37 -0700] "GET /favicon.ico HTTP/1.1" 404 142 "-" "Caffeinated/1.1.1 CFNetwork/520.3.2 Darwin/11.3.0 (x86_64) (MacBookPro8%2C1)"
184.191.224.10 - - [30/Mar/2012:14:25:35 -0700] "GET / HTTP/1.1" 200 1430 "-" "Caffeinated/1.1.1 CFNetwork/520.3.2 Darwin/11.3.0 (x86_64) (MacBookPro8%2C1)"
184.191.224.10 - - [30/Mar/2012:14:25:35 -0700] "GET /favicon.ico HTTP/1.1" 404 142 "-" "Caffeinated/1.1.1 CFNetwork/520.3.2 Darwin/11.3.0 (x86_64) (MacBookPro8%2C1)"
85.17.88.169 - - [30/Mar/2012:14:25:59 -0700] "POST /blog/wp-cron.php?doing_wp_cron=1333142522 HTTP/1.0" 499 0 "-" "WordPress/3.3.1; http://yuvi.in/blog"
209.85.238.244 - - [30/Mar/2012:14:25:59 -0700] "GET /blog/feed HTTP/1.1" 301 0 "-" "Feedfetcher-Google; (+http://www.google.com/feedfetcher.html; 3 subscribers; feed-id=17684830852112633560)"
85.17.88.169 - - [30/Mar/2012:14:26:01 -0700] "POST /blog/wp-cron.php?doing_wp_cron=1333142524 HTTP/1.0" 499 0 "-" "WordPress/3.3.1; http://yuvi.in/blog"
209.85.238.244 - - [30/Mar/2012:14:26:02 -0700] "GET /blog/feed/ HTTP/1.1" 304 0 "-" "Feedfetcher-Google; (+http://www.google.com/feedfetcher.html; 3 subscribers; feed-id=17684830852112633560)"
184.191.224.10 - - [30/Mar/2012:14:26:06 -0700] "GET / HTTP/1.1" 200 1430 "-" "Caffeinated/1.1.1 CFNetwork/520.3.2 Darwin/11.3.0 (x86_64) (MacBookPro8%2C1)"
184.191.224.10 - - [30/Mar/2012:14:26:06 -0700] "GET /favicon.ico HTTP/1.1" 404 142 "-" "Caffeinated/1.1.1 CFNetwork/520.3.2 Darwin/11.3.0 (x86_64) (MacBookPro8%2C1)"
184.191.224.10 - - [30/Mar/2012:14:27:00 -0700] "GET / HTTP/1.1" 200 1430 "-" "Caffeinated/1.1.1 CFNetwork/520.3.2 Darwin/11.3.0 (x86_64) (MacBookPro8%2C1)"
184.191.224.10 - - [30/Mar/2012:14:27:00 -0700] "GET /favicon.ico HTTP/1.1" 404 142 "-" "Caffeinated/1.1.1 CFNetwork/520.3.2 Darwin/11.3.0 (x86_64) (MacBookPro8%2C1)"
184.191.224.10 - - [30/Mar/2012:14:27:31 -0700] "GET / HTTP/1.1" 200 1430 "-" "Caffeinated/1.1.1 CFNetwork/520.3.2 Darwin/11.3.0 (x86_64) (MacBookPro8%2C1)"
184.191.224.10 - - [30/Mar/2012:14:27:31 -0700] "GET /favicon.ico HTTP/1.1" 404 142 "-" "Caffeinated/1.1.1 CFNetwork/520.3.2 Darwin/11.3.0 (x86_64) (MacBookPro8%2C1)"
85.17.88.169 - - [30/Mar/2012:14:28:25 -0700] "POST /blog/wp-cron.php?doing_wp_cron=1333142668 HTTP/1.0" 499 0 "-" "WordPress/3.3.1; http://yuvi.in/blog"
223.223.143.243 - - [30/Mar/2012:14:28:25 -0700] "GET /blog/my-new-canon-550d-from-flipkart/ HTTP/1.1" 200 4930 "http://www.google.co.in/imgres?start=206&um=1&hl=en&safe=off&biw=1600&bih=799&tbs=imgo:1&tbm=isch&tbnid=ftTtS6_NanFXIM:&imgrefurl=http://yuvi.in/blog/my-new-canon-550d-from-flipkart/&docid=SppiKf6-3f0K8M&imgurl=http://farm4.static.flickr.com/3275/5807777117_53668b3747.jpg&w=318&h=500&ei=aSR2T974NoPimAXiqunpDw&zoom=1&iact=hc&vpx=177&vpy=153&dur=3076&hovh=282&hovw=179&tx=104&ty=200&sig=102872202164253312548&page=7&tbnh=147&tbnw=93&ndsp=38&ved=1t:429,r:22,s:206" "Mozilla/5.0 (Windows NT 6.1) AppleWebKit/535.11 (KHTML, like Gecko) Chrome/17.0.963.83 Safari/535.11"
223.223.143.243 - - [30/Mar/2012:14:28:26 -0700] "GET /blog/wp-content/themes/cleanr/style.css HTTP/1.1" 200 10508 "http://yuvi.in/blog/my-new-canon-550d-from-flipkart/" "Mozilla/5.0 (Windows NT 6.1) AppleWebKit/535.11 (KHTML, like Gecko) Chrome/17.0.963.83 Safari/535.11"
223.223.143.243 - - [30/Mar/2012:14:28:26 -0700] "GET /blog/wp-content/themes/cleanr/js/jquery.dropdown.js?ver=3.3.1 HTTP/1.1" 200 535 "http://yuvi.in/blog/my-new-canon-550d-from-flipkart/" "Mozilla/5.0 (Windows NT 6.1) AppleWebKit/535.11 (KHTML, like Gecko) Chrome/17.0.963.83 Safari/535.11"
223.223.143.243 - - [30/Mar/2012:14:28:27 -0700] "GET /blog/wp-content/themes/cleanr/css/960.css HTTP/1.1" 200 3628 "http://yuvi.in/blog/my-new-canon-550d-from-flipkart/" "Mozilla/5.0 (Windows NT 6.1) AppleWebKit/535.11 (KHTML, like Gecko) Chrome/17.0.963.83 Safari/535.11"
223.223.143.243 - - [30/Mar/2012:14:28:27 -0700] "GET /blog/wp-content/themes/cleanr/css/text.css HTTP/1.1" 200 420 "http://yuvi.in/blog/my-new-canon-550d-from-flipkart/" "Mozilla/5.0 (Windows NT 6.1) AppleWebKit/535.11 (KHTML, like Gecko) Chrome/17.0.963.83 Safari/535.11"
184.191.224.10 - - [30/Mar/2012:14:28:27 -0700] "GET / HTTP/1.1" 200 1430 "-" "Caffeinated/1.1.1 CFNetwork/520.3.2 Darwin/11.3.0 (x86_64) (MacBookPro8%2C1)"
184.191.224.10 - - [30/Mar/2012:14:28:27 -0700] "GET /favicon.ico HTTP/1.1" 404 142 "-" "Caffeinated/1.1.1 CFNetwork/520.3.2 Darwin/11.3.0 (x86_64) (MacBookPro8%2C1)"
223.223.143.243 - - [30/Mar/2012:14:28:27 -0700] "GET /blog/wp-includes/js/jquery/jquery.js?ver=1.7.1 HTTP/1.1" 200 93889 "http://yuvi.in/blog/my-new-canon-550d-from-flipkart/" "Mozilla/5.0 (Windows NT 6.1) AppleWebKit/535.11 (KHTML, like Gecko) Chrome/17.0.963.83 Safari/535.11"
223.223.143.243 - - [30/Mar/2012:14:28:27 -0700] "GET /blog/wp-content/themes/cleanr/css/reset.css HTTP/1.1" 200 648 "http://yuvi.in/blog/my-new-canon-550d-from-flipkart/" "Mozilla/5.0 (Windows NT 6.1) AppleWebKit/535.11 (KHTML, like Gecko) Chrome/17.0.963.83 Safari/535.11"
223.223.143.243 - - [30/Mar/2012:14:28:28 -0700] "GET /blog/wp-content/themes/cleanr/images/search_magnifier.gif HTTP/1.1" 200 394 "http://yuvi.in/blog/my-new-canon-550d-from-flipkart/" "Mozilla/5.0 (Windows NT 6.1) AppleWebKit/535.11 (KHTML, like Gecko) Chrome/17.0.963.83 Safari/535.11"
85.17.88.169 - - [30/Mar/2012:14:28:38 -0700] "POST /blog/wp-cron.php?doing_wp_cron=1333142681 HTTP/1.0" 499 0 "-" "WordPress/3.3.1; http://yuvi.in/blog"
223.223.143.243 - - [30/Mar/2012:14:28:38 -0700] "GET /blog/my-new-canon-550d-from-flipkart/?cf_action=sync_comments&post_id=109 HTTP/1.1" 200 48 "http://yuvi.in/blog/my-new-canon-550d-from-flipkart/" "Mozilla/5.0 (Windows NT 6.1) AppleWebKit/535.11 (KHTML, like Gecko) Chrome/17.0.963.83 Safari/535.11"
223.223.143.243 - - [30/Mar/2012:14:28:39 -0700] "GET /blog/my-new-canon-550d-from-flipkart/ HTTP/1.1" 200 4930 "http://www.google.co.in/imgres?start=206&um=1&hl=en&safe=off&biw=1600&bih=799&tbs=imgo:1&tbm=isch&tbnid=ftTtS6_NanFXIM:&imgrefurl=http://yuvi.in/blog/my-new-canon-550d-from-flipkart/&docid=SppiKf6-3f0K8M&imgurl=http://farm4.static.flickr.com/3275/5807777117_53668b3747.jpg&w=318&h=500&ei=aSR2T974NoPimAXiqunpDw&zoom=1&iact=hc&vpx=177&vpy=153&dur=3076&hovh=282&hovw=179&tx=104&ty=200&sig=102872202164253312548&page=7&tbnh=147&tbnw=93&ndsp=38&ved=1t:429,r:22,s:206" "Mozilla/5.0 (Windows NT 6.1) AppleWebKit/535.11 (KHTML, like Gecko) Chrome/17.0.963.83 Safari/535.11"
85.17.88.169 - - [30/Mar/2012:14:28:45 -0700] "POST /blog/wp-cron.php?doing_wp_cron=1333142689 HTTP/1.0" 499 0 "-" "WordPress/3.3.1; http://yuvi.in/blog"
223.223.143.243 - - [30/Mar/2012:14:28:45 -0700] "GET /blog/my-new-canon-550d-from-flipkart/?cf_action=sync_comments&post_id=109 HTTP/1.1" 200 48 "http://yuvi.in/blog/my-new-canon-550d-from-flipkart/" "Mozilla/5.0 (Windows NT 6.1) AppleWebKit/535.11 (KHTML, like Gecko) Chrome/17.0.963.83 Safari/535.11"
223.223.143.243 - - [30/Mar/2012:14:28:57 -0700] "-" 400 0 "-" "-"
223.223.143.243 - - [30/Mar/2012:14:28:57 -0700] "-" 400 0 "-" "-"
184.191.224.10 - - [30/Mar/2012:14:29:01 -0700] "GET / HTTP/1.1" 200 1430 "-" "Caffeinated/1.1.1 CFNetwork/520.3.2 Darwin/11.3.0 (x86_64) (MacBookPro8%2C1)"
184.191.224.10 - - [30/Mar/2012:14:29:01 -0700] "GET /favicon.ico HTTP/1.1" 404 142 "-" "Caffeinated/1.1.1 CFNetwork/520.3.2 Darwin/11.3.0 (x86_64) (MacBookPro8%2C1)"
85.17.88.169 - - [30/Mar/2012:14:29:39 -0700] "POST /blog/wp-cron.php?doing_wp_cron=1333142743 HTTP/1.0" 499 0 "-" "WordPress/3.3.1; http://yuvi.in/blog"
66.249.73.27 - - [30/Mar/2012:14:29:40 -0700] "GET /blog/2011/11/ HTTP/1.1" 200 4533 "-" "Mozilla/5.0 (compatible; Googlebot/2.1; +http://www.google.com/bot.html)"
184.191.224.10 - - [30/Mar/2012:14:29:54 -0700] "GET / HTTP/1.1" 200 1430 "-" "Caffeinated/1.1.1 CFNetwork/520.3.2 Darwin/11.3.0 (x86_64) (MacBookPro8%2C1)"
184.191.224.10 - - [30/Mar/2012:14:29:54 -0700] "GET /favicon.ico HTTP/1.1" 404 142 "-" "Caffeinated/1.1.1 CFNetwork/520.3.2 Darwin/11.3.0 (x86_64) (MacBookPro8%2C1)"
223.223.143.243 - - [30/Mar/2012:14:30:17 -0700] "-" 400 0 "-" "-"
223.223.143.243 - - [30/Mar/2012:14:30:17 -0700] "-" 400 0 "-" "-"
223.223.143.243 - - [30/Mar/2012:14:30:17 -0700] "-" 400 0 "-" "-"
184.191.224.10 - - [30/Mar/2012:14:30:35 -0700] "GET / HTTP/1.1" 200 1430 "-" "Caffeinated/1.1.1 CFNetwork/520.3.2 Darwin/11.3.0 (x86_64) (MacBookPro8%2C1)"
184.191.224.10 - - [30/Mar/2012:14:30:35 -0700] "GET /favicon.ico HTTP/1.1" 404 142 "-" "Caffeinated/1.1.1 CFNetwork/520.3.2 Darwin/11.3.0 (x86_64) (MacBookPro8%2C1)"
184.191.224.10 - - [30/Mar/2012:14:31:16 -0700] "GET / HTTP/1.1" 200 1430 "-" "Caffeinated/1.1.1 CFNetwork/520.3.2 Darwin/11.3.0 (x86_64) (MacBookPro8%2C1)"
184.191.224.10 - - [30/Mar/2012:14:31:16 -0700] "GET /favicon.ico HTTP/1.1" 404 142 "-" "Caffeinated/1.1.1 CFNetwork/520.3.2 Darwin/11.3.0 (x86_64) (MacBookPro8%2C1)"
184.191.224.10 - - [30/Mar/2012:14:32:00 -0700] "GET / HTTP/1.1" 200 1430 "-" "Caffeinated/1.1.1 CFNetwork/520.3.2 Darwin/11.3.0 (x86_64) (MacBookPro8%2C1)"
184.191.224.10 - - [30/Mar/2012:14:32:00 -0700] "GET /favicon.ico HTTP/1.1" 404 142 "-" "Caffeinated/1.1.1 CFNetwork/520.3.2 Darwin/11.3.0 (x86_64) (MacBookPro8%2C1)"
223.223.143.243 - - [30/Mar/2012:14:32:30 -0700] "GET /blog/my-new-canon-550d-from-flipkart/ HTTP/1.1" 200 4930 "http://www.google.co.in/imgres?start=206&um=1&hl=en&safe=off&biw=1600&bih=799&tbs=imgo:1&tbm=isch&tbnid=ftTtS6_NanFXIM:&imgrefurl=http://yuvi.in/blog/my-new-canon-550d-from-flipkart/&docid=SppiKf6-3f0K8M&imgurl=http://farm4.static.flickr.com/3275/5807777117_53668b3747.jpg&w=318&h=500&ei=aSR2T974NoPimAXiqunpDw&zoom=1&iact=hc&vpx=177&vpy=153&dur=3076&hovh=282&hovw=179&tx=104&ty=200&sig=102872202164253312548&page=7&tbnh=147&tbnw=93&ndsp=38&ved=1t:429,r:22,s:206" "Mozilla/5.0 (Windows NT 6.1) AppleWebKit/535.11 (KHTML, like Gecko) Chrome/17.0.963.83 Safari/535.11"
223.223.143.243 - - [30/Mar/2012:14:32:31 -0700] "GET /favicon.ico HTTP/1.1" 404 199 "-" "Mozilla/5.0 (Windows NT 6.1) AppleWebKit/535.11 (KHTML, like Gecko) Chrome/17.0.963.83 Safari/535.11"
223.223.143.243 - - [30/Mar/2012:14:32:33 -0700] "GET /blog/my-new-canon-550d-from-flipkart/?cf_action=sync_comments&post_id=109 HTTP/1.1" 200 48 "http://yuvi.in/blog/my-new-canon-550d-from-flipkart/" "Mozilla/5.0 (Windows NT 6.1) AppleWebKit/535.11 (KHTML, like Gecko) Chrome/17.0.963.83 Safari/535.11"
184.191.224.10 - - [30/Mar/2012:14:32:41 -0700] "GET / HTTP/1.1" 200 1430 "-" "Caffeinated/1.1.1 CFNetwork/520.3.2 Darwin/11.3.0 (x86_64) (MacBookPro8%2C1)"
184.191.224.10 - - [30/Mar/2012:14:32:41 -0700] "GET /favicon.ico HTTP/1.1" 404 142 "-" "Caffeinated/1.1.1 CFNetwork/520.3.2 Darwin/11.3.0 (x86_64) (MacBookPro8%2C1)"
223.223.143.243 - - [30/Mar/2012:14:32:47 -0700] "-" 400 0 "-" "-"
66.249.73.27 - - [30/Mar/2012:14:32:47 -0700] "GET /blog/vala-gtkbuilder-and-autoconnecting-signal-handlers/?cf_action=sync_comments&post_id=82 HTTP/1.1" 200 48 "-" "Mozilla/5.0 (compatible; Googlebot/2.1; +http://www.google.com/bot.html)"
121.241.144.5 - - [30/Mar/2012:14:32:51 -0700] "-" 400 0 "-" "-"
184.191.224.10 - - [30/Mar/2012:14:33:27 -0700] "GET / HTTP/1.1" 200 1430 "-" "Caffeinated/1.1.1 CFNetwork/520.3.2 Darwin/11.3.0 (x86_64) (MacBookPro8%2C1)"
184.191.224.10 - - [30/Mar/2012:14:33:27 -0700] "GET /favicon.ico HTTP/1.1" 404 142 "-" "Caffeinated/1.1.1 CFNetwork/520.3.2 Darwin/11.3.0 (x86_64) (MacBookPro8%2C1)"
66.249.73.27 - - [30/Mar/2012:14:33:27 -0700] "GET /blog/gsoc-milestones-vala-build-using-autotools/?cf_action=sync_comments&post_id=11 HTTP/1.1" 200 48 "http://yuvi.in/blog/gsoc-milestones-vala-build-using-autotools/" "Mozilla/5.0 (compatible; Googlebot/2.1; +http://www.google.com/bot.html)"
121.241.144.5 - - [30/Mar/2012:14:33:41 -0700] "-" 400 0 "-" "-"
184.191.224.10 - - [30/Mar/2012:14:33:49 -0700] "GET / HTTP/1.1" 200 1430 "-" "Caffeinated/1.1.1 CFNetwork/520.3.2 Darwin/11.3.0 (x86_64) (MacBookPro8%2C1)"
184.191.224.10 - - [30/Mar/2012:14:33:49 -0700] "GET /favicon.ico HTTP/1.1" 404 142 "-" "Caffeinated/1.1.1 CFNetwork/520.3.2 Darwin/11.3.0 (x86_64) (MacBookPro8%2C1)"
121.241.144.5 - - [30/Mar/2012:14:34:21 -0700] "-" 400 0 "-" "-"
103.3.228.138 - - [30/Mar/2012:14:34:29 -0700] "-" 400 0 "-" "-"
85.17.88.169 - - [30/Mar/2012:14:35:16 -0700] "POST /blog/wp-cron.php?doing_wp_cron=1333143079 HTTP/1.0" 499 0 "-" "WordPress/3.3.1; http://yuvi.in/blog"
223.223.143.243 - - [30/Mar/2012:14:35:16 -0700] "GET /blog/tag/photography/ HTTP/1.1" 200 8377 "http://yuvi.in/blog/my-new-canon-550d-from-flipkart/" "Mozilla/5.0 (Windows NT 6.1) AppleWebKit/535.11 (KHTML, like Gecko) Chrome/17.0.963.83 Safari/535.11"
223.223.143.243 - - [30/Mar/2012:14:35:20 -0700] "GET /favicon.ico HTTP/1.1" 404 199 "-" "Mozilla/5.0 (Windows NT 6.1) AppleWebKit/535.11 (KHTML, like Gecko) Chrome/17.0.963.83 Safari/535.11"
121.241.144.5 - - [30/Mar/2012:14:35:20 -0700] "-" 400 0 "-" "-"
223.223.143.243 - - [30/Mar/2012:14:35:27 -0700] "-" 400 0 "-" "-"
85.17.88.169 - - [30/Mar/2012:14:35:55 -0700] "POST /blog/wp-cron.php?doing_wp_cron=1333143118 HTTP/1.0" 499 0 "-" "WordPress/3.3.1; http://yuvi.in/blog"
223.223.143.243 - - [30/Mar/2012:14:35:55 -0700] "GET /blog/2012/02/ HTTP/1.1" 200 4089 "http://yuvi.in/blog/tag/photography/" "Mozilla/5.0 (Windows NT 6.1) AppleWebKit/535.11 (KHTML, like Gecko) Chrome/17.0.963.83 Safari/535.11"
223.223.143.243 - - [30/Mar/2012:14:35:56 -0700] "GET /favicon.ico HTTP/1.1" 404 199 "-" "Mozilla/5.0 (Windows NT 6.1) AppleWebKit/535.11 (KHTML, like Gecko) Chrome/17.0.963.83 Safari/535.11"
85.17.88.169 - - [30/Mar/2012:14:37:06 -0700] "POST /blog/wp-cron.php?doing_wp_cron=1333143189 HTTP/1.0" 499 0 "-" "WordPress/3.3.1; http://yuvi.in/blog"
