188.37.4.215 - - [06/Mar/2012:11:58:55 -0800] "GET /blog/ HTTP/1.1" 200 44105 "-" "Mozilla/5.0 (compatible; Googlebot/2.1; +http://www.google.com/bot.html)"
117.206.48.102 - - [06/Mar/2012:12:01:40 -0800] "-" 400 0 "-" "-"
85.17.88.169 - - [06/Mar/2012:12:03:48 -0800] "POST /blog/wp-cron.php?doing_wp_cron=1331064184 HTTP/1.0" 499 0 "-" "WordPress/3.3.1; http://yuvi.in/blog"
72.14.199.121 - - [06/Mar/2012:12:03:49 -0800] "GET /blog/feed HTTP/1.1" 301 0 "-" "Feedfetcher-Google; (+http://www.google.com/feedfetcher.html; 3 subscribers; feed-id=17684830852112633560)"
85.17.88.169 - - [06/Mar/2012:12:03:51 -0800] "POST /blog/wp-cron.php?doing_wp_cron=1331064186 HTTP/1.0" 499 0 "-" "WordPress/3.3.1; http://yuvi.in/blog"
72.14.199.121 - - [06/Mar/2012:12:03:51 -0800] "GET /blog/feed/ HTTP/1.1" 304 0 "-" "Feedfetcher-Google; (+http://www.google.com/feedfetcher.html; 3 subscribers; feed-id=17684830852112633560)"
207.46.12.73 - - [06/Mar/2012:12:04:08 -0800] "-" 400 0 "-" "-"
207.46.12.73 - - [06/Mar/2012:12:04:15 -0800] "-" 400 0 "-" "-"
85.17.88.169 - - [06/Mar/2012:12:04:21 -0800] "POST /blog/wp-cron.php?doing_wp_cron=1331064216 HTTP/1.0" 499 0 "-" "WordPress/3.3.1; http://yuvi.in/blog"
2.83.24.97 - - [06/Mar/2012:12:04:22 -0800] "GET /blog/belated-samsung-galaxy-3-review/ HTTP/1.1" 200 21473 "-" "Mozilla/5.0 (compatible; Googlebot/2.1; +http://www.google.com/bot.html)"
207.46.12.73 - - [06/Mar/2012:12:04:27 -0800] "-" 400 0 "-" "-"
207.46.12.73 - - [06/Mar/2012:12:04:27 -0800] "-" 400 0 "-" "-"
207.46.12.73 - - [06/Mar/2012:12:04:27 -0800] "-" 400 0 "-" "-"
207.46.12.73 - - [06/Mar/2012:12:04:41 -0800] "-" 400 0 "-" "-"
85.17.88.169 - - [06/Mar/2012:12:04:56 -0800] "POST /blog/wp-cron.php?doing_wp_cron=1331064252 HTTP/1.0" 499 0 "-" "WordPress/3.3.1; http://yuvi.in/blog"
66.249.71.97 - - [06/Mar/2012:12:04:57 -0800] "GET /blog/college-drop/trackback/ HTTP/1.1" 302 0 "-" "Mozilla/5.0 (compatible; Googlebot/2.1; +http://www.google.com/bot.html)"
85.17.88.169 - - [06/Mar/2012:12:04:59 -0800] "POST /blog/wp-cron.php?doing_wp_cron=1331064254 HTTP/1.0" 499 0 "-" "WordPress/3.3.1; http://yuvi.in/blog"
66.249.71.97 - - [06/Mar/2012:12:04:59 -0800] "GET /blog/college-drop/ HTTP/1.1" 200 4882 "-" "Mozilla/5.0 (compatible; Googlebot/2.1; +http://www.google.com/bot.html)"
85.17.88.169 - - [06/Mar/2012:12:08:03 -0800] "POST /blog/wp-cron.php?doing_wp_cron=1331064438 HTTP/1.0" 499 0 "-" "WordPress/3.3.1; http://yuvi.in/blog"
66.249.71.97 - - [06/Mar/2012:12:08:03 -0800] "GET /blog/passing-headers-proxying-nginx/trackback/ HTTP/1.1" 302 0 "-" "Mozilla/5.0 (compatible; Googlebot/2.1; +http://www.google.com/bot.html)"
85.17.88.169 - - [06/Mar/2012:12:08:05 -0800] "POST /blog/wp-cron.php?doing_wp_cron=1331064440 HTTP/1.0" 499 0 "-" "WordPress/3.3.1; http://yuvi.in/blog"
66.249.71.97 - - [06/Mar/2012:12:08:06 -0800] "GET /blog/passing-headers-proxying-nginx/ HTTP/1.1" 200 4622 "-" "Mozilla/5.0 (compatible; Googlebot/2.1; +http://www.google.com/bot.html)"
85.17.88.169 - - [06/Mar/2012:12:12:40 -0800] "POST /blog/wp-cron.php?doing_wp_cron=1331064715 HTTP/1.0" 499 0 "-" "WordPress/3.3.1; http://yuvi.in/blog"
72.14.199.121 - - [06/Mar/2012:12:12:41 -0800] "GET /blog/feed/ HTTP/1.1" 304 0 "-" "Feedfetcher-Google; (+http://www.google.com/feedfetcher.html; 18 subscribers; feed-id=15064232456473204253)"
117.216.42.210 - - [06/Mar/2012:12:13:49 -0800] "-" 400 0 "-" "-"
117.216.42.210 - - [06/Mar/2012:12:13:50 -0800] "-" 400 0 "-" "-"
117.216.42.210 - - [06/Mar/2012:12:13:50 -0800] "-" 400 0 "-" "-"
207.46.204.212 - - [06/Mar/2012:12:15:51 -0800] "-" 400 0 "-" "-"
207.46.204.212 - - [06/Mar/2012:12:15:52 -0800] "-" 400 0 "-" "-"
207.46.204.212 - - [06/Mar/2012:12:15:53 -0800] "-" 400 0 "-" "-"
207.46.204.212 - - [06/Mar/2012:12:15:53 -0800] "-" 400 0 "-" "-"
207.46.204.212 - - [06/Mar/2012:12:15:55 -0800] "-" 400 0 "-" "-"
207.46.204.212 - - [06/Mar/2012:12:15:56 -0800] "-" 400 0 "-" "-"
207.46.204.212 - - [06/Mar/2012:12:15:57 -0800] "-" 400 0 "-" "-"
207.46.204.212 - - [06/Mar/2012:12:15:57 -0800] "-" 400 0 "-" "-"
207.46.204.212 - - [06/Mar/2012:12:15:57 -0800] "-" 400 0 "-" "-"
207.46.204.212 - - [06/Mar/2012:12:15:59 -0800] "-" 400 0 "-" "-"
207.46.204.212 - - [06/Mar/2012:12:16:41 -0800] "-" 400 0 "-" "-"
85.17.88.169 - - [06/Mar/2012:12:18:19 -0800] "POST /blog/wp-cron.php?doing_wp_cron=1331065054 HTTP/1.0" 499 0 "-" "WordPress/3.3.1; http://yuvi.in/blog"
209.85.224.90 - - [06/Mar/2012:12:18:19 -0800] "GET /blog/feed HTTP/1.1" 304 0 "-" "FeedBurner/1.0 (http://www.FeedBurner.com)"
85.17.88.169 - - [06/Mar/2012:12:21:33 -0800] "POST /blog/wp-cron.php?doing_wp_cron=1331065248 HTTP/1.0" 499 0 "-" "WordPress/3.3.1; http://yuvi.in/blog"
100.43.83.144 - - [06/Mar/2012:12:21:33 -0800] "GET /blog/room-full-of-people-like-me/ HTTP/1.1" 200 4740 "-" "Mozilla/5.0 (compatible; YandexBot/3.0; +http://yandex.com/bots)"
66.249.71.116 - - [06/Mar/2012:12:21:41 -0800] "GET /r/ai6 HTTP/1.1" 301 255 "-" "Mozilla/5.0 (compatible; Googlebot/2.1; +http://www.google.com/bot.html)"
66.249.71.116 - - [06/Mar/2012:12:21:42 -0800] "GET /s/ta/ai6/ HTTP/1.1" 302 349 "-" "Mozilla/5.0 (compatible; Googlebot/2.1; +http://www.google.com/bot.html)"
67.215.230.26 - - [06/Mar/2012:12:24:17 -0800] "GET /robots.txt HTTP/1.0" 404 169 "-" "Setooz/Nutch-1.2 (http://www.setooz.com)"
67.215.230.26 - - [06/Mar/2012:12:24:17 -0800] "GET /stories/ HTTP/1.0" 200 3515 "-" "Setooz/Nutch-1.2 (http://www.setooz.com)"
180.76.6.224 - - [06/Mar/2012:12:24:30 -0800] "GET / HTTP/1.1" 200 3439 "-" "Mozilla/5.0 (compatible; Baiduspider/2.0; +http://www.baidu.com/search/spider.html)"
14.99.80.175 - - [06/Mar/2012:12:26:19 -0800] "-" 400 0 "-" "-"
14.99.80.175 - - [06/Mar/2012:12:26:19 -0800] "-" 400 0 "-" "-"
14.99.80.175 - - [06/Mar/2012:12:26:19 -0800] "-" 400 0 "-" "-"
14.99.80.175 - - [06/Mar/2012:12:26:19 -0800] "-" 400 0 "-" "-"
14.99.80.175 - - [06/Mar/2012:12:26:19 -0800] "-" 400 0 "-" "-"
14.99.80.175 - - [06/Mar/2012:12:26:49 -0800] "-" 400 0 "-" "-"
85.17.88.169 - - [06/Mar/2012:12:29:48 -0800] "POST /blog/wp-cron.php?doing_wp_cron=1331065743 HTTP/1.0" 499 0 "-" "WordPress/3.3.1; http://yuvi.in/blog"
66.249.71.97 - - [06/Mar/2012:12:29:48 -0800] "GET /blog/devlog-december-7-2011.. HTTP/1.1" 301 0 "-" "Mozilla/5.0 (compatible; Googlebot/2.1; +http://www.google.com/bot.html)"
85.17.88.169 - - [06/Mar/2012:12:29:50 -0800] "POST /blog/wp-cron.php?doing_wp_cron=1331065745 HTTP/1.0" 499 0 "-" "WordPress/3.3.1; http://yuvi.in/blog"
66.249.71.97 - - [06/Mar/2012:12:29:50 -0800] "GET /blog/devlog-december-7-2011../ HTTP/1.1" 200 4801 "-" "Mozilla/5.0 (compatible; Googlebot/2.1; +http://www.google.com/bot.html)"
209.85.224.91 - - [06/Mar/2012:12:33:58 -0800] "GET /stories/feed HTTP/1.1" 200 13653 "-" "FeedBurner/1.0 (http://www.FeedBurner.com)"
66.249.71.101 - - [06/Mar/2012:12:35:59 -0800] "GET /robots.txt HTTP/1.1" 404 142 "-" "Mozilla/5.0 (compatible; Googlebot/2.1; +http://www.google.com/bot.html)"
66.249.71.101 - - [06/Mar/2012:12:35:59 -0800] "GET /chennai/route/500a/ HTTP/1.1" 404 142 "-" "Mozilla/5.0 (compatible; Googlebot/2.1; +http://www.google.com/bot.html)"
207.46.12.70 - - [06/Mar/2012:12:36:47 -0800] "-" 400 0 "-" "-"
207.46.12.70 - - [06/Mar/2012:12:36:50 -0800] "-" 400 0 "-" "-"
207.46.12.70 - - [06/Mar/2012:12:36:52 -0800] "-" 400 0 "-" "-"
207.46.12.70 - - [06/Mar/2012:12:36:53 -0800] "-" 400 0 "-" "-"
207.46.12.70 - - [06/Mar/2012:12:36:53 -0800] "-" 400 0 "-" "-"
207.46.12.70 - - [06/Mar/2012:12:36:54 -0800] "-" 400 0 "-" "-"
207.46.12.70 - - [06/Mar/2012:12:36:54 -0800] "-" 400 0 "-" "-"
207.46.12.70 - - [06/Mar/2012:12:36:54 -0800] "-" 400 0 "-" "-"
207.46.12.70 - - [06/Mar/2012:12:36:55 -0800] "-" 400 0 "-" "-"
207.46.12.70 - - [06/Mar/2012:12:36:57 -0800] "-" 400 0 "-" "-"
207.46.12.70 - - [06/Mar/2012:12:37:33 -0800] "-" 400 0 "-" "-"
66.249.71.116 - - [06/Mar/2012:12:37:52 -0800] "GET / HTTP/1.1" 404 211 "-" "SAMSUNG-SGH-E250/1.0 Profile/MIDP-2.0 Configuration/CLDC-1.1 UP.Browser/6.2.3.3.c.1.101 (GUI) MMP/2.0 (compatible; Googlebot-Mobile/2.1; +http://www.google.com/bot.html)"
203.101.73.51 - - [06/Mar/2012:12:38:01 -0800] "GET /r/18jg HTTP/1.1" 301 257 "http://ta.wikipedia.org/wiki/%E0%AE%AE%E0%AE%BE%E0%AE%B5%E0%AE%9F%E0%AF%8D%E0%AE%9F_%E0%AE%AE%E0%AF%81%E0%AE%A4%E0%AE%A9%E0%AF%8D%E0%AE%AE%E0%AF%88%E0%AE%95%E0%AF%8D_%E0%AE%95%E0%AE%B2%E0%AF%8D%E0%AE%B5%E0%AE%BF_%E0%AE%85%E0%AE%A4%E0%AE%BF%E0%AE%95%E0%AE%BE%E0%AE%B0%E0%AE%BF" "Mozilla/4.0 (compatible; MSIE 8.0; Windows NT 5.1; Trident/4.0)"
203.101.73.51 - - [06/Mar/2012:12:38:02 -0800] "GET /s/ta/18jg/ HTTP/1.1" 302 601 "http://ta.wikipedia.org/wiki/%E0%AE%AE%E0%AE%BE%E0%AE%B5%E0%AE%9F%E0%AF%8D%E0%AE%9F_%E0%AE%AE%E0%AF%81%E0%AE%A4%E0%AE%A9%E0%AF%8D%E0%AE%AE%E0%AF%88%E0%AE%95%E0%AF%8D_%E0%AE%95%E0%AE%B2%E0%AF%8D%E0%AE%B5%E0%AE%BF_%E0%AE%85%E0%AE%A4%E0%AE%BF%E0%AE%95%E0%AE%BE%E0%AE%B0%E0%AE%BF" "Mozilla/4.0 (compatible; MSIE 8.0; Windows NT 5.1; Trident/4.0)"
207.46.204.166 - - [06/Mar/2012:12:39:57 -0800] "-" 400 0 "-" "-"
207.46.204.166 - - [06/Mar/2012:12:39:57 -0800] "-" 400 0 "-" "-"
207.46.204.166 - - [06/Mar/2012:12:39:57 -0800] "-" 400 0 "-" "-"
207.46.204.166 - - [06/Mar/2012:12:39:57 -0800] "-" 400 0 "-" "-"
207.46.204.166 - - [06/Mar/2012:12:39:57 -0800] "-" 400 0 "-" "-"
207.46.204.166 - - [06/Mar/2012:12:39:57 -0800] "-" 400 0 "-" "-"
207.46.204.166 - - [06/Mar/2012:12:39:57 -0800] "-" 400 0 "-" "-"
207.46.204.166 - - [06/Mar/2012:12:39:57 -0800] "-" 400 0 "-" "-"
207.46.204.209 - - [06/Mar/2012:12:41:27 -0800] "-" 400 0 "-" "-"
207.46.204.209 - - [06/Mar/2012:12:41:28 -0800] "-" 400 0 "-" "-"
207.46.204.209 - - [06/Mar/2012:12:41:29 -0800] "-" 400 0 "-" "-"
207.46.204.209 - - [06/Mar/2012:12:41:29 -0800] "-" 400 0 "-" "-"
207.46.204.209 - - [06/Mar/2012:12:41:30 -0800] "-" 400 0 "-" "-"
207.46.204.209 - - [06/Mar/2012:12:41:30 -0800] "-" 400 0 "-" "-"
207.46.204.209 - - [06/Mar/2012:12:41:30 -0800] "-" 400 0 "-" "-"
207.46.204.209 - - [06/Mar/2012:12:41:31 -0800] "-" 400 0 "-" "-"
207.46.204.209 - - [06/Mar/2012:12:41:31 -0800] "-" 400 0 "-" "-"
207.46.204.209 - - [06/Mar/2012:12:41:31 -0800] "-" 400 0 "-" "-"
207.46.204.209 - - [06/Mar/2012:12:42:17 -0800] "-" 400 0 "-" "-"
85.17.88.169 - - [06/Mar/2012:12:48:29 -0800] "POST /blog/wp-cron.php?doing_wp_cron=1331066864 HTTP/1.0" 499 0 "-" "WordPress/3.3.1; http://yuvi.in/blog"
209.85.224.93 - - [06/Mar/2012:12:48:32 -0800] "GET /blog/feed HTTP/1.1" 304 0 "-" "FeedBurner/1.0 (http://www.FeedBurner.com)"
92.113.54.187 - - [06/Mar/2012:12:49:06 -0800] "GET /robots.txt HTTP/1.1" 404 211 "-" "Mozilla/5.0 (Windows NT 6.1; WOW64; rv:5.0) Gecko/20100101 Firefox/5.0"
92.113.54.187 - - [06/Mar/2012:12:49:08 -0800] "GET /robots.txt HTTP/1.1" 404 211 "-" "Mozilla/5.0 (Windows NT 6.1; WOW64; rv:5.0) Gecko/20100101 Firefox/5.0"
92.113.54.187 - - [06/Mar/2012:12:49:09 -0800] "GET /robots.txt HTTP/1.1" 404 211 "-" "Mozilla/5.0 (Windows NT 6.1; WOW64; rv:5.0) Gecko/20100101 Firefox/5.0"
92.113.54.187 - - [06/Mar/2012:12:49:11 -0800] "GET /r/1nmq HTTP/1.1" 301 257 "http://extrabot.com/help/gribodafisonuno.htm" "Mozilla/5.0 (Windows NT 6.1; WOW64; rv:5.0) Gecko/20100101 Firefox/5.0"
92.113.54.187 - - [06/Mar/2012:12:49:12 -0800] "GET /s/ta/1nmq/ HTTP/1.1" 302 365 "http://extrabot.com/help/gribodafisonuno.htm" "Mozilla/5.0 (Windows NT 6.1; WOW64; rv:5.0) Gecko/20100101 Firefox/5.0"
92.113.54.187 - - [06/Mar/2012:12:49:14 -0800] "GET /r/1nmq HTTP/1.1" 301 257 "http://extrabot.com/help/gribodafisonuno.htm" "Mozilla/5.0 (Windows NT 6.1; WOW64; rv:5.0) Gecko/20100101 Firefox/5.0"
92.113.54.187 - - [06/Mar/2012:12:49:15 -0800] "GET /s/ta/1nmq/ HTTP/1.1" 302 365 "http://extrabot.com/help/gribodafisonuno.htm" "Mozilla/5.0 (Windows NT 6.1; WOW64; rv:5.0) Gecko/20100101 Firefox/5.0"
92.113.54.187 - - [06/Mar/2012:12:49:16 -0800] "GET /r/1nmq HTTP/1.1" 301 257 "http://extrabot.com/help/gribodafisonuno.htm" "Mozilla/5.0 (Windows NT 6.1; WOW64; rv:5.0) Gecko/20100101 Firefox/5.0"
92.113.54.187 - - [06/Mar/2012:12:49:17 -0800] "GET /s/ta/1nmq/ HTTP/1.1" 302 365 "http://extrabot.com/help/gribodafisonuno.htm" "Mozilla/5.0 (Windows NT 6.1; WOW64; rv:5.0) Gecko/20100101 Firefox/5.0"
92.113.54.187 - - [06/Mar/2012:12:49:29 -0800] "GET / HTTP/1.1" 404 211 "http://extrabot.com/help/gribodafisonuno.htm" "Mozilla/5.0 (Windows NT 6.1; WOW64; rv:5.0) Gecko/20100101 Firefox/5.0"
92.113.54.187 - - [06/Mar/2012:12:49:31 -0800] "GET / HTTP/1.1" 404 211 "http://extrabot.com/help/gribodafisonuno.htm" "Mozilla/5.0 (Windows NT 6.1; WOW64; rv:5.0) Gecko/20100101 Firefox/5.0"
66.249.71.116 - - [06/Mar/2012:12:51:48 -0800] "GET /s/ta/2gav%3E/ HTTP/1.1" 502 173 "-" "Mozilla/5.0 (compatible; Googlebot/2.1; +http://www.google.com/bot.html)"
14.99.80.175 - - [06/Mar/2012:12:53:39 -0800] "-" 400 0 "-" "-"
14.99.80.175 - - [06/Mar/2012:12:53:39 -0800] "-" 400 0 "-" "-"
14.99.80.175 - - [06/Mar/2012:12:53:39 -0800] "-" 400 0 "-" "-"
14.99.80.175 - - [06/Mar/2012:12:53:39 -0800] "-" 400 0 "-" "-"
14.99.80.175 - - [06/Mar/2012:12:53:39 -0800] "-" 400 0 "-" "-"
77.4.25.35 - - [06/Mar/2012:12:54:10 -0800] "GET /blog/enthusiastic-teachers-and-naive-implementation-of-gauss-seidel-approximations.html HTTP/1.0" 200 6947 "http://yuvi.in/blog/enthusiastic-teachers-and-naive-implementation-of-gauss-seidel-approximations.html" "Mozilla/4.0 (compatible; MSIE 5.01; Windows 95; MSIECrawler)"
200.143.198.34 - - [06/Mar/2012:12:54:10 -0800] "GET /blog/enthusiastic-teachers-and-naive-implementation-of-gauss-seidel-approximations.html HTTP/1.0" 200 6947 "http://www.google.com.br/url?sa=t&rct=j&q=gauss+seidel+implementation+in+python&source=web&cd=8&ved=0CFsQFjAH&url=http%3A%2F%2Fyuvi.in%2Fblog%2Fenthusiastic-teachers-and-naive-implementation-of-gauss-seidel-approximations.html&ei=MHhWT5a-H8LLgQfqw_zFCg&usg=AFQjCNGdS5_WRrO7nuQaDTpHWC-tnH6U1A" "Mozilla/5.0 (X11; U; Linux i686; pt-BR; rv:1.9.2.24) Gecko/20111107 Ubuntu/10.10 (maverick) Firefox/3.6.24"
200.143.198.34 - - [06/Mar/2012:12:54:11 -0800] "GET /blog/static/style.css HTTP/1.0" 200 4753 "http://yuvi.in/blog/enthusiastic-teachers-and-naive-implementation-of-gauss-seidel-approximations.html" "Mozilla/5.0 (X11; U; Linux i686; pt-BR; rv:1.9.2.24) Gecko/20111107 Ubuntu/10.10 (maverick) Firefox/3.6.24"
200.143.198.34 - - [06/Mar/2012:12:54:11 -0800] "GET /blog/static/codehilite.css HTTP/1.0" 200 4012 "http://yuvi.in/blog/enthusiastic-teachers-and-naive-implementation-of-gauss-seidel-approximations.html" "Mozilla/5.0 (X11; U; Linux i686; pt-BR; rv:1.9.2.24) Gecko/20111107 Ubuntu/10.10 (maverick) Firefox/3.6.24"
200.143.198.34 - - [06/Mar/2012:12:54:16 -0800] "GET /favicon.ico HTTP/1.0" 404 169 "-" "Mozilla/5.0 (X11; U; Linux i686; pt-BR; rv:1.9.2.24) Gecko/20111107 Ubuntu/10.10 (maverick) Firefox/3.6.24"
213.186.127.13 - - [06/Mar/2012:12:54:56 -0800] "GET /s/ta/akd/ HTTP/1.1" 302 609 "-" "Mozilla/5.0 (compatible; AhrefsBot/2.0; +http://ahrefs.com/robot/)"
207.46.204.217 - - [06/Mar/2012:12:56:05 -0800] "-" 400 0 "-" "-"
207.46.204.217 - - [06/Mar/2012:12:56:07 -0800] "-" 400 0 "-" "-"
207.46.204.217 - - [06/Mar/2012:12:56:10 -0800] "-" 400 0 "-" "-"
207.46.204.217 - - [06/Mar/2012:12:56:10 -0800] "-" 400 0 "-" "-"
207.46.204.217 - - [06/Mar/2012:12:56:10 -0800] "-" 400 0 "-" "-"
209.82.14.99 - - [06/Mar/2012:12:56:38 -0800] "GET /r/ihk HTTP/1.1" 301 255 "http://ta.wikipedia.org/wiki/%E0%AE%A8%E0%AF%88%E0%AE%AF%E0%AE%BE%E0%AE%A3%E0%AF%8D%E0%AE%9F%E0%AE%BF%E0%AE%AA%E0%AF%8D_%E0%AE%AA%E0%AF%8B%E0%AE%B2%E0%AE%BF" "Mozilla/5.0 (Macintosh; Intel Mac OS X 10_6_8) AppleWebKit/535.11 (KHTML, like Gecko) Chrome/17.0.963.56 Safari/535.11"
209.82.14.99 - - [06/Mar/2012:12:56:41 -0800] "GET /s/ta/ihk/ HTTP/1.1" 302 437 "http://ta.wikipedia.org/wiki/%E0%AE%A8%E0%AF%88%E0%AE%AF%E0%AE%BE%E0%AE%A3%E0%AF%8D%E0%AE%9F%E0%AE%BF%E0%AE%AA%E0%AF%8D_%E0%AE%AA%E0%AF%8B%E0%AE%B2%E0%AE%BF" "Mozilla/5.0 (Macintosh; Intel Mac OS X 10_6_8) AppleWebKit/535.11 (KHTML, like Gecko) Chrome/17.0.963.56 Safari/535.11"
207.46.204.217 - - [06/Mar/2012:12:56:51 -0800] "-" 400 0 "-" "-"
71.168.105.197 - - [06/Mar/2012:12:57:19 -0800] "GET /robots.txt HTTP/1.0" 404 169 "-" "Mozilla/5.0 (compatible; MJ12bot/v1.4.2; http://www.majestic12.co.uk/bot.php?+)"
85.17.88.169 - - [06/Mar/2012:12:57:23 -0800] "POST /blog/wp-cron.php?doing_wp_cron=1331067398 HTTP/1.0" 499 0 "-" "WordPress/3.3.1; http://yuvi.in/blog"
71.168.105.197 - - [06/Mar/2012:12:57:23 -0800] "GET /blog/devlog-may-2011/trackback HTTP/1.1" 302 0 "-" "Mozilla/5.0 (compatible; MJ12bot/v1.4.2; http://www.majestic12.co.uk/bot.php?+)"
85.17.88.169 - - [06/Mar/2012:12:57:27 -0800] "POST /blog/wp-cron.php?doing_wp_cron=1331067402 HTTP/1.0" 499 0 "-" "WordPress/3.3.1; http://yuvi.in/blog"
71.168.105.197 - - [06/Mar/2012:12:57:27 -0800] "GET /blog/devlog-may-2011/ HTTP/1.1" 200 22742 "-" "Mozilla/5.0 (compatible; MJ12bot/v1.4.2; http://www.majestic12.co.uk/bot.php?+)"
85.17.88.169 - - [06/Mar/2012:12:57:31 -0800] "POST /blog/wp-cron.php?doing_wp_cron=1331067406 HTTP/1.0" 499 0 "-" "WordPress/3.3.1; http://yuvi.in/blog"
71.168.105.197 - - [06/Mar/2012:12:57:31 -0800] "GET /blog/non-ascii-characters-http-headers/trackback HTTP/1.1" 302 0 "-" "Mozilla/5.0 (compatible; MJ12bot/v1.4.2; http://www.majestic12.co.uk/bot.php?+)"
85.17.88.169 - - [06/Mar/2012:12:57:34 -0800] "POST /blog/wp-cron.php?doing_wp_cron=1331067409 HTTP/1.0" 499 0 "-" "WordPress/3.3.1; http://yuvi.in/blog"
71.168.105.197 - - [06/Mar/2012:12:57:35 -0800] "GET /blog/non-ascii-characters-http-headers/ HTTP/1.1" 200 5289 "-" "Mozilla/5.0 (compatible; MJ12bot/v1.4.2; http://www.majestic12.co.uk/bot.php?+)"
85.17.88.169 - - [06/Mar/2012:12:57:38 -0800] "POST /blog/wp-cron.php?doing_wp_cron=1331067413 HTTP/1.0" 499 0 "-" "WordPress/3.3.1; http://yuvi.in/blog"
71.168.105.197 - - [06/Mar/2012:12:57:39 -0800] "GET /blog/note-present-future-self-pre-book-travel-tickets/trackback HTTP/1.1" 302 0 "-" "Mozilla/5.0 (compatible; MJ12bot/v1.4.2; http://www.majestic12.co.uk/bot.php?+)"
85.17.88.169 - - [06/Mar/2012:12:57:42 -0800] "POST /blog/wp-cron.php?doing_wp_cron=1331067417 HTTP/1.0" 499 0 "-" "WordPress/3.3.1; http://yuvi.in/blog"
71.168.105.197 - - [06/Mar/2012:12:57:42 -0800] "GET /blog/note-present-future-self-pre-book-travel-tickets/ HTTP/1.1" 200 5517 "-" "Mozilla/5.0 (compatible; MJ12bot/v1.4.2; http://www.majestic12.co.uk/bot.php?+)"
85.17.88.169 - - [06/Mar/2012:12:57:46 -0800] "POST /blog/wp-cron.php?doing_wp_cron=1331067421 HTTP/1.0" 499 0 "-" "WordPress/3.3.1; http://yuvi.in/blog"
71.168.105.197 - - [06/Mar/2012:12:57:46 -0800] "GET /blog/programmer-run-code-head/trackback HTTP/1.1" 302 0 "-" "Mozilla/5.0 (compatible; MJ12bot/v1.4.2; http://www.majestic12.co.uk/bot.php?+)"
85.17.88.169 - - [06/Mar/2012:12:57:49 -0800] "POST /blog/wp-cron.php?doing_wp_cron=1331067425 HTTP/1.0" 499 0 "-" "WordPress/3.3.1; http://yuvi.in/blog"
71.168.105.197 - - [06/Mar/2012:12:57:50 -0800] "GET /blog/programmer-run-code-head/ HTTP/1.1" 200 5223 "-" "Mozilla/5.0 (compatible; MJ12bot/v1.4.2; http://www.majestic12.co.uk/bot.php?+)"
85.17.88.169 - - [06/Mar/2012:12:57:53 -0800] "POST /blog/wp-cron.php?doing_wp_cron=1331067428 HTTP/1.0" 499 0 "-" "WordPress/3.3.1; http://yuvi.in/blog"
71.168.105.197 - - [06/Mar/2012:12:57:54 -0800] "GET /blog/temptations/trackback HTTP/1.1" 302 0 "-" "Mozilla/5.0 (compatible; MJ12bot/v1.4.2; http://www.majestic12.co.uk/bot.php?+)"
85.17.88.169 - - [06/Mar/2012:12:57:55 -0800] "POST /blog/wp-cron.php?doing_wp_cron=1331067430 HTTP/1.0" 499 0 "-" "WordPress/3.3.1; http://yuvi.in/blog"
66.249.71.97 - - [06/Mar/2012:12:57:55 -0800] "GET /blog/devlog-december-23-2011/trackback/ HTTP/1.1" 302 0 "-" "Mozilla/5.0 (compatible; Googlebot/2.1; +http://www.google.com/bot.html)"
85.17.88.169 - - [06/Mar/2012:12:57:57 -0800] "POST /blog/wp-cron.php?doing_wp_cron=1331067432 HTTP/1.0" 499 0 "-" "WordPress/3.3.1; http://yuvi.in/blog"
71.168.105.197 - - [06/Mar/2012:12:57:58 -0800] "GET /blog/temptations/ HTTP/1.1" 200 4758 "-" "Mozilla/5.0 (compatible; MJ12bot/v1.4.2; http://www.majestic12.co.uk/bot.php?+)"
85.17.88.169 - - [06/Mar/2012:12:58:01 -0800] "POST /blog/wp-cron.php?doing_wp_cron=1331067436 HTTP/1.0" 499 0 "-" "WordPress/3.3.1; http://yuvi.in/blog"
71.168.105.197 - - [06/Mar/2012:12:58:01 -0800] "GET /blog/what-stop-child-athiest/trackback HTTP/1.1" 302 0 "-" "Mozilla/5.0 (compatible; MJ12bot/v1.4.2; http://www.majestic12.co.uk/bot.php?+)"
85.17.88.169 - - [06/Mar/2012:12:58:05 -0800] "POST /blog/wp-cron.php?doing_wp_cron=1331067440 HTTP/1.0" 499 0 "-" "WordPress/3.3.1; http://yuvi.in/blog"
71.168.105.197 - - [06/Mar/2012:12:58:05 -0800] "GET /blog/what-stop-child-athiest/ HTTP/1.1" 200 6084 "-" "Mozilla/5.0 (compatible; MJ12bot/v1.4.2; http://www.majestic12.co.uk/bot.php?+)"
85.17.88.169 - - [06/Mar/2012:12:58:31 -0800] "POST /blog/wp-cron.php?doing_wp_cron=1331067466 HTTP/1.0" 499 0 "-" "WordPress/3.3.1; http://yuvi.in/blog"
46.137.71.213 - - [06/Mar/2012:12:58:31 -0800] "GET /blog/story-average-indian-techie/ HTTP/1.1" 200 14145 "-" "Mozilla/5.0 (Windows; U; Windows NT 5.1; rv:1.7.3) Gecko/20041001 Firefox/0.10.1"
157.55.112.202 - - [06/Mar/2012:13:04:33 -0800] "-" 400 0 "-" "-"
157.55.112.202 - - [06/Mar/2012:13:04:42 -0800] "-" 400 0 "-" "-"
157.55.112.202 - - [06/Mar/2012:13:04:46 -0800] "-" 400 0 "-" "-"
157.55.112.202 - - [06/Mar/2012:13:04:47 -0800] "-" 400 0 "-" "-"
157.55.112.202 - - [06/Mar/2012:13:04:47 -0800] "-" 400 0 "-" "-"
157.55.112.202 - - [06/Mar/2012:13:04:51 -0800] "-" 400 0 "-" "-"
157.55.112.202 - - [06/Mar/2012:13:04:52 -0800] "-" 400 0 "-" "-"
157.55.112.202 - - [06/Mar/2012:13:04:52 -0800] "-" 400 0 "-" "-"
157.55.112.202 - - [06/Mar/2012:13:04:52 -0800] "-" 400 0 "-" "-"
157.55.112.202 - - [06/Mar/2012:13:04:57 -0800] "-" 400 0 "-" "-"
66.249.71.101 - - [06/Mar/2012:13:05:10 -0800] "GET /chennai/routes/type/AC/ HTTP/1.1" 404 142 "-" "Mozilla/5.0 (compatible; Googlebot/2.1; +http://www.google.com/bot.html)"
157.55.112.202 - - [06/Mar/2012:13:05:13 -0800] "-" 400 0 "-" "-"
207.46.204.163 - - [06/Mar/2012:13:06:05 -0800] "-" 400 0 "-" "-"
207.46.204.163 - - [06/Mar/2012:13:06:08 -0800] "-" 400 0 "-" "-"
207.46.204.163 - - [06/Mar/2012:13:06:10 -0800] "-" 400 0 "-" "-"
207.46.204.163 - - [06/Mar/2012:13:06:11 -0800] "-" 400 0 "-" "-"
207.46.204.163 - - [06/Mar/2012:13:06:12 -0800] "-" 400 0 "-" "-"
207.46.204.163 - - [06/Mar/2012:13:06:12 -0800] "-" 400 0 "-" "-"
207.46.204.163 - - [06/Mar/2012:13:06:12 -0800] "-" 400 0 "-" "-"
207.46.204.163 - - [06/Mar/2012:13:06:12 -0800] "-" 400 0 "-" "-"
207.46.204.163 - - [06/Mar/2012:13:06:13 -0800] "-" 400 0 "-" "-"
207.46.204.163 - - [06/Mar/2012:13:06:13 -0800] "-" 400 0 "-" "-"
85.17.88.169 - - [06/Mar/2012:13:07:03 -0800] "POST /blog/wp-cron.php?doing_wp_cron=1331067977 HTTP/1.0" 499 0 "-" "WordPress/3.3.1; http://yuvi.in/blog"
66.249.71.97 - - [06/Mar/2012:13:07:03 -0800] "GET /blog/my-vim-setup/trackback/ HTTP/1.1" 302 0 "-" "Mozilla/5.0 (compatible; Googlebot/2.1; +http://www.google.com/bot.html)"
207.46.204.163 - - [06/Mar/2012:13:07:06 -0800] "-" 400 0 "-" "-"
85.17.88.169 - - [06/Mar/2012:13:07:13 -0800] "POST /blog/wp-cron.php?doing_wp_cron=1331067988 HTTP/1.0" 499 0 "-" "WordPress/3.3.1; http://yuvi.in/blog"
66.249.71.97 - - [06/Mar/2012:13:07:14 -0800] "GET /blog/my-vim-setup/ HTTP/1.1" 200 7091 "-" "Mozilla/5.0 (compatible; Googlebot/2.1; +http://www.google.com/bot.html)"
85.17.88.169 - - [06/Mar/2012:13:07:18 -0800] "POST /blog/wp-cron.php?doing_wp_cron=1331067993 HTTP/1.0" 499 0 "-" "WordPress/3.3.1; http://yuvi.in/blog"
72.14.199.121 - - [06/Mar/2012:13:07:19 -0800] "GET /blog/feed HTTP/1.1" 301 0 "-" "Feedfetcher-Google; (+http://www.google.com/feedfetcher.html; 3 subscribers; feed-id=17684830852112633560)"
85.17.88.169 - - [06/Mar/2012:13:07:21 -0800] "POST /blog/wp-cron.php?doing_wp_cron=1331067996 HTTP/1.0" 499 0 "-" "WordPress/3.3.1; http://yuvi.in/blog"
72.14.199.121 - - [06/Mar/2012:13:07:21 -0800] "GET /blog/feed/ HTTP/1.1" 304 0 "-" "Feedfetcher-Google; (+http://www.google.com/feedfetcher.html; 3 subscribers; feed-id=17684830852112633560)"
66.249.71.101 - - [06/Mar/2012:13:07:24 -0800] "GET /chennai/routes/type/DLX/ HTTP/1.1" 404 142 "-" "Mozilla/5.0 (compatible; Googlebot/2.1; +http://www.google.com/bot.html)"
85.17.88.169 - - [06/Mar/2012:13:13:56 -0800] "POST /blog/wp-cron.php?doing_wp_cron=1331068391 HTTP/1.0" 499 0 "-" "WordPress/3.3.1; http://yuvi.in/blog"
66.249.71.97 - - [06/Mar/2012:13:13:57 -0800] "GET /blog/non-ascii-characters-http-headers/ HTTP/1.1" 200 5289 "-" "Mozilla/5.0 (compatible; Googlebot/2.1; +http://www.google.com/bot.html)"
100.43.83.144 - - [06/Mar/2012:13:16:22 -0800] "GET /stories/premature-greying.html HTTP/1.1" 200 1486 "-" "Mozilla/5.0 (compatible; YandexBot/3.0; +http://yandex.com/bots)"
141.0.8.187 - - [06/Mar/2012:13:16:38 -0800] "-" 400 0 "-" "-"
141.0.8.187 - - [06/Mar/2012:13:16:38 -0800] "-" 400 0 "-" "-"
157.55.112.199 - - [06/Mar/2012:13:17:27 -0800] "-" 400 0 "-" "-"
157.55.112.199 - - [06/Mar/2012:13:17:27 -0800] "-" 400 0 "-" "-"
157.55.112.199 - - [06/Mar/2012:13:17:27 -0800] "-" 400 0 "-" "-"
157.55.112.199 - - [06/Mar/2012:13:17:27 -0800] "-" 400 0 "-" "-"
157.55.112.199 - - [06/Mar/2012:13:17:27 -0800] "-" 400 0 "-" "-"
157.55.112.199 - - [06/Mar/2012:13:17:27 -0800] "-" 400 0 "-" "-"
157.55.112.199 - - [06/Mar/2012:13:17:27 -0800] "-" 400 0 "-" "-"
157.55.112.199 - - [06/Mar/2012:13:17:27 -0800] "-" 400 0 "-" "-"
157.55.112.199 - - [06/Mar/2012:13:17:27 -0800] "-" 400 0 "-" "-"
157.55.112.199 - - [06/Mar/2012:13:18:21 -0800] "-" 400 0 "-" "-"
207.46.204.169 - - [06/Mar/2012:13:18:32 -0800] "-" 400 0 "-" "-"
85.17.88.169 - - [06/Mar/2012:13:18:41 -0800] "POST /blog/wp-cron.php?doing_wp_cron=1331068676 HTTP/1.0" 499 0 "-" "WordPress/3.3.1; http://yuvi.in/blog"
209.85.224.88 - - [06/Mar/2012:13:18:42 -0800] "GET /blog/feed HTTP/1.1" 304 0 "-" "FeedBurner/1.0 (http://www.FeedBurner.com)"
207.46.204.169 - - [06/Mar/2012:13:18:43 -0800] "-" 400 0 "-" "-"
183.178.85.181 - - [06/Mar/2012:13:18:47 -0800] "GET /blog/new-email-id.html HTTP/1.1" 200 5154 "-" "Mozilla/4.0 (compatible; MSIE 5.5; Windows NT)"
207.46.204.169 - - [06/Mar/2012:13:18:49 -0800] "-" 400 0 "-" "-"
207.46.204.169 - - [06/Mar/2012:13:18:50 -0800] "-" 400 0 "-" "-"
207.46.204.169 - - [06/Mar/2012:13:18:50 -0800] "-" 400 0 "-" "-"
207.46.204.169 - - [06/Mar/2012:13:18:53 -0800] "-" 400 0 "-" "-"
207.46.204.169 - - [06/Mar/2012:13:18:55 -0800] "-" 400 0 "-" "-"
207.46.204.169 - - [06/Mar/2012:13:18:57 -0800] "-" 400 0 "-" "-"
207.46.204.169 - - [06/Mar/2012:13:19:01 -0800] "-" 400 0 "-" "-"
207.46.204.169 - - [06/Mar/2012:13:19:01 -0800] "-" 400 0 "-" "-"
207.46.204.169 - - [06/Mar/2012:13:19:19 -0800] "-" 400 0 "-" "-"
85.17.88.169 - - [06/Mar/2012:13:19:31 -0800] "POST /blog/wp-cron.php?doing_wp_cron=1331068726 HTTP/1.0" 499 0 "-" "WordPress/3.3.1; http://yuvi.in/blog"
72.14.199.121 - - [06/Mar/2012:13:19:31 -0800] "GET /blog/feed/ HTTP/1.1" 304 0 "-" "Feedfetcher-Google; (+http://www.google.com/feedfetcher.html; 18 subscribers; feed-id=15064232456473204253)"
198.228.193.26 - - [06/Mar/2012:13:20:51 -0800] "-" 400 0 "-" "-"
198.228.193.26 - - [06/Mar/2012:13:20:51 -0800] "-" 400 0 "-" "-"
207.46.195.237 - - [06/Mar/2012:13:21:01 -0800] "GET / HTTP/1.1" 304 0 "-" "Mozilla/5.0 (compatible; bingbot/2.0; +http://www.bing.com/bingbot.htm)"
207.46.204.216 - - [06/Mar/2012:13:21:26 -0800] "-" 400 0 "-" "-"
207.46.204.216 - - [06/Mar/2012:13:21:30 -0800] "-" 400 0 "-" "-"
207.46.204.216 - - [06/Mar/2012:13:21:30 -0800] "-" 400 0 "-" "-"
207.46.204.216 - - [06/Mar/2012:13:21:31 -0800] "-" 400 0 "-" "-"
207.46.204.216 - - [06/Mar/2012:13:21:31 -0800] "-" 400 0 "-" "-"
85.17.88.169 - - [06/Mar/2012:13:21:37 -0800] "POST /blog/wp-cron.php?doing_wp_cron=1331068851 HTTP/1.0" 499 0 "-" "WordPress/3.3.1; http://yuvi.in/blog"
187.6.164.80 - - [06/Mar/2012:13:21:39 -0800] "GET /blog/ HTTP/1.1" 200 44073 "-" "Mozilla/5.0 (compatible; Googlebot/2.1; +http://www.google.com/bot.html)"
207.46.204.216 - - [06/Mar/2012:13:21:44 -0800] "-" 400 0 "-" "-"
207.46.204.216 - - [06/Mar/2012:13:21:48 -0800] "-" 400 0 "-" "-"
207.46.204.216 - - [06/Mar/2012:13:21:48 -0800] "-" 400 0 "-" "-"
207.46.204.216 - - [06/Mar/2012:13:21:49 -0800] "-" 400 0 "-" "-"
207.46.204.216 - - [06/Mar/2012:13:21:50 -0800] "-" 400 0 "-" "-"
207.46.204.216 - - [06/Mar/2012:13:22:13 -0800] "-" 400 0 "-" "-"
207.46.204.165 - - [06/Mar/2012:13:23:29 -0800] "-" 400 0 "-" "-"
207.46.204.165 - - [06/Mar/2012:13:23:32 -0800] "-" 400 0 "-" "-"
207.46.204.165 - - [06/Mar/2012:13:23:33 -0800] "-" 400 0 "-" "-"
207.46.204.165 - - [06/Mar/2012:13:23:33 -0800] "-" 400 0 "-" "-"
207.46.204.165 - - [06/Mar/2012:13:23:34 -0800] "-" 400 0 "-" "-"
207.46.204.165 - - [06/Mar/2012:13:23:36 -0800] "-" 400 0 "-" "-"
207.46.204.165 - - [06/Mar/2012:13:23:36 -0800] "-" 400 0 "-" "-"
207.46.204.165 - - [06/Mar/2012:13:23:36 -0800] "-" 400 0 "-" "-"
207.46.204.165 - - [06/Mar/2012:13:23:40 -0800] "-" 400 0 "-" "-"
207.46.204.165 - - [06/Mar/2012:13:23:41 -0800] "-" 400 0 "-" "-"
207.46.204.165 - - [06/Mar/2012:13:24:14 -0800] "-" 400 0 "-" "-"
66.249.71.101 - - [06/Mar/2012:13:29:12 -0800] "GET /chennai/route/101/ HTTP/1.1" 404 142 "-" "Mozilla/5.0 (compatible; Googlebot/2.1; +http://www.google.com/bot.html)"
66.249.71.101 - - [06/Mar/2012:13:30:16 -0800] "GET /chennai/route/114/ HTTP/1.1" 404 142 "-" "Mozilla/5.0 (compatible; Googlebot/2.1; +http://www.google.com/bot.html)"
66.249.71.101 - - [06/Mar/2012:13:31:21 -0800] "GET /chennai/route/118a/ HTTP/1.1" 404 142 "-" "Mozilla/5.0 (compatible; Googlebot/2.1; +http://www.google.com/bot.html)"
66.249.71.101 - - [06/Mar/2012:13:32:26 -0800] "GET /chennai/route/116l/ HTTP/1.1" 404 142 "-" "Mozilla/5.0 (compatible; Googlebot/2.1; +http://www.google.com/bot.html)"
66.249.71.101 - - [06/Mar/2012:13:33:31 -0800] "GET /chennai/route/118p/ HTTP/1.1" 404 142 "-" "Mozilla/5.0 (compatible; Googlebot/2.1; +http://www.google.com/bot.html)"
209.85.224.87 - - [06/Mar/2012:13:34:00 -0800] "GET /stories/feed HTTP/1.1" 200 13653 "-" "FeedBurner/1.0 (http://www.FeedBurner.com)"
66.249.71.101 - - [06/Mar/2012:13:34:41 -0800] "GET /chennai/route/11a/ HTTP/1.1" 404 142 "-" "Mozilla/5.0 (compatible; Googlebot/2.1; +http://www.google.com/bot.html)"
66.249.71.101 - - [06/Mar/2012:13:35:40 -0800] "GET /chennai/route/12/ HTTP/1.1" 404 142 "-" "Mozilla/5.0 (compatible; Googlebot/2.1; +http://www.google.com/bot.html)"
66.249.71.101 - - [06/Mar/2012:13:37:50 -0800] "GET /chennai/route/120/ HTTP/1.1" 404 142 "-" "Mozilla/5.0 (compatible; Googlebot/2.1; +http://www.google.com/bot.html)"
178.197.233.49 - - [06/Mar/2012:13:38:17 -0800] "GET /blog/vala-gtkbuilder-and-autoconnecting-signal-handlers.html HTTP/1.1" 200 2954 "http://www.google.com/url?sa=t&rct=j&q=&esrc=s&source=web&cd=1&cts=1331069851835&ved=0CCsQFjAA&url=http%3A%2F%2Fyuvi.in%2Fblog%2Fvala-gtkbuilder-and-autoconnecting-signal-handlers.html&ei=l4NWT4LGD8jE4gSFnaW0Cg&usg=AFQjCNHu-O7o_YcxkhLCRgIq7ntEYUJuQw&sig2=nJez0fdjPoCBatIpvIhjOQ" "Mozilla/5.0 (X11; Ubuntu; Linux x86_64; rv:11.0) Gecko/20100101 Firefox/11.0"
178.197.233.49 - - [06/Mar/2012:13:38:17 -0800] "GET /blog/static/style.css HTTP/1.1" 200 4753 "http://yuvi.in/blog/vala-gtkbuilder-and-autoconnecting-signal-handlers.html" "Mozilla/5.0 (X11; Ubuntu; Linux x86_64; rv:11.0) Gecko/20100101 Firefox/11.0"
178.197.233.49 - - [06/Mar/2012:13:38:17 -0800] "GET /blog/static/codehilite.css HTTP/1.1" 200 4012 "http://yuvi.in/blog/vala-gtkbuilder-and-autoconnecting-signal-handlers.html" "Mozilla/5.0 (X11; Ubuntu; Linux x86_64; rv:11.0) Gecko/20100101 Firefox/11.0"
178.197.233.49 - - [06/Mar/2012:13:38:19 -0800] "GET /favicon.ico HTTP/1.1" 404 142 "-" "Mozilla/5.0 (X11; Ubuntu; Linux x86_64; rv:11.0) Gecko/20100101 Firefox/11.0"
178.197.233.49 - - [06/Mar/2012:13:38:19 -0800] "GET /favicon.ico HTTP/1.1" 404 142 "-" "Mozilla/5.0 (X11; Ubuntu; Linux x86_64; rv:11.0) Gecko/20100101 Firefox/11.0"
207.46.12.73 - - [06/Mar/2012:13:38:49 -0800] "-" 400 0 "-" "-"
207.46.12.73 - - [06/Mar/2012:13:38:50 -0800] "-" 400 0 "-" "-"
207.46.12.73 - - [06/Mar/2012:13:38:50 -0800] "-" 400 0 "-" "-"
207.46.12.73 - - [06/Mar/2012:13:38:50 -0800] "-" 400 0 "-" "-"
207.46.12.73 - - [06/Mar/2012:13:38:51 -0800] "-" 400 0 "-" "-"
207.46.12.73 - - [06/Mar/2012:13:38:51 -0800] "-" 400 0 "-" "-"
207.46.12.73 - - [06/Mar/2012:13:38:52 -0800] "-" 400 0 "-" "-"
207.46.12.73 - - [06/Mar/2012:13:38:52 -0800] "-" 400 0 "-" "-"
207.46.12.73 - - [06/Mar/2012:13:38:53 -0800] "-" 400 0 "-" "-"
207.46.12.73 - - [06/Mar/2012:13:38:54 -0800] "-" 400 0 "-" "-"
66.249.71.101 - - [06/Mar/2012:13:38:54 -0800] "GET /chennai/route/12g/ HTTP/1.1" 404 142 "-" "Mozilla/5.0 (compatible; Googlebot/2.1; +http://www.google.com/bot.html)"
92.40.254.123 - - [06/Mar/2012:13:39:21 -0800] "GET /r/1va HTTP/1.1" 301 255 "-" "Mozilla/5.0 (iPhone; U; CPU iPhone OS 4_3_3 like Mac OS X; en-gb) AppleWebKit/533.17.9 (KHTML, like Gecko) Mobile/8J2"
92.40.254.123 - - [06/Mar/2012:13:39:22 -0800] "GET /s/ta/1va/ HTTP/1.1" 302 409 "-" "Mozilla/5.0 (iPhone; U; CPU iPhone OS 4_3_3 like Mac OS X; en-gb) AppleWebKit/533.17.9 (KHTML, like Gecko) Mobile/8J2"
92.40.254.123 - - [06/Mar/2012:13:39:25 -0800] "GET /s/ta/1va/ HTTP/1.1" 302 409 "-" "Mozilla/5.0 (iPhone; U; CPU iPhone OS 4_3_3 like Mac OS X; en-gb) AppleWebKit/533.17.9 (KHTML, like Gecko) Mobile/8J2"
207.46.12.73 - - [06/Mar/2012:13:39:37 -0800] "-" 400 0 "-" "-"
66.249.71.101 - - [06/Mar/2012:13:39:59 -0800] "GET /chennai/route/121c/ HTTP/1.1" 404 142 "-" "Mozilla/5.0 (compatible; Googlebot/2.1; +http://www.google.com/bot.html)"
79.217.108.193 - - [06/Mar/2012:13:40:47 -0800] "GET /r/ad0 HTTP/1.1" 301 255 "http://www.inaippu.blog.com/" "Mozilla/5.0 (Windows NT 6.1; WOW64) AppleWebKit/535.11 (KHTML, like Gecko) Chrome/17.0.963.56 Safari/535.11"
79.217.108.193 - - [06/Mar/2012:13:40:48 -0800] "GET /s/ta/ad0/ HTTP/1.1" 302 741 "http://www.inaippu.blog.com/" "Mozilla/5.0 (Windows NT 6.1; WOW64) AppleWebKit/535.11 (KHTML, like Gecko) Chrome/17.0.963.56 Safari/535.11"
66.249.71.101 - - [06/Mar/2012:13:41:04 -0800] "GET /chennai/route/12bet/ HTTP/1.1" 404 142 "-" "Mozilla/5.0 (compatible; Googlebot/2.1; +http://www.google.com/bot.html)"
122.174.49.40 - - [06/Mar/2012:13:41:47 -0800] "-" 400 0 "-" "-"
66.249.71.101 - - [06/Mar/2012:13:42:09 -0800] "GET /chennai/route/121g/ HTTP/1.1" 404 142 "-" "Mozilla/5.0 (compatible; Googlebot/2.1; +http://www.google.com/bot.html)"
66.249.71.101 - - [06/Mar/2012:13:43:13 -0800] "GET /chennai/route/12bex/ HTTP/1.1" 404 142 "-" "Mozilla/5.0 (compatible; Googlebot/2.1; +http://www.google.com/bot.html)"
207.46.204.217 - - [06/Mar/2012:13:43:27 -0800] "-" 400 0 "-" "-"
207.46.204.217 - - [06/Mar/2012:13:43:34 -0800] "-" 400 0 "-" "-"
207.46.204.217 - - [06/Mar/2012:13:43:34 -0800] "-" 400 0 "-" "-"
207.46.204.217 - - [06/Mar/2012:13:43:34 -0800] "-" 400 0 "-" "-"
207.46.204.217 - - [06/Mar/2012:13:43:39 -0800] "-" 400 0 "-" "-"
207.46.204.217 - - [06/Mar/2012:13:43:45 -0800] "-" 400 0 "-" "-"
207.46.204.217 - - [06/Mar/2012:13:43:46 -0800] "-" 400 0 "-" "-"
207.46.204.217 - - [06/Mar/2012:13:43:47 -0800] "-" 400 0 "-" "-"
207.46.204.217 - - [06/Mar/2012:13:43:47 -0800] "-" 400 0 "-" "-"
207.46.204.217 - - [06/Mar/2012:13:43:48 -0800] "-" 400 0 "-" "-"
207.46.12.76 - - [06/Mar/2012:13:44:06 -0800] "-" 400 0 "-" "-"
207.46.12.76 - - [06/Mar/2012:13:44:08 -0800] "-" 400 0 "-" "-"
207.46.12.76 - - [06/Mar/2012:13:44:09 -0800] "-" 400 0 "-" "-"
207.46.12.76 - - [06/Mar/2012:13:44:09 -0800] "-" 400 0 "-" "-"
207.46.12.76 - - [06/Mar/2012:13:44:12 -0800] "-" 400 0 "-" "-"
207.46.12.76 - - [06/Mar/2012:13:44:13 -0800] "-" 400 0 "-" "-"
207.46.12.76 - - [06/Mar/2012:13:44:14 -0800] "-" 400 0 "-" "-"
207.46.12.76 - - [06/Mar/2012:13:44:15 -0800] "-" 400 0 "-" "-"
207.46.12.76 - - [06/Mar/2012:13:44:16 -0800] "-" 400 0 "-" "-"
207.46.12.76 - - [06/Mar/2012:13:44:17 -0800] "-" 400 0 "-" "-"
66.249.71.101 - - [06/Mar/2012:13:44:18 -0800] "GET /chennai/route/13/ HTTP/1.1" 404 142 "-" "Mozilla/5.0 (compatible; Googlebot/2.1; +http://www.google.com/bot.html)"
207.46.12.76 - - [06/Mar/2012:13:44:53 -0800] "-" 400 0 "-" "-"
66.249.71.101 - - [06/Mar/2012:13:45:23 -0800] "GET /chennai/route/134/ HTTP/1.1" 404 142 "-" "Mozilla/5.0 (compatible; Googlebot/2.1; +http://www.google.com/bot.html)"
65.52.104.29 - - [06/Mar/2012:13:45:50 -0800] "GET /blog/cheese-2-31-1-released.html HTTP/1.1" 304 0 "-" "Mozilla/5.0 (compatible; bingbot/2.0; +http://www.bing.com/bingbot.htm)"
66.249.71.101 - - [06/Mar/2012:13:46:28 -0800] "GET /chennai/route/134a/ HTTP/1.1" 404 142 "-" "Mozilla/5.0 (compatible; Googlebot/2.1; +http://www.google.com/bot.html)"
66.249.71.101 - - [06/Mar/2012:13:47:32 -0800] "GET /chennai/route/138a/ HTTP/1.1" 404 142 "-" "Mozilla/5.0 (compatible; Googlebot/2.1; +http://www.google.com/bot.html)"
66.249.71.101 - - [06/Mar/2012:13:48:37 -0800] "GET /chennai/route/15/ HTTP/1.1" 404 142 "-" "Mozilla/5.0 (compatible; Googlebot/2.1; +http://www.google.com/bot.html)"
207.46.204.169 - - [06/Mar/2012:13:48:48 -0800] "-" 400 0 "-" "-"
207.46.204.169 - - [06/Mar/2012:13:48:48 -0800] "-" 400 0 "-" "-"
207.46.204.169 - - [06/Mar/2012:13:48:49 -0800] "-" 400 0 "-" "-"
207.46.204.169 - - [06/Mar/2012:13:48:49 -0800] "-" 400 0 "-" "-"
207.46.204.169 - - [06/Mar/2012:13:48:49 -0800] "-" 400 0 "-" "-"
207.46.204.169 - - [06/Mar/2012:13:48:49 -0800] "-" 400 0 "-" "-"
207.46.204.169 - - [06/Mar/2012:13:48:50 -0800] "-" 400 0 "-" "-"
207.46.204.169 - - [06/Mar/2012:13:48:50 -0800] "-" 400 0 "-" "-"
207.46.204.169 - - [06/Mar/2012:13:48:50 -0800] "-" 400 0 "-" "-"
85.17.88.169 - - [06/Mar/2012:13:48:50 -0800] "POST /blog/wp-cron.php?doing_wp_cron=1331070485 HTTP/1.0" 499 0 "-" "WordPress/3.3.1; http://yuvi.in/blog"
209.85.224.81 - - [06/Mar/2012:13:48:51 -0800] "GET /blog/feed HTTP/1.1" 304 0 "-" "FeedBurner/1.0 (http://www.FeedBurner.com)"
207.46.204.169 - - [06/Mar/2012:13:49:27 -0800] "-" 400 0 "-" "-"
207.46.204.169 - - [06/Mar/2012:13:49:28 -0800] "-" 400 0 "-" "-"
66.249.71.101 - - [06/Mar/2012:13:49:42 -0800] "GET /chennai/route/151/ HTTP/1.1" 404 142 "-" "Mozilla/5.0 (compatible; Googlebot/2.1; +http://www.google.com/bot.html)"
66.249.71.101 - - [06/Mar/2012:13:50:47 -0800] "GET /chennai/route/153/ HTTP/1.1" 404 142 "-" "Mozilla/5.0 (compatible; Googlebot/2.1; +http://www.google.com/bot.html)"
46.51.130.109 - - [06/Mar/2012:13:50:54 -0800] "GET /r/2tps HTTP/1.1" 301 257 "-" "Mozilla/5.0 (Windows; U; Windows NT 5.1; rv:1.7.3) Gecko/20041001 Firefox/0.10.1"
46.51.130.109 - - [06/Mar/2012:13:50:54 -0800] "GET /s/ta/2tps/ HTTP/1.1" 302 387 "http://tawp.in/r/2tps" "Mozilla/5.0 (Windows; U; Windows NT 5.1; rv:1.7.3) Gecko/20041001 Firefox/0.10.1"
46.51.130.109 - - [06/Mar/2012:13:50:56 -0800] "GET /r/2z79 HTTP/1.1" 301 257 "-" "Mozilla/5.0 (Windows; U; Windows NT 5.1; rv:1.7.3) Gecko/20041001 Firefox/0.10.1"
46.51.130.109 - - [06/Mar/2012:13:50:57 -0800] "GET /s/ta/2z79/ HTTP/1.1" 302 419 "http://tawp.in/r/2z79" "Mozilla/5.0 (Windows; U; Windows NT 5.1; rv:1.7.3) Gecko/20041001 Firefox/0.10.1"
46.137.54.254 - - [06/Mar/2012:13:51:01 -0800] "GET /r/2ghh HTTP/1.1" 301 257 "-" "Mozilla/5.0 (Windows; U; Windows NT 5.1; rv:1.7.3) Gecko/20041001 Firefox/0.10.1"
46.51.130.109 - - [06/Mar/2012:13:51:01 -0800] "GET /r/1f4t HTTP/1.1" 301 257 "-" "Mozilla/5.0 (Windows; U; Windows NT 5.1; rv:1.7.3) Gecko/20041001 Firefox/0.10.1"
46.137.54.254 - - [06/Mar/2012:13:51:01 -0800] "GET /s/ta/2ghh/ HTTP/1.1" 302 489 "http://tawp.in/r/2ghh" "Mozilla/5.0 (Windows; U; Windows NT 5.1; rv:1.7.3) Gecko/20041001 Firefox/0.10.1"
46.51.130.109 - - [06/Mar/2012:13:51:01 -0800] "GET /r/1fa3 HTTP/1.1" 301 257 "-" "Mozilla/5.0 (Windows; U; Windows NT 5.1; rv:1.7.3) Gecko/20041001 Firefox/0.10.1"
79.125.88.69 - - [06/Mar/2012:13:51:02 -0800] "GET /r/2v65 HTTP/1.1" 301 257 "-" "Mozilla/5.0 (Windows; U; Windows NT 5.1; rv:1.7.3) Gecko/20041001 Firefox/0.10.1"
46.51.130.109 - - [06/Mar/2012:13:51:02 -0800] "GET /s/ta/1f4t/ HTTP/1.1" 302 593 "http://tawp.in/r/1f4t" "Mozilla/5.0 (Windows; U; Windows NT 5.1; rv:1.7.3) Gecko/20041001 Firefox/0.10.1"
46.51.130.109 - - [06/Mar/2012:13:51:02 -0800] "GET /s/ta/1fa3/ HTTP/1.1" 302 461 "http://tawp.in/r/1fa3" "Mozilla/5.0 (Windows; U; Windows NT 5.1; rv:1.7.3) Gecko/20041001 Firefox/0.10.1"
79.125.88.69 - - [06/Mar/2012:13:51:02 -0800] "GET /s/ta/2v65/ HTTP/1.1" 302 337 "http://tawp.in/r/2v65" "Mozilla/5.0 (Windows; U; Windows NT 5.1; rv:1.7.3) Gecko/20041001 Firefox/0.10.1"
85.17.88.169 - - [06/Mar/2012:13:51:22 -0800] "POST /blog/wp-cron.php?doing_wp_cron=1331070636 HTTP/1.0" 499 0 "-" "WordPress/3.3.1; http://yuvi.in/blog"
101.226.33.172 - - [06/Mar/2012:13:51:22 -0800] "GET /blog/feed HTTP/1.0" 304 0 "-" "Mozilla/4.0 (compatible; Windows;)"
66.249.71.101 - - [06/Mar/2012:13:52:56 -0800] "GET /chennai/route/154/ HTTP/1.1" 404 142 "-" "Mozilla/5.0 (compatible; Googlebot/2.1; +http://www.google.com/bot.html)"
66.249.71.101 - - [06/Mar/2012:13:54:01 -0800] "GET /chennai/route/155a/ HTTP/1.1" 404 142 "-" "Mozilla/5.0 (compatible; Googlebot/2.1; +http://www.google.com/bot.html)"
85.17.88.169 - - [06/Mar/2012:13:54:24 -0800] "POST /blog/wp-cron.php?doing_wp_cron=1331070819 HTTP/1.0" 499 0 "-" "WordPress/3.3.1; http://yuvi.in/blog"
213.186.127.13 - - [06/Mar/2012:13:54:25 -0800] "GET /blog/passing-headers-proxying-nginx/ HTTP/1.1" 200 4622 "-" "Mozilla/5.0 (compatible; AhrefsBot/2.0; +http://ahrefs.com/robot/)"
66.249.71.101 - - [06/Mar/2012:13:55:06 -0800] "GET /chennai/route/157/ HTTP/1.1" 404 142 "-" "Mozilla/5.0 (compatible; Googlebot/2.1; +http://www.google.com/bot.html)"
66.249.71.116 - - [06/Mar/2012:13:56:10 -0800] "GET /r/1nkh HTTP/1.1" 301 257 "-" "Mozilla/5.0 (compatible; Googlebot/2.1; +http://www.google.com/bot.html)"
66.249.71.116 - - [06/Mar/2012:13:56:11 -0800] "GET /s/ta/1nkh/ HTTP/1.1" 302 347 "-" "Mozilla/5.0 (compatible; Googlebot/2.1; +http://www.google.com/bot.html)"
85.17.88.169 - - [06/Mar/2012:13:57:17 -0800] "POST /blog/wp-cron.php?doing_wp_cron=1331070992 HTTP/1.0" 499 0 "-" "WordPress/3.3.1; http://yuvi.in/blog"
66.249.71.97 - - [06/Mar/2012:13:57:18 -0800] "GET /blog/tag/atleast-not-yet/ HTTP/1.1" 200 3881 "-" "Mozilla/5.0 (compatible; Googlebot/2.1; +http://www.google.com/bot.html)"
207.46.204.167 - - [06/Mar/2012:13:57:43 -0800] "-" 400 0 "-" "-"
207.46.204.167 - - [06/Mar/2012:13:57:45 -0800] "-" 400 0 "-" "-"
207.46.204.167 - - [06/Mar/2012:13:57:46 -0800] "-" 400 0 "-" "-"
207.46.204.167 - - [06/Mar/2012:13:57:46 -0800] "-" 400 0 "-" "-"
207.46.204.167 - - [06/Mar/2012:13:57:46 -0800] "-" 400 0 "-" "-"
207.46.204.167 - - [06/Mar/2012:13:57:48 -0800] "-" 400 0 "-" "-"
207.46.204.167 - - [06/Mar/2012:13:57:49 -0800] "-" 400 0 "-" "-"
207.46.204.167 - - [06/Mar/2012:13:57:49 -0800] "-" 400 0 "-" "-"
207.46.204.167 - - [06/Mar/2012:13:57:49 -0800] "-" 400 0 "-" "-"
207.46.204.167 - - [06/Mar/2012:13:57:49 -0800] "-" 400 0 "-" "-"
66.249.71.101 - - [06/Mar/2012:13:58:20 -0800] "GET /chennai/route/159/ HTTP/1.1" 404 142 "-" "Mozilla/5.0 (compatible; Googlebot/2.1; +http://www.google.com/bot.html)"
66.249.71.101 - - [06/Mar/2012:13:59:32 -0800] "GET /chennai/route/159c/ HTTP/1.1" 404 142 "-" "Mozilla/5.0 (compatible; Googlebot/2.1; +http://www.google.com/bot.html)"
66.249.71.101 - - [06/Mar/2012:14:01:34 -0800] "GET /chennai/route/159an/ HTTP/1.1" 404 142 "-" "Mozilla/5.0 (compatible; Googlebot/2.1; +http://www.google.com/bot.html)"
85.17.88.169 - - [06/Mar/2012:14:02:41 -0800] "POST /blog/wp-cron.php?doing_wp_cron=1331071315 HTTP/1.0" 499 0 "-" "WordPress/3.3.1; http://yuvi.in/blog"
66.249.71.97 - - [06/Mar/2012:14:02:41 -0800] "GET /blog/devlog-december-21-2011/feed/atom/ HTTP/1.1" 200 672 "-" "Mozilla/5.0 (compatible; Googlebot/2.1; +http://www.google.com/bot.html)"
66.249.71.101 - - [06/Mar/2012:14:04:48 -0800] "GET /chennai/route/159e/ HTTP/1.1" 404 142 "-" "Mozilla/5.0 (compatible; Googlebot/2.1; +http://www.google.com/bot.html)"
85.17.88.169 - - [06/Mar/2012:14:04:50 -0800] "POST /blog/wp-cron.php?doing_wp_cron=1331071445 HTTP/1.0" 499 0 "-" "WordPress/3.3.1; http://yuvi.in/blog"
100.43.83.144 - - [06/Mar/2012:14:04:51 -0800] "GET /blog/interview-sriram-krishnan-5-years-old/ HTTP/1.1" 200 16142 "-" "Mozilla/5.0 (compatible; YandexBot/3.0; +http://yandex.com/bots)"
66.249.71.101 - - [06/Mar/2012:14:05:53 -0800] "GET /chennai/route/15b/ HTTP/1.1" 404 142 "-" "Mozilla/5.0 (compatible; Googlebot/2.1; +http://www.google.com/bot.html)"
66.249.71.101 - - [06/Mar/2012:14:06:58 -0800] "GET /chennai/route/15bexn/ HTTP/1.1" 404 142 "-" "Mozilla/5.0 (compatible; Googlebot/2.1; +http://www.google.com/bot.html)"
207.46.195.237 - - [06/Mar/2012:14:07:03 -0800] "GET /blog/gsoc-milestones-vala-build-using-autotools.html HTTP/1.1" 304 0 "-" "Mozilla/5.0 (compatible; bingbot/2.0; +http://www.bing.com/bingbot.htm)"
66.249.71.101 - - [06/Mar/2012:14:08:03 -0800] "GET /chennai/route/15bext/ HTTP/1.1" 404 142 "-" "Mozilla/5.0 (compatible; Googlebot/2.1; +http://www.google.com/bot.html)"
85.17.88.169 - - [06/Mar/2012:14:09:09 -0800] "POST /blog/wp-cron.php?doing_wp_cron=1331071704 HTTP/1.0" 499 0 "-" "WordPress/3.3.1; http://yuvi.in/blog"
72.14.199.121 - - [06/Mar/2012:14:09:10 -0800] "GET /blog/feed HTTP/1.1" 301 0 "-" "Feedfetcher-Google; (+http://www.google.com/feedfetcher.html; 3 subscribers; feed-id=17684830852112633560)"
85.17.88.169 - - [06/Mar/2012:14:09:12 -0800] "POST /blog/wp-cron.php?doing_wp_cron=1331071706 HTTP/1.0" 499 0 "-" "WordPress/3.3.1; http://yuvi.in/blog"
72.14.199.121 - - [06/Mar/2012:14:09:12 -0800] "GET /blog/feed/ HTTP/1.1" 304 0 "-" "Feedfetcher-Google; (+http://www.google.com/feedfetcher.html; 3 subscribers; feed-id=17684830852112633560)"
66.249.71.101 - - [06/Mar/2012:14:10:12 -0800] "GET /chennai/route/15bet/ HTTP/1.1" 404 142 "-" "Mozilla/5.0 (compatible; Googlebot/2.1; +http://www.google.com/bot.html)"
66.249.71.101 - - [06/Mar/2012:14:11:17 -0800] "GET /chennai/route/15g/ HTTP/1.1" 404 142 "-" "Mozilla/5.0 (compatible; Googlebot/2.1; +http://www.google.com/bot.html)"
66.249.71.101 - - [06/Mar/2012:14:12:22 -0800] "GET /chennai/route/15f/ HTTP/1.1" 404 142 "-" "Mozilla/5.0 (compatible; Googlebot/2.1; +http://www.google.com/bot.html)"
66.249.71.101 - - [06/Mar/2012:14:13:26 -0800] "GET /chennai/route/15bx/ HTTP/1.1" 404 142 "-" "Mozilla/5.0 (compatible; Googlebot/2.1; +http://www.google.com/bot.html)"
66.249.71.116 - - [06/Mar/2012:14:13:32 -0800] "GET /s/ta/240../ HTTP/1.1" 502 173 "-" "Mozilla/5.0 (compatible; Googlebot/2.1; +http://www.google.com/bot.html)"
66.249.71.101 - - [06/Mar/2012:14:14:31 -0800] "GET /chennai/route/170/ HTTP/1.1" 404 142 "-" "Mozilla/5.0 (compatible; Googlebot/2.1; +http://www.google.com/bot.html)"
66.249.71.101 - - [06/Mar/2012:14:15:36 -0800] "GET /chennai/route/170a/ HTTP/1.1" 404 142 "-" "Mozilla/5.0 (compatible; Googlebot/2.1; +http://www.google.com/bot.html)"
85.17.88.169 - - [06/Mar/2012:14:16:12 -0800] "POST /blog/wp-cron.php?doing_wp_cron=1331072127 HTTP/1.0" 499 0 "-" "WordPress/3.3.1; http://yuvi.in/blog"
72.14.199.121 - - [06/Mar/2012:14:16:13 -0800] "GET /blog/feed/ HTTP/1.1" 304 0 "-" "Feedfetcher-Google; (+http://www.google.com/feedfetcher.html; 18 subscribers; feed-id=15064232456473204253)"
66.249.71.101 - - [06/Mar/2012:14:16:41 -0800] "GET /chennai/route/15l/ HTTP/1.1" 404 142 "-" "Mozilla/5.0 (compatible; Googlebot/2.1; +http://www.google.com/bot.html)"
66.249.71.101 - - [06/Mar/2012:14:17:45 -0800] "GET /chennai/route/170ce/ HTTP/1.1" 404 142 "-" "Mozilla/5.0 (compatible; Googlebot/2.1; +http://www.google.com/bot.html)"
66.249.71.101 - - [06/Mar/2012:14:18:50 -0800] "GET /chennai/route/170k/ HTTP/1.1" 404 142 "-" "Mozilla/5.0 (compatible; Googlebot/2.1; +http://www.google.com/bot.html)"
85.17.88.169 - - [06/Mar/2012:14:18:56 -0800] "POST /blog/wp-cron.php?doing_wp_cron=1331072290 HTTP/1.0" 499 0 "-" "WordPress/3.3.1; http://yuvi.in/blog"
209.85.224.81 - - [06/Mar/2012:14:18:56 -0800] "GET /blog/feed HTTP/1.1" 304 0 "-" "FeedBurner/1.0 (http://www.FeedBurner.com)"
66.249.71.101 - - [06/Mar/2012:14:19:55 -0800] "GET /chennai/route/170h/ HTTP/1.1" 404 142 "-" "Mozilla/5.0 (compatible; Googlebot/2.1; +http://www.google.com/bot.html)"
85.17.88.169 - - [06/Mar/2012:14:20:38 -0800] "POST /blog/wp-cron.php?doing_wp_cron=1331072393 HTTP/1.0" 499 0 "-" "WordPress/3.3.1; http://yuvi.in/blog"
109.109.254.138 - - [06/Mar/2012:14:20:39 -0800] "GET /blog/feed/atom/ HTTP/1.1" 304 0 "-" "SocialSearcher/0.1 Mozilla/5.0"
66.249.71.101 - - [06/Mar/2012:14:21:00 -0800] "GET /chennai/route/170e/ HTTP/1.1" 404 142 "-" "Mozilla/5.0 (compatible; Googlebot/2.1; +http://www.google.com/bot.html)"
74.125.126.85 - - [06/Mar/2012:14:22:11 -0800] "GET /favicon.ico HTTP/1.1" 404 142 "-" "-"
66.249.71.101 - - [06/Mar/2012:14:23:09 -0800] "GET /chennai/route/17b/ HTTP/1.1" 404 142 "-" "Mozilla/5.0 (compatible; Googlebot/2.1; +http://www.google.com/bot.html)"
66.249.71.101 - - [06/Mar/2012:14:24:21 -0800] "GET /chennai/route/17g/ HTTP/1.1" 404 142 "-" "Mozilla/5.0 (compatible; Googlebot/2.1; +http://www.google.com/bot.html)"
66.249.71.101 - - [06/Mar/2012:14:26:23 -0800] "GET /chennai/route/17e/ HTTP/1.1" 404 142 "-" "Mozilla/5.0 (compatible; Googlebot/2.1; +http://www.google.com/bot.html)"
207.46.204.217 - - [06/Mar/2012:14:26:34 -0800] "-" 400 0 "-" "-"
207.46.204.217 - - [06/Mar/2012:14:26:36 -0800] "-" 400 0 "-" "-"
207.46.204.217 - - [06/Mar/2012:14:26:37 -0800] "-" 400 0 "-" "-"
207.46.204.217 - - [06/Mar/2012:14:26:37 -0800] "-" 400 0 "-" "-"
207.46.204.217 - - [06/Mar/2012:14:26:37 -0800] "-" 400 0 "-" "-"
207.46.204.217 - - [06/Mar/2012:14:26:38 -0800] "-" 400 0 "-" "-"
207.46.204.217 - - [06/Mar/2012:14:26:38 -0800] "-" 400 0 "-" "-"
207.46.204.217 - - [06/Mar/2012:14:26:38 -0800] "-" 400 0 "-" "-"
207.46.204.217 - - [06/Mar/2012:14:26:40 -0800] "-" 400 0 "-" "-"
207.46.204.217 - - [06/Mar/2012:14:26:40 -0800] "-" 400 0 "-" "-"
85.17.88.169 - - [06/Mar/2012:14:27:25 -0800] "POST /blog/wp-cron.php?doing_wp_cron=1331072800 HTTP/1.0" 499 0 "-" "WordPress/3.3.1; http://yuvi.in/blog"
