184.191.224.10 - - [09/Apr/2012:08:46:12 -0700] "GET / HTTP/1.1" 200 1430 "-" "Caffeinated/1.1.1 CFNetwork/520.3.2 Darwin/11.3.0 (x86_64) (MacBookPro8%2C1)"
184.191.224.10 - - [09/Apr/2012:08:46:12 -0700] "GET /favicon.ico HTTP/1.1" 404 142 "-" "Caffeinated/1.1.1 CFNetwork/520.3.2 Darwin/11.3.0 (x86_64) (MacBookPro8%2C1)"
160.39.17.21 - - [09/Apr/2012:08:46:39 -0700] "GET /AssessmentBar/r/Unassessed_India_articles/ HTTP/1.1" 302 265 "http://en.wikipedia.org/wiki/Balut_(autobiography)" "Mozilla/5.0 (Macintosh; Intel Mac OS X 10_5_8) AppleWebKit/535.19 (KHTML, like Gecko) Chrome/18.0.1025.151 Safari/535.19"
184.191.224.10 - - [09/Apr/2012:08:47:00 -0700] "GET / HTTP/1.1" 200 1430 "-" "Caffeinated/1.1.1 CFNetwork/520.3.2 Darwin/11.3.0 (x86_64) (MacBookPro8%2C1)"
184.191.224.10 - - [09/Apr/2012:08:47:00 -0700] "GET /favicon.ico HTTP/1.1" 404 142 "-" "Caffeinated/1.1.1 CFNetwork/520.3.2 Darwin/11.3.0 (x86_64) (MacBookPro8%2C1)"
184.191.224.10 - - [09/Apr/2012:08:47:31 -0700] "GET / HTTP/1.1" 200 1430 "-" "Caffeinated/1.1.1 CFNetwork/520.3.2 Darwin/11.3.0 (x86_64) (MacBookPro8%2C1)"
184.191.224.10 - - [09/Apr/2012:08:47:31 -0700] "GET /favicon.ico HTTP/1.1" 404 142 "-" "Caffeinated/1.1.1 CFNetwork/520.3.2 Darwin/11.3.0 (x86_64) (MacBookPro8%2C1)"
157.55.112.208 - - [09/Apr/2012:08:48:11 -0700] "-" 400 0 "-" "-"
157.55.112.208 - - [09/Apr/2012:08:48:12 -0700] "-" 400 0 "-" "-"
157.55.112.208 - - [09/Apr/2012:08:48:12 -0700] "-" 400 0 "-" "-"
157.55.112.208 - - [09/Apr/2012:08:48:12 -0700] "-" 400 0 "-" "-"
157.55.112.208 - - [09/Apr/2012:08:48:12 -0700] "-" 400 0 "-" "-"
157.55.112.208 - - [09/Apr/2012:08:48:12 -0700] "-" 400 0 "-" "-"
157.55.112.208 - - [09/Apr/2012:08:48:12 -0700] "-" 400 0 "-" "-"
157.55.112.208 - - [09/Apr/2012:08:48:12 -0700] "-" 400 0 "-" "-"
157.55.112.208 - - [09/Apr/2012:08:48:13 -0700] "-" 400 0 "-" "-"
157.55.112.208 - - [09/Apr/2012:08:48:13 -0700] "-" 400 0 "-" "-"
160.39.17.21 - - [09/Apr/2012:08:48:14 -0700] "GET /AssessmentBar/r/Unassessed_India_articles/ HTTP/1.1" 302 283 "http://en.wikipedia.org/w/index.php?title=Talk:Balut_(autobiography)&action=edit" "Mozilla/5.0 (Macintosh; Intel Mac OS X 10_5_8) AppleWebKit/535.19 (KHTML, like Gecko) Chrome/18.0.1025.151 Safari/535.19"
184.191.224.10 - - [09/Apr/2012:08:48:20 -0700] "GET / HTTP/1.1" 200 1430 "-" "Caffeinated/1.1.1 CFNetwork/520.3.2 Darwin/11.3.0 (x86_64) (MacBookPro8%2C1)"
184.191.224.10 - - [09/Apr/2012:08:48:20 -0700] "GET /favicon.ico HTTP/1.1" 404 142 "-" "Caffeinated/1.1.1 CFNetwork/520.3.2 Darwin/11.3.0 (x86_64) (MacBookPro8%2C1)"
112.134.232.138 - - [09/Apr/2012:08:48:48 -0700] "GET /r/4dm HTTP/1.1" 301 255 "http://ta.wikipedia.org/wiki/%E0%AE%AE%E0%AE%95%E0%AE%BE%E0%AE%B5%E0%AE%B2%E0%AE%BF_%E0%AE%86%E0%AE%B1%E0%AF%81" "Mozilla/5.0 (compatible; MSIE 9.0; Windows NT 6.1; WOW64; Trident/5.0; SLCC2; .NET CLR 2.0.50727; .NET CLR 3.5.30729; .NET CLR 3.0.30729; Media Center PC 6.0; CPNTDF; .NET4.0C; BRI/1; FunWebProducts; InfoPath.3)"
112.134.232.138 - - [09/Apr/2012:08:48:49 -0700] "GET /s/ta/4dm/ HTTP/1.1" 302 377 "http://ta.wikipedia.org/wiki/%E0%AE%AE%E0%AE%95%E0%AE%BE%E0%AE%B5%E0%AE%B2%E0%AE%BF_%E0%AE%86%E0%AE%B1%E0%AF%81" "Mozilla/5.0 (compatible; MSIE 9.0; Windows NT 6.1; WOW64; Trident/5.0; SLCC2; .NET CLR 2.0.50727; .NET CLR 3.5.30729; .NET CLR 3.0.30729; Media Center PC 6.0; CPNTDF; .NET4.0C; BRI/1; FunWebProducts; InfoPath.3)"
184.191.224.10 - - [09/Apr/2012:08:48:50 -0700] "GET / HTTP/1.1" 200 1430 "-" "Caffeinated/1.1.1 CFNetwork/520.3.2 Darwin/11.3.0 (x86_64) (MacBookPro8%2C1)"
184.191.224.10 - - [09/Apr/2012:08:48:50 -0700] "GET /favicon.ico HTTP/1.1" 404 142 "-" "Caffeinated/1.1.1 CFNetwork/520.3.2 Darwin/11.3.0 (x86_64) (MacBookPro8%2C1)"
85.17.88.169 - - [09/Apr/2012:08:49:27 -0700] "POST /blog/wp-cron.php?doing_wp_cron=1333986252 HTTP/1.0" 499 0 "-" "WordPress/3.3.1; http://yuvi.in/blog"
209.85.238.112 - - [09/Apr/2012:08:49:27 -0700] "GET /blog/feed HTTP/1.1" 301 0 "-" "Feedfetcher-Google; (+http://www.google.com/feedfetcher.html; 3 subscribers; feed-id=17684830852112633560)"
85.17.88.169 - - [09/Apr/2012:08:49:32 -0700] "POST /blog/wp-cron.php?doing_wp_cron=1333986258 HTTP/1.0" 499 0 "-" "WordPress/3.3.1; http://yuvi.in/blog"
209.85.238.112 - - [09/Apr/2012:08:49:32 -0700] "GET /blog/feed/ HTTP/1.1" 200 6672 "-" "Feedfetcher-Google; (+http://www.google.com/feedfetcher.html; 3 subscribers; feed-id=17684830852112633560)"
184.191.224.10 - - [09/Apr/2012:08:49:42 -0700] "GET / HTTP/1.1" 200 1430 "-" "Caffeinated/1.1.1 CFNetwork/520.3.2 Darwin/11.3.0 (x86_64) (MacBookPro8%2C1)"
184.191.224.10 - - [09/Apr/2012:08:49:42 -0700] "GET /favicon.ico HTTP/1.1" 404 142 "-" "Caffeinated/1.1.1 CFNetwork/520.3.2 Darwin/11.3.0 (x86_64) (MacBookPro8%2C1)"
184.191.224.10 - - [09/Apr/2012:08:50:09 -0700] "GET / HTTP/1.1" 200 1430 "-" "Caffeinated/1.1.1 CFNetwork/520.3.2 Darwin/11.3.0 (x86_64) (MacBookPro8%2C1)"
184.191.224.10 - - [09/Apr/2012:08:50:09 -0700] "GET /favicon.ico HTTP/1.1" 404 142 "-" "Caffeinated/1.1.1 CFNetwork/520.3.2 Darwin/11.3.0 (x86_64) (MacBookPro8%2C1)"
184.191.224.10 - - [09/Apr/2012:08:51:00 -0700] "GET / HTTP/1.1" 200 1430 "-" "Caffeinated/1.1.1 CFNetwork/520.3.2 Darwin/11.3.0 (x86_64) (MacBookPro8%2C1)"
184.191.224.10 - - [09/Apr/2012:08:51:00 -0700] "GET /favicon.ico HTTP/1.1" 404 142 "-" "Caffeinated/1.1.1 CFNetwork/520.3.2 Darwin/11.3.0 (x86_64) (MacBookPro8%2C1)"
207.46.204.167 - - [09/Apr/2012:08:51:05 -0700] "-" 400 0 "-" "-"
207.46.204.167 - - [09/Apr/2012:08:51:05 -0700] "-" 400 0 "-" "-"
207.46.204.167 - - [09/Apr/2012:08:51:06 -0700] "-" 400 0 "-" "-"
207.46.204.167 - - [09/Apr/2012:08:51:06 -0700] "-" 400 0 "-" "-"
207.46.204.167 - - [09/Apr/2012:08:51:07 -0700] "-" 400 0 "-" "-"
207.46.204.167 - - [09/Apr/2012:08:51:07 -0700] "-" 400 0 "-" "-"
207.46.204.167 - - [09/Apr/2012:08:51:07 -0700] "-" 400 0 "-" "-"
207.46.204.167 - - [09/Apr/2012:08:51:07 -0700] "-" 400 0 "-" "-"
207.46.204.167 - - [09/Apr/2012:08:51:08 -0700] "-" 400 0 "-" "-"
207.46.204.167 - - [09/Apr/2012:08:51:08 -0700] "-" 400 0 "-" "-"
207.46.204.167 - - [09/Apr/2012:08:51:08 -0700] "-" 400 0 "-" "-"
184.191.224.10 - - [09/Apr/2012:08:51:32 -0700] "GET / HTTP/1.1" 200 1430 "-" "Caffeinated/1.1.1 CFNetwork/520.3.2 Darwin/11.3.0 (x86_64) (MacBookPro8%2C1)"
184.191.224.10 - - [09/Apr/2012:08:51:32 -0700] "GET /favicon.ico HTTP/1.1" 404 142 "-" "Caffeinated/1.1.1 CFNetwork/520.3.2 Darwin/11.3.0 (x86_64) (MacBookPro8%2C1)"
184.191.224.10 - - [09/Apr/2012:08:52:19 -0700] "GET / HTTP/1.1" 200 1430 "-" "Caffeinated/1.1.1 CFNetwork/520.3.2 Darwin/11.3.0 (x86_64) (MacBookPro8%2C1)"
184.191.224.10 - - [09/Apr/2012:08:52:19 -0700] "GET /favicon.ico HTTP/1.1" 404 142 "-" "Caffeinated/1.1.1 CFNetwork/520.3.2 Darwin/11.3.0 (x86_64) (MacBookPro8%2C1)"
184.191.224.10 - - [09/Apr/2012:08:53:13 -0700] "GET / HTTP/1.1" 200 1430 "-" "Caffeinated/1.1.1 CFNetwork/520.3.2 Darwin/11.3.0 (x86_64) (MacBookPro8%2C1)"
184.191.224.10 - - [09/Apr/2012:08:53:14 -0700] "GET /favicon.ico HTTP/1.1" 404 142 "-" "Caffeinated/1.1.1 CFNetwork/520.3.2 Darwin/11.3.0 (x86_64) (MacBookPro8%2C1)"
184.191.224.10 - - [09/Apr/2012:08:53:38 -0700] "GET / HTTP/1.1" 200 1430 "-" "Caffeinated/1.1.1 CFNetwork/520.3.2 Darwin/11.3.0 (x86_64) (MacBookPro8%2C1)"
184.191.224.10 - - [09/Apr/2012:08:53:38 -0700] "GET /favicon.ico HTTP/1.1" 404 142 "-" "Caffeinated/1.1.1 CFNetwork/520.3.2 Darwin/11.3.0 (x86_64) (MacBookPro8%2C1)"
69.9.94.14 - - [09/Apr/2012:08:53:50 -0700] "GET /r/1va HTTP/1.1" 301 255 "-" "Mozilla/5.0 (iPod; U; CPU iPhone OS 4_3_3 like Mac OS X; en-us) AppleWebKit/533.17.9 (KHTML, like Gecko) Mobile/8J2"
69.9.94.14 - - [09/Apr/2012:08:53:50 -0700] "GET /s/ta/1va/ HTTP/1.1" 302 409 "-" "Mozilla/5.0 (iPod; U; CPU iPhone OS 4_3_3 like Mac OS X; en-us) AppleWebKit/533.17.9 (KHTML, like Gecko) Mobile/8J2"
69.9.94.14 - - [09/Apr/2012:08:53:57 -0700] "GET /s/ta/1va/ HTTP/1.1" 302 409 "-" "Mozilla/5.0 (iPod; U; CPU iPhone OS 4_3_3 like Mac OS X; en-us) AppleWebKit/533.17.9 (KHTML, like Gecko) Mobile/8J2"
69.9.94.14 - - [09/Apr/2012:08:54:05 -0700] "GET /s/ta/1va/ HTTP/1.1" 302 409 "-" "Mozilla/5.0 (iPod; U; CPU iPhone OS 4_3_3 like Mac OS X; en-us) AppleWebKit/533.17.9 (KHTML, like Gecko) Mobile/8J2"
69.9.94.14 - - [09/Apr/2012:08:54:08 -0700] "GET /r/23z HTTP/1.1" 301 255 "-" "Mozilla/5.0 (iPod; U; CPU iPhone OS 4_3_3 like Mac OS X; en-us) AppleWebKit/533.17.9 (KHTML, like Gecko) Mobile/8J2"
69.9.94.14 - - [09/Apr/2012:08:54:08 -0700] "GET /s/ta/23z/ HTTP/1.1" 302 397 "-" "Mozilla/5.0 (iPod; U; CPU iPhone OS 4_3_3 like Mac OS X; en-us) AppleWebKit/533.17.9 (KHTML, like Gecko) Mobile/8J2"
184.191.224.10 - - [09/Apr/2012:08:54:33 -0700] "GET / HTTP/1.1" 200 1430 "-" "Caffeinated/1.1.1 CFNetwork/520.3.2 Darwin/11.3.0 (x86_64) (MacBookPro8%2C1)"
184.191.224.10 - - [09/Apr/2012:08:54:33 -0700] "GET /favicon.ico HTTP/1.1" 404 142 "-" "Caffeinated/1.1.1 CFNetwork/520.3.2 Darwin/11.3.0 (x86_64) (MacBookPro8%2C1)"
184.191.224.10 - - [09/Apr/2012:08:55:01 -0700] "GET / HTTP/1.1" 200 1430 "-" "Caffeinated/1.1.1 CFNetwork/520.3.2 Darwin/11.3.0 (x86_64) (MacBookPro8%2C1)"
184.191.224.10 - - [09/Apr/2012:08:55:01 -0700] "GET /favicon.ico HTTP/1.1" 404 142 "-" "Caffeinated/1.1.1 CFNetwork/520.3.2 Darwin/11.3.0 (x86_64) (MacBookPro8%2C1)"
59.177.12.175 - - [09/Apr/2012:08:55:47 -0700] "GET /AssessmentBar/r/Unassessed_India_articles/ HTTP/1.1" 302 329 "http://en.wikipedia.org/wiki/Talk:10th_Filmfare_Awards" "Mozilla/5.0 (Windows NT 5.1) AppleWebKit/535.19 (KHTML, like Gecko) Chrome/18.0.1025.151 Safari/535.19"
184.191.224.10 - - [09/Apr/2012:08:55:54 -0700] "GET / HTTP/1.1" 200 1430 "-" "Caffeinated/1.1.1 CFNetwork/520.3.2 Darwin/11.3.0 (x86_64) (MacBookPro8%2C1)"
184.191.224.10 - - [09/Apr/2012:08:55:54 -0700] "GET /favicon.ico HTTP/1.1" 404 142 "-" "Caffeinated/1.1.1 CFNetwork/520.3.2 Darwin/11.3.0 (x86_64) (MacBookPro8%2C1)"
59.177.12.175 - - [09/Apr/2012:08:56:05 -0700] "GET /AssessmentBar/r/Unassessed_India_articles/ HTTP/1.1" 302 291 "http://en.wikipedia.org/wiki/Sabalgarh_(Vidhan_Sabha_constituency)" "Mozilla/5.0 (Windows NT 5.1) AppleWebKit/535.19 (KHTML, like Gecko) Chrome/18.0.1025.151 Safari/535.19"
182.72.156.236 - - [09/Apr/2012:08:56:13 -0700] "-" 400 0 "-" "-"
184.191.224.10 - - [09/Apr/2012:08:56:22 -0700] "GET / HTTP/1.1" 200 1430 "-" "Caffeinated/1.1.1 CFNetwork/520.3.2 Darwin/11.3.0 (x86_64) (MacBookPro8%2C1)"
184.191.224.10 - - [09/Apr/2012:08:56:22 -0700] "GET /favicon.ico HTTP/1.1" 404 142 "-" "Caffeinated/1.1.1 CFNetwork/520.3.2 Darwin/11.3.0 (x86_64) (MacBookPro8%2C1)"
59.177.12.175 - - [09/Apr/2012:08:56:26 -0700] "GET /AssessmentBar/r/Unassessed_India_articles/ HTTP/1.1" 302 275 "http://en.wikipedia.org/wiki/Tenzin_Priyadarshi" "Mozilla/5.0 (Windows NT 5.1) AppleWebKit/535.19 (KHTML, like Gecko) Chrome/18.0.1025.151 Safari/535.19"
184.191.224.10 - - [09/Apr/2012:08:57:13 -0700] "GET / HTTP/1.1" 200 1430 "-" "Caffeinated/1.1.1 CFNetwork/520.3.2 Darwin/11.3.0 (x86_64) (MacBookPro8%2C1)"
184.191.224.10 - - [09/Apr/2012:08:57:13 -0700] "GET /favicon.ico HTTP/1.1" 404 142 "-" "Caffeinated/1.1.1 CFNetwork/520.3.2 Darwin/11.3.0 (x86_64) (MacBookPro8%2C1)"
59.177.12.175 - - [09/Apr/2012:08:57:31 -0700] "GET /AssessmentBar/r/Unassessed_India_articles/ HTTP/1.1" 302 305 "http://en.wikipedia.org/wiki/Devi_River" "Mozilla/5.0 (Windows NT 5.1) AppleWebKit/535.19 (KHTML, like Gecko) Chrome/18.0.1025.151 Safari/535.19"
184.191.224.10 - - [09/Apr/2012:08:57:42 -0700] "GET / HTTP/1.1" 200 1430 "-" "Caffeinated/1.1.1 CFNetwork/520.3.2 Darwin/11.3.0 (x86_64) (MacBookPro8%2C1)"
184.191.224.10 - - [09/Apr/2012:08:57:42 -0700] "GET /favicon.ico HTTP/1.1" 404 142 "-" "Caffeinated/1.1.1 CFNetwork/520.3.2 Darwin/11.3.0 (x86_64) (MacBookPro8%2C1)"
184.191.224.10 - - [09/Apr/2012:08:58:39 -0700] "GET / HTTP/1.1" 200 1430 "-" "Caffeinated/1.1.1 CFNetwork/520.3.2 Darwin/11.3.0 (x86_64) (MacBookPro8%2C1)"
184.191.224.10 - - [09/Apr/2012:08:58:39 -0700] "GET /favicon.ico HTTP/1.1" 404 142 "-" "Caffeinated/1.1.1 CFNetwork/520.3.2 Darwin/11.3.0 (x86_64) (MacBookPro8%2C1)"
184.191.224.10 - - [09/Apr/2012:08:59:00 -0700] "GET / HTTP/1.1" 200 1430 "-" "Caffeinated/1.1.1 CFNetwork/520.3.2 Darwin/11.3.0 (x86_64) (MacBookPro8%2C1)"
184.191.224.10 - - [09/Apr/2012:08:59:01 -0700] "GET /favicon.ico HTTP/1.1" 404 142 "-" "Caffeinated/1.1.1 CFNetwork/520.3.2 Darwin/11.3.0 (x86_64) (MacBookPro8%2C1)"
184.191.224.10 - - [09/Apr/2012:09:00:01 -0700] "GET / HTTP/1.1" 200 1430 "-" "Caffeinated/1.1.1 CFNetwork/520.3.2 Darwin/11.3.0 (x86_64) (MacBookPro8%2C1)"
184.191.224.10 - - [09/Apr/2012:09:00:01 -0700] "GET /favicon.ico HTTP/1.1" 404 142 "-" "Caffeinated/1.1.1 CFNetwork/520.3.2 Darwin/11.3.0 (x86_64) (MacBookPro8%2C1)"
184.191.224.10 - - [09/Apr/2012:09:00:23 -0700] "GET / HTTP/1.1" 200 1430 "-" "Caffeinated/1.1.1 CFNetwork/520.3.2 Darwin/11.3.0 (x86_64) (MacBookPro8%2C1)"
184.191.224.10 - - [09/Apr/2012:09:00:23 -0700] "GET /favicon.ico HTTP/1.1" 404 142 "-" "Caffeinated/1.1.1 CFNetwork/520.3.2 Darwin/11.3.0 (x86_64) (MacBookPro8%2C1)"
184.191.224.10 - - [09/Apr/2012:09:01:23 -0700] "GET / HTTP/1.1" 200 1430 "-" "Caffeinated/1.1.1 CFNetwork/520.3.2 Darwin/11.3.0 (x86_64) (MacBookPro8%2C1)"
184.191.224.10 - - [09/Apr/2012:09:01:23 -0700] "GET /favicon.ico HTTP/1.1" 404 142 "-" "Caffeinated/1.1.1 CFNetwork/520.3.2 Darwin/11.3.0 (x86_64) (MacBookPro8%2C1)"
184.191.224.10 - - [09/Apr/2012:09:01:43 -0700] "GET / HTTP/1.1" 200 1430 "-" "Caffeinated/1.1.1 CFNetwork/520.3.2 Darwin/11.3.0 (x86_64) (MacBookPro8%2C1)"
184.191.224.10 - - [09/Apr/2012:09:01:43 -0700] "GET /favicon.ico HTTP/1.1" 404 142 "-" "Caffeinated/1.1.1 CFNetwork/520.3.2 Darwin/11.3.0 (x86_64) (MacBookPro8%2C1)"
69.9.94.14 - - [09/Apr/2012:09:01:56 -0700] "GET /r/23z HTTP/1.1" 301 255 "-" "Mozilla/5.0 (iPod; U; CPU iPhone OS 4_3_3 like Mac OS X; en-us) AppleWebKit/533.17.9 (KHTML, like Gecko) Mobile/8J2"
69.9.94.14 - - [09/Apr/2012:09:01:56 -0700] "GET /s/ta/23z/ HTTP/1.1" 302 397 "-" "Mozilla/5.0 (iPod; U; CPU iPhone OS 4_3_3 like Mac OS X; en-us) AppleWebKit/533.17.9 (KHTML, like Gecko) Mobile/8J2"
184.191.224.10 - - [09/Apr/2012:09:02:43 -0700] "GET / HTTP/1.1" 200 1430 "-" "Caffeinated/1.1.1 CFNetwork/520.3.2 Darwin/11.3.0 (x86_64) (MacBookPro8%2C1)"
184.191.224.10 - - [09/Apr/2012:09:02:43 -0700] "GET /favicon.ico HTTP/1.1" 404 142 "-" "Caffeinated/1.1.1 CFNetwork/520.3.2 Darwin/11.3.0 (x86_64) (MacBookPro8%2C1)"
184.191.224.10 - - [09/Apr/2012:09:03:04 -0700] "GET / HTTP/1.1" 200 1430 "-" "Caffeinated/1.1.1 CFNetwork/520.3.2 Darwin/11.3.0 (x86_64) (MacBookPro8%2C1)"
184.191.224.10 - - [09/Apr/2012:09:03:04 -0700] "GET /favicon.ico HTTP/1.1" 404 142 "-" "Caffeinated/1.1.1 CFNetwork/520.3.2 Darwin/11.3.0 (x86_64) (MacBookPro8%2C1)"
85.17.88.169 - - [09/Apr/2012:09:03:07 -0700] "POST /blog/wp-cron.php?doing_wp_cron=1333987072 HTTP/1.0" 499 0 "-" "WordPress/3.3.1; http://yuvi.in/blog"
209.85.144.93 - - [09/Apr/2012:09:03:15 -0700] "GET /blog/feed HTTP/1.1" 499 0 "-" "FeedBurner/1.0 (http://www.FeedBurner.com)"
69.147.191.50 - - [09/Apr/2012:09:04:01 -0700] "GET / HTTP/1.1" 200 1430 "http://www.google.com/url?sa=t&rct=j&q=yuvi%20panda&source=web&cd=1&ved=0CCUQFjAA&url=http%3A%2F%2Fyuvi.in%2F&ei=NAeDT6b9EsTf0QHV6cHTBw&usg=AFQjCNGCp_KinRzG9gFsQqxb60Cy8lsxnA" "Mozilla/5.0 (Windows NT 6.1; WOW64) AppleWebKit/534.54.16 (KHTML, like Gecko) Version/5.1.4 Safari/534.54.16"
69.147.191.50 - - [09/Apr/2012:09:04:01 -0700] "GET /blueprint/screen.css HTTP/1.1" 200 12058 "http://yuvi.in/" "Mozilla/5.0 (Windows NT 6.1; WOW64) AppleWebKit/534.54.16 (KHTML, like Gecko) Version/5.1.4 Safari/534.54.16"
69.147.191.50 - - [09/Apr/2012:09:04:01 -0700] "GET /blueprint/print.css HTTP/1.1" 200 1284 "http://yuvi.in/" "Mozilla/5.0 (Windows NT 6.1; WOW64) AppleWebKit/534.54.16 (KHTML, like Gecko) Version/5.1.4 Safari/534.54.16"
69.147.191.50 - - [09/Apr/2012:09:04:01 -0700] "GET /header.png HTTP/1.1" 200 14249 "http://yuvi.in/" "Mozilla/5.0 (Windows NT 6.1; WOW64) AppleWebKit/534.54.16 (KHTML, like Gecko) Version/5.1.4 Safari/534.54.16"
69.147.191.50 - - [09/Apr/2012:09:04:01 -0700] "GET /favicon.ico HTTP/1.1" 404 142 "http://yuvi.in/" "Mozilla/5.0 (Windows NT 6.1; WOW64) AppleWebKit/534.54.16 (KHTML, like Gecko) Version/5.1.4 Safari/534.54.16"
184.191.224.10 - - [09/Apr/2012:09:04:02 -0700] "GET / HTTP/1.1" 200 1430 "-" "Caffeinated/1.1.1 CFNetwork/520.3.2 Darwin/11.3.0 (x86_64) (MacBookPro8%2C1)"
184.191.224.10 - - [09/Apr/2012:09:04:02 -0700] "GET /favicon.ico HTTP/1.1" 404 142 "-" "Caffeinated/1.1.1 CFNetwork/520.3.2 Darwin/11.3.0 (x86_64) (MacBookPro8%2C1)"
69.147.191.50 - - [09/Apr/2012:09:04:07 -0700] "GET /blog HTTP/1.1" 301 178 "http://yuvi.in/" "Mozilla/5.0 (Windows NT 6.1; WOW64) AppleWebKit/534.54.16 (KHTML, like Gecko) Version/5.1.4 Safari/534.54.16"
219.64.112.72 - - [09/Apr/2012:09:04:09 -0700] "-" 400 0 "-" "-"
85.17.88.169 - - [09/Apr/2012:09:04:09 -0700] "POST /blog/wp-cron.php?doing_wp_cron=1333987134 HTTP/1.0" 499 0 "-" "WordPress/3.3.1; http://yuvi.in/blog"
69.147.191.50 - - [09/Apr/2012:09:04:09 -0700] "GET /blog/ HTTP/1.1" 200 9195 "http://yuvi.in/" "Mozilla/5.0 (Windows NT 6.1; WOW64) AppleWebKit/534.54.16 (KHTML, like Gecko) Version/5.1.4 Safari/534.54.16"
69.147.191.50 - - [09/Apr/2012:09:04:10 -0700] "GET /blog/wp-content/themes/cleanr/js/jquery.dropdown.js?ver=3.3.1 HTTP/1.1" 200 535 "http://yuvi.in/blog/" "Mozilla/5.0 (Windows NT 6.1; WOW64) AppleWebKit/534.54.16 (KHTML, like Gecko) Version/5.1.4 Safari/534.54.16"
69.147.191.50 - - [09/Apr/2012:09:04:10 -0700] "GET /blog/wp-content/themes/cleanr/style.css HTTP/1.1" 200 10508 "http://yuvi.in/blog/" "Mozilla/5.0 (Windows NT 6.1; WOW64) AppleWebKit/534.54.16 (KHTML, like Gecko) Version/5.1.4 Safari/534.54.16"
69.147.191.50 - - [09/Apr/2012:09:04:11 -0700] "GET /blog/wp-content/themes/cleanr/css/text.css HTTP/1.1" 200 420 "http://yuvi.in/blog/" "Mozilla/5.0 (Windows NT 6.1; WOW64) AppleWebKit/534.54.16 (KHTML, like Gecko) Version/5.1.4 Safari/534.54.16"
69.147.191.50 - - [09/Apr/2012:09:04:11 -0700] "GET /blog/wp-content/themes/cleanr/css/reset.css HTTP/1.1" 200 648 "http://yuvi.in/blog/" "Mozilla/5.0 (Windows NT 6.1; WOW64) AppleWebKit/534.54.16 (KHTML, like Gecko) Version/5.1.4 Safari/534.54.16"
69.147.191.50 - - [09/Apr/2012:09:04:11 -0700] "GET /blog/wp-content/themes/cleanr/css/960.css HTTP/1.1" 200 3628 "http://yuvi.in/blog/" "Mozilla/5.0 (Windows NT 6.1; WOW64) AppleWebKit/534.54.16 (KHTML, like Gecko) Version/5.1.4 Safari/534.54.16"
69.147.191.50 - - [09/Apr/2012:09:04:12 -0700] "GET /blog/wp-includes/js/jquery/jquery.js?ver=1.7.1 HTTP/1.1" 200 93889 "http://yuvi.in/blog/" "Mozilla/5.0 (Windows NT 6.1; WOW64) AppleWebKit/534.54.16 (KHTML, like Gecko) Version/5.1.4 Safari/534.54.16"
69.147.191.50 - - [09/Apr/2012:09:04:12 -0700] "GET /blog/wp-content/themes/cleanr/images/search_magnifier.gif HTTP/1.1" 200 394 "http://yuvi.in/blog/" "Mozilla/5.0 (Windows NT 6.1; WOW64) AppleWebKit/534.54.16 (KHTML, like Gecko) Version/5.1.4 Safari/534.54.16"
184.191.224.10 - - [09/Apr/2012:09:04:25 -0700] "GET / HTTP/1.1" 200 1430 "-" "Caffeinated/1.1.1 CFNetwork/520.3.2 Darwin/11.3.0 (x86_64) (MacBookPro8%2C1)"
184.191.224.10 - - [09/Apr/2012:09:04:25 -0700] "GET /favicon.ico HTTP/1.1" 404 142 "-" "Caffeinated/1.1.1 CFNetwork/520.3.2 Darwin/11.3.0 (x86_64) (MacBookPro8%2C1)"
184.191.224.10 - - [09/Apr/2012:09:05:24 -0700] "GET / HTTP/1.1" 200 1430 "-" "Caffeinated/1.1.1 CFNetwork/520.3.2 Darwin/11.3.0 (x86_64) (MacBookPro8%2C1)"
184.191.224.10 - - [09/Apr/2012:09:05:24 -0700] "GET /favicon.ico HTTP/1.1" 404 142 "-" "Caffeinated/1.1.1 CFNetwork/520.3.2 Darwin/11.3.0 (x86_64) (MacBookPro8%2C1)"
71.71.213.55 - - [09/Apr/2012:09:05:41 -0700] "GET /blog/reddit-university-sicp-reading-group.html HTTP/1.1" 200 2293 "-" "Mozilla/5.0 (X11; Ubuntu; Linux x86_64; rv:11.0) Gecko/20100101 Firefox/11.0"
71.71.213.55 - - [09/Apr/2012:09:05:42 -0700] "GET /blog/static/style.css HTTP/1.1" 200 4753 "http://yuvi.in/blog/reddit-university-sicp-reading-group.html" "Mozilla/5.0 (X11; Ubuntu; Linux x86_64; rv:11.0) Gecko/20100101 Firefox/11.0"
71.71.213.55 - - [09/Apr/2012:09:05:42 -0700] "GET /blog/static/codehilite.css HTTP/1.1" 200 4012 "http://yuvi.in/blog/reddit-university-sicp-reading-group.html" "Mozilla/5.0 (X11; Ubuntu; Linux x86_64; rv:11.0) Gecko/20100101 Firefox/11.0"
71.71.213.55 - - [09/Apr/2012:09:05:42 -0700] "GET /favicon.ico HTTP/1.1" 404 142 "-" "Mozilla/5.0 (X11; Ubuntu; Linux x86_64; rv:11.0) Gecko/20100101 Firefox/11.0"
71.71.213.55 - - [09/Apr/2012:09:05:42 -0700] "GET /favicon.ico HTTP/1.1" 404 142 "-" "Mozilla/5.0 (X11; Ubuntu; Linux x86_64; rv:11.0) Gecko/20100101 Firefox/11.0"
184.191.224.10 - - [09/Apr/2012:09:05:56 -0700] "GET / HTTP/1.1" 200 1430 "-" "Caffeinated/1.1.1 CFNetwork/520.3.2 Darwin/11.3.0 (x86_64) (MacBookPro8%2C1)"
184.191.224.10 - - [09/Apr/2012:09:05:56 -0700] "GET /favicon.ico HTTP/1.1" 404 142 "-" "Caffeinated/1.1.1 CFNetwork/520.3.2 Darwin/11.3.0 (x86_64) (MacBookPro8%2C1)"
85.17.88.169 - - [09/Apr/2012:09:06:10 -0700] "POST /blog/wp-cron.php?doing_wp_cron=1333987255 HTTP/1.0" 499 0 "-" "WordPress/3.3.1; http://yuvi.in/blog"
101.226.33.190 - - [09/Apr/2012:09:06:10 -0700] "GET /blog/feed HTTP/1.0" 304 0 "-" "Mozilla/4.0 (compatible; Windows;)"
184.191.224.10 - - [09/Apr/2012:09:06:52 -0700] "GET / HTTP/1.1" 200 1430 "-" "Caffeinated/1.1.1 CFNetwork/520.3.2 Darwin/11.3.0 (x86_64) (MacBookPro8%2C1)"
184.191.224.10 - - [09/Apr/2012:09:06:52 -0700] "GET /favicon.ico HTTP/1.1" 404 142 "-" "Caffeinated/1.1.1 CFNetwork/520.3.2 Darwin/11.3.0 (x86_64) (MacBookPro8%2C1)"
184.191.224.10 - - [09/Apr/2012:09:07:18 -0700] "GET / HTTP/1.1" 200 1430 "-" "Caffeinated/1.1.1 CFNetwork/520.3.2 Darwin/11.3.0 (x86_64) (MacBookPro8%2C1)"
184.191.224.10 - - [09/Apr/2012:09:07:18 -0700] "GET /favicon.ico HTTP/1.1" 404 142 "-" "Caffeinated/1.1.1 CFNetwork/520.3.2 Darwin/11.3.0 (x86_64) (MacBookPro8%2C1)"
74.125.126.80 - - [09/Apr/2012:09:07:40 -0700] "GET /favicon.ico HTTP/1.1" 404 211 "-" "-"
184.191.224.10 - - [09/Apr/2012:09:08:15 -0700] "GET / HTTP/1.1" 200 1430 "-" "Caffeinated/1.1.1 CFNetwork/520.3.2 Darwin/11.3.0 (x86_64) (MacBookPro8%2C1)"
184.191.224.10 - - [09/Apr/2012:09:08:15 -0700] "GET /favicon.ico HTTP/1.1" 404 142 "-" "Caffeinated/1.1.1 CFNetwork/520.3.2 Darwin/11.3.0 (x86_64) (MacBookPro8%2C1)"
184.191.224.10 - - [09/Apr/2012:09:08:35 -0700] "GET / HTTP/1.1" 200 1430 "-" "Caffeinated/1.1.1 CFNetwork/520.3.2 Darwin/11.3.0 (x86_64) (MacBookPro8%2C1)"
184.191.224.10 - - [09/Apr/2012:09:08:35 -0700] "GET /favicon.ico HTTP/1.1" 404 142 "-" "Caffeinated/1.1.1 CFNetwork/520.3.2 Darwin/11.3.0 (x86_64) (MacBookPro8%2C1)"
184.191.224.10 - - [09/Apr/2012:09:09:35 -0700] "GET / HTTP/1.1" 200 1430 "-" "Caffeinated/1.1.1 CFNetwork/520.3.2 Darwin/11.3.0 (x86_64) (MacBookPro8%2C1)"
184.191.224.10 - - [09/Apr/2012:09:09:36 -0700] "GET /favicon.ico HTTP/1.1" 404 142 "-" "Caffeinated/1.1.1 CFNetwork/520.3.2 Darwin/11.3.0 (x86_64) (MacBookPro8%2C1)"
207.46.204.165 - - [09/Apr/2012:09:10:02 -0700] "-" 400 0 "-" "-"
207.46.204.165 - - [09/Apr/2012:09:10:02 -0700] "-" 400 0 "-" "-"
207.46.204.165 - - [09/Apr/2012:09:10:02 -0700] "-" 400 0 "-" "-"
207.46.204.165 - - [09/Apr/2012:09:10:02 -0700] "-" 400 0 "-" "-"
207.46.204.165 - - [09/Apr/2012:09:10:03 -0700] "-" 400 0 "-" "-"
207.46.204.165 - - [09/Apr/2012:09:10:03 -0700] "-" 400 0 "-" "-"
207.46.204.165 - - [09/Apr/2012:09:10:03 -0700] "-" 400 0 "-" "-"
207.46.204.165 - - [09/Apr/2012:09:10:03 -0700] "-" 400 0 "-" "-"
207.46.204.165 - - [09/Apr/2012:09:10:03 -0700] "-" 400 0 "-" "-"
207.46.204.165 - - [09/Apr/2012:09:10:04 -0700] "-" 400 0 "-" "-"
207.46.204.165 - - [09/Apr/2012:09:10:04 -0700] "-" 400 0 "-" "-"
207.46.204.165 - - [09/Apr/2012:09:10:04 -0700] "-" 400 0 "-" "-"
207.46.204.165 - - [09/Apr/2012:09:10:11 -0700] "-" 400 0 "-" "-"
141.105.120.153 - - [09/Apr/2012:09:10:26 -0700] "GET /robots.txt HTTP/1.0" 404 169 "-" "Mozilla/5.0 (compatible; OpenindexShallowSpider/Nutch-1.5-dev; +http://www.openindex.io/en/webmasters/spider.html)"
141.105.120.153 - - [09/Apr/2012:09:10:26 -0700] "GET /POSM/ HTTP/1.0" 200 6528 "-" "Mozilla/5.0 (compatible; OpenindexShallowSpider/Nutch-1.5-dev; +http://www.openindex.io/en/webmasters/spider.html)"
117.206.110.31 - - [09/Apr/2012:09:10:37 -0700] "GET /r/i5k HTTP/1.1" 301 255 "http://www.blogger.com/post-create.g?blogID=2529547809313376154" "Mozilla/5.0 (Windows NT 6.1; rv:11.0) Gecko/20100101 Firefox/11.0"
117.206.110.31 - - [09/Apr/2012:09:10:38 -0700] "GET /s/ta/i5k/ HTTP/1.1" 302 337 "http://www.blogger.com/post-create.g?blogID=2529547809313376154" "Mozilla/5.0 (Windows NT 6.1; rv:11.0) Gecko/20100101 Firefox/11.0"
117.206.110.31 - - [09/Apr/2012:09:10:43 -0700] "-" 400 0 "-" "-"
184.191.224.10 - - [09/Apr/2012:09:10:47 -0700] "GET / HTTP/1.1" 200 1430 "-" "Caffeinated/1.1.1 CFNetwork/520.3.2 Darwin/11.3.0 (x86_64) (MacBookPro8%2C1)"
184.191.224.10 - - [09/Apr/2012:09:10:48 -0700] "GET /favicon.ico HTTP/1.1" 404 142 "-" "Caffeinated/1.1.1 CFNetwork/520.3.2 Darwin/11.3.0 (x86_64) (MacBookPro8%2C1)"
209.85.224.84 - - [09/Apr/2012:09:10:59 -0700] "GET /stories/feed HTTP/1.1" 200 13653 "-" "FeedBurner/1.0 (http://www.FeedBurner.com)"
101.212.173.7 - - [09/Apr/2012:09:11:04 -0700] "-" 400 0 "-" "-"
184.191.224.10 - - [09/Apr/2012:09:11:06 -0700] "GET / HTTP/1.1" 200 1430 "-" "Caffeinated/1.1.1 CFNetwork/520.3.2 Darwin/11.3.0 (x86_64) (MacBookPro8%2C1)"
184.191.224.10 - - [09/Apr/2012:09:11:06 -0700] "GET /favicon.ico HTTP/1.1" 404 142 "-" "Caffeinated/1.1.1 CFNetwork/520.3.2 Darwin/11.3.0 (x86_64) (MacBookPro8%2C1)"
184.191.224.10 - - [09/Apr/2012:09:12:03 -0700] "GET / HTTP/1.1" 200 1430 "-" "Caffeinated/1.1.1 CFNetwork/520.3.2 Darwin/11.3.0 (x86_64) (MacBookPro8%2C1)"
184.191.224.10 - - [09/Apr/2012:09:12:03 -0700] "GET /favicon.ico HTTP/1.1" 404 142 "-" "Caffeinated/1.1.1 CFNetwork/520.3.2 Darwin/11.3.0 (x86_64) (MacBookPro8%2C1)"
65.52.111.244 - - [09/Apr/2012:09:12:09 -0700] "-" 400 0 "-" "-"
65.52.111.244 - - [09/Apr/2012:09:12:09 -0700] "-" 400 0 "-" "-"
65.52.111.244 - - [09/Apr/2012:09:12:09 -0700] "-" 400 0 "-" "-"
65.52.111.244 - - [09/Apr/2012:09:12:13 -0700] "-" 400 0 "-" "-"
115.241.102.91 - - [09/Apr/2012:09:12:14 -0700] "-" 400 0 "-" "-"
65.52.111.244 - - [09/Apr/2012:09:12:14 -0700] "-" 400 0 "-" "-"
65.52.111.244 - - [09/Apr/2012:09:12:14 -0700] "-" 400 0 "-" "-"
65.52.111.244 - - [09/Apr/2012:09:12:15 -0700] "-" 400 0 "-" "-"
65.52.111.244 - - [09/Apr/2012:09:12:15 -0700] "-" 400 0 "-" "-"
65.52.111.244 - - [09/Apr/2012:09:12:15 -0700] "-" 400 0 "-" "-"
65.52.111.244 - - [09/Apr/2012:09:12:16 -0700] "-" 400 0 "-" "-"
65.52.111.244 - - [09/Apr/2012:09:12:16 -0700] "-" 400 0 "-" "-"
65.52.111.244 - - [09/Apr/2012:09:12:16 -0700] "-" 400 0 "-" "-"
184.191.224.10 - - [09/Apr/2012:09:12:22 -0700] "GET / HTTP/1.1" 200 1430 "-" "Caffeinated/1.1.1 CFNetwork/520.3.2 Darwin/11.3.0 (x86_64) (MacBookPro8%2C1)"
184.191.224.10 - - [09/Apr/2012:09:12:22 -0700] "GET /favicon.ico HTTP/1.1" 404 142 "-" "Caffeinated/1.1.1 CFNetwork/520.3.2 Darwin/11.3.0 (x86_64) (MacBookPro8%2C1)"
115.241.102.91 - - [09/Apr/2012:09:12:44 -0700] "-" 400 0 "-" "-"
65.52.111.244 - - [09/Apr/2012:09:12:57 -0700] "-" 400 0 "-" "-"
184.191.224.10 - - [09/Apr/2012:09:13:24 -0700] "GET / HTTP/1.1" 200 1430 "-" "Caffeinated/1.1.1 CFNetwork/520.3.2 Darwin/11.3.0 (x86_64) (MacBookPro8%2C1)"
184.191.224.10 - - [09/Apr/2012:09:13:24 -0700] "GET /favicon.ico HTTP/1.1" 404 142 "-" "Caffeinated/1.1.1 CFNetwork/520.3.2 Darwin/11.3.0 (x86_64) (MacBookPro8%2C1)"
207.46.204.189 - - [09/Apr/2012:09:13:30 -0700] "GET /s/ta/kpo/ HTTP/1.1" 302 413 "-" "Mozilla/5.0 (compatible; bingbot/2.0; +http://www.bing.com/bingbot.htm)"
115.241.102.91 - - [09/Apr/2012:09:13:34 -0700] "-" 400 0 "-" "-"
115.241.102.91 - - [09/Apr/2012:09:13:34 -0700] "-" 400 0 "-" "-"
115.241.102.91 - - [09/Apr/2012:09:13:34 -0700] "-" 400 0 "-" "-"
115.241.102.91 - - [09/Apr/2012:09:13:34 -0700] "-" 400 0 "-" "-"
184.191.224.10 - - [09/Apr/2012:09:13:43 -0700] "GET / HTTP/1.1" 200 1430 "-" "Caffeinated/1.1.1 CFNetwork/520.3.2 Darwin/11.3.0 (x86_64) (MacBookPro8%2C1)"
184.191.224.10 - - [09/Apr/2012:09:13:43 -0700] "GET /favicon.ico HTTP/1.1" 404 142 "-" "Caffeinated/1.1.1 CFNetwork/520.3.2 Darwin/11.3.0 (x86_64) (MacBookPro8%2C1)"
94.228.34.248 - - [09/Apr/2012:09:14:01 -0700] "GET /blog/ HTTP/1.1" 200 9195 "-" "magpie-crawler/1.1 (U; Linux amd64; en-GB; +http://www.brandwatch.net)"
115.241.102.91 - - [09/Apr/2012:09:14:04 -0700] "-" 400 0 "-" "-"
157.55.112.204 - - [09/Apr/2012:09:14:09 -0700] "-" 400 0 "-" "-"
157.55.112.204 - - [09/Apr/2012:09:14:09 -0700] "-" 400 0 "-" "-"
157.55.112.204 - - [09/Apr/2012:09:14:09 -0700] "-" 400 0 "-" "-"
157.55.112.204 - - [09/Apr/2012:09:14:15 -0700] "-" 400 0 "-" "-"
157.55.112.204 - - [09/Apr/2012:09:14:17 -0700] "-" 400 0 "-" "-"
157.55.112.204 - - [09/Apr/2012:09:14:18 -0700] "-" 400 0 "-" "-"
157.55.112.204 - - [09/Apr/2012:09:14:21 -0700] "-" 400 0 "-" "-"
157.55.112.204 - - [09/Apr/2012:09:14:22 -0700] "-" 400 0 "-" "-"
157.55.112.204 - - [09/Apr/2012:09:14:25 -0700] "-" 400 0 "-" "-"
157.55.112.204 - - [09/Apr/2012:09:14:25 -0700] "-" 400 0 "-" "-"
157.55.112.204 - - [09/Apr/2012:09:14:30 -0700] "-" 400 0 "-" "-"
184.191.224.10 - - [09/Apr/2012:09:14:42 -0700] "GET / HTTP/1.1" 200 1430 "-" "Caffeinated/1.1.1 CFNetwork/520.3.2 Darwin/11.3.0 (x86_64) (MacBookPro8%2C1)"
184.191.224.10 - - [09/Apr/2012:09:14:42 -0700] "GET /favicon.ico HTTP/1.1" 404 142 "-" "Caffeinated/1.1.1 CFNetwork/520.3.2 Darwin/11.3.0 (x86_64) (MacBookPro8%2C1)"
157.55.112.204 - - [09/Apr/2012:09:14:49 -0700] "-" 400 0 "-" "-"
157.55.112.204 - - [09/Apr/2012:09:14:49 -0700] "-" 400 0 "-" "-"
184.191.224.10 - - [09/Apr/2012:09:15:02 -0700] "GET / HTTP/1.1" 200 1430 "-" "Caffeinated/1.1.1 CFNetwork/520.3.2 Darwin/11.3.0 (x86_64) (MacBookPro8%2C1)"
184.191.224.10 - - [09/Apr/2012:09:15:02 -0700] "GET /favicon.ico HTTP/1.1" 404 142 "-" "Caffeinated/1.1.1 CFNetwork/520.3.2 Darwin/11.3.0 (x86_64) (MacBookPro8%2C1)"
184.191.224.10 - - [09/Apr/2012:09:16:00 -0700] "GET / HTTP/1.1" 200 1430 "-" "Caffeinated/1.1.1 CFNetwork/520.3.2 Darwin/11.3.0 (x86_64) (MacBookPro8%2C1)"
184.191.224.10 - - [09/Apr/2012:09:16:00 -0700] "GET /favicon.ico HTTP/1.1" 404 142 "-" "Caffeinated/1.1.1 CFNetwork/520.3.2 Darwin/11.3.0 (x86_64) (MacBookPro8%2C1)"
117.207.129.106 - - [09/Apr/2012:09:16:03 -0700] "GET /r/1z64 HTTP/1.1" 301 257 "http://www.muthukamalam.com/tamilblogs/p113.html" "Mozilla/5.0 (Windows NT 6.1) AppleWebKit/535.19 (KHTML, like Gecko) Chrome/18.0.1025.151 Safari/535.19"
117.207.129.106 - - [09/Apr/2012:09:16:03 -0700] "GET /s/ta/1z64/ HTTP/1.1" 302 557 "http://www.muthukamalam.com/tamilblogs/p113.html" "Mozilla/5.0 (Windows NT 6.1) AppleWebKit/535.19 (KHTML, like Gecko) Chrome/18.0.1025.151 Safari/535.19"
117.207.129.106 - - [09/Apr/2012:09:16:20 -0700] "-" 400 0 "-" "-"
184.191.224.10 - - [09/Apr/2012:09:16:29 -0700] "GET / HTTP/1.1" 200 1430 "-" "Caffeinated/1.1.1 CFNetwork/520.3.2 Darwin/11.3.0 (x86_64) (MacBookPro8%2C1)"
184.191.224.10 - - [09/Apr/2012:09:16:29 -0700] "GET /favicon.ico HTTP/1.1" 404 142 "-" "Caffeinated/1.1.1 CFNetwork/520.3.2 Darwin/11.3.0 (x86_64) (MacBookPro8%2C1)"
117.207.129.106 - - [09/Apr/2012:09:16:41 -0700] "GET /r/1z5n HTTP/1.1" 301 257 "http://www.muthukamalam.com/tamilblogs/p113.html" "Mozilla/5.0 (Windows NT 6.1) AppleWebKit/535.19 (KHTML, like Gecko) Chrome/18.0.1025.151 Safari/535.19"
117.207.129.106 - - [09/Apr/2012:09:16:41 -0700] "GET /s/ta/1z5n/ HTTP/1.1" 302 609 "http://www.muthukamalam.com/tamilblogs/p113.html" "Mozilla/5.0 (Windows NT 6.1) AppleWebKit/535.19 (KHTML, like Gecko) Chrome/18.0.1025.151 Safari/535.19"
184.191.224.10 - - [09/Apr/2012:09:17:23 -0700] "GET / HTTP/1.1" 200 1430 "-" "Caffeinated/1.1.1 CFNetwork/520.3.2 Darwin/11.3.0 (x86_64) (MacBookPro8%2C1)"
184.191.224.10 - - [09/Apr/2012:09:17:23 -0700] "GET /favicon.ico HTTP/1.1" 404 142 "-" "Caffeinated/1.1.1 CFNetwork/520.3.2 Darwin/11.3.0 (x86_64) (MacBookPro8%2C1)"
85.17.88.169 - - [09/Apr/2012:09:17:28 -0700] "POST /blog/wp-cron.php?doing_wp_cron=1333987934 HTTP/1.0" 499 0 "-" "WordPress/3.3.1; http://yuvi.in/blog"
183.82.73.122 - - [09/Apr/2012:09:17:29 -0700] "GET /blog/feed/ HTTP/1.0" 304 0 "-" "FeedDemon/4.0 (http://www.feeddemon.com/; Microsoft Windows)"
184.191.224.10 - - [09/Apr/2012:09:17:47 -0700] "GET / HTTP/1.1" 200 1430 "-" "Caffeinated/1.1.1 CFNetwork/520.3.2 Darwin/11.3.0 (x86_64) (MacBookPro8%2C1)"
184.191.224.10 - - [09/Apr/2012:09:17:47 -0700] "GET /favicon.ico HTTP/1.1" 404 142 "-" "Caffeinated/1.1.1 CFNetwork/520.3.2 Darwin/11.3.0 (x86_64) (MacBookPro8%2C1)"
184.191.224.10 - - [09/Apr/2012:09:18:43 -0700] "GET / HTTP/1.1" 200 1430 "-" "Caffeinated/1.1.1 CFNetwork/520.3.2 Darwin/11.3.0 (x86_64) (MacBookPro8%2C1)"
184.191.224.10 - - [09/Apr/2012:09:18:43 -0700] "GET /favicon.ico HTTP/1.1" 404 142 "-" "Caffeinated/1.1.1 CFNetwork/520.3.2 Darwin/11.3.0 (x86_64) (MacBookPro8%2C1)"
62.150.225.186 - - [09/Apr/2012:09:19:05 -0700] "-" 400 0 "-" "-"
184.191.224.10 - - [09/Apr/2012:09:19:06 -0700] "GET / HTTP/1.1" 200 1430 "-" "Caffeinated/1.1.1 CFNetwork/520.3.2 Darwin/11.3.0 (x86_64) (MacBookPro8%2C1)"
184.191.224.10 - - [09/Apr/2012:09:19:06 -0700] "GET /favicon.ico HTTP/1.1" 404 142 "-" "Caffeinated/1.1.1 CFNetwork/520.3.2 Darwin/11.3.0 (x86_64) (MacBookPro8%2C1)"
62.150.225.186 - - [09/Apr/2012:09:19:25 -0700] "-" 400 0 "-" "-"
100.43.83.144 - - [09/Apr/2012:09:20:02 -0700] "GET / HTTP/1.1" 200 1430 "-" "Mozilla/5.0 (compatible; YandexBot/3.0; +http://yandex.com/bots)"
184.191.224.10 - - [09/Apr/2012:09:20:02 -0700] "GET / HTTP/1.1" 200 1430 "-" "Caffeinated/1.1.1 CFNetwork/520.3.2 Darwin/11.3.0 (x86_64) (MacBookPro8%2C1)"
184.191.224.10 - - [09/Apr/2012:09:20:02 -0700] "GET /favicon.ico HTTP/1.1" 404 142 "-" "Caffeinated/1.1.1 CFNetwork/520.3.2 Darwin/11.3.0 (x86_64) (MacBookPro8%2C1)"
207.46.204.214 - - [09/Apr/2012:09:20:09 -0700] "-" 400 0 "-" "-"
207.46.204.214 - - [09/Apr/2012:09:20:09 -0700] "-" 400 0 "-" "-"
207.46.204.214 - - [09/Apr/2012:09:20:09 -0700] "-" 400 0 "-" "-"
207.46.204.214 - - [09/Apr/2012:09:20:13 -0700] "-" 400 0 "-" "-"
207.46.204.214 - - [09/Apr/2012:09:20:14 -0700] "-" 400 0 "-" "-"
207.46.204.214 - - [09/Apr/2012:09:20:14 -0700] "-" 400 0 "-" "-"
207.46.204.214 - - [09/Apr/2012:09:20:14 -0700] "-" 400 0 "-" "-"
207.46.204.214 - - [09/Apr/2012:09:20:15 -0700] "-" 400 0 "-" "-"
207.46.204.214 - - [09/Apr/2012:09:20:15 -0700] "-" 400 0 "-" "-"
207.46.204.214 - - [09/Apr/2012:09:20:15 -0700] "-" 400 0 "-" "-"
207.46.204.214 - - [09/Apr/2012:09:20:15 -0700] "-" 400 0 "-" "-"
207.46.204.214 - - [09/Apr/2012:09:20:16 -0700] "-" 400 0 "-" "-"
184.191.224.10 - - [09/Apr/2012:09:20:28 -0700] "GET / HTTP/1.1" 200 1430 "-" "Caffeinated/1.1.1 CFNetwork/520.3.2 Darwin/11.3.0 (x86_64) (MacBookPro8%2C1)"
184.191.224.10 - - [09/Apr/2012:09:20:28 -0700] "GET /favicon.ico HTTP/1.1" 404 142 "-" "Caffeinated/1.1.1 CFNetwork/520.3.2 Darwin/11.3.0 (x86_64) (MacBookPro8%2C1)"
66.220.146.247 - - [09/Apr/2012:09:20:34 -0700] "GET /r/fmf HTTP/1.1" 301 255 "-" "facebookexternalhit/1.1 (+http://www.facebook.com/externalhit_uatext.php)"
66.220.146.244 - - [09/Apr/2012:09:20:34 -0700] "GET /s/ta/fmf/ HTTP/1.1" 302 349 "-" "facebookexternalhit/1.1 (+http://www.facebook.com/externalhit_uatext.php)"
184.191.224.10 - - [09/Apr/2012:09:21:24 -0700] "GET / HTTP/1.1" 200 1430 "-" "Caffeinated/1.1.1 CFNetwork/520.3.2 Darwin/11.3.0 (x86_64) (MacBookPro8%2C1)"
184.191.224.10 - - [09/Apr/2012:09:21:25 -0700] "GET /favicon.ico HTTP/1.1" 404 142 "-" "Caffeinated/1.1.1 CFNetwork/520.3.2 Darwin/11.3.0 (x86_64) (MacBookPro8%2C1)"
184.191.224.10 - - [09/Apr/2012:09:21:45 -0700] "GET / HTTP/1.1" 200 1430 "-" "Caffeinated/1.1.1 CFNetwork/520.3.2 Darwin/11.3.0 (x86_64) (MacBookPro8%2C1)"
184.191.224.10 - - [09/Apr/2012:09:21:45 -0700] "GET /favicon.ico HTTP/1.1" 404 142 "-" "Caffeinated/1.1.1 CFNetwork/520.3.2 Darwin/11.3.0 (x86_64) (MacBookPro8%2C1)"
184.191.224.10 - - [09/Apr/2012:09:22:44 -0700] "GET / HTTP/1.1" 200 1430 "-" "Caffeinated/1.1.1 CFNetwork/520.3.2 Darwin/11.3.0 (x86_64) (MacBookPro8%2C1)"
184.191.224.10 - - [09/Apr/2012:09:22:44 -0700] "GET /favicon.ico HTTP/1.1" 404 142 "-" "Caffeinated/1.1.1 CFNetwork/520.3.2 Darwin/11.3.0 (x86_64) (MacBookPro8%2C1)"
184.191.224.10 - - [09/Apr/2012:09:23:04 -0700] "GET / HTTP/1.1" 200 1430 "-" "Caffeinated/1.1.1 CFNetwork/520.3.2 Darwin/11.3.0 (x86_64) (MacBookPro8%2C1)"
184.191.224.10 - - [09/Apr/2012:09:23:04 -0700] "GET /favicon.ico HTTP/1.1" 404 142 "-" "Caffeinated/1.1.1 CFNetwork/520.3.2 Darwin/11.3.0 (x86_64) (MacBookPro8%2C1)"
85.17.88.169 - - [09/Apr/2012:09:23:27 -0700] "POST /blog/wp-cron.php?doing_wp_cron=1333988292 HTTP/1.0" 499 0 "-" "WordPress/3.3.1; http://yuvi.in/blog"
209.85.224.87 - - [09/Apr/2012:09:23:28 -0700] "GET /blog/feed HTTP/1.1" 301 0 "-" "FeedBurner/1.0 (http://www.FeedBurner.com)"
209.85.224.87 - - [09/Apr/2012:09:23:28 -0700] "GET /blog/feed/ HTTP/1.1" 200 6691 "-" "FeedBurner/1.0 (http://www.FeedBurner.com)"
85.17.88.169 - - [09/Apr/2012:09:23:32 -0700] "POST /blog/wp-cron.php?doing_wp_cron=1333988297 HTTP/1.0" 499 0 "-" "WordPress/3.3.1; http://yuvi.in/blog"
209.85.224.80 - - [09/Apr/2012:09:23:32 -0700] "GET /blog/feed HTTP/1.1" 304 0 "-" "FeedBurner/1.0 (http://www.FeedBurner.com)"
184.191.224.10 - - [09/Apr/2012:09:24:03 -0700] "GET / HTTP/1.1" 200 1430 "-" "Caffeinated/1.1.1 CFNetwork/520.3.2 Darwin/11.3.0 (x86_64) (MacBookPro8%2C1)"
184.191.224.10 - - [09/Apr/2012:09:24:03 -0700] "GET /favicon.ico HTTP/1.1" 404 142 "-" "Caffeinated/1.1.1 CFNetwork/520.3.2 Darwin/11.3.0 (x86_64) (MacBookPro8%2C1)"
117.201.248.25 - - [09/Apr/2012:09:24:24 -0700] "GET /e/Logicwiki HTTP/1.1" 301 269 "http://ta.wikipedia.org/wiki/%E0%AE%AA%E0%AE%AF%E0%AE%A9%E0%AE%B0%E0%AF%8D:Logicwiki" "Mozilla/5.0 (X11; Linux x86_64; rv:7.0.1) Gecko/20100101 Firefox/7.0.1"
117.201.248.25 - - [09/Apr/2012:09:24:24 -0700] "GET /en/ta/Logicwiki/ HTTP/1.1" 302 265 "http://ta.wikipedia.org/wiki/%E0%AE%AA%E0%AE%AF%E0%AE%A9%E0%AE%B0%E0%AF%8D:Logicwiki" "Mozilla/5.0 (X11; Linux x86_64; rv:7.0.1) Gecko/20100101 Firefox/7.0.1"
184.191.224.10 - - [09/Apr/2012:09:24:26 -0700] "GET / HTTP/1.1" 200 1430 "-" "Caffeinated/1.1.1 CFNetwork/520.3.2 Darwin/11.3.0 (x86_64) (MacBookPro8%2C1)"
184.191.224.10 - - [09/Apr/2012:09:24:26 -0700] "GET /favicon.ico HTTP/1.1" 404 142 "-" "Caffeinated/1.1.1 CFNetwork/520.3.2 Darwin/11.3.0 (x86_64) (MacBookPro8%2C1)"
117.201.248.25 - - [09/Apr/2012:09:24:29 -0700] "-" 400 0 "-" "-"
117.201.248.25 - - [09/Apr/2012:09:24:35 -0700] "GET /r/1ue7 HTTP/1.1" 301 257 "http://ta.wikipedia.org/wiki/%E0%AE%AA%E0%AE%AF%E0%AE%A9%E0%AE%B0%E0%AF%8D:Logicwiki" "Mozilla/5.0 (X11; Linux x86_64; rv:7.0.1) Gecko/20100101 Firefox/7.0.1"
117.201.248.25 - - [09/Apr/2012:09:24:36 -0700] "GET /s/ta/1ue7/ HTTP/1.1" 302 345 "http://ta.wikipedia.org/wiki/%E0%AE%AA%E0%AE%AF%E0%AE%A9%E0%AE%B0%E0%AF%8D:Logicwiki" "Mozilla/5.0 (X11; Linux x86_64; rv:7.0.1) Gecko/20100101 Firefox/7.0.1"
184.191.224.10 - - [09/Apr/2012:09:25:25 -0700] "GET / HTTP/1.1" 200 1430 "-" "Caffeinated/1.1.1 CFNetwork/520.3.2 Darwin/11.3.0 (x86_64) (MacBookPro8%2C1)"
184.191.224.10 - - [09/Apr/2012:09:25:25 -0700] "GET /favicon.ico HTTP/1.1" 404 142 "-" "Caffeinated/1.1.1 CFNetwork/520.3.2 Darwin/11.3.0 (x86_64) (MacBookPro8%2C1)"
184.191.224.10 - - [09/Apr/2012:09:25:51 -0700] "GET / HTTP/1.1" 200 1430 "-" "Caffeinated/1.1.1 CFNetwork/520.3.2 Darwin/11.3.0 (x86_64) (MacBookPro8%2C1)"
184.191.224.10 - - [09/Apr/2012:09:25:51 -0700] "GET /favicon.ico HTTP/1.1" 404 142 "-" "Caffeinated/1.1.1 CFNetwork/520.3.2 Darwin/11.3.0 (x86_64) (MacBookPro8%2C1)"
66.249.67.108 - - [09/Apr/2012:09:26:02 -0700] "GET /robots.txt HTTP/1.1" 404 142 "-" "Mozilla/5.0 (compatible; Googlebot/2.1; +http://www.google.com/bot.html)"
66.249.67.108 - - [09/Apr/2012:09:26:03 -0700] "GET /blog HTTP/1.1" 301 178 "-" "Mozilla/5.0 (compatible; Googlebot/2.1; +http://www.google.com/bot.html)"
66.249.67.108 - - [09/Apr/2012:09:26:04 -0700] "GET /blog/ HTTP/1.1" 200 9195 "-" "Mozilla/5.0 (compatible; Googlebot/2.1; +http://www.google.com/bot.html)"
85.17.88.169 - - [09/Apr/2012:09:26:06 -0700] "POST /blog/wp-cron.php?doing_wp_cron=1333988451 HTTP/1.0" 499 0 "-" "WordPress/3.3.1; http://yuvi.in/blog"
66.249.67.108 - - [09/Apr/2012:09:26:06 -0700] "GET /blog/feed/atom/ HTTP/1.1" 304 0 "-" "Mozilla/5.0 (compatible; Googlebot/2.1; +http://www.google.com/bot.html)"
184.191.224.10 - - [09/Apr/2012:09:26:50 -0700] "GET / HTTP/1.1" 200 1430 "-" "Caffeinated/1.1.1 CFNetwork/520.3.2 Darwin/11.3.0 (x86_64) (MacBookPro8%2C1)"
184.191.224.10 - - [09/Apr/2012:09:26:50 -0700] "GET /favicon.ico HTTP/1.1" 404 142 "-" "Caffeinated/1.1.1 CFNetwork/520.3.2 Darwin/11.3.0 (x86_64) (MacBookPro8%2C1)"
184.191.224.10 - - [09/Apr/2012:09:27:08 -0700] "GET / HTTP/1.1" 200 1430 "-" "Caffeinated/1.1.1 CFNetwork/520.3.2 Darwin/11.3.0 (x86_64) (MacBookPro8%2C1)"
184.191.224.10 - - [09/Apr/2012:09:27:08 -0700] "GET /favicon.ico HTTP/1.1" 404 142 "-" "Caffeinated/1.1.1 CFNetwork/520.3.2 Darwin/11.3.0 (x86_64) (MacBookPro8%2C1)"
117.201.248.25 - - [09/Apr/2012:09:27:46 -0700] "GET /en/ta/Logicwiki/ HTTP/1.1" 302 265 "http://ta.wikipedia.org/wiki/%E0%AE%AA%E0%AE%AF%E0%AE%A9%E0%AE%B0%E0%AF%8D:Logicwiki" "Mozilla/5.0 (X11; Linux x86_64; rv:7.0.1) Gecko/20100101 Firefox/7.0.1"
117.201.248.25 - - [09/Apr/2012:09:27:52 -0700] "-" 400 0 "-" "-"
117.201.248.25 - - [09/Apr/2012:09:27:53 -0700] "GET /s/ta/1ue7/ HTTP/1.1" 302 345 "http://ta.wikipedia.org/wiki/%E0%AE%AA%E0%AE%AF%E0%AE%A9%E0%AE%B0%E0%AF%8D:Logicwiki" "Mozilla/5.0 (X11; Linux x86_64; rv:7.0.1) Gecko/20100101 Firefox/7.0.1"
184.191.224.10 - - [09/Apr/2012:09:28:10 -0700] "GET / HTTP/1.1" 200 1430 "-" "Caffeinated/1.1.1 CFNetwork/520.3.2 Darwin/11.3.0 (x86_64) (MacBookPro8%2C1)"
184.191.224.10 - - [09/Apr/2012:09:28:10 -0700] "GET /favicon.ico HTTP/1.1" 404 142 "-" "Caffeinated/1.1.1 CFNetwork/520.3.2 Darwin/11.3.0 (x86_64) (MacBookPro8%2C1)"
184.191.224.10 - - [09/Apr/2012:09:28:28 -0700] "GET / HTTP/1.1" 200 1430 "-" "Caffeinated/1.1.1 CFNetwork/520.3.2 Darwin/11.3.0 (x86_64) (MacBookPro8%2C1)"
184.191.224.10 - - [09/Apr/2012:09:28:28 -0700] "GET /favicon.ico HTTP/1.1" 404 142 "-" "Caffeinated/1.1.1 CFNetwork/520.3.2 Darwin/11.3.0 (x86_64) (MacBookPro8%2C1)"
69.171.228.248 - - [09/Apr/2012:09:28:47 -0700] "GET /r/jty HTTP/1.1" 301 255 "-" "facebookexternalhit/1.1 (+http://www.facebook.com/externalhit_uatext.php)"
69.171.228.249 - - [09/Apr/2012:09:28:47 -0700] "GET /s/ta/jty/ HTTP/1.1" 302 509 "-" "facebookexternalhit/1.1 (+http://www.facebook.com/externalhit_uatext.php)"
184.191.224.10 - - [09/Apr/2012:09:29:28 -0700] "GET / HTTP/1.1" 200 1430 "-" "Caffeinated/1.1.1 CFNetwork/520.3.2 Darwin/11.3.0 (x86_64) (MacBookPro8%2C1)"
184.191.224.10 - - [09/Apr/2012:09:29:28 -0700] "GET /favicon.ico HTTP/1.1" 404 142 "-" "Caffeinated/1.1.1 CFNetwork/520.3.2 Darwin/11.3.0 (x86_64) (MacBookPro8%2C1)"
117.206.64.204 - - [09/Apr/2012:09:29:39 -0700] "GET /r/1r2 HTTP/1.1" 301 255 "-" "Mozilla/5.0 (Windows; U; Windows NT 5.1; en-US; rv:1.9.1.2) Gecko/20090729 Firefox/3.5.2"
117.206.64.204 - - [09/Apr/2012:09:29:40 -0700] "GET /s/ta/1r2/ HTTP/1.1" 302 337 "-" "Mozilla/5.0 (Windows; U; Windows NT 5.1; en-US; rv:1.9.1.2) Gecko/20090729 Firefox/3.5.2"
184.191.224.10 - - [09/Apr/2012:09:29:54 -0700] "GET / HTTP/1.1" 200 1430 "-" "Caffeinated/1.1.1 CFNetwork/520.3.2 Darwin/11.3.0 (x86_64) (MacBookPro8%2C1)"
184.191.224.10 - - [09/Apr/2012:09:29:55 -0700] "GET /favicon.ico HTTP/1.1" 404 142 "-" "Caffeinated/1.1.1 CFNetwork/520.3.2 Darwin/11.3.0 (x86_64) (MacBookPro8%2C1)"
207.46.204.173 - - [09/Apr/2012:09:30:39 -0700] "-" 400 0 "-" "-"
207.46.204.173 - - [09/Apr/2012:09:30:39 -0700] "-" 400 0 "-" "-"
207.46.204.173 - - [09/Apr/2012:09:30:39 -0700] "-" 400 0 "-" "-"
207.46.204.173 - - [09/Apr/2012:09:30:40 -0700] "-" 400 0 "-" "-"
207.46.204.173 - - [09/Apr/2012:09:30:40 -0700] "-" 400 0 "-" "-"
207.46.204.173 - - [09/Apr/2012:09:30:40 -0700] "-" 400 0 "-" "-"
207.46.204.173 - - [09/Apr/2012:09:30:40 -0700] "-" 400 0 "-" "-"
207.46.204.173 - - [09/Apr/2012:09:30:40 -0700] "-" 400 0 "-" "-"
207.46.204.173 - - [09/Apr/2012:09:30:40 -0700] "-" 400 0 "-" "-"
207.46.204.173 - - [09/Apr/2012:09:30:40 -0700] "-" 400 0 "-" "-"
184.191.224.10 - - [09/Apr/2012:09:30:51 -0700] "GET / HTTP/1.1" 200 1430 "-" "Caffeinated/1.1.1 CFNetwork/520.3.2 Darwin/11.3.0 (x86_64) (MacBookPro8%2C1)"
184.191.224.10 - - [09/Apr/2012:09:30:51 -0700] "GET /favicon.ico HTTP/1.1" 404 142 "-" "Caffeinated/1.1.1 CFNetwork/520.3.2 Darwin/11.3.0 (x86_64) (MacBookPro8%2C1)"
184.191.224.10 - - [09/Apr/2012:09:31:18 -0700] "GET / HTTP/1.1" 200 1430 "-" "Caffeinated/1.1.1 CFNetwork/520.3.2 Darwin/11.3.0 (x86_64) (MacBookPro8%2C1)"
184.191.224.10 - - [09/Apr/2012:09:31:18 -0700] "GET /favicon.ico HTTP/1.1" 404 142 "-" "Caffeinated/1.1.1 CFNetwork/520.3.2 Darwin/11.3.0 (x86_64) (MacBookPro8%2C1)"
184.191.224.10 - - [09/Apr/2012:09:32:12 -0700] "GET / HTTP/1.1" 200 1430 "-" "Caffeinated/1.1.1 CFNetwork/520.3.2 Darwin/11.3.0 (x86_64) (MacBookPro8%2C1)"
184.191.224.10 - - [09/Apr/2012:09:32:12 -0700] "GET /favicon.ico HTTP/1.1" 404 142 "-" "Caffeinated/1.1.1 CFNetwork/520.3.2 Darwin/11.3.0 (x86_64) (MacBookPro8%2C1)"
184.191.224.10 - - [09/Apr/2012:09:32:50 -0700] "GET / HTTP/1.1" 200 1430 "-" "Caffeinated/1.1.1 CFNetwork/520.3.2 Darwin/11.3.0 (x86_64) (MacBookPro8%2C1)"
184.191.224.10 - - [09/Apr/2012:09:32:50 -0700] "GET /favicon.ico HTTP/1.1" 404 142 "-" "Caffeinated/1.1.1 CFNetwork/520.3.2 Darwin/11.3.0 (x86_64) (MacBookPro8%2C1)"
184.191.224.10 - - [09/Apr/2012:09:33:31 -0700] "GET / HTTP/1.1" 200 1430 "-" "Caffeinated/1.1.1 CFNetwork/520.3.2 Darwin/11.3.0 (x86_64) (MacBookPro8%2C1)"
184.191.224.10 - - [09/Apr/2012:09:33:31 -0700] "GET /favicon.ico HTTP/1.1" 404 142 "-" "Caffeinated/1.1.1 CFNetwork/520.3.2 Darwin/11.3.0 (x86_64) (MacBookPro8%2C1)"
209.85.238.112 - - [09/Apr/2012:09:33:53 -0700] "GET /blog/feed/ HTTP/1.1" 200 6691 "-" "Feedfetcher-Google; (+http://www.google.com/feedfetcher.html; 19 subscribers; feed-id=15064232456473204253)"
184.191.224.10 - - [09/Apr/2012:09:34:11 -0700] "GET / HTTP/1.1" 200 1430 "-" "Caffeinated/1.1.1 CFNetwork/520.3.2 Darwin/11.3.0 (x86_64) (MacBookPro8%2C1)"
184.191.224.10 - - [09/Apr/2012:09:34:11 -0700] "GET /favicon.ico HTTP/1.1" 404 142 "-" "Caffeinated/1.1.1 CFNetwork/520.3.2 Darwin/11.3.0 (x86_64) (MacBookPro8%2C1)"
184.191.224.10 - - [09/Apr/2012:09:34:55 -0700] "GET / HTTP/1.1" 200 1430 "-" "Caffeinated/1.1.1 CFNetwork/520.3.2 Darwin/11.3.0 (x86_64) (MacBookPro8%2C1)"
184.191.224.10 - - [09/Apr/2012:09:34:55 -0700] "GET /favicon.ico HTTP/1.1" 404 142 "-" "Caffeinated/1.1.1 CFNetwork/520.3.2 Darwin/11.3.0 (x86_64) (MacBookPro8%2C1)"
184.191.224.10 - - [09/Apr/2012:09:35:50 -0700] "GET / HTTP/1.1" 200 1430 "-" "Caffeinated/1.1.1 CFNetwork/520.3.2 Darwin/11.3.0 (x86_64) (MacBookPro8%2C1)"
184.191.224.10 - - [09/Apr/2012:09:35:50 -0700] "GET /favicon.ico HTTP/1.1" 404 142 "-" "Caffeinated/1.1.1 CFNetwork/520.3.2 Darwin/11.3.0 (x86_64) (MacBookPro8%2C1)"
184.191.224.10 - - [09/Apr/2012:09:36:20 -0700] "GET / HTTP/1.1" 200 1430 "-" "Caffeinated/1.1.1 CFNetwork/520.3.2 Darwin/11.3.0 (x86_64) (MacBookPro8%2C1)"
184.191.224.10 - - [09/Apr/2012:09:36:20 -0700] "GET /favicon.ico HTTP/1.1" 404 142 "-" "Caffeinated/1.1.1 CFNetwork/520.3.2 Darwin/11.3.0 (x86_64) (MacBookPro8%2C1)"
184.191.224.10 - - [09/Apr/2012:09:37:12 -0700] "GET / HTTP/1.1" 200 1430 "-" "Caffeinated/1.1.1 CFNetwork/520.3.2 Darwin/11.3.0 (x86_64) (MacBookPro8%2C1)"
184.191.224.10 - - [09/Apr/2012:09:37:12 -0700] "GET /favicon.ico HTTP/1.1" 404 142 "-" "Caffeinated/1.1.1 CFNetwork/520.3.2 Darwin/11.3.0 (x86_64) (MacBookPro8%2C1)"
184.191.224.10 - - [09/Apr/2012:09:37:39 -0700] "GET / HTTP/1.1" 200 1430 "-" "Caffeinated/1.1.1 CFNetwork/520.3.2 Darwin/11.3.0 (x86_64) (MacBookPro8%2C1)"
184.191.224.10 - - [09/Apr/2012:09:37:39 -0700] "GET /favicon.ico HTTP/1.1" 404 142 "-" "Caffeinated/1.1.1 CFNetwork/520.3.2 Darwin/11.3.0 (x86_64) (MacBookPro8%2C1)"
184.191.224.10 - - [09/Apr/2012:09:38:31 -0700] "GET / HTTP/1.1" 200 1430 "-" "Caffeinated/1.1.1 CFNetwork/520.3.2 Darwin/11.3.0 (x86_64) (MacBookPro8%2C1)"
184.191.224.10 - - [09/Apr/2012:09:38:31 -0700] "GET /favicon.ico HTTP/1.1" 404 142 "-" "Caffeinated/1.1.1 CFNetwork/520.3.2 Darwin/11.3.0 (x86_64) (MacBookPro8%2C1)"
184.191.224.10 - - [09/Apr/2012:09:38:59 -0700] "GET / HTTP/1.1" 200 1430 "-" "Caffeinated/1.1.1 CFNetwork/520.3.2 Darwin/11.3.0 (x86_64) (MacBookPro8%2C1)"
184.191.224.10 - - [09/Apr/2012:09:38:59 -0700] "GET /favicon.ico HTTP/1.1" 404 142 "-" "Caffeinated/1.1.1 CFNetwork/520.3.2 Darwin/11.3.0 (x86_64) (MacBookPro8%2C1)"
141.0.8.41 - - [09/Apr/2012:09:39:46 -0700] "-" 400 0 "-" "-"
184.191.224.10 - - [09/Apr/2012:09:39:51 -0700] "GET / HTTP/1.1" 200 1430 "-" "Caffeinated/1.1.1 CFNetwork/520.3.2 Darwin/11.3.0 (x86_64) (MacBookPro8%2C1)"
184.191.224.10 - - [09/Apr/2012:09:39:51 -0700] "GET /favicon.ico HTTP/1.1" 404 142 "-" "Caffeinated/1.1.1 CFNetwork/520.3.2 Darwin/11.3.0 (x86_64) (MacBookPro8%2C1)"
184.191.224.10 - - [09/Apr/2012:09:40:20 -0700] "GET / HTTP/1.1" 200 1430 "-" "Caffeinated/1.1.1 CFNetwork/520.3.2 Darwin/11.3.0 (x86_64) (MacBookPro8%2C1)"
184.191.224.10 - - [09/Apr/2012:09:40:20 -0700] "GET /favicon.ico HTTP/1.1" 404 142 "-" "Caffeinated/1.1.1 CFNetwork/520.3.2 Darwin/11.3.0 (x86_64) (MacBookPro8%2C1)"
184.191.224.10 - - [09/Apr/2012:09:41:11 -0700] "GET / HTTP/1.1" 200 1430 "-" "Caffeinated/1.1.1 CFNetwork/520.3.2 Darwin/11.3.0 (x86_64) (MacBookPro8%2C1)"
184.191.224.10 - - [09/Apr/2012:09:41:11 -0700] "GET /favicon.ico HTTP/1.1" 404 142 "-" "Caffeinated/1.1.1 CFNetwork/520.3.2 Darwin/11.3.0 (x86_64) (MacBookPro8%2C1)"
85.17.88.169 - - [09/Apr/2012:09:41:17 -0700] "POST /blog/wp-cron.php?doing_wp_cron=1333989362 HTTP/1.0" 499 0 "-" "WordPress/3.3.1; http://yuvi.in/blog"
209.85.238.112 - - [09/Apr/2012:09:41:17 -0700] "GET /blog/feed HTTP/1.1" 301 0 "-" "Feedfetcher-Google; (+http://www.google.com/feedfetcher.html; 3 subscribers; feed-id=17684830852112633560)"
