69.171.234.5 - - [30/Mar/2012:09:55:09 -0700] "GET /r/fmf HTTP/1.1" 301 255 "-" "facebookexternalhit/1.1 (+http://www.facebook.com/externalhit_uatext.php)"
69.171.234.3 - - [30/Mar/2012:09:55:09 -0700] "GET /s/ta/fmf/ HTTP/1.1" 302 349 "-" "facebookexternalhit/1.1 (+http://www.facebook.com/externalhit_uatext.php)"
98.172.15.254 - - [30/Mar/2012:09:55:53 -0700] "GET /favicon.ico HTTP/1.1" 404 169 "-" "Caffeinated/1.1.1 CFNetwork/520.3.2 Darwin/11.3.0 (x86_64) (MacBookPro8%2C1)"
98.172.15.254 - - [30/Mar/2012:09:56:34 -0700] "GET / HTTP/1.1" 304 0 "-" "Caffeinated/1.1.1 CFNetwork/520.3.2 Darwin/11.3.0 (x86_64) (MacBookPro8%2C1)"
98.172.15.254 - - [30/Mar/2012:09:56:34 -0700] "GET /favicon.ico HTTP/1.1" 404 169 "-" "Caffeinated/1.1.1 CFNetwork/520.3.2 Darwin/11.3.0 (x86_64) (MacBookPro8%2C1)"
69.171.230.248 - - [30/Mar/2012:09:56:46 -0700] "GET /r/33y0 HTTP/1.1" 301 257 "-" "AsyncHttpClient 1.0"
69.171.230.250 - - [30/Mar/2012:09:56:47 -0700] "GET /s/ta/33y0/ HTTP/1.1" 302 609 "-" "AsyncHttpClient 1.0"
117.230.39.251 - - [30/Mar/2012:09:57:09 -0700] "-" 400 0 "-" "-"
202.89.110.234 - - [30/Mar/2012:09:57:22 -0700] "-" 400 0 "-" "-"
117.230.39.251 - - [30/Mar/2012:09:57:24 -0700] "-" 400 0 "-" "-"
98.172.15.254 - - [30/Mar/2012:09:57:28 -0700] "GET /favicon.ico HTTP/1.1" 404 169 "-" "Caffeinated/1.1.1 CFNetwork/520.3.2 Darwin/11.3.0 (x86_64) (MacBookPro8%2C1)"
202.89.110.234 - - [30/Mar/2012:09:57:42 -0700] "-" 400 0 "-" "-"
98.172.15.254 - - [30/Mar/2012:09:58:17 -0700] "GET /favicon.ico HTTP/1.1" 404 169 "-" "Caffeinated/1.1.1 CFNetwork/520.3.2 Darwin/11.3.0 (x86_64) (MacBookPro8%2C1)"
117.193.114.84 - - [30/Mar/2012:09:58:49 -0700] "-" 400 0 "-" "-"
223.236.222.230 - - [30/Mar/2012:09:58:50 -0700] "GET /r/33y0 HTTP/1.1" 301 257 "-" "NokiaN70-1/5.0737.3.0.1 Series60/2.8 Profile/MIDP-2.0 Configuration/CLDC-1.1"
223.236.222.230 - - [30/Mar/2012:09:58:54 -0700] "GET /s/ta/33y0/ HTTP/1.1" 302 609 "-" "NokiaN70-1/5.0737.3.0.1 Series60/2.8 Profile/MIDP-2.0 Configuration/CLDC-1.1"
98.172.15.254 - - [30/Mar/2012:09:59:15 -0700] "GET /favicon.ico HTTP/1.1" 404 169 "-" "Caffeinated/1.1.1 CFNetwork/520.3.2 Darwin/11.3.0 (x86_64) (MacBookPro8%2C1)"
117.193.114.84 - - [30/Mar/2012:09:59:39 -0700] "-" 400 0 "-" "-"
98.172.15.254 - - [30/Mar/2012:10:00:08 -0700] "GET /favicon.ico HTTP/1.1" 404 169 "-" "Caffeinated/1.1.1 CFNetwork/520.3.2 Darwin/11.3.0 (x86_64) (MacBookPro8%2C1)"
101.63.192.70 - - [30/Mar/2012:10:00:21 -0700] "-" 400 0 "-" "-"
220.255.1.162 - - [30/Mar/2012:10:00:43 -0700] "-" 400 0 "-" "-"
98.172.15.254 - - [30/Mar/2012:10:00:53 -0700] "GET /favicon.ico HTTP/1.1" 404 169 "-" "Caffeinated/1.1.1 CFNetwork/520.3.2 Darwin/11.3.0 (x86_64) (MacBookPro8%2C1)"
101.63.192.70 - - [30/Mar/2012:10:01:01 -0700] "-" 400 0 "-" "-"
101.63.192.70 - - [30/Mar/2012:10:01:01 -0700] "-" 400 0 "-" "-"
101.63.192.70 - - [30/Mar/2012:10:01:11 -0700] "-" 400 0 "-" "-"
101.63.192.70 - - [30/Mar/2012:10:01:11 -0700] "-" 400 0 "-" "-"
122.164.202.218 - - [30/Mar/2012:10:01:21 -0700] "-" 400 0 "-" "-"
220.255.1.140 - - [30/Mar/2012:10:01:34 -0700] "-" 400 0 "-" "-"
220.255.1.168 - - [30/Mar/2012:10:01:38 -0700] "-" 400 0 "-" "-"
117.193.114.84 - - [30/Mar/2012:10:01:39 -0700] "-" 400 0 "-" "-"
220.255.1.218 - - [30/Mar/2012:10:01:42 -0700] "-" 400 0 "-" "-"
220.255.2.246 - - [30/Mar/2012:10:01:42 -0700] "-" 400 0 "-" "-"
220.255.1.254 - - [30/Mar/2012:10:01:46 -0700] "-" 400 0 "-" "-"
220.255.2.239 - - [30/Mar/2012:10:01:47 -0700] "-" 400 0 "-" "-"
98.172.15.254 - - [30/Mar/2012:10:01:51 -0700] "GET / HTTP/1.1" 304 0 "-" "Caffeinated/1.1.1 CFNetwork/520.3.2 Darwin/11.3.0 (x86_64) (MacBookPro8%2C1)"
98.172.15.254 - - [30/Mar/2012:10:01:51 -0700] "GET /favicon.ico HTTP/1.1" 404 169 "-" "Caffeinated/1.1.1 CFNetwork/520.3.2 Darwin/11.3.0 (x86_64) (MacBookPro8%2C1)"
101.63.192.70 - - [30/Mar/2012:10:01:52 -0700] "-" 400 0 "-" "-"
101.63.192.70 - - [30/Mar/2012:10:01:52 -0700] "-" 400 0 "-" "-"
101.63.192.70 - - [30/Mar/2012:10:01:52 -0700] "-" 400 0 "-" "-"
101.63.192.70 - - [30/Mar/2012:10:01:52 -0700] "-" 400 0 "-" "-"
220.255.1.111 - - [30/Mar/2012:10:01:54 -0700] "-" 400 0 "-" "-"
220.255.1.202 - - [30/Mar/2012:10:01:54 -0700] "-" 400 0 "-" "-"
220.255.1.149 - - [30/Mar/2012:10:01:57 -0700] "-" 400 0 "-" "-"
14.99.183.14 - - [30/Mar/2012:10:02:01 -0700] "-" 400 0 "-" "-"
220.255.1.144 - - [30/Mar/2012:10:02:08 -0700] "-" 400 0 "-" "-"
220.255.1.168 - - [30/Mar/2012:10:02:09 -0700] "-" 400 0 "-" "-"
220.255.1.128 - - [30/Mar/2012:10:02:09 -0700] "-" 400 0 "-" "-"
220.255.1.171 - - [30/Mar/2012:10:02:10 -0700] "-" 400 0 "-" "-"
220.255.1.123 - - [30/Mar/2012:10:02:11 -0700] "-" 400 0 "-" "-"
122.164.242.110 - - [30/Mar/2012:10:02:24 -0700] "-" 400 0 "-" "-"
117.193.114.84 - - [30/Mar/2012:10:02:39 -0700] "-" 400 0 "-" "-"
89.27.83.51 - - [30/Mar/2012:10:02:46 -0700] "GET /r/yqp HTTP/1.1" 301 255 "http://ta.wikipedia.org/wiki/%E0%AE%85%E0%AE%AE%E0%AF%8D%E0%AE%B9%E0%AE%BE%E0%AE%B0%E0%AE%BF%E0%AE%AF_%E0%AE%AE%E0%AF%8A%E0%AE%B4%E0%AE%BF" "Mozilla/5.0 (Macintosh; Intel Mac OS X 10_7_3) AppleWebKit/534.55.3 (KHTML, like Gecko) Version/5.1.5 Safari/534.55.3"
89.27.83.51 - - [30/Mar/2012:10:02:47 -0700] "GET /s/ta/yqp/ HTTP/1.1" 302 413 "http://ta.wikipedia.org/wiki/%E0%AE%85%E0%AE%AE%E0%AF%8D%E0%AE%B9%E0%AE%BE%E0%AE%B0%E0%AE%BF%E0%AE%AF_%E0%AE%AE%E0%AF%8A%E0%AE%B4%E0%AE%BF" "Mozilla/5.0 (Macintosh; Intel Mac OS X 10_7_3) AppleWebKit/534.55.3 (KHTML, like Gecko) Version/5.1.5 Safari/534.55.3"
122.164.202.218 - - [30/Mar/2012:10:02:51 -0700] "-" 400 0 "-" "-"
122.164.202.218 - - [30/Mar/2012:10:02:51 -0700] "-" 400 0 "-" "-"
180.76.5.166 - - [30/Mar/2012:10:02:59 -0700] "GET /r/33ed HTTP/1.1" 301 257 "-" "Mozilla/5.0 (compatible; Baiduspider/2.0; +http://www.baidu.com/search/spider.html)"
180.76.5.156 - - [30/Mar/2012:10:02:59 -0700] "GET /s/ta/33ed/ HTTP/1.1" 302 421 "-" "Mozilla/5.0 (compatible; Baiduspider/2.0; +http://www.baidu.com/search/spider.html)"
98.172.15.254 - - [30/Mar/2012:10:03:03 -0700] "GET /favicon.ico HTTP/1.1" 404 169 "-" "Caffeinated/1.1.1 CFNetwork/520.3.2 Darwin/11.3.0 (x86_64) (MacBookPro8%2C1)"
117.201.32.59 - - [30/Mar/2012:10:03:29 -0700] "GET /r/33y1 HTTP/1.1" 301 257 "-" "Mozilla/5.0 (Windows NT 5.1; rv:5.0.1) Gecko/20100101 Firefox/5.0.1"
117.201.32.59 - - [30/Mar/2012:10:03:29 -0700] "GET /s/ta/33y1/ HTTP/1.1" 302 615 "-" "Mozilla/5.0 (Windows NT 5.1; rv:5.0.1) Gecko/20100101 Firefox/5.0.1"
8.33.7.95 - - [30/Mar/2012:10:03:42 -0700] "GET //fckeditor/editor//plugins/ajaxfilemanager/jscripts/edit_area/edit_area.css HTTP/1.1" 404 571 "-" "Mozilla/4.0 (compatible; MSIE 6.0; Windows 98)"
8.33.7.95 - - [30/Mar/2012:10:03:42 -0700] "GET //admin/tiny_mce//plugins/ajaxfilemanager/jscripts/edit_area/edit_area.css HTTP/1.1" 404 571 "-" "Mozilla/4.0 (compatible; MSIE 6.0; Windows 98)"
8.33.7.95 - - [30/Mar/2012:10:03:42 -0700] "GET //faq/admin/editor//plugins/ajaxfilemanager/jscripts/edit_area/edit_area.css HTTP/1.1" 404 571 "-" "Mozilla/4.0 (compatible; MSIE 6.0; Windows 98)"
8.33.7.95 - - [30/Mar/2012:10:03:42 -0700] "GET //FCKeditor/editor//plugins/ajaxfilemanager/jscripts/edit_area/edit_area.css HTTP/1.1" 404 571 "-" "Mozilla/4.0 (compatible; MSIE 6.0; Windows 98)"
8.33.7.95 - - [30/Mar/2012:10:03:42 -0700] "GET //photo/zp-core/zp-extensions/tiny_mce//plugins/ajaxfilemanager/jscripts/edit_area/edit_area.css HTTP/1.1" 404 571 "-" "Mozilla/4.0 (compatible; MSIE 6.0; Windows 98)"
8.33.7.95 - - [30/Mar/2012:10:03:42 -0700] "GET //includes/tinymce//plugins/ajaxfilemanager/jscripts/edit_area/edit_area.css HTTP/1.1" 404 571 "-" "Mozilla/4.0 (compatible; MSIE 6.0; Windows 98)"
8.33.7.95 - - [30/Mar/2012:10:03:42 -0700] "GET //js/jscripts/tiny_mce//plugins/ajaxfilemanager/jscripts/edit_area/edit_area.css HTTP/1.1" 404 571 "-" "Mozilla/4.0 (compatible; MSIE 6.0; Windows 98)"
8.33.7.95 - - [30/Mar/2012:10:03:42 -0700] "GET //tiny_mce//plugins/ajaxfilemanager/jscripts/edit_area/edit_area.css HTTP/1.1" 404 571 "-" "Mozilla/4.0 (compatible; MSIE 6.0; Windows 98)"
8.33.7.95 - - [30/Mar/2012:10:03:42 -0700] "GET //includes/fckeditor/editor//plugins/ajaxfilemanager/jscripts/edit_area/edit_area.css HTTP/1.1" 404 571 "-" "Mozilla/4.0 (compatible; MSIE 6.0; Windows 98)"
8.33.7.95 - - [30/Mar/2012:10:03:42 -0700] "GET //zen/zp-core/zp-extensions/tiny_mce//plugins/ajaxfilemanager/jscripts/edit_area/edit_area.css HTTP/1.1" 404 571 "-" "Mozilla/4.0 (compatible; MSIE 6.0; Windows 98)"
8.33.7.95 - - [30/Mar/2012:10:03:42 -0700] "GET //lib/fckeditor/editor//plugins/ajaxfilemanager/jscripts/edit_area/edit_area.css HTTP/1.1" 404 571 "-" "Mozilla/4.0 (compatible; MSIE 6.0; Windows 98)"
8.33.7.95 - - [30/Mar/2012:10:03:42 -0700] "GET //admin/fckeditor/editor//plugins/ajaxfilemanager/jscripts/edit_area/edit_area.css HTTP/1.1" 404 571 "-" "Mozilla/4.0 (compatible; MSIE 6.0; Windows 98)"
8.33.7.95 - - [30/Mar/2012:10:03:42 -0700] "GET //javascript/tinymce/jscripts/tiny_mce//plugins/ajaxfilemanager/jscripts/edit_area/edit_area.css HTTP/1.1" 404 571 "-" "Mozilla/4.0 (compatible; MSIE 6.0; Windows 98)"
8.33.7.95 - - [30/Mar/2012:10:03:42 -0700] "GET //jscripts/tiny_mce//plugins/ajaxfilemanager/jscripts/edit_area/edit_area.css HTTP/1.1" 404 571 "-" "Mozilla/4.0 (compatible; MSIE 6.0; Windows 98)"
8.33.7.95 - - [30/Mar/2012:10:03:42 -0700] "GET //zenphoto/zp-core/zp-extensions/tiny_mce//plugins/ajaxfilemanager/jscripts/edit_area/edit_area.css HTTP/1.1" 404 571 "-" "Mozilla/4.0 (compatible; MSIE 6.0; Windows 98)"
8.33.7.95 - - [30/Mar/2012:10:03:42 -0700] "GET //js/tiny_mce//plugins/ajaxfilemanager/jscripts/edit_area/edit_area.css HTTP/1.1" 404 571 "-" "Mozilla/4.0 (compatible; MSIE 6.0; Windows 98)"
8.33.7.95 - - [30/Mar/2012:10:03:42 -0700] "GET //scripts/tiny_mce//plugins/ajaxfilemanager/jscripts/edit_area/edit_area.css HTTP/1.1" 404 571 "-" "Mozilla/4.0 (compatible; MSIE 6.0; Windows 98)"
8.33.7.95 - - [30/Mar/2012:10:03:42 -0700] "GET //ajaxfilemanager/jscripts/tiny_mce//plugins/ajaxfilemanager/jscripts/edit_area/edit_area.css HTTP/1.1" 404 571 "-" "Mozilla/4.0 (compatible; MSIE 6.0; Windows 98)"
8.33.7.95 - - [30/Mar/2012:10:03:42 -0700] "GET //gallery/zp-core/zp-extensions/tiny_mce//plugins/ajaxfilemanager/jscripts/edit_area/edit_area.css HTTP/1.1" 404 571 "-" "Mozilla/4.0 (compatible; MSIE 6.0; Windows 98)"
8.33.7.95 - - [30/Mar/2012:10:03:42 -0700] "GET //main/inc/lib/fckeditor/editor//plugins/ajaxfilemanager/jscripts/edit_area/edit_area.css HTTP/1.1" 404 571 "-" "Mozilla/4.0 (compatible; MSIE 6.0; Windows 98)"
8.33.7.95 - - [30/Mar/2012:10:03:42 -0700] "GET //shop/admin/includes/javascript/tiny_mce//plugins/ajaxfilemanager/jscripts/edit_area/edit_area.css HTTP/1.1" 404 571 "-" "Mozilla/4.0 (compatible; MSIE 6.0; Windows 98)"
98.172.15.254 - - [30/Mar/2012:10:03:56 -0700] "GET /favicon.ico HTTP/1.1" 404 169 "-" "Caffeinated/1.1.1 CFNetwork/520.3.2 Darwin/11.3.0 (x86_64) (MacBookPro8%2C1)"
117.193.238.37 - - [30/Mar/2012:10:03:57 -0700] "-" 400 0 "-" "-"
117.193.151.50 - - [30/Mar/2012:10:04:36 -0700] "-" 400 0 "-" "-"
117.193.151.50 - - [30/Mar/2012:10:04:36 -0700] "-" 400 0 "-" "-"
117.193.151.50 - - [30/Mar/2012:10:04:36 -0700] "-" 400 0 "-" "-"
117.193.151.50 - - [30/Mar/2012:10:04:36 -0700] "-" 400 0 "-" "-"
117.193.151.50 - - [30/Mar/2012:10:04:36 -0700] "-" 400 0 "-" "-"
98.172.15.254 - - [30/Mar/2012:10:04:49 -0700] "GET /favicon.ico HTTP/1.1" 404 169 "-" "Caffeinated/1.1.1 CFNetwork/520.3.2 Darwin/11.3.0 (x86_64) (MacBookPro8%2C1)"
207.46.12.73 - - [30/Mar/2012:10:05:22 -0700] "-" 400 0 "-" "-"
207.46.12.73 - - [30/Mar/2012:10:05:29 -0700] "-" 400 0 "-" "-"
117.193.44.230 - - [30/Mar/2012:10:05:30 -0700] "-" 400 0 "-" "-"
117.193.44.230 - - [30/Mar/2012:10:05:30 -0700] "-" 400 0 "-" "-"
207.46.12.73 - - [30/Mar/2012:10:05:32 -0700] "-" 400 0 "-" "-"
207.46.12.73 - - [30/Mar/2012:10:05:36 -0700] "-" 400 0 "-" "-"
207.46.12.73 - - [30/Mar/2012:10:05:36 -0700] "-" 400 0 "-" "-"
207.46.12.73 - - [30/Mar/2012:10:05:36 -0700] "-" 400 0 "-" "-"
207.46.12.73 - - [30/Mar/2012:10:05:42 -0700] "-" 400 0 "-" "-"
98.172.15.254 - - [30/Mar/2012:10:05:42 -0700] "GET /favicon.ico HTTP/1.1" 404 169 "-" "Caffeinated/1.1.1 CFNetwork/520.3.2 Darwin/11.3.0 (x86_64) (MacBookPro8%2C1)"
207.46.12.73 - - [30/Mar/2012:10:05:43 -0700] "-" 400 0 "-" "-"
207.46.12.73 - - [30/Mar/2012:10:05:43 -0700] "-" 400 0 "-" "-"
207.46.12.73 - - [30/Mar/2012:10:05:44 -0700] "-" 400 0 "-" "-"
117.193.143.239 - - [30/Mar/2012:10:05:47 -0700] "-" 400 0 "-" "-"
59.92.48.220 - - [30/Mar/2012:10:06:00 -0700] "-" 400 0 "-" "-"
117.230.39.251 - - [30/Mar/2012:10:06:09 -0700] "-" 400 0 "-" "-"
98.172.15.254 - - [30/Mar/2012:10:06:33 -0700] "GET /favicon.ico HTTP/1.1" 404 169 "-" "Caffeinated/1.1.1 CFNetwork/520.3.2 Darwin/11.3.0 (x86_64) (MacBookPro8%2C1)"
207.46.12.73 - - [30/Mar/2012:10:06:38 -0700] "-" 400 0 "-" "-"
122.164.212.77 - - [30/Mar/2012:10:07:04 -0700] "-" 400 0 "-" "-"
122.164.212.77 - - [30/Mar/2012:10:07:04 -0700] "-" 400 0 "-" "-"
122.164.212.77 - - [30/Mar/2012:10:07:04 -0700] "-" 400 0 "-" "-"
122.164.212.77 - - [30/Mar/2012:10:07:04 -0700] "-" 400 0 "-" "-"
98.172.15.254 - - [30/Mar/2012:10:07:22 -0700] "GET / HTTP/1.1" 304 0 "-" "Caffeinated/1.1.1 CFNetwork/520.3.2 Darwin/11.3.0 (x86_64) (MacBookPro8%2C1)"
98.172.15.254 - - [30/Mar/2012:10:07:22 -0700] "GET /favicon.ico HTTP/1.1" 404 169 "-" "Caffeinated/1.1.1 CFNetwork/520.3.2 Darwin/11.3.0 (x86_64) (MacBookPro8%2C1)"
122.164.212.77 - - [30/Mar/2012:10:07:24 -0700] "-" 400 0 "-" "-"
122.164.212.77 - - [30/Mar/2012:10:07:24 -0700] "-" 400 0 "-" "-"
122.164.212.77 - - [30/Mar/2012:10:07:24 -0700] "-" 400 0 "-" "-"
59.92.48.220 - - [30/Mar/2012:10:08:00 -0700] "-" 400 0 "-" "-"
59.92.48.220 - - [30/Mar/2012:10:08:00 -0700] "-" 400 0 "-" "-"
59.92.48.220 - - [30/Mar/2012:10:08:00 -0700] "-" 400 0 "-" "-"
59.92.48.220 - - [30/Mar/2012:10:08:00 -0700] "-" 400 0 "-" "-"
59.92.48.220 - - [30/Mar/2012:10:08:00 -0700] "-" 400 0 "-" "-"
122.164.212.77 - - [30/Mar/2012:10:08:14 -0700] "-" 400 0 "-" "-"
122.164.212.77 - - [30/Mar/2012:10:08:14 -0700] "-" 400 0 "-" "-"
122.164.212.77 - - [30/Mar/2012:10:08:14 -0700] "-" 400 0 "-" "-"
98.172.15.254 - - [30/Mar/2012:10:08:17 -0700] "GET /favicon.ico HTTP/1.1" 404 169 "-" "Caffeinated/1.1.1 CFNetwork/520.3.2 Darwin/11.3.0 (x86_64) (MacBookPro8%2C1)"
122.164.212.77 - - [30/Mar/2012:10:08:34 -0700] "-" 400 0 "-" "-"
122.164.212.77 - - [30/Mar/2012:10:08:34 -0700] "-" 400 0 "-" "-"
122.164.212.77 - - [30/Mar/2012:10:08:34 -0700] "-" 400 0 "-" "-"
122.164.212.77 - - [30/Mar/2012:10:08:34 -0700] "-" 400 0 "-" "-"
122.164.67.175 - - [30/Mar/2012:10:08:35 -0700] "-" 400 0 "-" "-"
223.231.141.206 - - [30/Mar/2012:10:08:40 -0700] "-" 400 0 "-" "-"
117.193.36.191 - - [30/Mar/2012:10:08:47 -0700] "-" 400 0 "-" "-"
59.92.48.220 - - [30/Mar/2012:10:08:50 -0700] "-" 400 0 "-" "-"
59.92.48.220 - - [30/Mar/2012:10:08:50 -0700] "-" 400 0 "-" "-"
59.92.48.220 - - [30/Mar/2012:10:08:50 -0700] "-" 400 0 "-" "-"
59.92.48.220 - - [30/Mar/2012:10:08:50 -0700] "-" 400 0 "-" "-"
98.172.15.254 - - [30/Mar/2012:10:09:08 -0700] "GET /favicon.ico HTTP/1.1" 404 169 "-" "Caffeinated/1.1.1 CFNetwork/520.3.2 Darwin/11.3.0 (x86_64) (MacBookPro8%2C1)"
122.164.212.77 - - [30/Mar/2012:10:09:14 -0700] "-" 400 0 "-" "-"
122.164.212.77 - - [30/Mar/2012:10:09:14 -0700] "-" 400 0 "-" "-"
122.164.212.77 - - [30/Mar/2012:10:09:14 -0700] "-" 400 0 "-" "-"
122.164.212.77 - - [30/Mar/2012:10:09:14 -0700] "-" 400 0 "-" "-"
122.164.212.77 - - [30/Mar/2012:10:09:44 -0700] "-" 400 0 "-" "-"
122.164.212.77 - - [30/Mar/2012:10:09:44 -0700] "-" 400 0 "-" "-"
122.164.212.77 - - [30/Mar/2012:10:09:44 -0700] "-" 400 0 "-" "-"
122.164.212.77 - - [30/Mar/2012:10:09:44 -0700] "-" 400 0 "-" "-"
70.173.156.133 - - [30/Mar/2012:10:09:55 -0700] "GET /favicon.ico HTTP/1.1" 404 199 "http://prashanth-kamle.blogspot.com/2009/03/viterbi-algorithm-for-second-order.html" "Mozilla/5.0 (Windows NT 6.1; WOW64) AppleWebKit/535.19 (KHTML, like Gecko) Chrome/18.0.1025.142 Safari/535.19"
98.172.15.254 - - [30/Mar/2012:10:10:00 -0700] "GET /favicon.ico HTTP/1.1" 404 169 "-" "Caffeinated/1.1.1 CFNetwork/520.3.2 Darwin/11.3.0 (x86_64) (MacBookPro8%2C1)"
122.164.212.77 - - [30/Mar/2012:10:10:04 -0700] "-" 400 0 "-" "-"
122.164.212.77 - - [30/Mar/2012:10:10:04 -0700] "-" 400 0 "-" "-"
122.164.212.77 - - [30/Mar/2012:10:10:04 -0700] "-" 400 0 "-" "-"
122.164.212.77 - - [30/Mar/2012:10:10:04 -0700] "-" 400 0 "-" "-"
117.193.36.191 - - [30/Mar/2012:10:10:37 -0700] "-" 400 0 "-" "-"
98.172.15.254 - - [30/Mar/2012:10:10:46 -0700] "GET /favicon.ico HTTP/1.1" 404 169 "-" "Caffeinated/1.1.1 CFNetwork/520.3.2 Darwin/11.3.0 (x86_64) (MacBookPro8%2C1)"
117.193.114.84 - - [30/Mar/2012:10:11:05 -0700] "-" 400 0 "-" "-"
110.225.139.241 - - [30/Mar/2012:10:11:41 -0700] "-" 400 0 "-" "-"
110.225.139.241 - - [30/Mar/2012:10:11:41 -0700] "-" 400 0 "-" "-"
110.225.139.241 - - [30/Mar/2012:10:11:41 -0700] "-" 400 0 "-" "-"
110.225.139.241 - - [30/Mar/2012:10:11:41 -0700] "-" 400 0 "-" "-"
98.172.15.254 - - [30/Mar/2012:10:11:46 -0700] "GET /favicon.ico HTTP/1.1" 404 169 "-" "Caffeinated/1.1.1 CFNetwork/520.3.2 Darwin/11.3.0 (x86_64) (MacBookPro8%2C1)"
14.99.50.110 - - [30/Mar/2012:10:11:52 -0700] "-" 400 0 "-" "-"
117.202.188.90 - - [30/Mar/2012:10:12:25 -0700] "-" 400 0 "-" "-"
98.172.15.254 - - [30/Mar/2012:10:12:30 -0700] "GET / HTTP/1.1" 304 0 "-" "Caffeinated/1.1.1 CFNetwork/520.3.2 Darwin/11.3.0 (x86_64) (MacBookPro8%2C1)"
98.172.15.254 - - [30/Mar/2012:10:12:31 -0700] "GET /favicon.ico HTTP/1.1" 404 169 "-" "Caffeinated/1.1.1 CFNetwork/520.3.2 Darwin/11.3.0 (x86_64) (MacBookPro8%2C1)"
110.225.139.241 - - [30/Mar/2012:10:12:41 -0700] "-" 400 0 "-" "-"
110.225.139.241 - - [30/Mar/2012:10:12:41 -0700] "-" 400 0 "-" "-"
110.225.139.241 - - [30/Mar/2012:10:12:41 -0700] "-" 400 0 "-" "-"
122.164.212.77 - - [30/Mar/2012:10:12:44 -0700] "-" 400 0 "-" "-"
122.164.212.77 - - [30/Mar/2012:10:12:44 -0700] "-" 400 0 "-" "-"
122.164.212.77 - - [30/Mar/2012:10:12:44 -0700] "-" 400 0 "-" "-"
122.164.212.77 - - [30/Mar/2012:10:12:44 -0700] "-" 400 0 "-" "-"
122.164.212.77 - - [30/Mar/2012:10:12:44 -0700] "-" 400 0 "-" "-"
117.193.114.84 - - [30/Mar/2012:10:13:24 -0700] "-" 400 0 "-" "-"
117.193.114.84 - - [30/Mar/2012:10:13:24 -0700] "-" 400 0 "-" "-"
117.193.114.84 - - [30/Mar/2012:10:13:24 -0700] "-" 400 0 "-" "-"
98.172.15.254 - - [30/Mar/2012:10:13:24 -0700] "GET /favicon.ico HTTP/1.1" 404 169 "-" "Caffeinated/1.1.1 CFNetwork/520.3.2 Darwin/11.3.0 (x86_64) (MacBookPro8%2C1)"
122.164.212.77 - - [30/Mar/2012:10:13:34 -0700] "-" 400 0 "-" "-"
141.0.9.3 - - [30/Mar/2012:10:14:13 -0700] "-" 400 0 "-" "-"
141.0.9.3 - - [30/Mar/2012:10:14:13 -0700] "-" 400 0 "-" "-"
141.0.9.3 - - [30/Mar/2012:10:14:13 -0700] "-" 400 0 "-" "-"
98.172.15.254 - - [30/Mar/2012:10:14:17 -0700] "GET /favicon.ico HTTP/1.1" 404 169 "-" "Caffeinated/1.1.1 CFNetwork/520.3.2 Darwin/11.3.0 (x86_64) (MacBookPro8%2C1)"
85.17.88.169 - - [30/Mar/2012:10:14:40 -0700] "POST /blog/wp-cron.php?doing_wp_cron=1333127445 HTTP/1.0" 499 0 "-" "WordPress/3.3.1; http://yuvi.in/blog"
209.85.238.244 - - [30/Mar/2012:10:14:41 -0700] "GET /blog/feed/ HTTP/1.1" 304 0 "-" "Feedfetcher-Google; (+http://www.google.com/feedfetcher.html; 18 subscribers; feed-id=15064232456473204253)"
122.164.212.77 - - [30/Mar/2012:10:14:54 -0700] "-" 400 0 "-" "-"
122.164.212.77 - - [30/Mar/2012:10:14:54 -0700] "-" 400 0 "-" "-"
122.164.212.77 - - [30/Mar/2012:10:14:54 -0700] "-" 400 0 "-" "-"
122.164.212.77 - - [30/Mar/2012:10:14:54 -0700] "-" 400 0 "-" "-"
98.172.15.254 - - [30/Mar/2012:10:15:13 -0700] "GET /favicon.ico HTTP/1.1" 404 169 "-" "Caffeinated/1.1.1 CFNetwork/520.3.2 Darwin/11.3.0 (x86_64) (MacBookPro8%2C1)"
122.164.212.77 - - [30/Mar/2012:10:15:34 -0700] "-" 400 0 "-" "-"
122.164.212.77 - - [30/Mar/2012:10:15:34 -0700] "-" 400 0 "-" "-"
122.164.212.77 - - [30/Mar/2012:10:15:34 -0700] "-" 400 0 "-" "-"
85.17.88.169 - - [30/Mar/2012:10:15:47 -0700] "POST /blog/wp-cron.php?doing_wp_cron=1333127512 HTTP/1.0" 499 0 "-" "WordPress/3.3.1; http://yuvi.in/blog"
209.85.224.81 - - [30/Mar/2012:10:15:48 -0700] "GET /blog/feed HTTP/1.1" 304 0 "-" "FeedBurner/1.0 (http://www.FeedBurner.com)"
98.172.15.254 - - [30/Mar/2012:10:16:14 -0700] "GET /favicon.ico HTTP/1.1" 404 169 "-" "Caffeinated/1.1.1 CFNetwork/520.3.2 Darwin/11.3.0 (x86_64) (MacBookPro8%2C1)"
117.204.30.245 - - [30/Mar/2012:10:16:43 -0700] "-" 400 0 "-" "-"
122.164.212.77 - - [30/Mar/2012:10:16:54 -0700] "-" 400 0 "-" "-"
122.164.212.77 - - [30/Mar/2012:10:17:14 -0700] "-" 400 0 "-" "-"
122.164.212.77 - - [30/Mar/2012:10:17:14 -0700] "-" 400 0 "-" "-"
98.172.15.254 - - [30/Mar/2012:10:17:16 -0700] "GET /favicon.ico HTTP/1.1" 404 169 "-" "Caffeinated/1.1.1 CFNetwork/520.3.2 Darwin/11.3.0 (x86_64) (MacBookPro8%2C1)"
122.164.212.77 - - [30/Mar/2012:10:17:54 -0700] "-" 400 0 "-" "-"
122.164.212.77 - - [30/Mar/2012:10:17:54 -0700] "-" 400 0 "-" "-"
122.164.212.77 - - [30/Mar/2012:10:17:54 -0700] "-" 400 0 "-" "-"
117.202.188.90 - - [30/Mar/2012:10:18:05 -0700] "-" 400 0 "-" "-"
117.202.188.90 - - [30/Mar/2012:10:18:05 -0700] "-" 400 0 "-" "-"
117.202.188.90 - - [30/Mar/2012:10:18:05 -0700] "-" 400 0 "-" "-"
117.202.188.90 - - [30/Mar/2012:10:18:05 -0700] "-" 400 0 "-" "-"
117.202.188.90 - - [30/Mar/2012:10:18:05 -0700] "-" 400 0 "-" "-"
98.172.15.254 - - [30/Mar/2012:10:18:13 -0700] "GET / HTTP/1.1" 304 0 "-" "Caffeinated/1.1.1 CFNetwork/520.3.2 Darwin/11.3.0 (x86_64) (MacBookPro8%2C1)"
98.172.15.254 - - [30/Mar/2012:10:18:13 -0700] "GET /favicon.ico HTTP/1.1" 404 169 "-" "Caffeinated/1.1.1 CFNetwork/520.3.2 Darwin/11.3.0 (x86_64) (MacBookPro8%2C1)"
117.204.30.245 - - [30/Mar/2012:10:18:42 -0700] "-" 400 0 "-" "-"
117.202.188.90 - - [30/Mar/2012:10:18:55 -0700] "-" 400 0 "-" "-"
117.202.188.90 - - [30/Mar/2012:10:18:55 -0700] "-" 400 0 "-" "-"
117.202.188.90 - - [30/Mar/2012:10:18:55 -0700] "-" 400 0 "-" "-"
117.202.188.90 - - [30/Mar/2012:10:18:55 -0700] "-" 400 0 "-" "-"
209.85.224.93 - - [30/Mar/2012:10:19:01 -0700] "GET /stories/feed HTTP/1.1" 200 13653 "-" "FeedBurner/1.0 (http://www.FeedBurner.com)"
98.172.15.254 - - [30/Mar/2012:10:19:15 -0700] "GET /favicon.ico HTTP/1.1" 404 169 "-" "Caffeinated/1.1.1 CFNetwork/520.3.2 Darwin/11.3.0 (x86_64) (MacBookPro8%2C1)"
124.125.95.221 - - [30/Mar/2012:10:19:20 -0700] "-" 400 0 "-" "-"
117.204.30.245 - - [30/Mar/2012:10:19:22 -0700] "-" 400 0 "-" "-"
117.202.188.90 - - [30/Mar/2012:10:19:45 -0700] "-" 400 0 "-" "-"
98.172.15.254 - - [30/Mar/2012:10:19:54 -0700] "GET /favicon.ico HTTP/1.1" 404 169 "-" "Caffeinated/1.1.1 CFNetwork/520.3.2 Darwin/11.3.0 (x86_64) (MacBookPro8%2C1)"
117.202.188.90 - - [30/Mar/2012:10:19:55 -0700] "-" 400 0 "-" "-"
117.202.188.90 - - [30/Mar/2012:10:19:55 -0700] "-" 400 0 "-" "-"
117.204.30.245 - - [30/Mar/2012:10:20:12 -0700] "-" 400 0 "-" "-"
117.204.30.245 - - [30/Mar/2012:10:20:12 -0700] "-" 400 0 "-" "-"
117.204.30.245 - - [30/Mar/2012:10:20:12 -0700] "-" 400 0 "-" "-"
117.204.30.245 - - [30/Mar/2012:10:20:12 -0700] "-" 400 0 "-" "-"
117.204.30.245 - - [30/Mar/2012:10:20:12 -0700] "-" 400 0 "-" "-"
117.202.188.90 - - [30/Mar/2012:10:20:15 -0700] "-" 400 0 "-" "-"
117.202.188.90 - - [30/Mar/2012:10:20:15 -0700] "-" 400 0 "-" "-"
124.125.95.221 - - [30/Mar/2012:10:20:20 -0700] "-" 400 0 "-" "-"
124.125.95.221 - - [30/Mar/2012:10:20:20 -0700] "-" 400 0 "-" "-"
124.125.95.221 - - [30/Mar/2012:10:20:20 -0700] "-" 400 0 "-" "-"
117.202.188.90 - - [30/Mar/2012:10:20:35 -0700] "-" 400 0 "-" "-"
98.172.15.254 - - [30/Mar/2012:10:20:53 -0700] "GET /favicon.ico HTTP/1.1" 404 169 "-" "Caffeinated/1.1.1 CFNetwork/520.3.2 Darwin/11.3.0 (x86_64) (MacBookPro8%2C1)"
122.164.212.77 - - [30/Mar/2012:10:21:14 -0700] "-" 400 0 "-" "-"
122.164.212.77 - - [30/Mar/2012:10:21:14 -0700] "-" 400 0 "-" "-"
117.202.188.90 - - [30/Mar/2012:10:21:25 -0700] "-" 400 0 "-" "-"
98.172.15.254 - - [30/Mar/2012:10:21:36 -0700] "GET /favicon.ico HTTP/1.1" 404 169 "-" "Caffeinated/1.1.1 CFNetwork/520.3.2 Darwin/11.3.0 (x86_64) (MacBookPro8%2C1)"
117.204.30.245 - - [30/Mar/2012:10:21:52 -0700] "-" 400 0 "-" "-"
117.204.30.245 - - [30/Mar/2012:10:21:52 -0700] "-" 400 0 "-" "-"
85.17.88.169 - - [30/Mar/2012:10:22:17 -0700] "POST /blog/wp-cron.php?doing_wp_cron=1333127902 HTTP/1.0" 499 0 "-" "WordPress/3.3.1; http://yuvi.in/blog"
209.85.238.244 - - [30/Mar/2012:10:22:18 -0700] "GET /blog/feed HTTP/1.1" 301 0 "-" "Feedfetcher-Google; (+http://www.google.com/feedfetcher.html; 3 subscribers; feed-id=17684830852112633560)"
85.17.88.169 - - [30/Mar/2012:10:22:20 -0700] "POST /blog/wp-cron.php?doing_wp_cron=1333127905 HTTP/1.0" 499 0 "-" "WordPress/3.3.1; http://yuvi.in/blog"
209.85.238.244 - - [30/Mar/2012:10:22:20 -0700] "GET /blog/feed/ HTTP/1.1" 304 0 "-" "Feedfetcher-Google; (+http://www.google.com/feedfetcher.html; 3 subscribers; feed-id=17684830852112633560)"
98.172.15.254 - - [30/Mar/2012:10:22:31 -0700] "GET /favicon.ico HTTP/1.1" 404 169 "-" "Caffeinated/1.1.1 CFNetwork/520.3.2 Darwin/11.3.0 (x86_64) (MacBookPro8%2C1)"
117.204.30.245 - - [30/Mar/2012:10:22:32 -0700] "-" 400 0 "-" "-"
112.79.40.59 - - [30/Mar/2012:10:23:18 -0700] "-" 400 0 "-" "-"
112.79.40.59 - - [30/Mar/2012:10:23:20 -0700] "-" 400 0 "-" "-"
98.172.15.254 - - [30/Mar/2012:10:23:31 -0700] "GET / HTTP/1.1" 304 0 "-" "Caffeinated/1.1.1 CFNetwork/520.3.2 Darwin/11.3.0 (x86_64) (MacBookPro8%2C1)"
98.172.15.254 - - [30/Mar/2012:10:23:31 -0700] "GET /favicon.ico HTTP/1.1" 404 169 "-" "Caffeinated/1.1.1 CFNetwork/520.3.2 Darwin/11.3.0 (x86_64) (MacBookPro8%2C1)"
98.172.15.254 - - [30/Mar/2012:10:24:17 -0700] "GET /favicon.ico HTTP/1.1" 404 169 "-" "Caffeinated/1.1.1 CFNetwork/520.3.2 Darwin/11.3.0 (x86_64) (MacBookPro8%2C1)"
208.115.113.84 - - [30/Mar/2012:10:24:22 -0700] "GET /robots.txt HTTP/1.1" 404 169 "-" "Mozilla/5.0 (compatible; Ezooms/1.0; ezooms.bot@gmail.com)"
98.172.15.254 - - [30/Mar/2012:10:25:19 -0700] "GET /favicon.ico HTTP/1.1" 404 169 "-" "Caffeinated/1.1.1 CFNetwork/520.3.2 Darwin/11.3.0 (x86_64) (MacBookPro8%2C1)"
98.172.15.254 - - [30/Mar/2012:10:25:59 -0700] "GET /favicon.ico HTTP/1.1" 404 169 "-" "Caffeinated/1.1.1 CFNetwork/520.3.2 Darwin/11.3.0 (x86_64) (MacBookPro8%2C1)"
98.172.15.254 - - [30/Mar/2012:10:26:58 -0700] "GET /favicon.ico HTTP/1.1" 404 169 "-" "Caffeinated/1.1.1 CFNetwork/520.3.2 Darwin/11.3.0 (x86_64) (MacBookPro8%2C1)"
69.171.228.248 - - [30/Mar/2012:10:27:22 -0700] "GET /r/tpn HTTP/1.1" 301 255 "-" "facebookexternalhit/1.1 (+http://www.facebook.com/externalhit_uatext.php)"
69.171.228.246 - - [30/Mar/2012:10:27:22 -0700] "GET /s/ta/tpn/ HTTP/1.1" 302 265 "-" "facebookexternalhit/1.1 (+http://www.facebook.com/externalhit_uatext.php)"
98.172.15.254 - - [30/Mar/2012:10:27:48 -0700] "GET /favicon.ico HTTP/1.1" 404 169 "-" "Caffeinated/1.1.1 CFNetwork/520.3.2 Darwin/11.3.0 (x86_64) (MacBookPro8%2C1)"
98.172.15.254 - - [30/Mar/2012:10:28:36 -0700] "GET / HTTP/1.1" 304 0 "-" "Caffeinated/1.1.1 CFNetwork/520.3.2 Darwin/11.3.0 (x86_64) (MacBookPro8%2C1)"
98.172.15.254 - - [30/Mar/2012:10:28:36 -0700] "GET /favicon.ico HTTP/1.1" 404 169 "-" "Caffeinated/1.1.1 CFNetwork/520.3.2 Darwin/11.3.0 (x86_64) (MacBookPro8%2C1)"
98.172.15.254 - - [30/Mar/2012:10:29:26 -0700] "GET /favicon.ico HTTP/1.1" 404 169 "-" "Caffeinated/1.1.1 CFNetwork/520.3.2 Darwin/11.3.0 (x86_64) (MacBookPro8%2C1)"
98.172.15.254 - - [30/Mar/2012:10:30:20 -0700] "GET /favicon.ico HTTP/1.1" 404 169 "-" "Caffeinated/1.1.1 CFNetwork/520.3.2 Darwin/11.3.0 (x86_64) (MacBookPro8%2C1)"
98.172.15.254 - - [30/Mar/2012:10:31:07 -0700] "GET /favicon.ico HTTP/1.1" 404 169 "-" "Caffeinated/1.1.1 CFNetwork/520.3.2 Darwin/11.3.0 (x86_64) (MacBookPro8%2C1)"
117.201.41.211 - - [30/Mar/2012:10:31:46 -0700] "GET /r/16o3 HTTP/1.1" 301 257 "http://wikimapia.org/8600244/%E0%AE%87%E0%AE%B0%E0%AF%81%E0%AE%95%E0%AF%8D%E0%AE%95%E0%AE%A9%E0%AF%8D%E0%AE%95%E0%AF%81%E0%AE%9F%E0%AE%BF-%E0%AE%AE%E0%AE%BE%E0%AE%B0%E0%AE%BF%E0%AE%AF%E0%AE%AE%E0%AF%8D%E0%AE%AE%E0%AE%A9%E0%AF%8D-%E0%AE%95%E0%AF%8B%E0%AE%AF%E0%AE%BF%E0%AE%B2%E0%AF%8D-Mariamman-Temple-Irukkankudi" "Mozilla/4.0 (compatible; MSIE 6.0; Windows NT 5.1; SV1; InfoPath.2; AskTbALSV5/5.9.1.14019)"
117.201.41.211 - - [30/Mar/2012:10:31:46 -0700] "GET /s/ta/16o3/ HTTP/1.1" 302 609 "http://wikimapia.org/8600244/%E0%AE%87%E0%AE%B0%E0%AF%81%E0%AE%95%E0%AF%8D%E0%AE%95%E0%AE%A9%E0%AF%8D%E0%AE%95%E0%AF%81%E0%AE%9F%E0%AE%BF-%E0%AE%AE%E0%AE%BE%E0%AE%B0%E0%AE%BF%E0%AE%AF%E0%AE%AE%E0%AF%8D%E0%AE%AE%E0%AE%A9%E0%AF%8D-%E0%AE%95%E0%AF%8B%E0%AE%AF%E0%AE%BF%E0%AE%B2%E0%AF%8D-Mariamman-Temple-Irukkankudi" "Mozilla/4.0 (compatible; MSIE 6.0; Windows NT 5.1; SV1; InfoPath.2; AskTbALSV5/5.9.1.14019)"
98.172.15.254 - - [30/Mar/2012:10:32:00 -0700] "GET /favicon.ico HTTP/1.1" 404 169 "-" "Caffeinated/1.1.1 CFNetwork/520.3.2 Darwin/11.3.0 (x86_64) (MacBookPro8%2C1)"
173.212.140.31 - - [30/Mar/2012:10:32:42 -0700] "GET / HTTP/1.1" 200 1430 "-" "Mozilla/5.0 (X11; Linux x86_64) AppleWebKit/535.11 (KHTML, like Gecko) Chrome/17.0.963.56 Safari/535.11"
173.212.140.31 - - [30/Mar/2012:10:32:42 -0700] "GET /blueprint/screen.css HTTP/1.1" 200 12058 "http://yuvi.in/" "Mozilla/5.0 (X11; Linux x86_64) AppleWebKit/535.11 (KHTML, like Gecko) Chrome/17.0.963.56 Safari/535.11"
173.212.140.31 - - [30/Mar/2012:10:32:42 -0700] "GET /blueprint/print.css HTTP/1.1" 200 1284 "http://yuvi.in/" "Mozilla/5.0 (X11; Linux x86_64) AppleWebKit/535.11 (KHTML, like Gecko) Chrome/17.0.963.56 Safari/535.11"
98.172.15.254 - - [30/Mar/2012:10:32:55 -0700] "GET /favicon.ico HTTP/1.1" 404 169 "-" "Caffeinated/1.1.1 CFNetwork/520.3.2 Darwin/11.3.0 (x86_64) (MacBookPro8%2C1)"
98.172.15.254 - - [30/Mar/2012:10:33:50 -0700] "GET / HTTP/1.1" 304 0 "-" "Caffeinated/1.1.1 CFNetwork/520.3.2 Darwin/11.3.0 (x86_64) (MacBookPro8%2C1)"
98.172.15.254 - - [30/Mar/2012:10:33:50 -0700] "GET /favicon.ico HTTP/1.1" 404 169 "-" "Caffeinated/1.1.1 CFNetwork/520.3.2 Darwin/11.3.0 (x86_64) (MacBookPro8%2C1)"
98.172.15.254 - - [30/Mar/2012:10:34:29 -0700] "GET /favicon.ico HTTP/1.1" 404 169 "-" "Caffeinated/1.1.1 CFNetwork/520.3.2 Darwin/11.3.0 (x86_64) (MacBookPro8%2C1)"
122.164.212.77 - - [30/Mar/2012:10:35:27 -0700] "-" 400 0 "-" "-"
122.164.212.77 - - [30/Mar/2012:10:35:27 -0700] "-" 400 0 "-" "-"
122.164.212.77 - - [30/Mar/2012:10:35:27 -0700] "-" 400 0 "-" "-"
122.164.212.77 - - [30/Mar/2012:10:35:27 -0700] "-" 400 0 "-" "-"
98.172.15.254 - - [30/Mar/2012:10:35:28 -0700] "GET /favicon.ico HTTP/1.1" 404 169 "-" "Caffeinated/1.1.1 CFNetwork/520.3.2 Darwin/11.3.0 (x86_64) (MacBookPro8%2C1)"
183.89.118.45 - - [30/Mar/2012:10:36:02 -0700] "GET /s/ta/23z/ HTTP/1.1" 302 397 "-" "Mozilla/5.0 (iPhone; CPU iPhone OS 5_1 like Mac OS X) AppleWebKit/534.46 (KHTML, like Gecko) Mobile/9B179"
183.89.118.45 - - [30/Mar/2012:10:36:04 -0700] "GET /s/ta/1va/ HTTP/1.1" 302 409 "-" "Mozilla/5.0 (iPhone; CPU iPhone OS 5_1 like Mac OS X) AppleWebKit/534.46 (KHTML, like Gecko) Mobile/9B179"
183.89.118.45 - - [30/Mar/2012:10:36:11 -0700] "GET /r/23z HTTP/1.1" 301 255 "-" "Mozilla/5.0 (iPhone; CPU iPhone OS 5_1 like Mac OS X) AppleWebKit/534.46 (KHTML, like Gecko) Mobile/9B179"
183.89.118.45 - - [30/Mar/2012:10:36:11 -0700] "GET /s/ta/23z/ HTTP/1.1" 302 397 "-" "Mozilla/5.0 (iPhone; CPU iPhone OS 5_1 like Mac OS X) AppleWebKit/534.46 (KHTML, like Gecko) Mobile/9B179"
98.172.15.254 - - [30/Mar/2012:10:36:14 -0700] "GET /favicon.ico HTTP/1.1" 404 169 "-" "Caffeinated/1.1.1 CFNetwork/520.3.2 Darwin/11.3.0 (x86_64) (MacBookPro8%2C1)"
98.172.15.254 - - [30/Mar/2012:10:37:12 -0700] "GET /favicon.ico HTTP/1.1" 404 169 "-" "Caffeinated/1.1.1 CFNetwork/520.3.2 Darwin/11.3.0 (x86_64) (MacBookPro8%2C1)"
98.172.15.254 - - [30/Mar/2012:10:37:52 -0700] "GET /favicon.ico HTTP/1.1" 404 169 "-" "Caffeinated/1.1.1 CFNetwork/520.3.2 Darwin/11.3.0 (x86_64) (MacBookPro8%2C1)"
59.164.48.249 - - [30/Mar/2012:10:37:58 -0700] "-" 400 0 "-" "-"
183.89.118.45 - - [30/Mar/2012:10:38:24 -0700] "GET /s/ta/23z/ HTTP/1.1" 302 397 "-" "Mozilla/5.0 (iPhone; CPU iPhone OS 5_1 like Mac OS X) AppleWebKit/534.46 (KHTML, like Gecko) Mobile/9B179"
183.89.118.45 - - [30/Mar/2012:10:38:47 -0700] "GET /s/ta/23z/ HTTP/1.1" 302 397 "-" "Mozilla/5.0 (iPhone; CPU iPhone OS 5_1 like Mac OS X) AppleWebKit/534.46 (KHTML, like Gecko) Mobile/9B179"
98.172.15.254 - - [30/Mar/2012:10:38:50 -0700] "GET / HTTP/1.1" 304 0 "-" "Caffeinated/1.1.1 CFNetwork/520.3.2 Darwin/11.3.0 (x86_64) (MacBookPro8%2C1)"
183.89.118.45 - - [30/Mar/2012:10:38:50 -0700] "GET /s/ta/23z/ HTTP/1.1" 302 397 "-" "Mozilla/5.0 (iPhone; CPU iPhone OS 5_1 like Mac OS X) AppleWebKit/534.46 (KHTML, like Gecko) Mobile/9B179"
98.172.15.254 - - [30/Mar/2012:10:38:51 -0700] "GET /favicon.ico HTTP/1.1" 404 169 "-" "Caffeinated/1.1.1 CFNetwork/520.3.2 Darwin/11.3.0 (x86_64) (MacBookPro8%2C1)"
183.89.118.45 - - [30/Mar/2012:10:39:41 -0700] "GET /s/ta/23z/ HTTP/1.1" 302 397 "-" "Mozilla/5.0 (iPhone; CPU iPhone OS 5_1 like Mac OS X) AppleWebKit/534.46 (KHTML, like Gecko) Mobile/9B179"
183.89.118.45 - - [30/Mar/2012:10:39:45 -0700] "GET /s/ta/23z/ HTTP/1.1" 302 397 "-" "Mozilla/5.0 (iPhone; CPU iPhone OS 5_1 like Mac OS X) AppleWebKit/534.46 (KHTML, like Gecko) Mobile/9B179"
98.172.15.254 - - [30/Mar/2012:10:39:46 -0700] "GET /favicon.ico HTTP/1.1" 404 169 "-" "Caffeinated/1.1.1 CFNetwork/520.3.2 Darwin/11.3.0 (x86_64) (MacBookPro8%2C1)"
183.89.118.45 - - [30/Mar/2012:10:39:51 -0700] "GET /s/ta/23z/ HTTP/1.1" 302 397 "-" "Mozilla/5.0 (iPhone; CPU iPhone OS 5_1 like Mac OS X) AppleWebKit/534.46 (KHTML, like Gecko) Mobile/9B179"
122.164.90.143 - - [30/Mar/2012:10:40:35 -0700] "-" 400 0 "-" "-"
98.172.15.254 - - [30/Mar/2012:10:40:45 -0700] "GET /favicon.ico HTTP/1.1" 404 169 "-" "Caffeinated/1.1.1 CFNetwork/520.3.2 Darwin/11.3.0 (x86_64) (MacBookPro8%2C1)"
98.172.15.254 - - [30/Mar/2012:10:41:29 -0700] "GET /favicon.ico HTTP/1.1" 404 169 "-" "Caffeinated/1.1.1 CFNetwork/520.3.2 Darwin/11.3.0 (x86_64) (MacBookPro8%2C1)"
98.172.15.254 - - [30/Mar/2012:10:42:24 -0700] "GET /favicon.ico HTTP/1.1" 404 169 "-" "Caffeinated/1.1.1 CFNetwork/520.3.2 Darwin/11.3.0 (x86_64) (MacBookPro8%2C1)"
122.178.228.135 - - [30/Mar/2012:10:42:51 -0700] "GET / HTTP/1.1" 200 1430 "-" "Reeder/1010.59.00 CFNetwork/520.3.2 Darwin/11.3.0 (x86_64) (iMac12%2C1)"
122.178.228.135 - - [30/Mar/2012:10:42:51 -0700] "GET /favicon.ico HTTP/1.1" 404 142 "-" "Reeder/1010.59.00 CFNetwork/520.3.2 Darwin/11.3.0 (x86_64) (iMac12%2C1)"
74.125.126.81 - - [30/Mar/2012:10:42:51 -0700] "GET /favicon.ico HTTP/1.1" 404 211 "-" "-"
122.178.228.135 - - [30/Mar/2012:10:42:51 -0700] "GET / HTTP/1.1" 200 1430 "-" "Reeder/1010.59.00 CFNetwork/520.3.2 Darwin/11.3.0 (x86_64) (iMac12%2C1)"
122.178.228.135 - - [30/Mar/2012:10:42:52 -0700] "GET /apple-touch-icon.png HTTP/1.1" 404 142 "-" "Reeder/1010.59.00 CFNetwork/520.3.2 Darwin/11.3.0 (x86_64) (iMac12%2C1)"
122.178.228.135 - - [30/Mar/2012:10:42:52 -0700] "GET /apple-touch-icon-precomposed.png HTTP/1.1" 404 142 "-" "Reeder/1010.59.00 CFNetwork/520.3.2 Darwin/11.3.0 (x86_64) (iMac12%2C1)"
98.172.15.254 - - [30/Mar/2012:10:43:11 -0700] "GET /favicon.ico HTTP/1.1" 404 169 "-" "Caffeinated/1.1.1 CFNetwork/520.3.2 Darwin/11.3.0 (x86_64) (MacBookPro8%2C1)"
141.0.9.12 - - [30/Mar/2012:10:43:50 -0700] "-" 400 0 "-" "-"
141.0.9.12 - - [30/Mar/2012:10:43:50 -0700] "-" 400 0 "-" "-"
141.0.9.12 - - [30/Mar/2012:10:43:50 -0700] "-" 400 0 "-" "-"
98.172.15.254 - - [30/Mar/2012:10:44:03 -0700] "GET / HTTP/1.1" 304 0 "-" "Caffeinated/1.1.1 CFNetwork/520.3.2 Darwin/11.3.0 (x86_64) (MacBookPro8%2C1)"
98.172.15.254 - - [30/Mar/2012:10:44:03 -0700] "GET /favicon.ico HTTP/1.1" 404 169 "-" "Caffeinated/1.1.1 CFNetwork/520.3.2 Darwin/11.3.0 (x86_64) (MacBookPro8%2C1)"
208.115.113.84 - - [30/Mar/2012:10:44:33 -0700] "GET /blog/functional-programming-geekweekend-at-thoughtworks.html HTTP/1.1" 200 9313 "-" "Mozilla/5.0 (compatible; Ezooms/1.0; ezooms.bot@gmail.com)"
98.172.15.254 - - [30/Mar/2012:10:44:43 -0700] "GET /favicon.ico HTTP/1.1" 404 169 "-" "Caffeinated/1.1.1 CFNetwork/520.3.2 Darwin/11.3.0 (x86_64) (MacBookPro8%2C1)"
138.16.160.6 - - [30/Mar/2012:10:45:02 -0700] "GET /favicon.ico HTTP/1.1" 404 199 "http://prashanth-kamle.blogspot.com/2009/03/viterbi-algorithm-for-second-order.html" "Mozilla/5.0 (X11; Linux i686) AppleWebKit/534.30 (KHTML, like Gecko) Chrome/12.0.742.124 Safari/534.30"
85.17.88.169 - - [30/Mar/2012:10:45:58 -0700] "POST /blog/wp-cron.php?doing_wp_cron=1333129322 HTTP/1.0" 499 0 "-" "WordPress/3.3.1; http://yuvi.in/blog"
209.85.224.80 - - [30/Mar/2012:10:45:58 -0700] "GET /blog/feed HTTP/1.1" 304 0 "-" "FeedBurner/1.0 (http://www.FeedBurner.com)"
98.172.15.254 - - [30/Mar/2012:10:46:19 -0700] "GET /favicon.ico HTTP/1.1" 404 169 "-" "Caffeinated/1.1.1 CFNetwork/520.3.2 Darwin/11.3.0 (x86_64) (MacBookPro8%2C1)"
138.16.160.6 - - [30/Mar/2012:10:46:23 -0700] "GET /favicon.ico HTTP/1.1" 404 199 "http://prashanth-kamle.blogspot.com/" "Mozilla/5.0 (X11; Linux i686) AppleWebKit/534.30 (KHTML, like Gecko) Chrome/12.0.742.124 Safari/534.30"
123.125.71.20 - - [30/Mar/2012:10:47:03 -0700] "GET / HTTP/1.1" 200 3439 "-" "Mozilla/5.0 (compatible; Baiduspider/2.0; +http://www.baidu.com/search/spider.html)"
98.172.15.254 - - [30/Mar/2012:10:47:19 -0700] "GET /favicon.ico HTTP/1.1" 404 169 "-" "Caffeinated/1.1.1 CFNetwork/520.3.2 Darwin/11.3.0 (x86_64) (MacBookPro8%2C1)"
94.23.42.135 - - [30/Mar/2012:10:47:44 -0700] "GET /robots.txt HTTP/1.0" 404 169 "-" "Mozilla/5.0 (compatible; MJ12bot/v1.4.2; http://www.majestic12.co.uk/bot.php?+)"
94.23.42.135 - - [30/Mar/2012:10:47:51 -0700] "GET / HTTP/1.0" 200 3439 "-" "Mozilla/5.0 (compatible; MJ12bot/v1.4.2; http://www.majestic12.co.uk/bot.php?+)"
220.181.108.77 - - [30/Mar/2012:10:48:02 -0700] "GET / HTTP/1.1" 200 3439 "-" "Mozilla/5.0 (compatible; Baiduspider/2.0; +http://www.baidu.com/search/spider.html)"
69.171.228.249 - - [30/Mar/2012:10:48:03 -0700] "GET /r/1nvz HTTP/1.1" 301 257 "-" "facebookexternalhit/1.1 (+http://www.facebook.com/externalhit_uatext.php)"
69.171.228.245 - - [30/Mar/2012:10:48:03 -0700] "GET /s/ta/1nvz/ HTTP/1.1" 302 365 "-" "facebookexternalhit/1.1 (+http://www.facebook.com/externalhit_uatext.php)"
98.172.15.254 - - [30/Mar/2012:10:48:24 -0700] "GET /favicon.ico HTTP/1.1" 404 169 "-" "Caffeinated/1.1.1 CFNetwork/520.3.2 Darwin/11.3.0 (x86_64) (MacBookPro8%2C1)"
122.174.120.3 - - [30/Mar/2012:10:48:47 -0700] "-" 400 0 "-" "-"
207.46.204.163 - - [30/Mar/2012:10:48:57 -0700] "-" 400 0 "-" "-"
207.46.204.163 - - [30/Mar/2012:10:48:57 -0700] "-" 400 0 "-" "-"
207.46.204.163 - - [30/Mar/2012:10:48:57 -0700] "-" 400 0 "-" "-"
207.46.204.163 - - [30/Mar/2012:10:48:59 -0700] "-" 400 0 "-" "-"
207.46.204.163 - - [30/Mar/2012:10:48:59 -0700] "-" 400 0 "-" "-"
207.46.204.163 - - [30/Mar/2012:10:48:59 -0700] "-" 400 0 "-" "-"
207.46.204.163 - - [30/Mar/2012:10:48:59 -0700] "-" 400 0 "-" "-"
207.46.204.163 - - [30/Mar/2012:10:48:59 -0700] "-" 400 0 "-" "-"
207.46.204.163 - - [30/Mar/2012:10:48:59 -0700] "-" 400 0 "-" "-"
207.46.204.163 - - [30/Mar/2012:10:49:00 -0700] "-" 400 0 "-" "-"
207.46.204.163 - - [30/Mar/2012:10:49:00 -0700] "-" 400 0 "-" "-"
207.46.204.163 - - [30/Mar/2012:10:49:00 -0700] "-" 400 0 "-" "-"
98.172.15.254 - - [30/Mar/2012:10:49:03 -0700] "GET / HTTP/1.1" 304 0 "-" "Caffeinated/1.1.1 CFNetwork/520.3.2 Darwin/11.3.0 (x86_64) (MacBookPro8%2C1)"
98.172.15.254 - - [30/Mar/2012:10:49:03 -0700] "GET /favicon.ico HTTP/1.1" 404 169 "-" "Caffeinated/1.1.1 CFNetwork/520.3.2 Darwin/11.3.0 (x86_64) (MacBookPro8%2C1)"
141.0.8.206 - - [30/Mar/2012:10:49:33 -0700] "-" 400 0 "-" "-"
223.190.194.118 - - [30/Mar/2012:10:49:46 -0700] "GET /r/0 HTTP/1.1" 301 251 "http://ta.wikipedia.org/wiki/%E0%AE%AA%E0%AE%9F%E0%AE%BF%E0%AE%AE%E0%AE%AE%E0%AF%8D:Indira2.jpg" "Mozilla/5.0 (compatible; MSIE 9.0; Windows NT 6.1; WOW64; Trident/5.0)"
223.190.194.118 - - [30/Mar/2012:10:49:48 -0700] "GET /s/ta/0/ HTTP/1.1" 502 575 "http://ta.wikipedia.org/wiki/%E0%AE%AA%E0%AE%9F%E0%AE%BF%E0%AE%AE%E0%AE%AE%E0%AF%8D:Indira2.jpg" "Mozilla/5.0 (compatible; MSIE 9.0; Windows NT 6.1; WOW64; Trident/5.0)"
223.190.194.118 - - [30/Mar/2012:10:49:49 -0700] "GET /favicon.ico HTTP/1.1" 404 211 "-" "Mozilla/5.0 (compatible; MSIE 9.0; Windows NT 6.1; WOW64; Trident/5.0)"
98.172.15.254 - - [30/Mar/2012:10:50:04 -0700] "GET /favicon.ico HTTP/1.1" 404 169 "-" "Caffeinated/1.1.1 CFNetwork/520.3.2 Darwin/11.3.0 (x86_64) (MacBookPro8%2C1)"
98.172.15.254 - - [30/Mar/2012:10:50:48 -0700] "GET /favicon.ico HTTP/1.1" 404 169 "-" "Caffeinated/1.1.1 CFNetwork/520.3.2 Darwin/11.3.0 (x86_64) (MacBookPro8%2C1)"
122.174.18.19 - - [30/Mar/2012:10:51:08 -0700] "-" 400 0 "-" "-"
199.59.149.166 - - [30/Mar/2012:10:51:29 -0700] "GET /r/33y1 HTTP/1.1" 301 257 "-" "Twitterbot/1.0"
184.169.245.121 - - [30/Mar/2012:10:51:29 -0700] "HEAD /r/33y1 HTTP/1.1" 301 0 "-" "UnwindFetchor/1.0 (+http://www.gnip.com/)"
199.59.149.166 - - [30/Mar/2012:10:51:29 -0700] "GET /s/ta/33y1/ HTTP/1.1" 302 615 "-" "Twitterbot/1.0"
184.169.245.121 - - [30/Mar/2012:10:51:29 -0700] "HEAD /s/ta/33y1/ HTTP/1.1" 302 0 "-" "UnwindFetchor/1.0 (+http://www.gnip.com/)"
184.72.10.56 - - [30/Mar/2012:10:51:30 -0700] "HEAD /r/33y1 HTTP/1.1" 301 0 "-" "UnwindFetchor/1.0 (+http://www.gnip.com/)"
184.72.10.56 - - [30/Mar/2012:10:51:30 -0700] "HEAD /s/ta/33y1/ HTTP/1.1" 302 0 "-" "UnwindFetchor/1.0 (+http://www.gnip.com/)"
89.151.116.53 - - [30/Mar/2012:10:51:30 -0700] "GET /r/33y1 HTTP/1.1" 301 257 "-" "Mozilla/5.0 (compatible; TweetmemeBot/2.11; +http://tweetmeme.com/)"
89.151.116.53 - - [30/Mar/2012:10:51:31 -0700] "GET /s/ta/33y1/ HTTP/1.1" 302 615 "-" "Mozilla/5.0 (compatible; TweetmemeBot/2.11; +http://tweetmeme.com/)"
107.21.74.119 - - [30/Mar/2012:10:51:31 -0700] "GET /r/33y1 HTTP/1.1" 301 257 "-" "Mozilla/4.0 (compatible; MSIE 7.0; Windows NT 5.1; .NET CLR 1.1.4322; .NET CLR 2.0.50727) yolinkBot"
107.21.74.119 - - [30/Mar/2012:10:51:31 -0700] "GET /s/ta/33y1/ HTTP/1.1" 302 615 "-" "Mozilla/4.0 (compatible; MSIE 7.0; Windows NT 5.1; .NET CLR 1.1.4322; .NET CLR 2.0.50727) yolinkBot"
107.20.42.241 - - [30/Mar/2012:10:51:33 -0700] "HEAD /r/33y1 HTTP/1.1" 301 0 "-" "PostRank/2.0 (postrank.com)"
65.52.0.56 - - [30/Mar/2012:10:51:33 -0700] "GET /r/33y1 HTTP/1.1" 404 199 "-" "Mozilla/4.0 (compatible; MSIE 7.0; Windows NT 6.0)"
107.20.42.241 - - [30/Mar/2012:10:51:33 -0700] "HEAD /s/ta/33y1/ HTTP/1.1" 302 0 "-" "PostRank/2.0 (postrank.com)"
122.164.183.84 - - [30/Mar/2012:10:51:37 -0700] "-" 400 0 "-" "-"
98.172.15.254 - - [30/Mar/2012:10:51:40 -0700] "GET /favicon.ico HTTP/1.1" 404 169 "-" "Caffeinated/1.1.1 CFNetwork/520.3.2 Darwin/11.3.0 (x86_64) (MacBookPro8%2C1)"
50.16.111.107 - - [30/Mar/2012:10:52:07 -0700] "-" 400 0 "-" "-"
122.174.31.171 - - [30/Mar/2012:10:52:20 -0700] "-" 400 0 "-" "-"
98.172.15.254 - - [30/Mar/2012:10:52:34 -0700] "GET /favicon.ico HTTP/1.1" 404 169 "-" "Caffeinated/1.1.1 CFNetwork/520.3.2 Darwin/11.3.0 (x86_64) (MacBookPro8%2C1)"
74.112.131.133 - - [30/Mar/2012:10:52:42 -0700] "GET /robots.txt HTTP/1.0" 404 238 "-" "Mozilla/5.0 (compatible; Butterfly/1.0; +http://labs.topsy.com/butterfly/) Gecko/2009032608 Firefox/3.0.8"
74.112.131.126 - - [30/Mar/2012:10:52:42 -0700] "GET /r/33y1 HTTP/1.0" 301 257 "-" "Mozilla/5.0 (compatible; Butterfly/1.0; +http://labs.topsy.com/butterfly/) Gecko/2009032608 Firefox/3.0.8"
74.112.131.126 - - [30/Mar/2012:10:52:42 -0700] "GET /s/ta/33y1/ HTTP/1.0" 302 615 "-" "Mozilla/5.0 (compatible; Butterfly/1.0; +http://labs.topsy.com/butterfly/) Gecko/2009032608 Firefox/3.0.8"
85.17.88.169 - - [30/Mar/2012:10:52:43 -0700] "POST /blog/wp-cron.php?doing_wp_cron=1333129728 HTTP/1.0" 499 0 "-" "WordPress/3.3.1; http://yuvi.in/blog"
101.226.33.190 - - [30/Mar/2012:10:52:44 -0700] "GET /blog/feed HTTP/1.0" 304 0 "-" "Mozilla/4.0 (compatible; Windows;)"
94.23.42.135 - - [30/Mar/2012:10:52:48 -0700] "GET /robots.txt HTTP/1.0" 404 169 "-" "Mozilla/5.0 (compatible; MJ12bot/v1.4.2; http://www.majestic12.co.uk/bot.php?+)"
94.23.42.135 - - [30/Mar/2012:10:52:57 -0700] "GET /blog/devlog-feb-2011.html HTTP/1.0" 200 7216 "-" "Mozilla/5.0 (compatible; MJ12bot/v1.4.2; http://www.majestic12.co.uk/bot.php?+)"
117.193.101.174 - - [30/Mar/2012:10:52:59 -0700] "-" 400 0 "-" "-"
94.23.42.135 - - [30/Mar/2012:10:53:07 -0700] "GET /blog/devlog-mar-2011.html HTTP/1.0" 200 6871 "-" "Mozilla/5.0 (compatible; MJ12bot/v1.4.2; http://www.majestic12.co.uk/bot.php?+)"
94.23.42.135 - - [30/Mar/2012:10:53:20 -0700] "GET /blog/gstreamer-101-at-gnome-asia-2011.html HTTP/1.0" 200 5753 "-" "Mozilla/5.0 (compatible; MJ12bot/v1.4.2; http://www.majestic12.co.uk/bot.php?+)"
98.172.15.254 - - [30/Mar/2012:10:53:26 -0700] "GET /favicon.ico HTTP/1.1" 404 169 "-" "Caffeinated/1.1.1 CFNetwork/520.3.2 Darwin/11.3.0 (x86_64) (MacBookPro8%2C1)"
117.193.101.174 - - [30/Mar/2012:10:53:29 -0700] "-" 400 0 "-" "-"
98.172.15.254 - - [30/Mar/2012:10:54:21 -0700] "GET / HTTP/1.1" 304 0 "-" "Caffeinated/1.1.1 CFNetwork/520.3.2 Darwin/11.3.0 (x86_64) (MacBookPro8%2C1)"
98.172.15.254 - - [30/Mar/2012:10:54:21 -0700] "GET /favicon.ico HTTP/1.1" 404 169 "-" "Caffeinated/1.1.1 CFNetwork/520.3.2 Darwin/11.3.0 (x86_64) (MacBookPro8%2C1)"
122.174.172.209 - - [30/Mar/2012:10:54:34 -0700] "-" 400 0 "-" "-"
107.21.126.137 - - [30/Mar/2012:10:54:48 -0700] "HEAD /r/33y1 HTTP/1.1" 301 0 "-" "MetaURI API/2.0 +metauri.com"
107.21.126.137 - - [30/Mar/2012:10:54:48 -0700] "HEAD /s/ta/33y1/ HTTP/1.1" 302 0 "-" "MetaURI API/2.0 +metauri.com"
178.32.28.114 - - [30/Mar/2012:10:55:13 -0700] "HEAD /favicon.ico HTTP/1.0" 404 0 "-" "Drupal (+http://drupal.org/)"
178.32.28.114 - - [30/Mar/2012:10:55:14 -0700] "GET / HTTP/1.0" 200 3439 "-" "Drupal (+http://drupal.org/)"
98.172.15.254 - - [30/Mar/2012:10:55:20 -0700] "GET /favicon.ico HTTP/1.1" 404 169 "-" "Caffeinated/1.1.1 CFNetwork/520.3.2 Darwin/11.3.0 (x86_64) (MacBookPro8%2C1)"
209.117.161.166 - - [30/Mar/2012:10:55:21 -0700] "GET / HTTP/1.1" 200 3439 "-" "-"
75.101.221.60 - - [30/Mar/2012:10:55:30 -0700] "HEAD /r/33y1 HTTP/1.1" 301 0 "-" "Mozilla/5.0 (Windows; U; Windows NT 5.1; de; rv:1.9) Gecko/2008052906 Firefox/3.0"
75.101.221.60 - - [30/Mar/2012:10:55:32 -0700] "HEAD /s/ta/33y1/ HTTP/1.1" 302 0 "-" "Mozilla/5.0 (Windows; U; Windows NT 5.1; de; rv:1.9) Gecko/2008052906 Firefox/3.0"
85.17.88.169 - - [30/Mar/2012:10:55:39 -0700] "POST /blog/wp-cron.php?doing_wp_cron=1333129904 HTTP/1.0" 499 0 "-" "WordPress/3.3.1; http://yuvi.in/blog"
100.43.83.144 - - [30/Mar/2012:10:55:40 -0700] "GET /blog/category/uncategorized/ HTTP/1.1" 200 23025 "-" "Mozilla/5.0 (compatible; YandexBot/3.0; +http://yandex.com/bots)"
98.172.15.254 - - [30/Mar/2012:10:56:13 -0700] "GET /favicon.ico HTTP/1.1" 404 169 "-" "Caffeinated/1.1.1 CFNetwork/520.3.2 Darwin/11.3.0 (x86_64) (MacBookPro8%2C1)"
122.174.18.19 - - [30/Mar/2012:10:56:38 -0700] "-" 400 0 "-" "-"
59.164.48.249 - - [30/Mar/2012:10:56:48 -0700] "-" 400 0 "-" "-"
59.164.48.249 - - [30/Mar/2012:10:56:48 -0700] "-" 400 0 "-" "-"
59.164.48.249 - - [30/Mar/2012:10:56:48 -0700] "-" 400 0 "-" "-"
59.164.48.249 - - [30/Mar/2012:10:56:48 -0700] "-" 400 0 "-" "-"
117.193.132.240 - - [30/Mar/2012:10:56:56 -0700] "-" 400 0 "-" "-"
50.16.51.20 - - [30/Mar/2012:10:56:57 -0700] "HEAD /r/33y1 HTTP/1.1" 301 0 "-" "Summify (Summify/1.0.1; +http://summify.com)"
50.16.51.20 - - [30/Mar/2012:10:56:57 -0700] "HEAD /s/ta/33y1/ HTTP/1.1" 302 0 "-" "Summify (Summify/1.0.1; +http://summify.com)"
98.172.15.254 - - [30/Mar/2012:10:57:05 -0700] "GET /favicon.ico HTTP/1.1" 404 169 "-" "Caffeinated/1.1.1 CFNetwork/520.3.2 Darwin/11.3.0 (x86_64) (MacBookPro8%2C1)"
122.164.255.145 - - [30/Mar/2012:10:57:23 -0700] "GET /r/33y0 HTTP/1.1" 301 257 "http://www.facebook.com/l.php?u=http%3A%2F%2Ftawp.in%2Fr%2F33y0&h=wAQGMJ8wCAQFddPkVy0dJbcsPjGcKOhkX3b2pTeRLPiDO6A" "Mozilla/5.0 (Windows NT 6.1; WOW64) AppleWebKit/535.11 (KHTML, like Gecko) Chrome/17.0.963.83 Safari/535.11"
122.164.255.145 - - [30/Mar/2012:10:57:23 -0700] "GET /s/ta/33y0/ HTTP/1.1" 302 609 "http://www.facebook.com/l.php?u=http%3A%2F%2Ftawp.in%2Fr%2F33y0&h=wAQGMJ8wCAQFddPkVy0dJbcsPjGcKOhkX3b2pTeRLPiDO6A" "Mozilla/5.0 (Windows NT 6.1; WOW64) AppleWebKit/535.11 (KHTML, like Gecko) Chrome/17.0.963.83 Safari/535.11"
122.174.120.3 - - [30/Mar/2012:10:57:47 -0700] "-" 400 0 "-" "-"
98.172.15.254 - - [30/Mar/2012:10:57:48 -0700] "GET /favicon.ico HTTP/1.1" 404 169 "-" "Caffeinated/1.1.1 CFNetwork/520.3.2 Darwin/11.3.0 (x86_64) (MacBookPro8%2C1)"
117.193.200.32 - - [30/Mar/2012:10:58:30 -0700] "-" 400 0 "-" "-"
117.193.200.32 - - [30/Mar/2012:10:58:39 -0700] "-" 400 0 "-" "-"
117.193.200.32 - - [30/Mar/2012:10:58:39 -0700] "-" 400 0 "-" "-"
107.20.26.65 - - [30/Mar/2012:10:58:40 -0700] "GET /r/33y1 HTTP/1.1" 301 257 "-" "Java/1.6.0_16"
107.20.26.65 - - [30/Mar/2012:10:58:40 -0700] "GET /s/ta/33y1/ HTTP/1.1" 302 615 "-" "Java/1.6.0_16"
85.17.88.169 - - [30/Mar/2012:10:58:41 -0700] "POST /blog/wp-cron.php?doing_wp_cron=1333130085 HTTP/1.0" 499 0 "-" "WordPress/3.3.1; http://yuvi.in/blog"
94.102.150.50 - - [30/Mar/2012:10:58:41 -0700] "GET /blog/feed/atom/ HTTP/1.1" 304 0 "-" "SocialSearcher/0.1  Mozilla/5.0"
98.172.15.254 - - [30/Mar/2012:10:58:52 -0700] "GET /favicon.ico HTTP/1.1" 404 169 "-" "Caffeinated/1.1.1 CFNetwork/520.3.2 Darwin/11.3.0 (x86_64) (MacBookPro8%2C1)"
122.174.120.3 - - [30/Mar/2012:10:58:57 -0700] "-" 400 0 "-" "-"
122.174.120.3 - - [30/Mar/2012:10:59:07 -0700] "-" 400 0 "-" "-"
122.174.120.3 - - [30/Mar/2012:10:59:07 -0700] "-" 400 0 "-" "-"
59.164.48.249 - - [30/Mar/2012:10:59:38 -0700] "-" 400 0 "-" "-"
59.164.48.249 - - [30/Mar/2012:10:59:38 -0700] "-" 400 0 "-" "-"
98.172.15.254 - - [30/Mar/2012:10:59:46 -0700] "GET / HTTP/1.1" 304 0 "-" "Caffeinated/1.1.1 CFNetwork/520.3.2 Darwin/11.3.0 (x86_64) (MacBookPro8%2C1)"
98.172.15.254 - - [30/Mar/2012:10:59:47 -0700] "GET /favicon.ico HTTP/1.1" 404 169 "-" "Caffeinated/1.1.1 CFNetwork/520.3.2 Darwin/11.3.0 (x86_64) (MacBookPro8%2C1)"
123.238.11.110 - - [30/Mar/2012:11:00:19 -0700] "-" 400 0 "-" "-"
98.172.15.254 - - [30/Mar/2012:11:00:44 -0700] "GET /favicon.ico HTTP/1.1" 404 169 "-" "Caffeinated/1.1.1 CFNetwork/520.3.2 Darwin/11.3.0 (x86_64) (MacBookPro8%2C1)"
