85.17.88.169 - - [05/Apr/2012:10:32:27 -0700] "POST /blog/wp-cron.php?doing_wp_cron=1333646864 HTTP/1.0" 499 0 "-" "WordPress/3.3.1; http://yuvi.in/blog"
209.85.224.94 - - [05/Apr/2012:10:32:27 -0700] "GET /blog/feed HTTP/1.1" 304 0 "-" "FeedBurner/1.0 (http://www.FeedBurner.com)"
184.191.224.10 - - [05/Apr/2012:10:33:08 -0700] "GET / HTTP/1.1" 200 1430 "-" "Caffeinated/1.1.1 CFNetwork/520.3.2 Darwin/11.3.0 (x86_64) (MacBookPro8%2C1)"
184.191.224.10 - - [05/Apr/2012:10:33:08 -0700] "GET /favicon.ico HTTP/1.1" 404 142 "-" "Caffeinated/1.1.1 CFNetwork/520.3.2 Darwin/11.3.0 (x86_64) (MacBookPro8%2C1)"
59.92.83.228 - - [05/Apr/2012:10:33:49 -0700] "-" 400 0 "-" "-"
59.92.83.228 - - [05/Apr/2012:10:33:49 -0700] "-" 400 0 "-" "-"
59.92.83.228 - - [05/Apr/2012:10:33:49 -0700] "-" 400 0 "-" "-"
59.92.83.228 - - [05/Apr/2012:10:33:49 -0700] "-" 400 0 "-" "-"
184.191.224.10 - - [05/Apr/2012:10:33:49 -0700] "GET / HTTP/1.1" 200 1430 "-" "Caffeinated/1.1.1 CFNetwork/520.3.2 Darwin/11.3.0 (x86_64) (MacBookPro8%2C1)"
184.191.224.10 - - [05/Apr/2012:10:33:49 -0700] "GET /favicon.ico HTTP/1.1" 404 142 "-" "Caffeinated/1.1.1 CFNetwork/520.3.2 Darwin/11.3.0 (x86_64) (MacBookPro8%2C1)"
59.92.83.228 - - [05/Apr/2012:10:33:59 -0700] "-" 400 0 "-" "-"
184.191.224.10 - - [05/Apr/2012:10:34:49 -0700] "GET / HTTP/1.1" 200 1430 "-" "Caffeinated/1.1.1 CFNetwork/520.3.2 Darwin/11.3.0 (x86_64) (MacBookPro8%2C1)"
184.191.224.10 - - [05/Apr/2012:10:34:49 -0700] "GET /favicon.ico HTTP/1.1" 404 142 "-" "Caffeinated/1.1.1 CFNetwork/520.3.2 Darwin/11.3.0 (x86_64) (MacBookPro8%2C1)"
184.191.224.10 - - [05/Apr/2012:10:35:19 -0700] "GET / HTTP/1.1" 200 1430 "-" "Caffeinated/1.1.1 CFNetwork/520.3.2 Darwin/11.3.0 (x86_64) (MacBookPro8%2C1)"
184.191.224.10 - - [05/Apr/2012:10:35:20 -0700] "GET /favicon.ico HTTP/1.1" 404 142 "-" "Caffeinated/1.1.1 CFNetwork/520.3.2 Darwin/11.3.0 (x86_64) (MacBookPro8%2C1)"
141.0.8.40 - - [05/Apr/2012:10:35:54 -0700] "GET /r/30w4 HTTP/1.1" 301 257 "-" "Opera/9.80 (J2ME/MIDP; Opera Mini/4.2.18975/27.1407; U; en) Presto/2.8.119 Version/11.10"
141.0.8.40 - - [05/Apr/2012:10:35:54 -0700] "GET /s/ta/30w4/ HTTP/1.1" 302 519 "-" "Opera/9.80 (J2ME/MIDP; Opera Mini/4.2.18975/27.1407; U; en) Presto/2.8.119 Version/11.10"
119.63.196.29 - - [05/Apr/2012:10:36:02 -0700] "GET /blog/carrier-error.html HTTP/1.1" 304 0 "-" "Mozilla/5.0 (compatible; Baiduspider/2.0; +http://www.baidu.com/search/spider.html)"
184.191.224.10 - - [05/Apr/2012:10:36:28 -0700] "GET / HTTP/1.1" 200 1430 "-" "Caffeinated/1.1.1 CFNetwork/520.3.2 Darwin/11.3.0 (x86_64) (MacBookPro8%2C1)"
184.191.224.10 - - [05/Apr/2012:10:36:28 -0700] "GET /favicon.ico HTTP/1.1" 404 142 "-" "Caffeinated/1.1.1 CFNetwork/520.3.2 Darwin/11.3.0 (x86_64) (MacBookPro8%2C1)"
220.181.108.101 - - [05/Apr/2012:10:37:18 -0700] "GET / HTTP/1.1" 200 1430 "-" "Mozilla/5.0 (compatible; Baiduspider/2.0; +http://www.baidu.com/search/spider.html)"
184.191.224.10 - - [05/Apr/2012:10:37:31 -0700] "GET / HTTP/1.1" 200 1430 "-" "Caffeinated/1.1.1 CFNetwork/520.3.2 Darwin/11.3.0 (x86_64) (MacBookPro8%2C1)"
184.191.224.10 - - [05/Apr/2012:10:37:31 -0700] "GET /favicon.ico HTTP/1.1" 404 142 "-" "Caffeinated/1.1.1 CFNetwork/520.3.2 Darwin/11.3.0 (x86_64) (MacBookPro8%2C1)"
184.191.224.10 - - [05/Apr/2012:10:38:30 -0700] "GET / HTTP/1.1" 200 1430 "-" "Caffeinated/1.1.1 CFNetwork/520.3.2 Darwin/11.3.0 (x86_64) (MacBookPro8%2C1)"
184.191.224.10 - - [05/Apr/2012:10:38:30 -0700] "GET /favicon.ico HTTP/1.1" 404 142 "-" "Caffeinated/1.1.1 CFNetwork/520.3.2 Darwin/11.3.0 (x86_64) (MacBookPro8%2C1)"
117.193.68.188 - - [05/Apr/2012:10:38:52 -0700] "-" 400 0 "-" "-"
184.191.224.10 - - [05/Apr/2012:10:38:56 -0700] "GET / HTTP/1.1" 200 1430 "-" "Caffeinated/1.1.1 CFNetwork/520.3.2 Darwin/11.3.0 (x86_64) (MacBookPro8%2C1)"
184.191.224.10 - - [05/Apr/2012:10:38:56 -0700] "GET /favicon.ico HTTP/1.1" 404 142 "-" "Caffeinated/1.1.1 CFNetwork/520.3.2 Darwin/11.3.0 (x86_64) (MacBookPro8%2C1)"
195.159.171.94 - - [05/Apr/2012:10:38:57 -0700] "GET /robots.txt HTTP/1.0" 404 169 "-" "Mozilla/5.0 (compatible; MJ12bot/v1.4.2; http://www.majestic12.co.uk/bot.php?+)"
195.159.171.94 - - [05/Apr/2012:10:39:00 -0700] "GET /blog/devlog-feb-2011.html HTTP/1.1" 200 7216 "-" "Mozilla/5.0 (compatible; MJ12bot/v1.4.2; http://www.majestic12.co.uk/bot.php?+)"
117.193.68.188 - - [05/Apr/2012:10:39:12 -0700] "-" 400 0 "-" "-"
117.193.68.188 - - [05/Apr/2012:10:39:12 -0700] "-" 400 0 "-" "-"
117.193.68.188 - - [05/Apr/2012:10:39:12 -0700] "-" 400 0 "-" "-"
66.249.67.108 - - [05/Apr/2012:10:39:54 -0700] "GET /robots.txt HTTP/1.1" 404 142 "-" "Mozilla/5.0 (compatible; Googlebot/2.1; +http://www.google.com/bot.html)"
184.191.224.10 - - [05/Apr/2012:10:39:56 -0700] "GET / HTTP/1.1" 200 1430 "-" "Caffeinated/1.1.1 CFNetwork/520.3.2 Darwin/11.3.0 (x86_64) (MacBookPro8%2C1)"
184.191.224.10 - - [05/Apr/2012:10:39:56 -0700] "GET /favicon.ico HTTP/1.1" 404 142 "-" "Caffeinated/1.1.1 CFNetwork/520.3.2 Darwin/11.3.0 (x86_64) (MacBookPro8%2C1)"
85.17.88.169 - - [05/Apr/2012:10:39:56 -0700] "POST /blog/wp-cron.php?doing_wp_cron=1333647313 HTTP/1.0" 499 0 "-" "WordPress/3.3.1; http://yuvi.in/blog"
66.249.67.108 - - [05/Apr/2012:10:39:57 -0700] "GET /blog/how-to-increase-cheeses-burst-mode-photo-count/trackback/ HTTP/1.1" 302 0 "-" "Mozilla/5.0 (compatible; Googlebot/2.1; +http://www.google.com/bot.html)"
85.17.88.169 - - [05/Apr/2012:10:39:59 -0700] "POST /blog/wp-cron.php?doing_wp_cron=1333647316 HTTP/1.0" 499 0 "-" "WordPress/3.3.1; http://yuvi.in/blog"
66.249.67.108 - - [05/Apr/2012:10:39:59 -0700] "GET /blog/how-to-increase-cheeses-burst-mode-photo-count/ HTTP/1.1" 200 4681 "-" "Mozilla/5.0 (compatible; Googlebot/2.1; +http://www.google.com/bot.html)"
184.191.224.10 - - [05/Apr/2012:10:40:23 -0700] "GET / HTTP/1.1" 200 1430 "-" "Caffeinated/1.1.1 CFNetwork/520.3.2 Darwin/11.3.0 (x86_64) (MacBookPro8%2C1)"
184.191.224.10 - - [05/Apr/2012:10:40:23 -0700] "GET /favicon.ico HTTP/1.1" 404 142 "-" "Caffeinated/1.1.1 CFNetwork/520.3.2 Darwin/11.3.0 (x86_64) (MacBookPro8%2C1)"
117.192.14.132 - - [05/Apr/2012:10:40:39 -0700] "GET /blog/ HTTP/1.1" 200 9195 "http://www.google.co.in/url?sa=t&rct=j&q=&esrc=s&source=web&cd=11&ved=0CGUQFjAK&url=http%3A%2F%2Fyuvi.in%2Fblog%2F&ei=9Nd9T_SnOMOGrAexvNCHDQ&usg=AFQjCNGjULU63rz2XQySjIp-B7_MMBejew&sig2=5877TARI4b_UxNpUrcxc0A" "Mozilla/5.0 (Macintosh; Intel Mac OS X 10_7_3) AppleWebKit/535.19 (KHTML, like Gecko) Chrome/18.0.1025.142 Safari/535.19"
117.192.14.132 - - [05/Apr/2012:10:40:40 -0700] "GET /blog/wp-content/themes/cleanr/js/jquery.dropdown.js?ver=3.3.1 HTTP/1.1" 200 535 "http://yuvi.in/blog/" "Mozilla/5.0 (Macintosh; Intel Mac OS X 10_7_3) AppleWebKit/535.19 (KHTML, like Gecko) Chrome/18.0.1025.142 Safari/535.19"
117.192.14.132 - - [05/Apr/2012:10:40:40 -0700] "GET /blog/wp-content/themes/cleanr/style.css HTTP/1.1" 200 10508 "http://yuvi.in/blog/" "Mozilla/5.0 (Macintosh; Intel Mac OS X 10_7_3) AppleWebKit/535.19 (KHTML, like Gecko) Chrome/18.0.1025.142 Safari/535.19"
117.192.14.132 - - [05/Apr/2012:10:40:40 -0700] "GET /blog/wp-content/themes/cleanr/css/reset.css HTTP/1.1" 200 648 "http://yuvi.in/blog/" "Mozilla/5.0 (Macintosh; Intel Mac OS X 10_7_3) AppleWebKit/535.19 (KHTML, like Gecko) Chrome/18.0.1025.142 Safari/535.19"
117.192.14.132 - - [05/Apr/2012:10:40:41 -0700] "GET /blog/wp-content/themes/cleanr/css/text.css HTTP/1.1" 200 420 "http://yuvi.in/blog/" "Mozilla/5.0 (Macintosh; Intel Mac OS X 10_7_3) AppleWebKit/535.19 (KHTML, like Gecko) Chrome/18.0.1025.142 Safari/535.19"
117.192.14.132 - - [05/Apr/2012:10:40:41 -0700] "GET /blog/wp-content/themes/cleanr/css/960.css HTTP/1.1" 200 3628 "http://yuvi.in/blog/" "Mozilla/5.0 (Macintosh; Intel Mac OS X 10_7_3) AppleWebKit/535.19 (KHTML, like Gecko) Chrome/18.0.1025.142 Safari/535.19"
117.192.14.132 - - [05/Apr/2012:10:40:41 -0700] "GET /blog/wp-includes/js/jquery/jquery.js?ver=1.7.1 HTTP/1.1" 200 93889 "http://yuvi.in/blog/" "Mozilla/5.0 (Macintosh; Intel Mac OS X 10_7_3) AppleWebKit/535.19 (KHTML, like Gecko) Chrome/18.0.1025.142 Safari/535.19"
117.192.14.132 - - [05/Apr/2012:10:40:42 -0700] "GET /blog/wp-content/themes/cleanr/images/search_magnifier.gif HTTP/1.1" 200 394 "http://yuvi.in/blog/" "Mozilla/5.0 (Macintosh; Intel Mac OS X 10_7_3) AppleWebKit/535.19 (KHTML, like Gecko) Chrome/18.0.1025.142 Safari/535.19"
117.192.14.132 - - [05/Apr/2012:10:40:43 -0700] "GET /favicon.ico HTTP/1.1" 404 199 "-" "Mozilla/5.0 (Macintosh; Intel Mac OS X 10_7_3) AppleWebKit/535.19 (KHTML, like Gecko) Chrome/18.0.1025.142 Safari/535.19"
85.17.88.169 - - [05/Apr/2012:10:40:48 -0700] "POST /blog/wp-cron.php?doing_wp_cron=1333647365 HTTP/1.0" 499 0 "-" "WordPress/3.3.1; http://yuvi.in/blog"
117.192.14.132 - - [05/Apr/2012:10:40:48 -0700] "GET /blog/my-vimrc/ HTTP/1.1" 200 4115 "http://yuvi.in/blog/" "Mozilla/5.0 (Macintosh; Intel Mac OS X 10_7_3) AppleWebKit/535.19 (KHTML, like Gecko) Chrome/18.0.1025.142 Safari/535.19"
117.192.14.132 - - [05/Apr/2012:10:40:49 -0700] "GET /favicon.ico HTTP/1.1" 404 199 "-" "Mozilla/5.0 (Macintosh; Intel Mac OS X 10_7_3) AppleWebKit/535.19 (KHTML, like Gecko) Chrome/18.0.1025.142 Safari/535.19"
117.192.14.132 - - [05/Apr/2012:10:40:50 -0700] "GET /favicon.ico HTTP/1.1" 404 199 "-" "Mozilla/5.0 (Macintosh; Intel Mac OS X 10_7_3) AppleWebKit/535.19 (KHTML, like Gecko) Chrome/18.0.1025.142 Safari/535.19"
117.192.14.132 - - [05/Apr/2012:10:40:50 -0700] "GET /favicon.ico HTTP/1.1" 404 199 "-" "Mozilla/5.0 (Macintosh; Intel Mac OS X 10_7_3) AppleWebKit/535.19 (KHTML, like Gecko) Chrome/18.0.1025.142 Safari/535.19"
117.192.14.132 - - [05/Apr/2012:10:40:51 -0700] "GET /favicon.ico HTTP/1.1" 404 199 "-" "Mozilla/5.0 (Macintosh; Intel Mac OS X 10_7_3) AppleWebKit/535.19 (KHTML, like Gecko) Chrome/18.0.1025.142 Safari/535.19"
117.192.14.132 - - [05/Apr/2012:10:40:51 -0700] "GET /favicon.ico HTTP/1.1" 404 199 "-" "Mozilla/5.0 (Macintosh; Intel Mac OS X 10_7_3) AppleWebKit/535.19 (KHTML, like Gecko) Chrome/18.0.1025.142 Safari/535.19"
85.17.88.169 - - [05/Apr/2012:10:40:52 -0700] "POST /blog/wp-cron.php?doing_wp_cron=1333647369 HTTP/1.0" 499 0 "-" "WordPress/3.3.1; http://yuvi.in/blog"
117.192.14.132 - - [05/Apr/2012:10:40:52 -0700] "GET /blog/my-vimrc/?cf_action=sync_comments&post_id=398 HTTP/1.1" 200 48 "http://yuvi.in/blog/my-vimrc/" "Mozilla/5.0 (Macintosh; Intel Mac OS X 10_7_3) AppleWebKit/535.19 (KHTML, like Gecko) Chrome/18.0.1025.142 Safari/535.19"
117.192.14.132 - - [05/Apr/2012:10:41:00 -0700] "-" 400 0 "-" "-"
117.192.14.132 - - [05/Apr/2012:10:41:00 -0700] "-" 400 0 "-" "-"
184.191.224.10 - - [05/Apr/2012:10:41:21 -0700] "GET / HTTP/1.1" 200 1430 "-" "Caffeinated/1.1.1 CFNetwork/520.3.2 Darwin/11.3.0 (x86_64) (MacBookPro8%2C1)"
184.191.224.10 - - [05/Apr/2012:10:41:22 -0700] "GET /favicon.ico HTTP/1.1" 404 142 "-" "Caffeinated/1.1.1 CFNetwork/520.3.2 Darwin/11.3.0 (x86_64) (MacBookPro8%2C1)"
184.191.224.10 - - [05/Apr/2012:10:41:46 -0700] "GET / HTTP/1.1" 200 1430 "-" "Caffeinated/1.1.1 CFNetwork/520.3.2 Darwin/11.3.0 (x86_64) (MacBookPro8%2C1)"
184.191.224.10 - - [05/Apr/2012:10:41:46 -0700] "GET /favicon.ico HTTP/1.1" 404 142 "-" "Caffeinated/1.1.1 CFNetwork/520.3.2 Darwin/11.3.0 (x86_64) (MacBookPro8%2C1)"
184.191.224.10 - - [05/Apr/2012:10:42:46 -0700] "GET / HTTP/1.1" 200 1430 "-" "Caffeinated/1.1.1 CFNetwork/520.3.2 Darwin/11.3.0 (x86_64) (MacBookPro8%2C1)"
184.191.224.10 - - [05/Apr/2012:10:42:46 -0700] "GET /favicon.ico HTTP/1.1" 404 142 "-" "Caffeinated/1.1.1 CFNetwork/520.3.2 Darwin/11.3.0 (x86_64) (MacBookPro8%2C1)"
184.191.224.10 - - [05/Apr/2012:10:43:19 -0700] "GET / HTTP/1.1" 200 1430 "-" "Caffeinated/1.1.1 CFNetwork/520.3.2 Darwin/11.3.0 (x86_64) (MacBookPro8%2C1)"
184.191.224.10 - - [05/Apr/2012:10:43:20 -0700] "GET /favicon.ico HTTP/1.1" 404 142 "-" "Caffeinated/1.1.1 CFNetwork/520.3.2 Darwin/11.3.0 (x86_64) (MacBookPro8%2C1)"
184.191.224.10 - - [05/Apr/2012:10:44:07 -0700] "GET / HTTP/1.1" 200 1430 "-" "Caffeinated/1.1.1 CFNetwork/520.3.2 Darwin/11.3.0 (x86_64) (MacBookPro8%2C1)"
184.191.224.10 - - [05/Apr/2012:10:44:07 -0700] "GET /favicon.ico HTTP/1.1" 404 142 "-" "Caffeinated/1.1.1 CFNetwork/520.3.2 Darwin/11.3.0 (x86_64) (MacBookPro8%2C1)"
184.191.224.10 - - [05/Apr/2012:10:44:47 -0700] "GET / HTTP/1.1" 200 1430 "-" "Caffeinated/1.1.1 CFNetwork/520.3.2 Darwin/11.3.0 (x86_64) (MacBookPro8%2C1)"
184.191.224.10 - - [05/Apr/2012:10:44:47 -0700] "GET /favicon.ico HTTP/1.1" 404 142 "-" "Caffeinated/1.1.1 CFNetwork/520.3.2 Darwin/11.3.0 (x86_64) (MacBookPro8%2C1)"
2.51.19.255 - - [05/Apr/2012:10:45:04 -0700] "GET /r/qdi HTTP/1.0" 301 255 "http://ta.wikipedia.org/wiki/%E0%AE%AA%E0%AE%9F%E0%AE%BF%E0%AE%AE%E0%AE%AE%E0%AF%8D:Thirukkurungudi_7.jpg" "Mozilla/5.0 (Windows NT 6.1; WOW64) AppleWebKit/535.19 (KHTML, like Gecko) Chrome/18.0.1025.142 Safari/535.19"
2.51.19.255 - - [05/Apr/2012:10:45:05 -0700] "GET /s/ta/qdi/ HTTP/1.0" 302 383 "http://ta.wikipedia.org/wiki/%E0%AE%AA%E0%AE%9F%E0%AE%BF%E0%AE%AE%E0%AE%AE%E0%AF%8D:Thirukkurungudi_7.jpg" "Mozilla/5.0 (Windows NT 6.1; WOW64) AppleWebKit/535.19 (KHTML, like Gecko) Chrome/18.0.1025.142 Safari/535.19"
123.125.71.33 - - [05/Apr/2012:10:45:32 -0700] "GET / HTTP/1.1" 200 3439 "-" "Mozilla/5.0 (compatible; Baiduspider/2.0; +http://www.baidu.com/search/spider.html)"
184.191.224.10 - - [05/Apr/2012:10:45:33 -0700] "GET / HTTP/1.1" 200 1430 "-" "Caffeinated/1.1.1 CFNetwork/520.3.2 Darwin/11.3.0 (x86_64) (MacBookPro8%2C1)"
184.191.224.10 - - [05/Apr/2012:10:45:33 -0700] "GET /favicon.ico HTTP/1.1" 404 142 "-" "Caffeinated/1.1.1 CFNetwork/520.3.2 Darwin/11.3.0 (x86_64) (MacBookPro8%2C1)"
209.85.224.96 - - [05/Apr/2012:10:45:33 -0700] "GET /stories/feed HTTP/1.1" 200 13653 "-" "FeedBurner/1.0 (http://www.FeedBurner.com)"
184.191.224.10 - - [05/Apr/2012:10:46:09 -0700] "GET / HTTP/1.1" 200 1430 "-" "Caffeinated/1.1.1 CFNetwork/520.3.2 Darwin/11.3.0 (x86_64) (MacBookPro8%2C1)"
184.191.224.10 - - [05/Apr/2012:10:46:09 -0700] "GET /favicon.ico HTTP/1.1" 404 142 "-" "Caffeinated/1.1.1 CFNetwork/520.3.2 Darwin/11.3.0 (x86_64) (MacBookPro8%2C1)"
59.92.83.228 - - [05/Apr/2012:10:46:14 -0700] "-" 400 0 "-" "-"
220.181.108.76 - - [05/Apr/2012:10:46:15 -0700] "GET / HTTP/1.1" 200 3439 "-" "Mozilla/5.0 (compatible; Baiduspider/2.0; +http://www.baidu.com/search/spider.html)"
184.191.224.10 - - [05/Apr/2012:10:46:59 -0700] "GET / HTTP/1.1" 200 1430 "-" "Caffeinated/1.1.1 CFNetwork/520.3.2 Darwin/11.3.0 (x86_64) (MacBookPro8%2C1)"
184.191.224.10 - - [05/Apr/2012:10:46:59 -0700] "GET /favicon.ico HTTP/1.1" 404 142 "-" "Caffeinated/1.1.1 CFNetwork/520.3.2 Darwin/11.3.0 (x86_64) (MacBookPro8%2C1)"
59.92.83.228 - - [05/Apr/2012:10:47:24 -0700] "-" 400 0 "-" "-"
59.92.83.228 - - [05/Apr/2012:10:47:34 -0700] "-" 400 0 "-" "-"
59.92.83.228 - - [05/Apr/2012:10:47:34 -0700] "-" 400 0 "-" "-"
59.92.83.228 - - [05/Apr/2012:10:47:34 -0700] "-" 400 0 "-" "-"
59.92.83.228 - - [05/Apr/2012:10:47:34 -0700] "-" 400 0 "-" "-"
184.191.224.10 - - [05/Apr/2012:10:47:34 -0700] "GET / HTTP/1.1" 200 1430 "-" "Caffeinated/1.1.1 CFNetwork/520.3.2 Darwin/11.3.0 (x86_64) (MacBookPro8%2C1)"
117.193.196.241 - - [05/Apr/2012:10:47:34 -0700] "-" 400 0 "-" "-"
184.191.224.10 - - [05/Apr/2012:10:47:34 -0700] "GET /favicon.ico HTTP/1.1" 404 142 "-" "Caffeinated/1.1.1 CFNetwork/520.3.2 Darwin/11.3.0 (x86_64) (MacBookPro8%2C1)"
69.171.247.4 - - [05/Apr/2012:10:47:48 -0700] "GET /r/yj8 HTTP/1.1" 404 142 "-" "facebookexternalhit/1.1 (+http://www.facebook.com/externalhit_uatext.php)"
59.92.83.228 - - [05/Apr/2012:10:48:04 -0700] "-" 400 0 "-" "-"
59.92.83.228 - - [05/Apr/2012:10:48:14 -0700] "-" 400 0 "-" "-"
59.92.83.228 - - [05/Apr/2012:10:48:14 -0700] "-" 400 0 "-" "-"
59.92.83.228 - - [05/Apr/2012:10:48:14 -0700] "-" 400 0 "-" "-"
59.92.83.228 - - [05/Apr/2012:10:48:14 -0700] "-" 400 0 "-" "-"
122.164.240.59 - - [05/Apr/2012:10:48:16 -0700] "GET /s/ta/33y0/ HTTP/1.1" 302 609 "http://www.twitlonger.com/show/gpjbfe" "Mozilla/5.0 (Windows NT 5.1) AppleWebKit/535.7 (KHTML, like Gecko) Chrome/16.0.912.63 Safari/535.7"
184.191.224.10 - - [05/Apr/2012:10:48:22 -0700] "GET / HTTP/1.1" 200 1430 "-" "Caffeinated/1.1.1 CFNetwork/520.3.2 Darwin/11.3.0 (x86_64) (MacBookPro8%2C1)"
184.191.224.10 - - [05/Apr/2012:10:48:22 -0700] "GET /favicon.ico HTTP/1.1" 404 142 "-" "Caffeinated/1.1.1 CFNetwork/520.3.2 Darwin/11.3.0 (x86_64) (MacBookPro8%2C1)"
117.193.34.121 - - [05/Apr/2012:10:48:25 -0700] "-" 400 0 "-" "-"
59.92.83.228 - - [05/Apr/2012:10:48:34 -0700] "-" 400 0 "-" "-"
122.164.240.59 - - [05/Apr/2012:10:48:36 -0700] "-" 400 0 "-" "-"
184.191.224.10 - - [05/Apr/2012:10:49:01 -0700] "GET / HTTP/1.1" 200 1430 "-" "Caffeinated/1.1.1 CFNetwork/520.3.2 Darwin/11.3.0 (x86_64) (MacBookPro8%2C1)"
184.191.224.10 - - [05/Apr/2012:10:49:01 -0700] "GET /favicon.ico HTTP/1.1" 404 142 "-" "Caffeinated/1.1.1 CFNetwork/520.3.2 Darwin/11.3.0 (x86_64) (MacBookPro8%2C1)"
184.191.224.10 - - [05/Apr/2012:10:49:43 -0700] "GET / HTTP/1.1" 200 1430 "-" "Caffeinated/1.1.1 CFNetwork/520.3.2 Darwin/11.3.0 (x86_64) (MacBookPro8%2C1)"
184.191.224.10 - - [05/Apr/2012:10:49:43 -0700] "GET /favicon.ico HTTP/1.1" 404 142 "-" "Caffeinated/1.1.1 CFNetwork/520.3.2 Darwin/11.3.0 (x86_64) (MacBookPro8%2C1)"
117.193.34.121 - - [05/Apr/2012:10:49:55 -0700] "-" 400 0 "-" "-"
123.236.87.6 - - [05/Apr/2012:10:50:21 -0700] "GET /r/99x HTTP/1.1" 301 255 "http://ta.wikipedia.org/wiki/%E0%AE%95%E0%AE%B2%E0%AE%BF%E0%AE%AF%E0%AE%A9%E0%AF%8D_%E0%AE%95%E0%AF%87%E0%AE%9F%E0%AF%8D%E0%AE%9F_%E0%AE%B5%E0%AE%B0%E0%AE%99%E0%AF%8D%E0%AE%95%E0%AE%B3%E0%AF%8D" "Mozilla/5.0 (Windows NT 5.1; rv:11.0) Gecko/20100101 Firefox/11.0"
123.236.87.6 - - [05/Apr/2012:10:50:22 -0700] "GET /s/ta/99x/ HTTP/1.1" 302 489 "http://ta.wikipedia.org/wiki/%E0%AE%95%E0%AE%B2%E0%AE%BF%E0%AE%AF%E0%AE%A9%E0%AF%8D_%E0%AE%95%E0%AF%87%E0%AE%9F%E0%AF%8D%E0%AE%9F_%E0%AE%B5%E0%AE%B0%E0%AE%99%E0%AF%8D%E0%AE%95%E0%AE%B3%E0%AF%8D" "Mozilla/5.0 (Windows NT 5.1; rv:11.0) Gecko/20100101 Firefox/11.0"
184.191.224.10 - - [05/Apr/2012:10:50:26 -0700] "GET / HTTP/1.1" 200 1430 "-" "Caffeinated/1.1.1 CFNetwork/520.3.2 Darwin/11.3.0 (x86_64) (MacBookPro8%2C1)"
184.191.224.10 - - [05/Apr/2012:10:50:26 -0700] "GET /favicon.ico HTTP/1.1" 404 142 "-" "Caffeinated/1.1.1 CFNetwork/520.3.2 Darwin/11.3.0 (x86_64) (MacBookPro8%2C1)"
94.228.34.248 - - [05/Apr/2012:10:50:36 -0700] "GET /blog/ HTTP/1.1" 200 9195 "-" "magpie-crawler/1.1 (U; Linux amd64; en-GB; +http://www.brandwatch.net)"
85.17.88.169 - - [05/Apr/2012:10:50:46 -0700] "POST /blog/wp-cron.php?doing_wp_cron=1333647962 HTTP/1.0" 499 0 "-" "WordPress/3.3.1; http://yuvi.in/blog"
209.85.238.112 - - [05/Apr/2012:10:50:46 -0700] "GET /blog/feed HTTP/1.1" 301 0 "-" "Feedfetcher-Google; (+http://www.google.com/feedfetcher.html; 3 subscribers; feed-id=17684830852112633560)"
209.85.238.112 - - [05/Apr/2012:10:50:47 -0700] "GET /blog/feed/ HTTP/1.1" 200 6691 "-" "Feedfetcher-Google; (+http://www.google.com/feedfetcher.html; 3 subscribers; feed-id=17684830852112633560)"
184.191.224.10 - - [05/Apr/2012:10:51:11 -0700] "GET / HTTP/1.1" 200 1430 "-" "Caffeinated/1.1.1 CFNetwork/520.3.2 Darwin/11.3.0 (x86_64) (MacBookPro8%2C1)"
184.191.224.10 - - [05/Apr/2012:10:51:11 -0700] "GET /favicon.ico HTTP/1.1" 404 142 "-" "Caffeinated/1.1.1 CFNetwork/520.3.2 Darwin/11.3.0 (x86_64) (MacBookPro8%2C1)"
184.191.224.10 - - [05/Apr/2012:10:51:51 -0700] "GET / HTTP/1.1" 200 1430 "-" "Caffeinated/1.1.1 CFNetwork/520.3.2 Darwin/11.3.0 (x86_64) (MacBookPro8%2C1)"
184.191.224.10 - - [05/Apr/2012:10:51:51 -0700] "GET /favicon.ico HTTP/1.1" 404 142 "-" "Caffeinated/1.1.1 CFNetwork/520.3.2 Darwin/11.3.0 (x86_64) (MacBookPro8%2C1)"
184.191.224.10 - - [05/Apr/2012:10:52:37 -0700] "GET / HTTP/1.1" 200 1430 "-" "Caffeinated/1.1.1 CFNetwork/520.3.2 Darwin/11.3.0 (x86_64) (MacBookPro8%2C1)"
184.191.224.10 - - [05/Apr/2012:10:52:37 -0700] "GET /favicon.ico HTTP/1.1" 404 142 "-" "Caffeinated/1.1.1 CFNetwork/520.3.2 Darwin/11.3.0 (x86_64) (MacBookPro8%2C1)"
117.202.144.235 - - [05/Apr/2012:10:53:14 -0700] "-" 400 0 "-" "-"
184.191.224.10 - - [05/Apr/2012:10:53:22 -0700] "GET / HTTP/1.1" 200 1430 "-" "Caffeinated/1.1.1 CFNetwork/520.3.2 Darwin/11.3.0 (x86_64) (MacBookPro8%2C1)"
184.191.224.10 - - [05/Apr/2012:10:53:22 -0700] "GET /favicon.ico HTTP/1.1" 404 142 "-" "Caffeinated/1.1.1 CFNetwork/520.3.2 Darwin/11.3.0 (x86_64) (MacBookPro8%2C1)"
78.191.229.170 - - [05/Apr/2012:10:53:27 -0700] "GET /blog/wp-content/themes/cleanr/style.css HTTP/1.0" 200 10508 "http://yuvi.in/blog/" "Mozilla/4.0 (compatible; MSIE 7.0; Windows NT 6.0; BTRS129463; GTB7.3; SLCC1; .NET CLR 2.0.50727; Media Center PC 5.0; InfoPath.2; .NET CLR 3.5.30729; .NET CLR 3.0.30618)"
78.191.229.170 - - [05/Apr/2012:10:53:28 -0700] "GET /blog/ HTTP/1.0" 200 33162 "http://www.google.com.tr/search?hl=tr&source=hp&q=yuvi+boya&gbv=2&rlz=1W1ADFA_trTR436&oq=yuvi&aq=2&aqi=g1g-s1g1&aql=&gs_l=hp.1.2.0j0i10j0.21901l25231l0l32306l4l4l0l0l0l0l250l685l2-3l3l0.frgbld." "Mozilla/4.0 (compatible; MSIE 7.0; Windows NT 6.0; BTRS129463; GTB7.3; SLCC1; .NET CLR 2.0.50727; Media Center PC 5.0; InfoPath.2; .NET CLR 3.5.30729; .NET CLR 3.0.30618)"
78.191.229.170 - - [05/Apr/2012:10:53:28 -0700] "GET /blog/wp-content/themes/cleanr/css/ie.css HTTP/1.0" 200 390 "http://yuvi.in/blog/" "Mozilla/4.0 (compatible; MSIE 7.0; Windows NT 6.0; BTRS129463; GTB7.3; SLCC1; .NET CLR 2.0.50727; Media Center PC 5.0; InfoPath.2; .NET CLR 3.5.30729; .NET CLR 3.0.30618)"
78.191.229.170 - - [05/Apr/2012:10:53:29 -0700] "GET /blog/wp-content/themes/cleanr/css/reset.css HTTP/1.0" 200 648 "http://yuvi.in/blog/" "Mozilla/4.0 (compatible; MSIE 7.0; Windows NT 6.0; BTRS129463; GTB7.3; SLCC1; .NET CLR 2.0.50727; Media Center PC 5.0; InfoPath.2; .NET CLR 3.5.30729; .NET CLR 3.0.30618)"
78.191.229.170 - - [05/Apr/2012:10:53:29 -0700] "GET /blog/wp-includes/js/jquery/jquery.js?ver=1.7.1 HTTP/1.0" 200 93889 "http://yuvi.in/blog/" "Mozilla/4.0 (compatible; MSIE 7.0; Windows NT 6.0; BTRS129463; GTB7.3; SLCC1; .NET CLR 2.0.50727; Media Center PC 5.0; InfoPath.2; .NET CLR 3.5.30729; .NET CLR 3.0.30618)"
117.202.144.235 - - [05/Apr/2012:10:53:29 -0700] "-" 400 0 "-" "-"
78.191.229.170 - - [05/Apr/2012:10:53:29 -0700] "GET /blog/wp-content/themes/cleanr/css/text.css HTTP/1.0" 200 420 "http://yuvi.in/blog/" "Mozilla/4.0 (compatible; MSIE 7.0; Windows NT 6.0; BTRS129463; GTB7.3; SLCC1; .NET CLR 2.0.50727; Media Center PC 5.0; InfoPath.2; .NET CLR 3.5.30729; .NET CLR 3.0.30618)"
117.202.144.235 - - [05/Apr/2012:10:53:29 -0700] "-" 400 0 "-" "-"
78.191.229.170 - - [05/Apr/2012:10:53:30 -0700] "GET /blog/wp-content/themes/cleanr/css/960.css HTTP/1.0" 200 3628 "http://yuvi.in/blog/" "Mozilla/4.0 (compatible; MSIE 7.0; Windows NT 6.0; BTRS129463; GTB7.3; SLCC1; .NET CLR 2.0.50727; Media Center PC 5.0; InfoPath.2; .NET CLR 3.5.30729; .NET CLR 3.0.30618)"
117.202.144.235 - - [05/Apr/2012:10:53:30 -0700] "-" 400 0 "-" "-"
78.191.229.170 - - [05/Apr/2012:10:53:30 -0700] "GET /blog/wp-content/themes/cleanr/js/jquery.dropdown.js?ver=3.3.1 HTTP/1.0" 200 535 "http://yuvi.in/blog/" "Mozilla/4.0 (compatible; MSIE 7.0; Windows NT 6.0; BTRS129463; GTB7.3; SLCC1; .NET CLR 2.0.50727; Media Center PC 5.0; InfoPath.2; .NET CLR 3.5.30729; .NET CLR 3.0.30618)"
78.191.229.170 - - [05/Apr/2012:10:53:31 -0700] "GET /blog/wp-content/themes/cleanr/images/search_magnifier.gif HTTP/1.0" 200 394 "http://yuvi.in/blog/" "Mozilla/4.0 (compatible; MSIE 7.0; Windows NT 6.0; BTRS129463; GTB7.3; SLCC1; .NET CLR 2.0.50727; Media Center PC 5.0; InfoPath.2; .NET CLR 3.5.30729; .NET CLR 3.0.30618)"
78.191.229.170 - - [05/Apr/2012:10:53:31 -0700] "GET /favicon.ico HTTP/1.0" 404 571 "-" "Mozilla/4.0 (compatible; MSIE 7.0; Windows NT 6.0; BTRS129463; GTB7.3; SLCC1; .NET CLR 2.0.50727; Media Center PC 5.0; InfoPath.2; .NET CLR 3.5.30729; .NET CLR 3.0.30618)"
117.202.144.235 - - [05/Apr/2012:10:53:53 -0700] "-" 400 0 "-" "-"
117.202.144.235 - - [05/Apr/2012:10:53:53 -0700] "-" 400 0 "-" "-"
117.202.144.235 - - [05/Apr/2012:10:53:54 -0700] "-" 400 0 "-" "-"
117.202.144.235 - - [05/Apr/2012:10:53:54 -0700] "-" 400 0 "-" "-"
184.191.224.10 - - [05/Apr/2012:10:54:02 -0700] "GET / HTTP/1.1" 200 1430 "-" "Caffeinated/1.1.1 CFNetwork/520.3.2 Darwin/11.3.0 (x86_64) (MacBookPro8%2C1)"
184.191.224.10 - - [05/Apr/2012:10:54:02 -0700] "GET /favicon.ico HTTP/1.1" 404 142 "-" "Caffeinated/1.1.1 CFNetwork/520.3.2 Darwin/11.3.0 (x86_64) (MacBookPro8%2C1)"
117.202.144.235 - - [05/Apr/2012:10:54:12 -0700] "-" 400 0 "-" "-"
184.191.224.10 - - [05/Apr/2012:10:54:50 -0700] "GET / HTTP/1.1" 200 1430 "-" "Caffeinated/1.1.1 CFNetwork/520.3.2 Darwin/11.3.0 (x86_64) (MacBookPro8%2C1)"
184.191.224.10 - - [05/Apr/2012:10:54:50 -0700] "GET /favicon.ico HTTP/1.1" 404 142 "-" "Caffeinated/1.1.1 CFNetwork/520.3.2 Darwin/11.3.0 (x86_64) (MacBookPro8%2C1)"
100.43.83.144 - - [05/Apr/2012:10:55:08 -0700] "GET /robots.txt HTTP/1.1" 404 169 "-" "Mozilla/5.0 (compatible; YandexBot/3.0; +http://yandex.com/bots)"
184.191.224.10 - - [05/Apr/2012:10:55:26 -0700] "GET / HTTP/1.1" 200 1430 "-" "Caffeinated/1.1.1 CFNetwork/520.3.2 Darwin/11.3.0 (x86_64) (MacBookPro8%2C1)"
184.191.224.10 - - [05/Apr/2012:10:55:26 -0700] "GET /favicon.ico HTTP/1.1" 404 142 "-" "Caffeinated/1.1.1 CFNetwork/520.3.2 Darwin/11.3.0 (x86_64) (MacBookPro8%2C1)"
117.202.144.235 - - [05/Apr/2012:10:56:17 -0700] "-" 400 0 "-" "-"
117.202.144.235 - - [05/Apr/2012:10:56:18 -0700] "-" 400 0 "-" "-"
117.202.144.235 - - [05/Apr/2012:10:56:18 -0700] "-" 400 0 "-" "-"
117.202.144.235 - - [05/Apr/2012:10:56:18 -0700] "-" 400 0 "-" "-"
117.202.144.235 - - [05/Apr/2012:10:56:18 -0700] "-" 400 0 "-" "-"
117.202.144.235 - - [05/Apr/2012:10:56:19 -0700] "-" 400 0 "-" "-"
117.202.144.235 - - [05/Apr/2012:10:56:19 -0700] "-" 400 0 "-" "-"
117.202.144.235 - - [05/Apr/2012:10:56:19 -0700] "-" 400 0 "-" "-"
117.202.144.235 - - [05/Apr/2012:10:56:19 -0700] "-" 400 0 "-" "-"
117.202.144.235 - - [05/Apr/2012:10:56:19 -0700] "-" 400 0 "-" "-"
117.202.144.235 - - [05/Apr/2012:10:56:20 -0700] "-" 400 0 "-" "-"
184.191.224.10 - - [05/Apr/2012:10:56:20 -0700] "GET / HTTP/1.1" 200 1430 "-" "Caffeinated/1.1.1 CFNetwork/520.3.2 Darwin/11.3.0 (x86_64) (MacBookPro8%2C1)"
184.191.224.10 - - [05/Apr/2012:10:56:20 -0700] "GET /favicon.ico HTTP/1.1" 404 142 "-" "Caffeinated/1.1.1 CFNetwork/520.3.2 Darwin/11.3.0 (x86_64) (MacBookPro8%2C1)"
117.202.144.235 - - [05/Apr/2012:10:56:20 -0700] "-" 400 0 "-" "-"
117.202.144.235 - - [05/Apr/2012:10:56:21 -0700] "-" 400 0 "-" "-"
117.202.144.235 - - [05/Apr/2012:10:56:21 -0700] "-" 400 0 "-" "-"
117.202.144.235 - - [05/Apr/2012:10:56:21 -0700] "-" 400 0 "-" "-"
117.202.144.235 - - [05/Apr/2012:10:56:22 -0700] "-" 400 0 "-" "-"
117.202.144.235 - - [05/Apr/2012:10:56:22 -0700] "-" 400 0 "-" "-"
117.202.144.235 - - [05/Apr/2012:10:56:22 -0700] "-" 400 0 "-" "-"
117.202.144.235 - - [05/Apr/2012:10:56:22 -0700] "-" 400 0 "-" "-"
117.202.144.235 - - [05/Apr/2012:10:56:23 -0700] "-" 400 0 "-" "-"
117.202.144.235 - - [05/Apr/2012:10:56:23 -0700] "-" 400 0 "-" "-"
117.202.144.235 - - [05/Apr/2012:10:56:23 -0700] "-" 400 0 "-" "-"
117.202.144.235 - - [05/Apr/2012:10:56:23 -0700] "-" 400 0 "-" "-"
117.202.144.235 - - [05/Apr/2012:10:56:24 -0700] "-" 400 0 "-" "-"
117.202.144.235 - - [05/Apr/2012:10:56:24 -0700] "-" 400 0 "-" "-"
117.202.144.235 - - [05/Apr/2012:10:56:25 -0700] "-" 400 0 "-" "-"
117.202.144.235 - - [05/Apr/2012:10:56:25 -0700] "-" 400 0 "-" "-"
117.202.144.235 - - [05/Apr/2012:10:56:25 -0700] "-" 400 0 "-" "-"
117.202.144.235 - - [05/Apr/2012:10:56:25 -0700] "-" 400 0 "-" "-"
117.202.144.235 - - [05/Apr/2012:10:56:26 -0700] "-" 400 0 "-" "-"
117.202.144.235 - - [05/Apr/2012:10:56:26 -0700] "-" 400 0 "-" "-"
117.202.144.235 - - [05/Apr/2012:10:56:26 -0700] "-" 400 0 "-" "-"
117.202.144.235 - - [05/Apr/2012:10:56:27 -0700] "-" 400 0 "-" "-"
117.202.144.235 - - [05/Apr/2012:10:56:27 -0700] "-" 400 0 "-" "-"
117.202.144.235 - - [05/Apr/2012:10:56:27 -0700] "-" 400 0 "-" "-"
117.202.144.235 - - [05/Apr/2012:10:56:28 -0700] "-" 400 0 "-" "-"
117.202.144.235 - - [05/Apr/2012:10:56:28 -0700] "-" 400 0 "-" "-"
117.202.144.235 - - [05/Apr/2012:10:56:29 -0700] "-" 400 0 "-" "-"
117.202.144.235 - - [05/Apr/2012:10:56:29 -0700] "-" 400 0 "-" "-"
117.202.144.235 - - [05/Apr/2012:10:56:30 -0700] "-" 400 0 "-" "-"
117.202.144.235 - - [05/Apr/2012:10:56:30 -0700] "-" 400 0 "-" "-"
117.202.144.235 - - [05/Apr/2012:10:56:31 -0700] "-" 400 0 "-" "-"
117.202.144.235 - - [05/Apr/2012:10:56:31 -0700] "-" 400 0 "-" "-"
117.202.144.235 - - [05/Apr/2012:10:56:31 -0700] "-" 400 0 "-" "-"
117.202.144.235 - - [05/Apr/2012:10:56:32 -0700] "-" 400 0 "-" "-"
117.202.144.235 - - [05/Apr/2012:10:56:32 -0700] "-" 400 0 "-" "-"
117.202.144.235 - - [05/Apr/2012:10:56:33 -0700] "-" 400 0 "-" "-"
117.202.144.235 - - [05/Apr/2012:10:56:33 -0700] "-" 400 0 "-" "-"
117.202.144.235 - - [05/Apr/2012:10:56:33 -0700] "-" 400 0 "-" "-"
117.202.144.235 - - [05/Apr/2012:10:56:33 -0700] "-" 400 0 "-" "-"
117.202.144.235 - - [05/Apr/2012:10:56:34 -0700] "-" 400 0 "-" "-"
117.202.144.235 - - [05/Apr/2012:10:56:34 -0700] "-" 400 0 "-" "-"
184.191.224.10 - - [05/Apr/2012:10:56:50 -0700] "GET / HTTP/1.1" 200 1430 "-" "Caffeinated/1.1.1 CFNetwork/520.3.2 Darwin/11.3.0 (x86_64) (MacBookPro8%2C1)"
184.191.224.10 - - [05/Apr/2012:10:56:50 -0700] "GET /favicon.ico HTTP/1.1" 404 142 "-" "Caffeinated/1.1.1 CFNetwork/520.3.2 Darwin/11.3.0 (x86_64) (MacBookPro8%2C1)"
69.171.229.248 - - [05/Apr/2012:10:57:01 -0700] "GET /r/282s HTTP/1.1" 301 257 "-" "facebookexternalhit/1.1 (+http://www.facebook.com/externalhit_uatext.php)"
69.171.229.249 - - [05/Apr/2012:10:57:02 -0700] "GET /s/ta/282s/ HTTP/1.1" 302 549 "-" "facebookexternalhit/1.1 (+http://www.facebook.com/externalhit_uatext.php)"
184.191.224.10 - - [05/Apr/2012:10:57:43 -0700] "GET / HTTP/1.1" 200 1430 "-" "Caffeinated/1.1.1 CFNetwork/520.3.2 Darwin/11.3.0 (x86_64) (MacBookPro8%2C1)"
184.191.224.10 - - [05/Apr/2012:10:57:43 -0700] "GET /favicon.ico HTTP/1.1" 404 142 "-" "Caffeinated/1.1.1 CFNetwork/520.3.2 Darwin/11.3.0 (x86_64) (MacBookPro8%2C1)"
184.191.224.10 - - [05/Apr/2012:10:58:17 -0700] "GET / HTTP/1.1" 200 1430 "-" "Caffeinated/1.1.1 CFNetwork/520.3.2 Darwin/11.3.0 (x86_64) (MacBookPro8%2C1)"
184.191.224.10 - - [05/Apr/2012:10:58:17 -0700] "GET /favicon.ico HTTP/1.1" 404 142 "-" "Caffeinated/1.1.1 CFNetwork/520.3.2 Darwin/11.3.0 (x86_64) (MacBookPro8%2C1)"
59.92.83.228 - - [05/Apr/2012:10:58:19 -0700] "-" 400 0 "-" "-"
59.92.83.228 - - [05/Apr/2012:10:58:19 -0700] "-" 400 0 "-" "-"
59.92.83.228 - - [05/Apr/2012:10:58:19 -0700] "-" 400 0 "-" "-"
59.92.83.228 - - [05/Apr/2012:10:58:19 -0700] "-" 400 0 "-" "-"
184.191.224.10 - - [05/Apr/2012:10:59:10 -0700] "GET / HTTP/1.1" 200 1430 "-" "Caffeinated/1.1.1 CFNetwork/520.3.2 Darwin/11.3.0 (x86_64) (MacBookPro8%2C1)"
184.191.224.10 - - [05/Apr/2012:10:59:10 -0700] "GET /favicon.ico HTTP/1.1" 404 142 "-" "Caffeinated/1.1.1 CFNetwork/520.3.2 Darwin/11.3.0 (x86_64) (MacBookPro8%2C1)"
184.191.224.10 - - [05/Apr/2012:10:59:41 -0700] "GET / HTTP/1.1" 200 1430 "-" "Caffeinated/1.1.1 CFNetwork/520.3.2 Darwin/11.3.0 (x86_64) (MacBookPro8%2C1)"
184.191.224.10 - - [05/Apr/2012:10:59:41 -0700] "GET /favicon.ico HTTP/1.1" 404 142 "-" "Caffeinated/1.1.1 CFNetwork/520.3.2 Darwin/11.3.0 (x86_64) (MacBookPro8%2C1)"
184.191.224.10 - - [05/Apr/2012:11:00:35 -0700] "GET / HTTP/1.1" 200 1430 "-" "Caffeinated/1.1.1 CFNetwork/520.3.2 Darwin/11.3.0 (x86_64) (MacBookPro8%2C1)"
184.191.224.10 - - [05/Apr/2012:11:00:35 -0700] "GET /favicon.ico HTTP/1.1" 404 142 "-" "Caffeinated/1.1.1 CFNetwork/520.3.2 Darwin/11.3.0 (x86_64) (MacBookPro8%2C1)"
184.191.224.10 - - [05/Apr/2012:11:01:05 -0700] "GET / HTTP/1.1" 200 1430 "-" "Caffeinated/1.1.1 CFNetwork/520.3.2 Darwin/11.3.0 (x86_64) (MacBookPro8%2C1)"
184.191.224.10 - - [05/Apr/2012:11:01:06 -0700] "GET /favicon.ico HTTP/1.1" 404 142 "-" "Caffeinated/1.1.1 CFNetwork/520.3.2 Darwin/11.3.0 (x86_64) (MacBookPro8%2C1)"
117.193.162.201 - - [05/Apr/2012:11:01:29 -0700] "-" 400 0 "-" "-"
184.191.224.10 - - [05/Apr/2012:11:01:59 -0700] "GET / HTTP/1.1" 200 1430 "-" "Caffeinated/1.1.1 CFNetwork/520.3.2 Darwin/11.3.0 (x86_64) (MacBookPro8%2C1)"
184.191.224.10 - - [05/Apr/2012:11:02:00 -0700] "GET /favicon.ico HTTP/1.1" 404 142 "-" "Caffeinated/1.1.1 CFNetwork/520.3.2 Darwin/11.3.0 (x86_64) (MacBookPro8%2C1)"
184.191.224.10 - - [05/Apr/2012:11:02:34 -0700] "GET / HTTP/1.1" 200 1430 "-" "Caffeinated/1.1.1 CFNetwork/520.3.2 Darwin/11.3.0 (x86_64) (MacBookPro8%2C1)"
184.191.224.10 - - [05/Apr/2012:11:02:34 -0700] "GET /favicon.ico HTTP/1.1" 404 142 "-" "Caffeinated/1.1.1 CFNetwork/520.3.2 Darwin/11.3.0 (x86_64) (MacBookPro8%2C1)"
85.17.88.169 - - [05/Apr/2012:11:02:35 -0700] "POST /blog/wp-cron.php?doing_wp_cron=1333648671 HTTP/1.0" 499 0 "-" "WordPress/3.3.1; http://yuvi.in/blog"
209.85.224.87 - - [05/Apr/2012:11:02:35 -0700] "GET /blog/feed HTTP/1.1" 304 0 "-" "FeedBurner/1.0 (http://www.FeedBurner.com)"
59.164.107.164 - - [05/Apr/2012:11:02:49 -0700] "GET / HTTP/1.1" 200 1430 "-" "Mozilla/5.0 (Macintosh; Intel Mac OS X 10_6_8) AppleWebKit/535.19 (KHTML, like Gecko) Chrome/18.0.1025.142 Safari/535.19"
59.164.107.164 - - [05/Apr/2012:11:02:50 -0700] "GET /blueprint/screen.css HTTP/1.1" 200 12058 "http://yuvi.in/" "Mozilla/5.0 (Macintosh; Intel Mac OS X 10_6_8) AppleWebKit/535.19 (KHTML, like Gecko) Chrome/18.0.1025.142 Safari/535.19"
59.164.107.164 - - [05/Apr/2012:11:02:52 -0700] "GET /blueprint/print.css HTTP/1.1" 200 1284 "http://yuvi.in/" "Mozilla/5.0 (Macintosh; Intel Mac OS X 10_6_8) AppleWebKit/535.19 (KHTML, like Gecko) Chrome/18.0.1025.142 Safari/535.19"
59.164.107.164 - - [05/Apr/2012:11:02:52 -0700] "GET /header.png HTTP/1.1" 200 14249 "http://yuvi.in/" "Mozilla/5.0 (Macintosh; Intel Mac OS X 10_6_8) AppleWebKit/535.19 (KHTML, like Gecko) Chrome/18.0.1025.142 Safari/535.19"
59.164.107.164 - - [05/Apr/2012:11:02:53 -0700] "GET /favicon.ico HTTP/1.1" 404 199 "-" "Mozilla/5.0 (Macintosh; Intel Mac OS X 10_6_8) AppleWebKit/535.19 (KHTML, like Gecko) Chrome/18.0.1025.142 Safari/535.19"
59.164.107.164 - - [05/Apr/2012:11:02:56 -0700] "GET /blog HTTP/1.1" 301 178 "http://yuvi.in/" "Mozilla/5.0 (Macintosh; Intel Mac OS X 10_6_8) AppleWebKit/535.19 (KHTML, like Gecko) Chrome/18.0.1025.142 Safari/535.19"
85.17.88.169 - - [05/Apr/2012:11:02:58 -0700] "POST /blog/wp-cron.php?doing_wp_cron=1333648695 HTTP/1.0" 499 0 "-" "WordPress/3.3.1; http://yuvi.in/blog"
59.164.107.164 - - [05/Apr/2012:11:02:58 -0700] "GET /blog/ HTTP/1.1" 200 9195 "http://yuvi.in/" "Mozilla/5.0 (Macintosh; Intel Mac OS X 10_6_8) AppleWebKit/535.19 (KHTML, like Gecko) Chrome/18.0.1025.142 Safari/535.19"
59.164.107.164 - - [05/Apr/2012:11:02:59 -0700] "GET /blog/wp-content/themes/cleanr/style.css HTTP/1.1" 200 10508 "http://yuvi.in/blog/" "Mozilla/5.0 (Macintosh; Intel Mac OS X 10_6_8) AppleWebKit/535.19 (KHTML, like Gecko) Chrome/18.0.1025.142 Safari/535.19"
59.164.107.164 - - [05/Apr/2012:11:02:59 -0700] "GET /blog/wp-content/themes/cleanr/js/jquery.dropdown.js?ver=3.3.1 HTTP/1.1" 200 535 "http://yuvi.in/blog/" "Mozilla/5.0 (Macintosh; Intel Mac OS X 10_6_8) AppleWebKit/535.19 (KHTML, like Gecko) Chrome/18.0.1025.142 Safari/535.19"
59.164.107.164 - - [05/Apr/2012:11:03:00 -0700] "GET /blog/wp-content/themes/cleanr/css/reset.css HTTP/1.1" 200 648 "http://yuvi.in/blog/" "Mozilla/5.0 (Macintosh; Intel Mac OS X 10_6_8) AppleWebKit/535.19 (KHTML, like Gecko) Chrome/18.0.1025.142 Safari/535.19"
59.164.107.164 - - [05/Apr/2012:11:03:00 -0700] "GET /blog/wp-content/themes/cleanr/css/text.css HTTP/1.1" 200 420 "http://yuvi.in/blog/" "Mozilla/5.0 (Macintosh; Intel Mac OS X 10_6_8) AppleWebKit/535.19 (KHTML, like Gecko) Chrome/18.0.1025.142 Safari/535.19"
59.164.107.164 - - [05/Apr/2012:11:03:00 -0700] "GET /blog/wp-content/themes/cleanr/css/960.css HTTP/1.1" 200 3628 "http://yuvi.in/blog/" "Mozilla/5.0 (Macintosh; Intel Mac OS X 10_6_8) AppleWebKit/535.19 (KHTML, like Gecko) Chrome/18.0.1025.142 Safari/535.19"
59.164.107.164 - - [05/Apr/2012:11:03:02 -0700] "GET /blog/wp-includes/js/jquery/jquery.js?ver=1.7.1 HTTP/1.1" 200 93889 "http://yuvi.in/blog/" "Mozilla/5.0 (Macintosh; Intel Mac OS X 10_6_8) AppleWebKit/535.19 (KHTML, like Gecko) Chrome/18.0.1025.142 Safari/535.19"
59.164.107.164 - - [05/Apr/2012:11:03:06 -0700] "GET /blog/wp-content/themes/cleanr/images/search_magnifier.gif HTTP/1.1" 200 394 "http://yuvi.in/blog/" "Mozilla/5.0 (Macintosh; Intel Mac OS X 10_6_8) AppleWebKit/535.19 (KHTML, like Gecko) Chrome/18.0.1025.142 Safari/535.19"
59.164.107.164 - - [05/Apr/2012:11:03:08 -0700] "GET /favicon.ico HTTP/1.1" 404 199 "-" "Mozilla/5.0 (Macintosh; Intel Mac OS X 10_6_8) AppleWebKit/535.19 (KHTML, like Gecko) Chrome/18.0.1025.142 Safari/535.19"
85.17.88.169 - - [05/Apr/2012:11:03:12 -0700] "POST /blog/wp-cron.php?doing_wp_cron=1333648709 HTTP/1.0" 499 0 "-" "WordPress/3.3.1; http://yuvi.in/blog"
209.85.238.112 - - [05/Apr/2012:11:03:13 -0700] "GET /blog/feed/ HTTP/1.1" 200 6675 "-" "Feedfetcher-Google; (+http://www.google.com/feedfetcher.html; 18 subscribers; feed-id=15064232456473204253)"
184.191.224.10 - - [05/Apr/2012:11:03:29 -0700] "GET / HTTP/1.1" 200 1430 "-" "Caffeinated/1.1.1 CFNetwork/520.3.2 Darwin/11.3.0 (x86_64) (MacBookPro8%2C1)"
184.191.224.10 - - [05/Apr/2012:11:03:29 -0700] "GET /favicon.ico HTTP/1.1" 404 142 "-" "Caffeinated/1.1.1 CFNetwork/520.3.2 Darwin/11.3.0 (x86_64) (MacBookPro8%2C1)"
184.191.224.10 - - [05/Apr/2012:11:04:00 -0700] "GET / HTTP/1.1" 200 1430 "-" "Caffeinated/1.1.1 CFNetwork/520.3.2 Darwin/11.3.0 (x86_64) (MacBookPro8%2C1)"
184.191.224.10 - - [05/Apr/2012:11:04:00 -0700] "GET /favicon.ico HTTP/1.1" 404 142 "-" "Caffeinated/1.1.1 CFNetwork/520.3.2 Darwin/11.3.0 (x86_64) (MacBookPro8%2C1)"
184.191.224.10 - - [05/Apr/2012:11:04:54 -0700] "GET / HTTP/1.1" 200 1430 "-" "Caffeinated/1.1.1 CFNetwork/520.3.2 Darwin/11.3.0 (x86_64) (MacBookPro8%2C1)"
184.191.224.10 - - [05/Apr/2012:11:04:54 -0700] "GET /favicon.ico HTTP/1.1" 404 142 "-" "Caffeinated/1.1.1 CFNetwork/520.3.2 Darwin/11.3.0 (x86_64) (MacBookPro8%2C1)"
184.191.224.10 - - [05/Apr/2012:11:05:27 -0700] "GET / HTTP/1.1" 200 1430 "-" "Caffeinated/1.1.1 CFNetwork/520.3.2 Darwin/11.3.0 (x86_64) (MacBookPro8%2C1)"
184.191.224.10 - - [05/Apr/2012:11:05:27 -0700] "GET /favicon.ico HTTP/1.1" 404 142 "-" "Caffeinated/1.1.1 CFNetwork/520.3.2 Darwin/11.3.0 (x86_64) (MacBookPro8%2C1)"
184.191.224.10 - - [05/Apr/2012:11:06:20 -0700] "GET / HTTP/1.1" 200 1430 "-" "Caffeinated/1.1.1 CFNetwork/520.3.2 Darwin/11.3.0 (x86_64) (MacBookPro8%2C1)"
184.191.224.10 - - [05/Apr/2012:11:06:20 -0700] "GET /favicon.ico HTTP/1.1" 404 142 "-" "Caffeinated/1.1.1 CFNetwork/520.3.2 Darwin/11.3.0 (x86_64) (MacBookPro8%2C1)"
184.191.224.10 - - [05/Apr/2012:11:06:49 -0700] "GET / HTTP/1.1" 200 1430 "-" "Caffeinated/1.1.1 CFNetwork/520.3.2 Darwin/11.3.0 (x86_64) (MacBookPro8%2C1)"
184.191.224.10 - - [05/Apr/2012:11:06:49 -0700] "GET /favicon.ico HTTP/1.1" 404 142 "-" "Caffeinated/1.1.1 CFNetwork/520.3.2 Darwin/11.3.0 (x86_64) (MacBookPro8%2C1)"
184.191.224.10 - - [05/Apr/2012:11:07:48 -0700] "GET / HTTP/1.1" 200 1430 "-" "Caffeinated/1.1.1 CFNetwork/520.3.2 Darwin/11.3.0 (x86_64) (MacBookPro8%2C1)"
184.191.224.10 - - [05/Apr/2012:11:07:48 -0700] "GET /favicon.ico HTTP/1.1" 404 142 "-" "Caffeinated/1.1.1 CFNetwork/520.3.2 Darwin/11.3.0 (x86_64) (MacBookPro8%2C1)"
184.191.224.10 - - [05/Apr/2012:11:08:15 -0700] "GET / HTTP/1.1" 200 1430 "-" "Caffeinated/1.1.1 CFNetwork/520.3.2 Darwin/11.3.0 (x86_64) (MacBookPro8%2C1)"
184.191.224.10 - - [05/Apr/2012:11:08:15 -0700] "GET /favicon.ico HTTP/1.1" 404 142 "-" "Caffeinated/1.1.1 CFNetwork/520.3.2 Darwin/11.3.0 (x86_64) (MacBookPro8%2C1)"
59.92.64.151 - - [05/Apr/2012:11:08:32 -0700] "GET /r/44o HTTP/1.1" 301 255 "-" "Mozilla/4.0 (compatible; MSIE 8.0; Windows NT 5.1; Trident/4.0; .NET CLR 1.1.4322; InfoPath.2; AskTB5.5)"
59.92.64.151 - - [05/Apr/2012:11:08:33 -0700] "GET /s/ta/44o/ HTTP/1.1" 302 533 "-" "Mozilla/4.0 (compatible; MSIE 8.0; Windows NT 5.1; Trident/4.0; .NET CLR 1.1.4322; InfoPath.2; AskTB5.5)"
184.191.224.10 - - [05/Apr/2012:11:09:14 -0700] "GET / HTTP/1.1" 200 1430 "-" "Caffeinated/1.1.1 CFNetwork/520.3.2 Darwin/11.3.0 (x86_64) (MacBookPro8%2C1)"
184.191.224.10 - - [05/Apr/2012:11:09:14 -0700] "GET /favicon.ico HTTP/1.1" 404 142 "-" "Caffeinated/1.1.1 CFNetwork/520.3.2 Darwin/11.3.0 (x86_64) (MacBookPro8%2C1)"
184.191.224.10 - - [05/Apr/2012:11:09:40 -0700] "GET / HTTP/1.1" 200 1430 "-" "Caffeinated/1.1.1 CFNetwork/520.3.2 Darwin/11.3.0 (x86_64) (MacBookPro8%2C1)"
184.191.224.10 - - [05/Apr/2012:11:09:40 -0700] "GET /favicon.ico HTTP/1.1" 404 142 "-" "Caffeinated/1.1.1 CFNetwork/520.3.2 Darwin/11.3.0 (x86_64) (MacBookPro8%2C1)"
184.191.224.10 - - [05/Apr/2012:11:10:41 -0700] "GET / HTTP/1.1" 200 1430 "-" "Caffeinated/1.1.1 CFNetwork/520.3.2 Darwin/11.3.0 (x86_64) (MacBookPro8%2C1)"
184.191.224.10 - - [05/Apr/2012:11:10:41 -0700] "GET /favicon.ico HTTP/1.1" 404 142 "-" "Caffeinated/1.1.1 CFNetwork/520.3.2 Darwin/11.3.0 (x86_64) (MacBookPro8%2C1)"
184.191.224.10 - - [05/Apr/2012:11:11:09 -0700] "GET / HTTP/1.1" 200 1430 "-" "Caffeinated/1.1.1 CFNetwork/520.3.2 Darwin/11.3.0 (x86_64) (MacBookPro8%2C1)"
184.191.224.10 - - [05/Apr/2012:11:11:09 -0700] "GET /favicon.ico HTTP/1.1" 404 142 "-" "Caffeinated/1.1.1 CFNetwork/520.3.2 Darwin/11.3.0 (x86_64) (MacBookPro8%2C1)"
184.191.224.10 - - [05/Apr/2012:11:12:08 -0700] "GET / HTTP/1.1" 200 1430 "-" "Caffeinated/1.1.1 CFNetwork/520.3.2 Darwin/11.3.0 (x86_64) (MacBookPro8%2C1)"
184.191.224.10 - - [05/Apr/2012:11:12:08 -0700] "GET /favicon.ico HTTP/1.1" 404 142 "-" "Caffeinated/1.1.1 CFNetwork/520.3.2 Darwin/11.3.0 (x86_64) (MacBookPro8%2C1)"
207.46.204.220 - - [05/Apr/2012:11:12:10 -0700] "-" 400 0 "-" "-"
207.46.204.220 - - [05/Apr/2012:11:12:10 -0700] "-" 400 0 "-" "-"
207.46.204.220 - - [05/Apr/2012:11:12:11 -0700] "-" 400 0 "-" "-"
207.46.204.220 - - [05/Apr/2012:11:12:12 -0700] "-" 400 0 "-" "-"
207.46.204.220 - - [05/Apr/2012:11:12:12 -0700] "-" 400 0 "-" "-"
207.46.204.220 - - [05/Apr/2012:11:12:12 -0700] "-" 400 0 "-" "-"
207.46.204.220 - - [05/Apr/2012:11:12:13 -0700] "-" 400 0 "-" "-"
207.46.204.220 - - [05/Apr/2012:11:12:13 -0700] "-" 400 0 "-" "-"
207.46.204.220 - - [05/Apr/2012:11:12:14 -0700] "-" 400 0 "-" "-"
207.46.204.220 - - [05/Apr/2012:11:12:14 -0700] "-" 400 0 "-" "-"
207.46.204.220 - - [05/Apr/2012:11:12:14 -0700] "-" 400 0 "-" "-"
207.46.204.220 - - [05/Apr/2012:11:12:14 -0700] "-" 400 0 "-" "-"
184.191.224.10 - - [05/Apr/2012:11:12:34 -0700] "GET / HTTP/1.1" 200 1430 "-" "Caffeinated/1.1.1 CFNetwork/520.3.2 Darwin/11.3.0 (x86_64) (MacBookPro8%2C1)"
184.191.224.10 - - [05/Apr/2012:11:12:34 -0700] "GET /favicon.ico HTTP/1.1" 404 142 "-" "Caffeinated/1.1.1 CFNetwork/520.3.2 Darwin/11.3.0 (x86_64) (MacBookPro8%2C1)"
207.46.204.220 - - [05/Apr/2012:11:12:52 -0700] "-" 400 0 "-" "-"
184.191.224.10 - - [05/Apr/2012:11:13:32 -0700] "GET / HTTP/1.1" 200 1430 "-" "Caffeinated/1.1.1 CFNetwork/520.3.2 Darwin/11.3.0 (x86_64) (MacBookPro8%2C1)"
184.191.224.10 - - [05/Apr/2012:11:13:32 -0700] "GET /favicon.ico HTTP/1.1" 404 142 "-" "Caffeinated/1.1.1 CFNetwork/520.3.2 Darwin/11.3.0 (x86_64) (MacBookPro8%2C1)"
59.92.8.93 - - [05/Apr/2012:11:13:35 -0700] "-" 400 0 "-" "-"
78.147.152.236 - - [05/Apr/2012:11:13:37 -0700] "GET /s/ta/23z/ HTTP/1.1" 302 397 "-" "Mozilla/5.0 (iPhone; CPU iPhone OS 5_0_1 like Mac OS X) AppleWebKit/534.46 (KHTML, like Gecko) Mobile/9A405"
62.24.252.133 - - [05/Apr/2012:11:14:09 -0700] "GET /robots.txt HTTP/1.0" 404 238 "http://tawp.in/robots.txt" "Mozilla/4.0 (compatible; MSIE 8.0; Windows NT 5.1; Trident/4.0; .NET CLR 2.0.50727; .NET CLR 3.0.04506.648; .NET CLR 3.5.21022; .NET CLR 3.0.4506.2152; .NET CLR 3.5.30729; InfoPath.2)"
62.24.252.133 - - [05/Apr/2012:11:14:09 -0700] "GET /s/ta/23z/ HTTP/1.0" 302 397 "http://tawp.in/s/ta/23z/" "Mozilla/4.0 (compatible; MSIE 8.0; Windows NT 5.1; Trident/4.0; .NET CLR 2.0.50727; .NET CLR 3.0.04506.648; .NET CLR 3.5.21022; .NET CLR 3.0.4506.2152; .NET CLR 3.5.30729; InfoPath.2)"
184.191.224.10 - - [05/Apr/2012:11:14:12 -0700] "GET / HTTP/1.1" 200 1430 "-" "Caffeinated/1.1.1 CFNetwork/520.3.2 Darwin/11.3.0 (x86_64) (MacBookPro8%2C1)"
184.191.224.10 - - [05/Apr/2012:11:14:12 -0700] "GET /favicon.ico HTTP/1.1" 404 142 "-" "Caffeinated/1.1.1 CFNetwork/520.3.2 Darwin/11.3.0 (x86_64) (MacBookPro8%2C1)"
184.191.224.10 - - [05/Apr/2012:11:15:03 -0700] "GET / HTTP/1.1" 200 1430 "-" "Caffeinated/1.1.1 CFNetwork/520.3.2 Darwin/11.3.0 (x86_64) (MacBookPro8%2C1)"
184.191.224.10 - - [05/Apr/2012:11:15:04 -0700] "GET /favicon.ico HTTP/1.1" 404 142 "-" "Caffeinated/1.1.1 CFNetwork/520.3.2 Darwin/11.3.0 (x86_64) (MacBookPro8%2C1)"
122.174.56.153 - - [05/Apr/2012:11:15:07 -0700] "GET /r/34f4 HTTP/1.1" 301 257 "http://ta.wikipedia.org/wiki/Nandha1kumar" "Mozilla/5.0 (Windows NT 6.1; WOW64) AppleWebKit/535.19 (KHTML, like Gecko) Chrome/18.0.1025.142 Safari/535.19"
122.174.56.153 - - [05/Apr/2012:11:15:08 -0700] "GET /s/ta/34f4/ HTTP/1.1" 302 289 "http://ta.wikipedia.org/wiki/Nandha1kumar" "Mozilla/5.0 (Windows NT 6.1; WOW64) AppleWebKit/535.19 (KHTML, like Gecko) Chrome/18.0.1025.142 Safari/535.19"
122.174.56.153 - - [05/Apr/2012:11:15:23 -0700] "-" 400 0 "-" "-"
117.193.167.160 - - [05/Apr/2012:11:15:25 -0700] "-" 400 0 "-" "-"
69.171.234.2 - - [05/Apr/2012:11:15:38 -0700] "GET /r/282s HTTP/1.1" 301 257 "-" "facebookexternalhit/1.1 (+http://www.facebook.com/externalhit_uatext.php)"
69.171.234.2 - - [05/Apr/2012:11:15:38 -0700] "GET /s/ta/282s/ HTTP/1.1" 302 549 "-" "facebookexternalhit/1.1 (+http://www.facebook.com/externalhit_uatext.php)"
184.191.224.10 - - [05/Apr/2012:11:15:38 -0700] "GET / HTTP/1.1" 200 1430 "-" "Caffeinated/1.1.1 CFNetwork/520.3.2 Darwin/11.3.0 (x86_64) (MacBookPro8%2C1)"
184.191.224.10 - - [05/Apr/2012:11:15:38 -0700] "GET /favicon.ico HTTP/1.1" 404 142 "-" "Caffeinated/1.1.1 CFNetwork/520.3.2 Darwin/11.3.0 (x86_64) (MacBookPro8%2C1)"
49.15.171.139 - - [05/Apr/2012:11:15:54 -0700] "-" 400 0 "-" "-"
184.191.224.10 - - [05/Apr/2012:11:16:33 -0700] "GET / HTTP/1.1" 200 1430 "-" "Caffeinated/1.1.1 CFNetwork/520.3.2 Darwin/11.3.0 (x86_64) (MacBookPro8%2C1)"
184.191.224.10 - - [05/Apr/2012:11:16:33 -0700] "GET /favicon.ico HTTP/1.1" 404 142 "-" "Caffeinated/1.1.1 CFNetwork/520.3.2 Darwin/11.3.0 (x86_64) (MacBookPro8%2C1)"
184.191.224.10 - - [05/Apr/2012:11:17:06 -0700] "GET / HTTP/1.1" 200 1430 "-" "Caffeinated/1.1.1 CFNetwork/520.3.2 Darwin/11.3.0 (x86_64) (MacBookPro8%2C1)"
184.191.224.10 - - [05/Apr/2012:11:17:07 -0700] "GET /favicon.ico HTTP/1.1" 404 142 "-" "Caffeinated/1.1.1 CFNetwork/520.3.2 Darwin/11.3.0 (x86_64) (MacBookPro8%2C1)"
184.191.224.10 - - [05/Apr/2012:11:17:57 -0700] "GET / HTTP/1.1" 200 1430 "-" "Caffeinated/1.1.1 CFNetwork/520.3.2 Darwin/11.3.0 (x86_64) (MacBookPro8%2C1)"
184.191.224.10 - - [05/Apr/2012:11:17:58 -0700] "GET /favicon.ico HTTP/1.1" 404 142 "-" "Caffeinated/1.1.1 CFNetwork/520.3.2 Darwin/11.3.0 (x86_64) (MacBookPro8%2C1)"
184.191.224.10 - - [05/Apr/2012:11:18:34 -0700] "GET / HTTP/1.1" 200 1430 "-" "Caffeinated/1.1.1 CFNetwork/520.3.2 Darwin/11.3.0 (x86_64) (MacBookPro8%2C1)"
184.191.224.10 - - [05/Apr/2012:11:18:34 -0700] "GET /favicon.ico HTTP/1.1" 404 142 "-" "Caffeinated/1.1.1 CFNetwork/520.3.2 Darwin/11.3.0 (x86_64) (MacBookPro8%2C1)"
49.15.171.139 - - [05/Apr/2012:11:18:38 -0700] "-" 400 0 "-" "-"
184.191.224.10 - - [05/Apr/2012:11:19:25 -0700] "GET / HTTP/1.1" 200 1430 "-" "Caffeinated/1.1.1 CFNetwork/520.3.2 Darwin/11.3.0 (x86_64) (MacBookPro8%2C1)"
184.191.224.10 - - [05/Apr/2012:11:19:25 -0700] "GET /favicon.ico HTTP/1.1" 404 142 "-" "Caffeinated/1.1.1 CFNetwork/520.3.2 Darwin/11.3.0 (x86_64) (MacBookPro8%2C1)"
184.191.224.10 - - [05/Apr/2012:11:20:05 -0700] "GET / HTTP/1.1" 200 1430 "-" "Caffeinated/1.1.1 CFNetwork/520.3.2 Darwin/11.3.0 (x86_64) (MacBookPro8%2C1)"
184.191.224.10 - - [05/Apr/2012:11:20:05 -0700] "GET /favicon.ico HTTP/1.1" 404 142 "-" "Caffeinated/1.1.1 CFNetwork/520.3.2 Darwin/11.3.0 (x86_64) (MacBookPro8%2C1)"
66.219.58.43 - - [05/Apr/2012:11:20:51 -0700] "GET /robots.txt HTTP/1.1" 404 211 "-" "MLBot (www.metadatalabs.com/mlbot)"
66.219.58.43 - - [05/Apr/2012:11:20:51 -0700] "GET /r/1z64 HTTP/1.1" 301 257 "-" "MLBot (www.metadatalabs.com/mlbot)"
184.191.224.10 - - [05/Apr/2012:11:20:57 -0700] "GET / HTTP/1.1" 200 1430 "-" "Caffeinated/1.1.1 CFNetwork/520.3.2 Darwin/11.3.0 (x86_64) (MacBookPro8%2C1)"
184.191.224.10 - - [05/Apr/2012:11:20:57 -0700] "GET /favicon.ico HTTP/1.1" 404 142 "-" "Caffeinated/1.1.1 CFNetwork/520.3.2 Darwin/11.3.0 (x86_64) (MacBookPro8%2C1)"
184.191.224.10 - - [05/Apr/2012:11:21:30 -0700] "GET / HTTP/1.1" 200 1430 "-" "Caffeinated/1.1.1 CFNetwork/520.3.2 Darwin/11.3.0 (x86_64) (MacBookPro8%2C1)"
184.191.224.10 - - [05/Apr/2012:11:21:30 -0700] "GET /favicon.ico HTTP/1.1" 404 142 "-" "Caffeinated/1.1.1 CFNetwork/520.3.2 Darwin/11.3.0 (x86_64) (MacBookPro8%2C1)"
141.0.10.60 - - [05/Apr/2012:11:22:25 -0700] "-" 400 0 "-" "-"
184.191.224.10 - - [05/Apr/2012:11:22:29 -0700] "GET / HTTP/1.1" 200 1430 "-" "Caffeinated/1.1.1 CFNetwork/520.3.2 Darwin/11.3.0 (x86_64) (MacBookPro8%2C1)"
184.191.224.10 - - [05/Apr/2012:11:22:29 -0700] "GET /favicon.ico HTTP/1.1" 404 142 "-" "Caffeinated/1.1.1 CFNetwork/520.3.2 Darwin/11.3.0 (x86_64) (MacBookPro8%2C1)"
184.191.224.10 - - [05/Apr/2012:11:23:05 -0700] "GET / HTTP/1.1" 200 1430 "-" "Caffeinated/1.1.1 CFNetwork/520.3.2 Darwin/11.3.0 (x86_64) (MacBookPro8%2C1)"
184.191.224.10 - - [05/Apr/2012:11:23:05 -0700] "GET /favicon.ico HTTP/1.1" 404 142 "-" "Caffeinated/1.1.1 CFNetwork/520.3.2 Darwin/11.3.0 (x86_64) (MacBookPro8%2C1)"
67.215.230.28 - - [05/Apr/2012:11:23:11 -0700] "GET /robots.txt HTTP/1.0" 404 169 "-" "Setooz/Nutch-1.2 (http://www.setooz.com)"
67.215.230.28 - - [05/Apr/2012:11:23:11 -0700] "GET /stories HTTP/1.0" 301 185 "-" "Setooz/Nutch-1.2 (http://www.setooz.com)"
67.215.230.27 - - [05/Apr/2012:11:23:16 -0700] "GET /robots.txt HTTP/1.0" 404 169 "-" "Setooz/Nutch-1.2 (http://www.setooz.com)"
67.215.230.27 - - [05/Apr/2012:11:23:16 -0700] "GET / HTTP/1.0" 200 3439 "-" "Setooz/Nutch-1.2 (http://www.setooz.com)"
