207.46.12.73 - - [13/Mar/2012:13:31:16 -0700] "-" 400 0 "-" "-"
207.46.12.73 - - [13/Mar/2012:13:31:17 -0700] "-" 400 0 "-" "-"
207.46.12.73 - - [13/Mar/2012:13:31:17 -0700] "-" 400 0 "-" "-"
207.46.12.73 - - [13/Mar/2012:13:31:17 -0700] "-" 400 0 "-" "-"
207.46.12.73 - - [13/Mar/2012:13:31:17 -0700] "-" 400 0 "-" "-"
207.46.12.73 - - [13/Mar/2012:13:31:59 -0700] "-" 400 0 "-" "-"
66.249.67.123 - - [13/Mar/2012:13:34:17 -0700] "GET /robots.txt HTTP/1.1" 404 142 "-" "Mozilla/5.0 (compatible; Googlebot/2.1; +http://www.google.com/bot.html)"
66.249.67.123 - - [13/Mar/2012:13:34:18 -0700] "GET /blog/ HTTP/1.1" 200 9193 "-" "Mozilla/5.0 (compatible; Googlebot/2.1; +http://www.google.com/bot.html)"
85.17.88.169 - - [13/Mar/2012:13:34:20 -0700] "POST /blog/wp-cron.php?doing_wp_cron=1331670759 HTTP/1.0" 499 0 "-" "WordPress/3.3.1; http://yuvi.in/blog"
66.249.67.123 - - [13/Mar/2012:13:34:20 -0700] "GET /blog/tag/php/ HTTP/1.1" 200 4535 "-" "Mozilla/5.0 (compatible; Googlebot/2.1; +http://www.google.com/bot.html)"
123.125.71.22 - - [13/Mar/2012:13:34:56 -0700] "GET / HTTP/1.1" 200 3439 "-" "Mozilla/5.0 (compatible; Baiduspider/2.0; +http://www.baidu.com/search/spider.html)"
220.181.108.90 - - [13/Mar/2012:13:35:32 -0700] "GET / HTTP/1.1" 200 3439 "-" "Mozilla/5.0 (compatible; Baiduspider/2.0; +http://www.baidu.com/search/spider.html)"
187.23.63.187 - - [13/Mar/2012:13:36:18 -0700] "GET /blog/ HTTP/1.1" 200 33162 "-" "Mozilla/5.0 (compatible; Googlebot/2.1; +http://www.google.com/bot.html)"
85.17.88.169 - - [13/Mar/2012:13:41:33 -0700] "POST /blog/wp-cron.php?doing_wp_cron=1331671193 HTTP/1.0" 499 0 "-" "WordPress/3.3.1; http://yuvi.in/blog"
187.75.227.192 - - [13/Mar/2012:13:41:34 -0700] "GET /blog/category/code/ HTTP/1.1" 200 38704 "-" "Mozilla/5.0 (compatible; Googlebot/2.1; +http://www.google.com/bot.html)"
77.24.95.155 - - [13/Mar/2012:13:43:17 -0700] "GET / HTTP/1.1" 200 1430 "-" "Mozilla/5.0 (Windows NT 6.1; WOW64; rv:10.0.2) Gecko/20100101 Firefox/10.0.2"
77.24.95.155 - - [13/Mar/2012:13:43:17 -0700] "GET /blueprint/screen.css HTTP/1.1" 200 12058 "http://yuvi.in/" "Mozilla/5.0 (Windows NT 6.1; WOW64; rv:10.0.2) Gecko/20100101 Firefox/10.0.2"
77.24.95.155 - - [13/Mar/2012:13:43:17 -0700] "GET /header.png HTTP/1.1" 200 14249 "http://yuvi.in/" "Mozilla/5.0 (Windows NT 6.1; WOW64; rv:10.0.2) Gecko/20100101 Firefox/10.0.2"
77.24.95.155 - - [13/Mar/2012:13:43:17 -0700] "GET /blueprint/print.css HTTP/1.1" 200 1284 "http://yuvi.in/" "Mozilla/5.0 (Windows NT 6.1; WOW64; rv:10.0.2) Gecko/20100101 Firefox/10.0.2"
207.46.12.74 - - [13/Mar/2012:13:47:45 -0700] "-" 400 0 "-" "-"
207.46.12.74 - - [13/Mar/2012:13:47:45 -0700] "-" 400 0 "-" "-"
207.46.12.74 - - [13/Mar/2012:13:47:46 -0700] "-" 400 0 "-" "-"
207.46.12.74 - - [13/Mar/2012:13:47:47 -0700] "-" 400 0 "-" "-"
207.46.12.74 - - [13/Mar/2012:13:47:47 -0700] "-" 400 0 "-" "-"
207.46.12.74 - - [13/Mar/2012:13:47:49 -0700] "-" 400 0 "-" "-"
207.46.12.74 - - [13/Mar/2012:13:47:49 -0700] "-" 400 0 "-" "-"
207.46.12.74 - - [13/Mar/2012:13:47:49 -0700] "-" 400 0 "-" "-"
207.46.12.74 - - [13/Mar/2012:13:47:49 -0700] "-" 400 0 "-" "-"
207.46.12.74 - - [13/Mar/2012:13:47:49 -0700] "-" 400 0 "-" "-"
92.90.23.33 - - [13/Mar/2012:13:48:11 -0700] "GET /r/1va HTTP/1.1" 301 255 "-" "Mozilla/5.0 (iPhone; CPU iPhone OS 5_0_1 like Mac OS X) AppleWebKit/534.46 (KHTML, like Gecko) Mobile/9A406"
92.90.23.33 - - [13/Mar/2012:13:48:12 -0700] "GET /s/ta/1va/ HTTP/1.1" 302 409 "-" "Mozilla/5.0 (iPhone; CPU iPhone OS 5_0_1 like Mac OS X) AppleWebKit/534.46 (KHTML, like Gecko) Mobile/9A406"
85.17.88.169 - - [13/Mar/2012:13:51:52 -0700] "POST /blog/wp-cron.php?doing_wp_cron=1331671812 HTTP/1.0" 499 0 "-" "WordPress/3.3.1; http://yuvi.in/blog"
209.85.224.91 - - [13/Mar/2012:13:51:53 -0700] "GET /blog/feed HTTP/1.1" 304 0 "-" "FeedBurner/1.0 (http://www.FeedBurner.com)"
66.249.67.123 - - [13/Mar/2012:13:52:42 -0700] "GET /stories/ HTTP/1.1" 200 1271 "-" "Mozilla/5.0 (compatible; Googlebot/2.1; +http://www.google.com/bot.html)"
85.17.88.169 - - [13/Mar/2012:13:53:09 -0700] "POST /blog/wp-cron.php?doing_wp_cron=1331671888 HTTP/1.0" 499 0 "-" "WordPress/3.3.1; http://yuvi.in/blog"
207.46.13.98 - - [13/Mar/2012:13:53:10 -0700] "GET /blog/what-stop-child-athiest/ HTTP/1.1" 200 6093 "-" "Mozilla/5.0 (compatible; bingbot/2.0; +http://www.bing.com/bingbot.htm)"
66.249.68.52 - - [13/Mar/2012:13:53:26 -0700] "GET /robots.txt HTTP/1.1" 404 211 "-" "Mozilla/5.0 (compatible; Googlebot/2.1; +http://www.google.com/bot.html)"
66.249.68.52 - - [13/Mar/2012:13:53:26 -0700] "GET /r/7pz HTTP/1.1" 301 255 "-" "Mozilla/5.0 (compatible; Googlebot/2.1; +http://www.google.com/bot.html)"
66.249.68.52 - - [13/Mar/2012:13:53:27 -0700] "GET /s/ta/7pz/ HTTP/1.1" 302 373 "-" "Mozilla/5.0 (compatible; Googlebot/2.1; +http://www.google.com/bot.html)"
85.17.88.169 - - [13/Mar/2012:13:54:09 -0700] "POST /blog/wp-cron.php?doing_wp_cron=1331671948 HTTP/1.0" 499 0 "-" "WordPress/3.3.1; http://yuvi.in/blog"
209.85.238.115 - - [13/Mar/2012:13:54:09 -0700] "GET /blog/feed/ HTTP/1.1" 304 0 "-" "Feedfetcher-Google; (+http://www.google.com/feedfetcher.html; 19 subscribers; feed-id=15064232456473204253)"
207.46.199.54 - - [13/Mar/2012:13:56:39 -0700] "GET /robots.txt HTTP/1.1" 404 238 "-" "Mozilla/5.0 (compatible; bingbot/2.0; +http://www.bing.com/bingbot.htm)"
88.170.109.69 - - [13/Mar/2012:14:00:41 -0700] "GET /r/ukd HTTP/1.1" 301 255 "http://ta.wikipedia.org/wiki/%E0%AE%A4%E0%AF%8A%E0%AE%B4%E0%AE%BF%E0%AE%B2%E0%AF%8D%E0%AE%AE%E0%AE%AF%E0%AE%AE%E0%AE%BE%E0%AE%A4%E0%AE%B2%E0%AF%8D" "Mozilla/5.0 (Windows NT 6.0) AppleWebKit/535.11 (KHTML, like Gecko) Chrome/17.0.963.79 Safari/535.11"
88.170.109.69 - - [13/Mar/2012:14:00:41 -0700] "GET /s/ta/ukd/ HTTP/1.1" 302 421 "http://ta.wikipedia.org/wiki/%E0%AE%A4%E0%AF%8A%E0%AE%B4%E0%AE%BF%E0%AE%B2%E0%AF%8D%E0%AE%AE%E0%AE%AF%E0%AE%AE%E0%AE%BE%E0%AE%A4%E0%AE%B2%E0%AF%8D" "Mozilla/5.0 (Windows NT 6.0) AppleWebKit/535.11 (KHTML, like Gecko) Chrome/17.0.963.79 Safari/535.11"
209.85.224.90 - - [13/Mar/2012:14:00:53 -0700] "GET /stories/feed HTTP/1.1" 200 13653 "-" "FeedBurner/1.0 (http://www.FeedBurner.com)"
85.17.88.169 - - [13/Mar/2012:14:02:10 -0700] "POST /blog/wp-cron.php?doing_wp_cron=1331672430 HTTP/1.0" 499 0 "-" "WordPress/3.3.1; http://yuvi.in/blog"
209.85.238.115 - - [13/Mar/2012:14:02:11 -0700] "GET /blog/feed HTTP/1.1" 301 0 "-" "Feedfetcher-Google; (+http://www.google.com/feedfetcher.html; 3 subscribers; feed-id=17684830852112633560)"
85.17.88.169 - - [13/Mar/2012:14:02:13 -0700] "POST /blog/wp-cron.php?doing_wp_cron=1331672432 HTTP/1.0" 499 0 "-" "WordPress/3.3.1; http://yuvi.in/blog"
209.85.238.115 - - [13/Mar/2012:14:02:13 -0700] "GET /blog/feed/ HTTP/1.1" 304 0 "-" "Feedfetcher-Google; (+http://www.google.com/feedfetcher.html; 3 subscribers; feed-id=17684830852112633560)"
85.17.88.169 - - [13/Mar/2012:14:04:42 -0700] "POST /blog/wp-cron.php?doing_wp_cron=1331672581 HTTP/1.0" 499 0 "-" "WordPress/3.3.1; http://yuvi.in/blog"
101.226.33.174 - - [13/Mar/2012:14:04:43 -0700] "GET /blog/feed HTTP/1.0" 304 0 "-" "Mozilla/4.0 (compatible; Windows;)"
85.17.88.169 - - [13/Mar/2012:14:06:16 -0700] "POST /blog/wp-cron.php?doing_wp_cron=1331672675 HTTP/1.0" 499 0 "-" "WordPress/3.3.1; http://yuvi.in/blog"
79.112.56.53 - - [13/Mar/2012:14:06:17 -0700] "GET /blog/2011/08/ HTTP/1.0" 200 55626 "-" "Mozilla/5.0 (Windows; U; Windows NT 6.0; en-US; rv:1.9b5) Gecko/2008032620 Firefox/3.0b5"
67.215.230.27 - - [13/Mar/2012:14:09:43 -0700] "GET /robots.txt HTTP/1.0" 404 169 "-" "Setooz/Nutch-1.2 (http://www.setooz.com)"
67.215.230.27 - - [13/Mar/2012:14:09:43 -0700] "GET /stories HTTP/1.0" 301 185 "-" "Setooz/Nutch-1.2 (http://www.setooz.com)"
124.115.6.10 - - [13/Mar/2012:14:09:45 -0700] "GET /robots.txt HTTP/1.1" 404 142 "-" "Sosospider+(+http://help.soso.com/webspider.htm)"
67.215.230.28 - - [13/Mar/2012:14:09:59 -0700] "GET /robots.txt HTTP/1.0" 404 169 "-" "Setooz/Nutch-1.2 (http://www.setooz.com)"
67.215.230.28 - - [13/Mar/2012:14:09:59 -0700] "GET / HTTP/1.0" 200 3439 "-" "Setooz/Nutch-1.2 (http://www.setooz.com)"
66.249.68.52 - - [13/Mar/2012:14:10:03 -0700] "GET /r/2v65 HTTP/1.1" 301 257 "-" "Mozilla/5.0 (compatible; Googlebot/2.1; +http://www.google.com/bot.html)"
66.249.68.52 - - [13/Mar/2012:14:10:04 -0700] "GET /s/ta/2v65/ HTTP/1.1" 302 337 "-" "Mozilla/5.0 (compatible; Googlebot/2.1; +http://www.google.com/bot.html)"
180.76.6.29 - - [13/Mar/2012:14:10:23 -0700] "GET /blog/my-involvement-in-novelrace.html HTTP/1.1" 304 0 "-" "Mozilla/5.0 (compatible; Baiduspider/2.0; +http://www.baidu.com/search/spider.html)"
157.55.17.146 - - [13/Mar/2012:14:11:08 -0700] "GET /robots.txt HTTP/1.1" 404 169 "-" "Mozilla/5.0 (compatible; bingbot/2.0; +http://www.bing.com/bingbot.htm)"
85.17.88.169 - - [13/Mar/2012:14:11:21 -0700] "POST /blog/wp-cron.php?doing_wp_cron=1331672980 HTTP/1.0" 499 0 "-" "WordPress/3.3.1; http://yuvi.in/blog"
157.55.17.146 - - [13/Mar/2012:14:11:22 -0700] "GET /blog/story-average-indian-techie/?src=hn HTTP/1.1" 200 15981 "-" "Mozilla/5.0 (compatible; bingbot/2.0; +http://www.bing.com/bingbot.htm)"
208.115.111.68 - - [13/Mar/2012:14:18:37 -0700] "GET /robots.txt HTTP/1.1" 404 169 "-" "Mozilla/5.0 (compatible; Ezooms/1.0; ezooms.bot@gmail.com)"
209.85.224.93 - - [13/Mar/2012:14:21:58 -0700] "GET /blog/feed HTTP/1.1" 304 0 "-" "FeedBurner/1.0 (http://www.FeedBurner.com)"
109.230.244.146 - - [13/Mar/2012:14:27:05 -0700] "GET /blog/devlog-april-2011.html HTTP/1.0" 200 12560 "http://yuvi.in/blog/devlog-april-2011.html" "Mozilla/5.0 (Windows; U; Windows NT 5.1; en-US; rv:1.9.0.14) Gecko/2009082707 Firefox/3.0.14 (.NET CLR 3.5.30729)"
85.17.88.169 - - [13/Mar/2012:14:27:06 -0700] "POST /blog/wp-cron.php?doing_wp_cron=1331673925 HTTP/1.0" 499 0 "-" "WordPress/3.3.1; http://yuvi.in/blog"
85.17.88.169 - - [13/Mar/2012:14:27:06 -0700] "POST /blog/wp-cron.php?doing_wp_cron=1331673925 HTTP/1.0" 499 0 "-" "WordPress/3.3.1; http://yuvi.in/blog"
85.17.88.169 - - [13/Mar/2012:14:27:06 -0700] "POST /blog/wp-cron.php?doing_wp_cron=1331673925 HTTP/1.0" 499 0 "-" "WordPress/3.3.1; http://yuvi.in/blog"
85.17.88.169 - - [13/Mar/2012:14:27:06 -0700] "POST /blog/wp-cron.php?doing_wp_cron=1331673925 HTTP/1.0" 499 0 "-" "WordPress/3.3.1; http://yuvi.in/blog"
85.17.88.169 - - [13/Mar/2012:14:27:06 -0700] "POST /blog/wp-cron.php?doing_wp_cron=1331673925 HTTP/1.0" 499 0 "-" "WordPress/3.3.1; http://yuvi.in/blog"
85.17.88.169 - - [13/Mar/2012:14:27:06 -0700] "POST /blog/wp-cron.php?doing_wp_cron=1331673925 HTTP/1.0" 499 0 "-" "WordPress/3.3.1; http://yuvi.in/blog"
85.17.88.169 - - [13/Mar/2012:14:27:06 -0700] "POST /blog/wp-cron.php?doing_wp_cron=1331673925 HTTP/1.0" 499 0 "-" "WordPress/3.3.1; http://yuvi.in/blog"
85.17.88.169 - - [13/Mar/2012:14:27:06 -0700] "POST /blog/wp-cron.php?doing_wp_cron=1331673925 HTTP/1.0" 499 0 "-" "WordPress/3.3.1; http://yuvi.in/blog"
109.230.244.146 - - [13/Mar/2012:14:27:07 -0700] "GET /blog/devlog-april-2011.html&sa=U&ei=_HEnT8aoJeXo2AXmhcTUAg&ved=0CNMBEJgBMCs&usg=AFQjCNHl3SawDhjqBS5-ZQtT3GCojkJ11w HTTP/1.0" 404 12272 "http://yuvi.in/blog/devlog-april-2011.html&sa=U&ei=_HEnT8aoJeXo2AXmhcTUAg&ved=0CNMBEJgBMCs&usg=AFQjCNHl3SawDhjqBS5-ZQtT3GCojkJ11w" "Mozilla/5.0 (Windows; U; Windows NT 5.1; en-US; rv:1.9.0.14) Gecko/2009082707 Firefox/3.0.14 (.NET CLR 3.5.30729)"
109.230.244.146 - - [13/Mar/2012:14:27:07 -0700] "GET /blog/devlog-april-2011.html&sa=U&ei=jXEnT9nxDqfe2AWo8Mi_Ag&ved=0CMwBEJgBMCc&usg=AFQjCNHRxWBJBCcNgxRL6eW2IMHSb_GHGQ HTTP/1.0" 404 12272 "http://yuvi.in/blog/devlog-april-2011.html&sa=U&ei=jXEnT9nxDqfe2AWo8Mi_Ag&ved=0CMwBEJgBMCc&usg=AFQjCNHRxWBJBCcNgxRL6eW2IMHSb_GHGQ" "Mozilla/5.0 (Windows; U; Windows NT 6.1; en-US) AppleWebKit/532.2 (KHTML, like Gecko) Chrome/4.0.221.7 Safari/532.2"
109.230.244.146 - - [13/Mar/2012:14:27:07 -0700] "GET /blog/devlog-april-2011.html&sa=U&ei=3W0nT-T0D-aW2QXyxbC4Ag&ved=0CMEDEJgBMFs&usg=AFQjCNE7jBd9Cp_JDcwwZIpTCo3hBrWjbA HTTP/1.0" 404 12272 "http://yuvi.in/blog/devlog-april-2011.html&sa=U&ei=3W0nT-T0D-aW2QXyxbC4Ag&ved=0CMEDEJgBMFs&usg=AFQjCNE7jBd9Cp_JDcwwZIpTCo3hBrWjbA" "Mozilla/5.0 (X11; U; Linux i686; it-IT; rv:1.9.0.2) Gecko/2008092313 Ubuntu/9.25 (jaunty) Firefox/3.8"
109.230.244.146 - - [13/Mar/2012:14:27:07 -0700] "GET /blog/devlog-april-2011.html&sa=U&ei=LW0nT_mQGoKH2AXXooHEAg&ved=0CIgBEJgBMBo&usg=AFQjCNFeleaJRWAk6pAkzGVVGwzePpJu5w HTTP/1.0" 404 12272 "http://yuvi.in/blog/devlog-april-2011.html&sa=U&ei=LW0nT_mQGoKH2AXXooHEAg&ved=0CIgBEJgBMBo&usg=AFQjCNFeleaJRWAk6pAkzGVVGwzePpJu5w" "Opera/9.64(Windows NT 5.1; U; en) Presto/2.1.1"
109.230.244.146 - - [13/Mar/2012:14:27:07 -0700] "GET /blog/devlog-april-2011/&sa=U&ei=i3EnT6O1E8TC2wXX2vjmAg&ved=0CCcQmAEwAg&usg=AFQjCNElkMDt-Q9f7iVl_wFzCfcBHavCMA HTTP/1.0" 404 12272 "http://yuvi.in/blog/devlog-april-2011/&sa=U&ei=i3EnT6O1E8TC2wXX2vjmAg&ved=0CCcQmAEwAg&usg=AFQjCNElkMDt-Q9f7iVl_wFzCfcBHavCMA" "Mozilla/5.0 (Windows; U; Windows NT 5.1; pl; rv:1.9.1.3) Gecko/20090824 Firefox/3.5.3"
109.230.244.146 - - [13/Mar/2012:14:27:07 -0700] "GET /blog/devlog-april-2011.html&sa=U&ei=UnMnT-j8GsWq2gXHn_W_Ag&ved=0CFoQmAEwDg&usg=AFQjCNEi9SXWhr1RWUVXd5QNtMZup9IWTg HTTP/1.0" 404 12272 "http://yuvi.in/blog/devlog-april-2011.html&sa=U&ei=UnMnT-j8GsWq2gXHn_W_Ag&ved=0CFoQmAEwDg&usg=AFQjCNEi9SXWhr1RWUVXd5QNtMZup9IWTg" "Mozilla/5.0 (X11; U; Linux i686; it-IT; rv:1.9.0.2) Gecko/2008092313 Ubuntu/9.25 (jaunty) Firefox/3.8"
109.230.244.146 - - [13/Mar/2012:14:27:07 -0700] "GET /blog/devlog-april-2011.html&sa=U&ei=ZGwnT9bFLIPq2AXQ9oXJAg&ved=0CGgQmAEwEA&usg=AFQjCNHSS7OwcJIwqSjjZdGbcJWgJ1-1wQ HTTP/1.0" 404 12272 "http://yuvi.in/blog/devlog-april-2011.html&sa=U&ei=ZGwnT9bFLIPq2AXQ9oXJAg&ved=0CGgQmAEwEA&usg=AFQjCNHSS7OwcJIwqSjjZdGbcJWgJ1-1wQ" "Opera/9.64(Windows NT 5.1; U; en) Presto/2.1.1"
109.230.244.146 - - [13/Mar/2012:14:27:07 -0700] "GET /blog/devlog-december-5-2011/ HTTP/1.0" 200 17970 "http://yuvi.in/blog/devlog-december-5-2011/" "Mozilla/4.0 (compatible; MSIE 8.0; Windows NT 6.1; WOW64; Trident/4.0; SLCC2; Media Center PC 6.0; InfoPath.2; MS-RTC LM 8)"
109.230.244.146 - - [13/Mar/2012:14:27:07 -0700] "GET /blog/devlog-december-5-2011/&sa=U&ei=k2QnT-adJqbe2AWfwazRAg&ved=0CJoBEJgBMBw&usg=AFQjCNG296Vi_2GEPEhxAq5Auot8eIfGXQ HTTP/1.0" 404 12272 "http://yuvi.in/blog/devlog-december-5-2011/&sa=U&ei=k2QnT-adJqbe2AWfwazRAg&ved=0CJoBEJgBMBw&usg=AFQjCNG296Vi_2GEPEhxAq5Auot8eIfGXQ" "Mozilla/4.0 (compatible; MSIE 8.0; Windows NT 6.1; WOW64; Trident/4.0; SLCC2; Media Center PC 6.0; InfoPath.2; MS-RTC LM 8)"
85.17.88.169 - - [13/Mar/2012:14:27:07 -0700] "POST /blog/wp-cron.php?doing_wp_cron=1331673926 HTTP/1.0" 499 0 "-" "WordPress/3.3.1; http://yuvi.in/blog"
85.17.88.169 - - [13/Mar/2012:14:27:07 -0700] "POST /blog/wp-cron.php?doing_wp_cron=1331673926 HTTP/1.0" 499 0 "-" "WordPress/3.3.1; http://yuvi.in/blog"
109.230.244.146 - - [13/Mar/2012:14:27:08 -0700] "GET /blog/devlog-december-5-2011/&sa=U&ei=02MnT7qjH-qw2QXzj6XBBA&ved=0CMsBEJgBMCg4ZA&usg=AFQjCNHQn4ZsDKovH3xUuRP4JbuvOmvQGQ HTTP/1.0" 404 12272 "http://yuvi.in/blog/devlog-december-5-2011/&sa=U&ei=02MnT7qjH-qw2QXzj6XBBA&ved=0CMsBEJgBMCg4ZA&usg=AFQjCNHQn4ZsDKovH3xUuRP4JbuvOmvQGQ" "Mozilla/5.0 (X11; U; Linux i686; it-IT; rv:1.9.0.2) Gecko/2008092313 Ubuntu/9.25 (jaunty) Firefox/3.8"
109.230.244.146 - - [13/Mar/2012:14:27:08 -0700] "GET /blog/devlog-december-5-2011/&sa=U&ei=jWwnT9PwNYjs2QW70ZnbAg&ved=0CLECEJgBMD8&usg=AFQjCNGXWRnwd4-HecfJbo-CNy5ct7Iyzw HTTP/1.0" 404 12272 "http://yuvi.in/blog/devlog-december-5-2011/&sa=U&ei=jWwnT9PwNYjs2QW70ZnbAg&ved=0CLECEJgBMD8&usg=AFQjCNGXWRnwd4-HecfJbo-CNy5ct7Iyzw" "Mozilla/5.0 (Windows; U; Windows NT 5.1; en-US; rv:1.9.0.14) Gecko/2009082707 Firefox/3.0.14 (.NET CLR 3.5.30729)"
85.17.88.169 - - [13/Mar/2012:14:27:09 -0700] "POST /blog/wp-cron.php?doing_wp_cron=1331673928 HTTP/1.0" 499 0 "-" "WordPress/3.3.1; http://yuvi.in/blog"
85.17.88.169 - - [13/Mar/2012:14:27:09 -0700] "POST /blog/wp-cron.php?doing_wp_cron=1331673928 HTTP/1.0" 499 0 "-" "WordPress/3.3.1; http://yuvi.in/blog"
85.17.88.169 - - [13/Mar/2012:14:27:09 -0700] "POST /blog/wp-cron.php?doing_wp_cron=1331673928 HTTP/1.0" 499 0 "-" "WordPress/3.3.1; http://yuvi.in/blog"
85.17.88.169 - - [13/Mar/2012:14:27:09 -0700] "POST /blog/wp-cron.php?doing_wp_cron=1331673928 HTTP/1.0" 499 0 "-" "WordPress/3.3.1; http://yuvi.in/blog"
85.17.88.169 - - [13/Mar/2012:14:27:09 -0700] "POST /blog/wp-cron.php?doing_wp_cron=1331673928 HTTP/1.0" 499 0 "-" "WordPress/3.3.1; http://yuvi.in/blog"
109.230.244.146 - - [13/Mar/2012:14:27:09 -0700] "GET /blog/devlog-december-5-2011/&sa=U&ei=pnEnT_WqJMmi2gX3tYTeAg&ved=0CKgDEJgBMFY&usg=AFQjCNG_-_St6nOiif8lMMQy1kD_hDKlPQ HTTP/1.0" 404 12272 "http://yuvi.in/blog/devlog-december-5-2011/&sa=U&ei=pnEnT_WqJMmi2gX3tYTeAg&ved=0CKgDEJgBMFY&usg=AFQjCNG_-_St6nOiif8lMMQy1kD_hDKlPQ" "Mozilla/5.0 (Windows; U; Windows NT 6.1; en-GB; rv:1.9.1.3) Gecko/20090824 Firefox/3.5.3"
109.230.244.146 - - [13/Mar/2012:14:27:09 -0700] "GET /blog/devlog-may-2011/&sa=U&ei=tmcnT-WMMoHs2QWS-fjSAg&ved=0CM4CEJgBMEI&usg=AFQjCNHctvU81yZkVNjr2FOLPaWH61VP2w HTTP/1.0" 404 12272 "http://yuvi.in/blog/devlog-may-2011/&sa=U&ei=tmcnT-WMMoHs2QWS-fjSAg&ved=0CM4CEJgBMEI&usg=AFQjCNHctvU81yZkVNjr2FOLPaWH61VP2w" "Mozilla/5.0 (X11; U; Linux i686; it-IT; rv:1.9.0.2) Gecko/2008092313 Ubuntu/9.25 (jaunty) Firefox/3.8"
109.230.244.146 - - [13/Mar/2012:14:27:09 -0700] "GET /blog/devlog-may-2011/&sa=U&ei=Jm4nT4XYL6W02AX97ZTqAg&ved=0CKwCEJgBMDs&usg=AFQjCNGKxARWHU9oO3PHW13Yx1e3t9Tm0g HTTP/1.0" 404 12272 "http://yuvi.in/blog/devlog-may-2011/&sa=U&ei=Jm4nT4XYL6W02AX97ZTqAg&ved=0CKwCEJgBMDs&usg=AFQjCNGKxARWHU9oO3PHW13Yx1e3t9Tm0g" "Mozilla/4.0 (compatible; MSIE 8.0; Windows NT 6.1; WOW64; Trident/4.0; SLCC2; Media Center PC 6.0; InfoPath.2; MS-RTC LM 8)"
109.230.244.146 - - [13/Mar/2012:14:27:09 -0700] "GET /blog/devlog-may-2011/&sa=U&ei=YGknT46VIOe-2gXOifDYAg&ved=0CKkDEJgBMFk&usg=AFQjCNFcI2_ninbUz43CybzBp1RypWcbWg HTTP/1.0" 404 12272 "http://yuvi.in/blog/devlog-may-2011/&sa=U&ei=YGknT46VIOe-2gXOifDYAg&ved=0CKkDEJgBMFk&usg=AFQjCNFcI2_ninbUz43CybzBp1RypWcbWg" "Mozilla/5.0 (X11; U; Linux i686; it-IT; rv:1.9.0.2) Gecko/2008092313 Ubuntu/9.25 (jaunty) Firefox/3.8"
109.230.244.146 - - [13/Mar/2012:14:27:09 -0700] "GET /blog/devlog-may-2011/ HTTP/1.0" 200 22906 "http://yuvi.in/blog/devlog-may-2011/" "Mozilla/5.0 (Windows; U; Windows NT 5.1; de; rv:1.9.1.3) Gecko/20090824 Firefox/3.5.3 (.NET CLR 3.5.30729)"
69.171.228.244 - - [13/Mar/2012:14:27:21 -0700] "GET /r/tpn HTTP/1.1" 301 255 "-" "facebookexternalhit/1.1 (+http://www.facebook.com/externalhit_uatext.php)"
69.171.228.250 - - [13/Mar/2012:14:27:22 -0700] "GET /s/ta/tpn/ HTTP/1.1" 302 313 "-" "facebookexternalhit/1.1 (+http://www.facebook.com/externalhit_uatext.php)"
207.46.204.169 - - [13/Mar/2012:14:34:41 -0700] "-" 400 0 "-" "-"
207.46.204.169 - - [13/Mar/2012:14:34:45 -0700] "-" 400 0 "-" "-"
207.46.204.169 - - [13/Mar/2012:14:34:46 -0700] "-" 400 0 "-" "-"
207.46.204.169 - - [13/Mar/2012:14:34:46 -0700] "-" 400 0 "-" "-"
207.46.204.169 - - [13/Mar/2012:14:34:47 -0700] "-" 400 0 "-" "-"
207.46.204.169 - - [13/Mar/2012:14:34:47 -0700] "-" 400 0 "-" "-"
207.46.204.169 - - [13/Mar/2012:14:34:47 -0700] "-" 400 0 "-" "-"
207.46.204.169 - - [13/Mar/2012:14:34:48 -0700] "-" 400 0 "-" "-"
207.46.204.169 - - [13/Mar/2012:14:34:48 -0700] "-" 400 0 "-" "-"
207.46.204.169 - - [13/Mar/2012:14:34:49 -0700] "-" 400 0 "-" "-"
85.17.88.169 - - [13/Mar/2012:14:35:01 -0700] "POST /blog/wp-cron.php?doing_wp_cron=1331674400 HTTP/1.0" 499 0 "-" "WordPress/3.3.1; http://yuvi.in/blog"
208.115.113.84 - - [13/Mar/2012:14:35:01 -0700] "GET /blog/blogging-from-under-the-table-during-class/feed/ HTTP/1.1" 200 816 "-" "Mozilla/5.0 (compatible; Ezooms/1.0; ezooms.bot@gmail.com)"
208.115.113.84 - - [13/Mar/2012:14:35:05 -0700] "GET /blog/carrier-error.html HTTP/1.1" 200 5596 "-" "Mozilla/5.0 (compatible; Ezooms/1.0; ezooms.bot@gmail.com)"
207.46.204.169 - - [13/Mar/2012:14:35:09 -0700] "-" 400 0 "-" "-"
85.17.88.169 - - [13/Mar/2012:14:41:27 -0700] "POST /blog/wp-cron.php?doing_wp_cron=1331674786 HTTP/1.0" 499 0 "-" "WordPress/3.3.1; http://yuvi.in/blog"
87.68.34.215 - - [13/Mar/2012:14:41:28 -0700] "GET /blog/ HTTP/1.0" 200 33142 "http://yuvi.in/blog/" "Mozilla/4.0 (compatible; MSIE 6.0; Windows NT 5.1; MRA 4.3 (build 01218); .NET CLR 1.1.4322)"
220.161.150.130 - - [13/Mar/2012:14:43:54 -0700] "GET /blog/ HTTP/1.0" 200 33162 "http://yuvi.in/blog/" "Mozilla/4.0 (compatible; MSIE 5.0; Windows 2000) Opera 6.0 [en]"
69.171.234.7 - - [13/Mar/2012:14:44:04 -0700] "GET /r/p0f HTTP/1.1" 301 255 "-" "facebookexternalhit/1.1 (+http://www.facebook.com/externalhit_uatext.php)"
69.171.234.5 - - [13/Mar/2012:14:44:04 -0700] "GET /s/ta/p0f/ HTTP/1.1" 302 433 "-" "facebookexternalhit/1.1 (+http://www.facebook.com/externalhit_uatext.php)"
85.17.88.169 - - [13/Mar/2012:14:52:07 -0700] "POST /blog/wp-cron.php?doing_wp_cron=1331675426 HTTP/1.0" 499 0 "-" "WordPress/3.3.1; http://yuvi.in/blog"
209.85.224.97 - - [13/Mar/2012:14:52:07 -0700] "GET /blog/feed HTTP/1.1" 304 0 "-" "FeedBurner/1.0 (http://www.FeedBurner.com)"
85.17.88.169 - - [13/Mar/2012:14:53:45 -0700] "POST /blog/wp-cron.php?doing_wp_cron=1331675524 HTTP/1.0" 499 0 "-" "WordPress/3.3.1; http://yuvi.in/blog"
180.76.5.141 - - [13/Mar/2012:14:53:46 -0700] "GET /blog/2010/04/ HTTP/1.1" 200 7656 "-" "Mozilla/5.0 (compatible; Baiduspider/2.0; +http://www.baidu.com/search/spider.html)"
92.90.23.40 - - [13/Mar/2012:14:57:05 -0700] "GET /r/23z HTTP/1.1" 301 255 "-" "Mozilla/5.0 (iPhone; CPU iPhone OS 5_0_1 like Mac OS X) AppleWebKit/534.46 (KHTML, like Gecko) Mobile/9A406"
92.90.23.40 - - [13/Mar/2012:14:57:06 -0700] "GET /s/ta/23z/ HTTP/1.1" 302 397 "-" "Mozilla/5.0 (iPhone; CPU iPhone OS 5_0_1 like Mac OS X) AppleWebKit/534.46 (KHTML, like Gecko) Mobile/9A406"
69.171.242.250 - - [13/Mar/2012:14:58:50 -0700] "GET /r/p0f HTTP/1.1" 301 255 "-" "facebookexternalhit/1.1 (+http://www.facebook.com/externalhit_uatext.php)"
69.171.242.249 - - [13/Mar/2012:14:58:50 -0700] "GET /s/ta/p0f/ HTTP/1.1" 302 433 "-" "facebookexternalhit/1.1 (+http://www.facebook.com/externalhit_uatext.php)"
209.85.224.91 - - [13/Mar/2012:15:00:55 -0700] "GET /stories/feed HTTP/1.1" 200 13653 "-" "FeedBurner/1.0 (http://www.FeedBurner.com)"
85.17.88.169 - - [13/Mar/2012:15:02:09 -0700] "POST /blog/wp-cron.php?doing_wp_cron=1331676028 HTTP/1.0" 499 0 "-" "WordPress/3.3.1; http://yuvi.in/blog"
209.85.238.115 - - [13/Mar/2012:15:02:10 -0700] "GET /blog/feed/ HTTP/1.1" 304 0 "-" "Feedfetcher-Google; (+http://www.google.com/feedfetcher.html; 19 subscribers; feed-id=15064232456473204253)"
85.17.88.169 - - [13/Mar/2012:15:05:31 -0700] "POST /blog/wp-cron.php?doing_wp_cron=1331676229 HTTP/1.0" 499 0 "-" "WordPress/3.3.1; http://yuvi.in/blog"
209.85.238.115 - - [13/Mar/2012:15:05:31 -0700] "GET /blog/feed HTTP/1.1" 301 0 "-" "Feedfetcher-Google; (+http://www.google.com/feedfetcher.html; 3 subscribers; feed-id=17684830852112633560)"
85.17.88.169 - - [13/Mar/2012:15:05:33 -0700] "POST /blog/wp-cron.php?doing_wp_cron=1331676232 HTTP/1.0" 499 0 "-" "WordPress/3.3.1; http://yuvi.in/blog"
209.85.238.115 - - [13/Mar/2012:15:05:33 -0700] "GET /blog/feed/ HTTP/1.1" 304 0 "-" "Feedfetcher-Google; (+http://www.google.com/feedfetcher.html; 3 subscribers; feed-id=17684830852112633560)"
64.71.32.28 - - [13/Mar/2012:15:17:15 -0700] "GET /blog/ HTTP/1.0" 200 33162 "-" "Mozilla/5.0 (compatible; bingbot/2.0; +http://www.bing.com/bingbot.htm)"
85.17.88.169 - - [13/Mar/2012:15:22:17 -0700] "POST /blog/wp-cron.php?doing_wp_cron=1331677236 HTTP/1.0" 499 0 "-" "WordPress/3.3.1; http://yuvi.in/blog"
209.85.224.90 - - [13/Mar/2012:15:22:18 -0700] "GET /blog/feed HTTP/1.1" 304 0 "-" "FeedBurner/1.0 (http://www.FeedBurner.com)"
85.17.88.169 - - [13/Mar/2012:15:22:19 -0700] "POST /blog/wp-cron.php?doing_wp_cron=1331677237 HTTP/1.0" 499 0 "-" "WordPress/3.3.1; http://yuvi.in/blog"
97.117.105.100 - - [13/Mar/2012:15:22:19 -0700] "GET /blog/favicon.ico HTTP/1.1" 404 3016 "-" "Mozilla/5.0 (Windows NT 5.1; rv:10.0.2) Gecko/20100101 Firefox/10.0.2"
69.171.229.247 - - [13/Mar/2012:15:22:44 -0700] "GET /r/p0f HTTP/1.1" 301 255 "-" "facebookexternalhit/1.1 (+http://www.facebook.com/externalhit_uatext.php)"
69.171.229.249 - - [13/Mar/2012:15:22:44 -0700] "GET /s/ta/p0f/ HTTP/1.1" 302 433 "-" "facebookexternalhit/1.1 (+http://www.facebook.com/externalhit_uatext.php)"
115.184.250.66 - - [13/Mar/2012:15:28:17 -0700] "GET /r/sgn HTTP/1.1" 301 255 "http://ta.wikipedia.org/wiki/%E0%AE%AA%E0%AE%95%E0%AF%81%E0%AE%AA%E0%AF%8D%E0%AE%AA%E0%AF%81:%E0%AE%95%E0%AE%BE%E0%AE%AE%E0%AE%AE%E0%AF%8D" "Mozilla/4.0 (compatible; MSIE 6.0; Windows NT 5.1; SV1; InfoPath.2)"
115.184.250.66 - - [13/Mar/2012:15:28:18 -0700] "GET /s/ta/sgn/ HTTP/1.1" 302 411 "http://ta.wikipedia.org/wiki/%E0%AE%AA%E0%AE%95%E0%AF%81%E0%AE%AA%E0%AF%8D%E0%AE%AA%E0%AF%81:%E0%AE%95%E0%AE%BE%E0%AE%AE%E0%AE%AE%E0%AF%8D" "Mozilla/4.0 (compatible; MSIE 6.0; Windows NT 5.1; SV1; InfoPath.2)"
69.171.242.249 - - [13/Mar/2012:15:28:18 -0700] "GET /r/p0f HTTP/1.1" 301 255 "-" "facebookexternalhit/1.1 (+http://www.facebook.com/externalhit_uatext.php)"
69.171.242.248 - - [13/Mar/2012:15:28:19 -0700] "GET /s/ta/p0f/ HTTP/1.1" 302 433 "-" "facebookexternalhit/1.1 (+http://www.facebook.com/externalhit_uatext.php)"
69.171.242.249 - - [13/Mar/2012:15:31:24 -0700] "GET /r/p0f HTTP/1.1" 301 255 "-" "facebookexternalhit/1.1 (+http://www.facebook.com/externalhit_uatext.php)"
69.171.242.245 - - [13/Mar/2012:15:31:24 -0700] "GET /s/ta/p0f/ HTTP/1.1" 302 433 "-" "facebookexternalhit/1.1 (+http://www.facebook.com/externalhit_uatext.php)"
69.63.189.244 - - [13/Mar/2012:15:32:58 -0700] "GET /r/p0f HTTP/1.1" 301 255 "-" "facebookexternalhit/1.1 (+http://www.facebook.com/externalhit_uatext.php)"
69.63.189.244 - - [13/Mar/2012:15:32:58 -0700] "GET /s/ta/p0f/ HTTP/1.1" 302 433 "-" "facebookexternalhit/1.1 (+http://www.facebook.com/externalhit_uatext.php)"
69.171.234.5 - - [13/Mar/2012:15:33:28 -0700] "GET /r/vpm HTTP/1.1" 301 255 "-" "facebookexternalhit/1.1 (+http://www.facebook.com/externalhit_uatext.php)"
69.171.234.5 - - [13/Mar/2012:15:33:28 -0700] "GET /s/ta/vpm/ HTTP/1.1" 302 637 "-" "facebookexternalhit/1.1 (+http://www.facebook.com/externalhit_uatext.php)"
180.76.5.90 - - [13/Mar/2012:15:34:33 -0700] "GET /blog/my-gsoc-2010-proposal.html HTTP/1.1" 200 2258 "-" "Mozilla/5.0 (compatible; Baiduspider/2.0; +http://www.baidu.com/search/spider.html)"
85.17.88.169 - - [13/Mar/2012:15:38:07 -0700] "POST /blog/wp-cron.php?doing_wp_cron=1331678186 HTTP/1.0" 499 0 "-" "WordPress/3.3.1; http://yuvi.in/blog"
200.171.239.119 - - [13/Mar/2012:15:38:08 -0700] "GET /blog/my-new-canon-550d-from-flipkart/ HTTP/1.1" 200 17889 "-" "Mozilla/5.0 (compatible; Googlebot/2.1; +http://www.google.com/bot.html)"
69.171.224.249 - - [13/Mar/2012:15:42:32 -0700] "GET /r/p0f HTTP/1.1" 301 255 "-" "facebookexternalhit/1.1 (+http://www.facebook.com/externalhit_uatext.php)"
69.171.224.247 - - [13/Mar/2012:15:42:32 -0700] "GET /s/ta/p0f/ HTTP/1.1" 302 433 "-" "facebookexternalhit/1.1 (+http://www.facebook.com/externalhit_uatext.php)"
85.17.88.169 - - [13/Mar/2012:15:43:22 -0700] "POST /blog/wp-cron.php?doing_wp_cron=1331678501 HTTP/1.0" 499 0 "-" "WordPress/3.3.1; http://yuvi.in/blog"
208.115.111.68 - - [13/Mar/2012:15:43:23 -0700] "GET /blog/reddit-university-sicp-reading-group/feed/ HTTP/1.1" 200 806 "-" "Mozilla/5.0 (compatible; Ezooms/1.0; ezooms.bot@gmail.com)"
69.171.229.251 - - [13/Mar/2012:15:44:02 -0700] "GET /r/p0f HTTP/1.1" 301 255 "-" "facebookexternalhit/1.1 (+http://www.facebook.com/externalhit_uatext.php)"
69.171.229.248 - - [13/Mar/2012:15:44:02 -0700] "GET /s/ta/p0f/ HTTP/1.1" 302 433 "-" "facebookexternalhit/1.1 (+http://www.facebook.com/externalhit_uatext.php)"
157.55.112.202 - - [13/Mar/2012:15:44:46 -0700] "-" 400 0 "-" "-"
157.55.112.202 - - [13/Mar/2012:15:44:47 -0700] "-" 400 0 "-" "-"
157.55.112.202 - - [13/Mar/2012:15:44:47 -0700] "-" 400 0 "-" "-"
157.55.112.202 - - [13/Mar/2012:15:44:47 -0700] "-" 400 0 "-" "-"
157.55.112.202 - - [13/Mar/2012:15:44:47 -0700] "-" 400 0 "-" "-"
157.55.112.202 - - [13/Mar/2012:15:44:47 -0700] "-" 400 0 "-" "-"
157.55.112.202 - - [13/Mar/2012:15:44:47 -0700] "-" 400 0 "-" "-"
157.55.112.202 - - [13/Mar/2012:15:44:47 -0700] "-" 400 0 "-" "-"
157.55.112.202 - - [13/Mar/2012:15:44:47 -0700] "-" 400 0 "-" "-"
85.17.88.169 - - [13/Mar/2012:15:45:13 -0700] "POST /blog/wp-cron.php?doing_wp_cron=1331678611 HTTP/1.0" 499 0 "-" "WordPress/3.3.1; http://yuvi.in/blog"
66.160.192.50 - - [13/Mar/2012:15:45:13 -0700] "GET /blog/feed/ HTTP/1.1" 200 6673 "http://www.feedly.com" "Mozilla/5.0 (Macintosh; U; Intel Mac OS X 10.5; en-US; rv:1.9.0.7) Gecko/2009021906 Firefox/3.0.7"
157.55.112.202 - - [13/Mar/2012:15:45:24 -0700] "-" 400 0 "-" "-"
157.55.112.202 - - [13/Mar/2012:15:45:24 -0700] "-" 400 0 "-" "-"
66.220.153.251 - - [13/Mar/2012:15:45:30 -0700] "GET /r/p0f HTTP/1.1" 301 255 "-" "facebookexternalhit/1.1 (+http://www.facebook.com/externalhit_uatext.php)"
66.220.153.251 - - [13/Mar/2012:15:45:30 -0700] "GET /s/ta/p0f/ HTTP/1.1" 302 433 "-" "facebookexternalhit/1.1 (+http://www.facebook.com/externalhit_uatext.php)"
124.115.0.25 - - [13/Mar/2012:15:46:53 -0700] "GET / HTTP/1.1" 304 0 "-" "Sosospider+(+http://help.soso.com/webspider.htm)"
85.17.88.169 - - [13/Mar/2012:15:52:23 -0700] "POST /blog/wp-cron.php?doing_wp_cron=1331679041 HTTP/1.0" 499 0 "-" "WordPress/3.3.1; http://yuvi.in/blog"
209.85.224.85 - - [13/Mar/2012:15:52:23 -0700] "GET /blog/feed HTTP/1.1" 304 0 "-" "FeedBurner/1.0 (http://www.FeedBurner.com)"
85.17.88.169 - - [13/Mar/2012:15:55:18 -0700] "POST /blog/wp-cron.php?doing_wp_cron=1331679217 HTTP/1.0" 499 0 "-" "WordPress/3.3.1; http://yuvi.in/blog"
66.220.147.246 - - [13/Mar/2012:15:58:03 -0700] "GET /r/p0f HTTP/1.1" 301 255 "-" "facebookexternalhit/1.1 (+http://www.facebook.com/externalhit_uatext.php)"
66.220.147.245 - - [13/Mar/2012:15:58:03 -0700] "GET /s/ta/p0f/ HTTP/1.1" 302 433 "-" "facebookexternalhit/1.1 (+http://www.facebook.com/externalhit_uatext.php)"
85.17.88.169 - - [13/Mar/2012:15:59:40 -0700] "POST /blog/wp-cron.php?doing_wp_cron=1331679479 HTTP/1.0" 499 0 "-" "WordPress/3.3.1; http://yuvi.in/blog"
201.26.133.83 - - [13/Mar/2012:15:59:41 -0700] "GET /blog/program/ HTTP/1.1" 200 27135 "-" "Mozilla/5.0 (compatible; Googlebot/2.1; +http://www.google.com/bot.html)"
207.46.204.167 - - [13/Mar/2012:15:59:49 -0700] "-" 400 0 "-" "-"
207.46.204.167 - - [13/Mar/2012:15:59:49 -0700] "-" 400 0 "-" "-"
207.46.204.167 - - [13/Mar/2012:15:59:49 -0700] "-" 400 0 "-" "-"
207.46.204.167 - - [13/Mar/2012:15:59:50 -0700] "-" 400 0 "-" "-"
207.46.204.167 - - [13/Mar/2012:15:59:50 -0700] "-" 400 0 "-" "-"
207.46.204.167 - - [13/Mar/2012:15:59:50 -0700] "-" 400 0 "-" "-"
207.46.204.167 - - [13/Mar/2012:15:59:50 -0700] "-" 400 0 "-" "-"
207.46.204.167 - - [13/Mar/2012:15:59:50 -0700] "-" 400 0 "-" "-"
207.46.204.167 - - [13/Mar/2012:15:59:50 -0700] "-" 400 0 "-" "-"
207.46.204.167 - - [13/Mar/2012:16:00:37 -0700] "-" 400 0 "-" "-"
207.46.204.167 - - [13/Mar/2012:16:00:37 -0700] "-" 400 0 "-" "-"
209.85.224.88 - - [13/Mar/2012:16:00:56 -0700] "GET /stories/feed HTTP/1.1" 200 13653 "-" "FeedBurner/1.0 (http://www.FeedBurner.com)"
122.172.165.91 - - [13/Mar/2012:16:04:18 -0700] "-" 400 0 "-" "-"
85.17.88.169 - - [13/Mar/2012:16:04:41 -0700] "POST /blog/wp-cron.php?doing_wp_cron=1331679779 HTTP/1.0" 499 0 "-" "WordPress/3.3.1; http://yuvi.in/blog"
209.85.238.115 - - [13/Mar/2012:16:04:41 -0700] "GET /blog/feed HTTP/1.1" 301 0 "-" "Feedfetcher-Google; (+http://www.google.com/feedfetcher.html; 3 subscribers; feed-id=17684830852112633560)"
209.85.238.115 - - [13/Mar/2012:16:04:42 -0700] "GET /blog/feed/ HTTP/1.1" 200 6692 "-" "Feedfetcher-Google; (+http://www.google.com/feedfetcher.html; 3 subscribers; feed-id=17684830852112633560)"
66.42.108.240 - - [13/Mar/2012:16:04:50 -0700] "GET /recordings/index.php HTTP/1.1" 404 571 "-" "Mozilla/4.0 (compatible; MSIE 6.0; Windows 98)"
66.42.108.240 - - [13/Mar/2012:16:04:50 -0700] "GET HTTP/1.1 HTTP/1.1" 400 173 "-" "-"
207.46.199.54 - - [13/Mar/2012:16:05:46 -0700] "GET /s/ta/obv/ HTTP/1.1" 302 561 "-" "Mozilla/5.0 (compatible; bingbot/2.0; +http://www.bing.com/bingbot.htm)"
209.85.238.115 - - [13/Mar/2012:16:07:58 -0700] "GET /blog/feed/ HTTP/1.1" 200 6692 "-" "Feedfetcher-Google; (+http://www.google.com/feedfetcher.html; 19 subscribers; feed-id=15064232456473204253)"
69.171.229.245 - - [13/Mar/2012:16:11:23 -0700] "GET /r/p0f HTTP/1.1" 301 255 "-" "facebookexternalhit/1.1 (+http://www.facebook.com/externalhit_uatext.php)"
69.171.229.244 - - [13/Mar/2012:16:11:23 -0700] "GET /s/ta/p0f/ HTTP/1.1" 302 433 "-" "facebookexternalhit/1.1 (+http://www.facebook.com/externalhit_uatext.php)"
207.46.204.173 - - [13/Mar/2012:16:17:59 -0700] "-" 400 0 "-" "-"
207.46.204.173 - - [13/Mar/2012:16:17:59 -0700] "-" 400 0 "-" "-"
207.46.204.173 - - [13/Mar/2012:16:17:59 -0700] "-" 400 0 "-" "-"
207.46.204.173 - - [13/Mar/2012:16:17:59 -0700] "-" 400 0 "-" "-"
207.46.204.173 - - [13/Mar/2012:16:17:59 -0700] "-" 400 0 "-" "-"
207.46.204.173 - - [13/Mar/2012:16:17:59 -0700] "-" 400 0 "-" "-"
207.46.204.173 - - [13/Mar/2012:16:18:00 -0700] "-" 400 0 "-" "-"
207.46.204.173 - - [13/Mar/2012:16:18:00 -0700] "-" 400 0 "-" "-"
207.46.204.173 - - [13/Mar/2012:16:18:00 -0700] "-" 400 0 "-" "-"
207.46.204.173 - - [13/Mar/2012:16:18:00 -0700] "-" 400 0 "-" "-"
85.17.88.169 - - [13/Mar/2012:16:19:15 -0700] "POST /blog/wp-cron.php?doing_wp_cron=1331680653 HTTP/1.0" 499 0 "-" "WordPress/3.3.1; http://yuvi.in/blog"
207.46.204.165 - - [13/Mar/2012:16:19:16 -0700] "-" 400 0 "-" "-"
101.226.33.172 - - [13/Mar/2012:16:19:18 -0700] "GET /blog/feed HTTP/1.0" 304 0 "-" "Mozilla/4.0 (compatible; Windows;)"
207.46.204.165 - - [13/Mar/2012:16:19:24 -0700] "-" 400 0 "-" "-"
207.46.204.165 - - [13/Mar/2012:16:19:27 -0700] "-" 400 0 "-" "-"
207.46.204.165 - - [13/Mar/2012:16:19:30 -0700] "-" 400 0 "-" "-"
207.46.204.165 - - [13/Mar/2012:16:19:30 -0700] "-" 400 0 "-" "-"
207.46.204.165 - - [13/Mar/2012:16:19:30 -0700] "-" 400 0 "-" "-"
207.46.204.165 - - [13/Mar/2012:16:19:32 -0700] "-" 400 0 "-" "-"
207.46.204.165 - - [13/Mar/2012:16:19:34 -0700] "-" 400 0 "-" "-"
207.46.204.165 - - [13/Mar/2012:16:19:34 -0700] "-" 400 0 "-" "-"
207.46.204.165 - - [13/Mar/2012:16:19:36 -0700] "-" 400 0 "-" "-"
72.5.114.2 - - [13/Mar/2012:16:19:46 -0700] "GET /r/2tv HTTP/1.1" 301 255 "-" "Mozilla/5.0 (Windows; U; Windows NT 5.1; en-US; rv:1.9.2.23) Gecko"
72.5.114.2 - - [13/Mar/2012:16:19:47 -0700] "GET /s/ta/2tv/ HTTP/1.1" 302 313 "-" "Mozilla/5.0 (Windows; U; Windows NT 5.1; en-US; rv:1.9.2.23) Gecko"
207.46.204.165 - - [13/Mar/2012:16:20:06 -0700] "-" 400 0 "-" "-"
65.52.109.152 - - [13/Mar/2012:16:22:10 -0700] "GET /robots.txt HTTP/1.1" 404 169 "-" "Mozilla/5.0 (compatible; bingbot/2.0; +http://www.bing.com/bingbot.htm)"
85.17.88.169 - - [13/Mar/2012:16:22:12 -0700] "POST /blog/wp-cron.php?doing_wp_cron=1331680831 HTTP/1.0" 499 0 "-" "WordPress/3.3.1; http://yuvi.in/blog"
65.52.109.152 - - [13/Mar/2012:16:22:13 -0700] "GET /blog/passing-headers-proxying-nginx/ HTTP/1.1" 200 4633 "-" "Mozilla/5.0 (compatible; bingbot/2.0; +http://www.bing.com/bingbot.htm)"
85.17.88.169 - - [13/Mar/2012:16:22:31 -0700] "POST /blog/wp-cron.php?doing_wp_cron=1331680849 HTTP/1.0" 499 0 "-" "WordPress/3.3.1; http://yuvi.in/blog"
209.85.224.91 - - [13/Mar/2012:16:22:31 -0700] "GET /blog/feed HTTP/1.1" 304 0 "-" "FeedBurner/1.0 (http://www.FeedBurner.com)"
122.172.165.91 - - [13/Mar/2012:16:24:03 -0700] "-" 400 0 "-" "-"
207.46.204.172 - - [13/Mar/2012:16:24:12 -0700] "-" 400 0 "-" "-"
207.46.204.164 - - [13/Mar/2012:16:24:13 -0700] "-" 400 0 "-" "-"
207.46.204.172 - - [13/Mar/2012:16:24:14 -0700] "-" 400 0 "-" "-"
207.46.204.164 - - [13/Mar/2012:16:24:14 -0700] "-" 400 0 "-" "-"
207.46.204.172 - - [13/Mar/2012:16:24:15 -0700] "-" 400 0 "-" "-"
207.46.204.164 - - [13/Mar/2012:16:24:15 -0700] "-" 400 0 "-" "-"
207.46.204.172 - - [13/Mar/2012:16:24:15 -0700] "-" 400 0 "-" "-"
207.46.204.164 - - [13/Mar/2012:16:24:16 -0700] "-" 400 0 "-" "-"
207.46.204.164 - - [13/Mar/2012:16:24:16 -0700] "-" 400 0 "-" "-"
207.46.204.164 - - [13/Mar/2012:16:24:16 -0700] "-" 400 0 "-" "-"
207.46.204.172 - - [13/Mar/2012:16:24:16 -0700] "-" 400 0 "-" "-"
207.46.204.172 - - [13/Mar/2012:16:24:16 -0700] "-" 400 0 "-" "-"
207.46.204.172 - - [13/Mar/2012:16:24:17 -0700] "-" 400 0 "-" "-"
207.46.204.172 - - [13/Mar/2012:16:24:17 -0700] "-" 400 0 "-" "-"
207.46.204.172 - - [13/Mar/2012:16:24:17 -0700] "-" 400 0 "-" "-"
207.46.204.172 - - [13/Mar/2012:16:24:17 -0700] "-" 400 0 "-" "-"
207.46.204.164 - - [13/Mar/2012:16:24:17 -0700] "-" 400 0 "-" "-"
207.46.204.164 - - [13/Mar/2012:16:24:18 -0700] "-" 400 0 "-" "-"
207.46.204.164 - - [13/Mar/2012:16:24:33 -0700] "-" 400 0 "-" "-"
207.46.204.164 - - [13/Mar/2012:16:24:33 -0700] "-" 400 0 "-" "-"
207.46.204.164 - - [13/Mar/2012:16:24:33 -0700] "-" 400 0 "-" "-"
85.17.88.169 - - [13/Mar/2012:16:24:36 -0700] "POST /blog/wp-cron.php?doing_wp_cron=1331680974 HTTP/1.0" 499 0 "-" "WordPress/3.3.1; http://yuvi.in/blog"
180.76.5.183 - - [13/Mar/2012:16:24:36 -0700] "GET /blog/2010/12/25/ HTTP/1.1" 200 4664 "-" "Mozilla/5.0 (compatible; Baiduspider/2.0; +http://www.baidu.com/search/spider.html)"
207.46.204.172 - - [13/Mar/2012:16:24:46 -0700] "-" 400 0 "-" "-"
93.185.177.68 - - [13/Mar/2012:16:26:58 -0700] "GET /favicon.ico HTTP/1.1" 404 142 "-" "Reeder/2.5.4 CFNetwork/548.1.4 Darwin/11.0.0"
93.185.177.68 - - [13/Mar/2012:16:26:58 -0700] "GET / HTTP/1.1" 200 1430 "-" "Reeder/2.5.4 CFNetwork/548.1.4 Darwin/11.0.0"
93.185.177.68 - - [13/Mar/2012:16:26:58 -0700] "GET /apple-touch-icon.png HTTP/1.1" 404 142 "-" "Reeder/2.5.4 CFNetwork/548.1.4 Darwin/11.0.0"
93.185.177.68 - - [13/Mar/2012:16:26:58 -0700] "GET /apple-touch-icon-precomposed.png HTTP/1.1" 404 142 "-" "Reeder/2.5.4 CFNetwork/548.1.4 Darwin/11.0.0"
157.55.112.201 - - [13/Mar/2012:16:44:19 -0700] "-" 400 0 "-" "-"
157.55.112.201 - - [13/Mar/2012:16:44:24 -0700] "-" 400 0 "-" "-"
157.55.112.201 - - [13/Mar/2012:16:44:25 -0700] "-" 400 0 "-" "-"
157.55.112.201 - - [13/Mar/2012:16:44:26 -0700] "-" 400 0 "-" "-"
157.55.112.201 - - [13/Mar/2012:16:44:26 -0700] "-" 400 0 "-" "-"
157.55.112.201 - - [13/Mar/2012:16:44:30 -0700] "-" 400 0 "-" "-"
157.55.112.201 - - [13/Mar/2012:16:44:31 -0700] "-" 400 0 "-" "-"
157.55.112.201 - - [13/Mar/2012:16:44:33 -0700] "-" 400 0 "-" "-"
157.55.112.201 - - [13/Mar/2012:16:44:33 -0700] "-" 400 0 "-" "-"
157.55.112.201 - - [13/Mar/2012:16:44:34 -0700] "-" 400 0 "-" "-"
71.168.105.197 - - [13/Mar/2012:16:47:59 -0700] "GET /robots.txt HTTP/1.0" 404 169 "-" "Mozilla/5.0 (compatible; MJ12bot/v1.4.2; http://www.majestic12.co.uk/bot.php?+)"
71.168.105.197 - - [13/Mar/2012:16:48:01 -0700] "GET /blog/orwell-and-huxley.html HTTP/1.1" 200 5580 "-" "Mozilla/5.0 (compatible; MJ12bot/v1.4.2; http://www.majestic12.co.uk/bot.php?+)"
85.17.88.169 - - [13/Mar/2012:16:49:14 -0700] "POST /blog/wp-cron.php?doing_wp_cron=1331682452 HTTP/1.0" 499 0 "-" "WordPress/3.3.1; http://yuvi.in/blog"
200.153.144.60 - - [13/Mar/2012:16:49:15 -0700] "GET /blog/page/2/ HTTP/1.1" 200 76240 "-" "Mozilla/5.0 (compatible; Googlebot/2.1; +http://www.google.com/bot.html)"
85.17.88.169 - - [13/Mar/2012:16:52:42 -0700] "POST /blog/wp-cron.php?doing_wp_cron=1331682660 HTTP/1.0" 499 0 "-" "WordPress/3.3.1; http://yuvi.in/blog"
209.85.224.85 - - [13/Mar/2012:16:52:42 -0700] "GET /blog/feed HTTP/1.1" 304 0 "-" "FeedBurner/1.0 (http://www.FeedBurner.com)"
207.46.204.218 - - [13/Mar/2012:16:53:30 -0700] "-" 400 0 "-" "-"
207.46.204.218 - - [13/Mar/2012:16:53:37 -0700] "-" 400 0 "-" "-"
207.46.204.218 - - [13/Mar/2012:16:53:41 -0700] "-" 400 0 "-" "-"
207.46.204.218 - - [13/Mar/2012:16:53:45 -0700] "-" 400 0 "-" "-"
207.46.204.218 - - [13/Mar/2012:16:53:45 -0700] "-" 400 0 "-" "-"
207.46.204.218 - - [13/Mar/2012:16:53:45 -0700] "-" 400 0 "-" "-"
207.46.204.218 - - [13/Mar/2012:16:53:47 -0700] "-" 400 0 "-" "-"
207.46.204.218 - - [13/Mar/2012:16:53:49 -0700] "-" 400 0 "-" "-"
207.46.204.218 - - [13/Mar/2012:16:53:50 -0700] "-" 400 0 "-" "-"
207.46.204.218 - - [13/Mar/2012:16:53:50 -0700] "-" 400 0 "-" "-"
207.46.204.218 - - [13/Mar/2012:16:54:24 -0700] "-" 400 0 "-" "-"
85.17.88.169 - - [13/Mar/2012:16:55:42 -0700] "POST /blog/wp-cron.php?doing_wp_cron=1331682840 HTTP/1.0" 499 0 "-" "WordPress/3.3.1; http://yuvi.in/blog"
209.85.238.115 - - [13/Mar/2012:16:55:42 -0700] "GET /blog/feed HTTP/1.1" 301 0 "-" "Feedfetcher-Google; (+http://www.google.com/feedfetcher.html; 3 subscribers; feed-id=17684830852112633560)"
85.17.88.169 - - [13/Mar/2012:16:55:44 -0700] "POST /blog/wp-cron.php?doing_wp_cron=1331682842 HTTP/1.0" 499 0 "-" "WordPress/3.3.1; http://yuvi.in/blog"
209.85.238.115 - - [13/Mar/2012:16:55:44 -0700] "GET /blog/feed/ HTTP/1.1" 200 6672 "-" "Feedfetcher-Google; (+http://www.google.com/feedfetcher.html; 3 subscribers; feed-id=17684830852112633560)"
209.85.224.91 - - [13/Mar/2012:17:00:58 -0700] "GET /stories/feed HTTP/1.1" 200 13653 "-" "FeedBurner/1.0 (http://www.FeedBurner.com)"
85.17.88.169 - - [13/Mar/2012:17:09:42 -0700] "POST /blog/wp-cron.php?doing_wp_cron=1331683680 HTTP/1.0" 499 0 "-" "WordPress/3.3.1; http://yuvi.in/blog"
180.76.6.213 - - [13/Mar/2012:17:09:43 -0700] "GET /blog/2009/12/ HTTP/1.1" 200 5535 "-" "Mozilla/5.0 (compatible; Baiduspider/2.0; +http://www.baidu.com/search/spider.html)"
209.85.238.115 - - [13/Mar/2012:17:11:38 -0700] "GET /blog/feed/ HTTP/1.1" 200 6685 "-" "Feedfetcher-Google; (+http://www.google.com/feedfetcher.html; 19 subscribers; feed-id=15064232456473204253)"
66.249.68.52 - - [13/Mar/2012:17:18:07 -0700] "GET /robots.txt HTTP/1.1" 404 211 "-" "Mozilla/5.0 (compatible; Googlebot/2.1; +http://www.google.com/bot.html)"
66.249.68.52 - - [13/Mar/2012:17:18:07 -0700] "GET / HTTP/1.1" 404 211 "-" "Mozilla/5.0 (iPhone; U; CPU iPhone OS 4_1 like Mac OS X; en-us) AppleWebKit/532.9 (KHTML, like Gecko) Version/4.0.5 Mobile/8B117 Safari/6531.22.7 (compatible; Googlebot-Mobile/2.1; +http://www.google.com/bot.html)"
157.55.17.146 - - [13/Mar/2012:17:18:38 -0700] "GET /robots.txt HTTP/1.1" 404 169 "-" "Mozilla/5.0 (compatible; bingbot/2.0; +http://www.bing.com/bingbot.htm)"
208.115.113.84 - - [13/Mar/2012:17:18:52 -0700] "GET /robots.txt HTTP/1.1" 404 169 "-" "Mozilla/5.0 (compatible; Ezooms/1.0; ezooms.bot@gmail.com)"
85.17.88.169 - - [13/Mar/2012:17:22:48 -0700] "POST /blog/wp-cron.php?doing_wp_cron=1331684466 HTTP/1.0" 499 0 "-" "WordPress/3.3.1; http://yuvi.in/blog"
209.85.224.80 - - [13/Mar/2012:17:22:48 -0700] "GET /blog/feed HTTP/1.1" 304 0 "-" "FeedBurner/1.0 (http://www.FeedBurner.com)"
176.9.78.7 - - [13/Mar/2012:17:23:03 -0700] "GET /robots.txt HTTP/1.0" 404 169 "-" "Updownerbot (+http://www.updowner.com/bot)"
117.193.104.170 - - [13/Mar/2012:17:26:28 -0700] "-" 400 0 "-" "-"
69.171.228.245 - - [13/Mar/2012:17:26:47 -0700] "GET /r/p0f HTTP/1.1" 301 255 "-" "facebookexternalhit/1.1 (+http://www.facebook.com/externalhit_uatext.php)"
69.171.228.245 - - [13/Mar/2012:17:26:48 -0700] "GET /s/ta/p0f/ HTTP/1.1" 302 433 "-" "facebookexternalhit/1.1 (+http://www.facebook.com/externalhit_uatext.php)"
111.93.116.38 - - [13/Mar/2012:17:26:51 -0700] "-" 400 0 "-" "-"
111.93.116.38 - - [13/Mar/2012:17:26:51 -0700] "-" 400 0 "-" "-"
111.93.116.38 - - [13/Mar/2012:17:26:51 -0700] "-" 400 0 "-" "-"
220.225.121.161 - - [13/Mar/2012:17:26:51 -0700] "-" 400 0 "-" "-"
193.164.138.85 - - [13/Mar/2012:17:32:28 -0700] "GET /blog/sicp-and-brainfuck.html HTTP/1.1" 200 5955 "-" "Zemanta Aggregator/0.7 +http://www.zemanta.com"
86.181.37.68 - - [13/Mar/2012:17:33:40 -0700] "-" 400 0 "-" "-"
86.181.37.68 - - [13/Mar/2012:17:33:40 -0700] "-" 400 0 "-" "-"
86.181.37.68 - - [13/Mar/2012:17:33:40 -0700] "-" 400 0 "-" "-"
86.181.37.68 - - [13/Mar/2012:17:33:40 -0700] "-" 400 0 "-" "-"
86.181.37.68 - - [13/Mar/2012:17:33:40 -0700] "-" 400 0 "-" "-"
86.181.37.68 - - [13/Mar/2012:17:33:40 -0700] "-" 400 0 "-" "-"
27.107.39.9 - - [13/Mar/2012:17:34:31 -0700] "GET /r/1ypa HTTP/1.1" 301 257 "http://ta.wikipedia.org/wiki/%E0%AE%A4%E0%AF%80%E0%AE%B0%E0%AF%8D%E0%AE%A4%E0%AF%8D%E0%AE%A4%E0%AE%99%E0%AF%8D%E0%AE%95%E0%AE%B0%E0%AE%B0%E0%AF%8D%E0%AE%95%E0%AE%B3%E0%AE%BF%E0%AE%A9%E0%AF%8D_%E0%AE%B5%E0%AE%BE%E0%AE%95%E0%AE%A9%E0%AE%99%E0%AF%8D%E0%AE%95%E0%AE%B3%E0%AF%8D" "Mozilla/5.0 (Windows NT 6.1) AppleWebKit/535.7 (KHTML, like Gecko) Chrome/16.0.912.77 Safari/535.7"
27.107.39.9 - - [13/Mar/2012:17:34:38 -0700] "GET /s/ta/1ypa/ HTTP/1.1" 302 593 "http://ta.wikipedia.org/wiki/%E0%AE%A4%E0%AF%80%E0%AE%B0%E0%AF%8D%E0%AE%A4%E0%AF%8D%E0%AE%A4%E0%AE%99%E0%AF%8D%E0%AE%95%E0%AE%B0%E0%AE%B0%E0%AF%8D%E0%AE%95%E0%AE%B3%E0%AE%BF%E0%AE%A9%E0%AF%8D_%E0%AE%B5%E0%AE%BE%E0%AE%95%E0%AE%A9%E0%AE%99%E0%AF%8D%E0%AE%95%E0%AE%B3%E0%AF%8D" "Mozilla/5.0 (Windows NT 6.1) AppleWebKit/535.7 (KHTML, like Gecko) Chrome/16.0.912.77 Safari/535.7"
85.17.88.169 - - [13/Mar/2012:17:35:43 -0700] "POST /blog/wp-cron.php?doing_wp_cron=1331685241 HTTP/1.0" 499 0 "-" "WordPress/3.3.1; http://yuvi.in/blog"
89.42.108.27 - - [13/Mar/2012:17:35:43 -0700] "GET /blog/program/ HTTP/1.1" 200 27266 "http://WordPress-Top-Rank.info/" "Mozilla/4.0 (compatible;MSIE 6.0; Windows NT 5.0; H010818)"
101.63.225.218 - - [13/Mar/2012:17:41:53 -0700] "GET /r/30tz HTTP/1.1" 301 257 "http://ta.wikipedia.org/wiki/%E0%AE%AA%E0%AE%95%E0%AF%81%E0%AE%AA%E0%AF%8D%E0%AE%AA%E0%AF%81:1979_%E0%AE%A4%E0%AE%AE%E0%AE%BF%E0%AE%B4%E0%AF%8D%E0%AE%A4%E0%AF%8D_%E0%AE%A4%E0%AE%BF%E0%AE%B0%E0%AF%88%E0%AE%AA%E0%AF%8D%E0%AE%AA%E0%AE%9F%E0%AE%99%E0%AF%8D%E0%AE%95%E0%AE%B3%E0%AF%8D" "Mozilla/5.0 (Windows NT 6.1) AppleWebKit/534.54.16 (KHTML, like Gecko) Version/5.1.4 Safari/534.54.16"
101.63.225.218 - - [13/Mar/2012:17:41:54 -0700] "GET /s/ta/30tz/ HTTP/1.1" 302 607 "http://ta.wikipedia.org/wiki/%E0%AE%AA%E0%AE%95%E0%AF%81%E0%AE%AA%E0%AF%8D%E0%AE%AA%E0%AF%81:1979_%E0%AE%A4%E0%AE%AE%E0%AE%BF%E0%AE%B4%E0%AF%8D%E0%AE%A4%E0%AF%8D_%E0%AE%A4%E0%AE%BF%E0%AE%B0%E0%AF%88%E0%AE%AA%E0%AF%8D%E0%AE%AA%E0%AE%9F%E0%AE%99%E0%AF%8D%E0%AE%95%E0%AE%B3%E0%AF%8D" "Mozilla/5.0 (Windows NT 6.1) AppleWebKit/534.54.16 (KHTML, like Gecko) Version/5.1.4 Safari/534.54.16"
66.220.158.248 - - [13/Mar/2012:17:42:35 -0700] "GET /r/p0f HTTP/1.1" 301 255 "-" "facebookexternalhit/1.1 (+http://www.facebook.com/externalhit_uatext.php)"
66.220.158.247 - - [13/Mar/2012:17:42:36 -0700] "GET /s/ta/p0f/ HTTP/1.1" 302 433 "-" "facebookexternalhit/1.1 (+http://www.facebook.com/externalhit_uatext.php)"
208.115.111.68 - - [13/Mar/2012:17:44:29 -0700] "GET /robots.txt HTTP/1.1" 404 169 "-" "Mozilla/5.0 (compatible; Ezooms/1.0; ezooms.bot@gmail.com)"
85.17.88.169 - - [13/Mar/2012:17:44:32 -0700] "POST /blog/wp-cron.php?doing_wp_cron=1331685769 HTTP/1.0" 499 0 "-" "WordPress/3.3.1; http://yuvi.in/blog"
183.178.85.181 - - [13/Mar/2012:17:44:32 -0700] "GET /blog/moving-to-vim-from-emacs/feed HTTP/1.1" 301 0 "-" "Mozilla/4.0 (compatible; MSIE 5.5; Windows NT)"
85.17.88.169 - - [13/Mar/2012:17:44:34 -0700] "POST /blog/wp-cron.php?doing_wp_cron=1331685772 HTTP/1.0" 499 0 "-" "WordPress/3.3.1; http://yuvi.in/blog"
183.178.85.181 - - [13/Mar/2012:17:44:35 -0700] "GET /blog/moving-to-vim-from-emacs/feed/ HTTP/1.1" 200 885 "-" "Mozilla/4.0 (compatible; MSIE 5.5; Windows NT)"
180.76.5.172 - - [13/Mar/2012:17:46:09 -0700] "GET / HTTP/1.1" 200 3439 "-" "Mozilla/5.0 (compatible; Baiduspider/2.0; +http://www.baidu.com/search/spider.html)"
85.17.88.169 - - [13/Mar/2012:17:47:32 -0700] "POST /blog/wp-cron.php?doing_wp_cron=1331685949 HTTP/1.0" 499 0 "-" "WordPress/3.3.1; http://yuvi.in/blog"
209.85.238.115 - - [13/Mar/2012:17:47:32 -0700] "GET /blog/feed HTTP/1.1" 301 0 "-" "Feedfetcher-Google; (+http://www.google.com/feedfetcher.html; 3 subscribers; feed-id=17684830852112633560)"
209.85.238.115 - - [13/Mar/2012:17:47:33 -0700] "GET /blog/feed/ HTTP/1.1" 200 6691 "-" "Feedfetcher-Google; (+http://www.google.com/feedfetcher.html; 3 subscribers; feed-id=17684830852112633560)"
85.17.88.169 - - [13/Mar/2012:17:48:58 -0700] "POST /blog/wp-cron.php?doing_wp_cron=1331686036 HTTP/1.0" 499 0 "-" "WordPress/3.3.1; http://yuvi.in/blog"
208.93.152.116 - - [13/Mar/2012:17:48:58 -0700] "GET /blog/feed/atom/ HTTP/1.1" 304 0 "-" "Mozilla/5.0 (Windows NT 6.1; WOW64) AppleWebKit/535.2 (KHTML, like Gecko) Chrome/15.0.874.106 Safari/535.2"
85.17.88.169 - - [13/Mar/2012:17:51:04 -0700] "POST /blog/wp-cron.php?doing_wp_cron=1331686162 HTTP/1.0" 499 0 "-" "WordPress/3.3.1; http://yuvi.in/blog"
177.43.23.132 - - [13/Mar/2012:17:51:05 -0700] "GET /blog/category/personal/ HTTP/1.1" 200 46026 "-" "Mozilla/5.0 (compatible; Googlebot/2.1; +http://www.google.com/bot.html)"
85.17.88.169 - - [13/Mar/2012:17:51:08 -0700] "POST /blog/wp-cron.php?doing_wp_cron=1331686166 HTTP/1.0" 499 0 "-" "WordPress/3.3.1; http://yuvi.in/blog"
180.76.5.93 - - [13/Mar/2012:17:51:09 -0700] "GET /blog/?p=60 HTTP/1.1" 301 0 "-" "Mozilla/5.0 (compatible; Baiduspider/2.0; +http://www.baidu.com/search/spider.html)"
85.17.88.169 - - [13/Mar/2012:17:51:11 -0700] "POST /blog/wp-cron.php?doing_wp_cron=1331686169 HTTP/1.0" 499 0 "-" "WordPress/3.3.1; http://yuvi.in/blog"
180.76.5.95 - - [13/Mar/2012:17:51:11 -0700] "GET /blog/perfect-day-1/ HTTP/1.1" 200 4385 "-" "Mozilla/5.0 (compatible; Baiduspider/2.0; +http://www.baidu.com/search/spider.html)"
93.185.177.68 - - [13/Mar/2012:17:51:58 -0700] "GET /favicon.ico HTTP/1.1" 404 142 "-" "Reeder/2.5.4 CFNetwork/548.1.4 Darwin/11.0.0"
93.185.177.68 - - [13/Mar/2012:17:51:59 -0700] "GET / HTTP/1.1" 200 1430 "-" "Reeder/2.5.4 CFNetwork/548.1.4 Darwin/11.0.0"
93.185.177.68 - - [13/Mar/2012:17:51:59 -0700] "GET /apple-touch-icon.png HTTP/1.1" 404 142 "-" "Reeder/2.5.4 CFNetwork/548.1.4 Darwin/11.0.0"
93.185.177.68 - - [13/Mar/2012:17:51:59 -0700] "GET /apple-touch-icon-precomposed.png HTTP/1.1" 404 142 "-" "Reeder/2.5.4 CFNetwork/548.1.4 Darwin/11.0.0"
85.17.88.169 - - [13/Mar/2012:17:52:54 -0700] "POST /blog/wp-cron.php?doing_wp_cron=1331686272 HTTP/1.0" 499 0 "-" "WordPress/3.3.1; http://yuvi.in/blog"
