72.14.199.121 - - [08/Mar/2012:17:14:19 -0800] "GET /blog/feed/ HTTP/1.1" 304 0 "-" "Feedfetcher-Google; (+http://www.google.com/feedfetcher.html; 3 subscribers; feed-id=17684830852112633560)"
207.46.204.212 - - [08/Mar/2012:17:20:43 -0800] "-" 400 0 "-" "-"
207.46.204.212 - - [08/Mar/2012:17:20:43 -0800] "-" 400 0 "-" "-"
207.46.204.212 - - [08/Mar/2012:17:20:44 -0800] "-" 400 0 "-" "-"
207.46.204.212 - - [08/Mar/2012:17:20:44 -0800] "-" 400 0 "-" "-"
207.46.204.212 - - [08/Mar/2012:17:20:44 -0800] "-" 400 0 "-" "-"
207.46.204.212 - - [08/Mar/2012:17:20:44 -0800] "-" 400 0 "-" "-"
207.46.204.212 - - [08/Mar/2012:17:20:44 -0800] "-" 400 0 "-" "-"
207.46.204.212 - - [08/Mar/2012:17:20:44 -0800] "-" 400 0 "-" "-"
207.46.204.212 - - [08/Mar/2012:17:20:44 -0800] "-" 400 0 "-" "-"
207.46.204.212 - - [08/Mar/2012:17:20:44 -0800] "-" 400 0 "-" "-"
85.17.88.169 - - [08/Mar/2012:17:30:40 -0800] "POST /blog/wp-cron.php?doing_wp_cron=1331256577 HTTP/1.0" 499 0 "-" "WordPress/3.3.1; http://yuvi.in/blog"
72.14.199.121 - - [08/Mar/2012:17:30:40 -0800] "GET /blog/feed/ HTTP/1.1" 304 0 "-" "Feedfetcher-Google; (+http://www.google.com/feedfetcher.html; 18 subscribers; feed-id=15064232456473204253)"
85.17.88.169 - - [08/Mar/2012:17:32:33 -0800] "POST /blog/wp-cron.php?doing_wp_cron=1331256691 HTTP/1.0" 499 0 "-" "WordPress/3.3.1; http://yuvi.in/blog"
209.85.224.83 - - [08/Mar/2012:17:32:34 -0800] "GET /blog/feed HTTP/1.1" 304 0 "-" "FeedBurner/1.0 (http://www.FeedBurner.com)"
66.249.71.116 - - [08/Mar/2012:17:33:31 -0800] "GET /s/ta/z34/ HTTP/1.1" 302 401 "-" "Mozilla/5.0 (compatible; Googlebot/2.1; +http://www.google.com/bot.html)"
157.55.39.87 - - [08/Mar/2012:17:34:35 -0800] "GET /robots.txt HTTP/1.1" 404 142 "-" "msnbot/2.0b (+http://search.msn.com/msnbot.htm)"
157.55.39.87 - - [08/Mar/2012:17:34:36 -0800] "GET /blog/ HTTP/1.1" 200 9194 "-" "msnbot/2.0b (+http://search.msn.com/msnbot.htm)"
85.17.88.169 - - [08/Mar/2012:17:34:45 -0800] "POST /blog/wp-cron.php?doing_wp_cron=1331256822 HTTP/1.0" 499 0 "-" "WordPress/3.3.1; http://yuvi.in/blog"
157.55.39.87 - - [08/Mar/2012:17:34:46 -0800] "GET /blog/category/code/ HTTP/1.1" 200 12265 "-" "msnbot/2.0b (+http://search.msn.com/msnbot.htm)"
85.17.88.169 - - [08/Mar/2012:17:34:51 -0800] "POST /blog/wp-cron.php?doing_wp_cron=1331256828 HTTP/1.0" 499 0 "-" "WordPress/3.3.1; http://yuvi.in/blog"
157.55.39.87 - - [08/Mar/2012:17:34:51 -0800] "GET /blog/category/education/ HTTP/1.1" 200 16511 "-" "msnbot/2.0b (+http://search.msn.com/msnbot.htm)"
85.17.88.169 - - [08/Mar/2012:17:34:56 -0800] "POST /blog/wp-cron.php?doing_wp_cron=1331256834 HTTP/1.0" 499 0 "-" "WordPress/3.3.1; http://yuvi.in/blog"
157.55.39.87 - - [08/Mar/2012:17:34:57 -0800] "GET /blog/tag/answers/ HTTP/1.1" 200 4980 "-" "msnbot/2.0b (+http://search.msn.com/msnbot.htm)"
85.17.88.169 - - [08/Mar/2012:17:35:01 -0800] "POST /blog/wp-cron.php?doing_wp_cron=1331256838 HTTP/1.0" 499 0 "-" "WordPress/3.3.1; http://yuvi.in/blog"
157.55.39.87 - - [08/Mar/2012:17:35:02 -0800] "GET /blog/tag/js/ HTTP/1.1" 200 4542 "-" "msnbot/2.0b (+http://search.msn.com/msnbot.htm)"
85.17.88.169 - - [08/Mar/2012:17:35:05 -0800] "POST /blog/wp-cron.php?doing_wp_cron=1331256842 HTTP/1.0" 499 0 "-" "WordPress/3.3.1; http://yuvi.in/blog"
157.55.39.87 - - [08/Mar/2012:17:35:05 -0800] "GET /blog/2011/01/ HTTP/1.1" 200 7831 "-" "msnbot/2.0b (+http://search.msn.com/msnbot.htm)"
85.17.88.169 - - [08/Mar/2012:17:35:14 -0800] "POST /blog/wp-cron.php?doing_wp_cron=1331256851 HTTP/1.0" 499 0 "-" "WordPress/3.3.1; http://yuvi.in/blog"
157.55.39.87 - - [08/Mar/2012:17:35:15 -0800] "GET /blog/2009/06/ HTTP/1.1" 200 8482 "-" "msnbot/2.0b (+http://search.msn.com/msnbot.htm)"
85.17.88.169 - - [08/Mar/2012:17:35:23 -0800] "POST /blog/wp-cron.php?doing_wp_cron=1331256861 HTTP/1.0" 499 0 "-" "WordPress/3.3.1; http://yuvi.in/blog"
157.55.39.87 - - [08/Mar/2012:17:35:24 -0800] "GET /blog/2009/07/ HTTP/1.1" 200 10287 "-" "msnbot/2.0b (+http://search.msn.com/msnbot.htm)"
85.17.88.169 - - [08/Mar/2012:17:35:28 -0800] "POST /blog/wp-cron.php?doing_wp_cron=1331256866 HTTP/1.0" 499 0 "-" "WordPress/3.3.1; http://yuvi.in/blog"
157.55.39.87 - - [08/Mar/2012:17:35:29 -0800] "GET /blog/2009/09/ HTTP/1.1" 200 4403 "-" "msnbot/2.0b (+http://search.msn.com/msnbot.htm)"
85.17.88.169 - - [08/Mar/2012:17:35:34 -0800] "POST /blog/wp-cron.php?doing_wp_cron=1331256871 HTTP/1.0" 499 0 "-" "WordPress/3.3.1; http://yuvi.in/blog"
157.55.39.87 - - [08/Mar/2012:17:35:34 -0800] "GET /blog/2009/10/ HTTP/1.1" 200 10007 "-" "msnbot/2.0b (+http://search.msn.com/msnbot.htm)"
85.17.88.169 - - [08/Mar/2012:17:35:38 -0800] "POST /blog/wp-cron.php?doing_wp_cron=1331256875 HTTP/1.0" 499 0 "-" "WordPress/3.3.1; http://yuvi.in/blog"
157.55.39.87 - - [08/Mar/2012:17:35:38 -0800] "GET /blog/2009/11/ HTTP/1.1" 200 4084 "-" "msnbot/2.0b (+http://search.msn.com/msnbot.htm)"
85.17.88.169 - - [08/Mar/2012:17:35:42 -0800] "POST /blog/wp-cron.php?doing_wp_cron=1331256879 HTTP/1.0" 499 0 "-" "WordPress/3.3.1; http://yuvi.in/blog"
157.55.39.87 - - [08/Mar/2012:17:35:42 -0800] "GET /blog/2009/12/ HTTP/1.1" 200 5535 "-" "msnbot/2.0b (+http://search.msn.com/msnbot.htm)"
85.17.88.169 - - [08/Mar/2012:17:35:46 -0800] "POST /blog/wp-cron.php?doing_wp_cron=1331256884 HTTP/1.0" 499 0 "-" "WordPress/3.3.1; http://yuvi.in/blog"
157.55.39.87 - - [08/Mar/2012:17:35:47 -0800] "GET /blog/2010/01/ HTTP/1.1" 200 5764 "-" "msnbot/2.0b (+http://search.msn.com/msnbot.htm)"
85.17.88.169 - - [08/Mar/2012:17:35:49 -0800] "POST /blog/wp-cron.php?doing_wp_cron=1331256887 HTTP/1.0" 499 0 "-" "WordPress/3.3.1; http://yuvi.in/blog"
199.16.186.106 - - [08/Mar/2012:17:35:50 -0800] "GET /blog/my-vimrc/feed/ HTTP/1.1" 304 0 "-" "BoardReader/1.0 (http://boardreader.com/info/robots.htm)-CommentCrawler5"
85.17.88.169 - - [08/Mar/2012:17:35:51 -0800] "POST /blog/wp-cron.php?doing_wp_cron=1331256888 HTTP/1.0" 499 0 "-" "WordPress/3.3.1; http://yuvi.in/blog"
157.55.39.87 - - [08/Mar/2012:17:35:51 -0800] "GET /blog/2010/03/ HTTP/1.1" 200 7208 "-" "msnbot/2.0b (+http://search.msn.com/msnbot.htm)"
85.17.88.169 - - [08/Mar/2012:17:35:55 -0800] "POST /blog/wp-cron.php?doing_wp_cron=1331256893 HTTP/1.0" 499 0 "-" "WordPress/3.3.1; http://yuvi.in/blog"
157.55.39.87 - - [08/Mar/2012:17:35:56 -0800] "GET /blog/2010/04/ HTTP/1.1" 200 7656 "-" "msnbot/2.0b (+http://search.msn.com/msnbot.htm)"
85.17.88.169 - - [08/Mar/2012:17:35:59 -0800] "POST /blog/wp-cron.php?doing_wp_cron=1331256897 HTTP/1.0" 499 0 "-" "WordPress/3.3.1; http://yuvi.in/blog"
157.55.39.87 - - [08/Mar/2012:17:36:00 -0800] "GET /blog/2010/05/ HTTP/1.1" 200 9422 "-" "msnbot/2.0b (+http://search.msn.com/msnbot.htm)"
85.17.88.169 - - [08/Mar/2012:17:36:05 -0800] "POST /blog/wp-cron.php?doing_wp_cron=1331256902 HTTP/1.0" 499 0 "-" "WordPress/3.3.1; http://yuvi.in/blog"
157.55.39.87 - - [08/Mar/2012:17:36:05 -0800] "GET /blog/2010/06/ HTTP/1.1" 200 5809 "-" "msnbot/2.0b (+http://search.msn.com/msnbot.htm)"
85.17.88.169 - - [08/Mar/2012:17:36:08 -0800] "POST /blog/wp-cron.php?doing_wp_cron=1331256906 HTTP/1.0" 499 0 "-" "WordPress/3.3.1; http://yuvi.in/blog"
157.55.39.87 - - [08/Mar/2012:17:36:09 -0800] "GET /blog/2010/07/ HTTP/1.1" 200 9215 "-" "msnbot/2.0b (+http://search.msn.com/msnbot.htm)"
85.17.88.169 - - [08/Mar/2012:17:36:12 -0800] "POST /blog/wp-cron.php?doing_wp_cron=1331256909 HTTP/1.0" 499 0 "-" "WordPress/3.3.1; http://yuvi.in/blog"
157.55.39.87 - - [08/Mar/2012:17:36:12 -0800] "GET /blog/2010/08/ HTTP/1.1" 200 5931 "-" "msnbot/2.0b (+http://search.msn.com/msnbot.htm)"
85.17.88.169 - - [08/Mar/2012:17:36:16 -0800] "POST /blog/wp-cron.php?doing_wp_cron=1331256913 HTTP/1.0" 499 0 "-" "WordPress/3.3.1; http://yuvi.in/blog"
157.55.39.87 - - [08/Mar/2012:17:36:16 -0800] "GET /blog/2010/09/ HTTP/1.1" 200 6900 "-" "msnbot/2.0b (+http://search.msn.com/msnbot.htm)"
85.17.88.169 - - [08/Mar/2012:17:36:19 -0800] "POST /blog/wp-cron.php?doing_wp_cron=1331256917 HTTP/1.0" 499 0 "-" "WordPress/3.3.1; http://yuvi.in/blog"
157.55.39.87 - - [08/Mar/2012:17:36:20 -0800] "GET /blog/2010/10/ HTTP/1.1" 200 4116 "-" "msnbot/2.0b (+http://search.msn.com/msnbot.htm)"
85.17.88.169 - - [08/Mar/2012:17:36:24 -0800] "POST /blog/wp-cron.php?doing_wp_cron=1331256921 HTTP/1.0" 499 0 "-" "WordPress/3.3.1; http://yuvi.in/blog"
157.55.39.87 - - [08/Mar/2012:17:36:24 -0800] "GET /blog/2010/11/ HTTP/1.1" 200 4731 "-" "msnbot/2.0b (+http://search.msn.com/msnbot.htm)"
85.17.88.169 - - [08/Mar/2012:17:36:30 -0800] "POST /blog/wp-cron.php?doing_wp_cron=1331256928 HTTP/1.0" 499 0 "-" "WordPress/3.3.1; http://yuvi.in/blog"
157.55.39.87 - - [08/Mar/2012:17:36:31 -0800] "GET /blog/2011/02/ HTTP/1.1" 200 6450 "-" "msnbot/2.0b (+http://search.msn.com/msnbot.htm)"
207.46.12.76 - - [08/Mar/2012:17:36:33 -0800] "-" 400 0 "-" "-"
207.46.12.76 - - [08/Mar/2012:17:36:33 -0800] "-" 400 0 "-" "-"
207.46.12.76 - - [08/Mar/2012:17:36:33 -0800] "-" 400 0 "-" "-"
207.46.12.76 - - [08/Mar/2012:17:36:34 -0800] "-" 400 0 "-" "-"
207.46.12.76 - - [08/Mar/2012:17:36:34 -0800] "-" 400 0 "-" "-"
207.46.12.76 - - [08/Mar/2012:17:36:34 -0800] "-" 400 0 "-" "-"
207.46.12.76 - - [08/Mar/2012:17:36:34 -0800] "-" 400 0 "-" "-"
85.17.88.169 - - [08/Mar/2012:17:36:34 -0800] "POST /blog/wp-cron.php?doing_wp_cron=1331256932 HTTP/1.0" 499 0 "-" "WordPress/3.3.1; http://yuvi.in/blog"
157.55.39.87 - - [08/Mar/2012:17:36:35 -0800] "GET /blog/2010/12/ HTTP/1.1" 200 6270 "-" "msnbot/2.0b (+http://search.msn.com/msnbot.htm)"
85.17.88.169 - - [08/Mar/2012:17:36:38 -0800] "POST /blog/wp-cron.php?doing_wp_cron=1331256936 HTTP/1.0" 499 0 "-" "WordPress/3.3.1; http://yuvi.in/blog"
157.55.39.87 - - [08/Mar/2012:17:36:39 -0800] "GET /blog/2011/04/ HTTP/1.1" 200 6200 "-" "msnbot/2.0b (+http://search.msn.com/msnbot.htm)"
85.17.88.169 - - [08/Mar/2012:17:36:42 -0800] "POST /blog/wp-cron.php?doing_wp_cron=1331256940 HTTP/1.0" 499 0 "-" "WordPress/3.3.1; http://yuvi.in/blog"
157.55.39.87 - - [08/Mar/2012:17:36:43 -0800] "GET /blog/2011/05/ HTTP/1.1" 200 8920 "-" "msnbot/2.0b (+http://search.msn.com/msnbot.htm)"
85.17.88.169 - - [08/Mar/2012:17:36:46 -0800] "POST /blog/wp-cron.php?doing_wp_cron=1331256943 HTTP/1.0" 499 0 "-" "WordPress/3.3.1; http://yuvi.in/blog"
157.55.39.87 - - [08/Mar/2012:17:36:46 -0800] "GET /blog/2011/06/ HTTP/1.1" 200 19739 "-" "msnbot/2.0b (+http://search.msn.com/msnbot.htm)"
85.17.88.169 - - [08/Mar/2012:17:36:50 -0800] "POST /blog/wp-cron.php?doing_wp_cron=1331256948 HTTP/1.0" 499 0 "-" "WordPress/3.3.1; http://yuvi.in/blog"
157.55.39.87 - - [08/Mar/2012:17:36:51 -0800] "GET /blog/2011/07/ HTTP/1.1" 200 3882 "-" "msnbot/2.0b (+http://search.msn.com/msnbot.htm)"
85.17.88.169 - - [08/Mar/2012:17:36:55 -0800] "POST /blog/wp-cron.php?doing_wp_cron=1331256953 HTTP/1.0" 499 0 "-" "WordPress/3.3.1; http://yuvi.in/blog"
157.55.39.87 - - [08/Mar/2012:17:36:56 -0800] "GET /blog/2011/08/ HTTP/1.1" 200 18168 "-" "msnbot/2.0b (+http://search.msn.com/msnbot.htm)"
85.17.88.169 - - [08/Mar/2012:17:36:59 -0800] "POST /blog/wp-cron.php?doing_wp_cron=1331256957 HTTP/1.0" 200 0 "-" "WordPress/3.3.1; http://yuvi.in/blog"
157.55.39.87 - - [08/Mar/2012:17:37:00 -0800] "GET /blog/2011/10/ HTTP/1.1" 200 4827 "-" "msnbot/2.0b (+http://search.msn.com/msnbot.htm)"
85.17.88.169 - - [08/Mar/2012:17:37:04 -0800] "POST /blog/wp-cron.php?doing_wp_cron=1331256962 HTTP/1.0" 499 0 "-" "WordPress/3.3.1; http://yuvi.in/blog"
157.55.39.87 - - [08/Mar/2012:17:37:05 -0800] "GET /blog/2011/11/ HTTP/1.1" 200 4533 "-" "msnbot/2.0b (+http://search.msn.com/msnbot.htm)"
85.17.88.169 - - [08/Mar/2012:17:37:12 -0800] "POST /blog/wp-cron.php?doing_wp_cron=1331256970 HTTP/1.0" 499 0 "-" "WordPress/3.3.1; http://yuvi.in/blog"
157.55.39.87 - - [08/Mar/2012:17:37:13 -0800] "GET /blog/2011/12/ HTTP/1.1" 200 13429 "-" "msnbot/2.0b (+http://search.msn.com/msnbot.htm)"
85.17.88.169 - - [08/Mar/2012:17:37:16 -0800] "POST /blog/wp-cron.php?doing_wp_cron=1331256974 HTTP/1.0" 499 0 "-" "WordPress/3.3.1; http://yuvi.in/blog"
157.55.39.87 - - [08/Mar/2012:17:37:17 -0800] "GET /blog/2012/01/ HTTP/1.1" 200 6404 "-" "msnbot/2.0b (+http://search.msn.com/msnbot.htm)"
85.17.88.169 - - [08/Mar/2012:17:37:20 -0800] "POST /blog/wp-cron.php?doing_wp_cron=1331256978 HTTP/1.0" 499 0 "-" "WordPress/3.3.1; http://yuvi.in/blog"
157.55.39.87 - - [08/Mar/2012:17:37:21 -0800] "GET /blog/2012/02/ HTTP/1.1" 200 4410 "-" "msnbot/2.0b (+http://search.msn.com/msnbot.htm)"
85.17.88.169 - - [08/Mar/2012:17:37:24 -0800] "POST /blog/wp-cron.php?doing_wp_cron=1331256982 HTTP/1.0" 499 0 "-" "WordPress/3.3.1; http://yuvi.in/blog"
157.55.39.87 - - [08/Mar/2012:17:37:24 -0800] "GET /blog/2012/03/ HTTP/1.1" 200 3953 "-" "msnbot/2.0b (+http://search.msn.com/msnbot.htm)"
85.17.88.169 - - [08/Mar/2012:17:37:28 -0800] "POST /blog/wp-cron.php?doing_wp_cron=1331256985 HTTP/1.0" 499 0 "-" "WordPress/3.3.1; http://yuvi.in/blog"
157.55.39.87 - - [08/Mar/2012:17:37:28 -0800] "GET /blog/tag/yahoo/ HTTP/1.1" 200 4978 "-" "msnbot/2.0b (+http://search.msn.com/msnbot.htm)"
207.46.12.76 - - [08/Mar/2012:17:37:31 -0800] "-" 400 0 "-" "-"
85.17.88.169 - - [08/Mar/2012:17:37:31 -0800] "POST /blog/wp-cron.php?doing_wp_cron=1331256989 HTTP/1.0" 499 0 "-" "WordPress/3.3.1; http://yuvi.in/blog"
157.55.39.87 - - [08/Mar/2012:17:37:33 -0800] "GET /blog/tag/work/ HTTP/1.1" 200 7133 "-" "msnbot/2.0b (+http://search.msn.com/msnbot.htm)"
85.17.88.169 - - [08/Mar/2012:17:37:35 -0800] "POST /blog/wp-cron.php?doing_wp_cron=1331256993 HTTP/1.0" 499 0 "-" "WordPress/3.3.1; http://yuvi.in/blog"
157.55.39.87 - - [08/Mar/2012:17:37:36 -0800] "GET /blog/tag/wordpress/ HTTP/1.1" 200 4160 "-" "msnbot/2.0b (+http://search.msn.com/msnbot.htm)"
85.17.88.169 - - [08/Mar/2012:17:37:39 -0800] "POST /blog/wp-cron.php?doing_wp_cron=1331256996 HTTP/1.0" 499 0 "-" "WordPress/3.3.1; http://yuvi.in/blog"
157.55.39.87 - - [08/Mar/2012:17:37:40 -0800] "GET /blog/tag/travel/ HTTP/1.1" 200 4175 "-" "msnbot/2.0b (+http://search.msn.com/msnbot.htm)"
85.17.88.169 - - [08/Mar/2012:17:37:45 -0800] "POST /blog/wp-cron.php?doing_wp_cron=1331257002 HTTP/1.0" 499 0 "-" "WordPress/3.3.1; http://yuvi.in/blog"
157.55.39.87 - - [08/Mar/2012:17:37:45 -0800] "GET /blog/tag/talk/ HTTP/1.1" 200 4042 "-" "msnbot/2.0b (+http://search.msn.com/msnbot.htm)"
85.17.88.169 - - [08/Mar/2012:17:37:49 -0800] "POST /blog/wp-cron.php?doing_wp_cron=1331257007 HTTP/1.0" 499 0 "-" "WordPress/3.3.1; http://yuvi.in/blog"
157.55.39.87 - - [08/Mar/2012:17:37:50 -0800] "GET /blog/tag/sriram/ HTTP/1.1" 200 14343 "-" "msnbot/2.0b (+http://search.msn.com/msnbot.htm)"
85.17.88.169 - - [08/Mar/2012:17:37:57 -0800] "POST /blog/wp-cron.php?doing_wp_cron=1331257014 HTTP/1.0" 499 0 "-" "WordPress/3.3.1; http://yuvi.in/blog"
157.55.39.87 - - [08/Mar/2012:17:37:57 -0800] "GET /blog/tag/sick/ HTTP/1.1" 200 4047 "-" "msnbot/2.0b (+http://search.msn.com/msnbot.htm)"
85.17.88.169 - - [08/Mar/2012:17:38:00 -0800] "POST /blog/wp-cron.php?doing_wp_cron=1331257018 HTTP/1.0" 499 0 "-" "WordPress/3.3.1; http://yuvi.in/blog"
157.55.39.87 - - [08/Mar/2012:17:38:01 -0800] "GET /blog/tag/rights/ HTTP/1.1" 200 8148 "-" "msnbot/2.0b (+http://search.msn.com/msnbot.htm)"
85.17.88.169 - - [08/Mar/2012:17:38:05 -0800] "POST /blog/wp-cron.php?doing_wp_cron=1331257023 HTTP/1.0" 499 0 "-" "WordPress/3.3.1; http://yuvi.in/blog"
157.55.39.87 - - [08/Mar/2012:17:38:06 -0800] "GET /blog/tag/review/ HTTP/1.1" 200 7728 "-" "msnbot/2.0b (+http://search.msn.com/msnbot.htm)"
85.17.88.169 - - [08/Mar/2012:17:38:08 -0800] "POST /blog/wp-cron.php?doing_wp_cron=1331257026 HTTP/1.0" 499 0 "-" "WordPress/3.3.1; http://yuvi.in/blog"
157.55.39.87 - - [08/Mar/2012:17:38:10 -0800] "GET /blog/tag/reprint/ HTTP/1.1" 200 14345 "-" "msnbot/2.0b (+http://search.msn.com/msnbot.htm)"
85.17.88.169 - - [08/Mar/2012:17:38:13 -0800] "POST /blog/wp-cron.php?doing_wp_cron=1331257031 HTTP/1.0" 499 0 "-" "WordPress/3.3.1; http://yuvi.in/blog"
157.55.39.87 - - [08/Mar/2012:17:38:14 -0800] "GET /blog/tag/reddit/ HTTP/1.1" 200 9226 "-" "msnbot/2.0b (+http://search.msn.com/msnbot.htm)"
85.17.88.169 - - [08/Mar/2012:17:38:20 -0800] "POST /blog/wp-cron.php?doing_wp_cron=1331257037 HTTP/1.0" 499 0 "-" "WordPress/3.3.1; http://yuvi.in/blog"
157.55.39.87 - - [08/Mar/2012:17:38:22 -0800] "GET /blog/tag/rant/ HTTP/1.1" 200 10917 "-" "msnbot/2.0b (+http://search.msn.com/msnbot.htm)"
85.17.88.169 - - [08/Mar/2012:17:38:25 -0800] "POST /blog/wp-cron.php?doing_wp_cron=1331257043 HTTP/1.0" 499 0 "-" "WordPress/3.3.1; http://yuvi.in/blog"
157.55.39.87 - - [08/Mar/2012:17:38:26 -0800] "GET /blog/tag/php/ HTTP/1.1" 200 4535 "-" "msnbot/2.0b (+http://search.msn.com/msnbot.htm)"
85.17.88.169 - - [08/Mar/2012:17:38:29 -0800] "POST /blog/wp-cron.php?doing_wp_cron=1331257046 HTTP/1.0" 499 0 "-" "WordPress/3.3.1; http://yuvi.in/blog"
157.55.39.87 - - [08/Mar/2012:17:38:29 -0800] "GET /blog/tag/photography/ HTTP/1.1" 200 9110 "-" "msnbot/2.0b (+http://search.msn.com/msnbot.htm)"
85.17.88.169 - - [08/Mar/2012:17:38:33 -0800] "POST /blog/wp-cron.php?doing_wp_cron=1331257050 HTTP/1.0" 499 0 "-" "WordPress/3.3.1; http://yuvi.in/blog"
157.55.39.87 - - [08/Mar/2012:17:38:33 -0800] "GET /blog/tag/photo/ HTTP/1.1" 200 4693 "-" "msnbot/2.0b (+http://search.msn.com/msnbot.htm)"
85.17.88.169 - - [08/Mar/2012:17:38:36 -0800] "POST /blog/wp-cron.php?doing_wp_cron=1331257054 HTTP/1.0" 499 0 "-" "WordPress/3.3.1; http://yuvi.in/blog"
157.55.39.87 - - [08/Mar/2012:17:38:37 -0800] "GET /blog/tag/personal/ HTTP/1.1" 200 15119 "-" "msnbot/2.0b (+http://search.msn.com/msnbot.htm)"
85.17.88.169 - - [08/Mar/2012:17:38:41 -0800] "POST /blog/wp-cron.php?doing_wp_cron=1331257058 HTTP/1.0" 499 0 "-" "WordPress/3.3.1; http://yuvi.in/blog"
157.55.39.87 - - [08/Mar/2012:17:38:41 -0800] "GET /blog/tag/parenting/ HTTP/1.1" 200 4981 "-" "msnbot/2.0b (+http://search.msn.com/msnbot.htm)"
85.17.88.169 - - [08/Mar/2012:17:38:46 -0800] "POST /blog/wp-cron.php?doing_wp_cron=1331257064 HTTP/1.0" 499 0 "-" "WordPress/3.3.1; http://yuvi.in/blog"
157.55.39.87 - - [08/Mar/2012:17:38:47 -0800] "GET /blog/tag/note-to-future-self/ HTTP/1.1" 200 4178 "-" "msnbot/2.0b (+http://search.msn.com/msnbot.htm)"
85.17.88.169 - - [08/Mar/2012:17:38:50 -0800] "POST /blog/wp-cron.php?doing_wp_cron=1331257067 HTTP/1.0" 499 0 "-" "WordPress/3.3.1; http://yuvi.in/blog"
157.55.39.87 - - [08/Mar/2012:17:38:50 -0800] "GET /blog/tag/it/ HTTP/1.1" 200 4048 "-" "msnbot/2.0b (+http://search.msn.com/msnbot.htm)"
85.17.88.169 - - [08/Mar/2012:17:38:55 -0800] "POST /blog/wp-cron.php?doing_wp_cron=1331257072 HTTP/1.0" 499 0 "-" "WordPress/3.3.1; http://yuvi.in/blog"
157.55.39.87 - - [08/Mar/2012:17:38:56 -0800] "GET /blog/tag/link/ HTTP/1.1" 200 7132 "-" "msnbot/2.0b (+http://search.msn.com/msnbot.htm)"
85.17.88.169 - - [08/Mar/2012:17:39:01 -0800] "POST /blog/wp-cron.php?doing_wp_cron=1331257078 HTTP/1.0" 499 0 "-" "WordPress/3.3.1; http://yuvi.in/blog"
157.55.39.87 - - [08/Mar/2012:17:39:02 -0800] "GET /blog/tag/interview/ HTTP/1.1" 200 14345 "-" "msnbot/2.0b (+http://search.msn.com/msnbot.htm)"
85.17.88.169 - - [08/Mar/2012:17:39:05 -0800] "POST /blog/wp-cron.php?doing_wp_cron=1331257082 HTTP/1.0" 499 0 "-" "WordPress/3.3.1; http://yuvi.in/blog"
157.55.39.87 - - [08/Mar/2012:17:39:06 -0800] "GET /blog/tag/india/ HTTP/1.1" 200 9221 "-" "msnbot/2.0b (+http://search.msn.com/msnbot.htm)"
85.17.88.169 - - [08/Mar/2012:17:39:10 -0800] "POST /blog/wp-cron.php?doing_wp_cron=1331257087 HTTP/1.0" 499 0 "-" "WordPress/3.3.1; http://yuvi.in/blog"
157.55.39.87 - - [08/Mar/2012:17:39:10 -0800] "GET /blog/tag/flipkart/ HTTP/1.1" 200 4691 "-" "msnbot/2.0b (+http://search.msn.com/msnbot.htm)"
85.17.88.169 - - [08/Mar/2012:17:39:15 -0800] "POST /blog/wp-cron.php?doing_wp_cron=1331257093 HTTP/1.0" 499 0 "-" "WordPress/3.3.1; http://yuvi.in/blog"
157.55.39.87 - - [08/Mar/2012:17:39:16 -0800] "GET /blog/tag/fiction/ HTTP/1.1" 200 4423 "-" "msnbot/2.0b (+http://search.msn.com/msnbot.htm)"
85.17.88.169 - - [08/Mar/2012:17:39:18 -0800] "POST /blog/wp-cron.php?doing_wp_cron=1331257096 HTTP/1.0" 499 0 "-" "WordPress/3.3.1; http://yuvi.in/blog"
157.55.39.87 - - [08/Mar/2012:17:39:19 -0800] "GET /blog/tag/education/ HTTP/1.1" 200 10857 "-" "msnbot/2.0b (+http://search.msn.com/msnbot.htm)"
85.17.88.169 - - [08/Mar/2012:17:39:22 -0800] "POST /blog/wp-cron.php?doing_wp_cron=1331257100 HTTP/1.0" 499 0 "-" "WordPress/3.3.1; http://yuvi.in/blog"
157.55.39.87 - - [08/Mar/2012:17:39:23 -0800] "GET /blog/tag/devlog-dec-2011/ HTTP/1.1" 200 4460 "-" "msnbot/2.0b (+http://search.msn.com/msnbot.htm)"
85.17.88.169 - - [08/Mar/2012:17:39:26 -0800] "POST /blog/wp-cron.php?doing_wp_cron=1331257104 HTTP/1.0" 499 0 "-" "WordPress/3.3.1; http://yuvi.in/blog"
157.55.39.87 - - [08/Mar/2012:17:39:27 -0800] "GET /blog/tag/devlog/ HTTP/1.1" 200 16221 "-" "msnbot/2.0b (+http://search.msn.com/msnbot.htm)"
85.17.88.169 - - [08/Mar/2012:17:39:30 -0800] "POST /blog/wp-cron.php?doing_wp_cron=1331257107 HTTP/1.0" 499 0 "-" "WordPress/3.3.1; http://yuvi.in/blog"
157.55.39.87 - - [08/Mar/2012:17:39:30 -0800] "GET /blog/tag/crime/ HTTP/1.1" 200 8148 "-" "msnbot/2.0b (+http://search.msn.com/msnbot.htm)"
85.17.88.169 - - [08/Mar/2012:17:39:33 -0800] "POST /blog/wp-cron.php?doing_wp_cron=1331257111 HTTP/1.0" 499 0 "-" "WordPress/3.3.1; http://yuvi.in/blog"
157.55.39.87 - - [08/Mar/2012:17:39:34 -0800] "GET /blog/tag/code/ HTTP/1.1" 200 9000 "-" "msnbot/2.0b (+http://search.msn.com/msnbot.htm)"
85.17.88.169 - - [08/Mar/2012:17:39:39 -0800] "POST /blog/wp-cron.php?doing_wp_cron=1331257117 HTTP/1.0" 499 0 "-" "WordPress/3.3.1; http://yuvi.in/blog"
157.55.39.87 - - [08/Mar/2012:17:39:40 -0800] "GET /blog/tag/book/ HTTP/1.1" 200 4546 "-" "msnbot/2.0b (+http://search.msn.com/msnbot.htm)"
85.17.88.169 - - [08/Mar/2012:17:39:43 -0800] "POST /blog/wp-cron.php?doing_wp_cron=1331257121 HTTP/1.0" 499 0 "-" "WordPress/3.3.1; http://yuvi.in/blog"
157.55.39.87 - - [08/Mar/2012:17:39:44 -0800] "GET /blog/tag/blogging/ HTTP/1.1" 200 4141 "-" "msnbot/2.0b (+http://search.msn.com/msnbot.htm)"
27.99.17.171 - - [08/Mar/2012:17:39:44 -0800] "GET /r/1jes HTTP/1.1" 301 257 "http://www.facebook.com/l.php?u=http%3A%2F%2Ftawp.in%2Fr%2F1jes&h=GAQFoDwHlAQGFb4jl5IAE7ga9g680KGEGZGh8j3vJ7BZ2Jg&enc=AZOy8bc7YrDv9ZycptJhnBxNpntUgG1RvDmECtjTS4jZ_uJeNPVnmqBD7bJ7G1G3b_1X0z7qZRy06DvCw6Aersd07B_3-oIIyqI_9LNLX5xU3g" "Mozilla/5.0 (Windows NT 6.1; rv:10.0.2) Gecko/20100101 Firefox/10.0.2"
27.99.17.171 - - [08/Mar/2012:17:39:45 -0800] "GET /s/ta/1jes/ HTTP/1.1" 302 485 "http://www.facebook.com/l.php?u=http%3A%2F%2Ftawp.in%2Fr%2F1jes&h=GAQFoDwHlAQGFb4jl5IAE7ga9g680KGEGZGh8j3vJ7BZ2Jg&enc=AZOy8bc7YrDv9ZycptJhnBxNpntUgG1RvDmECtjTS4jZ_uJeNPVnmqBD7bJ7G1G3b_1X0z7qZRy06DvCw6Aersd07B_3-oIIyqI_9LNLX5xU3g" "Mozilla/5.0 (Windows NT 6.1; rv:10.0.2) Gecko/20100101 Firefox/10.0.2"
85.17.88.169 - - [08/Mar/2012:17:39:48 -0800] "POST /blog/wp-cron.php?doing_wp_cron=1331257126 HTTP/1.0" 499 0 "-" "WordPress/3.3.1; http://yuvi.in/blog"
157.55.39.87 - - [08/Mar/2012:17:39:49 -0800] "GET /blog/tag/bigotry/ HTTP/1.1" 200 4981 "-" "msnbot/2.0b (+http://search.msn.com/msnbot.htm)"
66.249.71.97 - - [08/Mar/2012:17:39:52 -0800] "GET /robots.txt HTTP/1.1" 404 142 "-" "Mozilla/5.0 (compatible; Googlebot/2.1; +http://www.google.com/bot.html)"
66.249.71.97 - - [08/Mar/2012:17:39:52 -0800] "GET /POIOSM HTTP/1.1" 404 142 "-" "Mozilla/5.0 (compatible; Googlebot/2.1; +http://www.google.com/bot.html)"
85.17.88.169 - - [08/Mar/2012:17:39:54 -0800] "POST /blog/wp-cron.php?doing_wp_cron=1331257131 HTTP/1.0" 499 0 "-" "WordPress/3.3.1; http://yuvi.in/blog"
157.55.39.87 - - [08/Mar/2012:17:39:55 -0800] "GET /blog/tag/bigco/ HTTP/1.1" 200 4864 "-" "msnbot/2.0b (+http://search.msn.com/msnbot.htm)"
85.17.88.169 - - [08/Mar/2012:17:39:58 -0800] "POST /blog/wp-cron.php?doing_wp_cron=1331257136 HTTP/1.0" 499 0 "-" "WordPress/3.3.1; http://yuvi.in/blog"
157.55.39.87 - - [08/Mar/2012:17:39:59 -0800] "GET /blog/tag/anniversary/ HTTP/1.1" 200 4141 "-" "msnbot/2.0b (+http://search.msn.com/msnbot.htm)"
85.17.88.169 - - [08/Mar/2012:17:40:02 -0800] "POST /blog/wp-cron.php?doing_wp_cron=1331257140 HTTP/1.0" 499 0 "-" "WordPress/3.3.1; http://yuvi.in/blog"
157.55.39.87 - - [08/Mar/2012:17:40:03 -0800] "GET /blog/tag/atleast-not-yet/ HTTP/1.1" 200 3888 "-" "msnbot/2.0b (+http://search.msn.com/msnbot.htm)"
85.17.88.169 - - [08/Mar/2012:17:40:06 -0800] "POST /blog/wp-cron.php?doing_wp_cron=1331257143 HTTP/1.0" 499 0 "-" "WordPress/3.3.1; http://yuvi.in/blog"
157.55.39.87 - - [08/Mar/2012:17:40:07 -0800] "GET /blog/tag/android/ HTTP/1.1" 200 5387 "-" "msnbot/2.0b (+http://search.msn.com/msnbot.htm)"
85.17.88.169 - - [08/Mar/2012:17:40:11 -0800] "POST /blog/wp-cron.php?doing_wp_cron=1331257148 HTTP/1.0" 499 0 "-" "WordPress/3.3.1; http://yuvi.in/blog"
209.85.224.94 - - [08/Mar/2012:17:40:11 -0800] "GET /stories/feed HTTP/1.1" 200 13653 "-" "FeedBurner/1.0 (http://www.FeedBurner.com)"
157.55.39.87 - - [08/Mar/2012:17:40:11 -0800] "GET /blog/tag/algorithm/ HTTP/1.1" 200 4221 "-" "msnbot/2.0b (+http://search.msn.com/msnbot.htm)"
85.17.88.169 - - [08/Mar/2012:17:40:14 -0800] "POST /blog/wp-cron.php?doing_wp_cron=1331257152 HTTP/1.0" 499 0 "-" "WordPress/3.3.1; http://yuvi.in/blog"
157.55.39.87 - - [08/Mar/2012:17:40:15 -0800] "GET /blog/category/uncategorized/ HTTP/1.1" 200 23025 "-" "msnbot/2.0b (+http://search.msn.com/msnbot.htm)"
85.17.88.169 - - [08/Mar/2012:17:40:18 -0800] "POST /blog/wp-cron.php?doing_wp_cron=1331257155 HTTP/1.0" 499 0 "-" "WordPress/3.3.1; http://yuvi.in/blog"
157.55.39.87 - - [08/Mar/2012:17:40:19 -0800] "GET /blog/category/so-called-it/ HTTP/1.1" 200 12881 "-" "msnbot/2.0b (+http://search.msn.com/msnbot.htm)"
85.17.88.169 - - [08/Mar/2012:17:40:22 -0800] "POST /blog/wp-cron.php?doing_wp_cron=1331257159 HTTP/1.0" 499 0 "-" "WordPress/3.3.1; http://yuvi.in/blog"
157.55.39.87 - - [08/Mar/2012:17:40:23 -0800] "GET /blog/category/personal/ HTTP/1.1" 200 15880 "-" "msnbot/2.0b (+http://search.msn.com/msnbot.htm)"
85.17.88.169 - - [08/Mar/2012:17:40:26 -0800] "POST /blog/wp-cron.php?doing_wp_cron=1331257164 HTTP/1.0" 499 0 "-" "WordPress/3.3.1; http://yuvi.in/blog"
157.55.39.87 - - [08/Mar/2012:17:40:27 -0800] "GET /blog/category/devlog/ HTTP/1.1" 200 14854 "-" "msnbot/2.0b (+http://search.msn.com/msnbot.htm)"
85.17.88.169 - - [08/Mar/2012:17:40:31 -0800] "POST /blog/wp-cron.php?doing_wp_cron=1331257169 HTTP/1.0" 499 0 "-" "WordPress/3.3.1; http://yuvi.in/blog"
157.55.39.87 - - [08/Mar/2012:17:40:32 -0800] "GET /blog/category/events/ HTTP/1.1" 200 13938 "-" "msnbot/2.0b (+http://search.msn.com/msnbot.htm)"
85.17.88.169 - - [08/Mar/2012:17:40:35 -0800] "POST /blog/wp-cron.php?doing_wp_cron=1331257173 HTTP/1.0" 499 0 "-" "WordPress/3.3.1; http://yuvi.in/blog"
157.55.39.87 - - [08/Mar/2012:17:40:35 -0800] "GET /blog/my-vimrc/trackback/ HTTP/1.1" 302 0 "-" "msnbot/2.0b (+http://search.msn.com/msnbot.htm)"
85.17.88.169 - - [08/Mar/2012:17:40:38 -0800] "POST /blog/wp-cron.php?doing_wp_cron=1331257176 HTTP/1.0" 499 0 "-" "WordPress/3.3.1; http://yuvi.in/blog"
157.55.39.87 - - [08/Mar/2012:17:40:39 -0800] "GET /blog/my-vimrc/ HTTP/1.1" 200 4448 "-" "msnbot/2.0b (+http://search.msn.com/msnbot.htm)"
85.17.88.169 - - [08/Mar/2012:17:40:42 -0800] "POST /blog/wp-cron.php?doing_wp_cron=1331257179 HTTP/1.0" 200 0 "-" "WordPress/3.3.1; http://yuvi.in/blog"
157.55.39.87 - - [08/Mar/2012:17:40:43 -0800] "GET /blog/index.html HTTP/1.1" 404 3016 "-" "msnbot/2.0b (+http://search.msn.com/msnbot.htm)"
85.17.88.169 - - [08/Mar/2012:17:40:45 -0800] "POST /blog/wp-cron.php?doing_wp_cron=1331257183 HTTP/1.0" 499 0 "-" "WordPress/3.3.1; http://yuvi.in/blog"
157.55.39.87 - - [08/Mar/2012:17:40:46 -0800] "GET /blog/my-vimrc/feed/ HTTP/1.1" 200 715 "-" "msnbot/2.0b (+http://search.msn.com/msnbot.htm)"
85.17.88.169 - - [08/Mar/2012:17:46:13 -0800] "POST /blog/wp-cron.php?doing_wp_cron=1331257511 HTTP/1.0" 499 0 "-" "WordPress/3.3.1; http://yuvi.in/blog"
66.249.71.97 - - [08/Mar/2012:17:46:14 -0800] "GET /blog/devlog-may-2011/feed/atom/ HTTP/1.1" 200 2105 "-" "Mozilla/5.0 (compatible; Googlebot/2.1; +http://www.google.com/bot.html)"
117.202.140.231 - - [08/Mar/2012:17:46:15 -0800] "-" 400 0 "-" "-"
117.202.140.231 - - [08/Mar/2012:17:46:15 -0800] "-" 400 0 "-" "-"
117.202.140.231 - - [08/Mar/2012:17:46:15 -0800] "-" 400 0 "-" "-"
117.202.140.231 - - [08/Mar/2012:17:46:15 -0800] "-" 400 0 "-" "-"
117.202.140.231 - - [08/Mar/2012:17:46:15 -0800] "-" 400 0 "-" "-"
117.193.194.38 - - [08/Mar/2012:17:47:22 -0800] "-" 400 0 "-" "-"
208.115.113.84 - - [08/Mar/2012:17:49:03 -0800] "GET /blog/how-i-spent-the-day-today.html HTTP/1.1" 200 7203 "-" "Mozilla/5.0 (compatible; Ezooms/1.0; ezooms.bot@gmail.com)"
85.17.88.169 - - [08/Mar/2012:17:49:07 -0800] "POST /blog/wp-cron.php?doing_wp_cron=1331257685 HTTP/1.0" 499 0 "-" "WordPress/3.3.1; http://yuvi.in/blog"
208.115.113.84 - - [08/Mar/2012:17:49:08 -0800] "GET /blog/nen-first-dot-2010-what-i-learnt/feed/ HTTP/1.1" 200 794 "-" "Mozilla/5.0 (compatible; Ezooms/1.0; ezooms.bot@gmail.com)"
85.17.88.169 - - [08/Mar/2012:17:49:09 -0800] "POST /blog/wp-cron.php?doing_wp_cron=1331257687 HTTP/1.0" 200 0 "-" "WordPress/3.3.1; http://yuvi.in/blog"
208.115.113.84 - - [08/Mar/2012:17:49:10 -0800] "GET /blog/tag/travel/feed/ HTTP/1.1" 200 2814 "-" "Mozilla/5.0 (compatible; Ezooms/1.0; ezooms.bot@gmail.com)"
175.157.117.139 - - [08/Mar/2012:17:49:30 -0800] "GET /r/12e HTTP/1.1" 301 255 "http://ta.wikipedia.org/wiki/%E0%AE%90%E0%AE%95%E0%AF%8D%E0%AE%95%E0%AE%BF%E0%AE%AF_%E0%AE%A8%E0%AE%BE%E0%AE%9F%E0%AF%81%E0%AE%95%E0%AE%B3%E0%AF%8D_%E0%AE%A4%E0%AE%B2%E0%AF%88%E0%AE%AE%E0%AF%88%E0%AE%AF%E0%AE%95%E0%AE%AE%E0%AF%8D" "Mozilla/5.0 (Windows NT 5.1; rv:2.0b5) Gecko/20100101 Firefox/4.0b5"
175.157.117.139 - - [08/Mar/2012:17:49:31 -0800] "GET /s/ta/12e/ HTTP/1.1" 302 537 "http://ta.wikipedia.org/wiki/%E0%AE%90%E0%AE%95%E0%AF%8D%E0%AE%95%E0%AE%BF%E0%AE%AF_%E0%AE%A8%E0%AE%BE%E0%AE%9F%E0%AF%81%E0%AE%95%E0%AE%B3%E0%AF%8D_%E0%AE%A4%E0%AE%B2%E0%AF%88%E0%AE%AE%E0%AF%88%E0%AE%AF%E0%AE%95%E0%AE%AE%E0%AF%8D" "Mozilla/5.0 (Windows NT 5.1; rv:2.0b5) Gecko/20100101 Firefox/4.0b5"
108.163.248.74 - - [08/Mar/2012:17:50:05 -0800] "GET /blog/program/ HTTP/1.0" 200 27234 "http://yuvi.in/blog/program/" "Mozilla/4.0 (compatible; MSIE 6.0; Windows NT 5.1; Q312461)"
74.125.126.80 - - [08/Mar/2012:17:53:30 -0800] "GET /favicon.ico HTTP/1.1" 404 142 "-" "-"
66.249.71.116 - - [08/Mar/2012:17:59:24 -0800] "GET /r/2gav%3E HTTP/1.1" 301 263 "-" "Mozilla/5.0 (compatible; Googlebot/2.1; +http://www.google.com/bot.html)"
66.249.71.116 - - [08/Mar/2012:17:59:25 -0800] "GET /s/ta/2gav%3E/ HTTP/1.1" 502 173 "-" "Mozilla/5.0 (compatible; Googlebot/2.1; +http://www.google.com/bot.html)"
117.202.142.40 - - [08/Mar/2012:17:59:48 -0800] "GET /r/1x4w HTTP/1.1" 301 257 "http://ta.wikipedia.org/wiki/%E0%AE%95%E0%AF%82%E0%AE%9F%E0%AE%99%E0%AF%8D%E0%AE%95%E0%AF%81%E0%AE%B3%E0%AE%AE%E0%AF%8D_%E0%AE%85%E0%AE%A3%E0%AF%81%E0%AE%AE%E0%AE%BF%E0%AE%A9%E0%AF%8D_%E0%AE%A8%E0%AE%BF%E0%AE%B2%E0%AF%88%E0%AE%AF%E0%AE%AE%E0%AF%8D" "Mozilla/5.0 (Windows NT 5.1) AppleWebKit/535.11 (KHTML, like Gecko) Chrome/17.0.963.66 Safari/535.11"
117.202.142.40 - - [08/Mar/2012:17:59:48 -0800] "GET /s/ta/1x4w/ HTTP/1.1" 302 561 "http://ta.wikipedia.org/wiki/%E0%AE%95%E0%AF%82%E0%AE%9F%E0%AE%99%E0%AF%8D%E0%AE%95%E0%AF%81%E0%AE%B3%E0%AE%AE%E0%AF%8D_%E0%AE%85%E0%AE%A3%E0%AF%81%E0%AE%AE%E0%AE%BF%E0%AE%A9%E0%AF%8D_%E0%AE%A8%E0%AE%BF%E0%AE%B2%E0%AF%88%E0%AE%AF%E0%AE%AE%E0%AF%8D" "Mozilla/5.0 (Windows NT 5.1) AppleWebKit/535.11 (KHTML, like Gecko) Chrome/17.0.963.66 Safari/535.11"
117.202.142.40 - - [08/Mar/2012:18:00:03 -0800] "-" 400 0 "-" "-"
142.166.3.122 - - [08/Mar/2012:18:00:13 -0800] "GET /robots.txt HTTP/1.1" 404 142 "-" "R6_CommentReader(www.radian6.com/crawler)"
85.17.88.169 - - [08/Mar/2012:18:00:15 -0800] "POST /blog/wp-cron.php?doing_wp_cron=1331258353 HTTP/1.0" 499 0 "-" "WordPress/3.3.1; http://yuvi.in/blog"
75.101.233.99 - - [08/Mar/2012:18:00:16 -0800] "GET /blog/feed/ HTTP/1.0" 200 21686 "-" "R6_FeedFetcher(www.radian6.com/crawler)"
85.17.88.169 - - [08/Mar/2012:18:02:42 -0800] "POST /blog/wp-cron.php?doing_wp_cron=1331258500 HTTP/1.0" 499 0 "-" "WordPress/3.3.1; http://yuvi.in/blog"
209.85.224.90 - - [08/Mar/2012:18:02:43 -0800] "GET /blog/feed HTTP/1.1" 304 0 "-" "FeedBurner/1.0 (http://www.FeedBurner.com)"
85.17.88.169 - - [08/Mar/2012:18:05:13 -0800] "POST /blog/wp-cron.php?doing_wp_cron=1331258651 HTTP/1.0" 499 0 "-" "WordPress/3.3.1; http://yuvi.in/blog"
66.249.71.97 - - [08/Mar/2012:18:05:14 -0800] "GET /blog/passing-headers-proxying-nginx/feed/ HTTP/1.1" 200 797 "-" "Mozilla/5.0 (compatible; Googlebot/2.1; +http://www.google.com/bot.html)"
85.17.88.169 - - [08/Mar/2012:18:07:26 -0800] "POST /blog/wp-cron.php?doing_wp_cron=1331258783 HTTP/1.0" 499 0 "-" "WordPress/3.3.1; http://yuvi.in/blog"
72.14.199.121 - - [08/Mar/2012:18:07:27 -0800] "GET /blog/feed HTTP/1.1" 301 0 "-" "Feedfetcher-Google; (+http://www.google.com/feedfetcher.html; 3 subscribers; feed-id=17684830852112633560)"
85.17.88.169 - - [08/Mar/2012:18:07:29 -0800] "POST /blog/wp-cron.php?doing_wp_cron=1331258786 HTTP/1.0" 499 0 "-" "WordPress/3.3.1; http://yuvi.in/blog"
72.14.199.121 - - [08/Mar/2012:18:07:29 -0800] "GET /blog/feed/ HTTP/1.1" 304 0 "-" "Feedfetcher-Google; (+http://www.google.com/feedfetcher.html; 3 subscribers; feed-id=17684830852112633560)"
208.115.111.68 - - [08/Mar/2012:18:08:19 -0800] "GET /robots.txt HTTP/1.1" 404 169 "-" "Mozilla/5.0 (compatible; Ezooms/1.0; ezooms.bot@gmail.com)"
207.46.204.217 - - [08/Mar/2012:18:11:07 -0800] "-" 400 0 "-" "-"
207.46.204.217 - - [08/Mar/2012:18:11:08 -0800] "-" 400 0 "-" "-"
207.46.204.217 - - [08/Mar/2012:18:11:08 -0800] "-" 400 0 "-" "-"
207.46.204.217 - - [08/Mar/2012:18:11:08 -0800] "-" 400 0 "-" "-"
207.46.204.217 - - [08/Mar/2012:18:11:09 -0800] "-" 400 0 "-" "-"
207.46.204.217 - - [08/Mar/2012:18:11:10 -0800] "-" 400 0 "-" "-"
207.46.204.217 - - [08/Mar/2012:18:11:10 -0800] "-" 400 0 "-" "-"
207.46.204.217 - - [08/Mar/2012:18:11:39 -0800] "-" 400 0 "-" "-"
207.46.204.217 - - [08/Mar/2012:18:11:39 -0800] "-" 400 0 "-" "-"
207.46.204.217 - - [08/Mar/2012:18:11:39 -0800] "-" 400 0 "-" "-"
207.46.204.217 - - [08/Mar/2012:18:11:39 -0800] "-" 400 0 "-" "-"
85.17.88.169 - - [08/Mar/2012:18:13:46 -0800] "POST /blog/wp-cron.php?doing_wp_cron=1331259163 HTTP/1.0" 499 0 "-" "WordPress/3.3.1; http://yuvi.in/blog"
94.228.34.212 - - [08/Mar/2012:18:13:46 -0800] "GET /blog/ HTTP/1.1" 200 10128 "-" "magpie-crawler/1.1 (U; Linux amd64; en-GB; +http://www.brandwatch.net)"
85.17.88.169 - - [08/Mar/2012:18:13:51 -0800] "POST /blog/wp-cron.php?doing_wp_cron=1331259168 HTTP/1.0" 499 0 "-" "WordPress/3.3.1; http://yuvi.in/blog"
94.228.34.212 - - [08/Mar/2012:18:13:51 -0800] "GET /blog/index.html HTTP/1.1" 404 3016 "http://yuvi.in/blog/" "magpie-crawler/1.1 (U; Linux amd64; en-GB; +http://www.brandwatch.net)"
85.17.88.169 - - [08/Mar/2012:18:13:56 -0800] "POST /blog/wp-cron.php?doing_wp_cron=1331259174 HTTP/1.0" 499 0 "-" "WordPress/3.3.1; http://yuvi.in/blog"
183.82.17.208 - - [08/Mar/2012:18:13:56 -0800] "GET /blog/story-average-indian-techie/ HTTP/1.1" 200 14155 "http://www.google.co.in/url?sa=t&rct=j&q=experience%20of%20an%20indian%20techie%20in%20the%20us&source=web&cd=4&ved=0CDwQFjAD&url=http%3A%2F%2Fyuvi.in%2Fblog%2Fstory-average-indian-techie%2F&ei=EWdZT5z4LI7RrQeB0fSaDA&usg=AFQjCNGYyWfAaF3g9QY5OV1FVEpScLlqlg" "Mozilla/5.0 (compatible; MSIE 9.0; Windows NT 6.1; WOW64; Trident/5.0)"
183.82.17.208 - - [08/Mar/2012:18:13:57 -0800] "GET /blog/wp-content/themes/cleanr/style.css HTTP/1.1" 200 10508 "http://yuvi.in/blog/story-average-indian-techie/" "Mozilla/5.0 (compatible; MSIE 9.0; Windows NT 6.1; WOW64; Trident/5.0)"
183.82.17.208 - - [08/Mar/2012:18:13:58 -0800] "GET /blog/wp-content/themes/cleanr/css/text.css HTTP/1.1" 200 420 "http://yuvi.in/blog/story-average-indian-techie/" "Mozilla/5.0 (compatible; MSIE 9.0; Windows NT 6.1; WOW64; Trident/5.0)"
183.82.17.208 - - [08/Mar/2012:18:13:58 -0800] "GET /blog/wp-content/themes/cleanr/css/reset.css HTTP/1.1" 200 648 "http://yuvi.in/blog/story-average-indian-techie/" "Mozilla/5.0 (compatible; MSIE 9.0; Windows NT 6.1; WOW64; Trident/5.0)"
183.82.17.208 - - [08/Mar/2012:18:13:58 -0800] "GET /blog/wp-content/themes/cleanr/css/960.css HTTP/1.1" 200 3628 "http://yuvi.in/blog/story-average-indian-techie/" "Mozilla/5.0 (compatible; MSIE 9.0; Windows NT 6.1; WOW64; Trident/5.0)"
183.82.17.208 - - [08/Mar/2012:18:13:59 -0800] "GET /blog/wp-content/themes/cleanr/css/ie.css HTTP/1.1" 200 390 "http://yuvi.in/blog/story-average-indian-techie/" "Mozilla/5.0 (compatible; MSIE 9.0; Windows NT 6.1; WOW64; Trident/5.0)"
183.82.17.208 - - [08/Mar/2012:18:13:59 -0800] "GET /blog/wp-content/themes/cleanr/js/jquery.dropdown.js?ver=3.3.1 HTTP/1.1" 200 535 "http://yuvi.in/blog/story-average-indian-techie/" "Mozilla/5.0 (compatible; MSIE 9.0; Windows NT 6.1; WOW64; Trident/5.0)"
183.82.17.208 - - [08/Mar/2012:18:14:00 -0800] "GET /blog/wp-includes/js/jquery/jquery.js?ver=1.7.1 HTTP/1.1" 200 93889 "http://yuvi.in/blog/story-average-indian-techie/" "Mozilla/5.0 (compatible; MSIE 9.0; Windows NT 6.1; WOW64; Trident/5.0)"
183.82.17.208 - - [08/Mar/2012:18:14:02 -0800] "GET /blog/wp-content/themes/cleanr/images/search_magnifier.gif HTTP/1.1" 200 394 "http://yuvi.in/blog/story-average-indian-techie/" "Mozilla/5.0 (compatible; MSIE 9.0; Windows NT 6.1; WOW64; Trident/5.0)"
183.82.17.208 - - [08/Mar/2012:18:14:02 -0800] "GET /favicon.ico HTTP/1.1" 404 199 "-" "Mozilla/5.0 (compatible; MSIE 9.0; Windows NT 6.1; WOW64; Trident/5.0)"
85.17.88.169 - - [08/Mar/2012:18:14:08 -0800] "POST /blog/wp-cron.php?doing_wp_cron=1331259185 HTTP/1.0" 499 0 "-" "WordPress/3.3.1; http://yuvi.in/blog"
183.82.17.208 - - [08/Mar/2012:18:14:08 -0800] "GET /blog/story-average-indian-techie/?cf_action=sync_comments&post_id=220 HTTP/1.1" 200 48 "http://yuvi.in/blog/story-average-indian-techie/" "Mozilla/5.0 (compatible; MSIE 9.0; Windows NT 6.1; WOW64; Trident/5.0)"
96.2.82.137 - - [08/Mar/2012:18:14:38 -0800] "GET /robots.txt HTTP/1.0" 404 169 "-" "Mozilla/5.0 (compatible; MJ12bot/v1.4.2; http://www.majestic12.co.uk/bot.php?+)"
96.2.82.137 - - [08/Mar/2012:18:14:40 -0800] "GET /blog/devlog-feb-2011.html HTTP/1.1" 200 7216 "-" "Mozilla/5.0 (compatible; MJ12bot/v1.4.2; http://www.majestic12.co.uk/bot.php?+)"
180.76.5.136 - - [08/Mar/2012:18:16:50 -0800] "GET / HTTP/1.1" 304 0 "-" "Mozilla/5.0 (compatible; Baiduspider/2.0; +http://www.baidu.com/search/spider.html)"
66.249.71.97 - - [08/Mar/2012:18:17:58 -0800] "GET / HTTP/1.1" 200 1430 "-" "Mozilla/5.0 (compatible; Googlebot/2.1; +http://www.google.com/bot.html)"
65.52.110.34 - - [08/Mar/2012:18:18:02 -0800] "GET /s/ta/15i1/ HTTP/1.1" 302 449 "-" "Mozilla/5.0 (compatible; bingbot/2.0; +http://www.bing.com/bingbot.htm)"
85.17.88.169 - - [08/Mar/2012:18:18:03 -0800] "POST /blog/wp-cron.php?doing_wp_cron=1331259420 HTTP/1.0" 499 0 "-" "WordPress/3.3.1; http://yuvi.in/blog"
186.216.41.18 - - [08/Mar/2012:18:18:03 -0800] "GET /blog/my-vimrc/ HTTP/1.1" 200 15921 "-" "Mozilla/5.0 (compatible; Googlebot/2.1; +http://www.google.com/bot.html)"
85.17.88.169 - - [08/Mar/2012:18:20:42 -0800] "POST /blog/wp-cron.php?doing_wp_cron=1331259579 HTTP/1.0" 499 0 "-" "WordPress/3.3.1; http://yuvi.in/blog"
180.76.6.36 - - [08/Mar/2012:18:20:43 -0800] "GET /blog/moving-back-to-wordpress/ HTTP/1.1" 200 4956 "-" "Mozilla/5.0 (compatible; Baiduspider/2.0; +http://www.baidu.com/search/spider.html)"
223.255.229.66 - - [08/Mar/2012:18:24:02 -0800] "GET /r/1l0v HTTP/1.1" 301 257 "-" "Mozilla/4.0 (compatible; MSIE 7.0; Windows NT 6.1; WOW64; Trident/5.0; SLCC2; .NET CLR 2.0.50727; .NET CLR 3.5.30729; .NET CLR 3.0.30729; Media Center PC 6.0; InfoPath.3; .NET4.0C; BRI/2; yie9; ms-office)"
223.255.229.66 - - [08/Mar/2012:18:24:03 -0800] "GET /s/ta/1l0v/ HTTP/1.1" 302 429 "-" "Mozilla/4.0 (compatible; MSIE 7.0; Windows NT 6.1; WOW64; Trident/5.0; SLCC2; .NET CLR 2.0.50727; .NET CLR 3.5.30729; .NET CLR 3.0.30729; Media Center PC 6.0; InfoPath.3; .NET4.0C; BRI/2; yie9; ms-office)"
122.164.68.175 - - [08/Mar/2012:18:25:49 -0800] "-" 400 0 "-" "-"
207.46.204.168 - - [08/Mar/2012:18:27:08 -0800] "-" 400 0 "-" "-"
207.46.204.168 - - [08/Mar/2012:18:27:08 -0800] "-" 400 0 "-" "-"
207.46.204.168 - - [08/Mar/2012:18:27:08 -0800] "-" 400 0 "-" "-"
207.46.204.168 - - [08/Mar/2012:18:27:08 -0800] "-" 400 0 "-" "-"
207.46.204.168 - - [08/Mar/2012:18:27:08 -0800] "-" 400 0 "-" "-"
207.46.204.168 - - [08/Mar/2012:18:27:08 -0800] "-" 400 0 "-" "-"
207.46.204.168 - - [08/Mar/2012:18:27:08 -0800] "-" 400 0 "-" "-"
207.46.204.168 - - [08/Mar/2012:18:27:08 -0800] "-" 400 0 "-" "-"
207.46.204.168 - - [08/Mar/2012:18:27:27 -0800] "-" 400 0 "-" "-"
207.46.204.168 - - [08/Mar/2012:18:27:27 -0800] "-" 400 0 "-" "-"
207.46.204.168 - - [08/Mar/2012:18:27:27 -0800] "-" 400 0 "-" "-"
123.125.71.20 - - [08/Mar/2012:18:30:01 -0800] "GET / HTTP/1.1" 200 3439 "-" "Mozilla/5.0 (compatible; Baiduspider/2.0; +http://www.baidu.com/search/spider.html)"
220.181.108.85 - - [08/Mar/2012:18:30:33 -0800] "GET / HTTP/1.1" 200 3439 "-" "Mozilla/5.0 (compatible; Baiduspider/2.0; +http://www.baidu.com/search/spider.html)"
117.193.178.146 - - [08/Mar/2012:18:30:52 -0800] "-" 400 0 "-" "-"
85.17.88.169 - - [08/Mar/2012:18:32:47 -0800] "POST /blog/wp-cron.php?doing_wp_cron=1331260305 HTTP/1.0" 499 0 "-" "WordPress/3.3.1; http://yuvi.in/blog"
209.85.224.89 - - [08/Mar/2012:18:32:48 -0800] "GET /blog/feed HTTP/1.1" 304 0 "-" "FeedBurner/1.0 (http://www.FeedBurner.com)"
66.249.71.116 - - [08/Mar/2012:18:32:51 -0800] "GET /s/ta/240../ HTTP/1.1" 502 173 "-" "Mozilla/5.0 (compatible; Googlebot/2.1; +http://www.google.com/bot.html)"
89.182.33.255 - - [08/Mar/2012:18:39:54 -0800] "GET /blog/tag/devlog.html HTTP/1.1" 200 23470 "-" "findlinks/2.0.2 (+http://wortschatz.uni-leipzig.de/findlinks/)"
209.85.224.84 - - [08/Mar/2012:18:40:13 -0800] "GET /stories/feed HTTP/1.1" 200 13653 "-" "FeedBurner/1.0 (http://www.FeedBurner.com)"
122.174.33.18 - - [08/Mar/2012:18:40:16 -0800] "-" 400 0 "-" "-"
85.17.88.169 - - [08/Mar/2012:18:40:30 -0800] "POST /blog/wp-cron.php?doing_wp_cron=1331260767 HTTP/1.0" 499 0 "-" "WordPress/3.3.1; http://yuvi.in/blog"
72.14.199.121 - - [08/Mar/2012:18:40:30 -0800] "GET /blog/feed/ HTTP/1.1" 304 0 "-" "Feedfetcher-Google; (+http://www.google.com/feedfetcher.html; 18 subscribers; feed-id=15064232456473204253)"
122.174.33.18 - - [08/Mar/2012:18:42:06 -0800] "-" 400 0 "-" "-"
207.46.12.70 - - [08/Mar/2012:18:46:27 -0800] "-" 400 0 "-" "-"
207.46.204.162 - - [08/Mar/2012:18:46:27 -0800] "-" 400 0 "-" "-"
207.46.204.162 - - [08/Mar/2012:18:46:27 -0800] "-" 400 0 "-" "-"
207.46.204.162 - - [08/Mar/2012:18:46:27 -0800] "-" 400 0 "-" "-"
207.46.204.162 - - [08/Mar/2012:18:46:27 -0800] "-" 400 0 "-" "-"
207.46.204.162 - - [08/Mar/2012:18:46:27 -0800] "-" 400 0 "-" "-"
207.46.204.162 - - [08/Mar/2012:18:46:27 -0800] "-" 400 0 "-" "-"
207.46.204.162 - - [08/Mar/2012:18:46:27 -0800] "-" 400 0 "-" "-"
207.46.204.162 - - [08/Mar/2012:18:46:28 -0800] "-" 400 0 "-" "-"
207.46.204.162 - - [08/Mar/2012:18:46:28 -0800] "-" 400 0 "-" "-"
207.46.204.162 - - [08/Mar/2012:18:46:28 -0800] "-" 400 0 "-" "-"
207.46.12.70 - - [08/Mar/2012:18:46:29 -0800] "-" 400 0 "-" "-"
207.46.12.70 - - [08/Mar/2012:18:46:29 -0800] "-" 400 0 "-" "-"
207.46.12.70 - - [08/Mar/2012:18:46:29 -0800] "-" 400 0 "-" "-"
207.46.12.70 - - [08/Mar/2012:18:46:29 -0800] "-" 400 0 "-" "-"
85.17.88.169 - - [08/Mar/2012:18:46:29 -0800] "POST /blog/wp-cron.php?doing_wp_cron=1331261126 HTTP/1.0" 499 0 "-" "WordPress/3.3.1; http://yuvi.in/blog"
88.251.98.180 - - [08/Mar/2012:18:46:29 -0800] "GET /blog/my-vimrc/ HTTP/1.1" 200 15921 "-" "Mozilla/5.0 (compatible; Googlebot/2.1; +http://www.google.com/bot.html)"
207.46.12.70 - - [08/Mar/2012:18:46:30 -0800] "-" 400 0 "-" "-"
207.46.12.70 - - [08/Mar/2012:18:46:30 -0800] "-" 400 0 "-" "-"
207.46.12.70 - - [08/Mar/2012:18:46:30 -0800] "-" 400 0 "-" "-"
207.46.12.70 - - [08/Mar/2012:18:46:30 -0800] "-" 400 0 "-" "-"
207.46.12.70 - - [08/Mar/2012:18:46:30 -0800] "-" 400 0 "-" "-"
207.46.204.162 - - [08/Mar/2012:18:47:11 -0800] "-" 400 0 "-" "-"
85.17.88.169 - - [08/Mar/2012:18:49:47 -0800] "POST /blog/wp-cron.php?doing_wp_cron=1331261324 HTTP/1.0" 499 0 "-" "WordPress/3.3.1; http://yuvi.in/blog"
121.96.61.130 - - [08/Mar/2012:18:49:47 -0800] "GET /blog/work-life-balance/ HTTP/1.1" 200 5955 "-" "Mozilla/5.0 (Windows NT 5.1) AppleWebKit/535.11 (KHTML, like Gecko) Chrome/17.0.963.78 Safari/535.11"
85.17.88.169 - - [08/Mar/2012:18:49:48 -0800] "POST /blog/wp-cron.php?doing_wp_cron=1331261325 HTTP/1.0" 499 0 "-" "WordPress/3.3.1; http://yuvi.in/blog"
121.96.61.130 - - [08/Mar/2012:18:49:48 -0800] "GET /blog/ HTTP/1.1" 200 9195 "-" "Mozilla/5.0 (Windows NT 5.1) AppleWebKit/535.11 (KHTML, like Gecko) Chrome/17.0.963.78 Safari/535.11"
121.96.61.130 - - [08/Mar/2012:18:49:49 -0800] "GET /blog/wp-content/themes/cleanr/style.css HTTP/1.1" 200 10508 "http://yuvi.in/blog/" "Mozilla/5.0 (Windows NT 5.1) AppleWebKit/535.11 (KHTML, like Gecko) Chrome/17.0.963.78 Safari/535.11"
121.96.61.130 - - [08/Mar/2012:18:49:49 -0800] "GET /blog/wp-content/themes/cleanr/js/jquery.dropdown.js?ver=3.3.1 HTTP/1.1" 200 535 "http://yuvi.in/blog/" "Mozilla/5.0 (Windows NT 5.1) AppleWebKit/535.11 (KHTML, like Gecko) Chrome/17.0.963.78 Safari/535.11"
121.96.61.130 - - [08/Mar/2012:18:49:50 -0800] "GET /blog/wp-content/themes/cleanr/css/reset.css HTTP/1.1" 200 648 "http://yuvi.in/blog/" "Mozilla/5.0 (Windows NT 5.1) AppleWebKit/535.11 (KHTML, like Gecko) Chrome/17.0.963.78 Safari/535.11"
121.96.61.130 - - [08/Mar/2012:18:49:50 -0800] "GET /blog/wp-content/themes/cleanr/css/text.css HTTP/1.1" 200 420 "http://yuvi.in/blog/" "Mozilla/5.0 (Windows NT 5.1) AppleWebKit/535.11 (KHTML, like Gecko) Chrome/17.0.963.78 Safari/535.11"
121.96.61.130 - - [08/Mar/2012:18:49:50 -0800] "GET /blog/wp-content/themes/cleanr/css/960.css HTTP/1.1" 200 3628 "http://yuvi.in/blog/" "Mozilla/5.0 (Windows NT 5.1) AppleWebKit/535.11 (KHTML, like Gecko) Chrome/17.0.963.78 Safari/535.11"
121.96.61.130 - - [08/Mar/2012:18:49:50 -0800] "GET /blog/wp-includes/js/jquery/jquery.js?ver=1.7.1 HTTP/1.1" 200 93889 "http://yuvi.in/blog/" "Mozilla/5.0 (Windows NT 5.1) AppleWebKit/535.11 (KHTML, like Gecko) Chrome/17.0.963.78 Safari/535.11"
121.96.61.130 - - [08/Mar/2012:18:49:51 -0800] "GET /blog/wp-content/themes/cleanr/images/search_magnifier.gif HTTP/1.1" 200 394 "http://yuvi.in/blog/" "Mozilla/5.0 (Windows NT 5.1) AppleWebKit/535.11 (KHTML, like Gecko) Chrome/17.0.963.78 Safari/535.11"
121.96.61.130 - - [08/Mar/2012:18:49:52 -0800] "GET /favicon.ico HTTP/1.1" 404 199 "-" "Mozilla/5.0 (Windows NT 5.1) AppleWebKit/535.11 (KHTML, like Gecko) Chrome/17.0.963.78 Safari/535.11"
85.17.88.169 - - [08/Mar/2012:18:49:54 -0800] "POST /blog/wp-cron.php?doing_wp_cron=1331261331 HTTP/1.0" 499 0 "-" "WordPress/3.3.1; http://yuvi.in/blog"
121.96.61.130 - - [08/Mar/2012:18:49:54 -0800] "GET /blog/my-vimrc/ HTTP/1.1" 200 4115 "http://yuvi.in/blog/" "Mozilla/5.0 (Windows NT 5.1) AppleWebKit/535.11 (KHTML, like Gecko) Chrome/17.0.963.78 Safari/535.11"
121.96.61.130 - - [08/Mar/2012:18:49:56 -0800] "GET /favicon.ico HTTP/1.1" 404 199 "-" "Mozilla/5.0 (Windows NT 5.1) AppleWebKit/535.11 (KHTML, like Gecko) Chrome/17.0.963.78 Safari/535.11"
121.96.61.130 - - [08/Mar/2012:18:49:57 -0800] "GET /favicon.ico HTTP/1.1" 404 199 "-" "Mozilla/5.0 (Windows NT 5.1) AppleWebKit/535.11 (KHTML, like Gecko) Chrome/17.0.963.78 Safari/535.11"
121.96.61.130 - - [08/Mar/2012:18:49:57 -0800] "GET /favicon.ico HTTP/1.1" 404 199 "-" "Mozilla/5.0 (Windows NT 5.1) AppleWebKit/535.11 (KHTML, like Gecko) Chrome/17.0.963.78 Safari/535.11"
121.96.61.130 - - [08/Mar/2012:18:49:58 -0800] "GET /favicon.ico HTTP/1.1" 404 199 "-" "Mozilla/5.0 (Windows NT 5.1) AppleWebKit/535.11 (KHTML, like Gecko) Chrome/17.0.963.78 Safari/535.11"
121.96.61.130 - - [08/Mar/2012:18:49:58 -0800] "GET /favicon.ico HTTP/1.1" 404 199 "-" "Mozilla/5.0 (Windows NT 5.1) AppleWebKit/535.11 (KHTML, like Gecko) Chrome/17.0.963.78 Safari/535.11"
121.96.61.130 - - [08/Mar/2012:18:49:58 -0800] "GET /favicon.ico HTTP/1.1" 404 199 "-" "Mozilla/5.0 (Windows NT 5.1) AppleWebKit/535.11 (KHTML, like Gecko) Chrome/17.0.963.78 Safari/535.11"
85.17.88.169 - - [08/Mar/2012:18:50:00 -0800] "POST /blog/wp-cron.php?doing_wp_cron=1331261338 HTTP/1.0" 499 0 "-" "WordPress/3.3.1; http://yuvi.in/blog"
121.96.61.130 - - [08/Mar/2012:18:50:00 -0800] "GET /blog/my-vimrc/?cf_action=sync_comments&post_id=398 HTTP/1.1" 200 48 "http://yuvi.in/blog/my-vimrc/" "Mozilla/5.0 (Windows NT 5.1) AppleWebKit/535.11 (KHTML, like Gecko) Chrome/17.0.963.78 Safari/535.11"
121.96.61.130 - - [08/Mar/2012:18:50:03 -0800] "GET /blog/my-vimrc/ HTTP/1.1" 200 4115 "http://yuvi.in/blog/" "Mozilla/5.0 (Windows NT 5.1) AppleWebKit/535.11 (KHTML, like Gecko) Chrome/17.0.963.78 Safari/535.11"
121.96.61.130 - - [08/Mar/2012:18:50:04 -0800] "GET /favicon.ico HTTP/1.1" 404 199 "-" "Mozilla/5.0 (Windows NT 5.1) AppleWebKit/535.11 (KHTML, like Gecko) Chrome/17.0.963.78 Safari/535.11"
121.96.61.130 - - [08/Mar/2012:18:50:05 -0800] "GET /favicon.ico HTTP/1.1" 404 199 "-" "Mozilla/5.0 (Windows NT 5.1) AppleWebKit/535.11 (KHTML, like Gecko) Chrome/17.0.963.78 Safari/535.11"
121.96.61.130 - - [08/Mar/2012:18:50:05 -0800] "GET /favicon.ico HTTP/1.1" 404 199 "-" "Mozilla/5.0 (Windows NT 5.1) AppleWebKit/535.11 (KHTML, like Gecko) Chrome/17.0.963.78 Safari/535.11"
177.9.229.250 - - [08/Mar/2012:18:50:37 -0800] "GET /blog/my-vimrc/ HTTP/1.1" 200 16064 "-" "Mozilla/5.0 (compatible; Googlebot/2.1; +http://www.google.com/bot.html)"
122.174.88.83 - - [08/Mar/2012:18:50:44 -0800] "-" 400 0 "-" "-"
77.75.77.17 - - [08/Mar/2012:18:51:00 -0800] "GET /robots.txt HTTP/1.1" 404 142 "-" "SeznamBot/3.0 (+http://fulltext.sblog.cz/)"
77.75.77.17 - - [08/Mar/2012:18:51:02 -0800] "GET /blog/ HTTP/1.1" 200 9195 "-" "SeznamBot/3.0 (+http://fulltext.sblog.cz/)"
207.46.204.218 - - [08/Mar/2012:18:54:27 -0800] "-" 400 0 "-" "-"
207.46.204.218 - - [08/Mar/2012:18:54:29 -0800] "-" 400 0 "-" "-"
