38.111.147.84 - - [13/Apr/2012:21:17:34 -0700] "GET /blog/enthusiastic-teachers-and-naive-implementation-of-gauss-seidel-approximations.html HTTP/1.0" 304 0 "-" "TurnitinBot/2.1 (http://www.turnitin.com/robot/crawlerinfo.html)"
117.197.193.23 - - [13/Apr/2012:21:17:46 -0700] "-" 400 0 "-" "-"
117.197.193.23 - - [13/Apr/2012:21:17:46 -0700] "-" 400 0 "-" "-"
117.197.193.23 - - [13/Apr/2012:21:17:46 -0700] "-" 400 0 "-" "-"
117.197.193.23 - - [13/Apr/2012:21:17:46 -0700] "-" 400 0 "-" "-"
117.197.193.23 - - [13/Apr/2012:21:17:46 -0700] "-" 400 0 "-" "-"
208.115.113.84 - - [13/Apr/2012:21:17:53 -0700] "GET /robots.txt HTTP/1.1" 404 169 "-" "Mozilla/5.0 (compatible; Ezooms/1.0; ezooms.bot@gmail.com)"
38.111.147.84 - - [13/Apr/2012:21:18:03 -0700] "GET /blog/code-highligting-plugin-for-hislain.html HTTP/1.0" 304 0 "-" "TurnitinBot/2.1 (http://www.turnitin.com/robot/crawlerinfo.html)"
118.100.81.251 - - [13/Apr/2012:21:18:15 -0700] "-" 400 0 "-" "-"
38.111.147.84 - - [13/Apr/2012:21:18:33 -0700] "GET /blog/cheese-gsoc-report-week-8.html HTTP/1.0" 304 0 "-" "TurnitinBot/2.1 (http://www.turnitin.com/robot/crawlerinfo.html)"
38.111.147.84 - - [13/Apr/2012:21:19:03 -0700] "GET /blog/cheese-gsoc-report-week-7.html HTTP/1.0" 304 0 "-" "TurnitinBot/2.1 (http://www.turnitin.com/robot/crawlerinfo.html)"
38.111.147.84 - - [13/Apr/2012:21:19:35 -0700] "GET /blog/cheese-gsoc-report-week-5.html HTTP/1.0" 304 0 "-" "TurnitinBot/2.1 (http://www.turnitin.com/robot/crawlerinfo.html)"
117.193.133.106 - - [13/Apr/2012:21:20:02 -0700] "-" 400 0 "-" "-"
38.111.147.84 - - [13/Apr/2012:21:20:08 -0700] "GET /blog/cheese-gsoc-report-week-4.html HTTP/1.0" 304 0 "-" "TurnitinBot/2.1 (http://www.turnitin.com/robot/crawlerinfo.html)"
59.92.60.235 - - [13/Apr/2012:21:20:13 -0700] "-" 400 0 "-" "-"
123.238.8.157 - - [13/Apr/2012:21:20:33 -0700] "-" 400 0 "-" "-"
123.238.8.157 - - [13/Apr/2012:21:20:33 -0700] "-" 400 0 "-" "-"
123.238.8.157 - - [13/Apr/2012:21:20:33 -0700] "-" 400 0 "-" "-"
38.111.147.84 - - [13/Apr/2012:21:20:35 -0700] "GET /blog/cheese-gsoc-report-week-3.html HTTP/1.0" 304 0 "-" "TurnitinBot/2.1 (http://www.turnitin.com/robot/crawlerinfo.html)"
38.111.147.84 - - [13/Apr/2012:21:21:05 -0700] "GET /blog/cheese-gsoc-report-week-2.html HTTP/1.0" 304 0 "-" "TurnitinBot/2.1 (http://www.turnitin.com/robot/crawlerinfo.html)"
38.111.147.84 - - [13/Apr/2012:21:21:35 -0700] "GET /blog/cheese-gsoc-report-week-1.html HTTP/1.0" 304 0 "-" "TurnitinBot/2.1 (http://www.turnitin.com/robot/crawlerinfo.html)"
38.111.147.84 - - [13/Apr/2012:21:22:05 -0700] "GET /blog/nen-first-dot-2010-what-i-learnt.html HTTP/1.0" 304 0 "-" "TurnitinBot/2.1 (http://www.turnitin.com/robot/crawlerinfo.html)"
38.111.147.84 - - [13/Apr/2012:21:22:36 -0700] "GET /blog/functional-programming-geekweekend-at-thoughtworks.html HTTP/1.0" 304 0 "-" "TurnitinBot/2.1 (http://www.turnitin.com/robot/crawlerinfo.html)"
85.17.88.169 - - [13/Apr/2012:21:22:43 -0700] "POST /blog/wp-cron.php?doing_wp_cron=1334377012 HTTP/1.0" 499 0 "-" "WordPress/3.3.1; http://yuvi.in/blog"
129.34.20.23 - - [13/Apr/2012:21:22:43 -0700] "GET /blog/feed/ HTTP/1.1" 200 21860 "-" "Mozilla/5.0 (Windows; U; Windows NT 5.1; en-US; rv:1.9.0.3) Gecko/2008092417 Firefox/3.0.3"
38.111.147.84 - - [13/Apr/2012:21:23:05 -0700] "GET /blog/tag/nen.html HTTP/1.0" 304 0 "-" "TurnitinBot/2.1 (http://www.turnitin.com/robot/crawlerinfo.html)"
38.111.147.84 - - [13/Apr/2012:21:23:35 -0700] "GET /blog/samsung-n210-review.html HTTP/1.0" 304 0 "-" "TurnitinBot/2.1 (http://www.turnitin.com/robot/crawlerinfo.html)"
117.193.159.22 - - [13/Apr/2012:21:23:44 -0700] "-" 400 0 "-" "-"
59.92.60.235 - - [13/Apr/2012:21:23:53 -0700] "-" 400 0 "-" "-"
38.111.147.84 - - [13/Apr/2012:21:24:05 -0700] "GET /blog/moving-to-vim-from-emacs.html HTTP/1.0" 304 0 "-" "TurnitinBot/2.1 (http://www.turnitin.com/robot/crawlerinfo.html)"
59.92.60.235 - - [13/Apr/2012:21:24:13 -0700] "-" 400 0 "-" "-"
117.193.159.22 - - [13/Apr/2012:21:24:17 -0700] "-" 400 0 "-" "-"
38.111.147.84 - - [13/Apr/2012:21:24:35 -0700] "GET /blog/more-effects-for-cheese.html HTTP/1.0" 304 0 "-" "TurnitinBot/2.1 (http://www.turnitin.com/robot/crawlerinfo.html)"
115.184.242.108 - - [13/Apr/2012:21:24:52 -0700] "-" 400 0 "-" "-"
38.111.147.84 - - [13/Apr/2012:21:25:05 -0700] "GET /blog/code-i-ve-written-so-far.html HTTP/1.0" 304 0 "-" "TurnitinBot/2.1 (http://www.turnitin.com/robot/crawlerinfo.html)"
157.55.112.210 - - [13/Apr/2012:21:25:08 -0700] "-" 400 0 "-" "-"
157.55.112.210 - - [13/Apr/2012:21:25:08 -0700] "-" 400 0 "-" "-"
157.55.112.210 - - [13/Apr/2012:21:25:08 -0700] "-" 400 0 "-" "-"
157.55.112.210 - - [13/Apr/2012:21:25:16 -0700] "-" 400 0 "-" "-"
157.55.112.210 - - [13/Apr/2012:21:25:17 -0700] "-" 400 0 "-" "-"
157.55.112.210 - - [13/Apr/2012:21:25:18 -0700] "-" 400 0 "-" "-"
157.55.112.210 - - [13/Apr/2012:21:25:18 -0700] "-" 400 0 "-" "-"
157.55.112.210 - - [13/Apr/2012:21:25:18 -0700] "-" 400 0 "-" "-"
157.55.112.210 - - [13/Apr/2012:21:25:20 -0700] "-" 400 0 "-" "-"
157.56.92.141 - - [13/Apr/2012:21:25:20 -0700] "-" 400 0 "-" "-"
157.55.112.210 - - [13/Apr/2012:21:25:20 -0700] "-" 400 0 "-" "-"
157.55.112.210 - - [13/Apr/2012:21:25:20 -0700] "-" 400 0 "-" "-"
157.55.112.210 - - [13/Apr/2012:21:25:20 -0700] "-" 400 0 "-" "-"
157.56.92.141 - - [13/Apr/2012:21:25:21 -0700] "-" 400 0 "-" "-"
157.56.92.141 - - [13/Apr/2012:21:25:21 -0700] "-" 400 0 "-" "-"
157.56.92.141 - - [13/Apr/2012:21:25:21 -0700] "-" 400 0 "-" "-"
157.56.92.141 - - [13/Apr/2012:21:25:22 -0700] "-" 400 0 "-" "-"
157.56.92.141 - - [13/Apr/2012:21:25:22 -0700] "-" 400 0 "-" "-"
38.111.147.84 - - [13/Apr/2012:21:25:35 -0700] "GET /blog/anatomy-of-an-impromptu-hackathon-git-vs-svn.html HTTP/1.0" 304 0 "-" "TurnitinBot/2.1 (http://www.turnitin.com/robot/crawlerinfo.html)"
208.115.113.85 - - [13/Apr/2012:21:25:51 -0700] "GET /robots.txt HTTP/1.1" 404 238 "-" "Mozilla/5.0 (compatible; Ezooms/1.0; ezooms.bot@gmail.com)"
38.111.147.84 - - [13/Apr/2012:21:26:05 -0700] "GET /blog/3-hours-of-code-1-blog-post-per-day.html HTTP/1.0" 304 0 "-" "TurnitinBot/2.1 (http://www.turnitin.com/robot/crawlerinfo.html)"
157.55.112.210 - - [13/Apr/2012:21:26:08 -0700] "-" 400 0 "-" "-"
38.111.147.84 - - [13/Apr/2012:21:26:35 -0700] "GET /blog/tag/hack.html HTTP/1.0" 304 0 "-" "TurnitinBot/2.1 (http://www.turnitin.com/robot/crawlerinfo.html)"
38.111.147.84 - - [13/Apr/2012:21:27:08 -0700] "GET /blog/tag/education.html HTTP/1.0" 304 0 "-" "TurnitinBot/2.1 (http://www.turnitin.com/robot/crawlerinfo.html)"
38.111.147.84 - - [13/Apr/2012:21:27:35 -0700] "GET /blog/sicp-and-brainfuck.html HTTP/1.0" 304 0 "-" "TurnitinBot/2.1 (http://www.turnitin.com/robot/crawlerinfo.html)"
157.55.112.210 - - [13/Apr/2012:21:27:38 -0700] "-" 400 0 "-" "-"
157.55.112.210 - - [13/Apr/2012:21:27:38 -0700] "-" 400 0 "-" "-"
157.55.112.210 - - [13/Apr/2012:21:27:38 -0700] "-" 400 0 "-" "-"
157.55.112.210 - - [13/Apr/2012:21:27:39 -0700] "-" 400 0 "-" "-"
157.55.112.210 - - [13/Apr/2012:21:27:39 -0700] "-" 400 0 "-" "-"
157.55.112.210 - - [13/Apr/2012:21:27:39 -0700] "-" 400 0 "-" "-"
157.55.112.210 - - [13/Apr/2012:21:27:39 -0700] "-" 400 0 "-" "-"
157.55.112.210 - - [13/Apr/2012:21:27:39 -0700] "-" 400 0 "-" "-"
157.55.112.210 - - [13/Apr/2012:21:27:39 -0700] "-" 400 0 "-" "-"
157.55.112.210 - - [13/Apr/2012:21:27:39 -0700] "-" 400 0 "-" "-"
157.55.112.210 - - [13/Apr/2012:21:27:39 -0700] "-" 400 0 "-" "-"
157.55.112.210 - - [13/Apr/2012:21:27:39 -0700] "-" 400 0 "-" "-"
141.0.10.191 - - [13/Apr/2012:21:27:53 -0700] "-" 400 0 "-" "-"
141.0.10.191 - - [13/Apr/2012:21:27:53 -0700] "-" 400 0 "-" "-"
38.111.147.84 - - [13/Apr/2012:21:28:05 -0700] "GET /blog/new-email-id.html HTTP/1.0" 304 0 "-" "TurnitinBot/2.1 (http://www.turnitin.com/robot/crawlerinfo.html)"
85.17.88.169 - - [13/Apr/2012:21:28:15 -0700] "POST /blog/wp-cron.php?doing_wp_cron=1334377344 HTTP/1.0" 499 0 "-" "WordPress/3.3.1; http://yuvi.in/blog"
209.85.238.182 - - [13/Apr/2012:21:28:15 -0700] "GET /blog/feed/ HTTP/1.1" 304 0 "-" "Feedfetcher-Google; (+http://www.google.com/feedfetcher.html; 19 subscribers; feed-id=15064232456473204253)"
38.111.147.84 - - [13/Apr/2012:21:28:35 -0700] "GET /blog/measure-of-learning-epiphanies-per-session.html HTTP/1.0" 304 0 "-" "TurnitinBot/2.1 (http://www.turnitin.com/robot/crawlerinfo.html)"
38.111.147.84 - - [13/Apr/2012:21:29:05 -0700] "GET /blog/how-i-spent-the-day-today.html HTTP/1.0" 304 0 "-" "TurnitinBot/2.1 (http://www.turnitin.com/robot/crawlerinfo.html)"
66.249.73.23 - - [13/Apr/2012:21:29:22 -0700] "GET /r/33y1 HTTP/1.1" 301 257 "-" "Mozilla/5.0 (compatible; Googlebot/2.1; +http://www.google.com/bot.html)"
66.249.73.23 - - [13/Apr/2012:21:29:22 -0700] "GET /s/ta/33y1/ HTTP/1.1" 302 615 "-" "Mozilla/5.0 (compatible; Googlebot/2.1; +http://www.google.com/bot.html)"
180.76.5.182 - - [13/Apr/2012:21:29:23 -0700] "GET / HTTP/1.1" 200 3439 "-" "Mozilla/5.0 (compatible; Baiduspider/2.0; +http://www.baidu.com/search/spider.html)"
38.111.147.84 - - [13/Apr/2012:21:29:35 -0700] "GET /blog/hacking-more.html HTTP/1.0" 304 0 "-" "TurnitinBot/2.1 (http://www.turnitin.com/robot/crawlerinfo.html)"
85.17.88.169 - - [13/Apr/2012:21:29:52 -0700] "POST /blog/wp-cron.php?doing_wp_cron=1334377442 HTTP/1.0" 499 0 "-" "WordPress/3.3.1; http://yuvi.in/blog"
124.184.254.201 - - [13/Apr/2012:21:29:53 -0700] "GET /blog/feed/ HTTP/1.1" 304 0 "-" "FeedDemon/3.0 (http://www.feeddemon.com/; Microsoft Windows XP)"
38.111.147.84 - - [13/Apr/2012:21:30:05 -0700] "GET /blog/first-binary-dream.html HTTP/1.0" 304 0 "-" "TurnitinBot/2.1 (http://www.turnitin.com/robot/crawlerinfo.html)"
115.184.6.200 - - [13/Apr/2012:21:30:19 -0700] "-" 400 0 "-" "-"
141.0.11.43 - - [13/Apr/2012:21:30:19 -0700] "-" 400 0 "-" "-"
141.0.11.43 - - [13/Apr/2012:21:30:19 -0700] "-" 400 0 "-" "-"
115.184.242.108 - - [13/Apr/2012:21:30:33 -0700] "-" 400 0 "-" "-"
38.111.147.84 - - [13/Apr/2012:21:30:35 -0700] "GET /blog/2010-the-beginning-the-bicycle-ride-and-external-dependencies.html HTTP/1.0" 304 0 "-" "TurnitinBot/2.1 (http://www.turnitin.com/robot/crawlerinfo.html)"
115.184.242.108 - - [13/Apr/2012:21:30:43 -0700] "-" 400 0 "-" "-"
69.171.234.4 - - [13/Apr/2012:21:31:06 -0700] "GET /r/eya HTTP/1.1" 301 255 "-" "facebookexternalhit/1.1 (+http://www.facebook.com/externalhit_uatext.php)"
69.171.234.0 - - [13/Apr/2012:21:31:06 -0700] "GET /s/ta/eya/ HTTP/1.1" 302 401 "-" "facebookexternalhit/1.1 (+http://www.facebook.com/externalhit_uatext.php)"
38.111.147.84 - - [13/Apr/2012:21:31:14 -0700] "GET /blog/what-i-lack.html HTTP/1.0" 304 0 "-" "TurnitinBot/2.1 (http://www.turnitin.com/robot/crawlerinfo.html)"
38.111.147.84 - - [13/Apr/2012:21:31:35 -0700] "GET /blog/trip-to-kerala.html HTTP/1.0" 304 0 "-" "TurnitinBot/2.1 (http://www.turnitin.com/robot/crawlerinfo.html)"
38.111.147.84 - - [13/Apr/2012:21:32:05 -0700] "GET /blog/things-i-need-time-to-do.html HTTP/1.0" 304 0 "-" "TurnitinBot/2.1 (http://www.turnitin.com/robot/crawlerinfo.html)"
38.111.147.84 - - [13/Apr/2012:21:32:35 -0700] "GET /blog/tag/zeitgeist.html HTTP/1.0" 304 0 "-" "TurnitinBot/2.1 (http://www.turnitin.com/robot/crawlerinfo.html)"
209.85.224.82 - - [13/Apr/2012:21:32:58 -0700] "GET /stories/feed HTTP/1.1" 200 13653 "-" "FeedBurner/1.0 (http://www.FeedBurner.com)"
38.111.147.84 - - [13/Apr/2012:21:33:05 -0700] "GET /blog/tag/gnome.html HTTP/1.0" 304 0 "-" "TurnitinBot/2.1 (http://www.turnitin.com/robot/crawlerinfo.html)"
38.111.147.84 - - [13/Apr/2012:21:33:35 -0700] "GET /blog/tag/cheese.html HTTP/1.0" 304 0 "-" "TurnitinBot/2.1 (http://www.turnitin.com/robot/crawlerinfo.html)"
38.111.147.84 - - [13/Apr/2012:21:34:05 -0700] "GET /blog/gsoc-2010-the-beginning.html HTTP/1.0" 304 0 "-" "TurnitinBot/2.1 (http://www.turnitin.com/robot/crawlerinfo.html)"
85.17.88.169 - - [13/Apr/2012:21:34:12 -0700] "POST /blog/wp-cron.php?doing_wp_cron=1334377701 HTTP/1.0" 499 0 "-" "WordPress/3.3.1; http://yuvi.in/blog"
94.228.34.248 - - [13/Apr/2012:21:34:12 -0700] "GET /blog/ HTTP/1.1" 200 10128 "-" "magpie-crawler/1.1 (U; Linux amd64; en-GB; +http://www.brandwatch.net)"
38.111.147.84 - - [13/Apr/2012:21:34:35 -0700] "GET /blog/gsoc-2010-proposal.html HTTP/1.0" 304 0 "-" "TurnitinBot/2.1 (http://www.turnitin.com/robot/crawlerinfo.html)"
183.82.72.118 - - [13/Apr/2012:21:34:41 -0700] "GET /blog/feed/ HTTP/1.0" 200 21809 "-" "FeedDemon/4.0 (http://www.feeddemon.com/; Microsoft Windows)"
38.111.147.84 - - [13/Apr/2012:21:35:05 -0700] "GET /blog/carrier-error.html HTTP/1.0" 304 0 "-" "TurnitinBot/2.1 (http://www.turnitin.com/robot/crawlerinfo.html)"
38.111.147.84 - - [13/Apr/2012:21:35:35 -0700] "GET /blog/archives.html HTTP/1.0" 304 0 "-" "TurnitinBot/2.1 (http://www.turnitin.com/robot/crawlerinfo.html)"
38.111.147.84 - - [13/Apr/2012:21:36:05 -0700] "GET /blog/alone.html HTTP/1.0" 304 0 "-" "TurnitinBot/2.1 (http://www.turnitin.com/robot/crawlerinfo.html)"
157.56.94.179 - - [13/Apr/2012:21:36:11 -0700] "GET /r/1st5 HTTP/1.1" 404 142 "-" "msnbot/2.0b (+http://search.msn.com/msnbot.htm)"
141.0.11.43 - - [13/Apr/2012:21:36:33 -0700] "-" 400 0 "-" "-"
38.111.147.84 - - [13/Apr/2012:21:36:35 -0700] "GET /blog/tag/gstreamer.html HTTP/1.0" 304 0 "-" "TurnitinBot/2.1 (http://www.turnitin.com/robot/crawlerinfo.html)"
49.203.172.144 - - [13/Apr/2012:21:36:40 -0700] "-" 400 0 "-" "-"
49.203.172.144 - - [13/Apr/2012:21:36:40 -0700] "-" 400 0 "-" "-"
49.203.172.144 - - [13/Apr/2012:21:36:40 -0700] "-" 400 0 "-" "-"
49.203.172.144 - - [13/Apr/2012:21:36:40 -0700] "-" 400 0 "-" "-"
49.203.172.144 - - [13/Apr/2012:21:36:40 -0700] "-" 400 0 "-" "-"
223.190.154.15 - - [13/Apr/2012:21:37:02 -0700] "-" 400 0 "-" "-"
223.190.154.15 - - [13/Apr/2012:21:37:03 -0700] "-" 400 0 "-" "-"
223.190.154.15 - - [13/Apr/2012:21:37:03 -0700] "-" 400 0 "-" "-"
38.111.147.84 - - [13/Apr/2012:21:37:05 -0700] "GET /blog/how-to-increase-cheese-s-burst-mode-photo-count.html HTTP/1.0" 304 0 "-" "TurnitinBot/2.1 (http://www.turnitin.com/robot/crawlerinfo.html)"
49.203.172.144 - - [13/Apr/2012:21:37:21 -0700] "-" 400 0 "-" "-"
49.203.172.144 - - [13/Apr/2012:21:37:21 -0700] "-" 400 0 "-" "-"
49.203.172.144 - - [13/Apr/2012:21:37:21 -0700] "-" 400 0 "-" "-"
49.203.172.144 - - [13/Apr/2012:21:37:21 -0700] "-" 400 0 "-" "-"
49.203.172.144 - - [13/Apr/2012:21:37:21 -0700] "-" 400 0 "-" "-"
85.17.88.169 - - [13/Apr/2012:21:37:37 -0700] "POST /blog/wp-cron.php?doing_wp_cron=1334377906 HTTP/1.0" 499 0 "-" "WordPress/3.3.1; http://yuvi.in/blog"
38.111.147.84 - - [13/Apr/2012:21:37:37 -0700] "GET /blog/hackfest-09-expectations/ HTTP/1.0" 200 16640 "-" "TurnitinBot/2.1 (http://www.turnitin.com/robot/crawlerinfo.html)"
38.111.147.84 - - [13/Apr/2012:21:38:05 -0700] "GET /blog/gstreamer-101-at-gnome-asia-2011.html HTTP/1.0" 304 0 "-" "TurnitinBot/2.1 (http://www.turnitin.com/robot/crawlerinfo.html)"
38.111.147.84 - - [13/Apr/2012:21:38:35 -0700] "GET /blog/chennai-s-concentration-camps-aka-colleges.html HTTP/1.0" 304 0 "-" "TurnitinBot/2.1 (http://www.turnitin.com/robot/crawlerinfo.html)"
123.125.71.28 - - [13/Apr/2012:21:38:39 -0700] "GET / HTTP/1.1" 200 3439 "-" "Mozilla/5.0 (compatible; Baiduspider/2.0; +http://www.baidu.com/search/spider.html)"
117.193.9.114 - - [13/Apr/2012:21:38:43 -0700] "-" 400 0 "-" "-"
38.111.147.84 - - [13/Apr/2012:21:39:05 -0700] "GET /blog/blogging-from-under-the-table-during-class.html HTTP/1.0" 304 0 "-" "TurnitinBot/2.1 (http://www.turnitin.com/robot/crawlerinfo.html)"
220.181.108.94 - - [13/Apr/2012:21:39:16 -0700] "GET / HTTP/1.1" 200 3439 "-" "Mozilla/5.0 (compatible; Baiduspider/2.0; +http://www.baidu.com/search/spider.html)"
38.111.147.84 - - [13/Apr/2012:21:39:36 -0700] "GET /blog/block-cursor-vs-post-cursor-gvim-vs-emacs.html HTTP/1.0" 304 0 "-" "TurnitinBot/2.1 (http://www.turnitin.com/robot/crawlerinfo.html)"
38.111.147.84 - - [13/Apr/2012:21:40:05 -0700] "GET /blog/attraction-or-admiration.html HTTP/1.0" 304 0 "-" "TurnitinBot/2.1 (http://www.turnitin.com/robot/crawlerinfo.html)"
38.111.147.84 - - [13/Apr/2012:21:40:35 -0700] "GET /blog/a-bigger-binary-heart.html HTTP/1.0" 304 0 "-" "TurnitinBot/2.1 (http://www.turnitin.com/robot/crawlerinfo.html)"
115.184.6.200 - - [13/Apr/2012:21:41:02 -0700] "-" 400 0 "-" "-"
115.184.6.200 - - [13/Apr/2012:21:41:02 -0700] "-" 400 0 "-" "-"
115.184.6.200 - - [13/Apr/2012:21:41:02 -0700] "-" 400 0 "-" "-"
115.184.6.200 - - [13/Apr/2012:21:41:02 -0700] "-" 400 0 "-" "-"
115.184.6.200 - - [13/Apr/2012:21:41:02 -0700] "-" 400 0 "-" "-"
38.111.147.84 - - [13/Apr/2012:21:41:05 -0700] "GET /blog/-we-must-take-india-as-it-is-jules-verne.html HTTP/1.0" 304 0 "-" "TurnitinBot/2.1 (http://www.turnitin.com/robot/crawlerinfo.html)"
38.111.147.84 - - [13/Apr/2012:21:41:35 -0700] "GET /blog/-room-full-of-people-like-me.html HTTP/1.0" 304 0 "-" "TurnitinBot/2.1 (http://www.turnitin.com/robot/crawlerinfo.html)"
38.111.147.84 - - [13/Apr/2012:21:42:06 -0700] "GET /blog/shirts.html HTTP/1.0" 304 0 "-" "TurnitinBot/2.1 (http://www.turnitin.com/robot/crawlerinfo.html)"
38.111.147.84 - - [13/Apr/2012:21:42:35 -0700] "GET /blog/serendipity.html HTTP/1.0" 304 0 "-" "TurnitinBot/2.1 (http://www.turnitin.com/robot/crawlerinfo.html)"
38.111.147.84 - - [13/Apr/2012:21:43:05 -0700] "GET /blog/running-archlinux.html HTTP/1.0" 304 0 "-" "TurnitinBot/2.1 (http://www.turnitin.com/robot/crawlerinfo.html)"
38.111.147.84 - - [13/Apr/2012:21:43:35 -0700] "GET /blog/reddit-university-sicp-reading-group.html HTTP/1.0" 304 0 "-" "TurnitinBot/2.1 (http://www.turnitin.com/robot/crawlerinfo.html)"
207.46.204.172 - - [13/Apr/2012:21:43:44 -0700] "-" 400 0 "-" "-"
207.46.204.172 - - [13/Apr/2012:21:43:44 -0700] "-" 400 0 "-" "-"
207.46.204.172 - - [13/Apr/2012:21:43:44 -0700] "-" 400 0 "-" "-"
207.46.204.172 - - [13/Apr/2012:21:43:44 -0700] "-" 400 0 "-" "-"
207.46.204.172 - - [13/Apr/2012:21:43:44 -0700] "-" 400 0 "-" "-"
207.46.204.172 - - [13/Apr/2012:21:43:45 -0700] "-" 400 0 "-" "-"
207.46.204.172 - - [13/Apr/2012:21:43:45 -0700] "-" 400 0 "-" "-"
207.46.204.172 - - [13/Apr/2012:21:43:46 -0700] "-" 400 0 "-" "-"
207.46.204.172 - - [13/Apr/2012:21:43:46 -0700] "-" 400 0 "-" "-"
207.46.204.172 - - [13/Apr/2012:21:43:46 -0700] "-" 400 0 "-" "-"
38.111.147.84 - - [13/Apr/2012:21:44:05 -0700] "GET /blog/premature-greying.html HTTP/1.0" 304 0 "-" "TurnitinBot/2.1 (http://www.turnitin.com/robot/crawlerinfo.html)"
117.193.182.14 - - [13/Apr/2012:21:44:08 -0700] "-" 400 0 "-" "-"
38.111.147.84 - - [13/Apr/2012:21:44:44 -0700] "GET /blog/picks-from-autogenerated-freya-quotes-nsfw.html HTTP/1.0" 304 0 "-" "TurnitinBot/2.1 (http://www.turnitin.com/robot/crawlerinfo.html)"
85.17.88.169 - - [13/Apr/2012:21:44:45 -0700] "POST /blog/wp-cron.php?doing_wp_cron=1334378334 HTTP/1.0" 499 0 "-" "WordPress/3.3.1; http://yuvi.in/blog"
209.85.224.88 - - [13/Apr/2012:21:44:46 -0700] "GET /blog/feed HTTP/1.1" 304 0 "-" "FeedBurner/1.0 (http://www.FeedBurner.com)"
38.111.147.84 - - [13/Apr/2012:21:45:17 -0700] "GET /blog/perfect-day-1.html HTTP/1.0" 304 0 "-" "TurnitinBot/2.1 (http://www.turnitin.com/robot/crawlerinfo.html)"
38.111.147.84 - - [13/Apr/2012:21:45:43 -0700] "GET /blog/orwell-and-huxley.html HTTP/1.0" 304 0 "-" "TurnitinBot/2.1 (http://www.turnitin.com/robot/crawlerinfo.html)"
117.193.182.14 - - [13/Apr/2012:21:45:48 -0700] "-" 400 0 "-" "-"
208.115.113.85 - - [13/Apr/2012:21:46:09 -0700] "GET /r/1i1g HTTP/1.1" 301 257 "-" "Mozilla/5.0 (compatible; Ezooms/1.0; ezooms.bot@gmail.com)"
38.111.147.84 - - [13/Apr/2012:21:46:13 -0700] "GET /blog/optimizing-life.html HTTP/1.0" 304 0 "-" "TurnitinBot/2.1 (http://www.turnitin.com/robot/crawlerinfo.html)"
38.111.147.84 - - [13/Apr/2012:21:47:04 -0700] "GET /blog/icc-rules-for-backyard-cricket.html HTTP/1.0" 304 0 "-" "TurnitinBot/2.1 (http://www.turnitin.com/robot/crawlerinfo.html)"
38.111.147.84 - - [13/Apr/2012:21:47:14 -0700] "GET /blog/i-soooo-want-this-on-a-t-shirt.html HTTP/1.0" 304 0 "-" "TurnitinBot/2.1 (http://www.turnitin.com/robot/crawlerinfo.html)"
38.111.147.84 - - [13/Apr/2012:21:47:43 -0700] "GET /blog/i-m-jealous-of-her.html HTTP/1.0" 304 0 "-" "TurnitinBot/2.1 (http://www.turnitin.com/robot/crawlerinfo.html)"
117.193.249.34 - - [13/Apr/2012:21:48:10 -0700] "-" 400 0 "-" "-"
38.111.147.84 - - [13/Apr/2012:21:48:13 -0700] "GET /blog/i-have-a-motorbike.html HTTP/1.0" 304 0 "-" "TurnitinBot/2.1 (http://www.turnitin.com/robot/crawlerinfo.html)"
38.111.147.84 - - [13/Apr/2012:21:48:43 -0700] "GET /blog/hello-world-again.html HTTP/1.0" 304 0 "-" "TurnitinBot/2.1 (http://www.turnitin.com/robot/crawlerinfo.html)"
157.55.112.205 - - [13/Apr/2012:21:48:44 -0700] "-" 400 0 "-" "-"
157.55.112.205 - - [13/Apr/2012:21:48:44 -0700] "-" 400 0 "-" "-"
157.55.112.205 - - [13/Apr/2012:21:48:45 -0700] "-" 400 0 "-" "-"
157.55.112.205 - - [13/Apr/2012:21:48:56 -0700] "-" 400 0 "-" "-"
157.55.112.205 - - [13/Apr/2012:21:48:58 -0700] "-" 400 0 "-" "-"
157.55.112.205 - - [13/Apr/2012:21:49:03 -0700] "-" 400 0 "-" "-"
157.55.112.205 - - [13/Apr/2012:21:49:03 -0700] "-" 400 0 "-" "-"
157.55.112.205 - - [13/Apr/2012:21:49:08 -0700] "-" 400 0 "-" "-"
157.55.112.205 - - [13/Apr/2012:21:49:09 -0700] "-" 400 0 "-" "-"
157.55.112.205 - - [13/Apr/2012:21:49:10 -0700] "-" 400 0 "-" "-"
157.55.112.205 - - [13/Apr/2012:21:49:11 -0700] "-" 400 0 "-" "-"
157.55.112.205 - - [13/Apr/2012:21:49:13 -0700] "-" 400 0 "-" "-"
38.111.147.84 - - [13/Apr/2012:21:49:13 -0700] "GET /blog/evanescence-enjoyed-best-without-the-music-vids.html HTTP/1.0" 304 0 "-" "TurnitinBot/2.1 (http://www.turnitin.com/robot/crawlerinfo.html)"
208.115.113.85 - - [13/Apr/2012:21:49:15 -0700] "GET /r/1xem HTTP/1.1" 301 257 "-" "Mozilla/5.0 (compatible; Ezooms/1.0; ezooms.bot@gmail.com)"
157.55.112.205 - - [13/Apr/2012:21:49:17 -0700] "-" 400 0 "-" "-"
122.164.187.117 - - [13/Apr/2012:21:49:36 -0700] "-" 400 0 "-" "-"
38.111.147.84 - - [13/Apr/2012:21:49:44 -0700] "GET /blog/devlog-mar-2011.html HTTP/1.0" 304 0 "-" "TurnitinBot/2.1 (http://www.turnitin.com/robot/crawlerinfo.html)"
117.193.9.114 - - [13/Apr/2012:21:49:58 -0700] "-" 400 0 "-" "-"
117.193.9.114 - - [13/Apr/2012:21:49:58 -0700] "-" 400 0 "-" "-"
38.111.147.84 - - [13/Apr/2012:21:50:14 -0700] "GET /blog/devlog-jan-2011.html HTTP/1.0" 304 0 "-" "TurnitinBot/2.1 (http://www.turnitin.com/robot/crawlerinfo.html)"
38.111.147.84 - - [13/Apr/2012:21:50:43 -0700] "GET /blog/devlog-feb-2011.html HTTP/1.0" 304 0 "-" "TurnitinBot/2.1 (http://www.turnitin.com/robot/crawlerinfo.html)"
38.111.147.84 - - [13/Apr/2012:21:51:13 -0700] "GET /blog/devlog-april-2011.html HTTP/1.0" 304 0 "-" "TurnitinBot/2.1 (http://www.turnitin.com/robot/crawlerinfo.html)"
38.111.147.84 - - [13/Apr/2012:21:51:43 -0700] "GET /stories/tag/senses.html HTTP/1.0" 200 1994 "-" "TurnitinBot/2.1 (http://www.turnitin.com/robot/crawlerinfo.html)"
38.111.147.84 - - [13/Apr/2012:21:52:13 -0700] "GET /stories/tag/red.html HTTP/1.0" 200 2454 "-" "TurnitinBot/2.1 (http://www.turnitin.com/robot/crawlerinfo.html)"
122.164.114.114 - - [13/Apr/2012:21:52:32 -0700] "-" 400 0 "-" "-"
38.111.147.84 - - [13/Apr/2012:21:52:46 -0700] "GET /stories/tag/love.html HTTP/1.0" 200 2245 "-" "TurnitinBot/2.1 (http://www.turnitin.com/robot/crawlerinfo.html)"
38.111.147.84 - - [13/Apr/2012:21:53:13 -0700] "GET /stories/tag/hopeless.html HTTP/1.0" 200 1990 "-" "TurnitinBot/2.1 (http://www.turnitin.com/robot/crawlerinfo.html)"
70.178.48.198 - - [13/Apr/2012:21:53:31 -0700] "GET /blog/why-i-moved-off-arch-on-my-netbook.html HTTP/1.1" 200 2546 "-" "Mozilla/5.0 (Macintosh; Intel Mac OS X 10_7_3) AppleWebKit/535.19 (KHTML, like Gecko) Chrome/18.0.1025.162 Safari/535.19"
70.178.48.198 - - [13/Apr/2012:21:53:32 -0700] "GET /blog/static/style.css HTTP/1.1" 200 4753 "http://yuvi.in/blog/why-i-moved-off-arch-on-my-netbook.html" "Mozilla/5.0 (Macintosh; Intel Mac OS X 10_7_3) AppleWebKit/535.19 (KHTML, like Gecko) Chrome/18.0.1025.162 Safari/535.19"
70.178.48.198 - - [13/Apr/2012:21:53:32 -0700] "GET /blog/static/codehilite.css HTTP/1.1" 200 4012 "http://yuvi.in/blog/why-i-moved-off-arch-on-my-netbook.html" "Mozilla/5.0 (Macintosh; Intel Mac OS X 10_7_3) AppleWebKit/535.19 (KHTML, like Gecko) Chrome/18.0.1025.162 Safari/535.19"
70.178.48.198 - - [13/Apr/2012:21:53:33 -0700] "GET /favicon.ico HTTP/1.1" 404 199 "-" "Mozilla/5.0 (Macintosh; Intel Mac OS X 10_7_3) AppleWebKit/535.19 (KHTML, like Gecko) Chrome/18.0.1025.162 Safari/535.19"
38.111.147.84 - - [13/Apr/2012:21:53:43 -0700] "GET /stories/tag/colorless.html HTTP/1.0" 200 1995 "-" "TurnitinBot/2.1 (http://www.turnitin.com/robot/crawlerinfo.html)"
66.249.73.219 - - [13/Apr/2012:21:53:43 -0700] "GET /blog/code-highligting-plugin-for-hislain.html HTTP/1.1" 200 2312 "-" "Mozilla/5.0 (compatible; Googlebot/2.1; +http://www.google.com/bot.html)"
207.46.204.212 - - [13/Apr/2012:21:53:48 -0700] "-" 400 0 "-" "-"
207.46.204.212 - - [13/Apr/2012:21:53:48 -0700] "-" 400 0 "-" "-"
207.46.204.212 - - [13/Apr/2012:21:53:49 -0700] "-" 400 0 "-" "-"
207.46.204.212 - - [13/Apr/2012:21:53:49 -0700] "-" 400 0 "-" "-"
207.46.204.212 - - [13/Apr/2012:21:53:49 -0700] "-" 400 0 "-" "-"
207.46.204.212 - - [13/Apr/2012:21:53:49 -0700] "-" 400 0 "-" "-"
207.46.204.212 - - [13/Apr/2012:21:53:50 -0700] "-" 400 0 "-" "-"
207.46.204.212 - - [13/Apr/2012:21:53:50 -0700] "-" 400 0 "-" "-"
85.17.88.169 - - [13/Apr/2012:21:53:53 -0700] "POST /blog/wp-cron.php?doing_wp_cron=1334378882 HTTP/1.0" 499 0 "-" "WordPress/3.3.1; http://yuvi.in/blog"
209.85.238.182 - - [13/Apr/2012:21:53:53 -0700] "GET /blog/feed HTTP/1.1" 301 0 "-" "Feedfetcher-Google; (+http://www.google.com/feedfetcher.html; 3 subscribers; feed-id=17684830852112633560)"
85.17.88.169 - - [13/Apr/2012:21:53:55 -0700] "POST /blog/wp-cron.php?doing_wp_cron=1334378885 HTTP/1.0" 499 0 "-" "WordPress/3.3.1; http://yuvi.in/blog"
209.85.238.182 - - [13/Apr/2012:21:53:56 -0700] "GET /blog/feed/ HTTP/1.1" 304 0 "-" "Feedfetcher-Google; (+http://www.google.com/feedfetcher.html; 3 subscribers; feed-id=17684830852112633560)"
38.111.147.84 - - [13/Apr/2012:21:54:13 -0700] "GET /stories/tag/blue.html HTTP/1.0" 200 2263 "-" "TurnitinBot/2.1 (http://www.turnitin.com/robot/crawlerinfo.html)"
207.46.204.212 - - [13/Apr/2012:21:54:22 -0700] "-" 400 0 "-" "-"
207.46.204.212 - - [13/Apr/2012:21:54:23 -0700] "-" 400 0 "-" "-"
38.111.147.84 - - [13/Apr/2012:21:54:43 -0700] "GET /stories/tag/black.html HTTP/1.0" 200 2280 "-" "TurnitinBot/2.1 (http://www.turnitin.com/robot/crawlerinfo.html)"
38.111.147.84 - - [13/Apr/2012:21:55:13 -0700] "GET /blog/work-life-balance.html HTTP/1.0" 304 0 "-" "TurnitinBot/2.1 (http://www.turnitin.com/robot/crawlerinfo.html)"
38.111.147.84 - - [13/Apr/2012:21:55:44 -0700] "GET /blog/why-i-moved-off-arch-on-my-netbook.html HTTP/1.0" 304 0 "-" "TurnitinBot/2.1 (http://www.turnitin.com/robot/crawlerinfo.html)"
38.111.147.84 - - [13/Apr/2012:21:56:13 -0700] "GET /blog/webfaction-review.html HTTP/1.0" 304 0 "-" "TurnitinBot/2.1 (http://www.turnitin.com/robot/crawlerinfo.html)"
175.157.221.43 - - [13/Apr/2012:21:56:41 -0700] "-" 400 0 "-" "-"
38.111.147.84 - - [13/Apr/2012:21:56:43 -0700] "GET /blog/tag/travel.html HTTP/1.0" 304 0 "-" "TurnitinBot/2.1 (http://www.turnitin.com/robot/crawlerinfo.html)"
38.111.147.84 - - [13/Apr/2012:21:57:13 -0700] "GET /blog/tag/tech.html HTTP/1.0" 304 0 "-" "TurnitinBot/2.1 (http://www.turnitin.com/robot/crawlerinfo.html)"
38.111.147.84 - - [13/Apr/2012:21:57:44 -0700] "GET /blog/tag/goals.html HTTP/1.0" 304 0 "-" "TurnitinBot/2.1 (http://www.turnitin.com/robot/crawlerinfo.html)"
85.17.88.169 - - [13/Apr/2012:21:57:48 -0700] "POST /blog/wp-cron.php?doing_wp_cron=1334379117 HTTP/1.0" 499 0 "-" "WordPress/3.3.1; http://yuvi.in/blog"
66.249.73.219 - - [13/Apr/2012:21:57:48 -0700] "GET /blog/2010/04/ HTTP/1.1" 200 7656 "-" "Mozilla/5.0 (compatible; Googlebot/2.1; +http://www.google.com/bot.html)"
38.111.147.84 - - [13/Apr/2012:21:58:13 -0700] "GET /blog/tag/funny.html HTTP/1.0" 304 0 "-" "TurnitinBot/2.1 (http://www.turnitin.com/robot/crawlerinfo.html)"
117.193.9.114 - - [13/Apr/2012:21:58:18 -0700] "-" 400 0 "-" "-"
122.164.12.220 - - [13/Apr/2012:21:58:41 -0700] "-" 400 0 "-" "-"
38.111.147.84 - - [13/Apr/2012:21:58:43 -0700] "GET /blog/six-years-of-blogging-and-eleven-years-of-coding.html HTTP/1.0" 304 0 "-" "TurnitinBot/2.1 (http://www.turnitin.com/robot/crawlerinfo.html)"
38.111.147.84 - - [13/Apr/2012:21:59:13 -0700] "GET /blog/tag/review.html HTTP/1.0" 304 0 "-" "TurnitinBot/2.1 (http://www.turnitin.com/robot/crawlerinfo.html)"
38.111.147.84 - - [13/Apr/2012:21:59:44 -0700] "GET /blog/tag/reading.html HTTP/1.0" 304 0 "-" "TurnitinBot/2.1 (http://www.turnitin.com/robot/crawlerinfo.html)"
38.111.147.84 - - [13/Apr/2012:22:00:13 -0700] "GET /blog/tag/markov.html HTTP/1.0" 304 0 "-" "TurnitinBot/2.1 (http://www.turnitin.com/robot/crawlerinfo.html)"
61.19.65.209 - - [13/Apr/2012:22:00:16 -0700] "GET / HTTP/1.1" 200 1430 "http://users.leafletjs.com/" "Mozilla/5.0 (Macintosh; Intel Mac OS X 10.6; rv:10.0.2) Gecko/20100101 Firefox/10.0.2"
61.19.65.209 - - [13/Apr/2012:22:00:17 -0700] "GET /blueprint/screen.css HTTP/1.1" 200 12058 "http://yuvi.in/" "Mozilla/5.0 (Macintosh; Intel Mac OS X 10.6; rv:10.0.2) Gecko/20100101 Firefox/10.0.2"
61.19.65.209 - - [13/Apr/2012:22:00:17 -0700] "GET /blueprint/print.css HTTP/1.1" 200 1284 "http://yuvi.in/" "Mozilla/5.0 (Macintosh; Intel Mac OS X 10.6; rv:10.0.2) Gecko/20100101 Firefox/10.0.2"
61.19.65.209 - - [13/Apr/2012:22:00:17 -0700] "GET /header.png HTTP/1.1" 200 14249 "http://yuvi.in/" "Mozilla/5.0 (Macintosh; Intel Mac OS X 10.6; rv:10.0.2) Gecko/20100101 Firefox/10.0.2"
61.19.65.209 - - [13/Apr/2012:22:00:18 -0700] "GET /favicon.ico HTTP/1.1" 404 142 "-" "Mozilla/5.0 (Macintosh; Intel Mac OS X 10.6; rv:10.0.2) Gecko/20100101 Firefox/10.0.2"
61.19.65.209 - - [13/Apr/2012:22:00:19 -0700] "GET /favicon.ico HTTP/1.1" 404 142 "-" "Mozilla/5.0 (Macintosh; Intel Mac OS X 10.6; rv:10.0.2) Gecko/20100101 Firefox/10.0.2"
61.19.65.209 - - [13/Apr/2012:22:00:22 -0700] "-" 400 0 "-" "-"
61.19.65.209 - - [13/Apr/2012:22:00:22 -0700] "-" 400 0 "-" "-"
61.19.65.209 - - [13/Apr/2012:22:00:22 -0700] "-" 400 0 "-" "-"
38.111.147.84 - - [13/Apr/2012:22:00:43 -0700] "GET /blog/tag/linux.html HTTP/1.0" 304 0 "-" "TurnitinBot/2.1 (http://www.turnitin.com/robot/crawlerinfo.html)"
157.56.94.179 - - [13/Apr/2012:22:00:58 -0700] "GET /r/yt HTTP/1.1" 404 142 "-" "msnbot/2.0b (+http://search.msn.com/msnbot.htm)"
38.111.147.84 - - [13/Apr/2012:22:01:13 -0700] "GET /blog/tag/links.html HTTP/1.0" 304 0 "-" "TurnitinBot/2.1 (http://www.turnitin.com/robot/crawlerinfo.html)"
38.111.147.84 - - [13/Apr/2012:22:01:43 -0700] "GET /blog/tag/link.html HTTP/1.0" 304 0 "-" "TurnitinBot/2.1 (http://www.turnitin.com/robot/crawlerinfo.html)"
85.17.88.169 - - [13/Apr/2012:22:01:52 -0700] "POST /blog/wp-cron.php?doing_wp_cron=1334379361 HTTP/1.0" 499 0 "-" "WordPress/3.3.1; http://yuvi.in/blog"
66.249.73.219 - - [13/Apr/2012:22:01:52 -0700] "GET /blog/2011/08/11/ HTTP/1.1" 200 4461 "-" "Mozilla/5.0 (compatible; Googlebot/2.1; +http://www.google.com/bot.html)"
38.111.147.84 - - [13/Apr/2012:22:02:22 -0700] "GET /blog/tag/life.html HTTP/1.0" 304 0 "-" "TurnitinBot/2.1 (http://www.turnitin.com/robot/crawlerinfo.html)"
38.111.147.84 - - [13/Apr/2012:22:02:43 -0700] "GET /blog/tag/freya.html HTTP/1.0" 304 0 "-" "TurnitinBot/2.1 (http://www.turnitin.com/robot/crawlerinfo.html)"
207.241.237.237 - - [13/Apr/2012:22:02:48 -0700] "GET /robots.txt HTTP/1.0" 404 238 "-" "Mozilla/5.0 (compatible; archive.org_bot +http://www.archive.org/details/archive.org_bot)"
207.241.237.237 - - [13/Apr/2012:22:02:53 -0700] "GET /s/ta/2wz/ HTTP/1.0" 302 421 "-" "Mozilla/5.0 (compatible; archive.org_bot +http://www.archive.org/details/archive.org_bot)"
38.111.147.84 - - [13/Apr/2012:22:03:14 -0700] "GET /blog/tag/fake-blog.html HTTP/1.0" 304 0 "-" "TurnitinBot/2.1 (http://www.turnitin.com/robot/crawlerinfo.html)"
38.111.147.84 - - [13/Apr/2012:22:03:43 -0700] "GET /blog/tag/bs.html HTTP/1.0" 304 0 "-" "TurnitinBot/2.1 (http://www.turnitin.com/robot/crawlerinfo.html)"
38.111.147.84 - - [13/Apr/2012:22:04:14 -0700] "GET /blog/tag/blogging.html HTTP/1.0" 304 0 "-" "TurnitinBot/2.1 (http://www.turnitin.com/robot/crawlerinfo.html)"
117.216.43.5 - - [13/Apr/2012:22:04:33 -0700] "-" 400 0 "-" "-"
38.111.147.84 - - [13/Apr/2012:22:04:44 -0700] "GET /blog/tag/arch.html HTTP/1.0" 304 0 "-" "TurnitinBot/2.1 (http://www.turnitin.com/robot/crawlerinfo.html)"
38.111.147.84 - - [13/Apr/2012:22:05:13 -0700] "GET /blog/tag/twitter.html HTTP/1.0" 304 0 "-" "TurnitinBot/2.1 (http://www.turnitin.com/robot/crawlerinfo.html)"
117.216.43.5 - - [13/Apr/2012:22:05:23 -0700] "-" 400 0 "-" "-"
117.216.43.5 - - [13/Apr/2012:22:05:23 -0700] "-" 400 0 "-" "-"
117.216.43.5 - - [13/Apr/2012:22:05:23 -0700] "-" 400 0 "-" "-"
117.216.43.5 - - [13/Apr/2012:22:05:23 -0700] "-" 400 0 "-" "-"
117.216.43.5 - - [13/Apr/2012:22:05:23 -0700] "-" 400 0 "-" "-"
38.111.147.84 - - [13/Apr/2012:22:05:43 -0700] "GET /blog/tag/music.html HTTP/1.0" 304 0 "-" "TurnitinBot/2.1 (http://www.turnitin.com/robot/crawlerinfo.html)"
117.216.43.5 - - [13/Apr/2012:22:06:13 -0700] "-" 400 0 "-" "-"
38.111.147.84 - - [13/Apr/2012:22:06:14 -0700] "GET /blog/tag/misc.html HTTP/1.0" 304 0 "-" "TurnitinBot/2.1 (http://www.turnitin.com/robot/crawlerinfo.html)"
38.111.147.84 - - [13/Apr/2012:22:06:43 -0700] "GET /blog/tag/india.html HTTP/1.0" 304 0 "-" "TurnitinBot/2.1 (http://www.turnitin.com/robot/crawlerinfo.html)"
38.111.147.84 - - [13/Apr/2012:22:07:13 -0700] "GET /blog/tag/geekery.html HTTP/1.0" 304 0 "-" "TurnitinBot/2.1 (http://www.turnitin.com/robot/crawlerinfo.html)"
123.237.15.69 - - [13/Apr/2012:22:07:19 -0700] "-" 400 0 "-" "-"
123.237.15.69 - - [13/Apr/2012:22:07:20 -0700] "-" 400 0 "-" "-"
123.237.15.69 - - [13/Apr/2012:22:07:20 -0700] "-" 400 0 "-" "-"
123.237.15.69 - - [13/Apr/2012:22:07:38 -0700] "-" 400 0 "-" "-"
123.237.15.69 - - [13/Apr/2012:22:07:38 -0700] "-" 400 0 "-" "-"
123.237.15.69 - - [13/Apr/2012:22:07:38 -0700] "-" 400 0 "-" "-"
123.237.15.69 - - [13/Apr/2012:22:07:38 -0700] "-" 400 0 "-" "-"
123.237.15.69 - - [13/Apr/2012:22:07:38 -0700] "-" 400 0 "-" "-"
123.237.15.69 - - [13/Apr/2012:22:07:39 -0700] "-" 400 0 "-" "-"
123.237.15.69 - - [13/Apr/2012:22:07:39 -0700] "-" 400 0 "-" "-"
123.237.15.69 - - [13/Apr/2012:22:07:39 -0700] "-" 400 0 "-" "-"
115.241.51.168 - - [13/Apr/2012:22:07:41 -0700] "-" 400 0 "-" "-"
117.216.43.5 - - [13/Apr/2012:22:07:53 -0700] "-" 400 0 "-" "-"
117.216.43.5 - - [13/Apr/2012:22:08:23 -0700] "-" 400 0 "-" "-"
117.216.43.5 - - [13/Apr/2012:22:08:33 -0700] "-" 400 0 "-" "-"
183.82.72.118 - - [13/Apr/2012:22:10:45 -0700] "GET /blog/feed/ HTTP/1.0" 200 21809 "-" "FeedDemon/4.0 (http://www.feeddemon.com/; Microsoft Windows)"
117.216.43.5 - - [13/Apr/2012:22:11:23 -0700] "-" 400 0 "-" "-"
117.216.43.5 - - [13/Apr/2012:22:11:33 -0700] "-" 400 0 "-" "-"
117.216.43.5 - - [13/Apr/2012:22:11:33 -0700] "-" 400 0 "-" "-"
67.215.230.27 - - [13/Apr/2012:22:13:11 -0700] "GET /robots.txt HTTP/1.0" 404 169 "-" "Setooz/Nutch-1.2 (http://www.setooz.com)"
67.215.230.27 - - [13/Apr/2012:22:13:11 -0700] "GET /stories HTTP/1.0" 301 185 "-" "Setooz/Nutch-1.2 (http://www.setooz.com)"
67.215.230.26 - - [13/Apr/2012:22:13:15 -0700] "GET /robots.txt HTTP/1.0" 404 169 "-" "Setooz/Nutch-1.2 (http://www.setooz.com)"
67.215.230.26 - - [13/Apr/2012:22:13:15 -0700] "GET / HTTP/1.0" 200 3439 "-" "Setooz/Nutch-1.2 (http://www.setooz.com)"
85.17.88.169 - - [13/Apr/2012:22:14:47 -0700] "POST /blog/wp-cron.php?doing_wp_cron=1334380136 HTTP/1.0" 499 0 "-" "WordPress/3.3.1; http://yuvi.in/blog"
124.184.254.201 - - [13/Apr/2012:22:14:48 -0700] "GET /blog/feed/ HTTP/1.1" 304 0 "-" "FeedDemon/3.0 (http://www.feeddemon.com/; Microsoft Windows XP)"
93.128.160.217 - - [13/Apr/2012:22:15:53 -0700] "GET /robots.txt HTTP/1.0" 404 169 "-" "Mozilla/5.0 (compatible; MJ12bot/v1.4.2; http://www.majestic12.co.uk/bot.php?+)"
93.128.160.217 - - [13/Apr/2012:22:15:55 -0700] "GET /blog/devlog-jan-2011.html HTTP/1.1" 200 10437 "-" "Mozilla/5.0 (compatible; MJ12bot/v1.4.2; http://www.majestic12.co.uk/bot.php?+)"
93.128.160.217 - - [13/Apr/2012:22:15:57 -0700] "GET /blog/enthusiastic-teachers-and-naive-implementation-of-gauss-seidel-approximations.html HTTP/1.1" 200 2928 "-" "Mozilla/5.0 (compatible; MJ12bot/v1.4.2; http://www.majestic12.co.uk/bot.php?+)"
93.128.160.217 - - [13/Apr/2012:22:16:00 -0700] "GET /blog/functional-programming-geekweekend-at-thoughtworks.html HTTP/1.1" 200 4081 "-" "Mozilla/5.0 (compatible; MJ12bot/v1.4.2; http://www.majestic12.co.uk/bot.php?+)"
93.128.160.217 - - [13/Apr/2012:22:16:07 -0700] "GET /blog/nen-first-dot-2010-what-i-learnt.html HTTP/1.1" 200 3898 "-" "Mozilla/5.0 (compatible; MJ12bot/v1.4.2; http://www.majestic12.co.uk/bot.php?+)"
93.128.160.217 - - [13/Apr/2012:22:16:10 -0700] "GET /blog/serendipity.html HTTP/1.1" 200 2419 "-" "Mozilla/5.0 (compatible; MJ12bot/v1.4.2; http://www.majestic12.co.uk/bot.php?+)"
115.184.6.200 - - [13/Apr/2012:22:17:03 -0700] "-" 400 0 "-" "-"
141.0.10.6 - - [13/Apr/2012:22:17:48 -0700] "-" 400 0 "-" "-"
117.211.86.74 - - [13/Apr/2012:22:18:56 -0700] "-" 400 0 "-" "-"
117.211.86.74 - - [13/Apr/2012:22:18:56 -0700] "-" 400 0 "-" "-"
117.211.86.74 - - [13/Apr/2012:22:18:56 -0700] "-" 400 0 "-" "-"
117.211.86.74 - - [13/Apr/2012:22:18:56 -0700] "-" 400 0 "-" "-"
85.17.88.169 - - [13/Apr/2012:22:19:15 -0700] "POST /blog/wp-cron.php?doing_wp_cron=1334380404 HTTP/1.0" 499 0 "-" "WordPress/3.3.1; http://yuvi.in/blog"
209.85.224.84 - - [13/Apr/2012:22:19:15 -0700] "GET /blog/feed HTTP/1.1" 304 0 "-" "FeedBurner/1.0 (http://www.FeedBurner.com)"
117.193.148.172 - - [13/Apr/2012:22:19:39 -0700] "-" 400 0 "-" "-"
117.193.148.172 - - [13/Apr/2012:22:19:39 -0700] "-" 400 0 "-" "-"
117.193.148.172 - - [13/Apr/2012:22:19:39 -0700] "-" 400 0 "-" "-"
117.193.148.172 - - [13/Apr/2012:22:19:39 -0700] "-" 400 0 "-" "-"
117.193.205.93 - - [13/Apr/2012:22:21:05 -0700] "-" 400 0 "-" "-"
117.193.10.240 - - [13/Apr/2012:22:21:33 -0700] "-" 400 0 "-" "-"
85.17.88.169 - - [13/Apr/2012:22:22:09 -0700] "POST /blog/wp-cron.php?doing_wp_cron=1334380578 HTTP/1.0" 499 0 "-" "WordPress/3.3.1; http://yuvi.in/blog"
66.249.73.219 - - [13/Apr/2012:22:22:10 -0700] "GET /blog/my-vim-setup/ HTTP/1.1" 200 7100 "-" "Mozilla/5.0 (compatible; Googlebot/2.1; +http://www.google.com/bot.html)"
92.99.213.140 - - [13/Apr/2012:22:23:02 -0700] "GET /r/h8 HTTP/1.1" 301 253 "http://ta.wikipedia.org/wiki/%E0%AE%90%E0%AE%95%E0%AF%8D%E0%AE%95%E0%AE%BF%E0%AE%AF_%E0%AE%85%E0%AE%B0%E0%AE%AA%E0%AF%81_%E0%AE%85%E0%AE%AE%E0%AF%80%E0%AE%B0%E0%AE%95%E0%AE%A4%E0%AF%8D%E0%AE%A4%E0%AE%BF%E0%AE%B2%E0%AF%81%E0%AE%B3%E0%AF%8D%E0%AE%B3_%E0%AE%AE%E0%AE%BE%E0%AE%A8%E0%AE%95%E0%AE%B0%E0%AE%99%E0%AF%8D%E0%AE%95%E0%AE%B3%E0%AE%BF%E0%AE%A9%E0%AF%8D_%E0%AE%AA%E0%AE%9F%E0%AF%8D%E0%AE%9F%E0%AE%BF%E0%AE%AF%E0%AE%B2%E0%AF%8D" "Mozilla/5.0 (compatible; MSIE 9.0; Windows NT 6.1; Trident/5.0)"
92.99.213.140 - - [13/Apr/2012:22:23:03 -0700] "GET /s/ta/h8/ HTTP/1.1" 302 809 "http://ta.wikipedia.org/wiki/%E0%AE%90%E0%AE%95%E0%AF%8D%E0%AE%95%E0%AE%BF%E0%AE%AF_%E0%AE%85%E0%AE%B0%E0%AE%AA%E0%AF%81_%E0%AE%85%E0%AE%AE%E0%AF%80%E0%AE%B0%E0%AE%95%E0%AE%A4%E0%AF%8D%E0%AE%A4%E0%AE%BF%E0%AE%B2%E0%AF%81%E0%AE%B3%E0%AF%8D%E0%AE%B3_%E0%AE%AE%E0%AE%BE%E0%AE%A8%E0%AE%95%E0%AE%B0%E0%AE%99%E0%AF%8D%E0%AE%95%E0%AE%B3%E0%AE%BF%E0%AE%A9%E0%AF%8D_%E0%AE%AA%E0%AE%9F%E0%AF%8D%E0%AE%9F%E0%AE%BF%E0%AE%AF%E0%AE%B2%E0%AF%8D" "Mozilla/5.0 (compatible; MSIE 9.0; Windows NT 6.1; Trident/5.0)"
173.244.194.77 - - [13/Apr/2012:22:23:55 -0700] "-" 400 0 "-" "-"
173.244.194.77 - - [13/Apr/2012:22:23:55 -0700] "-" 400 0 "-" "-"
122.174.113.140 - - [13/Apr/2012:22:24:35 -0700] "-" 400 0 "-" "-"
122.164.92.148 - - [13/Apr/2012:22:24:41 -0700] "-" 400 0 "-" "-"
85.17.88.169 - - [13/Apr/2012:22:26:25 -0700] "POST /blog/wp-cron.php?doing_wp_cron=1334380834 HTTP/1.0" 499 0 "-" "WordPress/3.3.1; http://yuvi.in/blog"
209.85.238.182 - - [13/Apr/2012:22:26:26 -0700] "GET /blog/feed/ HTTP/1.1" 304 0 "-" "Feedfetcher-Google; (+http://www.google.com/feedfetcher.html; 19 subscribers; feed-id=15064232456473204253)"
180.76.6.213 - - [13/Apr/2012:22:27:33 -0700] "GET / HTTP/1.1" 200 1430 "-" "Mozilla/5.0 (compatible; Baiduspider/2.0; +http://www.baidu.com/search/spider.html)"
115.184.6.200 - - [13/Apr/2012:22:28:15 -0700] "-" 400 0 "-" "-"
122.164.224.51 - - [13/Apr/2012:22:29:33 -0700] "-" 400 0 "-" "-"
122.164.224.51 - - [13/Apr/2012:22:29:33 -0700] "-" 400 0 "-" "-"
122.164.67.224 - - [13/Apr/2012:22:30:00 -0700] "GET /r/2e47 HTTP/1.1" 301 257 "http://wikimapia.org/12091275/Thayamangalam-%E0%AE%A4%E0%AE%BE%E0%AE%AF%E0%AE%AE%E0%AE%99%E0%AF%8D%E0%AE%95%E0%AE%B2%E0%AE%AE%E0%AF%8D" "Mozilla/5.0 (Windows NT 6.1; WOW64; rv:11.0) Gecko/20100101 Firefox/11.0"
122.164.67.224 - - [13/Apr/2012:22:30:01 -0700] "GET /s/ta/2e47/ HTTP/1.1" 302 385 "http://wikimapia.org/12091275/Thayamangalam-%E0%AE%A4%E0%AE%BE%E0%AE%AF%E0%AE%AE%E0%AE%99%E0%AF%8D%E0%AE%95%E0%AE%B2%E0%AE%AE%E0%AF%8D" "Mozilla/5.0 (Windows NT 6.1; WOW64; rv:11.0) Gecko/20100101 Firefox/11.0"
122.164.224.51 - - [13/Apr/2012:22:30:03 -0700] "-" 400 0 "-" "-"
58.68.42.210 - - [13/Apr/2012:22:31:16 -0700] "GET /r/1lc8 HTTP/1.1" 301 257 "http://ta.wikipedia.org/wiki/%E0%AE%A4%E0%AE%AE%E0%AE%BF%E0%AE%B4%E0%AF%8D%E0%AE%A8%E0%AE%BE%E0%AE%9F%E0%AF%81_%E0%AE%85%E0%AE%B0%E0%AE%9A%E0%AF%81_%E0%AE%AE%E0%AF%81%E0%AE%A4%E0%AE%BF%E0%AE%AF%E0%AF%8B%E0%AE%B0%E0%AF%8D_%E0%AE%89%E0%AE%A4%E0%AE%B5%E0%AE%BF%E0%AE%A4%E0%AF%8D_%E0%AE%A4%E0%AF%8A%E0%AE%95%E0%AF%88" "Mozilla/5.0 (Windows NT 5.1) AppleWebKit/535.19 (KHTML, like Gecko) Chrome/18.0.1025.162 Safari/535.19"
58.68.42.210 - - [13/Apr/2012:22:31:16 -0700] "GET /s/ta/1lc8/ HTTP/1.1" 302 653 "http://ta.wikipedia.org/wiki/%E0%AE%A4%E0%AE%AE%E0%AE%BF%E0%AE%B4%E0%AF%8D%E0%AE%A8%E0%AE%BE%E0%AE%9F%E0%AF%81_%E0%AE%85%E0%AE%B0%E0%AE%9A%E0%AF%81_%E0%AE%AE%E0%AF%81%E0%AE%A4%E0%AE%BF%E0%AE%AF%E0%AF%8B%E0%AE%B0%E0%AF%8D_%E0%AE%89%E0%AE%A4%E0%AE%B5%E0%AE%BF%E0%AE%A4%E0%AF%8D_%E0%AE%A4%E0%AF%8A%E0%AE%95%E0%AF%88" "Mozilla/5.0 (Windows NT 5.1) AppleWebKit/535.19 (KHTML, like Gecko) Chrome/18.0.1025.162 Safari/535.19"
85.17.88.169 - - [13/Apr/2012:22:31:42 -0700] "POST /blog/wp-cron.php?doing_wp_cron=1334381151 HTTP/1.0" 499 0 "-" "WordPress/3.3.1; http://yuvi.in/blog"
101.226.33.188 - - [13/Apr/2012:22:31:42 -0700] "GET /blog/feed HTTP/1.0" 304 0 "-" "Mozilla/4.0 (compatible; Windows;)"
209.85.224.88 - - [13/Apr/2012:22:33:02 -0700] "GET /stories/feed HTTP/1.1" 200 13653 "-" "FeedBurner/1.0 (http://www.FeedBurner.com)"
115.184.45.194 - - [13/Apr/2012:22:36:05 -0700] "-" 400 0 "-" "-"
117.202.135.2 - - [13/Apr/2012:22:36:32 -0700] "-" 400 0 "-" "-"
117.213.37.234 - - [13/Apr/2012:22:38:10 -0700] "GET /r/1eg5 HTTP/1.1" 301 257 "http://www.facebook.com/" "Mozilla/5.0 (Windows NT 5.1; rv:11.0) Gecko/20100101 Firefox/11.0"
117.213.37.234 - - [13/Apr/2012:22:38:10 -0700] "GET /s/ta/1eg5/ HTTP/1.1" 302 337 "http://www.facebook.com/" "Mozilla/5.0 (Windows NT 5.1; rv:11.0) Gecko/20100101 Firefox/11.0"
115.241.39.37 - - [13/Apr/2012:22:39:19 -0700] "-" 400 0 "-" "-"
101.2.181.183 - - [13/Apr/2012:22:39:52 -0700] "GET /r/1dn7 HTTP/1.1" 301 257 "http://ta.wikipedia.org/wiki/%E0%AE%89%E0%AE%B2%E0%AE%95%E0%AE%B3%E0%AE%BE%E0%AE%B5%E0%AE%BF%E0%AE%AF_%E0%AE%A8%E0%AE%9F%E0%AE%AE%E0%AE%BE%E0%AE%9F%E0%AF%81%E0%AE%AE%E0%AF%8D_%E0%AE%A4%E0%AE%95%E0%AE%B5%E0%AE%B2%E0%AF%8D_%E0%AE%A4%E0%AF%8A%E0%AE%9F%E0%AE%B0%E0%AF%8D%E0%AE%AA%E0%AF%81%E0%AE%95%E0%AE%B3%E0%AF%8D_%E0%AE%A4%E0%AE%BF%E0%AE%9F%E0%AF%8D%E0%AE%9F%E0%AE%AE%E0%AF%8D" "Mozilla/5.0 (Windows NT 6.1; WOW64) AppleWebKit/535.19 (KHTML, like Gecko) Chrome/18.0.1025.152 Safari/535.19"
101.2.181.183 - - [13/Apr/2012:22:39:53 -0700] "GET /s/ta/1dn7/ HTTP/1.1" 302 737 "http://ta.wikipedia.org/wiki/%E0%AE%89%E0%AE%B2%E0%AE%95%E0%AE%B3%E0%AE%BE%E0%AE%B5%E0%AE%BF%E0%AE%AF_%E0%AE%A8%E0%AE%9F%E0%AE%AE%E0%AE%BE%E0%AE%9F%E0%AF%81%E0%AE%AE%E0%AF%8D_%E0%AE%A4%E0%AE%95%E0%AE%B5%E0%AE%B2%E0%AF%8D_%E0%AE%A4%E0%AF%8A%E0%AE%9F%E0%AE%B0%E0%AF%8D%E0%AE%AA%E0%AF%81%E0%AE%95%E0%AE%B3%E0%AF%8D_%E0%AE%A4%E0%AE%BF%E0%AE%9F%E0%AF%8D%E0%AE%9F%E0%AE%AE%E0%AF%8D" "Mozilla/5.0 (Windows NT 6.1; WOW64) AppleWebKit/535.19 (KHTML, like Gecko) Chrome/18.0.1025.152 Safari/535.19"
101.2.181.183 - - [13/Apr/2012:22:40:01 -0700] "-" 400 0 "-" "-"
101.2.181.183 - - [13/Apr/2012:22:40:11 -0700] "-" 400 0 "-" "-"
223.179.138.73 - - [13/Apr/2012:22:40:49 -0700] "-" 400 0 "-" "-"
65.52.109.152 - - [13/Apr/2012:22:40:55 -0700] "GET /robots.txt HTTP/1.1" 404 169 "-" "Mozilla/5.0 (compatible; bingbot/2.0; +http://www.bing.com/bingbot.htm)"
85.17.88.169 - - [13/Apr/2012:22:41:00 -0700] "POST /blog/wp-cron.php?doing_wp_cron=1334381709 HTTP/1.0" 499 0 "-" "WordPress/3.3.1; http://yuvi.in/blog"
65.52.109.152 - - [13/Apr/2012:22:41:01 -0700] "GET /blog/passing-headers-proxying-nginx/ HTTP/1.1" 200 4633 "-" "Mozilla/5.0 (compatible; bingbot/2.0; +http://www.bing.com/bingbot.htm)"
117.193.152.56 - - [13/Apr/2012:22:41:21 -0700] "-" 400 0 "-" "-"
117.193.152.56 - - [13/Apr/2012:22:41:21 -0700] "-" 400 0 "-" "-"
223.179.138.73 - - [13/Apr/2012:22:42:19 -0700] "-" 400 0 "-" "-"
203.82.90.71 - - [13/Apr/2012:22:42:39 -0700] "GET /r/1va HTTP/1.1" 301 255 "-" "Mozilla/5.0 (iPhone; CPU iPhone OS 5_1 like Mac OS X) AppleWebKit/534.46 (KHTML, like Gecko) Mobile/9B176"
115.241.39.37 - - [13/Apr/2012:22:42:39 -0700] "-" 400 0 "-" "-"
203.82.90.71 - - [13/Apr/2012:22:42:39 -0700] "GET /s/ta/1va/ HTTP/1.1" 302 409 "-" "Mozilla/5.0 (iPhone; CPU iPhone OS 5_1 like Mac OS X) AppleWebKit/534.46 (KHTML, like Gecko) Mobile/9B176"
85.17.88.169 - - [13/Apr/2012:22:46:50 -0700] "POST /blog/wp-cron.php?doing_wp_cron=1334382058 HTTP/1.0" 499 0 "-" "WordPress/3.3.1; http://yuvi.in/blog"
183.82.72.118 - - [13/Apr/2012:22:46:50 -0700] "GET /blog/feed/ HTTP/1.0" 304 0 "-" "FeedDemon/4.0 (http://www.feeddemon.com/; Microsoft Windows)"
69.171.234.4 - - [13/Apr/2012:22:47:03 -0700] "GET /r/240g HTTP/1.1" 301 257 "-" "facebookexternalhit/1.1 (+http://www.facebook.com/externalhit_uatext.php)"
69.171.234.0 - - [13/Apr/2012:22:47:03 -0700] "GET /s/ta/240g/ HTTP/1.1" 302 397 "-" "facebookexternalhit/1.1 (+http://www.facebook.com/externalhit_uatext.php)"
117.202.190.125 - - [13/Apr/2012:22:47:50 -0700] "-" 400 0 "-" "-"
213.186.127.13 - - [13/Apr/2012:22:47:50 -0700] "GET /r/akd HTTP/1.1" 301 255 "-" "Mozilla/5.0 (compatible; AhrefsBot/2.0; +http://ahrefs.com/robot/)"
115.241.39.37 - - [13/Apr/2012:22:48:09 -0700] "-" 400 0 "-" "-"
115.241.39.37 - - [13/Apr/2012:22:48:09 -0700] "-" 400 0 "-" "-"
115.241.39.37 - - [13/Apr/2012:22:48:09 -0700] "-" 400 0 "-" "-"
115.241.39.37 - - [13/Apr/2012:22:48:09 -0700] "-" 400 0 "-" "-"
115.241.39.37 - - [13/Apr/2012:22:48:09 -0700] "-" 400 0 "-" "-"
91.201.64.4 - - [13/Apr/2012:22:48:37 -0700] "GET /r/2ge1 HTTP/1.1" 301 257 "-" "Mozilla/5.0 (Windows; U; Windows NT 5.0; en-US; rv:1.5b) Gecko/20030827"
91.201.64.4 - - [13/Apr/2012:22:48:37 -0700] "GET /s/ta/2ge1/ HTTP/1.1" 302 633 "-" "Mozilla/5.0 (Windows; U; Windows NT 5.0; en-US; rv:1.5b) Gecko/20030827"
122.174.0.110 - - [13/Apr/2012:22:51:52 -0700] "-" 400 0 "-" "-"
122.174.0.110 - - [13/Apr/2012:22:51:52 -0700] "-" 400 0 "-" "-"
117.202.81.186 - - [13/Apr/2012:22:53:12 -0700] "-" 400 0 "-" "-"
117.202.81.186 - - [13/Apr/2012:22:53:12 -0700] "-" 400 0 "-" "-"
117.202.81.186 - - [13/Apr/2012:22:53:12 -0700] "-" 400 0 "-" "-"
117.202.81.186 - - [13/Apr/2012:22:53:12 -0700] "-" 400 0 "-" "-"
117.202.81.186 - - [13/Apr/2012:22:53:12 -0700] "-" 400 0 "-" "-"
117.193.211.32 - - [13/Apr/2012:22:54:13 -0700] "-" 400 0 "-" "-"
85.17.88.169 - - [13/Apr/2012:22:54:32 -0700] "POST /blog/wp-cron.php?doing_wp_cron=1334382521 HTTP/1.0" 499 0 "-" "WordPress/3.3.1; http://yuvi.in/blog"
209.85.224.92 - - [13/Apr/2012:22:54:32 -0700] "GET /blog/feed HTTP/1.1" 304 0 "-" "FeedBurner/1.0 (http://www.FeedBurner.com)"
207.46.199.22 - - [13/Apr/2012:22:55:33 -0700] "-" 400 0 "-" "-"
207.46.199.22 - - [13/Apr/2012:22:55:35 -0700] "-" 400 0 "-" "-"
207.46.199.22 - - [13/Apr/2012:22:55:36 -0700] "-" 400 0 "-" "-"
207.46.199.22 - - [13/Apr/2012:22:55:36 -0700] "-" 400 0 "-" "-"
207.46.199.22 - - [13/Apr/2012:22:55:36 -0700] "-" 400 0 "-" "-"
207.46.199.22 - - [13/Apr/2012:22:55:36 -0700] "-" 400 0 "-" "-"
207.46.199.22 - - [13/Apr/2012:22:55:37 -0700] "-" 400 0 "-" "-"
207.46.199.22 - - [13/Apr/2012:22:55:37 -0700] "-" 400 0 "-" "-"
207.46.199.22 - - [13/Apr/2012:22:55:37 -0700] "-" 400 0 "-" "-"
207.46.199.22 - - [13/Apr/2012:22:55:37 -0700] "-" 400 0 "-" "-"
117.193.71.215 - - [13/Apr/2012:22:56:28 -0700] "-" 400 0 "-" "-"
112.110.113.238 - - [13/Apr/2012:22:56:37 -0700] "-" 400 0 "-" "-"
180.76.6.223 - - [13/Apr/2012:22:57:04 -0700] "GET / HTTP/1.1" 304 0 "-" "Mozilla/5.0 (compatible; Baiduspider/2.0; +http://www.baidu.com/search/spider.html)"
117.193.211.32 - - [13/Apr/2012:22:57:23 -0700] "-" 400 0 "-" "-"
117.193.211.32 - - [13/Apr/2012:22:57:23 -0700] "-" 400 0 "-" "-"
117.193.211.32 - - [13/Apr/2012:22:57:23 -0700] "-" 400 0 "-" "-"
117.193.211.32 - - [13/Apr/2012:22:57:23 -0700] "-" 400 0 "-" "-"
223.179.138.73 - - [13/Apr/2012:22:58:00 -0700] "-" 400 0 "-" "-"
223.179.138.73 - - [13/Apr/2012:22:58:00 -0700] "-" 400 0 "-" "-"
223.179.138.73 - - [13/Apr/2012:22:58:00 -0700] "-" 400 0 "-" "-"
223.179.138.73 - - [13/Apr/2012:22:58:03 -0700] "-" 400 0 "-" "-"
208.115.111.68 - - [13/Apr/2012:22:59:29 -0700] "GET /robots.txt HTTP/1.1" 404 169 "-" "Mozilla/5.0 (compatible; Ezooms/1.0; ezooms.bot@gmail.com)"
124.184.254.201 - - [13/Apr/2012:22:59:38 -0700] "GET /blog/feed/ HTTP/1.1" 304 0 "-" "FeedDemon/3.0 (http://www.feeddemon.com/; Microsoft Windows XP)"
207.46.204.212 - - [13/Apr/2012:23:02:36 -0700] "-" 400 0 "-" "-"
207.46.204.212 - - [13/Apr/2012:23:02:36 -0700] "-" 400 0 "-" "-"
207.46.204.212 - - [13/Apr/2012:23:02:36 -0700] "-" 400 0 "-" "-"
207.46.204.212 - - [13/Apr/2012:23:02:37 -0700] "-" 400 0 "-" "-"
207.46.204.212 - - [13/Apr/2012:23:02:37 -0700] "-" 400 0 "-" "-"
207.46.204.212 - - [13/Apr/2012:23:02:37 -0700] "-" 400 0 "-" "-"
207.46.204.212 - - [13/Apr/2012:23:02:37 -0700] "-" 400 0 "-" "-"
