121.244.182.77 - - [07/Apr/2012:12:05:32 -0700] "GET /blog/wp-includes/js/jquery/jquery.js?ver=1.7.1 HTTP/1.0" 304 0 "http://yuvi.in/blog/tag/work/" "Mozilla/5.0 (X11; Linux x86_64; rv:2.0) Gecko/20100101 Firefox/4.0"
117.193.237.207 - - [07/Apr/2012:12:05:35 -0700] "-" 400 0 "-" "-"
121.244.182.77 - - [07/Apr/2012:12:06:35 -0700] "GET /blog/infosys-tcs-or-wipro-none/ HTTP/1.0" 200 7090 "http://yuvi.in/blog/tag/work/" "Mozilla/5.0 (X11; Linux x86_64; rv:2.0) Gecko/20100101 Firefox/4.0"
121.244.182.77 - - [07/Apr/2012:12:06:35 -0700] "GET /blog/wp-content/themes/cleanr/js/jquery.dropdown.js?ver=3.3.1 HTTP/1.0" 304 0 "http://yuvi.in/blog/infosys-tcs-or-wipro-none/" "Mozilla/5.0 (X11; Linux x86_64; rv:2.0) Gecko/20100101 Firefox/4.0"
121.244.182.77 - - [07/Apr/2012:12:06:35 -0700] "GET /blog/wp-includes/js/jquery/jquery.js?ver=1.7.1 HTTP/1.0" 304 0 "http://yuvi.in/blog/infosys-tcs-or-wipro-none/" "Mozilla/5.0 (X11; Linux x86_64; rv:2.0) Gecko/20100101 Firefox/4.0"
121.244.182.77 - - [07/Apr/2012:12:06:38 -0700] "GET /blog/working-big-co-unsatisfying/ HTTP/1.0" 499 0 "http://yuvi.in/blog/infosys-tcs-or-wipro-none/" "Mozilla/5.0 (X11; Linux x86_64; rv:2.0) Gecko/20100101 Firefox/4.0"
85.17.88.169 - - [07/Apr/2012:12:06:41 -0700] "POST /blog/wp-cron.php?doing_wp_cron=1333825302 HTTP/1.0" 499 0 "-" "WordPress/3.3.1; http://yuvi.in/blog"
121.244.182.77 - - [07/Apr/2012:12:06:42 -0700] "GET /blog/infosys-tcs-or-wipro-none/?cf_action=sync_comments&post_id=124 HTTP/1.0" 200 17 "http://yuvi.in/blog/infosys-tcs-or-wipro-none/" "Mozilla/5.0 (X11; Linux x86_64; rv:2.0) Gecko/20100101 Firefox/4.0"
69.171.234.7 - - [07/Apr/2012:12:06:55 -0700] "GET /r/33y0 HTTP/1.1" 301 257 "-" "facebookexternalhit/1.1 (+http://www.facebook.com/externalhit_uatext.php)"
69.171.234.3 - - [07/Apr/2012:12:06:56 -0700] "GET /s/ta/33y0/ HTTP/1.1" 302 609 "-" "facebookexternalhit/1.1 (+http://www.facebook.com/externalhit_uatext.php)"
124.155.241.13 - - [07/Apr/2012:12:08:17 -0700] "GET /AssessmentBar/r/Unassessed_India_articles/ HTTP/1.1" 302 313 "http://en.wikipedia.org/wiki/2012_Indian_Premier_League" "Mozilla/5.0 (Windows NT 6.1; WOW64) AppleWebKit/535.19 (KHTML, like Gecko) Chrome/18.0.1025.151 Safari/535.19"
207.46.204.170 - - [07/Apr/2012:12:08:27 -0700] "-" 400 0 "-" "-"
207.46.204.170 - - [07/Apr/2012:12:08:27 -0700] "-" 400 0 "-" "-"
207.46.204.170 - - [07/Apr/2012:12:08:28 -0700] "-" 400 0 "-" "-"
75.131.206.131 - - [07/Apr/2012:12:08:30 -0700] "GET / HTTP/1.1" 200 1430 "-" "Reeder/1.5.5 CFNetwork/548.1.4 Darwin/11.0.0"
75.131.206.131 - - [07/Apr/2012:12:08:30 -0700] "GET /favicon.ico HTTP/1.1" 404 142 "-" "Reeder/1.5.5 CFNetwork/548.1.4 Darwin/11.0.0"
75.131.206.131 - - [07/Apr/2012:12:08:30 -0700] "GET /apple-touch-icon.png HTTP/1.1" 404 142 "-" "Reeder/1.5.5 CFNetwork/548.1.4 Darwin/11.0.0"
75.131.206.131 - - [07/Apr/2012:12:08:31 -0700] "GET /apple-touch-icon-precomposed.png HTTP/1.1" 404 142 "-" "Reeder/1.5.5 CFNetwork/548.1.4 Darwin/11.0.0"
124.155.241.13 - - [07/Apr/2012:12:08:31 -0700] "GET /AssessmentBar/r/Unassessed_India_articles/ HTTP/1.1" 302 297 "http://en.wikipedia.org/wiki/Economic_disparities_in_India" "Mozilla/5.0 (Windows NT 6.1; WOW64) AppleWebKit/535.19 (KHTML, like Gecko) Chrome/18.0.1025.151 Safari/535.19"
207.46.204.170 - - [07/Apr/2012:12:08:32 -0700] "-" 400 0 "-" "-"
207.46.204.170 - - [07/Apr/2012:12:08:33 -0700] "-" 400 0 "-" "-"
207.46.204.170 - - [07/Apr/2012:12:08:33 -0700] "-" 400 0 "-" "-"
207.46.204.170 - - [07/Apr/2012:12:08:34 -0700] "-" 400 0 "-" "-"
207.46.204.170 - - [07/Apr/2012:12:08:34 -0700] "-" 400 0 "-" "-"
207.46.204.170 - - [07/Apr/2012:12:08:35 -0700] "-" 400 0 "-" "-"
207.46.204.170 - - [07/Apr/2012:12:08:35 -0700] "-" 400 0 "-" "-"
209.85.224.99 - - [07/Apr/2012:12:08:44 -0700] "GET /stories/feed HTTP/1.1" 200 13653 "-" "FeedBurner/1.0 (http://www.FeedBurner.com)"
125.63.112.226 - - [07/Apr/2012:12:08:44 -0700] "GET /AssessmentBar/r/Unassessed_India_articles/ HTTP/1.1" 302 287 "http://en.wikipedia.org/wiki/Freedom_Fighters_and_Rehabilitation_Division" "Mozilla/5.0 (Macintosh; Intel Mac OS X 10.7; rv:9.0.1) Gecko/20100101 Firefox/9.0.1"
124.155.241.13 - - [07/Apr/2012:12:08:48 -0700] "GET /AssessmentBar/r/Unassessed_India_articles/ HTTP/1.1" 302 281 "http://en.wikipedia.org/wiki/Oberoi_Trident_Towers" "Mozilla/5.0 (Windows NT 6.1; WOW64) AppleWebKit/535.19 (KHTML, like Gecko) Chrome/18.0.1025.151 Safari/535.19"
125.63.112.226 - - [07/Apr/2012:12:08:50 -0700] "-" 400 0 "-" "-"
207.46.204.170 - - [07/Apr/2012:12:09:16 -0700] "-" 400 0 "-" "-"
207.46.204.170 - - [07/Apr/2012:12:09:28 -0700] "-" 400 0 "-" "-"
207.46.204.170 - - [07/Apr/2012:12:09:29 -0700] "-" 400 0 "-" "-"
207.46.204.210 - - [07/Apr/2012:12:12:30 -0700] "-" 400 0 "-" "-"
207.46.204.210 - - [07/Apr/2012:12:12:30 -0700] "-" 400 0 "-" "-"
207.46.204.210 - - [07/Apr/2012:12:12:31 -0700] "-" 400 0 "-" "-"
207.46.204.210 - - [07/Apr/2012:12:12:34 -0700] "-" 400 0 "-" "-"
207.46.204.210 - - [07/Apr/2012:12:12:34 -0700] "-" 400 0 "-" "-"
207.46.204.210 - - [07/Apr/2012:12:12:34 -0700] "-" 400 0 "-" "-"
207.46.204.210 - - [07/Apr/2012:12:12:34 -0700] "-" 400 0 "-" "-"
207.46.204.210 - - [07/Apr/2012:12:12:35 -0700] "-" 400 0 "-" "-"
207.46.204.210 - - [07/Apr/2012:12:12:36 -0700] "-" 400 0 "-" "-"
207.46.204.210 - - [07/Apr/2012:12:12:36 -0700] "-" 400 0 "-" "-"
207.46.204.210 - - [07/Apr/2012:12:12:36 -0700] "-" 400 0 "-" "-"
85.17.88.169 - - [07/Apr/2012:12:13:51 -0700] "POST /blog/wp-cron.php?doing_wp_cron=1333825731 HTTP/1.0" 499 0 "-" "WordPress/3.3.1; http://yuvi.in/blog"
182.48.16.69 - - [07/Apr/2012:12:13:52 -0700] "GET /blog/tag/devlog/ HTTP/1.1" 200 45042 "-" "Mozilla/5.0 (Windows NT 6.1; WOW64; rv:5.0.1) Gecko/20100101 Firefox/5.0.1"
85.17.88.169 - - [07/Apr/2012:12:13:56 -0700] "POST /blog/wp-cron.php?doing_wp_cron=1333825736 HTTP/1.0" 499 0 "-" "WordPress/3.3.1; http://yuvi.in/blog"
210.252.61.130 - - [07/Apr/2012:12:13:57 -0700] "GET /blog/category/code/ HTTP/1.1" 200 38826 "-" "Mozilla/5.0 (Windows NT 6.1; WOW64; rv:5.0.1) Gecko/20100101 Firefox/5.0.1"
79.169.55.188 - - [07/Apr/2012:12:14:27 -0700] "GET /blog/programmer-run-code-head/ HTTP/1.1" 200 4822 "http://www.google.com/url?sa=t&rct=j&q=&esrc=s&source=web&cd=66&ved=0CEwQFjAFODw&url=http%3A%2F%2Fyuvi.in%2Fblog%2Fprogrammer-run-code-head%2F&ei=2ZCAT_vxHcbB8QOsx7SXBg&usg=AFQjCNFC1Yre9HiR0TBMs0EATfec-iJsaQ" "Mozilla/5.0 (X11; Ubuntu; Linux i686; rv:11.0) Gecko/20100101 Firefox/11.0"
79.169.55.188 - - [07/Apr/2012:12:14:29 -0700] "GET /blog/wp-content/themes/cleanr/js/jquery.dropdown.js?ver=3.3.1 HTTP/1.1" 200 535 "http://yuvi.in/blog/programmer-run-code-head/" "Mozilla/5.0 (X11; Ubuntu; Linux i686; rv:11.0) Gecko/20100101 Firefox/11.0"
79.169.55.188 - - [07/Apr/2012:12:14:30 -0700] "GET /blog/wp-content/themes/cleanr/style.css HTTP/1.1" 200 10508 "http://yuvi.in/blog/programmer-run-code-head/" "Mozilla/5.0 (X11; Ubuntu; Linux i686; rv:11.0) Gecko/20100101 Firefox/11.0"
79.169.55.188 - - [07/Apr/2012:12:14:33 -0700] "GET /blog/wp-includes/js/jquery/jquery.js?ver=1.7.1 HTTP/1.1" 200 93889 "http://yuvi.in/blog/programmer-run-code-head/" "Mozilla/5.0 (X11; Ubuntu; Linux i686; rv:11.0) Gecko/20100101 Firefox/11.0"
79.169.55.188 - - [07/Apr/2012:12:14:34 -0700] "GET /blog/wp-content/themes/cleanr/css/reset.css HTTP/1.1" 200 648 "http://yuvi.in/blog/wp-content/themes/cleanr/style.css" "Mozilla/5.0 (X11; Ubuntu; Linux i686; rv:11.0) Gecko/20100101 Firefox/11.0"
79.169.55.188 - - [07/Apr/2012:12:14:34 -0700] "GET /blog/wp-content/themes/cleanr/css/text.css HTTP/1.1" 200 420 "http://yuvi.in/blog/wp-content/themes/cleanr/style.css" "Mozilla/5.0 (X11; Ubuntu; Linux i686; rv:11.0) Gecko/20100101 Firefox/11.0"
79.169.55.188 - - [07/Apr/2012:12:14:34 -0700] "GET /blog/wp-content/themes/cleanr/css/960.css HTTP/1.1" 200 3628 "http://yuvi.in/blog/wp-content/themes/cleanr/style.css" "Mozilla/5.0 (X11; Ubuntu; Linux i686; rv:11.0) Gecko/20100101 Firefox/11.0"
79.169.55.188 - - [07/Apr/2012:12:14:35 -0700] "-" 400 0 "-" "-"
79.169.55.188 - - [07/Apr/2012:12:14:35 -0700] "-" 400 0 "-" "-"
79.169.55.188 - - [07/Apr/2012:12:14:35 -0700] "-" 400 0 "-" "-"
79.169.55.188 - - [07/Apr/2012:12:14:36 -0700] "GET /blog/wp-content/themes/cleanr/images/search_magnifier.gif HTTP/1.1" 200 394 "http://yuvi.in/blog/programmer-run-code-head/" "Mozilla/5.0 (X11; Ubuntu; Linux i686; rv:11.0) Gecko/20100101 Firefox/11.0"
79.169.55.188 - - [07/Apr/2012:12:14:36 -0700] "GET /favicon.ico HTTP/1.1" 404 142 "-" "Mozilla/5.0 (X11; Ubuntu; Linux i686; rv:11.0) Gecko/20100101 Firefox/11.0"
79.169.55.188 - - [07/Apr/2012:12:14:37 -0700] "GET /favicon.ico HTTP/1.1" 404 142 "-" "Mozilla/5.0 (X11; Ubuntu; Linux i686; rv:11.0) Gecko/20100101 Firefox/11.0"
85.17.88.169 - - [07/Apr/2012:12:14:40 -0700] "POST /blog/wp-cron.php?doing_wp_cron=1333825780 HTTP/1.0" 499 0 "-" "WordPress/3.3.1; http://yuvi.in/blog"
79.169.55.188 - - [07/Apr/2012:12:14:40 -0700] "GET /blog/programmer-run-code-head/?cf_action=sync_comments&post_id=164 HTTP/1.1" 200 48 "http://yuvi.in/blog/programmer-run-code-head/" "Mozilla/5.0 (X11; Ubuntu; Linux i686; rv:11.0) Gecko/20100101 Firefox/11.0"
69.171.234.3 - - [07/Apr/2012:12:14:47 -0700] "GET /r/33y0 HTTP/1.1" 301 257 "-" "facebookexternalhit/1.1 (+http://www.facebook.com/externalhit_uatext.php)"
69.171.234.5 - - [07/Apr/2012:12:14:47 -0700] "GET /s/ta/33y0/ HTTP/1.1" 302 609 "-" "facebookexternalhit/1.1 (+http://www.facebook.com/externalhit_uatext.php)"
85.17.88.169 - - [07/Apr/2012:12:18:36 -0700] "POST /blog/wp-cron.php?doing_wp_cron=1333826016 HTTP/1.0" 499 0 "-" "WordPress/3.3.1; http://yuvi.in/blog"
183.82.74.141 - - [07/Apr/2012:12:18:36 -0700] "GET /blog/feed/ HTTP/1.0" 304 0 "-" "FeedDemon/4.0 (http://www.feeddemon.com/; Microsoft Windows)"
85.17.88.169 - - [07/Apr/2012:12:19:02 -0700] "POST /blog/wp-cron.php?doing_wp_cron=1333826041 HTTP/1.0" 499 0 "-" "WordPress/3.3.1; http://yuvi.in/blog"
209.85.224.99 - - [07/Apr/2012:12:19:02 -0700] "GET /blog/feed HTTP/1.1" 304 0 "-" "FeedBurner/1.0 (http://www.FeedBurner.com)"
85.17.88.169 - - [07/Apr/2012:12:21:13 -0700] "POST /blog/wp-cron.php?doing_wp_cron=1333826172 HTTP/1.0" 499 0 "-" "WordPress/3.3.1; http://yuvi.in/blog"
209.85.238.112 - - [07/Apr/2012:12:21:13 -0700] "GET /blog/feed HTTP/1.1" 301 0 "-" "Feedfetcher-Google; (+http://www.google.com/feedfetcher.html; 3 subscribers; feed-id=17684830852112633560)"
85.17.88.169 - - [07/Apr/2012:12:21:16 -0700] "POST /blog/wp-cron.php?doing_wp_cron=1333826175 HTTP/1.0" 499 0 "-" "WordPress/3.3.1; http://yuvi.in/blog"
209.85.238.112 - - [07/Apr/2012:12:21:17 -0700] "GET /blog/feed/ HTTP/1.1" 200 6674 "-" "Feedfetcher-Google; (+http://www.google.com/feedfetcher.html; 3 subscribers; feed-id=17684830852112633560)"
77.20.154.156 - - [07/Apr/2012:12:23:25 -0700] "GET /stories/emacs.html HTTP/1.1" 200 4452 "-" "findlinks/2.0.2 (+http://wortschatz.uni-leipzig.de/findlinks/)"
65.52.111.238 - - [07/Apr/2012:12:25:33 -0700] "-" 400 0 "-" "-"
65.52.111.238 - - [07/Apr/2012:12:25:38 -0700] "-" 400 0 "-" "-"
65.52.111.238 - - [07/Apr/2012:12:25:39 -0700] "-" 400 0 "-" "-"
65.52.111.238 - - [07/Apr/2012:12:25:41 -0700] "-" 400 0 "-" "-"
65.52.111.238 - - [07/Apr/2012:12:25:41 -0700] "-" 400 0 "-" "-"
65.52.111.238 - - [07/Apr/2012:12:25:46 -0700] "-" 400 0 "-" "-"
65.52.111.238 - - [07/Apr/2012:12:25:47 -0700] "-" 400 0 "-" "-"
65.52.111.238 - - [07/Apr/2012:12:25:50 -0700] "-" 400 0 "-" "-"
65.52.111.238 - - [07/Apr/2012:12:25:50 -0700] "-" 400 0 "-" "-"
69.171.228.245 - - [07/Apr/2012:12:26:02 -0700] "GET /r/33y0 HTTP/1.1" 301 257 "-" "facebookexternalhit/1.1 (+http://www.facebook.com/externalhit_uatext.php)"
69.171.228.244 - - [07/Apr/2012:12:26:02 -0700] "GET /s/ta/33y0/ HTTP/1.1" 302 609 "-" "facebookexternalhit/1.1 (+http://www.facebook.com/externalhit_uatext.php)"
207.46.204.163 - - [07/Apr/2012:12:28:59 -0700] "-" 400 0 "-" "-"
207.46.204.163 - - [07/Apr/2012:12:28:59 -0700] "-" 400 0 "-" "-"
207.46.204.163 - - [07/Apr/2012:12:29:00 -0700] "-" 400 0 "-" "-"
207.46.204.163 - - [07/Apr/2012:12:29:01 -0700] "-" 400 0 "-" "-"
207.46.204.163 - - [07/Apr/2012:12:29:01 -0700] "-" 400 0 "-" "-"
207.46.204.163 - - [07/Apr/2012:12:29:01 -0700] "-" 400 0 "-" "-"
207.46.204.163 - - [07/Apr/2012:12:29:01 -0700] "-" 400 0 "-" "-"
207.46.204.163 - - [07/Apr/2012:12:29:01 -0700] "-" 400 0 "-" "-"
207.46.204.163 - - [07/Apr/2012:12:29:02 -0700] "-" 400 0 "-" "-"
207.46.204.163 - - [07/Apr/2012:12:29:03 -0700] "-" 400 0 "-" "-"
207.46.204.163 - - [07/Apr/2012:12:29:03 -0700] "-" 400 0 "-" "-"
207.46.204.163 - - [07/Apr/2012:12:29:03 -0700] "-" 400 0 "-" "-"
207.46.204.163 - - [07/Apr/2012:12:29:37 -0700] "-" 400 0 "-" "-"
66.249.68.87 - - [07/Apr/2012:12:30:03 -0700] "GET /robots.txt HTTP/1.1" 404 211 "-" "Mozilla/5.0 (compatible; Googlebot/2.1; +http://www.google.com/bot.html)"
66.249.68.87 - - [07/Apr/2012:12:30:03 -0700] "GET /r/2je6 HTTP/1.1" 301 257 "-" "Mozilla/5.0 (compatible; Googlebot/2.1; +http://www.google.com/bot.html)"
66.249.68.87 - - [07/Apr/2012:12:30:04 -0700] "GET /s/ta/2je6/ HTTP/1.1" 302 653 "-" "Mozilla/5.0 (compatible; Googlebot/2.1; +http://www.google.com/bot.html)"
71.235.204.168 - - [07/Apr/2012:12:30:40 -0700] "GET /AssessmentBar/r/Unassessed_India_articles/ HTTP/1.1" 302 281 "http://en.wikipedia.org/wiki/Balurghat" "Mozilla/5.0 (Windows NT 6.1; WOW64; rv:11.0) Gecko/20100101 Firefox/11.0"
207.46.204.209 - - [07/Apr/2012:12:31:51 -0700] "-" 400 0 "-" "-"
207.46.204.209 - - [07/Apr/2012:12:31:51 -0700] "-" 400 0 "-" "-"
207.46.204.209 - - [07/Apr/2012:12:31:54 -0700] "-" 400 0 "-" "-"
207.46.204.209 - - [07/Apr/2012:12:32:01 -0700] "-" 400 0 "-" "-"
207.46.204.209 - - [07/Apr/2012:12:32:05 -0700] "-" 400 0 "-" "-"
207.46.204.209 - - [07/Apr/2012:12:32:05 -0700] "-" 400 0 "-" "-"
207.46.204.209 - - [07/Apr/2012:12:32:05 -0700] "-" 400 0 "-" "-"
207.46.204.209 - - [07/Apr/2012:12:32:05 -0700] "-" 400 0 "-" "-"
123.238.109.6 - - [07/Apr/2012:12:32:06 -0700] "-" 400 0 "-" "-"
85.17.88.169 - - [07/Apr/2012:12:32:24 -0700] "POST /blog/wp-cron.php?doing_wp_cron=1333826843 HTTP/1.0" 499 0 "-" "WordPress/3.3.1; http://yuvi.in/blog"
66.135.57.47 - - [07/Apr/2012:12:32:25 -0700] "GET /blog/my-vimrc/ HTTP/1.0" 200 16009 "-" "Mozilla/5.0 (Windows; U; Windows NT 5.1; rv:1.7.3) Gecko/20041001 Firefox/0.10.1"
66.135.57.47 - - [07/Apr/2012:12:32:27 -0700] "GET /blog/college-drop/ HTTP/1.0" 200 18415 "-" "Mozilla/5.0 (Windows; U; Windows NT 5.1; rv:1.7.3) Gecko/20041001 Firefox/0.10.1"
85.17.88.169 - - [07/Apr/2012:12:32:31 -0700] "POST /blog/wp-cron.php?doing_wp_cron=1333826850 HTTP/1.0" 499 0 "-" "WordPress/3.3.1; http://yuvi.in/blog"
66.135.57.47 - - [07/Apr/2012:12:32:31 -0700] "GET /blog/passing-headers-proxying-nginx/ HTTP/1.0" 200 16690 "-" "Mozilla/5.0 (Windows; U; Windows NT 5.1; rv:1.7.3) Gecko/20041001 Firefox/0.10.1"
85.17.88.169 - - [07/Apr/2012:12:32:34 -0700] "POST /blog/wp-cron.php?doing_wp_cron=1333826854 HTTP/1.0" 499 0 "-" "WordPress/3.3.1; http://yuvi.in/blog"
66.135.57.47 - - [07/Apr/2012:12:32:38 -0700] "GET /blog/program/ HTTP/1.0" 200 27214 "-" "Mozilla/5.0 (Windows; U; Windows NT 5.1; rv:1.7.3) Gecko/20041001 Firefox/0.10.1"
85.17.88.169 - - [07/Apr/2012:12:32:41 -0700] "POST /blog/wp-cron.php?doing_wp_cron=1333826861 HTTP/1.0" 499 0 "-" "WordPress/3.3.1; http://yuvi.in/blog"
66.135.57.47 - - [07/Apr/2012:12:32:43 -0700] "GET /blog/devlog-december-26-2011/ HTTP/1.0" 200 16694 "-" "Mozilla/5.0 (Windows; U; Windows NT 5.1; rv:1.7.3) Gecko/20041001 Firefox/0.10.1"
85.17.88.169 - - [07/Apr/2012:12:32:47 -0700] "POST /blog/wp-cron.php?doing_wp_cron=1333826867 HTTP/1.0" 499 0 "-" "WordPress/3.3.1; http://yuvi.in/blog"
66.135.57.47 - - [07/Apr/2012:12:32:47 -0700] "GET /blog/devlog-december-23-2011/ HTTP/1.0" 200 16517 "-" "Mozilla/5.0 (Windows; U; Windows NT 5.1; rv:1.7.3) Gecko/20041001 Firefox/0.10.1"
85.17.88.169 - - [07/Apr/2012:12:32:51 -0700] "POST /blog/wp-cron.php?doing_wp_cron=1333826871 HTTP/1.0" 499 0 "-" "WordPress/3.3.1; http://yuvi.in/blog"
66.135.57.47 - - [07/Apr/2012:12:32:52 -0700] "GET /blog/devlog-december-21-2011/ HTTP/1.0" 200 17121 "-" "Mozilla/5.0 (Windows; U; Windows NT 5.1; rv:1.7.3) Gecko/20041001 Firefox/0.10.1"
85.17.88.169 - - [07/Apr/2012:12:32:56 -0700] "POST /blog/wp-cron.php?doing_wp_cron=1333826876 HTTP/1.0" 499 0 "-" "WordPress/3.3.1; http://yuvi.in/blog"
66.135.57.47 - - [07/Apr/2012:12:32:57 -0700] "GET /blog/devlog-december-11-2011/ HTTP/1.0" 200 16592 "-" "Mozilla/5.0 (Windows; U; Windows NT 5.1; rv:1.7.3) Gecko/20041001 Firefox/0.10.1"
85.17.88.169 - - [07/Apr/2012:12:33:00 -0700] "POST /blog/wp-cron.php?doing_wp_cron=1333826880 HTTP/1.0" 499 0 "-" "WordPress/3.3.1; http://yuvi.in/blog"
66.135.57.47 - - [07/Apr/2012:12:33:00 -0700] "GET /blog/devlog-december-10-2011/ HTTP/1.0" 200 16387 "-" "Mozilla/5.0 (Windows; U; Windows NT 5.1; rv:1.7.3) Gecko/20041001 Firefox/0.10.1"
85.17.88.169 - - [07/Apr/2012:12:33:04 -0700] "POST /blog/wp-cron.php?doing_wp_cron=1333826883 HTTP/1.0" 499 0 "-" "WordPress/3.3.1; http://yuvi.in/blog"
66.135.57.47 - - [07/Apr/2012:12:33:05 -0700] "GET /blog/devlog-december-7-2011/ HTTP/1.0" 200 16833 "-" "Mozilla/5.0 (Windows; U; Windows NT 5.1; rv:1.7.3) Gecko/20041001 Firefox/0.10.1"
188.26.179.33 - - [07/Apr/2012:12:34:25 -0700] "GET /r/2557 HTTP/1.1" 301 257 "http://ta.wikipedia.org/wiki/%E0%AE%88%E0%AE%AA%E0%AF%8D%E0%AE%AA%E0%AF%8B" "Mozilla/5.0 (Macintosh; Intel Mac OS X 10_7_3) AppleWebKit/534.55.3 (KHTML, like Gecko) Version/5.1.5 Safari/534.55.3"
188.26.179.33 - - [07/Apr/2012:12:34:26 -0700] "GET /s/ta/2557/ HTTP/1.1" 302 325 "http://ta.wikipedia.org/wiki/%E0%AE%88%E0%AE%AA%E0%AF%8D%E0%AE%AA%E0%AF%8B" "Mozilla/5.0 (Macintosh; Intel Mac OS X 10_7_3) AppleWebKit/534.55.3 (KHTML, like Gecko) Version/5.1.5 Safari/534.55.3"
157.55.112.208 - - [07/Apr/2012:12:36:04 -0700] "-" 400 0 "-" "-"
157.55.112.208 - - [07/Apr/2012:12:36:04 -0700] "-" 400 0 "-" "-"
157.55.112.208 - - [07/Apr/2012:12:36:04 -0700] "-" 400 0 "-" "-"
157.55.112.208 - - [07/Apr/2012:12:36:05 -0700] "-" 400 0 "-" "-"
157.55.112.208 - - [07/Apr/2012:12:36:06 -0700] "-" 400 0 "-" "-"
157.55.112.208 - - [07/Apr/2012:12:36:06 -0700] "-" 400 0 "-" "-"
157.55.112.208 - - [07/Apr/2012:12:36:06 -0700] "-" 400 0 "-" "-"
157.55.112.208 - - [07/Apr/2012:12:36:06 -0700] "-" 400 0 "-" "-"
157.55.112.208 - - [07/Apr/2012:12:36:06 -0700] "-" 400 0 "-" "-"
157.55.112.208 - - [07/Apr/2012:12:36:06 -0700] "-" 400 0 "-" "-"
157.55.112.208 - - [07/Apr/2012:12:36:06 -0700] "-" 400 0 "-" "-"
157.55.112.208 - - [07/Apr/2012:12:36:06 -0700] "-" 400 0 "-" "-"
207.46.199.25 - - [07/Apr/2012:12:36:30 -0700] "-" 400 0 "-" "-"
207.46.199.25 - - [07/Apr/2012:12:36:30 -0700] "-" 400 0 "-" "-"
207.46.199.25 - - [07/Apr/2012:12:36:31 -0700] "-" 400 0 "-" "-"
207.46.199.25 - - [07/Apr/2012:12:36:33 -0700] "-" 400 0 "-" "-"
207.46.199.25 - - [07/Apr/2012:12:36:33 -0700] "-" 400 0 "-" "-"
207.46.199.25 - - [07/Apr/2012:12:36:33 -0700] "-" 400 0 "-" "-"
207.46.199.25 - - [07/Apr/2012:12:36:33 -0700] "-" 400 0 "-" "-"
207.46.199.25 - - [07/Apr/2012:12:36:34 -0700] "-" 400 0 "-" "-"
207.46.199.25 - - [07/Apr/2012:12:36:34 -0700] "-" 400 0 "-" "-"
207.46.199.25 - - [07/Apr/2012:12:36:35 -0700] "-" 400 0 "-" "-"
123.125.71.19 - - [07/Apr/2012:12:38:15 -0700] "GET / HTTP/1.1" 200 3439 "-" "Mozilla/5.0 (compatible; Baiduspider/2.0; +http://www.baidu.com/search/spider.html)"
220.181.108.97 - - [07/Apr/2012:12:38:49 -0700] "GET / HTTP/1.1" 200 3439 "-" "Mozilla/5.0 (compatible; Baiduspider/2.0; +http://www.baidu.com/search/spider.html)"
209.85.238.112 - - [07/Apr/2012:12:39:48 -0700] "GET /blog/feed/ HTTP/1.1" 200 6693 "-" "Feedfetcher-Google; (+http://www.google.com/feedfetcher.html; 18 subscribers; feed-id=15064232456473204253)"
71.235.204.168 - - [07/Apr/2012:12:41:09 -0700] "GET /AssessmentBar/r/Unassessed_India_articles/ HTTP/1.1" 302 285 "http://en.wikipedia.org/wiki/Talk:Palak_Muchhal" "Mozilla/5.0 (Windows NT 6.1; WOW64; rv:11.0) Gecko/20100101 Firefox/11.0"
207.46.199.24 - - [07/Apr/2012:12:41:57 -0700] "-" 400 0 "-" "-"
207.46.199.24 - - [07/Apr/2012:12:41:57 -0700] "-" 400 0 "-" "-"
207.46.199.24 - - [07/Apr/2012:12:41:58 -0700] "-" 400 0 "-" "-"
207.46.199.24 - - [07/Apr/2012:12:42:01 -0700] "-" 400 0 "-" "-"
207.46.199.24 - - [07/Apr/2012:12:42:01 -0700] "-" 400 0 "-" "-"
207.46.199.24 - - [07/Apr/2012:12:42:02 -0700] "-" 400 0 "-" "-"
207.46.199.24 - - [07/Apr/2012:12:42:02 -0700] "-" 400 0 "-" "-"
207.46.199.24 - - [07/Apr/2012:12:42:03 -0700] "-" 400 0 "-" "-"
207.46.199.24 - - [07/Apr/2012:12:42:03 -0700] "-" 400 0 "-" "-"
207.46.199.24 - - [07/Apr/2012:12:42:04 -0700] "-" 400 0 "-" "-"
207.46.199.24 - - [07/Apr/2012:12:42:06 -0700] "-" 400 0 "-" "-"
207.46.199.24 - - [07/Apr/2012:12:42:06 -0700] "-" 400 0 "-" "-"
207.46.199.24 - - [07/Apr/2012:12:42:24 -0700] "-" 400 0 "-" "-"
71.235.204.168 - - [07/Apr/2012:12:42:50 -0700] "GET /AssessmentBar/r/Unassessed_India_articles/ HTTP/1.1" 302 281 "http://en.wikipedia.org/wiki/Ranjani_Shettar" "Mozilla/5.0 (Windows NT 6.1; WOW64; rv:11.0) Gecko/20100101 Firefox/11.0"
71.235.204.168 - - [07/Apr/2012:12:43:42 -0700] "GET /AssessmentBar/r/Unassessed_India_articles/ HTTP/1.1" 302 273 "http://en.wikipedia.org/wiki/K._L._Devaser" "Mozilla/5.0 (Windows NT 6.1; WOW64; rv:11.0) Gecko/20100101 Firefox/11.0"
123.238.109.6 - - [07/Apr/2012:12:44:04 -0700] "-" 400 0 "-" "-"
71.235.204.168 - - [07/Apr/2012:12:44:50 -0700] "GET /AssessmentBar/r/Unassessed_India_articles/ HTTP/1.1" 302 273 "http://en.wikipedia.org/wiki/Koolimadu" "Mozilla/5.0 (Windows NT 6.1; WOW64; rv:11.0) Gecko/20100101 Firefox/11.0"
123.238.109.6 - - [07/Apr/2012:12:45:14 -0700] "-" 400 0 "-" "-"
123.238.109.6 - - [07/Apr/2012:12:45:14 -0700] "-" 400 0 "-" "-"
123.238.109.6 - - [07/Apr/2012:12:45:14 -0700] "-" 400 0 "-" "-"
123.238.109.6 - - [07/Apr/2012:12:45:14 -0700] "-" 400 0 "-" "-"
123.238.109.6 - - [07/Apr/2012:12:45:14 -0700] "-" 400 0 "-" "-"
71.235.204.168 - - [07/Apr/2012:12:46:02 -0700] "GET /AssessmentBar/r/Unassessed_India_articles/ HTTP/1.1" 302 269 "http://en.wikipedia.org/wiki/Kamargaon" "Mozilla/5.0 (Windows NT 6.1; WOW64; rv:11.0) Gecko/20100101 Firefox/11.0"
67.215.230.27 - - [07/Apr/2012:12:46:33 -0700] "GET /robots.txt HTTP/1.0" 404 169 "-" "Setooz/Nutch-1.2 (http://www.setooz.com)"
67.215.230.27 - - [07/Apr/2012:12:46:33 -0700] "GET /stories HTTP/1.0" 301 185 "-" "Setooz/Nutch-1.2 (http://www.setooz.com)"
67.215.230.28 - - [07/Apr/2012:12:46:40 -0700] "GET /robots.txt HTTP/1.0" 404 169 "-" "Setooz/Nutch-1.2 (http://www.setooz.com)"
67.215.230.28 - - [07/Apr/2012:12:46:40 -0700] "GET / HTTP/1.0" 200 3439 "-" "Setooz/Nutch-1.2 (http://www.setooz.com)"
71.235.204.168 - - [07/Apr/2012:12:47:54 -0700] "GET /AssessmentBar/r/Unassessed_India_articles/ HTTP/1.1" 302 321 "http://en.wikipedia.org/wiki/Keddaso" "Mozilla/5.0 (Windows NT 6.1; WOW64; rv:11.0) Gecko/20100101 Firefox/11.0"
123.238.109.6 - - [07/Apr/2012:12:48:13 -0700] "-" 400 0 "-" "-"
123.238.109.6 - - [07/Apr/2012:12:48:13 -0700] "-" 400 0 "-" "-"
71.235.204.168 - - [07/Apr/2012:12:48:35 -0700] "GET /AssessmentBar/r/Unassessed_India_articles/ HTTP/1.1" 302 285 "http://en.wikipedia.org/wiki/Ford_Hospital_and_Research_Centre" "Mozilla/5.0 (Windows NT 6.1; WOW64; rv:11.0) Gecko/20100101 Firefox/11.0"
123.238.109.6 - - [07/Apr/2012:12:49:13 -0700] "-" 400 0 "-" "-"
71.235.204.168 - - [07/Apr/2012:12:49:54 -0700] "GET /AssessmentBar/r/Unassessed_India_articles/ HTTP/1.1" 302 295 "http://en.wikipedia.org/wiki/Narendra_Luther" "Mozilla/5.0 (Windows NT 6.1; WOW64; rv:11.0) Gecko/20100101 Firefox/11.0"
71.235.204.168 - - [07/Apr/2012:12:50:42 -0700] "GET /AssessmentBar/r/Unassessed_India_articles/ HTTP/1.1" 302 383 "http://en.wikipedia.org/wiki/Irumbuliyur_Junction" "Mozilla/5.0 (Windows NT 6.1; WOW64; rv:11.0) Gecko/20100101 Firefox/11.0"
85.17.88.169 - - [07/Apr/2012:12:52:54 -0700] "POST /blog/wp-cron.php?doing_wp_cron=1333828074 HTTP/1.0" 499 0 "-" "WordPress/3.3.1; http://yuvi.in/blog"
209.85.224.81 - - [07/Apr/2012:12:52:54 -0700] "GET /blog/feed HTTP/1.1" 304 0 "-" "FeedBurner/1.0 (http://www.FeedBurner.com)"
114.76.51.158 - - [07/Apr/2012:12:53:17 -0700] "GET /r/1zsb HTTP/1.1" 301 257 "http://ta.wikipedia.org/wiki/%E0%AE%AE%E0%AF%81%E0%AE%B1%E0%AF%81%E0%AE%95%E0%AF%8D%E0%AE%95%E0%AF%81" "Mozilla/4.0 (compatible; MSIE 8.0; Windows NT 5.1; Trident/4.0; chromeframe/18.0.1025.151)"
114.76.51.158 - - [07/Apr/2012:12:53:18 -0700] "GET /s/ta/1zsb/ HTTP/1.1" 302 361 "http://ta.wikipedia.org/wiki/%E0%AE%AE%E0%AF%81%E0%AE%B1%E0%AF%81%E0%AE%95%E0%AF%8D%E0%AE%95%E0%AF%81" "Mozilla/4.0 (compatible; MSIE 8.0; Windows NT 5.1; Trident/4.0; chromeframe/18.0.1025.151)"
115.248.4.161 - - [07/Apr/2012:12:54:28 -0700] "-" 400 0 "-" "-"
65.52.111.215 - - [07/Apr/2012:12:56:24 -0700] "-" 400 0 "-" "-"
65.52.111.215 - - [07/Apr/2012:12:56:24 -0700] "-" 400 0 "-" "-"
65.52.111.215 - - [07/Apr/2012:12:56:24 -0700] "-" 400 0 "-" "-"
65.52.111.215 - - [07/Apr/2012:12:56:24 -0700] "-" 400 0 "-" "-"
65.52.111.215 - - [07/Apr/2012:12:56:24 -0700] "-" 400 0 "-" "-"
65.52.111.215 - - [07/Apr/2012:12:56:24 -0700] "-" 400 0 "-" "-"
65.52.111.215 - - [07/Apr/2012:12:56:25 -0700] "-" 400 0 "-" "-"
65.52.111.215 - - [07/Apr/2012:12:56:25 -0700] "-" 400 0 "-" "-"
65.52.111.215 - - [07/Apr/2012:12:56:25 -0700] "-" 400 0 "-" "-"
65.52.111.215 - - [07/Apr/2012:12:56:25 -0700] "-" 400 0 "-" "-"
65.52.111.215 - - [07/Apr/2012:12:56:25 -0700] "-" 400 0 "-" "-"
65.52.111.215 - - [07/Apr/2012:12:57:06 -0700] "-" 400 0 "-" "-"
65.52.111.215 - - [07/Apr/2012:12:57:06 -0700] "-" 400 0 "-" "-"
93.0.110.187 - - [07/Apr/2012:13:00:22 -0700] "GET /POSM/ HTTP/1.1" 200 1963 "-" "Mozilla/5.0 (Macintosh; Intel Mac OS X 10.6; rv:11.0) Gecko/20100101 Firefox/11.0"
93.0.110.187 - - [07/Apr/2012:13:00:23 -0700] "GET /POSM/creds.js HTTP/1.1" 200 89 "http://yuvi.in/POSM/" "Mozilla/5.0 (Macintosh; Intel Mac OS X 10.6; rv:11.0) Gecko/20100101 Firefox/11.0"
93.0.110.187 - - [07/Apr/2012:13:00:23 -0700] "GET /POSM/lib/jquery.mobile.structure-1.0.1.css HTTP/1.1" 200 32452 "http://yuvi.in/POSM/" "Mozilla/5.0 (Macintosh; Intel Mac OS X 10.6; rv:11.0) Gecko/20100101 Firefox/11.0"
93.0.110.187 - - [07/Apr/2012:13:00:23 -0700] "GET /POSM/lib/underscore.js HTTP/1.1" 200 35168 "http://yuvi.in/POSM/" "Mozilla/5.0 (Macintosh; Intel Mac OS X 10.6; rv:11.0) Gecko/20100101 Firefox/11.0"
93.0.110.187 - - [07/Apr/2012:13:00:23 -0700] "GET /POSM/lib/jquery.timeago.js HTTP/1.1" 200 4491 "http://yuvi.in/POSM/" "Mozilla/5.0 (Macintosh; Intel Mac OS X 10.6; rv:11.0) Gecko/20100101 Firefox/11.0"
93.0.110.187 - - [07/Apr/2012:13:00:23 -0700] "GET /POSM/lib/templates.js HTTP/1.1" 200 426 "http://yuvi.in/POSM/" "Mozilla/5.0 (Macintosh; Intel Mac OS X 10.6; rv:11.0) Gecko/20100101 Firefox/11.0"
93.0.110.187 - - [07/Apr/2012:13:00:23 -0700] "GET /POSM/js/tapbar.js HTTP/1.1" 200 881 "http://yuvi.in/POSM/" "Mozilla/5.0 (Macintosh; Intel Mac OS X 10.6; rv:11.0) Gecko/20100101 Firefox/11.0"
93.0.110.187 - - [07/Apr/2012:13:00:23 -0700] "GET /POSM/lib/leaflet/leaflet.css HTTP/1.1" 200 6437 "http://yuvi.in/POSM/" "Mozilla/5.0 (Macintosh; Intel Mac OS X 10.6; rv:11.0) Gecko/20100101 Firefox/11.0"
93.0.110.187 - - [07/Apr/2012:13:00:23 -0700] "GET /POSM/zoomData.js HTTP/1.1" 200 1573 "http://yuvi.in/POSM/" "Mozilla/5.0 (Macintosh; Intel Mac OS X 10.6; rv:11.0) Gecko/20100101 Firefox/11.0"
93.0.110.187 - - [07/Apr/2012:13:00:23 -0700] "GET /POSM/style.css HTTP/1.1" 200 1349 "http://yuvi.in/POSM/" "Mozilla/5.0 (Macintosh; Intel Mac OS X 10.6; rv:11.0) Gecko/20100101 Firefox/11.0"
93.0.110.187 - - [07/Apr/2012:13:00:23 -0700] "GET /POSM/lib/jquery.mobile-1.0.1.css HTTP/1.1" 200 83437 "http://yuvi.in/POSM/" "Mozilla/5.0 (Macintosh; Intel Mac OS X 10.6; rv:11.0) Gecko/20100101 Firefox/11.0"
93.0.110.187 - - [07/Apr/2012:13:00:23 -0700] "GET /POSM/lib/phonegap.js HTTP/1.1" 200 144879 "http://yuvi.in/POSM/" "Mozilla/5.0 (Macintosh; Intel Mac OS X 10.6; rv:11.0) Gecko/20100101 Firefox/11.0"
93.0.110.187 - - [07/Apr/2012:13:00:24 -0700] "GET /POSM/lib/jquery-1.7.1.min.js HTTP/1.1" 200 93868 "http://yuvi.in/POSM/" "Mozilla/5.0 (Macintosh; Intel Mac OS X 10.6; rv:11.0) Gecko/20100101 Firefox/11.0"
93.0.110.187 - - [07/Apr/2012:13:00:24 -0700] "GET /POSM/js/poi.js HTTP/1.1" 200 2031 "http://yuvi.in/POSM/" "Mozilla/5.0 (Macintosh; Intel Mac OS X 10.6; rv:11.0) Gecko/20100101 Firefox/11.0"
93.0.110.187 - - [07/Apr/2012:13:00:24 -0700] "GET /POSM/js/poimanager.js HTTP/1.1" 200 9309 "http://yuvi.in/POSM/" "Mozilla/5.0 (Macintosh; Intel Mac OS X 10.6; rv:11.0) Gecko/20100101 Firefox/11.0"
93.0.110.187 - - [07/Apr/2012:13:00:24 -0700] "GET /POSM/js/curpos.js HTTP/1.1" 200 1793 "http://yuvi.in/POSM/" "Mozilla/5.0 (Macintosh; Intel Mac OS X 10.6; rv:11.0) Gecko/20100101 Firefox/11.0"
93.0.110.187 - - [07/Apr/2012:13:00:24 -0700] "GET /POSM/js/changesets.js HTTP/1.1" 200 1226 "http://yuvi.in/POSM/" "Mozilla/5.0 (Macintosh; Intel Mac OS X 10.6; rv:11.0) Gecko/20100101 Firefox/11.0"
93.0.110.187 - - [07/Apr/2012:13:00:24 -0700] "GET /POSM/lib/leaflet/leaflet-src.js HTTP/1.1" 200 133300 "http://yuvi.in/POSM/" "Mozilla/5.0 (Macintosh; Intel Mac OS X 10.6; rv:11.0) Gecko/20100101 Firefox/11.0"
93.0.110.187 - - [07/Apr/2012:13:00:24 -0700] "GET /POSM/js/main.js HTTP/1.1" 200 9616 "http://yuvi.in/POSM/" "Mozilla/5.0 (Macintosh; Intel Mac OS X 10.6; rv:11.0) Gecko/20100101 Firefox/11.0"
93.0.110.187 - - [07/Apr/2012:13:00:24 -0700] "GET /POSM/img/mapmode.png HTTP/1.1" 200 1168 "http://yuvi.in/POSM/" "Mozilla/5.0 (Macintosh; Intel Mac OS X 10.6; rv:11.0) Gecko/20100101 Firefox/11.0"
93.0.110.187 - - [07/Apr/2012:13:00:24 -0700] "GET /POSM/img/preferences.png HTTP/1.1" 200 748 "http://yuvi.in/POSM/" "Mozilla/5.0 (Macintosh; Intel Mac OS X 10.6; rv:11.0) Gecko/20100101 Firefox/11.0"
93.0.110.187 - - [07/Apr/2012:13:00:24 -0700] "GET /POSM/img/refresh.png HTTP/1.1" 200 868 "http://yuvi.in/POSM/" "Mozilla/5.0 (Macintosh; Intel Mac OS X 10.6; rv:11.0) Gecko/20100101 Firefox/11.0"
93.0.110.187 - - [07/Apr/2012:13:00:24 -0700] "GET /POSM/lib/TileLayer.Bing.js HTTP/1.1" 200 5317 "http://yuvi.in/POSM/" "Mozilla/5.0 (Macintosh; Intel Mac OS X 10.6; rv:11.0) Gecko/20100101 Firefox/11.0"
93.0.110.187 - - [07/Apr/2012:13:00:24 -0700] "GET /POSM/img/mylocation.png HTTP/1.1" 200 803 "http://yuvi.in/POSM/" "Mozilla/5.0 (Macintosh; Intel Mac OS X 10.6; rv:11.0) Gecko/20100101 Firefox/11.0"
93.0.110.187 - - [07/Apr/2012:13:00:24 -0700] "GET /POSM/img/back.png HTTP/1.1" 200 420 "http://yuvi.in/POSM/" "Mozilla/5.0 (Macintosh; Intel Mac OS X 10.6; rv:11.0) Gecko/20100101 Firefox/11.0"
93.0.110.187 - - [07/Apr/2012:13:00:24 -0700] "GET /POSM/img/save.png HTTP/1.1" 404 142 "http://yuvi.in/POSM/" "Mozilla/5.0 (Macintosh; Intel Mac OS X 10.6; rv:11.0) Gecko/20100101 Firefox/11.0"
93.0.110.187 - - [07/Apr/2012:13:00:24 -0700] "GET /POSM/lib/jquery.mobile-1.0.1.js HTTP/1.1" 200 221124 "http://yuvi.in/POSM/" "Mozilla/5.0 (Macintosh; Intel Mac OS X 10.6; rv:11.0) Gecko/20100101 Firefox/11.0"
93.0.110.187 - - [07/Apr/2012:13:00:25 -0700] "GET /POSM/img/save.png HTTP/1.1" 404 142 "http://yuvi.in/POSM/" "Mozilla/5.0 (Macintosh; Intel Mac OS X 10.6; rv:11.0) Gecko/20100101 Firefox/11.0"
93.0.110.187 - - [07/Apr/2012:13:00:25 -0700] "GET /POSM/lib/images/ajax-loader.png HTTP/1.1" 200 366 "http://yuvi.in/POSM/lib/jquery.mobile-1.0.1.css" "Mozilla/5.0 (Macintosh; Intel Mac OS X 10.6; rv:11.0) Gecko/20100101 Firefox/11.0"
93.0.110.187 - - [07/Apr/2012:13:00:25 -0700] "GET /POSM/lib/leaflet/images/zoom-in.png HTTP/1.1" 200 963 "http://yuvi.in/POSM/lib/leaflet/leaflet.css" "Mozilla/5.0 (Macintosh; Intel Mac OS X 10.6; rv:11.0) Gecko/20100101 Firefox/11.0"
93.0.110.187 - - [07/Apr/2012:13:00:25 -0700] "GET /POSM/lib/leaflet/images/zoom-out.png HTTP/1.1" 200 959 "http://yuvi.in/POSM/lib/leaflet/leaflet.css" "Mozilla/5.0 (Macintosh; Intel Mac OS X 10.6; rv:11.0) Gecko/20100101 Firefox/11.0"
93.0.110.187 - - [07/Apr/2012:13:00:25 -0700] "GET /favicon.ico HTTP/1.1" 404 142 "-" "Mozilla/5.0 (Macintosh; Intel Mac OS X 10.6; rv:11.0) Gecko/20100101 Firefox/11.0"
93.0.110.187 - - [07/Apr/2012:13:00:26 -0700] "GET /favicon.ico HTTP/1.1" 404 142 "-" "Mozilla/5.0 (Macintosh; Intel Mac OS X 10.6; rv:11.0) Gecko/20100101 Firefox/11.0"
93.0.110.187 - - [07/Apr/2012:13:00:34 -0700] "GET /POSM/img/curpos.png HTTP/1.1" 200 1205 "http://yuvi.in/POSM/" "Mozilla/5.0 (Macintosh; Intel Mac OS X 10.6; rv:11.0) Gecko/20100101 Firefox/11.0"
93.0.110.187 - - [07/Apr/2012:13:00:36 -0700] "GET /overpass?data=%0A++++%0A++++++++node(43.62099778705307%2C+3.868603706359863%2C+43.62216279713601%2C+3.875470161437988)%3B%0A++++%0A++++out+meta%3B%0A HTTP/1.1" 200 158023 "http://yuvi.in/POSM/" "Mozilla/5.0 (Macintosh; Intel Mac OS X 10.6; rv:11.0) Gecko/20100101 Firefox/11.0"
93.0.110.187 - - [07/Apr/2012:13:00:38 -0700] "GET /POSM/lib/leaflet/images/marker.png HTTP/1.1" 200 2519 "http://yuvi.in/POSM/" "Mozilla/5.0 (Macintosh; Intel Mac OS X 10.6; rv:11.0) Gecko/20100101 Firefox/11.0"
93.0.110.187 - - [07/Apr/2012:13:00:38 -0700] "GET /POSM/lib/leaflet/images/marker-shadow.png HTTP/1.1" 200 1649 "http://yuvi.in/POSM/" "Mozilla/5.0 (Macintosh; Intel Mac OS X 10.6; rv:11.0) Gecko/20100101 Firefox/11.0"
93.0.110.187 - - [07/Apr/2012:13:00:39 -0700] "GET /overpass?data=%0A++++%0A++++++++node(43.62099778705307%2C+3.868603706359863%2C+43.62216279713601%2C+3.875470161437988)%3B%0A++++%0A++++out+meta%3B%0A HTTP/1.1" 200 158071 "http://yuvi.in/POSM/" "Mozilla/5.0 (Macintosh; Intel Mac OS X 10.6; rv:11.0) Gecko/20100101 Firefox/11.0"
93.0.110.187 - - [07/Apr/2012:13:00:43 -0700] "GET /overpass?data=%0A++++%0A++++++++node(43.62137059273581%2C+3.868839740753174%2C+43.62253559559467%2C+3.875706195831299)%3B%0A++++%0A++++out+meta%3B%0A HTTP/1.1" 200 137275 "http://yuvi.in/POSM/" "Mozilla/5.0 (Macintosh; Intel Mac OS X 10.6; rv:11.0) Gecko/20100101 Firefox/11.0"
93.0.110.187 - - [07/Apr/2012:13:01:03 -0700] "GET /POSM/lib/leaflet/images/popup-close.png HTTP/1.1" 200 1125 "http://yuvi.in/POSM/lib/leaflet/leaflet.css" "Mozilla/5.0 (Macintosh; Intel Mac OS X 10.6; rv:11.0) Gecko/20100101 Firefox/11.0"
93.0.110.187 - - [07/Apr/2012:13:01:08 -0700] "GET /POSM/lib/images/icons-18-white.png HTTP/1.1" 200 1958 "http://yuvi.in/POSM/lib/jquery.mobile-1.0.1.css" "Mozilla/5.0 (Macintosh; Intel Mac OS X 10.6; rv:11.0) Gecko/20100101 Firefox/11.0"
93.0.110.187 - - [07/Apr/2012:13:01:14 -0700] "GET /overpass?data=%0A++++%0A++++++++node(43.62140942652814%2C+3.868839740753174%2C+43.62257442863451%2C+3.875706195831299)%3B%0A++++%0A++++out+meta%3B%0A HTTP/1.1" 200 134714 "http://yuvi.in/POSM/" "Mozilla/5.0 (Macintosh; Intel Mac OS X 10.6; rv:11.0) Gecko/20100101 Firefox/11.0"
93.0.110.187 - - [07/Apr/2012:13:01:20 -0700] "GET /overpass?data=%0A++++%0A++++++++node(43.6208968184495%2C+3.868839740753174%2C+43.62308313913971%2C+3.875706195831299)%3B%0A++++%0A++++out+meta%3B%0A HTTP/1.1" 200 264984 "http://yuvi.in/POSM/" "Mozilla/5.0 (Macintosh; Intel Mac OS X 10.6; rv:11.0) Gecko/20100101 Firefox/11.0"
93.0.110.187 - - [07/Apr/2012:13:01:45 -0700] "GET /overpass?data=%0A++++%0A++++++++node(43.6208968184495%2C+3.868839740753174%2C+43.62308313913971%2C+3.875706195831299)%3B%0A++++%0A++++out+meta%3B%0A HTTP/1.1" 200 264968 "http://yuvi.in/POSM/" "Mozilla/5.0 (Macintosh; Intel Mac OS X 10.6; rv:11.0) Gecko/20100101 Firefox/11.0"
93.0.110.187 - - [07/Apr/2012:13:01:55 -0700] "GET /overpass?data=%0A++++%0A++++++++node(43.6208968184495%2C+3.868839740753174%2C+43.62308313913971%2C+3.875706195831299)%3B%0A++++%0A++++out+meta%3B%0A HTTP/1.1" 200 264952 "http://yuvi.in/POSM/" "Mozilla/5.0 (Macintosh; Intel Mac OS X 10.6; rv:11.0) Gecko/20100101 Firefox/11.0"
124.115.6.10 - - [07/Apr/2012:13:02:17 -0700] "GET /robots.txt HTTP/1.1" 404 142 "-" "Sosospider+(+http://help.soso.com/webspider.htm)"
85.17.88.169 - - [07/Apr/2012:13:02:51 -0700] "POST /blog/wp-cron.php?doing_wp_cron=1333828671 HTTP/1.0" 499 0 "-" "WordPress/3.3.1; http://yuvi.in/blog"
101.226.33.189 - - [07/Apr/2012:13:02:52 -0700] "GET /blog/feed HTTP/1.0" 304 0 "-" "Mozilla/4.0 (compatible; Windows;)"
207.46.204.169 - - [07/Apr/2012:13:05:55 -0700] "-" 400 0 "-" "-"
207.46.204.169 - - [07/Apr/2012:13:05:55 -0700] "-" 400 0 "-" "-"
207.46.204.169 - - [07/Apr/2012:13:05:56 -0700] "-" 400 0 "-" "-"
207.46.204.169 - - [07/Apr/2012:13:05:58 -0700] "-" 400 0 "-" "-"
207.46.204.169 - - [07/Apr/2012:13:05:58 -0700] "-" 400 0 "-" "-"
207.46.204.169 - - [07/Apr/2012:13:05:59 -0700] "-" 400 0 "-" "-"
207.46.204.169 - - [07/Apr/2012:13:05:59 -0700] "-" 400 0 "-" "-"
207.46.204.169 - - [07/Apr/2012:13:05:59 -0700] "-" 400 0 "-" "-"
207.46.204.169 - - [07/Apr/2012:13:05:59 -0700] "-" 400 0 "-" "-"
207.46.204.169 - - [07/Apr/2012:13:05:59 -0700] "-" 400 0 "-" "-"
207.46.204.169 - - [07/Apr/2012:13:06:00 -0700] "-" 400 0 "-" "-"
207.46.204.169 - - [07/Apr/2012:13:06:43 -0700] "-" 400 0 "-" "-"
207.46.204.169 - - [07/Apr/2012:13:06:44 -0700] "-" 400 0 "-" "-"
24.190.18.150 - - [07/Apr/2012:13:07:16 -0700] "GET / HTTP/1.1" 200 1430 "http://www.google.com/url?sa=t&rct=j&q=&esrc=s&source=web&cd=3&ved=0CEoQFjAC&url=http%3A%2F%2Fyuvi.in%2F&ei=Q52AT4qfHqT00gGikf3nBw&usg=AFQjCNGCp_KinRzG9gFsQqxb60Cy8lsxnA&sig2=7qlzeZ_4Pp0W04NF-zhtwA" "Mozilla/5.0 (Macintosh; Intel Mac OS X 10_6_8) AppleWebKit/535.19 (KHTML, like Gecko) Chrome/18.0.1025.151 Safari/535.19"
24.190.18.150 - - [07/Apr/2012:13:07:16 -0700] "GET /blueprint/screen.css HTTP/1.1" 200 12058 "http://yuvi.in/" "Mozilla/5.0 (Macintosh; Intel Mac OS X 10_6_8) AppleWebKit/535.19 (KHTML, like Gecko) Chrome/18.0.1025.151 Safari/535.19"
24.190.18.150 - - [07/Apr/2012:13:07:17 -0700] "GET /blueprint/print.css HTTP/1.1" 200 1284 "http://yuvi.in/" "Mozilla/5.0 (Macintosh; Intel Mac OS X 10_6_8) AppleWebKit/535.19 (KHTML, like Gecko) Chrome/18.0.1025.151 Safari/535.19"
24.190.18.150 - - [07/Apr/2012:13:07:17 -0700] "GET /header.png HTTP/1.1" 200 14249 "http://yuvi.in/" "Mozilla/5.0 (Macintosh; Intel Mac OS X 10_6_8) AppleWebKit/535.19 (KHTML, like Gecko) Chrome/18.0.1025.151 Safari/535.19"
24.190.18.150 - - [07/Apr/2012:13:07:17 -0700] "GET /favicon.ico HTTP/1.1" 404 199 "-" "Mozilla/5.0 (Macintosh; Intel Mac OS X 10_6_8) AppleWebKit/535.19 (KHTML, like Gecko) Chrome/18.0.1025.151 Safari/535.19"
24.190.18.150 - - [07/Apr/2012:13:07:29 -0700] "-" 400 0 "-" "-"
209.85.224.98 - - [07/Apr/2012:13:08:47 -0700] "GET /stories/feed HTTP/1.1" 200 13653 "-" "FeedBurner/1.0 (http://www.FeedBurner.com)"
65.52.111.212 - - [07/Apr/2012:13:09:36 -0700] "-" 400 0 "-" "-"
65.52.111.212 - - [07/Apr/2012:13:09:36 -0700] "-" 400 0 "-" "-"
65.52.111.212 - - [07/Apr/2012:13:09:37 -0700] "-" 400 0 "-" "-"
65.52.111.212 - - [07/Apr/2012:13:09:43 -0700] "-" 400 0 "-" "-"
65.52.111.212 - - [07/Apr/2012:13:09:48 -0700] "-" 400 0 "-" "-"
65.52.111.212 - - [07/Apr/2012:13:09:50 -0700] "-" 400 0 "-" "-"
65.52.111.212 - - [07/Apr/2012:13:09:50 -0700] "-" 400 0 "-" "-"
65.52.111.212 - - [07/Apr/2012:13:09:54 -0700] "-" 400 0 "-" "-"
65.52.111.212 - - [07/Apr/2012:13:09:58 -0700] "-" 400 0 "-" "-"
65.52.111.212 - - [07/Apr/2012:13:10:00 -0700] "-" 400 0 "-" "-"
65.52.111.212 - - [07/Apr/2012:13:10:00 -0700] "-" 400 0 "-" "-"
65.52.111.212 - - [07/Apr/2012:13:10:01 -0700] "-" 400 0 "-" "-"
65.52.111.212 - - [07/Apr/2012:13:10:08 -0700] "-" 400 0 "-" "-"
207.46.204.163 - - [07/Apr/2012:13:13:23 -0700] "-" 400 0 "-" "-"
207.46.204.163 - - [07/Apr/2012:13:13:23 -0700] "-" 400 0 "-" "-"
207.46.204.163 - - [07/Apr/2012:13:13:24 -0700] "-" 400 0 "-" "-"
207.46.204.163 - - [07/Apr/2012:13:13:24 -0700] "-" 400 0 "-" "-"
207.46.204.163 - - [07/Apr/2012:13:13:24 -0700] "-" 400 0 "-" "-"
207.46.204.163 - - [07/Apr/2012:13:13:24 -0700] "-" 400 0 "-" "-"
207.46.204.163 - - [07/Apr/2012:13:13:24 -0700] "-" 400 0 "-" "-"
207.46.204.163 - - [07/Apr/2012:13:13:26 -0700] "-" 400 0 "-" "-"
207.46.204.163 - - [07/Apr/2012:13:13:26 -0700] "-" 400 0 "-" "-"
207.46.204.163 - - [07/Apr/2012:13:13:26 -0700] "-" 400 0 "-" "-"
69.171.228.244 - - [07/Apr/2012:13:17:04 -0700] "GET /r/1tti HTTP/1.1" 301 257 "-" "facebookexternalhit/1.1 (+http://www.facebook.com/externalhit_uatext.php)"
69.171.228.244 - - [07/Apr/2012:13:17:04 -0700] "GET /s/ta/1tti/ HTTP/1.1" 302 411 "-" "facebookexternalhit/1.1 (+http://www.facebook.com/externalhit_uatext.php)"
69.171.228.246 - - [07/Apr/2012:13:17:06 -0700] "GET /r/afh HTTP/1.1" 404 142 "-" "facebookexternalhit/1.1 (+http://www.facebook.com/externalhit_uatext.php)"
122.174.5.83 - - [07/Apr/2012:13:19:10 -0700] "-" 400 0 "-" "-"
122.174.5.83 - - [07/Apr/2012:13:19:10 -0700] "-" 400 0 "-" "-"
122.174.5.83 - - [07/Apr/2012:13:19:10 -0700] "-" 400 0 "-" "-"
122.174.5.83 - - [07/Apr/2012:13:19:10 -0700] "-" 400 0 "-" "-"
122.174.5.83 - - [07/Apr/2012:13:19:10 -0700] "-" 400 0 "-" "-"
65.52.111.213 - - [07/Apr/2012:13:20:55 -0700] "-" 400 0 "-" "-"
65.52.111.213 - - [07/Apr/2012:13:20:55 -0700] "-" 400 0 "-" "-"
65.52.111.213 - - [07/Apr/2012:13:20:55 -0700] "-" 400 0 "-" "-"
65.52.111.213 - - [07/Apr/2012:13:20:56 -0700] "-" 400 0 "-" "-"
65.52.111.213 - - [07/Apr/2012:13:20:58 -0700] "-" 400 0 "-" "-"
65.52.111.213 - - [07/Apr/2012:13:20:58 -0700] "-" 400 0 "-" "-"
65.52.111.213 - - [07/Apr/2012:13:20:58 -0700] "-" 400 0 "-" "-"
65.52.111.213 - - [07/Apr/2012:13:20:58 -0700] "-" 400 0 "-" "-"
65.52.111.213 - - [07/Apr/2012:13:20:58 -0700] "-" 400 0 "-" "-"
65.52.111.213 - - [07/Apr/2012:13:20:58 -0700] "-" 400 0 "-" "-"
65.52.111.213 - - [07/Apr/2012:13:20:58 -0700] "-" 400 0 "-" "-"
65.52.111.213 - - [07/Apr/2012:13:20:58 -0700] "-" 400 0 "-" "-"
65.52.111.213 - - [07/Apr/2012:13:21:42 -0700] "-" 400 0 "-" "-"
130.83.167.153 - - [07/Apr/2012:13:22:54 -0700] "GET /blog/devlog-jan-2011.html HTTP/1.1" 200 10437 "-" "findlinks/2.1.5 (+http://wortschatz.uni-leipzig.de/findlinks/)"
85.17.88.169 - - [07/Apr/2012:13:24:52 -0700] "POST /blog/wp-cron.php?doing_wp_cron=1333829992 HTTP/1.0" 499 0 "-" "WordPress/3.3.1; http://yuvi.in/blog"
209.85.238.112 - - [07/Apr/2012:13:24:53 -0700] "GET /blog/feed HTTP/1.1" 301 0 "-" "Feedfetcher-Google; (+http://www.google.com/feedfetcher.html; 3 subscribers; feed-id=17684830852112633560)"
85.17.88.169 - - [07/Apr/2012:13:24:55 -0700] "POST /blog/wp-cron.php?doing_wp_cron=1333829995 HTTP/1.0" 499 0 "-" "WordPress/3.3.1; http://yuvi.in/blog"
209.85.238.112 - - [07/Apr/2012:13:24:55 -0700] "GET /blog/feed/ HTTP/1.1" 304 0 "-" "Feedfetcher-Google; (+http://www.google.com/feedfetcher.html; 3 subscribers; feed-id=17684830852112633560)"
207.46.204.218 - - [07/Apr/2012:13:25:09 -0700] "-" 400 0 "-" "-"
207.46.204.218 - - [07/Apr/2012:13:25:09 -0700] "-" 400 0 "-" "-"
207.46.204.218 - - [07/Apr/2012:13:25:10 -0700] "-" 400 0 "-" "-"
207.46.204.218 - - [07/Apr/2012:13:25:10 -0700] "-" 400 0 "-" "-"
207.46.204.218 - - [07/Apr/2012:13:25:10 -0700] "-" 400 0 "-" "-"
207.46.204.218 - - [07/Apr/2012:13:25:10 -0700] "-" 400 0 "-" "-"
207.46.204.218 - - [07/Apr/2012:13:25:10 -0700] "-" 400 0 "-" "-"
207.46.204.218 - - [07/Apr/2012:13:25:10 -0700] "-" 400 0 "-" "-"
207.46.204.218 - - [07/Apr/2012:13:25:10 -0700] "-" 400 0 "-" "-"
207.46.204.218 - - [07/Apr/2012:13:25:10 -0700] "-" 400 0 "-" "-"
207.46.204.218 - - [07/Apr/2012:13:25:10 -0700] "-" 400 0 "-" "-"
207.46.204.218 - - [07/Apr/2012:13:25:10 -0700] "-" 400 0 "-" "-"
180.76.6.232 - - [07/Apr/2012:13:25:27 -0700] "GET / HTTP/1.1" 200 3439 "-" "Mozilla/5.0 (compatible; Baiduspider/2.0; +http://www.baidu.com/search/spider.html)"
207.46.204.218 - - [07/Apr/2012:13:25:39 -0700] "-" 400 0 "-" "-"
117.193.121.68 - - [07/Apr/2012:13:31:36 -0700] "-" 400 0 "-" "-"
117.193.121.68 - - [07/Apr/2012:13:31:36 -0700] "-" 400 0 "-" "-"
117.193.121.68 - - [07/Apr/2012:13:31:36 -0700] "-" 400 0 "-" "-"
117.193.121.68 - - [07/Apr/2012:13:31:36 -0700] "-" 400 0 "-" "-"
117.193.121.68 - - [07/Apr/2012:13:31:37 -0700] "-" 400 0 "-" "-"
66.249.68.87 - - [07/Apr/2012:13:32:38 -0700] "GET /r/3xw HTTP/1.1" 301 255 "-" "Mozilla/5.0 (compatible; Googlebot/2.1; +http://www.google.com/bot.html)"
66.249.68.87 - - [07/Apr/2012:13:32:39 -0700] "GET /s/ta/3xw/ HTTP/1.1" 302 413 "-" "Mozilla/5.0 (compatible; Googlebot/2.1; +http://www.google.com/bot.html)"
85.17.88.169 - - [07/Apr/2012:13:35:39 -0700] "POST /blog/wp-cron.php?doing_wp_cron=1333830639 HTTP/1.0" 499 0 "-" "WordPress/3.3.1; http://yuvi.in/blog"
209.85.238.112 - - [07/Apr/2012:13:35:40 -0700] "GET /blog/feed/ HTTP/1.1" 200 6673 "-" "Feedfetcher-Google; (+http://www.google.com/feedfetcher.html; 18 subscribers; feed-id=15064232456473204253)"
123.125.71.24 - - [07/Apr/2012:13:37:13 -0700] "GET / HTTP/1.1" 200 3439 "-" "Mozilla/5.0 (compatible; Baiduspider/2.0; +http://www.baidu.com/search/spider.html)"
220.181.108.76 - - [07/Apr/2012:13:37:46 -0700] "GET / HTTP/1.1" 200 3439 "-" "Mozilla/5.0 (compatible; Baiduspider/2.0; +http://www.baidu.com/search/spider.html)"
208.115.111.68 - - [07/Apr/2012:13:41:06 -0700] "GET /robots.txt HTTP/1.1" 404 169 "-" "Mozilla/5.0 (compatible; Ezooms/1.0; ezooms.bot@gmail.com)"
180.76.5.190 - - [07/Apr/2012:13:42:34 -0700] "GET /robots.txt HTTP/1.1" 404 142 "-" "Mozilla/5.0 (Windows NT 5.1; rv:6.0.2) Gecko/20100101 Firefox/6.0.2"
65.52.111.212 - - [07/Apr/2012:13:42:59 -0700] "-" 400 0 "-" "-"
65.52.111.212 - - [07/Apr/2012:13:43:02 -0700] "-" 400 0 "-" "-"
65.52.111.212 - - [07/Apr/2012:13:43:04 -0700] "-" 400 0 "-" "-"
65.52.111.212 - - [07/Apr/2012:13:43:06 -0700] "-" 400 0 "-" "-"
65.52.111.212 - - [07/Apr/2012:13:43:06 -0700] "-" 400 0 "-" "-"
65.52.111.212 - - [07/Apr/2012:13:43:06 -0700] "-" 400 0 "-" "-"
65.52.111.212 - - [07/Apr/2012:13:43:07 -0700] "-" 400 0 "-" "-"
65.52.111.212 - - [07/Apr/2012:13:43:07 -0700] "-" 400 0 "-" "-"
65.52.111.212 - - [07/Apr/2012:13:43:07 -0700] "-" 400 0 "-" "-"
65.52.111.212 - - [07/Apr/2012:13:43:09 -0700] "-" 400 0 "-" "-"
85.17.88.169 - - [07/Apr/2012:13:45:11 -0700] "POST /blog/wp-cron.php?doing_wp_cron=1333831211 HTTP/1.0" 499 0 "-" "WordPress/3.3.1; http://yuvi.in/blog"
209.85.224.94 - - [07/Apr/2012:13:45:11 -0700] "GET /blog/feed HTTP/1.1" 304 0 "-" "FeedBurner/1.0 (http://www.FeedBurner.com)"
207.46.199.20 - - [07/Apr/2012:13:45:47 -0700] "-" 400 0 "-" "-"
207.46.199.20 - - [07/Apr/2012:13:45:47 -0700] "-" 400 0 "-" "-"
207.46.199.20 - - [07/Apr/2012:13:45:48 -0700] "-" 400 0 "-" "-"
207.46.199.20 - - [07/Apr/2012:13:45:51 -0700] "-" 400 0 "-" "-"
207.46.199.20 - - [07/Apr/2012:13:45:51 -0700] "-" 400 0 "-" "-"
207.46.199.20 - - [07/Apr/2012:13:45:52 -0700] "-" 400 0 "-" "-"
207.46.199.20 - - [07/Apr/2012:13:45:52 -0700] "-" 400 0 "-" "-"
207.46.199.20 - - [07/Apr/2012:13:45:52 -0700] "-" 400 0 "-" "-"
207.46.199.20 - - [07/Apr/2012:13:45:53 -0700] "-" 400 0 "-" "-"
207.46.199.20 - - [07/Apr/2012:13:45:53 -0700] "-" 400 0 "-" "-"
207.46.199.20 - - [07/Apr/2012:13:45:53 -0700] "-" 400 0 "-" "-"
207.46.199.20 - - [07/Apr/2012:13:45:53 -0700] "-" 400 0 "-" "-"
207.46.199.20 - - [07/Apr/2012:13:46:52 -0700] "-" 400 0 "-" "-"
208.115.111.68 - - [07/Apr/2012:13:48:42 -0700] "GET / HTTP/1.1" 200 3439 "-" "Mozilla/5.0 (compatible; Ezooms/1.0; ezooms.bot@gmail.com)"
207.46.204.217 - - [07/Apr/2012:13:49:50 -0700] "-" 400 0 "-" "-"
207.46.204.217 - - [07/Apr/2012:13:49:50 -0700] "-" 400 0 "-" "-"
207.46.204.217 - - [07/Apr/2012:13:49:50 -0700] "-" 400 0 "-" "-"
207.46.204.217 - - [07/Apr/2012:13:49:52 -0700] "-" 400 0 "-" "-"
207.46.204.217 - - [07/Apr/2012:13:49:52 -0700] "-" 400 0 "-" "-"
207.46.204.217 - - [07/Apr/2012:13:49:52 -0700] "-" 400 0 "-" "-"
207.46.204.217 - - [07/Apr/2012:13:49:52 -0700] "-" 400 0 "-" "-"
207.46.204.217 - - [07/Apr/2012:13:49:53 -0700] "-" 400 0 "-" "-"
207.46.204.217 - - [07/Apr/2012:13:49:53 -0700] "-" 400 0 "-" "-"
207.46.204.217 - - [07/Apr/2012:13:49:53 -0700] "-" 400 0 "-" "-"
207.46.204.217 - - [07/Apr/2012:13:50:47 -0700] "-" 400 0 "-" "-"
207.46.204.217 - - [07/Apr/2012:13:50:47 -0700] "-" 400 0 "-" "-"
71.235.204.168 - - [07/Apr/2012:13:51:03 -0700] "GET /AssessmentBar/r/Unassessed_India_articles/ HTTP/1.1" 302 293 "http://en.wikipedia.org/wiki/Kahaani" "Mozilla/5.0 (Windows NT 6.1; WOW64; rv:11.0) Gecko/20100101 Firefox/11.0"
94.228.34.209 - - [07/Apr/2012:13:52:02 -0700] "GET /robots.txt HTTP/1.1" 404 142 "-" "magpie-crawler/1.1 (U; Linux amd64; en-GB; +http://www.brandwatch.net)"
94.228.34.209 - - [07/Apr/2012:13:52:03 -0700] "GET /blog/serendipity.html HTTP/1.1" 304 0 "-" "magpie-crawler/1.1 (U; Linux amd64; en-GB; +http://www.brandwatch.net)"
71.235.204.168 - - [07/Apr/2012:13:53:11 -0700] "GET /AssessmentBar/r/Unassessed_India_articles/ HTTP/1.1" 302 275 "http://en.wikipedia.org/wiki/Kalpana_(2012_film)" "Mozilla/5.0 (Windows NT 6.1; WOW64; rv:11.0) Gecko/20100101 Firefox/11.0"
71.235.204.168 - - [07/Apr/2012:13:53:33 -0700] "GET /AssessmentBar/r/Unassessed_India_articles/ HTTP/1.1" 302 295 "http://en.wikipedia.org/wiki/Badichowdi" "Mozilla/5.0 (Windows NT 6.1; WOW64; rv:11.0) Gecko/20100101 Firefox/11.0"
71.235.204.168 - - [07/Apr/2012:13:54:45 -0700] "GET /AssessmentBar/r/Unassessed_India_articles/ HTTP/1.1" 302 275 "http://en.wikipedia.org/wiki/Priyadarshini_Mattoo" "Mozilla/5.0 (Windows NT 6.1; WOW64; rv:11.0) Gecko/20100101 Firefox/11.0"
71.235.204.168 - - [07/Apr/2012:13:55:39 -0700] "GET /AssessmentBar/r/Unassessed_India_articles/ HTTP/1.1" 302 285 "http://en.wikipedia.org/wiki/Nana_Patil" "Mozilla/5.0 (Windows NT 6.1; WOW64; rv:11.0) Gecko/20100101 Firefox/11.0"
79.50.51.17 - - [07/Apr/2012:13:56:03 -0700] "GET /POSM/ HTTP/1.1" 200 1963 "-" "Mozilla/5.0 (X11; Linux i686) AppleWebKit/535.19 (KHTML, like Gecko) Ubuntu/11.04 Chromium/18.0.1025.142 Chrome/18.0.1025.142 Safari/535.19"
79.50.51.17 - - [07/Apr/2012:13:56:04 -0700] "GET /POSM/creds.js HTTP/1.1" 200 89 "http://yuvi.in/POSM/" "Mozilla/5.0 (X11; Linux i686) AppleWebKit/535.19 (KHTML, like Gecko) Ubuntu/11.04 Chromium/18.0.1025.142 Chrome/18.0.1025.142 Safari/535.19"
79.50.51.17 - - [07/Apr/2012:13:56:05 -0700] "GET /POSM/lib/jquery.mobile.structure-1.0.1.css HTTP/1.1" 200 32452 "http://yuvi.in/POSM/" "Mozilla/5.0 (X11; Linux i686) AppleWebKit/535.19 (KHTML, like Gecko) Ubuntu/11.04 Chromium/18.0.1025.142 Chrome/18.0.1025.142 Safari/535.19"
