207.46.204.210 - - [27/Mar/2012:17:10:55 -0700] "-" 400 0 "-" "-"
207.46.204.210 - - [27/Mar/2012:17:10:55 -0700] "-" 400 0 "-" "-"
207.46.204.210 - - [27/Mar/2012:17:10:55 -0700] "-" 400 0 "-" "-"
207.46.204.210 - - [27/Mar/2012:17:10:55 -0700] "-" 400 0 "-" "-"
207.46.204.210 - - [27/Mar/2012:17:10:55 -0700] "-" 400 0 "-" "-"
207.46.204.210 - - [27/Mar/2012:17:10:55 -0700] "-" 400 0 "-" "-"
207.46.204.210 - - [27/Mar/2012:17:10:55 -0700] "-" 400 0 "-" "-"
98.180.220.78 - - [27/Mar/2012:17:11:23 -0700] "GET / HTTP/1.1" 200 1430 "-" "Caffeinated/1.1.1 CFNetwork/520.3.2 Darwin/11.3.0 (x86_64) (MacBookPro8%2C1)"
98.180.220.78 - - [27/Mar/2012:17:11:24 -0700] "GET /favicon.ico HTTP/1.1" 404 142 "-" "Caffeinated/1.1.1 CFNetwork/520.3.2 Darwin/11.3.0 (x86_64) (MacBookPro8%2C1)"
207.46.204.210 - - [27/Mar/2012:17:11:38 -0700] "-" 400 0 "-" "-"
98.180.220.78 - - [27/Mar/2012:17:11:53 -0700] "GET / HTTP/1.1" 200 1430 "-" "Caffeinated/1.1.1 CFNetwork/520.3.2 Darwin/11.3.0 (x86_64) (MacBookPro8%2C1)"
98.180.220.78 - - [27/Mar/2012:17:11:53 -0700] "GET /favicon.ico HTTP/1.1" 404 142 "-" "Caffeinated/1.1.1 CFNetwork/520.3.2 Darwin/11.3.0 (x86_64) (MacBookPro8%2C1)"
98.180.220.78 - - [27/Mar/2012:17:12:52 -0700] "GET / HTTP/1.1" 200 1430 "-" "Caffeinated/1.1.1 CFNetwork/520.3.2 Darwin/11.3.0 (x86_64) (MacBookPro8%2C1)"
98.180.220.78 - - [27/Mar/2012:17:12:52 -0700] "GET /favicon.ico HTTP/1.1" 404 142 "-" "Caffeinated/1.1.1 CFNetwork/520.3.2 Darwin/11.3.0 (x86_64) (MacBookPro8%2C1)"
98.180.220.78 - - [27/Mar/2012:17:13:19 -0700] "GET / HTTP/1.1" 200 1430 "-" "Caffeinated/1.1.1 CFNetwork/520.3.2 Darwin/11.3.0 (x86_64) (MacBookPro8%2C1)"
98.180.220.78 - - [27/Mar/2012:17:13:19 -0700] "GET /favicon.ico HTTP/1.1" 404 142 "-" "Caffeinated/1.1.1 CFNetwork/520.3.2 Darwin/11.3.0 (x86_64) (MacBookPro8%2C1)"
98.180.220.78 - - [27/Mar/2012:17:14:19 -0700] "GET / HTTP/1.1" 200 1430 "-" "Caffeinated/1.1.1 CFNetwork/520.3.2 Darwin/11.3.0 (x86_64) (MacBookPro8%2C1)"
98.180.220.78 - - [27/Mar/2012:17:14:19 -0700] "GET /favicon.ico HTTP/1.1" 404 142 "-" "Caffeinated/1.1.1 CFNetwork/520.3.2 Darwin/11.3.0 (x86_64) (MacBookPro8%2C1)"
208.115.113.84 - - [27/Mar/2012:17:14:36 -0700] "GET /robots.txt HTTP/1.1" 404 169 "-" "Mozilla/5.0 (compatible; Ezooms/1.0; ezooms.bot@gmail.com)"
98.180.220.78 - - [27/Mar/2012:17:14:47 -0700] "GET / HTTP/1.1" 200 1430 "-" "Caffeinated/1.1.1 CFNetwork/520.3.2 Darwin/11.3.0 (x86_64) (MacBookPro8%2C1)"
98.180.220.78 - - [27/Mar/2012:17:14:47 -0700] "GET /favicon.ico HTTP/1.1" 404 142 "-" "Caffeinated/1.1.1 CFNetwork/520.3.2 Darwin/11.3.0 (x86_64) (MacBookPro8%2C1)"
98.180.220.78 - - [27/Mar/2012:17:15:47 -0700] "GET / HTTP/1.1" 200 1430 "-" "Caffeinated/1.1.1 CFNetwork/520.3.2 Darwin/11.3.0 (x86_64) (MacBookPro8%2C1)"
98.180.220.78 - - [27/Mar/2012:17:15:48 -0700] "GET /favicon.ico HTTP/1.1" 404 142 "-" "Caffeinated/1.1.1 CFNetwork/520.3.2 Darwin/11.3.0 (x86_64) (MacBookPro8%2C1)"
209.85.224.90 - - [27/Mar/2012:17:15:59 -0700] "GET /stories/feed HTTP/1.1" 200 13653 "-" "FeedBurner/1.0 (http://www.FeedBurner.com)"
98.180.220.78 - - [27/Mar/2012:17:16:13 -0700] "GET / HTTP/1.1" 200 1430 "-" "Caffeinated/1.1.1 CFNetwork/520.3.2 Darwin/11.3.0 (x86_64) (MacBookPro8%2C1)"
98.180.220.78 - - [27/Mar/2012:17:16:14 -0700] "GET /favicon.ico HTTP/1.1" 404 142 "-" "Caffeinated/1.1.1 CFNetwork/520.3.2 Darwin/11.3.0 (x86_64) (MacBookPro8%2C1)"
98.180.220.78 - - [27/Mar/2012:17:17:14 -0700] "GET / HTTP/1.1" 200 1430 "-" "Caffeinated/1.1.1 CFNetwork/520.3.2 Darwin/11.3.0 (x86_64) (MacBookPro8%2C1)"
98.180.220.78 - - [27/Mar/2012:17:17:14 -0700] "GET /favicon.ico HTTP/1.1" 404 142 "-" "Caffeinated/1.1.1 CFNetwork/520.3.2 Darwin/11.3.0 (x86_64) (MacBookPro8%2C1)"
98.180.220.78 - - [27/Mar/2012:17:17:41 -0700] "GET / HTTP/1.1" 200 1430 "-" "Caffeinated/1.1.1 CFNetwork/520.3.2 Darwin/11.3.0 (x86_64) (MacBookPro8%2C1)"
98.180.220.78 - - [27/Mar/2012:17:17:41 -0700] "GET /favicon.ico HTTP/1.1" 404 142 "-" "Caffeinated/1.1.1 CFNetwork/520.3.2 Darwin/11.3.0 (x86_64) (MacBookPro8%2C1)"
98.180.220.78 - - [27/Mar/2012:17:18:40 -0700] "GET / HTTP/1.1" 200 1430 "-" "Caffeinated/1.1.1 CFNetwork/520.3.2 Darwin/11.3.0 (x86_64) (MacBookPro8%2C1)"
98.180.220.78 - - [27/Mar/2012:17:18:40 -0700] "GET /favicon.ico HTTP/1.1" 404 142 "-" "Caffeinated/1.1.1 CFNetwork/520.3.2 Darwin/11.3.0 (x86_64) (MacBookPro8%2C1)"
98.180.220.78 - - [27/Mar/2012:17:19:07 -0700] "GET / HTTP/1.1" 200 1430 "-" "Caffeinated/1.1.1 CFNetwork/520.3.2 Darwin/11.3.0 (x86_64) (MacBookPro8%2C1)"
98.180.220.78 - - [27/Mar/2012:17:19:07 -0700] "GET /favicon.ico HTTP/1.1" 404 142 "-" "Caffeinated/1.1.1 CFNetwork/520.3.2 Darwin/11.3.0 (x86_64) (MacBookPro8%2C1)"
98.180.220.78 - - [27/Mar/2012:17:20:07 -0700] "GET / HTTP/1.1" 200 1430 "-" "Caffeinated/1.1.1 CFNetwork/520.3.2 Darwin/11.3.0 (x86_64) (MacBookPro8%2C1)"
98.180.220.78 - - [27/Mar/2012:17:20:07 -0700] "GET /favicon.ico HTTP/1.1" 404 142 "-" "Caffeinated/1.1.1 CFNetwork/520.3.2 Darwin/11.3.0 (x86_64) (MacBookPro8%2C1)"
98.180.220.78 - - [27/Mar/2012:17:20:34 -0700] "GET / HTTP/1.1" 200 1430 "-" "Caffeinated/1.1.1 CFNetwork/520.3.2 Darwin/11.3.0 (x86_64) (MacBookPro8%2C1)"
98.180.220.78 - - [27/Mar/2012:17:20:34 -0700] "GET /favicon.ico HTTP/1.1" 404 142 "-" "Caffeinated/1.1.1 CFNetwork/520.3.2 Darwin/11.3.0 (x86_64) (MacBookPro8%2C1)"
98.180.220.78 - - [27/Mar/2012:17:21:34 -0700] "GET / HTTP/1.1" 200 1430 "-" "Caffeinated/1.1.1 CFNetwork/520.3.2 Darwin/11.3.0 (x86_64) (MacBookPro8%2C1)"
98.180.220.78 - - [27/Mar/2012:17:21:35 -0700] "GET /favicon.ico HTTP/1.1" 404 142 "-" "Caffeinated/1.1.1 CFNetwork/520.3.2 Darwin/11.3.0 (x86_64) (MacBookPro8%2C1)"
98.180.220.78 - - [27/Mar/2012:17:22:41 -0700] "GET / HTTP/1.1" 200 1430 "-" "Caffeinated/1.1.1 CFNetwork/520.3.2 Darwin/11.3.0 (x86_64) (MacBookPro8%2C1)"
98.180.220.78 - - [27/Mar/2012:17:22:42 -0700] "GET /favicon.ico HTTP/1.1" 404 142 "-" "Caffeinated/1.1.1 CFNetwork/520.3.2 Darwin/11.3.0 (x86_64) (MacBookPro8%2C1)"
98.180.220.78 - - [27/Mar/2012:17:23:49 -0700] "GET / HTTP/1.1" 200 1430 "-" "Caffeinated/1.1.1 CFNetwork/520.3.2 Darwin/11.3.0 (x86_64) (MacBookPro8%2C1)"
98.180.220.78 - - [27/Mar/2012:17:23:49 -0700] "GET /favicon.ico HTTP/1.1" 404 142 "-" "Caffeinated/1.1.1 CFNetwork/520.3.2 Darwin/11.3.0 (x86_64) (MacBookPro8%2C1)"
98.180.220.78 - - [27/Mar/2012:17:25:02 -0700] "GET / HTTP/1.1" 200 1430 "-" "Caffeinated/1.1.1 CFNetwork/520.3.2 Darwin/11.3.0 (x86_64) (MacBookPro8%2C1)"
98.180.220.78 - - [27/Mar/2012:17:25:02 -0700] "GET /favicon.ico HTTP/1.1" 404 142 "-" "Caffeinated/1.1.1 CFNetwork/520.3.2 Darwin/11.3.0 (x86_64) (MacBookPro8%2C1)"
98.180.220.78 - - [27/Mar/2012:17:26:14 -0700] "GET / HTTP/1.1" 200 1430 "-" "Caffeinated/1.1.1 CFNetwork/520.3.2 Darwin/11.3.0 (x86_64) (MacBookPro8%2C1)"
98.180.220.78 - - [27/Mar/2012:17:26:14 -0700] "GET /favicon.ico HTTP/1.1" 404 142 "-" "Caffeinated/1.1.1 CFNetwork/520.3.2 Darwin/11.3.0 (x86_64) (MacBookPro8%2C1)"
98.180.220.78 - - [27/Mar/2012:17:27:26 -0700] "GET / HTTP/1.1" 200 1430 "-" "Caffeinated/1.1.1 CFNetwork/520.3.2 Darwin/11.3.0 (x86_64) (MacBookPro8%2C1)"
98.180.220.78 - - [27/Mar/2012:17:27:26 -0700] "GET /favicon.ico HTTP/1.1" 404 142 "-" "Caffeinated/1.1.1 CFNetwork/520.3.2 Darwin/11.3.0 (x86_64) (MacBookPro8%2C1)"
98.180.220.78 - - [27/Mar/2012:17:28:39 -0700] "GET / HTTP/1.1" 200 1430 "-" "Caffeinated/1.1.1 CFNetwork/520.3.2 Darwin/11.3.0 (x86_64) (MacBookPro8%2C1)"
98.180.220.78 - - [27/Mar/2012:17:28:39 -0700] "GET /favicon.ico HTTP/1.1" 404 142 "-" "Caffeinated/1.1.1 CFNetwork/520.3.2 Darwin/11.3.0 (x86_64) (MacBookPro8%2C1)"
98.180.220.78 - - [27/Mar/2012:17:29:53 -0700] "GET / HTTP/1.1" 200 1430 "-" "Caffeinated/1.1.1 CFNetwork/520.3.2 Darwin/11.3.0 (x86_64) (MacBookPro8%2C1)"
98.180.220.78 - - [27/Mar/2012:17:29:54 -0700] "GET /favicon.ico HTTP/1.1" 404 142 "-" "Caffeinated/1.1.1 CFNetwork/520.3.2 Darwin/11.3.0 (x86_64) (MacBookPro8%2C1)"
98.180.220.78 - - [27/Mar/2012:17:31:04 -0700] "GET / HTTP/1.1" 200 1430 "-" "Caffeinated/1.1.1 CFNetwork/520.3.2 Darwin/11.3.0 (x86_64) (MacBookPro8%2C1)"
98.180.220.78 - - [27/Mar/2012:17:31:04 -0700] "GET /favicon.ico HTTP/1.1" 404 142 "-" "Caffeinated/1.1.1 CFNetwork/520.3.2 Darwin/11.3.0 (x86_64) (MacBookPro8%2C1)"
72.14.199.121 - - [27/Mar/2012:17:32:07 -0700] "GET /blog/feed HTTP/1.1" 301 0 "-" "Feedfetcher-Google; (+http://www.google.com/feedfetcher.html; 3 subscribers; feed-id=17684830852112633560)"
72.14.199.121 - - [27/Mar/2012:17:32:08 -0700] "GET /blog/feed/ HTTP/1.1" 304 0 "-" "Feedfetcher-Google; (+http://www.google.com/feedfetcher.html; 3 subscribers; feed-id=17684830852112633560)"
98.180.220.78 - - [27/Mar/2012:17:32:17 -0700] "GET / HTTP/1.1" 200 1430 "-" "Caffeinated/1.1.1 CFNetwork/520.3.2 Darwin/11.3.0 (x86_64) (MacBookPro8%2C1)"
98.180.220.78 - - [27/Mar/2012:17:32:17 -0700] "GET /favicon.ico HTTP/1.1" 404 142 "-" "Caffeinated/1.1.1 CFNetwork/520.3.2 Darwin/11.3.0 (x86_64) (MacBookPro8%2C1)"
69.171.234.7 - - [27/Mar/2012:17:32:42 -0700] "GET /r/7gb HTTP/1.1" 301 255 "-" "facebookexternalhit/1.1 (+http://www.facebook.com/externalhit_uatext.php)"
69.171.234.7 - - [27/Mar/2012:17:32:42 -0700] "GET /s/ta/7gb/ HTTP/1.1" 302 497 "-" "facebookexternalhit/1.1 (+http://www.facebook.com/externalhit_uatext.php)"
98.180.220.78 - - [27/Mar/2012:17:33:33 -0700] "GET / HTTP/1.1" 200 1430 "-" "Caffeinated/1.1.1 CFNetwork/520.3.2 Darwin/11.3.0 (x86_64) (MacBookPro8%2C1)"
98.180.220.78 - - [27/Mar/2012:17:33:33 -0700] "GET /favicon.ico HTTP/1.1" 404 142 "-" "Caffeinated/1.1.1 CFNetwork/520.3.2 Darwin/11.3.0 (x86_64) (MacBookPro8%2C1)"
98.180.220.78 - - [27/Mar/2012:17:34:47 -0700] "GET / HTTP/1.1" 200 1430 "-" "Caffeinated/1.1.1 CFNetwork/520.3.2 Darwin/11.3.0 (x86_64) (MacBookPro8%2C1)"
98.180.220.78 - - [27/Mar/2012:17:34:47 -0700] "GET /favicon.ico HTTP/1.1" 404 142 "-" "Caffeinated/1.1.1 CFNetwork/520.3.2 Darwin/11.3.0 (x86_64) (MacBookPro8%2C1)"
98.180.220.78 - - [27/Mar/2012:17:36:01 -0700] "GET / HTTP/1.1" 200 1430 "-" "Caffeinated/1.1.1 CFNetwork/520.3.2 Darwin/11.3.0 (x86_64) (MacBookPro8%2C1)"
98.180.220.78 - - [27/Mar/2012:17:36:01 -0700] "GET /favicon.ico HTTP/1.1" 404 142 "-" "Caffeinated/1.1.1 CFNetwork/520.3.2 Darwin/11.3.0 (x86_64) (MacBookPro8%2C1)"
100.43.83.144 - - [27/Mar/2012:17:36:30 -0700] "GET /robots.txt HTTP/1.1" 404 169 "-" "Mozilla/5.0 (compatible; YandexBot/3.0; +http://yandex.com/bots)"
85.17.88.169 - - [27/Mar/2012:17:36:34 -0700] "POST /blog/wp-cron.php?doing_wp_cron=1332894780 HTTP/1.0" 499 0 "-" "WordPress/3.3.1; http://yuvi.in/blog"
100.43.83.144 - - [27/Mar/2012:17:36:35 -0700] "GET /blog/2011/08/ HTTP/1.1" 200 18168 "-" "Mozilla/5.0 (compatible; YandexBot/3.0; +http://yandex.com/bots)"
100.43.83.144 - - [27/Mar/2012:17:36:38 -0700] "GET /blog HTTP/1.1" 301 178 "-" "Mozilla/5.0 (compatible; YandexBot/3.0; +http://yandex.com/bots)"
193.164.138.35 - - [27/Mar/2012:17:37:01 -0700] "GET /blog/samsung-n210-review.html HTTP/1.1" 200 7540 "-" "Zemanta Aggregator/0.7 +http://www.zemanta.com"
98.180.220.78 - - [27/Mar/2012:17:37:15 -0700] "GET / HTTP/1.1" 200 1430 "-" "Caffeinated/1.1.1 CFNetwork/520.3.2 Darwin/11.3.0 (x86_64) (MacBookPro8%2C1)"
98.180.220.78 - - [27/Mar/2012:17:37:15 -0700] "GET /favicon.ico HTTP/1.1" 404 142 "-" "Caffeinated/1.1.1 CFNetwork/520.3.2 Darwin/11.3.0 (x86_64) (MacBookPro8%2C1)"
98.180.220.78 - - [27/Mar/2012:17:38:28 -0700] "GET / HTTP/1.1" 200 1430 "-" "Caffeinated/1.1.1 CFNetwork/520.3.2 Darwin/11.3.0 (x86_64) (MacBookPro8%2C1)"
98.180.220.78 - - [27/Mar/2012:17:38:28 -0700] "GET /favicon.ico HTTP/1.1" 404 142 "-" "Caffeinated/1.1.1 CFNetwork/520.3.2 Darwin/11.3.0 (x86_64) (MacBookPro8%2C1)"
98.180.220.78 - - [27/Mar/2012:17:39:42 -0700] "GET / HTTP/1.1" 200 1430 "-" "Caffeinated/1.1.1 CFNetwork/520.3.2 Darwin/11.3.0 (x86_64) (MacBookPro8%2C1)"
98.180.220.78 - - [27/Mar/2012:17:39:42 -0700] "GET /favicon.ico HTTP/1.1" 404 142 "-" "Caffeinated/1.1.1 CFNetwork/520.3.2 Darwin/11.3.0 (x86_64) (MacBookPro8%2C1)"
98.180.220.78 - - [27/Mar/2012:17:40:46 -0700] "GET / HTTP/1.1" 200 1430 "-" "Caffeinated/1.1.1 CFNetwork/520.3.2 Darwin/11.3.0 (x86_64) (MacBookPro8%2C1)"
98.180.220.78 - - [27/Mar/2012:17:40:47 -0700] "GET /favicon.ico HTTP/1.1" 404 142 "-" "Caffeinated/1.1.1 CFNetwork/520.3.2 Darwin/11.3.0 (x86_64) (MacBookPro8%2C1)"
122.172.4.240 - - [27/Mar/2012:17:41:04 -0700] "GET /r/305m HTTP/1.1" 301 257 "http://t.co/FIenkrRS" "Mozilla/5.0 (Linux; U; Android 2.3.6; en-gb; GT-N7000 Build/GINGERBREAD) AppleWebKit/533.1 (KHTML, like Gecko) Version/4.0 Mobile Safari/533.1"
122.172.4.240 - - [27/Mar/2012:17:41:04 -0700] "GET /s/ta/305m/ HTTP/1.1" 302 409 "http://t.co/FIenkrRS" "Mozilla/5.0 (Linux; U; Android 2.3.6; en-gb; GT-N7000 Build/GINGERBREAD) AppleWebKit/533.1 (KHTML, like Gecko) Version/4.0 Mobile Safari/533.1"
98.180.220.78 - - [27/Mar/2012:17:41:46 -0700] "GET / HTTP/1.1" 200 1430 "-" "Caffeinated/1.1.1 CFNetwork/520.3.2 Darwin/11.3.0 (x86_64) (MacBookPro8%2C1)"
98.180.220.78 - - [27/Mar/2012:17:41:46 -0700] "GET /favicon.ico HTTP/1.1" 404 142 "-" "Caffeinated/1.1.1 CFNetwork/520.3.2 Darwin/11.3.0 (x86_64) (MacBookPro8%2C1)"
98.180.220.78 - - [27/Mar/2012:17:42:15 -0700] "GET / HTTP/1.1" 200 1430 "-" "Caffeinated/1.1.1 CFNetwork/520.3.2 Darwin/11.3.0 (x86_64) (MacBookPro8%2C1)"
98.180.220.78 - - [27/Mar/2012:17:42:15 -0700] "GET /favicon.ico HTTP/1.1" 404 142 "-" "Caffeinated/1.1.1 CFNetwork/520.3.2 Darwin/11.3.0 (x86_64) (MacBookPro8%2C1)"
98.180.220.78 - - [27/Mar/2012:17:43:14 -0700] "GET / HTTP/1.1" 200 1430 "-" "Caffeinated/1.1.1 CFNetwork/520.3.2 Darwin/11.3.0 (x86_64) (MacBookPro8%2C1)"
98.180.220.78 - - [27/Mar/2012:17:43:14 -0700] "GET /favicon.ico HTTP/1.1" 404 142 "-" "Caffeinated/1.1.1 CFNetwork/520.3.2 Darwin/11.3.0 (x86_64) (MacBookPro8%2C1)"
98.180.220.78 - - [27/Mar/2012:17:44:20 -0700] "GET / HTTP/1.1" 200 1430 "-" "Caffeinated/1.1.1 CFNetwork/520.3.2 Darwin/11.3.0 (x86_64) (MacBookPro8%2C1)"
98.180.220.78 - - [27/Mar/2012:17:44:20 -0700] "GET /favicon.ico HTTP/1.1" 404 142 "-" "Caffeinated/1.1.1 CFNetwork/520.3.2 Darwin/11.3.0 (x86_64) (MacBookPro8%2C1)"
98.180.220.78 - - [27/Mar/2012:17:45:28 -0700] "GET / HTTP/1.1" 200 1430 "-" "Caffeinated/1.1.1 CFNetwork/520.3.2 Darwin/11.3.0 (x86_64) (MacBookPro8%2C1)"
98.180.220.78 - - [27/Mar/2012:17:45:28 -0700] "GET /favicon.ico HTTP/1.1" 404 142 "-" "Caffeinated/1.1.1 CFNetwork/520.3.2 Darwin/11.3.0 (x86_64) (MacBookPro8%2C1)"
85.17.88.169 - - [27/Mar/2012:17:46:00 -0700] "POST /blog/wp-cron.php?doing_wp_cron=1332895346 HTTP/1.0" 499 0 "-" "WordPress/3.3.1; http://yuvi.in/blog"
203.206.167.242 - - [27/Mar/2012:17:46:00 -0700] "POST /blog/wp-login.php HTTP/1.1" 200 3475 "http://yuvi.in/blog/wp-login.php" "Mozilla/5.0 (Windows NT 6.1; WOW64; rv:8.0.1) Gecko/20100101 Firefox/8.0.1"
85.17.88.169 - - [27/Mar/2012:17:46:02 -0700] "POST /blog/wp-cron.php?doing_wp_cron=1332895349 HTTP/1.0" 499 0 "-" "WordPress/3.3.1; http://yuvi.in/blog"
203.206.167.242 - - [27/Mar/2012:17:46:03 -0700] "POST /blog/wp-login.php HTTP/1.1" 200 3475 "http://yuvi.in/blog/wp-login.php" "Mozilla/5.0 (Windows NT 6.1; WOW64; rv:8.0.1) Gecko/20100101 Firefox/8.0.1"
85.17.88.169 - - [27/Mar/2012:17:46:05 -0700] "POST /blog/wp-cron.php?doing_wp_cron=1332895351 HTTP/1.0" 499 0 "-" "WordPress/3.3.1; http://yuvi.in/blog"
203.206.167.242 - - [27/Mar/2012:17:46:06 -0700] "POST /blog/wp-login.php HTTP/1.1" 200 3475 "http://yuvi.in/blog/wp-login.php" "Mozilla/5.0 (Windows NT 6.1; WOW64; rv:8.0.1) Gecko/20100101 Firefox/8.0.1"
85.17.88.169 - - [27/Mar/2012:17:46:08 -0700] "POST /blog/wp-cron.php?doing_wp_cron=1332895354 HTTP/1.0" 499 0 "-" "WordPress/3.3.1; http://yuvi.in/blog"
203.206.167.242 - - [27/Mar/2012:17:46:08 -0700] "POST /blog/wp-login.php HTTP/1.1" 200 3475 "http://yuvi.in/blog/wp-login.php" "Mozilla/5.0 (Windows NT 6.1; WOW64; rv:8.0.1) Gecko/20100101 Firefox/8.0.1"
85.17.88.169 - - [27/Mar/2012:17:46:11 -0700] "POST /blog/wp-cron.php?doing_wp_cron=1332895357 HTTP/1.0" 499 0 "-" "WordPress/3.3.1; http://yuvi.in/blog"
203.206.167.242 - - [27/Mar/2012:17:46:11 -0700] "POST /blog/wp-login.php HTTP/1.1" 200 3475 "http://yuvi.in/blog/wp-login.php" "Mozilla/5.0 (Windows NT 6.1; WOW64; rv:8.0.1) Gecko/20100101 Firefox/8.0.1"
85.17.88.169 - - [27/Mar/2012:17:46:24 -0700] "POST /blog/wp-cron.php?doing_wp_cron=1332895371 HTTP/1.0" 499 0 "-" "WordPress/3.3.1; http://yuvi.in/blog"
202.80.147.185 - - [27/Mar/2012:17:46:25 -0700] "POST /blog/wp-login.php HTTP/1.1" 200 3475 "http://yuvi.in/blog/wp-login.php" "Mozilla/5.0 (Windows NT 6.1; WOW64; rv:8.0.1) Gecko/20100101 Firefox/8.0.1"
85.17.88.169 - - [27/Mar/2012:17:46:27 -0700] "POST /blog/wp-cron.php?doing_wp_cron=1332895373 HTTP/1.0" 499 0 "-" "WordPress/3.3.1; http://yuvi.in/blog"
202.80.147.185 - - [27/Mar/2012:17:46:28 -0700] "POST /blog/wp-login.php HTTP/1.1" 200 3475 "http://yuvi.in/blog/wp-login.php" "Mozilla/5.0 (Windows NT 6.1; WOW64; rv:8.0.1) Gecko/20100101 Firefox/8.0.1"
85.17.88.169 - - [27/Mar/2012:17:46:30 -0700] "POST /blog/wp-cron.php?doing_wp_cron=1332895376 HTTP/1.0" 499 0 "-" "WordPress/3.3.1; http://yuvi.in/blog"
202.80.147.185 - - [27/Mar/2012:17:46:30 -0700] "POST /blog/wp-login.php HTTP/1.1" 200 3475 "http://yuvi.in/blog/wp-login.php" "Mozilla/5.0 (Windows NT 6.1; WOW64; rv:8.0.1) Gecko/20100101 Firefox/8.0.1"
85.17.88.169 - - [27/Mar/2012:17:46:33 -0700] "POST /blog/wp-cron.php?doing_wp_cron=1332895379 HTTP/1.0" 499 0 "-" "WordPress/3.3.1; http://yuvi.in/blog"
202.80.147.185 - - [27/Mar/2012:17:46:33 -0700] "POST /blog/wp-login.php HTTP/1.1" 200 3475 "http://yuvi.in/blog/wp-login.php" "Mozilla/5.0 (Windows NT 6.1; WOW64; rv:8.0.1) Gecko/20100101 Firefox/8.0.1"
85.17.88.169 - - [27/Mar/2012:17:46:35 -0700] "POST /blog/wp-cron.php?doing_wp_cron=1332895382 HTTP/1.0" 499 0 "-" "WordPress/3.3.1; http://yuvi.in/blog"
202.80.147.185 - - [27/Mar/2012:17:46:36 -0700] "POST /blog/wp-login.php HTTP/1.1" 200 3475 "http://yuvi.in/blog/wp-login.php" "Mozilla/5.0 (Windows NT 6.1; WOW64; rv:8.0.1) Gecko/20100101 Firefox/8.0.1"
98.180.220.78 - - [27/Mar/2012:17:46:41 -0700] "GET / HTTP/1.1" 200 1430 "-" "Caffeinated/1.1.1 CFNetwork/520.3.2 Darwin/11.3.0 (x86_64) (MacBookPro8%2C1)"
98.180.220.78 - - [27/Mar/2012:17:46:41 -0700] "GET /favicon.ico HTTP/1.1" 404 142 "-" "Caffeinated/1.1.1 CFNetwork/520.3.2 Darwin/11.3.0 (x86_64) (MacBookPro8%2C1)"
85.17.88.169 - - [27/Mar/2012:17:47:06 -0700] "POST /blog/wp-cron.php?doing_wp_cron=1332895412 HTTP/1.0" 499 0 "-" "WordPress/3.3.1; http://yuvi.in/blog"
209.85.224.86 - - [27/Mar/2012:17:47:07 -0700] "GET /blog/feed HTTP/1.1" 304 0 "-" "FeedBurner/1.0 (http://www.FeedBurner.com)"
98.180.220.78 - - [27/Mar/2012:17:47:56 -0700] "GET / HTTP/1.1" 200 1430 "-" "Caffeinated/1.1.1 CFNetwork/520.3.2 Darwin/11.3.0 (x86_64) (MacBookPro8%2C1)"
98.180.220.78 - - [27/Mar/2012:17:47:56 -0700] "GET /favicon.ico HTTP/1.1" 404 142 "-" "Caffeinated/1.1.1 CFNetwork/520.3.2 Darwin/11.3.0 (x86_64) (MacBookPro8%2C1)"
98.180.220.78 - - [27/Mar/2012:17:49:13 -0700] "GET / HTTP/1.1" 200 1430 "-" "Caffeinated/1.1.1 CFNetwork/520.3.2 Darwin/11.3.0 (x86_64) (MacBookPro8%2C1)"
98.180.220.78 - - [27/Mar/2012:17:49:13 -0700] "GET /favicon.ico HTTP/1.1" 404 142 "-" "Caffeinated/1.1.1 CFNetwork/520.3.2 Darwin/11.3.0 (x86_64) (MacBookPro8%2C1)"
85.17.88.169 - - [27/Mar/2012:17:50:23 -0700] "POST /blog/wp-cron.php?doing_wp_cron=1332895609 HTTP/1.0" 499 0 "-" "WordPress/3.3.1; http://yuvi.in/blog"
81.33.5.232 - - [27/Mar/2012:17:50:23 -0700] "POST /blog/wp-login.php HTTP/1.1" 200 3475 "http://yuvi.in/blog/wp-login.php" "Mozilla/5.0 (Windows NT 6.1; WOW64; rv:8.0.1) Gecko/20100101 Firefox/8.0.1"
85.17.88.169 - - [27/Mar/2012:17:50:26 -0700] "POST /blog/wp-cron.php?doing_wp_cron=1332895612 HTTP/1.0" 499 0 "-" "WordPress/3.3.1; http://yuvi.in/blog"
81.33.5.232 - - [27/Mar/2012:17:50:26 -0700] "POST /blog/wp-login.php HTTP/1.1" 200 3475 "http://yuvi.in/blog/wp-login.php" "Mozilla/5.0 (Windows NT 6.1; WOW64; rv:8.0.1) Gecko/20100101 Firefox/8.0.1"
98.180.220.78 - - [27/Mar/2012:17:50:27 -0700] "GET / HTTP/1.1" 200 1430 "-" "Caffeinated/1.1.1 CFNetwork/520.3.2 Darwin/11.3.0 (x86_64) (MacBookPro8%2C1)"
98.180.220.78 - - [27/Mar/2012:17:50:27 -0700] "GET /favicon.ico HTTP/1.1" 404 142 "-" "Caffeinated/1.1.1 CFNetwork/520.3.2 Darwin/11.3.0 (x86_64) (MacBookPro8%2C1)"
85.17.88.169 - - [27/Mar/2012:17:50:29 -0700] "POST /blog/wp-cron.php?doing_wp_cron=1332895615 HTTP/1.0" 499 0 "-" "WordPress/3.3.1; http://yuvi.in/blog"
81.33.5.232 - - [27/Mar/2012:17:50:32 -0700] "POST /blog/wp-login.php HTTP/1.1" 200 3475 "http://yuvi.in/blog/wp-login.php" "Mozilla/5.0 (Windows NT 6.1; WOW64; rv:8.0.1) Gecko/20100101 Firefox/8.0.1"
85.17.88.169 - - [27/Mar/2012:17:50:35 -0700] "POST /blog/wp-cron.php?doing_wp_cron=1332895621 HTTP/1.0" 499 0 "-" "WordPress/3.3.1; http://yuvi.in/blog"
81.33.5.232 - - [27/Mar/2012:17:50:35 -0700] "POST /blog/wp-login.php HTTP/1.1" 200 3475 "http://yuvi.in/blog/wp-login.php" "Mozilla/5.0 (Windows NT 6.1; WOW64; rv:8.0.1) Gecko/20100101 Firefox/8.0.1"
85.17.88.169 - - [27/Mar/2012:17:50:38 -0700] "POST /blog/wp-cron.php?doing_wp_cron=1332895624 HTTP/1.0" 499 0 "-" "WordPress/3.3.1; http://yuvi.in/blog"
81.33.5.232 - - [27/Mar/2012:17:50:38 -0700] "POST /blog/wp-login.php HTTP/1.1" 200 3475 "http://yuvi.in/blog/wp-login.php" "Mozilla/5.0 (Windows NT 6.1; WOW64; rv:8.0.1) Gecko/20100101 Firefox/8.0.1"
98.180.220.78 - - [27/Mar/2012:17:51:40 -0700] "GET / HTTP/1.1" 200 1430 "-" "Caffeinated/1.1.1 CFNetwork/520.3.2 Darwin/11.3.0 (x86_64) (MacBookPro8%2C1)"
98.180.220.78 - - [27/Mar/2012:17:51:40 -0700] "GET /favicon.ico HTTP/1.1" 404 142 "-" "Caffeinated/1.1.1 CFNetwork/520.3.2 Darwin/11.3.0 (x86_64) (MacBookPro8%2C1)"
69.171.228.251 - - [27/Mar/2012:17:52:32 -0700] "GET /r/1rxs HTTP/1.1" 301 257 "-" "facebookexternalhit/1.1 (+http://www.facebook.com/externalhit_uatext.php)"
69.171.228.246 - - [27/Mar/2012:17:52:32 -0700] "GET /s/ta/1rxs/ HTTP/1.1" 302 721 "-" "facebookexternalhit/1.1 (+http://www.facebook.com/externalhit_uatext.php)"
98.180.220.78 - - [27/Mar/2012:17:52:56 -0700] "GET / HTTP/1.1" 200 1430 "-" "Caffeinated/1.1.1 CFNetwork/520.3.2 Darwin/11.3.0 (x86_64) (MacBookPro8%2C1)"
98.180.220.78 - - [27/Mar/2012:17:52:56 -0700] "GET /favicon.ico HTTP/1.1" 404 142 "-" "Caffeinated/1.1.1 CFNetwork/520.3.2 Darwin/11.3.0 (x86_64) (MacBookPro8%2C1)"
207.46.204.212 - - [27/Mar/2012:17:53:37 -0700] "-" 400 0 "-" "-"
207.46.204.212 - - [27/Mar/2012:17:53:38 -0700] "-" 400 0 "-" "-"
207.46.204.212 - - [27/Mar/2012:17:53:38 -0700] "-" 400 0 "-" "-"
207.46.204.212 - - [27/Mar/2012:17:53:38 -0700] "-" 400 0 "-" "-"
207.46.204.212 - - [27/Mar/2012:17:53:40 -0700] "-" 400 0 "-" "-"
207.46.204.212 - - [27/Mar/2012:17:53:40 -0700] "-" 400 0 "-" "-"
207.46.204.212 - - [27/Mar/2012:17:53:40 -0700] "-" 400 0 "-" "-"
207.46.204.212 - - [27/Mar/2012:17:53:41 -0700] "-" 400 0 "-" "-"
207.46.204.212 - - [27/Mar/2012:17:53:41 -0700] "-" 400 0 "-" "-"
65.52.0.56 - - [27/Mar/2012:17:53:45 -0700] "GET /r/1rxs HTTP/1.1" 404 199 "-" "Mozilla/4.0 (compatible; MSIE 7.0; Windows NT 6.0)"
98.180.220.78 - - [27/Mar/2012:17:54:11 -0700] "GET / HTTP/1.1" 200 1430 "-" "Caffeinated/1.1.1 CFNetwork/520.3.2 Darwin/11.3.0 (x86_64) (MacBookPro8%2C1)"
98.180.220.78 - - [27/Mar/2012:17:54:11 -0700] "GET /favicon.ico HTTP/1.1" 404 142 "-" "Caffeinated/1.1.1 CFNetwork/520.3.2 Darwin/11.3.0 (x86_64) (MacBookPro8%2C1)"
98.180.220.78 - - [27/Mar/2012:17:55:23 -0700] "GET / HTTP/1.1" 200 1430 "-" "Caffeinated/1.1.1 CFNetwork/520.3.2 Darwin/11.3.0 (x86_64) (MacBookPro8%2C1)"
98.180.220.78 - - [27/Mar/2012:17:55:23 -0700] "GET /favicon.ico HTTP/1.1" 404 142 "-" "Caffeinated/1.1.1 CFNetwork/520.3.2 Darwin/11.3.0 (x86_64) (MacBookPro8%2C1)"
85.17.88.169 - - [27/Mar/2012:17:55:45 -0700] "POST /blog/wp-cron.php?doing_wp_cron=1332895931 HTTP/1.0" 499 0 "-" "WordPress/3.3.1; http://yuvi.in/blog"
208.115.111.68 - - [27/Mar/2012:17:55:46 -0700] "GET /blog/learnt-reading-javascript-good-parts/trackback/ HTTP/1.1" 302 0 "-" "Mozilla/5.0 (compatible; Ezooms/1.0; ezooms.bot@gmail.com)"
85.17.88.169 - - [27/Mar/2012:17:55:52 -0700] "POST /blog/wp-cron.php?doing_wp_cron=1332895938 HTTP/1.0" 499 0 "-" "WordPress/3.3.1; http://yuvi.in/blog"
208.115.111.68 - - [27/Mar/2012:17:55:52 -0700] "GET /blog/room-full-of-people-like-me/ HTTP/1.1" 200 17021 "-" "Mozilla/5.0 (compatible; Ezooms/1.0; ezooms.bot@gmail.com)"
208.115.111.68 - - [27/Mar/2012:17:55:56 -0700] "GET /blog/tag/goals.html HTTP/1.1" 200 5391 "-" "Mozilla/5.0 (compatible; Ezooms/1.0; ezooms.bot@gmail.com)"
98.180.220.78 - - [27/Mar/2012:17:56:39 -0700] "GET / HTTP/1.1" 200 1430 "-" "Caffeinated/1.1.1 CFNetwork/520.3.2 Darwin/11.3.0 (x86_64) (MacBookPro8%2C1)"
98.180.220.78 - - [27/Mar/2012:17:56:39 -0700] "GET /favicon.ico HTTP/1.1" 404 142 "-" "Caffeinated/1.1.1 CFNetwork/520.3.2 Darwin/11.3.0 (x86_64) (MacBookPro8%2C1)"
98.180.220.78 - - [27/Mar/2012:17:57:54 -0700] "GET / HTTP/1.1" 200 1430 "-" "Caffeinated/1.1.1 CFNetwork/520.3.2 Darwin/11.3.0 (x86_64) (MacBookPro8%2C1)"
98.180.220.78 - - [27/Mar/2012:17:57:54 -0700] "GET /favicon.ico HTTP/1.1" 404 142 "-" "Caffeinated/1.1.1 CFNetwork/520.3.2 Darwin/11.3.0 (x86_64) (MacBookPro8%2C1)"
85.17.88.169 - - [27/Mar/2012:17:59:02 -0700] "POST /blog/wp-cron.php?doing_wp_cron=1332896128 HTTP/1.0" 499 0 "-" "WordPress/3.3.1; http://yuvi.in/blog"
100.43.83.144 - - [27/Mar/2012:17:59:03 -0700] "GET /blog/category/personal/ HTTP/1.1" 200 15880 "-" "Mozilla/5.0 (compatible; YandexBot/3.0; +http://yandex.com/bots)"
98.180.220.78 - - [27/Mar/2012:17:59:07 -0700] "GET / HTTP/1.1" 200 1430 "-" "Caffeinated/1.1.1 CFNetwork/520.3.2 Darwin/11.3.0 (x86_64) (MacBookPro8%2C1)"
98.180.220.78 - - [27/Mar/2012:17:59:07 -0700] "GET /favicon.ico HTTP/1.1" 404 142 "-" "Caffeinated/1.1.1 CFNetwork/520.3.2 Darwin/11.3.0 (x86_64) (MacBookPro8%2C1)"
85.17.88.169 - - [27/Mar/2012:17:59:07 -0700] "POST /blog/wp-cron.php?doing_wp_cron=1332896133 HTTP/1.0" 499 0 "-" "WordPress/3.3.1; http://yuvi.in/blog"
100.43.83.144 - - [27/Mar/2012:17:59:08 -0700] "GET /blog/tag/devlog/ HTTP/1.1" 200 16221 "-" "Mozilla/5.0 (compatible; YandexBot/3.0; +http://yandex.com/bots)"
85.17.88.169 - - [27/Mar/2012:17:59:12 -0700] "POST /blog/wp-cron.php?doing_wp_cron=1332896138 HTTP/1.0" 499 0 "-" "WordPress/3.3.1; http://yuvi.in/blog"
100.43.83.144 - - [27/Mar/2012:17:59:12 -0700] "GET /blog/2010/12/ HTTP/1.1" 200 6270 "-" "Mozilla/5.0 (compatible; YandexBot/3.0; +http://yandex.com/bots)"
98.180.220.78 - - [27/Mar/2012:18:00:21 -0700] "GET / HTTP/1.1" 200 1430 "-" "Caffeinated/1.1.1 CFNetwork/520.3.2 Darwin/11.3.0 (x86_64) (MacBookPro8%2C1)"
98.180.220.78 - - [27/Mar/2012:18:00:21 -0700] "GET /favicon.ico HTTP/1.1" 404 142 "-" "Caffeinated/1.1.1 CFNetwork/520.3.2 Darwin/11.3.0 (x86_64) (MacBookPro8%2C1)"
98.180.220.78 - - [27/Mar/2012:18:01:38 -0700] "GET / HTTP/1.1" 200 1430 "-" "Caffeinated/1.1.1 CFNetwork/520.3.2 Darwin/11.3.0 (x86_64) (MacBookPro8%2C1)"
98.180.220.78 - - [27/Mar/2012:18:01:38 -0700] "GET /favicon.ico HTTP/1.1" 404 142 "-" "Caffeinated/1.1.1 CFNetwork/520.3.2 Darwin/11.3.0 (x86_64) (MacBookPro8%2C1)"
98.180.220.78 - - [27/Mar/2012:18:02:53 -0700] "GET / HTTP/1.1" 200 1430 "-" "Caffeinated/1.1.1 CFNetwork/520.3.2 Darwin/11.3.0 (x86_64) (MacBookPro8%2C1)"
98.180.220.78 - - [27/Mar/2012:18:02:53 -0700] "GET /favicon.ico HTTP/1.1" 404 142 "-" "Caffeinated/1.1.1 CFNetwork/520.3.2 Darwin/11.3.0 (x86_64) (MacBookPro8%2C1)"
98.180.220.78 - - [27/Mar/2012:18:04:06 -0700] "GET / HTTP/1.1" 200 1430 "-" "Caffeinated/1.1.1 CFNetwork/520.3.2 Darwin/11.3.0 (x86_64) (MacBookPro8%2C1)"
98.180.220.78 - - [27/Mar/2012:18:04:06 -0700] "GET /favicon.ico HTTP/1.1" 404 142 "-" "Caffeinated/1.1.1 CFNetwork/520.3.2 Darwin/11.3.0 (x86_64) (MacBookPro8%2C1)"
111.223.128.60 - - [27/Mar/2012:18:04:36 -0700] "GET /r/1rxs HTTP/1.1" 301 257 "http://www.facebook.com/" "Mozilla/5.0 (Macintosh; Intel Mac OS X 10_6_8) AppleWebKit/534.52.7 (KHTML, like Gecko) Version/5.1.2 Safari/534.52.7"
111.223.128.60 - - [27/Mar/2012:18:04:37 -0700] "GET /s/ta/1rxs/ HTTP/1.1" 302 721 "http://www.facebook.com/" "Mozilla/5.0 (Macintosh; Intel Mac OS X 10_6_8) AppleWebKit/534.52.7 (KHTML, like Gecko) Version/5.1.2 Safari/534.52.7"
98.180.220.78 - - [27/Mar/2012:18:05:20 -0700] "GET / HTTP/1.1" 200 1430 "-" "Caffeinated/1.1.1 CFNetwork/520.3.2 Darwin/11.3.0 (x86_64) (MacBookPro8%2C1)"
98.180.220.78 - - [27/Mar/2012:18:05:20 -0700] "GET /favicon.ico HTTP/1.1" 404 142 "-" "Caffeinated/1.1.1 CFNetwork/520.3.2 Darwin/11.3.0 (x86_64) (MacBookPro8%2C1)"
85.17.88.169 - - [27/Mar/2012:18:05:52 -0700] "POST /blog/wp-cron.php?doing_wp_cron=1332896538 HTTP/1.0" 499 0 "-" "WordPress/3.3.1; http://yuvi.in/blog"
100.43.83.144 - - [27/Mar/2012:18:05:52 -0700] "GET /blog/ HTTP/1.1" 200 10128 "-" "Mozilla/5.0 (compatible; YandexBot/3.0; +http://yandex.com/bots)"
85.17.88.169 - - [27/Mar/2012:18:05:56 -0700] "POST /blog/wp-cron.php?doing_wp_cron=1332896543 HTTP/1.0" 499 0 "-" "WordPress/3.3.1; http://yuvi.in/blog"
100.43.83.144 - - [27/Mar/2012:18:05:57 -0700] "GET /blog/2011/10/ HTTP/1.1" 200 4827 "-" "Mozilla/5.0 (compatible; YandexBot/3.0; +http://yandex.com/bots)"
98.180.220.78 - - [27/Mar/2012:18:06:33 -0700] "GET / HTTP/1.1" 200 1430 "-" "Caffeinated/1.1.1 CFNetwork/520.3.2 Darwin/11.3.0 (x86_64) (MacBookPro8%2C1)"
98.180.220.78 - - [27/Mar/2012:18:06:34 -0700] "GET /favicon.ico HTTP/1.1" 404 142 "-" "Caffeinated/1.1.1 CFNetwork/520.3.2 Darwin/11.3.0 (x86_64) (MacBookPro8%2C1)"
14.96.154.177 - - [27/Mar/2012:18:06:44 -0700] "-" 400 0 "-" "-"
85.17.88.169 - - [27/Mar/2012:18:07:15 -0700] "POST /blog/wp-cron.php?doing_wp_cron=1332896621 HTTP/1.0" 499 0 "-" "WordPress/3.3.1; http://yuvi.in/blog"
72.14.199.121 - - [27/Mar/2012:18:07:15 -0700] "GET /blog/feed/ HTTP/1.1" 304 0 "-" "Feedfetcher-Google; (+http://www.google.com/feedfetcher.html; 18 subscribers; feed-id=15064232456473204253)"
98.180.220.78 - - [27/Mar/2012:18:07:54 -0700] "GET / HTTP/1.1" 200 1430 "-" "Caffeinated/1.1.1 CFNetwork/520.3.2 Darwin/11.3.0 (x86_64) (MacBookPro8%2C1)"
98.180.220.78 - - [27/Mar/2012:18:07:54 -0700] "GET /favicon.ico HTTP/1.1" 404 142 "-" "Caffeinated/1.1.1 CFNetwork/520.3.2 Darwin/11.3.0 (x86_64) (MacBookPro8%2C1)"
98.180.220.78 - - [27/Mar/2012:18:09:08 -0700] "GET / HTTP/1.1" 200 1430 "-" "Caffeinated/1.1.1 CFNetwork/520.3.2 Darwin/11.3.0 (x86_64) (MacBookPro8%2C1)"
98.180.220.78 - - [27/Mar/2012:18:09:08 -0700] "GET /favicon.ico HTTP/1.1" 404 142 "-" "Caffeinated/1.1.1 CFNetwork/520.3.2 Darwin/11.3.0 (x86_64) (MacBookPro8%2C1)"
69.171.224.251 - - [27/Mar/2012:18:09:47 -0700] "GET /r/fmf HTTP/1.1" 301 255 "-" "facebookexternalhit/1.1 (+http://www.facebook.com/externalhit_uatext.php)"
69.171.224.247 - - [27/Mar/2012:18:09:47 -0700] "GET /s/ta/fmf/ HTTP/1.1" 302 349 "-" "facebookexternalhit/1.1 (+http://www.facebook.com/externalhit_uatext.php)"
66.249.71.13 - - [27/Mar/2012:18:10:24 -0700] "GET /blog/icc-rules-for-backyard-cricket.html HTTP/1.1" 200 2135 "-" "Mozilla/5.0 (compatible; Googlebot/2.1; +http://www.google.com/bot.html)"
98.180.220.78 - - [27/Mar/2012:18:10:24 -0700] "GET / HTTP/1.1" 200 1430 "-" "Caffeinated/1.1.1 CFNetwork/520.3.2 Darwin/11.3.0 (x86_64) (MacBookPro8%2C1)"
98.180.220.78 - - [27/Mar/2012:18:10:24 -0700] "GET /favicon.ico HTTP/1.1" 404 142 "-" "Caffeinated/1.1.1 CFNetwork/520.3.2 Darwin/11.3.0 (x86_64) (MacBookPro8%2C1)"
14.96.154.177 - - [27/Mar/2012:18:11:03 -0700] "-" 400 0 "-" "-"
85.17.88.169 - - [27/Mar/2012:18:11:13 -0700] "POST /blog/wp-cron.php?doing_wp_cron=1332896859 HTTP/1.0" 499 0 "-" "WordPress/3.3.1; http://yuvi.in/blog"
109.86.225.205 - - [27/Mar/2012:18:11:15 -0700] "GET /blog/tag/reddit/ HTTP/1.0" 200 26004 "http://may3.narod.ru" "Mozilla/4.0 (compatible; MSIE 6.0; Windows ME) Opera 7.11  [en]"
14.96.154.177 - - [27/Mar/2012:18:11:33 -0700] "-" 400 0 "-" "-"
14.96.154.177 - - [27/Mar/2012:18:11:43 -0700] "-" 400 0 "-" "-"
98.180.220.78 - - [27/Mar/2012:18:11:57 -0700] "GET / HTTP/1.1" 200 1430 "-" "Caffeinated/1.1.1 CFNetwork/520.3.2 Darwin/11.3.0 (x86_64) (MacBookPro8%2C1)"
98.180.220.78 - - [27/Mar/2012:18:11:57 -0700] "GET /favicon.ico HTTP/1.1" 404 142 "-" "Caffeinated/1.1.1 CFNetwork/520.3.2 Darwin/11.3.0 (x86_64) (MacBookPro8%2C1)"
98.180.220.78 - - [27/Mar/2012:18:12:29 -0700] "GET / HTTP/1.1" 200 1430 "-" "Caffeinated/1.1.1 CFNetwork/520.3.2 Darwin/11.3.0 (x86_64) (MacBookPro8%2C1)"
98.180.220.78 - - [27/Mar/2012:18:12:29 -0700] "GET /favicon.ico HTTP/1.1" 404 142 "-" "Caffeinated/1.1.1 CFNetwork/520.3.2 Darwin/11.3.0 (x86_64) (MacBookPro8%2C1)"
98.180.220.78 - - [27/Mar/2012:18:13:22 -0700] "GET / HTTP/1.1" 200 1430 "-" "Caffeinated/1.1.1 CFNetwork/520.3.2 Darwin/11.3.0 (x86_64) (MacBookPro8%2C1)"
98.180.220.78 - - [27/Mar/2012:18:13:22 -0700] "GET /favicon.ico HTTP/1.1" 404 142 "-" "Caffeinated/1.1.1 CFNetwork/520.3.2 Darwin/11.3.0 (x86_64) (MacBookPro8%2C1)"
98.180.220.78 - - [27/Mar/2012:18:14:06 -0700] "GET / HTTP/1.1" 200 1430 "-" "Caffeinated/1.1.1 CFNetwork/520.3.2 Darwin/11.3.0 (x86_64) (MacBookPro8%2C1)"
98.180.220.78 - - [27/Mar/2012:18:14:06 -0700] "GET /favicon.ico HTTP/1.1" 404 142 "-" "Caffeinated/1.1.1 CFNetwork/520.3.2 Darwin/11.3.0 (x86_64) (MacBookPro8%2C1)"
207.46.204.170 - - [27/Mar/2012:18:14:17 -0700] "-" 400 0 "-" "-"
207.46.204.170 - - [27/Mar/2012:18:14:17 -0700] "-" 400 0 "-" "-"
207.46.204.170 - - [27/Mar/2012:18:14:17 -0700] "-" 400 0 "-" "-"
207.46.204.170 - - [27/Mar/2012:18:14:17 -0700] "-" 400 0 "-" "-"
207.46.204.170 - - [27/Mar/2012:18:14:17 -0700] "-" 400 0 "-" "-"
207.46.204.170 - - [27/Mar/2012:18:14:17 -0700] "-" 400 0 "-" "-"
207.46.204.170 - - [27/Mar/2012:18:14:18 -0700] "-" 400 0 "-" "-"
207.46.204.170 - - [27/Mar/2012:18:14:18 -0700] "-" 400 0 "-" "-"
207.46.204.170 - - [27/Mar/2012:18:14:18 -0700] "-" 400 0 "-" "-"
98.180.220.78 - - [27/Mar/2012:18:14:50 -0700] "GET / HTTP/1.1" 200 1430 "-" "Caffeinated/1.1.1 CFNetwork/520.3.2 Darwin/11.3.0 (x86_64) (MacBookPro8%2C1)"
98.180.220.78 - - [27/Mar/2012:18:14:50 -0700] "GET /favicon.ico HTTP/1.1" 404 142 "-" "Caffeinated/1.1.1 CFNetwork/520.3.2 Darwin/11.3.0 (x86_64) (MacBookPro8%2C1)"
85.17.88.169 - - [27/Mar/2012:18:15:27 -0700] "POST /blog/wp-cron.php?doing_wp_cron=1332897113 HTTP/1.0" 499 0 "-" "WordPress/3.3.1; http://yuvi.in/blog"
101.226.33.171 - - [27/Mar/2012:18:15:28 -0700] "GET /blog/feed HTTP/1.0" 304 0 "-" "Mozilla/4.0 (compatible; Windows;)"
98.180.220.78 - - [27/Mar/2012:18:15:35 -0700] "GET / HTTP/1.1" 200 1430 "-" "Caffeinated/1.1.1 CFNetwork/520.3.2 Darwin/11.3.0 (x86_64) (MacBookPro8%2C1)"
98.180.220.78 - - [27/Mar/2012:18:15:35 -0700] "GET /favicon.ico HTTP/1.1" 404 142 "-" "Caffeinated/1.1.1 CFNetwork/520.3.2 Darwin/11.3.0 (x86_64) (MacBookPro8%2C1)"
209.85.224.93 - - [27/Mar/2012:18:16:01 -0700] "GET /stories/feed HTTP/1.1" 200 13653 "-" "FeedBurner/1.0 (http://www.FeedBurner.com)"
98.180.220.78 - - [27/Mar/2012:18:16:17 -0700] "GET / HTTP/1.1" 200 1430 "-" "Caffeinated/1.1.1 CFNetwork/520.3.2 Darwin/11.3.0 (x86_64) (MacBookPro8%2C1)"
98.180.220.78 - - [27/Mar/2012:18:16:17 -0700] "GET /favicon.ico HTTP/1.1" 404 142 "-" "Caffeinated/1.1.1 CFNetwork/520.3.2 Darwin/11.3.0 (x86_64) (MacBookPro8%2C1)"
207.46.204.220 - - [27/Mar/2012:18:16:45 -0700] "-" 400 0 "-" "-"
207.46.204.220 - - [27/Mar/2012:18:16:46 -0700] "-" 400 0 "-" "-"
207.46.204.220 - - [27/Mar/2012:18:16:46 -0700] "-" 400 0 "-" "-"
207.46.204.220 - - [27/Mar/2012:18:16:46 -0700] "-" 400 0 "-" "-"
207.46.204.220 - - [27/Mar/2012:18:16:47 -0700] "-" 400 0 "-" "-"
207.46.204.220 - - [27/Mar/2012:18:16:47 -0700] "-" 400 0 "-" "-"
207.46.204.220 - - [27/Mar/2012:18:16:47 -0700] "-" 400 0 "-" "-"
207.46.204.220 - - [27/Mar/2012:18:16:47 -0700] "-" 400 0 "-" "-"
207.46.204.220 - - [27/Mar/2012:18:16:47 -0700] "-" 400 0 "-" "-"
207.46.204.220 - - [27/Mar/2012:18:16:47 -0700] "-" 400 0 "-" "-"
98.180.220.78 - - [27/Mar/2012:18:17:02 -0700] "GET / HTTP/1.1" 200 1430 "-" "Caffeinated/1.1.1 CFNetwork/520.3.2 Darwin/11.3.0 (x86_64) (MacBookPro8%2C1)"
98.180.220.78 - - [27/Mar/2012:18:17:02 -0700] "GET /favicon.ico HTTP/1.1" 404 142 "-" "Caffeinated/1.1.1 CFNetwork/520.3.2 Darwin/11.3.0 (x86_64) (MacBookPro8%2C1)"
207.46.204.220 - - [27/Mar/2012:18:17:44 -0700] "-" 400 0 "-" "-"
98.180.220.78 - - [27/Mar/2012:18:17:49 -0700] "GET / HTTP/1.1" 200 1430 "-" "Caffeinated/1.1.1 CFNetwork/520.3.2 Darwin/11.3.0 (x86_64) (MacBookPro8%2C1)"
98.180.220.78 - - [27/Mar/2012:18:17:49 -0700] "GET /favicon.ico HTTP/1.1" 404 142 "-" "Caffeinated/1.1.1 CFNetwork/520.3.2 Darwin/11.3.0 (x86_64) (MacBookPro8%2C1)"
69.171.229.249 - - [27/Mar/2012:18:18:14 -0700] "GET /r/1cvo HTTP/1.1" 301 257 "-" "facebookexternalhit/1.1 (+http://www.facebook.com/externalhit_uatext.php)"
69.171.229.251 - - [27/Mar/2012:18:18:14 -0700] "GET /s/ta/1cvo/ HTTP/1.1" 302 365 "-" "facebookexternalhit/1.1 (+http://www.facebook.com/externalhit_uatext.php)"
65.52.109.152 - - [27/Mar/2012:18:18:20 -0700] "GET /blog/gsoc-milestones-vala-build-using-autotools.html HTTP/1.1" 304 0 "-" "Mozilla/5.0 (compatible; bingbot/2.0; +http://www.bing.com/bingbot.htm)"
98.180.220.78 - - [27/Mar/2012:18:18:31 -0700] "GET / HTTP/1.1" 200 1430 "-" "Caffeinated/1.1.1 CFNetwork/520.3.2 Darwin/11.3.0 (x86_64) (MacBookPro8%2C1)"
98.180.220.78 - - [27/Mar/2012:18:18:32 -0700] "GET /favicon.ico HTTP/1.1" 404 142 "-" "Caffeinated/1.1.1 CFNetwork/520.3.2 Darwin/11.3.0 (x86_64) (MacBookPro8%2C1)"
98.180.220.78 - - [27/Mar/2012:18:19:13 -0700] "GET / HTTP/1.1" 200 1430 "-" "Caffeinated/1.1.1 CFNetwork/520.3.2 Darwin/11.3.0 (x86_64) (MacBookPro8%2C1)"
98.180.220.78 - - [27/Mar/2012:18:19:13 -0700] "GET /favicon.ico HTTP/1.1" 404 142 "-" "Caffeinated/1.1.1 CFNetwork/520.3.2 Darwin/11.3.0 (x86_64) (MacBookPro8%2C1)"
98.180.220.78 - - [27/Mar/2012:18:20:00 -0700] "GET / HTTP/1.1" 200 1430 "-" "Caffeinated/1.1.1 CFNetwork/520.3.2 Darwin/11.3.0 (x86_64) (MacBookPro8%2C1)"
98.180.220.78 - - [27/Mar/2012:18:20:00 -0700] "GET /favicon.ico HTTP/1.1" 404 142 "-" "Caffeinated/1.1.1 CFNetwork/520.3.2 Darwin/11.3.0 (x86_64) (MacBookPro8%2C1)"
98.180.220.78 - - [27/Mar/2012:18:20:59 -0700] "GET / HTTP/1.1" 200 1430 "-" "Caffeinated/1.1.1 CFNetwork/520.3.2 Darwin/11.3.0 (x86_64) (MacBookPro8%2C1)"
98.180.220.78 - - [27/Mar/2012:18:20:59 -0700] "GET /favicon.ico HTTP/1.1" 404 142 "-" "Caffeinated/1.1.1 CFNetwork/520.3.2 Darwin/11.3.0 (x86_64) (MacBookPro8%2C1)"
98.180.220.78 - - [27/Mar/2012:18:21:30 -0700] "GET / HTTP/1.1" 200 1430 "-" "Caffeinated/1.1.1 CFNetwork/520.3.2 Darwin/11.3.0 (x86_64) (MacBookPro8%2C1)"
98.180.220.78 - - [27/Mar/2012:18:21:30 -0700] "GET /favicon.ico HTTP/1.1" 404 142 "-" "Caffeinated/1.1.1 CFNetwork/520.3.2 Darwin/11.3.0 (x86_64) (MacBookPro8%2C1)"
98.180.220.78 - - [27/Mar/2012:18:22:27 -0700] "GET / HTTP/1.1" 200 1430 "-" "Caffeinated/1.1.1 CFNetwork/520.3.2 Darwin/11.3.0 (x86_64) (MacBookPro8%2C1)"
98.180.220.78 - - [27/Mar/2012:18:22:27 -0700] "GET /favicon.ico HTTP/1.1" 404 142 "-" "Caffeinated/1.1.1 CFNetwork/520.3.2 Darwin/11.3.0 (x86_64) (MacBookPro8%2C1)"
85.17.88.169 - - [27/Mar/2012:18:22:54 -0700] "POST /blog/wp-cron.php?doing_wp_cron=1332897560 HTTP/1.0" 499 0 "-" "WordPress/3.3.1; http://yuvi.in/blog"
209.85.224.82 - - [27/Mar/2012:18:22:54 -0700] "GET /blog/feed HTTP/1.1" 304 0 "-" "FeedBurner/1.0 (http://www.FeedBurner.com)"
98.180.220.78 - - [27/Mar/2012:18:23:02 -0700] "GET / HTTP/1.1" 200 1430 "-" "Caffeinated/1.1.1 CFNetwork/520.3.2 Darwin/11.3.0 (x86_64) (MacBookPro8%2C1)"
98.180.220.78 - - [27/Mar/2012:18:23:02 -0700] "GET /favicon.ico HTTP/1.1" 404 142 "-" "Caffeinated/1.1.1 CFNetwork/520.3.2 Darwin/11.3.0 (x86_64) (MacBookPro8%2C1)"
85.17.88.169 - - [27/Mar/2012:18:23:12 -0700] "POST /blog/wp-cron.php?doing_wp_cron=1332897578 HTTP/1.0" 499 0 "-" "WordPress/3.3.1; http://yuvi.in/blog"
100.43.83.144 - - [27/Mar/2012:18:23:12 -0700] "GET /blog/category/code/ HTTP/1.1" 200 12265 "-" "Mozilla/5.0 (compatible; YandexBot/3.0; +http://yandex.com/bots)"
98.180.220.78 - - [27/Mar/2012:18:24:01 -0700] "GET / HTTP/1.1" 200 1430 "-" "Caffeinated/1.1.1 CFNetwork/520.3.2 Darwin/11.3.0 (x86_64) (MacBookPro8%2C1)"
98.180.220.78 - - [27/Mar/2012:18:24:01 -0700] "GET /favicon.ico HTTP/1.1" 404 142 "-" "Caffeinated/1.1.1 CFNetwork/520.3.2 Darwin/11.3.0 (x86_64) (MacBookPro8%2C1)"
141.0.9.15 - - [27/Mar/2012:18:24:11 -0700] "GET /r/1rxs HTTP/1.1" 301 257 "http://m.facebook.com/?_rdr" "Opera/9.80 (J2ME/MIDP; Opera Mini/4.4.28684/27.1366; U; en) Presto/2.8.119 Version/11.10"
141.0.9.15 - - [27/Mar/2012:18:24:11 -0700] "GET /s/ta/1rxs/ HTTP/1.1" 302 721 "http://m.facebook.com/?_rdr" "Opera/9.80 (J2ME/MIDP; Opera Mini/4.4.28684/27.1366; U; en) Presto/2.8.119 Version/11.10"
85.17.88.169 - - [27/Mar/2012:18:24:14 -0700] "POST /blog/wp-cron.php?doing_wp_cron=1332897640 HTTP/1.0" 499 0 "-" "WordPress/3.3.1; http://yuvi.in/blog"
174.129.174.142 - - [27/Mar/2012:18:24:14 -0700] "GET /blog/sleepsort-4chan/ HTTP/1.1" 200 4446 "-" "Mozilla/5.0 (Macintosh; U; Intel Mac OS X 10.6; en-US; rv:1.9.2) Gecko/20100115 Firefox/3.6 (FlipboardProxy/1.1; +http://flipboard.com/browserproxy)"
85.17.88.169 - - [27/Mar/2012:18:24:21 -0700] "POST /blog/wp-cron.php?doing_wp_cron=1332897647 HTTP/1.0" 499 0 "-" "WordPress/3.3.1; http://yuvi.in/blog"
100.43.83.144 - - [27/Mar/2012:18:24:21 -0700] "GET /blog/tag/rant/ HTTP/1.1" 200 10917 "-" "Mozilla/5.0 (compatible; YandexBot/3.0; +http://yandex.com/bots)"
98.180.220.78 - - [27/Mar/2012:18:24:48 -0700] "GET / HTTP/1.1" 200 1430 "-" "Caffeinated/1.1.1 CFNetwork/520.3.2 Darwin/11.3.0 (x86_64) (MacBookPro8%2C1)"
98.180.220.78 - - [27/Mar/2012:18:24:48 -0700] "GET /favicon.ico HTTP/1.1" 404 142 "-" "Caffeinated/1.1.1 CFNetwork/520.3.2 Darwin/11.3.0 (x86_64) (MacBookPro8%2C1)"
85.17.88.169 - - [27/Mar/2012:18:25:14 -0700] "POST /blog/wp-cron.php?doing_wp_cron=1332897700 HTTP/1.0" 499 0 "-" "WordPress/3.3.1; http://yuvi.in/blog"
100.43.83.144 - - [27/Mar/2012:18:25:14 -0700] "GET /blog/2010/03/ HTTP/1.1" 200 7208 "-" "Mozilla/5.0 (compatible; YandexBot/3.0; +http://yandex.com/bots)"
98.180.220.78 - - [27/Mar/2012:18:25:32 -0700] "GET / HTTP/1.1" 200 1430 "-" "Caffeinated/1.1.1 CFNetwork/520.3.2 Darwin/11.3.0 (x86_64) (MacBookPro8%2C1)"
98.180.220.78 - - [27/Mar/2012:18:25:32 -0700] "GET /favicon.ico HTTP/1.1" 404 142 "-" "Caffeinated/1.1.1 CFNetwork/520.3.2 Darwin/11.3.0 (x86_64) (MacBookPro8%2C1)"
85.17.88.169 - - [27/Mar/2012:18:25:35 -0700] "POST /blog/wp-cron.php?doing_wp_cron=1332897721 HTTP/1.0" 499 0 "-" "WordPress/3.3.1; http://yuvi.in/blog"
100.43.83.144 - - [27/Mar/2012:18:25:35 -0700] "GET /blog/2011/05/ HTTP/1.1" 200 8920 "-" "Mozilla/5.0 (compatible; YandexBot/3.0; +http://yandex.com/bots)"
98.180.220.78 - - [27/Mar/2012:18:26:15 -0700] "GET / HTTP/1.1" 200 1430 "-" "Caffeinated/1.1.1 CFNetwork/520.3.2 Darwin/11.3.0 (x86_64) (MacBookPro8%2C1)"
98.180.220.78 - - [27/Mar/2012:18:26:15 -0700] "GET /favicon.ico HTTP/1.1" 404 142 "-" "Caffeinated/1.1.1 CFNetwork/520.3.2 Darwin/11.3.0 (x86_64) (MacBookPro8%2C1)"
140.180.30.140 - - [27/Mar/2012:18:26:37 -0700] "GET /favicon.ico HTTP/1.1" 404 199 "http://prashanth-kamle.blogspot.com/2009/10/ants-in-my-laptop-ii.html" "Mozilla/5.0 (Windows NT 6.1; WOW64) AppleWebKit/535.11 (KHTML, like Gecko) Chrome/17.0.963.83 Safari/535.11"
140.180.30.140 - - [27/Mar/2012:18:26:40 -0700] "GET /favicon.ico HTTP/1.1" 404 199 "http://prashanth-kamle.blogspot.com/2009/10/ants-in-my-laptop-ii.html" "Mozilla/5.0 (Windows NT 6.1; WOW64) AppleWebKit/535.11 (KHTML, like Gecko) Chrome/17.0.963.83 Safari/535.11"
140.180.30.140 - - [27/Mar/2012:18:27:00 -0700] "GET /favicon.ico HTTP/1.1" 404 199 "http://prashanth-kamle.blogspot.com/2009/10/ants-in-my-laptop-ii.html" "Mozilla/5.0 (Windows NT 6.1; WOW64) AppleWebKit/535.11 (KHTML, like Gecko) Chrome/17.0.963.83 Safari/535.11"
98.180.220.78 - - [27/Mar/2012:18:27:00 -0700] "GET / HTTP/1.1" 200 1430 "-" "Caffeinated/1.1.1 CFNetwork/520.3.2 Darwin/11.3.0 (x86_64) (MacBookPro8%2C1)"
98.180.220.78 - - [27/Mar/2012:18:27:00 -0700] "GET /favicon.ico HTTP/1.1" 404 142 "-" "Caffeinated/1.1.1 CFNetwork/520.3.2 Darwin/11.3.0 (x86_64) (MacBookPro8%2C1)"
69.171.234.3 - - [27/Mar/2012:18:27:21 -0700] "GET /r/1grd HTTP/1.1" 301 257 "-" "facebookexternalhit/1.1 (+http://www.facebook.com/externalhit_uatext.php)"
69.171.234.7 - - [27/Mar/2012:18:27:21 -0700] "GET /s/ta/1grd/ HTTP/1.1" 302 449 "-" "facebookexternalhit/1.1 (+http://www.facebook.com/externalhit_uatext.php)"
98.180.220.78 - - [27/Mar/2012:18:27:45 -0700] "GET / HTTP/1.1" 200 1430 "-" "Caffeinated/1.1.1 CFNetwork/520.3.2 Darwin/11.3.0 (x86_64) (MacBookPro8%2C1)"
98.180.220.78 - - [27/Mar/2012:18:27:45 -0700] "GET /favicon.ico HTTP/1.1" 404 142 "-" "Caffeinated/1.1.1 CFNetwork/520.3.2 Darwin/11.3.0 (x86_64) (MacBookPro8%2C1)"
98.180.220.78 - - [27/Mar/2012:18:28:33 -0700] "GET / HTTP/1.1" 200 1430 "-" "Caffeinated/1.1.1 CFNetwork/520.3.2 Darwin/11.3.0 (x86_64) (MacBookPro8%2C1)"
98.180.220.78 - - [27/Mar/2012:18:28:33 -0700] "GET /favicon.ico HTTP/1.1" 404 142 "-" "Caffeinated/1.1.1 CFNetwork/520.3.2 Darwin/11.3.0 (x86_64) (MacBookPro8%2C1)"
85.17.88.169 - - [27/Mar/2012:18:28:34 -0700] "POST /blog/wp-cron.php?doing_wp_cron=1332897900 HTTP/1.0" 499 0 "-" "WordPress/3.3.1; http://yuvi.in/blog"
100.43.83.144 - - [27/Mar/2012:18:28:35 -0700] "GET /blog/devlog-december-11-2011/ HTTP/1.1" 200 4638 "-" "Mozilla/5.0 (compatible; YandexBot/3.0; +http://yandex.com/bots)"
123.238.108.49 - - [27/Mar/2012:18:28:37 -0700] "-" 400 0 "-" "-"
123.238.108.49 - - [27/Mar/2012:18:28:37 -0700] "-" 400 0 "-" "-"
123.238.108.49 - - [27/Mar/2012:18:28:37 -0700] "-" 400 0 "-" "-"
123.238.108.49 - - [27/Mar/2012:18:28:37 -0700] "-" 400 0 "-" "-"
123.238.108.49 - - [27/Mar/2012:18:28:37 -0700] "-" 400 0 "-" "-"
85.17.88.169 - - [27/Mar/2012:18:29:05 -0700] "POST /blog/wp-cron.php?doing_wp_cron=1332897931 HTTP/1.0" 499 0 "-" "WordPress/3.3.1; http://yuvi.in/blog"
100.43.83.144 - - [27/Mar/2012:18:29:05 -0700] "GET /blog/2011/01/ HTTP/1.1" 200 7831 "-" "Mozilla/5.0 (compatible; YandexBot/3.0; +http://yandex.com/bots)"
98.180.220.78 - - [27/Mar/2012:18:29:14 -0700] "GET / HTTP/1.1" 200 1430 "-" "Caffeinated/1.1.1 CFNetwork/520.3.2 Darwin/11.3.0 (x86_64) (MacBookPro8%2C1)"
98.180.220.78 - - [27/Mar/2012:18:29:14 -0700] "GET /favicon.ico HTTP/1.1" 404 142 "-" "Caffeinated/1.1.1 CFNetwork/520.3.2 Darwin/11.3.0 (x86_64) (MacBookPro8%2C1)"
69.171.229.245 - - [27/Mar/2012:18:29:43 -0700] "GET /r/7gb HTTP/1.1" 301 255 "-" "facebookexternalhit/1.1 (+http://www.facebook.com/externalhit_uatext.php)"
69.171.229.246 - - [27/Mar/2012:18:29:43 -0700] "GET /s/ta/7gb/ HTTP/1.1" 302 497 "-" "facebookexternalhit/1.1 (+http://www.facebook.com/externalhit_uatext.php)"
98.180.220.78 - - [27/Mar/2012:18:30:08 -0700] "GET / HTTP/1.1" 200 1430 "-" "Caffeinated/1.1.1 CFNetwork/520.3.2 Darwin/11.3.0 (x86_64) (MacBookPro8%2C1)"
98.180.220.78 - - [27/Mar/2012:18:30:09 -0700] "GET /favicon.ico HTTP/1.1" 404 142 "-" "Caffeinated/1.1.1 CFNetwork/520.3.2 Darwin/11.3.0 (x86_64) (MacBookPro8%2C1)"
67.215.230.28 - - [27/Mar/2012:18:30:23 -0700] "GET /robots.txt HTTP/1.0" 404 169 "-" "Setooz/Nutch-1.2 (http://www.setooz.com)"
67.215.230.28 - - [27/Mar/2012:18:30:23 -0700] "GET /stories HTTP/1.0" 301 185 "-" "Setooz/Nutch-1.2 (http://www.setooz.com)"
85.17.88.169 - - [27/Mar/2012:18:30:26 -0700] "POST /blog/wp-cron.php?doing_wp_cron=1332898012 HTTP/1.0" 499 0 "-" "WordPress/3.3.1; http://yuvi.in/blog"
72.14.199.121 - - [27/Mar/2012:18:30:27 -0700] "GET /blog/feed HTTP/1.1" 301 0 "-" "Feedfetcher-Google; (+http://www.google.com/feedfetcher.html; 3 subscribers; feed-id=17684830852112633560)"
85.17.88.169 - - [27/Mar/2012:18:30:28 -0700] "POST /blog/wp-cron.php?doing_wp_cron=1332898015 HTTP/1.0" 499 0 "-" "WordPress/3.3.1; http://yuvi.in/blog"
72.14.199.121 - - [27/Mar/2012:18:30:29 -0700] "GET /blog/feed/ HTTP/1.1" 304 0 "-" "Feedfetcher-Google; (+http://www.google.com/feedfetcher.html; 3 subscribers; feed-id=17684830852112633560)"
67.215.230.26 - - [27/Mar/2012:18:30:35 -0700] "GET /robots.txt HTTP/1.0" 404 169 "-" "Setooz/Nutch-1.2 (http://www.setooz.com)"
67.215.230.26 - - [27/Mar/2012:18:30:35 -0700] "GET / HTTP/1.0" 200 3439 "-" "Setooz/Nutch-1.2 (http://www.setooz.com)"
98.180.220.78 - - [27/Mar/2012:18:30:45 -0700] "GET / HTTP/1.1" 200 1430 "-" "Caffeinated/1.1.1 CFNetwork/520.3.2 Darwin/11.3.0 (x86_64) (MacBookPro8%2C1)"
98.180.220.78 - - [27/Mar/2012:18:30:45 -0700] "GET /favicon.ico HTTP/1.1" 404 142 "-" "Caffeinated/1.1.1 CFNetwork/520.3.2 Darwin/11.3.0 (x86_64) (MacBookPro8%2C1)"
98.180.220.78 - - [27/Mar/2012:18:31:38 -0700] "GET / HTTP/1.1" 200 1430 "-" "Caffeinated/1.1.1 CFNetwork/520.3.2 Darwin/11.3.0 (x86_64) (MacBookPro8%2C1)"
98.180.220.78 - - [27/Mar/2012:18:31:38 -0700] "GET /favicon.ico HTTP/1.1" 404 142 "-" "Caffeinated/1.1.1 CFNetwork/520.3.2 Darwin/11.3.0 (x86_64) (MacBookPro8%2C1)"
85.17.88.169 - - [27/Mar/2012:18:31:47 -0700] "POST /blog/wp-cron.php?doing_wp_cron=1332898093 HTTP/1.0" 499 0 "-" "WordPress/3.3.1; http://yuvi.in/blog"
100.43.83.144 - - [27/Mar/2012:18:31:48 -0700] "GET /blog/tag/bigotry/ HTTP/1.1" 200 4981 "-" "Mozilla/5.0 (compatible; YandexBot/3.0; +http://yandex.com/bots)"
98.180.220.78 - - [27/Mar/2012:18:32:10 -0700] "GET / HTTP/1.1" 200 1430 "-" "Caffeinated/1.1.1 CFNetwork/520.3.2 Darwin/11.3.0 (x86_64) (MacBookPro8%2C1)"
98.180.220.78 - - [27/Mar/2012:18:32:10 -0700] "GET /favicon.ico HTTP/1.1" 404 142 "-" "Caffeinated/1.1.1 CFNetwork/520.3.2 Darwin/11.3.0 (x86_64) (MacBookPro8%2C1)"
98.180.220.78 - - [27/Mar/2012:18:33:07 -0700] "GET / HTTP/1.1" 200 1430 "-" "Caffeinated/1.1.1 CFNetwork/520.3.2 Darwin/11.3.0 (x86_64) (MacBookPro8%2C1)"
98.180.220.78 - - [27/Mar/2012:18:33:07 -0700] "GET /favicon.ico HTTP/1.1" 404 142 "-" "Caffeinated/1.1.1 CFNetwork/520.3.2 Darwin/11.3.0 (x86_64) (MacBookPro8%2C1)"
98.180.220.78 - - [27/Mar/2012:18:33:40 -0700] "GET / HTTP/1.1" 200 1430 "-" "Caffeinated/1.1.1 CFNetwork/520.3.2 Darwin/11.3.0 (x86_64) (MacBookPro8%2C1)"
98.180.220.78 - - [27/Mar/2012:18:33:40 -0700] "GET /favicon.ico HTTP/1.1" 404 142 "-" "Caffeinated/1.1.1 CFNetwork/520.3.2 Darwin/11.3.0 (x86_64) (MacBookPro8%2C1)"
