94.23.42.135 - - [21/Apr/2012:12:28:13 -0700] "GET /blog/temptations HTTP/1.0" 301 0 "-" "Mozilla/5.0 (compatible; MJ12bot/v1.4.2; http://www.majestic12.co.uk/bot.php?+)"
85.17.88.169 - - [21/Apr/2012:12:28:16 -0700] "POST /blog/wp-cron.php?doing_wp_cron=1335036085 HTTP/1.0" 499 0 "-" "WordPress/3.3.1; http://yuvi.in/blog"
94.23.42.135 - - [21/Apr/2012:12:28:17 -0700] "GET /blog/temptations/ HTTP/1.0" 200 17169 "-" "Mozilla/5.0 (compatible; MJ12bot/v1.4.2; http://www.majestic12.co.uk/bot.php?+)"
85.17.88.169 - - [21/Apr/2012:12:29:56 -0700] "POST /blog/wp-cron.php?doing_wp_cron=1335036184 HTTP/1.0" 499 0 "-" "WordPress/3.3.1; http://yuvi.in/blog"
101.226.33.188 - - [21/Apr/2012:12:29:56 -0700] "GET /blog/feed HTTP/1.0" 304 0 "-" "Mozilla/4.0 (compatible; Windows;)"
59.92.86.114 - - [21/Apr/2012:12:31:06 -0700] "-" 400 0 "-" "-"
59.92.86.114 - - [21/Apr/2012:12:31:06 -0700] "-" 400 0 "-" "-"
59.92.86.114 - - [21/Apr/2012:12:31:06 -0700] "-" 400 0 "-" "-"
59.92.86.114 - - [21/Apr/2012:12:31:06 -0700] "-" 400 0 "-" "-"
100.43.83.144 - - [21/Apr/2012:12:32:52 -0700] "GET /railway_photo_ruling.pdf HTTP/1.1" 404 142 "-" "Mozilla/5.0 (compatible; YandexBot/3.0; +http://yandex.com/bots)"
65.52.111.243 - - [21/Apr/2012:12:33:06 -0700] "-" 400 0 "-" "-"
65.52.111.243 - - [21/Apr/2012:12:33:06 -0700] "-" 400 0 "-" "-"
65.52.111.243 - - [21/Apr/2012:12:33:06 -0700] "-" 400 0 "-" "-"
65.52.111.243 - - [21/Apr/2012:12:33:07 -0700] "-" 400 0 "-" "-"
65.52.111.243 - - [21/Apr/2012:12:33:07 -0700] "-" 400 0 "-" "-"
65.52.111.243 - - [21/Apr/2012:12:33:07 -0700] "-" 400 0 "-" "-"
65.52.111.243 - - [21/Apr/2012:12:33:07 -0700] "-" 400 0 "-" "-"
65.52.111.243 - - [21/Apr/2012:12:33:07 -0700] "-" 400 0 "-" "-"
65.52.111.243 - - [21/Apr/2012:12:33:07 -0700] "-" 400 0 "-" "-"
65.52.111.243 - - [21/Apr/2012:12:33:07 -0700] "-" 400 0 "-" "-"
65.52.111.243 - - [21/Apr/2012:12:33:07 -0700] "-" 400 0 "-" "-"
85.17.88.169 - - [21/Apr/2012:12:36:25 -0700] "POST /blog/wp-cron.php?doing_wp_cron=1335036573 HTTP/1.0" 499 0 "-" "WordPress/3.3.1; http://yuvi.in/blog"
66.135.57.47 - - [21/Apr/2012:12:36:25 -0700] "GET /blog/my-vimrc/ HTTP/1.0" 200 16009 "-" "Mozilla/5.0 (Windows; U; Windows NT 5.1; rv:1.7.3) Gecko/20041001 Firefox/0.10.1"
85.17.88.169 - - [21/Apr/2012:12:36:29 -0700] "POST /blog/wp-cron.php?doing_wp_cron=1335036577 HTTP/1.0" 499 0 "-" "WordPress/3.3.1; http://yuvi.in/blog"
66.135.57.47 - - [21/Apr/2012:12:36:29 -0700] "GET /blog/college-drop/ HTTP/1.0" 200 18395 "-" "Mozilla/5.0 (Windows; U; Windows NT 5.1; rv:1.7.3) Gecko/20041001 Firefox/0.10.1"
85.17.88.169 - - [21/Apr/2012:12:36:33 -0700] "POST /blog/wp-cron.php?doing_wp_cron=1335036581 HTTP/1.0" 499 0 "-" "WordPress/3.3.1; http://yuvi.in/blog"
66.135.57.47 - - [21/Apr/2012:12:36:33 -0700] "GET /blog/passing-headers-proxying-nginx/ HTTP/1.0" 200 16690 "-" "Mozilla/5.0 (Windows; U; Windows NT 5.1; rv:1.7.3) Gecko/20041001 Firefox/0.10.1"
85.17.88.169 - - [21/Apr/2012:12:36:36 -0700] "POST /blog/wp-cron.php?doing_wp_cron=1335036584 HTTP/1.0" 499 0 "-" "WordPress/3.3.1; http://yuvi.in/blog"
66.135.57.47 - - [21/Apr/2012:12:36:36 -0700] "GET /blog/program/ HTTP/1.0" 200 27214 "-" "Mozilla/5.0 (Windows; U; Windows NT 5.1; rv:1.7.3) Gecko/20041001 Firefox/0.10.1"
85.17.88.169 - - [21/Apr/2012:12:36:39 -0700] "POST /blog/wp-cron.php?doing_wp_cron=1335036588 HTTP/1.0" 499 0 "-" "WordPress/3.3.1; http://yuvi.in/blog"
66.135.57.47 - - [21/Apr/2012:12:36:40 -0700] "GET /blog/devlog-december-26-2011/ HTTP/1.0" 200 16694 "-" "Mozilla/5.0 (Windows; U; Windows NT 5.1; rv:1.7.3) Gecko/20041001 Firefox/0.10.1"
85.17.88.169 - - [21/Apr/2012:12:36:43 -0700] "POST /blog/wp-cron.php?doing_wp_cron=1335036591 HTTP/1.0" 499 0 "-" "WordPress/3.3.1; http://yuvi.in/blog"
66.135.57.47 - - [21/Apr/2012:12:36:43 -0700] "GET /blog/devlog-december-23-2011/ HTTP/1.0" 200 16517 "-" "Mozilla/5.0 (Windows; U; Windows NT 5.1; rv:1.7.3) Gecko/20041001 Firefox/0.10.1"
85.17.88.169 - - [21/Apr/2012:12:36:46 -0700] "POST /blog/wp-cron.php?doing_wp_cron=1335036595 HTTP/1.0" 499 0 "-" "WordPress/3.3.1; http://yuvi.in/blog"
66.135.57.47 - - [21/Apr/2012:12:36:47 -0700] "GET /blog/devlog-december-21-2011/ HTTP/1.0" 200 17121 "-" "Mozilla/5.0 (Windows; U; Windows NT 5.1; rv:1.7.3) Gecko/20041001 Firefox/0.10.1"
85.17.88.169 - - [21/Apr/2012:12:36:49 -0700] "POST /blog/wp-cron.php?doing_wp_cron=1335036598 HTTP/1.0" 499 0 "-" "WordPress/3.3.1; http://yuvi.in/blog"
66.135.57.47 - - [21/Apr/2012:12:36:50 -0700] "GET /blog/devlog-december-11-2011/ HTTP/1.0" 200 16592 "-" "Mozilla/5.0 (Windows; U; Windows NT 5.1; rv:1.7.3) Gecko/20041001 Firefox/0.10.1"
85.17.88.169 - - [21/Apr/2012:12:36:53 -0700] "POST /blog/wp-cron.php?doing_wp_cron=1335036601 HTTP/1.0" 499 0 "-" "WordPress/3.3.1; http://yuvi.in/blog"
66.135.57.47 - - [21/Apr/2012:12:36:53 -0700] "GET /blog/devlog-december-10-2011/ HTTP/1.0" 200 16387 "-" "Mozilla/5.0 (Windows; U; Windows NT 5.1; rv:1.7.3) Gecko/20041001 Firefox/0.10.1"
85.17.88.169 - - [21/Apr/2012:12:36:57 -0700] "POST /blog/wp-cron.php?doing_wp_cron=1335036605 HTTP/1.0" 499 0 "-" "WordPress/3.3.1; http://yuvi.in/blog"
66.135.57.47 - - [21/Apr/2012:12:36:57 -0700] "GET /blog/devlog-december-7-2011/ HTTP/1.0" 200 16833 "-" "Mozilla/5.0 (Windows; U; Windows NT 5.1; rv:1.7.3) Gecko/20041001 Firefox/0.10.1"
66.220.147.247 - - [21/Apr/2012:12:42:30 -0700] "GET /r/1qjc HTTP/1.1" 301 257 "-" "facebookexternalhit/1.1 (+http://www.facebook.com/externalhit_uatext.php)"
66.220.147.247 - - [21/Apr/2012:12:42:30 -0700] "GET /s/ta/1qjc/ HTTP/1.1" 302 361 "-" "facebookexternalhit/1.1 (+http://www.facebook.com/externalhit_uatext.php)"
122.178.211.86 - - [21/Apr/2012:12:43:07 -0700] "GET / HTTP/1.1" 200 1430 "-" "Reeder/1010.69.00 CFNetwork/520.3.2 Darwin/11.3.0 (x86_64) (iMac12%2C1)"
122.178.211.86 - - [21/Apr/2012:12:43:07 -0700] "GET /favicon.ico HTTP/1.1" 404 142 "-" "Reeder/1010.69.00 CFNetwork/520.3.2 Darwin/11.3.0 (x86_64) (iMac12%2C1)"
122.178.211.86 - - [21/Apr/2012:12:43:07 -0700] "GET / HTTP/1.1" 200 1430 "-" "Reeder/1010.69.00 CFNetwork/520.3.2 Darwin/11.3.0 (x86_64) (iMac12%2C1)"
122.178.211.86 - - [21/Apr/2012:12:43:08 -0700] "GET /apple-touch-icon.png HTTP/1.1" 404 142 "-" "Reeder/1010.69.00 CFNetwork/520.3.2 Darwin/11.3.0 (x86_64) (iMac12%2C1)"
122.178.211.86 - - [21/Apr/2012:12:43:08 -0700] "GET /apple-touch-icon-precomposed.png HTTP/1.1" 404 142 "-" "Reeder/1010.69.00 CFNetwork/520.3.2 Darwin/11.3.0 (x86_64) (iMac12%2C1)"
209.85.144.95 - - [21/Apr/2012:12:43:21 -0700] "GET /stories/feed HTTP/1.1" 200 13653 "-" "FeedBurner/1.0 (http://www.FeedBurner.com)"
180.76.5.107 - - [21/Apr/2012:12:45:37 -0700] "GET / HTTP/1.1" 304 0 "-" "Mozilla/5.0 (compatible; Baiduspider/2.0; +http://www.baidu.com/search/spider.html)"
85.17.88.169 - - [21/Apr/2012:12:47:10 -0700] "POST /blog/wp-cron.php?doing_wp_cron=1335037219 HTTP/1.0" 499 0 "-" "WordPress/3.3.1; http://yuvi.in/blog"
209.85.224.95 - - [21/Apr/2012:12:47:11 -0700] "GET /blog/feed HTTP/1.1" 304 0 "-" "FeedBurner/1.0 (http://www.FeedBurner.com)"
85.17.88.169 - - [21/Apr/2012:12:49:56 -0700] "POST /blog/wp-cron.php?doing_wp_cron=1335037384 HTTP/1.0" 499 0 "-" "WordPress/3.3.1; http://yuvi.in/blog"
209.85.238.182 - - [21/Apr/2012:12:49:56 -0700] "GET /blog/feed/ HTTP/1.1" 304 0 "-" "Feedfetcher-Google; (+http://www.google.com/feedfetcher.html; 19 subscribers; feed-id=15064232456473204253)"
207.46.193.48 - - [21/Apr/2012:12:50:03 -0700] "-" 400 0 "-" "-"
207.46.193.48 - - [21/Apr/2012:12:50:03 -0700] "-" 400 0 "-" "-"
207.46.193.48 - - [21/Apr/2012:12:50:03 -0700] "-" 400 0 "-" "-"
207.46.193.48 - - [21/Apr/2012:12:50:04 -0700] "-" 400 0 "-" "-"
207.46.193.48 - - [21/Apr/2012:12:50:04 -0700] "-" 400 0 "-" "-"
207.46.193.48 - - [21/Apr/2012:12:50:05 -0700] "-" 400 0 "-" "-"
207.46.193.48 - - [21/Apr/2012:12:50:05 -0700] "-" 400 0 "-" "-"
207.46.193.48 - - [21/Apr/2012:12:50:06 -0700] "-" 400 0 "-" "-"
207.46.193.48 - - [21/Apr/2012:12:50:06 -0700] "-" 400 0 "-" "-"
69.171.234.0 - - [21/Apr/2012:12:50:31 -0700] "GET /r/1nvz HTTP/1.1" 301 257 "-" "facebookexternalhit/1.1 (+http://www.facebook.com/externalhit_uatext.php)"
69.171.234.7 - - [21/Apr/2012:12:50:31 -0700] "GET /s/ta/1nvz/ HTTP/1.1" 302 365 "-" "facebookexternalhit/1.1 (+http://www.facebook.com/externalhit_uatext.php)"
94.228.34.209 - - [21/Apr/2012:12:52:51 -0700] "GET /blog/serendipity.html HTTP/1.1" 304 0 "-" "magpie-crawler/1.1 (U; Linux amd64; en-GB; +http://www.brandwatch.net)"
65.52.111.215 - - [21/Apr/2012:12:54:03 -0700] "-" 400 0 "-" "-"
65.52.111.215 - - [21/Apr/2012:12:54:03 -0700] "-" 400 0 "-" "-"
65.52.111.215 - - [21/Apr/2012:12:54:03 -0700] "-" 400 0 "-" "-"
65.52.111.215 - - [21/Apr/2012:12:54:03 -0700] "-" 400 0 "-" "-"
65.52.111.215 - - [21/Apr/2012:12:54:04 -0700] "-" 400 0 "-" "-"
65.52.111.215 - - [21/Apr/2012:12:54:04 -0700] "-" 400 0 "-" "-"
65.52.111.215 - - [21/Apr/2012:12:54:04 -0700] "-" 400 0 "-" "-"
65.52.111.215 - - [21/Apr/2012:12:54:04 -0700] "-" 400 0 "-" "-"
65.52.111.215 - - [21/Apr/2012:12:54:04 -0700] "-" 400 0 "-" "-"
65.52.111.215 - - [21/Apr/2012:12:54:04 -0700] "-" 400 0 "-" "-"
180.76.5.185 - - [21/Apr/2012:13:01:04 -0700] "GET /blog/samsung-n210-review.html HTTP/1.1" 200 3293 "-" "Mozilla/5.0 (compatible; Baiduspider/2.0; +http://www.baidu.com/search/spider.html)"
117.193.142.243 - - [21/Apr/2012:13:03:11 -0700] "GET /r/mv9 HTTP/1.1" 301 255 "http://ta.wikipedia.org/wiki/%E0%AE%87%E0%AE%B0%E0%AE%B5%E0%AE%BF%E0%AE%B2%E0%AF%8D_%E0%AE%AE%E0%AE%A3%E0%AE%BF_%E0%AE%85%E0%AE%B1%E0%AE%BF%E0%AE%A4%E0%AE%B2%E0%AF%8D:_%E0%AE%A4%E0%AE%AE%E0%AE%BF%E0%AE%B4%E0%AE%BF%E0%AE%B2%E0%AF%8D_%E0%AE%92%E0%AE%B1%E0%AF%8D%E0%AE%B1%E0%AF%88%E0%AE%AA%E0%AF%8D%E0%AE%AA%E0%AE%BE%E0%AE%9F%E0%AE%B2%E0%AF%8D" "Mozilla/5.0 (Windows NT 6.1; rv:11.0) Gecko/20100101 Firefox/11.0"
117.193.142.243 - - [21/Apr/2012:13:03:12 -0700] "GET /s/ta/mv9/ HTTP/1.1" 302 691 "http://ta.wikipedia.org/wiki/%E0%AE%87%E0%AE%B0%E0%AE%B5%E0%AE%BF%E0%AE%B2%E0%AF%8D_%E0%AE%AE%E0%AE%A3%E0%AE%BF_%E0%AE%85%E0%AE%B1%E0%AE%BF%E0%AE%A4%E0%AE%B2%E0%AF%8D:_%E0%AE%A4%E0%AE%AE%E0%AE%BF%E0%AE%B4%E0%AE%BF%E0%AE%B2%E0%AF%8D_%E0%AE%92%E0%AE%B1%E0%AF%8D%E0%AE%B1%E0%AF%88%E0%AE%AA%E0%AF%8D%E0%AE%AA%E0%AE%BE%E0%AE%9F%E0%AE%B2%E0%AF%8D" "Mozilla/5.0 (Windows NT 6.1; rv:11.0) Gecko/20100101 Firefox/11.0"
117.193.142.243 - - [21/Apr/2012:13:03:17 -0700] "-" 400 0 "-" "-"
176.31.247.216 - - [21/Apr/2012:13:11:09 -0700] "GET /robots.txt HTTP/1.0" 404 169 "-" "Mozilla/5.0 (compatible; MJ12bot/v1.4.2; http://www.majestic12.co.uk/bot.php?+)"
176.31.247.216 - - [21/Apr/2012:13:11:11 -0700] "GET /blog/cheese-2-31-1-released.html HTTP/1.0" 200 10050 "-" "Mozilla/5.0 (compatible; MJ12bot/v1.4.2; http://www.majestic12.co.uk/bot.php?+)"
176.31.247.216 - - [21/Apr/2012:13:11:13 -0700] "GET /blog/cheese-gsoc-report-week-1.html HTTP/1.0" 200 6741 "-" "Mozilla/5.0 (compatible; MJ12bot/v1.4.2; http://www.majestic12.co.uk/bot.php?+)"
176.31.247.216 - - [21/Apr/2012:13:11:15 -0700] "GET /blog/running-archlinux.html HTTP/1.0" 200 6760 "-" "Mozilla/5.0 (compatible; MJ12bot/v1.4.2; http://www.majestic12.co.uk/bot.php?+)"
176.31.247.216 - - [21/Apr/2012:13:11:17 -0700] "GET /blog/samsung-n210-review.html HTTP/1.0" 200 7540 "-" "Mozilla/5.0 (compatible; MJ12bot/v1.4.2; http://www.majestic12.co.uk/bot.php?+)"
176.31.247.216 - - [21/Apr/2012:13:11:19 -0700] "GET /blog/vala-gtkbuilder-and-autoconnecting-signal-handlers.html HTTP/1.0" 200 7263 "-" "Mozilla/5.0 (compatible; MJ12bot/v1.4.2; http://www.majestic12.co.uk/bot.php?+)"
165.91.10.172 - - [21/Apr/2012:13:11:46 -0700] "-" 400 0 "-" "-"
165.91.10.172 - - [21/Apr/2012:13:14:36 -0700] "-" 400 0 "-" "-"
85.17.88.169 - - [21/Apr/2012:13:15:17 -0700] "POST /blog/wp-cron.php?doing_wp_cron=1335038905 HTTP/1.0" 499 0 "-" "WordPress/3.3.1; http://yuvi.in/blog"
209.85.238.182 - - [21/Apr/2012:13:15:17 -0700] "GET /blog/feed HTTP/1.1" 301 0 "-" "Feedfetcher-Google; (+http://www.google.com/feedfetcher.html; 3 subscribers; feed-id=17684830852112633560)"
85.17.88.169 - - [21/Apr/2012:13:15:19 -0700] "POST /blog/wp-cron.php?doing_wp_cron=1335038908 HTTP/1.0" 499 0 "-" "WordPress/3.3.1; http://yuvi.in/blog"
209.85.238.182 - - [21/Apr/2012:13:15:20 -0700] "GET /blog/feed/ HTTP/1.1" 304 0 "-" "Feedfetcher-Google; (+http://www.google.com/feedfetcher.html; 3 subscribers; feed-id=17684830852112633560)"
165.91.10.172 - - [21/Apr/2012:13:16:36 -0700] "-" 400 0 "-" "-"
165.91.10.172 - - [21/Apr/2012:13:16:36 -0700] "-" 400 0 "-" "-"
165.91.10.172 - - [21/Apr/2012:13:16:36 -0700] "-" 400 0 "-" "-"
165.91.10.172 - - [21/Apr/2012:13:16:36 -0700] "-" 400 0 "-" "-"
165.91.10.172 - - [21/Apr/2012:13:17:16 -0700] "-" 400 0 "-" "-"
165.91.10.172 - - [21/Apr/2012:13:17:16 -0700] "-" 400 0 "-" "-"
165.91.10.172 - - [21/Apr/2012:13:17:16 -0700] "-" 400 0 "-" "-"
165.91.10.172 - - [21/Apr/2012:13:17:16 -0700] "-" 400 0 "-" "-"
85.17.88.169 - - [21/Apr/2012:13:17:17 -0700] "POST /blog/wp-cron.php?doing_wp_cron=1335039026 HTTP/1.0" 499 0 "-" "WordPress/3.3.1; http://yuvi.in/blog"
209.85.224.87 - - [21/Apr/2012:13:17:18 -0700] "GET /blog/feed HTTP/1.1" 304 0 "-" "FeedBurner/1.0 (http://www.FeedBurner.com)"
66.220.146.248 - - [21/Apr/2012:13:18:03 -0700] "GET /r/2rvh HTTP/1.1" 301 257 "-" "facebookexternalhit/1.1 (+http://www.facebook.com/externalhit_uatext.php)"
66.220.146.244 - - [21/Apr/2012:13:18:03 -0700] "GET /s/ta/2rvh/ HTTP/1.1" 302 591 "-" "facebookexternalhit/1.1 (+http://www.facebook.com/externalhit_uatext.php)"
165.91.10.172 - - [21/Apr/2012:13:18:16 -0700] "-" 400 0 "-" "-"
165.91.10.172 - - [21/Apr/2012:13:18:16 -0700] "-" 400 0 "-" "-"
165.91.10.172 - - [21/Apr/2012:13:18:16 -0700] "-" 400 0 "-" "-"
88.175.73.21 - - [21/Apr/2012:13:22:56 -0700] "GET /r/26uy HTTP/1.1" 301 257 "http://ta.wikipedia.org/wiki/%E0%AE%A4%E0%AF%87%E0%AE%99%E0%AF%8D%E0%AE%95%E0%AE%BE%E0%AE%AF%E0%AF%8D%E0%AE%AA%E0%AF%8D%E0%AE%AA%E0%AE%9F%E0%AF%8D%E0%AE%9F%E0%AE%A3%E0%AE%AE%E0%AF%8D_%E0%AE%95%E0%AE%9F%E0%AE%B1%E0%AF%8D%E0%AE%95%E0%AE%B0%E0%AF%88" "Mozilla/5.0 (Windows NT 5.1; rv:11.0) Gecko/20100101 Firefox/11.0"
88.175.73.21 - - [21/Apr/2012:13:22:57 -0700] "GET /s/ta/26uy/ HTTP/1.1" 302 557 "http://ta.wikipedia.org/wiki/%E0%AE%A4%E0%AF%87%E0%AE%99%E0%AF%8D%E0%AE%95%E0%AE%BE%E0%AE%AF%E0%AF%8D%E0%AE%AA%E0%AF%8D%E0%AE%AA%E0%AE%9F%E0%AF%8D%E0%AE%9F%E0%AE%A3%E0%AE%AE%E0%AF%8D_%E0%AE%95%E0%AE%9F%E0%AE%B1%E0%AF%8D%E0%AE%95%E0%AE%B0%E0%AF%88" "Mozilla/5.0 (Windows NT 5.1; rv:11.0) Gecko/20100101 Firefox/11.0"
88.175.73.21 - - [21/Apr/2012:13:23:02 -0700] "-" 400 0 "-" "-"
88.175.73.21 - - [21/Apr/2012:13:23:11 -0700] "GET /s/ta/26uy/ HTTP/1.1" 302 557 "http://ta.wikipedia.org/wiki/%E0%AE%A4%E0%AF%87%E0%AE%99%E0%AF%8D%E0%AE%95%E0%AE%BE%E0%AE%AF%E0%AF%8D%E0%AE%AA%E0%AF%8D%E0%AE%AA%E0%AE%9F%E0%AF%8D%E0%AE%9F%E0%AE%A3%E0%AE%AE%E0%AF%8D_%E0%AE%95%E0%AE%9F%E0%AE%B1%E0%AF%8D%E0%AE%95%E0%AE%B0%E0%AF%88" "Mozilla/5.0 (Windows NT 5.1; rv:11.0) Gecko/20100101 Firefox/11.0"
208.115.111.68 - - [21/Apr/2012:13:24:01 -0700] "GET /blog/the-end-of-gsoc-2010/feed/ HTTP/1.1" 200 750 "-" "Mozilla/5.0 (compatible; Ezooms/1.0; ezooms.bot@gmail.com)"
208.115.111.68 - - [21/Apr/2012:13:24:08 -0700] "GET /blog/tag/link.html HTTP/1.1" 200 9237 "-" "Mozilla/5.0 (compatible; Ezooms/1.0; ezooms.bot@gmail.com)"
208.115.111.68 - - [21/Apr/2012:13:24:11 -0700] "GET /blog/2011/08/ HTTP/1.1" 200 55602 "-" "Mozilla/5.0 (compatible; Ezooms/1.0; ezooms.bot@gmail.com)"
86.99.4.204 - - [21/Apr/2012:13:24:46 -0700] "GET /s/ta/1va/ HTTP/1.0" 302 409 "-" "Mozilla/5.0 (iPhone; CPU iPhone OS 5_1 like Mac OS X) AppleWebKit/534.46 (KHTML, like Gecko) Mobile/9B179"
124.115.1.8 - - [21/Apr/2012:13:27:02 -0700] "GET / HTTP/1.1" 404 238 "-" "Mozilla/4.0 (compatible; MSIE 6.0; Windows NT 5.1)"
69.171.228.246 - - [21/Apr/2012:13:36:12 -0700] "GET /r/2rvh HTTP/1.1" 301 257 "-" "facebookexternalhit/1.1 (+http://www.facebook.com/externalhit_uatext.php)"
69.171.228.250 - - [21/Apr/2012:13:36:12 -0700] "GET /s/ta/2rvh/ HTTP/1.1" 302 591 "-" "facebookexternalhit/1.1 (+http://www.facebook.com/externalhit_uatext.php)"
85.17.88.169 - - [21/Apr/2012:13:38:09 -0700] "POST /blog/wp-cron.php?doing_wp_cron=1335040277 HTTP/1.0" 499 0 "-" "WordPress/3.3.1; http://yuvi.in/blog"
119.63.196.60 - - [21/Apr/2012:13:38:10 -0700] "GET /blog/ HTTP/1.1" 200 10128 "-" "Mozilla/5.0 (compatible; Baiduspider/2.0; +http://www.baidu.com/search/spider.html)"
180.76.6.224 - - [21/Apr/2012:13:38:13 -0700] "GET /r/2rvn HTTP/1.1" 301 257 "-" "Mozilla/5.0 (compatible; Baiduspider/2.0; +http://www.baidu.com/search/spider.html)"
180.76.5.178 - - [21/Apr/2012:13:38:13 -0700] "GET /s/ta/2rvn/ HTTP/1.1" 302 571 "-" "Mozilla/5.0 (compatible; Baiduspider/2.0; +http://www.baidu.com/search/spider.html)"
69.171.228.250 - - [21/Apr/2012:13:41:48 -0700] "GET /r/2rvh HTTP/1.1" 301 257 "-" "facebookexternalhit/1.1 (+http://www.facebook.com/externalhit_uatext.php)"
69.171.228.251 - - [21/Apr/2012:13:41:48 -0700] "GET /s/ta/2rvh/ HTTP/1.1" 302 591 "-" "facebookexternalhit/1.1 (+http://www.facebook.com/externalhit_uatext.php)"
209.85.224.91 - - [21/Apr/2012:13:43:25 -0700] "GET /stories/feed HTTP/1.1" 200 13653 "-" "FeedBurner/1.0 (http://www.FeedBurner.com)"
157.55.112.210 - - [21/Apr/2012:13:45:04 -0700] "-" 400 0 "-" "-"
157.55.112.210 - - [21/Apr/2012:13:45:04 -0700] "-" 400 0 "-" "-"
157.55.112.210 - - [21/Apr/2012:13:45:05 -0700] "-" 400 0 "-" "-"
157.55.112.210 - - [21/Apr/2012:13:45:05 -0700] "-" 400 0 "-" "-"
157.55.112.210 - - [21/Apr/2012:13:45:05 -0700] "-" 400 0 "-" "-"
157.55.112.210 - - [21/Apr/2012:13:45:05 -0700] "-" 400 0 "-" "-"
157.55.112.210 - - [21/Apr/2012:13:45:05 -0700] "-" 400 0 "-" "-"
157.55.112.210 - - [21/Apr/2012:13:45:05 -0700] "-" 400 0 "-" "-"
157.55.112.210 - - [21/Apr/2012:13:45:05 -0700] "-" 400 0 "-" "-"
157.55.112.210 - - [21/Apr/2012:13:45:05 -0700] "-" 400 0 "-" "-"
157.55.112.210 - - [21/Apr/2012:13:45:45 -0700] "-" 400 0 "-" "-"
85.17.88.169 - - [21/Apr/2012:13:47:28 -0700] "POST /blog/wp-cron.php?doing_wp_cron=1335040836 HTTP/1.0" 499 0 "-" "WordPress/3.3.1; http://yuvi.in/blog"
209.85.224.95 - - [21/Apr/2012:13:47:29 -0700] "GET /blog/feed HTTP/1.1" 304 0 "-" "FeedBurner/1.0 (http://www.FeedBurner.com)"
180.76.5.90 - - [21/Apr/2012:13:49:36 -0700] "GET / HTTP/1.1" 200 3439 "-" "Mozilla/5.0 (compatible; Baiduspider/2.0; +http://www.baidu.com/search/spider.html)"
85.17.88.169 - - [21/Apr/2012:13:52:36 -0700] "POST /blog/wp-cron.php?doing_wp_cron=1335041144 HTTP/1.0" 499 0 "-" "WordPress/3.3.1; http://yuvi.in/blog"
209.85.238.182 - - [21/Apr/2012:13:52:37 -0700] "GET /blog/feed/ HTTP/1.1" 304 0 "-" "Feedfetcher-Google; (+http://www.google.com/feedfetcher.html; 19 subscribers; feed-id=15064232456473204253)"
74.125.126.89 - - [21/Apr/2012:14:07:25 -0700] "GET /favicon.ico HTTP/1.1" 404 211 "-" "-"
85.17.88.169 - - [21/Apr/2012:14:08:39 -0700] "POST /blog/wp-cron.php?doing_wp_cron=1335042107 HTTP/1.0" 499 0 "-" "WordPress/3.3.1; http://yuvi.in/blog"
180.76.5.154 - - [21/Apr/2012:14:08:40 -0700] "GET /blog/my-new-canon-550d-from-flipkart/ HTTP/1.1" 200 5495 "-" "Mozilla/5.0 (compatible; Baiduspider/2.0; +http://www.baidu.com/search/spider.html)"
85.17.88.169 - - [21/Apr/2012:14:10:37 -0700] "POST /blog/wp-cron.php?doing_wp_cron=1335042225 HTTP/1.0" 499 0 "-" "WordPress/3.3.1; http://yuvi.in/blog"
209.85.238.182 - - [21/Apr/2012:14:10:38 -0700] "GET /blog/feed HTTP/1.1" 301 0 "-" "Feedfetcher-Google; (+http://www.google.com/feedfetcher.html; 3 subscribers; feed-id=17684830852112633560)"
85.17.88.169 - - [21/Apr/2012:14:10:40 -0700] "POST /blog/wp-cron.php?doing_wp_cron=1335042228 HTTP/1.0" 499 0 "-" "WordPress/3.3.1; http://yuvi.in/blog"
209.85.238.182 - - [21/Apr/2012:14:10:40 -0700] "GET /blog/feed/ HTTP/1.1" 304 0 "-" "Feedfetcher-Google; (+http://www.google.com/feedfetcher.html; 3 subscribers; feed-id=17684830852112633560)"
69.171.234.5 - - [21/Apr/2012:14:17:15 -0700] "GET /r/3g5\xE0\xAE\x95\xE0\xAE\x9F\xE0\xAF\x8D\xE0\xAE\x9F\xE0\xAE\xB1\xE0\xAF\x8D\xE0\xAE\xB1 HTTP/1.1" 301 381 "-" "facebookexternalhit/1.1 (+http://www.facebook.com/externalhit_uatext.php)"
69.171.234.6 - - [21/Apr/2012:14:17:16 -0700] "GET /s/ta/3g5%E0%AE%95%E0%AE%9F%E0%AF%8D%E0%AE%9F%E0%AE%B1%E0%AF%8D%E0%AE%B1/ HTTP/1.1" 502 173 "-" "facebookexternalhit/1.1 (+http://www.facebook.com/externalhit_uatext.php)"
85.17.88.169 - - [21/Apr/2012:14:17:38 -0700] "POST /blog/wp-cron.php?doing_wp_cron=1335042646 HTTP/1.0" 499 0 "-" "WordPress/3.3.1; http://yuvi.in/blog"
209.85.224.87 - - [21/Apr/2012:14:17:38 -0700] "GET /blog/feed HTTP/1.1" 304 0 "-" "FeedBurner/1.0 (http://www.FeedBurner.com)"
220.181.108.176 - - [21/Apr/2012:14:26:21 -0700] "GET /blog/tag/code.html HTTP/1.1" 200 21723 "-" "Mozilla/5.0 (compatible; Baiduspider/2.0; +http://www.baidu.com/search/spider.html)"
208.115.113.84 - - [21/Apr/2012:14:31:21 -0700] "GET /robots.txt HTTP/1.1" 404 169 "-" "Mozilla/5.0 (compatible; Ezooms/1.0; ezooms.bot@gmail.com)"
119.147.75.140 - - [21/Apr/2012:14:32:09 -0700] "GET / HTTP/1.1" 404 238 "-" "Mozilla/4.0 (compatible; MSIE 6.0; Windows NT 5.1)"
69.171.228.249 - - [21/Apr/2012:14:33:19 -0700] "GET /r/fmf HTTP/1.1" 301 255 "-" "facebookexternalhit/1.1 (+http://www.facebook.com/externalhit_uatext.php)"
69.171.228.250 - - [21/Apr/2012:14:33:19 -0700] "GET /s/ta/fmf/ HTTP/1.1" 302 349 "-" "facebookexternalhit/1.1 (+http://www.facebook.com/externalhit_uatext.php)"
85.17.88.169 - - [21/Apr/2012:14:40:43 -0700] "POST /blog/wp-cron.php?doing_wp_cron=1335044031 HTTP/1.0" 499 0 "-" "WordPress/3.3.1; http://yuvi.in/blog"
101.226.33.172 - - [21/Apr/2012:14:40:44 -0700] "GET /blog/feed HTTP/1.0" 304 0 "-" "Mozilla/4.0 (compatible; Windows;)"
85.17.88.169 - - [21/Apr/2012:14:42:57 -0700] "POST /blog/wp-cron.php?doing_wp_cron=1335044164 HTTP/1.0" 499 0 "-" "WordPress/3.3.1; http://yuvi.in/blog"
209.85.238.182 - - [21/Apr/2012:14:42:57 -0700] "GET /blog/feed/ HTTP/1.1" 304 0 "-" "Feedfetcher-Google; (+http://www.google.com/feedfetcher.html; 19 subscribers; feed-id=15064232456473204253)"
209.85.224.96 - - [21/Apr/2012:14:43:26 -0700] "GET /stories/feed HTTP/1.1" 200 13653 "-" "FeedBurner/1.0 (http://www.FeedBurner.com)"
207.46.204.172 - - [21/Apr/2012:14:44:03 -0700] "-" 400 0 "-" "-"
207.46.204.172 - - [21/Apr/2012:14:44:03 -0700] "-" 400 0 "-" "-"
207.46.204.172 - - [21/Apr/2012:14:44:03 -0700] "-" 400 0 "-" "-"
207.46.204.172 - - [21/Apr/2012:14:44:03 -0700] "-" 400 0 "-" "-"
207.46.204.172 - - [21/Apr/2012:14:44:04 -0700] "-" 400 0 "-" "-"
207.46.204.172 - - [21/Apr/2012:14:44:04 -0700] "-" 400 0 "-" "-"
207.46.204.172 - - [21/Apr/2012:14:44:04 -0700] "-" 400 0 "-" "-"
207.46.204.172 - - [21/Apr/2012:14:44:04 -0700] "-" 400 0 "-" "-"
207.46.204.172 - - [21/Apr/2012:14:44:04 -0700] "-" 400 0 "-" "-"
207.46.204.172 - - [21/Apr/2012:14:44:04 -0700] "-" 400 0 "-" "-"
207.46.204.172 - - [21/Apr/2012:14:44:04 -0700] "-" 400 0 "-" "-"
207.46.204.172 - - [21/Apr/2012:14:44:04 -0700] "-" 400 0 "-" "-"
207.46.204.172 - - [21/Apr/2012:14:45:03 -0700] "-" 400 0 "-" "-"
85.17.88.169 - - [21/Apr/2012:14:47:45 -0700] "POST /blog/wp-cron.php?doing_wp_cron=1335044453 HTTP/1.0" 499 0 "-" "WordPress/3.3.1; http://yuvi.in/blog"
209.85.224.91 - - [21/Apr/2012:14:47:45 -0700] "GET /blog/feed HTTP/1.1" 304 0 "-" "FeedBurner/1.0 (http://www.FeedBurner.com)"
207.46.204.171 - - [21/Apr/2012:14:53:06 -0700] "-" 400 0 "-" "-"
207.46.204.171 - - [21/Apr/2012:14:53:09 -0700] "-" 400 0 "-" "-"
207.46.204.171 - - [21/Apr/2012:14:53:09 -0700] "-" 400 0 "-" "-"
207.46.204.171 - - [21/Apr/2012:14:53:12 -0700] "-" 400 0 "-" "-"
207.46.204.171 - - [21/Apr/2012:14:53:12 -0700] "-" 400 0 "-" "-"
207.46.204.171 - - [21/Apr/2012:14:53:12 -0700] "-" 400 0 "-" "-"
207.46.204.171 - - [21/Apr/2012:14:53:12 -0700] "-" 400 0 "-" "-"
207.46.204.171 - - [21/Apr/2012:14:53:13 -0700] "-" 400 0 "-" "-"
207.46.204.171 - - [21/Apr/2012:14:53:13 -0700] "-" 400 0 "-" "-"
207.46.204.171 - - [21/Apr/2012:14:53:13 -0700] "-" 400 0 "-" "-"
207.46.204.171 - - [21/Apr/2012:14:53:34 -0700] "-" 400 0 "-" "-"
207.46.204.171 - - [21/Apr/2012:14:53:34 -0700] "-" 400 0 "-" "-"
207.46.204.171 - - [21/Apr/2012:14:53:34 -0700] "-" 400 0 "-" "-"
207.46.204.171 - - [21/Apr/2012:14:53:37 -0700] "-" 400 0 "-" "-"
207.46.204.171 - - [21/Apr/2012:14:53:37 -0700] "-" 400 0 "-" "-"
207.46.204.171 - - [21/Apr/2012:14:53:37 -0700] "-" 400 0 "-" "-"
207.46.204.171 - - [21/Apr/2012:14:53:37 -0700] "-" 400 0 "-" "-"
207.46.204.171 - - [21/Apr/2012:14:53:38 -0700] "-" 400 0 "-" "-"
207.46.204.171 - - [21/Apr/2012:14:53:39 -0700] "-" 400 0 "-" "-"
207.46.204.171 - - [21/Apr/2012:14:53:39 -0700] "-" 400 0 "-" "-"
207.46.204.171 - - [21/Apr/2012:14:53:39 -0700] "-" 400 0 "-" "-"
207.46.204.171 - - [21/Apr/2012:14:53:40 -0700] "-" 400 0 "-" "-"
207.46.204.171 - - [21/Apr/2012:15:01:05 -0700] "-" 400 0 "-" "-"
207.46.204.171 - - [21/Apr/2012:15:01:05 -0700] "-" 400 0 "-" "-"
207.46.204.171 - - [21/Apr/2012:15:01:05 -0700] "-" 400 0 "-" "-"
157.55.112.202 - - [21/Apr/2012:15:01:06 -0700] "-" 400 0 "-" "-"
157.55.112.202 - - [21/Apr/2012:15:01:06 -0700] "-" 400 0 "-" "-"
157.55.112.202 - - [21/Apr/2012:15:01:06 -0700] "-" 400 0 "-" "-"
207.46.204.171 - - [21/Apr/2012:15:01:07 -0700] "-" 400 0 "-" "-"
207.46.204.171 - - [21/Apr/2012:15:01:07 -0700] "-" 400 0 "-" "-"
207.46.204.171 - - [21/Apr/2012:15:01:07 -0700] "-" 400 0 "-" "-"
157.55.112.202 - - [21/Apr/2012:15:01:07 -0700] "-" 400 0 "-" "-"
157.55.112.202 - - [21/Apr/2012:15:01:07 -0700] "-" 400 0 "-" "-"
157.55.112.202 - - [21/Apr/2012:15:01:08 -0700] "-" 400 0 "-" "-"
207.46.204.171 - - [21/Apr/2012:15:01:08 -0700] "-" 400 0 "-" "-"
207.46.204.171 - - [21/Apr/2012:15:01:08 -0700] "-" 400 0 "-" "-"
207.46.204.171 - - [21/Apr/2012:15:01:08 -0700] "-" 400 0 "-" "-"
157.55.112.202 - - [21/Apr/2012:15:01:09 -0700] "-" 400 0 "-" "-"
157.55.112.202 - - [21/Apr/2012:15:01:09 -0700] "-" 400 0 "-" "-"
207.46.204.171 - - [21/Apr/2012:15:01:09 -0700] "-" 400 0 "-" "-"
207.46.204.171 - - [21/Apr/2012:15:01:09 -0700] "-" 400 0 "-" "-"
157.55.112.202 - - [21/Apr/2012:15:01:09 -0700] "-" 400 0 "-" "-"
157.55.112.202 - - [21/Apr/2012:15:01:10 -0700] "-" 400 0 "-" "-"
207.46.204.171 - - [21/Apr/2012:15:01:10 -0700] "-" 400 0 "-" "-"
157.55.112.202 - - [21/Apr/2012:15:01:10 -0700] "-" 400 0 "-" "-"
157.55.112.202 - - [21/Apr/2012:15:01:11 -0700] "-" 400 0 "-" "-"
119.147.6.60 - - [21/Apr/2012:15:01:45 -0700] "GET / HTTP/1.1" 404 238 "-" "Mozilla/4.0 (compatible; MSIE 6.0; Windows NT 5.1)"
207.46.204.171 - - [21/Apr/2012:15:01:55 -0700] "-" 400 0 "-" "-"
184.146.122.88 - - [21/Apr/2012:15:02:26 -0700] "GET /r/23eb HTTP/1.1" 301 257 "http://ta.wikipedia.org/wiki/%E0%AE%95%E0%AF%86%E0%AE%A3%E0%AF%8D%E0%AE%9F%E0%AF%88%E0%AE%AE%E0%AF%80%E0%AE%A9%E0%AF%8D_(%E0%AE%95%E0%AF%81%E0%AE%9F%E0%AF%81%E0%AE%AE%E0%AF%8D%E0%AE%AA%E0%AE%AE%E0%AF%8D)" "Mozilla/5.0 (Windows NT 5.1; rv:12.0) Gecko/20100101 Firefox/12.0"
184.146.122.88 - - [21/Apr/2012:15:02:27 -0700] "GET /s/ta/23eb/ HTTP/1.1" 302 505 "http://ta.wikipedia.org/wiki/%E0%AE%95%E0%AF%86%E0%AE%A3%E0%AF%8D%E0%AE%9F%E0%AF%88%E0%AE%AE%E0%AF%80%E0%AE%A9%E0%AF%8D_(%E0%AE%95%E0%AF%81%E0%AE%9F%E0%AF%81%E0%AE%AE%E0%AF%8D%E0%AE%AA%E0%AE%AE%E0%AF%8D)" "Mozilla/5.0 (Windows NT 5.1; rv:12.0) Gecko/20100101 Firefox/12.0"
66.220.147.247 - - [21/Apr/2012:15:04:26 -0700] "GET /r/2rvh HTTP/1.1" 301 257 "-" "facebookexternalhit/1.1 (+http://www.facebook.com/externalhit_uatext.php)"
66.220.147.249 - - [21/Apr/2012:15:04:26 -0700] "GET /s/ta/2rvh/ HTTP/1.1" 302 591 "-" "facebookexternalhit/1.1 (+http://www.facebook.com/externalhit_uatext.php)"
66.220.147.247 - - [21/Apr/2012:15:10:50 -0700] "GET /r/2rvh HTTP/1.1" 301 257 "-" "facebookexternalhit/1.1 (+http://www.facebook.com/externalhit_uatext.php)"
66.220.147.245 - - [21/Apr/2012:15:10:50 -0700] "GET /s/ta/2rvh/ HTTP/1.1" 302 591 "-" "facebookexternalhit/1.1 (+http://www.facebook.com/externalhit_uatext.php)"
97.117.105.82 - - [21/Apr/2012:15:11:03 -0700] "GET /blog/favicon.ico HTTP/1.1" 404 3016 "-" "Mozilla/5.0 (Windows NT 5.1; rv:11.0) Gecko/20100101 Firefox/11.0"
180.76.5.89 - - [21/Apr/2012:15:13:35 -0700] "GET /blog/how-to-increase-cheese-s-burst-mode-photo-count.html HTTP/1.1" 200 2407 "-" "Mozilla/5.0 (compatible; Baiduspider/2.0; +http://www.baidu.com/search/spider.html)"
69.171.234.1 - - [21/Apr/2012:15:14:04 -0700] "GET /r/vwi HTTP/1.1" 301 255 "-" "facebookexternalhit/1.1 (+http://www.facebook.com/externalhit_uatext.php)"
69.171.234.5 - - [21/Apr/2012:15:14:05 -0700] "GET /s/ta/vwi/ HTTP/1.1" 302 365 "-" "facebookexternalhit/1.1 (+http://www.facebook.com/externalhit_uatext.php)"
85.17.88.169 - - [21/Apr/2012:15:17:08 -0700] "POST /blog/wp-cron.php?doing_wp_cron=1335046215 HTTP/1.0" 499 0 "-" "WordPress/3.3.1; http://yuvi.in/blog"
209.85.238.182 - - [21/Apr/2012:15:17:08 -0700] "GET /blog/feed HTTP/1.1" 301 0 "-" "Feedfetcher-Google; (+http://www.google.com/feedfetcher.html; 3 subscribers; feed-id=17684830852112633560)"
85.17.88.169 - - [21/Apr/2012:15:17:10 -0700] "POST /blog/wp-cron.php?doing_wp_cron=1335046218 HTTP/1.0" 499 0 "-" "WordPress/3.3.1; http://yuvi.in/blog"
110.174.33.36 - - [21/Apr/2012:15:17:10 -0700] "GET /favicon.ico HTTP/1.1" 404 199 "http://prashanth-kamle.blogspot.com.au/2009/07/how-to-set-up-svn.html" "Mozilla/5.0 (Macintosh; Intel Mac OS X 10_7_3) AppleWebKit/535.19 (KHTML, like Gecko) Chrome/18.0.1025.162 Safari/535.19"
209.85.238.182 - - [21/Apr/2012:15:17:10 -0700] "GET /blog/feed/ HTTP/1.1" 304 0 "-" "Feedfetcher-Google; (+http://www.google.com/feedfetcher.html; 3 subscribers; feed-id=17684830852112633560)"
85.17.88.169 - - [21/Apr/2012:15:17:51 -0700] "POST /blog/wp-cron.php?doing_wp_cron=1335046259 HTTP/1.0" 499 0 "-" "WordPress/3.3.1; http://yuvi.in/blog"
209.85.224.95 - - [21/Apr/2012:15:17:52 -0700] "GET /blog/feed HTTP/1.1" 304 0 "-" "FeedBurner/1.0 (http://www.FeedBurner.com)"
208.115.111.69 - - [21/Apr/2012:15:21:28 -0700] "GET /robots.txt HTTP/1.1" 404 238 "-" "Mozilla/5.0 (compatible; Ezooms/1.0; ezooms.bot@gmail.com)"
208.115.111.68 - - [21/Apr/2012:15:22:44 -0700] "GET /robots.txt HTTP/1.1" 404 169 "-" "Mozilla/5.0 (compatible; Ezooms/1.0; ezooms.bot@gmail.com)"
69.171.234.3 - - [21/Apr/2012:15:23:12 -0700] "GET /r/2rvh HTTP/1.1" 301 257 "-" "facebookexternalhit/1.1 (+http://www.facebook.com/externalhit_uatext.php)"
69.171.234.5 - - [21/Apr/2012:15:23:12 -0700] "GET /s/ta/2rvh/ HTTP/1.1" 302 591 "-" "facebookexternalhit/1.1 (+http://www.facebook.com/externalhit_uatext.php)"
69.171.230.248 - - [21/Apr/2012:15:25:44 -0700] "GET /r/2rvh HTTP/1.1" 301 257 "-" "facebookexternalhit/1.1 (+http://www.facebook.com/externalhit_uatext.php)"
69.171.230.250 - - [21/Apr/2012:15:25:44 -0700] "GET /s/ta/2rvh/ HTTP/1.1" 302 591 "-" "facebookexternalhit/1.1 (+http://www.facebook.com/externalhit_uatext.php)"
72.14.199.183 - - [21/Apr/2012:15:26:41 -0700] "GET /w/index.php?title=%E0%AE%9A%E0%AE%BF%E0%AE%B1%E0%AE%AA%E0%AF%8D%E0%AE%AA%E0%AF%81:RecentChanges&feed=atom HTTP/1.1" 404 211 "-" "Feedfetcher-Google; (+http://www.google.com/feedfetcher.html; 1 subscribers; feed-id=2187368390413514290)"
85.17.88.169 - - [21/Apr/2012:15:27:12 -0700] "POST /blog/wp-cron.php?doing_wp_cron=1335046820 HTTP/1.0" 499 0 "-" "WordPress/3.3.1; http://yuvi.in/blog"
94.228.34.248 - - [21/Apr/2012:15:27:13 -0700] "GET /blog/ HTTP/1.1" 200 10128 "-" "magpie-crawler/1.1 (U; Linux amd64; en-GB; +http://www.brandwatch.net)"
173.225.17.50 - - [21/Apr/2012:15:27:16 -0700] "-" 400 0 "-" "-"
173.225.17.50 - - [21/Apr/2012:15:27:58 -0700] "-" 400 0 "-" "-"
180.76.5.156 - - [21/Apr/2012:15:29:34 -0700] "GET / HTTP/1.1" 200 3439 "-" "Mozilla/5.0 (compatible; Baiduspider/2.0; +http://www.baidu.com/search/spider.html)"
62.205.142.35 - - [21/Apr/2012:15:35:38 -0700] "GET /r/2887 HTTP/1.1" 301 257 "http://ta.wikipedia.org/wiki/%E0%AE%AA%E0%AF%80%E0%AE%9F%E0%AF%8D%E0%AE%9F%E0%AE%B0%E0%AF%8D_%E0%AE%AA%E0%AF%8A%E0%AE%AA%E0%AF%8D%E0%AE%B5%E0%AF%8B%E0%AE%AA%E0%AF%8D" "Opera/9.80 (Windows NT 6.0; U; en) Presto/2.6.30 Version/10.61"
62.205.142.35 - - [21/Apr/2012:15:35:39 -0700] "GET /s/ta/2887/ HTTP/1.1" 302 449 "http://ta.wikipedia.org/wiki/%E0%AE%AA%E0%AF%80%E0%AE%9F%E0%AF%8D%E0%AE%9F%E0%AE%B0%E0%AF%8D_%E0%AE%AA%E0%AF%8A%E0%AE%AA%E0%AF%8D%E0%AE%B5%E0%AF%8B%E0%AE%AA%E0%AF%8D" "Opera/9.80 (Windows NT 6.0; U; en) Presto/2.6.30 Version/10.61"
85.17.88.169 - - [21/Apr/2012:15:35:59 -0700] "POST /blog/wp-cron.php?doing_wp_cron=1335047346 HTTP/1.0" 499 0 "-" "WordPress/3.3.1; http://yuvi.in/blog"
209.85.238.182 - - [21/Apr/2012:15:36:00 -0700] "GET /blog/feed/ HTTP/1.1" 304 0 "-" "Feedfetcher-Google; (+http://www.google.com/feedfetcher.html; 19 subscribers; feed-id=15064232456473204253)"
207.46.204.164 - - [21/Apr/2012:15:39:19 -0700] "-" 400 0 "-" "-"
207.46.204.164 - - [21/Apr/2012:15:39:19 -0700] "-" 400 0 "-" "-"
207.46.204.164 - - [21/Apr/2012:15:39:19 -0700] "-" 400 0 "-" "-"
207.46.204.164 - - [21/Apr/2012:15:39:19 -0700] "-" 400 0 "-" "-"
207.46.204.164 - - [21/Apr/2012:15:39:19 -0700] "-" 400 0 "-" "-"
207.46.204.164 - - [21/Apr/2012:15:39:20 -0700] "-" 400 0 "-" "-"
207.46.204.164 - - [21/Apr/2012:15:39:20 -0700] "-" 400 0 "-" "-"
207.46.204.164 - - [21/Apr/2012:15:39:20 -0700] "-" 400 0 "-" "-"
207.46.204.164 - - [21/Apr/2012:15:39:20 -0700] "-" 400 0 "-" "-"
207.46.204.164 - - [21/Apr/2012:15:39:20 -0700] "-" 400 0 "-" "-"
37.112.131.224 - - [21/Apr/2012:15:39:39 -0700] "GET /blog/enthusiastic-teachers-and-naive-implementation-of-gauss-seidel-approximations.html HTTP/1.0" 200 6947 "http://yuvi.in/blog/enthusiastic-teachers-and-naive-implementation-of-gauss-seidel-approximations.html" "Mozilla/4.0 (compatible; MSIE 6.0; Windows 98; Win 9x 4.90)"
207.46.204.164 - - [21/Apr/2012:15:40:06 -0700] "-" 400 0 "-" "-"
207.46.204.164 - - [21/Apr/2012:15:40:06 -0700] "-" 400 0 "-" "-"
207.46.204.164 - - [21/Apr/2012:15:40:06 -0700] "-" 400 0 "-" "-"
209.85.224.90 - - [21/Apr/2012:15:43:28 -0700] "GET /stories/feed HTTP/1.1" 200 13653 "-" "FeedBurner/1.0 (http://www.FeedBurner.com)"
208.115.111.69 - - [21/Apr/2012:15:44:33 -0700] "GET /s/ta/1nmq/ HTTP/1.1" 302 365 "-" "Mozilla/5.0 (compatible; Ezooms/1.0; ezooms.bot@gmail.com)"
85.17.88.169 - - [21/Apr/2012:15:48:01 -0700] "POST /blog/wp-cron.php?doing_wp_cron=1335048068 HTTP/1.0" 499 0 "-" "WordPress/3.3.1; http://yuvi.in/blog"
209.85.224.91 - - [21/Apr/2012:15:48:01 -0700] "GET /blog/feed HTTP/1.1" 304 0 "-" "FeedBurner/1.0 (http://www.FeedBurner.com)"
173.169.226.223 - - [21/Apr/2012:15:49:51 -0700] "GET /AssessmentBar/r/Unassessed_India_articles/ HTTP/1.1" 302 271 "-" "Mozilla/5.0 (Windows NT 6.1) AppleWebKit/534.54.16 (KHTML, like Gecko) Version/5.1.4 Safari/534.54.16"
173.169.226.223 - - [21/Apr/2012:15:49:58 -0700] "GET /AssessmentBar/r/Unassessed_India_articles/ HTTP/1.1" 302 281 "http://en.wikipedia.org/wiki/Boologam" "Mozilla/5.0 (Windows NT 6.1) AppleWebKit/534.54.16 (KHTML, like Gecko) Version/5.1.4 Safari/534.54.16"
173.169.226.223 - - [21/Apr/2012:15:50:26 -0700] "GET /AssessmentBar/r/Unassessed_India_articles/ HTTP/1.1" 302 279 "http://en.wikipedia.org/wiki/Lakshmi_Menon" "Mozilla/5.0 (Windows NT 6.1) AppleWebKit/534.54.16 (KHTML, like Gecko) Version/5.1.4 Safari/534.54.16"
173.169.226.223 - - [21/Apr/2012:15:50:44 -0700] "GET /AssessmentBar/r/Unassessed_India_articles/ HTTP/1.1" 302 293 "http://en.wikipedia.org/wiki/Kulathuvayal" "Mozilla/5.0 (Windows NT 6.1) AppleWebKit/534.54.16 (KHTML, like Gecko) Version/5.1.4 Safari/534.54.16"
173.169.226.223 - - [21/Apr/2012:15:51:27 -0700] "GET /AssessmentBar/r/Unassessed_India_articles/ HTTP/1.1" 302 295 "http://en.wikipedia.org/wiki/Ram_Mandir,_Janpath" "Mozilla/5.0 (Windows NT 6.1) AppleWebKit/534.54.16 (KHTML, like Gecko) Version/5.1.4 Safari/534.54.16"
157.55.112.205 - - [21/Apr/2012:15:51:38 -0700] "-" 400 0 "-" "-"
157.55.112.205 - - [21/Apr/2012:15:51:38 -0700] "-" 400 0 "-" "-"
157.55.112.205 - - [21/Apr/2012:15:51:38 -0700] "-" 400 0 "-" "-"
157.55.112.205 - - [21/Apr/2012:15:51:40 -0700] "-" 400 0 "-" "-"
157.55.112.205 - - [21/Apr/2012:15:51:40 -0700] "-" 400 0 "-" "-"
157.55.112.205 - - [21/Apr/2012:15:51:42 -0700] "-" 400 0 "-" "-"
157.55.112.205 - - [21/Apr/2012:15:51:42 -0700] "-" 400 0 "-" "-"
157.55.112.205 - - [21/Apr/2012:15:51:42 -0700] "-" 400 0 "-" "-"
157.55.112.205 - - [21/Apr/2012:15:51:42 -0700] "-" 400 0 "-" "-"
157.55.112.205 - - [21/Apr/2012:15:51:43 -0700] "-" 400 0 "-" "-"
157.55.112.205 - - [21/Apr/2012:15:51:43 -0700] "-" 400 0 "-" "-"
157.55.112.205 - - [21/Apr/2012:15:52:31 -0700] "-" 400 0 "-" "-"
69.171.229.244 - - [21/Apr/2012:15:54:02 -0700] "GET /r/3g7 HTTP/1.1" 301 255 "-" "facebookexternalhit/1.1 (+http://www.facebook.com/externalhit_uatext.php)"
69.171.229.246 - - [21/Apr/2012:15:54:02 -0700] "GET /s/ta/3g7/ HTTP/1.1" 302 465 "-" "facebookexternalhit/1.1 (+http://www.facebook.com/externalhit_uatext.php)"
173.169.226.223 - - [21/Apr/2012:15:54:35 -0700] "GET /AssessmentBar/r/Unassessed_India_articles/ HTTP/1.1" 302 281 "http://en.wikipedia.org/wiki/Metrication_in_India" "Mozilla/5.0 (Windows NT 6.1) AppleWebKit/534.54.16 (KHTML, like Gecko) Version/5.1.4 Safari/534.54.16"
173.169.226.223 - - [21/Apr/2012:15:54:41 -0700] "GET /AssessmentBar/r/Unassessed_India_articles/ HTTP/1.1" 302 283 "http://en.wikipedia.org/wiki/C._R._formula" "Mozilla/5.0 (Windows NT 6.1) AppleWebKit/534.54.16 (KHTML, like Gecko) Version/5.1.4 Safari/534.54.16"
173.169.226.223 - - [21/Apr/2012:15:55:24 -0700] "GET /AssessmentBar/r/Unassessed_India_articles/ HTTP/1.1" 302 287 "http://en.wikipedia.org/wiki/Chakkara_Muthu" "Mozilla/5.0 (Windows NT 6.1) AppleWebKit/534.54.16 (KHTML, like Gecko) Version/5.1.4 Safari/534.54.16"
173.169.226.223 - - [21/Apr/2012:15:55:28 -0700] "GET /AssessmentBar/r/Unassessed_India_articles/ HTTP/1.1" 302 309 "http://en.wikipedia.org/wiki/Sandish_Compound" "Mozilla/5.0 (Windows NT 6.1) AppleWebKit/534.54.16 (KHTML, like Gecko) Version/5.1.4 Safari/534.54.16"
173.169.226.223 - - [21/Apr/2012:15:55:31 -0700] "GET /AssessmentBar/r/Unassessed_India_articles/ HTTP/1.1" 302 281 "http://en.wikipedia.org/wiki/Bhopal%E2%80%93Pratapgarh_Express" "Mozilla/5.0 (Windows NT 6.1) AppleWebKit/534.54.16 (KHTML, like Gecko) Version/5.1.4 Safari/534.54.16"
173.169.226.223 - - [21/Apr/2012:15:56:03 -0700] "GET /AssessmentBar/r/Unassessed_India_articles/ HTTP/1.1" 302 275 "http://en.wikipedia.org/wiki/Bhole_Shankar" "Mozilla/5.0 (Windows NT 6.1) AppleWebKit/534.54.16 (KHTML, like Gecko) Version/5.1.4 Safari/534.54.16"
173.169.226.223 - - [21/Apr/2012:15:56:10 -0700] "GET /AssessmentBar/r/Unassessed_India_articles/ HTTP/1.1" 302 347 "http://en.wikipedia.org/wiki/Suklamphaa" "Mozilla/5.0 (Windows NT 6.1) AppleWebKit/534.54.16 (KHTML, like Gecko) Version/5.1.4 Safari/534.54.16"
173.169.226.223 - - [21/Apr/2012:15:56:14 -0700] "GET /AssessmentBar/r/Unassessed_India_articles/ HTTP/1.1" 302 297 "http://en.wikipedia.org/wiki/Price_Increase_and_Famine_Resistance_Committee" "Mozilla/5.0 (Windows NT 6.1) AppleWebKit/534.54.16 (KHTML, like Gecko) Version/5.1.4 Safari/534.54.16"
173.169.226.223 - - [21/Apr/2012:15:56:16 -0700] "GET /AssessmentBar/r/Unassessed_India_articles/ HTTP/1.1" 302 279 "http://en.wikipedia.org/wiki/Hans_Raj_Model_School" "Mozilla/5.0 (Windows NT 6.1) AppleWebKit/534.54.16 (KHTML, like Gecko) Version/5.1.4 Safari/534.54.16"
69.171.228.250 - - [21/Apr/2012:15:56:41 -0700] "GET /r/2rvh HTTP/1.1" 301 257 "-" "facebookexternalhit/1.1 (+http://www.facebook.com/externalhit_uatext.php)"
69.171.228.246 - - [21/Apr/2012:15:56:41 -0700] "GET /s/ta/2rvh/ HTTP/1.1" 302 591 "-" "facebookexternalhit/1.1 (+http://www.facebook.com/externalhit_uatext.php)"
173.169.226.223 - - [21/Apr/2012:15:56:51 -0700] "GET /AssessmentBar/r/Unassessed_India_articles/ HTTP/1.1" 302 273 "http://en.wikipedia.org/wiki/Biswasghatak" "Mozilla/5.0 (Windows NT 6.1) AppleWebKit/534.54.16 (KHTML, like Gecko) Version/5.1.4 Safari/534.54.16"
71.56.66.227 - - [21/Apr/2012:15:57:08 -0700] "GET /r/266 HTTP/1.1" 301 255 "-" "Mozilla/5.0 (iPhone; CPU iPhone OS 5_1 like Mac OS X) AppleWebKit/534.46 (KHTML, like Gecko) Mobile/9B176"
71.56.66.227 - - [21/Apr/2012:15:57:08 -0700] "GET /s/ta/266/ HTTP/1.1" 302 445 "-" "Mozilla/5.0 (iPhone; CPU iPhone OS 5_1 like Mac OS X) AppleWebKit/534.46 (KHTML, like Gecko) Mobile/9B176"
115.248.78.165 - - [21/Apr/2012:15:58:21 -0700] "-" 400 0 "-" "-"
173.169.226.223 - - [21/Apr/2012:15:58:32 -0700] "GET /AssessmentBar/r/Unassessed_India_articles/ HTTP/1.1" 302 317 "-" "Mozilla/5.0 (Windows NT 6.1) AppleWebKit/534.54.16 (KHTML, like Gecko) Version/5.1.4 Safari/534.54.16"
173.169.226.223 - - [21/Apr/2012:15:59:00 -0700] "GET /AssessmentBar/r/Unassessed_India_articles/ HTTP/1.1" 302 271 "http://en.wikipedia.org/wiki/Komarraju_Venkata_Lakshmana_Rao" "Mozilla/5.0 (Windows NT 6.1) AppleWebKit/534.54.16 (KHTML, like Gecko) Version/5.1.4 Safari/534.54.16"
173.169.226.223 - - [21/Apr/2012:15:59:07 -0700] "GET /AssessmentBar/r/Unassessed_India_articles/ HTTP/1.1" 302 289 "http://en.wikipedia.org/wiki/Balathal" "Mozilla/5.0 (Windows NT 6.1) AppleWebKit/534.54.16 (KHTML, like Gecko) Version/5.1.4 Safari/534.54.16"
173.169.226.223 - - [21/Apr/2012:15:59:40 -0700] "GET /AssessmentBar/r/Unassessed_India_articles/ HTTP/1.1" 302 305 "http://en.wikipedia.org/wiki/Tripura_rebellion" "Mozilla/5.0 (Windows NT 6.1) AppleWebKit/534.54.16 (KHTML, like Gecko) Version/5.1.4 Safari/534.54.16"
173.169.226.223 - - [21/Apr/2012:16:00:10 -0700] "GET /AssessmentBar/r/Unassessed_India_articles/ HTTP/1.1" 302 375 "http://en.wikipedia.org/wiki/Mohammed_Murtuza_Siddiqui" "Mozilla/5.0 (Windows NT 6.1) AppleWebKit/534.54.16 (KHTML, like Gecko) Version/5.1.4 Safari/534.54.16"
173.169.226.223 - - [21/Apr/2012:16:00:17 -0700] "GET /AssessmentBar/r/Unassessed_India_articles/ HTTP/1.1" 302 265 "http://en.wikipedia.org/wiki/Indian_Post_&_Telecommunication_Accounts_and_Finance_Service" "Mozilla/5.0 (Windows NT 6.1) AppleWebKit/534.54.16 (KHTML, like Gecko) Version/5.1.4 Safari/534.54.16"
173.169.226.223 - - [21/Apr/2012:16:00:23 -0700] "GET /AssessmentBar/r/Unassessed_India_articles/ HTTP/1.1" 302 279 "http://en.wikipedia.org/wiki/ACMEC" "Mozilla/5.0 (Windows NT 6.1) AppleWebKit/534.54.16 (KHTML, like Gecko) Version/5.1.4 Safari/534.54.16"
173.169.226.223 - - [21/Apr/2012:16:00:29 -0700] "GET /AssessmentBar/r/Unassessed_India_articles/ HTTP/1.1" 302 281 "http://en.wikipedia.org/wiki/Jamatia_Hoda" "Mozilla/5.0 (Windows NT 6.1) AppleWebKit/534.54.16 (KHTML, like Gecko) Version/5.1.4 Safari/534.54.16"
173.169.226.223 - - [21/Apr/2012:16:01:39 -0700] "GET /AssessmentBar/r/Unassessed_India_articles/ HTTP/1.1" 302 295 "http://en.wikipedia.org/wiki/Champapet" "Mozilla/5.0 (Windows NT 6.1) AppleWebKit/534.54.16 (KHTML, like Gecko) Version/5.1.4 Safari/534.54.16"
69.171.228.250 - - [21/Apr/2012:16:02:08 -0700] "GET /r/2rvh HTTP/1.1" 301 257 "-" "facebookexternalhit/1.1 (+http://www.facebook.com/externalhit_uatext.php)"
69.171.228.248 - - [21/Apr/2012:16:02:08 -0700] "GET /s/ta/2rvh/ HTTP/1.1" 302 591 "-" "facebookexternalhit/1.1 (+http://www.facebook.com/externalhit_uatext.php)"
176.31.247.216 - - [21/Apr/2012:16:02:34 -0700] "GET /robots.txt HTTP/1.0" 404 169 "-" "Mozilla/5.0 (compatible; MJ12bot/v1.4.2; http://www.majestic12.co.uk/bot.php?+)"
85.17.88.169 - - [21/Apr/2012:16:02:37 -0700] "POST /blog/wp-cron.php?doing_wp_cron=1335048944 HTTP/1.0" 499 0 "-" "WordPress/3.3.1; http://yuvi.in/blog"
176.31.247.216 - - [21/Apr/2012:16:02:38 -0700] "GET /blog/story-average-indian-techie HTTP/1.0" 301 0 "-" "Mozilla/5.0 (compatible; MJ12bot/v1.4.2; http://www.majestic12.co.uk/bot.php?+)"
85.17.88.169 - - [21/Apr/2012:16:02:41 -0700] "POST /blog/wp-cron.php?doing_wp_cron=1335048948 HTTP/1.0" 499 0 "-" "WordPress/3.3.1; http://yuvi.in/blog"
176.31.247.216 - - [21/Apr/2012:16:02:42 -0700] "GET /blog/story-average-indian-techie/ HTTP/1.0" 200 54169 "-" "Mozilla/5.0 (compatible; MJ12bot/v1.4.2; http://www.majestic12.co.uk/bot.php?+)"
66.249.73.90 - - [21/Apr/2012:16:03:14 -0700] "GET /chennai/stage/2702/ HTTP/1.1" 404 142 "-" "Mozilla/5.0 (compatible; Googlebot/2.1; +http://www.google.com/bot.html)"
85.17.88.169 - - [21/Apr/2012:16:11:38 -0700] "POST /blog/wp-cron.php?doing_wp_cron=1335049485 HTTP/1.0" 499 0 "-" "WordPress/3.3.1; http://yuvi.in/blog"
209.85.238.182 - - [21/Apr/2012:16:11:38 -0700] "GET /blog/feed HTTP/1.1" 301 0 "-" "Feedfetcher-Google; (+http://www.google.com/feedfetcher.html; 3 subscribers; feed-id=17684830852112633560)"
85.17.88.169 - - [21/Apr/2012:16:11:40 -0700] "POST /blog/wp-cron.php?doing_wp_cron=1335049488 HTTP/1.0" 499 0 "-" "WordPress/3.3.1; http://yuvi.in/blog"
209.85.238.182 - - [21/Apr/2012:16:11:41 -0700] "GET /blog/feed/ HTTP/1.1" 304 0 "-" "Feedfetcher-Google; (+http://www.google.com/feedfetcher.html; 3 subscribers; feed-id=17684830852112633560)"
124.115.1.7 - - [21/Apr/2012:16:12:51 -0700] "GET / HTTP/1.1" 404 238 "-" "Mozilla/4.0 (compatible; MSIE 6.0; Windows NT 5.1)"
69.171.228.251 - - [21/Apr/2012:16:13:33 -0700] "GET /r/2rvh HTTP/1.1" 301 257 "-" "facebookexternalhit/1.1 (+http://www.facebook.com/externalhit_uatext.php)"
69.171.228.250 - - [21/Apr/2012:16:13:33 -0700] "GET /s/ta/2rvh/ HTTP/1.1" 302 591 "-" "facebookexternalhit/1.1 (+http://www.facebook.com/externalhit_uatext.php)"
85.17.88.169 - - [21/Apr/2012:16:15:47 -0700] "POST /blog/wp-cron.php?doing_wp_cron=1335049735 HTTP/1.0" 499 0 "-" "WordPress/3.3.1; http://yuvi.in/blog"
180.76.5.156 - - [21/Apr/2012:16:15:48 -0700] "GET /blog/greatest-fear-flash-fade/ HTTP/1.1" 200 5218 "-" "Mozilla/5.0 (compatible; Baiduspider/2.0; +http://www.baidu.com/search/spider.html)"
85.17.88.169 - - [21/Apr/2012:16:18:04 -0700] "POST /blog/wp-cron.php?doing_wp_cron=1335049871 HTTP/1.0" 499 0 "-" "WordPress/3.3.1; http://yuvi.in/blog"
209.85.224.96 - - [21/Apr/2012:16:18:04 -0700] "GET /blog/feed HTTP/1.1" 304 0 "-" "FeedBurner/1.0 (http://www.FeedBurner.com)"
174.120.137.2 - - [21/Apr/2012:16:24:04 -0700] "HEAD /r/vz2 HTTP/1.1" 301 0 "http://www.giriblog.com" "Mozilla/4.0 (compatible; MSIE 7.0; Windows NT 5.1; .NET CLR 1.1.4322; .NET CLR 2.0.50727; .NET CLR 3.0.04506.30)"
174.120.137.2 - - [21/Apr/2012:16:24:04 -0700] "HEAD /s/ta/vz2/ HTTP/1.1" 302 0 "http://www.giriblog.com" "Mozilla/4.0 (compatible; MSIE 7.0; Windows NT 5.1; .NET CLR 1.1.4322; .NET CLR 2.0.50727; .NET CLR 3.0.04506.30)"
173.169.226.223 - - [21/Apr/2012:16:24:19 -0700] "GET /AssessmentBar/r/Unassessed_India_articles/ HTTP/1.1" 302 291 "http://en.wikipedia.org/wiki/Yandamuri_Veerendranath" "Mozilla/5.0 (Windows NT 6.1) AppleWebKit/534.54.16 (KHTML, like Gecko) Version/5.1.4 Safari/534.54.16"
124.115.0.107 - - [21/Apr/2012:16:36:40 -0700] "GET / HTTP/1.1" 304 0 "-" "Sosospider+(+http://help.soso.com/webspider.htm)"
95.108.150.235 - - [21/Apr/2012:16:41:24 -0700] "GET /robots.txt HTTP/1.1" 404 169 "-" "Mozilla/5.0 (compatible; YandexBot/3.0; +http://yandex.com/bots)"
95.108.150.235 - - [21/Apr/2012:16:41:25 -0700] "GET / HTTP/1.1" 200 1430 "-" "Mozilla/5.0 (compatible; YandexBot/3.0; +http://yandex.com/bots)"
95.108.150.235 - - [21/Apr/2012:16:41:26 -0700] "GET / HTTP/1.1" 200 1430 "-" "Mozilla/5.0 (compatible; YandexBot/3.0; +http://yandex.com/bots)"
85.17.88.169 - - [21/Apr/2012:16:41:38 -0700] "POST /blog/wp-cron.php?doing_wp_cron=1335051285 HTTP/1.0" 499 0 "-" "WordPress/3.3.1; http://yuvi.in/blog"
209.85.238.182 - - [21/Apr/2012:16:41:38 -0700] "GET /blog/feed/ HTTP/1.1" 304 0 "-" "Feedfetcher-Google; (+http://www.google.com/feedfetcher.html; 19 subscribers; feed-id=15064232456473204253)"
209.85.144.85 - - [21/Apr/2012:16:43:31 -0700] "GET /stories/feed HTTP/1.1" 200 13653 "-" "FeedBurner/1.0 (http://www.FeedBurner.com)"
65.52.111.212 - - [21/Apr/2012:16:43:33 -0700] "-" 400 0 "-" "-"
65.52.111.212 - - [21/Apr/2012:16:43:34 -0700] "-" 400 0 "-" "-"
65.52.111.212 - - [21/Apr/2012:16:43:35 -0700] "-" 400 0 "-" "-"
65.52.111.212 - - [21/Apr/2012:16:43:35 -0700] "-" 400 0 "-" "-"
65.52.111.212 - - [21/Apr/2012:16:43:35 -0700] "-" 400 0 "-" "-"
65.52.111.212 - - [21/Apr/2012:16:43:36 -0700] "-" 400 0 "-" "-"
65.52.111.212 - - [21/Apr/2012:16:43:36 -0700] "-" 400 0 "-" "-"
65.52.111.212 - - [21/Apr/2012:16:43:36 -0700] "-" 400 0 "-" "-"
207.46.204.163 - - [21/Apr/2012:16:48:05 -0700] "-" 400 0 "-" "-"
207.46.204.163 - - [21/Apr/2012:16:48:05 -0700] "-" 400 0 "-" "-"
207.46.204.163 - - [21/Apr/2012:16:48:06 -0700] "-" 400 0 "-" "-"
207.46.204.163 - - [21/Apr/2012:16:48:06 -0700] "-" 400 0 "-" "-"
207.46.204.163 - - [21/Apr/2012:16:48:06 -0700] "-" 400 0 "-" "-"
207.46.204.163 - - [21/Apr/2012:16:48:06 -0700] "-" 400 0 "-" "-"
207.46.204.163 - - [21/Apr/2012:16:48:06 -0700] "-" 400 0 "-" "-"
207.46.204.163 - - [21/Apr/2012:16:48:06 -0700] "-" 400 0 "-" "-"
207.46.204.163 - - [21/Apr/2012:16:48:06 -0700] "-" 400 0 "-" "-"
207.46.204.163 - - [21/Apr/2012:16:48:06 -0700] "-" 400 0 "-" "-"
207.46.204.163 - - [21/Apr/2012:16:48:07 -0700] "-" 400 0 "-" "-"
85.17.88.169 - - [21/Apr/2012:16:48:12 -0700] "POST /blog/wp-cron.php?doing_wp_cron=1335051679 HTTP/1.0" 499 0 "-" "WordPress/3.3.1; http://yuvi.in/blog"
209.85.144.89 - - [21/Apr/2012:16:48:12 -0700] "GET /blog/feed HTTP/1.1" 304 0 "-" "FeedBurner/1.0 (http://www.FeedBurner.com)"
220.181.108.91 - - [21/Apr/2012:16:50:04 -0700] "GET /blog/static/style.css HTTP/1.1" 200 4753 "-" "Mozilla/5.0 (compatible; Baiduspider/2.0; +http://www.baidu.com/search/spider.html)"
124.115.0.156 - - [21/Apr/2012:16:56:22 -0700] "GET / HTTP/1.1" 404 211 "-" "Sosospider+(+http://help.soso.com/webspider.htm)"
85.17.88.169 - - [21/Apr/2012:16:56:39 -0700] "POST /blog/wp-cron.php?doing_wp_cron=1335052186 HTTP/1.0" 499 0 "-" "WordPress/3.3.1; http://yuvi.in/blog"
65.52.108.22 - - [21/Apr/2012:16:56:39 -0700] "GET /blog/programmer-run-code-head/ HTTP/1.1" 200 4822 "-" "Mozilla/4.0 (compatible; MSIE 7.0; Windows NT 5.2;  SLCC1;  .NET CLR 1.1.4325;  .NET CLR 2.0.40607;  .NET CLR 3.0.30729;  .NET CLR 3.5.30729;  InfoPath.2)"
