66.249.69.74 - - [14/Mar/2012:14:10:42 -0700] "GET /blog/2009/10/21/ HTTP/1.1" 200 5913 "-" "Mozilla/5.0 (compatible; Googlebot/2.1; +http://www.google.com/bot.html)"
85.17.88.169 - - [14/Mar/2012:14:11:57 -0700] "POST /blog/wp-cron.php?doing_wp_cron=1331759408 HTTP/1.0" 499 0 "-" "WordPress/3.3.1; http://yuvi.in/blog"
209.85.238.115 - - [14/Mar/2012:14:11:57 -0700] "GET /blog/feed/ HTTP/1.1" 304 0 "-" "Feedfetcher-Google; (+http://www.google.com/feedfetcher.html; 19 subscribers; feed-id=15064232456473204253)"
85.17.88.169 - - [14/Mar/2012:14:12:38 -0700] "POST /blog/wp-cron.php?doing_wp_cron=1331759449 HTTP/1.0" 499 0 "-" "WordPress/3.3.1; http://yuvi.in/blog"
66.249.69.74 - - [14/Mar/2012:14:12:39 -0700] "GET /blog/tag/bigco/ HTTP/1.1" 200 4864 "-" "Mozilla/5.0 (compatible; Googlebot/2.1; +http://www.google.com/bot.html)"
85.17.88.169 - - [14/Mar/2012:14:15:22 -0700] "POST /blog/wp-cron.php?doing_wp_cron=1331759613 HTTP/1.0" 499 0 "-" "WordPress/3.3.1; http://yuvi.in/blog"
213.190.218.39 - - [14/Mar/2012:14:15:22 -0700] "GET /blog/program/ HTTP/1.1" 200 27150 "-" "Mozilla/5.0 (compatible; Googlebot/2.1; +http://www.google.com/bot.html)"
85.17.88.169 - - [14/Mar/2012:14:18:24 -0700] "POST /blog/wp-cron.php?doing_wp_cron=1331759795 HTTP/1.0" 499 0 "-" "WordPress/3.3.1; http://yuvi.in/blog"
208.115.111.68 - - [14/Mar/2012:14:18:24 -0700] "GET /blog/category/code/page/5/ HTTP/1.1" 200 36144 "-" "Mozilla/5.0 (compatible; Ezooms/1.0; ezooms.bot@gmail.com)"
85.17.88.169 - - [14/Mar/2012:14:18:30 -0700] "POST /blog/wp-cron.php?doing_wp_cron=1331759801 HTTP/1.0" 499 0 "-" "WordPress/3.3.1; http://yuvi.in/blog"
208.115.111.68 - - [14/Mar/2012:14:18:31 -0700] "GET /blog/cute-dress/ HTTP/1.1" 200 18013 "-" "Mozilla/5.0 (compatible; Ezooms/1.0; ezooms.bot@gmail.com)"
85.17.88.169 - - [14/Mar/2012:14:18:42 -0700] "POST /blog/wp-cron.php?doing_wp_cron=1331759813 HTTP/1.0" 499 0 "-" "WordPress/3.3.1; http://yuvi.in/blog"
208.115.111.68 - - [14/Mar/2012:14:18:43 -0700] "GET /blog/tag/code/feed/ HTTP/1.1" 200 17959 "-" "Mozilla/5.0 (compatible; Ezooms/1.0; ezooms.bot@gmail.com)"
208.115.111.68 - - [14/Mar/2012:14:18:47 -0700] "GET /blog/tag/gnome.html HTTP/1.1" 200 27319 "-" "Mozilla/5.0 (compatible; Ezooms/1.0; ezooms.bot@gmail.com)"
166.147.123.16 - - [14/Mar/2012:14:22:04 -0700] "GET /favicon.ico HTTP/1.1" 404 169 "-" "Reeder/1.5.4 CFNetwork/548.1.4 Darwin/11.0.0"
69.171.234.1 - - [14/Mar/2012:14:22:48 -0700] "GET /r/fmf HTTP/1.1" 301 255 "-" "facebookexternalhit/1.1 (+http://www.facebook.com/externalhit_uatext.php)"
69.171.234.0 - - [14/Mar/2012:14:22:48 -0700] "GET /s/ta/fmf/ HTTP/1.1" 302 349 "-" "facebookexternalhit/1.1 (+http://www.facebook.com/externalhit_uatext.php)"
85.17.88.169 - - [14/Mar/2012:14:24:03 -0700] "POST /blog/wp-cron.php?doing_wp_cron=1331760134 HTTP/1.0" 499 0 "-" "WordPress/3.3.1; http://yuvi.in/blog"
157.55.16.230 - - [14/Mar/2012:14:24:03 -0700] "GET /blog/we-must-take-india-as-it-is-jules-verne/ HTTP/1.1" 200 6068 "-" "Mozilla/5.0 (compatible; bingbot/2.0; +http://www.bing.com/bingbot.htm)"
189.19.52.176 - - [14/Mar/2012:14:24:16 -0700] "GET /blog/ HTTP/1.1" 200 33222 "-" "Mozilla/5.0 (compatible; Googlebot/2.1; +http://www.google.com/bot.html)"
85.17.88.169 - - [14/Mar/2012:14:24:21 -0700] "POST /blog/wp-cron.php?doing_wp_cron=1331760153 HTTP/1.0" 499 0 "-" "WordPress/3.3.1; http://yuvi.in/blog"
66.249.69.74 - - [14/Mar/2012:14:24:22 -0700] "GET /blog/tag/crime/ HTTP/1.1" 200 8148 "-" "Mozilla/5.0 (compatible; Googlebot/2.1; +http://www.google.com/bot.html)"
85.17.88.169 - - [14/Mar/2012:14:24:32 -0700] "POST /blog/wp-cron.php?doing_wp_cron=1331760163 HTTP/1.0" 499 0 "-" "WordPress/3.3.1; http://yuvi.in/blog"
188.37.66.63 - - [14/Mar/2012:14:24:33 -0700] "GET /blog/category/personal/ HTTP/1.1" 200 46043 "-" "Mozilla/5.0 (compatible; Googlebot/2.1; +http://www.google.com/bot.html)"
85.17.88.169 - - [14/Mar/2012:14:28:41 -0700] "POST /blog/wp-cron.php?doing_wp_cron=1331760412 HTTP/1.0" 499 0 "-" "WordPress/3.3.1; http://yuvi.in/blog"
209.85.224.81 - - [14/Mar/2012:14:28:41 -0700] "GET /blog/feed HTTP/1.1" 304 0 "-" "FeedBurner/1.0 (http://www.FeedBurner.com)"
187.108.137.210 - - [14/Mar/2012:14:31:46 -0700] "GET /blog/ HTTP/1.1" 200 33207 "-" "Mozilla/5.0 (compatible; Googlebot/2.1; +http://www.google.com/bot.html)"
85.17.88.169 - - [14/Mar/2012:14:32:09 -0700] "POST /blog/wp-cron.php?doing_wp_cron=1331760620 HTTP/1.0" 499 0 "-" "WordPress/3.3.1; http://yuvi.in/blog"
209.85.238.115 - - [14/Mar/2012:14:32:09 -0700] "GET /blog/feed HTTP/1.1" 301 0 "-" "Feedfetcher-Google; (+http://www.google.com/feedfetcher.html; 3 subscribers; feed-id=17684830852112633560)"
85.17.88.169 - - [14/Mar/2012:14:32:11 -0700] "POST /blog/wp-cron.php?doing_wp_cron=1331760622 HTTP/1.0" 499 0 "-" "WordPress/3.3.1; http://yuvi.in/blog"
209.85.238.115 - - [14/Mar/2012:14:32:11 -0700] "GET /blog/feed/ HTTP/1.1" 304 0 "-" "Feedfetcher-Google; (+http://www.google.com/feedfetcher.html; 3 subscribers; feed-id=17684830852112633560)"
117.202.66.41 - - [14/Mar/2012:14:35:09 -0700] "GET /POSM HTTP/1.1" 301 185 "-" "Mozilla/5.0 (Macintosh; Intel Mac OS X 10_7_2) AppleWebKit/535.1 (KHTML, like Gecko) Chrome/14.0.835.202 Safari/535.1"
117.202.66.41 - - [14/Mar/2012:14:35:10 -0700] "GET /POSM/ HTTP/1.1" 200 1963 "-" "Mozilla/5.0 (Macintosh; Intel Mac OS X 10_7_2) AppleWebKit/535.1 (KHTML, like Gecko) Chrome/14.0.835.202 Safari/535.1"
117.202.66.41 - - [14/Mar/2012:14:35:11 -0700] "GET /POSM/creds.js HTTP/1.1" 200 89 "http://yuvi.in/POSM/" "Mozilla/5.0 (Macintosh; Intel Mac OS X 10_7_2) AppleWebKit/535.1 (KHTML, like Gecko) Chrome/14.0.835.202 Safari/535.1"
117.202.66.41 - - [14/Mar/2012:14:35:11 -0700] "GET /POSM/lib/jquery.mobile.structure-1.0.1.css HTTP/1.1" 200 32452 "http://yuvi.in/POSM/" "Mozilla/5.0 (Macintosh; Intel Mac OS X 10_7_2) AppleWebKit/535.1 (KHTML, like Gecko) Chrome/14.0.835.202 Safari/535.1"
117.202.66.41 - - [14/Mar/2012:14:35:11 -0700] "GET /POSM/lib/underscore.js HTTP/1.1" 200 35168 "http://yuvi.in/POSM/" "Mozilla/5.0 (Macintosh; Intel Mac OS X 10_7_2) AppleWebKit/535.1 (KHTML, like Gecko) Chrome/14.0.835.202 Safari/535.1"
117.202.66.41 - - [14/Mar/2012:14:35:12 -0700] "GET /POSM/lib/phonegap.js HTTP/1.1" 200 144879 "http://yuvi.in/POSM/" "Mozilla/5.0 (Macintosh; Intel Mac OS X 10_7_2) AppleWebKit/535.1 (KHTML, like Gecko) Chrome/14.0.835.202 Safari/535.1"
117.202.66.41 - - [14/Mar/2012:14:35:12 -0700] "GET /POSM/lib/jquery.timeago.js HTTP/1.1" 200 4491 "http://yuvi.in/POSM/" "Mozilla/5.0 (Macintosh; Intel Mac OS X 10_7_2) AppleWebKit/535.1 (KHTML, like Gecko) Chrome/14.0.835.202 Safari/535.1"
117.202.66.41 - - [14/Mar/2012:14:35:13 -0700] "GET /POSM/lib/templates.js HTTP/1.1" 200 426 "http://yuvi.in/POSM/" "Mozilla/5.0 (Macintosh; Intel Mac OS X 10_7_2) AppleWebKit/535.1 (KHTML, like Gecko) Chrome/14.0.835.202 Safari/535.1"
117.202.66.41 - - [14/Mar/2012:14:35:13 -0700] "GET /POSM/lib/leaflet/leaflet.css HTTP/1.1" 200 6437 "http://yuvi.in/POSM/" "Mozilla/5.0 (Macintosh; Intel Mac OS X 10_7_2) AppleWebKit/535.1 (KHTML, like Gecko) Chrome/14.0.835.202 Safari/535.1"
117.202.66.41 - - [14/Mar/2012:14:35:14 -0700] "GET /POSM/zoomData.js HTTP/1.1" 200 1573 "http://yuvi.in/POSM/" "Mozilla/5.0 (Macintosh; Intel Mac OS X 10_7_2) AppleWebKit/535.1 (KHTML, like Gecko) Chrome/14.0.835.202 Safari/535.1"
117.202.66.41 - - [14/Mar/2012:14:35:14 -0700] "GET /POSM/lib/jquery.mobile-1.0.1.js HTTP/1.1" 200 221124 "http://yuvi.in/POSM/" "Mozilla/5.0 (Macintosh; Intel Mac OS X 10_7_2) AppleWebKit/535.1 (KHTML, like Gecko) Chrome/14.0.835.202 Safari/535.1"
117.202.66.41 - - [14/Mar/2012:14:35:14 -0700] "GET /POSM/js/tapbar.js HTTP/1.1" 200 881 "http://yuvi.in/POSM/" "Mozilla/5.0 (Macintosh; Intel Mac OS X 10_7_2) AppleWebKit/535.1 (KHTML, like Gecko) Chrome/14.0.835.202 Safari/535.1"
117.202.66.41 - - [14/Mar/2012:14:35:14 -0700] "GET /POSM/style.css HTTP/1.1" 200 1349 "http://yuvi.in/POSM/" "Mozilla/5.0 (Macintosh; Intel Mac OS X 10_7_2) AppleWebKit/535.1 (KHTML, like Gecko) Chrome/14.0.835.202 Safari/535.1"
117.202.66.41 - - [14/Mar/2012:14:35:15 -0700] "GET /POSM/lib/jquery.mobile-1.0.1.css HTTP/1.1" 200 83437 "http://yuvi.in/POSM/" "Mozilla/5.0 (Macintosh; Intel Mac OS X 10_7_2) AppleWebKit/535.1 (KHTML, like Gecko) Chrome/14.0.835.202 Safari/535.1"
117.202.66.41 - - [14/Mar/2012:14:35:16 -0700] "GET /POSM/lib/jquery-1.7.1.min.js HTTP/1.1" 200 93868 "http://yuvi.in/POSM/" "Mozilla/5.0 (Macintosh; Intel Mac OS X 10_7_2) AppleWebKit/535.1 (KHTML, like Gecko) Chrome/14.0.835.202 Safari/535.1"
117.202.66.41 - - [14/Mar/2012:14:35:16 -0700] "GET /POSM/lib/TileLayer.Bing.js HTTP/1.1" 200 5317 "http://yuvi.in/POSM/" "Mozilla/5.0 (Macintosh; Intel Mac OS X 10_7_2) AppleWebKit/535.1 (KHTML, like Gecko) Chrome/14.0.835.202 Safari/535.1"
117.202.66.41 - - [14/Mar/2012:14:35:18 -0700] "GET /POSM/js/poimanager.js HTTP/1.1" 200 9309 "http://yuvi.in/POSM/" "Mozilla/5.0 (Macintosh; Intel Mac OS X 10_7_2) AppleWebKit/535.1 (KHTML, like Gecko) Chrome/14.0.835.202 Safari/535.1"
117.202.66.41 - - [14/Mar/2012:14:35:18 -0700] "GET /POSM/js/curpos.js HTTP/1.1" 200 1793 "http://yuvi.in/POSM/" "Mozilla/5.0 (Macintosh; Intel Mac OS X 10_7_2) AppleWebKit/535.1 (KHTML, like Gecko) Chrome/14.0.835.202 Safari/535.1"
117.202.66.41 - - [14/Mar/2012:14:35:18 -0700] "GET /POSM/js/changesets.js HTTP/1.1" 200 1226 "http://yuvi.in/POSM/" "Mozilla/5.0 (Macintosh; Intel Mac OS X 10_7_2) AppleWebKit/535.1 (KHTML, like Gecko) Chrome/14.0.835.202 Safari/535.1"
117.202.66.41 - - [14/Mar/2012:14:35:18 -0700] "GET /POSM/js/poi.js HTTP/1.1" 200 2031 "http://yuvi.in/POSM/" "Mozilla/5.0 (Macintosh; Intel Mac OS X 10_7_2) AppleWebKit/535.1 (KHTML, like Gecko) Chrome/14.0.835.202 Safari/535.1"
117.202.66.41 - - [14/Mar/2012:14:35:18 -0700] "GET /POSM/js/main.js HTTP/1.1" 200 9616 "http://yuvi.in/POSM/" "Mozilla/5.0 (Macintosh; Intel Mac OS X 10_7_2) AppleWebKit/535.1 (KHTML, like Gecko) Chrome/14.0.835.202 Safari/535.1"
117.202.66.41 - - [14/Mar/2012:14:35:21 -0700] "GET /POSM/lib/leaflet/leaflet-src.js HTTP/1.1" 200 133300 "http://yuvi.in/POSM/" "Mozilla/5.0 (Macintosh; Intel Mac OS X 10_7_2) AppleWebKit/535.1 (KHTML, like Gecko) Chrome/14.0.835.202 Safari/535.1"
117.202.66.41 - - [14/Mar/2012:14:35:22 -0700] "GET /POSM/img/mapmode.png HTTP/1.1" 200 1168 "http://yuvi.in/POSM/" "Mozilla/5.0 (Macintosh; Intel Mac OS X 10_7_2) AppleWebKit/535.1 (KHTML, like Gecko) Chrome/14.0.835.202 Safari/535.1"
117.202.66.41 - - [14/Mar/2012:14:35:22 -0700] "GET /POSM/img/preferences.png HTTP/1.1" 200 748 "http://yuvi.in/POSM/" "Mozilla/5.0 (Macintosh; Intel Mac OS X 10_7_2) AppleWebKit/535.1 (KHTML, like Gecko) Chrome/14.0.835.202 Safari/535.1"
117.202.66.41 - - [14/Mar/2012:14:35:22 -0700] "GET /POSM/img/refresh.png HTTP/1.1" 200 868 "http://yuvi.in/POSM/" "Mozilla/5.0 (Macintosh; Intel Mac OS X 10_7_2) AppleWebKit/535.1 (KHTML, like Gecko) Chrome/14.0.835.202 Safari/535.1"
117.202.66.41 - - [14/Mar/2012:14:35:22 -0700] "GET /POSM/img/mylocation.png HTTP/1.1" 200 803 "http://yuvi.in/POSM/" "Mozilla/5.0 (Macintosh; Intel Mac OS X 10_7_2) AppleWebKit/535.1 (KHTML, like Gecko) Chrome/14.0.835.202 Safari/535.1"
117.202.66.41 - - [14/Mar/2012:14:35:22 -0700] "GET /POSM/img/save.png HTTP/1.1" 404 199 "http://yuvi.in/POSM/" "Mozilla/5.0 (Macintosh; Intel Mac OS X 10_7_2) AppleWebKit/535.1 (KHTML, like Gecko) Chrome/14.0.835.202 Safari/535.1"
117.202.66.41 - - [14/Mar/2012:14:35:23 -0700] "GET /POSM/lib/images/ajax-loader.png HTTP/1.1" 200 366 "http://yuvi.in/POSM/" "Mozilla/5.0 (Macintosh; Intel Mac OS X 10_7_2) AppleWebKit/535.1 (KHTML, like Gecko) Chrome/14.0.835.202 Safari/535.1"
117.202.66.41 - - [14/Mar/2012:14:35:24 -0700] "GET /POSM/img/back.png HTTP/1.1" 200 420 "http://yuvi.in/POSM/" "Mozilla/5.0 (Macintosh; Intel Mac OS X 10_7_2) AppleWebKit/535.1 (KHTML, like Gecko) Chrome/14.0.835.202 Safari/535.1"
117.202.66.41 - - [14/Mar/2012:14:35:25 -0700] "GET /POSM/lib/leaflet/images/zoom-in.png HTTP/1.1" 200 963 "http://yuvi.in/POSM/" "Mozilla/5.0 (Macintosh; Intel Mac OS X 10_7_2) AppleWebKit/535.1 (KHTML, like Gecko) Chrome/14.0.835.202 Safari/535.1"
117.202.66.41 - - [14/Mar/2012:14:35:25 -0700] "GET /POSM/lib/leaflet/images/zoom-out.png HTTP/1.1" 200 959 "http://yuvi.in/POSM/" "Mozilla/5.0 (Macintosh; Intel Mac OS X 10_7_2) AppleWebKit/535.1 (KHTML, like Gecko) Chrome/14.0.835.202 Safari/535.1"
117.202.66.41 - - [14/Mar/2012:14:35:28 -0700] "GET /favicon.ico HTTP/1.1" 404 199 "-" "Mozilla/5.0 (Macintosh; Intel Mac OS X 10_7_2) AppleWebKit/535.1 (KHTML, like Gecko) Chrome/14.0.835.202 Safari/535.1"
85.17.88.169 - - [14/Mar/2012:14:37:14 -0700] "POST /blog/wp-cron.php?doing_wp_cron=1331760925 HTTP/1.0" 499 0 "-" "WordPress/3.3.1; http://yuvi.in/blog"
66.249.69.74 - - [14/Mar/2012:14:37:14 -0700] "GET /blog/tag/photo/ HTTP/1.1" 200 4693 "-" "Mozilla/5.0 (compatible; Googlebot/2.1; +http://www.google.com/bot.html)"
184.154.48.82 - - [14/Mar/2012:14:43:45 -0700] "GET /robots.txt HTTP/1.0" 404 169 "-" "Mozilla/5.0 (compatible; MJ12bot/v1.4.2; http://www.majestic12.co.uk/bot.php?+)"
184.154.48.82 - - [14/Mar/2012:14:43:57 -0700] "GET /blog HTTP/1.0" 301 178 "-" "Mozilla/5.0 (compatible; MJ12bot/v1.4.2; http://www.majestic12.co.uk/bot.php?+)"
184.154.48.82 - - [14/Mar/2012:14:44:00 -0700] "GET /blog/ HTTP/1.0" 200 9193 "-" "Mozilla/5.0 (compatible; MJ12bot/v1.4.2; http://www.majestic12.co.uk/bot.php?+)"
184.154.48.82 - - [14/Mar/2012:14:44:02 -0700] "GET /blog/-room-full-of-people-like-me.html HTTP/1.0" 200 6092 "-" "Mozilla/5.0 (compatible; MJ12bot/v1.4.2; http://www.majestic12.co.uk/bot.php?+)"
85.17.88.169 - - [14/Mar/2012:14:44:05 -0700] "POST /blog/wp-cron.php?doing_wp_cron=1331761336 HTTP/1.0" 499 0 "-" "WordPress/3.3.1; http://yuvi.in/blog"
184.154.48.82 - - [14/Mar/2012:14:44:06 -0700] "GET /blog/?dem_action=view HTTP/1.0" 200 33035 "-" "Mozilla/5.0 (compatible; MJ12bot/v1.4.2; http://www.majestic12.co.uk/bot.php?+)"
85.17.88.169 - - [14/Mar/2012:14:44:10 -0700] "POST /blog/wp-cron.php?doing_wp_cron=1331761341 HTTP/1.0" 499 0 "-" "WordPress/3.3.1; http://yuvi.in/blog"
184.154.48.82 - - [14/Mar/2012:14:44:11 -0700] "GET /blog/?p=361 HTTP/1.0" 404 12272 "-" "Mozilla/5.0 (compatible; MJ12bot/v1.4.2; http://www.majestic12.co.uk/bot.php?+)"
184.154.48.82 - - [14/Mar/2012:14:44:12 -0700] "GET /blog/a-bigger-binary-heart.html HTTP/1.0" 200 5382 "-" "Mozilla/5.0 (compatible; MJ12bot/v1.4.2; http://www.majestic12.co.uk/bot.php?+)"
85.17.88.169 - - [14/Mar/2012:14:44:16 -0700] "POST /blog/wp-cron.php?doing_wp_cron=1331761347 HTTP/1.0" 499 0 "-" "WordPress/3.3.1; http://yuvi.in/blog"
184.154.48.82 - - [14/Mar/2012:14:44:16 -0700] "GET /blog/about HTTP/1.0" 301 0 "-" "Mozilla/5.0 (compatible; MJ12bot/v1.4.2; http://www.majestic12.co.uk/bot.php?+)"
85.17.88.169 - - [14/Mar/2012:14:44:19 -0700] "POST /blog/wp-cron.php?doing_wp_cron=1331761350 HTTP/1.0" 499 0 "-" "WordPress/3.3.1; http://yuvi.in/blog"
184.154.48.82 - - [14/Mar/2012:14:44:20 -0700] "GET /blog/about/ HTTP/1.0" 200 14463 "-" "Mozilla/5.0 (compatible; MJ12bot/v1.4.2; http://www.majestic12.co.uk/bot.php?+)"
184.154.48.82 - - [14/Mar/2012:14:44:22 -0700] "GET /blog/about-me.html HTTP/1.0" 200 6863 "-" "Mozilla/5.0 (compatible; MJ12bot/v1.4.2; http://www.majestic12.co.uk/bot.php?+)"
184.154.48.82 - - [14/Mar/2012:14:44:24 -0700] "GET /blog/anatomy-of-an-impromptu-hackathon-git-vs-svn.html HTTP/1.0" 200 8586 "-" "Mozilla/5.0 (compatible; MJ12bot/v1.4.2; http://www.majestic12.co.uk/bot.php?+)"
184.154.48.82 - - [14/Mar/2012:14:44:25 -0700] "GET /blog/attraction-or-admiration.html HTTP/1.0" 200 5416 "-" "Mozilla/5.0 (compatible; MJ12bot/v1.4.2; http://www.majestic12.co.uk/bot.php?+)"
184.154.48.82 - - [14/Mar/2012:14:44:27 -0700] "GET /blog/autokrish-because-we-don-t-get-enough-jilpa.html HTTP/1.0" 200 6452 "-" "Mozilla/5.0 (compatible; MJ12bot/v1.4.2; http://www.majestic12.co.uk/bot.php?+)"
184.154.48.82 - - [14/Mar/2012:14:44:29 -0700] "GET /blog/blogging-from-under-the-table-during-class.html HTTP/1.0" 200 6290 "-" "Mozilla/5.0 (compatible; MJ12bot/v1.4.2; http://www.majestic12.co.uk/bot.php?+)"
184.154.48.82 - - [14/Mar/2012:14:44:31 -0700] "GET /blog/cheese-2-31-1-released.html HTTP/1.0" 200 10050 "-" "Mozilla/5.0 (compatible; MJ12bot/v1.4.2; http://www.majestic12.co.uk/bot.php?+)"
184.154.48.82 - - [14/Mar/2012:14:44:33 -0700] "GET /robots.txt HTTP/1.0" 404 169 "-" "Mozilla/5.0 (compatible; MJ12bot/v1.4.2; http://www.majestic12.co.uk/bot.php?+)"
184.154.48.82 - - [14/Mar/2012:14:44:35 -0700] "GET /blog/cheese-gsoc-report-week-1.html HTTP/1.0" 200 6741 "-" "Mozilla/5.0 (compatible; MJ12bot/v1.4.2; http://www.majestic12.co.uk/bot.php?+)"
184.154.48.82 - - [14/Mar/2012:14:44:37 -0700] "GET /blog/cheese-gsoc-report-week-2.html HTTP/1.0" 200 7085 "-" "Mozilla/5.0 (compatible; MJ12bot/v1.4.2; http://www.majestic12.co.uk/bot.php?+)"
184.154.48.82 - - [14/Mar/2012:14:44:39 -0700] "GET /blog/code-highligting-plugin-for-hislain.html HTTP/1.0" 200 5810 "-" "Mozilla/5.0 (compatible; MJ12bot/v1.4.2; http://www.majestic12.co.uk/bot.php?+)"
184.154.48.82 - - [14/Mar/2012:14:44:41 -0700] "GET /blog/code-i-ve-written-so-far.html HTTP/1.0" 200 6931 "-" "Mozilla/5.0 (compatible; MJ12bot/v1.4.2; http://www.majestic12.co.uk/bot.php?+)"
85.17.88.169 - - [14/Mar/2012:14:44:45 -0700] "POST /blog/wp-cron.php?doing_wp_cron=1331761376 HTTP/1.0" 499 0 "-" "WordPress/3.3.1; http://yuvi.in/blog"
184.154.48.82 - - [14/Mar/2012:14:44:45 -0700] "GET /blog/devlog-feb-2011 HTTP/1.0" 301 0 "-" "Mozilla/5.0 (compatible; MJ12bot/v1.4.2; http://www.majestic12.co.uk/bot.php?+)"
85.17.88.169 - - [14/Mar/2012:14:44:49 -0700] "POST /blog/wp-cron.php?doing_wp_cron=1331761380 HTTP/1.0" 499 0 "-" "WordPress/3.3.1; http://yuvi.in/blog"
184.154.48.82 - - [14/Mar/2012:14:44:49 -0700] "GET /blog/devlog-feb-2011/ HTTP/1.0" 200 17896 "-" "Mozilla/5.0 (compatible; MJ12bot/v1.4.2; http://www.majestic12.co.uk/bot.php?+)"
184.154.48.82 - - [14/Mar/2012:14:44:51 -0700] "GET /blog/devlog-feb-2011.html HTTP/1.0" 200 7216 "-" "Mozilla/5.0 (compatible; MJ12bot/v1.4.2; http://www.majestic12.co.uk/bot.php?+)"
184.154.48.82 - - [14/Mar/2012:14:44:53 -0700] "GET /blog/devlog-jan-2011.html HTTP/1.0" 200 10437 "-" "Mozilla/5.0 (compatible; MJ12bot/v1.4.2; http://www.majestic12.co.uk/bot.php?+)"
184.154.48.82 - - [14/Mar/2012:14:44:56 -0700] "GET /blog/dokuwiki-plugin-to-easily-embed-gists.html HTTP/1.0" 200 5702 "-" "Mozilla/5.0 (compatible; MJ12bot/v1.4.2; http://www.majestic12.co.uk/bot.php?+)"
184.154.48.82 - - [14/Mar/2012:14:44:58 -0700] "GET /blog/emacs.html HTTP/1.0" 200 7528 "-" "Mozilla/5.0 (compatible; MJ12bot/v1.4.2; http://www.majestic12.co.uk/bot.php?+)"
184.154.48.82 - - [14/Mar/2012:14:44:59 -0700] "GET /blog/enthusiastic-teachers-and-naive-implementation-of-gauss-seidel-approximations.html HTTP/1.0" 200 6947 "-" "Mozilla/5.0 (compatible; MJ12bot/v1.4.2; http://www.majestic12.co.uk/bot.php?+)"
85.17.88.169 - - [14/Mar/2012:14:45:03 -0700] "POST /blog/wp-cron.php?doing_wp_cron=1331761394 HTTP/1.0" 499 0 "-" "WordPress/3.3.1; http://yuvi.in/blog"
184.154.48.82 - - [14/Mar/2012:14:45:03 -0700] "GET /blog/feed HTTP/1.0" 301 0 "-" "Mozilla/5.0 (compatible; MJ12bot/v1.4.2; http://www.majestic12.co.uk/bot.php?+)"
85.17.88.169 - - [14/Mar/2012:14:45:06 -0700] "POST /blog/wp-cron.php?doing_wp_cron=1331761397 HTTP/1.0" 499 0 "-" "WordPress/3.3.1; http://yuvi.in/blog"
184.154.48.82 - - [14/Mar/2012:14:45:07 -0700] "GET /blog/feed/ HTTP/1.0" 200 21686 "-" "Mozilla/5.0 (compatible; MJ12bot/v1.4.2; http://www.majestic12.co.uk/bot.php?+)"
85.17.88.169 - - [14/Mar/2012:14:45:10 -0700] "POST /blog/wp-cron.php?doing_wp_cron=1331761401 HTTP/1.0" 499 0 "-" "WordPress/3.3.1; http://yuvi.in/blog"
184.154.48.82 - - [14/Mar/2012:14:45:11 -0700] "GET /blog/feed/atom HTTP/1.0" 301 0 "-" "Mozilla/5.0 (compatible; MJ12bot/v1.4.2; http://www.majestic12.co.uk/bot.php?+)"
85.17.88.169 - - [14/Mar/2012:14:45:14 -0700] "POST /blog/wp-cron.php?doing_wp_cron=1331761405 HTTP/1.0" 499 0 "-" "WordPress/3.3.1; http://yuvi.in/blog"
184.154.48.82 - - [14/Mar/2012:14:45:14 -0700] "GET /blog/feed/atom/ HTTP/1.0" 200 24049 "-" "Mozilla/5.0 (compatible; MJ12bot/v1.4.2; http://www.majestic12.co.uk/bot.php?+)"
184.154.48.82 - - [14/Mar/2012:14:45:17 -0700] "GET /blog/functional-programming-geekweekend-at-thoughtworks.html HTTP/1.0" 200 9313 "-" "Mozilla/5.0 (compatible; MJ12bot/v1.4.2; http://www.majestic12.co.uk/bot.php?+)"
184.154.48.82 - - [14/Mar/2012:14:45:19 -0700] "GET /blog/gsoc-2010-proposal.html HTTP/1.0" 200 13699 "-" "Mozilla/5.0 (compatible; MJ12bot/v1.4.2; http://www.majestic12.co.uk/bot.php?+)"
184.154.48.82 - - [14/Mar/2012:14:45:21 -0700] "GET /blog/gsoc-2010-the-beginning.html HTTP/1.0" 200 6584 "-" "Mozilla/5.0 (compatible; MJ12bot/v1.4.2; http://www.majestic12.co.uk/bot.php?+)"
184.154.48.82 - - [14/Mar/2012:14:45:23 -0700] "GET /blog/gsoc-milestone-0-what-does-my-project-do.html HTTP/1.0" 200 6877 "-" "Mozilla/5.0 (compatible; MJ12bot/v1.4.2; http://www.majestic12.co.uk/bot.php?+)"
184.154.48.82 - - [14/Mar/2012:14:45:24 -0700] "GET /blog/gsoc-milestones-vala-build-using-autotools.html HTTP/1.0" 200 9275 "-" "Mozilla/5.0 (compatible; MJ12bot/v1.4.2; http://www.majestic12.co.uk/bot.php?+)"
184.154.48.82 - - [14/Mar/2012:14:45:26 -0700] "GET /blog/gstreamer-101-at-gnome-asia-2011.html HTTP/1.0" 200 5753 "-" "Mozilla/5.0 (compatible; MJ12bot/v1.4.2; http://www.majestic12.co.uk/bot.php?+)"
184.154.48.82 - - [14/Mar/2012:14:45:28 -0700] "GET /blog/hackfest-09-expectations.html HTTP/1.0" 200 6001 "-" "Mozilla/5.0 (compatible; MJ12bot/v1.4.2; http://www.majestic12.co.uk/bot.php?+)"
184.154.48.82 - - [14/Mar/2012:14:45:30 -0700] "GET /blog/hacking-more.html HTTP/1.0" 200 6191 "-" "Mozilla/5.0 (compatible; MJ12bot/v1.4.2; http://www.majestic12.co.uk/bot.php?+)"
85.17.88.169 - - [14/Mar/2012:14:45:33 -0700] "POST /blog/wp-cron.php?doing_wp_cron=1331761424 HTTP/1.0" 499 0 "-" "WordPress/3.3.1; http://yuvi.in/blog"
184.154.48.82 - - [14/Mar/2012:14:45:34 -0700] "GET /blog/hello-world-again HTTP/1.0" 301 0 "-" "Mozilla/5.0 (compatible; MJ12bot/v1.4.2; http://www.majestic12.co.uk/bot.php?+)"
85.17.88.169 - - [14/Mar/2012:14:45:37 -0700] "POST /blog/wp-cron.php?doing_wp_cron=1331761428 HTTP/1.0" 499 0 "-" "WordPress/3.3.1; http://yuvi.in/blog"
184.154.48.82 - - [14/Mar/2012:14:45:37 -0700] "GET /blog/hello-world-again/ HTTP/1.0" 200 18479 "-" "Mozilla/5.0 (compatible; MJ12bot/v1.4.2; http://www.majestic12.co.uk/bot.php?+)"
184.154.48.82 - - [14/Mar/2012:14:45:39 -0700] "GET /blog/hello-world-again.html HTTP/1.0" 200 7971 "-" "Mozilla/5.0 (compatible; MJ12bot/v1.4.2; http://www.majestic12.co.uk/bot.php?+)"
184.154.48.82 - - [14/Mar/2012:14:45:41 -0700] "GET /blog/i-have-a-motorbike.html HTTP/1.0" 200 6392 "-" "Mozilla/5.0 (compatible; MJ12bot/v1.4.2; http://www.majestic12.co.uk/bot.php?+)"
184.154.48.82 - - [14/Mar/2012:14:45:43 -0700] "GET /blog/icc-rules-for-backyard-cricket.html HTTP/1.0" 200 5439 "-" "Mozilla/5.0 (compatible; MJ12bot/v1.4.2; http://www.majestic12.co.uk/bot.php?+)"
184.154.48.82 - - [14/Mar/2012:14:45:45 -0700] "GET /robots.txt HTTP/1.0" 404 169 "-" "Mozilla/5.0 (compatible; MJ12bot/v1.4.2; http://www.majestic12.co.uk/bot.php?+)"
85.17.88.169 - - [14/Mar/2012:14:45:48 -0700] "POST /blog/wp-cron.php?doing_wp_cron=1331761439 HTTP/1.0" 499 0 "-" "WordPress/3.3.1; http://yuvi.in/blog"
184.154.48.82 - - [14/Mar/2012:14:45:49 -0700] "GET /blog/infosys-tcs-or-wipro-none HTTP/1.0" 301 0 "-" "Mozilla/5.0 (compatible; MJ12bot/v1.4.2; http://www.majestic12.co.uk/bot.php?+)"
85.17.88.169 - - [14/Mar/2012:14:45:53 -0700] "POST /blog/wp-cron.php?doing_wp_cron=1331761444 HTTP/1.0" 499 0 "-" "WordPress/3.3.1; http://yuvi.in/blog"
184.154.48.82 - - [14/Mar/2012:14:45:54 -0700] "GET /blog/infosys-tcs-or-wipro-none/ HTTP/1.0" 200 24369 "-" "Mozilla/5.0 (compatible; MJ12bot/v1.4.2; http://www.majestic12.co.uk/bot.php?+)"
184.154.48.82 - - [14/Mar/2012:14:45:55 -0700] "GET /blog/measure-of-learning-epiphanies-per-session.html HTTP/1.0" 200 6487 "-" "Mozilla/5.0 (compatible; MJ12bot/v1.4.2; http://www.majestic12.co.uk/bot.php?+)"
184.154.48.82 - - [14/Mar/2012:14:45:57 -0700] "GET /blog/more-effects-for-cheese.html HTTP/1.0" 200 5775 "-" "Mozilla/5.0 (compatible; MJ12bot/v1.4.2; http://www.majestic12.co.uk/bot.php?+)"
184.154.48.82 - - [14/Mar/2012:14:45:59 -0700] "GET /blog/moving-to-vim-from-emacs.html HTTP/1.0" 200 6340 "-" "Mozilla/5.0 (compatible; MJ12bot/v1.4.2; http://www.majestic12.co.uk/bot.php?+)"
184.154.48.82 - - [14/Mar/2012:14:46:01 -0700] "GET /blog/my-first-accepted-patch.html HTTP/1.0" 200 6183 "-" "Mozilla/5.0 (compatible; MJ12bot/v1.4.2; http://www.majestic12.co.uk/bot.php?+)"
184.154.48.82 - - [14/Mar/2012:14:46:03 -0700] "GET /blog/my-involvement-in-novelrace.html HTTP/1.0" 200 6162 "-" "Mozilla/5.0 (compatible; MJ12bot/v1.4.2; http://www.majestic12.co.uk/bot.php?+)"
85.17.88.169 - - [14/Mar/2012:14:46:06 -0700] "POST /blog/wp-cron.php?doing_wp_cron=1331761457 HTTP/1.0" 499 0 "-" "WordPress/3.3.1; http://yuvi.in/blog"
184.154.48.82 - - [14/Mar/2012:14:46:07 -0700] "GET /blog/my-new-canon-550d-from-flipkart HTTP/1.0" 301 0 "-" "Mozilla/5.0 (compatible; MJ12bot/v1.4.2; http://www.majestic12.co.uk/bot.php?+)"
184.154.48.82 - - [14/Mar/2012:14:46:08 -0700] "GET /blog/my-new-canon-550d-from-flipkart/ HTTP/1.0" 200 4930 "-" "Mozilla/5.0 (compatible; MJ12bot/v1.4.2; http://www.majestic12.co.uk/bot.php?+)"
184.154.48.82 - - [14/Mar/2012:14:46:11 -0700] "GET /blog/nen-first-dot-2010-what-i-learnt.html HTTP/1.0" 200 8854 "-" "Mozilla/5.0 (compatible; MJ12bot/v1.4.2; http://www.majestic12.co.uk/bot.php?+)"
184.154.48.82 - - [14/Mar/2012:14:46:13 -0700] "GET /blog/oldindex.html HTTP/1.0" 200 38114 "-" "Mozilla/5.0 (compatible; MJ12bot/v1.4.2; http://www.majestic12.co.uk/bot.php?+)"
184.154.48.82 - - [14/Mar/2012:14:46:14 -0700] "GET /blog/optimizing-life.html HTTP/1.0" 200 6991 "-" "Mozilla/5.0 (compatible; MJ12bot/v1.4.2; http://www.majestic12.co.uk/bot.php?+)"
85.17.88.169 - - [14/Mar/2012:14:46:18 -0700] "POST /blog/wp-cron.php?doing_wp_cron=1331761469 HTTP/1.0" 499 0 "-" "WordPress/3.3.1; http://yuvi.in/blog"
184.154.48.82 - - [14/Mar/2012:14:46:18 -0700] "GET /blog/orwell-and-huxley HTTP/1.0" 301 0 "-" "Mozilla/5.0 (compatible; MJ12bot/v1.4.2; http://www.majestic12.co.uk/bot.php?+)"
85.17.88.169 - - [14/Mar/2012:14:46:21 -0700] "POST /blog/wp-cron.php?doing_wp_cron=1331761473 HTTP/1.0" 499 0 "-" "WordPress/3.3.1; http://yuvi.in/blog"
184.154.48.82 - - [14/Mar/2012:14:46:22 -0700] "GET /blog/orwell-and-huxley/ HTTP/1.0" 200 16104 "-" "Mozilla/5.0 (compatible; MJ12bot/v1.4.2; http://www.majestic12.co.uk/bot.php?+)"
184.154.48.82 - - [14/Mar/2012:14:46:24 -0700] "GET /blog/orwell-and-huxley.html HTTP/1.0" 200 5580 "-" "Mozilla/5.0 (compatible; MJ12bot/v1.4.2; http://www.majestic12.co.uk/bot.php?+)"
85.17.88.169 - - [14/Mar/2012:14:46:27 -0700] "POST /blog/wp-cron.php?doing_wp_cron=1331761478 HTTP/1.0" 499 0 "-" "WordPress/3.3.1; http://yuvi.in/blog"
184.154.48.82 - - [14/Mar/2012:14:46:27 -0700] "GET /blog/page/2 HTTP/1.0" 301 0 "-" "Mozilla/5.0 (compatible; MJ12bot/v1.4.2; http://www.majestic12.co.uk/bot.php?+)"
85.17.88.169 - - [14/Mar/2012:14:46:31 -0700] "POST /blog/wp-cron.php?doing_wp_cron=1331761482 HTTP/1.0" 499 0 "-" "WordPress/3.3.1; http://yuvi.in/blog"
184.154.48.82 - - [14/Mar/2012:14:46:31 -0700] "GET /blog/page/2/ HTTP/1.0" 200 76180 "-" "Mozilla/5.0 (compatible; MJ12bot/v1.4.2; http://www.majestic12.co.uk/bot.php?+)"
184.154.48.82 - - [14/Mar/2012:14:46:33 -0700] "GET /blog/picks-from-autogenerated-freya-quotes-nsfw.html HTTP/1.0" 200 7319 "-" "Mozilla/5.0 (compatible; MJ12bot/v1.4.2; http://www.majestic12.co.uk/bot.php?+)"
184.154.48.82 - - [14/Mar/2012:14:46:35 -0700] "GET /blog/pycon-2009-are-you-coming.html HTTP/1.0" 200 5297 "-" "Mozilla/5.0 (compatible; MJ12bot/v1.4.2; http://www.majestic12.co.uk/bot.php?+)"
184.154.48.82 - - [14/Mar/2012:14:46:37 -0700] "GET /blog/pycon-india-2009.html HTTP/1.0" 200 8963 "-" "Mozilla/5.0 (compatible; MJ12bot/v1.4.2; http://www.majestic12.co.uk/bot.php?+)"
184.154.48.82 - - [14/Mar/2012:14:46:39 -0700] "GET /blog/reddit-university-sicp-reading-group.html HTTP/1.0" 200 5728 "-" "Mozilla/5.0 (compatible; MJ12bot/v1.4.2; http://www.majestic12.co.uk/bot.php?+)"
184.154.48.82 - - [14/Mar/2012:14:46:40 -0700] "GET /blog/running-archlinux.html HTTP/1.0" 200 6760 "-" "Mozilla/5.0 (compatible; MJ12bot/v1.4.2; http://www.majestic12.co.uk/bot.php?+)"
184.154.48.82 - - [14/Mar/2012:14:46:42 -0700] "GET /blog/serendipity.html HTTP/1.0" 200 5833 "-" "Mozilla/5.0 (compatible; MJ12bot/v1.4.2; http://www.majestic12.co.uk/bot.php?+)"
184.154.48.82 - - [14/Mar/2012:14:46:44 -0700] "GET /blog/sicp-and-brainfuck.html HTTP/1.0" 200 5955 "-" "Mozilla/5.0 (compatible; MJ12bot/v1.4.2; http://www.majestic12.co.uk/bot.php?+)"
184.154.48.82 - - [14/Mar/2012:14:46:46 -0700] "GET /blog/six-years-of-blogging-and-eleven-years-of-coding.html HTTP/1.0" 200 5954 "-" "Mozilla/5.0 (compatible; MJ12bot/v1.4.2; http://www.majestic12.co.uk/bot.php?+)"
85.17.88.169 - - [14/Mar/2012:14:46:49 -0700] "POST /blog/wp-cron.php?doing_wp_cron=1331761500 HTTP/1.0" 499 0 "-" "WordPress/3.3.1; http://yuvi.in/blog"
184.154.48.82 - - [14/Mar/2012:14:46:50 -0700] "GET /blog/sleepsort-4chan HTTP/1.0" 301 0 "-" "Mozilla/5.0 (compatible; MJ12bot/v1.4.2; http://www.majestic12.co.uk/bot.php?+)"
85.17.88.169 - - [14/Mar/2012:14:46:53 -0700] "POST /blog/wp-cron.php?doing_wp_cron=1331761504 HTTP/1.0" 499 0 "-" "WordPress/3.3.1; http://yuvi.in/blog"
184.154.48.82 - - [14/Mar/2012:14:46:54 -0700] "GET /blog/sleepsort-4chan/ HTTP/1.0" 200 16679 "-" "Mozilla/5.0 (compatible; MJ12bot/v1.4.2; http://www.majestic12.co.uk/bot.php?+)"
184.154.48.82 - - [14/Mar/2012:14:46:56 -0700] "GET /blog/tag/autopeople.html HTTP/1.0" 200 8090 "-" "Mozilla/5.0 (compatible; MJ12bot/v1.4.2; http://www.majestic12.co.uk/bot.php?+)"
184.154.48.82 - - [14/Mar/2012:14:46:58 -0700] "GET /blog/tag/blog.html HTTP/1.0" 200 7680 "-" "Mozilla/5.0 (compatible; MJ12bot/v1.4.2; http://www.majestic12.co.uk/bot.php?+)"
184.154.48.82 - - [14/Mar/2012:14:47:00 -0700] "GET /blog/tag/bs.html HTTP/1.0" 200 5548 "-" "Mozilla/5.0 (compatible; MJ12bot/v1.4.2; http://www.majestic12.co.uk/bot.php?+)"
184.154.48.82 - - [14/Mar/2012:14:47:02 -0700] "GET /blog/tag/cheese.html HTTP/1.0" 200 21086 "-" "Mozilla/5.0 (compatible; MJ12bot/v1.4.2; http://www.majestic12.co.uk/bot.php?+)"
85.17.88.169 - - [14/Mar/2012:14:49:43 -0700] "POST /blog/wp-cron.php?doing_wp_cron=1331761674 HTTP/1.0" 499 0 "-" "WordPress/3.3.1; http://yuvi.in/blog"
180.76.5.172 - - [14/Mar/2012:14:49:44 -0700] "GET /blog/tag/interview/ HTTP/1.1" 200 14345 "-" "Mozilla/5.0 (compatible; Baiduspider/2.0; +http://www.baidu.com/search/spider.html)"
194.230.155.14 - - [14/Mar/2012:14:54:01 -0700] "GET /r/4e9 HTTP/1.1" 301 255 "http://ta.wikipedia.org/wiki/%E0%AE%A4%E0%AF%81%E0%AE%B1%E0%AF%88%E0%AE%AE%E0%AF%81%E0%AE%95%E0%AE%AE%E0%AF%8D" "Mozilla/5.0 (Windows NT 6.1; WOW64) AppleWebKit/535.11 (KHTML, like Gecko) Chrome/17.0.963.79 Safari/535.11"
194.230.155.14 - - [14/Mar/2012:14:54:02 -0700] "GET /s/ta/4e9/ HTTP/1.1" 302 373 "http://ta.wikipedia.org/wiki/%E0%AE%A4%E0%AF%81%E0%AE%B1%E0%AF%88%E0%AE%AE%E0%AF%81%E0%AE%95%E0%AE%AE%E0%AF%8D" "Mozilla/5.0 (Windows NT 6.1; WOW64) AppleWebKit/535.11 (KHTML, like Gecko) Chrome/17.0.963.79 Safari/535.11"
85.17.88.169 - - [14/Mar/2012:14:54:12 -0700] "POST /blog/wp-cron.php?doing_wp_cron=1331761943 HTTP/1.0" 499 0 "-" "WordPress/3.3.1; http://yuvi.in/blog"
66.249.69.74 - - [14/Mar/2012:14:54:12 -0700] "GET /blog/tag/rights/ HTTP/1.1" 200 8148 "-" "Mozilla/5.0 (compatible; Googlebot/2.1; +http://www.google.com/bot.html)"
194.230.155.14 - - [14/Mar/2012:14:54:21 -0700] "-" 400 0 "-" "-"
69.171.224.249 - - [14/Mar/2012:14:54:36 -0700] "GET /blog/how-i-spent-the-day-today.html HTTP/1.1" 200 2962 "-" "facebookexternalhit/1.1 (+http://www.facebook.com/externalhit_uatext.php)"
184.154.48.82 - - [14/Mar/2012:14:55:44 -0700] "GET /robots.txt HTTP/1.0" 404 169 "-" "Mozilla/5.0 (compatible; MJ12bot/v1.4.2; http://www.majestic12.co.uk/bot.php?+)"
184.154.48.82 - - [14/Mar/2012:14:55:46 -0700] "GET /blog/tag/code.html HTTP/1.0" 200 60902 "-" "Mozilla/5.0 (compatible; MJ12bot/v1.4.2; http://www.majestic12.co.uk/bot.php?+)"
184.154.48.82 - - [14/Mar/2012:14:55:49 -0700] "GET /blog/tag/cricket.html HTTP/1.0" 200 5140 "-" "Mozilla/5.0 (compatible; MJ12bot/v1.4.2; http://www.majestic12.co.uk/bot.php?+)"
184.154.48.82 - - [14/Mar/2012:14:55:53 -0700] "GET /blog/tag/education.html HTTP/1.0" 200 10963 "-" "Mozilla/5.0 (compatible; MJ12bot/v1.4.2; http://www.majestic12.co.uk/bot.php?+)"
184.154.48.82 - - [14/Mar/2012:14:55:55 -0700] "GET /blog/tag/events.html HTTP/1.0" 200 14931 "-" "Mozilla/5.0 (compatible; MJ12bot/v1.4.2; http://www.majestic12.co.uk/bot.php?+)"
184.154.48.82 - - [14/Mar/2012:14:55:56 -0700] "GET /blog/tag/fun.html HTTP/1.0" 200 5136 "-" "Mozilla/5.0 (compatible; MJ12bot/v1.4.2; http://www.majestic12.co.uk/bot.php?+)"
85.17.88.169 - - [14/Mar/2012:14:55:57 -0700] "POST /blog/wp-cron.php?doing_wp_cron=1331762048 HTTP/1.0" 499 0 "-" "WordPress/3.3.1; http://yuvi.in/blog"
208.80.194.33 - - [14/Mar/2012:14:55:58 -0700] "GET /blog/story-average-indian-techie/ HTTP/1.0" 200 54292 "-" "Mozilla/4.0 (compatible; MSIE 7.0; Windows NT 5.1; FunWebProducts; CHWIE_SE70; .NET CLR 1.1.4322; InfoPath.1)"
184.154.48.82 - - [14/Mar/2012:14:55:58 -0700] "GET /blog/tag/geekery.html HTTP/1.0" 200 6707 "-" "Mozilla/5.0 (compatible; MJ12bot/v1.4.2; http://www.majestic12.co.uk/bot.php?+)"
184.154.48.82 - - [14/Mar/2012:14:56:01 -0700] "GET /blog/tag/gsoc.html HTTP/1.0" 200 41469 "-" "Mozilla/5.0 (compatible; MJ12bot/v1.4.2; http://www.majestic12.co.uk/bot.php?+)"
184.154.48.82 - - [14/Mar/2012:14:56:04 -0700] "GET /blog/tag/hack.html HTTP/1.0" 200 5906 "-" "Mozilla/5.0 (compatible; MJ12bot/v1.4.2; http://www.majestic12.co.uk/bot.php?+)"
184.154.48.82 - - [14/Mar/2012:14:56:05 -0700] "GET /blog/tag/hislain.html HTTP/1.0" 200 6598 "-" "Mozilla/5.0 (compatible; MJ12bot/v1.4.2; http://www.majestic12.co.uk/bot.php?+)"
184.154.48.82 - - [14/Mar/2012:14:56:07 -0700] "GET /blog/tag/life.html HTTP/1.0" 200 9118 "-" "Mozilla/5.0 (compatible; MJ12bot/v1.4.2; http://www.majestic12.co.uk/bot.php?+)"
184.154.48.82 - - [14/Mar/2012:14:56:09 -0700] "GET /blog/tag/links.html HTTP/1.0" 200 8266 "-" "Mozilla/5.0 (compatible; MJ12bot/v1.4.2; http://www.majestic12.co.uk/bot.php?+)"
184.154.48.82 - - [14/Mar/2012:14:56:11 -0700] "GET /blog/tag/math.html HTTP/1.0" 200 6598 "-" "Mozilla/5.0 (compatible; MJ12bot/v1.4.2; http://www.majestic12.co.uk/bot.php?+)"
184.154.48.82 - - [14/Mar/2012:14:56:12 -0700] "GET /robots.txt HTTP/1.0" 404 169 "-" "Mozilla/5.0 (compatible; MJ12bot/v1.4.2; http://www.majestic12.co.uk/bot.php?+)"
184.154.48.82 - - [14/Mar/2012:14:56:14 -0700] "GET /blog/tag/novelrace.html HTTP/1.0" 200 16484 "-" "Mozilla/5.0 (compatible; MJ12bot/v1.4.2; http://www.majestic12.co.uk/bot.php?+)"
184.154.48.82 - - [14/Mar/2012:14:56:16 -0700] "GET /blog/tag/personal.html HTTP/1.0" 200 21665 "-" "Mozilla/5.0 (compatible; MJ12bot/v1.4.2; http://www.majestic12.co.uk/bot.php?+)"
184.154.48.82 - - [14/Mar/2012:14:56:17 -0700] "GET /blog/tag/python.html HTTP/1.0" 200 13867 "-" "Mozilla/5.0 (compatible; MJ12bot/v1.4.2; http://www.majestic12.co.uk/bot.php?+)"
184.154.48.82 - - [14/Mar/2012:14:56:19 -0700] "GET /blog/tag/reading.html HTTP/1.0" 200 9373 "-" "Mozilla/5.0 (compatible; MJ12bot/v1.4.2; http://www.majestic12.co.uk/bot.php?+)"
184.154.48.82 - - [14/Mar/2012:14:56:21 -0700] "GET /blog/tag/social.html HTTP/1.0" 200 8677 "-" "Mozilla/5.0 (compatible; MJ12bot/v1.4.2; http://www.majestic12.co.uk/bot.php?+)"
184.154.48.82 - - [14/Mar/2012:14:56:23 -0700] "GET /blog/tag/stories.html HTTP/1.0" 200 18030 "-" "Mozilla/5.0 (compatible; MJ12bot/v1.4.2; http://www.majestic12.co.uk/bot.php?+)"
184.154.48.82 - - [14/Mar/2012:14:56:25 -0700] "GET /blog/the-automatic-quote-generators-aka-autopeople.html HTTP/1.0" 200 6425 "-" "Mozilla/5.0 (compatible; MJ12bot/v1.4.2; http://www.majestic12.co.uk/bot.php?+)"
184.154.48.82 - - [14/Mar/2012:14:56:27 -0700] "GET /blog/the-end-of-gsoc-2010.html HTTP/1.0" 200 6215 "-" "Mozilla/5.0 (compatible; MJ12bot/v1.4.2; http://www.majestic12.co.uk/bot.php?+)"
184.154.48.82 - - [14/Mar/2012:14:56:29 -0700] "GET /blog/the-python-workshop.html HTTP/1.0" 200 8792 "-" "Mozilla/5.0 (compatible; MJ12bot/v1.4.2; http://www.majestic12.co.uk/bot.php?+)"
184.154.48.82 - - [14/Mar/2012:14:56:31 -0700] "GET /blog/webfaction-review.html HTTP/1.0" 200 5589 "-" "Mozilla/5.0 (compatible; MJ12bot/v1.4.2; http://www.majestic12.co.uk/bot.php?+)"
184.154.48.82 - - [14/Mar/2012:14:56:33 -0700] "GET /blog/what-i-learnt-from-the-hackfest-at-iitm.html HTTP/1.0" 200 8807 "-" "Mozilla/5.0 (compatible; MJ12bot/v1.4.2; http://www.majestic12.co.uk/bot.php?+)"
85.17.88.169 - - [14/Mar/2012:14:56:36 -0700] "POST /blog/wp-cron.php?doing_wp_cron=1331762087 HTTP/1.0" 499 0 "-" "WordPress/3.3.1; http://yuvi.in/blog"
184.154.48.82 - - [14/Mar/2012:14:56:36 -0700] "GET /blog/what-stop-child-athiest HTTP/1.0" 301 0 "-" "Mozilla/5.0 (compatible; MJ12bot/v1.4.2; http://www.majestic12.co.uk/bot.php?+)"
85.17.88.169 - - [14/Mar/2012:14:56:39 -0700] "POST /blog/wp-cron.php?doing_wp_cron=1331762090 HTTP/1.0" 499 0 "-" "WordPress/3.3.1; http://yuvi.in/blog"
184.154.48.82 - - [14/Mar/2012:14:56:40 -0700] "GET /blog/what-stop-child-athiest/ HTTP/1.0" 200 20969 "-" "Mozilla/5.0 (compatible; MJ12bot/v1.4.2; http://www.majestic12.co.uk/bot.php?+)"
184.154.48.82 - - [14/Mar/2012:14:56:42 -0700] "GET /blog/work-life-balance.html HTTP/1.0" 200 9526 "-" "Mozilla/5.0 (compatible; MJ12bot/v1.4.2; http://www.majestic12.co.uk/bot.php?+)"
85.17.88.169 - - [14/Mar/2012:14:58:50 -0700] "POST /blog/wp-cron.php?doing_wp_cron=1331762221 HTTP/1.0" 499 0 "-" "WordPress/3.3.1; http://yuvi.in/blog"
209.85.224.97 - - [14/Mar/2012:14:58:51 -0700] "GET /blog/feed HTTP/1.1" 304 0 "-" "FeedBurner/1.0 (http://www.FeedBurner.com)"
66.220.147.246 - - [14/Mar/2012:15:03:41 -0700] "GET /r/p0f HTTP/1.1" 301 255 "-" "facebookexternalhit/1.1 (+http://www.facebook.com/externalhit_uatext.php)"
66.220.147.245 - - [14/Mar/2012:15:03:41 -0700] "GET /s/ta/p0f/ HTTP/1.1" 302 433 "-" "facebookexternalhit/1.1 (+http://www.facebook.com/externalhit_uatext.php)"
85.17.88.169 - - [14/Mar/2012:15:03:59 -0700] "POST /blog/wp-cron.php?doing_wp_cron=1331762530 HTTP/1.0" 499 0 "-" "WordPress/3.3.1; http://yuvi.in/blog"
66.249.69.74 - - [14/Mar/2012:15:03:59 -0700] "GET /blog/tag/review/ HTTP/1.1" 200 7728 "-" "Mozilla/5.0 (compatible; Googlebot/2.1; +http://www.google.com/bot.html)"
85.17.88.169 - - [14/Mar/2012:15:04:28 -0700] "POST /blog/wp-cron.php?doing_wp_cron=1331762559 HTTP/1.0" 499 0 "-" "WordPress/3.3.1; http://yuvi.in/blog"
157.55.16.230 - - [14/Mar/2012:15:04:29 -0700] "GET /blog/devlog-december-21-2011/trackback/ HTTP/1.1" 302 0 "-" "Mozilla/5.0 (compatible; bingbot/2.0; +http://www.bing.com/bingbot.htm)"
208.80.194.28 - - [14/Mar/2012:15:05:20 -0700] "GET /blog/wp-includes/js/jquery/jquery.js HTTP/1.0" 200 93889 "-" "Mozilla/4.0 (compatible; MSIE 6.0; Windows NT 5.0; FDM)"
85.17.88.169 - - [14/Mar/2012:15:05:47 -0700] "POST /blog/wp-cron.php?doing_wp_cron=1331762638 HTTP/1.0" 499 0 "-" "WordPress/3.3.1; http://yuvi.in/blog"
209.85.238.115 - - [14/Mar/2012:15:05:47 -0700] "GET /blog/feed/ HTTP/1.1" 304 0 "-" "Feedfetcher-Google; (+http://www.google.com/feedfetcher.html; 19 subscribers; feed-id=15064232456473204253)"
117.211.85.34 - - [14/Mar/2012:15:06:31 -0700] "GET / HTTP/1.0" 200 3439 "-" "Mozilla/5.0 (Windows NT 6.0) AppleWebKit/535.11 (KHTML, like Gecko) Chrome/17.0.963.79 Safari/535.11"
117.211.85.34 - - [14/Mar/2012:15:06:31 -0700] "GET /blueprint/screen.css HTTP/1.0" 200 12058 "http://yuvi.in/" "Mozilla/5.0 (Windows NT 6.0) AppleWebKit/535.11 (KHTML, like Gecko) Chrome/17.0.963.79 Safari/535.11"
117.211.85.34 - - [14/Mar/2012:15:06:34 -0700] "GET /blueprint/print.css HTTP/1.0" 200 1284 "http://yuvi.in/" "Mozilla/5.0 (Windows NT 6.0) AppleWebKit/535.11 (KHTML, like Gecko) Chrome/17.0.963.79 Safari/535.11"
117.211.85.34 - - [14/Mar/2012:15:06:37 -0700] "GET /header.png HTTP/1.0" 200 14249 "http://yuvi.in/" "Mozilla/5.0 (Windows NT 6.0) AppleWebKit/535.11 (KHTML, like Gecko) Chrome/17.0.963.79 Safari/535.11"
46.17.96.200 - - [14/Mar/2012:15:06:38 -0700] "GET /blog/devlog-april-2011.html HTTP/1.0" 200 12560 "http://yuvi.in/blog/devlog-april-2011.html" "Opera/9.00 (Windows NT 4.0; U; en)"
117.211.85.34 - - [14/Mar/2012:15:06:38 -0700] "GET /favicon.ico HTTP/1.0" 404 571 "-" "Mozilla/5.0 (Windows NT 6.0) AppleWebKit/535.11 (KHTML, like Gecko) Chrome/17.0.963.79 Safari/535.11"
117.211.85.34 - - [14/Mar/2012:15:06:47 -0700] "GET /blog HTTP/1.0" 301 178 "http://yuvi.in/" "Mozilla/5.0 (Windows NT 6.0) AppleWebKit/535.11 (KHTML, like Gecko) Chrome/17.0.963.79 Safari/535.11"
85.17.88.169 - - [14/Mar/2012:15:06:49 -0700] "POST /blog/wp-cron.php?doing_wp_cron=1331762700 HTTP/1.0" 499 0 "-" "WordPress/3.3.1; http://yuvi.in/blog"
117.211.85.34 - - [14/Mar/2012:15:06:49 -0700] "GET /blog/ HTTP/1.0" 200 9194 "http://yuvi.in/" "Mozilla/5.0 (Windows NT 6.0) AppleWebKit/535.11 (KHTML, like Gecko) Chrome/17.0.963.79 Safari/535.11"
117.211.85.34 - - [14/Mar/2012:15:06:51 -0700] "GET /blog/wp-content/themes/cleanr/style.css HTTP/1.0" 200 10508 "http://yuvi.in/blog/" "Mozilla/5.0 (Windows NT 6.0) AppleWebKit/535.11 (KHTML, like Gecko) Chrome/17.0.963.79 Safari/535.11"
117.211.85.34 - - [14/Mar/2012:15:06:51 -0700] "GET /blog/wp-content/themes/cleanr/js/jquery.dropdown.js?ver=3.3.1 HTTP/1.0" 200 535 "http://yuvi.in/blog/" "Mozilla/5.0 (Windows NT 6.0) AppleWebKit/535.11 (KHTML, like Gecko) Chrome/17.0.963.79 Safari/535.11"
117.211.85.34 - - [14/Mar/2012:15:06:51 -0700] "GET /blog/wp-content/themes/cleanr/css/text.css HTTP/1.0" 200 420 "http://yuvi.in/blog/" "Mozilla/5.0 (Windows NT 6.0) AppleWebKit/535.11 (KHTML, like Gecko) Chrome/17.0.963.79 Safari/535.11"
117.211.85.34 - - [14/Mar/2012:15:06:51 -0700] "GET /blog/wp-content/themes/cleanr/css/reset.css HTTP/1.0" 200 648 "http://yuvi.in/blog/" "Mozilla/5.0 (Windows NT 6.0) AppleWebKit/535.11 (KHTML, like Gecko) Chrome/17.0.963.79 Safari/535.11"
117.211.85.34 - - [14/Mar/2012:15:06:52 -0700] "GET /blog/wp-content/themes/cleanr/css/960.css HTTP/1.0" 200 3628 "http://yuvi.in/blog/" "Mozilla/5.0 (Windows NT 6.0) AppleWebKit/535.11 (KHTML, like Gecko) Chrome/17.0.963.79 Safari/535.11"
117.211.85.34 - - [14/Mar/2012:15:06:55 -0700] "GET /blog/wp-includes/js/jquery/jquery.js?ver=1.7.1 HTTP/1.0" 200 93889 "http://yuvi.in/blog/" "Mozilla/5.0 (Windows NT 6.0) AppleWebKit/535.11 (KHTML, like Gecko) Chrome/17.0.963.79 Safari/535.11"
117.211.85.34 - - [14/Mar/2012:15:06:56 -0700] "GET /blog/wp-content/themes/cleanr/images/search_magnifier.gif HTTP/1.0" 200 394 "http://yuvi.in/blog/" "Mozilla/5.0 (Windows NT 6.0) AppleWebKit/535.11 (KHTML, like Gecko) Chrome/17.0.963.79 Safari/535.11"
117.211.85.34 - - [14/Mar/2012:15:06:57 -0700] "GET /favicon.ico HTTP/1.0" 404 571 "-" "Mozilla/5.0 (Windows NT 6.0) AppleWebKit/535.11 (KHTML, like Gecko) Chrome/17.0.963.79 Safari/535.11"
85.17.88.169 - - [14/Mar/2012:15:07:59 -0700] "POST /blog/wp-cron.php?doing_wp_cron=1331762770 HTTP/1.0" 499 0 "-" "WordPress/3.3.1; http://yuvi.in/blog"
117.211.85.34 - - [14/Mar/2012:15:07:59 -0700] "GET /blog/college-drop/ HTTP/1.0" 200 4510 "http://yuvi.in/blog/" "Mozilla/5.0 (Windows NT 6.0) AppleWebKit/535.11 (KHTML, like Gecko) Chrome/17.0.963.79 Safari/535.11"
85.17.88.169 - - [14/Mar/2012:15:08:01 -0700] "POST /blog/wp-cron.php?doing_wp_cron=1331762772 HTTP/1.0" 499 0 "-" "WordPress/3.3.1; http://yuvi.in/blog"
117.211.85.34 - - [14/Mar/2012:15:08:01 -0700] "GET /favicon.ico HTTP/1.0" 404 571 "-" "Mozilla/5.0 (Windows NT 6.0) AppleWebKit/535.11 (KHTML, like Gecko) Chrome/17.0.963.79 Safari/535.11"
187.64.206.217 - - [14/Mar/2012:15:08:02 -0700] "GET /blog/2010/07/ HTTP/1.1" 200 30230 "-" "Mozilla/5.0 (compatible; Googlebot/2.1; +http://www.google.com/bot.html)"
117.211.85.34 - - [14/Mar/2012:15:08:02 -0700] "GET /favicon.ico HTTP/1.0" 404 571 "-" "Mozilla/5.0 (Windows NT 6.0) AppleWebKit/535.11 (KHTML, like Gecko) Chrome/17.0.963.79 Safari/535.11"
117.211.85.34 - - [14/Mar/2012:15:08:03 -0700] "GET /favicon.ico HTTP/1.0" 404 571 "-" "Mozilla/5.0 (Windows NT 6.0) AppleWebKit/535.11 (KHTML, like Gecko) Chrome/17.0.963.79 Safari/535.11"
117.211.85.34 - - [14/Mar/2012:15:08:03 -0700] "GET /favicon.ico HTTP/1.0" 404 571 "-" "Mozilla/5.0 (Windows NT 6.0) AppleWebKit/535.11 (KHTML, like Gecko) Chrome/17.0.963.79 Safari/535.11"
117.211.85.34 - - [14/Mar/2012:15:08:03 -0700] "GET /favicon.ico HTTP/1.0" 404 571 "-" "Mozilla/5.0 (Windows NT 6.0) AppleWebKit/535.11 (KHTML, like Gecko) Chrome/17.0.963.79 Safari/535.11"
85.17.88.169 - - [14/Mar/2012:15:08:05 -0700] "POST /blog/wp-cron.php?doing_wp_cron=1331762776 HTTP/1.0" 499 0 "-" "WordPress/3.3.1; http://yuvi.in/blog"
117.211.85.34 - - [14/Mar/2012:15:08:05 -0700] "GET /blog/college-drop/?cf_action=sync_comments&post_id=393 HTTP/1.0" 200 17 "http://yuvi.in/blog/college-drop/" "Mozilla/5.0 (Windows NT 6.0) AppleWebKit/535.11 (KHTML, like Gecko) Chrome/17.0.963.79 Safari/535.11"
192.234.2.25 - - [14/Mar/2012:15:08:14 -0700] "GET /favicon.ico HTTP/1.1" 404 571 "http://prashanth-kamle.blogspot.com/2011/05/shopping-in-bangalore-minus-malls.html" "Mozilla/5.0 (Windows NT 6.1) AppleWebKit/535.1 (KHTML, like Gecko) Chrome/14.0.835.202 Safari/535.1"
192.234.2.25 - - [14/Mar/2012:15:08:16 -0700] "GET /favicon.ico HTTP/1.1" 404 571 "http://prashanth-kamle.blogspot.com/2011/05/shopping-in-bangalore-minus-malls.html" "Mozilla/5.0 (Windows NT 6.1) AppleWebKit/535.1 (KHTML, like Gecko) Chrome/14.0.835.202 Safari/535.1"
209.85.224.89 - - [14/Mar/2012:15:09:28 -0700] "GET /stories/feed HTTP/1.1" 200 13653 "-" "FeedBurner/1.0 (http://www.FeedBurner.com)"
85.17.88.169 - - [14/Mar/2012:15:11:51 -0700] "POST /blog/wp-cron.php?doing_wp_cron=1331763002 HTTP/1.0" 499 0 "-" "WordPress/3.3.1; http://yuvi.in/blog"
176.40.151.128 - - [14/Mar/2012:15:11:52 -0700] "GET /blog/category/personal/ HTTP/1.1" 200 46050 "-" "Mozilla/5.0 (compatible; Googlebot/2.1; +http://www.google.com/bot.html)"
139.18.2.17 - - [14/Mar/2012:15:11:54 -0700] "GET / HTTP/1.1" 200 3439 "-" "findlinks/2.1.5 (+http://wortschatz.uni-leipzig.de/findlinks/)"
208.80.194.33 - - [14/Mar/2012:15:12:32 -0700] "GET /blog/story-average-indian-techie/ HTTP/1.0" 200 54312 "-" "Mozilla/4.0 (compatible; MSIE 6.0; Windows NT 5.1; .NET CLR 1.1.4322; SpamBlockerUtility 4.7.1)"
193.164.138.35 - - [14/Mar/2012:15:16:36 -0700] "GET /blog/sicp-and-brainfuck.html HTTP/1.1" 200 5955 "-" "Zemanta Aggregator/0.7 +http://www.zemanta.com"
208.80.194.30 - - [14/Mar/2012:15:17:24 -0700] "GET /r/2rvb HTTP/1.0" 301 257 "-" "Mozilla/4.0 (compatible; MSIE 7.0; Windows NT 5.1; InfoPath.2; IEMB3; IEMB3)"
208.80.194.30 - - [14/Mar/2012:15:18:38 -0700] "GET /s/ta/2rvb/ HTTP/1.0" 302 505 "-" "Mozilla/4.0 (compatible; MSIE 6.0; Windows NT 5.1; SV1; FunWebProducts; .NET CLR 1.0.3705; .NET CLR 1.1.4322; Media Center PC 3.1; yplus 5.1.02b)"
66.220.149.248 - - [14/Mar/2012:15:21:32 -0700] "GET /r/p0f HTTP/1.1" 301 255 "-" "facebookexternalhit/1.1 (+http://www.facebook.com/externalhit_uatext.php)"
66.220.149.245 - - [14/Mar/2012:15:21:32 -0700] "GET /s/ta/p0f/ HTTP/1.1" 302 433 "-" "facebookexternalhit/1.1 (+http://www.facebook.com/externalhit_uatext.php)"
75.131.206.131 - - [14/Mar/2012:15:25:03 -0700] "GET / HTTP/1.1" 200 1430 "-" "Reeder/1.5.4 CFNetwork/548.1.4 Darwin/11.0.0"
75.131.206.131 - - [14/Mar/2012:15:25:03 -0700] "GET /favicon.ico HTTP/1.1" 404 142 "-" "Reeder/1.5.4 CFNetwork/548.1.4 Darwin/11.0.0"
75.131.206.131 - - [14/Mar/2012:15:25:03 -0700] "GET / HTTP/1.1" 200 1430 "-" "Reeder/1.5.4 CFNetwork/548.1.4 Darwin/11.0.0"
75.131.206.131 - - [14/Mar/2012:15:25:03 -0700] "GET /apple-touch-icon.png HTTP/1.1" 404 142 "-" "Reeder/1.5.4 CFNetwork/548.1.4 Darwin/11.0.0"
75.131.206.131 - - [14/Mar/2012:15:25:03 -0700] "GET /apple-touch-icon-precomposed.png HTTP/1.1" 404 142 "-" "Reeder/1.5.4 CFNetwork/548.1.4 Darwin/11.0.0"
85.17.88.169 - - [14/Mar/2012:15:25:57 -0700] "POST /blog/wp-cron.php?doing_wp_cron=1331763848 HTTP/1.0" 499 0 "-" "WordPress/3.3.1; http://yuvi.in/blog"
66.249.69.74 - - [14/Mar/2012:15:25:58 -0700] "GET /blog/tag/devlog/ HTTP/1.1" 200 16221 "-" "Mozilla/5.0 (compatible; Googlebot/2.1; +http://www.google.com/bot.html)"
85.17.88.169 - - [14/Mar/2012:15:26:13 -0700] "POST /blog/wp-cron.php?doing_wp_cron=1331763864 HTTP/1.0" 499 0 "-" "WordPress/3.3.1; http://yuvi.in/blog"
208.80.194.30 - - [14/Mar/2012:15:26:13 -0700] "GET /blog/infosys-tcs-or-wipro-none/ HTTP/1.0" 200 24492 "-" "Mozilla/4.0 (compatible; MSIE 7.0; Windows NT 5.1; FunWebProducts; .NET CLR 2.0.50727; IEMB3)"
85.17.88.169 - - [14/Mar/2012:15:28:09 -0700] "POST /blog/wp-cron.php?doing_wp_cron=1331763979 HTTP/1.0" 499 0 "-" "WordPress/3.3.1; http://yuvi.in/blog"
209.85.238.115 - - [14/Mar/2012:15:28:09 -0700] "GET /blog/feed HTTP/1.1" 301 0 "-" "Feedfetcher-Google; (+http://www.google.com/feedfetcher.html; 3 subscribers; feed-id=17684830852112633560)"
85.17.88.169 - - [14/Mar/2012:15:28:11 -0700] "POST /blog/wp-cron.php?doing_wp_cron=1331763982 HTTP/1.0" 499 0 "-" "WordPress/3.3.1; http://yuvi.in/blog"
209.85.238.115 - - [14/Mar/2012:15:28:11 -0700] "GET /blog/feed/ HTTP/1.1" 304 0 "-" "Feedfetcher-Google; (+http://www.google.com/feedfetcher.html; 3 subscribers; feed-id=17684830852112633560)"
85.17.88.169 - - [14/Mar/2012:15:28:56 -0700] "POST /blog/wp-cron.php?doing_wp_cron=1331764027 HTTP/1.0" 499 0 "-" "WordPress/3.3.1; http://yuvi.in/blog"
209.85.224.99 - - [14/Mar/2012:15:28:56 -0700] "GET /blog/feed HTTP/1.1" 304 0 "-" "FeedBurner/1.0 (http://www.FeedBurner.com)"
75.131.206.131 - - [14/Mar/2012:15:30:17 -0700] "GET / HTTP/1.1" 200 1430 "-" "Reeder/1.5.4 CFNetwork/548.1.4 Darwin/11.0.0"
