209.85.224.83 - - [04/Apr/2012:06:25:30 -0700] "GET /stories/feed HTTP/1.1" 200 13653 "-" "FeedBurner/1.0 (http://www.FeedBurner.com)"
184.191.224.10 - - [04/Apr/2012:06:25:54 -0700] "GET / HTTP/1.1" 200 1430 "-" "Caffeinated/1.1.1 CFNetwork/520.3.2 Darwin/11.3.0 (x86_64) (MacBookPro8%2C1)"
184.191.224.10 - - [04/Apr/2012:06:25:54 -0700] "GET /favicon.ico HTTP/1.1" 404 142 "-" "Caffeinated/1.1.1 CFNetwork/520.3.2 Darwin/11.3.0 (x86_64) (MacBookPro8%2C1)"
164.100.21.10 - - [04/Apr/2012:06:26:22 -0700] "-" 400 0 "-" "-"
184.191.224.10 - - [04/Apr/2012:06:26:26 -0700] "GET / HTTP/1.1" 200 1430 "-" "Caffeinated/1.1.1 CFNetwork/520.3.2 Darwin/11.3.0 (x86_64) (MacBookPro8%2C1)"
184.191.224.10 - - [04/Apr/2012:06:26:26 -0700] "GET /favicon.ico HTTP/1.1" 404 142 "-" "Caffeinated/1.1.1 CFNetwork/520.3.2 Darwin/11.3.0 (x86_64) (MacBookPro8%2C1)"
184.191.224.10 - - [04/Apr/2012:06:27:23 -0700] "GET / HTTP/1.1" 200 1430 "-" "Caffeinated/1.1.1 CFNetwork/520.3.2 Darwin/11.3.0 (x86_64) (MacBookPro8%2C1)"
184.191.224.10 - - [04/Apr/2012:06:27:23 -0700] "GET /favicon.ico HTTP/1.1" 404 142 "-" "Caffeinated/1.1.1 CFNetwork/520.3.2 Darwin/11.3.0 (x86_64) (MacBookPro8%2C1)"
85.17.88.169 - - [04/Apr/2012:06:27:33 -0700] "POST /blog/wp-cron.php?doing_wp_cron=1333545779 HTTP/1.0" 499 0 "-" "WordPress/3.3.1; http://yuvi.in/blog"
209.85.238.244 - - [04/Apr/2012:06:27:33 -0700] "GET /blog/feed/ HTTP/1.1" 304 0 "-" "Feedfetcher-Google; (+http://www.google.com/feedfetcher.html; 18 subscribers; feed-id=15064232456473204253)"
184.191.224.10 - - [04/Apr/2012:06:27:53 -0700] "GET / HTTP/1.1" 200 1430 "-" "Caffeinated/1.1.1 CFNetwork/520.3.2 Darwin/11.3.0 (x86_64) (MacBookPro8%2C1)"
184.191.224.10 - - [04/Apr/2012:06:27:53 -0700] "GET /favicon.ico HTTP/1.1" 404 142 "-" "Caffeinated/1.1.1 CFNetwork/520.3.2 Darwin/11.3.0 (x86_64) (MacBookPro8%2C1)"
61.16.160.142 - - [04/Apr/2012:06:27:57 -0700] "-" 400 0 "-" "-"
85.17.88.169 - - [04/Apr/2012:06:28:08 -0700] "POST /blog/wp-cron.php?doing_wp_cron=1333545815 HTTP/1.0" 499 0 "-" "WordPress/3.3.1; http://yuvi.in/blog"
66.249.73.27 - - [04/Apr/2012:06:28:09 -0700] "GET /blog/tag/india/ HTTP/1.1" 200 9221 "-" "Mozilla/5.0 (iPhone; U; CPU iPhone OS 4_1 like Mac OS X; en-us) AppleWebKit/532.9 (KHTML, like Gecko) Version/4.0.5 Mobile/8B117 Safari/6531.22.7 (compatible; Googlebot-Mobile/2.1; +http://www.google.com/bot.html)"
122.164.15.160 - - [04/Apr/2012:06:28:36 -0700] "-" 400 0 "-" "-"
184.191.224.10 - - [04/Apr/2012:06:28:53 -0700] "GET / HTTP/1.1" 200 1430 "-" "Caffeinated/1.1.1 CFNetwork/520.3.2 Darwin/11.3.0 (x86_64) (MacBookPro8%2C1)"
184.191.224.10 - - [04/Apr/2012:06:28:53 -0700] "GET /favicon.ico HTTP/1.1" 404 142 "-" "Caffeinated/1.1.1 CFNetwork/520.3.2 Darwin/11.3.0 (x86_64) (MacBookPro8%2C1)"
122.164.15.160 - - [04/Apr/2012:06:28:56 -0700] "-" 400 0 "-" "-"
184.191.224.10 - - [04/Apr/2012:06:29:20 -0700] "GET / HTTP/1.1" 200 1430 "-" "Caffeinated/1.1.1 CFNetwork/520.3.2 Darwin/11.3.0 (x86_64) (MacBookPro8%2C1)"
184.191.224.10 - - [04/Apr/2012:06:29:20 -0700] "GET /favicon.ico HTTP/1.1" 404 142 "-" "Caffeinated/1.1.1 CFNetwork/520.3.2 Darwin/11.3.0 (x86_64) (MacBookPro8%2C1)"
59.90.246.14 - - [04/Apr/2012:06:29:29 -0700] "GET /r/hwn HTTP/1.1" 301 255 "http://ta.wikipedia.org/wiki/%E0%AE%9A%E0%AF%82%E0%AE%B4%E0%AE%B1%E0%AF%8D_%E0%AE%A4%E0%AE%BE%E0%AE%95%E0%AF%8D%E0%AE%95_%E0%AE%AE%E0%AE%A4%E0%AE%BF%E0%AE%AA%E0%AF%8D%E0%AE%AA%E0%AE%BE%E0%AE%AF%E0%AF%8D%E0%AE%B5%E0%AF%81" "Mozilla/5.0 (Windows NT 5.1; rv:11.0) Gecko/20100101 Firefox/11.0"
59.90.246.14 - - [04/Apr/2012:06:29:29 -0700] "GET /s/ta/hwn/ HTTP/1.1" 302 525 "http://ta.wikipedia.org/wiki/%E0%AE%9A%E0%AF%82%E0%AE%B4%E0%AE%B1%E0%AF%8D_%E0%AE%A4%E0%AE%BE%E0%AE%95%E0%AF%8D%E0%AE%95_%E0%AE%AE%E0%AE%A4%E0%AE%BF%E0%AE%AA%E0%AF%8D%E0%AE%AA%E0%AE%BE%E0%AE%AF%E0%AF%8D%E0%AE%B5%E0%AF%81" "Mozilla/5.0 (Windows NT 5.1; rv:11.0) Gecko/20100101 Firefox/11.0"
59.90.246.14 - - [04/Apr/2012:06:29:34 -0700] "-" 400 0 "-" "-"
184.191.224.10 - - [04/Apr/2012:06:30:19 -0700] "GET / HTTP/1.1" 200 1430 "-" "Caffeinated/1.1.1 CFNetwork/520.3.2 Darwin/11.3.0 (x86_64) (MacBookPro8%2C1)"
184.191.224.10 - - [04/Apr/2012:06:30:19 -0700] "GET /favicon.ico HTTP/1.1" 404 142 "-" "Caffeinated/1.1.1 CFNetwork/520.3.2 Darwin/11.3.0 (x86_64) (MacBookPro8%2C1)"
184.191.224.10 - - [04/Apr/2012:06:30:53 -0700] "GET / HTTP/1.1" 200 1430 "-" "Caffeinated/1.1.1 CFNetwork/520.3.2 Darwin/11.3.0 (x86_64) (MacBookPro8%2C1)"
184.191.224.10 - - [04/Apr/2012:06:30:54 -0700] "GET /favicon.ico HTTP/1.1" 404 142 "-" "Caffeinated/1.1.1 CFNetwork/520.3.2 Darwin/11.3.0 (x86_64) (MacBookPro8%2C1)"
61.16.160.142 - - [04/Apr/2012:06:30:57 -0700] "-" 400 0 "-" "-"
61.16.160.142 - - [04/Apr/2012:06:30:57 -0700] "-" 400 0 "-" "-"
61.16.160.142 - - [04/Apr/2012:06:30:57 -0700] "-" 400 0 "-" "-"
61.16.160.142 - - [04/Apr/2012:06:30:57 -0700] "-" 400 0 "-" "-"
61.16.160.142 - - [04/Apr/2012:06:30:57 -0700] "-" 400 0 "-" "-"
61.16.160.142 - - [04/Apr/2012:06:30:57 -0700] "-" 400 0 "-" "-"
184.191.224.10 - - [04/Apr/2012:06:31:52 -0700] "GET / HTTP/1.1" 200 1430 "-" "Caffeinated/1.1.1 CFNetwork/520.3.2 Darwin/11.3.0 (x86_64) (MacBookPro8%2C1)"
184.191.224.10 - - [04/Apr/2012:06:31:52 -0700] "GET /favicon.ico HTTP/1.1" 404 142 "-" "Caffeinated/1.1.1 CFNetwork/520.3.2 Darwin/11.3.0 (x86_64) (MacBookPro8%2C1)"
184.191.224.10 - - [04/Apr/2012:06:32:21 -0700] "GET / HTTP/1.1" 200 1430 "-" "Caffeinated/1.1.1 CFNetwork/520.3.2 Darwin/11.3.0 (x86_64) (MacBookPro8%2C1)"
184.191.224.10 - - [04/Apr/2012:06:32:21 -0700] "GET /favicon.ico HTTP/1.1" 404 142 "-" "Caffeinated/1.1.1 CFNetwork/520.3.2 Darwin/11.3.0 (x86_64) (MacBookPro8%2C1)"
203.189.190.53 - - [04/Apr/2012:06:32:24 -0700] "GET /r/340n HTTP/1.1" 301 257 "-" "Mozilla/4.0 (compatible; MSIE 8.0; Windows NT 6.1; Trident/4.0; SLCC2; .NET CLR 2.0.50727; .NET CLR 3.5.30729; .NET CLR 3.0.30729; Media Center PC 6.0; InfoPath.2; .NET4.0C; .NET4.0E; Tablet PC 2.0)"
203.189.190.53 - - [04/Apr/2012:06:32:25 -0700] "GET /s/ta/340n/ HTTP/1.1" 302 897 "-" "Mozilla/4.0 (compatible; MSIE 8.0; Windows NT 6.1; Trident/4.0; SLCC2; .NET CLR 2.0.50727; .NET CLR 3.5.30729; .NET CLR 3.0.30729; Media Center PC 6.0; InfoPath.2; .NET4.0C; .NET4.0E; Tablet PC 2.0)"
85.17.88.169 - - [04/Apr/2012:06:32:34 -0700] "POST /blog/wp-cron.php?doing_wp_cron=1333546080 HTTP/1.0" 499 0 "-" "WordPress/3.3.1; http://yuvi.in/blog"
209.117.161.166 - - [04/Apr/2012:06:32:39 -0700] "GET /blog/tag/link/ HTTP/1.1" 200 22563 "-" "-"
184.191.224.10 - - [04/Apr/2012:06:33:18 -0700] "GET / HTTP/1.1" 200 1430 "-" "Caffeinated/1.1.1 CFNetwork/520.3.2 Darwin/11.3.0 (x86_64) (MacBookPro8%2C1)"
184.191.224.10 - - [04/Apr/2012:06:33:18 -0700] "GET /favicon.ico HTTP/1.1" 404 142 "-" "Caffeinated/1.1.1 CFNetwork/520.3.2 Darwin/11.3.0 (x86_64) (MacBookPro8%2C1)"
70.24.216.156 - - [04/Apr/2012:06:33:40 -0700] "GET /r/0 HTTP/1.1" 301 251 "http://ta.wikipedia.org/wiki/%E0%AE%AA%E0%AE%95%E0%AF%81%E0%AE%AA%E0%AF%8D%E0%AE%AA%E0%AF%81:%E0%AE%A4%E0%AF%87%E0%AE%B5%E0%AE%BE%E0%AE%B2%E0%AE%AF%E0%AE%99%E0%AF%8D%E0%AE%95%E0%AE%B3%E0%AF%8D" "Mozilla/4.0 (compatible; MSIE 8.0; Windows NT 5.1; Trident/4.0)"
70.24.216.156 - - [04/Apr/2012:06:33:41 -0700] "GET /s/ta/0/ HTTP/1.1" 502 575 "http://ta.wikipedia.org/wiki/%E0%AE%AA%E0%AE%95%E0%AF%81%E0%AE%AA%E0%AF%8D%E0%AE%AA%E0%AF%81:%E0%AE%A4%E0%AF%87%E0%AE%B5%E0%AE%BE%E0%AE%B2%E0%AE%AF%E0%AE%99%E0%AF%8D%E0%AE%95%E0%AE%B3%E0%AF%8D" "Mozilla/4.0 (compatible; MSIE 8.0; Windows NT 5.1; Trident/4.0)"
184.191.224.10 - - [04/Apr/2012:06:33:47 -0700] "GET / HTTP/1.1" 200 1430 "-" "Caffeinated/1.1.1 CFNetwork/520.3.2 Darwin/11.3.0 (x86_64) (MacBookPro8%2C1)"
184.191.224.10 - - [04/Apr/2012:06:33:47 -0700] "GET /favicon.ico HTTP/1.1" 404 142 "-" "Caffeinated/1.1.1 CFNetwork/520.3.2 Darwin/11.3.0 (x86_64) (MacBookPro8%2C1)"
61.16.160.142 - - [04/Apr/2012:06:34:00 -0700] "-" 400 0 "-" "-"
70.24.216.156 - - [04/Apr/2012:06:34:17 -0700] "GET /r/0 HTTP/1.1" 301 251 "http://ta.wikipedia.org/wiki/%E0%AE%AA%E0%AE%95%E0%AF%81%E0%AE%AA%E0%AF%8D%E0%AE%AA%E0%AF%81:%E0%AE%A4%E0%AF%87%E0%AE%B5%E0%AE%BE%E0%AE%B2%E0%AE%AF%E0%AE%99%E0%AF%8D%E0%AE%95%E0%AE%B3%E0%AF%8D" "Mozilla/4.0 (compatible; MSIE 8.0; Windows NT 5.1; Trident/4.0)"
70.24.216.156 - - [04/Apr/2012:06:34:18 -0700] "GET /s/ta/0/ HTTP/1.1" 502 575 "http://ta.wikipedia.org/wiki/%E0%AE%AA%E0%AE%95%E0%AF%81%E0%AE%AA%E0%AF%8D%E0%AE%AA%E0%AF%81:%E0%AE%A4%E0%AF%87%E0%AE%B5%E0%AE%BE%E0%AE%B2%E0%AE%AF%E0%AE%99%E0%AF%8D%E0%AE%95%E0%AE%B3%E0%AF%8D" "Mozilla/4.0 (compatible; MSIE 8.0; Windows NT 5.1; Trident/4.0)"
61.16.160.142 - - [04/Apr/2012:06:34:30 -0700] "-" 400 0 "-" "-"
61.16.160.142 - - [04/Apr/2012:06:34:30 -0700] "-" 400 0 "-" "-"
61.16.160.142 - - [04/Apr/2012:06:34:30 -0700] "-" 400 0 "-" "-"
184.191.224.10 - - [04/Apr/2012:06:34:45 -0700] "GET / HTTP/1.1" 200 1430 "-" "Caffeinated/1.1.1 CFNetwork/520.3.2 Darwin/11.3.0 (x86_64) (MacBookPro8%2C1)"
184.191.224.10 - - [04/Apr/2012:06:34:46 -0700] "GET /favicon.ico HTTP/1.1" 404 142 "-" "Caffeinated/1.1.1 CFNetwork/520.3.2 Darwin/11.3.0 (x86_64) (MacBookPro8%2C1)"
61.16.160.142 - - [04/Apr/2012:06:35:00 -0700] "-" 400 0 "-" "-"
184.191.224.10 - - [04/Apr/2012:06:35:15 -0700] "GET / HTTP/1.1" 200 1430 "-" "Caffeinated/1.1.1 CFNetwork/520.3.2 Darwin/11.3.0 (x86_64) (MacBookPro8%2C1)"
184.191.224.10 - - [04/Apr/2012:06:35:15 -0700] "GET /favicon.ico HTTP/1.1" 404 142 "-" "Caffeinated/1.1.1 CFNetwork/520.3.2 Darwin/11.3.0 (x86_64) (MacBookPro8%2C1)"
164.100.21.10 - - [04/Apr/2012:06:36:13 -0700] "-" 400 0 "-" "-"
184.191.224.10 - - [04/Apr/2012:06:36:14 -0700] "GET / HTTP/1.1" 200 1430 "-" "Caffeinated/1.1.1 CFNetwork/520.3.2 Darwin/11.3.0 (x86_64) (MacBookPro8%2C1)"
184.191.224.10 - - [04/Apr/2012:06:36:14 -0700] "GET /favicon.ico HTTP/1.1" 404 142 "-" "Caffeinated/1.1.1 CFNetwork/520.3.2 Darwin/11.3.0 (x86_64) (MacBookPro8%2C1)"
128.220.60.201 - - [04/Apr/2012:06:36:19 -0700] "GET /blog/how-to-increase-cheese-s-burst-mode-photo-count.html HTTP/1.1" 200 2407 "http://www.google.com/url?sa=t&rct=j&q=&esrc=s&source=web&cd=20&ved=0CHsQFjAT&url=http%3A%2F%2Fyuvi.in%2Fblog%2Fhow-to-increase-cheese-s-burst-mode-photo-count.html&ei=Pk18T7_nA-aN0QHa2PzbCw&usg=AFQjCNGiM6DVkMFTdfCU1ioA5CKKKY798Q&sig2=3A0eqSnrgQw-RSCFhBecWA" "Mozilla/5.0 (X11; Linux x86_64; rv:10.0.3) Gecko/20120314 Firefox/10.0.3"
128.220.60.201 - - [04/Apr/2012:06:36:20 -0700] "GET /blog/static/codehilite.css HTTP/1.1" 200 4012 "http://yuvi.in/blog/how-to-increase-cheese-s-burst-mode-photo-count.html" "Mozilla/5.0 (X11; Linux x86_64; rv:10.0.3) Gecko/20120314 Firefox/10.0.3"
128.220.60.201 - - [04/Apr/2012:06:36:20 -0700] "GET /blog/static/style.css HTTP/1.1" 200 4753 "http://yuvi.in/blog/how-to-increase-cheese-s-burst-mode-photo-count.html" "Mozilla/5.0 (X11; Linux x86_64; rv:10.0.3) Gecko/20120314 Firefox/10.0.3"
128.220.60.201 - - [04/Apr/2012:06:36:20 -0700] "GET /favicon.ico HTTP/1.1" 404 142 "-" "Mozilla/5.0 (X11; Linux x86_64; rv:10.0.3) Gecko/20120314 Firefox/10.0.3"
128.220.60.201 - - [04/Apr/2012:06:36:21 -0700] "GET /favicon.ico HTTP/1.1" 404 142 "-" "Mozilla/5.0 (X11; Linux x86_64; rv:10.0.3) Gecko/20120314 Firefox/10.0.3"
61.16.160.142 - - [04/Apr/2012:06:36:22 -0700] "-" 400 0 "-" "-"
61.16.160.142 - - [04/Apr/2012:06:36:22 -0700] "-" 400 0 "-" "-"
184.191.224.10 - - [04/Apr/2012:06:36:42 -0700] "GET / HTTP/1.1" 200 1430 "-" "Caffeinated/1.1.1 CFNetwork/520.3.2 Darwin/11.3.0 (x86_64) (MacBookPro8%2C1)"
184.191.224.10 - - [04/Apr/2012:06:36:42 -0700] "GET /favicon.ico HTTP/1.1" 404 142 "-" "Caffeinated/1.1.1 CFNetwork/520.3.2 Darwin/11.3.0 (x86_64) (MacBookPro8%2C1)"
61.16.160.142 - - [04/Apr/2012:06:36:52 -0700] "-" 400 0 "-" "-"
184.191.224.10 - - [04/Apr/2012:06:37:41 -0700] "GET / HTTP/1.1" 200 1430 "-" "Caffeinated/1.1.1 CFNetwork/520.3.2 Darwin/11.3.0 (x86_64) (MacBookPro8%2C1)"
184.191.224.10 - - [04/Apr/2012:06:37:41 -0700] "GET /favicon.ico HTTP/1.1" 404 142 "-" "Caffeinated/1.1.1 CFNetwork/520.3.2 Darwin/11.3.0 (x86_64) (MacBookPro8%2C1)"
61.16.160.142 - - [04/Apr/2012:06:38:02 -0700] "-" 400 0 "-" "-"
184.191.224.10 - - [04/Apr/2012:06:38:08 -0700] "GET / HTTP/1.1" 200 1430 "-" "Caffeinated/1.1.1 CFNetwork/520.3.2 Darwin/11.3.0 (x86_64) (MacBookPro8%2C1)"
184.191.224.10 - - [04/Apr/2012:06:38:08 -0700] "GET /favicon.ico HTTP/1.1" 404 142 "-" "Caffeinated/1.1.1 CFNetwork/520.3.2 Darwin/11.3.0 (x86_64) (MacBookPro8%2C1)"
184.191.224.10 - - [04/Apr/2012:06:39:06 -0700] "GET / HTTP/1.1" 200 1430 "-" "Caffeinated/1.1.1 CFNetwork/520.3.2 Darwin/11.3.0 (x86_64) (MacBookPro8%2C1)"
184.191.224.10 - - [04/Apr/2012:06:39:06 -0700] "GET /favicon.ico HTTP/1.1" 404 142 "-" "Caffeinated/1.1.1 CFNetwork/520.3.2 Darwin/11.3.0 (x86_64) (MacBookPro8%2C1)"
85.17.88.169 - - [04/Apr/2012:06:39:07 -0700] "POST /blog/wp-cron.php?doing_wp_cron=1333546473 HTTP/1.0" 499 0 "-" "WordPress/3.3.1; http://yuvi.in/blog"
94.228.34.248 - - [04/Apr/2012:06:39:15 -0700] "GET /blog/ HTTP/1.1" 200 0 "-" "magpie-crawler/1.1 (U; Linux amd64; en-GB; +http://www.brandwatch.net)"
184.191.224.10 - - [04/Apr/2012:06:39:30 -0700] "GET / HTTP/1.1" 200 1430 "-" "Caffeinated/1.1.1 CFNetwork/520.3.2 Darwin/11.3.0 (x86_64) (MacBookPro8%2C1)"
184.191.224.10 - - [04/Apr/2012:06:39:31 -0700] "GET /favicon.ico HTTP/1.1" 404 142 "-" "Caffeinated/1.1.1 CFNetwork/520.3.2 Darwin/11.3.0 (x86_64) (MacBookPro8%2C1)"
141.0.9.57 - - [04/Apr/2012:06:39:36 -0700] "-" 400 0 "-" "-"
184.191.224.10 - - [04/Apr/2012:06:40:31 -0700] "GET / HTTP/1.1" 200 1430 "-" "Caffeinated/1.1.1 CFNetwork/520.3.2 Darwin/11.3.0 (x86_64) (MacBookPro8%2C1)"
184.191.224.10 - - [04/Apr/2012:06:40:31 -0700] "GET /favicon.ico HTTP/1.1" 404 142 "-" "Caffeinated/1.1.1 CFNetwork/520.3.2 Darwin/11.3.0 (x86_64) (MacBookPro8%2C1)"
207.46.193.36 - - [04/Apr/2012:06:40:40 -0700] "-" 400 0 "-" "-"
207.46.193.36 - - [04/Apr/2012:06:40:44 -0700] "-" 400 0 "-" "-"
207.46.193.36 - - [04/Apr/2012:06:40:45 -0700] "-" 400 0 "-" "-"
207.46.193.36 - - [04/Apr/2012:06:40:46 -0700] "-" 400 0 "-" "-"
207.46.193.36 - - [04/Apr/2012:06:40:46 -0700] "-" 400 0 "-" "-"
207.46.193.36 - - [04/Apr/2012:06:40:47 -0700] "-" 400 0 "-" "-"
207.46.193.36 - - [04/Apr/2012:06:40:50 -0700] "-" 400 0 "-" "-"
207.46.193.36 - - [04/Apr/2012:06:40:51 -0700] "-" 400 0 "-" "-"
207.46.193.36 - - [04/Apr/2012:06:40:52 -0700] "-" 400 0 "-" "-"
207.46.193.36 - - [04/Apr/2012:06:40:52 -0700] "-" 400 0 "-" "-"
184.191.224.10 - - [04/Apr/2012:06:40:58 -0700] "GET / HTTP/1.1" 200 1430 "-" "Caffeinated/1.1.1 CFNetwork/520.3.2 Darwin/11.3.0 (x86_64) (MacBookPro8%2C1)"
184.191.224.10 - - [04/Apr/2012:06:40:58 -0700] "GET /favicon.ico HTTP/1.1" 404 142 "-" "Caffeinated/1.1.1 CFNetwork/520.3.2 Darwin/11.3.0 (x86_64) (MacBookPro8%2C1)"
85.17.88.169 - - [04/Apr/2012:06:42:00 -0700] "POST /blog/wp-cron.php?doing_wp_cron=1333546646 HTTP/1.0" 499 0 "-" "WordPress/3.3.1; http://yuvi.in/blog"
117.193.82.90 - - [04/Apr/2012:06:42:02 -0700] "-" 400 0 "-" "-"
184.191.224.10 - - [04/Apr/2012:06:42:04 -0700] "GET / HTTP/1.1" 200 1430 "-" "Caffeinated/1.1.1 CFNetwork/520.3.2 Darwin/11.3.0 (x86_64) (MacBookPro8%2C1)"
184.191.224.10 - - [04/Apr/2012:06:42:04 -0700] "GET /favicon.ico HTTP/1.1" 404 142 "-" "Caffeinated/1.1.1 CFNetwork/520.3.2 Darwin/11.3.0 (x86_64) (MacBookPro8%2C1)"
209.117.161.166 - - [04/Apr/2012:06:42:05 -0700] "GET /blog/tag/rights/ HTTP/1.1" 200 23774 "-" "-"
85.17.88.169 - - [04/Apr/2012:06:42:25 -0700] "POST /blog/wp-cron.php?doing_wp_cron=1333546671 HTTP/1.0" 499 0 "-" "WordPress/3.3.1; http://yuvi.in/blog"
81.43.96.218 - - [04/Apr/2012:06:42:26 -0700] "POST /blog/wp-login.php HTTP/1.1" 200 3475 "http://yuvi.in/blog/wp-login.php" "Mozilla/5.0 (Windows NT 6.1; WOW64; rv:8.0.1) Gecko/20100101 Firefox/8.0.1"
184.191.224.10 - - [04/Apr/2012:06:42:26 -0700] "GET / HTTP/1.1" 200 1430 "-" "Caffeinated/1.1.1 CFNetwork/520.3.2 Darwin/11.3.0 (x86_64) (MacBookPro8%2C1)"
184.191.224.10 - - [04/Apr/2012:06:42:26 -0700] "GET /favicon.ico HTTP/1.1" 404 142 "-" "Caffeinated/1.1.1 CFNetwork/520.3.2 Darwin/11.3.0 (x86_64) (MacBookPro8%2C1)"
85.17.88.169 - - [04/Apr/2012:06:42:28 -0700] "POST /blog/wp-cron.php?doing_wp_cron=1333546674 HTTP/1.0" 499 0 "-" "WordPress/3.3.1; http://yuvi.in/blog"
81.43.96.218 - - [04/Apr/2012:06:42:29 -0700] "POST /blog/wp-login.php HTTP/1.1" 200 3475 "http://yuvi.in/blog/wp-login.php" "Mozilla/5.0 (Windows NT 6.1; WOW64; rv:8.0.1) Gecko/20100101 Firefox/8.0.1"
85.17.88.169 - - [04/Apr/2012:06:42:31 -0700] "POST /blog/wp-cron.php?doing_wp_cron=1333546677 HTTP/1.0" 499 0 "-" "WordPress/3.3.1; http://yuvi.in/blog"
81.43.96.218 - - [04/Apr/2012:06:42:32 -0700] "POST /blog/wp-login.php HTTP/1.1" 200 3475 "http://yuvi.in/blog/wp-login.php" "Mozilla/5.0 (Windows NT 6.1; WOW64; rv:8.0.1) Gecko/20100101 Firefox/8.0.1"
85.17.88.169 - - [04/Apr/2012:06:42:34 -0700] "POST /blog/wp-cron.php?doing_wp_cron=1333546680 HTTP/1.0" 499 0 "-" "WordPress/3.3.1; http://yuvi.in/blog"
81.43.96.218 - - [04/Apr/2012:06:42:35 -0700] "POST /blog/wp-login.php HTTP/1.1" 200 3475 "http://yuvi.in/blog/wp-login.php" "Mozilla/5.0 (Windows NT 6.1; WOW64; rv:8.0.1) Gecko/20100101 Firefox/8.0.1"
85.17.88.169 - - [04/Apr/2012:06:42:37 -0700] "POST /blog/wp-cron.php?doing_wp_cron=1333546683 HTTP/1.0" 499 0 "-" "WordPress/3.3.1; http://yuvi.in/blog"
81.43.96.218 - - [04/Apr/2012:06:42:38 -0700] "POST /blog/wp-login.php HTTP/1.1" 200 3475 "http://yuvi.in/blog/wp-login.php" "Mozilla/5.0 (Windows NT 6.1; WOW64; rv:8.0.1) Gecko/20100101 Firefox/8.0.1"
59.92.84.49 - - [04/Apr/2012:06:43:00 -0700] "-" 400 0 "-" "-"
184.191.224.10 - - [04/Apr/2012:06:43:25 -0700] "GET / HTTP/1.1" 200 1430 "-" "Caffeinated/1.1.1 CFNetwork/520.3.2 Darwin/11.3.0 (x86_64) (MacBookPro8%2C1)"
184.191.224.10 - - [04/Apr/2012:06:43:25 -0700] "GET /favicon.ico HTTP/1.1" 404 142 "-" "Caffeinated/1.1.1 CFNetwork/520.3.2 Darwin/11.3.0 (x86_64) (MacBookPro8%2C1)"
184.191.224.10 - - [04/Apr/2012:06:43:51 -0700] "GET / HTTP/1.1" 200 1430 "-" "Caffeinated/1.1.1 CFNetwork/520.3.2 Darwin/11.3.0 (x86_64) (MacBookPro8%2C1)"
184.191.224.10 - - [04/Apr/2012:06:43:51 -0700] "GET /favicon.ico HTTP/1.1" 404 142 "-" "Caffeinated/1.1.1 CFNetwork/520.3.2 Darwin/11.3.0 (x86_64) (MacBookPro8%2C1)"
117.193.82.90 - - [04/Apr/2012:06:44:22 -0700] "-" 400 0 "-" "-"
112.79.44.216 - - [04/Apr/2012:06:44:42 -0700] "-" 400 0 "-" "-"
184.191.224.10 - - [04/Apr/2012:06:44:48 -0700] "GET / HTTP/1.1" 200 1430 "-" "Caffeinated/1.1.1 CFNetwork/520.3.2 Darwin/11.3.0 (x86_64) (MacBookPro8%2C1)"
184.191.224.10 - - [04/Apr/2012:06:44:48 -0700] "GET /favicon.ico HTTP/1.1" 404 142 "-" "Caffeinated/1.1.1 CFNetwork/520.3.2 Darwin/11.3.0 (x86_64) (MacBookPro8%2C1)"
141.0.11.75 - - [04/Apr/2012:06:44:58 -0700] "-" 400 0 "-" "-"
184.191.224.10 - - [04/Apr/2012:06:45:13 -0700] "GET / HTTP/1.1" 200 1430 "-" "Caffeinated/1.1.1 CFNetwork/520.3.2 Darwin/11.3.0 (x86_64) (MacBookPro8%2C1)"
184.191.224.10 - - [04/Apr/2012:06:45:14 -0700] "GET /favicon.ico HTTP/1.1" 404 142 "-" "Caffeinated/1.1.1 CFNetwork/520.3.2 Darwin/11.3.0 (x86_64) (MacBookPro8%2C1)"
184.191.224.10 - - [04/Apr/2012:06:46:13 -0700] "GET / HTTP/1.1" 200 1430 "-" "Caffeinated/1.1.1 CFNetwork/520.3.2 Darwin/11.3.0 (x86_64) (MacBookPro8%2C1)"
184.191.224.10 - - [04/Apr/2012:06:46:13 -0700] "GET /favicon.ico HTTP/1.1" 404 142 "-" "Caffeinated/1.1.1 CFNetwork/520.3.2 Darwin/11.3.0 (x86_64) (MacBookPro8%2C1)"
122.164.235.127 - - [04/Apr/2012:06:46:30 -0700] "-" 400 0 "-" "-"
122.164.235.127 - - [04/Apr/2012:06:46:30 -0700] "-" 400 0 "-" "-"
122.164.235.127 - - [04/Apr/2012:06:46:30 -0700] "-" 400 0 "-" "-"
85.17.88.169 - - [04/Apr/2012:06:46:36 -0700] "POST /blog/wp-cron.php?doing_wp_cron=1333546922 HTTP/1.0" 499 0 "-" "WordPress/3.3.1; http://yuvi.in/blog"
209.85.238.244 - - [04/Apr/2012:06:46:37 -0700] "GET /blog/feed HTTP/1.1" 301 0 "-" "Feedfetcher-Google; (+http://www.google.com/feedfetcher.html; 3 subscribers; feed-id=17684830852112633560)"
85.17.88.169 - - [04/Apr/2012:06:46:39 -0700] "POST /blog/wp-cron.php?doing_wp_cron=1333546925 HTTP/1.0" 499 0 "-" "WordPress/3.3.1; http://yuvi.in/blog"
209.85.238.244 - - [04/Apr/2012:06:46:39 -0700] "GET /blog/feed/ HTTP/1.1" 304 0 "-" "Feedfetcher-Google; (+http://www.google.com/feedfetcher.html; 3 subscribers; feed-id=17684830852112633560)"
184.191.224.10 - - [04/Apr/2012:06:46:40 -0700] "GET / HTTP/1.1" 200 1430 "-" "Caffeinated/1.1.1 CFNetwork/520.3.2 Darwin/11.3.0 (x86_64) (MacBookPro8%2C1)"
184.191.224.10 - - [04/Apr/2012:06:46:40 -0700] "GET /favicon.ico HTTP/1.1" 404 142 "-" "Caffeinated/1.1.1 CFNetwork/520.3.2 Darwin/11.3.0 (x86_64) (MacBookPro8%2C1)"
61.16.160.142 - - [04/Apr/2012:06:46:55 -0700] "-" 400 0 "-" "-"
61.16.160.142 - - [04/Apr/2012:06:46:55 -0700] "-" 400 0 "-" "-"
85.17.88.169 - - [04/Apr/2012:06:47:38 -0700] "POST /blog/wp-cron.php?doing_wp_cron=1333546984 HTTP/1.0" 499 0 "-" "WordPress/3.3.1; http://yuvi.in/blog"
66.249.73.27 - - [04/Apr/2012:06:47:39 -0700] "GET /blog/program/ HTTP/1.1" 200 8229 "-" "Mozilla/5.0 (compatible; Googlebot/2.1; +http://www.google.com/bot.html)"
184.191.224.10 - - [04/Apr/2012:06:47:39 -0700] "GET / HTTP/1.1" 200 1430 "-" "Caffeinated/1.1.1 CFNetwork/520.3.2 Darwin/11.3.0 (x86_64) (MacBookPro8%2C1)"
184.191.224.10 - - [04/Apr/2012:06:47:39 -0700] "GET /favicon.ico HTTP/1.1" 404 142 "-" "Caffeinated/1.1.1 CFNetwork/520.3.2 Darwin/11.3.0 (x86_64) (MacBookPro8%2C1)"
85.17.88.169 - - [04/Apr/2012:06:47:55 -0700] "POST /blog/wp-cron.php?doing_wp_cron=1333547001 HTTP/1.0" 499 0 "-" "WordPress/3.3.1; http://yuvi.in/blog"
209.117.161.166 - - [04/Apr/2012:06:48:00 -0700] "GET /blog/2010/09/ HTTP/1.1" 200 22670 "-" "-"
184.191.224.10 - - [04/Apr/2012:06:48:04 -0700] "GET / HTTP/1.1" 200 1430 "-" "Caffeinated/1.1.1 CFNetwork/520.3.2 Darwin/11.3.0 (x86_64) (MacBookPro8%2C1)"
184.191.224.10 - - [04/Apr/2012:06:48:04 -0700] "GET /favicon.ico HTTP/1.1" 404 142 "-" "Caffeinated/1.1.1 CFNetwork/520.3.2 Darwin/11.3.0 (x86_64) (MacBookPro8%2C1)"
117.193.82.90 - - [04/Apr/2012:06:48:40 -0700] "-" 400 0 "-" "-"
184.191.224.10 - - [04/Apr/2012:06:49:02 -0700] "GET / HTTP/1.1" 200 1430 "-" "Caffeinated/1.1.1 CFNetwork/520.3.2 Darwin/11.3.0 (x86_64) (MacBookPro8%2C1)"
184.191.224.10 - - [04/Apr/2012:06:49:02 -0700] "GET /favicon.ico HTTP/1.1" 404 142 "-" "Caffeinated/1.1.1 CFNetwork/520.3.2 Darwin/11.3.0 (x86_64) (MacBookPro8%2C1)"
183.83.17.150 - - [04/Apr/2012:06:49:08 -0700] "-" 400 0 "-" "-"
183.83.17.150 - - [04/Apr/2012:06:49:18 -0700] "-" 400 0 "-" "-"
184.191.224.10 - - [04/Apr/2012:06:49:35 -0700] "GET / HTTP/1.1" 200 1430 "-" "Caffeinated/1.1.1 CFNetwork/520.3.2 Darwin/11.3.0 (x86_64) (MacBookPro8%2C1)"
184.191.224.10 - - [04/Apr/2012:06:49:35 -0700] "GET /favicon.ico HTTP/1.1" 404 142 "-" "Caffeinated/1.1.1 CFNetwork/520.3.2 Darwin/11.3.0 (x86_64) (MacBookPro8%2C1)"
85.17.88.169 - - [04/Apr/2012:06:50:04 -0700] "POST /blog/wp-cron.php?doing_wp_cron=1333547130 HTTP/1.0" 499 0 "-" "WordPress/3.3.1; http://yuvi.in/blog"
184.191.224.10 - - [04/Apr/2012:06:50:41 -0700] "GET / HTTP/1.1" 200 1430 "-" "Caffeinated/1.1.1 CFNetwork/520.3.2 Darwin/11.3.0 (x86_64) (MacBookPro8%2C1)"
184.191.224.10 - - [04/Apr/2012:06:50:41 -0700] "GET /favicon.ico HTTP/1.1" 404 142 "-" "Caffeinated/1.1.1 CFNetwork/520.3.2 Darwin/11.3.0 (x86_64) (MacBookPro8%2C1)"
122.164.235.127 - - [04/Apr/2012:06:51:00 -0700] "-" 400 0 "-" "-"
122.164.235.127 - - [04/Apr/2012:06:51:00 -0700] "-" 400 0 "-" "-"
122.164.235.127 - - [04/Apr/2012:06:51:00 -0700] "-" 400 0 "-" "-"
122.164.235.127 - - [04/Apr/2012:06:51:00 -0700] "-" 400 0 "-" "-"
184.191.224.10 - - [04/Apr/2012:06:51:39 -0700] "GET / HTTP/1.1" 200 1430 "-" "Caffeinated/1.1.1 CFNetwork/520.3.2 Darwin/11.3.0 (x86_64) (MacBookPro8%2C1)"
184.191.224.10 - - [04/Apr/2012:06:51:40 -0700] "GET /favicon.ico HTTP/1.1" 404 142 "-" "Caffeinated/1.1.1 CFNetwork/520.3.2 Darwin/11.3.0 (x86_64) (MacBookPro8%2C1)"
184.191.224.10 - - [04/Apr/2012:06:52:07 -0700] "GET / HTTP/1.1" 200 1430 "-" "Caffeinated/1.1.1 CFNetwork/520.3.2 Darwin/11.3.0 (x86_64) (MacBookPro8%2C1)"
184.191.224.10 - - [04/Apr/2012:06:52:07 -0700] "GET /favicon.ico HTTP/1.1" 404 142 "-" "Caffeinated/1.1.1 CFNetwork/520.3.2 Darwin/11.3.0 (x86_64) (MacBookPro8%2C1)"
184.191.224.10 - - [04/Apr/2012:06:53:06 -0700] "GET / HTTP/1.1" 200 1430 "-" "Caffeinated/1.1.1 CFNetwork/520.3.2 Darwin/11.3.0 (x86_64) (MacBookPro8%2C1)"
184.191.224.10 - - [04/Apr/2012:06:53:06 -0700] "GET /favicon.ico HTTP/1.1" 404 142 "-" "Caffeinated/1.1.1 CFNetwork/520.3.2 Darwin/11.3.0 (x86_64) (MacBookPro8%2C1)"
184.191.224.10 - - [04/Apr/2012:06:53:33 -0700] "GET / HTTP/1.1" 200 1430 "-" "Caffeinated/1.1.1 CFNetwork/520.3.2 Darwin/11.3.0 (x86_64) (MacBookPro8%2C1)"
184.191.224.10 - - [04/Apr/2012:06:53:33 -0700] "GET /favicon.ico HTTP/1.1" 404 142 "-" "Caffeinated/1.1.1 CFNetwork/520.3.2 Darwin/11.3.0 (x86_64) (MacBookPro8%2C1)"
85.17.88.169 - - [04/Apr/2012:06:53:46 -0700] "POST /blog/wp-cron.php?doing_wp_cron=1333547352 HTTP/1.0" 499 0 "-" "WordPress/3.3.1; http://yuvi.in/blog"
209.85.224.97 - - [04/Apr/2012:06:53:47 -0700] "GET /blog/feed HTTP/1.1" 304 0 "-" "FeedBurner/1.0 (http://www.FeedBurner.com)"
184.191.224.10 - - [04/Apr/2012:06:54:32 -0700] "GET / HTTP/1.1" 200 1430 "-" "Caffeinated/1.1.1 CFNetwork/520.3.2 Darwin/11.3.0 (x86_64) (MacBookPro8%2C1)"
184.191.224.10 - - [04/Apr/2012:06:54:32 -0700] "GET /favicon.ico HTTP/1.1" 404 142 "-" "Caffeinated/1.1.1 CFNetwork/520.3.2 Darwin/11.3.0 (x86_64) (MacBookPro8%2C1)"
184.191.224.10 - - [04/Apr/2012:06:54:58 -0700] "GET / HTTP/1.1" 200 1430 "-" "Caffeinated/1.1.1 CFNetwork/520.3.2 Darwin/11.3.0 (x86_64) (MacBookPro8%2C1)"
184.191.224.10 - - [04/Apr/2012:06:54:58 -0700] "GET /favicon.ico HTTP/1.1" 404 142 "-" "Caffeinated/1.1.1 CFNetwork/520.3.2 Darwin/11.3.0 (x86_64) (MacBookPro8%2C1)"
112.79.40.60 - - [04/Apr/2012:06:55:11 -0700] "GET /favicon.ico HTTP/1.1" 404 142 "-" "Mozilla/5.0 (Linux; U; Android 4.0.3; en-us; Nexus S Build/IML74K) AppleWebKit/535.7 (KHTML, like Gecko) CrMo/16.0.912.77 Mobile Safari/535.7"
112.79.40.60 - - [04/Apr/2012:06:55:11 -0700] "GET /apple-touch-icon-precomposed.png HTTP/1.1" 404 142 "-" "Mozilla/5.0 (Linux; U; Android 4.0.3; en-us; Nexus S Build/IML74K) AppleWebKit/535.7 (KHTML, like Gecko) CrMo/16.0.912.77 Mobile Safari/535.7"
112.79.40.60 - - [04/Apr/2012:06:55:12 -0700] "GET /apple-touch-icon.png HTTP/1.1" 404 142 "-" "Mozilla/5.0 (Linux; U; Android 4.0.3; en-us; Nexus S Build/IML74K) AppleWebKit/535.7 (KHTML, like Gecko) CrMo/16.0.912.77 Mobile Safari/535.7"
112.79.40.60 - - [04/Apr/2012:06:55:21 -0700] "-" 400 0 "-" "-"
184.191.224.10 - - [04/Apr/2012:06:55:59 -0700] "GET / HTTP/1.1" 200 1430 "-" "Caffeinated/1.1.1 CFNetwork/520.3.2 Darwin/11.3.0 (x86_64) (MacBookPro8%2C1)"
184.191.224.10 - - [04/Apr/2012:06:55:59 -0700] "GET /favicon.ico HTTP/1.1" 404 142 "-" "Caffeinated/1.1.1 CFNetwork/520.3.2 Darwin/11.3.0 (x86_64) (MacBookPro8%2C1)"
184.191.224.10 - - [04/Apr/2012:06:56:34 -0700] "GET / HTTP/1.1" 200 1430 "-" "Caffeinated/1.1.1 CFNetwork/520.3.2 Darwin/11.3.0 (x86_64) (MacBookPro8%2C1)"
184.191.224.10 - - [04/Apr/2012:06:56:34 -0700] "GET /favicon.ico HTTP/1.1" 404 142 "-" "Caffeinated/1.1.1 CFNetwork/520.3.2 Darwin/11.3.0 (x86_64) (MacBookPro8%2C1)"
184.191.224.10 - - [04/Apr/2012:06:57:22 -0700] "GET / HTTP/1.1" 200 1430 "-" "Caffeinated/1.1.1 CFNetwork/520.3.2 Darwin/11.3.0 (x86_64) (MacBookPro8%2C1)"
184.191.224.10 - - [04/Apr/2012:06:57:22 -0700] "GET /favicon.ico HTTP/1.1" 404 142 "-" "Caffeinated/1.1.1 CFNetwork/520.3.2 Darwin/11.3.0 (x86_64) (MacBookPro8%2C1)"
184.191.224.10 - - [04/Apr/2012:06:57:57 -0700] "GET / HTTP/1.1" 200 1430 "-" "Caffeinated/1.1.1 CFNetwork/520.3.2 Darwin/11.3.0 (x86_64) (MacBookPro8%2C1)"
184.191.224.10 - - [04/Apr/2012:06:57:57 -0700] "GET /favicon.ico HTTP/1.1" 404 142 "-" "Caffeinated/1.1.1 CFNetwork/520.3.2 Darwin/11.3.0 (x86_64) (MacBookPro8%2C1)"
117.213.90.219 - - [04/Apr/2012:06:58:19 -0700] "-" 400 0 "-" "-"
184.191.224.10 - - [04/Apr/2012:06:58:47 -0700] "GET / HTTP/1.1" 200 1430 "-" "Caffeinated/1.1.1 CFNetwork/520.3.2 Darwin/11.3.0 (x86_64) (MacBookPro8%2C1)"
184.191.224.10 - - [04/Apr/2012:06:58:47 -0700] "GET /favicon.ico HTTP/1.1" 404 142 "-" "Caffeinated/1.1.1 CFNetwork/520.3.2 Darwin/11.3.0 (x86_64) (MacBookPro8%2C1)"
59.92.84.49 - - [04/Apr/2012:06:58:58 -0700] "-" 400 0 "-" "-"
184.191.224.10 - - [04/Apr/2012:06:59:25 -0700] "GET / HTTP/1.1" 200 1430 "-" "Caffeinated/1.1.1 CFNetwork/520.3.2 Darwin/11.3.0 (x86_64) (MacBookPro8%2C1)"
184.191.224.10 - - [04/Apr/2012:06:59:25 -0700] "GET /favicon.ico HTTP/1.1" 404 142 "-" "Caffeinated/1.1.1 CFNetwork/520.3.2 Darwin/11.3.0 (x86_64) (MacBookPro8%2C1)"
184.191.224.10 - - [04/Apr/2012:07:00:13 -0700] "GET / HTTP/1.1" 200 1430 "-" "Caffeinated/1.1.1 CFNetwork/520.3.2 Darwin/11.3.0 (x86_64) (MacBookPro8%2C1)"
184.191.224.10 - - [04/Apr/2012:07:00:13 -0700] "GET /favicon.ico HTTP/1.1" 404 142 "-" "Caffeinated/1.1.1 CFNetwork/520.3.2 Darwin/11.3.0 (x86_64) (MacBookPro8%2C1)"
74.125.126.101 - - [04/Apr/2012:07:00:30 -0700] "GET /r/1n96 HTTP/1.1" 301 257 "-" "Mozilla/5.0 (en-us) AppleWebKit/534.14 (KHTML, like Gecko; Google Wireless Transcoder) Chrome/9.0.597 Safari/534.14"
74.125.126.102 - - [04/Apr/2012:07:00:31 -0700] "GET /s/ta/1n96/ HTTP/1.1" 302 703 "-" "Mozilla/5.0 (en-us) AppleWebKit/534.14 (KHTML, like Gecko; Google Wireless Transcoder) Chrome/9.0.597 Safari/534.14"
184.191.224.10 - - [04/Apr/2012:07:00:49 -0700] "GET / HTTP/1.1" 200 1430 "-" "Caffeinated/1.1.1 CFNetwork/520.3.2 Darwin/11.3.0 (x86_64) (MacBookPro8%2C1)"
184.191.224.10 - - [04/Apr/2012:07:00:49 -0700] "GET /favicon.ico HTTP/1.1" 404 142 "-" "Caffeinated/1.1.1 CFNetwork/520.3.2 Darwin/11.3.0 (x86_64) (MacBookPro8%2C1)"
184.191.224.10 - - [04/Apr/2012:07:01:41 -0700] "GET / HTTP/1.1" 200 1430 "-" "Caffeinated/1.1.1 CFNetwork/520.3.2 Darwin/11.3.0 (x86_64) (MacBookPro8%2C1)"
184.191.224.10 - - [04/Apr/2012:07:01:41 -0700] "GET /favicon.ico HTTP/1.1" 404 142 "-" "Caffeinated/1.1.1 CFNetwork/520.3.2 Darwin/11.3.0 (x86_64) (MacBookPro8%2C1)"
85.17.88.169 - - [04/Apr/2012:07:02:00 -0700] "POST /blog/wp-cron.php?doing_wp_cron=1333547846 HTTP/1.0" 499 0 "-" "WordPress/3.3.1; http://yuvi.in/blog"
209.117.161.166 - - [04/Apr/2012:07:02:05 -0700] "GET /blog/2011/07/ HTTP/1.1" 200 14713 "-" "-"
184.191.224.10 - - [04/Apr/2012:07:02:19 -0700] "GET / HTTP/1.1" 200 1430 "-" "Caffeinated/1.1.1 CFNetwork/520.3.2 Darwin/11.3.0 (x86_64) (MacBookPro8%2C1)"
184.191.224.10 - - [04/Apr/2012:07:02:19 -0700] "GET /favicon.ico HTTP/1.1" 404 142 "-" "Caffeinated/1.1.1 CFNetwork/520.3.2 Darwin/11.3.0 (x86_64) (MacBookPro8%2C1)"
182.72.186.222 - - [04/Apr/2012:07:02:27 -0700] "-" 400 0 "-" "-"
14.139.228.210 - - [04/Apr/2012:07:02:54 -0700] "GET / HTTP/1.1" 200 1430 "-" "Mozilla/5.0 (X11; Ubuntu; Linux x86_64; rv:11.0) Gecko/20100101 Firefox/11.0"
14.139.228.210 - - [04/Apr/2012:07:02:54 -0700] "GET /blueprint/print.css HTTP/1.1" 200 1284 "http://yuvi.in/" "Mozilla/5.0 (X11; Ubuntu; Linux x86_64; rv:11.0) Gecko/20100101 Firefox/11.0"
14.139.228.210 - - [04/Apr/2012:07:02:54 -0700] "GET /blueprint/screen.css HTTP/1.1" 200 12058 "http://yuvi.in/" "Mozilla/5.0 (X11; Ubuntu; Linux x86_64; rv:11.0) Gecko/20100101 Firefox/11.0"
14.139.228.210 - - [04/Apr/2012:07:02:55 -0700] "GET /header.png HTTP/1.1" 200 14249 "http://yuvi.in/" "Mozilla/5.0 (X11; Ubuntu; Linux x86_64; rv:11.0) Gecko/20100101 Firefox/11.0"
14.139.228.210 - - [04/Apr/2012:07:02:59 -0700] "GET /favicon.ico HTTP/1.1" 404 142 "-" "Mozilla/5.0 (X11; Ubuntu; Linux x86_64; rv:11.0) Gecko/20100101 Firefox/11.0"
14.139.228.210 - - [04/Apr/2012:07:03:00 -0700] "-" 400 0 "-" "-"
184.191.224.10 - - [04/Apr/2012:07:03:03 -0700] "GET / HTTP/1.1" 200 1430 "-" "Caffeinated/1.1.1 CFNetwork/520.3.2 Darwin/11.3.0 (x86_64) (MacBookPro8%2C1)"
184.191.224.10 - - [04/Apr/2012:07:03:03 -0700] "GET /favicon.ico HTTP/1.1" 404 142 "-" "Caffeinated/1.1.1 CFNetwork/520.3.2 Darwin/11.3.0 (x86_64) (MacBookPro8%2C1)"
14.139.228.210 - - [04/Apr/2012:07:03:25 -0700] "GET /blog HTTP/1.1" 301 178 "http://yuvi.in/" "Mozilla/5.0 (X11; Ubuntu; Linux x86_64; rv:11.0) Gecko/20100101 Firefox/11.0"
85.17.88.169 - - [04/Apr/2012:07:03:27 -0700] "POST /blog/wp-cron.php?doing_wp_cron=1333547933 HTTP/1.0" 499 0 "-" "WordPress/3.3.1; http://yuvi.in/blog"
14.139.228.210 - - [04/Apr/2012:07:03:28 -0700] "GET /blog/ HTTP/1.1" 200 9194 "http://yuvi.in/" "Mozilla/5.0 (X11; Ubuntu; Linux x86_64; rv:11.0) Gecko/20100101 Firefox/11.0"
14.139.228.210 - - [04/Apr/2012:07:03:28 -0700] "GET /blog/wp-content/themes/cleanr/style.css HTTP/1.1" 200 10508 "http://yuvi.in/blog/" "Mozilla/5.0 (X11; Ubuntu; Linux x86_64; rv:11.0) Gecko/20100101 Firefox/11.0"
14.139.228.210 - - [04/Apr/2012:07:03:29 -0700] "GET /blog/wp-content/themes/cleanr/js/jquery.dropdown.js?ver=3.3.1 HTTP/1.1" 200 535 "http://yuvi.in/blog/" "Mozilla/5.0 (X11; Ubuntu; Linux x86_64; rv:11.0) Gecko/20100101 Firefox/11.0"
14.139.228.210 - - [04/Apr/2012:07:03:29 -0700] "GET /blog/wp-content/themes/cleanr/css/text.css HTTP/1.1" 200 420 "http://yuvi.in/blog/wp-content/themes/cleanr/style.css" "Mozilla/5.0 (X11; Ubuntu; Linux x86_64; rv:11.0) Gecko/20100101 Firefox/11.0"
14.139.228.210 - - [04/Apr/2012:07:03:29 -0700] "GET /blog/wp-content/themes/cleanr/css/960.css HTTP/1.1" 200 3628 "http://yuvi.in/blog/wp-content/themes/cleanr/style.css" "Mozilla/5.0 (X11; Ubuntu; Linux x86_64; rv:11.0) Gecko/20100101 Firefox/11.0"
14.139.228.210 - - [04/Apr/2012:07:03:29 -0700] "GET /blog/wp-includes/js/jquery/jquery.js?ver=1.7.1 HTTP/1.1" 200 93889 "http://yuvi.in/blog/" "Mozilla/5.0 (X11; Ubuntu; Linux x86_64; rv:11.0) Gecko/20100101 Firefox/11.0"
14.139.228.210 - - [04/Apr/2012:07:03:29 -0700] "GET /blog/wp-content/themes/cleanr/css/reset.css HTTP/1.1" 200 648 "http://yuvi.in/blog/wp-content/themes/cleanr/style.css" "Mozilla/5.0 (X11; Ubuntu; Linux x86_64; rv:11.0) Gecko/20100101 Firefox/11.0"
14.139.228.210 - - [04/Apr/2012:07:03:31 -0700] "GET /blog/wp-content/themes/cleanr/images/search_magnifier.gif HTTP/1.1" 200 394 "http://yuvi.in/blog/" "Mozilla/5.0 (X11; Ubuntu; Linux x86_64; rv:11.0) Gecko/20100101 Firefox/11.0"
14.139.228.210 - - [04/Apr/2012:07:03:34 -0700] "-" 400 0 "-" "-"
184.191.224.10 - - [04/Apr/2012:07:03:45 -0700] "GET / HTTP/1.1" 200 1430 "-" "Caffeinated/1.1.1 CFNetwork/520.3.2 Darwin/11.3.0 (x86_64) (MacBookPro8%2C1)"
184.191.224.10 - - [04/Apr/2012:07:03:45 -0700] "GET /favicon.ico HTTP/1.1" 404 142 "-" "Caffeinated/1.1.1 CFNetwork/520.3.2 Darwin/11.3.0 (x86_64) (MacBookPro8%2C1)"
184.191.224.10 - - [04/Apr/2012:07:04:31 -0700] "GET / HTTP/1.1" 200 1430 "-" "Caffeinated/1.1.1 CFNetwork/520.3.2 Darwin/11.3.0 (x86_64) (MacBookPro8%2C1)"
184.191.224.10 - - [04/Apr/2012:07:04:31 -0700] "GET /favicon.ico HTTP/1.1" 404 142 "-" "Caffeinated/1.1.1 CFNetwork/520.3.2 Darwin/11.3.0 (x86_64) (MacBookPro8%2C1)"
85.17.88.169 - - [04/Apr/2012:07:04:36 -0700] "POST /blog/wp-cron.php?doing_wp_cron=1333548002 HTTP/1.0" 499 0 "-" "WordPress/3.3.1; http://yuvi.in/blog"
117.193.61.159 - - [04/Apr/2012:07:04:36 -0700] "GET /blog/2011/05/ HTTP/1.1" 200 8193 "http://www.google.com/url?sa=t&rct=j&q=&esrc=s&source=web&cd=3&ved=0CDEQFjAC&url=http%3A%2F%2Fyuvi.in%2Fblog%2F2011%2F05%2F&ei=wFN8T6D2FIjwrQfano3UDA&usg=AFQjCNE3CzZNxvtBD46joWtjO2y0IwBXjw&sig2=kD0imMNhaSvUmQ_GXqoDMw" "Mozilla/5.0 (X11; Linux x86_64; rv:12.0a2) Gecko/20120210 Firefox/12.0a2 Iceweasel/12.0a2"
117.193.61.159 - - [04/Apr/2012:07:04:38 -0700] "GET /blog/wp-content/themes/cleanr/style.css HTTP/1.1" 200 10508 "http://yuvi.in/blog/2011/05/" "Mozilla/5.0 (X11; Linux x86_64; rv:12.0a2) Gecko/20120210 Firefox/12.0a2 Iceweasel/12.0a2"
117.193.61.159 - - [04/Apr/2012:07:04:39 -0700] "GET /blog/wp-includes/js/jquery/jquery.js?ver=1.7.1 HTTP/1.1" 200 93889 "http://yuvi.in/blog/2011/05/" "Mozilla/5.0 (X11; Linux x86_64; rv:12.0a2) Gecko/20120210 Firefox/12.0a2 Iceweasel/12.0a2"
117.193.61.159 - - [04/Apr/2012:07:04:39 -0700] "GET /blog/wp-content/themes/cleanr/js/jquery.dropdown.js?ver=3.3.1 HTTP/1.1" 200 535 "http://yuvi.in/blog/2011/05/" "Mozilla/5.0 (X11; Linux x86_64; rv:12.0a2) Gecko/20120210 Firefox/12.0a2 Iceweasel/12.0a2"
117.193.61.159 - - [04/Apr/2012:07:04:39 -0700] "GET /blog/wp-content/themes/cleanr/css/reset.css HTTP/1.1" 200 648 "http://yuvi.in/blog/wp-content/themes/cleanr/style.css" "Mozilla/5.0 (X11; Linux x86_64; rv:12.0a2) Gecko/20120210 Firefox/12.0a2 Iceweasel/12.0a2"
117.193.61.159 - - [04/Apr/2012:07:04:40 -0700] "GET /blog/wp-content/themes/cleanr/css/text.css HTTP/1.1" 200 420 "http://yuvi.in/blog/wp-content/themes/cleanr/style.css" "Mozilla/5.0 (X11; Linux x86_64; rv:12.0a2) Gecko/20120210 Firefox/12.0a2 Iceweasel/12.0a2"
117.193.61.159 - - [04/Apr/2012:07:04:40 -0700] "GET /blog/wp-content/themes/cleanr/css/960.css HTTP/1.1" 200 3628 "http://yuvi.in/blog/wp-content/themes/cleanr/style.css" "Mozilla/5.0 (X11; Linux x86_64; rv:12.0a2) Gecko/20120210 Firefox/12.0a2 Iceweasel/12.0a2"
117.193.61.159 - - [04/Apr/2012:07:04:41 -0700] "GET /blog/wp-content/themes/cleanr/images/search_magnifier.gif HTTP/1.1" 200 394 "http://yuvi.in/blog/2011/05/" "Mozilla/5.0 (X11; Linux x86_64; rv:12.0a2) Gecko/20120210 Firefox/12.0a2 Iceweasel/12.0a2"
117.193.61.159 - - [04/Apr/2012:07:04:45 -0700] "-" 400 0 "-" "-"
117.193.61.159 - - [04/Apr/2012:07:04:45 -0700] "-" 400 0 "-" "-"
117.193.61.159 - - [04/Apr/2012:07:04:45 -0700] "-" 400 0 "-" "-"
117.193.61.159 - - [04/Apr/2012:07:04:45 -0700] "-" 400 0 "-" "-"
117.193.61.159 - - [04/Apr/2012:07:04:45 -0700] "-" 400 0 "-" "-"
117.193.61.159 - - [04/Apr/2012:07:04:45 -0700] "-" 400 0 "-" "-"
117.193.61.159 - - [04/Apr/2012:07:04:45 -0700] "-" 400 0 "-" "-"
117.193.61.159 - - [04/Apr/2012:07:04:45 -0700] "-" 400 0 "-" "-"
182.72.186.222 - - [04/Apr/2012:07:04:46 -0700] "-" 400 0 "-" "-"
182.72.186.222 - - [04/Apr/2012:07:04:46 -0700] "-" 400 0 "-" "-"
182.72.186.222 - - [04/Apr/2012:07:04:46 -0700] "-" 400 0 "-" "-"
182.72.186.222 - - [04/Apr/2012:07:04:46 -0700] "-" 400 0 "-" "-"
182.72.186.222 - - [04/Apr/2012:07:04:46 -0700] "-" 400 0 "-" "-"
182.72.186.222 - - [04/Apr/2012:07:04:46 -0700] "-" 400 0 "-" "-"
117.193.61.159 - - [04/Apr/2012:07:05:03 -0700] "GET /favicon.ico HTTP/1.1" 404 142 "-" "Mozilla/5.0 (X11; Linux x86_64; rv:12.0a2) Gecko/20120210 Firefox/12.0a2 Iceweasel/12.0a2"
117.193.61.159 - - [04/Apr/2012:07:05:03 -0700] "GET /favicon.ico HTTP/1.1" 404 142 "-" "Mozilla/5.0 (X11; Linux x86_64; rv:12.0a2) Gecko/20120210 Firefox/12.0a2 Iceweasel/12.0a2"
184.191.224.10 - - [04/Apr/2012:07:05:11 -0700] "GET / HTTP/1.1" 200 1430 "-" "Caffeinated/1.1.1 CFNetwork/520.3.2 Darwin/11.3.0 (x86_64) (MacBookPro8%2C1)"
184.191.224.10 - - [04/Apr/2012:07:05:11 -0700] "GET /favicon.ico HTTP/1.1" 404 142 "-" "Caffeinated/1.1.1 CFNetwork/520.3.2 Darwin/11.3.0 (x86_64) (MacBookPro8%2C1)"
184.191.224.10 - - [04/Apr/2012:07:06:00 -0700] "GET / HTTP/1.1" 200 1430 "-" "Caffeinated/1.1.1 CFNetwork/520.3.2 Darwin/11.3.0 (x86_64) (MacBookPro8%2C1)"
184.191.224.10 - - [04/Apr/2012:07:06:00 -0700] "GET /favicon.ico HTTP/1.1" 404 142 "-" "Caffeinated/1.1.1 CFNetwork/520.3.2 Darwin/11.3.0 (x86_64) (MacBookPro8%2C1)"
207.46.204.171 - - [04/Apr/2012:07:06:24 -0700] "-" 400 0 "-" "-"
207.46.204.171 - - [04/Apr/2012:07:06:34 -0700] "-" 400 0 "-" "-"
207.46.204.171 - - [04/Apr/2012:07:06:35 -0700] "-" 400 0 "-" "-"
207.46.204.171 - - [04/Apr/2012:07:06:35 -0700] "-" 400 0 "-" "-"
207.46.204.171 - - [04/Apr/2012:07:06:37 -0700] "-" 400 0 "-" "-"
207.46.204.171 - - [04/Apr/2012:07:06:37 -0700] "-" 400 0 "-" "-"
207.46.204.171 - - [04/Apr/2012:07:06:38 -0700] "-" 400 0 "-" "-"
184.191.224.10 - - [04/Apr/2012:07:06:38 -0700] "GET / HTTP/1.1" 200 1430 "-" "Caffeinated/1.1.1 CFNetwork/520.3.2 Darwin/11.3.0 (x86_64) (MacBookPro8%2C1)"
184.191.224.10 - - [04/Apr/2012:07:06:39 -0700] "GET /favicon.ico HTTP/1.1" 404 142 "-" "Caffeinated/1.1.1 CFNetwork/520.3.2 Darwin/11.3.0 (x86_64) (MacBookPro8%2C1)"
207.46.204.171 - - [04/Apr/2012:07:06:39 -0700] "-" 400 0 "-" "-"
207.46.204.171 - - [04/Apr/2012:07:06:39 -0700] "-" 400 0 "-" "-"
207.46.204.171 - - [04/Apr/2012:07:06:40 -0700] "-" 400 0 "-" "-"
117.193.64.143 - - [04/Apr/2012:07:07:09 -0700] "-" 400 0 "-" "-"
184.191.224.10 - - [04/Apr/2012:07:07:26 -0700] "GET / HTTP/1.1" 200 1430 "-" "Caffeinated/1.1.1 CFNetwork/520.3.2 Darwin/11.3.0 (x86_64) (MacBookPro8%2C1)"
184.191.224.10 - - [04/Apr/2012:07:07:26 -0700] "GET /favicon.ico HTTP/1.1" 404 142 "-" "Caffeinated/1.1.1 CFNetwork/520.3.2 Darwin/11.3.0 (x86_64) (MacBookPro8%2C1)"
117.193.64.143 - - [04/Apr/2012:07:07:29 -0700] "-" 400 0 "-" "-"
88.131.106.22 - - [04/Apr/2012:07:07:30 -0700] "GET /robots.txt HTTP/1.0" 404 169 "-" "Mozilla/5.0 (Windows; U; Windows NT 5.1; en-US) Speedy Spider (http://www.entireweb.com/about/search_tech/speedy_spider/)"
88.131.106.22 - - [04/Apr/2012:07:07:31 -0700] "GET /blog/tag/code-tools.html HTTP/1.0" 200 5702 "-" "Mozilla/5.0 (Windows; U; Windows NT 5.1; en-US) Speedy Spider (http://www.entireweb.com/about/search_tech/speedy_spider/)"
122.174.60.65 - - [04/Apr/2012:07:07:39 -0700] "-" 400 0 "-" "-"
117.193.64.143 - - [04/Apr/2012:07:07:39 -0700] "-" 400 0 "-" "-"
107.10.150.75 - - [04/Apr/2012:07:07:52 -0700] "GET /r/33zx HTTP/1.1" 301 257 "http://www.facebook.com/l.php?u=http%3A%2F%2Ftawp.in%2Fr%2F33zx&h=XAQE3Y-OGAQFgUVrorkZOckY3ZdBQ8ndgUQIZe9AklK92_w" "Mozilla/5.0 (Windows NT 6.0) AppleWebKit/535.19 (KHTML, like Gecko) Chrome/18.0.1025.142 Safari/535.19"
107.10.150.75 - - [04/Apr/2012:07:07:52 -0700] "GET /s/ta/33zx/ HTTP/1.1" 302 631 "http://www.facebook.com/l.php?u=http%3A%2F%2Ftawp.in%2Fr%2F33zx&h=XAQE3Y-OGAQFgUVrorkZOckY3ZdBQ8ndgUQIZe9AklK92_w" "Mozilla/5.0 (Windows NT 6.0) AppleWebKit/535.19 (KHTML, like Gecko) Chrome/18.0.1025.142 Safari/535.19"
85.17.88.169 - - [04/Apr/2012:07:07:52 -0700] "POST /blog/wp-cron.php?doing_wp_cron=1333548198 HTTP/1.0" 499 0 "-" "WordPress/3.3.1; http://yuvi.in/blog"
193.164.138.82 - - [04/Apr/2012:07:07:54 -0700] "GET /blog/my-vimrc/ HTTP/1.1" 200 16044 "-" "Zemanta Aggregator/0.7 +http://www.zemanta.com"
184.191.224.10 - - [04/Apr/2012:07:08:03 -0700] "GET / HTTP/1.1" 200 1430 "-" "Caffeinated/1.1.1 CFNetwork/520.3.2 Darwin/11.3.0 (x86_64) (MacBookPro8%2C1)"
184.191.224.10 - - [04/Apr/2012:07:08:04 -0700] "GET /favicon.ico HTTP/1.1" 404 142 "-" "Caffeinated/1.1.1 CFNetwork/520.3.2 Darwin/11.3.0 (x86_64) (MacBookPro8%2C1)"
184.191.224.10 - - [04/Apr/2012:07:08:56 -0700] "GET / HTTP/1.1" 200 1430 "-" "Caffeinated/1.1.1 CFNetwork/520.3.2 Darwin/11.3.0 (x86_64) (MacBookPro8%2C1)"
184.191.224.10 - - [04/Apr/2012:07:08:56 -0700] "GET /favicon.ico HTTP/1.1" 404 142 "-" "Caffeinated/1.1.1 CFNetwork/520.3.2 Darwin/11.3.0 (x86_64) (MacBookPro8%2C1)"
184.191.224.10 - - [04/Apr/2012:07:09:28 -0700] "GET / HTTP/1.1" 200 1430 "-" "Caffeinated/1.1.1 CFNetwork/520.3.2 Darwin/11.3.0 (x86_64) (MacBookPro8%2C1)"
184.191.224.10 - - [04/Apr/2012:07:09:28 -0700] "GET /favicon.ico HTTP/1.1" 404 142 "-" "Caffeinated/1.1.1 CFNetwork/520.3.2 Darwin/11.3.0 (x86_64) (MacBookPro8%2C1)"
59.92.84.49 - - [04/Apr/2012:07:09:36 -0700] "-" 400 0 "-" "-"
184.191.224.10 - - [04/Apr/2012:07:10:26 -0700] "GET / HTTP/1.1" 200 1430 "-" "Caffeinated/1.1.1 CFNetwork/520.3.2 Darwin/11.3.0 (x86_64) (MacBookPro8%2C1)"
184.191.224.10 - - [04/Apr/2012:07:10:29 -0700] "GET /favicon.ico HTTP/1.1" 404 142 "-" "Caffeinated/1.1.1 CFNetwork/520.3.2 Darwin/11.3.0 (x86_64) (MacBookPro8%2C1)"
117.193.64.143 - - [04/Apr/2012:07:10:39 -0700] "-" 400 0 "-" "-"
117.193.64.143 - - [04/Apr/2012:07:10:39 -0700] "-" 400 0 "-" "-"
184.191.224.10 - - [04/Apr/2012:07:10:55 -0700] "GET / HTTP/1.1" 200 1430 "-" "Caffeinated/1.1.1 CFNetwork/520.3.2 Darwin/11.3.0 (x86_64) (MacBookPro8%2C1)"
184.191.224.10 - - [04/Apr/2012:07:10:55 -0700] "GET /favicon.ico HTTP/1.1" 404 142 "-" "Caffeinated/1.1.1 CFNetwork/520.3.2 Darwin/11.3.0 (x86_64) (MacBookPro8%2C1)"
59.92.84.49 - - [04/Apr/2012:07:11:23 -0700] "-" 400 0 "-" "-"
117.193.196.161 - - [04/Apr/2012:07:11:35 -0700] "-" 400 0 "-" "-"
14.99.232.11 - - [04/Apr/2012:07:11:47 -0700] "-" 400 0 "-" "-"
14.99.232.11 - - [04/Apr/2012:07:11:47 -0700] "-" 400 0 "-" "-"
184.191.224.10 - - [04/Apr/2012:07:11:53 -0700] "GET / HTTP/1.1" 200 1430 "-" "Caffeinated/1.1.1 CFNetwork/520.3.2 Darwin/11.3.0 (x86_64) (MacBookPro8%2C1)"
184.191.224.10 - - [04/Apr/2012:07:11:53 -0700] "GET /favicon.ico HTTP/1.1" 404 142 "-" "Caffeinated/1.1.1 CFNetwork/520.3.2 Darwin/11.3.0 (x86_64) (MacBookPro8%2C1)"
85.17.88.169 - - [04/Apr/2012:07:11:55 -0700] "POST /blog/wp-cron.php?doing_wp_cron=1333548441 HTTP/1.0" 499 0 "-" "WordPress/3.3.1; http://yuvi.in/blog"
209.117.161.166 - - [04/Apr/2012:07:12:00 -0700] "GET /blog/tag/reddit/ HTTP/1.1" 200 26056 "-" "-"
184.191.224.10 - - [04/Apr/2012:07:12:20 -0700] "GET / HTTP/1.1" 200 1430 "-" "Caffeinated/1.1.1 CFNetwork/520.3.2 Darwin/11.3.0 (x86_64) (MacBookPro8%2C1)"
184.191.224.10 - - [04/Apr/2012:07:12:20 -0700] "GET /favicon.ico HTTP/1.1" 404 142 "-" "Caffeinated/1.1.1 CFNetwork/520.3.2 Darwin/11.3.0 (x86_64) (MacBookPro8%2C1)"
117.213.94.47 - - [04/Apr/2012:07:12:33 -0700] "GET /r/252 HTTP/1.1" 301 255 "http://ta.wikipedia.org/wiki/%E0%AE%9A%E0%AF%81%E0%AE%AA%E0%AF%8D%E0%AE%AA%E0%AE%BF%E0%AE%B0%E0%AE%AE%E0%AE%A3%E0%AE%BF%E0%AE%AF_%E0%AE%AA%E0%AE%BE%E0%AE%B0%E0%AE%A4%E0%AE%BF" "Mozilla/4.0 (compatible; MSIE 6.0; Windows NT 5.1; SV1; BTRS122327; FunWebProducts; chromeframe/17.0.963.56; GTB7.3; InfoPath.2; FunWebProducts)"
117.213.94.47 - - [04/Apr/2012:07:12:33 -0700] "GET /s/ta/252/ HTTP/1.1" 302 461 "http://ta.wikipedia.org/wiki/%E0%AE%9A%E0%AF%81%E0%AE%AA%E0%AF%8D%E0%AE%AA%E0%AE%BF%E0%AE%B0%E0%AE%AE%E0%AE%A3%E0%AE%BF%E0%AE%AF_%E0%AE%AA%E0%AE%BE%E0%AE%B0%E0%AE%A4%E0%AE%BF" "Mozilla/4.0 (compatible; MSIE 6.0; Windows NT 5.1; SV1; BTRS122327; FunWebProducts; chromeframe/17.0.963.56; GTB7.3; InfoPath.2; FunWebProducts)"
184.191.224.10 - - [04/Apr/2012:07:13:20 -0700] "GET / HTTP/1.1" 200 1430 "-" "Caffeinated/1.1.1 CFNetwork/520.3.2 Darwin/11.3.0 (x86_64) (MacBookPro8%2C1)"
184.191.224.10 - - [04/Apr/2012:07:13:20 -0700] "GET /favicon.ico HTTP/1.1" 404 142 "-" "Caffeinated/1.1.1 CFNetwork/520.3.2 Darwin/11.3.0 (x86_64) (MacBookPro8%2C1)"
184.191.224.10 - - [04/Apr/2012:07:13:44 -0700] "GET / HTTP/1.1" 200 1430 "-" "Caffeinated/1.1.1 CFNetwork/520.3.2 Darwin/11.3.0 (x86_64) (MacBookPro8%2C1)"
184.191.224.10 - - [04/Apr/2012:07:13:44 -0700] "GET /favicon.ico HTTP/1.1" 404 142 "-" "Caffeinated/1.1.1 CFNetwork/520.3.2 Darwin/11.3.0 (x86_64) (MacBookPro8%2C1)"
184.191.224.10 - - [04/Apr/2012:07:14:45 -0700] "GET / HTTP/1.1" 200 1430 "-" "Caffeinated/1.1.1 CFNetwork/520.3.2 Darwin/11.3.0 (x86_64) (MacBookPro8%2C1)"
184.191.224.10 - - [04/Apr/2012:07:14:45 -0700] "GET /favicon.ico HTTP/1.1" 404 142 "-" "Caffeinated/1.1.1 CFNetwork/520.3.2 Darwin/11.3.0 (x86_64) (MacBookPro8%2C1)"
117.193.175.232 - - [04/Apr/2012:07:14:51 -0700] "-" 400 0 "-" "-"
184.191.224.10 - - [04/Apr/2012:07:15:10 -0700] "GET / HTTP/1.1" 200 1430 "-" "Caffeinated/1.1.1 CFNetwork/520.3.2 Darwin/11.3.0 (x86_64) (MacBookPro8%2C1)"
184.191.224.10 - - [04/Apr/2012:07:15:10 -0700] "GET /favicon.ico HTTP/1.1" 404 142 "-" "Caffeinated/1.1.1 CFNetwork/520.3.2 Darwin/11.3.0 (x86_64) (MacBookPro8%2C1)"
85.17.88.169 - - [04/Apr/2012:07:15:11 -0700] "POST /blog/wp-cron.php?doing_wp_cron=1333548637 HTTP/1.0" 499 0 "-" "WordPress/3.3.1; http://yuvi.in/blog"
97.117.125.23 - - [04/Apr/2012:07:15:12 -0700] "GET /blog/favicon.ico HTTP/1.1" 404 3016 "-" "Mozilla/5.0 (Windows NT 5.1; rv:11.0) Gecko/20100101 Firefox/11.0"
184.191.224.10 - - [04/Apr/2012:07:16:10 -0700] "GET / HTTP/1.1" 200 1430 "-" "Caffeinated/1.1.1 CFNetwork/520.3.2 Darwin/11.3.0 (x86_64) (MacBookPro8%2C1)"
184.191.224.10 - - [04/Apr/2012:07:16:10 -0700] "GET /favicon.ico HTTP/1.1" 404 142 "-" "Caffeinated/1.1.1 CFNetwork/520.3.2 Darwin/11.3.0 (x86_64) (MacBookPro8%2C1)"
85.17.88.169 - - [04/Apr/2012:07:16:22 -0700] "POST /blog/wp-cron.php?doing_wp_cron=1333548708 HTTP/1.0" 499 0 "-" "WordPress/3.3.1; http://yuvi.in/blog"
207.46.204.188 - - [04/Apr/2012:07:16:23 -0700] "GET /blog/2010/07/ HTTP/1.1" 200 9215 "-" "Mozilla/5.0 (compatible; bingbot/2.0; +http://www.bing.com/bingbot.htm)"
184.191.224.10 - - [04/Apr/2012:07:16:35 -0700] "GET / HTTP/1.1" 200 1430 "-" "Caffeinated/1.1.1 CFNetwork/520.3.2 Darwin/11.3.0 (x86_64) (MacBookPro8%2C1)"
184.191.224.10 - - [04/Apr/2012:07:16:36 -0700] "GET /favicon.ico HTTP/1.1" 404 142 "-" "Caffeinated/1.1.1 CFNetwork/520.3.2 Darwin/11.3.0 (x86_64) (MacBookPro8%2C1)"
59.92.61.134 - - [04/Apr/2012:07:17:29 -0700] "-" 400 0 "-" "-"
184.191.224.10 - - [04/Apr/2012:07:17:35 -0700] "GET / HTTP/1.1" 200 1430 "-" "Caffeinated/1.1.1 CFNetwork/520.3.2 Darwin/11.3.0 (x86_64) (MacBookPro8%2C1)"
184.191.224.10 - - [04/Apr/2012:07:17:36 -0700] "GET /favicon.ico HTTP/1.1" 404 142 "-" "Caffeinated/1.1.1 CFNetwork/520.3.2 Darwin/11.3.0 (x86_64) (MacBookPro8%2C1)"
180.76.5.184 - - [04/Apr/2012:07:17:38 -0700] "GET /POSM/ HTTP/1.1" 200 1963 "-" "Mozilla/5.0 (compatible; Baiduspider/2.0; +http://www.baidu.com/search/spider.html)"
107.10.150.75 - - [04/Apr/2012:07:17:58 -0700] "GET /s/ta/33zx/ HTTP/1.1" 302 631 "http://www.facebook.com/l.php?u=http%3A%2F%2Ftawp.in%2Fr%2F33zx&h=JAQFvFBdKAQFLWdGaxCULvgSOMCbKRry5UwwtRO38dpwkpg" "Mozilla/5.0 (Windows NT 6.0) AppleWebKit/535.19 (KHTML, like Gecko) Chrome/18.0.1025.142 Safari/535.19"
184.191.224.10 - - [04/Apr/2012:07:18:00 -0700] "GET / HTTP/1.1" 200 1430 "-" "Caffeinated/1.1.1 CFNetwork/520.3.2 Darwin/11.3.0 (x86_64) (MacBookPro8%2C1)"
184.191.224.10 - - [04/Apr/2012:07:18:00 -0700] "GET /favicon.ico HTTP/1.1" 404 142 "-" "Caffeinated/1.1.1 CFNetwork/520.3.2 Darwin/11.3.0 (x86_64) (MacBookPro8%2C1)"
112.79.40.60 - - [04/Apr/2012:07:18:09 -0700] "GET /favicon.ico HTTP/1.1" 404 142 "-" "Mozilla/5.0 (Linux; U; Android 4.0.3; en-us; Nexus S Build/IML74K) AppleWebKit/535.7 (KHTML, like Gecko) CrMo/16.0.912.77 Mobile Safari/535.7"
112.79.40.60 - - [04/Apr/2012:07:18:09 -0700] "GET /apple-touch-icon-precomposed.png HTTP/1.1" 404 142 "-" "Mozilla/5.0 (Linux; U; Android 4.0.3; en-us; Nexus S Build/IML74K) AppleWebKit/535.7 (KHTML, like Gecko) CrMo/16.0.912.77 Mobile Safari/535.7"
