157.56.80.74 - - [18/Mar/2012:10:57:30 -0700] "-" 400 0 "-" "-"
157.56.80.74 - - [18/Mar/2012:10:57:30 -0700] "-" 400 0 "-" "-"
157.56.80.74 - - [18/Mar/2012:10:57:30 -0700] "-" 400 0 "-" "-"
141.0.8.216 - - [18/Mar/2012:10:57:47 -0700] "-" 400 0 "-" "-"
157.56.80.74 - - [18/Mar/2012:10:58:00 -0700] "-" 400 0 "-" "-"
157.56.80.74 - - [18/Mar/2012:10:58:00 -0700] "-" 400 0 "-" "-"
223.187.86.85 - - [18/Mar/2012:10:58:09 -0700] "GET /r/0 HTTP/1.1" 301 251 "http://ta.wikipedia.org/wiki/%E0%AE%AA%E0%AE%9F%E0%AE%BF%E0%AE%AE%E0%AE%AE%E0%AF%8D:HaremPool.jpg" "Mozilla/5.0 (Windows NT 6.1; WOW64; rv:10.0.2) Gecko/20100101 Firefox/10.0.2"
223.187.86.85 - - [18/Mar/2012:10:58:09 -0700] "GET /s/ta/0/ HTTP/1.1" 502 173 "http://ta.wikipedia.org/wiki/%E0%AE%AA%E0%AE%9F%E0%AE%BF%E0%AE%AE%E0%AE%AE%E0%AF%8D:HaremPool.jpg" "Mozilla/5.0 (Windows NT 6.1; WOW64; rv:10.0.2) Gecko/20100101 Firefox/10.0.2"
223.187.86.85 - - [18/Mar/2012:10:58:10 -0700] "GET /favicon.ico HTTP/1.1" 404 211 "-" "Mozilla/5.0 (Windows NT 6.1; WOW64; rv:10.0.2) Gecko/20100101 Firefox/10.0.2"
66.220.153.250 - - [18/Mar/2012:10:58:10 -0700] "GET /r/1x7m HTTP/1.1" 301 257 "-" "facebookexternalhit/1.1 (+http://www.facebook.com/externalhit_uatext.php)"
66.220.153.245 - - [18/Mar/2012:10:58:10 -0700] "GET /s/ta/1x7m/ HTTP/1.1" 302 513 "-" "facebookexternalhit/1.1 (+http://www.facebook.com/externalhit_uatext.php)"
223.187.86.85 - - [18/Mar/2012:10:58:14 -0700] "-" 400 0 "-" "-"
223.187.86.85 - - [18/Mar/2012:10:58:30 -0700] "GET / HTTP/1.1" 404 211 "-" "Mozilla/5.0 (Windows NT 6.1; WOW64; rv:10.0.2) Gecko/20100101 Firefox/10.0.2"
85.17.88.169 - - [18/Mar/2012:11:02:27 -0700] "POST /blog/wp-cron.php?doing_wp_cron=1332093608 HTTP/1.0" 499 0 "-" "WordPress/3.3.1; http://yuvi.in/blog"
69.171.234.6 - - [18/Mar/2012:11:02:28 -0700] "GET /blog/story-average-indian-techie/ HTTP/1.1" 200 14155 "-" "facebookexternalhit/1.1 (+http://www.facebook.com/externalhit_uatext.php)"
117.195.170.226 - - [18/Mar/2012:11:05:12 -0700] "-" 400 0 "-" "-"
117.193.133.80 - - [18/Mar/2012:11:05:53 -0700] "-" 400 0 "-" "-"
117.193.133.80 - - [18/Mar/2012:11:05:53 -0700] "-" 400 0 "-" "-"
117.193.133.80 - - [18/Mar/2012:11:05:53 -0700] "-" 400 0 "-" "-"
117.193.133.80 - - [18/Mar/2012:11:05:53 -0700] "-" 400 0 "-" "-"
69.171.234.0 - - [18/Mar/2012:11:09:04 -0700] "GET /r/1x7m HTTP/1.1" 301 257 "-" "facebookexternalhit/1.1 (+http://www.facebook.com/externalhit_uatext.php)"
69.171.234.1 - - [18/Mar/2012:11:09:04 -0700] "GET /s/ta/1x7m/ HTTP/1.1" 302 513 "-" "facebookexternalhit/1.1 (+http://www.facebook.com/externalhit_uatext.php)"
118.85.201.18 - - [18/Mar/2012:11:09:57 -0700] "HEAD / HTTP/1.0" 200 0 "-" "-"
85.17.88.169 - - [18/Mar/2012:11:11:30 -0700] "POST /blog/wp-cron.php?doing_wp_cron=1332094150 HTTP/1.0" 499 0 "-" "WordPress/3.3.1; http://yuvi.in/blog"
209.85.224.85 - - [18/Mar/2012:11:11:30 -0700] "GET /blog/feed HTTP/1.1" 304 0 "-" "FeedBurner/1.0 (http://www.FeedBurner.com)"
85.17.88.169 - - [18/Mar/2012:11:12:47 -0700] "POST /blog/wp-cron.php?doing_wp_cron=1332094227 HTTP/1.0" 499 0 "-" "WordPress/3.3.1; http://yuvi.in/blog"
66.249.67.123 - - [18/Mar/2012:11:12:47 -0700] "GET /blog/tag/note-to-future-self/ HTTP/1.1" 200 4178 "-" "Mozilla/5.0 (compatible; Googlebot/2.1; +http://www.google.com/bot.html)"
69.63.189.251 - - [18/Mar/2012:11:13:30 -0700] "GET /r/1x7m HTTP/1.1" 301 257 "-" "facebookexternalhit/1.1 (+http://www.facebook.com/externalhit_uatext.php)"
69.63.189.250 - - [18/Mar/2012:11:13:30 -0700] "GET /s/ta/1x7m/ HTTP/1.1" 302 513 "-" "facebookexternalhit/1.1 (+http://www.facebook.com/externalhit_uatext.php)"
85.17.88.169 - - [18/Mar/2012:11:14:49 -0700] "POST /blog/wp-cron.php?doing_wp_cron=1332094350 HTTP/1.0" 499 0 "-" "WordPress/3.3.1; http://yuvi.in/blog"
209.85.238.115 - - [18/Mar/2012:11:14:50 -0700] "GET /blog/feed HTTP/1.1" 301 0 "-" "Feedfetcher-Google; (+http://www.google.com/feedfetcher.html; 3 subscribers; feed-id=17684830852112633560)"
209.85.238.115 - - [18/Mar/2012:11:14:50 -0700] "GET /blog/feed/ HTTP/1.1" 200 6693 "-" "Feedfetcher-Google; (+http://www.google.com/feedfetcher.html; 3 subscribers; feed-id=17684830852112633560)"
85.17.88.169 - - [18/Mar/2012:11:15:47 -0700] "POST /blog/wp-cron.php?doing_wp_cron=1332094408 HTTP/1.0" 499 0 "-" "WordPress/3.3.1; http://yuvi.in/blog"
66.249.67.123 - - [18/Mar/2012:11:15:48 -0700] "GET /blog/broke-nonexistent-law/ HTTP/1.1" 200 9587 "-" "Mozilla/5.0 (compatible; Googlebot/2.1; +http://www.google.com/bot.html)"
122.164.246.75 - - [18/Mar/2012:11:17:23 -0700] "GET /r/69j HTTP/1.1" 301 255 "http://ta.wikipedia.org/wiki/%E0%AE%AA%E0%AE%BE%E0%AE%A3%E0%AF%8D%E0%AE%9F%E0%AF%81" "Mozilla/5.0 (Windows NT 5.1; rv:11.0) Gecko/20100101 Firefox/11.0"
122.164.246.75 - - [18/Mar/2012:11:17:23 -0700] "GET /s/ta/69j/ HTTP/1.1" 302 337 "http://ta.wikipedia.org/wiki/%E0%AE%AA%E0%AE%BE%E0%AE%A3%E0%AF%8D%E0%AE%9F%E0%AF%81" "Mozilla/5.0 (Windows NT 5.1; rv:11.0) Gecko/20100101 Firefox/11.0"
122.164.246.75 - - [18/Mar/2012:11:17:28 -0700] "-" 400 0 "-" "-"
122.164.246.75 - - [18/Mar/2012:11:17:31 -0700] "GET /s/ta/69j/ HTTP/1.1" 302 337 "http://ta.wikipedia.org/wiki/%E0%AE%AA%E0%AE%BE%E0%AE%A3%E0%AF%8D%E0%AE%9F%E0%AF%81" "Mozilla/5.0 (Windows NT 5.1; rv:11.0) Gecko/20100101 Firefox/11.0"
85.17.88.169 - - [18/Mar/2012:11:18:58 -0700] "POST /blog/wp-cron.php?doing_wp_cron=1332094598 HTTP/1.0" 499 0 "-" "WordPress/3.3.1; http://yuvi.in/blog"
180.76.5.89 - - [18/Mar/2012:11:18:59 -0700] "GET /blog/broke-nonexistent-law/feed/ HTTP/1.1" 200 3730 "-" "Mozilla/5.0 (compatible; Baiduspider/2.0; +http://www.baidu.com/search/spider.html)"
207.46.204.164 - - [18/Mar/2012:11:20:56 -0700] "-" 400 0 "-" "-"
207.46.204.164 - - [18/Mar/2012:11:20:58 -0700] "-" 400 0 "-" "-"
207.46.204.164 - - [18/Mar/2012:11:20:59 -0700] "-" 400 0 "-" "-"
207.46.204.164 - - [18/Mar/2012:11:20:59 -0700] "-" 400 0 "-" "-"
207.46.204.164 - - [18/Mar/2012:11:20:59 -0700] "-" 400 0 "-" "-"
207.46.204.164 - - [18/Mar/2012:11:20:59 -0700] "-" 400 0 "-" "-"
207.46.204.164 - - [18/Mar/2012:11:21:00 -0700] "-" 400 0 "-" "-"
207.46.204.164 - - [18/Mar/2012:11:21:00 -0700] "-" 400 0 "-" "-"
207.46.204.164 - - [18/Mar/2012:11:21:00 -0700] "-" 400 0 "-" "-"
207.46.204.164 - - [18/Mar/2012:11:21:00 -0700] "-" 400 0 "-" "-"
209.85.224.81 - - [18/Mar/2012:11:21:14 -0700] "GET /stories/feed HTTP/1.1" 200 13653 "-" "FeedBurner/1.0 (http://www.FeedBurner.com)"
69.171.234.5 - - [18/Mar/2012:11:21:25 -0700] "GET /r/vpm HTTP/1.1" 301 255 "-" "facebookexternalhit/1.1 (+http://www.facebook.com/externalhit_uatext.php)"
69.171.234.2 - - [18/Mar/2012:11:21:25 -0700] "GET /s/ta/vpm/ HTTP/1.1" 302 637 "-" "facebookexternalhit/1.1 (+http://www.facebook.com/externalhit_uatext.php)"
207.46.204.164 - - [18/Mar/2012:11:21:35 -0700] "-" 400 0 "-" "-"
122.164.229.38 - - [18/Mar/2012:11:33:26 -0700] "-" 400 0 "-" "-"
85.17.88.169 - - [18/Mar/2012:11:33:31 -0700] "POST /blog/wp-cron.php?doing_wp_cron=1332095471 HTTP/1.0" 499 0 "-" "WordPress/3.3.1; http://yuvi.in/blog"
209.85.238.115 - - [18/Mar/2012:11:33:31 -0700] "GET /blog/feed/ HTTP/1.1" 304 0 "-" "Feedfetcher-Google; (+http://www.google.com/feedfetcher.html; 19 subscribers; feed-id=15064232456473204253)"
85.17.88.169 - - [18/Mar/2012:11:33:51 -0700] "POST /blog/wp-cron.php?doing_wp_cron=1332095491 HTTP/1.0" 499 0 "-" "WordPress/3.3.1; http://yuvi.in/blog"
183.178.85.181 - - [18/Mar/2012:11:33:52 -0700] "GET /blog/code-highligting-plugin-for-hislain/ HTTP/1.1" 200 16614 "-" "Mozilla/4.0 (compatible; MSIE 5.5; Windows NT)"
212.50.133.231 - - [18/Mar/2012:11:34:19 -0700] "GET /robots.txt HTTP/1.0" 404 169 "-" "Mozilla/5.0 (compatible; MJ12bot/v1.4.2; http://www.majestic12.co.uk/bot.php?+)"
85.17.88.169 - - [18/Mar/2012:11:34:23 -0700] "POST /blog/wp-cron.php?doing_wp_cron=1332095523 HTTP/1.0" 499 0 "-" "WordPress/3.3.1; http://yuvi.in/blog"
212.50.133.231 - - [18/Mar/2012:11:34:23 -0700] "GET /blog/story-average-indian-techie HTTP/1.0" 301 0 "-" "Mozilla/5.0 (compatible; MJ12bot/v1.4.2; http://www.majestic12.co.uk/bot.php?+)"
212.50.133.231 - - [18/Mar/2012:11:34:27 -0700] "GET /blog/story-average-indian-techie/ HTTP/1.0" 200 14155 "-" "Mozilla/5.0 (compatible; MJ12bot/v1.4.2; http://www.majestic12.co.uk/bot.php?+)"
122.164.229.38 - - [18/Mar/2012:11:35:16 -0700] "-" 400 0 "-" "-"
66.249.67.123 - - [18/Mar/2012:11:36:02 -0700] "GET /blog HTTP/1.1" 301 178 "-" "Mozilla/5.0 (compatible; Googlebot/2.1; +http://www.google.com/bot.html)"
85.17.88.169 - - [18/Mar/2012:11:36:04 -0700] "POST /blog/wp-cron.php?doing_wp_cron=1332095624 HTTP/1.0" 499 0 "-" "WordPress/3.3.1; http://yuvi.in/blog"
66.249.67.123 - - [18/Mar/2012:11:36:04 -0700] "GET /blog/ HTTP/1.1" 200 10128 "-" "Mozilla/5.0 (compatible; Googlebot/2.1; +http://www.google.com/bot.html)"
85.17.88.169 - - [18/Mar/2012:11:36:56 -0700] "POST /blog/wp-cron.php?doing_wp_cron=1332095676 HTTP/1.0" 499 0 "-" "WordPress/3.3.1; http://yuvi.in/blog"
66.249.67.123 - - [18/Mar/2012:11:36:56 -0700] "GET /blog/devlog-may-2011/ HTTP/1.1" 200 7585 "-" "Mozilla/5.0 (compatible; Googlebot/2.1; +http://www.google.com/bot.html)"
85.17.88.169 - - [18/Mar/2012:11:37:42 -0700] "POST /blog/wp-cron.php?doing_wp_cron=1332095722 HTTP/1.0" 499 0 "-" "WordPress/3.3.1; http://yuvi.in/blog"
66.249.67.123 - - [18/Mar/2012:11:37:42 -0700] "GET /blog/sleepsort-4chan/ HTTP/1.1" 200 4805 "-" "Mozilla/5.0 (compatible; Googlebot/2.1; +http://www.google.com/bot.html)"
207.46.204.172 - - [18/Mar/2012:11:39:20 -0700] "-" 400 0 "-" "-"
207.46.204.172 - - [18/Mar/2012:11:39:22 -0700] "-" 400 0 "-" "-"
207.46.204.172 - - [18/Mar/2012:11:39:23 -0700] "-" 400 0 "-" "-"
207.46.204.172 - - [18/Mar/2012:11:39:23 -0700] "-" 400 0 "-" "-"
207.46.204.172 - - [18/Mar/2012:11:39:23 -0700] "-" 400 0 "-" "-"
207.46.204.172 - - [18/Mar/2012:11:39:24 -0700] "-" 400 0 "-" "-"
207.46.204.172 - - [18/Mar/2012:11:39:24 -0700] "-" 400 0 "-" "-"
207.46.204.172 - - [18/Mar/2012:11:39:25 -0700] "-" 400 0 "-" "-"
207.46.204.172 - - [18/Mar/2012:11:39:25 -0700] "-" 400 0 "-" "-"
207.46.204.172 - - [18/Mar/2012:11:39:25 -0700] "-" 400 0 "-" "-"
207.46.204.172 - - [18/Mar/2012:11:40:14 -0700] "-" 400 0 "-" "-"
78.143.142.168 - - [18/Mar/2012:11:41:23 -0700] "GET /POSM/creds.js HTTP/1.1" 200 89 "http://yuvi.in/POSM/" "Mozilla/5.0 (iPad; CPU OS 5_1 like Mac OS X) AppleWebKit/534.46 (KHTML, like Gecko) Version/5.1 Mobile/9B176 Safari/7534.48.3"
78.143.142.168 - - [18/Mar/2012:11:41:23 -0700] "GET /POSM/img/save.png HTTP/1.1" 404 142 "http://yuvi.in/POSM/" "Mozilla/5.0 (iPad; CPU OS 5_1 like Mac OS X) AppleWebKit/534.46 (KHTML, like Gecko) Version/5.1 Mobile/9B176 Safari/7534.48.3"
78.143.142.168 - mackerski [18/Mar/2012:11:41:26 -0700] "POST /osm/api/0.6/changeset/create HTTP/1.1" 200 28 "http://yuvi.in/POSM/" "Mozilla/5.0 (iPad; CPU OS 5_1 like Mac OS X) AppleWebKit/534.46 (KHTML, like Gecko) Version/5.1 Mobile/9B176 Safari/7534.48.3"
117.193.105.252 - - [18/Mar/2012:11:41:28 -0700] "-" 400 0 "-" "-"
78.143.142.168 - - [18/Mar/2012:11:41:30 -0700] "GET /overpass?data=%0A++++%0A++++++++node(53.44976524353494%2C+-6.444023251533508%2C+53.45072363001691%2C+-6.439903378486632)%3B%0A++++%0A++++out+meta%3B%0A HTTP/1.1" 200 12449 "http://yuvi.in/POSM/" "Mozilla/5.0 (iPad; CPU OS 5_1 like Mac OS X) AppleWebKit/534.46 (KHTML, like Gecko) Version/5.1 Mobile/9B176 Safari/7534.48.3"
78.143.142.168 - - [18/Mar/2012:11:41:30 -0700] "GET /overpass?data=%0A++++%0A++++++++node(53.44976524353494%2C+-6.444023251533508%2C+53.45072363001691%2C+-6.439903378486632)%3B%0A++++%0A++++out+meta%3B%0A HTTP/1.1" 200 12449 "http://yuvi.in/POSM/" "Mozilla/5.0 (iPad; CPU OS 5_1 like Mac OS X) AppleWebKit/534.46 (KHTML, like Gecko) Version/5.1 Mobile/9B176 Safari/7534.48.3"
85.17.88.169 - - [18/Mar/2012:11:41:44 -0700] "POST /blog/wp-cron.php?doing_wp_cron=1332095964 HTTP/1.0" 499 0 "-" "WordPress/3.3.1; http://yuvi.in/blog"
209.85.224.85 - - [18/Mar/2012:11:41:45 -0700] "GET /blog/feed HTTP/1.1" 304 0 "-" "FeedBurner/1.0 (http://www.FeedBurner.com)"
78.143.142.168 - - [18/Mar/2012:11:42:03 -0700] "GET /overpass?data=%0A++++%0A++++++++node(53.44906560774777%2C+-6.444050073623657%2C+53.45002401001626%2C+-6.439930200576782)%3B%0A++++%0A++++out+meta%3B%0A HTTP/1.1" 200 12299 "http://yuvi.in/POSM/" "Mozilla/5.0 (iPad; CPU OS 5_1 like Mac OS X) AppleWebKit/534.46 (KHTML, like Gecko) Version/5.1 Mobile/9B176 Safari/7534.48.3"
78.143.142.168 - - [18/Mar/2012:11:42:18 -0700] "GET /overpass?data=%0A++++%0A++++++++node(53.44986747245668%2C+-6.44349217414856%2C+53.45082585663196%2C+-6.439372301101685)%3B%0A++++%0A++++out+meta%3B%0A HTTP/1.1" 200 11638 "http://yuvi.in/POSM/" "Mozilla/5.0 (iPad; CPU OS 5_1 like Mac OS X) AppleWebKit/534.46 (KHTML, like Gecko) Version/5.1 Mobile/9B176 Safari/7534.48.3"
78.143.142.168 - - [18/Mar/2012:11:42:19 -0700] "GET /overpass?data=%0A++++%0A++++++++(%0A++++++++%0A++++++++node(53.44944577656864%2C+-6.450433731079102%2C+53.453279221579855%2C+-6.433954238891602)%0A++++++++++++%0A++++++++++++++++%5B%22place%22%3D%22country%22%5D%0A++++++++++++%0A++++++++%3B%0A++++++++%0A++++++++node(53.44944577656864%2C+-6.450433731079102%2C+53.453279221579855%2C+-6.433954238891602)%0A++++++++++++%0A++++++++++++++++%5B%22place%22%3D%22state%22%5D%0A++++++++++++%0A++++++++%3B%0A++++++++%0A++++++++node(53.44944577656864%2C+-6.450433731079102%2C+53.453279221579855%2C+-6.433954238891602)%0A++++++++++++%0A++++++++++++++++%5B%22place%22%3D%22city%22%5D%0A++++++++++++%0A++++++++++++++++%5B%22admin_level%22%3D%224%22%5D%0A++++++++++++%0A++++++++%3B%0A++++++++%0A++++++++node(53.44944577656864%2C+-6.450433731079102%2C+53.453279221579855%2C+-6.433954238891602)%0A++++++++++++%0A++++++++++++++++%5B%22place%22%3D%22city%22%5D%0A++++++++++++%0A++++++++++++++++%5B%22admin_level%22%3D%225%22%5D%0A++++++++++++%0A++++++++%3B%0A++++++++%0A++++++++node(53.44944577656864%2C+-6.450433731079102%2C+53.453279221579855%2C+-6.433954238891602)%0A++++++++++++%0A++++++++++++++++%5B%22place%22%3D%22city%22%5D%0A++++++++++++%0A++++++++%3B%0A++++++++%0A++++++++node(53.44944577656864%2C+-6.450433731079102%2C+53.453279221579855%2C+-6.433954238891602)%0A++++++++++++%0A++++++++++++++++%5B%22place%22%3D%22town%22%5D%0A++++++++++++%0A++++++++++++++++%5B%22admin_level%22%3D%225%22%5D%0A++++++++++++%0A++++++++%3B%0A++++++++%0A++++++++node(53.44944577656864%2C+-6.450433731079102%2C+53.453279221579855%2C+-6.433954238891602)%0A++++++++++++%0A++++++++++++++++%5B%22place%22%3D%22town%22%5D%0A++++++++++++%0A++++++++%3B%0A++++++++%0A++++++++node(53.44944577656864%2C+-6.450433731079102%2C+53.453279221579855%2C+-6.433954238891602)%0A++++++++++++%0A++++++++++++++++%5B%22aeroway%22%3D%22aerodrome%22%5D%0A++++++++++++%0A++++++++%3B%0A++++++++%0A++++++++node(53.44944577656864%2C+-6.450433731079102%2C+53.453279221579855%2C+-6.433954238891602)%0A++++++++++++%0A++++++++++++++++%5B%22place%22%3D%22village%22%5D%0A++++++++++++%0A++++++++%3B%0A++++++++%0A++++++++node(53.44944577656864%2C+-6.450433731079102%2C+53.453279221579855%2C+-6.433954238891602)%0A++++++++++++%0A++++++++++++++++%5B%22railway%22%3D%22station%22%5D%0A++++++++++++%0A++++++++%3B%0A++++++++%0A++++++++node(53.44944577656864%2C+-6.450433731079102%2C+53.453279221579855%2C+-6.433954238891602)%0A++++++++++++%0A++++++++++++++++%5B%22place%22%3D%22suburb%22%5D%0A++++++++++++%0A++++++++%3B%0A++++++++%0A++++++++node(53.44944577656864%2C+-6.450433731079102%2C+53.453279221579855%2C+-6.433954238891602)%0A++++++++++++%0A++++++++++++++++%5B%22highway%22%3D%22motorway_junction%22%5D%0A++++++++++++%0A++++++++%3B%0A++++++++%0A++++++++node(53.44944577656864%2C+-6.450433731079102%2C+53.453279221579855%2C+-6.433954238891602)%0A++++++++++++%0A++++++++++++++++%5B%22place%22%3D%22locality%22%5D%0A++++++++++++%0A++++++++%3B%0A++++++++%0A++++++++node(53.44944577656864%2C+-6.450433731079102%2C+53.453279221579855%2C+-6.433954238891602)%0A++++++++++++%0A++++++++++++++++%5B%22amenity%22%3D%22hospital%22%5D%0A++++++++++++%0A++++++++%3B%0A++++++++%0A++++++++node(53.44944577656864%2C+-6.450433731079102%2C+53.453279221579855%2C+-6.433954238891602)%0A++++++++++++%0A++++++++++++++++%5B%22amenity%22%3D%22bus_station%22%5D%0A++++++++++++%0A++++++++%3B%0A++++++++%0A++++++++node(53.44944577656864%2C+-6.450433731079102%2C+53.453279221579855%2C+-6.433954238891602)%0A++++++++++++%0A++++++++++++++++%5B%22tourism%22%3D%22attraction%22%5D%0A++++++++++++%0A++++++++%3B%0A++++++++%0A++++++++node(53.44944577656864%2C+-6.450433731079102%2C+53.453279221579855%2C+-6.433954238891602)%0A++++++++++++%0A++++++++++++++++%5B%22amenity%22%3D%22college%22%5D%0A++++++++++++%0A++++++++%3B%0A++++++++%0A++++++++node(53.44944577656864%2C+-6.450433731079102%2C+53.453279221579855%2C+-6.433954238891602)%0A++++++++++++%0A++++++++++++++++%5B%22amenity%22%3D%22restaurant%22%5D%0A++++++++++++%0A++++++++%3B%0A++++++++%0A++++++++node(53.44944577656864%2C+-6.450433731079102%2C+53.453279221579855%2C+-6.433954238891602)%0A++++++++++++%0A++++++++++++++++%5B%22tourism%22%3D%22hotel%22%5D%0A++++++++++++%0A++++++++%3B%0A++++++++%0A++++++++node(53.44944577656864%2C+-6.450433731079102%2C+53.453279221579855%2C+-6.433954238891602)%0A++++++++++++%0A++++++++++++++++%5B%22amenity%22%3D%22school%22%5D%0A++++++++++++%0A++++++++%3B%0A++++++++%0A++++++++node(53.44944577656864%2C+-6.450433731079102%2C+53.453279221579855%2C+-6.433954238891602)%0A++++++++++++%0A++++++++++++++++%5B%22amenity%22%3D%22post_office%22%5D%0A++++++++++++%0A++++++++%3B%0A++++++++%0A++++++++node(53.44944577656864%2C+-6.450433731079102%2C+53.453279221579855%2C+-6.433954238891602)%0A++++++++++++%0A++++++++++++++++%5B%22amenity%22%3D%22bank%22%5D%0A++++++++++++%0A++++++++%3B%0A++++++++%0A++++++++node(53.44944577656864%2C+-6.450433731079102%2C+53.453279221579855%2C+-6.433954238891602)%0A++++++++++++%0A++++++++++++++++%5B%22highway%22%3D%22bus_stop%22%5D%0A++++++++++++%0A++++++++%3B%0A++++++++%0A++++++++)%3B%0A++++%0A++++out+meta%3B%0A HTTP/1.1" 200 400 "http://yuvi.in/POSM/" "Mozilla/5.0 (iPad; CPU OS 5_1 like Mac OS X) AppleWebKit/534.46 (KHTML, like Gecko) Version/5.1 Mobile/9B176 Safari/7534.48.3"
78.143.142.168 - - [18/Mar/2012:11:42:24 -0700] "GET /overpass?data=%0A++++%0A++++++++node(53.45060862478088%2C+-6.443712115287781%2C+53.45156699223273%2C+-6.439592242240906)%3B%0A++++%0A++++out+meta%3B%0A HTTP/1.1" 200 7575 "http://yuvi.in/POSM/" "Mozilla/5.0 (iPad; CPU OS 5_1 like Mac OS X) AppleWebKit/534.46 (KHTML, like Gecko) Version/5.1 Mobile/9B176 Safari/7534.48.3"
78.143.142.168 - - [18/Mar/2012:11:42:27 -0700] "GET /overpass?data=%0A++++%0A++++++++node(53.45030833186315%2C+-6.445670127868652%2C+53.45222505869355%2C+-6.437430381774902)%3B%0A++++%0A++++out+meta%3B%0A HTTP/1.1" 200 20467 "http://yuvi.in/POSM/" "Mozilla/5.0 (iPad; CPU OS 5_1 like Mac OS X) AppleWebKit/534.46 (KHTML, like Gecko) Version/5.1 Mobile/9B176 Safari/7534.48.3"
78.143.142.168 - - [18/Mar/2012:11:42:52 -0700] "GET /overpass?data=%0A++++%0A++++++++node(53.45065015448537%2C+-6.443615555763245%2C+53.45160852100013%2C+-6.43949568271637)%3B%0A++++%0A++++out+meta%3B%0A HTTP/1.1" 200 8186 "http://yuvi.in/POSM/" "Mozilla/5.0 (iPad; CPU OS 5_1 like Mac OS X) AppleWebKit/534.46 (KHTML, like Gecko) Version/5.1 Mobile/9B176 Safari/7534.48.3"
78.143.142.168 - - [18/Mar/2012:11:42:52 -0700] "GET /overpass?data=%0A++++%0A++++++++node(53.45023805023539%2C+-6.445659399032593%2C+53.45215478023744%2C+-6.437419652938843)%3B%0A++++%0A++++out+meta%3B%0A HTTP/1.1" 200 22494 "http://yuvi.in/POSM/" "Mozilla/5.0 (iPad; CPU OS 5_1 like Mac OS X) AppleWebKit/534.46 (KHTML, like Gecko) Version/5.1 Mobile/9B176 Safari/7534.48.3"
78.143.142.168 - - [18/Mar/2012:11:43:03 -0700] "GET /overpass?data=%0A++++%0A++++++++node(53.451196426048945%2C+-6.441539525985718%2C+53.451196426048945%2C+-6.441539525985718)%3B%0A++++%0A++++out+meta%3B%0A HTTP/1.1" 200 400 "http://yuvi.in/POSM/" "Mozilla/5.0 (iPad; CPU OS 5_1 like Mac OS X) AppleWebKit/534.46 (KHTML, like Gecko) Version/5.1 Mobile/9B176 Safari/7534.48.3"
78.143.142.168 - - [18/Mar/2012:11:43:04 -0700] "GET /overpass?data=%0A++++%0A++++++++node(53.448487361252774%2C+-6.445659399032593%2C+53.45390531806005%2C+-6.437419652938843)%3B%0A++++%0A++++out+meta%3B%0A HTTP/1.1" 200 45624 "http://yuvi.in/POSM/" "Mozilla/5.0 (iPad; CPU OS 5_1 like Mac OS X) AppleWebKit/534.46 (KHTML, like Gecko) Version/5.1 Mobile/9B176 Safari/7534.48.3"
78.143.142.168 - - [18/Mar/2012:11:43:08 -0700] "GET /overpass?data=%0A++++%0A++++++++node(53.447599210421785%2C+-6.4445436000823975%2C+53.45301728051788%2C+-6.4363038539886475)%3B%0A++++%0A++++out+meta%3B%0A HTTP/1.1" 200 53485 "http://yuvi.in/POSM/" "Mozilla/5.0 (iPad; CPU OS 5_1 like Mac OS X) AppleWebKit/534.46 (KHTML, like Gecko) Version/5.1 Mobile/9B176 Safari/7534.48.3"
78.143.142.168 - - [18/Mar/2012:11:43:09 -0700] "GET /overpass?data=%0A++++%0A++++++++node(53.44611039794993%2C+-6.4442431926727295%2C+53.451528657949865%2C+-6.4360034465789795)%3B%0A++++%0A++++out+meta%3B%0A HTTP/1.1" 200 60957 "http://yuvi.in/POSM/" "Mozilla/5.0 (iPad; CPU OS 5_1 like Mac OS X) AppleWebKit/534.46 (KHTML, like Gecko) Version/5.1 Mobile/9B176 Safari/7534.48.3"
78.143.142.168 - - [18/Mar/2012:11:43:11 -0700] "GET /overpass?data=%0A++++%0A++++++++node(53.44460236302603%2C+-6.4439427852630615%2C+53.450020815377925%2C+-6.4357030391693115)%3B%0A++++%0A++++out+meta%3B%0A HTTP/1.1" 200 56227 "http://yuvi.in/POSM/" "Mozilla/5.0 (iPad; CPU OS 5_1 like Mac OS X) AppleWebKit/534.46 (KHTML, like Gecko) Version/5.1 Mobile/9B176 Safari/7534.48.3"
78.143.142.168 - - [18/Mar/2012:11:43:14 -0700] "GET /overpass?data=%0A++++%0A++++++++node(53.44320290984807%2C+-6.442633867263794%2C+53.44862154069887%2C+-6.434394121170043)%3B%0A++++%0A++++out+meta%3B%0A HTTP/1.1" 200 41483 "http://yuvi.in/POSM/" "Mozilla/5.0 (iPad; CPU OS 5_1 like Mac OS X) AppleWebKit/534.46 (KHTML, like Gecko) Version/5.1 Mobile/9B176 Safari/7534.48.3"
78.143.142.168 - - [18/Mar/2012:11:43:16 -0700] "GET /overpass?data=%0A++++%0A++++++++node(53.4439186176894%2C+-6.443213224411011%2C+53.449337157252735%2C+-6.434973478317261)%3B%0A++++%0A++++out+meta%3B%0A HTTP/1.1" 200 44318 "http://yuvi.in/POSM/" "Mozilla/5.0 (iPad; CPU OS 5_1 like Mac OS X) AppleWebKit/534.46 (KHTML, like Gecko) Version/5.1 Mobile/9B176 Safari/7534.48.3"
78.143.142.168 - - [18/Mar/2012:11:43:16 -0700] "GET /overpass?data=%0A++++%0A++++++++node(53.44526053739417%2C+-6.4436209201812735%2C+53.45067890579548%2C+-6.4353811740875235)%3B%0A++++%0A++++out+meta%3B%0A HTTP/1.1" 200 63763 "http://yuvi.in/POSM/" "Mozilla/5.0 (iPad; CPU OS 5_1 like Mac OS X) AppleWebKit/534.46 (KHTML, like Gecko) Version/5.1 Mobile/9B176 Safari/7534.48.3"
78.143.142.168 - - [18/Mar/2012:11:43:49 -0700] "GET /overpass?data=%0A++++%0A++++++++node(53.44703691828134%2C+-6.444801092147827%2C+53.45245506010042%2C+-6.436561346054077)%3B%0A++++%0A++++out+meta%3B%0A HTTP/1.1" 200 57018 "http://yuvi.in/POSM/" "Mozilla/5.0 (iPad; CPU OS 5_1 like Mac OS X) AppleWebKit/534.46 (KHTML, like Gecko) Version/5.1 Mobile/9B176 Safari/7534.48.3"
78.143.142.168 - - [18/Mar/2012:11:43:49 -0700] "GET /overpass?data=%0A++++%0A++++++++node(53.44685161583172%2C+-6.44547700881958%2C+53.45226978128687%2C+-6.43723726272583)%3B%0A++++%0A++++out+meta%3B%0A HTTP/1.1" 200 60162 "http://yuvi.in/POSM/" "Mozilla/5.0 (iPad; CPU OS 5_1 like Mac OS X) AppleWebKit/534.46 (KHTML, like Gecko) Version/5.1 Mobile/9B176 Safari/7534.48.3"
78.143.142.168 - - [18/Mar/2012:11:43:49 -0700] "GET /overpass?data=%0A++++%0A++++++++node(53.446250974748956%2C+-6.444178819656371%2C+53.45166921681792%2C+-6.435939073562622)%3B%0A++++%0A++++out+meta%3B%0A HTTP/1.1" 200 60481 "http://yuvi.in/POSM/" "Mozilla/5.0 (iPad; CPU OS 5_1 like Mac OS X) AppleWebKit/534.46 (KHTML, like Gecko) Version/5.1 Mobile/9B176 Safari/7534.48.3"
78.143.142.168 - - [18/Mar/2012:11:43:49 -0700] "GET /overpass?data=%0A++++%0A++++++++node(53.44739474141372%2C+-6.4455413818359375%2C+53.45281283759086%2C+-6.4373016357421875)%3B%0A++++%0A++++out+meta%3B%0A HTTP/1.1" 200 57549 "http://yuvi.in/POSM/" "Mozilla/5.0 (iPad; CPU OS 5_1 like Mac OS X) AppleWebKit/534.46 (KHTML, like Gecko) Version/5.1 Mobile/9B176 Safari/7534.48.3"
78.143.142.168 - - [18/Mar/2012:11:43:56 -0700] "GET /overpass?data=%0A++++%0A++++++++node(53.44766949641599%2C+-6.446850299835204%2C+53.45145198928031%2C+-6.435863971710205)%3B%0A++++%0A++++out+meta%3B%0A HTTP/1.1" 200 53596 "http://yuvi.in/POSM/" "Mozilla/5.0 (iPad; CPU OS 5_1 like Mac OS X) AppleWebKit/534.46 (KHTML, like Gecko) Version/5.1 Mobile/9B176 Safari/7534.48.3"
78.143.142.168 - - [18/Mar/2012:11:43:56 -0700] "GET /overpass?data=%0A++++%0A++++++++node(53.44766949641599%2C+-6.446850299835204%2C+53.45145198928031%2C+-6.435863971710205)%3B%0A++++%0A++++out+meta%3B%0A HTTP/1.1" 200 53588 "http://yuvi.in/POSM/" "Mozilla/5.0 (iPad; CPU OS 5_1 like Mac OS X) AppleWebKit/534.46 (KHTML, like Gecko) Version/5.1 Mobile/9B176 Safari/7534.48.3"
78.143.142.168 - - [18/Mar/2012:11:43:59 -0700] "GET /overpass?data=%0A++++%0A++++++++node(53.44685161583172%2C+-6.44547700881958%2C+53.45226978128687%2C+-6.43723726272583)%3B%0A++++%0A++++out+meta%3B%0A HTTP/1.1" 200 60177 "http://yuvi.in/POSM/" "Mozilla/5.0 (iPad; CPU OS 5_1 like Mac OS X) AppleWebKit/534.46 (KHTML, like Gecko) Version/5.1 Mobile/9B176 Safari/7534.48.3"
78.143.142.168 - - [18/Mar/2012:11:44:11 -0700] "GET /overpass?data=%0A++++%0A++++++++node(53.44566310503996%2C+-6.44697904586792%2C+53.451081422093125%2C+-6.43873929977417)%3B%0A++++%0A++++out+meta%3B%0A HTTP/1.1" 200 63721 "http://yuvi.in/POSM/" "Mozilla/5.0 (iPad; CPU OS 5_1 like Mac OS X) AppleWebKit/534.46 (KHTML, like Gecko) Version/5.1 Mobile/9B176 Safari/7534.48.3"
180.76.5.98 - - [18/Mar/2012:11:44:21 -0700] "GET / HTTP/1.1" 200 3439 "-" "Mozilla/5.0 (compatible; Baiduspider/2.0; +http://www.baidu.com/search/spider.html)"
74.125.126.88 - - [18/Mar/2012:11:45:23 -0700] "GET /favicon.ico HTTP/1.1" 404 142 "-" "-"
85.17.88.169 - - [18/Mar/2012:11:46:14 -0700] "POST /blog/wp-cron.php?doing_wp_cron=1332096234 HTTP/1.0" 499 0 "-" "WordPress/3.3.1; http://yuvi.in/blog"
180.76.6.21 - - [18/Mar/2012:11:46:15 -0700] "GET /blog/alone/feed/ HTTP/1.1" 200 705 "-" "Mozilla/5.0 (compatible; Baiduspider/2.0; +http://www.baidu.com/search/spider.html)"
117.193.105.252 - - [18/Mar/2012:11:49:18 -0700] "-" 400 0 "-" "-"
117.193.105.252 - - [18/Mar/2012:11:49:18 -0700] "-" 400 0 "-" "-"
117.193.105.252 - - [18/Mar/2012:11:49:38 -0700] "-" 400 0 "-" "-"
117.193.105.252 - - [18/Mar/2012:11:50:38 -0700] "-" 400 0 "-" "-"
117.193.105.252 - - [18/Mar/2012:11:51:28 -0700] "-" 400 0 "-" "-"
69.171.234.5 - - [18/Mar/2012:11:51:55 -0700] "GET /r/1x7m HTTP/1.1" 301 257 "-" "facebookexternalhit/1.1 (+http://www.facebook.com/externalhit_uatext.php)"
69.171.234.4 - - [18/Mar/2012:11:51:55 -0700] "GET /s/ta/1x7m/ HTTP/1.1" 302 513 "-" "facebookexternalhit/1.1 (+http://www.facebook.com/externalhit_uatext.php)"
74.125.126.92 - - [18/Mar/2012:11:54:51 -0700] "GET /favicon.ico HTTP/1.1" 404 142 "-" "-"
117.193.10.62 - - [18/Mar/2012:11:55:14 -0700] "-" 400 0 "-" "-"
117.193.10.62 - - [18/Mar/2012:11:55:34 -0700] "-" 400 0 "-" "-"
85.17.88.169 - - [18/Mar/2012:11:56:46 -0700] "POST /blog/wp-cron.php?doing_wp_cron=1332096866 HTTP/1.0" 499 0 "-" "WordPress/3.3.1; http://yuvi.in/blog"
66.249.67.123 - - [18/Mar/2012:11:56:47 -0700] "GET /blog/devlog-may-2011/feed/ HTTP/1.1" 200 1914 "-" "Mozilla/5.0 (compatible; Googlebot/2.1; +http://www.google.com/bot.html)"
117.193.10.62 - - [18/Mar/2012:11:57:34 -0700] "-" 400 0 "-" "-"
117.193.10.62 - - [18/Mar/2012:11:57:34 -0700] "-" 400 0 "-" "-"
122.172.6.112 - - [18/Mar/2012:11:57:43 -0700] "GET / HTTP/1.1" 200 1430 "-" "Reeder/1.5.5 CFNetwork/548.1.4 Darwin/11.0.0"
122.172.6.112 - - [18/Mar/2012:11:57:43 -0700] "GET /favicon.ico HTTP/1.1" 404 142 "-" "Reeder/1.5.5 CFNetwork/548.1.4 Darwin/11.0.0"
122.172.6.112 - - [18/Mar/2012:11:57:43 -0700] "GET /apple-touch-icon.png HTTP/1.1" 404 142 "-" "Reeder/1.5.5 CFNetwork/548.1.4 Darwin/11.0.0"
122.172.6.112 - - [18/Mar/2012:11:57:44 -0700] "GET /apple-touch-icon-precomposed.png HTTP/1.1" 404 142 "-" "Reeder/1.5.5 CFNetwork/548.1.4 Darwin/11.0.0"
85.17.88.169 - - [18/Mar/2012:11:57:47 -0700] "POST /blog/wp-cron.php?doing_wp_cron=1332096927 HTTP/1.0" 499 0 "-" "WordPress/3.3.1; http://yuvi.in/blog"
94.228.34.248 - - [18/Mar/2012:11:57:47 -0700] "GET /blog/ HTTP/1.1" 200 10128 "-" "magpie-crawler/1.1 (U; Linux amd64; en-GB; +http://www.brandwatch.net)"
117.193.10.62 - - [18/Mar/2012:11:58:04 -0700] "-" 400 0 "-" "-"
85.17.88.169 - - [18/Mar/2012:11:58:51 -0700] "POST /blog/wp-cron.php?doing_wp_cron=1332096991 HTTP/1.0" 499 0 "-" "WordPress/3.3.1; http://yuvi.in/blog"
66.249.67.123 - - [18/Mar/2012:11:58:52 -0700] "GET /blog/sleepsort-4chan/feed/ HTTP/1.1" 200 740 "-" "Mozilla/5.0 (compatible; Googlebot/2.1; +http://www.google.com/bot.html)"
117.193.10.62 - - [18/Mar/2012:11:58:54 -0700] "-" 400 0 "-" "-"
85.17.88.169 - - [18/Mar/2012:11:58:58 -0700] "POST /blog/wp-cron.php?doing_wp_cron=1332096998 HTTP/1.0" 499 0 "-" "WordPress/3.3.1; http://yuvi.in/blog"
117.193.10.62 - - [18/Mar/2012:11:59:13 -0700] "-" 400 0 "-" "-"
117.193.10.62 - - [18/Mar/2012:11:59:43 -0700] "-" 400 0 "-" "-"
208.115.113.84 - - [18/Mar/2012:12:00:35 -0700] "GET /robots.txt HTTP/1.1" 404 169 "-" "Mozilla/5.0 (compatible; Ezooms/1.0; ezooms.bot@gmail.com)"
85.17.88.169 - - [18/Mar/2012:12:02:17 -0700] "POST /blog/wp-cron.php?doing_wp_cron=1332097197 HTTP/1.0" 499 0 "-" "WordPress/3.3.1; http://yuvi.in/blog"
66.249.67.123 - - [18/Mar/2012:12:02:17 -0700] "GET /blog/sleepsort-4chan/trackback/ HTTP/1.1" 302 0 "-" "Mozilla/5.0 (compatible; Googlebot/2.1; +http://www.google.com/bot.html)"
66.249.67.123 - - [18/Mar/2012:12:04:21 -0700] "GET /blog/devlog-may-2011/trackback/ HTTP/1.1" 302 0 "-" "Mozilla/5.0 (compatible; Googlebot/2.1; +http://www.google.com/bot.html)"
85.17.88.169 - - [18/Mar/2012:12:04:21 -0700] "POST /blog/wp-cron.php?doing_wp_cron=1332097321 HTTP/1.0" 200 0 "-" "WordPress/3.3.1; http://yuvi.in/blog"
101.226.33.171 - - [18/Mar/2012:12:04:21 -0700] "GET /blog/feed HTTP/1.0" 304 0 "-" "Mozilla/4.0 (compatible; Windows;)"
85.17.88.169 - - [18/Mar/2012:12:05:49 -0700] "POST /blog/wp-cron.php?doing_wp_cron=1332097409 HTTP/1.0" 499 0 "-" "WordPress/3.3.1; http://yuvi.in/blog"
209.85.238.115 - - [18/Mar/2012:12:05:50 -0700] "GET /blog/feed HTTP/1.1" 301 0 "-" "Feedfetcher-Google; (+http://www.google.com/feedfetcher.html; 3 subscribers; feed-id=17684830852112633560)"
85.17.88.169 - - [18/Mar/2012:12:05:52 -0700] "POST /blog/wp-cron.php?doing_wp_cron=1332097412 HTTP/1.0" 499 0 "-" "WordPress/3.3.1; http://yuvi.in/blog"
209.85.238.115 - - [18/Mar/2012:12:05:52 -0700] "GET /blog/feed/ HTTP/1.1" 304 0 "-" "Feedfetcher-Google; (+http://www.google.com/feedfetcher.html; 3 subscribers; feed-id=17684830852112633560)"
85.17.88.169 - - [18/Mar/2012:12:06:35 -0700] "POST /blog/wp-cron.php?doing_wp_cron=1332097455 HTTP/1.0" 499 0 "-" "WordPress/3.3.1; http://yuvi.in/blog"
2.83.138.50 - - [18/Mar/2012:12:06:36 -0700] "GET /blog/broke-nonexistent-law/ HTTP/1.1" 200 28515 "-" "Mozilla/5.0 (compatible; Googlebot/2.1; +http://www.google.com/bot.html)"
85.17.88.169 - - [18/Mar/2012:12:07:24 -0700] "POST /blog/wp-cron.php?doing_wp_cron=1332097504 HTTP/1.0" 499 0 "-" "WordPress/3.3.1; http://yuvi.in/blog"
180.76.6.28 - - [18/Mar/2012:12:07:24 -0700] "GET /blog/?p=45 HTTP/1.1" 301 0 "-" "Mozilla/5.0 (compatible; Baiduspider/2.0; +http://www.baidu.com/search/spider.html)"
85.17.88.169 - - [18/Mar/2012:12:07:26 -0700] "POST /blog/wp-cron.php?doing_wp_cron=1332097506 HTTP/1.0" 499 0 "-" "WordPress/3.3.1; http://yuvi.in/blog"
180.76.5.53 - - [18/Mar/2012:12:07:27 -0700] "GET /blog/first-binary-dream/ HTTP/1.1" 200 4845 "-" "Mozilla/5.0 (compatible; Baiduspider/2.0; +http://www.baidu.com/search/spider.html)"
85.17.88.169 - - [18/Mar/2012:12:11:50 -0700] "POST /blog/wp-cron.php?doing_wp_cron=1332097770 HTTP/1.0" 499 0 "-" "WordPress/3.3.1; http://yuvi.in/blog"
209.85.224.83 - - [18/Mar/2012:12:11:50 -0700] "GET /blog/feed HTTP/1.1" 304 0 "-" "FeedBurner/1.0 (http://www.FeedBurner.com)"
223.238.201.96 - - [18/Mar/2012:12:16:02 -0700] "-" 400 0 "-" "-"
223.238.201.96 - - [18/Mar/2012:12:16:02 -0700] "-" 400 0 "-" "-"
223.238.201.96 - - [18/Mar/2012:12:16:02 -0700] "-" 400 0 "-" "-"
223.238.201.96 - - [18/Mar/2012:12:16:02 -0700] "-" 400 0 "-" "-"
223.238.201.96 - - [18/Mar/2012:12:18:32 -0700] "-" 400 0 "-" "-"
207.46.204.169 - - [18/Mar/2012:12:18:42 -0700] "-" 400 0 "-" "-"
207.46.204.169 - - [18/Mar/2012:12:18:43 -0700] "-" 400 0 "-" "-"
207.46.204.169 - - [18/Mar/2012:12:18:44 -0700] "-" 400 0 "-" "-"
207.46.204.169 - - [18/Mar/2012:12:18:44 -0700] "-" 400 0 "-" "-"
207.46.204.169 - - [18/Mar/2012:12:18:45 -0700] "-" 400 0 "-" "-"
207.46.204.169 - - [18/Mar/2012:12:18:45 -0700] "-" 400 0 "-" "-"
207.46.204.169 - - [18/Mar/2012:12:18:45 -0700] "-" 400 0 "-" "-"
207.46.204.169 - - [18/Mar/2012:12:18:45 -0700] "-" 400 0 "-" "-"
207.46.204.169 - - [18/Mar/2012:12:18:45 -0700] "-" 400 0 "-" "-"
207.46.204.169 - - [18/Mar/2012:12:18:45 -0700] "-" 400 0 "-" "-"
223.238.201.96 - - [18/Mar/2012:12:21:03 -0700] "-" 400 0 "-" "-"
223.238.201.96 - - [18/Mar/2012:12:21:03 -0700] "-" 400 0 "-" "-"
223.238.201.96 - - [18/Mar/2012:12:21:03 -0700] "-" 400 0 "-" "-"
223.238.201.96 - - [18/Mar/2012:12:21:03 -0700] "-" 400 0 "-" "-"
209.85.224.93 - - [18/Mar/2012:12:21:16 -0700] "GET /stories/feed HTTP/1.1" 200 13653 "-" "FeedBurner/1.0 (http://www.FeedBurner.com)"
223.238.201.96 - - [18/Mar/2012:12:22:53 -0700] "-" 400 0 "-" "-"
217.165.54.84 - - [18/Mar/2012:12:23:33 -0700] "GET /r/14cm HTTP/1.0" 301 257 "http://ta.wikipedia.org/wiki/%E0%AE%A4%E0%AE%AE%E0%AE%BF%E0%AE%B4%E0%AF%8D%E0%AE%A4%E0%AF%8D_%E0%AE%A4%E0%AF%8A%E0%AE%B2%E0%AF%88%E0%AE%95%E0%AF%8D%E0%AE%95%E0%AE%BE%E0%AE%9F%E0%AF%8D%E0%AE%9A%E0%AE%BF%E0%AE%9A%E0%AF%8D_%E0%AE%9A%E0%AF%87%E0%AE%B5%E0%AF%88%E0%AE%95%E0%AE%B3%E0%AE%BF%E0%AE%A9%E0%AF%8D_%E0%AE%AA%E0%AE%9F%E0%AF%8D%E0%AE%9F%E0%AE%BF%E0%AE%AF%E0%AE%B2%E0%AF%8D" "Mozilla/4.0 (compatible; MSIE 8.0; Windows NT 5.1; Trident/4.0; .NET CLR 2.0.50727; .NET CLR 3.0.4506.2152; .NET CLR 3.5.30729; CMDTDF; InfoPath.2)"
217.165.54.84 - - [18/Mar/2012:12:23:33 -0700] "GET /s/ta/14cm/ HTTP/1.0" 302 733 "http://ta.wikipedia.org/wiki/%E0%AE%A4%E0%AE%AE%E0%AE%BF%E0%AE%B4%E0%AF%8D%E0%AE%A4%E0%AF%8D_%E0%AE%A4%E0%AF%8A%E0%AE%B2%E0%AF%88%E0%AE%95%E0%AF%8D%E0%AE%95%E0%AE%BE%E0%AE%9F%E0%AF%8D%E0%AE%9A%E0%AE%BF%E0%AE%9A%E0%AF%8D_%E0%AE%9A%E0%AF%87%E0%AE%B5%E0%AF%88%E0%AE%95%E0%AE%B3%E0%AE%BF%E0%AE%A9%E0%AF%8D_%E0%AE%AA%E0%AE%9F%E0%AF%8D%E0%AE%9F%E0%AE%BF%E0%AE%AF%E0%AE%B2%E0%AF%8D" "Mozilla/4.0 (compatible; MSIE 8.0; Windows NT 5.1; Trident/4.0; .NET CLR 2.0.50727; .NET CLR 3.0.4506.2152; .NET CLR 3.5.30729; CMDTDF; InfoPath.2)"
98.139.241.244 - - [18/Mar/2012:12:24:10 -0700] "GET / HTTP/1.1" 200 3439 "-" "YahooCacheSystem"
98.139.241.244 - - [18/Mar/2012:12:24:11 -0700] "GET /favicon.ico HTTP/1.1" 404 169 "-" "YahooCacheSystem"
223.238.201.96 - - [18/Mar/2012:12:26:33 -0700] "-" 400 0 "-" "-"
67.215.230.27 - - [18/Mar/2012:12:27:32 -0700] "GET /robots.txt HTTP/1.0" 404 169 "-" "Setooz/Nutch-1.2 (http://www.setooz.com)"
67.215.230.27 - - [18/Mar/2012:12:27:32 -0700] "GET /stories HTTP/1.0" 301 185 "-" "Setooz/Nutch-1.2 (http://www.setooz.com)"
67.215.230.28 - - [18/Mar/2012:12:27:32 -0700] "GET /robots.txt HTTP/1.0" 404 169 "-" "Setooz/Nutch-1.2 (http://www.setooz.com)"
67.215.230.28 - - [18/Mar/2012:12:27:32 -0700] "GET / HTTP/1.0" 200 3439 "-" "Setooz/Nutch-1.2 (http://www.setooz.com)"
85.17.88.169 - - [18/Mar/2012:12:29:26 -0700] "POST /blog/wp-cron.php?doing_wp_cron=1332098826 HTTP/1.0" 499 0 "-" "WordPress/3.3.1; http://yuvi.in/blog"
180.76.6.26 - - [18/Mar/2012:12:29:26 -0700] "GET /blog/tag/work/feed/ HTTP/1.1" 200 9945 "-" "Mozilla/5.0 (compatible; Baiduspider/2.0; +http://www.baidu.com/search/spider.html)"
213.186.127.13 - - [18/Mar/2012:12:31:12 -0700] "GET /s/ta/1fek/ HTTP/1.1" 302 503 "-" "Mozilla/5.0 (compatible; AhrefsBot/2.0; +http://ahrefs.com/robot/)"
75.131.206.131 - - [18/Mar/2012:12:31:37 -0700] "GET / HTTP/1.1" 200 1430 "-" "Reeder/1.5.5 CFNetwork/548.1.4 Darwin/11.0.0"
75.131.206.131 - - [18/Mar/2012:12:31:37 -0700] "GET /favicon.ico HTTP/1.1" 404 142 "-" "Reeder/1.5.5 CFNetwork/548.1.4 Darwin/11.0.0"
75.131.206.131 - - [18/Mar/2012:12:31:37 -0700] "GET /apple-touch-icon.png HTTP/1.1" 404 142 "-" "Reeder/1.5.5 CFNetwork/548.1.4 Darwin/11.0.0"
75.131.206.131 - - [18/Mar/2012:12:31:37 -0700] "GET /apple-touch-icon-precomposed.png HTTP/1.1" 404 142 "-" "Reeder/1.5.5 CFNetwork/548.1.4 Darwin/11.0.0"
85.17.88.169 - - [18/Mar/2012:12:32:15 -0700] "POST /blog/wp-cron.php?doing_wp_cron=1332098995 HTTP/1.0" 499 0 "-" "WordPress/3.3.1; http://yuvi.in/blog"
208.115.111.68 - - [18/Mar/2012:12:32:15 -0700] "GET /blog/3hours-of-code-1-blog-post-per-day/feed/ HTTP/1.1" 200 798 "-" "Mozilla/5.0 (compatible; Ezooms/1.0; ezooms.bot@gmail.com)"
85.17.88.169 - - [18/Mar/2012:12:35:31 -0700] "POST /blog/wp-cron.php?doing_wp_cron=1332099191 HTTP/1.0" 499 0 "-" "WordPress/3.3.1; http://yuvi.in/blog"
209.85.238.115 - - [18/Mar/2012:12:35:32 -0700] "GET /blog/feed/ HTTP/1.1" 304 0 "-" "Feedfetcher-Google; (+http://www.google.com/feedfetcher.html; 19 subscribers; feed-id=15064232456473204253)"
223.238.201.96 - - [18/Mar/2012:12:35:43 -0700] "-" 400 0 "-" "-"
66.249.68.52 - - [18/Mar/2012:12:37:27 -0700] "GET /robots.txt HTTP/1.1" 404 211 "-" "Mozilla/5.0 (compatible; Googlebot/2.1; +http://www.google.com/bot.html)"
66.249.68.52 - - [18/Mar/2012:12:37:27 -0700] "GET /r/jrv HTTP/1.1" 301 255 "-" "Mozilla/5.0 (compatible; Googlebot/2.1; +http://www.google.com/bot.html)"
66.249.68.52 - - [18/Mar/2012:12:37:27 -0700] "GET /s/ta/jrv/ HTTP/1.1" 302 391 "-" "Mozilla/5.0 (compatible; Googlebot/2.1; +http://www.google.com/bot.html)"
123.236.169.163 - - [18/Mar/2012:12:39:13 -0700] "GET /MadamHut/r/Unassessed_India_articles/ HTTP/1.1" 302 289 "http://en.wikipedia.org/wiki/Abyssinia,_Henry" "Mozilla/5.0 (Windows NT 6.1; rv:10.0.2) Gecko/20100101 Firefox/10.0.2"
123.236.169.163 - - [18/Mar/2012:12:39:19 -0700] "-" 400 0 "-" "-"
85.17.88.169 - - [18/Mar/2012:12:40:53 -0700] "POST /blog/wp-cron.php?doing_wp_cron=1332099512 HTTP/1.0" 499 0 "-" "WordPress/3.3.1; http://yuvi.in/blog"
66.135.57.47 - - [18/Mar/2012:12:40:53 -0700] "GET /blog/my-vimrc/ HTTP/1.0" 200 16009 "-" "Mozilla/5.0 (Windows; U; Windows NT 5.1; rv:1.7.3) Gecko/20041001 Firefox/0.10.1"
85.17.88.169 - - [18/Mar/2012:12:40:56 -0700] "POST /blog/wp-cron.php?doing_wp_cron=1332099516 HTTP/1.0" 499 0 "-" "WordPress/3.3.1; http://yuvi.in/blog"
66.135.57.47 - - [18/Mar/2012:12:40:57 -0700] "GET /blog/college-drop/ HTTP/1.0" 200 18395 "-" "Mozilla/5.0 (Windows; U; Windows NT 5.1; rv:1.7.3) Gecko/20041001 Firefox/0.10.1"
85.17.88.169 - - [18/Mar/2012:12:40:59 -0700] "POST /blog/wp-cron.php?doing_wp_cron=1332099519 HTTP/1.0" 499 0 "-" "WordPress/3.3.1; http://yuvi.in/blog"
66.135.57.47 - - [18/Mar/2012:12:41:00 -0700] "GET /blog/passing-headers-proxying-nginx/ HTTP/1.0" 200 16690 "-" "Mozilla/5.0 (Windows; U; Windows NT 5.1; rv:1.7.3) Gecko/20041001 Firefox/0.10.1"
85.17.88.169 - - [18/Mar/2012:12:41:03 -0700] "POST /blog/wp-cron.php?doing_wp_cron=1332099522 HTTP/1.0" 499 0 "-" "WordPress/3.3.1; http://yuvi.in/blog"
66.135.57.47 - - [18/Mar/2012:12:41:03 -0700] "GET /blog/program/ HTTP/1.0" 200 27214 "-" "Mozilla/5.0 (Windows; U; Windows NT 5.1; rv:1.7.3) Gecko/20041001 Firefox/0.10.1"
85.17.88.169 - - [18/Mar/2012:12:41:06 -0700] "POST /blog/wp-cron.php?doing_wp_cron=1332099526 HTTP/1.0" 499 0 "-" "WordPress/3.3.1; http://yuvi.in/blog"
66.135.57.47 - - [18/Mar/2012:12:41:06 -0700] "GET /blog/devlog-december-26-2011/ HTTP/1.0" 200 16694 "-" "Mozilla/5.0 (Windows; U; Windows NT 5.1; rv:1.7.3) Gecko/20041001 Firefox/0.10.1"
85.17.88.169 - - [18/Mar/2012:12:41:09 -0700] "POST /blog/wp-cron.php?doing_wp_cron=1332099529 HTTP/1.0" 499 0 "-" "WordPress/3.3.1; http://yuvi.in/blog"
66.135.57.47 - - [18/Mar/2012:12:41:10 -0700] "GET /blog/devlog-december-23-2011/ HTTP/1.0" 200 16517 "-" "Mozilla/5.0 (Windows; U; Windows NT 5.1; rv:1.7.3) Gecko/20041001 Firefox/0.10.1"
85.17.88.169 - - [18/Mar/2012:12:41:13 -0700] "POST /blog/wp-cron.php?doing_wp_cron=1332099533 HTTP/1.0" 499 0 "-" "WordPress/3.3.1; http://yuvi.in/blog"
66.135.57.47 - - [18/Mar/2012:12:41:13 -0700] "GET /blog/devlog-december-21-2011/ HTTP/1.0" 200 17121 "-" "Mozilla/5.0 (Windows; U; Windows NT 5.1; rv:1.7.3) Gecko/20041001 Firefox/0.10.1"
85.17.88.169 - - [18/Mar/2012:12:41:16 -0700] "POST /blog/wp-cron.php?doing_wp_cron=1332099536 HTTP/1.0" 499 0 "-" "WordPress/3.3.1; http://yuvi.in/blog"
66.135.57.47 - - [18/Mar/2012:12:41:16 -0700] "GET /blog/devlog-december-11-2011/ HTTP/1.0" 200 16592 "-" "Mozilla/5.0 (Windows; U; Windows NT 5.1; rv:1.7.3) Gecko/20041001 Firefox/0.10.1"
85.17.88.169 - - [18/Mar/2012:12:41:19 -0700] "POST /blog/wp-cron.php?doing_wp_cron=1332099539 HTTP/1.0" 499 0 "-" "WordPress/3.3.1; http://yuvi.in/blog"
66.135.57.47 - - [18/Mar/2012:12:41:19 -0700] "GET /blog/devlog-december-10-2011/ HTTP/1.0" 200 16387 "-" "Mozilla/5.0 (Windows; U; Windows NT 5.1; rv:1.7.3) Gecko/20041001 Firefox/0.10.1"
85.17.88.169 - - [18/Mar/2012:12:41:22 -0700] "POST /blog/wp-cron.php?doing_wp_cron=1332099542 HTTP/1.0" 499 0 "-" "WordPress/3.3.1; http://yuvi.in/blog"
66.135.57.47 - - [18/Mar/2012:12:41:23 -0700] "GET /blog/devlog-december-7-2011/ HTTP/1.0" 200 16833 "-" "Mozilla/5.0 (Windows; U; Windows NT 5.1; rv:1.7.3) Gecko/20041001 Firefox/0.10.1"
85.17.88.169 - - [18/Mar/2012:12:41:56 -0700] "POST /blog/wp-cron.php?doing_wp_cron=1332099576 HTTP/1.0" 499 0 "-" "WordPress/3.3.1; http://yuvi.in/blog"
209.85.224.90 - - [18/Mar/2012:12:41:57 -0700] "GET /blog/feed HTTP/1.1" 304 0 "-" "FeedBurner/1.0 (http://www.FeedBurner.com)"
122.167.101.196 - - [18/Mar/2012:12:42:47 -0700] "-" 400 0 "-" "-"
122.167.101.196 - - [18/Mar/2012:12:42:47 -0700] "-" 400 0 "-" "-"
122.167.101.196 - - [18/Mar/2012:12:42:47 -0700] "-" 400 0 "-" "-"
122.167.101.196 - - [18/Mar/2012:12:42:47 -0700] "-" 400 0 "-" "-"
122.167.101.196 - - [18/Mar/2012:12:42:47 -0700] "-" 400 0 "-" "-"
209.160.33.8 - - [18/Mar/2012:12:43:43 -0700] "GET /r/8n1 HTTP/1.1" 301 255 "-" "Mozilla/4.0 (Mozilla/4.0; MSIE 7.0; Windows NT 5.1; FDM; SV1; .NET CLR 3.0.04506.30)"
209.160.33.8 - - [18/Mar/2012:12:43:43 -0700] "GET /s/ta/8n1/ HTTP/1.1" 302 377 "http://tawp.in/r/8n1" "Mozilla/4.0 (Mozilla/4.0; MSIE 7.0; Windows NT 5.1; FDM; SV1; .NET CLR 3.0.04506.30)"
89.211.135.251 - - [18/Mar/2012:12:43:55 -0700] "GET /r/8n1 HTTP/1.1" 301 255 "http://www.facebook.com/groups/337001803005605/" "Mozilla/5.0 (Windows NT 6.1) AppleWebKit/535.11 (KHTML, like Gecko) Chrome/17.0.963.79 Safari/535.11"
89.211.135.251 - - [18/Mar/2012:12:43:55 -0700] "GET /s/ta/8n1/ HTTP/1.1" 302 377 "http://www.facebook.com/groups/337001803005605/" "Mozilla/5.0 (Windows NT 6.1) AppleWebKit/535.11 (KHTML, like Gecko) Chrome/17.0.963.79 Safari/535.11"
89.211.135.251 - - [18/Mar/2012:12:44:11 -0700] "-" 400 0 "-" "-"
180.76.6.224 - - [18/Mar/2012:12:46:45 -0700] "GET /r/941 HTTP/1.1" 301 255 "-" "Mozilla/5.0 (compatible; Baiduspider/2.0; +http://www.baidu.com/search/spider.html)"
180.76.5.142 - - [18/Mar/2012:12:46:46 -0700] "GET /s/ta/941/ HTTP/1.1" 302 549 "-" "Mozilla/5.0 (compatible; Baiduspider/2.0; +http://www.baidu.com/search/spider.html)"
142.166.170.100 - - [18/Mar/2012:12:47:06 -0700] "GET /robots.txt HTTP/1.1" 404 142 "-" "R6_CommentReader(www.radian6.com/crawler)"
142.166.170.100 - - [18/Mar/2012:12:47:06 -0700] "GET /blog/my-vimrc/ HTTP/1.1" 200 4114 "-" "R6_CommentReader(www.radian6.com/crawler)"
69.171.242.248 - - [18/Mar/2012:12:47:22 -0700] "GET /r/1x7m HTTP/1.1" 301 257 "-" "facebookexternalhit/1.1 (+http://www.facebook.com/externalhit_uatext.php)"
69.171.242.245 - - [18/Mar/2012:12:47:22 -0700] "GET /s/ta/1x7m/ HTTP/1.1" 302 513 "-" "facebookexternalhit/1.1 (+http://www.facebook.com/externalhit_uatext.php)"
223.238.201.96 - - [18/Mar/2012:12:47:33 -0700] "-" 400 0 "-" "-"
223.238.201.96 - - [18/Mar/2012:12:49:33 -0700] "-" 400 0 "-" "-"
223.238.201.96 - - [18/Mar/2012:12:49:33 -0700] "-" 400 0 "-" "-"
223.238.201.96 - - [18/Mar/2012:12:49:33 -0700] "-" 400 0 "-" "-"
223.238.201.96 - - [18/Mar/2012:12:49:33 -0700] "-" 400 0 "-" "-"
223.238.201.96 - - [18/Mar/2012:12:49:33 -0700] "-" 400 0 "-" "-"
223.238.201.96 - - [18/Mar/2012:12:49:33 -0700] "-" 400 0 "-" "-"
117.204.195.90 - - [18/Mar/2012:12:49:48 -0700] "-" 400 0 "-" "-"
117.204.195.90 - - [18/Mar/2012:12:49:48 -0700] "-" 400 0 "-" "-"
178.152.118.35 - - [18/Mar/2012:12:51:51 -0700] "GET /r/1va HTTP/1.1" 301 255 "-" "Mozilla/5.0 (iPhone; CPU iPhone OS 5_1 like Mac OS X) AppleWebKit/534.46 (KHTML, like Gecko) Mobile/9B176"
178.152.118.35 - - [18/Mar/2012:12:51:52 -0700] "GET /s/ta/1va/ HTTP/1.1" 302 409 "-" "Mozilla/5.0 (iPhone; CPU iPhone OS 5_1 like Mac OS X) AppleWebKit/534.46 (KHTML, like Gecko) Mobile/9B176"
50.57.104.33 - - [18/Mar/2012:12:51:52 -0700] "GET /s/ta/1va HTTP/1.0" 301 255 "-" "Mozilla/5.0 (Windows; U; Windows NT 5.1; en-US; rv:1.9) Gecko/2008052906 Firefox/3.0"
50.57.68.9 - - [18/Mar/2012:12:51:55 -0700] "GET /s/ta/1va/ HTTP/1.0" 302 409 "-" "Mozilla/5.0 (Windows; U; Windows NT 5.1; en-US; rv:1.9) Gecko/2008052906 Firefox/3.0"
178.152.118.35 - - [18/Mar/2012:12:52:01 -0700] "GET /r/23z HTTP/1.1" 301 255 "-" "Mozilla/5.0 (iPhone; CPU iPhone OS 5_1 like Mac OS X) AppleWebKit/534.46 (KHTML, like Gecko) Mobile/9B176"
178.152.118.35 - - [18/Mar/2012:12:52:02 -0700] "GET /s/ta/23z/ HTTP/1.1" 302 397 "-" "Mozilla/5.0 (iPhone; CPU iPhone OS 5_1 like Mac OS X) AppleWebKit/534.46 (KHTML, like Gecko) Mobile/9B176"
50.57.190.113 - - [18/Mar/2012:12:52:02 -0700] "GET /s/ta/23z HTTP/1.0" 301 255 "-" "Mozilla/5.0 (Windows; U; Windows NT 5.1; en-US; rv:1.9) Gecko/2008052906 Firefox/3.0"
50.57.68.14 - - [18/Mar/2012:12:52:03 -0700] "GET /s/ta/23z/ HTTP/1.0" 302 397 "-" "Mozilla/5.0 (Windows; U; Windows NT 5.1; en-US; rv:1.9) Gecko/2008052906 Firefox/3.0"
178.152.118.35 - - [18/Mar/2012:12:52:28 -0700] "GET /s/ta/1va/ HTTP/1.1" 302 409 "-" "Mozilla/5.0 (iPhone; CPU iPhone OS 5_1 like Mac OS X) AppleWebKit/534.46 (KHTML, like Gecko) Mobile/9B176"
66.220.149.244 - - [18/Mar/2012:12:53:33 -0700] "GET /r/1eg5 HTTP/1.1" 301 257 "-" "facebookexternalhit/1.1 (+http://www.facebook.com/externalhit_uatext.php)"
66.220.149.251 - - [18/Mar/2012:12:53:33 -0700] "GET /s/ta/1eg5/ HTTP/1.1" 302 337 "-" "facebookexternalhit/1.1 (+http://www.facebook.com/externalhit_uatext.php)"
85.17.88.169 - - [18/Mar/2012:12:54:22 -0700] "POST /blog/wp-cron.php?doing_wp_cron=1332100322 HTTP/1.0" 499 0 "-" "WordPress/3.3.1; http://yuvi.in/blog"
199.180.253.234 - - [18/Mar/2012:12:54:23 -0700] "GET /blog/feed/atom/ HTTP/1.1" 304 0 "-" "Mozilla/5.0 (compatible; MSIE 9.0; Windows NT 6.1; WOW64; Trident/5.0; .NET CLR 3.5.30729; .NET CLR 3.0.30729; .NET CLR 2.0.50727; Media Center PC 6.0)"
122.178.229.221 - - [18/Mar/2012:12:54:43 -0700] "GET / HTTP/1.1" 200 1430 "-" "Reeder/1010.59.00 CFNetwork/520.3.2 Darwin/11.3.0 (x86_64) (iMac12%2C1)"
122.178.229.221 - - [18/Mar/2012:12:54:44 -0700] "GET /favicon.ico HTTP/1.1" 404 142 "-" "Reeder/1010.59.00 CFNetwork/520.3.2 Darwin/11.3.0 (x86_64) (iMac12%2C1)"
122.178.229.221 - - [18/Mar/2012:12:54:44 -0700] "GET / HTTP/1.1" 200 1430 "-" "Reeder/1010.59.00 CFNetwork/520.3.2 Darwin/11.3.0 (x86_64) (iMac12%2C1)"
122.178.229.221 - - [18/Mar/2012:12:54:44 -0700] "GET /apple-touch-icon.png HTTP/1.1" 404 142 "-" "Reeder/1010.59.00 CFNetwork/520.3.2 Darwin/11.3.0 (x86_64) (iMac12%2C1)"
122.178.229.221 - - [18/Mar/2012:12:54:45 -0700] "GET /apple-touch-icon-precomposed.png HTTP/1.1" 404 142 "-" "Reeder/1010.59.00 CFNetwork/520.3.2 Darwin/11.3.0 (x86_64) (iMac12%2C1)"
117.204.195.90 - - [18/Mar/2012:12:54:45 -0700] "GET /POSM HTTP/1.1" 301 185 "-" "Mozilla/5.0 (Windows NT 5.1) AppleWebKit/535.7 (KHTML, like Gecko) Chrome/16.0.912.77 Safari/535.7"
117.204.195.90 - - [18/Mar/2012:12:54:49 -0700] "GET /POSM/ HTTP/1.1" 200 1963 "-" "Mozilla/5.0 (Windows NT 5.1) AppleWebKit/535.7 (KHTML, like Gecko) Chrome/16.0.912.77 Safari/535.7"
117.204.195.90 - - [18/Mar/2012:12:54:53 -0700] "GET /POSM/creds.js HTTP/1.1" 200 89 "http://yuvi.in/POSM/" "Mozilla/5.0 (Windows NT 5.1) AppleWebKit/535.7 (KHTML, like Gecko) Chrome/16.0.912.77 Safari/535.7"
117.204.195.90 - - [18/Mar/2012:12:54:53 -0700] "GET /POSM/lib/jquery.mobile.structure-1.0.1.css HTTP/1.1" 200 32452 "http://yuvi.in/POSM/" "Mozilla/5.0 (Windows NT 5.1) AppleWebKit/535.7 (KHTML, like Gecko) Chrome/16.0.912.77 Safari/535.7"
117.204.195.90 - - [18/Mar/2012:12:54:53 -0700] "GET /POSM/lib/underscore.js HTTP/1.1" 200 35168 "http://yuvi.in/POSM/" "Mozilla/5.0 (Windows NT 5.1) AppleWebKit/535.7 (KHTML, like Gecko) Chrome/16.0.912.77 Safari/535.7"
117.204.195.90 - - [18/Mar/2012:12:54:55 -0700] "GET /POSM/lib/jquery.timeago.js HTTP/1.1" 200 4491 "http://yuvi.in/POSM/" "Mozilla/5.0 (Windows NT 5.1) AppleWebKit/535.7 (KHTML, like Gecko) Chrome/16.0.912.77 Safari/535.7"
117.204.195.90 - - [18/Mar/2012:12:54:56 -0700] "GET /POSM/lib/templates.js HTTP/1.1" 200 426 "http://yuvi.in/POSM/" "Mozilla/5.0 (Windows NT 5.1) AppleWebKit/535.7 (KHTML, like Gecko) Chrome/16.0.912.77 Safari/535.7"
117.204.195.90 - - [18/Mar/2012:12:54:56 -0700] "GET /POSM/js/tapbar.js HTTP/1.1" 200 881 "http://yuvi.in/POSM/" "Mozilla/5.0 (Windows NT 5.1) AppleWebKit/535.7 (KHTML, like Gecko) Chrome/16.0.912.77 Safari/535.7"
117.204.195.90 - - [18/Mar/2012:12:54:56 -0700] "GET /POSM/lib/jquery.mobile-1.0.1.css HTTP/1.1" 200 83437 "http://yuvi.in/POSM/" "Mozilla/5.0 (Windows NT 5.1) AppleWebKit/535.7 (KHTML, like Gecko) Chrome/16.0.912.77 Safari/535.7"
117.204.195.90 - - [18/Mar/2012:12:54:56 -0700] "GET /POSM/lib/leaflet/leaflet.css HTTP/1.1" 200 6437 "http://yuvi.in/POSM/" "Mozilla/5.0 (Windows NT 5.1) AppleWebKit/535.7 (KHTML, like Gecko) Chrome/16.0.912.77 Safari/535.7"
