122.164.147.200 - - [20/Apr/2012:22:57:42 -0700] "-" 400 0 "-" "-"
115.242.177.120 - - [20/Apr/2012:22:58:20 -0700] "-" 400 0 "-" "-"
117.193.214.245 - - [20/Apr/2012:22:58:58 -0700] "-" 400 0 "-" "-"
117.193.214.245 - - [20/Apr/2012:23:00:32 -0700] "-" 400 0 "-" "-"
117.216.116.38 - - [20/Apr/2012:23:01:23 -0700] "-" 400 0 "-" "-"
115.242.177.120 - - [20/Apr/2012:23:01:30 -0700] "-" 400 0 "-" "-"
85.17.88.169 - - [20/Apr/2012:23:02:08 -0700] "POST /blog/wp-cron.php?doing_wp_cron=1334987721 HTTP/1.0" 499 0 "-" "WordPress/3.3.1; http://yuvi.in/blog"
183.82.65.128 - - [20/Apr/2012:23:02:09 -0700] "GET /blog/feed/ HTTP/1.0" 304 0 "-" "FeedDemon/4.0 (http://www.feeddemon.com/; Microsoft Windows)"
74.125.126.99 - - [20/Apr/2012:23:02:20 -0700] "GET /favicon.ico HTTP/1.1" 404 211 "-" "-"
203.153.223.82 - - [20/Apr/2012:23:02:20 -0700] "GET /r/cnz HTTP/1.1" 301 255 "http://ta.wikipedia.org/wiki/%E0%AE%85%E0%AE%B0%E0%AE%9A%E0%AF%81" "Mozilla/5.0 (Windows NT 6.1) AppleWebKit/535.19 (KHTML, like Gecko) Chrome/18.0.1025.162 Safari/535.19"
203.153.223.82 - - [20/Apr/2012:23:02:20 -0700] "GET /s/ta/cnz/ HTTP/1.1" 302 313 "http://ta.wikipedia.org/wiki/%E0%AE%85%E0%AE%B0%E0%AE%9A%E0%AF%81" "Mozilla/5.0 (Windows NT 6.1) AppleWebKit/535.19 (KHTML, like Gecko) Chrome/18.0.1025.162 Safari/535.19"
117.193.214.245 - - [20/Apr/2012:23:02:21 -0700] "-" 400 0 "-" "-"
199.59.149.166 - - [20/Apr/2012:23:02:29 -0700] "GET /r/25l7 HTTP/1.1" 301 257 "-" "Twitterbot/1.0"
204.236.137.113 - - [20/Apr/2012:23:02:30 -0700] "HEAD /r/25l7 HTTP/1.1" 301 0 "-" "UnwindFetchor/1.0 (+http://www.gnip.com/)"
204.236.137.113 - - [20/Apr/2012:23:02:30 -0700] "HEAD /r/25l7 HTTP/1.1" 301 0 "-" "UnwindFetchor/1.0 (+http://www.gnip.com/)"
50.19.8.66 - - [20/Apr/2012:23:02:30 -0700] "HEAD /r/25l7 HTTP/1.1" 301 0 "-" "MetaURI API/2.0 +metauri.com"
199.59.149.166 - - [20/Apr/2012:23:02:30 -0700] "GET /s/ta/25l7/ HTTP/1.1" 302 525 "-" "Twitterbot/1.0"
50.18.21.225 - - [20/Apr/2012:23:02:30 -0700] "HEAD /s/ta/25l7/ HTTP/1.1" 302 0 "-" "UnwindFetchor/1.0 (+http://www.gnip.com/)"
50.18.21.225 - - [20/Apr/2012:23:02:30 -0700] "HEAD /s/ta/25l7/ HTTP/1.1" 302 0 "-" "UnwindFetchor/1.0 (+http://www.gnip.com/)"
50.18.21.225 - - [20/Apr/2012:23:02:30 -0700] "HEAD /s/ta/25l7/ HTTP/1.1" 302 0 "-" "UnwindFetchor/1.0 (+http://www.gnip.com/)"
50.18.21.225 - - [20/Apr/2012:23:02:30 -0700] "HEAD /s/ta/25l7/ HTTP/1.1" 302 0 "-" "UnwindFetchor/1.0 (+http://www.gnip.com/)"
50.19.8.66 - - [20/Apr/2012:23:02:30 -0700] "HEAD /s/ta/25l7/ HTTP/1.1" 302 0 "-" "MetaURI API/2.0 +metauri.com"
203.153.223.82 - - [20/Apr/2012:23:02:30 -0700] "GET /s/ta/cnz/ HTTP/1.1" 302 313 "http://ta.wikipedia.org/wiki/%E0%AE%85%E0%AE%B0%E0%AE%9A%E0%AF%81" "Mozilla/5.0 (Windows NT 6.1) AppleWebKit/535.19 (KHTML, like Gecko) Chrome/18.0.1025.162 Safari/535.19"
89.151.116.56 - - [20/Apr/2012:23:02:30 -0700] "GET /r/25l7 HTTP/1.1" 301 257 "-" "Mozilla/5.0 (compatible; TweetmemeBot/2.11; +http://tweetmeme.com/)"
89.151.116.56 - - [20/Apr/2012:23:02:31 -0700] "GET /s/ta/25l7/ HTTP/1.1" 302 525 "-" "Mozilla/5.0 (compatible; TweetmemeBot/2.11; +http://tweetmeme.com/)"
203.153.223.82 - - [20/Apr/2012:23:02:32 -0700] "-" 400 0 "-" "-"
65.52.16.161 - - [20/Apr/2012:23:02:34 -0700] "GET /r/25l7 HTTP/1.1" 301 257 "-" "Mozilla/4.0 (compatible; MSIE 7.0; Windows NT 6.0)"
65.52.16.161 - - [20/Apr/2012:23:02:34 -0700] "GET /s/ta/25l7/ HTTP/1.1" 302 525 "-" "Mozilla/4.0 (compatible; MSIE 7.0; Windows NT 6.0)"
210.212.247.101 - - [20/Apr/2012:23:02:38 -0700] "GET /r/1hwi HTTP/1.1" 301 257 "http://ta.wikipedia.org/wiki/%E0%AE%AA%E0%AF%81%E0%AE%B1%E0%AF%8D%E0%AE%B1%E0%AF%81%E0%AE%A8%E0%AF%8B%E0%AE%AF%E0%AF%8D" "Mozilla/5.0 (Windows NT 5.1; rv:11.0) Gecko/20100101 Firefox/11.0"
210.212.247.101 - - [20/Apr/2012:23:02:39 -0700] "GET /s/ta/1hwi/ HTTP/1.1" 302 385 "http://ta.wikipedia.org/wiki/%E0%AE%AA%E0%AF%81%E0%AE%B1%E0%AF%8D%E0%AE%B1%E0%AF%81%E0%AE%A8%E0%AF%8B%E0%AE%AF%E0%AF%8D" "Mozilla/5.0 (Windows NT 5.1; rv:11.0) Gecko/20100101 Firefox/11.0"
216.52.242.14 - - [20/Apr/2012:23:02:40 -0700] "GET /r/25l7 HTTP/1.1" 301 257 "-" "LinkedInBot/1.0 (compatible; Mozilla/5.0; Jakarta Commons-HttpClient/3.1 +http://www.linkedin.com)"
216.52.242.14 - - [20/Apr/2012:23:02:40 -0700] "GET /s/ta/25l7/ HTTP/1.1" 302 525 "-" "LinkedInBot/1.0 (compatible; Mozilla/5.0; Jakarta Commons-HttpClient/3.1 +http://www.linkedin.com)"
210.212.247.101 - - [20/Apr/2012:23:02:44 -0700] "-" 400 0 "-" "-"
74.112.131.128 - - [20/Apr/2012:23:02:45 -0700] "GET /robots.txt HTTP/1.1" 404 238 "-" "Mozilla/5.0 (compatible; Butterfly/1.0; +http://labs.topsy.com/butterfly/) Gecko/2009032608 Firefox/3.0.8"
74.112.131.133 - - [20/Apr/2012:23:02:45 -0700] "GET /r/25l7 HTTP/1.1" 301 257 "-" "Mozilla/5.0 (compatible; Butterfly/1.0; +http://labs.topsy.com/butterfly/) Gecko/2009032608 Firefox/3.0.8"
74.112.131.127 - - [20/Apr/2012:23:02:45 -0700] "GET /s/ta/25l7/ HTTP/1.1" 302 525 "-" "Mozilla/5.0 (compatible; Butterfly/1.0; +http://labs.topsy.com/butterfly/) Gecko/2009032608 Firefox/3.0.8"
59.92.33.51 - - [20/Apr/2012:23:04:04 -0700] "-" 400 0 "-" "-"
210.212.239.31 - - [20/Apr/2012:23:04:28 -0700] "-" 400 0 "-" "-"
117.193.62.8 - - [20/Apr/2012:23:04:35 -0700] "-" 400 0 "-" "-"
184.73.52.85 - - [20/Apr/2012:23:05:27 -0700] "HEAD /r/25l7 HTTP/1.1" 301 0 "-" "Mozilla/5.0 (Windows; U; Windows NT 5.1; de; rv:1.9) Gecko/2008052906 Firefox/3.0"
184.73.52.85 - - [20/Apr/2012:23:05:28 -0700] "HEAD /s/ta/25l7/ HTTP/1.1" 302 0 "-" "Mozilla/5.0 (Windows; U; Windows NT 5.1; de; rv:1.9) Gecko/2008052906 Firefox/3.0"
59.92.12.230 - - [20/Apr/2012:23:05:56 -0700] "-" 400 0 "-" "-"
59.92.12.230 - - [20/Apr/2012:23:09:29 -0700] "-" 400 0 "-" "-"
150.70.75.37 - - [20/Apr/2012:23:10:21 -0700] "GET /progetti/wp-content/themes/progetti3/script.js HTTP/1.0" 404 571 "-" "Mozilla/4.0 (compatible; MSIE 6.0; Windows NT 5.1)"
122.164.197.199 - - [20/Apr/2012:23:10:45 -0700] "-" 400 0 "-" "-"
59.92.12.230 - - [20/Apr/2012:23:10:59 -0700] "-" 400 0 "-" "-"
59.92.12.230 - - [20/Apr/2012:23:10:59 -0700] "-" 400 0 "-" "-"
59.92.12.230 - - [20/Apr/2012:23:10:59 -0700] "-" 400 0 "-" "-"
69.171.234.0 - - [20/Apr/2012:23:11:00 -0700] "GET /r/7bu HTTP/1.1" 301 255 "-" "facebookexternalhit/1.1 (+http://www.facebook.com/externalhit_uatext.php)"
69.171.234.3 - - [20/Apr/2012:23:11:00 -0700] "GET /s/ta/7bu/ HTTP/1.1" 302 337 "-" "facebookexternalhit/1.1 (+http://www.facebook.com/externalhit_uatext.php)"
59.92.12.230 - - [20/Apr/2012:23:11:29 -0700] "-" 400 0 "-" "-"
122.183.177.2 - - [20/Apr/2012:23:13:10 -0700] "-" 400 0 "-" "-"
117.193.203.83 - - [20/Apr/2012:23:13:10 -0700] "-" 400 0 "-" "-"
122.183.177.2 - - [20/Apr/2012:23:13:10 -0700] "-" 400 0 "-" "-"
122.183.177.2 - - [20/Apr/2012:23:13:10 -0700] "-" 400 0 "-" "-"
122.183.177.2 - - [20/Apr/2012:23:13:15 -0700] "-" 400 0 "-" "-"
85.17.88.169 - - [20/Apr/2012:23:13:26 -0700] "POST /blog/wp-cron.php?doing_wp_cron=1334988398 HTTP/1.0" 499 0 "-" "WordPress/3.3.1; http://yuvi.in/blog"
209.85.224.91 - - [20/Apr/2012:23:13:26 -0700] "GET /blog/feed HTTP/1.1" 304 0 "-" "FeedBurner/1.0 (http://www.FeedBurner.com)"
69.171.234.3 - - [20/Apr/2012:23:13:30 -0700] "GET /r/eya HTTP/1.1" 301 255 "-" "facebookexternalhit/1.1 (+http://www.facebook.com/externalhit_uatext.php)"
69.171.234.0 - - [20/Apr/2012:23:13:34 -0700] "GET /s/ta/eya/ HTTP/1.1" 302 401 "-" "facebookexternalhit/1.1 (+http://www.facebook.com/externalhit_uatext.php)"
117.193.203.83 - - [20/Apr/2012:23:13:50 -0700] "-" 400 0 "-" "-"
117.193.203.83 - - [20/Apr/2012:23:14:10 -0700] "-" 400 0 "-" "-"
85.17.88.169 - - [20/Apr/2012:23:14:52 -0700] "POST /blog/wp-cron.php?doing_wp_cron=1334988485 HTTP/1.0" 499 0 "-" "WordPress/3.3.1; http://yuvi.in/blog"
100.43.83.144 - - [20/Apr/2012:23:14:53 -0700] "GET /blog/2009/06/ HTTP/1.1" 200 8482 "-" "Mozilla/5.0 (compatible; YandexBot/3.0; +http://yandex.com/bots)"
117.213.142.80 - - [20/Apr/2012:23:16:01 -0700] "-" 400 0 "-" "-"
117.213.142.80 - - [20/Apr/2012:23:16:03 -0700] "-" 400 0 "-" "-"
14.99.201.31 - - [20/Apr/2012:23:17:12 -0700] "-" 400 0 "-" "-"
122.165.60.114 - - [20/Apr/2012:23:17:50 -0700] "-" 400 0 "-" "-"
122.165.60.114 - - [20/Apr/2012:23:17:50 -0700] "-" 400 0 "-" "-"
14.99.201.31 - - [20/Apr/2012:23:17:52 -0700] "-" 400 0 "-" "-"
14.99.201.31 - - [20/Apr/2012:23:17:52 -0700] "-" 400 0 "-" "-"
14.99.201.31 - - [20/Apr/2012:23:17:52 -0700] "-" 400 0 "-" "-"
14.99.201.31 - - [20/Apr/2012:23:17:52 -0700] "-" 400 0 "-" "-"
14.99.201.31 - - [20/Apr/2012:23:17:52 -0700] "-" 400 0 "-" "-"
115.248.50.23 - - [20/Apr/2012:23:18:06 -0700] "-" 400 0 "-" "-"
115.248.50.23 - - [20/Apr/2012:23:18:06 -0700] "-" 400 0 "-" "-"
115.248.50.23 - - [20/Apr/2012:23:18:06 -0700] "-" 400 0 "-" "-"
115.248.50.23 - - [20/Apr/2012:23:18:06 -0700] "-" 400 0 "-" "-"
115.248.50.23 - - [20/Apr/2012:23:18:06 -0700] "-" 400 0 "-" "-"
14.99.201.31 - - [20/Apr/2012:23:18:12 -0700] "-" 400 0 "-" "-"
67.215.230.28 - - [20/Apr/2012:23:18:21 -0700] "GET /robots.txt HTTP/1.0" 404 169 "-" "Setooz/Nutch-1.2 (http://www.setooz.com)"
67.215.230.28 - - [20/Apr/2012:23:18:21 -0700] "GET /stories HTTP/1.0" 301 185 "-" "Setooz/Nutch-1.2 (http://www.setooz.com)"
67.215.230.27 - - [20/Apr/2012:23:18:26 -0700] "GET /robots.txt HTTP/1.0" 404 169 "-" "Setooz/Nutch-1.2 (http://www.setooz.com)"
67.215.230.27 - - [20/Apr/2012:23:18:26 -0700] "GET / HTTP/1.0" 200 3439 "-" "Setooz/Nutch-1.2 (http://www.setooz.com)"
14.99.201.31 - - [20/Apr/2012:23:19:09 -0700] "-" 400 0 "-" "-"
14.99.201.31 - - [20/Apr/2012:23:19:09 -0700] "-" 400 0 "-" "-"
14.99.201.31 - - [20/Apr/2012:23:19:09 -0700] "-" 400 0 "-" "-"
14.99.201.31 - - [20/Apr/2012:23:19:09 -0700] "-" 400 0 "-" "-"
122.174.159.197 - - [20/Apr/2012:23:19:28 -0700] "-" 400 0 "-" "-"
115.248.50.23 - - [20/Apr/2012:23:20:11 -0700] "-" 400 0 "-" "-"
115.248.50.23 - - [20/Apr/2012:23:20:11 -0700] "-" 400 0 "-" "-"
115.248.50.23 - - [20/Apr/2012:23:20:51 -0700] "-" 400 0 "-" "-"
208.115.113.85 - - [20/Apr/2012:23:20:59 -0700] "GET /robots.txt HTTP/1.1" 404 238 "-" "Mozilla/5.0 (compatible; Ezooms/1.0; ezooms.bot@gmail.com)"
115.248.50.23 - - [20/Apr/2012:23:21:21 -0700] "-" 400 0 "-" "-"
66.220.147.250 - - [20/Apr/2012:23:21:43 -0700] "GET /r/3g7 HTTP/1.1" 301 255 "-" "facebookexternalhit/1.1 (+http://www.facebook.com/externalhit_uatext.php)"
66.220.147.249 - - [20/Apr/2012:23:21:43 -0700] "GET /s/ta/3g7/ HTTP/1.1" 302 465 "-" "facebookexternalhit/1.1 (+http://www.facebook.com/externalhit_uatext.php)"
85.17.88.169 - - [20/Apr/2012:23:21:48 -0700] "POST /blog/wp-cron.php?doing_wp_cron=1334988901 HTTP/1.0" 499 0 "-" "WordPress/3.3.1; http://yuvi.in/blog"
188.81.21.178 - - [20/Apr/2012:23:21:49 -0700] "GET /blog/ HTTP/1.1" 200 33079 "-" "Mozilla/5.0 (compatible; Googlebot/2.1; +http://www.google.com/bot.html)"
141.0.8.155 - - [20/Apr/2012:23:23:25 -0700] "-" 400 0 "-" "-"
141.0.8.155 - - [20/Apr/2012:23:23:41 -0700] "-" 400 0 "-" "-"
141.0.8.155 - - [20/Apr/2012:23:23:53 -0700] "-" 400 0 "-" "-"
203.153.223.86 - - [20/Apr/2012:23:24:39 -0700] "GET /s/ta/cnz/ HTTP/1.1" 302 313 "-" "Mozilla/5.0 (Windows NT 6.1) AppleWebKit/535.19 (KHTML, like Gecko) Chrome/18.0.1025.162 Safari/535.19"
69.171.230.244 - - [20/Apr/2012:23:24:48 -0700] "GET /r/3qb\xE0\xAE\x95\xE0\xAE\x9F\xE0\xAF\x8D\xE0\xAE\x9F\xE0\xAE\xB1\xE0\xAF\x8D\xE0\xAE\xB1 HTTP/1.1" 301 381 "-" "facebookexternalhit/1.1 (+http://www.facebook.com/externalhit_uatext.php)"
69.171.230.246 - - [20/Apr/2012:23:24:48 -0700] "GET /s/ta/3qb%E0%AE%95%E0%AE%9F%E0%AF%8D%E0%AE%9F%E0%AE%B1%E0%AF%8D%E0%AE%B1/ HTTP/1.1" 502 173 "-" "facebookexternalhit/1.1 (+http://www.facebook.com/externalhit_uatext.php)"
117.213.142.80 - - [20/Apr/2012:23:25:02 -0700] "-" 400 0 "-" "-"
117.193.142.96 - - [20/Apr/2012:23:27:00 -0700] "GET /r/34xz HTTP/1.1" 301 257 "http://wikimapia.org/9686837/PAGAMPIRIYAL-KOVIL-THIRUVETTRIYUR-%E0%AE%AA%E0%AE%BE%E0%AE%95%E0%AE%AE%E0%AF%8D%E0%AE%AA%E0%AE%BF%E0%AE%B0%E0%AE%BF%E0%AE%AF%E0%AE%BE%E0%AE%B3%E0%AF%8D-%E0%AE%A4%E0%AE%BF%E0%AE%B0%E0%AF%81%E0%AE%95%E0%AF%8D%E0%AE%95%E0%AF%8B%E0%AE%AF%E0%AE%BF%E0%AE%B2%E0%AF%8D-%E0%AE%A4%E0%AE%BF%E0%AE%B0%E0%AF%81%E0%AE%B5%E0%AF%86%E0%AE%B1%E0%AF%8D%E0%AE%B1%E0%AE%BF%E0%AE%AF%E0%AF%82%E0%AE%B0%E0%AF%8D" "Mozilla/5.0 (compatible; MSIE 9.0; Windows NT 6.1; Trident/5.0)"
117.193.142.96 - - [20/Apr/2012:23:27:00 -0700] "GET /s/ta/34xz/ HTTP/1.1" 302 433 "http://wikimapia.org/9686837/PAGAMPIRIYAL-KOVIL-THIRUVETTRIYUR-%E0%AE%AA%E0%AE%BE%E0%AE%95%E0%AE%AE%E0%AF%8D%E0%AE%AA%E0%AE%BF%E0%AE%B0%E0%AE%BF%E0%AE%AF%E0%AE%BE%E0%AE%B3%E0%AF%8D-%E0%AE%A4%E0%AE%BF%E0%AE%B0%E0%AF%81%E0%AE%95%E0%AF%8D%E0%AE%95%E0%AF%8B%E0%AE%AF%E0%AE%BF%E0%AE%B2%E0%AF%8D-%E0%AE%A4%E0%AE%BF%E0%AE%B0%E0%AF%81%E0%AE%B5%E0%AF%86%E0%AE%B1%E0%AF%8D%E0%AE%B1%E0%AE%BF%E0%AE%AF%E0%AF%82%E0%AE%B0%E0%AF%8D" "Mozilla/5.0 (compatible; MSIE 9.0; Windows NT 6.1; Trident/5.0)"
65.52.111.244 - - [20/Apr/2012:23:27:30 -0700] "-" 400 0 "-" "-"
65.52.111.244 - - [20/Apr/2012:23:27:31 -0700] "-" 400 0 "-" "-"
65.52.111.244 - - [20/Apr/2012:23:27:31 -0700] "-" 400 0 "-" "-"
65.52.111.244 - - [20/Apr/2012:23:27:31 -0700] "-" 400 0 "-" "-"
65.52.111.244 - - [20/Apr/2012:23:27:31 -0700] "-" 400 0 "-" "-"
65.52.111.244 - - [20/Apr/2012:23:27:31 -0700] "-" 400 0 "-" "-"
65.52.111.244 - - [20/Apr/2012:23:27:32 -0700] "-" 400 0 "-" "-"
65.52.111.244 - - [20/Apr/2012:23:27:32 -0700] "-" 400 0 "-" "-"
65.52.111.244 - - [20/Apr/2012:23:27:32 -0700] "-" 400 0 "-" "-"
65.52.111.244 - - [20/Apr/2012:23:27:32 -0700] "-" 400 0 "-" "-"
85.17.88.169 - - [20/Apr/2012:23:32:31 -0700] "POST /blog/wp-cron.php?doing_wp_cron=1334989544 HTTP/1.0" 499 0 "-" "WordPress/3.3.1; http://yuvi.in/blog"
180.76.5.59 - - [20/Apr/2012:23:32:32 -0700] "GET /blog/2010/06/06/ HTTP/1.1" 200 4676 "-" "Mozilla/5.0 (compatible; Baiduspider/2.0; +http://www.baidu.com/search/spider.html)"
85.17.88.169 - - [20/Apr/2012:23:33:23 -0700] "POST /blog/wp-cron.php?doing_wp_cron=1334989596 HTTP/1.0" 499 0 "-" "WordPress/3.3.1; http://yuvi.in/blog"
157.55.16.56 - - [20/Apr/2012:23:33:24 -0700] "GET /blog/ihave-a-motorbike/ HTTP/1.1" 200 4964 "-" "Mozilla/5.0 (compatible; bingbot/2.0; +http://www.bing.com/bingbot.htm)"
122.174.37.26 - - [20/Apr/2012:23:33:44 -0700] "-" 400 0 "-" "-"
117.202.186.5 - - [20/Apr/2012:23:33:51 -0700] "-" 400 0 "-" "-"
117.201.41.199 - - [20/Apr/2012:23:35:06 -0700] "GET /r/tjv HTTP/1.1" 301 255 "http://ta.wikipedia.org/wiki/%E0%AE%A4%E0%AE%BF%E0%AE%A3%E0%AF%8D%E0%AE%9F%E0%AF%81%E0%AE%95%E0%AF%8D%E0%AE%95%E0%AE%B2%E0%AF%8D_%E0%AE%95%E0%AF%8B%E0%AE%9F%E0%AF%8D%E0%AE%9F%E0%AF%88" "Mozilla/5.0 (compatible; MSIE 9.0; Windows NT 6.1; Trident/5.0)"
117.201.41.199 - - [20/Apr/2012:23:35:07 -0700] "GET /s/ta/tjv/ HTTP/1.1" 302 473 "http://ta.wikipedia.org/wiki/%E0%AE%A4%E0%AE%BF%E0%AE%A3%E0%AF%8D%E0%AE%9F%E0%AF%81%E0%AE%95%E0%AF%8D%E0%AE%95%E0%AE%B2%E0%AF%8D_%E0%AE%95%E0%AF%8B%E0%AE%9F%E0%AF%8D%E0%AE%9F%E0%AF%88" "Mozilla/5.0 (compatible; MSIE 9.0; Windows NT 6.1; Trident/5.0)"
85.17.88.169 - - [20/Apr/2012:23:38:11 -0700] "POST /blog/wp-cron.php?doing_wp_cron=1334989883 HTTP/1.0" 499 0 "-" "WordPress/3.3.1; http://yuvi.in/blog"
183.82.65.128 - - [20/Apr/2012:23:38:11 -0700] "GET /blog/feed/ HTTP/1.0" 304 0 "-" "FeedDemon/4.0 (http://www.feeddemon.com/; Microsoft Windows)"
85.17.88.169 - - [20/Apr/2012:23:39:52 -0700] "POST /blog/wp-cron.php?doing_wp_cron=1334989985 HTTP/1.0" 499 0 "-" "WordPress/3.3.1; http://yuvi.in/blog"
209.85.238.182 - - [20/Apr/2012:23:39:53 -0700] "GET /blog/feed HTTP/1.1" 301 0 "-" "Feedfetcher-Google; (+http://www.google.com/feedfetcher.html; 3 subscribers; feed-id=17684830852112633560)"
85.17.88.169 - - [20/Apr/2012:23:39:54 -0700] "POST /blog/wp-cron.php?doing_wp_cron=1334989987 HTTP/1.0" 499 0 "-" "WordPress/3.3.1; http://yuvi.in/blog"
209.85.238.182 - - [20/Apr/2012:23:39:55 -0700] "GET /blog/feed/ HTTP/1.1" 304 0 "-" "Feedfetcher-Google; (+http://www.google.com/feedfetcher.html; 3 subscribers; feed-id=17684830852112633560)"
85.17.88.169 - - [20/Apr/2012:23:40:01 -0700] "POST /blog/wp-cron.php?doing_wp_cron=1334989994 HTTP/1.0" 499 0 "-" "WordPress/3.3.1; http://yuvi.in/blog"
209.85.238.182 - - [20/Apr/2012:23:40:02 -0700] "GET /blog/feed/ HTTP/1.1" 304 0 "-" "Feedfetcher-Google; (+http://www.google.com/feedfetcher.html; 19 subscribers; feed-id=15064232456473204253)"
122.174.180.189 - - [20/Apr/2012:23:41:07 -0700] "-" 400 0 "-" "-"
208.115.113.85 - - [20/Apr/2012:23:42:10 -0700] "GET /r/5tv HTTP/1.1" 301 255 "-" "Mozilla/5.0 (compatible; Ezooms/1.0; ezooms.bot@gmail.com)"
203.153.223.72 - - [20/Apr/2012:23:42:36 -0700] "GET /s/ta/cnz/ HTTP/1.1" 302 313 "-" "Mozilla/5.0 (Windows NT 6.1) AppleWebKit/535.19 (KHTML, like Gecko) Chrome/18.0.1025.162 Safari/535.19"
203.153.223.72 - - [20/Apr/2012:23:42:47 -0700] "-" 400 0 "-" "-"
209.85.224.81 - - [20/Apr/2012:23:42:49 -0700] "GET /stories/feed HTTP/1.1" 200 13653 "-" "FeedBurner/1.0 (http://www.FeedBurner.com)"
85.17.88.169 - - [20/Apr/2012:23:43:31 -0700] "POST /blog/wp-cron.php?doing_wp_cron=1334990203 HTTP/1.0" 499 0 "-" "WordPress/3.3.1; http://yuvi.in/blog"
209.85.224.98 - - [20/Apr/2012:23:43:31 -0700] "GET /blog/feed HTTP/1.1" 304 0 "-" "FeedBurner/1.0 (http://www.FeedBurner.com)"
87.233.206.102 - - [20/Apr/2012:23:43:50 -0700] "HEAD /r/25l7 HTTP/1.1" 301 0 "-" "python-requests/0.8.1"
87.233.206.102 - - [20/Apr/2012:23:43:50 -0700] "HEAD /s/ta/25l7/ HTTP/1.1" 302 0 "-" "python-requests/0.8.1"
122.174.180.189 - - [20/Apr/2012:23:44:17 -0700] "-" 400 0 "-" "-"
122.174.180.189 - - [20/Apr/2012:23:44:17 -0700] "-" 400 0 "-" "-"
122.174.180.189 - - [20/Apr/2012:23:44:17 -0700] "-" 400 0 "-" "-"
122.174.180.189 - - [20/Apr/2012:23:46:07 -0700] "-" 400 0 "-" "-"
122.174.180.189 - - [20/Apr/2012:23:46:07 -0700] "-" 400 0 "-" "-"
122.174.180.189 - - [20/Apr/2012:23:46:07 -0700] "-" 400 0 "-" "-"
122.174.180.189 - - [20/Apr/2012:23:46:07 -0700] "-" 400 0 "-" "-"
122.174.180.189 - - [20/Apr/2012:23:46:07 -0700] "-" 400 0 "-" "-"
94.228.34.209 - - [20/Apr/2012:23:46:57 -0700] "GET /robots.txt HTTP/1.1" 404 142 "-" "magpie-crawler/1.1 (U; Linux amd64; en-GB; +http://www.brandwatch.net)"
94.228.34.209 - - [20/Apr/2012:23:46:58 -0700] "GET /blog/serendipity.html HTTP/1.1" 304 0 "-" "magpie-crawler/1.1 (U; Linux amd64; en-GB; +http://www.brandwatch.net)"
69.171.229.246 - - [20/Apr/2012:23:48:23 -0700] "GET /r/252 HTTP/1.1" 301 255 "-" "facebookexternalhit/1.1 (+http://www.facebook.com/externalhit_uatext.php)"
69.171.229.245 - - [20/Apr/2012:23:48:23 -0700] "GET /s/ta/252/ HTTP/1.1" 302 461 "-" "facebookexternalhit/1.1 (+http://www.facebook.com/externalhit_uatext.php)"
220.181.108.84 - - [20/Apr/2012:23:49:05 -0700] "GET /blog/tag/gsoc.html HTTP/1.1" 200 14126 "-" "Mozilla/5.0 (compatible; Baiduspider/2.0; +http://www.baidu.com/search/spider.html)"
207.46.199.170 - - [20/Apr/2012:23:50:04 -0700] "GET /robots.txt HTTP/1.1" 404 142 "-" "msnbot-media/1.1 (+http://search.msn.com/msnbot.htm)"
207.46.199.170 - - [20/Apr/2012:23:50:04 -0700] "GET /header.png HTTP/1.1" 200 14249 "-" "msnbot-media/1.1 (+http://search.msn.com/msnbot.htm)"
207.46.199.170 - - [20/Apr/2012:23:50:04 -0700] "GET /robots.txt HTTP/1.1" 404 211 "-" "msnbot-media/1.1 (+http://search.msn.com/msnbot.htm)"
207.46.199.170 - - [20/Apr/2012:23:50:05 -0700] "GET / HTTP/1.1" 404 211 "-" "msnbot-media/1.1 (+http://search.msn.com/msnbot.htm)"
123.238.235.223 - - [20/Apr/2012:23:50:26 -0700] "-" 400 0 "-" "-"
85.17.88.169 - - [20/Apr/2012:23:50:36 -0700] "POST /blog/wp-cron.php?doing_wp_cron=1334990629 HTTP/1.0" 499 0 "-" "WordPress/3.3.1; http://yuvi.in/blog"
66.249.73.219 - - [20/Apr/2012:23:50:37 -0700] "GET /blog/my-vimrc/ HTTP/1.1" 200 4448 "-" "Mozilla/5.0 (compatible; Googlebot/2.1; +http://www.google.com/bot.html)"
115.248.77.105 - - [20/Apr/2012:23:51:47 -0700] "-" 400 0 "-" "-"
123.238.235.223 - - [20/Apr/2012:23:52:16 -0700] "-" 400 0 "-" "-"
123.238.235.223 - - [20/Apr/2012:23:52:16 -0700] "-" 400 0 "-" "-"
123.238.235.223 - - [20/Apr/2012:23:52:16 -0700] "-" 400 0 "-" "-"
123.238.235.223 - - [20/Apr/2012:23:52:16 -0700] "-" 400 0 "-" "-"
123.238.235.223 - - [20/Apr/2012:23:52:16 -0700] "-" 400 0 "-" "-"
123.238.235.223 - - [20/Apr/2012:23:53:57 -0700] "-" 400 0 "-" "-"
123.238.235.223 - - [20/Apr/2012:23:53:57 -0700] "-" 400 0 "-" "-"
123.238.235.223 - - [20/Apr/2012:23:53:57 -0700] "-" 400 0 "-" "-"
123.238.235.223 - - [20/Apr/2012:23:53:57 -0700] "-" 400 0 "-" "-"
122.174.180.189 - - [20/Apr/2012:23:54:10 -0700] "-" 400 0 "-" "-"
122.174.180.189 - - [20/Apr/2012:23:54:10 -0700] "-" 400 0 "-" "-"
122.174.180.189 - - [20/Apr/2012:23:54:10 -0700] "-" 400 0 "-" "-"
27.97.47.137 - - [20/Apr/2012:23:54:23 -0700] "GET /r/2if HTTP/1.1" 301 255 "http://wikimapia.org/1643507/%E0%AE%95%E0%AE%B2%E0%AE%BF%E0%AE%99%E0%AF%8D%E0%AE%95%E0%AE%AA%E0%AF%8D%E0%AE%AA%E0%AE%9F%E0%AF%8D%E0%AE%9F%E0%AE%BF-Kalingapatti" "Mozilla/5.0 (Windows NT 6.1; rv:10.0) Gecko/20100101 Firefox/10.0"
27.97.47.137 - - [20/Apr/2012:23:54:28 -0700] "GET /s/ta/2if/ HTTP/1.1" 302 313 "http://wikimapia.org/1643507/%E0%AE%95%E0%AE%B2%E0%AE%BF%E0%AE%99%E0%AF%8D%E0%AE%95%E0%AE%AA%E0%AF%8D%E0%AE%AA%E0%AE%9F%E0%AF%8D%E0%AE%9F%E0%AE%BF-Kalingapatti" "Mozilla/5.0 (Windows NT 6.1; rv:10.0) Gecko/20100101 Firefox/10.0"
27.97.47.137 - - [20/Apr/2012:23:54:29 -0700] "-" 400 0 "-" "-"
122.174.180.189 - - [20/Apr/2012:23:54:50 -0700] "-" 400 0 "-" "-"
122.174.180.189 - - [20/Apr/2012:23:55:20 -0700] "-" 400 0 "-" "-"
122.174.180.189 - - [20/Apr/2012:23:55:20 -0700] "-" 400 0 "-" "-"
223.176.156.32 - - [20/Apr/2012:23:55:38 -0700] "-" 400 0 "-" "-"
223.176.156.32 - - [20/Apr/2012:23:56:08 -0700] "-" 400 0 "-" "-"
85.17.88.169 - - [20/Apr/2012:23:56:53 -0700] "POST /blog/wp-cron.php?doing_wp_cron=1334991005 HTTP/1.0" 499 0 "-" "WordPress/3.3.1; http://yuvi.in/blog"
100.43.83.144 - - [20/Apr/2012:23:56:53 -0700] "GET /blog/block-cursor-vs-post-cursor-gvim-vs-emacs/ HTTP/1.1" 200 4692 "-" "Mozilla/5.0 (compatible; YandexBot/3.0; +http://yandex.com/bots)"
14.96.151.10 - - [20/Apr/2012:23:57:19 -0700] "-" 400 0 "-" "-"
117.193.54.90 - - [20/Apr/2012:23:57:35 -0700] "-" 400 0 "-" "-"
85.17.88.169 - - [20/Apr/2012:23:57:46 -0700] "POST /blog/wp-cron.php?doing_wp_cron=1334991059 HTTP/1.0" 499 0 "-" "WordPress/3.3.1; http://yuvi.in/blog"
100.43.83.144 - - [20/Apr/2012:23:57:47 -0700] "GET /blog/cheese-gsoc-report-week-5/ HTTP/1.1" 200 4865 "-" "Mozilla/5.0 (compatible; YandexBot/3.0; +http://yandex.com/bots)"
85.17.88.169 - - [20/Apr/2012:23:57:51 -0700] "POST /blog/wp-cron.php?doing_wp_cron=1334991064 HTTP/1.0" 499 0 "-" "WordPress/3.3.1; http://yuvi.in/blog"
100.43.83.144 - - [20/Apr/2012:23:57:51 -0700] "GET /blog/programmer-run-code-head/ HTTP/1.1" 200 5231 "-" "Mozilla/5.0 (compatible; YandexBot/3.0; +http://yandex.com/bots)"
85.17.88.169 - - [20/Apr/2012:23:57:56 -0700] "POST /blog/wp-cron.php?doing_wp_cron=1334991069 HTTP/1.0" 499 0 "-" "WordPress/3.3.1; http://yuvi.in/blog"
100.43.83.144 - - [20/Apr/2012:23:57:56 -0700] "GET /blog/blogging-from-under-the-table-during-class/trackback/ HTTP/1.1" 302 0 "-" "Mozilla/5.0 (compatible; YandexBot/3.0; +http://yandex.com/bots)"
85.17.88.169 - - [20/Apr/2012:23:58:00 -0700] "POST /blog/wp-cron.php?doing_wp_cron=1334991073 HTTP/1.0" 499 0 "-" "WordPress/3.3.1; http://yuvi.in/blog"
100.43.83.144 - - [20/Apr/2012:23:58:01 -0700] "GET /blog/blogging-from-under-the-table-during-class/ HTTP/1.1" 200 4935 "-" "Mozilla/5.0 (compatible; YandexBot/3.0; +http://yandex.com/bots)"
223.176.156.32 - - [20/Apr/2012:23:58:03 -0700] "-" 400 0 "-" "-"
85.17.88.169 - - [20/Apr/2012:23:58:05 -0700] "POST /blog/wp-cron.php?doing_wp_cron=1334991078 HTTP/1.0" 499 0 "-" "WordPress/3.3.1; http://yuvi.in/blog"
117.193.54.90 - - [20/Apr/2012:23:58:05 -0700] "-" 400 0 "-" "-"
100.43.83.144 - - [20/Apr/2012:23:58:05 -0700] "GET /blog/gsoc-milestones-vala-build-using-autotools/trackback/ HTTP/1.1" 302 0 "-" "Mozilla/5.0 (compatible; YandexBot/3.0; +http://yandex.com/bots)"
85.17.88.169 - - [20/Apr/2012:23:58:09 -0700] "POST /blog/wp-cron.php?doing_wp_cron=1334991082 HTTP/1.0" 499 0 "-" "WordPress/3.3.1; http://yuvi.in/blog"
100.43.83.144 - - [20/Apr/2012:23:58:10 -0700] "GET /blog/gsoc-milestones-vala-build-using-autotools/ HTTP/1.1" 200 6322 "-" "Mozilla/5.0 (compatible; YandexBot/3.0; +http://yandex.com/bots)"
85.17.88.169 - - [20/Apr/2012:23:58:14 -0700] "POST /blog/wp-cron.php?doing_wp_cron=1334991087 HTTP/1.0" 499 0 "-" "WordPress/3.3.1; http://yuvi.in/blog"
100.43.83.144 - - [20/Apr/2012:23:58:15 -0700] "GET /blog/samsung-n210-review/trackback/ HTTP/1.1" 302 0 "-" "Mozilla/5.0 (compatible; YandexBot/3.0; +http://yandex.com/bots)"
85.17.88.169 - - [20/Apr/2012:23:58:19 -0700] "POST /blog/wp-cron.php?doing_wp_cron=1334991091 HTTP/1.0" 499 0 "-" "WordPress/3.3.1; http://yuvi.in/blog"
100.43.83.144 - - [20/Apr/2012:23:58:19 -0700] "GET /blog/samsung-n210-review/ HTTP/1.1" 200 5594 "-" "Mozilla/5.0 (compatible; YandexBot/3.0; +http://yandex.com/bots)"
90.198.212.240 - - [20/Apr/2012:23:58:26 -0700] "GET /r/1z5n HTTP/1.1" 301 257 "http://www.muthukamalam.com/spiritual/hindu/p45.html" "Mozilla/5.0 (Windows NT 6.0; WOW64) AppleWebKit/535.19 (KHTML, like Gecko) Chrome/18.0.1025.162 Safari/535.19"
90.198.212.240 - - [20/Apr/2012:23:58:26 -0700] "GET /s/ta/1z5n/ HTTP/1.1" 302 609 "http://www.muthukamalam.com/spiritual/hindu/p45.html" "Mozilla/5.0 (Windows NT 6.0; WOW64) AppleWebKit/535.19 (KHTML, like Gecko) Chrome/18.0.1025.162 Safari/535.19"
59.92.89.130 - - [20/Apr/2012:23:58:45 -0700] "-" 400 0 "-" "-"
117.193.54.90 - - [21/Apr/2012:00:03:05 -0700] "-" 400 0 "-" "-"
101.212.201.241 - - [21/Apr/2012:00:03:14 -0700] "-" 400 0 "-" "-"
101.212.201.241 - - [21/Apr/2012:00:03:14 -0700] "-" 400 0 "-" "-"
14.96.151.10 - - [21/Apr/2012:00:04:03 -0700] "-" 400 0 "-" "-"
117.193.54.90 - - [21/Apr/2012:00:04:45 -0700] "-" 400 0 "-" "-"
117.193.54.90 - - [21/Apr/2012:00:04:45 -0700] "-" 400 0 "-" "-"
117.193.54.90 - - [21/Apr/2012:00:04:45 -0700] "-" 400 0 "-" "-"
117.193.54.90 - - [21/Apr/2012:00:04:45 -0700] "-" 400 0 "-" "-"
117.193.54.90 - - [21/Apr/2012:00:05:35 -0700] "-" 400 0 "-" "-"
69.171.247.3 - - [21/Apr/2012:00:06:30 -0700] "GET /r/252 HTTP/1.1" 301 255 "-" "facebookexternalhit/1.1 (+http://www.facebook.com/externalhit_uatext.php)"
69.171.247.6 - - [21/Apr/2012:00:06:30 -0700] "GET /s/ta/252/ HTTP/1.1" 302 461 "-" "facebookexternalhit/1.1 (+http://www.facebook.com/externalhit_uatext.php)"
122.174.11.41 - - [21/Apr/2012:00:07:32 -0700] "-" 400 0 "-" "-"
122.174.11.41 - - [21/Apr/2012:00:07:32 -0700] "-" 400 0 "-" "-"
122.174.11.41 - - [21/Apr/2012:00:07:32 -0700] "-" 400 0 "-" "-"
122.174.11.41 - - [21/Apr/2012:00:07:32 -0700] "-" 400 0 "-" "-"
122.174.11.41 - - [21/Apr/2012:00:07:52 -0700] "-" 400 0 "-" "-"
122.174.11.41 - - [21/Apr/2012:00:07:52 -0700] "-" 400 0 "-" "-"
122.174.11.41 - - [21/Apr/2012:00:07:52 -0700] "-" 400 0 "-" "-"
122.174.11.41 - - [21/Apr/2012:00:07:52 -0700] "-" 400 0 "-" "-"
66.249.73.219 - - [21/Apr/2012:00:07:59 -0700] "GET /blog/what-i-learnt-from-the-hackfest-at-iitm.html HTTP/1.1" 304 0 "-" "Mozilla/5.0 (compatible; Googlebot/2.1; +http://www.google.com/bot.html)"
85.17.88.169 - - [21/Apr/2012:00:09:44 -0700] "POST /blog/wp-cron.php?doing_wp_cron=1334991777 HTTP/1.0" 499 0 "-" "WordPress/3.3.1; http://yuvi.in/blog"
84.255.149.148 - - [21/Apr/2012:00:09:45 -0700] "GET /blog/story-average-indian-techie/ HTTP/1.1" 200 14155 "http://sn114w.snt114.mail.live.com/mail/InboxLight.aspx?n=609441816" "Mozilla/5.0 (compatible; MSIE 9.0; Windows NT 6.1; WOW64; Trident/5.0)"
84.255.149.148 - - [21/Apr/2012:00:09:46 -0700] "GET /blog/wp-content/themes/cleanr/style.css HTTP/1.1" 200 10508 "http://yuvi.in/blog/story-average-indian-techie/" "Mozilla/5.0 (compatible; MSIE 9.0; Windows NT 6.1; WOW64; Trident/5.0)"
84.255.149.148 - - [21/Apr/2012:00:09:47 -0700] "GET /blog/wp-content/themes/cleanr/css/reset.css HTTP/1.1" 200 648 "http://yuvi.in/blog/story-average-indian-techie/" "Mozilla/5.0 (compatible; MSIE 9.0; Windows NT 6.1; WOW64; Trident/5.0)"
84.255.149.148 - - [21/Apr/2012:00:09:47 -0700] "GET /blog/wp-content/themes/cleanr/css/text.css HTTP/1.1" 200 420 "http://yuvi.in/blog/story-average-indian-techie/" "Mozilla/5.0 (compatible; MSIE 9.0; Windows NT 6.1; WOW64; Trident/5.0)"
84.255.149.148 - - [21/Apr/2012:00:09:48 -0700] "GET /blog/wp-content/themes/cleanr/css/960.css HTTP/1.1" 200 3628 "http://yuvi.in/blog/story-average-indian-techie/" "Mozilla/5.0 (compatible; MSIE 9.0; Windows NT 6.1; WOW64; Trident/5.0)"
84.255.149.148 - - [21/Apr/2012:00:09:49 -0700] "GET /blog/wp-content/themes/cleanr/css/ie.css HTTP/1.1" 200 390 "http://yuvi.in/blog/story-average-indian-techie/" "Mozilla/5.0 (compatible; MSIE 9.0; Windows NT 6.1; WOW64; Trident/5.0)"
84.255.149.148 - - [21/Apr/2012:00:09:49 -0700] "GET /blog/wp-content/themes/cleanr/js/jquery.dropdown.js?ver=3.3.1 HTTP/1.1" 200 535 "http://yuvi.in/blog/story-average-indian-techie/" "Mozilla/5.0 (compatible; MSIE 9.0; Windows NT 6.1; WOW64; Trident/5.0)"
84.255.149.148 - - [21/Apr/2012:00:09:50 -0700] "GET /blog/wp-includes/js/jquery/jquery.js?ver=1.7.1 HTTP/1.1" 200 93889 "http://yuvi.in/blog/story-average-indian-techie/" "Mozilla/5.0 (compatible; MSIE 9.0; Windows NT 6.1; WOW64; Trident/5.0)"
84.255.149.148 - - [21/Apr/2012:00:09:52 -0700] "GET /blog/wp-content/themes/cleanr/images/search_magnifier.gif HTTP/1.1" 200 394 "http://yuvi.in/blog/story-average-indian-techie/" "Mozilla/5.0 (compatible; MSIE 9.0; Windows NT 6.1; WOW64; Trident/5.0)"
84.255.149.148 - - [21/Apr/2012:00:09:52 -0700] "GET /favicon.ico HTTP/1.1" 404 199 "-" "Mozilla/5.0 (compatible; MSIE 9.0; Windows NT 6.1; WOW64; Trident/5.0)"
85.17.88.169 - - [21/Apr/2012:00:10:00 -0700] "POST /blog/wp-cron.php?doing_wp_cron=1334991793 HTTP/1.0" 499 0 "-" "WordPress/3.3.1; http://yuvi.in/blog"
84.255.149.148 - - [21/Apr/2012:00:10:00 -0700] "GET /blog/story-average-indian-techie/?cf_action=sync_comments&post_id=220 HTTP/1.1" 200 48 "http://yuvi.in/blog/story-average-indian-techie/" "Mozilla/5.0 (compatible; MSIE 9.0; Windows NT 6.1; WOW64; Trident/5.0)"
84.255.149.148 - - [21/Apr/2012:00:10:01 -0700] "HEAD /blog/story-average-indian-techie/ HTTP/1.1" 200 0 "-" "Windows-Live-Social-Object-Extractor-Engine/1.0"
84.255.149.148 - - [21/Apr/2012:00:10:02 -0700] "GET /blog/story-average-indian-techie/ HTTP/1.1" 200 14155 "-" "Mozilla/4.0 (compatible; MSIE 7.0; Windows NT 6.1; WOW64; Trident/5.0; SLCC2; .NET CLR 2.0.50727; .NET CLR 3.5.30729; .NET CLR 3.0.30729; Media Center PC 6.0; InfoPath.3; .NET4.0C; .NET4.0E; Windows Live Messenger 15.4.3555.0308)"
182.237.177.1 - - [21/Apr/2012:00:10:26 -0700] "GET /blog/story-average-indian-techie/ HTTP/1.0" 200 14155 "-" "Mozilla/4.0 (compatible; MSIE 8.0; Windows NT 5.1; Trident/4.0; .NET CLR 1.1.4322; InfoPath.1; .NET CLR 2.0.50727; .NET CLR 3.0.04506.648; .NET CLR 3.5.21022; .NET CLR 3.0.4506.2152; .NET CLR 3.5.30729; .NET CLR 4.0.20506; OfficeLiveConnector.1.5; OfficeLivePatch.1.3)"
115.184.76.159 - - [21/Apr/2012:00:10:27 -0700] "-" 400 0 "-" "-"
115.184.76.159 - - [21/Apr/2012:00:10:27 -0700] "-" 400 0 "-" "-"
115.184.76.159 - - [21/Apr/2012:00:10:27 -0700] "-" 400 0 "-" "-"
115.184.76.159 - - [21/Apr/2012:00:10:27 -0700] "-" 400 0 "-" "-"
115.184.76.159 - - [21/Apr/2012:00:10:27 -0700] "-" 400 0 "-" "-"
115.184.76.159 - - [21/Apr/2012:00:10:27 -0700] "-" 400 0 "-" "-"
182.237.177.1 - - [21/Apr/2012:00:10:36 -0700] "GET /blog/wp-content/themes/cleanr/style.css HTTP/1.0" 200 10508 "http://yuvi.in/blog/story-average-indian-techie/" "Mozilla/4.0 (compatible; MSIE 8.0; Windows NT 5.1; Trident/4.0; .NET CLR 1.1.4322; InfoPath.1; .NET CLR 2.0.50727; .NET CLR 3.0.04506.648; .NET CLR 3.5.21022; .NET CLR 3.0.4506.2152; .NET CLR 3.5.30729; .NET CLR 4.0.20506; OfficeLiveConnector.1.5; OfficeLivePatch.1.3)"
182.237.177.1 - - [21/Apr/2012:00:10:39 -0700] "GET /blog/wp-content/themes/cleanr/css/reset.css HTTP/1.0" 200 648 "http://yuvi.in/blog/story-average-indian-techie/" "Mozilla/4.0 (compatible; MSIE 8.0; Windows NT 5.1; Trident/4.0; .NET CLR 1.1.4322; InfoPath.1; .NET CLR 2.0.50727; .NET CLR 3.0.04506.648; .NET CLR 3.5.21022; .NET CLR 3.0.4506.2152; .NET CLR 3.5.30729; .NET CLR 4.0.20506; OfficeLiveConnector.1.5; OfficeLivePatch.1.3)"
182.237.177.1 - - [21/Apr/2012:00:10:39 -0700] "GET /blog/wp-content/themes/cleanr/css/text.css HTTP/1.0" 200 420 "http://yuvi.in/blog/story-average-indian-techie/" "Mozilla/4.0 (compatible; MSIE 8.0; Windows NT 5.1; Trident/4.0; .NET CLR 1.1.4322; InfoPath.1; .NET CLR 2.0.50727; .NET CLR 3.0.04506.648; .NET CLR 3.5.21022; .NET CLR 3.0.4506.2152; .NET CLR 3.5.30729; .NET CLR 4.0.20506; OfficeLiveConnector.1.5; OfficeLivePatch.1.3)"
182.237.177.1 - - [21/Apr/2012:00:10:39 -0700] "GET /blog/wp-content/themes/cleanr/css/960.css HTTP/1.0" 200 3628 "http://yuvi.in/blog/story-average-indian-techie/" "Mozilla/4.0 (compatible; MSIE 8.0; Windows NT 5.1; Trident/4.0; .NET CLR 1.1.4322; InfoPath.1; .NET CLR 2.0.50727; .NET CLR 3.0.04506.648; .NET CLR 3.5.21022; .NET CLR 3.0.4506.2152; .NET CLR 3.5.30729; .NET CLR 4.0.20506; OfficeLiveConnector.1.5; OfficeLivePatch.1.3)"
182.237.177.1 - - [21/Apr/2012:00:10:41 -0700] "GET /blog/wp-content/themes/cleanr/js/jquery.dropdown.js?ver=3.3.1 HTTP/1.0" 200 535 "http://yuvi.in/blog/story-average-indian-techie/" "Mozilla/4.0 (compatible; MSIE 8.0; Windows NT 5.1; Trident/4.0; .NET CLR 1.1.4322; InfoPath.1; .NET CLR 2.0.50727; .NET CLR 3.0.04506.648; .NET CLR 3.5.21022; .NET CLR 3.0.4506.2152; .NET CLR 3.5.30729; .NET CLR 4.0.20506; OfficeLiveConnector.1.5; OfficeLivePatch.1.3)"
182.237.177.1 - - [21/Apr/2012:00:10:41 -0700] "GET /blog/wp-content/themes/cleanr/css/ie.css HTTP/1.0" 200 390 "http://yuvi.in/blog/story-average-indian-techie/" "Mozilla/4.0 (compatible; MSIE 8.0; Windows NT 5.1; Trident/4.0; .NET CLR 1.1.4322; InfoPath.1; .NET CLR 2.0.50727; .NET CLR 3.0.04506.648; .NET CLR 3.5.21022; .NET CLR 3.0.4506.2152; .NET CLR 3.5.30729; .NET CLR 4.0.20506; OfficeLiveConnector.1.5; OfficeLivePatch.1.3)"
182.237.177.1 - - [21/Apr/2012:00:10:45 -0700] "GET /blog/wp-includes/js/jquery/jquery.js?ver=1.7.1 HTTP/1.0" 200 93889 "http://yuvi.in/blog/story-average-indian-techie/" "Mozilla/4.0 (compatible; MSIE 8.0; Windows NT 5.1; Trident/4.0; .NET CLR 1.1.4322; InfoPath.1; .NET CLR 2.0.50727; .NET CLR 3.0.04506.648; .NET CLR 3.5.21022; .NET CLR 3.0.4506.2152; .NET CLR 3.5.30729; .NET CLR 4.0.20506; OfficeLiveConnector.1.5; OfficeLivePatch.1.3)"
182.237.177.1 - - [21/Apr/2012:00:10:48 -0700] "GET /blog/wp-content/themes/cleanr/images/search_magnifier.gif HTTP/1.0" 200 394 "http://yuvi.in/blog/story-average-indian-techie/" "Mozilla/4.0 (compatible; MSIE 8.0; Windows NT 5.1; Trident/4.0; .NET CLR 1.1.4322; InfoPath.1; .NET CLR 2.0.50727; .NET CLR 3.0.04506.648; .NET CLR 3.5.21022; .NET CLR 3.0.4506.2152; .NET CLR 3.5.30729; .NET CLR 4.0.20506; OfficeLiveConnector.1.5; OfficeLivePatch.1.3)"
182.237.177.1 - - [21/Apr/2012:00:10:49 -0700] "GET /favicon.ico HTTP/1.0" 404 571 "-" "Mozilla/4.0 (compatible; MSIE 8.0; Windows NT 5.1; Trident/4.0; .NET CLR 1.1.4322; InfoPath.1; .NET CLR 2.0.50727; .NET CLR 3.0.04506.648; .NET CLR 3.5.21022; .NET CLR 3.0.4506.2152; .NET CLR 3.5.30729; .NET CLR 4.0.20506; OfficeLiveConnector.1.5; OfficeLivePatch.1.3)"
85.17.88.169 - - [21/Apr/2012:00:11:06 -0700] "POST /blog/wp-cron.php?doing_wp_cron=1334991858 HTTP/1.0" 499 0 "-" "WordPress/3.3.1; http://yuvi.in/blog"
182.237.177.1 - - [21/Apr/2012:00:11:06 -0700] "GET /blog/story-average-indian-techie/?cf_action=sync_comments&post_id=220 HTTP/1.0" 200 17 "http://yuvi.in/blog/story-average-indian-techie/" "Mozilla/4.0 (compatible; MSIE 8.0; Windows NT 5.1; Trident/4.0; .NET CLR 1.1.4322; InfoPath.1; .NET CLR 2.0.50727; .NET CLR 3.0.04506.648; .NET CLR 3.5.21022; .NET CLR 3.0.4506.2152; .NET CLR 3.5.30729; .NET CLR 4.0.20506; OfficeLiveConnector.1.5; OfficeLivePatch.1.3)"
85.17.88.169 - - [21/Apr/2012:00:11:37 -0700] "POST /blog/wp-cron.php?doing_wp_cron=1334991890 HTTP/1.0" 499 0 "-" "WordPress/3.3.1; http://yuvi.in/blog"
66.249.73.219 - - [21/Apr/2012:00:11:38 -0700] "GET /blog/2011/08/ HTTP/1.1" 200 18168 "-" "Mozilla/5.0 (iPhone; U; CPU iPhone OS 4_1 like Mac OS X; en-us) AppleWebKit/532.9 (KHTML, like Gecko) Version/4.0.5 Mobile/8B117 Safari/6531.22.7 (compatible; Googlebot-Mobile/2.1; +http://www.google.com/bot.html)"
122.179.131.91 - - [21/Apr/2012:00:13:23 -0700] "-" 400 0 "-" "-"
209.85.224.92 - - [21/Apr/2012:00:13:37 -0700] "GET /blog/feed HTTP/1.1" 304 0 "-" "FeedBurner/1.0 (http://www.FeedBurner.com)"
183.82.65.128 - - [21/Apr/2012:00:14:17 -0700] "GET /blog/feed/ HTTP/1.0" 304 0 "-" "FeedDemon/4.0 (http://www.feeddemon.com/; Microsoft Windows)"
124.30.102.254 - - [21/Apr/2012:00:14:57 -0700] "-" 400 0 "-" "-"
124.30.102.254 - - [21/Apr/2012:00:15:36 -0700] "-" 400 0 "-" "-"
124.30.102.254 - - [21/Apr/2012:00:16:51 -0700] "-" 400 0 "-" "-"
49.200.137.1 - - [21/Apr/2012:00:18:48 -0700] "GET /r/2d32 HTTP/1.1" 301 257 "http://ta.wikipedia.org/wiki/%E0%AE%87%E0%AE%B0%E0%AE%BE._%E0%AE%95%E0%AF%81%E0%AE%A3%E0%AE%9A%E0%AF%80%E0%AE%B2%E0%AE%A9%E0%AF%8D" "Mozilla/5.0 (Windows NT 6.1; WOW64) AppleWebKit/535.11 (KHTML, like Gecko) Chrome/17.0.963.0 Safari/535.11"
49.200.137.1 - - [21/Apr/2012:00:18:52 -0700] "GET /r/2d32 HTTP/1.1" 301 257 "http://ta.wikipedia.org/wiki/%E0%AE%87%E0%AE%B0%E0%AE%BE._%E0%AE%95%E0%AF%81%E0%AE%A3%E0%AE%9A%E0%AF%80%E0%AE%B2%E0%AE%A9%E0%AF%8D" "Mozilla/5.0 (Windows NT 6.1; WOW64) AppleWebKit/535.11 (KHTML, like Gecko) Chrome/17.0.963.0 Safari/535.11"
49.200.137.1 - - [21/Apr/2012:00:18:53 -0700] "GET /s/ta/2d32/ HTTP/1.1" 302 403 "http://ta.wikipedia.org/wiki/%E0%AE%87%E0%AE%B0%E0%AE%BE._%E0%AE%95%E0%AF%81%E0%AE%A3%E0%AE%9A%E0%AF%80%E0%AE%B2%E0%AE%A9%E0%AF%8D" "Mozilla/5.0 (Windows NT 6.1; WOW64) AppleWebKit/535.11 (KHTML, like Gecko) Chrome/17.0.963.0 Safari/535.11"
122.164.25.164 - - [21/Apr/2012:00:20:14 -0700] "-" 400 0 "-" "-"
122.164.25.164 - - [21/Apr/2012:00:20:14 -0700] "-" 400 0 "-" "-"
122.164.25.164 - - [21/Apr/2012:00:20:14 -0700] "-" 400 0 "-" "-"
122.164.25.164 - - [21/Apr/2012:00:20:14 -0700] "-" 400 0 "-" "-"
122.164.25.164 - - [21/Apr/2012:00:20:14 -0700] "-" 400 0 "-" "-"
123.236.13.80 - - [21/Apr/2012:00:22:08 -0700] "GET /AssessmentBar/r/Unassessed_India_articles/ HTTP/1.1" 302 333 "http://en.wikipedia.org/wiki/Tessy_Thomas" "Mozilla/5.0 (Windows NT 6.1; WOW64) AppleWebKit/535.19 (KHTML, like Gecko) Chrome/18.0.1025.162 Safari/535.19"
122.174.106.56 - - [21/Apr/2012:00:25:28 -0700] "-" 400 0 "-" "-"
124.13.173.5 - - [21/Apr/2012:00:26:15 -0700] "-" 400 0 "-" "-"
124.13.173.5 - - [21/Apr/2012:00:26:15 -0700] "-" 400 0 "-" "-"
124.13.173.5 - - [21/Apr/2012:00:26:17 -0700] "-" 400 0 "-" "-"
124.13.173.5 - - [21/Apr/2012:00:26:17 -0700] "-" 400 0 "-" "-"
124.13.173.5 - - [21/Apr/2012:00:26:17 -0700] "-" 400 0 "-" "-"
124.13.173.5 - - [21/Apr/2012:00:26:17 -0700] "-" 400 0 "-" "-"
124.13.173.5 - - [21/Apr/2012:00:26:17 -0700] "-" 400 0 "-" "-"
124.13.173.5 - - [21/Apr/2012:00:26:17 -0700] "-" 400 0 "-" "-"
124.13.173.5 - - [21/Apr/2012:00:26:17 -0700] "-" 400 0 "-" "-"
124.13.173.5 - - [21/Apr/2012:00:26:17 -0700] "-" 400 0 "-" "-"
124.13.173.5 - - [21/Apr/2012:00:26:17 -0700] "-" 400 0 "-" "-"
124.13.173.5 - - [21/Apr/2012:00:26:17 -0700] "-" 400 0 "-" "-"
124.13.173.5 - - [21/Apr/2012:00:26:17 -0700] "-" 400 0 "-" "-"
124.13.173.5 - - [21/Apr/2012:00:26:17 -0700] "-" 400 0 "-" "-"
207.46.204.215 - - [21/Apr/2012:00:27:35 -0700] "-" 400 0 "-" "-"
207.46.204.215 - - [21/Apr/2012:00:27:35 -0700] "-" 400 0 "-" "-"
207.46.204.215 - - [21/Apr/2012:00:27:35 -0700] "-" 400 0 "-" "-"
207.46.204.215 - - [21/Apr/2012:00:27:35 -0700] "-" 400 0 "-" "-"
207.46.204.215 - - [21/Apr/2012:00:27:35 -0700] "-" 400 0 "-" "-"
207.46.204.215 - - [21/Apr/2012:00:27:35 -0700] "-" 400 0 "-" "-"
207.46.204.215 - - [21/Apr/2012:00:27:35 -0700] "-" 400 0 "-" "-"
207.46.204.215 - - [21/Apr/2012:00:27:35 -0700] "-" 400 0 "-" "-"
207.46.204.215 - - [21/Apr/2012:00:27:35 -0700] "-" 400 0 "-" "-"
207.46.204.215 - - [21/Apr/2012:00:28:28 -0700] "-" 400 0 "-" "-"
207.46.204.215 - - [21/Apr/2012:00:28:29 -0700] "-" 400 0 "-" "-"
223.235.121.38 - - [21/Apr/2012:00:30:49 -0700] "-" 400 0 "-" "-"
223.235.121.38 - - [21/Apr/2012:00:30:49 -0700] "-" 400 0 "-" "-"
85.17.88.169 - - [21/Apr/2012:00:33:36 -0700] "POST /blog/wp-cron.php?doing_wp_cron=1334993208 HTTP/1.0" 499 0 "-" "WordPress/3.3.1; http://yuvi.in/blog"
209.85.238.182 - - [21/Apr/2012:00:33:37 -0700] "GET /blog/feed HTTP/1.1" 301 0 "-" "Feedfetcher-Google; (+http://www.google.com/feedfetcher.html; 3 subscribers; feed-id=17684830852112633560)"
85.17.88.169 - - [21/Apr/2012:00:33:39 -0700] "POST /blog/wp-cron.php?doing_wp_cron=1334993211 HTTP/1.0" 499 0 "-" "WordPress/3.3.1; http://yuvi.in/blog"
209.85.238.182 - - [21/Apr/2012:00:33:39 -0700] "GET /blog/feed/ HTTP/1.1" 304 0 "-" "Feedfetcher-Google; (+http://www.google.com/feedfetcher.html; 3 subscribers; feed-id=17684830852112633560)"
210.212.239.31 - - [21/Apr/2012:00:38:52 -0700] "-" 400 0 "-" "-"
123.125.71.28 - - [21/Apr/2012:00:39:06 -0700] "GET / HTTP/1.1" 200 3439 "-" "Mozilla/5.0 (compatible; Baiduspider/2.0; +http://www.baidu.com/search/spider.html)"
122.164.199.250 - - [21/Apr/2012:00:39:19 -0700] "-" 400 0 "-" "-"
220.181.108.83 - - [21/Apr/2012:00:39:44 -0700] "GET / HTTP/1.1" 200 3439 "-" "Mozilla/5.0 (compatible; Baiduspider/2.0; +http://www.baidu.com/search/spider.html)"
117.193.33.20 - - [21/Apr/2012:00:40:21 -0700] "-" 400 0 "-" "-"
117.193.33.20 - - [21/Apr/2012:00:40:21 -0700] "-" 400 0 "-" "-"
117.193.33.20 - - [21/Apr/2012:00:40:21 -0700] "-" 400 0 "-" "-"
117.193.33.20 - - [21/Apr/2012:00:40:21 -0700] "-" 400 0 "-" "-"
122.164.49.186 - - [21/Apr/2012:00:40:47 -0700] "-" 400 0 "-" "-"
59.92.71.133 - - [21/Apr/2012:00:40:59 -0700] "-" 400 0 "-" "-"
66.220.146.250 - - [21/Apr/2012:00:41:04 -0700] "GET /r/196n\xE0\xAE\x95\xE0\xAE\x9F\xE0\xAF\x8D\xE0\xAE\x9F\xE0\xAE\xB1\xE0\xAF\x8D\xE0\xAE\xB1 HTTP/1.1" 301 383 "-" "facebookexternalhit/1.1 (+http://www.facebook.com/externalhit_uatext.php)"
66.220.146.246 - - [21/Apr/2012:00:41:04 -0700] "GET /s/ta/196n%E0%AE%95%E0%AE%9F%E0%AF%8D%E0%AE%9F%E0%AE%B1%E0%AF%8D%E0%AE%B1/ HTTP/1.1" 502 173 "-" "facebookexternalhit/1.1 (+http://www.facebook.com/externalhit_uatext.php)"
117.193.33.20 - - [21/Apr/2012:00:41:11 -0700] "-" 400 0 "-" "-"
117.193.33.20 - - [21/Apr/2012:00:41:11 -0700] "-" 400 0 "-" "-"
117.193.33.20 - - [21/Apr/2012:00:41:11 -0700] "-" 400 0 "-" "-"
117.193.33.20 - - [21/Apr/2012:00:41:11 -0700] "-" 400 0 "-" "-"
115.111.249.151 - - [21/Apr/2012:00:41:50 -0700] "GET /AssessmentBar/r/Unassessed_India_articles/ HTTP/1.1" 302 265 "http://en.wikipedia.org/w/index.php?title=M._H._Saboo_Siddik_College_of_Engineering&action=edit" "Mozilla/5.0 (Windows NT 5.1) AppleWebKit/535.11 (KHTML, like Gecko) Chrome/17.0.963.83 Safari/535.11"
209.85.224.93 - - [21/Apr/2012:00:42:52 -0700] "GET /stories/feed HTTP/1.1" 200 13653 "-" "FeedBurner/1.0 (http://www.FeedBurner.com)"
85.17.88.169 - - [21/Apr/2012:00:43:47 -0700] "POST /blog/wp-cron.php?doing_wp_cron=1334993819 HTTP/1.0" 499 0 "-" "WordPress/3.3.1; http://yuvi.in/blog"
209.85.224.86 - - [21/Apr/2012:00:43:47 -0700] "GET /blog/feed HTTP/1.1" 304 0 "-" "FeedBurner/1.0 (http://www.FeedBurner.com)"
123.201.242.236 - - [21/Apr/2012:00:44:30 -0700] "-" 400 0 "-" "-"
122.164.199.250 - - [21/Apr/2012:00:45:02 -0700] "-" 400 0 "-" "-"
85.17.88.169 - - [21/Apr/2012:00:45:12 -0700] "POST /blog/wp-cron.php?doing_wp_cron=1334993904 HTTP/1.0" 499 0 "-" "WordPress/3.3.1; http://yuvi.in/blog"
209.85.238.182 - - [21/Apr/2012:00:45:12 -0700] "GET /blog/feed/ HTTP/1.1" 304 0 "-" "Feedfetcher-Google; (+http://www.google.com/feedfetcher.html; 19 subscribers; feed-id=15064232456473204253)"
14.139.186.162 - - [21/Apr/2012:00:45:27 -0700] "-" 400 0 "-" "-"
117.193.6.99 - - [21/Apr/2012:00:46:15 -0700] "-" 400 0 "-" "-"
117.193.6.99 - - [21/Apr/2012:00:46:15 -0700] "-" 400 0 "-" "-"
117.193.6.99 - - [21/Apr/2012:00:46:15 -0700] "-" 400 0 "-" "-"
117.193.6.99 - - [21/Apr/2012:00:46:15 -0700] "-" 400 0 "-" "-"
117.193.6.99 - - [21/Apr/2012:00:46:15 -0700] "-" 400 0 "-" "-"
122.164.49.186 - - [21/Apr/2012:00:46:26 -0700] "-" 400 0 "-" "-"
117.193.6.99 - - [21/Apr/2012:00:47:35 -0700] "-" 400 0 "-" "-"
117.193.6.99 - - [21/Apr/2012:00:47:35 -0700] "-" 400 0 "-" "-"
117.193.6.99 - - [21/Apr/2012:00:47:35 -0700] "-" 400 0 "-" "-"
117.206.85.8 - - [21/Apr/2012:00:48:47 -0700] "-" 400 0 "-" "-"
117.206.85.8 - - [21/Apr/2012:00:48:47 -0700] "-" 400 0 "-" "-"
117.206.85.8 - - [21/Apr/2012:00:48:47 -0700] "-" 400 0 "-" "-"
117.206.85.8 - - [21/Apr/2012:00:48:47 -0700] "-" 400 0 "-" "-"
117.193.6.99 - - [21/Apr/2012:00:49:15 -0700] "-" 400 0 "-" "-"
117.193.6.99 - - [21/Apr/2012:00:49:15 -0700] "-" 400 0 "-" "-"
85.17.88.169 - - [21/Apr/2012:00:50:23 -0700] "POST /blog/wp-cron.php?doing_wp_cron=1334994216 HTTP/1.0" 499 0 "-" "WordPress/3.3.1; http://yuvi.in/blog"
183.82.65.128 - - [21/Apr/2012:00:50:24 -0700] "GET /blog/feed/ HTTP/1.0" 304 0 "-" "FeedDemon/4.0 (http://www.feeddemon.com/; Microsoft Windows)"
61.16.173.133 - - [21/Apr/2012:00:51:04 -0700] "-" 400 0 "-" "-"
85.17.88.169 - - [21/Apr/2012:00:56:00 -0700] "POST /blog/wp-cron.php?doing_wp_cron=1334994552 HTTP/1.0" 499 0 "-" "WordPress/3.3.1; http://yuvi.in/blog"
67.180.188.51 - - [21/Apr/2012:00:56:00 -0700] "GET /blog/ HTTP/1.1" 200 9194 "http://www.google.com/search?hl=en&redir_esc=&client=ms-android-verizon&source=android-browser-goto&v=133247963&qsubts=1334994446843&action=devloc&q=python+pandas+memcache&v=133247963" "Mozilla/5.0 (Linux; U; Android 2.3.4; en-us; pcdadr6350 Build/GRJ22) AppleWebKit/533.1 (KHTML, like Gecko) Version/4.0 Mobile Safari/533.1"
67.180.188.51 - - [21/Apr/2012:00:56:01 -0700] "GET /blog/wp-content/themes/cleanr/js/jquery.dropdown.js?ver=3.3.1 HTTP/1.1" 200 535 "http://yuvi.in/blog/" "Mozilla/5.0 (Linux; U; Android 2.3.4; en-us; pcdadr6350 Build/GRJ22) AppleWebKit/533.1 (KHTML, like Gecko) Version/4.0 Mobile Safari/533.1"
67.180.188.51 - - [21/Apr/2012:00:56:01 -0700] "GET /blog/wp-content/themes/cleanr/style.css HTTP/1.1" 200 10508 "http://yuvi.in/blog/" "Mozilla/5.0 (Linux; U; Android 2.3.4; en-us; pcdadr6350 Build/GRJ22) AppleWebKit/533.1 (KHTML, like Gecko) Version/4.0 Mobile Safari/533.1"
67.180.188.51 - - [21/Apr/2012:00:56:01 -0700] "GET /blog/wp-content/themes/cleanr/css/960.css HTTP/1.1" 200 3628 "http://yuvi.in/blog/" "Mozilla/5.0 (Linux; U; Android 2.3.4; en-us; pcdadr6350 Build/GRJ22) AppleWebKit/533.1 (KHTML, like Gecko) Version/4.0 Mobile Safari/533.1"
67.180.188.51 - - [21/Apr/2012:00:56:01 -0700] "GET /blog/wp-content/themes/cleanr/css/reset.css HTTP/1.1" 200 648 "http://yuvi.in/blog/" "Mozilla/5.0 (Linux; U; Android 2.3.4; en-us; pcdadr6350 Build/GRJ22) AppleWebKit/533.1 (KHTML, like Gecko) Version/4.0 Mobile Safari/533.1"
67.180.188.51 - - [21/Apr/2012:00:56:01 -0700] "GET /blog/wp-content/themes/cleanr/css/text.css HTTP/1.1" 200 420 "http://yuvi.in/blog/" "Mozilla/5.0 (Linux; U; Android 2.3.4; en-us; pcdadr6350 Build/GRJ22) AppleWebKit/533.1 (KHTML, like Gecko) Version/4.0 Mobile Safari/533.1"
67.180.188.51 - - [21/Apr/2012:00:56:01 -0700] "GET /blog/wp-includes/js/jquery/jquery.js?ver=1.7.1 HTTP/1.1" 200 93889 "http://yuvi.in/blog/" "Mozilla/5.0 (Linux; U; Android 2.3.4; en-us; pcdadr6350 Build/GRJ22) AppleWebKit/533.1 (KHTML, like Gecko) Version/4.0 Mobile Safari/533.1"
67.180.188.51 - - [21/Apr/2012:00:56:02 -0700] "GET /blog/wp-content/themes/cleanr/images/search_magnifier.gif HTTP/1.1" 200 394 "http://yuvi.in/blog/" "Mozilla/5.0 (Linux; U; Android 2.3.4; en-us; pcdadr6350 Build/GRJ22) AppleWebKit/533.1 (KHTML, like Gecko) Version/4.0 Mobile Safari/533.1"
67.180.188.51 - - [21/Apr/2012:00:56:02 -0700] "GET /favicon.ico HTTP/1.1" 404 142 "http://yuvi.in/blog/" "Mozilla/5.0 (Linux; U; Android 2.3.4; en-us; pcdadr6350 Build/GRJ22) AppleWebKit/533.1 (KHTML, like Gecko) Version/4.0 Mobile Safari/533.1"
77.20.154.156 - - [21/Apr/2012:00:57:21 -0700] "GET /blog/about-me.html HTTP/1.1" 200 6863 "-" "findlinks/2.0.2 (+http://wortschatz.uni-leipzig.de/findlinks/)"
117.193.39.112 - - [21/Apr/2012:00:57:36 -0700] "-" 400 0 "-" "-"
117.193.39.112 - - [21/Apr/2012:00:57:36 -0700] "-" 400 0 "-" "-"
85.17.88.169 - - [21/Apr/2012:00:58:51 -0700] "POST /blog/wp-cron.php?doing_wp_cron=1334994723 HTTP/1.0" 499 0 "-" "WordPress/3.3.1; http://yuvi.in/blog"
180.76.6.37 - - [21/Apr/2012:00:58:51 -0700] "GET /blog/what-stop-child-athiest/ HTTP/1.1" 200 6093 "-" "Mozilla/5.0 (compatible; Baiduspider/2.0; +http://www.baidu.com/search/spider.html)"
85.17.88.169 - - [21/Apr/2012:00:59:09 -0700] "POST /blog/wp-cron.php?doing_wp_cron=1334994741 HTTP/1.0" 499 0 "-" "WordPress/3.3.1; http://yuvi.in/blog"
66.249.73.219 - - [21/Apr/2012:00:59:09 -0700] "GET /blog/broke-nonexistent-law/ HTTP/1.1" 200 9587 "-" "Mozilla/5.0 (compatible; Googlebot/2.1; +http://www.google.com/bot.html)"
117.193.39.112 - - [21/Apr/2012:00:59:46 -0700] "-" 400 0 "-" "-"
117.193.6.99 - - [21/Apr/2012:01:02:25 -0700] "-" 400 0 "-" "-"
184.72.46.160 - - [21/Apr/2012:01:02:34 -0700] "GET /r/352o HTTP/1.1" 301 257 "-" "RockMeltEmbedService"
184.72.46.160 - - [21/Apr/2012:01:02:34 -0700] "GET /s/ta/352o/ HTTP/1.1" 302 741 "-" "RockMeltEmbedService"
101.221.85.18 - - [21/Apr/2012:01:04:14 -0700] "GET / HTTP/1.1" 200 1430 "-" "Reeder/1000.09.00 CFNetwork/454.12.4 Darwin/10.8.0 (i386) (MacBookPro7%2C1)"
101.221.85.18 - - [21/Apr/2012:01:04:14 -0700] "GET /favicon.ico HTTP/1.1" 404 142 "-" "Reeder/1000.09.00 CFNetwork/454.12.4 Darwin/10.8.0 (i386) (MacBookPro7%2C1)"
101.221.85.18 - - [21/Apr/2012:01:04:14 -0700] "GET / HTTP/1.1" 200 1430 "-" "Reeder/1000.09.00 CFNetwork/454.12.4 Darwin/10.8.0 (i386) (MacBookPro7%2C1)"
101.221.85.18 - - [21/Apr/2012:01:04:15 -0700] "GET /apple-touch-icon.png HTTP/1.1" 404 142 "-" "Reeder/1000.09.00 CFNetwork/454.12.4 Darwin/10.8.0 (i386) (MacBookPro7%2C1)"
101.221.85.18 - - [21/Apr/2012:01:04:15 -0700] "GET /apple-touch-icon-precomposed.png HTTP/1.1" 404 142 "-" "Reeder/1000.09.00 CFNetwork/454.12.4 Darwin/10.8.0 (i386) (MacBookPro7%2C1)"
