117.213.36.23 - - [03/Apr/2012:07:27:26 -0700] "-" 400 0 "-" "-"
117.213.36.23 - - [03/Apr/2012:07:27:26 -0700] "-" 400 0 "-" "-"
117.213.36.23 - - [03/Apr/2012:07:27:26 -0700] "-" 400 0 "-" "-"
117.213.36.23 - - [03/Apr/2012:07:27:26 -0700] "-" 400 0 "-" "-"
117.213.36.23 - - [03/Apr/2012:07:27:26 -0700] "-" 400 0 "-" "-"
117.213.36.23 - - [03/Apr/2012:07:27:26 -0700] "-" 400 0 "-" "-"
117.213.92.77 - - [03/Apr/2012:07:27:28 -0700] "-" 400 0 "-" "-"
184.191.224.10 - - [03/Apr/2012:07:27:38 -0700] "GET / HTTP/1.1" 200 1430 "-" "Caffeinated/1.1.1 CFNetwork/520.3.2 Darwin/11.3.0 (x86_64) (MacBookPro8%2C1)"
184.191.224.10 - - [03/Apr/2012:07:27:38 -0700] "GET /favicon.ico HTTP/1.1" 404 142 "-" "Caffeinated/1.1.1 CFNetwork/520.3.2 Darwin/11.3.0 (x86_64) (MacBookPro8%2C1)"
117.213.36.23 - - [03/Apr/2012:07:28:06 -0700] "-" 400 0 "-" "-"
223.234.38.142 - - [03/Apr/2012:07:28:24 -0700] "-" 400 0 "-" "-"
184.191.224.10 - - [03/Apr/2012:07:28:35 -0700] "GET / HTTP/1.1" 200 1430 "-" "Caffeinated/1.1.1 CFNetwork/520.3.2 Darwin/11.3.0 (x86_64) (MacBookPro8%2C1)"
184.191.224.10 - - [03/Apr/2012:07:28:35 -0700] "GET /favicon.ico HTTP/1.1" 404 142 "-" "Caffeinated/1.1.1 CFNetwork/520.3.2 Darwin/11.3.0 (x86_64) (MacBookPro8%2C1)"
223.235.156.200 - - [03/Apr/2012:07:28:49 -0700] "GET /16/47391/30365.png HTTP/1.1" 404 142 "http://busroutes.in/chennai/path/1868/1929/" "Opera/9.80 (Windows NT 6.1; U; Edition Indian Local; en) Presto/2.10.229 Version/11.61"
184.191.224.10 - - [03/Apr/2012:07:29:04 -0700] "GET / HTTP/1.1" 200 1430 "-" "Caffeinated/1.1.1 CFNetwork/520.3.2 Darwin/11.3.0 (x86_64) (MacBookPro8%2C1)"
184.191.224.10 - - [03/Apr/2012:07:29:04 -0700] "GET /favicon.ico HTTP/1.1" 404 142 "-" "Caffeinated/1.1.1 CFNetwork/520.3.2 Darwin/11.3.0 (x86_64) (MacBookPro8%2C1)"
184.191.224.10 - - [03/Apr/2012:07:30:05 -0700] "GET / HTTP/1.1" 200 1430 "-" "Caffeinated/1.1.1 CFNetwork/520.3.2 Darwin/11.3.0 (x86_64) (MacBookPro8%2C1)"
184.191.224.10 - - [03/Apr/2012:07:30:05 -0700] "GET /favicon.ico HTTP/1.1" 404 142 "-" "Caffeinated/1.1.1 CFNetwork/520.3.2 Darwin/11.3.0 (x86_64) (MacBookPro8%2C1)"
184.191.224.10 - - [03/Apr/2012:07:30:31 -0700] "GET / HTTP/1.1" 200 1430 "-" "Caffeinated/1.1.1 CFNetwork/520.3.2 Darwin/11.3.0 (x86_64) (MacBookPro8%2C1)"
184.191.224.10 - - [03/Apr/2012:07:30:31 -0700] "GET /favicon.ico HTTP/1.1" 404 142 "-" "Caffeinated/1.1.1 CFNetwork/520.3.2 Darwin/11.3.0 (x86_64) (MacBookPro8%2C1)"
117.213.92.77 - - [03/Apr/2012:07:31:12 -0700] "-" 400 0 "-" "-"
117.213.92.77 - - [03/Apr/2012:07:31:12 -0700] "-" 400 0 "-" "-"
223.236.89.38 - - [03/Apr/2012:07:31:22 -0700] "GET /r/33y0 HTTP/1.1" 301 257 "-" "Mozilla/5.0 (Linux; U; Android 2.3.3; en-gb; GT-I9100 Build/GINGERBREAD) AppleWebKit/533.1 (KHTML, like Gecko) Version/4.0 Mobile Safari/533.1"
223.236.89.38 - - [03/Apr/2012:07:31:23 -0700] "GET /s/ta/33y0/ HTTP/1.1" 302 609 "-" "Mozilla/5.0 (Linux; U; Android 2.3.3; en-gb; GT-I9100 Build/GINGERBREAD) AppleWebKit/533.1 (KHTML, like Gecko) Version/4.0 Mobile Safari/533.1"
85.17.88.169 - - [03/Apr/2012:07:31:25 -0700] "POST /blog/wp-cron.php?doing_wp_cron=1333463219 HTTP/1.0" 499 0 "-" "WordPress/3.3.1; http://yuvi.in/blog"
184.191.224.10 - - [03/Apr/2012:07:31:30 -0700] "GET / HTTP/1.1" 200 1430 "-" "Caffeinated/1.1.1 CFNetwork/520.3.2 Darwin/11.3.0 (x86_64) (MacBookPro8%2C1)"
184.191.224.10 - - [03/Apr/2012:07:31:30 -0700] "GET /favicon.ico HTTP/1.1" 404 142 "-" "Caffeinated/1.1.1 CFNetwork/520.3.2 Darwin/11.3.0 (x86_64) (MacBookPro8%2C1)"
209.117.161.166 - - [03/Apr/2012:07:31:31 -0700] "GET /blog/2010/06/ HTTP/1.1" 200 20528 "-" "-"
203.153.223.75 - - [03/Apr/2012:07:31:35 -0700] "GET /r/1va HTTP/1.1" 301 255 "-" "SonyEricssonJ20i/R7CA Browser/NetFront/3.5 Profile/MIDP-2.1 Configuration/CLDC-1.1 JavaPlatform/JP-8.5.2"
203.153.223.75 - - [03/Apr/2012:07:31:36 -0700] "GET /s/ta/1va/ HTTP/1.1" 302 409 "-" "SonyEricssonJ20i/R7CA Browser/NetFront/3.5 Profile/MIDP-2.1 Configuration/CLDC-1.1 JavaPlatform/JP-8.5.2"
184.191.224.10 - - [03/Apr/2012:07:32:01 -0700] "GET / HTTP/1.1" 200 1430 "-" "Caffeinated/1.1.1 CFNetwork/520.3.2 Darwin/11.3.0 (x86_64) (MacBookPro8%2C1)"
184.191.224.10 - - [03/Apr/2012:07:32:01 -0700] "GET /favicon.ico HTTP/1.1" 404 142 "-" "Caffeinated/1.1.1 CFNetwork/520.3.2 Darwin/11.3.0 (x86_64) (MacBookPro8%2C1)"
202.75.192.195 - - [03/Apr/2012:07:32:32 -0700] "GET / HTTP/1.1" 200 1430 "-" "Mozilla/5.0 (Windows NT 5.1; rv:11.0) Gecko/20100101 Firefox/11.0"
202.75.192.195 - - [03/Apr/2012:07:32:32 -0700] "GET /blueprint/screen.css HTTP/1.1" 200 12058 "http://yuvi.in/" "Mozilla/5.0 (Windows NT 5.1; rv:11.0) Gecko/20100101 Firefox/11.0"
202.75.192.195 - - [03/Apr/2012:07:32:32 -0700] "GET /blueprint/print.css HTTP/1.1" 200 1284 "http://yuvi.in/" "Mozilla/5.0 (Windows NT 5.1; rv:11.0) Gecko/20100101 Firefox/11.0"
202.75.192.195 - - [03/Apr/2012:07:32:32 -0700] "GET /header.png HTTP/1.1" 200 14249 "http://yuvi.in/" "Mozilla/5.0 (Windows NT 5.1; rv:11.0) Gecko/20100101 Firefox/11.0"
202.75.192.195 - - [03/Apr/2012:07:32:36 -0700] "GET /favicon.ico HTTP/1.1" 404 142 "-" "Mozilla/5.0 (Windows NT 5.1; rv:11.0) Gecko/20100101 Firefox/11.0"
202.75.192.195 - - [03/Apr/2012:07:32:51 -0700] "GET /blog HTTP/1.1" 301 178 "http://yuvi.in/" "Mozilla/5.0 (Windows NT 5.1; rv:11.0) Gecko/20100101 Firefox/11.0"
202.75.192.195 - - [03/Apr/2012:07:32:52 -0700] "GET /blog/ HTTP/1.1" 200 9193 "http://yuvi.in/" "Mozilla/5.0 (Windows NT 5.1; rv:11.0) Gecko/20100101 Firefox/11.0"
202.75.192.195 - - [03/Apr/2012:07:32:52 -0700] "GET /blog/wp-content/themes/cleanr/style.css HTTP/1.1" 200 10508 "http://yuvi.in/blog/" "Mozilla/5.0 (Windows NT 5.1; rv:11.0) Gecko/20100101 Firefox/11.0"
202.75.192.195 - - [03/Apr/2012:07:32:53 -0700] "GET /blog/wp-content/themes/cleanr/js/jquery.dropdown.js?ver=3.3.1 HTTP/1.1" 200 535 "http://yuvi.in/blog/" "Mozilla/5.0 (Windows NT 5.1; rv:11.0) Gecko/20100101 Firefox/11.0"
202.75.192.195 - - [03/Apr/2012:07:32:53 -0700] "GET /blog/wp-content/themes/cleanr/css/reset.css HTTP/1.1" 200 648 "http://yuvi.in/blog/wp-content/themes/cleanr/style.css" "Mozilla/5.0 (Windows NT 5.1; rv:11.0) Gecko/20100101 Firefox/11.0"
202.75.192.195 - - [03/Apr/2012:07:32:53 -0700] "GET /blog/wp-content/themes/cleanr/css/960.css HTTP/1.1" 200 3628 "http://yuvi.in/blog/wp-content/themes/cleanr/style.css" "Mozilla/5.0 (Windows NT 5.1; rv:11.0) Gecko/20100101 Firefox/11.0"
202.75.192.195 - - [03/Apr/2012:07:32:53 -0700] "GET /blog/wp-content/themes/cleanr/css/text.css HTTP/1.1" 200 420 "http://yuvi.in/blog/wp-content/themes/cleanr/style.css" "Mozilla/5.0 (Windows NT 5.1; rv:11.0) Gecko/20100101 Firefox/11.0"
202.75.192.195 - - [03/Apr/2012:07:32:54 -0700] "GET /blog/wp-includes/js/jquery/jquery.js?ver=1.7.1 HTTP/1.1" 200 93889 "http://yuvi.in/blog/" "Mozilla/5.0 (Windows NT 5.1; rv:11.0) Gecko/20100101 Firefox/11.0"
202.75.192.195 - - [03/Apr/2012:07:32:55 -0700] "GET /blog/wp-content/themes/cleanr/images/search_magnifier.gif HTTP/1.1" 200 394 "http://yuvi.in/blog/" "Mozilla/5.0 (Windows NT 5.1; rv:11.0) Gecko/20100101 Firefox/11.0"
184.191.224.10 - - [03/Apr/2012:07:32:59 -0700] "GET / HTTP/1.1" 200 1430 "-" "Caffeinated/1.1.1 CFNetwork/520.3.2 Darwin/11.3.0 (x86_64) (MacBookPro8%2C1)"
184.191.224.10 - - [03/Apr/2012:07:33:00 -0700] "GET /favicon.ico HTTP/1.1" 404 142 "-" "Caffeinated/1.1.1 CFNetwork/520.3.2 Darwin/11.3.0 (x86_64) (MacBookPro8%2C1)"
14.96.143.208 - - [03/Apr/2012:07:33:19 -0700] "-" 400 0 "-" "-"
184.191.224.10 - - [03/Apr/2012:07:33:28 -0700] "GET / HTTP/1.1" 200 1430 "-" "Caffeinated/1.1.1 CFNetwork/520.3.2 Darwin/11.3.0 (x86_64) (MacBookPro8%2C1)"
184.191.224.10 - - [03/Apr/2012:07:33:28 -0700] "GET /favicon.ico HTTP/1.1" 404 142 "-" "Caffeinated/1.1.1 CFNetwork/520.3.2 Darwin/11.3.0 (x86_64) (MacBookPro8%2C1)"
184.191.224.10 - - [03/Apr/2012:07:34:26 -0700] "GET / HTTP/1.1" 200 1430 "-" "Caffeinated/1.1.1 CFNetwork/520.3.2 Darwin/11.3.0 (x86_64) (MacBookPro8%2C1)"
184.191.224.10 - - [03/Apr/2012:07:34:26 -0700] "GET /favicon.ico HTTP/1.1" 404 142 "-" "Caffeinated/1.1.1 CFNetwork/520.3.2 Darwin/11.3.0 (x86_64) (MacBookPro8%2C1)"
14.96.143.208 - - [03/Apr/2012:07:34:29 -0700] "-" 400 0 "-" "-"
184.191.224.10 - - [03/Apr/2012:07:34:51 -0700] "GET / HTTP/1.1" 200 1430 "-" "Caffeinated/1.1.1 CFNetwork/520.3.2 Darwin/11.3.0 (x86_64) (MacBookPro8%2C1)"
184.191.224.10 - - [03/Apr/2012:07:34:52 -0700] "GET /favicon.ico HTTP/1.1" 404 142 "-" "Caffeinated/1.1.1 CFNetwork/520.3.2 Darwin/11.3.0 (x86_64) (MacBookPro8%2C1)"
85.17.88.169 - - [03/Apr/2012:07:34:58 -0700] "POST /blog/wp-cron.php?doing_wp_cron=1333463432 HTTP/1.0" 499 0 "-" "WordPress/3.3.1; http://yuvi.in/blog"
209.85.238.244 - - [03/Apr/2012:07:34:59 -0700] "GET /blog/feed HTTP/1.1" 301 0 "-" "Feedfetcher-Google; (+http://www.google.com/feedfetcher.html; 3 subscribers; feed-id=17684830852112633560)"
85.17.88.169 - - [03/Apr/2012:07:35:01 -0700] "POST /blog/wp-cron.php?doing_wp_cron=1333463435 HTTP/1.0" 499 0 "-" "WordPress/3.3.1; http://yuvi.in/blog"
202.75.192.195 - - [03/Apr/2012:07:35:01 -0700] "GET /blog/index.html HTTP/1.1" 404 3016 "http://yuvi.in/blog/" "Mozilla/5.0 (Windows NT 5.1; rv:11.0) Gecko/20100101 Firefox/11.0"
209.85.238.244 - - [03/Apr/2012:07:35:01 -0700] "GET /blog/feed/ HTTP/1.1" 304 0 "-" "Feedfetcher-Google; (+http://www.google.com/feedfetcher.html; 3 subscribers; feed-id=17684830852112633560)"
85.17.88.169 - - [03/Apr/2012:07:35:14 -0700] "POST /blog/wp-cron.php?doing_wp_cron=1333463448 HTTP/1.0" 499 0 "-" "WordPress/3.3.1; http://yuvi.in/blog"
209.117.161.166 - - [03/Apr/2012:07:35:19 -0700] "GET /blog/tag/devlog-dec-2011/ HTTP/1.1" 200 15972 "-" "-"
14.96.143.208 - - [03/Apr/2012:07:35:29 -0700] "-" 400 0 "-" "-"
184.191.224.10 - - [03/Apr/2012:07:35:51 -0700] "GET / HTTP/1.1" 200 1430 "-" "Caffeinated/1.1.1 CFNetwork/520.3.2 Darwin/11.3.0 (x86_64) (MacBookPro8%2C1)"
184.191.224.10 - - [03/Apr/2012:07:35:52 -0700] "GET /favicon.ico HTTP/1.1" 404 142 "-" "Caffeinated/1.1.1 CFNetwork/520.3.2 Darwin/11.3.0 (x86_64) (MacBookPro8%2C1)"
184.191.224.10 - - [03/Apr/2012:07:36:15 -0700] "GET / HTTP/1.1" 200 1430 "-" "Caffeinated/1.1.1 CFNetwork/520.3.2 Darwin/11.3.0 (x86_64) (MacBookPro8%2C1)"
184.191.224.10 - - [03/Apr/2012:07:36:15 -0700] "GET /favicon.ico HTTP/1.1" 404 142 "-" "Caffeinated/1.1.1 CFNetwork/520.3.2 Darwin/11.3.0 (x86_64) (MacBookPro8%2C1)"
123.125.71.16 - - [03/Apr/2012:07:36:41 -0700] "GET / HTTP/1.1" 200 3439 "-" "Mozilla/5.0 (compatible; Baiduspider/2.0; +http://www.baidu.com/search/spider.html)"
14.96.143.208 - - [03/Apr/2012:07:36:59 -0700] "-" 400 0 "-" "-"
122.164.153.102 - - [03/Apr/2012:07:37:01 -0700] "-" 400 0 "-" "-"
184.191.224.10 - - [03/Apr/2012:07:37:12 -0700] "GET / HTTP/1.1" 200 1430 "-" "Caffeinated/1.1.1 CFNetwork/520.3.2 Darwin/11.3.0 (x86_64) (MacBookPro8%2C1)"
184.191.224.10 - - [03/Apr/2012:07:37:12 -0700] "GET /favicon.ico HTTP/1.1" 404 142 "-" "Caffeinated/1.1.1 CFNetwork/520.3.2 Darwin/11.3.0 (x86_64) (MacBookPro8%2C1)"
220.181.108.85 - - [03/Apr/2012:07:37:16 -0700] "GET / HTTP/1.1" 200 3439 "-" "Mozilla/5.0 (compatible; Baiduspider/2.0; +http://www.baidu.com/search/spider.html)"
184.191.224.10 - - [03/Apr/2012:07:37:45 -0700] "GET / HTTP/1.1" 200 1430 "-" "Caffeinated/1.1.1 CFNetwork/520.3.2 Darwin/11.3.0 (x86_64) (MacBookPro8%2C1)"
184.191.224.10 - - [03/Apr/2012:07:37:46 -0700] "GET /favicon.ico HTTP/1.1" 404 142 "-" "Caffeinated/1.1.1 CFNetwork/520.3.2 Darwin/11.3.0 (x86_64) (MacBookPro8%2C1)"
122.164.153.102 - - [03/Apr/2012:07:38:03 -0700] "-" 400 0 "-" "-"
184.191.224.10 - - [03/Apr/2012:07:38:39 -0700] "GET / HTTP/1.1" 200 1430 "-" "Caffeinated/1.1.1 CFNetwork/520.3.2 Darwin/11.3.0 (x86_64) (MacBookPro8%2C1)"
184.191.224.10 - - [03/Apr/2012:07:38:39 -0700] "GET /favicon.ico HTTP/1.1" 404 142 "-" "Caffeinated/1.1.1 CFNetwork/520.3.2 Darwin/11.3.0 (x86_64) (MacBookPro8%2C1)"
184.191.224.10 - - [03/Apr/2012:07:39:05 -0700] "GET / HTTP/1.1" 200 1430 "-" "Caffeinated/1.1.1 CFNetwork/520.3.2 Darwin/11.3.0 (x86_64) (MacBookPro8%2C1)"
184.191.224.10 - - [03/Apr/2012:07:39:06 -0700] "GET /favicon.ico HTTP/1.1" 404 142 "-" "Caffeinated/1.1.1 CFNetwork/520.3.2 Darwin/11.3.0 (x86_64) (MacBookPro8%2C1)"
184.191.224.10 - - [03/Apr/2012:07:40:09 -0700] "GET / HTTP/1.1" 200 1430 "-" "Caffeinated/1.1.1 CFNetwork/520.3.2 Darwin/11.3.0 (x86_64) (MacBookPro8%2C1)"
184.191.224.10 - - [03/Apr/2012:07:40:09 -0700] "GET /favicon.ico HTTP/1.1" 404 142 "-" "Caffeinated/1.1.1 CFNetwork/520.3.2 Darwin/11.3.0 (x86_64) (MacBookPro8%2C1)"
117.202.88.205 - - [03/Apr/2012:07:40:14 -0700] "-" 400 0 "-" "-"
157.55.112.203 - - [03/Apr/2012:07:40:34 -0700] "-" 400 0 "-" "-"
157.55.112.203 - - [03/Apr/2012:07:40:35 -0700] "-" 400 0 "-" "-"
157.55.112.203 - - [03/Apr/2012:07:40:35 -0700] "-" 400 0 "-" "-"
157.55.112.203 - - [03/Apr/2012:07:40:35 -0700] "-" 400 0 "-" "-"
184.191.224.10 - - [03/Apr/2012:07:40:35 -0700] "GET / HTTP/1.1" 200 1430 "-" "Caffeinated/1.1.1 CFNetwork/520.3.2 Darwin/11.3.0 (x86_64) (MacBookPro8%2C1)"
184.191.224.10 - - [03/Apr/2012:07:40:36 -0700] "GET /favicon.ico HTTP/1.1" 404 142 "-" "Caffeinated/1.1.1 CFNetwork/520.3.2 Darwin/11.3.0 (x86_64) (MacBookPro8%2C1)"
157.55.112.203 - - [03/Apr/2012:07:40:36 -0700] "-" 400 0 "-" "-"
157.55.112.203 - - [03/Apr/2012:07:40:36 -0700] "-" 400 0 "-" "-"
157.55.112.203 - - [03/Apr/2012:07:40:36 -0700] "-" 400 0 "-" "-"
157.55.112.203 - - [03/Apr/2012:07:40:36 -0700] "-" 400 0 "-" "-"
157.55.112.203 - - [03/Apr/2012:07:40:36 -0700] "-" 400 0 "-" "-"
157.55.112.203 - - [03/Apr/2012:07:40:36 -0700] "-" 400 0 "-" "-"
117.202.88.205 - - [03/Apr/2012:07:41:14 -0700] "-" 400 0 "-" "-"
117.202.88.205 - - [03/Apr/2012:07:41:34 -0700] "-" 400 0 "-" "-"
184.191.224.10 - - [03/Apr/2012:07:41:44 -0700] "GET / HTTP/1.1" 200 1430 "-" "Caffeinated/1.1.1 CFNetwork/520.3.2 Darwin/11.3.0 (x86_64) (MacBookPro8%2C1)"
184.191.224.10 - - [03/Apr/2012:07:41:44 -0700] "GET /favicon.ico HTTP/1.1" 404 142 "-" "Caffeinated/1.1.1 CFNetwork/520.3.2 Darwin/11.3.0 (x86_64) (MacBookPro8%2C1)"
184.191.224.10 - - [03/Apr/2012:07:42:05 -0700] "GET / HTTP/1.1" 200 1430 "-" "Caffeinated/1.1.1 CFNetwork/520.3.2 Darwin/11.3.0 (x86_64) (MacBookPro8%2C1)"
184.191.224.10 - - [03/Apr/2012:07:42:05 -0700] "GET /favicon.ico HTTP/1.1" 404 142 "-" "Caffeinated/1.1.1 CFNetwork/520.3.2 Darwin/11.3.0 (x86_64) (MacBookPro8%2C1)"
15.219.201.69 - - [03/Apr/2012:07:42:19 -0700] "GET /favicon.ico HTTP/1.1" 404 211 "-" "Mozilla/5.0 (Windows NT 6.0; rv:11.0) Gecko/20100101 Firefox/11.0"
184.191.224.10 - - [03/Apr/2012:07:43:03 -0700] "GET / HTTP/1.1" 200 1430 "-" "Caffeinated/1.1.1 CFNetwork/520.3.2 Darwin/11.3.0 (x86_64) (MacBookPro8%2C1)"
184.191.224.10 - - [03/Apr/2012:07:43:04 -0700] "GET /favicon.ico HTTP/1.1" 404 142 "-" "Caffeinated/1.1.1 CFNetwork/520.3.2 Darwin/11.3.0 (x86_64) (MacBookPro8%2C1)"
85.17.88.169 - - [03/Apr/2012:07:43:04 -0700] "POST /blog/wp-cron.php?doing_wp_cron=1333463918 HTTP/1.0" 499 0 "-" "WordPress/3.3.1; http://yuvi.in/blog"
101.226.33.190 - - [03/Apr/2012:07:43:05 -0700] "GET /blog/feed HTTP/1.0" 304 0 "-" "Mozilla/4.0 (compatible; Windows;)"
85.17.88.169 - - [03/Apr/2012:07:43:07 -0700] "POST /blog/wp-cron.php?doing_wp_cron=1333463921 HTTP/1.0" 499 0 "-" "WordPress/3.3.1; http://yuvi.in/blog"
209.85.224.86 - - [03/Apr/2012:07:43:07 -0700] "GET /blog/feed HTTP/1.1" 304 0 "-" "FeedBurner/1.0 (http://www.FeedBurner.com)"
14.99.63.161 - - [03/Apr/2012:07:43:12 -0700] "-" 400 0 "-" "-"
184.191.224.10 - - [03/Apr/2012:07:43:32 -0700] "GET / HTTP/1.1" 200 1430 "-" "Caffeinated/1.1.1 CFNetwork/520.3.2 Darwin/11.3.0 (x86_64) (MacBookPro8%2C1)"
184.191.224.10 - - [03/Apr/2012:07:43:32 -0700] "GET /favicon.ico HTTP/1.1" 404 142 "-" "Caffeinated/1.1.1 CFNetwork/520.3.2 Darwin/11.3.0 (x86_64) (MacBookPro8%2C1)"
115.241.61.69 - - [03/Apr/2012:07:43:46 -0700] "-" 400 0 "-" "-"
85.17.88.169 - - [03/Apr/2012:07:44:04 -0700] "POST /blog/wp-cron.php?doing_wp_cron=1333463978 HTTP/1.0" 499 0 "-" "WordPress/3.3.1; http://yuvi.in/blog"
202.75.192.195 - - [03/Apr/2012:07:44:04 -0700] "GET /blog/college-drop/ HTTP/1.1" 200 4510 "http://yuvi.in/blog/" "Mozilla/5.0 (Windows NT 5.1; rv:11.0) Gecko/20100101 Firefox/11.0"
85.17.88.169 - - [03/Apr/2012:07:44:15 -0700] "POST /blog/wp-cron.php?doing_wp_cron=1333463988 HTTP/1.0" 499 0 "-" "WordPress/3.3.1; http://yuvi.in/blog"
202.75.192.195 - - [03/Apr/2012:07:44:15 -0700] "GET /blog/college-drop/?cf_action=sync_comments&post_id=393 HTTP/1.1" 200 48 "http://yuvi.in/blog/college-drop/" "Mozilla/5.0 (Windows NT 5.1; rv:11.0) Gecko/20100101 Firefox/11.0"
184.191.224.10 - - [03/Apr/2012:07:44:33 -0700] "GET / HTTP/1.1" 200 1430 "-" "Caffeinated/1.1.1 CFNetwork/520.3.2 Darwin/11.3.0 (x86_64) (MacBookPro8%2C1)"
184.191.224.10 - - [03/Apr/2012:07:44:33 -0700] "GET /favicon.ico HTTP/1.1" 404 142 "-" "Caffeinated/1.1.1 CFNetwork/520.3.2 Darwin/11.3.0 (x86_64) (MacBookPro8%2C1)"
184.191.224.10 - - [03/Apr/2012:07:45:03 -0700] "GET / HTTP/1.1" 200 1430 "-" "Caffeinated/1.1.1 CFNetwork/520.3.2 Darwin/11.3.0 (x86_64) (MacBookPro8%2C1)"
184.191.224.10 - - [03/Apr/2012:07:45:03 -0700] "GET /favicon.ico HTTP/1.1" 404 142 "-" "Caffeinated/1.1.1 CFNetwork/520.3.2 Darwin/11.3.0 (x86_64) (MacBookPro8%2C1)"
208.115.111.68 - - [03/Apr/2012:07:45:23 -0700] "GET /robots.txt HTTP/1.1" 404 169 "-" "Mozilla/5.0 (compatible; Ezooms/1.0; ezooms.bot@gmail.com)"
184.191.224.10 - - [03/Apr/2012:07:46:02 -0700] "GET / HTTP/1.1" 200 1430 "-" "Caffeinated/1.1.1 CFNetwork/520.3.2 Darwin/11.3.0 (x86_64) (MacBookPro8%2C1)"
184.191.224.10 - - [03/Apr/2012:07:46:02 -0700] "GET /favicon.ico HTTP/1.1" 404 142 "-" "Caffeinated/1.1.1 CFNetwork/520.3.2 Darwin/11.3.0 (x86_64) (MacBookPro8%2C1)"
69.171.228.246 - - [03/Apr/2012:07:46:03 -0700] "GET /r/15p HTTP/1.1" 301 255 "-" "facebookexternalhit/1.1 (+http://www.facebook.com/externalhit_uatext.php)"
69.171.228.248 - - [03/Apr/2012:07:46:03 -0700] "GET /s/ta/15p/ HTTP/1.1" 302 425 "-" "facebookexternalhit/1.1 (+http://www.facebook.com/externalhit_uatext.php)"
202.91.64.136 - - [03/Apr/2012:07:46:12 -0700] "-" 400 0 "-" "-"
184.191.224.10 - - [03/Apr/2012:07:46:30 -0700] "GET / HTTP/1.1" 200 1430 "-" "Caffeinated/1.1.1 CFNetwork/520.3.2 Darwin/11.3.0 (x86_64) (MacBookPro8%2C1)"
184.191.224.10 - - [03/Apr/2012:07:46:30 -0700] "GET /favicon.ico HTTP/1.1" 404 142 "-" "Caffeinated/1.1.1 CFNetwork/520.3.2 Darwin/11.3.0 (x86_64) (MacBookPro8%2C1)"
184.191.224.10 - - [03/Apr/2012:07:47:27 -0700] "GET / HTTP/1.1" 200 1430 "-" "Caffeinated/1.1.1 CFNetwork/520.3.2 Darwin/11.3.0 (x86_64) (MacBookPro8%2C1)"
184.191.224.10 - - [03/Apr/2012:07:47:27 -0700] "GET /favicon.ico HTTP/1.1" 404 142 "-" "Caffeinated/1.1.1 CFNetwork/520.3.2 Darwin/11.3.0 (x86_64) (MacBookPro8%2C1)"
65.52.0.56 - - [03/Apr/2012:07:47:39 -0700] "GET /r/15p HTTP/1.1" 404 199 "-" "Mozilla/4.0 (compatible; MSIE 7.0; Windows NT 6.0)"
85.17.88.169 - - [03/Apr/2012:07:47:46 -0700] "POST /blog/wp-cron.php?doing_wp_cron=1333464200 HTTP/1.0" 499 0 "-" "WordPress/3.3.1; http://yuvi.in/blog"
209.117.161.166 - - [03/Apr/2012:07:47:52 -0700] "GET /blog/2012/03/ HTTP/1.1" 200 14801 "-" "-"
184.191.224.10 - - [03/Apr/2012:07:47:53 -0700] "GET / HTTP/1.1" 200 1430 "-" "Caffeinated/1.1.1 CFNetwork/520.3.2 Darwin/11.3.0 (x86_64) (MacBookPro8%2C1)"
184.191.224.10 - - [03/Apr/2012:07:47:53 -0700] "GET /favicon.ico HTTP/1.1" 404 142 "-" "Caffeinated/1.1.1 CFNetwork/520.3.2 Darwin/11.3.0 (x86_64) (MacBookPro8%2C1)"
14.96.143.208 - - [03/Apr/2012:07:48:29 -0700] "-" 400 0 "-" "-"
14.96.143.208 - - [03/Apr/2012:07:48:39 -0700] "-" 400 0 "-" "-"
14.96.143.208 - - [03/Apr/2012:07:48:39 -0700] "-" 400 0 "-" "-"
14.96.143.208 - - [03/Apr/2012:07:48:39 -0700] "-" 400 0 "-" "-"
117.202.189.180 - - [03/Apr/2012:07:48:41 -0700] "-" 400 0 "-" "-"
117.202.189.180 - - [03/Apr/2012:07:48:41 -0700] "-" 400 0 "-" "-"
184.191.224.10 - - [03/Apr/2012:07:48:48 -0700] "GET / HTTP/1.1" 200 1430 "-" "Caffeinated/1.1.1 CFNetwork/520.3.2 Darwin/11.3.0 (x86_64) (MacBookPro8%2C1)"
184.191.224.10 - - [03/Apr/2012:07:48:48 -0700] "GET /favicon.ico HTTP/1.1" 404 142 "-" "Caffeinated/1.1.1 CFNetwork/520.3.2 Darwin/11.3.0 (x86_64) (MacBookPro8%2C1)"
95.175.87.15 - - [03/Apr/2012:07:49:01 -0700] "GET /r/1uhy HTTP/1.1" 301 257 "http://www.facebook.com/l.php?u=http%3A%2F%2Ftawp.in%2Fr%2F1uhy&h=EAQGXSCMZAQHkqTo7pKaA2gr9vyg2rHQ7TpDsYWsV-Lwv0A" "Mozilla/5.0 (Windows NT 6.1) AppleWebKit/535.19 (KHTML, like Gecko) Chrome/18.0.1025.142 Safari/535.19"
95.175.87.15 - - [03/Apr/2012:07:49:02 -0700] "GET /s/ta/1uhy/ HTTP/1.1" 302 617 "http://www.facebook.com/l.php?u=http%3A%2F%2Ftawp.in%2Fr%2F1uhy&h=EAQGXSCMZAQHkqTo7pKaA2gr9vyg2rHQ7TpDsYWsV-Lwv0A" "Mozilla/5.0 (Windows NT 6.1) AppleWebKit/535.19 (KHTML, like Gecko) Chrome/18.0.1025.142 Safari/535.19"
184.191.224.10 - - [03/Apr/2012:07:49:14 -0700] "GET / HTTP/1.1" 200 1430 "-" "Caffeinated/1.1.1 CFNetwork/520.3.2 Darwin/11.3.0 (x86_64) (MacBookPro8%2C1)"
184.191.224.10 - - [03/Apr/2012:07:49:15 -0700] "GET /favicon.ico HTTP/1.1" 404 142 "-" "Caffeinated/1.1.1 CFNetwork/520.3.2 Darwin/11.3.0 (x86_64) (MacBookPro8%2C1)"
85.17.88.169 - - [03/Apr/2012:07:49:21 -0700] "POST /blog/wp-cron.php?doing_wp_cron=1333464294 HTTP/1.0" 499 0 "-" "WordPress/3.3.1; http://yuvi.in/blog"
85.17.88.169 - - [03/Apr/2012:07:49:21 -0700] "POST /blog/wp-cron.php?doing_wp_cron=1333464294 HTTP/1.0" 499 0 "-" "WordPress/3.3.1; http://yuvi.in/blog"
202.75.192.195 - - [03/Apr/2012:07:49:21 -0700] "GET /blog/tag/code/ HTTP/1.1" 200 8170 "http://yuvi.in/blog/college-drop/" "Mozilla/5.0 (Windows NT 5.1; rv:11.0) Gecko/20100101 Firefox/11.0"
202.75.192.195 - - [03/Apr/2012:07:49:21 -0700] "GET /blog/category/code/ HTTP/1.1" 200 11068 "http://yuvi.in/blog/college-drop/" "Mozilla/5.0 (Windows NT 5.1; rv:11.0) Gecko/20100101 Firefox/11.0"
184.191.224.10 - - [03/Apr/2012:07:50:09 -0700] "GET / HTTP/1.1" 200 1430 "-" "Caffeinated/1.1.1 CFNetwork/520.3.2 Darwin/11.3.0 (x86_64) (MacBookPro8%2C1)"
184.191.224.10 - - [03/Apr/2012:07:50:09 -0700] "GET /favicon.ico HTTP/1.1" 404 142 "-" "Caffeinated/1.1.1 CFNetwork/520.3.2 Darwin/11.3.0 (x86_64) (MacBookPro8%2C1)"
184.191.224.10 - - [03/Apr/2012:07:50:39 -0700] "GET / HTTP/1.1" 200 1430 "-" "Caffeinated/1.1.1 CFNetwork/520.3.2 Darwin/11.3.0 (x86_64) (MacBookPro8%2C1)"
184.191.224.10 - - [03/Apr/2012:07:50:39 -0700] "GET /favicon.ico HTTP/1.1" 404 142 "-" "Caffeinated/1.1.1 CFNetwork/520.3.2 Darwin/11.3.0 (x86_64) (MacBookPro8%2C1)"
223.234.38.142 - - [03/Apr/2012:07:50:55 -0700] "-" 400 0 "-" "-"
85.17.88.169 - - [03/Apr/2012:07:51:04 -0700] "POST /blog/wp-cron.php?doing_wp_cron=1333464397 HTTP/1.0" 499 0 "-" "WordPress/3.3.1; http://yuvi.in/blog"
202.75.192.195 - - [03/Apr/2012:07:51:04 -0700] "GET /blog/category/code/page/2/ HTTP/1.1" 200 14002 "http://yuvi.in/blog/category/code/" "Mozilla/5.0 (Windows NT 5.1; rv:11.0) Gecko/20100101 Firefox/11.0"
184.191.224.10 - - [03/Apr/2012:07:51:38 -0700] "GET / HTTP/1.1" 200 1430 "-" "Caffeinated/1.1.1 CFNetwork/520.3.2 Darwin/11.3.0 (x86_64) (MacBookPro8%2C1)"
184.191.224.10 - - [03/Apr/2012:07:51:38 -0700] "GET /favicon.ico HTTP/1.1" 404 142 "-" "Caffeinated/1.1.1 CFNetwork/520.3.2 Darwin/11.3.0 (x86_64) (MacBookPro8%2C1)"
184.191.224.10 - - [03/Apr/2012:07:52:06 -0700] "GET / HTTP/1.1" 200 1430 "-" "Caffeinated/1.1.1 CFNetwork/520.3.2 Darwin/11.3.0 (x86_64) (MacBookPro8%2C1)"
184.191.224.10 - - [03/Apr/2012:07:52:06 -0700] "GET /favicon.ico HTTP/1.1" 404 142 "-" "Caffeinated/1.1.1 CFNetwork/520.3.2 Darwin/11.3.0 (x86_64) (MacBookPro8%2C1)"
223.234.38.142 - - [03/Apr/2012:07:52:15 -0700] "-" 400 0 "-" "-"
117.213.36.23 - - [03/Apr/2012:07:52:19 -0700] "-" 400 0 "-" "-"
184.191.224.10 - - [03/Apr/2012:07:53:07 -0700] "GET / HTTP/1.1" 200 1430 "-" "Caffeinated/1.1.1 CFNetwork/520.3.2 Darwin/11.3.0 (x86_64) (MacBookPro8%2C1)"
184.191.224.10 - - [03/Apr/2012:07:53:07 -0700] "GET /favicon.ico HTTP/1.1" 404 142 "-" "Caffeinated/1.1.1 CFNetwork/520.3.2 Darwin/11.3.0 (x86_64) (MacBookPro8%2C1)"
85.17.88.169 - - [03/Apr/2012:07:53:23 -0700] "POST /blog/wp-cron.php?doing_wp_cron=1333464537 HTTP/1.0" 499 0 "-" "WordPress/3.3.1; http://yuvi.in/blog"
202.75.192.195 - - [03/Apr/2012:07:53:24 -0700] "GET /blog/category/code/page/3/ HTTP/1.1" 200 8931 "http://yuvi.in/blog/category/code/page/2/" "Mozilla/5.0 (Windows NT 5.1; rv:11.0) Gecko/20100101 Firefox/11.0"
184.191.224.10 - - [03/Apr/2012:07:53:33 -0700] "GET / HTTP/1.1" 200 1430 "-" "Caffeinated/1.1.1 CFNetwork/520.3.2 Darwin/11.3.0 (x86_64) (MacBookPro8%2C1)"
184.191.224.10 - - [03/Apr/2012:07:53:33 -0700] "GET /favicon.ico HTTP/1.1" 404 142 "-" "Caffeinated/1.1.1 CFNetwork/520.3.2 Darwin/11.3.0 (x86_64) (MacBookPro8%2C1)"
59.90.241.249 - - [03/Apr/2012:07:53:39 -0700] "-" 400 0 "-" "-"
59.90.241.249 - - [03/Apr/2012:07:53:39 -0700] "-" 400 0 "-" "-"
59.90.241.249 - - [03/Apr/2012:07:53:39 -0700] "-" 400 0 "-" "-"
59.90.241.249 - - [03/Apr/2012:07:53:39 -0700] "-" 400 0 "-" "-"
184.191.224.10 - - [03/Apr/2012:07:54:33 -0700] "GET / HTTP/1.1" 200 1430 "-" "Caffeinated/1.1.1 CFNetwork/520.3.2 Darwin/11.3.0 (x86_64) (MacBookPro8%2C1)"
184.191.224.10 - - [03/Apr/2012:07:54:33 -0700] "GET /favicon.ico HTTP/1.1" 404 142 "-" "Caffeinated/1.1.1 CFNetwork/520.3.2 Darwin/11.3.0 (x86_64) (MacBookPro8%2C1)"
85.17.88.169 - - [03/Apr/2012:07:54:56 -0700] "POST /blog/wp-cron.php?doing_wp_cron=1333464629 HTTP/1.0" 499 0 "-" "WordPress/3.3.1; http://yuvi.in/blog"
209.85.238.244 - - [03/Apr/2012:07:54:56 -0700] "GET /blog/feed/ HTTP/1.1" 304 0 "-" "Feedfetcher-Google; (+http://www.google.com/feedfetcher.html; 18 subscribers; feed-id=15064232456473204253)"
184.191.224.10 - - [03/Apr/2012:07:55:00 -0700] "GET / HTTP/1.1" 200 1430 "-" "Caffeinated/1.1.1 CFNetwork/520.3.2 Darwin/11.3.0 (x86_64) (MacBookPro8%2C1)"
184.191.224.10 - - [03/Apr/2012:07:55:00 -0700] "GET /favicon.ico HTTP/1.1" 404 142 "-" "Caffeinated/1.1.1 CFNetwork/520.3.2 Darwin/11.3.0 (x86_64) (MacBookPro8%2C1)"
117.213.36.23 - - [03/Apr/2012:07:55:19 -0700] "-" 400 0 "-" "-"
85.17.88.169 - - [03/Apr/2012:07:55:42 -0700] "POST /blog/wp-cron.php?doing_wp_cron=1333464676 HTTP/1.0" 499 0 "-" "WordPress/3.3.1; http://yuvi.in/blog"
66.249.73.27 - - [03/Apr/2012:07:55:43 -0700] "GET /blog/2011/06/13/ HTTP/1.1" 200 4152 "-" "Mozilla/5.0 (compatible; Googlebot/2.1; +http://www.google.com/bot.html)"
14.96.143.208 - - [03/Apr/2012:07:55:49 -0700] "-" 400 0 "-" "-"
184.191.224.10 - - [03/Apr/2012:07:56:03 -0700] "GET / HTTP/1.1" 200 1430 "-" "Caffeinated/1.1.1 CFNetwork/520.3.2 Darwin/11.3.0 (x86_64) (MacBookPro8%2C1)"
184.191.224.10 - - [03/Apr/2012:07:56:03 -0700] "GET /favicon.ico HTTP/1.1" 404 142 "-" "Caffeinated/1.1.1 CFNetwork/520.3.2 Darwin/11.3.0 (x86_64) (MacBookPro8%2C1)"
117.213.36.23 - - [03/Apr/2012:07:56:19 -0700] "-" 400 0 "-" "-"
184.191.224.10 - - [03/Apr/2012:07:56:26 -0700] "GET / HTTP/1.1" 200 1430 "-" "Caffeinated/1.1.1 CFNetwork/520.3.2 Darwin/11.3.0 (x86_64) (MacBookPro8%2C1)"
184.191.224.10 - - [03/Apr/2012:07:56:26 -0700] "GET /favicon.ico HTTP/1.1" 404 142 "-" "Caffeinated/1.1.1 CFNetwork/520.3.2 Darwin/11.3.0 (x86_64) (MacBookPro8%2C1)"
85.17.88.169 - - [03/Apr/2012:07:56:28 -0700] "POST /blog/wp-cron.php?doing_wp_cron=1333464722 HTTP/1.0" 499 0 "-" "WordPress/3.3.1; http://yuvi.in/blog"
202.75.192.195 - - [03/Apr/2012:07:56:28 -0700] "GET /blog/tag/algorithm/ HTTP/1.1" 200 3941 "http://yuvi.in/blog/category/code/page/3/" "Mozilla/5.0 (Windows NT 5.1; rv:11.0) Gecko/20100101 Firefox/11.0"
117.213.36.23 - - [03/Apr/2012:07:56:39 -0700] "-" 400 0 "-" "-"
94.228.34.248 - - [03/Apr/2012:07:56:47 -0700] "GET /blog/ HTTP/1.1" 200 9193 "-" "magpie-crawler/1.1 (U; Linux amd64; en-GB; +http://www.brandwatch.net)"
184.191.224.10 - - [03/Apr/2012:07:57:24 -0700] "GET / HTTP/1.1" 200 1430 "-" "Caffeinated/1.1.1 CFNetwork/520.3.2 Darwin/11.3.0 (x86_64) (MacBookPro8%2C1)"
184.191.224.10 - - [03/Apr/2012:07:57:24 -0700] "GET /favicon.ico HTTP/1.1" 404 142 "-" "Caffeinated/1.1.1 CFNetwork/520.3.2 Darwin/11.3.0 (x86_64) (MacBookPro8%2C1)"
117.213.36.23 - - [03/Apr/2012:07:57:39 -0700] "-" 400 0 "-" "-"
184.191.224.10 - - [03/Apr/2012:07:57:49 -0700] "GET / HTTP/1.1" 200 1430 "-" "Caffeinated/1.1.1 CFNetwork/520.3.2 Darwin/11.3.0 (x86_64) (MacBookPro8%2C1)"
184.191.224.10 - - [03/Apr/2012:07:57:49 -0700] "GET /favicon.ico HTTP/1.1" 404 142 "-" "Caffeinated/1.1.1 CFNetwork/520.3.2 Darwin/11.3.0 (x86_64) (MacBookPro8%2C1)"
208.115.113.84 - - [03/Apr/2012:07:58:47 -0700] "GET /robots.txt HTTP/1.1" 404 169 "-" "Mozilla/5.0 (compatible; Ezooms/1.0; ezooms.bot@gmail.com)"
184.191.224.10 - - [03/Apr/2012:07:58:49 -0700] "GET / HTTP/1.1" 200 1430 "-" "Caffeinated/1.1.1 CFNetwork/520.3.2 Darwin/11.3.0 (x86_64) (MacBookPro8%2C1)"
184.191.224.10 - - [03/Apr/2012:07:58:49 -0700] "GET /favicon.ico HTTP/1.1" 404 142 "-" "Caffeinated/1.1.1 CFNetwork/520.3.2 Darwin/11.3.0 (x86_64) (MacBookPro8%2C1)"
184.191.224.10 - - [03/Apr/2012:07:59:18 -0700] "GET / HTTP/1.1" 200 1430 "-" "Caffeinated/1.1.1 CFNetwork/520.3.2 Darwin/11.3.0 (x86_64) (MacBookPro8%2C1)"
184.191.224.10 - - [03/Apr/2012:07:59:18 -0700] "GET /favicon.ico HTTP/1.1" 404 142 "-" "Caffeinated/1.1.1 CFNetwork/520.3.2 Darwin/11.3.0 (x86_64) (MacBookPro8%2C1)"
14.96.143.208 - - [03/Apr/2012:07:59:39 -0700] "-" 400 0 "-" "-"
85.17.88.169 - - [03/Apr/2012:07:59:44 -0700] "POST /blog/wp-cron.php?doing_wp_cron=1333464917 HTTP/1.0" 499 0 "-" "WordPress/3.3.1; http://yuvi.in/blog"
209.117.161.166 - - [03/Apr/2012:07:59:49 -0700] "GET /blog/tag/crime/ HTTP/1.1" 200 23770 "-" "-"
184.191.224.10 - - [03/Apr/2012:08:00:20 -0700] "GET / HTTP/1.1" 200 1430 "-" "Caffeinated/1.1.1 CFNetwork/520.3.2 Darwin/11.3.0 (x86_64) (MacBookPro8%2C1)"
184.191.224.10 - - [03/Apr/2012:08:00:20 -0700] "GET /favicon.ico HTTP/1.1" 404 142 "-" "Caffeinated/1.1.1 CFNetwork/520.3.2 Darwin/11.3.0 (x86_64) (MacBookPro8%2C1)"
184.191.224.10 - - [03/Apr/2012:08:00:45 -0700] "GET / HTTP/1.1" 200 1430 "-" "Caffeinated/1.1.1 CFNetwork/520.3.2 Darwin/11.3.0 (x86_64) (MacBookPro8%2C1)"
184.191.224.10 - - [03/Apr/2012:08:00:45 -0700] "GET /favicon.ico HTTP/1.1" 404 142 "-" "Caffeinated/1.1.1 CFNetwork/520.3.2 Darwin/11.3.0 (x86_64) (MacBookPro8%2C1)"
2.91.88.151 - - [03/Apr/2012:08:00:46 -0700] "GET /r/1n59 HTTP/1.1" 301 257 "http://ta.wikipedia.org/wiki/%E0%AE%95%E0%AF%81%E0%AE%B0%E0%AF%81%E0%AE%A4%E0%AE%BF%E0%AE%9A%E0%AF%8D%E0%AE%9A%E0%AF%8B%E0%AE%95%E0%AF%88" "Mozilla/5.0 (Windows NT 5.1; rv:11.0) Gecko/20100101 Firefox/11.0"
2.91.88.151 - - [03/Apr/2012:08:00:47 -0700] "GET /s/ta/1n59/ HTTP/1.1" 302 409 "http://ta.wikipedia.org/wiki/%E0%AE%95%E0%AF%81%E0%AE%B0%E0%AF%81%E0%AE%A4%E0%AE%BF%E0%AE%9A%E0%AF%8D%E0%AE%9A%E0%AF%8B%E0%AE%95%E0%AF%88" "Mozilla/5.0 (Windows NT 5.1; rv:11.0) Gecko/20100101 Firefox/11.0"
2.91.88.151 - - [03/Apr/2012:08:00:52 -0700] "-" 400 0 "-" "-"
209.85.228.80 - - [03/Apr/2012:08:01:19 -0700] "GET /favicon.ico HTTP/1.1" 404 211 "-" "-"
117.254.108.84 - - [03/Apr/2012:08:01:21 -0700] "-" 400 0 "-" "-"
14.96.143.208 - - [03/Apr/2012:08:01:39 -0700] "-" 400 0 "-" "-"
14.96.143.208 - - [03/Apr/2012:08:01:39 -0700] "-" 400 0 "-" "-"
14.96.143.208 - - [03/Apr/2012:08:01:39 -0700] "-" 400 0 "-" "-"
14.96.143.208 - - [03/Apr/2012:08:01:39 -0700] "-" 400 0 "-" "-"
184.191.224.10 - - [03/Apr/2012:08:01:43 -0700] "GET / HTTP/1.1" 200 1430 "-" "Caffeinated/1.1.1 CFNetwork/520.3.2 Darwin/11.3.0 (x86_64) (MacBookPro8%2C1)"
184.191.224.10 - - [03/Apr/2012:08:01:44 -0700] "GET /favicon.ico HTTP/1.1" 404 142 "-" "Caffeinated/1.1.1 CFNetwork/520.3.2 Darwin/11.3.0 (x86_64) (MacBookPro8%2C1)"
207.46.12.70 - - [03/Apr/2012:08:02:06 -0700] "-" 400 0 "-" "-"
207.46.12.70 - - [03/Apr/2012:08:02:06 -0700] "-" 400 0 "-" "-"
207.46.12.70 - - [03/Apr/2012:08:02:06 -0700] "-" 400 0 "-" "-"
207.46.12.70 - - [03/Apr/2012:08:02:06 -0700] "-" 400 0 "-" "-"
207.46.12.70 - - [03/Apr/2012:08:02:06 -0700] "-" 400 0 "-" "-"
207.46.12.70 - - [03/Apr/2012:08:02:06 -0700] "-" 400 0 "-" "-"
207.46.12.70 - - [03/Apr/2012:08:02:06 -0700] "-" 400 0 "-" "-"
207.46.12.70 - - [03/Apr/2012:08:02:06 -0700] "-" 400 0 "-" "-"
207.46.12.70 - - [03/Apr/2012:08:02:06 -0700] "-" 400 0 "-" "-"
184.191.224.10 - - [03/Apr/2012:08:02:10 -0700] "GET / HTTP/1.1" 200 1430 "-" "Caffeinated/1.1.1 CFNetwork/520.3.2 Darwin/11.3.0 (x86_64) (MacBookPro8%2C1)"
184.191.224.10 - - [03/Apr/2012:08:02:10 -0700] "GET /favicon.ico HTTP/1.1" 404 142 "-" "Caffeinated/1.1.1 CFNetwork/520.3.2 Darwin/11.3.0 (x86_64) (MacBookPro8%2C1)"
207.46.12.70 - - [03/Apr/2012:08:02:46 -0700] "-" 400 0 "-" "-"
207.46.12.70 - - [03/Apr/2012:08:02:46 -0700] "-" 400 0 "-" "-"
117.213.36.23 - - [03/Apr/2012:08:02:59 -0700] "-" 400 0 "-" "-"
117.213.36.23 - - [03/Apr/2012:08:02:59 -0700] "-" 400 0 "-" "-"
117.213.36.23 - - [03/Apr/2012:08:02:59 -0700] "-" 400 0 "-" "-"
117.213.36.23 - - [03/Apr/2012:08:02:59 -0700] "-" 400 0 "-" "-"
117.213.36.23 - - [03/Apr/2012:08:02:59 -0700] "-" 400 0 "-" "-"
117.213.36.23 - - [03/Apr/2012:08:02:59 -0700] "-" 400 0 "-" "-"
122.164.236.101 - - [03/Apr/2012:08:03:04 -0700] "-" 400 0 "-" "-"
122.164.236.101 - - [03/Apr/2012:08:03:10 -0700] "-" 400 0 "-" "-"
184.191.224.10 - - [03/Apr/2012:08:03:11 -0700] "GET / HTTP/1.1" 200 1430 "-" "Caffeinated/1.1.1 CFNetwork/520.3.2 Darwin/11.3.0 (x86_64) (MacBookPro8%2C1)"
184.191.224.10 - - [03/Apr/2012:08:03:11 -0700] "GET /favicon.ico HTTP/1.1" 404 142 "-" "Caffeinated/1.1.1 CFNetwork/520.3.2 Darwin/11.3.0 (x86_64) (MacBookPro8%2C1)"
117.201.224.255 - - [03/Apr/2012:08:03:28 -0700] "-" 400 0 "-" "-"
184.191.224.10 - - [03/Apr/2012:08:03:40 -0700] "GET / HTTP/1.1" 200 1430 "-" "Caffeinated/1.1.1 CFNetwork/520.3.2 Darwin/11.3.0 (x86_64) (MacBookPro8%2C1)"
184.191.224.10 - - [03/Apr/2012:08:03:40 -0700] "GET /favicon.ico HTTP/1.1" 404 142 "-" "Caffeinated/1.1.1 CFNetwork/520.3.2 Darwin/11.3.0 (x86_64) (MacBookPro8%2C1)"
85.17.88.169 - - [03/Apr/2012:08:04:38 -0700] "POST /blog/wp-cron.php?doing_wp_cron=1333465212 HTTP/1.0" 499 0 "-" "WordPress/3.3.1; http://yuvi.in/blog"
184.191.224.10 - - [03/Apr/2012:08:04:39 -0700] "GET / HTTP/1.1" 200 1430 "-" "Caffeinated/1.1.1 CFNetwork/520.3.2 Darwin/11.3.0 (x86_64) (MacBookPro8%2C1)"
184.191.224.10 - - [03/Apr/2012:08:04:39 -0700] "GET /favicon.ico HTTP/1.1" 404 142 "-" "Caffeinated/1.1.1 CFNetwork/520.3.2 Darwin/11.3.0 (x86_64) (MacBookPro8%2C1)"
209.117.161.166 - - [03/Apr/2012:08:04:44 -0700] "GET /blog/2012/02/ HTTP/1.1" 200 16410 "-" "-"
184.191.224.10 - - [03/Apr/2012:08:05:06 -0700] "GET / HTTP/1.1" 200 1430 "-" "Caffeinated/1.1.1 CFNetwork/520.3.2 Darwin/11.3.0 (x86_64) (MacBookPro8%2C1)"
184.191.224.10 - - [03/Apr/2012:08:05:06 -0700] "GET /favicon.ico HTTP/1.1" 404 142 "-" "Caffeinated/1.1.1 CFNetwork/520.3.2 Darwin/11.3.0 (x86_64) (MacBookPro8%2C1)"
69.171.234.3 - - [03/Apr/2012:08:05:14 -0700] "GET /r/tpn HTTP/1.1" 301 255 "-" "facebookexternalhit/1.1 (+http://www.facebook.com/externalhit_uatext.php)"
69.171.234.3 - - [03/Apr/2012:08:05:14 -0700] "GET /s/ta/tpn/ HTTP/1.1" 302 265 "-" "facebookexternalhit/1.1 (+http://www.facebook.com/externalhit_uatext.php)"
184.191.224.10 - - [03/Apr/2012:08:06:07 -0700] "GET / HTTP/1.1" 200 1430 "-" "Caffeinated/1.1.1 CFNetwork/520.3.2 Darwin/11.3.0 (x86_64) (MacBookPro8%2C1)"
184.191.224.10 - - [03/Apr/2012:08:06:07 -0700] "GET /favicon.ico HTTP/1.1" 404 142 "-" "Caffeinated/1.1.1 CFNetwork/520.3.2 Darwin/11.3.0 (x86_64) (MacBookPro8%2C1)"
66.220.149.248 - - [03/Apr/2012:08:06:23 -0700] "GET /r/252 HTTP/1.1" 301 255 "-" "facebookexternalhit/1.1 (+http://www.facebook.com/externalhit_uatext.php)"
66.220.149.245 - - [03/Apr/2012:08:06:23 -0700] "GET /s/ta/252/ HTTP/1.1" 302 461 "-" "facebookexternalhit/1.1 (+http://www.facebook.com/externalhit_uatext.php)"
184.191.224.10 - - [03/Apr/2012:08:06:34 -0700] "GET / HTTP/1.1" 200 1430 "-" "Caffeinated/1.1.1 CFNetwork/520.3.2 Darwin/11.3.0 (x86_64) (MacBookPro8%2C1)"
184.191.224.10 - - [03/Apr/2012:08:06:34 -0700] "GET /favicon.ico HTTP/1.1" 404 142 "-" "Caffeinated/1.1.1 CFNetwork/520.3.2 Darwin/11.3.0 (x86_64) (MacBookPro8%2C1)"
184.191.224.10 - - [03/Apr/2012:08:07:34 -0700] "GET / HTTP/1.1" 200 1430 "-" "Caffeinated/1.1.1 CFNetwork/520.3.2 Darwin/11.3.0 (x86_64) (MacBookPro8%2C1)"
184.191.224.10 - - [03/Apr/2012:08:07:34 -0700] "GET /favicon.ico HTTP/1.1" 404 142 "-" "Caffeinated/1.1.1 CFNetwork/520.3.2 Darwin/11.3.0 (x86_64) (MacBookPro8%2C1)"
184.191.224.10 - - [03/Apr/2012:08:08:04 -0700] "GET / HTTP/1.1" 200 1430 "-" "Caffeinated/1.1.1 CFNetwork/520.3.2 Darwin/11.3.0 (x86_64) (MacBookPro8%2C1)"
184.191.224.10 - - [03/Apr/2012:08:08:04 -0700] "GET /favicon.ico HTTP/1.1" 404 142 "-" "Caffeinated/1.1.1 CFNetwork/520.3.2 Darwin/11.3.0 (x86_64) (MacBookPro8%2C1)"
101.212.21.118 - - [03/Apr/2012:08:08:23 -0700] "-" 400 0 "-" "-"
69.171.234.6 - - [03/Apr/2012:08:08:56 -0700] "GET /r/tpn HTTP/1.1" 301 255 "-" "facebookexternalhit/1.1 (+http://www.facebook.com/externalhit_uatext.php)"
69.171.234.5 - - [03/Apr/2012:08:08:56 -0700] "GET /s/ta/tpn/ HTTP/1.1" 302 265 "-" "facebookexternalhit/1.1 (+http://www.facebook.com/externalhit_uatext.php)"
184.191.224.10 - - [03/Apr/2012:08:09:01 -0700] "GET / HTTP/1.1" 200 1430 "-" "Caffeinated/1.1.1 CFNetwork/520.3.2 Darwin/11.3.0 (x86_64) (MacBookPro8%2C1)"
184.191.224.10 - - [03/Apr/2012:08:09:01 -0700] "GET /favicon.ico HTTP/1.1" 404 142 "-" "Caffeinated/1.1.1 CFNetwork/520.3.2 Darwin/11.3.0 (x86_64) (MacBookPro8%2C1)"
184.191.224.10 - - [03/Apr/2012:08:09:32 -0700] "GET / HTTP/1.1" 200 1430 "-" "Caffeinated/1.1.1 CFNetwork/520.3.2 Darwin/11.3.0 (x86_64) (MacBookPro8%2C1)"
184.191.224.10 - - [03/Apr/2012:08:09:32 -0700] "GET /favicon.ico HTTP/1.1" 404 142 "-" "Caffeinated/1.1.1 CFNetwork/520.3.2 Darwin/11.3.0 (x86_64) (MacBookPro8%2C1)"
184.191.224.10 - - [03/Apr/2012:08:10:31 -0700] "GET / HTTP/1.1" 200 1430 "-" "Caffeinated/1.1.1 CFNetwork/520.3.2 Darwin/11.3.0 (x86_64) (MacBookPro8%2C1)"
184.191.224.10 - - [03/Apr/2012:08:10:32 -0700] "GET /favicon.ico HTTP/1.1" 404 142 "-" "Caffeinated/1.1.1 CFNetwork/520.3.2 Darwin/11.3.0 (x86_64) (MacBookPro8%2C1)"
184.191.224.10 - - [03/Apr/2012:08:11:35 -0700] "GET / HTTP/1.1" 200 1430 "-" "Caffeinated/1.1.1 CFNetwork/520.3.2 Darwin/11.3.0 (x86_64) (MacBookPro8%2C1)"
184.191.224.10 - - [03/Apr/2012:08:11:35 -0700] "GET /favicon.ico HTTP/1.1" 404 142 "-" "Caffeinated/1.1.1 CFNetwork/520.3.2 Darwin/11.3.0 (x86_64) (MacBookPro8%2C1)"
184.191.224.10 - - [03/Apr/2012:08:12:04 -0700] "GET / HTTP/1.1" 200 1430 "-" "Caffeinated/1.1.1 CFNetwork/520.3.2 Darwin/11.3.0 (x86_64) (MacBookPro8%2C1)"
184.191.224.10 - - [03/Apr/2012:08:12:04 -0700] "GET /favicon.ico HTTP/1.1" 404 142 "-" "Caffeinated/1.1.1 CFNetwork/520.3.2 Darwin/11.3.0 (x86_64) (MacBookPro8%2C1)"
184.191.224.10 - - [03/Apr/2012:08:13:04 -0700] "GET / HTTP/1.1" 200 1430 "-" "Caffeinated/1.1.1 CFNetwork/520.3.2 Darwin/11.3.0 (x86_64) (MacBookPro8%2C1)"
184.191.224.10 - - [03/Apr/2012:08:13:05 -0700] "GET /favicon.ico HTTP/1.1" 404 142 "-" "Caffeinated/1.1.1 CFNetwork/520.3.2 Darwin/11.3.0 (x86_64) (MacBookPro8%2C1)"
85.17.88.169 - - [03/Apr/2012:08:13:17 -0700] "POST /blog/wp-cron.php?doing_wp_cron=1333465730 HTTP/1.0" 499 0 "-" "WordPress/3.3.1; http://yuvi.in/blog"
209.85.224.85 - - [03/Apr/2012:08:13:18 -0700] "GET /blog/feed HTTP/1.1" 304 0 "-" "FeedBurner/1.0 (http://www.FeedBurner.com)"
184.191.224.10 - - [03/Apr/2012:08:13:36 -0700] "GET / HTTP/1.1" 200 1430 "-" "Caffeinated/1.1.1 CFNetwork/520.3.2 Darwin/11.3.0 (x86_64) (MacBookPro8%2C1)"
184.191.224.10 - - [03/Apr/2012:08:13:36 -0700] "GET /favicon.ico HTTP/1.1" 404 142 "-" "Caffeinated/1.1.1 CFNetwork/520.3.2 Darwin/11.3.0 (x86_64) (MacBookPro8%2C1)"
74.125.18.163 - - [03/Apr/2012:08:13:44 -0700] "GET /favicon.ico HTTP/1.1" 404 142 "-" "-"
69.171.234.3 - - [03/Apr/2012:08:14:00 -0700] "GET /r/3qb\xE0\xAE\x95\xE0\xAE\x9F\xE0\xAF\x8D\xE0\xAE\x9F\xE0\xAE\xB1\xE0\xAF\x8D\xE0\xAE\xB1 HTTP/1.1" 301 381 "-" "facebookexternalhit/1.1 (+http://www.facebook.com/externalhit_uatext.php)"
69.171.234.4 - - [03/Apr/2012:08:14:00 -0700] "GET /s/ta/3qb%E0%AE%95%E0%AE%9F%E0%AF%8D%E0%AE%9F%E0%AE%B1%E0%AF%8D%E0%AE%B1/ HTTP/1.1" 502 173 "-" "facebookexternalhit/1.1 (+http://www.facebook.com/externalhit_uatext.php)"
184.191.224.10 - - [03/Apr/2012:08:14:35 -0700] "GET / HTTP/1.1" 200 1430 "-" "Caffeinated/1.1.1 CFNetwork/520.3.2 Darwin/11.3.0 (x86_64) (MacBookPro8%2C1)"
184.191.224.10 - - [03/Apr/2012:08:14:36 -0700] "GET /favicon.ico HTTP/1.1" 404 142 "-" "Caffeinated/1.1.1 CFNetwork/520.3.2 Darwin/11.3.0 (x86_64) (MacBookPro8%2C1)"
184.191.224.10 - - [03/Apr/2012:08:15:04 -0700] "GET / HTTP/1.1" 200 1430 "-" "Caffeinated/1.1.1 CFNetwork/520.3.2 Darwin/11.3.0 (x86_64) (MacBookPro8%2C1)"
184.191.224.10 - - [03/Apr/2012:08:15:04 -0700] "GET /favicon.ico HTTP/1.1" 404 142 "-" "Caffeinated/1.1.1 CFNetwork/520.3.2 Darwin/11.3.0 (x86_64) (MacBookPro8%2C1)"
85.17.88.169 - - [03/Apr/2012:08:15:33 -0700] "POST /blog/wp-cron.php?doing_wp_cron=1333465866 HTTP/1.0" 499 0 "-" "WordPress/3.3.1; http://yuvi.in/blog"
209.117.161.166 - - [03/Apr/2012:08:15:38 -0700] "GET /blog/tag/wordpress/ HTTP/1.1" 200 15520 "-" "-"
184.191.224.10 - - [03/Apr/2012:08:16:04 -0700] "GET / HTTP/1.1" 200 1430 "-" "Caffeinated/1.1.1 CFNetwork/520.3.2 Darwin/11.3.0 (x86_64) (MacBookPro8%2C1)"
184.191.224.10 - - [03/Apr/2012:08:16:04 -0700] "GET /favicon.ico HTTP/1.1" 404 142 "-" "Caffeinated/1.1.1 CFNetwork/520.3.2 Darwin/11.3.0 (x86_64) (MacBookPro8%2C1)"
184.191.224.10 - - [03/Apr/2012:08:16:55 -0700] "GET / HTTP/1.1" 200 1430 "-" "Caffeinated/1.1.1 CFNetwork/520.3.2 Darwin/11.3.0 (x86_64) (MacBookPro8%2C1)"
184.191.224.10 - - [03/Apr/2012:08:16:55 -0700] "GET /favicon.ico HTTP/1.1" 404 142 "-" "Caffeinated/1.1.1 CFNetwork/520.3.2 Darwin/11.3.0 (x86_64) (MacBookPro8%2C1)"
184.191.224.10 - - [03/Apr/2012:08:17:44 -0700] "GET / HTTP/1.1" 200 1430 "-" "Caffeinated/1.1.1 CFNetwork/520.3.2 Darwin/11.3.0 (x86_64) (MacBookPro8%2C1)"
184.191.224.10 - - [03/Apr/2012:08:17:44 -0700] "GET /favicon.ico HTTP/1.1" 404 142 "-" "Caffeinated/1.1.1 CFNetwork/520.3.2 Darwin/11.3.0 (x86_64) (MacBookPro8%2C1)"
184.191.224.10 - - [03/Apr/2012:08:18:30 -0700] "GET / HTTP/1.1" 200 1430 "-" "Caffeinated/1.1.1 CFNetwork/520.3.2 Darwin/11.3.0 (x86_64) (MacBookPro8%2C1)"
184.191.224.10 - - [03/Apr/2012:08:18:31 -0700] "GET /favicon.ico HTTP/1.1" 404 142 "-" "Caffeinated/1.1.1 CFNetwork/520.3.2 Darwin/11.3.0 (x86_64) (MacBookPro8%2C1)"
184.191.224.10 - - [03/Apr/2012:08:19:14 -0700] "GET / HTTP/1.1" 200 1430 "-" "Caffeinated/1.1.1 CFNetwork/520.3.2 Darwin/11.3.0 (x86_64) (MacBookPro8%2C1)"
184.191.224.10 - - [03/Apr/2012:08:19:14 -0700] "GET /favicon.ico HTTP/1.1" 404 142 "-" "Caffeinated/1.1.1 CFNetwork/520.3.2 Darwin/11.3.0 (x86_64) (MacBookPro8%2C1)"
184.191.224.10 - - [03/Apr/2012:08:19:56 -0700] "GET / HTTP/1.1" 200 1430 "-" "Caffeinated/1.1.1 CFNetwork/520.3.2 Darwin/11.3.0 (x86_64) (MacBookPro8%2C1)"
184.191.224.10 - - [03/Apr/2012:08:19:56 -0700] "GET /favicon.ico HTTP/1.1" 404 142 "-" "Caffeinated/1.1.1 CFNetwork/520.3.2 Darwin/11.3.0 (x86_64) (MacBookPro8%2C1)"
184.191.224.10 - - [03/Apr/2012:08:20:46 -0700] "GET / HTTP/1.1" 200 1430 "-" "Caffeinated/1.1.1 CFNetwork/520.3.2 Darwin/11.3.0 (x86_64) (MacBookPro8%2C1)"
184.191.224.10 - - [03/Apr/2012:08:20:46 -0700] "GET /favicon.ico HTTP/1.1" 404 142 "-" "Caffeinated/1.1.1 CFNetwork/520.3.2 Darwin/11.3.0 (x86_64) (MacBookPro8%2C1)"
184.191.224.10 - - [03/Apr/2012:08:21:24 -0700] "GET / HTTP/1.1" 200 1430 "-" "Caffeinated/1.1.1 CFNetwork/520.3.2 Darwin/11.3.0 (x86_64) (MacBookPro8%2C1)"
184.191.224.10 - - [03/Apr/2012:08:21:24 -0700] "GET /favicon.ico HTTP/1.1" 404 142 "-" "Caffeinated/1.1.1 CFNetwork/520.3.2 Darwin/11.3.0 (x86_64) (MacBookPro8%2C1)"
184.191.224.10 - - [03/Apr/2012:08:22:24 -0700] "GET / HTTP/1.1" 200 1430 "-" "Caffeinated/1.1.1 CFNetwork/520.3.2 Darwin/11.3.0 (x86_64) (MacBookPro8%2C1)"
184.191.224.10 - - [03/Apr/2012:08:22:24 -0700] "GET /favicon.ico HTTP/1.1" 404 142 "-" "Caffeinated/1.1.1 CFNetwork/520.3.2 Darwin/11.3.0 (x86_64) (MacBookPro8%2C1)"
207.46.204.164 - - [03/Apr/2012:08:22:37 -0700] "-" 400 0 "-" "-"
207.46.204.164 - - [03/Apr/2012:08:22:37 -0700] "-" 400 0 "-" "-"
207.46.204.164 - - [03/Apr/2012:08:22:37 -0700] "-" 400 0 "-" "-"
207.46.204.164 - - [03/Apr/2012:08:22:37 -0700] "-" 400 0 "-" "-"
207.46.204.164 - - [03/Apr/2012:08:22:37 -0700] "-" 400 0 "-" "-"
207.46.204.164 - - [03/Apr/2012:08:22:37 -0700] "-" 400 0 "-" "-"
207.46.204.164 - - [03/Apr/2012:08:22:37 -0700] "-" 400 0 "-" "-"
207.46.204.164 - - [03/Apr/2012:08:22:37 -0700] "-" 400 0 "-" "-"
207.46.204.164 - - [03/Apr/2012:08:22:37 -0700] "-" 400 0 "-" "-"
184.191.224.10 - - [03/Apr/2012:08:22:56 -0700] "GET / HTTP/1.1" 200 1430 "-" "Caffeinated/1.1.1 CFNetwork/520.3.2 Darwin/11.3.0 (x86_64) (MacBookPro8%2C1)"
184.191.224.10 - - [03/Apr/2012:08:22:57 -0700] "GET /favicon.ico HTTP/1.1" 404 142 "-" "Caffeinated/1.1.1 CFNetwork/520.3.2 Darwin/11.3.0 (x86_64) (MacBookPro8%2C1)"
207.46.204.162 - - [03/Apr/2012:08:23:08 -0700] "-" 400 0 "-" "-"
207.46.204.162 - - [03/Apr/2012:08:23:08 -0700] "-" 400 0 "-" "-"
207.46.204.162 - - [03/Apr/2012:08:23:08 -0700] "-" 400 0 "-" "-"
207.46.204.162 - - [03/Apr/2012:08:23:08 -0700] "-" 400 0 "-" "-"
207.46.204.162 - - [03/Apr/2012:08:23:09 -0700] "-" 400 0 "-" "-"
207.46.204.162 - - [03/Apr/2012:08:23:09 -0700] "-" 400 0 "-" "-"
207.46.204.162 - - [03/Apr/2012:08:23:09 -0700] "-" 400 0 "-" "-"
207.46.204.162 - - [03/Apr/2012:08:23:09 -0700] "-" 400 0 "-" "-"
207.46.204.162 - - [03/Apr/2012:08:23:09 -0700] "-" 400 0 "-" "-"
207.46.204.162 - - [03/Apr/2012:08:23:09 -0700] "-" 400 0 "-" "-"
207.46.204.164 - - [03/Apr/2012:08:23:22 -0700] "-" 400 0 "-" "-"
207.46.204.164 - - [03/Apr/2012:08:23:23 -0700] "-" 400 0 "-" "-"
66.249.73.26 - - [03/Apr/2012:08:23:30 -0700] "GET /admin/routes/route/3029/ HTTP/1.1" 404 142 "-" "Mozilla/5.0 (compatible; Googlebot/2.1; +http://www.google.com/bot.html)"
207.46.204.162 - - [03/Apr/2012:08:23:32 -0700] "-" 400 0 "-" "-"
85.17.88.169 - - [03/Apr/2012:08:23:33 -0700] "POST /blog/wp-cron.php?doing_wp_cron=1333466346 HTTP/1.0" 499 0 "-" "WordPress/3.3.1; http://yuvi.in/blog"
209.117.161.166 - - [03/Apr/2012:08:23:38 -0700] "GET /blog/tag/book/ HTTP/1.1" 200 16201 "-" "-"
85.17.88.169 - - [03/Apr/2012:08:23:42 -0700] "POST /blog/wp-cron.php?doing_wp_cron=1333466355 HTTP/1.0" 499 0 "-" "WordPress/3.3.1; http://yuvi.in/blog"
65.52.110.147 - - [03/Apr/2012:08:23:43 -0700] "GET /blog/devlog-may-2011/feed/ HTTP/1.1" 200 1914 "-" "Mozilla/5.0 (compatible; bingbot/2.0; +http://www.bing.com/bingbot.htm)"
184.191.224.10 - - [03/Apr/2012:08:23:58 -0700] "GET / HTTP/1.1" 200 1430 "-" "Caffeinated/1.1.1 CFNetwork/520.3.2 Darwin/11.3.0 (x86_64) (MacBookPro8%2C1)"
184.191.224.10 - - [03/Apr/2012:08:23:58 -0700] "GET /favicon.ico HTTP/1.1" 404 142 "-" "Caffeinated/1.1.1 CFNetwork/520.3.2 Darwin/11.3.0 (x86_64) (MacBookPro8%2C1)"
115.249.70.250 - - [03/Apr/2012:08:24:02 -0700] "GET / HTTP/1.1" 200 1430 "http://www.google.co.in/search?hl=en&source=hp&q=yuvi&gbv=2&oq=yuvi&aq=f&aqi=g10&aql=&gs_l=hp.3..0l10.24328l912234l0l914187l51l46l13l11l0l1l235l2985l0j13j4l18l0.frgbld." "Mozilla/4.0 (compatible; MSIE 6.0; Windows NT 5.1; SV1; .NET CLR 2.0.50727)"
115.249.70.250 - - [03/Apr/2012:08:24:03 -0700] "GET /blueprint/screen.css HTTP/1.1" 200 12058 "http://yuvi.in/" "Mozilla/4.0 (compatible; MSIE 6.0; Windows NT 5.1; SV1; .NET CLR 2.0.50727)"
115.249.70.250 - - [03/Apr/2012:08:24:03 -0700] "GET /blueprint/print.css HTTP/1.1" 200 1284 "http://yuvi.in/" "Mozilla/4.0 (compatible; MSIE 6.0; Windows NT 5.1; SV1; .NET CLR 2.0.50727)"
115.249.70.250 - - [03/Apr/2012:08:24:04 -0700] "GET /header.png HTTP/1.1" 200 14249 "http://yuvi.in/" "Mozilla/4.0 (compatible; MSIE 6.0; Windows NT 5.1; SV1; .NET CLR 2.0.50727)"
184.191.224.10 - - [03/Apr/2012:08:24:30 -0700] "GET / HTTP/1.1" 200 1430 "-" "Caffeinated/1.1.1 CFNetwork/520.3.2 Darwin/11.3.0 (x86_64) (MacBookPro8%2C1)"
184.191.224.10 - - [03/Apr/2012:08:24:30 -0700] "GET /favicon.ico HTTP/1.1" 404 142 "-" "Caffeinated/1.1.1 CFNetwork/520.3.2 Darwin/11.3.0 (x86_64) (MacBookPro8%2C1)"
209.85.224.82 - - [03/Apr/2012:08:24:32 -0700] "GET /stories/feed HTTP/1.1" 200 13653 "-" "FeedBurner/1.0 (http://www.FeedBurner.com)"
115.249.70.250 - - [03/Apr/2012:08:24:47 -0700] "GET / HTTP/1.1" 304 0 "http://www.google.co.in/search?hl=en&source=hp&q=yuvi&gbv=2&oq=yuvi&aq=f&aqi=g10&aql=&gs_l=hp.3..0l10.24328l912234l0l914187l51l46l13l11l0l1l235l2985l0j13j4l18l0.frgbld." "Mozilla/4.0 (compatible; MSIE 6.0; Windows NT 5.1; SV1; .NET CLR 2.0.50727)"
115.249.70.250 - - [03/Apr/2012:08:24:48 -0700] "GET /blueprint/screen.css HTTP/1.1" 304 0 "http://yuvi.in/" "Mozilla/4.0 (compatible; MSIE 6.0; Windows NT 5.1; SV1; .NET CLR 2.0.50727)"
115.249.70.250 - - [03/Apr/2012:08:24:48 -0700] "GET /blueprint/print.css HTTP/1.1" 304 0 "http://yuvi.in/" "Mozilla/4.0 (compatible; MSIE 6.0; Windows NT 5.1; SV1; .NET CLR 2.0.50727)"
115.249.70.250 - - [03/Apr/2012:08:24:48 -0700] "GET /header.png HTTP/1.1" 304 0 "http://yuvi.in/" "Mozilla/4.0 (compatible; MSIE 6.0; Windows NT 5.1; SV1; .NET CLR 2.0.50727)"
157.55.112.204 - - [03/Apr/2012:08:25:17 -0700] "-" 400 0 "-" "-"
157.55.112.204 - - [03/Apr/2012:08:25:17 -0700] "-" 400 0 "-" "-"
157.55.112.204 - - [03/Apr/2012:08:25:17 -0700] "-" 400 0 "-" "-"
157.55.112.204 - - [03/Apr/2012:08:25:17 -0700] "-" 400 0 "-" "-"
157.55.112.204 - - [03/Apr/2012:08:25:17 -0700] "-" 400 0 "-" "-"
157.55.112.204 - - [03/Apr/2012:08:25:18 -0700] "-" 400 0 "-" "-"
157.55.112.204 - - [03/Apr/2012:08:25:18 -0700] "-" 400 0 "-" "-"
157.55.112.204 - - [03/Apr/2012:08:25:18 -0700] "-" 400 0 "-" "-"
157.55.112.204 - - [03/Apr/2012:08:25:18 -0700] "-" 400 0 "-" "-"
157.55.112.204 - - [03/Apr/2012:08:25:18 -0700] "-" 400 0 "-" "-"
184.191.224.10 - - [03/Apr/2012:08:25:29 -0700] "GET / HTTP/1.1" 200 1430 "-" "Caffeinated/1.1.1 CFNetwork/520.3.2 Darwin/11.3.0 (x86_64) (MacBookPro8%2C1)"
184.191.224.10 - - [03/Apr/2012:08:25:29 -0700] "GET /favicon.ico HTTP/1.1" 404 142 "-" "Caffeinated/1.1.1 CFNetwork/520.3.2 Darwin/11.3.0 (x86_64) (MacBookPro8%2C1)"
