85.17.88.169 - - [08/Mar/2012:02:24:13 -0800] "POST /blog/wp-cron.php?doing_wp_cron=1331202196 HTTP/1.0" 499 0 "-" "WordPress/3.3.1; http://yuvi.in/blog"
187.40.99.185 - - [08/Mar/2012:02:24:16 -0800] "GET /blog/category/devlog/ HTTP/1.1" 200 43107 "-" "Mozilla/5.0 (compatible; Googlebot/2.1; +http://www.google.com/bot.html)"
85.17.88.169 - - [08/Mar/2012:02:24:21 -0800] "POST /blog/wp-cron.php?doing_wp_cron=1331202204 HTTP/1.0" 499 0 "-" "WordPress/3.3.1; http://yuvi.in/blog"
72.14.199.121 - - [08/Mar/2012:02:24:21 -0800] "GET /blog/feed HTTP/1.1" 301 0 "-" "Feedfetcher-Google; (+http://www.google.com/feedfetcher.html; 3 subscribers; feed-id=17684830852112633560)"
85.17.88.169 - - [08/Mar/2012:02:24:23 -0800] "POST /blog/wp-cron.php?doing_wp_cron=1331202206 HTTP/1.0" 499 0 "-" "WordPress/3.3.1; http://yuvi.in/blog"
72.14.199.121 - - [08/Mar/2012:02:24:24 -0800] "GET /blog/feed/ HTTP/1.1" 304 0 "-" "Feedfetcher-Google; (+http://www.google.com/feedfetcher.html; 3 subscribers; feed-id=17684830852112633560)"
106.51.109.49 - - [08/Mar/2012:02:25:08 -0800] "GET /blog HTTP/1.1" 301 178 "http://suren.in/2011/08/08/one-month-at-interviewstreet/" "Mozilla/5.0 (Macintosh; Intel Mac OS X 10_7_3) AppleWebKit/535.11 (KHTML, like Gecko) Chrome/17.0.963.66 Safari/535.11"
106.51.109.49 - - [08/Mar/2012:02:25:09 -0800] "GET /blog/ HTTP/1.1" 200 13760 "http://suren.in/2011/08/08/one-month-at-interviewstreet/" "Mozilla/5.0 (Macintosh; Intel Mac OS X 10_7_3) AppleWebKit/535.11 (KHTML, like Gecko) Chrome/17.0.963.66 Safari/535.11"
106.51.109.49 - - [08/Mar/2012:02:25:09 -0800] "GET /blog/wp-content/themes/cleanr/style.css HTTP/1.1" 200 10508 "http://yuvi.in/blog/" "Mozilla/5.0 (Macintosh; Intel Mac OS X 10_7_3) AppleWebKit/535.11 (KHTML, like Gecko) Chrome/17.0.963.66 Safari/535.11"
106.51.109.49 - - [08/Mar/2012:02:25:10 -0800] "GET /blog/wp-content/themes/cleanr/js/jquery.dropdown.js?ver=3.3.1 HTTP/1.1" 200 535 "http://yuvi.in/blog/" "Mozilla/5.0 (Macintosh; Intel Mac OS X 10_7_3) AppleWebKit/535.11 (KHTML, like Gecko) Chrome/17.0.963.66 Safari/535.11"
106.51.109.49 - - [08/Mar/2012:02:25:10 -0800] "GET /blog/wp-content/themes/cleanr/css/reset.css HTTP/1.1" 200 648 "http://yuvi.in/blog/" "Mozilla/5.0 (Macintosh; Intel Mac OS X 10_7_3) AppleWebKit/535.11 (KHTML, like Gecko) Chrome/17.0.963.66 Safari/535.11"
106.51.109.49 - - [08/Mar/2012:02:25:10 -0800] "GET /blog/wp-content/themes/cleanr/css/text.css HTTP/1.1" 200 420 "http://yuvi.in/blog/" "Mozilla/5.0 (Macintosh; Intel Mac OS X 10_7_3) AppleWebKit/535.11 (KHTML, like Gecko) Chrome/17.0.963.66 Safari/535.11"
106.51.109.49 - - [08/Mar/2012:02:25:10 -0800] "GET /blog/wp-content/themes/cleanr/css/960.css HTTP/1.1" 200 3628 "http://yuvi.in/blog/" "Mozilla/5.0 (Macintosh; Intel Mac OS X 10_7_3) AppleWebKit/535.11 (KHTML, like Gecko) Chrome/17.0.963.66 Safari/535.11"
106.51.109.49 - - [08/Mar/2012:02:25:11 -0800] "GET /blog/wp-includes/js/jquery/jquery.js?ver=1.7.1 HTTP/1.1" 200 93889 "http://yuvi.in/blog/" "Mozilla/5.0 (Macintosh; Intel Mac OS X 10_7_3) AppleWebKit/535.11 (KHTML, like Gecko) Chrome/17.0.963.66 Safari/535.11"
106.51.109.49 - - [08/Mar/2012:02:25:12 -0800] "GET /blog/wp-content/themes/cleanr/images/search_magnifier.gif HTTP/1.1" 200 394 "http://yuvi.in/blog/" "Mozilla/5.0 (Macintosh; Intel Mac OS X 10_7_3) AppleWebKit/535.11 (KHTML, like Gecko) Chrome/17.0.963.66 Safari/535.11"
106.51.109.49 - - [08/Mar/2012:02:25:12 -0800] "GET /favicon.ico HTTP/1.1" 404 199 "-" "Mozilla/5.0 (Macintosh; Intel Mac OS X 10_7_3) AppleWebKit/535.11 (KHTML, like Gecko) Chrome/17.0.963.66 Safari/535.11"
106.51.109.49 - - [08/Mar/2012:02:25:26 -0800] "-" 400 0 "-" "-"
107.22.128.82 - - [08/Mar/2012:02:26:01 -0800] "GET /robots.txt HTTP/1.1" 404 142 "-" "SemrushBot/0.91"
107.22.128.82 - - [08/Mar/2012:02:26:06 -0800] "GET / HTTP/1.1" 200 1430 "-" "SemrushBot/0.91"
141.0.8.126 - - [08/Mar/2012:02:26:34 -0800] "-" 400 0 "-" "-"
122.174.47.171 - - [08/Mar/2012:02:28:05 -0800] "-" 400 0 "-" "-"
122.174.47.171 - - [08/Mar/2012:02:28:05 -0800] "-" 400 0 "-" "-"
122.174.47.171 - - [08/Mar/2012:02:28:05 -0800] "-" 400 0 "-" "-"
122.174.47.171 - - [08/Mar/2012:02:28:05 -0800] "-" 400 0 "-" "-"
122.174.47.171 - - [08/Mar/2012:02:28:05 -0800] "-" 400 0 "-" "-"
85.17.88.169 - - [08/Mar/2012:02:28:35 -0800] "POST /blog/wp-cron.php?doing_wp_cron=1331202458 HTTP/1.0" 499 0 "-" "WordPress/3.3.1; http://yuvi.in/blog"
209.85.224.83 - - [08/Mar/2012:02:28:36 -0800] "GET /blog/feed HTTP/1.1" 304 0 "-" "FeedBurner/1.0 (http://www.FeedBurner.com)"
182.156.3.206 - - [08/Mar/2012:02:29:59 -0800] "-" 400 0 "-" "-"
182.156.3.206 - - [08/Mar/2012:02:30:59 -0800] "-" 400 0 "-" "-"
130.83.167.153 - - [08/Mar/2012:02:31:35 -0800] "GET /stories/tag/senses.html HTTP/1.1" 200 1994 "-" "findlinks/2.1.5 (+http://wortschatz.uni-leipzig.de/findlinks/)"
182.156.3.206 - - [08/Mar/2012:02:33:08 -0800] "-" 400 0 "-" "-"
80.149.215.50 - - [08/Mar/2012:02:33:22 -0800] "GET /r/i50 HTTP/1.1" 301 255 "http://ta.wikipedia.org/wiki/%E0%AE%85%E0%AE%A9%E0%AF%88%E0%AE%A4%E0%AF%8D%E0%AE%A4%E0%AF%81%E0%AE%B2%E0%AE%95_%E0%AE%AA%E0%AF%86%E0%AE%A3%E0%AF%8D%E0%AE%95%E0%AE%B3%E0%AF%8D_%E0%AE%A8%E0%AE%BE%E0%AE%B3%E0%AF%8D" "Mozilla/5.0 (Windows NT 6.1; WOW64) AppleWebKit/535.11 (KHTML, like Gecko) Chrome/17.0.963.66 Safari/535.11"
80.149.215.50 - - [08/Mar/2012:02:33:24 -0800] "GET /s/ta/i50/ HTTP/1.1" 302 513 "http://ta.wikipedia.org/wiki/%E0%AE%85%E0%AE%A9%E0%AF%88%E0%AE%A4%E0%AF%8D%E0%AE%A4%E0%AF%81%E0%AE%B2%E0%AE%95_%E0%AE%AA%E0%AF%86%E0%AE%A3%E0%AF%8D%E0%AE%95%E0%AE%B3%E0%AF%8D_%E0%AE%A8%E0%AE%BE%E0%AE%B3%E0%AF%8D" "Mozilla/5.0 (Windows NT 6.1; WOW64) AppleWebKit/535.11 (KHTML, like Gecko) Chrome/17.0.963.66 Safari/535.11"
141.0.8.201 - - [08/Mar/2012:02:33:42 -0800] "-" 400 0 "-" "-"
85.17.88.169 - - [08/Mar/2012:02:33:57 -0800] "POST /blog/wp-cron.php?doing_wp_cron=1331202780 HTTP/1.0" 499 0 "-" "WordPress/3.3.1; http://yuvi.in/blog"
14.140.165.194 - - [08/Mar/2012:02:33:58 -0800] "GET /blog/college-drop/ HTTP/1.1" 200 4476 "http://www.facebook.com/l.php?u=http%3A%2F%2Fyuvi.in%2Fblog%2Fcollege-drop%2F&h=cAQFViwWAAQEnTq-7ajWjV5qASXSSGP4T8vPbA8aROZmVxw&enc=AZMy5m6ctvuaVrg3g4OjXFti7ATPV_3omo1aLcymj9CRUlpEskz3AymPB85tb1wn-srVpQ4Q9-NL5YdOlBdWsereGN7DnVHauEMHcAkCJ-hk8w" "Mozilla/5.0 (Windows NT 6.0) AppleWebKit/535.11 (KHTML, like Gecko) Chrome/17.0.963.56 Safari/535.11"
14.140.165.194 - - [08/Mar/2012:02:33:59 -0800] "GET /blog/wp-content/themes/cleanr/style.css HTTP/1.1" 200 10508 "http://yuvi.in/blog/college-drop/" "Mozilla/5.0 (Windows NT 6.0) AppleWebKit/535.11 (KHTML, like Gecko) Chrome/17.0.963.56 Safari/535.11"
14.140.165.194 - - [08/Mar/2012:02:33:59 -0800] "GET /blog/wp-content/themes/cleanr/js/jquery.dropdown.js?ver=3.3.1 HTTP/1.1" 200 535 "http://yuvi.in/blog/college-drop/" "Mozilla/5.0 (Windows NT 6.0) AppleWebKit/535.11 (KHTML, like Gecko) Chrome/17.0.963.56 Safari/535.11"
14.140.165.194 - - [08/Mar/2012:02:34:00 -0800] "GET /blog/wp-includes/js/jquery/jquery.js?ver=1.7.1 HTTP/1.1" 200 93889 "http://yuvi.in/blog/college-drop/" "Mozilla/5.0 (Windows NT 6.0) AppleWebKit/535.11 (KHTML, like Gecko) Chrome/17.0.963.56 Safari/535.11"
14.140.165.194 - - [08/Mar/2012:02:34:00 -0800] "GET /blog/wp-content/themes/cleanr/css/960.css HTTP/1.1" 200 3628 "http://yuvi.in/blog/college-drop/" "Mozilla/5.0 (Windows NT 6.0) AppleWebKit/535.11 (KHTML, like Gecko) Chrome/17.0.963.56 Safari/535.11"
14.140.165.194 - - [08/Mar/2012:02:34:00 -0800] "GET /blog/wp-content/themes/cleanr/css/text.css HTTP/1.1" 200 420 "http://yuvi.in/blog/college-drop/" "Mozilla/5.0 (Windows NT 6.0) AppleWebKit/535.11 (KHTML, like Gecko) Chrome/17.0.963.56 Safari/535.11"
14.140.165.194 - - [08/Mar/2012:02:34:00 -0800] "GET /blog/wp-content/themes/cleanr/css/reset.css HTTP/1.1" 200 648 "http://yuvi.in/blog/college-drop/" "Mozilla/5.0 (Windows NT 6.0) AppleWebKit/535.11 (KHTML, like Gecko) Chrome/17.0.963.56 Safari/535.11"
14.140.165.194 - - [08/Mar/2012:02:34:02 -0800] "GET /blog/wp-content/themes/cleanr/images/search_magnifier.gif HTTP/1.1" 200 394 "http://yuvi.in/blog/college-drop/" "Mozilla/5.0 (Windows NT 6.0) AppleWebKit/535.11 (KHTML, like Gecko) Chrome/17.0.963.56 Safari/535.11"
14.140.165.194 - - [08/Mar/2012:02:34:05 -0800] "GET /favicon.ico HTTP/1.1" 404 199 "-" "Mozilla/5.0 (Windows NT 6.0) AppleWebKit/535.11 (KHTML, like Gecko) Chrome/17.0.963.56 Safari/535.11"
85.17.88.169 - - [08/Mar/2012:02:34:08 -0800] "POST /blog/wp-cron.php?doing_wp_cron=1331202791 HTTP/1.0" 499 0 "-" "WordPress/3.3.1; http://yuvi.in/blog"
14.140.165.194 - - [08/Mar/2012:02:34:08 -0800] "GET /blog/college-drop/?cf_action=sync_comments&post_id=393 HTTP/1.1" 200 48 "http://yuvi.in/blog/college-drop/" "Mozilla/5.0 (Windows NT 6.0) AppleWebKit/535.11 (KHTML, like Gecko) Chrome/17.0.963.56 Safari/535.11"
207.46.204.209 - - [08/Mar/2012:02:35:03 -0800] "-" 400 0 "-" "-"
207.46.204.209 - - [08/Mar/2012:02:35:03 -0800] "-" 400 0 "-" "-"
207.46.204.209 - - [08/Mar/2012:02:35:04 -0800] "-" 400 0 "-" "-"
207.46.204.209 - - [08/Mar/2012:02:35:04 -0800] "-" 400 0 "-" "-"
207.46.204.209 - - [08/Mar/2012:02:35:04 -0800] "-" 400 0 "-" "-"
207.46.204.209 - - [08/Mar/2012:02:35:04 -0800] "-" 400 0 "-" "-"
207.46.204.209 - - [08/Mar/2012:02:35:04 -0800] "-" 400 0 "-" "-"
207.46.204.209 - - [08/Mar/2012:02:35:04 -0800] "-" 400 0 "-" "-"
207.46.204.209 - - [08/Mar/2012:02:35:04 -0800] "-" 400 0 "-" "-"
207.46.204.209 - - [08/Mar/2012:02:35:04 -0800] "-" 400 0 "-" "-"
207.46.12.69 - - [08/Mar/2012:02:35:06 -0800] "-" 400 0 "-" "-"
207.46.12.69 - - [08/Mar/2012:02:35:07 -0800] "-" 400 0 "-" "-"
207.46.12.69 - - [08/Mar/2012:02:35:07 -0800] "-" 400 0 "-" "-"
207.46.12.69 - - [08/Mar/2012:02:35:07 -0800] "-" 400 0 "-" "-"
207.46.12.69 - - [08/Mar/2012:02:35:07 -0800] "-" 400 0 "-" "-"
207.46.12.69 - - [08/Mar/2012:02:35:07 -0800] "-" 400 0 "-" "-"
207.46.12.69 - - [08/Mar/2012:02:35:07 -0800] "-" 400 0 "-" "-"
207.46.12.69 - - [08/Mar/2012:02:35:07 -0800] "-" 400 0 "-" "-"
207.46.12.69 - - [08/Mar/2012:02:35:07 -0800] "-" 400 0 "-" "-"
207.46.204.216 - - [08/Mar/2012:02:35:14 -0800] "-" 400 0 "-" "-"
207.46.204.216 - - [08/Mar/2012:02:35:14 -0800] "-" 400 0 "-" "-"
207.46.204.216 - - [08/Mar/2012:02:35:14 -0800] "-" 400 0 "-" "-"
207.46.204.216 - - [08/Mar/2012:02:35:14 -0800] "-" 400 0 "-" "-"
207.46.204.216 - - [08/Mar/2012:02:35:15 -0800] "-" 400 0 "-" "-"
207.46.204.216 - - [08/Mar/2012:02:35:15 -0800] "-" 400 0 "-" "-"
207.46.204.216 - - [08/Mar/2012:02:35:15 -0800] "-" 400 0 "-" "-"
207.46.204.216 - - [08/Mar/2012:02:35:16 -0800] "-" 400 0 "-" "-"
207.46.204.216 - - [08/Mar/2012:02:35:16 -0800] "-" 400 0 "-" "-"
207.46.12.69 - - [08/Mar/2012:02:35:35 -0800] "-" 400 0 "-" "-"
207.46.12.69 - - [08/Mar/2012:02:35:35 -0800] "-" 400 0 "-" "-"
195.166.81.37 - - [08/Mar/2012:02:35:48 -0800] "GET / HTTP/1.1" 200 1430 "-" "Mozilla/5.0 (Macintosh; Intel Mac OS X 10_7) AppleWebKit/534.48.3 (KHTML, like Gecko) Version/5.1 Safari/534.48.3"
195.166.81.37 - - [08/Mar/2012:02:35:48 -0800] "GET /blueprint/screen.css HTTP/1.1" 200 12058 "http://yuvi.in/" "Mozilla/5.0 (Macintosh; Intel Mac OS X 10_7) AppleWebKit/534.48.3 (KHTML, like Gecko) Version/5.1 Safari/534.48.3"
195.166.81.37 - - [08/Mar/2012:02:35:49 -0800] "GET /header.png HTTP/1.1" 200 14249 "http://yuvi.in/" "Mozilla/5.0 (Macintosh; Intel Mac OS X 10_7) AppleWebKit/534.48.3 (KHTML, like Gecko) Version/5.1 Safari/534.48.3"
195.166.81.37 - - [08/Mar/2012:02:35:49 -0800] "GET /blueprint/print.css HTTP/1.1" 200 1284 "http://yuvi.in/" "Mozilla/5.0 (Macintosh; Intel Mac OS X 10_7) AppleWebKit/534.48.3 (KHTML, like Gecko) Version/5.1 Safari/534.48.3"
207.46.204.209 - - [08/Mar/2012:02:35:55 -0800] "-" 400 0 "-" "-"
207.46.204.216 - - [08/Mar/2012:02:36:13 -0800] "-" 400 0 "-" "-"
208.115.113.84 - - [08/Mar/2012:02:37:22 -0800] "GET /robots.txt HTTP/1.1" 404 169 "-" "Mozilla/5.0 (compatible; Ezooms/1.0; ezooms.bot@gmail.com)"
209.85.224.84 - - [08/Mar/2012:02:39:32 -0800] "GET /stories/feed HTTP/1.1" 200 13653 "-" "FeedBurner/1.0 (http://www.FeedBurner.com)"
122.178.16.164 - - [08/Mar/2012:02:40:55 -0800] "-" 400 0 "-" "-"
157.55.112.209 - - [08/Mar/2012:02:42:03 -0800] "-" 400 0 "-" "-"
157.55.112.209 - - [08/Mar/2012:02:42:03 -0800] "-" 400 0 "-" "-"
157.55.112.209 - - [08/Mar/2012:02:42:03 -0800] "-" 400 0 "-" "-"
157.55.112.209 - - [08/Mar/2012:02:42:04 -0800] "-" 400 0 "-" "-"
157.55.112.209 - - [08/Mar/2012:02:42:04 -0800] "-" 400 0 "-" "-"
157.55.112.209 - - [08/Mar/2012:02:42:04 -0800] "-" 400 0 "-" "-"
157.55.112.209 - - [08/Mar/2012:02:42:04 -0800] "-" 400 0 "-" "-"
157.55.112.209 - - [08/Mar/2012:02:42:04 -0800] "-" 400 0 "-" "-"
157.55.112.209 - - [08/Mar/2012:02:42:04 -0800] "-" 400 0 "-" "-"
210.211.191.158 - - [08/Mar/2012:02:42:21 -0800] "-" 400 0 "-" "-"
210.211.191.158 - - [08/Mar/2012:02:42:21 -0800] "-" 400 0 "-" "-"
210.211.191.158 - - [08/Mar/2012:02:42:21 -0800] "-" 400 0 "-" "-"
210.211.191.158 - - [08/Mar/2012:02:42:22 -0800] "-" 400 0 "-" "-"
210.211.191.158 - - [08/Mar/2012:02:42:25 -0800] "-" 400 0 "-" "-"
122.178.16.164 - - [08/Mar/2012:02:42:45 -0800] "-" 400 0 "-" "-"
180.76.5.176 - - [08/Mar/2012:02:43:34 -0800] "GET / HTTP/1.1" 200 3439 "-" "Mozilla/5.0 (compatible; Baiduspider/2.0; +http://www.baidu.com/search/spider.html)"
59.92.126.49 - - [08/Mar/2012:02:46:42 -0800] "GET /r/4vf HTTP/1.1" 301 255 "http://ta.wikipedia.org/wiki/%E0%AE%AE%E0%AE%A9%E0%AE%BF%E0%AE%A4_%E0%AE%AE%E0%AF%82%E0%AE%B3%E0%AF%88" "Mozilla/5.0 (Windows NT 6.1) AppleWebKit/535.11 (KHTML, like Gecko) Chrome/17.0.963.66 Safari/535.11"
59.92.126.49 - - [08/Mar/2012:02:46:42 -0800] "GET /s/ta/4vf/ HTTP/1.1" 302 365 "http://ta.wikipedia.org/wiki/%E0%AE%AE%E0%AE%A9%E0%AE%BF%E0%AE%A4_%E0%AE%AE%E0%AF%82%E0%AE%B3%E0%AF%88" "Mozilla/5.0 (Windows NT 6.1) AppleWebKit/535.11 (KHTML, like Gecko) Chrome/17.0.963.66 Safari/535.11"
59.92.126.49 - - [08/Mar/2012:02:47:00 -0800] "-" 400 0 "-" "-"
122.178.16.164 - - [08/Mar/2012:02:47:45 -0800] "-" 400 0 "-" "-"
115.249.200.17 - - [08/Mar/2012:02:48:48 -0800] "-" 400 0 "-" "-"
115.249.200.17 - - [08/Mar/2012:02:48:48 -0800] "-" 400 0 "-" "-"
115.249.200.17 - - [08/Mar/2012:02:48:48 -0800] "-" 400 0 "-" "-"
115.249.200.17 - - [08/Mar/2012:02:48:48 -0800] "-" 400 0 "-" "-"
115.249.200.17 - - [08/Mar/2012:02:48:48 -0800] "-" 400 0 "-" "-"
85.17.88.169 - - [08/Mar/2012:02:49:11 -0800] "POST /blog/wp-cron.php?doing_wp_cron=1331203693 HTTP/1.0" 499 0 "-" "WordPress/3.3.1; http://yuvi.in/blog"
101.226.33.179 - - [08/Mar/2012:02:49:11 -0800] "GET /blog/feed HTTP/1.0" 304 0 "-" "Mozilla/4.0 (compatible; Windows;)"
125.22.42.162 - - [08/Mar/2012:02:49:33 -0800] "-" 400 0 "-" "-"
85.17.88.169 - - [08/Mar/2012:02:50:38 -0800] "POST /blog/wp-cron.php?doing_wp_cron=1331203781 HTTP/1.0" 499 0 "-" "WordPress/3.3.1; http://yuvi.in/blog"
46.246.72.201 - - [08/Mar/2012:02:50:39 -0800] "GET /blog/sleepsort-4chan/ HTTP/1.0" 200 16710 "http://yuvi.in/blog/sleepsort-4chan/" "Mozilla/4.0 (compatible; MSIE 6.0; Windows NT 5.2; Win64; AMD64)"
66.249.71.116 - - [08/Mar/2012:02:51:11 -0800] "GET /s/ta/2xjj/ HTTP/1.1" 302 385 "-" "Mozilla/5.0 (compatible; Googlebot/2.1; +http://www.google.com/bot.html)"
85.17.88.169 - - [08/Mar/2012:02:51:16 -0800] "POST /blog/wp-cron.php?doing_wp_cron=1331203818 HTTP/1.0" 499 0 "-" "WordPress/3.3.1; http://yuvi.in/blog"
187.12.207.38 - - [08/Mar/2012:02:51:16 -0800] "GET /blog/category/devlog/ HTTP/1.1" 200 43130 "-" "Mozilla/5.0 (compatible; Googlebot/2.1; +http://www.google.com/bot.html)"
115.249.200.17 - - [08/Mar/2012:02:53:08 -0800] "-" 400 0 "-" "-"
213.186.127.13 - - [08/Mar/2012:02:53:16 -0800] "GET /r/g0h HTTP/1.1" 301 255 "-" "Mozilla/5.0 (compatible; AhrefsBot/2.0; +http://ahrefs.com/robot/)"
115.249.200.17 - - [08/Mar/2012:02:53:38 -0800] "-" 400 0 "-" "-"
157.55.112.200 - - [08/Mar/2012:02:53:41 -0800] "-" 400 0 "-" "-"
157.55.112.200 - - [08/Mar/2012:02:53:42 -0800] "-" 400 0 "-" "-"
157.55.112.200 - - [08/Mar/2012:02:53:42 -0800] "-" 400 0 "-" "-"
157.55.112.200 - - [08/Mar/2012:02:53:43 -0800] "-" 400 0 "-" "-"
157.55.112.200 - - [08/Mar/2012:02:53:43 -0800] "-" 400 0 "-" "-"
157.55.112.200 - - [08/Mar/2012:02:53:44 -0800] "-" 400 0 "-" "-"
157.55.112.200 - - [08/Mar/2012:02:53:44 -0800] "-" 400 0 "-" "-"
157.55.112.200 - - [08/Mar/2012:02:53:44 -0800] "-" 400 0 "-" "-"
157.55.112.200 - - [08/Mar/2012:02:53:44 -0800] "-" 400 0 "-" "-"
157.55.112.200 - - [08/Mar/2012:02:54:03 -0800] "-" 400 0 "-" "-"
157.55.112.200 - - [08/Mar/2012:02:54:03 -0800] "-" 400 0 "-" "-"
122.174.166.206 - - [08/Mar/2012:02:54:08 -0800] "-" 400 0 "-" "-"
59.96.30.168 - - [08/Mar/2012:02:54:16 -0800] "-" 400 0 "-" "-"
115.249.154.13 - - [08/Mar/2012:02:54:58 -0800] "-" 400 0 "-" "-"
115.249.154.13 - - [08/Mar/2012:02:54:58 -0800] "-" 400 0 "-" "-"
59.96.30.168 - - [08/Mar/2012:02:55:16 -0800] "-" 400 0 "-" "-"
69.118.126.49 - - [08/Mar/2012:02:55:20 -0800] "-" 400 0 "-" "-"
117.216.112.187 - - [08/Mar/2012:02:56:27 -0800] "-" 400 0 "-" "-"
115.249.154.13 - - [08/Mar/2012:02:58:08 -0800] "-" 400 0 "-" "-"
115.249.154.13 - - [08/Mar/2012:02:58:08 -0800] "-" 400 0 "-" "-"
115.249.154.13 - - [08/Mar/2012:02:58:08 -0800] "-" 400 0 "-" "-"
115.249.154.13 - - [08/Mar/2012:02:58:08 -0800] "-" 400 0 "-" "-"
115.249.154.13 - - [08/Mar/2012:02:58:08 -0800] "-" 400 0 "-" "-"
115.249.154.13 - - [08/Mar/2012:02:58:38 -0800] "-" 400 0 "-" "-"
115.249.154.13 - - [08/Mar/2012:02:58:38 -0800] "-" 400 0 "-" "-"
85.17.88.169 - - [08/Mar/2012:02:58:45 -0800] "POST /blog/wp-cron.php?doing_wp_cron=1331204268 HTTP/1.0" 499 0 "-" "WordPress/3.3.1; http://yuvi.in/blog"
209.85.224.83 - - [08/Mar/2012:02:58:46 -0800] "GET /blog/feed HTTP/1.1" 304 0 "-" "FeedBurner/1.0 (http://www.FeedBurner.com)"
130.83.167.153 - - [08/Mar/2012:02:59:09 -0800] "GET /blog/tag/devlog.html HTTP/1.1" 200 23470 "-" "findlinks/2.1.5 (+http://wortschatz.uni-leipzig.de/findlinks/)"
107.22.128.82 - - [08/Mar/2012:02:59:10 -0800] "GET /robots.txt HTTP/1.1" 404 142 "-" "SemrushBot/0.91"
85.17.88.169 - - [08/Mar/2012:02:59:13 -0800] "POST /blog/wp-cron.php?doing_wp_cron=1331204295 HTTP/1.0" 499 0 "-" "WordPress/3.3.1; http://yuvi.in/blog"
100.43.83.144 - - [08/Mar/2012:02:59:13 -0800] "GET /blog/note-present-future-self-pre-book-travel-tickets/ HTTP/1.1" 200 5517 "-" "Mozilla/5.0 (compatible; YandexBot/3.0; +http://yandex.com/bots)"
85.17.88.169 - - [08/Mar/2012:02:59:15 -0800] "POST /blog/wp-cron.php?doing_wp_cron=1331204297 HTTP/1.0" 499 0 "-" "WordPress/3.3.1; http://yuvi.in/blog"
107.22.128.82 - - [08/Mar/2012:02:59:15 -0800] "GET /blog/non-ascii-characters-http-headers/ HTTP/1.1" 200 5289 "-" "SemrushBot/0.91"
182.156.229.174 - - [08/Mar/2012:02:59:22 -0800] "-" 400 0 "-" "-"
122.178.16.164 - - [08/Mar/2012:02:59:40 -0800] "-" 400 0 "-" "-"
27.248.20.164 - - [08/Mar/2012:02:59:43 -0800] "GET /r/1nzr HTTP/1.1" 301 257 "-" "Mozilla/5.0 (SAMSUNG; SAMSUNG-GT-S5253/S5253DDKH1; U; Bada/1.0; en-us) AppleWebKit/533.1 (KHTML, like Gecko) Dolfin/2.0 Mobile WQVGA SMM-MMS/1.2.0 OPN-B"
27.248.20.164 - - [08/Mar/2012:02:59:45 -0800] "GET /s/ta/1nzr/ HTTP/1.1" 302 437 "-" "Mozilla/5.0 (SAMSUNG; SAMSUNG-GT-S5253/S5253DDKH1; U; Bada/1.0; en-us) AppleWebKit/533.1 (KHTML, like Gecko) Dolfin/2.0 Mobile WQVGA SMM-MMS/1.2.0 OPN-B"
119.63.196.50 - - [08/Mar/2012:03:01:43 -0800] "GET /robots.txt HTTP/1.1" 404 142 "-" "Baiduspider+(+http://www.baidu.com/search/spider.htm)"
182.156.229.174 - - [08/Mar/2012:03:02:54 -0800] "-" 400 0 "-" "-"
85.17.88.169 - - [08/Mar/2012:03:03:25 -0800] "POST /blog/wp-cron.php?doing_wp_cron=1331204547 HTTP/1.0" 499 0 "-" "WordPress/3.3.1; http://yuvi.in/blog"
72.14.199.121 - - [08/Mar/2012:03:03:25 -0800] "GET /blog/feed/ HTTP/1.1" 304 0 "-" "Feedfetcher-Google; (+http://www.google.com/feedfetcher.html; 18 subscribers; feed-id=15064232456473204253)"
85.17.88.169 - - [08/Mar/2012:03:04:44 -0800] "POST /blog/wp-cron.php?doing_wp_cron=1331204626 HTTP/1.0" 499 0 "-" "WordPress/3.3.1; http://yuvi.in/blog"
201.0.169.36 - - [08/Mar/2012:03:04:45 -0800] "GET /blog/ HTTP/1.1" 200 44075 "-" "Mozilla/5.0 (compatible; Googlebot/2.1; +http://www.google.com/bot.html)"
182.156.229.174 - - [08/Mar/2012:03:05:02 -0800] "-" 400 0 "-" "-"
182.156.229.174 - - [08/Mar/2012:03:05:02 -0800] "-" 400 0 "-" "-"
182.156.229.174 - - [08/Mar/2012:03:05:02 -0800] "-" 400 0 "-" "-"
182.156.229.174 - - [08/Mar/2012:03:05:02 -0800] "-" 400 0 "-" "-"
182.156.229.174 - - [08/Mar/2012:03:05:02 -0800] "-" 400 0 "-" "-"
182.156.229.174 - - [08/Mar/2012:03:05:02 -0800] "-" 400 0 "-" "-"
182.156.229.174 - - [08/Mar/2012:03:05:02 -0800] "-" 400 0 "-" "-"
182.156.229.174 - - [08/Mar/2012:03:05:02 -0800] "-" 400 0 "-" "-"
182.156.229.174 - - [08/Mar/2012:03:05:02 -0800] "-" 400 0 "-" "-"
66.135.57.47 - - [08/Mar/2012:03:06:16 -0800] "GET /blog/college-drop/ HTTP/1.0" 200 18248 "-" "Mozilla/5.0 (Windows; U; Windows NT 5.1; rv:1.7.3) Gecko/20041001 Firefox/0.10.1"
85.17.88.169 - - [08/Mar/2012:03:06:20 -0800] "POST /blog/wp-cron.php?doing_wp_cron=1331204722 HTTP/1.0" 499 0 "-" "WordPress/3.3.1; http://yuvi.in/blog"
66.135.57.47 - - [08/Mar/2012:03:06:21 -0800] "GET /blog/passing-headers-proxying-nginx/ HTTP/1.0" 200 16598 "-" "Mozilla/5.0 (Windows; U; Windows NT 5.1; rv:1.7.3) Gecko/20041001 Firefox/0.10.1"
85.17.88.169 - - [08/Mar/2012:03:06:24 -0800] "POST /blog/wp-cron.php?doing_wp_cron=1331204726 HTTP/1.0" 499 0 "-" "WordPress/3.3.1; http://yuvi.in/blog"
66.135.57.47 - - [08/Mar/2012:03:06:24 -0800] "GET /blog/program/ HTTP/1.0" 200 27122 "-" "Mozilla/5.0 (Windows; U; Windows NT 5.1; rv:1.7.3) Gecko/20041001 Firefox/0.10.1"
85.17.88.169 - - [08/Mar/2012:03:06:29 -0800] "POST /blog/wp-cron.php?doing_wp_cron=1331204731 HTTP/1.0" 499 0 "-" "WordPress/3.3.1; http://yuvi.in/blog"
66.135.57.47 - - [08/Mar/2012:03:06:29 -0800] "GET /blog/devlog-december-26-2011/ HTTP/1.0" 200 16602 "-" "Mozilla/5.0 (Windows; U; Windows NT 5.1; rv:1.7.3) Gecko/20041001 Firefox/0.10.1"
85.17.88.169 - - [08/Mar/2012:03:06:32 -0800] "POST /blog/wp-cron.php?doing_wp_cron=1331204735 HTTP/1.0" 499 0 "-" "WordPress/3.3.1; http://yuvi.in/blog"
66.135.57.47 - - [08/Mar/2012:03:06:33 -0800] "GET /blog/devlog-december-23-2011/ HTTP/1.0" 200 16425 "-" "Mozilla/5.0 (Windows; U; Windows NT 5.1; rv:1.7.3) Gecko/20041001 Firefox/0.10.1"
85.17.88.169 - - [08/Mar/2012:03:06:36 -0800] "POST /blog/wp-cron.php?doing_wp_cron=1331204739 HTTP/1.0" 499 0 "-" "WordPress/3.3.1; http://yuvi.in/blog"
66.135.57.47 - - [08/Mar/2012:03:06:37 -0800] "GET /blog/devlog-december-21-2011/ HTTP/1.0" 200 17029 "-" "Mozilla/5.0 (Windows; U; Windows NT 5.1; rv:1.7.3) Gecko/20041001 Firefox/0.10.1"
85.17.88.169 - - [08/Mar/2012:03:06:40 -0800] "POST /blog/wp-cron.php?doing_wp_cron=1331204742 HTTP/1.0" 499 0 "-" "WordPress/3.3.1; http://yuvi.in/blog"
66.135.57.47 - - [08/Mar/2012:03:06:41 -0800] "GET /blog/devlog-december-11-2011/ HTTP/1.0" 200 16500 "-" "Mozilla/5.0 (Windows; U; Windows NT 5.1; rv:1.7.3) Gecko/20041001 Firefox/0.10.1"
85.17.88.169 - - [08/Mar/2012:03:06:43 -0800] "POST /blog/wp-cron.php?doing_wp_cron=1331204746 HTTP/1.0" 499 0 "-" "WordPress/3.3.1; http://yuvi.in/blog"
66.135.57.47 - - [08/Mar/2012:03:06:44 -0800] "GET /blog/devlog-december-10-2011/ HTTP/1.0" 200 16295 "-" "Mozilla/5.0 (Windows; U; Windows NT 5.1; rv:1.7.3) Gecko/20041001 Firefox/0.10.1"
85.17.88.169 - - [08/Mar/2012:03:06:48 -0800] "POST /blog/wp-cron.php?doing_wp_cron=1331204750 HTTP/1.0" 499 0 "-" "WordPress/3.3.1; http://yuvi.in/blog"
66.135.57.47 - - [08/Mar/2012:03:06:48 -0800] "GET /blog/devlog-december-7-2011/ HTTP/1.0" 200 16741 "-" "Mozilla/5.0 (Windows; U; Windows NT 5.1; rv:1.7.3) Gecko/20041001 Firefox/0.10.1"
85.17.88.169 - - [08/Mar/2012:03:06:52 -0800] "POST /blog/wp-cron.php?doing_wp_cron=1331204754 HTTP/1.0" 499 0 "-" "WordPress/3.3.1; http://yuvi.in/blog"
66.135.57.47 - - [08/Mar/2012:03:06:53 -0800] "GET /blog/story-average-indian-techie/ HTTP/1.0" 200 54200 "-" "Mozilla/5.0 (Windows; U; Windows NT 5.1; rv:1.7.3) Gecko/20041001 Firefox/0.10.1"
117.193.159.48 - - [08/Mar/2012:03:07:34 -0800] "-" 400 0 "-" "-"
117.193.159.48 - - [08/Mar/2012:03:07:34 -0800] "-" 400 0 "-" "-"
117.193.159.48 - - [08/Mar/2012:03:07:34 -0800] "-" 400 0 "-" "-"
117.193.159.48 - - [08/Mar/2012:03:07:44 -0800] "-" 400 0 "-" "-"
157.55.112.208 - - [08/Mar/2012:03:08:13 -0800] "-" 400 0 "-" "-"
157.55.112.208 - - [08/Mar/2012:03:08:13 -0800] "-" 400 0 "-" "-"
157.55.112.208 - - [08/Mar/2012:03:08:13 -0800] "-" 400 0 "-" "-"
157.55.112.208 - - [08/Mar/2012:03:08:13 -0800] "-" 400 0 "-" "-"
157.55.112.208 - - [08/Mar/2012:03:08:13 -0800] "-" 400 0 "-" "-"
157.55.112.208 - - [08/Mar/2012:03:08:13 -0800] "-" 400 0 "-" "-"
157.55.112.208 - - [08/Mar/2012:03:08:13 -0800] "-" 400 0 "-" "-"
157.55.112.208 - - [08/Mar/2012:03:08:14 -0800] "-" 400 0 "-" "-"
157.55.112.208 - - [08/Mar/2012:03:08:14 -0800] "-" 400 0 "-" "-"
157.55.112.208 - - [08/Mar/2012:03:08:46 -0800] "-" 400 0 "-" "-"
157.55.112.208 - - [08/Mar/2012:03:08:46 -0800] "-" 400 0 "-" "-"
117.193.159.48 - - [08/Mar/2012:03:11:32 -0800] "-" 400 0 "-" "-"
122.174.16.142 - - [08/Mar/2012:03:11:39 -0800] "-" 400 0 "-" "-"
78.100.16.29 - - [08/Mar/2012:03:13:03 -0800] "GET /favicon.ico HTTP/1.1" 404 211 "-" "Mozilla/4.0 (compatible; MSIE 7.0; Windows NT 5.1; AskTbPTV/5.14.1.20007)"
78.100.16.29 - - [08/Mar/2012:03:13:06 -0800] "GET /r/1z5n HTTP/1.1" 301 257 "http://www.muthukamalam.com/" "Mozilla/4.0 (compatible; MSIE 7.0; Windows NT 5.1; AskTbPTV/5.14.1.20007)"
78.100.16.29 - - [08/Mar/2012:03:13:06 -0800] "GET /s/ta/1z5n/ HTTP/1.1" 302 609 "http://www.muthukamalam.com/" "Mozilla/4.0 (compatible; MSIE 7.0; Windows NT 5.1; AskTbPTV/5.14.1.20007)"
14.99.76.128 - - [08/Mar/2012:03:13:16 -0800] "-" 400 0 "-" "-"
122.165.17.17 - - [08/Mar/2012:03:14:07 -0800] "-" 400 0 "-" "-"
122.165.17.17 - - [08/Mar/2012:03:14:32 -0800] "-" 400 0 "-" "-"
113.193.118.241 - - [08/Mar/2012:03:15:13 -0800] "-" 400 0 "-" "-"
115.184.54.144 - - [08/Mar/2012:03:15:56 -0800] "-" 400 0 "-" "-"
122.174.16.142 - - [08/Mar/2012:03:15:59 -0800] "-" 400 0 "-" "-"
122.174.16.142 - - [08/Mar/2012:03:16:39 -0800] "-" 400 0 "-" "-"
122.174.41.115 - - [08/Mar/2012:03:18:12 -0800] "-" 400 0 "-" "-"
122.174.16.142 - - [08/Mar/2012:03:18:49 -0800] "-" 400 0 "-" "-"
122.174.16.142 - - [08/Mar/2012:03:18:49 -0800] "-" 400 0 "-" "-"
122.174.16.142 - - [08/Mar/2012:03:18:49 -0800] "-" 400 0 "-" "-"
122.174.16.142 - - [08/Mar/2012:03:18:49 -0800] "-" 400 0 "-" "-"
122.164.135.117 - - [08/Mar/2012:03:18:50 -0800] "-" 400 0 "-" "-"
109.161.132.202 - - [08/Mar/2012:03:19:31 -0800] "GET /r/1x7m HTTP/1.1" 301 257 "http://www.facebook.com/l.php?u=http%3A%2F%2Ftawp.in%2Fr%2F1x7m&h=iAQGHNYJiAQGS4PbtTTdd6cIu-m6tGDDW57_j-aJ4S0vehw&enc=AZMvLCYqVal7c-zkAvtfeWeYzNzH9WuPTJW8T3CBga8DZieNAvWEp7L6DTlz_MvtEhzeoXbC30n8SKZ4sI-JDA47" "Mozilla/5.0 (Windows NT 6.1) AppleWebKit/535.11 (KHTML, like Gecko) Chrome/17.0.963.66 Safari/535.11"
109.161.132.202 - - [08/Mar/2012:03:19:31 -0800] "GET /s/ta/1x7m/ HTTP/1.1" 302 513 "http://www.facebook.com/l.php?u=http%3A%2F%2Ftawp.in%2Fr%2F1x7m&h=iAQGHNYJiAQGS4PbtTTdd6cIu-m6tGDDW57_j-aJ4S0vehw&enc=AZMvLCYqVal7c-zkAvtfeWeYzNzH9WuPTJW8T3CBga8DZieNAvWEp7L6DTlz_MvtEhzeoXbC30n8SKZ4sI-JDA47" "Mozilla/5.0 (Windows NT 6.1) AppleWebKit/535.11 (KHTML, like Gecko) Chrome/17.0.963.66 Safari/535.11"
122.164.159.224 - - [08/Mar/2012:03:20:12 -0800] "-" 400 0 "-" "-"
85.17.88.169 - - [08/Mar/2012:03:20:26 -0800] "POST /blog/wp-cron.php?doing_wp_cron=1331205569 HTTP/1.0" 499 0 "-" "WordPress/3.3.1; http://yuvi.in/blog"
208.115.111.68 - - [08/Mar/2012:03:20:27 -0800] "GET /blog/hackfest-09-expectations/feed/ HTTP/1.1" 200 777 "-" "Mozilla/5.0 (compatible; Ezooms/1.0; ezooms.bot@gmail.com)"
85.17.88.169 - - [08/Mar/2012:03:20:33 -0800] "POST /blog/wp-cron.php?doing_wp_cron=1331205576 HTTP/1.0" 499 0 "-" "WordPress/3.3.1; http://yuvi.in/blog"
208.115.111.68 - - [08/Mar/2012:03:20:34 -0800] "GET /blog/tag/fiction/feed/ HTTP/1.1" 200 3086 "-" "Mozilla/5.0 (compatible; Ezooms/1.0; ezooms.bot@gmail.com)"
122.174.16.142 - - [08/Mar/2012:03:20:39 -0800] "-" 400 0 "-" "-"
122.174.16.142 - - [08/Mar/2012:03:20:39 -0800] "-" 400 0 "-" "-"
122.174.16.142 - - [08/Mar/2012:03:20:39 -0800] "-" 400 0 "-" "-"
122.174.16.142 - - [08/Mar/2012:03:20:39 -0800] "-" 400 0 "-" "-"
122.174.16.142 - - [08/Mar/2012:03:20:39 -0800] "-" 400 0 "-" "-"
85.17.88.169 - - [08/Mar/2012:03:20:44 -0800] "POST /blog/wp-cron.php?doing_wp_cron=1331205586 HTTP/1.0" 499 0 "-" "WordPress/3.3.1; http://yuvi.in/blog"
208.115.111.68 - - [08/Mar/2012:03:20:44 -0800] "GET /blog/tag/travel/ HTTP/1.1" 200 15312 "-" "Mozilla/5.0 (compatible; Ezooms/1.0; ezooms.bot@gmail.com)"
122.174.16.142 - - [08/Mar/2012:03:22:29 -0800] "-" 400 0 "-" "-"
122.174.16.142 - - [08/Mar/2012:03:22:29 -0800] "-" 400 0 "-" "-"
122.174.16.142 - - [08/Mar/2012:03:22:29 -0800] "-" 400 0 "-" "-"
66.249.71.97 - - [08/Mar/2012:03:22:39 -0800] "GET /stories/tag/colorless.html HTTP/1.1" 200 1059 "-" "Mozilla/5.0 (iPhone; U; CPU iPhone OS 4_1 like Mac OS X; en-us) AppleWebKit/532.9 (KHTML, like Gecko) Version/4.0.5 Mobile/8B117 Safari/6531.22.7 (compatible; Googlebot-Mobile/2.1; +http://www.google.com/bot.html)"
122.164.135.117 - - [08/Mar/2012:03:22:40 -0800] "-" 400 0 "-" "-"
117.206.95.251 - - [08/Mar/2012:03:23:30 -0800] "GET /r/28tq HTTP/1.1" 301 257 "http://ta.wikipedia.org/wiki/%E0%AE%AA%E0%AF%82%E0%AE%AE%E0%AE%BF%E0%AE%A4%E0%AE%BE%E0%AE%A9_%E0%AE%A8%E0%AE%BE%E0%AE%B3%E0%AF%8D" "Mozilla/5.0 (Windows NT 5.1) AppleWebKit/535.11 (KHTML, like Gecko) Chrome/17.0.963.66 Safari/535.11"
117.206.95.251 - - [08/Mar/2012:03:23:31 -0800] "GET /s/ta/28tq/ HTTP/1.1" 302 401 "http://ta.wikipedia.org/wiki/%E0%AE%AA%E0%AF%82%E0%AE%AE%E0%AE%BF%E0%AE%A4%E0%AE%BE%E0%AE%A9_%E0%AE%A8%E0%AE%BE%E0%AE%B3%E0%AF%8D" "Mozilla/5.0 (Windows NT 5.1) AppleWebKit/535.11 (KHTML, like Gecko) Chrome/17.0.963.66 Safari/535.11"
122.174.16.142 - - [08/Mar/2012:03:23:39 -0800] "-" 400 0 "-" "-"
117.206.95.251 - - [08/Mar/2012:03:23:48 -0800] "-" 400 0 "-" "-"
115.242.161.241 - - [08/Mar/2012:03:24:15 -0800] "-" 400 0 "-" "-"
122.164.135.117 - - [08/Mar/2012:03:24:30 -0800] "-" 400 0 "-" "-"
113.193.118.241 - - [08/Mar/2012:03:25:03 -0800] "-" 400 0 "-" "-"
122.178.171.100 - - [08/Mar/2012:03:25:24 -0800] "-" 400 0 "-" "-"
85.17.88.169 - - [08/Mar/2012:03:25:51 -0800] "POST /blog/wp-cron.php?doing_wp_cron=1331205894 HTTP/1.0" 499 0 "-" "WordPress/3.3.1; http://yuvi.in/blog"
72.14.199.121 - - [08/Mar/2012:03:25:52 -0800] "GET /blog/feed HTTP/1.1" 301 0 "-" "Feedfetcher-Google; (+http://www.google.com/feedfetcher.html; 3 subscribers; feed-id=17684830852112633560)"
85.17.88.169 - - [08/Mar/2012:03:25:54 -0800] "POST /blog/wp-cron.php?doing_wp_cron=1331205896 HTTP/1.0" 499 0 "-" "WordPress/3.3.1; http://yuvi.in/blog"
72.14.199.121 - - [08/Mar/2012:03:25:54 -0800] "GET /blog/feed/ HTTP/1.1" 304 0 "-" "Feedfetcher-Google; (+http://www.google.com/feedfetcher.html; 3 subscribers; feed-id=17684830852112633560)"
122.174.41.115 - - [08/Mar/2012:03:27:20 -0800] "-" 400 0 "-" "-"
85.17.88.169 - - [08/Mar/2012:03:28:55 -0800] "POST /blog/wp-cron.php?doing_wp_cron=1331206077 HTTP/1.0" 499 0 "-" "WordPress/3.3.1; http://yuvi.in/blog"
209.85.224.81 - - [08/Mar/2012:03:28:56 -0800] "GET /blog/feed HTTP/1.1" 304 0 "-" "FeedBurner/1.0 (http://www.FeedBurner.com)"
180.215.62.47 - - [08/Mar/2012:03:29:26 -0800] "GET /blog HTTP/1.1" 301 178 "-" "Mozilla/5.0 (X11; Linux i686) AppleWebKit/535.1 (KHTML, like Gecko) Chrome/14.0.835.202 Safari/535.1"
85.17.88.169 - - [08/Mar/2012:03:29:28 -0800] "POST /blog/wp-cron.php?doing_wp_cron=1331206110 HTTP/1.0" 499 0 "-" "WordPress/3.3.1; http://yuvi.in/blog"
180.215.62.47 - - [08/Mar/2012:03:29:28 -0800] "GET /blog/ HTTP/1.1" 200 13760 "-" "Mozilla/5.0 (X11; Linux i686) AppleWebKit/535.1 (KHTML, like Gecko) Chrome/14.0.835.202 Safari/535.1"
180.215.62.47 - - [08/Mar/2012:03:29:31 -0800] "GET /favicon.ico HTTP/1.1" 404 199 "-" "Mozilla/5.0 (X11; Linux i686) AppleWebKit/535.1 (KHTML, like Gecko) Chrome/14.0.835.202 Safari/535.1"
122.174.41.115 - - [08/Mar/2012:03:29:40 -0800] "-" 400 0 "-" "-"
85.17.88.169 - - [08/Mar/2012:03:30:04 -0800] "POST /blog/wp-cron.php?doing_wp_cron=1331206146 HTTP/1.0" 499 0 "-" "WordPress/3.3.1; http://yuvi.in/blog"
180.215.62.47 - - [08/Mar/2012:03:30:04 -0800] "GET /blog/2011/04/ HTTP/1.1" 200 5715 "http://yuvi.in/blog/" "Mozilla/5.0 (X11; Linux i686) AppleWebKit/535.1 (KHTML, like Gecko) Chrome/14.0.835.202 Safari/535.1"
180.215.62.47 - - [08/Mar/2012:03:30:25 -0800] "GET /favicon.ico HTTP/1.1" 404 199 "-" "Mozilla/5.0 (X11; Linux i686) AppleWebKit/535.1 (KHTML, like Gecko) Chrome/14.0.835.202 Safari/535.1"
122.174.41.115 - - [08/Mar/2012:03:31:09 -0800] "-" 400 0 "-" "-"
122.174.41.115 - - [08/Mar/2012:03:31:39 -0800] "-" 400 0 "-" "-"
123.125.71.22 - - [08/Mar/2012:03:35:10 -0800] "GET / HTTP/1.1" 200 3439 "-" "Mozilla/5.0 (compatible; Baiduspider/2.0; +http://www.baidu.com/search/spider.html)"
117.216.96.205 - - [08/Mar/2012:03:35:50 -0800] "-" 400 0 "-" "-"
220.181.108.84 - - [08/Mar/2012:03:35:55 -0800] "GET / HTTP/1.1" 200 3439 "-" "Mozilla/5.0 (compatible; Baiduspider/2.0; +http://www.baidu.com/search/spider.html)"
117.216.96.205 - - [08/Mar/2012:03:36:26 -0800] "-" 400 0 "-" "-"
122.164.162.58 - - [08/Mar/2012:03:36:40 -0800] "-" 400 0 "-" "-"
122.164.162.58 - - [08/Mar/2012:03:36:40 -0800] "-" 400 0 "-" "-"
67.215.230.27 - - [08/Mar/2012:03:37:11 -0800] "GET /robots.txt HTTP/1.0" 404 169 "-" "Setooz/Nutch-1.2 (http://www.setooz.com)"
67.215.230.27 - - [08/Mar/2012:03:37:11 -0800] "GET /stories HTTP/1.0" 301 185 "-" "Setooz/Nutch-1.2 (http://www.setooz.com)"
85.17.88.169 - - [08/Mar/2012:03:37:16 -0800] "POST /blog/wp-cron.php?doing_wp_cron=1331206578 HTTP/1.0" 499 0 "-" "WordPress/3.3.1; http://yuvi.in/blog"
180.76.5.147 - - [08/Mar/2012:03:37:17 -0800] "GET /blog/2011/12/ HTTP/1.1" 200 13420 "-" "Mozilla/5.0 (compatible; Baiduspider/2.0; +http://www.baidu.com/search/spider.html)"
67.215.230.28 - - [08/Mar/2012:03:37:18 -0800] "GET /robots.txt HTTP/1.0" 404 169 "-" "Setooz/Nutch-1.2 (http://www.setooz.com)"
67.215.230.28 - - [08/Mar/2012:03:37:18 -0800] "GET / HTTP/1.0" 200 3439 "-" "Setooz/Nutch-1.2 (http://www.setooz.com)"
121.49.127.41 - - [08/Mar/2012:03:37:32 -0800] "GET /favicon.ico HTTP/1.1" 404 199 "http://prashanth-kamle.blogspot.com/2009/03/viterbi-algorithm-for-second-order.html" "Mozilla/5.0 (X11; Linux x86_64) AppleWebKit/535.11 (KHTML, like Gecko) Chrome/17.0.963.66 Safari/535.11"
122.164.245.255 - - [08/Mar/2012:03:37:33 -0800] "-" 400 0 "-" "-"
121.49.127.41 - - [08/Mar/2012:03:37:50 -0800] "-" 400 0 "-" "-"
209.85.224.86 - - [08/Mar/2012:03:39:33 -0800] "GET /stories/feed HTTP/1.1" 200 13653 "-" "FeedBurner/1.0 (http://www.FeedBurner.com)"
122.164.159.224 - - [08/Mar/2012:03:41:35 -0800] "-" 400 0 "-" "-"
85.17.88.169 - - [08/Mar/2012:03:41:55 -0800] "POST /blog/wp-cron.php?doing_wp_cron=1331206858 HTTP/1.0" 499 0 "-" "WordPress/3.3.1; http://yuvi.in/blog"
180.215.62.47 - - [08/Mar/2012:03:41:56 -0800] "GET /blog/2011/05/ HTTP/1.1" 200 8184 "-" "Mozilla/5.0 (X11; Linux i686) AppleWebKit/535.1 (KHTML, like Gecko) Chrome/14.0.835.202 Safari/535.1"
180.215.62.47 - - [08/Mar/2012:03:42:01 -0800] "GET /blog/wp-content/themes/cleanr/style.css HTTP/1.1" 304 0 "http://yuvi.in/blog/2011/05/" "Mozilla/5.0 (X11; Linux i686) AppleWebKit/535.1 (KHTML, like Gecko) Chrome/14.0.835.202 Safari/535.1"
180.215.62.47 - - [08/Mar/2012:03:42:01 -0800] "GET /blog/wp-includes/js/jquery/jquery.js?ver=1.7.1 HTTP/1.1" 304 0 "http://yuvi.in/blog/2011/05/" "Mozilla/5.0 (X11; Linux i686) AppleWebKit/535.1 (KHTML, like Gecko) Chrome/14.0.835.202 Safari/535.1"
180.215.62.47 - - [08/Mar/2012:03:42:01 -0800] "GET /blog/wp-content/themes/cleanr/js/jquery.dropdown.js?ver=3.3.1 HTTP/1.1" 304 0 "http://yuvi.in/blog/2011/05/" "Mozilla/5.0 (X11; Linux i686) AppleWebKit/535.1 (KHTML, like Gecko) Chrome/14.0.835.202 Safari/535.1"
180.215.62.47 - - [08/Mar/2012:03:42:05 -0800] "GET /blog/wp-content/themes/cleanr/css/reset.css HTTP/1.1" 304 0 "http://yuvi.in/blog/2011/05/" "Mozilla/5.0 (X11; Linux i686) AppleWebKit/535.1 (KHTML, like Gecko) Chrome/14.0.835.202 Safari/535.1"
180.215.62.47 - - [08/Mar/2012:03:42:05 -0800] "GET /blog/wp-content/themes/cleanr/css/text.css HTTP/1.1" 304 0 "http://yuvi.in/blog/2011/05/" "Mozilla/5.0 (X11; Linux i686) AppleWebKit/535.1 (KHTML, like Gecko) Chrome/14.0.835.202 Safari/535.1"
180.215.62.47 - - [08/Mar/2012:03:42:05 -0800] "GET /blog/wp-content/themes/cleanr/css/960.css HTTP/1.1" 304 0 "http://yuvi.in/blog/2011/05/" "Mozilla/5.0 (X11; Linux i686) AppleWebKit/535.1 (KHTML, like Gecko) Chrome/14.0.835.202 Safari/535.1"
122.164.159.224 - - [08/Mar/2012:03:42:05 -0800] "-" 400 0 "-" "-"
122.164.159.224 - - [08/Mar/2012:03:42:06 -0800] "-" 400 0 "-" "-"
122.164.159.224 - - [08/Mar/2012:03:42:06 -0800] "-" 400 0 "-" "-"
180.215.62.47 - - [08/Mar/2012:03:42:08 -0800] "GET /blog/wp-content/themes/cleanr/images/search_magnifier.gif HTTP/1.1" 304 0 "http://yuvi.in/blog/2011/05/" "Mozilla/5.0 (X11; Linux i686) AppleWebKit/535.1 (KHTML, like Gecko) Chrome/14.0.835.202 Safari/535.1"
180.215.62.47 - - [08/Mar/2012:03:42:22 -0800] "GET /favicon.ico HTTP/1.1" 404 199 "-" "Mozilla/5.0 (X11; Linux i686) AppleWebKit/535.1 (KHTML, like Gecko) Chrome/14.0.835.202 Safari/535.1"
117.216.96.205 - - [08/Mar/2012:03:42:23 -0800] "-" 400 0 "-" "-"
69.171.229.246 - - [08/Mar/2012:03:43:23 -0800] "GET /blog/nen-first-dot-2010-what-i-learnt.html HTTP/1.1" 200 3898 "-" "facebookexternalhit/1.1 (+http://www.facebook.com/externalhit_uatext.php)"
122.174.41.115 - - [08/Mar/2012:03:43:30 -0800] "-" 400 0 "-" "-"
122.178.171.100 - - [08/Mar/2012:03:45:24 -0800] "-" 400 0 "-" "-"
207.46.192.50 - - [08/Mar/2012:03:45:27 -0800] "GET /robots.txt HTTP/1.1" 404 169 "-" "Mozilla/5.0 (compatible; bingbot/2.0; +http://www.bing.com/bingbot.htm)"
122.178.171.100 - - [08/Mar/2012:03:45:54 -0800] "-" 400 0 "-" "-"
122.178.171.100 - - [08/Mar/2012:03:45:54 -0800] "-" 400 0 "-" "-"
117.206.86.217 - - [08/Mar/2012:03:46:11 -0800] "GET /r/26x HTTP/1.1" 301 255 "http://ta.wikipedia.org/wiki/%E0%AE%B5%E0%AE%BF%E0%AE%95%E0%AF%8D%E0%AE%95%E0%AE%BF%E0%AE%AA%E0%AF%8D%E0%AE%AA%E0%AF%80%E0%AE%9F%E0%AE%BF%E0%AE%AF%E0%AE%BE:%E0%AE%A4%E0%AE%AE%E0%AE%BF%E0%AE%B4%E0%AF%8D_%E0%AE%A4%E0%AE%9F%E0%AF%8D%E0%AE%9F%E0%AE%9A%E0%AF%8D%E0%AE%9A%E0%AF%81" "Mozilla/5.0 (Windows NT 5.1; rv:2.0) Gecko/20100101 Firefox/4.0"
117.206.86.217 - - [08/Mar/2012:03:46:12 -0800] "GET /s/ta/26x/ HTTP/1.1" 302 619 "http://ta.wikipedia.org/wiki/%E0%AE%B5%E0%AE%BF%E0%AE%95%E0%AF%8D%E0%AE%95%E0%AE%BF%E0%AE%AA%E0%AF%8D%E0%AE%AA%E0%AF%80%E0%AE%9F%E0%AE%BF%E0%AE%AF%E0%AE%BE:%E0%AE%A4%E0%AE%AE%E0%AE%BF%E0%AE%B4%E0%AF%8D_%E0%AE%A4%E0%AE%9F%E0%AF%8D%E0%AE%9F%E0%AE%9A%E0%AF%8D%E0%AE%9A%E0%AF%81" "Mozilla/5.0 (Windows NT 5.1; rv:2.0) Gecko/20100101 Firefox/4.0"
117.216.96.205 - - [08/Mar/2012:03:46:16 -0800] "-" 400 0 "-" "-"
85.17.88.169 - - [08/Mar/2012:03:46:32 -0800] "POST /blog/wp-cron.php?doing_wp_cron=1331207134 HTTP/1.0" 499 0 "-" "WordPress/3.3.1; http://yuvi.in/blog"
100.43.83.144 - - [08/Mar/2012:03:46:32 -0800] "GET /r/1kdy HTTP/1.1" 301 257 "-" "Mozilla/5.0 (compatible; YandexBot/3.0; +http://yandex.com/bots)"
100.43.83.144 - - [08/Mar/2012:03:46:33 -0800] "GET /blog/infosys-tcs-or-wipro-none/ HTTP/1.1" 200 7765 "-" "Mozilla/5.0 (compatible; YandexBot/3.0; +http://yandex.com/bots)"
117.193.77.203 - - [08/Mar/2012:03:46:51 -0800] "-" 400 0 "-" "-"
117.193.77.203 - - [08/Mar/2012:03:47:21 -0800] "-" 400 0 "-" "-"
117.193.77.203 - - [08/Mar/2012:03:47:41 -0800] "-" 400 0 "-" "-"
115.184.3.199 - - [08/Mar/2012:03:48:35 -0800] "GET /r/jyu HTTP/1.1" 301 255 "http://ta.wikipedia.org/wiki/%E0%AE%AA%E0%AE%95%E0%AF%81%E0%AE%AA%E0%AF%8D%E0%AE%AA%E0%AF%81:%E0%AE%A4%E0%AE%AE%E0%AE%BF%E0%AE%B4%E0%AF%8D%E0%AE%A4%E0%AF%8D_%E0%AE%A4%E0%AE%BF%E0%AE%B0%E0%AF%88%E0%AE%AA%E0%AF%8D%E0%AE%AA%E0%AE%9F_%E0%AE%87%E0%AE%AF%E0%AE%95%E0%AF%8D%E0%AE%95%E0%AF%81%E0%AE%A8%E0%AE%B0%E0%AF%8D%E0%AE%95%E0%AE%B3%E0%AF%8D" "Mozilla/5.0 (Windows NT 5.1) AppleWebKit/535.11 (KHTML, like Gecko) Chrome/17.0.963.66 Safari/535.11"
115.184.3.199 - - [08/Mar/2012:03:48:36 -0800] "GET /s/ta/jyu/ HTTP/1.1" 302 683 "http://ta.wikipedia.org/wiki/%E0%AE%AA%E0%AE%95%E0%AF%81%E0%AE%AA%E0%AF%8D%E0%AE%AA%E0%AF%81:%E0%AE%A4%E0%AE%AE%E0%AE%BF%E0%AE%B4%E0%AF%8D%E0%AE%A4%E0%AF%8D_%E0%AE%A4%E0%AE%BF%E0%AE%B0%E0%AF%88%E0%AE%AA%E0%AF%8D%E0%AE%AA%E0%AE%9F_%E0%AE%87%E0%AE%AF%E0%AE%95%E0%AF%8D%E0%AE%95%E0%AF%81%E0%AE%A8%E0%AE%B0%E0%AF%8D%E0%AE%95%E0%AE%B3%E0%AF%8D" "Mozilla/5.0 (Windows NT 5.1) AppleWebKit/535.11 (KHTML, like Gecko) Chrome/17.0.963.66 Safari/535.11"
115.184.3.199 - - [08/Mar/2012:03:48:50 -0800] "-" 400 0 "-" "-"
85.17.88.169 - - [08/Mar/2012:03:50:49 -0800] "POST /blog/wp-cron.php?doing_wp_cron=1331207392 HTTP/1.0" 499 0 "-" "WordPress/3.3.1; http://yuvi.in/blog"
208.115.113.84 - - [08/Mar/2012:03:50:50 -0800] "GET /blog/2011/06/13/ HTTP/1.1" 200 15178 "-" "Mozilla/5.0 (compatible; Ezooms/1.0; ezooms.bot@gmail.com)"
208.115.113.84 - - [08/Mar/2012:03:50:55 -0800] "GET /blog/cute-dress.html HTTP/1.1" 200 7342 "-" "Mozilla/5.0 (compatible; Ezooms/1.0; ezooms.bot@gmail.com)"
207.46.204.211 - - [08/Mar/2012:03:51:30 -0800] "-" 400 0 "-" "-"
207.46.204.211 - - [08/Mar/2012:03:51:40 -0800] "-" 400 0 "-" "-"
207.46.204.211 - - [08/Mar/2012:03:51:44 -0800] "-" 400 0 "-" "-"
207.46.204.211 - - [08/Mar/2012:03:51:44 -0800] "-" 400 0 "-" "-"
207.46.204.211 - - [08/Mar/2012:03:51:44 -0800] "-" 400 0 "-" "-"
207.46.204.211 - - [08/Mar/2012:03:51:48 -0800] "-" 400 0 "-" "-"
207.46.204.211 - - [08/Mar/2012:03:51:50 -0800] "-" 400 0 "-" "-"
207.46.204.211 - - [08/Mar/2012:03:51:50 -0800] "-" 400 0 "-" "-"
207.46.204.211 - - [08/Mar/2012:03:51:50 -0800] "-" 400 0 "-" "-"
207.46.204.211 - - [08/Mar/2012:03:51:51 -0800] "-" 400 0 "-" "-"
207.46.204.211 - - [08/Mar/2012:03:52:17 -0800] "-" 400 0 "-" "-"
117.193.242.235 - - [08/Mar/2012:03:54:48 -0800] "GET /r/ck6 HTTP/1.1" 301 255 "-" "Mozilla/5.0 (Windows NT 6.1) AppleWebKit/535.19 (KHTML, like Gecko) Chrome/18.0.1025.45 Safari/535.19"
117.193.242.235 - - [08/Mar/2012:03:54:48 -0800] "GET /s/ta/ck6/ HTTP/1.1" 302 403 "-" "Mozilla/5.0 (Windows NT 6.1) AppleWebKit/535.19 (KHTML, like Gecko) Chrome/18.0.1025.45 Safari/535.19"
85.17.88.169 - - [08/Mar/2012:03:59:04 -0800] "POST /blog/wp-cron.php?doing_wp_cron=1331207886 HTTP/1.0" 499 0 "-" "WordPress/3.3.1; http://yuvi.in/blog"
209.85.224.98 - - [08/Mar/2012:03:59:04 -0800] "GET /blog/feed HTTP/1.1" 304 0 "-" "FeedBurner/1.0 (http://www.FeedBurner.com)"
122.178.198.218 - - [08/Mar/2012:03:59:55 -0800] "GET /favicon.ico HTTP/1.1" 404 142 "-" "Mozilla/5.0 (X11; Linux i686; rv:11.0) Gecko/20100101 Firefox/11.0"
122.178.198.218 - - [08/Mar/2012:04:00:01 -0800] "-" 400 0 "-" "-"
117.242.224.141 - - [08/Mar/2012:04:01:40 -0800] "GET /r/22gx HTTP/1.1" 301 257 "http://ta.wikipedia.org/wiki/%E0%AE%B5%E0%AF%80%E0%AE%B0%E0%AE%AE%E0%AE%BE%E0%AE%AE%E0%AF%81%E0%AE%A9%E0%AE%BF%E0%AE%B5%E0%AE%B0%E0%AF%8D_%E0%AE%A8%E0%AF%82%E0%AE%B2%E0%AF%8D%E0%AE%95%E0%AE%B3%E0%AE%BF%E0%AE%B2%E0%AF%8D_%E0%AE%A4%E0%AE%BF%E0%AE%B0%E0%AF%81%E0%AE%95%E0%AF%8D%E0%AE%95%E0%AF%81%E0%AE%B1%E0%AE%B3%E0%AF%8D" "Mozilla/5.0 (Windows NT 6.1; rv:10.0.1) Gecko/20100101 Firefox/10.0.1"
117.242.224.141 - - [08/Mar/2012:04:01:41 -0800] "GET /s/ta/22gx/ HTTP/1.1" 302 657 "http://ta.wikipedia.org/wiki/%E0%AE%B5%E0%AF%80%E0%AE%B0%E0%AE%AE%E0%AE%BE%E0%AE%AE%E0%AF%81%E0%AE%A9%E0%AE%BF%E0%AE%B5%E0%AE%B0%E0%AF%8D_%E0%AE%A8%E0%AF%82%E0%AE%B2%E0%AF%8D%E0%AE%95%E0%AE%B3%E0%AE%BF%E0%AE%B2%E0%AF%8D_%E0%AE%A4%E0%AE%BF%E0%AE%B0%E0%AF%81%E0%AE%95%E0%AF%8D%E0%AE%95%E0%AF%81%E0%AE%B1%E0%AE%B3%E0%AF%8D" "Mozilla/5.0 (Windows NT 6.1; rv:10.0.1) Gecko/20100101 Firefox/10.0.1"
117.242.224.141 - - [08/Mar/2012:04:01:45 -0800] "-" 400 0 "-" "-"
117.242.224.141 - - [08/Mar/2012:04:01:46 -0800] "-" 400 0 "-" "-"
117.242.224.141 - - [08/Mar/2012:04:01:46 -0800] "-" 400 0 "-" "-"
85.17.88.169 - - [08/Mar/2012:04:04:24 -0800] "POST /blog/wp-cron.php?doing_wp_cron=1331208206 HTTP/1.0" 499 0 "-" "WordPress/3.3.1; http://yuvi.in/blog"
72.14.199.121 - - [08/Mar/2012:04:04:24 -0800] "GET /blog/feed/ HTTP/1.1" 304 0 "-" "Feedfetcher-Google; (+http://www.google.com/feedfetcher.html; 18 subscribers; feed-id=15064232456473204253)"
85.17.88.169 - - [08/Mar/2012:04:05:18 -0800] "POST /blog/wp-cron.php?doing_wp_cron=1331208260 HTTP/1.0" 499 0 "-" "WordPress/3.3.1; http://yuvi.in/blog"
180.215.72.120 - - [08/Mar/2012:04:05:20 -0800] "GET /blog/2011/08/ HTTP/1.1" 200 15960 "http://yuvi.in/blog/2011/05/" "Mozilla/5.0 (X11; Linux i686) AppleWebKit/535.1 (KHTML, like Gecko) Chrome/14.0.835.202 Safari/535.1"
180.215.72.120 - - [08/Mar/2012:04:05:27 -0800] "GET /favicon.ico HTTP/1.1" 404 199 "-" "Mozilla/5.0 (X11; Linux i686) AppleWebKit/535.1 (KHTML, like Gecko) Chrome/14.0.835.202 Safari/535.1"
203.153.223.82 - - [08/Mar/2012:04:07:06 -0800] "GET /r/12q0 HTTP/1.1" 301 257 "http://ta.wikipedia.org/wiki/%E0%AE%AA%E0%AF%8A%E0%AE%B0%E0%AF%81%E0%AE%B3%E0%AE%BF%E0%AE%AF%E0%AE%B2%E0%AF%8D_%E0%AE%A4%E0%AE%B2%E0%AF%88%E0%AE%AA%E0%AF%8D%E0%AE%AA%E0%AF%81%E0%AE%95%E0%AE%B3%E0%AF%8D_%E0%AE%AA%E0%AE%9F%E0%AF%8D%E0%AE%9F%E0%AE%BF%E0%AE%AF%E0%AE%B2%E0%AF%8D" "Mozilla/5.0 (compatible; MSIE 9.0; Windows NT 6.1; Trident/5.0)"
203.153.223.82 - - [08/Mar/2012:04:07:07 -0800] "GET /s/ta/12q0/ HTTP/1.1" 302 597 "http://ta.wikipedia.org/wiki/%E0%AE%AA%E0%AF%8A%E0%AE%B0%E0%AF%81%E0%AE%B3%E0%AE%BF%E0%AE%AF%E0%AE%B2%E0%AF%8D_%E0%AE%A4%E0%AE%B2%E0%AF%88%E0%AE%AA%E0%AF%8D%E0%AE%AA%E0%AF%81%E0%AE%95%E0%AE%B3%E0%AF%8D_%E0%AE%AA%E0%AE%9F%E0%AF%8D%E0%AE%9F%E0%AE%BF%E0%AE%AF%E0%AE%B2%E0%AF%8D" "Mozilla/5.0 (compatible; MSIE 9.0; Windows NT 6.1; Trident/5.0)"
77.180.43.138 - - [08/Mar/2012:04:07:28 -0800] "GET /blog/ HTTP/1.1" 200 44240 "-" "Mozilla/5.0 (compatible; Googlebot/2.1; +http://www.google.com/bot.html)"
184.73.84.91 - - [08/Mar/2012:04:08:29 -0800] "HEAD /r/jai HTTP/1.1" 301 0 "-" "-"
184.73.84.91 - - [08/Mar/2012:04:08:29 -0800] "HEAD /s/ta/jai/ HTTP/1.1" 302 0 "-" "-"
14.194.165.102 - - [08/Mar/2012:04:11:05 -0800] "-" 400 0 "-" "-"
122.164.187.241 - - [08/Mar/2012:04:14:14 -0800] "-" 400 0 "-" "-"
117.206.113.48 - - [08/Mar/2012:04:14:58 -0800] "GET /r/2xe1 HTTP/1.1" 301 257 "http://ta.wikipedia.org/wiki/%E0%AE%A4%E0%AF%81%E0%AE%AA%E0%AF%8D%E0%AE%AA%E0%AE%BE%E0%AE%95%E0%AF%8D%E0%AE%95%E0%AE%BF_(%E0%AE%A4%E0%AE%BF%E0%AE%B0%E0%AF%88%E0%AE%AA%E0%AF%8D%E0%AE%AA%E0%AE%9F%E0%AE%AE%E0%AF%8D)" "Mozilla/5.0 (Windows NT 6.1; WOW64) AppleWebKit/535.11 (KHTML, like Gecko) Chrome/17.0.963.66 Safari/535.11"
117.206.113.48 - - [08/Mar/2012:04:14:58 -0800] "GET /s/ta/2xe1/ HTTP/1.1" 302 517 "http://ta.wikipedia.org/wiki/%E0%AE%A4%E0%AF%81%E0%AE%AA%E0%AF%8D%E0%AE%AA%E0%AE%BE%E0%AE%95%E0%AF%8D%E0%AE%95%E0%AE%BF_(%E0%AE%A4%E0%AE%BF%E0%AE%B0%E0%AF%88%E0%AE%AA%E0%AF%8D%E0%AE%AA%E0%AE%9F%E0%AE%AE%E0%AF%8D)" "Mozilla/5.0 (Windows NT 6.1; WOW64) AppleWebKit/535.11 (KHTML, like Gecko) Chrome/17.0.963.66 Safari/535.11"
117.206.113.48 - - [08/Mar/2012:04:15:08 -0800] "-" 400 0 "-" "-"
117.193.205.1 - - [08/Mar/2012:04:15:34 -0800] "-" 400 0 "-" "-"
122.164.187.241 - - [08/Mar/2012:04:15:44 -0800] "-" 400 0 "-" "-"
122.164.187.241 - - [08/Mar/2012:04:15:54 -0800] "-" 400 0 "-" "-"
122.164.187.241 - - [08/Mar/2012:04:15:54 -0800] "-" 400 0 "-" "-"
122.164.187.241 - - [08/Mar/2012:04:15:54 -0800] "-" 400 0 "-" "-"
8.21.4.254 - - [08/Mar/2012:04:17:09 -0800] "GET /r HTTP/1.1" 404 238 "-" "Mozilla/4.0 (compatible; MSIE 7.0; Windows NT 5.1; InfoPath.1; .NET CLR 2.0.50727; .NET CLR 1.1.4322; MS-RTC LM 8; .NET CLR 3.0.4506.2152; .NET CLR 3.5.30729)"
61.245.172.7 - - [08/Mar/2012:04:17:09 -0800] "GET /r/161s HTTP/1.1" 301 257 "http://ta.wikipedia.org/wiki/%E0%AE%85%E0%AE%A3%E0%AE%BF" "Mozilla/5.0 (Windows NT 6.1; rv:9.0.1) Gecko/20100101 Firefox/9.0.1"
8.21.4.254 - - [08/Mar/2012:04:17:10 -0800] "GET /s/ta HTTP/1.1" 404 238 "-" "Mozilla/4.0 (compatible; MSIE 7.0; Windows NT 5.1; InfoPath.1; .NET CLR 2.0.50727; .NET CLR 1.1.4322; MS-RTC LM 8; .NET CLR 3.0.4506.2152; .NET CLR 3.5.30729)"
61.245.172.7 - - [08/Mar/2012:04:17:11 -0800] "GET /s/ta/161s/ HTTP/1.1" 302 301 "http://ta.wikipedia.org/wiki/%E0%AE%85%E0%AE%A3%E0%AE%BF" "Mozilla/5.0 (Windows NT 6.1; rv:9.0.1) Gecko/20100101 Firefox/9.0.1"
122.164.187.241 - - [08/Mar/2012:04:17:34 -0800] "-" 400 0 "-" "-"
117.193.205.1 - - [08/Mar/2012:04:18:14 -0800] "-" 400 0 "-" "-"
122.164.187.241 - - [08/Mar/2012:04:18:34 -0800] "-" 400 0 "-" "-"
117.206.132.247 - - [08/Mar/2012:04:19:04 -0800] "GET /r/46t HTTP/1.1" 301 255 "http://ta.wikipedia.org/wiki/%E0%AE%AE%E0%AE%A3%E0%AE%BF%E0%AE%AE%E0%AF%87%E0%AE%95%E0%AE%B2%E0%AF%88_(%E0%AE%95%E0%AE%BE%E0%AE%AA%E0%AF%8D%E0%AE%AA%E0%AE%BF%E0%AE%AF%E0%AE%AE%E0%AF%8D)" "Mozilla/5.0 (Windows NT 5.1; rv:11.0) Gecko/20100101 Firefox/11.0"
117.206.132.247 - - [08/Mar/2012:04:19:05 -0800] "GET /s/ta/46t/ HTTP/1.1" 302 481 "http://ta.wikipedia.org/wiki/%E0%AE%AE%E0%AE%A3%E0%AE%BF%E0%AE%AE%E0%AF%87%E0%AE%95%E0%AE%B2%E0%AF%88_(%E0%AE%95%E0%AE%BE%E0%AE%AA%E0%AF%8D%E0%AE%AA%E0%AE%BF%E0%AE%AF%E0%AE%AE%E0%AF%8D)" "Mozilla/5.0 (Windows NT 5.1; rv:11.0) Gecko/20100101 Firefox/11.0"
122.164.187.241 - - [08/Mar/2012:04:19:14 -0800] "-" 400 0 "-" "-"
122.164.187.241 - - [08/Mar/2012:04:19:34 -0800] "-" 400 0 "-" "-"
85.17.88.169 - - [08/Mar/2012:04:20:32 -0800] "POST /blog/wp-cron.php?doing_wp_cron=1331209174 HTTP/1.0" 499 0 "-" "WordPress/3.3.1; http://yuvi.in/blog"
141.0.10.46 - - [08/Mar/2012:04:20:33 -0800] "GET /blog/interview-sriram-krishnan-5-years-old/ HTTP/1.1" 200 14231 "-" "Opera/9.80 (J2ME/MIDP; Opera Mini/4.1.15082/27.1316; U; en) Presto/2.8.119 Version/11.10"
141.0.10.46 - - [08/Mar/2012:04:20:33 -0800] "GET /blog/wp-content/themes/cleanr/style.css HTTP/1.1" 200 10508 "http://yuvi.in/blog/interview-sriram-krishnan-5-years-old/" "Opera/9.80 (J2ME/MIDP; Opera Mini/4.1.15082/27.1316; U; en) Presto/2.8.119 Version/11.10"
