98.172.15.254 - - [23/Mar/2012:08:34:50 -0700] "GET /favicon.ico HTTP/1.1" 404 169 "-" "Caffeinated/1.1.1 CFNetwork/520.3.2 Darwin/11.3.0 (x86_64) (MacBookPro8%2C1)"
98.172.15.254 - - [23/Mar/2012:08:35:27 -0700] "GET /favicon.ico HTTP/1.1" 404 169 "-" "Caffeinated/1.1.1 CFNetwork/520.3.2 Darwin/11.3.0 (x86_64) (MacBookPro8%2C1)"
85.17.88.169 - - [23/Mar/2012:08:35:50 -0700] "POST /blog/wp-cron.php?doing_wp_cron=1332516771 HTTP/1.0" 499 0 "-" "WordPress/3.3.1; http://yuvi.in/blog"
201.0.15.126 - - [23/Mar/2012:08:35:53 -0700] "GET /blog/tag/code/ HTTP/1.1" 200 29775 "-" "Mozilla/5.0 (compatible; Googlebot/2.1; +http://www.google.com/bot.html)"
98.172.15.254 - - [23/Mar/2012:08:36:22 -0700] "GET /favicon.ico HTTP/1.1" 404 169 "-" "Caffeinated/1.1.1 CFNetwork/520.3.2 Darwin/11.3.0 (x86_64) (MacBookPro8%2C1)"
117.193.201.241 - - [23/Mar/2012:08:36:32 -0700] "-" 400 0 "-" "-"
66.220.158.247 - - [23/Mar/2012:08:36:33 -0700] "GET /r/1x7m HTTP/1.1" 301 257 "-" "facebookexternalhit/1.1 (+http://www.facebook.com/externalhit_uatext.php)"
66.220.158.248 - - [23/Mar/2012:08:36:33 -0700] "GET /s/ta/1x7m/ HTTP/1.1" 302 513 "-" "facebookexternalhit/1.1 (+http://www.facebook.com/externalhit_uatext.php)"
59.92.181.236 - - [23/Mar/2012:08:37:03 -0700] "-" 400 0 "-" "-"
98.172.15.254 - - [23/Mar/2012:08:37:10 -0700] "GET / HTTP/1.1" 304 0 "-" "Caffeinated/1.1.1 CFNetwork/520.3.2 Darwin/11.3.0 (x86_64) (MacBookPro8%2C1)"
98.172.15.254 - - [23/Mar/2012:08:37:10 -0700] "GET /favicon.ico HTTP/1.1" 404 169 "-" "Caffeinated/1.1.1 CFNetwork/520.3.2 Darwin/11.3.0 (x86_64) (MacBookPro8%2C1)"
98.172.15.254 - - [23/Mar/2012:08:37:55 -0700] "GET /favicon.ico HTTP/1.1" 404 169 "-" "Caffeinated/1.1.1 CFNetwork/520.3.2 Darwin/11.3.0 (x86_64) (MacBookPro8%2C1)"
98.172.15.254 - - [23/Mar/2012:08:38:37 -0700] "GET /favicon.ico HTTP/1.1" 404 169 "-" "Caffeinated/1.1.1 CFNetwork/520.3.2 Darwin/11.3.0 (x86_64) (MacBookPro8%2C1)"
98.172.15.254 - - [23/Mar/2012:08:39:30 -0700] "GET /favicon.ico HTTP/1.1" 404 169 "-" "Caffeinated/1.1.1 CFNetwork/520.3.2 Darwin/11.3.0 (x86_64) (MacBookPro8%2C1)"
98.172.15.254 - - [23/Mar/2012:08:40:15 -0700] "GET /favicon.ico HTTP/1.1" 404 169 "-" "Caffeinated/1.1.1 CFNetwork/520.3.2 Darwin/11.3.0 (x86_64) (MacBookPro8%2C1)"
98.172.15.254 - - [23/Mar/2012:08:41:14 -0700] "GET /favicon.ico HTTP/1.1" 404 169 "-" "Caffeinated/1.1.1 CFNetwork/520.3.2 Darwin/11.3.0 (x86_64) (MacBookPro8%2C1)"
66.249.68.52 - - [23/Mar/2012:08:41:48 -0700] "GET /r/1pph HTTP/1.1" 301 257 "-" "Mozilla/5.0 (compatible; Googlebot/2.1; +http://www.google.com/bot.html)"
66.249.68.52 - - [23/Mar/2012:08:41:49 -0700] "GET /s/ta/1pph/ HTTP/1.1" 302 409 "-" "Mozilla/5.0 (compatible; Googlebot/2.1; +http://www.google.com/bot.html)"
98.172.15.254 - - [23/Mar/2012:08:41:53 -0700] "GET /favicon.ico HTTP/1.1" 404 169 "-" "Caffeinated/1.1.1 CFNetwork/520.3.2 Darwin/11.3.0 (x86_64) (MacBookPro8%2C1)"
109.87.138.56 - - [23/Mar/2012:08:42:23 -0700] "GET /robots.txt HTTP/1.0" 404 169 "-" "Mozilla/5.0 (compatible; MJ12bot/v1.4.2; http://www.majestic12.co.uk/bot.php?+)"
123.236.87.159 - - [23/Mar/2012:08:42:24 -0700] "-" 400 0 "-" "-"
109.87.138.56 - - [23/Mar/2012:08:42:25 -0700] "GET / HTTP/1.1" 200 3439 "-" "Mozilla/5.0 (compatible; MJ12bot/v1.4.2; http://www.majestic12.co.uk/bot.php?+)"
98.172.15.254 - - [23/Mar/2012:08:42:56 -0700] "GET / HTTP/1.1" 304 0 "-" "Caffeinated/1.1.1 CFNetwork/520.3.2 Darwin/11.3.0 (x86_64) (MacBookPro8%2C1)"
98.172.15.254 - - [23/Mar/2012:08:42:56 -0700] "GET /favicon.ico HTTP/1.1" 404 169 "-" "Caffeinated/1.1.1 CFNetwork/520.3.2 Darwin/11.3.0 (x86_64) (MacBookPro8%2C1)"
98.172.15.254 - - [23/Mar/2012:08:43:53 -0700] "GET /favicon.ico HTTP/1.1" 404 169 "-" "Caffeinated/1.1.1 CFNetwork/520.3.2 Darwin/11.3.0 (x86_64) (MacBookPro8%2C1)"
123.201.233.244 - - [23/Mar/2012:08:44:46 -0700] "-" 400 0 "-" "-"
98.172.15.254 - - [23/Mar/2012:08:45:17 -0700] "GET /favicon.ico HTTP/1.1" 404 169 "-" "Caffeinated/1.1.1 CFNetwork/520.3.2 Darwin/11.3.0 (x86_64) (MacBookPro8%2C1)"
98.172.15.254 - - [23/Mar/2012:08:45:47 -0700] "GET /favicon.ico HTTP/1.1" 404 169 "-" "Caffeinated/1.1.1 CFNetwork/520.3.2 Darwin/11.3.0 (x86_64) (MacBookPro8%2C1)"
117.213.80.39 - - [23/Mar/2012:08:46:05 -0700] "-" 400 0 "-" "-"
98.172.15.254 - - [23/Mar/2012:08:46:44 -0700] "GET /favicon.ico HTTP/1.1" 404 169 "-" "Caffeinated/1.1.1 CFNetwork/520.3.2 Darwin/11.3.0 (x86_64) (MacBookPro8%2C1)"
98.172.15.254 - - [23/Mar/2012:08:47:23 -0700] "GET /favicon.ico HTTP/1.1" 404 169 "-" "Caffeinated/1.1.1 CFNetwork/520.3.2 Darwin/11.3.0 (x86_64) (MacBookPro8%2C1)"
207.46.204.168 - - [23/Mar/2012:08:47:41 -0700] "-" 400 0 "-" "-"
207.46.204.168 - - [23/Mar/2012:08:47:41 -0700] "-" 400 0 "-" "-"
207.46.204.168 - - [23/Mar/2012:08:47:42 -0700] "-" 400 0 "-" "-"
207.46.204.168 - - [23/Mar/2012:08:47:42 -0700] "-" 400 0 "-" "-"
207.46.204.168 - - [23/Mar/2012:08:47:42 -0700] "-" 400 0 "-" "-"
207.46.204.168 - - [23/Mar/2012:08:47:42 -0700] "-" 400 0 "-" "-"
207.46.204.168 - - [23/Mar/2012:08:47:42 -0700] "-" 400 0 "-" "-"
14.99.71.232 - - [23/Mar/2012:08:47:52 -0700] "-" 400 0 "-" "-"
98.172.15.254 - - [23/Mar/2012:08:48:20 -0700] "GET / HTTP/1.1" 304 0 "-" "Caffeinated/1.1.1 CFNetwork/520.3.2 Darwin/11.3.0 (x86_64) (MacBookPro8%2C1)"
98.172.15.254 - - [23/Mar/2012:08:48:21 -0700] "GET /favicon.ico HTTP/1.1" 404 169 "-" "Caffeinated/1.1.1 CFNetwork/520.3.2 Darwin/11.3.0 (x86_64) (MacBookPro8%2C1)"
98.172.15.254 - - [23/Mar/2012:08:49:10 -0700] "GET /favicon.ico HTTP/1.1" 404 169 "-" "Caffeinated/1.1.1 CFNetwork/520.3.2 Darwin/11.3.0 (x86_64) (MacBookPro8%2C1)"
66.249.68.52 - - [23/Mar/2012:08:49:22 -0700] "GET /r/1y92 HTTP/1.1" 301 257 "-" "Mozilla/5.0 (compatible; Googlebot/2.1; +http://www.google.com/bot.html)"
66.249.68.52 - - [23/Mar/2012:08:49:22 -0700] "GET /s/ta/1y92/ HTTP/1.1" 302 355 "-" "Mozilla/5.0 (compatible; Googlebot/2.1; +http://www.google.com/bot.html)"
85.17.88.169 - - [23/Mar/2012:08:49:32 -0700] "POST /blog/wp-cron.php?doing_wp_cron=1332517593 HTTP/1.0" 499 0 "-" "WordPress/3.3.1; http://yuvi.in/blog"
220.181.108.84 - - [23/Mar/2012:08:49:33 -0700] "GET /blog/2010/08/ HTTP/1.1" 200 5931 "-" "Mozilla/5.0 (compatible; Baiduspider/2.0; +http://www.baidu.com/search/spider.html)"
98.172.15.254 - - [23/Mar/2012:08:50:04 -0700] "GET /favicon.ico HTTP/1.1" 404 169 "-" "Caffeinated/1.1.1 CFNetwork/520.3.2 Darwin/11.3.0 (x86_64) (MacBookPro8%2C1)"
98.172.15.254 - - [23/Mar/2012:08:50:45 -0700] "GET /favicon.ico HTTP/1.1" 404 169 "-" "Caffeinated/1.1.1 CFNetwork/520.3.2 Darwin/11.3.0 (x86_64) (MacBookPro8%2C1)"
107.22.66.246 - - [23/Mar/2012:08:50:53 -0700] "GET /robots.txt HTTP/1.1" 404 142 "" "EC2LinkFinder"
107.22.66.246 - - [23/Mar/2012:08:50:53 -0700] "GET / HTTP/1.1" 200 1430 "" "EC2LinkFinder"
107.22.66.246 - - [23/Mar/2012:08:50:55 -0700] "GET /blog HTTP/1.1" 301 178 "" "EC2LinkFinder"
107.22.66.246 - - [23/Mar/2012:08:50:56 -0700] "GET /blog/ HTTP/1.1" 200 9195 "" "EC2LinkFinder"
107.22.66.246 - - [23/Mar/2012:08:50:58 -0700] "GET /stories HTTP/1.1" 301 185 "" "EC2LinkFinder"
107.22.66.246 - - [23/Mar/2012:08:50:58 -0700] "GET /stories/ HTTP/1.1" 200 1271 "" "EC2LinkFinder"
85.17.88.169 - - [23/Mar/2012:08:51:01 -0700] "POST /blog/wp-cron.php?doing_wp_cron=1332517683 HTTP/1.0" 499 0 "-" "WordPress/3.3.1; http://yuvi.in/blog"
107.22.66.246 - - [23/Mar/2012:08:51:02 -0700] "GET /blog/index.html HTTP/1.1" 404 3016 "" "EC2LinkFinder"
85.17.88.169 - - [23/Mar/2012:08:51:06 -0700] "POST /blog/wp-cron.php?doing_wp_cron=1332517687 HTTP/1.0" 499 0 "-" "WordPress/3.3.1; http://yuvi.in/blog"
107.22.66.246 - - [23/Mar/2012:08:51:06 -0700] "GET /blog/category/code HTTP/1.1" 301 0 "" "EC2LinkFinder"
85.17.88.169 - - [23/Mar/2012:08:51:08 -0700] "POST /blog/wp-cron.php?doing_wp_cron=1332517689 HTTP/1.0" 499 0 "-" "WordPress/3.3.1; http://yuvi.in/blog"
107.22.66.246 - - [23/Mar/2012:08:51:08 -0700] "GET /blog/category/code/ HTTP/1.1" 200 11068 "" "EC2LinkFinder"
207.46.204.169 - - [23/Mar/2012:08:51:11 -0700] "-" 400 0 "-" "-"
207.46.204.169 - - [23/Mar/2012:08:51:11 -0700] "-" 400 0 "-" "-"
207.46.204.169 - - [23/Mar/2012:08:51:11 -0700] "-" 400 0 "-" "-"
207.46.204.169 - - [23/Mar/2012:08:51:11 -0700] "-" 400 0 "-" "-"
207.46.204.169 - - [23/Mar/2012:08:51:11 -0700] "-" 400 0 "-" "-"
207.46.204.169 - - [23/Mar/2012:08:51:12 -0700] "-" 400 0 "-" "-"
207.46.204.169 - - [23/Mar/2012:08:51:12 -0700] "-" 400 0 "-" "-"
207.46.204.169 - - [23/Mar/2012:08:51:12 -0700] "-" 400 0 "-" "-"
207.46.204.169 - - [23/Mar/2012:08:51:12 -0700] "-" 400 0 "-" "-"
85.17.88.169 - - [23/Mar/2012:08:51:12 -0700] "POST /blog/wp-cron.php?doing_wp_cron=1332517693 HTTP/1.0" 499 0 "-" "WordPress/3.3.1; http://yuvi.in/blog"
107.22.66.246 - - [23/Mar/2012:08:51:12 -0700] "GET /blog/my-vimrc HTTP/1.1" 301 0 "" "EC2LinkFinder"
85.17.88.169 - - [23/Mar/2012:08:51:14 -0700] "POST /blog/wp-cron.php?doing_wp_cron=1332517695 HTTP/1.0" 499 0 "-" "WordPress/3.3.1; http://yuvi.in/blog"
107.22.66.246 - - [23/Mar/2012:08:51:14 -0700] "GET /blog/my-vimrc/ HTTP/1.1" 200 4116 "" "EC2LinkFinder"
85.17.88.169 - - [23/Mar/2012:08:51:18 -0700] "POST /blog/wp-cron.php?doing_wp_cron=1332517699 HTTP/1.0" 499 0 "-" "WordPress/3.3.1; http://yuvi.in/blog"
107.22.66.246 - - [23/Mar/2012:08:51:18 -0700] "GET /blog/category/personal HTTP/1.1" 301 0 "" "EC2LinkFinder"
85.17.88.169 - - [23/Mar/2012:08:51:20 -0700] "POST /blog/wp-cron.php?doing_wp_cron=1332517701 HTTP/1.0" 499 0 "-" "WordPress/3.3.1; http://yuvi.in/blog"
107.22.66.246 - - [23/Mar/2012:08:51:20 -0700] "GET /blog/category/personal/ HTTP/1.1" 200 14320 "" "EC2LinkFinder"
85.17.88.169 - - [23/Mar/2012:08:51:24 -0700] "POST /blog/wp-cron.php?doing_wp_cron=1332517705 HTTP/1.0" 499 0 "-" "WordPress/3.3.1; http://yuvi.in/blog"
107.22.66.246 - - [23/Mar/2012:08:51:24 -0700] "GET /blog/college-drop HTTP/1.1" 301 0 "" "EC2LinkFinder"
85.17.88.169 - - [23/Mar/2012:08:51:26 -0700] "POST /blog/wp-cron.php?doing_wp_cron=1332517708 HTTP/1.0" 499 0 "-" "WordPress/3.3.1; http://yuvi.in/blog"
107.22.66.246 - - [23/Mar/2012:08:51:26 -0700] "GET /blog/college-drop/ HTTP/1.1" 200 4511 "" "EC2LinkFinder"
207.46.204.169 - - [23/Mar/2012:08:51:29 -0700] "-" 400 0 "-" "-"
207.46.204.169 - - [23/Mar/2012:08:51:29 -0700] "-" 400 0 "-" "-"
85.17.88.169 - - [23/Mar/2012:08:51:30 -0700] "POST /blog/wp-cron.php?doing_wp_cron=1332517711 HTTP/1.0" 200 0 "-" "WordPress/3.3.1; http://yuvi.in/blog"
107.22.66.246 - - [23/Mar/2012:08:51:31 -0700] "GET /blog/passing-headers-proxying-nginx HTTP/1.1" 301 0 "" "EC2LinkFinder"
85.17.88.169 - - [23/Mar/2012:08:51:33 -0700] "POST /blog/wp-cron.php?doing_wp_cron=1332517714 HTTP/1.0" 499 0 "-" "WordPress/3.3.1; http://yuvi.in/blog"
107.22.66.246 - - [23/Mar/2012:08:51:33 -0700] "GET /blog/passing-headers-proxying-nginx/ HTTP/1.1" 200 4280 "" "EC2LinkFinder"
85.17.88.169 - - [23/Mar/2012:08:51:36 -0700] "POST /blog/wp-cron.php?doing_wp_cron=1332517718 HTTP/1.0" 499 0 "-" "WordPress/3.3.1; http://yuvi.in/blog"
107.22.66.246 - - [23/Mar/2012:08:51:37 -0700] "GET /blog/program HTTP/1.1" 301 0 "" "EC2LinkFinder"
85.17.88.169 - - [23/Mar/2012:08:51:39 -0700] "POST /blog/wp-cron.php?doing_wp_cron=1332517720 HTTP/1.0" 499 0 "-" "WordPress/3.3.1; http://yuvi.in/blog"
107.22.66.246 - - [23/Mar/2012:08:51:39 -0700] "GET /blog/program/ HTTP/1.1" 200 7453 "" "EC2LinkFinder"
85.17.88.169 - - [23/Mar/2012:08:51:42 -0700] "POST /blog/wp-cron.php?doing_wp_cron=1332517724 HTTP/1.0" 499 0 "-" "WordPress/3.3.1; http://yuvi.in/blog"
107.22.66.246 - - [23/Mar/2012:08:51:43 -0700] "GET /blog/category/devlog HTTP/1.1" 301 0 "" "EC2LinkFinder"
98.172.15.254 - - [23/Mar/2012:08:51:43 -0700] "GET /favicon.ico HTTP/1.1" 404 169 "-" "Caffeinated/1.1.1 CFNetwork/520.3.2 Darwin/11.3.0 (x86_64) (MacBookPro8%2C1)"
85.17.88.169 - - [23/Mar/2012:08:51:45 -0700] "POST /blog/wp-cron.php?doing_wp_cron=1332517726 HTTP/1.0" 499 0 "-" "WordPress/3.3.1; http://yuvi.in/blog"
107.22.66.246 - - [23/Mar/2012:08:51:45 -0700] "GET /blog/category/devlog/ HTTP/1.1" 200 13380 "" "EC2LinkFinder"
85.17.88.169 - - [23/Mar/2012:08:51:49 -0700] "POST /blog/wp-cron.php?doing_wp_cron=1332517730 HTTP/1.0" 499 0 "-" "WordPress/3.3.1; http://yuvi.in/blog"
107.22.66.246 - - [23/Mar/2012:08:51:49 -0700] "GET /blog/devlog-december-26-2011 HTTP/1.1" 301 0 "" "EC2LinkFinder"
85.17.88.169 - - [23/Mar/2012:08:51:51 -0700] "POST /blog/wp-cron.php?doing_wp_cron=1332517732 HTTP/1.0" 499 0 "-" "WordPress/3.3.1; http://yuvi.in/blog"
107.22.66.246 - - [23/Mar/2012:08:51:51 -0700] "GET /blog/devlog-december-26-2011/ HTTP/1.1" 200 4354 "" "EC2LinkFinder"
85.17.88.169 - - [23/Mar/2012:08:51:55 -0700] "POST /blog/wp-cron.php?doing_wp_cron=1332517736 HTTP/1.0" 499 0 "-" "WordPress/3.3.1; http://yuvi.in/blog"
107.22.66.246 - - [23/Mar/2012:08:51:55 -0700] "GET /blog/devlog-december-23-2011 HTTP/1.1" 301 0 "" "EC2LinkFinder"
85.17.88.169 - - [23/Mar/2012:08:51:57 -0700] "POST /blog/wp-cron.php?doing_wp_cron=1332517738 HTTP/1.0" 499 0 "-" "WordPress/3.3.1; http://yuvi.in/blog"
107.22.66.246 - - [23/Mar/2012:08:51:57 -0700] "GET /blog/devlog-december-23-2011/ HTTP/1.1" 200 4280 "" "EC2LinkFinder"
85.17.88.169 - - [23/Mar/2012:08:52:01 -0700] "POST /blog/wp-cron.php?doing_wp_cron=1332517742 HTTP/1.0" 499 0 "-" "WordPress/3.3.1; http://yuvi.in/blog"
107.22.66.246 - - [23/Mar/2012:08:52:01 -0700] "GET /blog/devlog-december-21-2011 HTTP/1.1" 301 0 "" "EC2LinkFinder"
85.17.88.169 - - [23/Mar/2012:08:52:03 -0700] "POST /blog/wp-cron.php?doing_wp_cron=1332517744 HTTP/1.0" 499 0 "-" "WordPress/3.3.1; http://yuvi.in/blog"
107.22.66.246 - - [23/Mar/2012:08:52:03 -0700] "GET /blog/devlog-december-21-2011/ HTTP/1.1" 200 4628 "" "EC2LinkFinder"
85.17.88.169 - - [23/Mar/2012:08:52:07 -0700] "POST /blog/wp-cron.php?doing_wp_cron=1332517748 HTTP/1.0" 499 0 "-" "WordPress/3.3.1; http://yuvi.in/blog"
107.22.66.246 - - [23/Mar/2012:08:52:07 -0700] "GET /blog/devlog-december-11-2011 HTTP/1.1" 301 0 "" "EC2LinkFinder"
85.17.88.169 - - [23/Mar/2012:08:52:09 -0700] "POST /blog/wp-cron.php?doing_wp_cron=1332517751 HTTP/1.0" 499 0 "-" "WordPress/3.3.1; http://yuvi.in/blog"
107.22.66.246 - - [23/Mar/2012:08:52:09 -0700] "GET /blog/devlog-december-11-2011/ HTTP/1.1" 200 4309 "" "EC2LinkFinder"
85.17.88.169 - - [23/Mar/2012:08:52:13 -0700] "POST /blog/wp-cron.php?doing_wp_cron=1332517754 HTTP/1.0" 499 0 "-" "WordPress/3.3.1; http://yuvi.in/blog"
107.22.66.246 - - [23/Mar/2012:08:52:13 -0700] "GET /blog/devlog-december-10-2011 HTTP/1.1" 301 0 "" "EC2LinkFinder"
85.17.88.169 - - [23/Mar/2012:08:52:15 -0700] "POST /blog/wp-cron.php?doing_wp_cron=1332517756 HTTP/1.0" 499 0 "-" "WordPress/3.3.1; http://yuvi.in/blog"
107.22.66.246 - - [23/Mar/2012:08:52:15 -0700] "GET /blog/devlog-december-10-2011/ HTTP/1.1" 200 4200 "" "EC2LinkFinder"
85.17.88.169 - - [23/Mar/2012:08:52:19 -0700] "POST /blog/wp-cron.php?doing_wp_cron=1332517760 HTTP/1.0" 499 0 "-" "WordPress/3.3.1; http://yuvi.in/blog"
107.22.66.246 - - [23/Mar/2012:08:52:19 -0700] "GET /blog/devlog-december-7-2011 HTTP/1.1" 301 0 "" "EC2LinkFinder"
85.17.88.169 - - [23/Mar/2012:08:52:21 -0700] "POST /blog/wp-cron.php?doing_wp_cron=1332517762 HTTP/1.0" 499 0 "-" "WordPress/3.3.1; http://yuvi.in/blog"
107.22.66.246 - - [23/Mar/2012:08:52:21 -0700] "GET /blog/devlog-december-7-2011/ HTTP/1.1" 200 4470 "" "EC2LinkFinder"
117.193.220.51 - - [23/Mar/2012:08:52:22 -0700] "-" 400 0 "-" "-"
85.17.88.169 - - [23/Mar/2012:08:52:25 -0700] "POST /blog/wp-cron.php?doing_wp_cron=1332517766 HTTP/1.0" 499 0 "-" "WordPress/3.3.1; http://yuvi.in/blog"
107.22.66.246 - - [23/Mar/2012:08:52:26 -0700] "GET /blog/page/2 HTTP/1.1" 301 0 "" "EC2LinkFinder"
85.17.88.169 - - [23/Mar/2012:08:52:27 -0700] "POST /blog/wp-cron.php?doing_wp_cron=1332517769 HTTP/1.0" 499 0 "-" "WordPress/3.3.1; http://yuvi.in/blog"
107.22.66.246 - - [23/Mar/2012:08:52:28 -0700] "GET /blog/page/2/ HTTP/1.1" 200 22955 "" "EC2LinkFinder"
98.172.15.254 - - [23/Mar/2012:08:52:30 -0700] "GET /favicon.ico HTTP/1.1" 404 169 "-" "Caffeinated/1.1.1 CFNetwork/520.3.2 Darwin/11.3.0 (x86_64) (MacBookPro8%2C1)"
85.17.88.169 - - [23/Mar/2012:08:52:32 -0700] "POST /blog/wp-cron.php?doing_wp_cron=1332517773 HTTP/1.0" 499 0 "-" "WordPress/3.3.1; http://yuvi.in/blog"
107.22.66.246 - - [23/Mar/2012:08:52:32 -0700] "GET /blog/category/education HTTP/1.1" 301 0 "" "EC2LinkFinder"
85.17.88.169 - - [23/Mar/2012:08:52:34 -0700] "POST /blog/wp-cron.php?doing_wp_cron=1332517775 HTTP/1.0" 499 0 "-" "WordPress/3.3.1; http://yuvi.in/blog"
107.22.66.246 - - [23/Mar/2012:08:52:34 -0700] "GET /blog/category/education/ HTTP/1.1" 200 14722 "" "EC2LinkFinder"
141.0.10.146 - - [23/Mar/2012:08:52:37 -0700] "-" 400 0 "-" "-"
85.17.88.169 - - [23/Mar/2012:08:52:38 -0700] "POST /blog/wp-cron.php?doing_wp_cron=1332517779 HTTP/1.0" 499 0 "-" "WordPress/3.3.1; http://yuvi.in/blog"
107.22.66.246 - - [23/Mar/2012:08:52:38 -0700] "GET /blog/category/events HTTP/1.1" 301 0 "" "EC2LinkFinder"
85.17.88.169 - - [23/Mar/2012:08:52:40 -0700] "POST /blog/wp-cron.php?doing_wp_cron=1332517781 HTTP/1.0" 499 0 "-" "WordPress/3.3.1; http://yuvi.in/blog"
107.22.66.246 - - [23/Mar/2012:08:52:41 -0700] "GET /blog/category/events/ HTTP/1.1" 200 12503 "" "EC2LinkFinder"
85.17.88.169 - - [23/Mar/2012:08:52:44 -0700] "POST /blog/wp-cron.php?doing_wp_cron=1332517785 HTTP/1.0" 499 0 "-" "WordPress/3.3.1; http://yuvi.in/blog"
107.22.66.246 - - [23/Mar/2012:08:52:45 -0700] "GET /blog/category/so-called-it HTTP/1.1" 301 0 "" "EC2LinkFinder"
85.17.88.169 - - [23/Mar/2012:08:52:46 -0700] "POST /blog/wp-cron.php?doing_wp_cron=1332517788 HTTP/1.0" 499 0 "-" "WordPress/3.3.1; http://yuvi.in/blog"
107.22.66.246 - - [23/Mar/2012:08:52:47 -0700] "GET /blog/category/so-called-it/ HTTP/1.1" 200 11661 "" "EC2LinkFinder"
85.17.88.169 - - [23/Mar/2012:08:52:50 -0700] "POST /blog/wp-cron.php?doing_wp_cron=1332517792 HTTP/1.0" 499 0 "-" "WordPress/3.3.1; http://yuvi.in/blog"
107.22.66.246 - - [23/Mar/2012:08:52:51 -0700] "GET /blog/category/uncategorized HTTP/1.1" 301 0 "" "EC2LinkFinder"
85.17.88.169 - - [23/Mar/2012:08:52:53 -0700] "POST /blog/wp-cron.php?doing_wp_cron=1332517794 HTTP/1.0" 499 0 "-" "WordPress/3.3.1; http://yuvi.in/blog"
107.22.66.246 - - [23/Mar/2012:08:52:53 -0700] "GET /blog/category/uncategorized/ HTTP/1.1" 200 20201 "" "EC2LinkFinder"
85.17.88.169 - - [23/Mar/2012:08:52:57 -0700] "POST /blog/wp-cron.php?doing_wp_cron=1332517798 HTTP/1.0" 499 0 "-" "WordPress/3.3.1; http://yuvi.in/blog"
107.22.66.246 - - [23/Mar/2012:08:52:57 -0700] "GET /blog/tag/algorithm HTTP/1.1" 301 0 "" "EC2LinkFinder"
85.17.88.169 - - [23/Mar/2012:08:52:59 -0700] "POST /blog/wp-cron.php?doing_wp_cron=1332517800 HTTP/1.0" 499 0 "-" "WordPress/3.3.1; http://yuvi.in/blog"
107.22.66.246 - - [23/Mar/2012:08:52:59 -0700] "GET /blog/tag/algorithm/ HTTP/1.1" 200 3942 "" "EC2LinkFinder"
85.17.88.169 - - [23/Mar/2012:08:53:03 -0700] "POST /blog/wp-cron.php?doing_wp_cron=1332517804 HTTP/1.0" 499 0 "-" "WordPress/3.3.1; http://yuvi.in/blog"
107.22.66.246 - - [23/Mar/2012:08:53:03 -0700] "GET /blog/tag/android HTTP/1.1" 301 0 "" "EC2LinkFinder"
85.17.88.169 - - [23/Mar/2012:08:53:05 -0700] "POST /blog/wp-cron.php?doing_wp_cron=1332517806 HTTP/1.0" 499 0 "-" "WordPress/3.3.1; http://yuvi.in/blog"
107.22.66.246 - - [23/Mar/2012:08:53:05 -0700] "GET /blog/tag/android/ HTTP/1.1" 200 5037 "" "EC2LinkFinder"
85.17.88.169 - - [23/Mar/2012:08:53:09 -0700] "POST /blog/wp-cron.php?doing_wp_cron=1332517810 HTTP/1.0" 499 0 "-" "WordPress/3.3.1; http://yuvi.in/blog"
107.22.66.246 - - [23/Mar/2012:08:53:09 -0700] "GET /blog/tag/anniversary HTTP/1.1" 301 0 "" "EC2LinkFinder"
85.17.88.169 - - [23/Mar/2012:08:53:11 -0700] "POST /blog/wp-cron.php?doing_wp_cron=1332517812 HTTP/1.0" 499 0 "-" "WordPress/3.3.1; http://yuvi.in/blog"
107.22.66.246 - - [23/Mar/2012:08:53:11 -0700] "GET /blog/tag/anniversary/ HTTP/1.1" 200 3861 "" "EC2LinkFinder"
85.17.88.169 - - [23/Mar/2012:08:53:15 -0700] "POST /blog/wp-cron.php?doing_wp_cron=1332517816 HTTP/1.0" 499 0 "-" "WordPress/3.3.1; http://yuvi.in/blog"
107.22.66.246 - - [23/Mar/2012:08:53:15 -0700] "GET /blog/tag/answers HTTP/1.1" 301 0 "" "EC2LinkFinder"
85.17.88.169 - - [23/Mar/2012:08:53:17 -0700] "POST /blog/wp-cron.php?doing_wp_cron=1332517818 HTTP/1.0" 499 0 "-" "WordPress/3.3.1; http://yuvi.in/blog"
107.22.66.246 - - [23/Mar/2012:08:53:17 -0700] "GET /blog/tag/answers/ HTTP/1.1" 200 4629 "" "EC2LinkFinder"
85.17.88.169 - - [23/Mar/2012:08:53:21 -0700] "POST /blog/wp-cron.php?doing_wp_cron=1332517822 HTTP/1.0" 499 0 "-" "WordPress/3.3.1; http://yuvi.in/blog"
107.22.66.246 - - [23/Mar/2012:08:53:21 -0700] "GET /blog/tag/athiesm HTTP/1.1" 301 0 "" "EC2LinkFinder"
85.17.88.169 - - [23/Mar/2012:08:53:23 -0700] "POST /blog/wp-cron.php?doing_wp_cron=1332517824 HTTP/1.0" 499 0 "-" "WordPress/3.3.1; http://yuvi.in/blog"
107.22.66.246 - - [23/Mar/2012:08:53:23 -0700] "GET /blog/tag/athiesm/ HTTP/1.1" 200 4631 "" "EC2LinkFinder"
85.17.88.169 - - [23/Mar/2012:08:53:27 -0700] "POST /blog/wp-cron.php?doing_wp_cron=1332517828 HTTP/1.0" 499 0 "-" "WordPress/3.3.1; http://yuvi.in/blog"
107.22.66.246 - - [23/Mar/2012:08:53:27 -0700] "GET /blog/tag/atleast-not-yet HTTP/1.1" 301 0 "" "EC2LinkFinder"
85.17.88.169 - - [23/Mar/2012:08:53:29 -0700] "POST /blog/wp-cron.php?doing_wp_cron=1332517830 HTTP/1.0" 499 0 "-" "WordPress/3.3.1; http://yuvi.in/blog"
107.22.66.246 - - [23/Mar/2012:08:53:29 -0700] "GET /blog/tag/atleast-not-yet/ HTTP/1.1" 200 3621 "" "EC2LinkFinder"
98.172.15.254 - - [23/Mar/2012:08:53:31 -0700] "GET / HTTP/1.1" 304 0 "-" "Caffeinated/1.1.1 CFNetwork/520.3.2 Darwin/11.3.0 (x86_64) (MacBookPro8%2C1)"
98.172.15.254 - - [23/Mar/2012:08:53:31 -0700] "GET /favicon.ico HTTP/1.1" 404 169 "-" "Caffeinated/1.1.1 CFNetwork/520.3.2 Darwin/11.3.0 (x86_64) (MacBookPro8%2C1)"
85.17.88.169 - - [23/Mar/2012:08:53:32 -0700] "POST /blog/wp-cron.php?doing_wp_cron=1332517834 HTTP/1.0" 499 0 "-" "WordPress/3.3.1; http://yuvi.in/blog"
107.22.66.246 - - [23/Mar/2012:08:53:33 -0700] "GET /blog/tag/bigco HTTP/1.1" 301 0 "" "EC2LinkFinder"
85.17.88.169 - - [23/Mar/2012:08:53:35 -0700] "POST /blog/wp-cron.php?doing_wp_cron=1332517836 HTTP/1.0" 499 0 "-" "WordPress/3.3.1; http://yuvi.in/blog"
107.22.66.246 - - [23/Mar/2012:08:53:35 -0700] "GET /blog/tag/bigco/ HTTP/1.1" 200 4551 "" "EC2LinkFinder"
85.17.88.169 - - [23/Mar/2012:08:53:38 -0700] "POST /blog/wp-cron.php?doing_wp_cron=1332517840 HTTP/1.0" 499 0 "-" "WordPress/3.3.1; http://yuvi.in/blog"
107.22.66.246 - - [23/Mar/2012:08:53:39 -0700] "GET /blog/tag/bigotry HTTP/1.1" 301 0 "" "EC2LinkFinder"
85.17.88.169 - - [23/Mar/2012:08:53:41 -0700] "POST /blog/wp-cron.php?doing_wp_cron=1332517842 HTTP/1.0" 499 0 "-" "WordPress/3.3.1; http://yuvi.in/blog"
107.22.66.246 - - [23/Mar/2012:08:53:41 -0700] "GET /blog/tag/bigotry/ HTTP/1.1" 200 4632 "" "EC2LinkFinder"
85.17.88.169 - - [23/Mar/2012:08:53:44 -0700] "POST /blog/wp-cron.php?doing_wp_cron=1332517846 HTTP/1.0" 499 0 "-" "WordPress/3.3.1; http://yuvi.in/blog"
107.22.66.246 - - [23/Mar/2012:08:53:45 -0700] "GET /blog/tag/blogging HTTP/1.1" 301 0 "" "EC2LinkFinder"
85.17.88.169 - - [23/Mar/2012:08:53:47 -0700] "POST /blog/wp-cron.php?doing_wp_cron=1332517848 HTTP/1.0" 499 0 "-" "WordPress/3.3.1; http://yuvi.in/blog"
107.22.66.246 - - [23/Mar/2012:08:53:47 -0700] "GET /blog/tag/blogging/ HTTP/1.1" 200 3858 "" "EC2LinkFinder"
85.17.88.169 - - [23/Mar/2012:08:53:50 -0700] "POST /blog/wp-cron.php?doing_wp_cron=1332517852 HTTP/1.0" 499 0 "-" "WordPress/3.3.1; http://yuvi.in/blog"
107.22.66.246 - - [23/Mar/2012:08:53:51 -0700] "GET /blog/tag/book HTTP/1.1" 301 0 "" "EC2LinkFinder"
85.17.88.169 - - [23/Mar/2012:08:53:53 -0700] "POST /blog/wp-cron.php?doing_wp_cron=1332517854 HTTP/1.0" 499 0 "-" "WordPress/3.3.1; http://yuvi.in/blog"
107.22.66.246 - - [23/Mar/2012:08:53:53 -0700] "GET /blog/tag/book/ HTTP/1.1" 200 4237 "" "EC2LinkFinder"
98.172.15.254 - - [23/Mar/2012:08:54:20 -0700] "GET /favicon.ico HTTP/1.1" 404 169 "-" "Caffeinated/1.1.1 CFNetwork/520.3.2 Darwin/11.3.0 (x86_64) (MacBookPro8%2C1)"
85.17.88.169 - - [23/Mar/2012:08:54:31 -0700] "POST /blog/wp-cron.php?doing_wp_cron=1332517892 HTTP/1.0" 499 0 "-" "WordPress/3.3.1; http://yuvi.in/blog"
209.85.238.115 - - [23/Mar/2012:08:54:31 -0700] "GET /blog/feed HTTP/1.1" 301 0 "-" "Feedfetcher-Google; (+http://www.google.com/feedfetcher.html; 3 subscribers; feed-id=17684830852112633560)"
85.17.88.169 - - [23/Mar/2012:08:54:33 -0700] "POST /blog/wp-cron.php?doing_wp_cron=1332517894 HTTP/1.0" 499 0 "-" "WordPress/3.3.1; http://yuvi.in/blog"
209.85.238.115 - - [23/Mar/2012:08:54:34 -0700] "GET /blog/feed/ HTTP/1.1" 304 0 "-" "Feedfetcher-Google; (+http://www.google.com/feedfetcher.html; 3 subscribers; feed-id=17684830852112633560)"
208.115.111.68 - - [23/Mar/2012:08:54:45 -0700] "GET /robots.txt HTTP/1.1" 404 169 "-" "Mozilla/5.0 (compatible; Ezooms/1.0; ezooms.bot@gmail.com)"
98.172.15.254 - - [23/Mar/2012:08:55:19 -0700] "GET /favicon.ico HTTP/1.1" 404 169 "-" "Caffeinated/1.1.1 CFNetwork/520.3.2 Darwin/11.3.0 (x86_64) (MacBookPro8%2C1)"
157.55.112.205 - - [23/Mar/2012:08:55:44 -0700] "-" 400 0 "-" "-"
157.55.112.205 - - [23/Mar/2012:08:55:45 -0700] "-" 400 0 "-" "-"
157.55.112.205 - - [23/Mar/2012:08:55:49 -0700] "-" 400 0 "-" "-"
157.55.112.205 - - [23/Mar/2012:08:55:49 -0700] "-" 400 0 "-" "-"
157.55.112.205 - - [23/Mar/2012:08:55:49 -0700] "-" 400 0 "-" "-"
157.55.112.205 - - [23/Mar/2012:08:55:51 -0700] "-" 400 0 "-" "-"
157.55.112.205 - - [23/Mar/2012:08:55:51 -0700] "-" 400 0 "-" "-"
157.55.112.205 - - [23/Mar/2012:08:55:52 -0700] "-" 400 0 "-" "-"
157.55.112.205 - - [23/Mar/2012:08:55:52 -0700] "-" 400 0 "-" "-"
157.55.112.205 - - [23/Mar/2012:08:55:53 -0700] "-" 400 0 "-" "-"
98.172.15.254 - - [23/Mar/2012:08:56:00 -0700] "GET /favicon.ico HTTP/1.1" 404 169 "-" "Caffeinated/1.1.1 CFNetwork/520.3.2 Darwin/11.3.0 (x86_64) (MacBookPro8%2C1)"
207.46.204.168 - - [23/Mar/2012:08:56:06 -0700] "-" 400 0 "-" "-"
207.46.204.168 - - [23/Mar/2012:08:56:09 -0700] "-" 400 0 "-" "-"
207.46.204.168 - - [23/Mar/2012:08:56:10 -0700] "-" 400 0 "-" "-"
207.46.204.168 - - [23/Mar/2012:08:56:10 -0700] "-" 400 0 "-" "-"
207.46.204.168 - - [23/Mar/2012:08:56:10 -0700] "-" 400 0 "-" "-"
207.46.204.168 - - [23/Mar/2012:08:56:10 -0700] "-" 400 0 "-" "-"
207.46.204.168 - - [23/Mar/2012:08:56:10 -0700] "-" 400 0 "-" "-"
207.46.204.168 - - [23/Mar/2012:08:56:11 -0700] "-" 400 0 "-" "-"
157.55.112.205 - - [23/Mar/2012:08:56:30 -0700] "-" 400 0 "-" "-"
66.249.68.52 - - [23/Mar/2012:08:56:58 -0700] "GET /r/1r0 HTTP/1.1" 301 255 "-" "Mozilla/5.0 (compatible; Googlebot/2.1; +http://www.google.com/bot.html)"
66.249.68.52 - - [23/Mar/2012:08:56:59 -0700] "GET /s/ta/1r0/ HTTP/1.1" 302 337 "-" "Mozilla/5.0 (compatible; Googlebot/2.1; +http://www.google.com/bot.html)"
209.114.44.198 - - [23/Mar/2012:08:57:00 -0700] "GET /vicidial/project_auth_entries.txt HTTP/1.1" 404 169 "-" "-"
98.172.15.254 - - [23/Mar/2012:08:57:00 -0700] "GET /favicon.ico HTTP/1.1" 404 169 "-" "Caffeinated/1.1.1 CFNetwork/520.3.2 Darwin/11.3.0 (x86_64) (MacBookPro8%2C1)"
207.46.204.168 - - [23/Mar/2012:08:57:01 -0700] "-" 400 0 "-" "-"
207.46.204.168 - - [23/Mar/2012:08:57:02 -0700] "-" 400 0 "-" "-"
98.172.15.254 - - [23/Mar/2012:08:57:40 -0700] "GET /favicon.ico HTTP/1.1" 404 169 "-" "Caffeinated/1.1.1 CFNetwork/520.3.2 Darwin/11.3.0 (x86_64) (MacBookPro8%2C1)"
66.249.68.52 - - [23/Mar/2012:08:58:04 -0700] "GET /s/ta/240../ HTTP/1.1" 502 173 "-" "Mozilla/5.0 (compatible; Googlebot/2.1; +http://www.google.com/bot.html)"
98.172.15.254 - - [23/Mar/2012:08:58:29 -0700] "GET /favicon.ico HTTP/1.1" 404 169 "-" "Caffeinated/1.1.1 CFNetwork/520.3.2 Darwin/11.3.0 (x86_64) (MacBookPro8%2C1)"
98.172.15.254 - - [23/Mar/2012:08:59:22 -0700] "GET / HTTP/1.1" 304 0 "-" "Caffeinated/1.1.1 CFNetwork/520.3.2 Darwin/11.3.0 (x86_64) (MacBookPro8%2C1)"
98.172.15.254 - - [23/Mar/2012:08:59:22 -0700] "GET /favicon.ico HTTP/1.1" 404 169 "-" "Caffeinated/1.1.1 CFNetwork/520.3.2 Darwin/11.3.0 (x86_64) (MacBookPro8%2C1)"
85.17.88.169 - - [23/Mar/2012:08:59:37 -0700] "POST /blog/wp-cron.php?doing_wp_cron=1332518197 HTTP/1.0" 499 0 "-" "WordPress/3.3.1; http://yuvi.in/blog"
209.85.224.87 - - [23/Mar/2012:08:59:37 -0700] "GET /blog/feed HTTP/1.1" 304 0 "-" "FeedBurner/1.0 (http://www.FeedBurner.com)"
207.46.204.171 - - [23/Mar/2012:08:59:56 -0700] "-" 400 0 "-" "-"
207.46.204.171 - - [23/Mar/2012:08:59:57 -0700] "-" 400 0 "-" "-"
207.46.204.171 - - [23/Mar/2012:08:59:58 -0700] "-" 400 0 "-" "-"
207.46.204.171 - - [23/Mar/2012:08:59:58 -0700] "-" 400 0 "-" "-"
207.46.204.171 - - [23/Mar/2012:08:59:58 -0700] "-" 400 0 "-" "-"
207.46.204.171 - - [23/Mar/2012:08:59:58 -0700] "-" 400 0 "-" "-"
207.46.204.171 - - [23/Mar/2012:08:59:58 -0700] "-" 400 0 "-" "-"
207.46.204.171 - - [23/Mar/2012:08:59:59 -0700] "-" 400 0 "-" "-"
207.46.204.171 - - [23/Mar/2012:08:59:59 -0700] "-" 400 0 "-" "-"
98.172.15.254 - - [23/Mar/2012:09:00:12 -0700] "GET /favicon.ico HTTP/1.1" 404 169 "-" "Caffeinated/1.1.1 CFNetwork/520.3.2 Darwin/11.3.0 (x86_64) (MacBookPro8%2C1)"
85.17.88.169 - - [23/Mar/2012:09:00:13 -0700] "POST /blog/wp-cron.php?doing_wp_cron=1332518234 HTTP/1.0" 499 0 "-" "WordPress/3.3.1; http://yuvi.in/blog"
180.76.5.175 - - [23/Mar/2012:09:00:14 -0700] "GET /blog/my-new-canon-550d-from-flipkart/feed/ HTTP/1.1" 200 783 "-" "Mozilla/5.0 (compatible; Baiduspider/2.0; +http://www.baidu.com/search/spider.html)"
27.251.104.34 - - [23/Mar/2012:09:00:28 -0700] "GET / HTTP/1.1" 200 1430 "-" "Mozilla/5.0 (X11; Linux i686; rv:11.0) Gecko/20100101 Firefox/11.0"
27.251.104.34 - - [23/Mar/2012:09:00:28 -0700] "GET /blueprint/screen.css HTTP/1.1" 200 12058 "http://yuvi.in/" "Mozilla/5.0 (X11; Linux i686; rv:11.0) Gecko/20100101 Firefox/11.0"
27.251.104.34 - - [23/Mar/2012:09:00:28 -0700] "GET /blueprint/print.css HTTP/1.1" 200 1284 "http://yuvi.in/" "Mozilla/5.0 (X11; Linux i686; rv:11.0) Gecko/20100101 Firefox/11.0"
27.251.104.34 - - [23/Mar/2012:09:00:28 -0700] "GET /header.png HTTP/1.1" 200 14249 "http://yuvi.in/" "Mozilla/5.0 (X11; Linux i686; rv:11.0) Gecko/20100101 Firefox/11.0"
27.251.104.34 - - [23/Mar/2012:09:00:31 -0700] "GET /favicon.ico HTTP/1.1" 404 142 "-" "Mozilla/5.0 (X11; Linux i686; rv:11.0) Gecko/20100101 Firefox/11.0"
207.46.204.171 - - [23/Mar/2012:09:00:31 -0700] "-" 400 0 "-" "-"
27.251.104.34 - - [23/Mar/2012:09:00:32 -0700] "GET /favicon.ico HTTP/1.1" 404 142 "-" "Mozilla/5.0 (X11; Linux i686; rv:11.0) Gecko/20100101 Firefox/11.0"
207.46.204.171 - - [23/Mar/2012:09:00:32 -0700] "-" 400 0 "-" "-"
27.251.104.34 - - [23/Mar/2012:09:00:33 -0700] "-" 400 0 "-" "-"
27.251.104.34 - - [23/Mar/2012:09:00:40 -0700] "GET /stories HTTP/1.1" 301 185 "http://yuvi.in/" "Mozilla/5.0 (X11; Linux i686; rv:11.0) Gecko/20100101 Firefox/11.0"
27.251.104.34 - - [23/Mar/2012:09:00:40 -0700] "GET /stories/ HTTP/1.1" 200 1271 "http://yuvi.in/" "Mozilla/5.0 (X11; Linux i686; rv:11.0) Gecko/20100101 Firefox/11.0"
27.251.104.34 - - [23/Mar/2012:09:00:41 -0700] "GET /stories/static/style.css HTTP/1.1" 200 1274 "http://yuvi.in/stories/" "Mozilla/5.0 (X11; Linux i686; rv:11.0) Gecko/20100101 Firefox/11.0"
27.251.104.34 - - [23/Mar/2012:09:00:41 -0700] "GET /stories/static/codehilite.css HTTP/1.1" 200 4012 "http://yuvi.in/stories/" "Mozilla/5.0 (X11; Linux i686; rv:11.0) Gecko/20100101 Firefox/11.0"
27.251.104.34 - - [23/Mar/2012:09:00:42 -0700] "GET /blog HTTP/1.1" 301 178 "http://yuvi.in/" "Mozilla/5.0 (X11; Linux i686; rv:11.0) Gecko/20100101 Firefox/11.0"
85.17.88.169 - - [23/Mar/2012:09:00:44 -0700] "POST /blog/wp-cron.php?doing_wp_cron=1332518266 HTTP/1.0" 499 0 "-" "WordPress/3.3.1; http://yuvi.in/blog"
27.251.104.34 - - [23/Mar/2012:09:00:45 -0700] "GET /blog/ HTTP/1.1" 200 9195 "http://yuvi.in/" "Mozilla/5.0 (X11; Linux i686; rv:11.0) Gecko/20100101 Firefox/11.0"
27.251.104.34 - - [23/Mar/2012:09:00:46 -0700] "GET /blog/wp-content/themes/cleanr/style.css HTTP/1.1" 200 10508 "http://yuvi.in/blog/" "Mozilla/5.0 (X11; Linux i686; rv:11.0) Gecko/20100101 Firefox/11.0"
27.251.104.34 - - [23/Mar/2012:09:00:46 -0700] "GET /blog/wp-content/themes/cleanr/js/jquery.dropdown.js?ver=3.3.1 HTTP/1.1" 200 535 "http://yuvi.in/blog/" "Mozilla/5.0 (X11; Linux i686; rv:11.0) Gecko/20100101 Firefox/11.0"
27.251.104.34 - - [23/Mar/2012:09:00:47 -0700] "GET /blog/wp-content/themes/cleanr/css/reset.css HTTP/1.1" 200 648 "http://yuvi.in/blog/wp-content/themes/cleanr/style.css" "Mozilla/5.0 (X11; Linux i686; rv:11.0) Gecko/20100101 Firefox/11.0"
27.251.104.34 - - [23/Mar/2012:09:00:47 -0700] "GET /blog/wp-content/themes/cleanr/css/text.css HTTP/1.1" 200 420 "http://yuvi.in/blog/wp-content/themes/cleanr/style.css" "Mozilla/5.0 (X11; Linux i686; rv:11.0) Gecko/20100101 Firefox/11.0"
27.251.104.34 - - [23/Mar/2012:09:00:47 -0700] "GET /blog/wp-content/themes/cleanr/css/960.css HTTP/1.1" 200 3628 "http://yuvi.in/blog/wp-content/themes/cleanr/style.css" "Mozilla/5.0 (X11; Linux i686; rv:11.0) Gecko/20100101 Firefox/11.0"
27.251.104.34 - - [23/Mar/2012:09:00:50 -0700] "-" 400 0 "-" "-"
27.251.104.34 - - [23/Mar/2012:09:00:52 -0700] "GET /blog/wp-includes/js/jquery/jquery.js?ver=1.7.1 HTTP/1.1" 200 93889 "http://yuvi.in/blog/" "Mozilla/5.0 (X11; Linux i686; rv:11.0) Gecko/20100101 Firefox/11.0"
98.172.15.254 - - [23/Mar/2012:09:00:59 -0700] "GET /favicon.ico HTTP/1.1" 404 169 "-" "Caffeinated/1.1.1 CFNetwork/520.3.2 Darwin/11.3.0 (x86_64) (MacBookPro8%2C1)"
27.251.104.34 - - [23/Mar/2012:09:00:59 -0700] "GET /blog/wp-content/themes/cleanr/images/search_magnifier.gif HTTP/1.1" 200 394 "http://yuvi.in/blog/" "Mozilla/5.0 (X11; Linux i686; rv:11.0) Gecko/20100101 Firefox/11.0"
207.46.204.171 - - [23/Mar/2012:09:01:53 -0700] "-" 400 0 "-" "-"
207.46.204.171 - - [23/Mar/2012:09:01:53 -0700] "-" 400 0 "-" "-"
207.46.204.171 - - [23/Mar/2012:09:01:53 -0700] "-" 400 0 "-" "-"
207.46.204.171 - - [23/Mar/2012:09:01:53 -0700] "-" 400 0 "-" "-"
207.46.204.171 - - [23/Mar/2012:09:01:53 -0700] "-" 400 0 "-" "-"
207.46.204.171 - - [23/Mar/2012:09:01:54 -0700] "-" 400 0 "-" "-"
207.46.204.171 - - [23/Mar/2012:09:01:54 -0700] "-" 400 0 "-" "-"
207.46.204.171 - - [23/Mar/2012:09:01:54 -0700] "-" 400 0 "-" "-"
207.46.204.171 - - [23/Mar/2012:09:01:54 -0700] "-" 400 0 "-" "-"
207.46.204.171 - - [23/Mar/2012:09:01:54 -0700] "-" 400 0 "-" "-"
98.172.15.254 - - [23/Mar/2012:09:01:57 -0700] "GET /favicon.ico HTTP/1.1" 404 169 "-" "Caffeinated/1.1.1 CFNetwork/520.3.2 Darwin/11.3.0 (x86_64) (MacBookPro8%2C1)"
141.0.8.141 - - [23/Mar/2012:09:02:04 -0700] "-" 400 0 "-" "-"
141.0.8.141 - - [23/Mar/2012:09:02:04 -0700] "-" 400 0 "-" "-"
141.0.8.141 - - [23/Mar/2012:09:02:20 -0700] "-" 400 0 "-" "-"
141.0.8.141 - - [23/Mar/2012:09:02:20 -0700] "-" 400 0 "-" "-"
141.0.8.141 - - [23/Mar/2012:09:02:22 -0700] "-" 400 0 "-" "-"
141.0.8.141 - - [23/Mar/2012:09:02:22 -0700] "-" 400 0 "-" "-"
98.172.15.254 - - [23/Mar/2012:09:02:29 -0700] "GET /favicon.ico HTTP/1.1" 404 169 "-" "Caffeinated/1.1.1 CFNetwork/520.3.2 Darwin/11.3.0 (x86_64) (MacBookPro8%2C1)"
67.215.230.27 - - [23/Mar/2012:09:02:39 -0700] "GET /robots.txt HTTP/1.0" 404 169 "-" "Setooz/Nutch-1.2 (http://www.setooz.com)"
67.215.230.27 - - [23/Mar/2012:09:02:39 -0700] "GET /stories HTTP/1.0" 301 185 "-" "Setooz/Nutch-1.2 (http://www.setooz.com)"
67.215.230.28 - - [23/Mar/2012:09:02:40 -0700] "GET /robots.txt HTTP/1.0" 404 169 "-" "Setooz/Nutch-1.2 (http://www.setooz.com)"
67.215.230.28 - - [23/Mar/2012:09:02:40 -0700] "GET / HTTP/1.0" 200 3439 "-" "Setooz/Nutch-1.2 (http://www.setooz.com)"
183.82.75.208 - - [23/Mar/2012:09:02:50 -0700] "GET /blog/feed/ HTTP/1.0" 304 0 "-" "FeedDemon/4.0 (http://www.feeddemon.com/; Microsoft Windows)"
141.0.8.141 - - [23/Mar/2012:09:03:04 -0700] "-" 400 0 "-" "-"
141.0.8.141 - - [23/Mar/2012:09:03:04 -0700] "-" 400 0 "-" "-"
141.0.8.141 - - [23/Mar/2012:09:03:06 -0700] "-" 400 0 "-" "-"
207.46.204.173 - - [23/Mar/2012:09:03:11 -0700] "-" 400 0 "-" "-"
207.46.204.173 - - [23/Mar/2012:09:03:12 -0700] "-" 400 0 "-" "-"
207.46.204.173 - - [23/Mar/2012:09:03:13 -0700] "-" 400 0 "-" "-"
207.46.204.173 - - [23/Mar/2012:09:03:13 -0700] "-" 400 0 "-" "-"
207.46.204.173 - - [23/Mar/2012:09:03:13 -0700] "-" 400 0 "-" "-"
207.46.204.173 - - [23/Mar/2012:09:03:14 -0700] "-" 400 0 "-" "-"
207.46.204.173 - - [23/Mar/2012:09:03:14 -0700] "-" 400 0 "-" "-"
207.46.204.173 - - [23/Mar/2012:09:03:14 -0700] "-" 400 0 "-" "-"
207.46.204.173 - - [23/Mar/2012:09:03:14 -0700] "-" 400 0 "-" "-"
207.46.204.173 - - [23/Mar/2012:09:03:14 -0700] "-" 400 0 "-" "-"
98.172.15.254 - - [23/Mar/2012:09:03:29 -0700] "GET /favicon.ico HTTP/1.1" 404 169 "-" "Caffeinated/1.1.1 CFNetwork/520.3.2 Darwin/11.3.0 (x86_64) (MacBookPro8%2C1)"
207.46.204.173 - - [23/Mar/2012:09:04:02 -0700] "-" 400 0 "-" "-"
98.172.15.254 - - [23/Mar/2012:09:04:16 -0700] "GET /favicon.ico HTTP/1.1" 404 169 "-" "Caffeinated/1.1.1 CFNetwork/520.3.2 Darwin/11.3.0 (x86_64) (MacBookPro8%2C1)"
66.249.68.52 - - [23/Mar/2012:09:04:32 -0700] "GET /r/2fpl HTTP/1.1" 301 257 "-" "Mozilla/5.0 (compatible; Googlebot/2.1; +http://www.google.com/bot.html)"
66.249.68.52 - - [23/Mar/2012:09:04:33 -0700] "GET /s/ta/2fpl/ HTTP/1.1" 302 357 "-" "Mozilla/5.0 (compatible; Googlebot/2.1; +http://www.google.com/bot.html)"
176.9.111.204 - - [23/Mar/2012:09:04:48 -0700] "GET / HTTP/1.1" 200 3439 "-" "Mozilla/4.0 (compatible; MSIE 7.0; Windows NT 5.1)"
193.252.13.254 - - [23/Mar/2012:09:04:55 -0700] "GET / HTTP/1.1" 200 1430 "-" "Mozilla/5.0 (X11; Linux i686) AppleWebKit/535.11 (KHTML, like Gecko) Chrome/17.0.963.83 Safari/535.11"
193.252.13.254 - - [23/Mar/2012:09:04:55 -0700] "GET /blueprint/screen.css HTTP/1.1" 200 12058 "http://yuvi.in/" "Mozilla/5.0 (X11; Linux i686) AppleWebKit/535.11 (KHTML, like Gecko) Chrome/17.0.963.83 Safari/535.11"
193.252.13.254 - - [23/Mar/2012:09:04:56 -0700] "GET /blueprint/print.css HTTP/1.1" 200 1284 "http://yuvi.in/" "Mozilla/5.0 (X11; Linux i686) AppleWebKit/535.11 (KHTML, like Gecko) Chrome/17.0.963.83 Safari/535.11"
193.252.13.254 - - [23/Mar/2012:09:04:56 -0700] "GET /header.png HTTP/1.1" 200 14249 "http://yuvi.in/" "Mozilla/5.0 (X11; Linux i686) AppleWebKit/535.11 (KHTML, like Gecko) Chrome/17.0.963.83 Safari/535.11"
193.252.13.254 - - [23/Mar/2012:09:04:57 -0700] "GET /favicon.ico HTTP/1.1" 404 199 "-" "Mozilla/5.0 (X11; Linux i686) AppleWebKit/535.11 (KHTML, like Gecko) Chrome/17.0.963.83 Safari/535.11"
98.172.15.254 - - [23/Mar/2012:09:05:14 -0700] "GET / HTTP/1.1" 304 0 "-" "Caffeinated/1.1.1 CFNetwork/520.3.2 Darwin/11.3.0 (x86_64) (MacBookPro8%2C1)"
98.172.15.254 - - [23/Mar/2012:09:05:14 -0700] "GET /favicon.ico HTTP/1.1" 404 169 "-" "Caffeinated/1.1.1 CFNetwork/520.3.2 Darwin/11.3.0 (x86_64) (MacBookPro8%2C1)"
193.252.13.254 - - [23/Mar/2012:09:05:15 -0700] "GET /blog HTTP/1.1" 301 178 "http://yuvi.in/" "Mozilla/5.0 (X11; Linux i686) AppleWebKit/535.11 (KHTML, like Gecko) Chrome/17.0.963.83 Safari/535.11"
193.252.13.254 - - [23/Mar/2012:09:05:16 -0700] "GET /blog/ HTTP/1.1" 200 9195 "http://yuvi.in/" "Mozilla/5.0 (X11; Linux i686) AppleWebKit/535.11 (KHTML, like Gecko) Chrome/17.0.963.83 Safari/535.11"
193.252.13.254 - - [23/Mar/2012:09:05:17 -0700] "GET /blog/wp-content/themes/cleanr/style.css HTTP/1.1" 200 10508 "http://yuvi.in/blog/" "Mozilla/5.0 (X11; Linux i686) AppleWebKit/535.11 (KHTML, like Gecko) Chrome/17.0.963.83 Safari/535.11"
193.252.13.254 - - [23/Mar/2012:09:05:17 -0700] "GET /blog/wp-content/themes/cleanr/js/jquery.dropdown.js?ver=3.3.1 HTTP/1.1" 200 535 "http://yuvi.in/blog/" "Mozilla/5.0 (X11; Linux i686) AppleWebKit/535.11 (KHTML, like Gecko) Chrome/17.0.963.83 Safari/535.11"
193.252.13.254 - - [23/Mar/2012:09:05:18 -0700] "GET /blog/wp-content/themes/cleanr/css/reset.css HTTP/1.1" 200 648 "http://yuvi.in/blog/" "Mozilla/5.0 (X11; Linux i686) AppleWebKit/535.11 (KHTML, like Gecko) Chrome/17.0.963.83 Safari/535.11"
193.252.13.254 - - [23/Mar/2012:09:05:18 -0700] "GET /blog/wp-content/themes/cleanr/css/text.css HTTP/1.1" 200 420 "http://yuvi.in/blog/" "Mozilla/5.0 (X11; Linux i686) AppleWebKit/535.11 (KHTML, like Gecko) Chrome/17.0.963.83 Safari/535.11"
193.252.13.254 - - [23/Mar/2012:09:05:18 -0700] "GET /blog/wp-content/themes/cleanr/css/960.css HTTP/1.1" 200 3628 "http://yuvi.in/blog/" "Mozilla/5.0 (X11; Linux i686) AppleWebKit/535.11 (KHTML, like Gecko) Chrome/17.0.963.83 Safari/535.11"
193.252.13.254 - - [23/Mar/2012:09:05:19 -0700] "GET /blog/wp-includes/js/jquery/jquery.js?ver=1.7.1 HTTP/1.1" 200 93889 "http://yuvi.in/blog/" "Mozilla/5.0 (X11; Linux i686) AppleWebKit/535.11 (KHTML, like Gecko) Chrome/17.0.963.83 Safari/535.11"
66.249.68.52 - - [23/Mar/2012:09:05:19 -0700] "GET /r/1yft HTTP/1.1" 301 257 "-" "Mozilla/5.0 (compatible; Googlebot/2.1; +http://www.google.com/bot.html)"
66.249.68.52 - - [23/Mar/2012:09:05:19 -0700] "GET /r/1z5n HTTP/1.1" 301 257 "-" "Mozilla/5.0 (compatible; Googlebot/2.1; +http://www.google.com/bot.html)"
66.249.68.52 - - [23/Mar/2012:09:05:19 -0700] "GET /s/ta/1yft/ HTTP/1.1" 302 325 "-" "Mozilla/5.0 (compatible; Googlebot/2.1; +http://www.google.com/bot.html)"
193.252.13.254 - - [23/Mar/2012:09:05:20 -0700] "GET /blog/wp-content/themes/cleanr/images/search_magnifier.gif HTTP/1.1" 200 394 "http://yuvi.in/blog/" "Mozilla/5.0 (X11; Linux i686) AppleWebKit/535.11 (KHTML, like Gecko) Chrome/17.0.963.83 Safari/535.11"
208.115.111.68 - - [23/Mar/2012:09:05:21 -0700] "GET /blog HTTP/1.1" 301 178 "-" "Mozilla/5.0 (compatible; Ezooms/1.0; ezooms.bot@gmail.com)"
193.252.13.254 - - [23/Mar/2012:09:05:22 -0700] "GET /favicon.ico HTTP/1.1" 404 199 "-" "Mozilla/5.0 (X11; Linux i686) AppleWebKit/535.11 (KHTML, like Gecko) Chrome/17.0.963.83 Safari/535.11"
66.249.68.52 - - [23/Mar/2012:09:05:30 -0700] "GET /s/ta/1z5n/ HTTP/1.1" 302 609 "-" "Mozilla/5.0 (compatible; Googlebot/2.1; +http://www.google.com/bot.html)"
141.0.8.141 - - [23/Mar/2012:09:05:41 -0700] "-" 400 0 "-" "-"
141.0.8.141 - - [23/Mar/2012:09:05:41 -0700] "-" 400 0 "-" "-"
141.0.8.141 - - [23/Mar/2012:09:05:49 -0700] "-" 400 0 "-" "-"
141.0.8.141 - - [23/Mar/2012:09:05:54 -0700] "-" 400 0 "-" "-"
98.172.15.254 - - [23/Mar/2012:09:05:56 -0700] "GET /favicon.ico HTTP/1.1" 404 169 "-" "Caffeinated/1.1.1 CFNetwork/520.3.2 Darwin/11.3.0 (x86_64) (MacBookPro8%2C1)"
141.0.8.141 - - [23/Mar/2012:09:05:57 -0700] "-" 400 0 "-" "-"
141.0.8.141 - - [23/Mar/2012:09:05:57 -0700] "-" 400 0 "-" "-"
141.0.8.141 - - [23/Mar/2012:09:05:59 -0700] "-" 400 0 "-" "-"
193.252.13.254 - - [23/Mar/2012:09:06:28 -0700] "GET /stories HTTP/1.1" 301 185 "http://yuvi.in/" "Mozilla/5.0 (X11; Linux i686) AppleWebKit/535.11 (KHTML, like Gecko) Chrome/17.0.963.83 Safari/535.11"
193.252.13.254 - - [23/Mar/2012:09:06:28 -0700] "GET /stories/ HTTP/1.1" 200 1271 "http://yuvi.in/" "Mozilla/5.0 (X11; Linux i686) AppleWebKit/535.11 (KHTML, like Gecko) Chrome/17.0.963.83 Safari/535.11"
193.252.13.254 - - [23/Mar/2012:09:06:29 -0700] "GET /stories/static/style.css HTTP/1.1" 200 1274 "http://yuvi.in/stories/" "Mozilla/5.0 (X11; Linux i686) AppleWebKit/535.11 (KHTML, like Gecko) Chrome/17.0.963.83 Safari/535.11"
193.252.13.254 - - [23/Mar/2012:09:06:29 -0700] "GET /stories/static/codehilite.css HTTP/1.1" 200 4012 "http://yuvi.in/stories/" "Mozilla/5.0 (X11; Linux i686) AppleWebKit/535.11 (KHTML, like Gecko) Chrome/17.0.963.83 Safari/535.11"
193.252.13.254 - - [23/Mar/2012:09:06:33 -0700] "GET /favicon.ico HTTP/1.1" 404 199 "-" "Mozilla/5.0 (X11; Linux i686) AppleWebKit/535.11 (KHTML, like Gecko) Chrome/17.0.963.83 Safari/535.11"
193.252.13.254 - - [23/Mar/2012:09:06:42 -0700] "GET /stories/hopeless-romantic.html HTTP/1.1" 200 2031 "http://yuvi.in/stories/" "Mozilla/5.0 (X11; Linux i686) AppleWebKit/535.11 (KHTML, like Gecko) Chrome/17.0.963.83 Safari/535.11"
85.17.88.169 - - [23/Mar/2012:09:06:44 -0700] "POST /blog/wp-cron.php?doing_wp_cron=1332518625 HTTP/1.0" 499 0 "-" "WordPress/3.3.1; http://yuvi.in/blog"
66.249.67.123 - - [23/Mar/2012:09:06:44 -0700] "GET /blog/theMarianStar/Darius.pdf HTTP/1.1" 404 3016 "-" "Googlebot/2.1 (+http://www.google.com/bot.html)"
193.252.13.254 - - [23/Mar/2012:09:06:45 -0700] "GET /favicon.ico HTTP/1.1" 404 199 "-" "Mozilla/5.0 (X11; Linux i686) AppleWebKit/535.11 (KHTML, like Gecko) Chrome/17.0.963.83 Safari/535.11"
193.252.13.254 - - [23/Mar/2012:09:06:46 -0700] "GET /favicon.ico HTTP/1.1" 404 199 "-" "Mozilla/5.0 (X11; Linux i686) AppleWebKit/535.11 (KHTML, like Gecko) Chrome/17.0.963.83 Safari/535.11"
193.252.13.254 - - [23/Mar/2012:09:06:46 -0700] "GET /favicon.ico HTTP/1.1" 404 199 "-" "Mozilla/5.0 (X11; Linux i686) AppleWebKit/535.11 (KHTML, like Gecko) Chrome/17.0.963.83 Safari/535.11"
193.252.13.254 - - [23/Mar/2012:09:06:47 -0700] "GET /favicon.ico HTTP/1.1" 404 199 "-" "Mozilla/5.0 (X11; Linux i686) AppleWebKit/535.11 (KHTML, like Gecko) Chrome/17.0.963.83 Safari/535.11"
193.252.13.254 - - [23/Mar/2012:09:06:47 -0700] "GET /favicon.ico HTTP/1.1" 404 199 "-" "Mozilla/5.0 (X11; Linux i686) AppleWebKit/535.11 (KHTML, like Gecko) Chrome/17.0.963.83 Safari/535.11"
98.172.15.254 - - [23/Mar/2012:09:06:53 -0700] "GET /favicon.ico HTTP/1.1" 404 169 "-" "Caffeinated/1.1.1 CFNetwork/520.3.2 Darwin/11.3.0 (x86_64) (MacBookPro8%2C1)"
98.172.15.254 - - [23/Mar/2012:09:07:28 -0700] "GET /favicon.ico HTTP/1.1" 404 169 "-" "Caffeinated/1.1.1 CFNetwork/520.3.2 Darwin/11.3.0 (x86_64) (MacBookPro8%2C1)"
201.62.45.168 - - [23/Mar/2012:09:08:16 -0700] "GET /blog/category/devlog/ HTTP/1.1" 200 43358 "-" "Mozilla/5.0 (compatible; Googlebot/2.1; +http://www.google.com/bot.html)"
98.172.15.254 - - [23/Mar/2012:09:08:28 -0700] "GET /favicon.ico HTTP/1.1" 404 169 "-" "Caffeinated/1.1.1 CFNetwork/520.3.2 Darwin/11.3.0 (x86_64) (MacBookPro8%2C1)"
193.252.13.254 - - [23/Mar/2012:09:09:05 -0700] "GET /favicon.ico HTTP/1.1" 404 199 "-" "Mozilla/5.0 (X11; Linux i686) AppleWebKit/535.11 (KHTML, like Gecko) Chrome/17.0.963.83 Safari/535.11"
98.172.15.254 - - [23/Mar/2012:09:09:09 -0700] "GET /favicon.ico HTTP/1.1" 404 169 "-" "Caffeinated/1.1.1 CFNetwork/520.3.2 Darwin/11.3.0 (x86_64) (MacBookPro8%2C1)"
193.252.13.254 - - [23/Mar/2012:09:09:20 -0700] "-" 400 0 "-" "-"
223.234.207.161 - - [23/Mar/2012:09:09:31 -0700] "-" 400 0 "-" "-"
98.172.15.254 - - [23/Mar/2012:09:10:11 -0700] "GET /favicon.ico HTTP/1.1" 404 169 "-" "Caffeinated/1.1.1 CFNetwork/520.3.2 Darwin/11.3.0 (x86_64) (MacBookPro8%2C1)"
98.172.15.254 - - [23/Mar/2012:09:10:41 -0700] "GET / HTTP/1.1" 304 0 "-" "Caffeinated/1.1.1 CFNetwork/520.3.2 Darwin/11.3.0 (x86_64) (MacBookPro8%2C1)"
98.172.15.254 - - [23/Mar/2012:09:10:42 -0700] "GET /favicon.ico HTTP/1.1" 404 169 "-" "Caffeinated/1.1.1 CFNetwork/520.3.2 Darwin/11.3.0 (x86_64) (MacBookPro8%2C1)"
100.43.83.144 - - [23/Mar/2012:09:10:45 -0700] "GET /blog/tag/cheese.html HTTP/1.1" 200 7974 "-" "Mozilla/5.0 (compatible; YandexBot/3.0; +http://yandex.com/bots)"
117.193.230.221 - - [23/Mar/2012:09:11:12 -0700] "-" 400 0 "-" "-"
98.172.15.254 - - [23/Mar/2012:09:11:41 -0700] "GET /favicon.ico HTTP/1.1" 404 169 "-" "Caffeinated/1.1.1 CFNetwork/520.3.2 Darwin/11.3.0 (x86_64) (MacBookPro8%2C1)"
98.172.15.254 - - [23/Mar/2012:09:12:12 -0700] "GET /favicon.ico HTTP/1.1" 404 169 "-" "Caffeinated/1.1.1 CFNetwork/520.3.2 Darwin/11.3.0 (x86_64) (MacBookPro8%2C1)"
141.0.10.243 - - [23/Mar/2012:09:12:31 -0700] "-" 400 0 "-" "-"
117.193.230.27 - - [23/Mar/2012:09:13:04 -0700] "-" 400 0 "-" "-"
66.249.68.52 - - [23/Mar/2012:09:13:07 -0700] "GET /r/1o3v HTTP/1.1" 301 257 "-" "Mozilla/5.0 (compatible; Googlebot/2.1; +http://www.google.com/bot.html)"
66.249.68.52 - - [23/Mar/2012:09:13:08 -0700] "GET /s/ta/1o3v/ HTTP/1.1" 302 343 "-" "Mozilla/5.0 (compatible; Googlebot/2.1; +http://www.google.com/bot.html)"
98.172.15.254 - - [23/Mar/2012:09:13:11 -0700] "GET /favicon.ico HTTP/1.1" 404 169 "-" "Caffeinated/1.1.1 CFNetwork/520.3.2 Darwin/11.3.0 (x86_64) (MacBookPro8%2C1)"
69.171.224.245 - - [23/Mar/2012:09:13:14 -0700] "GET /r/1x7m HTTP/1.1" 301 257 "-" "facebookexternalhit/1.1 (+http://www.facebook.com/externalhit_uatext.php)"
69.171.224.247 - - [23/Mar/2012:09:13:14 -0700] "GET /s/ta/1x7m/ HTTP/1.1" 302 513 "-" "facebookexternalhit/1.1 (+http://www.facebook.com/externalhit_uatext.php)"
223.234.207.161 - - [23/Mar/2012:09:13:32 -0700] "-" 400 0 "-" "-"
98.172.15.254 - - [23/Mar/2012:09:13:45 -0700] "GET /favicon.ico HTTP/1.1" 404 169 "-" "Caffeinated/1.1.1 CFNetwork/520.3.2 Darwin/11.3.0 (x86_64) (MacBookPro8%2C1)"
117.193.230.221 - - [23/Mar/2012:09:14:12 -0700] "-" 400 0 "-" "-"
117.193.230.221 - - [23/Mar/2012:09:14:12 -0700] "-" 400 0 "-" "-"
98.172.15.254 - - [23/Mar/2012:09:14:44 -0700] "GET /favicon.ico HTTP/1.1" 404 169 "-" "Caffeinated/1.1.1 CFNetwork/520.3.2 Darwin/11.3.0 (x86_64) (MacBookPro8%2C1)"
98.172.15.254 - - [23/Mar/2012:09:15:24 -0700] "GET /favicon.ico HTTP/1.1" 404 169 "-" "Caffeinated/1.1.1 CFNetwork/520.3.2 Darwin/11.3.0 (x86_64) (MacBookPro8%2C1)"
208.115.113.84 - - [23/Mar/2012:09:15:36 -0700] "GET /robots.txt HTTP/1.1" 404 169 "-" "Mozilla/5.0 (compatible; Ezooms/1.0; ezooms.bot@gmail.com)"
69.171.234.3 - - [23/Mar/2012:09:15:36 -0700] "GET /r/eya HTTP/1.1" 301 255 "-" "facebookexternalhit/1.1 (+http://www.facebook.com/externalhit_uatext.php)"
69.171.234.5 - - [23/Mar/2012:09:15:36 -0700] "GET /s/ta/eya/ HTTP/1.1" 302 401 "-" "facebookexternalhit/1.1 (+http://www.facebook.com/externalhit_uatext.php)"
117.193.230.27 - - [23/Mar/2012:09:15:44 -0700] "-" 400 0 "-" "-"
69.171.229.247 - - [23/Mar/2012:09:15:55 -0700] "GET /r/7bu HTTP/1.1" 301 255 "-" "facebookexternalhit/1.1 (+http://www.facebook.com/externalhit_uatext.php)"
69.171.229.247 - - [23/Mar/2012:09:15:55 -0700] "GET /s/ta/7bu/ HTTP/1.1" 302 337 "-" "facebookexternalhit/1.1 (+http://www.facebook.com/externalhit_uatext.php)"
223.234.207.161 - - [23/Mar/2012:09:16:01 -0700] "-" 400 0 "-" "-"
98.172.15.254 - - [23/Mar/2012:09:16:21 -0700] "GET / HTTP/1.1" 304 0 "-" "Caffeinated/1.1.1 CFNetwork/520.3.2 Darwin/11.3.0 (x86_64) (MacBookPro8%2C1)"
98.172.15.254 - - [23/Mar/2012:09:16:21 -0700] "GET /favicon.ico HTTP/1.1" 404 169 "-" "Caffeinated/1.1.1 CFNetwork/520.3.2 Darwin/11.3.0 (x86_64) (MacBookPro8%2C1)"
