184.191.224.10 - - [10/Apr/2012:13:07:45 -0700] "GET / HTTP/1.1" 200 1430 "-" "Caffeinated/1.1.1 CFNetwork/520.3.2 Darwin/11.3.0 (x86_64) (MacBookPro8%2C1)"
184.191.224.10 - - [10/Apr/2012:13:07:45 -0700] "GET /favicon.ico HTTP/1.1" 404 142 "-" "Caffeinated/1.1.1 CFNetwork/520.3.2 Darwin/11.3.0 (x86_64) (MacBookPro8%2C1)"
184.191.224.10 - - [10/Apr/2012:13:08:14 -0700] "GET / HTTP/1.1" 200 1430 "-" "Caffeinated/1.1.1 CFNetwork/520.3.2 Darwin/11.3.0 (x86_64) (MacBookPro8%2C1)"
184.191.224.10 - - [10/Apr/2012:13:08:14 -0700] "GET /favicon.ico HTTP/1.1" 404 142 "-" "Caffeinated/1.1.1 CFNetwork/520.3.2 Darwin/11.3.0 (x86_64) (MacBookPro8%2C1)"
184.191.224.10 - - [10/Apr/2012:13:09:04 -0700] "GET / HTTP/1.1" 200 1430 "-" "Caffeinated/1.1.1 CFNetwork/520.3.2 Darwin/11.3.0 (x86_64) (MacBookPro8%2C1)"
184.191.224.10 - - [10/Apr/2012:13:09:04 -0700] "GET /favicon.ico HTTP/1.1" 404 142 "-" "Caffeinated/1.1.1 CFNetwork/520.3.2 Darwin/11.3.0 (x86_64) (MacBookPro8%2C1)"
184.191.224.10 - - [10/Apr/2012:13:09:32 -0700] "GET / HTTP/1.1" 200 1430 "-" "Caffeinated/1.1.1 CFNetwork/520.3.2 Darwin/11.3.0 (x86_64) (MacBookPro8%2C1)"
184.191.224.10 - - [10/Apr/2012:13:09:33 -0700] "GET /favicon.ico HTTP/1.1" 404 142 "-" "Caffeinated/1.1.1 CFNetwork/520.3.2 Darwin/11.3.0 (x86_64) (MacBookPro8%2C1)"
184.191.224.10 - - [10/Apr/2012:13:10:24 -0700] "GET / HTTP/1.1" 200 1430 "-" "Caffeinated/1.1.1 CFNetwork/520.3.2 Darwin/11.3.0 (x86_64) (MacBookPro8%2C1)"
184.191.224.10 - - [10/Apr/2012:13:10:24 -0700] "GET /favicon.ico HTTP/1.1" 404 142 "-" "Caffeinated/1.1.1 CFNetwork/520.3.2 Darwin/11.3.0 (x86_64) (MacBookPro8%2C1)"
184.191.224.10 - - [10/Apr/2012:13:10:52 -0700] "GET / HTTP/1.1" 200 1430 "-" "Caffeinated/1.1.1 CFNetwork/520.3.2 Darwin/11.3.0 (x86_64) (MacBookPro8%2C1)"
184.191.224.10 - - [10/Apr/2012:13:10:52 -0700] "GET /favicon.ico HTTP/1.1" 404 142 "-" "Caffeinated/1.1.1 CFNetwork/520.3.2 Darwin/11.3.0 (x86_64) (MacBookPro8%2C1)"
184.191.224.10 - - [10/Apr/2012:13:11:51 -0700] "GET / HTTP/1.1" 200 1430 "-" "Caffeinated/1.1.1 CFNetwork/520.3.2 Darwin/11.3.0 (x86_64) (MacBookPro8%2C1)"
184.191.224.10 - - [10/Apr/2012:13:11:51 -0700] "GET /favicon.ico HTTP/1.1" 404 142 "-" "Caffeinated/1.1.1 CFNetwork/520.3.2 Darwin/11.3.0 (x86_64) (MacBookPro8%2C1)"
209.85.144.87 - - [10/Apr/2012:13:12:04 -0700] "GET /stories/feed HTTP/1.1" 200 13653 "-" "FeedBurner/1.0 (http://www.FeedBurner.com)"
184.191.224.10 - - [10/Apr/2012:13:12:12 -0700] "GET / HTTP/1.1" 200 1430 "-" "Caffeinated/1.1.1 CFNetwork/520.3.2 Darwin/11.3.0 (x86_64) (MacBookPro8%2C1)"
184.191.224.10 - - [10/Apr/2012:13:12:12 -0700] "GET /favicon.ico HTTP/1.1" 404 142 "-" "Caffeinated/1.1.1 CFNetwork/520.3.2 Darwin/11.3.0 (x86_64) (MacBookPro8%2C1)"
184.191.224.10 - - [10/Apr/2012:13:13:14 -0700] "GET / HTTP/1.1" 200 1430 "-" "Caffeinated/1.1.1 CFNetwork/520.3.2 Darwin/11.3.0 (x86_64) (MacBookPro8%2C1)"
184.191.224.10 - - [10/Apr/2012:13:13:14 -0700] "GET /favicon.ico HTTP/1.1" 404 142 "-" "Caffeinated/1.1.1 CFNetwork/520.3.2 Darwin/11.3.0 (x86_64) (MacBookPro8%2C1)"
184.191.224.10 - - [10/Apr/2012:13:13:35 -0700] "GET / HTTP/1.1" 200 1430 "-" "Caffeinated/1.1.1 CFNetwork/520.3.2 Darwin/11.3.0 (x86_64) (MacBookPro8%2C1)"
184.191.224.10 - - [10/Apr/2012:13:13:35 -0700] "GET /favicon.ico HTTP/1.1" 404 142 "-" "Caffeinated/1.1.1 CFNetwork/520.3.2 Darwin/11.3.0 (x86_64) (MacBookPro8%2C1)"
85.17.88.169 - - [10/Apr/2012:13:14:09 -0700] "POST /blog/wp-cron.php?doing_wp_cron=1334088525 HTTP/1.0" 499 0 "-" "WordPress/3.3.1; http://yuvi.in/blog"
94.228.34.248 - - [10/Apr/2012:13:14:09 -0700] "GET /blog/ HTTP/1.1" 200 10128 "-" "magpie-crawler/1.1 (U; Linux amd64; en-GB; +http://www.brandwatch.net)"
184.191.224.10 - - [10/Apr/2012:13:14:41 -0700] "GET / HTTP/1.1" 200 1430 "-" "Caffeinated/1.1.1 CFNetwork/520.3.2 Darwin/11.3.0 (x86_64) (MacBookPro8%2C1)"
184.191.224.10 - - [10/Apr/2012:13:14:42 -0700] "GET /favicon.ico HTTP/1.1" 404 142 "-" "Caffeinated/1.1.1 CFNetwork/520.3.2 Darwin/11.3.0 (x86_64) (MacBookPro8%2C1)"
184.191.224.10 - - [10/Apr/2012:13:15:01 -0700] "GET / HTTP/1.1" 200 1430 "-" "Caffeinated/1.1.1 CFNetwork/520.3.2 Darwin/11.3.0 (x86_64) (MacBookPro8%2C1)"
184.191.224.10 - - [10/Apr/2012:13:15:01 -0700] "GET /favicon.ico HTTP/1.1" 404 142 "-" "Caffeinated/1.1.1 CFNetwork/520.3.2 Darwin/11.3.0 (x86_64) (MacBookPro8%2C1)"
184.191.224.10 - - [10/Apr/2012:13:16:04 -0700] "GET / HTTP/1.1" 200 1430 "-" "Caffeinated/1.1.1 CFNetwork/520.3.2 Darwin/11.3.0 (x86_64) (MacBookPro8%2C1)"
184.191.224.10 - - [10/Apr/2012:13:16:04 -0700] "GET /favicon.ico HTTP/1.1" 404 142 "-" "Caffeinated/1.1.1 CFNetwork/520.3.2 Darwin/11.3.0 (x86_64) (MacBookPro8%2C1)"
157.55.112.202 - - [10/Apr/2012:13:16:19 -0700] "-" 400 0 "-" "-"
157.55.112.202 - - [10/Apr/2012:13:16:19 -0700] "-" 400 0 "-" "-"
157.55.112.202 - - [10/Apr/2012:13:16:19 -0700] "-" 400 0 "-" "-"
157.55.112.202 - - [10/Apr/2012:13:16:22 -0700] "-" 400 0 "-" "-"
157.55.112.202 - - [10/Apr/2012:13:16:22 -0700] "-" 400 0 "-" "-"
157.55.112.202 - - [10/Apr/2012:13:16:23 -0700] "-" 400 0 "-" "-"
157.55.112.202 - - [10/Apr/2012:13:16:23 -0700] "-" 400 0 "-" "-"
184.191.224.10 - - [10/Apr/2012:13:16:24 -0700] "GET / HTTP/1.1" 200 1430 "-" "Caffeinated/1.1.1 CFNetwork/520.3.2 Darwin/11.3.0 (x86_64) (MacBookPro8%2C1)"
184.191.224.10 - - [10/Apr/2012:13:16:24 -0700] "GET /favicon.ico HTTP/1.1" 404 142 "-" "Caffeinated/1.1.1 CFNetwork/520.3.2 Darwin/11.3.0 (x86_64) (MacBookPro8%2C1)"
157.55.112.202 - - [10/Apr/2012:13:16:24 -0700] "-" 400 0 "-" "-"
157.55.112.202 - - [10/Apr/2012:13:16:24 -0700] "-" 400 0 "-" "-"
157.55.112.202 - - [10/Apr/2012:13:16:24 -0700] "-" 400 0 "-" "-"
157.55.112.202 - - [10/Apr/2012:13:16:24 -0700] "-" 400 0 "-" "-"
157.55.112.202 - - [10/Apr/2012:13:16:25 -0700] "-" 400 0 "-" "-"
208.115.111.68 - - [10/Apr/2012:13:16:50 -0700] "GET /robots.txt HTTP/1.1" 404 169 "-" "Mozilla/5.0 (compatible; Ezooms/1.0; ezooms.bot@gmail.com)"
119.235.237.19 - - [10/Apr/2012:13:17:16 -0700] "GET /robots.txt HTTP/1.1" 404 169 "-" "Yeti/1.0 (NHN Corp.; http://help.naver.com/robots/)"
119.235.237.19 - - [10/Apr/2012:13:17:17 -0700] "GET /blog/my-vimrc/ HTTP/1.1" 200 16064 "-" "Yeti/1.0 (NHN Corp.; http://help.naver.com/robots/)"
157.55.112.202 - - [10/Apr/2012:13:17:19 -0700] "-" 400 0 "-" "-"
184.191.224.10 - - [10/Apr/2012:13:17:23 -0700] "GET / HTTP/1.1" 200 1430 "-" "Caffeinated/1.1.1 CFNetwork/520.3.2 Darwin/11.3.0 (x86_64) (MacBookPro8%2C1)"
184.191.224.10 - - [10/Apr/2012:13:17:23 -0700] "GET /favicon.ico HTTP/1.1" 404 142 "-" "Caffeinated/1.1.1 CFNetwork/520.3.2 Darwin/11.3.0 (x86_64) (MacBookPro8%2C1)"
184.191.224.10 - - [10/Apr/2012:13:17:45 -0700] "GET / HTTP/1.1" 200 1430 "-" "Caffeinated/1.1.1 CFNetwork/520.3.2 Darwin/11.3.0 (x86_64) (MacBookPro8%2C1)"
184.191.224.10 - - [10/Apr/2012:13:17:45 -0700] "GET /favicon.ico HTTP/1.1" 404 142 "-" "Caffeinated/1.1.1 CFNetwork/520.3.2 Darwin/11.3.0 (x86_64) (MacBookPro8%2C1)"
184.191.224.10 - - [10/Apr/2012:13:18:43 -0700] "GET / HTTP/1.1" 200 1430 "-" "Caffeinated/1.1.1 CFNetwork/520.3.2 Darwin/11.3.0 (x86_64) (MacBookPro8%2C1)"
184.191.224.10 - - [10/Apr/2012:13:18:43 -0700] "GET /favicon.ico HTTP/1.1" 404 142 "-" "Caffeinated/1.1.1 CFNetwork/520.3.2 Darwin/11.3.0 (x86_64) (MacBookPro8%2C1)"
184.191.224.10 - - [10/Apr/2012:13:19:05 -0700] "GET / HTTP/1.1" 200 1430 "-" "Caffeinated/1.1.1 CFNetwork/520.3.2 Darwin/11.3.0 (x86_64) (MacBookPro8%2C1)"
184.191.224.10 - - [10/Apr/2012:13:19:05 -0700] "GET /favicon.ico HTTP/1.1" 404 142 "-" "Caffeinated/1.1.1 CFNetwork/520.3.2 Darwin/11.3.0 (x86_64) (MacBookPro8%2C1)"
119.235.237.77 - - [10/Apr/2012:13:19:19 -0700] "GET /blog/wp-content/themes/cleanr/style.css HTTP/1.1" 200 10508 "-" "Yeti/1.0 (NHN Corp.; http://help.naver.com/robots/)"
85.17.88.169 - - [10/Apr/2012:13:19:23 -0700] "POST /blog/wp-cron.php?doing_wp_cron=1334088839 HTTP/1.0" 499 0 "-" "WordPress/3.3.1; http://yuvi.in/blog"
209.85.224.86 - - [10/Apr/2012:13:19:23 -0700] "GET /blog/feed HTTP/1.1" 304 0 "-" "FeedBurner/1.0 (http://www.FeedBurner.com)"
119.235.237.77 - - [10/Apr/2012:13:19:39 -0700] "GET /blog/wp-content/themes/cleanr/css/reset.css HTTP/1.1" 200 648 "-" "Yeti/1.0 (NHN Corp.; http://help.naver.com/robots/)"
184.191.224.10 - - [10/Apr/2012:13:20:02 -0700] "GET / HTTP/1.1" 200 1430 "-" "Caffeinated/1.1.1 CFNetwork/520.3.2 Darwin/11.3.0 (x86_64) (MacBookPro8%2C1)"
184.191.224.10 - - [10/Apr/2012:13:20:02 -0700] "GET /favicon.ico HTTP/1.1" 404 142 "-" "Caffeinated/1.1.1 CFNetwork/520.3.2 Darwin/11.3.0 (x86_64) (MacBookPro8%2C1)"
184.191.224.10 - - [10/Apr/2012:13:20:27 -0700] "GET / HTTP/1.1" 200 1430 "-" "Caffeinated/1.1.1 CFNetwork/520.3.2 Darwin/11.3.0 (x86_64) (MacBookPro8%2C1)"
184.191.224.10 - - [10/Apr/2012:13:20:27 -0700] "GET /favicon.ico HTTP/1.1" 404 142 "-" "Caffeinated/1.1.1 CFNetwork/520.3.2 Darwin/11.3.0 (x86_64) (MacBookPro8%2C1)"
66.249.67.108 - - [10/Apr/2012:13:20:59 -0700] "GET /robots.txt HTTP/1.1" 404 142 "-" "Mozilla/5.0 (compatible; Googlebot/2.1; +http://www.google.com/bot.html)"
85.17.88.169 - - [10/Apr/2012:13:21:01 -0700] "POST /blog/wp-cron.php?doing_wp_cron=1334088937 HTTP/1.0" 499 0 "-" "WordPress/3.3.1; http://yuvi.in/blog"
66.249.67.108 - - [10/Apr/2012:13:21:02 -0700] "GET /blog/non-ascii-characters-http-headers/feed/ HTTP/1.1" 200 1862 "-" "Mozilla/5.0 (compatible; Googlebot/2.1; +http://www.google.com/bot.html)"
184.191.224.10 - - [10/Apr/2012:13:21:27 -0700] "GET / HTTP/1.1" 200 1430 "-" "Caffeinated/1.1.1 CFNetwork/520.3.2 Darwin/11.3.0 (x86_64) (MacBookPro8%2C1)"
184.191.224.10 - - [10/Apr/2012:13:21:27 -0700] "GET /favicon.ico HTTP/1.1" 404 142 "-" "Caffeinated/1.1.1 CFNetwork/520.3.2 Darwin/11.3.0 (x86_64) (MacBookPro8%2C1)"
184.191.224.10 - - [10/Apr/2012:13:21:48 -0700] "GET / HTTP/1.1" 200 1430 "-" "Caffeinated/1.1.1 CFNetwork/520.3.2 Darwin/11.3.0 (x86_64) (MacBookPro8%2C1)"
184.191.224.10 - - [10/Apr/2012:13:21:48 -0700] "GET /favicon.ico HTTP/1.1" 404 142 "-" "Caffeinated/1.1.1 CFNetwork/520.3.2 Darwin/11.3.0 (x86_64) (MacBookPro8%2C1)"
184.191.224.10 - - [10/Apr/2012:13:22:48 -0700] "GET / HTTP/1.1" 200 1430 "-" "Caffeinated/1.1.1 CFNetwork/520.3.2 Darwin/11.3.0 (x86_64) (MacBookPro8%2C1)"
184.191.224.10 - - [10/Apr/2012:13:22:48 -0700] "GET /favicon.ico HTTP/1.1" 404 142 "-" "Caffeinated/1.1.1 CFNetwork/520.3.2 Darwin/11.3.0 (x86_64) (MacBookPro8%2C1)"
184.191.224.10 - - [10/Apr/2012:13:23:14 -0700] "GET / HTTP/1.1" 200 1430 "-" "Caffeinated/1.1.1 CFNetwork/520.3.2 Darwin/11.3.0 (x86_64) (MacBookPro8%2C1)"
184.191.224.10 - - [10/Apr/2012:13:23:14 -0700] "GET /favicon.ico HTTP/1.1" 404 142 "-" "Caffeinated/1.1.1 CFNetwork/520.3.2 Darwin/11.3.0 (x86_64) (MacBookPro8%2C1)"
184.191.224.10 - - [10/Apr/2012:13:24:08 -0700] "GET / HTTP/1.1" 200 1430 "-" "Caffeinated/1.1.1 CFNetwork/520.3.2 Darwin/11.3.0 (x86_64) (MacBookPro8%2C1)"
184.191.224.10 - - [10/Apr/2012:13:24:08 -0700] "GET /favicon.ico HTTP/1.1" 404 142 "-" "Caffeinated/1.1.1 CFNetwork/520.3.2 Darwin/11.3.0 (x86_64) (MacBookPro8%2C1)"
184.191.224.10 - - [10/Apr/2012:13:24:38 -0700] "GET / HTTP/1.1" 200 1430 "-" "Caffeinated/1.1.1 CFNetwork/520.3.2 Darwin/11.3.0 (x86_64) (MacBookPro8%2C1)"
184.191.224.10 - - [10/Apr/2012:13:24:38 -0700] "GET /favicon.ico HTTP/1.1" 404 142 "-" "Caffeinated/1.1.1 CFNetwork/520.3.2 Darwin/11.3.0 (x86_64) (MacBookPro8%2C1)"
207.46.204.166 - - [10/Apr/2012:13:25:52 -0700] "-" 400 0 "-" "-"
207.46.204.166 - - [10/Apr/2012:13:25:52 -0700] "-" 400 0 "-" "-"
207.46.204.166 - - [10/Apr/2012:13:25:52 -0700] "-" 400 0 "-" "-"
207.46.204.166 - - [10/Apr/2012:13:25:52 -0700] "-" 400 0 "-" "-"
207.46.204.166 - - [10/Apr/2012:13:25:52 -0700] "-" 400 0 "-" "-"
207.46.204.166 - - [10/Apr/2012:13:25:52 -0700] "-" 400 0 "-" "-"
207.46.204.166 - - [10/Apr/2012:13:25:52 -0700] "-" 400 0 "-" "-"
207.46.204.166 - - [10/Apr/2012:13:25:52 -0700] "-" 400 0 "-" "-"
207.46.204.166 - - [10/Apr/2012:13:25:52 -0700] "-" 400 0 "-" "-"
207.46.204.166 - - [10/Apr/2012:13:25:52 -0700] "-" 400 0 "-" "-"
180.76.5.113 - - [10/Apr/2012:13:26:11 -0700] "GET / HTTP/1.1" 200 3439 "-" "Mozilla/5.0 (compatible; Baiduspider/2.0; +http://www.baidu.com/search/spider.html)"
207.46.204.166 - - [10/Apr/2012:13:26:35 -0700] "-" 400 0 "-" "-"
207.46.204.166 - - [10/Apr/2012:13:26:35 -0700] "-" 400 0 "-" "-"
207.46.204.166 - - [10/Apr/2012:13:26:35 -0700] "-" 400 0 "-" "-"
184.191.224.10 - - [10/Apr/2012:13:28:25 -0700] "GET / HTTP/1.1" 200 1430 "-" "Caffeinated/1.1.2 CFNetwork/520.3.2 Darwin/11.3.0 (x86_64) (MacBookPro8%2C1)"
184.191.224.10 - - [10/Apr/2012:13:28:25 -0700] "GET /favicon.ico HTTP/1.1" 404 142 "-" "Caffeinated/1.1.2 CFNetwork/520.3.2 Darwin/11.3.0 (x86_64) (MacBookPro8%2C1)"
69.171.234.0 - - [10/Apr/2012:13:28:30 -0700] "GET /r/fmf HTTP/1.1" 301 255 "-" "facebookexternalhit/1.1 (+http://www.facebook.com/externalhit_uatext.php)"
69.171.234.6 - - [10/Apr/2012:13:28:30 -0700] "GET /s/ta/fmf/ HTTP/1.1" 302 349 "-" "facebookexternalhit/1.1 (+http://www.facebook.com/externalhit_uatext.php)"
184.191.224.10 - - [10/Apr/2012:13:29:23 -0700] "GET / HTTP/1.1" 200 1430 "-" "Caffeinated/1.1.2 CFNetwork/520.3.2 Darwin/11.3.0 (x86_64) (MacBookPro8%2C1)"
184.191.224.10 - - [10/Apr/2012:13:29:23 -0700] "GET /favicon.ico HTTP/1.1" 404 142 "-" "Caffeinated/1.1.2 CFNetwork/520.3.2 Darwin/11.3.0 (x86_64) (MacBookPro8%2C1)"
85.17.88.169 - - [10/Apr/2012:13:29:46 -0700] "POST /blog/wp-cron.php?doing_wp_cron=1334089462 HTTP/1.0" 499 0 "-" "WordPress/3.3.1; http://yuvi.in/blog"
209.85.238.112 - - [10/Apr/2012:13:29:47 -0700] "GET /blog/feed HTTP/1.1" 301 0 "-" "Feedfetcher-Google; (+http://www.google.com/feedfetcher.html; 3 subscribers; feed-id=17684830852112633560)"
209.85.238.112 - - [10/Apr/2012:13:29:47 -0700] "GET /blog/feed/ HTTP/1.1" 200 6693 "-" "Feedfetcher-Google; (+http://www.google.com/feedfetcher.html; 3 subscribers; feed-id=17684830852112633560)"
66.249.68.87 - - [10/Apr/2012:13:30:26 -0700] "GET /s/ta/33ed/ HTTP/1.1" 302 421 "-" "Mozilla/5.0 (compatible; Googlebot/2.1; +http://www.google.com/bot.html)"
157.55.112.203 - - [10/Apr/2012:13:32:14 -0700] "-" 400 0 "-" "-"
157.55.112.203 - - [10/Apr/2012:13:32:14 -0700] "-" 400 0 "-" "-"
157.55.112.203 - - [10/Apr/2012:13:32:15 -0700] "-" 400 0 "-" "-"
157.55.112.203 - - [10/Apr/2012:13:32:16 -0700] "-" 400 0 "-" "-"
157.55.112.203 - - [10/Apr/2012:13:32:16 -0700] "-" 400 0 "-" "-"
157.55.112.203 - - [10/Apr/2012:13:32:17 -0700] "-" 400 0 "-" "-"
157.55.112.203 - - [10/Apr/2012:13:32:17 -0700] "-" 400 0 "-" "-"
157.55.112.203 - - [10/Apr/2012:13:32:17 -0700] "-" 400 0 "-" "-"
157.55.112.203 - - [10/Apr/2012:13:32:17 -0700] "-" 400 0 "-" "-"
157.55.112.203 - - [10/Apr/2012:13:32:18 -0700] "-" 400 0 "-" "-"
157.55.112.203 - - [10/Apr/2012:13:32:18 -0700] "-" 400 0 "-" "-"
157.55.112.203 - - [10/Apr/2012:13:32:18 -0700] "-" 400 0 "-" "-"
85.17.88.169 - - [10/Apr/2012:13:33:40 -0700] "POST /blog/wp-cron.php?doing_wp_cron=1334089696 HTTP/1.0" 499 0 "-" "WordPress/3.3.1; http://yuvi.in/blog"
207.46.195.239 - - [10/Apr/2012:13:33:40 -0700] "GET /blog/chennais-concentration-camps-aka-colleges/ HTTP/1.1" 200 4575 "-" "Mozilla/5.0 (compatible; bingbot/2.0; +http://www.bing.com/bingbot.htm)"
207.46.193.39 - - [10/Apr/2012:13:36:01 -0700] "-" 400 0 "-" "-"
207.46.193.39 - - [10/Apr/2012:13:36:01 -0700] "-" 400 0 "-" "-"
207.46.193.39 - - [10/Apr/2012:13:36:01 -0700] "-" 400 0 "-" "-"
207.46.193.39 - - [10/Apr/2012:13:36:01 -0700] "-" 400 0 "-" "-"
207.46.193.39 - - [10/Apr/2012:13:36:02 -0700] "-" 400 0 "-" "-"
207.46.193.39 - - [10/Apr/2012:13:36:02 -0700] "-" 400 0 "-" "-"
207.46.193.39 - - [10/Apr/2012:13:36:03 -0700] "-" 400 0 "-" "-"
207.46.193.39 - - [10/Apr/2012:13:36:03 -0700] "-" 400 0 "-" "-"
207.46.193.39 - - [10/Apr/2012:13:36:03 -0700] "-" 400 0 "-" "-"
207.46.193.39 - - [10/Apr/2012:13:36:03 -0700] "-" 400 0 "-" "-"
207.46.193.39 - - [10/Apr/2012:13:36:03 -0700] "-" 400 0 "-" "-"
65.52.111.245 - - [10/Apr/2012:13:37:00 -0700] "-" 400 0 "-" "-"
65.52.111.245 - - [10/Apr/2012:13:37:00 -0700] "-" 400 0 "-" "-"
65.52.111.245 - - [10/Apr/2012:13:37:00 -0700] "-" 400 0 "-" "-"
207.46.193.39 - - [10/Apr/2012:13:37:01 -0700] "-" 400 0 "-" "-"
65.52.111.245 - - [10/Apr/2012:13:37:02 -0700] "-" 400 0 "-" "-"
65.52.111.245 - - [10/Apr/2012:13:37:03 -0700] "-" 400 0 "-" "-"
207.46.204.211 - - [10/Apr/2012:13:37:03 -0700] "-" 400 0 "-" "-"
207.46.204.211 - - [10/Apr/2012:13:37:03 -0700] "-" 400 0 "-" "-"
65.52.111.245 - - [10/Apr/2012:13:37:03 -0700] "-" 400 0 "-" "-"
207.46.204.211 - - [10/Apr/2012:13:37:03 -0700] "-" 400 0 "-" "-"
65.52.111.245 - - [10/Apr/2012:13:37:03 -0700] "-" 400 0 "-" "-"
65.52.111.245 - - [10/Apr/2012:13:37:04 -0700] "-" 400 0 "-" "-"
65.52.111.245 - - [10/Apr/2012:13:37:04 -0700] "-" 400 0 "-" "-"
207.46.204.211 - - [10/Apr/2012:13:37:04 -0700] "-" 400 0 "-" "-"
65.52.111.245 - - [10/Apr/2012:13:37:04 -0700] "-" 400 0 "-" "-"
65.52.111.245 - - [10/Apr/2012:13:37:04 -0700] "-" 400 0 "-" "-"
207.46.204.211 - - [10/Apr/2012:13:37:06 -0700] "-" 400 0 "-" "-"
207.46.204.211 - - [10/Apr/2012:13:37:06 -0700] "-" 400 0 "-" "-"
207.46.204.211 - - [10/Apr/2012:13:37:06 -0700] "-" 400 0 "-" "-"
207.46.204.211 - - [10/Apr/2012:13:37:06 -0700] "-" 400 0 "-" "-"
207.46.204.211 - - [10/Apr/2012:13:37:08 -0700] "-" 400 0 "-" "-"
207.46.204.211 - - [10/Apr/2012:13:37:09 -0700] "-" 400 0 "-" "-"
207.46.204.211 - - [10/Apr/2012:13:37:09 -0700] "-" 400 0 "-" "-"
207.46.204.211 - - [10/Apr/2012:13:37:09 -0700] "-" 400 0 "-" "-"
65.52.111.245 - - [10/Apr/2012:13:38:01 -0700] "-" 400 0 "-" "-"
65.52.111.245 - - [10/Apr/2012:13:38:02 -0700] "-" 400 0 "-" "-"
157.55.112.199 - - [10/Apr/2012:13:38:47 -0700] "-" 400 0 "-" "-"
157.55.112.199 - - [10/Apr/2012:13:38:47 -0700] "-" 400 0 "-" "-"
157.55.112.199 - - [10/Apr/2012:13:38:47 -0700] "-" 400 0 "-" "-"
157.55.112.199 - - [10/Apr/2012:13:38:49 -0700] "-" 400 0 "-" "-"
157.55.112.199 - - [10/Apr/2012:13:38:49 -0700] "-" 400 0 "-" "-"
157.55.112.199 - - [10/Apr/2012:13:38:50 -0700] "-" 400 0 "-" "-"
157.55.112.199 - - [10/Apr/2012:13:38:50 -0700] "-" 400 0 "-" "-"
157.55.112.199 - - [10/Apr/2012:13:38:52 -0700] "-" 400 0 "-" "-"
157.55.112.199 - - [10/Apr/2012:13:38:52 -0700] "-" 400 0 "-" "-"
157.55.112.199 - - [10/Apr/2012:13:38:52 -0700] "-" 400 0 "-" "-"
157.55.112.199 - - [10/Apr/2012:13:38:52 -0700] "-" 400 0 "-" "-"
157.55.112.199 - - [10/Apr/2012:13:38:53 -0700] "-" 400 0 "-" "-"
209.85.238.112 - - [10/Apr/2012:13:39:02 -0700] "GET /blog/feed/ HTTP/1.1" 200 6693 "-" "Feedfetcher-Google; (+http://www.google.com/feedfetcher.html; 19 subscribers; feed-id=15064232456473204253)"
123.125.71.23 - - [10/Apr/2012:13:39:39 -0700] "GET / HTTP/1.1" 200 3439 "-" "Mozilla/5.0 (compatible; Baiduspider/2.0; +http://www.baidu.com/search/spider.html)"
220.181.108.86 - - [10/Apr/2012:13:40:15 -0700] "GET / HTTP/1.1" 200 3439 "-" "Mozilla/5.0 (compatible; Baiduspider/2.0; +http://www.baidu.com/search/spider.html)"
67.215.230.28 - - [10/Apr/2012:13:42:08 -0700] "GET /robots.txt HTTP/1.0" 404 169 "-" "Setooz/Nutch-1.2 (http://www.setooz.com)"
67.215.230.28 - - [10/Apr/2012:13:42:08 -0700] "GET /stories HTTP/1.0" 301 185 "-" "Setooz/Nutch-1.2 (http://www.setooz.com)"
67.215.230.27 - - [10/Apr/2012:13:42:09 -0700] "GET /robots.txt HTTP/1.0" 404 169 "-" "Setooz/Nutch-1.2 (http://www.setooz.com)"
67.215.230.27 - - [10/Apr/2012:13:42:09 -0700] "GET / HTTP/1.0" 200 3439 "-" "Setooz/Nutch-1.2 (http://www.setooz.com)"
207.46.199.23 - - [10/Apr/2012:13:46:46 -0700] "-" 400 0 "-" "-"
207.46.199.23 - - [10/Apr/2012:13:46:46 -0700] "-" 400 0 "-" "-"
207.46.199.23 - - [10/Apr/2012:13:46:46 -0700] "-" 400 0 "-" "-"
207.46.199.23 - - [10/Apr/2012:13:46:50 -0700] "-" 400 0 "-" "-"
207.46.199.23 - - [10/Apr/2012:13:46:51 -0700] "-" 400 0 "-" "-"
207.46.199.23 - - [10/Apr/2012:13:46:51 -0700] "-" 400 0 "-" "-"
207.46.199.23 - - [10/Apr/2012:13:46:51 -0700] "-" 400 0 "-" "-"
207.46.199.23 - - [10/Apr/2012:13:46:51 -0700] "-" 400 0 "-" "-"
207.46.199.23 - - [10/Apr/2012:13:46:52 -0700] "-" 400 0 "-" "-"
207.46.199.23 - - [10/Apr/2012:13:46:52 -0700] "-" 400 0 "-" "-"
207.46.199.23 - - [10/Apr/2012:13:46:55 -0700] "-" 400 0 "-" "-"
207.46.199.23 - - [10/Apr/2012:13:46:55 -0700] "-" 400 0 "-" "-"
14.96.75.178 - - [10/Apr/2012:13:47:02 -0700] "-" 400 0 "-" "-"
217.69.133.28 - - [10/Apr/2012:13:47:22 -0700] "GET /robots.txt HTTP/1.0" 404 169 "-" "Mail.RU/2.0"
207.204.246.49 - - [10/Apr/2012:13:48:11 -0700] "GET / HTTP/1.1" 200 1430 "-" "Mozilla/5.0 (compatible; MSIE 9.0; Windows NT 7.1; Trident/5.0)"
207.204.246.49 - - [10/Apr/2012:13:48:11 -0700] "GET / HTTP/1.1" 200 1430 "-" "Mozilla/5.0 (compatible; MSIE 9.0; Windows NT 7.1; Trident/5.0)"
207.204.246.49 - - [10/Apr/2012:13:48:11 -0700] "GET / HTTP/1.1" 200 1430 "-" "Mozilla/5.0 (compatible; MSIE 9.0; Windows NT 7.1; Trident/5.0)"
14.96.75.178 - - [10/Apr/2012:13:49:22 -0700] "-" 400 0 "-" "-"
85.17.88.169 - - [10/Apr/2012:13:49:33 -0700] "POST /blog/wp-cron.php?doing_wp_cron=1334090649 HTTP/1.0" 499 0 "-" "WordPress/3.3.1; http://yuvi.in/blog"
209.85.224.83 - - [10/Apr/2012:13:49:34 -0700] "GET /blog/feed HTTP/1.1" 304 0 "-" "FeedBurner/1.0 (http://www.FeedBurner.com)"
14.96.75.178 - - [10/Apr/2012:13:57:53 -0700] "-" 400 0 "-" "-"
184.191.224.10 - - [10/Apr/2012:13:58:22 -0700] "GET / HTTP/1.1" 200 1430 "-" "Caffeinated/1.1.2 CFNetwork/520.3.2 Darwin/11.3.0 (x86_64) (MacBookPro8%2C1)"
184.191.224.10 - - [10/Apr/2012:13:58:22 -0700] "GET /favicon.ico HTTP/1.1" 404 142 "-" "Caffeinated/1.1.2 CFNetwork/520.3.2 Darwin/11.3.0 (x86_64) (MacBookPro8%2C1)"
69.171.234.4 - - [10/Apr/2012:13:58:42 -0700] "GET /r/fmf HTTP/1.1" 301 255 "-" "facebookexternalhit/1.1 (+http://www.facebook.com/externalhit_uatext.php)"
69.171.234.6 - - [10/Apr/2012:13:58:42 -0700] "GET /s/ta/fmf/ HTTP/1.1" 302 349 "-" "facebookexternalhit/1.1 (+http://www.facebook.com/externalhit_uatext.php)"
184.191.224.10 - - [10/Apr/2012:13:59:22 -0700] "GET / HTTP/1.1" 200 1430 "-" "Caffeinated/1.1.2 CFNetwork/520.3.2 Darwin/11.3.0 (x86_64) (MacBookPro8%2C1)"
184.191.224.10 - - [10/Apr/2012:13:59:22 -0700] "GET /favicon.ico HTTP/1.1" 404 142 "-" "Caffeinated/1.1.2 CFNetwork/520.3.2 Darwin/11.3.0 (x86_64) (MacBookPro8%2C1)"
85.17.88.169 - - [10/Apr/2012:14:09:05 -0700] "POST /blog/wp-cron.php?doing_wp_cron=1334091821 HTTP/1.0" 499 0 "-" "WordPress/3.3.1; http://yuvi.in/blog"
208.115.111.68 - - [10/Apr/2012:14:09:05 -0700] "GET /blog/what-i-lack/trackback/ HTTP/1.1" 302 0 "-" "Mozilla/5.0 (compatible; Ezooms/1.0; ezooms.bot@gmail.com)"
209.85.224.80 - - [10/Apr/2012:14:12:08 -0700] "GET /stories/feed HTTP/1.1" 200 13653 "-" "FeedBurner/1.0 (http://www.FeedBurner.com)"
66.249.67.108 - - [10/Apr/2012:14:18:15 -0700] "GET / HTTP/1.1" 200 1430 "-" "Mozilla/5.0 (compatible; Googlebot/2.1; +http://www.google.com/bot.html)"
184.191.224.10 - - [10/Apr/2012:14:18:22 -0700] "GET / HTTP/1.1" 200 1430 "-" "Caffeinated/1.1.2 CFNetwork/520.3.2 Darwin/11.3.0 (x86_64) (MacBookPro8%2C1)"
184.191.224.10 - - [10/Apr/2012:14:18:22 -0700] "GET /favicon.ico HTTP/1.1" 404 142 "-" "Caffeinated/1.1.2 CFNetwork/520.3.2 Darwin/11.3.0 (x86_64) (MacBookPro8%2C1)"
184.191.224.10 - - [10/Apr/2012:14:19:21 -0700] "GET / HTTP/1.1" 200 1430 "-" "Caffeinated/1.1.2 CFNetwork/520.3.2 Darwin/11.3.0 (x86_64) (MacBookPro8%2C1)"
184.191.224.10 - - [10/Apr/2012:14:19:21 -0700] "GET /favicon.ico HTTP/1.1" 404 142 "-" "Caffeinated/1.1.2 CFNetwork/520.3.2 Darwin/11.3.0 (x86_64) (MacBookPro8%2C1)"
85.17.88.169 - - [10/Apr/2012:14:19:41 -0700] "POST /blog/wp-cron.php?doing_wp_cron=1334092457 HTTP/1.0" 499 0 "-" "WordPress/3.3.1; http://yuvi.in/blog"
209.85.144.86 - - [10/Apr/2012:14:19:42 -0700] "GET /blog/feed HTTP/1.1" 304 0 "-" "FeedBurner/1.0 (http://www.FeedBurner.com)"
66.249.68.87 - - [10/Apr/2012:14:22:32 -0700] "GET /r/bxy HTTP/1.1" 301 255 "-" "Mozilla/5.0 (compatible; Googlebot/2.1; +http://www.google.com/bot.html)"
66.249.68.87 - - [10/Apr/2012:14:22:34 -0700] "GET /s/ta/bxy/ HTTP/1.1" 302 397 "-" "Mozilla/5.0 (compatible; Googlebot/2.1; +http://www.google.com/bot.html)"
94.228.34.209 - - [10/Apr/2012:14:22:39 -0700] "GET /blog/serendipity.html HTTP/1.1" 304 0 "-" "magpie-crawler/1.1 (U; Linux amd64; en-GB; +http://www.brandwatch.net)"
85.17.88.169 - - [10/Apr/2012:14:22:56 -0700] "POST /blog/wp-cron.php?doing_wp_cron=1334092652 HTTP/1.0" 499 0 "-" "WordPress/3.3.1; http://yuvi.in/blog"
209.85.238.112 - - [10/Apr/2012:14:22:57 -0700] "GET /blog/feed HTTP/1.1" 301 0 "-" "Feedfetcher-Google; (+http://www.google.com/feedfetcher.html; 3 subscribers; feed-id=17684830852112633560)"
85.17.88.169 - - [10/Apr/2012:14:22:59 -0700] "POST /blog/wp-cron.php?doing_wp_cron=1334092654 HTTP/1.0" 499 0 "-" "WordPress/3.3.1; http://yuvi.in/blog"
209.85.238.112 - - [10/Apr/2012:14:22:59 -0700] "GET /blog/feed/ HTTP/1.1" 200 6673 "-" "Feedfetcher-Google; (+http://www.google.com/feedfetcher.html; 3 subscribers; feed-id=17684830852112633560)"
93.120.238.93 - - [10/Apr/2012:14:23:48 -0700] "GET /wp-login.php HTTP/1.1" 404 169 "-" "Mozilla/5.0 (Windows; U; Windows NT 5.1; ru; rv:1.8.1.8) Gecko/20071008 Firefox/2.0.0.4;MEGAUPLOAD 1.0"
69.171.228.247 - - [10/Apr/2012:14:28:41 -0700] "GET /r/fmf HTTP/1.1" 301 255 "-" "facebookexternalhit/1.1 (+http://www.facebook.com/externalhit_uatext.php)"
69.171.228.246 - - [10/Apr/2012:14:28:41 -0700] "GET /s/ta/fmf/ HTTP/1.1" 302 349 "-" "facebookexternalhit/1.1 (+http://www.facebook.com/externalhit_uatext.php)"
173.36.196.7 - - [10/Apr/2012:14:39:38 -0700] "GET /favicon.ico HTTP/1.1" 404 169 "http://prashanth-kamle.blogspot.com/2008/07/cisco-best-place-to-work.html" "Mozilla/5.0 (X11; Ubuntu; Linux x86_64; rv:10.0.1) Gecko/20100101 Firefox/10.0.1"
93.120.238.93 - - [10/Apr/2012:14:41:49 -0700] "GET /wp-login.php HTTP/1.1" 404 169 "-" "Mozilla/5.0 (Windows; U; Windows NT 5.1; ru; rv:1.8.1.9) Gecko/20071025 Firefox/2.0.0.9"
85.17.88.169 - - [10/Apr/2012:14:43:56 -0700] "POST /blog/wp-cron.php?doing_wp_cron=1334093911 HTTP/1.0" 499 0 "-" "WordPress/3.3.1; http://yuvi.in/blog"
100.43.83.144 - - [10/Apr/2012:14:43:56 -0700] "GET /blog/devlog-december-26-2011/ HTTP/1.1" 200 4711 "-" "Mozilla/5.0 (compatible; YandexBot/3.0; +http://yandex.com/bots)"
85.17.88.169 - - [10/Apr/2012:14:49:51 -0700] "POST /blog/wp-cron.php?doing_wp_cron=1334094266 HTTP/1.0" 499 0 "-" "WordPress/3.3.1; http://yuvi.in/blog"
209.85.224.85 - - [10/Apr/2012:14:49:51 -0700] "GET /blog/feed HTTP/1.1" 304 0 "-" "FeedBurner/1.0 (http://www.FeedBurner.com)"
207.204.246.49 - - [10/Apr/2012:14:51:22 -0700] "GET / HTTP/1.1" 200 1430 "-" "Mozilla/5.0 (compatible; MSIE 9.0; Windows NT 7.1; Trident/5.0)"
207.204.246.49 - - [10/Apr/2012:14:51:22 -0700] "GET / HTTP/1.1" 200 1430 "-" "Mozilla/5.0 (compatible; MSIE 9.0; Windows NT 7.1; Trident/5.0)"
207.204.246.49 - - [10/Apr/2012:14:51:22 -0700] "GET / HTTP/1.1" 200 1430 "-" "Mozilla/5.0 (compatible; MSIE 9.0; Windows NT 7.1; Trident/5.0)"
50.19.200.120 - - [10/Apr/2012:14:57:55 -0700] "-" 400 0 "-" "-"
209.85.238.112 - - [10/Apr/2012:14:59:07 -0700] "GET /blog/feed/ HTTP/1.1" 200 6686 "-" "Feedfetcher-Google; (+http://www.google.com/feedfetcher.html; 19 subscribers; feed-id=15064232456473204253)"
66.220.149.246 - - [10/Apr/2012:14:59:11 -0700] "GET /r/fmf HTTP/1.1" 301 255 "-" "facebookexternalhit/1.1 (+http://www.facebook.com/externalhit_uatext.php)"
66.220.149.247 - - [10/Apr/2012:14:59:11 -0700] "GET /s/ta/fmf/ HTTP/1.1" 302 349 "-" "facebookexternalhit/1.1 (+http://www.facebook.com/externalhit_uatext.php)"
207.46.204.172 - - [10/Apr/2012:15:00:53 -0700] "-" 400 0 "-" "-"
207.46.204.172 - - [10/Apr/2012:15:00:53 -0700] "-" 400 0 "-" "-"
207.46.204.172 - - [10/Apr/2012:15:00:54 -0700] "-" 400 0 "-" "-"
207.46.204.172 - - [10/Apr/2012:15:00:54 -0700] "-" 400 0 "-" "-"
207.46.204.172 - - [10/Apr/2012:15:00:54 -0700] "-" 400 0 "-" "-"
207.46.204.172 - - [10/Apr/2012:15:00:54 -0700] "-" 400 0 "-" "-"
207.46.204.172 - - [10/Apr/2012:15:00:54 -0700] "-" 400 0 "-" "-"
207.46.204.172 - - [10/Apr/2012:15:00:55 -0700] "-" 400 0 "-" "-"
207.46.204.172 - - [10/Apr/2012:15:00:55 -0700] "-" 400 0 "-" "-"
207.46.204.172 - - [10/Apr/2012:15:00:55 -0700] "-" 400 0 "-" "-"
207.46.204.172 - - [10/Apr/2012:15:00:55 -0700] "-" 400 0 "-" "-"
88.131.106.8 - - [10/Apr/2012:15:01:38 -0700] "GET /robots.txt HTTP/1.0" 404 169 "-" "Mozilla/5.0 (Windows; U; Windows NT 5.1; en-US) Speedy Spider (http://www.entireweb.com/about/search_tech/speedy_spider/)"
88.131.106.2 - - [10/Apr/2012:15:01:38 -0700] "GET /stories/premature-greying.html HTTP/1.0" 200 2978 "-" "Mozilla/5.0 (Windows; U; Windows NT 5.1; en-US) Speedy Spider (http://www.entireweb.com/about/search_tech/speedy_spider/)"
93.120.238.93 - - [10/Apr/2012:15:03:00 -0700] "GET /wp-login.php HTTP/1.1" 404 169 "-" "Mozilla/5.0 (Windows; U; Windows NT 5.1; ru; rv:1.8.1.8) Gecko/20071008 Firefox/2.0.0.8"
85.17.88.169 - - [10/Apr/2012:15:07:09 -0700] "POST /blog/wp-cron.php?doing_wp_cron=1334095304 HTTP/1.0" 499 0 "-" "WordPress/3.3.1; http://yuvi.in/blog"
66.249.67.108 - - [10/Apr/2012:15:07:10 -0700] "GET /blog/feed/atom/ HTTP/1.1" 304 0 "-" "Mozilla/5.0 (compatible; Googlebot/2.1; +http://www.google.com/bot.html)"
85.17.88.169 - - [10/Apr/2012:15:07:51 -0700] "POST /blog/wp-cron.php?doing_wp_cron=1334095346 HTTP/1.0" 499 0 "-" "WordPress/3.3.1; http://yuvi.in/blog"
209.117.161.166 - - [10/Apr/2012:15:07:56 -0700] "GET /blog/sicp-and-brainfuck/ HTTP/1.1" 200 16821 "-" "-"
85.17.88.169 - - [10/Apr/2012:15:08:16 -0700] "POST /blog/wp-cron.php?doing_wp_cron=1334095371 HTTP/1.0" 499 0 "-" "WordPress/3.3.1; http://yuvi.in/blog"
209.117.161.166 - - [10/Apr/2012:15:08:21 -0700] "GET /blog/2011/06/ HTTP/1.1" 200 54320 "-" "-"
157.55.112.206 - - [10/Apr/2012:15:09:03 -0700] "-" 400 0 "-" "-"
157.55.112.206 - - [10/Apr/2012:15:09:05 -0700] "-" 400 0 "-" "-"
157.55.112.206 - - [10/Apr/2012:15:09:06 -0700] "-" 400 0 "-" "-"
157.55.112.206 - - [10/Apr/2012:15:09:06 -0700] "-" 400 0 "-" "-"
157.55.112.206 - - [10/Apr/2012:15:09:06 -0700] "-" 400 0 "-" "-"
157.55.112.206 - - [10/Apr/2012:15:09:07 -0700] "-" 400 0 "-" "-"
157.55.112.206 - - [10/Apr/2012:15:09:07 -0700] "-" 400 0 "-" "-"
157.55.112.206 - - [10/Apr/2012:15:09:07 -0700] "-" 400 0 "-" "-"
157.55.112.206 - - [10/Apr/2012:15:09:07 -0700] "-" 400 0 "-" "-"
157.55.112.206 - - [10/Apr/2012:15:09:09 -0700] "-" 400 0 "-" "-"
209.85.224.98 - - [10/Apr/2012:15:12:10 -0700] "GET /stories/feed HTTP/1.1" 200 13653 "-" "FeedBurner/1.0 (http://www.FeedBurner.com)"
213.186.122.3 - - [10/Apr/2012:15:14:10 -0700] "GET /robots.txt HTTP/1.1" 404 142 "-" "Mozilla/5.0 (compatible; AhrefsBot/3.0; +http://ahrefs.com/robot/)"
89.212.176.224 - - [10/Apr/2012:15:15:22 -0700] "GET /blog/vala-gtkbuilder-and-autoconnecting-signal-handlers.html HTTP/1.0" 200 7263 "http://yuvi.in/blog/vala-gtkbuilder-and-autoconnecting-signal-handlers.html" "Mozilla/4.0 (compatible; MSIE 5.5; Windows NT 5.0; T312461)"
41.238.108.106 - - [10/Apr/2012:15:18:25 -0700] "GET /favicon.ico HTTP/1.1" 404 571 "-" "Mozilla/4.0 (compatible; GoogleToolbar 7.3.2710.138; Windows 6.1; MSIE 9.0.8112.16421)"
41.238.108.106 - - [10/Apr/2012:15:18:26 -0700] "GET /favicon.gif HTTP/1.1" 404 571 "-" "Mozilla/4.0 (compatible; GoogleToolbar 7.3.2710.138; Windows 6.1; MSIE 9.0.8112.16421)"
85.17.88.169 - - [10/Apr/2012:15:18:36 -0700] "POST /blog/wp-cron.php?doing_wp_cron=1334095992 HTTP/1.0" 499 0 "-" "WordPress/3.3.1; http://yuvi.in/blog"
101.226.33.190 - - [10/Apr/2012:15:18:37 -0700] "GET /blog/feed HTTP/1.0" 304 0 "-" "Mozilla/4.0 (compatible; Windows;)"
85.17.88.169 - - [10/Apr/2012:15:18:40 -0700] "POST /blog/wp-cron.php?doing_wp_cron=1334095995 HTTP/1.0" 499 0 "-" "WordPress/3.3.1; http://yuvi.in/blog"
207.46.204.188 - - [10/Apr/2012:15:18:40 -0700] "GET /blog/programmer-run-code-head/feed/ HTTP/1.1" 200 1230 "-" "Mozilla/5.0 (compatible; bingbot/2.0; +http://www.bing.com/bingbot.htm)"
85.17.88.169 - - [10/Apr/2012:15:19:57 -0700] "POST /blog/wp-cron.php?doing_wp_cron=1334096072 HTTP/1.0" 499 0 "-" "WordPress/3.3.1; http://yuvi.in/blog"
209.85.238.112 - - [10/Apr/2012:15:19:57 -0700] "GET /blog/feed HTTP/1.1" 301 0 "-" "Feedfetcher-Google; (+http://www.google.com/feedfetcher.html; 3 subscribers; feed-id=17684830852112633560)"
209.85.238.112 - - [10/Apr/2012:15:19:58 -0700] "GET /blog/feed/ HTTP/1.1" 200 6692 "-" "Feedfetcher-Google; (+http://www.google.com/feedfetcher.html; 3 subscribers; feed-id=17684830852112633560)"
85.17.88.169 - - [10/Apr/2012:15:19:59 -0700] "POST /blog/wp-cron.php?doing_wp_cron=1334096074 HTTP/1.0" 499 0 "-" "WordPress/3.3.1; http://yuvi.in/blog"
209.85.224.86 - - [10/Apr/2012:15:19:59 -0700] "GET /blog/feed HTTP/1.1" 304 0 "-" "FeedBurner/1.0 (http://www.FeedBurner.com)"
207.46.204.219 - - [10/Apr/2012:15:22:50 -0700] "-" 400 0 "-" "-"
207.46.204.219 - - [10/Apr/2012:15:22:50 -0700] "-" 400 0 "-" "-"
207.46.204.219 - - [10/Apr/2012:15:22:50 -0700] "-" 400 0 "-" "-"
207.46.204.219 - - [10/Apr/2012:15:22:53 -0700] "-" 400 0 "-" "-"
207.46.204.219 - - [10/Apr/2012:15:22:55 -0700] "-" 400 0 "-" "-"
207.46.204.219 - - [10/Apr/2012:15:22:55 -0700] "-" 400 0 "-" "-"
207.46.204.219 - - [10/Apr/2012:15:22:55 -0700] "-" 400 0 "-" "-"
207.46.204.219 - - [10/Apr/2012:15:22:56 -0700] "-" 400 0 "-" "-"
207.46.204.219 - - [10/Apr/2012:15:22:57 -0700] "-" 400 0 "-" "-"
207.46.204.219 - - [10/Apr/2012:15:22:57 -0700] "-" 400 0 "-" "-"
207.46.204.219 - - [10/Apr/2012:15:22:57 -0700] "-" 400 0 "-" "-"
85.17.88.169 - - [10/Apr/2012:15:24:40 -0700] "POST /blog/wp-cron.php?doing_wp_cron=1334096355 HTTP/1.0" 499 0 "-" "WordPress/3.3.1; http://yuvi.in/blog"
207.46.204.188 - - [10/Apr/2012:15:24:40 -0700] "GET /blog/moving-back-to-wordpress/ HTTP/1.1" 200 4956 "-" "Mozilla/5.0 (compatible; bingbot/2.0; +http://www.bing.com/bingbot.htm)"
69.171.228.251 - - [10/Apr/2012:15:28:35 -0700] "GET /r/fmf HTTP/1.1" 301 255 "-" "facebookexternalhit/1.1 (+http://www.facebook.com/externalhit_uatext.php)"
69.171.228.244 - - [10/Apr/2012:15:28:35 -0700] "GET /s/ta/fmf/ HTTP/1.1" 302 349 "-" "facebookexternalhit/1.1 (+http://www.facebook.com/externalhit_uatext.php)"
85.17.88.169 - - [10/Apr/2012:15:34:13 -0700] "POST /blog/wp-cron.php?doing_wp_cron=1334096928 HTTP/1.0" 499 0 "-" "WordPress/3.3.1; http://yuvi.in/blog"
94.102.150.50 - - [10/Apr/2012:15:34:14 -0700] "GET /blog/feed/atom/ HTTP/1.1" 304 0 "-" "SocialSearcher/0.1  Mozilla/5.0"
66.220.149.244 - - [10/Apr/2012:15:36:46 -0700] "GET /r/1qjc HTTP/1.1" 301 257 "-" "facebookexternalhit/1.1 (+http://www.facebook.com/externalhit_uatext.php)"
66.220.149.250 - - [10/Apr/2012:15:36:46 -0700] "GET /s/ta/1qjc/ HTTP/1.1" 302 361 "-" "facebookexternalhit/1.1 (+http://www.facebook.com/externalhit_uatext.php)"
69.171.234.6 - - [10/Apr/2012:15:38:44 -0700] "GET /r/1qjc HTTP/1.1" 301 257 "-" "facebookexternalhit/1.1 (+http://www.facebook.com/externalhit_uatext.php)"
69.171.234.4 - - [10/Apr/2012:15:38:44 -0700] "GET /s/ta/1qjc/ HTTP/1.1" 302 361 "-" "facebookexternalhit/1.1 (+http://www.facebook.com/externalhit_uatext.php)"
85.17.88.169 - - [10/Apr/2012:15:40:03 -0700] "POST /blog/wp-cron.php?doing_wp_cron=1334097278 HTTP/1.0" 499 0 "-" "WordPress/3.3.1; http://yuvi.in/blog"
209.117.161.166 - - [10/Apr/2012:15:40:09 -0700] "GET /blog/2009/12/ HTTP/1.1" 200 17965 "-" "-"
85.17.88.169 - - [10/Apr/2012:15:43:49 -0700] "POST /blog/wp-cron.php?doing_wp_cron=1334097504 HTTP/1.0" 499 0 "-" "WordPress/3.3.1; http://yuvi.in/blog"
65.52.110.147 - - [10/Apr/2012:15:43:49 -0700] "GET /blog/category/so-called-it/ HTTP/1.1" 200 12881 "-" "Mozilla/5.0 (compatible; bingbot/2.0; +http://www.bing.com/bingbot.htm)"
207.46.199.23 - - [10/Apr/2012:15:43:58 -0700] "-" 400 0 "-" "-"
207.46.199.23 - - [10/Apr/2012:15:43:58 -0700] "-" 400 0 "-" "-"
207.46.199.23 - - [10/Apr/2012:15:43:59 -0700] "-" 400 0 "-" "-"
207.46.199.23 - - [10/Apr/2012:15:44:04 -0700] "-" 400 0 "-" "-"
207.46.199.23 - - [10/Apr/2012:15:44:05 -0700] "-" 400 0 "-" "-"
207.46.199.23 - - [10/Apr/2012:15:44:05 -0700] "-" 400 0 "-" "-"
207.46.199.23 - - [10/Apr/2012:15:44:06 -0700] "-" 400 0 "-" "-"
207.46.199.23 - - [10/Apr/2012:15:44:06 -0700] "-" 400 0 "-" "-"
207.46.199.23 - - [10/Apr/2012:15:44:06 -0700] "-" 400 0 "-" "-"
207.46.199.23 - - [10/Apr/2012:15:44:07 -0700] "-" 400 0 "-" "-"
207.46.199.23 - - [10/Apr/2012:15:44:07 -0700] "-" 400 0 "-" "-"
207.46.199.23 - - [10/Apr/2012:15:44:09 -0700] "-" 400 0 "-" "-"
188.134.32.139 - - [10/Apr/2012:15:47:19 -0700] "GET /robots.txt HTTP/1.0" 404 169 "-" "Mozilla/5.0 (compatible; MJ12bot/v1.4.2; http://www.majestic12.co.uk/bot.php?+)"
188.134.32.139 - - [10/Apr/2012:15:47:20 -0700] "GET / HTTP/1.1" 200 3439 "-" "Mozilla/5.0 (compatible; MJ12bot/v1.4.2; http://www.majestic12.co.uk/bot.php?+)"
93.120.238.93 - - [10/Apr/2012:15:47:37 -0700] "GET /wp-login.php HTTP/1.1" 404 169 "-" "Opera/9.10 (Windows NT 5.1; U; ru)"
66.249.67.108 - - [10/Apr/2012:15:47:49 -0700] "GET /blog/measure-of-learning-epiphanies-per-session.html HTTP/1.1" 200 2678 "-" "Mozilla/5.0 (compatible; Googlebot/2.1; +http://www.google.com/bot.html)"
85.17.88.169 - - [10/Apr/2012:15:48:26 -0700] "POST /blog/wp-cron.php?doing_wp_cron=1334097781 HTTP/1.0" 499 0 "-" "WordPress/3.3.1; http://yuvi.in/blog"
101.226.33.174 - - [10/Apr/2012:15:48:27 -0700] "GET /blog/feed HTTP/1.0" 304 0 "-" "Mozilla/4.0 (compatible; Windows;)"
85.17.88.169 - - [10/Apr/2012:15:50:04 -0700] "POST /blog/wp-cron.php?doing_wp_cron=1334097879 HTTP/1.0" 499 0 "-" "WordPress/3.3.1; http://yuvi.in/blog"
209.85.224.95 - - [10/Apr/2012:15:50:05 -0700] "GET /blog/feed HTTP/1.1" 304 0 "-" "FeedBurner/1.0 (http://www.FeedBurner.com)"
207.46.199.21 - - [10/Apr/2012:15:50:23 -0700] "-" 400 0 "-" "-"
207.46.199.21 - - [10/Apr/2012:15:50:23 -0700] "-" 400 0 "-" "-"
207.46.199.21 - - [10/Apr/2012:15:50:24 -0700] "-" 400 0 "-" "-"
207.46.199.21 - - [10/Apr/2012:15:50:27 -0700] "-" 400 0 "-" "-"
207.46.199.21 - - [10/Apr/2012:15:50:28 -0700] "-" 400 0 "-" "-"
207.46.199.21 - - [10/Apr/2012:15:50:28 -0700] "-" 400 0 "-" "-"
207.46.199.21 - - [10/Apr/2012:15:50:28 -0700] "-" 400 0 "-" "-"
207.46.199.21 - - [10/Apr/2012:15:50:30 -0700] "-" 400 0 "-" "-"
207.46.199.21 - - [10/Apr/2012:15:50:31 -0700] "-" 400 0 "-" "-"
207.46.199.21 - - [10/Apr/2012:15:50:31 -0700] "-" 400 0 "-" "-"
207.46.199.21 - - [10/Apr/2012:15:50:31 -0700] "-" 400 0 "-" "-"
207.46.199.21 - - [10/Apr/2012:15:50:31 -0700] "-" 400 0 "-" "-"
157.55.112.205 - - [10/Apr/2012:15:53:17 -0700] "-" 400 0 "-" "-"
157.55.112.205 - - [10/Apr/2012:15:53:17 -0700] "-" 400 0 "-" "-"
157.55.112.205 - - [10/Apr/2012:15:53:17 -0700] "-" 400 0 "-" "-"
157.55.112.205 - - [10/Apr/2012:15:53:20 -0700] "-" 400 0 "-" "-"
157.55.112.205 - - [10/Apr/2012:15:53:21 -0700] "-" 400 0 "-" "-"
157.55.112.205 - - [10/Apr/2012:15:53:21 -0700] "-" 400 0 "-" "-"
157.55.112.205 - - [10/Apr/2012:15:53:21 -0700] "-" 400 0 "-" "-"
157.55.112.205 - - [10/Apr/2012:15:53:21 -0700] "-" 400 0 "-" "-"
157.55.112.205 - - [10/Apr/2012:15:53:21 -0700] "-" 400 0 "-" "-"
157.55.112.205 - - [10/Apr/2012:15:53:22 -0700] "-" 400 0 "-" "-"
157.55.112.205 - - [10/Apr/2012:15:53:22 -0700] "-" 400 0 "-" "-"
157.55.112.205 - - [10/Apr/2012:15:53:22 -0700] "-" 400 0 "-" "-"
208.115.113.84 - - [10/Apr/2012:15:54:20 -0700] "GET /robots.txt HTTP/1.1" 404 169 "-" "Mozilla/5.0 (compatible; Ezooms/1.0; ezooms.bot@gmail.com)"
85.17.88.169 - - [10/Apr/2012:15:56:19 -0700] "POST /blog/wp-cron.php?doing_wp_cron=1334098254 HTTP/1.0" 499 0 "-" "WordPress/3.3.1; http://yuvi.in/blog"
209.85.238.112 - - [10/Apr/2012:15:56:20 -0700] "GET /blog/feed/ HTTP/1.1" 200 6674 "-" "Feedfetcher-Google; (+http://www.google.com/feedfetcher.html; 19 subscribers; feed-id=15064232456473204253)"
67.215.230.27 - - [10/Apr/2012:15:56:48 -0700] "GET /robots.txt HTTP/1.0" 404 169 "-" "Setooz/Nutch-1.2 (http://www.setooz.com)"
67.215.230.27 - - [10/Apr/2012:15:56:48 -0700] "GET /stories HTTP/1.0" 301 185 "-" "Setooz/Nutch-1.2 (http://www.setooz.com)"
67.215.230.28 - - [10/Apr/2012:15:56:48 -0700] "GET /robots.txt HTTP/1.0" 404 169 "-" "Setooz/Nutch-1.2 (http://www.setooz.com)"
67.215.230.28 - - [10/Apr/2012:15:56:48 -0700] "GET / HTTP/1.0" 200 3439 "-" "Setooz/Nutch-1.2 (http://www.setooz.com)"
209.85.224.98 - - [10/Apr/2012:15:58:51 -0700] "GET /stories/feed HTTP/1.1" 200 13653 "-" "FeedBurner/1.0 (http://www.FeedBurner.com)"
157.55.112.205 - - [10/Apr/2012:16:00:25 -0700] "-" 400 0 "-" "-"
157.55.112.205 - - [10/Apr/2012:16:00:25 -0700] "-" 400 0 "-" "-"
157.55.112.205 - - [10/Apr/2012:16:00:26 -0700] "-" 400 0 "-" "-"
157.55.112.205 - - [10/Apr/2012:16:00:31 -0700] "-" 400 0 "-" "-"
157.55.112.205 - - [10/Apr/2012:16:00:32 -0700] "-" 400 0 "-" "-"
157.55.112.205 - - [10/Apr/2012:16:00:32 -0700] "-" 400 0 "-" "-"
157.55.112.205 - - [10/Apr/2012:16:00:32 -0700] "-" 400 0 "-" "-"
157.55.112.205 - - [10/Apr/2012:16:00:33 -0700] "-" 400 0 "-" "-"
157.55.112.205 - - [10/Apr/2012:16:00:33 -0700] "-" 400 0 "-" "-"
157.55.112.205 - - [10/Apr/2012:16:00:35 -0700] "-" 400 0 "-" "-"
157.55.112.205 - - [10/Apr/2012:16:00:35 -0700] "-" 400 0 "-" "-"
157.55.112.205 - - [10/Apr/2012:16:00:35 -0700] "-" 400 0 "-" "-"
213.186.127.13 - - [10/Apr/2012:16:02:24 -0700] "GET /r/2qh7 HTTP/1.1" 301 257 "-" "Mozilla/5.0 (compatible; AhrefsBot/2.0; +http://ahrefs.com/robot/)"
65.52.111.213 - - [10/Apr/2012:16:06:18 -0700] "-" 400 0 "-" "-"
65.52.111.213 - - [10/Apr/2012:16:06:18 -0700] "-" 400 0 "-" "-"
65.52.111.213 - - [10/Apr/2012:16:06:21 -0700] "-" 400 0 "-" "-"
65.52.111.213 - - [10/Apr/2012:16:06:23 -0700] "-" 400 0 "-" "-"
65.52.111.213 - - [10/Apr/2012:16:06:23 -0700] "-" 400 0 "-" "-"
65.52.111.213 - - [10/Apr/2012:16:06:25 -0700] "-" 400 0 "-" "-"
65.52.111.213 - - [10/Apr/2012:16:06:27 -0700] "-" 400 0 "-" "-"
65.52.111.213 - - [10/Apr/2012:16:06:27 -0700] "-" 400 0 "-" "-"
65.52.111.213 - - [10/Apr/2012:16:06:27 -0700] "-" 400 0 "-" "-"
65.52.111.213 - - [10/Apr/2012:16:06:28 -0700] "-" 400 0 "-" "-"
65.52.111.213 - - [10/Apr/2012:16:06:28 -0700] "-" 400 0 "-" "-"
85.17.88.169 - - [10/Apr/2012:16:14:37 -0700] "POST /blog/wp-cron.php?doing_wp_cron=1334099352 HTTP/1.0" 499 0 "-" "WordPress/3.3.1; http://yuvi.in/blog"
209.85.238.112 - - [10/Apr/2012:16:14:38 -0700] "GET /blog/feed HTTP/1.1" 301 0 "-" "Feedfetcher-Google; (+http://www.google.com/feedfetcher.html; 3 subscribers; feed-id=17684830852112633560)"
209.85.238.112 - - [10/Apr/2012:16:14:38 -0700] "GET /blog/feed/ HTTP/1.1" 200 6693 "-" "Feedfetcher-Google; (+http://www.google.com/feedfetcher.html; 3 subscribers; feed-id=17684830852112633560)"
107.22.67.2 - - [10/Apr/2012:16:15:39 -0700] "-" 400 0 "-" "-"
85.17.88.169 - - [10/Apr/2012:16:19:16 -0700] "POST /blog/wp-cron.php?doing_wp_cron=1334099631 HTTP/1.0" 499 0 "-" "WordPress/3.3.1; http://yuvi.in/blog"
65.52.109.152 - - [10/Apr/2012:16:19:17 -0700] "GET /blog/infosys-tcs-or-wipro-none/ HTTP/1.1" 200 7774 "-" "Mozilla/5.0 (compatible; bingbot/2.0; +http://www.bing.com/bingbot.htm)"
85.17.88.169 - - [10/Apr/2012:16:20:09 -0700] "POST /blog/wp-cron.php?doing_wp_cron=1334099684 HTTP/1.0" 499 0 "-" "WordPress/3.3.1; http://yuvi.in/blog"
209.85.224.92 - - [10/Apr/2012:16:20:10 -0700] "GET /blog/feed HTTP/1.1" 304 0 "-" "FeedBurner/1.0 (http://www.FeedBurner.com)"
69.171.234.7 - - [10/Apr/2012:16:29:08 -0700] "GET /r/fmf HTTP/1.1" 301 255 "-" "facebookexternalhit/1.1 (+http://www.facebook.com/externalhit_uatext.php)"
69.171.234.7 - - [10/Apr/2012:16:29:08 -0700] "GET /s/ta/fmf/ HTTP/1.1" 302 349 "-" "facebookexternalhit/1.1 (+http://www.facebook.com/externalhit_uatext.php)"
66.249.67.108 - - [10/Apr/2012:16:37:36 -0700] "GET /blog/first-binary-dream.html HTTP/1.1" 200 2546 "-" "Mozilla/5.0 (compatible; Googlebot/2.1; +http://www.google.com/bot.html)"
69.171.229.247 - - [10/Apr/2012:16:38:07 -0700] "GET /r/fmf HTTP/1.1" 301 255 "-" "facebookexternalhit/1.1 (+http://www.facebook.com/externalhit_uatext.php)"
69.171.229.246 - - [10/Apr/2012:16:38:08 -0700] "GET /s/ta/fmf/ HTTP/1.1" 302 349 "-" "facebookexternalhit/1.1 (+http://www.facebook.com/externalhit_uatext.php)"
157.55.112.206 - - [10/Apr/2012:16:39:10 -0700] "-" 400 0 "-" "-"
157.55.112.206 - - [10/Apr/2012:16:39:13 -0700] "-" 400 0 "-" "-"
157.55.112.206 - - [10/Apr/2012:16:39:16 -0700] "-" 400 0 "-" "-"
157.55.112.206 - - [10/Apr/2012:16:39:16 -0700] "-" 400 0 "-" "-"
157.55.112.206 - - [10/Apr/2012:16:39:16 -0700] "-" 400 0 "-" "-"
157.55.112.206 - - [10/Apr/2012:16:39:18 -0700] "-" 400 0 "-" "-"
157.55.112.206 - - [10/Apr/2012:16:39:18 -0700] "-" 400 0 "-" "-"
157.55.112.206 - - [10/Apr/2012:16:39:18 -0700] "-" 400 0 "-" "-"
157.55.112.206 - - [10/Apr/2012:16:39:19 -0700] "-" 400 0 "-" "-"
69.171.229.251 - - [10/Apr/2012:16:40:06 -0700] "GET /r/fmf HTTP/1.1" 301 255 "-" "facebookexternalhit/1.1 (+http://www.facebook.com/externalhit_uatext.php)"
69.171.229.248 - - [10/Apr/2012:16:40:06 -0700] "GET /s/ta/fmf/ HTTP/1.1" 302 349 "-" "facebookexternalhit/1.1 (+http://www.facebook.com/externalhit_uatext.php)"
207.46.204.211 - - [10/Apr/2012:16:40:59 -0700] "-" 400 0 "-" "-"
207.46.204.211 - - [10/Apr/2012:16:40:59 -0700] "-" 400 0 "-" "-"
207.46.204.211 - - [10/Apr/2012:16:41:00 -0700] "-" 400 0 "-" "-"
207.46.204.211 - - [10/Apr/2012:16:41:01 -0700] "-" 400 0 "-" "-"
207.46.204.211 - - [10/Apr/2012:16:41:01 -0700] "-" 400 0 "-" "-"
207.46.204.211 - - [10/Apr/2012:16:41:01 -0700] "-" 400 0 "-" "-"
207.46.204.211 - - [10/Apr/2012:16:41:01 -0700] "-" 400 0 "-" "-"
207.46.204.211 - - [10/Apr/2012:16:41:02 -0700] "-" 400 0 "-" "-"
207.46.204.211 - - [10/Apr/2012:16:41:02 -0700] "-" 400 0 "-" "-"
207.46.204.211 - - [10/Apr/2012:16:41:02 -0700] "-" 400 0 "-" "-"
207.46.204.211 - - [10/Apr/2012:16:41:02 -0700] "-" 400 0 "-" "-"
123.125.71.13 - - [10/Apr/2012:16:41:26 -0700] "GET / HTTP/1.1" 200 3439 "-" "Mozilla/5.0 (compatible; Baiduspider/2.0; +http://www.baidu.com/search/spider.html)"
207.46.204.211 - - [10/Apr/2012:16:41:58 -0700] "-" 400 0 "-" "-"
207.46.204.211 - - [10/Apr/2012:16:41:58 -0700] "-" 400 0 "-" "-"
220.181.108.92 - - [10/Apr/2012:16:42:08 -0700] "GET / HTTP/1.1" 200 3439 "-" "Mozilla/5.0 (compatible; Baiduspider/2.0; +http://www.baidu.com/search/spider.html)"
115.241.157.36 - - [10/Apr/2012:16:43:14 -0700] "GET / HTTP/1.1" 200 1430 "http://www.google.co.in/url?sa=t&rct=j&q=yuvipanda&source=web&cd=1&ved=0CCYQFjAA&url=http%3A%2F%2Fyuvi.in%2F&ei=R8SET_6hN4rorQeiiZ2vBg&usg=AFQjCNGCp_KinRzG9gFsQqxb60Cy8lsxnA" "Mozilla/5.0 (Windows NT 6.1; WOW64) AppleWebKit/535.19 (KHTML, like Gecko) Chrome/18.0.1025.152 Safari/535.19"
115.241.157.36 - - [10/Apr/2012:16:43:14 -0700] "GET /blueprint/screen.css HTTP/1.1" 200 12058 "http://yuvi.in/" "Mozilla/5.0 (Windows NT 6.1; WOW64) AppleWebKit/535.19 (KHTML, like Gecko) Chrome/18.0.1025.152 Safari/535.19"
115.241.157.36 - - [10/Apr/2012:16:43:15 -0700] "GET /blueprint/print.css HTTP/1.1" 200 1284 "http://yuvi.in/" "Mozilla/5.0 (Windows NT 6.1; WOW64) AppleWebKit/535.19 (KHTML, like Gecko) Chrome/18.0.1025.152 Safari/535.19"
115.241.157.36 - - [10/Apr/2012:16:43:15 -0700] "GET /header.png HTTP/1.1" 200 14249 "http://yuvi.in/" "Mozilla/5.0 (Windows NT 6.1; WOW64) AppleWebKit/535.19 (KHTML, like Gecko) Chrome/18.0.1025.152 Safari/535.19"
115.241.157.36 - - [10/Apr/2012:16:43:16 -0700] "GET /favicon.ico HTTP/1.1" 404 199 "-" "Mozilla/5.0 (Windows NT 6.1; WOW64) AppleWebKit/535.19 (KHTML, like Gecko) Chrome/18.0.1025.152 Safari/535.19"
115.241.157.36 - - [10/Apr/2012:16:43:39 -0700] "GET /blog HTTP/1.1" 301 178 "http://yuvi.in/" "Mozilla/5.0 (Windows NT 6.1; WOW64) AppleWebKit/535.19 (KHTML, like Gecko) Chrome/18.0.1025.152 Safari/535.19"
85.17.88.169 - - [10/Apr/2012:16:43:41 -0700] "POST /blog/wp-cron.php?doing_wp_cron=1334101096 HTTP/1.0" 499 0 "-" "WordPress/3.3.1; http://yuvi.in/blog"
115.241.157.36 - - [10/Apr/2012:16:43:41 -0700] "GET /blog/ HTTP/1.1" 200 9194 "http://yuvi.in/" "Mozilla/5.0 (Windows NT 6.1; WOW64) AppleWebKit/535.19 (KHTML, like Gecko) Chrome/18.0.1025.152 Safari/535.19"
115.241.157.36 - - [10/Apr/2012:16:43:42 -0700] "GET /blog/wp-content/themes/cleanr/style.css HTTP/1.1" 200 10508 "http://yuvi.in/blog/" "Mozilla/5.0 (Windows NT 6.1; WOW64) AppleWebKit/535.19 (KHTML, like Gecko) Chrome/18.0.1025.152 Safari/535.19"
115.241.157.36 - - [10/Apr/2012:16:43:42 -0700] "GET /blog/wp-content/themes/cleanr/js/jquery.dropdown.js?ver=3.3.1 HTTP/1.1" 200 535 "http://yuvi.in/blog/" "Mozilla/5.0 (Windows NT 6.1; WOW64) AppleWebKit/535.19 (KHTML, like Gecko) Chrome/18.0.1025.152 Safari/535.19"
115.241.157.36 - - [10/Apr/2012:16:43:43 -0700] "GET /blog/wp-content/themes/cleanr/css/reset.css HTTP/1.1" 200 648 "http://yuvi.in/blog/" "Mozilla/5.0 (Windows NT 6.1; WOW64) AppleWebKit/535.19 (KHTML, like Gecko) Chrome/18.0.1025.152 Safari/535.19"
115.241.157.36 - - [10/Apr/2012:16:43:43 -0700] "GET /blog/wp-content/themes/cleanr/css/text.css HTTP/1.1" 200 420 "http://yuvi.in/blog/" "Mozilla/5.0 (Windows NT 6.1; WOW64) AppleWebKit/535.19 (KHTML, like Gecko) Chrome/18.0.1025.152 Safari/535.19"
115.241.157.36 - - [10/Apr/2012:16:43:43 -0700] "GET /blog/wp-content/themes/cleanr/css/960.css HTTP/1.1" 200 3628 "http://yuvi.in/blog/" "Mozilla/5.0 (Windows NT 6.1; WOW64) AppleWebKit/535.19 (KHTML, like Gecko) Chrome/18.0.1025.152 Safari/535.19"
115.241.157.36 - - [10/Apr/2012:16:43:44 -0700] "GET /blog/wp-includes/js/jquery/jquery.js?ver=1.7.1 HTTP/1.1" 200 93889 "http://yuvi.in/blog/" "Mozilla/5.0 (Windows NT 6.1; WOW64) AppleWebKit/535.19 (KHTML, like Gecko) Chrome/18.0.1025.152 Safari/535.19"
115.241.157.36 - - [10/Apr/2012:16:43:46 -0700] "GET /blog/wp-content/themes/cleanr/images/search_magnifier.gif HTTP/1.1" 200 394 "http://yuvi.in/blog/" "Mozilla/5.0 (Windows NT 6.1; WOW64) AppleWebKit/535.19 (KHTML, like Gecko) Chrome/18.0.1025.152 Safari/535.19"
115.241.157.36 - - [10/Apr/2012:16:43:46 -0700] "GET /favicon.ico HTTP/1.1" 404 199 "-" "Mozilla/5.0 (Windows NT 6.1; WOW64) AppleWebKit/535.19 (KHTML, like Gecko) Chrome/18.0.1025.152 Safari/535.19"
91.121.16.117 - - [10/Apr/2012:16:44:07 -0700] "GET /MyAdmin/scripts/setup.php HTTP/1.1" 404 142 "-" "ZmEu"
91.121.16.117 - - [10/Apr/2012:16:44:07 -0700] "GET /w00tw00t.at.blackhats.romanian.anti-sec:) HTTP/1.1" 404 142 "-" "ZmEu"
