85.17.88.169 - - [18/Apr/2012:14:26:43 -0700] "POST /blog/wp-cron.php?doing_wp_cron=1334784015 HTTP/1.0" 499 0 "-" "WordPress/3.3.1; http://yuvi.in/blog"
209.85.224.82 - - [18/Apr/2012:14:26:43 -0700] "GET /blog/feed HTTP/1.1" 304 0 "-" "FeedBurner/1.0 (http://www.FeedBurner.com)"
85.17.88.169 - - [18/Apr/2012:14:26:46 -0700] "POST /blog/wp-cron.php?doing_wp_cron=1334784018 HTTP/1.0" 499 0 "-" "WordPress/3.3.1; http://yuvi.in/blog"
174.129.174.142 - - [18/Apr/2012:14:26:46 -0700] "GET /blog/3-reasons-people-join-it-companies/ HTTP/1.1" 200 5065 "-" "Mozilla/5.0 (Macintosh; U; Intel Mac OS X 10.6; en-US; rv:1.9.2) Gecko/20100115 Firefox/3.6 (FlipboardProxy/1.1; +http://flipboard.com/browserproxy)"
113.193.114.175 - - [18/Apr/2012:14:27:31 -0700] "GET / HTTP/1.1" 200 1430 "http://www.google.co.in/url?sa=t&rct=j&q=yuvi%20panda&source=web&cd=1&ved=0CC0QFjAA&url=http%3A%2F%2Fyuvi.in%2F&ei=PDCPT8NJw8utB8DhrJcJ&usg=AFQjCNGCp_KinRzG9gFsQqxb60Cy8lsxnA" "Mozilla/5.0 (Windows NT 6.1; WOW64) AppleWebKit/535.19 (KHTML, like Gecko) Chrome/18.0.1025.162 Safari/535.19"
113.193.114.175 - - [18/Apr/2012:14:27:32 -0700] "GET /blueprint/screen.css HTTP/1.1" 200 12058 "http://yuvi.in/" "Mozilla/5.0 (Windows NT 6.1; WOW64) AppleWebKit/535.19 (KHTML, like Gecko) Chrome/18.0.1025.162 Safari/535.19"
113.193.114.175 - - [18/Apr/2012:14:27:33 -0700] "GET /blueprint/print.css HTTP/1.1" 200 1284 "http://yuvi.in/" "Mozilla/5.0 (Windows NT 6.1; WOW64) AppleWebKit/535.19 (KHTML, like Gecko) Chrome/18.0.1025.162 Safari/535.19"
113.193.114.175 - - [18/Apr/2012:14:27:34 -0700] "GET /header.png HTTP/1.1" 200 14249 "http://yuvi.in/" "Mozilla/5.0 (Windows NT 6.1; WOW64) AppleWebKit/535.19 (KHTML, like Gecko) Chrome/18.0.1025.162 Safari/535.19"
113.193.114.175 - - [18/Apr/2012:14:27:35 -0700] "GET /favicon.ico HTTP/1.1" 404 199 "-" "Mozilla/5.0 (Windows NT 6.1; WOW64) AppleWebKit/535.19 (KHTML, like Gecko) Chrome/18.0.1025.162 Safari/535.19"
220.181.108.93 - - [18/Apr/2012:14:27:46 -0700] "GET /r/1z64 HTTP/1.1" 301 257 "-" "Mozilla/5.0 (compatible; Baiduspider/2.0; +http://www.baidu.com/search/spider.html)"
220.181.108.122 - - [18/Apr/2012:14:27:46 -0700] "GET /s/ta/1z64/ HTTP/1.1" 302 557 "-" "Mozilla/5.0 (compatible; Baiduspider/2.0; +http://www.baidu.com/search/spider.html)"
113.193.114.175 - - [18/Apr/2012:14:28:25 -0700] "GET /stories HTTP/1.1" 301 185 "http://yuvi.in/" "Mozilla/5.0 (Windows NT 6.1; WOW64) AppleWebKit/535.19 (KHTML, like Gecko) Chrome/18.0.1025.162 Safari/535.19"
113.193.114.175 - - [18/Apr/2012:14:28:25 -0700] "GET /stories/ HTTP/1.1" 200 1271 "http://yuvi.in/" "Mozilla/5.0 (Windows NT 6.1; WOW64) AppleWebKit/535.19 (KHTML, like Gecko) Chrome/18.0.1025.162 Safari/535.19"
113.193.114.175 - - [18/Apr/2012:14:28:25 -0700] "GET /stories/static/style.css HTTP/1.1" 200 1274 "http://yuvi.in/stories/" "Mozilla/5.0 (Windows NT 6.1; WOW64) AppleWebKit/535.19 (KHTML, like Gecko) Chrome/18.0.1025.162 Safari/535.19"
113.193.114.175 - - [18/Apr/2012:14:28:25 -0700] "GET /stories/static/codehilite.css HTTP/1.1" 200 4012 "http://yuvi.in/stories/" "Mozilla/5.0 (Windows NT 6.1; WOW64) AppleWebKit/535.19 (KHTML, like Gecko) Chrome/18.0.1025.162 Safari/535.19"
113.193.114.175 - - [18/Apr/2012:14:28:27 -0700] "GET /blog HTTP/1.1" 301 178 "http://yuvi.in/" "Mozilla/5.0 (Windows NT 6.1; WOW64) AppleWebKit/535.19 (KHTML, like Gecko) Chrome/18.0.1025.162 Safari/535.19"
113.193.114.175 - - [18/Apr/2012:14:28:28 -0700] "GET /favicon.ico HTTP/1.1" 404 199 "-" "Mozilla/5.0 (Windows NT 6.1; WOW64) AppleWebKit/535.19 (KHTML, like Gecko) Chrome/18.0.1025.162 Safari/535.19"
113.193.114.175 - - [18/Apr/2012:14:28:28 -0700] "GET /blog/ HTTP/1.1" 200 9194 "http://yuvi.in/" "Mozilla/5.0 (Windows NT 6.1; WOW64) AppleWebKit/535.19 (KHTML, like Gecko) Chrome/18.0.1025.162 Safari/535.19"
113.193.114.175 - - [18/Apr/2012:14:28:29 -0700] "GET /blog/wp-content/themes/cleanr/style.css HTTP/1.1" 200 10508 "http://yuvi.in/blog/" "Mozilla/5.0 (Windows NT 6.1; WOW64) AppleWebKit/535.19 (KHTML, like Gecko) Chrome/18.0.1025.162 Safari/535.19"
113.193.114.175 - - [18/Apr/2012:14:28:29 -0700] "GET /blog/wp-content/themes/cleanr/js/jquery.dropdown.js?ver=3.3.1 HTTP/1.1" 200 535 "http://yuvi.in/blog/" "Mozilla/5.0 (Windows NT 6.1; WOW64) AppleWebKit/535.19 (KHTML, like Gecko) Chrome/18.0.1025.162 Safari/535.19"
113.193.114.175 - - [18/Apr/2012:14:28:30 -0700] "GET /blog/wp-content/themes/cleanr/css/text.css HTTP/1.1" 200 420 "http://yuvi.in/blog/" "Mozilla/5.0 (Windows NT 6.1; WOW64) AppleWebKit/535.19 (KHTML, like Gecko) Chrome/18.0.1025.162 Safari/535.19"
113.193.114.175 - - [18/Apr/2012:14:28:30 -0700] "GET /blog/wp-content/themes/cleanr/css/reset.css HTTP/1.1" 200 648 "http://yuvi.in/blog/" "Mozilla/5.0 (Windows NT 6.1; WOW64) AppleWebKit/535.19 (KHTML, like Gecko) Chrome/18.0.1025.162 Safari/535.19"
113.193.114.175 - - [18/Apr/2012:14:28:30 -0700] "GET /blog/wp-content/themes/cleanr/css/960.css HTTP/1.1" 200 3628 "http://yuvi.in/blog/" "Mozilla/5.0 (Windows NT 6.1; WOW64) AppleWebKit/535.19 (KHTML, like Gecko) Chrome/18.0.1025.162 Safari/535.19"
113.193.114.175 - - [18/Apr/2012:14:28:31 -0700] "GET /blog/wp-includes/js/jquery/jquery.js?ver=1.7.1 HTTP/1.1" 200 93889 "http://yuvi.in/blog/" "Mozilla/5.0 (Windows NT 6.1; WOW64) AppleWebKit/535.19 (KHTML, like Gecko) Chrome/18.0.1025.162 Safari/535.19"
113.193.114.175 - - [18/Apr/2012:14:28:33 -0700] "GET /blog/wp-content/themes/cleanr/images/search_magnifier.gif HTTP/1.1" 200 394 "http://yuvi.in/blog/" "Mozilla/5.0 (Windows NT 6.1; WOW64) AppleWebKit/535.19 (KHTML, like Gecko) Chrome/18.0.1025.162 Safari/535.19"
113.193.114.175 - - [18/Apr/2012:14:28:35 -0700] "GET /favicon.ico HTTP/1.1" 404 199 "-" "Mozilla/5.0 (Windows NT 6.1; WOW64) AppleWebKit/535.19 (KHTML, like Gecko) Chrome/18.0.1025.162 Safari/535.19"
113.193.114.175 - - [18/Apr/2012:14:29:32 -0700] "GET /stories/treat-of-a-lifetime.html HTTP/1.1" 200 3155 "http://yuvi.in/stories/" "Mozilla/5.0 (Windows NT 6.1; WOW64) AppleWebKit/535.19 (KHTML, like Gecko) Chrome/18.0.1025.162 Safari/535.19"
113.193.114.175 - - [18/Apr/2012:14:29:35 -0700] "GET /favicon.ico HTTP/1.1" 404 199 "-" "Mozilla/5.0 (Windows NT 6.1; WOW64) AppleWebKit/535.19 (KHTML, like Gecko) Chrome/18.0.1025.162 Safari/535.19"
113.193.114.175 - - [18/Apr/2012:14:29:36 -0700] "GET /favicon.ico HTTP/1.1" 404 199 "-" "Mozilla/5.0 (Windows NT 6.1; WOW64) AppleWebKit/535.19 (KHTML, like Gecko) Chrome/18.0.1025.162 Safari/535.19"
113.193.114.175 - - [18/Apr/2012:14:29:37 -0700] "GET /favicon.ico HTTP/1.1" 404 199 "-" "Mozilla/5.0 (Windows NT 6.1; WOW64) AppleWebKit/535.19 (KHTML, like Gecko) Chrome/18.0.1025.162 Safari/535.19"
113.193.114.175 - - [18/Apr/2012:14:29:37 -0700] "GET /favicon.ico HTTP/1.1" 404 199 "-" "Mozilla/5.0 (Windows NT 6.1; WOW64) AppleWebKit/535.19 (KHTML, like Gecko) Chrome/18.0.1025.162 Safari/535.19"
113.193.114.175 - - [18/Apr/2012:14:29:38 -0700] "GET /favicon.ico HTTP/1.1" 404 199 "-" "Mozilla/5.0 (Windows NT 6.1; WOW64) AppleWebKit/535.19 (KHTML, like Gecko) Chrome/18.0.1025.162 Safari/535.19"
113.193.114.175 - - [18/Apr/2012:14:30:00 -0700] "GET /favicon.ico HTTP/1.1" 404 199 "-" "Mozilla/5.0 (Windows NT 6.1; WOW64) AppleWebKit/535.19 (KHTML, like Gecko) Chrome/18.0.1025.162 Safari/535.19"
207.46.204.168 - - [18/Apr/2012:14:30:43 -0700] "-" 400 0 "-" "-"
207.46.204.168 - - [18/Apr/2012:14:30:43 -0700] "-" 400 0 "-" "-"
207.46.204.168 - - [18/Apr/2012:14:30:43 -0700] "-" 400 0 "-" "-"
207.46.204.168 - - [18/Apr/2012:14:30:43 -0700] "-" 400 0 "-" "-"
207.46.204.168 - - [18/Apr/2012:14:30:43 -0700] "-" 400 0 "-" "-"
207.46.204.168 - - [18/Apr/2012:14:30:43 -0700] "-" 400 0 "-" "-"
207.46.204.168 - - [18/Apr/2012:14:30:44 -0700] "-" 400 0 "-" "-"
207.46.204.168 - - [18/Apr/2012:14:30:44 -0700] "-" 400 0 "-" "-"
207.46.204.168 - - [18/Apr/2012:14:30:44 -0700] "-" 400 0 "-" "-"
207.46.204.168 - - [18/Apr/2012:14:30:44 -0700] "-" 400 0 "-" "-"
207.46.204.168 - - [18/Apr/2012:14:31:13 -0700] "-" 400 0 "-" "-"
220.181.108.77 - - [18/Apr/2012:14:31:31 -0700] "GET /r/1z5n HTTP/1.1" 301 257 "-" "Mozilla/5.0 (compatible; Baiduspider/2.0; +http://www.baidu.com/search/spider.html)"
220.181.108.94 - - [18/Apr/2012:14:31:31 -0700] "GET /s/ta/1z5n/ HTTP/1.1" 302 609 "-" "Mozilla/5.0 (compatible; Baiduspider/2.0; +http://www.baidu.com/search/spider.html)"
85.17.88.169 - - [18/Apr/2012:14:32:01 -0700] "POST /blog/wp-cron.php?doing_wp_cron=1334784333 HTTP/1.0" 499 0 "-" "WordPress/3.3.1; http://yuvi.in/blog"
208.80.194.30 - - [18/Apr/2012:14:32:02 -0700] "GET /blog/story-average-indian-techie/ HTTP/1.0" 200 54292 "-" "Mozilla/4.0 (compatible; MSIE 6.0; Windows NT 5.1; SV1; Media Center PC 3.0; .NET CLR 1.0.3705; .NET CLR 1.1.4322; .NET CLR 2.0.50727; .NET CLR 3.0.04506.30; InfoPath.1)"
85.17.88.169 - - [18/Apr/2012:14:34:10 -0700] "POST /blog/wp-cron.php?doing_wp_cron=1334784462 HTTP/1.0" 499 0 "-" "WordPress/3.3.1; http://yuvi.in/blog"
101.226.33.189 - - [18/Apr/2012:14:34:11 -0700] "GET /blog/feed HTTP/1.0" 304 0 "-" "Mozilla/4.0 (compatible; Windows;)"
67.215.230.26 - - [18/Apr/2012:14:34:54 -0700] "GET /blog HTTP/1.0" 301 178 "-" "Setooz/Nutch-1.2 (http://www.setooz.com)"
75.131.207.97 - - [18/Apr/2012:14:36:02 -0700] "GET / HTTP/1.1" 200 1430 "-" "Reeder/1.5.5 CFNetwork/548.1.4 Darwin/11.0.0"
75.131.207.97 - - [18/Apr/2012:14:36:02 -0700] "GET /favicon.ico HTTP/1.1" 404 142 "-" "Reeder/1.5.5 CFNetwork/548.1.4 Darwin/11.0.0"
75.131.207.97 - - [18/Apr/2012:14:36:03 -0700] "GET /apple-touch-icon.png HTTP/1.1" 404 142 "-" "Reeder/1.5.5 CFNetwork/548.1.4 Darwin/11.0.0"
75.131.207.97 - - [18/Apr/2012:14:36:03 -0700] "GET /apple-touch-icon-precomposed.png HTTP/1.1" 404 142 "-" "Reeder/1.5.5 CFNetwork/548.1.4 Darwin/11.0.0"
66.220.149.251 - - [18/Apr/2012:14:38:56 -0700] "GET /r/33y0 HTTP/1.1" 301 257 "-" "facebookexternalhit/1.1 (+http://www.facebook.com/externalhit_uatext.php)"
66.220.149.245 - - [18/Apr/2012:14:38:56 -0700] "GET /s/ta/33y0/ HTTP/1.1" 302 609 "-" "facebookexternalhit/1.1 (+http://www.facebook.com/externalhit_uatext.php)"
66.220.149.246 - - [18/Apr/2012:14:39:02 -0700] "GET /r/2rvh HTTP/1.1" 301 257 "-" "facebookexternalhit/1.1 (+http://www.facebook.com/externalhit_uatext.php)"
66.220.149.245 - - [18/Apr/2012:14:39:02 -0700] "GET /s/ta/2rvh/ HTTP/1.1" 302 591 "-" "facebookexternalhit/1.1 (+http://www.facebook.com/externalhit_uatext.php)"
208.80.194.30 - - [18/Apr/2012:14:39:10 -0700] "GET /blog/wp-includes/js/jquery/jquery.js HTTP/1.0" 200 93889 "-" "Mozilla/4.0 (compatible; MSIE 6.0; AOL 9.0; Windows NT 5.1; SV1; FunWebProducts; .NET CLR 1.0.3705; .NET CLR 1.1.4322; Media Center PC 4.0; .NET CLR 2.0.50727; SpamBlockerUtility 4.8.0)"
209.85.224.95 - - [18/Apr/2012:14:39:27 -0700] "GET /stories/feed HTTP/1.1" 200 13653 "-" "FeedBurner/1.0 (http://www.FeedBurner.com)"
75.131.207.97 - - [18/Apr/2012:14:41:39 -0700] "GET / HTTP/1.1" 200 1430 "-" "Reeder/1.5.5 CFNetwork/548.1.4 Darwin/11.0.0"
75.131.207.97 - - [18/Apr/2012:14:41:39 -0700] "GET /favicon.ico HTTP/1.1" 404 142 "-" "Reeder/1.5.5 CFNetwork/548.1.4 Darwin/11.0.0"
75.131.207.97 - - [18/Apr/2012:14:41:39 -0700] "GET /apple-touch-icon.png HTTP/1.1" 404 142 "-" "Reeder/1.5.5 CFNetwork/548.1.4 Darwin/11.0.0"
75.131.207.97 - - [18/Apr/2012:14:41:39 -0700] "GET /apple-touch-icon-precomposed.png HTTP/1.1" 404 142 "-" "Reeder/1.5.5 CFNetwork/548.1.4 Darwin/11.0.0"
115.184.97.73 - - [18/Apr/2012:14:48:11 -0700] "GET /r/2e00 HTTP/1.1" 301 257 "http://ta.wikipedia.org/wiki/%E0%AE%AE%E0%AE%95%E0%AF%8D%E0%AE%95%E0%AE%B3%E0%AF%8D_%E0%AE%A4%E0%AF%8A%E0%AE%95%E0%AF%88_%E0%AE%AE%E0%AE%BF%E0%AE%95%E0%AF%81%E0%AE%A8%E0%AF%8D%E0%AE%A4_%E0%AE%87%E0%AE%A8%E0%AF%8D%E0%AE%A4%E0%AE%BF%E0%AE%AF_%E0%AE%A8%E0%AE%95%E0%AE%B0%E0%AE%99%E0%AF%8D%E0%AE%95%E0%AE%B3%E0%AF%8D" "Mozilla/5.0 (Windows NT 6.1; rv:11.0) Gecko/20100101 Firefox/11.0"
115.184.97.73 - - [18/Apr/2012:14:48:11 -0700] "GET /s/ta/2e00/ HTTP/1.1" 302 653 "http://ta.wikipedia.org/wiki/%E0%AE%AE%E0%AE%95%E0%AF%8D%E0%AE%95%E0%AE%B3%E0%AF%8D_%E0%AE%A4%E0%AF%8A%E0%AE%95%E0%AF%88_%E0%AE%AE%E0%AE%BF%E0%AE%95%E0%AF%81%E0%AE%A8%E0%AF%8D%E0%AE%A4_%E0%AE%87%E0%AE%A8%E0%AF%8D%E0%AE%A4%E0%AE%BF%E0%AE%AF_%E0%AE%A8%E0%AE%95%E0%AE%B0%E0%AE%99%E0%AF%8D%E0%AE%95%E0%AE%B3%E0%AF%8D" "Mozilla/5.0 (Windows NT 6.1; rv:11.0) Gecko/20100101 Firefox/11.0"
115.184.97.73 - - [18/Apr/2012:14:48:16 -0700] "-" 400 0 "-" "-"
85.17.88.169 - - [18/Apr/2012:14:49:53 -0700] "POST /blog/wp-cron.php?doing_wp_cron=1334785404 HTTP/1.0" 499 0 "-" "WordPress/3.3.1; http://yuvi.in/blog"
209.85.238.182 - - [18/Apr/2012:14:49:53 -0700] "GET /blog/feed/ HTTP/1.1" 304 0 "-" "Feedfetcher-Google; (+http://www.google.com/feedfetcher.html; 19 subscribers; feed-id=15064232456473204253)"
208.80.194.30 - - [18/Apr/2012:14:50:18 -0700] "GET /blog/story-average-indian-techie/ HTTP/1.0" 200 54312 "-" "Mozilla/4.0 (compatible; MSIE 6.0; Windows NT 5.1; SV1; YPC 3.2.0; FunWebProducts; IEMB3; .NET CLR 1.1.4322; SpamBlockerUtility 4.8.4)"
180.76.5.56 - - [18/Apr/2012:14:52:02 -0700] "GET /blog/tag/social.html HTTP/1.1" 200 3854 "-" "Mozilla/5.0 (compatible; Baiduspider/2.0; +http://www.baidu.com/search/spider.html)"
14.139.122.114 - - [18/Apr/2012:14:52:48 -0700] "GET / HTTP/1.1" 200 1430 "-" "Opera/9.80 (X11; Linux i686; U; en) Presto/2.10.229 Version/11.62"
14.139.122.114 - - [18/Apr/2012:14:52:49 -0700] "GET /blueprint/screen.css HTTP/1.1" 200 12058 "http://yuvi.in/" "Opera/9.80 (X11; Linux i686; U; en) Presto/2.10.229 Version/11.62"
14.139.122.114 - - [18/Apr/2012:14:52:49 -0700] "GET /blueprint/print.css HTTP/1.1" 200 1284 "http://yuvi.in/" "Opera/9.80 (X11; Linux i686; U; en) Presto/2.10.229 Version/11.62"
14.139.122.114 - - [18/Apr/2012:14:52:50 -0700] "GET /favicon.ico HTTP/1.1" 404 142 "http://yuvi.in/" "Opera/9.80 (X11; Linux i686; U; en) Presto/2.10.229 Version/11.62"
14.139.122.114 - - [18/Apr/2012:14:52:50 -0700] "GET /header.png HTTP/1.1" 200 14249 "http://yuvi.in/" "Opera/9.80 (X11; Linux i686; U; en) Presto/2.10.229 Version/11.62"
208.80.194.35 - - [18/Apr/2012:14:53:50 -0700] "GET /r/2rvb HTTP/1.0" 301 257 "-" "Mozilla/4.0 (compatible; MSIE 6.0; Windows NT 5.1) Opera 7.50  [en]"
75.131.207.97 - - [18/Apr/2012:14:54:25 -0700] "GET / HTTP/1.1" 200 1430 "-" "Reeder/1.5.5 CFNetwork/548.1.4 Darwin/11.0.0"
75.131.207.97 - - [18/Apr/2012:14:54:25 -0700] "GET /favicon.ico HTTP/1.1" 404 142 "-" "Reeder/1.5.5 CFNetwork/548.1.4 Darwin/11.0.0"
75.131.207.97 - - [18/Apr/2012:14:54:25 -0700] "GET /apple-touch-icon.png HTTP/1.1" 404 142 "-" "Reeder/1.5.5 CFNetwork/548.1.4 Darwin/11.0.0"
75.131.207.97 - - [18/Apr/2012:14:54:25 -0700] "GET /apple-touch-icon-precomposed.png HTTP/1.1" 404 142 "-" "Reeder/1.5.5 CFNetwork/548.1.4 Darwin/11.0.0"
208.80.194.35 - - [18/Apr/2012:14:55:43 -0700] "GET /s/ta/2rvb/ HTTP/1.0" 302 505 "-" "Mozilla/4.0 (compatible; MSIE 7.0; Windows NT 5.1; YPC 3.2.0; CMS Music Store2 v1.00.13 (Music Store,1033; yplus 5.1.04b); .NET CLR 1.1.4322; .NET CLR 2.0.50727; IEMB3; IEMB3)"
85.17.88.169 - - [18/Apr/2012:14:56:46 -0700] "POST /blog/wp-cron.php?doing_wp_cron=1334785818 HTTP/1.0" 499 0 "-" "WordPress/3.3.1; http://yuvi.in/blog"
209.85.224.99 - - [18/Apr/2012:14:56:47 -0700] "GET /blog/feed HTTP/1.1" 304 0 "-" "FeedBurner/1.0 (http://www.FeedBurner.com)"
85.17.88.169 - - [18/Apr/2012:14:57:29 -0700] "POST /blog/wp-cron.php?doing_wp_cron=1334785861 HTTP/1.0" 499 0 "-" "WordPress/3.3.1; http://yuvi.in/blog"
208.80.194.30 - - [18/Apr/2012:14:57:30 -0700] "GET /blog/infosys-tcs-or-wipro-none/ HTTP/1.0" 200 24492 "-" "Mozilla/4.0 (compatible; MSIE 7.0; Windows NT 5.1; {45994451-3E67-EC5F-7200-DDEB5B7070C3}; .NET CLR 1.0.3705)"
176.9.148.196 - - [18/Apr/2012:14:57:45 -0700] "GET /blog HTTP/1.1" 301 178 "-" "Mozilla/5.0 (compatible; SISTRIX Crawler; http://crawler.sistrix.net/)"
85.17.88.169 - - [18/Apr/2012:14:59:17 -0700] "POST /blog/wp-cron.php?doing_wp_cron=1334785969 HTTP/1.0" 499 0 "-" "WordPress/3.3.1; http://yuvi.in/blog"
66.249.73.219 - - [18/Apr/2012:14:59:18 -0700] "GET /blog/2012/03/ HTTP/1.1" 200 3953 "-" "Mozilla/5.0 (compatible; Googlebot/2.1; +http://www.google.com/bot.html)"
207.46.204.211 - - [18/Apr/2012:15:01:27 -0700] "-" 400 0 "-" "-"
207.46.204.211 - - [18/Apr/2012:15:01:31 -0700] "-" 400 0 "-" "-"
207.46.204.211 - - [18/Apr/2012:15:01:31 -0700] "-" 400 0 "-" "-"
207.46.204.211 - - [18/Apr/2012:15:01:32 -0700] "-" 400 0 "-" "-"
207.46.204.211 - - [18/Apr/2012:15:01:32 -0700] "-" 400 0 "-" "-"
85.17.88.169 - - [18/Apr/2012:15:01:33 -0700] "POST /blog/wp-cron.php?doing_wp_cron=1334786104 HTTP/1.0" 499 0 "-" "WordPress/3.3.1; http://yuvi.in/blog"
207.46.204.211 - - [18/Apr/2012:15:01:33 -0700] "-" 400 0 "-" "-"
207.46.204.211 - - [18/Apr/2012:15:01:33 -0700] "-" 400 0 "-" "-"
208.80.194.30 - - [18/Apr/2012:15:01:33 -0700] "GET /blog/category/so-called-it/ HTTP/1.0" 200 36439 "-" "Mozilla/4.0 (compatible; MSIE 7.0; Windows NT 5.1; FunWebProducts; .NET CLR 1.0.3705; .NET CLR 1.1.4322; Media Center PC 3.1; Zango 10.0.341.0)"
207.46.204.211 - - [18/Apr/2012:15:01:35 -0700] "-" 400 0 "-" "-"
207.46.204.211 - - [18/Apr/2012:15:01:35 -0700] "-" 400 0 "-" "-"
207.46.204.211 - - [18/Apr/2012:15:01:35 -0700] "-" 400 0 "-" "-"
208.80.194.30 - - [18/Apr/2012:15:04:39 -0700] "GET /blog/infosys-tcs-or-wipro-none/ HTTP/1.0" 200 24512 "-" "Mozilla/4.0 (compatible; MSIE 6.0; Windows NT 5.1; YPC 3.2.0; SV1; Windows-Media-Player/10.00.00.3990)"
75.131.207.97 - - [18/Apr/2012:15:06:39 -0700] "GET / HTTP/1.1" 200 1430 "-" "Reeder/1.5.5 CFNetwork/548.1.4 Darwin/11.0.0"
75.131.207.97 - - [18/Apr/2012:15:06:40 -0700] "GET /favicon.ico HTTP/1.1" 404 142 "-" "Reeder/1.5.5 CFNetwork/548.1.4 Darwin/11.0.0"
75.131.207.97 - - [18/Apr/2012:15:06:40 -0700] "GET /apple-touch-icon.png HTTP/1.1" 404 142 "-" "Reeder/1.5.5 CFNetwork/548.1.4 Darwin/11.0.0"
75.131.207.97 - - [18/Apr/2012:15:06:40 -0700] "GET /apple-touch-icon-precomposed.png HTTP/1.1" 404 142 "-" "Reeder/1.5.5 CFNetwork/548.1.4 Darwin/11.0.0"
85.17.88.169 - - [18/Apr/2012:15:08:04 -0700] "POST /blog/wp-cron.php?doing_wp_cron=1334786495 HTTP/1.0" 499 0 "-" "WordPress/3.3.1; http://yuvi.in/blog"
129.34.20.23 - - [18/Apr/2012:15:08:04 -0700] "GET /blog/feed/ HTTP/1.1" 200 21860 "-" "Mozilla/5.0 (Windows; U; Windows NT 5.1; en-US; rv:1.9.0.3) Gecko/2008092417 Firefox/3.0.3"
207.46.204.164 - - [18/Apr/2012:15:14:28 -0700] "-" 400 0 "-" "-"
207.46.204.164 - - [18/Apr/2012:15:14:28 -0700] "-" 400 0 "-" "-"
207.46.204.164 - - [18/Apr/2012:15:14:28 -0700] "-" 400 0 "-" "-"
207.46.204.164 - - [18/Apr/2012:15:14:30 -0700] "-" 400 0 "-" "-"
207.46.204.164 - - [18/Apr/2012:15:14:31 -0700] "-" 400 0 "-" "-"
207.46.204.164 - - [18/Apr/2012:15:14:31 -0700] "-" 400 0 "-" "-"
207.46.204.164 - - [18/Apr/2012:15:14:31 -0700] "-" 400 0 "-" "-"
207.46.204.164 - - [18/Apr/2012:15:14:33 -0700] "-" 400 0 "-" "-"
207.46.204.164 - - [18/Apr/2012:15:14:33 -0700] "-" 400 0 "-" "-"
207.46.204.164 - - [18/Apr/2012:15:14:33 -0700] "-" 400 0 "-" "-"
207.46.204.164 - - [18/Apr/2012:15:14:33 -0700] "-" 400 0 "-" "-"
207.46.204.164 - - [18/Apr/2012:15:14:33 -0700] "-" 400 0 "-" "-"
208.115.113.84 - - [18/Apr/2012:15:17:25 -0700] "GET /robots.txt HTTP/1.1" 404 169 "-" "Mozilla/5.0 (compatible; Ezooms/1.0; ezooms.bot@gmail.com)"
85.17.88.169 - - [18/Apr/2012:15:19:45 -0700] "POST /blog/wp-cron.php?doing_wp_cron=1334787197 HTTP/1.0" 499 0 "-" "WordPress/3.3.1; http://yuvi.in/blog"
209.85.238.182 - - [18/Apr/2012:15:19:46 -0700] "GET /blog/feed HTTP/1.1" 301 0 "-" "Feedfetcher-Google; (+http://www.google.com/feedfetcher.html; 3 subscribers; feed-id=17684830852112633560)"
85.17.88.169 - - [18/Apr/2012:15:19:48 -0700] "POST /blog/wp-cron.php?doing_wp_cron=1334787199 HTTP/1.0" 499 0 "-" "WordPress/3.3.1; http://yuvi.in/blog"
209.85.238.182 - - [18/Apr/2012:15:19:48 -0700] "GET /blog/feed/ HTTP/1.1" 304 0 "-" "Feedfetcher-Google; (+http://www.google.com/feedfetcher.html; 3 subscribers; feed-id=17684830852112633560)"
213.186.127.13 - - [18/Apr/2012:15:20:31 -0700] "GET /r/2sxy HTTP/1.1" 301 257 "-" "Mozilla/5.0 (compatible; AhrefsBot/2.0; +http://ahrefs.com/robot/)"
94.228.34.209 - - [18/Apr/2012:15:20:58 -0700] "GET /blog/serendipity.html HTTP/1.1" 304 0 "-" "magpie-crawler/1.1 (U; Linux amd64; en-GB; +http://www.brandwatch.net)"
85.17.88.169 - - [18/Apr/2012:15:26:55 -0700] "POST /blog/wp-cron.php?doing_wp_cron=1334787626 HTTP/1.0" 499 0 "-" "WordPress/3.3.1; http://yuvi.in/blog"
209.85.144.84 - - [18/Apr/2012:15:26:55 -0700] "GET /blog/feed HTTP/1.1" 304 0 "-" "FeedBurner/1.0 (http://www.FeedBurner.com)"
180.76.5.177 - - [18/Apr/2012:15:29:19 -0700] "GET / HTTP/1.1" 200 3439 "-" "Mozilla/5.0 (compatible; Baiduspider/2.0; +http://www.baidu.com/search/spider.html)"
208.115.111.68 - - [18/Apr/2012:15:30:39 -0700] "GET /robots.txt HTTP/1.1" 404 169 "-" "Mozilla/5.0 (compatible; Ezooms/1.0; ezooms.bot@gmail.com)"
66.249.73.219 - - [18/Apr/2012:15:31:09 -0700] "GET /robots.txt HTTP/1.1" 404 142 "-" "Mozilla/5.0 (compatible; Googlebot/2.1; +http://www.google.com/bot.html)"
85.17.88.169 - - [18/Apr/2012:15:31:11 -0700] "POST /blog/wp-cron.php?doing_wp_cron=1334787882 HTTP/1.0" 499 0 "-" "WordPress/3.3.1; http://yuvi.in/blog"
66.249.73.219 - - [18/Apr/2012:15:31:11 -0700] "GET /blog/tag/atleast-not-yet/ HTTP/1.1" 200 3888 "-" "Mozilla/5.0 (compatible; Googlebot/2.1; +http://www.google.com/bot.html)"
85.17.88.169 - - [18/Apr/2012:15:31:13 -0700] "POST /blog/wp-cron.php?doing_wp_cron=1334787885 HTTP/1.0" 499 0 "-" "WordPress/3.3.1; http://yuvi.in/blog"
66.249.73.219 - - [18/Apr/2012:15:31:14 -0700] "GET /blog/cheese-gsoc-report-week-3/feed/ HTTP/1.1" 200 773 "-" "Mozilla/5.0 (compatible; Googlebot/2.1; +http://www.google.com/bot.html)"
66.249.73.219 - - [18/Apr/2012:15:31:14 -0700] "GET /blog/optimizing-life.html HTTP/1.1" 200 2896 "-" "Mozilla/5.0 (compatible; Googlebot/2.1; +http://www.google.com/bot.html)"
209.85.224.96 - - [18/Apr/2012:15:39:29 -0700] "GET /stories/feed HTTP/1.1" 200 13653 "-" "FeedBurner/1.0 (http://www.FeedBurner.com)"
207.46.204.167 - - [18/Apr/2012:15:41:38 -0700] "-" 400 0 "-" "-"
207.46.204.167 - - [18/Apr/2012:15:41:38 -0700] "-" 400 0 "-" "-"
207.46.204.167 - - [18/Apr/2012:15:41:39 -0700] "-" 400 0 "-" "-"
207.46.204.167 - - [18/Apr/2012:15:41:47 -0700] "-" 400 0 "-" "-"
207.46.204.167 - - [18/Apr/2012:15:41:51 -0700] "-" 400 0 "-" "-"
207.46.204.167 - - [18/Apr/2012:15:42:01 -0700] "-" 400 0 "-" "-"
207.46.204.167 - - [18/Apr/2012:15:42:01 -0700] "-" 400 0 "-" "-"
207.46.204.167 - - [18/Apr/2012:15:42:01 -0700] "-" 400 0 "-" "-"
207.46.204.167 - - [18/Apr/2012:15:42:03 -0700] "-" 400 0 "-" "-"
207.46.204.167 - - [18/Apr/2012:15:42:03 -0700] "-" 400 0 "-" "-"
207.46.204.167 - - [18/Apr/2012:15:42:04 -0700] "-" 400 0 "-" "-"
207.46.204.167 - - [18/Apr/2012:15:42:04 -0700] "-" 400 0 "-" "-"
207.46.204.167 - - [18/Apr/2012:15:42:06 -0700] "-" 400 0 "-" "-"
85.17.88.169 - - [18/Apr/2012:15:42:35 -0700] "POST /blog/wp-cron.php?doing_wp_cron=1334788566 HTTP/1.0" 499 0 "-" "WordPress/3.3.1; http://yuvi.in/blog"
117.216.116.69 - - [18/Apr/2012:15:42:35 -0700] "GET /blog/category/education/ HTTP/1.1" 200 14722 "http://www.facebook.com/l.php?u=http%3A%2F%2Fyuvi.in%2Fblog%2Fcategory%2Feducation%2F&h=nAQFt-BkBAQHJTPZqMKQzcaY4unNGb9bpn2vUdH0nLy4Arg" "Mozilla/5.0 (Windows NT 6.1) AppleWebKit/535.19 (KHTML, like Gecko) Chrome/18.0.1025.162 Safari/535.19"
117.216.116.69 - - [18/Apr/2012:15:42:36 -0700] "GET /blog/wp-content/themes/cleanr/js/jquery.dropdown.js?ver=3.3.1 HTTP/1.1" 200 535 "http://yuvi.in/blog/category/education/" "Mozilla/5.0 (Windows NT 6.1) AppleWebKit/535.19 (KHTML, like Gecko) Chrome/18.0.1025.162 Safari/535.19"
117.216.116.69 - - [18/Apr/2012:15:42:36 -0700] "GET /blog/wp-content/themes/cleanr/style.css HTTP/1.1" 200 10508 "http://yuvi.in/blog/category/education/" "Mozilla/5.0 (Windows NT 6.1) AppleWebKit/535.19 (KHTML, like Gecko) Chrome/18.0.1025.162 Safari/535.19"
117.216.116.69 - - [18/Apr/2012:15:42:37 -0700] "GET /blog/wp-content/themes/cleanr/css/reset.css HTTP/1.1" 200 648 "http://yuvi.in/blog/category/education/" "Mozilla/5.0 (Windows NT 6.1) AppleWebKit/535.19 (KHTML, like Gecko) Chrome/18.0.1025.162 Safari/535.19"
117.216.116.69 - - [18/Apr/2012:15:42:37 -0700] "GET /blog/wp-content/themes/cleanr/css/text.css HTTP/1.1" 200 420 "http://yuvi.in/blog/category/education/" "Mozilla/5.0 (Windows NT 6.1) AppleWebKit/535.19 (KHTML, like Gecko) Chrome/18.0.1025.162 Safari/535.19"
117.216.116.69 - - [18/Apr/2012:15:42:37 -0700] "GET /blog/wp-content/themes/cleanr/css/960.css HTTP/1.1" 200 3628 "http://yuvi.in/blog/category/education/" "Mozilla/5.0 (Windows NT 6.1) AppleWebKit/535.19 (KHTML, like Gecko) Chrome/18.0.1025.162 Safari/535.19"
117.216.116.69 - - [18/Apr/2012:15:42:37 -0700] "GET /blog/wp-includes/js/jquery/jquery.js?ver=1.7.1 HTTP/1.1" 200 93889 "http://yuvi.in/blog/category/education/" "Mozilla/5.0 (Windows NT 6.1) AppleWebKit/535.19 (KHTML, like Gecko) Chrome/18.0.1025.162 Safari/535.19"
117.216.116.69 - - [18/Apr/2012:15:42:38 -0700] "GET /blog/wp-content/themes/cleanr/images/search_magnifier.gif HTTP/1.1" 200 394 "http://yuvi.in/blog/category/education/" "Mozilla/5.0 (Windows NT 6.1) AppleWebKit/535.19 (KHTML, like Gecko) Chrome/18.0.1025.162 Safari/535.19"
117.216.116.69 - - [18/Apr/2012:15:42:47 -0700] "GET /favicon.ico HTTP/1.1" 404 199 "-" "Mozilla/5.0 (Windows NT 6.1) AppleWebKit/535.19 (KHTML, like Gecko) Chrome/18.0.1025.162 Safari/535.19"
199.59.149.166 - - [18/Apr/2012:15:43:05 -0700] "GET /robots.txt HTTP/1.1" 404 211 "-" "Twitterbot/1.0"
50.18.21.225 - - [18/Apr/2012:15:43:05 -0700] "HEAD /r/1emk HTTP/1.1" 301 0 "-" "UnwindFetchor/1.0 (+http://www.gnip.com/)"
50.18.21.225 - - [18/Apr/2012:15:43:05 -0700] "HEAD /r/1emk HTTP/1.1" 301 0 "-" "UnwindFetchor/1.0 (+http://www.gnip.com/)"
199.59.149.166 - - [18/Apr/2012:15:43:05 -0700] "GET /r/1emk HTTP/1.1" 301 257 "-" "Twitterbot/1.0"
50.18.21.225 - - [18/Apr/2012:15:43:05 -0700] "HEAD /s/ta/1emk/ HTTP/1.1" 302 0 "-" "UnwindFetchor/1.0 (+http://www.gnip.com/)"
50.18.21.225 - - [18/Apr/2012:15:43:05 -0700] "HEAD /s/ta/1emk/ HTTP/1.1" 302 0 "-" "UnwindFetchor/1.0 (+http://www.gnip.com/)"
50.18.21.225 - - [18/Apr/2012:15:43:05 -0700] "HEAD /s/ta/1emk/ HTTP/1.1" 302 0 "-" "UnwindFetchor/1.0 (+http://www.gnip.com/)"
199.59.149.166 - - [18/Apr/2012:15:43:05 -0700] "GET /s/ta/1emk/ HTTP/1.1" 302 485 "-" "Twitterbot/1.0"
50.18.21.225 - - [18/Apr/2012:15:43:05 -0700] "HEAD /s/ta/1emk/ HTTP/1.1" 302 0 "-" "UnwindFetchor/1.0 (+http://www.gnip.com/)"
89.151.116.53 - - [18/Apr/2012:15:43:06 -0700] "GET /r/1emk HTTP/1.1" 301 257 "-" "Mozilla/5.0 (compatible; TweetmemeBot/2.11; +http://tweetmeme.com/)"
89.151.116.53 - - [18/Apr/2012:15:43:06 -0700] "GET /s/ta/1emk/ HTTP/1.1" 302 485 "-" "Mozilla/5.0 (compatible; TweetmemeBot/2.11; +http://tweetmeme.com/)"
85.17.88.169 - - [18/Apr/2012:15:44:03 -0700] "POST /blog/wp-cron.php?doing_wp_cron=1334788654 HTTP/1.0" 499 0 "-" "WordPress/3.3.1; http://yuvi.in/blog"
209.85.238.182 - - [18/Apr/2012:15:44:03 -0700] "GET /blog/feed/ HTTP/1.1" 304 0 "-" "Feedfetcher-Google; (+http://www.google.com/feedfetcher.html; 19 subscribers; feed-id=15064232456473204253)"
65.52.0.205 - - [18/Apr/2012:15:44:17 -0700] "GET /r/1emk HTTP/1.1" 301 257 "-" "Mozilla/4.0 (compatible; MSIE 7.0; Windows NT 6.0)"
65.52.0.205 - - [18/Apr/2012:15:44:17 -0700] "GET /s/ta/1emk/ HTTP/1.1" 302 485 "-" "Mozilla/4.0 (compatible; MSIE 7.0; Windows NT 6.0)"
107.22.0.169 - - [18/Apr/2012:15:44:31 -0700] "HEAD /r/1emk HTTP/1.1" 301 0 "-" "Mozilla/5.0 (Windows; U; Windows NT 5.1; de; rv:1.9) Gecko/2008052906 Firefox/3.0"
107.22.0.169 - - [18/Apr/2012:15:44:32 -0700] "HEAD /s/ta/1emk/ HTTP/1.1" 302 0 "-" "Mozilla/5.0 (Windows; U; Windows NT 5.1; de; rv:1.9) Gecko/2008052906 Firefox/3.0"
65.52.16.161 - - [18/Apr/2012:15:45:03 -0700] "GET /r/1emk HTTP/1.1" 301 257 "-" "Mozilla/4.0 (compatible; MSIE 7.0; Windows NT 6.0)"
65.52.16.161 - - [18/Apr/2012:15:45:04 -0700] "GET /s/ta/1emk/ HTTP/1.1" 302 485 "-" "Mozilla/4.0 (compatible; MSIE 7.0; Windows NT 6.0)"
74.112.131.131 - - [18/Apr/2012:15:46:52 -0700] "GET /robots.txt HTTP/1.1" 404 238 "-" "Mozilla/5.0 (compatible; Butterfly/1.0; +http://labs.topsy.com/butterfly/) Gecko/2009032608 Firefox/3.0.8"
74.112.131.126 - - [18/Apr/2012:15:46:52 -0700] "GET /r/1emk HTTP/1.1" 301 257 "-" "Mozilla/5.0 (compatible; Butterfly/1.0; +http://labs.topsy.com/butterfly/) Gecko/2009032608 Firefox/3.0.8"
74.112.131.148 - - [18/Apr/2012:15:46:52 -0700] "GET /s/ta/1emk/ HTTP/1.1" 302 485 "-" "Mozilla/5.0 (compatible; Butterfly/1.0; +http://labs.topsy.com/butterfly/) Gecko/2009032608 Firefox/3.0.8"
70.166.123.75 - - [18/Apr/2012:15:48:50 -0700] "GET / HTTP/1.1" 200 1430 "-" "python-requests/0.11.1"
117.193.99.253 - - [18/Apr/2012:15:49:13 -0700] "GET /blog/infosys-tcs-or-wipro-none/ HTTP/1.1" 200 7089 "http://www.facebook.com/l.php?u=http%3A%2F%2Fyuvi.in%2Fblog%2Finfosys-tcs-or-wipro-none%2F&h=rAQEk_8JBAQEBDybC13plArcYGHBEXkNrLdCgHYK4PeP8og" "Mozilla/5.0 (Windows NT 6.1; WOW64) AppleWebKit/535.19 (KHTML, like Gecko) Chrome/18.0.1025.162 Safari/535.19"
117.193.99.253 - - [18/Apr/2012:15:49:14 -0700] "GET /blog/wp-content/themes/cleanr/style.css HTTP/1.1" 200 10508 "http://yuvi.in/blog/infosys-tcs-or-wipro-none/" "Mozilla/5.0 (Windows NT 6.1; WOW64) AppleWebKit/535.19 (KHTML, like Gecko) Chrome/18.0.1025.162 Safari/535.19"
117.193.99.253 - - [18/Apr/2012:15:49:14 -0700] "GET /blog/wp-content/themes/cleanr/js/jquery.dropdown.js?ver=3.3.1 HTTP/1.1" 200 535 "http://yuvi.in/blog/infosys-tcs-or-wipro-none/" "Mozilla/5.0 (Windows NT 6.1; WOW64) AppleWebKit/535.19 (KHTML, like Gecko) Chrome/18.0.1025.162 Safari/535.19"
117.193.99.253 - - [18/Apr/2012:15:49:15 -0700] "GET /blog/wp-content/themes/cleanr/css/text.css HTTP/1.1" 200 420 "http://yuvi.in/blog/infosys-tcs-or-wipro-none/" "Mozilla/5.0 (Windows NT 6.1; WOW64) AppleWebKit/535.19 (KHTML, like Gecko) Chrome/18.0.1025.162 Safari/535.19"
117.193.99.253 - - [18/Apr/2012:15:49:15 -0700] "GET /blog/wp-content/themes/cleanr/css/reset.css HTTP/1.1" 200 648 "http://yuvi.in/blog/infosys-tcs-or-wipro-none/" "Mozilla/5.0 (Windows NT 6.1; WOW64) AppleWebKit/535.19 (KHTML, like Gecko) Chrome/18.0.1025.162 Safari/535.19"
117.193.99.253 - - [18/Apr/2012:15:49:15 -0700] "GET /blog/wp-content/themes/cleanr/css/960.css HTTP/1.1" 200 3628 "http://yuvi.in/blog/infosys-tcs-or-wipro-none/" "Mozilla/5.0 (Windows NT 6.1; WOW64) AppleWebKit/535.19 (KHTML, like Gecko) Chrome/18.0.1025.162 Safari/535.19"
117.193.99.253 - - [18/Apr/2012:15:49:16 -0700] "GET /blog/wp-includes/js/jquery/jquery.js?ver=1.7.1 HTTP/1.1" 200 93889 "http://yuvi.in/blog/infosys-tcs-or-wipro-none/" "Mozilla/5.0 (Windows NT 6.1; WOW64) AppleWebKit/535.19 (KHTML, like Gecko) Chrome/18.0.1025.162 Safari/535.19"
117.193.99.253 - - [18/Apr/2012:15:49:17 -0700] "GET /blog/wp-content/themes/cleanr/images/search_magnifier.gif HTTP/1.1" 200 394 "http://yuvi.in/blog/infosys-tcs-or-wipro-none/" "Mozilla/5.0 (Windows NT 6.1; WOW64) AppleWebKit/535.19 (KHTML, like Gecko) Chrome/18.0.1025.162 Safari/535.19"
117.193.99.253 - - [18/Apr/2012:15:49:18 -0700] "GET /favicon.ico HTTP/1.1" 404 199 "-" "Mozilla/5.0 (Windows NT 6.1; WOW64) AppleWebKit/535.19 (KHTML, like Gecko) Chrome/18.0.1025.162 Safari/535.19"
85.17.88.169 - - [18/Apr/2012:15:49:22 -0700] "POST /blog/wp-cron.php?doing_wp_cron=1334788973 HTTP/1.0" 499 0 "-" "WordPress/3.3.1; http://yuvi.in/blog"
117.193.99.253 - - [18/Apr/2012:15:49:22 -0700] "GET /blog/infosys-tcs-or-wipro-none/?cf_action=sync_comments&post_id=124 HTTP/1.1" 200 48 "http://yuvi.in/blog/infosys-tcs-or-wipro-none/" "Mozilla/5.0 (Windows NT 6.1; WOW64) AppleWebKit/535.19 (KHTML, like Gecko) Chrome/18.0.1025.162 Safari/535.19"
117.193.99.253 - - [18/Apr/2012:15:49:33 -0700] "-" 400 0 "-" "-"
122.164.225.233 - - [18/Apr/2012:15:51:29 -0700] "-" 400 0 "-" "-"
122.164.225.233 - - [18/Apr/2012:15:51:29 -0700] "-" 400 0 "-" "-"
65.52.104.20 - - [18/Apr/2012:15:55:00 -0700] "GET /robots.txt HTTP/1.1" 404 169 "-" "Mozilla/5.0 (compatible; bingbot/2.0; +http://www.bing.com/bingbot.htm)"
65.52.104.20 - - [18/Apr/2012:15:55:47 -0700] "GET /stories/hopeless-romantic.html HTTP/1.1" 200 2031 "-" "Mozilla/5.0 (compatible; bingbot/2.0; +http://www.bing.com/bingbot.htm)"
85.17.88.169 - - [18/Apr/2012:15:57:03 -0700] "POST /blog/wp-cron.php?doing_wp_cron=1334789434 HTTP/1.0" 499 0 "-" "WordPress/3.3.1; http://yuvi.in/blog"
209.85.224.94 - - [18/Apr/2012:15:57:03 -0700] "GET /blog/feed HTTP/1.1" 304 0 "-" "FeedBurner/1.0 (http://www.FeedBurner.com)"
173.169.226.223 - - [18/Apr/2012:16:06:26 -0700] "GET /AssessmentBar/r/Unassessed_India_articles/ HTTP/1.1" 302 279 "-" "Mozilla/5.0 (Windows NT 6.1) AppleWebKit/534.54.16 (KHTML, like Gecko) Version/5.1.4 Safari/534.54.16"
173.169.226.223 - - [18/Apr/2012:16:07:03 -0700] "GET /AssessmentBar/r/Unassessed_India_articles/ HTTP/1.1" 302 305 "http://en.wikipedia.org/w/index.php?title=Talk:Gupta_(name)&action=edit" "Mozilla/5.0 (Windows NT 6.1) AppleWebKit/534.54.16 (KHTML, like Gecko) Version/5.1.4 Safari/534.54.16"
173.169.226.223 - - [18/Apr/2012:16:07:29 -0700] "GET /AssessmentBar/r/Unassessed_India_articles/ HTTP/1.1" 302 311 "http://en.wikipedia.org/wiki/Ethnic_relations_in_India" "Mozilla/5.0 (Windows NT 6.1) AppleWebKit/534.54.16 (KHTML, like Gecko) Version/5.1.4 Safari/534.54.16"
173.169.226.223 - - [18/Apr/2012:16:07:40 -0700] "GET /AssessmentBar/r/Unassessed_India_articles/ HTTP/1.1" 302 333 "http://en.wikipedia.org/wiki/Eden_Gardens_railway_station" "Mozilla/5.0 (Windows NT 6.1) AppleWebKit/534.54.16 (KHTML, like Gecko) Version/5.1.4 Safari/534.54.16"
216.177.81.130 - - [18/Apr/2012:16:08:14 -0700] "GET / HTTP/1.1" 200 1430 "-" "python-requests/0.11.1"
173.169.226.223 - - [18/Apr/2012:16:08:33 -0700] "GET /AssessmentBar/r/Unassessed_India_articles/ HTTP/1.1" 302 297 "http://en.wikipedia.org/wiki/Himalayan_subtropical_broadleaf_forests" "Mozilla/5.0 (Windows NT 6.1) AppleWebKit/534.54.16 (KHTML, like Gecko) Version/5.1.4 Safari/534.54.16"
85.17.88.169 - - [18/Apr/2012:16:08:40 -0700] "POST /blog/wp-cron.php?doing_wp_cron=1334790131 HTTP/1.0" 499 0 "-" "WordPress/3.3.1; http://yuvi.in/blog"
101.226.33.182 - - [18/Apr/2012:16:08:40 -0700] "GET /blog/feed HTTP/1.0" 304 0 "-" "Mozilla/4.0 (compatible; Windows;)"
173.169.226.223 - - [18/Apr/2012:16:09:03 -0700] "GET /AssessmentBar/r/Unassessed_India_articles/ HTTP/1.1" 302 279 "http://en.wikipedia.org/wiki/Don't_Worry_Ho_Jayega" "Mozilla/5.0 (Windows NT 6.1) AppleWebKit/534.54.16 (KHTML, like Gecko) Version/5.1.4 Safari/534.54.16"
173.169.226.223 - - [18/Apr/2012:16:09:15 -0700] "GET /AssessmentBar/r/Unassessed_India_articles/ HTTP/1.1" 302 289 "http://en.wikipedia.org/wiki/Waraich_clan" "Mozilla/5.0 (Windows NT 6.1) AppleWebKit/534.54.16 (KHTML, like Gecko) Version/5.1.4 Safari/534.54.16"
173.169.226.223 - - [18/Apr/2012:16:09:21 -0700] "GET /AssessmentBar/r/Unassessed_India_articles/ HTTP/1.1" 302 295 "http://en.wikipedia.org/wiki/Gapa_Hele_Bi_Sata" "Mozilla/5.0 (Windows NT 6.1) AppleWebKit/534.54.16 (KHTML, like Gecko) Version/5.1.4 Safari/534.54.16"
173.169.226.223 - - [18/Apr/2012:16:09:27 -0700] "GET /AssessmentBar/r/Unassessed_India_articles/ HTTP/1.1" 302 287 "http://en.wikipedia.org/wiki/Prosenjit_Chatterjee" "Mozilla/5.0 (Windows NT 6.1) AppleWebKit/534.54.16 (KHTML, like Gecko) Version/5.1.4 Safari/534.54.16"
173.169.226.223 - - [18/Apr/2012:16:09:29 -0700] "GET /AssessmentBar/r/Unassessed_India_articles/ HTTP/1.1" 302 295 "http://en.wikipedia.org/wiki/Lok_Dal_(Charan)" "Mozilla/5.0 (Windows NT 6.1) AppleWebKit/534.54.16 (KHTML, like Gecko) Version/5.1.4 Safari/534.54.16"
173.169.226.223 - - [18/Apr/2012:16:09:33 -0700] "GET /AssessmentBar/r/Unassessed_India_articles/ HTTP/1.1" 302 285 "http://en.wikipedia.org/wiki/Walter_John_Christie" "Mozilla/5.0 (Windows NT 6.1) AppleWebKit/534.54.16 (KHTML, like Gecko) Version/5.1.4 Safari/534.54.16"
173.169.226.223 - - [18/Apr/2012:16:09:53 -0700] "GET /AssessmentBar/r/Unassessed_India_articles/ HTTP/1.1" 302 311 "http://en.wikipedia.org/wiki/Kuroolli_Chekon" "Mozilla/5.0 (Windows NT 6.1) AppleWebKit/534.54.16 (KHTML, like Gecko) Version/5.1.4 Safari/534.54.16"
173.169.226.223 - - [18/Apr/2012:16:12:02 -0700] "GET /AssessmentBar/r/Unassessed_India_articles/ HTTP/1.1" 302 273 "http://en.wikipedia.org/wiki/Meena_Kumari_(sport_shooter)" "Mozilla/5.0 (Windows NT 6.1) AppleWebKit/534.54.16 (KHTML, like Gecko) Version/5.1.4 Safari/534.54.16"
173.169.226.223 - - [18/Apr/2012:16:12:24 -0700] "GET /AssessmentBar/r/Unassessed_India_articles/ HTTP/1.1" 302 299 "http://en.wikipedia.org/wiki/CSC_India" "Mozilla/5.0 (Windows NT 6.1) AppleWebKit/534.54.16 (KHTML, like Gecko) Version/5.1.4 Safari/534.54.16"
173.169.226.223 - - [18/Apr/2012:16:12:28 -0700] "GET /AssessmentBar/r/Unassessed_India_articles/ HTTP/1.1" 302 281 "http://en.wikipedia.org/wiki/Campus_School,_GBPUA&T" "Mozilla/5.0 (Windows NT 6.1) AppleWebKit/534.54.16 (KHTML, like Gecko) Version/5.1.4 Safari/534.54.16"
173.169.226.223 - - [18/Apr/2012:16:12:51 -0700] "GET /AssessmentBar/r/Unassessed_India_articles/ HTTP/1.1" 302 369 "http://en.wikipedia.org/wiki/Qamar_Jalalvi" "Mozilla/5.0 (Windows NT 6.1) AppleWebKit/534.54.16 (KHTML, like Gecko) Version/5.1.4 Safari/534.54.16"
173.169.226.223 - - [18/Apr/2012:16:12:55 -0700] "GET /AssessmentBar/r/Unassessed_India_articles/ HTTP/1.1" 302 277 "http://en.wikipedia.org/wiki/Gymnastics_at_the_2010_Commonwealth_Games_%E2%80%93_Men's_vault" "Mozilla/5.0 (Windows NT 6.1) AppleWebKit/534.54.16 (KHTML, like Gecko) Version/5.1.4 Safari/534.54.16"
173.169.226.223 - - [18/Apr/2012:16:13:18 -0700] "GET /AssessmentBar/r/Unassessed_India_articles/ HTTP/1.1" 302 267 "http://en.wikipedia.org/wiki/India_Uncut" "Mozilla/5.0 (Windows NT 6.1) AppleWebKit/534.54.16 (KHTML, like Gecko) Version/5.1.4 Safari/534.54.16"
173.169.226.223 - - [18/Apr/2012:16:13:49 -0700] "GET /AssessmentBar/r/Unassessed_India_articles/ HTTP/1.1" 302 283 "http://en.wikipedia.org/wiki/Telugu" "Mozilla/5.0 (Windows NT 6.1) AppleWebKit/534.54.16 (KHTML, like Gecko) Version/5.1.4 Safari/534.54.16"
173.169.226.223 - - [18/Apr/2012:16:13:50 -0700] "GET /AssessmentBar/r/Unassessed_India_articles/ HTTP/1.1" 302 305 "http://en.wikipedia.org/wiki/Telugu" "Mozilla/5.0 (Windows NT 6.1) AppleWebKit/534.54.16 (KHTML, like Gecko) Version/5.1.4 Safari/534.54.16"
173.169.226.223 - - [18/Apr/2012:16:13:57 -0700] "GET /AssessmentBar/r/Unassessed_India_articles/ HTTP/1.1" 302 281 "http://en.wikipedia.org/wiki/Parsvanath_Jain_Temple-II" "Mozilla/5.0 (Windows NT 6.1) AppleWebKit/534.54.16 (KHTML, like Gecko) Version/5.1.4 Safari/534.54.16"
173.169.226.223 - - [18/Apr/2012:16:14:02 -0700] "GET /AssessmentBar/r/Unassessed_India_articles/ HTTP/1.1" 302 345 "http://en.wikipedia.org/wiki/Khardon_Kalan" "Mozilla/5.0 (Windows NT 6.1) AppleWebKit/534.54.16 (KHTML, like Gecko) Version/5.1.4 Safari/534.54.16"
173.169.226.223 - - [18/Apr/2012:16:14:06 -0700] "GET /AssessmentBar/r/Unassessed_India_articles/ HTTP/1.1" 302 319 "http://en.wikipedia.org/wiki/Indian_general_election_in_Chhattisgarh,_2009" "Mozilla/5.0 (Windows NT 6.1) AppleWebKit/534.54.16 (KHTML, like Gecko) Version/5.1.4 Safari/534.54.16"
173.169.226.223 - - [18/Apr/2012:16:14:10 -0700] "GET /AssessmentBar/r/Unassessed_India_articles/ HTTP/1.1" 302 273 "http://en.wikipedia.org/wiki/Yadavindra_Public_School,_Mohali" "Mozilla/5.0 (Windows NT 6.1) AppleWebKit/534.54.16 (KHTML, like Gecko) Version/5.1.4 Safari/534.54.16"
173.169.226.223 - - [18/Apr/2012:16:14:17 -0700] "GET /AssessmentBar/r/Unassessed_India_articles/ HTTP/1.1" 302 283 "http://en.wikipedia.org/wiki/Sriti_Jha" "Mozilla/5.0 (Windows NT 6.1) AppleWebKit/534.54.16 (KHTML, like Gecko) Version/5.1.4 Safari/534.54.16"
173.169.226.223 - - [18/Apr/2012:16:14:26 -0700] "GET /AssessmentBar/r/Unassessed_India_articles/ HTTP/1.1" 302 267 "http://en.wikipedia.org/wiki/Ram_G._Takwale" "Mozilla/5.0 (Windows NT 6.1) AppleWebKit/534.54.16 (KHTML, like Gecko) Version/5.1.4 Safari/534.54.16"
173.169.226.223 - - [18/Apr/2012:16:14:29 -0700] "GET /AssessmentBar/r/Unassessed_India_articles/ HTTP/1.1" 302 289 "http://en.wikipedia.org/wiki/Madval" "Mozilla/5.0 (Windows NT 6.1) AppleWebKit/534.54.16 (KHTML, like Gecko) Version/5.1.4 Safari/534.54.16"
173.169.226.223 - - [18/Apr/2012:16:14:31 -0700] "GET /AssessmentBar/r/Unassessed_India_articles/ HTTP/1.1" 302 277 "http://en.wikipedia.org/wiki/Madhavrao_Scindia" "Mozilla/5.0 (Windows NT 6.1) AppleWebKit/534.54.16 (KHTML, like Gecko) Version/5.1.4 Safari/534.54.16"
173.169.226.223 - - [18/Apr/2012:16:15:04 -0700] "GET /AssessmentBar/r/Unassessed_India_articles/ HTTP/1.1" 302 299 "http://en.wikipedia.org/wiki/Sona_Masuri" "Mozilla/5.0 (Windows NT 6.1) AppleWebKit/534.54.16 (KHTML, like Gecko) Version/5.1.4 Safari/534.54.16"
173.169.226.223 - - [18/Apr/2012:16:15:23 -0700] "GET /AssessmentBar/r/Unassessed_India_articles/ HTTP/1.1" 302 275 "http://en.wikipedia.org/wiki/Trichur_Heart_Hospital" "Mozilla/5.0 (Windows NT 6.1) AppleWebKit/534.54.16 (KHTML, like Gecko) Version/5.1.4 Safari/534.54.16"
173.169.226.223 - - [18/Apr/2012:16:15:27 -0700] "GET /AssessmentBar/r/Unassessed_India_articles/ HTTP/1.1" 302 319 "http://en.wikipedia.org/wiki/BA_Systems" "Mozilla/5.0 (Windows NT 6.1) AppleWebKit/534.54.16 (KHTML, like Gecko) Version/5.1.4 Safari/534.54.16"
173.169.226.223 - - [18/Apr/2012:16:15:29 -0700] "GET /AssessmentBar/r/Unassessed_India_articles/ HTTP/1.1" 302 353 "http://en.wikipedia.org/wiki/Sri_Venkateswara_Zoological_Park" "Mozilla/5.0 (Windows NT 6.1) AppleWebKit/534.54.16 (KHTML, like Gecko) Version/5.1.4 Safari/534.54.16"
173.169.226.223 - - [18/Apr/2012:16:15:35 -0700] "GET /AssessmentBar/r/Unassessed_India_articles/ HTTP/1.1" 302 327 "http://en.wikipedia.org/wiki/Gateway_House:_Indian_Council_on_Global_Relations" "Mozilla/5.0 (Windows NT 6.1) AppleWebKit/534.54.16 (KHTML, like Gecko) Version/5.1.4 Safari/534.54.16"
173.169.226.223 - - [18/Apr/2012:16:15:38 -0700] "GET /AssessmentBar/r/Unassessed_India_articles/ HTTP/1.1" 302 303 "http://en.wikipedia.org/wiki/States_of_India_by_Kashmiri_speakers" "Mozilla/5.0 (Windows NT 6.1) AppleWebKit/534.54.16 (KHTML, like Gecko) Version/5.1.4 Safari/534.54.16"
173.169.226.223 - - [18/Apr/2012:16:15:43 -0700] "GET /AssessmentBar/r/Unassessed_India_articles/ HTTP/1.1" 302 309 "http://en.wikipedia.org/wiki/Bhai_Kahn_Singh_of_Nabha" "Mozilla/5.0 (Windows NT 6.1) AppleWebKit/534.54.16 (KHTML, like Gecko) Version/5.1.4 Safari/534.54.16"
173.169.226.223 - - [18/Apr/2012:16:15:50 -0700] "GET /AssessmentBar/r/Unassessed_India_articles/ HTTP/1.1" 302 281 "http://en.wikipedia.org/wiki/National_Highway_45_(India)" "Mozilla/5.0 (Windows NT 6.1) AppleWebKit/534.54.16 (KHTML, like Gecko) Version/5.1.4 Safari/534.54.16"
173.169.226.223 - - [18/Apr/2012:16:16:11 -0700] "GET /AssessmentBar/r/Unassessed_India_articles/ HTTP/1.1" 302 289 "http://en.wikipedia.org/wiki/Eric_Blankley" "Mozilla/5.0 (Windows NT 6.1) AppleWebKit/534.54.16 (KHTML, like Gecko) Version/5.1.4 Safari/534.54.16"
173.169.226.223 - - [18/Apr/2012:16:16:40 -0700] "GET /AssessmentBar/r/Unassessed_India_articles/ HTTP/1.1" 302 269 "http://en.wikipedia.org/wiki/Paul_Wilson_Brand" "Mozilla/5.0 (Windows NT 6.1) AppleWebKit/534.54.16 (KHTML, like Gecko) Version/5.1.4 Safari/534.54.16"
173.169.226.223 - - [18/Apr/2012:16:16:59 -0700] "GET /AssessmentBar/r/Unassessed_India_articles/ HTTP/1.1" 302 289 "http://en.wikipedia.org/wiki/Demchok" "Mozilla/5.0 (Windows NT 6.1) AppleWebKit/534.54.16 (KHTML, like Gecko) Version/5.1.4 Safari/534.54.16"
173.169.226.223 - - [18/Apr/2012:16:17:14 -0700] "GET /AssessmentBar/r/Unassessed_India_articles/ HTTP/1.1" 302 279 "http://en.wikipedia.org/wiki/Kisan_Credit_Card" "Mozilla/5.0 (Windows NT 6.1) AppleWebKit/534.54.16 (KHTML, like Gecko) Version/5.1.4 Safari/534.54.16"
173.169.226.223 - - [18/Apr/2012:16:17:18 -0700] "GET /AssessmentBar/r/Unassessed_India_articles/ HTTP/1.1" 302 281 "http://en.wikipedia.org/wiki/Bethuadahari" "Mozilla/5.0 (Windows NT 6.1) AppleWebKit/534.54.16 (KHTML, like Gecko) Version/5.1.4 Safari/534.54.16"
173.169.226.223 - - [18/Apr/2012:16:17:38 -0700] "GET /AssessmentBar/r/Unassessed_India_articles/ HTTP/1.1" 302 319 "http://en.wikipedia.org/wiki/Bole_So_Nihal" "Mozilla/5.0 (Windows NT 6.1) AppleWebKit/534.54.16 (KHTML, like Gecko) Version/5.1.4 Safari/534.54.16"
173.169.226.223 - - [18/Apr/2012:16:17:52 -0700] "GET /AssessmentBar/r/Unassessed_India_articles/ HTTP/1.1" 302 315 "http://en.wikipedia.org/wiki/Perunna_Subrahmanya_Swami_Temple" "Mozilla/5.0 (Windows NT 6.1) AppleWebKit/534.54.16 (KHTML, like Gecko) Version/5.1.4 Safari/534.54.16"
173.169.226.223 - - [18/Apr/2012:16:17:56 -0700] "GET /AssessmentBar/r/Unassessed_India_articles/ HTTP/1.1" 302 319 "http://en.wikipedia.org/wiki/Central_Council_of_Homoeopathy" "Mozilla/5.0 (Windows NT 6.1) AppleWebKit/534.54.16 (KHTML, like Gecko) Version/5.1.4 Safari/534.54.16"
173.169.226.223 - - [18/Apr/2012:16:18:47 -0700] "GET /AssessmentBar/r/Unassessed_India_articles/ HTTP/1.1" 302 279 "http://en.wikipedia.org/w/index.php?title=Talk:Roman_Catholic_Diocese_of_Quilon&action=edit" "Mozilla/5.0 (Windows NT 6.1) AppleWebKit/534.54.16 (KHTML, like Gecko) Version/5.1.4 Safari/534.54.16"
173.169.226.223 - - [18/Apr/2012:16:19:08 -0700] "GET /AssessmentBar/r/Unassessed_India_articles/ HTTP/1.1" 302 265 "http://en.wikipedia.org/wiki/Veeranjaneya" "Mozilla/5.0 (Windows NT 6.1) AppleWebKit/534.54.16 (KHTML, like Gecko) Version/5.1.4 Safari/534.54.16"
173.169.226.223 - - [18/Apr/2012:16:19:12 -0700] "GET /AssessmentBar/r/Unassessed_India_articles/ HTTP/1.1" 302 277 "http://en.wikipedia.org/wiki/Sarao" "Mozilla/5.0 (Windows NT 6.1) AppleWebKit/534.54.16 (KHTML, like Gecko) Version/5.1.4 Safari/534.54.16"
174.120.137.2 - - [18/Apr/2012:16:22:00 -0700] "HEAD /r/vz2 HTTP/1.1" 301 0 "http://www.giriblog.com" "Mozilla/4.0 (compatible; MSIE 7.0; Windows NT 5.1; .NET CLR 1.1.4322; .NET CLR 2.0.50727; .NET CLR 3.0.04506.30)"
174.120.137.2 - - [18/Apr/2012:16:22:01 -0700] "HEAD /s/ta/vz2/ HTTP/1.1" 302 0 "http://www.giriblog.com" "Mozilla/4.0 (compatible; MSIE 7.0; Windows NT 5.1; .NET CLR 1.1.4322; .NET CLR 2.0.50727; .NET CLR 3.0.04506.30)"
173.169.226.223 - - [18/Apr/2012:16:22:52 -0700] "GET /AssessmentBar/r/Unassessed_India_articles/ HTTP/1.1" 302 287 "http://en.wikipedia.org/wiki/Koyalagudem" "Mozilla/5.0 (Windows NT 6.1) AppleWebKit/534.54.16 (KHTML, like Gecko) Version/5.1.4 Safari/534.54.16"
173.169.226.223 - - [18/Apr/2012:16:22:59 -0700] "GET /AssessmentBar/r/Unassessed_India_articles/ HTTP/1.1" 302 333 "http://en.wikipedia.org/wiki/Saurya_Sanandiya" "Mozilla/5.0 (Windows NT 6.1) AppleWebKit/534.54.16 (KHTML, like Gecko) Version/5.1.4 Safari/534.54.16"
173.169.226.223 - - [18/Apr/2012:16:23:27 -0700] "GET /AssessmentBar/r/Unassessed_India_articles/ HTTP/1.1" 302 265 "http://en.wikipedia.org/w/index.php?title=Talk:Part_Three_of_the_Constitution_of_India&action=edit" "Mozilla/5.0 (Windows NT 6.1) AppleWebKit/534.54.16 (KHTML, like Gecko) Version/5.1.4 Safari/534.54.16"
173.169.226.223 - - [18/Apr/2012:16:23:30 -0700] "GET /AssessmentBar/r/Unassessed_India_articles/ HTTP/1.1" 302 295 "http://en.wikipedia.org/wiki/Kroni" "Mozilla/5.0 (Windows NT 6.1) AppleWebKit/534.54.16 (KHTML, like Gecko) Version/5.1.4 Safari/534.54.16"
173.169.226.223 - - [18/Apr/2012:16:23:34 -0700] "GET /AssessmentBar/r/Unassessed_India_articles/ HTTP/1.1" 302 271 "http://en.wikipedia.org/wiki/Vithal_Ramaji_Shinde" "Mozilla/5.0 (Windows NT 6.1) AppleWebKit/534.54.16 (KHTML, like Gecko) Version/5.1.4 Safari/534.54.16"
200.76.185.121 - - [18/Apr/2012:16:23:50 -0700] "GET /r/r83 HTTP/1.1" 301 255 "http://ta.wikipedia.org/wiki/%E0%AE%87%E0%AE%9F%E0%AF%8D%E0%AE%B2%E0%AE%B0%E0%AF%8D" "Mozilla/4.0 (compatible; MSIE 6.0; Windows NT 5.1; SV1; .NET CLR 1.1.4322; .NET CLR 2.0.50727; .NET CLR 3.0.04506.648; .NET CLR 3.5.21022; .NET CLR 3.0.4506.2152; .NET CLR 3.5.30729; .NET4.0C; .NET4.0E)"
200.76.185.121 - - [18/Apr/2012:16:23:50 -0700] "GET /s/ta/r83/ HTTP/1.1" 302 337 "http://ta.wikipedia.org/wiki/%E0%AE%87%E0%AE%9F%E0%AF%8D%E0%AE%B2%E0%AE%B0%E0%AF%8D" "Mozilla/4.0 (compatible; MSIE 6.0; Windows NT 5.1; SV1; .NET CLR 1.1.4322; .NET CLR 2.0.50727; .NET CLR 3.0.04506.648; .NET CLR 3.5.21022; .NET CLR 3.0.4506.2152; .NET CLR 3.5.30729; .NET4.0C; .NET4.0E)"
173.169.226.223 - - [18/Apr/2012:16:24:12 -0700] "GET /AssessmentBar/r/Unassessed_India_articles/ HTTP/1.1" 302 287 "http://en.wikipedia.org/wiki/Kottiyur" "Mozilla/5.0 (Windows NT 6.1) AppleWebKit/534.54.16 (KHTML, like Gecko) Version/5.1.4 Safari/534.54.16"
173.169.226.223 - - [18/Apr/2012:16:24:43 -0700] "GET /AssessmentBar/r/Unassessed_India_articles/ HTTP/1.1" 302 273 "http://en.wikipedia.org/wiki/Cinema_in_Jaipur" "Mozilla/5.0 (Windows NT 6.1) AppleWebKit/534.54.16 (KHTML, like Gecko) Version/5.1.4 Safari/534.54.16"
173.169.226.223 - - [18/Apr/2012:16:24:47 -0700] "GET /AssessmentBar/r/Unassessed_India_articles/ HTTP/1.1" 302 279 "http://en.wikipedia.org/wiki/Vetapalem" "Mozilla/5.0 (Windows NT 6.1) AppleWebKit/534.54.16 (KHTML, like Gecko) Version/5.1.4 Safari/534.54.16"
173.169.226.223 - - [18/Apr/2012:16:24:50 -0700] "GET /AssessmentBar/r/Unassessed_India_articles/ HTTP/1.1" 302 277 "http://en.wikipedia.org/wiki/E._V._Saroja" "Mozilla/5.0 (Windows NT 6.1) AppleWebKit/534.54.16 (KHTML, like Gecko) Version/5.1.4 Safari/534.54.16"
173.169.226.223 - - [18/Apr/2012:16:24:55 -0700] "GET /AssessmentBar/r/Unassessed_India_articles/ HTTP/1.1" 302 271 "http://en.wikipedia.org/wiki/Khanzadipur" "Mozilla/5.0 (Windows NT 6.1) AppleWebKit/534.54.16 (KHTML, like Gecko) Version/5.1.4 Safari/534.54.16"
85.17.88.169 - - [18/Apr/2012:16:25:05 -0700] "POST /blog/wp-cron.php?doing_wp_cron=1334791116 HTTP/1.0" 499 0 "-" "WordPress/3.3.1; http://yuvi.in/blog"
209.85.238.182 - - [18/Apr/2012:16:25:05 -0700] "GET /blog/feed HTTP/1.1" 301 0 "-" "Feedfetcher-Google; (+http://www.google.com/feedfetcher.html; 3 subscribers; feed-id=17684830852112633560)"
