157.55.112.201 - - [17/Apr/2012:11:34:39 -0700] "-" 400 0 "-" "-"
157.55.112.201 - - [17/Apr/2012:11:34:40 -0700] "-" 400 0 "-" "-"
157.55.112.201 - - [17/Apr/2012:11:34:40 -0700] "-" 400 0 "-" "-"
157.55.112.201 - - [17/Apr/2012:11:34:40 -0700] "-" 400 0 "-" "-"
59.92.76.147 - - [17/Apr/2012:11:34:41 -0700] "-" 400 0 "-" "-"
59.92.76.147 - - [17/Apr/2012:11:34:41 -0700] "-" 400 0 "-" "-"
59.92.76.147 - - [17/Apr/2012:11:34:41 -0700] "-" 400 0 "-" "-"
207.46.204.216 - - [17/Apr/2012:11:35:18 -0700] "-" 400 0 "-" "-"
194.230.159.65 - - [17/Apr/2012:11:35:26 -0700] "GET /r/1va HTTP/1.1" 301 255 "-" "Mozilla/5.0 (iPhone; U; CPU iPhone OS 4_3_3 like Mac OS X; en-us) AppleWebKit/533.17.9 (KHTML, like Gecko) Mobile/8J2"
85.17.88.169 - - [17/Apr/2012:11:36:36 -0700] "POST /blog/wp-cron.php?doing_wp_cron=1334687417 HTTP/1.0" 499 0 "-" "WordPress/3.3.1; http://yuvi.in/blog"
183.82.73.33 - - [17/Apr/2012:11:36:37 -0700] "GET /blog/feed/ HTTP/1.0" 304 0 "-" "FeedDemon/4.0 (http://www.feeddemon.com/; Microsoft Windows)"
85.17.88.169 - - [17/Apr/2012:11:37:15 -0700] "POST /blog/wp-cron.php?doing_wp_cron=1334687456 HTTP/1.0" 499 0 "-" "WordPress/3.3.1; http://yuvi.in/blog"
98.210.229.12 - - [17/Apr/2012:11:37:16 -0700] "GET /blog/non-ascii-characters-http-headers/ HTTP/1.1" 200 4853 "https://www.google.com/" "Mozilla/5.0 (Macintosh; Intel Mac OS X 10_7_3) AppleWebKit/535.19 (KHTML, like Gecko) Chrome/18.0.1025.163 Safari/535.19"
98.210.229.12 - - [17/Apr/2012:11:37:16 -0700] "GET /blog/wp-content/themes/cleanr/js/jquery.dropdown.js?ver=3.3.1 HTTP/1.1" 200 535 "http://yuvi.in/blog/non-ascii-characters-http-headers/" "Mozilla/5.0 (Macintosh; Intel Mac OS X 10_7_3) AppleWebKit/535.19 (KHTML, like Gecko) Chrome/18.0.1025.163 Safari/535.19"
98.210.229.12 - - [17/Apr/2012:11:37:16 -0700] "GET /blog/wp-content/themes/cleanr/style.css HTTP/1.1" 200 10508 "http://yuvi.in/blog/non-ascii-characters-http-headers/" "Mozilla/5.0 (Macintosh; Intel Mac OS X 10_7_3) AppleWebKit/535.19 (KHTML, like Gecko) Chrome/18.0.1025.163 Safari/535.19"
98.210.229.12 - - [17/Apr/2012:11:37:17 -0700] "GET /blog/wp-content/themes/cleanr/css/reset.css HTTP/1.1" 200 648 "http://yuvi.in/blog/non-ascii-characters-http-headers/" "Mozilla/5.0 (Macintosh; Intel Mac OS X 10_7_3) AppleWebKit/535.19 (KHTML, like Gecko) Chrome/18.0.1025.163 Safari/535.19"
98.210.229.12 - - [17/Apr/2012:11:37:17 -0700] "GET /blog/wp-content/themes/cleanr/css/text.css HTTP/1.1" 200 420 "http://yuvi.in/blog/non-ascii-characters-http-headers/" "Mozilla/5.0 (Macintosh; Intel Mac OS X 10_7_3) AppleWebKit/535.19 (KHTML, like Gecko) Chrome/18.0.1025.163 Safari/535.19"
98.210.229.12 - - [17/Apr/2012:11:37:17 -0700] "GET /blog/wp-content/themes/cleanr/css/960.css HTTP/1.1" 200 3628 "http://yuvi.in/blog/non-ascii-characters-http-headers/" "Mozilla/5.0 (Macintosh; Intel Mac OS X 10_7_3) AppleWebKit/535.19 (KHTML, like Gecko) Chrome/18.0.1025.163 Safari/535.19"
98.210.229.12 - - [17/Apr/2012:11:37:17 -0700] "GET /blog/wp-includes/js/jquery/jquery.js?ver=1.7.1 HTTP/1.1" 200 93889 "http://yuvi.in/blog/non-ascii-characters-http-headers/" "Mozilla/5.0 (Macintosh; Intel Mac OS X 10_7_3) AppleWebKit/535.19 (KHTML, like Gecko) Chrome/18.0.1025.163 Safari/535.19"
98.210.229.12 - - [17/Apr/2012:11:37:17 -0700] "GET /blog/wp-content/themes/cleanr/images/search_magnifier.gif HTTP/1.1" 200 394 "http://yuvi.in/blog/non-ascii-characters-http-headers/" "Mozilla/5.0 (Macintosh; Intel Mac OS X 10_7_3) AppleWebKit/535.19 (KHTML, like Gecko) Chrome/18.0.1025.163 Safari/535.19"
98.210.229.12 - - [17/Apr/2012:11:37:18 -0700] "GET /favicon.ico HTTP/1.1" 404 199 "-" "Mozilla/5.0 (Macintosh; Intel Mac OS X 10_7_3) AppleWebKit/535.19 (KHTML, like Gecko) Chrome/18.0.1025.163 Safari/535.19"
98.210.229.12 - - [17/Apr/2012:11:37:18 -0700] "GET /favicon.ico HTTP/1.1" 404 199 "-" "Mozilla/5.0 (Macintosh; Intel Mac OS X 10_7_3) AppleWebKit/535.19 (KHTML, like Gecko) Chrome/18.0.1025.163 Safari/535.19"
98.210.229.12 - - [17/Apr/2012:11:37:18 -0700] "GET /favicon.ico HTTP/1.1" 404 199 "-" "Mozilla/5.0 (Macintosh; Intel Mac OS X 10_7_3) AppleWebKit/535.19 (KHTML, like Gecko) Chrome/18.0.1025.163 Safari/535.19"
98.210.229.12 - - [17/Apr/2012:11:37:21 -0700] "GET /favicon.ico HTTP/1.1" 404 199 "-" "Mozilla/5.0 (Macintosh; Intel Mac OS X 10_7_3) AppleWebKit/535.19 (KHTML, like Gecko) Chrome/18.0.1025.163 Safari/535.19"
85.17.88.169 - - [17/Apr/2012:11:37:21 -0700] "POST /blog/wp-cron.php?doing_wp_cron=1334687462 HTTP/1.0" 499 0 "-" "WordPress/3.3.1; http://yuvi.in/blog"
98.210.229.12 - - [17/Apr/2012:11:37:21 -0700] "GET /blog/non-ascii-characters-http-headers/?cf_action=sync_comments&post_id=170 HTTP/1.1" 200 48 "http://yuvi.in/blog/non-ascii-characters-http-headers/" "Mozilla/5.0 (Macintosh; Intel Mac OS X 10_7_3) AppleWebKit/535.19 (KHTML, like Gecko) Chrome/18.0.1025.163 Safari/535.19"
209.85.224.86 - - [17/Apr/2012:11:37:48 -0700] "GET /stories/feed HTTP/1.1" 200 13653 "-" "FeedBurner/1.0 (http://www.FeedBurner.com)"
66.249.73.90 - - [17/Apr/2012:11:39:37 -0700] "GET /chennai/stage/2732/ HTTP/1.1" 404 142 "-" "Mozilla/5.0 (compatible; Googlebot/2.1; +http://www.google.com/bot.html)"
207.46.204.169 - - [17/Apr/2012:11:40:11 -0700] "-" 400 0 "-" "-"
207.46.204.169 - - [17/Apr/2012:11:40:11 -0700] "-" 400 0 "-" "-"
207.46.204.169 - - [17/Apr/2012:11:40:12 -0700] "-" 400 0 "-" "-"
207.46.204.169 - - [17/Apr/2012:11:40:18 -0700] "-" 400 0 "-" "-"
207.46.204.169 - - [17/Apr/2012:11:40:19 -0700] "-" 400 0 "-" "-"
207.46.204.169 - - [17/Apr/2012:11:40:20 -0700] "-" 400 0 "-" "-"
207.46.204.169 - - [17/Apr/2012:11:40:21 -0700] "-" 400 0 "-" "-"
207.46.204.169 - - [17/Apr/2012:11:40:21 -0700] "-" 400 0 "-" "-"
207.46.204.169 - - [17/Apr/2012:11:40:22 -0700] "-" 400 0 "-" "-"
207.46.204.169 - - [17/Apr/2012:11:40:22 -0700] "-" 400 0 "-" "-"
207.46.204.169 - - [17/Apr/2012:11:40:22 -0700] "-" 400 0 "-" "-"
207.46.204.169 - - [17/Apr/2012:11:40:22 -0700] "-" 400 0 "-" "-"
207.46.204.169 - - [17/Apr/2012:11:40:45 -0700] "-" 400 0 "-" "-"
115.242.159.41 - - [17/Apr/2012:11:40:50 -0700] "-" 400 0 "-" "-"
85.17.88.169 - - [17/Apr/2012:11:41:34 -0700] "POST /blog/wp-cron.php?doing_wp_cron=1334687715 HTTP/1.0" 499 0 "-" "WordPress/3.3.1; http://yuvi.in/blog"
209.85.238.182 - - [17/Apr/2012:11:41:35 -0700] "GET /blog/feed HTTP/1.1" 301 0 "-" "Feedfetcher-Google; (+http://www.google.com/feedfetcher.html; 3 subscribers; feed-id=17684830852112633560)"
85.17.88.169 - - [17/Apr/2012:11:41:37 -0700] "POST /blog/wp-cron.php?doing_wp_cron=1334687718 HTTP/1.0" 499 0 "-" "WordPress/3.3.1; http://yuvi.in/blog"
209.85.238.182 - - [17/Apr/2012:11:41:37 -0700] "GET /blog/feed/ HTTP/1.1" 304 0 "-" "Feedfetcher-Google; (+http://www.google.com/feedfetcher.html; 3 subscribers; feed-id=17684830852112633560)"
207.46.204.173 - - [17/Apr/2012:11:43:32 -0700] "-" 400 0 "-" "-"
207.46.204.173 - - [17/Apr/2012:11:43:32 -0700] "-" 400 0 "-" "-"
207.46.204.173 - - [17/Apr/2012:11:43:32 -0700] "-" 400 0 "-" "-"
207.46.204.173 - - [17/Apr/2012:11:43:34 -0700] "-" 400 0 "-" "-"
207.46.204.173 - - [17/Apr/2012:11:43:34 -0700] "-" 400 0 "-" "-"
207.46.204.173 - - [17/Apr/2012:11:43:35 -0700] "-" 400 0 "-" "-"
207.46.204.173 - - [17/Apr/2012:11:43:35 -0700] "-" 400 0 "-" "-"
207.46.204.173 - - [17/Apr/2012:11:43:36 -0700] "-" 400 0 "-" "-"
207.46.204.173 - - [17/Apr/2012:11:43:36 -0700] "-" 400 0 "-" "-"
207.46.204.173 - - [17/Apr/2012:11:43:37 -0700] "-" 400 0 "-" "-"
207.46.204.173 - - [17/Apr/2012:11:43:37 -0700] "-" 400 0 "-" "-"
207.46.204.173 - - [17/Apr/2012:11:43:37 -0700] "-" 400 0 "-" "-"
59.92.76.147 - - [17/Apr/2012:11:44:42 -0700] "-" 400 0 "-" "-"
59.92.76.147 - - [17/Apr/2012:11:44:42 -0700] "-" 400 0 "-" "-"
69.171.234.4 - - [17/Apr/2012:11:44:57 -0700] "GET /r/7bu HTTP/1.1" 301 255 "-" "facebookexternalhit/1.1 (+http://www.facebook.com/externalhit_uatext.php)"
69.171.234.6 - - [17/Apr/2012:11:44:57 -0700] "GET /s/ta/7bu/ HTTP/1.1" 302 337 "-" "facebookexternalhit/1.1 (+http://www.facebook.com/externalhit_uatext.php)"
66.249.73.23 - - [17/Apr/2012:11:45:13 -0700] "GET /r/2yyz HTTP/1.1" 301 257 "-" "Mozilla/5.0 (compatible; Googlebot/2.1; +http://www.google.com/bot.html)"
66.249.73.23 - - [17/Apr/2012:11:45:14 -0700] "GET /s/ta/2yyz/ HTTP/1.1" 302 517 "-" "Mozilla/5.0 (compatible; Googlebot/2.1; +http://www.google.com/bot.html)"
85.17.88.169 - - [17/Apr/2012:11:45:44 -0700] "POST /blog/wp-cron.php?doing_wp_cron=1334687965 HTTP/1.0" 499 0 "-" "WordPress/3.3.1; http://yuvi.in/blog"
183.178.85.181 - - [17/Apr/2012:11:45:45 -0700] "GET /blog/why-i-got-rid-of-my-fork-of-waffle/ HTTP/1.1" 200 16742 "-" "Mozilla/4.0 (compatible; MSIE 5.5; Windows NT)"
85.17.88.169 - - [17/Apr/2012:11:48:58 -0700] "POST /blog/wp-cron.php?doing_wp_cron=1334688158 HTTP/1.0" 499 0 "-" "WordPress/3.3.1; http://yuvi.in/blog"
209.85.224.94 - - [17/Apr/2012:11:48:58 -0700] "GET /blog/feed HTTP/1.1" 304 0 "-" "FeedBurner/1.0 (http://www.FeedBurner.com)"
124.125.240.61 - - [17/Apr/2012:11:50:36 -0700] "GET /r/262 HTTP/1.1" 301 255 "-" "Mozilla/5.0 (Windows NT 6.0) AppleWebKit/535.19 (KHTML, like Gecko) Chrome/18.0.1025.162 Safari/535.19"
124.125.240.61 - - [17/Apr/2012:11:50:37 -0700] "GET /s/ta/262/ HTTP/1.1" 302 543 "-" "Mozilla/5.0 (Windows NT 6.0) AppleWebKit/535.19 (KHTML, like Gecko) Chrome/18.0.1025.162 Safari/535.19"
66.249.73.90 - - [17/Apr/2012:11:50:49 -0700] "GET /chennai/stage/2733/ HTTP/1.1" 404 142 "-" "Mozilla/5.0 (compatible; Googlebot/2.1; +http://www.google.com/bot.html)"
124.125.240.61 - - [17/Apr/2012:11:50:52 -0700] "-" 400 0 "-" "-"
85.17.88.169 - - [17/Apr/2012:11:51:45 -0700] "POST /blog/wp-cron.php?doing_wp_cron=1334688326 HTTP/1.0" 499 0 "-" "WordPress/3.3.1; http://yuvi.in/blog"
220.181.108.115 - - [17/Apr/2012:11:51:46 -0700] "GET /blog/tag/yahoo/ HTTP/1.1" 200 4978 "-" "Mozilla/5.0 (compatible; Baiduspider/2.0; +http://www.baidu.com/search/spider.html)"
59.92.137.109 - - [17/Apr/2012:11:53:38 -0700] "GET /blog HTTP/1.1" 301 178 "http://36ohk6dgmcd1n-c.c.yom.mail.yahoo.net/om/api/1.0/openmail.app.invoke/36ohk6dgmcd1n/10/1.0.35/us/en-US/view.html/0#bn=1.0.35&.lang=en-US&.intl=us&rtl=0&proxyhost=us.mg1.mail.yahoo.com&sig=2e22325a147cdcef242bd2bb94e8bf0f&vid=om_default_view_id_36ohk6dgmcd1n-message_render_1334688377830&app=36ohk6dgmcd1n&mailver=neo&crumb=rivD3zaAJb7&cb=1334688377843" "Mozilla/5.0 (X11; Linux i686) AppleWebKit/535.11 (KHTML, like Gecko) Ubuntu/10.04 Chromium/17.0.963.79 Chrome/17.0.963.79 Safari/535.11"
85.17.88.169 - - [17/Apr/2012:11:53:40 -0700] "POST /blog/wp-cron.php?doing_wp_cron=1334688441 HTTP/1.0" 499 0 "-" "WordPress/3.3.1; http://yuvi.in/blog"
59.92.137.109 - - [17/Apr/2012:11:53:41 -0700] "GET /blog/ HTTP/1.1" 200 9195 "http://36ohk6dgmcd1n-c.c.yom.mail.yahoo.net/om/api/1.0/openmail.app.invoke/36ohk6dgmcd1n/10/1.0.35/us/en-US/view.html/0#bn=1.0.35&.lang=en-US&.intl=us&rtl=0&proxyhost=us.mg1.mail.yahoo.com&sig=2e22325a147cdcef242bd2bb94e8bf0f&vid=om_default_view_id_36ohk6dgmcd1n-message_render_1334688377830&app=36ohk6dgmcd1n&mailver=neo&crumb=rivD3zaAJb7&cb=1334688377843" "Mozilla/5.0 (X11; Linux i686) AppleWebKit/535.11 (KHTML, like Gecko) Ubuntu/10.04 Chromium/17.0.963.79 Chrome/17.0.963.79 Safari/535.11"
59.92.137.109 - - [17/Apr/2012:11:53:41 -0700] "GET /blog/wp-content/themes/cleanr/style.css HTTP/1.1" 200 10508 "http://yuvi.in/blog/" "Mozilla/5.0 (X11; Linux i686) AppleWebKit/535.11 (KHTML, like Gecko) Ubuntu/10.04 Chromium/17.0.963.79 Chrome/17.0.963.79 Safari/535.11"
59.92.137.109 - - [17/Apr/2012:11:53:42 -0700] "GET /blog/wp-content/themes/cleanr/js/jquery.dropdown.js?ver=3.3.1 HTTP/1.1" 200 535 "http://yuvi.in/blog/" "Mozilla/5.0 (X11; Linux i686) AppleWebKit/535.11 (KHTML, like Gecko) Ubuntu/10.04 Chromium/17.0.963.79 Chrome/17.0.963.79 Safari/535.11"
59.92.137.109 - - [17/Apr/2012:11:53:42 -0700] "GET /blog/wp-content/themes/cleanr/css/reset.css HTTP/1.1" 200 648 "http://yuvi.in/blog/" "Mozilla/5.0 (X11; Linux i686) AppleWebKit/535.11 (KHTML, like Gecko) Ubuntu/10.04 Chromium/17.0.963.79 Chrome/17.0.963.79 Safari/535.11"
59.92.137.109 - - [17/Apr/2012:11:53:42 -0700] "GET /blog/wp-content/themes/cleanr/css/text.css HTTP/1.1" 200 420 "http://yuvi.in/blog/" "Mozilla/5.0 (X11; Linux i686) AppleWebKit/535.11 (KHTML, like Gecko) Ubuntu/10.04 Chromium/17.0.963.79 Chrome/17.0.963.79 Safari/535.11"
59.92.137.109 - - [17/Apr/2012:11:53:42 -0700] "GET /blog/wp-content/themes/cleanr/css/960.css HTTP/1.1" 200 3628 "http://yuvi.in/blog/" "Mozilla/5.0 (X11; Linux i686) AppleWebKit/535.11 (KHTML, like Gecko) Ubuntu/10.04 Chromium/17.0.963.79 Chrome/17.0.963.79 Safari/535.11"
59.92.137.109 - - [17/Apr/2012:11:53:43 -0700] "GET /blog/wp-includes/js/jquery/jquery.js?ver=1.7.1 HTTP/1.1" 200 93889 "http://yuvi.in/blog/" "Mozilla/5.0 (X11; Linux i686) AppleWebKit/535.11 (KHTML, like Gecko) Ubuntu/10.04 Chromium/17.0.963.79 Chrome/17.0.963.79 Safari/535.11"
59.92.137.109 - - [17/Apr/2012:11:53:46 -0700] "GET /blog/wp-content/themes/cleanr/images/search_magnifier.gif HTTP/1.1" 200 394 "http://yuvi.in/blog/" "Mozilla/5.0 (X11; Linux i686) AppleWebKit/535.11 (KHTML, like Gecko) Ubuntu/10.04 Chromium/17.0.963.79 Chrome/17.0.963.79 Safari/535.11"
59.92.137.109 - - [17/Apr/2012:11:53:47 -0700] "GET /favicon.ico HTTP/1.1" 404 199 "-" "Mozilla/5.0 (X11; Linux i686) AppleWebKit/535.11 (KHTML, like Gecko) Ubuntu/10.04 Chromium/17.0.963.79 Chrome/17.0.963.79 Safari/535.11"
117.193.202.145 - - [17/Apr/2012:11:54:24 -0700] "-" 400 0 "-" "-"
23.20.130.133 - - [17/Apr/2012:11:54:44 -0700] "GET /robots.txt HTTP/1.1" 404 211 "-" "Mozilla/5.0 (Macintosh; U; Intel Mac OS X 10.6; en-US; rv:1.9.2) Gecko/20100115 Firefox/3.6 (FlipboardProxy/1.1; +http://flipboard.com/browserproxy)"
23.20.130.133 - - [17/Apr/2012:11:54:44 -0700] "GET /r/1txa HTTP/1.1" 301 257 "-" "Mozilla/5.0 (Macintosh; U; Intel Mac OS X 10.6; en-US; rv:1.9.2) Gecko/20100115 Firefox/3.6 (FlipboardProxy/1.1; +http://flipboard.com/browserproxy)"
23.20.130.133 - - [17/Apr/2012:11:54:44 -0700] "GET /s/ta/1txa/ HTTP/1.1" 302 413 "-" "Mozilla/5.0 (Macintosh; U; Intel Mac OS X 10.6; en-US; rv:1.9.2) Gecko/20100115 Firefox/3.6 (FlipboardProxy/1.1; +http://flipboard.com/browserproxy)"
66.249.73.90 - - [17/Apr/2012:11:56:29 -0700] "GET /chennai/stage/2734/ HTTP/1.1" 404 142 "-" "Mozilla/5.0 (compatible; Googlebot/2.1; +http://www.google.com/bot.html)"
208.115.113.84 - - [17/Apr/2012:11:57:21 -0700] "GET /robots.txt HTTP/1.1" 404 169 "-" "Mozilla/5.0 (compatible; Ezooms/1.0; ezooms.bot@gmail.com)"
207.46.193.39 - - [17/Apr/2012:11:57:26 -0700] "-" 400 0 "-" "-"
207.46.193.39 - - [17/Apr/2012:11:57:28 -0700] "-" 400 0 "-" "-"
207.46.193.39 - - [17/Apr/2012:11:57:29 -0700] "-" 400 0 "-" "-"
207.46.193.39 - - [17/Apr/2012:11:57:29 -0700] "-" 400 0 "-" "-"
207.46.193.39 - - [17/Apr/2012:11:57:29 -0700] "-" 400 0 "-" "-"
207.46.193.39 - - [17/Apr/2012:11:57:31 -0700] "-" 400 0 "-" "-"
207.46.193.39 - - [17/Apr/2012:11:57:33 -0700] "-" 400 0 "-" "-"
207.46.193.39 - - [17/Apr/2012:11:57:34 -0700] "-" 400 0 "-" "-"
207.46.193.39 - - [17/Apr/2012:11:57:34 -0700] "-" 400 0 "-" "-"
207.46.193.39 - - [17/Apr/2012:11:57:58 -0700] "-" 400 0 "-" "-"
207.46.193.39 - - [17/Apr/2012:11:57:58 -0700] "-" 400 0 "-" "-"
65.52.109.72 - - [17/Apr/2012:11:58:07 -0700] "GET /robots.txt HTTP/1.1" 404 238 "-" "Mozilla/5.0 (compatible; bingbot/2.0; +http://www.bing.com/bingbot.htm)"
207.46.204.163 - - [17/Apr/2012:11:58:33 -0700] "-" 400 0 "-" "-"
207.46.204.163 - - [17/Apr/2012:11:58:33 -0700] "-" 400 0 "-" "-"
207.46.204.163 - - [17/Apr/2012:11:58:33 -0700] "-" 400 0 "-" "-"
207.46.204.163 - - [17/Apr/2012:11:58:33 -0700] "-" 400 0 "-" "-"
207.46.204.163 - - [17/Apr/2012:11:58:33 -0700] "-" 400 0 "-" "-"
207.46.204.163 - - [17/Apr/2012:11:58:33 -0700] "-" 400 0 "-" "-"
207.46.204.163 - - [17/Apr/2012:11:58:33 -0700] "-" 400 0 "-" "-"
207.46.204.163 - - [17/Apr/2012:11:58:33 -0700] "-" 400 0 "-" "-"
207.46.204.163 - - [17/Apr/2012:11:58:33 -0700] "-" 400 0 "-" "-"
207.46.204.163 - - [17/Apr/2012:11:58:34 -0700] "-" 400 0 "-" "-"
207.46.204.163 - - [17/Apr/2012:11:58:34 -0700] "-" 400 0 "-" "-"
207.46.204.163 - - [17/Apr/2012:11:58:34 -0700] "-" 400 0 "-" "-"
117.193.202.145 - - [17/Apr/2012:11:59:04 -0700] "-" 400 0 "-" "-"
207.46.204.163 - - [17/Apr/2012:11:59:21 -0700] "-" 400 0 "-" "-"
66.249.73.90 - - [17/Apr/2012:12:02:01 -0700] "GET /chennai/stage/2735/ HTTP/1.1" 404 142 "-" "Mozilla/5.0 (compatible; Googlebot/2.1; +http://www.google.com/bot.html)"
69.171.234.6 - - [17/Apr/2012:12:02:13 -0700] "GET /r/33y0 HTTP/1.1" 301 257 "-" "facebookexternalhit/1.1 (+http://www.facebook.com/externalhit_uatext.php)"
69.171.234.4 - - [17/Apr/2012:12:02:13 -0700] "GET /s/ta/33y0/ HTTP/1.1" 302 609 "-" "facebookexternalhit/1.1 (+http://www.facebook.com/externalhit_uatext.php)"
65.52.109.72 - - [17/Apr/2012:12:03:56 -0700] "GET /r/1nmq HTTP/1.1" 301 257 "-" "Mozilla/5.0 (compatible; bingbot/2.0; +http://www.bing.com/bingbot.htm)"
119.63.196.60 - - [17/Apr/2012:12:05:04 -0700] "GET / HTTP/1.1" 404 211 "-" "Mozilla/5.0 (compatible; Baiduspider/2.0; +http://www.baidu.com/search/spider.html)"
66.249.73.90 - - [17/Apr/2012:12:07:38 -0700] "GET /chennai/stage/2757/ HTTP/1.1" 404 142 "-" "Mozilla/5.0 (compatible; Googlebot/2.1; +http://www.google.com/bot.html)"
66.249.73.219 - - [17/Apr/2012:12:11:58 -0700] "GET /robots.txt HTTP/1.1" 404 142 "-" "Mozilla/5.0 (compatible; Googlebot/2.1; +http://www.google.com/bot.html)"
85.17.88.169 - - [17/Apr/2012:12:12:01 -0700] "POST /blog/wp-cron.php?doing_wp_cron=1334689541 HTTP/1.0" 499 0 "-" "WordPress/3.3.1; http://yuvi.in/blog"
66.249.73.219 - - [17/Apr/2012:12:12:01 -0700] "GET /blog/theMarianStar/Darius.pdf HTTP/1.1" 404 3016 "-" "Googlebot/2.1 (+http://www.google.com/bot.html)"
85.17.88.169 - - [17/Apr/2012:12:12:29 -0700] "POST /blog/wp-cron.php?doing_wp_cron=1334689569 HTTP/1.0" 499 0 "-" "WordPress/3.3.1; http://yuvi.in/blog"
183.82.73.33 - - [17/Apr/2012:12:12:30 -0700] "GET /blog/feed/ HTTP/1.0" 304 0 "-" "FeedDemon/4.0 (http://www.feeddemon.com/; Microsoft Windows)"
85.17.88.169 - - [17/Apr/2012:12:13:13 -0700] "POST /blog/wp-cron.php?doing_wp_cron=1334689614 HTTP/1.0" 499 0 "-" "WordPress/3.3.1; http://yuvi.in/blog"
66.249.73.90 - - [17/Apr/2012:12:13:14 -0700] "GET /chennai/stage/2747/ HTTP/1.1" 404 142 "-" "Mozilla/5.0 (compatible; Googlebot/2.1; +http://www.google.com/bot.html)"
220.181.108.180 - - [17/Apr/2012:12:13:14 -0700] "GET /blog/tag/sick/ HTTP/1.1" 200 4047 "-" "Mozilla/5.0 (compatible; Baiduspider/2.0; +http://www.baidu.com/search/spider.html)"
157.55.112.200 - - [17/Apr/2012:12:13:29 -0700] "-" 400 0 "-" "-"
157.55.112.200 - - [17/Apr/2012:12:13:29 -0700] "-" 400 0 "-" "-"
157.55.112.200 - - [17/Apr/2012:12:13:32 -0700] "-" 400 0 "-" "-"
157.55.112.200 - - [17/Apr/2012:12:13:32 -0700] "-" 400 0 "-" "-"
157.55.112.200 - - [17/Apr/2012:12:13:33 -0700] "-" 400 0 "-" "-"
157.55.112.200 - - [17/Apr/2012:12:13:33 -0700] "-" 400 0 "-" "-"
157.55.112.200 - - [17/Apr/2012:12:13:34 -0700] "-" 400 0 "-" "-"
157.55.112.200 - - [17/Apr/2012:12:13:36 -0700] "-" 400 0 "-" "-"
157.55.112.200 - - [17/Apr/2012:12:13:36 -0700] "-" 400 0 "-" "-"
157.55.112.200 - - [17/Apr/2012:12:13:36 -0700] "-" 400 0 "-" "-"
65.52.111.237 - - [17/Apr/2012:12:16:20 -0700] "-" 400 0 "-" "-"
65.52.111.237 - - [17/Apr/2012:12:16:20 -0700] "-" 400 0 "-" "-"
65.52.111.237 - - [17/Apr/2012:12:16:20 -0700] "-" 400 0 "-" "-"
65.52.111.237 - - [17/Apr/2012:12:16:22 -0700] "-" 400 0 "-" "-"
65.52.111.237 - - [17/Apr/2012:12:16:23 -0700] "-" 400 0 "-" "-"
65.52.111.237 - - [17/Apr/2012:12:16:23 -0700] "-" 400 0 "-" "-"
65.52.111.237 - - [17/Apr/2012:12:16:23 -0700] "-" 400 0 "-" "-"
65.52.111.237 - - [17/Apr/2012:12:16:25 -0700] "-" 400 0 "-" "-"
65.52.111.237 - - [17/Apr/2012:12:16:26 -0700] "-" 400 0 "-" "-"
65.52.111.237 - - [17/Apr/2012:12:16:26 -0700] "-" 400 0 "-" "-"
65.52.111.237 - - [17/Apr/2012:12:16:28 -0700] "-" 400 0 "-" "-"
65.52.111.237 - - [17/Apr/2012:12:16:28 -0700] "-" 400 0 "-" "-"
66.249.73.90 - - [17/Apr/2012:12:18:51 -0700] "GET /chennai/stage/2750/ HTTP/1.1" 404 142 "-" "Mozilla/5.0 (compatible; Googlebot/2.1; +http://www.google.com/bot.html)"
85.17.88.169 - - [17/Apr/2012:12:19:07 -0700] "POST /blog/wp-cron.php?doing_wp_cron=1334689968 HTTP/1.0" 499 0 "-" "WordPress/3.3.1; http://yuvi.in/blog"
209.85.224.99 - - [17/Apr/2012:12:19:08 -0700] "GET /blog/feed HTTP/1.1" 304 0 "-" "FeedBurner/1.0 (http://www.FeedBurner.com)"
85.17.88.169 - - [17/Apr/2012:12:23:34 -0700] "POST /blog/wp-cron.php?doing_wp_cron=1334690234 HTTP/1.0" 499 0 "-" "WordPress/3.3.1; http://yuvi.in/blog"
209.85.238.182 - - [17/Apr/2012:12:23:34 -0700] "GET /blog/feed/ HTTP/1.1" 304 0 "-" "Feedfetcher-Google; (+http://www.google.com/feedfetcher.html; 19 subscribers; feed-id=15064232456473204253)"
74.82.175.212 - - [17/Apr/2012:12:23:46 -0700] "GET /robots.txt HTTP/1.0" 404 169 "-" "mozilla/5.0 (larbin2.6.3@unspecified.mail)"
74.82.175.212 - - [17/Apr/2012:12:23:47 -0700] "GET /blog/ HTTP/1.0" 200 33162 "-" "mozilla/5.0 larbin2.6.3@unspecified.mail"
66.249.73.90 - - [17/Apr/2012:12:24:25 -0700] "GET /chennai/stage/2746/ HTTP/1.1" 404 142 "-" "Mozilla/5.0 (compatible; Googlebot/2.1; +http://www.google.com/bot.html)"
207.46.204.213 - - [17/Apr/2012:12:25:04 -0700] "-" 400 0 "-" "-"
207.46.204.213 - - [17/Apr/2012:12:25:04 -0700] "-" 400 0 "-" "-"
207.46.204.213 - - [17/Apr/2012:12:25:04 -0700] "-" 400 0 "-" "-"
207.46.204.213 - - [17/Apr/2012:12:25:04 -0700] "-" 400 0 "-" "-"
207.46.204.213 - - [17/Apr/2012:12:25:05 -0700] "-" 400 0 "-" "-"
207.46.204.213 - - [17/Apr/2012:12:25:05 -0700] "-" 400 0 "-" "-"
207.46.204.213 - - [17/Apr/2012:12:25:05 -0700] "-" 400 0 "-" "-"
207.46.204.213 - - [17/Apr/2012:12:25:05 -0700] "-" 400 0 "-" "-"
207.46.204.213 - - [17/Apr/2012:12:25:05 -0700] "-" 400 0 "-" "-"
207.46.204.213 - - [17/Apr/2012:12:25:05 -0700] "-" 400 0 "-" "-"
207.46.204.213 - - [17/Apr/2012:12:25:05 -0700] "-" 400 0 "-" "-"
207.46.204.213 - - [17/Apr/2012:12:25:05 -0700] "-" 400 0 "-" "-"
122.165.82.114 - - [17/Apr/2012:12:26:12 -0700] "-" 400 0 "-" "-"
100.43.83.144 - - [17/Apr/2012:12:28:41 -0700] "GET /blog/ HTTP/1.1" 200 9195 "-" "Mozilla/5.0 (compatible; YandexBot/3.0; +http://yandex.com/bots)"
69.171.234.4 - - [17/Apr/2012:12:28:42 -0700] "GET /r/1nvz HTTP/1.1" 301 257 "-" "facebookexternalhit/1.1 (+http://www.facebook.com/externalhit_uatext.php)"
69.171.234.3 - - [17/Apr/2012:12:28:43 -0700] "GET /s/ta/1nvz/ HTTP/1.1" 302 365 "-" "facebookexternalhit/1.1 (+http://www.facebook.com/externalhit_uatext.php)"
74.125.18.144 - - [17/Apr/2012:12:29:11 -0700] "GET /favicon.ico HTTP/1.1" 404 142 "-" "-"
66.249.73.90 - - [17/Apr/2012:12:30:03 -0700] "GET /chennai/stage/2760/ HTTP/1.1" 404 142 "-" "Mozilla/5.0 (compatible; Googlebot/2.1; +http://www.google.com/bot.html)"
122.165.82.114 - - [17/Apr/2012:12:32:53 -0700] "-" 400 0 "-" "-"
122.165.82.114 - - [17/Apr/2012:12:33:23 -0700] "-" 400 0 "-" "-"
122.165.82.114 - - [17/Apr/2012:12:33:35 -0700] "-" 400 0 "-" "-"
85.17.88.169 - - [17/Apr/2012:12:34:47 -0700] "POST /blog/wp-cron.php?doing_wp_cron=1334690907 HTTP/1.0" 499 0 "-" "WordPress/3.3.1; http://yuvi.in/blog"
220.181.108.184 - - [17/Apr/2012:12:34:48 -0700] "GET /blog/tag/review/ HTTP/1.1" 200 7728 "-" "Mozilla/5.0 (compatible; Baiduspider/2.0; +http://www.baidu.com/search/spider.html)"
66.249.73.90 - - [17/Apr/2012:12:35:40 -0700] "GET /chennai/stage/2762/ HTTP/1.1" 404 142 "-" "Mozilla/5.0 (compatible; Googlebot/2.1; +http://www.google.com/bot.html)"
209.85.224.86 - - [17/Apr/2012:12:37:53 -0700] "GET /stories/feed HTTP/1.1" 200 13653 "-" "FeedBurner/1.0 (http://www.FeedBurner.com)"
85.17.88.169 - - [17/Apr/2012:12:37:54 -0700] "POST /blog/wp-cron.php?doing_wp_cron=1334691094 HTTP/1.0" 499 0 "-" "WordPress/3.3.1; http://yuvi.in/blog"
66.135.57.47 - - [17/Apr/2012:12:37:55 -0700] "GET /blog/my-vimrc/ HTTP/1.0" 200 16009 "-" "Mozilla/5.0 (Windows; U; Windows NT 5.1; rv:1.7.3) Gecko/20041001 Firefox/0.10.1"
85.17.88.169 - - [17/Apr/2012:12:37:57 -0700] "POST /blog/wp-cron.php?doing_wp_cron=1334691098 HTTP/1.0" 499 0 "-" "WordPress/3.3.1; http://yuvi.in/blog"
66.135.57.47 - - [17/Apr/2012:12:37:58 -0700] "GET /blog/college-drop/ HTTP/1.0" 200 18395 "-" "Mozilla/5.0 (Windows; U; Windows NT 5.1; rv:1.7.3) Gecko/20041001 Firefox/0.10.1"
85.17.88.169 - - [17/Apr/2012:12:38:01 -0700] "POST /blog/wp-cron.php?doing_wp_cron=1334691101 HTTP/1.0" 499 0 "-" "WordPress/3.3.1; http://yuvi.in/blog"
66.135.57.47 - - [17/Apr/2012:12:38:01 -0700] "GET /blog/passing-headers-proxying-nginx/ HTTP/1.0" 200 16690 "-" "Mozilla/5.0 (Windows; U; Windows NT 5.1; rv:1.7.3) Gecko/20041001 Firefox/0.10.1"
85.17.88.169 - - [17/Apr/2012:12:38:04 -0700] "POST /blog/wp-cron.php?doing_wp_cron=1334691105 HTTP/1.0" 499 0 "-" "WordPress/3.3.1; http://yuvi.in/blog"
66.135.57.47 - - [17/Apr/2012:12:38:05 -0700] "GET /blog/program/ HTTP/1.0" 200 27214 "-" "Mozilla/5.0 (Windows; U; Windows NT 5.1; rv:1.7.3) Gecko/20041001 Firefox/0.10.1"
85.17.88.169 - - [17/Apr/2012:12:38:07 -0700] "POST /blog/wp-cron.php?doing_wp_cron=1334691108 HTTP/1.0" 499 0 "-" "WordPress/3.3.1; http://yuvi.in/blog"
66.135.57.47 - - [17/Apr/2012:12:38:08 -0700] "GET /blog/devlog-december-26-2011/ HTTP/1.0" 200 16694 "-" "Mozilla/5.0 (Windows; U; Windows NT 5.1; rv:1.7.3) Gecko/20041001 Firefox/0.10.1"
85.17.88.169 - - [17/Apr/2012:12:38:11 -0700] "POST /blog/wp-cron.php?doing_wp_cron=1334691111 HTTP/1.0" 499 0 "-" "WordPress/3.3.1; http://yuvi.in/blog"
66.135.57.47 - - [17/Apr/2012:12:38:11 -0700] "GET /blog/devlog-december-23-2011/ HTTP/1.0" 200 16517 "-" "Mozilla/5.0 (Windows; U; Windows NT 5.1; rv:1.7.3) Gecko/20041001 Firefox/0.10.1"
85.17.88.169 - - [17/Apr/2012:12:38:14 -0700] "POST /blog/wp-cron.php?doing_wp_cron=1334691115 HTTP/1.0" 499 0 "-" "WordPress/3.3.1; http://yuvi.in/blog"
66.135.57.47 - - [17/Apr/2012:12:38:15 -0700] "GET /blog/devlog-december-21-2011/ HTTP/1.0" 200 17121 "-" "Mozilla/5.0 (Windows; U; Windows NT 5.1; rv:1.7.3) Gecko/20041001 Firefox/0.10.1"
85.17.88.169 - - [17/Apr/2012:12:38:17 -0700] "POST /blog/wp-cron.php?doing_wp_cron=1334691118 HTTP/1.0" 499 0 "-" "WordPress/3.3.1; http://yuvi.in/blog"
66.135.57.47 - - [17/Apr/2012:12:38:18 -0700] "GET /blog/devlog-december-11-2011/ HTTP/1.0" 200 16592 "-" "Mozilla/5.0 (Windows; U; Windows NT 5.1; rv:1.7.3) Gecko/20041001 Firefox/0.10.1"
85.17.88.169 - - [17/Apr/2012:12:38:21 -0700] "POST /blog/wp-cron.php?doing_wp_cron=1334691121 HTTP/1.0" 499 0 "-" "WordPress/3.3.1; http://yuvi.in/blog"
66.135.57.47 - - [17/Apr/2012:12:38:21 -0700] "GET /blog/devlog-december-10-2011/ HTTP/1.0" 200 16387 "-" "Mozilla/5.0 (Windows; U; Windows NT 5.1; rv:1.7.3) Gecko/20041001 Firefox/0.10.1"
85.17.88.169 - - [17/Apr/2012:12:38:24 -0700] "POST /blog/wp-cron.php?doing_wp_cron=1334691125 HTTP/1.0" 499 0 "-" "WordPress/3.3.1; http://yuvi.in/blog"
66.135.57.47 - - [17/Apr/2012:12:38:25 -0700] "GET /blog/devlog-december-7-2011/ HTTP/1.0" 200 16833 "-" "Mozilla/5.0 (Windows; U; Windows NT 5.1; rv:1.7.3) Gecko/20041001 Firefox/0.10.1"
66.249.73.90 - - [17/Apr/2012:12:41:16 -0700] "GET /chennai/stage/2767/ HTTP/1.1" 404 142 "-" "Mozilla/5.0 (compatible; Googlebot/2.1; +http://www.google.com/bot.html)"
85.17.88.169 - - [17/Apr/2012:12:42:42 -0700] "POST /blog/wp-cron.php?doing_wp_cron=1334691383 HTTP/1.0" 499 0 "-" "WordPress/3.3.1; http://yuvi.in/blog"
23.20.139.79 - - [17/Apr/2012:12:42:43 -0700] "GET /blog/3-reasons-people-join-it-companies/ HTTP/1.1" 200 5065 "-" "Mozilla/5.0 (Macintosh; U; Intel Mac OS X 10.6; en-US; rv:1.9.2) Gecko/20100115 Firefox/3.6 (FlipboardProxy/1.1; +http://flipboard.com/browserproxy)"
85.17.88.169 - - [17/Apr/2012:12:42:44 -0700] "POST /blog/wp-cron.php?doing_wp_cron=1334691384 HTTP/1.0" 499 0 "-" "WordPress/3.3.1; http://yuvi.in/blog"
85.17.88.169 - - [17/Apr/2012:12:42:44 -0700] "POST /blog/wp-cron.php?doing_wp_cron=1334691384 HTTP/1.0" 499 0 "-" "WordPress/3.3.1; http://yuvi.in/blog"
174.129.174.142 - - [17/Apr/2012:12:42:44 -0700] "GET /blog/belated-samsung-galaxy-3-review/ HTTP/1.1" 200 6120 "-" "Mozilla/5.0 (Macintosh; U; Intel Mac OS X 10.6; en-US; rv:1.9.2) Gecko/20100115 Firefox/3.6 (FlipboardProxy/1.1; +http://flipboard.com/browserproxy)"
23.20.19.139 - - [17/Apr/2012:12:42:44 -0700] "GET /blog/infosys-tcs-or-wipro-none/ HTTP/1.1" 200 7088 "-" "Mozilla/5.0 (Macintosh; U; Intel Mac OS X 10.6; en-US; rv:1.9.2) Gecko/20100115 Firefox/3.6 (FlipboardProxy/1.1; +http://flipboard.com/browserproxy)"
209.191.87.219 - - [17/Apr/2012:12:43:14 -0700] "GET /r/33zx HTTP/1.0" 404 571 "-" "Mozilla/4.0 (compatible; MSIE 6.0; Windows NT 5.1)"
209.191.87.219 - - [17/Apr/2012:12:43:42 -0700] "GET /r/33zx HTTP/1.0" 404 571 "-" "Mozilla/4.0 (compatible; MSIE 6.0; Windows NT 5.1)"
85.17.88.169 - - [17/Apr/2012:12:45:22 -0700] "POST /blog/wp-cron.php?doing_wp_cron=1334691542 HTTP/1.0" 499 0 "-" "WordPress/3.3.1; http://yuvi.in/blog"
101.226.33.189 - - [17/Apr/2012:12:45:22 -0700] "GET /blog/feed HTTP/1.0" 304 0 "-" "Mozilla/4.0 (compatible; Windows;)"
85.17.88.169 - - [17/Apr/2012:12:46:35 -0700] "POST /blog/wp-cron.php?doing_wp_cron=1334691615 HTTP/1.0" 499 0 "-" "WordPress/3.3.1; http://yuvi.in/blog"
209.85.238.182 - - [17/Apr/2012:12:46:35 -0700] "GET /blog/feed HTTP/1.1" 301 0 "-" "Feedfetcher-Google; (+http://www.google.com/feedfetcher.html; 3 subscribers; feed-id=17684830852112633560)"
85.17.88.169 - - [17/Apr/2012:12:46:37 -0700] "POST /blog/wp-cron.php?doing_wp_cron=1334691617 HTTP/1.0" 499 0 "-" "WordPress/3.3.1; http://yuvi.in/blog"
209.85.238.182 - - [17/Apr/2012:12:46:38 -0700] "GET /blog/feed/ HTTP/1.1" 304 0 "-" "Feedfetcher-Google; (+http://www.google.com/feedfetcher.html; 3 subscribers; feed-id=17684830852112633560)"
66.249.73.90 - - [17/Apr/2012:12:46:52 -0700] "GET /chennai/stage/2766/ HTTP/1.1" 404 142 "-" "Mozilla/5.0 (compatible; Googlebot/2.1; +http://www.google.com/bot.html)"
85.17.88.169 - - [17/Apr/2012:12:49:21 -0700] "POST /blog/wp-cron.php?doing_wp_cron=1334691782 HTTP/1.0" 499 0 "-" "WordPress/3.3.1; http://yuvi.in/blog"
209.85.224.85 - - [17/Apr/2012:12:49:22 -0700] "GET /blog/feed HTTP/1.1" 304 0 "-" "FeedBurner/1.0 (http://www.FeedBurner.com)"
66.249.73.90 - - [17/Apr/2012:12:52:29 -0700] "GET /chennai/stage/2765/ HTTP/1.1" 404 142 "-" "Mozilla/5.0 (compatible; Googlebot/2.1; +http://www.google.com/bot.html)"
85.17.88.169 - - [17/Apr/2012:12:54:19 -0700] "POST /blog/wp-cron.php?doing_wp_cron=1334692080 HTTP/1.0" 499 0 "-" "WordPress/3.3.1; http://yuvi.in/blog"
220.181.108.99 - - [17/Apr/2012:12:54:20 -0700] "GET /blog/tag/reddit/ HTTP/1.1" 200 9226 "-" "Mozilla/5.0 (compatible; Baiduspider/2.0; +http://www.baidu.com/search/spider.html)"
109.86.192.200 - - [17/Apr/2012:12:55:26 -0700] "GET /robots.txt HTTP/1.0" 404 169 "-" "Mozilla/5.0 (compatible; MJ12bot/v1.4.2; http://www.majestic12.co.uk/bot.php?+)"
85.17.88.169 - - [17/Apr/2012:12:55:29 -0700] "POST /blog/wp-cron.php?doing_wp_cron=1334692150 HTTP/1.0" 499 0 "-" "WordPress/3.3.1; http://yuvi.in/blog"
109.86.192.200 - - [17/Apr/2012:12:55:30 -0700] "GET /blog/interview-sriram-krishnan-5-years-old HTTP/1.0" 301 0 "-" "Mozilla/5.0 (compatible; MJ12bot/v1.4.2; http://www.majestic12.co.uk/bot.php?+)"
85.17.88.169 - - [17/Apr/2012:12:55:35 -0700] "POST /blog/wp-cron.php?doing_wp_cron=1334692155 HTTP/1.0" 499 0 "-" "WordPress/3.3.1; http://yuvi.in/blog"
109.86.192.200 - - [17/Apr/2012:12:55:36 -0700] "GET /blog/interview-sriram-krishnan-5-years-old/ HTTP/1.0" 200 49552 "-" "Mozilla/5.0 (compatible; MJ12bot/v1.4.2; http://www.majestic12.co.uk/bot.php?+)"
85.17.88.169 - - [17/Apr/2012:12:55:42 -0700] "POST /blog/wp-cron.php?doing_wp_cron=1334692162 HTTP/1.0" 499 0 "-" "WordPress/3.3.1; http://yuvi.in/blog"
109.86.192.200 - - [17/Apr/2012:12:55:43 -0700] "GET /blog/my-vim-setup HTTP/1.0" 301 0 "-" "Mozilla/5.0 (compatible; MJ12bot/v1.4.2; http://www.majestic12.co.uk/bot.php?+)"
85.17.88.169 - - [17/Apr/2012:12:55:46 -0700] "POST /blog/wp-cron.php?doing_wp_cron=1334692166 HTTP/1.0" 499 0 "-" "WordPress/3.3.1; http://yuvi.in/blog"
109.86.192.200 - - [17/Apr/2012:12:55:47 -0700] "GET /blog/my-vim-setup/ HTTP/1.0" 200 24186 "-" "Mozilla/5.0 (compatible; MJ12bot/v1.4.2; http://www.majestic12.co.uk/bot.php?+)"
85.17.88.169 - - [17/Apr/2012:12:55:50 -0700] "POST /blog/wp-cron.php?doing_wp_cron=1334692171 HTTP/1.0" 499 0 "-" "WordPress/3.3.1; http://yuvi.in/blog"
109.86.192.200 - - [17/Apr/2012:12:55:51 -0700] "GET /blog/the-fridge-at-interviewstreet-office HTTP/1.0" 301 0 "-" "Mozilla/5.0 (compatible; MJ12bot/v1.4.2; http://www.majestic12.co.uk/bot.php?+)"
85.17.88.169 - - [17/Apr/2012:12:55:54 -0700] "POST /blog/wp-cron.php?doing_wp_cron=1334692175 HTTP/1.0" 499 0 "-" "WordPress/3.3.1; http://yuvi.in/blog"
109.86.192.200 - - [17/Apr/2012:12:55:55 -0700] "GET /blog/the-fridge-at-interviewstreet-office/ HTTP/1.0" 200 17283 "-" "Mozilla/5.0 (compatible; MJ12bot/v1.4.2; http://www.majestic12.co.uk/bot.php?+)"
85.17.88.169 - - [17/Apr/2012:12:57:28 -0700] "POST /blog/wp-cron.php?doing_wp_cron=1334692269 HTTP/1.0" 499 0 "-" "WordPress/3.3.1; http://yuvi.in/blog"
37.8.164.3 - - [17/Apr/2012:12:57:29 -0700] "GET /s/ta/4vz/ HTTP/1.1" 302 473 "http://www.facebook.com/l.php?u=http%3A%2F%2Ftawp.in%2Fr%2F4vz&h=uAQG9_7A_AQEtrMqBDoI3i5p192GxbWIUDJssMcD8iTRdLA&enc=AZOro-6_d5TE-apW3asdXgaFPjwAij1U_oGx6MS_LPz5IJW-zze9WcWa4G2ZyzSw4IpDQIYXftFMEp5iHvmf7kmqZ0o23-5fRPcHXfmPgQlc5A" "Mozilla/5.0 (Windows NT 6.1; WOW64) AppleWebKit/535.19 (KHTML, like Gecko) Chrome/18.0.1025.162 Safari/535.19"
208.115.111.68 - - [17/Apr/2012:12:57:29 -0700] "GET /blog/things-i-need-time-to-do/ HTTP/1.1" 200 16725 "-" "Mozilla/5.0 (compatible; Ezooms/1.0; ezooms.bot@gmail.com)"
85.17.88.169 - - [17/Apr/2012:12:57:38 -0700] "POST /blog/wp-cron.php?doing_wp_cron=1334692278 HTTP/1.0" 499 0 "-" "WordPress/3.3.1; http://yuvi.in/blog"
208.115.111.68 - - [17/Apr/2012:12:57:38 -0700] "GET /blog/tag/sriram/ HTTP/1.1" 200 44528 "-" "Mozilla/5.0 (compatible; Ezooms/1.0; ezooms.bot@gmail.com)"
37.8.164.3 - - [17/Apr/2012:12:57:41 -0700] "-" 400 0 "-" "-"
85.17.88.169 - - [17/Apr/2012:12:57:49 -0700] "POST /blog/wp-cron.php?doing_wp_cron=1334692290 HTTP/1.0" 499 0 "-" "WordPress/3.3.1; http://yuvi.in/blog"
208.115.111.68 - - [17/Apr/2012:12:57:50 -0700] "GET /blog/room-full-of-people-like-me/feed/ HTTP/1.1" 200 785 "-" "Mozilla/5.0 (compatible; Ezooms/1.0; ezooms.bot@gmail.com)"
66.249.73.90 - - [17/Apr/2012:12:58:05 -0700] "GET /chennai/stage/2764/ HTTP/1.1" 404 142 "-" "Mozilla/5.0 (compatible; Googlebot/2.1; +http://www.google.com/bot.html)"
85.17.88.169 - - [17/Apr/2012:13:02:13 -0700] "POST /blog/wp-cron.php?doing_wp_cron=1334692553 HTTP/1.0" 499 0 "-" "WordPress/3.3.1; http://yuvi.in/blog"
128.204.197.51 - - [17/Apr/2012:13:02:16 -0700] "GET /blog/2011/12/ HTTP/1.0" 200 38626 "http://www.sexdate-nu.nl/" "Mozilla/5.0 (Windows; U; Windows NT 6.1; en-US) AppleWebKit/532.2 (KHTML, like Gecko) Chrome/4.0.221.7 Safari/532.2"
85.17.88.169 - - [17/Apr/2012:13:02:44 -0700] "POST /blog/wp-cron.php?doing_wp_cron=1334692584 HTTP/1.0" 499 0 "-" "WordPress/3.3.1; http://yuvi.in/blog"
119.235.54.184 - - [17/Apr/2012:13:02:45 -0700] "GET /blog/what-stop-child-athiest/ HTTP/1.1" 200 21127 "http://www.linklegends.com/free-trial" "Opera/9.64(Windows NT 5.1; U; en) Presto/2.1.1"
66.249.73.90 - - [17/Apr/2012:13:04:11 -0700] "GET /chennai/stage/2768/ HTTP/1.1" 404 142 "-" "Mozilla/5.0 (compatible; Googlebot/2.1; +http://www.google.com/bot.html)"
69.171.229.251 - - [17/Apr/2012:13:05:26 -0700] "GET /r/33y0 HTTP/1.1" 301 257 "-" "facebookexternalhit/1.1 (+http://www.facebook.com/externalhit_uatext.php)"
69.171.229.246 - - [17/Apr/2012:13:05:27 -0700] "GET /s/ta/33y0/ HTTP/1.1" 302 609 "-" "facebookexternalhit/1.1 (+http://www.facebook.com/externalhit_uatext.php)"
85.17.88.169 - - [17/Apr/2012:13:06:25 -0700] "POST /blog/wp-cron.php?doing_wp_cron=1334692805 HTTP/1.0" 499 0 "-" "WordPress/3.3.1; http://yuvi.in/blog"
122.175.171.239 - - [17/Apr/2012:13:06:25 -0700] "GET /blog/page/3/ HTTP/1.1" 200 16754 "http://yuvi.in/blog/page/2/" "Mozilla/5.0 (X11; Linux x86_64) AppleWebKit/534.30 (KHTML, like Gecko) Chrome/12.0.742.124 Safari/534.30"
122.175.171.239 - - [17/Apr/2012:13:06:28 -0700] "GET /favicon.ico HTTP/1.1" 404 199 "-" "Mozilla/5.0 (X11; Linux x86_64) AppleWebKit/534.30 (KHTML, like Gecko) Chrome/12.0.742.124 Safari/534.30"
157.56.92.141 - - [17/Apr/2012:13:07:54 -0700] "-" 400 0 "-" "-"
157.56.92.141 - - [17/Apr/2012:13:07:57 -0700] "-" 400 0 "-" "-"
157.56.92.141 - - [17/Apr/2012:13:07:58 -0700] "-" 400 0 "-" "-"
157.56.92.141 - - [17/Apr/2012:13:07:58 -0700] "-" 400 0 "-" "-"
157.56.92.141 - - [17/Apr/2012:13:07:59 -0700] "-" 400 0 "-" "-"
157.56.92.141 - - [17/Apr/2012:13:07:59 -0700] "-" 400 0 "-" "-"
157.56.92.141 - - [17/Apr/2012:13:08:00 -0700] "-" 400 0 "-" "-"
157.56.92.141 - - [17/Apr/2012:13:08:00 -0700] "-" 400 0 "-" "-"
157.56.92.141 - - [17/Apr/2012:13:08:00 -0700] "-" 400 0 "-" "-"
157.56.92.141 - - [17/Apr/2012:13:08:01 -0700] "-" 400 0 "-" "-"
66.249.73.90 - - [17/Apr/2012:13:09:12 -0700] "GET /chennai/stage/2770/ HTTP/1.1" 404 142 "-" "Mozilla/5.0 (compatible; Googlebot/2.1; +http://www.google.com/bot.html)"
85.17.88.169 - - [17/Apr/2012:13:11:00 -0700] "POST /blog/wp-cron.php?doing_wp_cron=1334693080 HTTP/1.0" 499 0 "-" "WordPress/3.3.1; http://yuvi.in/blog"
71.32.205.80 - - [17/Apr/2012:13:11:00 -0700] "GET /blog/favicon.ico HTTP/1.1" 404 3016 "-" "Mozilla/5.0 (Windows NT 5.1; rv:11.0) Gecko/20100101 Firefox/11.0"
157.55.112.199 - - [17/Apr/2012:13:11:39 -0700] "-" 400 0 "-" "-"
157.55.112.199 - - [17/Apr/2012:13:11:42 -0700] "-" 400 0 "-" "-"
157.55.112.199 - - [17/Apr/2012:13:11:50 -0700] "-" 400 0 "-" "-"
157.55.112.199 - - [17/Apr/2012:13:11:50 -0700] "-" 400 0 "-" "-"
157.55.112.199 - - [17/Apr/2012:13:11:51 -0700] "-" 400 0 "-" "-"
157.55.112.199 - - [17/Apr/2012:13:11:51 -0700] "-" 400 0 "-" "-"
157.55.112.199 - - [17/Apr/2012:13:11:52 -0700] "-" 400 0 "-" "-"
157.55.112.199 - - [17/Apr/2012:13:11:52 -0700] "-" 400 0 "-" "-"
157.55.112.199 - - [17/Apr/2012:13:11:52 -0700] "-" 400 0 "-" "-"
157.55.112.199 - - [17/Apr/2012:13:11:52 -0700] "-" 400 0 "-" "-"
117.193.229.26 - - [17/Apr/2012:13:12:22 -0700] "-" 400 0 "-" "-"
117.193.148.207 - - [17/Apr/2012:13:12:24 -0700] "-" 400 0 "-" "-"
157.55.112.199 - - [17/Apr/2012:13:12:26 -0700] "-" 400 0 "-" "-"
66.220.149.247 - - [17/Apr/2012:13:13:11 -0700] "GET /r/4i9 HTTP/1.1" 301 255 "-" "facebookexternalhit/1.1 (+http://www.facebook.com/externalhit_uatext.php)"
66.220.149.248 - - [17/Apr/2012:13:13:11 -0700] "GET /s/ta/4i9/ HTTP/1.1" 302 421 "-" "facebookexternalhit/1.1 (+http://www.facebook.com/externalhit_uatext.php)"
66.249.73.90 - - [17/Apr/2012:13:14:53 -0700] "GET /chennai/stage/2777/ HTTP/1.1" 404 142 "-" "Mozilla/5.0 (compatible; Googlebot/2.1; +http://www.google.com/bot.html)"
85.17.88.169 - - [17/Apr/2012:13:15:00 -0700] "POST /blog/wp-cron.php?doing_wp_cron=1334693320 HTTP/1.0" 499 0 "-" "WordPress/3.3.1; http://yuvi.in/blog"
220.181.108.112 - - [17/Apr/2012:13:15:01 -0700] "GET /blog/tag/photography/ HTTP/1.1" 200 9105 "-" "Mozilla/5.0 (compatible; Baiduspider/2.0; +http://www.baidu.com/search/spider.html)"
207.46.204.218 - - [17/Apr/2012:13:15:42 -0700] "-" 400 0 "-" "-"
207.46.204.218 - - [17/Apr/2012:13:15:42 -0700] "-" 400 0 "-" "-"
207.46.204.218 - - [17/Apr/2012:13:15:44 -0700] "-" 400 0 "-" "-"
207.46.204.218 - - [17/Apr/2012:13:15:53 -0700] "-" 400 0 "-" "-"
207.46.204.218 - - [17/Apr/2012:13:15:54 -0700] "-" 400 0 "-" "-"
207.46.204.218 - - [17/Apr/2012:13:15:57 -0700] "-" 400 0 "-" "-"
207.46.204.218 - - [17/Apr/2012:13:15:57 -0700] "-" 400 0 "-" "-"
207.46.204.218 - - [17/Apr/2012:13:16:02 -0700] "-" 400 0 "-" "-"
207.46.204.218 - - [17/Apr/2012:13:16:03 -0700] "-" 400 0 "-" "-"
207.46.204.218 - - [17/Apr/2012:13:16:03 -0700] "-" 400 0 "-" "-"
207.46.204.218 - - [17/Apr/2012:13:16:04 -0700] "-" 400 0 "-" "-"
207.46.204.218 - - [17/Apr/2012:13:16:05 -0700] "-" 400 0 "-" "-"
207.46.204.218 - - [17/Apr/2012:13:16:10 -0700] "-" 400 0 "-" "-"
184.22.182.90 - - [17/Apr/2012:13:17:56 -0700] "-" 400 0 "-" "-"
85.17.88.169 - - [17/Apr/2012:13:19:39 -0700] "POST /blog/wp-cron.php?doing_wp_cron=1334693599 HTTP/1.0" 499 0 "-" "WordPress/3.3.1; http://yuvi.in/blog"
209.85.144.83 - - [17/Apr/2012:13:19:39 -0700] "GET /blog/feed HTTP/1.1" 304 0 "-" "FeedBurner/1.0 (http://www.FeedBurner.com)"
207.46.204.162 - - [17/Apr/2012:13:20:22 -0700] "-" 400 0 "-" "-"
207.46.204.162 - - [17/Apr/2012:13:20:22 -0700] "-" 400 0 "-" "-"
207.46.204.162 - - [17/Apr/2012:13:20:23 -0700] "-" 400 0 "-" "-"
207.46.204.162 - - [17/Apr/2012:13:20:24 -0700] "-" 400 0 "-" "-"
207.46.204.162 - - [17/Apr/2012:13:20:25 -0700] "-" 400 0 "-" "-"
207.46.204.162 - - [17/Apr/2012:13:20:26 -0700] "-" 400 0 "-" "-"
207.46.204.162 - - [17/Apr/2012:13:20:26 -0700] "-" 400 0 "-" "-"
207.46.204.162 - - [17/Apr/2012:13:20:26 -0700] "-" 400 0 "-" "-"
207.46.204.162 - - [17/Apr/2012:13:20:26 -0700] "-" 400 0 "-" "-"
207.46.204.162 - - [17/Apr/2012:13:20:27 -0700] "-" 400 0 "-" "-"
207.46.204.162 - - [17/Apr/2012:13:20:27 -0700] "-" 400 0 "-" "-"
207.46.204.162 - - [17/Apr/2012:13:20:27 -0700] "-" 400 0 "-" "-"
115.249.155.138 - - [17/Apr/2012:13:20:27 -0700] "GET /r/1z64 HTTP/1.1" 301 257 "http://www.muthukamalam.com/homepage.htm" "Mozilla/5.0 (compatible; MSIE 9.0; Windows NT 6.1; Trident/5.0)"
115.249.155.138 - - [17/Apr/2012:13:20:28 -0700] "GET /s/ta/1z64/ HTTP/1.1" 302 557 "http://www.muthukamalam.com/homepage.htm" "Mozilla/5.0 (compatible; MSIE 9.0; Windows NT 6.1; Trident/5.0)"
66.249.73.90 - - [17/Apr/2012:13:20:30 -0700] "GET /chennai/stage/2769/ HTTP/1.1" 404 142 "-" "Mozilla/5.0 (compatible; Googlebot/2.1; +http://www.google.com/bot.html)"
207.46.204.162 - - [17/Apr/2012:13:20:48 -0700] "-" 400 0 "-" "-"
66.249.73.90 - - [17/Apr/2012:13:26:08 -0700] "GET /chennai/stage/2780/ HTTP/1.1" 404 142 "-" "Mozilla/5.0 (compatible; Googlebot/2.1; +http://www.google.com/bot.html)"
27.123.105.169 - - [17/Apr/2012:13:27:41 -0700] "-" 400 0 "-" "-"
27.123.105.169 - - [17/Apr/2012:13:27:41 -0700] "-" 400 0 "-" "-"
14.96.103.226 - - [17/Apr/2012:13:28:15 -0700] "-" 400 0 "-" "-"
207.46.204.169 - - [17/Apr/2012:13:29:22 -0700] "-" 400 0 "-" "-"
207.46.204.169 - - [17/Apr/2012:13:29:22 -0700] "-" 400 0 "-" "-"
207.46.204.169 - - [17/Apr/2012:13:29:22 -0700] "-" 400 0 "-" "-"
207.46.204.169 - - [17/Apr/2012:13:29:24 -0700] "-" 400 0 "-" "-"
207.46.204.169 - - [17/Apr/2012:13:29:25 -0700] "-" 400 0 "-" "-"
207.46.204.169 - - [17/Apr/2012:13:29:28 -0700] "-" 400 0 "-" "-"
207.46.204.169 - - [17/Apr/2012:13:29:28 -0700] "-" 400 0 "-" "-"
207.46.204.169 - - [17/Apr/2012:13:29:28 -0700] "-" 400 0 "-" "-"
207.46.204.169 - - [17/Apr/2012:13:29:28 -0700] "-" 400 0 "-" "-"
207.46.204.169 - - [17/Apr/2012:13:29:30 -0700] "-" 400 0 "-" "-"
207.46.204.169 - - [17/Apr/2012:13:29:31 -0700] "-" 400 0 "-" "-"
207.46.204.169 - - [17/Apr/2012:13:29:31 -0700] "-" 400 0 "-" "-"
85.17.88.169 - - [17/Apr/2012:13:30:35 -0700] "POST /blog/wp-cron.php?doing_wp_cron=1334694256 HTTP/1.0" 499 0 "-" "WordPress/3.3.1; http://yuvi.in/blog"
209.85.238.182 - - [17/Apr/2012:13:30:36 -0700] "GET /blog/feed/ HTTP/1.1" 304 0 "-" "Feedfetcher-Google; (+http://www.google.com/feedfetcher.html; 19 subscribers; feed-id=15064232456473204253)"
207.46.199.23 - - [17/Apr/2012:13:31:31 -0700] "-" 400 0 "-" "-"
207.46.199.23 - - [17/Apr/2012:13:31:31 -0700] "-" 400 0 "-" "-"
207.46.199.23 - - [17/Apr/2012:13:31:31 -0700] "-" 400 0 "-" "-"
207.46.199.23 - - [17/Apr/2012:13:31:35 -0700] "-" 400 0 "-" "-"
207.46.199.23 - - [17/Apr/2012:13:31:36 -0700] "-" 400 0 "-" "-"
207.46.199.23 - - [17/Apr/2012:13:31:36 -0700] "-" 400 0 "-" "-"
207.46.199.23 - - [17/Apr/2012:13:31:36 -0700] "-" 400 0 "-" "-"
207.46.199.23 - - [17/Apr/2012:13:31:37 -0700] "-" 400 0 "-" "-"
207.46.199.23 - - [17/Apr/2012:13:31:38 -0700] "-" 400 0 "-" "-"
207.46.199.23 - - [17/Apr/2012:13:31:38 -0700] "-" 400 0 "-" "-"
207.46.199.23 - - [17/Apr/2012:13:31:39 -0700] "-" 400 0 "-" "-"
207.46.199.23 - - [17/Apr/2012:13:31:39 -0700] "-" 400 0 "-" "-"
207.46.199.23 - - [17/Apr/2012:13:31:51 -0700] "-" 400 0 "-" "-"
69.171.228.246 - - [17/Apr/2012:13:34:15 -0700] "GET /r/1nvz HTTP/1.1" 301 257 "-" "facebookexternalhit/1.1 (+http://www.facebook.com/externalhit_uatext.php)"
69.171.228.247 - - [17/Apr/2012:13:34:15 -0700] "GET /s/ta/1nvz/ HTTP/1.1" 302 365 "-" "facebookexternalhit/1.1 (+http://www.facebook.com/externalhit_uatext.php)"
85.17.88.169 - - [17/Apr/2012:13:36:35 -0700] "POST /blog/wp-cron.php?doing_wp_cron=1334694615 HTTP/1.0" 499 0 "-" "WordPress/3.3.1; http://yuvi.in/blog"
220.181.108.117 - - [17/Apr/2012:13:36:37 -0700] "GET /blog/tag/personal/ HTTP/1.1" 200 15119 "-" "Mozilla/5.0 (compatible; Baiduspider/2.0; +http://www.baidu.com/search/spider.html)"
209.85.224.81 - - [17/Apr/2012:13:37:57 -0700] "GET /stories/feed HTTP/1.1" 200 13653 "-" "FeedBurner/1.0 (http://www.FeedBurner.com)"
66.249.73.90 - - [17/Apr/2012:13:39:05 -0700] "GET /chennai/stage/2778/ HTTP/1.1" 404 142 "-" "Mozilla/5.0 (compatible; Googlebot/2.1; +http://www.google.com/bot.html)"
69.171.228.246 - - [17/Apr/2012:13:39:07 -0700] "GET /r/33y0 HTTP/1.1" 301 257 "-" "facebookexternalhit/1.1 (+http://www.facebook.com/externalhit_uatext.php)"
69.171.228.251 - - [17/Apr/2012:13:39:07 -0700] "GET /s/ta/33y0/ HTTP/1.1" 302 609 "-" "facebookexternalhit/1.1 (+http://www.facebook.com/externalhit_uatext.php)"
202.46.51.181 - - [17/Apr/2012:13:40:06 -0700] "GET / HTTP/1.1" 404 211 "-" "Mozilla/5.0 (Windows NT 5.1; rv:6.0.2) Gecko/20100101 Firefox/6.0.2"
202.46.51.147 - - [17/Apr/2012:13:40:07 -0700] "GET / HTTP/1.1" 200 1430 "-" "Mozilla/5.0 (Windows NT 5.1; rv:6.0.2) Gecko/20100101 Firefox/6.0.2"
71.235.204.168 - - [17/Apr/2012:13:40:11 -0700] "GET /r/33zx HTTP/1.1" 404 142 "-" "Mozilla/5.0 (iPhone; CPU iPhone OS 5_1 like Mac OS X) AppleWebKit/534.46 (KHTML, like Gecko) Version/5.1 Mobile/9B176 Safari/7534.48.3"
208.107.178.63 - - [17/Apr/2012:13:41:14 -0700] "GET /robots.txt HTTP/1.0" 404 169 "-" "Mozilla/5.0 (compatible; MJ12bot/v1.4.2; http://www.majestic12.co.uk/bot.php?+)"
85.17.88.169 - - [17/Apr/2012:13:41:18 -0700] "POST /blog/wp-cron.php?doing_wp_cron=1334694898 HTTP/1.0" 499 0 "-" "WordPress/3.3.1; http://yuvi.in/blog"
208.107.178.63 - - [17/Apr/2012:13:41:18 -0700] "GET /blog/story-average-indian-techie HTTP/1.1" 301 0 "-" "Mozilla/5.0 (compatible; MJ12bot/v1.4.2; http://www.majestic12.co.uk/bot.php?+)"
85.17.88.169 - - [17/Apr/2012:13:41:21 -0700] "POST /blog/wp-cron.php?doing_wp_cron=1334694901 HTTP/1.0" 499 0 "-" "WordPress/3.3.1; http://yuvi.in/blog"
208.107.178.63 - - [17/Apr/2012:13:41:22 -0700] "GET /blog/story-average-indian-techie/ HTTP/1.1" 200 54261 "-" "Mozilla/5.0 (compatible; MJ12bot/v1.4.2; http://www.majestic12.co.uk/bot.php?+)"
69.171.229.245 - - [17/Apr/2012:13:42:24 -0700] "GET /r/33y0 HTTP/1.1" 301 257 "-" "facebookexternalhit/1.1 (+http://www.facebook.com/externalhit_uatext.php)"
69.171.229.249 - - [17/Apr/2012:13:42:24 -0700] "GET /s/ta/33y0/ HTTP/1.1" 302 609 "-" "facebookexternalhit/1.1 (+http://www.facebook.com/externalhit_uatext.php)"
85.17.88.169 - - [17/Apr/2012:13:45:25 -0700] "POST /blog/wp-cron.php?doing_wp_cron=1334695145 HTTP/1.0" 499 0 "-" "WordPress/3.3.1; http://yuvi.in/blog"
209.85.238.182 - - [17/Apr/2012:13:45:26 -0700] "GET /blog/feed HTTP/1.1" 301 0 "-" "Feedfetcher-Google; (+http://www.google.com/feedfetcher.html; 3 subscribers; feed-id=17684830852112633560)"
85.17.88.169 - - [17/Apr/2012:13:45:27 -0700] "POST /blog/wp-cron.php?doing_wp_cron=1334695147 HTTP/1.0" 499 0 "-" "WordPress/3.3.1; http://yuvi.in/blog"
209.85.238.182 - - [17/Apr/2012:13:45:28 -0700] "GET /blog/feed/ HTTP/1.1" 304 0 "-" "Feedfetcher-Google; (+http://www.google.com/feedfetcher.html; 3 subscribers; feed-id=17684830852112633560)"
180.76.5.96 - - [17/Apr/2012:13:49:40 -0700] "GET / HTTP/1.1" 200 3439 "-" "Mozilla/5.0 (compatible; Baiduspider/2.0; +http://www.baidu.com/search/spider.html)"
85.17.88.169 - - [17/Apr/2012:13:49:48 -0700] "POST /blog/wp-cron.php?doing_wp_cron=1334695408 HTTP/1.0" 499 0 "-" "WordPress/3.3.1; http://yuvi.in/blog"
209.85.224.87 - - [17/Apr/2012:13:49:48 -0700] "GET /blog/feed HTTP/1.1" 304 0 "-" "FeedBurner/1.0 (http://www.FeedBurner.com)"
157.55.112.203 - - [17/Apr/2012:13:51:33 -0700] "-" 400 0 "-" "-"
157.55.112.203 - - [17/Apr/2012:13:51:33 -0700] "-" 400 0 "-" "-"
157.55.112.203 - - [17/Apr/2012:13:51:34 -0700] "-" 400 0 "-" "-"
157.55.112.203 - - [17/Apr/2012:13:51:35 -0700] "-" 400 0 "-" "-"
157.55.112.203 - - [17/Apr/2012:13:51:35 -0700] "-" 400 0 "-" "-"
157.55.112.203 - - [17/Apr/2012:13:51:35 -0700] "-" 400 0 "-" "-"
157.55.112.203 - - [17/Apr/2012:13:51:36 -0700] "-" 400 0 "-" "-"
157.55.112.203 - - [17/Apr/2012:13:51:37 -0700] "-" 400 0 "-" "-"
157.55.112.203 - - [17/Apr/2012:13:51:37 -0700] "-" 400 0 "-" "-"
157.55.112.203 - - [17/Apr/2012:13:51:38 -0700] "-" 400 0 "-" "-"
85.17.88.169 - - [17/Apr/2012:13:58:10 -0700] "POST /blog/wp-cron.php?doing_wp_cron=1334695910 HTTP/1.0" 499 0 "-" "WordPress/3.3.1; http://yuvi.in/blog"
220.181.108.150 - - [17/Apr/2012:13:58:10 -0700] "GET /blog/tag/it/ HTTP/1.1" 200 4048 "-" "Mozilla/5.0 (compatible; Baiduspider/2.0; +http://www.baidu.com/search/spider.html)"
65.52.111.212 - - [17/Apr/2012:14:10:37 -0700] "-" 400 0 "-" "-"
65.52.111.212 - - [17/Apr/2012:14:10:37 -0700] "-" 400 0 "-" "-"
65.52.111.212 - - [17/Apr/2012:14:10:38 -0700] "-" 400 0 "-" "-"
65.52.111.212 - - [17/Apr/2012:14:10:47 -0700] "-" 400 0 "-" "-"
65.52.111.212 - - [17/Apr/2012:14:10:49 -0700] "-" 400 0 "-" "-"
65.52.111.212 - - [17/Apr/2012:14:10:49 -0700] "-" 400 0 "-" "-"
65.52.111.212 - - [17/Apr/2012:14:10:49 -0700] "-" 400 0 "-" "-"
65.52.111.212 - - [17/Apr/2012:14:10:51 -0700] "-" 400 0 "-" "-"
65.52.111.212 - - [17/Apr/2012:14:10:52 -0700] "-" 400 0 "-" "-"
65.52.111.212 - - [17/Apr/2012:14:10:53 -0700] "-" 400 0 "-" "-"
65.52.111.212 - - [17/Apr/2012:14:10:53 -0700] "-" 400 0 "-" "-"
65.52.111.212 - - [17/Apr/2012:14:10:54 -0700] "-" 400 0 "-" "-"
