157.55.112.201 - - [21/Apr/2012:10:01:30 -0700] "-" 400 0 "-" "-"
157.55.112.201 - - [21/Apr/2012:10:01:38 -0700] "-" 400 0 "-" "-"
157.55.112.201 - - [21/Apr/2012:10:01:39 -0700] "-" 400 0 "-" "-"
157.55.112.201 - - [21/Apr/2012:10:01:40 -0700] "-" 400 0 "-" "-"
157.55.112.201 - - [21/Apr/2012:10:01:40 -0700] "-" 400 0 "-" "-"
123.236.73.128 - - [21/Apr/2012:10:01:41 -0700] "-" 400 0 "-" "-"
157.55.112.201 - - [21/Apr/2012:10:01:43 -0700] "-" 400 0 "-" "-"
157.55.112.201 - - [21/Apr/2012:10:01:44 -0700] "-" 400 0 "-" "-"
157.55.112.201 - - [21/Apr/2012:10:01:45 -0700] "-" 400 0 "-" "-"
157.55.112.201 - - [21/Apr/2012:10:01:45 -0700] "-" 400 0 "-" "-"
157.55.112.201 - - [21/Apr/2012:10:01:48 -0700] "-" 400 0 "-" "-"
157.55.112.201 - - [21/Apr/2012:10:02:01 -0700] "-" 400 0 "-" "-"
123.236.73.128 - - [21/Apr/2012:10:02:01 -0700] "-" 400 0 "-" "-"
123.236.73.128 - - [21/Apr/2012:10:02:01 -0700] "-" 400 0 "-" "-"
123.236.73.128 - - [21/Apr/2012:10:02:01 -0700] "-" 400 0 "-" "-"
123.236.73.128 - - [21/Apr/2012:10:02:01 -0700] "-" 400 0 "-" "-"
123.236.73.128 - - [21/Apr/2012:10:02:01 -0700] "-" 400 0 "-" "-"
123.236.73.128 - - [21/Apr/2012:10:02:41 -0700] "-" 400 0 "-" "-"
123.236.73.128 - - [21/Apr/2012:10:02:41 -0700] "-" 400 0 "-" "-"
223.236.197.70 - - [21/Apr/2012:10:03:04 -0700] "-" 400 0 "-" "-"
223.236.197.70 - - [21/Apr/2012:10:03:04 -0700] "-" 400 0 "-" "-"
223.236.197.70 - - [21/Apr/2012:10:03:04 -0700] "-" 400 0 "-" "-"
223.236.197.70 - - [21/Apr/2012:10:03:04 -0700] "-" 400 0 "-" "-"
117.193.146.210 - - [21/Apr/2012:10:03:28 -0700] "GET /r/33y1 HTTP/1.1" 301 257 "-" "Mozilla/5.0 (Windows NT 6.1; WOW64) AppleWebKit/535.19 (KHTML, like Gecko) Chrome/18.0.1025.162 Safari/535.19"
117.193.146.210 - - [21/Apr/2012:10:03:29 -0700] "GET /s/ta/33y1/ HTTP/1.1" 302 615 "-" "Mozilla/5.0 (Windows NT 6.1; WOW64) AppleWebKit/535.19 (KHTML, like Gecko) Chrome/18.0.1025.162 Safari/535.19"
123.236.73.128 - - [21/Apr/2012:10:03:31 -0700] "-" 400 0 "-" "-"
85.17.88.169 - - [21/Apr/2012:10:07:07 -0700] "POST /blog/wp-cron.php?doing_wp_cron=1335027616 HTTP/1.0" 499 0 "-" "WordPress/3.3.1; http://yuvi.in/blog"
122.175.30.178 - - [21/Apr/2012:10:07:07 -0700] "GET /blog/the-fridge-at-interviewstreet-office/ HTTP/1.1" 200 4587 "http://www.google.co.in/url?sa=t&rct=j&q=interviewstreet%20%2B%20%20github&source=web&cd=28&ved=0CE0QFjAHOBQ&url=http%3A%2F%2Fyuvi.in%2Fblog%2Fthe-fridge-at-interviewstreet-office%2F&ei=heeST83GCcXjrAfo1pCkBQ&usg=AFQjCNEA0TCOPHL0AXGZEjce82zEs4D60w" "Mozilla/5.0 (Windows NT 6.1) AppleWebKit/535.19 (KHTML, like Gecko) Chrome/18.0.1025.162 Safari/535.19"
122.175.30.178 - - [21/Apr/2012:10:07:08 -0700] "GET /blog/wp-content/themes/cleanr/style.css HTTP/1.1" 200 10508 "http://yuvi.in/blog/the-fridge-at-interviewstreet-office/" "Mozilla/5.0 (Windows NT 6.1) AppleWebKit/535.19 (KHTML, like Gecko) Chrome/18.0.1025.162 Safari/535.19"
122.175.30.178 - - [21/Apr/2012:10:07:09 -0700] "GET /blog/wp-content/themes/cleanr/js/jquery.dropdown.js?ver=3.3.1 HTTP/1.1" 200 535 "http://yuvi.in/blog/the-fridge-at-interviewstreet-office/" "Mozilla/5.0 (Windows NT 6.1) AppleWebKit/535.19 (KHTML, like Gecko) Chrome/18.0.1025.162 Safari/535.19"
122.175.30.178 - - [21/Apr/2012:10:07:10 -0700] "GET /blog/wp-content/themes/cleanr/css/reset.css HTTP/1.1" 200 648 "http://yuvi.in/blog/the-fridge-at-interviewstreet-office/" "Mozilla/5.0 (Windows NT 6.1) AppleWebKit/535.19 (KHTML, like Gecko) Chrome/18.0.1025.162 Safari/535.19"
122.175.30.178 - - [21/Apr/2012:10:07:10 -0700] "GET /blog/wp-content/themes/cleanr/css/text.css HTTP/1.1" 200 420 "http://yuvi.in/blog/the-fridge-at-interviewstreet-office/" "Mozilla/5.0 (Windows NT 6.1) AppleWebKit/535.19 (KHTML, like Gecko) Chrome/18.0.1025.162 Safari/535.19"
122.175.30.178 - - [21/Apr/2012:10:07:10 -0700] "GET /blog/wp-content/themes/cleanr/css/960.css HTTP/1.1" 200 3628 "http://yuvi.in/blog/the-fridge-at-interviewstreet-office/" "Mozilla/5.0 (Windows NT 6.1) AppleWebKit/535.19 (KHTML, like Gecko) Chrome/18.0.1025.162 Safari/535.19"
122.175.30.178 - - [21/Apr/2012:10:07:13 -0700] "GET /blog/wp-includes/js/jquery/jquery.js?ver=1.7.1 HTTP/1.1" 200 93889 "http://yuvi.in/blog/the-fridge-at-interviewstreet-office/" "Mozilla/5.0 (Windows NT 6.1) AppleWebKit/535.19 (KHTML, like Gecko) Chrome/18.0.1025.162 Safari/535.19"
122.175.30.178 - - [21/Apr/2012:10:07:17 -0700] "GET /blog/wp-content/themes/cleanr/images/search_magnifier.gif HTTP/1.1" 200 394 "http://yuvi.in/blog/the-fridge-at-interviewstreet-office/" "Mozilla/5.0 (Windows NT 6.1) AppleWebKit/535.19 (KHTML, like Gecko) Chrome/18.0.1025.162 Safari/535.19"
122.175.30.178 - - [21/Apr/2012:10:07:19 -0700] "GET /favicon.ico HTTP/1.1" 404 199 "-" "Mozilla/5.0 (Windows NT 6.1) AppleWebKit/535.19 (KHTML, like Gecko) Chrome/18.0.1025.162 Safari/535.19"
85.17.88.169 - - [21/Apr/2012:10:07:21 -0700] "POST /blog/wp-cron.php?doing_wp_cron=1335027631 HTTP/1.0" 499 0 "-" "WordPress/3.3.1; http://yuvi.in/blog"
122.175.30.178 - - [21/Apr/2012:10:07:21 -0700] "GET /blog/the-fridge-at-interviewstreet-office/?cf_action=sync_comments&post_id=179 HTTP/1.1" 200 48 "http://yuvi.in/blog/the-fridge-at-interviewstreet-office/" "Mozilla/5.0 (Windows NT 6.1) AppleWebKit/535.19 (KHTML, like Gecko) Chrome/18.0.1025.162 Safari/535.19"
123.236.73.128 - - [21/Apr/2012:10:07:31 -0700] "-" 400 0 "-" "-"
59.163.27.11 - - [21/Apr/2012:10:08:12 -0700] "GET /AssessmentBar/r/Unassessed_India_articles/ HTTP/1.1" 302 277 "http://en.wikipedia.org/wiki/Janaky_Athi_Nahappan" "Mozilla/5.0 (Windows NT 5.1) AppleWebKit/535.11 (KHTML, like Gecko) Chrome/17.0.963.83 Safari/535.11"
59.163.27.11 - - [21/Apr/2012:10:08:15 -0700] "GET /AssessmentBar/r/Unassessed_India_articles/ HTTP/1.1" 302 273 "http://en.wikipedia.org/wiki/Basumatary" "Mozilla/5.0 (Windows NT 5.1) AppleWebKit/535.11 (KHTML, like Gecko) Chrome/17.0.963.83 Safari/535.11"
207.46.204.173 - - [21/Apr/2012:10:08:35 -0700] "-" 400 0 "-" "-"
207.46.204.173 - - [21/Apr/2012:10:08:35 -0700] "-" 400 0 "-" "-"
207.46.204.173 - - [21/Apr/2012:10:08:36 -0700] "-" 400 0 "-" "-"
207.46.204.173 - - [21/Apr/2012:10:08:36 -0700] "-" 400 0 "-" "-"
207.46.204.173 - - [21/Apr/2012:10:08:36 -0700] "-" 400 0 "-" "-"
207.46.204.173 - - [21/Apr/2012:10:08:36 -0700] "-" 400 0 "-" "-"
207.46.204.173 - - [21/Apr/2012:10:08:36 -0700] "-" 400 0 "-" "-"
207.46.204.173 - - [21/Apr/2012:10:08:36 -0700] "-" 400 0 "-" "-"
207.46.204.173 - - [21/Apr/2012:10:08:36 -0700] "-" 400 0 "-" "-"
207.46.204.173 - - [21/Apr/2012:10:08:36 -0700] "-" 400 0 "-" "-"
207.46.204.173 - - [21/Apr/2012:10:08:36 -0700] "-" 400 0 "-" "-"
207.46.204.173 - - [21/Apr/2012:10:08:36 -0700] "-" 400 0 "-" "-"
85.17.88.169 - - [21/Apr/2012:10:10:16 -0700] "POST /blog/wp-cron.php?doing_wp_cron=1335027805 HTTP/1.0" 499 0 "-" "WordPress/3.3.1; http://yuvi.in/blog"
209.85.238.182 - - [21/Apr/2012:10:10:16 -0700] "GET /blog/feed HTTP/1.1" 301 0 "-" "Feedfetcher-Google; (+http://www.google.com/feedfetcher.html; 3 subscribers; feed-id=17684830852112633560)"
85.17.88.169 - - [21/Apr/2012:10:10:18 -0700] "POST /blog/wp-cron.php?doing_wp_cron=1335027808 HTTP/1.0" 499 0 "-" "WordPress/3.3.1; http://yuvi.in/blog"
209.85.238.182 - - [21/Apr/2012:10:10:19 -0700] "GET /blog/feed/ HTTP/1.1" 304 0 "-" "Feedfetcher-Google; (+http://www.google.com/feedfetcher.html; 3 subscribers; feed-id=17684830852112633560)"
122.164.162.51 - - [21/Apr/2012:10:10:33 -0700] "-" 400 0 "-" "-"
122.174.84.115 - - [21/Apr/2012:10:12:02 -0700] "-" 400 0 "-" "-"
122.174.84.115 - - [21/Apr/2012:10:12:02 -0700] "-" 400 0 "-" "-"
122.174.84.115 - - [21/Apr/2012:10:12:02 -0700] "-" 400 0 "-" "-"
122.179.90.237 - - [21/Apr/2012:10:12:05 -0700] "-" 400 0 "-" "-"
122.179.90.237 - - [21/Apr/2012:10:12:05 -0700] "-" 400 0 "-" "-"
122.179.90.237 - - [21/Apr/2012:10:12:05 -0700] "-" 400 0 "-" "-"
122.179.90.237 - - [21/Apr/2012:10:12:05 -0700] "-" 400 0 "-" "-"
122.179.90.237 - - [21/Apr/2012:10:12:05 -0700] "-" 400 0 "-" "-"
122.179.90.237 - - [21/Apr/2012:10:12:05 -0700] "-" 400 0 "-" "-"
122.179.90.237 - - [21/Apr/2012:10:12:54 -0700] "-" 400 0 "-" "-"
122.174.84.115 - - [21/Apr/2012:10:13:22 -0700] "-" 400 0 "-" "-"
122.174.84.115 - - [21/Apr/2012:10:13:22 -0700] "-" 400 0 "-" "-"
59.163.27.11 - - [21/Apr/2012:10:13:58 -0700] "GET /AssessmentBar/r/Unassessed_India_articles/ HTTP/1.1" 302 279 "http://en.wikipedia.org/wiki/Raghu_Ram" "Mozilla/5.0 (Windows NT 5.1) AppleWebKit/535.11 (KHTML, like Gecko) Chrome/17.0.963.83 Safari/535.11"
59.163.27.11 - - [21/Apr/2012:10:14:01 -0700] "GET /AssessmentBar/r/Unassessed_India_articles/ HTTP/1.1" 302 295 "http://en.wikipedia.org/wiki/Dal_makhani" "Mozilla/5.0 (Windows NT 5.1) AppleWebKit/535.11 (KHTML, like Gecko) Chrome/17.0.963.83 Safari/535.11"
117.207.65.161 - - [21/Apr/2012:10:14:07 -0700] "GET /r/99r HTTP/1.1" 301 255 "http://ta.wikipedia.org/wiki/%E0%AE%AA%E0%AE%95%E0%AF%81%E0%AE%AA%E0%AF%8D%E0%AE%AA%E0%AF%81:%E0%AE%87%E0%AE%A8%E0%AF%8D%E0%AE%A4%E0%AE%BF%E0%AE%AF_%E0%AE%86%E0%AE%B1%E0%AF%81%E0%AE%95%E0%AE%B3%E0%AF%8D" "Mozilla/5.0 (Windows NT 5.1) AppleWebKit/535.19 (KHTML, like Gecko) Chrome/18.0.1025.162 Safari/535.19"
117.207.65.161 - - [21/Apr/2012:10:14:07 -0700] "GET /s/ta/99r/ HTTP/1.1" 302 499 "http://ta.wikipedia.org/wiki/%E0%AE%AA%E0%AE%95%E0%AF%81%E0%AE%AA%E0%AF%8D%E0%AE%AA%E0%AF%81:%E0%AE%87%E0%AE%A8%E0%AF%8D%E0%AE%A4%E0%AE%BF%E0%AE%AF_%E0%AE%86%E0%AE%B1%E0%AF%81%E0%AE%95%E0%AE%B3%E0%AF%8D" "Mozilla/5.0 (Windows NT 5.1) AppleWebKit/535.19 (KHTML, like Gecko) Chrome/18.0.1025.162 Safari/535.19"
15.185.167.218 - - [21/Apr/2012:10:14:08 -0700] "HEAD /r/j9n HTTP/1.1" 301 0 "-" "-"
15.185.167.218 - - [21/Apr/2012:10:14:11 -0700] "HEAD /s/ta/j9n/ HTTP/1.1" 302 0 "-" "-"
117.207.65.161 - - [21/Apr/2012:10:14:17 -0700] "-" 400 0 "-" "-"
59.163.27.11 - - [21/Apr/2012:10:14:23 -0700] "GET /AssessmentBar/r/Unassessed_India_articles/ HTTP/1.1" 302 291 "http://en.wikipedia.org/wiki/Kiran_Karnik" "Mozilla/5.0 (Windows NT 5.1) AppleWebKit/535.11 (KHTML, like Gecko) Chrome/17.0.963.83 Safari/535.11"
141.0.10.80 - - [21/Apr/2012:10:14:24 -0700] "-" 400 0 "-" "-"
59.163.27.11 - - [21/Apr/2012:10:14:44 -0700] "GET /AssessmentBar/r/Unassessed_India_articles/ HTTP/1.1" 302 269 "http://en.wikipedia.org/wiki/Shaastra" "Mozilla/5.0 (Windows NT 5.1) AppleWebKit/535.11 (KHTML, like Gecko) Chrome/17.0.963.83 Safari/535.11"
59.163.27.11 - - [21/Apr/2012:10:14:48 -0700] "GET /AssessmentBar/r/Unassessed_India_articles/ HTTP/1.1" 302 293 "http://en.wikipedia.org/wiki/Kochi_LNG_Terminal" "Mozilla/5.0 (Windows NT 5.1) AppleWebKit/535.11 (KHTML, like Gecko) Chrome/17.0.963.83 Safari/535.11"
59.163.27.11 - - [21/Apr/2012:10:14:51 -0700] "GET /AssessmentBar/r/Unassessed_India_articles/ HTTP/1.1" 302 303 "http://en.wikipedia.org/wiki/Basouna" "Mozilla/5.0 (Windows NT 5.1) AppleWebKit/535.11 (KHTML, like Gecko) Chrome/17.0.963.83 Safari/535.11"
59.163.27.11 - - [21/Apr/2012:10:14:54 -0700] "GET /AssessmentBar/r/Unassessed_India_articles/ HTTP/1.1" 302 291 "http://en.wikipedia.org/wiki/Vallabh_Vidhyanagar" "Mozilla/5.0 (Windows NT 5.1) AppleWebKit/535.11 (KHTML, like Gecko) Chrome/17.0.963.83 Safari/535.11"
59.163.27.11 - - [21/Apr/2012:10:15:53 -0700] "GET /AssessmentBar/r/Unassessed_India_articles/ HTTP/1.1" 302 287 "http://en.wikipedia.org/wiki/Freedom_of_Religion_Bill" "Mozilla/5.0 (Windows NT 5.1) AppleWebKit/535.11 (KHTML, like Gecko) Chrome/17.0.963.83 Safari/535.11"
59.163.27.11 - - [21/Apr/2012:10:15:57 -0700] "GET /AssessmentBar/r/Unassessed_India_articles/ HTTP/1.1" 302 281 "http://en.wikipedia.org/wiki/Birding_in_Chennai" "Mozilla/5.0 (Windows NT 5.1) AppleWebKit/535.11 (KHTML, like Gecko) Chrome/17.0.963.83 Safari/535.11"
59.163.27.11 - - [21/Apr/2012:10:16:07 -0700] "GET /AssessmentBar/r/Unassessed_India_articles/ HTTP/1.1" 302 309 "http://en.wikipedia.org/wiki/Spice_Telecom" "Mozilla/5.0 (Windows NT 5.1) AppleWebKit/535.11 (KHTML, like Gecko) Chrome/17.0.963.83 Safari/535.11"
59.163.27.11 - - [21/Apr/2012:10:16:10 -0700] "GET /AssessmentBar/r/Unassessed_India_articles/ HTTP/1.1" 302 291 "http://en.wikipedia.org/wiki/Indian_chick_lit" "Mozilla/5.0 (Windows NT 5.1) AppleWebKit/535.11 (KHTML, like Gecko) Chrome/17.0.963.83 Safari/535.11"
85.17.88.169 - - [21/Apr/2012:10:16:26 -0700] "POST /blog/wp-cron.php?doing_wp_cron=1335028175 HTTP/1.0" 499 0 "-" "WordPress/3.3.1; http://yuvi.in/blog"
209.85.224.91 - - [21/Apr/2012:10:16:26 -0700] "GET /blog/feed HTTP/1.1" 304 0 "-" "FeedBurner/1.0 (http://www.FeedBurner.com)"
59.163.27.11 - - [21/Apr/2012:10:16:27 -0700] "GET /AssessmentBar/r/Unassessed_India_articles/ HTTP/1.1" 302 297 "http://en.wikipedia.org/wiki/Amar_Singh_Rathore" "Mozilla/5.0 (Windows NT 5.1) AppleWebKit/535.11 (KHTML, like Gecko) Chrome/17.0.963.83 Safari/535.11"
59.163.27.11 - - [21/Apr/2012:10:16:30 -0700] "GET /AssessmentBar/r/Unassessed_India_articles/ HTTP/1.1" 302 303 "http://en.wikipedia.org/wiki/Citizen's_Justice_Committee" "Mozilla/5.0 (Windows NT 5.1) AppleWebKit/535.11 (KHTML, like Gecko) Chrome/17.0.963.83 Safari/535.11"
59.163.27.11 - - [21/Apr/2012:10:16:33 -0700] "GET /AssessmentBar/r/Unassessed_India_articles/ HTTP/1.1" 302 273 "http://en.wikipedia.org/wiki/Wildlife_of_Rajasthan" "Mozilla/5.0 (Windows NT 5.1) AppleWebKit/535.11 (KHTML, like Gecko) Chrome/17.0.963.83 Safari/535.11"
59.163.27.11 - - [21/Apr/2012:10:16:36 -0700] "GET /AssessmentBar/r/Unassessed_India_articles/ HTTP/1.1" 302 281 "http://en.wikipedia.org/wiki/Subbu_Panchu_Arunachalam" "Mozilla/5.0 (Windows NT 5.1) AppleWebKit/535.11 (KHTML, like Gecko) Chrome/17.0.963.83 Safari/535.11"
59.163.27.11 - - [21/Apr/2012:10:16:52 -0700] "GET /AssessmentBar/r/Unassessed_India_articles/ HTTP/1.1" 302 317 "http://en.wikipedia.org/wiki/Assi_Ghat" "Mozilla/5.0 (Windows NT 5.1) AppleWebKit/535.11 (KHTML, like Gecko) Chrome/17.0.963.83 Safari/535.11"
59.163.27.11 - - [21/Apr/2012:10:17:19 -0700] "GET /AssessmentBar/r/Unassessed_India_articles/ HTTP/1.1" 302 279 "http://en.wikipedia.org/wiki/George_Emmett" "Mozilla/5.0 (Windows NT 5.1) AppleWebKit/535.11 (KHTML, like Gecko) Chrome/17.0.963.83 Safari/535.11"
59.163.27.11 - - [21/Apr/2012:10:17:36 -0700] "GET /AssessmentBar/r/Unassessed_India_articles/ HTTP/1.1" 302 285 "http://en.wikipedia.org/wiki/Talk:Bible_translations_into_Marathi" "Mozilla/5.0 (Windows NT 5.1) AppleWebKit/535.11 (KHTML, like Gecko) Chrome/17.0.963.83 Safari/535.11"
122.179.90.237 - - [21/Apr/2012:10:17:52 -0700] "-" 400 0 "-" "-"
122.179.90.237 - - [21/Apr/2012:10:17:52 -0700] "-" 400 0 "-" "-"
122.179.90.237 - - [21/Apr/2012:10:17:52 -0700] "-" 400 0 "-" "-"
122.179.90.237 - - [21/Apr/2012:10:17:52 -0700] "-" 400 0 "-" "-"
122.179.90.237 - - [21/Apr/2012:10:17:52 -0700] "-" 400 0 "-" "-"
59.163.27.11 - - [21/Apr/2012:10:18:12 -0700] "GET /AssessmentBar/r/Unassessed_India_articles/ HTTP/1.1" 302 267 "http://en.wikipedia.org/wiki/Bhanu_Bharti" "Mozilla/5.0 (Windows NT 5.1) AppleWebKit/535.11 (KHTML, like Gecko) Chrome/17.0.963.83 Safari/535.11"
59.163.27.11 - - [21/Apr/2012:10:18:29 -0700] "GET /AssessmentBar/r/Unassessed_India_articles/ HTTP/1.1" 302 283 "http://en.wikipedia.org/wiki/Stewart_Blacker" "Mozilla/5.0 (Windows NT 5.1) AppleWebKit/535.11 (KHTML, like Gecko) Chrome/17.0.963.83 Safari/535.11"
59.163.27.11 - - [21/Apr/2012:10:18:35 -0700] "GET /AssessmentBar/r/Unassessed_India_articles/ HTTP/1.1" 302 373 "http://en.wikipedia.org/wiki/Mevcha" "Mozilla/5.0 (Windows NT 5.1) AppleWebKit/535.11 (KHTML, like Gecko) Chrome/17.0.963.83 Safari/535.11"
59.163.27.11 - - [21/Apr/2012:10:18:37 -0700] "GET /AssessmentBar/r/Unassessed_India_articles/ HTTP/1.1" 302 289 "http://en.wikipedia.org/wiki/Shivnath_River" "Mozilla/5.0 (Windows NT 5.1) AppleWebKit/535.11 (KHTML, like Gecko) Chrome/17.0.963.83 Safari/535.11"
59.163.27.11 - - [21/Apr/2012:10:18:45 -0700] "GET /AssessmentBar/r/Unassessed_India_articles/ HTTP/1.1" 302 313 "http://en.wikipedia.org/wiki/Zee_Cine_Special_Award_for_Outstanding_Performance_%E2%80%93_Male" "Mozilla/5.0 (Windows NT 5.1) AppleWebKit/535.11 (KHTML, like Gecko) Chrome/17.0.963.83 Safari/535.11"
59.163.27.11 - - [21/Apr/2012:10:18:48 -0700] "GET /AssessmentBar/r/Unassessed_India_articles/ HTTP/1.1" 302 311 "http://en.wikipedia.org/wiki/Snehasish_Ganguly" "Mozilla/5.0 (Windows NT 5.1) AppleWebKit/535.11 (KHTML, like Gecko) Chrome/17.0.963.83 Safari/535.11"
117.193.121.63 - - [21/Apr/2012:10:18:54 -0700] "-" 400 0 "-" "-"
59.163.27.11 - - [21/Apr/2012:10:18:59 -0700] "GET /AssessmentBar/r/Unassessed_India_articles/ HTTP/1.1" 302 337 "http://en.wikipedia.org/wiki/Nagnath_Lalujirao_Kottapalle" "Mozilla/5.0 (Windows NT 5.1) AppleWebKit/535.11 (KHTML, like Gecko) Chrome/17.0.963.83 Safari/535.11"
59.163.27.11 - - [21/Apr/2012:10:19:43 -0700] "GET /AssessmentBar/r/Unassessed_India_articles/ HTTP/1.1" 302 339 "http://en.wikipedia.org/wiki/Gohana" "Mozilla/5.0 (Windows NT 5.1) AppleWebKit/535.11 (KHTML, like Gecko) Chrome/17.0.963.83 Safari/535.11"
59.163.27.11 - - [21/Apr/2012:10:19:50 -0700] "GET /AssessmentBar/r/Unassessed_India_articles/ HTTP/1.1" 302 283 "http://en.wikipedia.org/wiki/English_cricket_team_in_India_in_1961%E2%80%9362" "Mozilla/5.0 (Windows NT 5.1) AppleWebKit/535.11 (KHTML, like Gecko) Chrome/17.0.963.83 Safari/535.11"
59.163.27.11 - - [21/Apr/2012:10:20:25 -0700] "GET /AssessmentBar/r/Unassessed_India_articles/ HTTP/1.1" 302 271 "http://en.wikipedia.org/wiki/Talk:Kota_Brahmins" "Mozilla/5.0 (Windows NT 5.1) AppleWebKit/535.11 (KHTML, like Gecko) Chrome/17.0.963.83 Safari/535.11"
117.193.121.63 - - [21/Apr/2012:10:20:25 -0700] "-" 400 0 "-" "-"
117.193.121.63 - - [21/Apr/2012:10:23:12 -0700] "-" 400 0 "-" "-"
117.193.32.23 - - [21/Apr/2012:10:24:24 -0700] "-" 400 0 "-" "-"
117.193.32.23 - - [21/Apr/2012:10:24:24 -0700] "-" 400 0 "-" "-"
117.193.32.23 - - [21/Apr/2012:10:24:24 -0700] "-" 400 0 "-" "-"
117.193.32.23 - - [21/Apr/2012:10:24:24 -0700] "-" 400 0 "-" "-"
117.193.32.23 - - [21/Apr/2012:10:24:24 -0700] "-" 400 0 "-" "-"
69.171.234.0 - - [21/Apr/2012:10:25:09 -0700] "GET /r/2rvh HTTP/1.1" 301 257 "-" "facebookexternalhit/1.1 (+http://www.facebook.com/externalhit_uatext.php)"
69.171.234.7 - - [21/Apr/2012:10:25:09 -0700] "GET /s/ta/2rvh/ HTTP/1.1" 302 591 "-" "facebookexternalhit/1.1 (+http://www.facebook.com/externalhit_uatext.php)"
180.214.146.49 - - [21/Apr/2012:10:25:52 -0700] "-" 400 0 "-" "-"
180.214.146.49 - - [21/Apr/2012:10:25:52 -0700] "-" 400 0 "-" "-"
180.214.146.49 - - [21/Apr/2012:10:25:53 -0700] "-" 400 0 "-" "-"
180.214.146.49 - - [21/Apr/2012:10:25:53 -0700] "-" 400 0 "-" "-"
180.214.146.49 - - [21/Apr/2012:10:25:55 -0700] "-" 400 0 "-" "-"
141.0.10.188 - - [21/Apr/2012:10:26:09 -0700] "-" 400 0 "-" "-"
85.17.88.169 - - [21/Apr/2012:10:26:11 -0700] "POST /blog/wp-cron.php?doing_wp_cron=1335028760 HTTP/1.0" 499 0 "-" "WordPress/3.3.1; http://yuvi.in/blog"
112.79.42.180 - - [21/Apr/2012:10:26:12 -0700] "GET /blog/ HTTP/1.1" 200 9194 "http://www.google.co.in/search?hl=en&source=hp&q=yuvi&btnG=Google+Search&gbv=2" "Mozilla/4.0 (compatible; MSIE 6.0; Windows NT 5.1; SV1; InfoPath.2)"
85.17.88.169 - - [21/Apr/2012:10:26:23 -0700] "POST /blog/wp-cron.php?doing_wp_cron=1335028772 HTTP/1.0" 499 0 "-" "WordPress/3.3.1; http://yuvi.in/blog"
183.82.65.128 - - [21/Apr/2012:10:26:23 -0700] "GET /blog/feed/ HTTP/1.0" 304 0 "-" "FeedDemon/4.0 (http://www.feeddemon.com/; Microsoft Windows)"
112.79.42.180 - - [21/Apr/2012:10:27:33 -0700] "GET /blog/wp-content/themes/cleanr/style.css HTTP/1.1" 200 10508 "http://yuvi.in/blog/" "Mozilla/4.0 (compatible; MSIE 6.0; Windows NT 5.1; SV1; InfoPath.2)"
59.163.27.11 - - [21/Apr/2012:10:28:08 -0700] "GET /AssessmentBar/r/Unassessed_India_articles/ HTTP/1.1" 302 287 "http://en.wikipedia.org/wiki/Kalicchi" "Mozilla/5.0 (Windows NT 5.1) AppleWebKit/535.11 (KHTML, like Gecko) Chrome/17.0.963.83 Safari/535.11"
117.193.32.23 - - [21/Apr/2012:10:28:24 -0700] "-" 400 0 "-" "-"
117.207.67.42 - - [21/Apr/2012:10:30:02 -0700] "-" 400 0 "-" "-"
112.79.42.180 - - [21/Apr/2012:10:30:14 -0700] "GET /blog/wp-content/themes/cleanr/css/ie.css HTTP/1.1" 200 390 "http://yuvi.in/blog/" "Mozilla/4.0 (compatible; MSIE 6.0; Windows NT 5.1; SV1; InfoPath.2)"
117.193.32.23 - - [21/Apr/2012:10:30:14 -0700] "-" 400 0 "-" "-"
117.207.67.42 - - [21/Apr/2012:10:30:31 -0700] "-" 400 0 "-" "-"
117.207.67.42 - - [21/Apr/2012:10:30:31 -0700] "-" 400 0 "-" "-"
117.207.67.42 - - [21/Apr/2012:10:30:31 -0700] "-" 400 0 "-" "-"
117.207.67.42 - - [21/Apr/2012:10:30:31 -0700] "-" 400 0 "-" "-"
117.193.121.63 - - [21/Apr/2012:10:30:42 -0700] "-" 400 0 "-" "-"
117.193.32.23 - - [21/Apr/2012:10:30:54 -0700] "-" 400 0 "-" "-"
115.184.31.10 - - [21/Apr/2012:10:31:06 -0700] "-" 400 0 "-" "-"
117.193.32.23 - - [21/Apr/2012:10:31:24 -0700] "-" 400 0 "-" "-"
117.193.32.23 - - [21/Apr/2012:10:31:24 -0700] "-" 400 0 "-" "-"
117.193.32.23 - - [21/Apr/2012:10:31:24 -0700] "-" 400 0 "-" "-"
117.193.32.23 - - [21/Apr/2012:10:31:24 -0700] "-" 400 0 "-" "-"
117.193.32.23 - - [21/Apr/2012:10:32:14 -0700] "-" 400 0 "-" "-"
85.17.88.169 - - [21/Apr/2012:10:32:25 -0700] "POST /blog/wp-cron.php?doing_wp_cron=1335029134 HTTP/1.0" 499 0 "-" "WordPress/3.3.1; http://yuvi.in/blog"
209.85.238.182 - - [21/Apr/2012:10:32:26 -0700] "GET /blog/feed/ HTTP/1.1" 304 0 "-" "Feedfetcher-Google; (+http://www.google.com/feedfetcher.html; 19 subscribers; feed-id=15064232456473204253)"
112.79.42.180 - - [21/Apr/2012:10:32:26 -0700] "GET /blog/wp-includes/js/jquery/jquery.js?ver=1.7.1 HTTP/1.1" 200 50432 "http://yuvi.in/blog/" "Mozilla/4.0 (compatible; MSIE 6.0; Windows NT 5.1; SV1; InfoPath.2)"
117.193.32.23 - - [21/Apr/2012:10:32:44 -0700] "-" 400 0 "-" "-"
117.193.32.23 - - [21/Apr/2012:10:32:44 -0700] "-" 400 0 "-" "-"
117.193.32.23 - - [21/Apr/2012:10:32:44 -0700] "-" 400 0 "-" "-"
74.6.13.93 - - [21/Apr/2012:10:33:31 -0700] "GET / HTTP/1.1" 200 1430 "-" "Mozilla/5.0 (compatible; Yahoo! Slurp/3.0; http://help.yahoo.com/help/us/ysearch/slurp)"
74.6.13.93 - - [21/Apr/2012:10:33:31 -0700] "GET /blueprint/print.css HTTP/1.1" 200 1284 "http://yuvi.in/" "Mozilla/5.0 (compatible; Yahoo! Slurp/3.0; http://help.yahoo.com/help/us/ysearch/slurp)"
74.6.13.93 - - [21/Apr/2012:10:33:31 -0700] "GET /blueprint/screen.css HTTP/1.1" 200 12058 "http://yuvi.in/" "Mozilla/5.0 (compatible; Yahoo! Slurp/3.0; http://help.yahoo.com/help/us/ysearch/slurp)"
74.6.13.93 - - [21/Apr/2012:10:33:31 -0700] "GET /header.png HTTP/1.1" 200 14249 "http://yuvi.in/" "Mozilla/5.0 (compatible; Yahoo! Slurp/3.0; http://help.yahoo.com/help/us/ysearch/slurp)"
74.6.13.93 - - [21/Apr/2012:10:33:31 -0700] "GET /favicon.ico HTTP/1.1" 404 142 "-" "Mozilla/5.0 (compatible; Yahoo! Slurp/3.0; http://help.yahoo.com/help/us/ysearch/slurp)"
14.96.86.76 - - [21/Apr/2012:10:34:35 -0700] "-" 400 0 "-" "-"
207.46.204.171 - - [21/Apr/2012:10:35:30 -0700] "-" 400 0 "-" "-"
207.46.204.171 - - [21/Apr/2012:10:35:30 -0700] "-" 400 0 "-" "-"
207.46.204.171 - - [21/Apr/2012:10:35:30 -0700] "-" 400 0 "-" "-"
207.46.204.171 - - [21/Apr/2012:10:35:31 -0700] "-" 400 0 "-" "-"
207.46.204.171 - - [21/Apr/2012:10:35:31 -0700] "-" 400 0 "-" "-"
207.46.204.171 - - [21/Apr/2012:10:35:31 -0700] "-" 400 0 "-" "-"
207.46.204.171 - - [21/Apr/2012:10:35:31 -0700] "-" 400 0 "-" "-"
207.46.204.171 - - [21/Apr/2012:10:35:31 -0700] "-" 400 0 "-" "-"
207.46.204.171 - - [21/Apr/2012:10:35:31 -0700] "-" 400 0 "-" "-"
117.193.32.23 - - [21/Apr/2012:10:36:04 -0700] "-" 400 0 "-" "-"
65.52.109.26 - - [21/Apr/2012:10:36:04 -0700] "GET /blog/cheese-2-31-1-released.html HTTP/1.1" 304 0 "-" "Mozilla/5.0 (compatible; bingbot/2.0; +http://www.bing.com/bingbot.htm)"
117.193.32.23 - - [21/Apr/2012:10:36:24 -0700] "-" 400 0 "-" "-"
117.193.32.23 - - [21/Apr/2012:10:36:24 -0700] "-" 400 0 "-" "-"
117.193.32.23 - - [21/Apr/2012:10:36:24 -0700] "-" 400 0 "-" "-"
117.193.32.23 - - [21/Apr/2012:10:36:24 -0700] "-" 400 0 "-" "-"
207.46.204.171 - - [21/Apr/2012:10:36:28 -0700] "-" 400 0 "-" "-"
207.46.204.171 - - [21/Apr/2012:10:36:28 -0700] "-" 400 0 "-" "-"
66.249.73.219 - - [21/Apr/2012:10:42:49 -0700] "GET /robots.txt HTTP/1.1" 404 142 "-" "Mozilla/5.0 (compatible; Googlebot/2.1; +http://www.google.com/bot.html)"
85.17.88.169 - - [21/Apr/2012:10:42:51 -0700] "POST /blog/wp-cron.php?doing_wp_cron=1335029760 HTTP/1.0" 499 0 "-" "WordPress/3.3.1; http://yuvi.in/blog"
66.249.73.219 - - [21/Apr/2012:10:42:52 -0700] "GET /blog/theMarianStar/Nicky.pdf HTTP/1.1" 404 3016 "-" "Googlebot/2.1 (+http://www.google.com/bot.html)"
209.85.224.81 - - [21/Apr/2012:10:43:13 -0700] "GET /stories/feed HTTP/1.1" 200 13653 "-" "FeedBurner/1.0 (http://www.FeedBurner.com)"
14.96.86.76 - - [21/Apr/2012:10:43:32 -0700] "-" 400 0 "-" "-"
59.92.68.191 - - [21/Apr/2012:10:45:28 -0700] "-" 400 0 "-" "-"
85.17.88.169 - - [21/Apr/2012:10:46:33 -0700] "POST /blog/wp-cron.php?doing_wp_cron=1335029982 HTTP/1.0" 499 0 "-" "WordPress/3.3.1; http://yuvi.in/blog"
209.85.224.90 - - [21/Apr/2012:10:46:34 -0700] "GET /blog/feed HTTP/1.1" 304 0 "-" "FeedBurner/1.0 (http://www.FeedBurner.com)"
117.193.247.245 - - [21/Apr/2012:10:46:57 -0700] "-" 400 0 "-" "-"
122.164.191.40 - - [21/Apr/2012:10:47:36 -0700] "-" 400 0 "-" "-"
122.164.191.40 - - [21/Apr/2012:10:47:36 -0700] "-" 400 0 "-" "-"
122.164.191.40 - - [21/Apr/2012:10:47:36 -0700] "-" 400 0 "-" "-"
122.164.191.40 - - [21/Apr/2012:10:47:36 -0700] "-" 400 0 "-" "-"
117.205.148.5 - - [21/Apr/2012:10:48:11 -0700] "-" 400 0 "-" "-"
71.235.204.168 - - [21/Apr/2012:10:49:15 -0700] "GET /AssessmentBar/r/Unassessed_India_articles/ HTTP/1.1" 302 283 "http://en.wikipedia.org/wiki/Vimala_Raman" "Mozilla/5.0 (Windows NT 6.1; WOW64; rv:11.0) Gecko/20100101 Firefox/11.0"
71.235.204.168 - - [21/Apr/2012:10:49:26 -0700] "GET /AssessmentBar/r/Unassessed_India_articles/ HTTP/1.1" 302 265 "http://en.wikipedia.org/wiki/The_Sikh_Times" "Mozilla/5.0 (Windows NT 6.1; WOW64; rv:11.0) Gecko/20100101 Firefox/11.0"
122.164.33.252 - - [21/Apr/2012:10:49:52 -0700] "-" 400 0 "-" "-"
122.164.33.252 - - [21/Apr/2012:10:49:56 -0700] "-" 400 0 "-" "-"
122.164.33.252 - - [21/Apr/2012:10:49:56 -0700] "-" 400 0 "-" "-"
122.164.33.252 - - [21/Apr/2012:10:49:57 -0700] "-" 400 0 "-" "-"
71.235.204.168 - - [21/Apr/2012:10:50:09 -0700] "GET /AssessmentBar/r/Unassessed_India_articles/ HTTP/1.1" 302 283 "http://en.wikipedia.org/wiki/Tadka" "Mozilla/5.0 (Windows NT 6.1; WOW64; rv:11.0) Gecko/20100101 Firefox/11.0"
71.235.204.168 - - [21/Apr/2012:10:51:10 -0700] "GET /AssessmentBar/r/Unassessed_India_articles/ HTTP/1.1" 302 283 "http://en.wikipedia.org/wiki/Sambhu_Nath_De" "Mozilla/5.0 (Windows NT 6.1; WOW64; rv:11.0) Gecko/20100101 Firefox/11.0"
71.235.204.168 - - [21/Apr/2012:10:51:59 -0700] "GET /AssessmentBar/r/Unassessed_India_articles/ HTTP/1.1" 302 277 "http://en.wikipedia.org/wiki/Manilal_Doctor" "Mozilla/5.0 (Windows NT 6.1; WOW64; rv:11.0) Gecko/20100101 Firefox/11.0"
71.235.204.168 - - [21/Apr/2012:10:52:27 -0700] "GET /AssessmentBar/r/Unassessed_India_articles/ HTTP/1.1" 302 307 "http://en.wikipedia.org/wiki/Fred_Harker" "Mozilla/5.0 (Windows NT 6.1; WOW64; rv:11.0) Gecko/20100101 Firefox/11.0"
71.235.204.168 - - [21/Apr/2012:10:53:01 -0700] "GET /AssessmentBar/r/Unassessed_India_articles/ HTTP/1.1" 302 277 "http://en.wikipedia.org/wiki/Purushottam_English_School" "Mozilla/5.0 (Windows NT 6.1; WOW64; rv:11.0) Gecko/20100101 Firefox/11.0"
71.235.204.168 - - [21/Apr/2012:10:53:18 -0700] "GET /AssessmentBar/r/Unassessed_India_articles/ HTTP/1.1" 302 277 "http://en.wikipedia.org/wiki/Manoj_Joshi" "Mozilla/5.0 (Windows NT 6.1; WOW64; rv:11.0) Gecko/20100101 Firefox/11.0"
85.17.88.169 - - [21/Apr/2012:10:54:07 -0700] "POST /blog/wp-cron.php?doing_wp_cron=1335030436 HTTP/1.0" 499 0 "-" "WordPress/3.3.1; http://yuvi.in/blog"
180.76.5.195 - - [21/Apr/2012:10:54:08 -0700] "GET /blog/tag/devlog/ HTTP/1.1" 200 16221 "-" "Mozilla/5.0 (compatible; Baiduspider/2.0; +http://www.baidu.com/search/spider.html)"
71.235.204.168 - - [21/Apr/2012:10:54:11 -0700] "GET /AssessmentBar/r/Unassessed_India_articles/ HTTP/1.1" 302 295 "http://en.wikipedia.org/wiki/Navnath_ITI" "Mozilla/5.0 (Windows NT 6.1; WOW64; rv:11.0) Gecko/20100101 Firefox/11.0"
71.235.204.168 - - [21/Apr/2012:10:54:29 -0700] "GET /AssessmentBar/r/Unassessed_India_articles/ HTTP/1.1" 302 293 "http://en.wikipedia.org/wiki/Telugu_films_of_1967" "Mozilla/5.0 (Windows NT 6.1; WOW64; rv:11.0) Gecko/20100101 Firefox/11.0"
71.235.204.168 - - [21/Apr/2012:10:54:42 -0700] "GET /AssessmentBar/r/Unassessed_India_articles/ HTTP/1.1" 302 269 "http://en.wikipedia.org/wiki/Avatar_(spacecraft)" "Mozilla/5.0 (Windows NT 6.1; WOW64; rv:11.0) Gecko/20100101 Firefox/11.0"
117.201.21.149 - - [21/Apr/2012:10:54:58 -0700] "GET /r/23m4 HTTP/1.1" 301 257 "http://ta.wikipedia.org/wiki/%E0%AE%AA%E0%AE%95%E0%AF%81%E0%AE%AA%E0%AF%8D%E0%AE%AA%E0%AF%81:%E0%AE%A4%E0%AE%AE%E0%AE%BF%E0%AE%B4%E0%AF%8D%E0%AE%A8%E0%AE%BE%E0%AE%9F%E0%AF%8D%E0%AE%9F%E0%AF%81_%E0%AE%85%E0%AE%AE%E0%AF%88%E0%AE%9A%E0%AF%8D%E0%AE%9A%E0%AE%B0%E0%AF%8D%E0%AE%95%E0%AE%B3%E0%AF%8D" "Mozilla/5.0 (Windows NT 5.1; rv:11.0) Gecko/20100101 Firefox/11.0"
117.201.21.149 - - [21/Apr/2012:10:54:59 -0700] "GET /s/ta/23m4/ HTTP/1.1" 302 619 "http://ta.wikipedia.org/wiki/%E0%AE%AA%E0%AE%95%E0%AF%81%E0%AE%AA%E0%AF%8D%E0%AE%AA%E0%AF%81:%E0%AE%A4%E0%AE%AE%E0%AE%BF%E0%AE%B4%E0%AF%8D%E0%AE%A8%E0%AE%BE%E0%AE%9F%E0%AF%8D%E0%AE%9F%E0%AF%81_%E0%AE%85%E0%AE%AE%E0%AF%88%E0%AE%9A%E0%AF%8D%E0%AE%9A%E0%AE%B0%E0%AF%8D%E0%AE%95%E0%AE%B3%E0%AF%8D" "Mozilla/5.0 (Windows NT 5.1; rv:11.0) Gecko/20100101 Firefox/11.0"
117.201.21.149 - - [21/Apr/2012:10:55:03 -0700] "-" 400 0 "-" "-"
71.235.204.168 - - [21/Apr/2012:10:55:26 -0700] "GET /AssessmentBar/r/Unassessed_India_articles/ HTTP/1.1" 302 287 "http://en.wikipedia.org/wiki/Mangran" "Mozilla/5.0 (Windows NT 6.1; WOW64; rv:11.0) Gecko/20100101 Firefox/11.0"
71.235.204.168 - - [21/Apr/2012:10:56:11 -0700] "GET /AssessmentBar/r/Unassessed_India_articles/ HTTP/1.1" 302 349 "http://en.wikipedia.org/wiki/Mahendra_Gokhale" "Mozilla/5.0 (Windows NT 6.1; WOW64; rv:11.0) Gecko/20100101 Firefox/11.0"
68.185.171.118 - - [21/Apr/2012:10:59:06 -0700] "GET /blog/moving-to-vim-from-emacs.html HTTP/1.1" 200 2657 "http://www.google.com/url?sa=t&rct=j&q=&esrc=s&source=web&cd=23&ved=0CD0QFjACOBQ&url=http%3A%2F%2Fyuvi.in%2Fblog%2Fmoving-to-vim-from-emacs.html&ei=yfOST_zNI8vBgAfIxoT3BA&usg=AFQjCNFDH22f3e_OFiBflaVRz4z_s_6FcA&sig2=EukOjVPOVZ7NiZV8_ro9-Q" "Mozilla/5.0 (Macintosh; Intel Mac OS X 10.7; rv:11.0) Gecko/20100101 Firefox/11.0"
68.185.171.118 - - [21/Apr/2012:10:59:06 -0700] "GET /blog/static/style.css HTTP/1.1" 200 4753 "http://yuvi.in/blog/moving-to-vim-from-emacs.html" "Mozilla/5.0 (Macintosh; Intel Mac OS X 10.7; rv:11.0) Gecko/20100101 Firefox/11.0"
68.185.171.118 - - [21/Apr/2012:10:59:07 -0700] "GET /blog/static/codehilite.css HTTP/1.1" 200 4012 "http://yuvi.in/blog/moving-to-vim-from-emacs.html" "Mozilla/5.0 (Macintosh; Intel Mac OS X 10.7; rv:11.0) Gecko/20100101 Firefox/11.0"
68.185.171.118 - - [21/Apr/2012:10:59:08 -0700] "GET /favicon.ico HTTP/1.1" 404 142 "-" "Mozilla/5.0 (Macintosh; Intel Mac OS X 10.7; rv:11.0) Gecko/20100101 Firefox/11.0"
68.185.171.118 - - [21/Apr/2012:10:59:08 -0700] "GET /favicon.ico HTTP/1.1" 404 142 "-" "Mozilla/5.0 (Macintosh; Intel Mac OS X 10.7; rv:11.0) Gecko/20100101 Firefox/11.0"
173.164.111.174 - - [21/Apr/2012:11:02:36 -0700] "GET /r/16o3 HTTP/1.1" 301 257 "http://wikimapia.org/8600244/%E0%AE%87%E0%AE%B0%E0%AF%81%E0%AE%95%E0%AF%8D%E0%AE%95%E0%AE%A9%E0%AF%8D%E0%AE%95%E0%AF%81%E0%AE%9F%E0%AE%BF-%E0%AE%AE%E0%AE%BE%E0%AE%B0%E0%AE%BF%E0%AE%AF%E0%AE%AE%E0%AF%8D%E0%AE%AE%E0%AE%A9%E0%AF%8D-%E0%AE%95%E0%AF%8B%E0%AE%AF%E0%AE%BF%E0%AE%B2%E0%AF%8D-Mariamman-Temple-Irukkankudi" "Mozilla/4.0 (compatible; MSIE 8.0; Windows NT 5.1; Trident/4.0; FunWebProducts; .NET4.0C; .NET CLR 1.1.4322; .NET CLR 2.0.50727; .NET CLR 3.0.4506.2152; .NET CLR 3.5.30729; FunWebProducts)"
173.164.111.174 - - [21/Apr/2012:11:02:36 -0700] "GET /s/ta/16o3/ HTTP/1.1" 302 609 "http://wikimapia.org/8600244/%E0%AE%87%E0%AE%B0%E0%AF%81%E0%AE%95%E0%AF%8D%E0%AE%95%E0%AE%A9%E0%AF%8D%E0%AE%95%E0%AF%81%E0%AE%9F%E0%AE%BF-%E0%AE%AE%E0%AE%BE%E0%AE%B0%E0%AE%BF%E0%AE%AF%E0%AE%AE%E0%AF%8D%E0%AE%AE%E0%AE%A9%E0%AF%8D-%E0%AE%95%E0%AF%8B%E0%AE%AF%E0%AE%BF%E0%AE%B2%E0%AF%8D-Mariamman-Temple-Irukkankudi" "Mozilla/4.0 (compatible; MSIE 8.0; Windows NT 5.1; Trident/4.0; FunWebProducts; .NET4.0C; .NET CLR 1.1.4322; .NET CLR 2.0.50727; .NET CLR 3.0.4506.2152; .NET CLR 3.5.30729; FunWebProducts)"
85.17.88.169 - - [21/Apr/2012:11:03:04 -0700] "POST /blog/wp-cron.php?doing_wp_cron=1335030973 HTTP/1.0" 499 0 "-" "WordPress/3.3.1; http://yuvi.in/blog"
66.249.73.219 - - [21/Apr/2012:11:03:04 -0700] "GET /blog/theMarianStar/Selvi.pdf HTTP/1.1" 404 3016 "-" "Googlebot/2.1 (+http://www.google.com/bot.html)"
117.193.168.81 - - [21/Apr/2012:11:04:29 -0700] "-" 400 0 "-" "-"
208.115.111.68 - - [21/Apr/2012:11:05:17 -0700] "GET /robots.txt HTTP/1.1" 404 169 "-" "Mozilla/5.0 (compatible; Ezooms/1.0; ezooms.bot@gmail.com)"
65.52.111.214 - - [21/Apr/2012:11:05:45 -0700] "-" 400 0 "-" "-"
65.52.111.214 - - [21/Apr/2012:11:05:45 -0700] "-" 400 0 "-" "-"
65.52.111.214 - - [21/Apr/2012:11:05:46 -0700] "-" 400 0 "-" "-"
65.52.111.214 - - [21/Apr/2012:11:05:47 -0700] "-" 400 0 "-" "-"
65.52.111.214 - - [21/Apr/2012:11:05:48 -0700] "-" 400 0 "-" "-"
65.52.111.214 - - [21/Apr/2012:11:05:48 -0700] "-" 400 0 "-" "-"
65.52.111.214 - - [21/Apr/2012:11:05:49 -0700] "-" 400 0 "-" "-"
65.52.111.214 - - [21/Apr/2012:11:05:49 -0700] "-" 400 0 "-" "-"
65.52.111.214 - - [21/Apr/2012:11:05:49 -0700] "-" 400 0 "-" "-"
65.52.111.214 - - [21/Apr/2012:11:05:50 -0700] "-" 400 0 "-" "-"
65.52.111.214 - - [21/Apr/2012:11:05:50 -0700] "-" 400 0 "-" "-"
207.46.193.36 - - [21/Apr/2012:11:07:39 -0700] "-" 400 0 "-" "-"
207.46.193.36 - - [21/Apr/2012:11:07:43 -0700] "-" 400 0 "-" "-"
207.46.193.36 - - [21/Apr/2012:11:07:43 -0700] "-" 400 0 "-" "-"
207.46.193.36 - - [21/Apr/2012:11:07:44 -0700] "-" 400 0 "-" "-"
207.46.193.36 - - [21/Apr/2012:11:07:44 -0700] "-" 400 0 "-" "-"
207.46.193.36 - - [21/Apr/2012:11:07:47 -0700] "-" 400 0 "-" "-"
207.46.193.36 - - [21/Apr/2012:11:07:48 -0700] "-" 400 0 "-" "-"
207.46.193.36 - - [21/Apr/2012:11:07:48 -0700] "-" 400 0 "-" "-"
207.46.193.36 - - [21/Apr/2012:11:07:48 -0700] "-" 400 0 "-" "-"
207.46.193.36 - - [21/Apr/2012:11:07:49 -0700] "-" 400 0 "-" "-"
83.96.56.18 - - [21/Apr/2012:11:08:05 -0700] "GET /r/220k HTTP/1.1" 301 257 "http://ta.wikipedia.org/wiki/%E0%AE%9A%E0%AF%86%E0%AE%AF%E0%AE%B1%E0%AF%8D%E0%AE%95%E0%AF%88_%E0%AE%AA%E0%AF%86%E0%AE%A3%E0%AF%8D%E0%AE%95%E0%AF%81%E0%AE%B1%E0%AE%BF" "Mozilla/4.0 (compatible; MSIE 8.0; Windows NT 5.1; Trident/4.0; GTB7.3; InfoPath.2)"
50.57.68.10 - - [21/Apr/2012:11:08:05 -0700] "GET /s/ta/220k HTTP/1.0" 301 257 "-" "Mozilla/5.0 (Windows; U; Windows NT 5.1; en-US; rv:1.9) Gecko/2008052906 Firefox/3.0"
83.96.56.18 - - [21/Apr/2012:11:08:06 -0700] "GET /s/ta/220k/ HTTP/1.1" 302 449 "http://ta.wikipedia.org/wiki/%E0%AE%9A%E0%AF%86%E0%AE%AF%E0%AE%B1%E0%AF%8D%E0%AE%95%E0%AF%88_%E0%AE%AA%E0%AF%86%E0%AE%A3%E0%AF%8D%E0%AE%95%E0%AF%81%E0%AE%B1%E0%AE%BF" "Mozilla/4.0 (compatible; MSIE 8.0; Windows NT 5.1; Trident/4.0; GTB7.3; InfoPath.2)"
50.57.190.90 - - [21/Apr/2012:11:08:06 -0700] "GET /s/ta/220k/ HTTP/1.0" 302 449 "-" "Mozilla/5.0 (Windows; U; Windows NT 5.1; en-US; rv:1.9) Gecko/2008052906 Firefox/3.0"
50.56.58.47 - - [21/Apr/2012:11:08:06 -0700] "GET /r/220k HTTP/1.0" 301 257 "-" "Mozilla/5.0 (Windows; U; Windows NT 5.1; en-US; rv:1.9) Gecko/2008052906 Firefox/3.0"
50.57.68.14 - - [21/Apr/2012:11:08:06 -0700] "GET /s/ta/220k/ HTTP/1.0" 302 449 "-" "Mozilla/5.0 (Windows; U; Windows NT 5.1; en-US; rv:1.9) Gecko/2008052906 Firefox/3.0"
83.96.56.18 - - [21/Apr/2012:11:08:31 -0700] "GET /r/220k HTTP/1.1" 301 257 "http://ta.wikipedia.org/wiki/%E0%AE%9A%E0%AF%86%E0%AE%AF%E0%AE%B1%E0%AF%8D%E0%AE%95%E0%AF%88_%E0%AE%AA%E0%AF%86%E0%AE%A3%E0%AF%8D%E0%AE%95%E0%AF%81%E0%AE%B1%E0%AE%BF" "Mozilla/4.0 (compatible; MSIE 8.0; Windows NT 5.1; Trident/4.0; GTB7.3; InfoPath.2)"
83.96.56.18 - - [21/Apr/2012:11:08:32 -0700] "GET /s/ta/220k/ HTTP/1.1" 302 449 "http://ta.wikipedia.org/wiki/%E0%AE%9A%E0%AF%86%E0%AE%AF%E0%AE%B1%E0%AF%8D%E0%AE%95%E0%AF%88_%E0%AE%AA%E0%AF%86%E0%AE%A3%E0%AF%8D%E0%AE%95%E0%AF%81%E0%AE%B1%E0%AE%BF" "Mozilla/4.0 (compatible; MSIE 8.0; Windows NT 5.1; Trident/4.0; GTB7.3; InfoPath.2)"
157.55.112.206 - - [21/Apr/2012:11:08:47 -0700] "-" 400 0 "-" "-"
157.55.112.206 - - [21/Apr/2012:11:08:47 -0700] "-" 400 0 "-" "-"
207.46.193.36 - - [21/Apr/2012:11:08:47 -0700] "-" 400 0 "-" "-"
157.55.112.206 - - [21/Apr/2012:11:08:48 -0700] "-" 400 0 "-" "-"
157.55.112.206 - - [21/Apr/2012:11:08:54 -0700] "-" 400 0 "-" "-"
157.55.112.206 - - [21/Apr/2012:11:08:54 -0700] "-" 400 0 "-" "-"
157.55.112.206 - - [21/Apr/2012:11:08:56 -0700] "-" 400 0 "-" "-"
157.55.112.206 - - [21/Apr/2012:11:08:56 -0700] "-" 400 0 "-" "-"
59.92.71.189 - - [21/Apr/2012:11:08:59 -0700] "-" 400 0 "-" "-"
59.92.71.189 - - [21/Apr/2012:11:08:59 -0700] "-" 400 0 "-" "-"
59.92.71.189 - - [21/Apr/2012:11:08:59 -0700] "-" 400 0 "-" "-"
59.92.71.189 - - [21/Apr/2012:11:08:59 -0700] "-" 400 0 "-" "-"
59.92.71.189 - - [21/Apr/2012:11:08:59 -0700] "-" 400 0 "-" "-"
157.55.112.206 - - [21/Apr/2012:11:09:01 -0700] "-" 400 0 "-" "-"
157.55.112.206 - - [21/Apr/2012:11:09:02 -0700] "-" 400 0 "-" "-"
157.55.112.206 - - [21/Apr/2012:11:09:04 -0700] "-" 400 0 "-" "-"
157.55.112.206 - - [21/Apr/2012:11:09:04 -0700] "-" 400 0 "-" "-"
157.55.112.206 - - [21/Apr/2012:11:09:07 -0700] "-" 400 0 "-" "-"
59.92.71.189 - - [21/Apr/2012:11:09:19 -0700] "-" 400 0 "-" "-"
69.171.234.2 - - [21/Apr/2012:11:09:24 -0700] "GET /r/1nvz HTTP/1.1" 301 257 "-" "facebookexternalhit/1.1 (+http://www.facebook.com/externalhit_uatext.php)"
69.171.234.7 - - [21/Apr/2012:11:09:24 -0700] "GET /s/ta/1nvz/ HTTP/1.1" 302 365 "-" "facebookexternalhit/1.1 (+http://www.facebook.com/externalhit_uatext.php)"
157.55.112.206 - - [21/Apr/2012:11:09:53 -0700] "-" 400 0 "-" "-"
92.236.48.4 - - [21/Apr/2012:11:10:47 -0700] "-" 400 0 "-" "-"
85.17.88.169 - - [21/Apr/2012:11:12:06 -0700] "POST /blog/wp-cron.php?doing_wp_cron=1335031515 HTTP/1.0" 499 0 "-" "WordPress/3.3.1; http://yuvi.in/blog"
209.85.238.182 - - [21/Apr/2012:11:12:07 -0700] "GET /blog/feed HTTP/1.1" 301 0 "-" "Feedfetcher-Google; (+http://www.google.com/feedfetcher.html; 3 subscribers; feed-id=17684830852112633560)"
85.17.88.169 - - [21/Apr/2012:11:12:09 -0700] "POST /blog/wp-cron.php?doing_wp_cron=1335031518 HTTP/1.0" 499 0 "-" "WordPress/3.3.1; http://yuvi.in/blog"
209.85.238.182 - - [21/Apr/2012:11:12:09 -0700] "GET /blog/feed/ HTTP/1.1" 304 0 "-" "Feedfetcher-Google; (+http://www.google.com/feedfetcher.html; 3 subscribers; feed-id=17684830852112633560)"
157.55.112.204 - - [21/Apr/2012:11:14:17 -0700] "-" 400 0 "-" "-"
157.55.112.204 - - [21/Apr/2012:11:14:17 -0700] "-" 400 0 "-" "-"
157.55.112.204 - - [21/Apr/2012:11:14:18 -0700] "-" 400 0 "-" "-"
157.55.112.204 - - [21/Apr/2012:11:14:21 -0700] "-" 400 0 "-" "-"
157.55.112.204 - - [21/Apr/2012:11:14:21 -0700] "-" 400 0 "-" "-"
157.55.112.204 - - [21/Apr/2012:11:14:22 -0700] "-" 400 0 "-" "-"
157.55.112.204 - - [21/Apr/2012:11:14:22 -0700] "-" 400 0 "-" "-"
157.55.112.204 - - [21/Apr/2012:11:14:22 -0700] "-" 400 0 "-" "-"
157.55.112.204 - - [21/Apr/2012:11:14:23 -0700] "-" 400 0 "-" "-"
157.55.112.204 - - [21/Apr/2012:11:14:23 -0700] "-" 400 0 "-" "-"
157.55.112.204 - - [21/Apr/2012:11:14:23 -0700] "-" 400 0 "-" "-"
85.17.88.169 - - [21/Apr/2012:11:16:43 -0700] "POST /blog/wp-cron.php?doing_wp_cron=1335031792 HTTP/1.0" 499 0 "-" "WordPress/3.3.1; http://yuvi.in/blog"
209.85.224.88 - - [21/Apr/2012:11:16:43 -0700] "GET /blog/feed HTTP/1.1" 304 0 "-" "FeedBurner/1.0 (http://www.FeedBurner.com)"
69.126.131.173 - - [21/Apr/2012:11:16:46 -0700] "-" 400 0 "-" "-"
122.164.88.82 - - [21/Apr/2012:11:20:40 -0700] "-" 400 0 "-" "-"
122.164.88.82 - - [21/Apr/2012:11:20:45 -0700] "-" 400 0 "-" "-"
62.233.215.135 - - [21/Apr/2012:11:21:25 -0700] "GET /blog/moving-to-vim-from-emacs.html HTTP/1.1" 200 2657 "http://www.google.com/url?sa=t&rct=j&q=from%20emacs%20to%20vim&source=web&cd=5&ved=0CEkQFjAE&url=http%3A%2F%2Fyuvi.in%2Fblog%2Fmoving-to-vim-from-emacs.html&ei=CPmST8n4FovIswbz4JXNBA&usg=AFQjCNFDH22f3e_OFiBflaVRz4z_s_6FcA&cad=rja" "Mozilla/5.0 (X11; Ubuntu; Linux x86_64; rv:11.0) Gecko/20100101 Firefox/11.0"
62.233.215.135 - - [21/Apr/2012:11:21:26 -0700] "GET /blog/static/style.css HTTP/1.1" 200 4753 "http://yuvi.in/blog/moving-to-vim-from-emacs.html" "Mozilla/5.0 (X11; Ubuntu; Linux x86_64; rv:11.0) Gecko/20100101 Firefox/11.0"
62.233.215.135 - - [21/Apr/2012:11:21:26 -0700] "GET /blog/static/codehilite.css HTTP/1.1" 200 4012 "http://yuvi.in/blog/moving-to-vim-from-emacs.html" "Mozilla/5.0 (X11; Ubuntu; Linux x86_64; rv:11.0) Gecko/20100101 Firefox/11.0"
62.233.215.135 - - [21/Apr/2012:11:21:27 -0700] "GET /favicon.ico HTTP/1.1" 404 142 "-" "Mozilla/5.0 (X11; Ubuntu; Linux x86_64; rv:11.0) Gecko/20100101 Firefox/11.0"
62.233.215.135 - - [21/Apr/2012:11:21:27 -0700] "GET /favicon.ico HTTP/1.1" 404 142 "-" "Mozilla/5.0 (X11; Ubuntu; Linux x86_64; rv:11.0) Gecko/20100101 Firefox/11.0"
122.174.77.220 - - [21/Apr/2012:11:21:50 -0700] "-" 400 0 "-" "-"
66.220.149.251 - - [21/Apr/2012:11:21:52 -0700] "GET /r/2rvh HTTP/1.1" 301 257 "-" "facebookexternalhit/1.1 (+http://www.facebook.com/externalhit_uatext.php)"
66.220.149.246 - - [21/Apr/2012:11:21:52 -0700] "GET /s/ta/2rvh/ HTTP/1.1" 302 591 "-" "facebookexternalhit/1.1 (+http://www.facebook.com/externalhit_uatext.php)"
91.205.96.19 - - [21/Apr/2012:11:23:37 -0700] "GET /robots.txt HTTP/1.1" 404 169 "-" "Mozilla/5.0 (compatible; WBSearchBot/1.1; +http://www.warebay.com/bot.html)"
91.205.96.19 - - [21/Apr/2012:11:23:39 -0700] "GET /robots.txt HTTP/1.1" 404 169 "-" "Mozilla/5.0 (compatible; WBSearchBot/1.1; +http://www.warebay.com/bot.html)"
91.205.96.19 - - [21/Apr/2012:11:23:43 -0700] "GET / HTTP/1.1" 200 3439 "-" "Mozilla/5.0 (compatible; WBSearchBot/1.1; +http://www.warebay.com/bot.html)"
91.205.96.19 - - [21/Apr/2012:11:23:44 -0700] "GET / HTTP/1.1" 200 3439 "-" "Mozilla/5.0 (compatible; WBSearchBot/1.1; +http://www.warebay.com/bot.html)"
91.205.96.19 - - [21/Apr/2012:11:23:46 -0700] "GET /blog/ HTTP/1.1" 200 33214 "-" "Mozilla/5.0 (compatible; WBSearchBot/1.1; +http://www.warebay.com/bot.html)"
91.205.96.19 - - [21/Apr/2012:11:23:47 -0700] "GET /POSM/ HTTP/1.1" 200 6528 "-" "Mozilla/5.0 (compatible; WBSearchBot/1.1; +http://www.warebay.com/bot.html)"
85.17.88.169 - - [21/Apr/2012:11:23:51 -0700] "POST /blog/wp-cron.php?doing_wp_cron=1335032220 HTTP/1.0" 499 0 "-" "WordPress/3.3.1; http://yuvi.in/blog"
91.205.96.19 - - [21/Apr/2012:11:23:51 -0700] "GET /blog/sleepsort-4chan/ HTTP/1.1" 200 16722 "-" "Mozilla/5.0 (compatible; WBSearchBot/1.1; +http://www.warebay.com/bot.html)"
85.17.88.169 - - [21/Apr/2012:11:23:53 -0700] "POST /blog/wp-cron.php?doing_wp_cron=1335032222 HTTP/1.0" 499 0 "-" "WordPress/3.3.1; http://yuvi.in/blog"
91.205.96.19 - - [21/Apr/2012:11:23:54 -0700] "GET /blog/devlog-may-2011/ HTTP/1.1" 200 22834 "-" "Mozilla/5.0 (compatible; WBSearchBot/1.1; +http://www.warebay.com/bot.html)"
91.205.96.19 - - [21/Apr/2012:11:23:56 -0700] "GET /blog/anatomy-of-an-impromptu-hackathon-git-vs-svn.html HTTP/1.1" 200 8586 "-" "Mozilla/5.0 (compatible; WBSearchBot/1.1; +http://www.warebay.com/bot.html)"
85.17.88.169 - - [21/Apr/2012:11:24:01 -0700] "POST /blog/wp-cron.php?doing_wp_cron=1335032230 HTTP/1.0" 499 0 "-" "WordPress/3.3.1; http://yuvi.in/blog"
91.205.96.19 - - [21/Apr/2012:11:24:01 -0700] "GET /blog/work-life-balance.htmlhttp://yuvi.in/blog/work-life-balance.html HTTP/1.1" 404 12307 "-" "Mozilla/5.0 (compatible; WBSearchBot/1.1; +http://www.warebay.com/bot.html)"
91.205.96.19 - - [21/Apr/2012:11:24:03 -0700] "GET /blog HTTP/1.1" 301 178 "-" "Mozilla/5.0 (compatible; WBSearchBot/1.1; +http://www.warebay.com/bot.html)"
91.205.96.19 - - [21/Apr/2012:11:24:06 -0700] "GET /blog/cheese-2-31-1-released.html HTTP/1.1" 200 10050 "-" "Mozilla/5.0 (compatible; WBSearchBot/1.1; +http://www.warebay.com/bot.html)"
122.174.77.220 - - [21/Apr/2012:11:24:07 -0700] "-" 400 0 "-" "-"
91.205.96.19 - - [21/Apr/2012:11:24:07 -0700] "GET /MadamHut/r/Unassessed_India_articles/ HTTP/1.1" 404 169 "-" "Mozilla/5.0 (compatible; WBSearchBot/1.1; +http://www.warebay.com/bot.html)"
91.205.96.19 - - [21/Apr/2012:11:24:10 -0700] "GET /stories HTTP/1.1" 301 185 "-" "Mozilla/5.0 (compatible; WBSearchBot/1.1; +http://www.warebay.com/bot.html)"
85.17.88.169 - - [21/Apr/2012:11:24:14 -0700] "POST /blog/wp-cron.php?doing_wp_cron=1335032243 HTTP/1.0" 499 0 "-" "WordPress/3.3.1; http://yuvi.in/blog"
91.205.96.19 - - [21/Apr/2012:11:24:14 -0700] "GET /blog/feed/ HTTP/1.1" 200 21729 "-" "Mozilla/5.0 (compatible; WBSearchBot/1.1; +http://www.warebay.com/bot.html)"
91.205.96.19 - - [21/Apr/2012:11:24:18 -0700] "GET /blog/feed/atom/ HTTP/1.1" 200 24092 "-" "Mozilla/5.0 (compatible; WBSearchBot/1.1; +http://www.warebay.com/bot.html)"
91.205.96.19 - - [21/Apr/2012:11:24:21 -0700] "GET /blog/xmlrpc.php HTTP/1.1" 200 53 "-" "Mozilla/5.0 (compatible; WBSearchBot/1.1; +http://www.warebay.com/bot.html)"
91.205.96.19 - - [21/Apr/2012:11:24:23 -0700] "GET /blog/xmlrpc.php?rsd HTTP/1.1" 200 822 "-" "Mozilla/5.0 (compatible; WBSearchBot/1.1; +http://www.warebay.com/bot.html)"
91.205.96.19 - - [21/Apr/2012:11:24:24 -0700] "GET /blog/wp-includes/wlwmanifest.xml HTTP/1.1" 200 1053 "-" "Mozilla/5.0 (compatible; WBSearchBot/1.1; +http://www.warebay.com/bot.html)"
91.205.96.19 - - [21/Apr/2012:11:24:28 -0700] "GET /blog/index.html HTTP/1.1" 404 12307 "-" "Mozilla/5.0 (compatible; WBSearchBot/1.1; +http://www.warebay.com/bot.html)"
91.205.96.19 - - [21/Apr/2012:11:24:30 -0700] "GET /blog/category/code/ HTTP/1.1" 200 38703 "-" "Mozilla/5.0 (compatible; WBSearchBot/1.1; +http://www.warebay.com/bot.html)"
91.205.96.19 - - [21/Apr/2012:11:24:33 -0700] "GET /blog/my-vimrc/ HTTP/1.1" 200 15921 "-" "Mozilla/5.0 (compatible; WBSearchBot/1.1; +http://www.warebay.com/bot.html)"
91.205.96.19 - - [21/Apr/2012:11:24:35 -0700] "GET /blog/category/personal/ HTTP/1.1" 200 46048 "-" "Mozilla/5.0 (compatible; WBSearchBot/1.1; +http://www.warebay.com/bot.html)"
91.205.96.19 - - [21/Apr/2012:11:24:39 -0700] "GET /blog/college-drop/ HTTP/1.1" 200 18315 "-" "Mozilla/5.0 (compatible; WBSearchBot/1.1; +http://www.warebay.com/bot.html)"
91.205.96.19 - - [21/Apr/2012:11:24:41 -0700] "GET /blog/passing-headers-proxying-nginx/ HTTP/1.1" 200 16610 "-" "Mozilla/5.0 (compatible; WBSearchBot/1.1; +http://www.warebay.com/bot.html)"
91.205.96.19 - - [21/Apr/2012:11:24:43 -0700] "GET /blog/program/ HTTP/1.1" 200 27142 "-" "Mozilla/5.0 (compatible; WBSearchBot/1.1; +http://www.warebay.com/bot.html)"
91.205.96.19 - - [21/Apr/2012:11:24:46 -0700] "GET /blog/category/devlog/ HTTP/1.1" 200 43214 "-" "Mozilla/5.0 (compatible; WBSearchBot/1.1; +http://www.warebay.com/bot.html)"
91.205.96.19 - - [21/Apr/2012:11:24:48 -0700] "GET /blog/devlog-december-26-2011/ HTTP/1.1" 200 16614 "-" "Mozilla/5.0 (compatible; WBSearchBot/1.1; +http://www.warebay.com/bot.html)"
91.205.96.19 - - [21/Apr/2012:11:24:51 -0700] "GET /blog/devlog-december-23-2011/ HTTP/1.1" 200 16429 "-" "Mozilla/5.0 (compatible; WBSearchBot/1.1; +http://www.warebay.com/bot.html)"
91.205.96.19 - - [21/Apr/2012:11:24:53 -0700] "GET /blog/devlog-december-21-2011/ HTTP/1.1" 200 17041 "-" "Mozilla/5.0 (compatible; WBSearchBot/1.1; +http://www.warebay.com/bot.html)"
91.205.96.19 - - [21/Apr/2012:11:24:56 -0700] "GET /blog/devlog-december-11-2011/ HTTP/1.1" 200 16512 "-" "Mozilla/5.0 (compatible; WBSearchBot/1.1; +http://www.warebay.com/bot.html)"
91.205.96.19 - - [21/Apr/2012:11:24:59 -0700] "GET /blog/devlog-december-10-2011/ HTTP/1.1" 200 16306 "-" "Mozilla/5.0 (compatible; WBSearchBot/1.1; +http://www.warebay.com/bot.html)"
122.174.77.220 - - [21/Apr/2012:11:25:00 -0700] "-" 400 0 "-" "-"
91.205.96.19 - - [21/Apr/2012:11:25:01 -0700] "GET /blog/devlog-december-7-2011/ HTTP/1.1" 200 16753 "-" "Mozilla/5.0 (compatible; WBSearchBot/1.1; +http://www.warebay.com/bot.html)"
91.205.96.19 - - [21/Apr/2012:11:25:03 -0700] "GET /blog/program/trackback/ HTTP/1.1" 302 0 "-" "Mozilla/5.0 (compatible; WBSearchBot/1.1; +http://www.warebay.com/bot.html)"
91.205.96.19 - - [21/Apr/2012:11:25:45 -0700] "GET /stories/ HTTP/1.1" 200 3515 "-" "Mozilla/5.0 (compatible; WBSearchBot/1.1; +http://www.warebay.com/bot.html)"
91.205.96.19 - - [21/Apr/2012:11:25:48 -0700] "GET /stories/treat-of-a-lifetime.html HTTP/1.1" 200 6394 "-" "Mozilla/5.0 (compatible; WBSearchBot/1.1; +http://www.warebay.com/bot.html)"
85.17.88.169 - - [21/Apr/2012:11:25:52 -0700] "POST /blog/wp-cron.php?doing_wp_cron=1335032341 HTTP/1.0" 499 0 "-" "WordPress/3.3.1; http://yuvi.in/blog"
91.205.96.19 - - [21/Apr/2012:11:25:52 -0700] "GET /blog/2009/09/ HTTP/1.1" 200 16578 "-" "Mozilla/5.0 (compatible; WBSearchBot/1.1; +http://www.warebay.com/bot.html)"
85.17.88.169 - - [21/Apr/2012:11:25:56 -0700] "POST /blog/wp-cron.php?doing_wp_cron=1335032345 HTTP/1.0" 499 0 "-" "WordPress/3.3.1; http://yuvi.in/blog"
91.205.96.19 - - [21/Apr/2012:11:25:57 -0700] "GET /blog/tag/note-to-future-self/ HTTP/1.1" 200 15456 "-" "Mozilla/5.0 (compatible; WBSearchBot/1.1; +http://www.warebay.com/bot.html)"
91.205.96.19 - - [21/Apr/2012:11:25:57 -0700] "GET /code HTTP/1.1" 404 169 "-" "Mozilla/5.0 (compatible; WBSearchBot/1.1; +http://www.warebay.com/bot.html)"
91.205.96.19 - - [21/Apr/2012:11:25:59 -0700] "GET /blog/what-i-learnt-from-the-hackfest-at-iitm.html HTTP/1.1" 200 8807 "-" "Mozilla/5.0 (compatible; WBSearchBot/1.1; +http://www.warebay.com/bot.html)"
91.205.96.19 - - [21/Apr/2012:11:26:01 -0700] "GET /stories/tag/red.html HTTP/1.1" 200 2454 "-" "Mozilla/5.0 (compatible; WBSearchBot/1.1; +http://www.warebay.com/bot.html)"
85.17.88.169 - - [21/Apr/2012:11:26:05 -0700] "POST /blog/wp-cron.php?doing_wp_cron=1335032354 HTTP/1.0" 499 0 "-" "WordPress/3.3.1; http://yuvi.in/blog"
