173.169.226.223 - - [12/Apr/2012:16:38:14 -0700] "GET /AssessmentBar/r/Unassessed_India_articles/ HTTP/1.1" 302 337 "http://en.wikipedia.org/wiki/Namita_Gokhale" "Mozilla/5.0 (Windows NT 6.1) AppleWebKit/534.54.16 (KHTML, like Gecko) Version/5.1.4 Safari/534.54.16"
173.169.226.223 - - [12/Apr/2012:16:38:22 -0700] "GET /AssessmentBar/r/Unassessed_India_articles/ HTTP/1.1" 302 325 "http://en.wikipedia.org/wiki/Govt._Higher_Secondary_Institute_Botingoo" "Mozilla/5.0 (Windows NT 6.1) AppleWebKit/534.54.16 (KHTML, like Gecko) Version/5.1.4 Safari/534.54.16"
209.105.242.146 - - [12/Apr/2012:16:38:59 -0700] "-" 400 0 "-" "-"
173.169.226.223 - - [12/Apr/2012:16:39:53 -0700] "GET /AssessmentBar/r/Unassessed_India_articles/ HTTP/1.1" 302 285 "http://en.wikipedia.org/wiki/Institute_of_Rural_Management_Anand" "Mozilla/5.0 (Windows NT 6.1) AppleWebKit/534.54.16 (KHTML, like Gecko) Version/5.1.4 Safari/534.54.16"
173.169.226.223 - - [12/Apr/2012:16:40:31 -0700] "GET /AssessmentBar/r/Unassessed_India_articles/ HTTP/1.1" 302 289 "http://en.wikipedia.org/wiki/Bellary_Raghava" "Mozilla/5.0 (Windows NT 6.1) AppleWebKit/534.54.16 (KHTML, like Gecko) Version/5.1.4 Safari/534.54.16"
173.169.226.223 - - [12/Apr/2012:16:40:59 -0700] "GET /AssessmentBar/r/Unassessed_India_articles/ HTTP/1.1" 302 333 "http://en.wikipedia.org/wiki/Indians_in_Russia" "Mozilla/5.0 (Windows NT 6.1) AppleWebKit/534.54.16 (KHTML, like Gecko) Version/5.1.4 Safari/534.54.16"
173.169.226.223 - - [12/Apr/2012:16:41:08 -0700] "GET /AssessmentBar/r/Unassessed_India_articles/ HTTP/1.1" 302 279 "http://en.wikipedia.org/wiki/Zee_Cine_Special_Award_for_Hall_of_Fame" "Mozilla/5.0 (Windows NT 6.1) AppleWebKit/534.54.16 (KHTML, like Gecko) Version/5.1.4 Safari/534.54.16"
173.169.226.223 - - [12/Apr/2012:16:41:12 -0700] "GET /AssessmentBar/r/Unassessed_India_articles/ HTTP/1.1" 302 331 "http://en.wikipedia.org/wiki/Anchalumoodu" "Mozilla/5.0 (Windows NT 6.1) AppleWebKit/534.54.16 (KHTML, like Gecko) Version/5.1.4 Safari/534.54.16"
173.169.226.223 - - [12/Apr/2012:16:41:15 -0700] "GET /AssessmentBar/r/Unassessed_India_articles/ HTTP/1.1" 302 321 "http://en.wikipedia.org/wiki/Nallan_Chakravartula_Krishnamacharyulu" "Mozilla/5.0 (Windows NT 6.1) AppleWebKit/534.54.16 (KHTML, like Gecko) Version/5.1.4 Safari/534.54.16"
85.17.88.169 - - [12/Apr/2012:16:41:33 -0700] "POST /blog/wp-cron.php?doing_wp_cron=1334273751 HTTP/1.0" 499 0 "-" "WordPress/3.3.1; http://yuvi.in/blog"
101.226.33.188 - - [12/Apr/2012:16:41:33 -0700] "GET /blog/feed HTTP/1.0" 304 0 "-" "Mozilla/4.0 (compatible; Windows;)"
208.115.113.84 - - [12/Apr/2012:16:41:44 -0700] "GET /robots.txt HTTP/1.1" 404 169 "-" "Mozilla/5.0 (compatible; Ezooms/1.0; ezooms.bot@gmail.com)"
66.249.71.101 - - [12/Apr/2012:16:42:49 -0700] "GET /chennai/stage/2717/ HTTP/1.1" 404 142 "-" "Mozilla/5.0 (compatible; Googlebot/2.1; +http://www.google.com/bot.html)"
207.46.204.172 - - [12/Apr/2012:16:43:09 -0700] "-" 400 0 "-" "-"
207.46.204.172 - - [12/Apr/2012:16:43:09 -0700] "-" 400 0 "-" "-"
207.46.204.172 - - [12/Apr/2012:16:43:09 -0700] "-" 400 0 "-" "-"
207.46.204.172 - - [12/Apr/2012:16:43:11 -0700] "-" 400 0 "-" "-"
207.46.204.172 - - [12/Apr/2012:16:43:12 -0700] "-" 400 0 "-" "-"
207.46.204.172 - - [12/Apr/2012:16:43:12 -0700] "-" 400 0 "-" "-"
207.46.204.172 - - [12/Apr/2012:16:43:12 -0700] "-" 400 0 "-" "-"
207.46.204.172 - - [12/Apr/2012:16:43:14 -0700] "-" 400 0 "-" "-"
207.46.204.172 - - [12/Apr/2012:16:43:14 -0700] "-" 400 0 "-" "-"
207.46.204.172 - - [12/Apr/2012:16:43:14 -0700] "-" 400 0 "-" "-"
207.46.204.172 - - [12/Apr/2012:16:43:14 -0700] "-" 400 0 "-" "-"
207.46.204.172 - - [12/Apr/2012:16:43:15 -0700] "-" 400 0 "-" "-"
173.169.226.223 - - [12/Apr/2012:16:43:21 -0700] "GET /AssessmentBar/r/Unassessed_India_articles/ HTTP/1.1" 302 271 "http://en.wikipedia.org/wiki/Roman_Catholic_Diocese_of_Jashpur" "Mozilla/5.0 (Windows NT 6.1) AppleWebKit/534.54.16 (KHTML, like Gecko) Version/5.1.4 Safari/534.54.16"
173.169.226.223 - - [12/Apr/2012:16:44:03 -0700] "GET /AssessmentBar/r/Unassessed_India_articles/ HTTP/1.1" 302 301 "http://en.wikipedia.org/wiki/N._Jothi" "Mozilla/5.0 (Windows NT 6.1) AppleWebKit/534.54.16 (KHTML, like Gecko) Version/5.1.4 Safari/534.54.16"
173.169.226.223 - - [12/Apr/2012:16:44:25 -0700] "GET /AssessmentBar/r/Unassessed_India_articles/ HTTP/1.1" 302 287 "http://en.wikipedia.org/wiki/William_Hope_Meiklejohn" "Mozilla/5.0 (Windows NT 6.1) AppleWebKit/534.54.16 (KHTML, like Gecko) Version/5.1.4 Safari/534.54.16"
173.169.226.223 - - [12/Apr/2012:16:44:33 -0700] "GET /AssessmentBar/r/Unassessed_India_articles/ HTTP/1.1" 302 277 "http://en.wikipedia.org/wiki/Bharani_Pictures" "Mozilla/5.0 (Windows NT 6.1) AppleWebKit/534.54.16 (KHTML, like Gecko) Version/5.1.4 Safari/534.54.16"
69.9.84.242 - - [12/Apr/2012:16:44:34 -0700] "GET /r/4vz HTTP/1.1" 301 255 "http://www.facebook.com/l.php?u=http%3A%2F%2Ftawp.in%2Fr%2F4vz&h=CAQFjwHP8AQFDexe0ac9_2phnYMKJ4URSOXExFCou_8hmXA" "Mozilla/5.0 (Windows NT 6.1; WOW64) AppleWebKit/535.19 (KHTML, like Gecko) Chrome/18.0.1025.152 Safari/535.19"
69.9.84.242 - - [12/Apr/2012:16:44:34 -0700] "GET /s/ta/4vz/ HTTP/1.1" 302 473 "http://www.facebook.com/l.php?u=http%3A%2F%2Ftawp.in%2Fr%2F4vz&h=CAQFjwHP8AQFDexe0ac9_2phnYMKJ4URSOXExFCou_8hmXA" "Mozilla/5.0 (Windows NT 6.1; WOW64) AppleWebKit/535.19 (KHTML, like Gecko) Chrome/18.0.1025.152 Safari/535.19"
173.169.226.223 - - [12/Apr/2012:16:45:04 -0700] "GET /AssessmentBar/r/Unassessed_India_articles/ HTTP/1.1" 302 293 "http://en.wikipedia.org/wiki/Dalit_Voice" "Mozilla/5.0 (Windows NT 6.1) AppleWebKit/534.54.16 (KHTML, like Gecko) Version/5.1.4 Safari/534.54.16"
173.169.226.223 - - [12/Apr/2012:16:45:37 -0700] "GET /AssessmentBar/r/Unassessed_India_articles/ HTTP/1.1" 302 279 "http://en.wikipedia.org/wiki/Sita_Devi_of_Baroda" "Mozilla/5.0 (Windows NT 6.1) AppleWebKit/534.54.16 (KHTML, like Gecko) Version/5.1.4 Safari/534.54.16"
173.169.226.223 - - [12/Apr/2012:16:46:44 -0700] "GET /AssessmentBar/r/Unassessed_India_articles/ HTTP/1.1" 302 295 "http://en.wikipedia.org/wiki/Dhananjayans" "Mozilla/5.0 (Windows NT 6.1) AppleWebKit/534.54.16 (KHTML, like Gecko) Version/5.1.4 Safari/534.54.16"
173.169.226.223 - - [12/Apr/2012:16:46:49 -0700] "GET /AssessmentBar/r/Unassessed_India_articles/ HTTP/1.1" 302 283 "http://en.wikipedia.org/wiki/Telugu_films_of_1945" "Mozilla/5.0 (Windows NT 6.1) AppleWebKit/534.54.16 (KHTML, like Gecko) Version/5.1.4 Safari/534.54.16"
173.169.226.223 - - [12/Apr/2012:16:46:55 -0700] "GET /AssessmentBar/r/Unassessed_India_articles/ HTTP/1.1" 302 331 "http://en.wikipedia.org/wiki/Inathukanpatti" "Mozilla/5.0 (Windows NT 6.1) AppleWebKit/534.54.16 (KHTML, like Gecko) Version/5.1.4 Safari/534.54.16"
173.169.226.223 - - [12/Apr/2012:16:47:00 -0700] "GET /AssessmentBar/r/Unassessed_India_articles/ HTTP/1.1" 302 279 "http://en.wikipedia.org/wiki/Indian_states_ranking_by_literacy_rate" "Mozilla/5.0 (Windows NT 6.1) AppleWebKit/534.54.16 (KHTML, like Gecko) Version/5.1.4 Safari/534.54.16"
173.169.226.223 - - [12/Apr/2012:16:47:35 -0700] "GET /AssessmentBar/r/Unassessed_India_articles/ HTTP/1.1" 302 295 "http://en.wikipedia.org/wiki/Meena_Estate" "Mozilla/5.0 (Windows NT 6.1) AppleWebKit/534.54.16 (KHTML, like Gecko) Version/5.1.4 Safari/534.54.16"
173.169.226.223 - - [12/Apr/2012:16:48:03 -0700] "GET /AssessmentBar/r/Unassessed_India_articles/ HTTP/1.1" 302 289 "http://en.wikipedia.org/wiki/Kennel_Club_of_India" "Mozilla/5.0 (Windows NT 6.1) AppleWebKit/534.54.16 (KHTML, like Gecko) Version/5.1.4 Safari/534.54.16"
173.169.226.223 - - [12/Apr/2012:16:48:50 -0700] "GET /AssessmentBar/r/Unassessed_India_articles/ HTTP/1.1" 302 297 "http://en.wikipedia.org/wiki/Talk:Gaddam_Vivekanand" "Mozilla/5.0 (Windows NT 6.1) AppleWebKit/534.54.16 (KHTML, like Gecko) Version/5.1.4 Safari/534.54.16"
85.17.88.169 - - [12/Apr/2012:16:49:06 -0700] "POST /blog/wp-cron.php?doing_wp_cron=1334274204 HTTP/1.0" 499 0 "-" "WordPress/3.3.1; http://yuvi.in/blog"
72.14.199.121 - - [12/Apr/2012:16:49:06 -0700] "GET /blog/feed/ HTTP/1.1" 304 0 "-" "Feedfetcher-Google; (+http://www.google.com/feedfetcher.html; 19 subscribers; feed-id=15064232456473204253)"
173.169.226.223 - - [12/Apr/2012:16:49:13 -0700] "GET /AssessmentBar/r/Unassessed_India_articles/ HTTP/1.1" 302 273 "http://en.wikipedia.org/wiki/Life_Ise_Gale_Laga_Le" "Mozilla/5.0 (Windows NT 6.1) AppleWebKit/534.54.16 (KHTML, like Gecko) Version/5.1.4 Safari/534.54.16"
173.169.226.223 - - [12/Apr/2012:16:49:21 -0700] "GET /AssessmentBar/r/Unassessed_India_articles/ HTTP/1.1" 302 295 "http://en.wikipedia.org/wiki/Avadhnama" "Mozilla/5.0 (Windows NT 6.1) AppleWebKit/534.54.16 (KHTML, like Gecko) Version/5.1.4 Safari/534.54.16"
173.169.226.223 - - [12/Apr/2012:16:49:26 -0700] "GET /AssessmentBar/r/Unassessed_India_articles/ HTTP/1.1" 302 283 "http://en.wikipedia.org/wiki/Dilawar_Singh_Babbar" "Mozilla/5.0 (Windows NT 6.1) AppleWebKit/534.54.16 (KHTML, like Gecko) Version/5.1.4 Safari/534.54.16"
173.169.226.223 - - [12/Apr/2012:16:49:55 -0700] "GET /AssessmentBar/r/Unassessed_India_articles/ HTTP/1.1" 302 289 "http://en.wikipedia.org/wiki/Kannagi_(film)" "Mozilla/5.0 (Windows NT 6.1) AppleWebKit/534.54.16 (KHTML, like Gecko) Version/5.1.4 Safari/534.54.16"
173.169.226.223 - - [12/Apr/2012:16:50:39 -0700] "GET /AssessmentBar/r/Unassessed_India_articles/ HTTP/1.1" 302 279 "http://en.wikipedia.org/wiki/Ganga_(2006_film)" "Mozilla/5.0 (Windows NT 6.1) AppleWebKit/534.54.16 (KHTML, like Gecko) Version/5.1.4 Safari/534.54.16"
173.169.226.223 - - [12/Apr/2012:16:51:13 -0700] "GET /AssessmentBar/r/Unassessed_India_articles/ HTTP/1.1" 302 305 "http://en.wikipedia.org/wiki/Poonam_Bajwa" "Mozilla/5.0 (Windows NT 6.1) AppleWebKit/534.54.16 (KHTML, like Gecko) Version/5.1.4 Safari/534.54.16"
173.169.226.223 - - [12/Apr/2012:16:51:49 -0700] "GET /AssessmentBar/r/Unassessed_India_articles/ HTTP/1.1" 302 281 "http://en.wikipedia.org/wiki/India%E2%80%93Nigeria_relations" "Mozilla/5.0 (Windows NT 6.1) AppleWebKit/534.54.16 (KHTML, like Gecko) Version/5.1.4 Safari/534.54.16"
173.169.226.223 - - [12/Apr/2012:16:52:06 -0700] "GET /AssessmentBar/r/Unassessed_India_articles/ HTTP/1.1" 302 421 "http://en.wikipedia.org/wiki/Savitri_River" "Mozilla/5.0 (Windows NT 6.1) AppleWebKit/534.54.16 (KHTML, like Gecko) Version/5.1.4 Safari/534.54.16"
173.169.226.223 - - [12/Apr/2012:16:52:11 -0700] "GET /AssessmentBar/r/Unassessed_India_articles/ HTTP/1.1" 302 289 "http://en.wikipedia.org/wiki/Baroda_School_of_Legal_Studies,_Faculty_of_Law,_M.S._University_of_Baroda,_Vadodara" "Mozilla/5.0 (Windows NT 6.1) AppleWebKit/534.54.16 (KHTML, like Gecko) Version/5.1.4 Safari/534.54.16"
173.169.226.223 - - [12/Apr/2012:16:52:14 -0700] "GET /AssessmentBar/r/Unassessed_India_articles/ HTTP/1.1" 302 265 "http://en.wikipedia.org/wiki/2011_I-League_U19" "Mozilla/5.0 (Windows NT 6.1) AppleWebKit/534.54.16 (KHTML, like Gecko) Version/5.1.4 Safari/534.54.16"
173.169.226.223 - - [12/Apr/2012:16:52:32 -0700] "GET /AssessmentBar/r/Unassessed_India_articles/ HTTP/1.1" 302 309 "http://en.wikipedia.org/wiki/Kanya" "Mozilla/5.0 (Windows NT 6.1) AppleWebKit/534.54.16 (KHTML, like Gecko) Version/5.1.4 Safari/534.54.16"
173.169.226.223 - - [12/Apr/2012:16:52:53 -0700] "GET /AssessmentBar/r/Unassessed_India_articles/ HTTP/1.1" 302 287 "http://en.wikipedia.org/wiki/MG_Road,_Thiruvananthapuram" "Mozilla/5.0 (Windows NT 6.1) AppleWebKit/534.54.16 (KHTML, like Gecko) Version/5.1.4 Safari/534.54.16"
173.169.226.223 - - [12/Apr/2012:16:53:04 -0700] "GET /AssessmentBar/r/Unassessed_India_articles/ HTTP/1.1" 302 285 "http://en.wikipedia.org/wiki/Phillip_Zarrilli" "Mozilla/5.0 (Windows NT 6.1) AppleWebKit/534.54.16 (KHTML, like Gecko) Version/5.1.4 Safari/534.54.16"
173.169.226.223 - - [12/Apr/2012:16:53:22 -0700] "GET /AssessmentBar/r/Unassessed_India_articles/ HTTP/1.1" 302 299 "http://en.wikipedia.org/wiki/Sikkim_Gold_Cup" "Mozilla/5.0 (Windows NT 6.1) AppleWebKit/534.54.16 (KHTML, like Gecko) Version/5.1.4 Safari/534.54.16"
67.215.230.26 - - [12/Apr/2012:16:53:29 -0700] "GET /robots.txt HTTP/1.0" 404 169 "-" "Setooz/Nutch-1.2 (http://www.setooz.com)"
67.215.230.26 - - [12/Apr/2012:16:53:29 -0700] "GET / HTTP/1.0" 200 3439 "-" "Setooz/Nutch-1.2 (http://www.setooz.com)"
173.169.226.223 - - [12/Apr/2012:16:53:30 -0700] "GET /AssessmentBar/r/Unassessed_India_articles/ HTTP/1.1" 302 269 "http://en.wikipedia.org/wiki/Madison_Communications" "Mozilla/5.0 (Windows NT 6.1) AppleWebKit/534.54.16 (KHTML, like Gecko) Version/5.1.4 Safari/534.54.16"
67.215.230.27 - - [12/Apr/2012:16:53:30 -0700] "GET /robots.txt HTTP/1.0" 404 169 "-" "Setooz/Nutch-1.2 (http://www.setooz.com)"
67.215.230.27 - - [12/Apr/2012:16:53:30 -0700] "GET /stories HTTP/1.0" 301 185 "-" "Setooz/Nutch-1.2 (http://www.setooz.com)"
173.169.226.223 - - [12/Apr/2012:16:53:54 -0700] "GET /AssessmentBar/r/Unassessed_India_articles/ HTTP/1.1" 302 283 "http://en.wikipedia.org/wiki/Induism" "Mozilla/5.0 (Windows NT 6.1) AppleWebKit/534.54.16 (KHTML, like Gecko) Version/5.1.4 Safari/534.54.16"
173.169.226.223 - - [12/Apr/2012:16:54:19 -0700] "GET /AssessmentBar/r/Unassessed_India_articles/ HTTP/1.1" 302 277 "http://en.wikipedia.org/wiki/Jehangir_Mehta" "Mozilla/5.0 (Windows NT 6.1) AppleWebKit/534.54.16 (KHTML, like Gecko) Version/5.1.4 Safari/534.54.16"
66.220.147.247 - - [12/Apr/2012:16:54:37 -0700] "GET /r/7bu HTTP/1.1" 301 255 "-" "facebookexternalhit/1.1 (+http://www.facebook.com/externalhit_uatext.php)"
66.220.147.247 - - [12/Apr/2012:16:54:37 -0700] "GET /s/ta/7bu/ HTTP/1.1" 302 337 "-" "facebookexternalhit/1.1 (+http://www.facebook.com/externalhit_uatext.php)"
173.169.226.223 - - [12/Apr/2012:16:54:41 -0700] "GET /AssessmentBar/r/Unassessed_India_articles/ HTTP/1.1" 302 307 "http://en.wikipedia.org/wiki/Indira_Kher" "Mozilla/5.0 (Windows NT 6.1) AppleWebKit/534.54.16 (KHTML, like Gecko) Version/5.1.4 Safari/534.54.16"
173.169.226.223 - - [12/Apr/2012:16:54:45 -0700] "GET /AssessmentBar/r/Unassessed_India_articles/ HTTP/1.1" 302 269 "http://en.wikipedia.org/wiki/Vigneshwara_Maha_Vidyalaya" "Mozilla/5.0 (Windows NT 6.1) AppleWebKit/534.54.16 (KHTML, like Gecko) Version/5.1.4 Safari/534.54.16"
173.169.226.223 - - [12/Apr/2012:16:55:28 -0700] "GET /AssessmentBar/r/Unassessed_India_articles/ HTTP/1.1" 302 273 "http://en.wikipedia.org/wiki/Talk:Maikavu" "Mozilla/5.0 (Windows NT 6.1) AppleWebKit/534.54.16 (KHTML, like Gecko) Version/5.1.4 Safari/534.54.16"
188.223.12.143 - - [12/Apr/2012:16:55:46 -0700] "GET / HTTP/1.1" 200 1430 "-" "Reeder/1.5.5 CFNetwork/548.1.4 Darwin/11.0.0"
188.223.12.143 - - [12/Apr/2012:16:55:46 -0700] "GET /favicon.ico HTTP/1.1" 404 142 "-" "Reeder/1.5.5 CFNetwork/548.1.4 Darwin/11.0.0"
188.223.12.143 - - [12/Apr/2012:16:55:46 -0700] "GET /apple-touch-icon.png HTTP/1.1" 404 142 "-" "Reeder/1.5.5 CFNetwork/548.1.4 Darwin/11.0.0"
188.223.12.143 - - [12/Apr/2012:16:55:47 -0700] "GET /apple-touch-icon-precomposed.png HTTP/1.1" 404 142 "-" "Reeder/1.5.5 CFNetwork/548.1.4 Darwin/11.0.0"
173.169.226.223 - - [12/Apr/2012:16:55:51 -0700] "GET /AssessmentBar/r/Unassessed_India_articles/ HTTP/1.1" 302 397 "http://en.wikipedia.org/wiki/JJ_Valaya" "Mozilla/5.0 (Windows NT 6.1) AppleWebKit/534.54.16 (KHTML, like Gecko) Version/5.1.4 Safari/534.54.16"
173.169.226.223 - - [12/Apr/2012:16:55:55 -0700] "GET /AssessmentBar/r/Unassessed_India_articles/ HTTP/1.1" 302 299 "http://en.wikipedia.org/wiki/Swimming_at_the_2010_Commonwealth_Games_%E2%80%93_Men's_50_metre_freestyle_S9" "Mozilla/5.0 (Windows NT 6.1) AppleWebKit/534.54.16 (KHTML, like Gecko) Version/5.1.4 Safari/534.54.16"
173.169.226.223 - - [12/Apr/2012:16:56:28 -0700] "GET /AssessmentBar/r/Unassessed_India_articles/ HTTP/1.1" 302 281 "http://en.wikipedia.org/wiki/Bangalore_Fashion_Week" "Mozilla/5.0 (Windows NT 6.1) AppleWebKit/534.54.16 (KHTML, like Gecko) Version/5.1.4 Safari/534.54.16"
173.169.226.223 - - [12/Apr/2012:16:56:32 -0700] "GET /AssessmentBar/r/Unassessed_India_articles/ HTTP/1.1" 302 281 "http://en.wikipedia.org/wiki/Rajendra_Setu" "Mozilla/5.0 (Windows NT 6.1) AppleWebKit/534.54.16 (KHTML, like Gecko) Version/5.1.4 Safari/534.54.16"
66.249.71.101 - - [12/Apr/2012:16:56:48 -0700] "GET /chennai/stage/2720/ HTTP/1.1" 404 142 "-" "Mozilla/5.0 (compatible; Googlebot/2.1; +http://www.google.com/bot.html)"
173.169.226.223 - - [12/Apr/2012:16:58:12 -0700] "GET /AssessmentBar/r/Unassessed_India_articles/ HTTP/1.1" 302 297 "http://en.wikipedia.org/wiki/T_C_Narendran" "Mozilla/5.0 (Windows NT 6.1) AppleWebKit/534.54.16 (KHTML, like Gecko) Version/5.1.4 Safari/534.54.16"
173.169.226.223 - - [12/Apr/2012:16:58:48 -0700] "GET /AssessmentBar/r/Unassessed_India_articles/ HTTP/1.1" 302 273 "http://en.wikipedia.org/wiki/Delhi_conspiracy_case" "Mozilla/5.0 (Windows NT 6.1) AppleWebKit/534.54.16 (KHTML, like Gecko) Version/5.1.4 Safari/534.54.16"
208.115.111.68 - - [12/Apr/2012:16:59:16 -0700] "GET /robots.txt HTTP/1.1" 404 169 "-" "Mozilla/5.0 (compatible; Ezooms/1.0; ezooms.bot@gmail.com)"
173.169.226.223 - - [12/Apr/2012:16:59:20 -0700] "GET /AssessmentBar/r/Unassessed_India_articles/ HTTP/1.1" 302 273 "http://en.wikipedia.org/w/index.php?title=Talk:Shilajeet&action=edit" "Mozilla/5.0 (Windows NT 6.1) AppleWebKit/534.54.16 (KHTML, like Gecko) Version/5.1.4 Safari/534.54.16"
173.169.226.223 - - [12/Apr/2012:16:59:50 -0700] "GET /AssessmentBar/r/Unassessed_India_articles/ HTTP/1.1" 302 293 "http://en.wikipedia.org/wiki/Thambatty" "Mozilla/5.0 (Windows NT 6.1) AppleWebKit/534.54.16 (KHTML, like Gecko) Version/5.1.4 Safari/534.54.16"
173.169.226.223 - - [12/Apr/2012:16:59:57 -0700] "GET /AssessmentBar/r/Unassessed_India_articles/ HTTP/1.1" 302 297 "http://en.wikipedia.org/wiki/Somapura_Mahavihara" "Mozilla/5.0 (Windows NT 6.1) AppleWebKit/534.54.16 (KHTML, like Gecko) Version/5.1.4 Safari/534.54.16"
173.169.226.223 - - [12/Apr/2012:17:00:01 -0700] "GET /AssessmentBar/r/Unassessed_India_articles/ HTTP/1.1" 302 281 "http://en.wikipedia.org/wiki/Gumti_River_(Tripura)" "Mozilla/5.0 (Windows NT 6.1) AppleWebKit/534.54.16 (KHTML, like Gecko) Version/5.1.4 Safari/534.54.16"
173.169.226.223 - - [12/Apr/2012:17:00:21 -0700] "GET /AssessmentBar/r/Unassessed_India_articles/ HTTP/1.1" 302 285 "http://en.wikipedia.org/wiki/Santokh_Bagga" "Mozilla/5.0 (Windows NT 6.1) AppleWebKit/534.54.16 (KHTML, like Gecko) Version/5.1.4 Safari/534.54.16"
173.169.226.223 - - [12/Apr/2012:17:01:19 -0700] "GET /AssessmentBar/r/Unassessed_India_articles/ HTTP/1.1" 302 293 "http://en.wikipedia.org/wiki/Tuticorin_block" "Mozilla/5.0 (Windows NT 6.1) AppleWebKit/534.54.16 (KHTML, like Gecko) Version/5.1.4 Safari/534.54.16"
173.169.226.223 - - [12/Apr/2012:17:01:36 -0700] "GET /AssessmentBar/r/Unassessed_India_articles/ HTTP/1.1" 302 333 "http://en.wikipedia.org/wiki/Spectrum_Foundation" "Mozilla/5.0 (Windows NT 6.1) AppleWebKit/534.54.16 (KHTML, like Gecko) Version/5.1.4 Safari/534.54.16"
173.169.226.223 - - [12/Apr/2012:17:01:43 -0700] "GET /AssessmentBar/r/Unassessed_India_articles/ HTTP/1.1" 302 283 "http://en.wikipedia.org/wiki/Zee_Cine_Award_for_Lifetime_Achievement" "Mozilla/5.0 (Windows NT 6.1) AppleWebKit/534.54.16 (KHTML, like Gecko) Version/5.1.4 Safari/534.54.16"
173.169.226.223 - - [12/Apr/2012:17:02:17 -0700] "GET /AssessmentBar/r/Unassessed_India_articles/ HTTP/1.1" 302 279 "http://en.wikipedia.org/wiki/Gareth_Sparham" "Mozilla/5.0 (Windows NT 6.1) AppleWebKit/534.54.16 (KHTML, like Gecko) Version/5.1.4 Safari/534.54.16"
173.169.226.223 - - [12/Apr/2012:17:02:55 -0700] "GET /AssessmentBar/r/Unassessed_India_articles/ HTTP/1.1" 302 285 "http://en.wikipedia.org/wiki/Swargarohini" "Mozilla/5.0 (Windows NT 6.1) AppleWebKit/534.54.16 (KHTML, like Gecko) Version/5.1.4 Safari/534.54.16"
85.195.101.146 - - [12/Apr/2012:17:03:01 -0700] "GET / HTTP/1.1" 404 211 "http://domains.checkparams.com/index.php?q=tawp.in" "Mozilla/5.0 (compatible; DCPbot/1.2; +http://domains.checkparams.com/)"
173.169.226.223 - - [12/Apr/2012:17:03:33 -0700] "GET /AssessmentBar/r/Unassessed_India_articles/ HTTP/1.1" 302 271 "http://en.wikipedia.org/w/index.php?title=Talk:Malaysia_Nanban&action=edit" "Mozilla/5.0 (Windows NT 6.1) AppleWebKit/534.54.16 (KHTML, like Gecko) Version/5.1.4 Safari/534.54.16"
173.169.226.223 - - [12/Apr/2012:17:03:42 -0700] "GET /AssessmentBar/r/Unassessed_India_articles/ HTTP/1.1" 302 321 "http://en.wikipedia.org/wiki/Longleng" "Mozilla/5.0 (Windows NT 6.1) AppleWebKit/534.54.16 (KHTML, like Gecko) Version/5.1.4 Safari/534.54.16"
173.169.226.223 - - [12/Apr/2012:17:03:59 -0700] "GET /AssessmentBar/r/Unassessed_India_articles/ HTTP/1.1" 302 273 "http://en.wikipedia.org/wiki/Engineers_Without_Borders_(India)" "Mozilla/5.0 (Windows NT 6.1) AppleWebKit/534.54.16 (KHTML, like Gecko) Version/5.1.4 Safari/534.54.16"
173.169.226.223 - - [12/Apr/2012:17:04:17 -0700] "GET /AssessmentBar/r/Unassessed_India_articles/ HTTP/1.1" 302 277 "http://en.wikipedia.org/wiki/Vallicode" "Mozilla/5.0 (Windows NT 6.1) AppleWebKit/534.54.16 (KHTML, like Gecko) Version/5.1.4 Safari/534.54.16"
173.169.226.223 - - [12/Apr/2012:17:04:59 -0700] "GET /AssessmentBar/r/Unassessed_India_articles/ HTTP/1.1" 302 319 "http://en.wikipedia.org/wiki/Dalel_Singh" "Mozilla/5.0 (Windows NT 6.1) AppleWebKit/534.54.16 (KHTML, like Gecko) Version/5.1.4 Safari/534.54.16"
173.169.226.223 - - [12/Apr/2012:17:05:29 -0700] "GET /AssessmentBar/r/Unassessed_India_articles/ HTTP/1.1" 302 281 "http://en.wikipedia.org/wiki/Delhi_Stock_Exchange_Association" "Mozilla/5.0 (Windows NT 6.1) AppleWebKit/534.54.16 (KHTML, like Gecko) Version/5.1.4 Safari/534.54.16"
173.169.226.223 - - [12/Apr/2012:17:06:02 -0700] "GET /AssessmentBar/r/Unassessed_India_articles/ HTTP/1.1" 302 273 "http://en.wikipedia.org/w/index.php?title=Talk:Nilgiri_Hills&action=edit" "Mozilla/5.0 (Windows NT 6.1) AppleWebKit/534.54.16 (KHTML, like Gecko) Version/5.1.4 Safari/534.54.16"
66.249.71.101 - - [12/Apr/2012:17:06:05 -0700] "GET /chennai/stage/2721/ HTTP/1.1" 404 142 "-" "Mozilla/5.0 (compatible; Googlebot/2.1; +http://www.google.com/bot.html)"
85.17.88.169 - - [12/Apr/2012:17:06:14 -0700] "POST /blog/wp-cron.php?doing_wp_cron=1334275233 HTTP/1.0" 499 0 "-" "WordPress/3.3.1; http://yuvi.in/blog"
209.85.224.87 - - [12/Apr/2012:17:06:14 -0700] "GET /blog/feed HTTP/1.1" 304 0 "-" "FeedBurner/1.0 (http://www.FeedBurner.com)"
173.169.226.223 - - [12/Apr/2012:17:06:32 -0700] "GET /AssessmentBar/r/Unassessed_India_articles/ HTTP/1.1" 302 273 "http://en.wikipedia.org/wiki/Sholapith" "Mozilla/5.0 (Windows NT 6.1) AppleWebKit/534.54.16 (KHTML, like Gecko) Version/5.1.4 Safari/534.54.16"
173.169.226.223 - - [12/Apr/2012:17:06:54 -0700] "GET /AssessmentBar/r/Unassessed_India_articles/ HTTP/1.1" 302 285 "http://en.wikipedia.org/wiki/Bhishmaka" "Mozilla/5.0 (Windows NT 6.1) AppleWebKit/534.54.16 (KHTML, like Gecko) Version/5.1.4 Safari/534.54.16"
173.169.226.223 - - [12/Apr/2012:17:08:21 -0700] "GET /AssessmentBar/r/Unassessed_India_articles/ HTTP/1.1" 302 285 "http://en.wikipedia.org/wiki/Mannar_massacre" "Mozilla/5.0 (Windows NT 6.1) AppleWebKit/534.54.16 (KHTML, like Gecko) Version/5.1.4 Safari/534.54.16"
188.223.12.143 - - [12/Apr/2012:17:08:30 -0700] "GET / HTTP/1.1" 200 1430 "-" "Reeder/1.5.5 CFNetwork/548.1.4 Darwin/11.0.0"
188.223.12.143 - - [12/Apr/2012:17:08:31 -0700] "GET /favicon.ico HTTP/1.1" 404 142 "-" "Reeder/1.5.5 CFNetwork/548.1.4 Darwin/11.0.0"
188.223.12.143 - - [12/Apr/2012:17:08:31 -0700] "GET /apple-touch-icon.png HTTP/1.1" 404 142 "-" "Reeder/1.5.5 CFNetwork/548.1.4 Darwin/11.0.0"
188.223.12.143 - - [12/Apr/2012:17:08:31 -0700] "GET /apple-touch-icon-precomposed.png HTTP/1.1" 404 142 "-" "Reeder/1.5.5 CFNetwork/548.1.4 Darwin/11.0.0"
173.169.226.223 - - [12/Apr/2012:17:08:49 -0700] "GET /AssessmentBar/r/Unassessed_India_articles/ HTTP/1.1" 302 277 "http://en.wikipedia.org/wiki/The_Gentoo_Code" "Mozilla/5.0 (Windows NT 6.1) AppleWebKit/534.54.16 (KHTML, like Gecko) Version/5.1.4 Safari/534.54.16"
207.46.199.23 - - [12/Apr/2012:17:09:07 -0700] "-" 400 0 "-" "-"
207.46.199.23 - - [12/Apr/2012:17:09:07 -0700] "-" 400 0 "-" "-"
207.46.199.23 - - [12/Apr/2012:17:09:08 -0700] "-" 400 0 "-" "-"
207.46.199.23 - - [12/Apr/2012:17:09:11 -0700] "-" 400 0 "-" "-"
207.46.199.23 - - [12/Apr/2012:17:09:13 -0700] "-" 400 0 "-" "-"
207.46.199.23 - - [12/Apr/2012:17:09:13 -0700] "-" 400 0 "-" "-"
207.46.199.23 - - [12/Apr/2012:17:09:13 -0700] "-" 400 0 "-" "-"
207.46.199.23 - - [12/Apr/2012:17:09:15 -0700] "-" 400 0 "-" "-"
173.169.226.223 - - [12/Apr/2012:17:09:16 -0700] "GET /AssessmentBar/r/Unassessed_India_articles/ HTTP/1.1" 302 293 "http://en.wikipedia.org/wiki/Dol_Purnima" "Mozilla/5.0 (Windows NT 6.1) AppleWebKit/534.54.16 (KHTML, like Gecko) Version/5.1.4 Safari/534.54.16"
207.46.199.23 - - [12/Apr/2012:17:09:16 -0700] "-" 400 0 "-" "-"
207.46.199.23 - - [12/Apr/2012:17:09:16 -0700] "-" 400 0 "-" "-"
207.46.199.23 - - [12/Apr/2012:17:09:16 -0700] "-" 400 0 "-" "-"
207.46.199.23 - - [12/Apr/2012:17:09:16 -0700] "-" 400 0 "-" "-"
173.169.226.223 - - [12/Apr/2012:17:09:52 -0700] "GET /AssessmentBar/r/Unassessed_India_articles/ HTTP/1.1" 302 299 "http://en.wikipedia.org/w/index.php?title=Talk:Taittiriya_Brahmana&action=edit" "Mozilla/5.0 (Windows NT 6.1) AppleWebKit/534.54.16 (KHTML, like Gecko) Version/5.1.4 Safari/534.54.16"
207.46.199.23 - - [12/Apr/2012:17:09:59 -0700] "-" 400 0 "-" "-"
173.169.226.223 - - [12/Apr/2012:17:10:12 -0700] "GET /AssessmentBar/r/Unassessed_India_articles/ HTTP/1.1" 302 295 "http://en.wikipedia.org/wiki/Indian_Railway_Library" "Mozilla/5.0 (Windows NT 6.1) AppleWebKit/534.54.16 (KHTML, like Gecko) Version/5.1.4 Safari/534.54.16"
173.169.226.223 - - [12/Apr/2012:17:10:23 -0700] "GET /AssessmentBar/r/Unassessed_India_articles/ HTTP/1.1" 302 329 "http://en.wikipedia.org/wiki/Bengal_school_of_art" "Mozilla/5.0 (Windows NT 6.1) AppleWebKit/534.54.16 (KHTML, like Gecko) Version/5.1.4 Safari/534.54.16"
69.171.234.6 - - [12/Apr/2012:17:10:47 -0700] "GET /r/1qjc HTTP/1.1" 301 257 "-" "facebookexternalhit/1.1 (+http://www.facebook.com/externalhit_uatext.php)"
69.171.234.5 - - [12/Apr/2012:17:10:47 -0700] "GET /s/ta/1qjc/ HTTP/1.1" 302 361 "-" "facebookexternalhit/1.1 (+http://www.facebook.com/externalhit_uatext.php)"
173.169.226.223 - - [12/Apr/2012:17:10:52 -0700] "GET /AssessmentBar/r/Unassessed_India_articles/ HTTP/1.1" 302 287 "http://en.wikipedia.org/wiki/Vizianagaram_(Lok_Sabha_constituency)" "Mozilla/5.0 (Windows NT 6.1) AppleWebKit/534.54.16 (KHTML, like Gecko) Version/5.1.4 Safari/534.54.16"
66.249.71.101 - - [12/Apr/2012:17:11:11 -0700] "GET /chennai/stage/2722/ HTTP/1.1" 404 142 "-" "Mozilla/5.0 (compatible; Googlebot/2.1; +http://www.google.com/bot.html)"
173.169.226.223 - - [12/Apr/2012:17:11:14 -0700] "GET /AssessmentBar/r/Unassessed_India_articles/ HTTP/1.1" 302 337 "http://en.wikipedia.org/wiki/Ma%C3%B1ju%C5%9Br%C4%ABmitra" "Mozilla/5.0 (Windows NT 6.1) AppleWebKit/534.54.16 (KHTML, like Gecko) Version/5.1.4 Safari/534.54.16"
173.169.226.223 - - [12/Apr/2012:17:14:15 -0700] "GET /AssessmentBar/r/Unassessed_India_articles/ HTTP/1.1" 302 289 "-" "Mozilla/5.0 (Windows NT 6.1) AppleWebKit/534.54.16 (KHTML, like Gecko) Version/5.1.4 Safari/534.54.16"
66.249.71.101 - - [12/Apr/2012:17:15:22 -0700] "GET /chennai/stage/2723/ HTTP/1.1" 404 142 "-" "Mozilla/5.0 (compatible; Googlebot/2.1; +http://www.google.com/bot.html)"
66.249.71.101 - - [12/Apr/2012:17:19:52 -0700] "GET /chennai/stage/2725/ HTTP/1.1" 404 142 "-" "Mozilla/5.0 (compatible; Googlebot/2.1; +http://www.google.com/bot.html)"
157.56.94.179 - - [12/Apr/2012:17:20:38 -0700] "GET /robots.txt HTTP/1.1" 404 142 "-" "msnbot/2.0b (+http://search.msn.com/msnbot.htm)"
157.56.94.179 - - [12/Apr/2012:17:20:38 -0700] "GET /r/4vj HTTP/1.1" 404 142 "-" "msnbot/2.0b (+http://search.msn.com/msnbot.htm)"
173.169.226.223 - - [12/Apr/2012:17:21:30 -0700] "GET /AssessmentBar/r/Unassessed_India_articles/ HTTP/1.1" 302 273 "http://en.wikipedia.org/wiki/Yashoda_Hospitals" "Mozilla/5.0 (Windows NT 6.1) AppleWebKit/534.54.16 (KHTML, like Gecko) Version/5.1.4 Safari/534.54.16"
173.169.226.223 - - [12/Apr/2012:17:21:52 -0700] "GET /AssessmentBar/r/Unassessed_India_articles/ HTTP/1.1" 302 309 "http://en.wikipedia.org/wiki/Detchanam" "Mozilla/5.0 (Windows NT 6.1) AppleWebKit/534.54.16 (KHTML, like Gecko) Version/5.1.4 Safari/534.54.16"
173.169.226.223 - - [12/Apr/2012:17:21:56 -0700] "GET /AssessmentBar/r/Unassessed_India_articles/ HTTP/1.1" 302 279 "http://en.wikipedia.org/wiki/Rajasthan_Assembly_Building" "Mozilla/5.0 (Windows NT 6.1) AppleWebKit/534.54.16 (KHTML, like Gecko) Version/5.1.4 Safari/534.54.16"
207.46.204.166 - - [12/Apr/2012:17:22:19 -0700] "-" 400 0 "-" "-"
207.46.204.166 - - [12/Apr/2012:17:22:19 -0700] "-" 400 0 "-" "-"
207.46.204.166 - - [12/Apr/2012:17:22:19 -0700] "-" 400 0 "-" "-"
207.46.204.166 - - [12/Apr/2012:17:22:19 -0700] "-" 400 0 "-" "-"
207.46.204.166 - - [12/Apr/2012:17:22:20 -0700] "-" 400 0 "-" "-"
207.46.204.166 - - [12/Apr/2012:17:22:20 -0700] "-" 400 0 "-" "-"
207.46.204.166 - - [12/Apr/2012:17:22:20 -0700] "-" 400 0 "-" "-"
207.46.204.166 - - [12/Apr/2012:17:22:20 -0700] "-" 400 0 "-" "-"
207.46.204.166 - - [12/Apr/2012:17:22:20 -0700] "-" 400 0 "-" "-"
173.169.226.223 - - [12/Apr/2012:17:22:21 -0700] "GET /AssessmentBar/r/Unassessed_India_articles/ HTTP/1.1" 302 283 "http://en.wikipedia.org/wiki/K._C._Pillai" "Mozilla/5.0 (Windows NT 6.1) AppleWebKit/534.54.16 (KHTML, like Gecko) Version/5.1.4 Safari/534.54.16"
173.169.226.223 - - [12/Apr/2012:17:22:27 -0700] "GET /AssessmentBar/r/Unassessed_India_articles/ HTTP/1.1" 302 313 "http://en.wikipedia.org/wiki/Agariya_people" "Mozilla/5.0 (Windows NT 6.1) AppleWebKit/534.54.16 (KHTML, like Gecko) Version/5.1.4 Safari/534.54.16"
173.169.226.223 - - [12/Apr/2012:17:22:33 -0700] "GET /AssessmentBar/r/Unassessed_India_articles/ HTTP/1.1" 302 315 "http://en.wikipedia.org/wiki/2006_dengue_outbreak_in_India" "Mozilla/5.0 (Windows NT 6.1) AppleWebKit/534.54.16 (KHTML, like Gecko) Version/5.1.4 Safari/534.54.16"
207.46.204.166 - - [12/Apr/2012:17:22:36 -0700] "-" 400 0 "-" "-"
207.46.204.166 - - [12/Apr/2012:17:22:36 -0700] "-" 400 0 "-" "-"
173.169.226.223 - - [12/Apr/2012:17:23:23 -0700] "GET /AssessmentBar/r/Unassessed_India_articles/ HTTP/1.1" 302 281 "http://en.wikipedia.org/wiki/John_Christian_Frederick_Heyer" "Mozilla/5.0 (Windows NT 6.1) AppleWebKit/534.54.16 (KHTML, like Gecko) Version/5.1.4 Safari/534.54.16"
173.169.226.223 - - [12/Apr/2012:17:23:52 -0700] "GET /AssessmentBar/r/Unassessed_India_articles/ HTTP/1.1" 302 299 "http://en.wikipedia.org/wiki/Mayuri_(film)" "Mozilla/5.0 (Windows NT 6.1) AppleWebKit/534.54.16 (KHTML, like Gecko) Version/5.1.4 Safari/534.54.16"
173.169.226.223 - - [12/Apr/2012:17:23:56 -0700] "GET /AssessmentBar/r/Unassessed_India_articles/ HTTP/1.1" 302 291 "http://en.wikipedia.org/wiki/Kasaraneni_Sadasivarao" "Mozilla/5.0 (Windows NT 6.1) AppleWebKit/534.54.16 (KHTML, like Gecko) Version/5.1.4 Safari/534.54.16"
66.249.71.101 - - [12/Apr/2012:17:24:27 -0700] "GET /chennai/stage/2727/ HTTP/1.1" 404 142 "-" "Mozilla/5.0 (compatible; Googlebot/2.1; +http://www.google.com/bot.html)"
85.17.88.169 - - [12/Apr/2012:17:24:29 -0700] "POST /blog/wp-cron.php?doing_wp_cron=1334276328 HTTP/1.0" 499 0 "-" "WordPress/3.3.1; http://yuvi.in/blog"
173.169.226.223 - - [12/Apr/2012:17:24:30 -0700] "GET /AssessmentBar/r/Unassessed_India_articles/ HTTP/1.1" 302 357 "http://en.wikipedia.org/wiki/Gujarati_phonology" "Mozilla/5.0 (Windows NT 6.1) AppleWebKit/534.54.16 (KHTML, like Gecko) Version/5.1.4 Safari/534.54.16"
46.251.237.187 - - [12/Apr/2012:17:24:30 -0700] "GET /blog/what-stop-child-athiest/ HTTP/1.0" 200 21092 "http://yuvi.in/blog/what-stop-child-athiest/" "Mozilla/4.0 (compatible; MSIE 8.0; Windows NT 6.1; WOW64; Trident/4.0; SLCC2; Media Center PC 6.0; InfoPath.2; MS-RTC LM 8)"
173.169.226.223 - - [12/Apr/2012:17:24:59 -0700] "GET /AssessmentBar/r/Unassessed_India_articles/ HTTP/1.1" 302 285 "http://en.wikipedia.org/wiki/Indian_Space_Research_Organisation_Satellite_Centre" "Mozilla/5.0 (Windows NT 6.1) AppleWebKit/534.54.16 (KHTML, like Gecko) Version/5.1.4 Safari/534.54.16"
69.171.229.246 - - [12/Apr/2012:17:25:16 -0700] "GET /r/1qjc HTTP/1.1" 301 257 "-" "facebookexternalhit/1.1 (+http://www.facebook.com/externalhit_uatext.php)"
69.171.229.250 - - [12/Apr/2012:17:25:17 -0700] "GET /s/ta/1qjc/ HTTP/1.1" 302 361 "-" "facebookexternalhit/1.1 (+http://www.facebook.com/externalhit_uatext.php)"
173.169.226.223 - - [12/Apr/2012:17:25:25 -0700] "GET /AssessmentBar/r/Unassessed_India_articles/ HTTP/1.1" 302 281 "http://en.wikipedia.org/wiki/Ujjaini_Express" "Mozilla/5.0 (Windows NT 6.1) AppleWebKit/534.54.16 (KHTML, like Gecko) Version/5.1.4 Safari/534.54.16"
173.169.226.223 - - [12/Apr/2012:17:25:29 -0700] "GET /AssessmentBar/r/Unassessed_India_articles/ HTTP/1.1" 302 315 "http://en.wikipedia.org/wiki/Bankura_horse" "Mozilla/5.0 (Windows NT 6.1) AppleWebKit/534.54.16 (KHTML, like Gecko) Version/5.1.4 Safari/534.54.16"
173.169.226.223 - - [12/Apr/2012:17:25:33 -0700] "GET /AssessmentBar/r/Unassessed_India_articles/ HTTP/1.1" 302 297 "http://en.wikipedia.org/wiki/Kendriya_Vidyalaya,_Sundargarh" "Mozilla/5.0 (Windows NT 6.1) AppleWebKit/534.54.16 (KHTML, like Gecko) Version/5.1.4 Safari/534.54.16"
117.193.224.77 - - [12/Apr/2012:17:25:37 -0700] "-" 400 0 "-" "-"
117.193.224.77 - - [12/Apr/2012:17:25:37 -0700] "-" 400 0 "-" "-"
117.193.224.77 - - [12/Apr/2012:17:25:37 -0700] "-" 400 0 "-" "-"
117.193.224.77 - - [12/Apr/2012:17:25:38 -0700] "-" 400 0 "-" "-"
117.193.224.77 - - [12/Apr/2012:17:25:38 -0700] "-" 400 0 "-" "-"
173.169.226.223 - - [12/Apr/2012:17:25:54 -0700] "GET /AssessmentBar/r/Unassessed_India_articles/ HTTP/1.1" 302 281 "http://en.wikipedia.org/wiki/Vasireddy_Sri_Krishna" "Mozilla/5.0 (Windows NT 6.1) AppleWebKit/534.54.16 (KHTML, like Gecko) Version/5.1.4 Safari/534.54.16"
117.193.224.77 - - [12/Apr/2012:17:25:58 -0700] "-" 400 0 "-" "-"
117.193.224.77 - - [12/Apr/2012:17:25:58 -0700] "-" 400 0 "-" "-"
117.193.224.77 - - [12/Apr/2012:17:25:58 -0700] "-" 400 0 "-" "-"
117.193.224.77 - - [12/Apr/2012:17:25:58 -0700] "-" 400 0 "-" "-"
69.171.229.245 - - [12/Apr/2012:17:26:07 -0700] "GET /r/1qjc HTTP/1.1" 301 257 "-" "facebookexternalhit/1.1 (+http://www.facebook.com/externalhit_uatext.php)"
69.171.229.249 - - [12/Apr/2012:17:26:07 -0700] "GET /s/ta/1qjc/ HTTP/1.1" 302 361 "-" "facebookexternalhit/1.1 (+http://www.facebook.com/externalhit_uatext.php)"
173.169.226.223 - - [12/Apr/2012:17:26:34 -0700] "GET /AssessmentBar/r/Unassessed_India_articles/ HTTP/1.1" 302 283 "http://en.wikipedia.org/wiki/Neerja_Bhanot" "Mozilla/5.0 (Windows NT 6.1) AppleWebKit/534.54.16 (KHTML, like Gecko) Version/5.1.4 Safari/534.54.16"
219.149.151.194 - - [12/Apr/2012:17:26:35 -0700] "HEAD / HTTP/1.0" 200 0 "-" "-"
173.169.226.223 - - [12/Apr/2012:17:26:59 -0700] "GET /AssessmentBar/r/Unassessed_India_articles/ HTTP/1.1" 302 299 "http://en.wikipedia.org/wiki/Agariya_people" "Mozilla/5.0 (Windows NT 6.1) AppleWebKit/534.54.16 (KHTML, like Gecko) Version/5.1.4 Safari/534.54.16"
173.169.226.223 - - [12/Apr/2012:17:27:02 -0700] "GET /AssessmentBar/r/Unassessed_India_articles/ HTTP/1.1" 302 321 "http://en.wikipedia.org/wiki/Yuhanon_Mor_Philexinos" "Mozilla/5.0 (Windows NT 6.1) AppleWebKit/534.54.16 (KHTML, like Gecko) Version/5.1.4 Safari/534.54.16"
173.169.226.223 - - [12/Apr/2012:17:27:06 -0700] "GET /AssessmentBar/r/Unassessed_India_articles/ HTTP/1.1" 302 283 "http://en.wikipedia.org/wiki/Saraswatichandra_(disambiguation)" "Mozilla/5.0 (Windows NT 6.1) AppleWebKit/534.54.16 (KHTML, like Gecko) Version/5.1.4 Safari/534.54.16"
173.169.226.223 - - [12/Apr/2012:17:27:32 -0700] "GET /AssessmentBar/r/Unassessed_India_articles/ HTTP/1.1" 302 293 "http://en.wikipedia.org/wiki/Jhelum_Express" "Mozilla/5.0 (Windows NT 6.1) AppleWebKit/534.54.16 (KHTML, like Gecko) Version/5.1.4 Safari/534.54.16"
173.169.226.223 - - [12/Apr/2012:17:27:37 -0700] "GET /AssessmentBar/r/Unassessed_India_articles/ HTTP/1.1" 302 329 "http://en.wikipedia.org/wiki/Perumbur_IInd_Sethi" "Mozilla/5.0 (Windows NT 6.1) AppleWebKit/534.54.16 (KHTML, like Gecko) Version/5.1.4 Safari/534.54.16"
8.28.16.254 - - [12/Apr/2012:17:27:50 -0700] "GET /blog HTTP/1.1" 301 178 "-" "Mozilla/4.0 (compatible; MSIE 7.0; Windows NT 5.1; InfoPath.1; .NET CLR 2.0.50727; .NET CLR 1.1.4322; MS-RTC LM 8; .NET CLR 3.0.4506.2152; .NET CLR 3.5.30729)"
85.17.88.169 - - [12/Apr/2012:17:27:52 -0700] "POST /blog/wp-cron.php?doing_wp_cron=1334276531 HTTP/1.0" 499 0 "-" "WordPress/3.3.1; http://yuvi.in/blog"
8.28.16.254 - - [12/Apr/2012:17:27:53 -0700] "GET /blog/ HTTP/1.1" 200 33202 "-" "Mozilla/4.0 (compatible; MSIE 7.0; Windows NT 5.1; InfoPath.1; .NET CLR 2.0.50727; .NET CLR 1.1.4322; MS-RTC LM 8; .NET CLR 3.0.4506.2152; .NET CLR 3.5.30729)"
169.145.3.23 - - [12/Apr/2012:17:27:53 -0700] "GET /blog HTTP/1.1" 301 178 "http://suren.in/2011/08/08/one-month-at-interviewstreet/" "Mozilla/5.0 (Macintosh; Intel Mac OS X 10.7; rv:7.0.1) Gecko/20100101 Firefox/7.0.1"
169.145.3.23 - - [12/Apr/2012:17:27:54 -0700] "GET /blog/ HTTP/1.1" 200 9194 "http://suren.in/2011/08/08/one-month-at-interviewstreet/" "Mozilla/5.0 (Macintosh; Intel Mac OS X 10.7; rv:7.0.1) Gecko/20100101 Firefox/7.0.1"
169.145.3.23 - - [12/Apr/2012:17:27:54 -0700] "GET /blog/wp-content/themes/cleanr/js/jquery.dropdown.js?ver=3.3.1 HTTP/1.1" 200 535 "http://yuvi.in/blog/" "Mozilla/5.0 (Macintosh; Intel Mac OS X 10.7; rv:7.0.1) Gecko/20100101 Firefox/7.0.1"
169.145.3.23 - - [12/Apr/2012:17:27:54 -0700] "GET /blog/wp-content/themes/cleanr/style.css HTTP/1.1" 200 10508 "http://yuvi.in/blog/" "Mozilla/5.0 (Macintosh; Intel Mac OS X 10.7; rv:7.0.1) Gecko/20100101 Firefox/7.0.1"
169.145.3.23 - - [12/Apr/2012:17:27:55 -0700] "GET /blog/wp-includes/js/jquery/jquery.js?ver=1.7.1 HTTP/1.1" 200 93889 "http://yuvi.in/blog/" "Mozilla/5.0 (Macintosh; Intel Mac OS X 10.7; rv:7.0.1) Gecko/20100101 Firefox/7.0.1"
169.145.3.23 - - [12/Apr/2012:17:27:55 -0700] "GET /blog/wp-content/themes/cleanr/css/text.css HTTP/1.1" 200 420 "http://yuvi.in/blog/wp-content/themes/cleanr/style.css" "Mozilla/5.0 (Macintosh; Intel Mac OS X 10.7; rv:7.0.1) Gecko/20100101 Firefox/7.0.1"
169.145.3.23 - - [12/Apr/2012:17:27:55 -0700] "GET /blog/wp-content/themes/cleanr/css/reset.css HTTP/1.1" 200 648 "http://yuvi.in/blog/wp-content/themes/cleanr/style.css" "Mozilla/5.0 (Macintosh; Intel Mac OS X 10.7; rv:7.0.1) Gecko/20100101 Firefox/7.0.1"
169.145.3.23 - - [12/Apr/2012:17:27:55 -0700] "GET /blog/wp-content/themes/cleanr/css/960.css HTTP/1.1" 200 3628 "http://yuvi.in/blog/wp-content/themes/cleanr/style.css" "Mozilla/5.0 (Macintosh; Intel Mac OS X 10.7; rv:7.0.1) Gecko/20100101 Firefox/7.0.1"
169.145.3.23 - - [12/Apr/2012:17:27:56 -0700] "GET /blog/wp-content/themes/cleanr/images/search_magnifier.gif HTTP/1.1" 200 394 "http://yuvi.in/blog/" "Mozilla/5.0 (Macintosh; Intel Mac OS X 10.7; rv:7.0.1) Gecko/20100101 Firefox/7.0.1"
169.145.3.23 - - [12/Apr/2012:17:27:56 -0700] "GET /favicon.ico HTTP/1.1" 404 142 "-" "Mozilla/5.0 (Macintosh; Intel Mac OS X 10.7; rv:7.0.1) Gecko/20100101 Firefox/7.0.1"
169.145.3.23 - - [12/Apr/2012:17:27:56 -0700] "GET /favicon.ico HTTP/1.1" 404 142 "-" "Mozilla/5.0 (Macintosh; Intel Mac OS X 10.7; rv:7.0.1) Gecko/20100101 Firefox/7.0.1"
173.169.226.223 - - [12/Apr/2012:17:28:01 -0700] "GET /AssessmentBar/r/Unassessed_India_articles/ HTTP/1.1" 302 295 "http://en.wikipedia.org/wiki/Swamijis_of_the_Ashta_Mathas_of_Udupi" "Mozilla/5.0 (Windows NT 6.1) AppleWebKit/534.54.16 (KHTML, like Gecko) Version/5.1.4 Safari/534.54.16"
85.17.88.169 - - [12/Apr/2012:17:28:04 -0700] "POST /blog/wp-cron.php?doing_wp_cron=1334276542 HTTP/1.0" 499 0 "-" "WordPress/3.3.1; http://yuvi.in/blog"
72.14.199.121 - - [12/Apr/2012:17:28:04 -0700] "GET /blog/feed HTTP/1.1" 301 0 "-" "Feedfetcher-Google; (+http://www.google.com/feedfetcher.html; 3 subscribers; feed-id=17684830852112633560)"
85.17.88.169 - - [12/Apr/2012:17:28:06 -0700] "POST /blog/wp-cron.php?doing_wp_cron=1334276545 HTTP/1.0" 499 0 "-" "WordPress/3.3.1; http://yuvi.in/blog"
72.14.199.121 - - [12/Apr/2012:17:28:06 -0700] "GET /blog/feed/ HTTP/1.1" 304 0 "-" "Feedfetcher-Google; (+http://www.google.com/feedfetcher.html; 3 subscribers; feed-id=17684830852112633560)"
173.169.226.223 - - [12/Apr/2012:17:28:10 -0700] "GET /AssessmentBar/r/Unassessed_India_articles/ HTTP/1.1" 302 275 "http://en.wikipedia.org/wiki/Telugu_films_of_1950" "Mozilla/5.0 (Windows NT 6.1) AppleWebKit/534.54.16 (KHTML, like Gecko) Version/5.1.4 Safari/534.54.16"
173.169.226.223 - - [12/Apr/2012:17:28:30 -0700] "GET /AssessmentBar/r/Unassessed_India_articles/ HTTP/1.1" 302 283 "http://en.wikipedia.org/wiki/Loha_Mandi" "Mozilla/5.0 (Windows NT 6.1) AppleWebKit/534.54.16 (KHTML, like Gecko) Version/5.1.4 Safari/534.54.16"
173.169.226.223 - - [12/Apr/2012:17:28:56 -0700] "GET /AssessmentBar/r/Unassessed_India_articles/ HTTP/1.1" 302 291 "http://en.wikipedia.org/wiki/V._K._Choudhry" "Mozilla/5.0 (Windows NT 6.1) AppleWebKit/534.54.16 (KHTML, like Gecko) Version/5.1.4 Safari/534.54.16"
173.169.226.223 - - [12/Apr/2012:17:29:40 -0700] "GET /AssessmentBar/r/Unassessed_India_articles/ HTTP/1.1" 302 359 "http://en.wikipedia.org/wiki/Last_vehicle_board" "Mozilla/5.0 (Windows NT 6.1) AppleWebKit/534.54.16 (KHTML, like Gecko) Version/5.1.4 Safari/534.54.16"
173.169.226.223 - - [12/Apr/2012:17:30:13 -0700] "GET /AssessmentBar/r/Unassessed_India_articles/ HTTP/1.1" 302 293 "http://en.wikipedia.org/wiki/Holy_Cross_Convent_School,_Akola,_Maharashtra,_India" "Mozilla/5.0 (Windows NT 6.1) AppleWebKit/534.54.16 (KHTML, like Gecko) Version/5.1.4 Safari/534.54.16"
173.169.226.223 - - [12/Apr/2012:17:30:19 -0700] "GET /AssessmentBar/r/Unassessed_India_articles/ HTTP/1.1" 302 299 "http://en.wikipedia.org/wiki/Koshish_(TV_series)" "Mozilla/5.0 (Windows NT 6.1) AppleWebKit/534.54.16 (KHTML, like Gecko) Version/5.1.4 Safari/534.54.16"
69.171.229.244 - - [12/Apr/2012:17:30:29 -0700] "GET /r/1qjc HTTP/1.1" 301 257 "-" "facebookexternalhit/1.1 (+http://www.facebook.com/externalhit_uatext.php)"
69.171.229.249 - - [12/Apr/2012:17:30:29 -0700] "GET /s/ta/1qjc/ HTTP/1.1" 302 361 "-" "facebookexternalhit/1.1 (+http://www.facebook.com/externalhit_uatext.php)"
173.169.226.223 - - [12/Apr/2012:17:30:51 -0700] "GET /AssessmentBar/r/Unassessed_India_articles/ HTTP/1.1" 302 269 "http://en.wikipedia.org/wiki/Carmel_School,_Kolkata" "Mozilla/5.0 (Windows NT 6.1) AppleWebKit/534.54.16 (KHTML, like Gecko) Version/5.1.4 Safari/534.54.16"
85.17.88.169 - - [12/Apr/2012:17:31:00 -0700] "POST /blog/wp-cron.php?doing_wp_cron=1334276718 HTTP/1.0" 499 0 "-" "WordPress/3.3.1; http://yuvi.in/blog"
100.43.83.144 - - [12/Apr/2012:17:31:00 -0700] "GET /blog/2011/07/ HTTP/1.1" 200 3882 "-" "Mozilla/5.0 (compatible; YandexBot/3.0; +http://yandex.com/bots)"
85.17.88.169 - - [12/Apr/2012:17:31:22 -0700] "POST /blog/wp-cron.php?doing_wp_cron=1334276741 HTTP/1.0" 499 0 "-" "WordPress/3.3.1; http://yuvi.in/blog"
97.117.125.23 - - [12/Apr/2012:17:31:22 -0700] "GET /blog/favicon.ico HTTP/1.1" 404 3016 "-" "Mozilla/5.0 (Windows NT 5.1; rv:11.0) Gecko/20100101 Firefox/11.0"
173.169.226.223 - - [12/Apr/2012:17:31:34 -0700] "GET /AssessmentBar/r/Unassessed_India_articles/ HTTP/1.1" 302 269 "http://en.wikipedia.org/wiki/Munjane" "Mozilla/5.0 (Windows NT 6.1) AppleWebKit/534.54.16 (KHTML, like Gecko) Version/5.1.4 Safari/534.54.16"
173.169.226.223 - - [12/Apr/2012:17:31:38 -0700] "GET /AssessmentBar/r/Unassessed_India_articles/ HTTP/1.1" 302 281 "http://en.wikipedia.org/wiki/Pragati" "Mozilla/5.0 (Windows NT 6.1) AppleWebKit/534.54.16 (KHTML, like Gecko) Version/5.1.4 Safari/534.54.16"
209.85.224.90 - - [12/Apr/2012:17:31:39 -0700] "GET /stories/feed HTTP/1.1" 200 13653 "-" "FeedBurner/1.0 (http://www.FeedBurner.com)"
173.169.226.223 - - [12/Apr/2012:17:31:41 -0700] "GET /AssessmentBar/r/Unassessed_India_articles/ HTTP/1.1" 302 299 "http://en.wikipedia.org/wiki/Dhanna_Bhagat" "Mozilla/5.0 (Windows NT 6.1) AppleWebKit/534.54.16 (KHTML, like Gecko) Version/5.1.4 Safari/534.54.16"
173.169.226.223 - - [12/Apr/2012:17:31:47 -0700] "GET /AssessmentBar/r/Unassessed_India_articles/ HTTP/1.1" 302 311 "http://en.wikipedia.org/wiki/Pulimukham_Devi_Temple" "Mozilla/5.0 (Windows NT 6.1) AppleWebKit/534.54.16 (KHTML, like Gecko) Version/5.1.4 Safari/534.54.16"
173.169.226.223 - - [12/Apr/2012:17:31:52 -0700] "GET /AssessmentBar/r/Unassessed_India_articles/ HTTP/1.1" 302 343 "http://en.wikipedia.org/wiki/Subramanian_(disambiguation)" "Mozilla/5.0 (Windows NT 6.1) AppleWebKit/534.54.16 (KHTML, like Gecko) Version/5.1.4 Safari/534.54.16"
173.169.226.223 - - [12/Apr/2012:17:32:13 -0700] "GET /AssessmentBar/r/Unassessed_India_articles/ HTTP/1.1" 302 327 "http://en.wikipedia.org/wiki/Pakistani_cricket_team_in_India_in_1960%E2%80%9361" "Mozilla/5.0 (Windows NT 6.1) AppleWebKit/534.54.16 (KHTML, like Gecko) Version/5.1.4 Safari/534.54.16"
173.169.226.223 - - [12/Apr/2012:17:32:17 -0700] "GET /AssessmentBar/r/Unassessed_India_articles/ HTTP/1.1" 302 295 "http://en.wikipedia.org/wiki/Pataliputra_(Lok_Sabha_constituency)" "Mozilla/5.0 (Windows NT 6.1) AppleWebKit/534.54.16 (KHTML, like Gecko) Version/5.1.4 Safari/534.54.16"
173.169.226.223 - - [12/Apr/2012:17:32:20 -0700] "GET /AssessmentBar/r/Unassessed_India_articles/ HTTP/1.1" 302 269 "http://en.wikipedia.org/wiki/Laxman_Public_School" "Mozilla/5.0 (Windows NT 6.1) AppleWebKit/534.54.16 (KHTML, like Gecko) Version/5.1.4 Safari/534.54.16"
173.169.226.223 - - [12/Apr/2012:17:32:23 -0700] "GET /AssessmentBar/r/Unassessed_India_articles/ HTTP/1.1" 302 315 "http://en.wikipedia.org/wiki/Naktala" "Mozilla/5.0 (Windows NT 6.1) AppleWebKit/534.54.16 (KHTML, like Gecko) Version/5.1.4 Safari/534.54.16"
94.228.34.248 - - [12/Apr/2012:17:32:25 -0700] "GET /blog/ HTTP/1.1" 200 9194 "-" "magpie-crawler/1.1 (U; Linux amd64; en-GB; +http://www.brandwatch.net)"
157.56.94.179 - - [12/Apr/2012:17:33:13 -0700] "GET /r/1eg5 HTTP/1.1" 404 142 "-" "msnbot/2.0b (+http://search.msn.com/msnbot.htm)"
66.249.71.101 - - [12/Apr/2012:17:33:35 -0700] "GET /chennai/stage/2728/ HTTP/1.1" 404 142 "-" "Mozilla/5.0 (compatible; Googlebot/2.1; +http://www.google.com/bot.html)"
220.181.108.161 - - [12/Apr/2012:17:34:44 -0700] "GET / HTTP/1.1" 200 1430 "-" "Mozilla/5.0 (compatible; Baiduspider/2.0; +http://www.baidu.com/search/spider.html)"
85.17.88.169 - - [12/Apr/2012:17:36:20 -0700] "POST /blog/wp-cron.php?doing_wp_cron=1334277038 HTTP/1.0" 499 0 "-" "WordPress/3.3.1; http://yuvi.in/blog"
209.85.144.94 - - [12/Apr/2012:17:36:20 -0700] "GET /blog/feed HTTP/1.1" 304 0 "-" "FeedBurner/1.0 (http://www.FeedBurner.com)"
85.17.88.169 - - [12/Apr/2012:17:37:58 -0700] "POST /blog/wp-cron.php?doing_wp_cron=1334277137 HTTP/1.0" 499 0 "-" "WordPress/3.3.1; http://yuvi.in/blog"
208.115.113.84 - - [12/Apr/2012:17:37:59 -0700] "GET /blog/chennais-concentration-camps-aka-colleges/trackback/ HTTP/1.1" 302 0 "-" "Mozilla/5.0 (compatible; Ezooms/1.0; ezooms.bot@gmail.com)"
66.249.71.101 - - [12/Apr/2012:17:38:11 -0700] "GET /chennai/stage/2726/ HTTP/1.1" 404 142 "-" "Mozilla/5.0 (compatible; Googlebot/2.1; +http://www.google.com/bot.html)"
66.249.71.101 - - [12/Apr/2012:17:42:44 -0700] "GET /chennai/stage/2729/ HTTP/1.1" 404 142 "-" "Mozilla/5.0 (compatible; Googlebot/2.1; +http://www.google.com/bot.html)"
173.169.226.223 - - [12/Apr/2012:17:43:40 -0700] "GET /AssessmentBar/r/Unassessed_India_articles/ HTTP/1.1" 302 275 "http://en.wikipedia.org/wiki/Tamil_Nadu_Cricket_Association" "Mozilla/5.0 (Windows NT 6.1) AppleWebKit/534.54.16 (KHTML, like Gecko) Version/5.1.4 Safari/534.54.16"
173.169.226.223 - - [12/Apr/2012:17:43:57 -0700] "GET /AssessmentBar/r/Unassessed_India_articles/ HTTP/1.1" 302 303 "http://en.wikipedia.org/wiki/Takshasila" "Mozilla/5.0 (Windows NT 6.1) AppleWebKit/534.54.16 (KHTML, like Gecko) Version/5.1.4 Safari/534.54.16"
173.169.226.223 - - [12/Apr/2012:17:44:01 -0700] "GET /AssessmentBar/r/Unassessed_India_articles/ HTTP/1.1" 302 267 "http://en.wikipedia.org/wiki/Tourist_Resorts_(Kerala)" "Mozilla/5.0 (Windows NT 6.1) AppleWebKit/534.54.16 (KHTML, like Gecko) Version/5.1.4 Safari/534.54.16"
173.169.226.223 - - [12/Apr/2012:17:44:03 -0700] "GET /AssessmentBar/r/Unassessed_India_articles/ HTTP/1.1" 302 271 "http://en.wikipedia.org/wiki/Kanswa" "Mozilla/5.0 (Windows NT 6.1) AppleWebKit/534.54.16 (KHTML, like Gecko) Version/5.1.4 Safari/534.54.16"
173.169.226.223 - - [12/Apr/2012:17:44:26 -0700] "GET /AssessmentBar/r/Unassessed_India_articles/ HTTP/1.1" 302 323 "http://en.wikipedia.org/wiki/Kavi_Raz" "Mozilla/5.0 (Windows NT 6.1) AppleWebKit/534.54.16 (KHTML, like Gecko) Version/5.1.4 Safari/534.54.16"
173.169.226.223 - - [12/Apr/2012:17:44:30 -0700] "GET /AssessmentBar/r/Unassessed_India_articles/ HTTP/1.1" 302 325 "http://en.wikipedia.org/wiki/Surkhi_(Vidhan_Sabha_constituency)" "Mozilla/5.0 (Windows NT 6.1) AppleWebKit/534.54.16 (KHTML, like Gecko) Version/5.1.4 Safari/534.54.16"
173.169.226.223 - - [12/Apr/2012:17:44:36 -0700] "GET /AssessmentBar/r/Unassessed_India_articles/ HTTP/1.1" 302 317 "http://en.wikipedia.org/wiki/States_of_India_by_Punjabi_speakers" "Mozilla/5.0 (Windows NT 6.1) AppleWebKit/534.54.16 (KHTML, like Gecko) Version/5.1.4 Safari/534.54.16"
173.169.226.223 - - [12/Apr/2012:17:44:40 -0700] "GET /AssessmentBar/r/Unassessed_India_articles/ HTTP/1.1" 302 305 "http://en.wikipedia.org/wiki/Members_of_Fourteenth_Lok_Sabha" "Mozilla/5.0 (Windows NT 6.1) AppleWebKit/534.54.16 (KHTML, like Gecko) Version/5.1.4 Safari/534.54.16"
173.169.226.223 - - [12/Apr/2012:17:44:43 -0700] "GET /AssessmentBar/r/Unassessed_India_articles/ HTTP/1.1" 302 291 "http://en.wikipedia.org/wiki/Vijay_Award_for_Best_Film" "Mozilla/5.0 (Windows NT 6.1) AppleWebKit/534.54.16 (KHTML, like Gecko) Version/5.1.4 Safari/534.54.16"
173.169.226.223 - - [12/Apr/2012:17:45:20 -0700] "GET /AssessmentBar/r/Unassessed_India_articles/ HTTP/1.1" 302 283 "http://en.wikipedia.org/wiki/Battle_of_Koregaon" "Mozilla/5.0 (Windows NT 6.1) AppleWebKit/534.54.16 (KHTML, like Gecko) Version/5.1.4 Safari/534.54.16"
