122.174.81.158 - - [12/Apr/2012:08:22:12 -0700] "-" 400 0 "-" "-"
122.174.81.158 - - [12/Apr/2012:08:22:12 -0700] "-" 400 0 "-" "-"
122.174.81.158 - - [12/Apr/2012:08:22:39 -0700] "-" 400 0 "-" "-"
122.174.81.158 - - [12/Apr/2012:08:22:39 -0700] "-" 400 0 "-" "-"
122.174.81.158 - - [12/Apr/2012:08:22:39 -0700] "-" 400 0 "-" "-"
122.174.81.158 - - [12/Apr/2012:08:22:39 -0700] "-" 400 0 "-" "-"
122.174.81.158 - - [12/Apr/2012:08:22:39 -0700] "-" 400 0 "-" "-"
208.115.113.84 - - [12/Apr/2012:08:22:45 -0700] "GET /robots.txt HTTP/1.1" 404 169 "-" "Mozilla/5.0 (compatible; Ezooms/1.0; ezooms.bot@gmail.com)"
122.174.81.158 - - [12/Apr/2012:08:23:19 -0700] "-" 400 0 "-" "-"
122.174.81.158 - - [12/Apr/2012:08:23:19 -0700] "-" 400 0 "-" "-"
122.174.81.158 - - [12/Apr/2012:08:23:19 -0700] "-" 400 0 "-" "-"
122.174.81.158 - - [12/Apr/2012:08:23:19 -0700] "-" 400 0 "-" "-"
122.174.81.158 - - [12/Apr/2012:08:23:19 -0700] "-" 400 0 "-" "-"
59.92.101.66 - - [12/Apr/2012:08:23:20 -0700] "GET /r/941 HTTP/1.1" 301 255 "http://wikimapia.org/9177060/%E0%AE%9A%E0%AE%B0%E0%AE%B8%E0%AF%8D%E0%AE%B5%E0%AE%A4%E0%AE%BF-%E0%AE%AE%E0%AE%B9%E0%AE%BE%E0%AE%B2%E0%AF%8D-%E0%AE%A8%E0%AF%82%E0%AE%B2%E0%AE%95%E0%AE%AE%E0%AF%8D-Saraswati-Mahal-Library-and-art-gallery" "Mozilla/5.0 (Windows NT 6.1) AppleWebKit/535.19 (KHTML, like Gecko) Chrome/18.0.1025.151 Safari/535.19"
59.92.101.66 - - [12/Apr/2012:08:23:20 -0700] "GET /s/ta/941/ HTTP/1.1" 302 549 "http://wikimapia.org/9177060/%E0%AE%9A%E0%AE%B0%E0%AE%B8%E0%AF%8D%E0%AE%B5%E0%AE%A4%E0%AE%BF-%E0%AE%AE%E0%AE%B9%E0%AE%BE%E0%AE%B2%E0%AF%8D-%E0%AE%A8%E0%AF%82%E0%AE%B2%E0%AE%95%E0%AE%AE%E0%AF%8D-Saraswati-Mahal-Library-and-art-gallery" "Mozilla/5.0 (Windows NT 6.1) AppleWebKit/535.19 (KHTML, like Gecko) Chrome/18.0.1025.151 Safari/535.19"
59.92.101.66 - - [12/Apr/2012:08:23:34 -0700] "-" 400 0 "-" "-"
122.174.81.158 - - [12/Apr/2012:08:23:39 -0700] "-" 400 0 "-" "-"
122.174.81.158 - - [12/Apr/2012:08:23:39 -0700] "-" 400 0 "-" "-"
122.174.81.158 - - [12/Apr/2012:08:23:39 -0700] "-" 400 0 "-" "-"
122.174.81.158 - - [12/Apr/2012:08:23:39 -0700] "-" 400 0 "-" "-"
122.174.81.158 - - [12/Apr/2012:08:25:58 -0700] "-" 400 0 "-" "-"
122.174.81.158 - - [12/Apr/2012:08:25:58 -0700] "-" 400 0 "-" "-"
122.174.81.158 - - [12/Apr/2012:08:25:58 -0700] "-" 400 0 "-" "-"
122.174.81.158 - - [12/Apr/2012:08:25:58 -0700] "-" 400 0 "-" "-"
122.174.81.158 - - [12/Apr/2012:08:27:07 -0700] "-" 400 0 "-" "-"
122.164.213.172 - - [12/Apr/2012:08:27:16 -0700] "-" 400 0 "-" "-"
141.0.9.218 - - [12/Apr/2012:08:27:53 -0700] "GET / HTTP/1.1" 200 1430 "http://www.google.com/xhtml?q=Yuvi&client=ms-opera_mb_no&channel=bh" "Opera/9.80 (J2ME/MIDP; Opera Mini/4.2.18975/27.1486; U; en) Presto/2.8.119 Version/11.10"
141.0.9.218 - - [12/Apr/2012:08:27:54 -0700] "GET /blueprint/screen.css HTTP/1.1" 200 12058 "http://yuvi.in/" "Opera/9.80 (J2ME/MIDP; Opera Mini/4.2.18975/27.1486; U; en) Presto/2.8.119 Version/11.10"
141.0.9.218 - - [12/Apr/2012:08:27:54 -0700] "GET /blueprint/print.css HTTP/1.1" 200 1284 "http://yuvi.in/" "Opera/9.80 (J2ME/MIDP; Opera Mini/4.2.18975/27.1486; U; en) Presto/2.8.119 Version/11.10"
141.0.9.218 - - [12/Apr/2012:08:27:54 -0700] "GET /favicon.ico HTTP/1.1" 404 142 "http://yuvi.in/" "Opera/9.80 (J2ME/MIDP; Opera Mini/4.2.18975/27.1486; U; en) Presto/2.8.119 Version/11.10"
141.0.9.218 - - [12/Apr/2012:08:27:54 -0700] "GET /header.png HTTP/1.1" 200 14249 "http://yuvi.in/" "Opera/9.80 (J2ME/MIDP; Opera Mini/4.2.18975/27.1486; U; en) Presto/2.8.119 Version/11.10"
117.193.73.153 - - [12/Apr/2012:08:27:58 -0700] "-" 400 0 "-" "-"
74.125.126.80 - - [12/Apr/2012:08:28:14 -0700] "GET /favicon.ico HTTP/1.1" 404 142 "-" "-"
92.79.145.162 - - [12/Apr/2012:08:29:46 -0700] "GET /r/3y7%E0%AE%95%E0%AE%9F%E0%AF%8D%E0%AE%9F%E0%AE%B1%E0%AF%8D%E0%AE%B1 HTTP/1.1" 301 381 "http://www.facebook.com/" "Mozilla/4.0 (compatible; MSIE 8.0; Windows NT 5.1; Trident/4.0; GTB7.3; .NET CLR 3.0.04506.30; .NET CLR 2.0.50727; .NET CLR 3.0.04506.648; .NET CLR 3.5.21022; .NET CLR 3.0.4506.2152; .NET CLR 3.5.30729)"
92.79.145.162 - - [12/Apr/2012:08:29:46 -0700] "GET /s/ta/3y7%E0%AE%95%E0%AE%9F%E0%AF%8D%E0%AE%9F%E0%AE%B1%E0%AF%8D%E0%AE%B1/ HTTP/1.1" 502 575 "http://www.facebook.com/" "Mozilla/4.0 (compatible; MSIE 8.0; Windows NT 5.1; Trident/4.0; GTB7.3; .NET CLR 3.0.04506.30; .NET CLR 2.0.50727; .NET CLR 3.0.04506.648; .NET CLR 3.5.21022; .NET CLR 3.0.4506.2152; .NET CLR 3.5.30729)"
66.249.67.108 - - [12/Apr/2012:08:29:57 -0700] "GET / HTTP/1.1" 200 1430 "-" "Mozilla/5.0 (compatible; Googlebot/2.1; +http://www.google.com/bot.html)"
203.197.147.100 - - [12/Apr/2012:08:30:13 -0700] "-" 400 0 "-" "-"
80.202.171.113 - - [12/Apr/2012:08:30:18 -0700] "GET /r/3y7%E0%AE%95%E0%AE%9F%E0%AF%8D%E0%AE%9F%E0%AE%B1%E0%AF%8D%E0%AE%B1 HTTP/1.1" 301 381 "http://m.facebook.com/l.php?u=http%3A%2F%2Ftawp.in%2Fr%2F3y7%E0%AE%95%E0%AE%9F%E0%AF%8D%E0%AE%9F%E0%AE%B1%E0%AF%8D%E0%AE%B1&h=XAQEC0YGg" "Mozilla/5.0 (iPad; U; CPU iPhone OS 5_1 like Mac OS X; en_US) AppleWebKit (KHTML, like Gecko) Mobile [FBAN/FBForIPhone;FBAV/4.1.1;FBBV/4110.0;FBDV/iPad2,1;FBMD/iPad;FBSN/iPhone OS;FBSV/5.1;FBSS/1; FBCR/;FBID/tablet;FBLC/en_US;FBSF/1.0]"
80.202.171.113 - - [12/Apr/2012:08:30:19 -0700] "GET /s/ta/3y7%E0%AE%95%E0%AE%9F%E0%AF%8D%E0%AE%9F%E0%AE%B1%E0%AF%8D%E0%AE%B1/ HTTP/1.1" 502 173 "http://m.facebook.com/l.php?u=http%3A%2F%2Ftawp.in%2Fr%2F3y7%E0%AE%95%E0%AE%9F%E0%AF%8D%E0%AE%9F%E0%AE%B1%E0%AF%8D%E0%AE%B1&h=XAQEC0YGg" "Mozilla/5.0 (iPad; U; CPU iPhone OS 5_1 like Mac OS X; en_US) AppleWebKit (KHTML, like Gecko) Mobile [FBAN/FBForIPhone;FBAV/4.1.1;FBBV/4110.0;FBDV/iPad2,1;FBMD/iPad;FBSN/iPhone OS;FBSV/5.1;FBSS/1; FBCR/;FBID/tablet;FBLC/en_US;FBSF/1.0]"
59.92.51.208 - - [12/Apr/2012:08:30:32 -0700] "GET /r/iu4 HTTP/1.1" 301 255 "http://ta.wikipedia.org/wiki/%E0%AE%87%E0%AE%A8%E0%AF%8D%E0%AE%A4%E0%AE%BF%E0%AE%AF%E0%AE%A4%E0%AF%8D_%E0%AE%A4%E0%AF%81%E0%AE%9F%E0%AF%81%E0%AE%AA%E0%AF%8D%E0%AE%AA%E0%AE%BE%E0%AE%9F%E0%AF%8D%E0%AE%9F_%E0%AE%85%E0%AE%A3%E0%AE%BF" "Mozilla/5.0 (Windows NT 6.1; rv:11.0) Gecko/20100101 Firefox/11.0"
59.92.51.208 - - [12/Apr/2012:08:30:33 -0700] "GET /s/ta/iu4/ HTTP/1.1" 499 0 "http://ta.wikipedia.org/wiki/%E0%AE%87%E0%AE%A8%E0%AF%8D%E0%AE%A4%E0%AE%BF%E0%AE%AF%E0%AE%A4%E0%AF%8D_%E0%AE%A4%E0%AF%81%E0%AE%9F%E0%AF%81%E0%AE%AA%E0%AF%8D%E0%AE%AA%E0%AE%BE%E0%AE%9F%E0%AF%8D%E0%AE%9F_%E0%AE%85%E0%AE%A3%E0%AE%BF" "Mozilla/5.0 (Windows NT 6.1; rv:11.0) Gecko/20100101 Firefox/11.0"
59.92.51.208 - - [12/Apr/2012:08:30:37 -0700] "-" 400 0 "-" "-"
117.193.73.153 - - [12/Apr/2012:08:30:57 -0700] "-" 400 0 "-" "-"
209.85.224.97 - - [12/Apr/2012:08:31:11 -0700] "GET /stories/feed HTTP/1.1" 200 13653 "-" "FeedBurner/1.0 (http://www.FeedBurner.com)"
65.52.109.72 - - [12/Apr/2012:08:31:42 -0700] "GET /robots.txt HTTP/1.1" 404 238 "-" "Mozilla/5.0 (compatible; bingbot/2.0; +http://www.bing.com/bingbot.htm)"
117.193.73.153 - - [12/Apr/2012:08:32:17 -0700] "-" 400 0 "-" "-"
85.17.88.169 - - [12/Apr/2012:08:33:34 -0700] "POST /blog/wp-cron.php?doing_wp_cron=1334244475 HTTP/1.0" 499 0 "-" "WordPress/3.3.1; http://yuvi.in/blog"
209.85.144.85 - - [12/Apr/2012:08:33:34 -0700] "GET /blog/feed HTTP/1.1" 304 0 "-" "FeedBurner/1.0 (http://www.FeedBurner.com)"
85.17.88.169 - - [12/Apr/2012:08:33:54 -0700] "POST /blog/wp-cron.php?doing_wp_cron=1334244496 HTTP/1.0" 499 0 "-" "WordPress/3.3.1; http://yuvi.in/blog"
46.109.197.243 - - [12/Apr/2012:08:33:56 -0700] "GET /blog/ HTTP/1.0" 200 33142 "http://yuvi.in/blog/" "Mozilla/1.22 (compatible; MSIE 2.0; Windows 95)"
174.234.78.209 - - [12/Apr/2012:08:34:36 -0700] "GET /r/25o HTTP/1.1" 301 255 "-" "Mozilla/5.0 (Linux; U; Android 2.3.4; en-us; pcdadr6350 Build/GRJ22) AppleWebKit/533.1 (KHTML, like Gecko) Version/4.0 Mobile Safari/533.1"
174.234.78.209 - - [12/Apr/2012:08:34:37 -0700] "GET /s/ta/25o/ HTTP/1.1" 302 433 "-" "Mozilla/5.0 (Linux; U; Android 2.3.4; en-us; pcdadr6350 Build/GRJ22) AppleWebKit/533.1 (KHTML, like Gecko) Version/4.0 Mobile Safari/533.1"
66.249.67.108 - - [12/Apr/2012:08:34:49 -0700] "GET /blog/my-vimrc/ HTTP/1.1" 200 4448 "-" "Mozilla/5.0 (compatible; Googlebot/2.1; +http://www.google.com/bot.html)"
117.217.13.6 - - [12/Apr/2012:08:34:52 -0700] "-" 400 0 "-" "-"
66.249.67.108 - - [12/Apr/2012:08:34:54 -0700] "GET /blog/interview-sriram-krishnan-5-years-old/ HTTP/1.1" 200 16154 "-" "Mozilla/5.0 (compatible; Googlebot/2.1; +http://www.google.com/bot.html)"
207.46.199.21 - - [12/Apr/2012:08:37:31 -0700] "-" 400 0 "-" "-"
207.46.199.21 - - [12/Apr/2012:08:37:31 -0700] "-" 400 0 "-" "-"
207.46.199.21 - - [12/Apr/2012:08:37:32 -0700] "-" 400 0 "-" "-"
207.46.199.21 - - [12/Apr/2012:08:37:38 -0700] "-" 400 0 "-" "-"
207.46.199.21 - - [12/Apr/2012:08:37:40 -0700] "-" 400 0 "-" "-"
207.46.199.21 - - [12/Apr/2012:08:37:40 -0700] "-" 400 0 "-" "-"
207.46.199.21 - - [12/Apr/2012:08:37:41 -0700] "-" 400 0 "-" "-"
207.46.199.21 - - [12/Apr/2012:08:37:42 -0700] "-" 400 0 "-" "-"
207.46.199.21 - - [12/Apr/2012:08:37:46 -0700] "-" 400 0 "-" "-"
207.46.199.21 - - [12/Apr/2012:08:37:47 -0700] "-" 400 0 "-" "-"
207.46.199.21 - - [12/Apr/2012:08:37:47 -0700] "-" 400 0 "-" "-"
207.46.199.21 - - [12/Apr/2012:08:37:47 -0700] "-" 400 0 "-" "-"
101.63.206.214 - - [12/Apr/2012:08:38:25 -0700] "-" 400 0 "-" "-"
65.52.109.152 - - [12/Apr/2012:08:39:25 -0700] "GET / HTTP/1.1" 304 0 "-" "Mozilla/5.0 (compatible; bingbot/2.0; +http://www.bing.com/bingbot.htm)"
122.178.112.141 - - [12/Apr/2012:08:39:27 -0700] "GET / HTTP/1.1" 200 3439 "-" "OSSProxy 1.3.333.307 (Build 333.307 Win32 en-us)(Feb 22 2012 18:20:37)"
122.178.112.141 - - [12/Apr/2012:08:39:29 -0700] "GET / HTTP/1.1" 200 3439 "-" "OSSProxy 1.3.333.307 (Build 333.307 Win32 en-us)(Feb 22 2012 18:20:37)"
98.172.15.103 - - [12/Apr/2012:08:40:05 -0700] "GET / HTTP/1.1" 200 1430 "-" "Caffeinated/1.1.2 CFNetwork/520.3.2 Darwin/11.3.0 (x86_64) (MacBookPro8%2C1)"
98.172.15.103 - - [12/Apr/2012:08:40:06 -0700] "GET /favicon.ico HTTP/1.1" 404 142 "-" "Caffeinated/1.1.2 CFNetwork/520.3.2 Darwin/11.3.0 (x86_64) (MacBookPro8%2C1)"
98.172.15.103 - - [12/Apr/2012:08:41:03 -0700] "GET / HTTP/1.1" 200 1430 "-" "Caffeinated/1.1.2 CFNetwork/520.3.2 Darwin/11.3.0 (x86_64) (MacBookPro8%2C1)"
98.172.15.103 - - [12/Apr/2012:08:41:04 -0700] "GET /favicon.ico HTTP/1.1" 404 142 "-" "Caffeinated/1.1.2 CFNetwork/520.3.2 Darwin/11.3.0 (x86_64) (MacBookPro8%2C1)"
117.193.34.46 - - [12/Apr/2012:08:41:28 -0700] "-" 400 0 "-" "-"
207.46.199.24 - - [12/Apr/2012:08:42:13 -0700] "-" 400 0 "-" "-"
207.46.199.24 - - [12/Apr/2012:08:42:16 -0700] "-" 400 0 "-" "-"
207.46.199.24 - - [12/Apr/2012:08:42:17 -0700] "-" 400 0 "-" "-"
207.46.199.24 - - [12/Apr/2012:08:42:17 -0700] "-" 400 0 "-" "-"
207.46.199.24 - - [12/Apr/2012:08:42:17 -0700] "-" 400 0 "-" "-"
207.46.199.24 - - [12/Apr/2012:08:42:20 -0700] "-" 400 0 "-" "-"
207.46.199.24 - - [12/Apr/2012:08:42:20 -0700] "-" 400 0 "-" "-"
207.46.199.24 - - [12/Apr/2012:08:42:20 -0700] "-" 400 0 "-" "-"
207.46.199.24 - - [12/Apr/2012:08:42:20 -0700] "-" 400 0 "-" "-"
207.46.199.24 - - [12/Apr/2012:08:42:21 -0700] "-" 400 0 "-" "-"
207.46.199.24 - - [12/Apr/2012:08:42:56 -0700] "-" 400 0 "-" "-"
85.17.88.169 - - [12/Apr/2012:08:43:23 -0700] "POST /blog/wp-cron.php?doing_wp_cron=1334245065 HTTP/1.0" 499 0 "-" "WordPress/3.3.1; http://yuvi.in/blog"
207.46.204.188 - - [12/Apr/2012:08:43:24 -0700] "GET /blog/tag/crime/ HTTP/1.1" 200 8148 "-" "Mozilla/5.0 (compatible; bingbot/2.0; +http://www.bing.com/bingbot.htm)"
59.99.192.246 - - [12/Apr/2012:08:43:26 -0700] "GET /r/1yqj HTTP/1.1" 301 257 "http://ta.wikipedia.org/wiki/%E0%AE%B5%E0%AE%B2%E0%AF%88%E0%AE%AF%E0%AE%AA%E0%AF%8D%E0%AE%AA%E0%AE%9F%E0%AF%8D%E0%AE%9F%E0%AE%BF_(%E0%AE%A8%E0%AE%BE%E0%AE%AE%E0%AE%95%E0%AF%8D%E0%AE%95%E0%AE%B2%E0%AF%8D)" "Mozilla/5.0 (Windows NT 5.1) AppleWebKit/535.19 (KHTML, like Gecko) Chrome/18.0.1025.152 Safari/535.19"
59.99.192.246 - - [12/Apr/2012:08:43:27 -0700] "GET /s/ta/1yqj/ HTTP/1.1" 302 505 "http://ta.wikipedia.org/wiki/%E0%AE%B5%E0%AE%B2%E0%AF%88%E0%AE%AF%E0%AE%AA%E0%AF%8D%E0%AE%AA%E0%AE%9F%E0%AF%8D%E0%AE%9F%E0%AE%BF_(%E0%AE%A8%E0%AE%BE%E0%AE%AE%E0%AE%95%E0%AF%8D%E0%AE%95%E0%AE%B2%E0%AF%8D)" "Mozilla/5.0 (Windows NT 5.1) AppleWebKit/535.19 (KHTML, like Gecko) Chrome/18.0.1025.152 Safari/535.19"
69.171.228.246 - - [12/Apr/2012:08:43:34 -0700] "GET /r/1nvz HTTP/1.1" 301 257 "-" "facebookexternalhit/1.1 (+http://www.facebook.com/externalhit_uatext.php)"
69.171.228.247 - - [12/Apr/2012:08:43:35 -0700] "GET /s/ta/1nvz/ HTTP/1.1" 302 365 "-" "facebookexternalhit/1.1 (+http://www.facebook.com/externalhit_uatext.php)"
66.220.147.246 - - [12/Apr/2012:08:44:44 -0700] "GET /r/fmf HTTP/1.1" 301 255 "-" "facebookexternalhit/1.1 (+http://www.facebook.com/externalhit_uatext.php)"
66.220.147.250 - - [12/Apr/2012:08:44:44 -0700] "GET /s/ta/fmf/ HTTP/1.1" 302 349 "-" "facebookexternalhit/1.1 (+http://www.facebook.com/externalhit_uatext.php)"
69.171.247.5 - - [12/Apr/2012:08:47:16 -0700] "GET /r/1itt HTTP/1.1" 301 257 "-" "facebookexternalhit/1.1 (+http://www.facebook.com/externalhit_uatext.php)"
69.171.247.7 - - [12/Apr/2012:08:47:16 -0700] "GET /s/ta/1itt/ HTTP/1.1" 302 609 "-" "facebookexternalhit/1.1 (+http://www.facebook.com/externalhit_uatext.php)"
69.171.247.1 - - [12/Apr/2012:08:47:17 -0700] "GET /r/i4v HTTP/1.1" 301 255 "-" "facebookexternalhit/1.1 (+http://www.facebook.com/externalhit_uatext.php)"
69.171.247.2 - - [12/Apr/2012:08:47:18 -0700] "GET /s/ta/i4v/ HTTP/1.1" 302 585 "-" "facebookexternalhit/1.1 (+http://www.facebook.com/externalhit_uatext.php)"
188.155.192.34 - - [12/Apr/2012:08:49:22 -0700] "GET /favicon.ico HTTP/1.1" 404 199 "http://prashanth-kamle.blogspot.com/2011/05/shopping-in-bangalore-minus-malls.html" "Mozilla/4.0 (compatible; MSIE 8.0; Windows NT 5.1; Trident/4.0; version65; EasyBits GO v1.0; .NET CLR 1.1.4322; .NET CLR 1.0.3705; .NET CLR 2.0.50727; .NET CLR 3.0.04506.30; .NET CLR 3.0.04506.648; .NET CLR 3.0.4506.2152; .NET CLR 3.5.30729; InfoPath.2)"
74.125.126.95 - - [12/Apr/2012:08:49:49 -0700] "GET /favicon.ico HTTP/1.1" 404 142 "-" "-"
117.193.54.198 - - [12/Apr/2012:08:50:11 -0700] "-" 400 0 "-" "-"
85.17.88.169 - - [12/Apr/2012:08:51:03 -0700] "POST /blog/wp-cron.php?doing_wp_cron=1334245524 HTTP/1.0" 499 0 "-" "WordPress/3.3.1; http://yuvi.in/blog"
69.171.228.246 - - [12/Apr/2012:08:51:03 -0700] "GET /blog/story-average-indian-techie/ HTTP/1.1" 200 7890 "-" "facebookexternalhit/1.1 (+http://www.facebook.com/externalhit_uatext.php)"
66.220.149.244 - - [12/Apr/2012:08:51:59 -0700] "GET /r/fmf HTTP/1.1" 301 255 "-" "facebookexternalhit/1.1 (+http://www.facebook.com/externalhit_uatext.php)"
66.220.149.250 - - [12/Apr/2012:08:51:59 -0700] "GET /s/ta/fmf/ HTTP/1.1" 302 349 "-" "facebookexternalhit/1.1 (+http://www.facebook.com/externalhit_uatext.php)"
117.193.54.198 - - [12/Apr/2012:08:52:10 -0700] "-" 400 0 "-" "-"
117.193.54.198 - - [12/Apr/2012:08:52:10 -0700] "-" 400 0 "-" "-"
117.195.228.17 - - [12/Apr/2012:08:52:41 -0700] "-" 400 0 "-" "-"
117.195.228.17 - - [12/Apr/2012:08:52:41 -0700] "-" 400 0 "-" "-"
117.195.228.17 - - [12/Apr/2012:08:52:41 -0700] "-" 400 0 "-" "-"
117.195.228.17 - - [12/Apr/2012:08:52:41 -0700] "-" 400 0 "-" "-"
117.195.228.17 - - [12/Apr/2012:08:52:41 -0700] "-" 400 0 "-" "-"
117.193.54.198 - - [12/Apr/2012:08:52:50 -0700] "-" 400 0 "-" "-"
117.193.54.198 - - [12/Apr/2012:08:52:50 -0700] "-" 400 0 "-" "-"
117.193.54.198 - - [12/Apr/2012:08:52:50 -0700] "-" 400 0 "-" "-"
117.193.134.233 - - [12/Apr/2012:08:53:56 -0700] "GET /r/2llr HTTP/1.1" 301 257 "http://www.facebook.com/l.php?u=http%3A%2F%2Ftawp.in%2Fr%2F2llr&h=GAQF95m_XAQEhuf45p2aidV5PaTCINmHI33HRDkqK6XNBxw" "Mozilla/5.0 (iPad; CPU OS 5_1 like Mac OS X) AppleWebKit/534.46 (KHTML, like Gecko) Version/5.1 Mobile/9B176 Safari/7534.48.3"
117.193.134.233 - - [12/Apr/2012:08:53:58 -0700] "GET /s/ta/2llr/ HTTP/1.1" 302 513 "http://www.facebook.com/l.php?u=http%3A%2F%2Ftawp.in%2Fr%2F2llr&h=GAQF95m_XAQEhuf45p2aidV5PaTCINmHI33HRDkqK6XNBxw" "Mozilla/5.0 (iPad; CPU OS 5_1 like Mac OS X) AppleWebKit/534.46 (KHTML, like Gecko) Version/5.1 Mobile/9B176 Safari/7534.48.3"
115.242.198.80 - - [12/Apr/2012:08:54:25 -0700] "GET /r/npd HTTP/1.1" 301 255 "http://ta.wikipedia.org/wiki/%E0%AE%86%E0%AE%95%E0%AE%B8%E0%AF%8D%E0%AE%9F%E0%AF%8D_2007" "Mozilla/5.0 (Windows NT 5.1) AppleWebKit/535.1 (KHTML, like Gecko) Chrome/13.0.782.215 Safari/535.1"
115.242.198.80 - - [12/Apr/2012:08:54:26 -0700] "GET /s/ta/npd/ HTTP/1.1" 302 349 "http://ta.wikipedia.org/wiki/%E0%AE%86%E0%AE%95%E0%AE%B8%E0%AF%8D%E0%AE%9F%E0%AF%8D_2007" "Mozilla/5.0 (Windows NT 5.1) AppleWebKit/535.1 (KHTML, like Gecko) Chrome/13.0.782.215 Safari/535.1"
115.242.198.80 - - [12/Apr/2012:08:54:34 -0700] "GET /s/ta/npd/ HTTP/1.1" 302 349 "http://ta.wikipedia.org/wiki/%E0%AE%86%E0%AE%95%E0%AE%B8%E0%AF%8D%E0%AE%9F%E0%AF%8D_2007" "Mozilla/5.0 (Windows NT 5.1) AppleWebKit/535.1 (KHTML, like Gecko) Chrome/13.0.782.215 Safari/535.1"
115.242.198.80 - - [12/Apr/2012:08:54:40 -0700] "-" 400 0 "-" "-"
117.193.54.198 - - [12/Apr/2012:08:55:20 -0700] "-" 400 0 "-" "-"
117.193.54.198 - - [12/Apr/2012:08:55:20 -0700] "-" 400 0 "-" "-"
117.193.54.198 - - [12/Apr/2012:08:55:20 -0700] "-" 400 0 "-" "-"
117.193.54.198 - - [12/Apr/2012:08:55:20 -0700] "-" 400 0 "-" "-"
117.198.150.203 - - [12/Apr/2012:08:57:08 -0700] "GET / HTTP/1.1" 200 1430 "http://www.twenty19.com/blog/going-code-crazy/" "Mozilla/5.0 (Windows NT 5.1) AppleWebKit/535.12 (KHTML, like Gecko) Maxthon/3.3.7.800 Chrome/18.0.966.0 Safari/535.12"
117.198.150.203 - - [12/Apr/2012:08:57:09 -0700] "GET /blueprint/screen.css HTTP/1.1" 200 12058 "http://yuvi.in/" "Mozilla/5.0 (Windows NT 5.1) AppleWebKit/535.12 (KHTML, like Gecko) Maxthon/3.3.7.800 Chrome/18.0.966.0 Safari/535.12"
117.198.150.203 - - [12/Apr/2012:08:57:09 -0700] "GET /header.png HTTP/1.1" 200 14249 "http://yuvi.in/" "Mozilla/5.0 (Windows NT 5.1) AppleWebKit/535.12 (KHTML, like Gecko) Maxthon/3.3.7.800 Chrome/18.0.966.0 Safari/535.12"
117.198.150.203 - - [12/Apr/2012:08:57:10 -0700] "GET /blueprint/print.css HTTP/1.1" 200 1284 "http://yuvi.in/" "Mozilla/5.0 (Windows NT 5.1) AppleWebKit/535.12 (KHTML, like Gecko) Maxthon/3.3.7.800 Chrome/18.0.966.0 Safari/535.12"
117.198.150.203 - - [12/Apr/2012:08:57:10 -0700] "GET /favicon.ico HTTP/1.1" 404 199 "-" "Mozilla/5.0 (Windows NT 5.1) AppleWebKit/535.12 (KHTML, like Gecko) Maxthon/3.3.7.800 Chrome/18.0.966.0 Safari/535.12"
117.198.150.203 - - [12/Apr/2012:08:57:11 -0700] "GET /favicon.ico HTTP/1.1" 404 199 "-" "Mozilla/5.0 (Windows NT 5.1) AppleWebKit/535.12 (KHTML, like Gecko) Maxthon/3.3.7.800 Chrome/18.0.966.0 Safari/535.12"
187.5.213.2 - - [12/Apr/2012:08:57:11 -0700] "GET /blog/ HTTP/1.1" 200 33214 "-" "Mozilla/5.0 (compatible; Googlebot/2.1; +http://www.google.com/bot.html)"
182.71.231.68 - - [12/Apr/2012:08:57:47 -0700] "GET / HTTP/1.1" 304 0 "-" "Mozilla/5.0 (X11; Linux i686) AppleWebKit/535.7 (KHTML, like Gecko) Chrome/16.0.912.63 Safari/535.7"
182.71.231.68 - - [12/Apr/2012:08:57:47 -0700] "GET /blueprint/screen.css HTTP/1.1" 304 0 "http://yuvi.in/" "Mozilla/5.0 (X11; Linux i686) AppleWebKit/535.7 (KHTML, like Gecko) Chrome/16.0.912.63 Safari/535.7"
182.71.231.68 - - [12/Apr/2012:08:57:47 -0700] "GET /blueprint/print.css HTTP/1.1" 304 0 "http://yuvi.in/" "Mozilla/5.0 (X11; Linux i686) AppleWebKit/535.7 (KHTML, like Gecko) Chrome/16.0.912.63 Safari/535.7"
182.71.231.68 - - [12/Apr/2012:08:57:48 -0700] "GET /header.png HTTP/1.1" 304 0 "http://yuvi.in/" "Mozilla/5.0 (X11; Linux i686) AppleWebKit/535.7 (KHTML, like Gecko) Chrome/16.0.912.63 Safari/535.7"
182.71.231.68 - - [12/Apr/2012:08:57:48 -0700] "GET /favicon.ico HTTP/1.1" 404 571 "-" "Mozilla/5.0 (X11; Linux i686) AppleWebKit/535.7 (KHTML, like Gecko) Chrome/16.0.912.63 Safari/535.7"
182.71.231.68 - - [12/Apr/2012:08:57:50 -0700] "GET /blog HTTP/1.1" 301 178 "http://yuvi.in/" "Mozilla/5.0 (X11; Linux i686) AppleWebKit/535.7 (KHTML, like Gecko) Chrome/16.0.912.63 Safari/535.7"
182.71.231.68 - - [12/Apr/2012:08:57:52 -0700] "GET /blog/ HTTP/1.1" 200 9194 "http://yuvi.in/" "Mozilla/5.0 (X11; Linux i686) AppleWebKit/535.7 (KHTML, like Gecko) Chrome/16.0.912.63 Safari/535.7"
182.71.231.68 - - [12/Apr/2012:08:57:52 -0700] "GET /blog/wp-content/themes/cleanr/style.css HTTP/1.1" 304 0 "http://yuvi.in/blog/" "Mozilla/5.0 (X11; Linux i686) AppleWebKit/535.7 (KHTML, like Gecko) Chrome/16.0.912.63 Safari/535.7"
182.71.231.68 - - [12/Apr/2012:08:57:53 -0700] "GET /blog/wp-content/themes/cleanr/js/jquery.dropdown.js?ver=3.3.1 HTTP/1.1" 304 0 "http://yuvi.in/blog/" "Mozilla/5.0 (X11; Linux i686) AppleWebKit/535.7 (KHTML, like Gecko) Chrome/16.0.912.63 Safari/535.7"
182.71.231.68 - - [12/Apr/2012:08:57:53 -0700] "GET /blog/wp-includes/js/jquery/jquery.js?ver=1.7.1 HTTP/1.1" 304 0 "http://yuvi.in/blog/" "Mozilla/5.0 (X11; Linux i686) AppleWebKit/535.7 (KHTML, like Gecko) Chrome/16.0.912.63 Safari/535.7"
182.71.231.68 - - [12/Apr/2012:08:57:55 -0700] "GET /blog/wp-content/themes/cleanr/css/960.css HTTP/1.1" 304 0 "http://yuvi.in/blog/" "Mozilla/5.0 (X11; Linux i686) AppleWebKit/535.7 (KHTML, like Gecko) Chrome/16.0.912.63 Safari/535.7"
182.71.231.68 - - [12/Apr/2012:08:57:55 -0700] "GET /blog/wp-content/themes/cleanr/css/text.css HTTP/1.1" 304 0 "http://yuvi.in/blog/" "Mozilla/5.0 (X11; Linux i686) AppleWebKit/535.7 (KHTML, like Gecko) Chrome/16.0.912.63 Safari/535.7"
182.71.231.68 - - [12/Apr/2012:08:58:08 -0700] "GET /blog/wp-content/themes/cleanr/css/reset.css HTTP/1.1" 304 0 "http://yuvi.in/blog/" "Mozilla/5.0 (X11; Linux i686) AppleWebKit/535.7 (KHTML, like Gecko) Chrome/16.0.912.63 Safari/535.7"
182.71.231.68 - - [12/Apr/2012:08:58:09 -0700] "GET /blog/wp-content/themes/cleanr/images/search_magnifier.gif HTTP/1.1" 304 0 "http://yuvi.in/blog/" "Mozilla/5.0 (X11; Linux i686) AppleWebKit/535.7 (KHTML, like Gecko) Chrome/16.0.912.63 Safari/535.7"
182.71.231.68 - - [12/Apr/2012:08:58:25 -0700] "GET /favicon.ico HTTP/1.1" 404 571 "-" "Mozilla/5.0 (X11; Linux i686) AppleWebKit/535.7 (KHTML, like Gecko) Chrome/16.0.912.63 Safari/535.7"
85.17.88.169 - - [12/Apr/2012:08:59:06 -0700] "POST /blog/wp-cron.php?doing_wp_cron=1334246007 HTTP/1.0" 499 0 "-" "WordPress/3.3.1; http://yuvi.in/blog"
117.213.217.231 - - [12/Apr/2012:08:59:06 -0700] "GET /blog/infosys-tcs-or-wipro-none/ HTTP/1.1" 200 7089 "http://www.google.co.in/url?sa=t&rct=j&q=yuvi%20panda%20susam&source=web&cd=3&ved=0CEAQFjAC&url=http%3A%2F%2Fyuvi.in%2Fblog%2Finfosys-tcs-or-wipro-none%2F&ei=avqGT6GdPMmtiQfno8i2Bw&usg=AFQjCNFFymVRTHm740-I9A4VqJxKWQnZng" "Mozilla/5.0 (X11; Linux i686) AppleWebKit/534.30 (KHTML, like Gecko) Chrome/12.0.742.112 Safari/534.30"
117.213.217.231 - - [12/Apr/2012:08:59:07 -0700] "GET /blog/wp-content/themes/cleanr/js/jquery.dropdown.js?ver=3.3.1 HTTP/1.1" 200 535 "http://yuvi.in/blog/infosys-tcs-or-wipro-none/" "Mozilla/5.0 (X11; Linux i686) AppleWebKit/534.30 (KHTML, like Gecko) Chrome/12.0.742.112 Safari/534.30"
117.213.217.231 - - [12/Apr/2012:08:59:07 -0700] "GET /blog/wp-content/themes/cleanr/style.css HTTP/1.1" 200 10508 "http://yuvi.in/blog/infosys-tcs-or-wipro-none/" "Mozilla/5.0 (X11; Linux i686) AppleWebKit/534.30 (KHTML, like Gecko) Chrome/12.0.742.112 Safari/534.30"
117.213.217.231 - - [12/Apr/2012:08:59:08 -0700] "GET /blog/wp-content/themes/cleanr/css/reset.css HTTP/1.1" 200 648 "http://yuvi.in/blog/infosys-tcs-or-wipro-none/" "Mozilla/5.0 (X11; Linux i686) AppleWebKit/534.30 (KHTML, like Gecko) Chrome/12.0.742.112 Safari/534.30"
117.213.217.231 - - [12/Apr/2012:08:59:08 -0700] "GET /blog/wp-content/themes/cleanr/css/text.css HTTP/1.1" 200 420 "http://yuvi.in/blog/infosys-tcs-or-wipro-none/" "Mozilla/5.0 (X11; Linux i686) AppleWebKit/534.30 (KHTML, like Gecko) Chrome/12.0.742.112 Safari/534.30"
117.213.217.231 - - [12/Apr/2012:08:59:08 -0700] "GET /blog/wp-content/themes/cleanr/css/960.css HTTP/1.1" 200 3628 "http://yuvi.in/blog/infosys-tcs-or-wipro-none/" "Mozilla/5.0 (X11; Linux i686) AppleWebKit/534.30 (KHTML, like Gecko) Chrome/12.0.742.112 Safari/534.30"
117.213.217.231 - - [12/Apr/2012:08:59:08 -0700] "GET /blog/wp-includes/js/jquery/jquery.js?ver=1.7.1 HTTP/1.1" 200 93889 "http://yuvi.in/blog/infosys-tcs-or-wipro-none/" "Mozilla/5.0 (X11; Linux i686) AppleWebKit/534.30 (KHTML, like Gecko) Chrome/12.0.742.112 Safari/534.30"
117.213.217.231 - - [12/Apr/2012:08:59:09 -0700] "GET /blog/wp-content/themes/cleanr/images/search_magnifier.gif HTTP/1.1" 200 394 "http://yuvi.in/blog/infosys-tcs-or-wipro-none/" "Mozilla/5.0 (X11; Linux i686) AppleWebKit/534.30 (KHTML, like Gecko) Chrome/12.0.742.112 Safari/534.30"
117.198.150.203 - - [12/Apr/2012:08:59:15 -0700] "GET /favicon.ico HTTP/1.1" 404 199 "-" "Mozilla/5.0 (Windows NT 5.1) AppleWebKit/535.12 (KHTML, like Gecko) Maxthon/3.3.7.800 Chrome/18.0.966.0 Safari/535.12"
85.17.88.169 - - [12/Apr/2012:08:59:17 -0700] "POST /blog/wp-cron.php?doing_wp_cron=1334246018 HTTP/1.0" 499 0 "-" "WordPress/3.3.1; http://yuvi.in/blog"
117.213.217.231 - - [12/Apr/2012:08:59:17 -0700] "GET /blog/infosys-tcs-or-wipro-none/?cf_action=sync_comments&post_id=124 HTTP/1.1" 200 48 "http://yuvi.in/blog/infosys-tcs-or-wipro-none/" "Mozilla/5.0 (X11; Linux i686) AppleWebKit/534.30 (KHTML, like Gecko) Chrome/12.0.742.112 Safari/534.30"
117.198.150.203 - - [12/Apr/2012:08:59:28 -0700] "GET /blog HTTP/1.1" 301 178 "http://yuvi.in/" "Mozilla/5.0 (Windows NT 5.1) AppleWebKit/535.12 (KHTML, like Gecko) Maxthon/3.3.7.800 Chrome/18.0.966.0 Safari/535.12"
117.198.150.203 - - [12/Apr/2012:08:59:29 -0700] "GET /blog/ HTTP/1.1" 200 9194 "http://yuvi.in/" "Mozilla/5.0 (Windows NT 5.1) AppleWebKit/535.12 (KHTML, like Gecko) Maxthon/3.3.7.800 Chrome/18.0.966.0 Safari/535.12"
117.198.150.203 - - [12/Apr/2012:08:59:30 -0700] "GET /blog/wp-content/themes/cleanr/style.css HTTP/1.1" 200 10508 "http://yuvi.in/blog/" "Mozilla/5.0 (Windows NT 5.1) AppleWebKit/535.12 (KHTML, like Gecko) Maxthon/3.3.7.800 Chrome/18.0.966.0 Safari/535.12"
117.198.150.203 - - [12/Apr/2012:08:59:30 -0700] "GET /blog/wp-content/themes/cleanr/js/jquery.dropdown.js?ver=3.3.1 HTTP/1.1" 200 535 "http://yuvi.in/blog/" "Mozilla/5.0 (Windows NT 5.1) AppleWebKit/535.12 (KHTML, like Gecko) Maxthon/3.3.7.800 Chrome/18.0.966.0 Safari/535.12"
117.213.217.231 - - [12/Apr/2012:08:59:32 -0700] "GET /favicon.ico HTTP/1.1" 404 199 "-" "Mozilla/5.0 (X11; Linux i686) AppleWebKit/534.30 (KHTML, like Gecko) Chrome/12.0.742.112 Safari/534.30"
117.198.150.203 - - [12/Apr/2012:08:59:32 -0700] "GET /blog/wp-content/themes/cleanr/css/reset.css HTTP/1.1" 200 648 "http://yuvi.in/blog/" "Mozilla/5.0 (Windows NT 5.1) AppleWebKit/535.12 (KHTML, like Gecko) Maxthon/3.3.7.800 Chrome/18.0.966.0 Safari/535.12"
117.198.150.203 - - [12/Apr/2012:08:59:32 -0700] "GET /blog/wp-content/themes/cleanr/css/text.css HTTP/1.1" 200 420 "http://yuvi.in/blog/" "Mozilla/5.0 (Windows NT 5.1) AppleWebKit/535.12 (KHTML, like Gecko) Maxthon/3.3.7.800 Chrome/18.0.966.0 Safari/535.12"
117.198.150.203 - - [12/Apr/2012:08:59:32 -0700] "GET /blog/wp-content/themes/cleanr/css/960.css HTTP/1.1" 200 3628 "http://yuvi.in/blog/" "Mozilla/5.0 (Windows NT 5.1) AppleWebKit/535.12 (KHTML, like Gecko) Maxthon/3.3.7.800 Chrome/18.0.966.0 Safari/535.12"
117.198.150.203 - - [12/Apr/2012:08:59:36 -0700] "GET /blog/wp-includes/js/jquery/jquery.js?ver=1.7.1 HTTP/1.1" 200 93889 "http://yuvi.in/blog/" "Mozilla/5.0 (Windows NT 5.1) AppleWebKit/535.12 (KHTML, like Gecko) Maxthon/3.3.7.800 Chrome/18.0.966.0 Safari/535.12"
117.198.150.203 - - [12/Apr/2012:08:59:38 -0700] "GET /blog/wp-content/themes/cleanr/images/search_magnifier.gif HTTP/1.1" 200 394 "http://yuvi.in/blog/" "Mozilla/5.0 (Windows NT 5.1) AppleWebKit/535.12 (KHTML, like Gecko) Maxthon/3.3.7.800 Chrome/18.0.966.0 Safari/535.12"
117.198.150.203 - - [12/Apr/2012:08:59:40 -0700] "GET /favicon.ico HTTP/1.1" 404 199 "-" "Mozilla/5.0 (Windows NT 5.1) AppleWebKit/535.12 (KHTML, like Gecko) Maxthon/3.3.7.800 Chrome/18.0.966.0 Safari/535.12"
117.198.150.203 - - [12/Apr/2012:08:59:40 -0700] "GET /favicon.ico HTTP/1.1" 404 199 "-" "Mozilla/5.0 (Windows NT 5.1) AppleWebKit/535.12 (KHTML, like Gecko) Maxthon/3.3.7.800 Chrome/18.0.966.0 Safari/535.12"
117.198.150.203 - - [12/Apr/2012:08:59:40 -0700] "GET /favicon.ico HTTP/1.1" 404 199 "-" "Mozilla/5.0 (Windows NT 5.1) AppleWebKit/535.12 (KHTML, like Gecko) Maxthon/3.3.7.800 Chrome/18.0.966.0 Safari/535.12"
117.198.150.203 - - [12/Apr/2012:08:59:40 -0700] "GET /favicon.ico HTTP/1.1" 404 199 "-" "Mozilla/5.0 (Windows NT 5.1) AppleWebKit/535.12 (KHTML, like Gecko) Maxthon/3.3.7.800 Chrome/18.0.966.0 Safari/535.12"
117.198.150.203 - - [12/Apr/2012:08:59:41 -0700] "GET /favicon.ico HTTP/1.1" 404 199 "-" "Mozilla/5.0 (Windows NT 5.1) AppleWebKit/535.12 (KHTML, like Gecko) Maxthon/3.3.7.800 Chrome/18.0.966.0 Safari/535.12"
85.17.88.169 - - [12/Apr/2012:08:59:52 -0700] "POST /blog/wp-cron.php?doing_wp_cron=1334246054 HTTP/1.0" 499 0 "-" "WordPress/3.3.1; http://yuvi.in/blog"
182.71.231.68 - - [12/Apr/2012:08:59:53 -0700] "GET /blog/page/2/ HTTP/1.1" 200 22955 "http://yuvi.in/blog/" "Mozilla/5.0 (X11; Linux i686) AppleWebKit/535.7 (KHTML, like Gecko) Chrome/16.0.912.63 Safari/535.7"
182.71.231.68 - - [12/Apr/2012:08:59:58 -0700] "GET /favicon.ico HTTP/1.1" 404 571 "-" "Mozilla/5.0 (X11; Linux i686) AppleWebKit/535.7 (KHTML, like Gecko) Chrome/16.0.912.63 Safari/535.7"
85.17.88.169 - - [12/Apr/2012:09:00:18 -0700] "POST /blog/wp-cron.php?doing_wp_cron=1334246079 HTTP/1.0" 499 0 "-" "WordPress/3.3.1; http://yuvi.in/blog"
66.249.67.108 - - [12/Apr/2012:09:00:18 -0700] "GET /blog/belated-samsung-galaxy-3-review/ HTTP/1.1" 200 6686 "-" "Mozilla/5.0 (compatible; Googlebot/2.1; +http://www.google.com/bot.html)"
65.52.109.152 - - [12/Apr/2012:09:00:39 -0700] "GET / HTTP/1.1" 304 0 "-" "Mozilla/5.0 (compatible; bingbot/2.0; +http://www.bing.com/bingbot.htm)"
182.71.231.68 - - [12/Apr/2012:09:02:22 -0700] "GET /blog/ HTTP/1.1" 200 9194 "http://yuvi.in/blog/page/2/" "Mozilla/5.0 (X11; Linux i686) AppleWebKit/535.7 (KHTML, like Gecko) Chrome/16.0.912.63 Safari/535.7"
182.71.231.68 - - [12/Apr/2012:09:02:27 -0700] "GET /favicon.ico HTTP/1.1" 404 571 "-" "Mozilla/5.0 (X11; Linux i686) AppleWebKit/535.7 (KHTML, like Gecko) Chrome/16.0.912.63 Safari/535.7"
106.78.70.154 - - [12/Apr/2012:09:02:27 -0700] "-" 400 0 "-" "-"
85.17.88.169 - - [12/Apr/2012:09:02:57 -0700] "POST /blog/wp-cron.php?doing_wp_cron=1334246238 HTTP/1.0" 499 0 "-" "WordPress/3.3.1; http://yuvi.in/blog"
182.71.231.68 - - [12/Apr/2012:09:02:57 -0700] "GET /blog/tag/flipkart/ HTTP/1.1" 200 4387 "http://yuvi.in/blog/" "Mozilla/5.0 (X11; Linux i686) AppleWebKit/535.7 (KHTML, like Gecko) Chrome/16.0.912.63 Safari/535.7"
182.71.231.68 - - [12/Apr/2012:09:03:01 -0700] "GET /favicon.ico HTTP/1.1" 404 571 "-" "Mozilla/5.0 (X11; Linux i686) AppleWebKit/535.7 (KHTML, like Gecko) Chrome/16.0.912.63 Safari/535.7"
85.17.88.169 - - [12/Apr/2012:09:03:36 -0700] "POST /blog/wp-cron.php?doing_wp_cron=1334246277 HTTP/1.0" 499 0 "-" "WordPress/3.3.1; http://yuvi.in/blog"
182.71.231.68 - - [12/Apr/2012:09:03:36 -0700] "GET /blog/tag/android/ HTTP/1.1" 200 5037 "http://yuvi.in/blog/tag/flipkart/" "Mozilla/5.0 (X11; Linux i686) AppleWebKit/535.7 (KHTML, like Gecko) Chrome/16.0.912.63 Safari/535.7"
182.71.231.68 - - [12/Apr/2012:09:03:37 -0700] "GET /favicon.ico HTTP/1.1" 404 571 "-" "Mozilla/5.0 (X11; Linux i686) AppleWebKit/535.7 (KHTML, like Gecko) Chrome/16.0.912.63 Safari/535.7"
85.17.88.169 - - [12/Apr/2012:09:03:38 -0700] "POST /blog/wp-cron.php?doing_wp_cron=1334246280 HTTP/1.0" 499 0 "-" "WordPress/3.3.1; http://yuvi.in/blog"
182.71.231.68 - - [12/Apr/2012:09:03:39 -0700] "GET /blog/tag/algorithm/ HTTP/1.1" 200 3941 "http://yuvi.in/blog/tag/flipkart/" "Mozilla/5.0 (X11; Linux i686) AppleWebKit/535.7 (KHTML, like Gecko) Chrome/16.0.912.63 Safari/535.7"
182.71.231.68 - - [12/Apr/2012:09:03:44 -0700] "GET /favicon.ico HTTP/1.1" 404 571 "-" "Mozilla/5.0 (X11; Linux i686) AppleWebKit/535.7 (KHTML, like Gecko) Chrome/16.0.912.63 Safari/535.7"
85.17.88.169 - - [12/Apr/2012:09:03:45 -0700] "POST /blog/wp-cron.php?doing_wp_cron=1334246286 HTTP/1.0" 499 0 "-" "WordPress/3.3.1; http://yuvi.in/blog"
209.85.224.81 - - [12/Apr/2012:09:03:45 -0700] "GET /blog/feed HTTP/1.1" 304 0 "-" "FeedBurner/1.0 (http://www.FeedBurner.com)"
66.249.68.87 - - [12/Apr/2012:09:03:53 -0700] "GET /r/1nmq HTTP/1.1" 301 257 "-" "Mozilla/5.0 (compatible; Googlebot/2.1; +http://www.google.com/bot.html)"
66.249.68.87 - - [12/Apr/2012:09:03:54 -0700] "GET /s/ta/1nmq/ HTTP/1.1" 302 365 "-" "Mozilla/5.0 (compatible; Googlebot/2.1; +http://www.google.com/bot.html)"
85.17.88.169 - - [12/Apr/2012:09:05:00 -0700] "POST /blog/wp-cron.php?doing_wp_cron=1334246362 HTTP/1.0" 499 0 "-" "WordPress/3.3.1; http://yuvi.in/blog"
117.198.150.203 - - [12/Apr/2012:09:05:01 -0700] "GET /blog/category/code/ HTTP/1.1" 200 11068 "http://yuvi.in/blog/" "Mozilla/5.0 (Windows NT 5.1) AppleWebKit/535.12 (KHTML, like Gecko) Maxthon/3.3.7.800 Chrome/18.0.966.0 Safari/535.12"
117.198.150.203 - - [12/Apr/2012:09:05:19 -0700] "GET /favicon.ico HTTP/1.1" 404 199 "-" "Mozilla/5.0 (Windows NT 5.1) AppleWebKit/535.12 (KHTML, like Gecko) Maxthon/3.3.7.800 Chrome/18.0.966.0 Safari/535.12"
166.205.137.226 - - [12/Apr/2012:09:05:44 -0700] "GET /r/2llr HTTP/1.1" 301 257 "http://m.facebook.com/l.php?u=http%3A%2F%2Ftawp.in%2Fr%2F2llr&h=eAQFQh12h" "Mozilla/5.0 (iPhone; U; CPU iPhone OS 4_3_3 like Mac OS X; en_US) AppleWebKit (KHTML, like Gecko) Mobile [FBAN/FBForIPhone;FBAV/4.1;FBBV/4100.0;FBDV/iPhone3,1;FBMD/iPhone;FBSN/iPhone OS;FBSV/4.3.3;FBSS/2; FBCR/AT&T;FBID/phone;FBLC/en_US;FBSF/2.0]"
166.205.137.226 - - [12/Apr/2012:09:05:44 -0700] "GET /s/ta/2llr/ HTTP/1.1" 302 513 "http://m.facebook.com/l.php?u=http%3A%2F%2Ftawp.in%2Fr%2F2llr&h=eAQFQh12h" "Mozilla/5.0 (iPhone; U; CPU iPhone OS 4_3_3 like Mac OS X; en_US) AppleWebKit (KHTML, like Gecko) Mobile [FBAN/FBForIPhone;FBAV/4.1;FBBV/4100.0;FBDV/iPhone3,1;FBMD/iPhone;FBSN/iPhone OS;FBSV/4.3.3;FBSS/2; FBCR/AT&T;FBID/phone;FBLC/en_US;FBSF/2.0]"
85.17.88.169 - - [12/Apr/2012:09:06:28 -0700] "POST /blog/wp-cron.php?doing_wp_cron=1334246449 HTTP/1.0" 499 0 "-" "WordPress/3.3.1; http://yuvi.in/blog"
117.198.150.203 - - [12/Apr/2012:09:06:28 -0700] "GET /blog/2012/03/ HTTP/1.1" 200 3678 "http://yuvi.in/blog/category/code/" "Mozilla/5.0 (Windows NT 5.1) AppleWebKit/535.12 (KHTML, like Gecko) Maxthon/3.3.7.800 Chrome/18.0.966.0 Safari/535.12"
117.198.150.203 - - [12/Apr/2012:09:06:29 -0700] "GET /favicon.ico HTTP/1.1" 404 199 "-" "Mozilla/5.0 (Windows NT 5.1) AppleWebKit/535.12 (KHTML, like Gecko) Maxthon/3.3.7.800 Chrome/18.0.966.0 Safari/535.12"
117.198.150.203 - - [12/Apr/2012:09:06:29 -0700] "GET /favicon.ico HTTP/1.1" 404 199 "-" "Mozilla/5.0 (Windows NT 5.1) AppleWebKit/535.12 (KHTML, like Gecko) Maxthon/3.3.7.800 Chrome/18.0.966.0 Safari/535.12"
85.17.88.169 - - [12/Apr/2012:09:06:49 -0700] "POST /blog/wp-cron.php?doing_wp_cron=1334246471 HTTP/1.0" 499 0 "-" "WordPress/3.3.1; http://yuvi.in/blog"
117.198.150.203 - - [12/Apr/2012:09:06:49 -0700] "GET /blog/category/education/ HTTP/1.1" 200 14722 "http://yuvi.in/blog/2012/03/" "Mozilla/5.0 (Windows NT 5.1) AppleWebKit/535.12 (KHTML, like Gecko) Maxthon/3.3.7.800 Chrome/18.0.966.0 Safari/535.12"
117.198.150.203 - - [12/Apr/2012:09:06:52 -0700] "GET /favicon.ico HTTP/1.1" 404 199 "-" "Mozilla/5.0 (Windows NT 5.1) AppleWebKit/535.12 (KHTML, like Gecko) Maxthon/3.3.7.800 Chrome/18.0.966.0 Safari/535.12"
117.198.150.203 - - [12/Apr/2012:09:06:53 -0700] "GET /favicon.ico HTTP/1.1" 404 199 "-" "Mozilla/5.0 (Windows NT 5.1) AppleWebKit/535.12 (KHTML, like Gecko) Maxthon/3.3.7.800 Chrome/18.0.966.0 Safari/535.12"
117.198.150.203 - - [12/Apr/2012:09:07:07 -0700] "GET /blog/tag/algorithm/ HTTP/1.1" 200 3941 "http://yuvi.in/blog/category/education/" "Mozilla/5.0 (Windows NT 5.1) AppleWebKit/535.12 (KHTML, like Gecko) Maxthon/3.3.7.800 Chrome/18.0.966.0 Safari/535.12"
117.198.150.203 - - [12/Apr/2012:09:07:08 -0700] "GET /favicon.ico HTTP/1.1" 404 199 "-" "Mozilla/5.0 (Windows NT 5.1) AppleWebKit/535.12 (KHTML, like Gecko) Maxthon/3.3.7.800 Chrome/18.0.966.0 Safari/535.12"
117.198.150.203 - - [12/Apr/2012:09:07:09 -0700] "GET /favicon.ico HTTP/1.1" 404 199 "-" "Mozilla/5.0 (Windows NT 5.1) AppleWebKit/535.12 (KHTML, like Gecko) Maxthon/3.3.7.800 Chrome/18.0.966.0 Safari/535.12"
85.17.88.169 - - [12/Apr/2012:09:07:23 -0700] "POST /blog/wp-cron.php?doing_wp_cron=1334246504 HTTP/1.0" 499 0 "-" "WordPress/3.3.1; http://yuvi.in/blog"
209.85.238.112 - - [12/Apr/2012:09:07:23 -0700] "GET /blog/feed/ HTTP/1.1" 200 6673 "-" "Feedfetcher-Google; (+http://www.google.com/feedfetcher.html; 19 subscribers; feed-id=15064232456473204253)"
98.172.15.103 - - [12/Apr/2012:09:09:35 -0700] "GET / HTTP/1.1" 200 1430 "-" "Caffeinated/1.1.2 CFNetwork/520.3.2 Darwin/11.3.0 (x86_64) (MacBookPro8%2C1)"
98.172.15.103 - - [12/Apr/2012:09:09:35 -0700] "GET /favicon.ico HTTP/1.1" 404 142 "-" "Caffeinated/1.1.2 CFNetwork/520.3.2 Darwin/11.3.0 (x86_64) (MacBookPro8%2C1)"
98.172.15.103 - - [12/Apr/2012:09:10:37 -0700] "GET / HTTP/1.1" 200 1430 "-" "Caffeinated/1.1.2 CFNetwork/520.3.2 Darwin/11.3.0 (x86_64) (MacBookPro8%2C1)"
98.172.15.103 - - [12/Apr/2012:09:10:37 -0700] "GET /favicon.ico HTTP/1.1" 404 142 "-" "Caffeinated/1.1.2 CFNetwork/520.3.2 Darwin/11.3.0 (x86_64) (MacBookPro8%2C1)"
122.164.250.65 - - [12/Apr/2012:09:10:55 -0700] "-" 400 0 "-" "-"
2.49.188.103 - - [12/Apr/2012:09:11:50 -0700] "GET /r/1e6w HTTP/1.1" 301 257 "http://ta.wikipedia.org/wiki/%E0%AE%AA%E0%AE%B4%E0%AE%A9%E0%AE%BF_%E0%AE%AA%E0%AE%BE%E0%AE%AA%E0%AE%BE" "Mozilla/5.0 (Windows NT 6.1; WOW64; rv:11.0) Gecko/20100101 Firefox/11.0"
2.49.188.103 - - [12/Apr/2012:09:11:50 -0700] "GET /s/ta/1e6w/ HTTP/1.1" 302 365 "http://ta.wikipedia.org/wiki/%E0%AE%AA%E0%AE%B4%E0%AE%A9%E0%AE%BF_%E0%AE%AA%E0%AE%BE%E0%AE%AA%E0%AE%BE" "Mozilla/5.0 (Windows NT 6.1; WOW64; rv:11.0) Gecko/20100101 Firefox/11.0"
85.17.88.169 - - [12/Apr/2012:09:12:09 -0700] "POST /blog/wp-cron.php?doing_wp_cron=1334246790 HTTP/1.0" 499 0 "-" "WordPress/3.3.1; http://yuvi.in/blog"
117.198.150.203 - - [12/Apr/2012:09:12:09 -0700] "GET /blog/tag/book/ HTTP/1.1" 200 4237 "http://yuvi.in/blog/tag/algorithm/" "Mozilla/5.0 (Windows NT 5.1) AppleWebKit/535.12 (KHTML, like Gecko) Maxthon/3.3.7.800 Chrome/18.0.966.0 Safari/535.12"
117.198.150.203 - - [12/Apr/2012:09:12:10 -0700] "GET /favicon.ico HTTP/1.1" 404 199 "-" "Mozilla/5.0 (Windows NT 5.1) AppleWebKit/535.12 (KHTML, like Gecko) Maxthon/3.3.7.800 Chrome/18.0.966.0 Safari/535.12"
117.198.150.203 - - [12/Apr/2012:09:12:10 -0700] "GET /favicon.ico HTTP/1.1" 404 199 "-" "Mozilla/5.0 (Windows NT 5.1) AppleWebKit/535.12 (KHTML, like Gecko) Maxthon/3.3.7.800 Chrome/18.0.966.0 Safari/535.12"
85.17.88.169 - - [12/Apr/2012:09:12:39 -0700] "POST /blog/wp-cron.php?doing_wp_cron=1334246820 HTTP/1.0" 499 0 "-" "WordPress/3.3.1; http://yuvi.in/blog"
122.164.250.65 - - [12/Apr/2012:09:12:39 -0700] "-" 400 0 "-" "-"
157.55.112.229 - - [12/Apr/2012:09:12:39 -0700] "GET /blog/devlog-december-11-2011/ HTTP/1.1" 200 4309 "-" "Mozilla/4.0 (compatible; MSIE 7.0; Windows NT 5.2;  SV1;  .NET CLR 1.1.4325;  .NET CLR 2.0.50727;  .NET CLR 3.0.04506.648)"
157.55.112.229 - - [12/Apr/2012:09:12:43 -0700] "GET /blog/wp-content/themes/cleanr/style.css HTTP/1.1" 200 10508 "http://yuvi.in/blog/devlog-december-11-2011/" "Mozilla/4.0 (compatible; MSIE 7.0; Windows NT 5.2;  SV1;  .NET CLR 1.1.4325;  .NET CLR 2.0.50727;  .NET CLR 3.0.04506.648)"
157.55.112.229 - - [12/Apr/2012:09:12:46 -0700] "GET /blog/wp-content/themes/cleanr/css/ie.css HTTP/1.1" 200 390 "http://yuvi.in/blog/devlog-december-11-2011/" "Mozilla/4.0 (compatible; MSIE 7.0; Windows NT 5.2;  SV1;  .NET CLR 1.1.4325;  .NET CLR 2.0.50727;  .NET CLR 3.0.04506.648)"
157.55.112.229 - - [12/Apr/2012:09:12:46 -0700] "GET /blog/wp-content/themes/cleanr/css/reset.css HTTP/1.1" 200 648 "http://yuvi.in/blog/devlog-december-11-2011/" "Mozilla/4.0 (compatible; MSIE 7.0; Windows NT 5.2;  SV1;  .NET CLR 1.1.4325;  .NET CLR 2.0.50727;  .NET CLR 3.0.04506.648)"
85.17.88.169 - - [12/Apr/2012:09:12:46 -0700] "POST /blog/wp-cron.php?doing_wp_cron=1334246828 HTTP/1.0" 499 0 "-" "WordPress/3.3.1; http://yuvi.in/blog"
117.198.150.203 - - [12/Apr/2012:09:12:46 -0700] "GET /blog/2009/06/ HTTP/1.1" 200 7738 "http://yuvi.in/blog/tag/book/" "Mozilla/5.0 (Windows NT 5.1) AppleWebKit/535.12 (KHTML, like Gecko) Maxthon/3.3.7.800 Chrome/18.0.966.0 Safari/535.12"
157.55.112.229 - - [12/Apr/2012:09:12:47 -0700] "GET /blog/wp-includes/js/jquery/jquery.js?ver=1.7.1 HTTP/1.1" 200 93889 "http://yuvi.in/blog/devlog-december-11-2011/" "Mozilla/4.0 (compatible; MSIE 7.0; Windows NT 5.2;  SV1;  .NET CLR 1.1.4325;  .NET CLR 2.0.50727;  .NET CLR 3.0.04506.648)"
157.55.112.229 - - [12/Apr/2012:09:12:47 -0700] "GET /blog/wp-content/themes/cleanr/css/text.css HTTP/1.1" 200 420 "http://yuvi.in/blog/devlog-december-11-2011/" "Mozilla/4.0 (compatible; MSIE 7.0; Windows NT 5.2;  SV1;  .NET CLR 1.1.4325;  .NET CLR 2.0.50727;  .NET CLR 3.0.04506.648)"
117.198.150.203 - - [12/Apr/2012:09:12:47 -0700] "GET /media/evanescence-vids-tweets.png HTTP/1.1" 200 62781 "http://yuvi.in/blog/2009/06/" "Mozilla/5.0 (Windows NT 5.1) AppleWebKit/535.12 (KHTML, like Gecko) Maxthon/3.3.7.800 Chrome/18.0.966.0 Safari/535.12"
157.55.112.229 - - [12/Apr/2012:09:12:47 -0700] "GET /blog/wp-content/themes/cleanr/css/960.css HTTP/1.1" 200 3628 "http://yuvi.in/blog/devlog-december-11-2011/" "Mozilla/4.0 (compatible; MSIE 7.0; Windows NT 5.2;  SV1;  .NET CLR 1.1.4325;  .NET CLR 2.0.50727;  .NET CLR 3.0.04506.648)"
157.55.112.229 - - [12/Apr/2012:09:12:50 -0700] "GET /blog/wp-content/themes/cleanr/js/jquery.dropdown.js?ver=3.3.1 HTTP/1.1" 200 535 "http://yuvi.in/blog/devlog-december-11-2011/" "Mozilla/4.0 (compatible; MSIE 7.0; Windows NT 5.2;  SV1;  .NET CLR 1.1.4325;  .NET CLR 2.0.50727;  .NET CLR 3.0.04506.648)"
117.198.150.203 - - [12/Apr/2012:09:12:53 -0700] "GET /favicon.ico HTTP/1.1" 404 199 "-" "Mozilla/5.0 (Windows NT 5.1) AppleWebKit/535.12 (KHTML, like Gecko) Maxthon/3.3.7.800 Chrome/18.0.966.0 Safari/535.12"
117.198.150.203 - - [12/Apr/2012:09:12:53 -0700] "GET /favicon.ico HTTP/1.1" 404 199 "-" "Mozilla/5.0 (Windows NT 5.1) AppleWebKit/535.12 (KHTML, like Gecko) Maxthon/3.3.7.800 Chrome/18.0.966.0 Safari/535.12"
69.171.228.251 - - [12/Apr/2012:09:13:08 -0700] "GET /r/1nvz HTTP/1.1" 301 257 "-" "facebookexternalhit/1.1 (+http://www.facebook.com/externalhit_uatext.php)"
69.171.228.244 - - [12/Apr/2012:09:13:08 -0700] "GET /s/ta/1nvz/ HTTP/1.1" 302 365 "-" "facebookexternalhit/1.1 (+http://www.facebook.com/externalhit_uatext.php)"
74.125.16.89 - - [12/Apr/2012:09:13:33 -0700] "GET /header.png HTTP/1.1" 200 14249 "http://yuvi.in/" "Mozilla/5.0 (en-us) AppleWebKit/534.14 (KHTML, like Gecko; Google Wireless Transcoder) Chrome/9.0.597 Safari/534.14"
141.0.8.123 - - [12/Apr/2012:09:13:53 -0700] "-" 400 0 "-" "-"
141.0.8.123 - - [12/Apr/2012:09:13:53 -0700] "-" 400 0 "-" "-"
117.213.119.245 - - [12/Apr/2012:09:13:59 -0700] "GET /r/26x HTTP/1.1" 301 255 "http://ta.wikipedia.org/wiki/%E0%AE%B5%E0%AE%BF%E0%AE%95%E0%AF%8D%E0%AE%95%E0%AE%BF%E0%AE%AA%E0%AF%8D%E0%AE%AA%E0%AF%80%E0%AE%9F%E0%AE%BF%E0%AE%AF%E0%AE%BE:%E0%AE%A4%E0%AE%AE%E0%AE%BF%E0%AE%B4%E0%AF%8D_%E0%AE%A4%E0%AE%9F%E0%AF%8D%E0%AE%9F%E0%AE%9A%E0%AF%8D%E0%AE%9A%E0%AF%81" "Mozilla/5.0 (Windows NT 5.1; rv:11.0) Gecko/20100101 Firefox/11.0"
117.213.119.245 - - [12/Apr/2012:09:13:59 -0700] "GET /s/ta/26x/ HTTP/1.1" 302 619 "http://ta.wikipedia.org/wiki/%E0%AE%B5%E0%AE%BF%E0%AE%95%E0%AF%8D%E0%AE%95%E0%AE%BF%E0%AE%AA%E0%AF%8D%E0%AE%AA%E0%AF%80%E0%AE%9F%E0%AE%BF%E0%AE%AF%E0%AE%BE:%E0%AE%A4%E0%AE%AE%E0%AE%BF%E0%AE%B4%E0%AF%8D_%E0%AE%A4%E0%AE%9F%E0%AF%8D%E0%AE%9F%E0%AE%9A%E0%AF%8D%E0%AE%9A%E0%AF%81" "Mozilla/5.0 (Windows NT 5.1; rv:11.0) Gecko/20100101 Firefox/11.0"
117.213.119.245 - - [12/Apr/2012:09:14:04 -0700] "-" 400 0 "-" "-"
141.0.8.123 - - [12/Apr/2012:09:14:18 -0700] "-" 400 0 "-" "-"
66.249.68.87 - - [12/Apr/2012:09:14:40 -0700] "GET /r/2rvk HTTP/1.1" 301 257 "-" "Mozilla/5.0 (compatible; Googlebot/2.1; +http://www.google.com/bot.html)"
66.249.68.87 - - [12/Apr/2012:09:14:40 -0700] "GET /s/ta/2rvk/ HTTP/1.1" 302 603 "-" "Mozilla/5.0 (compatible; Googlebot/2.1; +http://www.google.com/bot.html)"
180.151.40.138 - - [12/Apr/2012:09:15:33 -0700] "GET /AssessmentBar/r/Unassessed_India_articles/ HTTP/1.1" 302 307 "http://en.wikipedia.org/wiki/Christianity_in_Delhi" "Mozilla/5.0 (Windows NT 5.1; rv:11.0) Gecko/20100101 Firefox/11.0"
180.151.40.138 - - [12/Apr/2012:09:15:37 -0700] "-" 400 0 "-" "-"
101.63.216.77 - - [12/Apr/2012:09:17:03 -0700] "-" 400 0 "-" "-"
141.0.8.79 - - [12/Apr/2012:09:18:09 -0700] "-" 400 0 "-" "-"
49.203.144.77 - - [12/Apr/2012:09:18:39 -0700] "-" 400 0 "-" "-"
80.78.131.70 - - [12/Apr/2012:09:19:26 -0700] "GET /r/4vz HTTP/1.1" 301 255 "http://www.facebook.com/l.php?u=http%3A%2F%2Ftawp.in%2Fr%2F4vz&h=jAQFSgNzbAQHQH962OfCUX-fQOhfOEOxLKsPzGMZ6GnGmkg" "Mozilla/5.0 (Windows NT 6.1; WOW64) AppleWebKit/535.19 (KHTML, like Gecko) Chrome/18.0.1025.152 Safari/535.19"
80.78.131.70 - - [12/Apr/2012:09:19:27 -0700] "GET /s/ta/4vz/ HTTP/1.1" 302 473 "http://www.facebook.com/l.php?u=http%3A%2F%2Ftawp.in%2Fr%2F4vz&h=jAQFSgNzbAQHQH962OfCUX-fQOhfOEOxLKsPzGMZ6GnGmkg" "Mozilla/5.0 (Windows NT 6.1; WOW64) AppleWebKit/535.19 (KHTML, like Gecko) Chrome/18.0.1025.152 Safari/535.19"
85.17.88.169 - - [12/Apr/2012:09:19:31 -0700] "POST /blog/wp-cron.php?doing_wp_cron=1334247232 HTTP/1.0" 499 0 "-" "WordPress/3.3.1; http://yuvi.in/blog"
209.85.238.112 - - [12/Apr/2012:09:19:31 -0700] "GET /blog/feed HTTP/1.1" 301 0 "-" "Feedfetcher-Google; (+http://www.google.com/feedfetcher.html; 3 subscribers; feed-id=17684830852112633560)"
209.85.238.112 - - [12/Apr/2012:09:19:32 -0700] "GET /blog/feed/ HTTP/1.1" 200 6692 "-" "Feedfetcher-Google; (+http://www.google.com/feedfetcher.html; 3 subscribers; feed-id=17684830852112633560)"
207.46.204.165 - - [12/Apr/2012:09:21:07 -0700] "-" 400 0 "-" "-"
207.46.204.165 - - [12/Apr/2012:09:21:07 -0700] "-" 400 0 "-" "-"
207.46.204.165 - - [12/Apr/2012:09:21:08 -0700] "-" 400 0 "-" "-"
207.46.204.165 - - [12/Apr/2012:09:21:11 -0700] "-" 400 0 "-" "-"
207.46.204.165 - - [12/Apr/2012:09:21:12 -0700] "-" 400 0 "-" "-"
207.46.204.165 - - [12/Apr/2012:09:21:13 -0700] "-" 400 0 "-" "-"
207.46.204.165 - - [12/Apr/2012:09:21:14 -0700] "-" 400 0 "-" "-"
207.46.204.165 - - [12/Apr/2012:09:21:14 -0700] "-" 400 0 "-" "-"
207.46.204.165 - - [12/Apr/2012:09:21:15 -0700] "-" 400 0 "-" "-"
207.46.204.165 - - [12/Apr/2012:09:21:16 -0700] "-" 400 0 "-" "-"
207.46.204.165 - - [12/Apr/2012:09:21:17 -0700] "-" 400 0 "-" "-"
207.46.204.165 - - [12/Apr/2012:09:21:17 -0700] "-" 400 0 "-" "-"
117.193.67.85 - - [12/Apr/2012:09:22:21 -0700] "-" 400 0 "-" "-"
117.193.67.85 - - [12/Apr/2012:09:22:39 -0700] "-" 400 0 "-" "-"
123.238.14.159 - - [12/Apr/2012:09:26:20 -0700] "-" 400 0 "-" "-"
223.234.157.230 - - [12/Apr/2012:09:26:29 -0700] "-" 400 0 "-" "-"
223.234.157.230 - - [12/Apr/2012:09:26:29 -0700] "-" 400 0 "-" "-"
14.99.163.1 - - [12/Apr/2012:09:26:49 -0700] "-" 400 0 "-" "-"
14.99.163.1 - - [12/Apr/2012:09:26:49 -0700] "-" 400 0 "-" "-"
14.99.163.1 - - [12/Apr/2012:09:26:49 -0700] "-" 400 0 "-" "-"
14.99.163.1 - - [12/Apr/2012:09:26:49 -0700] "-" 400 0 "-" "-"
122.174.105.114 - - [12/Apr/2012:09:27:44 -0700] "-" 400 0 "-" "-"
122.174.105.114 - - [12/Apr/2012:09:27:44 -0700] "-" 400 0 "-" "-"
122.174.105.114 - - [12/Apr/2012:09:27:44 -0700] "-" 400 0 "-" "-"
122.174.105.114 - - [12/Apr/2012:09:27:44 -0700] "-" 400 0 "-" "-"
69.171.228.250 - - [12/Apr/2012:09:28:00 -0700] "GET /r/1rxs HTTP/1.1" 301 257 "-" "facebookexternalhit/1.1 (+http://www.facebook.com/externalhit_uatext.php)"
69.171.228.246 - - [12/Apr/2012:09:28:00 -0700] "GET /s/ta/1rxs/ HTTP/1.1" 302 721 "-" "facebookexternalhit/1.1 (+http://www.facebook.com/externalhit_uatext.php)"
94.228.34.248 - - [12/Apr/2012:09:28:40 -0700] "GET /blog/ HTTP/1.1" 200 9194 "-" "magpie-crawler/1.1 (U; Linux amd64; en-GB; +http://www.brandwatch.net)"
122.164.97.95 - - [12/Apr/2012:09:29:05 -0700] "-" 400 0 "-" "-"
66.249.67.108 - - [12/Apr/2012:09:29:18 -0700] "GET /blog/functional-programming-geekweekend-at-thoughtworks.html HTTP/1.1" 200 4081 "-" "Mozilla/5.0 (compatible; Googlebot/2.1; +http://www.google.com/bot.html)"
122.174.105.114 - - [12/Apr/2012:09:29:34 -0700] "-" 400 0 "-" "-"
98.172.15.103 - - [12/Apr/2012:09:29:38 -0700] "GET / HTTP/1.1" 200 1430 "-" "Caffeinated/1.1.2 CFNetwork/520.3.2 Darwin/11.3.0 (x86_64) (MacBookPro8%2C1)"
98.172.15.103 - - [12/Apr/2012:09:29:38 -0700] "GET /favicon.ico HTTP/1.1" 404 142 "-" "Caffeinated/1.1.2 CFNetwork/520.3.2 Darwin/11.3.0 (x86_64) (MacBookPro8%2C1)"
65.95.96.138 - - [12/Apr/2012:09:29:51 -0700] "GET /r/3y7%E0%AE%95%E0%AE%9F%E0%AF%8D%E0%AE%9F%E0%AE%B1%E0%AF%8D%E0%AE%B1 HTTP/1.1" 301 381 "http://www.facebook.com/l.php?u=http%3A%2F%2Ftawp.in%2Fr%2F3y7%E0%AE%95%E0%AE%9F%E0%AF%8D%E0%AE%9F%E0%AE%B1%E0%AF%8D%E0%AE%B1&h=RAQGxiCTuAQGp_QrHm_POIPUTZt0q6pJ62c_noSY2EcQ0bA" "Mozilla/4.0 (compatible; MSIE 8.0; Windows NT 5.1; Trident/4.0; GTB7.3; .NET CLR 2.0.50727; .NET CLR 3.0.4506.2152; .NET CLR 3.5.30729; AskTbORJ/5.14.1.20007)"
65.95.96.138 - - [12/Apr/2012:09:29:51 -0700] "GET /s/ta/3y7%E0%AE%95%E0%AE%9F%E0%AF%8D%E0%AE%9F%E0%AE%B1%E0%AF%8D%E0%AE%B1/ HTTP/1.1" 502 575 "http://www.facebook.com/l.php?u=http%3A%2F%2Ftawp.in%2Fr%2F3y7%E0%AE%95%E0%AE%9F%E0%AF%8D%E0%AE%9F%E0%AE%B1%E0%AF%8D%E0%AE%B1&h=RAQGxiCTuAQGp_QrHm_POIPUTZt0q6pJ62c_noSY2EcQ0bA" "Mozilla/4.0 (compatible; MSIE 8.0; Windows NT 5.1; Trident/4.0; GTB7.3; .NET CLR 2.0.50727; .NET CLR 3.0.4506.2152; .NET CLR 3.5.30729; AskTbORJ/5.14.1.20007)"
65.95.96.138 - - [12/Apr/2012:09:29:52 -0700] "GET /favicon.ico HTTP/1.1" 404 211 "-" "Mozilla/4.0 (compatible; MSIE 8.0; Windows NT 5.1; Trident/4.0; GTB7.3; .NET CLR 2.0.50727; .NET CLR 3.0.4506.2152; .NET CLR 3.5.30729; AskTbORJ/5.14.1.20007)"
122.174.105.114 - - [12/Apr/2012:09:29:54 -0700] "-" 400 0 "-" "-"
122.174.105.114 - - [12/Apr/2012:09:29:54 -0700] "-" 400 0 "-" "-"
122.174.105.114 - - [12/Apr/2012:09:29:54 -0700] "-" 400 0 "-" "-"
