207.46.12.162 - - [14/Mar/2012:19:21:39 -0700] "GET /blog/wp-includes/js/jquery/jquery.js?ver=1.7.1 HTTP/1.1" 200 93889 "http://yuvi.in/blog/passing-headers-proxying-nginx/" "Mozilla/4.0 (compatible; MSIE 7.0; Windows NT 5.1;  SV1;  .NET CLR 1.1.4322;  .NET CLR 2.0.40607;  .NET CLR 3.0.30729;  .NET CLR 3.5.30707;  InfoPath.2)"
207.46.12.162 - - [14/Mar/2012:19:21:39 -0700] "GET /blog/wp-content/themes/cleanr/css/text.css HTTP/1.1" 200 420 "http://yuvi.in/blog/passing-headers-proxying-nginx/" "Mozilla/4.0 (compatible; MSIE 7.0; Windows NT 5.1;  SV1;  .NET CLR 1.1.4322;  .NET CLR 2.0.40607;  .NET CLR 3.0.30729;  .NET CLR 3.5.30707;  InfoPath.2)"
207.46.12.162 - - [14/Mar/2012:19:21:39 -0700] "GET /blog/wp-content/themes/cleanr/css/960.css HTTP/1.1" 200 3628 "http://yuvi.in/blog/passing-headers-proxying-nginx/" "Mozilla/4.0 (compatible; MSIE 7.0; Windows NT 5.1;  SV1;  .NET CLR 1.1.4322;  .NET CLR 2.0.40607;  .NET CLR 3.0.30729;  .NET CLR 3.5.30707;  InfoPath.2)"
207.46.12.162 - - [14/Mar/2012:19:21:43 -0700] "GET /blog/wp-content/themes/cleanr/js/jquery.dropdown.js?ver=3.3.1 HTTP/1.1" 200 535 "http://yuvi.in/blog/passing-headers-proxying-nginx/" "Mozilla/4.0 (compatible; MSIE 7.0; Windows NT 5.1;  SV1;  .NET CLR 1.1.4322;  .NET CLR 2.0.40607;  .NET CLR 3.0.30729;  .NET CLR 3.5.30707;  InfoPath.2)"
85.17.88.169 - - [14/Mar/2012:19:21:48 -0700] "POST /blog/wp-cron.php?doing_wp_cron=1331777998 HTTP/1.0" 499 0 "-" "WordPress/3.3.1; http://yuvi.in/blog"
209.85.238.115 - - [14/Mar/2012:19:21:49 -0700] "GET /blog/feed/ HTTP/1.1" 304 0 "-" "Feedfetcher-Google; (+http://www.google.com/feedfetcher.html; 19 subscribers; feed-id=15064232456473204253)"
14.96.91.145 - - [14/Mar/2012:19:22:11 -0700] "GET /MadamHut/r/Unassessed_India_articles/ HTTP/1.1" 302 305 "http://www.mediawiki.org/wiki/User:Yuvipanda/common.js" "Mozilla/5.0 (Macintosh; Intel Mac OS X 10_7_3) AppleWebKit/535.11 (KHTML, like Gecko) Chrome/17.0.963.79 Safari/535.11"
14.96.91.145 - - [14/Mar/2012:19:22:21 -0700] "-" 400 0 "-" "-"
66.249.69.139 - - [14/Mar/2012:19:23:08 -0700] "GET /r/2eq3 HTTP/1.1" 301 257 "-" "Mozilla/5.0 (compatible; Googlebot/2.1; +http://www.google.com/bot.html)"
66.249.69.139 - - [14/Mar/2012:19:23:09 -0700] "GET /s/ta/2eq3/ HTTP/1.1" 302 373 "-" "Mozilla/5.0 (compatible; Googlebot/2.1; +http://www.google.com/bot.html)"
117.231.72.4 - - [14/Mar/2012:19:25:14 -0700] "GET /favicon.ico HTTP/1.1" 404 142 "-" "Reeder/1.5.4 CFNetwork/548.1.4 Darwin/11.0.0"
141.0.9.21 - - [14/Mar/2012:19:25:31 -0700] "-" 400 0 "-" "-"
85.17.88.169 - - [14/Mar/2012:19:26:27 -0700] "POST /blog/wp-cron.php?doing_wp_cron=1331778276 HTTP/1.0" 499 0 "-" "WordPress/3.3.1; http://yuvi.in/blog"
173.54.7.180 - - [14/Mar/2012:19:26:27 -0700] "GET /blog/what-stop-child-athiest/ HTTP/1.1" 200 21020 "-" "Mozilla/5.0 (compatible; Googlebot/2.1; +http://www.google.com/bot.html)"
117.231.72.4 - - [14/Mar/2012:19:27:19 -0700] "GET /favicon.ico HTTP/1.1" 404 142 "-" "Reeder/1.5.4 CFNetwork/548.1.4 Darwin/11.0.0"
117.204.18.25 - - [14/Mar/2012:19:28:11 -0700] "GET /r/tkc HTTP/1.1" 301 255 "http://ta.wikipedia.org/wiki/%E0%AE%B5%E0%AE%BF%E0%AE%95%E0%AF%8D%E0%AE%95%E0%AE%BF%E0%AE%AA%E0%AF%8D%E0%AE%AA%E0%AF%80%E0%AE%9F%E0%AE%BF%E0%AE%AF%E0%AE%BE:%E0%AE%92%E0%AE%A4%E0%AF%8D%E0%AE%A4%E0%AE%BE%E0%AE%9A%E0%AF%88%E0%AE%AA%E0%AF%8D_%E0%AE%AA%E0%AE%95%E0%AF%8D%E0%AE%95%E0%AE%AE%E0%AF%8D" "Mozilla/5.0 (compatible; MSIE 9.0; Windows NT 6.1; WOW64; Trident/5.0; FunWebProducts)"
117.204.18.25 - - [14/Mar/2012:19:28:12 -0700] "GET /s/ta/tkc/ HTTP/1.1" 302 619 "http://ta.wikipedia.org/wiki/%E0%AE%B5%E0%AE%BF%E0%AE%95%E0%AF%8D%E0%AE%95%E0%AE%BF%E0%AE%AA%E0%AF%8D%E0%AE%AA%E0%AF%80%E0%AE%9F%E0%AE%BF%E0%AE%AF%E0%AE%BE:%E0%AE%92%E0%AE%A4%E0%AF%8D%E0%AE%A4%E0%AE%BE%E0%AE%9A%E0%AF%88%E0%AE%AA%E0%AF%8D_%E0%AE%AA%E0%AE%95%E0%AF%8D%E0%AE%95%E0%AE%AE%E0%AF%8D" "Mozilla/5.0 (compatible; MSIE 9.0; Windows NT 6.1; WOW64; Trident/5.0; FunWebProducts)"
69.171.229.248 - - [14/Mar/2012:19:29:21 -0700] "GET /r/fmf HTTP/1.1" 301 255 "-" "facebookexternalhit/1.1 (+http://www.facebook.com/externalhit_uatext.php)"
69.171.229.247 - - [14/Mar/2012:19:29:21 -0700] "GET /s/ta/fmf/ HTTP/1.1" 302 349 "-" "facebookexternalhit/1.1 (+http://www.facebook.com/externalhit_uatext.php)"
85.17.88.169 - - [14/Mar/2012:19:30:03 -0700] "POST /blog/wp-cron.php?doing_wp_cron=1331778492 HTTP/1.0" 499 0 "-" "WordPress/3.3.1; http://yuvi.in/blog"
209.85.224.80 - - [14/Mar/2012:19:30:03 -0700] "GET /blog/feed HTTP/1.1" 304 0 "-" "FeedBurner/1.0 (http://www.FeedBurner.com)"
123.125.71.35 - - [14/Mar/2012:19:32:22 -0700] "GET / HTTP/1.1" 200 3439 "-" "Mozilla/5.0 (compatible; Baiduspider/2.0; +http://www.baidu.com/search/spider.html)"
220.181.108.87 - - [14/Mar/2012:19:32:54 -0700] "GET / HTTP/1.1" 200 3439 "-" "Mozilla/5.0 (compatible; Baiduspider/2.0; +http://www.baidu.com/search/spider.html)"
66.249.69.74 - - [14/Mar/2012:19:34:01 -0700] "GET /stories/tag/red.html HTTP/1.1" 200 1108 "-" "Mozilla/5.0 (compatible; Googlebot/2.1; +http://www.google.com/bot.html)"
208.115.111.68 - - [14/Mar/2012:19:34:34 -0700] "GET /robots.txt HTTP/1.1" 404 169 "-" "Mozilla/5.0 (compatible; Ezooms/1.0; ezooms.bot@gmail.com)"
85.17.88.169 - - [14/Mar/2012:19:36:20 -0700] "POST /blog/wp-cron.php?doing_wp_cron=1331778869 HTTP/1.0" 499 0 "-" "WordPress/3.3.1; http://yuvi.in/blog"
209.85.238.115 - - [14/Mar/2012:19:36:20 -0700] "GET /blog/feed HTTP/1.1" 301 0 "-" "Feedfetcher-Google; (+http://www.google.com/feedfetcher.html; 3 subscribers; feed-id=17684830852112633560)"
85.17.88.169 - - [14/Mar/2012:19:36:22 -0700] "POST /blog/wp-cron.php?doing_wp_cron=1331778872 HTTP/1.0" 499 0 "-" "WordPress/3.3.1; http://yuvi.in/blog"
209.85.238.115 - - [14/Mar/2012:19:36:23 -0700] "GET /blog/feed/ HTTP/1.1" 304 0 "-" "Feedfetcher-Google; (+http://www.google.com/feedfetcher.html; 3 subscribers; feed-id=17684830852112633560)"
59.92.42.28 - - [14/Mar/2012:19:37:30 -0700] "-" 400 0 "-" "-"
59.92.42.28 - - [14/Mar/2012:19:37:54 -0700] "-" 400 0 "-" "-"
59.92.42.28 - - [14/Mar/2012:19:37:54 -0700] "-" 400 0 "-" "-"
117.202.189.16 - - [14/Mar/2012:19:38:09 -0700] "-" 400 0 "-" "-"
69.171.228.244 - - [14/Mar/2012:19:38:57 -0700] "GET /r/fmf HTTP/1.1" 301 255 "-" "facebookexternalhit/1.1 (+http://www.facebook.com/externalhit_uatext.php)"
69.171.228.246 - - [14/Mar/2012:19:38:57 -0700] "GET /s/ta/fmf/ HTTP/1.1" 302 349 "-" "facebookexternalhit/1.1 (+http://www.facebook.com/externalhit_uatext.php)"
115.64.133.115 - - [14/Mar/2012:19:39:21 -0700] "-" 400 0 "-" "-"
115.64.133.115 - - [14/Mar/2012:19:39:21 -0700] "-" 400 0 "-" "-"
115.64.133.115 - - [14/Mar/2012:19:39:21 -0700] "-" 400 0 "-" "-"
115.64.133.115 - - [14/Mar/2012:19:39:21 -0700] "-" 400 0 "-" "-"
117.202.189.16 - - [14/Mar/2012:19:39:28 -0700] "-" 400 0 "-" "-"
117.202.189.16 - - [14/Mar/2012:19:40:24 -0700] "-" 400 0 "-" "-"
117.202.189.16 - - [14/Mar/2012:19:40:24 -0700] "-" 400 0 "-" "-"
208.115.113.84 - - [14/Mar/2012:19:41:42 -0700] "GET /robots.txt HTTP/1.1" 404 169 "-" "Mozilla/5.0 (compatible; Ezooms/1.0; ezooms.bot@gmail.com)"
85.17.88.169 - - [14/Mar/2012:19:41:57 -0700] "POST /blog/wp-cron.php?doing_wp_cron=1331779206 HTTP/1.0" 499 0 "-" "WordPress/3.3.1; http://yuvi.in/blog"
141.0.9.207 - - [14/Mar/2012:19:41:57 -0700] "GET /blog/ HTTP/1.1" 200 9194 "http://www.google.com/xhtml?q=Yuvi&client=ms-opera_mb_no&channel=bh" "Opera/9.80 (J2ME/MIDP; Opera Mini/4.1.13907/27.1324; U; en) Presto/2.8.119 Version/11.10"
141.0.9.207 - - [14/Mar/2012:19:41:58 -0700] "GET /blog/wp-content/themes/cleanr/style.css HTTP/1.1" 200 10508 "http://yuvi.in/blog/" "Opera/9.80 (J2ME/MIDP; Opera Mini/4.1.13907/27.1324; U; en) Presto/2.8.119 Version/11.10"
141.0.9.207 - - [14/Mar/2012:19:41:58 -0700] "GET /blog/wp-content/themes/cleanr/css/reset.css HTTP/1.1" 200 648 "http://yuvi.in/blog/" "Opera/9.80 (J2ME/MIDP; Opera Mini/4.1.13907/27.1324; U; en) Presto/2.8.119 Version/11.10"
141.0.9.207 - - [14/Mar/2012:19:41:58 -0700] "GET /blog/wp-content/themes/cleanr/css/text.css HTTP/1.1" 200 420 "http://yuvi.in/blog/" "Opera/9.80 (J2ME/MIDP; Opera Mini/4.1.13907/27.1324; U; en) Presto/2.8.119 Version/11.10"
141.0.9.207 - - [14/Mar/2012:19:41:58 -0700] "GET /blog/wp-content/themes/cleanr/css/960.css HTTP/1.1" 200 3628 "http://yuvi.in/blog/" "Opera/9.80 (J2ME/MIDP; Opera Mini/4.1.13907/27.1324; U; en) Presto/2.8.119 Version/11.10"
141.0.9.207 - - [14/Mar/2012:19:41:58 -0700] "GET /blog/wp-includes/js/jquery/jquery.js?ver=1.7.1 HTTP/1.1" 200 93889 "http://yuvi.in/blog/" "Opera/9.80 (J2ME/MIDP; Opera Mini/4.1.13907/27.1324; U; en) Presto/2.8.119 Version/11.10"
141.0.9.207 - - [14/Mar/2012:19:41:59 -0700] "GET /blog/wp-content/themes/cleanr/js/jquery.dropdown.js?ver=3.3.1 HTTP/1.1" 200 535 "http://yuvi.in/blog/" "Opera/9.80 (J2ME/MIDP; Opera Mini/4.1.13907/27.1324; U; en) Presto/2.8.119 Version/11.10"
141.0.9.207 - - [14/Mar/2012:19:41:59 -0700] "GET /favicon.ico HTTP/1.1" 404 142 "http://yuvi.in/blog/" "Opera/9.80 (J2ME/MIDP; Opera Mini/4.1.13907/27.1324; U; en) Presto/2.8.119 Version/11.10"
141.0.9.207 - - [14/Mar/2012:19:42:00 -0700] "GET /blog/wp-content/themes/cleanr/images/search_magnifier.gif HTTP/1.1" 200 394 "http://yuvi.in/blog/" "Opera/9.80 (J2ME/MIDP; Opera Mini/4.1.13907/27.1324; U; en) Presto/2.8.119 Version/11.10"
141.0.9.207 - - [14/Mar/2012:19:42:08 -0700] "GET / HTTP/1.1" 200 1430 "-" "Opera/9.80 (J2ME/MIDP; Opera Mini/4.1.13907/27.1324; U; en) Presto/2.8.119 Version/11.10"
141.0.9.207 - - [14/Mar/2012:19:42:08 -0700] "GET /blueprint/screen.css HTTP/1.1" 200 12058 "http://yuvi.in/" "Opera/9.80 (J2ME/MIDP; Opera Mini/4.1.13907/27.1324; U; en) Presto/2.8.119 Version/11.10"
141.0.9.207 - - [14/Mar/2012:19:42:08 -0700] "GET /blueprint/print.css HTTP/1.1" 200 1284 "http://yuvi.in/" "Opera/9.80 (J2ME/MIDP; Opera Mini/4.1.13907/27.1324; U; en) Presto/2.8.119 Version/11.10"
141.0.9.207 - - [14/Mar/2012:19:42:08 -0700] "GET /header.png HTTP/1.1" 200 14249 "http://yuvi.in/" "Opera/9.80 (J2ME/MIDP; Opera Mini/4.1.13907/27.1324; U; en) Presto/2.8.119 Version/11.10"
117.231.72.4 - - [14/Mar/2012:19:43:36 -0700] "GET /favicon.ico HTTP/1.1" 404 142 "-" "Reeder/1.5.4 CFNetwork/548.1.4 Darwin/11.0.0"
14.96.91.145 - - [14/Mar/2012:19:45:19 -0700] "GET /MadamHut/r/Unassessed_India_articles/ HTTP/1.1" 302 307 "http://en.wikipedia.org/wiki/Main_Page" "Mozilla/5.0 (Macintosh; Intel Mac OS X 10_7_3) AppleWebKit/535.11 (KHTML, like Gecko) Chrome/17.0.963.79 Safari/535.11"
14.96.91.145 - - [14/Mar/2012:19:45:23 -0700] "GET /MadamHut/r/Unassessed_India_articles/ HTTP/1.1" 302 275 "http://en.wikipedia.org/wiki/Kabi_Sukanta_Mahavidyalaya" "Mozilla/5.0 (Macintosh; Intel Mac OS X 10_7_3) AppleWebKit/535.11 (KHTML, like Gecko) Chrome/17.0.963.79 Safari/535.11"
14.96.91.145 - - [14/Mar/2012:19:45:29 -0700] "-" 400 0 "-" "-"
124.43.72.211 - - [14/Mar/2012:19:48:14 -0700] "GET /r/yb HTTP/1.1" 301 253 "http://ta.wikipedia.org/wiki/%E0%AE%A8%E0%AE%9F%E0%AE%A9_%E0%AE%B5%E0%AE%95%E0%AF%88%E0%AE%95%E0%AE%B3%E0%AF%8D_%E0%AE%AA%E0%AE%9F%E0%AF%8D%E0%AE%9F%E0%AE%BF%E0%AE%AF%E0%AE%B2%E0%AF%8D" "Mozilla/4.0 (compatible; MSIE 6.0; Windows NT 5.1)"
124.43.72.211 - - [14/Mar/2012:19:48:16 -0700] "GET /s/ta/yb/ HTTP/1.1" 302 477 "http://ta.wikipedia.org/wiki/%E0%AE%A8%E0%AE%9F%E0%AE%A9_%E0%AE%B5%E0%AE%95%E0%AF%88%E0%AE%95%E0%AE%B3%E0%AF%8D_%E0%AE%AA%E0%AE%9F%E0%AF%8D%E0%AE%9F%E0%AE%BF%E0%AE%AF%E0%AE%B2%E0%AF%8D" "Mozilla/4.0 (compatible; MSIE 6.0; Windows NT 5.1)"
69.171.230.250 - - [14/Mar/2012:19:49:39 -0700] "GET /r/fmf HTTP/1.1" 301 255 "-" "facebookexternalhit/1.1 (+http://www.facebook.com/externalhit_uatext.php)"
69.171.230.250 - - [14/Mar/2012:19:49:39 -0700] "GET /s/ta/fmf/ HTTP/1.1" 302 349 "-" "facebookexternalhit/1.1 (+http://www.facebook.com/externalhit_uatext.php)"
59.92.42.28 - - [14/Mar/2012:19:49:47 -0700] "-" 400 0 "-" "-"
59.92.42.28 - - [14/Mar/2012:19:49:47 -0700] "-" 400 0 "-" "-"
66.249.69.74 - - [14/Mar/2012:19:50:21 -0700] "GET /stories/tag/blue.html HTTP/1.1" 200 1107 "-" "Mozilla/5.0 (compatible; Googlebot/2.1; +http://www.google.com/bot.html)"
193.164.138.35 - - [14/Mar/2012:19:51:19 -0700] "GET /blog/why-i-moved-off-arch-on-my-netbook.html HTTP/1.1" 200 6172 "-" "Zemanta Aggregator/0.7 +http://www.zemanta.com"
180.76.5.155 - - [14/Mar/2012:19:51:53 -0700] "GET /stories/it-s-never-over.html HTTP/1.1" 200 1780 "-" "Mozilla/5.0 (compatible; Baiduspider/2.0; +http://www.baidu.com/search/spider.html)"
141.0.10.51 - - [14/Mar/2012:19:53:08 -0700] "-" 400 0 "-" "-"
117.202.141.141 - - [14/Mar/2012:19:56:28 -0700] "-" 400 0 "-" "-"
117.202.141.141 - - [14/Mar/2012:19:56:28 -0700] "-" 400 0 "-" "-"
85.17.88.169 - - [14/Mar/2012:19:57:00 -0700] "POST /blog/wp-cron.php?doing_wp_cron=1331780110 HTTP/1.0" 499 0 "-" "WordPress/3.3.1; http://yuvi.in/blog"
187.114.12.108 - - [14/Mar/2012:19:57:01 -0700] "GET /blog/program/ HTTP/1.1" 200 27150 "-" "Mozilla/5.0 (compatible; Googlebot/2.1; +http://www.google.com/bot.html)"
176.9.139.113 - - [14/Mar/2012:19:57:01 -0700] "GET /blog HTTP/1.1" 301 178 "-" "Mozilla/5.0 (compatible; SISTRIX Crawler; http://crawler.sistrix.net/)"
85.17.88.169 - - [14/Mar/2012:19:58:48 -0700] "POST /blog/wp-cron.php?doing_wp_cron=1331780217 HTTP/1.0" 499 0 "-" "WordPress/3.3.1; http://yuvi.in/blog"
100.43.83.144 - - [14/Mar/2012:19:58:48 -0700] "GET /blog/chennais-concentration-camps-aka-colleges/ HTTP/1.1" 200 4575 "-" "Mozilla/5.0 (compatible; YandexBot/3.0; +http://yandex.com/bots)"
117.206.67.180 - - [14/Mar/2012:19:59:01 -0700] "GET /r/18at HTTP/1.1" 301 257 "http://ta.wikipedia.org/wiki/%E0%AE%A4%E0%AE%AE%E0%AE%BF%E0%AE%B4%E0%AF%8D%E0%AE%A8%E0%AE%BE%E0%AE%9F%E0%AF%8D%E0%AE%9F%E0%AE%BF%E0%AE%B2%E0%AF%8D_%E0%AE%9A%E0%AF%8A%E0%AE%A4%E0%AF%8D%E0%AE%A4%E0%AF%81_%E0%AE%B5%E0%AE%B0%E0%AE%BF" "Mozilla/5.0 (Windows NT 5.1; rv:2.0) Gecko/20100101 Firefox/4.0"
117.206.67.180 - - [14/Mar/2012:19:59:01 -0700] "GET /s/ta/18at/ HTTP/1.1" 302 537 "http://ta.wikipedia.org/wiki/%E0%AE%A4%E0%AE%AE%E0%AE%BF%E0%AE%B4%E0%AF%8D%E0%AE%A8%E0%AE%BE%E0%AE%9F%E0%AF%8D%E0%AE%9F%E0%AE%BF%E0%AE%B2%E0%AF%8D_%E0%AE%9A%E0%AF%8A%E0%AE%A4%E0%AF%8D%E0%AE%A4%E0%AF%81_%E0%AE%B5%E0%AE%B0%E0%AE%BF" "Mozilla/5.0 (Windows NT 5.1; rv:2.0) Gecko/20100101 Firefox/4.0"
117.231.72.4 - - [14/Mar/2012:19:59:34 -0700] "GET /favicon.ico HTTP/1.1" 404 142 "-" "Reeder/1.5.4 CFNetwork/548.1.4 Darwin/11.0.0"
85.17.88.169 - - [14/Mar/2012:20:00:12 -0700] "POST /blog/wp-cron.php?doing_wp_cron=1331780301 HTTP/1.0" 499 0 "-" "WordPress/3.3.1; http://yuvi.in/blog"
209.85.224.90 - - [14/Mar/2012:20:00:13 -0700] "GET /blog/feed HTTP/1.1" 304 0 "-" "FeedBurner/1.0 (http://www.FeedBurner.com)"
117.193.33.214 - - [14/Mar/2012:20:00:51 -0700] "-" 400 0 "-" "-"
124.43.72.211 - - [14/Mar/2012:20:02:38 -0700] "GET /r/2tn3 HTTP/1.1" 301 257 "http://ta.wikipedia.org/wiki/%E0%AE%95%E0%AE%B0%E0%AE%95%E0%AE%BE%E0%AE%9F%E0%AF%8D%E0%AE%9F%E0%AE%AE%E0%AF%8D" "Mozilla/4.0 (compatible; MSIE 6.0; Windows NT 5.1)"
124.43.72.211 - - [14/Mar/2012:20:02:39 -0700] "GET /s/ta/2tn3/ HTTP/1.1" 302 373 "http://ta.wikipedia.org/wiki/%E0%AE%95%E0%AE%B0%E0%AE%95%E0%AE%BE%E0%AE%9F%E0%AF%8D%E0%AE%9F%E0%AE%AE%E0%AF%8D" "Mozilla/4.0 (compatible; MSIE 6.0; Windows NT 5.1)"
115.242.136.104 - - [14/Mar/2012:20:05:55 -0700] "-" 400 0 "-" "-"
115.242.136.104 - - [14/Mar/2012:20:05:55 -0700] "-" 400 0 "-" "-"
115.242.136.104 - - [14/Mar/2012:20:05:55 -0700] "-" 400 0 "-" "-"
115.242.136.104 - - [14/Mar/2012:20:05:55 -0700] "-" 400 0 "-" "-"
66.249.69.74 - - [14/Mar/2012:20:06:35 -0700] "GET /blog/devlog-mar-2011.html HTTP/1.1" 200 2970 "-" "Mozilla/5.0 (compatible; Googlebot/2.1; +http://www.google.com/bot.html)"
85.17.88.169 - - [14/Mar/2012:20:07:09 -0700] "POST /blog/wp-cron.php?doing_wp_cron=1331780718 HTTP/1.0" 499 0 "-" "WordPress/3.3.1; http://yuvi.in/blog"
66.249.69.74 - - [14/Mar/2012:20:07:09 -0700] "GET /blog/tag/athiesm/ HTTP/1.1" 200 4981 "-" "Mozilla/5.0 (compatible; Googlebot/2.1; +http://www.google.com/bot.html)"
117.193.52.206 - - [14/Mar/2012:20:08:13 -0700] "-" 400 0 "-" "-"
220.255.1.113 - - [14/Mar/2012:20:09:26 -0700] "-" 400 0 "-" "-"
220.255.1.163 - - [14/Mar/2012:20:09:27 -0700] "-" 400 0 "-" "-"
220.255.2.182 - - [14/Mar/2012:20:09:27 -0700] "-" 400 0 "-" "-"
220.255.1.250 - - [14/Mar/2012:20:09:27 -0700] "-" 400 0 "-" "-"
220.255.1.224 - - [14/Mar/2012:20:09:28 -0700] "-" 400 0 "-" "-"
220.255.1.99 - - [14/Mar/2012:20:09:28 -0700] "-" 400 0 "-" "-"
220.255.2.232 - - [14/Mar/2012:20:09:32 -0700] "-" 400 0 "-" "-"
220.255.1.124 - - [14/Mar/2012:20:09:36 -0700] "-" 400 0 "-" "-"
202.156.8.226 - - [14/Mar/2012:20:09:41 -0700] "GET /r/2x4e HTTP/1.1" 301 257 "-" "Mozilla/4.0 (compatible; MSIE 7.0; Windows NT 6.1; WOW64; Trident/5.0; .NET CLR 2.0.50727; .NET CLR 3.0.30729; .NET CLR 3.5.30729; .NET4.0C; .NET4.0E; BRI/1; MDDC; Media Center PC 6.0; SLCC2; ms-office)"
202.156.8.226 - - [14/Mar/2012:20:09:41 -0700] "GET /s/ta/2x4e/ HTTP/1.1" 302 549 "-" "Mozilla/4.0 (compatible; MSIE 7.0; Windows NT 6.1; WOW64; Trident/5.0; .NET CLR 2.0.50727; .NET CLR 3.0.30729; .NET CLR 3.5.30729; .NET4.0C; .NET4.0E; BRI/1; MDDC; Media Center PC 6.0; SLCC2; ms-office)"
209.85.224.80 - - [14/Mar/2012:20:09:42 -0700] "GET /stories/feed HTTP/1.1" 200 13653 "-" "FeedBurner/1.0 (http://www.FeedBurner.com)"
202.156.8.226 - - [14/Mar/2012:20:09:51 -0700] "GET /r/2kvw HTTP/1.1" 301 257 "-" "Mozilla/4.0 (compatible; MSIE 7.0; Windows NT 6.1; WOW64; Trident/5.0; .NET CLR 2.0.50727; .NET CLR 3.0.30729; .NET CLR 3.5.30729; .NET4.0C; .NET4.0E; BRI/1; MDDC; Media Center PC 6.0; SLCC2; ms-office)"
202.156.8.226 - - [14/Mar/2012:20:09:51 -0700] "GET /s/ta/2kvw/ HTTP/1.1" 302 429 "-" "Mozilla/4.0 (compatible; MSIE 7.0; Windows NT 6.1; WOW64; Trident/5.0; .NET CLR 2.0.50727; .NET CLR 3.0.30729; .NET CLR 3.5.30729; .NET4.0C; .NET4.0E; BRI/1; MDDC; Media Center PC 6.0; SLCC2; ms-office)"
220.255.2.234 - - [14/Mar/2012:20:10:02 -0700] "-" 400 0 "-" "-"
124.43.72.211 - - [14/Mar/2012:20:11:55 -0700] "GET /r/2947 HTTP/1.1" 301 257 "http://ta.wikipedia.org/wiki/%E0%AE%AE%E0%AF%80%E0%AE%A9%E0%AE%B5%E0%AE%B0%E0%AF%8D_%E0%AE%AA%E0%AE%BE%E0%AE%9F%E0%AE%B2%E0%AF%8D_(%E0%AE%A4%E0%AE%AE%E0%AE%BF%E0%AE%B4%E0%AF%8D_%E0%AE%A8%E0%AE%BE%E0%AE%9F%E0%AF%8D%E0%AE%9F%E0%AF%81%E0%AE%AA%E0%AF%8D%E0%AE%AA%E0%AF%81%E0%AE%B1%E0%AE%B5%E0%AE%BF%E0%AE%AF%E0%AE%B2%E0%AF%8D)" "Mozilla/4.0 (compatible; MSIE 6.0; Windows NT 5.1)"
124.43.72.211 - - [14/Mar/2012:20:11:56 -0700] "GET /s/ta/2947/ HTTP/1.1" 302 669 "http://ta.wikipedia.org/wiki/%E0%AE%AE%E0%AF%80%E0%AE%A9%E0%AE%B5%E0%AE%B0%E0%AF%8D_%E0%AE%AA%E0%AE%BE%E0%AE%9F%E0%AE%B2%E0%AF%8D_(%E0%AE%A4%E0%AE%AE%E0%AE%BF%E0%AE%B4%E0%AF%8D_%E0%AE%A8%E0%AE%BE%E0%AE%9F%E0%AF%8D%E0%AE%9F%E0%AF%81%E0%AE%AA%E0%AF%8D%E0%AE%AA%E0%AF%81%E0%AE%B1%E0%AE%B5%E0%AE%BF%E0%AE%AF%E0%AE%B2%E0%AF%8D)" "Mozilla/4.0 (compatible; MSIE 6.0; Windows NT 5.1)"
122.164.238.58 - - [14/Mar/2012:20:12:33 -0700] "-" 400 0 "-" "-"
65.52.108.66 - - [14/Mar/2012:20:13:14 -0700] "GET /blog/archives.html HTTP/1.1" 304 0 "-" "Mozilla/5.0 (compatible; bingbot/2.0; +http://www.bing.com/bingbot.htm)"
75.131.206.131 - - [14/Mar/2012:20:15:29 -0700] "GET / HTTP/1.1" 200 1430 "-" "Reeder/1.5.4 CFNetwork/548.1.4 Darwin/11.0.0"
75.131.206.131 - - [14/Mar/2012:20:15:29 -0700] "GET /favicon.ico HTTP/1.1" 404 142 "-" "Reeder/1.5.4 CFNetwork/548.1.4 Darwin/11.0.0"
75.131.206.131 - - [14/Mar/2012:20:15:29 -0700] "GET / HTTP/1.1" 200 1430 "-" "Reeder/1.5.4 CFNetwork/548.1.4 Darwin/11.0.0"
75.131.206.131 - - [14/Mar/2012:20:15:29 -0700] "GET /apple-touch-icon.png HTTP/1.1" 404 142 "-" "Reeder/1.5.4 CFNetwork/548.1.4 Darwin/11.0.0"
75.131.206.131 - - [14/Mar/2012:20:15:29 -0700] "GET /apple-touch-icon-precomposed.png HTTP/1.1" 404 142 "-" "Reeder/1.5.4 CFNetwork/548.1.4 Darwin/11.0.0"
141.0.8.242 - - [14/Mar/2012:20:15:54 -0700] "-" 400 0 "-" "-"
141.0.8.242 - - [14/Mar/2012:20:15:54 -0700] "-" 400 0 "-" "-"
180.76.6.36 - - [14/Mar/2012:20:16:01 -0700] "GET /robots.txt HTTP/1.1" 404 142 "-" "Baiduspider+(+http://www.baidu.com/search/spider.htm)"
122.174.59.1 - - [14/Mar/2012:20:20:39 -0700] "-" 400 0 "-" "-"
124.43.22.95 - - [14/Mar/2012:20:21:32 -0700] "GET /r/nzo HTTP/1.1" 301 255 "http://www.facebook.com/l.php?u=http%3A%2F%2Ftawp.in%2Fr%2Fnzo&h=cAQGISZFaAQEU2t3arGR1Aob4_7t05y_njId672iSrqcqlg&enc=AZPsRNwe7c1V6Lr-WWl4I01oMGSKSAF17s7vSr9sA4JyncxuBa_HUIi-6AIm1GTKbfGZLvXXEvbwpcBWjQ7GXWqz" "Mozilla/5.0 (Windows NT 6.1) AppleWebKit/535.11 (KHTML, like Gecko) Chrome/17.0.963.79 Safari/535.11"
124.43.22.95 - - [14/Mar/2012:20:21:32 -0700] "GET /s/ta/nzo/ HTTP/1.1" 302 341 "http://www.facebook.com/l.php?u=http%3A%2F%2Ftawp.in%2Fr%2Fnzo&h=cAQGISZFaAQEU2t3arGR1Aob4_7t05y_njId672iSrqcqlg&enc=AZPsRNwe7c1V6Lr-WWl4I01oMGSKSAF17s7vSr9sA4JyncxuBa_HUIi-6AIm1GTKbfGZLvXXEvbwpcBWjQ7GXWqz" "Mozilla/5.0 (Windows NT 6.1) AppleWebKit/535.11 (KHTML, like Gecko) Chrome/17.0.963.79 Safari/535.11"
124.43.22.95 - - [14/Mar/2012:20:21:45 -0700] "-" 400 0 "-" "-"
66.249.67.123 - - [14/Mar/2012:20:23:02 -0700] "GET /stories/tag/black.html HTTP/1.1" 200 1118 "-" "Mozilla/5.0 (compatible; Googlebot/2.1; +http://www.google.com/bot.html)"
141.0.10.216 - - [14/Mar/2012:20:24:31 -0700] "-" 400 0 "-" "-"
94.228.34.209 - - [14/Mar/2012:20:26:43 -0700] "GET /blog/serendipity.html HTTP/1.1" 304 0 "-" "magpie-crawler/1.1 (U; Linux amd64; en-GB; +http://www.brandwatch.net)"
85.17.88.169 - - [14/Mar/2012:20:28:09 -0700] "POST /blog/wp-cron.php?doing_wp_cron=1331781978 HTTP/1.0" 499 0 "-" "WordPress/3.3.1; http://yuvi.in/blog"
209.85.238.115 - - [14/Mar/2012:20:28:09 -0700] "GET /blog/feed/ HTTP/1.1" 304 0 "-" "Feedfetcher-Google; (+http://www.google.com/feedfetcher.html; 19 subscribers; feed-id=15064232456473204253)"
141.0.10.216 - - [14/Mar/2012:20:28:21 -0700] "-" 400 0 "-" "-"
85.17.88.169 - - [14/Mar/2012:20:28:50 -0700] "POST /blog/wp-cron.php?doing_wp_cron=1331782019 HTTP/1.0" 499 0 "-" "WordPress/3.3.1; http://yuvi.in/blog"
209.85.238.115 - - [14/Mar/2012:20:28:51 -0700] "GET /blog/feed HTTP/1.1" 301 0 "-" "Feedfetcher-Google; (+http://www.google.com/feedfetcher.html; 3 subscribers; feed-id=17684830852112633560)"
85.17.88.169 - - [14/Mar/2012:20:28:53 -0700] "POST /blog/wp-cron.php?doing_wp_cron=1331782022 HTTP/1.0" 499 0 "-" "WordPress/3.3.1; http://yuvi.in/blog"
209.85.238.115 - - [14/Mar/2012:20:28:53 -0700] "GET /blog/feed/ HTTP/1.1" 304 0 "-" "Feedfetcher-Google; (+http://www.google.com/feedfetcher.html; 3 subscribers; feed-id=17684830852112633560)"
85.17.88.169 - - [14/Mar/2012:20:30:22 -0700] "POST /blog/wp-cron.php?doing_wp_cron=1331782111 HTTP/1.0" 499 0 "-" "WordPress/3.3.1; http://yuvi.in/blog"
209.85.224.86 - - [14/Mar/2012:20:30:23 -0700] "GET /blog/feed HTTP/1.1" 304 0 "-" "FeedBurner/1.0 (http://www.FeedBurner.com)"
85.17.88.169 - - [14/Mar/2012:20:30:37 -0700] "POST /blog/wp-cron.php?doing_wp_cron=1331782126 HTTP/1.0" 499 0 "-" "WordPress/3.3.1; http://yuvi.in/blog"
66.135.57.47 - - [14/Mar/2012:20:30:38 -0700] "GET /blog/my-vimrc/ HTTP/1.0" 200 16009 "-" "Mozilla/5.0 (Windows; U; Windows NT 5.1; rv:1.7.3) Gecko/20041001 Firefox/0.10.1"
85.17.88.169 - - [14/Mar/2012:20:30:40 -0700] "POST /blog/wp-cron.php?doing_wp_cron=1331782129 HTTP/1.0" 499 0 "-" "WordPress/3.3.1; http://yuvi.in/blog"
66.135.57.47 - - [14/Mar/2012:20:30:41 -0700] "GET /blog/college-drop/ HTTP/1.0" 200 18395 "-" "Mozilla/5.0 (Windows; U; Windows NT 5.1; rv:1.7.3) Gecko/20041001 Firefox/0.10.1"
85.17.88.169 - - [14/Mar/2012:20:30:43 -0700] "POST /blog/wp-cron.php?doing_wp_cron=1331782132 HTTP/1.0" 499 0 "-" "WordPress/3.3.1; http://yuvi.in/blog"
66.135.57.47 - - [14/Mar/2012:20:30:44 -0700] "GET /blog/passing-headers-proxying-nginx/ HTTP/1.0" 200 16690 "-" "Mozilla/5.0 (Windows; U; Windows NT 5.1; rv:1.7.3) Gecko/20041001 Firefox/0.10.1"
85.17.88.169 - - [14/Mar/2012:20:30:46 -0700] "POST /blog/wp-cron.php?doing_wp_cron=1331782135 HTTP/1.0" 499 0 "-" "WordPress/3.3.1; http://yuvi.in/blog"
66.135.57.47 - - [14/Mar/2012:20:30:47 -0700] "GET /blog/program/ HTTP/1.0" 200 27214 "-" "Mozilla/5.0 (Windows; U; Windows NT 5.1; rv:1.7.3) Gecko/20041001 Firefox/0.10.1"
85.17.88.169 - - [14/Mar/2012:20:30:49 -0700] "POST /blog/wp-cron.php?doing_wp_cron=1331782138 HTTP/1.0" 499 0 "-" "WordPress/3.3.1; http://yuvi.in/blog"
66.135.57.47 - - [14/Mar/2012:20:30:50 -0700] "GET /blog/devlog-december-26-2011/ HTTP/1.0" 200 16694 "-" "Mozilla/5.0 (Windows; U; Windows NT 5.1; rv:1.7.3) Gecko/20041001 Firefox/0.10.1"
85.17.88.169 - - [14/Mar/2012:20:30:52 -0700] "POST /blog/wp-cron.php?doing_wp_cron=1331782141 HTTP/1.0" 499 0 "-" "WordPress/3.3.1; http://yuvi.in/blog"
66.135.57.47 - - [14/Mar/2012:20:30:53 -0700] "GET /blog/devlog-december-23-2011/ HTTP/1.0" 200 16517 "-" "Mozilla/5.0 (Windows; U; Windows NT 5.1; rv:1.7.3) Gecko/20041001 Firefox/0.10.1"
85.17.88.169 - - [14/Mar/2012:20:30:55 -0700] "POST /blog/wp-cron.php?doing_wp_cron=1331782144 HTTP/1.0" 499 0 "-" "WordPress/3.3.1; http://yuvi.in/blog"
66.135.57.47 - - [14/Mar/2012:20:30:56 -0700] "GET /blog/devlog-december-21-2011/ HTTP/1.0" 200 17121 "-" "Mozilla/5.0 (Windows; U; Windows NT 5.1; rv:1.7.3) Gecko/20041001 Firefox/0.10.1"
85.17.88.169 - - [14/Mar/2012:20:30:58 -0700] "POST /blog/wp-cron.php?doing_wp_cron=1331782147 HTTP/1.0" 499 0 "-" "WordPress/3.3.1; http://yuvi.in/blog"
66.135.57.47 - - [14/Mar/2012:20:30:59 -0700] "GET /blog/devlog-december-11-2011/ HTTP/1.0" 200 16592 "-" "Mozilla/5.0 (Windows; U; Windows NT 5.1; rv:1.7.3) Gecko/20041001 Firefox/0.10.1"
85.17.88.169 - - [14/Mar/2012:20:31:01 -0700] "POST /blog/wp-cron.php?doing_wp_cron=1331782150 HTTP/1.0" 499 0 "-" "WordPress/3.3.1; http://yuvi.in/blog"
66.135.57.47 - - [14/Mar/2012:20:31:02 -0700] "GET /blog/devlog-december-10-2011/ HTTP/1.0" 200 16387 "-" "Mozilla/5.0 (Windows; U; Windows NT 5.1; rv:1.7.3) Gecko/20041001 Firefox/0.10.1"
85.17.88.169 - - [14/Mar/2012:20:31:04 -0700] "POST /blog/wp-cron.php?doing_wp_cron=1331782153 HTTP/1.0" 499 0 "-" "WordPress/3.3.1; http://yuvi.in/blog"
66.135.57.47 - - [14/Mar/2012:20:31:05 -0700] "GET /blog/devlog-december-7-2011/ HTTP/1.0" 200 16833 "-" "Mozilla/5.0 (Windows; U; Windows NT 5.1; rv:1.7.3) Gecko/20041001 Firefox/0.10.1"
207.46.12.70 - - [14/Mar/2012:20:33:01 -0700] "-" 400 0 "-" "-"
207.46.12.70 - - [14/Mar/2012:20:33:02 -0700] "-" 400 0 "-" "-"
207.46.12.70 - - [14/Mar/2012:20:33:03 -0700] "-" 400 0 "-" "-"
207.46.12.70 - - [14/Mar/2012:20:33:03 -0700] "-" 400 0 "-" "-"
207.46.12.70 - - [14/Mar/2012:20:33:03 -0700] "-" 400 0 "-" "-"
207.46.12.70 - - [14/Mar/2012:20:33:03 -0700] "-" 400 0 "-" "-"
207.46.12.70 - - [14/Mar/2012:20:33:04 -0700] "-" 400 0 "-" "-"
207.46.12.70 - - [14/Mar/2012:20:33:04 -0700] "-" 400 0 "-" "-"
207.46.12.70 - - [14/Mar/2012:20:33:04 -0700] "-" 400 0 "-" "-"
207.46.12.70 - - [14/Mar/2012:20:33:04 -0700] "-" 400 0 "-" "-"
207.46.12.70 - - [14/Mar/2012:20:33:14 -0700] "-" 400 0 "-" "-"
66.249.69.74 - - [14/Mar/2012:20:36:40 -0700] "GET /blog/devlog-feb-2011.html HTTP/1.1" 200 3089 "-" "Mozilla/5.0 (compatible; Googlebot/2.1; +http://www.google.com/bot.html)"
69.171.228.244 - - [14/Mar/2012:20:36:53 -0700] "GET /r/1ie4 HTTP/1.1" 301 257 "-" "facebookexternalhit/1.1 (+http://www.facebook.com/externalhit_uatext.php)"
69.171.228.250 - - [14/Mar/2012:20:36:54 -0700] "GET /s/ta/1ie4/ HTTP/1.1" 302 509 "-" "facebookexternalhit/1.1 (+http://www.facebook.com/externalhit_uatext.php)"
141.0.8.107 - - [14/Mar/2012:20:39:52 -0700] "-" 400 0 "-" "-"
85.17.88.169 - - [14/Mar/2012:20:42:24 -0700] "POST /blog/wp-cron.php?doing_wp_cron=1331782833 HTTP/1.0" 499 0 "-" "WordPress/3.3.1; http://yuvi.in/blog"
180.76.5.111 - - [14/Mar/2012:20:42:24 -0700] "GET /blog/2009/09/ HTTP/1.1" 200 4403 "-" "Mozilla/5.0 (compatible; Baiduspider/2.0; +http://www.baidu.com/search/spider.html)"
85.17.88.169 - - [14/Mar/2012:20:44:49 -0700] "POST /blog/wp-cron.php?doing_wp_cron=1331782978 HTTP/1.0" 499 0 "-" "WordPress/3.3.1; http://yuvi.in/blog"
183.82.74.109 - - [14/Mar/2012:20:44:50 -0700] "GET /blog/feed/ HTTP/1.0" 304 0 "-" "FeedDemon/4.0 (http://www.feeddemon.com/; Microsoft Windows)"
85.17.88.169 - - [14/Mar/2012:20:45:27 -0700] "POST /blog/wp-cron.php?doing_wp_cron=1331783016 HTTP/1.0" 499 0 "-" "WordPress/3.3.1; http://yuvi.in/blog"
213.186.127.13 - - [14/Mar/2012:20:45:27 -0700] "GET /blog/tag/devlog-dec-2011/ HTTP/1.1" 200 4460 "-" "Mozilla/5.0 (compatible; AhrefsBot/2.0; +http://ahrefs.com/robot/)"
115.69.159.213 - - [14/Mar/2012:20:45:54 -0700] "GET / HTTP/1.1" 200 1430 "-" "NokiaC2-03/2.0 (06.52) Profile/MIDP-2.1 Configuration/CLDC-1.1"
115.69.159.213 - - [14/Mar/2012:20:45:56 -0700] "GET /blueprint/screen.css HTTP/1.1" 200 12058 "-" "NokiaC2-03/2.0 (06.52) Profile/MIDP-2.1 Configuration/CLDC-1.1"
115.69.159.213 - - [14/Mar/2012:20:45:56 -0700] "GET /header.png HTTP/1.1" 200 14249 "-" "NokiaC2-03/2.0 (06.52) Profile/MIDP-2.1 Configuration/CLDC-1.1"
124.43.22.180 - - [14/Mar/2012:20:46:21 -0700] "GET /s/ta/nzo/ HTTP/1.1" 302 341 "http://www.facebook.com/l.php?u=http%3A%2F%2Ftawp.in%2Fr%2Fnzo&h=qAQFdkpTqAQHaG3XBcQYr4iHQrOWvz13mkWs2Mm5TtMZAGA&enc=AZPH_ESMLGw1130-kM6B8R5HKe2Idv3STVJCjVw4wcUXMVdLvWtl6weCSFYjt4V2z5lDJhCMDAhePHzFR4VHP_TO" "Mozilla/5.0 (Windows NT 6.1) AppleWebKit/535.11 (KHTML, like Gecko) Chrome/17.0.963.79 Safari/535.11"
124.43.22.180 - - [14/Mar/2012:20:46:35 -0700] "-" 400 0 "-" "-"
115.160.226.162 - - [14/Mar/2012:20:46:52 -0700] "-" 400 0 "-" "-"
85.17.88.169 - - [14/Mar/2012:20:48:02 -0700] "POST /blog/wp-cron.php?doing_wp_cron=1331783170 HTTP/1.0" 499 0 "-" "WordPress/3.3.1; http://yuvi.in/blog"
101.226.33.172 - - [14/Mar/2012:20:48:02 -0700] "GET /blog/feed HTTP/1.0" 304 0 "-" "Mozilla/4.0 (compatible; Windows;)"
85.17.88.169 - - [14/Mar/2012:20:48:58 -0700] "POST /blog/wp-cron.php?doing_wp_cron=1331783227 HTTP/1.0" 499 0 "-" "WordPress/3.3.1; http://yuvi.in/blog"
208.115.111.68 - - [14/Mar/2012:20:48:59 -0700] "GET /blog/category/devlog/ HTTP/1.1" 200 43222 "-" "Mozilla/5.0 (compatible; Ezooms/1.0; ezooms.bot@gmail.com)"
66.249.69.74 - - [14/Mar/2012:20:52:00 -0700] "GET /blog/tag/zeitgeist.html HTTP/1.1" 200 2639 "-" "Mozilla/5.0 (compatible; Googlebot/2.1; +http://www.google.com/bot.html)"
140.180.56.197 - - [14/Mar/2012:20:52:58 -0700] "GET /favicon.ico HTTP/1.1" 404 199 "http://prashanth-kamle.blogspot.com/2009/03/viterbi-algorithm-for-second-order.html" "Mozilla/5.0 (Macintosh; Intel Mac OS X 10_7_0) AppleWebKit/535.11 (KHTML, like Gecko) Chrome/17.0.963.79 Safari/535.11"
85.17.88.169 - - [14/Mar/2012:20:53:54 -0700] "POST /blog/wp-cron.php?doing_wp_cron=1331783523 HTTP/1.0" 499 0 "-" "WordPress/3.3.1; http://yuvi.in/blog"
208.115.113.84 - - [14/Mar/2012:20:53:55 -0700] "GET /blog/running-archlinux/feed/ HTTP/1.1" 200 741 "-" "Mozilla/5.0 (compatible; Ezooms/1.0; ezooms.bot@gmail.com)"
85.17.88.169 - - [14/Mar/2012:20:54:01 -0700] "POST /blog/wp-cron.php?doing_wp_cron=1331783530 HTTP/1.0" 499 0 "-" "WordPress/3.3.1; http://yuvi.in/blog"
208.115.113.84 - - [14/Mar/2012:20:54:01 -0700] "GET /blog/tag/personal/ HTTP/1.1" 200 46695 "-" "Mozilla/5.0 (compatible; Ezooms/1.0; ezooms.bot@gmail.com)"
208.115.113.84 - - [14/Mar/2012:20:54:06 -0700] "GET /blog/work-life-balance.html HTTP/1.1" 200 9526 "-" "Mozilla/5.0 (compatible; Ezooms/1.0; ezooms.bot@gmail.com)"
85.17.88.169 - - [14/Mar/2012:21:00:35 -0700] "POST /blog/wp-cron.php?doing_wp_cron=1331783924 HTTP/1.0" 499 0 "-" "WordPress/3.3.1; http://yuvi.in/blog"
209.85.224.94 - - [14/Mar/2012:21:00:36 -0700] "GET /blog/feed HTTP/1.1" 304 0 "-" "FeedBurner/1.0 (http://www.FeedBurner.com)"
66.249.69.74 - - [14/Mar/2012:21:03:30 -0700] "GET /blog/2010-the-beginning-the-bicycle-ride-and-external-dependencies.html HTTP/1.1" 200 2729 "-" "Mozilla/5.0 (compatible; Googlebot/2.1; +http://www.google.com/bot.html)"
67.215.230.28 - - [14/Mar/2012:21:08:43 -0700] "GET /robots.txt HTTP/1.0" 404 169 "-" "Setooz/Nutch-1.2 (http://www.setooz.com)"
67.215.230.28 - - [14/Mar/2012:21:08:46 -0700] "GET /stories HTTP/1.0" 301 185 "-" "Setooz/Nutch-1.2 (http://www.setooz.com)"
67.215.230.26 - - [14/Mar/2012:21:08:54 -0700] "GET /robots.txt HTTP/1.0" 404 169 "-" "Setooz/Nutch-1.2 (http://www.setooz.com)"
67.215.230.26 - - [14/Mar/2012:21:08:55 -0700] "GET / HTTP/1.0" 200 3439 "-" "Setooz/Nutch-1.2 (http://www.setooz.com)"
209.85.224.86 - - [14/Mar/2012:21:09:44 -0700] "GET /stories/feed HTTP/1.1" 200 13653 "-" "FeedBurner/1.0 (http://www.FeedBurner.com)"
66.220.153.246 - - [14/Mar/2012:21:09:47 -0700] "GET /r/2x9l HTTP/1.1" 301 257 "-" "facebookexternalhit/1.1 (+http://www.facebook.com/externalhit_uatext.php)"
66.220.153.247 - - [14/Mar/2012:21:09:47 -0700] "GET /s/ta/2x9l/ HTTP/1.1" 302 583 "-" "facebookexternalhit/1.1 (+http://www.facebook.com/externalhit_uatext.php)"
203.124.140.81 - - [14/Mar/2012:21:11:25 -0700] "-" 400 0 "-" "-"
203.124.140.81 - - [14/Mar/2012:21:11:25 -0700] "-" 400 0 "-" "-"
203.124.140.81 - - [14/Mar/2012:21:11:25 -0700] "-" 400 0 "-" "-"
203.124.140.81 - - [14/Mar/2012:21:11:25 -0700] "-" 400 0 "-" "-"
203.124.140.81 - - [14/Mar/2012:21:11:25 -0700] "-" 400 0 "-" "-"
203.124.140.81 - - [14/Mar/2012:21:12:44 -0700] "-" 400 0 "-" "-"
203.124.140.81 - - [14/Mar/2012:21:12:44 -0700] "-" 400 0 "-" "-"
203.124.140.81 - - [14/Mar/2012:21:12:44 -0700] "-" 400 0 "-" "-"
203.124.140.81 - - [14/Mar/2012:21:13:44 -0700] "-" 400 0 "-" "-"
85.17.88.169 - - [14/Mar/2012:21:17:31 -0700] "POST /blog/wp-cron.php?doing_wp_cron=1331784940 HTTP/1.0" 499 0 "-" "WordPress/3.3.1; http://yuvi.in/blog"
66.249.69.74 - - [14/Mar/2012:21:17:32 -0700] "GET /blog/program/feed/atom/ HTTP/1.1" 200 8341 "-" "Mozilla/5.0 (compatible; Googlebot/2.1; +http://www.google.com/bot.html)"
174.95.86.122 - - [14/Mar/2012:21:18:39 -0700] "GET /r/331w HTTP/1.1" 301 257 "-" "Mozilla/5.0 (Windows NT 6.1; WOW64; rv:10.0.2) Gecko/20100101 Firefox/10.0.2"
174.95.86.122 - - [14/Mar/2012:21:18:39 -0700] "GET /s/ta/331w/ HTTP/1.1" 302 449 "-" "Mozilla/5.0 (Windows NT 6.1; WOW64; rv:10.0.2) Gecko/20100101 Firefox/10.0.2"
85.17.88.169 - - [14/Mar/2012:21:21:21 -0700] "POST /blog/wp-cron.php?doing_wp_cron=1331785169 HTTP/1.0" 499 0 "-" "WordPress/3.3.1; http://yuvi.in/blog"
209.85.238.115 - - [14/Mar/2012:21:21:21 -0700] "GET /blog/feed HTTP/1.1" 301 0 "-" "Feedfetcher-Google; (+http://www.google.com/feedfetcher.html; 3 subscribers; feed-id=17684830852112633560)"
85.17.88.169 - - [14/Mar/2012:21:21:23 -0700] "POST /blog/wp-cron.php?doing_wp_cron=1331785172 HTTP/1.0" 499 0 "-" "WordPress/3.3.1; http://yuvi.in/blog"
209.85.238.115 - - [14/Mar/2012:21:21:23 -0700] "GET /blog/feed/ HTTP/1.1" 304 0 "-" "Feedfetcher-Google; (+http://www.google.com/feedfetcher.html; 3 subscribers; feed-id=17684830852112633560)"
117.230.184.184 - - [14/Mar/2012:21:21:32 -0700] "-" 400 0 "-" "-"
100.43.83.144 - - [14/Mar/2012:21:23:35 -0700] "GET /blog/evanescence-enjoyed-best-without-the-music-vids.html HTTP/1.1" 200 2098 "-" "Mozilla/5.0 (compatible; YandexBot/3.0; +http://yandex.com/bots)"
117.242.208.70 - - [14/Mar/2012:21:26:21 -0700] "-" 400 0 "-" "-"
117.242.208.70 - - [14/Mar/2012:21:26:21 -0700] "-" 400 0 "-" "-"
117.242.208.70 - - [14/Mar/2012:21:26:21 -0700] "-" 400 0 "-" "-"
117.242.208.70 - - [14/Mar/2012:21:26:21 -0700] "-" 400 0 "-" "-"
117.242.208.70 - - [14/Mar/2012:21:26:21 -0700] "-" 400 0 "-" "-"
117.242.208.70 - - [14/Mar/2012:21:26:21 -0700] "-" 400 0 "-" "-"
124.98.172.80 - - [14/Mar/2012:21:27:01 -0700] "GET /blog/vala-gtkbuilder-and-autoconnecting-signal-handlers.html HTTP/1.1" 200 7263 "http://www.google.com/hws/search?q=vala+gtkbuilder&hl=ja&client=sce-psp-jp&channel=&adsafe=low" "Mozilla/4.0 (PSP (PlayStation Portable); 2.00)"
124.98.172.80 - - [14/Mar/2012:21:27:09 -0700] "GET /blog/static/style.css HTTP/1.1" 200 4753 "http://yuvi.in/blog/vala-gtkbuilder-and-autoconnecting-signal-handlers.html" "Mozilla/4.0 (PSP (PlayStation Portable); 2.00)"
124.98.172.80 - - [14/Mar/2012:21:27:19 -0700] "GET /blog/static/codehilite.css HTTP/1.1" 200 4012 "http://yuvi.in/blog/vala-gtkbuilder-and-autoconnecting-signal-handlers.html" "Mozilla/4.0 (PSP (PlayStation Portable); 2.00)"
66.249.69.139 - - [14/Mar/2012:21:27:25 -0700] "GET /r/2x99 HTTP/1.1" 301 257 "-" "Mozilla/5.0 (compatible; Googlebot/2.1; +http://www.google.com/bot.html)"
66.249.69.139 - - [14/Mar/2012:21:27:25 -0700] "GET /s/ta/2x99/ HTTP/1.1" 302 497 "-" "Mozilla/5.0 (compatible; Googlebot/2.1; +http://www.google.com/bot.html)"
85.17.88.169 - - [14/Mar/2012:21:30:42 -0700] "POST /blog/wp-cron.php?doing_wp_cron=1331785730 HTTP/1.0" 499 0 "-" "WordPress/3.3.1; http://yuvi.in/blog"
209.85.224.89 - - [14/Mar/2012:21:30:42 -0700] "GET /blog/feed HTTP/1.1" 304 0 "-" "FeedBurner/1.0 (http://www.FeedBurner.com)"
85.17.88.169 - - [14/Mar/2012:21:31:07 -0700] "POST /blog/wp-cron.php?doing_wp_cron=1331785756 HTTP/1.0" 499 0 "-" "WordPress/3.3.1; http://yuvi.in/blog"
183.82.74.109 - - [14/Mar/2012:21:31:08 -0700] "GET /blog/feed/ HTTP/1.0" 304 0 "-" "FeedDemon/4.0 (http://www.feeddemon.com/; Microsoft Windows)"
69.171.224.250 - - [14/Mar/2012:21:31:28 -0700] "GET /r/vpm HTTP/1.1" 301 255 "-" "facebookexternalhit/1.1 (+http://www.facebook.com/externalhit_uatext.php)"
69.171.224.250 - - [14/Mar/2012:21:31:28 -0700] "GET /s/ta/vpm/ HTTP/1.1" 302 637 "-" "facebookexternalhit/1.1 (+http://www.facebook.com/externalhit_uatext.php)"
85.17.88.169 - - [14/Mar/2012:21:31:51 -0700] "POST /blog/wp-cron.php?doing_wp_cron=1331785800 HTTP/1.0" 499 0 "-" "WordPress/3.3.1; http://yuvi.in/blog"
66.249.69.74 - - [14/Mar/2012:21:31:51 -0700] "GET /blog/my-vimrc/feed/atom/ HTTP/1.1" 200 612 "-" "Mozilla/5.0 (compatible; Googlebot/2.1; +http://www.google.com/bot.html)"
85.17.88.169 - - [14/Mar/2012:21:32:39 -0700] "POST /blog/wp-cron.php?doing_wp_cron=1331785848 HTTP/1.0" 499 0 "-" "WordPress/3.3.1; http://yuvi.in/blog"
209.85.238.115 - - [14/Mar/2012:21:32:39 -0700] "GET /blog/feed/ HTTP/1.1" 304 0 "-" "Feedfetcher-Google; (+http://www.google.com/feedfetcher.html; 19 subscribers; feed-id=15064232456473204253)"
85.17.88.169 - - [14/Mar/2012:21:34:14 -0700] "POST /blog/wp-cron.php?doing_wp_cron=1331785943 HTTP/1.0" 499 0 "-" "WordPress/3.3.1; http://yuvi.in/blog"
180.76.6.212 - - [14/Mar/2012:21:34:15 -0700] "GET /blog/2010/07/01/ HTTP/1.1" 200 4351 "-" "Mozilla/5.0 (compatible; Baiduspider/2.0; +http://www.baidu.com/search/spider.html)"
220.225.217.234 - - [14/Mar/2012:21:34:18 -0700] "-" 400 0 "-" "-"
85.17.88.169 - - [14/Mar/2012:21:34:18 -0700] "POST /blog/wp-cron.php?doing_wp_cron=1331785947 HTTP/1.0" 499 0 "-" "WordPress/3.3.1; http://yuvi.in/blog"
66.249.69.74 - - [14/Mar/2012:21:34:19 -0700] "GET /blog/college-drop/ HTTP/1.1" 200 4914 "-" "Mozilla/5.0 (iPhone; U; CPU iPhone OS 4_1 like Mac OS X; en-us) AppleWebKit/532.9 (KHTML, like Gecko) Version/4.0.5 Mobile/8B117 Safari/6531.22.7 (compatible; Googlebot-Mobile/2.1; +http://www.google.com/bot.html)"
69.171.234.6 - - [14/Mar/2012:21:36:29 -0700] "GET /r/3lp HTTP/1.1" 301 255 "-" "facebookexternalhit/1.1 (+http://www.facebook.com/externalhit_uatext.php)"
69.171.234.4 - - [14/Mar/2012:21:36:29 -0700] "GET /s/ta/3lp/ HTTP/1.1" 302 361 "-" "facebookexternalhit/1.1 (+http://www.facebook.com/externalhit_uatext.php)"
88.131.106.22 - - [14/Mar/2012:21:39:36 -0700] "GET /robots.txt HTTP/1.0" 404 169 "-" "Mozilla/5.0 (Windows; U; Windows NT 5.1; en-US) Speedy Spider (http://www.entireweb.com/about/search_tech/speedy_spider/)"
88.131.106.22 - - [14/Mar/2012:21:39:43 -0700] "GET /blog HTTP/1.0" 301 178 "-" "Mozilla/5.0 (Windows; U; Windows NT 5.1; en-US) Speedy Spider (http://www.entireweb.com/about/search_tech/speedy_spider/)"
69.171.229.251 - - [14/Mar/2012:21:39:46 -0700] "GET /r/eya HTTP/1.1" 301 255 "-" "facebookexternalhit/1.1 (+http://www.facebook.com/externalhit_uatext.php)"
69.171.229.248 - - [14/Mar/2012:21:39:46 -0700] "GET /s/ta/eya/ HTTP/1.1" 302 401 "-" "facebookexternalhit/1.1 (+http://www.facebook.com/externalhit_uatext.php)"
85.17.88.169 - - [14/Mar/2012:21:39:49 -0700] "POST /blog/wp-cron.php?doing_wp_cron=1331786278 HTTP/1.0" 499 0 "-" "WordPress/3.3.1; http://yuvi.in/blog"
88.131.106.22 - - [14/Mar/2012:21:39:53 -0700] "GET /blog/ HTTP/1.0" 200 33019 "-" "Mozilla/5.0 (Windows; U; Windows NT 5.1; en-US) Speedy Spider (http://www.entireweb.com/about/search_tech/speedy_spider/)"
122.164.156.212 - - [14/Mar/2012:21:44:52 -0700] "-" 400 0 "-" "-"
182.72.201.194 - - [14/Mar/2012:21:45:02 -0700] "GET /r/3a7 HTTP/1.1" 301 255 "http://ta.wikipedia.org/wiki/%E0%AE%95%E0%AE%BE%E0%AE%AE%E0%AE%B0%E0%AE%BE%E0%AE%9A%E0%AE%B0%E0%AF%8D" "Mozilla/5.0 (Windows NT 5.1) AppleWebKit/535.11 (KHTML, like Gecko) Chrome/17.0.963.79 Safari/535.11"
182.72.201.194 - - [14/Mar/2012:21:45:02 -0700] "GET /s/ta/3a7/ HTTP/1.1" 302 361 "http://ta.wikipedia.org/wiki/%E0%AE%95%E0%AE%BE%E0%AE%AE%E0%AE%B0%E0%AE%BE%E0%AE%9A%E0%AE%B0%E0%AF%8D" "Mozilla/5.0 (Windows NT 5.1) AppleWebKit/535.11 (KHTML, like Gecko) Chrome/17.0.963.79 Safari/535.11"
85.17.88.169 - - [14/Mar/2012:21:45:15 -0700] "POST /blog/wp-cron.php?doing_wp_cron=1331786603 HTTP/1.0" 499 0 "-" "WordPress/3.3.1; http://yuvi.in/blog"
69.171.234.3 - - [14/Mar/2012:21:45:15 -0700] "GET /blog/infosys-tcs-or-wipro-none/ HTTP/1.1" 200 7089 "-" "facebookexternalhit/1.1 (+http://www.facebook.com/externalhit_uatext.php)"
122.164.156.212 - - [14/Mar/2012:21:45:41 -0700] "-" 400 0 "-" "-"
66.249.69.74 - - [14/Mar/2012:21:45:54 -0700] "GET /railway_photo_ruling.pdf HTTP/1.1" 404 142 "-" "Mozilla/5.0 (compatible; Googlebot/2.1; +http://www.google.com/bot.html)"
122.164.156.212 - - [14/Mar/2012:21:46:33 -0700] "-" 400 0 "-" "-"
122.164.156.212 - - [14/Mar/2012:21:46:33 -0700] "-" 400 0 "-" "-"
122.164.156.212 - - [14/Mar/2012:21:46:33 -0700] "-" 400 0 "-" "-"
122.164.156.212 - - [14/Mar/2012:21:46:33 -0700] "-" 400 0 "-" "-"
85.17.88.169 - - [14/Mar/2012:21:59:05 -0700] "POST /blog/wp-cron.php?doing_wp_cron=1331787434 HTTP/1.0" 499 0 "-" "WordPress/3.3.1; http://yuvi.in/blog"
66.249.69.74 - - [14/Mar/2012:21:59:06 -0700] "GET /blog/college-drop/feed/atom/ HTTP/1.1" 200 3085 "-" "Mozilla/5.0 (compatible; Googlebot/2.1; +http://www.google.com/bot.html)"
85.17.88.169 - - [14/Mar/2012:21:59:44 -0700] "POST /blog/wp-cron.php?doing_wp_cron=1331787472 HTTP/1.0" 499 0 "-" "WordPress/3.3.1; http://yuvi.in/blog"
220.181.108.158 - - [14/Mar/2012:21:59:44 -0700] "GET /blog/ HTTP/1.1" 200 10128 "-" "Mozilla/5.0 (compatible; Baiduspider/2.0; +http://www.baidu.com/search/spider.html)"
117.193.143.215 - - [14/Mar/2012:22:00:39 -0700] "-" 400 0 "-" "-"
85.17.88.169 - - [14/Mar/2012:22:00:48 -0700] "POST /blog/wp-cron.php?doing_wp_cron=1331787537 HTTP/1.0" 499 0 "-" "WordPress/3.3.1; http://yuvi.in/blog"
209.85.224.94 - - [14/Mar/2012:22:00:49 -0700] "GET /blog/feed HTTP/1.1" 304 0 "-" "FeedBurner/1.0 (http://www.FeedBurner.com)"
117.193.143.215 - - [14/Mar/2012:22:02:44 -0700] "-" 400 0 "-" "-"
208.80.153.192 - - [14/Mar/2012:22:03:16 -0700] "GET /MadamHut/r/Unassessed_India_articles/' HTTP/1.1" 404 238 "-" "LinkSaver/2.0"
208.80.153.192 - - [14/Mar/2012:22:03:17 -0700] "HEAD /MadamHut/r/Unassessed_India_articles/' HTTP/1.1" 404 0 "-" "LinkParser/2.0"
220.181.127.126 - - [14/Mar/2012:22:04:12 -0700] "GET / HTTP/1.1" 200 3439 "http://yuvi.in/" "Mozilla/4.0 (compatible; MSIE 6.0; Windows NT 5.1)"
208.80.153.192 - - [14/Mar/2012:22:04:51 -0700] "GET /MadamHut/r/Unassessed_India_articles/' HTTP/1.1" 404 238 "-" "LinkSaver/2.0"
208.80.153.192 - - [14/Mar/2012:22:04:52 -0700] "HEAD /MadamHut/r/Unassessed_India_articles/' HTTP/1.1" 404 0 "-" "LinkParser/2.0"
208.80.153.192 - - [14/Mar/2012:22:05:07 -0700] "HEAD /MadamHut/r/Unassessed_India_articles/' HTTP/1.1" 404 0 "-" "LinkParser/2.0"
208.80.153.192 - - [14/Mar/2012:22:05:29 -0700] "HEAD /MadamHut/r/Unassessed_India_articles/' HTTP/1.1" 404 0 "-" "LinkParser/2.0"
66.249.68.52 - - [14/Mar/2012:22:06:54 -0700] "GET /r/314s HTTP/1.1" 301 257 "-" "Mozilla/5.0 (compatible; Googlebot/2.1; +http://www.google.com/bot.html)"
66.249.69.139 - - [14/Mar/2012:22:06:55 -0700] "GET /s/ta/314s/ HTTP/1.1" 302 433 "-" "Mozilla/5.0 (compatible; Googlebot/2.1; +http://www.google.com/bot.html)"
85.17.88.169 - - [14/Mar/2012:22:07:12 -0700] "POST /blog/wp-cron.php?doing_wp_cron=1331787921 HTTP/1.0" 499 0 "-" "WordPress/3.3.1; http://yuvi.in/blog"
183.82.74.109 - - [14/Mar/2012:22:07:12 -0700] "GET /blog/feed/ HTTP/1.0" 304 0 "-" "FeedDemon/4.0 (http://www.feeddemon.com/; Microsoft Windows)"
141.0.9.71 - - [14/Mar/2012:22:09:07 -0700] "GET / HTTP/1.1" 200 1430 "-" "Opera/9.80 (J2ME/MIDP; Opera Mini/5.1.22296/27.1324; U; en) Presto/2.8.119 Version/11.10"
141.0.9.71 - - [14/Mar/2012:22:09:07 -0700] "GET /blueprint/screen.css HTTP/1.1" 200 12058 "http://yuvi.in/" "Opera/9.80 (J2ME/MIDP; Opera Mini/5.1.22296/27.1324; U; en) Presto/2.8.119 Version/11.10"
141.0.9.71 - - [14/Mar/2012:22:09:07 -0700] "GET /blueprint/print.css HTTP/1.1" 200 1284 "http://yuvi.in/" "Opera/9.80 (J2ME/MIDP; Opera Mini/5.1.22296/27.1324; U; en) Presto/2.8.119 Version/11.10"
141.0.9.71 - - [14/Mar/2012:22:09:07 -0700] "GET /favicon.ico HTTP/1.1" 404 142 "http://yuvi.in/" "Opera/9.80 (J2ME/MIDP; Opera Mini/5.1.22296/27.1324; U; en) Presto/2.8.119 Version/11.10"
141.0.9.71 - - [14/Mar/2012:22:09:07 -0700] "GET /header.png HTTP/1.1" 200 14249 "http://yuvi.in/" "Opera/9.80 (J2ME/MIDP; Opera Mini/5.1.22296/27.1324; U; en) Presto/2.8.119 Version/11.10"
85.17.88.169 - - [14/Mar/2012:22:09:27 -0700] "POST /blog/wp-cron.php?doing_wp_cron=1331788056 HTTP/1.0" 499 0 "-" "WordPress/3.3.1; http://yuvi.in/blog"
66.249.69.74 - - [14/Mar/2012:22:09:28 -0700] "GET /blog/2012/03/ HTTP/1.1" 200 3953 "-" "Mozilla/5.0 (compatible; Googlebot/2.1; +http://www.google.com/bot.html)"
209.85.224.86 - - [14/Mar/2012:22:09:46 -0700] "GET /stories/feed HTTP/1.1" 200 13653 "-" "FeedBurner/1.0 (http://www.FeedBurner.com)"
141.0.9.71 - - [14/Mar/2012:22:10:09 -0700] "GET /blog HTTP/1.1" 301 178 "http://yuvi.in/" "Opera/9.80 (J2ME/MIDP; Opera Mini/5.1.22296/27.1324; U; en) Presto/2.8.119 Version/11.10"
85.17.88.169 - - [14/Mar/2012:22:10:11 -0700] "POST /blog/wp-cron.php?doing_wp_cron=1331788100 HTTP/1.0" 499 0 "-" "WordPress/3.3.1; http://yuvi.in/blog"
141.0.9.71 - - [14/Mar/2012:22:10:12 -0700] "GET /blog/ HTTP/1.1" 200 9194 "http://yuvi.in/" "Opera/9.80 (J2ME/MIDP; Opera Mini/5.1.22296/27.1324; U; en) Presto/2.8.119 Version/11.10"
141.0.9.71 - - [14/Mar/2012:22:10:13 -0700] "GET /blog/wp-content/themes/cleanr/style.css HTTP/1.1" 200 10508 "http://yuvi.in/blog/" "Opera/9.80 (J2ME/MIDP; Opera Mini/5.1.22296/27.1324; U; en) Presto/2.8.119 Version/11.10"
100.43.83.144 - - [14/Mar/2012:22:10:13 -0700] "GET /blog/-we-must-take-india-as-it-is-jules-verne.html HTTP/1.1" 200 3774 "-" "Mozilla/5.0 (compatible; YandexBot/3.0; +http://yandex.com/bots)"
141.0.9.71 - - [14/Mar/2012:22:10:14 -0700] "GET /blog/wp-content/themes/cleanr/css/reset.css HTTP/1.1" 200 648 "http://yuvi.in/blog/" "Opera/9.80 (J2ME/MIDP; Opera Mini/5.1.22296/27.1324; U; en) Presto/2.8.119 Version/11.10"
141.0.9.71 - - [14/Mar/2012:22:10:14 -0700] "GET /blog/wp-content/themes/cleanr/css/text.css HTTP/1.1" 200 420 "http://yuvi.in/blog/" "Opera/9.80 (J2ME/MIDP; Opera Mini/5.1.22296/27.1324; U; en) Presto/2.8.119 Version/11.10"
141.0.9.71 - - [14/Mar/2012:22:10:14 -0700] "GET /blog/wp-content/themes/cleanr/css/960.css HTTP/1.1" 200 3628 "http://yuvi.in/blog/" "Opera/9.80 (J2ME/MIDP; Opera Mini/5.1.22296/27.1324; U; en) Presto/2.8.119 Version/11.10"
141.0.9.71 - - [14/Mar/2012:22:10:14 -0700] "GET /blog/wp-includes/js/jquery/jquery.js?ver=1.7.1 HTTP/1.1" 200 93889 "http://yuvi.in/blog/" "Opera/9.80 (J2ME/MIDP; Opera Mini/5.1.22296/27.1324; U; en) Presto/2.8.119 Version/11.10"
141.0.9.71 - - [14/Mar/2012:22:10:14 -0700] "GET /blog/wp-content/themes/cleanr/js/jquery.dropdown.js?ver=3.3.1 HTTP/1.1" 200 535 "http://yuvi.in/blog/" "Opera/9.80 (J2ME/MIDP; Opera Mini/5.1.22296/27.1324; U; en) Presto/2.8.119 Version/11.10"
141.0.9.71 - - [14/Mar/2012:22:10:15 -0700] "GET /blog/wp-content/themes/cleanr/images/search_magnifier.gif HTTP/1.1" 200 394 "http://yuvi.in/blog/" "Opera/9.80 (J2ME/MIDP; Opera Mini/5.1.22296/27.1324; U; en) Presto/2.8.119 Version/11.10"
100.43.83.144 - - [14/Mar/2012:22:10:17 -0700] "GET /blog/how-i-spent-the-day-today.html HTTP/1.1" 200 2962 "-" "Mozilla/5.0 (compatible; YandexBot/3.0; +http://yandex.com/bots)"
100.43.83.144 - - [14/Mar/2012:22:10:19 -0700] "GET /blog/attraction-or-admiration.html HTTP/1.1" 200 2149 "-" "Mozilla/5.0 (compatible; YandexBot/3.0; +http://yandex.com/bots)"
100.43.83.144 - - [14/Mar/2012:22:10:22 -0700] "GET /blog/chennai-s-concentration-camps-aka-colleges.html HTTP/1.1" 200 2319 "-" "Mozilla/5.0 (compatible; YandexBot/3.0; +http://yandex.com/bots)"
85.17.88.169 - - [14/Mar/2012:22:10:26 -0700] "POST /blog/wp-cron.php?doing_wp_cron=1331788115 HTTP/1.0" 499 0 "-" "WordPress/3.3.1; http://yuvi.in/blog"
100.43.83.144 - - [14/Mar/2012:22:10:27 -0700] "GET /blog/ HTTP/1.1" 200 10128 "-" "Mozilla/5.0 (compatible; YandexBot/3.0; +http://yandex.com/bots)"
85.17.88.169 - - [14/Mar/2012:22:10:56 -0700] "POST /blog/wp-cron.php?doing_wp_cron=1331788144 HTTP/1.0" 499 0 "-" "WordPress/3.3.1; http://yuvi.in/blog"
66.249.69.74 - - [14/Mar/2012:22:10:56 -0700] "GET /blog/2009/11/ HTTP/1.1" 200 4084 "-" "Mozilla/5.0 (compatible; Googlebot/2.1; +http://www.google.com/bot.html)"
85.17.88.169 - - [14/Mar/2012:22:11:58 -0700] "POST /blog/wp-cron.php?doing_wp_cron=1331788206 HTTP/1.0" 499 0 "-" "WordPress/3.3.1; http://yuvi.in/blog"
100.43.83.144 - - [14/Mar/2012:22:11:58 -0700] "GET /blog/my-vimrc/ HTTP/1.1" 200 4448 "-" "Mozilla/5.0 (compatible; YandexBot/3.0; +http://yandex.com/bots)"
117.201.28.2 - - [14/Mar/2012:22:13:39 -0700] "-" 400 0 "-" "-"
115.252.132.12 - - [14/Mar/2012:22:13:41 -0700] "-" 400 0 "-" "-"
115.252.132.12 - - [14/Mar/2012:22:13:41 -0700] "-" 400 0 "-" "-"
85.17.88.169 - - [14/Mar/2012:22:14:26 -0700] "POST /blog/wp-cron.php?doing_wp_cron=1331788355 HTTP/1.0" 499 0 "-" "WordPress/3.3.1; http://yuvi.in/blog"
100.43.83.144 - - [14/Mar/2012:22:14:27 -0700] "GET /blog/2012/03/ HTTP/1.1" 200 3953 "-" "Mozilla/5.0 (compatible; YandexBot/3.0; +http://yandex.com/bots)"
