209.85.238.115 - - [22/Mar/2012:15:56:35 -0700] "GET /blog/feed/ HTTP/1.1" 304 0 "-" "Feedfetcher-Google; (+http://www.google.com/feedfetcher.html; 3 subscribers; feed-id=17684830852112633560)"
85.17.88.169 - - [22/Mar/2012:16:01:14 -0700] "POST /blog/wp-cron.php?doing_wp_cron=1332457101 HTTP/1.0" 499 0 "-" "WordPress/3.3.1; http://yuvi.in/blog"
209.85.238.115 - - [22/Mar/2012:16:01:14 -0700] "GET /blog/feed/ HTTP/1.1" 304 0 "-" "Feedfetcher-Google; (+http://www.google.com/feedfetcher.html; 19 subscribers; feed-id=15064232456473204253)"
85.17.88.169 - - [22/Mar/2012:16:08:38 -0700] "POST /blog/wp-cron.php?doing_wp_cron=1332457544 HTTP/1.0" 499 0 "-" "WordPress/3.3.1; http://yuvi.in/blog"
100.43.83.144 - - [22/Mar/2012:16:08:38 -0700] "GET /blog/more-effects-for-cheese/ HTTP/1.1" 200 4511 "-" "Mozilla/5.0 (compatible; YandexBot/3.0; +http://yandex.com/bots)"
207.46.204.171 - - [22/Mar/2012:16:12:43 -0700] "-" 400 0 "-" "-"
207.46.204.171 - - [22/Mar/2012:16:12:44 -0700] "-" 400 0 "-" "-"
207.46.204.171 - - [22/Mar/2012:16:12:44 -0700] "-" 400 0 "-" "-"
207.46.204.171 - - [22/Mar/2012:16:12:44 -0700] "-" 400 0 "-" "-"
207.46.204.171 - - [22/Mar/2012:16:12:44 -0700] "-" 400 0 "-" "-"
207.46.204.171 - - [22/Mar/2012:16:12:44 -0700] "-" 400 0 "-" "-"
207.46.204.171 - - [22/Mar/2012:16:12:44 -0700] "-" 400 0 "-" "-"
207.46.204.171 - - [22/Mar/2012:16:12:44 -0700] "-" 400 0 "-" "-"
207.46.204.171 - - [22/Mar/2012:16:12:44 -0700] "-" 400 0 "-" "-"
207.46.204.171 - - [22/Mar/2012:16:13:14 -0700] "-" 400 0 "-" "-"
207.46.204.171 - - [22/Mar/2012:16:13:14 -0700] "-" 400 0 "-" "-"
85.17.88.169 - - [22/Mar/2012:16:15:14 -0700] "POST /blog/wp-cron.php?doing_wp_cron=1332457941 HTTP/1.0" 499 0 "-" "WordPress/3.3.1; http://yuvi.in/blog"
180.76.5.54 - - [22/Mar/2012:16:15:15 -0700] "GET /blog/tag/yahoo/feed/ HTTP/1.1" 200 4423 "-" "Mozilla/5.0 (compatible; Baiduspider/2.0; +http://www.baidu.com/search/spider.html)"
85.17.88.169 - - [22/Mar/2012:16:18:05 -0700] "POST /blog/wp-cron.php?doing_wp_cron=1332458111 HTTP/1.0" 499 0 "-" "WordPress/3.3.1; http://yuvi.in/blog"
101.226.33.179 - - [22/Mar/2012:16:18:05 -0700] "GET /blog/feed HTTP/1.0" 304 0 "-" "Mozilla/4.0 (compatible; Windows;)"
209.85.224.86 - - [22/Mar/2012:16:18:42 -0700] "GET /stories/feed HTTP/1.1" 200 13653 "-" "FeedBurner/1.0 (http://www.FeedBurner.com)"
85.17.88.169 - - [22/Mar/2012:16:20:12 -0700] "POST /blog/wp-cron.php?doing_wp_cron=1332458239 HTTP/1.0" 499 0 "-" "WordPress/3.3.1; http://yuvi.in/blog"
208.115.113.84 - - [22/Mar/2012:16:20:13 -0700] "GET /blog/category/so-called-it/ HTTP/1.1" 200 36376 "-" "Mozilla/5.0 (compatible; Ezooms/1.0; ezooms.bot@gmail.com)"
85.17.88.169 - - [22/Mar/2012:16:20:19 -0700] "POST /blog/wp-cron.php?doing_wp_cron=1332458246 HTTP/1.0" 499 0 "-" "WordPress/3.3.1; http://yuvi.in/blog"
208.115.113.84 - - [22/Mar/2012:16:20:19 -0700] "GET /blog/devlog-december-21-2011/ HTTP/1.1" 200 17033 "-" "Mozilla/5.0 (compatible; Ezooms/1.0; ezooms.bot@gmail.com)"
208.115.113.84 - - [22/Mar/2012:16:20:24 -0700] "GET /blog/tag/cheese.html HTTP/1.1" 200 21086 "-" "Mozilla/5.0 (compatible; Ezooms/1.0; ezooms.bot@gmail.com)"
69.63.189.246 - - [22/Mar/2012:16:24:21 -0700] "GET / HTTP/1.1" 200 1430 "-" "facebookexternalhit/1.1 (+http://www.facebook.com/externalhit_uatext.php)"
117.218.54.92 - - [22/Mar/2012:16:24:22 -0700] "GET / HTTP/1.1" 200 1430 "http://www.facebook.com/l.php?u=http%3A%2F%2Fyuvi.in%2F&h=2AQEEGnYM" "Mozilla/5.0 (compatible; MSIE 10.0; Windows NT 6.2; Trident/6.0)"
117.218.54.92 - - [22/Mar/2012:16:24:23 -0700] "GET /blueprint/print.css HTTP/1.1" 200 1284 "http://yuvi.in/" "Mozilla/5.0 (compatible; MSIE 10.0; Windows NT 6.2; Trident/6.0)"
117.218.54.92 - - [22/Mar/2012:16:24:23 -0700] "GET /blueprint/screen.css HTTP/1.1" 200 12058 "http://yuvi.in/" "Mozilla/5.0 (compatible; MSIE 10.0; Windows NT 6.2; Trident/6.0)"
117.218.54.92 - - [22/Mar/2012:16:24:23 -0700] "GET /header.png HTTP/1.1" 200 14249 "http://yuvi.in/" "Mozilla/5.0 (compatible; MSIE 10.0; Windows NT 6.2; Trident/6.0)"
117.218.54.92 - - [22/Mar/2012:16:24:24 -0700] "GET /favicon.ico HTTP/1.1" 404 199 "-" "Mozilla/5.0 (compatible; MSIE 10.0; Windows NT 6.2; Trident/6.0)"
208.115.111.69 - - [22/Mar/2012:16:24:46 -0700] "GET /robots.txt HTTP/1.1" 404 238 "-" "Mozilla/5.0 (compatible; Ezooms/1.0; ezooms.bot@gmail.com)"
85.17.88.169 - - [22/Mar/2012:16:24:48 -0700] "POST /blog/wp-cron.php?doing_wp_cron=1332458514 HTTP/1.0" 499 0 "-" "WordPress/3.3.1; http://yuvi.in/blog"
209.85.224.86 - - [22/Mar/2012:16:24:48 -0700] "GET /blog/feed HTTP/1.1" 304 0 "-" "FeedBurner/1.0 (http://www.FeedBurner.com)"
85.17.88.169 - - [22/Mar/2012:16:29:12 -0700] "POST /blog/wp-cron.php?doing_wp_cron=1332458779 HTTP/1.0" 499 0 "-" "WordPress/3.3.1; http://yuvi.in/blog"
220.181.108.176 - - [22/Mar/2012:16:29:13 -0700] "GET /blog/tag/crime/ HTTP/1.1" 200 8148 "-" "Mozilla/5.0 (compatible; Baiduspider/2.0; +http://www.baidu.com/search/spider.html)"
157.55.112.201 - - [22/Mar/2012:16:32:01 -0700] "-" 400 0 "-" "-"
157.55.112.201 - - [22/Mar/2012:16:32:03 -0700] "-" 400 0 "-" "-"
157.55.112.201 - - [22/Mar/2012:16:32:04 -0700] "-" 400 0 "-" "-"
157.55.112.201 - - [22/Mar/2012:16:32:04 -0700] "-" 400 0 "-" "-"
157.55.112.201 - - [22/Mar/2012:16:32:04 -0700] "-" 400 0 "-" "-"
157.55.112.201 - - [22/Mar/2012:16:32:04 -0700] "-" 400 0 "-" "-"
157.55.112.201 - - [22/Mar/2012:16:32:05 -0700] "-" 400 0 "-" "-"
157.55.112.201 - - [22/Mar/2012:16:32:05 -0700] "-" 400 0 "-" "-"
157.55.112.201 - - [22/Mar/2012:16:32:05 -0700] "-" 400 0 "-" "-"
157.55.112.201 - - [22/Mar/2012:16:32:05 -0700] "-" 400 0 "-" "-"
157.55.112.201 - - [22/Mar/2012:16:32:26 -0700] "-" 400 0 "-" "-"
128.208.6.75 - - [22/Mar/2012:16:33:08 -0700] "GET /blog/wp-includes/wlwmanifest.xml HTTP/1.0" 200 1053 "-" "Mozilla/5.0/heritrix/3.1.0 (compatible;; http://vancouver.cs.washington.edu:8080/)"
85.17.88.169 - - [22/Mar/2012:16:36:49 -0700] "POST /blog/wp-cron.php?doing_wp_cron=1332459235 HTTP/1.0" 499 0 "-" "WordPress/3.3.1; http://yuvi.in/blog"
94.228.34.248 - - [22/Mar/2012:16:36:49 -0700] "GET /blog/ HTTP/1.1" 200 10128 "-" "magpie-crawler/1.1 (U; Linux amd64; en-GB; +http://www.brandwatch.net)"
69.171.224.251 - - [22/Mar/2012:16:37:12 -0700] "GET /r/3qb\xE0\xAE\x95\xE0\xAE\x9F\xE0\xAF\x8D\xE0\xAE\x9F\xE0\xAE\xB1\xE0\xAF\x8D\xE0\xAE\xB1 HTTP/1.1" 301 381 "-" "facebookexternalhit/1.1 (+http://www.facebook.com/externalhit_uatext.php)"
69.171.224.247 - - [22/Mar/2012:16:37:12 -0700] "GET /s/ta/3qb%E0%AE%95%E0%AE%9F%E0%AF%8D%E0%AE%9F%E0%AE%B1%E0%AF%8D%E0%AE%B1/ HTTP/1.1" 502 173 "-" "facebookexternalhit/1.1 (+http://www.facebook.com/externalhit_uatext.php)"
78.146.25.253 - - [22/Mar/2012:16:40:21 -0700] "GET /r/2prl HTTP/1.1" 301 257 "http://ta.wikipedia.org/wiki/%E0%AE%9A%E0%AF%81._%E0%AE%A4%E0%AE%BF%E0%AE%B2%E0%AF%8D%E0%AE%B2%E0%AF%88%E0%AE%B5%E0%AE%A9%E0%AE%AE%E0%AF%8D" "Mozilla/5.0 (Windows NT 5.1; rv:11.0) Gecko/20100101 Firefox/11.0"
78.146.25.253 - - [22/Mar/2012:16:40:21 -0700] "GET /s/ta/2prl/ HTTP/1.1" 302 415 "http://ta.wikipedia.org/wiki/%E0%AE%9A%E0%AF%81._%E0%AE%A4%E0%AE%BF%E0%AE%B2%E0%AF%8D%E0%AE%B2%E0%AF%88%E0%AE%B5%E0%AE%A9%E0%AE%AE%E0%AF%8D" "Mozilla/5.0 (Windows NT 5.1; rv:11.0) Gecko/20100101 Firefox/11.0"
78.146.25.253 - - [22/Mar/2012:16:40:26 -0700] "-" 400 0 "-" "-"
62.24.252.133 - - [22/Mar/2012:16:40:52 -0700] "GET /robots.txt HTTP/1.0" 404 238 "http://tawp.in/robots.txt" "Mozilla/4.0 (compatible; MSIE 8.0; Windows NT 5.1; Trident/4.0; .NET CLR 2.0.50727; .NET CLR 3.0.04506.648; .NET CLR 3.5.21022; .NET CLR 3.0.4506.2152; .NET CLR 3.5.30729; InfoPath.2)"
62.24.252.133 - - [22/Mar/2012:16:40:52 -0700] "GET /r/2prl HTTP/1.0" 301 257 "http://tawp.in/r/2prl" "Mozilla/4.0 (compatible; MSIE 8.0; Windows NT 5.1; Trident/4.0; .NET CLR 2.0.50727; .NET CLR 3.0.04506.648; .NET CLR 3.5.21022; .NET CLR 3.0.4506.2152; .NET CLR 3.5.30729; InfoPath.2)"
62.24.252.133 - - [22/Mar/2012:16:40:52 -0700] "GET /s/ta/2prl/ HTTP/1.0" 302 415 "http://tawp.in/s/ta/2prl/" "Mozilla/4.0 (compatible; MSIE 8.0; Windows NT 5.1; Trident/4.0; .NET CLR 2.0.50727; .NET CLR 3.0.04506.648; .NET CLR 3.5.21022; .NET CLR 3.0.4506.2152; .NET CLR 3.5.30729; InfoPath.2)"
85.17.88.169 - - [22/Mar/2012:16:40:53 -0700] "POST /blog/wp-cron.php?doing_wp_cron=1332459480 HTTP/1.0" 499 0 "-" "WordPress/3.3.1; http://yuvi.in/blog"
100.43.83.144 - - [22/Mar/2012:16:40:54 -0700] "GET /blog/devlog-december-2011/ HTTP/1.1" 200 5005 "-" "Mozilla/5.0 (compatible; YandexBot/3.0; +http://yandex.com/bots)"
85.17.88.169 - - [22/Mar/2012:16:41:16 -0700] "POST /blog/wp-cron.php?doing_wp_cron=1332459503 HTTP/1.0" 499 0 "-" "WordPress/3.3.1; http://yuvi.in/blog"
180.76.5.158 - - [22/Mar/2012:16:41:17 -0700] "GET /blog/temptations/feed/ HTTP/1.1" 200 1540 "-" "Mozilla/5.0 (compatible; Baiduspider/2.0; +http://www.baidu.com/search/spider.html)"
76.72.167.164 - - [22/Mar/2012:16:41:46 -0700] "GET /robots.txt HTTP/1.0" 404 169 "-" "Mozilla/5.0 (compatible; MJ12bot/v1.4.2; http://www.majestic12.co.uk/bot.php?+)"
85.17.88.169 - - [22/Mar/2012:16:41:50 -0700] "POST /blog/wp-cron.php?doing_wp_cron=1332459536 HTTP/1.0" 499 0 "-" "WordPress/3.3.1; http://yuvi.in/blog"
76.72.167.164 - - [22/Mar/2012:16:41:50 -0700] "GET /blog/story-average-indian-techie HTTP/1.0" 301 0 "-" "Mozilla/5.0 (compatible; MJ12bot/v1.4.2; http://www.majestic12.co.uk/bot.php?+)"
85.17.88.169 - - [22/Mar/2012:16:41:54 -0700] "POST /blog/wp-cron.php?doing_wp_cron=1332459541 HTTP/1.0" 499 0 "-" "WordPress/3.3.1; http://yuvi.in/blog"
76.72.167.164 - - [22/Mar/2012:16:42:00 -0700] "GET /blog/story-average-indian-techie/ HTTP/1.0" 200 54169 "-" "Mozilla/5.0 (compatible; MJ12bot/v1.4.2; http://www.majestic12.co.uk/bot.php?+)"
188.86.243.110 - - [22/Mar/2012:16:42:38 -0700] "GET / HTTP/1.1" 200 1430 "-" "Mozilla/5.0 (Linux; U; Android 3.2.2; es-es; XOOM 2 Build/1.6.0_268.4-MZ615) AppleWebKit/533.1 (KHTML, like Gecko) Version/4.0 Safari/533.1"
188.86.243.110 - - [22/Mar/2012:16:42:39 -0700] "GET /blueprint/print.css HTTP/1.1" 200 1284 "http://yuvi.in/" "Mozilla/5.0 (Linux; U; Android 3.2.2; es-es; XOOM 2 Build/1.6.0_268.4-MZ615) AppleWebKit/533.1 (KHTML, like Gecko) Version/4.0 Safari/533.1"
188.86.243.110 - - [22/Mar/2012:16:42:40 -0700] "GET /blueprint/screen.css HTTP/1.1" 200 12058 "http://yuvi.in/" "Mozilla/5.0 (Linux; U; Android 3.2.2; es-es; XOOM 2 Build/1.6.0_268.4-MZ615) AppleWebKit/533.1 (KHTML, like Gecko) Version/4.0 Safari/533.1"
188.86.243.110 - - [22/Mar/2012:16:42:41 -0700] "GET /header.png HTTP/1.1" 200 14249 "http://yuvi.in/" "Mozilla/5.0 (Linux; U; Android 3.2.2; es-es; XOOM 2 Build/1.6.0_268.4-MZ615) AppleWebKit/533.1 (KHTML, like Gecko) Version/4.0 Safari/533.1"
188.86.243.110 - - [22/Mar/2012:16:42:42 -0700] "GET /favicon.ico HTTP/1.1" 404 142 "http://yuvi.in/" "Mozilla/5.0 (Linux; U; Android 3.2.2; es-es; XOOM 2 Build/1.6.0_268.4-MZ615) AppleWebKit/533.1 (KHTML, like Gecko) Version/4.0 Safari/533.1"
188.86.243.110 - - [22/Mar/2012:16:42:58 -0700] "-" 400 0 "-" "-"
208.115.111.69 - - [22/Mar/2012:16:44:16 -0700] "GET /r/1wqv HTTP/1.1" 301 257 "-" "Mozilla/5.0 (compatible; Ezooms/1.0; ezooms.bot@gmail.com)"
203.196.152.94 - - [22/Mar/2012:16:44:38 -0700] "-" 400 0 "-" "-"
203.196.152.94 - - [22/Mar/2012:16:44:41 -0700] "-" 400 0 "-" "-"
85.17.88.169 - - [22/Mar/2012:16:47:38 -0700] "POST /blog/wp-cron.php?doing_wp_cron=1332459884 HTTP/1.0" 499 0 "-" "WordPress/3.3.1; http://yuvi.in/blog"
189.161.100.172 - - [22/Mar/2012:16:47:38 -0700] "GET /blog/infosys-tcs-or-wipro-none/ HTTP/1.0" 200 7089 "http://www.google.com/url?sa=t&rct=j&q=&esrc=s&source=web&cd=9&ved=0CGIQFjAI&url=http%3A%2F%2Fyuvi.in%2Fblog%2Finfosys-tcs-or-wipro-none%2F&ei=R7lrT4_JHuvWiALg8fmJBQ&usg=AFQjCNFFymVRTHm740-I9A4VqJxKWQnZng&sig2=42hiDJyjfkuyfgePCXQGUg" "Mozilla/5.0 (Windows NT 6.1; rv:10.0.2) Gecko/20100101 Firefox/10.0.2"
189.161.100.172 - - [22/Mar/2012:16:47:39 -0700] "GET /blog/wp-content/themes/cleanr/style.css HTTP/1.0" 200 10508 "http://yuvi.in/blog/infosys-tcs-or-wipro-none/" "Mozilla/5.0 (Windows NT 6.1; rv:10.0.2) Gecko/20100101 Firefox/10.0.2"
189.161.100.172 - - [22/Mar/2012:16:47:39 -0700] "GET /blog/wp-content/themes/cleanr/js/jquery.dropdown.js?ver=3.3.1 HTTP/1.0" 200 535 "http://yuvi.in/blog/infosys-tcs-or-wipro-none/" "Mozilla/5.0 (Windows NT 6.1; rv:10.0.2) Gecko/20100101 Firefox/10.0.2"
189.161.100.172 - - [22/Mar/2012:16:47:40 -0700] "GET /blog/wp-includes/js/jquery/jquery.js?ver=1.7.1 HTTP/1.0" 200 93889 "http://yuvi.in/blog/infosys-tcs-or-wipro-none/" "Mozilla/5.0 (Windows NT 6.1; rv:10.0.2) Gecko/20100101 Firefox/10.0.2"
189.161.100.172 - - [22/Mar/2012:16:47:40 -0700] "GET /blog/wp-content/themes/cleanr/css/reset.css HTTP/1.0" 200 648 "http://yuvi.in/blog/wp-content/themes/cleanr/style.css" "Mozilla/5.0 (Windows NT 6.1; rv:10.0.2) Gecko/20100101 Firefox/10.0.2"
189.161.100.172 - - [22/Mar/2012:16:47:40 -0700] "GET /blog/wp-content/themes/cleanr/css/text.css HTTP/1.0" 200 420 "http://yuvi.in/blog/wp-content/themes/cleanr/style.css" "Mozilla/5.0 (Windows NT 6.1; rv:10.0.2) Gecko/20100101 Firefox/10.0.2"
189.161.100.172 - - [22/Mar/2012:16:47:40 -0700] "GET /blog/wp-content/themes/cleanr/css/960.css HTTP/1.0" 200 3628 "http://yuvi.in/blog/wp-content/themes/cleanr/style.css" "Mozilla/5.0 (Windows NT 6.1; rv:10.0.2) Gecko/20100101 Firefox/10.0.2"
189.161.100.172 - - [22/Mar/2012:16:47:41 -0700] "GET /blog/wp-content/themes/cleanr/images/search_magnifier.gif HTTP/1.0" 200 394 "http://yuvi.in/blog/infosys-tcs-or-wipro-none/" "Mozilla/5.0 (Windows NT 6.1; rv:10.0.2) Gecko/20100101 Firefox/10.0.2"
189.161.100.172 - - [22/Mar/2012:16:47:45 -0700] "GET /favicon.ico HTTP/1.0" 404 169 "-" "Mozilla/5.0 (Windows NT 6.1; rv:10.0.2) Gecko/20100101 Firefox/10.0.2"
85.17.88.169 - - [22/Mar/2012:16:47:50 -0700] "POST /blog/wp-cron.php?doing_wp_cron=1332459897 HTTP/1.0" 499 0 "-" "WordPress/3.3.1; http://yuvi.in/blog"
189.161.100.172 - - [22/Mar/2012:16:47:51 -0700] "GET /blog/infosys-tcs-or-wipro-none/?cf_action=sync_comments&post_id=124 HTTP/1.0" 200 17 "http://yuvi.in/blog/infosys-tcs-or-wipro-none/" "Mozilla/5.0 (Windows NT 6.1; rv:10.0.2) Gecko/20100101 Firefox/10.0.2"
85.17.88.169 - - [22/Mar/2012:16:49:26 -0700] "POST /blog/wp-cron.php?doing_wp_cron=1332459993 HTTP/1.0" 499 0 "-" "WordPress/3.3.1; http://yuvi.in/blog"
69.171.233.3 - - [22/Mar/2012:16:49:27 -0700] "HEAD /blog/story-average-indian-techie/ HTTP/1.1" 200 20 "-" "Mozilla/5.0 (compatible; FriendFeedBot/0.1; +Http://friendfeed.com/about/bot)"
207.46.204.165 - - [22/Mar/2012:16:49:54 -0700] "-" 400 0 "-" "-"
207.46.204.165 - - [22/Mar/2012:16:49:54 -0700] "-" 400 0 "-" "-"
207.46.204.165 - - [22/Mar/2012:16:49:54 -0700] "-" 400 0 "-" "-"
207.46.204.165 - - [22/Mar/2012:16:49:55 -0700] "-" 400 0 "-" "-"
207.46.204.165 - - [22/Mar/2012:16:49:55 -0700] "-" 400 0 "-" "-"
207.46.204.165 - - [22/Mar/2012:16:49:55 -0700] "-" 400 0 "-" "-"
207.46.204.165 - - [22/Mar/2012:16:49:55 -0700] "-" 400 0 "-" "-"
207.46.204.165 - - [22/Mar/2012:16:49:55 -0700] "-" 400 0 "-" "-"
207.46.204.165 - - [22/Mar/2012:16:49:55 -0700] "-" 400 0 "-" "-"
69.171.224.248 - - [22/Mar/2012:16:50:14 -0700] "GET /r/fmf HTTP/1.1" 301 255 "-" "facebookexternalhit/1.1 (+http://www.facebook.com/externalhit_uatext.php)"
69.171.224.249 - - [22/Mar/2012:16:50:14 -0700] "GET /s/ta/fmf/ HTTP/1.1" 302 349 "-" "facebookexternalhit/1.1 (+http://www.facebook.com/externalhit_uatext.php)"
157.55.112.204 - - [22/Mar/2012:16:50:35 -0700] "-" 400 0 "-" "-"
157.55.112.204 - - [22/Mar/2012:16:50:37 -0700] "-" 400 0 "-" "-"
157.55.112.204 - - [22/Mar/2012:16:50:37 -0700] "-" 400 0 "-" "-"
157.55.112.204 - - [22/Mar/2012:16:50:38 -0700] "-" 400 0 "-" "-"
157.55.112.204 - - [22/Mar/2012:16:50:38 -0700] "-" 400 0 "-" "-"
157.55.112.204 - - [22/Mar/2012:16:50:38 -0700] "-" 400 0 "-" "-"
157.55.112.204 - - [22/Mar/2012:16:50:39 -0700] "-" 400 0 "-" "-"
157.55.112.204 - - [22/Mar/2012:16:50:39 -0700] "-" 400 0 "-" "-"
157.55.112.204 - - [22/Mar/2012:16:50:39 -0700] "-" 400 0 "-" "-"
157.55.112.204 - - [22/Mar/2012:16:50:39 -0700] "-" 400 0 "-" "-"
157.55.112.208 - - [22/Mar/2012:16:50:41 -0700] "-" 400 0 "-" "-"
157.55.112.208 - - [22/Mar/2012:16:50:42 -0700] "-" 400 0 "-" "-"
157.55.112.208 - - [22/Mar/2012:16:50:43 -0700] "-" 400 0 "-" "-"
157.55.112.208 - - [22/Mar/2012:16:50:44 -0700] "-" 400 0 "-" "-"
157.55.112.208 - - [22/Mar/2012:16:50:44 -0700] "-" 400 0 "-" "-"
157.55.112.208 - - [22/Mar/2012:16:50:44 -0700] "-" 400 0 "-" "-"
157.55.112.208 - - [22/Mar/2012:16:50:44 -0700] "-" 400 0 "-" "-"
157.55.112.208 - - [22/Mar/2012:16:50:45 -0700] "-" 400 0 "-" "-"
157.55.112.208 - - [22/Mar/2012:16:50:45 -0700] "-" 400 0 "-" "-"
157.55.112.208 - - [22/Mar/2012:16:50:45 -0700] "-" 400 0 "-" "-"
207.46.204.165 - - [22/Mar/2012:16:50:52 -0700] "-" 400 0 "-" "-"
207.46.204.165 - - [22/Mar/2012:16:50:52 -0700] "-" 400 0 "-" "-"
157.55.112.204 - - [22/Mar/2012:16:51:13 -0700] "-" 400 0 "-" "-"
69.171.228.244 - - [22/Mar/2012:16:51:21 -0700] "GET /r/1x7m HTTP/1.1" 301 257 "-" "facebookexternalhit/1.1 (+http://www.facebook.com/externalhit_uatext.php)"
69.171.228.244 - - [22/Mar/2012:16:51:21 -0700] "GET /s/ta/1x7m/ HTTP/1.1" 302 513 "-" "facebookexternalhit/1.1 (+http://www.facebook.com/externalhit_uatext.php)"
157.55.112.208 - - [22/Mar/2012:16:51:27 -0700] "-" 400 0 "-" "-"
85.17.88.169 - - [22/Mar/2012:16:54:53 -0700] "POST /blog/wp-cron.php?doing_wp_cron=1332460319 HTTP/1.0" 499 0 "-" "WordPress/3.3.1; http://yuvi.in/blog"
209.85.224.89 - - [22/Mar/2012:16:54:53 -0700] "GET /blog/feed HTTP/1.1" 304 0 "-" "FeedBurner/1.0 (http://www.FeedBurner.com)"
85.17.88.169 - - [22/Mar/2012:16:56:14 -0700] "POST /blog/wp-cron.php?doing_wp_cron=1332460401 HTTP/1.0" 499 0 "-" "WordPress/3.3.1; http://yuvi.in/blog"
210.205.14.5 - - [22/Mar/2012:16:56:15 -0700] "GET /blog/my-vimrc/ HTTP/1.1" 200 4115 "http://www.google.co.kr/url?sa=t&rct=j&q=.vimrc&source=web&cd=12&ved=0CIEBEJgBMAs&url=http%3A%2F%2Fyuvi.in%2Fblog%2Fmy-vimrc%2F&ei=RLtrT7mcKavFmQX9ztGLBg&usg=AFQjCNF1Q8e-eKzlYazrl5519T2_Icgf3g&cad=rjt" "Mozilla/5.0 (X11; Linux i686; rv:7.0.1) Gecko/20100101 Firefox/7.0.1"
210.205.14.5 - - [22/Mar/2012:16:56:15 -0700] "GET /blog/wp-content/themes/cleanr/js/jquery.dropdown.js?ver=3.3.1 HTTP/1.1" 200 535 "http://yuvi.in/blog/my-vimrc/" "Mozilla/5.0 (X11; Linux i686; rv:7.0.1) Gecko/20100101 Firefox/7.0.1"
210.205.14.5 - - [22/Mar/2012:16:56:15 -0700] "GET /blog/wp-content/themes/cleanr/style.css HTTP/1.1" 200 10508 "http://yuvi.in/blog/my-vimrc/" "Mozilla/5.0 (X11; Linux i686; rv:7.0.1) Gecko/20100101 Firefox/7.0.1"
210.205.14.5 - - [22/Mar/2012:16:56:16 -0700] "GET /blog/wp-content/themes/cleanr/css/text.css HTTP/1.1" 200 420 "http://yuvi.in/blog/wp-content/themes/cleanr/style.css" "Mozilla/5.0 (X11; Linux i686; rv:7.0.1) Gecko/20100101 Firefox/7.0.1"
210.205.14.5 - - [22/Mar/2012:16:56:16 -0700] "GET /blog/wp-content/themes/cleanr/css/reset.css HTTP/1.1" 200 648 "http://yuvi.in/blog/wp-content/themes/cleanr/style.css" "Mozilla/5.0 (X11; Linux i686; rv:7.0.1) Gecko/20100101 Firefox/7.0.1"
210.205.14.5 - - [22/Mar/2012:16:56:16 -0700] "GET /blog/wp-content/themes/cleanr/css/960.css HTTP/1.1" 200 3628 "http://yuvi.in/blog/wp-content/themes/cleanr/style.css" "Mozilla/5.0 (X11; Linux i686; rv:7.0.1) Gecko/20100101 Firefox/7.0.1"
210.205.14.5 - - [22/Mar/2012:16:56:16 -0700] "GET /blog/wp-includes/js/jquery/jquery.js?ver=1.7.1 HTTP/1.1" 200 93889 "http://yuvi.in/blog/my-vimrc/" "Mozilla/5.0 (X11; Linux i686; rv:7.0.1) Gecko/20100101 Firefox/7.0.1"
69.171.224.251 - - [22/Mar/2012:16:56:17 -0700] "GET /r/fmf HTTP/1.1" 301 255 "-" "facebookexternalhit/1.1 (+http://www.facebook.com/externalhit_uatext.php)"
210.205.14.5 - - [22/Mar/2012:16:56:17 -0700] "GET /blog/wp-content/themes/cleanr/images/search_magnifier.gif HTTP/1.1" 200 394 "http://yuvi.in/blog/my-vimrc/" "Mozilla/5.0 (X11; Linux i686; rv:7.0.1) Gecko/20100101 Firefox/7.0.1"
69.171.224.244 - - [22/Mar/2012:16:56:17 -0700] "GET /s/ta/fmf/ HTTP/1.1" 302 349 "-" "facebookexternalhit/1.1 (+http://www.facebook.com/externalhit_uatext.php)"
210.205.14.5 - - [22/Mar/2012:16:56:18 -0700] "GET /favicon.ico HTTP/1.1" 404 142 "-" "Mozilla/5.0 (X11; Linux i686; rv:7.0.1) Gecko/20100101 Firefox/7.0.1"
210.205.14.5 - - [22/Mar/2012:16:56:18 -0700] "GET /favicon.ico HTTP/1.1" 404 142 "-" "Mozilla/5.0 (X11; Linux i686; rv:7.0.1) Gecko/20100101 Firefox/7.0.1"
85.17.88.169 - - [22/Mar/2012:16:56:20 -0700] "POST /blog/wp-cron.php?doing_wp_cron=1332460406 HTTP/1.0" 499 0 "-" "WordPress/3.3.1; http://yuvi.in/blog"
210.205.14.5 - - [22/Mar/2012:16:56:20 -0700] "GET /blog/my-vimrc/?cf_action=sync_comments&post_id=398 HTTP/1.1" 200 48 "http://yuvi.in/blog/my-vimrc/" "Mozilla/5.0 (X11; Linux i686; rv:7.0.1) Gecko/20100101 Firefox/7.0.1"
208.115.111.68 - - [22/Mar/2012:16:57:59 -0700] "GET /robots.txt HTTP/1.1" 404 169 "-" "Mozilla/5.0 (compatible; Ezooms/1.0; ezooms.bot@gmail.com)"
85.17.88.169 - - [22/Mar/2012:16:59:14 -0700] "POST /blog/wp-cron.php?doing_wp_cron=1332460581 HTTP/1.0" 499 0 "-" "WordPress/3.3.1; http://yuvi.in/blog"
209.85.238.115 - - [22/Mar/2012:16:59:15 -0700] "GET /blog/feed/ HTTP/1.1" 304 0 "-" "Feedfetcher-Google; (+http://www.google.com/feedfetcher.html; 19 subscribers; feed-id=15064232456473204253)"
115.69.82.9 - - [22/Mar/2012:17:01:23 -0700] "GET /r/2ols HTTP/1.1" 301 257 "http://www.facebook.com/l.php?u=http%3A%2F%2Ftawp.in%2Fr%2F2ols&h=sAQHKHR04AQEaouNsBQunCfUAqypnvrP5c1kexUl-x_8dIw&enc=AZOG03Ez4SCRl9f4Ichxjdh0feBKDp4B8epPWJ3P4tK5hQLvYbYAawPZkk8PWVhgLqfnUwj-mN9M3u08g54tgBIA" "Mozilla/5.0 (Windows NT 6.1) AppleWebKit/534.30 (KHTML, like Gecko) Chrome/12.0.742.21 Safari/534.30"
115.69.82.9 - - [22/Mar/2012:17:01:23 -0700] "GET /s/ta/2ols/ HTTP/1.1" 302 469 "http://www.facebook.com/l.php?u=http%3A%2F%2Ftawp.in%2Fr%2F2ols&h=sAQHKHR04AQEaouNsBQunCfUAqypnvrP5c1kexUl-x_8dIw&enc=AZOG03Ez4SCRl9f4Ichxjdh0feBKDp4B8epPWJ3P4tK5hQLvYbYAawPZkk8PWVhgLqfnUwj-mN9M3u08g54tgBIA" "Mozilla/5.0 (Windows NT 6.1) AppleWebKit/534.30 (KHTML, like Gecko) Chrome/12.0.742.21 Safari/534.30"
85.17.88.169 - - [22/Mar/2012:17:01:43 -0700] "POST /blog/wp-cron.php?doing_wp_cron=1332460729 HTTP/1.0" 499 0 "-" "WordPress/3.3.1; http://yuvi.in/blog"
209.85.238.115 - - [22/Mar/2012:17:01:44 -0700] "GET /blog/feed HTTP/1.1" 301 0 "-" "Feedfetcher-Google; (+http://www.google.com/feedfetcher.html; 3 subscribers; feed-id=17684830852112633560)"
85.17.88.169 - - [22/Mar/2012:17:01:45 -0700] "POST /blog/wp-cron.php?doing_wp_cron=1332460732 HTTP/1.0" 499 0 "-" "WordPress/3.3.1; http://yuvi.in/blog"
209.85.238.115 - - [22/Mar/2012:17:01:45 -0700] "GET /blog/feed/ HTTP/1.1" 304 0 "-" "Feedfetcher-Google; (+http://www.google.com/feedfetcher.html; 3 subscribers; feed-id=17684830852112633560)"
69.171.247.3 - - [22/Mar/2012:17:03:27 -0700] "GET /r/fmf HTTP/1.1" 301 255 "-" "facebookexternalhit/1.1 (+http://www.facebook.com/externalhit_uatext.php)"
69.171.247.5 - - [22/Mar/2012:17:03:27 -0700] "GET /s/ta/fmf/ HTTP/1.1" 302 349 "-" "facebookexternalhit/1.1 (+http://www.facebook.com/externalhit_uatext.php)"
207.46.204.218 - - [22/Mar/2012:17:04:40 -0700] "-" 400 0 "-" "-"
207.46.204.218 - - [22/Mar/2012:17:04:41 -0700] "-" 400 0 "-" "-"
207.46.204.218 - - [22/Mar/2012:17:04:41 -0700] "-" 400 0 "-" "-"
207.46.204.218 - - [22/Mar/2012:17:04:42 -0700] "-" 400 0 "-" "-"
207.46.204.218 - - [22/Mar/2012:17:04:44 -0700] "-" 400 0 "-" "-"
207.46.204.218 - - [22/Mar/2012:17:04:45 -0700] "-" 400 0 "-" "-"
207.46.204.218 - - [22/Mar/2012:17:04:45 -0700] "-" 400 0 "-" "-"
207.46.204.218 - - [22/Mar/2012:17:04:45 -0700] "-" 400 0 "-" "-"
207.46.204.218 - - [22/Mar/2012:17:04:45 -0700] "-" 400 0 "-" "-"
85.17.88.169 - - [22/Mar/2012:17:11:25 -0700] "POST /blog/wp-cron.php?doing_wp_cron=1332461311 HTTP/1.0" 499 0 "-" "WordPress/3.3.1; http://yuvi.in/blog"
180.76.5.148 - - [22/Mar/2012:17:11:26 -0700] "GET /blog/category/code/page/5/ HTTP/1.1" 200 10595 "-" "Mozilla/5.0 (compatible; Baiduspider/2.0; +http://www.baidu.com/search/spider.html)"
85.17.88.169 - - [22/Mar/2012:17:13:08 -0700] "POST /blog/wp-cron.php?doing_wp_cron=1332461414 HTTP/1.0" 499 0 "-" "WordPress/3.3.1; http://yuvi.in/blog"
100.43.83.144 - - [22/Mar/2012:17:13:08 -0700] "GET /blog/things-i-need-time-to-do/ HTTP/1.1" 200 4712 "-" "Mozilla/5.0 (compatible; YandexBot/3.0; +http://yandex.com/bots)"
124.115.6.10 - - [22/Mar/2012:17:16:23 -0700] "GET /robots.txt HTTP/1.1" 404 142 "-" "Sosospider+(+http://help.soso.com/webspider.htm)"
209.85.224.82 - - [22/Mar/2012:17:18:44 -0700] "GET /stories/feed HTTP/1.1" 200 13653 "-" "FeedBurner/1.0 (http://www.FeedBurner.com)"
141.0.9.118 - - [22/Mar/2012:17:20:06 -0700] "-" 400 0 "-" "-"
141.0.9.118 - - [22/Mar/2012:17:20:06 -0700] "-" 400 0 "-" "-"
141.0.9.118 - - [22/Mar/2012:17:20:06 -0700] "-" 400 0 "-" "-"
157.55.112.203 - - [22/Mar/2012:17:22:45 -0700] "-" 400 0 "-" "-"
157.55.112.203 - - [22/Mar/2012:17:22:46 -0700] "-" 400 0 "-" "-"
157.55.112.203 - - [22/Mar/2012:17:22:46 -0700] "-" 400 0 "-" "-"
157.55.112.203 - - [22/Mar/2012:17:22:46 -0700] "-" 400 0 "-" "-"
157.55.112.203 - - [22/Mar/2012:17:22:47 -0700] "-" 400 0 "-" "-"
157.55.112.203 - - [22/Mar/2012:17:22:47 -0700] "-" 400 0 "-" "-"
157.55.112.203 - - [22/Mar/2012:17:22:47 -0700] "-" 400 0 "-" "-"
157.55.112.203 - - [22/Mar/2012:17:22:47 -0700] "-" 400 0 "-" "-"
157.55.112.203 - - [22/Mar/2012:17:22:48 -0700] "-" 400 0 "-" "-"
157.55.112.203 - - [22/Mar/2012:17:22:50 -0700] "-" 400 0 "-" "-"
157.55.112.203 - - [22/Mar/2012:17:23:31 -0700] "-" 400 0 "-" "-"
85.17.88.169 - - [22/Mar/2012:17:25:02 -0700] "POST /blog/wp-cron.php?doing_wp_cron=1332462129 HTTP/1.0" 499 0 "-" "WordPress/3.3.1; http://yuvi.in/blog"
209.85.224.86 - - [22/Mar/2012:17:25:03 -0700] "GET /blog/feed HTTP/1.1" 304 0 "-" "FeedBurner/1.0 (http://www.FeedBurner.com)"
207.46.204.212 - - [22/Mar/2012:17:26:20 -0700] "-" 400 0 "-" "-"
207.46.204.212 - - [22/Mar/2012:17:26:23 -0700] "-" 400 0 "-" "-"
207.46.204.212 - - [22/Mar/2012:17:26:24 -0700] "-" 400 0 "-" "-"
207.46.204.212 - - [22/Mar/2012:17:26:25 -0700] "-" 400 0 "-" "-"
207.46.204.212 - - [22/Mar/2012:17:26:25 -0700] "-" 400 0 "-" "-"
207.46.204.212 - - [22/Mar/2012:17:26:27 -0700] "-" 400 0 "-" "-"
207.46.204.212 - - [22/Mar/2012:17:26:28 -0700] "-" 400 0 "-" "-"
207.46.204.212 - - [22/Mar/2012:17:26:28 -0700] "-" 400 0 "-" "-"
207.46.204.212 - - [22/Mar/2012:17:26:29 -0700] "-" 400 0 "-" "-"
207.46.204.212 - - [22/Mar/2012:17:26:29 -0700] "-" 400 0 "-" "-"
207.46.204.212 - - [22/Mar/2012:17:27:27 -0700] "-" 400 0 "-" "-"
69.171.234.2 - - [22/Mar/2012:17:29:13 -0700] "GET /r/1eg5 HTTP/1.1" 301 257 "-" "facebookexternalhit/1.1 (+http://www.facebook.com/externalhit_uatext.php)"
69.171.234.1 - - [22/Mar/2012:17:29:13 -0700] "GET /s/ta/1eg5/ HTTP/1.1" 302 337 "-" "facebookexternalhit/1.1 (+http://www.facebook.com/externalhit_uatext.php)"
93.233.20.4 - - [22/Mar/2012:17:37:51 -0700] "GET /r/pbw HTTP/1.1" 301 255 "http://ta.wikipedia.org/wiki/50_%E0%AE%9A%E0%AF%86%E0%AE%A9%E0%AF%8D%E0%AE%9F%E0%AF%8D" "Mozilla/5.0 (Windows NT 6.0; rv:11.0) Gecko/20100101 Firefox/11.0"
93.233.20.4 - - [22/Mar/2012:17:37:51 -0700] "GET /s/ta/pbw/ HTTP/1.1" 302 345 "http://ta.wikipedia.org/wiki/50_%E0%AE%9A%E0%AF%86%E0%AE%A9%E0%AF%8D%E0%AE%9F%E0%AF%8D" "Mozilla/5.0 (Windows NT 6.0; rv:11.0) Gecko/20100101 Firefox/11.0"
2.102.170.41 - - [22/Mar/2012:17:40:03 -0700] "GET /r/740 HTTP/1.1" 301 255 "http://ta.wikipedia.org/wiki/%E0%AE%89%E0%AE%B2%E0%AE%95%E0%AE%A4%E0%AF%8D_%E0%AE%A4%E0%AE%AE%E0%AE%BF%E0%AE%B4%E0%AE%B0%E0%AF%8D_%E0%AE%AA%E0%AF%87%E0%AE%B0%E0%AE%AE%E0%AF%88%E0%AE%AA%E0%AF%8D%E0%AE%AA%E0%AF%81" "Mozilla/5.0 (Windows NT 6.1; WOW64; rv:11.0) Gecko/20100101 Firefox/11.0"
2.102.170.41 - - [22/Mar/2012:17:40:04 -0700] "GET /s/ta/740/ HTTP/1.1" 302 513 "http://ta.wikipedia.org/wiki/%E0%AE%89%E0%AE%B2%E0%AE%95%E0%AE%A4%E0%AF%8D_%E0%AE%A4%E0%AE%AE%E0%AE%BF%E0%AE%B4%E0%AE%B0%E0%AF%8D_%E0%AE%AA%E0%AF%87%E0%AE%B0%E0%AE%AE%E0%AF%88%E0%AE%AA%E0%AF%8D%E0%AE%AA%E0%AF%81" "Mozilla/5.0 (Windows NT 6.1; WOW64; rv:11.0) Gecko/20100101 Firefox/11.0"
62.24.252.133 - - [22/Mar/2012:17:40:35 -0700] "GET /robots.txt HTTP/1.0" 404 238 "http://tawp.in/robots.txt" "Mozilla/4.0 (compatible; MSIE 8.0; Windows NT 5.1; Trident/4.0; .NET CLR 2.0.50727; .NET CLR 3.0.04506.648; .NET CLR 3.5.21022; .NET CLR 3.0.4506.2152; .NET CLR 3.5.30729; InfoPath.2)"
62.24.252.133 - - [22/Mar/2012:17:40:36 -0700] "GET /r/740 HTTP/1.0" 301 255 "http://tawp.in/r/740" "Mozilla/4.0 (compatible; MSIE 8.0; Windows NT 5.1; Trident/4.0; .NET CLR 2.0.50727; .NET CLR 3.0.04506.648; .NET CLR 3.5.21022; .NET CLR 3.0.4506.2152; .NET CLR 3.5.30729; InfoPath.2)"
62.24.252.133 - - [22/Mar/2012:17:40:36 -0700] "GET /s/ta/740/ HTTP/1.0" 302 513 "http://tawp.in/s/ta/740/" "Mozilla/4.0 (compatible; MSIE 8.0; Windows NT 5.1; Trident/4.0; .NET CLR 2.0.50727; .NET CLR 3.0.04506.648; .NET CLR 3.5.21022; .NET CLR 3.0.4506.2152; .NET CLR 3.5.30729; InfoPath.2)"
62.24.252.133 - - [22/Mar/2012:17:40:36 -0700] "GET /s/ta/740/ HTTP/1.0" 302 513 "http://tawp.in/s/ta/740/" "Mozilla/4.0 (compatible; MSIE 8.0; Windows NT 5.1; Trident/4.0; .NET CLR 2.0.50727; .NET CLR 3.0.04506.648; .NET CLR 3.5.21022; .NET CLR 3.0.4506.2152; .NET CLR 3.5.30729; InfoPath.2)"
85.17.88.169 - - [22/Mar/2012:17:45:23 -0700] "POST /blog/wp-cron.php?doing_wp_cron=1332463349 HTTP/1.0" 499 0 "-" "WordPress/3.3.1; http://yuvi.in/blog"
100.43.83.144 - - [22/Mar/2012:17:45:23 -0700] "GET /blog/page/4/ HTTP/1.1" 200 16144 "-" "Mozilla/5.0 (compatible; YandexBot/3.0; +http://yandex.com/bots)"
85.17.88.169 - - [22/Mar/2012:17:45:57 -0700] "POST /blog/wp-cron.php?doing_wp_cron=1332463383 HTTP/1.0" 499 0 "-" "WordPress/3.3.1; http://yuvi.in/blog"
180.76.6.36 - - [22/Mar/2012:17:45:57 -0700] "GET /blog/?p=89 HTTP/1.1" 301 0 "-" "Mozilla/5.0 (compatible; Baiduspider/2.0; +http://www.baidu.com/search/spider.html)"
85.17.88.169 - - [22/Mar/2012:17:45:59 -0700] "POST /blog/wp-cron.php?doing_wp_cron=1332463386 HTTP/1.0" 499 0 "-" "WordPress/3.3.1; http://yuvi.in/blog"
180.76.6.212 - - [22/Mar/2012:17:46:00 -0700] "GET /blog/my-gsoc-2010-proposal/ HTTP/1.1" 200 4514 "-" "Mozilla/5.0 (compatible; Baiduspider/2.0; +http://www.baidu.com/search/spider.html)"
85.17.88.169 - - [22/Mar/2012:17:46:30 -0700] "POST /blog/wp-cron.php?doing_wp_cron=1332463416 HTTP/1.0" 499 0 "-" "WordPress/3.3.1; http://yuvi.in/blog"
213.186.127.13 - - [22/Mar/2012:17:46:31 -0700] "GET /blog/category/uncategorized/ HTTP/1.1" 200 23025 "-" "Mozilla/5.0 (compatible; AhrefsBot/2.0; +http://ahrefs.com/robot/)"
108.62.24.239 - - [22/Mar/2012:17:50:37 -0700] "GET /blog HTTP/1.1" 301 178 "-" "Mozilla/5.0 (Windows; U; Windows NT 6.1; en-GB; rv:1.9.1.3) Gecko/20090824 Firefox/3.5.3"
85.17.88.169 - - [22/Mar/2012:17:50:39 -0700] "POST /blog/wp-cron.php?doing_wp_cron=1332463665 HTTP/1.0" 499 0 "-" "WordPress/3.3.1; http://yuvi.in/blog"
108.62.24.239 - - [22/Mar/2012:17:50:40 -0700] "GET /blog/ HTTP/1.1" 200 33210 "-" "Mozilla/5.0 (Windows; U; Windows NT 6.1; en-GB; rv:1.9.1.3) Gecko/20090824 Firefox/3.5.3"
77.20.158.103 - - [22/Mar/2012:17:52:37 -0700] "GET /stories/it-s-never-over.html HTTP/1.1" 200 3634 "-" "findlinks/2.0.2 (+http://wortschatz.uni-leipzig.de/findlinks/)"
85.17.88.169 - - [22/Mar/2012:17:53:12 -0700] "POST /blog/wp-cron.php?doing_wp_cron=1332463818 HTTP/1.0" 499 0 "-" "WordPress/3.3.1; http://yuvi.in/blog"
23.20.135.99 - - [22/Mar/2012:17:53:12 -0700] "GET /blog/sleepsort-4chan/ HTTP/1.1" 200 4446 "-" "Mozilla/5.0 (Macintosh; U; Intel Mac OS X 10.6; en-US; rv:1.9.2) Gecko/20100115 Firefox/3.6 (FlipboardProxy/1.1; +http://flipboard.com/browserproxy)"
69.171.229.247 - - [22/Mar/2012:17:54:46 -0700] "GET /r/2zlu HTTP/1.1" 404 142 "-" "facebookexternalhit/1.1 (+http://www.facebook.com/externalhit_uatext.php)"
85.17.88.169 - - [22/Mar/2012:17:55:08 -0700] "POST /blog/wp-cron.php?doing_wp_cron=1332463935 HTTP/1.0" 499 0 "-" "WordPress/3.3.1; http://yuvi.in/blog"
209.85.224.87 - - [22/Mar/2012:17:55:09 -0700] "GET /blog/feed HTTP/1.1" 304 0 "-" "FeedBurner/1.0 (http://www.FeedBurner.com)"
88.131.106.3 - - [22/Mar/2012:17:55:48 -0700] "GET /robots.txt HTTP/1.0" 404 169 "-" "Mozilla/5.0 (Windows; U; Windows NT 5.1; en-US) Speedy Spider (http://www.entireweb.com/about/search_tech/speedy_spider/)"
88.131.106.5 - - [22/Mar/2012:17:55:49 -0700] "GET /blog/first-binary-dream.html HTTP/1.0" 200 6131 "-" "Mozilla/5.0 (Windows; U; Windows NT 5.1; en-US) Speedy Spider (http://www.entireweb.com/about/search_tech/speedy_spider/)"
117.193.48.188 - - [22/Mar/2012:17:56:36 -0700] "-" 400 0 "-" "-"
85.17.88.169 - - [22/Mar/2012:17:57:34 -0700] "POST /blog/wp-cron.php?doing_wp_cron=1332464080 HTTP/1.0" 499 0 "-" "WordPress/3.3.1; http://yuvi.in/blog"
209.85.238.115 - - [22/Mar/2012:17:57:34 -0700] "GET /blog/feed HTTP/1.1" 301 0 "-" "Feedfetcher-Google; (+http://www.google.com/feedfetcher.html; 3 subscribers; feed-id=17684830852112633560)"
85.17.88.169 - - [22/Mar/2012:17:57:36 -0700] "POST /blog/wp-cron.php?doing_wp_cron=1332464082 HTTP/1.0" 499 0 "-" "WordPress/3.3.1; http://yuvi.in/blog"
117.193.48.188 - - [22/Mar/2012:17:57:36 -0700] "-" 400 0 "-" "-"
209.85.238.115 - - [22/Mar/2012:17:57:36 -0700] "GET /blog/feed/ HTTP/1.1" 304 0 "-" "Feedfetcher-Google; (+http://www.google.com/feedfetcher.html; 3 subscribers; feed-id=17684830852112633560)"
207.46.204.167 - - [22/Mar/2012:17:57:55 -0700] "-" 400 0 "-" "-"
207.46.204.167 - - [22/Mar/2012:17:57:56 -0700] "-" 400 0 "-" "-"
207.46.204.167 - - [22/Mar/2012:17:57:57 -0700] "-" 400 0 "-" "-"
207.46.204.167 - - [22/Mar/2012:17:57:57 -0700] "-" 400 0 "-" "-"
207.46.204.167 - - [22/Mar/2012:17:57:57 -0700] "-" 400 0 "-" "-"
207.46.204.167 - - [22/Mar/2012:17:57:58 -0700] "-" 400 0 "-" "-"
207.46.204.167 - - [22/Mar/2012:17:57:58 -0700] "-" 400 0 "-" "-"
207.46.204.167 - - [22/Mar/2012:17:57:58 -0700] "-" 400 0 "-" "-"
207.46.204.167 - - [22/Mar/2012:17:57:58 -0700] "-" 400 0 "-" "-"
207.46.204.167 - - [22/Mar/2012:17:57:59 -0700] "-" 400 0 "-" "-"
117.193.48.188 - - [22/Mar/2012:17:58:06 -0700] "-" 400 0 "-" "-"
117.193.48.188 - - [22/Mar/2012:17:58:06 -0700] "-" 400 0 "-" "-"
117.193.48.188 - - [22/Mar/2012:17:58:06 -0700] "-" 400 0 "-" "-"
117.193.48.188 - - [22/Mar/2012:17:58:06 -0700] "-" 400 0 "-" "-"
117.193.48.188 - - [22/Mar/2012:17:58:06 -0700] "-" 400 0 "-" "-"
85.17.88.169 - - [22/Mar/2012:17:59:35 -0700] "POST /blog/wp-cron.php?doing_wp_cron=1332464201 HTTP/1.0" 499 0 "-" "WordPress/3.3.1; http://yuvi.in/blog"
209.85.238.115 - - [22/Mar/2012:17:59:35 -0700] "GET /blog/feed/ HTTP/1.1" 304 0 "-" "Feedfetcher-Google; (+http://www.google.com/feedfetcher.html; 19 subscribers; feed-id=15064232456473204253)"
150.70.64.197 - - [22/Mar/2012:18:00:46 -0700] "GET /clientscript/yui/yuiloader-dom-event/yuiloader-dom-event.js?v=412 HTTP/1.0" 404 571 "-" "Mozilla/4.0 (compatible; MSIE 6.0; Windows NT 5.1)"
85.17.88.169 - - [22/Mar/2012:18:01:09 -0700] "POST /blog/wp-cron.php?doing_wp_cron=1332464296 HTTP/1.0" 499 0 "-" "WordPress/3.3.1; http://yuvi.in/blog"
71.37.100.241 - - [22/Mar/2012:18:01:10 -0700] "GET /blog/favicon.ico HTTP/1.1" 404 3016 "-" "Mozilla/5.0 (Windows NT 5.1; rv:11.0) Gecko/20100101 Firefox/11.0"
207.46.204.165 - - [22/Mar/2012:18:01:36 -0700] "-" 400 0 "-" "-"
207.46.204.165 - - [22/Mar/2012:18:01:36 -0700] "-" 400 0 "-" "-"
207.46.204.165 - - [22/Mar/2012:18:01:36 -0700] "-" 400 0 "-" "-"
207.46.204.165 - - [22/Mar/2012:18:01:37 -0700] "-" 400 0 "-" "-"
207.46.204.165 - - [22/Mar/2012:18:01:37 -0700] "-" 400 0 "-" "-"
207.46.204.165 - - [22/Mar/2012:18:01:37 -0700] "-" 400 0 "-" "-"
207.46.204.165 - - [22/Mar/2012:18:01:37 -0700] "-" 400 0 "-" "-"
207.46.204.165 - - [22/Mar/2012:18:01:37 -0700] "-" 400 0 "-" "-"
207.46.204.165 - - [22/Mar/2012:18:01:59 -0700] "-" 400 0 "-" "-"
207.46.204.165 - - [22/Mar/2012:18:01:59 -0700] "-" 400 0 "-" "-"
207.46.204.165 - - [22/Mar/2012:18:02:00 -0700] "-" 400 0 "-" "-"
207.46.12.76 - - [22/Mar/2012:18:03:41 -0700] "-" 400 0 "-" "-"
207.46.12.76 - - [22/Mar/2012:18:03:43 -0700] "-" 400 0 "-" "-"
207.46.12.76 - - [22/Mar/2012:18:03:43 -0700] "-" 400 0 "-" "-"
207.46.12.76 - - [22/Mar/2012:18:03:44 -0700] "-" 400 0 "-" "-"
207.46.12.76 - - [22/Mar/2012:18:03:44 -0700] "-" 400 0 "-" "-"
207.46.12.76 - - [22/Mar/2012:18:03:44 -0700] "-" 400 0 "-" "-"
207.46.12.76 - - [22/Mar/2012:18:03:44 -0700] "-" 400 0 "-" "-"
207.46.12.76 - - [22/Mar/2012:18:03:45 -0700] "-" 400 0 "-" "-"
207.46.12.76 - - [22/Mar/2012:18:03:45 -0700] "-" 400 0 "-" "-"
207.46.12.76 - - [22/Mar/2012:18:03:45 -0700] "-" 400 0 "-" "-"
67.215.230.28 - - [22/Mar/2012:18:11:20 -0700] "GET /robots.txt HTTP/1.0" 404 169 "-" "Setooz/Nutch-1.2 (http://www.setooz.com)"
67.215.230.28 - - [22/Mar/2012:18:11:20 -0700] "GET / HTTP/1.0" 200 3439 "-" "Setooz/Nutch-1.2 (http://www.setooz.com)"
67.215.230.27 - - [22/Mar/2012:18:11:22 -0700] "GET /robots.txt HTTP/1.0" 404 169 "-" "Setooz/Nutch-1.2 (http://www.setooz.com)"
67.215.230.27 - - [22/Mar/2012:18:11:22 -0700] "GET /stories HTTP/1.0" 301 185 "-" "Setooz/Nutch-1.2 (http://www.setooz.com)"
180.76.5.63 - - [22/Mar/2012:18:12:42 -0700] "GET /robots.txt HTTP/1.1" 404 142 "-" "Baiduspider+(+http://www.baidu.com/search/spider.htm)"
115.242.162.250 - - [22/Mar/2012:18:14:06 -0700] "-" 400 0 "-" "-"
115.242.162.250 - - [22/Mar/2012:18:14:06 -0700] "-" 400 0 "-" "-"
117.193.236.196 - - [22/Mar/2012:18:14:48 -0700] "-" 400 0 "-" "-"
85.17.88.169 - - [22/Mar/2012:18:16:35 -0700] "POST /blog/wp-cron.php?doing_wp_cron=1332465221 HTTP/1.0" 499 0 "-" "WordPress/3.3.1; http://yuvi.in/blog"
180.76.6.225 - - [22/Mar/2012:18:16:36 -0700] "GET /blog/what-stop-child-athiest/feed/ HTTP/1.1" 200 2500 "-" "Mozilla/5.0 (compatible; Baiduspider/2.0; +http://www.baidu.com/search/spider.html)"
85.17.88.169 - - [22/Mar/2012:18:17:37 -0700] "POST /blog/wp-cron.php?doing_wp_cron=1332465283 HTTP/1.0" 499 0 "-" "WordPress/3.3.1; http://yuvi.in/blog"
100.43.83.144 - - [22/Mar/2012:18:17:38 -0700] "GET /blog/attraction-or-admiration/ HTTP/1.1" 200 4396 "-" "Mozilla/5.0 (compatible; YandexBot/3.0; +http://yandex.com/bots)"
14.139.188.174 - - [22/Mar/2012:18:19:49 -0700] "-" 400 0 "-" "-"
141.0.9.42 - - [22/Mar/2012:18:20:44 -0700] "-" 400 0 "-" "-"
141.0.9.42 - - [22/Mar/2012:18:20:44 -0700] "-" 400 0 "-" "-"
209.85.224.84 - - [22/Mar/2012:18:21:36 -0700] "GET /stories/feed HTTP/1.1" 200 13653 "-" "FeedBurner/1.0 (http://www.FeedBurner.com)"
14.139.188.174 - - [22/Mar/2012:18:23:19 -0700] "-" 400 0 "-" "-"
14.139.188.174 - - [22/Mar/2012:18:25:02 -0700] "-" 400 0 "-" "-"
85.17.88.169 - - [22/Mar/2012:18:25:14 -0700] "POST /blog/wp-cron.php?doing_wp_cron=1332465740 HTTP/1.0" 499 0 "-" "WordPress/3.3.1; http://yuvi.in/blog"
209.85.224.86 - - [22/Mar/2012:18:25:14 -0700] "GET /blog/feed HTTP/1.1" 304 0 "-" "FeedBurner/1.0 (http://www.FeedBurner.com)"
208.115.113.84 - - [22/Mar/2012:18:30:19 -0700] "GET /robots.txt HTTP/1.1" 404 169 "-" "Mozilla/5.0 (compatible; Ezooms/1.0; ezooms.bot@gmail.com)"
223.187.32.137 - - [22/Mar/2012:18:30:40 -0700] "-" 400 0 "-" "-"
122.164.236.77 - - [22/Mar/2012:18:37:59 -0700] "-" 400 0 "-" "-"
122.164.236.77 - - [22/Mar/2012:18:37:59 -0700] "-" 400 0 "-" "-"
122.164.236.77 - - [22/Mar/2012:18:37:59 -0700] "-" 400 0 "-" "-"
122.164.236.77 - - [22/Mar/2012:18:37:59 -0700] "-" 400 0 "-" "-"
122.164.236.77 - - [22/Mar/2012:18:37:59 -0700] "-" 400 0 "-" "-"
122.164.236.77 - - [22/Mar/2012:18:37:59 -0700] "-" 400 0 "-" "-"
122.164.236.77 - - [22/Mar/2012:18:38:19 -0700] "-" 400 0 "-" "-"
122.164.236.77 - - [22/Mar/2012:18:38:19 -0700] "-" 400 0 "-" "-"
122.164.236.77 - - [22/Mar/2012:18:38:19 -0700] "-" 400 0 "-" "-"
122.164.236.77 - - [22/Mar/2012:18:38:19 -0700] "-" 400 0 "-" "-"
122.164.236.77 - - [22/Mar/2012:18:39:19 -0700] "-" 400 0 "-" "-"
85.17.88.169 - - [22/Mar/2012:18:39:34 -0700] "POST /blog/wp-cron.php?doing_wp_cron=1332466600 HTTP/1.0" 499 0 "-" "WordPress/3.3.1; http://yuvi.in/blog"
27.107.56.88 - - [22/Mar/2012:18:40:12 -0700] "-" 400 0 "-" "-"
66.249.68.106 - - [22/Mar/2012:18:41:22 -0700] "GET /chennai/route/56n/ HTTP/1.1" 404 142 "-" "Mozilla/5.0 (compatible; Googlebot/2.1; +http://www.google.com/bot.html)"
207.46.12.72 - - [22/Mar/2012:18:41:51 -0700] "-" 400 0 "-" "-"
207.46.12.72 - - [22/Mar/2012:18:41:53 -0700] "-" 400 0 "-" "-"
207.46.12.72 - - [22/Mar/2012:18:41:53 -0700] "-" 400 0 "-" "-"
207.46.12.72 - - [22/Mar/2012:18:41:54 -0700] "-" 400 0 "-" "-"
207.46.12.72 - - [22/Mar/2012:18:41:54 -0700] "-" 400 0 "-" "-"
207.46.12.72 - - [22/Mar/2012:18:41:54 -0700] "-" 400 0 "-" "-"
207.46.12.72 - - [22/Mar/2012:18:41:54 -0700] "-" 400 0 "-" "-"
207.46.12.72 - - [22/Mar/2012:18:41:56 -0700] "-" 400 0 "-" "-"
207.46.12.72 - - [22/Mar/2012:18:41:56 -0700] "-" 400 0 "-" "-"
207.46.12.72 - - [22/Mar/2012:18:41:56 -0700] "-" 400 0 "-" "-"
207.46.12.72 - - [22/Mar/2012:18:42:27 -0700] "-" 400 0 "-" "-"
117.193.13.42 - - [22/Mar/2012:18:43:17 -0700] "-" 400 0 "-" "-"
117.193.13.42 - - [22/Mar/2012:18:43:37 -0700] "-" 400 0 "-" "-"
117.193.13.42 - - [22/Mar/2012:18:43:37 -0700] "-" 400 0 "-" "-"
117.193.13.42 - - [22/Mar/2012:18:43:37 -0700] "-" 400 0 "-" "-"
117.193.13.42 - - [22/Mar/2012:18:43:37 -0700] "-" 400 0 "-" "-"
117.193.13.42 - - [22/Mar/2012:18:43:47 -0700] "-" 400 0 "-" "-"
85.17.88.169 - - [22/Mar/2012:18:44:07 -0700] "POST /blog/wp-cron.php?doing_wp_cron=1332466873 HTTP/1.0" 499 0 "-" "WordPress/3.3.1; http://yuvi.in/blog"
69.171.233.3 - - [22/Mar/2012:18:44:07 -0700] "HEAD /blog/story-average-indian-techie/ HTTP/1.1" 200 20 "-" "Mozilla/5.0 (compatible; FriendFeedBot/0.1; +Http://friendfeed.com/about/bot)"
117.193.13.42 - - [22/Mar/2012:18:46:06 -0700] "-" 400 0 "-" "-"
117.193.13.42 - - [22/Mar/2012:18:46:46 -0700] "-" 400 0 "-" "-"
117.193.13.42 - - [22/Mar/2012:18:46:46 -0700] "-" 400 0 "-" "-"
117.193.13.42 - - [22/Mar/2012:18:46:46 -0700] "-" 400 0 "-" "-"
117.193.13.42 - - [22/Mar/2012:18:46:46 -0700] "-" 400 0 "-" "-"
117.193.13.42 - - [22/Mar/2012:18:46:46 -0700] "-" 400 0 "-" "-"
207.46.204.216 - - [22/Mar/2012:18:49:44 -0700] "-" 400 0 "-" "-"
207.46.204.216 - - [22/Mar/2012:18:49:44 -0700] "-" 400 0 "-" "-"
207.46.204.216 - - [22/Mar/2012:18:49:45 -0700] "-" 400 0 "-" "-"
207.46.204.216 - - [22/Mar/2012:18:49:45 -0700] "-" 400 0 "-" "-"
207.46.204.216 - - [22/Mar/2012:18:49:45 -0700] "-" 400 0 "-" "-"
207.46.204.216 - - [22/Mar/2012:18:49:45 -0700] "-" 400 0 "-" "-"
207.46.204.216 - - [22/Mar/2012:18:49:45 -0700] "-" 400 0 "-" "-"
207.46.204.216 - - [22/Mar/2012:18:49:45 -0700] "-" 400 0 "-" "-"
207.46.204.216 - - [22/Mar/2012:18:49:45 -0700] "-" 400 0 "-" "-"
207.46.204.216 - - [22/Mar/2012:18:49:45 -0700] "-" 400 0 "-" "-"
85.17.88.169 - - [22/Mar/2012:18:49:51 -0700] "POST /blog/wp-cron.php?doing_wp_cron=1332467217 HTTP/1.0" 499 0 "-" "WordPress/3.3.1; http://yuvi.in/blog"
100.43.83.144 - - [22/Mar/2012:18:49:52 -0700] "GET /blog/icc-rules-for-backyard-cricket/ HTTP/1.1" 200 4388 "-" "Mozilla/5.0 (compatible; YandexBot/3.0; +http://yandex.com/bots)"
207.46.204.165 - - [22/Mar/2012:18:50:10 -0700] "-" 400 0 "-" "-"
207.46.204.165 - - [22/Mar/2012:18:50:11 -0700] "-" 400 0 "-" "-"
207.46.204.165 - - [22/Mar/2012:18:50:12 -0700] "-" 400 0 "-" "-"
207.46.204.165 - - [22/Mar/2012:18:50:12 -0700] "-" 400 0 "-" "-"
207.46.204.165 - - [22/Mar/2012:18:50:13 -0700] "-" 400 0 "-" "-"
207.46.204.165 - - [22/Mar/2012:18:50:13 -0700] "-" 400 0 "-" "-"
207.46.204.165 - - [22/Mar/2012:18:50:13 -0700] "-" 400 0 "-" "-"
207.46.204.165 - - [22/Mar/2012:18:50:13 -0700] "-" 400 0 "-" "-"
207.46.204.165 - - [22/Mar/2012:18:50:14 -0700] "-" 400 0 "-" "-"
207.46.204.165 - - [22/Mar/2012:18:50:14 -0700] "-" 400 0 "-" "-"
207.46.204.165 - - [22/Mar/2012:18:51:01 -0700] "-" 400 0 "-" "-"
157.55.112.208 - - [22/Mar/2012:18:51:36 -0700] "-" 400 0 "-" "-"
157.55.112.208 - - [22/Mar/2012:18:51:38 -0700] "-" 400 0 "-" "-"
157.55.112.208 - - [22/Mar/2012:18:51:38 -0700] "-" 400 0 "-" "-"
157.55.112.208 - - [22/Mar/2012:18:51:39 -0700] "-" 400 0 "-" "-"
157.55.112.208 - - [22/Mar/2012:18:51:39 -0700] "-" 400 0 "-" "-"
157.55.112.208 - - [22/Mar/2012:18:51:40 -0700] "-" 400 0 "-" "-"
157.55.112.208 - - [22/Mar/2012:18:51:41 -0700] "-" 400 0 "-" "-"
157.55.112.208 - - [22/Mar/2012:18:51:41 -0700] "-" 400 0 "-" "-"
157.55.112.208 - - [22/Mar/2012:18:51:41 -0700] "-" 400 0 "-" "-"
157.55.112.208 - - [22/Mar/2012:18:51:41 -0700] "-" 400 0 "-" "-"
157.55.112.208 - - [22/Mar/2012:18:52:12 -0700] "-" 400 0 "-" "-"
157.55.112.206 - - [22/Mar/2012:18:54:20 -0700] "-" 400 0 "-" "-"
157.55.112.206 - - [22/Mar/2012:18:54:20 -0700] "-" 400 0 "-" "-"
157.55.112.206 - - [22/Mar/2012:18:54:21 -0700] "-" 400 0 "-" "-"
157.55.112.206 - - [22/Mar/2012:18:54:21 -0700] "-" 400 0 "-" "-"
157.55.112.206 - - [22/Mar/2012:18:54:22 -0700] "-" 400 0 "-" "-"
157.55.112.206 - - [22/Mar/2012:18:54:22 -0700] "-" 400 0 "-" "-"
157.55.112.206 - - [22/Mar/2012:18:54:23 -0700] "-" 400 0 "-" "-"
157.55.112.206 - - [22/Mar/2012:18:54:23 -0700] "-" 400 0 "-" "-"
157.55.112.206 - - [22/Mar/2012:18:54:23 -0700] "-" 400 0 "-" "-"
157.55.112.206 - - [22/Mar/2012:18:55:06 -0700] "-" 400 0 "-" "-"
157.55.112.206 - - [22/Mar/2012:18:55:07 -0700] "-" 400 0 "-" "-"
85.17.88.169 - - [22/Mar/2012:18:55:24 -0700] "POST /blog/wp-cron.php?doing_wp_cron=1332467549 HTTP/1.0" 499 0 "-" "WordPress/3.3.1; http://yuvi.in/blog"
209.85.224.84 - - [22/Mar/2012:18:55:24 -0700] "GET /blog/feed HTTP/1.1" 304 0 "-" "FeedBurner/1.0 (http://www.FeedBurner.com)"
207.46.204.219 - - [22/Mar/2012:18:55:37 -0700] "-" 400 0 "-" "-"
207.46.204.219 - - [22/Mar/2012:18:55:37 -0700] "-" 400 0 "-" "-"
207.46.204.219 - - [22/Mar/2012:18:55:38 -0700] "-" 400 0 "-" "-"
207.46.204.219 - - [22/Mar/2012:18:55:38 -0700] "-" 400 0 "-" "-"
207.46.204.219 - - [22/Mar/2012:18:55:38 -0700] "-" 400 0 "-" "-"
207.46.204.219 - - [22/Mar/2012:18:55:38 -0700] "-" 400 0 "-" "-"
207.46.204.219 - - [22/Mar/2012:18:55:38 -0700] "-" 400 0 "-" "-"
207.46.204.219 - - [22/Mar/2012:18:55:38 -0700] "-" 400 0 "-" "-"
213.186.127.13 - - [22/Mar/2012:18:59:50 -0700] "GET /blog/enthusiastic-teachers-and-naive-implementation-of-gauss-seidel-approximations.html HTTP/1.1" 200 2928 "-" "Mozilla/5.0 (compatible; AhrefsBot/2.0; +http://ahrefs.com/robot/)"
85.17.88.169 - - [22/Mar/2012:19:01:14 -0700] "POST /blog/wp-cron.php?doing_wp_cron=1332467900 HTTP/1.0" 499 0 "-" "WordPress/3.3.1; http://yuvi.in/blog"
209.85.238.115 - - [22/Mar/2012:19:01:14 -0700] "GET /blog/feed HTTP/1.1" 301 0 "-" "Feedfetcher-Google; (+http://www.google.com/feedfetcher.html; 3 subscribers; feed-id=17684830852112633560)"
85.17.88.169 - - [22/Mar/2012:19:01:16 -0700] "POST /blog/wp-cron.php?doing_wp_cron=1332467902 HTTP/1.0" 499 0 "-" "WordPress/3.3.1; http://yuvi.in/blog"
209.85.238.115 - - [22/Mar/2012:19:01:17 -0700] "GET /blog/feed/ HTTP/1.1" 304 0 "-" "Feedfetcher-Google; (+http://www.google.com/feedfetcher.html; 3 subscribers; feed-id=17684830852112633560)"
180.76.5.162 - - [22/Mar/2012:19:05:38 -0700] "GET / HTTP/1.1" 304 0 "-" "Mozilla/5.0 (compatible; Baiduspider/2.0; +http://www.baidu.com/search/spider.html)"
85.17.88.169 - - [22/Mar/2012:19:07:35 -0700] "POST /blog/wp-cron.php?doing_wp_cron=1332468281 HTTP/1.0" 499 0 "-" "WordPress/3.3.1; http://yuvi.in/blog"
209.85.238.115 - - [22/Mar/2012:19:07:36 -0700] "GET /blog/feed/ HTTP/1.1" 304 0 "-" "Feedfetcher-Google; (+http://www.google.com/feedfetcher.html; 19 subscribers; feed-id=15064232456473204253)"
85.17.88.169 - - [22/Mar/2012:19:07:51 -0700] "POST /blog/wp-cron.php?doing_wp_cron=1332468297 HTTP/1.0" 499 0 "-" "WordPress/3.3.1; http://yuvi.in/blog"
101.226.33.187 - - [22/Mar/2012:19:07:51 -0700] "GET /blog/feed HTTP/1.0" 304 0 "-" "Mozilla/4.0 (compatible; Windows;)"
85.17.88.169 - - [22/Mar/2012:19:09:42 -0700] "POST /blog/wp-cron.php?doing_wp_cron=1332468408 HTTP/1.0" 499 0 "-" "WordPress/3.3.1; http://yuvi.in/blog"
180.76.5.189 - - [22/Mar/2012:19:09:42 -0700] "GET /blog/blogging-from-under-the-table-during-class/feed/ HTTP/1.1" 200 816 "-" "Mozilla/5.0 (compatible; Baiduspider/2.0; +http://www.baidu.com/search/spider.html)"
207.46.204.209 - - [22/Mar/2012:19:11:34 -0700] "-" 400 0 "-" "-"
207.46.12.73 - - [22/Mar/2012:19:11:37 -0700] "-" 400 0 "-" "-"
207.46.12.73 - - [22/Mar/2012:19:11:37 -0700] "-" 400 0 "-" "-"
207.46.12.73 - - [22/Mar/2012:19:11:37 -0700] "-" 400 0 "-" "-"
207.46.12.73 - - [22/Mar/2012:19:11:37 -0700] "-" 400 0 "-" "-"
207.46.12.73 - - [22/Mar/2012:19:11:37 -0700] "-" 400 0 "-" "-"
207.46.12.73 - - [22/Mar/2012:19:11:37 -0700] "-" 400 0 "-" "-"
207.46.12.73 - - [22/Mar/2012:19:11:37 -0700] "-" 400 0 "-" "-"
207.46.12.73 - - [22/Mar/2012:19:11:38 -0700] "-" 400 0 "-" "-"
207.46.12.73 - - [22/Mar/2012:19:11:38 -0700] "-" 400 0 "-" "-"
207.46.204.209 - - [22/Mar/2012:19:11:42 -0700] "-" 400 0 "-" "-"
207.46.204.209 - - [22/Mar/2012:19:11:43 -0700] "-" 400 0 "-" "-"
207.46.204.209 - - [22/Mar/2012:19:11:44 -0700] "-" 400 0 "-" "-"
207.46.204.209 - - [22/Mar/2012:19:11:44 -0700] "-" 400 0 "-" "-"
207.46.204.209 - - [22/Mar/2012:19:11:45 -0700] "-" 400 0 "-" "-"
207.46.204.209 - - [22/Mar/2012:19:11:46 -0700] "-" 400 0 "-" "-"
207.46.204.209 - - [22/Mar/2012:19:11:47 -0700] "-" 400 0 "-" "-"
207.46.204.209 - - [22/Mar/2012:19:11:47 -0700] "-" 400 0 "-" "-"
207.46.204.209 - - [22/Mar/2012:19:11:47 -0700] "-" 400 0 "-" "-"
207.46.12.73 - - [22/Mar/2012:19:12:06 -0700] "-" 400 0 "-" "-"
207.46.12.73 - - [22/Mar/2012:19:12:06 -0700] "-" 400 0 "-" "-"
207.46.204.209 - - [22/Mar/2012:19:12:31 -0700] "-" 400 0 "-" "-"
69.171.234.5 - - [22/Mar/2012:19:13:54 -0700] "GET /r/fmf HTTP/1.1" 301 255 "-" "facebookexternalhit/1.1 (+http://www.facebook.com/externalhit_uatext.php)"
69.171.234.7 - - [22/Mar/2012:19:13:54 -0700] "GET /s/ta/fmf/ HTTP/1.1" 302 349 "-" "facebookexternalhit/1.1 (+http://www.facebook.com/externalhit_uatext.php)"
85.17.88.169 - - [22/Mar/2012:19:18:18 -0700] "POST /blog/wp-cron.php?doing_wp_cron=1332468924 HTTP/1.0" 499 0 "-" "WordPress/3.3.1; http://yuvi.in/blog"
