85.17.88.169 - - [16/Apr/2012:13:44:25 -0700] "POST /blog/wp-cron.php?doing_wp_cron=1334608693 HTTP/1.0" 499 0 "-" "WordPress/3.3.1; http://yuvi.in/blog"
201.13.255.59 - - [16/Apr/2012:13:44:25 -0700] "GET /blog/wp-content/themes/cleanr/includes/functions/thumb.php HTTP/1.1" 404 12307 "-" "Mozilla/5.0 (Windows NT 6.1) AppleWebKit/534.30 (KHTML, like Gecko) Chrome/12.0.742.122 Safari/534.30"
85.17.88.169 - - [16/Apr/2012:13:44:28 -0700] "POST /blog/wp-cron.php?doing_wp_cron=1334608696 HTTP/1.0" 499 0 "-" "WordPress/3.3.1; http://yuvi.in/blog"
201.13.255.59 - - [16/Apr/2012:13:44:28 -0700] "GET /blog/wp-content/themes/cleanr/includes/functions/timthumb.php HTTP/1.1" 404 12307 "-" "Mozilla/5.0 (Windows NT 6.1) AppleWebKit/534.30 (KHTML, like Gecko) Chrome/12.0.742.122 Safari/534.30"
85.17.88.169 - - [16/Apr/2012:13:44:31 -0700] "POST /blog/wp-cron.php?doing_wp_cron=1334608699 HTTP/1.0" 499 0 "-" "WordPress/3.3.1; http://yuvi.in/blog"
201.13.255.59 - - [16/Apr/2012:13:44:31 -0700] "GET /blog/wp-content/themes/cleanr/includes/thumb.php HTTP/1.1" 404 12307 "-" "Mozilla/5.0 (Windows NT 6.1) AppleWebKit/534.30 (KHTML, like Gecko) Chrome/12.0.742.122 Safari/534.30"
85.17.88.169 - - [16/Apr/2012:13:44:34 -0700] "POST /blog/wp-cron.php?doing_wp_cron=1334608702 HTTP/1.0" 499 0 "-" "WordPress/3.3.1; http://yuvi.in/blog"
201.13.255.59 - - [16/Apr/2012:13:44:34 -0700] "GET /blog/wp-content/themes/cleanr/includes/timthumb.php HTTP/1.1" 404 12300 "-" "Mozilla/5.0 (Windows NT 6.1) AppleWebKit/534.30 (KHTML, like Gecko) Chrome/12.0.742.122 Safari/534.30"
65.52.111.213 - - [16/Apr/2012:13:44:35 -0700] "-" 400 0 "-" "-"
65.52.111.213 - - [16/Apr/2012:13:44:36 -0700] "-" 400 0 "-" "-"
85.17.88.169 - - [16/Apr/2012:13:44:37 -0700] "POST /blog/wp-cron.php?doing_wp_cron=1334608705 HTTP/1.0" 499 0 "-" "WordPress/3.3.1; http://yuvi.in/blog"
201.13.255.59 - - [16/Apr/2012:13:44:38 -0700] "GET /blog/wp-content/themes/cleanr/includes/timthumb/thumb.php HTTP/1.1" 404 12307 "-" "Mozilla/5.0 (Windows NT 6.1) AppleWebKit/534.30 (KHTML, like Gecko) Chrome/12.0.742.122 Safari/534.30"
85.17.88.169 - - [16/Apr/2012:13:44:40 -0700] "POST /blog/wp-cron.php?doing_wp_cron=1334608708 HTTP/1.0" 499 0 "-" "WordPress/3.3.1; http://yuvi.in/blog"
201.13.255.59 - - [16/Apr/2012:13:44:41 -0700] "GET /blog/wp-content/themes/cleanr/includes/timthumb/timthumb.php HTTP/1.1" 404 12307 "-" "Mozilla/5.0 (Windows NT 6.1) AppleWebKit/534.30 (KHTML, like Gecko) Chrome/12.0.742.122 Safari/534.30"
85.17.88.169 - - [16/Apr/2012:13:44:43 -0700] "POST /blog/wp-cron.php?doing_wp_cron=1334608711 HTTP/1.0" 499 0 "-" "WordPress/3.3.1; http://yuvi.in/blog"
201.13.255.59 - - [16/Apr/2012:13:44:44 -0700] "GET /blog/wp-content/themes/cleanr/js/thumb.php HTTP/1.1" 404 12307 "-" "Mozilla/5.0 (Windows NT 6.1) AppleWebKit/534.30 (KHTML, like Gecko) Chrome/12.0.742.122 Safari/534.30"
85.17.88.169 - - [16/Apr/2012:13:44:44 -0700] "POST /blog/wp-cron.php?doing_wp_cron=1334608712 HTTP/1.0" 499 0 "-" "WordPress/3.3.1; http://yuvi.in/blog"
209.85.238.182 - - [16/Apr/2012:13:44:44 -0700] "GET /blog/feed HTTP/1.1" 301 0 "-" "Feedfetcher-Google; (+http://www.google.com/feedfetcher.html; 3 subscribers; feed-id=17684830852112633560)"
85.17.88.169 - - [16/Apr/2012:13:44:46 -0700] "POST /blog/wp-cron.php?doing_wp_cron=1334608714 HTTP/1.0" 499 0 "-" "WordPress/3.3.1; http://yuvi.in/blog"
85.17.88.169 - - [16/Apr/2012:13:44:46 -0700] "POST /blog/wp-cron.php?doing_wp_cron=1334608714 HTTP/1.0" 499 0 "-" "WordPress/3.3.1; http://yuvi.in/blog"
201.13.255.59 - - [16/Apr/2012:13:44:47 -0700] "GET /blog/wp-content/themes/cleanr/js/timthumb.php HTTP/1.1" 404 12307 "-" "Mozilla/5.0 (Windows NT 6.1) AppleWebKit/534.30 (KHTML, like Gecko) Chrome/12.0.742.122 Safari/534.30"
85.17.88.169 - - [16/Apr/2012:13:44:49 -0700] "POST /blog/wp-cron.php?doing_wp_cron=1334608717 HTTP/1.0" 499 0 "-" "WordPress/3.3.1; http://yuvi.in/blog"
201.13.255.59 - - [16/Apr/2012:13:44:50 -0700] "GET /blog/wp-content/themes/cleanr/layouts/thumb.php HTTP/1.1" 404 12307 "-" "Mozilla/5.0 (Windows NT 6.1) AppleWebKit/534.30 (KHTML, like Gecko) Chrome/12.0.742.122 Safari/534.30"
85.17.88.169 - - [16/Apr/2012:13:44:52 -0700] "POST /blog/wp-cron.php?doing_wp_cron=1334608720 HTTP/1.0" 499 0 "-" "WordPress/3.3.1; http://yuvi.in/blog"
201.13.255.59 - - [16/Apr/2012:13:44:53 -0700] "GET /blog/wp-content/themes/cleanr/layouts/timthumb.php HTTP/1.1" 404 12307 "-" "Mozilla/5.0 (Windows NT 6.1) AppleWebKit/534.30 (KHTML, like Gecko) Chrome/12.0.742.122 Safari/534.30"
85.17.88.169 - - [16/Apr/2012:13:44:55 -0700] "POST /blog/wp-cron.php?doing_wp_cron=1334608723 HTTP/1.0" 499 0 "-" "WordPress/3.3.1; http://yuvi.in/blog"
201.13.255.59 - - [16/Apr/2012:13:44:56 -0700] "GET /blog/wp-content/themes/cleanr/lib/rt-thumb.php HTTP/1.1" 404 12300 "-" "Mozilla/5.0 (Windows NT 6.1) AppleWebKit/534.30 (KHTML, like Gecko) Chrome/12.0.742.122 Safari/534.30"
209.85.238.182 - - [16/Apr/2012:13:44:56 -0700] "GET /blog/feed/ HTTP/1.1" 304 0 "-" "Feedfetcher-Google; (+http://www.google.com/feedfetcher.html; 3 subscribers; feed-id=17684830852112633560)"
85.17.88.169 - - [16/Apr/2012:13:44:58 -0700] "POST /blog/wp-cron.php?doing_wp_cron=1334608726 HTTP/1.0" 499 0 "-" "WordPress/3.3.1; http://yuvi.in/blog"
201.13.255.59 - - [16/Apr/2012:13:44:59 -0700] "GET /blog/wp-content/themes/cleanr/lib/rt-timthumb.php HTTP/1.1" 404 12307 "-" "Mozilla/5.0 (Windows NT 6.1) AppleWebKit/534.30 (KHTML, like Gecko) Chrome/12.0.742.122 Safari/534.30"
85.17.88.169 - - [16/Apr/2012:13:45:01 -0700] "POST /blog/wp-cron.php?doing_wp_cron=1334608729 HTTP/1.0" 499 0 "-" "WordPress/3.3.1; http://yuvi.in/blog"
201.13.255.59 - - [16/Apr/2012:13:45:01 -0700] "GET /blog/wp-content/themes/cleanr/lib/thumb.php HTTP/1.1" 404 12307 "-" "Mozilla/5.0 (Windows NT 6.1) AppleWebKit/534.30 (KHTML, like Gecko) Chrome/12.0.742.122 Safari/534.30"
85.17.88.169 - - [16/Apr/2012:13:45:04 -0700] "POST /blog/wp-cron.php?doing_wp_cron=1334608732 HTTP/1.0" 499 0 "-" "WordPress/3.3.1; http://yuvi.in/blog"
201.13.255.59 - - [16/Apr/2012:13:45:04 -0700] "GET /blog/wp-content/themes/cleanr/lib/timthumb.php HTTP/1.1" 404 12307 "-" "Mozilla/5.0 (Windows NT 6.1) AppleWebKit/534.30 (KHTML, like Gecko) Chrome/12.0.742.122 Safari/534.30"
85.17.88.169 - - [16/Apr/2012:13:45:07 -0700] "POST /blog/wp-cron.php?doing_wp_cron=1334608735 HTTP/1.0" 499 0 "-" "WordPress/3.3.1; http://yuvi.in/blog"
201.13.255.59 - - [16/Apr/2012:13:45:07 -0700] "GET /blog/wp-content/themes/cleanr/library/thumb.php HTTP/1.1" 404 12307 "-" "Mozilla/5.0 (Windows NT 6.1) AppleWebKit/534.30 (KHTML, like Gecko) Chrome/12.0.742.122 Safari/534.30"
85.17.88.169 - - [16/Apr/2012:13:45:10 -0700] "POST /blog/wp-cron.php?doing_wp_cron=1334608738 HTTP/1.0" 499 0 "-" "WordPress/3.3.1; http://yuvi.in/blog"
201.13.255.59 - - [16/Apr/2012:13:45:10 -0700] "GET /blog/wp-content/themes/cleanr/library/timthumb.php HTTP/1.1" 404 12307 "-" "Mozilla/5.0 (Windows NT 6.1) AppleWebKit/534.30 (KHTML, like Gecko) Chrome/12.0.742.122 Safari/534.30"
85.17.88.169 - - [16/Apr/2012:13:45:13 -0700] "POST /blog/wp-cron.php?doing_wp_cron=1334608741 HTTP/1.0" 499 0 "-" "WordPress/3.3.1; http://yuvi.in/blog"
201.13.255.59 - - [16/Apr/2012:13:45:13 -0700] "GET /blog/wp-content/themes/cleanr/libs/thumb.php HTTP/1.1" 404 12307 "-" "Mozilla/5.0 (Windows NT 6.1) AppleWebKit/534.30 (KHTML, like Gecko) Chrome/12.0.742.122 Safari/534.30"
85.17.88.169 - - [16/Apr/2012:13:45:16 -0700] "POST /blog/wp-cron.php?doing_wp_cron=1334608744 HTTP/1.0" 499 0 "-" "WordPress/3.3.1; http://yuvi.in/blog"
201.13.255.59 - - [16/Apr/2012:13:45:16 -0700] "GET /blog/wp-content/themes/cleanr/libs/timthumb.php HTTP/1.1" 404 12307 "-" "Mozilla/5.0 (Windows NT 6.1) AppleWebKit/534.30 (KHTML, like Gecko) Chrome/12.0.742.122 Safari/534.30"
85.17.88.169 - - [16/Apr/2012:13:45:19 -0700] "POST /blog/wp-cron.php?doing_wp_cron=1334608747 HTTP/1.0" 499 0 "-" "WordPress/3.3.1; http://yuvi.in/blog"
201.13.255.59 - - [16/Apr/2012:13:45:19 -0700] "GET /blog/wp-content/themes/cleanr/modules/thumb.php HTTP/1.1" 404 12307 "-" "Mozilla/5.0 (Windows NT 6.1) AppleWebKit/534.30 (KHTML, like Gecko) Chrome/12.0.742.122 Safari/534.30"
201.13.255.59 - - [16/Apr/2012:13:45:21 -0700] "GET /blog/wp-content/themes/cleanr/modules/timthumb.php HTTP/1.1" 404 12307 "-" "Mozilla/5.0 (Windows NT 6.1) AppleWebKit/534.30 (KHTML, like Gecko) Chrome/12.0.742.122 Safari/534.30"
201.13.255.59 - - [16/Apr/2012:13:45:23 -0700] "GET /blog/wp-content/themes/cleanr/options/thumb.php HTTP/1.1" 404 12307 "-" "Mozilla/5.0 (Windows NT 6.1) AppleWebKit/534.30 (KHTML, like Gecko) Chrome/12.0.742.122 Safari/534.30"
201.13.255.59 - - [16/Apr/2012:13:45:25 -0700] "GET /blog/wp-content/themes/cleanr/options/timthumb.php HTTP/1.1" 404 12307 "-" "Mozilla/5.0 (Windows NT 6.1) AppleWebKit/534.30 (KHTML, like Gecko) Chrome/12.0.742.122 Safari/534.30"
201.13.255.59 - - [16/Apr/2012:13:45:26 -0700] "GET /blog/wp-content/themes/cleanr/php/thumb.php HTTP/1.1" 404 12300 "-" "Mozilla/5.0 (Windows NT 6.1) AppleWebKit/534.30 (KHTML, like Gecko) Chrome/12.0.742.122 Safari/534.30"
201.13.255.59 - - [16/Apr/2012:13:45:28 -0700] "GET /blog/wp-content/themes/cleanr/php/timthumb.php HTTP/1.1" 404 12300 "-" "Mozilla/5.0 (Windows NT 6.1) AppleWebKit/534.30 (KHTML, like Gecko) Chrome/12.0.742.122 Safari/534.30"
201.13.255.59 - - [16/Apr/2012:13:45:30 -0700] "GET /blog/wp-content/themes/cleanr/scripts/thumb.php HTTP/1.1" 404 12307 "-" "Mozilla/5.0 (Windows NT 6.1) AppleWebKit/534.30 (KHTML, like Gecko) Chrome/12.0.742.122 Safari/534.30"
201.13.255.59 - - [16/Apr/2012:13:45:32 -0700] "GET /blog/wp-content/themes/cleanr/scripts/timthumb.php HTTP/1.1" 404 12307 "-" "Mozilla/5.0 (Windows NT 6.1) AppleWebKit/534.30 (KHTML, like Gecko) Chrome/12.0.742.122 Safari/534.30"
201.13.255.59 - - [16/Apr/2012:13:45:34 -0700] "GET /blog/wp-content/themes/cleanr/thumb.php HTTP/1.1" 404 12300 "-" "Mozilla/5.0 (Windows NT 6.1) AppleWebKit/534.30 (KHTML, like Gecko) Chrome/12.0.742.122 Safari/534.30"
201.13.255.59 - - [16/Apr/2012:13:45:36 -0700] "GET /blog/wp-content/themes/cleanr/thumb/thumb.php HTTP/1.1" 404 12307 "-" "Mozilla/5.0 (Windows NT 6.1) AppleWebKit/534.30 (KHTML, like Gecko) Chrome/12.0.742.122 Safari/534.30"
201.13.255.59 - - [16/Apr/2012:13:45:37 -0700] "GET /blog/wp-content/themes/cleanr/thumb/timthumb.php HTTP/1.1" 404 12300 "-" "Mozilla/5.0 (Windows NT 6.1) AppleWebKit/534.30 (KHTML, like Gecko) Chrome/12.0.742.122 Safari/534.30"
201.13.255.59 - - [16/Apr/2012:13:45:39 -0700] "GET /blog/wp-content/themes/cleanr/timthumb.php HTTP/1.1" 404 12307 "-" "Mozilla/5.0 (Windows NT 6.1) AppleWebKit/534.30 (KHTML, like Gecko) Chrome/12.0.742.122 Safari/534.30"
201.13.255.59 - - [16/Apr/2012:13:45:41 -0700] "GET /blog/wp-content/themes/cleanr/timthumb/thumb.php HTTP/1.1" 404 12307 "-" "Mozilla/5.0 (Windows NT 6.1) AppleWebKit/534.30 (KHTML, like Gecko) Chrome/12.0.742.122 Safari/534.30"
201.13.255.59 - - [16/Apr/2012:13:45:43 -0700] "GET /blog/wp-content/themes/cleanr/timthumb/timthumb.php HTTP/1.1" 404 12307 "-" "Mozilla/5.0 (Windows NT 6.1) AppleWebKit/534.30 (KHTML, like Gecko) Chrome/12.0.742.122 Safari/534.30"
201.13.255.59 - - [16/Apr/2012:13:45:45 -0700] "GET /blog/wp-content/themes/cleanr/tools/thumb.php HTTP/1.1" 404 12307 "-" "Mozilla/5.0 (Windows NT 6.1) AppleWebKit/534.30 (KHTML, like Gecko) Chrome/12.0.742.122 Safari/534.30"
201.13.255.59 - - [16/Apr/2012:13:45:47 -0700] "GET /blog/wp-content/themes/cleanr/tools/timthumb.php HTTP/1.1" 404 12307 "-" "Mozilla/5.0 (Windows NT 6.1) AppleWebKit/534.30 (KHTML, like Gecko) Chrome/12.0.742.122 Safari/534.30"
201.13.255.59 - - [16/Apr/2012:13:45:49 -0700] "GET /blog/wp-content/themes/cleanr/tools/timthumb/thumb.php HTTP/1.1" 404 12307 "-" "Mozilla/5.0 (Windows NT 6.1) AppleWebKit/534.30 (KHTML, like Gecko) Chrome/12.0.742.122 Safari/534.30"
201.13.255.59 - - [16/Apr/2012:13:45:50 -0700] "GET /blog/wp-content/themes/cleanr/tools/timthumb/timthumb.php HTTP/1.1" 404 12307 "-" "Mozilla/5.0 (Windows NT 6.1) AppleWebKit/534.30 (KHTML, like Gecko) Chrome/12.0.742.122 Safari/534.30"
201.13.255.59 - - [16/Apr/2012:13:45:52 -0700] "GET /blog/wp-content/themes/cleanr/ttplugin/thumb.php HTTP/1.1" 404 12307 "-" "Mozilla/5.0 (Windows NT 6.1) AppleWebKit/534.30 (KHTML, like Gecko) Chrome/12.0.742.122 Safari/534.30"
201.13.255.59 - - [16/Apr/2012:13:45:54 -0700] "GET /blog/wp-content/themes/cleanr/ttplugin/timthumb.php HTTP/1.1" 404 12307 "-" "Mozilla/5.0 (Windows NT 6.1) AppleWebKit/534.30 (KHTML, like Gecko) Chrome/12.0.742.122 Safari/534.30"
201.13.255.59 - - [16/Apr/2012:13:45:56 -0700] "GET /blog/wp-content/themes/cleanr/upload.php HTTP/1.1" 404 12307 "-" "Mozilla/5.0 (Windows NT 6.1) AppleWebKit/534.30 (KHTML, like Gecko) Chrome/12.0.742.122 Safari/534.30"
201.13.255.59 - - [16/Apr/2012:13:45:58 -0700] "GET /blog/wp-content/themes/cleanr/uploadify.php HTTP/1.1" 404 12300 "-" "Mozilla/5.0 (Windows NT 6.1) AppleWebKit/534.30 (KHTML, like Gecko) Chrome/12.0.742.122 Safari/534.30"
208.115.111.68 - - [16/Apr/2012:13:48:49 -0700] "GET /blog/tag/fun.html HTTP/1.1" 200 5136 "-" "Mozilla/5.0 (compatible; Ezooms/1.0; ezooms.bot@gmail.com)"
208.115.111.68 - - [16/Apr/2012:13:48:57 -0700] "GET /blog/cheese-gsoc-report-week-8.html HTTP/1.1" 200 6324 "-" "Mozilla/5.0 (compatible; Ezooms/1.0; ezooms.bot@gmail.com)"
85.17.88.169 - - [16/Apr/2012:13:49:01 -0700] "POST /blog/wp-cron.php?doing_wp_cron=1334608969 HTTP/1.0" 499 0 "-" "WordPress/3.3.1; http://yuvi.in/blog"
208.115.111.68 - - [16/Apr/2012:13:49:01 -0700] "GET /blog/category/personal/page/4/ HTTP/1.1" 200 34218 "-" "Mozilla/5.0 (compatible; Ezooms/1.0; ezooms.bot@gmail.com)"
180.76.5.177 - - [16/Apr/2012:13:49:09 -0700] "GET / HTTP/1.1" 200 3439 "-" "Mozilla/5.0 (compatible; Baiduspider/2.0; +http://www.baidu.com/search/spider.html)"
157.56.92.141 - - [16/Apr/2012:13:53:16 -0700] "-" 400 0 "-" "-"
85.17.88.169 - - [16/Apr/2012:13:53:35 -0700] "POST /blog/wp-cron.php?doing_wp_cron=1334609243 HTTP/1.0" 499 0 "-" "WordPress/3.3.1; http://yuvi.in/blog"
220.181.108.157 - - [16/Apr/2012:13:53:36 -0700] "GET /blog/feed/atom/ HTTP/1.1" 200 24093 "-" "Mozilla/5.0 (compatible; Baiduspider/2.0; +http://www.baidu.com/search/spider.html)"
176.45.176.33 - - [16/Apr/2012:13:57:54 -0700] "GET /r/ic2 HTTP/1.1" 301 255 "http://www.facebook.com/l.php?u=http%3A%2F%2Ftawp.in%2Fr%2Fic2&h=aAQEBXZygAQHiOmO7xBHuYB69XmkWBkHMY6zmMyx3Ryc_aw" "Mozilla/5.0 (Windows NT 6.1; WOW64) AppleWebKit/535.19 (KHTML, like Gecko) Chrome/18.0.1025.152 Safari/535.19"
176.45.176.33 - - [16/Apr/2012:13:57:54 -0700] "GET /s/ta/ic2/ HTTP/1.1" 302 337 "http://www.facebook.com/l.php?u=http%3A%2F%2Ftawp.in%2Fr%2Fic2&h=aAQEBXZygAQHiOmO7xBHuYB69XmkWBkHMY6zmMyx3Ryc_aw" "Mozilla/5.0 (Windows NT 6.1; WOW64) AppleWebKit/535.19 (KHTML, like Gecko) Chrome/18.0.1025.152 Safari/535.19"
176.45.176.33 - - [16/Apr/2012:13:58:05 -0700] "-" 400 0 "-" "-"
207.46.199.22 - - [16/Apr/2012:13:58:40 -0700] "-" 400 0 "-" "-"
207.46.199.22 - - [16/Apr/2012:13:58:40 -0700] "-" 400 0 "-" "-"
207.46.199.22 - - [16/Apr/2012:13:58:40 -0700] "-" 400 0 "-" "-"
207.46.199.22 - - [16/Apr/2012:13:58:40 -0700] "-" 400 0 "-" "-"
207.46.199.22 - - [16/Apr/2012:13:58:40 -0700] "-" 400 0 "-" "-"
207.46.199.22 - - [16/Apr/2012:13:58:40 -0700] "-" 400 0 "-" "-"
207.46.199.22 - - [16/Apr/2012:13:58:40 -0700] "-" 400 0 "-" "-"
207.46.199.22 - - [16/Apr/2012:13:58:41 -0700] "-" 400 0 "-" "-"
207.46.199.22 - - [16/Apr/2012:13:58:41 -0700] "-" 400 0 "-" "-"
207.46.199.22 - - [16/Apr/2012:13:58:41 -0700] "-" 400 0 "-" "-"
85.17.88.169 - - [16/Apr/2012:14:04:46 -0700] "POST /blog/wp-cron.php?doing_wp_cron=1334609913 HTTP/1.0" 499 0 "-" "WordPress/3.3.1; http://yuvi.in/blog"
46.105.253.61 - - [16/Apr/2012:14:04:46 -0700] "GET /blog/category/devlog/ HTTP/1.1" 200 43290 "http://www.google.com/search?q=Powered+by+Article+Dashboard+blank+page+on+google+results+can+anyone+help+me+fix+it&hl=en&prmd=imvns&ei=7oeMT9avFemd0QXR9bXPCQ&start=100&sa=N" "Mozilla/5.0 (X11; U; Linux i686; en-US; rv:1.9.1.5) Gecko/20091109 Ubuntu/9.10 (karmic) Firefox/3.5.5"
85.17.88.169 - - [16/Apr/2012:14:05:43 -0700] "POST /blog/wp-cron.php?doing_wp_cron=1334609971 HTTP/1.0" 499 0 "-" "WordPress/3.3.1; http://yuvi.in/blog"
189.121.68.248 - - [16/Apr/2012:14:05:43 -0700] "GET /blog/learnt-reading-javascript-good-parts/ HTTP/1.1" 200 19656 "-" "-"
85.17.88.169 - - [16/Apr/2012:14:05:46 -0700] "POST /blog/wp-cron.php?doing_wp_cron=1334609974 HTTP/1.0" 499 0 "-" "WordPress/3.3.1; http://yuvi.in/blog"
189.121.68.248 - - [16/Apr/2012:14:05:47 -0700] "GET /blog/wp-content/themes/cleanr/assets/js/thumb.php HTTP/1.1" 404 12307 "-" "Mozilla/5.0 (Windows NT 6.1) AppleWebKit/534.30 (KHTML, like Gecko) Chrome/12.0.742.122 Safari/534.30"
85.17.88.169 - - [16/Apr/2012:14:05:49 -0700] "POST /blog/wp-cron.php?doing_wp_cron=1334609977 HTTP/1.0" 499 0 "-" "WordPress/3.3.1; http://yuvi.in/blog"
189.121.68.248 - - [16/Apr/2012:14:05:50 -0700] "GET /blog/wp-content/themes/cleanr/assets/js/timthumb.php HTTP/1.1" 404 12307 "-" "Mozilla/5.0 (Windows NT 6.1) AppleWebKit/534.30 (KHTML, like Gecko) Chrome/12.0.742.122 Safari/534.30"
85.17.88.169 - - [16/Apr/2012:14:05:52 -0700] "POST /blog/wp-cron.php?doing_wp_cron=1334609980 HTTP/1.0" 499 0 "-" "WordPress/3.3.1; http://yuvi.in/blog"
189.121.68.248 - - [16/Apr/2012:14:05:53 -0700] "GET /blog/wp-content/themes/cleanr/classes/thumb.php HTTP/1.1" 404 12307 "-" "Mozilla/5.0 (Windows NT 6.1) AppleWebKit/534.30 (KHTML, like Gecko) Chrome/12.0.742.122 Safari/534.30"
85.17.88.169 - - [16/Apr/2012:14:05:56 -0700] "POST /blog/wp-cron.php?doing_wp_cron=1334609983 HTTP/1.0" 499 0 "-" "WordPress/3.3.1; http://yuvi.in/blog"
189.121.68.248 - - [16/Apr/2012:14:05:56 -0700] "GET /blog/wp-content/themes/cleanr/classes/timthumb.php HTTP/1.1" 404 12307 "-" "Mozilla/5.0 (Windows NT 6.1) AppleWebKit/534.30 (KHTML, like Gecko) Chrome/12.0.742.122 Safari/534.30"
85.17.88.169 - - [16/Apr/2012:14:05:58 -0700] "POST /blog/wp-cron.php?doing_wp_cron=1334609986 HTTP/1.0" 499 0 "-" "WordPress/3.3.1; http://yuvi.in/blog"
189.121.68.248 - - [16/Apr/2012:14:05:59 -0700] "GET /blog/wp-content/themes/cleanr/core/libs/thumb.php HTTP/1.1" 404 12307 "-" "Mozilla/5.0 (Windows NT 6.1) AppleWebKit/534.30 (KHTML, like Gecko) Chrome/12.0.742.122 Safari/534.30"
85.17.88.169 - - [16/Apr/2012:14:06:01 -0700] "POST /blog/wp-cron.php?doing_wp_cron=1334609989 HTTP/1.0" 499 0 "-" "WordPress/3.3.1; http://yuvi.in/blog"
189.121.68.248 - - [16/Apr/2012:14:06:02 -0700] "GET /blog/wp-content/themes/cleanr/core/libs/thumbnails/thumb.php HTTP/1.1" 404 12307 "-" "Mozilla/5.0 (Windows NT 6.1) AppleWebKit/534.30 (KHTML, like Gecko) Chrome/12.0.742.122 Safari/534.30"
85.17.88.169 - - [16/Apr/2012:14:06:04 -0700] "POST /blog/wp-cron.php?doing_wp_cron=1334609992 HTTP/1.0" 499 0 "-" "WordPress/3.3.1; http://yuvi.in/blog"
189.121.68.248 - - [16/Apr/2012:14:06:05 -0700] "GET /blog/wp-content/themes/cleanr/core/libs/thumbnails/timthumb.php HTTP/1.1" 404 12307 "-" "Mozilla/5.0 (Windows NT 6.1) AppleWebKit/534.30 (KHTML, like Gecko) Chrome/12.0.742.122 Safari/534.30"
85.17.88.169 - - [16/Apr/2012:14:06:07 -0700] "POST /blog/wp-cron.php?doing_wp_cron=1334609995 HTTP/1.0" 499 0 "-" "WordPress/3.3.1; http://yuvi.in/blog"
189.121.68.248 - - [16/Apr/2012:14:06:08 -0700] "GET /blog/wp-content/themes/cleanr/core/libs/timthumb.php HTTP/1.1" 404 12300 "-" "Mozilla/5.0 (Windows NT 6.1) AppleWebKit/534.30 (KHTML, like Gecko) Chrome/12.0.742.122 Safari/534.30"
85.17.88.169 - - [16/Apr/2012:14:06:10 -0700] "POST /blog/wp-cron.php?doing_wp_cron=1334609998 HTTP/1.0" 499 0 "-" "WordPress/3.3.1; http://yuvi.in/blog"
189.121.68.248 - - [16/Apr/2012:14:06:11 -0700] "GET /blog/wp-content/themes/cleanr/core/thumb.php HTTP/1.1" 404 12307 "-" "Mozilla/5.0 (Windows NT 6.1) AppleWebKit/534.30 (KHTML, like Gecko) Chrome/12.0.742.122 Safari/534.30"
85.17.88.169 - - [16/Apr/2012:14:06:13 -0700] "POST /blog/wp-cron.php?doing_wp_cron=1334610001 HTTP/1.0" 499 0 "-" "WordPress/3.3.1; http://yuvi.in/blog"
189.121.68.248 - - [16/Apr/2012:14:06:14 -0700] "GET /blog/wp-content/themes/cleanr/core/timthumb.php HTTP/1.1" 404 12300 "-" "Mozilla/5.0 (Windows NT 6.1) AppleWebKit/534.30 (KHTML, like Gecko) Chrome/12.0.742.122 Safari/534.30"
85.17.88.169 - - [16/Apr/2012:14:06:16 -0700] "POST /blog/wp-cron.php?doing_wp_cron=1334610004 HTTP/1.0" 499 0 "-" "WordPress/3.3.1; http://yuvi.in/blog"
189.121.68.248 - - [16/Apr/2012:14:06:17 -0700] "GET /blog/wp-content/themes/cleanr/cores/thumbnails/thumb.php HTTP/1.1" 404 12300 "-" "Mozilla/5.0 (Windows NT 6.1) AppleWebKit/534.30 (KHTML, like Gecko) Chrome/12.0.742.122 Safari/534.30"
85.17.88.169 - - [16/Apr/2012:14:06:19 -0700] "POST /blog/wp-cron.php?doing_wp_cron=1334610007 HTTP/1.0" 499 0 "-" "WordPress/3.3.1; http://yuvi.in/blog"
189.121.68.248 - - [16/Apr/2012:14:06:19 -0700] "GET /blog/wp-content/themes/cleanr/cores/thumbnails/timthumb.php HTTP/1.1" 404 12307 "-" "Mozilla/5.0 (Windows NT 6.1) AppleWebKit/534.30 (KHTML, like Gecko) Chrome/12.0.742.122 Safari/534.30"
85.17.88.169 - - [16/Apr/2012:14:06:22 -0700] "POST /blog/wp-cron.php?doing_wp_cron=1334610010 HTTP/1.0" 499 0 "-" "WordPress/3.3.1; http://yuvi.in/blog"
189.121.68.248 - - [16/Apr/2012:14:06:22 -0700] "GET /blog/wp-content/themes/cleanr/extensions/auto-thumb/thumb.php HTTP/1.1" 404 12300 "-" "Mozilla/5.0 (Windows NT 6.1) AppleWebKit/534.30 (KHTML, like Gecko) Chrome/12.0.742.122 Safari/534.30"
85.17.88.169 - - [16/Apr/2012:14:06:25 -0700] "POST /blog/wp-cron.php?doing_wp_cron=1334610013 HTTP/1.0" 499 0 "-" "WordPress/3.3.1; http://yuvi.in/blog"
189.121.68.248 - - [16/Apr/2012:14:06:25 -0700] "GET /blog/wp-content/themes/cleanr/extensions/auto-thumb/timthumb.php HTTP/1.1" 404 12307 "-" "Mozilla/5.0 (Windows NT 6.1) AppleWebKit/534.30 (KHTML, like Gecko) Chrome/12.0.742.122 Safari/534.30"
85.17.88.169 - - [16/Apr/2012:14:06:28 -0700] "POST /blog/wp-cron.php?doing_wp_cron=1334610016 HTTP/1.0" 499 0 "-" "WordPress/3.3.1; http://yuvi.in/blog"
189.121.68.248 - - [16/Apr/2012:14:06:28 -0700] "GET /blog/wp-content/themes/cleanr/extensions/thumb.php HTTP/1.1" 404 12307 "-" "Mozilla/5.0 (Windows NT 6.1) AppleWebKit/534.30 (KHTML, like Gecko) Chrome/12.0.742.122 Safari/534.30"
85.17.88.169 - - [16/Apr/2012:14:06:31 -0700] "POST /blog/wp-cron.php?doing_wp_cron=1334610019 HTTP/1.0" 499 0 "-" "WordPress/3.3.1; http://yuvi.in/blog"
189.121.68.248 - - [16/Apr/2012:14:06:31 -0700] "GET /blog/wp-content/themes/cleanr/extensions/timthumb.php HTTP/1.1" 404 12307 "-" "Mozilla/5.0 (Windows NT 6.1) AppleWebKit/534.30 (KHTML, like Gecko) Chrome/12.0.742.122 Safari/534.30"
85.17.88.169 - - [16/Apr/2012:14:06:34 -0700] "POST /blog/wp-cron.php?doing_wp_cron=1334610021 HTTP/1.0" 499 0 "-" "WordPress/3.3.1; http://yuvi.in/blog"
189.121.68.248 - - [16/Apr/2012:14:06:34 -0700] "GET /blog/wp-content/themes/cleanr/functions/thumb.php HTTP/1.1" 404 12300 "-" "Mozilla/5.0 (Windows NT 6.1) AppleWebKit/534.30 (KHTML, like Gecko) Chrome/12.0.742.122 Safari/534.30"
85.17.88.169 - - [16/Apr/2012:14:06:37 -0700] "POST /blog/wp-cron.php?doing_wp_cron=1334610025 HTTP/1.0" 499 0 "-" "WordPress/3.3.1; http://yuvi.in/blog"
189.121.68.248 - - [16/Apr/2012:14:06:37 -0700] "GET /blog/wp-content/themes/cleanr/functions/timthumb.php HTTP/1.1" 404 12307 "-" "Mozilla/5.0 (Windows NT 6.1) AppleWebKit/534.30 (KHTML, like Gecko) Chrome/12.0.742.122 Safari/534.30"
85.17.88.169 - - [16/Apr/2012:14:06:40 -0700] "POST /blog/wp-cron.php?doing_wp_cron=1334610028 HTTP/1.0" 499 0 "-" "WordPress/3.3.1; http://yuvi.in/blog"
189.121.68.248 - - [16/Apr/2012:14:06:40 -0700] "GET /blog/wp-content/themes/cleanr/images/thumb.php HTTP/1.1" 404 12307 "-" "Mozilla/5.0 (Windows NT 6.1) AppleWebKit/534.30 (KHTML, like Gecko) Chrome/12.0.742.122 Safari/534.30"
85.17.88.169 - - [16/Apr/2012:14:06:44 -0700] "POST /blog/wp-cron.php?doing_wp_cron=1334610032 HTTP/1.0" 200 0 "-" "WordPress/3.3.1; http://yuvi.in/blog"
189.121.68.248 - - [16/Apr/2012:14:06:45 -0700] "GET /blog/wp-content/themes/cleanr/images/timthumb.php HTTP/1.1" 404 12307 "-" "Mozilla/5.0 (Windows NT 6.1) AppleWebKit/534.30 (KHTML, like Gecko) Chrome/12.0.742.122 Safari/534.30"
85.17.88.169 - - [16/Apr/2012:14:06:49 -0700] "POST /blog/wp-cron.php?doing_wp_cron=1334610037 HTTP/1.0" 499 0 "-" "WordPress/3.3.1; http://yuvi.in/blog"
189.121.68.248 - - [16/Apr/2012:14:06:49 -0700] "GET /blog/wp-content/themes/cleanr/inc/classes/thumb.php HTTP/1.1" 404 12307 "-" "Mozilla/5.0 (Windows NT 6.1) AppleWebKit/534.30 (KHTML, like Gecko) Chrome/12.0.742.122 Safari/534.30"
85.17.88.169 - - [16/Apr/2012:14:06:52 -0700] "POST /blog/wp-cron.php?doing_wp_cron=1334610040 HTTP/1.0" 499 0 "-" "WordPress/3.3.1; http://yuvi.in/blog"
189.121.68.248 - - [16/Apr/2012:14:06:52 -0700] "GET /blog/wp-content/themes/cleanr/inc/classes/timthumb.php HTTP/1.1" 404 12307 "-" "Mozilla/5.0 (Windows NT 6.1) AppleWebKit/534.30 (KHTML, like Gecko) Chrome/12.0.742.122 Safari/534.30"
85.17.88.169 - - [16/Apr/2012:14:06:55 -0700] "POST /blog/wp-cron.php?doing_wp_cron=1334610043 HTTP/1.0" 499 0 "-" "WordPress/3.3.1; http://yuvi.in/blog"
189.121.68.248 - - [16/Apr/2012:14:06:55 -0700] "GET /blog/wp-content/themes/cleanr/inc/thumb.php HTTP/1.1" 404 12307 "-" "Mozilla/5.0 (Windows NT 6.1) AppleWebKit/534.30 (KHTML, like Gecko) Chrome/12.0.742.122 Safari/534.30"
85.17.88.169 - - [16/Apr/2012:14:06:58 -0700] "POST /blog/wp-cron.php?doing_wp_cron=1334610046 HTTP/1.0" 499 0 "-" "WordPress/3.3.1; http://yuvi.in/blog"
189.121.68.248 - - [16/Apr/2012:14:07:03 -0700] "GET /blog/wp-content/themes/cleanr/inc/timthumb.php HTTP/1.1" 404 12307 "-" "Mozilla/5.0 (Windows NT 6.1) AppleWebKit/534.30 (KHTML, like Gecko) Chrome/12.0.742.122 Safari/534.30"
85.17.88.169 - - [16/Apr/2012:14:07:06 -0700] "POST /blog/wp-cron.php?doing_wp_cron=1334610054 HTTP/1.0" 499 0 "-" "WordPress/3.3.1; http://yuvi.in/blog"
189.121.68.248 - - [16/Apr/2012:14:07:06 -0700] "GET /blog/wp-content/themes/cleanr/inc/upload.php HTTP/1.1" 404 12300 "-" "Mozilla/5.0 (Windows NT 6.1) AppleWebKit/534.30 (KHTML, like Gecko) Chrome/12.0.742.122 Safari/534.30"
85.17.88.169 - - [16/Apr/2012:14:07:09 -0700] "POST /blog/wp-cron.php?doing_wp_cron=1334610057 HTTP/1.0" 499 0 "-" "WordPress/3.3.1; http://yuvi.in/blog"
189.121.68.248 - - [16/Apr/2012:14:07:09 -0700] "GET /blog/wp-content/themes/cleanr/include/thumb.php HTTP/1.1" 404 12307 "-" "Mozilla/5.0 (Windows NT 6.1) AppleWebKit/534.30 (KHTML, like Gecko) Chrome/12.0.742.122 Safari/534.30"
85.17.88.169 - - [16/Apr/2012:14:07:12 -0700] "POST /blog/wp-cron.php?doing_wp_cron=1334610060 HTTP/1.0" 499 0 "-" "WordPress/3.3.1; http://yuvi.in/blog"
189.121.68.248 - - [16/Apr/2012:14:07:12 -0700] "GET /blog/wp-content/themes/cleanr/include/timthumb.php HTTP/1.1" 404 12307 "-" "Mozilla/5.0 (Windows NT 6.1) AppleWebKit/534.30 (KHTML, like Gecko) Chrome/12.0.742.122 Safari/534.30"
85.17.88.169 - - [16/Apr/2012:14:07:15 -0700] "POST /blog/wp-cron.php?doing_wp_cron=1334610063 HTTP/1.0" 499 0 "-" "WordPress/3.3.1; http://yuvi.in/blog"
189.121.68.248 - - [16/Apr/2012:14:07:19 -0700] "GET /blog/wp-content/themes/cleanr/includes/functions/thumb.php HTTP/1.1" 404 12307 "-" "Mozilla/5.0 (Windows NT 6.1) AppleWebKit/534.30 (KHTML, like Gecko) Chrome/12.0.742.122 Safari/534.30"
85.17.88.169 - - [16/Apr/2012:14:07:28 -0700] "POST /blog/wp-cron.php?doing_wp_cron=1334610076 HTTP/1.0" 499 0 "-" "WordPress/3.3.1; http://yuvi.in/blog"
189.121.68.248 - - [16/Apr/2012:14:07:28 -0700] "GET /blog/wp-content/themes/cleanr/includes/functions/timthumb.php HTTP/1.1" 404 12307 "-" "Mozilla/5.0 (Windows NT 6.1) AppleWebKit/534.30 (KHTML, like Gecko) Chrome/12.0.742.122 Safari/534.30"
85.17.88.169 - - [16/Apr/2012:14:07:31 -0700] "POST /blog/wp-cron.php?doing_wp_cron=1334610079 HTTP/1.0" 499 0 "-" "WordPress/3.3.1; http://yuvi.in/blog"
189.121.68.248 - - [16/Apr/2012:14:07:31 -0700] "GET /blog/wp-content/themes/cleanr/includes/thumb.php HTTP/1.1" 404 12307 "-" "Mozilla/5.0 (Windows NT 6.1) AppleWebKit/534.30 (KHTML, like Gecko) Chrome/12.0.742.122 Safari/534.30"
85.17.88.169 - - [16/Apr/2012:14:07:34 -0700] "POST /blog/wp-cron.php?doing_wp_cron=1334610082 HTTP/1.0" 499 0 "-" "WordPress/3.3.1; http://yuvi.in/blog"
189.121.68.248 - - [16/Apr/2012:14:07:34 -0700] "GET /blog/wp-content/themes/cleanr/includes/timthumb.php HTTP/1.1" 404 12307 "-" "Mozilla/5.0 (Windows NT 6.1) AppleWebKit/534.30 (KHTML, like Gecko) Chrome/12.0.742.122 Safari/534.30"
85.17.88.169 - - [16/Apr/2012:14:07:37 -0700] "POST /blog/wp-cron.php?doing_wp_cron=1334610085 HTTP/1.0" 499 0 "-" "WordPress/3.3.1; http://yuvi.in/blog"
189.121.68.248 - - [16/Apr/2012:14:07:37 -0700] "GET /blog/wp-content/themes/cleanr/includes/timthumb/thumb.php HTTP/1.1" 404 12307 "-" "Mozilla/5.0 (Windows NT 6.1) AppleWebKit/534.30 (KHTML, like Gecko) Chrome/12.0.742.122 Safari/534.30"
85.17.88.169 - - [16/Apr/2012:14:07:40 -0700] "POST /blog/wp-cron.php?doing_wp_cron=1334610088 HTTP/1.0" 499 0 "-" "WordPress/3.3.1; http://yuvi.in/blog"
189.121.68.248 - - [16/Apr/2012:14:07:41 -0700] "GET /blog/wp-content/themes/cleanr/includes/timthumb/timthumb.php HTTP/1.1" 404 12300 "-" "Mozilla/5.0 (Windows NT 6.1) AppleWebKit/534.30 (KHTML, like Gecko) Chrome/12.0.742.122 Safari/534.30"
85.17.88.169 - - [16/Apr/2012:14:07:44 -0700] "POST /blog/wp-cron.php?doing_wp_cron=1334610092 HTTP/1.0" 499 0 "-" "WordPress/3.3.1; http://yuvi.in/blog"
189.121.68.248 - - [16/Apr/2012:14:07:44 -0700] "GET /blog/wp-content/themes/cleanr/js/thumb.php HTTP/1.1" 404 12300 "-" "Mozilla/5.0 (Windows NT 6.1) AppleWebKit/534.30 (KHTML, like Gecko) Chrome/12.0.742.122 Safari/534.30"
117.244.23.132 - - [16/Apr/2012:14:07:46 -0700] "GET /r/i27 HTTP/1.1" 301 255 "http://ta.wikipedia.org/wiki/%E0%AE%85%E0%AE%AA%E0%AF%8D%E0%AE%A4%E0%AF%81%E0%AE%B2%E0%AF%8D_%E0%AE%95%E0%AE%AA%E0%AF%82%E0%AE%B0%E0%AF%8D_%E0%AE%87%E0%AE%B1%E0%AF%88%E0%AE%AF%E0%AE%B0%E0%AF%81%E0%AE%9F%E0%AF%8D_%E0%AE%95%E0%AE%B5%E0%AE%BF%E0%AE%AE%E0%AE%A3%E0%AE%BF" "Mozilla/5.0 (Windows NT 5.1; rv:11.0) Gecko/20100101 Firefox/11.0"
117.244.23.132 - - [16/Apr/2012:14:07:46 -0700] "GET /s/ta/i27/ HTTP/1.1" 302 443 "http://ta.wikipedia.org/wiki/%E0%AE%85%E0%AE%AA%E0%AF%8D%E0%AE%A4%E0%AF%81%E0%AE%B2%E0%AF%8D_%E0%AE%95%E0%AE%AA%E0%AF%82%E0%AE%B0%E0%AF%8D_%E0%AE%87%E0%AE%B1%E0%AF%88%E0%AE%AF%E0%AE%B0%E0%AF%81%E0%AE%9F%E0%AF%8D_%E0%AE%95%E0%AE%B5%E0%AE%BF%E0%AE%AE%E0%AE%A3%E0%AE%BF" "Mozilla/5.0 (Windows NT 5.1; rv:11.0) Gecko/20100101 Firefox/11.0"
85.17.88.169 - - [16/Apr/2012:14:07:47 -0700] "POST /blog/wp-cron.php?doing_wp_cron=1334610095 HTTP/1.0" 499 0 "-" "WordPress/3.3.1; http://yuvi.in/blog"
189.121.68.248 - - [16/Apr/2012:14:07:47 -0700] "GET /blog/wp-content/themes/cleanr/js/timthumb.php HTTP/1.1" 404 12307 "-" "Mozilla/5.0 (Windows NT 6.1) AppleWebKit/534.30 (KHTML, like Gecko) Chrome/12.0.742.122 Safari/534.30"
85.17.88.169 - - [16/Apr/2012:14:07:50 -0700] "POST /blog/wp-cron.php?doing_wp_cron=1334610098 HTTP/1.0" 499 0 "-" "WordPress/3.3.1; http://yuvi.in/blog"
189.121.68.248 - - [16/Apr/2012:14:07:51 -0700] "GET /blog/wp-content/themes/cleanr/layouts/thumb.php HTTP/1.1" 404 12307 "-" "Mozilla/5.0 (Windows NT 6.1) AppleWebKit/534.30 (KHTML, like Gecko) Chrome/12.0.742.122 Safari/534.30"
117.244.23.132 - - [16/Apr/2012:14:07:51 -0700] "-" 400 0 "-" "-"
85.17.88.169 - - [16/Apr/2012:14:07:53 -0700] "POST /blog/wp-cron.php?doing_wp_cron=1334610101 HTTP/1.0" 499 0 "-" "WordPress/3.3.1; http://yuvi.in/blog"
189.121.68.248 - - [16/Apr/2012:14:07:54 -0700] "GET /blog/wp-content/themes/cleanr/layouts/timthumb.php HTTP/1.1" 404 12300 "-" "Mozilla/5.0 (Windows NT 6.1) AppleWebKit/534.30 (KHTML, like Gecko) Chrome/12.0.742.122 Safari/534.30"
85.17.88.169 - - [16/Apr/2012:14:07:57 -0700] "POST /blog/wp-cron.php?doing_wp_cron=1334610104 HTTP/1.0" 499 0 "-" "WordPress/3.3.1; http://yuvi.in/blog"
189.121.68.248 - - [16/Apr/2012:14:07:57 -0700] "GET /blog/wp-content/themes/cleanr/lib/rt-thumb.php HTTP/1.1" 404 12307 "-" "Mozilla/5.0 (Windows NT 6.1) AppleWebKit/534.30 (KHTML, like Gecko) Chrome/12.0.742.122 Safari/534.30"
85.17.88.169 - - [16/Apr/2012:14:08:00 -0700] "POST /blog/wp-cron.php?doing_wp_cron=1334610108 HTTP/1.0" 499 0 "-" "WordPress/3.3.1; http://yuvi.in/blog"
189.121.68.248 - - [16/Apr/2012:14:08:00 -0700] "GET /blog/wp-content/themes/cleanr/lib/rt-timthumb.php HTTP/1.1" 404 12300 "-" "Mozilla/5.0 (Windows NT 6.1) AppleWebKit/534.30 (KHTML, like Gecko) Chrome/12.0.742.122 Safari/534.30"
85.17.88.169 - - [16/Apr/2012:14:08:03 -0700] "POST /blog/wp-cron.php?doing_wp_cron=1334610111 HTTP/1.0" 499 0 "-" "WordPress/3.3.1; http://yuvi.in/blog"
189.121.68.248 - - [16/Apr/2012:14:08:03 -0700] "GET /blog/wp-content/themes/cleanr/lib/thumb.php HTTP/1.1" 404 12307 "-" "Mozilla/5.0 (Windows NT 6.1) AppleWebKit/534.30 (KHTML, like Gecko) Chrome/12.0.742.122 Safari/534.30"
85.17.88.169 - - [16/Apr/2012:14:08:06 -0700] "POST /blog/wp-cron.php?doing_wp_cron=1334610114 HTTP/1.0" 499 0 "-" "WordPress/3.3.1; http://yuvi.in/blog"
189.121.68.248 - - [16/Apr/2012:14:08:06 -0700] "GET /blog/wp-content/themes/cleanr/lib/timthumb.php HTTP/1.1" 404 12307 "-" "Mozilla/5.0 (Windows NT 6.1) AppleWebKit/534.30 (KHTML, like Gecko) Chrome/12.0.742.122 Safari/534.30"
117.244.23.132 - - [16/Apr/2012:14:08:08 -0700] "GET /s/ta/i27/ HTTP/1.1" 302 443 "http://ta.wikipedia.org/wiki/%E0%AE%95%E0%AE%BE._%E0%AE%85%E0%AE%AA%E0%AF%8D%E0%AE%A4%E0%AF%81%E0%AE%B2%E0%AF%8D_%E0%AE%95%E0%AE%AA%E0%AF%82%E0%AE%B0%E0%AF%8D" "Mozilla/5.0 (Windows NT 5.1; rv:11.0) Gecko/20100101 Firefox/11.0"
85.17.88.169 - - [16/Apr/2012:14:08:09 -0700] "POST /blog/wp-cron.php?doing_wp_cron=1334610117 HTTP/1.0" 499 0 "-" "WordPress/3.3.1; http://yuvi.in/blog"
189.121.68.248 - - [16/Apr/2012:14:08:09 -0700] "GET /blog/wp-content/themes/cleanr/library/thumb.php HTTP/1.1" 404 12307 "-" "Mozilla/5.0 (Windows NT 6.1) AppleWebKit/534.30 (KHTML, like Gecko) Chrome/12.0.742.122 Safari/534.30"
85.17.88.169 - - [16/Apr/2012:14:08:12 -0700] "POST /blog/wp-cron.php?doing_wp_cron=1334610120 HTTP/1.0" 499 0 "-" "WordPress/3.3.1; http://yuvi.in/blog"
189.121.68.248 - - [16/Apr/2012:14:08:13 -0700] "GET /blog/wp-content/themes/cleanr/library/timthumb.php HTTP/1.1" 404 12307 "-" "Mozilla/5.0 (Windows NT 6.1) AppleWebKit/534.30 (KHTML, like Gecko) Chrome/12.0.742.122 Safari/534.30"
85.17.88.169 - - [16/Apr/2012:14:08:15 -0700] "POST /blog/wp-cron.php?doing_wp_cron=1334610123 HTTP/1.0" 499 0 "-" "WordPress/3.3.1; http://yuvi.in/blog"
189.121.68.248 - - [16/Apr/2012:14:08:16 -0700] "GET /blog/wp-content/themes/cleanr/libs/thumb.php HTTP/1.1" 404 12300 "-" "Mozilla/5.0 (Windows NT 6.1) AppleWebKit/534.30 (KHTML, like Gecko) Chrome/12.0.742.122 Safari/534.30"
85.17.88.169 - - [16/Apr/2012:14:08:18 -0700] "POST /blog/wp-cron.php?doing_wp_cron=1334610126 HTTP/1.0" 499 0 "-" "WordPress/3.3.1; http://yuvi.in/blog"
189.121.68.248 - - [16/Apr/2012:14:08:19 -0700] "GET /blog/wp-content/themes/cleanr/libs/timthumb.php HTTP/1.1" 404 12307 "-" "Mozilla/5.0 (Windows NT 6.1) AppleWebKit/534.30 (KHTML, like Gecko) Chrome/12.0.742.122 Safari/534.30"
85.17.88.169 - - [16/Apr/2012:14:08:21 -0700] "POST /blog/wp-cron.php?doing_wp_cron=1334610129 HTTP/1.0" 499 0 "-" "WordPress/3.3.1; http://yuvi.in/blog"
189.121.68.248 - - [16/Apr/2012:14:08:22 -0700] "GET /blog/wp-content/themes/cleanr/modules/thumb.php HTTP/1.1" 404 12307 "-" "Mozilla/5.0 (Windows NT 6.1) AppleWebKit/534.30 (KHTML, like Gecko) Chrome/12.0.742.122 Safari/534.30"
85.17.88.169 - - [16/Apr/2012:14:08:24 -0700] "POST /blog/wp-cron.php?doing_wp_cron=1334610132 HTTP/1.0" 499 0 "-" "WordPress/3.3.1; http://yuvi.in/blog"
189.121.68.248 - - [16/Apr/2012:14:08:25 -0700] "GET /blog/wp-content/themes/cleanr/modules/timthumb.php HTTP/1.1" 404 12307 "-" "Mozilla/5.0 (Windows NT 6.1) AppleWebKit/534.30 (KHTML, like Gecko) Chrome/12.0.742.122 Safari/534.30"
85.17.88.169 - - [16/Apr/2012:14:08:28 -0700] "POST /blog/wp-cron.php?doing_wp_cron=1334610136 HTTP/1.0" 499 0 "-" "WordPress/3.3.1; http://yuvi.in/blog"
189.121.68.248 - - [16/Apr/2012:14:08:28 -0700] "GET /blog/wp-content/themes/cleanr/options/thumb.php HTTP/1.1" 404 12307 "-" "Mozilla/5.0 (Windows NT 6.1) AppleWebKit/534.30 (KHTML, like Gecko) Chrome/12.0.742.122 Safari/534.30"
85.17.88.169 - - [16/Apr/2012:14:08:31 -0700] "POST /blog/wp-cron.php?doing_wp_cron=1334610139 HTTP/1.0" 499 0 "-" "WordPress/3.3.1; http://yuvi.in/blog"
189.121.68.248 - - [16/Apr/2012:14:08:31 -0700] "GET /blog/wp-content/themes/cleanr/options/timthumb.php HTTP/1.1" 404 12307 "-" "Mozilla/5.0 (Windows NT 6.1) AppleWebKit/534.30 (KHTML, like Gecko) Chrome/12.0.742.122 Safari/534.30"
85.17.88.169 - - [16/Apr/2012:14:08:34 -0700] "POST /blog/wp-cron.php?doing_wp_cron=1334610142 HTTP/1.0" 499 0 "-" "WordPress/3.3.1; http://yuvi.in/blog"
189.121.68.248 - - [16/Apr/2012:14:08:34 -0700] "GET /blog/wp-content/themes/cleanr/php/thumb.php HTTP/1.1" 404 12307 "-" "Mozilla/5.0 (Windows NT 6.1) AppleWebKit/534.30 (KHTML, like Gecko) Chrome/12.0.742.122 Safari/534.30"
85.17.88.169 - - [16/Apr/2012:14:08:37 -0700] "POST /blog/wp-cron.php?doing_wp_cron=1334610145 HTTP/1.0" 499 0 "-" "WordPress/3.3.1; http://yuvi.in/blog"
189.121.68.248 - - [16/Apr/2012:14:08:37 -0700] "GET /blog/wp-content/themes/cleanr/php/timthumb.php HTTP/1.1" 404 12307 "-" "Mozilla/5.0 (Windows NT 6.1) AppleWebKit/534.30 (KHTML, like Gecko) Chrome/12.0.742.122 Safari/534.30"
85.17.88.169 - - [16/Apr/2012:14:08:40 -0700] "POST /blog/wp-cron.php?doing_wp_cron=1334610148 HTTP/1.0" 499 0 "-" "WordPress/3.3.1; http://yuvi.in/blog"
189.121.68.248 - - [16/Apr/2012:14:08:40 -0700] "GET /blog/wp-content/themes/cleanr/scripts/thumb.php HTTP/1.1" 404 12300 "-" "Mozilla/5.0 (Windows NT 6.1) AppleWebKit/534.30 (KHTML, like Gecko) Chrome/12.0.742.122 Safari/534.30"
85.17.88.169 - - [16/Apr/2012:14:08:43 -0700] "POST /blog/wp-cron.php?doing_wp_cron=1334610151 HTTP/1.0" 499 0 "-" "WordPress/3.3.1; http://yuvi.in/blog"
189.121.68.248 - - [16/Apr/2012:14:08:43 -0700] "GET /blog/wp-content/themes/cleanr/scripts/timthumb.php HTTP/1.1" 404 12307 "-" "Mozilla/5.0 (Windows NT 6.1) AppleWebKit/534.30 (KHTML, like Gecko) Chrome/12.0.742.122 Safari/534.30"
85.17.88.169 - - [16/Apr/2012:14:08:46 -0700] "POST /blog/wp-cron.php?doing_wp_cron=1334610154 HTTP/1.0" 499 0 "-" "WordPress/3.3.1; http://yuvi.in/blog"
189.121.68.248 - - [16/Apr/2012:14:08:46 -0700] "GET /blog/wp-content/themes/cleanr/thumb.php HTTP/1.1" 404 12307 "-" "Mozilla/5.0 (Windows NT 6.1) AppleWebKit/534.30 (KHTML, like Gecko) Chrome/12.0.742.122 Safari/534.30"
85.17.88.169 - - [16/Apr/2012:14:08:49 -0700] "POST /blog/wp-cron.php?doing_wp_cron=1334610157 HTTP/1.0" 499 0 "-" "WordPress/3.3.1; http://yuvi.in/blog"
189.121.68.248 - - [16/Apr/2012:14:08:49 -0700] "GET /blog/wp-content/themes/cleanr/thumb/thumb.php HTTP/1.1" 404 12307 "-" "Mozilla/5.0 (Windows NT 6.1) AppleWebKit/534.30 (KHTML, like Gecko) Chrome/12.0.742.122 Safari/534.30"
85.17.88.169 - - [16/Apr/2012:14:08:52 -0700] "POST /blog/wp-cron.php?doing_wp_cron=1334610160 HTTP/1.0" 499 0 "-" "WordPress/3.3.1; http://yuvi.in/blog"
189.121.68.248 - - [16/Apr/2012:14:08:53 -0700] "GET /blog/wp-content/themes/cleanr/thumb/timthumb.php HTTP/1.1" 404 12307 "-" "Mozilla/5.0 (Windows NT 6.1) AppleWebKit/534.30 (KHTML, like Gecko) Chrome/12.0.742.122 Safari/534.30"
85.17.88.169 - - [16/Apr/2012:14:08:55 -0700] "POST /blog/wp-cron.php?doing_wp_cron=1334610163 HTTP/1.0" 200 0 "-" "WordPress/3.3.1; http://yuvi.in/blog"
189.121.68.248 - - [16/Apr/2012:14:08:56 -0700] "GET /blog/wp-content/themes/cleanr/timthumb.php HTTP/1.1" 404 12300 "-" "Mozilla/5.0 (Windows NT 6.1) AppleWebKit/534.30 (KHTML, like Gecko) Chrome/12.0.742.122 Safari/534.30"
85.17.88.169 - - [16/Apr/2012:14:08:58 -0700] "POST /blog/wp-cron.php?doing_wp_cron=1334610166 HTTP/1.0" 499 0 "-" "WordPress/3.3.1; http://yuvi.in/blog"
189.121.68.248 - - [16/Apr/2012:14:08:59 -0700] "GET /blog/wp-content/themes/cleanr/timthumb/thumb.php HTTP/1.1" 404 12307 "-" "Mozilla/5.0 (Windows NT 6.1) AppleWebKit/534.30 (KHTML, like Gecko) Chrome/12.0.742.122 Safari/534.30"
85.17.88.169 - - [16/Apr/2012:14:09:01 -0700] "POST /blog/wp-cron.php?doing_wp_cron=1334610169 HTTP/1.0" 499 0 "-" "WordPress/3.3.1; http://yuvi.in/blog"
189.121.68.248 - - [16/Apr/2012:14:09:02 -0700] "GET /blog/wp-content/themes/cleanr/timthumb/timthumb.php HTTP/1.1" 404 12307 "-" "Mozilla/5.0 (Windows NT 6.1) AppleWebKit/534.30 (KHTML, like Gecko) Chrome/12.0.742.122 Safari/534.30"
85.17.88.169 - - [16/Apr/2012:14:09:04 -0700] "POST /blog/wp-cron.php?doing_wp_cron=1334610172 HTTP/1.0" 499 0 "-" "WordPress/3.3.1; http://yuvi.in/blog"
189.121.68.248 - - [16/Apr/2012:14:09:05 -0700] "GET /blog/wp-content/themes/cleanr/tools/thumb.php HTTP/1.1" 404 12307 "-" "Mozilla/5.0 (Windows NT 6.1) AppleWebKit/534.30 (KHTML, like Gecko) Chrome/12.0.742.122 Safari/534.30"
85.17.88.169 - - [16/Apr/2012:14:09:07 -0700] "POST /blog/wp-cron.php?doing_wp_cron=1334610175 HTTP/1.0" 499 0 "-" "WordPress/3.3.1; http://yuvi.in/blog"
189.121.68.248 - - [16/Apr/2012:14:09:08 -0700] "GET /blog/wp-content/themes/cleanr/tools/timthumb.php HTTP/1.1" 404 12307 "-" "Mozilla/5.0 (Windows NT 6.1) AppleWebKit/534.30 (KHTML, like Gecko) Chrome/12.0.742.122 Safari/534.30"
85.17.88.169 - - [16/Apr/2012:14:09:10 -0700] "POST /blog/wp-cron.php?doing_wp_cron=1334610178 HTTP/1.0" 499 0 "-" "WordPress/3.3.1; http://yuvi.in/blog"
189.121.68.248 - - [16/Apr/2012:14:09:11 -0700] "GET /blog/wp-content/themes/cleanr/tools/timthumb/thumb.php HTTP/1.1" 404 12307 "-" "Mozilla/5.0 (Windows NT 6.1) AppleWebKit/534.30 (KHTML, like Gecko) Chrome/12.0.742.122 Safari/534.30"
85.17.88.169 - - [16/Apr/2012:14:09:13 -0700] "POST /blog/wp-cron.php?doing_wp_cron=1334610181 HTTP/1.0" 499 0 "-" "WordPress/3.3.1; http://yuvi.in/blog"
189.121.68.248 - - [16/Apr/2012:14:09:14 -0700] "GET /blog/wp-content/themes/cleanr/tools/timthumb/timthumb.php HTTP/1.1" 404 12307 "-" "Mozilla/5.0 (Windows NT 6.1) AppleWebKit/534.30 (KHTML, like Gecko) Chrome/12.0.742.122 Safari/534.30"
85.17.88.169 - - [16/Apr/2012:14:09:16 -0700] "POST /blog/wp-cron.php?doing_wp_cron=1334610184 HTTP/1.0" 499 0 "-" "WordPress/3.3.1; http://yuvi.in/blog"
189.121.68.248 - - [16/Apr/2012:14:09:17 -0700] "GET /blog/wp-content/themes/cleanr/ttplugin/thumb.php HTTP/1.1" 404 12307 "-" "Mozilla/5.0 (Windows NT 6.1) AppleWebKit/534.30 (KHTML, like Gecko) Chrome/12.0.742.122 Safari/534.30"
85.17.88.169 - - [16/Apr/2012:14:09:19 -0700] "POST /blog/wp-cron.php?doing_wp_cron=1334610187 HTTP/1.0" 499 0 "-" "WordPress/3.3.1; http://yuvi.in/blog"
189.121.68.248 - - [16/Apr/2012:14:09:20 -0700] "GET /blog/wp-content/themes/cleanr/ttplugin/timthumb.php HTTP/1.1" 404 12307 "-" "Mozilla/5.0 (Windows NT 6.1) AppleWebKit/534.30 (KHTML, like Gecko) Chrome/12.0.742.122 Safari/534.30"
85.17.88.169 - - [16/Apr/2012:14:09:23 -0700] "POST /blog/wp-cron.php?doing_wp_cron=1334610191 HTTP/1.0" 499 0 "-" "WordPress/3.3.1; http://yuvi.in/blog"
189.121.68.248 - - [16/Apr/2012:14:09:23 -0700] "GET /blog/wp-content/themes/cleanr/upload.php HTTP/1.1" 404 12307 "-" "Mozilla/5.0 (Windows NT 6.1) AppleWebKit/534.30 (KHTML, like Gecko) Chrome/12.0.742.122 Safari/534.30"
85.17.88.169 - - [16/Apr/2012:14:09:27 -0700] "POST /blog/wp-cron.php?doing_wp_cron=1334610194 HTTP/1.0" 499 0 "-" "WordPress/3.3.1; http://yuvi.in/blog"
189.121.68.248 - - [16/Apr/2012:14:09:27 -0700] "GET /blog/wp-content/themes/cleanr/uploadify.php HTTP/1.1" 404 12307 "-" "Mozilla/5.0 (Windows NT 6.1) AppleWebKit/534.30 (KHTML, like Gecko) Chrome/12.0.742.122 Safari/534.30"
31.45.53.36 - - [16/Apr/2012:14:10:42 -0700] "GET /r/ff8 HTTP/1.1" 301 255 "-" "Mozilla/4.0 (compatible; MSIE 7.0; Windows NT 6.1; WOW64; Trident/5.0; SLCC2; .NET CLR 2.0.50727; .NET CLR 3.5.30729; .NET CLR 3.0.30729; Media Center PC 6.0; .NET4.0C; .NET4.0E; InfoPath.3; ms-office)"
31.45.53.36 - - [16/Apr/2012:14:10:42 -0700] "GET /s/ta/ff8/ HTTP/1.1" 302 497 "-" "Mozilla/4.0 (compatible; MSIE 7.0; Windows NT 6.1; WOW64; Trident/5.0; SLCC2; .NET CLR 2.0.50727; .NET CLR 3.5.30729; .NET CLR 3.0.30729; Media Center PC 6.0; .NET4.0C; .NET4.0E; InfoPath.3; ms-office)"
85.17.88.169 - - [16/Apr/2012:14:12:04 -0700] "POST /blog/wp-cron.php?doing_wp_cron=1334610351 HTTP/1.0" 499 0 "-" "WordPress/3.3.1; http://yuvi.in/blog"
209.85.224.90 - - [16/Apr/2012:14:12:04 -0700] "GET /blog/feed HTTP/1.1" 304 0 "-" "FeedBurner/1.0 (http://www.FeedBurner.com)"
85.17.88.169 - - [16/Apr/2012:14:13:33 -0700] "POST /blog/wp-cron.php?doing_wp_cron=1334610441 HTTP/1.0" 499 0 "-" "WordPress/3.3.1; http://yuvi.in/blog"
220.181.108.121 - - [16/Apr/2012:14:13:35 -0700] "GET /blog/page/2/ HTTP/1.1" 200 26316 "-" "Mozilla/5.0 (compatible; Baiduspider/2.0; +http://www.baidu.com/search/spider.html)"
85.17.88.169 - - [16/Apr/2012:14:18:09 -0700] "POST /blog/wp-cron.php?doing_wp_cron=1334610717 HTTP/1.0" 499 0 "-" "WordPress/3.3.1; http://yuvi.in/blog"
69.171.242.251 - - [16/Apr/2012:14:18:09 -0700] "GET /blog/story-average-indian-techie/ HTTP/1.1" 200 14155 "-" "facebookexternalhit/1.1 (+http://www.facebook.com/externalhit_uatext.php)"
193.164.138.35 - - [16/Apr/2012:14:18:54 -0700] "GET /blog/cheese-gsoc-report-week-8.html HTTP/1.1" 200 6324 "-" "Zemanta Aggregator/0.7 +http://www.zemanta.com"
182.71.226.6 - - [16/Apr/2012:14:19:53 -0700] "-" 400 0 "-" "-"
182.71.226.6 - - [16/Apr/2012:14:19:53 -0700] "-" 400 0 "-" "-"
182.71.226.6 - - [16/Apr/2012:14:19:53 -0700] "-" 400 0 "-" "-"
182.71.226.6 - - [16/Apr/2012:14:21:00 -0700] "-" 400 0 "-" "-"
182.71.226.6 - - [16/Apr/2012:14:21:00 -0700] "-" 400 0 "-" "-"
182.71.226.6 - - [16/Apr/2012:14:21:43 -0700] "-" 400 0 "-" "-"
85.17.88.169 - - [16/Apr/2012:14:26:28 -0700] "POST /blog/wp-cron.php?doing_wp_cron=1334611215 HTTP/1.0" 499 0 "-" "WordPress/3.3.1; http://yuvi.in/blog"
101.226.33.187 - - [16/Apr/2012:14:26:28 -0700] "GET /blog/feed HTTP/1.0" 304 0 "-" "Mozilla/4.0 (compatible; Windows;)"
85.17.88.169 - - [16/Apr/2012:14:26:46 -0700] "POST /blog/wp-cron.php?doing_wp_cron=1334611234 HTTP/1.0" 499 0 "-" "WordPress/3.3.1; http://yuvi.in/blog"
209.85.238.182 - - [16/Apr/2012:14:26:47 -0700] "GET /blog/feed/ HTTP/1.1" 304 0 "-" "Feedfetcher-Google; (+http://www.google.com/feedfetcher.html; 19 subscribers; feed-id=15064232456473204253)"
66.249.73.90 - - [16/Apr/2012:14:30:45 -0700] "GET /chennai/stage/2705/ HTTP/1.1" 404 142 "-" "Mozilla/5.0 (compatible; Googlebot/2.1; +http://www.google.com/bot.html)"
213.186.127.13 - - [16/Apr/2012:14:30:57 -0700] "GET /s/ta/1z5n/ HTTP/1.1" 302 609 "-" "Mozilla/5.0 (compatible; AhrefsBot/2.0; +http://ahrefs.com/robot/)"
85.17.88.169 - - [16/Apr/2012:14:35:29 -0700] "POST /blog/wp-cron.php?doing_wp_cron=1334611757 HTTP/1.0" 499 0 "-" "WordPress/3.3.1; http://yuvi.in/blog"
220.181.108.148 - - [16/Apr/2012:14:35:30 -0700] "GET /blog/passing-headers-proxying-nginx/ HTTP/1.1" 200 4633 "-" "Mozilla/5.0 (compatible; Baiduspider/2.0; +http://www.baidu.com/search/spider.html)"
209.85.224.94 - - [16/Apr/2012:14:36:37 -0700] "GET /stories/feed HTTP/1.1" 200 13653 "-" "FeedBurner/1.0 (http://www.FeedBurner.com)"
209.85.238.182 - - [16/Apr/2012:14:42:15 -0700] "GET /blog/feed HTTP/1.1" 301 0 "-" "Feedfetcher-Google; (+http://www.google.com/feedfetcher.html; 3 subscribers; feed-id=17684830852112633560)"
85.17.88.169 - - [16/Apr/2012:14:42:15 -0700] "POST /blog/wp-cron.php?doing_wp_cron=1334612162 HTTP/1.0" 200 0 "-" "WordPress/3.3.1; http://yuvi.in/blog"
85.17.88.169 - - [16/Apr/2012:14:42:19 -0700] "POST /blog/wp-cron.php?doing_wp_cron=1334612167 HTTP/1.0" 499 0 "-" "WordPress/3.3.1; http://yuvi.in/blog"
209.85.238.182 - - [16/Apr/2012:14:42:19 -0700] "GET /blog/feed/ HTTP/1.1" 304 0 "-" "Feedfetcher-Google; (+http://www.google.com/feedfetcher.html; 3 subscribers; feed-id=17684830852112633560)"
209.85.144.85 - - [16/Apr/2012:14:42:21 -0700] "GET /blog/feed HTTP/1.1" 304 0 "-" "FeedBurner/1.0 (http://www.FeedBurner.com)"
141.0.9.151 - - [16/Apr/2012:14:46:54 -0700] "-" 400 0 "-" "-"
220.181.108.155 - - [16/Apr/2012:14:48:35 -0700] "GET /blog/orwell-and-huxley.html HTTP/1.1" 200 2263 "-" "Mozilla/5.0 (compatible; Baiduspider/2.0; +http://www.baidu.com/search/spider.html)"
207.46.204.173 - - [16/Apr/2012:14:49:38 -0700] "-" 400 0 "-" "-"
207.46.204.173 - - [16/Apr/2012:14:49:38 -0700] "-" 400 0 "-" "-"
207.46.204.173 - - [16/Apr/2012:14:49:38 -0700] "-" 400 0 "-" "-"
207.46.204.173 - - [16/Apr/2012:14:49:41 -0700] "-" 400 0 "-" "-"
207.46.204.173 - - [16/Apr/2012:14:49:43 -0700] "-" 400 0 "-" "-"
207.46.204.173 - - [16/Apr/2012:14:49:43 -0700] "-" 400 0 "-" "-"
207.46.204.173 - - [16/Apr/2012:14:49:43 -0700] "-" 400 0 "-" "-"
207.46.204.173 - - [16/Apr/2012:14:49:44 -0700] "-" 400 0 "-" "-"
207.46.204.173 - - [16/Apr/2012:14:49:44 -0700] "-" 400 0 "-" "-"
207.46.204.173 - - [16/Apr/2012:14:49:45 -0700] "-" 400 0 "-" "-"
207.46.204.173 - - [16/Apr/2012:14:49:46 -0700] "-" 400 0 "-" "-"
207.46.204.173 - - [16/Apr/2012:14:49:46 -0700] "-" 400 0 "-" "-"
207.46.204.173 - - [16/Apr/2012:14:50:27 -0700] "-" 400 0 "-" "-"
150.70.75.37 - - [16/Apr/2012:14:52:05 -0700] "GET /ResizeImage.aspx?h=235&w=470&img=%2fWebsites%2fonlineministry%2fPhotoGallery%2f1467733%2f12ChaplainsPromo.jpg HTTP/1.0" 404 571 "-" "Mozilla/4.0 (compatible; MSIE 6.0; Windows NT 5.1)"
141.0.9.151 - - [16/Apr/2012:14:52:07 -0700] "-" 400 0 "-" "-"
141.0.9.151 - - [16/Apr/2012:14:53:31 -0700] "-" 400 0 "-" "-"
85.17.88.169 - - [16/Apr/2012:14:55:57 -0700] "POST /blog/wp-cron.php?doing_wp_cron=1334612984 HTTP/1.0" 499 0 "-" "WordPress/3.3.1; http://yuvi.in/blog"
66.249.73.219 - - [16/Apr/2012:14:55:57 -0700] "GET /blog/the-end-of-gsoc-2010/ HTTP/1.1" 200 4871 "-" "Mozilla/5.0 (compatible; Googlebot/2.1; +http://www.google.com/bot.html)"
119.63.196.31 - - [16/Apr/2012:14:57:12 -0700] "GET / HTTP/1.1" 404 211 "-" "Mozilla/5.0 (compatible; Baiduspider/2.0; +http://www.baidu.com/search/spider.html)"
95.211.139.1 - - [16/Apr/2012:15:02:24 -0700] "GET /robots.txt HTTP/1.0" 404 238 "-" "Mozilla/5.0 (compatible; AcoonBot/4.10.6; +http://www.acoon.de/robot.asp)"
