98.180.220.78 - - [19/Mar/2012:08:16:14 -0700] "GET / HTTP/1.1" 200 1430 "-" "Caffeinated/1.1 CFNetwork/520.3.2 Darwin/11.3.0 (x86_64) (MacBookPro8%2C1)"
98.180.220.78 - - [19/Mar/2012:08:16:14 -0700] "GET /favicon.ico HTTP/1.1" 404 142 "-" "Caffeinated/1.1 CFNetwork/520.3.2 Darwin/11.3.0 (x86_64) (MacBookPro8%2C1)"
117.216.47.43 - - [19/Mar/2012:08:16:18 -0700] "-" 400 0 "-" "-"
80.232.117.33 - - [19/Mar/2012:08:16:37 -0700] "GET / HTTP/1.1" 200 1430 "-" "Opera/8.01 (J2ME/MIDP; Opera Mini/3.1.10423/1724; en; U; ssr)"
80.232.117.33 - - [19/Mar/2012:08:16:37 -0700] "GET /blueprint/screen.css HTTP/1.1" 200 12058 "http://yuvi.in/" "Opera/8.01 (J2ME/MIDP; Opera Mini/3.1.10423/1724; en; U; ssr)"
80.232.117.33 - - [19/Mar/2012:08:16:38 -0700] "GET /blueprint/print.css HTTP/1.1" 200 1284 "http://yuvi.in/" "Opera/8.01 (J2ME/MIDP; Opera Mini/3.1.10423/1724; en; U; ssr)"
80.232.117.33 - - [19/Mar/2012:08:16:38 -0700] "GET /header.png HTTP/1.1" 200 14249 "http://yuvi.in/" "Opera/8.01 (J2ME/MIDP; Opera Mini/3.1.10423/1724; en; U; ssr)"
80.232.117.33 - - [19/Mar/2012:08:16:38 -0700] "GET /favicon.ico HTTP/1.1" 404 142 "http://yuvi.in/" "Opera/8.01 (J2ME/MIDP; Opera Mini/3.1.10423/1724; en; U; ssr)"
223.235.46.141 - - [19/Mar/2012:08:16:47 -0700] "-" 400 0 "-" "-"
66.220.149.245 - - [19/Mar/2012:08:16:52 -0700] "GET /r/1x7m HTTP/1.1" 301 257 "-" "facebookexternalhit/1.1 (+http://www.facebook.com/externalhit_uatext.php)"
66.220.149.247 - - [19/Mar/2012:08:16:52 -0700] "GET /s/ta/1x7m/ HTTP/1.1" 302 513 "-" "facebookexternalhit/1.1 (+http://www.facebook.com/externalhit_uatext.php)"
98.180.220.78 - - [19/Mar/2012:08:17:45 -0700] "GET / HTTP/1.1" 200 1430 "-" "Caffeinated/1.1 CFNetwork/520.3.2 Darwin/11.3.0 (x86_64) (MacBookPro8%2C1)"
98.180.220.78 - - [19/Mar/2012:08:17:45 -0700] "GET /favicon.ico HTTP/1.1" 404 142 "-" "Caffeinated/1.1 CFNetwork/520.3.2 Darwin/11.3.0 (x86_64) (MacBookPro8%2C1)"
98.180.220.78 - - [19/Mar/2012:08:17:47 -0700] "GET / HTTP/1.1" 200 1430 "-" "Caffeinated/1.1 CFNetwork/520.3.2 Darwin/11.3.0 (x86_64) (MacBookPro8%2C1)"
98.180.220.78 - - [19/Mar/2012:08:17:47 -0700] "GET /favicon.ico HTTP/1.1" 404 142 "-" "Caffeinated/1.1 CFNetwork/520.3.2 Darwin/11.3.0 (x86_64) (MacBookPro8%2C1)"
98.180.220.78 - - [19/Mar/2012:08:19:14 -0700] "GET / HTTP/1.1" 200 1430 "-" "Caffeinated/1.1 CFNetwork/520.3.2 Darwin/11.3.0 (x86_64) (MacBookPro8%2C1)"
98.180.220.78 - - [19/Mar/2012:08:19:15 -0700] "GET /favicon.ico HTTP/1.1" 404 142 "-" "Caffeinated/1.1 CFNetwork/520.3.2 Darwin/11.3.0 (x86_64) (MacBookPro8%2C1)"
98.180.220.78 - - [19/Mar/2012:08:19:17 -0700] "GET / HTTP/1.1" 200 1430 "-" "Caffeinated/1.1 CFNetwork/520.3.2 Darwin/11.3.0 (x86_64) (MacBookPro8%2C1)"
98.180.220.78 - - [19/Mar/2012:08:19:18 -0700] "GET /favicon.ico HTTP/1.1" 404 142 "-" "Caffeinated/1.1 CFNetwork/520.3.2 Darwin/11.3.0 (x86_64) (MacBookPro8%2C1)"
98.180.220.78 - - [19/Mar/2012:08:20:49 -0700] "GET / HTTP/1.1" 200 1430 "-" "Caffeinated/1.1 CFNetwork/520.3.2 Darwin/11.3.0 (x86_64) (MacBookPro8%2C1)"
98.180.220.78 - - [19/Mar/2012:08:20:49 -0700] "GET /favicon.ico HTTP/1.1" 404 142 "-" "Caffeinated/1.1 CFNetwork/520.3.2 Darwin/11.3.0 (x86_64) (MacBookPro8%2C1)"
98.180.220.78 - - [19/Mar/2012:08:20:52 -0700] "GET / HTTP/1.1" 200 1430 "-" "Caffeinated/1.1 CFNetwork/520.3.2 Darwin/11.3.0 (x86_64) (MacBookPro8%2C1)"
98.180.220.78 - - [19/Mar/2012:08:20:52 -0700] "GET /favicon.ico HTTP/1.1" 404 142 "-" "Caffeinated/1.1 CFNetwork/520.3.2 Darwin/11.3.0 (x86_64) (MacBookPro8%2C1)"
117.201.26.3 - - [19/Mar/2012:08:21:28 -0700] "GET /r/exj HTTP/1.1" 301 255 "http://ta.wikipedia.org/wiki/%E0%AE%86%E0%AE%A9%E0%AE%A8%E0%AF%8D%E0%AE%A4_%E0%AE%B0%E0%AE%99%E0%AF%8D%E0%AE%95%E0%AE%AE%E0%AF%8D_%E0%AE%AA%E0%AE%BF%E0%AE%B3%E0%AF%8D%E0%AE%B3%E0%AF%88" "Mozilla/5.0 (Windows NT 5.1) AppleWebKit/535.11 (KHTML, like Gecko) Chrome/17.0.963.79 Safari/535.11"
117.201.26.3 - - [19/Mar/2012:08:21:28 -0700] "GET /s/ta/exj/ HTTP/1.1" 302 477 "http://ta.wikipedia.org/wiki/%E0%AE%86%E0%AE%A9%E0%AE%A8%E0%AF%8D%E0%AE%A4_%E0%AE%B0%E0%AE%99%E0%AF%8D%E0%AE%95%E0%AE%AE%E0%AF%8D_%E0%AE%AA%E0%AE%BF%E0%AE%B3%E0%AF%8D%E0%AE%B3%E0%AF%88" "Mozilla/5.0 (Windows NT 5.1) AppleWebKit/535.11 (KHTML, like Gecko) Chrome/17.0.963.79 Safari/535.11"
117.201.26.3 - - [19/Mar/2012:08:21:47 -0700] "-" 400 0 "-" "-"
98.180.220.78 - - [19/Mar/2012:08:22:28 -0700] "GET / HTTP/1.1" 200 1430 "-" "Caffeinated/1.1 CFNetwork/520.3.2 Darwin/11.3.0 (x86_64) (MacBookPro8%2C1)"
98.180.220.78 - - [19/Mar/2012:08:22:28 -0700] "GET /favicon.ico HTTP/1.1" 404 142 "-" "Caffeinated/1.1 CFNetwork/520.3.2 Darwin/11.3.0 (x86_64) (MacBookPro8%2C1)"
174.120.137.2 - - [19/Mar/2012:08:22:30 -0700] "HEAD /r/vz2 HTTP/1.1" 301 0 "http://www.giriblog.com" "Mozilla/4.0 (compatible; MSIE 7.0; Windows NT 5.1; .NET CLR 1.1.4322; .NET CLR 2.0.50727; .NET CLR 3.0.04506.30)"
174.120.137.2 - - [19/Mar/2012:08:22:30 -0700] "HEAD /s/ta/vz2/ HTTP/1.1" 302 0 "http://www.giriblog.com" "Mozilla/4.0 (compatible; MSIE 7.0; Windows NT 5.1; .NET CLR 1.1.4322; .NET CLR 2.0.50727; .NET CLR 3.0.04506.30)"
98.180.220.78 - - [19/Mar/2012:08:22:31 -0700] "GET / HTTP/1.1" 200 1430 "-" "Caffeinated/1.1 CFNetwork/520.3.2 Darwin/11.3.0 (x86_64) (MacBookPro8%2C1)"
98.180.220.78 - - [19/Mar/2012:08:22:31 -0700] "GET /favicon.ico HTTP/1.1" 404 142 "-" "Caffeinated/1.1 CFNetwork/520.3.2 Darwin/11.3.0 (x86_64) (MacBookPro8%2C1)"
117.213.56.236 - - [19/Mar/2012:08:23:16 -0700] "-" 400 0 "-" "-"
85.17.88.169 - - [19/Mar/2012:08:23:56 -0700] "POST /blog/wp-cron.php?doing_wp_cron=1332170489 HTTP/1.0" 499 0 "-" "WordPress/3.3.1; http://yuvi.in/blog"
187.52.131.86 - - [19/Mar/2012:08:23:57 -0700] "GET /blog/programmer-run-code-head/ HTTP/1.1" 200 18028 "-" "Mozilla/5.0 (compatible; Googlebot/2.1; +http://www.google.com/bot.html)"
98.180.220.78 - - [19/Mar/2012:08:24:08 -0700] "GET / HTTP/1.1" 200 1430 "-" "Caffeinated/1.1 CFNetwork/520.3.2 Darwin/11.3.0 (x86_64) (MacBookPro8%2C1)"
98.180.220.78 - - [19/Mar/2012:08:24:08 -0700] "GET /favicon.ico HTTP/1.1" 404 142 "-" "Caffeinated/1.1 CFNetwork/520.3.2 Darwin/11.3.0 (x86_64) (MacBookPro8%2C1)"
98.180.220.78 - - [19/Mar/2012:08:24:10 -0700] "GET / HTTP/1.1" 200 1430 "-" "Caffeinated/1.1 CFNetwork/520.3.2 Darwin/11.3.0 (x86_64) (MacBookPro8%2C1)"
98.180.220.78 - - [19/Mar/2012:08:24:10 -0700] "GET /favicon.ico HTTP/1.1" 404 142 "-" "Caffeinated/1.1 CFNetwork/520.3.2 Darwin/11.3.0 (x86_64) (MacBookPro8%2C1)"
85.65.108.97 - - [19/Mar/2012:08:24:32 -0700] "GET / HTTP/1.1" 200 1430 "http://search.yahoo.com/search?fr=chr-greentree_gc&ei=utf-8&ilc=12&type=937811&p=www.yuvi" "Mozilla/5.0 (Windows NT 6.1) AppleWebKit/535.11 (KHTML, like Gecko) Chrome/17.0.963.79 Safari/535.11"
85.65.108.97 - - [19/Mar/2012:08:24:32 -0700] "GET /blueprint/screen.css HTTP/1.1" 200 12058 "http://yuvi.in/" "Mozilla/5.0 (Windows NT 6.1) AppleWebKit/535.11 (KHTML, like Gecko) Chrome/17.0.963.79 Safari/535.11"
85.65.108.97 - - [19/Mar/2012:08:24:33 -0700] "GET /header.png HTTP/1.1" 200 14249 "http://yuvi.in/" "Mozilla/5.0 (Windows NT 6.1) AppleWebKit/535.11 (KHTML, like Gecko) Chrome/17.0.963.79 Safari/535.11"
85.65.108.97 - - [19/Mar/2012:08:24:33 -0700] "GET /blueprint/print.css HTTP/1.1" 200 1284 "http://yuvi.in/" "Mozilla/5.0 (Windows NT 6.1) AppleWebKit/535.11 (KHTML, like Gecko) Chrome/17.0.963.79 Safari/535.11"
85.65.108.97 - - [19/Mar/2012:08:24:34 -0700] "GET /favicon.ico HTTP/1.1" 404 199 "-" "Mozilla/5.0 (Windows NT 6.1) AppleWebKit/535.11 (KHTML, like Gecko) Chrome/17.0.963.79 Safari/535.11"
85.65.108.97 - - [19/Mar/2012:08:24:45 -0700] "-" 400 0 "-" "-"
117.193.183.112 - - [19/Mar/2012:08:24:59 -0700] "GET /r/33cc HTTP/1.1" 301 257 "http://ta.wikipedia.org/wiki/%E0%AE%B5%E0%AF%88%E0%AE%B0%E0%AE%AE%E0%AF%8D%E0%AE%AA%E0%AF%87%E0%AE%9F%E0%AF%8D%E0%AE%9F%E0%AF%88" "Mozilla/5.0 (Windows NT 5.1) AppleWebKit/535.11 (KHTML, like Gecko) Chrome/17.0.963.79 Safari/535.11"
117.193.183.112 - - [19/Mar/2012:08:25:00 -0700] "GET /s/ta/33cc/ HTTP/1.1" 302 397 "http://ta.wikipedia.org/wiki/%E0%AE%B5%E0%AF%88%E0%AE%B0%E0%AE%AE%E0%AF%8D%E0%AE%AA%E0%AF%87%E0%AE%9F%E0%AF%8D%E0%AE%9F%E0%AF%88" "Mozilla/5.0 (Windows NT 5.1) AppleWebKit/535.11 (KHTML, like Gecko) Chrome/17.0.963.79 Safari/535.11"
117.193.183.112 - - [19/Mar/2012:08:25:19 -0700] "-" 400 0 "-" "-"
98.180.220.78 - - [19/Mar/2012:08:25:40 -0700] "GET / HTTP/1.1" 200 1430 "-" "Caffeinated/1.1 CFNetwork/520.3.2 Darwin/11.3.0 (x86_64) (MacBookPro8%2C1)"
98.180.220.78 - - [19/Mar/2012:08:25:40 -0700] "GET /favicon.ico HTTP/1.1" 404 142 "-" "Caffeinated/1.1 CFNetwork/520.3.2 Darwin/11.3.0 (x86_64) (MacBookPro8%2C1)"
98.180.220.78 - - [19/Mar/2012:08:25:43 -0700] "GET / HTTP/1.1" 200 1430 "-" "Caffeinated/1.1 CFNetwork/520.3.2 Darwin/11.3.0 (x86_64) (MacBookPro8%2C1)"
98.180.220.78 - - [19/Mar/2012:08:25:43 -0700] "GET /favicon.ico HTTP/1.1" 404 142 "-" "Caffeinated/1.1 CFNetwork/520.3.2 Darwin/11.3.0 (x86_64) (MacBookPro8%2C1)"
141.0.10.145 - - [19/Mar/2012:08:26:15 -0700] "-" 400 0 "-" "-"
115.241.93.219 - - [19/Mar/2012:08:26:53 -0700] "-" 400 0 "-" "-"
98.180.220.78 - - [19/Mar/2012:08:27:13 -0700] "GET / HTTP/1.1" 200 1430 "-" "Caffeinated/1.1 CFNetwork/520.3.2 Darwin/11.3.0 (x86_64) (MacBookPro8%2C1)"
98.180.220.78 - - [19/Mar/2012:08:27:13 -0700] "GET /favicon.ico HTTP/1.1" 404 142 "-" "Caffeinated/1.1 CFNetwork/520.3.2 Darwin/11.3.0 (x86_64) (MacBookPro8%2C1)"
98.180.220.78 - - [19/Mar/2012:08:27:16 -0700] "GET / HTTP/1.1" 200 1430 "-" "Caffeinated/1.1 CFNetwork/520.3.2 Darwin/11.3.0 (x86_64) (MacBookPro8%2C1)"
98.180.220.78 - - [19/Mar/2012:08:27:16 -0700] "GET /favicon.ico HTTP/1.1" 404 142 "-" "Caffeinated/1.1 CFNetwork/520.3.2 Darwin/11.3.0 (x86_64) (MacBookPro8%2C1)"
85.17.88.169 - - [19/Mar/2012:08:27:35 -0700] "POST /blog/wp-cron.php?doing_wp_cron=1332170708 HTTP/1.0" 499 0 "-" "WordPress/3.3.1; http://yuvi.in/blog"
101.226.33.187 - - [19/Mar/2012:08:27:36 -0700] "GET /blog/feed HTTP/1.0" 304 0 "-" "Mozilla/4.0 (compatible; Windows;)"
59.92.60.169 - - [19/Mar/2012:08:27:59 -0700] "-" 400 0 "-" "-"
98.180.220.78 - - [19/Mar/2012:08:28:48 -0700] "GET / HTTP/1.1" 200 1430 "-" "Caffeinated/1.1 CFNetwork/520.3.2 Darwin/11.3.0 (x86_64) (MacBookPro8%2C1)"
98.180.220.78 - - [19/Mar/2012:08:28:48 -0700] "GET /favicon.ico HTTP/1.1" 404 142 "-" "Caffeinated/1.1 CFNetwork/520.3.2 Darwin/11.3.0 (x86_64) (MacBookPro8%2C1)"
98.180.220.78 - - [19/Mar/2012:08:28:51 -0700] "GET / HTTP/1.1" 200 1430 "-" "Caffeinated/1.1 CFNetwork/520.3.2 Darwin/11.3.0 (x86_64) (MacBookPro8%2C1)"
98.180.220.78 - - [19/Mar/2012:08:28:51 -0700] "GET /favicon.ico HTTP/1.1" 404 142 "-" "Caffeinated/1.1 CFNetwork/520.3.2 Darwin/11.3.0 (x86_64) (MacBookPro8%2C1)"
59.92.60.169 - - [19/Mar/2012:08:28:59 -0700] "-" 400 0 "-" "-"
85.17.88.169 - - [19/Mar/2012:08:29:11 -0700] "POST /blog/wp-cron.php?doing_wp_cron=1332170804 HTTP/1.0" 499 0 "-" "WordPress/3.3.1; http://yuvi.in/blog"
209.85.224.94 - - [19/Mar/2012:08:29:12 -0700] "GET /blog/feed HTTP/1.1" 304 0 "-" "FeedBurner/1.0 (http://www.FeedBurner.com)"
59.92.60.169 - - [19/Mar/2012:08:30:19 -0700] "-" 400 0 "-" "-"
98.180.220.78 - - [19/Mar/2012:08:30:22 -0700] "GET / HTTP/1.1" 200 1430 "-" "Caffeinated/1.1 CFNetwork/520.3.2 Darwin/11.3.0 (x86_64) (MacBookPro8%2C1)"
98.180.220.78 - - [19/Mar/2012:08:30:22 -0700] "GET /favicon.ico HTTP/1.1" 404 142 "-" "Caffeinated/1.1 CFNetwork/520.3.2 Darwin/11.3.0 (x86_64) (MacBookPro8%2C1)"
98.180.220.78 - - [19/Mar/2012:08:30:25 -0700] "GET / HTTP/1.1" 200 1430 "-" "Caffeinated/1.1 CFNetwork/520.3.2 Darwin/11.3.0 (x86_64) (MacBookPro8%2C1)"
98.180.220.78 - - [19/Mar/2012:08:30:25 -0700] "GET /favicon.ico HTTP/1.1" 404 142 "-" "Caffeinated/1.1 CFNetwork/520.3.2 Darwin/11.3.0 (x86_64) (MacBookPro8%2C1)"
69.171.228.246 - - [19/Mar/2012:08:30:55 -0700] "GET /r/1x7m HTTP/1.1" 301 257 "-" "facebookexternalhit/1.1 (+http://www.facebook.com/externalhit_uatext.php)"
69.171.228.249 - - [19/Mar/2012:08:30:55 -0700] "GET /s/ta/1x7m/ HTTP/1.1" 302 513 "-" "facebookexternalhit/1.1 (+http://www.facebook.com/externalhit_uatext.php)"
66.249.68.52 - - [19/Mar/2012:08:30:56 -0700] "GET /s/ta/gi9/ HTTP/1.1" 302 445 "-" "Mozilla/5.0 (compatible; Googlebot/2.1; +http://www.google.com/bot.html)"
59.92.60.169 - - [19/Mar/2012:08:31:29 -0700] "-" 400 0 "-" "-"
59.92.60.169 - - [19/Mar/2012:08:31:49 -0700] "-" 400 0 "-" "-"
59.92.60.169 - - [19/Mar/2012:08:31:49 -0700] "-" 400 0 "-" "-"
59.92.60.169 - - [19/Mar/2012:08:31:49 -0700] "-" 400 0 "-" "-"
59.92.60.169 - - [19/Mar/2012:08:31:49 -0700] "-" 400 0 "-" "-"
59.92.60.169 - - [19/Mar/2012:08:31:49 -0700] "-" 400 0 "-" "-"
98.180.220.78 - - [19/Mar/2012:08:31:59 -0700] "GET / HTTP/1.1" 200 1430 "-" "Caffeinated/1.1 CFNetwork/520.3.2 Darwin/11.3.0 (x86_64) (MacBookPro8%2C1)"
98.180.220.78 - - [19/Mar/2012:08:32:00 -0700] "GET /favicon.ico HTTP/1.1" 404 142 "-" "Caffeinated/1.1 CFNetwork/520.3.2 Darwin/11.3.0 (x86_64) (MacBookPro8%2C1)"
98.180.220.78 - - [19/Mar/2012:08:32:04 -0700] "GET / HTTP/1.1" 200 1430 "-" "Caffeinated/1.1 CFNetwork/520.3.2 Darwin/11.3.0 (x86_64) (MacBookPro8%2C1)"
98.180.220.78 - - [19/Mar/2012:08:32:04 -0700] "GET /favicon.ico HTTP/1.1" 404 142 "-" "Caffeinated/1.1 CFNetwork/520.3.2 Darwin/11.3.0 (x86_64) (MacBookPro8%2C1)"
98.180.220.78 - - [19/Mar/2012:08:33:38 -0700] "GET / HTTP/1.1" 200 1430 "-" "Caffeinated/1.1 CFNetwork/520.3.2 Darwin/11.3.0 (x86_64) (MacBookPro8%2C1)"
98.180.220.78 - - [19/Mar/2012:08:33:39 -0700] "GET /favicon.ico HTTP/1.1" 404 142 "-" "Caffeinated/1.1 CFNetwork/520.3.2 Darwin/11.3.0 (x86_64) (MacBookPro8%2C1)"
98.180.220.78 - - [19/Mar/2012:08:33:41 -0700] "GET / HTTP/1.1" 200 1430 "-" "Caffeinated/1.1 CFNetwork/520.3.2 Darwin/11.3.0 (x86_64) (MacBookPro8%2C1)"
98.180.220.78 - - [19/Mar/2012:08:33:41 -0700] "GET /favicon.ico HTTP/1.1" 404 142 "-" "Caffeinated/1.1 CFNetwork/520.3.2 Darwin/11.3.0 (x86_64) (MacBookPro8%2C1)"
85.17.88.169 - - [19/Mar/2012:08:35:07 -0700] "POST /blog/wp-cron.php?doing_wp_cron=1332171160 HTTP/1.0" 499 0 "-" "WordPress/3.3.1; http://yuvi.in/blog"
209.85.238.115 - - [19/Mar/2012:08:35:07 -0700] "GET /blog/feed HTTP/1.1" 301 0 "-" "Feedfetcher-Google; (+http://www.google.com/feedfetcher.html; 3 subscribers; feed-id=17684830852112633560)"
85.17.88.169 - - [19/Mar/2012:08:35:09 -0700] "POST /blog/wp-cron.php?doing_wp_cron=1332171162 HTTP/1.0" 499 0 "-" "WordPress/3.3.1; http://yuvi.in/blog"
209.85.238.115 - - [19/Mar/2012:08:35:09 -0700] "GET /blog/feed/ HTTP/1.1" 304 0 "-" "Feedfetcher-Google; (+http://www.google.com/feedfetcher.html; 3 subscribers; feed-id=17684830852112633560)"
98.180.220.78 - - [19/Mar/2012:08:35:11 -0700] "GET / HTTP/1.1" 200 1430 "-" "Caffeinated/1.1 CFNetwork/520.3.2 Darwin/11.3.0 (x86_64) (MacBookPro8%2C1)"
98.180.220.78 - - [19/Mar/2012:08:35:12 -0700] "GET /favicon.ico HTTP/1.1" 404 142 "-" "Caffeinated/1.1 CFNetwork/520.3.2 Darwin/11.3.0 (x86_64) (MacBookPro8%2C1)"
98.180.220.78 - - [19/Mar/2012:08:35:14 -0700] "GET / HTTP/1.1" 200 1430 "-" "Caffeinated/1.1 CFNetwork/520.3.2 Darwin/11.3.0 (x86_64) (MacBookPro8%2C1)"
98.180.220.78 - - [19/Mar/2012:08:35:14 -0700] "GET /favicon.ico HTTP/1.1" 404 142 "-" "Caffeinated/1.1 CFNetwork/520.3.2 Darwin/11.3.0 (x86_64) (MacBookPro8%2C1)"
207.46.12.70 - - [19/Mar/2012:08:35:23 -0700] "-" 400 0 "-" "-"
207.46.12.70 - - [19/Mar/2012:08:35:23 -0700] "-" 400 0 "-" "-"
85.17.88.169 - - [19/Mar/2012:08:35:38 -0700] "POST /blog/wp-cron.php?doing_wp_cron=1332171191 HTTP/1.0" 499 0 "-" "WordPress/3.3.1; http://yuvi.in/blog"
180.76.5.184 - - [19/Mar/2012:08:35:39 -0700] "GET /blog/2010-the-beginning-the-bicycle-ride-and-external-dependencies/feed/ HTTP/1.1" 200 882 "-" "Mozilla/5.0 (compatible; Baiduspider/2.0; +http://www.baidu.com/search/spider.html)"
69.171.229.245 - - [19/Mar/2012:08:36:06 -0700] "GET /r/1eg5 HTTP/1.1" 301 257 "-" "facebookexternalhit/1.1 (+http://www.facebook.com/externalhit_uatext.php)"
69.171.229.246 - - [19/Mar/2012:08:36:07 -0700] "GET /s/ta/1eg5/ HTTP/1.1" 302 337 "-" "facebookexternalhit/1.1 (+http://www.facebook.com/externalhit_uatext.php)"
98.180.220.78 - - [19/Mar/2012:08:36:51 -0700] "GET / HTTP/1.1" 200 1430 "-" "Caffeinated/1.1 CFNetwork/520.3.2 Darwin/11.3.0 (x86_64) (MacBookPro8%2C1)"
98.180.220.78 - - [19/Mar/2012:08:36:51 -0700] "GET /favicon.ico HTTP/1.1" 404 142 "-" "Caffeinated/1.1 CFNetwork/520.3.2 Darwin/11.3.0 (x86_64) (MacBookPro8%2C1)"
98.180.220.78 - - [19/Mar/2012:08:36:53 -0700] "GET / HTTP/1.1" 200 1430 "-" "Caffeinated/1.1 CFNetwork/520.3.2 Darwin/11.3.0 (x86_64) (MacBookPro8%2C1)"
98.180.220.78 - - [19/Mar/2012:08:36:53 -0700] "GET /favicon.ico HTTP/1.1" 404 142 "-" "Caffeinated/1.1 CFNetwork/520.3.2 Darwin/11.3.0 (x86_64) (MacBookPro8%2C1)"
66.249.68.52 - - [19/Mar/2012:08:36:54 -0700] "GET /r/h8s HTTP/1.1" 301 255 "-" "Mozilla/5.0 (compatible; Googlebot/2.1; +http://www.google.com/bot.html)"
66.249.68.52 - - [19/Mar/2012:08:36:55 -0700] "GET /s/ta/h8s/ HTTP/1.1" 302 421 "-" "Mozilla/5.0 (compatible; Googlebot/2.1; +http://www.google.com/bot.html)"
141.0.9.65 - - [19/Mar/2012:08:37:51 -0700] "-" 400 0 "-" "-"
98.180.220.78 - - [19/Mar/2012:08:38:20 -0700] "GET / HTTP/1.1" 200 1430 "-" "Caffeinated/1.1 CFNetwork/520.3.2 Darwin/11.3.0 (x86_64) (MacBookPro8%2C1)"
98.180.220.78 - - [19/Mar/2012:08:38:21 -0700] "GET /favicon.ico HTTP/1.1" 404 142 "-" "Caffeinated/1.1 CFNetwork/520.3.2 Darwin/11.3.0 (x86_64) (MacBookPro8%2C1)"
98.180.220.78 - - [19/Mar/2012:08:38:24 -0700] "GET / HTTP/1.1" 200 1430 "-" "Caffeinated/1.1 CFNetwork/520.3.2 Darwin/11.3.0 (x86_64) (MacBookPro8%2C1)"
98.180.220.78 - - [19/Mar/2012:08:38:24 -0700] "GET /favicon.ico HTTP/1.1" 404 142 "-" "Caffeinated/1.1 CFNetwork/520.3.2 Darwin/11.3.0 (x86_64) (MacBookPro8%2C1)"
69.171.229.250 - - [19/Mar/2012:08:38:33 -0700] "GET /r/1eg5 HTTP/1.1" 301 257 "-" "facebookexternalhit/1.1 (+http://www.facebook.com/externalhit_uatext.php)"
69.171.229.249 - - [19/Mar/2012:08:38:34 -0700] "GET /s/ta/1eg5/ HTTP/1.1" 302 337 "-" "facebookexternalhit/1.1 (+http://www.facebook.com/externalhit_uatext.php)"
85.17.88.169 - - [19/Mar/2012:08:38:58 -0700] "POST /blog/wp-cron.php?doing_wp_cron=1332171391 HTTP/1.0" 499 0 "-" "WordPress/3.3.1; http://yuvi.in/blog"
209.85.238.115 - - [19/Mar/2012:08:38:58 -0700] "GET /blog/feed/ HTTP/1.1" 304 0 "-" "Feedfetcher-Google; (+http://www.google.com/feedfetcher.html; 19 subscribers; feed-id=15064232456473204253)"
98.180.220.78 - - [19/Mar/2012:08:39:51 -0700] "GET / HTTP/1.1" 200 1430 "-" "Caffeinated/1.1 CFNetwork/520.3.2 Darwin/11.3.0 (x86_64) (MacBookPro8%2C1)"
98.180.220.78 - - [19/Mar/2012:08:39:51 -0700] "GET /favicon.ico HTTP/1.1" 404 142 "-" "Caffeinated/1.1 CFNetwork/520.3.2 Darwin/11.3.0 (x86_64) (MacBookPro8%2C1)"
98.180.220.78 - - [19/Mar/2012:08:39:54 -0700] "GET / HTTP/1.1" 200 1430 "-" "Caffeinated/1.1 CFNetwork/520.3.2 Darwin/11.3.0 (x86_64) (MacBookPro8%2C1)"
98.180.220.78 - - [19/Mar/2012:08:39:54 -0700] "GET /favicon.ico HTTP/1.1" 404 142 "-" "Caffeinated/1.1 CFNetwork/520.3.2 Darwin/11.3.0 (x86_64) (MacBookPro8%2C1)"
85.17.88.169 - - [19/Mar/2012:08:40:31 -0700] "POST /blog/wp-cron.php?doing_wp_cron=1332171484 HTTP/1.0" 499 0 "-" "WordPress/3.3.1; http://yuvi.in/blog"
189.19.216.47 - - [19/Mar/2012:08:40:32 -0700] "GET /blog/category/code/ HTTP/1.1" 200 38711 "-" "Mozilla/5.0 (compatible; Googlebot/2.1; +http://www.google.com/bot.html)"
112.79.40.107 - - [19/Mar/2012:08:40:35 -0700] "-" 400 0 "-" "-"
98.180.220.78 - - [19/Mar/2012:08:41:25 -0700] "GET / HTTP/1.1" 200 1430 "-" "Caffeinated/1.1 CFNetwork/520.3.2 Darwin/11.3.0 (x86_64) (MacBookPro8%2C1)"
98.180.220.78 - - [19/Mar/2012:08:41:25 -0700] "GET /favicon.ico HTTP/1.1" 404 142 "-" "Caffeinated/1.1 CFNetwork/520.3.2 Darwin/11.3.0 (x86_64) (MacBookPro8%2C1)"
85.17.88.169 - - [19/Mar/2012:08:41:26 -0700] "POST /blog/wp-cron.php?doing_wp_cron=1332171539 HTTP/1.0" 499 0 "-" "WordPress/3.3.1; http://yuvi.in/blog"
81.84.56.161 - - [19/Mar/2012:08:41:27 -0700] "GET /blog/tag/code/ HTTP/1.1" 200 29768 "-" "Mozilla/5.0 (compatible; Googlebot/2.1; +http://www.google.com/bot.html)"
98.180.220.78 - - [19/Mar/2012:08:41:28 -0700] "GET / HTTP/1.1" 200 1430 "-" "Caffeinated/1.1 CFNetwork/520.3.2 Darwin/11.3.0 (x86_64) (MacBookPro8%2C1)"
98.180.220.78 - - [19/Mar/2012:08:41:28 -0700] "GET /favicon.ico HTTP/1.1" 404 142 "-" "Caffeinated/1.1 CFNetwork/520.3.2 Darwin/11.3.0 (x86_64) (MacBookPro8%2C1)"
125.22.199.2 - - [19/Mar/2012:08:41:55 -0700] "-" 400 0 "-" "-"
125.22.199.2 - - [19/Mar/2012:08:41:55 -0700] "-" 400 0 "-" "-"
110.172.160.2 - - [19/Mar/2012:08:42:04 -0700] "GET /r/90s HTTP/1.1" 301 255 "http://ta.wikipedia.org/wiki/%E0%AE%AA%E0%AF%81%E0%AE%A4%E0%AE%BF%E0%AE%AF_%E0%AE%8F%E0%AE%B1%E0%AF%8D%E0%AE%AA%E0%AE%BE%E0%AE%9F%E0%AF%81" "Mozilla/5.0 (X11; Linux x86_64) AppleWebKit/535.11 (KHTML, like Gecko) Chrome/17.0.963.79 Safari/535.11"
110.172.160.2 - - [19/Mar/2012:08:42:05 -0700] "GET /s/ta/90s/ HTTP/1.1" 302 413 "http://ta.wikipedia.org/wiki/%E0%AE%AA%E0%AF%81%E0%AE%A4%E0%AE%BF%E0%AE%AF_%E0%AE%8F%E0%AE%B1%E0%AF%8D%E0%AE%AA%E0%AE%BE%E0%AE%9F%E0%AF%81" "Mozilla/5.0 (X11; Linux x86_64) AppleWebKit/535.11 (KHTML, like Gecko) Chrome/17.0.963.79 Safari/535.11"
110.172.160.2 - - [19/Mar/2012:08:42:14 -0700] "-" 400 0 "-" "-"
110.172.160.2 - - [19/Mar/2012:08:42:14 -0700] "-" 400 0 "-" "-"
66.249.68.52 - - [19/Mar/2012:08:42:52 -0700] "GET /r/1zcn HTTP/1.1" 301 257 "-" "Mozilla/5.0 (compatible; Googlebot/2.1; +http://www.google.com/bot.html)"
66.249.68.52 - - [19/Mar/2012:08:42:52 -0700] "GET /s/ta/1zcn/ HTTP/1.1" 302 397 "-" "Mozilla/5.0 (compatible; Googlebot/2.1; +http://www.google.com/bot.html)"
98.180.220.78 - - [19/Mar/2012:08:42:57 -0700] "GET / HTTP/1.1" 200 1430 "-" "Caffeinated/1.1 CFNetwork/520.3.2 Darwin/11.3.0 (x86_64) (MacBookPro8%2C1)"
98.180.220.78 - - [19/Mar/2012:08:42:57 -0700] "GET /favicon.ico HTTP/1.1" 404 142 "-" "Caffeinated/1.1 CFNetwork/520.3.2 Darwin/11.3.0 (x86_64) (MacBookPro8%2C1)"
98.180.220.78 - - [19/Mar/2012:08:43:00 -0700] "GET / HTTP/1.1" 200 1430 "-" "Caffeinated/1.1 CFNetwork/520.3.2 Darwin/11.3.0 (x86_64) (MacBookPro8%2C1)"
98.180.220.78 - - [19/Mar/2012:08:43:00 -0700] "GET /favicon.ico HTTP/1.1" 404 142 "-" "Caffeinated/1.1 CFNetwork/520.3.2 Darwin/11.3.0 (x86_64) (MacBookPro8%2C1)"
98.180.220.78 - - [19/Mar/2012:08:44:29 -0700] "GET / HTTP/1.1" 200 1430 "-" "Caffeinated/1.1 CFNetwork/520.3.2 Darwin/11.3.0 (x86_64) (MacBookPro8%2C1)"
98.180.220.78 - - [19/Mar/2012:08:44:29 -0700] "GET /favicon.ico HTTP/1.1" 404 142 "-" "Caffeinated/1.1 CFNetwork/520.3.2 Darwin/11.3.0 (x86_64) (MacBookPro8%2C1)"
98.180.220.78 - - [19/Mar/2012:08:44:33 -0700] "GET / HTTP/1.1" 200 1430 "-" "Caffeinated/1.1 CFNetwork/520.3.2 Darwin/11.3.0 (x86_64) (MacBookPro8%2C1)"
98.180.220.78 - - [19/Mar/2012:08:44:33 -0700] "GET /favicon.ico HTTP/1.1" 404 142 "-" "Caffeinated/1.1 CFNetwork/520.3.2 Darwin/11.3.0 (x86_64) (MacBookPro8%2C1)"
223.235.151.109 - - [19/Mar/2012:08:45:09 -0700] "-" 400 0 "-" "-"
98.180.220.78 - - [19/Mar/2012:08:45:58 -0700] "GET / HTTP/1.1" 200 1430 "-" "Caffeinated/1.1 CFNetwork/520.3.2 Darwin/11.3.0 (x86_64) (MacBookPro8%2C1)"
98.180.220.78 - - [19/Mar/2012:08:45:58 -0700] "GET /favicon.ico HTTP/1.1" 404 142 "-" "Caffeinated/1.1 CFNetwork/520.3.2 Darwin/11.3.0 (x86_64) (MacBookPro8%2C1)"
98.180.220.78 - - [19/Mar/2012:08:46:00 -0700] "GET / HTTP/1.1" 200 1430 "-" "Caffeinated/1.1 CFNetwork/520.3.2 Darwin/11.3.0 (x86_64) (MacBookPro8%2C1)"
98.180.220.78 - - [19/Mar/2012:08:46:00 -0700] "GET /favicon.ico HTTP/1.1" 404 142 "-" "Caffeinated/1.1 CFNetwork/520.3.2 Darwin/11.3.0 (x86_64) (MacBookPro8%2C1)"
85.17.88.169 - - [19/Mar/2012:08:46:44 -0700] "POST /blog/wp-cron.php?doing_wp_cron=1332171857 HTTP/1.0" 499 0 "-" "WordPress/3.3.1; http://yuvi.in/blog"
208.115.113.84 - - [19/Mar/2012:08:46:45 -0700] "GET /blog/2009/07/ HTTP/1.1" 200 33259 "-" "Mozilla/5.0 (compatible; Ezooms/1.0; ezooms.bot@gmail.com)"
113.193.122.4 - - [19/Mar/2012:08:46:46 -0700] "-" 400 0 "-" "-"
113.193.122.4 - - [19/Mar/2012:08:46:46 -0700] "-" 400 0 "-" "-"
85.17.88.169 - - [19/Mar/2012:08:46:51 -0700] "POST /blog/wp-cron.php?doing_wp_cron=1332171864 HTTP/1.0" 499 0 "-" "WordPress/3.3.1; http://yuvi.in/blog"
208.115.113.84 - - [19/Mar/2012:08:46:52 -0700] "GET /blog/2010/05/ HTTP/1.1" 200 30493 "-" "Mozilla/5.0 (compatible; Ezooms/1.0; ezooms.bot@gmail.com)"
85.17.88.169 - - [19/Mar/2012:08:46:58 -0700] "POST /blog/wp-cron.php?doing_wp_cron=1332171871 HTTP/1.0" 499 0 "-" "WordPress/3.3.1; http://yuvi.in/blog"
208.115.113.84 - - [19/Mar/2012:08:46:58 -0700] "GET /blog/2010/06/06/ HTTP/1.1" 200 16189 "-" "Mozilla/5.0 (compatible; Ezooms/1.0; ezooms.bot@gmail.com)"
119.63.196.118 - - [19/Mar/2012:08:47:02 -0700] "GET /robots.txt HTTP/1.1" 404 142 "-" "Baiduspider+(+http://www.baidu.com/search/spider.htm)"
85.17.88.169 - - [19/Mar/2012:08:47:03 -0700] "POST /blog/wp-cron.php?doing_wp_cron=1332171877 HTTP/1.0" 499 0 "-" "WordPress/3.3.1; http://yuvi.in/blog"
208.115.113.84 - - [19/Mar/2012:08:47:04 -0700] "GET /blog/belated-samsung-galaxy-3-review/ HTTP/1.1" 200 21565 "-" "Mozilla/5.0 (compatible; Ezooms/1.0; ezooms.bot@gmail.com)"
85.17.88.169 - - [19/Mar/2012:08:47:12 -0700] "POST /blog/wp-cron.php?doing_wp_cron=1332171885 HTTP/1.0" 499 0 "-" "WordPress/3.3.1; http://yuvi.in/blog"
208.115.113.84 - - [19/Mar/2012:08:47:12 -0700] "GET /blog/cheese-gsoc-report-week-8/feed/ HTTP/1.1" 200 773 "-" "Mozilla/5.0 (compatible; Ezooms/1.0; ezooms.bot@gmail.com)"
98.180.220.78 - - [19/Mar/2012:08:47:32 -0700] "GET / HTTP/1.1" 200 1430 "-" "Caffeinated/1.1 CFNetwork/520.3.2 Darwin/11.3.0 (x86_64) (MacBookPro8%2C1)"
98.180.220.78 - - [19/Mar/2012:08:47:32 -0700] "GET /favicon.ico HTTP/1.1" 404 142 "-" "Caffeinated/1.1 CFNetwork/520.3.2 Darwin/11.3.0 (x86_64) (MacBookPro8%2C1)"
98.180.220.78 - - [19/Mar/2012:08:47:34 -0700] "GET / HTTP/1.1" 200 1430 "-" "Caffeinated/1.1 CFNetwork/520.3.2 Darwin/11.3.0 (x86_64) (MacBookPro8%2C1)"
98.180.220.78 - - [19/Mar/2012:08:47:35 -0700] "GET /favicon.ico HTTP/1.1" 404 142 "-" "Caffeinated/1.1 CFNetwork/520.3.2 Darwin/11.3.0 (x86_64) (MacBookPro8%2C1)"
14.99.187.207 - - [19/Mar/2012:08:47:44 -0700] "-" 400 0 "-" "-"
14.99.187.207 - - [19/Mar/2012:08:47:44 -0700] "-" 400 0 "-" "-"
14.99.187.207 - - [19/Mar/2012:08:47:44 -0700] "-" 400 0 "-" "-"
14.99.187.207 - - [19/Mar/2012:08:48:04 -0700] "-" 400 0 "-" "-"
98.180.220.78 - - [19/Mar/2012:08:49:09 -0700] "GET / HTTP/1.1" 200 1430 "-" "Caffeinated/1.1 CFNetwork/520.3.2 Darwin/11.3.0 (x86_64) (MacBookPro8%2C1)"
98.180.220.78 - - [19/Mar/2012:08:49:09 -0700] "GET /favicon.ico HTTP/1.1" 404 142 "-" "Caffeinated/1.1 CFNetwork/520.3.2 Darwin/11.3.0 (x86_64) (MacBookPro8%2C1)"
98.180.220.78 - - [19/Mar/2012:08:49:12 -0700] "GET / HTTP/1.1" 200 1430 "-" "Caffeinated/1.1 CFNetwork/520.3.2 Darwin/11.3.0 (x86_64) (MacBookPro8%2C1)"
98.180.220.78 - - [19/Mar/2012:08:49:12 -0700] "GET /favicon.ico HTTP/1.1" 404 142 "-" "Caffeinated/1.1 CFNetwork/520.3.2 Darwin/11.3.0 (x86_64) (MacBookPro8%2C1)"
69.171.228.248 - - [19/Mar/2012:08:49:30 -0700] "GET /r/1eg5 HTTP/1.1" 301 257 "-" "facebookexternalhit/1.1 (+http://www.facebook.com/externalhit_uatext.php)"
69.171.228.251 - - [19/Mar/2012:08:49:31 -0700] "GET /s/ta/1eg5/ HTTP/1.1" 302 337 "-" "facebookexternalhit/1.1 (+http://www.facebook.com/externalhit_uatext.php)"
117.193.41.238 - - [19/Mar/2012:08:50:07 -0700] "-" 400 0 "-" "-"
98.180.220.78 - - [19/Mar/2012:08:50:41 -0700] "GET / HTTP/1.1" 200 1430 "-" "Caffeinated/1.1 CFNetwork/520.3.2 Darwin/11.3.0 (x86_64) (MacBookPro8%2C1)"
98.180.220.78 - - [19/Mar/2012:08:50:41 -0700] "GET /favicon.ico HTTP/1.1" 404 142 "-" "Caffeinated/1.1 CFNetwork/520.3.2 Darwin/11.3.0 (x86_64) (MacBookPro8%2C1)"
98.180.220.78 - - [19/Mar/2012:08:50:44 -0700] "GET / HTTP/1.1" 200 1430 "-" "Caffeinated/1.1 CFNetwork/520.3.2 Darwin/11.3.0 (x86_64) (MacBookPro8%2C1)"
98.180.220.78 - - [19/Mar/2012:08:50:44 -0700] "GET /favicon.ico HTTP/1.1" 404 142 "-" "Caffeinated/1.1 CFNetwork/520.3.2 Darwin/11.3.0 (x86_64) (MacBookPro8%2C1)"
66.249.68.52 - - [19/Mar/2012:08:51:49 -0700] "GET /r/2je6 HTTP/1.1" 301 257 "-" "Mozilla/5.0 (compatible; Googlebot/2.1; +http://www.google.com/bot.html)"
66.249.68.52 - - [19/Mar/2012:08:51:49 -0700] "GET /s/ta/2je6/ HTTP/1.1" 302 653 "-" "Mozilla/5.0 (compatible; Googlebot/2.1; +http://www.google.com/bot.html)"
98.180.220.78 - - [19/Mar/2012:08:52:11 -0700] "GET / HTTP/1.1" 200 1430 "-" "Caffeinated/1.1 CFNetwork/520.3.2 Darwin/11.3.0 (x86_64) (MacBookPro8%2C1)"
98.180.220.78 - - [19/Mar/2012:08:52:11 -0700] "GET /favicon.ico HTTP/1.1" 404 142 "-" "Caffeinated/1.1 CFNetwork/520.3.2 Darwin/11.3.0 (x86_64) (MacBookPro8%2C1)"
98.180.220.78 - - [19/Mar/2012:08:52:14 -0700] "GET / HTTP/1.1" 200 1430 "-" "Caffeinated/1.1 CFNetwork/520.3.2 Darwin/11.3.0 (x86_64) (MacBookPro8%2C1)"
98.180.220.78 - - [19/Mar/2012:08:52:14 -0700] "GET /favicon.ico HTTP/1.1" 404 142 "-" "Caffeinated/1.1 CFNetwork/520.3.2 Darwin/11.3.0 (x86_64) (MacBookPro8%2C1)"
117.202.176.215 - - [19/Mar/2012:08:52:30 -0700] "-" 400 0 "-" "-"
69.171.228.246 - - [19/Mar/2012:08:52:57 -0700] "GET /r/1eg5 HTTP/1.1" 301 257 "-" "facebookexternalhit/1.1 (+http://www.facebook.com/externalhit_uatext.php)"
69.171.228.245 - - [19/Mar/2012:08:52:57 -0700] "GET /s/ta/1eg5/ HTTP/1.1" 302 337 "-" "facebookexternalhit/1.1 (+http://www.facebook.com/externalhit_uatext.php)"
66.220.158.244 - - [19/Mar/2012:08:53:04 -0700] "GET /r/1x7m HTTP/1.1" 301 257 "-" "facebookexternalhit/1.1 (+http://www.facebook.com/externalhit_uatext.php)"
66.220.158.247 - - [19/Mar/2012:08:53:04 -0700] "GET /s/ta/1x7m/ HTTP/1.1" 302 513 "-" "facebookexternalhit/1.1 (+http://www.facebook.com/externalhit_uatext.php)"
98.180.220.78 - - [19/Mar/2012:08:53:43 -0700] "GET / HTTP/1.1" 200 1430 "-" "Caffeinated/1.1 CFNetwork/520.3.2 Darwin/11.3.0 (x86_64) (MacBookPro8%2C1)"
98.180.220.78 - - [19/Mar/2012:08:53:43 -0700] "GET /favicon.ico HTTP/1.1" 404 142 "-" "Caffeinated/1.1 CFNetwork/520.3.2 Darwin/11.3.0 (x86_64) (MacBookPro8%2C1)"
98.180.220.78 - - [19/Mar/2012:08:53:46 -0700] "GET / HTTP/1.1" 200 1430 "-" "Caffeinated/1.1 CFNetwork/520.3.2 Darwin/11.3.0 (x86_64) (MacBookPro8%2C1)"
98.180.220.78 - - [19/Mar/2012:08:53:46 -0700] "GET /favicon.ico HTTP/1.1" 404 142 "-" "Caffeinated/1.1 CFNetwork/520.3.2 Darwin/11.3.0 (x86_64) (MacBookPro8%2C1)"
117.202.131.21 - - [19/Mar/2012:08:53:52 -0700] "GET / HTTP/1.1" 200 1430 "http://www.twenty19.com/blog/going-code-crazy/" "Mozilla/5.0 (Windows; U; Windows NT 6.1; en-US; rv:1.9.2.28) Gecko/20120306 Firefox/3.6.28"
117.202.131.21 - - [19/Mar/2012:08:53:52 -0700] "GET /blueprint/screen.css HTTP/1.1" 200 12058 "http://yuvi.in/" "Mozilla/5.0 (Windows; U; Windows NT 6.1; en-US; rv:1.9.2.28) Gecko/20120306 Firefox/3.6.28"
117.202.131.21 - - [19/Mar/2012:08:53:53 -0700] "GET /blueprint/print.css HTTP/1.1" 200 1284 "http://yuvi.in/" "Mozilla/5.0 (Windows; U; Windows NT 6.1; en-US; rv:1.9.2.28) Gecko/20120306 Firefox/3.6.28"
117.202.131.21 - - [19/Mar/2012:08:53:53 -0700] "GET /header.png HTTP/1.1" 200 14249 "http://yuvi.in/" "Mozilla/5.0 (Windows; U; Windows NT 6.1; en-US; rv:1.9.2.28) Gecko/20120306 Firefox/3.6.28"
117.202.131.21 - - [19/Mar/2012:08:53:54 -0700] "GET /favicon.ico HTTP/1.1" 404 142 "-" "Mozilla/5.0 (Windows; U; Windows NT 6.1; en-US; rv:1.9.2.28) Gecko/20120306 Firefox/3.6.28"
117.202.131.21 - - [19/Mar/2012:08:53:57 -0700] "GET /favicon.ico HTTP/1.1" 404 142 "-" "Mozilla/5.0 (Windows; U; Windows NT 6.1; en-US; rv:1.9.2.28) Gecko/20120306 Firefox/3.6.28"
117.202.131.21 - - [19/Mar/2012:08:53:58 -0700] "GET /favicon.ico HTTP/1.1" 404 142 "-" "Mozilla/5.0 (Windows; U; Windows NT 6.1; en-US; rv:1.9.2.28) Gecko/20120306 Firefox/3.6.28"
117.202.131.21 - - [19/Mar/2012:08:54:07 -0700] "GET /blog HTTP/1.1" 301 178 "http://yuvi.in/" "Mozilla/5.0 (Windows; U; Windows NT 6.1; en-US; rv:1.9.2.28) Gecko/20120306 Firefox/3.6.28"
85.17.88.169 - - [19/Mar/2012:08:54:10 -0700] "POST /blog/wp-cron.php?doing_wp_cron=1332172303 HTTP/1.0" 499 0 "-" "WordPress/3.3.1; http://yuvi.in/blog"
117.202.131.21 - - [19/Mar/2012:08:54:10 -0700] "GET /blog/ HTTP/1.1" 200 9195 "http://yuvi.in/" "Mozilla/5.0 (Windows; U; Windows NT 6.1; en-US; rv:1.9.2.28) Gecko/20120306 Firefox/3.6.28"
117.202.131.21 - - [19/Mar/2012:08:54:11 -0700] "GET /blog/wp-content/themes/cleanr/js/jquery.dropdown.js?ver=3.3.1 HTTP/1.1" 200 535 "http://yuvi.in/blog/" "Mozilla/5.0 (Windows; U; Windows NT 6.1; en-US; rv:1.9.2.28) Gecko/20120306 Firefox/3.6.28"
117.202.131.21 - - [19/Mar/2012:08:54:11 -0700] "GET /blog/wp-content/themes/cleanr/style.css HTTP/1.1" 200 10508 "http://yuvi.in/blog/" "Mozilla/5.0 (Windows; U; Windows NT 6.1; en-US; rv:1.9.2.28) Gecko/20120306 Firefox/3.6.28"
117.202.131.21 - - [19/Mar/2012:08:54:13 -0700] "GET /blog/wp-content/themes/cleanr/css/reset.css HTTP/1.1" 200 648 "http://yuvi.in/blog/wp-content/themes/cleanr/style.css" "Mozilla/5.0 (Windows; U; Windows NT 6.1; en-US; rv:1.9.2.28) Gecko/20120306 Firefox/3.6.28"
117.202.131.21 - - [19/Mar/2012:08:54:13 -0700] "GET /blog/wp-content/themes/cleanr/css/text.css HTTP/1.1" 200 420 "http://yuvi.in/blog/wp-content/themes/cleanr/style.css" "Mozilla/5.0 (Windows; U; Windows NT 6.1; en-US; rv:1.9.2.28) Gecko/20120306 Firefox/3.6.28"
117.202.131.21 - - [19/Mar/2012:08:54:13 -0700] "GET /blog/wp-content/themes/cleanr/css/960.css HTTP/1.1" 200 3628 "http://yuvi.in/blog/wp-content/themes/cleanr/style.css" "Mozilla/5.0 (Windows; U; Windows NT 6.1; en-US; rv:1.9.2.28) Gecko/20120306 Firefox/3.6.28"
117.202.131.21 - - [19/Mar/2012:08:54:13 -0700] "GET /blog/wp-includes/js/jquery/jquery.js?ver=1.7.1 HTTP/1.1" 200 93889 "http://yuvi.in/blog/" "Mozilla/5.0 (Windows; U; Windows NT 6.1; en-US; rv:1.9.2.28) Gecko/20120306 Firefox/3.6.28"
117.202.131.21 - - [19/Mar/2012:08:54:15 -0700] "GET /blog/wp-content/themes/cleanr/images/search_magnifier.gif HTTP/1.1" 200 394 "http://yuvi.in/blog/" "Mozilla/5.0 (Windows; U; Windows NT 6.1; en-US; rv:1.9.2.28) Gecko/20120306 Firefox/3.6.28"
117.202.176.215 - - [19/Mar/2012:08:54:40 -0700] "-" 400 0 "-" "-"
117.202.176.215 - - [19/Mar/2012:08:54:40 -0700] "-" 400 0 "-" "-"
117.202.176.215 - - [19/Mar/2012:08:54:40 -0700] "-" 400 0 "-" "-"
117.202.131.21 - - [19/Mar/2012:08:54:44 -0700] "GET /stories HTTP/1.1" 301 185 "http://yuvi.in/" "Mozilla/5.0 (Windows; U; Windows NT 6.1; en-US; rv:1.9.2.28) Gecko/20120306 Firefox/3.6.28"
117.202.131.21 - - [19/Mar/2012:08:54:44 -0700] "GET /stories/ HTTP/1.1" 200 1271 "http://yuvi.in/" "Mozilla/5.0 (Windows; U; Windows NT 6.1; en-US; rv:1.9.2.28) Gecko/20120306 Firefox/3.6.28"
117.202.131.21 - - [19/Mar/2012:08:54:45 -0700] "GET /stories/static/style.css HTTP/1.1" 200 1274 "http://yuvi.in/stories/" "Mozilla/5.0 (Windows; U; Windows NT 6.1; en-US; rv:1.9.2.28) Gecko/20120306 Firefox/3.6.28"
117.202.131.21 - - [19/Mar/2012:08:54:45 -0700] "GET /stories/static/codehilite.css HTTP/1.1" 200 4012 "http://yuvi.in/stories/" "Mozilla/5.0 (Windows; U; Windows NT 6.1; en-US; rv:1.9.2.28) Gecko/20120306 Firefox/3.6.28"
69.171.228.249 - - [19/Mar/2012:08:54:45 -0700] "GET /r/1eg5 HTTP/1.1" 301 257 "-" "facebookexternalhit/1.1 (+http://www.facebook.com/externalhit_uatext.php)"
69.171.228.248 - - [19/Mar/2012:08:54:45 -0700] "GET /s/ta/1eg5/ HTTP/1.1" 302 337 "-" "facebookexternalhit/1.1 (+http://www.facebook.com/externalhit_uatext.php)"
117.202.131.21 - - [19/Mar/2012:08:54:54 -0700] "GET /stories/it-s-never-over.html HTTP/1.1" 200 1780 "http://yuvi.in/stories/" "Mozilla/5.0 (Windows; U; Windows NT 6.1; en-US; rv:1.9.2.28) Gecko/20120306 Firefox/3.6.28"
117.202.131.21 - - [19/Mar/2012:08:54:57 -0700] "GET /stories/hopeless-romantic.html HTTP/1.1" 200 2031 "http://yuvi.in/stories/" "Mozilla/5.0 (Windows; U; Windows NT 6.1; en-US; rv:1.9.2.28) Gecko/20120306 Firefox/3.6.28"
117.202.176.215 - - [19/Mar/2012:08:55:00 -0700] "-" 400 0 "-" "-"
117.202.176.215 - - [19/Mar/2012:08:55:00 -0700] "-" 400 0 "-" "-"
69.171.234.3 - - [19/Mar/2012:08:55:33 -0700] "GET /r/1hwd HTTP/1.1" 301 257 "-" "facebookexternalhit/1.1 (+http://www.facebook.com/externalhit_uatext.php)"
69.171.234.2 - - [19/Mar/2012:08:55:33 -0700] "GET /s/ta/1hwd/ HTTP/1.1" 302 461 "-" "facebookexternalhit/1.1 (+http://www.facebook.com/externalhit_uatext.php)"
98.180.220.78 - - [19/Mar/2012:08:55:37 -0700] "GET / HTTP/1.1" 200 1430 "-" "Caffeinated/1.1 CFNetwork/520.3.2 Darwin/11.3.0 (x86_64) (MacBookPro8%2C1)"
98.180.220.78 - - [19/Mar/2012:08:55:37 -0700] "GET /favicon.ico HTTP/1.1" 404 142 "-" "Caffeinated/1.1 CFNetwork/520.3.2 Darwin/11.3.0 (x86_64) (MacBookPro8%2C1)"
98.180.220.78 - - [19/Mar/2012:08:55:40 -0700] "GET / HTTP/1.1" 200 1430 "-" "Caffeinated/1.1 CFNetwork/520.3.2 Darwin/11.3.0 (x86_64) (MacBookPro8%2C1)"
98.180.220.78 - - [19/Mar/2012:08:55:40 -0700] "GET /favicon.ico HTTP/1.1" 404 142 "-" "Caffeinated/1.1 CFNetwork/520.3.2 Darwin/11.3.0 (x86_64) (MacBookPro8%2C1)"
117.202.176.215 - - [19/Mar/2012:08:56:20 -0700] "-" 400 0 "-" "-"
69.171.228.249 - - [19/Mar/2012:08:56:51 -0700] "GET /r/1eg5 HTTP/1.1" 301 257 "-" "facebookexternalhit/1.1 (+http://www.facebook.com/externalhit_uatext.php)"
69.171.228.251 - - [19/Mar/2012:08:56:51 -0700] "GET /s/ta/1eg5/ HTTP/1.1" 302 337 "-" "facebookexternalhit/1.1 (+http://www.facebook.com/externalhit_uatext.php)"
117.202.131.21 - - [19/Mar/2012:08:57:05 -0700] "GET /stories/treat-of-a-lifetime.html HTTP/1.1" 200 3155 "http://yuvi.in/stories/" "Mozilla/5.0 (Windows; U; Windows NT 6.1; en-US; rv:1.9.2.28) Gecko/20120306 Firefox/3.6.28"
117.202.176.215 - - [19/Mar/2012:08:57:20 -0700] "-" 400 0 "-" "-"
117.202.176.215 - - [19/Mar/2012:08:57:20 -0700] "-" 400 0 "-" "-"
117.202.176.215 - - [19/Mar/2012:08:57:20 -0700] "-" 400 0 "-" "-"
98.180.220.78 - - [19/Mar/2012:08:57:30 -0700] "GET / HTTP/1.1" 200 1430 "-" "Caffeinated/1.1 CFNetwork/520.3.2 Darwin/11.3.0 (x86_64) (MacBookPro8%2C1)"
98.180.220.78 - - [19/Mar/2012:08:57:30 -0700] "GET /favicon.ico HTTP/1.1" 404 142 "-" "Caffeinated/1.1 CFNetwork/520.3.2 Darwin/11.3.0 (x86_64) (MacBookPro8%2C1)"
98.180.220.78 - - [19/Mar/2012:08:57:34 -0700] "GET / HTTP/1.1" 200 1430 "-" "Caffeinated/1.1 CFNetwork/520.3.2 Darwin/11.3.0 (x86_64) (MacBookPro8%2C1)"
98.180.220.78 - - [19/Mar/2012:08:57:34 -0700] "GET /favicon.ico HTTP/1.1" 404 142 "-" "Caffeinated/1.1 CFNetwork/520.3.2 Darwin/11.3.0 (x86_64) (MacBookPro8%2C1)"
223.235.62.230 - - [19/Mar/2012:08:57:34 -0700] "-" 400 0 "-" "-"
66.249.68.52 - - [19/Mar/2012:08:57:46 -0700] "GET /r/2tz3 HTTP/1.1" 301 257 "-" "Mozilla/5.0 (compatible; Googlebot/2.1; +http://www.google.com/bot.html)"
66.249.68.52 - - [19/Mar/2012:08:57:46 -0700] "GET /s/ta/2tz3/ HTTP/1.1" 302 337 "-" "Mozilla/5.0 (compatible; Googlebot/2.1; +http://www.google.com/bot.html)"
85.17.88.169 - - [19/Mar/2012:08:58:04 -0700] "POST /blog/wp-cron.php?doing_wp_cron=1332172537 HTTP/1.0" 499 0 "-" "WordPress/3.3.1; http://yuvi.in/blog"
97.117.96.3 - - [19/Mar/2012:08:58:05 -0700] "GET /blog/favicon.ico HTTP/1.1" 404 3016 "-" "Mozilla/5.0 (Windows NT 5.1; rv:11.0) Gecko/20100101 Firefox/11.0"
69.171.228.248 - - [19/Mar/2012:08:58:21 -0700] "GET /r/eam HTTP/1.1" 301 255 "-" "facebookexternalhit/1.1 (+http://www.facebook.com/externalhit_uatext.php)"
69.171.228.246 - - [19/Mar/2012:08:58:21 -0700] "GET /s/ta/eam/ HTTP/1.1" 302 421 "-" "facebookexternalhit/1.1 (+http://www.facebook.com/externalhit_uatext.php)"
117.202.183.195 - - [19/Mar/2012:08:59:05 -0700] "-" 400 0 "-" "-"
85.17.88.169 - - [19/Mar/2012:08:59:18 -0700] "POST /blog/wp-cron.php?doing_wp_cron=1332172611 HTTP/1.0" 499 0 "-" "WordPress/3.3.1; http://yuvi.in/blog"
209.85.224.87 - - [19/Mar/2012:08:59:18 -0700] "GET /blog/feed HTTP/1.1" 304 0 "-" "FeedBurner/1.0 (http://www.FeedBurner.com)"
98.180.220.78 - - [19/Mar/2012:08:59:28 -0700] "GET / HTTP/1.1" 200 1430 "-" "Caffeinated/1.1 CFNetwork/520.3.2 Darwin/11.3.0 (x86_64) (MacBookPro8%2C1)"
98.180.220.78 - - [19/Mar/2012:08:59:29 -0700] "GET /favicon.ico HTTP/1.1" 404 142 "-" "Caffeinated/1.1 CFNetwork/520.3.2 Darwin/11.3.0 (x86_64) (MacBookPro8%2C1)"
98.180.220.78 - - [19/Mar/2012:08:59:31 -0700] "GET / HTTP/1.1" 200 1430 "-" "Caffeinated/1.1 CFNetwork/520.3.2 Darwin/11.3.0 (x86_64) (MacBookPro8%2C1)"
98.180.220.78 - - [19/Mar/2012:08:59:31 -0700] "GET /favicon.ico HTTP/1.1" 404 142 "-" "Caffeinated/1.1 CFNetwork/520.3.2 Darwin/11.3.0 (x86_64) (MacBookPro8%2C1)"
207.46.12.74 - - [19/Mar/2012:09:00:23 -0700] "-" 400 0 "-" "-"
207.46.12.74 - - [19/Mar/2012:09:00:25 -0700] "-" 400 0 "-" "-"
207.46.12.74 - - [19/Mar/2012:09:00:25 -0700] "-" 400 0 "-" "-"
207.46.12.74 - - [19/Mar/2012:09:00:25 -0700] "-" 400 0 "-" "-"
207.46.12.74 - - [19/Mar/2012:09:00:25 -0700] "-" 400 0 "-" "-"
207.46.12.74 - - [19/Mar/2012:09:00:27 -0700] "-" 400 0 "-" "-"
207.46.12.74 - - [19/Mar/2012:09:00:29 -0700] "-" 400 0 "-" "-"
207.46.12.74 - - [19/Mar/2012:09:00:29 -0700] "-" 400 0 "-" "-"
207.46.12.74 - - [19/Mar/2012:09:00:29 -0700] "-" 400 0 "-" "-"
207.46.12.74 - - [19/Mar/2012:09:00:31 -0700] "-" 400 0 "-" "-"
173.254.204.107 - - [19/Mar/2012:09:00:50 -0700] "GET /favicon.ico HTTP/1.1" 404 142 "http://prashanth-kamle.blogspot.com/2008/08/life-at-iit-bombay.html" "samsung-gt-s3850/UC Browser8.0.3.107/69/352 UNTRUSTED/1.0"
98.180.220.78 - - [19/Mar/2012:09:01:42 -0700] "GET / HTTP/1.1" 200 1430 "-" "Caffeinated/1.1 CFNetwork/520.3.2 Darwin/11.3.0 (x86_64) (MacBookPro8%2C1)"
98.180.220.78 - - [19/Mar/2012:09:01:43 -0700] "GET /favicon.ico HTTP/1.1" 404 142 "-" "Caffeinated/1.1 CFNetwork/520.3.2 Darwin/11.3.0 (x86_64) (MacBookPro8%2C1)"
98.180.220.78 - - [19/Mar/2012:09:01:46 -0700] "GET / HTTP/1.1" 200 1430 "-" "Caffeinated/1.1 CFNetwork/520.3.2 Darwin/11.3.0 (x86_64) (MacBookPro8%2C1)"
98.180.220.78 - - [19/Mar/2012:09:01:46 -0700] "GET /favicon.ico HTTP/1.1" 404 142 "-" "Caffeinated/1.1 CFNetwork/520.3.2 Darwin/11.3.0 (x86_64) (MacBookPro8%2C1)"
89.185.234.128 - - [19/Mar/2012:09:02:33 -0700] "-" 400 0 "-" "-"
89.185.228.154 - - [19/Mar/2012:09:02:33 -0700] "-" 400 0 "-" "-"
69.171.228.250 - - [19/Mar/2012:09:02:44 -0700] "GET /r/1x7m HTTP/1.1" 301 257 "-" "facebookexternalhit/1.1 (+http://www.facebook.com/externalhit_uatext.php)"
69.171.228.251 - - [19/Mar/2012:09:02:44 -0700] "GET /s/ta/1x7m/ HTTP/1.1" 302 513 "-" "facebookexternalhit/1.1 (+http://www.facebook.com/externalhit_uatext.php)"
207.46.12.72 - - [19/Mar/2012:09:03:15 -0700] "-" 400 0 "-" "-"
207.46.12.72 - - [19/Mar/2012:09:03:16 -0700] "-" 400 0 "-" "-"
207.46.12.72 - - [19/Mar/2012:09:03:16 -0700] "-" 400 0 "-" "-"
207.46.12.72 - - [19/Mar/2012:09:03:16 -0700] "-" 400 0 "-" "-"
207.46.12.72 - - [19/Mar/2012:09:03:16 -0700] "-" 400 0 "-" "-"
207.46.12.72 - - [19/Mar/2012:09:03:16 -0700] "-" 400 0 "-" "-"
207.46.12.72 - - [19/Mar/2012:09:03:16 -0700] "-" 400 0 "-" "-"
207.46.12.72 - - [19/Mar/2012:09:03:16 -0700] "-" 400 0 "-" "-"
207.46.12.72 - - [19/Mar/2012:09:03:16 -0700] "-" 400 0 "-" "-"
207.46.12.72 - - [19/Mar/2012:09:03:16 -0700] "-" 400 0 "-" "-"
98.180.220.78 - - [19/Mar/2012:09:03:23 -0700] "GET / HTTP/1.1" 200 1430 "-" "Caffeinated/1.1 CFNetwork/520.3.2 Darwin/11.3.0 (x86_64) (MacBookPro8%2C1)"
98.180.220.78 - - [19/Mar/2012:09:03:23 -0700] "GET /favicon.ico HTTP/1.1" 404 142 "-" "Caffeinated/1.1 CFNetwork/520.3.2 Darwin/11.3.0 (x86_64) (MacBookPro8%2C1)"
98.180.220.78 - - [19/Mar/2012:09:03:26 -0700] "GET / HTTP/1.1" 200 1430 "-" "Caffeinated/1.1 CFNetwork/520.3.2 Darwin/11.3.0 (x86_64) (MacBookPro8%2C1)"
98.180.220.78 - - [19/Mar/2012:09:03:26 -0700] "GET /favicon.ico HTTP/1.1" 404 142 "-" "Caffeinated/1.1 CFNetwork/520.3.2 Darwin/11.3.0 (x86_64) (MacBookPro8%2C1)"
207.46.12.72 - - [19/Mar/2012:09:03:57 -0700] "-" 400 0 "-" "-"
157.55.112.209 - - [19/Mar/2012:09:04:09 -0700] "-" 400 0 "-" "-"
157.55.112.209 - - [19/Mar/2012:09:04:10 -0700] "-" 400 0 "-" "-"
157.55.112.209 - - [19/Mar/2012:09:04:11 -0700] "-" 400 0 "-" "-"
157.55.112.209 - - [19/Mar/2012:09:04:11 -0700] "-" 400 0 "-" "-"
157.55.112.209 - - [19/Mar/2012:09:04:11 -0700] "-" 400 0 "-" "-"
157.55.112.209 - - [19/Mar/2012:09:04:12 -0700] "-" 400 0 "-" "-"
157.55.112.209 - - [19/Mar/2012:09:04:12 -0700] "-" 400 0 "-" "-"
157.55.112.209 - - [19/Mar/2012:09:04:12 -0700] "-" 400 0 "-" "-"
157.55.112.209 - - [19/Mar/2012:09:04:13 -0700] "-" 400 0 "-" "-"
98.180.220.78 - - [19/Mar/2012:09:05:27 -0700] "GET / HTTP/1.1" 200 1430 "-" "Caffeinated/1.1 CFNetwork/520.3.2 Darwin/11.3.0 (x86_64) (MacBookPro8%2C1)"
98.180.220.78 - - [19/Mar/2012:09:05:27 -0700] "GET /favicon.ico HTTP/1.1" 404 142 "-" "Caffeinated/1.1 CFNetwork/520.3.2 Darwin/11.3.0 (x86_64) (MacBookPro8%2C1)"
98.180.220.78 - - [19/Mar/2012:09:05:30 -0700] "GET / HTTP/1.1" 200 1430 "-" "Caffeinated/1.1 CFNetwork/520.3.2 Darwin/11.3.0 (x86_64) (MacBookPro8%2C1)"
98.180.220.78 - - [19/Mar/2012:09:05:30 -0700] "GET /favicon.ico HTTP/1.1" 404 142 "-" "Caffeinated/1.1 CFNetwork/520.3.2 Darwin/11.3.0 (x86_64) (MacBookPro8%2C1)"
98.180.220.78 - - [19/Mar/2012:09:07:05 -0700] "GET / HTTP/1.1" 200 1430 "-" "Caffeinated/1.1 CFNetwork/520.3.2 Darwin/11.3.0 (x86_64) (MacBookPro8%2C1)"
98.180.220.78 - - [19/Mar/2012:09:07:05 -0700] "GET /favicon.ico HTTP/1.1" 404 142 "-" "Caffeinated/1.1 CFNetwork/520.3.2 Darwin/11.3.0 (x86_64) (MacBookPro8%2C1)"
98.180.220.78 - - [19/Mar/2012:09:07:07 -0700] "GET / HTTP/1.1" 200 1430 "-" "Caffeinated/1.1 CFNetwork/520.3.2 Darwin/11.3.0 (x86_64) (MacBookPro8%2C1)"
98.180.220.78 - - [19/Mar/2012:09:07:07 -0700] "GET /favicon.ico HTTP/1.1" 404 142 "-" "Caffeinated/1.1 CFNetwork/520.3.2 Darwin/11.3.0 (x86_64) (MacBookPro8%2C1)"
117.202.178.126 - - [19/Mar/2012:09:07:12 -0700] "-" 400 0 "-" "-"
117.202.178.126 - - [19/Mar/2012:09:07:12 -0700] "-" 400 0 "-" "-"
117.202.178.126 - - [19/Mar/2012:09:07:12 -0700] "-" 400 0 "-" "-"
117.202.178.126 - - [19/Mar/2012:09:07:12 -0700] "-" 400 0 "-" "-"
117.202.178.126 - - [19/Mar/2012:09:07:12 -0700] "-" 400 0 "-" "-"
69.171.228.250 - - [19/Mar/2012:09:08:22 -0700] "GET /r/jai HTTP/1.1" 301 255 "-" "facebookexternalhit/1.1 (+http://www.facebook.com/externalhit_uatext.php)"
69.171.228.247 - - [19/Mar/2012:09:08:23 -0700] "GET /s/ta/jai/ HTTP/1.1" 302 437 "-" "facebookexternalhit/1.1 (+http://www.facebook.com/externalhit_uatext.php)"
98.180.220.78 - - [19/Mar/2012:09:08:34 -0700] "GET / HTTP/1.1" 200 1430 "-" "Caffeinated/1.1 CFNetwork/520.3.2 Darwin/11.3.0 (x86_64) (MacBookPro8%2C1)"
98.180.220.78 - - [19/Mar/2012:09:08:34 -0700] "GET /favicon.ico HTTP/1.1" 404 142 "-" "Caffeinated/1.1 CFNetwork/520.3.2 Darwin/11.3.0 (x86_64) (MacBookPro8%2C1)"
98.180.220.78 - - [19/Mar/2012:09:08:37 -0700] "GET / HTTP/1.1" 200 1430 "-" "Caffeinated/1.1 CFNetwork/520.3.2 Darwin/11.3.0 (x86_64) (MacBookPro8%2C1)"
98.180.220.78 - - [19/Mar/2012:09:08:37 -0700] "GET /favicon.ico HTTP/1.1" 404 142 "-" "Caffeinated/1.1 CFNetwork/520.3.2 Darwin/11.3.0 (x86_64) (MacBookPro8%2C1)"
69.171.234.7 - - [19/Mar/2012:09:08:42 -0700] "GET /r/39d HTTP/1.1" 301 255 "-" "facebookexternalhit/1.1 (+http://www.facebook.com/externalhit_uatext.php)"
69.171.234.5 - - [19/Mar/2012:09:08:42 -0700] "GET /s/ta/39d/ HTTP/1.1" 302 325 "-" "facebookexternalhit/1.1 (+http://www.facebook.com/externalhit_uatext.php)"
123.236.95.214 - - [19/Mar/2012:09:09:05 -0700] "-" 400 0 "-" "-"
123.236.95.214 - - [19/Mar/2012:09:09:05 -0700] "-" 400 0 "-" "-"
123.236.95.214 - - [19/Mar/2012:09:09:05 -0700] "-" 400 0 "-" "-"
123.236.95.214 - - [19/Mar/2012:09:09:05 -0700] "-" 400 0 "-" "-"
123.236.95.214 - - [19/Mar/2012:09:09:05 -0700] "-" 400 0 "-" "-"
98.180.220.78 - - [19/Mar/2012:09:10:10 -0700] "GET / HTTP/1.1" 200 1430 "-" "Caffeinated/1.1 CFNetwork/520.3.2 Darwin/11.3.0 (x86_64) (MacBookPro8%2C1)"
98.180.220.78 - - [19/Mar/2012:09:10:10 -0700] "GET /favicon.ico HTTP/1.1" 404 142 "-" "Caffeinated/1.1 CFNetwork/520.3.2 Darwin/11.3.0 (x86_64) (MacBookPro8%2C1)"
98.180.220.78 - - [19/Mar/2012:09:10:12 -0700] "GET / HTTP/1.1" 200 1430 "-" "Caffeinated/1.1 CFNetwork/520.3.2 Darwin/11.3.0 (x86_64) (MacBookPro8%2C1)"
98.180.220.78 - - [19/Mar/2012:09:10:12 -0700] "GET /favicon.ico HTTP/1.1" 404 142 "-" "Caffeinated/1.1 CFNetwork/520.3.2 Darwin/11.3.0 (x86_64) (MacBookPro8%2C1)"
122.164.36.242 - - [19/Mar/2012:09:11:06 -0700] "-" 400 0 "-" "-"
98.180.220.78 - - [19/Mar/2012:09:11:45 -0700] "GET / HTTP/1.1" 200 1430 "-" "Caffeinated/1.1 CFNetwork/520.3.2 Darwin/11.3.0 (x86_64) (MacBookPro8%2C1)"
98.180.220.78 - - [19/Mar/2012:09:11:45 -0700] "GET /favicon.ico HTTP/1.1" 404 142 "-" "Caffeinated/1.1 CFNetwork/520.3.2 Darwin/11.3.0 (x86_64) (MacBookPro8%2C1)"
98.180.220.78 - - [19/Mar/2012:09:11:47 -0700] "GET / HTTP/1.1" 200 1430 "-" "Caffeinated/1.1 CFNetwork/520.3.2 Darwin/11.3.0 (x86_64) (MacBookPro8%2C1)"
98.180.220.78 - - [19/Mar/2012:09:11:47 -0700] "GET /favicon.ico HTTP/1.1" 404 142 "-" "Caffeinated/1.1 CFNetwork/520.3.2 Darwin/11.3.0 (x86_64) (MacBookPro8%2C1)"
122.164.36.242 - - [19/Mar/2012:09:12:16 -0700] "-" 400 0 "-" "-"
66.249.68.52 - - [19/Mar/2012:09:12:41 -0700] "GET /r/2jfr HTTP/1.1" 301 257 "-" "Mozilla/5.0 (compatible; Googlebot/2.1; +http://www.google.com/bot.html)"
66.249.68.52 - - [19/Mar/2012:09:12:42 -0700] "GET /s/ta/2jfr/ HTTP/1.1" 302 673 "-" "Mozilla/5.0 (compatible; Googlebot/2.1; +http://www.google.com/bot.html)"
66.220.158.246 - - [19/Mar/2012:09:13:08 -0700] "GET /r/1i49 HTTP/1.1" 301 257 "-" "facebookexternalhit/1.1 (+http://www.facebook.com/externalhit_uatext.php)"
66.220.158.249 - - [19/Mar/2012:09:13:09 -0700] "GET /s/ta/1i49/ HTTP/1.1" 302 437 "-" "facebookexternalhit/1.1 (+http://www.facebook.com/externalhit_uatext.php)"
98.180.220.78 - - [19/Mar/2012:09:13:15 -0700] "GET / HTTP/1.1" 200 1430 "-" "Caffeinated/1.1 CFNetwork/520.3.2 Darwin/11.3.0 (x86_64) (MacBookPro8%2C1)"
98.180.220.78 - - [19/Mar/2012:09:13:15 -0700] "GET /favicon.ico HTTP/1.1" 404 142 "-" "Caffeinated/1.1 CFNetwork/520.3.2 Darwin/11.3.0 (x86_64) (MacBookPro8%2C1)"
98.180.220.78 - - [19/Mar/2012:09:13:17 -0700] "GET / HTTP/1.1" 200 1430 "-" "Caffeinated/1.1 CFNetwork/520.3.2 Darwin/11.3.0 (x86_64) (MacBookPro8%2C1)"
98.180.220.78 - - [19/Mar/2012:09:13:18 -0700] "GET /favicon.ico HTTP/1.1" 404 142 "-" "Caffeinated/1.1 CFNetwork/520.3.2 Darwin/11.3.0 (x86_64) (MacBookPro8%2C1)"
