173.169.226.223 - - [18/Apr/2012:18:17:32 -0700] "GET /AssessmentBar/r/Unassessed_India_articles/ HTTP/1.1" 302 309 "http://en.wikipedia.org/wiki/Maria_Mies" "Mozilla/5.0 (Windows NT 6.1) AppleWebKit/534.54.16 (KHTML, like Gecko) Version/5.1.4 Safari/534.54.16"
173.169.226.223 - - [18/Apr/2012:18:18:02 -0700] "GET /AssessmentBar/r/Unassessed_India_articles/ HTTP/1.1" 302 365 "http://en.wikipedia.org/wiki/Bhopal%E2%80%93Pratapgarh_Express" "Mozilla/5.0 (Windows NT 6.1) AppleWebKit/534.54.16 (KHTML, like Gecko) Version/5.1.4 Safari/534.54.16"
69.171.229.245 - - [18/Apr/2012:18:18:37 -0700] "GET /r/1lvt HTTP/1.1" 301 257 "-" "facebookexternalhit/1.1 (+http://www.facebook.com/externalhit_uatext.php)"
69.171.229.249 - - [18/Apr/2012:18:18:37 -0700] "GET /s/ta/1lvt/ HTTP/1.1" 302 461 "-" "facebookexternalhit/1.1 (+http://www.facebook.com/externalhit_uatext.php)"
173.169.226.223 - - [18/Apr/2012:18:18:54 -0700] "GET /AssessmentBar/r/Unassessed_India_articles/ HTTP/1.1" 302 293 "http://en.wikipedia.org/wiki/Liturgical_Calendar_of_the_Syro-Malabar_Catholic_Church" "Mozilla/5.0 (Windows NT 6.1) AppleWebKit/534.54.16 (KHTML, like Gecko) Version/5.1.4 Safari/534.54.16"
173.169.226.223 - - [18/Apr/2012:18:19:09 -0700] "GET /AssessmentBar/r/Unassessed_India_articles/ HTTP/1.1" 302 275 "http://en.wikipedia.org/wiki/Thanjavur_Subha_Rao" "Mozilla/5.0 (Windows NT 6.1) AppleWebKit/534.54.16 (KHTML, like Gecko) Version/5.1.4 Safari/534.54.16"
173.169.226.223 - - [18/Apr/2012:18:19:14 -0700] "GET /AssessmentBar/r/Unassessed_India_articles/ HTTP/1.1" 302 287 "http://en.wikipedia.org/wiki/Nehru_Setu" "Mozilla/5.0 (Windows NT 6.1) AppleWebKit/534.54.16 (KHTML, like Gecko) Version/5.1.4 Safari/534.54.16"
85.17.88.169 - - [18/Apr/2012:18:19:26 -0700] "POST /blog/wp-cron.php?doing_wp_cron=1334797976 HTTP/1.0" 499 0 "-" "WordPress/3.3.1; http://yuvi.in/blog"
101.226.33.187 - - [18/Apr/2012:18:19:26 -0700] "GET /blog/feed HTTP/1.0" 304 0 "-" "Mozilla/4.0 (compatible; Windows;)"
173.169.226.223 - - [18/Apr/2012:18:19:44 -0700] "GET /AssessmentBar/r/Unassessed_India_articles/ HTTP/1.1" 302 267 "http://en.wikipedia.org/wiki/P.Habeeb_Mohamed" "Mozilla/5.0 (Windows NT 6.1) AppleWebKit/534.54.16 (KHTML, like Gecko) Version/5.1.4 Safari/534.54.16"
173.169.226.223 - - [18/Apr/2012:18:20:29 -0700] "GET /AssessmentBar/r/Unassessed_India_articles/ HTTP/1.1" 302 305 "http://en.wikipedia.org/wiki/Mirasi" "Mozilla/5.0 (Windows NT 6.1) AppleWebKit/534.54.16 (KHTML, like Gecko) Version/5.1.4 Safari/534.54.16"
173.169.226.223 - - [18/Apr/2012:18:20:34 -0700] "GET /AssessmentBar/r/Unassessed_India_articles/ HTTP/1.1" 302 291 "http://en.wikipedia.org/wiki/History_of_Madhya_Pradesh" "Mozilla/5.0 (Windows NT 6.1) AppleWebKit/534.54.16 (KHTML, like Gecko) Version/5.1.4 Safari/534.54.16"
173.169.226.223 - - [18/Apr/2012:18:21:10 -0700] "GET /AssessmentBar/r/Unassessed_India_articles/ HTTP/1.1" 302 279 "http://en.wikipedia.org/wiki/Tenzin_Priyadarshi" "Mozilla/5.0 (Windows NT 6.1) AppleWebKit/534.54.16 (KHTML, like Gecko) Version/5.1.4 Safari/534.54.16"
173.169.226.223 - - [18/Apr/2012:18:21:44 -0700] "GET /AssessmentBar/r/Unassessed_India_articles/ HTTP/1.1" 302 305 "http://en.wikipedia.org/wiki/Frank_Ludlow" "Mozilla/5.0 (Windows NT 6.1) AppleWebKit/534.54.16 (KHTML, like Gecko) Version/5.1.4 Safari/534.54.16"
173.169.226.223 - - [18/Apr/2012:18:21:47 -0700] "GET /AssessmentBar/r/Unassessed_India_articles/ HTTP/1.1" 302 271 "http://en.wikipedia.org/wiki/Tis_Hazari_Courts_Complex" "Mozilla/5.0 (Windows NT 6.1) AppleWebKit/534.54.16 (KHTML, like Gecko) Version/5.1.4 Safari/534.54.16"
173.169.226.223 - - [18/Apr/2012:18:21:59 -0700] "GET /AssessmentBar/r/Unassessed_India_articles/ HTTP/1.1" 302 283 "http://en.wikipedia.org/wiki/Talk:Apa_Tani" "Mozilla/5.0 (Windows NT 6.1) AppleWebKit/534.54.16 (KHTML, like Gecko) Version/5.1.4 Safari/534.54.16"
173.169.226.223 - - [18/Apr/2012:18:22:30 -0700] "GET /AssessmentBar/r/Unassessed_India_articles/ HTTP/1.1" 302 287 "http://en.wikipedia.org/wiki/Tribhuvan_Dutt" "Mozilla/5.0 (Windows NT 6.1) AppleWebKit/534.54.16 (KHTML, like Gecko) Version/5.1.4 Safari/534.54.16"
173.169.226.223 - - [18/Apr/2012:18:22:34 -0700] "GET /AssessmentBar/r/Unassessed_India_articles/ HTTP/1.1" 302 289 "http://en.wikipedia.org/wiki/Byomjatrir_Diary" "Mozilla/5.0 (Windows NT 6.1) AppleWebKit/534.54.16 (KHTML, like Gecko) Version/5.1.4 Safari/534.54.16"
173.169.226.223 - - [18/Apr/2012:18:22:37 -0700] "GET /AssessmentBar/r/Unassessed_India_articles/ HTTP/1.1" 302 275 "http://en.wikipedia.org/wiki/Snehasish_Ganguly" "Mozilla/5.0 (Windows NT 6.1) AppleWebKit/534.54.16 (KHTML, like Gecko) Version/5.1.4 Safari/534.54.16"
173.169.226.223 - - [18/Apr/2012:18:23:07 -0700] "GET /AssessmentBar/r/Unassessed_India_articles/ HTTP/1.1" 302 279 "http://en.wikipedia.org/wiki/Pookkollai" "Mozilla/5.0 (Windows NT 6.1) AppleWebKit/534.54.16 (KHTML, like Gecko) Version/5.1.4 Safari/534.54.16"
173.169.226.223 - - [18/Apr/2012:18:23:36 -0700] "GET /AssessmentBar/r/Unassessed_India_articles/ HTTP/1.1" 302 287 "http://en.wikipedia.org/wiki/Mahindra_Axe" "Mozilla/5.0 (Windows NT 6.1) AppleWebKit/534.54.16 (KHTML, like Gecko) Version/5.1.4 Safari/534.54.16"
173.169.226.223 - - [18/Apr/2012:18:23:39 -0700] "GET /AssessmentBar/r/Unassessed_India_articles/ HTTP/1.1" 302 263 "http://en.wikipedia.org/wiki/Mina_Swaminathan" "Mozilla/5.0 (Windows NT 6.1) AppleWebKit/534.54.16 (KHTML, like Gecko) Version/5.1.4 Safari/534.54.16"
173.169.226.223 - - [18/Apr/2012:18:24:40 -0700] "GET /AssessmentBar/r/Unassessed_India_articles/ HTTP/1.1" 302 275 "http://en.wikipedia.org/wiki/Golu" "Mozilla/5.0 (Windows NT 6.1) AppleWebKit/534.54.16 (KHTML, like Gecko) Version/5.1.4 Safari/534.54.16"
173.169.226.223 - - [18/Apr/2012:18:24:58 -0700] "GET /AssessmentBar/r/Unassessed_India_articles/ HTTP/1.1" 302 303 "http://en.wikipedia.org/wiki/Amod_Mehra" "Mozilla/5.0 (Windows NT 6.1) AppleWebKit/534.54.16 (KHTML, like Gecko) Version/5.1.4 Safari/534.54.16"
173.169.226.223 - - [18/Apr/2012:18:26:07 -0700] "GET /AssessmentBar/r/Unassessed_India_articles/ HTTP/1.1" 302 289 "http://en.wikipedia.org/wiki/Madhavi_(cilappatikaram)" "Mozilla/5.0 (Windows NT 6.1) AppleWebKit/534.54.16 (KHTML, like Gecko) Version/5.1.4 Safari/534.54.16"
173.169.226.223 - - [18/Apr/2012:18:27:07 -0700] "GET /AssessmentBar/r/Unassessed_India_articles/ HTTP/1.1" 302 281 "http://en.wikipedia.org/wiki/Mlechchha_dynasty" "Mozilla/5.0 (Windows NT 6.1) AppleWebKit/534.54.16 (KHTML, like Gecko) Version/5.1.4 Safari/534.54.16"
173.169.226.223 - - [18/Apr/2012:18:27:10 -0700] "GET /AssessmentBar/r/Unassessed_India_articles/ HTTP/1.1" 302 263 "http://en.wikipedia.org/wiki/Sitaram_Kesri" "Mozilla/5.0 (Windows NT 6.1) AppleWebKit/534.54.16 (KHTML, like Gecko) Version/5.1.4 Safari/534.54.16"
85.17.88.169 - - [18/Apr/2012:18:27:55 -0700] "POST /blog/wp-cron.php?doing_wp_cron=1334798486 HTTP/1.0" 499 0 "-" "WordPress/3.3.1; http://yuvi.in/blog"
209.85.224.87 - - [18/Apr/2012:18:27:56 -0700] "GET /blog/feed HTTP/1.1" 304 0 "-" "FeedBurner/1.0 (http://www.FeedBurner.com)"
173.169.226.223 - - [18/Apr/2012:18:27:59 -0700] "GET /AssessmentBar/r/Unassessed_India_articles/ HTTP/1.1" 302 279 "http://en.wikipedia.org/w/index.php?title=Talk:NRIs&action=edit" "Mozilla/5.0 (Windows NT 6.1) AppleWebKit/534.54.16 (KHTML, like Gecko) Version/5.1.4 Safari/534.54.16"
173.169.226.223 - - [18/Apr/2012:18:28:03 -0700] "GET /AssessmentBar/r/Unassessed_India_articles/ HTTP/1.1" 302 303 "http://en.wikipedia.org/wiki/Mohit_Sehgal" "Mozilla/5.0 (Windows NT 6.1) AppleWebKit/534.54.16 (KHTML, like Gecko) Version/5.1.4 Safari/534.54.16"
173.169.226.223 - - [18/Apr/2012:18:28:18 -0700] "GET /AssessmentBar/r/Unassessed_India_articles/ HTTP/1.1" 302 283 "http://en.wikipedia.org/wiki/Sankat_Mochan_Foundation" "Mozilla/5.0 (Windows NT 6.1) AppleWebKit/534.54.16 (KHTML, like Gecko) Version/5.1.4 Safari/534.54.16"
173.169.226.223 - - [18/Apr/2012:18:30:09 -0700] "GET /AssessmentBar/r/Unassessed_India_articles/ HTTP/1.1" 302 283 "http://en.wikipedia.org/wiki/Ranjit_Mullick" "Mozilla/5.0 (Windows NT 6.1) AppleWebKit/534.54.16 (KHTML, like Gecko) Version/5.1.4 Safari/534.54.16"
173.169.226.223 - - [18/Apr/2012:18:30:19 -0700] "GET /AssessmentBar/r/Unassessed_India_articles/ HTTP/1.1" 302 357 "http://en.wikipedia.org/wiki/Asghar_Wajahat" "Mozilla/5.0 (Windows NT 6.1) AppleWebKit/534.54.16 (KHTML, like Gecko) Version/5.1.4 Safari/534.54.16"
173.169.226.223 - - [18/Apr/2012:18:30:25 -0700] "GET /AssessmentBar/r/Unassessed_India_articles/ HTTP/1.1" 302 301 "http://en.wikipedia.org/wiki/Krantiguru_Shyamji_Krishna_Verma_Kachchh_University" "Mozilla/5.0 (Windows NT 6.1) AppleWebKit/534.54.16 (KHTML, like Gecko) Version/5.1.4 Safari/534.54.16"
173.169.226.223 - - [18/Apr/2012:18:30:28 -0700] "GET /AssessmentBar/r/Unassessed_India_articles/ HTTP/1.1" 302 279 "http://en.wikipedia.org/wiki/Bahadur_Shah_Zafar_Marg" "Mozilla/5.0 (Windows NT 6.1) AppleWebKit/534.54.16 (KHTML, like Gecko) Version/5.1.4 Safari/534.54.16"
173.169.226.223 - - [18/Apr/2012:18:30:31 -0700] "GET /AssessmentBar/r/Unassessed_India_articles/ HTTP/1.1" 302 289 "http://en.wikipedia.org/wiki/Mondemkhallu" "Mozilla/5.0 (Windows NT 6.1) AppleWebKit/534.54.16 (KHTML, like Gecko) Version/5.1.4 Safari/534.54.16"
173.169.226.223 - - [18/Apr/2012:18:31:03 -0700] "GET /AssessmentBar/r/Unassessed_India_articles/ HTTP/1.1" 302 309 "http://en.wikipedia.org/w/index.php?title=Talk:NRIs&action=edit" "Mozilla/5.0 (Windows NT 6.1) AppleWebKit/534.54.16 (KHTML, like Gecko) Version/5.1.4 Safari/534.54.16"
173.169.226.223 - - [18/Apr/2012:18:31:14 -0700] "GET /AssessmentBar/r/Unassessed_India_articles/ HTTP/1.1" 302 293 "http://en.wikipedia.org/wiki/Marthoma_Residential_School" "Mozilla/5.0 (Windows NT 6.1) AppleWebKit/534.54.16 (KHTML, like Gecko) Version/5.1.4 Safari/534.54.16"
117.193.5.103 - - [18/Apr/2012:18:32:47 -0700] "-" 400 0 "-" "-"
208.115.111.69 - - [18/Apr/2012:18:34:20 -0700] "GET /robots.txt HTTP/1.1" 404 238 "-" "Mozilla/5.0 (compatible; Ezooms/1.0; ezooms.bot@gmail.com)"
173.169.226.223 - - [18/Apr/2012:18:37:53 -0700] "GET /AssessmentBar/r/Unassessed_India_articles/ HTTP/1.1" 302 291 "http://en.wikipedia.org/wiki/David_Tennant_Cowan" "Mozilla/5.0 (Windows NT 6.1) AppleWebKit/534.54.16 (KHTML, like Gecko) Version/5.1.4 Safari/534.54.16"
173.169.226.223 - - [18/Apr/2012:18:39:11 -0700] "GET /AssessmentBar/r/Unassessed_India_articles/ HTTP/1.1" 302 301 "http://en.wikipedia.org/wiki/Judges_Assets_Bill" "Mozilla/5.0 (Windows NT 6.1) AppleWebKit/534.54.16 (KHTML, like Gecko) Version/5.1.4 Safari/534.54.16"
209.85.144.94 - - [18/Apr/2012:18:39:39 -0700] "GET /stories/feed HTTP/1.1" 200 13653 "-" "FeedBurner/1.0 (http://www.FeedBurner.com)"
173.169.226.223 - - [18/Apr/2012:18:39:54 -0700] "GET /AssessmentBar/r/Unassessed_India_articles/ HTTP/1.1" 302 281 "http://en.wikipedia.org/wiki/Brahmarishi_Hussain_Sha" "Mozilla/5.0 (Windows NT 6.1) AppleWebKit/534.54.16 (KHTML, like Gecko) Version/5.1.4 Safari/534.54.16"
173.169.226.223 - - [18/Apr/2012:18:40:02 -0700] "GET /AssessmentBar/r/Unassessed_India_articles/ HTTP/1.1" 302 295 "http://en.wikipedia.org/wiki/Eicher_School" "Mozilla/5.0 (Windows NT 6.1) AppleWebKit/534.54.16 (KHTML, like Gecko) Version/5.1.4 Safari/534.54.16"
173.169.226.223 - - [18/Apr/2012:18:40:54 -0700] "GET /AssessmentBar/r/Unassessed_India_articles/ HTTP/1.1" 302 287 "http://en.wikipedia.org/wiki/Mohammad_Barkatullah" "Mozilla/5.0 (Windows NT 6.1) AppleWebKit/534.54.16 (KHTML, like Gecko) Version/5.1.4 Safari/534.54.16"
207.46.204.210 - - [18/Apr/2012:18:41:00 -0700] "-" 400 0 "-" "-"
207.46.204.210 - - [18/Apr/2012:18:41:00 -0700] "-" 400 0 "-" "-"
207.46.204.210 - - [18/Apr/2012:18:41:00 -0700] "-" 400 0 "-" "-"
207.46.204.210 - - [18/Apr/2012:18:41:01 -0700] "-" 400 0 "-" "-"
207.46.204.210 - - [18/Apr/2012:18:41:01 -0700] "-" 400 0 "-" "-"
207.46.204.210 - - [18/Apr/2012:18:41:01 -0700] "-" 400 0 "-" "-"
207.46.204.210 - - [18/Apr/2012:18:41:01 -0700] "-" 400 0 "-" "-"
207.46.204.210 - - [18/Apr/2012:18:41:01 -0700] "-" 400 0 "-" "-"
207.46.204.210 - - [18/Apr/2012:18:41:01 -0700] "-" 400 0 "-" "-"
207.46.204.210 - - [18/Apr/2012:18:41:01 -0700] "-" 400 0 "-" "-"
207.46.204.210 - - [18/Apr/2012:18:41:01 -0700] "-" 400 0 "-" "-"
173.169.226.223 - - [18/Apr/2012:18:41:45 -0700] "GET /AssessmentBar/r/Unassessed_India_articles/ HTTP/1.1" 302 281 "http://en.wikipedia.org/wiki/Hasdeo_Bango_Dam" "Mozilla/5.0 (Windows NT 6.1) AppleWebKit/534.54.16 (KHTML, like Gecko) Version/5.1.4 Safari/534.54.16"
173.169.226.223 - - [18/Apr/2012:18:41:55 -0700] "GET /AssessmentBar/r/Unassessed_India_articles/ HTTP/1.1" 302 293 "http://en.wikipedia.org/wiki/Farah_Pandith" "Mozilla/5.0 (Windows NT 6.1) AppleWebKit/534.54.16 (KHTML, like Gecko) Version/5.1.4 Safari/534.54.16"
207.46.204.210 - - [18/Apr/2012:18:41:58 -0700] "-" 400 0 "-" "-"
173.169.226.223 - - [18/Apr/2012:18:41:59 -0700] "GET /AssessmentBar/r/Unassessed_India_articles/ HTTP/1.1" 302 277 "http://en.wikipedia.org/wiki/Ayyavazhi_symbolism" "Mozilla/5.0 (Windows NT 6.1) AppleWebKit/534.54.16 (KHTML, like Gecko) Version/5.1.4 Safari/534.54.16"
74.125.126.92 - - [18/Apr/2012:18:46:38 -0700] "GET /favicon.ico HTTP/1.1" 404 142 "-" "-"
50.18.21.225 - - [18/Apr/2012:18:46:59 -0700] "HEAD /r/5u1 HTTP/1.1" 301 0 "-" "UnwindFetchor/1.0 (+http://www.gnip.com/)"
50.18.21.225 - - [18/Apr/2012:18:46:59 -0700] "HEAD /r/5u1 HTTP/1.1" 301 0 "-" "UnwindFetchor/1.0 (+http://www.gnip.com/)"
50.18.21.225 - - [18/Apr/2012:18:46:59 -0700] "HEAD /s/ta/5u1/ HTTP/1.1" 302 0 "-" "UnwindFetchor/1.0 (+http://www.gnip.com/)"
50.18.21.225 - - [18/Apr/2012:18:47:00 -0700] "HEAD /s/ta/5u1/ HTTP/1.1" 302 0 "-" "UnwindFetchor/1.0 (+http://www.gnip.com/)"
199.59.149.166 - - [18/Apr/2012:18:47:00 -0700] "GET /r/5u1 HTTP/1.1" 301 255 "-" "Twitterbot/1.0"
50.18.21.225 - - [18/Apr/2012:18:47:00 -0700] "HEAD /s/ta/5u1/ HTTP/1.1" 302 0 "-" "UnwindFetchor/1.0 (+http://www.gnip.com/)"
46.20.47.43 - - [18/Apr/2012:18:47:00 -0700] "GET /r/5u1 HTTP/1.1" 301 255 "-" "Mozilla/5.0 (compatible"
89.151.116.53 - - [18/Apr/2012:18:47:00 -0700] "GET /r/5u1 HTTP/1.1" 301 255 "-" "Mozilla/5.0 (compatible; TweetmemeBot/2.11; +http://tweetmeme.com/)"
50.18.21.225 - - [18/Apr/2012:18:47:00 -0700] "HEAD /s/ta/5u1/ HTTP/1.1" 302 0 "-" "UnwindFetchor/1.0 (+http://www.gnip.com/)"
199.59.149.166 - - [18/Apr/2012:18:47:00 -0700] "GET /s/ta/5u1/ HTTP/1.1" 302 349 "-" "Twitterbot/1.0"
46.20.47.43 - - [18/Apr/2012:18:47:00 -0700] "GET /s/ta/5u1/ HTTP/1.1" 302 349 "-" "Mozilla/5.0 (compatible"
89.151.116.53 - - [18/Apr/2012:18:47:00 -0700] "GET /s/ta/5u1/ HTTP/1.1" 302 349 "-" "Mozilla/5.0 (compatible; TweetmemeBot/2.11; +http://tweetmeme.com/)"
85.17.88.169 - - [18/Apr/2012:18:47:08 -0700] "POST /blog/wp-cron.php?doing_wp_cron=1334799639 HTTP/1.0" 499 0 "-" "WordPress/3.3.1; http://yuvi.in/blog"
183.178.85.181 - - [18/Apr/2012:18:47:09 -0700] "GET /blog/tag/travel/feed HTTP/1.1" 301 0 "-" "Mozilla/4.0 (compatible; MSIE 5.5; Windows NT)"
85.17.88.169 - - [18/Apr/2012:18:47:11 -0700] "POST /blog/wp-cron.php?doing_wp_cron=1334799641 HTTP/1.0" 499 0 "-" "WordPress/3.3.1; http://yuvi.in/blog"
183.178.85.181 - - [18/Apr/2012:18:47:12 -0700] "GET /blog/tag/travel/feed/ HTTP/1.1" 200 2937 "-" "Mozilla/4.0 (compatible; MSIE 5.5; Windows NT)"
107.22.116.7 - - [18/Apr/2012:18:47:59 -0700] "HEAD /r/5u1 HTTP/1.1" 301 0 "-" "Mozilla/5.0 (Windows; U; Windows NT 5.1; de; rv:1.9) Gecko/2008052906 Firefox/3.0"
107.22.116.7 - - [18/Apr/2012:18:48:00 -0700] "HEAD /s/ta/5u1/ HTTP/1.1" 302 0 "-" "Mozilla/5.0 (Windows; U; Windows NT 5.1; de; rv:1.9) Gecko/2008052906 Firefox/3.0"
69.171.234.4 - - [18/Apr/2012:18:49:23 -0700] "GET /r/vwi HTTP/1.1" 301 255 "-" "facebookexternalhit/1.1 (+http://www.facebook.com/externalhit_uatext.php)"
69.171.234.2 - - [18/Apr/2012:18:49:23 -0700] "GET /s/ta/vwi/ HTTP/1.1" 302 365 "-" "facebookexternalhit/1.1 (+http://www.facebook.com/externalhit_uatext.php)"
65.52.111.215 - - [18/Apr/2012:18:49:29 -0700] "-" 400 0 "-" "-"
65.52.111.215 - - [18/Apr/2012:18:49:29 -0700] "-" 400 0 "-" "-"
65.52.111.215 - - [18/Apr/2012:18:49:30 -0700] "-" 400 0 "-" "-"
65.52.111.215 - - [18/Apr/2012:18:49:31 -0700] "-" 400 0 "-" "-"
65.52.111.215 - - [18/Apr/2012:18:49:33 -0700] "-" 400 0 "-" "-"
65.52.111.215 - - [18/Apr/2012:18:49:33 -0700] "-" 400 0 "-" "-"
65.52.111.215 - - [18/Apr/2012:18:49:33 -0700] "-" 400 0 "-" "-"
65.52.111.215 - - [18/Apr/2012:18:49:33 -0700] "-" 400 0 "-" "-"
65.52.111.215 - - [18/Apr/2012:18:49:33 -0700] "-" 400 0 "-" "-"
65.52.111.215 - - [18/Apr/2012:18:49:33 -0700] "-" 400 0 "-" "-"
74.112.131.126 - - [18/Apr/2012:18:49:51 -0700] "GET /robots.txt HTTP/1.1" 404 238 "-" "Mozilla/5.0 (compatible; Butterfly/1.0; +http://labs.topsy.com/butterfly/) Gecko/2009032608 Firefox/3.0.8"
74.112.131.127 - - [18/Apr/2012:18:49:51 -0700] "GET /r/5u1 HTTP/1.1" 301 255 "-" "Mozilla/5.0 (compatible; Butterfly/1.0; +http://labs.topsy.com/butterfly/) Gecko/2009032608 Firefox/3.0.8"
74.112.131.126 - - [18/Apr/2012:18:49:51 -0700] "GET /s/ta/5u1/ HTTP/1.1" 302 349 "-" "Mozilla/5.0 (compatible; Butterfly/1.0; +http://labs.topsy.com/butterfly/) Gecko/2009032608 Firefox/3.0.8"
65.52.0.205 - - [18/Apr/2012:18:49:55 -0700] "GET /r/5u1 HTTP/1.1" 301 255 "-" "Mozilla/4.0 (compatible; MSIE 7.0; Windows NT 6.0)"
65.52.0.205 - - [18/Apr/2012:18:49:55 -0700] "GET /s/ta/5u1/ HTTP/1.1" 302 349 "-" "Mozilla/4.0 (compatible; MSIE 7.0; Windows NT 6.0)"
173.169.226.223 - - [18/Apr/2012:18:50:14 -0700] "GET /AssessmentBar/r/Unassessed_India_articles/ HTTP/1.1" 302 275 "http://en.wikipedia.org/wiki/Sitara_Devi" "Mozilla/5.0 (Windows NT 6.1) AppleWebKit/534.54.16 (KHTML, like Gecko) Version/5.1.4 Safari/534.54.16"
65.52.16.161 - - [18/Apr/2012:18:50:16 -0700] "GET /r/5u1 HTTP/1.1" 301 255 "-" "Mozilla/4.0 (compatible; MSIE 7.0; Windows NT 6.0)"
65.52.16.161 - - [18/Apr/2012:18:50:16 -0700] "GET /s/ta/5u1/ HTTP/1.1" 302 349 "-" "Mozilla/4.0 (compatible; MSIE 7.0; Windows NT 6.0)"
85.17.88.169 - - [18/Apr/2012:18:50:26 -0700] "POST /blog/wp-cron.php?doing_wp_cron=1334799836 HTTP/1.0" 499 0 "-" "WordPress/3.3.1; http://yuvi.in/blog"
65.52.110.147 - - [18/Apr/2012:18:50:26 -0700] "GET /blog/broke-nonexistent-law/trackback/ HTTP/1.1" 302 0 "-" "Mozilla/5.0 (compatible; bingbot/2.0; +http://www.bing.com/bingbot.htm)"
122.164.119.166 - - [18/Apr/2012:18:50:41 -0700] "-" 400 0 "-" "-"
208.115.111.69 - - [18/Apr/2012:18:52:28 -0700] "GET /r/2rvk HTTP/1.1" 301 257 "-" "Mozilla/5.0 (compatible; Ezooms/1.0; ezooms.bot@gmail.com)"
157.55.112.201 - - [18/Apr/2012:18:55:00 -0700] "-" 400 0 "-" "-"
157.55.112.201 - - [18/Apr/2012:18:55:00 -0700] "-" 400 0 "-" "-"
157.55.112.201 - - [18/Apr/2012:18:55:02 -0700] "-" 400 0 "-" "-"
157.55.112.201 - - [18/Apr/2012:18:55:04 -0700] "-" 400 0 "-" "-"
157.55.112.201 - - [18/Apr/2012:18:55:06 -0700] "-" 400 0 "-" "-"
157.55.112.201 - - [18/Apr/2012:18:55:06 -0700] "-" 400 0 "-" "-"
157.55.112.201 - - [18/Apr/2012:18:55:06 -0700] "-" 400 0 "-" "-"
157.55.112.201 - - [18/Apr/2012:18:55:08 -0700] "-" 400 0 "-" "-"
157.55.112.201 - - [18/Apr/2012:18:55:08 -0700] "-" 400 0 "-" "-"
157.55.112.201 - - [18/Apr/2012:18:55:08 -0700] "-" 400 0 "-" "-"
157.55.112.201 - - [18/Apr/2012:18:55:09 -0700] "-" 400 0 "-" "-"
208.115.111.69 - - [18/Apr/2012:18:55:55 -0700] "GET /r/qmi HTTP/1.1" 301 255 "-" "Mozilla/5.0 (compatible; Ezooms/1.0; ezooms.bot@gmail.com)"
207.46.204.216 - - [18/Apr/2012:18:56:30 -0700] "-" 400 0 "-" "-"
207.46.204.216 - - [18/Apr/2012:18:56:30 -0700] "-" 400 0 "-" "-"
207.46.204.216 - - [18/Apr/2012:18:56:30 -0700] "-" 400 0 "-" "-"
117.193.196.75 - - [18/Apr/2012:18:56:33 -0700] "-" 400 0 "-" "-"
207.46.204.216 - - [18/Apr/2012:18:56:34 -0700] "-" 400 0 "-" "-"
207.46.204.216 - - [18/Apr/2012:18:56:34 -0700] "-" 400 0 "-" "-"
207.46.204.216 - - [18/Apr/2012:18:56:34 -0700] "-" 400 0 "-" "-"
207.46.204.216 - - [18/Apr/2012:18:56:35 -0700] "-" 400 0 "-" "-"
207.46.204.216 - - [18/Apr/2012:18:56:35 -0700] "-" 400 0 "-" "-"
207.46.204.216 - - [18/Apr/2012:18:56:36 -0700] "-" 400 0 "-" "-"
207.46.204.216 - - [18/Apr/2012:18:56:36 -0700] "-" 400 0 "-" "-"
207.46.204.216 - - [18/Apr/2012:18:56:36 -0700] "-" 400 0 "-" "-"
207.46.204.216 - - [18/Apr/2012:18:56:37 -0700] "-" 400 0 "-" "-"
69.171.228.244 - - [18/Apr/2012:18:56:37 -0700] "GET /r/5gx HTTP/1.1" 301 255 "-" "facebookexternalhit/1.1 (+http://www.facebook.com/externalhit_uatext.php)"
69.171.228.247 - - [18/Apr/2012:18:56:37 -0700] "GET /s/ta/5gx/ HTTP/1.1" 302 721 "-" "facebookexternalhit/1.1 (+http://www.facebook.com/externalhit_uatext.php)"
207.46.204.216 - - [18/Apr/2012:18:57:35 -0700] "-" 400 0 "-" "-"
85.17.88.169 - - [18/Apr/2012:18:58:05 -0700] "POST /blog/wp-cron.php?doing_wp_cron=1334800295 HTTP/1.0" 499 0 "-" "WordPress/3.3.1; http://yuvi.in/blog"
209.85.224.84 - - [18/Apr/2012:18:58:05 -0700] "GET /blog/feed HTTP/1.1" 304 0 "-" "FeedBurner/1.0 (http://www.FeedBurner.com)"
69.171.234.0 - - [18/Apr/2012:18:58:07 -0700] "GET /r/vwi HTTP/1.1" 301 255 "-" "facebookexternalhit/1.1 (+http://www.facebook.com/externalhit_uatext.php)"
69.171.234.0 - - [18/Apr/2012:18:58:08 -0700] "GET /s/ta/vwi/ HTTP/1.1" 302 365 "-" "facebookexternalhit/1.1 (+http://www.facebook.com/externalhit_uatext.php)"
85.17.88.169 - - [18/Apr/2012:18:59:04 -0700] "POST /blog/wp-cron.php?doing_wp_cron=1334800354 HTTP/1.0" 499 0 "-" "WordPress/3.3.1; http://yuvi.in/blog"
209.85.238.182 - - [18/Apr/2012:18:59:04 -0700] "GET /blog/feed/ HTTP/1.1" 304 0 "-" "Feedfetcher-Google; (+http://www.google.com/feedfetcher.html; 19 subscribers; feed-id=15064232456473204253)"
115.118.170.198 - - [18/Apr/2012:18:59:14 -0700] "-" 400 0 "-" "-"
117.193.55.132 - - [18/Apr/2012:18:59:27 -0700] "-" 400 0 "-" "-"
117.193.156.68 - - [18/Apr/2012:19:00:47 -0700] "-" 400 0 "-" "-"
157.55.112.201 - - [18/Apr/2012:19:02:27 -0700] "-" 400 0 "-" "-"
157.55.112.201 - - [18/Apr/2012:19:02:27 -0700] "-" 400 0 "-" "-"
157.55.112.201 - - [18/Apr/2012:19:02:33 -0700] "-" 400 0 "-" "-"
157.55.112.201 - - [18/Apr/2012:19:02:34 -0700] "-" 400 0 "-" "-"
157.55.112.201 - - [18/Apr/2012:19:02:34 -0700] "-" 400 0 "-" "-"
157.55.112.201 - - [18/Apr/2012:19:02:37 -0700] "-" 400 0 "-" "-"
157.55.112.201 - - [18/Apr/2012:19:02:37 -0700] "-" 400 0 "-" "-"
157.55.112.201 - - [18/Apr/2012:19:02:39 -0700] "-" 400 0 "-" "-"
157.55.112.201 - - [18/Apr/2012:19:02:39 -0700] "-" 400 0 "-" "-"
157.55.112.201 - - [18/Apr/2012:19:02:39 -0700] "-" 400 0 "-" "-"
157.55.112.201 - - [18/Apr/2012:19:02:41 -0700] "-" 400 0 "-" "-"
173.236.125.178 - - [18/Apr/2012:19:05:31 -0700] "-" 400 0 "-" "-"
85.17.88.169 - - [18/Apr/2012:19:05:34 -0700] "POST /blog/wp-cron.php?doing_wp_cron=1334800744 HTTP/1.0" 499 0 "-" "WordPress/3.3.1; http://yuvi.in/blog"
218.213.90.92 - - [18/Apr/2012:19:05:35 -0700] "GET /blog/ HTTP/1.0" 200 33142 "http://yuvi.in/blog/" "Mozilla/4.0 (compatible; MSIE 6.0; Windows NT 5.1; SV1; FunWebProducts; MRA 4.6 (build 01425); .NET CLR 1.1.4322; .NET CLR 2.0.50727)"
69.171.247.7 - - [18/Apr/2012:19:09:28 -0700] "GET /r/1lvt HTTP/1.1" 301 257 "-" "facebookexternalhit/1.1 (+http://www.facebook.com/externalhit_uatext.php)"
69.171.247.2 - - [18/Apr/2012:19:09:28 -0700] "GET /s/ta/1lvt/ HTTP/1.1" 302 461 "-" "facebookexternalhit/1.1 (+http://www.facebook.com/externalhit_uatext.php)"
85.17.88.169 - - [18/Apr/2012:19:10:56 -0700] "POST /blog/wp-cron.php?doing_wp_cron=1334801066 HTTP/1.0" 499 0 "-" "WordPress/3.3.1; http://yuvi.in/blog"
209.85.238.182 - - [18/Apr/2012:19:10:57 -0700] "GET /blog/feed HTTP/1.1" 301 0 "-" "Feedfetcher-Google; (+http://www.google.com/feedfetcher.html; 3 subscribers; feed-id=17684830852112633560)"
85.17.88.169 - - [18/Apr/2012:19:10:59 -0700] "POST /blog/wp-cron.php?doing_wp_cron=1334801069 HTTP/1.0" 499 0 "-" "WordPress/3.3.1; http://yuvi.in/blog"
209.85.238.182 - - [18/Apr/2012:19:10:59 -0700] "GET /blog/feed/ HTTP/1.1" 304 0 "-" "Feedfetcher-Google; (+http://www.google.com/feedfetcher.html; 3 subscribers; feed-id=17684830852112633560)"
66.220.149.244 - - [18/Apr/2012:19:14:37 -0700] "GET /r/kty HTTP/1.1" 301 255 "-" "facebookexternalhit/1.1 (+http://www.facebook.com/externalhit_uatext.php)"
66.220.149.249 - - [18/Apr/2012:19:14:38 -0700] "GET /s/ta/kty/ HTTP/1.1" 302 389 "-" "facebookexternalhit/1.1 (+http://www.facebook.com/externalhit_uatext.php)"
117.193.152.10 - - [18/Apr/2012:19:14:51 -0700] "-" 400 0 "-" "-"
87.233.206.102 - - [18/Apr/2012:19:15:28 -0700] "HEAD /r/5u1 HTTP/1.1" 301 0 "-" "python-requests/0.8.1"
87.233.206.102 - - [18/Apr/2012:19:15:28 -0700] "HEAD /s/ta/5u1/ HTTP/1.1" 302 0 "-" "python-requests/0.8.1"
117.193.194.129 - - [18/Apr/2012:19:19:52 -0700] "-" 400 0 "-" "-"
208.115.113.84 - - [18/Apr/2012:19:21:35 -0700] "GET /robots.txt HTTP/1.1" 404 169 "-" "Mozilla/5.0 (compatible; Ezooms/1.0; ezooms.bot@gmail.com)"
117.193.194.129 - - [18/Apr/2012:19:21:48 -0700] "-" 400 0 "-" "-"
117.193.61.108 - - [18/Apr/2012:19:22:42 -0700] "-" 400 0 "-" "-"
117.193.61.108 - - [18/Apr/2012:19:22:42 -0700] "-" 400 0 "-" "-"
117.193.61.108 - - [18/Apr/2012:19:22:42 -0700] "-" 400 0 "-" "-"
117.193.61.108 - - [18/Apr/2012:19:22:45 -0700] "-" 400 0 "-" "-"
117.193.61.108 - - [18/Apr/2012:19:22:45 -0700] "-" 400 0 "-" "-"
66.220.149.244 - - [18/Apr/2012:19:23:41 -0700] "GET /r/1lvt HTTP/1.1" 301 257 "-" "facebookexternalhit/1.1 (+http://www.facebook.com/externalhit_uatext.php)"
66.220.149.250 - - [18/Apr/2012:19:23:41 -0700] "GET /s/ta/1lvt/ HTTP/1.1" 302 461 "-" "facebookexternalhit/1.1 (+http://www.facebook.com/externalhit_uatext.php)"
124.115.0.14 - - [18/Apr/2012:19:24:07 -0700] "GET / HTTP/1.1" 304 0 "-" "Sosospider+(+http://help.soso.com/webspider.htm)"
199.87.252.61 - - [18/Apr/2012:19:24:15 -0700] "GET /robots.txt HTTP/1.1" 404 211 "-" "Mozilla/5.0 (compatible; Blekkobot; ScoutJet; +http://blekko.com/about/blekkobot)"
199.87.252.61 - - [18/Apr/2012:19:24:15 -0700] "GET /s/ta/1z64/ HTTP/1.1" 302 557 "-" "Mozilla/5.0 (compatible; Blekkobot; ScoutJet; +http://blekko.com/about/blekkobot)"
199.87.252.61 - - [18/Apr/2012:19:24:19 -0700] "GET /favicon.ico HTTP/1.1" 404 211 "-" "Mozilla/5.0 (compatible; Blekkobot; ScoutJet; +http://blekko.com/about/blekkobot)"
199.87.252.61 - - [18/Apr/2012:19:24:28 -0700] "GET /r/3if HTTP/1.1" 301 255 "-" "Mozilla/5.0 (compatible; Blekkobot; ScoutJet; +http://blekko.com/about/blekkobot)"
199.87.252.61 - - [18/Apr/2012:19:24:55 -0700] "GET /s/ta/1z5n/ HTTP/1.1" 302 609 "-" "Mozilla/5.0 (compatible; Blekkobot; ScoutJet; +http://blekko.com/about/blekkobot)"
115.184.102.4 - - [18/Apr/2012:19:25:31 -0700] "-" 400 0 "-" "-"
62.249.170.129 - - [18/Apr/2012:19:25:33 -0700] "GET /robots.txt HTTP/1.0" 404 169 "-" "Mozilla/5.0 (compatible; MJ12bot/v1.4.2; http://www.majestic12.co.uk/bot.php?+)"
62.249.170.129 - - [18/Apr/2012:19:25:35 -0700] "GET /blog/devlog-feb-2011.html HTTP/1.1" 200 7216 "-" "Mozilla/5.0 (compatible; MJ12bot/v1.4.2; http://www.majestic12.co.uk/bot.php?+)"
85.17.88.169 - - [18/Apr/2012:19:27:30 -0700] "POST /blog/wp-cron.php?doing_wp_cron=1334802060 HTTP/1.0" 499 0 "-" "WordPress/3.3.1; http://yuvi.in/blog"
107.22.98.172 - - [18/Apr/2012:19:27:30 -0700] "GET /blog/interview-sriram-krishnan-5-years-old/ HTTP/1.1" 200 49651 "-" "bitlybot"
107.22.98.172 - - [18/Apr/2012:19:27:30 -0700] "GET /favicon.png HTTP/1.1" 404 169 "-" "bitlybot"
107.22.98.172 - - [18/Apr/2012:19:27:31 -0700] "GET /favicon.gif HTTP/1.1" 404 169 "-" "bitlybot"
107.22.98.172 - - [18/Apr/2012:19:27:31 -0700] "GET /favicon.ico HTTP/1.1" 404 169 "-" "bitlybot"
122.164.154.251 - - [18/Apr/2012:19:27:46 -0700] "-" 400 0 "-" "-"
122.164.154.251 - - [18/Apr/2012:19:27:46 -0700] "-" 400 0 "-" "-"
122.164.154.251 - - [18/Apr/2012:19:27:46 -0700] "-" 400 0 "-" "-"
117.192.137.94 - - [18/Apr/2012:19:28:12 -0700] "-" 400 0 "-" "-"
85.17.88.169 - - [18/Apr/2012:19:28:19 -0700] "POST /blog/wp-cron.php?doing_wp_cron=1334802109 HTTP/1.0" 499 0 "-" "WordPress/3.3.1; http://yuvi.in/blog"
209.85.224.85 - - [18/Apr/2012:19:28:19 -0700] "GET /blog/feed HTTP/1.1" 304 0 "-" "FeedBurner/1.0 (http://www.FeedBurner.com)"
220.181.108.109 - - [18/Apr/2012:19:28:43 -0700] "GET /s/ta/2x9/ HTTP/1.1" 302 625 "-" "Mozilla/5.0 (compatible; Baiduspider/2.0; +http://www.baidu.com/search/spider.html)"
24.107.0.13 - - [18/Apr/2012:19:29:01 -0700] "GET /blog/why-i-moved-off-arch-on-my-netbook.html HTTP/1.1" 200 2546 "http://www.google.com/url?sa=t&rct=j&q=&esrc=s&source=web&cd=6&ved=0CFoQFjAF&url=http%3A%2F%2Fyuvi.in%2Fblog%2Fwhy-i-moved-off-arch-on-my-netbook.html&ei=13aPT9-SJ4GO8wSDiMmwBA&usg=AFQjCNFusEaD1Gf87D4TrMAxxyNpBy7_0w&sig2=krcPZ8ed3DYagTIa4JUD1g" "Mozilla/5.0 (Windows NT 6.1; WOW64; rv:11.0) Gecko/20100101 Firefox/11.0"
24.107.0.13 - - [18/Apr/2012:19:29:02 -0700] "GET /blog/static/style.css HTTP/1.1" 200 4753 "http://yuvi.in/blog/why-i-moved-off-arch-on-my-netbook.html" "Mozilla/5.0 (Windows NT 6.1; WOW64; rv:11.0) Gecko/20100101 Firefox/11.0"
24.107.0.13 - - [18/Apr/2012:19:29:02 -0700] "GET /blog/static/codehilite.css HTTP/1.1" 200 4012 "http://yuvi.in/blog/why-i-moved-off-arch-on-my-netbook.html" "Mozilla/5.0 (Windows NT 6.1; WOW64; rv:11.0) Gecko/20100101 Firefox/11.0"
24.107.0.13 - - [18/Apr/2012:19:29:03 -0700] "GET /favicon.ico HTTP/1.1" 404 142 "-" "Mozilla/5.0 (Windows NT 6.1; WOW64; rv:11.0) Gecko/20100101 Firefox/11.0"
122.164.154.251 - - [18/Apr/2012:19:29:03 -0700] "-" 400 0 "-" "-"
122.164.154.251 - - [18/Apr/2012:19:29:03 -0700] "-" 400 0 "-" "-"
122.164.154.251 - - [18/Apr/2012:19:29:03 -0700] "-" 400 0 "-" "-"
122.164.154.251 - - [18/Apr/2012:19:29:03 -0700] "-" 400 0 "-" "-"
122.164.154.251 - - [18/Apr/2012:19:29:04 -0700] "-" 400 0 "-" "-"
122.164.154.251 - - [18/Apr/2012:19:29:32 -0700] "-" 400 0 "-" "-"
122.164.154.251 - - [18/Apr/2012:19:29:32 -0700] "-" 400 0 "-" "-"
122.164.154.251 - - [18/Apr/2012:19:29:33 -0700] "-" 400 0 "-" "-"
122.164.154.251 - - [18/Apr/2012:19:29:33 -0700] "-" 400 0 "-" "-"
122.164.154.251 - - [18/Apr/2012:19:29:33 -0700] "-" 400 0 "-" "-"
122.164.154.251 - - [18/Apr/2012:19:29:33 -0700] "-" 400 0 "-" "-"
117.200.2.141 - - [18/Apr/2012:19:30:47 -0700] "-" 400 0 "-" "-"
117.192.137.94 - - [18/Apr/2012:19:30:52 -0700] "-" 400 0 "-" "-"
117.192.137.94 - - [18/Apr/2012:19:30:52 -0700] "-" 400 0 "-" "-"
117.192.137.94 - - [18/Apr/2012:19:30:52 -0700] "-" 400 0 "-" "-"
117.192.137.94 - - [18/Apr/2012:19:30:52 -0700] "-" 400 0 "-" "-"
208.115.111.68 - - [18/Apr/2012:19:32:22 -0700] "GET /robots.txt HTTP/1.1" 404 169 "-" "Mozilla/5.0 (compatible; Ezooms/1.0; ezooms.bot@gmail.com)"
117.193.194.129 - - [18/Apr/2012:19:32:25 -0700] "-" 400 0 "-" "-"
122.164.154.251 - - [18/Apr/2012:19:32:40 -0700] "-" 400 0 "-" "-"
122.164.154.251 - - [18/Apr/2012:19:32:41 -0700] "-" 400 0 "-" "-"
122.164.154.251 - - [18/Apr/2012:19:32:41 -0700] "-" 400 0 "-" "-"
122.164.154.251 - - [18/Apr/2012:19:32:41 -0700] "-" 400 0 "-" "-"
122.164.154.251 - - [18/Apr/2012:19:32:41 -0700] "-" 400 0 "-" "-"
122.164.154.251 - - [18/Apr/2012:19:32:41 -0700] "-" 400 0 "-" "-"
122.164.154.251 - - [18/Apr/2012:19:32:41 -0700] "-" 400 0 "-" "-"
176.31.247.216 - - [18/Apr/2012:19:34:26 -0700] "GET /robots.txt HTTP/1.0" 404 169 "-" "Mozilla/5.0 (compatible; MJ12bot/v1.4.2; http://www.majestic12.co.uk/bot.php?+)"
176.31.247.216 - - [18/Apr/2012:19:34:28 -0700] "GET / HTTP/1.0" 200 3439 "-" "Mozilla/5.0 (compatible; MJ12bot/v1.4.2; http://www.majestic12.co.uk/bot.php?+)"
117.193.194.129 - - [18/Apr/2012:19:35:58 -0700] "-" 400 0 "-" "-"
119.63.196.92 - - [18/Apr/2012:19:36:11 -0700] "GET / HTTP/1.1" 404 211 "-" "Mozilla/5.0 (compatible; Baiduspider/2.0; +http://www.baidu.com/search/spider.html)"
14.99.205.116 - - [18/Apr/2012:19:36:52 -0700] "-" 400 0 "-" "-"
69.171.234.4 - - [18/Apr/2012:19:36:52 -0700] "GET /r/2x9l HTTP/1.1" 301 257 "-" "facebookexternalhit/1.1 (+http://www.facebook.com/externalhit_uatext.php)"
69.171.234.3 - - [18/Apr/2012:19:36:52 -0700] "GET /s/ta/2x9l/ HTTP/1.1" 302 583 "-" "facebookexternalhit/1.1 (+http://www.facebook.com/externalhit_uatext.php)"
209.85.224.96 - - [18/Apr/2012:19:39:41 -0700] "GET /stories/feed HTTP/1.1" 200 13653 "-" "FeedBurner/1.0 (http://www.FeedBurner.com)"
69.171.234.4 - - [18/Apr/2012:19:41:50 -0700] "GET /r/o7q HTTP/1.1" 301 255 "-" "facebookexternalhit/1.1 (+http://www.facebook.com/externalhit_uatext.php)"
69.171.234.2 - - [18/Apr/2012:19:41:50 -0700] "GET /s/ta/o7q/ HTTP/1.1" 302 337 "-" "facebookexternalhit/1.1 (+http://www.facebook.com/externalhit_uatext.php)"
99.188.220.228 - - [18/Apr/2012:19:44:35 -0700] "GET / HTTP/1.1" 200 1430 "-" "Reeder/1010.59.00 CFNetwork/520.3.2 Darwin/11.3.0 (x86_64) (MacBookPro5%2C2)"
99.188.220.228 - - [18/Apr/2012:19:44:35 -0700] "GET /favicon.ico HTTP/1.1" 404 142 "-" "Reeder/1010.59.00 CFNetwork/520.3.2 Darwin/11.3.0 (x86_64) (MacBookPro5%2C2)"
99.188.220.228 - - [18/Apr/2012:19:44:35 -0700] "GET / HTTP/1.1" 200 1430 "-" "Reeder/1010.59.00 CFNetwork/520.3.2 Darwin/11.3.0 (x86_64) (MacBookPro5%2C2)"
99.188.220.228 - - [18/Apr/2012:19:44:35 -0700] "GET /apple-touch-icon.png HTTP/1.1" 404 142 "-" "Reeder/1010.59.00 CFNetwork/520.3.2 Darwin/11.3.0 (x86_64) (MacBookPro5%2C2)"
99.188.220.228 - - [18/Apr/2012:19:44:35 -0700] "GET /apple-touch-icon-precomposed.png HTTP/1.1" 404 142 "-" "Reeder/1010.59.00 CFNetwork/520.3.2 Darwin/11.3.0 (x86_64) (MacBookPro5%2C2)"
85.17.88.169 - - [18/Apr/2012:19:45:31 -0700] "POST /blog/wp-cron.php?doing_wp_cron=1334803141 HTTP/1.0" 499 0 "-" "WordPress/3.3.1; http://yuvi.in/blog"
85.17.88.169 - - [18/Apr/2012:19:45:31 -0700] "POST /blog/wp-cron.php?doing_wp_cron=1334803141 HTTP/1.0" 499 0 "-" "WordPress/3.3.1; http://yuvi.in/blog"
107.20.53.209 - - [18/Apr/2012:19:45:31 -0700] "GET /blog/infosys-tcs-or-wipro-none/ HTTP/1.1" 200 7089 "-" "Mozilla/5.0 (Macintosh; U; Intel Mac OS X 10.6; en-US; rv:1.9.2) Gecko/20100115 Firefox/3.6 (FlipboardProxy/1.1; +http://flipboard.com/browserproxy)"
107.20.53.209 - - [18/Apr/2012:19:45:31 -0700] "GET /blog/category/education/ HTTP/1.1" 200 14721 "-" "Mozilla/5.0 (Macintosh; U; Intel Mac OS X 10.6; en-US; rv:1.9.2) Gecko/20100115 Firefox/3.6 (FlipboardProxy/1.1; +http://flipboard.com/browserproxy)"
180.76.5.107 - - [18/Apr/2012:19:47:31 -0700] "GET / HTTP/1.1" 200 3439 "-" "Mozilla/5.0 (compatible; Baiduspider/2.0; +http://www.baidu.com/search/spider.html)"
69.171.228.246 - - [18/Apr/2012:19:47:39 -0700] "GET /r/1qjc HTTP/1.1" 301 257 "-" "facebookexternalhit/1.1 (+http://www.facebook.com/externalhit_uatext.php)"
69.171.228.244 - - [18/Apr/2012:19:47:39 -0700] "GET /s/ta/1qjc/ HTTP/1.1" 302 361 "-" "facebookexternalhit/1.1 (+http://www.facebook.com/externalhit_uatext.php)"
69.171.228.244 - - [18/Apr/2012:19:51:33 -0700] "GET /r/2rvh HTTP/1.1" 301 257 "-" "facebookexternalhit/1.1 (+http://www.facebook.com/externalhit_uatext.php)"
69.171.228.251 - - [18/Apr/2012:19:51:33 -0700] "GET /s/ta/2rvh/ HTTP/1.1" 302 591 "-" "facebookexternalhit/1.1 (+http://www.facebook.com/externalhit_uatext.php)"
64.160.200.107 - - [18/Apr/2012:19:53:15 -0700] "GET /r/2sq HTTP/1.1" 301 255 "http://ta.wikipedia.org/wiki/%E0%AE%B5%E0%AE%BF%E0%AE%95%E0%AF%8D%E0%AE%95%E0%AE%BF%E0%AE%AA%E0%AF%8D%E0%AE%AA%E0%AF%80%E0%AE%9F%E0%AE%BF%E0%AE%AF%E0%AE%BE:%E0%AE%AA%E0%AF%8A%E0%AE%A4%E0%AF%81%E0%AE%B5%E0%AE%BE%E0%AE%A9_%E0%AE%AA%E0%AF%8A%E0%AE%B1%E0%AF%81%E0%AE%AA%E0%AF%8D%E0%AE%AA%E0%AF%81%E0%AE%A4%E0%AF%8D_%E0%AE%A4%E0%AF%81%E0%AE%B1%E0%AE%AA%E0%AF%8D%E0%AE%AA%E0%AF%81%E0%AE%95%E0%AE%B3%E0%AF%8D" "Mozilla/5.0 (compatible; MSIE 9.0; Windows NT 6.1; WOW64; Trident/5.0)"
64.160.200.107 - - [18/Apr/2012:19:53:16 -0700] "GET /s/ta/2sq/ HTTP/1.1" 302 767 "http://ta.wikipedia.org/wiki/%E0%AE%B5%E0%AE%BF%E0%AE%95%E0%AF%8D%E0%AE%95%E0%AE%BF%E0%AE%AA%E0%AF%8D%E0%AE%AA%E0%AF%80%E0%AE%9F%E0%AE%BF%E0%AE%AF%E0%AE%BE:%E0%AE%AA%E0%AF%8A%E0%AE%A4%E0%AF%81%E0%AE%B5%E0%AE%BE%E0%AE%A9_%E0%AE%AA%E0%AF%8A%E0%AE%B1%E0%AF%81%E0%AE%AA%E0%AF%8D%E0%AE%AA%E0%AF%81%E0%AE%A4%E0%AF%8D_%E0%AE%A4%E0%AF%81%E0%AE%B1%E0%AE%AA%E0%AF%8D%E0%AE%AA%E0%AF%81%E0%AE%95%E0%AE%B3%E0%AF%8D" "Mozilla/5.0 (compatible; MSIE 9.0; Windows NT 6.1; WOW64; Trident/5.0)"
85.17.88.169 - - [18/Apr/2012:19:56:18 -0700] "POST /blog/wp-cron.php?doing_wp_cron=1334803788 HTTP/1.0" 499 0 "-" "WordPress/3.3.1; http://yuvi.in/blog"
207.46.204.188 - - [18/Apr/2012:19:56:19 -0700] "GET /blog/tag/sriram/ HTTP/1.1" 200 14343 "-" "Mozilla/5.0 (compatible; bingbot/2.0; +http://www.bing.com/bingbot.htm)"
85.17.88.169 - - [18/Apr/2012:19:58:29 -0700] "POST /blog/wp-cron.php?doing_wp_cron=1334803918 HTTP/1.0" 499 0 "-" "WordPress/3.3.1; http://yuvi.in/blog"
209.85.144.90 - - [18/Apr/2012:19:58:29 -0700] "GET /blog/feed HTTP/1.1" 304 0 "-" "FeedBurner/1.0 (http://www.FeedBurner.com)"
85.17.88.169 - - [18/Apr/2012:20:00:44 -0700] "POST /blog/wp-cron.php?doing_wp_cron=1334804054 HTTP/1.0" 499 0 "-" "WordPress/3.3.1; http://yuvi.in/blog"
209.85.238.182 - - [18/Apr/2012:20:00:45 -0700] "GET /blog/feed/ HTTP/1.1" 304 0 "-" "Feedfetcher-Google; (+http://www.google.com/feedfetcher.html; 19 subscribers; feed-id=15064232456473204253)"
85.17.88.169 - - [18/Apr/2012:20:01:35 -0700] "POST /blog/wp-cron.php?doing_wp_cron=1334804105 HTTP/1.0" 499 0 "-" "WordPress/3.3.1; http://yuvi.in/blog"
209.85.238.182 - - [18/Apr/2012:20:01:35 -0700] "GET /blog/feed HTTP/1.1" 301 0 "-" "Feedfetcher-Google; (+http://www.google.com/feedfetcher.html; 3 subscribers; feed-id=17684830852112633560)"
85.17.88.169 - - [18/Apr/2012:20:01:37 -0700] "POST /blog/wp-cron.php?doing_wp_cron=1334804107 HTTP/1.0" 499 0 "-" "WordPress/3.3.1; http://yuvi.in/blog"
209.85.238.182 - - [18/Apr/2012:20:01:38 -0700] "GET /blog/feed/ HTTP/1.1" 304 0 "-" "Feedfetcher-Google; (+http://www.google.com/feedfetcher.html; 3 subscribers; feed-id=17684830852112633560)"
141.0.10.19 - - [18/Apr/2012:20:07:27 -0700] "GET /r/13wh HTTP/1.1" 301 257 "http://ta.wikipedia.org/w/index.php?title=%E0%AE%95%E0%AE%BE%E0%AE%AE%E0%AE%95%E0%AF%8D_%E0%AE%95%E0%AE%A4%E0%AF%88&mobileaction=toggle_view_desktop" "Opera/9.80 (J2ME/MIDP; Opera Mini/4.1.15082/27.1486; U; ta) Presto/2.8.119 Version/11.10"
141.0.10.19 - - [18/Apr/2012:20:07:27 -0700] "GET /s/ta/13wh/ HTTP/1.1" 302 365 "http://ta.wikipedia.org/w/index.php?title=%E0%AE%95%E0%AE%BE%E0%AE%AE%E0%AE%95%E0%AF%8D_%E0%AE%95%E0%AE%A4%E0%AF%88&mobileaction=toggle_view_desktop" "Opera/9.80 (J2ME/MIDP; Opera Mini/4.1.15082/27.1486; U; ta) Presto/2.8.119 Version/11.10"
157.55.112.200 - - [18/Apr/2012:20:08:37 -0700] "-" 400 0 "-" "-"
157.55.112.200 - - [18/Apr/2012:20:08:43 -0700] "-" 400 0 "-" "-"
157.55.112.200 - - [18/Apr/2012:20:08:44 -0700] "-" 400 0 "-" "-"
157.55.112.200 - - [18/Apr/2012:20:08:46 -0700] "-" 400 0 "-" "-"
157.55.112.200 - - [18/Apr/2012:20:08:46 -0700] "-" 400 0 "-" "-"
157.55.112.200 - - [18/Apr/2012:20:08:46 -0700] "-" 400 0 "-" "-"
157.55.112.200 - - [18/Apr/2012:20:08:47 -0700] "-" 400 0 "-" "-"
157.55.112.200 - - [18/Apr/2012:20:08:48 -0700] "-" 400 0 "-" "-"
157.55.112.200 - - [18/Apr/2012:20:08:49 -0700] "-" 400 0 "-" "-"
157.55.112.200 - - [18/Apr/2012:20:08:49 -0700] "-" 400 0 "-" "-"
65.52.111.244 - - [18/Apr/2012:20:08:58 -0700] "-" 400 0 "-" "-"
65.52.111.244 - - [18/Apr/2012:20:08:58 -0700] "-" 400 0 "-" "-"
65.52.111.244 - - [18/Apr/2012:20:08:58 -0700] "-" 400 0 "-" "-"
65.52.111.244 - - [18/Apr/2012:20:09:02 -0700] "-" 400 0 "-" "-"
65.52.111.244 - - [18/Apr/2012:20:09:02 -0700] "-" 400 0 "-" "-"
65.52.111.244 - - [18/Apr/2012:20:09:03 -0700] "-" 400 0 "-" "-"
65.52.111.244 - - [18/Apr/2012:20:09:03 -0700] "-" 400 0 "-" "-"
65.52.111.244 - - [18/Apr/2012:20:09:06 -0700] "-" 400 0 "-" "-"
65.52.111.244 - - [18/Apr/2012:20:09:06 -0700] "-" 400 0 "-" "-"
65.52.111.244 - - [18/Apr/2012:20:09:07 -0700] "-" 400 0 "-" "-"
65.52.111.244 - - [18/Apr/2012:20:09:07 -0700] "-" 400 0 "-" "-"
65.52.111.244 - - [18/Apr/2012:20:09:08 -0700] "-" 400 0 "-" "-"
66.220.149.250 - - [18/Apr/2012:20:09:11 -0700] "GET /r/o7q HTTP/1.1" 301 255 "-" "facebookexternalhit/1.1 (+http://www.facebook.com/externalhit_uatext.php)"
66.220.149.244 - - [18/Apr/2012:20:09:11 -0700] "GET /s/ta/o7q/ HTTP/1.1" 302 337 "-" "facebookexternalhit/1.1 (+http://www.facebook.com/externalhit_uatext.php)"
117.193.39.29 - - [18/Apr/2012:20:09:39 -0700] "-" 400 0 "-" "-"
117.193.39.29 - - [18/Apr/2012:20:09:39 -0700] "-" 400 0 "-" "-"
117.193.39.29 - - [18/Apr/2012:20:09:39 -0700] "-" 400 0 "-" "-"
85.17.88.169 - - [18/Apr/2012:20:09:40 -0700] "POST /blog/wp-cron.php?doing_wp_cron=1334804589 HTTP/1.0" 499 0 "-" "WordPress/3.3.1; http://yuvi.in/blog"
119.63.196.96 - - [18/Apr/2012:20:09:41 -0700] "GET /blog/interview-sriram-krishnan-5-years-old/ HTTP/1.1" 200 16154 "-" "Mozilla/5.0 (compatible; Baiduspider/2.0; +http://www.baidu.com/search/spider.html)"
65.52.111.244 - - [18/Apr/2012:20:09:44 -0700] "-" 400 0 "-" "-"
66.220.149.251 - - [18/Apr/2012:20:10:43 -0700] "GET /r/o7q HTTP/1.1" 301 255 "-" "facebookexternalhit/1.1 (+http://www.facebook.com/externalhit_uatext.php)"
66.220.149.251 - - [18/Apr/2012:20:10:43 -0700] "GET /s/ta/o7q/ HTTP/1.1" 302 337 "-" "facebookexternalhit/1.1 (+http://www.facebook.com/externalhit_uatext.php)"
122.174.9.232 - - [18/Apr/2012:20:14:24 -0700] "-" 400 0 "-" "-"
85.17.88.169 - - [18/Apr/2012:20:15:19 -0700] "POST /blog/wp-cron.php?doing_wp_cron=1334804929 HTTP/1.0" 499 0 "-" "WordPress/3.3.1; http://yuvi.in/blog"
65.52.109.26 - - [18/Apr/2012:20:15:20 -0700] "GET /blog/tag/note-to-future-self/ HTTP/1.1" 200 4178 "-" "Mozilla/5.0 (compatible; bingbot/2.0; +http://www.bing.com/bingbot.htm)"
115.241.64.17 - - [18/Apr/2012:20:16:04 -0700] "-" 400 0 "-" "-"
101.220.109.187 - - [18/Apr/2012:20:17:06 -0700] "-" 400 0 "-" "-"
59.178.38.84 - - [18/Apr/2012:20:17:29 -0700] "-" 400 0 "-" "-"
115.241.64.17 - - [18/Apr/2012:20:17:44 -0700] "-" 400 0 "-" "-"
115.241.64.17 - - [18/Apr/2012:20:17:44 -0700] "-" 400 0 "-" "-"
115.241.64.17 - - [18/Apr/2012:20:17:44 -0700] "-" 400 0 "-" "-"
115.241.64.17 - - [18/Apr/2012:20:17:44 -0700] "-" 400 0 "-" "-"
115.241.64.17 - - [18/Apr/2012:20:17:45 -0700] "-" 400 0 "-" "-"
115.241.64.17 - - [18/Apr/2012:20:17:45 -0700] "-" 400 0 "-" "-"
141.0.8.36 - - [18/Apr/2012:20:18:40 -0700] "-" 400 0 "-" "-"
223.236.123.115 - - [18/Apr/2012:20:20:52 -0700] "-" 400 0 "-" "-"
115.241.64.17 - - [18/Apr/2012:20:20:54 -0700] "-" 400 0 "-" "-"
69.171.234.6 - - [18/Apr/2012:20:20:58 -0700] "GET /r/2rvh HTTP/1.1" 301 257 "-" "facebookexternalhit/1.1 (+http://www.facebook.com/externalhit_uatext.php)"
69.171.234.5 - - [18/Apr/2012:20:20:58 -0700] "GET /s/ta/2rvh/ HTTP/1.1" 302 591 "-" "facebookexternalhit/1.1 (+http://www.facebook.com/externalhit_uatext.php)"
115.241.64.17 - - [18/Apr/2012:20:21:04 -0700] "-" 400 0 "-" "-"
115.241.64.17 - - [18/Apr/2012:20:21:14 -0700] "-" 400 0 "-" "-"
58.26.125.130 - - [18/Apr/2012:20:22:10 -0700] "GET /r/1ukb HTTP/1.1" 301 257 "-" "Mozilla/4.0 (compatible; MSIE 8.0; Windows NT 5.1; Trident/4.0; GTB6.6)"
58.26.125.130 - - [18/Apr/2012:20:22:10 -0700] "GET /s/ta/1ukb/ HTTP/1.1" 302 389 "-" "Mozilla/4.0 (compatible; MSIE 8.0; Windows NT 5.1; Trident/4.0; GTB6.6)"
207.46.204.213 - - [18/Apr/2012:20:23:26 -0700] "-" 400 0 "-" "-"
207.46.204.213 - - [18/Apr/2012:20:23:26 -0700] "-" 400 0 "-" "-"
207.46.204.213 - - [18/Apr/2012:20:23:26 -0700] "-" 400 0 "-" "-"
207.46.204.213 - - [18/Apr/2012:20:23:30 -0700] "-" 400 0 "-" "-"
207.46.204.213 - - [18/Apr/2012:20:23:30 -0700] "-" 400 0 "-" "-"
207.46.204.213 - - [18/Apr/2012:20:23:30 -0700] "-" 400 0 "-" "-"
207.46.204.213 - - [18/Apr/2012:20:23:35 -0700] "-" 400 0 "-" "-"
207.46.204.213 - - [18/Apr/2012:20:23:35 -0700] "-" 400 0 "-" "-"
207.46.204.213 - - [18/Apr/2012:20:23:36 -0700] "-" 400 0 "-" "-"
207.46.204.213 - - [18/Apr/2012:20:23:36 -0700] "-" 400 0 "-" "-"
207.46.204.213 - - [18/Apr/2012:20:23:36 -0700] "-" 400 0 "-" "-"
207.46.204.213 - - [18/Apr/2012:20:23:37 -0700] "-" 400 0 "-" "-"
157.55.112.200 - - [18/Apr/2012:20:23:43 -0700] "-" 400 0 "-" "-"
157.55.112.200 - - [18/Apr/2012:20:23:43 -0700] "-" 400 0 "-" "-"
157.55.112.200 - - [18/Apr/2012:20:23:43 -0700] "-" 400 0 "-" "-"
157.55.112.200 - - [18/Apr/2012:20:23:45 -0700] "-" 400 0 "-" "-"
157.55.112.200 - - [18/Apr/2012:20:23:46 -0700] "-" 400 0 "-" "-"
157.55.112.200 - - [18/Apr/2012:20:23:47 -0700] "-" 400 0 "-" "-"
157.55.112.200 - - [18/Apr/2012:20:23:47 -0700] "-" 400 0 "-" "-"
157.55.112.200 - - [18/Apr/2012:20:23:48 -0700] "-" 400 0 "-" "-"
157.55.112.200 - - [18/Apr/2012:20:23:48 -0700] "-" 400 0 "-" "-"
157.55.112.200 - - [18/Apr/2012:20:23:49 -0700] "-" 400 0 "-" "-"
157.55.112.200 - - [18/Apr/2012:20:23:49 -0700] "-" 400 0 "-" "-"
157.55.112.200 - - [18/Apr/2012:20:23:50 -0700] "-" 400 0 "-" "-"
85.17.88.169 - - [18/Apr/2012:20:23:51 -0700] "POST /blog/wp-cron.php?doing_wp_cron=1334805441 HTTP/1.0" 499 0 "-" "WordPress/3.3.1; http://yuvi.in/blog"
66.135.57.47 - - [18/Apr/2012:20:23:52 -0700] "GET /blog/my-vimrc/ HTTP/1.0" 200 16009 "-" "Mozilla/5.0 (Windows; U; Windows NT 5.1; rv:1.7.3) Gecko/20041001 Firefox/0.10.1"
85.17.88.169 - - [18/Apr/2012:20:23:54 -0700] "POST /blog/wp-cron.php?doing_wp_cron=1334805444 HTTP/1.0" 499 0 "-" "WordPress/3.3.1; http://yuvi.in/blog"
66.135.57.47 - - [18/Apr/2012:20:23:55 -0700] "GET /blog/college-drop/ HTTP/1.0" 200 18395 "-" "Mozilla/5.0 (Windows; U; Windows NT 5.1; rv:1.7.3) Gecko/20041001 Firefox/0.10.1"
85.17.88.169 - - [18/Apr/2012:20:23:57 -0700] "POST /blog/wp-cron.php?doing_wp_cron=1334805447 HTTP/1.0" 499 0 "-" "WordPress/3.3.1; http://yuvi.in/blog"
66.135.57.47 - - [18/Apr/2012:20:23:58 -0700] "GET /blog/passing-headers-proxying-nginx/ HTTP/1.0" 200 16690 "-" "Mozilla/5.0 (Windows; U; Windows NT 5.1; rv:1.7.3) Gecko/20041001 Firefox/0.10.1"
85.17.88.169 - - [18/Apr/2012:20:24:00 -0700] "POST /blog/wp-cron.php?doing_wp_cron=1334805450 HTTP/1.0" 499 0 "-" "WordPress/3.3.1; http://yuvi.in/blog"
66.135.57.47 - - [18/Apr/2012:20:24:01 -0700] "GET /blog/program/ HTTP/1.0" 200 27214 "-" "Mozilla/5.0 (Windows; U; Windows NT 5.1; rv:1.7.3) Gecko/20041001 Firefox/0.10.1"
85.17.88.169 - - [18/Apr/2012:20:24:03 -0700] "POST /blog/wp-cron.php?doing_wp_cron=1334805453 HTTP/1.0" 499 0 "-" "WordPress/3.3.1; http://yuvi.in/blog"
66.135.57.47 - - [18/Apr/2012:20:24:04 -0700] "GET /blog/devlog-december-26-2011/ HTTP/1.0" 200 16694 "-" "Mozilla/5.0 (Windows; U; Windows NT 5.1; rv:1.7.3) Gecko/20041001 Firefox/0.10.1"
85.17.88.169 - - [18/Apr/2012:20:24:07 -0700] "POST /blog/wp-cron.php?doing_wp_cron=1334805457 HTTP/1.0" 499 0 "-" "WordPress/3.3.1; http://yuvi.in/blog"
66.135.57.47 - - [18/Apr/2012:20:24:07 -0700] "GET /blog/devlog-december-23-2011/ HTTP/1.0" 200 16517 "-" "Mozilla/5.0 (Windows; U; Windows NT 5.1; rv:1.7.3) Gecko/20041001 Firefox/0.10.1"
85.17.88.169 - - [18/Apr/2012:20:24:10 -0700] "POST /blog/wp-cron.php?doing_wp_cron=1334805459 HTTP/1.0" 499 0 "-" "WordPress/3.3.1; http://yuvi.in/blog"
66.135.57.47 - - [18/Apr/2012:20:24:10 -0700] "GET /blog/devlog-december-21-2011/ HTTP/1.0" 200 17121 "-" "Mozilla/5.0 (Windows; U; Windows NT 5.1; rv:1.7.3) Gecko/20041001 Firefox/0.10.1"
207.46.204.213 - - [18/Apr/2012:20:24:12 -0700] "-" 400 0 "-" "-"
85.17.88.169 - - [18/Apr/2012:20:24:13 -0700] "POST /blog/wp-cron.php?doing_wp_cron=1334805463 HTTP/1.0" 499 0 "-" "WordPress/3.3.1; http://yuvi.in/blog"
66.135.57.47 - - [18/Apr/2012:20:24:13 -0700] "GET /blog/devlog-december-11-2011/ HTTP/1.0" 200 16592 "-" "Mozilla/5.0 (Windows; U; Windows NT 5.1; rv:1.7.3) Gecko/20041001 Firefox/0.10.1"
85.17.88.169 - - [18/Apr/2012:20:24:16 -0700] "POST /blog/wp-cron.php?doing_wp_cron=1334805466 HTTP/1.0" 499 0 "-" "WordPress/3.3.1; http://yuvi.in/blog"
66.135.57.47 - - [18/Apr/2012:20:24:17 -0700] "GET /blog/devlog-december-10-2011/ HTTP/1.0" 200 16387 "-" "Mozilla/5.0 (Windows; U; Windows NT 5.1; rv:1.7.3) Gecko/20041001 Firefox/0.10.1"
85.17.88.169 - - [18/Apr/2012:20:24:19 -0700] "POST /blog/wp-cron.php?doing_wp_cron=1334805469 HTTP/1.0" 499 0 "-" "WordPress/3.3.1; http://yuvi.in/blog"
66.135.57.47 - - [18/Apr/2012:20:24:20 -0700] "GET /blog/devlog-december-7-2011/ HTTP/1.0" 200 16833 "-" "Mozilla/5.0 (Windows; U; Windows NT 5.1; rv:1.7.3) Gecko/20041001 Firefox/0.10.1"
85.17.88.169 - - [18/Apr/2012:20:27:19 -0700] "POST /blog/wp-cron.php?doing_wp_cron=1334805649 HTTP/1.0" 499 0 "-" "WordPress/3.3.1; http://yuvi.in/blog"
65.52.110.147 - - [18/Apr/2012:20:27:19 -0700] "GET /blog/tag/reddit/ HTTP/1.1" 200 9226 "-" "Mozilla/5.0 (compatible; bingbot/2.0; +http://www.bing.com/bingbot.htm)"
223.236.63.19 - - [18/Apr/2012:20:28:10 -0700] "-" 400 0 "-" "-"
85.17.88.169 - - [18/Apr/2012:20:28:33 -0700] "POST /blog/wp-cron.php?doing_wp_cron=1334805723 HTTP/1.0" 499 0 "-" "WordPress/3.3.1; http://yuvi.in/blog"
209.85.224.98 - - [18/Apr/2012:20:28:34 -0700] "GET /blog/feed HTTP/1.1" 304 0 "-" "FeedBurner/1.0 (http://www.FeedBurner.com)"
223.236.63.19 - - [18/Apr/2012:20:29:01 -0700] "-" 400 0 "-" "-"
115.242.227.0 - - [18/Apr/2012:20:29:18 -0700] "-" 400 0 "-" "-"
223.236.63.19 - - [18/Apr/2012:20:29:50 -0700] "-" 400 0 "-" "-"
121.246.24.130 - - [18/Apr/2012:20:30:18 -0700] "-" 400 0 "-" "-"
121.246.24.130 - - [18/Apr/2012:20:30:18 -0700] "-" 400 0 "-" "-"
121.246.24.130 - - [18/Apr/2012:20:30:18 -0700] "-" 400 0 "-" "-"
121.246.24.130 - - [18/Apr/2012:20:30:18 -0700] "-" 400 0 "-" "-"
121.246.24.130 - - [18/Apr/2012:20:30:18 -0700] "-" 400 0 "-" "-"
121.246.24.130 - - [18/Apr/2012:20:30:18 -0700] "-" 400 0 "-" "-"
121.246.24.130 - - [18/Apr/2012:20:30:57 -0700] "-" 400 0 "-" "-"
121.246.24.130 - - [18/Apr/2012:20:31:37 -0700] "-" 400 0 "-" "-"
121.246.24.130 - - [18/Apr/2012:20:31:37 -0700] "-" 400 0 "-" "-"
121.246.24.130 - - [18/Apr/2012:20:31:37 -0700] "-" 400 0 "-" "-"
121.246.24.130 - - [18/Apr/2012:20:31:37 -0700] "-" 400 0 "-" "-"
121.246.24.130 - - [18/Apr/2012:20:31:37 -0700] "-" 400 0 "-" "-"
124.43.232.154 - - [18/Apr/2012:20:32:04 -0700] "GET /r/2k9b HTTP/1.1" 301 257 "http://ta.wikipedia.org/wiki/%E0%AE%95%E0%AF%81%E0%AE%A3%E0%AF%8D%E0%AE%9F%E0%AE%B2%E0%AE%BF%E0%AE%A9%E0%AE%BF_%E0%AE%AF%E0%AF%8B%E0%AE%95%E0%AE%AE%E0%AF%8D" "Mozilla/5.0 (Windows NT 6.1; WOW64) AppleWebKit/535.19 (KHTML, like Gecko) Chrome/18.0.1025.162 Safari/535.19"
