209.85.224.80 - - [10/Mar/2012:01:56:38 -0800] "GET /stories/feed HTTP/1.1" 200 13653 "-" "FeedBurner/1.0 (http://www.FeedBurner.com)"
117.206.100.60 - - [10/Mar/2012:01:56:50 -0800] "-" 400 0 "-" "-"
117.196.136.114 - - [10/Mar/2012:01:56:51 -0800] "-" 400 0 "-" "-"
117.196.136.114 - - [10/Mar/2012:01:56:51 -0800] "-" 400 0 "-" "-"
117.196.136.114 - - [10/Mar/2012:01:56:51 -0800] "-" 400 0 "-" "-"
117.196.136.114 - - [10/Mar/2012:01:56:51 -0800] "-" 400 0 "-" "-"
85.17.88.169 - - [10/Mar/2012:01:56:55 -0800] "POST /blog/wp-cron.php?doing_wp_cron=1331373342 HTTP/1.0" 499 0 "-" "WordPress/3.3.1; http://yuvi.in/blog"
209.85.224.96 - - [10/Mar/2012:01:56:56 -0800] "GET /blog/feed HTTP/1.1" 304 0 "-" "FeedBurner/1.0 (http://www.FeedBurner.com)"
85.17.88.169 - - [10/Mar/2012:01:57:05 -0800] "POST /blog/wp-cron.php?doing_wp_cron=1331373352 HTTP/1.0" 499 0 "-" "WordPress/3.3.1; http://yuvi.in/blog"
199.16.186.98 - - [10/Mar/2012:01:57:05 -0800] "GET /blog/my-vimrc/feed/ HTTP/1.1" 304 0 "-" "BoardReader/1.0 (http://boardreader.com/info/robots.htm)-CommentCrawler5"
117.193.234.119 - - [10/Mar/2012:01:58:23 -0800] "-" 400 0 "-" "-"
92.98.123.82 - - [10/Mar/2012:01:58:36 -0800] "GET /r/1x7m HTTP/1.1" 301 257 "http://www.facebook.com/l.php?u=http%3A%2F%2Ftawp.in%2Fr%2F1x7m&h=gAQHfw53xAQHawTKYO2AhII6XplUPy_2et24Qd8pCLSjASg&enc=AZPj2T42u8-4sd500r_k4CtEcv3x98-cffT7BQQS472aaqnVVP_BAjPkaatTqglVH0YFBHguuLgOzQBgmQpt0rS8" "Mozilla/5.0 (Windows NT 5.1) AppleWebKit/535.11 (KHTML, like Gecko) Chrome/17.0.963.78 Safari/535.11"
92.98.123.82 - - [10/Mar/2012:01:58:36 -0800] "GET /s/ta/1x7m/ HTTP/1.1" 302 513 "http://www.facebook.com/l.php?u=http%3A%2F%2Ftawp.in%2Fr%2F1x7m&h=gAQHfw53xAQHawTKYO2AhII6XplUPy_2et24Qd8pCLSjASg&enc=AZPj2T42u8-4sd500r_k4CtEcv3x98-cffT7BQQS472aaqnVVP_BAjPkaatTqglVH0YFBHguuLgOzQBgmQpt0rS8" "Mozilla/5.0 (Windows NT 5.1) AppleWebKit/535.11 (KHTML, like Gecko) Chrome/17.0.963.78 Safari/535.11"
117.193.234.119 - - [10/Mar/2012:01:58:43 -0800] "-" 400 0 "-" "-"
117.193.234.119 - - [10/Mar/2012:01:58:43 -0800] "-" 400 0 "-" "-"
117.193.234.119 - - [10/Mar/2012:01:58:43 -0800] "-" 400 0 "-" "-"
122.174.165.44 - - [10/Mar/2012:01:59:58 -0800] "-" 400 0 "-" "-"
67.215.230.26 - - [10/Mar/2012:02:00:41 -0800] "GET /robots.txt HTTP/1.0" 404 169 "-" "Setooz/Nutch-1.2 (http://www.setooz.com)"
67.215.230.27 - - [10/Mar/2012:02:00:41 -0800] "GET /robots.txt HTTP/1.0" 404 169 "-" "Setooz/Nutch-1.2 (http://www.setooz.com)"
67.215.230.27 - - [10/Mar/2012:02:00:42 -0800] "GET /stories HTTP/1.0" 301 185 "-" "Setooz/Nutch-1.2 (http://www.setooz.com)"
67.215.230.26 - - [10/Mar/2012:02:00:42 -0800] "GET / HTTP/1.0" 200 3439 "-" "Setooz/Nutch-1.2 (http://www.setooz.com)"
14.97.45.160 - - [10/Mar/2012:02:00:58 -0800] "-" 400 0 "-" "-"
207.46.12.73 - - [10/Mar/2012:02:10:01 -0800] "-" 400 0 "-" "-"
207.46.12.73 - - [10/Mar/2012:02:10:01 -0800] "-" 400 0 "-" "-"
207.46.12.73 - - [10/Mar/2012:02:10:02 -0800] "-" 400 0 "-" "-"
207.46.12.73 - - [10/Mar/2012:02:10:03 -0800] "-" 400 0 "-" "-"
207.46.12.73 - - [10/Mar/2012:02:10:03 -0800] "-" 400 0 "-" "-"
207.46.12.73 - - [10/Mar/2012:02:10:03 -0800] "-" 400 0 "-" "-"
207.46.12.73 - - [10/Mar/2012:02:10:03 -0800] "-" 400 0 "-" "-"
207.46.12.73 - - [10/Mar/2012:02:10:04 -0800] "-" 400 0 "-" "-"
207.46.12.73 - - [10/Mar/2012:02:10:05 -0800] "-" 400 0 "-" "-"
207.46.12.73 - - [10/Mar/2012:02:10:05 -0800] "-" 400 0 "-" "-"
207.46.12.73 - - [10/Mar/2012:02:10:05 -0800] "-" 400 0 "-" "-"
101.63.175.92 - - [10/Mar/2012:02:10:39 -0800] "-" 400 0 "-" "-"
101.63.175.92 - - [10/Mar/2012:02:10:39 -0800] "-" 400 0 "-" "-"
101.63.175.92 - - [10/Mar/2012:02:10:39 -0800] "-" 400 0 "-" "-"
101.63.175.92 - - [10/Mar/2012:02:10:39 -0800] "-" 400 0 "-" "-"
207.46.12.73 - - [10/Mar/2012:02:10:54 -0800] "-" 400 0 "-" "-"
66.249.72.238 - - [10/Mar/2012:02:11:47 -0800] "GET /r/hil HTTP/1.1" 301 255 "-" "Mozilla/5.0 (compatible; Googlebot/2.1; +http://www.google.com/bot.html)"
66.249.72.238 - - [10/Mar/2012:02:11:47 -0800] "GET /s/ta/hil/ HTTP/1.1" 302 433 "-" "Mozilla/5.0 (compatible; Googlebot/2.1; +http://www.google.com/bot.html)"
95.71.192.237 - - [10/Mar/2012:02:12:03 -0800] "GET /favicon.ico HTTP/1.1" 404 142 "-" "Reeder/2.5.4 CFNetwork/548.1.4 Darwin/11.0.0"
95.71.192.237 - - [10/Mar/2012:02:12:03 -0800] "GET / HTTP/1.1" 200 1430 "-" "Reeder/2.5.4 CFNetwork/548.1.4 Darwin/11.0.0"
95.71.192.237 - - [10/Mar/2012:02:12:04 -0800] "GET /apple-touch-icon.png HTTP/1.1" 404 142 "-" "Reeder/2.5.4 CFNetwork/548.1.4 Darwin/11.0.0"
95.71.192.237 - - [10/Mar/2012:02:12:04 -0800] "GET /apple-touch-icon-precomposed.png HTTP/1.1" 404 142 "-" "Reeder/2.5.4 CFNetwork/548.1.4 Darwin/11.0.0"
113.193.122.110 - - [10/Mar/2012:02:13:07 -0800] "-" 400 0 "-" "-"
117.193.103.254 - - [10/Mar/2012:02:13:10 -0800] "-" 400 0 "-" "-"
113.193.122.110 - - [10/Mar/2012:02:13:27 -0800] "-" 400 0 "-" "-"
113.193.122.110 - - [10/Mar/2012:02:13:47 -0800] "-" 400 0 "-" "-"
117.193.69.56 - - [10/Mar/2012:02:13:47 -0800] "GET / HTTP/1.1" 304 0 "-" "Mozilla/5.0 (Windows NT 6.1; WOW64) AppleWebKit/535.11 (KHTML, like Gecko) Chrome/17.0.963.66 Safari/535.11"
117.193.69.56 - - [10/Mar/2012:02:13:47 -0800] "GET /favicon.ico HTTP/1.1" 404 199 "-" "Mozilla/5.0 (Windows NT 6.1; WOW64) AppleWebKit/535.11 (KHTML, like Gecko) Chrome/17.0.963.66 Safari/535.11"
117.193.69.56 - - [10/Mar/2012:02:14:03 -0800] "-" 400 0 "-" "-"
117.193.69.56 - - [10/Mar/2012:02:14:03 -0800] "-" 400 0 "-" "-"
66.249.72.238 - - [10/Mar/2012:02:16:05 -0800] "GET /r/2l61 HTTP/1.1" 301 257 "-" "Mozilla/5.0 (compatible; Googlebot/2.1; +http://www.google.com/bot.html)"
66.249.72.238 - - [10/Mar/2012:02:16:06 -0800] "GET /s/ta/2l61/ HTTP/1.1" 302 581 "-" "Mozilla/5.0 (compatible; Googlebot/2.1; +http://www.google.com/bot.html)"
141.0.9.29 - - [10/Mar/2012:02:16:30 -0800] "-" 400 0 "-" "-"
85.17.88.169 - - [10/Mar/2012:02:17:45 -0800] "POST /blog/wp-cron.php?doing_wp_cron=1331374591 HTTP/1.0" 499 0 "-" "WordPress/3.3.1; http://yuvi.in/blog"
65.52.108.145 - - [10/Mar/2012:02:17:45 -0800] "GET /blog/2011/06/09/ HTTP/1.1" 200 9310 "-" "Mozilla/5.0 (compatible; bingbot/2.0; +http://www.bing.com/bingbot.htm)"
14.99.149.222 - - [10/Mar/2012:02:20:40 -0800] "-" 400 0 "-" "-"
14.99.149.222 - - [10/Mar/2012:02:22:06 -0800] "-" 400 0 "-" "-"
180.76.5.65 - - [10/Mar/2012:02:24:00 -0800] "GET /blog/tag/stories.html HTTP/1.1" 200 7098 "-" "Mozilla/5.0 (compatible; Baiduspider/2.0; +http://www.baidu.com/search/spider.html)"
66.249.72.238 - - [10/Mar/2012:02:24:59 -0800] "GET /r/h2g HTTP/1.1" 301 255 "-" "Mozilla/5.0 (compatible; Googlebot/2.1; +http://www.google.com/bot.html)"
66.249.72.238 - - [10/Mar/2012:02:25:00 -0800] "GET /s/ta/h2g/ HTTP/1.1" 302 609 "-" "Mozilla/5.0 (compatible; Googlebot/2.1; +http://www.google.com/bot.html)"
122.164.54.15 - - [10/Mar/2012:02:25:15 -0800] "-" 400 0 "-" "-"
14.139.188.174 - - [10/Mar/2012:02:27:05 -0800] "-" 400 0 "-" "-"
14.139.188.174 - - [10/Mar/2012:02:27:15 -0800] "-" 400 0 "-" "-"
14.139.188.174 - - [10/Mar/2012:02:27:15 -0800] "-" 400 0 "-" "-"
14.139.188.174 - - [10/Mar/2012:02:27:15 -0800] "-" 400 0 "-" "-"
14.139.188.174 - - [10/Mar/2012:02:27:15 -0800] "-" 400 0 "-" "-"
85.17.88.169 - - [10/Mar/2012:02:27:18 -0800] "POST /blog/wp-cron.php?doing_wp_cron=1331375165 HTTP/1.0" 499 0 "-" "WordPress/3.3.1; http://yuvi.in/blog"
209.85.224.98 - - [10/Mar/2012:02:27:19 -0800] "GET /blog/feed HTTP/1.1" 304 0 "-" "FeedBurner/1.0 (http://www.FeedBurner.com)"
66.249.72.238 - - [10/Mar/2012:02:29:04 -0800] "GET /r/9um HTTP/1.1" 301 255 "-" "Mozilla/5.0 (compatible; Googlebot/2.1; +http://www.google.com/bot.html)"
66.249.72.238 - - [10/Mar/2012:02:29:04 -0800] "GET /s/ta/9um/ HTTP/1.1" 302 489 "-" "Mozilla/5.0 (compatible; Googlebot/2.1; +http://www.google.com/bot.html)"
117.228.43.6 - - [10/Mar/2012:02:30:22 -0800] "-" 400 0 "-" "-"
115.242.171.62 - - [10/Mar/2012:02:31:16 -0800] "-" 400 0 "-" "-"
115.242.171.62 - - [10/Mar/2012:02:31:16 -0800] "-" 400 0 "-" "-"
115.242.171.62 - - [10/Mar/2012:02:31:16 -0800] "-" 400 0 "-" "-"
115.242.171.62 - - [10/Mar/2012:02:31:16 -0800] "-" 400 0 "-" "-"
141.0.11.40 - - [10/Mar/2012:02:32:31 -0800] "-" 400 0 "-" "-"
82.33.181.60 - - [10/Mar/2012:02:32:54 -0800] "GET /robots.txt HTTP/1.0" 404 169 "-" "Mozilla/5.0 (compatible; MJ12bot/v1.4.2; http://www.majestic12.co.uk/bot.php?+)"
82.33.181.60 - - [10/Mar/2012:02:32:56 -0800] "GET / HTTP/1.0" 200 3439 "-" "Mozilla/5.0 (compatible; MJ12bot/v1.4.2; http://www.majestic12.co.uk/bot.php?+)"
115.242.171.62 - - [10/Mar/2012:02:33:15 -0800] "-" 400 0 "-" "-"
115.242.171.62 - - [10/Mar/2012:02:33:15 -0800] "-" 400 0 "-" "-"
85.17.88.169 - - [10/Mar/2012:02:33:24 -0800] "POST /blog/wp-cron.php?doing_wp_cron=1331375531 HTTP/1.0" 499 0 "-" "WordPress/3.3.1; http://yuvi.in/blog"
66.249.72.132 - - [10/Mar/2012:02:33:25 -0800] "GET /blog/2012/03/ HTTP/1.1" 200 3953 "-" "Mozilla/5.0 (compatible; Googlebot/2.1; +http://www.google.com/bot.html)"
74.125.126.90 - - [10/Mar/2012:02:33:30 -0800] "GET /favicon.ico HTTP/1.1" 404 142 "-" "-"
141.0.11.40 - - [10/Mar/2012:02:35:54 -0800] "-" 400 0 "-" "-"
101.63.175.92 - - [10/Mar/2012:02:36:09 -0800] "-" 400 0 "-" "-"
101.63.175.92 - - [10/Mar/2012:02:36:09 -0800] "-" 400 0 "-" "-"
101.63.175.92 - - [10/Mar/2012:02:36:09 -0800] "-" 400 0 "-" "-"
101.63.175.92 - - [10/Mar/2012:02:36:09 -0800] "-" 400 0 "-" "-"
101.63.175.92 - - [10/Mar/2012:02:36:09 -0800] "-" 400 0 "-" "-"
101.63.175.92 - - [10/Mar/2012:02:36:29 -0800] "-" 400 0 "-" "-"
101.63.175.92 - - [10/Mar/2012:02:36:29 -0800] "-" 400 0 "-" "-"
101.63.175.92 - - [10/Mar/2012:02:36:29 -0800] "-" 400 0 "-" "-"
101.63.175.92 - - [10/Mar/2012:02:36:29 -0800] "-" 400 0 "-" "-"
101.63.175.92 - - [10/Mar/2012:02:36:29 -0800] "-" 400 0 "-" "-"
101.63.175.92 - - [10/Mar/2012:02:36:59 -0800] "-" 400 0 "-" "-"
101.63.175.92 - - [10/Mar/2012:02:37:19 -0800] "-" 400 0 "-" "-"
101.63.175.92 - - [10/Mar/2012:02:37:19 -0800] "-" 400 0 "-" "-"
101.63.175.92 - - [10/Mar/2012:02:37:19 -0800] "-" 400 0 "-" "-"
101.63.175.92 - - [10/Mar/2012:02:37:19 -0800] "-" 400 0 "-" "-"
101.63.175.92 - - [10/Mar/2012:02:37:19 -0800] "-" 400 0 "-" "-"
85.17.88.169 - - [10/Mar/2012:02:37:27 -0800] "POST /blog/wp-cron.php?doing_wp_cron=1331375773 HTTP/1.0" 499 0 "-" "WordPress/3.3.1; http://yuvi.in/blog"
209.85.238.248 - - [10/Mar/2012:02:37:27 -0800] "GET /blog/feed HTTP/1.1" 301 0 "-" "Feedfetcher-Google; (+http://www.google.com/feedfetcher.html; 3 subscribers; feed-id=17684830852112633560)"
85.17.88.169 - - [10/Mar/2012:02:37:29 -0800] "POST /blog/wp-cron.php?doing_wp_cron=1331375776 HTTP/1.0" 499 0 "-" "WordPress/3.3.1; http://yuvi.in/blog"
209.85.238.248 - - [10/Mar/2012:02:37:30 -0800] "GET /blog/feed/ HTTP/1.1" 304 0 "-" "Feedfetcher-Google; (+http://www.google.com/feedfetcher.html; 3 subscribers; feed-id=17684830852112633560)"
157.55.112.204 - - [10/Mar/2012:02:39:24 -0800] "-" 400 0 "-" "-"
157.55.112.204 - - [10/Mar/2012:02:39:26 -0800] "-" 400 0 "-" "-"
157.55.112.204 - - [10/Mar/2012:02:39:26 -0800] "-" 400 0 "-" "-"
157.55.112.204 - - [10/Mar/2012:02:39:27 -0800] "-" 400 0 "-" "-"
157.55.112.204 - - [10/Mar/2012:02:39:27 -0800] "-" 400 0 "-" "-"
157.55.112.204 - - [10/Mar/2012:02:39:28 -0800] "-" 400 0 "-" "-"
157.55.112.204 - - [10/Mar/2012:02:39:28 -0800] "-" 400 0 "-" "-"
157.55.112.204 - - [10/Mar/2012:02:39:29 -0800] "-" 400 0 "-" "-"
157.55.112.204 - - [10/Mar/2012:02:39:29 -0800] "-" 400 0 "-" "-"
157.55.112.204 - - [10/Mar/2012:02:39:29 -0800] "-" 400 0 "-" "-"
157.55.112.204 - - [10/Mar/2012:02:40:07 -0800] "-" 400 0 "-" "-"
86.68.127.241 - - [10/Mar/2012:02:40:54 -0800] "GET /r/1ie4 HTTP/1.1" 301 257 "-" "Mozilla/5.0 (Windows NT 5.1) AppleWebKit/535.11 (KHTML, like Gecko) Chrome/17.0.963.78 Safari/535.11"
86.68.127.241 - - [10/Mar/2012:02:40:54 -0800] "GET /s/ta/1ie4/ HTTP/1.1" 302 509 "-" "Mozilla/5.0 (Windows NT 5.1) AppleWebKit/535.11 (KHTML, like Gecko) Chrome/17.0.963.78 Safari/535.11"
117.192.44.12 - - [10/Mar/2012:02:41:05 -0800] "-" 400 0 "-" "-"
117.192.44.12 - - [10/Mar/2012:02:41:05 -0800] "-" 400 0 "-" "-"
208.115.113.84 - - [10/Mar/2012:02:41:37 -0800] "GET /robots.txt HTTP/1.1" 404 169 "-" "Mozilla/5.0 (compatible; Ezooms/1.0; ezooms.bot@gmail.com)"
66.249.72.238 - - [10/Mar/2012:02:42:02 -0800] "GET /r/2z02 HTTP/1.1" 301 257 "-" "Mozilla/5.0 (compatible; Googlebot/2.1; +http://www.google.com/bot.html)"
85.17.88.169 - - [10/Mar/2012:02:42:15 -0800] "POST /blog/wp-cron.php?doing_wp_cron=1331376062 HTTP/1.0" 499 0 "-" "WordPress/3.3.1; http://yuvi.in/blog"
122.175.152.186 - - [10/Mar/2012:02:42:16 -0800] "GET /blog/page/3/ HTTP/1.1" 200 16753 "http://yuvi.in/blog/page/2/" "Mozilla/5.0 (X11; Linux x86_64) AppleWebKit/534.30 (KHTML, like Gecko) Chrome/12.0.742.124 Safari/534.30"
122.175.152.186 - - [10/Mar/2012:02:42:18 -0800] "GET /favicon.ico HTTP/1.1" 404 199 "-" "Mozilla/5.0 (X11; Linux x86_64) AppleWebKit/534.30 (KHTML, like Gecko) Chrome/12.0.742.124 Safari/534.30"
74.125.156.90 - - [10/Mar/2012:02:42:59 -0800] "GET /favicon.ico HTTP/1.1" 404 142 "-" "-"
122.175.152.186 - - [10/Mar/2012:02:43:19 -0800] "-" 400 0 "-" "-"
122.175.152.186 - - [10/Mar/2012:02:43:20 -0800] "-" 400 0 "-" "-"
122.175.152.186 - - [10/Mar/2012:02:43:20 -0800] "-" 400 0 "-" "-"
115.248.4.161 - - [10/Mar/2012:02:43:38 -0800] "-" 400 0 "-" "-"
141.0.11.40 - - [10/Mar/2012:02:43:50 -0800] "-" 400 0 "-" "-"
49.200.150.160 - - [10/Mar/2012:02:43:57 -0800] "-" 400 0 "-" "-"
49.200.150.160 - - [10/Mar/2012:02:43:57 -0800] "-" 400 0 "-" "-"
141.0.9.251 - - [10/Mar/2012:02:44:03 -0800] "-" 400 0 "-" "-"
141.0.9.251 - - [10/Mar/2012:02:44:03 -0800] "-" 400 0 "-" "-"
180.76.5.88 - - [10/Mar/2012:02:44:16 -0800] "GET / HTTP/1.1" 200 3439 "-" "Mozilla/5.0 (compatible; Baiduspider/2.0; +http://www.baidu.com/search/spider.html)"
115.248.4.161 - - [10/Mar/2012:02:44:38 -0800] "-" 400 0 "-" "-"
49.200.150.160 - - [10/Mar/2012:02:46:27 -0800] "-" 400 0 "-" "-"
119.63.196.90 - - [10/Mar/2012:02:48:12 -0800] "GET /robots.txt HTTP/1.1" 404 142 "-" "Baiduspider+(+http://www.baidu.com/search/spider.htm)"
223.234.231.192 - - [10/Mar/2012:02:48:20 -0800] "-" 400 0 "-" "-"
180.76.5.67 - - [10/Mar/2012:02:48:31 -0800] "GET /s/ta/1a7/ HTTP/1.1" 302 581 "-" "Mozilla/5.0 (compatible; Baiduspider/2.0; +http://www.baidu.com/search/spider.html)"
85.17.88.169 - - [10/Mar/2012:02:48:49 -0800] "POST /blog/wp-cron.php?doing_wp_cron=1331376456 HTTP/1.0" 499 0 "-" "WordPress/3.3.1; http://yuvi.in/blog"
209.85.238.248 - - [10/Mar/2012:02:48:50 -0800] "GET /blog/feed/ HTTP/1.1" 304 0 "-" "Feedfetcher-Google; (+http://www.google.com/feedfetcher.html; 18 subscribers; feed-id=15064232456473204253)"
115.248.4.161 - - [10/Mar/2012:02:49:58 -0800] "-" 400 0 "-" "-"
223.234.231.192 - - [10/Mar/2012:02:51:40 -0800] "-" 400 0 "-" "-"
223.234.231.192 - - [10/Mar/2012:02:51:40 -0800] "-" 400 0 "-" "-"
122.174.28.181 - - [10/Mar/2012:02:52:34 -0800] "-" 400 0 "-" "-"
85.17.88.169 - - [10/Mar/2012:02:54:41 -0800] "POST /blog/wp-cron.php?doing_wp_cron=1331376808 HTTP/1.0" 499 0 "-" "WordPress/3.3.1; http://yuvi.in/blog"
189.22.102.34 - - [10/Mar/2012:02:54:43 -0800] "GET /blog/ HTTP/1.0" 200 33019 "-" "Mozilla/5.0 (compatible; Googlebot/2.1; +http://www.google.com/bot.html)"
213.186.127.13 - - [10/Mar/2012:02:54:47 -0800] "GET /r/2rl3 HTTP/1.1" 301 257 "-" "Mozilla/5.0 (compatible; AhrefsBot/2.0; +http://ahrefs.com/robot/)"
117.193.175.30 - - [10/Mar/2012:02:55:01 -0800] "-" 400 0 "-" "-"
85.17.88.169 - - [10/Mar/2012:02:55:03 -0800] "POST /blog/wp-cron.php?doing_wp_cron=1331376830 HTTP/1.0" 499 0 "-" "WordPress/3.3.1; http://yuvi.in/blog"
66.249.72.132 - - [10/Mar/2012:02:55:04 -0800] "GET /blog/note-present-future-self-pre-book-travel-tickets/ HTTP/1.1" 200 5527 "-" "Mozilla/5.0 (compatible; Googlebot/2.1; +http://www.google.com/bot.html)"
117.201.30.97 - - [10/Mar/2012:02:56:04 -0800] "GET /r/2j53 HTTP/1.1" 301 257 "http://ta.wikipedia.org/wiki/%E0%AE%AA%E0%AE%95%E0%AF%81%E0%AE%AA%E0%AF%8D%E0%AE%AA%E0%AF%81_%E0%AE%AA%E0%AF%87%E0%AE%9A%E0%AF%8D%E0%AE%9A%E0%AF%81:%E0%AE%B5%E0%AE%BF%E0%AE%B7%E0%AF%8D%E0%AE%A3%E0%AF%81%E0%AE%B5%E0%AE%BF%E0%AE%A9%E0%AF%8D_%E0%AE%AA%E0%AF%86%E0%AE%AF%E0%AE%B0%E0%AF%8D%E0%AE%95%E0%AE%B3%E0%AF%8D" "Mozilla/5.0 (Windows; U; Windows NT 5.1; en-US) AppleWebKit/532.5 (KHTML, like Gecko) Chrome/4.0.249.30 Safari/532.5"
117.201.30.97 - - [10/Mar/2012:02:56:05 -0800] "GET /s/ta/2j53/ HTTP/1.1" 302 647 "http://ta.wikipedia.org/wiki/%E0%AE%AA%E0%AE%95%E0%AF%81%E0%AE%AA%E0%AF%8D%E0%AE%AA%E0%AF%81_%E0%AE%AA%E0%AF%87%E0%AE%9A%E0%AF%8D%E0%AE%9A%E0%AF%81:%E0%AE%B5%E0%AE%BF%E0%AE%B7%E0%AF%8D%E0%AE%A3%E0%AF%81%E0%AE%B5%E0%AE%BF%E0%AE%A9%E0%AF%8D_%E0%AE%AA%E0%AF%86%E0%AE%AF%E0%AE%B0%E0%AF%8D%E0%AE%95%E0%AE%B3%E0%AF%8D" "Mozilla/5.0 (Windows; U; Windows NT 5.1; en-US) AppleWebKit/532.5 (KHTML, like Gecko) Chrome/4.0.249.30 Safari/532.5"
209.85.224.86 - - [10/Mar/2012:02:56:40 -0800] "GET /stories/feed HTTP/1.1" 200 13653 "-" "FeedBurner/1.0 (http://www.FeedBurner.com)"
122.174.28.181 - - [10/Mar/2012:02:56:48 -0800] "-" 400 0 "-" "-"
117.193.175.30 - - [10/Mar/2012:02:57:01 -0800] "-" 400 0 "-" "-"
117.193.175.30 - - [10/Mar/2012:02:57:01 -0800] "-" 400 0 "-" "-"
117.193.175.30 - - [10/Mar/2012:02:57:01 -0800] "-" 400 0 "-" "-"
117.193.175.30 - - [10/Mar/2012:02:57:01 -0800] "-" 400 0 "-" "-"
117.193.175.30 - - [10/Mar/2012:02:57:01 -0800] "-" 400 0 "-" "-"
117.193.175.30 - - [10/Mar/2012:02:57:01 -0800] "-" 400 0 "-" "-"
115.184.119.110 - - [10/Mar/2012:02:57:10 -0800] "-" 400 0 "-" "-"
117.192.44.12 - - [10/Mar/2012:02:57:16 -0800] "-" 400 0 "-" "-"
117.192.44.12 - - [10/Mar/2012:02:57:16 -0800] "-" 400 0 "-" "-"
117.192.44.12 - - [10/Mar/2012:02:57:16 -0800] "-" 400 0 "-" "-"
117.192.44.12 - - [10/Mar/2012:02:57:16 -0800] "-" 400 0 "-" "-"
122.165.70.245 - - [10/Mar/2012:02:59:13 -0800] "-" 400 0 "-" "-"
117.193.175.30 - - [10/Mar/2012:02:59:31 -0800] "-" 400 0 "-" "-"
122.165.70.245 - - [10/Mar/2012:02:59:38 -0800] "-" 400 0 "-" "-"
122.165.70.245 - - [10/Mar/2012:02:59:54 -0800] "-" 400 0 "-" "-"
157.55.112.207 - - [10/Mar/2012:03:00:01 -0800] "-" 400 0 "-" "-"
157.55.112.207 - - [10/Mar/2012:03:00:01 -0800] "-" 400 0 "-" "-"
157.55.112.207 - - [10/Mar/2012:03:00:02 -0800] "-" 400 0 "-" "-"
157.55.112.207 - - [10/Mar/2012:03:00:02 -0800] "-" 400 0 "-" "-"
157.55.112.207 - - [10/Mar/2012:03:00:02 -0800] "-" 400 0 "-" "-"
157.55.112.207 - - [10/Mar/2012:03:00:02 -0800] "-" 400 0 "-" "-"
157.55.112.207 - - [10/Mar/2012:03:00:02 -0800] "-" 400 0 "-" "-"
157.55.112.207 - - [10/Mar/2012:03:00:02 -0800] "-" 400 0 "-" "-"
117.193.175.30 - - [10/Mar/2012:03:00:31 -0800] "-" 400 0 "-" "-"
117.193.175.30 - - [10/Mar/2012:03:00:31 -0800] "-" 400 0 "-" "-"
117.193.175.30 - - [10/Mar/2012:03:00:31 -0800] "-" 400 0 "-" "-"
117.193.175.30 - - [10/Mar/2012:03:00:31 -0800] "-" 400 0 "-" "-"
157.55.112.207 - - [10/Mar/2012:03:00:36 -0800] "-" 400 0 "-" "-"
157.55.112.207 - - [10/Mar/2012:03:00:36 -0800] "-" 400 0 "-" "-"
157.55.112.207 - - [10/Mar/2012:03:00:36 -0800] "-" 400 0 "-" "-"
85.17.88.169 - - [10/Mar/2012:03:01:02 -0800] "POST /blog/wp-cron.php?doing_wp_cron=1331377188 HTTP/1.0" 499 0 "-" "WordPress/3.3.1; http://yuvi.in/blog"
209.85.224.92 - - [10/Mar/2012:03:01:02 -0800] "GET /blog/feed HTTP/1.1" 304 0 "-" "FeedBurner/1.0 (http://www.FeedBurner.com)"
85.17.88.169 - - [10/Mar/2012:03:01:05 -0800] "POST /blog/wp-cron.php?doing_wp_cron=1331377191 HTTP/1.0" 499 0 "-" "WordPress/3.3.1; http://yuvi.in/blog"
66.135.57.47 - - [10/Mar/2012:03:01:05 -0800] "GET /blog/my-vimrc/ HTTP/1.0" 200 16009 "-" "Mozilla/5.0 (Windows; U; Windows NT 5.1; rv:1.7.3) Gecko/20041001 Firefox/0.10.1"
85.17.88.169 - - [10/Mar/2012:03:01:08 -0800] "POST /blog/wp-cron.php?doing_wp_cron=1331377195 HTTP/1.0" 499 0 "-" "WordPress/3.3.1; http://yuvi.in/blog"
66.135.57.47 - - [10/Mar/2012:03:01:09 -0800] "GET /blog/college-drop/ HTTP/1.0" 200 18395 "-" "Mozilla/5.0 (Windows; U; Windows NT 5.1; rv:1.7.3) Gecko/20041001 Firefox/0.10.1"
85.17.88.169 - - [10/Mar/2012:03:01:12 -0800] "POST /blog/wp-cron.php?doing_wp_cron=1331377198 HTTP/1.0" 499 0 "-" "WordPress/3.3.1; http://yuvi.in/blog"
66.135.57.47 - - [10/Mar/2012:03:01:12 -0800] "GET /blog/passing-headers-proxying-nginx/ HTTP/1.0" 200 16690 "-" "Mozilla/5.0 (Windows; U; Windows NT 5.1; rv:1.7.3) Gecko/20041001 Firefox/0.10.1"
82.113.106.79 - - [10/Mar/2012:03:01:15 -0800] "GET /blog/how-to-increase-cheese-s-burst-mode-photo-count.html HTTP/1.1" 200 2407 "http://ubuntuforums.org/showthread.php?t=1571462" "Mozilla/5.0 (Linux; U; Android 2.2; de-de; GT-I9000 Build/FROYO) AppleWebKit/533.1 (KHTML, like Gecko) Version/4.0 Mobile Safari/533.1"
82.113.106.79 - - [10/Mar/2012:03:01:16 -0800] "GET /blog/static/style.css HTTP/1.1" 200 4753 "http://yuvi.in/blog/how-to-increase-cheese-s-burst-mode-photo-count.html" "Mozilla/5.0 (Linux; U; Android 2.2; de-de; GT-I9000 Build/FROYO) AppleWebKit/533.1 (KHTML, like Gecko) Version/4.0 Mobile Safari/533.1"
82.113.106.79 - - [10/Mar/2012:03:01:16 -0800] "GET /blog/static/codehilite.css HTTP/1.1" 200 4012 "http://yuvi.in/blog/how-to-increase-cheese-s-burst-mode-photo-count.html" "Mozilla/5.0 (Linux; U; Android 2.2; de-de; GT-I9000 Build/FROYO) AppleWebKit/533.1 (KHTML, like Gecko) Version/4.0 Mobile Safari/533.1"
85.17.88.169 - - [10/Mar/2012:03:01:16 -0800] "POST /blog/wp-cron.php?doing_wp_cron=1331377203 HTTP/1.0" 499 0 "-" "WordPress/3.3.1; http://yuvi.in/blog"
66.135.57.47 - - [10/Mar/2012:03:01:17 -0800] "GET /blog/program/ HTTP/1.0" 200 27214 "-" "Mozilla/5.0 (Windows; U; Windows NT 5.1; rv:1.7.3) Gecko/20041001 Firefox/0.10.1"
85.17.88.169 - - [10/Mar/2012:03:01:19 -0800] "POST /blog/wp-cron.php?doing_wp_cron=1331377206 HTTP/1.0" 499 0 "-" "WordPress/3.3.1; http://yuvi.in/blog"
66.135.57.47 - - [10/Mar/2012:03:01:20 -0800] "GET /blog/devlog-december-26-2011/ HTTP/1.0" 200 16694 "-" "Mozilla/5.0 (Windows; U; Windows NT 5.1; rv:1.7.3) Gecko/20041001 Firefox/0.10.1"
82.113.106.79 - - [10/Mar/2012:03:01:20 -0800] "GET /favicon.ico HTTP/1.1" 404 142 "http://yuvi.in/blog/how-to-increase-cheese-s-burst-mode-photo-count.html" "Mozilla/5.0 (Linux; U; Android 2.2; de-de; GT-I9000 Build/FROYO) AppleWebKit/533.1 (KHTML, like Gecko) Version/4.0 Mobile Safari/533.1"
85.17.88.169 - - [10/Mar/2012:03:01:23 -0800] "POST /blog/wp-cron.php?doing_wp_cron=1331377210 HTTP/1.0" 499 0 "-" "WordPress/3.3.1; http://yuvi.in/blog"
66.135.57.47 - - [10/Mar/2012:03:01:24 -0800] "GET /blog/devlog-december-23-2011/ HTTP/1.0" 200 16517 "-" "Mozilla/5.0 (Windows; U; Windows NT 5.1; rv:1.7.3) Gecko/20041001 Firefox/0.10.1"
85.17.88.169 - - [10/Mar/2012:03:01:27 -0800] "POST /blog/wp-cron.php?doing_wp_cron=1331377213 HTTP/1.0" 499 0 "-" "WordPress/3.3.1; http://yuvi.in/blog"
66.135.57.47 - - [10/Mar/2012:03:01:27 -0800] "GET /blog/devlog-december-21-2011/ HTTP/1.0" 200 17121 "-" "Mozilla/5.0 (Windows; U; Windows NT 5.1; rv:1.7.3) Gecko/20041001 Firefox/0.10.1"
85.17.88.169 - - [10/Mar/2012:03:01:31 -0800] "POST /blog/wp-cron.php?doing_wp_cron=1331377217 HTTP/1.0" 499 0 "-" "WordPress/3.3.1; http://yuvi.in/blog"
66.135.57.47 - - [10/Mar/2012:03:01:32 -0800] "GET /blog/devlog-december-11-2011/ HTTP/1.0" 200 16592 "-" "Mozilla/5.0 (Windows; U; Windows NT 5.1; rv:1.7.3) Gecko/20041001 Firefox/0.10.1"
85.17.88.169 - - [10/Mar/2012:03:01:34 -0800] "POST /blog/wp-cron.php?doing_wp_cron=1331377221 HTTP/1.0" 499 0 "-" "WordPress/3.3.1; http://yuvi.in/blog"
66.135.57.47 - - [10/Mar/2012:03:01:35 -0800] "GET /blog/devlog-december-10-2011/ HTTP/1.0" 200 16387 "-" "Mozilla/5.0 (Windows; U; Windows NT 5.1; rv:1.7.3) Gecko/20041001 Firefox/0.10.1"
85.17.88.169 - - [10/Mar/2012:03:01:39 -0800] "POST /blog/wp-cron.php?doing_wp_cron=1331377225 HTTP/1.0" 499 0 "-" "WordPress/3.3.1; http://yuvi.in/blog"
66.135.57.47 - - [10/Mar/2012:03:01:39 -0800] "GET /blog/devlog-december-7-2011/ HTTP/1.0" 200 16833 "-" "Mozilla/5.0 (Windows; U; Windows NT 5.1; rv:1.7.3) Gecko/20041001 Firefox/0.10.1"
157.55.112.202 - - [10/Mar/2012:03:04:53 -0800] "-" 400 0 "-" "-"
157.55.112.202 - - [10/Mar/2012:03:04:53 -0800] "-" 400 0 "-" "-"
157.55.112.202 - - [10/Mar/2012:03:04:53 -0800] "-" 400 0 "-" "-"
157.55.112.202 - - [10/Mar/2012:03:04:53 -0800] "-" 400 0 "-" "-"
157.55.112.202 - - [10/Mar/2012:03:04:53 -0800] "-" 400 0 "-" "-"
157.55.112.202 - - [10/Mar/2012:03:04:54 -0800] "-" 400 0 "-" "-"
157.55.112.202 - - [10/Mar/2012:03:04:54 -0800] "-" 400 0 "-" "-"
157.55.112.202 - - [10/Mar/2012:03:04:54 -0800] "-" 400 0 "-" "-"
157.55.112.202 - - [10/Mar/2012:03:05:39 -0800] "-" 400 0 "-" "-"
157.55.112.202 - - [10/Mar/2012:03:05:39 -0800] "-" 400 0 "-" "-"
157.55.112.202 - - [10/Mar/2012:03:05:50 -0800] "-" 400 0 "-" "-"
66.249.72.132 - - [10/Mar/2012:03:08:12 -0800] "GET /stories/ HTTP/1.1" 200 1271 "-" "Mozilla/5.0 (compatible; Googlebot/2.1; +http://www.google.com/bot.html)"
85.17.88.169 - - [10/Mar/2012:03:08:21 -0800] "POST /blog/wp-cron.php?doing_wp_cron=1331377628 HTTP/1.0" 499 0 "-" "WordPress/3.3.1; http://yuvi.in/blog"
109.109.254.138 - - [10/Mar/2012:03:08:22 -0800] "GET /blog/feed/atom/ HTTP/1.1" 304 0 "-" "SocialSearcher/0.1 Mozilla/5.0"
59.161.176.154 - - [10/Mar/2012:03:09:35 -0800] "-" 400 0 "-" "-"
59.161.176.154 - - [10/Mar/2012:03:09:35 -0800] "-" 400 0 "-" "-"
85.17.88.169 - - [10/Mar/2012:03:11:05 -0800] "POST /blog/wp-cron.php?doing_wp_cron=1331377791 HTTP/1.0" 499 0 "-" "WordPress/3.3.1; http://yuvi.in/blog"
100.43.83.144 - - [10/Mar/2012:03:11:05 -0800] "GET /blog/greatest-fear-flash-fade/ HTTP/1.1" 200 5218 "-" "Mozilla/5.0 (compatible; YandexBot/3.0; +http://yandex.com/bots)"
85.17.88.169 - - [10/Mar/2012:03:11:10 -0800] "POST /blog/wp-cron.php?doing_wp_cron=1331377796 HTTP/1.0" 499 0 "-" "WordPress/3.3.1; http://yuvi.in/blog"
85.17.88.169 - - [10/Mar/2012:03:11:10 -0800] "POST /blog/wp-cron.php?doing_wp_cron=1331377796 HTTP/1.0" 499 0 "-" "WordPress/3.3.1; http://yuvi.in/blog"
83.29.216.217 - - [10/Mar/2012:03:11:10 -0800] "HEAD /blog/ HTTP/1.1" 200 0 "-" "Xenu Link Sleuth/1.3.8"
100.43.83.144 - - [10/Mar/2012:03:11:10 -0800] "GET /blog/functional-programming-geekweekend-at-thoughtworks/ HTTP/1.1" 200 6433 "-" "Mozilla/5.0 (compatible; YandexBot/3.0; +http://yandex.com/bots)"
95.71.192.237 - - [10/Mar/2012:03:11:11 -0800] "GET /favicon.ico HTTP/1.1" 404 142 "-" "Reeder/2.5.4 CFNetwork/548.1.4 Darwin/11.0.0"
95.71.192.237 - - [10/Mar/2012:03:11:13 -0800] "GET / HTTP/1.1" 200 1430 "-" "Reeder/2.5.4 CFNetwork/548.1.4 Darwin/11.0.0"
95.71.192.237 - - [10/Mar/2012:03:11:14 -0800] "GET /apple-touch-icon.png HTTP/1.1" 404 142 "-" "Reeder/2.5.4 CFNetwork/548.1.4 Darwin/11.0.0"
95.71.192.237 - - [10/Mar/2012:03:11:14 -0800] "GET /apple-touch-icon-precomposed.png HTTP/1.1" 404 142 "-" "Reeder/2.5.4 CFNetwork/548.1.4 Darwin/11.0.0"
141.105.120.153 - - [10/Mar/2012:03:11:35 -0800] "GET /robots.txt HTTP/1.0" 404 169 "-" "Mozilla/5.0 (compatible; OpenindexDeepSpider/Nutch-1.5-dev; +http://www.openindex.io/en/webmasters/spider.html)"
141.105.120.153 - - [10/Mar/2012:03:11:36 -0800] "GET /stories HTTP/1.0" 301 185 "-" "Mozilla/5.0 (compatible; OpenindexDeepSpider/Nutch-1.5-dev; +http://www.openindex.io/en/webmasters/spider.html)"
122.172.6.112 - - [10/Mar/2012:03:12:02 -0800] "GET / HTTP/1.1" 200 1430 "-" "Reeder/1.5.4 CFNetwork/548.1.4 Darwin/11.0.0"
122.172.6.112 - - [10/Mar/2012:03:12:02 -0800] "GET /favicon.ico HTTP/1.1" 404 142 "-" "Reeder/1.5.4 CFNetwork/548.1.4 Darwin/11.0.0"
122.172.6.112 - - [10/Mar/2012:03:12:02 -0800] "GET / HTTP/1.1" 200 1430 "-" "Reeder/1.5.4 CFNetwork/548.1.4 Darwin/11.0.0"
122.172.6.112 - - [10/Mar/2012:03:12:03 -0800] "GET /apple-touch-icon.png HTTP/1.1" 404 142 "-" "Reeder/1.5.4 CFNetwork/548.1.4 Darwin/11.0.0"
122.172.6.112 - - [10/Mar/2012:03:12:03 -0800] "GET /apple-touch-icon-precomposed.png HTTP/1.1" 404 142 "-" "Reeder/1.5.4 CFNetwork/548.1.4 Darwin/11.0.0"
117.193.36.251 - - [10/Mar/2012:03:13:54 -0800] "GET / HTTP/1.1" 404 211 "-" "Mozilla/5.0 (Windows; U; Windows NT 5.1; en-US; rv:1.9.2.27) Gecko/20120216 Firefox/3.6.27"
117.193.36.251 - - [10/Mar/2012:03:13:54 -0800] "GET /favicon.ico HTTP/1.1" 404 211 "-" "Mozilla/5.0 (Windows; U; Windows NT 5.1; en-US; rv:1.9.2.27) Gecko/20120216 Firefox/3.6.27"
117.193.36.251 - - [10/Mar/2012:03:13:57 -0800] "GET /favicon.ico HTTP/1.1" 404 211 "-" "Mozilla/5.0 (Windows; U; Windows NT 5.1; en-US; rv:1.9.2.27) Gecko/20120216 Firefox/3.6.27"
117.193.36.251 - - [10/Mar/2012:03:14:19 -0800] "GET / HTTP/1.1" 200 1430 "http://www.google.co.in/url?sa=t&rct=j&q=tawp.in&source=web&cd=1&ved=0CCgQFjAA&url=http%3A%2F%2Fwww.tawp.in%2F&ei=QDdbT6GOHo_RrQeLgbWHDA&usg=AFQjCNEGwy4DiSFYO0IUonZBpeL4wqYOtw" "Mozilla/5.0 (Windows; U; Windows NT 5.1; en-US; rv:1.9.2.27) Gecko/20120216 Firefox/3.6.27"
117.193.36.251 - - [10/Mar/2012:03:14:20 -0800] "GET /blueprint/screen.css HTTP/1.1" 200 12058 "http://www.tawp.in/" "Mozilla/5.0 (Windows; U; Windows NT 5.1; en-US; rv:1.9.2.27) Gecko/20120216 Firefox/3.6.27"
117.193.36.251 - - [10/Mar/2012:03:14:20 -0800] "GET /blueprint/print.css HTTP/1.1" 200 1284 "http://www.tawp.in/" "Mozilla/5.0 (Windows; U; Windows NT 5.1; en-US; rv:1.9.2.27) Gecko/20120216 Firefox/3.6.27"
117.193.36.251 - - [10/Mar/2012:03:14:20 -0800] "GET /header.png HTTP/1.1" 200 14249 "http://www.tawp.in/" "Mozilla/5.0 (Windows; U; Windows NT 5.1; en-US; rv:1.9.2.27) Gecko/20120216 Firefox/3.6.27"
117.193.36.251 - - [10/Mar/2012:03:14:21 -0800] "GET /favicon.ico HTTP/1.1" 404 142 "-" "Mozilla/5.0 (Windows; U; Windows NT 5.1; en-US; rv:1.9.2.27) Gecko/20120216 Firefox/3.6.27"
117.193.36.251 - - [10/Mar/2012:03:14:26 -0800] "GET /favicon.ico HTTP/1.1" 404 142 "-" "Mozilla/5.0 (Windows; U; Windows NT 5.1; en-US; rv:1.9.2.27) Gecko/20120216 Firefox/3.6.27"
207.46.204.167 - - [10/Mar/2012:03:15:36 -0800] "-" 400 0 "-" "-"
207.46.204.167 - - [10/Mar/2012:03:15:38 -0800] "-" 400 0 "-" "-"
207.46.204.167 - - [10/Mar/2012:03:15:39 -0800] "-" 400 0 "-" "-"
207.46.204.167 - - [10/Mar/2012:03:15:39 -0800] "-" 400 0 "-" "-"
207.46.204.167 - - [10/Mar/2012:03:15:39 -0800] "-" 400 0 "-" "-"
207.46.204.167 - - [10/Mar/2012:03:15:41 -0800] "-" 400 0 "-" "-"
207.46.204.167 - - [10/Mar/2012:03:15:41 -0800] "-" 400 0 "-" "-"
207.46.204.167 - - [10/Mar/2012:03:15:41 -0800] "-" 400 0 "-" "-"
207.46.204.167 - - [10/Mar/2012:03:15:41 -0800] "-" 400 0 "-" "-"
207.46.204.167 - - [10/Mar/2012:03:15:41 -0800] "-" 400 0 "-" "-"
141.0.10.60 - - [10/Mar/2012:03:16:05 -0800] "-" 400 0 "-" "-"
207.46.204.167 - - [10/Mar/2012:03:16:24 -0800] "-" 400 0 "-" "-"
85.17.88.169 - - [10/Mar/2012:03:17:01 -0800] "POST /blog/wp-cron.php?doing_wp_cron=1331378148 HTTP/1.0" 499 0 "-" "WordPress/3.3.1; http://yuvi.in/blog"
66.249.72.132 - - [10/Mar/2012:03:17:02 -0800] "GET /blog/broke-nonexistent-law/ HTTP/1.1" 200 9587 "-" "Mozilla/5.0 (compatible; Googlebot/2.1; +http://www.google.com/bot.html)"
115.184.164.204 - - [10/Mar/2012:03:17:38 -0800] "GET /r/32pb HTTP/1.1" 301 257 "http://ta.wikipedia.org/wiki/%E0%AE%AA%E0%AE%AF%E0%AE%A9%E0%AE%B0%E0%AF%8D_%E0%AE%AA%E0%AF%87%E0%AE%9A%E0%AF%8D%E0%AE%9A%E0%AF%81:Rsaagash" "Mozilla/5.0 (Windows NT 5.1; rv:9.0.1) Gecko/20100101 Firefox/9.0.1"
115.184.164.204 - - [10/Mar/2012:03:17:40 -0800] "GET /s/ta/32pb/ HTTP/1.1" 302 419 "http://ta.wikipedia.org/wiki/%E0%AE%AA%E0%AE%AF%E0%AE%A9%E0%AE%B0%E0%AF%8D_%E0%AE%AA%E0%AF%87%E0%AE%9A%E0%AF%8D%E0%AE%9A%E0%AF%81:Rsaagash" "Mozilla/5.0 (Windows NT 5.1; rv:9.0.1) Gecko/20100101 Firefox/9.0.1"
115.184.164.204 - - [10/Mar/2012:03:17:43 -0800] "-" 400 0 "-" "-"
59.161.176.154 - - [10/Mar/2012:03:17:45 -0800] "-" 400 0 "-" "-"
59.161.176.154 - - [10/Mar/2012:03:17:45 -0800] "-" 400 0 "-" "-"
59.161.176.154 - - [10/Mar/2012:03:17:45 -0800] "-" 400 0 "-" "-"
46.17.98.88 - - [10/Mar/2012:03:18:30 -0800] "GET /blog/ HTTP/1.0" 200 33162 "http://yuvi.in/blog/" "Mozilla/5.0 (Windows NT 5.1; U; en) Opera 8.00"
117.193.67.94 - - [10/Mar/2012:03:18:35 -0800] "-" 400 0 "-" "-"
174.120.137.2 - - [10/Mar/2012:03:18:45 -0800] "HEAD /r/vz2 HTTP/1.1" 301 0 "http://www.giriblog.com" "Mozilla/4.0 (compatible; MSIE 7.0; Windows NT 5.1; .NET CLR 1.1.4322; .NET CLR 2.0.50727; .NET CLR 3.0.04506.30)"
174.120.137.2 - - [10/Mar/2012:03:18:46 -0800] "HEAD /s/ta/vz2/ HTTP/1.1" 302 0 "http://www.giriblog.com" "Mozilla/4.0 (compatible; MSIE 7.0; Windows NT 5.1; .NET CLR 1.1.4322; .NET CLR 2.0.50727; .NET CLR 3.0.04506.30)"
122.172.6.112 - - [10/Mar/2012:03:21:17 -0800] "GET / HTTP/1.1" 200 1430 "-" "Reeder/1.5.4 CFNetwork/548.1.4 Darwin/11.0.0"
122.172.6.112 - - [10/Mar/2012:03:21:17 -0800] "GET /favicon.ico HTTP/1.1" 404 142 "-" "Reeder/1.5.4 CFNetwork/548.1.4 Darwin/11.0.0"
122.172.6.112 - - [10/Mar/2012:03:21:18 -0800] "GET / HTTP/1.1" 200 1430 "-" "Reeder/1.5.4 CFNetwork/548.1.4 Darwin/11.0.0"
122.172.6.112 - - [10/Mar/2012:03:21:18 -0800] "GET /apple-touch-icon.png HTTP/1.1" 404 142 "-" "Reeder/1.5.4 CFNetwork/548.1.4 Darwin/11.0.0"
122.172.6.112 - - [10/Mar/2012:03:21:18 -0800] "GET /apple-touch-icon-precomposed.png HTTP/1.1" 404 142 "-" "Reeder/1.5.4 CFNetwork/548.1.4 Darwin/11.0.0"
66.249.72.132 - - [10/Mar/2012:03:21:29 -0800] "GET /blog/samsung-n210-review.html HTTP/1.1" 200 3293 "-" "Mozilla/5.0 (compatible; Googlebot/2.1; +http://www.google.com/bot.html)"
59.92.45.214 - - [10/Mar/2012:03:21:34 -0800] "-" 400 0 "-" "-"
59.161.176.154 - - [10/Mar/2012:03:22:45 -0800] "-" 400 0 "-" "-"
122.174.66.13 - - [10/Mar/2012:03:23:11 -0800] "-" 400 0 "-" "-"
141.0.11.14 - - [10/Mar/2012:03:24:14 -0800] "-" 400 0 "-" "-"
59.92.45.214 - - [10/Mar/2012:03:24:23 -0800] "-" 400 0 "-" "-"
59.92.45.214 - - [10/Mar/2012:03:24:23 -0800] "-" 400 0 "-" "-"
59.92.45.214 - - [10/Mar/2012:03:24:23 -0800] "-" 400 0 "-" "-"
59.92.45.214 - - [10/Mar/2012:03:24:23 -0800] "-" 400 0 "-" "-"
59.92.45.214 - - [10/Mar/2012:03:24:23 -0800] "-" 400 0 "-" "-"
59.92.45.214 - - [10/Mar/2012:03:24:23 -0800] "-" 400 0 "-" "-"
87.88.198.150 - - [10/Mar/2012:03:25:39 -0800] "GET /blog/ HTTP/1.1" 200 33230 "-" "Mozilla/5.0 (compatible; Googlebot/2.1; +http://www.google.com/bot.html)"
59.92.45.214 - - [10/Mar/2012:03:25:53 -0800] "-" 400 0 "-" "-"
59.92.45.214 - - [10/Mar/2012:03:25:53 -0800] "-" 400 0 "-" "-"
59.92.45.214 - - [10/Mar/2012:03:25:53 -0800] "-" 400 0 "-" "-"
59.92.45.214 - - [10/Mar/2012:03:26:33 -0800] "-" 400 0 "-" "-"
122.174.66.13 - - [10/Mar/2012:03:28:23 -0800] "-" 400 0 "-" "-"
59.92.45.214 - - [10/Mar/2012:03:28:53 -0800] "-" 400 0 "-" "-"
59.92.45.214 - - [10/Mar/2012:03:29:33 -0800] "-" 400 0 "-" "-"
59.92.45.214 - - [10/Mar/2012:03:29:33 -0800] "-" 400 0 "-" "-"
66.249.72.132 - - [10/Mar/2012:03:29:47 -0800] "GET /blog/vala-gtkbuilder-and-autoconnecting-signal-handlers.html HTTP/1.1" 200 2954 "-" "Mozilla/5.0 (compatible; Googlebot/2.1; +http://www.google.com/bot.html)"
122.174.66.13 - - [10/Mar/2012:03:30:53 -0800] "-" 400 0 "-" "-"
85.17.88.169 - - [10/Mar/2012:03:30:57 -0800] "POST /blog/wp-cron.php?doing_wp_cron=1331378983 HTTP/1.0" 499 0 "-" "WordPress/3.3.1; http://yuvi.in/blog"
180.76.6.26 - - [10/Mar/2012:03:30:57 -0800] "GET /blog/cheese-gsoc-report-week-3/ HTTP/1.1" 200 5072 "-" "Mozilla/5.0 (compatible; Baiduspider/2.0; +http://www.baidu.com/search/spider.html)"
59.92.45.214 - - [10/Mar/2012:03:31:13 -0800] "-" 400 0 "-" "-"
85.17.88.169 - - [10/Mar/2012:03:31:37 -0800] "POST /blog/wp-cron.php?doing_wp_cron=1331379023 HTTP/1.0" 499 0 "-" "WordPress/3.3.1; http://yuvi.in/blog"
208.115.113.84 - - [10/Mar/2012:03:31:38 -0800] "GET /blog/category/code/ HTTP/1.1" 200 38703 "-" "Mozilla/5.0 (compatible; Ezooms/1.0; ezooms.bot@gmail.com)"
59.92.45.214 - - [10/Mar/2012:03:32:03 -0800] "-" 400 0 "-" "-"
117.202.87.175 - - [10/Mar/2012:03:32:19 -0800] "-" 400 0 "-" "-"
117.202.87.175 - - [10/Mar/2012:03:32:19 -0800] "-" 400 0 "-" "-"
117.202.87.175 - - [10/Mar/2012:03:32:19 -0800] "-" 400 0 "-" "-"
117.202.87.175 - - [10/Mar/2012:03:32:19 -0800] "-" 400 0 "-" "-"
117.202.87.175 - - [10/Mar/2012:03:32:19 -0800] "-" 400 0 "-" "-"
117.202.87.175 - - [10/Mar/2012:03:32:19 -0800] "-" 400 0 "-" "-"
59.92.45.214 - - [10/Mar/2012:03:33:13 -0800] "-" 400 0 "-" "-"
123.236.92.126 - - [10/Mar/2012:03:33:43 -0800] "GET /s/ HTTP/1.1" 404 211 "-" "Mozilla/5.0 (X11; Linux i686) AppleWebKit/535.7 (KHTML, like Gecko) Chrome/16.0.912.75 Safari/535.7"
123.236.92.126 - - [10/Mar/2012:03:33:44 -0800] "GET /favicon.ico HTTP/1.1" 404 211 "-" "Mozilla/5.0 (X11; Linux i686) AppleWebKit/535.7 (KHTML, like Gecko) Chrome/16.0.912.75 Safari/535.7"
123.236.92.126 - - [10/Mar/2012:03:34:02 -0800] "-" 400 0 "-" "-"
59.92.45.214 - - [10/Mar/2012:03:34:03 -0800] "-" 400 0 "-" "-"
223.235.252.181 - - [10/Mar/2012:03:34:06 -0800] "GET /r/1va HTTP/1.1" 301 255 "-" "Mozilla/5.0 (iPhone; U; CPU iPhone OS 4_1 like Mac OS X; en-gb) AppleWebKit/532.9 (KHTML, like Gecko) Mobile/8B117"
223.235.252.181 - - [10/Mar/2012:03:34:10 -0800] "GET /r/23z HTTP/1.1" 301 255 "-" "Mozilla/5.0 (iPhone; U; CPU iPhone OS 4_1 like Mac OS X; en-gb) AppleWebKit/532.9 (KHTML, like Gecko) Mobile/8B117"
85.17.88.169 - - [10/Mar/2012:03:34:11 -0800] "POST /blog/wp-cron.php?doing_wp_cron=1331379177 HTTP/1.0" 499 0 "-" "WordPress/3.3.1; http://yuvi.in/blog"
223.235.252.181 - - [10/Mar/2012:03:34:11 -0800] "GET /s/ta/23z/ HTTP/1.1" 302 397 "-" "Mozilla/5.0 (iPhone; U; CPU iPhone OS 4_1 like Mac OS X; en-gb) AppleWebKit/532.9 (KHTML, like Gecko) Mobile/8B117"
209.85.224.90 - - [10/Mar/2012:03:34:11 -0800] "GET /blog/feed HTTP/1.1" 304 0 "-" "FeedBurner/1.0 (http://www.FeedBurner.com)"
59.92.45.214 - - [10/Mar/2012:03:34:23 -0800] "-" 400 0 "-" "-"
59.92.45.214 - - [10/Mar/2012:03:34:23 -0800] "-" 400 0 "-" "-"
59.92.45.214 - - [10/Mar/2012:03:34:23 -0800] "-" 400 0 "-" "-"
59.92.45.214 - - [10/Mar/2012:03:34:23 -0800] "-" 400 0 "-" "-"
59.92.45.214 - - [10/Mar/2012:03:34:23 -0800] "-" 400 0 "-" "-"
117.193.235.149 - - [10/Mar/2012:03:35:14 -0800] "-" 400 0 "-" "-"
106.208.147.225 - - [10/Mar/2012:03:36:47 -0800] "-" 400 0 "-" "-"
85.17.88.169 - - [10/Mar/2012:03:37:07 -0800] "POST /blog/wp-cron.php?doing_wp_cron=1331379354 HTTP/1.0" 499 0 "-" "WordPress/3.3.1; http://yuvi.in/blog"
209.85.238.248 - - [10/Mar/2012:03:37:08 -0800] "GET /blog/feed HTTP/1.1" 301 0 "-" "Feedfetcher-Google; (+http://www.google.com/feedfetcher.html; 3 subscribers; feed-id=17684830852112633560)"
85.17.88.169 - - [10/Mar/2012:03:37:10 -0800] "POST /blog/wp-cron.php?doing_wp_cron=1331379356 HTTP/1.0" 499 0 "-" "WordPress/3.3.1; http://yuvi.in/blog"
209.85.238.248 - - [10/Mar/2012:03:37:10 -0800] "GET /blog/feed/ HTTP/1.1" 304 0 "-" "Feedfetcher-Google; (+http://www.google.com/feedfetcher.html; 3 subscribers; feed-id=17684830852112633560)"
106.208.147.225 - - [10/Mar/2012:03:37:27 -0800] "-" 400 0 "-" "-"
95.236.117.158 - - [10/Mar/2012:03:37:46 -0800] "GET / HTTP/1.1" 200 1430 "-" "Mozilla/5.0 (Macintosh; Intel Mac OS X 10_6_8) AppleWebKit/535.11 (KHTML, like Gecko) Chrome/17.0.963.78 Safari/535.11"
95.236.117.158 - - [10/Mar/2012:03:37:47 -0800] "GET /blueprint/screen.css HTTP/1.1" 200 12058 "http://yuvi.in/" "Mozilla/5.0 (Macintosh; Intel Mac OS X 10_6_8) AppleWebKit/535.11 (KHTML, like Gecko) Chrome/17.0.963.78 Safari/535.11"
95.236.117.158 - - [10/Mar/2012:03:37:48 -0800] "GET /blueprint/print.css HTTP/1.1" 200 1284 "http://yuvi.in/" "Mozilla/5.0 (Macintosh; Intel Mac OS X 10_6_8) AppleWebKit/535.11 (KHTML, like Gecko) Chrome/17.0.963.78 Safari/535.11"
95.236.117.158 - - [10/Mar/2012:03:37:48 -0800] "GET /header.png HTTP/1.1" 200 14249 "http://yuvi.in/" "Mozilla/5.0 (Macintosh; Intel Mac OS X 10_6_8) AppleWebKit/535.11 (KHTML, like Gecko) Chrome/17.0.963.78 Safari/535.11"
95.236.117.158 - - [10/Mar/2012:03:37:49 -0800] "GET /favicon.ico HTTP/1.1" 404 199 "-" "Mozilla/5.0 (Macintosh; Intel Mac OS X 10_6_8) AppleWebKit/535.11 (KHTML, like Gecko) Chrome/17.0.963.78 Safari/535.11"
115.184.90.30 - - [10/Mar/2012:03:37:54 -0800] "-" 400 0 "-" "-"
115.184.90.30 - - [10/Mar/2012:03:37:54 -0800] "-" 400 0 "-" "-"
115.184.90.30 - - [10/Mar/2012:03:37:54 -0800] "-" 400 0 "-" "-"
115.184.90.30 - - [10/Mar/2012:03:37:54 -0800] "-" 400 0 "-" "-"
115.184.90.30 - - [10/Mar/2012:03:37:54 -0800] "-" 400 0 "-" "-"
115.242.209.4 - - [10/Mar/2012:03:38:14 -0800] "-" 400 0 "-" "-"
207.46.204.220 - - [10/Mar/2012:03:38:27 -0800] "-" 400 0 "-" "-"
207.46.204.220 - - [10/Mar/2012:03:38:28 -0800] "-" 400 0 "-" "-"
207.46.204.220 - - [10/Mar/2012:03:38:28 -0800] "-" 400 0 "-" "-"
207.46.204.220 - - [10/Mar/2012:03:38:28 -0800] "-" 400 0 "-" "-"
207.46.204.220 - - [10/Mar/2012:03:38:29 -0800] "-" 400 0 "-" "-"
207.46.204.220 - - [10/Mar/2012:03:38:30 -0800] "-" 400 0 "-" "-"
207.46.204.220 - - [10/Mar/2012:03:38:30 -0800] "-" 400 0 "-" "-"
207.46.204.220 - - [10/Mar/2012:03:38:30 -0800] "-" 400 0 "-" "-"
66.249.72.132 - - [10/Mar/2012:03:38:40 -0800] "GET /blog/what-i-learnt-from-the-hackfest-at-iitm.html HTTP/1.1" 200 3836 "-" "Mozilla/5.0 (compatible; Googlebot/2.1; +http://www.google.com/bot.html)"
117.193.226.23 - - [10/Mar/2012:03:38:48 -0800] "-" 400 0 "-" "-"
117.192.32.25 - - [10/Mar/2012:03:40:04 -0800] "-" 400 0 "-" "-"
117.192.32.25 - - [10/Mar/2012:03:40:04 -0800] "-" 400 0 "-" "-"
117.192.32.25 - - [10/Mar/2012:03:40:04 -0800] "-" 400 0 "-" "-"
202.156.8.12 - - [10/Mar/2012:03:43:09 -0800] "GET /r/ygz HTTP/1.1" 301 255 "http://ta.wikipedia.org/wiki/%E0%AE%AA%E0%AE%BE%E0%AE%A3%E0%AF%8D%E0%AE%9F%E0%AE%BE" "Mozilla/4.0 (compatible; MSIE 8.0; Windows NT 6.1; WOW64; Trident/4.0; GTB7.3; SLCC2; .NET CLR 2.0.50727; .NET CLR 3.5.30729; .NET CLR 3.0.30729; Media Center PC 6.0; eSobiSubscriber 2.0.4.16; MAAR; .NET4.0C; AskTbORJ/5.14.1.20007)"
202.156.8.230 - - [10/Mar/2012:03:43:10 -0800] "GET /s/ta/ygz/ HTTP/1.1" 302 337 "http://ta.wikipedia.org/wiki/%E0%AE%AA%E0%AE%BE%E0%AE%A3%E0%AF%8D%E0%AE%9F%E0%AE%BE" "Mozilla/4.0 (compatible; MSIE 8.0; Windows NT 6.1; WOW64; Trident/4.0; GTB7.3; SLCC2; .NET CLR 2.0.50727; .NET CLR 3.5.30729; .NET CLR 3.0.30729; Media Center PC 6.0; eSobiSubscriber 2.0.4.16; MAAR; .NET4.0C; AskTbORJ/5.14.1.20007)"
202.156.8.230 - - [10/Mar/2012:03:43:13 -0800] "GET /r/ygz HTTP/1.1" 301 255 "http://ta.wikipedia.org/wiki/%E0%AE%AA%E0%AE%BE%E0%AE%A3%E0%AF%8D%E0%AE%9F%E0%AE%BE" "Mozilla/4.0 (compatible; MSIE 8.0; Windows NT 6.1; WOW64; Trident/4.0; GTB7.3; SLCC2; .NET CLR 2.0.50727; .NET CLR 3.5.30729; .NET CLR 3.0.30729; Media Center PC 6.0; eSobiSubscriber 2.0.4.16; MAAR; .NET4.0C; AskTbORJ/5.14.1.20007)"
202.156.8.230 - - [10/Mar/2012:03:43:13 -0800] "GET /s/ta/ygz/ HTTP/1.1" 302 337 "http://ta.wikipedia.org/wiki/%E0%AE%AA%E0%AE%BE%E0%AE%A3%E0%AF%8D%E0%AE%9F%E0%AE%BE" "Mozilla/4.0 (compatible; MSIE 8.0; Windows NT 6.1; WOW64; Trident/4.0; GTB7.3; SLCC2; .NET CLR 2.0.50727; .NET CLR 3.5.30729; .NET CLR 3.0.30729; Media Center PC 6.0; eSobiSubscriber 2.0.4.16; MAAR; .NET4.0C; AskTbORJ/5.14.1.20007)"
117.199.142.24 - - [10/Mar/2012:03:43:39 -0800] "GET /r/zjp HTTP/1.1" 301 255 "http://ta.wikipedia.org/wiki/%E0%AE%9A%E0%AF%80%E0%AE%B0%E0%AF%81%E0%AE%9F%E0%AE%B1%E0%AF%8D%E0%AE%AA%E0%AE%AF%E0%AE%BF%E0%AE%B1%E0%AF%8D%E0%AE%9A%E0%AE%BF%E0%AE%95%E0%AE%B3%E0%AF%8D" "Mozilla/4.0 (compatible; MSIE 7.0; Windows NT 5.1; Trident/4.0)"
117.199.142.24 - - [10/Mar/2012:03:43:40 -0800] "GET /s/ta/zjp/ HTTP/1.1" 302 469 "http://ta.wikipedia.org/wiki/%E0%AE%9A%E0%AF%80%E0%AE%B0%E0%AF%81%E0%AE%9F%E0%AE%B1%E0%AF%8D%E0%AE%AA%E0%AE%AF%E0%AE%BF%E0%AE%B1%E0%AF%8D%E0%AE%9A%E0%AE%BF%E0%AE%95%E0%AE%B3%E0%AF%8D" "Mozilla/4.0 (compatible; MSIE 7.0; Windows NT 5.1; Trident/4.0)"
115.184.90.30 - - [10/Mar/2012:03:44:14 -0800] "-" 400 0 "-" "-"
115.184.90.30 - - [10/Mar/2012:03:44:14 -0800] "-" 400 0 "-" "-"
115.184.90.30 - - [10/Mar/2012:03:44:14 -0800] "-" 400 0 "-" "-"
115.184.90.30 - - [10/Mar/2012:03:44:14 -0800] "-" 400 0 "-" "-"
115.184.90.30 - - [10/Mar/2012:03:44:14 -0800] "-" 400 0 "-" "-"
117.254.153.135 - - [10/Mar/2012:03:45:42 -0800] "-" 400 0 "-" "-"
117.193.13.85 - - [10/Mar/2012:03:45:49 -0800] "-" 400 0 "-" "-"
27.251.24.66 - - [10/Mar/2012:03:46:36 -0800] "GET /r/28x HTTP/1.1" 301 255 "http://ta.wikipedia.org/wiki/%E0%AE%AA%E0%AF%8A%E0%AE%A9%E0%AF%8D%E0%AE%A9%E0%AE%BF%E0%AE%AF%E0%AE%BF%E0%AE%A9%E0%AF%8D_%E0%AE%9A%E0%AF%86%E0%AE%B2%E0%AF%8D%E0%AE%B5%E0%AE%A9%E0%AF%8D" "Mozilla/5.0 (Windows NT 6.1; WOW64; rv:10.0.2) Gecko/20100101 Firefox/10.0.2"
27.251.24.66 - - [10/Mar/2012:03:46:36 -0800] "GET /s/ta/28x/ HTTP/1.1" 302 473 "http://ta.wikipedia.org/wiki/%E0%AE%AA%E0%AF%8A%E0%AE%A9%E0%AF%8D%E0%AE%A9%E0%AE%BF%E0%AE%AF%E0%AE%BF%E0%AE%A9%E0%AF%8D_%E0%AE%9A%E0%AF%86%E0%AE%B2%E0%AF%8D%E0%AE%B5%E0%AE%A9%E0%AF%8D" "Mozilla/5.0 (Windows NT 6.1; WOW64; rv:10.0.2) Gecko/20100101 Firefox/10.0.2"
117.193.13.85 - - [10/Mar/2012:03:46:51 -0800] "-" 400 0 "-" "-"
66.249.72.132 - - [10/Mar/2012:03:47:36 -0800] "GET /blog/how-to-increase-cheese-s-burst-mode-photo-count.html HTTP/1.1" 200 2407 "-" "Mozilla/5.0 (compatible; Googlebot/2.1; +http://www.google.com/bot.html)"
85.17.88.169 - - [10/Mar/2012:03:47:44 -0800] "POST /blog/wp-cron.php?doing_wp_cron=1331379990 HTTP/1.0" 499 0 "-" "WordPress/3.3.1; http://yuvi.in/blog"
100.43.83.144 - - [10/Mar/2012:03:47:45 -0800] "GET /blog/what-stop-child-athiest/ HTTP/1.1" 200 6093 "-" "Mozilla/5.0 (compatible; YandexBot/3.0; +http://yandex.com/bots)"
85.17.88.169 - - [10/Mar/2012:03:47:49 -0800] "POST /blog/wp-cron.php?doing_wp_cron=1331379996 HTTP/1.0" 499 0 "-" "WordPress/3.3.1; http://yuvi.in/blog"
209.85.238.248 - - [10/Mar/2012:03:47:50 -0800] "GET /blog/feed/ HTTP/1.1" 304 0 "-" "Feedfetcher-Google; (+http://www.google.com/feedfetcher.html; 18 subscribers; feed-id=15064232456473204253)"
117.193.13.85 - - [10/Mar/2012:03:48:02 -0800] "-" 400 0 "-" "-"
174.37.154.78 - - [10/Mar/2012:03:48:45 -0800] "GET / HTTP/1.0" 200 3439 "-" "Gist Server"
112.133.197.133 - - [10/Mar/2012:03:48:49 -0800] "GET /r/2ols HTTP/1.1" 301 257 "http://www.facebook.com/l.php?u=http%3A%2F%2Ftawp.in%2Fr%2F2ols&h=-AQFtVFyWAQERkhr3xYOT0ch7X0eOctuKAdYk9P87D6kCTw&enc=AZPe9Ec_rBGaMSt8TYjbiDBoy6RIEgdvjmmzq3oscsTjzyxrw_hV2L5afHgKi8ZJjJ_chru4N9s-9mKLP88phRpF" "Mozilla/5.0 (Windows NT 6.1; WOW64; rv:10.0.2) Gecko/20100101 Firefox/10.0.2"
112.133.197.133 - - [10/Mar/2012:03:48:49 -0800] "GET /s/ta/2ols/ HTTP/1.1" 302 469 "http://www.facebook.com/l.php?u=http%3A%2F%2Ftawp.in%2Fr%2F2ols&h=-AQFtVFyWAQERkhr3xYOT0ch7X0eOctuKAdYk9P87D6kCTw&enc=AZPe9Ec_rBGaMSt8TYjbiDBoy6RIEgdvjmmzq3oscsTjzyxrw_hV2L5afHgKi8ZJjJ_chru4N9s-9mKLP88phRpF" "Mozilla/5.0 (Windows NT 6.1; WOW64; rv:10.0.2) Gecko/20100101 Firefox/10.0.2"
208.115.111.68 - - [10/Mar/2012:03:55:43 -0800] "GET /robots.txt HTTP/1.1" 404 169 "-" "Mozilla/5.0 (compatible; Ezooms/1.0; ezooms.bot@gmail.com)"
85.17.88.169 - - [10/Mar/2012:03:56:23 -0800] "POST /blog/wp-cron.php?doing_wp_cron=1331380509 HTTP/1.0" 499 0 "-" "WordPress/3.3.1; http://yuvi.in/blog"
66.249.72.132 - - [10/Mar/2012:03:56:23 -0800] "GET /blog/room-full-of-people-like-me/ HTTP/1.1" 200 4750 "-" "Mozilla/5.0 (compatible; Googlebot/2.1; +http://www.google.com/bot.html)"
209.85.224.90 - - [10/Mar/2012:03:56:42 -0800] "GET /stories/feed HTTP/1.1" 200 13653 "-" "FeedBurner/1.0 (http://www.FeedBurner.com)"
117.193.6.102 - - [10/Mar/2012:03:57:05 -0800] "-" 400 0 "-" "-"
207.46.12.72 - - [10/Mar/2012:03:58:50 -0800] "-" 400 0 "-" "-"
207.46.12.72 - - [10/Mar/2012:03:58:52 -0800] "-" 400 0 "-" "-"
207.46.12.72 - - [10/Mar/2012:03:58:53 -0800] "-" 400 0 "-" "-"
207.46.12.72 - - [10/Mar/2012:03:58:53 -0800] "-" 400 0 "-" "-"
207.46.12.72 - - [10/Mar/2012:03:58:53 -0800] "-" 400 0 "-" "-"
207.46.12.72 - - [10/Mar/2012:03:58:53 -0800] "-" 400 0 "-" "-"
207.46.12.72 - - [10/Mar/2012:03:58:54 -0800] "-" 400 0 "-" "-"
207.46.12.72 - - [10/Mar/2012:03:58:55 -0800] "-" 400 0 "-" "-"
207.46.12.72 - - [10/Mar/2012:03:58:55 -0800] "-" 400 0 "-" "-"
207.46.12.72 - - [10/Mar/2012:03:58:55 -0800] "-" 400 0 "-" "-"
207.46.12.72 - - [10/Mar/2012:03:59:26 -0800] "-" 400 0 "-" "-"
66.249.72.132 - - [10/Mar/2012:04:00:46 -0800] "GET /blog/nen-first-dot-2010-what-i-learnt.html HTTP/1.1" 200 3898 "-" "Mozilla/5.0 (compatible; Googlebot/2.1; +http://www.google.com/bot.html)"
94.193.156.125 - - [10/Mar/2012:04:02:04 -0800] "GET /r/2vq2 HTTP/1.1" 301 257 "http://bl157w.blu157.mail.live.com/mail/InboxLight.aspx?n=1563600427" "Mozilla/5.0 (Windows NT 6.1; WOW64; rv:10.0.2) Gecko/20100101 Firefox/10.0.2"
94.193.156.125 - - [10/Mar/2012:04:02:05 -0800] "GET /s/ta/2vq2/ HTTP/1.1" 302 437 "http://bl157w.blu157.mail.live.com/mail/InboxLight.aspx?n=1563600427" "Mozilla/5.0 (Windows NT 6.1; WOW64; rv:10.0.2) Gecko/20100101 Firefox/10.0.2"
203.82.92.106 - - [10/Mar/2012:04:03:46 -0800] "GET /r/12up HTTP/1.1" 301 257 "http://ta.wikipedia.org/wiki/%E0%AE%A4%E0%AF%8A%E0%AE%B4%E0%AE%BF%E0%AE%B2%E0%AF%8D%E0%AE%A8%E0%AF%81%E0%AE%9F%E0%AF%8D%E0%AE%AA%E0%AE%AE%E0%AF%8D" "Mozilla/4.0 (compatible; MSIE 8.0; Windows NT 5.1; Trident/4.0; InfoPath.3; AskTbPTV/5.11.3.15590)"
203.82.92.106 - - [10/Mar/2012:04:03:46 -0800] "GET /s/ta/12up/ HTTP/1.1" 302 421 "http://ta.wikipedia.org/wiki/%E0%AE%A4%E0%AF%8A%E0%AE%B4%E0%AE%BF%E0%AE%B2%E0%AF%8D%E0%AE%A8%E0%AF%81%E0%AE%9F%E0%AF%8D%E0%AE%AA%E0%AE%AE%E0%AF%8D" "Mozilla/4.0 (compatible; MSIE 8.0; Windows NT 5.1; Trident/4.0; InfoPath.3; AskTbPTV/5.11.3.15590)"
115.108.76.226 - - [10/Mar/2012:04:04:49 -0800] "-" 400 0 "-" "-"
141.0.8.151 - - [10/Mar/2012:04:05:03 -0800] "-" 400 0 "-" "-"
157.55.18.25 - - [10/Mar/2012:04:05:06 -0800] "GET /robots.txt HTTP/1.1" 404 238 "-" "Mozilla/5.0 (compatible; bingbot/2.0; +http://www.bing.com/bingbot.htm)"
66.249.72.132 - - [10/Mar/2012:04:05:18 -0800] "GET /blog/reddit-university-sicp-reading-group.html HTTP/1.1" 200 2293 "-" "Mozilla/5.0 (compatible; Googlebot/2.1; +http://www.google.com/bot.html)"
66.169.241.152 - - [10/Mar/2012:04:07:08 -0800] "-" 400 0 "-" "-"
14.99.111.79 - - [10/Mar/2012:04:08:53 -0800] "-" 400 0 "-" "-"
85.17.88.169 - - [10/Mar/2012:04:10:21 -0800] "POST /blog/wp-cron.php?doing_wp_cron=1331381347 HTTP/1.0" 499 0 "-" "WordPress/3.3.1; http://yuvi.in/blog"
209.85.224.87 - - [10/Mar/2012:04:10:22 -0800] "GET /blog/feed HTTP/1.1" 304 0 "-" "FeedBurner/1.0 (http://www.FeedBurner.com)"
141.0.9.217 - - [10/Mar/2012:04:13:33 -0800] "-" 400 0 "-" "-"
