207.46.199.140 - - [25/Mar/2012:20:46:13 -0700] "-" 400 0 "-" "-"
207.46.199.140 - - [25/Mar/2012:20:46:13 -0700] "-" 400 0 "-" "-"
207.46.199.140 - - [25/Mar/2012:20:46:14 -0700] "-" 400 0 "-" "-"
207.46.199.140 - - [25/Mar/2012:20:46:15 -0700] "-" 400 0 "-" "-"
207.46.199.140 - - [25/Mar/2012:20:46:15 -0700] "-" 400 0 "-" "-"
207.46.199.140 - - [25/Mar/2012:20:46:15 -0700] "-" 400 0 "-" "-"
207.46.199.140 - - [25/Mar/2012:20:46:15 -0700] "-" 400 0 "-" "-"
85.17.88.169 - - [25/Mar/2012:20:46:22 -0700] "POST /blog/wp-cron.php?doing_wp_cron=1332733383 HTTP/1.0" 200 0 "-" "WordPress/3.3.1; http://yuvi.in/blog"
209.85.224.89 - - [25/Mar/2012:20:46:23 -0700] "GET /blog/feed HTTP/1.1" 304 0 "-" "FeedBurner/1.0 (http://www.FeedBurner.com)"
85.17.88.169 - - [25/Mar/2012:20:47:01 -0700] "POST /blog/wp-cron.php?doing_wp_cron=1332733423 HTTP/1.0" 499 0 "-" "WordPress/3.3.1; http://yuvi.in/blog"
207.46.13.99 - - [25/Mar/2012:20:47:02 -0700] "GET /blog/devlog-december-23-2011/feed/ HTTP/1.1" 200 761 "-" "Mozilla/5.0 (compatible; bingbot/2.0; +http://www.bing.com/bingbot.htm)"
207.46.199.140 - - [25/Mar/2012:20:47:02 -0700] "-" 400 0 "-" "-"
203.116.251.237 - - [25/Mar/2012:20:48:34 -0700] "GET /r/1va HTTP/1.1" 301 255 "-" "Mozilla/5.0 (iPhone; CPU iPhone OS 5_0 like Mac OS X) AppleWebKit/534.46 (KHTML, like Gecko) Mobile/9A334"
203.116.251.237 - - [25/Mar/2012:20:48:34 -0700] "GET /s/ta/1va/ HTTP/1.1" 302 409 "-" "Mozilla/5.0 (iPhone; CPU iPhone OS 5_0 like Mac OS X) AppleWebKit/534.46 (KHTML, like Gecko) Mobile/9A334"
66.249.68.52 - - [25/Mar/2012:20:49:03 -0700] "GET /r/1okw HTTP/1.1" 301 257 "-" "Mozilla/5.0 (compatible; Googlebot/2.1; +http://www.google.com/bot.html)"
66.249.68.52 - - [25/Mar/2012:20:49:05 -0700] "GET /s/ta/1okw/ HTTP/1.1" 302 325 "-" "Mozilla/5.0 (compatible; Googlebot/2.1; +http://www.google.com/bot.html)"
141.0.10.40 - - [25/Mar/2012:20:49:40 -0700] "GET /r/33qv HTTP/1.1" 301 257 "-" "Opera/9.80 (J2ME/MIDP; Opera Mini/4.1.15082/27.1366; U; ta) Presto/2.8.119 Version/11.10"
141.0.10.40 - - [25/Mar/2012:20:49:41 -0700] "GET /s/ta/33qv/ HTTP/1.1" 302 550 "-" "Opera/9.80 (J2ME/MIDP; Opera Mini/4.1.15082/27.1366; U; ta) Presto/2.8.119 Version/11.10"
117.193.14.152 - - [25/Mar/2012:20:51:08 -0700] "-" 400 0 "-" "-"
85.17.88.169 - - [25/Mar/2012:20:51:24 -0700] "POST /blog/wp-cron.php?doing_wp_cron=1332733685 HTTP/1.0" 499 0 "-" "WordPress/3.3.1; http://yuvi.in/blog"
94.228.34.248 - - [25/Mar/2012:20:51:24 -0700] "GET /blog/ HTTP/1.1" 200 10128 "-" "magpie-crawler/1.1 (U; Linux amd64; en-GB; +http://www.brandwatch.net)"
69.171.234.3 - - [25/Mar/2012:20:51:28 -0700] "GET /r/252 HTTP/1.1" 301 255 "-" "facebookexternalhit/1.1 (+http://www.facebook.com/externalhit_uatext.php)"
69.171.234.4 - - [25/Mar/2012:20:51:28 -0700] "GET /s/ta/252/ HTTP/1.1" 302 461 "-" "facebookexternalhit/1.1 (+http://www.facebook.com/externalhit_uatext.php)"
117.193.14.152 - - [25/Mar/2012:20:51:45 -0700] "-" 400 0 "-" "-"
117.193.14.152 - - [25/Mar/2012:20:51:45 -0700] "-" 400 0 "-" "-"
117.193.14.152 - - [25/Mar/2012:20:51:45 -0700] "-" 400 0 "-" "-"
117.193.14.152 - - [25/Mar/2012:20:51:45 -0700] "-" 400 0 "-" "-"
207.46.12.245 - - [25/Mar/2012:20:53:28 -0700] "-" 400 0 "-" "-"
207.46.12.245 - - [25/Mar/2012:20:53:28 -0700] "-" 400 0 "-" "-"
207.46.12.245 - - [25/Mar/2012:20:53:28 -0700] "-" 400 0 "-" "-"
207.46.12.245 - - [25/Mar/2012:20:53:28 -0700] "-" 400 0 "-" "-"
207.46.12.245 - - [25/Mar/2012:20:53:28 -0700] "-" 400 0 "-" "-"
207.46.12.245 - - [25/Mar/2012:20:53:28 -0700] "-" 400 0 "-" "-"
207.46.12.245 - - [25/Mar/2012:20:53:28 -0700] "-" 400 0 "-" "-"
207.46.12.245 - - [25/Mar/2012:20:53:28 -0700] "-" 400 0 "-" "-"
85.17.88.169 - - [25/Mar/2012:20:53:45 -0700] "POST /blog/wp-cron.php?doing_wp_cron=1332733826 HTTP/1.0" 499 0 "-" "WordPress/3.3.1; http://yuvi.in/blog"
183.82.79.141 - - [25/Mar/2012:20:53:46 -0700] "GET /blog/feed/ HTTP/1.0" 304 0 "-" "FeedDemon/4.0 (http://www.feeddemon.com/; Microsoft Windows)"
117.193.174.164 - - [25/Mar/2012:20:53:48 -0700] "-" 400 0 "-" "-"
141.0.9.97 - - [25/Mar/2012:20:54:07 -0700] "-" 400 0 "-" "-"
141.0.9.97 - - [25/Mar/2012:20:55:02 -0700] "-" 400 0 "-" "-"
209.85.224.83 - - [25/Mar/2012:20:55:37 -0700] "GET /stories/feed HTTP/1.1" 200 13653 "-" "FeedBurner/1.0 (http://www.FeedBurner.com)"
117.193.174.164 - - [25/Mar/2012:20:56:18 -0700] "-" 400 0 "-" "-"
117.193.174.164 - - [25/Mar/2012:20:56:18 -0700] "-" 400 0 "-" "-"
117.193.174.164 - - [25/Mar/2012:20:56:18 -0700] "-" 400 0 "-" "-"
117.193.174.164 - - [25/Mar/2012:20:56:18 -0700] "-" 400 0 "-" "-"
117.193.174.164 - - [25/Mar/2012:20:56:18 -0700] "-" 400 0 "-" "-"
141.0.10.40 - - [25/Mar/2012:20:56:24 -0700] "GET /r/33qv HTTP/1.1" 301 257 "-" "Opera/9.80 (J2ME/MIDP; Opera Mini/4.1.15082/27.1366; U; ta) Presto/2.8.119 Version/11.10"
141.0.10.40 - - [25/Mar/2012:20:56:24 -0700] "GET /s/ta/33qv/ HTTP/1.1" 302 550 "-" "Opera/9.80 (J2ME/MIDP; Opera Mini/4.1.15082/27.1366; U; ta) Presto/2.8.119 Version/11.10"
49.200.93.152 - - [25/Mar/2012:20:58:00 -0700] "-" 400 0 "-" "-"
49.200.93.152 - - [25/Mar/2012:20:58:00 -0700] "-" 400 0 "-" "-"
122.164.243.175 - - [25/Mar/2012:20:59:31 -0700] "-" 400 0 "-" "-"
157.55.112.202 - - [25/Mar/2012:21:02:27 -0700] "-" 400 0 "-" "-"
157.55.112.202 - - [25/Mar/2012:21:02:27 -0700] "-" 400 0 "-" "-"
157.55.112.202 - - [25/Mar/2012:21:02:27 -0700] "-" 400 0 "-" "-"
157.55.112.202 - - [25/Mar/2012:21:02:27 -0700] "-" 400 0 "-" "-"
157.55.112.202 - - [25/Mar/2012:21:02:27 -0700] "-" 400 0 "-" "-"
157.55.112.202 - - [25/Mar/2012:21:02:27 -0700] "-" 400 0 "-" "-"
157.55.112.202 - - [25/Mar/2012:21:02:27 -0700] "-" 400 0 "-" "-"
157.55.112.202 - - [25/Mar/2012:21:02:27 -0700] "-" 400 0 "-" "-"
157.55.112.202 - - [25/Mar/2012:21:02:28 -0700] "-" 400 0 "-" "-"
157.55.112.202 - - [25/Mar/2012:21:02:28 -0700] "-" 400 0 "-" "-"
157.55.112.202 - - [25/Mar/2012:21:03:11 -0700] "-" 400 0 "-" "-"
144.36.210.94 - - [25/Mar/2012:21:03:25 -0700] "-" 400 0 "-" "-"
85.17.88.169 - - [25/Mar/2012:21:04:50 -0700] "POST /blog/wp-cron.php?doing_wp_cron=1332734491 HTTP/1.0" 499 0 "-" "WordPress/3.3.1; http://yuvi.in/blog"
209.85.238.115 - - [25/Mar/2012:21:04:50 -0700] "GET /blog/feed/ HTTP/1.1" 304 0 "-" "Feedfetcher-Google; (+http://www.google.com/feedfetcher.html; 18 subscribers; feed-id=15064232456473204253)"
85.17.88.169 - - [25/Mar/2012:21:05:17 -0700] "POST /blog/wp-cron.php?doing_wp_cron=1332734518 HTTP/1.0" 499 0 "-" "WordPress/3.3.1; http://yuvi.in/blog"
208.115.111.68 - - [25/Mar/2012:21:05:18 -0700] "GET /blog/2011/04/10/ HTTP/1.1" 200 15003 "-" "Mozilla/5.0 (compatible; Ezooms/1.0; ezooms.bot@gmail.com)"
208.115.111.68 - - [25/Mar/2012:21:05:22 -0700] "GET /blog/hello-world-again.html HTTP/1.1" 200 7971 "-" "Mozilla/5.0 (compatible; Ezooms/1.0; ezooms.bot@gmail.com)"
85.17.88.169 - - [25/Mar/2012:21:05:27 -0700] "POST /blog/wp-cron.php?doing_wp_cron=1332734528 HTTP/1.0" 499 0 "-" "WordPress/3.3.1; http://yuvi.in/blog"
208.115.111.68 - - [25/Mar/2012:21:05:27 -0700] "GET /blog/moving-to-vim-from-emacs/trackback/ HTTP/1.1" 302 0 "-" "Mozilla/5.0 (compatible; Ezooms/1.0; ezooms.bot@gmail.com)"
180.76.6.21 - - [25/Mar/2012:21:05:50 -0700] "GET /r/262 HTTP/1.1" 301 255 "-" "Mozilla/5.0 (compatible; Baiduspider/2.0; +http://www.baidu.com/search/spider.html)"
180.76.5.150 - - [25/Mar/2012:21:05:50 -0700] "GET /s/ta/262/ HTTP/1.1" 302 543 "-" "Mozilla/5.0 (compatible; Baiduspider/2.0; +http://www.baidu.com/search/spider.html)"
85.17.88.169 - - [25/Mar/2012:21:07:41 -0700] "POST /blog/wp-cron.php?doing_wp_cron=1332734663 HTTP/1.0" 499 0 "-" "WordPress/3.3.1; http://yuvi.in/blog"
122.164.254.176 - - [25/Mar/2012:21:07:42 -0700] "GET /blog/story-average-indian-techie/ HTTP/1.1" 200 14154 "http://www.facebook.com/l.php?u=http%3A%2F%2Fyuvi.in%2Fblog%2Fstory-average-indian-techie%2F&h=rAQEDyoHFAQE6f0koJufS8x563-rUu0YYWiGCcp9sJnEypg" "Mozilla/5.0 (Windows NT 6.1; WOW64) AppleWebKit/535.11 (KHTML, like Gecko) Chrome/17.0.963.83 Safari/535.11"
122.164.254.176 - - [25/Mar/2012:21:07:43 -0700] "GET /blog/wp-content/themes/cleanr/js/jquery.dropdown.js?ver=3.3.1 HTTP/1.1" 200 535 "http://yuvi.in/blog/story-average-indian-techie/" "Mozilla/5.0 (Windows NT 6.1; WOW64) AppleWebKit/535.11 (KHTML, like Gecko) Chrome/17.0.963.83 Safari/535.11"
122.164.254.176 - - [25/Mar/2012:21:07:43 -0700] "GET /blog/wp-content/themes/cleanr/style.css HTTP/1.1" 200 10508 "http://yuvi.in/blog/story-average-indian-techie/" "Mozilla/5.0 (Windows NT 6.1; WOW64) AppleWebKit/535.11 (KHTML, like Gecko) Chrome/17.0.963.83 Safari/535.11"
122.164.254.176 - - [25/Mar/2012:21:07:44 -0700] "GET /blog/wp-content/themes/cleanr/css/reset.css HTTP/1.1" 200 648 "http://yuvi.in/blog/story-average-indian-techie/" "Mozilla/5.0 (Windows NT 6.1; WOW64) AppleWebKit/535.11 (KHTML, like Gecko) Chrome/17.0.963.83 Safari/535.11"
122.164.254.176 - - [25/Mar/2012:21:07:44 -0700] "GET /blog/wp-content/themes/cleanr/css/text.css HTTP/1.1" 200 420 "http://yuvi.in/blog/story-average-indian-techie/" "Mozilla/5.0 (Windows NT 6.1; WOW64) AppleWebKit/535.11 (KHTML, like Gecko) Chrome/17.0.963.83 Safari/535.11"
122.164.254.176 - - [25/Mar/2012:21:07:44 -0700] "GET /blog/wp-content/themes/cleanr/css/960.css HTTP/1.1" 200 3628 "http://yuvi.in/blog/story-average-indian-techie/" "Mozilla/5.0 (Windows NT 6.1; WOW64) AppleWebKit/535.11 (KHTML, like Gecko) Chrome/17.0.963.83 Safari/535.11"
122.164.254.176 - - [25/Mar/2012:21:07:44 -0700] "GET /blog/wp-includes/js/jquery/jquery.js?ver=1.7.1 HTTP/1.1" 200 93889 "http://yuvi.in/blog/story-average-indian-techie/" "Mozilla/5.0 (Windows NT 6.1; WOW64) AppleWebKit/535.11 (KHTML, like Gecko) Chrome/17.0.963.83 Safari/535.11"
122.164.254.176 - - [25/Mar/2012:21:07:45 -0700] "GET /blog/wp-content/themes/cleanr/images/search_magnifier.gif HTTP/1.1" 200 394 "http://yuvi.in/blog/story-average-indian-techie/" "Mozilla/5.0 (Windows NT 6.1; WOW64) AppleWebKit/535.11 (KHTML, like Gecko) Chrome/17.0.963.83 Safari/535.11"
122.164.254.176 - - [25/Mar/2012:21:07:46 -0700] "GET /favicon.ico HTTP/1.1" 404 199 "-" "Mozilla/5.0 (Windows NT 6.1; WOW64) AppleWebKit/535.11 (KHTML, like Gecko) Chrome/17.0.963.83 Safari/535.11"
85.17.88.169 - - [25/Mar/2012:21:07:53 -0700] "POST /blog/wp-cron.php?doing_wp_cron=1332734674 HTTP/1.0" 499 0 "-" "WordPress/3.3.1; http://yuvi.in/blog"
122.164.254.176 - - [25/Mar/2012:21:07:53 -0700] "GET /blog/story-average-indian-techie/?cf_action=sync_comments&post_id=220 HTTP/1.1" 200 48 "http://yuvi.in/blog/story-average-indian-techie/" "Mozilla/5.0 (Windows NT 6.1; WOW64) AppleWebKit/535.11 (KHTML, like Gecko) Chrome/17.0.963.83 Safari/535.11"
66.249.68.52 - - [25/Mar/2012:21:08:14 -0700] "GET /r/p9c HTTP/1.1" 301 255 "-" "Mozilla/5.0 (compatible; Googlebot/2.1; +http://www.google.com/bot.html)"
66.249.68.52 - - [25/Mar/2012:21:08:15 -0700] "GET /s/ta/p9c/ HTTP/1.1" 302 557 "-" "Mozilla/5.0 (compatible; Googlebot/2.1; +http://www.google.com/bot.html)"
85.17.88.169 - - [25/Mar/2012:21:08:21 -0700] "POST /blog/wp-cron.php?doing_wp_cron=1332734702 HTTP/1.0" 499 0 "-" "WordPress/3.3.1; http://yuvi.in/blog"
209.85.238.115 - - [25/Mar/2012:21:08:21 -0700] "GET /blog/feed HTTP/1.1" 301 0 "-" "Feedfetcher-Google; (+http://www.google.com/feedfetcher.html; 3 subscribers; feed-id=17684830852112633560)"
85.17.88.169 - - [25/Mar/2012:21:08:23 -0700] "POST /blog/wp-cron.php?doing_wp_cron=1332734704 HTTP/1.0" 499 0 "-" "WordPress/3.3.1; http://yuvi.in/blog"
209.85.238.115 - - [25/Mar/2012:21:08:23 -0700] "GET /blog/feed/ HTTP/1.1" 304 0 "-" "Feedfetcher-Google; (+http://www.google.com/feedfetcher.html; 3 subscribers; feed-id=17684830852112633560)"
85.17.88.169 - - [25/Mar/2012:21:08:46 -0700] "POST /blog/wp-cron.php?doing_wp_cron=1332734727 HTTP/1.0" 499 0 "-" "WordPress/3.3.1; http://yuvi.in/blog"
180.76.5.147 - - [25/Mar/2012:21:08:47 -0700] "GET /blog/?p=84 HTTP/1.1" 301 0 "-" "Mozilla/5.0 (compatible; Baiduspider/2.0; +http://www.baidu.com/search/spider.html)"
85.17.88.169 - - [25/Mar/2012:21:08:49 -0700] "POST /blog/wp-cron.php?doing_wp_cron=1332734730 HTTP/1.0" 499 0 "-" "WordPress/3.3.1; http://yuvi.in/blog"
180.76.5.156 - - [25/Mar/2012:21:08:49 -0700] "GET /blog/more-effects-for-cheese/ HTTP/1.1" 200 4511 "-" "Mozilla/5.0 (compatible; Baiduspider/2.0; +http://www.baidu.com/search/spider.html)"
85.17.88.169 - - [25/Mar/2012:21:09:07 -0700] "POST /blog/wp-cron.php?doing_wp_cron=1332734748 HTTP/1.0" 499 0 "-" "WordPress/3.3.1; http://yuvi.in/blog"
100.43.83.144 - - [25/Mar/2012:21:09:07 -0700] "GET /blog/devlog-jan-2011/ HTTP/1.1" 200 7023 "-" "Mozilla/5.0 (compatible; YandexBot/3.0; +http://yandex.com/bots)"
66.249.68.52 - - [25/Mar/2012:21:10:04 -0700] "GET /r/305m HTTP/1.1" 301 257 "-" "SAMSUNG-SGH-E250/1.0 Profile/MIDP-2.0 Configuration/CLDC-1.1 UP.Browser/6.2.3.3.c.1.101 (GUI) MMP/2.0 (compatible; Googlebot-Mobile/2.1; +http://www.google.com/bot.html)"
66.249.68.52 - - [25/Mar/2012:21:10:05 -0700] "GET /s/ta/305m/ HTTP/1.1" 302 409 "-" "SAMSUNG-SGH-E250/1.0 Profile/MIDP-2.0 Configuration/CLDC-1.1 UP.Browser/6.2.3.3.c.1.101 (GUI) MMP/2.0 (compatible; Googlebot-Mobile/2.1; +http://www.google.com/bot.html)"
207.46.12.251 - - [25/Mar/2012:21:11:36 -0700] "-" 400 0 "-" "-"
207.46.12.251 - - [25/Mar/2012:21:11:38 -0700] "-" 400 0 "-" "-"
207.46.12.251 - - [25/Mar/2012:21:11:38 -0700] "-" 400 0 "-" "-"
207.46.12.251 - - [25/Mar/2012:21:11:39 -0700] "-" 400 0 "-" "-"
207.46.12.251 - - [25/Mar/2012:21:11:39 -0700] "-" 400 0 "-" "-"
207.46.12.251 - - [25/Mar/2012:21:11:40 -0700] "-" 400 0 "-" "-"
207.46.12.251 - - [25/Mar/2012:21:11:42 -0700] "-" 400 0 "-" "-"
207.46.12.251 - - [25/Mar/2012:21:11:42 -0700] "-" 400 0 "-" "-"
207.46.12.251 - - [25/Mar/2012:21:11:42 -0700] "-" 400 0 "-" "-"
207.46.12.251 - - [25/Mar/2012:21:11:42 -0700] "-" 400 0 "-" "-"
208.115.113.84 - - [25/Mar/2012:21:12:16 -0700] "GET /robots.txt HTTP/1.1" 404 169 "-" "Mozilla/5.0 (compatible; Ezooms/1.0; ezooms.bot@gmail.com)"
117.193.65.119 - - [25/Mar/2012:21:14:12 -0700] "-" 400 0 "-" "-"
117.193.65.119 - - [25/Mar/2012:21:14:32 -0700] "-" 400 0 "-" "-"
117.193.65.119 - - [25/Mar/2012:21:14:32 -0700] "-" 400 0 "-" "-"
117.193.65.119 - - [25/Mar/2012:21:14:32 -0700] "-" 400 0 "-" "-"
66.220.146.247 - - [25/Mar/2012:21:15:04 -0700] "GET /r/252 HTTP/1.1" 301 255 "-" "facebookexternalhit/1.1 (+http://www.facebook.com/externalhit_uatext.php)"
66.220.146.247 - - [25/Mar/2012:21:15:04 -0700] "GET /s/ta/252/ HTTP/1.1" 302 461 "-" "facebookexternalhit/1.1 (+http://www.facebook.com/externalhit_uatext.php)"
85.17.88.169 - - [25/Mar/2012:21:16:34 -0700] "POST /blog/wp-cron.php?doing_wp_cron=1332735195 HTTP/1.0" 499 0 "-" "WordPress/3.3.1; http://yuvi.in/blog"
209.85.224.94 - - [25/Mar/2012:21:16:34 -0700] "GET /blog/feed HTTP/1.1" 304 0 "-" "FeedBurner/1.0 (http://www.FeedBurner.com)"
122.169.162.193 - - [25/Mar/2012:21:16:45 -0700] "GET /e/edia:Notability HTTP/1.1" 301 281 "http://ta.wikipedia.org/wiki/%E0%AE%B5%E0%AE%BF%E0%AE%95%E0%AF%8D%E0%AE%95%E0%AE%BF%E0%AE%AA%E0%AF%8D%E0%AE%AA%E0%AF%80%E0%AE%9F%E0%AE%BF%E0%AE%AF%E0%AE%BE:%E0%AE%A8%E0%AF%80%E0%AE%95%E0%AF%8D%E0%AE%95%E0%AE%B2%E0%AF%81%E0%AE%95%E0%AF%8D%E0%AE%95%E0%AE%BE%E0%AE%A9_%E0%AE%B5%E0%AE%BE%E0%AE%95%E0%AF%8D%E0%AE%95%E0%AF%86%E0%AE%9F%E0%AF%81%E0%AE%AA%E0%AF%8D%E0%AE%AA%E0%AF%81" "Mozilla/5.0 (X11; Ubuntu; Linux i686; rv:11.0) Gecko/20100101 Firefox/11.0"
122.169.162.193 - - [25/Mar/2012:21:16:46 -0700] "GET /en/ta/edia:Notability/ HTTP/1.1" 302 265 "http://ta.wikipedia.org/wiki/%E0%AE%B5%E0%AE%BF%E0%AE%95%E0%AF%8D%E0%AE%95%E0%AE%BF%E0%AE%AA%E0%AF%8D%E0%AE%AA%E0%AF%80%E0%AE%9F%E0%AE%BF%E0%AE%AF%E0%AE%BE:%E0%AE%A8%E0%AF%80%E0%AE%95%E0%AF%8D%E0%AE%95%E0%AE%B2%E0%AF%81%E0%AE%95%E0%AF%8D%E0%AE%95%E0%AE%BE%E0%AE%A9_%E0%AE%B5%E0%AE%BE%E0%AE%95%E0%AF%8D%E0%AE%95%E0%AF%86%E0%AE%9F%E0%AF%81%E0%AE%AA%E0%AF%8D%E0%AE%AA%E0%AF%81" "Mozilla/5.0 (X11; Ubuntu; Linux i686; rv:11.0) Gecko/20100101 Firefox/11.0"
122.169.162.193 - - [25/Mar/2012:21:16:51 -0700] "-" 400 0 "-" "-"
88.131.106.6 - - [25/Mar/2012:21:17:55 -0700] "GET /robots.txt HTTP/1.0" 404 169 "-" "Mozilla/5.0 (Windows; U; Windows NT 5.1; en-US) Speedy Spider (http://www.entireweb.com/about/search_tech/speedy_spider/)"
88.131.106.6 - - [25/Mar/2012:21:17:58 -0700] "GET /blog HTTP/1.0" 301 178 "-" "Mozilla/5.0 (Windows; U; Windows NT 5.1; en-US) Speedy Spider (http://www.entireweb.com/about/search_tech/speedy_spider/)"
85.17.88.169 - - [25/Mar/2012:21:18:02 -0700] "POST /blog/wp-cron.php?doing_wp_cron=1332735283 HTTP/1.0" 499 0 "-" "WordPress/3.3.1; http://yuvi.in/blog"
88.131.106.4 - - [25/Mar/2012:21:18:03 -0700] "GET /blog/ HTTP/1.0" 200 33019 "-" "Mozilla/5.0 (Windows; U; Windows NT 5.1; en-US) Speedy Spider (http://www.entireweb.com/about/search_tech/speedy_spider/)"
117.193.65.119 - - [25/Mar/2012:21:18:32 -0700] "-" 400 0 "-" "-"
66.249.68.52 - - [25/Mar/2012:21:20:05 -0700] "GET /r/vx4 HTTP/1.1" 301 255 "-" "SAMSUNG-SGH-E250/1.0 Profile/MIDP-2.0 Configuration/CLDC-1.1 UP.Browser/6.2.3.3.c.1.101 (GUI) MMP/2.0 (compatible; Googlebot-Mobile/2.1; +http://www.google.com/bot.html)"
66.249.68.52 - - [25/Mar/2012:21:20:06 -0700] "GET /s/ta/vx4/ HTTP/1.1" 302 401 "-" "SAMSUNG-SGH-E250/1.0 Profile/MIDP-2.0 Configuration/CLDC-1.1 UP.Browser/6.2.3.3.c.1.101 (GUI) MMP/2.0 (compatible; Googlebot-Mobile/2.1; +http://www.google.com/bot.html)"
69.171.247.3 - - [25/Mar/2012:21:20:46 -0700] "GET /r/252 HTTP/1.1" 301 255 "-" "facebookexternalhit/1.1 (+http://www.facebook.com/externalhit_uatext.php)"
69.171.247.6 - - [25/Mar/2012:21:20:46 -0700] "GET /s/ta/252/ HTTP/1.1" 302 461 "-" "facebookexternalhit/1.1 (+http://www.facebook.com/externalhit_uatext.php)"
117.193.65.119 - - [25/Mar/2012:21:20:55 -0700] "-" 400 0 "-" "-"
85.17.88.169 - - [25/Mar/2012:21:21:26 -0700] "POST /blog/wp-cron.php?doing_wp_cron=1332735487 HTTP/1.0" 499 0 "-" "WordPress/3.3.1; http://yuvi.in/blog"
101.226.33.182 - - [25/Mar/2012:21:21:27 -0700] "GET /blog/feed HTTP/1.0" 304 0 "-" "Mozilla/4.0 (compatible; Windows;)"
14.139.180.3 - - [25/Mar/2012:21:24:56 -0700] "-" 400 0 "-" "-"
14.139.180.3 - - [25/Mar/2012:21:24:56 -0700] "-" 400 0 "-" "-"
14.139.180.3 - - [25/Mar/2012:21:24:56 -0700] "-" 400 0 "-" "-"
14.139.180.3 - - [25/Mar/2012:21:24:56 -0700] "-" 400 0 "-" "-"
203.116.251.236 - - [25/Mar/2012:21:26:10 -0700] "GET /r/8n1 HTTP/1.1" 301 255 "http://m.facebook.com/l.php?u=http%3A%2F%2Ftawp.in%2Fr%2F8n1&h=CAQHO0Du_" "Mozilla/5.0 (iPhone; U; CPU iPhone OS 4_3_1 like Mac OS X; en_US) AppleWebKit (KHTML, like Gecko) Mobile [FBAN/FBForIPhone;FBAV/4.1;FBBV/4100.0;FBDV/iPhone3,1;FBMD/iPhone;FBSN/iPhone OS;FBSV/4.3.1;FBSS/2; FBCR/StarHub;FBID/phone;FBLC/en_US;FBSF/2.0]"
203.116.251.236 - - [25/Mar/2012:21:26:10 -0700] "GET /s/ta/8n1/ HTTP/1.1" 302 377 "http://m.facebook.com/l.php?u=http%3A%2F%2Ftawp.in%2Fr%2F8n1&h=CAQHO0Du_" "Mozilla/5.0 (iPhone; U; CPU iPhone OS 4_3_1 like Mac OS X; en_US) AppleWebKit (KHTML, like Gecko) Mobile [FBAN/FBForIPhone;FBAV/4.1;FBBV/4100.0;FBDV/iPhone3,1;FBMD/iPhone;FBSN/iPhone OS;FBSV/4.3.1;FBSS/2; FBCR/StarHub;FBID/phone;FBLC/en_US;FBSF/2.0]"
203.116.251.236 - - [25/Mar/2012:21:26:19 -0700] "GET /s/ta/8n1/ HTTP/1.1" 302 377 "http://m.facebook.com/l.php?u=http%3A%2F%2Ftawp.in%2Fr%2F8n1&h=CAQHO0Du_" "Mozilla/5.0 (iPhone; U; CPU iPhone OS 4_3_1 like Mac OS X; en_US) AppleWebKit (KHTML, like Gecko) Mobile [FBAN/FBForIPhone;FBAV/4.1;FBBV/4100.0;FBDV/iPhone3,1;FBMD/iPhone;FBSN/iPhone OS;FBSV/4.3.1;FBSS/2; FBCR/StarHub;FBID/phone;FBLC/en_US;FBSF/2.0]"
101.63.183.81 - - [25/Mar/2012:21:27:52 -0700] "GET /r/dyz HTTP/1.1" 301 255 "-" "Mozilla/5.0 (Windows; U; Windows NT 6.1; en-GB; rv:1.9.2.12) Gecko/20101026 Firefox/3.6.12"
101.63.183.81 - - [25/Mar/2012:21:27:53 -0700] "GET /s/ta/dyz/ HTTP/1.1" 302 365 "-" "Mozilla/5.0 (Windows; U; Windows NT 6.1; en-GB; rv:1.9.2.12) Gecko/20101026 Firefox/3.6.12"
85.17.88.169 - - [25/Mar/2012:21:28:15 -0700] "POST /blog/wp-cron.php?doing_wp_cron=1332735896 HTTP/1.0" 499 0 "-" "WordPress/3.3.1; http://yuvi.in/blog"
98.173.45.173 - - [25/Mar/2012:21:28:15 -0700] "GET /blog/feed HTTP/1.1" 301 0 "-" "RssBandit/1.9.0.1002 (.NET CLR 2.0.50727.5448; WinNT 6.1.7601 Service Pack 1; http://www.rssbandit.org)"
85.17.88.169 - - [25/Mar/2012:21:28:17 -0700] "POST /blog/wp-cron.php?doing_wp_cron=1332735898 HTTP/1.0" 499 0 "-" "WordPress/3.3.1; http://yuvi.in/blog"
98.173.45.173 - - [25/Mar/2012:21:28:18 -0700] "GET /blog/feed/ HTTP/1.1" 200 6675 "-" "RssBandit/1.9.0.1002 (.NET CLR 2.0.50727.5448; WinNT 6.1.7601 Service Pack 1; http://www.rssbandit.org)"
27.107.49.241 - - [25/Mar/2012:21:29:49 -0700] "-" 400 0 "-" "-"
85.17.88.169 - - [25/Mar/2012:21:29:55 -0700] "POST /blog/wp-cron.php?doing_wp_cron=1332735996 HTTP/1.0" 499 0 "-" "WordPress/3.3.1; http://yuvi.in/blog"
183.82.79.141 - - [25/Mar/2012:21:29:55 -0700] "GET /blog/feed/ HTTP/1.0" 304 0 "-" "FeedDemon/4.0 (http://www.feeddemon.com/; Microsoft Windows)"
223.236.102.72 - - [25/Mar/2012:21:31:23 -0700] "-" 400 0 "-" "-"
98.173.45.173 - - [25/Mar/2012:21:31:26 -0700] "GET /favicon.ico HTTP/1.1" 404 142 "-" "RssBandit/1.9.0.1002 (.NET CLR 2.0.50727.5448; WinNT 6.1.7601 Service Pack 1; http://www.rssbandit.org)"
100.43.83.144 - - [25/Mar/2012:21:31:37 -0700] "GET /blog/nen-first-dot-2010-what-i-learnt.html HTTP/1.1" 200 3898 "-" "Mozilla/5.0 (compatible; YandexBot/3.0; +http://yandex.com/bots)"
100.43.83.144 - - [25/Mar/2012:21:31:39 -0700] "GET /r/305m HTTP/1.1" 301 257 "-" "Mozilla/5.0 (compatible; YandexBot/3.0; +http://yandex.com/bots)"
122.164.26.62 - - [25/Mar/2012:21:33:13 -0700] "-" 400 0 "-" "-"
122.164.26.62 - - [25/Mar/2012:21:33:33 -0700] "-" 400 0 "-" "-"
122.164.26.62 - - [25/Mar/2012:21:33:33 -0700] "-" 400 0 "-" "-"
122.164.26.62 - - [25/Mar/2012:21:33:33 -0700] "-" 400 0 "-" "-"
122.164.26.62 - - [25/Mar/2012:21:33:33 -0700] "-" 400 0 "-" "-"
122.164.26.62 - - [25/Mar/2012:21:33:33 -0700] "-" 400 0 "-" "-"
207.46.194.247 - - [25/Mar/2012:21:34:05 -0700] "-" 400 0 "-" "-"
207.46.194.247 - - [25/Mar/2012:21:34:10 -0700] "-" 400 0 "-" "-"
207.46.194.247 - - [25/Mar/2012:21:34:11 -0700] "-" 400 0 "-" "-"
207.46.194.247 - - [25/Mar/2012:21:34:12 -0700] "-" 400 0 "-" "-"
207.46.194.247 - - [25/Mar/2012:21:34:12 -0700] "-" 400 0 "-" "-"
207.46.194.247 - - [25/Mar/2012:21:34:14 -0700] "-" 400 0 "-" "-"
207.46.194.247 - - [25/Mar/2012:21:34:17 -0700] "-" 400 0 "-" "-"
207.46.194.247 - - [25/Mar/2012:21:34:17 -0700] "-" 400 0 "-" "-"
207.46.194.247 - - [25/Mar/2012:21:34:17 -0700] "-" 400 0 "-" "-"
207.46.194.247 - - [25/Mar/2012:21:34:18 -0700] "-" 400 0 "-" "-"
183.83.17.150 - - [25/Mar/2012:21:34:28 -0700] "GET /AssessmentBar/r/Unassessed_India_articles/ HTTP/1.1" 302 291 "http://en.wikipedia.org/wiki/Bara_culture" "Mozilla/5.0 (X11; Linux i686) AppleWebKit/535.11 (KHTML, like Gecko) Chrome/17.0.963.83 Safari/535.11"
207.46.194.247 - - [25/Mar/2012:21:34:32 -0700] "-" 400 0 "-" "-"
183.83.17.150 - - [25/Mar/2012:21:34:47 -0700] "-" 400 0 "-" "-"
14.139.180.3 - - [25/Mar/2012:21:35:10 -0700] "-" 400 0 "-" "-"
117.197.195.201 - - [25/Mar/2012:21:36:19 -0700] "GET /r/1vgq HTTP/1.1" 301 257 "http://ta.wikipedia.org/wiki/%E0%AE%9A%E0%AF%86%E0%AE%AF%E0%AE%B1%E0%AF%8D%E0%AE%95%E0%AF%88_%E0%AE%B5%E0%AE%BF%E0%AE%A8%E0%AF%8D%E0%AE%A4%E0%AF%82%E0%AE%9F%E0%AF%8D%E0%AE%9F%E0%AE%B2%E0%AF%8D" "Mozilla/4.0 (compatible; MSIE 8.0; Windows NT 6.1; Trident/4.0; SLCC2; .NET CLR 2.0.50727; .NET CLR 3.5.30729; .NET CLR 3.0.30729; Media Center PC 6.0; InfoPath.2; .NET4.0C)"
117.197.195.201 - - [25/Mar/2012:21:36:20 -0700] "GET /s/ta/1vgq/ HTTP/1.1" 302 485 "http://ta.wikipedia.org/wiki/%E0%AE%9A%E0%AF%86%E0%AE%AF%E0%AE%B1%E0%AF%8D%E0%AE%95%E0%AF%88_%E0%AE%B5%E0%AE%BF%E0%AE%A8%E0%AF%8D%E0%AE%A4%E0%AF%82%E0%AE%9F%E0%AF%8D%E0%AE%9F%E0%AE%B2%E0%AF%8D" "Mozilla/4.0 (compatible; MSIE 8.0; Windows NT 6.1; Trident/4.0; SLCC2; .NET CLR 2.0.50727; .NET CLR 3.5.30729; .NET CLR 3.0.30729; Media Center PC 6.0; InfoPath.2; .NET4.0C)"
59.99.248.6 - - [25/Mar/2012:21:37:42 -0700] "GET /r/rwn HTTP/1.1" 301 255 "http://ta.wikipedia.org/wiki/%E0%AE%8E._%E0%AE%B5%E0%AE%BE._%E0%AE%B5%E0%AF%87%E0%AE%B2%E0%AF%81" "Mozilla/4.0 (compatible; MSIE 7.0; Windows NT 5.1)"
59.99.248.6 - - [25/Mar/2012:21:37:43 -0700] "GET /s/ta/rwn/ HTTP/1.1" 302 361 "http://ta.wikipedia.org/wiki/%E0%AE%8E._%E0%AE%B5%E0%AE%BE._%E0%AE%B5%E0%AF%87%E0%AE%B2%E0%AF%81" "Mozilla/4.0 (compatible; MSIE 7.0; Windows NT 5.1)"
85.17.88.169 - - [25/Mar/2012:21:41:02 -0700] "POST /blog/wp-cron.php?doing_wp_cron=1332736663 HTTP/1.0" 499 0 "-" "WordPress/3.3.1; http://yuvi.in/blog"
98.173.45.173 - - [25/Mar/2012:21:41:03 -0700] "GET /blog/feed HTTP/1.1" 304 0 "-" "RssBandit/1.9.0.1002 (.NET CLR 2.0.50727.5448; WinNT 6.1.7601 Service Pack 1; http://www.rssbandit.org)"
66.249.68.52 - - [25/Mar/2012:21:41:07 -0700] "GET /s/ta/1j96/ HTTP/1.1" 302 349 "-" "Mozilla/5.0 (compatible; Googlebot/2.1; +http://www.google.com/bot.html)"
207.46.204.172 - - [25/Mar/2012:21:41:47 -0700] "-" 400 0 "-" "-"
207.46.204.172 - - [25/Mar/2012:21:41:47 -0700] "-" 400 0 "-" "-"
207.46.204.172 - - [25/Mar/2012:21:41:47 -0700] "-" 400 0 "-" "-"
207.46.204.172 - - [25/Mar/2012:21:41:48 -0700] "-" 400 0 "-" "-"
207.46.204.172 - - [25/Mar/2012:21:41:48 -0700] "-" 400 0 "-" "-"
207.46.204.172 - - [25/Mar/2012:21:41:48 -0700] "-" 400 0 "-" "-"
207.46.204.172 - - [25/Mar/2012:21:41:48 -0700] "-" 400 0 "-" "-"
207.46.204.172 - - [25/Mar/2012:21:41:48 -0700] "-" 400 0 "-" "-"
207.46.204.172 - - [25/Mar/2012:21:42:23 -0700] "-" 400 0 "-" "-"
207.46.204.172 - - [25/Mar/2012:21:42:23 -0700] "-" 400 0 "-" "-"
207.46.204.172 - - [25/Mar/2012:21:42:23 -0700] "-" 400 0 "-" "-"
8.28.16.254 - - [25/Mar/2012:21:43:08 -0700] "GET /r/q2f HTTP/1.1" 301 255 "-" "Mozilla/4.0 (compatible; MSIE 7.0; Windows NT 5.1; InfoPath.1; .NET CLR 2.0.50727; .NET CLR 1.1.4322; MS-RTC LM 8; .NET CLR 3.0.4506.2152; .NET CLR 3.5.30729)"
8.28.16.254 - - [25/Mar/2012:21:43:09 -0700] "GET /s/ta/q2f/ HTTP/1.1" 302 875 "-" "Mozilla/4.0 (compatible; MSIE 7.0; Windows NT 5.1; InfoPath.1; .NET CLR 2.0.50727; .NET CLR 1.1.4322; MS-RTC LM 8; .NET CLR 3.0.4506.2152; .NET CLR 3.5.30729)"
159.53.110.143 - - [25/Mar/2012:21:43:09 -0700] "GET /r/q2f HTTP/1.1" 301 255 "http://ta.wikipedia.org/wiki/%E0%AE%B5%E0%AE%BF%E0%AE%95%E0%AF%8D%E0%AE%95%E0%AE%BF%E0%AE%AA%E0%AF%8D%E0%AE%AA%E0%AF%80%E0%AE%9F%E0%AE%BF%E0%AE%AF%E0%AE%BE:%E0%AE%AA%E0%AE%A9%E0%AF%8D%E0%AE%AE%E0%AF%8A%E0%AE%B4%E0%AE%BF_%E0%AE%B5%E0%AE%BF%E0%AE%95%E0%AF%8D%E0%AE%95%E0%AE%BF%E0%AE%AA%E0%AF%8D%E0%AE%AA%E0%AF%80%E0%AE%9F%E0%AE%BF%E0%AE%AF%E0%AE%BE%E0%AE%AA%E0%AF%8D_%E0%AE%AA%E0%AE%9F%E0%AF%8D%E0%AE%9F%E0%AE%BF%E0%AE%AF%E0%AE%B2%E0%AF%8D" "Mozilla/5.0 (Windows NT 6.1; rv:9.0.1) Gecko/20100101 Firefox/9.0.1"
8.28.16.254 - - [25/Mar/2012:21:43:09 -0700] "GET /s/ta/q2f HTTP/1.1" 301 255 "-" "Mozilla/4.0 (compatible; MSIE 7.0; Windows NT 5.1; InfoPath.1; .NET CLR 2.0.50727; .NET CLR 1.1.4322; MS-RTC LM 8; .NET CLR 3.0.4506.2152; .NET CLR 3.5.30729)"
8.28.16.254 - - [25/Mar/2012:21:43:09 -0700] "GET /s/ta/q2f/ HTTP/1.1" 302 875 "-" "Mozilla/4.0 (compatible; MSIE 7.0; Windows NT 5.1; InfoPath.1; .NET CLR 2.0.50727; .NET CLR 1.1.4322; MS-RTC LM 8; .NET CLR 3.0.4506.2152; .NET CLR 3.5.30729)"
159.53.110.143 - - [25/Mar/2012:21:43:09 -0700] "GET /s/ta/q2f/ HTTP/1.1" 302 875 "http://ta.wikipedia.org/wiki/%E0%AE%B5%E0%AE%BF%E0%AE%95%E0%AF%8D%E0%AE%95%E0%AE%BF%E0%AE%AA%E0%AF%8D%E0%AE%AA%E0%AF%80%E0%AE%9F%E0%AE%BF%E0%AE%AF%E0%AE%BE:%E0%AE%AA%E0%AE%A9%E0%AF%8D%E0%AE%AE%E0%AF%8A%E0%AE%B4%E0%AE%BF_%E0%AE%B5%E0%AE%BF%E0%AE%95%E0%AF%8D%E0%AE%95%E0%AE%BF%E0%AE%AA%E0%AF%8D%E0%AE%AA%E0%AF%80%E0%AE%9F%E0%AE%BF%E0%AE%AF%E0%AE%BE%E0%AE%AA%E0%AF%8D_%E0%AE%AA%E0%AE%9F%E0%AF%8D%E0%AE%9F%E0%AE%BF%E0%AE%AF%E0%AE%B2%E0%AF%8D" "Mozilla/5.0 (Windows NT 6.1; rv:9.0.1) Gecko/20100101 Firefox/9.0.1"
66.249.67.123 - - [25/Mar/2012:21:43:51 -0700] "GET /robots.txt HTTP/1.1" 404 142 "-" "Mozilla/5.0 (compatible; Googlebot/2.1; +http://www.google.com/bot.html)"
85.17.88.169 - - [25/Mar/2012:21:43:53 -0700] "POST /blog/wp-cron.php?doing_wp_cron=1332736834 HTTP/1.0" 499 0 "-" "WordPress/3.3.1; http://yuvi.in/blog"
66.249.67.123 - - [25/Mar/2012:21:43:53 -0700] "GET /blog/sicp-and-brainfuck/ HTTP/1.1" 200 4736 "-" "Mozilla/5.0 (compatible; Googlebot/2.1; +http://www.google.com/bot.html)"
125.21.36.14 - - [25/Mar/2012:21:46:12 -0700] "-" 400 0 "-" "-"
85.17.88.169 - - [25/Mar/2012:21:46:43 -0700] "POST /blog/wp-cron.php?doing_wp_cron=1332737004 HTTP/1.0" 499 0 "-" "WordPress/3.3.1; http://yuvi.in/blog"
209.85.224.96 - - [25/Mar/2012:21:46:44 -0700] "GET /blog/feed HTTP/1.1" 304 0 "-" "FeedBurner/1.0 (http://www.FeedBurner.com)"
66.249.67.123 - - [25/Mar/2012:21:49:20 -0700] "GET /blog/tag/report.html HTTP/1.1" 200 6305 "-" "Mozilla/5.0 (compatible; Googlebot/2.1; +http://www.google.com/bot.html)"
85.17.88.169 - - [25/Mar/2012:21:50:17 -0700] "POST /blog/wp-cron.php?doing_wp_cron=1332737218 HTTP/1.0" 499 0 "-" "WordPress/3.3.1; http://yuvi.in/blog"
77.65.48.239 - - [25/Mar/2012:21:50:19 -0700] "GET /blog/ HTTP/1.0" 200 33142 "http://yuvi.in/blog/" "Mozilla/4.0 (compatible; MSIE 6.0; Windows NT 5.1; SV1; InfoPath.1)"
184.72.65.97 - - [25/Mar/2012:21:50:56 -0700] "HEAD /r/305m HTTP/1.1" 301 0 "http://t.co/FIenkrRS" "Mozilla/5.0 (compatible; PaperLiBot/2.1; http://support.paper.li/entries/20023257-what-is-paper-li)"
184.72.65.97 - - [25/Mar/2012:21:50:57 -0700] "HEAD /s/ta/305m/ HTTP/1.1" 302 0 "http://tawp.in/r/305m" "Mozilla/5.0 (compatible; PaperLiBot/2.1; http://support.paper.li/entries/20023257-what-is-paper-li)"
117.203.102.98 - - [25/Mar/2012:21:51:55 -0700] "GET /r/1x4w HTTP/1.1" 301 257 "http://ta.wikipedia.org/wiki/%E0%AE%95%E0%AF%82%E0%AE%9F%E0%AE%99%E0%AF%8D%E0%AE%95%E0%AF%81%E0%AE%B3%E0%AE%AE%E0%AF%8D_%E0%AE%85%E0%AE%A3%E0%AF%81%E0%AE%AE%E0%AE%BF%E0%AE%A9%E0%AF%8D_%E0%AE%A8%E0%AE%BF%E0%AE%B2%E0%AF%88%E0%AE%AF%E0%AE%AE%E0%AF%8D" "Mozilla/5.0 (Windows NT 5.1) AppleWebKit/535.11 (KHTML, like Gecko) Chrome/17.0.963.83 Safari/535.11"
117.203.102.98 - - [25/Mar/2012:21:51:56 -0700] "GET /s/ta/1x4w/ HTTP/1.1" 302 561 "http://ta.wikipedia.org/wiki/%E0%AE%95%E0%AF%82%E0%AE%9F%E0%AE%99%E0%AF%8D%E0%AE%95%E0%AF%81%E0%AE%B3%E0%AE%AE%E0%AF%8D_%E0%AE%85%E0%AE%A3%E0%AF%81%E0%AE%AE%E0%AE%BF%E0%AE%A9%E0%AF%8D_%E0%AE%A8%E0%AE%BF%E0%AE%B2%E0%AF%88%E0%AE%AF%E0%AE%AE%E0%AF%8D" "Mozilla/5.0 (Windows NT 5.1) AppleWebKit/535.11 (KHTML, like Gecko) Chrome/17.0.963.83 Safari/535.11"
117.203.102.98 - - [25/Mar/2012:21:52:07 -0700] "-" 400 0 "-" "-"
125.21.36.14 - - [25/Mar/2012:21:54:39 -0700] "-" 400 0 "-" "-"
141.0.9.56 - - [25/Mar/2012:21:57:19 -0700] "-" 400 0 "-" "-"
141.0.9.56 - - [25/Mar/2012:21:57:19 -0700] "-" 400 0 "-" "-"
141.0.9.56 - - [25/Mar/2012:21:57:19 -0700] "-" 400 0 "-" "-"
85.17.88.169 - - [25/Mar/2012:22:00:19 -0700] "POST /blog/wp-cron.php?doing_wp_cron=1332737820 HTTP/1.0" 499 0 "-" "WordPress/3.3.1; http://yuvi.in/blog"
66.249.67.123 - - [25/Mar/2012:22:00:20 -0700] "GET /blog/temptations/ HTTP/1.1" 200 4767 "-" "Mozilla/5.0 (compatible; Googlebot/2.1; +http://www.google.com/bot.html)"
69.171.247.5 - - [25/Mar/2012:22:00:21 -0700] "GET /r/252 HTTP/1.1" 301 255 "-" "facebookexternalhit/1.1 (+http://www.facebook.com/externalhit_uatext.php)"
69.171.247.5 - - [25/Mar/2012:22:00:21 -0700] "GET /s/ta/252/ HTTP/1.1" 302 461 "-" "facebookexternalhit/1.1 (+http://www.facebook.com/externalhit_uatext.php)"
117.193.150.28 - - [25/Mar/2012:22:01:55 -0700] "-" 400 0 "-" "-"
209.85.238.115 - - [25/Mar/2012:22:03:19 -0700] "GET /blog/feed/ HTTP/1.1" 200 6694 "-" "Feedfetcher-Google; (+http://www.google.com/feedfetcher.html; 18 subscribers; feed-id=15064232456473204253)"
85.17.88.169 - - [25/Mar/2012:22:03:35 -0700] "POST /blog/wp-cron.php?doing_wp_cron=1332738015 HTTP/1.0" 499 0 "-" "WordPress/3.3.1; http://yuvi.in/blog"
119.63.196.124 - - [25/Mar/2012:22:03:36 -0700] "GET /blog/the-fridge-at-interviewstreet-office/ HTTP/1.1" 200 4986 "-" "Mozilla/5.0 (compatible; Baiduspider/2.0; +http://www.baidu.com/search/spider.html)"
209.85.224.96 - - [25/Mar/2012:22:03:57 -0700] "GET /stories/feed HTTP/1.1" 200 13653 "-" "FeedBurner/1.0 (http://www.FeedBurner.com)"
85.17.88.169 - - [25/Mar/2012:22:04:11 -0700] "POST /blog/wp-cron.php?doing_wp_cron=1332738052 HTTP/1.0" 499 0 "-" "WordPress/3.3.1; http://yuvi.in/blog"
117.211.93.74 - - [25/Mar/2012:22:04:12 -0700] "GET /blog/3-reasons-people-join-it-companies/ HTTP/1.1" 200 5065 "http://www.google.co.in/url?sa=t&rct=j&q=3%20reasons%20to%20join%20this%20company&source=web&cd=1&ved=0CCMQFjAA&url=http%3A%2F%2Fyuvi.in%2Fblog%2F3-reasons-people-join-it-companies%2F&ei=_vdvT_boMs-HrAfr272gDg&usg=AFQjCNFsui76oW1e-bnBZNPoKulKWHmPwg" "Mozilla/4.0 (compatible; MSIE 8.0; Windows NT 5.1; Trident/4.0; .NET CLR 1.1.4322; .NET CLR 2.0.50727; .NET CLR 3.0.04506.30; .NET CLR 3.0.4506.2152; .NET CLR 3.5.30729)"
117.211.93.74 - - [25/Mar/2012:22:04:14 -0700] "GET /blog/wp-content/themes/cleanr/style.css HTTP/1.1" 200 10508 "http://yuvi.in/blog/3-reasons-people-join-it-companies/" "Mozilla/4.0 (compatible; MSIE 8.0; Windows NT 5.1; Trident/4.0; .NET CLR 1.1.4322; .NET CLR 2.0.50727; .NET CLR 3.0.04506.30; .NET CLR 3.0.4506.2152; .NET CLR 3.5.30729)"
117.211.93.74 - - [25/Mar/2012:22:04:15 -0700] "GET /blog/wp-content/themes/cleanr/css/reset.css HTTP/1.1" 200 648 "http://yuvi.in/blog/3-reasons-people-join-it-companies/" "Mozilla/4.0 (compatible; MSIE 8.0; Windows NT 5.1; Trident/4.0; .NET CLR 1.1.4322; .NET CLR 2.0.50727; .NET CLR 3.0.04506.30; .NET CLR 3.0.4506.2152; .NET CLR 3.5.30729)"
117.211.93.74 - - [25/Mar/2012:22:04:15 -0700] "GET /blog/wp-content/themes/cleanr/css/text.css HTTP/1.1" 200 420 "http://yuvi.in/blog/3-reasons-people-join-it-companies/" "Mozilla/4.0 (compatible; MSIE 8.0; Windows NT 5.1; Trident/4.0; .NET CLR 1.1.4322; .NET CLR 2.0.50727; .NET CLR 3.0.04506.30; .NET CLR 3.0.4506.2152; .NET CLR 3.5.30729)"
117.211.93.74 - - [25/Mar/2012:22:04:15 -0700] "GET /blog/wp-content/themes/cleanr/css/960.css HTTP/1.1" 200 3628 "http://yuvi.in/blog/3-reasons-people-join-it-companies/" "Mozilla/4.0 (compatible; MSIE 8.0; Windows NT 5.1; Trident/4.0; .NET CLR 1.1.4322; .NET CLR 2.0.50727; .NET CLR 3.0.04506.30; .NET CLR 3.0.4506.2152; .NET CLR 3.5.30729)"
117.211.93.74 - - [25/Mar/2012:22:04:16 -0700] "GET /blog/wp-content/themes/cleanr/css/ie.css HTTP/1.1" 200 390 "http://yuvi.in/blog/3-reasons-people-join-it-companies/" "Mozilla/4.0 (compatible; MSIE 8.0; Windows NT 5.1; Trident/4.0; .NET CLR 1.1.4322; .NET CLR 2.0.50727; .NET CLR 3.0.04506.30; .NET CLR 3.0.4506.2152; .NET CLR 3.5.30729)"
117.211.93.74 - - [25/Mar/2012:22:04:16 -0700] "GET /blog/wp-content/themes/cleanr/js/jquery.dropdown.js?ver=3.3.1 HTTP/1.1" 200 535 "http://yuvi.in/blog/3-reasons-people-join-it-companies/" "Mozilla/4.0 (compatible; MSIE 8.0; Windows NT 5.1; Trident/4.0; .NET CLR 1.1.4322; .NET CLR 2.0.50727; .NET CLR 3.0.04506.30; .NET CLR 3.0.4506.2152; .NET CLR 3.5.30729)"
117.211.93.74 - - [25/Mar/2012:22:04:17 -0700] "GET /blog/wp-includes/js/jquery/jquery.js?ver=1.7.1 HTTP/1.1" 200 93889 "http://yuvi.in/blog/3-reasons-people-join-it-companies/" "Mozilla/4.0 (compatible; MSIE 8.0; Windows NT 5.1; Trident/4.0; .NET CLR 1.1.4322; .NET CLR 2.0.50727; .NET CLR 3.0.04506.30; .NET CLR 3.0.4506.2152; .NET CLR 3.5.30729)"
117.211.93.74 - - [25/Mar/2012:22:04:18 -0700] "GET /blog/wp-content/themes/cleanr/images/search_magnifier.gif HTTP/1.1" 200 394 "http://yuvi.in/blog/3-reasons-people-join-it-companies/" "Mozilla/4.0 (compatible; MSIE 8.0; Windows NT 5.1; Trident/4.0; .NET CLR 1.1.4322; .NET CLR 2.0.50727; .NET CLR 3.0.04506.30; .NET CLR 3.0.4506.2152; .NET CLR 3.5.30729)"
117.211.93.74 - - [25/Mar/2012:22:04:18 -0700] "GET /favicon.ico HTTP/1.1" 404 199 "-" "Mozilla/4.0 (compatible; MSIE 8.0; Windows NT 5.1; Trident/4.0; .NET CLR 1.1.4322; .NET CLR 2.0.50727; .NET CLR 3.0.04506.30; .NET CLR 3.0.4506.2152; .NET CLR 3.5.30729)"
85.17.88.169 - - [25/Mar/2012:22:04:27 -0700] "POST /blog/wp-cron.php?doing_wp_cron=1332738067 HTTP/1.0" 499 0 "-" "WordPress/3.3.1; http://yuvi.in/blog"
117.211.93.74 - - [25/Mar/2012:22:04:27 -0700] "GET /blog/3-reasons-people-join-it-companies/?cf_action=sync_comments&post_id=201 HTTP/1.1" 200 48 "http://yuvi.in/blog/3-reasons-people-join-it-companies/" "Mozilla/4.0 (compatible; MSIE 8.0; Windows NT 5.1; Trident/4.0; .NET CLR 1.1.4322; .NET CLR 2.0.50727; .NET CLR 3.0.04506.30; .NET CLR 3.0.4506.2152; .NET CLR 3.5.30729)"
59.164.51.35 - - [25/Mar/2012:22:05:46 -0700] "-" 400 0 "-" "-"
59.164.51.35 - - [25/Mar/2012:22:05:46 -0700] "-" 400 0 "-" "-"
59.164.51.35 - - [25/Mar/2012:22:05:46 -0700] "-" 400 0 "-" "-"
85.17.88.169 - - [25/Mar/2012:22:05:48 -0700] "POST /blog/wp-cron.php?doing_wp_cron=1332738149 HTTP/1.0" 499 0 "-" "WordPress/3.3.1; http://yuvi.in/blog"
183.82.79.141 - - [25/Mar/2012:22:05:49 -0700] "GET /blog/feed/ HTTP/1.0" 304 0 "-" "FeedDemon/4.0 (http://www.feeddemon.com/; Microsoft Windows)"
207.46.194.250 - - [25/Mar/2012:22:09:23 -0700] "-" 400 0 "-" "-"
207.46.194.250 - - [25/Mar/2012:22:09:24 -0700] "-" 400 0 "-" "-"
207.46.194.250 - - [25/Mar/2012:22:09:24 -0700] "-" 400 0 "-" "-"
207.46.194.250 - - [25/Mar/2012:22:09:24 -0700] "-" 400 0 "-" "-"
207.46.194.250 - - [25/Mar/2012:22:09:24 -0700] "-" 400 0 "-" "-"
207.46.194.250 - - [25/Mar/2012:22:09:24 -0700] "-" 400 0 "-" "-"
207.46.194.250 - - [25/Mar/2012:22:09:24 -0700] "-" 400 0 "-" "-"
207.46.194.250 - - [25/Mar/2012:22:09:24 -0700] "-" 400 0 "-" "-"
207.46.194.250 - - [25/Mar/2012:22:09:25 -0700] "-" 400 0 "-" "-"
207.46.194.250 - - [25/Mar/2012:22:09:25 -0700] "-" 400 0 "-" "-"
85.17.88.169 - - [25/Mar/2012:22:09:41 -0700] "POST /blog/wp-cron.php?doing_wp_cron=1332738382 HTTP/1.0" 499 0 "-" "WordPress/3.3.1; http://yuvi.in/blog"
209.85.238.115 - - [25/Mar/2012:22:09:42 -0700] "GET /blog/feed HTTP/1.1" 301 0 "-" "Feedfetcher-Google; (+http://www.google.com/feedfetcher.html; 3 subscribers; feed-id=17684830852112633560)"
209.85.238.115 - - [25/Mar/2012:22:09:42 -0700] "GET /blog/feed/ HTTP/1.1" 200 6694 "-" "Feedfetcher-Google; (+http://www.google.com/feedfetcher.html; 3 subscribers; feed-id=17684830852112633560)"
113.193.118.71 - - [25/Mar/2012:22:10:06 -0700] "-" 400 0 "-" "-"
112.135.194.215 - - [25/Mar/2012:22:13:21 -0700] "GET /r/1mgu HTTP/1.1" 301 257 "http://ta.wikipedia.org/w/index.php?title=%E0%AE%9A%E0%AF%81%E0%AE%B0%E0%AF%81%E0%AE%A4%E0%AE%BF_%E0%AE%B9%E0%AE%BE%E0%AE%9A%E0%AE%A9%E0%AF%8D&useformat=desktop" "Mozilla/5.0 (Linux; U; Android 4.0.3; en-us; GT-I9220 Build/IML74K) AppleWebKit/534.30 (KHTML, like Gecko) Version/4.0 Mobile Safari/534.30"
112.135.194.215 - - [25/Mar/2012:22:13:22 -0700] "GET /s/ta/1mgu/ HTTP/1.1" 302 401 "http://ta.wikipedia.org/w/index.php?title=%E0%AE%9A%E0%AF%81%E0%AE%B0%E0%AF%81%E0%AE%A4%E0%AE%BF_%E0%AE%B9%E0%AE%BE%E0%AE%9A%E0%AE%A9%E0%AF%8D&useformat=desktop" "Mozilla/5.0 (Linux; U; Android 4.0.3; en-us; GT-I9220 Build/IML74K) AppleWebKit/534.30 (KHTML, like Gecko) Version/4.0 Mobile Safari/534.30"
117.193.150.28 - - [25/Mar/2012:22:13:45 -0700] "-" 400 0 "-" "-"
117.193.150.28 - - [25/Mar/2012:22:13:45 -0700] "-" 400 0 "-" "-"
117.193.150.28 - - [25/Mar/2012:22:13:45 -0700] "-" 400 0 "-" "-"
117.193.150.28 - - [25/Mar/2012:22:13:45 -0700] "-" 400 0 "-" "-"
117.193.150.28 - - [25/Mar/2012:22:13:45 -0700] "-" 400 0 "-" "-"
117.193.150.28 - - [25/Mar/2012:22:14:05 -0700] "-" 400 0 "-" "-"
113.193.118.71 - - [25/Mar/2012:22:14:22 -0700] "-" 400 0 "-" "-"
74.125.64.84 - - [25/Mar/2012:22:16:11 -0700] "GET /favicon.ico HTTP/1.1" 404 142 "-" "-"
113.193.118.71 - - [25/Mar/2012:22:16:39 -0700] "-" 400 0 "-" "-"
85.17.88.169 - - [25/Mar/2012:22:16:54 -0700] "POST /blog/wp-cron.php?doing_wp_cron=1332738815 HTTP/1.0" 499 0 "-" "WordPress/3.3.1; http://yuvi.in/blog"
209.85.224.87 - - [25/Mar/2012:22:16:54 -0700] "GET /blog/feed HTTP/1.1" 304 0 "-" "FeedBurner/1.0 (http://www.FeedBurner.com)"
115.241.2.57 - - [25/Mar/2012:22:19:23 -0700] "-" 400 0 "-" "-"
66.249.68.52 - - [25/Mar/2012:22:22:17 -0700] "GET /s/ta/hjr/ HTTP/1.1" 302 585 "-" "Mozilla/5.0 (compatible; Googlebot/2.1; +http://www.google.com/bot.html)"
69.171.234.7 - - [25/Mar/2012:22:22:27 -0700] "GET /r/eya HTTP/1.1" 301 255 "-" "facebookexternalhit/1.1 (+http://www.facebook.com/externalhit_uatext.php)"
69.171.234.5 - - [25/Mar/2012:22:22:27 -0700] "GET /s/ta/eya/ HTTP/1.1" 302 401 "-" "facebookexternalhit/1.1 (+http://www.facebook.com/externalhit_uatext.php)"
122.164.53.122 - - [25/Mar/2012:22:22:38 -0700] "-" 400 0 "-" "-"
101.63.187.166 - - [25/Mar/2012:22:23:01 -0700] "-" 400 0 "-" "-"
139.18.2.209 - - [25/Mar/2012:22:25:48 -0700] "GET /code HTTP/1.1" 404 169 "-" "findlinks/2.0.1 (+http://wortschatz.uni-leipzig.de/findlinks/)"
207.46.199.148 - - [25/Mar/2012:22:26:03 -0700] "-" 400 0 "-" "-"
207.46.199.148 - - [25/Mar/2012:22:26:03 -0700] "-" 400 0 "-" "-"
207.46.199.148 - - [25/Mar/2012:22:26:04 -0700] "-" 400 0 "-" "-"
207.46.199.148 - - [25/Mar/2012:22:26:06 -0700] "-" 400 0 "-" "-"
207.46.199.148 - - [25/Mar/2012:22:26:06 -0700] "-" 400 0 "-" "-"
207.46.199.148 - - [25/Mar/2012:22:26:07 -0700] "-" 400 0 "-" "-"
207.46.199.148 - - [25/Mar/2012:22:26:07 -0700] "-" 400 0 "-" "-"
207.46.199.148 - - [25/Mar/2012:22:26:08 -0700] "-" 400 0 "-" "-"
207.46.199.148 - - [25/Mar/2012:22:26:09 -0700] "-" 400 0 "-" "-"
207.46.199.148 - - [25/Mar/2012:22:26:10 -0700] "-" 400 0 "-" "-"
207.46.199.148 - - [25/Mar/2012:22:26:10 -0700] "-" 400 0 "-" "-"
207.46.199.148 - - [25/Mar/2012:22:26:10 -0700] "-" 400 0 "-" "-"
66.249.68.52 - - [25/Mar/2012:22:27:41 -0700] "GET /r/1nfh HTTP/1.1" 301 257 "-" "Mozilla/5.0 (compatible; Googlebot/2.1; +http://www.google.com/bot.html)"
66.249.68.52 - - [25/Mar/2012:22:27:42 -0700] "GET /s/ta/1nfh/ HTTP/1.1" 302 509 "-" "Mozilla/5.0 (compatible; Googlebot/2.1; +http://www.google.com/bot.html)"
66.249.68.52 - - [25/Mar/2012:22:30:29 -0700] "GET /s/ta/2e47/ HTTP/1.1" 302 385 "-" "Mozilla/5.0 (compatible; Googlebot/2.1; +http://www.google.com/bot.html)"
199.87.252.83 - - [25/Mar/2012:22:30:39 -0700] "GET /robots.txt HTTP/1.1" 404 142 "-" "Mozilla/5.0 (compatible; ScoutJet; +http://www.scoutjet.com/)"
199.87.252.83 - - [25/Mar/2012:22:30:40 -0700] "GET / HTTP/1.1" 200 1430 "-" "Mozilla/5.0 (compatible; ScoutJet; +http://www.scoutjet.com/)"
199.87.252.83 - - [25/Mar/2012:22:30:42 -0700] "GET /favicon.ico HTTP/1.1" 404 142 "-" "Mozilla/5.0 (compatible; ScoutJet; +http://www.scoutjet.com/)"
101.63.187.166 - - [25/Mar/2012:22:31:24 -0700] "-" 400 0 "-" "-"
67.19.79.218 - - [25/Mar/2012:22:31:26 -0700] "GET /robots.txt HTTP/1.0" 404 571 "-" "Mozilla/4.0 (compatible; MSIE 5.01; Windows NT)"
66.249.68.52 - - [25/Mar/2012:22:33:10 -0700] "GET /r/2vcm HTTP/1.1" 301 257 "-" "Mozilla/5.0 (compatible; Googlebot/2.1; +http://www.google.com/bot.html)"
66.249.68.52 - - [25/Mar/2012:22:33:11 -0700] "GET /s/ta/2vcm/ HTTP/1.1" 302 497 "-" "Mozilla/5.0 (compatible; Googlebot/2.1; +http://www.google.com/bot.html)"
14.140.164.130 - - [25/Mar/2012:22:33:18 -0700] "-" 400 0 "-" "-"
14.140.164.130 - - [25/Mar/2012:22:33:23 -0700] "-" 400 0 "-" "-"
14.140.164.130 - - [25/Mar/2012:22:33:23 -0700] "-" 400 0 "-" "-"
122.164.53.122 - - [25/Mar/2012:22:33:49 -0700] "-" 400 0 "-" "-"
85.17.88.169 - - [25/Mar/2012:22:33:56 -0700] "POST /blog/wp-cron.php?doing_wp_cron=1332739836 HTTP/1.0" 499 0 "-" "WordPress/3.3.1; http://yuvi.in/blog"
207.46.204.188 - - [25/Mar/2012:22:33:56 -0700] "GET /blog/vala-gtkbuilder-and-autoconnecting-signal-handlers/ HTTP/1.1" 200 5191 "-" "Mozilla/5.0 (compatible; bingbot/2.0; +http://www.bing.com/bingbot.htm)"
122.164.53.122 - - [25/Mar/2012:22:33:59 -0700] "-" 400 0 "-" "-"
122.164.53.122 - - [25/Mar/2012:22:33:59 -0700] "-" 400 0 "-" "-"
122.164.53.122 - - [25/Mar/2012:22:33:59 -0700] "-" 400 0 "-" "-"
122.164.53.122 - - [25/Mar/2012:22:33:59 -0700] "-" 400 0 "-" "-"
122.164.53.122 - - [25/Mar/2012:22:34:59 -0700] "-" 400 0 "-" "-"
122.164.53.122 - - [25/Mar/2012:22:34:59 -0700] "-" 400 0 "-" "-"
122.164.53.122 - - [25/Mar/2012:22:34:59 -0700] "-" 400 0 "-" "-"
122.164.53.122 - - [25/Mar/2012:22:34:59 -0700] "-" 400 0 "-" "-"
74.125.126.82 - - [25/Mar/2012:22:35:34 -0700] "GET /favicon.ico HTTP/1.1" 404 142 "-" "-"
85.17.88.169 - - [25/Mar/2012:22:36:41 -0700] "POST /blog/wp-cron.php?doing_wp_cron=1332740002 HTTP/1.0" 499 0 "-" "WordPress/3.3.1; http://yuvi.in/blog"
141.0.10.52 - - [25/Mar/2012:22:36:41 -0700] "GET /blog/ HTTP/1.1" 200 9194 "http://www.google.com/m?q=yuvi&client=ms-opera-mini&channel=new" "Opera/9.80 (Series 60; Opera Mini/6.5.27354/27.1366; U; en) Presto/2.8.119 Version/11.10"
141.0.10.52 - - [25/Mar/2012:22:36:42 -0700] "GET /blog/wp-content/themes/cleanr/style.css HTTP/1.1" 200 10508 "http://yuvi.in/blog/" "Opera/9.80 (Series 60; Opera Mini/6.5.27354/27.1366; U; en) Presto/2.8.119 Version/11.10"
141.0.10.52 - - [25/Mar/2012:22:36:42 -0700] "GET /blog/wp-content/themes/cleanr/css/text.css HTTP/1.1" 200 420 "http://yuvi.in/blog/" "Opera/9.80 (Series 60; Opera Mini/6.5.27354/27.1366; U; en) Presto/2.8.119 Version/11.10"
141.0.10.52 - - [25/Mar/2012:22:36:42 -0700] "GET /blog/wp-content/themes/cleanr/css/reset.css HTTP/1.1" 200 648 "http://yuvi.in/blog/" "Opera/9.80 (Series 60; Opera Mini/6.5.27354/27.1366; U; en) Presto/2.8.119 Version/11.10"
141.0.10.52 - - [25/Mar/2012:22:36:42 -0700] "GET /blog/wp-content/themes/cleanr/css/960.css HTTP/1.1" 200 3628 "http://yuvi.in/blog/" "Opera/9.80 (Series 60; Opera Mini/6.5.27354/27.1366; U; en) Presto/2.8.119 Version/11.10"
141.0.10.52 - - [25/Mar/2012:22:36:42 -0700] "GET /blog/wp-includes/js/jquery/jquery.js?ver=1.7.1 HTTP/1.1" 200 93889 "http://yuvi.in/blog/" "Opera/9.80 (Series 60; Opera Mini/6.5.27354/27.1366; U; en) Presto/2.8.119 Version/11.10"
141.0.10.52 - - [25/Mar/2012:22:36:42 -0700] "GET /blog/wp-content/themes/cleanr/js/jquery.dropdown.js?ver=3.3.1 HTTP/1.1" 200 535 "http://yuvi.in/blog/" "Opera/9.80 (Series 60; Opera Mini/6.5.27354/27.1366; U; en) Presto/2.8.119 Version/11.10"
141.0.10.52 - - [25/Mar/2012:22:36:42 -0700] "GET /favicon.ico HTTP/1.1" 404 142 "http://yuvi.in/blog/" "Opera/9.80 (Series 60; Opera Mini/6.5.27354/27.1366; U; en) Presto/2.8.119 Version/11.10"
141.0.10.52 - - [25/Mar/2012:22:36:44 -0700] "GET /blog/wp-content/themes/cleanr/images/search_magnifier.gif HTTP/1.1" 200 394 "http://yuvi.in/blog/" "Opera/9.80 (Series 60; Opera Mini/6.5.27354/27.1366; U; en) Presto/2.8.119 Version/11.10"
207.46.204.210 - - [25/Mar/2012:22:37:26 -0700] "-" 400 0 "-" "-"
207.46.204.210 - - [25/Mar/2012:22:37:27 -0700] "-" 400 0 "-" "-"
207.46.204.210 - - [25/Mar/2012:22:37:27 -0700] "-" 400 0 "-" "-"
207.46.204.210 - - [25/Mar/2012:22:37:27 -0700] "-" 400 0 "-" "-"
207.46.204.210 - - [25/Mar/2012:22:37:27 -0700] "-" 400 0 "-" "-"
207.46.204.210 - - [25/Mar/2012:22:37:27 -0700] "-" 400 0 "-" "-"
207.46.204.210 - - [25/Mar/2012:22:37:27 -0700] "-" 400 0 "-" "-"
207.46.204.210 - - [25/Mar/2012:22:37:27 -0700] "-" 400 0 "-" "-"
207.46.204.210 - - [25/Mar/2012:22:37:27 -0700] "-" 400 0 "-" "-"
207.46.204.210 - - [25/Mar/2012:22:38:10 -0700] "-" 400 0 "-" "-"
207.46.204.210 - - [25/Mar/2012:22:38:10 -0700] "-" 400 0 "-" "-"
157.55.112.209 - - [25/Mar/2012:22:38:27 -0700] "-" 400 0 "-" "-"
157.55.112.209 - - [25/Mar/2012:22:38:29 -0700] "-" 400 0 "-" "-"
157.55.112.209 - - [25/Mar/2012:22:38:30 -0700] "-" 400 0 "-" "-"
157.55.112.209 - - [25/Mar/2012:22:38:30 -0700] "-" 400 0 "-" "-"
157.55.112.209 - - [25/Mar/2012:22:38:30 -0700] "-" 400 0 "-" "-"
157.55.112.209 - - [25/Mar/2012:22:38:35 -0700] "-" 400 0 "-" "-"
157.55.112.209 - - [25/Mar/2012:22:38:36 -0700] "-" 400 0 "-" "-"
157.55.112.209 - - [25/Mar/2012:22:38:36 -0700] "-" 400 0 "-" "-"
157.55.112.209 - - [25/Mar/2012:22:38:36 -0700] "-" 400 0 "-" "-"
157.55.112.209 - - [25/Mar/2012:22:38:37 -0700] "-" 400 0 "-" "-"
66.249.68.52 - - [25/Mar/2012:22:38:44 -0700] "GET /r/1zll HTTP/1.1" 301 257 "-" "Mozilla/5.0 (compatible; Googlebot/2.1; +http://www.google.com/bot.html)"
66.249.68.52 - - [25/Mar/2012:22:38:45 -0700] "GET /s/ta/1zll/ HTTP/1.1" 302 525 "-" "Mozilla/5.0 (compatible; Googlebot/2.1; +http://www.google.com/bot.html)"
157.55.112.209 - - [25/Mar/2012:22:39:10 -0700] "-" 400 0 "-" "-"
66.249.68.52 - - [25/Mar/2012:22:41:23 -0700] "GET /r/2q7i HTTP/1.1" 301 257 "-" "Mozilla/5.0 (compatible; Googlebot/2.1; +http://www.google.com/bot.html)"
66.249.68.52 - - [25/Mar/2012:22:41:24 -0700] "GET /s/ta/2q7i/ HTTP/1.1" 302 391 "-" "Mozilla/5.0 (compatible; Googlebot/2.1; +http://www.google.com/bot.html)"
85.17.88.169 - - [25/Mar/2012:22:41:49 -0700] "POST /blog/wp-cron.php?doing_wp_cron=1332740309 HTTP/1.0" 499 0 "-" "WordPress/3.3.1; http://yuvi.in/blog"
183.82.79.141 - - [25/Mar/2012:22:41:49 -0700] "GET /blog/feed/ HTTP/1.0" 304 0 "-" "FeedDemon/4.0 (http://www.feeddemon.com/; Microsoft Windows)"
218.213.137.21 - - [25/Mar/2012:22:43:02 -0700] "GET /robots.txt HTTP/1.1" 404 169 "-" "DoCoMo/2.0 P900i(c100;TB;W24H11) (compatible; ichiro/mobile goo; +http://help.goo.ne.jp/help/article/1142/)"
218.213.137.21 - - [25/Mar/2012:22:43:06 -0700] "GET /blog/ HTTP/1.1" 200 33214 "-" "DoCoMo/2.0 P900i(c100;TB;W24H11) (compatible; ichiro/mobile goo; +http://help.goo.ne.jp/help/article/1142/)"
66.249.68.52 - - [25/Mar/2012:22:44:10 -0700] "GET /r/h2e HTTP/1.1" 301 255 "-" "Mozilla/5.0 (compatible; Googlebot/2.1; +http://www.google.com/bot.html)"
66.249.68.52 - - [25/Mar/2012:22:44:11 -0700] "GET /s/ta/h2e/ HTTP/1.1" 302 585 "-" "Mozilla/5.0 (compatible; Googlebot/2.1; +http://www.google.com/bot.html)"
117.242.224.140 - - [25/Mar/2012:22:44:26 -0700] "GET /r/oyn HTTP/1.1" 404 199 "-" "Mozilla/4.0 (compatible; MSIE 8.0; Windows NT 5.1; Trident/4.0; InfoPath.2)"
117.242.224.140 - - [25/Mar/2012:22:45:01 -0700] "GET /r/oyn HTTP/1.1" 301 255 "-" "Mozilla/4.0 (compatible; MSIE 8.0; Windows NT 5.1; Trident/4.0; InfoPath.2)"
117.242.224.140 - - [25/Mar/2012:22:45:02 -0700] "GET /s/ta/oyn/ HTTP/1.1" 302 525 "-" "Mozilla/4.0 (compatible; MSIE 8.0; Windows NT 5.1; Trident/4.0; InfoPath.2)"
117.242.224.140 - - [25/Mar/2012:22:45:30 -0700] "GET /r/oyn HTTP/1.1" 404 199 "-" "Mozilla/4.0 (compatible; MSIE 8.0; Windows NT 5.1; Trident/4.0; InfoPath.2)"
