72.14.199.121 - - [28/Mar/2012:08:13:21 -0700] "GET /blog/feed HTTP/1.1" 301 0 "-" "Feedfetcher-Google; (+http://www.google.com/feedfetcher.html; 3 subscribers; feed-id=17684830852112633560)"
98.172.15.254 - - [28/Mar/2012:08:13:23 -0700] "GET /favicon.ico HTTP/1.1" 404 169 "-" "Caffeinated/1.1.1 CFNetwork/520.3.2 Darwin/11.3.0 (x86_64) (MacBookPro8%2C1)"
85.17.88.169 - - [28/Mar/2012:08:13:23 -0700] "POST /blog/wp-cron.php?doing_wp_cron=1332947384 HTTP/1.0" 499 0 "-" "WordPress/3.3.1; http://yuvi.in/blog"
72.14.199.121 - - [28/Mar/2012:08:13:23 -0700] "GET /blog/feed/ HTTP/1.1" 304 0 "-" "Feedfetcher-Google; (+http://www.google.com/feedfetcher.html; 3 subscribers; feed-id=17684830852112633560)"
85.17.88.169 - - [28/Mar/2012:08:13:49 -0700] "POST /blog/wp-cron.php?doing_wp_cron=1332947411 HTTP/1.0" 499 0 "-" "WordPress/3.3.1; http://yuvi.in/blog"
72.14.199.121 - - [28/Mar/2012:08:13:50 -0700] "GET /blog/feed/ HTTP/1.1" 304 0 "-" "Feedfetcher-Google; (+http://www.google.com/feedfetcher.html; 18 subscribers; feed-id=15064232456473204253)"
98.172.15.254 - - [28/Mar/2012:08:14:11 -0700] "GET / HTTP/1.1" 304 0 "-" "Caffeinated/1.1.1 CFNetwork/520.3.2 Darwin/11.3.0 (x86_64) (MacBookPro8%2C1)"
98.172.15.254 - - [28/Mar/2012:08:14:11 -0700] "GET /favicon.ico HTTP/1.1" 404 169 "-" "Caffeinated/1.1.1 CFNetwork/520.3.2 Darwin/11.3.0 (x86_64) (MacBookPro8%2C1)"
124.125.92.107 - - [28/Mar/2012:08:14:15 -0700] "-" 400 0 "-" "-"
98.172.15.254 - - [28/Mar/2012:08:14:44 -0700] "GET /favicon.ico HTTP/1.1" 404 169 "-" "Caffeinated/1.1.1 CFNetwork/520.3.2 Darwin/11.3.0 (x86_64) (MacBookPro8%2C1)"
98.172.15.254 - - [28/Mar/2012:08:15:37 -0700] "GET /favicon.ico HTTP/1.1" 404 169 "-" "Caffeinated/1.1.1 CFNetwork/520.3.2 Darwin/11.3.0 (x86_64) (MacBookPro8%2C1)"
124.43.109.22 - - [28/Mar/2012:08:16:00 -0700] "GET /r/26x HTTP/1.1" 301 255 "http://ta.wikipedia.org/wiki/%E0%AE%B5%E0%AE%BF%E0%AE%95%E0%AF%8D%E0%AE%95%E0%AE%BF%E0%AE%AA%E0%AF%8D%E0%AE%AA%E0%AF%80%E0%AE%9F%E0%AE%BF%E0%AE%AF%E0%AE%BE:%E0%AE%A4%E0%AE%AE%E0%AE%BF%E0%AE%B4%E0%AF%8D_%E0%AE%A4%E0%AE%9F%E0%AF%8D%E0%AE%9F%E0%AE%9A%E0%AF%8D%E0%AE%9A%E0%AF%81" "Opera/9.80 (Windows NT 5.1; U; en) Presto/2.10.229 Version/11.61"
124.43.109.22 - - [28/Mar/2012:08:16:01 -0700] "GET /s/ta/26x/ HTTP/1.1" 302 619 "http://ta.wikipedia.org/wiki/%E0%AE%B5%E0%AE%BF%E0%AE%95%E0%AF%8D%E0%AE%95%E0%AE%BF%E0%AE%AA%E0%AF%8D%E0%AE%AA%E0%AF%80%E0%AE%9F%E0%AE%BF%E0%AE%AF%E0%AE%BE:%E0%AE%A4%E0%AE%AE%E0%AE%BF%E0%AE%B4%E0%AF%8D_%E0%AE%A4%E0%AE%9F%E0%AF%8D%E0%AE%9F%E0%AE%9A%E0%AF%8D%E0%AE%9A%E0%AF%81" "Opera/9.80 (Windows NT 5.1; U; en) Presto/2.10.229 Version/11.61"
66.249.71.43 - - [28/Mar/2012:08:16:05 -0700] "GET /r/1nkh HTTP/1.1" 301 257 "-" "Mozilla/5.0 (compatible; Googlebot/2.1; +http://www.google.com/bot.html)"
66.249.71.43 - - [28/Mar/2012:08:16:06 -0700] "GET /s/ta/1nkh/ HTTP/1.1" 302 347 "-" "Mozilla/5.0 (compatible; Googlebot/2.1; +http://www.google.com/bot.html)"
98.172.15.254 - - [28/Mar/2012:08:16:13 -0700] "GET /favicon.ico HTTP/1.1" 404 169 "-" "Caffeinated/1.1.1 CFNetwork/520.3.2 Darwin/11.3.0 (x86_64) (MacBookPro8%2C1)"
85.17.88.169 - - [28/Mar/2012:08:16:13 -0700] "POST /blog/wp-cron.php?doing_wp_cron=1332947555 HTTP/1.0" 499 0 "-" "WordPress/3.3.1; http://yuvi.in/blog"
46.251.228.222 - - [28/Mar/2012:08:16:14 -0700] "GET /blog/greatest-fear-flash-fade/ HTTP/1.0" 200 18010 "http://yuvi.in/blog/greatest-fear-flash-fade/" "Mozilla/4.0 (compatible; MSIE 6.0; Windows NT 5.0; T312461)"
209.85.224.90 - - [28/Mar/2012:08:16:36 -0700] "GET /stories/feed HTTP/1.1" 200 13653 "-" "FeedBurner/1.0 (http://www.FeedBurner.com)"
98.172.15.254 - - [28/Mar/2012:08:17:03 -0700] "GET /favicon.ico HTTP/1.1" 404 169 "-" "Caffeinated/1.1.1 CFNetwork/520.3.2 Darwin/11.3.0 (x86_64) (MacBookPro8%2C1)"
98.172.15.254 - - [28/Mar/2012:08:17:43 -0700] "GET /favicon.ico HTTP/1.1" 404 169 "-" "Caffeinated/1.1.1 CFNetwork/520.3.2 Darwin/11.3.0 (x86_64) (MacBookPro8%2C1)"
98.172.15.254 - - [28/Mar/2012:08:18:26 -0700] "GET /favicon.ico HTTP/1.1" 404 169 "-" "Caffeinated/1.1.1 CFNetwork/520.3.2 Darwin/11.3.0 (x86_64) (MacBookPro8%2C1)"
66.249.71.43 - - [28/Mar/2012:08:18:37 -0700] "GET /r/33gn HTTP/1.1" 301 257 "-" "Mozilla/5.0 (compatible; Googlebot/2.1; +http://www.google.com/bot.html)"
66.249.71.43 - - [28/Mar/2012:08:18:38 -0700] "GET /s/ta/33gn/ HTTP/1.1" 302 397 "-" "Mozilla/5.0 (compatible; Googlebot/2.1; +http://www.google.com/bot.html)"
98.172.15.254 - - [28/Mar/2012:08:19:09 -0700] "GET /favicon.ico HTTP/1.1" 404 169 "-" "Caffeinated/1.1.1 CFNetwork/520.3.2 Darwin/11.3.0 (x86_64) (MacBookPro8%2C1)"
98.172.15.254 - - [28/Mar/2012:08:19:54 -0700] "GET / HTTP/1.1" 304 0 "-" "Caffeinated/1.1.1 CFNetwork/520.3.2 Darwin/11.3.0 (x86_64) (MacBookPro8%2C1)"
98.172.15.254 - - [28/Mar/2012:08:19:54 -0700] "GET /favicon.ico HTTP/1.1" 404 169 "-" "Caffeinated/1.1.1 CFNetwork/520.3.2 Darwin/11.3.0 (x86_64) (MacBookPro8%2C1)"
98.172.15.254 - - [28/Mar/2012:08:20:46 -0700] "GET /favicon.ico HTTP/1.1" 404 169 "-" "Caffeinated/1.1.1 CFNetwork/520.3.2 Darwin/11.3.0 (x86_64) (MacBookPro8%2C1)"
66.249.71.43 - - [28/Mar/2012:08:21:10 -0700] "GET /r/2h0c HTTP/1.1" 301 257 "-" "Mozilla/5.0 (compatible; Googlebot/2.1; +http://www.google.com/bot.html)"
66.249.71.43 - - [28/Mar/2012:08:21:11 -0700] "GET /s/ta/2h0c/ HTTP/1.1" 302 485 "-" "Mozilla/5.0 (compatible; Googlebot/2.1; +http://www.google.com/bot.html)"
207.241.237.237 - - [28/Mar/2012:08:21:18 -0700] "GET /robots.txt HTTP/1.0" 404 238 "-" "Mozilla/5.0 (compatible; archive.org_bot +http://www.archive.org/details/archive.org_bot)"
98.172.15.254 - - [28/Mar/2012:08:21:24 -0700] "GET /favicon.ico HTTP/1.1" 404 169 "-" "Caffeinated/1.1.1 CFNetwork/520.3.2 Darwin/11.3.0 (x86_64) (MacBookPro8%2C1)"
207.241.237.237 - - [28/Mar/2012:08:21:29 -0700] "GET /s/ta/2wz/ HTTP/1.0" 302 421 "-" "Mozilla/5.0 (compatible; archive.org_bot +http://www.archive.org/details/archive.org_bot)"
117.254.137.249 - - [28/Mar/2012:08:21:46 -0700] "-" 400 0 "-" "-"
98.172.15.254 - - [28/Mar/2012:08:22:13 -0700] "GET /favicon.ico HTTP/1.1" 404 169 "-" "Caffeinated/1.1.1 CFNetwork/520.3.2 Darwin/11.3.0 (x86_64) (MacBookPro8%2C1)"
101.212.41.231 - - [28/Mar/2012:08:22:33 -0700] "-" 400 0 "-" "-"
98.172.15.254 - - [28/Mar/2012:08:22:55 -0700] "GET /favicon.ico HTTP/1.1" 404 169 "-" "Caffeinated/1.1.1 CFNetwork/520.3.2 Darwin/11.3.0 (x86_64) (MacBookPro8%2C1)"
157.55.112.204 - - [28/Mar/2012:08:23:00 -0700] "-" 400 0 "-" "-"
157.55.112.204 - - [28/Mar/2012:08:23:02 -0700] "-" 400 0 "-" "-"
157.55.112.204 - - [28/Mar/2012:08:23:02 -0700] "-" 400 0 "-" "-"
157.55.112.204 - - [28/Mar/2012:08:23:02 -0700] "-" 400 0 "-" "-"
157.55.112.204 - - [28/Mar/2012:08:23:02 -0700] "-" 400 0 "-" "-"
157.55.112.204 - - [28/Mar/2012:08:23:04 -0700] "-" 400 0 "-" "-"
157.55.112.204 - - [28/Mar/2012:08:23:04 -0700] "-" 400 0 "-" "-"
157.55.112.204 - - [28/Mar/2012:08:23:05 -0700] "-" 400 0 "-" "-"
157.55.112.204 - - [28/Mar/2012:08:23:06 -0700] "-" 400 0 "-" "-"
157.55.112.204 - - [28/Mar/2012:08:23:06 -0700] "-" 400 0 "-" "-"
157.55.112.204 - - [28/Mar/2012:08:23:21 -0700] "-" 400 0 "-" "-"
98.172.15.254 - - [28/Mar/2012:08:23:40 -0700] "GET /favicon.ico HTTP/1.1" 404 169 "-" "Caffeinated/1.1.1 CFNetwork/520.3.2 Darwin/11.3.0 (x86_64) (MacBookPro8%2C1)"
66.249.71.43 - - [28/Mar/2012:08:23:42 -0700] "GET /r/2je6 HTTP/1.1" 301 257 "-" "Mozilla/5.0 (compatible; Googlebot/2.1; +http://www.google.com/bot.html)"
66.249.71.43 - - [28/Mar/2012:08:23:43 -0700] "GET /s/ta/2je6/ HTTP/1.1" 302 653 "-" "Mozilla/5.0 (compatible; Googlebot/2.1; +http://www.google.com/bot.html)"
101.212.41.231 - - [28/Mar/2012:08:24:04 -0700] "-" 400 0 "-" "-"
98.172.15.254 - - [28/Mar/2012:08:24:27 -0700] "GET /favicon.ico HTTP/1.1" 404 169 "-" "Caffeinated/1.1.1 CFNetwork/520.3.2 Darwin/11.3.0 (x86_64) (MacBookPro8%2C1)"
117.254.137.249 - - [28/Mar/2012:08:24:46 -0700] "-" 400 0 "-" "-"
69.171.228.245 - - [28/Mar/2012:08:25:03 -0700] "GET /r/1eg5 HTTP/1.1" 301 257 "-" "facebookexternalhit/1.1 (+http://www.facebook.com/externalhit_uatext.php)"
69.171.228.244 - - [28/Mar/2012:08:25:03 -0700] "GET /s/ta/1eg5/ HTTP/1.1" 302 337 "-" "facebookexternalhit/1.1 (+http://www.facebook.com/externalhit_uatext.php)"
98.172.15.254 - - [28/Mar/2012:08:25:08 -0700] "GET / HTTP/1.1" 304 0 "-" "Caffeinated/1.1.1 CFNetwork/520.3.2 Darwin/11.3.0 (x86_64) (MacBookPro8%2C1)"
98.172.15.254 - - [28/Mar/2012:08:25:08 -0700] "GET /favicon.ico HTTP/1.1" 404 169 "-" "Caffeinated/1.1.1 CFNetwork/520.3.2 Darwin/11.3.0 (x86_64) (MacBookPro8%2C1)"
101.212.41.231 - - [28/Mar/2012:08:25:18 -0700] "-" 400 0 "-" "-"
117.254.137.249 - - [28/Mar/2012:08:25:36 -0700] "-" 400 0 "-" "-"
98.172.15.254 - - [28/Mar/2012:08:25:56 -0700] "GET /favicon.ico HTTP/1.1" 404 169 "-" "Caffeinated/1.1.1 CFNetwork/520.3.2 Darwin/11.3.0 (x86_64) (MacBookPro8%2C1)"
85.17.88.169 - - [28/Mar/2012:08:26:16 -0700] "POST /blog/wp-cron.php?doing_wp_cron=1332948158 HTTP/1.0" 499 0 "-" "WordPress/3.3.1; http://yuvi.in/blog"
66.249.71.13 - - [28/Mar/2012:08:26:17 -0700] "GET /blog/college-drop/ HTTP/1.1" 200 4914 "-" "Mozilla/5.0 (compatible; Googlebot/2.1; +http://www.google.com/bot.html)"
98.172.15.254 - - [28/Mar/2012:08:27:12 -0700] "GET /favicon.ico HTTP/1.1" 404 169 "-" "Caffeinated/1.1.1 CFNetwork/520.3.2 Darwin/11.3.0 (x86_64) (MacBookPro8%2C1)"
117.193.250.127 - - [28/Mar/2012:08:27:36 -0700] "-" 400 0 "-" "-"
98.172.15.254 - - [28/Mar/2012:08:28:03 -0700] "GET /favicon.ico HTTP/1.1" 404 169 "-" "Caffeinated/1.1.1 CFNetwork/520.3.2 Darwin/11.3.0 (x86_64) (MacBookPro8%2C1)"
117.216.46.145 - - [28/Mar/2012:08:28:18 -0700] "-" 400 0 "-" "-"
207.46.204.210 - - [28/Mar/2012:08:28:24 -0700] "-" 400 0 "-" "-"
207.46.204.210 - - [28/Mar/2012:08:28:26 -0700] "-" 400 0 "-" "-"
207.46.204.210 - - [28/Mar/2012:08:28:27 -0700] "-" 400 0 "-" "-"
207.46.204.210 - - [28/Mar/2012:08:28:27 -0700] "-" 400 0 "-" "-"
207.46.204.210 - - [28/Mar/2012:08:28:28 -0700] "-" 400 0 "-" "-"
207.46.204.210 - - [28/Mar/2012:08:28:29 -0700] "-" 400 0 "-" "-"
207.46.204.210 - - [28/Mar/2012:08:28:30 -0700] "-" 400 0 "-" "-"
207.46.204.210 - - [28/Mar/2012:08:28:30 -0700] "-" 400 0 "-" "-"
207.46.204.210 - - [28/Mar/2012:08:28:31 -0700] "-" 400 0 "-" "-"
207.46.204.210 - - [28/Mar/2012:08:28:31 -0700] "-" 400 0 "-" "-"
98.172.15.254 - - [28/Mar/2012:08:28:45 -0700] "GET /favicon.ico HTTP/1.1" 404 169 "-" "Caffeinated/1.1.1 CFNetwork/520.3.2 Darwin/11.3.0 (x86_64) (MacBookPro8%2C1)"
98.172.15.254 - - [28/Mar/2012:08:29:36 -0700] "GET /favicon.ico HTTP/1.1" 404 169 "-" "Caffeinated/1.1.1 CFNetwork/520.3.2 Darwin/11.3.0 (x86_64) (MacBookPro8%2C1)"
98.172.15.254 - - [28/Mar/2012:08:30:15 -0700] "GET / HTTP/1.1" 304 0 "-" "Caffeinated/1.1.1 CFNetwork/520.3.2 Darwin/11.3.0 (x86_64) (MacBookPro8%2C1)"
98.172.15.254 - - [28/Mar/2012:08:30:15 -0700] "GET /favicon.ico HTTP/1.1" 404 169 "-" "Caffeinated/1.1.1 CFNetwork/520.3.2 Darwin/11.3.0 (x86_64) (MacBookPro8%2C1)"
117.202.146.172 - - [28/Mar/2012:08:31:00 -0700] "-" 400 0 "-" "-"
117.202.146.172 - - [28/Mar/2012:08:31:00 -0700] "-" 400 0 "-" "-"
117.202.146.172 - - [28/Mar/2012:08:31:00 -0700] "-" 400 0 "-" "-"
117.202.146.172 - - [28/Mar/2012:08:31:00 -0700] "-" 400 0 "-" "-"
117.202.146.172 - - [28/Mar/2012:08:31:00 -0700] "-" 400 0 "-" "-"
98.172.15.254 - - [28/Mar/2012:08:31:05 -0700] "GET /favicon.ico HTTP/1.1" 404 169 "-" "Caffeinated/1.1.1 CFNetwork/520.3.2 Darwin/11.3.0 (x86_64) (MacBookPro8%2C1)"
66.249.71.43 - - [28/Mar/2012:08:31:19 -0700] "GET /r/ktk HTTP/1.1" 301 255 "-" "Mozilla/5.0 (compatible; Googlebot/2.1; +http://www.google.com/bot.html)"
66.249.71.43 - - [28/Mar/2012:08:31:21 -0700] "GET /s/ta/ktk/ HTTP/1.1" 302 485 "-" "Mozilla/5.0 (compatible; Googlebot/2.1; +http://www.google.com/bot.html)"
117.202.146.172 - - [28/Mar/2012:08:31:30 -0700] "-" 400 0 "-" "-"
98.172.15.254 - - [28/Mar/2012:08:31:44 -0700] "GET /favicon.ico HTTP/1.1" 404 169 "-" "Caffeinated/1.1.1 CFNetwork/520.3.2 Darwin/11.3.0 (x86_64) (MacBookPro8%2C1)"
85.17.88.169 - - [28/Mar/2012:08:32:01 -0700] "POST /blog/wp-cron.php?doing_wp_cron=1332948502 HTTP/1.0" 499 0 "-" "WordPress/3.3.1; http://yuvi.in/blog"
219.94.224.189 - - [28/Mar/2012:08:32:02 -0700] "GET /blog/2012/03/ HTTP/1.0" 200 14766 "http://dominateseowithwordpress.com" "Mozilla/5.0 (X11; U; Linux i686; it-IT; rv:1.9.0.2) Gecko/2008092313 Ubuntu/9.25 (jaunty) Firefox/3.8"
117.202.146.172 - - [28/Mar/2012:08:32:10 -0700] "-" 400 0 "-" "-"
117.202.146.172 - - [28/Mar/2012:08:32:10 -0700] "-" 400 0 "-" "-"
117.202.146.172 - - [28/Mar/2012:08:32:10 -0700] "-" 400 0 "-" "-"
117.202.146.172 - - [28/Mar/2012:08:32:10 -0700] "-" 400 0 "-" "-"
117.202.146.172 - - [28/Mar/2012:08:32:10 -0700] "-" 400 0 "-" "-"
98.172.15.254 - - [28/Mar/2012:08:32:31 -0700] "GET /favicon.ico HTTP/1.1" 404 169 "-" "Caffeinated/1.1.1 CFNetwork/520.3.2 Darwin/11.3.0 (x86_64) (MacBookPro8%2C1)"
117.202.146.172 - - [28/Mar/2012:08:32:40 -0700] "-" 400 0 "-" "-"
117.202.146.172 - - [28/Mar/2012:08:32:40 -0700] "-" 400 0 "-" "-"
117.202.146.172 - - [28/Mar/2012:08:32:40 -0700] "-" 400 0 "-" "-"
117.202.146.172 - - [28/Mar/2012:08:32:40 -0700] "-" 400 0 "-" "-"
98.172.15.254 - - [28/Mar/2012:08:33:15 -0700] "GET /favicon.ico HTTP/1.1" 404 169 "-" "Caffeinated/1.1.1 CFNetwork/520.3.2 Darwin/11.3.0 (x86_64) (MacBookPro8%2C1)"
122.164.34.77 - - [28/Mar/2012:08:33:34 -0700] "-" 400 0 "-" "-"
66.249.71.43 - - [28/Mar/2012:08:33:52 -0700] "GET /r/dx1 HTTP/1.1" 301 255 "-" "Mozilla/5.0 (compatible; Googlebot/2.1; +http://www.google.com/bot.html)"
66.249.71.43 - - [28/Mar/2012:08:33:53 -0700] "GET /s/ta/dx1/ HTTP/1.1" 302 553 "-" "Mozilla/5.0 (compatible; Googlebot/2.1; +http://www.google.com/bot.html)"
98.172.15.254 - - [28/Mar/2012:08:33:58 -0700] "GET /favicon.ico HTTP/1.1" 404 169 "-" "Caffeinated/1.1.1 CFNetwork/520.3.2 Darwin/11.3.0 (x86_64) (MacBookPro8%2C1)"
101.212.41.231 - - [28/Mar/2012:08:34:35 -0700] "-" 400 0 "-" "-"
59.92.55.154 - - [28/Mar/2012:08:34:44 -0700] "GET / HTTP/1.1" 200 1430 "http://www.google.co.in/url?sa=t&rct=j&q=yuvi%20panda&source=web&cd=1&ved=0CCQQFjAA&url=http%3A%2F%2Fyuvi.in%2F&ei=tS5zT6HAC8G4rAen4LTPDQ&usg=AFQjCNGCp_KinRzG9gFsQqxb60Cy8lsxnA" "Mozilla/5.0 (Windows NT 6.2; WOW64) AppleWebKit/535.11 (KHTML, like Gecko) Chrome/17.0.963.83 Safari/535.11"
59.92.55.154 - - [28/Mar/2012:08:34:45 -0700] "GET /blueprint/screen.css HTTP/1.1" 200 12058 "http://yuvi.in/" "Mozilla/5.0 (Windows NT 6.2; WOW64) AppleWebKit/535.11 (KHTML, like Gecko) Chrome/17.0.963.83 Safari/535.11"
98.172.15.254 - - [28/Mar/2012:08:34:47 -0700] "GET /favicon.ico HTTP/1.1" 404 169 "-" "Caffeinated/1.1.1 CFNetwork/520.3.2 Darwin/11.3.0 (x86_64) (MacBookPro8%2C1)"
59.92.55.154 - - [28/Mar/2012:08:34:58 -0700] "-" 400 0 "-" "-"
186.215.255.196 - - [28/Mar/2012:08:35:25 -0700] "GET /blog/ HTTP/1.1" 200 9194 "" "Mozilla/4.0 (compatible; MSIE 7.0; Windows NT 5.1; SV1; .NET CLR 2.0.50727)"
98.172.15.254 - - [28/Mar/2012:08:35:27 -0700] "GET / HTTP/1.1" 304 0 "-" "Caffeinated/1.1.1 CFNetwork/520.3.2 Darwin/11.3.0 (x86_64) (MacBookPro8%2C1)"
98.172.15.254 - - [28/Mar/2012:08:35:27 -0700] "GET /favicon.ico HTTP/1.1" 404 169 "-" "Caffeinated/1.1.1 CFNetwork/520.3.2 Darwin/11.3.0 (x86_64) (MacBookPro8%2C1)"
85.17.88.169 - - [28/Mar/2012:08:35:30 -0700] "POST /blog/wp-cron.php?doing_wp_cron=1332948711 HTTP/1.0" 499 0 "-" "WordPress/3.3.1; http://yuvi.in/blog"
203.142.64.90 - - [28/Mar/2012:08:35:30 -0700] "GET /blog/index.html HTTP/1.1" 404 3016 "" "Mozilla/4.0 (compatible; MSIE 7.0; Windows NT 5.1; SV1; .NET CLR 2.0.50727)"
85.17.88.169 - - [28/Mar/2012:08:36:02 -0700] "POST /blog/wp-cron.php?doing_wp_cron=1332948743 HTTP/1.0" 499 0 "-" "WordPress/3.3.1; http://yuvi.in/blog"
183.82.73.17 - - [28/Mar/2012:08:36:02 -0700] "GET /blog/feed/ HTTP/1.0" 304 0 "-" "FeedDemon/4.0 (http://www.feeddemon.com/; Microsoft Windows)"
98.172.15.254 - - [28/Mar/2012:08:36:20 -0700] "GET /favicon.ico HTTP/1.1" 404 169 "-" "Caffeinated/1.1.1 CFNetwork/520.3.2 Darwin/11.3.0 (x86_64) (MacBookPro8%2C1)"
66.249.71.43 - - [28/Mar/2012:08:36:24 -0700] "GET /r/2wz HTTP/1.1" 301 255 "-" "Mozilla/5.0 (compatible; Googlebot/2.1; +http://www.google.com/bot.html)"
66.249.71.43 - - [28/Mar/2012:08:36:25 -0700] "GET /s/ta/2wz/ HTTP/1.1" 302 421 "-" "Mozilla/5.0 (compatible; Googlebot/2.1; +http://www.google.com/bot.html)"
59.92.55.154 - - [28/Mar/2012:08:36:42 -0700] "GET /header.png HTTP/1.1" 200 14249 "http://yuvi.in/" "Mozilla/5.0 (Windows NT 6.2; WOW64) AppleWebKit/535.11 (KHTML, like Gecko) Chrome/17.0.963.83 Safari/535.11"
98.172.15.254 - - [28/Mar/2012:08:36:50 -0700] "GET /favicon.ico HTTP/1.1" 404 169 "-" "Caffeinated/1.1.1 CFNetwork/520.3.2 Darwin/11.3.0 (x86_64) (MacBookPro8%2C1)"
59.92.55.154 - - [28/Mar/2012:08:36:56 -0700] "-" 400 0 "-" "-"
117.193.84.229 - - [28/Mar/2012:08:37:04 -0700] "-" 400 0 "-" "-"
59.92.55.154 - - [28/Mar/2012:08:37:07 -0700] "GET /blueprint/print.css HTTP/1.1" 200 1284 "http://yuvi.in/" "Mozilla/5.0 (Windows NT 6.2; WOW64) AppleWebKit/535.11 (KHTML, like Gecko) Chrome/17.0.963.83 Safari/535.11"
59.92.55.154 - - [28/Mar/2012:08:37:08 -0700] "GET /favicon.ico HTTP/1.1" 404 199 "-" "Mozilla/5.0 (Windows NT 6.2; WOW64) AppleWebKit/535.11 (KHTML, like Gecko) Chrome/17.0.963.83 Safari/535.11"
117.193.84.229 - - [28/Mar/2012:08:37:42 -0700] "-" 400 0 "-" "-"
98.172.15.254 - - [28/Mar/2012:08:37:47 -0700] "GET /favicon.ico HTTP/1.1" 404 169 "-" "Caffeinated/1.1.1 CFNetwork/520.3.2 Darwin/11.3.0 (x86_64) (MacBookPro8%2C1)"
117.193.84.229 - - [28/Mar/2012:08:37:52 -0700] "-" 400 0 "-" "-"
117.193.84.229 - - [28/Mar/2012:08:37:53 -0700] "-" 400 0 "-" "-"
98.172.15.254 - - [28/Mar/2012:08:38:19 -0700] "GET /favicon.ico HTTP/1.1" 404 169 "-" "Caffeinated/1.1.1 CFNetwork/520.3.2 Darwin/11.3.0 (x86_64) (MacBookPro8%2C1)"
98.172.15.254 - - [28/Mar/2012:08:39:18 -0700] "GET /favicon.ico HTTP/1.1" 404 169 "-" "Caffeinated/1.1.1 CFNetwork/520.3.2 Darwin/11.3.0 (x86_64) (MacBookPro8%2C1)"
98.172.15.254 - - [28/Mar/2012:08:39:52 -0700] "GET /favicon.ico HTTP/1.1" 404 169 "-" "Caffeinated/1.1.1 CFNetwork/520.3.2 Darwin/11.3.0 (x86_64) (MacBookPro8%2C1)"
98.172.15.254 - - [28/Mar/2012:08:40:50 -0700] "GET / HTTP/1.1" 304 0 "-" "Caffeinated/1.1.1 CFNetwork/520.3.2 Darwin/11.3.0 (x86_64) (MacBookPro8%2C1)"
98.172.15.254 - - [28/Mar/2012:08:40:50 -0700] "GET /favicon.ico HTTP/1.1" 404 169 "-" "Caffeinated/1.1.1 CFNetwork/520.3.2 Darwin/11.3.0 (x86_64) (MacBookPro8%2C1)"
98.172.15.254 - - [28/Mar/2012:08:41:19 -0700] "GET /favicon.ico HTTP/1.1" 404 169 "-" "Caffeinated/1.1.1 CFNetwork/520.3.2 Darwin/11.3.0 (x86_64) (MacBookPro8%2C1)"
141.0.9.223 - - [28/Mar/2012:08:41:21 -0700] "-" 400 0 "-" "-"
66.249.71.43 - - [28/Mar/2012:08:41:29 -0700] "GET /s/ta/1y92/ HTTP/1.1" 302 355 "-" "Mozilla/5.0 (compatible; Googlebot/2.1; +http://www.google.com/bot.html)"
122.164.34.77 - - [28/Mar/2012:08:41:34 -0700] "-" 400 0 "-" "-"
98.172.15.254 - - [28/Mar/2012:08:42:16 -0700] "GET /favicon.ico HTTP/1.1" 404 169 "-" "Caffeinated/1.1.1 CFNetwork/520.3.2 Darwin/11.3.0 (x86_64) (MacBookPro8%2C1)"
85.17.88.169 - - [28/Mar/2012:08:42:17 -0700] "POST /blog/wp-cron.php?doing_wp_cron=1332949119 HTTP/1.0" 499 0 "-" "WordPress/3.3.1; http://yuvi.in/blog"
209.85.224.87 - - [28/Mar/2012:08:42:18 -0700] "GET /blog/feed HTTP/1.1" 304 0 "-" "FeedBurner/1.0 (http://www.FeedBurner.com)"
69.171.234.2 - - [28/Mar/2012:08:42:40 -0700] "GET /r/fmf HTTP/1.1" 301 255 "-" "facebookexternalhit/1.1 (+http://www.facebook.com/externalhit_uatext.php)"
69.171.234.2 - - [28/Mar/2012:08:42:40 -0700] "GET /s/ta/fmf/ HTTP/1.1" 302 349 "-" "facebookexternalhit/1.1 (+http://www.facebook.com/externalhit_uatext.php)"
98.172.15.254 - - [28/Mar/2012:08:42:52 -0700] "GET /favicon.ico HTTP/1.1" 404 169 "-" "Caffeinated/1.1.1 CFNetwork/520.3.2 Darwin/11.3.0 (x86_64) (MacBookPro8%2C1)"
123.238.239.19 - - [28/Mar/2012:08:42:53 -0700] "-" 400 0 "-" "-"
123.238.239.19 - - [28/Mar/2012:08:43:13 -0700] "-" 400 0 "-" "-"
157.56.80.74 - - [28/Mar/2012:08:43:14 -0700] "-" 400 0 "-" "-"
157.56.80.74 - - [28/Mar/2012:08:43:14 -0700] "-" 400 0 "-" "-"
157.56.80.74 - - [28/Mar/2012:08:43:14 -0700] "-" 400 0 "-" "-"
157.56.80.74 - - [28/Mar/2012:08:43:18 -0700] "-" 400 0 "-" "-"
157.56.80.74 - - [28/Mar/2012:08:43:19 -0700] "-" 400 0 "-" "-"
157.56.80.74 - - [28/Mar/2012:08:43:19 -0700] "-" 400 0 "-" "-"
157.56.80.74 - - [28/Mar/2012:08:43:19 -0700] "-" 400 0 "-" "-"
157.56.80.74 - - [28/Mar/2012:08:43:21 -0700] "-" 400 0 "-" "-"
157.56.80.74 - - [28/Mar/2012:08:43:21 -0700] "-" 400 0 "-" "-"
157.56.80.74 - - [28/Mar/2012:08:43:21 -0700] "-" 400 0 "-" "-"
157.56.80.74 - - [28/Mar/2012:08:43:22 -0700] "-" 400 0 "-" "-"
157.56.80.74 - - [28/Mar/2012:08:43:22 -0700] "-" 400 0 "-" "-"
123.238.239.19 - - [28/Mar/2012:08:43:53 -0700] "-" 400 0 "-" "-"
98.172.15.254 - - [28/Mar/2012:08:43:54 -0700] "GET /favicon.ico HTTP/1.1" 404 169 "-" "Caffeinated/1.1.1 CFNetwork/520.3.2 Darwin/11.3.0 (x86_64) (MacBookPro8%2C1)"
123.238.239.19 - - [28/Mar/2012:08:44:33 -0700] "-" 400 0 "-" "-"
207.46.204.215 - - [28/Mar/2012:08:44:42 -0700] "-" 400 0 "-" "-"
207.46.204.215 - - [28/Mar/2012:08:44:44 -0700] "-" 400 0 "-" "-"
207.46.204.215 - - [28/Mar/2012:08:44:44 -0700] "-" 400 0 "-" "-"
207.46.204.215 - - [28/Mar/2012:08:44:45 -0700] "-" 400 0 "-" "-"
207.46.204.215 - - [28/Mar/2012:08:44:45 -0700] "-" 400 0 "-" "-"
207.46.204.215 - - [28/Mar/2012:08:44:45 -0700] "-" 400 0 "-" "-"
207.46.204.215 - - [28/Mar/2012:08:44:47 -0700] "-" 400 0 "-" "-"
207.46.204.215 - - [28/Mar/2012:08:44:47 -0700] "-" 400 0 "-" "-"
207.46.204.215 - - [28/Mar/2012:08:44:47 -0700] "-" 400 0 "-" "-"
207.46.204.215 - - [28/Mar/2012:08:44:47 -0700] "-" 400 0 "-" "-"
98.172.15.254 - - [28/Mar/2012:08:44:54 -0700] "GET /favicon.ico HTTP/1.1" 404 169 "-" "Caffeinated/1.1.1 CFNetwork/520.3.2 Darwin/11.3.0 (x86_64) (MacBookPro8%2C1)"
98.172.15.254 - - [28/Mar/2012:08:45:29 -0700] "GET /favicon.ico HTTP/1.1" 404 169 "-" "Caffeinated/1.1.1 CFNetwork/520.3.2 Darwin/11.3.0 (x86_64) (MacBookPro8%2C1)"
98.172.15.254 - - [28/Mar/2012:08:46:24 -0700] "GET / HTTP/1.1" 304 0 "-" "Caffeinated/1.1.1 CFNetwork/520.3.2 Darwin/11.3.0 (x86_64) (MacBookPro8%2C1)"
98.172.15.254 - - [28/Mar/2012:08:46:24 -0700] "GET /favicon.ico HTTP/1.1" 404 169 "-" "Caffeinated/1.1.1 CFNetwork/520.3.2 Darwin/11.3.0 (x86_64) (MacBookPro8%2C1)"
98.172.15.254 - - [28/Mar/2012:08:46:56 -0700] "GET /favicon.ico HTTP/1.1" 404 169 "-" "Caffeinated/1.1.1 CFNetwork/520.3.2 Darwin/11.3.0 (x86_64) (MacBookPro8%2C1)"
98.172.15.254 - - [28/Mar/2012:08:47:53 -0700] "GET /favicon.ico HTTP/1.1" 404 169 "-" "Caffeinated/1.1.1 CFNetwork/520.3.2 Darwin/11.3.0 (x86_64) (MacBookPro8%2C1)"
98.172.15.254 - - [28/Mar/2012:08:48:25 -0700] "GET /favicon.ico HTTP/1.1" 404 169 "-" "Caffeinated/1.1.1 CFNetwork/520.3.2 Darwin/11.3.0 (x86_64) (MacBookPro8%2C1)"
66.249.71.43 - - [28/Mar/2012:08:49:06 -0700] "GET /r/2gdy HTTP/1.1" 301 257 "-" "Mozilla/5.0 (compatible; Googlebot/2.1; +http://www.google.com/bot.html)"
66.249.71.43 - - [28/Mar/2012:08:49:08 -0700] "GET /s/ta/2gdy/ HTTP/1.1" 302 445 "-" "Mozilla/5.0 (compatible; Googlebot/2.1; +http://www.google.com/bot.html)"
98.172.15.254 - - [28/Mar/2012:08:49:19 -0700] "GET /favicon.ico HTTP/1.1" 404 169 "-" "Caffeinated/1.1.1 CFNetwork/520.3.2 Darwin/11.3.0 (x86_64) (MacBookPro8%2C1)"
141.0.9.223 - - [28/Mar/2012:08:49:28 -0700] "-" 400 0 "-" "-"
98.172.15.254 - - [28/Mar/2012:08:49:52 -0700] "GET /favicon.ico HTTP/1.1" 404 169 "-" "Caffeinated/1.1.1 CFNetwork/520.3.2 Darwin/11.3.0 (x86_64) (MacBookPro8%2C1)"
98.172.15.254 - - [28/Mar/2012:08:50:47 -0700] "GET /favicon.ico HTTP/1.1" 404 169 "-" "Caffeinated/1.1.1 CFNetwork/520.3.2 Darwin/11.3.0 (x86_64) (MacBookPro8%2C1)"
141.0.9.223 - - [28/Mar/2012:08:51:07 -0700] "-" 400 0 "-" "-"
98.172.15.254 - - [28/Mar/2012:08:51:20 -0700] "GET /favicon.ico HTTP/1.1" 404 169 "-" "Caffeinated/1.1.1 CFNetwork/520.3.2 Darwin/11.3.0 (x86_64) (MacBookPro8%2C1)"
98.172.15.254 - - [28/Mar/2012:08:52:14 -0700] "GET / HTTP/1.1" 304 0 "-" "Caffeinated/1.1.1 CFNetwork/520.3.2 Darwin/11.3.0 (x86_64) (MacBookPro8%2C1)"
98.172.15.254 - - [28/Mar/2012:08:52:15 -0700] "GET /favicon.ico HTTP/1.1" 404 169 "-" "Caffeinated/1.1.1 CFNetwork/520.3.2 Darwin/11.3.0 (x86_64) (MacBookPro8%2C1)"
117.193.250.127 - - [28/Mar/2012:08:52:18 -0700] "-" 400 0 "-" "-"
98.172.15.254 - - [28/Mar/2012:08:52:46 -0700] "GET /favicon.ico HTTP/1.1" 404 169 "-" "Caffeinated/1.1.1 CFNetwork/520.3.2 Darwin/11.3.0 (x86_64) (MacBookPro8%2C1)"
98.172.15.254 - - [28/Mar/2012:08:53:47 -0700] "GET /favicon.ico HTTP/1.1" 404 169 "-" "Caffeinated/1.1.1 CFNetwork/520.3.2 Darwin/11.3.0 (x86_64) (MacBookPro8%2C1)"
66.249.71.43 - - [28/Mar/2012:08:54:11 -0700] "GET /r/h2m HTTP/1.1" 301 255 "-" "Mozilla/5.0 (compatible; Googlebot/2.1; +http://www.google.com/bot.html)"
66.249.71.43 - - [28/Mar/2012:08:54:12 -0700] "GET /s/ta/h2m/ HTTP/1.1" 302 425 "-" "Mozilla/5.0 (compatible; Googlebot/2.1; +http://www.google.com/bot.html)"
98.172.15.254 - - [28/Mar/2012:08:54:28 -0700] "GET /favicon.ico HTTP/1.1" 404 169 "-" "Caffeinated/1.1.1 CFNetwork/520.3.2 Darwin/11.3.0 (x86_64) (MacBookPro8%2C1)"
98.172.15.254 - - [28/Mar/2012:08:55:22 -0700] "GET /favicon.ico HTTP/1.1" 404 169 "-" "Caffeinated/1.1.1 CFNetwork/520.3.2 Darwin/11.3.0 (x86_64) (MacBookPro8%2C1)"
98.172.15.254 - - [28/Mar/2012:08:56:08 -0700] "GET /favicon.ico HTTP/1.1" 404 169 "-" "Caffeinated/1.1.1 CFNetwork/520.3.2 Darwin/11.3.0 (x86_64) (MacBookPro8%2C1)"
85.17.88.169 - - [28/Mar/2012:08:56:22 -0700] "POST /blog/wp-cron.php?doing_wp_cron=1332949963 HTTP/1.0" 499 0 "-" "WordPress/3.3.1; http://yuvi.in/blog"
66.249.71.13 - - [28/Mar/2012:08:56:22 -0700] "GET /blog/my-vimrc/ HTTP/1.1" 200 4448 "-" "Mozilla/5.0 (compatible; Googlebot/2.1; +http://www.google.com/bot.html)"
98.172.15.254 - - [28/Mar/2012:08:57:06 -0700] "GET /favicon.ico HTTP/1.1" 404 169 "-" "Caffeinated/1.1.1 CFNetwork/520.3.2 Darwin/11.3.0 (x86_64) (MacBookPro8%2C1)"
106.51.1.169 - - [28/Mar/2012:08:57:38 -0700] "GET /POSM HTTP/1.1" 301 185 "-" "Mozilla/5.0 (Linux; U; Android 4.0.3; en-us; GT-I9100 Build/IML74K) AppleWebKit/534.30 (KHTML, like Gecko) Version/4.0 Mobile Safari/534.30"
106.51.1.169 - - [28/Mar/2012:08:57:39 -0700] "GET /POSM/ HTTP/1.1" 200 1963 "-" "Mozilla/5.0 (Linux; U; Android 4.0.3; en-us; GT-I9100 Build/IML74K) AppleWebKit/534.30 (KHTML, like Gecko) Version/4.0 Mobile Safari/534.30"
106.51.1.169 - - [28/Mar/2012:08:57:40 -0700] "GET /POSM/creds.js HTTP/1.1" 200 89 "http://yuvi.in/POSM/" "Mozilla/5.0 (Linux; U; Android 4.0.3; en-us; GT-I9100 Build/IML74K) AppleWebKit/534.30 (KHTML, like Gecko) Version/4.0 Mobile Safari/534.30"
106.51.1.169 - - [28/Mar/2012:08:57:41 -0700] "GET /POSM/lib/jquery.mobile.structure-1.0.1.css HTTP/1.1" 200 32452 "http://yuvi.in/POSM/" "Mozilla/5.0 (Linux; U; Android 4.0.3; en-us; GT-I9100 Build/IML74K) AppleWebKit/534.30 (KHTML, like Gecko) Version/4.0 Mobile Safari/534.30"
106.51.1.169 - - [28/Mar/2012:08:57:41 -0700] "GET /POSM/lib/jquery.mobile-1.0.1.css HTTP/1.1" 200 83437 "http://yuvi.in/POSM/" "Mozilla/5.0 (Linux; U; Android 4.0.3; en-us; GT-I9100 Build/IML74K) AppleWebKit/534.30 (KHTML, like Gecko) Version/4.0 Mobile Safari/534.30"
106.51.1.169 - - [28/Mar/2012:08:57:42 -0700] "GET /POSM/lib/phonegap.js HTTP/1.1" 200 144879 "http://yuvi.in/POSM/" "Mozilla/5.0 (Linux; U; Android 4.0.3; en-us; GT-I9100 Build/IML74K) AppleWebKit/534.30 (KHTML, like Gecko) Version/4.0 Mobile Safari/534.30"
106.51.1.169 - - [28/Mar/2012:08:57:42 -0700] "GET /POSM/lib/jquery.timeago.js HTTP/1.1" 200 4491 "http://yuvi.in/POSM/" "Mozilla/5.0 (Linux; U; Android 4.0.3; en-us; GT-I9100 Build/IML74K) AppleWebKit/534.30 (KHTML, like Gecko) Version/4.0 Mobile Safari/534.30"
106.51.1.169 - - [28/Mar/2012:08:57:42 -0700] "GET /POSM/lib/templates.js HTTP/1.1" 200 426 "http://yuvi.in/POSM/" "Mozilla/5.0 (Linux; U; Android 4.0.3; en-us; GT-I9100 Build/IML74K) AppleWebKit/534.30 (KHTML, like Gecko) Version/4.0 Mobile Safari/534.30"
106.51.1.169 - - [28/Mar/2012:08:57:42 -0700] "GET /POSM/lib/jquery.mobile-1.0.1.js HTTP/1.1" 200 221124 "http://yuvi.in/POSM/" "Mozilla/5.0 (Linux; U; Android 4.0.3; en-us; GT-I9100 Build/IML74K) AppleWebKit/534.30 (KHTML, like Gecko) Version/4.0 Mobile Safari/534.30"
106.51.1.169 - - [28/Mar/2012:08:57:43 -0700] "GET /POSM/js/tapbar.js HTTP/1.1" 200 881 "http://yuvi.in/POSM/" "Mozilla/5.0 (Linux; U; Android 4.0.3; en-us; GT-I9100 Build/IML74K) AppleWebKit/534.30 (KHTML, like Gecko) Version/4.0 Mobile Safari/534.30"
106.51.1.169 - - [28/Mar/2012:08:57:43 -0700] "GET /POSM/zoomData.js HTTP/1.1" 200 1573 "http://yuvi.in/POSM/" "Mozilla/5.0 (Linux; U; Android 4.0.3; en-us; GT-I9100 Build/IML74K) AppleWebKit/534.30 (KHTML, like Gecko) Version/4.0 Mobile Safari/534.30"
98.172.15.254 - - [28/Mar/2012:08:57:43 -0700] "GET / HTTP/1.1" 304 0 "-" "Caffeinated/1.1.1 CFNetwork/520.3.2 Darwin/11.3.0 (x86_64) (MacBookPro8%2C1)"
106.51.1.169 - - [28/Mar/2012:08:57:43 -0700] "GET /POSM/lib/leaflet/leaflet.css HTTP/1.1" 200 6437 "http://yuvi.in/POSM/" "Mozilla/5.0 (Linux; U; Android 4.0.3; en-us; GT-I9100 Build/IML74K) AppleWebKit/534.30 (KHTML, like Gecko) Version/4.0 Mobile Safari/534.30"
106.51.1.169 - - [28/Mar/2012:08:57:43 -0700] "GET /POSM/style.css HTTP/1.1" 200 1349 "http://yuvi.in/POSM/" "Mozilla/5.0 (Linux; U; Android 4.0.3; en-us; GT-I9100 Build/IML74K) AppleWebKit/534.30 (KHTML, like Gecko) Version/4.0 Mobile Safari/534.30"
98.172.15.254 - - [28/Mar/2012:08:57:43 -0700] "GET /favicon.ico HTTP/1.1" 404 169 "-" "Caffeinated/1.1.1 CFNetwork/520.3.2 Darwin/11.3.0 (x86_64) (MacBookPro8%2C1)"
106.51.1.169 - - [28/Mar/2012:08:57:44 -0700] "GET /POSM/lib/jquery-1.7.1.min.js HTTP/1.1" 200 93868 "http://yuvi.in/POSM/" "Mozilla/5.0 (Linux; U; Android 4.0.3; en-us; GT-I9100 Build/IML74K) AppleWebKit/534.30 (KHTML, like Gecko) Version/4.0 Mobile Safari/534.30"
106.51.1.169 - - [28/Mar/2012:08:57:44 -0700] "GET /POSM/lib/TileLayer.Bing.js HTTP/1.1" 200 5317 "http://yuvi.in/POSM/" "Mozilla/5.0 (Linux; U; Android 4.0.3; en-us; GT-I9100 Build/IML74K) AppleWebKit/534.30 (KHTML, like Gecko) Version/4.0 Mobile Safari/534.30"
106.51.1.169 - - [28/Mar/2012:08:57:44 -0700] "GET /POSM/js/poi.js HTTP/1.1" 200 2031 "http://yuvi.in/POSM/" "Mozilla/5.0 (Linux; U; Android 4.0.3; en-us; GT-I9100 Build/IML74K) AppleWebKit/534.30 (KHTML, like Gecko) Version/4.0 Mobile Safari/534.30"
106.51.1.169 - - [28/Mar/2012:08:57:44 -0700] "GET /POSM/lib/underscore.js HTTP/1.1" 200 35168 "http://yuvi.in/POSM/" "Mozilla/5.0 (Linux; U; Android 4.0.3; en-us; GT-I9100 Build/IML74K) AppleWebKit/534.30 (KHTML, like Gecko) Version/4.0 Mobile Safari/534.30"
106.51.1.169 - - [28/Mar/2012:08:57:45 -0700] "GET /POSM/js/curpos.js HTTP/1.1" 200 1793 "http://yuvi.in/POSM/" "Mozilla/5.0 (Linux; U; Android 4.0.3; en-us; GT-I9100 Build/IML74K) AppleWebKit/534.30 (KHTML, like Gecko) Version/4.0 Mobile Safari/534.30"
106.51.1.169 - - [28/Mar/2012:08:57:45 -0700] "GET /POSM/js/changesets.js HTTP/1.1" 200 1226 "http://yuvi.in/POSM/" "Mozilla/5.0 (Linux; U; Android 4.0.3; en-us; GT-I9100 Build/IML74K) AppleWebKit/534.30 (KHTML, like Gecko) Version/4.0 Mobile Safari/534.30"
106.51.1.169 - - [28/Mar/2012:08:57:45 -0700] "GET /POSM/js/main.js HTTP/1.1" 200 9616 "http://yuvi.in/POSM/" "Mozilla/5.0 (Linux; U; Android 4.0.3; en-us; GT-I9100 Build/IML74K) AppleWebKit/534.30 (KHTML, like Gecko) Version/4.0 Mobile Safari/534.30"
106.51.1.169 - - [28/Mar/2012:08:57:45 -0700] "GET /POSM/js/poimanager.js HTTP/1.1" 200 9309 "http://yuvi.in/POSM/" "Mozilla/5.0 (Linux; U; Android 4.0.3; en-us; GT-I9100 Build/IML74K) AppleWebKit/534.30 (KHTML, like Gecko) Version/4.0 Mobile Safari/534.30"
106.51.1.169 - - [28/Mar/2012:08:57:47 -0700] "GET /POSM/lib/leaflet/leaflet-src.js HTTP/1.1" 200 133300 "http://yuvi.in/POSM/" "Mozilla/5.0 (Linux; U; Android 4.0.3; en-us; GT-I9100 Build/IML74K) AppleWebKit/534.30 (KHTML, like Gecko) Version/4.0 Mobile Safari/534.30"
106.51.1.169 - - [28/Mar/2012:08:57:48 -0700] "GET /POSM/img/mapmode.png HTTP/1.1" 200 1168 "http://yuvi.in/POSM/" "Mozilla/5.0 (Linux; U; Android 4.0.3; en-us; GT-I9100 Build/IML74K) AppleWebKit/534.30 (KHTML, like Gecko) Version/4.0 Mobile Safari/534.30"
106.51.1.169 - - [28/Mar/2012:08:57:48 -0700] "GET /POSM/img/preferences.png HTTP/1.1" 200 748 "http://yuvi.in/POSM/" "Mozilla/5.0 (Linux; U; Android 4.0.3; en-us; GT-I9100 Build/IML74K) AppleWebKit/534.30 (KHTML, like Gecko) Version/4.0 Mobile Safari/534.30"
106.51.1.169 - - [28/Mar/2012:08:57:48 -0700] "GET /POSM/img/refresh.png HTTP/1.1" 200 868 "http://yuvi.in/POSM/" "Mozilla/5.0 (Linux; U; Android 4.0.3; en-us; GT-I9100 Build/IML74K) AppleWebKit/534.30 (KHTML, like Gecko) Version/4.0 Mobile Safari/534.30"
106.51.1.169 - - [28/Mar/2012:08:57:48 -0700] "GET /POSM/img/back.png HTTP/1.1" 200 420 "http://yuvi.in/POSM/" "Mozilla/5.0 (Linux; U; Android 4.0.3; en-us; GT-I9100 Build/IML74K) AppleWebKit/534.30 (KHTML, like Gecko) Version/4.0 Mobile Safari/534.30"
106.51.1.169 - - [28/Mar/2012:08:57:48 -0700] "GET /POSM/img/mylocation.png HTTP/1.1" 200 803 "http://yuvi.in/POSM/" "Mozilla/5.0 (Linux; U; Android 4.0.3; en-us; GT-I9100 Build/IML74K) AppleWebKit/534.30 (KHTML, like Gecko) Version/4.0 Mobile Safari/534.30"
106.51.1.169 - - [28/Mar/2012:08:57:48 -0700] "GET /POSM/img/save.png HTTP/1.1" 404 142 "http://yuvi.in/POSM/" "Mozilla/5.0 (Linux; U; Android 4.0.3; en-us; GT-I9100 Build/IML74K) AppleWebKit/534.30 (KHTML, like Gecko) Version/4.0 Mobile Safari/534.30"
106.51.1.169 - - [28/Mar/2012:08:57:49 -0700] "GET /POSM/lib/images/ajax-loader.png HTTP/1.1" 200 366 "http://yuvi.in/POSM/" "Mozilla/5.0 (Linux; U; Android 4.0.3; en-us; GT-I9100 Build/IML74K) AppleWebKit/534.30 (KHTML, like Gecko) Version/4.0 Mobile Safari/534.30"
106.51.1.169 - - [28/Mar/2012:08:57:50 -0700] "GET /favicon.ico HTTP/1.1" 404 142 "http://yuvi.in/POSM/" "Mozilla/5.0 (Linux; U; Android 4.0.3; en-us; GT-I9100 Build/IML74K) AppleWebKit/534.30 (KHTML, like Gecko) Version/4.0 Mobile Safari/534.30"
106.51.1.169 - - [28/Mar/2012:08:57:50 -0700] "GET /POSM/lib/leaflet/images/zoom-in.png HTTP/1.1" 200 963 "http://yuvi.in/POSM/" "Mozilla/5.0 (Linux; U; Android 4.0.3; en-us; GT-I9100 Build/IML74K) AppleWebKit/534.30 (KHTML, like Gecko) Version/4.0 Mobile Safari/534.30"
106.51.1.169 - - [28/Mar/2012:08:57:50 -0700] "GET /POSM/lib/leaflet/images/zoom-out.png HTTP/1.1" 200 959 "http://yuvi.in/POSM/" "Mozilla/5.0 (Linux; U; Android 4.0.3; en-us; GT-I9100 Build/IML74K) AppleWebKit/534.30 (KHTML, like Gecko) Version/4.0 Mobile Safari/534.30"
106.51.1.169 - - [28/Mar/2012:08:57:57 -0700] "GET /POSM/img/curpos.png HTTP/1.1" 200 1205 "http://yuvi.in/POSM/" "Mozilla/5.0 (Linux; U; Android 4.0.3; en-us; GT-I9100 Build/IML74K) AppleWebKit/534.30 (KHTML, like Gecko) Version/4.0 Mobile Safari/534.30"
106.51.1.169 - - [28/Mar/2012:08:57:58 -0700] "GET /overpass?data=%0A++++%0A++++++++node(12.963947164802939%2C+77.63666331768036%2C+12.965562514730287%2C+77.63837993144989)%3B%0A++++%0A++++out+meta%3B%0A HTTP/1.1" 200 7875 "http://yuvi.in/POSM/" "Mozilla/5.0 (Linux; U; Android 4.0.3; en-us; GT-I9100 Build/IML74K) AppleWebKit/534.30 (KHTML, like Gecko) Version/4.0 Mobile Safari/534.30"
205.167.22.101 - - [28/Mar/2012:08:57:59 -0700] "-" 400 0 "-" "-"
205.167.22.101 - - [28/Mar/2012:08:57:59 -0700] "-" 400 0 "-" "-"
205.167.22.101 - - [28/Mar/2012:08:57:59 -0700] "-" 400 0 "-" "-"
205.167.22.101 - - [28/Mar/2012:08:57:59 -0700] "-" 400 0 "-" "-"
106.51.1.169 - - [28/Mar/2012:08:57:59 -0700] "GET /overpass?data=%0A++++%0A++++++++node(12.963633503407326%2C+77.63666331768036%2C+12.965870946048573%2C+77.63837993144989)%3B%0A++++%0A++++out+meta%3B%0A HTTP/1.1" 200 10497 "http://yuvi.in/POSM/" "Mozilla/5.0 (Linux; U; Android 4.0.3; en-us; GT-I9100 Build/IML74K) AppleWebKit/534.30 (KHTML, like Gecko) Version/4.0 Mobile Safari/534.30"
106.51.1.169 - - [28/Mar/2012:08:57:59 -0700] "GET /POSM/lib/leaflet/images/marker.png HTTP/1.1" 200 2519 "http://yuvi.in/POSM/" "Mozilla/5.0 (Linux; U; Android 4.0.3; en-us; GT-I9100 Build/IML74K) AppleWebKit/534.30 (KHTML, like Gecko) Version/4.0 Mobile Safari/534.30"
106.51.1.169 - - [28/Mar/2012:08:57:59 -0700] "GET /POSM/lib/leaflet/images/marker-shadow.png HTTP/1.1" 200 1649 "http://yuvi.in/POSM/" "Mozilla/5.0 (Linux; U; Android 4.0.3; en-us; GT-I9100 Build/IML74K) AppleWebKit/534.30 (KHTML, like Gecko) Version/4.0 Mobile Safari/534.30"
106.51.1.169 - - [28/Mar/2012:08:58:01 -0700] "GET /overpass?data=%0A++++%0A++++++++node(12.963947164802939%2C+77.63666331768036%2C+12.965562514730287%2C+77.63837993144989)%3B%0A++++%0A++++out+meta%3B%0A HTTP/1.1" 200 7875 "http://yuvi.in/POSM/" "Mozilla/5.0 (Linux; U; Android 4.0.3; en-us; GT-I9100 Build/IML74K) AppleWebKit/534.30 (KHTML, like Gecko) Version/4.0 Mobile Safari/534.30"
106.51.1.169 - - [28/Mar/2012:08:58:04 -0700] "GET /overpass?data=%0A++++%0A++++++++node(12.96379033415454%2C+77.63764500617981%2C+12.966027775385832%2C+77.63936161994934)%3B%0A++++%0A++++out+meta%3B%0A HTTP/1.1" 200 9493 "http://yuvi.in/POSM/" "Mozilla/5.0 (Linux; U; Android 4.0.3; en-us; GT-I9100 Build/IML74K) AppleWebKit/534.30 (KHTML, like Gecko) Version/4.0 Mobile Safari/534.30"
106.51.1.169 - - [28/Mar/2012:08:58:07 -0700] "GET /overpass?data=%0A++++%0A++++++++node(12.964705178210396%2C+77.63855695724487%2C+12.966942611216648%2C+77.6402735710144)%3B%0A++++%0A++++out+meta%3B%0A HTTP/1.1" 200 3306 "http://yuvi.in/POSM/" "Mozilla/5.0 (Linux; U; Android 4.0.3; en-us; GT-I9100 Build/IML74K) AppleWebKit/534.30 (KHTML, like Gecko) Version/4.0 Mobile Safari/534.30"
106.51.1.169 - - [28/Mar/2012:08:58:23 -0700] "GET /overpass?data=%0A++++%0A++++++++node(12.963868749491093%2C+77.63768792152405%2C+12.96610619001741%2C+77.63940453529358)%3B%0A++++%0A++++out+meta%3B%0A HTTP/1.1" 200 570 "http://yuvi.in/POSM/" "Mozilla/5.0 (Linux; U; Android 4.0.3; en-us; GT-I9100 Build/IML74K) AppleWebKit/534.30 (KHTML, like Gecko) Version/4.0 Mobile Safari/534.30"
106.51.1.169 - - [28/Mar/2012:08:58:24 -0700] "GET /overpass?data=%0A++++%0A++++++++node(12.963163010572744%2C+77.63866424560547%2C+12.965400457443772%2C+77.640380859375)%3B%0A++++%0A++++out+meta%3B%0A HTTP/1.1" 200 6128 "http://yuvi.in/POSM/" "Mozilla/5.0 (Linux; U; Android 4.0.3; en-us; GT-I9100 Build/IML74K) AppleWebKit/534.30 (KHTML, like Gecko) Version/4.0 Mobile Safari/534.30"
106.51.1.169 - - [28/Mar/2012:08:58:26 -0700] "GET /overpass?data=%0A++++%0A++++++++node(12.964281736522576%2C+77.63952255249023%2C+12.964281736522576%2C+77.63952255249023)%3B%0A++++%0A++++out+meta%3B%0A HTTP/1.1" 200 400 "http://yuvi.in/POSM/" "Mozilla/5.0 (Linux; U; Android 4.0.3; en-us; GT-I9100 Build/IML74K) AppleWebKit/534.30 (KHTML, like Gecko) Version/4.0 Mobile Safari/534.30"
106.51.1.169 - - [28/Mar/2012:08:58:32 -0700] "GET /overpass?data=%0A++++%0A++++++++node(12.964281736522576%2C+77.63952255249023%2C+12.964281736522576%2C+77.63952255249023)%3B%0A++++%0A++++out+meta%3B%0A HTTP/1.1" 200 400 "http://yuvi.in/POSM/" "Mozilla/5.0 (Linux; U; Android 4.0.3; en-us; GT-I9100 Build/IML74K) AppleWebKit/534.30 (KHTML, like Gecko) Version/4.0 Mobile Safari/534.30"
98.172.15.254 - - [28/Mar/2012:08:58:36 -0700] "GET /favicon.ico HTTP/1.1" 404 169 "-" "Caffeinated/1.1.1 CFNetwork/520.3.2 Darwin/11.3.0 (x86_64) (MacBookPro8%2C1)"
106.51.1.169 - - [28/Mar/2012:08:58:42 -0700] "GET /overpass?data=%0A++++%0A++++++++node(12.964281736522576%2C+77.63952255249023%2C+12.964281736522576%2C+77.63952255249023)%3B%0A++++%0A++++out+meta%3B%0A HTTP/1.1" 200 400 "http://yuvi.in/POSM/" "Mozilla/5.0 (Linux; U; Android 4.0.3; en-us; GT-I9100 Build/IML74K) AppleWebKit/534.30 (KHTML, like Gecko) Version/4.0 Mobile Safari/534.30"
141.0.9.223 - - [28/Mar/2012:08:58:43 -0700] "-" 400 0 "-" "-"
106.51.1.169 - - [28/Mar/2012:08:58:50 -0700] "GET /overpass?data=%0A++++%0A++++++++node(12.964281736522576%2C+77.63952255249023%2C+12.964281736522576%2C+77.63952255249023)%3B%0A++++%0A++++out+meta%3B%0A HTTP/1.1" 200 400 "http://yuvi.in/POSM/" "Mozilla/5.0 (Linux; U; Android 4.0.3; en-us; GT-I9100 Build/IML74K) AppleWebKit/534.30 (KHTML, like Gecko) Version/4.0 Mobile Safari/534.30"
106.51.1.169 - - [28/Mar/2012:08:58:54 -0700] "GET /overpass?data=%0A++++%0A++++++++node(12.963163010572744%2C+77.63866424560547%2C+12.965400457443772%2C+77.640380859375)%3B%0A++++%0A++++out+meta%3B%0A HTTP/1.1" 200 6128 "http://yuvi.in/POSM/" "Mozilla/5.0 (Linux; U; Android 4.0.3; en-us; GT-I9100 Build/IML74K) AppleWebKit/534.30 (KHTML, like Gecko) Version/4.0 Mobile Safari/534.30"
106.51.1.169 - - [28/Mar/2012:08:58:54 -0700] "GET /POSM/lib/leaflet/images/popup-close.png HTTP/1.1" 200 1125 "http://yuvi.in/POSM/" "Mozilla/5.0 (Linux; U; Android 4.0.3; en-us; GT-I9100 Build/IML74K) AppleWebKit/534.30 (KHTML, like Gecko) Version/4.0 Mobile Safari/534.30"
106.51.1.169 - - [28/Mar/2012:08:58:56 -0700] "GET /overpass?data=%0A++++%0A++++++++node(12.963011407136602%2C+77.63927578926086%2C+12.965248855370497%2C+77.6409924030304)%3B%0A++++%0A++++out+meta%3B%0A HTTP/1.1" 200 7869 "http://yuvi.in/POSM/" "Mozilla/5.0 (Linux; U; Android 4.0.3; en-us; GT-I9100 Build/IML74K) AppleWebKit/534.30 (KHTML, like Gecko) Version/4.0 Mobile Safari/534.30"
106.51.1.169 - - [28/Mar/2012:08:58:56 -0700] "GET /POSM/lib/images/icons-36-white.png HTTP/1.1" 200 3746 "http://yuvi.in/POSM/" "Mozilla/5.0 (Linux; U; Android 4.0.3; en-us; GT-I9100 Build/IML74K) AppleWebKit/534.30 (KHTML, like Gecko) Version/4.0 Mobile Safari/534.30"
98.172.15.254 - - [28/Mar/2012:08:59:16 -0700] "GET /favicon.ico HTTP/1.1" 404 169 "-" "Caffeinated/1.1.1 CFNetwork/520.3.2 Darwin/11.3.0 (x86_64) (MacBookPro8%2C1)"
106.51.1.169 - - [28/Mar/2012:08:59:35 -0700] "GET /overpass?data=%0A++++%0A++++++++node(12.964130133767835%2C+77.64013409614563%2C+12.964130133767835%2C+77.64013409614563)%3B%0A++++%0A++++out+meta%3B%0A HTTP/1.1" 200 400 "http://yuvi.in/POSM/" "Mozilla/5.0 (Linux; U; Android 4.0.3; en-us; GT-I9100 Build/IML74K) AppleWebKit/534.30 (KHTML, like Gecko) Version/4.0 Mobile Safari/534.30"
106.51.1.169 - - [28/Mar/2012:08:59:40 -0700] "-" 400 0 "-" "-"
106.51.1.169 - - [28/Mar/2012:08:59:50 -0700] "GET /overpass?data=%0A++++%0A++++++++node(12.964130133767835%2C+77.64013409614563%2C+12.964130133767835%2C+77.64013409614563)%3B%0A++++%0A++++out+meta%3B%0A HTTP/1.1" 200 400 "http://yuvi.in/POSM/" "Mozilla/5.0 (Linux; U; Android 4.0.3; en-us; GT-I9100 Build/IML74K) AppleWebKit/534.30 (KHTML, like Gecko) Version/4.0 Mobile Safari/534.30"
106.51.1.169 - - [28/Mar/2012:08:59:50 -0700] "GET /overpass?data=%0A++++%0A++++++++node(12.963011407136602%2C+77.63927578926086%2C+12.965248855370497%2C+77.6409924030304)%3B%0A++++%0A++++out+meta%3B%0A HTTP/1.1" 200 7869 "http://yuvi.in/POSM/" "Mozilla/5.0 (Linux; U; Android 4.0.3; en-us; GT-I9100 Build/IML74K) AppleWebKit/534.30 (KHTML, like Gecko) Version/4.0 Mobile Safari/534.30"
106.51.1.169 - - [28/Mar/2012:08:59:50 -0700] "GET /overpass?data=%0A++++%0A++++++++node(12.963215287598283%2C+77.640380859375%2C+12.965452733999326%2C+77.64209747314453)%3B%0A++++%0A++++out+meta%3B%0A HTTP/1.1" 200 6319 "http://yuvi.in/POSM/" "Mozilla/5.0 (Linux; U; Android 4.0.3; en-us; GT-I9100 Build/IML74K) AppleWebKit/534.30 (KHTML, like Gecko) Version/4.0 Mobile Safari/534.30"
106.51.1.169 - - [28/Mar/2012:09:00:10 -0700] "GET /overpass?data=%0A++++%0A++++++++node(12.963215287598283%2C+77.640380859375%2C+12.965452733999326%2C+77.64209747314453)%3B%0A++++%0A++++out+meta%3B%0A HTTP/1.1" 200 6319 "http://yuvi.in/POSM/" "Mozilla/5.0 (Linux; U; Android 4.0.3; en-us; GT-I9100 Build/IML74K) AppleWebKit/534.30 (KHTML, like Gecko) Version/4.0 Mobile Safari/534.30"
106.51.1.169 - - [28/Mar/2012:09:00:15 -0700] "GET /overpass?data=%0A++++%0A++++++++node(12.962520002260558%2C+77.64059543609619%2C+12.964757454912027%2C+77.64231204986571)%3B%0A++++%0A++++out+meta%3B%0A HTTP/1.1" 200 9031 "http://yuvi.in/POSM/" "Mozilla/5.0 (Linux; U; Android 4.0.3; en-us; GT-I9100 Build/IML74K) AppleWebKit/534.30 (KHTML, like Gecko) Version/4.0 Mobile Safari/534.30"
98.172.15.254 - - [28/Mar/2012:09:00:15 -0700] "GET /favicon.ico HTTP/1.1" 404 169 "-" "Caffeinated/1.1.1 CFNetwork/520.3.2 Darwin/11.3.0 (x86_64) (MacBookPro8%2C1)"
106.51.1.169 - - [28/Mar/2012:09:00:23 -0700] "GET /overpass?data=%0A++++%0A++++++++node(12.963366890910258%2C+77.64093339443207%2C+12.965604335948395%2C+77.6426500082016)%3B%0A++++%0A++++out+meta%3B%0A HTTP/1.1" 200 3886 "http://yuvi.in/POSM/" "Mozilla/5.0 (Linux; U; Android 4.0.3; en-us; GT-I9100 Build/IML74K) AppleWebKit/534.30 (KHTML, like Gecko) Version/4.0 Mobile Safari/534.30"
106.51.1.169 - - [28/Mar/2012:09:00:23 -0700] "GET /overpass?data=%0A++++%0A++++++++node(12.96420854899733%2C+77.6402896642685%2C+12.966445986468674%2C+77.64200627803802)%3B%0A++++%0A++++out+meta%3B%0A HTTP/1.1" 200 2431 "http://yuvi.in/POSM/" "Mozilla/5.0 (Linux; U; Android 4.0.3; en-us; GT-I9100 Build/IML74K) AppleWebKit/534.30 (KHTML, like Gecko) Version/4.0 Mobile Safari/534.30"
106.51.1.169 - - [28/Mar/2012:09:00:31 -0700] "GET /overpass?data=%0A++++%0A++++++++node(12.964077856934454%2C+77.63964056968689%2C+12.966315295580795%2C+77.64135718345642)%3B%0A++++%0A++++out+meta%3B%0A HTTP/1.1" 200 4596 "http://yuvi.in/POSM/" "Mozilla/5.0 (Linux; U; Android 4.0.3; en-us; GT-I9100 Build/IML74K) AppleWebKit/534.30 (KHTML, like Gecko) Version/4.0 Mobile Safari/534.30"
106.51.1.169 - - [28/Mar/2012:09:00:31 -0700] "GET /overpass?data=%0A++++%0A++++++++node(12.963826927981339%2C+77.6403272151947%2C+12.966064368883636%2C+77.64204382896423)%3B%0A++++%0A++++out+meta%3B%0A HTTP/1.1" 200 3784 "http://yuvi.in/POSM/" "Mozilla/5.0 (Linux; U; Android 4.0.3; en-us; GT-I9100 Build/IML74K) AppleWebKit/534.30 (KHTML, like Gecko) Version/4.0 Mobile Safari/534.30"
106.51.1.169 - - [28/Mar/2012:09:00:31 -0700] "GET /overpass?data=%0A++++%0A++++++++node(12.963832155670437%2C+77.64095485210419%2C+12.96606959652575%2C+77.64267146587372)%3B%0A++++%0A++++out+meta%3B%0A HTTP/1.1" 200 2343 "http://yuvi.in/POSM/" "Mozilla/5.0 (Linux; U; Android 4.0.3; en-us; GT-I9100 Build/IML74K) AppleWebKit/534.30 (KHTML, like Gecko) Version/4.0 Mobile Safari/534.30"
106.51.1.169 - - [28/Mar/2012:09:00:32 -0700] "GET /overpass?data=%0A++++%0A++++++++node(12.96322051530023%2C+77.64118552207945%2C+12.965457961654291%2C+77.642902135849)%3B%0A++++%0A++++out+meta%3B%0A HTTP/1.1" 200 3967 "http://yuvi.in/POSM/" "Mozilla/5.0 (Linux; U; Android 4.0.3; en-us; GT-I9100 Build/IML74K) AppleWebKit/534.30 (KHTML, like Gecko) Version/4.0 Mobile Safari/534.30"
98.172.15.254 - - [28/Mar/2012:09:00:44 -0700] "GET /favicon.ico HTTP/1.1" 404 169 "-" "Caffeinated/1.1.1 CFNetwork/520.3.2 Darwin/11.3.0 (x86_64) (MacBookPro8%2C1)"
106.51.1.169 - - [28/Mar/2012:09:01:09 -0700] "GET /overpass?data=%0A++++%0A++++++++node(12.962932991529943%2C+77.63990879058838%2C+12.965170440468777%2C+77.64162540435791)%3B%0A++++%0A++++out+meta%3B%0A HTTP/1.1" 200 7288 "http://yuvi.in/POSM/" "Mozilla/5.0 (Linux; U; Android 4.0.3; en-us; GT-I9100 Build/IML74K) AppleWebKit/534.30 (KHTML, like Gecko) Version/4.0 Mobile Safari/534.30"
106.51.1.169 - - [28/Mar/2012:09:01:17 -0700] "GET /overpass?data=%0A++++%0A++++++++node(12.963398257101202%2C+77.64055252075195%2C+12.965635701857352%2C+77.64226913452148)%3B%0A++++%0A++++out+meta%3B%0A HTTP/1.1" 200 5545 "http://yuvi.in/POSM/" "Mozilla/5.0 (Linux; U; Android 4.0.3; en-us; GT-I9100 Build/IML74K) AppleWebKit/534.30 (KHTML, like Gecko) Version/4.0 Mobile Safari/534.30"
98.172.15.254 - - [28/Mar/2012:09:01:43 -0700] "GET /favicon.ico HTTP/1.1" 404 169 "-" "Caffeinated/1.1.1 CFNetwork/520.3.2 Darwin/11.3.0 (x86_64) (MacBookPro8%2C1)"
98.172.15.254 - - [28/Mar/2012:09:02:10 -0700] "GET /favicon.ico HTTP/1.1" 404 169 "-" "Caffeinated/1.1.1 CFNetwork/520.3.2 Darwin/11.3.0 (x86_64) (MacBookPro8%2C1)"
178.61.172.213 - - [28/Mar/2012:09:02:37 -0700] "GET /r/1va HTTP/1.1" 301 255 "-" "Mozilla/5.0 (iPhone; CPU iPhone OS 5_0_1 like Mac OS X) AppleWebKit/534.46 (KHTML, like Gecko) Mobile/9A406"
178.61.172.213 - - [28/Mar/2012:09:02:38 -0700] "GET /s/ta/1va/ HTTP/1.1" 302 409 "-" "Mozilla/5.0 (iPhone; CPU iPhone OS 5_0_1 like Mac OS X) AppleWebKit/534.46 (KHTML, like Gecko) Mobile/9A406"
178.61.172.213 - - [28/Mar/2012:09:02:44 -0700] "GET /s/ta/1va/ HTTP/1.1" 302 409 "-" "Mozilla/5.0 (iPhone; CPU iPhone OS 5_0_1 like Mac OS X) AppleWebKit/534.46 (KHTML, like Gecko) Mobile/9A406"
67.215.230.28 - - [28/Mar/2012:09:02:47 -0700] "GET /robots.txt HTTP/1.0" 404 169 "-" "Setooz/Nutch-1.2 (http://www.setooz.com)"
67.215.230.28 - - [28/Mar/2012:09:02:47 -0700] "GET /stories HTTP/1.0" 301 185 "-" "Setooz/Nutch-1.2 (http://www.setooz.com)"
67.215.230.26 - - [28/Mar/2012:09:02:54 -0700] "GET /robots.txt HTTP/1.0" 404 169 "-" "Setooz/Nutch-1.2 (http://www.setooz.com)"
67.215.230.26 - - [28/Mar/2012:09:02:57 -0700] "GET / HTTP/1.0" 200 3439 "-" "Setooz/Nutch-1.2 (http://www.setooz.com)"
98.172.15.254 - - [28/Mar/2012:09:03:10 -0700] "GET / HTTP/1.1" 304 0 "-" "Caffeinated/1.1.1 CFNetwork/520.3.2 Darwin/11.3.0 (x86_64) (MacBookPro8%2C1)"
98.172.15.254 - - [28/Mar/2012:09:03:10 -0700] "GET /favicon.ico HTTP/1.1" 404 169 "-" "Caffeinated/1.1.1 CFNetwork/520.3.2 Darwin/11.3.0 (x86_64) (MacBookPro8%2C1)"
98.172.15.254 - - [28/Mar/2012:09:03:42 -0700] "GET /favicon.ico HTTP/1.1" 404 169 "-" "Caffeinated/1.1.1 CFNetwork/520.3.2 Darwin/11.3.0 (x86_64) (MacBookPro8%2C1)"
178.61.172.213 - - [28/Mar/2012:09:03:48 -0700] "GET /r/23z HTTP/1.1" 301 255 "-" "Mozilla/5.0 (iPhone; CPU iPhone OS 5_0_1 like Mac OS X) AppleWebKit/534.46 (KHTML, like Gecko) Mobile/9A406"
178.61.172.213 - - [28/Mar/2012:09:03:48 -0700] "GET /s/ta/23z/ HTTP/1.1" 302 397 "-" "Mozilla/5.0 (iPhone; CPU iPhone OS 5_0_1 like Mac OS X) AppleWebKit/534.46 (KHTML, like Gecko) Mobile/9A406"
98.172.15.254 - - [28/Mar/2012:09:04:40 -0700] "GET /favicon.ico HTTP/1.1" 404 169 "-" "Caffeinated/1.1.1 CFNetwork/520.3.2 Darwin/11.3.0 (x86_64) (MacBookPro8%2C1)"
122.174.21.239 - - [28/Mar/2012:09:04:44 -0700] "-" 400 0 "-" "-"
