85.17.88.169 - - [24/Mar/2012:15:12:24 -0700] "POST /blog/wp-cron.php?doing_wp_cron=1332626955 HTTP/1.0" 499 0 "-" "WordPress/3.3.1; http://yuvi.in/blog"
208.115.111.68 - - [24/Mar/2012:15:12:24 -0700] "GET /blog/tag/interview/feed/ HTTP/1.1" 200 31965 "-" "Mozilla/5.0 (compatible; Ezooms/1.0; ezooms.bot@gmail.com)"
209.85.224.81 - - [24/Mar/2012:15:14:08 -0700] "GET /stories/feed HTTP/1.1" 200 13653 "-" "FeedBurner/1.0 (http://www.FeedBurner.com)"
85.17.88.169 - - [24/Mar/2012:15:14:57 -0700] "POST /blog/wp-cron.php?doing_wp_cron=1332627109 HTTP/1.0" 499 0 "-" "WordPress/3.3.1; http://yuvi.in/blog"
97.117.125.23 - - [24/Mar/2012:15:14:58 -0700] "GET /blog/favicon.ico HTTP/1.1" 404 3016 "-" "Mozilla/5.0 (Windows NT 5.1; rv:11.0) Gecko/20100101 Firefox/11.0"
85.17.88.169 - - [24/Mar/2012:15:18:03 -0700] "POST /blog/wp-cron.php?doing_wp_cron=1332627294 HTTP/1.0" 499 0 "-" "WordPress/3.3.1; http://yuvi.in/blog"
100.43.83.144 - - [24/Mar/2012:15:18:03 -0700] "GET /blog/ HTTP/1.1" 200 10128 "-" "Mozilla/5.0 (compatible; YandexBot/3.0; +http://yandex.com/bots)"
157.55.112.207 - - [24/Mar/2012:15:23:50 -0700] "-" 400 0 "-" "-"
157.55.112.207 - - [24/Mar/2012:15:23:52 -0700] "-" 400 0 "-" "-"
157.55.112.207 - - [24/Mar/2012:15:23:52 -0700] "-" 400 0 "-" "-"
157.55.112.207 - - [24/Mar/2012:15:23:52 -0700] "-" 400 0 "-" "-"
157.55.112.207 - - [24/Mar/2012:15:23:53 -0700] "-" 400 0 "-" "-"
157.55.112.207 - - [24/Mar/2012:15:23:53 -0700] "-" 400 0 "-" "-"
157.55.112.207 - - [24/Mar/2012:15:23:53 -0700] "-" 400 0 "-" "-"
157.55.112.207 - - [24/Mar/2012:15:23:53 -0700] "-" 400 0 "-" "-"
157.55.112.207 - - [24/Mar/2012:15:23:54 -0700] "-" 400 0 "-" "-"
157.55.112.207 - - [24/Mar/2012:15:23:54 -0700] "-" 400 0 "-" "-"
157.55.112.207 - - [24/Mar/2012:15:24:15 -0700] "-" 400 0 "-" "-"
122.174.62.229 - - [24/Mar/2012:15:24:15 -0700] "-" 400 0 "-" "-"
87.233.206.102 - - [24/Mar/2012:15:26:13 -0700] "HEAD /r/r80 HTTP/1.1" 301 0 "-" "python-requests/0.8.1"
87.233.206.102 - - [24/Mar/2012:15:26:14 -0700] "HEAD /s/ta/r80/ HTTP/1.1" 302 0 "-" "python-requests/0.8.1"
66.220.146.247 - - [24/Mar/2012:15:29:58 -0700] "GET /r/252 HTTP/1.1" 301 255 "-" "facebookexternalhit/1.1 (+http://www.facebook.com/externalhit_uatext.php)"
66.220.146.244 - - [24/Mar/2012:15:29:58 -0700] "GET /s/ta/252/ HTTP/1.1" 302 461 "-" "facebookexternalhit/1.1 (+http://www.facebook.com/externalhit_uatext.php)"
66.249.68.106 - - [24/Mar/2012:15:32:47 -0700] "GET /admin/routes/route/3029/ HTTP/1.1" 404 142 "-" "Mozilla/5.0 (compatible; Googlebot/2.1; +http://www.google.com/bot.html)"
69.171.229.249 - - [24/Mar/2012:15:33:21 -0700] "GET /r/p0f HTTP/1.1" 301 255 "-" "facebookexternalhit/1.1 (+http://www.facebook.com/externalhit_uatext.php)"
69.171.229.245 - - [24/Mar/2012:15:33:22 -0700] "GET /s/ta/p0f/ HTTP/1.1" 302 433 "-" "facebookexternalhit/1.1 (+http://www.facebook.com/externalhit_uatext.php)"
85.17.88.169 - - [24/Mar/2012:15:33:51 -0700] "POST /blog/wp-cron.php?doing_wp_cron=1332628242 HTTP/1.0" 499 0 "-" "WordPress/3.3.1; http://yuvi.in/blog"
209.85.224.97 - - [24/Mar/2012:15:33:51 -0700] "GET /blog/feed HTTP/1.1" 304 0 "-" "FeedBurner/1.0 (http://www.FeedBurner.com)"
207.46.194.246 - - [24/Mar/2012:15:35:02 -0700] "-" 400 0 "-" "-"
207.46.194.246 - - [24/Mar/2012:15:35:03 -0700] "-" 400 0 "-" "-"
207.46.194.246 - - [24/Mar/2012:15:35:04 -0700] "-" 400 0 "-" "-"
207.46.194.246 - - [24/Mar/2012:15:35:04 -0700] "-" 400 0 "-" "-"
207.46.194.246 - - [24/Mar/2012:15:35:05 -0700] "-" 400 0 "-" "-"
207.46.194.246 - - [24/Mar/2012:15:35:05 -0700] "-" 400 0 "-" "-"
207.46.194.246 - - [24/Mar/2012:15:35:05 -0700] "-" 400 0 "-" "-"
207.46.194.246 - - [24/Mar/2012:15:35:05 -0700] "-" 400 0 "-" "-"
207.46.194.246 - - [24/Mar/2012:15:35:05 -0700] "-" 400 0 "-" "-"
207.46.194.246 - - [24/Mar/2012:15:35:32 -0700] "-" 400 0 "-" "-"
207.46.194.246 - - [24/Mar/2012:15:35:32 -0700] "-" 400 0 "-" "-"
207.46.199.148 - - [24/Mar/2012:15:41:14 -0700] "-" 400 0 "-" "-"
207.46.199.148 - - [24/Mar/2012:15:41:14 -0700] "-" 400 0 "-" "-"
207.46.199.148 - - [24/Mar/2012:15:41:15 -0700] "-" 400 0 "-" "-"
207.46.199.148 - - [24/Mar/2012:15:41:18 -0700] "-" 400 0 "-" "-"
207.46.199.148 - - [24/Mar/2012:15:41:20 -0700] "-" 400 0 "-" "-"
207.46.199.148 - - [24/Mar/2012:15:41:22 -0700] "-" 400 0 "-" "-"
207.46.199.148 - - [24/Mar/2012:15:41:22 -0700] "-" 400 0 "-" "-"
207.46.199.148 - - [24/Mar/2012:15:41:22 -0700] "-" 400 0 "-" "-"
207.46.199.148 - - [24/Mar/2012:15:41:23 -0700] "-" 400 0 "-" "-"
207.46.199.148 - - [24/Mar/2012:15:41:23 -0700] "-" 400 0 "-" "-"
207.46.199.148 - - [24/Mar/2012:15:41:24 -0700] "-" 400 0 "-" "-"
207.46.199.148 - - [24/Mar/2012:15:41:24 -0700] "-" 400 0 "-" "-"
207.46.199.148 - - [24/Mar/2012:15:42:04 -0700] "-" 400 0 "-" "-"
207.46.204.211 - - [24/Mar/2012:15:42:50 -0700] "-" 400 0 "-" "-"
207.46.204.211 - - [24/Mar/2012:15:42:55 -0700] "-" 400 0 "-" "-"
207.46.204.211 - - [24/Mar/2012:15:42:56 -0700] "-" 400 0 "-" "-"
207.46.204.211 - - [24/Mar/2012:15:42:56 -0700] "-" 400 0 "-" "-"
207.46.204.211 - - [24/Mar/2012:15:42:58 -0700] "-" 400 0 "-" "-"
207.46.204.211 - - [24/Mar/2012:15:42:58 -0700] "-" 400 0 "-" "-"
207.46.204.211 - - [24/Mar/2012:15:43:00 -0700] "-" 400 0 "-" "-"
207.46.204.211 - - [24/Mar/2012:15:43:00 -0700] "-" 400 0 "-" "-"
207.46.204.211 - - [24/Mar/2012:15:43:00 -0700] "-" 400 0 "-" "-"
207.46.204.211 - - [24/Mar/2012:15:43:47 -0700] "-" 400 0 "-" "-"
180.76.5.172 - - [24/Mar/2012:15:44:38 -0700] "GET / HTTP/1.1" 200 3439 "-" "Mozilla/5.0 (compatible; Baiduspider/2.0; +http://www.baidu.com/search/spider.html)"
69.171.234.4 - - [24/Mar/2012:15:48:49 -0700] "GET /r/1gux HTTP/1.1" 301 257 "-" "facebookexternalhit/1.1 (+http://www.facebook.com/externalhit_uatext.php)"
69.171.234.4 - - [24/Mar/2012:15:48:49 -0700] "GET /s/ta/1gux/ HTTP/1.1" 302 409 "-" "facebookexternalhit/1.1 (+http://www.facebook.com/externalhit_uatext.php)"
69.171.234.3 - - [24/Mar/2012:15:48:49 -0700] "GET /r/1gux HTTP/1.1" 301 257 "-" "facebookexternalhit/1.1 (+http://www.facebook.com/externalhit_uatext.php)"
69.171.234.7 - - [24/Mar/2012:15:48:49 -0700] "GET /s/ta/1gux/ HTTP/1.1" 302 409 "-" "facebookexternalhit/1.1 (+http://www.facebook.com/externalhit_uatext.php)"
207.46.204.170 - - [24/Mar/2012:15:51:51 -0700] "-" 400 0 "-" "-"
207.46.204.170 - - [24/Mar/2012:15:52:02 -0700] "-" 400 0 "-" "-"
207.46.204.170 - - [24/Mar/2012:15:52:03 -0700] "-" 400 0 "-" "-"
207.46.204.170 - - [24/Mar/2012:15:52:03 -0700] "-" 400 0 "-" "-"
207.46.204.170 - - [24/Mar/2012:15:52:04 -0700] "-" 400 0 "-" "-"
207.46.204.170 - - [24/Mar/2012:15:52:04 -0700] "-" 400 0 "-" "-"
207.46.204.170 - - [24/Mar/2012:15:52:04 -0700] "-" 400 0 "-" "-"
207.46.204.170 - - [24/Mar/2012:15:52:04 -0700] "-" 400 0 "-" "-"
207.46.204.170 - - [24/Mar/2012:15:52:05 -0700] "-" 400 0 "-" "-"
207.46.204.170 - - [24/Mar/2012:15:52:05 -0700] "-" 400 0 "-" "-"
207.46.204.170 - - [24/Mar/2012:15:52:35 -0700] "-" 400 0 "-" "-"
85.17.88.169 - - [24/Mar/2012:15:53:24 -0700] "POST /blog/wp-cron.php?doing_wp_cron=1332629415 HTTP/1.0" 499 0 "-" "WordPress/3.3.1; http://yuvi.in/blog"
220.181.108.92 - - [24/Mar/2012:15:53:25 -0700] "GET /blog/devlog-december-10-2011/ HTTP/1.1" 200 4530 "-" "Mozilla/5.0 (compatible; Baiduspider/2.0; +http://www.baidu.com/search/spider.html)"
85.17.88.169 - - [24/Mar/2012:15:58:02 -0700] "POST /blog/wp-cron.php?doing_wp_cron=1332629693 HTTP/1.0" 499 0 "-" "WordPress/3.3.1; http://yuvi.in/blog"
213.186.127.13 - - [24/Mar/2012:15:58:02 -0700] "GET /blog/non-ascii-characters-http-headers/ HTTP/1.1" 200 5297 "-" "Mozilla/5.0 (compatible; AhrefsBot/2.0; +http://ahrefs.com/robot/)"
85.17.88.169 - - [24/Mar/2012:15:58:31 -0700] "POST /blog/wp-cron.php?doing_wp_cron=1332629722 HTTP/1.0" 499 0 "-" "WordPress/3.3.1; http://yuvi.in/blog"
209.85.238.115 - - [24/Mar/2012:15:58:32 -0700] "GET /blog/feed HTTP/1.1" 301 0 "-" "Feedfetcher-Google; (+http://www.google.com/feedfetcher.html; 3 subscribers; feed-id=17684830852112633560)"
85.17.88.169 - - [24/Mar/2012:15:58:34 -0700] "POST /blog/wp-cron.php?doing_wp_cron=1332629725 HTTP/1.0" 499 0 "-" "WordPress/3.3.1; http://yuvi.in/blog"
209.85.238.115 - - [24/Mar/2012:15:58:34 -0700] "GET /blog/feed/ HTTP/1.1" 304 0 "-" "Feedfetcher-Google; (+http://www.google.com/feedfetcher.html; 3 subscribers; feed-id=17684830852112633560)"
85.17.88.169 - - [24/Mar/2012:16:00:30 -0700] "POST /blog/wp-cron.php?doing_wp_cron=1332629841 HTTP/1.0" 499 0 "-" "WordPress/3.3.1; http://yuvi.in/blog"
209.85.238.115 - - [24/Mar/2012:16:00:31 -0700] "GET /blog/feed/ HTTP/1.1" 304 0 "-" "Feedfetcher-Google; (+http://www.google.com/feedfetcher.html; 18 subscribers; feed-id=15064232456473204253)"
207.46.204.212 - - [24/Mar/2012:16:00:50 -0700] "-" 400 0 "-" "-"
207.46.204.212 - - [24/Mar/2012:16:00:53 -0700] "-" 400 0 "-" "-"
207.46.204.212 - - [24/Mar/2012:16:00:53 -0700] "-" 400 0 "-" "-"
207.46.204.212 - - [24/Mar/2012:16:00:53 -0700] "-" 400 0 "-" "-"
207.46.204.212 - - [24/Mar/2012:16:00:53 -0700] "-" 400 0 "-" "-"
207.46.204.212 - - [24/Mar/2012:16:00:54 -0700] "-" 400 0 "-" "-"
207.46.204.212 - - [24/Mar/2012:16:00:55 -0700] "-" 400 0 "-" "-"
207.46.204.212 - - [24/Mar/2012:16:00:55 -0700] "-" 400 0 "-" "-"
207.46.204.212 - - [24/Mar/2012:16:00:55 -0700] "-" 400 0 "-" "-"
207.46.204.212 - - [24/Mar/2012:16:00:55 -0700] "-" 400 0 "-" "-"
207.46.204.212 - - [24/Mar/2012:16:01:31 -0700] "-" 400 0 "-" "-"
207.46.199.146 - - [24/Mar/2012:16:03:57 -0700] "-" 400 0 "-" "-"
207.46.199.146 - - [24/Mar/2012:16:03:57 -0700] "-" 400 0 "-" "-"
207.46.199.146 - - [24/Mar/2012:16:03:58 -0700] "-" 400 0 "-" "-"
207.46.199.146 - - [24/Mar/2012:16:03:59 -0700] "-" 400 0 "-" "-"
207.46.199.146 - - [24/Mar/2012:16:04:00 -0700] "-" 400 0 "-" "-"
207.46.199.146 - - [24/Mar/2012:16:04:02 -0700] "-" 400 0 "-" "-"
207.46.199.146 - - [24/Mar/2012:16:04:02 -0700] "-" 400 0 "-" "-"
207.46.199.146 - - [24/Mar/2012:16:04:03 -0700] "-" 400 0 "-" "-"
207.46.199.146 - - [24/Mar/2012:16:04:11 -0700] "-" 400 0 "-" "-"
207.46.199.146 - - [24/Mar/2012:16:04:11 -0700] "-" 400 0 "-" "-"
207.46.199.146 - - [24/Mar/2012:16:04:11 -0700] "-" 400 0 "-" "-"
85.17.88.169 - - [24/Mar/2012:16:04:53 -0700] "POST /blog/wp-cron.php?doing_wp_cron=1332630103 HTTP/1.0" 499 0 "-" "WordPress/3.3.1; http://yuvi.in/blog"
46.105.151.66 - - [24/Mar/2012:16:04:54 -0700] "GET /blog/ HTTP/1.0" 200 33142 "http://yuvi.in/blog/" "Mozilla/4.0 (compatible; MSIE 6.0; Windows NT 5.1; SV1; FunWebProducts; .NET CLR 1.1.4322; PeoplePal 6.2)"
85.17.88.169 - - [24/Mar/2012:16:06:50 -0700] "POST /blog/wp-cron.php?doing_wp_cron=1332630221 HTTP/1.0" 499 0 "-" "WordPress/3.3.1; http://yuvi.in/blog"
209.85.224.83 - - [24/Mar/2012:16:06:51 -0700] "GET /blog/feed HTTP/1.1" 304 0 "-" "FeedBurner/1.0 (http://www.FeedBurner.com)"
208.115.113.84 - - [24/Mar/2012:16:08:34 -0700] "GET /robots.txt HTTP/1.1" 404 169 "-" "Mozilla/5.0 (compatible; Ezooms/1.0; ezooms.bot@gmail.com)"
66.249.67.123 - - [24/Mar/2012:16:09:37 -0700] "GET /robots.txt HTTP/1.1" 404 142 "-" "Mozilla/5.0 (compatible; Googlebot/2.1; +http://www.google.com/bot.html)"
85.17.88.169 - - [24/Mar/2012:16:09:39 -0700] "POST /blog/wp-cron.php?doing_wp_cron=1332630390 HTTP/1.0" 499 0 "-" "WordPress/3.3.1; http://yuvi.in/blog"
66.249.67.123 - - [24/Mar/2012:16:09:40 -0700] "GET /blog/nen-first-dot-2010-what-i-learnt/ HTTP/1.1" 200 6191 "-" "Mozilla/5.0 (compatible; Googlebot/2.1; +http://www.google.com/bot.html)"
207.46.204.166 - - [24/Mar/2012:16:11:54 -0700] "-" 400 0 "-" "-"
207.46.204.166 - - [24/Mar/2012:16:11:54 -0700] "-" 400 0 "-" "-"
207.46.204.166 - - [24/Mar/2012:16:11:54 -0700] "-" 400 0 "-" "-"
207.46.204.166 - - [24/Mar/2012:16:11:54 -0700] "-" 400 0 "-" "-"
207.46.204.166 - - [24/Mar/2012:16:11:54 -0700] "-" 400 0 "-" "-"
207.46.204.166 - - [24/Mar/2012:16:11:54 -0700] "-" 400 0 "-" "-"
207.46.204.166 - - [24/Mar/2012:16:11:54 -0700] "-" 400 0 "-" "-"
207.46.204.166 - - [24/Mar/2012:16:11:54 -0700] "-" 400 0 "-" "-"
207.46.204.166 - - [24/Mar/2012:16:11:54 -0700] "-" 400 0 "-" "-"
207.46.204.166 - - [24/Mar/2012:16:12:33 -0700] "-" 400 0 "-" "-"
209.85.224.80 - - [24/Mar/2012:16:14:11 -0700] "GET /stories/feed HTTP/1.1" 200 13653 "-" "FeedBurner/1.0 (http://www.FeedBurner.com)"
85.17.88.169 - - [24/Mar/2012:16:15:48 -0700] "POST /blog/wp-cron.php?doing_wp_cron=1332630758 HTTP/1.0" 499 0 "-" "WordPress/3.3.1; http://yuvi.in/blog"
101.226.33.189 - - [24/Mar/2012:16:15:48 -0700] "GET /blog/feed HTTP/1.0" 304 0 "-" "Mozilla/4.0 (compatible; Windows;)"
207.46.12.253 - - [24/Mar/2012:16:17:08 -0700] "-" 400 0 "-" "-"
207.46.12.253 - - [24/Mar/2012:16:17:08 -0700] "-" 400 0 "-" "-"
207.46.12.253 - - [24/Mar/2012:16:17:09 -0700] "-" 400 0 "-" "-"
207.46.12.253 - - [24/Mar/2012:16:17:21 -0700] "-" 400 0 "-" "-"
207.46.12.253 - - [24/Mar/2012:16:17:24 -0700] "-" 400 0 "-" "-"
207.46.12.253 - - [24/Mar/2012:16:17:26 -0700] "-" 400 0 "-" "-"
207.46.12.253 - - [24/Mar/2012:16:17:26 -0700] "-" 400 0 "-" "-"
207.46.12.253 - - [24/Mar/2012:16:17:26 -0700] "-" 400 0 "-" "-"
207.46.12.253 - - [24/Mar/2012:16:17:27 -0700] "-" 400 0 "-" "-"
207.46.12.253 - - [24/Mar/2012:16:17:27 -0700] "-" 400 0 "-" "-"
207.46.12.253 - - [24/Mar/2012:16:17:27 -0700] "-" 400 0 "-" "-"
207.46.12.253 - - [24/Mar/2012:16:17:27 -0700] "-" 400 0 "-" "-"
207.46.12.253 - - [24/Mar/2012:16:18:10 -0700] "-" 400 0 "-" "-"
69.171.229.249 - - [24/Mar/2012:16:18:30 -0700] "GET /r/1uj HTTP/1.1" 301 255 "-" "facebookexternalhit/1.1 (+http://www.facebook.com/externalhit_uatext.php)"
69.171.229.245 - - [24/Mar/2012:16:18:30 -0700] "GET /s/ta/1uj/ HTTP/1.1" 302 501 "-" "facebookexternalhit/1.1 (+http://www.facebook.com/externalhit_uatext.php)"
100.43.83.144 - - [24/Mar/2012:16:19:11 -0700] "GET /r/r80 HTTP/1.1" 301 255 "-" "Mozilla/5.0 (compatible; YandexBot/3.0; +http://yandex.com/bots)"
85.17.88.169 - - [24/Mar/2012:16:19:11 -0700] "POST /blog/wp-cron.php?doing_wp_cron=1332630962 HTTP/1.0" 499 0 "-" "WordPress/3.3.1; http://yuvi.in/blog"
100.43.83.144 - - [24/Mar/2012:16:19:12 -0700] "GET /blog/2011/08/ HTTP/1.1" 200 18168 "-" "Mozilla/5.0 (compatible; YandexBot/3.0; +http://yandex.com/bots)"
207.46.12.76 - - [24/Mar/2012:16:20:48 -0700] "-" 400 0 "-" "-"
207.46.12.76 - - [24/Mar/2012:16:20:49 -0700] "-" 400 0 "-" "-"
207.46.12.76 - - [24/Mar/2012:16:20:50 -0700] "-" 400 0 "-" "-"
207.46.12.76 - - [24/Mar/2012:16:20:50 -0700] "-" 400 0 "-" "-"
207.46.12.76 - - [24/Mar/2012:16:20:50 -0700] "-" 400 0 "-" "-"
207.46.12.76 - - [24/Mar/2012:16:20:50 -0700] "-" 400 0 "-" "-"
207.46.12.76 - - [24/Mar/2012:16:20:51 -0700] "-" 400 0 "-" "-"
207.46.12.76 - - [24/Mar/2012:16:20:51 -0700] "-" 400 0 "-" "-"
207.46.12.76 - - [24/Mar/2012:16:20:51 -0700] "-" 400 0 "-" "-"
207.46.12.76 - - [24/Mar/2012:16:20:51 -0700] "-" 400 0 "-" "-"
207.46.12.76 - - [24/Mar/2012:16:20:51 -0700] "-" 400 0 "-" "-"
207.46.12.76 - - [24/Mar/2012:16:20:51 -0700] "-" 400 0 "-" "-"
207.46.12.76 - - [24/Mar/2012:16:20:51 -0700] "-" 400 0 "-" "-"
207.46.12.76 - - [24/Mar/2012:16:20:51 -0700] "-" 400 0 "-" "-"
207.46.12.76 - - [24/Mar/2012:16:20:51 -0700] "-" 400 0 "-" "-"
207.46.12.76 - - [24/Mar/2012:16:20:52 -0700] "-" 400 0 "-" "-"
207.46.12.76 - - [24/Mar/2012:16:20:53 -0700] "-" 400 0 "-" "-"
207.46.12.76 - - [24/Mar/2012:16:20:53 -0700] "-" 400 0 "-" "-"
207.46.12.76 - - [24/Mar/2012:16:20:54 -0700] "-" 400 0 "-" "-"
207.46.12.76 - - [24/Mar/2012:16:20:55 -0700] "-" 400 0 "-" "-"
117.202.134.205 - - [24/Mar/2012:16:21:45 -0700] "-" 400 0 "-" "-"
207.46.12.71 - - [24/Mar/2012:16:23:22 -0700] "-" 400 0 "-" "-"
207.46.12.71 - - [24/Mar/2012:16:23:24 -0700] "-" 400 0 "-" "-"
207.46.12.71 - - [24/Mar/2012:16:23:25 -0700] "-" 400 0 "-" "-"
207.46.12.71 - - [24/Mar/2012:16:23:25 -0700] "-" 400 0 "-" "-"
207.46.12.71 - - [24/Mar/2012:16:23:25 -0700] "-" 400 0 "-" "-"
207.46.12.71 - - [24/Mar/2012:16:23:25 -0700] "-" 400 0 "-" "-"
207.46.12.71 - - [24/Mar/2012:16:23:26 -0700] "-" 400 0 "-" "-"
207.46.12.71 - - [24/Mar/2012:16:23:26 -0700] "-" 400 0 "-" "-"
207.46.12.71 - - [24/Mar/2012:16:23:26 -0700] "-" 400 0 "-" "-"
207.46.12.71 - - [24/Mar/2012:16:23:26 -0700] "-" 400 0 "-" "-"
207.46.12.71 - - [24/Mar/2012:16:24:23 -0700] "-" 400 0 "-" "-"
85.17.88.169 - - [24/Mar/2012:16:33:25 -0700] "POST /blog/wp-cron.php?doing_wp_cron=1332631816 HTTP/1.0" 499 0 "-" "WordPress/3.3.1; http://yuvi.in/blog"
187.15.0.15 - - [24/Mar/2012:16:33:26 -0700] "GET /blog/category/code/ HTTP/1.1" 200 38680 "-" "Mozilla/5.0 (compatible; Googlebot/2.1; +http://www.google.com/bot.html)"
85.17.88.169 - - [24/Mar/2012:16:38:51 -0700] "POST /blog/wp-cron.php?doing_wp_cron=1332632141 HTTP/1.0" 499 0 "-" "WordPress/3.3.1; http://yuvi.in/blog"
209.85.224.97 - - [24/Mar/2012:16:38:51 -0700] "GET /blog/feed HTTP/1.1" 304 0 "-" "FeedBurner/1.0 (http://www.FeedBurner.com)"
85.17.88.169 - - [24/Mar/2012:16:39:57 -0700] "POST /blog/wp-cron.php?doing_wp_cron=1332632208 HTTP/1.0" 499 0 "-" "WordPress/3.3.1; http://yuvi.in/blog"
117.202.134.205 - - [24/Mar/2012:16:41:45 -0700] "-" 400 0 "-" "-"
117.202.134.205 - - [24/Mar/2012:16:41:45 -0700] "-" 400 0 "-" "-"
117.202.134.205 - - [24/Mar/2012:16:41:45 -0700] "-" 400 0 "-" "-"
117.202.134.205 - - [24/Mar/2012:16:41:45 -0700] "-" 400 0 "-" "-"
117.202.134.205 - - [24/Mar/2012:16:42:15 -0700] "-" 400 0 "-" "-"
117.202.134.205 - - [24/Mar/2012:16:42:35 -0700] "-" 400 0 "-" "-"
117.202.134.205 - - [24/Mar/2012:16:42:35 -0700] "-" 400 0 "-" "-"
117.202.134.205 - - [24/Mar/2012:16:42:35 -0700] "-" 400 0 "-" "-"
117.202.134.205 - - [24/Mar/2012:16:42:55 -0700] "-" 400 0 "-" "-"
117.202.134.205 - - [24/Mar/2012:16:42:55 -0700] "-" 400 0 "-" "-"
85.17.88.169 - - [24/Mar/2012:16:43:22 -0700] "POST /blog/wp-cron.php?doing_wp_cron=1332632413 HTTP/1.0" 499 0 "-" "WordPress/3.3.1; http://yuvi.in/blog"
31.214.133.17 - - [24/Mar/2012:16:43:23 -0700] "GET /blog/2011/04/ HTTP/1.0" 200 20675 "http://yuvi.in/blog/2011/04/" "Mozilla/4.0 (compatible; MSIE 6.0; Windows NT 5.1)"
117.202.134.205 - - [24/Mar/2012:16:43:35 -0700] "-" 400 0 "-" "-"
85.17.88.169 - - [24/Mar/2012:16:43:50 -0700] "POST /blog/wp-cron.php?doing_wp_cron=1332632441 HTTP/1.0" 499 0 "-" "WordPress/3.3.1; http://yuvi.in/blog"
100.43.83.144 - - [24/Mar/2012:16:43:51 -0700] "GET /blog/category/so-called-it/ HTTP/1.1" 200 12881 "-" "Mozilla/5.0 (compatible; YandexBot/3.0; +http://yandex.com/bots)"
207.46.193.57 - - [24/Mar/2012:16:44:53 -0700] "-" 400 0 "-" "-"
207.46.193.57 - - [24/Mar/2012:16:44:54 -0700] "-" 400 0 "-" "-"
207.46.193.57 - - [24/Mar/2012:16:44:55 -0700] "-" 400 0 "-" "-"
207.46.193.57 - - [24/Mar/2012:16:44:55 -0700] "-" 400 0 "-" "-"
207.46.193.57 - - [24/Mar/2012:16:44:55 -0700] "-" 400 0 "-" "-"
207.46.193.57 - - [24/Mar/2012:16:44:55 -0700] "-" 400 0 "-" "-"
207.46.193.57 - - [24/Mar/2012:16:44:55 -0700] "-" 400 0 "-" "-"
207.46.193.57 - - [24/Mar/2012:16:44:55 -0700] "-" 400 0 "-" "-"
207.46.193.57 - - [24/Mar/2012:16:44:55 -0700] "-" 400 0 "-" "-"
207.46.193.57 - - [24/Mar/2012:16:45:35 -0700] "-" 400 0 "-" "-"
207.46.193.57 - - [24/Mar/2012:16:45:45 -0700] "-" 400 0 "-" "-"
107.21.193.83 - - [24/Mar/2012:16:46:18 -0700] "GET /robots.txt HTTP/1.1" 404 211 "-" "Mozilla/5.0 (Macintosh; U; Intel Mac OS X 10.6; en-US; rv:1.9.2) Gecko/20100115 Firefox/3.6 (FlipboardProxy/1.1; +http://flipboard.com/browserproxy)"
107.21.193.83 - - [24/Mar/2012:16:46:18 -0700] "GET /r/1txa HTTP/1.1" 301 257 "-" "Mozilla/5.0 (Macintosh; U; Intel Mac OS X 10.6; en-US; rv:1.9.2) Gecko/20100115 Firefox/3.6 (FlipboardProxy/1.1; +http://flipboard.com/browserproxy)"
107.21.193.83 - - [24/Mar/2012:16:46:18 -0700] "GET /s/ta/1txa/ HTTP/1.1" 302 413 "-" "Mozilla/5.0 (Macintosh; U; Intel Mac OS X 10.6; en-US; rv:1.9.2) Gecko/20100115 Firefox/3.6 (FlipboardProxy/1.1; +http://flipboard.com/browserproxy)"
207.46.12.252 - - [24/Mar/2012:16:49:42 -0700] "-" 400 0 "-" "-"
207.46.12.252 - - [24/Mar/2012:16:49:42 -0700] "-" 400 0 "-" "-"
207.46.12.252 - - [24/Mar/2012:16:49:44 -0700] "-" 400 0 "-" "-"
207.46.12.252 - - [24/Mar/2012:16:49:50 -0700] "-" 400 0 "-" "-"
207.46.12.252 - - [24/Mar/2012:16:49:55 -0700] "-" 400 0 "-" "-"
207.46.12.252 - - [24/Mar/2012:16:49:57 -0700] "-" 400 0 "-" "-"
207.46.12.252 - - [24/Mar/2012:16:49:57 -0700] "-" 400 0 "-" "-"
69.171.247.7 - - [24/Mar/2012:16:49:57 -0700] "GET /r/nv0 HTTP/1.1" 301 255 "-" "facebookexternalhit/1.1 (+http://www.facebook.com/externalhit_uatext.php)"
69.171.247.5 - - [24/Mar/2012:16:49:58 -0700] "GET /s/ta/nv0/ HTTP/1.1" 302 437 "-" "facebookexternalhit/1.1 (+http://www.facebook.com/externalhit_uatext.php)"
207.46.12.252 - - [24/Mar/2012:16:50:01 -0700] "-" 400 0 "-" "-"
207.46.12.252 - - [24/Mar/2012:16:50:07 -0700] "-" 400 0 "-" "-"
207.46.12.252 - - [24/Mar/2012:16:50:09 -0700] "-" 400 0 "-" "-"
207.46.12.252 - - [24/Mar/2012:16:50:09 -0700] "-" 400 0 "-" "-"
207.46.12.252 - - [24/Mar/2012:16:50:12 -0700] "-" 400 0 "-" "-"
207.46.12.252 - - [24/Mar/2012:16:50:12 -0700] "-" 400 0 "-" "-"
157.56.80.75 - - [24/Mar/2012:16:51:05 -0700] "-" 400 0 "-" "-"
157.56.80.75 - - [24/Mar/2012:16:51:07 -0700] "-" 400 0 "-" "-"
157.56.80.75 - - [24/Mar/2012:16:51:08 -0700] "-" 400 0 "-" "-"
157.56.80.75 - - [24/Mar/2012:16:51:08 -0700] "-" 400 0 "-" "-"
157.56.80.75 - - [24/Mar/2012:16:51:08 -0700] "-" 400 0 "-" "-"
157.56.80.75 - - [24/Mar/2012:16:51:08 -0700] "-" 400 0 "-" "-"
157.56.80.75 - - [24/Mar/2012:16:51:08 -0700] "-" 400 0 "-" "-"
157.56.80.75 - - [24/Mar/2012:16:51:09 -0700] "-" 400 0 "-" "-"
157.56.80.75 - - [24/Mar/2012:16:51:09 -0700] "-" 400 0 "-" "-"
157.56.80.75 - - [24/Mar/2012:16:51:09 -0700] "-" 400 0 "-" "-"
157.56.80.75 - - [24/Mar/2012:16:51:09 -0700] "-" 400 0 "-" "-"
85.17.88.169 - - [24/Mar/2012:16:51:12 -0700] "POST /blog/wp-cron.php?doing_wp_cron=1332632882 HTTP/1.0" 499 0 "-" "WordPress/3.3.1; http://yuvi.in/blog"
209.85.238.115 - - [24/Mar/2012:16:51:13 -0700] "GET /blog/feed HTTP/1.1" 301 0 "-" "Feedfetcher-Google; (+http://www.google.com/feedfetcher.html; 3 subscribers; feed-id=17684830852112633560)"
85.17.88.169 - - [24/Mar/2012:16:51:15 -0700] "POST /blog/wp-cron.php?doing_wp_cron=1332632885 HTTP/1.0" 499 0 "-" "WordPress/3.3.1; http://yuvi.in/blog"
209.85.238.115 - - [24/Mar/2012:16:51:15 -0700] "GET /blog/feed/ HTTP/1.1" 304 0 "-" "Feedfetcher-Google; (+http://www.google.com/feedfetcher.html; 3 subscribers; feed-id=17684830852112633560)"
66.249.68.106 - - [24/Mar/2012:16:51:39 -0700] "GET /admin/routes/route/3032/ HTTP/1.1" 404 142 "-" "Mozilla/5.0 (compatible; Googlebot/2.1; +http://www.google.com/bot.html)"
85.17.88.169 - - [24/Mar/2012:16:52:00 -0700] "POST /blog/wp-cron.php?doing_wp_cron=1332632931 HTTP/1.0" 499 0 "-" "WordPress/3.3.1; http://yuvi.in/blog"
180.76.5.166 - - [24/Mar/2012:16:52:01 -0700] "GET /blog/?p=23 HTTP/1.1" 301 0 "-" "Mozilla/5.0 (compatible; Baiduspider/2.0; +http://www.baidu.com/search/spider.html)"
85.17.88.169 - - [24/Mar/2012:16:52:03 -0700] "POST /blog/wp-cron.php?doing_wp_cron=1332632933 HTTP/1.0" 499 0 "-" "WordPress/3.3.1; http://yuvi.in/blog"
180.76.6.35 - - [24/Mar/2012:16:52:03 -0700] "GET /blog/abigger-binary-heart/ HTTP/1.1" 200 4386 "-" "Mozilla/5.0 (compatible; Baiduspider/2.0; +http://www.baidu.com/search/spider.html)"
85.17.88.169 - - [24/Mar/2012:16:53:00 -0700] "POST /blog/wp-cron.php?doing_wp_cron=1332632991 HTTP/1.0" 499 0 "-" "WordPress/3.3.1; http://yuvi.in/blog"
209.85.238.115 - - [24/Mar/2012:16:53:01 -0700] "GET /blog/feed/ HTTP/1.1" 304 0 "-" "Feedfetcher-Google; (+http://www.google.com/feedfetcher.html; 18 subscribers; feed-id=15064232456473204253)"
85.17.88.169 - - [24/Mar/2012:16:59:41 -0700] "POST /blog/wp-cron.php?doing_wp_cron=1332633392 HTTP/1.0" 499 0 "-" "WordPress/3.3.1; http://yuvi.in/blog"
213.186.127.13 - - [24/Mar/2012:16:59:42 -0700] "GET /blog/2010/03/ HTTP/1.1" 200 7208 "-" "Mozilla/5.0 (compatible; AhrefsBot/2.0; +http://ahrefs.com/robot/)"
92.233.77.224 - - [24/Mar/2012:17:05:09 -0700] "GET /r/23z HTTP/1.1" 301 255 "-" "Mozilla/5.0 (iPhone; CPU iPhone OS 5_0_1 like Mac OS X) AppleWebKit/534.46 (KHTML, like Gecko) Mobile/9A406"
92.233.77.224 - - [24/Mar/2012:17:05:09 -0700] "GET /s/ta/23z/ HTTP/1.1" 302 397 "-" "Mozilla/5.0 (iPhone; CPU iPhone OS 5_0_1 like Mac OS X) AppleWebKit/534.46 (KHTML, like Gecko) Mobile/9A406"
92.233.77.224 - - [24/Mar/2012:17:05:11 -0700] "GET /r/1va HTTP/1.1" 301 255 "-" "Mozilla/5.0 (iPhone; CPU iPhone OS 5_0_1 like Mac OS X) AppleWebKit/534.46 (KHTML, like Gecko) Mobile/9A406"
92.233.77.224 - - [24/Mar/2012:17:05:12 -0700] "GET /s/ta/1va/ HTTP/1.1" 302 409 "-" "Mozilla/5.0 (iPhone; CPU iPhone OS 5_0_1 like Mac OS X) AppleWebKit/534.46 (KHTML, like Gecko) Mobile/9A406"
85.17.88.169 - - [24/Mar/2012:17:05:56 -0700] "POST /blog/wp-cron.php?doing_wp_cron=1332633767 HTTP/1.0" 499 0 "-" "WordPress/3.3.1; http://yuvi.in/blog"
100.43.83.144 - - [24/Mar/2012:17:05:57 -0700] "GET /r/r80 HTTP/1.1" 301 255 "-" "Mozilla/5.0 (compatible; YandexBot/3.0; +http://yandex.com/bots)"
100.43.83.144 - - [24/Mar/2012:17:05:57 -0700] "GET /blog/category/devlog/ HTTP/1.1" 200 14854 "-" "Mozilla/5.0 (compatible; YandexBot/3.0; +http://yandex.com/bots)"
207.46.204.211 - - [24/Mar/2012:17:08:02 -0700] "-" 400 0 "-" "-"
207.46.204.211 - - [24/Mar/2012:17:08:04 -0700] "-" 400 0 "-" "-"
207.46.204.211 - - [24/Mar/2012:17:08:04 -0700] "-" 400 0 "-" "-"
207.46.204.211 - - [24/Mar/2012:17:08:05 -0700] "-" 400 0 "-" "-"
207.46.204.211 - - [24/Mar/2012:17:08:05 -0700] "-" 400 0 "-" "-"
207.46.204.211 - - [24/Mar/2012:17:08:06 -0700] "-" 400 0 "-" "-"
207.46.204.211 - - [24/Mar/2012:17:08:06 -0700] "-" 400 0 "-" "-"
207.46.204.211 - - [24/Mar/2012:17:08:06 -0700] "-" 400 0 "-" "-"
207.46.204.211 - - [24/Mar/2012:17:08:06 -0700] "-" 400 0 "-" "-"
207.46.204.211 - - [24/Mar/2012:17:08:06 -0700] "-" 400 0 "-" "-"
207.46.204.211 - - [24/Mar/2012:17:08:40 -0700] "-" 400 0 "-" "-"
85.17.88.169 - - [24/Mar/2012:17:08:59 -0700] "POST /blog/wp-cron.php?doing_wp_cron=1332633950 HTTP/1.0" 499 0 "-" "WordPress/3.3.1; http://yuvi.in/blog"
209.85.224.96 - - [24/Mar/2012:17:09:00 -0700] "GET /blog/feed HTTP/1.1" 304 0 "-" "FeedBurner/1.0 (http://www.FeedBurner.com)"
207.46.204.218 - - [24/Mar/2012:17:12:21 -0700] "-" 400 0 "-" "-"
207.46.204.218 - - [24/Mar/2012:17:12:22 -0700] "-" 400 0 "-" "-"
207.46.204.218 - - [24/Mar/2012:17:12:23 -0700] "-" 400 0 "-" "-"
207.46.204.218 - - [24/Mar/2012:17:12:24 -0700] "-" 400 0 "-" "-"
207.46.204.218 - - [24/Mar/2012:17:12:24 -0700] "-" 400 0 "-" "-"
207.46.204.218 - - [24/Mar/2012:17:12:24 -0700] "-" 400 0 "-" "-"
207.46.204.218 - - [24/Mar/2012:17:12:25 -0700] "-" 400 0 "-" "-"
207.46.204.218 - - [24/Mar/2012:17:12:25 -0700] "-" 400 0 "-" "-"
207.46.204.218 - - [24/Mar/2012:17:12:25 -0700] "-" 400 0 "-" "-"
207.46.204.218 - - [24/Mar/2012:17:12:26 -0700] "-" 400 0 "-" "-"
207.46.12.250 - - [24/Mar/2012:17:13:22 -0700] "-" 400 0 "-" "-"
207.46.12.250 - - [24/Mar/2012:17:13:22 -0700] "-" 400 0 "-" "-"
207.46.12.250 - - [24/Mar/2012:17:13:22 -0700] "-" 400 0 "-" "-"
207.46.12.250 - - [24/Mar/2012:17:13:24 -0700] "-" 400 0 "-" "-"
207.46.12.250 - - [24/Mar/2012:17:13:25 -0700] "-" 400 0 "-" "-"
207.46.12.250 - - [24/Mar/2012:17:13:26 -0700] "-" 400 0 "-" "-"
207.46.12.250 - - [24/Mar/2012:17:13:26 -0700] "-" 400 0 "-" "-"
207.46.12.250 - - [24/Mar/2012:17:13:28 -0700] "-" 400 0 "-" "-"
207.46.12.250 - - [24/Mar/2012:17:13:30 -0700] "-" 400 0 "-" "-"
207.46.12.250 - - [24/Mar/2012:17:13:31 -0700] "-" 400 0 "-" "-"
207.46.12.250 - - [24/Mar/2012:17:13:33 -0700] "-" 400 0 "-" "-"
207.46.12.250 - - [24/Mar/2012:17:13:33 -0700] "-" 400 0 "-" "-"
66.249.68.106 - - [24/Mar/2012:17:14:08 -0700] "GET /admin/routes/route/3124/ HTTP/1.1" 404 142 "-" "Mozilla/5.0 (compatible; Googlebot/2.1; +http://www.google.com/bot.html)"
209.85.224.84 - - [24/Mar/2012:17:14:14 -0700] "GET /stories/feed HTTP/1.1" 200 13653 "-" "FeedBurner/1.0 (http://www.FeedBurner.com)"
124.115.0.167 - - [24/Mar/2012:17:15:57 -0700] "GET / HTTP/1.1" 304 0 "-" "Sosospider+(+http://help.soso.com/webspider.htm)"
85.17.88.169 - - [24/Mar/2012:17:18:57 -0700] "POST /blog/wp-cron.php?doing_wp_cron=1332634547 HTTP/1.0" 499 0 "-" "WordPress/3.3.1; http://yuvi.in/blog"
208.115.113.84 - - [24/Mar/2012:17:18:57 -0700] "GET /blog/2010/07/22/ HTTP/1.1" 200 24661 "-" "Mozilla/5.0 (compatible; Ezooms/1.0; ezooms.bot@gmail.com)"
85.17.88.169 - - [24/Mar/2012:17:19:03 -0700] "POST /blog/wp-cron.php?doing_wp_cron=1332634554 HTTP/1.0" 499 0 "-" "WordPress/3.3.1; http://yuvi.in/blog"
208.115.113.84 - - [24/Mar/2012:17:19:04 -0700] "GET /blog/devlog-mar-2011/ HTTP/1.1" 200 17534 "-" "Mozilla/5.0 (compatible; Ezooms/1.0; ezooms.bot@gmail.com)"
85.17.88.169 - - [24/Mar/2012:17:19:07 -0700] "POST /blog/wp-cron.php?doing_wp_cron=1332634558 HTTP/1.0" 499 0 "-" "WordPress/3.3.1; http://yuvi.in/blog"
208.115.113.84 - - [24/Mar/2012:17:19:08 -0700] "GET /blog/my-first-accepted-patch.html HTTP/1.1" 200 6183 "-" "Mozilla/5.0 (compatible; Ezooms/1.0; ezooms.bot@gmail.com)"
101.226.33.179 - - [24/Mar/2012:17:19:08 -0700] "GET /blog/feed HTTP/1.0" 304 0 "-" "Mozilla/4.0 (compatible; Windows;)"
208.115.113.84 - - [24/Mar/2012:17:19:10 -0700] "GET /blog/tag/hackfest.html HTTP/1.1" 200 10044 "-" "Mozilla/5.0 (compatible; Ezooms/1.0; ezooms.bot@gmail.com)"
208.115.113.84 - - [24/Mar/2012:17:19:12 -0700] "GET /blog/tag/india.html HTTP/1.1" 200 8234 "-" "Mozilla/5.0 (compatible; Ezooms/1.0; ezooms.bot@gmail.com)"
208.80.194.32 - - [24/Mar/2012:17:28:05 -0700] "GET / HTTP/1.0" 200 3439 "-" "Mozilla/4.0 (compatible; MSIE 7.0; Windows NT 5.1; .NET CLR 1.1.4322; InfoPath.1; InfoPath.2; .NET CLR 2.0.50727)"
207.46.199.141 - - [24/Mar/2012:17:28:49 -0700] "-" 400 0 "-" "-"
207.46.199.141 - - [24/Mar/2012:17:28:49 -0700] "-" 400 0 "-" "-"
207.46.199.141 - - [24/Mar/2012:17:28:49 -0700] "-" 400 0 "-" "-"
207.46.199.141 - - [24/Mar/2012:17:28:51 -0700] "-" 400 0 "-" "-"
207.46.199.141 - - [24/Mar/2012:17:28:51 -0700] "-" 400 0 "-" "-"
207.46.199.141 - - [24/Mar/2012:17:28:52 -0700] "-" 400 0 "-" "-"
207.46.199.141 - - [24/Mar/2012:17:28:52 -0700] "-" 400 0 "-" "-"
207.46.199.141 - - [24/Mar/2012:17:28:53 -0700] "-" 400 0 "-" "-"
207.46.199.141 - - [24/Mar/2012:17:28:54 -0700] "-" 400 0 "-" "-"
207.46.199.141 - - [24/Mar/2012:17:28:54 -0700] "-" 400 0 "-" "-"
207.46.199.141 - - [24/Mar/2012:17:28:54 -0700] "-" 400 0 "-" "-"
207.46.199.141 - - [24/Mar/2012:17:28:54 -0700] "-" 400 0 "-" "-"
67.215.230.28 - - [24/Mar/2012:17:32:24 -0700] "GET /robots.txt HTTP/1.0" 404 169 "-" "Setooz/Nutch-1.2 (http://www.setooz.com)"
67.215.230.28 - - [24/Mar/2012:17:32:24 -0700] "GET /stories HTTP/1.0" 301 185 "-" "Setooz/Nutch-1.2 (http://www.setooz.com)"
67.215.230.28 - - [24/Mar/2012:17:32:25 -0700] "GET /robots.txt HTTP/1.0" 404 169 "-" "Setooz/Nutch-1.2 (http://www.setooz.com)"
67.215.230.28 - - [24/Mar/2012:17:32:25 -0700] "GET / HTTP/1.0" 200 3439 "-" "Setooz/Nutch-1.2 (http://www.setooz.com)"
85.17.88.169 - - [24/Mar/2012:17:33:53 -0700] "POST /blog/wp-cron.php?doing_wp_cron=1332635443 HTTP/1.0" 499 0 "-" "WordPress/3.3.1; http://yuvi.in/blog"
220.181.108.161 - - [24/Mar/2012:17:33:54 -0700] "GET /blog/2012/03/ HTTP/1.1" 200 3953 "-" "Mozilla/5.0 (compatible; Baiduspider/2.0; +http://www.baidu.com/search/spider.html)"
207.241.237.206 - - [24/Mar/2012:17:35:26 -0700] "GET /robots.txt HTTP/1.0" 404 169 "-" "Mozilla/5.0 (compatible; archive.org_bot +http://www.archive.org/details/archive.org_bot)"
207.241.237.206 - - [24/Mar/2012:17:35:30 -0700] "GET /header.png HTTP/1.0" 200 14249 "-" "Mozilla/5.0 (compatible; archive.org_bot +http://www.archive.org/details/archive.org_bot)"
207.46.12.71 - - [24/Mar/2012:17:37:20 -0700] "-" 400 0 "-" "-"
207.46.12.71 - - [24/Mar/2012:17:37:22 -0700] "-" 400 0 "-" "-"
207.46.12.71 - - [24/Mar/2012:17:37:22 -0700] "-" 400 0 "-" "-"
207.46.12.71 - - [24/Mar/2012:17:37:23 -0700] "-" 400 0 "-" "-"
207.46.12.71 - - [24/Mar/2012:17:37:23 -0700] "-" 400 0 "-" "-"
207.46.12.71 - - [24/Mar/2012:17:37:24 -0700] "-" 400 0 "-" "-"
207.46.12.71 - - [24/Mar/2012:17:37:25 -0700] "-" 400 0 "-" "-"
207.46.12.71 - - [24/Mar/2012:17:37:25 -0700] "-" 400 0 "-" "-"
207.46.12.71 - - [24/Mar/2012:17:37:25 -0700] "-" 400 0 "-" "-"
207.46.12.71 - - [24/Mar/2012:17:37:25 -0700] "-" 400 0 "-" "-"
207.241.237.206 - - [24/Mar/2012:17:38:01 -0700] "GET /blueprint/screen.css HTTP/1.0" 200 12058 "-" "Mozilla/5.0 (compatible; archive.org_bot +http://www.archive.org/details/archive.org_bot)"
207.46.12.71 - - [24/Mar/2012:17:38:23 -0700] "-" 400 0 "-" "-"
85.17.88.169 - - [24/Mar/2012:17:39:07 -0700] "POST /blog/wp-cron.php?doing_wp_cron=1332635757 HTTP/1.0" 499 0 "-" "WordPress/3.3.1; http://yuvi.in/blog"
209.85.224.99 - - [24/Mar/2012:17:39:08 -0700] "GET /blog/feed HTTP/1.1" 304 0 "-" "FeedBurner/1.0 (http://www.FeedBurner.com)"
207.241.237.206 - - [24/Mar/2012:17:43:57 -0700] "GET /blueprint/print.css HTTP/1.0" 200 1284 "-" "Mozilla/5.0 (compatible; archive.org_bot +http://www.archive.org/details/archive.org_bot)"
66.249.68.106 - - [24/Mar/2012:17:47:58 -0700] "GET /admin/routes/route/3128/ HTTP/1.1" 404 142 "-" "Mozilla/5.0 (compatible; Googlebot/2.1; +http://www.google.com/bot.html)"
208.115.111.68 - - [24/Mar/2012:17:48:30 -0700] "GET /robots.txt HTTP/1.1" 404 169 "-" "Mozilla/5.0 (compatible; Ezooms/1.0; ezooms.bot@gmail.com)"
85.17.88.169 - - [24/Mar/2012:17:49:52 -0700] "POST /blog/wp-cron.php?doing_wp_cron=1332636402 HTTP/1.0" 499 0 "-" "WordPress/3.3.1; http://yuvi.in/blog"
96.45.189.21 - - [24/Mar/2012:17:49:52 -0700] "GET /blog/my-vim-setup/ HTTP/1.1" 200 6473 "-" "Mozilla/5.0 (Macintosh; Intel Mac OS X 10_6_8) AppleWebKit/535.11 (KHTML, like Gecko) Chrome/17.0.963.83 Safari/535.11"
96.45.189.21 - - [24/Mar/2012:17:49:53 -0700] "GET /blog/wp-content/themes/cleanr/js/jquery.dropdown.js?ver=3.3.1 HTTP/1.1" 200 535 "http://yuvi.in/blog/my-vim-setup/" "Mozilla/5.0 (Macintosh; Intel Mac OS X 10_6_8) AppleWebKit/535.11 (KHTML, like Gecko) Chrome/17.0.963.83 Safari/535.11"
96.45.189.21 - - [24/Mar/2012:17:49:53 -0700] "GET /blog/wp-content/themes/cleanr/style.css HTTP/1.1" 200 10508 "http://yuvi.in/blog/my-vim-setup/" "Mozilla/5.0 (Macintosh; Intel Mac OS X 10_6_8) AppleWebKit/535.11 (KHTML, like Gecko) Chrome/17.0.963.83 Safari/535.11"
96.45.189.21 - - [24/Mar/2012:17:49:53 -0700] "GET /blog/wp-content/themes/cleanr/css/960.css HTTP/1.1" 200 3628 "http://yuvi.in/blog/my-vim-setup/" "Mozilla/5.0 (Macintosh; Intel Mac OS X 10_6_8) AppleWebKit/535.11 (KHTML, like Gecko) Chrome/17.0.963.83 Safari/535.11"
96.45.189.21 - - [24/Mar/2012:17:49:53 -0700] "GET /blog/wp-content/themes/cleanr/css/reset.css HTTP/1.1" 200 648 "http://yuvi.in/blog/my-vim-setup/" "Mozilla/5.0 (Macintosh; Intel Mac OS X 10_6_8) AppleWebKit/535.11 (KHTML, like Gecko) Chrome/17.0.963.83 Safari/535.11"
96.45.189.21 - - [24/Mar/2012:17:49:53 -0700] "GET /blog/wp-content/themes/cleanr/css/text.css HTTP/1.1" 200 420 "http://yuvi.in/blog/my-vim-setup/" "Mozilla/5.0 (Macintosh; Intel Mac OS X 10_6_8) AppleWebKit/535.11 (KHTML, like Gecko) Chrome/17.0.963.83 Safari/535.11"
96.45.189.21 - - [24/Mar/2012:17:49:53 -0700] "GET /blog/wp-includes/js/jquery/jquery.js?ver=1.7.1 HTTP/1.1" 200 93889 "http://yuvi.in/blog/my-vim-setup/" "Mozilla/5.0 (Macintosh; Intel Mac OS X 10_6_8) AppleWebKit/535.11 (KHTML, like Gecko) Chrome/17.0.963.83 Safari/535.11"
96.45.189.21 - - [24/Mar/2012:17:49:54 -0700] "GET /blog/wp-content/themes/cleanr/images/search_magnifier.gif HTTP/1.1" 200 394 "http://yuvi.in/blog/my-vim-setup/" "Mozilla/5.0 (Macintosh; Intel Mac OS X 10_6_8) AppleWebKit/535.11 (KHTML, like Gecko) Chrome/17.0.963.83 Safari/535.11"
96.45.189.21 - - [24/Mar/2012:17:49:55 -0700] "GET /favicon.ico HTTP/1.1" 404 199 "-" "Mozilla/5.0 (Macintosh; Intel Mac OS X 10_6_8) AppleWebKit/535.11 (KHTML, like Gecko) Chrome/17.0.963.83 Safari/535.11"
96.45.189.21 - - [24/Mar/2012:17:49:56 -0700] "GET /favicon.ico HTTP/1.1" 404 199 "-" "Mozilla/5.0 (Macintosh; Intel Mac OS X 10_6_8) AppleWebKit/535.11 (KHTML, like Gecko) Chrome/17.0.963.83 Safari/535.11"
96.45.189.21 - - [24/Mar/2012:17:49:56 -0700] "GET /favicon.ico HTTP/1.1" 404 199 "-" "Mozilla/5.0 (Macintosh; Intel Mac OS X 10_6_8) AppleWebKit/535.11 (KHTML, like Gecko) Chrome/17.0.963.83 Safari/535.11"
96.45.189.21 - - [24/Mar/2012:17:49:56 -0700] "GET /favicon.ico HTTP/1.1" 404 199 "-" "Mozilla/5.0 (Macintosh; Intel Mac OS X 10_6_8) AppleWebKit/535.11 (KHTML, like Gecko) Chrome/17.0.963.83 Safari/535.11"
85.17.88.169 - - [24/Mar/2012:17:49:59 -0700] "POST /blog/wp-cron.php?doing_wp_cron=1332636409 HTTP/1.0" 499 0 "-" "WordPress/3.3.1; http://yuvi.in/blog"
96.45.189.21 - - [24/Mar/2012:17:49:59 -0700] "GET /blog/my-vim-setup/?cf_action=sync_comments&post_id=181 HTTP/1.1" 200 48 "http://yuvi.in/blog/my-vim-setup/" "Mozilla/5.0 (Macintosh; Intel Mac OS X 10_6_8) AppleWebKit/535.11 (KHTML, like Gecko) Chrome/17.0.963.83 Safari/535.11"
85.17.88.169 - - [24/Mar/2012:17:54:52 -0700] "POST /blog/wp-cron.php?doing_wp_cron=1332636702 HTTP/1.0" 499 0 "-" "WordPress/3.3.1; http://yuvi.in/blog"
209.85.238.115 - - [24/Mar/2012:17:54:52 -0700] "GET /blog/feed HTTP/1.1" 301 0 "-" "Feedfetcher-Google; (+http://www.google.com/feedfetcher.html; 3 subscribers; feed-id=17684830852112633560)"
85.17.88.169 - - [24/Mar/2012:17:54:54 -0700] "POST /blog/wp-cron.php?doing_wp_cron=1332636705 HTTP/1.0" 499 0 "-" "WordPress/3.3.1; http://yuvi.in/blog"
209.85.238.115 - - [24/Mar/2012:17:54:55 -0700] "GET /blog/feed/ HTTP/1.1" 304 0 "-" "Feedfetcher-Google; (+http://www.google.com/feedfetcher.html; 3 subscribers; feed-id=17684830852112633560)"
122.174.32.87 - - [24/Mar/2012:17:55:07 -0700] "-" 400 0 "-" "-"
207.46.199.146 - - [24/Mar/2012:17:55:50 -0700] "-" 400 0 "-" "-"
207.46.199.146 - - [24/Mar/2012:17:55:50 -0700] "-" 400 0 "-" "-"
207.46.199.146 - - [24/Mar/2012:17:55:51 -0700] "-" 400 0 "-" "-"
207.46.199.146 - - [24/Mar/2012:17:55:51 -0700] "-" 400 0 "-" "-"
207.46.199.146 - - [24/Mar/2012:17:55:51 -0700] "-" 400 0 "-" "-"
207.46.199.146 - - [24/Mar/2012:17:55:51 -0700] "-" 400 0 "-" "-"
207.46.199.146 - - [24/Mar/2012:17:55:52 -0700] "-" 400 0 "-" "-"
207.46.199.146 - - [24/Mar/2012:17:55:52 -0700] "-" 400 0 "-" "-"
207.46.199.146 - - [24/Mar/2012:17:55:52 -0700] "-" 400 0 "-" "-"
207.46.199.144 - - [24/Mar/2012:17:57:12 -0700] "-" 400 0 "-" "-"
207.46.199.144 - - [24/Mar/2012:17:57:12 -0700] "-" 400 0 "-" "-"
207.46.199.144 - - [24/Mar/2012:17:57:15 -0700] "-" 400 0 "-" "-"
122.174.32.87 - - [24/Mar/2012:17:57:16 -0700] "-" 400 0 "-" "-"
207.46.199.144 - - [24/Mar/2012:17:57:24 -0700] "-" 400 0 "-" "-"
207.46.199.144 - - [24/Mar/2012:17:57:26 -0700] "-" 400 0 "-" "-"
207.46.199.144 - - [24/Mar/2012:17:57:27 -0700] "-" 400 0 "-" "-"
207.46.199.144 - - [24/Mar/2012:17:57:31 -0700] "-" 400 0 "-" "-"
207.46.199.144 - - [24/Mar/2012:17:57:31 -0700] "-" 400 0 "-" "-"
207.46.199.144 - - [24/Mar/2012:17:57:32 -0700] "-" 400 0 "-" "-"
207.46.199.144 - - [24/Mar/2012:17:57:32 -0700] "-" 400 0 "-" "-"
207.46.199.144 - - [24/Mar/2012:17:57:34 -0700] "-" 400 0 "-" "-"
207.46.199.144 - - [24/Mar/2012:17:57:34 -0700] "-" 400 0 "-" "-"
207.46.199.144 - - [24/Mar/2012:17:57:44 -0700] "-" 400 0 "-" "-"
117.193.200.244 - - [24/Mar/2012:17:58:10 -0700] "-" 400 0 "-" "-"
85.17.88.169 - - [24/Mar/2012:18:03:01 -0700] "POST /blog/wp-cron.php?doing_wp_cron=1332637191 HTTP/1.0" 499 0 "-" "WordPress/3.3.1; http://yuvi.in/blog"
209.85.238.115 - - [24/Mar/2012:18:03:01 -0700] "GET /blog/feed/ HTTP/1.1" 304 0 "-" "Feedfetcher-Google; (+http://www.google.com/feedfetcher.html; 18 subscribers; feed-id=15064232456473204253)"
157.56.80.74 - - [24/Mar/2012:18:07:47 -0700] "-" 400 0 "-" "-"
157.56.80.74 - - [24/Mar/2012:18:07:48 -0700] "-" 400 0 "-" "-"
157.56.80.74 - - [24/Mar/2012:18:07:48 -0700] "-" 400 0 "-" "-"
157.56.80.74 - - [24/Mar/2012:18:07:49 -0700] "-" 400 0 "-" "-"
157.56.80.74 - - [24/Mar/2012:18:07:49 -0700] "-" 400 0 "-" "-"
157.56.80.74 - - [24/Mar/2012:18:07:50 -0700] "-" 400 0 "-" "-"
157.56.80.74 - - [24/Mar/2012:18:07:50 -0700] "-" 400 0 "-" "-"
157.56.80.74 - - [24/Mar/2012:18:07:50 -0700] "-" 400 0 "-" "-"
157.56.80.74 - - [24/Mar/2012:18:07:50 -0700] "-" 400 0 "-" "-"
157.56.80.74 - - [24/Mar/2012:18:07:50 -0700] "-" 400 0 "-" "-"
157.56.80.74 - - [24/Mar/2012:18:07:50 -0700] "-" 400 0 "-" "-"
157.56.80.74 - - [24/Mar/2012:18:08:47 -0700] "-" 400 0 "-" "-"
85.17.88.169 - - [24/Mar/2012:18:09:18 -0700] "POST /blog/wp-cron.php?doing_wp_cron=1332637568 HTTP/1.0" 499 0 "-" "WordPress/3.3.1; http://yuvi.in/blog"
75.131.206.131 - - [24/Mar/2012:18:09:18 -0700] "GET / HTTP/1.1" 200 1430 "-" "Reeder/1.5.5 CFNetwork/548.1.4 Darwin/11.0.0"
75.131.206.131 - - [24/Mar/2012:18:09:19 -0700] "GET /favicon.ico HTTP/1.1" 404 142 "-" "Reeder/1.5.5 CFNetwork/548.1.4 Darwin/11.0.0"
209.85.224.90 - - [24/Mar/2012:18:09:19 -0700] "GET /blog/feed HTTP/1.1" 304 0 "-" "FeedBurner/1.0 (http://www.FeedBurner.com)"
75.131.206.131 - - [24/Mar/2012:18:09:19 -0700] "GET /apple-touch-icon.png HTTP/1.1" 404 142 "-" "Reeder/1.5.5 CFNetwork/548.1.4 Darwin/11.0.0"
75.131.206.131 - - [24/Mar/2012:18:09:19 -0700] "GET /apple-touch-icon-precomposed.png HTTP/1.1" 404 142 "-" "Reeder/1.5.5 CFNetwork/548.1.4 Darwin/11.0.0"
85.17.88.169 - - [24/Mar/2012:18:12:46 -0700] "POST /blog/wp-cron.php?doing_wp_cron=1332637776 HTTP/1.0" 499 0 "-" "WordPress/3.3.1; http://yuvi.in/blog"
119.247.132.58 - - [24/Mar/2012:18:12:47 -0700] "GET /blog/functional-programming-geekweekend-at-thoughtworks/feed HTTP/1.1" 301 0 "-" "Mozilla/4.0 (compatible; MSIE 5.5; Windows NT)"
85.17.88.169 - - [24/Mar/2012:18:12:49 -0700] "POST /blog/wp-cron.php?doing_wp_cron=1332637779 HTTP/1.0" 499 0 "-" "WordPress/3.3.1; http://yuvi.in/blog"
119.247.132.58 - - [24/Mar/2012:18:12:49 -0700] "GET /blog/functional-programming-geekweekend-at-thoughtworks/feed/ HTTP/1.1" 200 963 "-" "Mozilla/4.0 (compatible; MSIE 5.5; Windows NT)"
207.241.237.206 - - [24/Mar/2012:18:13:24 -0700] "GET /stories HTTP/1.0" 301 185 "-" "Mozilla/5.0 (compatible; archive.org_bot +http://www.archive.org/details/archive.org_bot)"
209.85.224.87 - - [24/Mar/2012:18:14:20 -0700] "GET /stories/feed HTTP/1.1" 200 13653 "-" "FeedBurner/1.0 (http://www.FeedBurner.com)"
195.188.228.30 - - [24/Mar/2012:18:14:54 -0700] "GET /robots.txt HTTP/1.0" 404 169 "-" "Mozilla/5.0 (compatible; MJ12bot/v1.4.2; http://www.majestic12.co.uk/bot.php?+)"
85.17.88.169 - - [24/Mar/2012:18:14:58 -0700] "POST /blog/wp-cron.php?doing_wp_cron=1332637908 HTTP/1.0" 499 0 "-" "WordPress/3.3.1; http://yuvi.in/blog"
195.188.228.30 - - [24/Mar/2012:18:14:58 -0700] "GET /blog/story-average-indian-techie HTTP/1.1" 301 0 "-" "Mozilla/5.0 (compatible; MJ12bot/v1.4.2; http://www.majestic12.co.uk/bot.php?+)"
85.17.88.169 - - [24/Mar/2012:18:15:01 -0700] "POST /blog/wp-cron.php?doing_wp_cron=1332637912 HTTP/1.0" 499 0 "-" "WordPress/3.3.1; http://yuvi.in/blog"
195.188.228.30 - - [24/Mar/2012:18:15:02 -0700] "GET /blog/story-average-indian-techie/ HTTP/1.1" 200 54269 "-" "Mozilla/5.0 (compatible; MJ12bot/v1.4.2; http://www.majestic12.co.uk/bot.php?+)"
69.171.224.248 - - [24/Mar/2012:18:20:55 -0700] "GET /r/1ukb HTTP/1.1" 404 142 "-" "facebookexternalhit/1.1 (+http://www.facebook.com/externalhit_uatext.php)"
207.46.194.249 - - [24/Mar/2012:18:21:03 -0700] "-" 400 0 "-" "-"
207.46.194.249 - - [24/Mar/2012:18:21:03 -0700] "-" 400 0 "-" "-"
207.46.194.249 - - [24/Mar/2012:18:21:03 -0700] "-" 400 0 "-" "-"
207.46.194.249 - - [24/Mar/2012:18:21:05 -0700] "-" 400 0 "-" "-"
207.46.194.249 - - [24/Mar/2012:18:21:05 -0700] "-" 400 0 "-" "-"
207.46.194.249 - - [24/Mar/2012:18:21:06 -0700] "-" 400 0 "-" "-"
207.46.194.249 - - [24/Mar/2012:18:21:06 -0700] "-" 400 0 "-" "-"
207.46.194.249 - - [24/Mar/2012:18:21:06 -0700] "-" 400 0 "-" "-"
207.46.194.249 - - [24/Mar/2012:18:21:06 -0700] "-" 400 0 "-" "-"
207.46.194.249 - - [24/Mar/2012:18:21:14 -0700] "-" 400 0 "-" "-"
207.46.194.249 - - [24/Mar/2012:18:21:14 -0700] "-" 400 0 "-" "-"
207.46.194.249 - - [24/Mar/2012:18:21:15 -0700] "-" 400 0 "-" "-"
85.17.88.169 - - [24/Mar/2012:18:21:22 -0700] "POST /blog/wp-cron.php?doing_wp_cron=1332638292 HTTP/1.0" 499 0 "-" "WordPress/3.3.1; http://yuvi.in/blog"
207.46.12.20 - - [24/Mar/2012:18:21:22 -0700] "GET /blog/devlog-december-5-2011/ HTTP/1.1" 200 4782 "-" "Mozilla/4.0 (compatible; MSIE 8.0; Windows NT 5.1; Trident/4.0;  SV1;  .NET CLR 1.1.4322;  .NET CLR 2.0.40607;  .NET CLR 3.0.04506.648)"
207.46.12.20 - - [24/Mar/2012:18:21:23 -0700] "GET /blog/wp-content/themes/cleanr/style.css HTTP/1.1" 200 10508 "http://yuvi.in/blog/devlog-december-5-2011/" "Mozilla/4.0 (compatible; MSIE 8.0; Windows NT 5.1; Trident/4.0;  SV1;  .NET CLR 1.1.4322;  .NET CLR 2.0.40607;  .NET CLR 3.0.04506.648)"
207.46.12.20 - - [24/Mar/2012:18:21:24 -0700] "GET /blog/wp-content/themes/cleanr/css/text.css HTTP/1.1" 200 420 "http://yuvi.in/blog/devlog-december-5-2011/" "Mozilla/4.0 (compatible; MSIE 8.0; Windows NT 5.1; Trident/4.0;  SV1;  .NET CLR 1.1.4322;  .NET CLR 2.0.40607;  .NET CLR 3.0.04506.648)"
207.46.12.20 - - [24/Mar/2012:18:21:24 -0700] "GET /blog/wp-content/themes/cleanr/css/reset.css HTTP/1.1" 200 648 "http://yuvi.in/blog/devlog-december-5-2011/" "Mozilla/4.0 (compatible; MSIE 8.0; Windows NT 5.1; Trident/4.0;  SV1;  .NET CLR 1.1.4322;  .NET CLR 2.0.40607;  .NET CLR 3.0.04506.648)"
207.46.12.20 - - [24/Mar/2012:18:21:24 -0700] "GET /blog/wp-content/themes/cleanr/css/960.css HTTP/1.1" 200 3628 "http://yuvi.in/blog/devlog-december-5-2011/" "Mozilla/4.0 (compatible; MSIE 8.0; Windows NT 5.1; Trident/4.0;  SV1;  .NET CLR 1.1.4322;  .NET CLR 2.0.40607;  .NET CLR 3.0.04506.648)"
207.46.12.20 - - [24/Mar/2012:18:21:25 -0700] "GET /blog/wp-content/themes/cleanr/css/ie.css HTTP/1.1" 200 390 "http://yuvi.in/blog/devlog-december-5-2011/" "Mozilla/4.0 (compatible; MSIE 8.0; Windows NT 5.1; Trident/4.0;  SV1;  .NET CLR 1.1.4322;  .NET CLR 2.0.40607;  .NET CLR 3.0.04506.648)"
207.46.12.20 - - [24/Mar/2012:18:21:25 -0700] "GET /blog/wp-content/themes/cleanr/js/jquery.dropdown.js?ver=3.3.1 HTTP/1.1" 200 535 "http://yuvi.in/blog/devlog-december-5-2011/" "Mozilla/4.0 (compatible; MSIE 8.0; Windows NT 5.1; Trident/4.0;  SV1;  .NET CLR 1.1.4322;  .NET CLR 2.0.40607;  .NET CLR 3.0.04506.648)"
207.46.12.20 - - [24/Mar/2012:18:21:26 -0700] "GET /blog/wp-includes/js/jquery/jquery.js?ver=1.7.1 HTTP/1.1" 200 93889 "http://yuvi.in/blog/devlog-december-5-2011/" "Mozilla/4.0 (compatible; MSIE 8.0; Windows NT 5.1; Trident/4.0;  SV1;  .NET CLR 1.1.4322;  .NET CLR 2.0.40607;  .NET CLR 3.0.04506.648)"
141.0.10.26 - - [24/Mar/2012:18:25:48 -0700] "-" 400 0 "-" "-"
207.46.204.209 - - [24/Mar/2012:18:28:51 -0700] "-" 400 0 "-" "-"
207.46.204.209 - - [24/Mar/2012:18:28:51 -0700] "-" 400 0 "-" "-"
207.46.204.209 - - [24/Mar/2012:18:28:52 -0700] "-" 400 0 "-" "-"
207.46.204.209 - - [24/Mar/2012:18:28:52 -0700] "-" 400 0 "-" "-"
207.46.204.209 - - [24/Mar/2012:18:28:52 -0700] "-" 400 0 "-" "-"
207.46.204.209 - - [24/Mar/2012:18:28:53 -0700] "-" 400 0 "-" "-"
207.46.204.209 - - [24/Mar/2012:18:28:53 -0700] "-" 400 0 "-" "-"
207.46.204.209 - - [24/Mar/2012:18:28:53 -0700] "-" 400 0 "-" "-"
207.46.204.209 - - [24/Mar/2012:18:28:53 -0700] "-" 400 0 "-" "-"
207.46.204.209 - - [24/Mar/2012:18:28:54 -0700] "-" 400 0 "-" "-"
207.46.204.209 - - [24/Mar/2012:18:29:45 -0700] "-" 400 0 "-" "-"
85.17.88.169 - - [24/Mar/2012:18:32:08 -0700] "POST /blog/wp-cron.php?doing_wp_cron=1332638938 HTTP/1.0" 499 0 "-" "WordPress/3.3.1; http://yuvi.in/blog"
180.76.5.186 - - [24/Mar/2012:18:32:09 -0700] "GET /blog/the-python-workshop/ HTTP/1.1" 200 6064 "-" "Mozilla/5.0 (compatible; Baiduspider/2.0; +http://www.baidu.com/search/spider.html)"
66.249.67.123 - - [24/Mar/2012:18:33:00 -0700] "GET /stories/tag/black.html HTTP/1.1" 200 1118 "-" "Mozilla/5.0 (compatible; Googlebot/2.1; +http://www.google.com/bot.html)"
115.241.13.252 - - [24/Mar/2012:18:37:07 -0700] "-" 400 0 "-" "-"
115.241.13.252 - - [24/Mar/2012:18:37:07 -0700] "-" 400 0 "-" "-"
115.241.13.252 - - [24/Mar/2012:18:37:07 -0700] "-" 400 0 "-" "-"
115.241.13.252 - - [24/Mar/2012:18:37:07 -0700] "-" 400 0 "-" "-"
115.241.13.252 - - [24/Mar/2012:18:37:07 -0700] "-" 400 0 "-" "-"
115.241.13.252 - - [24/Mar/2012:18:37:07 -0700] "-" 400 0 "-" "-"
207.46.199.139 - - [24/Mar/2012:18:39:10 -0700] "-" 400 0 "-" "-"
207.46.199.139 - - [24/Mar/2012:18:39:10 -0700] "-" 400 0 "-" "-"
207.46.199.139 - - [24/Mar/2012:18:39:10 -0700] "-" 400 0 "-" "-"
207.46.199.139 - - [24/Mar/2012:18:39:16 -0700] "-" 400 0 "-" "-"
207.46.199.139 - - [24/Mar/2012:18:39:18 -0700] "-" 400 0 "-" "-"
207.46.199.139 - - [24/Mar/2012:18:39:18 -0700] "-" 400 0 "-" "-"
207.46.199.139 - - [24/Mar/2012:18:39:18 -0700] "-" 400 0 "-" "-"
207.46.199.139 - - [24/Mar/2012:18:39:20 -0700] "-" 400 0 "-" "-"
207.46.199.139 - - [24/Mar/2012:18:39:21 -0700] "-" 400 0 "-" "-"
85.17.88.169 - - [24/Mar/2012:18:39:26 -0700] "POST /blog/wp-cron.php?doing_wp_cron=1332639376 HTTP/1.0" 499 0 "-" "WordPress/3.3.1; http://yuvi.in/blog"
209.85.224.93 - - [24/Mar/2012:18:39:27 -0700] "GET /blog/feed HTTP/1.1" 304 0 "-" "FeedBurner/1.0 (http://www.FeedBurner.com)"
115.241.13.252 - - [24/Mar/2012:18:39:37 -0700] "-" 400 0 "-" "-"
115.241.13.252 - - [24/Mar/2012:18:39:37 -0700] "-" 400 0 "-" "-"
115.241.13.252 - - [24/Mar/2012:18:39:37 -0700] "-" 400 0 "-" "-"
115.241.13.252 - - [24/Mar/2012:18:39:37 -0700] "-" 400 0 "-" "-"
115.241.13.252 - - [24/Mar/2012:18:39:37 -0700] "-" 400 0 "-" "-"
115.241.13.252 - - [24/Mar/2012:18:39:37 -0700] "-" 400 0 "-" "-"
207.46.199.139 - - [24/Mar/2012:18:40:20 -0700] "-" 400 0 "-" "-"
207.46.199.139 - - [24/Mar/2012:18:40:20 -0700] "-" 400 0 "-" "-"
141.0.8.89 - - [24/Mar/2012:18:40:40 -0700] "-" 400 0 "-" "-"
207.46.204.211 - - [24/Mar/2012:18:42:09 -0700] "-" 400 0 "-" "-"
207.46.204.211 - - [24/Mar/2012:18:42:12 -0700] "-" 400 0 "-" "-"
207.46.204.211 - - [24/Mar/2012:18:42:13 -0700] "-" 400 0 "-" "-"
207.46.204.211 - - [24/Mar/2012:18:42:13 -0700] "-" 400 0 "-" "-"
207.46.204.211 - - [24/Mar/2012:18:42:13 -0700] "-" 400 0 "-" "-"
207.46.204.211 - - [24/Mar/2012:18:42:14 -0700] "-" 400 0 "-" "-"
207.46.204.211 - - [24/Mar/2012:18:42:14 -0700] "-" 400 0 "-" "-"
