122.248.163.3 - - [28/Mar/2012:06:25:14 -0700] "-" 400 0 "-" "-"
122.248.163.3 - - [28/Mar/2012:06:25:14 -0700] "-" 400 0 "-" "-"
122.248.163.3 - - [28/Mar/2012:06:25:14 -0700] "-" 400 0 "-" "-"
122.248.163.3 - - [28/Mar/2012:06:25:14 -0700] "-" 400 0 "-" "-"
122.248.163.3 - - [28/Mar/2012:06:25:14 -0700] "-" 400 0 "-" "-"
122.248.163.3 - - [28/Mar/2012:06:25:34 -0700] "-" 400 0 "-" "-"
122.248.163.3 - - [28/Mar/2012:06:25:34 -0700] "-" 400 0 "-" "-"
122.164.18.166 - - [28/Mar/2012:06:26:42 -0700] "-" 400 0 "-" "-"
122.164.18.166 - - [28/Mar/2012:06:26:42 -0700] "-" 400 0 "-" "-"
122.248.163.3 - - [28/Mar/2012:06:26:44 -0700] "-" 400 0 "-" "-"
122.248.163.3 - - [28/Mar/2012:06:26:44 -0700] "-" 400 0 "-" "-"
85.17.88.169 - - [28/Mar/2012:06:27:10 -0700] "POST /blog/wp-cron.php?doing_wp_cron=1332941012 HTTP/1.0" 499 0 "-" "WordPress/3.3.1; http://yuvi.in/blog"
220.181.108.96 - - [28/Mar/2012:06:27:11 -0700] "GET /blog/tag/travel/ HTTP/1.1" 200 4175 "-" "Mozilla/5.0 (compatible; Baiduspider/2.0; +http://www.baidu.com/search/spider.html)"
85.17.88.169 - - [28/Mar/2012:06:27:40 -0700] "POST /blog/wp-cron.php?doing_wp_cron=1332941042 HTTP/1.0" 499 0 "-" "WordPress/3.3.1; http://yuvi.in/blog"
184.72.150.2 - - [28/Mar/2012:06:27:41 -0700] "GET /blog/infosys-tcs-or-wipro-none/ HTTP/1.1" 200 7089 "-" "Mozilla/5.0 (Macintosh; U; Intel Mac OS X 10.6; en-US; rv:1.9.2) Gecko/20100115 Firefox/3.6 (FlipboardProxy/0.0.5; +http://flipboard.com/browserproxy)"
122.164.66.14 - - [28/Mar/2012:06:28:06 -0700] "-" 400 0 "-" "-"
122.164.66.14 - - [28/Mar/2012:06:28:06 -0700] "-" 400 0 "-" "-"
122.164.66.14 - - [28/Mar/2012:06:28:06 -0700] "-" 400 0 "-" "-"
122.164.66.14 - - [28/Mar/2012:06:28:06 -0700] "-" 400 0 "-" "-"
122.164.66.14 - - [28/Mar/2012:06:28:06 -0700] "-" 400 0 "-" "-"
207.46.12.76 - - [28/Mar/2012:06:28:12 -0700] "-" 400 0 "-" "-"
207.46.12.76 - - [28/Mar/2012:06:28:12 -0700] "-" 400 0 "-" "-"
207.46.12.76 - - [28/Mar/2012:06:28:12 -0700] "-" 400 0 "-" "-"
207.46.12.76 - - [28/Mar/2012:06:28:12 -0700] "-" 400 0 "-" "-"
207.46.12.76 - - [28/Mar/2012:06:28:13 -0700] "-" 400 0 "-" "-"
207.46.12.76 - - [28/Mar/2012:06:28:13 -0700] "-" 400 0 "-" "-"
207.46.12.76 - - [28/Mar/2012:06:28:13 -0700] "-" 400 0 "-" "-"
207.46.12.76 - - [28/Mar/2012:06:28:13 -0700] "-" 400 0 "-" "-"
65.52.109.152 - - [28/Mar/2012:06:28:34 -0700] "GET / HTTP/1.1" 200 1430 "-" "Mozilla/5.0 (compatible; bingbot/2.0; +http://www.bing.com/bingbot.htm)"
207.46.12.76 - - [28/Mar/2012:06:28:37 -0700] "-" 400 0 "-" "-"
207.46.12.76 - - [28/Mar/2012:06:28:38 -0700] "-" 400 0 "-" "-"
207.46.12.76 - - [28/Mar/2012:06:28:41 -0700] "-" 400 0 "-" "-"
122.164.18.166 - - [28/Mar/2012:06:29:42 -0700] "-" 400 0 "-" "-"
122.164.18.166 - - [28/Mar/2012:06:29:42 -0700] "-" 400 0 "-" "-"
122.164.18.166 - - [28/Mar/2012:06:29:42 -0700] "-" 400 0 "-" "-"
59.97.73.175 - - [28/Mar/2012:06:29:56 -0700] "-" 400 0 "-" "-"
122.164.250.248 - - [28/Mar/2012:06:30:49 -0700] "-" 400 0 "-" "-"
182.71.234.158 - - [28/Mar/2012:06:32:37 -0700] "-" 400 0 "-" "-"
182.71.234.158 - - [28/Mar/2012:06:32:57 -0700] "-" 400 0 "-" "-"
207.46.12.73 - - [28/Mar/2012:06:33:09 -0700] "-" 400 0 "-" "-"
207.46.12.73 - - [28/Mar/2012:06:33:09 -0700] "-" 400 0 "-" "-"
207.46.12.73 - - [28/Mar/2012:06:33:10 -0700] "-" 400 0 "-" "-"
207.46.12.73 - - [28/Mar/2012:06:33:10 -0700] "-" 400 0 "-" "-"
207.46.12.73 - - [28/Mar/2012:06:33:11 -0700] "-" 400 0 "-" "-"
207.46.12.73 - - [28/Mar/2012:06:33:11 -0700] "-" 400 0 "-" "-"
207.46.12.73 - - [28/Mar/2012:06:33:11 -0700] "-" 400 0 "-" "-"
207.46.12.73 - - [28/Mar/2012:06:33:58 -0700] "-" 400 0 "-" "-"
207.46.12.73 - - [28/Mar/2012:06:33:58 -0700] "-" 400 0 "-" "-"
207.46.12.73 - - [28/Mar/2012:06:33:58 -0700] "-" 400 0 "-" "-"
207.46.12.73 - - [28/Mar/2012:06:33:58 -0700] "-" 400 0 "-" "-"
203.196.176.234 - - [28/Mar/2012:06:34:34 -0700] "-" 400 0 "-" "-"
122.164.66.14 - - [28/Mar/2012:06:34:46 -0700] "-" 400 0 "-" "-"
14.139.187.177 - - [28/Mar/2012:06:35:45 -0700] "-" 400 0 "-" "-"
14.139.187.177 - - [28/Mar/2012:06:38:55 -0700] "-" 400 0 "-" "-"
115.242.254.165 - - [28/Mar/2012:06:39:08 -0700] "-" 400 0 "-" "-"
85.17.88.169 - - [28/Mar/2012:06:39:15 -0700] "POST /blog/wp-cron.php?doing_wp_cron=1332941737 HTTP/1.0" 499 0 "-" "WordPress/3.3.1; http://yuvi.in/blog"
183.82.73.17 - - [28/Mar/2012:06:39:16 -0700] "GET /blog/feed/ HTTP/1.0" 304 0 "-" "FeedDemon/4.0 (http://www.feeddemon.com/; Microsoft Windows)"
115.242.254.165 - - [28/Mar/2012:06:39:28 -0700] "-" 400 0 "-" "-"
115.242.254.165 - - [28/Mar/2012:06:39:28 -0700] "-" 400 0 "-" "-"
115.242.254.165 - - [28/Mar/2012:06:39:29 -0700] "-" 400 0 "-" "-"
14.139.187.177 - - [28/Mar/2012:06:40:15 -0700] "-" 400 0 "-" "-"
14.139.187.177 - - [28/Mar/2012:06:40:15 -0700] "-" 400 0 "-" "-"
14.139.187.177 - - [28/Mar/2012:06:40:15 -0700] "-" 400 0 "-" "-"
85.17.88.169 - - [28/Mar/2012:06:41:20 -0700] "POST /blog/wp-cron.php?doing_wp_cron=1332941862 HTTP/1.0" 499 0 "-" "WordPress/3.3.1; http://yuvi.in/blog"
209.85.224.93 - - [28/Mar/2012:06:41:20 -0700] "GET /blog/feed HTTP/1.1" 304 0 "-" "FeedBurner/1.0 (http://www.FeedBurner.com)"
122.174.85.141 - - [28/Mar/2012:06:43:29 -0700] "-" 400 0 "-" "-"
217.91.53.73 - - [28/Mar/2012:06:48:20 -0700] "GET /blog/how-to-increase-cheese-s-burst-mode-photo-count.html HTTP/1.0" 200 5966 "http://ubuntuforums.org/showthread.php?t=1571462" "Mozilla/5.0 (Windows NT 6.1) AppleWebKit/536.4 (KHTML, like Gecko) Chrome/19.0.1077.3 Safari/536.4"
217.91.53.73 - - [28/Mar/2012:06:48:21 -0700] "GET /blog/static/codehilite.css HTTP/1.0" 200 4012 "http://yuvi.in/blog/how-to-increase-cheese-s-burst-mode-photo-count.html" "Mozilla/5.0 (Windows NT 6.1) AppleWebKit/536.4 (KHTML, like Gecko) Chrome/19.0.1077.3 Safari/536.4"
217.91.53.73 - - [28/Mar/2012:06:48:21 -0700] "GET /blog/static/style.css HTTP/1.0" 200 4753 "http://yuvi.in/blog/how-to-increase-cheese-s-burst-mode-photo-count.html" "Mozilla/5.0 (Windows NT 6.1) AppleWebKit/536.4 (KHTML, like Gecko) Chrome/19.0.1077.3 Safari/536.4"
217.91.53.73 - - [28/Mar/2012:06:48:22 -0700] "GET /favicon.ico HTTP/1.0" 404 571 "-" "Mozilla/5.0 (Windows NT 6.1) AppleWebKit/536.4 (KHTML, like Gecko) Chrome/19.0.1077.3 Safari/536.4"
196.15.16.105 - - [28/Mar/2012:06:52:52 -0700] "GET /r/jss HTTP/1.1" 301 255 "http://t.co/JAmCtO1o" "Mozilla/5.0 (Windows NT 5.1) AppleWebKit/535.11 (KHTML, like Gecko) Chrome/17.0.963.83 Safari/535.11"
196.15.16.105 - - [28/Mar/2012:06:52:52 -0700] "GET /s/ta/jss/ HTTP/1.1" 302 385 "http://t.co/JAmCtO1o" "Mozilla/5.0 (Windows NT 5.1) AppleWebKit/535.11 (KHTML, like Gecko) Chrome/17.0.963.83 Safari/535.11"
69.171.228.250 - - [28/Mar/2012:06:52:55 -0700] "GET /r/1eg5 HTTP/1.1" 301 257 "-" "facebookexternalhit/1.1 (+http://www.facebook.com/externalhit_uatext.php)"
69.171.228.251 - - [28/Mar/2012:06:52:55 -0700] "GET /s/ta/1eg5/ HTTP/1.1" 302 337 "-" "facebookexternalhit/1.1 (+http://www.facebook.com/externalhit_uatext.php)"
213.34.193.90 - - [28/Mar/2012:06:53:15 -0700] "GET /r/1eg5 HTTP/1.1" 301 257 "http://www.facebook.com/l.php?u=http%3A%2F%2Ftawp.in%2Fr%2F1eg5&h=3AQGsnu3bAQHmtfW0pNpi9rxjZ6xRO-rXtn3FfFmplWc4fg" "Mozilla/5.0 (compatible; MSIE 9.0; Windows NT 6.1; Trident/5.0)"
213.34.193.90 - - [28/Mar/2012:06:53:16 -0700] "GET /s/ta/1eg5/ HTTP/1.1" 302 337 "http://www.facebook.com/l.php?u=http%3A%2F%2Ftawp.in%2Fr%2F1eg5&h=3AQGsnu3bAQHmtfW0pNpi9rxjZ6xRO-rXtn3FfFmplWc4fg" "Mozilla/5.0 (compatible; MSIE 9.0; Windows NT 6.1; Trident/5.0)"
85.17.88.169 - - [28/Mar/2012:06:55:32 -0700] "POST /blog/wp-cron.php?doing_wp_cron=1332942714 HTTP/1.0" 499 0 "-" "WordPress/3.3.1; http://yuvi.in/blog"
77.95.18.231 - - [28/Mar/2012:06:55:38 -0700] "POST /blog/wp-login.php HTTP/1.1" 200 3473 "-" "Mozilla/4.0 (compatible; MSIE 6.0; Windows NT 5.1)"
69.171.229.247 - - [28/Mar/2012:06:55:52 -0700] "GET /r/3g7 HTTP/1.1" 301 255 "-" "facebookexternalhit/1.1 (+http://www.facebook.com/externalhit_uatext.php)"
69.171.229.251 - - [28/Mar/2012:06:55:53 -0700] "GET /s/ta/3g7/ HTTP/1.1" 302 465 "-" "facebookexternalhit/1.1 (+http://www.facebook.com/externalhit_uatext.php)"
69.171.229.245 - - [28/Mar/2012:06:55:55 -0700] "GET /r/252 HTTP/1.1" 301 255 "-" "facebookexternalhit/1.1 (+http://www.facebook.com/externalhit_uatext.php)"
69.171.229.250 - - [28/Mar/2012:06:55:55 -0700] "GET /s/ta/252/ HTTP/1.1" 302 461 "-" "facebookexternalhit/1.1 (+http://www.facebook.com/externalhit_uatext.php)"
69.171.229.245 - - [28/Mar/2012:06:55:56 -0700] "GET /r/iki HTTP/1.1" 301 255 "-" "facebookexternalhit/1.1 (+http://www.facebook.com/externalhit_uatext.php)"
69.171.229.246 - - [28/Mar/2012:06:55:56 -0700] "GET /s/ta/iki/ HTTP/1.1" 302 589 "-" "facebookexternalhit/1.1 (+http://www.facebook.com/externalhit_uatext.php)"
69.171.234.2 - - [28/Mar/2012:06:56:04 -0700] "GET /r/2wo6 HTTP/1.1" 301 257 "-" "facebookexternalhit/1.1 (+http://www.facebook.com/externalhit_uatext.php)"
69.171.234.4 - - [28/Mar/2012:06:56:05 -0700] "GET /s/ta/2wo6/ HTTP/1.1" 302 337 "-" "facebookexternalhit/1.1 (+http://www.facebook.com/externalhit_uatext.php)"
124.43.104.78 - - [28/Mar/2012:06:56:05 -0700] "GET /r/2wo6 HTTP/1.1" 301 257 "http://www.facebook.com/l.php?u=http%3A%2F%2Ftawp.in%2Fr%2F2wo6&h=7AQFKE_Vl" "Mozilla/5.0 (Windows NT 5.1) AppleWebKit/535.11 (KHTML, like Gecko) Chrome/17.0.963.83 Safari/535.11"
124.43.104.78 - - [28/Mar/2012:06:56:05 -0700] "GET /s/ta/2wo6/ HTTP/1.1" 302 337 "http://www.facebook.com/l.php?u=http%3A%2F%2Ftawp.in%2Fr%2F2wo6&h=7AQFKE_Vl" "Mozilla/5.0 (Windows NT 5.1) AppleWebKit/535.11 (KHTML, like Gecko) Chrome/17.0.963.83 Safari/535.11"
59.92.67.61 - - [28/Mar/2012:06:56:41 -0700] "-" 400 0 "-" "-"
85.17.88.169 - - [28/Mar/2012:06:59:13 -0700] "POST /blog/wp-cron.php?doing_wp_cron=1332942934 HTTP/1.0" 499 0 "-" "WordPress/3.3.1; http://yuvi.in/blog"
101.226.33.171 - - [28/Mar/2012:06:59:13 -0700] "GET /blog/feed HTTP/1.0" 304 0 "-" "Mozilla/4.0 (compatible; Windows;)"
69.171.224.249 - - [28/Mar/2012:06:59:55 -0700] "GET /r/3a2 HTTP/1.1" 404 142 "-" "facebookexternalhit/1.1 (+http://www.facebook.com/externalhit_uatext.php)"
122.174.9.53 - - [28/Mar/2012:07:00:16 -0700] "-" 400 0 "-" "-"
207.46.204.167 - - [28/Mar/2012:07:00:36 -0700] "-" 400 0 "-" "-"
207.46.204.167 - - [28/Mar/2012:07:00:37 -0700] "-" 400 0 "-" "-"
101.63.250.145 - - [28/Mar/2012:07:00:39 -0700] "GET /r/2217 HTTP/1.1" 301 257 "http://ta.wikipedia.org/wiki/%E0%AE%AA%E0%AE%BE%E0%AE%B2%E0%AE%BF%E0%AE%AF%E0%AE%B2%E0%AF%8D_%E0%AE%B5%E0%AE%BF%E0%AE%B3%E0%AF%88%E0%AE%AF%E0%AE%BE%E0%AE%9F%E0%AF%8D%E0%AE%9F%E0%AF%81%E0%AE%AA%E0%AF%8D_%E0%AE%AA%E0%AF%8A%E0%AE%B0%E0%AF%81%E0%AE%9F%E0%AF%8D%E0%AE%95%E0%AE%B3%E0%AF%8D" "Mozilla/5.0 (Windows NT 5.1; rv:9.0.1) Gecko/20100101 Firefox/9.0.1"
207.46.204.167 - - [28/Mar/2012:07:00:40 -0700] "-" 400 0 "-" "-"
207.46.204.167 - - [28/Mar/2012:07:00:40 -0700] "-" 400 0 "-" "-"
207.46.204.167 - - [28/Mar/2012:07:00:40 -0700] "-" 400 0 "-" "-"
207.46.204.167 - - [28/Mar/2012:07:00:40 -0700] "-" 400 0 "-" "-"
101.63.250.145 - - [28/Mar/2012:07:00:41 -0700] "GET /s/ta/2217/ HTTP/1.1" 302 609 "http://ta.wikipedia.org/wiki/%E0%AE%AA%E0%AE%BE%E0%AE%B2%E0%AE%BF%E0%AE%AF%E0%AE%B2%E0%AF%8D_%E0%AE%B5%E0%AE%BF%E0%AE%B3%E0%AF%88%E0%AE%AF%E0%AE%BE%E0%AE%9F%E0%AF%8D%E0%AE%9F%E0%AF%81%E0%AE%AA%E0%AF%8D_%E0%AE%AA%E0%AF%8A%E0%AE%B0%E0%AF%81%E0%AE%9F%E0%AF%8D%E0%AE%95%E0%AE%B3%E0%AF%8D" "Mozilla/5.0 (Windows NT 5.1; rv:9.0.1) Gecko/20100101 Firefox/9.0.1"
207.46.204.167 - - [28/Mar/2012:07:00:42 -0700] "-" 400 0 "-" "-"
207.46.204.167 - - [28/Mar/2012:07:00:42 -0700] "-" 400 0 "-" "-"
207.46.204.167 - - [28/Mar/2012:07:00:42 -0700] "-" 400 0 "-" "-"
207.46.204.167 - - [28/Mar/2012:07:00:43 -0700] "-" 400 0 "-" "-"
101.63.250.145 - - [28/Mar/2012:07:00:44 -0700] "-" 400 0 "-" "-"
207.46.204.167 - - [28/Mar/2012:07:00:56 -0700] "-" 400 0 "-" "-"
65.52.104.20 - - [28/Mar/2012:07:01:24 -0700] "GET /blog/tag/gsoc.html HTTP/1.1" 304 0 "-" "Mozilla/5.0 (compatible; bingbot/2.0; +http://www.bing.com/bingbot.htm)"
122.174.9.53 - - [28/Mar/2012:07:01:30 -0700] "-" 400 0 "-" "-"
122.174.9.53 - - [28/Mar/2012:07:01:30 -0700] "-" 400 0 "-" "-"
122.174.9.53 - - [28/Mar/2012:07:01:30 -0700] "-" 400 0 "-" "-"
122.174.9.53 - - [28/Mar/2012:07:01:30 -0700] "-" 400 0 "-" "-"
203.189.186.90 - - [28/Mar/2012:07:01:47 -0700] "GET /r/9vi HTTP/1.1" 301 255 "http://ta.wikipedia.org/wiki/%E0%AE%AE%E0%AF%81%E0%AE%A9%E0%AF%8D%E0%AE%A9%E0%AF%87%E0%AE%9A%E0%AF%81%E0%AE%B5%E0%AE%B0%E0%AE%AE%E0%AF%8D" "Mozilla/4.0 (compatible; MSIE 8.0; Windows NT 6.1; Trident/4.0; GTB7.3; SLCC2; .NET CLR 2.0.50727; .NET CLR 3.5.30729; .NET CLR 3.0.30729; Media Center PC 6.0; InfoPath.2)"
203.189.186.90 - - [28/Mar/2012:07:01:47 -0700] "GET /s/ta/9vi/ HTTP/1.1" 302 409 "http://ta.wikipedia.org/wiki/%E0%AE%AE%E0%AF%81%E0%AE%A9%E0%AF%8D%E0%AE%A9%E0%AF%87%E0%AE%9A%E0%AF%81%E0%AE%B5%E0%AE%B0%E0%AE%AE%E0%AF%8D" "Mozilla/4.0 (compatible; MSIE 8.0; Windows NT 6.1; Trident/4.0; GTB7.3; SLCC2; .NET CLR 2.0.50727; .NET CLR 3.5.30729; .NET CLR 3.0.30729; Media Center PC 6.0; InfoPath.2)"
85.17.88.169 - - [28/Mar/2012:07:02:54 -0700] "POST /blog/wp-cron.php?doing_wp_cron=1332943156 HTTP/1.0" 499 0 "-" "WordPress/3.3.1; http://yuvi.in/blog"
65.52.110.147 - - [28/Mar/2012:07:02:55 -0700] "GET /blog/tag/link/ HTTP/1.1" 200 7132 "-" "Mozilla/5.0 (compatible; bingbot/2.0; +http://www.bing.com/bingbot.htm)"
122.174.21.239 - - [28/Mar/2012:07:03:30 -0700] "-" 400 0 "-" "-"
122.174.21.239 - - [28/Mar/2012:07:03:30 -0700] "-" 400 0 "-" "-"
122.174.21.239 - - [28/Mar/2012:07:03:30 -0700] "-" 400 0 "-" "-"
122.174.21.239 - - [28/Mar/2012:07:03:30 -0700] "-" 400 0 "-" "-"
117.193.129.235 - - [28/Mar/2012:07:05:13 -0700] "-" 400 0 "-" "-"
157.55.39.225 - - [28/Mar/2012:07:06:14 -0700] "GET /robots.txt HTTP/1.1" 404 142 "-" "msnbot/2.0b (+http://search.msn.com/msnbot.htm)"
157.55.39.225 - - [28/Mar/2012:07:06:14 -0700] "GET /r/1ck4 HTTP/1.1" 404 142 "-" "msnbot/2.0b (+http://search.msn.com/msnbot.htm)"
85.17.88.169 - - [28/Mar/2012:07:08:47 -0700] "POST /blog/wp-cron.php?doing_wp_cron=1332943508 HTTP/1.0" 499 0 "-" "WordPress/3.3.1; http://yuvi.in/blog"
46.137.130.60 - - [28/Mar/2012:07:08:47 -0700] "HEAD /blog/story-average-indian-techie/ HTTP/1.1" 200 0 "-" "-"
46.137.130.60 - - [28/Mar/2012:07:08:48 -0700] "GET /blog/story-average-indian-techie/ HTTP/1.1" 200 14154 "-" "Mozilla/5.0 (Windows; U; Windows NT 5.1; rv:1.7.3) Gecko/20041001 Firefox/0.10.1"
85.17.88.169 - - [28/Mar/2012:07:09:03 -0700] "POST /blog/wp-cron.php?doing_wp_cron=1332943525 HTTP/1.0" 499 0 "-" "WordPress/3.3.1; http://yuvi.in/blog"
46.137.71.213 - - [28/Mar/2012:07:09:03 -0700] "HEAD /blog/interview-sriram-krishnan-5-years-old/ HTTP/1.1" 200 0 "-" "-"
46.137.71.213 - - [28/Mar/2012:07:09:04 -0700] "GET /blog/interview-sriram-krishnan-5-years-old/ HTTP/1.1" 200 14240 "-" "Mozilla/5.0 (Windows; U; Windows NT 5.1; rv:1.7.3) Gecko/20041001 Firefox/0.10.1"
157.55.39.225 - - [28/Mar/2012:07:09:37 -0700] "GET /r/1vkl HTTP/1.1" 404 142 "-" "msnbot/2.0b (+http://search.msn.com/msnbot.htm)"
157.55.39.225 - - [28/Mar/2012:07:10:26 -0700] "GET /r/1i49 HTTP/1.1" 404 142 "-" "msnbot/2.0b (+http://search.msn.com/msnbot.htm)"
207.46.12.69 - - [28/Mar/2012:07:10:58 -0700] "-" 400 0 "-" "-"
207.46.12.69 - - [28/Mar/2012:07:11:01 -0700] "-" 400 0 "-" "-"
207.46.12.69 - - [28/Mar/2012:07:11:02 -0700] "-" 400 0 "-" "-"
207.46.12.69 - - [28/Mar/2012:07:11:03 -0700] "-" 400 0 "-" "-"
207.46.12.69 - - [28/Mar/2012:07:11:03 -0700] "-" 400 0 "-" "-"
207.46.12.69 - - [28/Mar/2012:07:11:04 -0700] "-" 400 0 "-" "-"
207.46.12.69 - - [28/Mar/2012:07:11:04 -0700] "-" 400 0 "-" "-"
207.46.12.69 - - [28/Mar/2012:07:11:04 -0700] "-" 400 0 "-" "-"
207.46.12.69 - - [28/Mar/2012:07:11:05 -0700] "-" 400 0 "-" "-"
207.46.12.69 - - [28/Mar/2012:07:11:05 -0700] "-" 400 0 "-" "-"
85.17.88.169 - - [28/Mar/2012:07:11:53 -0700] "POST /blog/wp-cron.php?doing_wp_cron=1332943694 HTTP/1.0" 499 0 "-" "WordPress/3.3.1; http://yuvi.in/blog"
209.85.224.93 - - [28/Mar/2012:07:11:53 -0700] "GET /blog/feed HTTP/1.1" 304 0 "-" "FeedBurner/1.0 (http://www.FeedBurner.com)"
157.56.80.72 - - [28/Mar/2012:07:12:09 -0700] "-" 400 0 "-" "-"
157.56.80.72 - - [28/Mar/2012:07:12:20 -0700] "-" 400 0 "-" "-"
157.56.80.72 - - [28/Mar/2012:07:12:23 -0700] "-" 400 0 "-" "-"
157.56.80.72 - - [28/Mar/2012:07:12:24 -0700] "-" 400 0 "-" "-"
157.56.80.72 - - [28/Mar/2012:07:12:24 -0700] "-" 400 0 "-" "-"
117.202.154.16 - - [28/Mar/2012:07:12:26 -0700] "-" 400 0 "-" "-"
117.202.154.16 - - [28/Mar/2012:07:12:26 -0700] "-" 400 0 "-" "-"
117.202.154.16 - - [28/Mar/2012:07:12:26 -0700] "-" 400 0 "-" "-"
117.202.154.16 - - [28/Mar/2012:07:12:26 -0700] "-" 400 0 "-" "-"
157.56.80.72 - - [28/Mar/2012:07:12:31 -0700] "-" 400 0 "-" "-"
157.56.80.72 - - [28/Mar/2012:07:12:33 -0700] "-" 400 0 "-" "-"
157.56.80.72 - - [28/Mar/2012:07:12:33 -0700] "-" 400 0 "-" "-"
157.56.80.72 - - [28/Mar/2012:07:12:37 -0700] "-" 400 0 "-" "-"
157.56.80.72 - - [28/Mar/2012:07:12:39 -0700] "-" 400 0 "-" "-"
117.216.120.16 - - [28/Mar/2012:07:12:49 -0700] "-" 400 0 "-" "-"
117.216.120.16 - - [28/Mar/2012:07:12:49 -0700] "-" 400 0 "-" "-"
157.56.80.72 - - [28/Mar/2012:07:12:53 -0700] "-" 400 0 "-" "-"
117.202.154.16 - - [28/Mar/2012:07:12:56 -0700] "-" 400 0 "-" "-"
117.202.154.16 - - [28/Mar/2012:07:12:56 -0700] "-" 400 0 "-" "-"
117.202.154.16 - - [28/Mar/2012:07:12:56 -0700] "-" 400 0 "-" "-"
117.202.154.16 - - [28/Mar/2012:07:12:56 -0700] "-" 400 0 "-" "-"
117.216.120.16 - - [28/Mar/2012:07:13:09 -0700] "-" 400 0 "-" "-"
117.216.120.16 - - [28/Mar/2012:07:13:09 -0700] "-" 400 0 "-" "-"
117.216.120.16 - - [28/Mar/2012:07:13:09 -0700] "-" 400 0 "-" "-"
117.202.154.16 - - [28/Mar/2012:07:13:16 -0700] "-" 400 0 "-" "-"
117.202.154.16 - - [28/Mar/2012:07:13:16 -0700] "-" 400 0 "-" "-"
117.202.154.16 - - [28/Mar/2012:07:13:16 -0700] "-" 400 0 "-" "-"
117.202.154.16 - - [28/Mar/2012:07:13:16 -0700] "-" 400 0 "-" "-"
117.202.154.16 - - [28/Mar/2012:07:13:16 -0700] "-" 400 0 "-" "-"
117.202.154.16 - - [28/Mar/2012:07:13:36 -0700] "-" 400 0 "-" "-"
117.202.154.16 - - [28/Mar/2012:07:13:36 -0700] "-" 400 0 "-" "-"
117.202.154.16 - - [28/Mar/2012:07:13:36 -0700] "-" 400 0 "-" "-"
117.202.154.16 - - [28/Mar/2012:07:13:36 -0700] "-" 400 0 "-" "-"
117.202.154.16 - - [28/Mar/2012:07:13:36 -0700] "-" 400 0 "-" "-"
85.17.88.169 - - [28/Mar/2012:07:13:40 -0700] "POST /blog/wp-cron.php?doing_wp_cron=1332943802 HTTP/1.0" 499 0 "-" "WordPress/3.3.1; http://yuvi.in/blog"
72.14.199.121 - - [28/Mar/2012:07:13:41 -0700] "GET /blog/feed HTTP/1.1" 301 0 "-" "Feedfetcher-Google; (+http://www.google.com/feedfetcher.html; 3 subscribers; feed-id=17684830852112633560)"
85.17.88.169 - - [28/Mar/2012:07:13:43 -0700] "POST /blog/wp-cron.php?doing_wp_cron=1332943804 HTTP/1.0" 499 0 "-" "WordPress/3.3.1; http://yuvi.in/blog"
72.14.199.121 - - [28/Mar/2012:07:13:43 -0700] "GET /blog/feed/ HTTP/1.1" 304 0 "-" "Feedfetcher-Google; (+http://www.google.com/feedfetcher.html; 3 subscribers; feed-id=17684830852112633560)"
196.15.16.105 - - [28/Mar/2012:07:16:21 -0700] "GET /r/c5t HTTP/1.1" 301 255 "-" "Mozilla/5.0 (Windows NT 5.1) AppleWebKit/535.11 (KHTML, like Gecko) Chrome/17.0.963.83 Safari/535.11"
196.15.16.105 - - [28/Mar/2012:07:16:21 -0700] "GET /s/ta/c5t/ HTTP/1.1" 302 435 "-" "Mozilla/5.0 (Windows NT 5.1) AppleWebKit/535.11 (KHTML, like Gecko) Chrome/17.0.963.83 Safari/535.11"
209.85.224.89 - - [28/Mar/2012:07:16:33 -0700] "GET /stories/feed HTTP/1.1" 200 13653 "-" "FeedBurner/1.0 (http://www.FeedBurner.com)"
69.171.234.7 - - [28/Mar/2012:07:16:58 -0700] "GET /r/1eg5 HTTP/1.1" 301 257 "-" "facebookexternalhit/1.1 (+http://www.facebook.com/externalhit_uatext.php)"
69.171.234.6 - - [28/Mar/2012:07:16:59 -0700] "GET /s/ta/1eg5/ HTTP/1.1" 302 337 "-" "facebookexternalhit/1.1 (+http://www.facebook.com/externalhit_uatext.php)"
117.216.120.16 - - [28/Mar/2012:07:17:39 -0700] "-" 400 0 "-" "-"
117.216.120.16 - - [28/Mar/2012:07:17:39 -0700] "-" 400 0 "-" "-"
117.216.120.16 - - [28/Mar/2012:07:17:39 -0700] "-" 400 0 "-" "-"
117.216.120.16 - - [28/Mar/2012:07:17:39 -0700] "-" 400 0 "-" "-"
117.216.120.16 - - [28/Mar/2012:07:17:39 -0700] "-" 400 0 "-" "-"
85.17.88.169 - - [28/Mar/2012:07:17:52 -0700] "POST /blog/wp-cron.php?doing_wp_cron=1332944054 HTTP/1.0" 499 0 "-" "WordPress/3.3.1; http://yuvi.in/blog"
72.14.199.121 - - [28/Mar/2012:07:17:53 -0700] "GET /blog/feed/ HTTP/1.1" 304 0 "-" "Feedfetcher-Google; (+http://www.google.com/feedfetcher.html; 18 subscribers; feed-id=15064232456473204253)"
46.105.114.233 - - [28/Mar/2012:07:18:36 -0700] "GET /robots.txt HTTP/1.0" 404 169 "-" "Mozilla/5.0 (compatible; MJ12bot/v1.4.2; http://www.majestic12.co.uk/bot.php?+)"
46.105.114.233 - - [28/Mar/2012:07:18:39 -0700] "GET /blog/devlog-april-2011.html HTTP/1.0" 200 12560 "-" "Mozilla/5.0 (compatible; MJ12bot/v1.4.2; http://www.majestic12.co.uk/bot.php?+)"
117.202.154.16 - - [28/Mar/2012:07:18:56 -0700] "-" 400 0 "-" "-"
122.178.156.116 - - [28/Mar/2012:07:19:07 -0700] "-" 400 0 "-" "-"
14.139.187.177 - - [28/Mar/2012:07:19:17 -0700] "-" 400 0 "-" "-"
14.139.187.177 - - [28/Mar/2012:07:19:27 -0700] "-" 400 0 "-" "-"
69.171.224.244 - - [28/Mar/2012:07:19:52 -0700] "GET /r/1uj HTTP/1.1" 301 255 "-" "facebookexternalhit/1.1 (+http://www.facebook.com/externalhit_uatext.php)"
69.171.224.250 - - [28/Mar/2012:07:19:52 -0700] "GET /s/ta/1uj/ HTTP/1.1" 302 501 "-" "facebookexternalhit/1.1 (+http://www.facebook.com/externalhit_uatext.php)"
14.139.187.177 - - [28/Mar/2012:07:21:01 -0700] "-" 400 0 "-" "-"
141.0.9.163 - - [28/Mar/2012:07:21:06 -0700] "-" 400 0 "-" "-"
141.0.9.163 - - [28/Mar/2012:07:21:06 -0700] "-" 400 0 "-" "-"
141.0.9.163 - - [28/Mar/2012:07:21:06 -0700] "-" 400 0 "-" "-"
85.17.88.169 - - [28/Mar/2012:07:22:06 -0700] "POST /blog/wp-cron.php?doing_wp_cron=1332944307 HTTP/1.0" 499 0 "-" "WordPress/3.3.1; http://yuvi.in/blog"
183.82.73.17 - - [28/Mar/2012:07:22:06 -0700] "GET /blog/feed/ HTTP/1.0" 304 0 "-" "FeedDemon/4.0 (http://www.feeddemon.com/; Microsoft Windows)"
101.63.249.125 - - [28/Mar/2012:07:22:58 -0700] "-" 400 0 "-" "-"
101.63.249.125 - - [28/Mar/2012:07:22:58 -0700] "-" 400 0 "-" "-"
101.63.249.125 - - [28/Mar/2012:07:23:03 -0700] "-" 400 0 "-" "-"
122.164.146.10 - - [28/Mar/2012:07:23:16 -0700] "-" 400 0 "-" "-"
113.193.119.135 - - [28/Mar/2012:07:26:27 -0700] "-" 400 0 "-" "-"
86.98.61.106 - - [28/Mar/2012:07:26:55 -0700] "GET /r/1osh HTTP/1.0" 301 257 "http://ta.wikipedia.org/wiki/%E0%AE%AA%E0%AE%95%E0%AF%81%E0%AE%AA%E0%AF%8D%E0%AE%AA%E0%AF%81:%E0%AE%A4%E0%AE%BF%E0%AE%B0%E0%AF%81%E0%AE%9A%E0%AF%8D%E0%AE%9A%E0%AE%BF%E0%AE%B0%E0%AE%BE%E0%AE%AA%E0%AF%8D%E0%AE%AA%E0%AE%B3%E0%AF%8D%E0%AE%B3%E0%AE%BF_%E0%AE%AE%E0%AE%BE%E0%AE%B5%E0%AE%9F%E0%AF%8D%E0%AE%9F%E0%AE%A4%E0%AF%8D%E0%AE%A4%E0%AE%BF%E0%AE%B2%E0%AF%81%E0%AE%B3%E0%AF%8D%E0%AE%B3_%E0%AE%95%E0%AE%BF%E0%AE%B0%E0%AE%BE%E0%AE%AE%E0%AE%99%E0%AF%8D%E0%AE%95%E0%AE%B3%E0%AF%8D" "Mozilla/5.0 (Windows NT 5.1) AppleWebKit/535.11 (KHTML, like Gecko) Chrome/17.0.963.83 Safari/535.11"
86.98.61.106 - - [28/Mar/2012:07:26:56 -0700] "GET /s/ta/1osh/ HTTP/1.0" 302 863 "http://ta.wikipedia.org/wiki/%E0%AE%AA%E0%AE%95%E0%AF%81%E0%AE%AA%E0%AF%8D%E0%AE%AA%E0%AF%81:%E0%AE%A4%E0%AE%BF%E0%AE%B0%E0%AF%81%E0%AE%9A%E0%AF%8D%E0%AE%9A%E0%AE%BF%E0%AE%B0%E0%AE%BE%E0%AE%AA%E0%AF%8D%E0%AE%AA%E0%AE%B3%E0%AF%8D%E0%AE%B3%E0%AE%BF_%E0%AE%AE%E0%AE%BE%E0%AE%B5%E0%AE%9F%E0%AF%8D%E0%AE%9F%E0%AE%A4%E0%AF%8D%E0%AE%A4%E0%AE%BF%E0%AE%B2%E0%AF%81%E0%AE%B3%E0%AF%8D%E0%AE%B3_%E0%AE%95%E0%AE%BF%E0%AE%B0%E0%AE%BE%E0%AE%AE%E0%AE%99%E0%AF%8D%E0%AE%95%E0%AE%B3%E0%AF%8D" "Mozilla/5.0 (Windows NT 5.1) AppleWebKit/535.11 (KHTML, like Gecko) Chrome/17.0.963.83 Safari/535.11"
113.193.119.135 - - [28/Mar/2012:07:26:57 -0700] "-" 400 0 "-" "-"
113.193.119.135 - - [28/Mar/2012:07:26:57 -0700] "-" 400 0 "-" "-"
113.193.119.135 - - [28/Mar/2012:07:26:57 -0700] "-" 400 0 "-" "-"
113.193.119.135 - - [28/Mar/2012:07:26:57 -0700] "-" 400 0 "-" "-"
85.17.88.169 - - [28/Mar/2012:07:27:51 -0700] "POST /blog/wp-cron.php?doing_wp_cron=1332944652 HTTP/1.0" 499 0 "-" "WordPress/3.3.1; http://yuvi.in/blog"
66.249.71.13 - - [28/Mar/2012:07:27:51 -0700] "GET /blog/?dem_action=view HTTP/1.1" 200 10139 "-" "Mozilla/5.0 (compatible; Googlebot/2.1; +http://www.google.com/bot.html)"
113.193.119.135 - - [28/Mar/2012:07:33:03 -0700] "-" 400 0 "-" "-"
113.193.119.135 - - [28/Mar/2012:07:33:03 -0700] "-" 400 0 "-" "-"
113.193.119.135 - - [28/Mar/2012:07:33:03 -0700] "-" 400 0 "-" "-"
113.193.119.135 - - [28/Mar/2012:07:33:03 -0700] "-" 400 0 "-" "-"
113.193.119.135 - - [28/Mar/2012:07:33:03 -0700] "-" 400 0 "-" "-"
203.82.92.72 - - [28/Mar/2012:07:34:13 -0700] "GET /r/6y1 HTTP/1.1" 301 255 "http://ta.wikipedia.org/wiki/%E0%AE%B5%E0%AE%BF%E0%AE%95%E0%AF%8D%E0%AE%95%E0%AE%BF" "Mozilla/5.0 (Windows NT 5.1; rv:11.0) Gecko/20100101 Firefox/11.0"
203.82.92.72 - - [28/Mar/2012:07:34:14 -0700] "GET /s/ta/6y1/ HTTP/1.1" 302 337 "http://ta.wikipedia.org/wiki/%E0%AE%B5%E0%AE%BF%E0%AE%95%E0%AF%8D%E0%AE%95%E0%AE%BF" "Mozilla/5.0 (Windows NT 5.1; rv:11.0) Gecko/20100101 Firefox/11.0"
203.82.92.72 - - [28/Mar/2012:07:34:18 -0700] "-" 400 0 "-" "-"
123.125.71.34 - - [28/Mar/2012:07:34:51 -0700] "GET / HTTP/1.1" 200 3439 "-" "Mozilla/5.0 (compatible; Baiduspider/2.0; +http://www.baidu.com/search/spider.html)"
220.181.108.89 - - [28/Mar/2012:07:35:19 -0700] "GET / HTTP/1.1" 200 3439 "-" "Mozilla/5.0 (compatible; Baiduspider/2.0; +http://www.baidu.com/search/spider.html)"
69.171.228.248 - - [28/Mar/2012:07:37:10 -0700] "GET /r/1nvz HTTP/1.1" 301 257 "-" "facebookexternalhit/1.1 (+http://www.facebook.com/externalhit_uatext.php)"
69.171.228.249 - - [28/Mar/2012:07:37:10 -0700] "GET /s/ta/1nvz/ HTTP/1.1" 302 365 "-" "facebookexternalhit/1.1 (+http://www.facebook.com/externalhit_uatext.php)"
157.55.112.203 - - [28/Mar/2012:07:40:24 -0700] "-" 400 0 "-" "-"
117.199.141.252 - - [28/Mar/2012:07:40:29 -0700] "GET /r/13i8 HTTP/1.1" 301 257 "-" "Mozilla/4.0 (compatible; MSIE 7.0; Windows NT 5.1; Trident/4.0; InfoPath.2; .NET4.0C; .NET4.0E; .NET CLR 2.0.50727)"
157.55.112.203 - - [28/Mar/2012:07:40:30 -0700] "-" 400 0 "-" "-"
117.199.141.252 - - [28/Mar/2012:07:40:30 -0700] "GET /s/ta/13i8/ HTTP/1.1" 302 565 "-" "Mozilla/4.0 (compatible; MSIE 7.0; Windows NT 5.1; Trident/4.0; InfoPath.2; .NET4.0C; .NET4.0E; .NET CLR 2.0.50727)"
207.46.12.76 - - [28/Mar/2012:07:40:30 -0700] "-" 400 0 "-" "-"
117.199.141.252 - - [28/Mar/2012:07:40:30 -0700] "GET /r/13i8 HTTP/1.1" 301 257 "-" "Mozilla/4.0 (compatible; MSIE 7.0; Windows NT 5.1; Trident/4.0; InfoPath.2; .NET4.0C; .NET4.0E; .NET CLR 2.0.50727)"
117.199.141.252 - - [28/Mar/2012:07:40:30 -0700] "GET /s/ta/13i8/ HTTP/1.1" 302 565 "-" "Mozilla/4.0 (compatible; MSIE 7.0; Windows NT 5.1; Trident/4.0; InfoPath.2; .NET4.0C; .NET4.0E; .NET CLR 2.0.50727)"
66.249.71.43 - - [28/Mar/2012:07:40:31 -0700] "GET /r/33ed HTTP/1.1" 301 257 "-" "Mozilla/5.0 (compatible; Googlebot/2.1; +http://www.google.com/bot.html)"
157.55.112.203 - - [28/Mar/2012:07:40:31 -0700] "-" 400 0 "-" "-"
157.55.112.203 - - [28/Mar/2012:07:40:32 -0700] "-" 400 0 "-" "-"
207.46.12.76 - - [28/Mar/2012:07:40:32 -0700] "-" 400 0 "-" "-"
66.249.71.43 - - [28/Mar/2012:07:40:32 -0700] "GET /s/ta/33ed/ HTTP/1.1" 302 421 "-" "Mozilla/5.0 (compatible; Googlebot/2.1; +http://www.google.com/bot.html)"
207.46.12.76 - - [28/Mar/2012:07:40:32 -0700] "-" 400 0 "-" "-"
207.46.12.76 - - [28/Mar/2012:07:40:33 -0700] "-" 400 0 "-" "-"
207.46.12.76 - - [28/Mar/2012:07:40:33 -0700] "-" 400 0 "-" "-"
207.46.12.76 - - [28/Mar/2012:07:40:33 -0700] "-" 400 0 "-" "-"
207.46.12.76 - - [28/Mar/2012:07:40:34 -0700] "-" 400 0 "-" "-"
207.46.12.76 - - [28/Mar/2012:07:40:34 -0700] "-" 400 0 "-" "-"
207.46.12.76 - - [28/Mar/2012:07:40:34 -0700] "-" 400 0 "-" "-"
207.46.12.76 - - [28/Mar/2012:07:40:35 -0700] "-" 400 0 "-" "-"
157.55.112.203 - - [28/Mar/2012:07:40:36 -0700] "-" 400 0 "-" "-"
157.55.112.203 - - [28/Mar/2012:07:40:36 -0700] "-" 400 0 "-" "-"
157.55.112.203 - - [28/Mar/2012:07:40:45 -0700] "-" 400 0 "-" "-"
157.55.112.203 - - [28/Mar/2012:07:40:46 -0700] "-" 400 0 "-" "-"
117.199.141.252 - - [28/Mar/2012:07:40:46 -0700] "GET /r/13i8 HTTP/1.1" 301 257 "-" "Mozilla/4.0 (compatible; MSIE 7.0; Windows NT 5.1; Trident/4.0; InfoPath.2; .NET4.0C; .NET4.0E; .NET CLR 2.0.50727)"
157.55.112.203 - - [28/Mar/2012:07:40:46 -0700] "-" 400 0 "-" "-"
117.199.141.252 - - [28/Mar/2012:07:40:46 -0700] "GET /s/ta/13i8/ HTTP/1.1" 302 565 "-" "Mozilla/4.0 (compatible; MSIE 7.0; Windows NT 5.1; Trident/4.0; InfoPath.2; .NET4.0C; .NET4.0E; .NET CLR 2.0.50727)"
157.55.112.203 - - [28/Mar/2012:07:40:50 -0700] "-" 400 0 "-" "-"
157.55.112.203 - - [28/Mar/2012:07:40:54 -0700] "-" 400 0 "-" "-"
117.199.141.252 - - [28/Mar/2012:07:40:58 -0700] "GET /r/13i8 HTTP/1.1" 301 257 "-" "Mozilla/4.0 (compatible; MSIE 7.0; Windows NT 5.1; Trident/4.0; InfoPath.2; .NET4.0C; .NET4.0E; .NET CLR 2.0.50727)"
117.199.141.252 - - [28/Mar/2012:07:40:59 -0700] "GET /s/ta/13i8/ HTTP/1.1" 302 565 "-" "Mozilla/4.0 (compatible; MSIE 7.0; Windows NT 5.1; Trident/4.0; InfoPath.2; .NET4.0C; .NET4.0E; .NET CLR 2.0.50727)"
207.46.12.76 - - [28/Mar/2012:07:41:16 -0700] "-" 400 0 "-" "-"
117.192.59.173 - - [28/Mar/2012:07:42:00 -0700] "-" 400 0 "-" "-"
85.17.88.169 - - [28/Mar/2012:07:42:05 -0700] "POST /blog/wp-cron.php?doing_wp_cron=1332945506 HTTP/1.0" 499 0 "-" "WordPress/3.3.1; http://yuvi.in/blog"
209.85.224.95 - - [28/Mar/2012:07:42:05 -0700] "GET /blog/feed HTTP/1.1" 304 0 "-" "FeedBurner/1.0 (http://www.FeedBurner.com)"
117.192.59.173 - - [28/Mar/2012:07:42:30 -0700] "-" 400 0 "-" "-"
117.192.59.173 - - [28/Mar/2012:07:42:30 -0700] "-" 400 0 "-" "-"
117.192.59.173 - - [28/Mar/2012:07:42:30 -0700] "-" 400 0 "-" "-"
117.192.59.173 - - [28/Mar/2012:07:42:30 -0700] "-" 400 0 "-" "-"
117.192.59.173 - - [28/Mar/2012:07:42:30 -0700] "-" 400 0 "-" "-"
117.192.59.173 - - [28/Mar/2012:07:43:30 -0700] "-" 400 0 "-" "-"
117.192.59.173 - - [28/Mar/2012:07:43:30 -0700] "-" 400 0 "-" "-"
180.76.5.110 - - [28/Mar/2012:07:43:38 -0700] "GET / HTTP/1.1" 200 3439 "-" "Mozilla/5.0 (compatible; Baiduspider/2.0; +http://www.baidu.com/search/spider.html)"
59.92.44.249 - - [28/Mar/2012:07:46:43 -0700] "-" 400 0 "-" "-"
59.92.44.249 - - [28/Mar/2012:07:47:08 -0700] "-" 400 0 "-" "-"
113.193.119.135 - - [28/Mar/2012:07:47:09 -0700] "-" 400 0 "-" "-"
113.193.119.135 - - [28/Mar/2012:07:47:09 -0700] "-" 400 0 "-" "-"
113.193.119.135 - - [28/Mar/2012:07:47:09 -0700] "-" 400 0 "-" "-"
14.99.34.207 - - [28/Mar/2012:07:47:11 -0700] "-" 400 0 "-" "-"
122.164.21.170 - - [28/Mar/2012:07:48:11 -0700] "-" 400 0 "-" "-"
85.17.88.169 - - [28/Mar/2012:07:48:32 -0700] "POST /blog/wp-cron.php?doing_wp_cron=1332945894 HTTP/1.0" 499 0 "-" "WordPress/3.3.1; http://yuvi.in/blog"
101.226.33.190 - - [28/Mar/2012:07:48:33 -0700] "GET /blog/feed HTTP/1.0" 304 0 "-" "Mozilla/4.0 (compatible; Windows;)"
122.164.21.170 - - [28/Mar/2012:07:48:51 -0700] "-" 400 0 "-" "-"
122.164.21.170 - - [28/Mar/2012:07:48:51 -0700] "-" 400 0 "-" "-"
122.164.21.170 - - [28/Mar/2012:07:48:51 -0700] "-" 400 0 "-" "-"
122.164.21.170 - - [28/Mar/2012:07:48:51 -0700] "-" 400 0 "-" "-"
122.164.21.170 - - [28/Mar/2012:07:48:51 -0700] "-" 400 0 "-" "-"
122.164.21.170 - - [28/Mar/2012:07:49:30 -0700] "-" 400 0 "-" "-"
122.164.21.170 - - [28/Mar/2012:07:49:30 -0700] "-" 400 0 "-" "-"
122.164.21.170 - - [28/Mar/2012:07:49:30 -0700] "-" 400 0 "-" "-"
122.164.21.170 - - [28/Mar/2012:07:49:30 -0700] "-" 400 0 "-" "-"
66.249.71.43 - - [28/Mar/2012:07:50:40 -0700] "GET /r/2g6x HTTP/1.1" 301 257 "-" "Mozilla/5.0 (compatible; Googlebot/2.1; +http://www.google.com/bot.html)"
66.249.71.43 - - [28/Mar/2012:07:50:42 -0700] "GET /s/ta/2g6x/ HTTP/1.1" 302 757 "-" "Mozilla/5.0 (compatible; Googlebot/2.1; +http://www.google.com/bot.html)"
113.193.119.135 - - [28/Mar/2012:07:51:39 -0700] "-" 400 0 "-" "-"
113.193.119.135 - - [28/Mar/2012:07:51:39 -0700] "-" 400 0 "-" "-"
113.193.119.135 - - [28/Mar/2012:07:51:39 -0700] "-" 400 0 "-" "-"
113.193.119.135 - - [28/Mar/2012:07:51:39 -0700] "-" 400 0 "-" "-"
113.193.119.135 - - [28/Mar/2012:07:51:39 -0700] "-" 400 0 "-" "-"
66.249.71.43 - - [28/Mar/2012:07:53:13 -0700] "GET /r/1901 HTTP/1.1" 301 257 "-" "Mozilla/5.0 (compatible; Googlebot/2.1; +http://www.google.com/bot.html)"
66.249.71.43 - - [28/Mar/2012:07:53:14 -0700] "GET /s/ta/1901/ HTTP/1.1" 302 501 "-" "Mozilla/5.0 (compatible; Googlebot/2.1; +http://www.google.com/bot.html)"
113.193.119.135 - - [28/Mar/2012:07:54:18 -0700] "-" 400 0 "-" "-"
49.200.141.87 - - [28/Mar/2012:07:55:36 -0700] "-" 400 0 "-" "-"
49.200.141.87 - - [28/Mar/2012:07:55:36 -0700] "-" 400 0 "-" "-"
113.193.119.135 - - [28/Mar/2012:07:55:38 -0700] "-" 400 0 "-" "-"
49.200.141.87 - - [28/Mar/2012:07:55:42 -0700] "-" 400 0 "-" "-"
66.249.71.43 - - [28/Mar/2012:07:55:45 -0700] "GET /r/1ywq HTTP/1.1" 301 257 "-" "Mozilla/5.0 (compatible; Googlebot/2.1; +http://www.google.com/bot.html)"
66.249.71.43 - - [28/Mar/2012:07:55:47 -0700] "GET /s/ta/1ywq/ HTTP/1.1" 302 349 "-" "Mozilla/5.0 (compatible; Googlebot/2.1; +http://www.google.com/bot.html)"
49.200.141.87 - - [28/Mar/2012:07:56:08 -0700] "-" 400 0 "-" "-"
49.200.141.87 - - [28/Mar/2012:07:56:09 -0700] "-" 400 0 "-" "-"
49.200.141.87 - - [28/Mar/2012:07:56:09 -0700] "-" 400 0 "-" "-"
49.200.141.87 - - [28/Mar/2012:07:56:09 -0700] "-" 400 0 "-" "-"
157.55.112.199 - - [28/Mar/2012:07:56:10 -0700] "-" 400 0 "-" "-"
157.55.112.199 - - [28/Mar/2012:07:56:12 -0700] "-" 400 0 "-" "-"
157.55.112.199 - - [28/Mar/2012:07:56:12 -0700] "-" 400 0 "-" "-"
157.55.112.199 - - [28/Mar/2012:07:56:12 -0700] "-" 400 0 "-" "-"
157.55.112.199 - - [28/Mar/2012:07:56:13 -0700] "-" 400 0 "-" "-"
157.55.112.199 - - [28/Mar/2012:07:56:13 -0700] "-" 400 0 "-" "-"
157.55.112.199 - - [28/Mar/2012:07:56:14 -0700] "-" 400 0 "-" "-"
157.55.112.199 - - [28/Mar/2012:07:56:15 -0700] "-" 400 0 "-" "-"
157.55.112.199 - - [28/Mar/2012:07:56:15 -0700] "-" 400 0 "-" "-"
157.55.112.199 - - [28/Mar/2012:07:56:15 -0700] "-" 400 0 "-" "-"
101.212.41.231 - - [28/Mar/2012:07:56:34 -0700] "-" 400 0 "-" "-"
113.193.119.135 - - [28/Mar/2012:07:56:38 -0700] "-" 400 0 "-" "-"
122.164.21.170 - - [28/Mar/2012:07:56:38 -0700] "-" 400 0 "-" "-"
122.164.21.170 - - [28/Mar/2012:07:56:38 -0700] "-" 400 0 "-" "-"
122.164.21.170 - - [28/Mar/2012:07:56:38 -0700] "-" 400 0 "-" "-"
98.172.15.254 - - [28/Mar/2012:07:56:48 -0700] "GET / HTTP/1.1" 304 0 "-" "Caffeinated/1.1.1 CFNetwork/520.3.2 Darwin/11.3.0 (x86_64) (MacBookPro8%2C1)"
98.172.15.254 - - [28/Mar/2012:07:56:49 -0700] "GET /favicon.ico HTTP/1.1" 404 169 "-" "Caffeinated/1.1.1 CFNetwork/520.3.2 Darwin/11.3.0 (x86_64) (MacBookPro8%2C1)"
98.172.15.254 - - [28/Mar/2012:07:57:12 -0700] "GET /favicon.ico HTTP/1.1" 404 169 "-" "Caffeinated/1.1.1 CFNetwork/520.3.2 Darwin/11.3.0 (x86_64) (MacBookPro8%2C1)"
85.17.88.169 - - [28/Mar/2012:07:57:34 -0700] "POST /blog/wp-cron.php?doing_wp_cron=1332946435 HTTP/1.0" 499 0 "-" "WordPress/3.3.1; http://yuvi.in/blog"
183.178.85.181 - - [28/Mar/2012:07:57:35 -0700] "GET /blog/samsung-n210-review/feed HTTP/1.1" 301 0 "-" "Mozilla/4.0 (compatible; MSIE 5.5; Windows NT)"
85.17.88.169 - - [28/Mar/2012:07:57:37 -0700] "POST /blog/wp-cron.php?doing_wp_cron=1332946438 HTTP/1.0" 499 0 "-" "WordPress/3.3.1; http://yuvi.in/blog"
183.178.85.181 - - [28/Mar/2012:07:57:37 -0700] "GET /blog/samsung-n210-review/feed/ HTTP/1.1" 200 870 "-" "Mozilla/4.0 (compatible; MSIE 5.5; Windows NT)"
98.172.15.254 - - [28/Mar/2012:07:58:10 -0700] "GET /favicon.ico HTTP/1.1" 404 169 "-" "Caffeinated/1.1.1 CFNetwork/520.3.2 Darwin/11.3.0 (x86_64) (MacBookPro8%2C1)"
66.249.71.43 - - [28/Mar/2012:07:58:18 -0700] "GET /r/1zhj HTTP/1.1" 301 257 "-" "Mozilla/5.0 (compatible; Googlebot/2.1; +http://www.google.com/bot.html)"
66.249.71.43 - - [28/Mar/2012:07:58:19 -0700] "GET /s/ta/1zhj/ HTTP/1.1" 302 443 "-" "Mozilla/5.0 (compatible; Googlebot/2.1; +http://www.google.com/bot.html)"
98.172.15.254 - - [28/Mar/2012:07:58:47 -0700] "GET /favicon.ico HTTP/1.1" 404 169 "-" "Caffeinated/1.1.1 CFNetwork/520.3.2 Darwin/11.3.0 (x86_64) (MacBookPro8%2C1)"
117.207.118.138 - - [28/Mar/2012:07:59:29 -0700] "GET /r/hdu HTTP/1.1" 301 255 "http://ta.wikipedia.org/wiki/%E0%AE%B5._%E0%AE%89._%E0%AE%9A%E0%AE%BF%E0%AE%A4%E0%AE%AE%E0%AF%8D%E0%AE%AA%E0%AE%B0%E0%AE%AE%E0%AF%8D%E0%AE%AA%E0%AE%BF%E0%AE%B3%E0%AF%8D%E0%AE%B3%E0%AF%88" "Mozilla/4.0 (compatible; MSIE 8.0; Windows NT 5.1)"
117.207.118.138 - - [28/Mar/2012:07:59:30 -0700] "GET /s/ta/hdu/ HTTP/1.1" 302 481 "http://ta.wikipedia.org/wiki/%E0%AE%B5._%E0%AE%89._%E0%AE%9A%E0%AE%BF%E0%AE%A4%E0%AE%AE%E0%AF%8D%E0%AE%AA%E0%AE%B0%E0%AE%AE%E0%AF%8D%E0%AE%AA%E0%AE%BF%E0%AE%B3%E0%AF%8D%E0%AE%B3%E0%AF%88" "Mozilla/4.0 (compatible; MSIE 8.0; Windows NT 5.1)"
98.172.15.254 - - [28/Mar/2012:07:59:40 -0700] "GET /favicon.ico HTTP/1.1" 404 169 "-" "Caffeinated/1.1.1 CFNetwork/520.3.2 Darwin/11.3.0 (x86_64) (MacBookPro8%2C1)"
85.17.88.169 - - [28/Mar/2012:08:00:09 -0700] "POST /blog/wp-cron.php?doing_wp_cron=1332946590 HTTP/1.0" 499 0 "-" "WordPress/3.3.1; http://yuvi.in/blog"
183.82.73.17 - - [28/Mar/2012:08:00:09 -0700] "GET /blog/feed/ HTTP/1.0" 304 0 "-" "FeedDemon/4.0 (http://www.feeddemon.com/; Microsoft Windows)"
98.172.15.254 - - [28/Mar/2012:08:00:12 -0700] "GET /favicon.ico HTTP/1.1" 404 169 "-" "Caffeinated/1.1.1 CFNetwork/520.3.2 Darwin/11.3.0 (x86_64) (MacBookPro8%2C1)"
122.174.21.239 - - [28/Mar/2012:08:00:45 -0700] "-" 400 0 "-" "-"
122.174.21.239 - - [28/Mar/2012:08:00:45 -0700] "-" 400 0 "-" "-"
122.174.21.239 - - [28/Mar/2012:08:00:45 -0700] "-" 400 0 "-" "-"
98.172.15.254 - - [28/Mar/2012:08:01:08 -0700] "GET /favicon.ico HTTP/1.1" 404 169 "-" "Caffeinated/1.1.1 CFNetwork/520.3.2 Darwin/11.3.0 (x86_64) (MacBookPro8%2C1)"
98.172.15.254 - - [28/Mar/2012:08:01:38 -0700] "GET /favicon.ico HTTP/1.1" 404 169 "-" "Caffeinated/1.1.1 CFNetwork/520.3.2 Darwin/11.3.0 (x86_64) (MacBookPro8%2C1)"
98.172.15.254 - - [28/Mar/2012:08:02:30 -0700] "GET / HTTP/1.1" 304 0 "-" "Caffeinated/1.1.1 CFNetwork/520.3.2 Darwin/11.3.0 (x86_64) (MacBookPro8%2C1)"
98.172.15.254 - - [28/Mar/2012:08:02:31 -0700] "GET /favicon.ico HTTP/1.1" 404 169 "-" "Caffeinated/1.1.1 CFNetwork/520.3.2 Darwin/11.3.0 (x86_64) (MacBookPro8%2C1)"
98.172.15.254 - - [28/Mar/2012:08:03:04 -0700] "GET /favicon.ico HTTP/1.1" 404 169 "-" "Caffeinated/1.1.1 CFNetwork/520.3.2 Darwin/11.3.0 (x86_64) (MacBookPro8%2C1)"
66.249.71.43 - - [28/Mar/2012:08:03:23 -0700] "GET /r/1sqc HTTP/1.1" 301 257 "-" "Mozilla/5.0 (compatible; Googlebot/2.1; +http://www.google.com/bot.html)"
66.249.71.43 - - [28/Mar/2012:08:03:24 -0700] "GET /s/ta/1sqc/ HTTP/1.1" 302 549 "-" "Mozilla/5.0 (compatible; Googlebot/2.1; +http://www.google.com/bot.html)"
98.172.15.254 - - [28/Mar/2012:08:03:56 -0700] "GET /favicon.ico HTTP/1.1" 404 169 "-" "Caffeinated/1.1.1 CFNetwork/520.3.2 Darwin/11.3.0 (x86_64) (MacBookPro8%2C1)"
115.239.227.106 - - [28/Mar/2012:08:04:14 -0700] "GET /myadmin/scripts/setup.php HTTP/1.1" 404 142 "-" "ZmEu"
115.239.227.106 - - [28/Mar/2012:08:04:14 -0700] "GET /phpmyadmin/scripts/setup.php HTTP/1.1" 404 142 "-" "ZmEu"
115.239.227.106 - - [28/Mar/2012:08:04:14 -0700] "GET /phpMyAdmin/scripts/setup.php HTTP/1.1" 404 142 "-" "ZmEu"
115.239.227.106 - - [28/Mar/2012:08:04:14 -0700] "GET /w00tw00t.at.blackhats.romanian.anti-sec:) HTTP/1.1" 404 142 "-" "ZmEu"
115.239.227.106 - - [28/Mar/2012:08:04:14 -0700] "GET /MyAdmin/scripts/setup.php HTTP/1.1" 404 142 "-" "ZmEu"
115.239.227.106 - - [28/Mar/2012:08:04:14 -0700] "GET /pma/scripts/setup.php HTTP/1.1" 404 142 "-" "ZmEu"
98.172.15.254 - - [28/Mar/2012:08:04:31 -0700] "GET /favicon.ico HTTP/1.1" 404 169 "-" "Caffeinated/1.1.1 CFNetwork/520.3.2 Darwin/11.3.0 (x86_64) (MacBookPro8%2C1)"
98.172.15.254 - - [28/Mar/2012:08:05:24 -0700] "GET /favicon.ico HTTP/1.1" 404 169 "-" "Caffeinated/1.1.1 CFNetwork/520.3.2 Darwin/11.3.0 (x86_64) (MacBookPro8%2C1)"
98.172.15.254 - - [28/Mar/2012:08:06:00 -0700] "GET /favicon.ico HTTP/1.1" 404 169 "-" "Caffeinated/1.1.1 CFNetwork/520.3.2 Darwin/11.3.0 (x86_64) (MacBookPro8%2C1)"
98.172.15.254 - - [28/Mar/2012:08:06:52 -0700] "GET /favicon.ico HTTP/1.1" 404 169 "-" "Caffeinated/1.1.1 CFNetwork/520.3.2 Darwin/11.3.0 (x86_64) (MacBookPro8%2C1)"
98.172.15.254 - - [28/Mar/2012:08:07:27 -0700] "GET /favicon.ico HTTP/1.1" 404 169 "-" "Caffeinated/1.1.1 CFNetwork/520.3.2 Darwin/11.3.0 (x86_64) (MacBookPro8%2C1)"
122.174.97.203 - - [28/Mar/2012:08:07:53 -0700] "-" 400 0 "-" "-"
98.172.15.254 - - [28/Mar/2012:08:08:26 -0700] "GET / HTTP/1.1" 304 0 "-" "Caffeinated/1.1.1 CFNetwork/520.3.2 Darwin/11.3.0 (x86_64) (MacBookPro8%2C1)"
98.172.15.254 - - [28/Mar/2012:08:08:26 -0700] "GET /favicon.ico HTTP/1.1" 404 169 "-" "Caffeinated/1.1.1 CFNetwork/520.3.2 Darwin/11.3.0 (x86_64) (MacBookPro8%2C1)"
66.249.71.43 - - [28/Mar/2012:08:08:27 -0700] "GET /r/2gap HTTP/1.1" 301 257 "-" "Mozilla/5.0 (compatible; Googlebot/2.1; +http://www.google.com/bot.html)"
66.249.71.43 - - [28/Mar/2012:08:08:29 -0700] "GET /s/ta/2gap/ HTTP/1.1" 302 583 "-" "Mozilla/5.0 (compatible; Googlebot/2.1; +http://www.google.com/bot.html)"
98.172.15.254 - - [28/Mar/2012:08:08:58 -0700] "GET /favicon.ico HTTP/1.1" 404 169 "-" "Caffeinated/1.1.1 CFNetwork/520.3.2 Darwin/11.3.0 (x86_64) (MacBookPro8%2C1)"
101.212.41.231 - - [28/Mar/2012:08:09:53 -0700] "-" 400 0 "-" "-"
98.172.15.254 - - [28/Mar/2012:08:09:53 -0700] "GET /favicon.ico HTTP/1.1" 404 169 "-" "Caffeinated/1.1.1 CFNetwork/520.3.2 Darwin/11.3.0 (x86_64) (MacBookPro8%2C1)"
122.174.97.203 - - [28/Mar/2012:08:10:17 -0700] "-" 400 0 "-" "-"
98.172.15.254 - - [28/Mar/2012:08:10:26 -0700] "GET /favicon.ico HTTP/1.1" 404 169 "-" "Caffeinated/1.1.1 CFNetwork/520.3.2 Darwin/11.3.0 (x86_64) (MacBookPro8%2C1)"
220.181.108.85 - - [28/Mar/2012:08:10:52 -0700] "GET /blog HTTP/1.1" 301 178 "-" "Mozilla/5.0 (compatible; Baiduspider/2.0; +http://www.baidu.com/search/spider.html)"
85.17.88.169 - - [28/Mar/2012:08:10:54 -0700] "POST /blog/wp-cron.php?doing_wp_cron=1332947235 HTTP/1.0" 499 0 "-" "WordPress/3.3.1; http://yuvi.in/blog"
220.181.108.93 - - [28/Mar/2012:08:10:55 -0700] "GET /blog/ HTTP/1.1" 200 10128 "-" "Mozilla/5.0 (compatible; Baiduspider/2.0; +http://www.baidu.com/search/spider.html)"
117.193.141.52 - - [28/Mar/2012:08:11:00 -0700] "GET / HTTP/1.1" 200 1430 "-" "Mozilla/5.0 (X11; Linux i686) AppleWebKit/535.11 (KHTML, like Gecko) Ubuntu/11.10 Chromium/17.0.963.79 Chrome/17.0.963.79 Safari/535.11"
117.193.141.52 - - [28/Mar/2012:08:11:01 -0700] "GET /blueprint/screen.css HTTP/1.1" 200 12058 "http://yuvi.in/" "Mozilla/5.0 (X11; Linux i686) AppleWebKit/535.11 (KHTML, like Gecko) Ubuntu/11.10 Chromium/17.0.963.79 Chrome/17.0.963.79 Safari/535.11"
117.193.141.52 - - [28/Mar/2012:08:11:02 -0700] "GET /blueprint/print.css HTTP/1.1" 200 1284 "http://yuvi.in/" "Mozilla/5.0 (X11; Linux i686) AppleWebKit/535.11 (KHTML, like Gecko) Ubuntu/11.10 Chromium/17.0.963.79 Chrome/17.0.963.79 Safari/535.11"
117.193.141.52 - - [28/Mar/2012:08:11:02 -0700] "GET /header.png HTTP/1.1" 200 14249 "http://yuvi.in/" "Mozilla/5.0 (X11; Linux i686) AppleWebKit/535.11 (KHTML, like Gecko) Ubuntu/11.10 Chromium/17.0.963.79 Chrome/17.0.963.79 Safari/535.11"
117.193.141.52 - - [28/Mar/2012:08:11:03 -0700] "GET /favicon.ico HTTP/1.1" 404 199 "-" "Mozilla/5.0 (X11; Linux i686) AppleWebKit/535.11 (KHTML, like Gecko) Ubuntu/11.10 Chromium/17.0.963.79 Chrome/17.0.963.79 Safari/535.11"
117.193.141.52 - - [28/Mar/2012:08:11:05 -0700] "GET /blog HTTP/1.1" 301 178 "http://yuvi.in/" "Mozilla/5.0 (X11; Linux i686) AppleWebKit/535.11 (KHTML, like Gecko) Ubuntu/11.10 Chromium/17.0.963.79 Chrome/17.0.963.79 Safari/535.11"
85.17.88.169 - - [28/Mar/2012:08:11:07 -0700] "POST /blog/wp-cron.php?doing_wp_cron=1332947249 HTTP/1.0" 499 0 "-" "WordPress/3.3.1; http://yuvi.in/blog"
117.193.141.52 - - [28/Mar/2012:08:11:08 -0700] "GET /blog/ HTTP/1.1" 200 9194 "http://yuvi.in/" "Mozilla/5.0 (X11; Linux i686) AppleWebKit/535.11 (KHTML, like Gecko) Ubuntu/11.10 Chromium/17.0.963.79 Chrome/17.0.963.79 Safari/535.11"
117.193.141.52 - - [28/Mar/2012:08:11:08 -0700] "GET /blog/wp-content/themes/cleanr/style.css HTTP/1.1" 200 10508 "http://yuvi.in/blog/" "Mozilla/5.0 (X11; Linux i686) AppleWebKit/535.11 (KHTML, like Gecko) Ubuntu/11.10 Chromium/17.0.963.79 Chrome/17.0.963.79 Safari/535.11"
117.193.141.52 - - [28/Mar/2012:08:11:09 -0700] "GET /blog/wp-content/themes/cleanr/js/jquery.dropdown.js?ver=3.3.1 HTTP/1.1" 200 535 "http://yuvi.in/blog/" "Mozilla/5.0 (X11; Linux i686) AppleWebKit/535.11 (KHTML, like Gecko) Ubuntu/11.10 Chromium/17.0.963.79 Chrome/17.0.963.79 Safari/535.11"
117.193.141.52 - - [28/Mar/2012:08:11:11 -0700] "GET /blog/wp-content/themes/cleanr/css/reset.css HTTP/1.1" 200 648 "http://yuvi.in/blog/" "Mozilla/5.0 (X11; Linux i686) AppleWebKit/535.11 (KHTML, like Gecko) Ubuntu/11.10 Chromium/17.0.963.79 Chrome/17.0.963.79 Safari/535.11"
117.193.141.52 - - [28/Mar/2012:08:11:11 -0700] "GET /blog/wp-content/themes/cleanr/css/text.css HTTP/1.1" 200 420 "http://yuvi.in/blog/" "Mozilla/5.0 (X11; Linux i686) AppleWebKit/535.11 (KHTML, like Gecko) Ubuntu/11.10 Chromium/17.0.963.79 Chrome/17.0.963.79 Safari/535.11"
117.193.141.52 - - [28/Mar/2012:08:11:11 -0700] "GET /blog/wp-content/themes/cleanr/css/960.css HTTP/1.1" 200 3628 "http://yuvi.in/blog/" "Mozilla/5.0 (X11; Linux i686) AppleWebKit/535.11 (KHTML, like Gecko) Ubuntu/11.10 Chromium/17.0.963.79 Chrome/17.0.963.79 Safari/535.11"
117.193.141.52 - - [28/Mar/2012:08:11:18 -0700] "GET /blog/wp-includes/js/jquery/jquery.js?ver=1.7.1 HTTP/1.1" 200 93889 "http://yuvi.in/blog/" "Mozilla/5.0 (X11; Linux i686) AppleWebKit/535.11 (KHTML, like Gecko) Ubuntu/11.10 Chromium/17.0.963.79 Chrome/17.0.963.79 Safari/535.11"
117.193.141.52 - - [28/Mar/2012:08:11:20 -0700] "GET /blog/wp-content/themes/cleanr/images/search_magnifier.gif HTTP/1.1" 200 394 "http://yuvi.in/blog/" "Mozilla/5.0 (X11; Linux i686) AppleWebKit/535.11 (KHTML, like Gecko) Ubuntu/11.10 Chromium/17.0.963.79 Chrome/17.0.963.79 Safari/535.11"
117.193.141.52 - - [28/Mar/2012:08:11:21 -0700] "GET /favicon.ico HTTP/1.1" 404 199 "-" "Mozilla/5.0 (X11; Linux i686) AppleWebKit/535.11 (KHTML, like Gecko) Ubuntu/11.10 Chromium/17.0.963.79 Chrome/17.0.963.79 Safari/535.11"
98.172.15.254 - - [28/Mar/2012:08:11:22 -0700] "GET /favicon.ico HTTP/1.1" 404 169 "-" "Caffeinated/1.1.1 CFNetwork/520.3.2 Darwin/11.3.0 (x86_64) (MacBookPro8%2C1)"
85.17.88.169 - - [28/Mar/2012:08:11:47 -0700] "POST /blog/wp-cron.php?doing_wp_cron=1332947288 HTTP/1.0" 499 0 "-" "WordPress/3.3.1; http://yuvi.in/blog"
117.193.141.52 - - [28/Mar/2012:08:11:47 -0700] "GET /blog/category/so-called-it/ HTTP/1.1" 200 11662 "http://yuvi.in/blog/" "Mozilla/5.0 (X11; Linux i686) AppleWebKit/535.11 (KHTML, like Gecko) Ubuntu/11.10 Chromium/17.0.963.79 Chrome/17.0.963.79 Safari/535.11"
117.193.141.52 - - [28/Mar/2012:08:11:49 -0700] "GET /favicon.ico HTTP/1.1" 404 199 "-" "Mozilla/5.0 (X11; Linux i686) AppleWebKit/535.11 (KHTML, like Gecko) Ubuntu/11.10 Chromium/17.0.963.79 Chrome/17.0.963.79 Safari/535.11"
98.172.15.254 - - [28/Mar/2012:08:11:54 -0700] "GET /favicon.ico HTTP/1.1" 404 169 "-" "Caffeinated/1.1.1 CFNetwork/520.3.2 Darwin/11.3.0 (x86_64) (MacBookPro8%2C1)"
85.17.88.169 - - [28/Mar/2012:08:12:04 -0700] "POST /blog/wp-cron.php?doing_wp_cron=1332947305 HTTP/1.0" 499 0 "-" "WordPress/3.3.1; http://yuvi.in/blog"
117.193.141.52 - - [28/Mar/2012:08:12:04 -0700] "GET /blog/infosys-tcs-or-wipro-none/ HTTP/1.1" 200 7089 "http://yuvi.in/blog/category/so-called-it/" "Mozilla/5.0 (X11; Linux i686) AppleWebKit/535.11 (KHTML, like Gecko) Ubuntu/11.10 Chromium/17.0.963.79 Chrome/17.0.963.79 Safari/535.11"
117.193.141.52 - - [28/Mar/2012:08:12:06 -0700] "GET /favicon.ico HTTP/1.1" 404 199 "-" "Mozilla/5.0 (X11; Linux i686) AppleWebKit/535.11 (KHTML, like Gecko) Ubuntu/11.10 Chromium/17.0.963.79 Chrome/17.0.963.79 Safari/535.11"
117.193.141.52 - - [28/Mar/2012:08:12:07 -0700] "GET /favicon.ico HTTP/1.1" 404 199 "-" "Mozilla/5.0 (X11; Linux i686) AppleWebKit/535.11 (KHTML, like Gecko) Ubuntu/11.10 Chromium/17.0.963.79 Chrome/17.0.963.79 Safari/535.11"
117.193.141.52 - - [28/Mar/2012:08:12:08 -0700] "GET /favicon.ico HTTP/1.1" 404 199 "-" "Mozilla/5.0 (X11; Linux i686) AppleWebKit/535.11 (KHTML, like Gecko) Ubuntu/11.10 Chromium/17.0.963.79 Chrome/17.0.963.79 Safari/535.11"
117.193.141.52 - - [28/Mar/2012:08:12:10 -0700] "GET /favicon.ico HTTP/1.1" 404 199 "-" "Mozilla/5.0 (X11; Linux i686) AppleWebKit/535.11 (KHTML, like Gecko) Ubuntu/11.10 Chromium/17.0.963.79 Chrome/17.0.963.79 Safari/535.11"
85.17.88.169 - - [28/Mar/2012:08:12:10 -0700] "POST /blog/wp-cron.php?doing_wp_cron=1332947312 HTTP/1.0" 499 0 "-" "WordPress/3.3.1; http://yuvi.in/blog"
209.85.224.93 - - [28/Mar/2012:08:12:11 -0700] "GET /blog/feed HTTP/1.1" 304 0 "-" "FeedBurner/1.0 (http://www.FeedBurner.com)"
85.17.88.169 - - [28/Mar/2012:08:12:12 -0700] "POST /blog/wp-cron.php?doing_wp_cron=1332947313 HTTP/1.0" 499 0 "-" "WordPress/3.3.1; http://yuvi.in/blog"
117.193.141.52 - - [28/Mar/2012:08:12:12 -0700] "GET /blog/infosys-tcs-or-wipro-none/?cf_action=sync_comments&post_id=124 HTTP/1.1" 200 48 "http://yuvi.in/blog/infosys-tcs-or-wipro-none/" "Mozilla/5.0 (X11; Linux i686) AppleWebKit/535.11 (KHTML, like Gecko) Ubuntu/11.10 Chromium/17.0.963.79 Chrome/17.0.963.79 Safari/535.11"
69.171.229.244 - - [28/Mar/2012:08:12:22 -0700] "GET /r/1eg5 HTTP/1.1" 301 257 "-" "facebookexternalhit/1.1 (+http://www.facebook.com/externalhit_uatext.php)"
69.171.229.250 - - [28/Mar/2012:08:12:22 -0700] "GET /s/ta/1eg5/ HTTP/1.1" 302 337 "-" "facebookexternalhit/1.1 (+http://www.facebook.com/externalhit_uatext.php)"
98.172.15.254 - - [28/Mar/2012:08:12:46 -0700] "GET /favicon.ico HTTP/1.1" 404 169 "-" "Caffeinated/1.1.1 CFNetwork/520.3.2 Darwin/11.3.0 (x86_64) (MacBookPro8%2C1)"
85.17.88.169 - - [28/Mar/2012:08:13:21 -0700] "POST /blog/wp-cron.php?doing_wp_cron=1332947382 HTTP/1.0" 499 0 "-" "WordPress/3.3.1; http://yuvi.in/blog"
