117.193.163.159 - - [23/Mar/2012:07:30:29 -0700] "-" 400 0 "-" "-"
117.193.163.159 - - [23/Mar/2012:07:30:29 -0700] "-" 400 0 "-" "-"
117.193.163.159 - - [23/Mar/2012:07:30:29 -0700] "-" 400 0 "-" "-"
117.193.163.159 - - [23/Mar/2012:07:30:48 -0700] "-" 400 0 "-" "-"
98.172.15.254 - - [23/Mar/2012:07:31:04 -0700] "GET /favicon.ico HTTP/1.1" 404 169 "-" "Caffeinated/1.1.1 CFNetwork/520.3.2 Darwin/11.3.0 (x86_64) (MacBookPro8%2C1)"
117.193.163.159 - - [23/Mar/2012:07:31:48 -0700] "-" 400 0 "-" "-"
117.193.163.159 - - [23/Mar/2012:07:31:48 -0700] "-" 400 0 "-" "-"
98.172.15.254 - - [23/Mar/2012:07:31:54 -0700] "GET /favicon.ico HTTP/1.1" 404 169 "-" "Caffeinated/1.1.1 CFNetwork/520.3.2 Darwin/11.3.0 (x86_64) (MacBookPro8%2C1)"
79.224.84.97 - - [23/Mar/2012:07:31:56 -0700] "GET /r/5j1 HTTP/1.1" 301 255 "http://ta.wikipedia.org/wiki/%E0%AE%92%E0%AE%B0%E0%AF%81%E0%AE%99%E0%AF%8D%E0%AE%95%E0%AF%81%E0%AE%B1%E0%AE%BF" "Mozilla/5.0 (Windows NT 6.1) AppleWebKit/535.11 (KHTML, like Gecko) Chrome/17.0.963.83 Safari/535.11"
79.224.84.97 - - [23/Mar/2012:07:31:56 -0700] "GET /s/ta/5j1/ HTTP/1.1" 302 373 "http://ta.wikipedia.org/wiki/%E0%AE%92%E0%AE%B0%E0%AF%81%E0%AE%99%E0%AF%8D%E0%AE%95%E0%AF%81%E0%AE%B1%E0%AE%BF" "Mozilla/5.0 (Windows NT 6.1) AppleWebKit/535.11 (KHTML, like Gecko) Chrome/17.0.963.83 Safari/535.11"
85.17.88.169 - - [23/Mar/2012:07:31:59 -0700] "POST /blog/wp-cron.php?doing_wp_cron=1332512941 HTTP/1.0" 499 0 "-" "WordPress/3.3.1; http://yuvi.in/blog"
209.85.238.115 - - [23/Mar/2012:07:32:00 -0700] "GET /blog/feed/ HTTP/1.1" 304 0 "-" "Feedfetcher-Google; (+http://www.google.com/feedfetcher.html; 19 subscribers; feed-id=15064232456473204253)"
98.172.15.254 - - [23/Mar/2012:07:32:42 -0700] "GET /favicon.ico HTTP/1.1" 404 169 "-" "Caffeinated/1.1.1 CFNetwork/520.3.2 Darwin/11.3.0 (x86_64) (MacBookPro8%2C1)"
117.203.98.119 - - [23/Mar/2012:07:32:46 -0700] "GET /r/9ve HTTP/1.1" 301 255 "http://ta.wikipedia.org/wiki/%E0%AE%95%E0%AE%AE%E0%AF%8D%E0%AE%AA%E0%AE%B0%E0%AF%8D" "Mozilla/4.0 (compatible; MSIE 8.0; Windows NT 6.1; Trident/4.0; BTRS122333; GTB7.3; SLCC2; .NET CLR 2.0.50727; .NET CLR 3.5.30729; .NET CLR 3.0.30729; Media Center PC 6.0; InfoPath.2; .NET4.0C)"
117.203.98.119 - - [23/Mar/2012:07:32:47 -0700] "GET /s/ta/9ve/ HTTP/1.1" 302 337 "http://ta.wikipedia.org/wiki/%E0%AE%95%E0%AE%AE%E0%AF%8D%E0%AE%AA%E0%AE%B0%E0%AF%8D" "Mozilla/4.0 (compatible; MSIE 8.0; Windows NT 6.1; Trident/4.0; BTRS122333; GTB7.3; SLCC2; .NET CLR 2.0.50727; .NET CLR 3.5.30729; .NET CLR 3.0.30729; Media Center PC 6.0; InfoPath.2; .NET4.0C)"
98.172.15.254 - - [23/Mar/2012:07:33:19 -0700] "GET /favicon.ico HTTP/1.1" 404 169 "-" "Caffeinated/1.1.1 CFNetwork/520.3.2 Darwin/11.3.0 (x86_64) (MacBookPro8%2C1)"
117.193.244.25 - - [23/Mar/2012:07:33:29 -0700] "-" 400 0 "-" "-"
117.193.244.25 - - [23/Mar/2012:07:33:29 -0700] "-" 400 0 "-" "-"
117.193.244.25 - - [23/Mar/2012:07:33:29 -0700] "-" 400 0 "-" "-"
117.193.244.25 - - [23/Mar/2012:07:33:29 -0700] "-" 400 0 "-" "-"
66.249.68.106 - - [23/Mar/2012:07:33:43 -0700] "GET /chennai/stage/2747/ HTTP/1.1" 404 142 "-" "Mozilla/5.0 (compatible; Googlebot/2.1; +http://www.google.com/bot.html)"
203.153.223.70 - - [23/Mar/2012:07:34:22 -0700] "GET /r/ekn HTTP/1.1" 301 255 "http://ta.wikipedia.org/wiki/%E0%AE%95%E0%AE%BF%E0%AE%B0%E0%AE%AF%E0%AE%95%E0%AF%8D_%E0%AE%95%E0%AE%A3%E0%AE%95%E0%AF%8D%E0%AE%95%E0%AF%80%E0%AE%9F%E0%AF%81" "Mozilla/5.0 (Windows; U; Windows NT 6.1; en-US) AppleWebKit/534.7 (KHTML, like Gecko) Chrome/7.0.517.8 Safari/534.7"
203.153.223.70 - - [23/Mar/2012:07:34:23 -0700] "GET /s/ta/ekn/ HTTP/1.1" 302 437 "http://ta.wikipedia.org/wiki/%E0%AE%95%E0%AE%BF%E0%AE%B0%E0%AE%AF%E0%AE%95%E0%AF%8D_%E0%AE%95%E0%AE%A3%E0%AE%95%E0%AF%8D%E0%AE%95%E0%AF%80%E0%AE%9F%E0%AF%81" "Mozilla/5.0 (Windows; U; Windows NT 6.1; en-US) AppleWebKit/534.7 (KHTML, like Gecko) Chrome/7.0.517.8 Safari/534.7"
98.172.15.254 - - [23/Mar/2012:07:34:25 -0700] "GET /favicon.ico HTTP/1.1" 404 169 "-" "Caffeinated/1.1.1 CFNetwork/520.3.2 Darwin/11.3.0 (x86_64) (MacBookPro8%2C1)"
69.171.228.244 - - [23/Mar/2012:07:34:25 -0700] "GET /r/1nvz HTTP/1.1" 301 257 "-" "facebookexternalhit/1.1 (+http://www.facebook.com/externalhit_uatext.php)"
69.171.228.249 - - [23/Mar/2012:07:34:25 -0700] "GET /s/ta/1nvz/ HTTP/1.1" 302 365 "-" "facebookexternalhit/1.1 (+http://www.facebook.com/externalhit_uatext.php)"
98.172.15.254 - - [23/Mar/2012:07:35:06 -0700] "GET /favicon.ico HTTP/1.1" 404 169 "-" "Caffeinated/1.1.1 CFNetwork/520.3.2 Darwin/11.3.0 (x86_64) (MacBookPro8%2C1)"
117.193.244.25 - - [23/Mar/2012:07:35:09 -0700] "-" 400 0 "-" "-"
117.193.244.25 - - [23/Mar/2012:07:35:09 -0700] "-" 400 0 "-" "-"
117.193.244.25 - - [23/Mar/2012:07:35:09 -0700] "-" 400 0 "-" "-"
117.193.244.25 - - [23/Mar/2012:07:35:09 -0700] "-" 400 0 "-" "-"
117.193.244.25 - - [23/Mar/2012:07:35:09 -0700] "-" 400 0 "-" "-"
220.255.1.165 - - [23/Mar/2012:07:35:37 -0700] "-" 400 0 "-" "-"
117.193.244.25 - - [23/Mar/2012:07:35:49 -0700] "-" 400 0 "-" "-"
117.193.244.25 - - [23/Mar/2012:07:35:49 -0700] "-" 400 0 "-" "-"
117.193.244.25 - - [23/Mar/2012:07:35:49 -0700] "-" 400 0 "-" "-"
117.193.244.25 - - [23/Mar/2012:07:35:49 -0700] "-" 400 0 "-" "-"
220.255.1.121 - - [23/Mar/2012:07:35:57 -0700] "-" 400 0 "-" "-"
220.255.1.232 - - [23/Mar/2012:07:36:00 -0700] "-" 400 0 "-" "-"
220.255.2.230 - - [23/Mar/2012:07:36:01 -0700] "-" 400 0 "-" "-"
220.255.2.183 - - [23/Mar/2012:07:36:01 -0700] "-" 400 0 "-" "-"
220.255.1.160 - - [23/Mar/2012:07:36:02 -0700] "-" 400 0 "-" "-"
220.255.1.128 - - [23/Mar/2012:07:36:02 -0700] "-" 400 0 "-" "-"
98.172.15.254 - - [23/Mar/2012:07:36:03 -0700] "GET / HTTP/1.1" 304 0 "-" "Caffeinated/1.1.1 CFNetwork/520.3.2 Darwin/11.3.0 (x86_64) (MacBookPro8%2C1)"
98.172.15.254 - - [23/Mar/2012:07:36:03 -0700] "GET /favicon.ico HTTP/1.1" 404 169 "-" "Caffeinated/1.1.1 CFNetwork/520.3.2 Darwin/11.3.0 (x86_64) (MacBookPro8%2C1)"
220.255.1.210 - - [23/Mar/2012:07:36:06 -0700] "-" 400 0 "-" "-"
220.255.1.158 - - [23/Mar/2012:07:36:16 -0700] "-" 400 0 "-" "-"
220.255.1.124 - - [23/Mar/2012:07:36:16 -0700] "-" 400 0 "-" "-"
220.255.1.164 - - [23/Mar/2012:07:36:17 -0700] "-" 400 0 "-" "-"
220.255.1.101 - - [23/Mar/2012:07:36:17 -0700] "-" 400 0 "-" "-"
220.255.1.197 - - [23/Mar/2012:07:36:18 -0700] "-" 400 0 "-" "-"
220.255.1.154 - - [23/Mar/2012:07:36:19 -0700] "-" 400 0 "-" "-"
220.255.1.145 - - [23/Mar/2012:07:36:19 -0700] "-" 400 0 "-" "-"
207.46.204.214 - - [23/Mar/2012:07:36:28 -0700] "-" 400 0 "-" "-"
207.46.204.214 - - [23/Mar/2012:07:36:32 -0700] "-" 400 0 "-" "-"
207.46.204.214 - - [23/Mar/2012:07:36:33 -0700] "-" 400 0 "-" "-"
207.46.204.214 - - [23/Mar/2012:07:36:33 -0700] "-" 400 0 "-" "-"
207.46.204.214 - - [23/Mar/2012:07:36:33 -0700] "-" 400 0 "-" "-"
207.46.204.214 - - [23/Mar/2012:07:36:33 -0700] "-" 400 0 "-" "-"
207.46.204.214 - - [23/Mar/2012:07:36:34 -0700] "-" 400 0 "-" "-"
207.46.204.214 - - [23/Mar/2012:07:36:34 -0700] "-" 400 0 "-" "-"
207.46.204.214 - - [23/Mar/2012:07:36:34 -0700] "-" 400 0 "-" "-"
207.46.204.214 - - [23/Mar/2012:07:36:35 -0700] "-" 400 0 "-" "-"
98.172.15.254 - - [23/Mar/2012:07:36:42 -0700] "GET /favicon.ico HTTP/1.1" 404 169 "-" "Caffeinated/1.1.1 CFNetwork/520.3.2 Darwin/11.3.0 (x86_64) (MacBookPro8%2C1)"
203.153.223.76 - - [23/Mar/2012:07:36:42 -0700] "GET /r/1va HTTP/1.1" 301 255 "-" "SonyEricssonJ20i/R7CA Browser/NetFront/3.5 Profile/MIDP-2.1 Configuration/CLDC-1.1 JavaPlatform/JP-8.5.2"
203.153.223.76 - - [23/Mar/2012:07:36:43 -0700] "GET /s/ta/1va/ HTTP/1.1" 302 409 "-" "SonyEricssonJ20i/R7CA Browser/NetFront/3.5 Profile/MIDP-2.1 Configuration/CLDC-1.1 JavaPlatform/JP-8.5.2"
85.17.88.169 - - [23/Mar/2012:07:36:50 -0700] "POST /blog/wp-cron.php?doing_wp_cron=1332513232 HTTP/1.0" 499 0 "-" "WordPress/3.3.1; http://yuvi.in/blog"
187.101.69.178 - - [23/Mar/2012:07:36:52 -0700] "GET /blog/category/personal/ HTTP/1.1" 200 46057 "-" "Mozilla/5.0 (compatible; Googlebot/2.1; +http://www.google.com/bot.html)"
98.172.15.254 - - [23/Mar/2012:07:37:41 -0700] "GET /favicon.ico HTTP/1.1" 404 169 "-" "Caffeinated/1.1.1 CFNetwork/520.3.2 Darwin/11.3.0 (x86_64) (MacBookPro8%2C1)"
98.172.15.254 - - [23/Mar/2012:07:38:15 -0700] "GET /favicon.ico HTTP/1.1" 404 169 "-" "Caffeinated/1.1.1 CFNetwork/520.3.2 Darwin/11.3.0 (x86_64) (MacBookPro8%2C1)"
14.99.233.125 - - [23/Mar/2012:07:39:02 -0700] "-" 400 0 "-" "-"
141.0.9.120 - - [23/Mar/2012:07:39:04 -0700] "-" 400 0 "-" "-"
98.172.15.254 - - [23/Mar/2012:07:39:13 -0700] "GET /favicon.ico HTTP/1.1" 404 169 "-" "Caffeinated/1.1.1 CFNetwork/520.3.2 Darwin/11.3.0 (x86_64) (MacBookPro8%2C1)"
98.172.15.254 - - [23/Mar/2012:07:39:57 -0700] "GET /favicon.ico HTTP/1.1" 404 169 "-" "Caffeinated/1.1.1 CFNetwork/520.3.2 Darwin/11.3.0 (x86_64) (MacBookPro8%2C1)"
203.153.223.70 - - [23/Mar/2012:07:40:09 -0700] "GET /r/8pq HTTP/1.1" 301 255 "http://ta.wikipedia.org/wiki/%E0%AE%90%E0%AE%A8%E0%AF%8D%E0%AE%A4%E0%AF%8A%E0%AE%95%E0%AF%88_(%E0%AE%95%E0%AE%A3%E0%AE%95%E0%AF%8D%E0%AE%95%E0%AE%BF%E0%AE%AF%E0%AE%B2%E0%AF%8D)" "Mozilla/5.0 (Windows; U; Windows NT 6.1; en-US) AppleWebKit/534.7 (KHTML, like Gecko) Chrome/7.0.517.8 Safari/534.7"
203.153.223.70 - - [23/Mar/2012:07:40:10 -0700] "GET /s/ta/8pq/ HTTP/1.1" 302 469 "http://ta.wikipedia.org/wiki/%E0%AE%90%E0%AE%A8%E0%AF%8D%E0%AE%A4%E0%AF%8A%E0%AE%95%E0%AF%88_(%E0%AE%95%E0%AE%A3%E0%AE%95%E0%AF%8D%E0%AE%95%E0%AE%BF%E0%AE%AF%E0%AE%B2%E0%AF%8D)" "Mozilla/5.0 (Windows; U; Windows NT 6.1; en-US) AppleWebKit/534.7 (KHTML, like Gecko) Chrome/7.0.517.8 Safari/534.7"
98.172.15.254 - - [23/Mar/2012:07:40:56 -0700] "GET /favicon.ico HTTP/1.1" 404 169 "-" "Caffeinated/1.1.1 CFNetwork/520.3.2 Darwin/11.3.0 (x86_64) (MacBookPro8%2C1)"
117.193.244.25 - - [23/Mar/2012:07:41:38 -0700] "-" 400 0 "-" "-"
98.172.15.254 - - [23/Mar/2012:07:41:38 -0700] "GET / HTTP/1.1" 304 0 "-" "Caffeinated/1.1.1 CFNetwork/520.3.2 Darwin/11.3.0 (x86_64) (MacBookPro8%2C1)"
98.172.15.254 - - [23/Mar/2012:07:41:38 -0700] "GET /favicon.ico HTTP/1.1" 404 169 "-" "Caffeinated/1.1.1 CFNetwork/520.3.2 Darwin/11.3.0 (x86_64) (MacBookPro8%2C1)"
117.193.244.25 - - [23/Mar/2012:07:42:08 -0700] "-" 400 0 "-" "-"
117.193.244.25 - - [23/Mar/2012:07:42:08 -0700] "-" 400 0 "-" "-"
117.193.244.25 - - [23/Mar/2012:07:42:08 -0700] "-" 400 0 "-" "-"
117.193.244.25 - - [23/Mar/2012:07:42:08 -0700] "-" 400 0 "-" "-"
117.193.244.25 - - [23/Mar/2012:07:42:08 -0700] "-" 400 0 "-" "-"
180.76.5.101 - - [23/Mar/2012:07:42:26 -0700] "GET / HTTP/1.1" 200 3439 "-" "Mozilla/5.0 (compatible; Baiduspider/2.0; +http://www.baidu.com/search/spider.html)"
98.172.15.254 - - [23/Mar/2012:07:42:37 -0700] "GET /favicon.ico HTTP/1.1" 404 169 "-" "Caffeinated/1.1.1 CFNetwork/520.3.2 Darwin/11.3.0 (x86_64) (MacBookPro8%2C1)"
85.17.88.169 - - [23/Mar/2012:07:42:57 -0700] "POST /blog/wp-cron.php?doing_wp_cron=1332513598 HTTP/1.0" 499 0 "-" "WordPress/3.3.1; http://yuvi.in/blog"
100.43.83.144 - - [23/Mar/2012:07:42:57 -0700] "GET /blog/six-years-of-blogging-and-eleven-years-of-coding/ HTTP/1.1" 200 4680 "-" "Mozilla/5.0 (compatible; YandexBot/3.0; +http://yandex.com/bots)"
122.164.242.133 - - [23/Mar/2012:07:43:11 -0700] "-" 400 0 "-" "-"
117.193.244.25 - - [23/Mar/2012:07:43:18 -0700] "-" 400 0 "-" "-"
117.193.244.25 - - [23/Mar/2012:07:43:18 -0700] "-" 400 0 "-" "-"
117.193.244.25 - - [23/Mar/2012:07:43:18 -0700] "-" 400 0 "-" "-"
117.193.244.25 - - [23/Mar/2012:07:43:18 -0700] "-" 400 0 "-" "-"
98.172.15.254 - - [23/Mar/2012:07:43:44 -0700] "GET /favicon.ico HTTP/1.1" 404 169 "-" "Caffeinated/1.1.1 CFNetwork/520.3.2 Darwin/11.3.0 (x86_64) (MacBookPro8%2C1)"
157.55.112.199 - - [23/Mar/2012:07:43:55 -0700] "-" 400 0 "-" "-"
157.55.112.199 - - [23/Mar/2012:07:43:59 -0700] "-" 400 0 "-" "-"
157.55.112.199 - - [23/Mar/2012:07:44:00 -0700] "-" 400 0 "-" "-"
157.55.112.199 - - [23/Mar/2012:07:44:00 -0700] "-" 400 0 "-" "-"
157.55.112.199 - - [23/Mar/2012:07:44:00 -0700] "-" 400 0 "-" "-"
157.55.112.199 - - [23/Mar/2012:07:44:00 -0700] "-" 400 0 "-" "-"
157.55.112.199 - - [23/Mar/2012:07:44:01 -0700] "-" 400 0 "-" "-"
157.55.112.199 - - [23/Mar/2012:07:44:01 -0700] "-" 400 0 "-" "-"
157.55.112.199 - - [23/Mar/2012:07:44:01 -0700] "-" 400 0 "-" "-"
98.172.15.254 - - [23/Mar/2012:07:44:15 -0700] "GET /favicon.ico HTTP/1.1" 404 169 "-" "Caffeinated/1.1.1 CFNetwork/520.3.2 Darwin/11.3.0 (x86_64) (MacBookPro8%2C1)"
223.235.241.116 - - [23/Mar/2012:07:44:29 -0700] "-" 400 0 "-" "-"
223.235.241.116 - - [23/Mar/2012:07:44:29 -0700] "-" 400 0 "-" "-"
117.193.206.17 - - [23/Mar/2012:07:44:52 -0700] "-" 400 0 "-" "-"
117.193.206.17 - - [23/Mar/2012:07:45:12 -0700] "-" 400 0 "-" "-"
117.193.206.17 - - [23/Mar/2012:07:45:12 -0700] "-" 400 0 "-" "-"
117.193.206.17 - - [23/Mar/2012:07:45:12 -0700] "-" 400 0 "-" "-"
117.193.206.17 - - [23/Mar/2012:07:45:12 -0700] "-" 400 0 "-" "-"
98.172.15.254 - - [23/Mar/2012:07:45:13 -0700] "GET /favicon.ico HTTP/1.1" 404 169 "-" "Caffeinated/1.1.1 CFNetwork/520.3.2 Darwin/11.3.0 (x86_64) (MacBookPro8%2C1)"
207.46.204.214 - - [23/Mar/2012:07:45:44 -0700] "-" 400 0 "-" "-"
207.46.204.214 - - [23/Mar/2012:07:45:45 -0700] "-" 400 0 "-" "-"
207.46.204.214 - - [23/Mar/2012:07:45:45 -0700] "-" 400 0 "-" "-"
207.46.204.214 - - [23/Mar/2012:07:45:46 -0700] "-" 400 0 "-" "-"
207.46.204.214 - - [23/Mar/2012:07:45:46 -0700] "-" 400 0 "-" "-"
207.46.204.214 - - [23/Mar/2012:07:45:47 -0700] "-" 400 0 "-" "-"
207.46.204.214 - - [23/Mar/2012:07:45:48 -0700] "-" 400 0 "-" "-"
207.46.204.214 - - [23/Mar/2012:07:45:48 -0700] "-" 400 0 "-" "-"
207.46.204.214 - - [23/Mar/2012:07:45:48 -0700] "-" 400 0 "-" "-"
98.172.15.254 - - [23/Mar/2012:07:45:54 -0700] "GET /favicon.ico HTTP/1.1" 404 169 "-" "Caffeinated/1.1.1 CFNetwork/520.3.2 Darwin/11.3.0 (x86_64) (MacBookPro8%2C1)"
117.193.206.17 - - [23/Mar/2012:07:46:32 -0700] "-" 400 0 "-" "-"
117.193.206.17 - - [23/Mar/2012:07:46:32 -0700] "-" 400 0 "-" "-"
117.193.206.17 - - [23/Mar/2012:07:46:32 -0700] "-" 400 0 "-" "-"
117.193.206.17 - - [23/Mar/2012:07:46:32 -0700] "-" 400 0 "-" "-"
117.193.206.17 - - [23/Mar/2012:07:46:32 -0700] "-" 400 0 "-" "-"
117.193.206.17 - - [23/Mar/2012:07:46:32 -0700] "-" 400 0 "-" "-"
207.46.204.214 - - [23/Mar/2012:07:46:32 -0700] "-" 400 0 "-" "-"
112.79.41.48 - - [23/Mar/2012:07:46:48 -0700] "-" 400 0 "-" "-"
98.172.15.254 - - [23/Mar/2012:07:46:55 -0700] "GET / HTTP/1.1" 304 0 "-" "Caffeinated/1.1.1 CFNetwork/520.3.2 Darwin/11.3.0 (x86_64) (MacBookPro8%2C1)"
98.172.15.254 - - [23/Mar/2012:07:46:55 -0700] "GET /favicon.ico HTTP/1.1" 404 169 "-" "Caffeinated/1.1.1 CFNetwork/520.3.2 Darwin/11.3.0 (x86_64) (MacBookPro8%2C1)"
119.82.82.158 - - [23/Mar/2012:07:47:20 -0700] "-" 400 0 "-" "-"
119.82.82.158 - - [23/Mar/2012:07:47:20 -0700] "-" 400 0 "-" "-"
98.172.15.254 - - [23/Mar/2012:07:47:25 -0700] "GET /favicon.ico HTTP/1.1" 404 169 "-" "Caffeinated/1.1.1 CFNetwork/520.3.2 Darwin/11.3.0 (x86_64) (MacBookPro8%2C1)"
117.193.244.25 - - [23/Mar/2012:07:47:37 -0700] "-" 400 0 "-" "-"
117.193.244.25 - - [23/Mar/2012:07:47:37 -0700] "-" 400 0 "-" "-"
117.193.28.242 - - [23/Mar/2012:07:48:14 -0700] "-" 400 0 "-" "-"
117.193.28.242 - - [23/Mar/2012:07:48:14 -0700] "-" 400 0 "-" "-"
117.193.28.242 - - [23/Mar/2012:07:48:14 -0700] "-" 400 0 "-" "-"
119.82.82.158 - - [23/Mar/2012:07:48:20 -0700] "-" 400 0 "-" "-"
119.82.82.158 - - [23/Mar/2012:07:48:20 -0700] "-" 400 0 "-" "-"
119.82.82.158 - - [23/Mar/2012:07:48:20 -0700] "-" 400 0 "-" "-"
98.172.15.254 - - [23/Mar/2012:07:48:25 -0700] "GET /favicon.ico HTTP/1.1" 404 169 "-" "Caffeinated/1.1.1 CFNetwork/520.3.2 Darwin/11.3.0 (x86_64) (MacBookPro8%2C1)"
122.164.242.133 - - [23/Mar/2012:07:48:49 -0700] "-" 400 0 "-" "-"
207.46.204.165 - - [23/Mar/2012:07:49:06 -0700] "-" 400 0 "-" "-"
207.46.204.165 - - [23/Mar/2012:07:49:08 -0700] "-" 400 0 "-" "-"
98.172.15.254 - - [23/Mar/2012:07:49:08 -0700] "GET /favicon.ico HTTP/1.1" 404 169 "-" "Caffeinated/1.1.1 CFNetwork/520.3.2 Darwin/11.3.0 (x86_64) (MacBookPro8%2C1)"
207.46.204.165 - - [23/Mar/2012:07:49:08 -0700] "-" 400 0 "-" "-"
207.46.204.165 - - [23/Mar/2012:07:49:09 -0700] "-" 400 0 "-" "-"
207.46.204.165 - - [23/Mar/2012:07:49:10 -0700] "-" 400 0 "-" "-"
207.46.204.165 - - [23/Mar/2012:07:49:10 -0700] "-" 400 0 "-" "-"
207.46.204.165 - - [23/Mar/2012:07:49:11 -0700] "-" 400 0 "-" "-"
207.46.204.165 - - [23/Mar/2012:07:49:12 -0700] "-" 400 0 "-" "-"
207.46.204.165 - - [23/Mar/2012:07:49:12 -0700] "-" 400 0 "-" "-"
112.79.41.48 - - [23/Mar/2012:07:49:38 -0700] "-" 400 0 "-" "-"
98.172.15.254 - - [23/Mar/2012:07:50:08 -0700] "GET /favicon.ico HTTP/1.1" 404 169 "-" "Caffeinated/1.1.1 CFNetwork/520.3.2 Darwin/11.3.0 (x86_64) (MacBookPro8%2C1)"
85.17.88.169 - - [23/Mar/2012:07:50:51 -0700] "POST /blog/wp-cron.php?doing_wp_cron=1332514072 HTTP/1.0" 499 0 "-" "WordPress/3.3.1; http://yuvi.in/blog"
183.82.75.208 - - [23/Mar/2012:07:50:52 -0700] "GET /blog/feed/ HTTP/1.0" 304 0 "-" "FeedDemon/4.0 (http://www.feeddemon.com/; Microsoft Windows)"
98.172.15.254 - - [23/Mar/2012:07:50:55 -0700] "GET /favicon.ico HTTP/1.1" 404 169 "-" "Caffeinated/1.1.1 CFNetwork/520.3.2 Darwin/11.3.0 (x86_64) (MacBookPro8%2C1)"
117.193.134.157 - - [23/Mar/2012:07:51:18 -0700] "-" 400 0 "-" "-"
98.172.15.254 - - [23/Mar/2012:07:51:49 -0700] "GET /favicon.ico HTTP/1.1" 404 169 "-" "Caffeinated/1.1.1 CFNetwork/520.3.2 Darwin/11.3.0 (x86_64) (MacBookPro8%2C1)"
66.220.156.7 - - [23/Mar/2012:07:51:54 -0700] "GET /r/1x7m HTTP/1.1" 301 257 "-" "facebookexternalhit/1.1 (+http://www.facebook.com/externalhit_uatext.php)"
66.220.156.0 - - [23/Mar/2012:07:51:55 -0700] "GET /s/ta/1x7m/ HTTP/1.1" 302 513 "-" "facebookexternalhit/1.1 (+http://www.facebook.com/externalhit_uatext.php)"
223.235.241.116 - - [23/Mar/2012:07:51:59 -0700] "-" 400 0 "-" "-"
223.235.241.116 - - [23/Mar/2012:07:51:59 -0700] "-" 400 0 "-" "-"
223.235.241.116 - - [23/Mar/2012:07:51:59 -0700] "-" 400 0 "-" "-"
223.235.241.116 - - [23/Mar/2012:07:51:59 -0700] "-" 400 0 "-" "-"
223.235.241.116 - - [23/Mar/2012:07:51:59 -0700] "-" 400 0 "-" "-"
223.235.241.116 - - [23/Mar/2012:07:51:59 -0700] "-" 400 0 "-" "-"
98.172.15.254 - - [23/Mar/2012:07:52:26 -0700] "GET / HTTP/1.1" 304 0 "-" "Caffeinated/1.1.1 CFNetwork/520.3.2 Darwin/11.3.0 (x86_64) (MacBookPro8%2C1)"
98.172.15.254 - - [23/Mar/2012:07:52:26 -0700] "GET /favicon.ico HTTP/1.1" 404 169 "-" "Caffeinated/1.1.1 CFNetwork/520.3.2 Darwin/11.3.0 (x86_64) (MacBookPro8%2C1)"
69.63.190.251 - - [23/Mar/2012:07:53:06 -0700] "GET /r/1x7m HTTP/1.1" 301 257 "-" "facebookexternalhit/1.1 (+http://www.facebook.com/externalhit_uatext.php)"
69.63.190.244 - - [23/Mar/2012:07:53:06 -0700] "GET /s/ta/1x7m/ HTTP/1.1" 302 513 "-" "facebookexternalhit/1.1 (+http://www.facebook.com/externalhit_uatext.php)"
98.172.15.254 - - [23/Mar/2012:07:53:13 -0700] "GET /favicon.ico HTTP/1.1" 404 169 "-" "Caffeinated/1.1.1 CFNetwork/520.3.2 Darwin/11.3.0 (x86_64) (MacBookPro8%2C1)"
117.193.28.242 - - [23/Mar/2012:07:53:53 -0700] "-" 400 0 "-" "-"
117.193.28.242 - - [23/Mar/2012:07:53:53 -0700] "-" 400 0 "-" "-"
117.193.28.242 - - [23/Mar/2012:07:53:53 -0700] "-" 400 0 "-" "-"
117.193.28.242 - - [23/Mar/2012:07:53:53 -0700] "-" 400 0 "-" "-"
117.193.28.242 - - [23/Mar/2012:07:53:53 -0700] "-" 400 0 "-" "-"
98.172.15.254 - - [23/Mar/2012:07:54:10 -0700] "GET /favicon.ico HTTP/1.1" 404 169 "-" "Caffeinated/1.1.1 CFNetwork/520.3.2 Darwin/11.3.0 (x86_64) (MacBookPro8%2C1)"
117.193.28.242 - - [23/Mar/2012:07:54:13 -0700] "-" 400 0 "-" "-"
117.193.28.242 - - [23/Mar/2012:07:54:13 -0700] "-" 400 0 "-" "-"
98.172.15.254 - - [23/Mar/2012:07:54:58 -0700] "GET /favicon.ico HTTP/1.1" 404 169 "-" "Caffeinated/1.1.1 CFNetwork/520.3.2 Darwin/11.3.0 (x86_64) (MacBookPro8%2C1)"
98.172.15.254 - - [23/Mar/2012:07:55:50 -0700] "GET /favicon.ico HTTP/1.1" 404 169 "-" "Caffeinated/1.1.1 CFNetwork/520.3.2 Darwin/11.3.0 (x86_64) (MacBookPro8%2C1)"
66.249.68.52 - - [23/Mar/2012:07:56:17 -0700] "GET /robots.txt HTTP/1.1" 404 211 "-" "Mozilla/5.0 (compatible; Googlebot/2.1; +http://www.google.com/bot.html)"
66.249.68.52 - - [23/Mar/2012:07:56:17 -0700] "GET /r/2gk8 HTTP/1.1" 301 257 "-" "Mozilla/5.0 (compatible; Googlebot/2.1; +http://www.google.com/bot.html)"
66.249.68.52 - - [23/Mar/2012:07:56:18 -0700] "GET /s/ta/2gk8/ HTTP/1.1" 302 829 "-" "Mozilla/5.0 (compatible; Googlebot/2.1; +http://www.google.com/bot.html)"
98.172.15.254 - - [23/Mar/2012:07:56:43 -0700] "GET /favicon.ico HTTP/1.1" 404 169 "-" "Caffeinated/1.1.1 CFNetwork/520.3.2 Darwin/11.3.0 (x86_64) (MacBookPro8%2C1)"
98.172.15.254 - - [23/Mar/2012:07:57:21 -0700] "GET /favicon.ico HTTP/1.1" 404 169 "-" "Caffeinated/1.1.1 CFNetwork/520.3.2 Darwin/11.3.0 (x86_64) (MacBookPro8%2C1)"
85.17.88.169 - - [23/Mar/2012:07:57:41 -0700] "POST /blog/wp-cron.php?doing_wp_cron=1332514482 HTTP/1.0" 499 0 "-" "WordPress/3.3.1; http://yuvi.in/blog"
209.85.238.115 - - [23/Mar/2012:07:57:46 -0700] "GET /blog/feed HTTP/1.1" 301 0 "-" "Feedfetcher-Google; (+http://www.google.com/feedfetcher.html; 3 subscribers; feed-id=17684830852112633560)"
85.17.88.169 - - [23/Mar/2012:07:57:48 -0700] "POST /blog/wp-cron.php?doing_wp_cron=1332514490 HTTP/1.0" 499 0 "-" "WordPress/3.3.1; http://yuvi.in/blog"
209.85.238.115 - - [23/Mar/2012:07:57:49 -0700] "GET /blog/feed/ HTTP/1.1" 304 0 "-" "Feedfetcher-Google; (+http://www.google.com/feedfetcher.html; 3 subscribers; feed-id=17684830852112633560)"
117.193.28.242 - - [23/Mar/2012:07:58:02 -0700] "-" 400 0 "-" "-"
117.193.28.242 - - [23/Mar/2012:07:58:02 -0700] "-" 400 0 "-" "-"
98.172.15.254 - - [23/Mar/2012:07:58:18 -0700] "GET / HTTP/1.1" 304 0 "-" "Caffeinated/1.1.1 CFNetwork/520.3.2 Darwin/11.3.0 (x86_64) (MacBookPro8%2C1)"
98.172.15.254 - - [23/Mar/2012:07:58:18 -0700] "GET /favicon.ico HTTP/1.1" 404 169 "-" "Caffeinated/1.1.1 CFNetwork/520.3.2 Darwin/11.3.0 (x86_64) (MacBookPro8%2C1)"
85.17.88.169 - - [23/Mar/2012:07:58:45 -0700] "POST /blog/wp-cron.php?doing_wp_cron=1332514546 HTTP/1.0" 499 0 "-" "WordPress/3.3.1; http://yuvi.in/blog"
74.125.16.80 - - [23/Mar/2012:07:58:45 -0700] "GET /blog/ HTTP/1.1" 200 9195 "-" "Mozilla/5.0 (en-us) AppleWebKit/534.14 (KHTML, like Gecko; Google Wireless Transcoder) Chrome/9.0.597 Safari/534.14"
69.171.247.3 - - [23/Mar/2012:07:58:48 -0700] "GET /r/1x7m HTTP/1.1" 301 257 "-" "facebookexternalhit/1.1 (+http://www.facebook.com/externalhit_uatext.php)"
69.171.247.6 - - [23/Mar/2012:07:58:48 -0700] "GET /s/ta/1x7m/ HTTP/1.1" 302 513 "-" "facebookexternalhit/1.1 (+http://www.facebook.com/externalhit_uatext.php)"
98.172.15.254 - - [23/Mar/2012:07:59:03 -0700] "GET /favicon.ico HTTP/1.1" 404 169 "-" "Caffeinated/1.1.1 CFNetwork/520.3.2 Darwin/11.3.0 (x86_64) (MacBookPro8%2C1)"
85.17.88.169 - - [23/Mar/2012:07:59:16 -0700] "POST /blog/wp-cron.php?doing_wp_cron=1332514578 HTTP/1.0" 499 0 "-" "WordPress/3.3.1; http://yuvi.in/blog"
209.85.224.98 - - [23/Mar/2012:07:59:18 -0700] "GET /blog/feed HTTP/1.1" 304 0 "-" "FeedBurner/1.0 (http://www.FeedBurner.com)"
98.172.15.254 - - [23/Mar/2012:08:00:01 -0700] "GET /favicon.ico HTTP/1.1" 404 169 "-" "Caffeinated/1.1.1 CFNetwork/520.3.2 Darwin/11.3.0 (x86_64) (MacBookPro8%2C1)"
98.172.15.254 - - [23/Mar/2012:08:00:42 -0700] "GET /favicon.ico HTTP/1.1" 404 169 "-" "Caffeinated/1.1.1 CFNetwork/520.3.2 Darwin/11.3.0 (x86_64) (MacBookPro8%2C1)"
122.164.94.3 - - [23/Mar/2012:08:00:57 -0700] "-" 400 0 "-" "-"
122.164.94.3 - - [23/Mar/2012:08:00:57 -0700] "-" 400 0 "-" "-"
122.164.94.3 - - [23/Mar/2012:08:00:57 -0700] "-" 400 0 "-" "-"
122.164.94.3 - - [23/Mar/2012:08:00:57 -0700] "-" 400 0 "-" "-"
122.164.94.3 - - [23/Mar/2012:08:00:57 -0700] "-" 400 0 "-" "-"
122.164.94.3 - - [23/Mar/2012:08:00:57 -0700] "-" 400 0 "-" "-"
98.172.15.254 - - [23/Mar/2012:08:01:41 -0700] "GET /favicon.ico HTTP/1.1" 404 169 "-" "Caffeinated/1.1.1 CFNetwork/520.3.2 Darwin/11.3.0 (x86_64) (MacBookPro8%2C1)"
98.172.15.254 - - [23/Mar/2012:08:02:18 -0700] "GET /favicon.ico HTTP/1.1" 404 169 "-" "Caffeinated/1.1.1 CFNetwork/520.3.2 Darwin/11.3.0 (x86_64) (MacBookPro8%2C1)"
98.172.15.254 - - [23/Mar/2012:08:03:13 -0700] "GET /favicon.ico HTTP/1.1" 404 169 "-" "Caffeinated/1.1.1 CFNetwork/520.3.2 Darwin/11.3.0 (x86_64) (MacBookPro8%2C1)"
66.249.68.106 - - [23/Mar/2012:08:03:55 -0700] "GET /chennai/stage/2750/ HTTP/1.1" 404 142 "-" "Mozilla/5.0 (compatible; Googlebot/2.1; +http://www.google.com/bot.html)"
85.17.88.169 - - [23/Mar/2012:08:04:02 -0700] "POST /blog/wp-cron.php?doing_wp_cron=1332514863 HTTP/1.0" 499 0 "-" "WordPress/3.3.1; http://yuvi.in/blog"
180.76.5.164 - - [23/Mar/2012:08:04:02 -0700] "GET /blog/index.html HTTP/1.1" 404 3016 "-" "Mozilla/5.0 (compatible; Baiduspider/2.0; +http://www.baidu.com/search/spider.html)"
69.171.229.247 - - [23/Mar/2012:08:04:03 -0700] "GET /r/1x7m HTTP/1.1" 301 257 "-" "facebookexternalhit/1.1 (+http://www.facebook.com/externalhit_uatext.php)"
69.171.229.250 - - [23/Mar/2012:08:04:03 -0700] "GET /s/ta/1x7m/ HTTP/1.1" 302 513 "-" "facebookexternalhit/1.1 (+http://www.facebook.com/externalhit_uatext.php)"
98.172.15.254 - - [23/Mar/2012:08:04:03 -0700] "GET / HTTP/1.1" 304 0 "-" "Caffeinated/1.1.1 CFNetwork/520.3.2 Darwin/11.3.0 (x86_64) (MacBookPro8%2C1)"
98.172.15.254 - - [23/Mar/2012:08:04:03 -0700] "GET /favicon.ico HTTP/1.1" 404 169 "-" "Caffeinated/1.1.1 CFNetwork/520.3.2 Darwin/11.3.0 (x86_64) (MacBookPro8%2C1)"
123.238.229.222 - - [23/Mar/2012:08:04:18 -0700] "-" 400 0 "-" "-"
98.172.15.254 - - [23/Mar/2012:08:04:59 -0700] "GET /favicon.ico HTTP/1.1" 404 169 "-" "Caffeinated/1.1.1 CFNetwork/520.3.2 Darwin/11.3.0 (x86_64) (MacBookPro8%2C1)"
117.193.199.71 - - [23/Mar/2012:08:05:16 -0700] "-" 400 0 "-" "-"
69.171.247.1 - - [23/Mar/2012:08:05:25 -0700] "GET /r/15bk HTTP/1.1" 301 257 "-" "facebookexternalhit/1.1 (+http://www.facebook.com/externalhit_uatext.php)"
69.171.247.1 - - [23/Mar/2012:08:05:26 -0700] "GET /s/ta/15bk/ HTTP/1.1" 302 409 "-" "facebookexternalhit/1.1 (+http://www.facebook.com/externalhit_uatext.php)"
14.99.155.151 - - [23/Mar/2012:08:05:37 -0700] "-" 400 0 "-" "-"
98.172.15.254 - - [23/Mar/2012:08:05:42 -0700] "GET /favicon.ico HTTP/1.1" 404 169 "-" "Caffeinated/1.1.1 CFNetwork/520.3.2 Darwin/11.3.0 (x86_64) (MacBookPro8%2C1)"
119.155.35.10 - - [23/Mar/2012:08:05:54 -0700] "GET /r/1z64 HTTP/1.1" 301 257 "http://www.muthukamalam.com/astrology/main.html" "Mozilla/5.0 (Windows; U; Windows NT 5.1; en-US; rv:1.9.2.28) Gecko/20120306 Firefox/3.6.28"
119.155.35.10 - - [23/Mar/2012:08:05:54 -0700] "GET /s/ta/1z64/ HTTP/1.1" 302 557 "http://www.muthukamalam.com/astrology/main.html" "Mozilla/5.0 (Windows; U; Windows NT 5.1; en-US; rv:1.9.2.28) Gecko/20120306 Firefox/3.6.28"
98.172.15.254 - - [23/Mar/2012:08:06:43 -0700] "GET /favicon.ico HTTP/1.1" 404 169 "-" "Caffeinated/1.1.1 CFNetwork/520.3.2 Darwin/11.3.0 (x86_64) (MacBookPro8%2C1)"
98.172.15.254 - - [23/Mar/2012:08:07:23 -0700] "GET /favicon.ico HTTP/1.1" 404 169 "-" "Caffeinated/1.1.1 CFNetwork/520.3.2 Darwin/11.3.0 (x86_64) (MacBookPro8%2C1)"
141.0.9.163 - - [23/Mar/2012:08:08:15 -0700] "-" 400 0 "-" "-"
141.0.9.163 - - [23/Mar/2012:08:08:15 -0700] "-" 400 0 "-" "-"
141.0.9.163 - - [23/Mar/2012:08:08:15 -0700] "-" 400 0 "-" "-"
98.172.15.254 - - [23/Mar/2012:08:08:17 -0700] "GET /favicon.ico HTTP/1.1" 404 169 "-" "Caffeinated/1.1.1 CFNetwork/520.3.2 Darwin/11.3.0 (x86_64) (MacBookPro8%2C1)"
98.172.15.254 - - [23/Mar/2012:08:09:05 -0700] "GET / HTTP/1.1" 304 0 "-" "Caffeinated/1.1.1 CFNetwork/520.3.2 Darwin/11.3.0 (x86_64) (MacBookPro8%2C1)"
98.172.15.254 - - [23/Mar/2012:08:09:05 -0700] "GET /favicon.ico HTTP/1.1" 404 169 "-" "Caffeinated/1.1.1 CFNetwork/520.3.2 Darwin/11.3.0 (x86_64) (MacBookPro8%2C1)"
66.249.67.123 - - [23/Mar/2012:08:09:20 -0700] "GET / HTTP/1.1" 200 1430 "-" "Mozilla/5.0 (compatible; Googlebot/2.1; +http://www.google.com/bot.html)"
98.172.15.254 - - [23/Mar/2012:08:10:02 -0700] "GET /favicon.ico HTTP/1.1" 404 169 "-" "Caffeinated/1.1.1 CFNetwork/520.3.2 Darwin/11.3.0 (x86_64) (MacBookPro8%2C1)"
117.193.201.241 - - [23/Mar/2012:08:10:22 -0700] "-" 400 0 "-" "-"
117.193.201.241 - - [23/Mar/2012:08:10:22 -0700] "-" 400 0 "-" "-"
98.172.15.254 - - [23/Mar/2012:08:10:42 -0700] "GET /favicon.ico HTTP/1.1" 404 169 "-" "Caffeinated/1.1.1 CFNetwork/520.3.2 Darwin/11.3.0 (x86_64) (MacBookPro8%2C1)"
66.249.68.52 - - [23/Mar/2012:08:11:27 -0700] "GET /s/ta/2gk8/ HTTP/1.1" 302 829 "-" "Mozilla/5.0 (compatible; Googlebot/2.1; +http://www.google.com/bot.html)"
98.172.15.254 - - [23/Mar/2012:08:11:31 -0700] "GET /favicon.ico HTTP/1.1" 404 169 "-" "Caffeinated/1.1.1 CFNetwork/520.3.2 Darwin/11.3.0 (x86_64) (MacBookPro8%2C1)"
98.172.15.254 - - [23/Mar/2012:08:12:15 -0700] "GET /favicon.ico HTTP/1.1" 404 169 "-" "Caffeinated/1.1.1 CFNetwork/520.3.2 Darwin/11.3.0 (x86_64) (MacBookPro8%2C1)"
117.193.201.241 - - [23/Mar/2012:08:12:25 -0700] "-" 400 0 "-" "-"
85.17.88.169 - - [23/Mar/2012:08:12:25 -0700] "POST /blog/wp-cron.php?doing_wp_cron=1332515367 HTTP/1.0" 499 0 "-" "WordPress/3.3.1; http://yuvi.in/blog"
220.255.1.183 - - [23/Mar/2012:08:12:26 -0700] "GET /blog/infosys-tcs-or-wipro-none/ HTTP/1.1" 200 7090 "http://www.google.com.sg/url?sa=t&rct=j&q=working%20in%20tcs%2C%20blogs&source=web&cd=4&sqi=2&ved=0CDcQFjAD&url=http%3A%2F%2Fyuvi.in%2Fblog%2Finfosys-tcs-or-wipro-none%2F&ei=EJJsT6OMLca3rAe3q7itAg&usg=AFQjCNFFymVRTHm740-I9A4VqJxKWQnZng" "Mozilla/4.0 (compatible; MSIE 8.0; Windows NT 6.1; WOW64; Trident/4.0; BTRS122333; GTB7.3; SLCC2; .NET CLR 2.0.50727; .NET CLR 3.5.30729; .NET CLR 3.0.30729; Media Center PC 6.0; BRI/2; .NET4.0C)"
220.255.2.192 - - [23/Mar/2012:08:12:27 -0700] "GET /blog/wp-content/themes/cleanr/style.css HTTP/1.1" 200 10508 "http://yuvi.in/blog/infosys-tcs-or-wipro-none/" "Mozilla/4.0 (compatible; MSIE 8.0; Windows NT 6.1; WOW64; Trident/4.0; BTRS122333; GTB7.3; SLCC2; .NET CLR 2.0.50727; .NET CLR 3.5.30729; .NET CLR 3.0.30729; Media Center PC 6.0; BRI/2; .NET4.0C)"
220.255.1.245 - - [23/Mar/2012:08:12:28 -0700] "GET /blog/wp-content/themes/cleanr/css/reset.css HTTP/1.1" 200 648 "http://yuvi.in/blog/infosys-tcs-or-wipro-none/" "Mozilla/4.0 (compatible; MSIE 8.0; Windows NT 6.1; WOW64; Trident/4.0; BTRS122333; GTB7.3; SLCC2; .NET CLR 2.0.50727; .NET CLR 3.5.30729; .NET CLR 3.0.30729; Media Center PC 6.0; BRI/2; .NET4.0C)"
220.255.2.183 - - [23/Mar/2012:08:12:28 -0700] "GET /blog/wp-content/themes/cleanr/css/960.css HTTP/1.1" 200 3628 "http://yuvi.in/blog/infosys-tcs-or-wipro-none/" "Mozilla/4.0 (compatible; MSIE 8.0; Windows NT 6.1; WOW64; Trident/4.0; BTRS122333; GTB7.3; SLCC2; .NET CLR 2.0.50727; .NET CLR 3.5.30729; .NET CLR 3.0.30729; Media Center PC 6.0; BRI/2; .NET4.0C)"
220.255.1.252 - - [23/Mar/2012:08:12:29 -0700] "GET /blog/wp-content/themes/cleanr/css/text.css HTTP/1.1" 200 420 "http://yuvi.in/blog/infosys-tcs-or-wipro-none/" "Mozilla/4.0 (compatible; MSIE 8.0; Windows NT 6.1; WOW64; Trident/4.0; BTRS122333; GTB7.3; SLCC2; .NET CLR 2.0.50727; .NET CLR 3.5.30729; .NET CLR 3.0.30729; Media Center PC 6.0; BRI/2; .NET4.0C)"
220.255.1.204 - - [23/Mar/2012:08:12:30 -0700] "GET /blog/wp-content/themes/cleanr/css/ie.css HTTP/1.1" 200 390 "http://yuvi.in/blog/infosys-tcs-or-wipro-none/" "Mozilla/4.0 (compatible; MSIE 8.0; Windows NT 6.1; WOW64; Trident/4.0; BTRS122333; GTB7.3; SLCC2; .NET CLR 2.0.50727; .NET CLR 3.5.30729; .NET CLR 3.0.30729; Media Center PC 6.0; BRI/2; .NET4.0C)"
220.255.2.71 - - [23/Mar/2012:08:12:30 -0700] "GET /blog/wp-content/themes/cleanr/js/jquery.dropdown.js?ver=3.3.1 HTTP/1.1" 200 535 "http://yuvi.in/blog/infosys-tcs-or-wipro-none/" "Mozilla/4.0 (compatible; MSIE 8.0; Windows NT 6.1; WOW64; Trident/4.0; BTRS122333; GTB7.3; SLCC2; .NET CLR 2.0.50727; .NET CLR 3.5.30729; .NET CLR 3.0.30729; Media Center PC 6.0; BRI/2; .NET4.0C)"
220.255.2.69 - - [23/Mar/2012:08:12:31 -0700] "GET /blog/wp-includes/js/jquery/jquery.js?ver=1.7.1 HTTP/1.1" 200 93889 "http://yuvi.in/blog/infosys-tcs-or-wipro-none/" "Mozilla/4.0 (compatible; MSIE 8.0; Windows NT 6.1; WOW64; Trident/4.0; BTRS122333; GTB7.3; SLCC2; .NET CLR 2.0.50727; .NET CLR 3.5.30729; .NET CLR 3.0.30729; Media Center PC 6.0; BRI/2; .NET4.0C)"
220.255.1.215 - - [23/Mar/2012:08:12:32 -0700] "GET /blog/wp-content/themes/cleanr/images/search_magnifier.gif HTTP/1.1" 200 394 "http://yuvi.in/blog/infosys-tcs-or-wipro-none/" "Mozilla/4.0 (compatible; MSIE 8.0; Windows NT 6.1; WOW64; Trident/4.0; BTRS122333; GTB7.3; SLCC2; .NET CLR 2.0.50727; .NET CLR 3.5.30729; .NET CLR 3.0.30729; Media Center PC 6.0; BRI/2; .NET4.0C)"
220.255.1.180 - - [23/Mar/2012:08:12:33 -0700] "GET /favicon.ico HTTP/1.1" 404 199 "-" "Mozilla/4.0 (compatible; MSIE 8.0; Windows NT 6.1; WOW64; Trident/4.0; BTRS122333; GTB7.3; SLCC2; .NET CLR 2.0.50727; .NET CLR 3.5.30729; .NET CLR 3.0.30729; Media Center PC 6.0; BRI/2; .NET4.0C)"
220.255.2.71 - - [23/Mar/2012:08:12:35 -0700] "GET /crossdomain.xml HTTP/1.1" 404 199 "-" "Mozilla/4.0 (compatible; MSIE 8.0; Windows NT 6.1; WOW64; Trident/4.0; BTRS122333; GTB7.3; SLCC2; .NET CLR 2.0.50727; .NET CLR 3.5.30729; .NET CLR 3.0.30729; Media Center PC 6.0; BRI/2; .NET4.0C)"
115.242.171.235 - - [23/Mar/2012:08:12:39 -0700] "GET /r/1ra HTTP/1.1" 301 255 "-" "Mozilla/5.0 (Windows NT 5.1) AppleWebKit/535.11 (KHTML, like Gecko) Chrome/17.0.963.79 Safari/535.11"
115.242.171.235 - - [23/Mar/2012:08:12:40 -0700] "GET /s/ta/1ra/ HTTP/1.1" 302 753 "-" "Mozilla/5.0 (Windows NT 5.1) AppleWebKit/535.11 (KHTML, like Gecko) Chrome/17.0.963.79 Safari/535.11"
85.17.88.169 - - [23/Mar/2012:08:12:41 -0700] "POST /blog/wp-cron.php?doing_wp_cron=1332515383 HTTP/1.0" 499 0 "-" "WordPress/3.3.1; http://yuvi.in/blog"
220.255.2.69 - - [23/Mar/2012:08:12:41 -0700] "GET /blog/infosys-tcs-or-wipro-none/?cf_action=sync_comments&post_id=124 HTTP/1.1" 200 48 "http://yuvi.in/blog/infosys-tcs-or-wipro-none/" "Mozilla/4.0 (compatible; MSIE 8.0; Windows NT 6.1; WOW64; Trident/4.0; BTRS122333; GTB7.3; SLCC2; .NET CLR 2.0.50727; .NET CLR 3.5.30729; .NET CLR 3.0.30729; Media Center PC 6.0; BRI/2; .NET4.0C)"
220.255.2.30 - - [23/Mar/2012:08:12:42 -0700] "-" 400 0 "-" "-"
117.202.124.92 - - [23/Mar/2012:08:12:43 -0700] "GET /blog/infosys-tcs-or-wipro-none/ HTTP/1.1" 200 7090 "http://www.google.co.in/url?sa=t&rct=j&q=tcs+vs+infosys+blogs&source=web&cd=3&ved=0CDAQFjAC&url=http%3A%2F%2Fyuvi.in%2Fblog%2Finfosys-tcs-or-wipro-none%2F&ei=J5JsT9D4LISqrAfJ4aiWAg&usg=AFQjCNFFymVRTHm740-I9A4VqJxKWQnZng&cad=rja" "Mozilla/5.0 (Windows NT 5.1; rv:8.0) Gecko/20100101 Firefox/8.0"
117.202.124.92 - - [23/Mar/2012:08:12:44 -0700] "GET /blog/wp-content/themes/cleanr/style.css HTTP/1.1" 200 10508 "http://yuvi.in/blog/infosys-tcs-or-wipro-none/" "Mozilla/5.0 (Windows NT 5.1; rv:8.0) Gecko/20100101 Firefox/8.0"
117.202.124.92 - - [23/Mar/2012:08:12:44 -0700] "GET /blog/wp-content/themes/cleanr/js/jquery.dropdown.js?ver=3.3.1 HTTP/1.1" 200 535 "http://yuvi.in/blog/infosys-tcs-or-wipro-none/" "Mozilla/5.0 (Windows NT 5.1; rv:8.0) Gecko/20100101 Firefox/8.0"
220.255.2.27 - - [23/Mar/2012:08:12:44 -0700] "-" 400 0 "-" "-"
117.202.124.92 - - [23/Mar/2012:08:12:44 -0700] "GET /blog/wp-content/themes/cleanr/css/reset.css HTTP/1.1" 200 648 "http://yuvi.in/blog/wp-content/themes/cleanr/style.css" "Mozilla/5.0 (Windows NT 5.1; rv:8.0) Gecko/20100101 Firefox/8.0"
117.202.124.92 - - [23/Mar/2012:08:12:44 -0700] "GET /blog/wp-content/themes/cleanr/css/text.css HTTP/1.1" 200 420 "http://yuvi.in/blog/wp-content/themes/cleanr/style.css" "Mozilla/5.0 (Windows NT 5.1; rv:8.0) Gecko/20100101 Firefox/8.0"
117.202.124.92 - - [23/Mar/2012:08:12:45 -0700] "GET /blog/wp-content/themes/cleanr/css/960.css HTTP/1.1" 200 3628 "http://yuvi.in/blog/wp-content/themes/cleanr/style.css" "Mozilla/5.0 (Windows NT 5.1; rv:8.0) Gecko/20100101 Firefox/8.0"
115.241.28.52 - - [23/Mar/2012:08:12:45 -0700] "GET /r/1ra HTTP/1.1" 301 255 "-" "Mozilla/5.0 (Windows NT 5.1) AppleWebKit/535.11 (KHTML, like Gecko) Chrome/17.0.963.83 Safari/535.11"
117.202.124.92 - - [23/Mar/2012:08:12:45 -0700] "GET /blog/wp-includes/js/jquery/jquery.js?ver=1.7.1 HTTP/1.1" 200 93889 "http://yuvi.in/blog/infosys-tcs-or-wipro-none/" "Mozilla/5.0 (Windows NT 5.1; rv:8.0) Gecko/20100101 Firefox/8.0"
115.241.28.52 - - [23/Mar/2012:08:12:47 -0700] "GET /s/ta/1ra/ HTTP/1.1" 302 753 "-" "Mozilla/5.0 (Windows NT 5.1) AppleWebKit/535.11 (KHTML, like Gecko) Chrome/17.0.963.83 Safari/535.11"
117.202.124.92 - - [23/Mar/2012:08:12:47 -0700] "GET /blog/wp-content/themes/cleanr/images/search_magnifier.gif HTTP/1.1" 200 394 "http://yuvi.in/blog/infosys-tcs-or-wipro-none/" "Mozilla/5.0 (Windows NT 5.1; rv:8.0) Gecko/20100101 Firefox/8.0"
141.0.8.249 - - [23/Mar/2012:08:12:50 -0700] "-" 400 0 "-" "-"
115.242.171.235 - - [23/Mar/2012:08:12:57 -0700] "-" 400 0 "-" "-"
117.202.124.92 - - [23/Mar/2012:08:12:57 -0700] "GET /favicon.ico HTTP/1.1" 404 142 "-" "Mozilla/5.0 (Windows NT 5.1; rv:8.0) Gecko/20100101 Firefox/8.0"
117.202.124.92 - - [23/Mar/2012:08:12:58 -0700] "GET /favicon.ico HTTP/1.1" 404 142 "-" "Mozilla/5.0 (Windows NT 5.1; rv:8.0) Gecko/20100101 Firefox/8.0"
85.17.88.169 - - [23/Mar/2012:08:13:01 -0700] "POST /blog/wp-cron.php?doing_wp_cron=1332515403 HTTP/1.0" 499 0 "-" "WordPress/3.3.1; http://yuvi.in/blog"
117.202.124.92 - - [23/Mar/2012:08:13:02 -0700] "GET /blog/infosys-tcs-or-wipro-none/?cf_action=sync_comments&post_id=124 HTTP/1.1" 200 48 "http://yuvi.in/blog/infosys-tcs-or-wipro-none/" "Mozilla/5.0 (Windows NT 5.1; rv:8.0) Gecko/20100101 Firefox/8.0"
85.17.88.169 - - [23/Mar/2012:08:13:02 -0700] "POST /blog/wp-cron.php?doing_wp_cron=1332515403 HTTP/1.0" 499 0 "-" "WordPress/3.3.1; http://yuvi.in/blog"
117.202.124.92 - - [23/Mar/2012:08:13:02 -0700] "GET /blog/working-big-co-unsatisfying/ HTTP/1.1" 200 5047 "http://yuvi.in/blog/infosys-tcs-or-wipro-none/" "Mozilla/5.0 (Windows NT 5.1; rv:8.0) Gecko/20100101 Firefox/8.0"
115.241.28.52 - - [23/Mar/2012:08:13:02 -0700] "-" 400 0 "-" "-"
98.172.15.254 - - [23/Mar/2012:08:13:09 -0700] "GET /favicon.ico HTTP/1.1" 404 169 "-" "Caffeinated/1.1.1 CFNetwork/520.3.2 Darwin/11.3.0 (x86_64) (MacBookPro8%2C1)"
98.172.15.254 - - [23/Mar/2012:08:13:59 -0700] "GET /favicon.ico HTTP/1.1" 404 169 "-" "Caffeinated/1.1.1 CFNetwork/520.3.2 Darwin/11.3.0 (x86_64) (MacBookPro8%2C1)"
98.172.15.254 - - [23/Mar/2012:08:14:48 -0700] "GET / HTTP/1.1" 304 0 "-" "Caffeinated/1.1.1 CFNetwork/520.3.2 Darwin/11.3.0 (x86_64) (MacBookPro8%2C1)"
98.172.15.254 - - [23/Mar/2012:08:14:48 -0700] "GET /favicon.ico HTTP/1.1" 404 169 "-" "Caffeinated/1.1.1 CFNetwork/520.3.2 Darwin/11.3.0 (x86_64) (MacBookPro8%2C1)"
85.17.88.169 - - [23/Mar/2012:08:15:18 -0700] "POST /blog/wp-cron.php?doing_wp_cron=1332515539 HTTP/1.0" 499 0 "-" "WordPress/3.3.1; http://yuvi.in/blog"
190.196.13.69 - - [23/Mar/2012:08:15:19 -0700] "GET /blog/2006/03/09/ HTTP/1.0" 404 12272 "-" "Mozilla/5.0 (X11; U; Linux x86_64; en-US; rv:1.9b4) Gecko/2008031318 Firefox/3.0b4"
98.172.15.254 - - [23/Mar/2012:08:15:32 -0700] "GET /favicon.ico HTTP/1.1" 404 169 "-" "Caffeinated/1.1.1 CFNetwork/520.3.2 Darwin/11.3.0 (x86_64) (MacBookPro8%2C1)"
98.172.15.254 - - [23/Mar/2012:08:16:28 -0700] "GET /favicon.ico HTTP/1.1" 404 169 "-" "Caffeinated/1.1.1 CFNetwork/520.3.2 Darwin/11.3.0 (x86_64) (MacBookPro8%2C1)"
98.172.15.254 - - [23/Mar/2012:08:17:16 -0700] "GET /favicon.ico HTTP/1.1" 404 169 "-" "Caffeinated/1.1.1 CFNetwork/520.3.2 Darwin/11.3.0 (x86_64) (MacBookPro8%2C1)"
98.172.15.254 - - [23/Mar/2012:08:18:13 -0700] "GET /favicon.ico HTTP/1.1" 404 169 "-" "Caffeinated/1.1.1 CFNetwork/520.3.2 Darwin/11.3.0 (x86_64) (MacBookPro8%2C1)"
69.171.224.247 - - [23/Mar/2012:08:18:34 -0700] "GET /r/1x7m HTTP/1.1" 301 257 "-" "facebookexternalhit/1.1 (+http://www.facebook.com/externalhit_uatext.php)"
69.171.224.244 - - [23/Mar/2012:08:18:34 -0700] "GET /s/ta/1x7m/ HTTP/1.1" 302 513 "-" "facebookexternalhit/1.1 (+http://www.facebook.com/externalhit_uatext.php)"
98.172.15.254 - - [23/Mar/2012:08:18:46 -0700] "GET /favicon.ico HTTP/1.1" 404 169 "-" "Caffeinated/1.1.1 CFNetwork/520.3.2 Darwin/11.3.0 (x86_64) (MacBookPro8%2C1)"
66.249.68.52 - - [23/Mar/2012:08:19:03 -0700] "GET /r/1gou HTTP/1.1" 301 257 "-" "Mozilla/5.0 (compatible; Googlebot/2.1; +http://www.google.com/bot.html)"
66.249.68.52 - - [23/Mar/2012:08:19:04 -0700] "GET /s/ta/1gou/ HTTP/1.1" 302 465 "-" "Mozilla/5.0 (compatible; Googlebot/2.1; +http://www.google.com/bot.html)"
98.172.15.254 - - [23/Mar/2012:08:19:45 -0700] "GET /favicon.ico HTTP/1.1" 404 169 "-" "Caffeinated/1.1.1 CFNetwork/520.3.2 Darwin/11.3.0 (x86_64) (MacBookPro8%2C1)"
98.172.15.254 - - [23/Mar/2012:08:20:25 -0700] "GET / HTTP/1.1" 304 0 "-" "Caffeinated/1.1.1 CFNetwork/520.3.2 Darwin/11.3.0 (x86_64) (MacBookPro8%2C1)"
98.172.15.254 - - [23/Mar/2012:08:20:25 -0700] "GET /favicon.ico HTTP/1.1" 404 169 "-" "Caffeinated/1.1.1 CFNetwork/520.3.2 Darwin/11.3.0 (x86_64) (MacBookPro8%2C1)"
98.172.15.254 - - [23/Mar/2012:08:21:23 -0700] "GET /favicon.ico HTTP/1.1" 404 169 "-" "Caffeinated/1.1.1 CFNetwork/520.3.2 Darwin/11.3.0 (x86_64) (MacBookPro8%2C1)"
180.178.5.84 - - [23/Mar/2012:08:21:46 -0700] "-" 400 0 "-" "-"
98.172.15.254 - - [23/Mar/2012:08:22:11 -0700] "GET /favicon.ico HTTP/1.1" 404 169 "-" "Caffeinated/1.1.1 CFNetwork/520.3.2 Darwin/11.3.0 (x86_64) (MacBookPro8%2C1)"
209.85.224.82 - - [23/Mar/2012:08:22:21 -0700] "GET /stories/feed HTTP/1.1" 200 13653 "-" "FeedBurner/1.0 (http://www.FeedBurner.com)"
98.172.15.254 - - [23/Mar/2012:08:23:06 -0700] "GET /favicon.ico HTTP/1.1" 404 169 "-" "Caffeinated/1.1.1 CFNetwork/520.3.2 Darwin/11.3.0 (x86_64) (MacBookPro8%2C1)"
98.172.15.254 - - [23/Mar/2012:08:23:51 -0700] "GET /favicon.ico HTTP/1.1" 404 169 "-" "Caffeinated/1.1.1 CFNetwork/520.3.2 Darwin/11.3.0 (x86_64) (MacBookPro8%2C1)"
98.172.15.254 - - [23/Mar/2012:08:24:52 -0700] "GET /favicon.ico HTTP/1.1" 404 169 "-" "Caffeinated/1.1.1 CFNetwork/520.3.2 Darwin/11.3.0 (x86_64) (MacBookPro8%2C1)"
98.172.15.254 - - [23/Mar/2012:08:25:50 -0700] "GET / HTTP/1.1" 304 0 "-" "Caffeinated/1.1.1 CFNetwork/520.3.2 Darwin/11.3.0 (x86_64) (MacBookPro8%2C1)"
98.172.15.254 - - [23/Mar/2012:08:25:50 -0700] "GET /favicon.ico HTTP/1.1" 404 169 "-" "Caffeinated/1.1.1 CFNetwork/520.3.2 Darwin/11.3.0 (x86_64) (MacBookPro8%2C1)"
141.0.10.147 - - [23/Mar/2012:08:25:53 -0700] "-" 400 0 "-" "-"
141.0.10.147 - - [23/Mar/2012:08:25:53 -0700] "-" 400 0 "-" "-"
117.199.216.57 - - [23/Mar/2012:08:26:12 -0700] "-" 400 0 "-" "-"
98.172.15.254 - - [23/Mar/2012:08:26:27 -0700] "GET /favicon.ico HTTP/1.1" 404 169 "-" "Caffeinated/1.1.1 CFNetwork/520.3.2 Darwin/11.3.0 (x86_64) (MacBookPro8%2C1)"
66.249.68.52 - - [23/Mar/2012:08:26:39 -0700] "GET /r/15fh HTTP/1.1" 301 257 "-" "Mozilla/5.0 (compatible; Googlebot/2.1; +http://www.google.com/bot.html)"
66.249.68.52 - - [23/Mar/2012:08:26:40 -0700] "GET /s/ta/15fh/ HTTP/1.1" 302 473 "-" "Mozilla/5.0 (compatible; Googlebot/2.1; +http://www.google.com/bot.html)"
85.17.88.169 - - [23/Mar/2012:08:26:50 -0700] "POST /blog/wp-cron.php?doing_wp_cron=1332516231 HTTP/1.0" 499 0 "-" "WordPress/3.3.1; http://yuvi.in/blog"
183.82.75.208 - - [23/Mar/2012:08:26:50 -0700] "GET /blog/feed/ HTTP/1.0" 304 0 "-" "FeedDemon/4.0 (http://www.feeddemon.com/; Microsoft Windows)"
98.172.15.254 - - [23/Mar/2012:08:27:25 -0700] "GET /favicon.ico HTTP/1.1" 404 169 "-" "Caffeinated/1.1.1 CFNetwork/520.3.2 Darwin/11.3.0 (x86_64) (MacBookPro8%2C1)"
66.220.149.244 - - [23/Mar/2012:08:27:50 -0700] "GET /r/1x7m HTTP/1.1" 301 257 "-" "facebookexternalhit/1.1 (+http://www.facebook.com/externalhit_uatext.php)"
66.220.149.244 - - [23/Mar/2012:08:27:50 -0700] "GET /s/ta/1x7m/ HTTP/1.1" 302 513 "-" "facebookexternalhit/1.1 (+http://www.facebook.com/externalhit_uatext.php)"
117.254.147.183 - - [23/Mar/2012:08:28:02 -0700] "GET /r/652 HTTP/1.1" 301 255 "http://ta.wikipedia.org/wiki/%E0%AE%AE%E0%AE%95%E0%AE%BE%E0%AE%A4%E0%AF%8D%E0%AE%AE%E0%AE%BE_%E0%AE%95%E0%AE%BE%E0%AE%A8%E0%AF%8D%E0%AE%A4%E0%AE%BF_%E0%AE%A4%E0%AF%87%E0%AE%9A%E0%AE%BF%E0%AE%AF_%E0%AE%8A%E0%AE%B0%E0%AE%95_%E0%AE%B5%E0%AF%87%E0%AE%B2%E0%AF%88_%E0%AE%89%E0%AE%B1%E0%AF%81%E0%AE%A4%E0%AE%BF%E0%AE%AF%E0%AE%B3%E0%AE%BF%E0%AE%AA%E0%AF%8D%E0%AE%AA%E0%AF%81%E0%AE%9A%E0%AF%8D_%E0%AE%9A%E0%AE%9F%E0%AF%8D%E0%AE%9F%E0%AE%AE%E0%AF%8D" "Mozilla/5.0 (Windows NT 5.1; rv:11.0) Gecko/20100101 Firefox/11.0"
117.199.216.57 - - [23/Mar/2012:08:28:02 -0700] "-" 400 0 "-" "-"
117.254.147.183 - - [23/Mar/2012:08:28:03 -0700] "GET /s/ta/652/ HTTP/1.1" 302 829 "http://ta.wikipedia.org/wiki/%E0%AE%AE%E0%AE%95%E0%AE%BE%E0%AE%A4%E0%AF%8D%E0%AE%AE%E0%AE%BE_%E0%AE%95%E0%AE%BE%E0%AE%A8%E0%AF%8D%E0%AE%A4%E0%AE%BF_%E0%AE%A4%E0%AF%87%E0%AE%9A%E0%AE%BF%E0%AE%AF_%E0%AE%8A%E0%AE%B0%E0%AE%95_%E0%AE%B5%E0%AF%87%E0%AE%B2%E0%AF%88_%E0%AE%89%E0%AE%B1%E0%AF%81%E0%AE%A4%E0%AE%BF%E0%AE%AF%E0%AE%B3%E0%AE%BF%E0%AE%AA%E0%AF%8D%E0%AE%AA%E0%AF%81%E0%AE%9A%E0%AF%8D_%E0%AE%9A%E0%AE%9F%E0%AF%8D%E0%AE%9F%E0%AE%AE%E0%AF%8D" "Mozilla/5.0 (Windows NT 5.1; rv:11.0) Gecko/20100101 Firefox/11.0"
117.254.147.183 - - [23/Mar/2012:08:28:08 -0700] "-" 400 0 "-" "-"
98.172.15.254 - - [23/Mar/2012:08:28:12 -0700] "GET /favicon.ico HTTP/1.1" 404 169 "-" "Caffeinated/1.1.1 CFNetwork/520.3.2 Darwin/11.3.0 (x86_64) (MacBookPro8%2C1)"
85.17.88.169 - - [23/Mar/2012:08:28:38 -0700] "POST /blog/wp-cron.php?doing_wp_cron=1332516340 HTTP/1.0" 499 0 "-" "WordPress/3.3.1; http://yuvi.in/blog"
177.27.148.50 - - [23/Mar/2012:08:28:42 -0700] "GET /blog/story-average-indian-techie/ HTTP/1.1" 200 54214 "-" "Mozilla/5.0 (compatible; Googlebot/2.1; +http://www.google.com/bot.html)"
98.172.15.254 - - [23/Mar/2012:08:29:08 -0700] "GET /favicon.ico HTTP/1.1" 404 169 "-" "Caffeinated/1.1.1 CFNetwork/520.3.2 Darwin/11.3.0 (x86_64) (MacBookPro8%2C1)"
85.17.88.169 - - [23/Mar/2012:08:29:31 -0700] "POST /blog/wp-cron.php?doing_wp_cron=1332516392 HTTP/1.0" 499 0 "-" "WordPress/3.3.1; http://yuvi.in/blog"
209.85.224.87 - - [23/Mar/2012:08:29:31 -0700] "GET /blog/feed HTTP/1.1" 304 0 "-" "FeedBurner/1.0 (http://www.FeedBurner.com)"
85.17.88.169 - - [23/Mar/2012:08:29:40 -0700] "POST /blog/wp-cron.php?doing_wp_cron=1332516401 HTTP/1.0" 499 0 "-" "WordPress/3.3.1; http://yuvi.in/blog"
100.43.83.144 - - [23/Mar/2012:08:29:40 -0700] "GET /blog/learnt-reading-javascript-good-parts/ HTTP/1.1" 200 5598 "-" "Mozilla/5.0 (compatible; YandexBot/3.0; +http://yandex.com/bots)"
98.172.15.254 - - [23/Mar/2012:08:29:47 -0700] "GET /favicon.ico HTTP/1.1" 404 169 "-" "Caffeinated/1.1.1 CFNetwork/520.3.2 Darwin/11.3.0 (x86_64) (MacBookPro8%2C1)"
117.213.80.39 - - [23/Mar/2012:08:29:52 -0700] "-" 400 0 "-" "-"
85.17.88.169 - - [23/Mar/2012:08:30:10 -0700] "POST /blog/wp-cron.php?doing_wp_cron=1332516431 HTTP/1.0" 499 0 "-" "WordPress/3.3.1; http://yuvi.in/blog"
209.85.238.115 - - [23/Mar/2012:08:30:10 -0700] "GET /blog/feed/ HTTP/1.1" 304 0 "-" "Feedfetcher-Google; (+http://www.google.com/feedfetcher.html; 19 subscribers; feed-id=15064232456473204253)"
207.46.204.172 - - [23/Mar/2012:08:30:27 -0700] "-" 400 0 "-" "-"
207.46.204.172 - - [23/Mar/2012:08:30:28 -0700] "-" 400 0 "-" "-"
207.46.204.172 - - [23/Mar/2012:08:30:29 -0700] "-" 400 0 "-" "-"
207.46.204.172 - - [23/Mar/2012:08:30:29 -0700] "-" 400 0 "-" "-"
207.46.204.172 - - [23/Mar/2012:08:30:29 -0700] "-" 400 0 "-" "-"
207.46.204.172 - - [23/Mar/2012:08:30:30 -0700] "-" 400 0 "-" "-"
207.46.204.172 - - [23/Mar/2012:08:30:30 -0700] "-" 400 0 "-" "-"
98.172.15.254 - - [23/Mar/2012:08:30:31 -0700] "GET /favicon.ico HTTP/1.1" 404 169 "-" "Caffeinated/1.1.1 CFNetwork/520.3.2 Darwin/11.3.0 (x86_64) (MacBookPro8%2C1)"
207.46.204.172 - - [23/Mar/2012:08:30:31 -0700] "-" 400 0 "-" "-"
207.46.204.172 - - [23/Mar/2012:08:30:31 -0700] "-" 400 0 "-" "-"
207.46.204.172 - - [23/Mar/2012:08:30:33 -0700] "-" 400 0 "-" "-"
85.17.88.169 - - [23/Mar/2012:08:31:20 -0700] "POST /blog/wp-cron.php?doing_wp_cron=1332516501 HTTP/1.0" 499 0 "-" "WordPress/3.3.1; http://yuvi.in/blog"
188.81.135.130 - - [23/Mar/2012:08:31:21 -0700] "GET /blog/category/code/ HTTP/1.1" 200 38688 "-" "Mozilla/5.0 (compatible; Googlebot/2.1; +http://www.google.com/bot.html)"
115.242.226.183 - - [23/Mar/2012:08:31:21 -0700] "-" 400 0 "-" "-"
98.172.15.254 - - [23/Mar/2012:08:31:28 -0700] "GET / HTTP/1.1" 304 0 "-" "Caffeinated/1.1.1 CFNetwork/520.3.2 Darwin/11.3.0 (x86_64) (MacBookPro8%2C1)"
98.172.15.254 - - [23/Mar/2012:08:31:28 -0700] "GET /favicon.ico HTTP/1.1" 404 169 "-" "Caffeinated/1.1.1 CFNetwork/520.3.2 Darwin/11.3.0 (x86_64) (MacBookPro8%2C1)"
207.46.204.215 - - [23/Mar/2012:08:32:16 -0700] "-" 400 0 "-" "-"
98.172.15.254 - - [23/Mar/2012:08:32:16 -0700] "GET /favicon.ico HTTP/1.1" 404 169 "-" "Caffeinated/1.1.1 CFNetwork/520.3.2 Darwin/11.3.0 (x86_64) (MacBookPro8%2C1)"
207.46.204.215 - - [23/Mar/2012:08:32:16 -0700] "-" 400 0 "-" "-"
207.46.204.215 - - [23/Mar/2012:08:32:16 -0700] "-" 400 0 "-" "-"
207.46.204.215 - - [23/Mar/2012:08:32:16 -0700] "-" 400 0 "-" "-"
207.46.204.215 - - [23/Mar/2012:08:32:16 -0700] "-" 400 0 "-" "-"
207.46.204.215 - - [23/Mar/2012:08:32:16 -0700] "-" 400 0 "-" "-"
207.46.204.215 - - [23/Mar/2012:08:32:16 -0700] "-" 400 0 "-" "-"
207.46.204.215 - - [23/Mar/2012:08:32:16 -0700] "-" 400 0 "-" "-"
207.46.204.215 - - [23/Mar/2012:08:32:16 -0700] "-" 400 0 "-" "-"
207.46.204.215 - - [23/Mar/2012:08:32:16 -0700] "-" 400 0 "-" "-"
207.46.204.215 - - [23/Mar/2012:08:32:57 -0700] "-" 400 0 "-" "-"
98.172.15.254 - - [23/Mar/2012:08:33:13 -0700] "GET /favicon.ico HTTP/1.1" 404 169 "-" "Caffeinated/1.1.1 CFNetwork/520.3.2 Darwin/11.3.0 (x86_64) (MacBookPro8%2C1)"
98.172.15.254 - - [23/Mar/2012:08:33:53 -0700] "GET /favicon.ico HTTP/1.1" 404 169 "-" "Caffeinated/1.1.1 CFNetwork/520.3.2 Darwin/11.3.0 (x86_64) (MacBookPro8%2C1)"
115.242.226.183 - - [23/Mar/2012:08:34:11 -0700] "-" 400 0 "-" "-"
115.242.226.183 - - [23/Mar/2012:08:34:11 -0700] "-" 400 0 "-" "-"
115.242.226.183 - - [23/Mar/2012:08:34:11 -0700] "-" 400 0 "-" "-"
115.242.226.183 - - [23/Mar/2012:08:34:11 -0700] "-" 400 0 "-" "-"
66.249.68.52 - - [23/Mar/2012:08:34:11 -0700] "GET /r/1szt HTTP/1.1" 301 257 "-" "Mozilla/5.0 (compatible; Googlebot/2.1; +http://www.google.com/bot.html)"
66.249.68.52 - - [23/Mar/2012:08:34:12 -0700] "GET /s/ta/1szt/ HTTP/1.1" 302 573 "-" "Mozilla/5.0 (compatible; Googlebot/2.1; +http://www.google.com/bot.html)"
