122.164.255.235 - - [22/Mar/2012:11:45:16 -0700] "-" 400 0 "-" "-"
122.164.255.235 - - [22/Mar/2012:11:45:16 -0700] "-" 400 0 "-" "-"
122.164.255.235 - - [22/Mar/2012:11:45:16 -0700] "-" 400 0 "-" "-"
199.36.158.16 - - [22/Mar/2012:11:45:36 -0700] "HEAD /r/2x10 HTTP/1.1" 301 0 "-" "Mozilla/5.0 (Macintosh; Intel Mac OS X 10_7_2) AppleWebKit/534.52.7 (KHTML, like Gecko) Version/5.1.2 Safari/534.52.7"
199.36.158.16 - - [22/Mar/2012:11:45:36 -0700] "HEAD /s/ta/2x10/ HTTP/1.1" 302 0 "-" "Mozilla/5.0 (Macintosh; Intel Mac OS X 10_7_2) AppleWebKit/534.52.7 (KHTML, like Gecko) Version/5.1.2 Safari/534.52.7"
180.76.5.98 - - [22/Mar/2012:11:45:54 -0700] "GET / HTTP/1.1" 200 3439 "-" "Mozilla/5.0 (compatible; Baiduspider/2.0; +http://www.baidu.com/search/spider.html)"
122.164.255.235 - - [22/Mar/2012:11:45:56 -0700] "-" 400 0 "-" "-"
122.164.255.235 - - [22/Mar/2012:11:45:56 -0700] "-" 400 0 "-" "-"
208.115.113.84 - - [22/Mar/2012:11:46:16 -0700] "GET /robots.txt HTTP/1.1" 404 169 "-" "Mozilla/5.0 (compatible; Ezooms/1.0; ezooms.bot@gmail.com)"
209.85.224.98 - - [22/Mar/2012:11:46:21 -0700] "GET /stories/feed HTTP/1.1" 200 13653 "-" "FeedBurner/1.0 (http://www.FeedBurner.com)"
141.0.9.58 - - [22/Mar/2012:11:47:39 -0700] "-" 400 0 "-" "-"
141.0.9.58 - - [22/Mar/2012:11:47:39 -0700] "-" 400 0 "-" "-"
141.0.9.58 - - [22/Mar/2012:11:47:39 -0700] "-" 400 0 "-" "-"
207.46.12.68 - - [22/Mar/2012:11:48:38 -0700] "-" 400 0 "-" "-"
207.46.12.68 - - [22/Mar/2012:11:48:47 -0700] "-" 400 0 "-" "-"
207.46.12.68 - - [22/Mar/2012:11:48:48 -0700] "-" 400 0 "-" "-"
207.46.12.68 - - [22/Mar/2012:11:48:49 -0700] "-" 400 0 "-" "-"
207.46.12.68 - - [22/Mar/2012:11:48:50 -0700] "-" 400 0 "-" "-"
207.46.12.68 - - [22/Mar/2012:11:48:54 -0700] "-" 400 0 "-" "-"
207.46.12.68 - - [22/Mar/2012:11:48:56 -0700] "-" 400 0 "-" "-"
207.46.12.68 - - [22/Mar/2012:11:48:57 -0700] "-" 400 0 "-" "-"
207.46.12.68 - - [22/Mar/2012:11:48:58 -0700] "-" 400 0 "-" "-"
207.46.12.68 - - [22/Mar/2012:11:48:59 -0700] "-" 400 0 "-" "-"
207.46.12.68 - - [22/Mar/2012:11:49:51 -0700] "-" 400 0 "-" "-"
157.55.112.201 - - [22/Mar/2012:11:49:53 -0700] "-" 400 0 "-" "-"
157.55.112.201 - - [22/Mar/2012:11:49:55 -0700] "-" 400 0 "-" "-"
157.55.112.201 - - [22/Mar/2012:11:49:55 -0700] "-" 400 0 "-" "-"
157.55.112.201 - - [22/Mar/2012:11:49:55 -0700] "-" 400 0 "-" "-"
157.55.112.201 - - [22/Mar/2012:11:49:55 -0700] "-" 400 0 "-" "-"
157.55.112.201 - - [22/Mar/2012:11:49:57 -0700] "-" 400 0 "-" "-"
157.55.112.201 - - [22/Mar/2012:11:49:57 -0700] "-" 400 0 "-" "-"
157.55.112.201 - - [22/Mar/2012:11:49:57 -0700] "-" 400 0 "-" "-"
157.55.112.201 - - [22/Mar/2012:11:49:58 -0700] "-" 400 0 "-" "-"
157.55.112.201 - - [22/Mar/2012:11:49:58 -0700] "-" 400 0 "-" "-"
157.56.80.74 - - [22/Mar/2012:11:50:41 -0700] "-" 400 0 "-" "-"
157.56.80.74 - - [22/Mar/2012:11:50:41 -0700] "-" 400 0 "-" "-"
157.56.80.74 - - [22/Mar/2012:11:50:42 -0700] "-" 400 0 "-" "-"
157.56.80.74 - - [22/Mar/2012:11:50:44 -0700] "-" 400 0 "-" "-"
157.56.80.74 - - [22/Mar/2012:11:50:44 -0700] "-" 400 0 "-" "-"
157.56.80.74 - - [22/Mar/2012:11:50:44 -0700] "-" 400 0 "-" "-"
157.56.80.74 - - [22/Mar/2012:11:50:45 -0700] "-" 400 0 "-" "-"
157.56.80.74 - - [22/Mar/2012:11:50:45 -0700] "-" 400 0 "-" "-"
157.56.80.74 - - [22/Mar/2012:11:50:48 -0700] "-" 400 0 "-" "-"
157.56.80.74 - - [22/Mar/2012:11:50:49 -0700] "-" 400 0 "-" "-"
157.56.80.74 - - [22/Mar/2012:11:51:20 -0700] "-" 400 0 "-" "-"
157.56.80.74 - - [22/Mar/2012:11:51:20 -0700] "-" 400 0 "-" "-"
157.56.80.74 - - [22/Mar/2012:11:51:20 -0700] "-" 400 0 "-" "-"
85.17.88.169 - - [22/Mar/2012:11:51:46 -0700] "POST /blog/wp-cron.php?doing_wp_cron=1332442134 HTTP/1.0" 499 0 "-" "WordPress/3.3.1; http://yuvi.in/blog"
183.82.75.208 - - [22/Mar/2012:11:51:47 -0700] "GET /blog/feed/ HTTP/1.0" 304 0 "-" "FeedDemon/4.0 (http://www.feeddemon.com/; Microsoft Windows)"
85.17.88.169 - - [22/Mar/2012:11:53:17 -0700] "POST /blog/wp-cron.php?doing_wp_cron=1332442226 HTTP/1.0" 499 0 "-" "WordPress/3.3.1; http://yuvi.in/blog"
209.85.224.83 - - [22/Mar/2012:11:53:18 -0700] "GET /blog/feed HTTP/1.1" 304 0 "-" "FeedBurner/1.0 (http://www.FeedBurner.com)"
207.46.204.163 - - [22/Mar/2012:11:55:09 -0700] "-" 400 0 "-" "-"
207.46.204.163 - - [22/Mar/2012:11:55:11 -0700] "-" 400 0 "-" "-"
207.46.204.163 - - [22/Mar/2012:11:55:11 -0700] "-" 400 0 "-" "-"
207.46.204.163 - - [22/Mar/2012:11:55:12 -0700] "-" 400 0 "-" "-"
207.46.204.163 - - [22/Mar/2012:11:55:12 -0700] "-" 400 0 "-" "-"
207.46.204.163 - - [22/Mar/2012:11:55:12 -0700] "-" 400 0 "-" "-"
207.46.204.163 - - [22/Mar/2012:11:55:13 -0700] "-" 400 0 "-" "-"
207.46.204.163 - - [22/Mar/2012:11:55:13 -0700] "-" 400 0 "-" "-"
207.46.204.163 - - [22/Mar/2012:11:55:13 -0700] "-" 400 0 "-" "-"
207.46.204.163 - - [22/Mar/2012:11:55:13 -0700] "-" 400 0 "-" "-"
85.17.88.169 - - [22/Mar/2012:11:55:28 -0700] "POST /blog/wp-cron.php?doing_wp_cron=1332442356 HTTP/1.0" 499 0 "-" "WordPress/3.3.1; http://yuvi.in/blog"
100.43.83.144 - - [22/Mar/2012:11:55:29 -0700] "GET /blog/measure-of-learning-epiphanies-per-session/ HTTP/1.1" 200 4912 "-" "Mozilla/5.0 (compatible; YandexBot/3.0; +http://yandex.com/bots)"
207.46.204.172 - - [22/Mar/2012:11:58:45 -0700] "-" 400 0 "-" "-"
207.46.204.172 - - [22/Mar/2012:11:58:46 -0700] "-" 400 0 "-" "-"
207.46.204.172 - - [22/Mar/2012:11:58:46 -0700] "-" 400 0 "-" "-"
207.46.204.172 - - [22/Mar/2012:11:58:46 -0700] "-" 400 0 "-" "-"
207.46.204.172 - - [22/Mar/2012:11:58:46 -0700] "-" 400 0 "-" "-"
207.46.204.172 - - [22/Mar/2012:11:58:46 -0700] "-" 400 0 "-" "-"
207.46.204.172 - - [22/Mar/2012:11:58:48 -0700] "-" 400 0 "-" "-"
207.46.204.172 - - [22/Mar/2012:11:58:48 -0700] "-" 400 0 "-" "-"
207.46.204.172 - - [22/Mar/2012:11:58:48 -0700] "-" 400 0 "-" "-"
207.46.204.172 - - [22/Mar/2012:11:58:48 -0700] "-" 400 0 "-" "-"
207.46.204.172 - - [22/Mar/2012:11:59:22 -0700] "-" 400 0 "-" "-"
98.172.15.254 - - [22/Mar/2012:11:59:52 -0700] "GET / HTTP/1.1" 304 0 "-" "Caffeinated/1.1.1 CFNetwork/520.3.2 Darwin/11.3.0 (x86_64) (MacBookPro8%2C1)"
98.172.15.254 - - [22/Mar/2012:11:59:52 -0700] "GET /favicon.ico HTTP/1.1" 404 169 "-" "Caffeinated/1.1.1 CFNetwork/520.3.2 Darwin/11.3.0 (x86_64) (MacBookPro8%2C1)"
98.172.15.254 - - [22/Mar/2012:12:00:39 -0700] "GET /favicon.ico HTTP/1.1" 404 169 "-" "Caffeinated/1.1.1 CFNetwork/520.3.2 Darwin/11.3.0 (x86_64) (MacBookPro8%2C1)"
85.17.88.169 - - [22/Mar/2012:12:00:52 -0700] "POST /blog/wp-cron.php?doing_wp_cron=1332442680 HTTP/1.0" 499 0 "-" "WordPress/3.3.1; http://yuvi.in/blog"
180.76.6.225 - - [22/Mar/2012:12:00:53 -0700] "GET /blog/hello-world-again/ HTTP/1.1" 200 5651 "-" "Mozilla/5.0 (compatible; Baiduspider/2.0; +http://www.baidu.com/search/spider.html)"
98.172.15.254 - - [22/Mar/2012:12:01:18 -0700] "GET /favicon.ico HTTP/1.1" 404 169 "-" "Caffeinated/1.1.1 CFNetwork/520.3.2 Darwin/11.3.0 (x86_64) (MacBookPro8%2C1)"
66.249.68.52 - - [22/Mar/2012:12:01:22 -0700] "GET /r/ad0 HTTP/1.1" 301 255 "-" "Mozilla/5.0 (compatible; Googlebot/2.1; +http://www.google.com/bot.html)"
66.249.68.52 - - [22/Mar/2012:12:01:23 -0700] "GET /s/ta/ad0/ HTTP/1.1" 302 741 "-" "Mozilla/5.0 (compatible; Googlebot/2.1; +http://www.google.com/bot.html)"
98.172.15.254 - - [22/Mar/2012:12:02:03 -0700] "GET /favicon.ico HTTP/1.1" 404 169 "-" "Caffeinated/1.1.1 CFNetwork/520.3.2 Darwin/11.3.0 (x86_64) (MacBookPro8%2C1)"
85.17.88.169 - - [22/Mar/2012:12:02:43 -0700] "POST /blog/wp-cron.php?doing_wp_cron=1332442791 HTTP/1.0" 499 0 "-" "WordPress/3.3.1; http://yuvi.in/blog"
209.85.238.115 - - [22/Mar/2012:12:02:43 -0700] "GET /blog/feed/ HTTP/1.1" 304 0 "-" "Feedfetcher-Google; (+http://www.google.com/feedfetcher.html; 19 subscribers; feed-id=15064232456473204253)"
98.172.15.254 - - [22/Mar/2012:12:02:45 -0700] "GET /favicon.ico HTTP/1.1" 404 169 "-" "Caffeinated/1.1.1 CFNetwork/520.3.2 Darwin/11.3.0 (x86_64) (MacBookPro8%2C1)"
117.193.210.164 - - [22/Mar/2012:12:02:47 -0700] "GET /r/u9y HTTP/1.1" 301 255 "http://ta.wikipedia.org/wiki/%E0%AE%B5%E0%AE%B2%E0%AF%8D%E0%AE%B5%E0%AF%86%E0%AE%9F%E0%AF%8D%E0%AE%9F%E0%AE%BF%E0%AE%A4%E0%AF%8D%E0%AE%A4%E0%AF%81%E0%AE%B1%E0%AF%88" "Mozilla/5.0 (Windows NT 5.1; rv:10.0.2) Gecko/20100101 Firefox/10.0.2"
117.193.210.164 - - [22/Mar/2012:12:02:48 -0700] "GET /s/ta/u9y/ HTTP/1.1" 302 445 "http://ta.wikipedia.org/wiki/%E0%AE%B5%E0%AE%B2%E0%AF%8D%E0%AE%B5%E0%AF%86%E0%AE%9F%E0%AF%8D%E0%AE%9F%E0%AE%BF%E0%AE%A4%E0%AF%8D%E0%AE%A4%E0%AF%81%E0%AE%B1%E0%AF%88" "Mozilla/5.0 (Windows NT 5.1; rv:10.0.2) Gecko/20100101 Firefox/10.0.2"
117.193.210.164 - - [22/Mar/2012:12:02:53 -0700] "-" 400 0 "-" "-"
98.172.15.254 - - [22/Mar/2012:12:03:28 -0700] "GET /favicon.ico HTTP/1.1" 404 169 "-" "Caffeinated/1.1.1 CFNetwork/520.3.2 Darwin/11.3.0 (x86_64) (MacBookPro8%2C1)"
67.215.230.28 - - [22/Mar/2012:12:03:48 -0700] "GET /robots.txt HTTP/1.0" 404 169 "-" "Setooz/Nutch-1.2 (http://www.setooz.com)"
67.215.230.28 - - [22/Mar/2012:12:03:48 -0700] "GET / HTTP/1.0" 200 3439 "-" "Setooz/Nutch-1.2 (http://www.setooz.com)"
67.215.230.27 - - [22/Mar/2012:12:03:50 -0700] "GET /robots.txt HTTP/1.0" 404 169 "-" "Setooz/Nutch-1.2 (http://www.setooz.com)"
67.215.230.27 - - [22/Mar/2012:12:03:53 -0700] "GET /stories HTTP/1.0" 301 185 "-" "Setooz/Nutch-1.2 (http://www.setooz.com)"
98.172.15.254 - - [22/Mar/2012:12:04:10 -0700] "GET /favicon.ico HTTP/1.1" 404 169 "-" "Caffeinated/1.1.1 CFNetwork/520.3.2 Darwin/11.3.0 (x86_64) (MacBookPro8%2C1)"
122.164.225.38 - - [22/Mar/2012:12:04:42 -0700] "-" 400 0 "-" "-"
98.172.15.254 - - [22/Mar/2012:12:04:51 -0700] "GET /favicon.ico HTTP/1.1" 404 169 "-" "Caffeinated/1.1.1 CFNetwork/520.3.2 Darwin/11.3.0 (x86_64) (MacBookPro8%2C1)"
98.172.15.254 - - [22/Mar/2012:12:05:36 -0700] "GET / HTTP/1.1" 304 0 "-" "Caffeinated/1.1.1 CFNetwork/520.3.2 Darwin/11.3.0 (x86_64) (MacBookPro8%2C1)"
98.172.15.254 - - [22/Mar/2012:12:05:36 -0700] "GET /favicon.ico HTTP/1.1" 404 169 "-" "Caffeinated/1.1.1 CFNetwork/520.3.2 Darwin/11.3.0 (x86_64) (MacBookPro8%2C1)"
193.47.80.43 - - [22/Mar/2012:12:05:57 -0700] "GET /robots.txt HTTP/1.1" 404 142 "-" "Mozilla/5.0 (compatible; Exabot/3.0; +http://www.exabot.com/go/robot)"
193.47.80.43 - - [22/Mar/2012:12:05:58 -0700] "GET /blog/cheese-2-31-1-released.html HTTP/1.1" 304 0 "-" "Mozilla/5.0 (compatible; Exabot/3.0; +http://www.exabot.com/go/robot)"
98.172.15.254 - - [22/Mar/2012:12:06:37 -0700] "GET /favicon.ico HTTP/1.1" 404 169 "-" "Caffeinated/1.1.1 CFNetwork/520.3.2 Darwin/11.3.0 (x86_64) (MacBookPro8%2C1)"
98.172.15.254 - - [22/Mar/2012:12:07:15 -0700] "GET /favicon.ico HTTP/1.1" 404 169 "-" "Caffeinated/1.1.1 CFNetwork/520.3.2 Darwin/11.3.0 (x86_64) (MacBookPro8%2C1)"
69.171.228.244 - - [22/Mar/2012:12:07:57 -0700] "GET /r/252 HTTP/1.1" 301 255 "-" "facebookexternalhit/1.1 (+http://www.facebook.com/externalhit_uatext.php)"
69.171.228.248 - - [22/Mar/2012:12:07:58 -0700] "GET /s/ta/252/ HTTP/1.1" 302 461 "-" "facebookexternalhit/1.1 (+http://www.facebook.com/externalhit_uatext.php)"
98.172.15.254 - - [22/Mar/2012:12:08:12 -0700] "GET /favicon.ico HTTP/1.1" 404 169 "-" "Caffeinated/1.1.1 CFNetwork/520.3.2 Darwin/11.3.0 (x86_64) (MacBookPro8%2C1)"
98.172.15.254 - - [22/Mar/2012:12:08:45 -0700] "GET /favicon.ico HTTP/1.1" 404 169 "-" "Caffeinated/1.1.1 CFNetwork/520.3.2 Darwin/11.3.0 (x86_64) (MacBookPro8%2C1)"
157.55.17.84 - - [22/Mar/2012:12:09:10 -0700] "GET /blog/gsoc-milestones-vala-build-using-autotools.html HTTP/1.1" 200 4062 "-" "Mozilla/4.0 (compatible; MSIE 7.0; Windows NT 5.1;  SLCC1;  .NET CLR 1.1.4325;  .NET CLR 2.0.40607;  .NET CLR 3.0.04506.648)"
157.55.17.84 - - [22/Mar/2012:12:09:12 -0700] "GET /blog/static/style.css HTTP/1.1" 200 4753 "http://yuvi.in/blog/gsoc-milestones-vala-build-using-autotools.html" "Mozilla/4.0 (compatible; MSIE 7.0; Windows NT 5.1;  SLCC1;  .NET CLR 1.1.4325;  .NET CLR 2.0.40607;  .NET CLR 3.0.04506.648)"
157.55.17.84 - - [22/Mar/2012:12:09:16 -0700] "GET /blog/static/codehilite.css HTTP/1.1" 200 4012 "http://yuvi.in/blog/gsoc-milestones-vala-build-using-autotools.html" "Mozilla/4.0 (compatible; MSIE 7.0; Windows NT 5.1;  SLCC1;  .NET CLR 1.1.4325;  .NET CLR 2.0.40607;  .NET CLR 3.0.04506.648)"
98.172.15.254 - - [22/Mar/2012:12:09:43 -0700] "GET /favicon.ico HTTP/1.1" 404 169 "-" "Caffeinated/1.1.1 CFNetwork/520.3.2 Darwin/11.3.0 (x86_64) (MacBookPro8%2C1)"
180.76.5.178 - - [22/Mar/2012:12:09:56 -0700] "GET /robots.txt HTTP/1.1" 404 142 "-" "Baiduspider+(+http://www.baidu.com/search/spider.htm)"
98.172.15.254 - - [22/Mar/2012:12:10:16 -0700] "GET /favicon.ico HTTP/1.1" 404 169 "-" "Caffeinated/1.1.1 CFNetwork/520.3.2 Darwin/11.3.0 (x86_64) (MacBookPro8%2C1)"
205.186.176.20 - - [22/Mar/2012:12:10:57 -0700] "-" 400 0 "-" "-"
98.172.15.254 - - [22/Mar/2012:12:11:13 -0700] "GET / HTTP/1.1" 304 0 "-" "Caffeinated/1.1.1 CFNetwork/520.3.2 Darwin/11.3.0 (x86_64) (MacBookPro8%2C1)"
98.172.15.254 - - [22/Mar/2012:12:11:13 -0700] "GET /favicon.ico HTTP/1.1" 404 169 "-" "Caffeinated/1.1.1 CFNetwork/520.3.2 Darwin/11.3.0 (x86_64) (MacBookPro8%2C1)"
98.172.15.254 - - [22/Mar/2012:12:11:42 -0700] "GET /favicon.ico HTTP/1.1" 404 169 "-" "Caffeinated/1.1.1 CFNetwork/520.3.2 Darwin/11.3.0 (x86_64) (MacBookPro8%2C1)"
85.17.88.169 - - [22/Mar/2012:12:17:06 -0700] "POST /blog/wp-cron.php?doing_wp_cron=1332443654 HTTP/1.0" 499 0 "-" "WordPress/3.3.1; http://yuvi.in/blog"
88.236.114.22 - - [22/Mar/2012:12:17:07 -0700] "GET /blog/2011/08/ HTTP/1.1" 200 55555 "-" "Mozilla/5.0 (compatible; Googlebot/2.1; +http://www.google.com/bot.html)"
88.131.106.5 - - [22/Mar/2012:12:18:25 -0700] "GET /robots.txt HTTP/1.0" 404 169 "-" "Mozilla/5.0 (Windows; U; Windows NT 5.1; en-US) Speedy Spider (http://www.entireweb.com/about/search_tech/speedy_spider/)"
88.131.106.4 - - [22/Mar/2012:12:18:26 -0700] "GET /blog/about-me.html HTTP/1.0" 200 6863 "-" "Mozilla/5.0 (Windows; U; Windows NT 5.1; en-US) Speedy Spider (http://www.entireweb.com/about/search_tech/speedy_spider/)"
85.17.88.169 - - [22/Mar/2012:12:20:02 -0700] "POST /blog/wp-cron.php?doing_wp_cron=1332443830 HTTP/1.0" 499 0 "-" "WordPress/3.3.1; http://yuvi.in/blog"
209.85.238.115 - - [22/Mar/2012:12:20:02 -0700] "GET /blog/feed HTTP/1.1" 301 0 "-" "Feedfetcher-Google; (+http://www.google.com/feedfetcher.html; 3 subscribers; feed-id=17684830852112633560)"
85.17.88.169 - - [22/Mar/2012:12:20:04 -0700] "POST /blog/wp-cron.php?doing_wp_cron=1332443832 HTTP/1.0" 499 0 "-" "WordPress/3.3.1; http://yuvi.in/blog"
209.85.238.115 - - [22/Mar/2012:12:20:04 -0700] "GET /blog/feed/ HTTP/1.1" 304 0 "-" "Feedfetcher-Google; (+http://www.google.com/feedfetcher.html; 3 subscribers; feed-id=17684830852112633560)"
93.185.177.68 - - [22/Mar/2012:12:20:21 -0700] "GET /favicon.ico HTTP/1.1" 404 142 "-" "Reeder/2.5.4 CFNetwork/548.1.4 Darwin/11.0.0"
93.185.177.68 - - [22/Mar/2012:12:20:21 -0700] "GET / HTTP/1.1" 200 1430 "-" "Reeder/2.5.4 CFNetwork/548.1.4 Darwin/11.0.0"
93.185.177.68 - - [22/Mar/2012:12:20:22 -0700] "GET /apple-touch-icon.png HTTP/1.1" 404 142 "-" "Reeder/2.5.4 CFNetwork/548.1.4 Darwin/11.0.0"
93.185.177.68 - - [22/Mar/2012:12:20:22 -0700] "GET /apple-touch-icon-precomposed.png HTTP/1.1" 404 142 "-" "Reeder/2.5.4 CFNetwork/548.1.4 Darwin/11.0.0"
122.165.82.189 - - [22/Mar/2012:12:20:29 -0700] "-" 400 0 "-" "-"
98.172.15.254 - - [22/Mar/2012:12:20:44 -0700] "GET / HTTP/1.1" 304 0 "-" "Caffeinated/1.1.1 CFNetwork/520.3.2 Darwin/11.3.0 (x86_64) (MacBookPro8%2C1)"
98.172.15.254 - - [22/Mar/2012:12:20:44 -0700] "GET /favicon.ico HTTP/1.1" 404 169 "-" "Caffeinated/1.1.1 CFNetwork/520.3.2 Darwin/11.3.0 (x86_64) (MacBookPro8%2C1)"
98.172.15.254 - - [22/Mar/2012:12:21:40 -0700] "GET /favicon.ico HTTP/1.1" 404 169 "-" "Caffeinated/1.1.1 CFNetwork/520.3.2 Darwin/11.3.0 (x86_64) (MacBookPro8%2C1)"
98.172.15.254 - - [22/Mar/2012:12:22:19 -0700] "GET /favicon.ico HTTP/1.1" 404 169 "-" "Caffeinated/1.1.1 CFNetwork/520.3.2 Darwin/11.3.0 (x86_64) (MacBookPro8%2C1)"
208.115.111.69 - - [22/Mar/2012:12:23:10 -0700] "GET /robots.txt HTTP/1.1" 404 238 "-" "Mozilla/5.0 (compatible; Ezooms/1.0; ezooms.bot@gmail.com)"
98.172.15.254 - - [22/Mar/2012:12:23:12 -0700] "GET /favicon.ico HTTP/1.1" 404 169 "-" "Caffeinated/1.1.1 CFNetwork/520.3.2 Darwin/11.3.0 (x86_64) (MacBookPro8%2C1)"
85.17.88.169 - - [22/Mar/2012:12:23:27 -0700] "POST /blog/wp-cron.php?doing_wp_cron=1332444035 HTTP/1.0" 499 0 "-" "WordPress/3.3.1; http://yuvi.in/blog"
209.85.224.97 - - [22/Mar/2012:12:23:28 -0700] "GET /blog/feed HTTP/1.1" 304 0 "-" "FeedBurner/1.0 (http://www.FeedBurner.com)"
98.172.15.254 - - [22/Mar/2012:12:24:11 -0700] "GET /favicon.ico HTTP/1.1" 404 169 "-" "Caffeinated/1.1.1 CFNetwork/520.3.2 Darwin/11.3.0 (x86_64) (MacBookPro8%2C1)"
98.172.15.254 - - [22/Mar/2012:12:24:55 -0700] "GET /favicon.ico HTTP/1.1" 404 169 "-" "Caffeinated/1.1.1 CFNetwork/520.3.2 Darwin/11.3.0 (x86_64) (MacBookPro8%2C1)"
98.172.15.254 - - [22/Mar/2012:12:25:53 -0700] "GET / HTTP/1.1" 304 0 "-" "Caffeinated/1.1.1 CFNetwork/520.3.2 Darwin/11.3.0 (x86_64) (MacBookPro8%2C1)"
98.172.15.254 - - [22/Mar/2012:12:25:53 -0700] "GET /favicon.ico HTTP/1.1" 404 169 "-" "Caffeinated/1.1.1 CFNetwork/520.3.2 Darwin/11.3.0 (x86_64) (MacBookPro8%2C1)"
98.172.15.254 - - [22/Mar/2012:12:26:29 -0700] "GET /favicon.ico HTTP/1.1" 404 169 "-" "Caffeinated/1.1.1 CFNetwork/520.3.2 Darwin/11.3.0 (x86_64) (MacBookPro8%2C1)"
85.17.88.169 - - [22/Mar/2012:12:27:19 -0700] "POST /blog/wp-cron.php?doing_wp_cron=1332444267 HTTP/1.0" 499 0 "-" "WordPress/3.3.1; http://yuvi.in/blog"
183.82.75.208 - - [22/Mar/2012:12:27:20 -0700] "GET /blog/feed/ HTTP/1.0" 304 0 "-" "FeedDemon/4.0 (http://www.feeddemon.com/; Microsoft Windows)"
98.172.15.254 - - [22/Mar/2012:12:27:28 -0700] "GET /favicon.ico HTTP/1.1" 404 169 "-" "Caffeinated/1.1.1 CFNetwork/520.3.2 Darwin/11.3.0 (x86_64) (MacBookPro8%2C1)"
98.172.15.254 - - [22/Mar/2012:12:28:05 -0700] "GET /favicon.ico HTTP/1.1" 404 169 "-" "Caffeinated/1.1.1 CFNetwork/520.3.2 Darwin/11.3.0 (x86_64) (MacBookPro8%2C1)"
98.172.15.254 - - [22/Mar/2012:12:29:05 -0700] "GET /favicon.ico HTTP/1.1" 404 169 "-" "Caffeinated/1.1.1 CFNetwork/520.3.2 Darwin/11.3.0 (x86_64) (MacBookPro8%2C1)"
85.17.88.169 - - [22/Mar/2012:12:29:10 -0700] "POST /blog/wp-cron.php?doing_wp_cron=1332444377 HTTP/1.0" 499 0 "-" "WordPress/3.3.1; http://yuvi.in/blog"
94.228.34.248 - - [22/Mar/2012:12:29:10 -0700] "GET /blog/ HTTP/1.1" 200 10128 "-" "magpie-crawler/1.1 (U; Linux amd64; en-GB; +http://www.brandwatch.net)"
85.17.88.169 - - [22/Mar/2012:12:29:21 -0700] "POST /blog/wp-cron.php?doing_wp_cron=1332444389 HTTP/1.0" 499 0 "-" "WordPress/3.3.1; http://yuvi.in/blog"
201.78.232.85 - - [22/Mar/2012:12:29:22 -0700] "GET /blog/ HTTP/1.1" 200 33079 "-" "Mozilla/5.0 (compatible; Googlebot/2.1; +http://www.google.com/bot.html)"
98.172.15.254 - - [22/Mar/2012:12:29:44 -0700] "GET /favicon.ico HTTP/1.1" 404 169 "-" "Caffeinated/1.1.1 CFNetwork/520.3.2 Darwin/11.3.0 (x86_64) (MacBookPro8%2C1)"
98.172.15.254 - - [22/Mar/2012:12:30:47 -0700] "GET /favicon.ico HTTP/1.1" 404 169 "-" "Caffeinated/1.1.1 CFNetwork/520.3.2 Darwin/11.3.0 (x86_64) (MacBookPro8%2C1)"
85.17.88.169 - - [22/Mar/2012:12:30:51 -0700] "POST /blog/wp-cron.php?doing_wp_cron=1332444479 HTTP/1.0" 499 0 "-" "WordPress/3.3.1; http://yuvi.in/blog"
180.76.5.91 - - [22/Mar/2012:12:30:51 -0700] "GET /blog/my-vim-setup/ HTTP/1.1" 200 7100 "-" "Mozilla/5.0 (compatible; Baiduspider/2.0; +http://www.baidu.com/search/spider.html)"
98.172.15.254 - - [22/Mar/2012:12:31:23 -0700] "GET / HTTP/1.1" 304 0 "-" "Caffeinated/1.1.1 CFNetwork/520.3.2 Darwin/11.3.0 (x86_64) (MacBookPro8%2C1)"
98.172.15.254 - - [22/Mar/2012:12:31:24 -0700] "GET /favicon.ico HTTP/1.1" 404 169 "-" "Caffeinated/1.1.1 CFNetwork/520.3.2 Darwin/11.3.0 (x86_64) (MacBookPro8%2C1)"
85.17.88.169 - - [22/Mar/2012:12:31:28 -0700] "POST /blog/wp-cron.php?doing_wp_cron=1332444516 HTTP/1.0" 499 0 "-" "WordPress/3.3.1; http://yuvi.in/blog"
213.186.127.13 - - [22/Mar/2012:12:31:29 -0700] "GET /blog/2010/11/ HTTP/1.1" 200 4731 "-" "Mozilla/5.0 (compatible; AhrefsBot/2.0; +http://ahrefs.com/robot/)"
66.220.149.246 - - [22/Mar/2012:12:32:13 -0700] "GET /r/2ryu HTTP/1.1" 301 257 "-" "facebookexternalhit/1.1 (+http://www.facebook.com/externalhit_uatext.php)"
66.220.149.246 - - [22/Mar/2012:12:32:13 -0700] "GET /s/ta/2ryu/ HTTP/1.1" 302 605 "-" "facebookexternalhit/1.1 (+http://www.facebook.com/externalhit_uatext.php)"
98.172.15.254 - - [22/Mar/2012:12:32:24 -0700] "GET /favicon.ico HTTP/1.1" 404 169 "-" "Caffeinated/1.1.1 CFNetwork/520.3.2 Darwin/11.3.0 (x86_64) (MacBookPro8%2C1)"
98.172.15.254 - - [22/Mar/2012:12:33:15 -0700] "GET /favicon.ico HTTP/1.1" 404 169 "-" "Caffeinated/1.1.1 CFNetwork/520.3.2 Darwin/11.3.0 (x86_64) (MacBookPro8%2C1)"
98.172.15.254 - - [22/Mar/2012:12:34:14 -0700] "GET /favicon.ico HTTP/1.1" 404 169 "-" "Caffeinated/1.1.1 CFNetwork/520.3.2 Darwin/11.3.0 (x86_64) (MacBookPro8%2C1)"
207.46.204.213 - - [22/Mar/2012:12:34:42 -0700] "-" 400 0 "-" "-"
207.46.204.213 - - [22/Mar/2012:12:34:42 -0700] "-" 400 0 "-" "-"
207.46.204.213 - - [22/Mar/2012:12:34:42 -0700] "-" 400 0 "-" "-"
207.46.204.213 - - [22/Mar/2012:12:34:42 -0700] "-" 400 0 "-" "-"
207.46.204.213 - - [22/Mar/2012:12:34:42 -0700] "-" 400 0 "-" "-"
207.46.204.213 - - [22/Mar/2012:12:34:42 -0700] "-" 400 0 "-" "-"
207.46.204.213 - - [22/Mar/2012:12:34:42 -0700] "-" 400 0 "-" "-"
207.46.204.213 - - [22/Mar/2012:12:34:42 -0700] "-" 400 0 "-" "-"
207.46.204.213 - - [22/Mar/2012:12:34:56 -0700] "-" 400 0 "-" "-"
98.172.15.254 - - [22/Mar/2012:12:35:06 -0700] "GET /favicon.ico HTTP/1.1" 404 169 "-" "Caffeinated/1.1.1 CFNetwork/520.3.2 Darwin/11.3.0 (x86_64) (MacBookPro8%2C1)"
207.46.204.213 - - [22/Mar/2012:12:35:11 -0700] "-" 400 0 "-" "-"
207.46.204.213 - - [22/Mar/2012:12:35:11 -0700] "-" 400 0 "-" "-"
85.17.88.169 - - [22/Mar/2012:12:35:50 -0700] "POST /blog/wp-cron.php?doing_wp_cron=1332444778 HTTP/1.0" 499 0 "-" "WordPress/3.3.1; http://yuvi.in/blog"
100.43.83.144 - - [22/Mar/2012:12:35:50 -0700] "GET /blog/anatomy-of-an-impromptu-hackathon-git-vs-svn/ HTTP/1.1" 200 5982 "-" "Mozilla/5.0 (compatible; YandexBot/3.0; +http://yandex.com/bots)"
98.172.15.254 - - [22/Mar/2012:12:35:54 -0700] "GET /favicon.ico HTTP/1.1" 404 169 "-" "Caffeinated/1.1.1 CFNetwork/520.3.2 Darwin/11.3.0 (x86_64) (MacBookPro8%2C1)"
98.172.15.254 - - [22/Mar/2012:12:36:43 -0700] "GET / HTTP/1.1" 304 0 "-" "Caffeinated/1.1.1 CFNetwork/520.3.2 Darwin/11.3.0 (x86_64) (MacBookPro8%2C1)"
98.172.15.254 - - [22/Mar/2012:12:36:44 -0700] "GET /favicon.ico HTTP/1.1" 404 169 "-" "Caffeinated/1.1.1 CFNetwork/520.3.2 Darwin/11.3.0 (x86_64) (MacBookPro8%2C1)"
98.172.15.254 - - [22/Mar/2012:12:37:25 -0700] "GET /favicon.ico HTTP/1.1" 404 169 "-" "Caffeinated/1.1.1 CFNetwork/520.3.2 Darwin/11.3.0 (x86_64) (MacBookPro8%2C1)"
98.172.15.254 - - [22/Mar/2012:12:38:35 -0700] "GET /favicon.ico HTTP/1.1" 404 169 "-" "Caffeinated/1.1.1 CFNetwork/520.3.2 Darwin/11.3.0 (x86_64) (MacBookPro8%2C1)"
85.17.88.169 - - [22/Mar/2012:12:38:48 -0700] "POST /blog/wp-cron.php?doing_wp_cron=1332444956 HTTP/1.0" 499 0 "-" "WordPress/3.3.1; http://yuvi.in/blog"
66.135.57.47 - - [22/Mar/2012:12:38:49 -0700] "GET /blog/my-vimrc/ HTTP/1.0" 200 16009 "-" "Mozilla/5.0 (Windows; U; Windows NT 5.1; rv:1.7.3) Gecko/20041001 Firefox/0.10.1"
85.17.88.169 - - [22/Mar/2012:12:38:51 -0700] "POST /blog/wp-cron.php?doing_wp_cron=1332444959 HTTP/1.0" 499 0 "-" "WordPress/3.3.1; http://yuvi.in/blog"
66.135.57.47 - - [22/Mar/2012:12:38:52 -0700] "GET /blog/college-drop/ HTTP/1.0" 200 18395 "-" "Mozilla/5.0 (Windows; U; Windows NT 5.1; rv:1.7.3) Gecko/20041001 Firefox/0.10.1"
85.17.88.169 - - [22/Mar/2012:12:38:54 -0700] "POST /blog/wp-cron.php?doing_wp_cron=1332444962 HTTP/1.0" 499 0 "-" "WordPress/3.3.1; http://yuvi.in/blog"
66.135.57.47 - - [22/Mar/2012:12:38:55 -0700] "GET /blog/passing-headers-proxying-nginx/ HTTP/1.0" 200 16690 "-" "Mozilla/5.0 (Windows; U; Windows NT 5.1; rv:1.7.3) Gecko/20041001 Firefox/0.10.1"
85.17.88.169 - - [22/Mar/2012:12:38:58 -0700] "POST /blog/wp-cron.php?doing_wp_cron=1332444966 HTTP/1.0" 499 0 "-" "WordPress/3.3.1; http://yuvi.in/blog"
66.135.57.47 - - [22/Mar/2012:12:38:58 -0700] "GET /blog/program/ HTTP/1.0" 200 27214 "-" "Mozilla/5.0 (Windows; U; Windows NT 5.1; rv:1.7.3) Gecko/20041001 Firefox/0.10.1"
85.17.88.169 - - [22/Mar/2012:12:39:01 -0700] "POST /blog/wp-cron.php?doing_wp_cron=1332444969 HTTP/1.0" 499 0 "-" "WordPress/3.3.1; http://yuvi.in/blog"
66.135.57.47 - - [22/Mar/2012:12:39:01 -0700] "GET /blog/devlog-december-26-2011/ HTTP/1.0" 200 16694 "-" "Mozilla/5.0 (Windows; U; Windows NT 5.1; rv:1.7.3) Gecko/20041001 Firefox/0.10.1"
85.17.88.169 - - [22/Mar/2012:12:39:04 -0700] "POST /blog/wp-cron.php?doing_wp_cron=1332444972 HTTP/1.0" 499 0 "-" "WordPress/3.3.1; http://yuvi.in/blog"
66.135.57.47 - - [22/Mar/2012:12:39:05 -0700] "GET /blog/devlog-december-23-2011/ HTTP/1.0" 200 16517 "-" "Mozilla/5.0 (Windows; U; Windows NT 5.1; rv:1.7.3) Gecko/20041001 Firefox/0.10.1"
85.17.88.169 - - [22/Mar/2012:12:39:07 -0700] "POST /blog/wp-cron.php?doing_wp_cron=1332444975 HTTP/1.0" 499 0 "-" "WordPress/3.3.1; http://yuvi.in/blog"
66.135.57.47 - - [22/Mar/2012:12:39:08 -0700] "GET /blog/devlog-december-21-2011/ HTTP/1.0" 200 17121 "-" "Mozilla/5.0 (Windows; U; Windows NT 5.1; rv:1.7.3) Gecko/20041001 Firefox/0.10.1"
85.17.88.169 - - [22/Mar/2012:12:39:10 -0700] "POST /blog/wp-cron.php?doing_wp_cron=1332444978 HTTP/1.0" 499 0 "-" "WordPress/3.3.1; http://yuvi.in/blog"
66.135.57.47 - - [22/Mar/2012:12:39:11 -0700] "GET /blog/devlog-december-11-2011/ HTTP/1.0" 200 16592 "-" "Mozilla/5.0 (Windows; U; Windows NT 5.1; rv:1.7.3) Gecko/20041001 Firefox/0.10.1"
85.17.88.169 - - [22/Mar/2012:12:39:14 -0700] "POST /blog/wp-cron.php?doing_wp_cron=1332444981 HTTP/1.0" 499 0 "-" "WordPress/3.3.1; http://yuvi.in/blog"
66.135.57.47 - - [22/Mar/2012:12:39:14 -0700] "GET /blog/devlog-december-10-2011/ HTTP/1.0" 200 16387 "-" "Mozilla/5.0 (Windows; U; Windows NT 5.1; rv:1.7.3) Gecko/20041001 Firefox/0.10.1"
85.17.88.169 - - [22/Mar/2012:12:39:17 -0700] "POST /blog/wp-cron.php?doing_wp_cron=1332444985 HTTP/1.0" 499 0 "-" "WordPress/3.3.1; http://yuvi.in/blog"
66.135.57.47 - - [22/Mar/2012:12:39:17 -0700] "GET /blog/devlog-december-7-2011/ HTTP/1.0" 200 16833 "-" "Mozilla/5.0 (Windows; U; Windows NT 5.1; rv:1.7.3) Gecko/20041001 Firefox/0.10.1"
98.172.15.254 - - [22/Mar/2012:12:39:18 -0700] "GET /favicon.ico HTTP/1.1" 404 169 "-" "Caffeinated/1.1.1 CFNetwork/520.3.2 Darwin/11.3.0 (x86_64) (MacBookPro8%2C1)"
180.76.6.37 - - [22/Mar/2012:12:39:34 -0700] "GET / HTTP/1.1" 404 211 "-" "Mozilla/5.0 (compatible; Baiduspider/2.0; +http://www.baidu.com/search/spider.html)"
98.172.15.254 - - [22/Mar/2012:12:40:21 -0700] "GET /favicon.ico HTTP/1.1" 404 169 "-" "Caffeinated/1.1.1 CFNetwork/520.3.2 Darwin/11.3.0 (x86_64) (MacBookPro8%2C1)"
208.115.111.69 - - [22/Mar/2012:12:40:45 -0700] "GET /r/1z5n HTTP/1.1" 301 257 "-" "Mozilla/5.0 (compatible; Ezooms/1.0; ezooms.bot@gmail.com)"
98.172.15.254 - - [22/Mar/2012:12:41:04 -0700] "GET /favicon.ico HTTP/1.1" 404 169 "-" "Caffeinated/1.1.1 CFNetwork/520.3.2 Darwin/11.3.0 (x86_64) (MacBookPro8%2C1)"
98.172.15.254 - - [22/Mar/2012:12:42:01 -0700] "GET / HTTP/1.1" 304 0 "-" "Caffeinated/1.1.1 CFNetwork/520.3.2 Darwin/11.3.0 (x86_64) (MacBookPro8%2C1)"
98.172.15.254 - - [22/Mar/2012:12:42:01 -0700] "GET /favicon.ico HTTP/1.1" 404 169 "-" "Caffeinated/1.1.1 CFNetwork/520.3.2 Darwin/11.3.0 (x86_64) (MacBookPro8%2C1)"
98.172.15.254 - - [22/Mar/2012:12:42:38 -0700] "GET /favicon.ico HTTP/1.1" 404 169 "-" "Caffeinated/1.1.1 CFNetwork/520.3.2 Darwin/11.3.0 (x86_64) (MacBookPro8%2C1)"
98.172.15.254 - - [22/Mar/2012:12:43:34 -0700] "GET /favicon.ico HTTP/1.1" 404 169 "-" "Caffeinated/1.1.1 CFNetwork/520.3.2 Darwin/11.3.0 (x86_64) (MacBookPro8%2C1)"
98.172.15.254 - - [22/Mar/2012:12:44:06 -0700] "GET /favicon.ico HTTP/1.1" 404 169 "-" "Caffeinated/1.1.1 CFNetwork/520.3.2 Darwin/11.3.0 (x86_64) (MacBookPro8%2C1)"
98.172.15.254 - - [22/Mar/2012:12:45:10 -0700] "GET /favicon.ico HTTP/1.1" 404 169 "-" "Caffeinated/1.1.1 CFNetwork/520.3.2 Darwin/11.3.0 (x86_64) (MacBookPro8%2C1)"
66.249.68.52 - - [22/Mar/2012:12:45:11 -0700] "GET /r/4yt HTTP/1.1" 301 255 "-" "Mozilla/5.0 (compatible; Googlebot/2.1; +http://www.google.com/bot.html)"
66.249.68.52 - - [22/Mar/2012:12:45:12 -0700] "GET /s/ta/4yt/ HTTP/1.1" 302 421 "-" "Mozilla/5.0 (compatible; Googlebot/2.1; +http://www.google.com/bot.html)"
98.172.15.254 - - [22/Mar/2012:12:45:47 -0700] "GET /favicon.ico HTTP/1.1" 404 169 "-" "Caffeinated/1.1.1 CFNetwork/520.3.2 Darwin/11.3.0 (x86_64) (MacBookPro8%2C1)"
209.85.224.90 - - [22/Mar/2012:12:46:24 -0700] "GET /stories/feed HTTP/1.1" 200 13653 "-" "FeedBurner/1.0 (http://www.FeedBurner.com)"
85.17.88.169 - - [22/Mar/2012:12:46:36 -0700] "POST /blog/wp-cron.php?doing_wp_cron=1332445424 HTTP/1.0" 499 0 "-" "WordPress/3.3.1; http://yuvi.in/blog"
85.17.88.169 - - [22/Mar/2012:12:46:36 -0700] "POST /blog/wp-cron.php?doing_wp_cron=1332445424 HTTP/1.0" 499 0 "-" "WordPress/3.3.1; http://yuvi.in/blog"
85.17.88.169 - - [22/Mar/2012:12:46:36 -0700] "POST /blog/wp-cron.php?doing_wp_cron=1332445424 HTTP/1.0" 499 0 "-" "WordPress/3.3.1; http://yuvi.in/blog"
67.202.20.209 - - [22/Mar/2012:12:46:36 -0700] "GET /blog/3-reasons-people-join-it-companies/ HTTP/1.1" 200 5065 "-" "Mozilla/5.0 (Macintosh; U; Intel Mac OS X 10.6; en-US; rv:1.9.2) Gecko/20100115 Firefox/3.6 (FlipboardProxy/0.0.5; +http://flipboard.com/browserproxy)"
50.16.82.212 - - [22/Mar/2012:12:46:36 -0700] "GET /blog/belated-samsung-galaxy-3-review/ HTTP/1.1" 200 6120 "-" "Mozilla/5.0 (Macintosh; U; Intel Mac OS X 10.6; en-US; rv:1.9.2) Gecko/20100115 Firefox/3.6 (FlipboardProxy/0.0.5; +http://flipboard.com/browserproxy)"
50.17.68.184 - - [22/Mar/2012:12:46:36 -0700] "GET /blog/infosys-tcs-or-wipro-none/ HTTP/1.1" 200 7089 "-" "Mozilla/5.0 (Macintosh; U; Intel Mac OS X 10.6; en-US; rv:1.9.2) Gecko/20100115 Firefox/3.6 (FlipboardProxy/0.0.5; +http://flipboard.com/browserproxy)"
98.172.15.254 - - [22/Mar/2012:12:46:48 -0700] "GET /favicon.ico HTTP/1.1" 404 169 "-" "Caffeinated/1.1.1 CFNetwork/520.3.2 Darwin/11.3.0 (x86_64) (MacBookPro8%2C1)"
69.171.247.6 - - [22/Mar/2012:12:46:52 -0700] "GET /r/1x7m HTTP/1.1" 301 257 "-" "facebookexternalhit/1.1 (+http://www.facebook.com/externalhit_uatext.php)"
69.171.247.6 - - [22/Mar/2012:12:46:52 -0700] "GET /s/ta/1x7m/ HTTP/1.1" 302 513 "-" "facebookexternalhit/1.1 (+http://www.facebook.com/externalhit_uatext.php)"
98.172.15.254 - - [22/Mar/2012:12:47:23 -0700] "GET / HTTP/1.1" 304 0 "-" "Caffeinated/1.1.1 CFNetwork/520.3.2 Darwin/11.3.0 (x86_64) (MacBookPro8%2C1)"
98.172.15.254 - - [22/Mar/2012:12:47:24 -0700] "GET /favicon.ico HTTP/1.1" 404 169 "-" "Caffeinated/1.1.1 CFNetwork/520.3.2 Darwin/11.3.0 (x86_64) (MacBookPro8%2C1)"
98.172.15.254 - - [22/Mar/2012:12:48:24 -0700] "GET /favicon.ico HTTP/1.1" 404 169 "-" "Caffeinated/1.1.1 CFNetwork/520.3.2 Darwin/11.3.0 (x86_64) (MacBookPro8%2C1)"
98.172.15.254 - - [22/Mar/2012:12:49:20 -0700] "GET /favicon.ico HTTP/1.1" 404 169 "-" "Caffeinated/1.1.1 CFNetwork/520.3.2 Darwin/11.3.0 (x86_64) (MacBookPro8%2C1)"
98.172.15.254 - - [22/Mar/2012:12:50:35 -0700] "GET /favicon.ico HTTP/1.1" 404 169 "-" "Caffeinated/1.1.1 CFNetwork/520.3.2 Darwin/11.3.0 (x86_64) (MacBookPro8%2C1)"
122.165.82.189 - - [22/Mar/2012:12:51:00 -0700] "-" 400 0 "-" "-"
122.165.82.189 - - [22/Mar/2012:12:51:00 -0700] "-" 400 0 "-" "-"
122.165.82.189 - - [22/Mar/2012:12:51:00 -0700] "-" 400 0 "-" "-"
122.165.82.189 - - [22/Mar/2012:12:51:00 -0700] "-" 400 0 "-" "-"
122.165.82.189 - - [22/Mar/2012:12:51:00 -0700] "-" 400 0 "-" "-"
122.165.82.189 - - [22/Mar/2012:12:51:00 -0700] "-" 400 0 "-" "-"
85.17.88.169 - - [22/Mar/2012:12:51:06 -0700] "POST /blog/wp-cron.php?doing_wp_cron=1332445694 HTTP/1.0" 499 0 "-" "WordPress/3.3.1; http://yuvi.in/blog"
71.37.100.241 - - [22/Mar/2012:12:51:06 -0700] "GET /blog/favicon.ico HTTP/1.1" 404 3016 "-" "Mozilla/5.0 (Windows NT 5.1; rv:11.0) Gecko/20100101 Firefox/11.0"
122.165.82.189 - - [22/Mar/2012:12:51:20 -0700] "-" 400 0 "-" "-"
122.165.82.189 - - [22/Mar/2012:12:51:20 -0700] "-" 400 0 "-" "-"
122.165.82.189 - - [22/Mar/2012:12:51:20 -0700] "-" 400 0 "-" "-"
122.165.82.189 - - [22/Mar/2012:12:51:20 -0700] "-" 400 0 "-" "-"
122.165.82.189 - - [22/Mar/2012:12:51:20 -0700] "-" 400 0 "-" "-"
98.172.15.254 - - [22/Mar/2012:12:51:33 -0700] "GET /favicon.ico HTTP/1.1" 404 169 "-" "Caffeinated/1.1.1 CFNetwork/520.3.2 Darwin/11.3.0 (x86_64) (MacBookPro8%2C1)"
98.172.15.254 - - [22/Mar/2012:12:52:16 -0700] "GET /favicon.ico HTTP/1.1" 404 169 "-" "Caffeinated/1.1.1 CFNetwork/520.3.2 Darwin/11.3.0 (x86_64) (MacBookPro8%2C1)"
85.17.88.169 - - [22/Mar/2012:12:53:04 -0700] "POST /blog/wp-cron.php?doing_wp_cron=1332445811 HTTP/1.0" 499 0 "-" "WordPress/3.3.1; http://yuvi.in/blog"
187.11.212.109 - - [22/Mar/2012:12:53:04 -0700] "GET /blog/ HTTP/1.1" 200 33080 "-" "Mozilla/5.0 (compatible; Googlebot/2.1; +http://www.google.com/bot.html)"
98.172.15.254 - - [22/Mar/2012:12:53:08 -0700] "GET / HTTP/1.1" 304 0 "-" "Caffeinated/1.1.1 CFNetwork/520.3.2 Darwin/11.3.0 (x86_64) (MacBookPro8%2C1)"
98.172.15.254 - - [22/Mar/2012:12:53:08 -0700] "GET /favicon.ico HTTP/1.1" 404 169 "-" "Caffeinated/1.1.1 CFNetwork/520.3.2 Darwin/11.3.0 (x86_64) (MacBookPro8%2C1)"
85.17.88.169 - - [22/Mar/2012:12:53:37 -0700] "POST /blog/wp-cron.php?doing_wp_cron=1332445845 HTTP/1.0" 499 0 "-" "WordPress/3.3.1; http://yuvi.in/blog"
209.85.224.83 - - [22/Mar/2012:12:53:37 -0700] "GET /blog/feed HTTP/1.1" 304 0 "-" "FeedBurner/1.0 (http://www.FeedBurner.com)"
98.172.15.254 - - [22/Mar/2012:12:53:59 -0700] "GET /favicon.ico HTTP/1.1" 404 169 "-" "Caffeinated/1.1.1 CFNetwork/520.3.2 Darwin/11.3.0 (x86_64) (MacBookPro8%2C1)"
98.172.15.254 - - [22/Mar/2012:12:54:58 -0700] "GET /favicon.ico HTTP/1.1" 404 169 "-" "Caffeinated/1.1.1 CFNetwork/520.3.2 Darwin/11.3.0 (x86_64) (MacBookPro8%2C1)"
98.172.15.254 - - [22/Mar/2012:12:55:33 -0700] "GET /favicon.ico HTTP/1.1" 404 169 "-" "Caffeinated/1.1.1 CFNetwork/520.3.2 Darwin/11.3.0 (x86_64) (MacBookPro8%2C1)"
98.172.15.254 - - [22/Mar/2012:12:56:31 -0700] "GET /favicon.ico HTTP/1.1" 404 169 "-" "Caffeinated/1.1.1 CFNetwork/520.3.2 Darwin/11.3.0 (x86_64) (MacBookPro8%2C1)"
98.172.15.254 - - [22/Mar/2012:12:57:14 -0700] "GET /favicon.ico HTTP/1.1" 404 169 "-" "Caffeinated/1.1.1 CFNetwork/520.3.2 Darwin/11.3.0 (x86_64) (MacBookPro8%2C1)"
98.172.15.254 - - [22/Mar/2012:12:58:14 -0700] "GET / HTTP/1.1" 304 0 "-" "Caffeinated/1.1.1 CFNetwork/520.3.2 Darwin/11.3.0 (x86_64) (MacBookPro8%2C1)"
98.172.15.254 - - [22/Mar/2012:12:58:14 -0700] "GET /favicon.ico HTTP/1.1" 404 169 "-" "Caffeinated/1.1.1 CFNetwork/520.3.2 Darwin/11.3.0 (x86_64) (MacBookPro8%2C1)"
98.172.15.254 - - [22/Mar/2012:12:58:51 -0700] "GET /favicon.ico HTTP/1.1" 404 169 "-" "Caffeinated/1.1.1 CFNetwork/520.3.2 Darwin/11.3.0 (x86_64) (MacBookPro8%2C1)"
98.172.15.254 - - [22/Mar/2012:12:59:50 -0700] "GET /favicon.ico HTTP/1.1" 404 169 "-" "Caffeinated/1.1.1 CFNetwork/520.3.2 Darwin/11.3.0 (x86_64) (MacBookPro8%2C1)"
98.172.15.254 - - [22/Mar/2012:13:00:50 -0700] "GET /favicon.ico HTTP/1.1" 404 169 "-" "Caffeinated/1.1.1 CFNetwork/520.3.2 Darwin/11.3.0 (x86_64) (MacBookPro8%2C1)"
122.164.226.75 - - [22/Mar/2012:13:01:26 -0700] "-" 400 0 "-" "-"
85.17.88.169 - - [22/Mar/2012:13:01:48 -0700] "POST /blog/wp-cron.php?doing_wp_cron=1332446335 HTTP/1.0" 499 0 "-" "WordPress/3.3.1; http://yuvi.in/blog"
220.181.108.165 - - [22/Mar/2012:13:01:49 -0700] "GET /blog/page/2/ HTTP/1.1" 200 26316 "-" "Mozilla/5.0 (compatible; Baiduspider/2.0; +http://www.baidu.com/search/spider.html)"
98.172.15.254 - - [22/Mar/2012:13:01:50 -0700] "GET /favicon.ico HTTP/1.1" 404 169 "-" "Caffeinated/1.1.1 CFNetwork/520.3.2 Darwin/11.3.0 (x86_64) (MacBookPro8%2C1)"
98.172.15.254 - - [22/Mar/2012:13:02:32 -0700] "GET /favicon.ico HTTP/1.1" 404 169 "-" "Caffeinated/1.1.1 CFNetwork/520.3.2 Darwin/11.3.0 (x86_64) (MacBookPro8%2C1)"
98.172.15.254 - - [22/Mar/2012:13:03:32 -0700] "GET / HTTP/1.1" 304 0 "-" "Caffeinated/1.1.1 CFNetwork/520.3.2 Darwin/11.3.0 (x86_64) (MacBookPro8%2C1)"
98.172.15.254 - - [22/Mar/2012:13:03:32 -0700] "GET /favicon.ico HTTP/1.1" 404 169 "-" "Caffeinated/1.1.1 CFNetwork/520.3.2 Darwin/11.3.0 (x86_64) (MacBookPro8%2C1)"
122.200.22.130 - - [22/Mar/2012:13:03:42 -0700] "GET /r/17b2 HTTP/1.1" 301 257 "http://ta.wikipedia.org/wiki/%E0%AE%AA%E0%AF%82%E0%AE%B2%E0%AE%BE%E0%AE%A9%E0%AF%8D_%E0%AE%A4%E0%AF%87%E0%AE%B5%E0%AE%BF" "Mozilla/5.0 (Windows NT 6.1; rv:11.0) Gecko/20100101 Firefox/11.0"
122.200.22.130 - - [22/Mar/2012:13:03:46 -0700] "GET /s/ta/17b2/ HTTP/1.1" 302 389 "http://ta.wikipedia.org/wiki/%E0%AE%AA%E0%AF%82%E0%AE%B2%E0%AE%BE%E0%AE%A9%E0%AF%8D_%E0%AE%A4%E0%AF%87%E0%AE%B5%E0%AE%BF" "Mozilla/5.0 (Windows NT 6.1; rv:11.0) Gecko/20100101 Firefox/11.0"
122.200.22.130 - - [22/Mar/2012:13:03:47 -0700] "GET /s/ta/17b2/ HTTP/1.1" 302 389 "http://ta.wikipedia.org/wiki/%E0%AE%AA%E0%AF%82%E0%AE%B2%E0%AE%BE%E0%AE%A9%E0%AF%8D_%E0%AE%A4%E0%AF%87%E0%AE%B5%E0%AE%BF" "Mozilla/5.0 (Windows NT 6.1; rv:11.0) Gecko/20100101 Firefox/11.0"
98.172.15.254 - - [22/Mar/2012:13:04:11 -0700] "GET /favicon.ico HTTP/1.1" 404 169 "-" "Caffeinated/1.1.1 CFNetwork/520.3.2 Darwin/11.3.0 (x86_64) (MacBookPro8%2C1)"
85.17.88.169 - - [22/Mar/2012:13:04:30 -0700] "POST /blog/wp-cron.php?doing_wp_cron=1332446497 HTTP/1.0" 499 0 "-" "WordPress/3.3.1; http://yuvi.in/blog"
208.115.113.84 - - [22/Mar/2012:13:04:30 -0700] "GET /blog/2011/06/13/ HTTP/1.1" 200 15270 "-" "Mozilla/5.0 (compatible; Ezooms/1.0; ezooms.bot@gmail.com)"
117.230.136.55 - - [22/Mar/2012:13:04:31 -0700] "GET /favicon.ico HTTP/1.1" 404 142 "-" "Reeder/1.5.5 CFNetwork/548.1.4 Darwin/11.0.0"
208.115.113.84 - - [22/Mar/2012:13:04:37 -0700] "GET /blog/cute-dress.html HTTP/1.1" 200 7342 "-" "Mozilla/5.0 (compatible; Ezooms/1.0; ezooms.bot@gmail.com)"
98.172.15.254 - - [22/Mar/2012:13:05:13 -0700] "GET /favicon.ico HTTP/1.1" 404 169 "-" "Caffeinated/1.1.1 CFNetwork/520.3.2 Darwin/11.3.0 (x86_64) (MacBookPro8%2C1)"
98.172.15.254 - - [22/Mar/2012:13:05:52 -0700] "GET /favicon.ico HTTP/1.1" 404 169 "-" "Caffeinated/1.1.1 CFNetwork/520.3.2 Darwin/11.3.0 (x86_64) (MacBookPro8%2C1)"
85.17.88.169 - - [22/Mar/2012:13:06:27 -0700] "POST /blog/wp-cron.php?doing_wp_cron=1332446614 HTTP/1.0" 499 0 "-" "WordPress/3.3.1; http://yuvi.in/blog"
180.76.5.67 - - [22/Mar/2012:13:06:27 -0700] "GET /blog/my-gsoc-2010-proposal/feed/ HTTP/1.1" 200 753 "-" "Mozilla/5.0 (compatible; Baiduspider/2.0; +http://www.baidu.com/search/spider.html)"
98.172.15.254 - - [22/Mar/2012:13:06:50 -0700] "GET /favicon.ico HTTP/1.1" 404 169 "-" "Caffeinated/1.1.1 CFNetwork/520.3.2 Darwin/11.3.0 (x86_64) (MacBookPro8%2C1)"
98.172.15.254 - - [22/Mar/2012:13:07:29 -0700] "GET /favicon.ico HTTP/1.1" 404 169 "-" "Caffeinated/1.1.1 CFNetwork/520.3.2 Darwin/11.3.0 (x86_64) (MacBookPro8%2C1)"
122.164.226.75 - - [22/Mar/2012:13:08:06 -0700] "-" 400 0 "-" "-"
98.172.15.254 - - [22/Mar/2012:13:08:29 -0700] "GET /favicon.ico HTTP/1.1" 404 169 "-" "Caffeinated/1.1.1 CFNetwork/520.3.2 Darwin/11.3.0 (x86_64) (MacBookPro8%2C1)"
85.17.88.169 - - [22/Mar/2012:13:08:34 -0700] "POST /blog/wp-cron.php?doing_wp_cron=1332446742 HTTP/1.0" 499 0 "-" "WordPress/3.3.1; http://yuvi.in/blog"
128.208.6.75 - - [22/Mar/2012:13:08:34 -0700] "GET /blog/tag/reprint/ HTTP/1.0" 200 12714 "-" "Mozilla/5.0/heritrix/3.1.0 (compatible;; http://vancouver.cs.washington.edu:8080/)"
98.172.15.254 - - [22/Mar/2012:13:09:20 -0700] "GET / HTTP/1.1" 304 0 "-" "Caffeinated/1.1.1 CFNetwork/520.3.2 Darwin/11.3.0 (x86_64) (MacBookPro8%2C1)"
98.172.15.254 - - [22/Mar/2012:13:09:20 -0700] "GET /favicon.ico HTTP/1.1" 404 169 "-" "Caffeinated/1.1.1 CFNetwork/520.3.2 Darwin/11.3.0 (x86_64) (MacBookPro8%2C1)"
85.17.88.169 - - [22/Mar/2012:13:09:23 -0700] "POST /blog/wp-cron.php?doing_wp_cron=1332446791 HTTP/1.0" 499 0 "-" "WordPress/3.3.1; http://yuvi.in/blog"
209.85.238.115 - - [22/Mar/2012:13:09:23 -0700] "GET /blog/feed/ HTTP/1.1" 304 0 "-" "Feedfetcher-Google; (+http://www.google.com/feedfetcher.html; 19 subscribers; feed-id=15064232456473204253)"
98.172.15.254 - - [22/Mar/2012:13:10:11 -0700] "GET /favicon.ico HTTP/1.1" 404 169 "-" "Caffeinated/1.1.1 CFNetwork/520.3.2 Darwin/11.3.0 (x86_64) (MacBookPro8%2C1)"
98.172.15.254 - - [22/Mar/2012:13:11:03 -0700] "GET /favicon.ico HTTP/1.1" 404 169 "-" "Caffeinated/1.1.1 CFNetwork/520.3.2 Darwin/11.3.0 (x86_64) (MacBookPro8%2C1)"
98.172.15.254 - - [22/Mar/2012:13:11:51 -0700] "GET /favicon.ico HTTP/1.1" 404 169 "-" "Caffeinated/1.1.1 CFNetwork/520.3.2 Darwin/11.3.0 (x86_64) (MacBookPro8%2C1)"
85.17.88.169 - - [22/Mar/2012:13:11:52 -0700] "POST /blog/wp-cron.php?doing_wp_cron=1332446939 HTTP/1.0" 499 0 "-" "WordPress/3.3.1; http://yuvi.in/blog"
209.85.238.115 - - [22/Mar/2012:13:11:52 -0700] "GET /blog/feed HTTP/1.1" 301 0 "-" "Feedfetcher-Google; (+http://www.google.com/feedfetcher.html; 3 subscribers; feed-id=17684830852112633560)"
85.17.88.169 - - [22/Mar/2012:13:11:54 -0700] "POST /blog/wp-cron.php?doing_wp_cron=1332446942 HTTP/1.0" 499 0 "-" "WordPress/3.3.1; http://yuvi.in/blog"
209.85.238.115 - - [22/Mar/2012:13:12:04 -0700] "GET /blog/feed/ HTTP/1.1" 304 0 "-" "Feedfetcher-Google; (+http://www.google.com/feedfetcher.html; 3 subscribers; feed-id=17684830852112633560)"
122.164.235.149 - - [22/Mar/2012:13:12:26 -0700] "-" 400 0 "-" "-"
122.164.235.149 - - [22/Mar/2012:13:12:26 -0700] "-" 400 0 "-" "-"
122.164.235.149 - - [22/Mar/2012:13:12:26 -0700] "-" 400 0 "-" "-"
122.164.235.149 - - [22/Mar/2012:13:12:26 -0700] "-" 400 0 "-" "-"
122.164.235.149 - - [22/Mar/2012:13:12:26 -0700] "-" 400 0 "-" "-"
98.172.15.254 - - [22/Mar/2012:13:12:37 -0700] "GET /favicon.ico HTTP/1.1" 404 169 "-" "Caffeinated/1.1.1 CFNetwork/520.3.2 Darwin/11.3.0 (x86_64) (MacBookPro8%2C1)"
92.98.72.128 - - [22/Mar/2012:13:12:41 -0700] "GET /r/2on HTTP/1.0" 301 255 "http://ta.wikipedia.org/wiki/%E0%AE%87%E0%AE%B2%E0%AE%9F%E0%AF%8D%E0%AE%9A%E0%AE%AE%E0%AF%8D" "Mozilla/5.0 (Windows NT 6.1; rv:12.0) Gecko/20100101 Firefox/12.0"
92.98.72.128 - - [22/Mar/2012:13:12:42 -0700] "GET /s/ta/2on/ HTTP/1.0" 302 349 "http://ta.wikipedia.org/wiki/%E0%AE%87%E0%AE%B2%E0%AE%9F%E0%AF%8D%E0%AE%9A%E0%AE%AE%E0%AF%8D" "Mozilla/5.0 (Windows NT 6.1; rv:12.0) Gecko/20100101 Firefox/12.0"
122.164.235.149 - - [22/Mar/2012:13:12:56 -0700] "-" 400 0 "-" "-"
122.164.235.149 - - [22/Mar/2012:13:12:56 -0700] "-" 400 0 "-" "-"
122.164.235.149 - - [22/Mar/2012:13:12:56 -0700] "-" 400 0 "-" "-"
122.164.235.149 - - [22/Mar/2012:13:12:56 -0700] "-" 400 0 "-" "-"
122.164.235.149 - - [22/Mar/2012:13:12:56 -0700] "-" 400 0 "-" "-"
122.164.226.75 - - [22/Mar/2012:13:13:06 -0700] "-" 400 0 "-" "-"
122.164.226.75 - - [22/Mar/2012:13:13:06 -0700] "-" 400 0 "-" "-"
122.164.226.75 - - [22/Mar/2012:13:13:06 -0700] "-" 400 0 "-" "-"
122.164.226.75 - - [22/Mar/2012:13:13:06 -0700] "-" 400 0 "-" "-"
122.164.226.75 - - [22/Mar/2012:13:13:06 -0700] "-" 400 0 "-" "-"
122.164.226.75 - - [22/Mar/2012:13:13:06 -0700] "-" 400 0 "-" "-"
98.172.15.254 - - [22/Mar/2012:13:13:20 -0700] "GET /favicon.ico HTTP/1.1" 404 169 "-" "Caffeinated/1.1.1 CFNetwork/520.3.2 Darwin/11.3.0 (x86_64) (MacBookPro8%2C1)"
208.115.111.68 - - [22/Mar/2012:13:13:49 -0700] "GET /robots.txt HTTP/1.1" 404 169 "-" "Mozilla/5.0 (compatible; Ezooms/1.0; ezooms.bot@gmail.com)"
98.172.15.254 - - [22/Mar/2012:13:14:13 -0700] "GET /favicon.ico HTTP/1.1" 404 169 "-" "Caffeinated/1.1.1 CFNetwork/520.3.2 Darwin/11.3.0 (x86_64) (MacBookPro8%2C1)"
98.172.15.254 - - [22/Mar/2012:13:14:54 -0700] "GET / HTTP/1.1" 304 0 "-" "Caffeinated/1.1.1 CFNetwork/520.3.2 Darwin/11.3.0 (x86_64) (MacBookPro8%2C1)"
98.172.15.254 - - [22/Mar/2012:13:14:54 -0700] "GET /favicon.ico HTTP/1.1" 404 169 "-" "Caffeinated/1.1.1 CFNetwork/520.3.2 Darwin/11.3.0 (x86_64) (MacBookPro8%2C1)"
98.172.15.254 - - [22/Mar/2012:13:15:50 -0700] "GET /favicon.ico HTTP/1.1" 404 169 "-" "Caffeinated/1.1.1 CFNetwork/520.3.2 Darwin/11.3.0 (x86_64) (MacBookPro8%2C1)"
213.186.127.13 - - [22/Mar/2012:13:16:13 -0700] "GET /s/ta/1z5n/ HTTP/1.1" 302 609 "-" "Mozilla/5.0 (compatible; AhrefsBot/2.0; +http://ahrefs.com/robot/)"
98.172.15.254 - - [22/Mar/2012:13:16:34 -0700] "GET /favicon.ico HTTP/1.1" 404 169 "-" "Caffeinated/1.1.1 CFNetwork/520.3.2 Darwin/11.3.0 (x86_64) (MacBookPro8%2C1)"
69.171.242.251 - - [22/Mar/2012:13:16:46 -0700] "GET /r/1x7m HTTP/1.1" 301 257 "-" "facebookexternalhit/1.1 (+http://www.facebook.com/externalhit_uatext.php)"
69.171.242.248 - - [22/Mar/2012:13:16:46 -0700] "GET /s/ta/1x7m/ HTTP/1.1" 302 513 "-" "facebookexternalhit/1.1 (+http://www.facebook.com/externalhit_uatext.php)"
77.20.158.103 - - [22/Mar/2012:13:17:19 -0700] "GET /blog/devlog-jan-2011.html HTTP/1.1" 200 10437 "-" "findlinks/2.0.2 (+http://wortschatz.uni-leipzig.de/findlinks/)"
98.172.15.254 - - [22/Mar/2012:13:17:23 -0700] "GET /favicon.ico HTTP/1.1" 404 169 "-" "Caffeinated/1.1.1 CFNetwork/520.3.2 Darwin/11.3.0 (x86_64) (MacBookPro8%2C1)"
98.172.15.254 - - [22/Mar/2012:13:18:12 -0700] "GET /favicon.ico HTTP/1.1" 404 169 "-" "Caffeinated/1.1.1 CFNetwork/520.3.2 Darwin/11.3.0 (x86_64) (MacBookPro8%2C1)"
98.172.15.254 - - [22/Mar/2012:13:18:58 -0700] "GET /favicon.ico HTTP/1.1" 404 169 "-" "Caffeinated/1.1.1 CFNetwork/520.3.2 Darwin/11.3.0 (x86_64) (MacBookPro8%2C1)"
98.172.15.254 - - [22/Mar/2012:13:19:41 -0700] "GET /favicon.ico HTTP/1.1" 404 169 "-" "Caffeinated/1.1.1 CFNetwork/520.3.2 Darwin/11.3.0 (x86_64) (MacBookPro8%2C1)"
122.164.226.75 - - [22/Mar/2012:13:20:24 -0700] "-" 400 0 "-" "-"
122.164.226.75 - - [22/Mar/2012:13:20:24 -0700] "-" 400 0 "-" "-"
122.164.226.75 - - [22/Mar/2012:13:20:24 -0700] "-" 400 0 "-" "-"
122.164.226.75 - - [22/Mar/2012:13:20:24 -0700] "-" 400 0 "-" "-"
122.164.226.75 - - [22/Mar/2012:13:20:24 -0700] "-" 400 0 "-" "-"
98.172.15.254 - - [22/Mar/2012:13:20:28 -0700] "GET / HTTP/1.1" 304 0 "-" "Caffeinated/1.1.1 CFNetwork/520.3.2 Darwin/11.3.0 (x86_64) (MacBookPro8%2C1)"
98.172.15.254 - - [22/Mar/2012:13:20:29 -0700] "GET /favicon.ico HTTP/1.1" 404 169 "-" "Caffeinated/1.1.1 CFNetwork/520.3.2 Darwin/11.3.0 (x86_64) (MacBookPro8%2C1)"
98.172.15.254 - - [22/Mar/2012:13:21:16 -0700] "GET /favicon.ico HTTP/1.1" 404 169 "-" "Caffeinated/1.1.1 CFNetwork/520.3.2 Darwin/11.3.0 (x86_64) (MacBookPro8%2C1)"
98.172.15.254 - - [22/Mar/2012:13:22:15 -0700] "GET /favicon.ico HTTP/1.1" 404 169 "-" "Caffeinated/1.1.1 CFNetwork/520.3.2 Darwin/11.3.0 (x86_64) (MacBookPro8%2C1)"
85.17.88.169 - - [22/Mar/2012:13:22:59 -0700] "POST /blog/wp-cron.php?doing_wp_cron=1332447606 HTTP/1.0" 499 0 "-" "WordPress/3.3.1; http://yuvi.in/blog"
69.171.233.7 - - [22/Mar/2012:13:22:59 -0700] "HEAD /blog/devlog-december-5-2011/ HTTP/1.1" 200 20 "-" "Mozilla/5.0 (compatible; FriendFeedBot/0.1; +Http://friendfeed.com/about/bot)"
98.172.15.254 - - [22/Mar/2012:13:23:07 -0700] "GET /favicon.ico HTTP/1.1" 404 169 "-" "Caffeinated/1.1.1 CFNetwork/520.3.2 Darwin/11.3.0 (x86_64) (MacBookPro8%2C1)"
85.17.88.169 - - [22/Mar/2012:13:23:51 -0700] "POST /blog/wp-cron.php?doing_wp_cron=1332447658 HTTP/1.0" 499 0 "-" "WordPress/3.3.1; http://yuvi.in/blog"
209.85.224.91 - - [22/Mar/2012:13:23:51 -0700] "GET /blog/feed HTTP/1.1" 304 0 "-" "FeedBurner/1.0 (http://www.FeedBurner.com)"
98.172.15.254 - - [22/Mar/2012:13:23:59 -0700] "GET /favicon.ico HTTP/1.1" 404 169 "-" "Caffeinated/1.1.1 CFNetwork/520.3.2 Darwin/11.3.0 (x86_64) (MacBookPro8%2C1)"
98.172.15.254 - - [22/Mar/2012:13:24:47 -0700] "GET /favicon.ico HTTP/1.1" 404 169 "-" "Caffeinated/1.1.1 CFNetwork/520.3.2 Darwin/11.3.0 (x86_64) (MacBookPro8%2C1)"
98.172.15.254 - - [22/Mar/2012:13:25:32 -0700] "GET / HTTP/1.1" 304 0 "-" "Caffeinated/1.1.1 CFNetwork/520.3.2 Darwin/11.3.0 (x86_64) (MacBookPro8%2C1)"
98.172.15.254 - - [22/Mar/2012:13:25:32 -0700] "GET /favicon.ico HTTP/1.1" 404 169 "-" "Caffeinated/1.1.1 CFNetwork/520.3.2 Darwin/11.3.0 (x86_64) (MacBookPro8%2C1)"
98.172.15.254 - - [22/Mar/2012:13:26:29 -0700] "GET /favicon.ico HTTP/1.1" 404 169 "-" "Caffeinated/1.1.1 CFNetwork/520.3.2 Darwin/11.3.0 (x86_64) (MacBookPro8%2C1)"
85.17.88.169 - - [22/Mar/2012:13:26:58 -0700] "POST /blog/wp-cron.php?doing_wp_cron=1332447846 HTTP/1.0" 499 0 "-" "WordPress/3.3.1; http://yuvi.in/blog"
207.46.195.239 - - [22/Mar/2012:13:26:59 -0700] "GET /blog/tag/india/ HTTP/1.1" 200 9221 "-" "Mozilla/5.0 (compatible; bingbot/2.0; +http://www.bing.com/bingbot.htm)"
98.172.15.254 - - [22/Mar/2012:13:27:14 -0700] "GET /favicon.ico HTTP/1.1" 404 169 "-" "Caffeinated/1.1.1 CFNetwork/520.3.2 Darwin/11.3.0 (x86_64) (MacBookPro8%2C1)"
98.172.15.254 - - [22/Mar/2012:13:28:13 -0700] "GET /favicon.ico HTTP/1.1" 404 169 "-" "Caffeinated/1.1.1 CFNetwork/520.3.2 Darwin/11.3.0 (x86_64) (MacBookPro8%2C1)"
98.172.15.254 - - [22/Mar/2012:13:29:02 -0700] "GET /favicon.ico HTTP/1.1" 404 169 "-" "Caffeinated/1.1.1 CFNetwork/520.3.2 Darwin/11.3.0 (x86_64) (MacBookPro8%2C1)"
207.46.204.171 - - [22/Mar/2012:13:29:16 -0700] "-" 400 0 "-" "-"
207.46.204.171 - - [22/Mar/2012:13:29:17 -0700] "-" 400 0 "-" "-"
207.46.204.171 - - [22/Mar/2012:13:29:17 -0700] "-" 400 0 "-" "-"
207.46.204.171 - - [22/Mar/2012:13:29:17 -0700] "-" 400 0 "-" "-"
207.46.204.171 - - [22/Mar/2012:13:29:17 -0700] "-" 400 0 "-" "-"
207.46.204.171 - - [22/Mar/2012:13:29:17 -0700] "-" 400 0 "-" "-"
207.46.204.171 - - [22/Mar/2012:13:29:17 -0700] "-" 400 0 "-" "-"
207.46.204.171 - - [22/Mar/2012:13:29:17 -0700] "-" 400 0 "-" "-"
207.46.204.171 - - [22/Mar/2012:13:29:17 -0700] "-" 400 0 "-" "-"
98.172.15.254 - - [22/Mar/2012:13:29:58 -0700] "GET /favicon.ico HTTP/1.1" 404 169 "-" "Caffeinated/1.1.1 CFNetwork/520.3.2 Darwin/11.3.0 (x86_64) (MacBookPro8%2C1)"
98.172.15.254 - - [22/Mar/2012:13:30:34 -0700] "GET / HTTP/1.1" 304 0 "-" "Caffeinated/1.1.1 CFNetwork/520.3.2 Darwin/11.3.0 (x86_64) (MacBookPro8%2C1)"
98.172.15.254 - - [22/Mar/2012:13:30:34 -0700] "GET /favicon.ico HTTP/1.1" 404 169 "-" "Caffeinated/1.1.1 CFNetwork/520.3.2 Darwin/11.3.0 (x86_64) (MacBookPro8%2C1)"
