180.76.5.190 - - [20/Mar/2012:10:13:49 -0700] "GET /blog/tag/reprint/feed/ HTTP/1.1" 200 31945 "-" "Mozilla/5.0 (compatible; Baiduspider/2.0; +http://www.baidu.com/search/spider.html)"
85.17.88.169 - - [20/Mar/2012:10:14:54 -0700] "POST /blog/wp-cron.php?doing_wp_cron=1332263538 HTTP/1.0" 499 0 "-" "WordPress/3.3.1; http://yuvi.in/blog"
209.85.224.88 - - [20/Mar/2012:10:14:54 -0700] "GET /blog/feed HTTP/1.1" 304 0 "-" "FeedBurner/1.0 (http://www.FeedBurner.com)"
117.231.80.170 - - [20/Mar/2012:10:16:29 -0700] "GET /r/0 HTTP/1.1" 301 251 "http://ta.wikipedia.org/wiki/%E0%AE%AA%E0%AE%9F%E0%AE%BF%E0%AE%AE%E0%AE%AE%E0%AF%8D:%E0%AE%AA%E0%AE%A9%E0%AE%BF%E0%AE%AF%E0%AE%BE%E0%AE%B0%E0%AE%AE%E0%AF%8D_%E0%AE%9A%E0%AF%81%E0%AE%9F%E0%AF%81%E0%AE%AE%E0%AF%8D_%E0%AE%AA%E0%AE%BE%E0%AE%9F%E0%AF%8D%E0%AE%9F%E0%AE%BF.jpg" "Mozilla/5.0 (iPad; CPU OS 5_0_1 like Mac OS X) AppleWebKit/534.46 (KHTML, like Gecko) Version/5.1 Mobile/9A405 Safari/7534.48.3"
117.231.80.170 - - [20/Mar/2012:10:16:32 -0700] "GET /s/ta/0/ HTTP/1.1" 502 173 "http://ta.wikipedia.org/wiki/%E0%AE%AA%E0%AE%9F%E0%AE%BF%E0%AE%AE%E0%AE%AE%E0%AF%8D:%E0%AE%AA%E0%AE%A9%E0%AE%BF%E0%AE%AF%E0%AE%BE%E0%AE%B0%E0%AE%AE%E0%AF%8D_%E0%AE%9A%E0%AF%81%E0%AE%9F%E0%AF%81%E0%AE%AE%E0%AF%8D_%E0%AE%AA%E0%AE%BE%E0%AE%9F%E0%AF%8D%E0%AE%9F%E0%AE%BF.jpg" "Mozilla/5.0 (iPad; CPU OS 5_0_1 like Mac OS X) AppleWebKit/534.46 (KHTML, like Gecko) Version/5.1 Mobile/9A405 Safari/7534.48.3"
117.231.80.170 - - [20/Mar/2012:10:16:35 -0700] "GET /s/ta/0/ HTTP/1.1" 502 173 "http://ta.wikipedia.org/wiki/%E0%AE%AA%E0%AE%9F%E0%AE%BF%E0%AE%AE%E0%AE%AE%E0%AF%8D:%E0%AE%AA%E0%AE%A9%E0%AE%BF%E0%AE%AF%E0%AE%BE%E0%AE%B0%E0%AE%AE%E0%AF%8D_%E0%AE%9A%E0%AF%81%E0%AE%9F%E0%AF%81%E0%AE%AE%E0%AF%8D_%E0%AE%AA%E0%AE%BE%E0%AE%9F%E0%AF%8D%E0%AE%9F%E0%AE%BF.jpg" "Mozilla/5.0 (iPad; CPU OS 5_0_1 like Mac OS X) AppleWebKit/534.46 (KHTML, like Gecko) Version/5.1 Mobile/9A405 Safari/7534.48.3"
117.193.241.159 - - [20/Mar/2012:10:17:31 -0700] "-" 400 0 "-" "-"
117.193.241.159 - - [20/Mar/2012:10:17:35 -0700] "-" 400 0 "-" "-"
117.193.241.159 - - [20/Mar/2012:10:17:35 -0700] "-" 400 0 "-" "-"
117.193.241.159 - - [20/Mar/2012:10:17:35 -0700] "-" 400 0 "-" "-"
66.249.67.123 - - [20/Mar/2012:10:17:41 -0700] "GET /where.html HTTP/1.1" 200 96 "-" "Mozilla/5.0 (compatible; Googlebot/2.1; +http://www.google.com/bot.html)"
117.193.241.159 - - [20/Mar/2012:10:17:46 -0700] "-" 400 0 "-" "-"
117.193.241.159 - - [20/Mar/2012:10:17:46 -0700] "-" 400 0 "-" "-"
117.193.241.159 - - [20/Mar/2012:10:17:57 -0700] "-" 400 0 "-" "-"
157.55.112.205 - - [20/Mar/2012:10:18:35 -0700] "-" 400 0 "-" "-"
122.174.47.65 - - [20/Mar/2012:10:18:37 -0700] "-" 400 0 "-" "-"
157.55.112.205 - - [20/Mar/2012:10:18:38 -0700] "-" 400 0 "-" "-"
157.55.112.205 - - [20/Mar/2012:10:18:38 -0700] "-" 400 0 "-" "-"
157.55.112.205 - - [20/Mar/2012:10:18:38 -0700] "-" 400 0 "-" "-"
157.55.112.205 - - [20/Mar/2012:10:18:39 -0700] "-" 400 0 "-" "-"
157.55.112.205 - - [20/Mar/2012:10:18:39 -0700] "-" 400 0 "-" "-"
157.55.112.205 - - [20/Mar/2012:10:18:40 -0700] "-" 400 0 "-" "-"
157.55.112.205 - - [20/Mar/2012:10:18:40 -0700] "-" 400 0 "-" "-"
157.55.112.205 - - [20/Mar/2012:10:18:40 -0700] "-" 400 0 "-" "-"
157.55.112.205 - - [20/Mar/2012:10:18:40 -0700] "-" 400 0 "-" "-"
122.174.47.65 - - [20/Mar/2012:10:19:17 -0700] "-" 400 0 "-" "-"
122.174.47.65 - - [20/Mar/2012:10:20:37 -0700] "-" 400 0 "-" "-"
122.174.47.65 - - [20/Mar/2012:10:20:37 -0700] "-" 400 0 "-" "-"
122.174.47.65 - - [20/Mar/2012:10:20:37 -0700] "-" 400 0 "-" "-"
122.174.47.65 - - [20/Mar/2012:10:20:37 -0700] "-" 400 0 "-" "-"
141.0.10.205 - - [20/Mar/2012:10:20:38 -0700] "-" 400 0 "-" "-"
89.185.228.8 - - [20/Mar/2012:10:21:12 -0700] "-" 400 0 "-" "-"
66.249.68.106 - - [20/Mar/2012:10:21:52 -0700] "GET /admin/routes/route/3032/ HTTP/1.1" 404 142 "-" "Mozilla/5.0 (compatible; Googlebot/2.1; +http://www.google.com/bot.html)"
207.46.204.189 - - [20/Mar/2012:10:22:34 -0700] "GET /robots.txt HTTP/1.1" 404 169 "-" "Mozilla/5.0 (compatible; bingbot/2.0; +http://www.bing.com/bingbot.htm)"
209.85.144.90 - - [20/Mar/2012:10:23:10 -0700] "GET /stories/feed HTTP/1.1" 200 13653 "-" "FeedBurner/1.0 (http://www.FeedBurner.com)"
128.208.6.75 - - [20/Mar/2012:10:23:18 -0700] "GET /robots.txt HTTP/1.0" 404 169 "-" "Mozilla/5.0/heritrix/3.1.0 (compatible;; http://vancouver.cs.washington.edu:8080/)"
85.17.88.169 - - [20/Mar/2012:10:23:20 -0700] "POST /blog/wp-cron.php?doing_wp_cron=1332264045 HTTP/1.0" 499 0 "-" "WordPress/3.3.1; http://yuvi.in/blog"
128.208.6.75 - - [20/Mar/2012:10:23:21 -0700] "GET /blog/devlog-december-26-2011/ HTTP/1.0" 200 4355 "-" "Mozilla/5.0/heritrix/3.1.0 (compatible;; http://vancouver.cs.washington.edu:8080/)"
207.46.204.189 - - [20/Mar/2012:10:23:31 -0700] "GET /r/eam HTTP/1.1" 404 142 "-" "Mozilla/5.0 (compatible; bingbot/2.0; +http://www.bing.com/bingbot.htm)"
69.171.229.247 - - [20/Mar/2012:10:24:20 -0700] "GET /r/1grd HTTP/1.1" 301 257 "-" "facebookexternalhit/1.1 (+http://www.facebook.com/externalhit_uatext.php)"
69.171.229.248 - - [20/Mar/2012:10:24:20 -0700] "GET /s/ta/1grd/ HTTP/1.1" 302 449 "-" "facebookexternalhit/1.1 (+http://www.facebook.com/externalhit_uatext.php)"
69.171.234.2 - - [20/Mar/2012:10:25:57 -0700] "GET /r/3g7 HTTP/1.1" 301 255 "-" "facebookexternalhit/1.1 (+http://www.facebook.com/externalhit_uatext.php)"
69.171.234.7 - - [20/Mar/2012:10:25:57 -0700] "GET /s/ta/3g7/ HTTP/1.1" 302 465 "-" "facebookexternalhit/1.1 (+http://www.facebook.com/externalhit_uatext.php)"
2.49.94.110 - - [20/Mar/2012:10:26:02 -0700] "GET /r/18bu HTTP/1.1" 301 257 "http://ta.wikipedia.org/wiki/%E0%AE%B5%E0%AF%87._%E0%AE%86%E0%AE%A9%E0%AF%88%E0%AE%AE%E0%AF%81%E0%AE%A4%E0%AF%8D%E0%AE%A4%E0%AF%81" "Mozilla/5.0 (Windows NT 6.1; WOW64) AppleWebKit/535.11 (KHTML, like Gecko) Chrome/17.0.963.79 Safari/535.11"
2.49.94.110 - - [20/Mar/2012:10:26:03 -0700] "GET /s/ta/18bu/ HTTP/1.1" 302 403 "http://ta.wikipedia.org/wiki/%E0%AE%B5%E0%AF%87._%E0%AE%86%E0%AE%A9%E0%AF%88%E0%AE%AE%E0%AF%81%E0%AE%A4%E0%AF%8D%E0%AE%A4%E0%AF%81" "Mozilla/5.0 (Windows NT 6.1; WOW64) AppleWebKit/535.11 (KHTML, like Gecko) Chrome/17.0.963.79 Safari/535.11"
69.171.229.248 - - [20/Mar/2012:10:27:03 -0700] "GET /r/3lp HTTP/1.1" 301 255 "-" "facebookexternalhit/1.1 (+http://www.facebook.com/externalhit_uatext.php)"
69.171.229.250 - - [20/Mar/2012:10:27:03 -0700] "GET /s/ta/3lp/ HTTP/1.1" 302 361 "-" "facebookexternalhit/1.1 (+http://www.facebook.com/externalhit_uatext.php)"
69.171.234.6 - - [20/Mar/2012:10:29:20 -0700] "GET /r/3g7 HTTP/1.1" 301 255 "-" "facebookexternalhit/1.1 (+http://www.facebook.com/externalhit_uatext.php)"
69.171.234.5 - - [20/Mar/2012:10:29:20 -0700] "GET /s/ta/3g7/ HTTP/1.1" 302 465 "-" "facebookexternalhit/1.1 (+http://www.facebook.com/externalhit_uatext.php)"
59.92.18.92 - - [20/Mar/2012:10:31:03 -0700] "-" 400 0 "-" "-"
122.164.16.194 - - [20/Mar/2012:10:31:54 -0700] "GET /r/lvj HTTP/1.1" 301 255 "http://ta.wikipedia.org/wiki/%E0%AE%A4%E0%AE%BF%E0%AE%B0%E0%AF%81%E0%AE%B5%E0%AE%BF%E0%AE%B3%E0%AF%88%E0%AE%AF%E0%AE%BE%E0%AE%9F%E0%AE%B2%E0%AF%8D_(%E0%AE%A4%E0%AE%BF%E0%AE%B0%E0%AF%88%E0%AE%AA%E0%AF%8D%E0%AE%AA%E0%AE%9F%E0%AE%AE%E0%AF%8D)" "Mozilla/5.0 (Windows NT 6.1; rv:10.0) Gecko/20100101 Firefox/10.0"
122.164.16.194 - - [20/Mar/2012:10:31:55 -0700] "GET /s/ta/lvj/ HTTP/1.1" 302 553 "http://ta.wikipedia.org/wiki/%E0%AE%A4%E0%AE%BF%E0%AE%B0%E0%AF%81%E0%AE%B5%E0%AE%BF%E0%AE%B3%E0%AF%88%E0%AE%AF%E0%AE%BE%E0%AE%9F%E0%AE%B2%E0%AF%8D_(%E0%AE%A4%E0%AE%BF%E0%AE%B0%E0%AF%88%E0%AE%AA%E0%AF%8D%E0%AE%AA%E0%AE%9F%E0%AE%AE%E0%AF%8D)" "Mozilla/5.0 (Windows NT 6.1; rv:10.0) Gecko/20100101 Firefox/10.0"
122.164.16.194 - - [20/Mar/2012:10:32:00 -0700] "-" 400 0 "-" "-"
59.92.18.92 - - [20/Mar/2012:10:32:13 -0700] "-" 400 0 "-" "-"
59.92.18.92 - - [20/Mar/2012:10:32:13 -0700] "-" 400 0 "-" "-"
122.178.18.173 - - [20/Mar/2012:10:32:38 -0700] "GET /r/18bu HTTP/1.1" 301 257 "http://t.co/5OQU9M1" "Mozilla/5.0 (Windows NT 6.1; rv:10.0.2) Gecko/20100101 Firefox/10.0.2"
122.178.18.173 - - [20/Mar/2012:10:32:39 -0700] "GET /s/ta/18bu/ HTTP/1.1" 302 403 "http://t.co/5OQU9M1" "Mozilla/5.0 (Windows NT 6.1; rv:10.0.2) Gecko/20100101 Firefox/10.0.2"
122.174.51.98 - - [20/Mar/2012:10:33:10 -0700] "-" 400 0 "-" "-"
207.46.204.210 - - [20/Mar/2012:10:34:08 -0700] "-" 400 0 "-" "-"
207.46.204.210 - - [20/Mar/2012:10:34:10 -0700] "-" 400 0 "-" "-"
207.46.204.210 - - [20/Mar/2012:10:34:10 -0700] "-" 400 0 "-" "-"
207.46.204.210 - - [20/Mar/2012:10:34:11 -0700] "-" 400 0 "-" "-"
207.46.204.210 - - [20/Mar/2012:10:34:11 -0700] "-" 400 0 "-" "-"
207.46.204.210 - - [20/Mar/2012:10:34:12 -0700] "-" 400 0 "-" "-"
207.46.204.210 - - [20/Mar/2012:10:34:13 -0700] "-" 400 0 "-" "-"
207.46.204.210 - - [20/Mar/2012:10:34:13 -0700] "-" 400 0 "-" "-"
207.46.204.210 - - [20/Mar/2012:10:34:13 -0700] "-" 400 0 "-" "-"
207.46.204.210 - - [20/Mar/2012:10:34:53 -0700] "-" 400 0 "-" "-"
207.46.204.210 - - [20/Mar/2012:10:34:53 -0700] "-" 400 0 "-" "-"
66.220.149.245 - - [20/Mar/2012:10:35:19 -0700] "GET /r/7gb HTTP/1.1" 301 255 "-" "facebookexternalhit/1.1 (+http://www.facebook.com/externalhit_uatext.php)"
66.220.149.247 - - [20/Mar/2012:10:35:19 -0700] "GET /s/ta/7gb/ HTTP/1.1" 302 497 "-" "facebookexternalhit/1.1 (+http://www.facebook.com/externalhit_uatext.php)"
69.63.189.250 - - [20/Mar/2012:10:35:23 -0700] "GET /r/1x7m HTTP/1.1" 301 257 "-" "facebookexternalhit/1.1 (+http://www.facebook.com/externalhit_uatext.php)"
69.63.189.250 - - [20/Mar/2012:10:35:23 -0700] "GET /s/ta/1x7m/ HTTP/1.1" 302 513 "-" "facebookexternalhit/1.1 (+http://www.facebook.com/externalhit_uatext.php)"
69.171.229.245 - - [20/Mar/2012:10:36:22 -0700] "GET /r/jty HTTP/1.1" 301 255 "-" "facebookexternalhit/1.1 (+http://www.facebook.com/externalhit_uatext.php)"
69.171.229.244 - - [20/Mar/2012:10:36:22 -0700] "GET /s/ta/jty/ HTTP/1.1" 302 509 "-" "facebookexternalhit/1.1 (+http://www.facebook.com/externalhit_uatext.php)"
69.171.228.251 - - [20/Mar/2012:10:36:39 -0700] "GET /r/1x7m HTTP/1.1" 301 257 "-" "facebookexternalhit/1.1 (+http://www.facebook.com/externalhit_uatext.php)"
69.171.228.247 - - [20/Mar/2012:10:36:39 -0700] "GET /s/ta/1x7m/ HTTP/1.1" 302 513 "-" "facebookexternalhit/1.1 (+http://www.facebook.com/externalhit_uatext.php)"
85.17.88.169 - - [20/Mar/2012:10:36:42 -0700] "POST /blog/wp-cron.php?doing_wp_cron=1332264846 HTTP/1.0" 499 0 "-" "WordPress/3.3.1; http://yuvi.in/blog"
180.76.6.232 - - [20/Mar/2012:10:36:43 -0700] "GET /blog/2010/03/ HTTP/1.1" 200 7208 "-" "Mozilla/5.0 (compatible; Baiduspider/2.0; +http://www.baidu.com/search/spider.html)"
85.17.88.169 - - [20/Mar/2012:10:38:42 -0700] "POST /blog/wp-cron.php?doing_wp_cron=1332264967 HTTP/1.0" 499 0 "-" "WordPress/3.3.1; http://yuvi.in/blog"
213.186.127.13 - - [20/Mar/2012:10:38:43 -0700] "GET /blog/tag/photo/ HTTP/1.1" 200 4693 "-" "Mozilla/5.0 (compatible; AhrefsBot/2.0; +http://ahrefs.com/robot/)"
69.171.234.0 - - [20/Mar/2012:10:41:51 -0700] "GET /r/39d HTTP/1.1" 301 255 "-" "facebookexternalhit/1.1 (+http://www.facebook.com/externalhit_uatext.php)"
69.171.234.3 - - [20/Mar/2012:10:41:51 -0700] "GET /s/ta/39d/ HTTP/1.1" 302 325 "-" "facebookexternalhit/1.1 (+http://www.facebook.com/externalhit_uatext.php)"
85.17.88.169 - - [20/Mar/2012:10:43:21 -0700] "POST /blog/wp-cron.php?doing_wp_cron=1332265245 HTTP/1.0" 499 0 "-" "WordPress/3.3.1; http://yuvi.in/blog"
77.95.18.231 - - [20/Mar/2012:10:43:21 -0700] "POST /blog/wp-login.php HTTP/1.1" 200 3473 "-" "Mozilla/4.0 (compatible; MSIE 6.0; Windows NT 5.1)"
85.17.88.169 - - [20/Mar/2012:10:45:17 -0700] "POST /blog/wp-cron.php?doing_wp_cron=1332265361 HTTP/1.0" 499 0 "-" "WordPress/3.3.1; http://yuvi.in/blog"
209.85.238.115 - - [20/Mar/2012:10:45:17 -0700] "GET /blog/feed/ HTTP/1.1" 304 0 "-" "Feedfetcher-Google; (+http://www.google.com/feedfetcher.html; 19 subscribers; feed-id=15064232456473204253)"
69.171.224.250 - - [20/Mar/2012:10:45:58 -0700] "GET /r/1x7m HTTP/1.1" 301 257 "-" "facebookexternalhit/1.1 (+http://www.facebook.com/externalhit_uatext.php)"
69.171.224.247 - - [20/Mar/2012:10:45:58 -0700] "GET /s/ta/1x7m/ HTTP/1.1" 302 513 "-" "facebookexternalhit/1.1 (+http://www.facebook.com/externalhit_uatext.php)"
85.17.88.169 - - [20/Mar/2012:10:46:35 -0700] "POST /blog/wp-cron.php?doing_wp_cron=1332265439 HTTP/1.0" 499 0 "-" "WordPress/3.3.1; http://yuvi.in/blog"
209.85.238.115 - - [20/Mar/2012:10:46:36 -0700] "GET /blog/feed HTTP/1.1" 301 0 "-" "Feedfetcher-Google; (+http://www.google.com/feedfetcher.html; 3 subscribers; feed-id=17684830852112633560)"
85.17.88.169 - - [20/Mar/2012:10:46:37 -0700] "POST /blog/wp-cron.php?doing_wp_cron=1332265442 HTTP/1.0" 499 0 "-" "WordPress/3.3.1; http://yuvi.in/blog"
209.85.238.115 - - [20/Mar/2012:10:46:38 -0700] "GET /blog/feed/ HTTP/1.1" 304 0 "-" "Feedfetcher-Google; (+http://www.google.com/feedfetcher.html; 3 subscribers; feed-id=17684830852112633560)"
85.17.88.169 - - [20/Mar/2012:10:47:04 -0700] "POST /blog/wp-cron.php?doing_wp_cron=1332265469 HTTP/1.0" 499 0 "-" "WordPress/3.3.1; http://yuvi.in/blog"
209.85.224.85 - - [20/Mar/2012:10:47:05 -0700] "GET /blog/feed HTTP/1.1" 304 0 "-" "FeedBurner/1.0 (http://www.FeedBurner.com)"
59.92.19.161 - - [20/Mar/2012:10:47:18 -0700] "-" 400 0 "-" "-"
59.92.19.161 - - [20/Mar/2012:10:47:18 -0700] "-" 400 0 "-" "-"
59.92.19.161 - - [20/Mar/2012:10:47:18 -0700] "-" 400 0 "-" "-"
59.92.19.161 - - [20/Mar/2012:10:47:18 -0700] "-" 400 0 "-" "-"
122.164.214.21 - - [20/Mar/2012:10:50:02 -0700] "-" 400 0 "-" "-"
141.0.10.10 - - [20/Mar/2012:10:50:06 -0700] "-" 400 0 "-" "-"
128.208.6.75 - - [20/Mar/2012:10:50:58 -0700] "GET / HTTP/1.0" 200 3439 "-" "Mozilla/5.0/heritrix/3.1.0 (compatible;; http://vancouver.cs.washington.edu:8080/)"
66.220.149.247 - - [20/Mar/2012:10:51:16 -0700] "GET /r/1eg5 HTTP/1.1" 301 257 "-" "facebookexternalhit/1.1 (+http://www.facebook.com/externalhit_uatext.php)"
66.220.149.246 - - [20/Mar/2012:10:51:16 -0700] "GET /s/ta/1eg5/ HTTP/1.1" 302 337 "-" "facebookexternalhit/1.1 (+http://www.facebook.com/externalhit_uatext.php)"
85.17.88.169 - - [20/Mar/2012:10:52:12 -0700] "POST /blog/wp-cron.php?doing_wp_cron=1332265777 HTTP/1.0" 499 0 "-" "WordPress/3.3.1; http://yuvi.in/blog"
97.117.96.3 - - [20/Mar/2012:10:52:13 -0700] "GET /blog/favicon.ico HTTP/1.1" 404 3016 "-" "Mozilla/5.0 (Windows NT 5.1; rv:11.0) Gecko/20100101 Firefox/11.0"
14.99.97.106 - - [20/Mar/2012:10:52:20 -0700] "-" 400 0 "-" "-"
66.220.149.247 - - [20/Mar/2012:10:53:23 -0700] "GET /r/1x7m HTTP/1.1" 301 257 "-" "facebookexternalhit/1.1 (+http://www.facebook.com/externalhit_uatext.php)"
66.220.149.248 - - [20/Mar/2012:10:53:23 -0700] "GET /s/ta/1x7m/ HTTP/1.1" 302 513 "-" "facebookexternalhit/1.1 (+http://www.facebook.com/externalhit_uatext.php)"
14.99.97.106 - - [20/Mar/2012:10:54:30 -0700] "-" 400 0 "-" "-"
14.99.97.106 - - [20/Mar/2012:10:54:31 -0700] "-" 400 0 "-" "-"
208.107.186.72 - - [20/Mar/2012:10:55:23 -0700] "GET /robots.txt HTTP/1.0" 404 169 "-" "Mozilla/5.0 (compatible; MJ12bot/v1.4.2; http://www.majestic12.co.uk/bot.php?+)"
85.17.88.169 - - [20/Mar/2012:10:55:26 -0700] "POST /blog/wp-cron.php?doing_wp_cron=1332265971 HTTP/1.0" 499 0 "-" "WordPress/3.3.1; http://yuvi.in/blog"
208.107.186.72 - - [20/Mar/2012:10:55:27 -0700] "GET /blog/2009/06 HTTP/1.1" 301 0 "-" "Mozilla/5.0 (compatible; MJ12bot/v1.4.2; http://www.majestic12.co.uk/bot.php?+)"
85.17.88.169 - - [20/Mar/2012:10:55:31 -0700] "POST /blog/wp-cron.php?doing_wp_cron=1332265976 HTTP/1.0" 499 0 "-" "WordPress/3.3.1; http://yuvi.in/blog"
208.107.186.72 - - [20/Mar/2012:10:55:32 -0700] "GET /blog/2009/06/ HTTP/1.1" 200 27938 "-" "Mozilla/5.0 (compatible; MJ12bot/v1.4.2; http://www.majestic12.co.uk/bot.php?+)"
85.17.88.169 - - [20/Mar/2012:10:55:35 -0700] "POST /blog/wp-cron.php?doing_wp_cron=1332265980 HTTP/1.0" 499 0 "-" "WordPress/3.3.1; http://yuvi.in/blog"
208.107.186.72 - - [20/Mar/2012:10:55:36 -0700] "GET /blog/devlog-december-10-2011 HTTP/1.1" 301 0 "-" "Mozilla/5.0 (compatible; MJ12bot/v1.4.2; http://www.majestic12.co.uk/bot.php?+)"
85.17.88.169 - - [20/Mar/2012:10:55:39 -0700] "POST /blog/wp-cron.php?doing_wp_cron=1332265984 HTTP/1.0" 499 0 "-" "WordPress/3.3.1; http://yuvi.in/blog"
208.107.186.72 - - [20/Mar/2012:10:55:40 -0700] "GET /blog/devlog-december-10-2011/ HTTP/1.1" 200 4530 "-" "Mozilla/5.0 (compatible; MJ12bot/v1.4.2; http://www.majestic12.co.uk/bot.php?+)"
66.220.147.245 - - [20/Mar/2012:10:56:43 -0700] "GET /r/1x7m HTTP/1.1" 301 257 "-" "facebookexternalhit/1.1 (+http://www.facebook.com/externalhit_uatext.php)"
66.220.147.251 - - [20/Mar/2012:10:56:43 -0700] "GET /s/ta/1x7m/ HTTP/1.1" 302 513 "-" "facebookexternalhit/1.1 (+http://www.facebook.com/externalhit_uatext.php)"
207.46.204.162 - - [20/Mar/2012:10:56:44 -0700] "-" 400 0 "-" "-"
207.46.204.162 - - [20/Mar/2012:10:56:46 -0700] "-" 400 0 "-" "-"
207.46.204.162 - - [20/Mar/2012:10:56:46 -0700] "-" 400 0 "-" "-"
207.46.204.162 - - [20/Mar/2012:10:56:46 -0700] "-" 400 0 "-" "-"
207.46.204.162 - - [20/Mar/2012:10:56:47 -0700] "-" 400 0 "-" "-"
207.46.204.162 - - [20/Mar/2012:10:56:47 -0700] "-" 400 0 "-" "-"
207.46.204.162 - - [20/Mar/2012:10:56:47 -0700] "-" 400 0 "-" "-"
207.46.204.162 - - [20/Mar/2012:10:56:47 -0700] "-" 400 0 "-" "-"
207.46.204.162 - - [20/Mar/2012:10:56:48 -0700] "-" 400 0 "-" "-"
207.46.204.162 - - [20/Mar/2012:10:57:39 -0700] "-" 400 0 "-" "-"
207.46.204.162 - - [20/Mar/2012:10:57:39 -0700] "-" 400 0 "-" "-"
85.17.88.169 - - [20/Mar/2012:10:59:40 -0700] "POST /blog/wp-cron.php?doing_wp_cron=1332266224 HTTP/1.0" 499 0 "-" "WordPress/3.3.1; http://yuvi.in/blog"
180.76.5.63 - - [20/Mar/2012:10:59:41 -0700] "GET /blog/tag/education/feed/ HTTP/1.1" 200 18426 "-" "Mozilla/5.0 (compatible; Baiduspider/2.0; +http://www.baidu.com/search/spider.html)"
184.82.46.177 - - [20/Mar/2012:10:59:43 -0700] "GET /feed/ HTTP/1.1" 404 169 "-" "Xenu Link Sleuth/1.3.8"
85.17.88.169 - - [20/Mar/2012:11:00:28 -0700] "POST /blog/wp-cron.php?doing_wp_cron=1332266272 HTTP/1.0" 499 0 "-" "WordPress/3.3.1; http://yuvi.in/blog"
208.115.113.84 - - [20/Mar/2012:11:00:28 -0700] "GET /blog/optimizing-life/ HTTP/1.1" 200 17382 "-" "Mozilla/5.0 (compatible; Ezooms/1.0; ezooms.bot@gmail.com)"
85.17.88.169 - - [20/Mar/2012:11:00:34 -0700] "POST /blog/wp-cron.php?doing_wp_cron=1332266278 HTTP/1.0" 499 0 "-" "WordPress/3.3.1; http://yuvi.in/blog"
208.115.113.84 - - [20/Mar/2012:11:00:34 -0700] "GET /blog/2011/02/01/ HTTP/1.1" 200 19856 "-" "Mozilla/5.0 (compatible; Ezooms/1.0; ezooms.bot@gmail.com)"
85.17.88.169 - - [20/Mar/2012:11:00:43 -0700] "POST /blog/wp-cron.php?doing_wp_cron=1332266287 HTTP/1.0" 499 0 "-" "WordPress/3.3.1; http://yuvi.in/blog"
208.115.113.84 - - [20/Mar/2012:11:00:43 -0700] "GET /blog/about/feed/ HTTP/1.1" 200 1111 "-" "Mozilla/5.0 (compatible; Ezooms/1.0; ezooms.bot@gmail.com)"
85.17.88.169 - - [20/Mar/2012:11:00:48 -0700] "POST /blog/wp-cron.php?doing_wp_cron=1332266293 HTTP/1.0" 499 0 "-" "WordPress/3.3.1; http://yuvi.in/blog"
208.115.113.84 - - [20/Mar/2012:11:00:49 -0700] "GET /blog/how-i-spent-the-day-today/trackback/ HTTP/1.1" 302 0 "-" "Mozilla/5.0 (compatible; Ezooms/1.0; ezooms.bot@gmail.com)"
69.171.224.245 - - [20/Mar/2012:11:02:04 -0700] "GET /r/vpm HTTP/1.1" 301 255 "-" "facebookexternalhit/1.1 (+http://www.facebook.com/externalhit_uatext.php)"
69.171.224.250 - - [20/Mar/2012:11:02:04 -0700] "GET /s/ta/vpm/ HTTP/1.1" 302 637 "-" "facebookexternalhit/1.1 (+http://www.facebook.com/externalhit_uatext.php)"
74.125.126.85 - - [20/Mar/2012:11:06:04 -0700] "GET /favicon.ico HTTP/1.1" 404 142 "-" "-"
85.17.88.169 - - [20/Mar/2012:11:07:26 -0700] "POST /blog/wp-cron.php?doing_wp_cron=1332266691 HTTP/1.0" 499 0 "-" "WordPress/3.3.1; http://yuvi.in/blog"
201.58.107.239 - - [20/Mar/2012:11:07:27 -0700] "GET /blog/tag/code/ HTTP/1.1" 200 29776 "-" "Mozilla/5.0 (compatible; Googlebot/2.1; +http://www.google.com/bot.html)"
66.249.68.106 - - [20/Mar/2012:11:07:32 -0700] "GET /admin/routes/route/3124/ HTTP/1.1" 404 142 "-" "Mozilla/5.0 (compatible; Googlebot/2.1; +http://www.google.com/bot.html)"
203.82.87.82 - - [20/Mar/2012:11:07:35 -0700] "GET /r/28iy HTTP/1.1" 301 257 "http://ta.wikipedia.org/wiki/%E0%AE%87%E0%AE%B2%E0%AE%99%E0%AF%8D%E0%AE%95%E0%AF%88%E0%AE%95%E0%AF%8D%E0%AE%95%E0%AE%BE%E0%AE%A9_%E0%AE%90.%E0%AE%A8%E0%AE%BE._%E0%AE%A8%E0%AE%BF%E0%AE%AA%E0%AF%81%E0%AE%A3%E0%AE%B0%E0%AF%8D_%E0%AE%95%E0%AF%81%E0%AE%B4%E0%AF%81_%E0%AE%85%E0%AE%B1%E0%AE%BF%E0%AE%95%E0%AF%8D%E0%AE%95%E0%AF%88" "Mozilla/5.0 (Windows NT 5.1; rv:11.0) Gecko/20100101 Firefox/11.0"
203.82.87.82 - - [20/Mar/2012:11:07:36 -0700] "GET /s/ta/28iy/ HTTP/1.1" 302 669 "http://ta.wikipedia.org/wiki/%E0%AE%87%E0%AE%B2%E0%AE%99%E0%AF%8D%E0%AE%95%E0%AF%88%E0%AE%95%E0%AF%8D%E0%AE%95%E0%AE%BE%E0%AE%A9_%E0%AE%90.%E0%AE%A8%E0%AE%BE._%E0%AE%A8%E0%AE%BF%E0%AE%AA%E0%AF%81%E0%AE%A3%E0%AE%B0%E0%AF%8D_%E0%AE%95%E0%AF%81%E0%AE%B4%E0%AF%81_%E0%AE%85%E0%AE%B1%E0%AE%BF%E0%AE%95%E0%AF%8D%E0%AE%95%E0%AF%88" "Mozilla/5.0 (Windows NT 5.1; rv:11.0) Gecko/20100101 Firefox/11.0"
203.82.87.82 - - [20/Mar/2012:11:07:40 -0700] "-" 400 0 "-" "-"
69.63.189.251 - - [20/Mar/2012:11:08:46 -0700] "GET /r/2nh7 HTTP/1.1" 301 257 "-" "facebookexternalhit/1.1 (+http://www.facebook.com/externalhit_uatext.php)"
69.63.189.245 - - [20/Mar/2012:11:08:46 -0700] "GET /s/ta/2nh7/ HTTP/1.1" 302 421 "-" "facebookexternalhit/1.1 (+http://www.facebook.com/externalhit_uatext.php)"
89.231.57.133 - - [20/Mar/2012:11:08:58 -0700] "GET /r/2nh7 HTTP/1.1" 301 257 "http://www.facebook.com/" "Mozilla/5.0 (compatible; MSIE 9.0; Windows NT 6.1; Trident/5.0)"
89.231.57.133 - - [20/Mar/2012:11:08:58 -0700] "GET /s/ta/2nh7/ HTTP/1.1" 302 421 "http://www.facebook.com/" "Mozilla/5.0 (compatible; MSIE 9.0; Windows NT 6.1; Trident/5.0)"
59.92.96.164 - - [20/Mar/2012:11:10:16 -0700] "GET /r/6cq HTTP/1.1" 301 255 "http://ta.wikipedia.org/wiki/%E0%AE%A4%E0%AE%B0%E0%AE%B5%E0%AF%81_%E0%AE%87%E0%AE%A9%E0%AE%AE%E0%AF%8D" "Mozilla/5.0 (Windows NT 5.1) AppleWebKit/535.11 (KHTML, like Gecko) Chrome/17.0.963.79 Safari/535.11"
59.92.96.164 - - [20/Mar/2012:11:10:17 -0700] "GET /s/ta/6cq/ HTTP/1.1" 302 365 "http://ta.wikipedia.org/wiki/%E0%AE%A4%E0%AE%B0%E0%AE%B5%E0%AF%81_%E0%AE%87%E0%AE%A9%E0%AE%AE%E0%AF%8D" "Mozilla/5.0 (Windows NT 5.1) AppleWebKit/535.11 (KHTML, like Gecko) Chrome/17.0.963.79 Safari/535.11"
67.215.230.27 - - [20/Mar/2012:11:10:26 -0700] "GET /robots.txt HTTP/1.0" 404 169 "-" "Setooz/Nutch-1.2 (http://www.setooz.com)"
67.215.230.27 - - [20/Mar/2012:11:10:26 -0700] "GET /stories HTTP/1.0" 301 185 "-" "Setooz/Nutch-1.2 (http://www.setooz.com)"
67.215.230.26 - - [20/Mar/2012:11:10:35 -0700] "GET /robots.txt HTTP/1.0" 404 169 "-" "Setooz/Nutch-1.2 (http://www.setooz.com)"
67.215.230.26 - - [20/Mar/2012:11:10:38 -0700] "GET / HTTP/1.0" 200 3439 "-" "Setooz/Nutch-1.2 (http://www.setooz.com)"
85.17.88.169 - - [20/Mar/2012:11:10:48 -0700] "POST /blog/wp-cron.php?doing_wp_cron=1332266893 HTTP/1.0" 499 0 "-" "WordPress/3.3.1; http://yuvi.in/blog"
46.17.96.43 - - [20/Mar/2012:11:10:50 -0700] "GET /blog/ HTTP/1.0" 200 33142 "http://yuvi.in/blog/" "Mozilla/4.0 (compatible; MSIE 6.0; Windows NT 5.1)"
85.17.88.169 - - [20/Mar/2012:11:13:37 -0700] "POST /blog/wp-cron.php?doing_wp_cron=1332267061 HTTP/1.0" 499 0 "-" "WordPress/3.3.1; http://yuvi.in/blog"
207.46.204.188 - - [20/Mar/2012:11:13:38 -0700] "GET /blog/hackfest-09-expectations/ HTTP/1.1" 200 4682 "-" "Mozilla/5.0 (compatible; bingbot/2.0; +http://www.bing.com/bingbot.htm)"
189.13.233.225 - - [20/Mar/2012:11:13:51 -0700] "GET /blog/ HTTP/1.1" 200 33230 "-" "Mozilla/5.0 (compatible; Googlebot/2.1; +http://www.google.com/bot.html)"
69.171.229.246 - - [20/Mar/2012:11:17:18 -0700] "GET /r/1x7m HTTP/1.1" 301 257 "-" "facebookexternalhit/1.1 (+http://www.facebook.com/externalhit_uatext.php)"
69.171.229.244 - - [20/Mar/2012:11:17:18 -0700] "GET /s/ta/1x7m/ HTTP/1.1" 302 513 "-" "facebookexternalhit/1.1 (+http://www.facebook.com/externalhit_uatext.php)"
85.17.88.169 - - [20/Mar/2012:11:17:34 -0700] "POST /blog/wp-cron.php?doing_wp_cron=1332267299 HTTP/1.0" 499 0 "-" "WordPress/3.3.1; http://yuvi.in/blog"
69.171.234.4 - - [20/Mar/2012:11:17:35 -0700] "GET /blog/story-average-indian-techie/ HTTP/1.1" 200 14155 "-" "facebookexternalhit/1.1 (+http://www.facebook.com/externalhit_uatext.php)"
85.17.88.169 - - [20/Mar/2012:11:18:03 -0700] "POST /blog/wp-cron.php?doing_wp_cron=1332267327 HTTP/1.0" 499 0 "-" "WordPress/3.3.1; http://yuvi.in/blog"
209.85.224.95 - - [20/Mar/2012:11:18:04 -0700] "GET /blog/feed HTTP/1.1" 304 0 "-" "FeedBurner/1.0 (http://www.FeedBurner.com)"
85.17.88.169 - - [20/Mar/2012:11:19:18 -0700] "POST /blog/wp-cron.php?doing_wp_cron=1332267402 HTTP/1.0" 499 0 "-" "WordPress/3.3.1; http://yuvi.in/blog"
128.208.6.75 - - [20/Mar/2012:11:19:18 -0700] "GET /blog/tag/it/ HTTP/1.0" 200 3764 "-" "Mozilla/5.0/heritrix/3.1.0 (compatible;; http://vancouver.cs.washington.edu:8080/)"
122.174.21.8 - - [20/Mar/2012:11:19:25 -0700] "-" 400 0 "-" "-"
69.171.229.244 - - [20/Mar/2012:11:20:07 -0700] "GET /s/ta/1x7m/ HTTP/1.1" 302 513 "-" "facebookexternalhit/1.1 (+http://www.facebook.com/externalhit_uatext.php)"
69.171.229.248 - - [20/Mar/2012:11:20:07 -0700] "GET /r/1x7m HTTP/1.1" 301 257 "-" "facebookexternalhit/1.1 (+http://www.facebook.com/externalhit_uatext.php)"
85.17.88.169 - - [20/Mar/2012:11:21:46 -0700] "POST /blog/wp-cron.php?doing_wp_cron=1332267550 HTTP/1.0" 499 0 "-" "WordPress/3.3.1; http://yuvi.in/blog"
180.76.5.63 - - [20/Mar/2012:11:21:46 -0700] "GET /blog/?p=80 HTTP/1.1" 301 0 "-" "Mozilla/5.0 (compatible; Baiduspider/2.0; +http://www.baidu.com/search/spider.html)"
85.17.88.169 - - [20/Mar/2012:11:21:48 -0700] "POST /blog/wp-cron.php?doing_wp_cron=1332267552 HTTP/1.0" 499 0 "-" "WordPress/3.3.1; http://yuvi.in/blog"
180.76.5.103 - - [20/Mar/2012:11:21:49 -0700] "GET /blog/room-full-of-people-like-me/ HTTP/1.1" 200 4750 "-" "Mozilla/5.0 (compatible; Baiduspider/2.0; +http://www.baidu.com/search/spider.html)"
122.174.21.8 - - [20/Mar/2012:11:22:05 -0700] "-" 400 0 "-" "-"
122.174.21.8 - - [20/Mar/2012:11:22:05 -0700] "-" 400 0 "-" "-"
122.174.21.8 - - [20/Mar/2012:11:22:05 -0700] "-" 400 0 "-" "-"
122.174.21.8 - - [20/Mar/2012:11:22:05 -0700] "-" 400 0 "-" "-"
209.85.224.95 - - [20/Mar/2012:11:23:12 -0700] "GET /stories/feed HTTP/1.1" 200 13653 "-" "FeedBurner/1.0 (http://www.FeedBurner.com)"
183.83.17.150 - - [20/Mar/2012:11:23:25 -0700] "GET /e/Android HTTP/1.1" 301 265 "-" "Mozilla/5.0 (X11; Linux i686) AppleWebKit/535.11 (KHTML, like Gecko) Chrome/17.0.963.79 Safari/535.11"
183.83.17.150 - - [20/Mar/2012:11:23:26 -0700] "GET /en/ta/Android/ HTTP/1.1" 302 265 "-" "Mozilla/5.0 (X11; Linux i686) AppleWebKit/535.11 (KHTML, like Gecko) Chrome/17.0.963.79 Safari/535.11"
183.83.17.150 - - [20/Mar/2012:11:23:42 -0700] "-" 400 0 "-" "-"
14.139.160.10 - - [20/Mar/2012:11:26:49 -0700] "-" 400 0 "-" "-"
14.139.160.10 - - [20/Mar/2012:11:27:13 -0700] "-" 400 0 "-" "-"
14.139.160.10 - - [20/Mar/2012:11:27:14 -0700] "-" 400 0 "-" "-"
157.55.112.207 - - [20/Mar/2012:11:27:18 -0700] "-" 400 0 "-" "-"
157.55.112.207 - - [20/Mar/2012:11:27:19 -0700] "-" 400 0 "-" "-"
157.55.112.207 - - [20/Mar/2012:11:27:19 -0700] "-" 400 0 "-" "-"
157.55.112.207 - - [20/Mar/2012:11:27:19 -0700] "-" 400 0 "-" "-"
157.55.112.207 - - [20/Mar/2012:11:27:19 -0700] "-" 400 0 "-" "-"
157.55.112.207 - - [20/Mar/2012:11:27:20 -0700] "-" 400 0 "-" "-"
157.55.112.207 - - [20/Mar/2012:11:27:20 -0700] "-" 400 0 "-" "-"
157.55.112.207 - - [20/Mar/2012:11:27:20 -0700] "-" 400 0 "-" "-"
157.55.112.207 - - [20/Mar/2012:11:27:20 -0700] "-" 400 0 "-" "-"
207.46.12.73 - - [20/Mar/2012:11:27:29 -0700] "-" 400 0 "-" "-"
207.46.12.73 - - [20/Mar/2012:11:27:33 -0700] "-" 400 0 "-" "-"
207.46.12.73 - - [20/Mar/2012:11:27:33 -0700] "-" 400 0 "-" "-"
207.46.12.73 - - [20/Mar/2012:11:27:34 -0700] "-" 400 0 "-" "-"
207.46.12.73 - - [20/Mar/2012:11:27:35 -0700] "-" 400 0 "-" "-"
207.46.12.73 - - [20/Mar/2012:11:27:35 -0700] "-" 400 0 "-" "-"
207.46.12.73 - - [20/Mar/2012:11:27:35 -0700] "-" 400 0 "-" "-"
207.46.12.73 - - [20/Mar/2012:11:27:35 -0700] "-" 400 0 "-" "-"
207.46.12.73 - - [20/Mar/2012:11:27:35 -0700] "-" 400 0 "-" "-"
207.46.12.73 - - [20/Mar/2012:11:27:35 -0700] "-" 400 0 "-" "-"
157.55.112.207 - - [20/Mar/2012:11:27:48 -0700] "-" 400 0 "-" "-"
157.55.112.207 - - [20/Mar/2012:11:27:49 -0700] "-" 400 0 "-" "-"
14.96.108.27 - - [20/Mar/2012:11:28:29 -0700] "-" 400 0 "-" "-"
207.46.204.172 - - [20/Mar/2012:11:29:43 -0700] "-" 400 0 "-" "-"
207.46.204.172 - - [20/Mar/2012:11:29:45 -0700] "-" 400 0 "-" "-"
207.46.204.172 - - [20/Mar/2012:11:29:46 -0700] "-" 400 0 "-" "-"
207.46.204.172 - - [20/Mar/2012:11:29:46 -0700] "-" 400 0 "-" "-"
207.46.204.172 - - [20/Mar/2012:11:29:46 -0700] "-" 400 0 "-" "-"
207.46.204.172 - - [20/Mar/2012:11:29:46 -0700] "-" 400 0 "-" "-"
207.46.204.172 - - [20/Mar/2012:11:29:47 -0700] "-" 400 0 "-" "-"
207.46.204.172 - - [20/Mar/2012:11:29:47 -0700] "-" 400 0 "-" "-"
207.46.204.172 - - [20/Mar/2012:11:29:47 -0700] "-" 400 0 "-" "-"
85.17.88.169 - - [20/Mar/2012:11:29:54 -0700] "POST /blog/wp-cron.php?doing_wp_cron=1332268038 HTTP/1.0" 499 0 "-" "WordPress/3.3.1; http://yuvi.in/blog"
109.109.254.138 - - [20/Mar/2012:11:29:54 -0700] "GET /blog/feed/atom/ HTTP/1.1" 304 0 "-" "SocialSearcher/0.1  Mozilla/5.0"
207.46.204.172 - - [20/Mar/2012:11:30:13 -0700] "-" 400 0 "-" "-"
207.46.204.172 - - [20/Mar/2012:11:30:14 -0700] "-" 400 0 "-" "-"
14.96.108.27 - - [20/Mar/2012:11:31:51 -0700] "-" 400 0 "-" "-"
117.202.92.17 - - [20/Mar/2012:11:32:56 -0700] "-" 400 0 "-" "-"
117.202.92.17 - - [20/Mar/2012:11:32:56 -0700] "-" 400 0 "-" "-"
117.202.92.17 - - [20/Mar/2012:11:32:56 -0700] "-" 400 0 "-" "-"
117.202.92.17 - - [20/Mar/2012:11:32:56 -0700] "-" 400 0 "-" "-"
14.96.80.186 - - [20/Mar/2012:11:34:18 -0700] "GET /e/WP:VP HTTP/1.1" 301 261 "-" "Mozilla/5.0 (Macintosh; Intel Mac OS X 10_7_3) AppleWebKit/535.11 (KHTML, like Gecko) Chrome/17.0.963.79 Safari/535.11"
14.96.80.186 - - [20/Mar/2012:11:34:18 -0700] "GET /en/ta/WP:VP/ HTTP/1.1" 302 543 "-" "Mozilla/5.0 (Macintosh; Intel Mac OS X 10_7_3) AppleWebKit/535.11 (KHTML, like Gecko) Chrome/17.0.963.79 Safari/535.11"
209.85.228.83 - - [20/Mar/2012:11:34:22 -0700] "GET /blog/tag/gnome.html HTTP/1.1" 200 9344 "http://www.google.com/search" "Mozilla/5.0 (X11; Linux x86_64) AppleWebKit/534.51 (KHTML, like Gecko; Google Web Preview) Chrome/12.0.742 Safari/534.51"
74.125.17.83 - - [20/Mar/2012:11:34:23 -0700] "GET /blog/static/codehilite.css HTTP/1.1" 200 4012 "http://yuvi.in/blog/tag/gnome.html" "Mozilla/5.0 (X11; Linux x86_64) AppleWebKit/534.51 (KHTML, like Gecko; Google Web Preview) Chrome/12.0.742 Safari/534.51"
74.125.17.95 - - [20/Mar/2012:11:34:23 -0700] "GET /blog/static/style.css HTTP/1.1" 200 4753 "http://yuvi.in/blog/tag/gnome.html" "Mozilla/5.0 (X11; Linux x86_64) AppleWebKit/534.51 (KHTML, like Gecko; Google Web Preview) Chrome/12.0.742 Safari/534.51"
14.96.80.186 - - [20/Mar/2012:11:34:28 -0700] "-" 400 0 "-" "-"
66.249.68.106 - - [20/Mar/2012:11:34:42 -0700] "GET /admin/routes/route/3128/ HTTP/1.1" 404 142 "-" "Mozilla/5.0 (compatible; Googlebot/2.1; +http://www.google.com/bot.html)"
69.171.242.246 - - [20/Mar/2012:11:35:56 -0700] "GET /r/1x7m HTTP/1.1" 301 257 "-" "facebookexternalhit/1.1 (+http://www.facebook.com/externalhit_uatext.php)"
69.171.242.251 - - [20/Mar/2012:11:35:57 -0700] "GET /s/ta/1x7m/ HTTP/1.1" 302 513 "-" "facebookexternalhit/1.1 (+http://www.facebook.com/externalhit_uatext.php)"
197.252.16.140 - - [20/Mar/2012:11:36:16 -0700] "GET /r/8n1 HTTP/1.1" 301 255 "http://www.facebook.com/l.php?u=http%3A%2F%2Ftawp.in%2Fr%2F8n1&h=jAQHVpPmmAQFKeHRrQ44aBnf9ebKYus8UolnyZqeKaauU8w" "Mozilla/5.0 (Windows; U; Windows NT 6.1; en-US; rv:1.9.2.28) Gecko/20120306 Firefox/3.6.28"
197.252.16.140 - - [20/Mar/2012:11:36:17 -0700] "GET /s/ta/8n1/ HTTP/1.1" 302 377 "http://www.facebook.com/l.php?u=http%3A%2F%2Ftawp.in%2Fr%2F8n1&h=jAQHVpPmmAQFKeHRrQ44aBnf9ebKYus8UolnyZqeKaauU8w" "Mozilla/5.0 (Windows; U; Windows NT 6.1; en-US; rv:1.9.2.28) Gecko/20120306 Firefox/3.6.28"
66.249.68.106 - - [20/Mar/2012:11:36:48 -0700] "GET /admin/routes/route/3153/ HTTP/1.1" 404 142 "-" "Mozilla/5.0 (compatible; Googlebot/2.1; +http://www.google.com/bot.html)"
66.220.149.245 - - [20/Mar/2012:11:37:34 -0700] "GET /r/1x7m HTTP/1.1" 301 257 "-" "facebookexternalhit/1.1 (+http://www.facebook.com/externalhit_uatext.php)"
66.220.149.250 - - [20/Mar/2012:11:37:35 -0700] "GET /s/ta/1x7m/ HTTP/1.1" 302 513 "-" "facebookexternalhit/1.1 (+http://www.facebook.com/externalhit_uatext.php)"
200.150.84.174 - - [20/Mar/2012:11:37:36 -0700] "GET /blog/ HTTP/1.1" 200 33222 "-" "Mozilla/5.0 (compatible; Googlebot/2.1; +http://www.google.com/bot.html)"
14.96.108.27 - - [20/Mar/2012:11:38:10 -0700] "-" 400 0 "-" "-"
207.46.12.74 - - [20/Mar/2012:11:38:11 -0700] "-" 400 0 "-" "-"
207.46.12.74 - - [20/Mar/2012:11:38:13 -0700] "-" 400 0 "-" "-"
207.46.12.74 - - [20/Mar/2012:11:38:14 -0700] "-" 400 0 "-" "-"
207.46.12.74 - - [20/Mar/2012:11:38:14 -0700] "-" 400 0 "-" "-"
207.46.12.74 - - [20/Mar/2012:11:38:14 -0700] "-" 400 0 "-" "-"
207.46.12.74 - - [20/Mar/2012:11:38:14 -0700] "-" 400 0 "-" "-"
207.46.12.74 - - [20/Mar/2012:11:38:16 -0700] "-" 400 0 "-" "-"
207.46.12.74 - - [20/Mar/2012:11:38:16 -0700] "-" 400 0 "-" "-"
207.46.12.74 - - [20/Mar/2012:11:38:16 -0700] "-" 400 0 "-" "-"
207.46.12.74 - - [20/Mar/2012:11:38:16 -0700] "-" 400 0 "-" "-"
66.249.68.106 - - [20/Mar/2012:11:38:53 -0700] "GET /admin/routes/route/3160/ HTTP/1.1" 404 142 "-" "Mozilla/5.0 (compatible; Googlebot/2.1; +http://www.google.com/bot.html)"
207.46.12.73 - - [20/Mar/2012:11:38:56 -0700] "-" 400 0 "-" "-"
207.46.12.74 - - [20/Mar/2012:11:38:57 -0700] "-" 400 0 "-" "-"
207.46.12.73 - - [20/Mar/2012:11:38:58 -0700] "-" 400 0 "-" "-"
207.46.12.73 - - [20/Mar/2012:11:38:59 -0700] "-" 400 0 "-" "-"
207.46.12.73 - - [20/Mar/2012:11:38:59 -0700] "-" 400 0 "-" "-"
207.46.12.73 - - [20/Mar/2012:11:38:59 -0700] "-" 400 0 "-" "-"
207.46.12.73 - - [20/Mar/2012:11:39:00 -0700] "-" 400 0 "-" "-"
207.46.12.73 - - [20/Mar/2012:11:39:01 -0700] "-" 400 0 "-" "-"
207.46.12.73 - - [20/Mar/2012:11:39:02 -0700] "-" 400 0 "-" "-"
207.46.12.73 - - [20/Mar/2012:11:39:03 -0700] "-" 400 0 "-" "-"
207.46.12.73 - - [20/Mar/2012:11:39:03 -0700] "-" 400 0 "-" "-"
207.46.12.73 - - [20/Mar/2012:11:39:51 -0700] "-" 400 0 "-" "-"
66.220.158.251 - - [20/Mar/2012:11:39:52 -0700] "GET /r/1x7m HTTP/1.1" 301 257 "-" "facebookexternalhit/1.1 (+http://www.facebook.com/externalhit_uatext.php)"
66.220.158.248 - - [20/Mar/2012:11:39:52 -0700] "GET /s/ta/1x7m/ HTTP/1.1" 302 513 "-" "facebookexternalhit/1.1 (+http://www.facebook.com/externalhit_uatext.php)"
85.17.88.169 - - [20/Mar/2012:11:40:04 -0700] "POST /blog/wp-cron.php?doing_wp_cron=1332268648 HTTP/1.0" 499 0 "-" "WordPress/3.3.1; http://yuvi.in/blog"
101.226.33.174 - - [20/Mar/2012:11:40:04 -0700] "GET /blog/feed HTTP/1.0" 304 0 "-" "Mozilla/4.0 (compatible; Windows;)"
85.17.88.169 - - [20/Mar/2012:11:40:35 -0700] "POST /blog/wp-cron.php?doing_wp_cron=1332268679 HTTP/1.0" 499 0 "-" "WordPress/3.3.1; http://yuvi.in/blog"
209.85.238.115 - - [20/Mar/2012:11:40:36 -0700] "GET /blog/feed HTTP/1.1" 301 0 "-" "Feedfetcher-Google; (+http://www.google.com/feedfetcher.html; 3 subscribers; feed-id=17684830852112633560)"
85.17.88.169 - - [20/Mar/2012:11:40:38 -0700] "POST /blog/wp-cron.php?doing_wp_cron=1332268682 HTTP/1.0" 499 0 "-" "WordPress/3.3.1; http://yuvi.in/blog"
209.85.238.115 - - [20/Mar/2012:11:40:38 -0700] "GET /blog/feed/ HTTP/1.1" 304 0 "-" "Feedfetcher-Google; (+http://www.google.com/feedfetcher.html; 3 subscribers; feed-id=17684830852112633560)"
8.21.4.254 - - [20/Mar/2012:11:40:55 -0700] "GET /r HTTP/1.1" 404 238 "-" "Mozilla/4.0 (compatible; MSIE 7.0; Windows NT 5.1; InfoPath.1; .NET CLR 2.0.50727; .NET CLR 1.1.4322; MS-RTC LM 8; .NET CLR 3.0.4506.2152; .NET CLR 3.5.30729)"
61.245.168.22 - - [20/Mar/2012:11:40:59 -0700] "GET /r/cbw HTTP/1.1" 301 255 "http://ta.wikipedia.org/wiki/%E0%AE%87%E0%AE%A8%E0%AF%8D%E0%AE%A4%E0%AE%BF%E0%AE%AF_%E0%AE%A4%E0%AF%87%E0%AE%9A%E0%AE%BF%E0%AE%AF%E0%AE%95%E0%AF%8D_%E0%AE%95%E0%AF%8A%E0%AE%9F%E0%AE%BF" "Mozilla/5.0 (Windows NT 6.1) AppleWebKit/535.11 (KHTML, like Gecko) Chrome/17.0.963.79 Safari/535.11"
8.21.4.254 - - [20/Mar/2012:11:41:00 -0700] "GET /s/ta/cbw HTTP/1.1" 301 255 "-" "Mozilla/4.0 (compatible; MSIE 7.0; Windows NT 5.1; InfoPath.1; .NET CLR 2.0.50727; .NET CLR 1.1.4322; MS-RTC LM 8; .NET CLR 3.0.4506.2152; .NET CLR 3.5.30729)"
8.21.4.254 - - [20/Mar/2012:11:41:00 -0700] "GET /s/ta/cbw/ HTTP/1.1" 302 477 "-" "Mozilla/4.0 (compatible; MSIE 7.0; Windows NT 5.1; InfoPath.1; .NET CLR 2.0.50727; .NET CLR 1.1.4322; MS-RTC LM 8; .NET CLR 3.0.4506.2152; .NET CLR 3.5.30729)"
61.245.168.22 - - [20/Mar/2012:11:41:00 -0700] "GET /s/ta/cbw/ HTTP/1.1" 302 477 "http://ta.wikipedia.org/wiki/%E0%AE%87%E0%AE%A8%E0%AF%8D%E0%AE%A4%E0%AE%BF%E0%AE%AF_%E0%AE%A4%E0%AF%87%E0%AE%9A%E0%AE%BF%E0%AE%AF%E0%AE%95%E0%AF%8D_%E0%AE%95%E0%AF%8A%E0%AE%9F%E0%AE%BF" "Mozilla/5.0 (Windows NT 6.1) AppleWebKit/535.11 (KHTML, like Gecko) Chrome/17.0.963.79 Safari/535.11"
61.245.168.22 - - [20/Mar/2012:11:41:05 -0700] "-" 400 0 "-" "-"
117.193.34.215 - - [20/Mar/2012:11:41:39 -0700] "-" 400 0 "-" "-"
117.193.34.215 - - [20/Mar/2012:11:41:39 -0700] "-" 400 0 "-" "-"
117.193.34.215 - - [20/Mar/2012:11:41:39 -0700] "-" 400 0 "-" "-"
117.193.34.215 - - [20/Mar/2012:11:41:39 -0700] "-" 400 0 "-" "-"
117.193.34.215 - - [20/Mar/2012:11:41:39 -0700] "-" 400 0 "-" "-"
117.193.34.215 - - [20/Mar/2012:11:41:39 -0700] "-" 400 0 "-" "-"
66.249.68.106 - - [20/Mar/2012:11:43:04 -0700] "GET /admin/routes/route/3162/ HTTP/1.1" 404 142 "-" "Mozilla/5.0 (compatible; Googlebot/2.1; +http://www.google.com/bot.html)"
85.17.88.169 - - [20/Mar/2012:11:43:43 -0700] "POST /blog/wp-cron.php?doing_wp_cron=1332268868 HTTP/1.0" 499 0 "-" "WordPress/3.3.1; http://yuvi.in/blog"
180.76.5.159 - - [20/Mar/2012:11:43:44 -0700] "GET /blog/enthusiastic-teachers-and-naive-implementation-of-gauss-seidel-approximations/feed/ HTTP/1.1" 200 921 "-" "Mozilla/5.0 (compatible; Baiduspider/2.0; +http://www.baidu.com/search/spider.html)"
85.17.88.169 - - [20/Mar/2012:11:44:07 -0700] "POST /blog/wp-cron.php?doing_wp_cron=1332268891 HTTP/1.0" 499 0 "-" "WordPress/3.3.1; http://yuvi.in/blog"
209.85.238.115 - - [20/Mar/2012:11:44:07 -0700] "GET /blog/feed/ HTTP/1.1" 304 0 "-" "Feedfetcher-Google; (+http://www.google.com/feedfetcher.html; 19 subscribers; feed-id=15064232456473204253)"
66.249.68.106 - - [20/Mar/2012:11:45:09 -0700] "GET /admin/routes/route/3179/ HTTP/1.1" 404 142 "-" "Mozilla/5.0 (compatible; Googlebot/2.1; +http://www.google.com/bot.html)"
180.76.6.212 - - [20/Mar/2012:11:45:28 -0700] "GET / HTTP/1.1" 200 3439 "-" "Mozilla/5.0 (compatible; Baiduspider/2.0; +http://www.baidu.com/search/spider.html)"
208.80.194.28 - - [20/Mar/2012:11:46:10 -0700] "GET /blog/story-average-indian-techie/ HTTP/1.0" 200 54312 "-" "Mozilla/4.0 (compatible; MSIE 6.0; Windows NT 5.0; FunWebProducts; SIMBAR Enabled; .NET CLR 1.1.4322)"
117.193.34.215 - - [20/Mar/2012:11:46:19 -0700] "-" 400 0 "-" "-"
117.193.34.215 - - [20/Mar/2012:11:46:19 -0700] "-" 400 0 "-" "-"
117.193.34.215 - - [20/Mar/2012:11:46:19 -0700] "-" 400 0 "-" "-"
117.193.34.215 - - [20/Mar/2012:11:46:19 -0700] "-" 400 0 "-" "-"
117.193.34.215 - - [20/Mar/2012:11:46:19 -0700] "-" 400 0 "-" "-"
117.193.34.215 - - [20/Mar/2012:11:46:39 -0700] "-" 400 0 "-" "-"
117.193.34.215 - - [20/Mar/2012:11:46:39 -0700] "-" 400 0 "-" "-"
117.193.34.215 - - [20/Mar/2012:11:46:39 -0700] "-" 400 0 "-" "-"
117.193.34.215 - - [20/Mar/2012:11:46:39 -0700] "-" 400 0 "-" "-"
117.193.34.215 - - [20/Mar/2012:11:46:39 -0700] "-" 400 0 "-" "-"
14.96.108.27 - - [20/Mar/2012:11:47:03 -0700] "-" 400 0 "-" "-"
66.249.68.106 - - [20/Mar/2012:11:47:15 -0700] "GET /admin/routes/route/3190/ HTTP/1.1" 404 142 "-" "Mozilla/5.0 (compatible; Googlebot/2.1; +http://www.google.com/bot.html)"
65.52.109.152 - - [20/Mar/2012:11:48:32 -0700] "GET /robots.txt HTTP/1.1" 404 169 "-" "Mozilla/5.0 (compatible; bingbot/2.0; +http://www.bing.com/bingbot.htm)"
85.17.88.169 - - [20/Mar/2012:11:48:42 -0700] "POST /blog/wp-cron.php?doing_wp_cron=1332269166 HTTP/1.0" 499 0 "-" "WordPress/3.3.1; http://yuvi.in/blog"
85.17.88.169 - - [20/Mar/2012:11:48:42 -0700] "POST /blog/wp-cron.php?doing_wp_cron=1332269166 HTTP/1.0" 499 0 "-" "WordPress/3.3.1; http://yuvi.in/blog"
65.52.109.152 - - [20/Mar/2012:11:48:42 -0700] "GET /blog/devlog-december-5-2011/trackback/ HTTP/1.1" 302 0 "-" "Mozilla/5.0 (compatible; bingbot/2.0; +http://www.bing.com/bingbot.htm)"
65.52.109.152 - - [20/Mar/2012:11:48:42 -0700] "GET /blog/tag/work/ HTTP/1.1" 200 7133 "-" "Mozilla/5.0 (compatible; bingbot/2.0; +http://www.bing.com/bingbot.htm)"
157.55.112.203 - - [20/Mar/2012:11:49:07 -0700] "-" 400 0 "-" "-"
157.55.112.203 - - [20/Mar/2012:11:49:11 -0700] "-" 400 0 "-" "-"
157.55.112.203 - - [20/Mar/2012:11:49:12 -0700] "-" 400 0 "-" "-"
157.55.112.203 - - [20/Mar/2012:11:49:12 -0700] "-" 400 0 "-" "-"
157.55.112.203 - - [20/Mar/2012:11:49:12 -0700] "-" 400 0 "-" "-"
157.55.112.203 - - [20/Mar/2012:11:49:13 -0700] "-" 400 0 "-" "-"
157.55.112.203 - - [20/Mar/2012:11:49:13 -0700] "-" 400 0 "-" "-"
157.55.112.203 - - [20/Mar/2012:11:49:14 -0700] "-" 400 0 "-" "-"
157.55.112.203 - - [20/Mar/2012:11:49:14 -0700] "-" 400 0 "-" "-"
157.55.112.203 - - [20/Mar/2012:11:49:14 -0700] "-" 400 0 "-" "-"
66.249.68.106 - - [20/Mar/2012:11:49:23 -0700] "GET /admin/routes/route/3206/ HTTP/1.1" 404 142 "-" "Mozilla/5.0 (compatible; Googlebot/2.1; +http://www.google.com/bot.html)"
59.92.19.161 - - [20/Mar/2012:11:49:35 -0700] "-" 400 0 "-" "-"
59.92.19.161 - - [20/Mar/2012:11:49:35 -0700] "-" 400 0 "-" "-"
59.92.19.161 - - [20/Mar/2012:11:49:35 -0700] "-" 400 0 "-" "-"
59.92.19.161 - - [20/Mar/2012:11:49:35 -0700] "-" 400 0 "-" "-"
59.92.19.161 - - [20/Mar/2012:11:49:35 -0700] "-" 400 0 "-" "-"
157.55.112.203 - - [20/Mar/2012:11:49:46 -0700] "-" 400 0 "-" "-"
69.171.230.246 - - [20/Mar/2012:11:49:55 -0700] "GET /r/eya HTTP/1.1" 301 255 "-" "facebookexternalhit/1.1 (+http://www.facebook.com/externalhit_uatext.php)"
69.171.230.245 - - [20/Mar/2012:11:49:55 -0700] "GET /s/ta/eya/ HTTP/1.1" 302 401 "-" "facebookexternalhit/1.1 (+http://www.facebook.com/externalhit_uatext.php)"
208.80.194.71 - - [20/Mar/2012:11:50:27 -0700] "GET /blog/wp-includes/js/jquery/jquery.js HTTP/1.0" 200 93889 "-" "Mozilla/4.0 (compatible; MSIE 7.0; Windows NT 5.1; FunWebProducts; .NET CLR 1.1.4322; MSN 6.1; MSNbMSFT; MSNmen-us; MSNc21; v5m)"
85.17.88.169 - - [20/Mar/2012:11:51:03 -0700] "POST /blog/wp-cron.php?doing_wp_cron=1332269307 HTTP/1.0" 499 0 "-" "WordPress/3.3.1; http://yuvi.in/blog"
122.164.113.154 - - [20/Mar/2012:11:51:04 -0700] "GET /blog/infosys-tcs-or-wipro-none/ HTTP/1.1" 200 7090 "http://www.google.com/url?sa=t&rct=j&q=wipro%20vs%20infy&source=web&cd=30&ved=0CGEQFjAJOBQ&url=http%3A%2F%2Fyuvi.in%2Fblog%2Finfosys-tcs-or-wipro-none%2F&ei=UtBoT4H1HpG3rAfi2MSCCA&usg=AFQjCNFFymVRTHm740-I9A4VqJxKWQnZng" "Mozilla/4.0 (compatible; MSIE 8.0; Windows NT 6.0; WOW64; Trident/4.0; GTB7.3; SLCC1; .NET CLR 2.0.50727; Media Center PC 5.0; .NET CLR 3.5.30729; .NET CLR 3.0.30618; .NET4.0C; InfoPath.2; BRI/2)"
122.164.113.154 - - [20/Mar/2012:11:51:05 -0700] "GET /blog/wp-content/themes/cleanr/style.css HTTP/1.1" 200 10508 "http://yuvi.in/blog/infosys-tcs-or-wipro-none/" "Mozilla/4.0 (compatible; MSIE 8.0; Windows NT 6.0; WOW64; Trident/4.0; GTB7.3; SLCC1; .NET CLR 2.0.50727; Media Center PC 5.0; .NET CLR 3.5.30729; .NET CLR 3.0.30618; .NET4.0C; InfoPath.2; BRI/2)"
122.164.113.154 - - [20/Mar/2012:11:51:06 -0700] "GET /blog/wp-content/themes/cleanr/css/reset.css HTTP/1.1" 200 648 "http://yuvi.in/blog/infosys-tcs-or-wipro-none/" "Mozilla/4.0 (compatible; MSIE 8.0; Windows NT 6.0; WOW64; Trident/4.0; GTB7.3; SLCC1; .NET CLR 2.0.50727; Media Center PC 5.0; .NET CLR 3.5.30729; .NET CLR 3.0.30618; .NET4.0C; InfoPath.2; BRI/2)"
122.164.113.154 - - [20/Mar/2012:11:51:06 -0700] "GET /blog/wp-content/themes/cleanr/css/text.css HTTP/1.1" 200 420 "http://yuvi.in/blog/infosys-tcs-or-wipro-none/" "Mozilla/4.0 (compatible; MSIE 8.0; Windows NT 6.0; WOW64; Trident/4.0; GTB7.3; SLCC1; .NET CLR 2.0.50727; Media Center PC 5.0; .NET CLR 3.5.30729; .NET CLR 3.0.30618; .NET4.0C; InfoPath.2; BRI/2)"
122.164.113.154 - - [20/Mar/2012:11:51:06 -0700] "GET /blog/wp-content/themes/cleanr/css/960.css HTTP/1.1" 200 3628 "http://yuvi.in/blog/infosys-tcs-or-wipro-none/" "Mozilla/4.0 (compatible; MSIE 8.0; Windows NT 6.0; WOW64; Trident/4.0; GTB7.3; SLCC1; .NET CLR 2.0.50727; Media Center PC 5.0; .NET CLR 3.5.30729; .NET CLR 3.0.30618; .NET4.0C; InfoPath.2; BRI/2)"
122.164.113.154 - - [20/Mar/2012:11:51:07 -0700] "GET /blog/wp-content/themes/cleanr/css/ie.css HTTP/1.1" 200 390 "http://yuvi.in/blog/infosys-tcs-or-wipro-none/" "Mozilla/4.0 (compatible; MSIE 8.0; Windows NT 6.0; WOW64; Trident/4.0; GTB7.3; SLCC1; .NET CLR 2.0.50727; Media Center PC 5.0; .NET CLR 3.5.30729; .NET CLR 3.0.30618; .NET4.0C; InfoPath.2; BRI/2)"
122.164.113.154 - - [20/Mar/2012:11:51:07 -0700] "GET /blog/wp-content/themes/cleanr/js/jquery.dropdown.js?ver=3.3.1 HTTP/1.1" 200 535 "http://yuvi.in/blog/infosys-tcs-or-wipro-none/" "Mozilla/4.0 (compatible; MSIE 8.0; Windows NT 6.0; WOW64; Trident/4.0; GTB7.3; SLCC1; .NET CLR 2.0.50727; Media Center PC 5.0; .NET CLR 3.5.30729; .NET CLR 3.0.30618; .NET4.0C; InfoPath.2; BRI/2)"
122.164.113.154 - - [20/Mar/2012:11:51:08 -0700] "GET /blog/wp-includes/js/jquery/jquery.js?ver=1.7.1 HTTP/1.1" 200 93889 "http://yuvi.in/blog/infosys-tcs-or-wipro-none/" "Mozilla/4.0 (compatible; MSIE 8.0; Windows NT 6.0; WOW64; Trident/4.0; GTB7.3; SLCC1; .NET CLR 2.0.50727; Media Center PC 5.0; .NET CLR 3.5.30729; .NET CLR 3.0.30618; .NET4.0C; InfoPath.2; BRI/2)"
122.164.113.154 - - [20/Mar/2012:11:51:09 -0700] "GET /blog/wp-content/themes/cleanr/images/search_magnifier.gif HTTP/1.1" 200 394 "http://yuvi.in/blog/infosys-tcs-or-wipro-none/" "Mozilla/4.0 (compatible; MSIE 8.0; Windows NT 6.0; WOW64; Trident/4.0; GTB7.3; SLCC1; .NET CLR 2.0.50727; Media Center PC 5.0; .NET CLR 3.5.30729; .NET CLR 3.0.30618; .NET4.0C; InfoPath.2; BRI/2)"
122.164.113.154 - - [20/Mar/2012:11:51:09 -0700] "GET /favicon.ico HTTP/1.1" 404 199 "-" "Mozilla/4.0 (compatible; MSIE 8.0; Windows NT 6.0; WOW64; Trident/4.0; GTB7.3; SLCC1; .NET CLR 2.0.50727; Media Center PC 5.0; .NET CLR 3.5.30729; .NET CLR 3.0.30618; .NET4.0C; InfoPath.2; BRI/2)"
85.17.88.169 - - [20/Mar/2012:11:51:14 -0700] "POST /blog/wp-cron.php?doing_wp_cron=1332269319 HTTP/1.0" 499 0 "-" "WordPress/3.3.1; http://yuvi.in/blog"
122.164.113.154 - - [20/Mar/2012:11:51:14 -0700] "GET /blog/infosys-tcs-or-wipro-none/?cf_action=sync_comments&post_id=124 HTTP/1.1" 200 48 "http://yuvi.in/blog/infosys-tcs-or-wipro-none/" "Mozilla/4.0 (compatible; MSIE 8.0; Windows NT 6.0; WOW64; Trident/4.0; GTB7.3; SLCC1; .NET CLR 2.0.50727; Media Center PC 5.0; .NET CLR 3.5.30729; .NET CLR 3.0.30618; .NET4.0C; InfoPath.2; BRI/2)"
66.249.68.106 - - [20/Mar/2012:11:51:26 -0700] "GET /admin/routes/route/3207/ HTTP/1.1" 404 142 "-" "Mozilla/5.0 (compatible; Googlebot/2.1; +http://www.google.com/bot.html)"
117.192.119.12 - - [20/Mar/2012:11:52:02 -0700] "GET / HTTP/1.1" 200 1430 "http://ha.ckers.in/" "Mozilla/5.0 (X11; Linux x86_64; rv:11.0) Gecko/20100101 Firefox/11.0"
117.192.119.12 - - [20/Mar/2012:11:52:03 -0700] "GET /blueprint/screen.css HTTP/1.1" 200 12058 "http://yuvi.in/" "Mozilla/5.0 (X11; Linux x86_64; rv:11.0) Gecko/20100101 Firefox/11.0"
117.192.119.12 - - [20/Mar/2012:11:52:03 -0700] "GET /blueprint/print.css HTTP/1.1" 200 1284 "http://yuvi.in/" "Mozilla/5.0 (X11; Linux x86_64; rv:11.0) Gecko/20100101 Firefox/11.0"
117.192.119.12 - - [20/Mar/2012:11:52:03 -0700] "GET /header.png HTTP/1.1" 200 14249 "http://yuvi.in/" "Mozilla/5.0 (X11; Linux x86_64; rv:11.0) Gecko/20100101 Firefox/11.0"
117.192.119.12 - - [20/Mar/2012:11:52:05 -0700] "GET /favicon.ico HTTP/1.1" 404 142 "-" "Mozilla/5.0 (X11; Linux x86_64; rv:11.0) Gecko/20100101 Firefox/11.0"
117.192.119.12 - - [20/Mar/2012:11:52:05 -0700] "GET /favicon.ico HTTP/1.1" 404 142 "-" "Mozilla/5.0 (X11; Linux x86_64; rv:11.0) Gecko/20100101 Firefox/11.0"
117.192.119.12 - - [20/Mar/2012:11:52:08 -0700] "-" 400 0 "-" "-"
117.192.119.12 - - [20/Mar/2012:11:52:09 -0700] "-" 400 0 "-" "-"
117.192.119.12 - - [20/Mar/2012:11:52:09 -0700] "-" 400 0 "-" "-"
82.32.206.26 - - [20/Mar/2012:11:54:12 -0700] "GET /r/162g HTTP/1.1" 301 257 "http://ta.wikipedia.org/wiki/%E0%AE%AA%E0%AE%9F%E0%AE%BF%E0%AE%AE%E0%AE%AE%E0%AF%8D:Vijakumar_thanusan.jpg" "Mozilla/5.0 (Windows NT 6.1) AppleWebKit/535.11 (KHTML, like Gecko) Chrome/17.0.963.79 Safari/535.11"
82.32.206.26 - - [20/Mar/2012:11:54:12 -0700] "GET /s/ta/162g/ HTTP/1.1" 302 385 "http://ta.wikipedia.org/wiki/%E0%AE%AA%E0%AE%9F%E0%AE%BF%E0%AE%AE%E0%AE%AE%E0%AF%8D:Vijakumar_thanusan.jpg" "Mozilla/5.0 (Windows NT 6.1) AppleWebKit/535.11 (KHTML, like Gecko) Chrome/17.0.963.79 Safari/535.11"
117.192.119.12 - - [20/Mar/2012:11:54:44 -0700] "GET /blog HTTP/1.1" 301 178 "http://yuvi.in/" "Mozilla/5.0 (X11; Linux x86_64; rv:11.0) Gecko/20100101 Firefox/11.0"
117.192.119.12 - - [20/Mar/2012:11:54:45 -0700] "GET /blog/ HTTP/1.1" 200 9193 "http://yuvi.in/" "Mozilla/5.0 (X11; Linux x86_64; rv:11.0) Gecko/20100101 Firefox/11.0"
117.192.119.12 - - [20/Mar/2012:11:54:46 -0700] "GET /blog/wp-content/themes/cleanr/style.css HTTP/1.1" 200 10508 "http://yuvi.in/blog/" "Mozilla/5.0 (X11; Linux x86_64; rv:11.0) Gecko/20100101 Firefox/11.0"
117.192.119.12 - - [20/Mar/2012:11:54:46 -0700] "GET /blog/wp-content/themes/cleanr/js/jquery.dropdown.js?ver=3.3.1 HTTP/1.1" 200 535 "http://yuvi.in/blog/" "Mozilla/5.0 (X11; Linux x86_64; rv:11.0) Gecko/20100101 Firefox/11.0"
117.192.119.12 - - [20/Mar/2012:11:54:47 -0700] "GET /blog/wp-content/themes/cleanr/css/reset.css HTTP/1.1" 200 648 "http://yuvi.in/blog/wp-content/themes/cleanr/style.css" "Mozilla/5.0 (X11; Linux x86_64; rv:11.0) Gecko/20100101 Firefox/11.0"
