184.73.60.133 - - [30/Mar/2012:16:11:32 -0700] "GET /blog/sicp-and-brainfuck/ HTTP/1.1" 200 4394 "" "EC2LinkFinder"
184.73.60.133 - - [30/Mar/2012:16:11:38 -0700] "GET /blog/gstreamer-101-at-gnome-asia-2011/feed HTTP/1.1" 301 0 "" "EC2LinkFinder"
184.73.60.133 - - [30/Mar/2012:16:11:39 -0700] "GET /blog/gstreamer-101-at-gnome-asia-2011/feed/ HTTP/1.1" 200 507 "" "EC2LinkFinder"
184.73.60.133 - - [30/Mar/2012:16:11:41 -0700] "GET /blog/gstreamer-101-at-gnome-asia-2011/trackback HTTP/1.1" 302 0 "" "EC2LinkFinder"
184.73.60.133 - - [30/Mar/2012:16:11:42 -0700] "GET /blog/gstreamer-101-at-gnome-asia-2011/ HTTP/1.1" 200 4214 "" "EC2LinkFinder"
184.73.60.133 - - [30/Mar/2012:16:11:45 -0700] "GET /blog/category/code/page/3 HTTP/1.1" 301 0 "" "EC2LinkFinder"
184.73.60.133 - - [30/Mar/2012:16:11:46 -0700] "GET /blog/category/code/page/3/ HTTP/1.1" 200 8931 "" "EC2LinkFinder"
184.73.60.133 - - [30/Mar/2012:16:11:49 -0700] "GET /blog/greatest-fear-flash-fade/feed HTTP/1.1" 301 0 "" "EC2LinkFinder"
184.73.60.133 - - [30/Mar/2012:16:11:49 -0700] "GET /blog/greatest-fear-flash-fade/feed/ HTTP/1.1" 200 682 "" "EC2LinkFinder"
184.73.60.133 - - [30/Mar/2012:16:11:51 -0700] "GET /blog/greatest-fear-flash-fade/trackback HTTP/1.1" 302 0 "" "EC2LinkFinder"
184.73.60.133 - - [30/Mar/2012:16:11:52 -0700] "GET /blog/greatest-fear-flash-fade/ HTTP/1.1" 200 4816 "" "EC2LinkFinder"
184.73.60.133 - - [30/Mar/2012:16:11:54 -0700] "GET /blog/the-fridge-at-interviewstreet-office/feed HTTP/1.1" 301 0 "" "EC2LinkFinder"
218.213.137.21 - - [30/Mar/2012:16:11:54 -0700] "GET /blog/devlog-december-21-2011/ HTTP/1.1" 200 17157 "-" "DoCoMo/2.0 P900i(c100;TB;W24H11) (compatible; ichiro/mobile goo; +http://search.goo.ne.jp/option/use/sub4/sub4-1/)"
184.73.60.133 - - [30/Mar/2012:16:11:55 -0700] "GET /blog/the-fridge-at-interviewstreet-office/feed/ HTTP/1.1" 200 701 "" "EC2LinkFinder"
184.73.60.133 - - [30/Mar/2012:16:11:57 -0700] "GET /blog/the-fridge-at-interviewstreet-office/trackback HTTP/1.1" 302 0 "" "EC2LinkFinder"
184.73.60.133 - - [30/Mar/2012:16:11:58 -0700] "GET /blog/the-fridge-at-interviewstreet-office/ HTTP/1.1" 200 4588 "" "EC2LinkFinder"
184.73.60.133 - - [30/Mar/2012:16:12:02 -0700] "GET /blog/temptations/feed HTTP/1.1" 301 0 "" "EC2LinkFinder"
184.73.60.133 - - [30/Mar/2012:16:12:03 -0700] "GET /blog/temptations/feed/ HTTP/1.1" 200 715 "" "EC2LinkFinder"
184.73.60.133 - - [30/Mar/2012:16:12:06 -0700] "GET /blog/temptations/trackback HTTP/1.1" 302 0 "" "EC2LinkFinder"
184.73.60.133 - - [30/Mar/2012:16:12:06 -0700] "GET /blog/temptations/ HTTP/1.1" 200 4392 "" "EC2LinkFinder"
184.73.60.133 - - [30/Mar/2012:16:12:09 -0700] "GET /blog/note-present-future-self-pre-book-travel-tickets/feed HTTP/1.1" 301 0 "" "EC2LinkFinder"
85.17.88.169 - - [30/Mar/2012:16:12:11 -0700] "POST /blog/wp-cron.php?doing_wp_cron=1333148894 HTTP/1.0" 499 0 "-" "WordPress/3.3.1; http://yuvi.in/blog"
184.73.60.133 - - [30/Mar/2012:16:12:11 -0700] "GET /blog/note-present-future-self-pre-book-travel-tickets/feed/ HTTP/1.1" 200 1180 "" "EC2LinkFinder"
85.17.88.169 - - [30/Mar/2012:16:12:15 -0700] "POST /blog/wp-cron.php?doing_wp_cron=1333148897 HTTP/1.0" 499 0 "-" "WordPress/3.3.1; http://yuvi.in/blog"
92.105.44.54 - - [30/Mar/2012:16:12:17 -0700] "-" 400 0 "-" "-"
92.105.44.54 - - [30/Mar/2012:16:12:17 -0700] "-" 400 0 "-" "-"
92.105.44.54 - - [30/Mar/2012:16:12:17 -0700] "-" 400 0 "-" "-"
92.105.44.54 - - [30/Mar/2012:16:12:17 -0700] "-" 400 0 "-" "-"
92.105.44.54 - - [30/Mar/2012:16:12:17 -0700] "-" 400 0 "-" "-"
92.105.44.54 - - [30/Mar/2012:16:12:17 -0700] "-" 400 0 "-" "-"
184.73.60.133 - - [30/Mar/2012:16:12:20 -0700] "GET /blog/note-present-future-self-pre-book-travel-tickets/trackback HTTP/1.1" 302 0 "" "EC2LinkFinder"
184.73.60.133 - - [30/Mar/2012:16:12:21 -0700] "GET /blog/note-present-future-self-pre-book-travel-tickets/ HTTP/1.1" 200 5031 "" "EC2LinkFinder"
85.17.88.169 - - [30/Mar/2012:16:12:25 -0700] "POST /blog/wp-cron.php?doing_wp_cron=1333148907 HTTP/1.0" 499 0 "-" "WordPress/3.3.1; http://yuvi.in/blog"
184.73.60.133 - - [30/Mar/2012:16:12:25 -0700] "GET /blog/broke-nonexistent-law/feed HTTP/1.1" 301 0 "" "EC2LinkFinder"
85.17.88.169 - - [30/Mar/2012:16:12:27 -0700] "POST /blog/wp-cron.php?doing_wp_cron=1333148910 HTTP/1.0" 499 0 "-" "WordPress/3.3.1; http://yuvi.in/blog"
184.73.60.133 - - [30/Mar/2012:16:12:27 -0700] "GET /blog/broke-nonexistent-law/feed/ HTTP/1.1" 200 1189 "" "EC2LinkFinder"
85.17.88.169 - - [30/Mar/2012:16:12:31 -0700] "POST /blog/wp-cron.php?doing_wp_cron=1333148913 HTTP/1.0" 499 0 "-" "WordPress/3.3.1; http://yuvi.in/blog"
184.73.60.133 - - [30/Mar/2012:16:12:32 -0700] "GET /blog/broke-nonexistent-law/trackback HTTP/1.1" 302 0 "" "EC2LinkFinder"
184.73.60.133 - - [30/Mar/2012:16:12:32 -0700] "GET /blog/broke-nonexistent-law/ HTTP/1.1" 200 8789 "" "EC2LinkFinder"
85.17.88.169 - - [30/Mar/2012:16:12:36 -0700] "POST /blog/wp-cron.php?doing_wp_cron=1333148918 HTTP/1.0" 499 0 "-" "WordPress/3.3.1; http://yuvi.in/blog"
184.73.60.133 - - [30/Mar/2012:16:12:36 -0700] "GET /blog/my-new-canon-550d-from-flipkart/feed HTTP/1.1" 301 0 "" "EC2LinkFinder"
85.17.88.169 - - [30/Mar/2012:16:12:39 -0700] "POST /blog/wp-cron.php?doing_wp_cron=1333148921 HTTP/1.0" 499 0 "-" "WordPress/3.3.1; http://yuvi.in/blog"
184.73.60.133 - - [30/Mar/2012:16:12:39 -0700] "GET /blog/my-new-canon-550d-from-flipkart/feed/ HTTP/1.1" 200 667 "" "EC2LinkFinder"
85.17.88.169 - - [30/Mar/2012:16:12:42 -0700] "POST /blog/wp-cron.php?doing_wp_cron=1333148924 HTTP/1.0" 499 0 "-" "WordPress/3.3.1; http://yuvi.in/blog"
184.73.60.133 - - [30/Mar/2012:16:12:43 -0700] "GET /blog/my-new-canon-550d-from-flipkart/trackback HTTP/1.1" 302 0 "" "EC2LinkFinder"
184.73.60.133 - - [30/Mar/2012:16:12:43 -0700] "GET /blog/my-new-canon-550d-from-flipkart/ HTTP/1.1" 200 5101 "" "EC2LinkFinder"
85.17.88.169 - - [30/Mar/2012:16:12:47 -0700] "POST /blog/wp-cron.php?doing_wp_cron=1333148929 HTTP/1.0" 499 0 "-" "WordPress/3.3.1; http://yuvi.in/blog"
184.73.60.133 - - [30/Mar/2012:16:12:53 -0700] "GET /blog/six-years-of-blogging-and-eleven-years-of-coding/feed HTTP/1.1" 301 0 "" "EC2LinkFinder"
85.17.88.169 - - [30/Mar/2012:16:12:55 -0700] "POST /blog/wp-cron.php?doing_wp_cron=1333148937 HTTP/1.0" 499 0 "-" "WordPress/3.3.1; http://yuvi.in/blog"
184.73.60.133 - - [30/Mar/2012:16:12:55 -0700] "GET /blog/six-years-of-blogging-and-eleven-years-of-coding/feed/ HTTP/1.1" 200 516 "" "EC2LinkFinder"
85.17.88.169 - - [30/Mar/2012:16:12:58 -0700] "POST /blog/wp-cron.php?doing_wp_cron=1333148941 HTTP/1.0" 499 0 "-" "WordPress/3.3.1; http://yuvi.in/blog"
184.73.60.133 - - [30/Mar/2012:16:12:59 -0700] "GET /blog/six-years-of-blogging-and-eleven-years-of-coding/trackback HTTP/1.1" 302 0 "" "EC2LinkFinder"
184.73.60.133 - - [30/Mar/2012:16:13:00 -0700] "GET /blog/six-years-of-blogging-and-eleven-years-of-coding/ HTTP/1.1" 200 4339 "" "EC2LinkFinder"
184.73.60.133 - - [30/Mar/2012:16:13:11 -0700] "GET /blog/nen-first-dot-2010-what-i-learnt/feed HTTP/1.1" 499 0 "" "EC2LinkFinder"
184.73.60.133 - - [30/Mar/2012:16:13:14 -0700] "GET /blog/nen-first-dot-2010-what-i-learnt/trackback HTTP/1.1" 302 0 "" "EC2LinkFinder"
184.73.60.133 - - [30/Mar/2012:16:13:14 -0700] "GET /blog/nen-first-dot-2010-what-i-learnt/ HTTP/1.1" 200 5731 "" "EC2LinkFinder"
184.73.60.133 - - [30/Mar/2012:16:13:17 -0700] "GET /blog/category/personal/page/3 HTTP/1.1" 301 0 "" "EC2LinkFinder"
184.73.60.133 - - [30/Mar/2012:16:13:18 -0700] "GET /blog/category/personal/page/3/ HTTP/1.1" 200 8081 "" "EC2LinkFinder"
184.73.60.133 - - [30/Mar/2012:16:13:20 -0700] "GET /blog/devlog-december-5-2011/feed HTTP/1.1" 301 0 "" "EC2LinkFinder"
184.73.60.133 - - [30/Mar/2012:16:13:21 -0700] "GET /blog/devlog-december-5-2011/feed/ HTTP/1.1" 200 636 "" "EC2LinkFinder"
184.73.60.133 - - [30/Mar/2012:16:13:23 -0700] "GET /blog/devlog-december-5-2011/trackback HTTP/1.1" 302 0 "" "EC2LinkFinder"
184.73.60.133 - - [30/Mar/2012:16:13:23 -0700] "GET /blog/devlog-december-5-2011/ HTTP/1.1" 200 4782 "" "EC2LinkFinder"
184.73.60.133 - - [30/Mar/2012:16:13:26 -0700] "GET /blog/devlog-december-2011/feed HTTP/1.1" 301 0 "" "EC2LinkFinder"
184.73.60.133 - - [30/Mar/2012:16:13:27 -0700] "GET /blog/devlog-december-2011/feed/ HTTP/1.1" 200 484 "" "EC2LinkFinder"
184.73.60.133 - - [30/Mar/2012:16:13:29 -0700] "GET /blog/devlog-december-2011/trackback HTTP/1.1" 302 0 "" "EC2LinkFinder"
184.73.60.133 - - [30/Mar/2012:16:13:29 -0700] "GET /blog/devlog-december-2011/ HTTP/1.1" 200 4643 "" "EC2LinkFinder"
184.73.60.133 - - [30/Mar/2012:16:13:32 -0700] "GET /blog/devlog-may-2011/feed HTTP/1.1" 301 0 "" "EC2LinkFinder"
184.73.60.133 - - [30/Mar/2012:16:13:32 -0700] "GET /blog/devlog-may-2011/feed/ HTTP/1.1" 200 833 "" "EC2LinkFinder"
184.73.60.133 - - [30/Mar/2012:16:13:40 -0700] "GET /blog/devlog-may-2011/trackback HTTP/1.1" 302 0 "" "EC2LinkFinder"
184.73.60.133 - - [30/Mar/2012:16:13:41 -0700] "GET /blog/devlog-may-2011/ HTTP/1.1" 200 6996 "" "EC2LinkFinder"
184.73.60.133 - - [30/Mar/2012:16:13:43 -0700] "GET /blog/devlog-april-2011/feed HTTP/1.1" 301 0 "" "EC2LinkFinder"
184.73.60.133 - - [30/Mar/2012:16:13:44 -0700] "GET /blog/devlog-april-2011/feed/ HTTP/1.1" 200 486 "" "EC2LinkFinder"
184.73.60.133 - - [30/Mar/2012:16:13:47 -0700] "GET /blog/devlog-april-2011/trackback HTTP/1.1" 302 0 "" "EC2LinkFinder"
184.73.60.133 - - [30/Mar/2012:16:13:47 -0700] "GET /blog/devlog-april-2011/ HTTP/1.1" 200 7438 "" "EC2LinkFinder"
184.73.60.133 - - [30/Mar/2012:16:13:55 -0700] "GET /blog/story-average-indian-techie/feed HTTP/1.1" 301 0 "" "EC2LinkFinder"
184.73.60.133 - - [30/Mar/2012:16:13:56 -0700] "GET /blog/story-average-indian-techie/feed/ HTTP/1.1" 200 2636 "" "EC2LinkFinder"
184.73.60.133 - - [30/Mar/2012:16:13:58 -0700] "GET /blog/story-average-indian-techie/trackback HTTP/1.1" 302 0 "" "EC2LinkFinder"
218.213.137.21 - - [30/Mar/2012:16:13:58 -0700] "GET /blog/devlog-december-11-2011/ HTTP/1.1" 200 16635 "-" "DoCoMo/2.0 P900i(c100;TB;W24H11) (compatible; ichiro/mobile goo; +http://search.goo.ne.jp/option/use/sub4/sub4-1/)"
184.73.60.133 - - [30/Mar/2012:16:13:59 -0700] "GET /blog/story-average-indian-techie/ HTTP/1.1" 200 14155 "" "EC2LinkFinder"
184.73.60.133 - - [30/Mar/2012:16:14:02 -0700] "GET /blog/3-reasons-people-join-it-companies/feed HTTP/1.1" 301 0 "" "EC2LinkFinder"
85.17.88.169 - - [30/Mar/2012:16:14:04 -0700] "POST /blog/wp-cron.php?doing_wp_cron=1333149007 HTTP/1.0" 499 0 "-" "WordPress/3.3.1; http://yuvi.in/blog"
184.73.60.133 - - [30/Mar/2012:16:14:04 -0700] "GET /blog/3-reasons-people-join-it-companies/feed/ HTTP/1.1" 200 1162 "" "EC2LinkFinder"
85.17.88.169 - - [30/Mar/2012:16:14:07 -0700] "POST /blog/wp-cron.php?doing_wp_cron=1333149010 HTTP/1.0" 499 0 "-" "WordPress/3.3.1; http://yuvi.in/blog"
184.73.60.133 - - [30/Mar/2012:16:14:08 -0700] "GET /blog/3-reasons-people-join-it-companies/trackback HTTP/1.1" 302 0 "" "EC2LinkFinder"
184.73.60.133 - - [30/Mar/2012:16:14:09 -0700] "GET /blog/3-reasons-people-join-it-companies/ HTTP/1.1" 200 5065 "" "EC2LinkFinder"
85.17.88.169 - - [30/Mar/2012:16:14:12 -0700] "POST /blog/wp-cron.php?doing_wp_cron=1333149015 HTTP/1.0" 499 0 "-" "WordPress/3.3.1; http://yuvi.in/blog"
184.73.60.133 - - [30/Mar/2012:16:14:13 -0700] "GET /blog/interview-sriram-krishnan-5-years-old/feed HTTP/1.1" 301 0 "" "EC2LinkFinder"
85.17.88.169 - - [30/Mar/2012:16:14:15 -0700] "POST /blog/wp-cron.php?doing_wp_cron=1333149018 HTTP/1.0" 499 0 "-" "WordPress/3.3.1; http://yuvi.in/blog"
184.73.60.133 - - [30/Mar/2012:16:14:15 -0700] "GET /blog/interview-sriram-krishnan-5-years-old/feed/ HTTP/1.1" 200 1843 "" "EC2LinkFinder"
85.17.88.169 - - [30/Mar/2012:16:14:19 -0700] "POST /blog/wp-cron.php?doing_wp_cron=1333149021 HTTP/1.0" 499 0 "-" "WordPress/3.3.1; http://yuvi.in/blog"
184.73.60.133 - - [30/Mar/2012:16:14:19 -0700] "GET /blog/interview-sriram-krishnan-5-years-old/trackback HTTP/1.1" 302 0 "" "EC2LinkFinder"
184.73.60.133 - - [30/Mar/2012:16:14:20 -0700] "GET /blog/interview-sriram-krishnan-5-years-old/ HTTP/1.1" 200 14240 "" "EC2LinkFinder"
184.73.60.133 - - [30/Mar/2012:16:14:24 -0700] "GET /blog/page/4 HTTP/1.1" 301 0 "" "EC2LinkFinder"
184.73.60.133 - - [30/Mar/2012:16:14:25 -0700] "GET /blog/page/4/ HTTP/1.1" 200 14390 "" "EC2LinkFinder"
184.73.60.133 - - [30/Mar/2012:16:14:28 -0700] "GET /blog/working-big-co-unsatisfying/feed HTTP/1.1" 301 0 "" "EC2LinkFinder"
184.73.60.133 - - [30/Mar/2012:16:14:29 -0700] "GET /blog/working-big-co-unsatisfying/feed/ HTTP/1.1" 200 511 "" "EC2LinkFinder"
184.73.60.133 - - [30/Mar/2012:16:14:37 -0700] "GET /blog/working-big-co-unsatisfying/trackback HTTP/1.1" 302 0 "" "EC2LinkFinder"
184.73.60.133 - - [30/Mar/2012:16:14:37 -0700] "GET /blog/working-big-co-unsatisfying/ HTTP/1.1" 200 5047 "" "EC2LinkFinder"
184.73.60.133 - - [30/Mar/2012:16:14:40 -0700] "GET /blog/infosys-tcs-or-wipro-none/feed HTTP/1.1" 301 0 "" "EC2LinkFinder"
184.73.60.133 - - [30/Mar/2012:16:14:41 -0700] "GET /blog/infosys-tcs-or-wipro-none/feed/ HTTP/1.1" 200 1560 "" "EC2LinkFinder"
184.73.60.133 - - [30/Mar/2012:16:14:44 -0700] "GET /blog/infosys-tcs-or-wipro-none/trackback HTTP/1.1" 302 0 "" "EC2LinkFinder"
184.73.60.133 - - [30/Mar/2012:16:14:44 -0700] "GET /blog/infosys-tcs-or-wipro-none/ HTTP/1.1" 200 7090 "" "EC2LinkFinder"
184.73.60.133 - - [30/Mar/2012:16:14:47 -0700] "GET /blog/orwell-and-huxley/feed HTTP/1.1" 301 0 "" "EC2LinkFinder"
184.73.60.133 - - [30/Mar/2012:16:14:48 -0700] "GET /blog/orwell-and-huxley/feed/ HTTP/1.1" 200 483 "" "EC2LinkFinder"
184.73.60.133 - - [30/Mar/2012:16:14:51 -0700] "GET /blog/orwell-and-huxley/trackback HTTP/1.1" 302 0 "" "EC2LinkFinder"
184.73.60.133 - - [30/Mar/2012:16:14:51 -0700] "GET /blog/orwell-and-huxley/ HTTP/1.1" 200 4146 "" "EC2LinkFinder"
184.73.60.133 - - [30/Mar/2012:16:14:54 -0700] "GET /blog/enthusiastic-teachers-and-naive-implementation-of-gauss-seidel-approximations/feed HTTP/1.1" 301 0 "" "EC2LinkFinder"
184.73.60.133 - - [30/Mar/2012:16:14:55 -0700] "GET /blog/enthusiastic-teachers-and-naive-implementation-of-gauss-seidel-approximations/feed/ HTTP/1.1" 200 543 "" "EC2LinkFinder"
184.73.60.133 - - [30/Mar/2012:16:15:05 -0700] "GET /blog/enthusiastic-teachers-and-naive-implementation-of-gauss-seidel-approximations/trackback HTTP/1.1" 302 0 "" "EC2LinkFinder"
184.73.60.133 - - [30/Mar/2012:16:15:06 -0700] "GET /blog/enthusiastic-teachers-and-naive-implementation-of-gauss-seidel-approximations/ HTTP/1.1" 200 4796 "" "EC2LinkFinder"
184.73.60.133 - - [30/Mar/2012:16:15:09 -0700] "GET /blog/blogging-from-under-the-table-during-class/feed HTTP/1.1" 301 0 "" "EC2LinkFinder"
184.73.60.133 - - [30/Mar/2012:16:15:09 -0700] "GET /blog/blogging-from-under-the-table-during-class/feed/ HTTP/1.1" 200 515 "" "EC2LinkFinder"
184.73.60.133 - - [30/Mar/2012:16:15:12 -0700] "GET /blog/blogging-from-under-the-table-during-class/trackback HTTP/1.1" 302 0 "" "EC2LinkFinder"
184.73.60.133 - - [30/Mar/2012:16:15:13 -0700] "GET /blog/blogging-from-under-the-table-during-class/ HTTP/1.1" 200 4582 "" "EC2LinkFinder"
184.73.60.133 - - [30/Mar/2012:16:15:23 -0700] "GET /blog/reddit-university-sicp-reading-group/feed HTTP/1.1" 301 0 "" "EC2LinkFinder"
85.17.88.169 - - [30/Mar/2012:16:15:26 -0700] "POST /blog/wp-cron.php?doing_wp_cron=1333149088 HTTP/1.0" 499 0 "-" "WordPress/3.3.1; http://yuvi.in/blog"
184.73.60.133 - - [30/Mar/2012:16:15:26 -0700] "GET /blog/reddit-university-sicp-reading-group/feed/ HTTP/1.1" 200 515 "" "EC2LinkFinder"
85.17.88.169 - - [30/Mar/2012:16:15:29 -0700] "POST /blog/wp-cron.php?doing_wp_cron=1333149092 HTTP/1.0" 499 0 "-" "WordPress/3.3.1; http://yuvi.in/blog"
184.73.60.133 - - [30/Mar/2012:16:15:37 -0700] "GET /blog/reddit-university-sicp-reading-group/trackback HTTP/1.1" 302 0 "" "EC2LinkFinder"
184.73.60.133 - - [30/Mar/2012:16:15:37 -0700] "GET /blog/reddit-university-sicp-reading-group/ HTTP/1.1" 200 4188 "" "EC2LinkFinder"
85.17.88.169 - - [30/Mar/2012:16:15:41 -0700] "POST /blog/wp-cron.php?doing_wp_cron=1333149103 HTTP/1.0" 499 0 "-" "WordPress/3.3.1; http://yuvi.in/blog"
184.73.60.133 - - [30/Mar/2012:16:15:41 -0700] "GET /blog/measure-of-learning-epiphanies-per-session/feed HTTP/1.1" 301 0 "" "EC2LinkFinder"
85.17.88.169 - - [30/Mar/2012:16:15:44 -0700] "POST /blog/wp-cron.php?doing_wp_cron=1333149106 HTTP/1.0" 499 0 "-" "WordPress/3.3.1; http://yuvi.in/blog"
184.73.60.133 - - [30/Mar/2012:16:15:44 -0700] "GET /blog/measure-of-learning-epiphanies-per-session/feed/ HTTP/1.1" 200 511 "" "EC2LinkFinder"
85.17.88.169 - - [30/Mar/2012:16:15:47 -0700] "POST /blog/wp-cron.php?doing_wp_cron=1333149110 HTTP/1.0" 499 0 "-" "WordPress/3.3.1; http://yuvi.in/blog"
184.73.60.133 - - [30/Mar/2012:16:15:48 -0700] "GET /blog/measure-of-learning-epiphanies-per-session/trackback HTTP/1.1" 302 0 "" "EC2LinkFinder"
184.73.60.133 - - [30/Mar/2012:16:15:48 -0700] "GET /blog/measure-of-learning-epiphanies-per-session/ HTTP/1.1" 200 4566 "" "EC2LinkFinder"
85.17.88.169 - - [30/Mar/2012:16:15:52 -0700] "POST /blog/wp-cron.php?doing_wp_cron=1333149114 HTTP/1.0" 499 0 "-" "WordPress/3.3.1; http://yuvi.in/blog"
184.73.60.133 - - [30/Mar/2012:16:15:53 -0700] "GET /blog/lessons-learnt-from-working-with-the-symposium/feed HTTP/1.1" 301 0 "" "EC2LinkFinder"
184.73.60.133 - - [30/Mar/2012:16:15:54 -0700] "GET /blog/lessons-learnt-from-working-with-the-symposium/feed/ HTTP/1.1" 200 516 "" "EC2LinkFinder"
184.73.60.133 - - [30/Mar/2012:16:15:56 -0700] "GET /blog/lessons-learnt-from-working-with-the-symposium/trackback HTTP/1.1" 302 0 "" "EC2LinkFinder"
184.73.60.133 - - [30/Mar/2012:16:15:57 -0700] "GET /blog/lessons-learnt-from-working-with-the-symposium/ HTTP/1.1" 200 4355 "" "EC2LinkFinder"
184.73.60.133 - - [30/Mar/2012:16:16:00 -0700] "GET /blog/functional-programming-geekweekend-at-thoughtworks/feed HTTP/1.1" 301 0 "" "EC2LinkFinder"
184.73.60.133 - - [30/Mar/2012:16:16:00 -0700] "GET /blog/functional-programming-geekweekend-at-thoughtworks/feed/ HTTP/1.1" 200 516 "" "EC2LinkFinder"
184.73.60.133 - - [30/Mar/2012:16:16:03 -0700] "GET /blog/functional-programming-geekweekend-at-thoughtworks/trackback HTTP/1.1" 302 0 "" "EC2LinkFinder"
184.73.60.133 - - [30/Mar/2012:16:16:04 -0700] "GET /blog/functional-programming-geekweekend-at-thoughtworks/ HTTP/1.1" 200 5940 "" "EC2LinkFinder"
184.73.60.133 - - [30/Mar/2012:16:16:06 -0700] "GET /blog/trip-to-kerala/feed HTTP/1.1" 301 0 "" "EC2LinkFinder"
184.73.60.133 - - [30/Mar/2012:16:16:07 -0700] "GET /blog/trip-to-kerala/feed/ HTTP/1.1" 200 481 "" "EC2LinkFinder"
184.73.60.133 - - [30/Mar/2012:16:16:10 -0700] "GET /blog/trip-to-kerala/trackback HTTP/1.1" 302 0 "" "EC2LinkFinder"
184.73.60.133 - - [30/Mar/2012:16:16:10 -0700] "GET /blog/trip-to-kerala/ HTTP/1.1" 200 4357 "" "EC2LinkFinder"
184.73.60.133 - - [30/Mar/2012:16:16:18 -0700] "GET /blog/room-full-of-people-like-me/feed HTTP/1.1" 301 0 "" "EC2LinkFinder"
184.73.60.133 - - [30/Mar/2012:16:16:19 -0700] "GET /blog/room-full-of-people-like-me/feed/ HTTP/1.1" 200 511 "" "EC2LinkFinder"
184.73.60.133 - - [30/Mar/2012:16:16:22 -0700] "GET /blog/room-full-of-people-like-me/trackback HTTP/1.1" 302 0 "" "EC2LinkFinder"
184.73.60.133 - - [30/Mar/2012:16:16:22 -0700] "GET /blog/room-full-of-people-like-me/ HTTP/1.1" 200 4396 "" "EC2LinkFinder"
184.73.60.133 - - [30/Mar/2012:16:16:28 -0700] "GET /blog/pycon-india-2009/feed HTTP/1.1" 301 0 "" "EC2LinkFinder"
184.73.60.133 - - [30/Mar/2012:16:16:29 -0700] "GET /blog/pycon-india-2009/feed/ HTTP/1.1" 200 482 "" "EC2LinkFinder"
184.73.60.133 - - [30/Mar/2012:16:16:31 -0700] "GET /blog/pycon-india-2009/trackback HTTP/1.1" 302 0 "" "EC2LinkFinder"
184.73.60.133 - - [30/Mar/2012:16:16:32 -0700] "GET /blog/pycon-india-2009/ HTTP/1.1" 200 5802 "" "EC2LinkFinder"
184.73.60.133 - - [30/Mar/2012:16:16:42 -0700] "GET /blog/the-python-workshop/feed HTTP/1.1" 301 0 "" "EC2LinkFinder"
184.73.60.133 - - [30/Mar/2012:16:16:42 -0700] "GET /blog/the-python-workshop/feed/ HTTP/1.1" 200 488 "" "EC2LinkFinder"
184.73.60.133 - - [30/Mar/2012:16:16:44 -0700] "GET /blog/the-python-workshop/trackback HTTP/1.1" 302 0 "" "EC2LinkFinder"
184.73.60.133 - - [30/Mar/2012:16:16:45 -0700] "GET /blog/the-python-workshop/ HTTP/1.1" 200 5625 "" "EC2LinkFinder"
184.73.60.133 - - [30/Mar/2012:16:16:47 -0700] "GET /blog/tag/hackfest.html HTTP/1.1" 200 4224 "" "EC2LinkFinder"
184.73.60.133 - - [30/Mar/2012:16:16:49 -0700] "GET /blog/tag/what-i-learnt.html HTTP/1.1" 200 3742 "" "EC2LinkFinder"
184.73.60.133 - - [30/Mar/2012:16:16:51 -0700] "GET /blog/what-i-learnt-from-the-hackfest-at-iitm/feed HTTP/1.1" 301 0 "" "EC2LinkFinder"
184.73.60.133 - - [30/Mar/2012:16:16:52 -0700] "GET /blog/what-i-learnt-from-the-hackfest-at-iitm/feed/ HTTP/1.1" 200 514 "" "EC2LinkFinder"
85.17.88.169 - - [30/Mar/2012:16:16:56 -0700] "POST /blog/wp-cron.php?doing_wp_cron=1333149178 HTTP/1.0" 499 0 "-" "WordPress/3.3.1; http://yuvi.in/blog"
184.73.60.133 - - [30/Mar/2012:16:16:56 -0700] "GET /blog/what-i-learnt-from-the-hackfest-at-iitm/trackback HTTP/1.1" 302 0 "" "EC2LinkFinder"
184.73.60.133 - - [30/Mar/2012:16:16:57 -0700] "GET /blog/what-i-learnt-from-the-hackfest-at-iitm/ HTTP/1.1" 200 5634 "" "EC2LinkFinder"
184.73.60.133 - - [30/Mar/2012:16:17:01 -0700] "GET /blog/hackfest-09-expectations/feed HTTP/1.1" 301 0 "" "EC2LinkFinder"
184.73.60.133 - - [30/Mar/2012:16:17:01 -0700] "GET /blog/hackfest-09-expectations/feed/ HTTP/1.1" 200 504 "" "EC2LinkFinder"
218.213.137.21 - - [30/Mar/2012:16:17:03 -0700] "GET /blog/devlog-december-10-2011/ HTTP/1.1" 200 16429 "-" "DoCoMo/2.0 P900i(c100;TB;W24H11) (compatible; ichiro/mobile goo; +http://search.goo.ne.jp/option/use/sub4/sub4-1/)"
184.73.60.133 - - [30/Mar/2012:16:17:09 -0700] "GET /blog/hackfest-09-expectations/trackback HTTP/1.1" 302 0 "" "EC2LinkFinder"
184.73.60.133 - - [30/Mar/2012:16:17:10 -0700] "GET /blog/hackfest-09-expectations/ HTTP/1.1" 200 4338 "" "EC2LinkFinder"
184.73.60.133 - - [30/Mar/2012:16:17:13 -0700] "GET /blog/pycon-2009-are-you-coming/feed HTTP/1.1" 301 0 "" "EC2LinkFinder"
184.73.60.133 - - [30/Mar/2012:16:17:14 -0700] "GET /blog/pycon-2009-are-you-coming/feed/ HTTP/1.1" 200 504 "" "EC2LinkFinder"
184.73.60.133 - - [30/Mar/2012:16:17:21 -0700] "GET /blog/pycon-2009-are-you-coming/trackback HTTP/1.1" 302 0 "" "EC2LinkFinder"
184.73.60.133 - - [30/Mar/2012:16:17:22 -0700] "GET /blog/pycon-2009-are-you-coming/ HTTP/1.1" 200 4013 "" "EC2LinkFinder"
184.73.60.133 - - [30/Mar/2012:16:17:25 -0700] "GET /blog/what-stop-child-athiest/feed HTTP/1.1" 301 0 "" "EC2LinkFinder"
184.73.60.133 - - [30/Mar/2012:16:17:26 -0700] "GET /blog/what-stop-child-athiest/feed/ HTTP/1.1" 200 896 "" "EC2LinkFinder"
184.73.60.133 - - [30/Mar/2012:16:17:33 -0700] "GET /blog/what-stop-child-athiest/trackback HTTP/1.1" 302 0 "" "EC2LinkFinder"
184.73.60.133 - - [30/Mar/2012:16:17:34 -0700] "GET /blog/what-stop-child-athiest/ HTTP/1.1" 200 5573 "" "EC2LinkFinder"
184.73.60.133 - - [30/Mar/2012:16:17:42 -0700] "GET /blog/belated-samsung-galaxy-3-review/feed HTTP/1.1" 301 0 "" "EC2LinkFinder"
184.73.60.133 - - [30/Mar/2012:16:17:42 -0700] "GET /blog/belated-samsung-galaxy-3-review/feed/ HTTP/1.1" 200 1106 "" "EC2LinkFinder"
184.73.60.133 - - [30/Mar/2012:16:17:44 -0700] "GET /blog/belated-samsung-galaxy-3-review/trackback HTTP/1.1" 302 0 "" "EC2LinkFinder"
184.73.60.133 - - [30/Mar/2012:16:17:45 -0700] "GET /blog/belated-samsung-galaxy-3-review/ HTTP/1.1" 200 6120 "" "EC2LinkFinder"
184.73.60.133 - - [30/Mar/2012:16:17:48 -0700] "GET /blog/hello-world-again/feed HTTP/1.1" 301 0 "" "EC2LinkFinder"
184.73.60.133 - - [30/Mar/2012:16:17:49 -0700] "GET /blog/hello-world-again/feed/ HTTP/1.1" 200 488 "" "EC2LinkFinder"
184.73.60.133 - - [30/Mar/2012:16:17:51 -0700] "GET /blog/hello-world-again/trackback HTTP/1.1" 302 0 "" "EC2LinkFinder"
184.73.60.133 - - [30/Mar/2012:16:17:52 -0700] "GET /blog/hello-world-again/ HTTP/1.1" 200 5246 "" "EC2LinkFinder"
184.73.60.133 - - [30/Mar/2012:16:17:54 -0700] "GET /blog/six-years-of-blogging-and-eleven-years-of-coding.html HTTP/1.1" 200 2422 "" "EC2LinkFinder"
184.73.60.133 - - [30/Mar/2012:16:17:55 -0700] "GET /blog/tag/blogging.html HTTP/1.1" 200 2347 "" "EC2LinkFinder"
184.73.60.133 - - [30/Mar/2012:16:17:57 -0700] "GET /blog/sicp-and-brainfuck.html HTTP/1.1" 200 2477 "" "EC2LinkFinder"
184.73.60.133 - - [30/Mar/2012:16:17:59 -0700] "GET /blog/orwell-and-huxley.html HTTP/1.1" 200 2263 "" "EC2LinkFinder"
184.73.60.133 - - [30/Mar/2012:16:18:01 -0700] "GET /blog/tag/reading.html HTTP/1.1" 200 4021 "" "EC2LinkFinder"
184.73.60.133 - - [30/Mar/2012:16:18:02 -0700] "GET /blog/devlog-april-2011.html HTTP/1.1" 200 5733 "" "EC2LinkFinder"
184.73.60.133 - - [30/Mar/2012:16:18:04 -0700] "GET /blog/tag/devlog.html HTTP/1.1" 200 9944 "" "EC2LinkFinder"
184.73.60.133 - - [30/Mar/2012:16:18:06 -0700] "GET /blog/devlog-mar-2011.html HTTP/1.1" 200 2970 "" "EC2LinkFinder"
184.73.60.133 - - [30/Mar/2012:16:18:08 -0700] "GET /blog/devlog-feb-2011.html HTTP/1.1" 200 3089 "" "EC2LinkFinder"
184.73.60.133 - - [30/Mar/2012:16:18:10 -0700] "GET /blog/gstreamer-101-at-gnome-asia-2011.html HTTP/1.1" 200 2313 "" "EC2LinkFinder"
184.73.60.133 - - [30/Mar/2012:16:18:12 -0700] "GET /blog/tag/gnome.html HTTP/1.1" 200 9344 "" "EC2LinkFinder"
184.73.60.133 - - [30/Mar/2012:16:18:14 -0700] "GET /blog/tag/gstreamer.html HTTP/1.1" 200 2232 "" "EC2LinkFinder"
184.73.60.133 - - [30/Mar/2012:16:18:16 -0700] "GET /blog/devlog-jan-2011.html HTTP/1.1" 200 4720 "" "EC2LinkFinder"
184.73.60.133 - - [30/Mar/2012:16:18:18 -0700] "GET /blog/nen-first-dot-2010-what-i-learnt.html HTTP/1.1" 200 3898 "" "EC2LinkFinder"
184.73.60.133 - - [30/Mar/2012:16:18:19 -0700] "GET /blog/tag/events.html HTTP/1.1" 200 6386 "" "EC2LinkFinder"
184.73.60.133 - - [30/Mar/2012:16:18:21 -0700] "GET /blog/tag/nen.html HTTP/1.1" 200 3807 "" "EC2LinkFinder"
184.73.60.133 - - [30/Mar/2012:16:18:23 -0700] "GET /blog/functional-programming-geekweekend-at-thoughtworks.html HTTP/1.1" 200 4081 "" "EC2LinkFinder"
184.73.60.133 - - [30/Mar/2012:16:18:25 -0700] "GET /blog/archives.html HTTP/1.1" 200 4832 "" "EC2LinkFinder"
85.17.88.169 - - [30/Mar/2012:16:18:29 -0700] "POST /blog/wp-cron.php?doing_wp_cron=1333149271 HTTP/1.0" 499 0 "-" "WordPress/3.3.1; http://yuvi.in/blog"
184.73.60.133 - - [30/Mar/2012:16:18:30 -0700] "GET /blog/webfaction-review/feed HTTP/1.1" 301 0 "" "EC2LinkFinder"
85.17.88.169 - - [30/Mar/2012:16:18:32 -0700] "POST /blog/wp-cron.php?doing_wp_cron=1333149274 HTTP/1.0" 499 0 "-" "WordPress/3.3.1; http://yuvi.in/blog"
184.73.60.133 - - [30/Mar/2012:16:18:32 -0700] "GET /blog/webfaction-review/feed/ HTTP/1.1" 200 481 "" "EC2LinkFinder"
85.17.88.169 - - [30/Mar/2012:16:18:36 -0700] "POST /blog/wp-cron.php?doing_wp_cron=1333149278 HTTP/1.0" 499 0 "-" "WordPress/3.3.1; http://yuvi.in/blog"
184.73.60.133 - - [30/Mar/2012:16:18:36 -0700] "GET /blog/webfaction-review/trackback HTTP/1.1" 302 0 "" "EC2LinkFinder"
184.73.60.133 - - [30/Mar/2012:16:18:37 -0700] "GET /blog/webfaction-review/ HTTP/1.1" 200 4103 "" "EC2LinkFinder"
85.17.88.169 - - [30/Mar/2012:16:18:40 -0700] "POST /blog/wp-cron.php?doing_wp_cron=1333149283 HTTP/1.0" 499 0 "-" "WordPress/3.3.1; http://yuvi.in/blog"
184.73.60.133 - - [30/Mar/2012:16:18:41 -0700] "GET /blog/samsung-n210-review/feed HTTP/1.1" 301 0 "" "EC2LinkFinder"
85.17.88.169 - - [30/Mar/2012:16:18:43 -0700] "POST /blog/wp-cron.php?doing_wp_cron=1333149286 HTTP/1.0" 499 0 "-" "WordPress/3.3.1; http://yuvi.in/blog"
184.73.60.133 - - [30/Mar/2012:16:18:43 -0700] "GET /blog/samsung-n210-review/feed/ HTTP/1.1" 200 489 "" "EC2LinkFinder"
85.17.88.169 - - [30/Mar/2012:16:18:47 -0700] "POST /blog/wp-cron.php?doing_wp_cron=1333149289 HTTP/1.0" 499 0 "-" "WordPress/3.3.1; http://yuvi.in/blog"
184.73.60.133 - - [30/Mar/2012:16:18:47 -0700] "GET /blog/samsung-n210-review/trackback HTTP/1.1" 302 0 "" "EC2LinkFinder"
184.73.60.133 - - [30/Mar/2012:16:18:48 -0700] "GET /blog/samsung-n210-review/ HTTP/1.1" 200 5207 "" "EC2LinkFinder"
85.17.88.169 - - [30/Mar/2012:16:18:51 -0700] "POST /blog/wp-cron.php?doing_wp_cron=1333149294 HTTP/1.0" 499 0 "-" "WordPress/3.3.1; http://yuvi.in/blog"
184.73.60.133 - - [30/Mar/2012:16:18:52 -0700] "GET /blog/we-must-take-india-as-it-is-jules-verne/feed HTTP/1.1" 301 0 "" "EC2LinkFinder"
85.17.88.169 - - [30/Mar/2012:16:18:54 -0700] "POST /blog/wp-cron.php?doing_wp_cron=1333149297 HTTP/1.0" 499 0 "-" "WordPress/3.3.1; http://yuvi.in/blog"
184.73.60.133 - - [30/Mar/2012:16:18:54 -0700] "GET /blog/we-must-take-india-as-it-is-jules-verne/feed/ HTTP/1.1" 200 537 "" "EC2LinkFinder"
85.17.88.169 - - [30/Mar/2012:16:18:58 -0700] "POST /blog/wp-cron.php?doing_wp_cron=1333149300 HTTP/1.0" 499 0 "-" "WordPress/3.3.1; http://yuvi.in/blog"
184.73.60.133 - - [30/Mar/2012:16:18:58 -0700] "GET /blog/we-must-take-india-as-it-is-jules-verne/trackback HTTP/1.1" 302 0 "" "EC2LinkFinder"
184.73.60.133 - - [30/Mar/2012:16:18:59 -0700] "GET /blog/we-must-take-india-as-it-is-jules-verne/ HTTP/1.1" 200 5633 "" "EC2LinkFinder"
85.17.88.169 - - [30/Mar/2012:16:19:02 -0700] "POST /blog/wp-cron.php?doing_wp_cron=1333149305 HTTP/1.0" 499 0 "-" "WordPress/3.3.1; http://yuvi.in/blog"
184.73.60.133 - - [30/Mar/2012:16:19:03 -0700] "GET /blog/icc-rules-for-backyard-cricket/feed HTTP/1.1" 301 0 "" "EC2LinkFinder"
85.17.88.169 - - [30/Mar/2012:16:19:05 -0700] "POST /blog/wp-cron.php?doing_wp_cron=1333149307 HTTP/1.0" 499 0 "-" "WordPress/3.3.1; http://yuvi.in/blog"
184.73.60.133 - - [30/Mar/2012:16:19:05 -0700] "GET /blog/icc-rules-for-backyard-cricket/feed/ HTTP/1.1" 200 502 "" "EC2LinkFinder"
85.17.88.169 - - [30/Mar/2012:16:19:08 -0700] "POST /blog/wp-cron.php?doing_wp_cron=1333149311 HTTP/1.0" 499 0 "-" "WordPress/3.3.1; http://yuvi.in/blog"
184.73.60.133 - - [30/Mar/2012:16:19:09 -0700] "GET /blog/icc-rules-for-backyard-cricket/trackback HTTP/1.1" 302 0 "" "EC2LinkFinder"
184.73.60.133 - - [30/Mar/2012:16:19:09 -0700] "GET /blog/icc-rules-for-backyard-cricket/ HTTP/1.1" 200 4054 "" "EC2LinkFinder"
85.17.88.169 - - [30/Mar/2012:16:19:12 -0700] "POST /blog/wp-cron.php?doing_wp_cron=1333149315 HTTP/1.0" 499 0 "-" "WordPress/3.3.1; http://yuvi.in/blog"
184.73.60.133 - - [30/Mar/2012:16:19:13 -0700] "GET /blog/abigger-binary-heart/feed HTTP/1.1" 301 0 "" "EC2LinkFinder"
85.17.88.169 - - [30/Mar/2012:16:19:15 -0700] "POST /blog/wp-cron.php?doing_wp_cron=1333149317 HTTP/1.0" 499 0 "-" "WordPress/3.3.1; http://yuvi.in/blog"
184.73.60.133 - - [30/Mar/2012:16:19:15 -0700] "GET /blog/abigger-binary-heart/feed/ HTTP/1.1" 200 488 "" "EC2LinkFinder"
209.85.224.95 - - [30/Mar/2012:16:19:16 -0700] "GET /stories/feed HTTP/1.1" 200 13653 "-" "FeedBurner/1.0 (http://www.FeedBurner.com)"
209.85.144.95 - - [30/Mar/2012:16:19:18 -0700] "GET /blog/feed HTTP/1.1" 304 0 "-" "FeedBurner/1.0 (http://www.FeedBurner.com)"
85.17.88.169 - - [30/Mar/2012:16:19:18 -0700] "POST /blog/wp-cron.php?doing_wp_cron=1333149321 HTTP/1.0" 200 0 "-" "WordPress/3.3.1; http://yuvi.in/blog"
184.73.60.133 - - [30/Mar/2012:16:19:18 -0700] "GET /blog/abigger-binary-heart/trackback HTTP/1.1" 302 0 "" "EC2LinkFinder"
184.73.60.133 - - [30/Mar/2012:16:19:19 -0700] "GET /blog/abigger-binary-heart/ HTTP/1.1" 200 4073 "" "EC2LinkFinder"
85.17.88.169 - - [30/Mar/2012:16:19:22 -0700] "POST /blog/wp-cron.php?doing_wp_cron=1333149325 HTTP/1.0" 499 0 "-" "WordPress/3.3.1; http://yuvi.in/blog"
184.73.60.133 - - [30/Mar/2012:16:19:22 -0700] "GET /blog/devlog-mar-2011/feed HTTP/1.1" 301 0 "" "EC2LinkFinder"
85.17.88.169 - - [30/Mar/2012:16:19:24 -0700] "POST /blog/wp-cron.php?doing_wp_cron=1333149327 HTTP/1.0" 499 0 "-" "WordPress/3.3.1; http://yuvi.in/blog"
184.73.60.133 - - [30/Mar/2012:16:19:24 -0700] "GET /blog/devlog-mar-2011/feed/ HTTP/1.1" 200 483 "" "EC2LinkFinder"
85.17.88.169 - - [30/Mar/2012:16:19:27 -0700] "POST /blog/wp-cron.php?doing_wp_cron=1333149330 HTTP/1.0" 499 0 "-" "WordPress/3.3.1; http://yuvi.in/blog"
184.73.60.133 - - [30/Mar/2012:16:19:28 -0700] "GET /blog/devlog-mar-2011/trackback HTTP/1.1" 302 0 "" "EC2LinkFinder"
184.73.60.133 - - [30/Mar/2012:16:19:28 -0700] "GET /blog/devlog-mar-2011/ HTTP/1.1" 200 4842 "" "EC2LinkFinder"
85.17.88.169 - - [30/Mar/2012:16:19:31 -0700] "POST /blog/wp-cron.php?doing_wp_cron=1333149334 HTTP/1.0" 499 0 "-" "WordPress/3.3.1; http://yuvi.in/blog"
184.73.60.133 - - [30/Mar/2012:16:19:32 -0700] "GET /blog/devlog-feb-2011/feed HTTP/1.1" 301 0 "" "EC2LinkFinder"
85.17.88.169 - - [30/Mar/2012:16:19:34 -0700] "POST /blog/wp-cron.php?doing_wp_cron=1333149337 HTTP/1.0" 499 0 "-" "WordPress/3.3.1; http://yuvi.in/blog"
184.73.60.133 - - [30/Mar/2012:16:19:34 -0700] "GET /blog/devlog-feb-2011/feed/ HTTP/1.1" 200 486 "" "EC2LinkFinder"
85.17.88.169 - - [30/Mar/2012:16:19:37 -0700] "POST /blog/wp-cron.php?doing_wp_cron=1333149340 HTTP/1.0" 499 0 "-" "WordPress/3.3.1; http://yuvi.in/blog"
184.73.60.133 - - [30/Mar/2012:16:19:37 -0700] "GET /blog/devlog-feb-2011/trackback HTTP/1.1" 302 0 "" "EC2LinkFinder"
184.73.60.133 - - [30/Mar/2012:16:19:38 -0700] "GET /blog/devlog-feb-2011/ HTTP/1.1" 200 4989 "" "EC2LinkFinder"
218.213.137.21 - - [30/Mar/2012:16:19:41 -0700] "GET /blog/devlog-december-7-2011/ HTTP/1.1" 200 16876 "-" "DoCoMo/2.0 P900i(c100;TB;W24H11) (compatible; ichiro/mobile goo; +http://search.goo.ne.jp/option/use/sub4/sub4-1/)"
85.17.88.169 - - [30/Mar/2012:16:19:41 -0700] "POST /blog/wp-cron.php?doing_wp_cron=1333149344 HTTP/1.0" 200 0 "-" "WordPress/3.3.1; http://yuvi.in/blog"
184.73.60.133 - - [30/Mar/2012:16:19:41 -0700] "GET /blog/devlog-jan-2011/feed HTTP/1.1" 301 0 "" "EC2LinkFinder"
85.17.88.169 - - [30/Mar/2012:16:19:43 -0700] "POST /blog/wp-cron.php?doing_wp_cron=1333149346 HTTP/1.0" 499 0 "-" "WordPress/3.3.1; http://yuvi.in/blog"
184.73.60.133 - - [30/Mar/2012:16:19:43 -0700] "GET /blog/devlog-jan-2011/feed/ HTTP/1.1" 200 487 "" "EC2LinkFinder"
85.17.88.169 - - [30/Mar/2012:16:19:46 -0700] "POST /blog/wp-cron.php?doing_wp_cron=1333149349 HTTP/1.0" 499 0 "-" "WordPress/3.3.1; http://yuvi.in/blog"
184.73.60.133 - - [30/Mar/2012:16:19:47 -0700] "GET /blog/devlog-jan-2011/trackback HTTP/1.1" 302 0 "" "EC2LinkFinder"
184.73.60.133 - - [30/Mar/2012:16:19:47 -0700] "GET /blog/devlog-jan-2011/ HTTP/1.1" 200 6510 "" "EC2LinkFinder"
85.17.88.169 - - [30/Mar/2012:16:19:50 -0700] "POST /blog/wp-cron.php?doing_wp_cron=1333149353 HTTP/1.0" 499 0 "-" "WordPress/3.3.1; http://yuvi.in/blog"
184.73.60.133 - - [30/Mar/2012:16:19:51 -0700] "GET /blog/serendipity/feed HTTP/1.1" 301 0 "" "EC2LinkFinder"
85.17.88.169 - - [30/Mar/2012:16:19:53 -0700] "POST /blog/wp-cron.php?doing_wp_cron=1333149356 HTTP/1.0" 499 0 "-" "WordPress/3.3.1; http://yuvi.in/blog"
184.73.60.133 - - [30/Mar/2012:16:19:53 -0700] "GET /blog/serendipity/feed/ HTTP/1.1" 200 474 "" "EC2LinkFinder"
85.17.88.169 - - [30/Mar/2012:16:19:56 -0700] "POST /blog/wp-cron.php?doing_wp_cron=1333149359 HTTP/1.0" 499 0 "-" "WordPress/3.3.1; http://yuvi.in/blog"
184.73.60.133 - - [30/Mar/2012:16:19:56 -0700] "GET /blog/serendipity/trackback HTTP/1.1" 302 0 "" "EC2LinkFinder"
184.73.60.133 - - [30/Mar/2012:16:19:57 -0700] "GET /blog/serendipity/ HTTP/1.1" 200 4375 "" "EC2LinkFinder"
85.17.88.169 - - [30/Mar/2012:16:20:00 -0700] "POST /blog/wp-cron.php?doing_wp_cron=1333149363 HTTP/1.0" 499 0 "-" "WordPress/3.3.1; http://yuvi.in/blog"
184.73.60.133 - - [30/Mar/2012:16:20:00 -0700] "GET /blog/more-effects-for-cheese/feed HTTP/1.1" 301 0 "" "EC2LinkFinder"
85.17.88.169 - - [30/Mar/2012:16:20:02 -0700] "POST /blog/wp-cron.php?doing_wp_cron=1333149365 HTTP/1.0" 499 0 "-" "WordPress/3.3.1; http://yuvi.in/blog"
184.73.60.133 - - [30/Mar/2012:16:20:02 -0700] "GET /blog/more-effects-for-cheese/feed/ HTTP/1.1" 200 493 "" "EC2LinkFinder"
85.17.88.169 - - [30/Mar/2012:16:20:05 -0700] "POST /blog/wp-cron.php?doing_wp_cron=1333149368 HTTP/1.0" 499 0 "-" "WordPress/3.3.1; http://yuvi.in/blog"
184.73.60.133 - - [30/Mar/2012:16:20:06 -0700] "GET /blog/more-effects-for-cheese/trackback HTTP/1.1" 302 0 "" "EC2LinkFinder"
184.73.60.133 - - [30/Mar/2012:16:20:06 -0700] "GET /blog/more-effects-for-cheese/ HTTP/1.1" 200 4173 "" "EC2LinkFinder"
184.73.60.133 - - [30/Mar/2012:16:20:08 -0700] "GET /blog/tag/gsoc.html HTTP/1.1" 200 14126 "" "EC2LinkFinder"
85.17.88.169 - - [30/Mar/2012:16:20:13 -0700] "POST /blog/wp-cron.php?doing_wp_cron=1333149376 HTTP/1.0" 499 0 "-" "WordPress/3.3.1; http://yuvi.in/blog"
184.73.60.133 - - [30/Mar/2012:16:20:13 -0700] "GET /blog/moving-to-vim-from-emacs/feed HTTP/1.1" 301 0 "" "EC2LinkFinder"
85.17.88.169 - - [30/Mar/2012:16:20:15 -0700] "POST /blog/wp-cron.php?doing_wp_cron=1333149378 HTTP/1.0" 499 0 "-" "WordPress/3.3.1; http://yuvi.in/blog"
184.73.60.133 - - [30/Mar/2012:16:20:15 -0700] "GET /blog/moving-to-vim-from-emacs/feed/ HTTP/1.1" 200 495 "" "EC2LinkFinder"
85.17.88.169 - - [30/Mar/2012:16:20:18 -0700] "POST /blog/wp-cron.php?doing_wp_cron=1333149381 HTTP/1.0" 499 0 "-" "WordPress/3.3.1; http://yuvi.in/blog"
184.73.60.133 - - [30/Mar/2012:16:20:19 -0700] "GET /blog/moving-to-vim-from-emacs/trackback HTTP/1.1" 302 0 "" "EC2LinkFinder"
184.73.60.133 - - [30/Mar/2012:16:20:19 -0700] "GET /blog/moving-to-vim-from-emacs/ HTTP/1.1" 200 4577 "" "EC2LinkFinder"
184.73.60.133 - - [30/Mar/2012:16:20:21 -0700] "GET /blog/tag/tech.html HTTP/1.1" 200 3473 "" "EC2LinkFinder"
85.17.88.169 - - [30/Mar/2012:16:20:24 -0700] "POST /blog/wp-cron.php?doing_wp_cron=1333149387 HTTP/1.0" 499 0 "-" "WordPress/3.3.1; http://yuvi.in/blog"
184.73.60.133 - - [30/Mar/2012:16:20:24 -0700] "GET /blog/how-to-increase-cheeses-burst-mode-photo-count/feed HTTP/1.1" 301 0 "" "EC2LinkFinder"
85.17.88.169 - - [30/Mar/2012:16:20:26 -0700] "POST /blog/wp-cron.php?doing_wp_cron=1333149389 HTTP/1.0" 499 0 "-" "WordPress/3.3.1; http://yuvi.in/blog"
184.73.60.133 - - [30/Mar/2012:16:20:26 -0700] "GET /blog/how-to-increase-cheeses-burst-mode-photo-count/feed/ HTTP/1.1" 200 531 "" "EC2LinkFinder"
85.17.88.169 - - [30/Mar/2012:16:20:29 -0700] "POST /blog/wp-cron.php?doing_wp_cron=1333149392 HTTP/1.0" 499 0 "-" "WordPress/3.3.1; http://yuvi.in/blog"
184.73.60.133 - - [30/Mar/2012:16:20:30 -0700] "GET /blog/how-to-increase-cheeses-burst-mode-photo-count/trackback HTTP/1.1" 302 0 "" "EC2LinkFinder"
184.73.60.133 - - [30/Mar/2012:16:20:30 -0700] "GET /blog/how-to-increase-cheeses-burst-mode-photo-count/ HTTP/1.1" 200 4320 "" "EC2LinkFinder"
85.17.88.169 - - [30/Mar/2012:16:20:34 -0700] "POST /blog/wp-cron.php?doing_wp_cron=1333149396 HTTP/1.0" 499 0 "-" "WordPress/3.3.1; http://yuvi.in/blog"
184.73.60.133 - - [30/Mar/2012:16:20:34 -0700] "GET /blog/why-i-moved-off-arch-on-my-netbook/feed HTTP/1.1" 301 0 "" "EC2LinkFinder"
94.228.34.209 - - [30/Mar/2012:16:20:36 -0700] "GET /blog/serendipity.html HTTP/1.1" 304 0 "-" "magpie-crawler/1.1 (U; Linux amd64; en-GB; +http://www.brandwatch.net)"
85.17.88.169 - - [30/Mar/2012:16:20:36 -0700] "POST /blog/wp-cron.php?doing_wp_cron=1333149399 HTTP/1.0" 499 0 "-" "WordPress/3.3.1; http://yuvi.in/blog"
184.73.60.133 - - [30/Mar/2012:16:20:36 -0700] "GET /blog/why-i-moved-off-arch-on-my-netbook/feed/ HTTP/1.1" 200 514 "" "EC2LinkFinder"
85.17.88.169 - - [30/Mar/2012:16:20:39 -0700] "POST /blog/wp-cron.php?doing_wp_cron=1333149402 HTTP/1.0" 499 0 "-" "WordPress/3.3.1; http://yuvi.in/blog"
184.73.60.133 - - [30/Mar/2012:16:20:39 -0700] "GET /blog/why-i-moved-off-arch-on-my-netbook/trackback HTTP/1.1" 302 0 "" "EC2LinkFinder"
184.73.60.133 - - [30/Mar/2012:16:20:40 -0700] "GET /blog/why-i-moved-off-arch-on-my-netbook/ HTTP/1.1" 200 4442 "" "EC2LinkFinder"
184.73.60.133 - - [30/Mar/2012:16:20:42 -0700] "GET /blog/tag/linux.html HTTP/1.1" 200 3402 "" "EC2LinkFinder"
85.17.88.169 - - [30/Mar/2012:16:20:45 -0700] "POST /blog/wp-cron.php?doing_wp_cron=1333149408 HTTP/1.0" 499 0 "-" "WordPress/3.3.1; http://yuvi.in/blog"
184.73.60.133 - - [30/Mar/2012:16:20:45 -0700] "GET /blog/running-archlinux/feed HTTP/1.1" 301 0 "" "EC2LinkFinder"
85.17.88.169 - - [30/Mar/2012:16:20:47 -0700] "POST /blog/wp-cron.php?doing_wp_cron=1333149410 HTTP/1.0" 499 0 "-" "WordPress/3.3.1; http://yuvi.in/blog"
184.73.60.133 - - [30/Mar/2012:16:20:47 -0700] "GET /blog/running-archlinux/feed/ HTTP/1.1" 200 485 "" "EC2LinkFinder"
85.17.88.169 - - [30/Mar/2012:16:20:50 -0700] "POST /blog/wp-cron.php?doing_wp_cron=1333149413 HTTP/1.0" 499 0 "-" "WordPress/3.3.1; http://yuvi.in/blog"
184.73.60.133 - - [30/Mar/2012:16:20:51 -0700] "GET /blog/running-archlinux/trackback HTTP/1.1" 302 0 "" "EC2LinkFinder"
184.73.60.133 - - [30/Mar/2012:16:20:51 -0700] "GET /blog/running-archlinux/ HTTP/1.1" 200 4801 "" "EC2LinkFinder"
85.17.88.169 - - [30/Mar/2012:16:20:54 -0700] "POST /blog/wp-cron.php?doing_wp_cron=1333149417 HTTP/1.0" 499 0 "-" "WordPress/3.3.1; http://yuvi.in/blog"
184.73.60.133 - - [30/Mar/2012:16:20:55 -0700] "GET /blog/ihave-a-motorbike/feed HTTP/1.1" 301 0 "" "EC2LinkFinder"
85.17.88.169 - - [30/Mar/2012:16:20:57 -0700] "POST /blog/wp-cron.php?doing_wp_cron=1333149420 HTTP/1.0" 499 0 "-" "WordPress/3.3.1; http://yuvi.in/blog"
184.73.60.133 - - [30/Mar/2012:16:20:57 -0700] "GET /blog/ihave-a-motorbike/feed/ HTTP/1.1" 200 485 "" "EC2LinkFinder"
85.17.88.169 - - [30/Mar/2012:16:21:00 -0700] "POST /blog/wp-cron.php?doing_wp_cron=1333149423 HTTP/1.0" 499 0 "-" "WordPress/3.3.1; http://yuvi.in/blog"
184.73.60.133 - - [30/Mar/2012:16:21:00 -0700] "GET /blog/ihave-a-motorbike/trackback HTTP/1.1" 302 0 "" "EC2LinkFinder"
184.73.60.133 - - [30/Mar/2012:16:21:01 -0700] "GET /blog/ihave-a-motorbike/ HTTP/1.1" 200 4618 "" "EC2LinkFinder"
85.17.88.169 - - [30/Mar/2012:16:21:04 -0700] "POST /blog/wp-cron.php?doing_wp_cron=1333149427 HTTP/1.0" 499 0 "-" "WordPress/3.3.1; http://yuvi.in/blog"
184.73.60.133 - - [30/Mar/2012:16:21:05 -0700] "GET /blog/the-end-of-gsoc-2010/feed HTTP/1.1" 301 0 "" "EC2LinkFinder"
85.17.88.169 - - [30/Mar/2012:16:21:06 -0700] "POST /blog/wp-cron.php?doing_wp_cron=1333149429 HTTP/1.0" 499 0 "-" "WordPress/3.3.1; http://yuvi.in/blog"
184.73.60.133 - - [30/Mar/2012:16:21:07 -0700] "GET /blog/the-end-of-gsoc-2010/feed/ HTTP/1.1" 200 492 "" "EC2LinkFinder"
85.17.88.169 - - [30/Mar/2012:16:21:10 -0700] "POST /blog/wp-cron.php?doing_wp_cron=1333149432 HTTP/1.0" 499 0 "-" "WordPress/3.3.1; http://yuvi.in/blog"
184.73.60.133 - - [30/Mar/2012:16:21:10 -0700] "GET /blog/the-end-of-gsoc-2010/trackback HTTP/1.1" 302 0 "" "EC2LinkFinder"
184.73.60.133 - - [30/Mar/2012:16:21:11 -0700] "GET /blog/the-end-of-gsoc-2010/ HTTP/1.1" 200 4508 "" "EC2LinkFinder"
184.73.60.133 - - [30/Mar/2012:16:21:13 -0700] "GET /blog/media/cheese-livepreview.png HTTP/1.1" 200 72002 "" "EC2LinkFinder"
85.17.88.169 - - [30/Mar/2012:16:21:16 -0700] "POST /blog/wp-cron.php?doing_wp_cron=1333149439 HTTP/1.0" 499 0 "-" "WordPress/3.3.1; http://yuvi.in/blog"
184.73.60.133 - - [30/Mar/2012:16:21:17 -0700] "GET /blog/work-life-balance/feed HTTP/1.1" 301 0 "" "EC2LinkFinder"
85.17.88.169 - - [30/Mar/2012:16:21:19 -0700] "POST /blog/wp-cron.php?doing_wp_cron=1333149441 HTTP/1.0" 499 0 "-" "WordPress/3.3.1; http://yuvi.in/blog"
184.73.60.133 - - [30/Mar/2012:16:21:19 -0700] "GET /blog/work-life-balance/feed/ HTTP/1.1" 200 484 "" "EC2LinkFinder"
85.17.88.169 - - [30/Mar/2012:16:21:22 -0700] "POST /blog/wp-cron.php?doing_wp_cron=1333149445 HTTP/1.0" 499 0 "-" "WordPress/3.3.1; http://yuvi.in/blog"
184.73.60.133 - - [30/Mar/2012:16:21:22 -0700] "GET /blog/work-life-balance/trackback HTTP/1.1" 302 0 "" "EC2LinkFinder"
184.73.60.133 - - [30/Mar/2012:16:21:23 -0700] "GET /blog/work-life-balance/ HTTP/1.1" 200 5954 "" "EC2LinkFinder"
85.17.88.169 - - [30/Mar/2012:16:21:26 -0700] "POST /blog/wp-cron.php?doing_wp_cron=1333149449 HTTP/1.0" 499 0 "-" "WordPress/3.3.1; http://yuvi.in/blog"
184.73.60.133 - - [30/Mar/2012:16:21:26 -0700] "GET /blog/cheese-2-31-1-released/feed HTTP/1.1" 301 0 "" "EC2LinkFinder"
85.17.88.169 - - [30/Mar/2012:16:21:28 -0700] "POST /blog/wp-cron.php?doing_wp_cron=1333149451 HTTP/1.0" 499 0 "-" "WordPress/3.3.1; http://yuvi.in/blog"
184.73.60.133 - - [30/Mar/2012:16:21:28 -0700] "GET /blog/cheese-2-31-1-released/feed/ HTTP/1.1" 200 491 "" "EC2LinkFinder"
85.17.88.169 - - [30/Mar/2012:16:21:31 -0700] "POST /blog/wp-cron.php?doing_wp_cron=1333149454 HTTP/1.0" 499 0 "-" "WordPress/3.3.1; http://yuvi.in/blog"
184.73.60.133 - - [30/Mar/2012:16:21:32 -0700] "GET /blog/cheese-2-31-1-released/trackback HTTP/1.1" 302 0 "" "EC2LinkFinder"
184.73.60.133 - - [30/Mar/2012:16:21:32 -0700] "GET /blog/cheese-2-31-1-released/ HTTP/1.1" 200 6166 "" "EC2LinkFinder"
85.17.88.169 - - [30/Mar/2012:16:21:36 -0700] "POST /blog/wp-cron.php?doing_wp_cron=1333149458 HTTP/1.0" 499 0 "-" "WordPress/3.3.1; http://yuvi.in/blog"
184.73.60.133 - - [30/Mar/2012:16:21:36 -0700] "GET /blog/my-gsoc-2010-proposal/feed HTTP/1.1" 301 0 "" "EC2LinkFinder"
85.17.88.169 - - [30/Mar/2012:16:21:38 -0700] "POST /blog/wp-cron.php?doing_wp_cron=1333149461 HTTP/1.0" 499 0 "-" "WordPress/3.3.1; http://yuvi.in/blog"
184.73.60.133 - - [30/Mar/2012:16:21:38 -0700] "GET /blog/my-gsoc-2010-proposal/feed/ HTTP/1.1" 200 492 "" "EC2LinkFinder"
184.73.60.133 - - [30/Mar/2012:16:21:40 -0700] "GET /blog/my-gsoc-2010-proposal/trackback HTTP/1.1" 302 0 "" "EC2LinkFinder"
85.17.88.169 - - [30/Mar/2012:16:21:41 -0700] "POST /blog/wp-cron.php?doing_wp_cron=1333149464 HTTP/1.0" 200 0 "-" "WordPress/3.3.1; http://yuvi.in/blog"
184.73.60.133 - - [30/Mar/2012:16:21:41 -0700] "GET /blog/my-gsoc-2010-proposal/ HTTP/1.1" 200 4167 "" "EC2LinkFinder"
218.213.137.21 - - [30/Mar/2012:16:21:42 -0700] "GET /blog/page/2/ HTTP/1.1" 200 76387 "-" "DoCoMo/2.0 P900i(c100;TB;W24H11) (compatible; ichiro/mobile goo; +http://search.goo.ne.jp/option/use/sub4/sub4-1/)"
85.17.88.169 - - [30/Mar/2012:16:21:44 -0700] "POST /blog/wp-cron.php?doing_wp_cron=1333149467 HTTP/1.0" 499 0 "-" "WordPress/3.3.1; http://yuvi.in/blog"
184.73.60.133 - - [30/Mar/2012:16:21:44 -0700] "GET /blog/cheese-gsoc-report-week-8/feed HTTP/1.1" 301 0 "" "EC2LinkFinder"
85.17.88.169 - - [30/Mar/2012:16:21:46 -0700] "POST /blog/wp-cron.php?doing_wp_cron=1333149469 HTTP/1.0" 499 0 "-" "WordPress/3.3.1; http://yuvi.in/blog"
184.73.60.133 - - [30/Mar/2012:16:21:46 -0700] "GET /blog/cheese-gsoc-report-week-8/feed/ HTTP/1.1" 200 507 "" "EC2LinkFinder"
85.17.88.169 - - [30/Mar/2012:16:21:50 -0700] "POST /blog/wp-cron.php?doing_wp_cron=1333149472 HTTP/1.0" 499 0 "-" "WordPress/3.3.1; http://yuvi.in/blog"
184.73.60.133 - - [30/Mar/2012:16:21:50 -0700] "GET /blog/cheese-gsoc-report-week-8/trackback HTTP/1.1" 302 0 "" "EC2LinkFinder"
184.73.60.133 - - [30/Mar/2012:16:21:51 -0700] "GET /blog/cheese-gsoc-report-week-8/ HTTP/1.1" 200 4440 "" "EC2LinkFinder"
85.17.88.169 - - [30/Mar/2012:16:21:54 -0700] "POST /blog/wp-cron.php?doing_wp_cron=1333149477 HTTP/1.0" 499 0 "-" "WordPress/3.3.1; http://yuvi.in/blog"
184.73.60.133 - - [30/Mar/2012:16:21:54 -0700] "GET /blog/cheese-gsoc-report-week-7/feed HTTP/1.1" 301 0 "" "EC2LinkFinder"
85.17.88.169 - - [30/Mar/2012:16:21:56 -0700] "POST /blog/wp-cron.php?doing_wp_cron=1333149479 HTTP/1.0" 499 0 "-" "WordPress/3.3.1; http://yuvi.in/blog"
184.73.60.133 - - [30/Mar/2012:16:21:56 -0700] "GET /blog/cheese-gsoc-report-week-7/feed/ HTTP/1.1" 200 507 "" "EC2LinkFinder"
85.17.88.169 - - [30/Mar/2012:16:21:59 -0700] "POST /blog/wp-cron.php?doing_wp_cron=1333149482 HTTP/1.0" 499 0 "-" "WordPress/3.3.1; http://yuvi.in/blog"
184.73.60.133 - - [30/Mar/2012:16:22:00 -0700] "GET /blog/cheese-gsoc-report-week-7/trackback HTTP/1.1" 302 0 "" "EC2LinkFinder"
184.73.60.133 - - [30/Mar/2012:16:22:00 -0700] "GET /blog/cheese-gsoc-report-week-7/ HTTP/1.1" 200 4490 "" "EC2LinkFinder"
85.17.88.169 - - [30/Mar/2012:16:22:03 -0700] "POST /blog/wp-cron.php?doing_wp_cron=1333149486 HTTP/1.0" 499 0 "-" "WordPress/3.3.1; http://yuvi.in/blog"
184.73.60.133 - - [30/Mar/2012:16:22:09 -0700] "GET /blog/cheese-gsoc-report-week-5/feed HTTP/1.1" 301 0 "" "EC2LinkFinder"
85.17.88.169 - - [30/Mar/2012:16:22:11 -0700] "POST /blog/wp-cron.php?doing_wp_cron=1333149494 HTTP/1.0" 499 0 "-" "WordPress/3.3.1; http://yuvi.in/blog"
184.73.60.133 - - [30/Mar/2012:16:22:11 -0700] "GET /blog/cheese-gsoc-report-week-5/feed/ HTTP/1.1" 200 507 "" "EC2LinkFinder"
85.17.88.169 - - [30/Mar/2012:16:22:14 -0700] "POST /blog/wp-cron.php?doing_wp_cron=1333149497 HTTP/1.0" 499 0 "-" "WordPress/3.3.1; http://yuvi.in/blog"
184.73.60.133 - - [30/Mar/2012:16:22:14 -0700] "GET /blog/cheese-gsoc-report-week-5/trackback HTTP/1.1" 302 0 "" "EC2LinkFinder"
184.73.60.133 - - [30/Mar/2012:16:22:15 -0700] "GET /blog/cheese-gsoc-report-week-5/ HTTP/1.1" 200 4524 "" "EC2LinkFinder"
85.17.88.169 - - [30/Mar/2012:16:22:18 -0700] "POST /blog/wp-cron.php?doing_wp_cron=1333149501 HTTP/1.0" 499 0 "-" "WordPress/3.3.1; http://yuvi.in/blog"
184.73.60.133 - - [30/Mar/2012:16:22:18 -0700] "GET /blog/cheese-gsoc-report-week-4/feed HTTP/1.1" 301 0 "" "EC2LinkFinder"
85.17.88.169 - - [30/Mar/2012:16:22:20 -0700] "POST /blog/wp-cron.php?doing_wp_cron=1333149503 HTTP/1.0" 499 0 "-" "WordPress/3.3.1; http://yuvi.in/blog"
184.73.60.133 - - [30/Mar/2012:16:22:20 -0700] "GET /blog/cheese-gsoc-report-week-4/feed/ HTTP/1.1" 200 507 "" "EC2LinkFinder"
85.17.88.169 - - [30/Mar/2012:16:22:23 -0700] "POST /blog/wp-cron.php?doing_wp_cron=1333149506 HTTP/1.0" 499 0 "-" "WordPress/3.3.1; http://yuvi.in/blog"
184.73.60.133 - - [30/Mar/2012:16:22:24 -0700] "GET /blog/cheese-gsoc-report-week-4/trackback HTTP/1.1" 302 0 "" "EC2LinkFinder"
184.73.60.133 - - [30/Mar/2012:16:22:24 -0700] "GET /blog/cheese-gsoc-report-week-4/ HTTP/1.1" 200 4266 "" "EC2LinkFinder"
85.17.88.169 - - [30/Mar/2012:16:22:28 -0700] "POST /blog/wp-cron.php?doing_wp_cron=1333149510 HTTP/1.0" 499 0 "-" "WordPress/3.3.1; http://yuvi.in/blog"
184.73.60.133 - - [30/Mar/2012:16:22:28 -0700] "GET /blog/cheese-gsoc-report-week-3/feed HTTP/1.1" 301 0 "" "EC2LinkFinder"
85.17.88.169 - - [30/Mar/2012:16:22:30 -0700] "POST /blog/wp-cron.php?doing_wp_cron=1333149513 HTTP/1.0" 499 0 "-" "WordPress/3.3.1; http://yuvi.in/blog"
184.73.60.133 - - [30/Mar/2012:16:22:30 -0700] "GET /blog/cheese-gsoc-report-week-3/feed/ HTTP/1.1" 200 506 "" "EC2LinkFinder"
