207.46.204.188 - - [16/Mar/2012:16:33:06 -0700] "GET /blog/moving-back-to-wordpress/ HTTP/1.1" 200 4956 "-" "Mozilla/5.0 (compatible; bingbot/2.0; +http://www.bing.com/bingbot.htm)"
69.171.234.5 - - [16/Mar/2012:16:41:23 -0700] "GET /r/ks5 HTTP/1.1" 301 255 "-" "facebookexternalhit/1.1 (+http://www.facebook.com/externalhit_uatext.php)"
69.171.234.7 - - [16/Mar/2012:16:41:24 -0700] "GET /s/ta/ks5/ HTTP/1.1" 302 325 "-" "facebookexternalhit/1.1 (+http://www.facebook.com/externalhit_uatext.php)"
199.19.109.246 - - [16/Mar/2012:16:45:04 -0700] "GET /blog/tag/code.html HTTP/1.0" 200 60902 "http://yuvi.in/blog/tag/code.html" "Mozilla/4.0 (compatible; MSIE 6.0; Windows NT 5.1; SV1; FunWebProducts; MRA 4.6 (build 01425); .NET CLR 1.1.4322; .NET CLR 2.0.50727)"
85.17.88.169 - - [16/Mar/2012:16:45:40 -0700] "POST /blog/wp-cron.php?doing_wp_cron=1331941414 HTTP/1.0" 499 0 "-" "WordPress/3.3.1; http://yuvi.in/blog"
85.17.88.169 - - [16/Mar/2012:16:45:43 -0700] "POST /blog/wp-cron.php?doing_wp_cron=1331941418 HTTP/1.0" 499 0 "-" "WordPress/3.3.1; http://yuvi.in/blog"
209.85.238.115 - - [16/Mar/2012:16:45:44 -0700] "GET /blog/feed/ HTTP/1.1" 304 0 "-" "Feedfetcher-Google; (+http://www.google.com/feedfetcher.html; 19 subscribers; feed-id=15064232456473204253)"
208.115.111.68 - - [16/Mar/2012:16:47:37 -0700] "GET /robots.txt HTTP/1.1" 404 169 "-" "Mozilla/5.0 (compatible; Ezooms/1.0; ezooms.bot@gmail.com)"
85.17.88.169 - - [16/Mar/2012:16:50:36 -0700] "POST /blog/wp-cron.php?doing_wp_cron=1331941710 HTTP/1.0" 499 0 "-" "WordPress/3.3.1; http://yuvi.in/blog"
180.76.5.91 - - [16/Mar/2012:16:50:37 -0700] "GET /blog/trip-to-kerala/ HTTP/1.1" 200 4694 "-" "Mozilla/5.0 (compatible; Baiduspider/2.0; +http://www.baidu.com/search/spider.html)"
85.17.88.169 - - [16/Mar/2012:16:59:38 -0700] "POST /blog/wp-cron.php?doing_wp_cron=1331942252 HTTP/1.0" 499 0 "-" "WordPress/3.3.1; http://yuvi.in/blog"
209.85.224.81 - - [16/Mar/2012:16:59:38 -0700] "GET /blog/feed HTTP/1.1" 304 0 "-" "FeedBurner/1.0 (http://www.FeedBurner.com)"
85.17.88.169 - - [16/Mar/2012:17:07:36 -0700] "POST /blog/wp-cron.php?doing_wp_cron=1331942730 HTTP/1.0" 499 0 "-" "WordPress/3.3.1; http://yuvi.in/blog"
209.85.238.115 - - [16/Mar/2012:17:07:36 -0700] "GET /blog/feed HTTP/1.1" 301 0 "-" "Feedfetcher-Google; (+http://www.google.com/feedfetcher.html; 3 subscribers; feed-id=17684830852112633560)"
85.17.88.169 - - [16/Mar/2012:17:07:38 -0700] "POST /blog/wp-cron.php?doing_wp_cron=1331942733 HTTP/1.0" 499 0 "-" "WordPress/3.3.1; http://yuvi.in/blog"
209.85.238.115 - - [16/Mar/2012:17:07:39 -0700] "GET /blog/feed/ HTTP/1.1" 304 0 "-" "Feedfetcher-Google; (+http://www.google.com/feedfetcher.html; 3 subscribers; feed-id=17684830852112633560)"
85.17.88.169 - - [16/Mar/2012:17:10:24 -0700] "POST /blog/wp-cron.php?doing_wp_cron=1331942898 HTTP/1.0" 499 0 "-" "WordPress/3.3.1; http://yuvi.in/blog"
208.115.113.84 - - [16/Mar/2012:17:10:24 -0700] "GET /blog/broke-nonexistent-law/ HTTP/1.1" 200 28529 "-" "Mozilla/5.0 (compatible; Ezooms/1.0; ezooms.bot@gmail.com)"
85.17.88.169 - - [16/Mar/2012:17:10:32 -0700] "POST /blog/wp-cron.php?doing_wp_cron=1331942906 HTTP/1.0" 499 0 "-" "WordPress/3.3.1; http://yuvi.in/blog"
208.115.113.84 - - [16/Mar/2012:17:10:33 -0700] "GET /blog/tag/answers/feed/ HTTP/1.1" 200 4427 "-" "Mozilla/5.0 (compatible; Ezooms/1.0; ezooms.bot@gmail.com)"
85.17.88.169 - - [16/Mar/2012:17:10:39 -0700] "POST /blog/wp-cron.php?doing_wp_cron=1331942913 HTTP/1.0" 499 0 "-" "WordPress/3.3.1; http://yuvi.in/blog"
208.115.113.84 - - [16/Mar/2012:17:10:39 -0700] "GET /blog/tag/code/ HTTP/1.1" 200 29775 "-" "Mozilla/5.0 (compatible; Ezooms/1.0; ezooms.bot@gmail.com)"
85.17.88.169 - - [16/Mar/2012:17:10:47 -0700] "POST /blog/wp-cron.php?doing_wp_cron=1331942922 HTTP/1.0" 499 0 "-" "WordPress/3.3.1; http://yuvi.in/blog"
208.115.113.84 - - [16/Mar/2012:17:10:48 -0700] "GET /blog/tag/photography/ HTTP/1.1" 200 26346 "-" "Mozilla/5.0 (compatible; Ezooms/1.0; ezooms.bot@gmail.com)"
209.85.224.93 - - [16/Mar/2012:17:12:01 -0700] "GET /stories/feed HTTP/1.1" 200 13653 "-" "FeedBurner/1.0 (http://www.FeedBurner.com)"
222.29.45.52 - - [16/Mar/2012:17:13:08 -0700] "GET /r/5m3 HTTP/1.1" 301 255 "http://ta.wikipedia.org/wiki/%E0%AE%B5%E0%AF%87%E0%AE%B2%E0%AF%81%E0%AE%AA%E0%AF%8D%E0%AE%AA%E0%AE%BF%E0%AE%B3%E0%AF%8D%E0%AE%B3%E0%AF%88_%E0%AE%AA%E0%AE%BF%E0%AE%B0%E0%AE%AA%E0%AE%BE%E0%AE%95%E0%AE%B0%E0%AE%A9%E0%AF%8D" "Mozilla/5.0 (Windows NT 5.1; rv:11.0) Gecko/20100101 Firefox/11.0"
222.29.45.52 - - [16/Mar/2012:17:13:08 -0700] "GET /s/ta/5m3/ HTTP/1.1" 302 521 "http://ta.wikipedia.org/wiki/%E0%AE%B5%E0%AF%87%E0%AE%B2%E0%AF%81%E0%AE%AA%E0%AF%8D%E0%AE%AA%E0%AE%BF%E0%AE%B3%E0%AF%8D%E0%AE%B3%E0%AF%88_%E0%AE%AA%E0%AE%BF%E0%AE%B0%E0%AE%AA%E0%AE%BE%E0%AE%95%E0%AE%B0%E0%AE%A9%E0%AF%8D" "Mozilla/5.0 (Windows NT 5.1; rv:11.0) Gecko/20100101 Firefox/11.0"
117.193.67.77 - - [16/Mar/2012:17:14:44 -0700] "-" 400 0 "-" "-"
80.220.166.211 - - [16/Mar/2012:17:21:44 -0700] "GET /r/8pu HTTP/1.1" 301 255 "http://ta.wikipedia.org/wiki/%E0%AE%95%E0%AE%B0%E0%AF%81%E0%AE%AA%E0%AF%8D%E0%AE%AA%E0%AF%88" "Mozilla/4.0 (compatible; MSIE 8.0; Windows NT 6.1; Trident/4.0; SLCC2; .NET CLR 2.0.50727; .NET CLR 3.5.30729; .NET CLR 3.0.30729; Media Center PC 6.0; InfoPath.2; MS-RTC LM 8)"
80.220.166.211 - - [16/Mar/2012:17:21:45 -0700] "GET /s/ta/8pu/ HTTP/1.1" 302 349 "http://ta.wikipedia.org/wiki/%E0%AE%95%E0%AE%B0%E0%AF%81%E0%AE%AA%E0%AF%8D%E0%AE%AA%E0%AF%88" "Mozilla/4.0 (compatible; MSIE 8.0; Windows NT 6.1; Trident/4.0; SLCC2; .NET CLR 2.0.50727; .NET CLR 3.5.30729; .NET CLR 3.0.30729; Media Center PC 6.0; InfoPath.2; MS-RTC LM 8)"
85.17.88.169 - - [16/Mar/2012:17:29:45 -0700] "POST /blog/wp-cron.php?doing_wp_cron=1331944059 HTTP/1.0" 499 0 "-" "WordPress/3.3.1; http://yuvi.in/blog"
209.85.224.87 - - [16/Mar/2012:17:29:45 -0700] "GET /blog/feed HTTP/1.1" 304 0 "-" "FeedBurner/1.0 (http://www.FeedBurner.com)"
100.43.83.144 - - [16/Mar/2012:17:37:55 -0700] "GET /blog/tag/cheese.html HTTP/1.1" 304 0 "-" "Mozilla/5.0 (compatible; YandexBot/3.0; +http://yandex.com/bots)"
59.92.32.252 - - [16/Mar/2012:17:44:51 -0700] "-" 400 0 "-" "-"
69.171.234.7 - - [16/Mar/2012:17:51:57 -0700] "GET /r/fmf HTTP/1.1" 301 255 "-" "facebookexternalhit/1.1 (+http://www.facebook.com/externalhit_uatext.php)"
69.171.234.6 - - [16/Mar/2012:17:51:58 -0700] "GET /s/ta/fmf/ HTTP/1.1" 302 349 "-" "facebookexternalhit/1.1 (+http://www.facebook.com/externalhit_uatext.php)"
85.17.88.169 - - [16/Mar/2012:17:53:34 -0700] "POST /blog/wp-cron.php?doing_wp_cron=1331945488 HTTP/1.0" 499 0 "-" "WordPress/3.3.1; http://yuvi.in/blog"
209.85.238.115 - - [16/Mar/2012:17:53:35 -0700] "GET /blog/feed/ HTTP/1.1" 304 0 "-" "Feedfetcher-Google; (+http://www.google.com/feedfetcher.html; 19 subscribers; feed-id=15064232456473204253)"
85.17.88.169 - - [16/Mar/2012:17:56:55 -0700] "POST /blog/wp-cron.php?doing_wp_cron=1331945689 HTTP/1.0" 499 0 "-" "WordPress/3.3.1; http://yuvi.in/blog"
180.76.5.55 - - [16/Mar/2012:17:56:55 -0700] "GET /blog/?p=30 HTTP/1.1" 301 0 "-" "Mozilla/5.0 (compatible; Baiduspider/2.0; +http://www.baidu.com/search/spider.html)"
85.17.88.169 - - [16/Mar/2012:17:56:57 -0700] "POST /blog/wp-cron.php?doing_wp_cron=1331945691 HTTP/1.0" 499 0 "-" "WordPress/3.3.1; http://yuvi.in/blog"
180.76.5.63 - - [16/Mar/2012:17:56:58 -0700] "GET /blog/webfaction-review/ HTTP/1.1" 200 4433 "-" "Mozilla/5.0 (compatible; Baiduspider/2.0; +http://www.baidu.com/search/spider.html)"
220.181.108.83 - - [16/Mar/2012:17:59:45 -0700] "GET /blog/six-years-of-blogging-and-eleven-years-of-coding.html HTTP/1.1" 200 2422 "-" "Mozilla/5.0 (compatible; Baiduspider/2.0; +http://www.baidu.com/search/spider.html)"
85.17.88.169 - - [16/Mar/2012:17:59:52 -0700] "POST /blog/wp-cron.php?doing_wp_cron=1331945865 HTTP/1.0" 499 0 "-" "WordPress/3.3.1; http://yuvi.in/blog"
209.85.224.84 - - [16/Mar/2012:17:59:52 -0700] "GET /blog/feed HTTP/1.1" 304 0 "-" "FeedBurner/1.0 (http://www.FeedBurner.com)"
62.87.77.216 - - [16/Mar/2012:18:01:17 -0700] "GET / HTTP/1.1" 200 1430 "-" "Caffeinated/1.0.2 CFNetwork/454.12.4 Darwin/10.8.0 (x86_64) (MacBookPro8%2C1)"
62.87.77.216 - - [16/Mar/2012:18:01:17 -0700] "GET /favicon.ico HTTP/1.1" 404 142 "-" "Caffeinated/1.0.2 CFNetwork/454.12.4 Darwin/10.8.0 (x86_64) (MacBookPro8%2C1)"
85.17.88.169 - - [16/Mar/2012:18:02:02 -0700] "POST /blog/wp-cron.php?doing_wp_cron=1331945996 HTTP/1.0" 499 0 "-" "WordPress/3.3.1; http://yuvi.in/blog"
208.115.111.68 - - [16/Mar/2012:18:02:03 -0700] "GET /blog/devlog-december-2011/ HTTP/1.1" 200 17157 "-" "Mozilla/5.0 (compatible; Ezooms/1.0; ezooms.bot@gmail.com)"
67.215.230.27 - - [16/Mar/2012:18:03:29 -0700] "GET /robots.txt HTTP/1.0" 404 169 "-" "Setooz/Nutch-1.2 (http://www.setooz.com)"
67.215.230.27 - - [16/Mar/2012:18:03:29 -0700] "GET /stories HTTP/1.0" 301 185 "-" "Setooz/Nutch-1.2 (http://www.setooz.com)"
67.215.230.28 - - [16/Mar/2012:18:03:30 -0700] "GET /robots.txt HTTP/1.0" 404 169 "-" "Setooz/Nutch-1.2 (http://www.setooz.com)"
67.215.230.28 - - [16/Mar/2012:18:03:31 -0700] "GET / HTTP/1.0" 200 3439 "-" "Setooz/Nutch-1.2 (http://www.setooz.com)"
85.17.88.169 - - [16/Mar/2012:18:04:15 -0700] "POST /blog/wp-cron.php?doing_wp_cron=1331946129 HTTP/1.0" 499 0 "-" "WordPress/3.3.1; http://yuvi.in/blog"
209.85.238.115 - - [16/Mar/2012:18:04:16 -0700] "GET /blog/feed HTTP/1.1" 301 0 "-" "Feedfetcher-Google; (+http://www.google.com/feedfetcher.html; 3 subscribers; feed-id=17684830852112633560)"
85.17.88.169 - - [16/Mar/2012:18:04:18 -0700] "POST /blog/wp-cron.php?doing_wp_cron=1331946132 HTTP/1.0" 499 0 "-" "WordPress/3.3.1; http://yuvi.in/blog"
209.85.238.115 - - [16/Mar/2012:18:04:19 -0700] "GET /blog/feed/ HTTP/1.1" 304 0 "-" "Feedfetcher-Google; (+http://www.google.com/feedfetcher.html; 3 subscribers; feed-id=17684830852112633560)"
62.87.77.216 - - [16/Mar/2012:18:06:52 -0700] "GET /favicon.ico HTTP/1.1" 404 142 "-" "Caffeinated/1.0.2 CFNetwork/454.12.4 Darwin/10.8.0 (x86_64) (MacBookPro8%2C1)"
100.43.83.144 - - [16/Mar/2012:18:07:04 -0700] "GET /robots.txt HTTP/1.1" 404 238 "-" "Mozilla/5.0 (compatible; YandexBot/3.0; +http://yandex.com/bots)"
85.17.88.169 - - [16/Mar/2012:18:07:04 -0700] "POST /blog/wp-cron.php?doing_wp_cron=1331946298 HTTP/1.0" 499 0 "-" "WordPress/3.3.1; http://yuvi.in/blog"
100.43.83.144 - - [16/Mar/2012:18:07:05 -0700] "GET /blog/cheese-gsoc-report-week-5/ HTTP/1.1" 200 4865 "-" "Mozilla/5.0 (compatible; YandexBot/3.0; +http://yandex.com/bots)"
100.43.83.144 - - [16/Mar/2012:18:07:06 -0700] "GET /r/brs HTTP/1.1" 301 255 "-" "Mozilla/5.0 (compatible; YandexBot/3.0; +http://yandex.com/bots)"
59.161.191.51 - - [16/Mar/2012:18:08:28 -0700] "-" 400 0 "-" "-"
59.161.191.51 - - [16/Mar/2012:18:09:38 -0700] "-" 400 0 "-" "-"
85.17.88.169 - - [16/Mar/2012:18:10:00 -0700] "POST /blog/wp-cron.php?doing_wp_cron=1331946474 HTTP/1.0" 499 0 "-" "WordPress/3.3.1; http://yuvi.in/blog"
97.117.96.3 - - [16/Mar/2012:18:10:01 -0700] "GET /blog/favicon.ico HTTP/1.1" 404 3016 "-" "Mozilla/5.0 (Windows NT 5.1; rv:11.0) Gecko/20100101 Firefox/11.0"
141.0.9.67 - - [16/Mar/2012:18:11:44 -0700] "-" 400 0 "-" "-"
141.0.9.67 - - [16/Mar/2012:18:11:44 -0700] "-" 400 0 "-" "-"
59.161.191.51 - - [16/Mar/2012:18:11:49 -0700] "-" 400 0 "-" "-"
209.85.224.94 - - [16/Mar/2012:18:12:03 -0700] "GET /stories/feed HTTP/1.1" 200 13653 "-" "FeedBurner/1.0 (http://www.FeedBurner.com)"
62.87.77.216 - - [16/Mar/2012:18:12:03 -0700] "GET /favicon.ico HTTP/1.1" 404 142 "-" "Caffeinated/1.0.2 CFNetwork/454.12.4 Darwin/10.8.0 (x86_64) (MacBookPro8%2C1)"
173.3.217.109 - - [16/Mar/2012:18:14:54 -0700] "GET /r/2z3a HTTP/1.1" 301 257 "http://wikimapia.org/15640898/Aryankavu-%E0%AE%86%E0%AE%B0%E0%AE%BF%E0%AE%AF%E0%AE%99%E0%AF%8D%E0%AE%95%E0%AE%BE%E0%AE%B5%E0%AF%81" "Mozilla/5.0 (compatible; MSIE 9.0; Windows NT 6.1; WOW64; Trident/5.0)"
173.3.217.109 - - [16/Mar/2012:18:14:54 -0700] "GET /s/ta/2z3a/ HTTP/1.1" 302 385 "http://wikimapia.org/15640898/Aryankavu-%E0%AE%86%E0%AE%B0%E0%AE%BF%E0%AE%AF%E0%AE%99%E0%AF%8D%E0%AE%95%E0%AE%BE%E0%AE%B5%E0%AF%81" "Mozilla/5.0 (compatible; MSIE 9.0; Windows NT 6.1; WOW64; Trident/5.0)"
115.242.133.157 - - [16/Mar/2012:18:15:35 -0700] "-" 400 0 "-" "-"
62.87.77.216 - - [16/Mar/2012:18:17:15 -0700] "GET /favicon.ico HTTP/1.1" 404 142 "-" "Caffeinated/1.0.2 CFNetwork/454.12.4 Darwin/10.8.0 (x86_64) (MacBookPro8%2C1)"
85.17.88.169 - - [16/Mar/2012:18:19:43 -0700] "POST /blog/wp-cron.php?doing_wp_cron=1331947056 HTTP/1.0" 499 0 "-" "WordPress/3.3.1; http://yuvi.in/blog"
72.229.228.226 - - [16/Mar/2012:18:19:43 -0700] "GET /blog/ HTTP/1.1" 200 9194 "-" "Mozilla/5.0 (X11; Ubuntu; Linux x86_64; rv:10.0) Gecko/20100101 Firefox/10.0"
72.229.228.226 - - [16/Mar/2012:18:19:44 -0700] "GET /blog/wp-content/themes/cleanr/js/jquery.dropdown.js?ver=3.3.1 HTTP/1.1" 200 535 "http://yuvi.in/blog/" "Mozilla/5.0 (X11; Ubuntu; Linux x86_64; rv:10.0) Gecko/20100101 Firefox/10.0"
72.229.228.226 - - [16/Mar/2012:18:19:44 -0700] "GET /blog/wp-content/themes/cleanr/style.css HTTP/1.1" 200 10508 "http://yuvi.in/blog/" "Mozilla/5.0 (X11; Ubuntu; Linux x86_64; rv:10.0) Gecko/20100101 Firefox/10.0"
72.229.228.226 - - [16/Mar/2012:18:19:44 -0700] "GET /blog/wp-content/themes/cleanr/css/960.css HTTP/1.1" 200 3628 "http://yuvi.in/blog/wp-content/themes/cleanr/style.css" "Mozilla/5.0 (X11; Ubuntu; Linux x86_64; rv:10.0) Gecko/20100101 Firefox/10.0"
72.229.228.226 - - [16/Mar/2012:18:19:44 -0700] "GET /blog/wp-content/themes/cleanr/css/reset.css HTTP/1.1" 200 648 "http://yuvi.in/blog/wp-content/themes/cleanr/style.css" "Mozilla/5.0 (X11; Ubuntu; Linux x86_64; rv:10.0) Gecko/20100101 Firefox/10.0"
72.229.228.226 - - [16/Mar/2012:18:19:44 -0700] "GET /blog/wp-content/themes/cleanr/css/text.css HTTP/1.1" 200 420 "http://yuvi.in/blog/wp-content/themes/cleanr/style.css" "Mozilla/5.0 (X11; Ubuntu; Linux x86_64; rv:10.0) Gecko/20100101 Firefox/10.0"
72.229.228.226 - - [16/Mar/2012:18:19:44 -0700] "GET /blog/wp-includes/js/jquery/jquery.js?ver=1.7.1 HTTP/1.1" 200 93889 "http://yuvi.in/blog/" "Mozilla/5.0 (X11; Ubuntu; Linux x86_64; rv:10.0) Gecko/20100101 Firefox/10.0"
72.229.228.226 - - [16/Mar/2012:18:19:45 -0700] "GET /blog/wp-content/themes/cleanr/images/search_magnifier.gif HTTP/1.1" 200 394 "http://yuvi.in/blog/" "Mozilla/5.0 (X11; Ubuntu; Linux x86_64; rv:10.0) Gecko/20100101 Firefox/10.0"
72.229.228.226 - - [16/Mar/2012:18:19:45 -0700] "GET /favicon.ico HTTP/1.1" 404 142 "-" "Mozilla/5.0 (X11; Ubuntu; Linux x86_64; rv:10.0) Gecko/20100101 Firefox/10.0"
72.229.228.226 - - [16/Mar/2012:18:19:45 -0700] "GET /favicon.ico HTTP/1.1" 404 142 "-" "Mozilla/5.0 (X11; Ubuntu; Linux x86_64; rv:10.0) Gecko/20100101 Firefox/10.0"
101.63.213.94 - - [16/Mar/2012:18:20:05 -0700] "-" 400 0 "-" "-"
207.46.204.211 - - [16/Mar/2012:18:22:51 -0700] "-" 400 0 "-" "-"
207.46.204.211 - - [16/Mar/2012:18:22:53 -0700] "-" 400 0 "-" "-"
207.46.204.211 - - [16/Mar/2012:18:22:53 -0700] "-" 400 0 "-" "-"
207.46.204.211 - - [16/Mar/2012:18:22:53 -0700] "-" 400 0 "-" "-"
207.46.204.211 - - [16/Mar/2012:18:22:54 -0700] "-" 400 0 "-" "-"
207.46.204.211 - - [16/Mar/2012:18:22:54 -0700] "-" 400 0 "-" "-"
207.46.204.211 - - [16/Mar/2012:18:22:54 -0700] "-" 400 0 "-" "-"
207.46.204.211 - - [16/Mar/2012:18:22:55 -0700] "-" 400 0 "-" "-"
207.46.204.211 - - [16/Mar/2012:18:22:55 -0700] "-" 400 0 "-" "-"
207.46.204.211 - - [16/Mar/2012:18:23:34 -0700] "-" 400 0 "-" "-"
207.46.204.211 - - [16/Mar/2012:18:23:34 -0700] "-" 400 0 "-" "-"
85.17.88.169 - - [16/Mar/2012:18:24:36 -0700] "POST /blog/wp-cron.php?doing_wp_cron=1331947350 HTTP/1.0" 499 0 "-" "WordPress/3.3.1; http://yuvi.in/blog"
100.43.83.144 - - [16/Mar/2012:18:24:36 -0700] "GET /blog/code-ive-written-so-far/ HTTP/1.1" 200 5083 "-" "Mozilla/5.0 (compatible; YandexBot/3.0; +http://yandex.com/bots)"
85.17.88.169 - - [16/Mar/2012:18:27:17 -0700] "POST /blog/wp-cron.php?doing_wp_cron=1331947511 HTTP/1.0" 499 0 "-" "WordPress/3.3.1; http://yuvi.in/blog"
180.76.5.99 - - [16/Mar/2012:18:27:18 -0700] "GET /blog/why-i-moved-off-arch-on-my-netbook/ HTTP/1.1" 200 4794 "-" "Mozilla/5.0 (compatible; Baiduspider/2.0; +http://www.baidu.com/search/spider.html)"
199.87.252.146 - - [16/Mar/2012:18:29:59 -0700] "GET /robots.txt HTTP/1.1" 404 142 "-" "Mozilla/5.0 (compatible; ScoutJet; +http://www.scoutjet.com/)"
199.87.252.146 - - [16/Mar/2012:18:30:01 -0700] "GET /blog/ HTTP/1.1" 200 9194 "-" "Mozilla/5.0 (compatible; ScoutJet; +http://www.scoutjet.com/)"
199.87.252.146 - - [16/Mar/2012:18:30:04 -0700] "GET /favicon.ico HTTP/1.1" 404 142 "-" "Mozilla/5.0 (compatible; ScoutJet; +http://www.scoutjet.com/)"
85.17.88.169 - - [16/Mar/2012:18:30:06 -0700] "POST /blog/wp-cron.php?doing_wp_cron=1331947680 HTTP/1.0" 499 0 "-" "WordPress/3.3.1; http://yuvi.in/blog"
209.85.224.95 - - [16/Mar/2012:18:30:07 -0700] "GET /blog/feed HTTP/1.1" 304 0 "-" "FeedBurner/1.0 (http://www.FeedBurner.com)"
115.242.133.157 - - [16/Mar/2012:18:31:22 -0700] "-" 400 0 "-" "-"
115.242.133.157 - - [16/Mar/2012:18:31:22 -0700] "-" 400 0 "-" "-"
115.242.133.157 - - [16/Mar/2012:18:31:22 -0700] "-" 400 0 "-" "-"
199.87.252.146 - - [16/Mar/2012:18:32:02 -0700] "GET /stories/ HTTP/1.1" 200 1271 "-" "Mozilla/5.0 (compatible; ScoutJet; +http://www.scoutjet.com/)"
117.193.46.136 - - [16/Mar/2012:18:32:18 -0700] "-" 400 0 "-" "-"
117.193.46.136 - - [16/Mar/2012:18:33:58 -0700] "-" 400 0 "-" "-"
66.249.67.123 - - [16/Mar/2012:18:34:15 -0700] "GET /robots.txt HTTP/1.1" 404 142 "-" "Mozilla/5.0 (compatible; Googlebot/2.1; +http://www.google.com/bot.html)"
66.249.67.123 - - [16/Mar/2012:18:34:15 -0700] "GET / HTTP/1.1" 200 1430 "-" "Mozilla/5.0 (compatible; Googlebot/2.1; +http://www.google.com/bot.html)"
66.249.68.52 - - [16/Mar/2012:18:35:46 -0700] "GET /robots.txt HTTP/1.1" 404 211 "-" "Mozilla/5.0 (compatible; Googlebot/2.1; +http://www.google.com/bot.html)"
184.107.211.34 - - [16/Mar/2012:18:37:55 -0700] "GET /r/9qv HTTP/1.1" 301 255 "-" "-"
184.107.211.34 - - [16/Mar/2012:18:37:55 -0700] "GET /s/ta/9qv/ HTTP/1.1" 302 401 "-" "-"
85.17.88.169 - - [16/Mar/2012:18:40:07 -0700] "POST /blog/wp-cron.php?doing_wp_cron=1331948281 HTTP/1.0" 499 0 "-" "WordPress/3.3.1; http://yuvi.in/blog"
207.46.195.239 - - [16/Mar/2012:18:40:08 -0700] "GET /blog/2011/12/ HTTP/1.1" 200 13429 "-" "Mozilla/5.0 (compatible; bingbot/2.0; +http://www.bing.com/bingbot.htm)"
220.181.108.88 - - [16/Mar/2012:18:40:47 -0700] "GET / HTTP/1.1" 200 3439 "-" "Mozilla/5.0 (compatible; Baiduspider/2.0; +http://www.baidu.com/search/spider.html)"
14.99.81.133 - - [16/Mar/2012:18:41:47 -0700] "-" 400 0 "-" "-"
117.193.242.52 - - [16/Mar/2012:18:43:06 -0700] "-" 400 0 "-" "-"
117.193.242.52 - - [16/Mar/2012:18:43:25 -0700] "-" 400 0 "-" "-"
117.193.242.52 - - [16/Mar/2012:18:43:25 -0700] "-" 400 0 "-" "-"
117.193.242.52 - - [16/Mar/2012:18:43:25 -0700] "-" 400 0 "-" "-"
117.193.242.52 - - [16/Mar/2012:18:43:25 -0700] "-" 400 0 "-" "-"
85.17.88.169 - - [16/Mar/2012:18:44:33 -0700] "POST /blog/wp-cron.php?doing_wp_cron=1331948547 HTTP/1.0" 499 0 "-" "WordPress/3.3.1; http://yuvi.in/blog"
88.210.97.91 - - [16/Mar/2012:18:44:35 -0700] "GET /blog/broke-nonexistent-law/ HTTP/1.1" 200 28530 "-" "Mozilla/5.0 (compatible; Googlebot/2.1; +http://www.google.com/bot.html)"
117.202.129.168 - - [16/Mar/2012:18:45:01 -0700] "-" 400 0 "-" "-"
117.202.129.168 - - [16/Mar/2012:18:46:26 -0700] "-" 400 0 "-" "-"
122.174.50.160 - - [16/Mar/2012:18:47:38 -0700] "-" 400 0 "-" "-"
85.17.88.169 - - [16/Mar/2012:18:47:47 -0700] "POST /blog/wp-cron.php?doing_wp_cron=1331948740 HTTP/1.0" 499 0 "-" "WordPress/3.3.1; http://yuvi.in/blog"
66.249.67.123 - - [16/Mar/2012:18:47:47 -0700] "GET /blog/2011/02/ HTTP/1.1" 200 6450 "-" "Mozilla/5.0 (compatible; Googlebot/2.1; +http://www.google.com/bot.html)"
117.202.129.168 - - [16/Mar/2012:18:47:48 -0700] "-" 400 0 "-" "-"
66.249.67.123 - - [16/Mar/2012:18:50:28 -0700] "GET /blog/how-to-increase-cheese-s-burst-mode-photo-count.html HTTP/1.1" 304 0 "-" "Mozilla/5.0 (iPhone; U; CPU iPhone OS 4_1 like Mac OS X; en-us) AppleWebKit/532.9 (KHTML, like Gecko) Version/4.0.5 Mobile/8B117 Safari/6531.22.7 (compatible; Googlebot-Mobile/2.1; +http://www.google.com/bot.html)"
85.17.88.169 - - [16/Mar/2012:18:55:54 -0700] "POST /blog/wp-cron.php?doing_wp_cron=1331949228 HTTP/1.0" 499 0 "-" "WordPress/3.3.1; http://yuvi.in/blog"
209.85.238.115 - - [16/Mar/2012:18:55:55 -0700] "GET /blog/feed/ HTTP/1.1" 304 0 "-" "Feedfetcher-Google; (+http://www.google.com/feedfetcher.html; 19 subscribers; feed-id=15064232456473204253)"
85.17.88.169 - - [16/Mar/2012:18:59:12 -0700] "POST /blog/wp-cron.php?doing_wp_cron=1331949425 HTTP/1.0" 499 0 "-" "WordPress/3.3.1; http://yuvi.in/blog"
66.249.67.123 - - [16/Mar/2012:18:59:12 -0700] "GET /blog/?dem_action=view HTTP/1.1" 200 10139 "-" "Mozilla/5.0 (compatible; Googlebot/2.1; +http://www.google.com/bot.html)"
85.17.88.169 - - [16/Mar/2012:19:00:13 -0700] "POST /blog/wp-cron.php?doing_wp_cron=1331949487 HTTP/1.0" 499 0 "-" "WordPress/3.3.1; http://yuvi.in/blog"
209.85.224.81 - - [16/Mar/2012:19:00:14 -0700] "GET /blog/feed HTTP/1.1" 304 0 "-" "FeedBurner/1.0 (http://www.FeedBurner.com)"
101.63.255.89 - - [16/Mar/2012:19:01:29 -0700] "-" 400 0 "-" "-"
122.174.3.63 - - [16/Mar/2012:19:01:54 -0700] "-" 400 0 "-" "-"
122.174.3.63 - - [16/Mar/2012:19:01:54 -0700] "-" 400 0 "-" "-"
122.174.3.63 - - [16/Mar/2012:19:01:54 -0700] "-" 400 0 "-" "-"
122.174.3.63 - - [16/Mar/2012:19:01:54 -0700] "-" 400 0 "-" "-"
122.174.3.63 - - [16/Mar/2012:19:01:54 -0700] "-" 400 0 "-" "-"
85.17.88.169 - - [16/Mar/2012:19:02:33 -0700] "POST /blog/wp-cron.php?doing_wp_cron=1331949626 HTTP/1.0" 499 0 "-" "WordPress/3.3.1; http://yuvi.in/blog"
101.226.33.172 - - [16/Mar/2012:19:02:33 -0700] "GET /blog/feed HTTP/1.0" 304 0 "-" "Mozilla/4.0 (compatible; Windows;)"
115.242.164.109 - - [16/Mar/2012:19:04:05 -0700] "-" 400 0 "-" "-"
85.17.88.169 - - [16/Mar/2012:19:05:21 -0700] "POST /blog/wp-cron.php?doing_wp_cron=1331949795 HTTP/1.0" 499 0 "-" "WordPress/3.3.1; http://yuvi.in/blog"
66.249.67.123 - - [16/Mar/2012:19:05:22 -0700] "GET /blog/2010/05/ HTTP/1.1" 200 9422 "-" "Mozilla/5.0 (compatible; Googlebot/2.1; +http://www.google.com/bot.html)"
66.249.68.52 - - [16/Mar/2012:19:05:22 -0700] "GET /s/ta/2gav%3E/ HTTP/1.1" 502 173 "-" "Mozilla/5.0 (compatible; Googlebot/2.1; +http://www.google.com/bot.html)"
85.17.88.169 - - [16/Mar/2012:19:05:37 -0700] "POST /blog/wp-cron.php?doing_wp_cron=1331949811 HTTP/1.0" 499 0 "-" "WordPress/3.3.1; http://yuvi.in/blog"
66.249.67.123 - - [16/Mar/2012:19:05:38 -0700] "GET /blog/tag/yahoo/ HTTP/1.1" 200 4978 "-" "Mozilla/5.0 (compatible; Googlebot/2.1; +http://www.google.com/bot.html)"
85.17.88.169 - - [16/Mar/2012:19:05:40 -0700] "POST /blog/wp-cron.php?doing_wp_cron=1331949814 HTTP/1.0" 499 0 "-" "WordPress/3.3.1; http://yuvi.in/blog"
66.249.67.123 - - [16/Mar/2012:19:05:41 -0700] "GET /blog/program/ HTTP/1.1" 200 8229 "-" "Mozilla/5.0 (compatible; Googlebot/2.1; +http://www.google.com/bot.html)"
113.210.228.131 - - [16/Mar/2012:19:07:20 -0700] "GET /r/12bo HTTP/1.1" 301 257 "-" "Mozilla/5.0 (Windows NT 6.1) AppleWebKit/535.11 (KHTML, like Gecko) Chrome/17.0.963.79 Safari/535.11"
113.210.228.131 - - [16/Mar/2012:19:07:21 -0700] "GET /s/ta/12bo/ HTTP/1.1" 302 337 "-" "Mozilla/5.0 (Windows NT 6.1) AppleWebKit/535.11 (KHTML, like Gecko) Chrome/17.0.963.79 Safari/535.11"
113.210.228.131 - - [16/Mar/2012:19:09:15 -0700] "GET /r/2kii HTTP/1.1" 301 257 "-" "Mozilla/5.0 (Windows NT 6.1) AppleWebKit/535.11 (KHTML, like Gecko) Chrome/17.0.963.79 Safari/535.11"
113.210.228.131 - - [16/Mar/2012:19:09:15 -0700] "GET /s/ta/2kii/ HTTP/1.1" 302 325 "-" "Mozilla/5.0 (Windows NT 6.1) AppleWebKit/535.11 (KHTML, like Gecko) Chrome/17.0.963.79 Safari/535.11"
85.17.88.169 - - [16/Mar/2012:19:11:16 -0700] "POST /blog/wp-cron.php?doing_wp_cron=1331950150 HTTP/1.0" 499 0 "-" "WordPress/3.3.1; http://yuvi.in/blog"
209.85.238.115 - - [16/Mar/2012:19:11:17 -0700] "GET /blog/feed HTTP/1.1" 301 0 "-" "Feedfetcher-Google; (+http://www.google.com/feedfetcher.html; 3 subscribers; feed-id=17684830852112633560)"
85.17.88.169 - - [16/Mar/2012:19:11:19 -0700] "POST /blog/wp-cron.php?doing_wp_cron=1331950152 HTTP/1.0" 499 0 "-" "WordPress/3.3.1; http://yuvi.in/blog"
209.85.238.115 - - [16/Mar/2012:19:11:19 -0700] "GET /blog/feed/ HTTP/1.1" 304 0 "-" "Feedfetcher-Google; (+http://www.google.com/feedfetcher.html; 3 subscribers; feed-id=17684830852112633560)"
209.85.224.92 - - [16/Mar/2012:19:12:06 -0700] "GET /stories/feed HTTP/1.1" 200 13653 "-" "FeedBurner/1.0 (http://www.FeedBurner.com)"
180.76.5.111 - - [16/Mar/2012:19:13:03 -0700] "GET / HTTP/1.1" 304 0 "-" "Mozilla/5.0 (compatible; Baiduspider/2.0; +http://www.baidu.com/search/spider.html)"
184.107.211.34 - - [16/Mar/2012:19:14:00 -0700] "GET /r/n8o HTTP/1.1" 301 255 "-" "-"
184.107.211.34 - - [16/Mar/2012:19:14:00 -0700] "GET /s/ta/n8o/ HTTP/1.1" 302 557 "-" "-"
23.20.135.99 - - [16/Mar/2012:19:14:26 -0700] "GET /blog/cheese-2-31-1-released.html HTTP/1.1" 200 4393 "-" "Mozilla/5.0 (Macintosh; U; Intel Mac OS X 10.6; en-US; rv:1.9.2) Gecko/20100115 Firefox/3.6 (FlipboardProxy/1.1; +http://flipboard.com/browserproxy)"
180.76.5.101 - - [16/Mar/2012:19:16:54 -0700] "GET /blog/anatomy-of-an-impromptu-hackathon-git-vs-svn.html HTTP/1.1" 200 3703 "-" "Mozilla/5.0 (compatible; Baiduspider/2.0; +http://www.baidu.com/search/spider.html)"
65.52.104.19 - - [16/Mar/2012:19:21:17 -0700] "GET /s/ta/1nmq/ HTTP/1.1" 302 365 "-" "Mozilla/5.0 (compatible; bingbot/2.0; +http://www.bing.com/bingbot.htm)"
113.210.228.131 - - [16/Mar/2012:19:23:42 -0700] "GET /r/qlw HTTP/1.1" 301 255 "-" "Mozilla/4.0 (compatible; MSIE 7.0; Windows NT 6.1; Trident/5.0; SLCC2; .NET CLR 2.0.50727; .NET CLR 3.5.30729; .NET CLR 3.0.30729; Media Center PC 6.0; InfoPath.2; ShopperReports 3.1.69.0; SRS_IT_E8790773BC765A5737A996; SRS_IT_E8790773BC765A573FAA98; .NET4.0C; FunWebProducts; FDM)"
113.210.228.131 - - [16/Mar/2012:19:23:42 -0700] "GET /r/qlw HTTP/1.1" 301 255 "-" "Mozilla/4.0 (compatible; MSIE 7.0; Windows NT 6.1; Trident/5.0; SLCC2; .NET CLR 2.0.50727; .NET CLR 3.5.30729; .NET CLR 3.0.30729; Media Center PC 6.0; InfoPath.2; ShopperReports 3.1.69.0; SRS_IT_E8790773BC765A5737A996; SRS_IT_E8790773BC765A573FAA98; .NET4.0C; FunWebProducts; FDM)"
113.210.228.131 - - [16/Mar/2012:19:23:42 -0700] "GET /s/ta/qlw/ HTTP/1.1" 302 373 "-" "Mozilla/4.0 (compatible; MSIE 7.0; Windows NT 6.1; Trident/5.0; SLCC2; .NET CLR 2.0.50727; .NET CLR 3.5.30729; .NET CLR 3.0.30729; Media Center PC 6.0; InfoPath.2; ShopperReports 3.1.69.0; SRS_IT_E8790773BC765A5737A996; SRS_IT_E8790773BC765A573FAA98; .NET4.0C; FunWebProducts; FDM)"
208.115.111.68 - - [16/Mar/2012:19:25:26 -0700] "GET /robots.txt HTTP/1.1" 404 169 "-" "Mozilla/5.0 (compatible; Ezooms/1.0; ezooms.bot@gmail.com)"
117.193.207.228 - - [16/Mar/2012:19:29:26 -0700] "-" 400 0 "-" "-"
85.17.88.169 - - [16/Mar/2012:19:30:22 -0700] "POST /blog/wp-cron.php?doing_wp_cron=1331951295 HTTP/1.0" 499 0 "-" "WordPress/3.3.1; http://yuvi.in/blog"
209.85.224.81 - - [16/Mar/2012:19:30:23 -0700] "GET /blog/feed HTTP/1.1" 304 0 "-" "FeedBurner/1.0 (http://www.FeedBurner.com)"
117.193.207.228 - - [16/Mar/2012:19:31:55 -0700] "-" 400 0 "-" "-"
180.76.5.171 - - [16/Mar/2012:19:33:40 -0700] "GET /blog/-room-full-of-people-like-me.html HTTP/1.1" 200 2482 "-" "Mozilla/5.0 (compatible; Baiduspider/2.0; +http://www.baidu.com/search/spider.html)"
98.180.220.78 - - [16/Mar/2012:19:34:08 -0700] "GET / HTTP/1.1" 200 1430 "-" "Caffeinated/1.1 CFNetwork/520.3.2 Darwin/11.3.0 (x86_64) (MacBookPro8%2C1)"
98.180.220.78 - - [16/Mar/2012:19:34:08 -0700] "GET /favicon.ico HTTP/1.1" 404 142 "-" "Caffeinated/1.1 CFNetwork/520.3.2 Darwin/11.3.0 (x86_64) (MacBookPro8%2C1)"
98.180.220.78 - - [16/Mar/2012:19:34:11 -0700] "GET / HTTP/1.1" 200 1430 "-" "Caffeinated/1.1 CFNetwork/520.3.2 Darwin/11.3.0 (x86_64) (MacBookPro8%2C1)"
98.180.220.78 - - [16/Mar/2012:19:34:11 -0700] "GET /favicon.ico HTTP/1.1" 404 142 "-" "Caffeinated/1.1 CFNetwork/520.3.2 Darwin/11.3.0 (x86_64) (MacBookPro8%2C1)"
98.180.220.78 - - [16/Mar/2012:19:36:18 -0700] "GET / HTTP/1.1" 200 1430 "-" "Caffeinated/1.1 CFNetwork/520.3.2 Darwin/11.3.0 (x86_64) (MacBookPro8%2C1)"
98.180.220.78 - - [16/Mar/2012:19:36:18 -0700] "GET /favicon.ico HTTP/1.1" 404 142 "-" "Caffeinated/1.1 CFNetwork/520.3.2 Darwin/11.3.0 (x86_64) (MacBookPro8%2C1)"
98.180.220.78 - - [16/Mar/2012:19:36:21 -0700] "GET / HTTP/1.1" 200 1430 "-" "Caffeinated/1.1 CFNetwork/520.3.2 Darwin/11.3.0 (x86_64) (MacBookPro8%2C1)"
98.180.220.78 - - [16/Mar/2012:19:36:21 -0700] "GET /favicon.ico HTTP/1.1" 404 142 "-" "Caffeinated/1.1 CFNetwork/520.3.2 Darwin/11.3.0 (x86_64) (MacBookPro8%2C1)"
117.193.207.228 - - [16/Mar/2012:19:37:08 -0700] "-" 400 0 "-" "-"
98.180.220.78 - - [16/Mar/2012:19:38:25 -0700] "GET / HTTP/1.1" 200 1430 "-" "Caffeinated/1.1 CFNetwork/520.3.2 Darwin/11.3.0 (x86_64) (MacBookPro8%2C1)"
98.180.220.78 - - [16/Mar/2012:19:38:25 -0700] "GET /favicon.ico HTTP/1.1" 404 142 "-" "Caffeinated/1.1 CFNetwork/520.3.2 Darwin/11.3.0 (x86_64) (MacBookPro8%2C1)"
98.180.220.78 - - [16/Mar/2012:19:38:28 -0700] "GET / HTTP/1.1" 200 1430 "-" "Caffeinated/1.1 CFNetwork/520.3.2 Darwin/11.3.0 (x86_64) (MacBookPro8%2C1)"
98.180.220.78 - - [16/Mar/2012:19:38:28 -0700] "GET /favicon.ico HTTP/1.1" 404 142 "-" "Caffeinated/1.1 CFNetwork/520.3.2 Darwin/11.3.0 (x86_64) (MacBookPro8%2C1)"
208.115.111.68 - - [16/Mar/2012:19:38:48 -0700] "GET /blog/hackfest-09-expectations.html HTTP/1.1" 200 6001 "-" "Mozilla/5.0 (compatible; Ezooms/1.0; ezooms.bot@gmail.com)"
85.17.88.169 - - [16/Mar/2012:19:39:47 -0700] "POST /blog/wp-cron.php?doing_wp_cron=1331951860 HTTP/1.0" 499 0 "-" "WordPress/3.3.1; http://yuvi.in/blog"
208.80.194.27 - - [16/Mar/2012:19:39:52 -0700] "GET /blog/story-average-indian-techie/ HTTP/1.0" 200 54292 "-" "Mozilla/4.0 (compatible; MSIE 6.0; Windows NT 5.1; FunWebProducts; PeoplePal 3.0)"
98.180.220.78 - - [16/Mar/2012:19:40:39 -0700] "GET / HTTP/1.1" 200 1430 "-" "Caffeinated/1.1 CFNetwork/520.3.2 Darwin/11.3.0 (x86_64) (MacBookPro8%2C1)"
98.180.220.78 - - [16/Mar/2012:19:40:39 -0700] "GET /favicon.ico HTTP/1.1" 404 142 "-" "Caffeinated/1.1 CFNetwork/520.3.2 Darwin/11.3.0 (x86_64) (MacBookPro8%2C1)"
98.180.220.78 - - [16/Mar/2012:19:40:40 -0700] "GET / HTTP/1.1" 200 1430 "-" "Caffeinated/1.1 CFNetwork/520.3.2 Darwin/11.3.0 (x86_64) (MacBookPro8%2C1)"
98.180.220.78 - - [16/Mar/2012:19:40:41 -0700] "GET /favicon.ico HTTP/1.1" 404 142 "-" "Caffeinated/1.1 CFNetwork/520.3.2 Darwin/11.3.0 (x86_64) (MacBookPro8%2C1)"
180.76.5.62 - - [16/Mar/2012:19:42:34 -0700] "GET / HTTP/1.1" 200 3439 "-" "Mozilla/5.0 (compatible; Baiduspider/2.0; +http://www.baidu.com/search/spider.html)"
98.180.220.78 - - [16/Mar/2012:19:42:45 -0700] "GET / HTTP/1.1" 200 1430 "-" "Caffeinated/1.1 CFNetwork/520.3.2 Darwin/11.3.0 (x86_64) (MacBookPro8%2C1)"
98.180.220.78 - - [16/Mar/2012:19:42:45 -0700] "GET /favicon.ico HTTP/1.1" 404 142 "-" "Caffeinated/1.1 CFNetwork/520.3.2 Darwin/11.3.0 (x86_64) (MacBookPro8%2C1)"
98.180.220.78 - - [16/Mar/2012:19:42:48 -0700] "GET / HTTP/1.1" 200 1430 "-" "Caffeinated/1.1 CFNetwork/520.3.2 Darwin/11.3.0 (x86_64) (MacBookPro8%2C1)"
98.180.220.78 - - [16/Mar/2012:19:42:48 -0700] "GET /favicon.ico HTTP/1.1" 404 142 "-" "Caffeinated/1.1 CFNetwork/520.3.2 Darwin/11.3.0 (x86_64) (MacBookPro8%2C1)"
117.193.165.196 - - [16/Mar/2012:19:42:57 -0700] "-" 400 0 "-" "-"
113.210.228.131 - - [16/Mar/2012:19:43:07 -0700] "GET /r/qlw HTTP/1.1" 301 255 "-" "Mozilla/5.0 (Windows NT 6.1) AppleWebKit/535.11 (KHTML, like Gecko) Chrome/17.0.963.79 Safari/535.11"
113.210.228.131 - - [16/Mar/2012:19:43:07 -0700] "GET /s/ta/qlw/ HTTP/1.1" 302 373 "-" "Mozilla/5.0 (Windows NT 6.1) AppleWebKit/535.11 (KHTML, like Gecko) Chrome/17.0.963.79 Safari/535.11"
208.80.194.33 - - [16/Mar/2012:19:44:15 -0700] "GET /blog/wp-includes/js/jquery/jquery.js HTTP/1.0" 200 93889 "-" "Mozilla/4.0 (compatible; MSIE 6.0; Windows NT 5.1; SpamBlockerUtility 4.7.7)"
98.180.220.78 - - [16/Mar/2012:19:44:34 -0700] "GET / HTTP/1.1" 200 1430 "-" "Caffeinated/1.1 CFNetwork/520.3.2 Darwin/11.3.0 (x86_64) (MacBookPro8%2C1)"
98.180.220.78 - - [16/Mar/2012:19:44:34 -0700] "GET /favicon.ico HTTP/1.1" 404 142 "-" "Caffeinated/1.1 CFNetwork/520.3.2 Darwin/11.3.0 (x86_64) (MacBookPro8%2C1)"
98.180.220.78 - - [16/Mar/2012:19:44:37 -0700] "GET / HTTP/1.1" 200 1430 "-" "Caffeinated/1.1 CFNetwork/520.3.2 Darwin/11.3.0 (x86_64) (MacBookPro8%2C1)"
98.180.220.78 - - [16/Mar/2012:19:44:37 -0700] "GET /favicon.ico HTTP/1.1" 404 142 "-" "Caffeinated/1.1 CFNetwork/520.3.2 Darwin/11.3.0 (x86_64) (MacBookPro8%2C1)"
115.184.86.119 - - [16/Mar/2012:19:45:37 -0700] "-" 400 0 "-" "-"
115.184.86.119 - - [16/Mar/2012:19:45:37 -0700] "-" 400 0 "-" "-"
115.184.86.119 - - [16/Mar/2012:19:45:37 -0700] "-" 400 0 "-" "-"
115.184.86.119 - - [16/Mar/2012:19:45:37 -0700] "-" 400 0 "-" "-"
117.193.165.196 - - [16/Mar/2012:19:45:57 -0700] "-" 400 0 "-" "-"
117.193.165.196 - - [16/Mar/2012:19:45:57 -0700] "-" 400 0 "-" "-"
117.193.165.196 - - [16/Mar/2012:19:45:57 -0700] "-" 400 0 "-" "-"
85.17.88.169 - - [16/Mar/2012:19:46:13 -0700] "POST /blog/wp-cron.php?doing_wp_cron=1331952246 HTTP/1.0" 499 0 "-" "WordPress/3.3.1; http://yuvi.in/blog"
65.52.109.146 - - [16/Mar/2012:19:46:16 -0700] "GET /blog/devlog-december-26-2011/trackback/ HTTP/1.1" 302 0 "-" "Mozilla/5.0 (compatible; bingbot/2.0; +http://www.bing.com/bingbot.htm)"
157.55.112.202 - - [16/Mar/2012:19:46:30 -0700] "-" 400 0 "-" "-"
157.55.112.202 - - [16/Mar/2012:19:46:31 -0700] "-" 400 0 "-" "-"
157.55.112.202 - - [16/Mar/2012:19:46:31 -0700] "-" 400 0 "-" "-"
157.55.112.202 - - [16/Mar/2012:19:46:32 -0700] "-" 400 0 "-" "-"
157.55.112.202 - - [16/Mar/2012:19:46:32 -0700] "-" 400 0 "-" "-"
157.55.112.202 - - [16/Mar/2012:19:46:32 -0700] "-" 400 0 "-" "-"
157.55.112.202 - - [16/Mar/2012:19:46:32 -0700] "-" 400 0 "-" "-"
157.55.112.202 - - [16/Mar/2012:19:46:32 -0700] "-" 400 0 "-" "-"
157.55.112.202 - - [16/Mar/2012:19:46:32 -0700] "-" 400 0 "-" "-"
157.55.112.202 - - [16/Mar/2012:19:46:32 -0700] "-" 400 0 "-" "-"
157.55.112.202 - - [16/Mar/2012:19:46:51 -0700] "-" 400 0 "-" "-"
117.193.165.196 - - [16/Mar/2012:19:47:17 -0700] "-" 400 0 "-" "-"
117.193.165.196 - - [16/Mar/2012:19:47:17 -0700] "-" 400 0 "-" "-"
117.193.165.196 - - [16/Mar/2012:19:47:17 -0700] "-" 400 0 "-" "-"
117.193.165.196 - - [16/Mar/2012:19:47:17 -0700] "-" 400 0 "-" "-"
115.184.86.119 - - [16/Mar/2012:19:47:27 -0700] "-" 400 0 "-" "-"
117.193.165.196 - - [16/Mar/2012:19:47:37 -0700] "-" 400 0 "-" "-"
115.184.86.119 - - [16/Mar/2012:19:47:37 -0700] "-" 400 0 "-" "-"
115.184.86.119 - - [16/Mar/2012:19:47:37 -0700] "-" 400 0 "-" "-"
115.184.86.119 - - [16/Mar/2012:19:47:37 -0700] "-" 400 0 "-" "-"
115.184.86.119 - - [16/Mar/2012:19:47:37 -0700] "-" 400 0 "-" "-"
122.164.50.36 - - [16/Mar/2012:19:48:18 -0700] "-" 400 0 "-" "-"
117.193.165.196 - - [16/Mar/2012:19:48:37 -0700] "-" 400 0 "-" "-"
117.193.165.196 - - [16/Mar/2012:19:48:37 -0700] "-" 400 0 "-" "-"
117.193.165.196 - - [16/Mar/2012:19:48:37 -0700] "-" 400 0 "-" "-"
115.184.86.119 - - [16/Mar/2012:19:48:47 -0700] "-" 400 0 "-" "-"
117.193.165.196 - - [16/Mar/2012:19:49:07 -0700] "-" 400 0 "-" "-"
117.193.165.196 - - [16/Mar/2012:19:49:07 -0700] "-" 400 0 "-" "-"
122.164.50.36 - - [16/Mar/2012:19:49:28 -0700] "-" 400 0 "-" "-"
117.193.165.196 - - [16/Mar/2012:19:49:57 -0700] "-" 400 0 "-" "-"
117.193.165.196 - - [16/Mar/2012:19:49:57 -0700] "-" 400 0 "-" "-"
115.184.86.119 - - [16/Mar/2012:19:49:57 -0700] "-" 400 0 "-" "-"
14.99.208.34 - - [16/Mar/2012:19:50:24 -0700] "-" 400 0 "-" "-"
14.99.208.34 - - [16/Mar/2012:19:50:24 -0700] "-" 400 0 "-" "-"
14.99.208.34 - - [16/Mar/2012:19:50:24 -0700] "-" 400 0 "-" "-"
14.99.208.34 - - [16/Mar/2012:19:50:24 -0700] "-" 400 0 "-" "-"
14.99.208.34 - - [16/Mar/2012:19:50:24 -0700] "-" 400 0 "-" "-"
122.164.50.36 - - [16/Mar/2012:19:50:28 -0700] "-" 400 0 "-" "-"
85.17.88.169 - - [16/Mar/2012:19:50:52 -0700] "POST /blog/wp-cron.php?doing_wp_cron=1331952525 HTTP/1.0" 499 0 "-" "WordPress/3.3.1; http://yuvi.in/blog"
193.164.138.35 - - [16/Mar/2012:19:50:53 -0700] "GET /blog/working-big-co-unsatisfying/ HTTP/1.1" 200 18532 "-" "Zemanta Aggregator/0.7 +http://www.zemanta.com"
93.150.136.211 - - [16/Mar/2012:19:51:01 -0700] "GET /blog/story-average-indian-techie/ HTTP/1.1" 200 54372 "-" "Mozilla/5.0 (compatible; Googlebot/2.1; +http://www.google.com/bot.html)"
14.99.208.34 - - [16/Mar/2012:19:51:04 -0700] "-" 400 0 "-" "-"
122.164.50.36 - - [16/Mar/2012:19:51:08 -0700] "-" 400 0 "-" "-"
193.164.138.85 - - [16/Mar/2012:19:51:15 -0700] "GET /blog/working-big-co-unsatisfying/ HTTP/1.1" 200 18545 "-" "Zemanta Aggregator/0.7 +http://www.zemanta.com"
117.193.165.196 - - [16/Mar/2012:19:52:17 -0700] "-" 400 0 "-" "-"
115.184.86.119 - - [16/Mar/2012:19:52:17 -0700] "-" 400 0 "-" "-"
115.184.86.119 - - [16/Mar/2012:19:52:17 -0700] "-" 400 0 "-" "-"
115.184.86.119 - - [16/Mar/2012:19:52:17 -0700] "-" 400 0 "-" "-"
115.184.86.119 - - [16/Mar/2012:19:52:17 -0700] "-" 400 0 "-" "-"
115.184.86.119 - - [16/Mar/2012:19:52:17 -0700] "-" 400 0 "-" "-"
115.184.86.119 - - [16/Mar/2012:19:52:17 -0700] "-" 400 0 "-" "-"
115.184.86.119 - - [16/Mar/2012:19:52:37 -0700] "-" 400 0 "-" "-"
122.164.50.36 - - [16/Mar/2012:19:53:08 -0700] "-" 400 0 "-" "-"
180.76.5.103 - - [16/Mar/2012:19:53:28 -0700] "GET /stories/tag/love.html HTTP/1.1" 304 0 "-" "Mozilla/5.0 (compatible; Baiduspider/2.0; +http://www.baidu.com/search/spider.html)"
115.184.86.119 - - [16/Mar/2012:19:54:17 -0700] "-" 400 0 "-" "-"
122.164.50.36 - - [16/Mar/2012:19:55:18 -0700] "-" 400 0 "-" "-"
208.80.194.35 - - [16/Mar/2012:19:57:14 -0700] "GET /r/2rvb HTTP/1.0" 301 257 "-" "Mozilla/4.0 (compatible; MSIE 7.0; Windows NT 5.1; {24FAD8A4-B663-EA51-14C7-203047DAFEB9}; .NET CLR 1.1.4322)"
117.193.207.228 - - [16/Mar/2012:19:58:26 -0700] "-" 400 0 "-" "-"
208.80.194.35 - - [16/Mar/2012:19:58:36 -0700] "GET /s/ta/2rvb/ HTTP/1.0" 302 505 "-" "Mozilla/4.0 (compatible; MSIE 6.0; Windows NT 5.1; SV1; FunWebProducts; (R1 1.5); .NET CLR 1.0.3705; Media Center PC 2.8; .NET CLR 1.1.4322)"
85.17.88.169 - - [16/Mar/2012:19:58:40 -0700] "POST /blog/wp-cron.php?doing_wp_cron=1331952993 HTTP/1.0" 499 0 "-" "WordPress/3.3.1; http://yuvi.in/blog"
213.186.127.13 - - [16/Mar/2012:19:58:40 -0700] "GET /blog/2009/07/ HTTP/1.1" 200 10287 "-" "Mozilla/5.0 (compatible; AhrefsBot/2.0; +http://ahrefs.com/robot/)"
85.17.88.169 - - [16/Mar/2012:20:00:30 -0700] "POST /blog/wp-cron.php?doing_wp_cron=1331953103 HTTP/1.0" 499 0 "-" "WordPress/3.3.1; http://yuvi.in/blog"
209.85.224.95 - - [16/Mar/2012:20:00:31 -0700] "GET /blog/feed HTTP/1.1" 304 0 "-" "FeedBurner/1.0 (http://www.FeedBurner.com)"
85.17.88.169 - - [16/Mar/2012:20:01:25 -0700] "POST /blog/wp-cron.php?doing_wp_cron=1331953158 HTTP/1.0" 499 0 "-" "WordPress/3.3.1; http://yuvi.in/blog"
209.85.238.115 - - [16/Mar/2012:20:01:25 -0700] "GET /blog/feed/ HTTP/1.1" 304 0 "-" "Feedfetcher-Google; (+http://www.google.com/feedfetcher.html; 19 subscribers; feed-id=15064232456473204253)"
208.115.113.84 - - [16/Mar/2012:20:03:06 -0700] "GET /robots.txt HTTP/1.1" 404 169 "-" "Mozilla/5.0 (compatible; Ezooms/1.0; ezooms.bot@gmail.com)"
117.193.98.68 - - [16/Mar/2012:20:06:07 -0700] "-" 400 0 "-" "-"
208.80.194.27 - - [16/Mar/2012:20:06:11 -0700] "GET /blog/story-average-indian-techie/ HTTP/1.0" 200 54312 "-" "Mozilla/4.0 (compatible; MSIE 6.0; Windows NT 5.1; SV1; FunWebProducts; SIMBAR={8FB92CFA-F26A-427e-9774-D545066FD6AF}; .NET CLR 1.1.4322; InfoPath.1; HbTools 4.8.4)"
117.193.98.68 - - [16/Mar/2012:20:07:47 -0700] "-" 400 0 "-" "-"
157.55.16.56 - - [16/Mar/2012:20:08:34 -0700] "GET /robots.txt HTTP/1.1" 404 169 "-" "Mozilla/5.0 (compatible; bingbot/2.0; +http://www.bing.com/bingbot.htm)"
85.17.88.169 - - [16/Mar/2012:20:09:01 -0700] "POST /blog/wp-cron.php?doing_wp_cron=1331953614 HTTP/1.0" 499 0 "-" "WordPress/3.3.1; http://yuvi.in/blog"
157.55.16.56 - - [16/Mar/2012:20:09:02 -0700] "GET /blog/infosys-tcs-or-wipro-none/feed/ HTTP/1.1" 200 4735 "-" "Mozilla/5.0 (compatible; bingbot/2.0; +http://www.bing.com/bingbot.htm)"
117.193.98.68 - - [16/Mar/2012:20:10:47 -0700] "-" 400 0 "-" "-"
117.193.98.68 - - [16/Mar/2012:20:10:47 -0700] "-" 400 0 "-" "-"
117.193.98.68 - - [16/Mar/2012:20:10:47 -0700] "-" 400 0 "-" "-"
117.193.98.68 - - [16/Mar/2012:20:10:47 -0700] "-" 400 0 "-" "-"
209.85.224.99 - - [16/Mar/2012:20:12:11 -0700] "GET /stories/feed HTTP/1.1" 200 13653 "-" "FeedBurner/1.0 (http://www.FeedBurner.com)"
85.17.88.169 - - [16/Mar/2012:20:13:34 -0700] "POST /blog/wp-cron.php?doing_wp_cron=1331953887 HTTP/1.0" 499 0 "-" "WordPress/3.3.1; http://yuvi.in/blog"
94.228.34.248 - - [16/Mar/2012:20:13:35 -0700] "GET /blog/ HTTP/1.1" 200 10128 "-" "magpie-crawler/1.1 (U; Linux amd64; en-GB; +http://www.brandwatch.net)"
117.193.98.68 - - [16/Mar/2012:20:14:07 -0700] "-" 400 0 "-" "-"
117.193.98.68 - - [16/Mar/2012:20:14:07 -0700] "-" 400 0 "-" "-"
117.193.98.68 - - [16/Mar/2012:20:14:07 -0700] "-" 400 0 "-" "-"
117.193.98.68 - - [16/Mar/2012:20:14:07 -0700] "-" 400 0 "-" "-"
117.193.98.68 - - [16/Mar/2012:20:14:07 -0700] "-" 400 0 "-" "-"
122.174.21.64 - - [16/Mar/2012:20:14:21 -0700] "-" 400 0 "-" "-"
85.17.88.169 - - [16/Mar/2012:20:16:06 -0700] "POST /blog/wp-cron.php?doing_wp_cron=1331954040 HTTP/1.0" 499 0 "-" "WordPress/3.3.1; http://yuvi.in/blog"
209.85.238.115 - - [16/Mar/2012:20:16:07 -0700] "GET /blog/feed HTTP/1.1" 301 0 "-" "Feedfetcher-Google; (+http://www.google.com/feedfetcher.html; 3 subscribers; feed-id=17684830852112633560)"
85.17.88.169 - - [16/Mar/2012:20:16:09 -0700] "POST /blog/wp-cron.php?doing_wp_cron=1331954042 HTTP/1.0" 499 0 "-" "WordPress/3.3.1; http://yuvi.in/blog"
209.85.238.115 - - [16/Mar/2012:20:16:10 -0700] "GET /blog/feed/ HTTP/1.1" 304 0 "-" "Feedfetcher-Google; (+http://www.google.com/feedfetcher.html; 3 subscribers; feed-id=17684830852112633560)"
117.193.47.186 - - [16/Mar/2012:20:16:43 -0700] "-" 400 0 "-" "-"
85.17.88.169 - - [16/Mar/2012:20:17:29 -0700] "POST /blog/wp-cron.php?doing_wp_cron=1331954123 HTTP/1.0" 499 0 "-" "WordPress/3.3.1; http://yuvi.in/blog"
208.115.113.84 - - [16/Mar/2012:20:17:30 -0700] "GET /blog/devlog-december-26-2011/feed/ HTTP/1.1" 200 783 "-" "Mozilla/5.0 (compatible; Ezooms/1.0; ezooms.bot@gmail.com)"
117.193.98.68 - - [16/Mar/2012:20:19:07 -0700] "-" 400 0 "-" "-"
208.115.113.84 - - [16/Mar/2012:20:20:02 -0700] "GET /blog/devlog-feb-2011.html HTTP/1.1" 200 7216 "-" "Mozilla/5.0 (compatible; Ezooms/1.0; ezooms.bot@gmail.com)"
122.164.174.227 - - [16/Mar/2012:20:23:23 -0700] "-" 400 0 "-" "-"
85.17.88.169 - - [16/Mar/2012:20:24:06 -0700] "POST /blog/wp-cron.php?doing_wp_cron=1331954519 HTTP/1.0" 499 0 "-" "WordPress/3.3.1; http://yuvi.in/blog"
180.76.5.50 - - [16/Mar/2012:20:24:07 -0700] "GET /blog/2011/08/22/ HTTP/1.1" 200 4220 "-" "Mozilla/5.0 (compatible; Baiduspider/2.0; +http://www.baidu.com/search/spider.html)"
85.17.88.169 - - [16/Mar/2012:20:25:02 -0700] "POST /blog/wp-cron.php?doing_wp_cron=1331954576 HTTP/1.0" 499 0 "-" "WordPress/3.3.1; http://yuvi.in/blog"
66.135.57.47 - - [16/Mar/2012:20:25:03 -0700] "GET /blog/my-vimrc/ HTTP/1.0" 200 16009 "-" "Mozilla/5.0 (Windows; U; Windows NT 5.1; rv:1.7.3) Gecko/20041001 Firefox/0.10.1"
85.17.88.169 - - [16/Mar/2012:20:25:06 -0700] "POST /blog/wp-cron.php?doing_wp_cron=1331954579 HTTP/1.0" 499 0 "-" "WordPress/3.3.1; http://yuvi.in/blog"
66.135.57.47 - - [16/Mar/2012:20:25:06 -0700] "GET /blog/college-drop/ HTTP/1.0" 200 18395 "-" "Mozilla/5.0 (Windows; U; Windows NT 5.1; rv:1.7.3) Gecko/20041001 Firefox/0.10.1"
85.17.88.169 - - [16/Mar/2012:20:25:09 -0700] "POST /blog/wp-cron.php?doing_wp_cron=1331954582 HTTP/1.0" 499 0 "-" "WordPress/3.3.1; http://yuvi.in/blog"
66.135.57.47 - - [16/Mar/2012:20:25:10 -0700] "GET /blog/passing-headers-proxying-nginx/ HTTP/1.0" 200 16690 "-" "Mozilla/5.0 (Windows; U; Windows NT 5.1; rv:1.7.3) Gecko/20041001 Firefox/0.10.1"
85.17.88.169 - - [16/Mar/2012:20:25:12 -0700] "POST /blog/wp-cron.php?doing_wp_cron=1331954585 HTTP/1.0" 499 0 "-" "WordPress/3.3.1; http://yuvi.in/blog"
66.135.57.47 - - [16/Mar/2012:20:25:13 -0700] "GET /blog/program/ HTTP/1.0" 200 27214 "-" "Mozilla/5.0 (Windows; U; Windows NT 5.1; rv:1.7.3) Gecko/20041001 Firefox/0.10.1"
85.17.88.169 - - [16/Mar/2012:20:25:16 -0700] "POST /blog/wp-cron.php?doing_wp_cron=1331954589 HTTP/1.0" 499 0 "-" "WordPress/3.3.1; http://yuvi.in/blog"
66.135.57.47 - - [16/Mar/2012:20:25:17 -0700] "GET /blog/devlog-december-26-2011/ HTTP/1.0" 200 16694 "-" "Mozilla/5.0 (Windows; U; Windows NT 5.1; rv:1.7.3) Gecko/20041001 Firefox/0.10.1"
85.17.88.169 - - [16/Mar/2012:20:25:19 -0700] "POST /blog/wp-cron.php?doing_wp_cron=1331954592 HTTP/1.0" 499 0 "-" "WordPress/3.3.1; http://yuvi.in/blog"
66.135.57.47 - - [16/Mar/2012:20:25:20 -0700] "GET /blog/devlog-december-23-2011/ HTTP/1.0" 200 16517 "-" "Mozilla/5.0 (Windows; U; Windows NT 5.1; rv:1.7.3) Gecko/20041001 Firefox/0.10.1"
85.17.88.169 - - [16/Mar/2012:20:25:22 -0700] "POST /blog/wp-cron.php?doing_wp_cron=1331954595 HTTP/1.0" 499 0 "-" "WordPress/3.3.1; http://yuvi.in/blog"
66.135.57.47 - - [16/Mar/2012:20:25:23 -0700] "GET /blog/devlog-december-21-2011/ HTTP/1.0" 200 17121 "-" "Mozilla/5.0 (Windows; U; Windows NT 5.1; rv:1.7.3) Gecko/20041001 Firefox/0.10.1"
85.17.88.169 - - [16/Mar/2012:20:25:25 -0700] "POST /blog/wp-cron.php?doing_wp_cron=1331954598 HTTP/1.0" 499 0 "-" "WordPress/3.3.1; http://yuvi.in/blog"
66.135.57.47 - - [16/Mar/2012:20:25:26 -0700] "GET /blog/devlog-december-11-2011/ HTTP/1.0" 200 16592 "-" "Mozilla/5.0 (Windows; U; Windows NT 5.1; rv:1.7.3) Gecko/20041001 Firefox/0.10.1"
85.17.88.169 - - [16/Mar/2012:20:25:29 -0700] "POST /blog/wp-cron.php?doing_wp_cron=1331954602 HTTP/1.0" 499 0 "-" "WordPress/3.3.1; http://yuvi.in/blog"
66.135.57.47 - - [16/Mar/2012:20:25:30 -0700] "GET /blog/devlog-december-10-2011/ HTTP/1.0" 200 16387 "-" "Mozilla/5.0 (Windows; U; Windows NT 5.1; rv:1.7.3) Gecko/20041001 Firefox/0.10.1"
85.17.88.169 - - [16/Mar/2012:20:25:32 -0700] "POST /blog/wp-cron.php?doing_wp_cron=1331954605 HTTP/1.0" 499 0 "-" "WordPress/3.3.1; http://yuvi.in/blog"
66.135.57.47 - - [16/Mar/2012:20:25:33 -0700] "GET /blog/devlog-december-7-2011/ HTTP/1.0" 200 16833 "-" "Mozilla/5.0 (Windows; U; Windows NT 5.1; rv:1.7.3) Gecko/20041001 Firefox/0.10.1"
122.174.21.64 - - [16/Mar/2012:20:26:12 -0700] "-" 400 0 "-" "-"
115.242.234.65 - - [16/Mar/2012:20:26:56 -0700] "-" 400 0 "-" "-"
115.242.234.65 - - [16/Mar/2012:20:26:56 -0700] "-" 400 0 "-" "-"
115.242.234.65 - - [16/Mar/2012:20:26:56 -0700] "-" 400 0 "-" "-"
115.242.234.65 - - [16/Mar/2012:20:27:16 -0700] "-" 400 0 "-" "-"
115.242.234.65 - - [16/Mar/2012:20:27:16 -0700] "-" 400 0 "-" "-"
115.242.234.65 - - [16/Mar/2012:20:27:16 -0700] "-" 400 0 "-" "-"
115.242.234.65 - - [16/Mar/2012:20:28:16 -0700] "-" 400 0 "-" "-"
117.193.98.68 - - [16/Mar/2012:20:28:47 -0700] "-" 400 0 "-" "-"
115.242.234.65 - - [16/Mar/2012:20:29:26 -0700] "-" 400 0 "-" "-"
122.164.248.104 - - [16/Mar/2012:20:29:55 -0700] "-" 400 0 "-" "-"
149.154.158.142 - - [16/Mar/2012:20:30:18 -0700] "GET /robots.txt HTTP/1.0" 404 169 "-" "Mozilla/5.0 (compatible; MJ12bot/v1.4.2; http://www.majestic12.co.uk/bot.php?+)"
149.154.158.142 - - [16/Mar/2012:20:30:20 -0700] "GET /blog/devlog-jan-2011.html HTTP/1.0" 200 10437 "-" "Mozilla/5.0 (compatible; MJ12bot/v1.4.2; http://www.majestic12.co.uk/bot.php?+)"
149.154.158.142 - - [16/Mar/2012:20:30:22 -0700] "GET /blog/enthusiastic-teachers-and-naive-implementation-of-gauss-seidel-approximations.html HTTP/1.0" 200 6947 "-" "Mozilla/5.0 (compatible; MJ12bot/v1.4.2; http://www.majestic12.co.uk/bot.php?+)"
149.154.158.142 - - [16/Mar/2012:20:30:23 -0700] "GET /blog/functional-programming-geekweekend-at-thoughtworks.html HTTP/1.0" 200 9313 "-" "Mozilla/5.0 (compatible; MJ12bot/v1.4.2; http://www.majestic12.co.uk/bot.php?+)"
149.154.158.142 - - [16/Mar/2012:20:30:25 -0700] "GET /blog/nen-first-dot-2010-what-i-learnt.html HTTP/1.0" 200 8854 "-" "Mozilla/5.0 (compatible; MJ12bot/v1.4.2; http://www.majestic12.co.uk/bot.php?+)"
149.154.158.142 - - [16/Mar/2012:20:30:27 -0700] "GET /blog/serendipity.html HTTP/1.0" 200 5833 "-" "Mozilla/5.0 (compatible; MJ12bot/v1.4.2; http://www.majestic12.co.uk/bot.php?+)"
85.17.88.169 - - [16/Mar/2012:20:30:42 -0700] "POST /blog/wp-cron.php?doing_wp_cron=1331954915 HTTP/1.0" 499 0 "-" "WordPress/3.3.1; http://yuvi.in/blog"
209.85.224.99 - - [16/Mar/2012:20:30:43 -0700] "GET /blog/feed HTTP/1.1" 304 0 "-" "FeedBurner/1.0 (http://www.FeedBurner.com)"
180.76.5.178 - - [16/Mar/2012:20:32:45 -0700] "GET /r/15i1 HTTP/1.1" 301 257 "-" "Mozilla/5.0 (compatible; Baiduspider/2.0; +http://www.baidu.com/search/spider.html)"
180.76.5.162 - - [16/Mar/2012:20:32:46 -0700] "GET /s/ta/15i1/ HTTP/1.1" 302 449 "-" "Mozilla/5.0 (compatible; Baiduspider/2.0; +http://www.baidu.com/search/spider.html)"
122.174.107.139 - - [16/Mar/2012:20:32:53 -0700] "-" 400 0 "-" "-"
117.193.98.68 - - [16/Mar/2012:20:33:17 -0700] "-" 400 0 "-" "-"
117.193.98.68 - - [16/Mar/2012:20:33:37 -0700] "-" 400 0 "-" "-"
93.185.177.68 - - [16/Mar/2012:20:34:17 -0700] "GET / HTTP/1.1" 200 1430 "-" "Reeder/1010.59.00 CFNetwork/520.3.2 Darwin/11.3.0 (x86_64) (MacBookPro8%2C1)"
93.185.177.68 - - [16/Mar/2012:20:34:17 -0700] "GET /apple-touch-icon.png HTTP/1.1" 404 142 "-" "Reeder/1010.59.00 CFNetwork/520.3.2 Darwin/11.3.0 (x86_64) (MacBookPro8%2C1)"
93.185.177.68 - - [16/Mar/2012:20:34:17 -0700] "GET /apple-touch-icon-precomposed.png HTTP/1.1" 404 142 "-" "Reeder/1010.59.00 CFNetwork/520.3.2 Darwin/11.3.0 (x86_64) (MacBookPro8%2C1)"
122.164.248.104 - - [16/Mar/2012:20:37:05 -0700] "-" 400 0 "-" "-"
122.164.248.104 - - [16/Mar/2012:20:37:05 -0700] "-" 400 0 "-" "-"
122.164.248.104 - - [16/Mar/2012:20:37:05 -0700] "-" 400 0 "-" "-"
122.164.248.104 - - [16/Mar/2012:20:37:05 -0700] "-" 400 0 "-" "-"
122.165.66.82 - - [16/Mar/2012:20:37:32 -0700] "-" 400 0 "-" "-"
117.193.98.68 - - [16/Mar/2012:20:41:38 -0700] "-" 400 0 "-" "-"
